Java HotSpot(TM) 64-Bit Server VM (24.80-b11) for linux-amd64 JRE (1.7.0_80-b15), built on Apr 10 2015 19:53:14 by "java_re" with gcc 4.3.0 20080428 (Red Hat 4.3.0-8)
Memory: 4k page, physical 8000092k(5576380k free), swap 8218620k(8218620k free)
CommandLine flags: -XX:+CMSParallelRemarkEnabled -XX:InitialHeapSize=376360960 -XX:MaxHeapSize=376360960 -XX:+PrintGC -XX:+PrintGCApplicationConcurrentTime -XX:+PrintGCApplicationStoppedTime -XX:+PrintGCDetails -XX:+PrintGCTimeStamps -XX:-UseAdaptiveSizePolicy -XX:+UseCompressedOops -XX:+UseParallelGC 
1.008: Application time: 0.9853510 seconds
1.008: Total time for which application threads were stopped: 0.0000490 seconds, Stopping threads took: 0.0000170 seconds
4.028: Application time: 3.0200160 seconds
4.028: Total time for which application threads were stopped: 0.0000770 seconds, Stopping threads took: 0.0000110 seconds
15.113: Application time: 11.0847490 seconds
15.113: Total time for which application threads were stopped: 0.0000220 seconds, Stopping threads took: 0.0000070 seconds
15.113: Application time: 0.0000640 seconds
15.113: Total time for which application threads were stopped: 0.0000240 seconds, Stopping threads took: 0.0000080 seconds
15.114: Application time: 0.0014210 seconds
15.114: Total time for which application threads were stopped: 0.0000110 seconds, Stopping threads took: 0.0000050 seconds
15.132: Application time: 0.0174850 seconds
15.132: Total time for which application threads were stopped: 0.0000370 seconds, Stopping threads took: 0.0000090 seconds
15.144: Application time: 0.0121870 seconds
15.144: [GC [PSYoungGen: 14759K->3296K(107520K)] 14759K->3304K(352768K), 0.0023970 secs] [Times: user=0.01 sys=0.00, real=0.00 secs] 
15.147: [Full GC [PSYoungGen: 3296K->0K(107520K)] [ParOldGen: 8K->3145K(245248K)] 3304K->3145K(352768K) [PSPermGen: 5075K->5074K(21504K)], 0.0108860 secs] [Times: user=0.04 sys=0.00, real=0.02 secs] 
15.157: Total time for which application threads were stopped: 0.0134060 seconds, Stopping threads took: 0.0000170 seconds
15.158: Application time: 0.0000640 seconds
15.158: [GC [PSYoungGen: 0K->0K(107520K)] 3145K->3145K(352768K), 0.0002730 secs] [Times: user=0.00 sys=0.00, real=0.00 secs] 
15.158: [Full GC [PSYoungGen: 0K->0K(107520K)] [ParOldGen: 3145K->3145K(245248K)] 3145K->3145K(352768K) [PSPermGen: 5074K->5074K(21504K)], 0.0042260 secs] [Times: user=0.02 sys=0.00, real=0.00 secs] 
15.162: Total time for which application threads were stopped: 0.0046050 seconds, Stopping threads took: 0.0000220 seconds
15.162: Application time: 0.0000440 seconds
15.162: Total time for which application threads were stopped: 0.0000260 seconds, Stopping threads took: 0.0000170 seconds
15.162: Application time: 0.0000240 seconds
15.162: Total time for which application threads were stopped: 0.0000210 seconds, Stopping threads took: 0.0000160 seconds
15.162: Application time: 0.0000110 seconds
15.162: Total time for which application threads were stopped: 0.0000160 seconds, Stopping threads took: 0.0000120 seconds
15.162: Application time: 0.0000100 seconds
15.162: Total time for which application threads were stopped: 0.0000160 seconds, Stopping threads took: 0.0000110 seconds
15.162: Application time: 0.0000100 seconds
15.162: Total time for which application threads were stopped: 0.0000180 seconds, Stopping threads took: 0.0000130 seconds
15.162: Application time: 0.0000330 seconds
15.162: Total time for which application threads were stopped: 0.0000180 seconds, Stopping threads took: 0.0000140 seconds
15.162: Application time: 0.0000140 seconds
15.162: Total time for which application threads were stopped: 0.0000180 seconds, Stopping threads took: 0.0000140 seconds
15.162: Application time: 0.0000100 seconds
15.162: Total time for which application threads were stopped: 0.0000160 seconds, Stopping threads took: 0.0000120 seconds
15.162: Application time: 0.0000130 seconds
15.162: Total time for which application threads were stopped: 0.0000130 seconds, Stopping threads took: 0.0000090 seconds
15.162: Application time: 0.0000120 seconds
15.162: Total time for which application threads were stopped: 0.0000130 seconds, Stopping threads took: 0.0000090 seconds
15.163: Application time: 0.0002370 seconds
15.163: Total time for which application threads were stopped: 0.0000300 seconds, Stopping threads took: 0.0000240 seconds
15.163: Application time: 0.0000130 seconds
15.163: Total time for which application threads were stopped: 0.0000160 seconds, Stopping threads took: 0.0000100 seconds
15.163: Application time: 0.0000140 seconds
15.163: Total time for which application threads were stopped: 0.0000180 seconds, Stopping threads took: 0.0000130 seconds
15.163: Application time: 0.0000120 seconds
15.163: Total time for which application threads were stopped: 0.0000130 seconds, Stopping threads took: 0.0000100 seconds
15.163: Application time: 0.0000100 seconds
15.163: Total time for which application threads were stopped: 0.0000150 seconds, Stopping threads took: 0.0000120 seconds
15.163: Application time: 0.0000100 seconds
15.163: Total time for which application threads were stopped: 0.0000140 seconds, Stopping threads took: 0.0000110 seconds
15.163: Application time: 0.0000100 seconds
15.163: Total time for which application threads were stopped: 0.0000070 seconds, Stopping threads took: 0.0000040 seconds
15.163: Application time: 0.0000110 seconds
15.163: Total time for which application threads were stopped: 0.0000140 seconds, Stopping threads took: 0.0000110 seconds
15.163: Application time: 0.0000100 seconds
15.163: Total time for which application threads were stopped: 0.0000100 seconds, Stopping threads took: 0.0000070 seconds
15.163: Application time: 0.0000110 seconds
15.163: Total time for which application threads were stopped: 0.0000160 seconds, Stopping threads took: 0.0000040 seconds
15.163: Application time: 0.0001130 seconds
15.163: Total time for which application threads were stopped: 0.0000180 seconds, Stopping threads took: 0.0000120 seconds
15.289: Application time: 0.1263680 seconds
15.290: Total time for which application threads were stopped: 0.0000510 seconds, Stopping threads took: 0.0000100 seconds
15.562: Application time: 0.2721540 seconds
15.562: [GC [PSYoungGen: 92160K->2616K(107520K)] 95305K->5770K(352768K), 0.0022130 secs] [Times: user=0.01 sys=0.00, real=0.00 secs] 
15.564: Total time for which application threads were stopped: 0.0023190 seconds, Stopping threads took: 0.0000140 seconds
15.564: Application time: 0.0000720 seconds
15.564: Total time for which application threads were stopped: 0.0000480 seconds, Stopping threads took: 0.0000360 seconds
15.564: Application time: 0.0000340 seconds
15.564: Total time for which application threads were stopped: 0.0000170 seconds, Stopping threads took: 0.0000120 seconds
15.564: Application time: 0.0000330 seconds
15.564: Total time for which application threads were stopped: 0.0000270 seconds, Stopping threads took: 0.0000210 seconds
15.564: Application time: 0.0000130 seconds
15.564: Total time for which application threads were stopped: 0.0000170 seconds, Stopping threads took: 0.0000130 seconds
15.564: Application time: 0.0000170 seconds
15.564: Total time for which application threads were stopped: 0.0000100 seconds, Stopping threads took: 0.0000060 seconds
15.564: Application time: 0.0000120 seconds
15.564: Total time for which application threads were stopped: 0.0000160 seconds, Stopping threads took: 0.0000120 seconds
15.564: Application time: 0.0000110 seconds
15.564: Total time for which application threads were stopped: 0.0000150 seconds, Stopping threads took: 0.0000110 seconds
15.564: Application time: 0.0000110 seconds
15.564: Total time for which application threads were stopped: 0.0000200 seconds, Stopping threads took: 0.0000160 seconds
15.564: Application time: 0.0000100 seconds
15.564: Total time for which application threads were stopped: 0.0000160 seconds, Stopping threads took: 0.0000120 seconds
15.564: Application time: 0.0000100 seconds
15.564: Total time for which application threads were stopped: 0.0000150 seconds, Stopping threads took: 0.0000110 seconds
15.564: Application time: 0.0000110 seconds
15.564: Total time for which application threads were stopped: 0.0000170 seconds, Stopping threads took: 0.0000130 seconds
15.564: Application time: 0.0000100 seconds
15.565: Total time for which application threads were stopped: 0.0000140 seconds, Stopping threads took: 0.0000100 seconds
15.565: Application time: 0.0000140 seconds
15.565: Total time for which application threads were stopped: 0.0000220 seconds, Stopping threads took: 0.0000110 seconds
15.565: Application time: 0.0000130 seconds
15.565: Total time for which application threads were stopped: 0.0000170 seconds, Stopping threads took: 0.0000130 seconds
15.565: Application time: 0.0000110 seconds
15.565: Total time for which application threads were stopped: 0.0000240 seconds, Stopping threads took: 0.0000120 seconds
15.565: Application time: 0.0000120 seconds
15.565: Total time for which application threads were stopped: 0.0000140 seconds, Stopping threads took: 0.0000100 seconds
15.565: Application time: 0.0000100 seconds
15.565: Total time for which application threads were stopped: 0.0000240 seconds, Stopping threads took: 0.0000120 seconds
15.565: Application time: 0.0000110 seconds
15.565: Total time for which application threads were stopped: 0.0000170 seconds, Stopping threads took: 0.0000120 seconds
15.565: Application time: 0.0000100 seconds
15.565: Total time for which application threads were stopped: 0.0000250 seconds, Stopping threads took: 0.0000100 seconds
15.565: Application time: 0.0000110 seconds
15.565: Total time for which application threads were stopped: 0.0000180 seconds, Stopping threads took: 0.0000140 seconds
15.565: Application time: 0.0000100 seconds
15.565: Total time for which application threads were stopped: 0.0000170 seconds, Stopping threads took: 0.0000090 seconds
15.565: Application time: 0.0000110 seconds
15.565: Total time for which application threads were stopped: 0.0000160 seconds, Stopping threads took: 0.0000120 seconds
15.565: Application time: 0.0000110 seconds
15.565: Total time for which application threads were stopped: 0.0000190 seconds, Stopping threads took: 0.0000120 seconds
15.565: Application time: 0.0000110 seconds
15.565: Total time for which application threads were stopped: 0.0000150 seconds, Stopping threads took: 0.0000110 seconds
15.565: Application time: 0.0000110 seconds
15.565: Total time for which application threads were stopped: 0.0000200 seconds, Stopping threads took: 0.0000120 seconds
15.565: Application time: 0.0000110 seconds
15.565: Total time for which application threads were stopped: 0.0000200 seconds, Stopping threads took: 0.0000160 seconds
15.565: Application time: 0.0000100 seconds
15.565: Total time for which application threads were stopped: 0.0000200 seconds, Stopping threads took: 0.0000120 seconds
15.565: Application time: 0.0000110 seconds
15.565: Total time for which application threads were stopped: 0.0000180 seconds, Stopping threads took: 0.0000080 seconds
15.565: Application time: 0.0000110 seconds
15.565: Total time for which application threads were stopped: 0.0000190 seconds, Stopping threads took: 0.0000120 seconds
15.565: Application time: 0.0000130 seconds
15.565: Total time for which application threads were stopped: 0.0000190 seconds, Stopping threads took: 0.0000120 seconds
15.565: Application time: 0.0000120 seconds
15.565: Total time for which application threads were stopped: 0.0000180 seconds, Stopping threads took: 0.0000100 seconds
15.565: Application time: 0.0000120 seconds
15.565: Total time for which application threads were stopped: 0.0000190 seconds, Stopping threads took: 0.0000120 seconds
15.565: Application time: 0.0000120 seconds
15.565: Total time for which application threads were stopped: 0.0000210 seconds, Stopping threads took: 0.0000120 seconds
15.565: Application time: 0.0000120 seconds
15.565: Total time for which application threads were stopped: 0.0000210 seconds, Stopping threads took: 0.0000130 seconds
15.565: Application time: 0.0000110 seconds
15.565: Total time for which application threads were stopped: 0.0000190 seconds, Stopping threads took: 0.0000120 seconds
15.565: Application time: 0.0000110 seconds
15.565: Total time for which application threads were stopped: 0.0000200 seconds, Stopping threads took: 0.0000120 seconds
15.565: Application time: 0.0000120 seconds
15.565: Total time for which application threads were stopped: 0.0000250 seconds, Stopping threads took: 0.0000170 seconds
15.565: Application time: 0.0000130 seconds
15.565: Total time for which application threads were stopped: 0.0000220 seconds, Stopping threads took: 0.0000120 seconds
15.565: Application time: 0.0000120 seconds
15.565: Total time for which application threads were stopped: 0.0000250 seconds, Stopping threads took: 0.0000120 seconds
16.565: Application time: 1.0000820 seconds
16.566: Total time for which application threads were stopped: 0.0000930 seconds, Stopping threads took: 0.0000310 seconds
16.944: Application time: 0.3783190 seconds
16.944: Total time for which application threads were stopped: 0.0000520 seconds, Stopping threads took: 0.0000100 seconds
16.947: Application time: 0.0033410 seconds
16.947: Total time for which application threads were stopped: 0.0000170 seconds, Stopping threads took: 0.0000050 seconds
17.947: Application time: 1.0000750 seconds
17.948: Total time for which application threads were stopped: 0.0001530 seconds, Stopping threads took: 0.0000150 seconds
18.948: Application time: 1.0000810 seconds
18.948: Total time for which application threads were stopped: 0.0001250 seconds, Stopping threads took: 0.0000380 seconds
19.084: Application time: 0.1358800 seconds
19.084: [GC [PSYoungGen: 94776K->5412K(107520K)] 97930K->8637K(352768K), 0.0033730 secs] [Times: user=0.02 sys=0.00, real=0.00 secs] 
19.087: Total time for which application threads were stopped: 0.0034450 seconds, Stopping threads took: 0.0000100 seconds
19.087: Application time: 0.0000820 seconds
19.087: Total time for which application threads were stopped: 0.0001210 seconds, Stopping threads took: 0.0000700 seconds
19.087: Application time: 0.0001300 seconds
19.087: Total time for which application threads were stopped: 0.0000250 seconds, Stopping threads took: 0.0000090 seconds
19.087: Application time: 0.0000650 seconds
19.088: Total time for which application threads were stopped: 0.0000390 seconds, Stopping threads took: 0.0000250 seconds
19.088: Application time: 0.0000650 seconds
19.088: Total time for which application threads were stopped: 0.0000280 seconds, Stopping threads took: 0.0000140 seconds
19.088: Application time: 0.0000540 seconds
19.088: Total time for which application threads were stopped: 0.0000260 seconds, Stopping threads took: 0.0000130 seconds
19.088: Application time: 0.0000560 seconds
19.088: Total time for which application threads were stopped: 0.0000280 seconds, Stopping threads took: 0.0000080 seconds
19.088: Application time: 0.0000130 seconds
19.088: Total time for which application threads were stopped: 0.0000170 seconds, Stopping threads took: 0.0000040 seconds
19.088: Application time: 0.0000590 seconds
19.088: Total time for which application threads were stopped: 0.0000170 seconds, Stopping threads took: 0.0000040 seconds
19.088: Application time: 0.0000110 seconds
19.088: Total time for which application threads were stopped: 0.0000170 seconds, Stopping threads took: 0.0000040 seconds
19.088: Application time: 0.0000710 seconds
19.088: Total time for which application threads were stopped: 0.0000170 seconds, Stopping threads took: 0.0000040 seconds
19.088: Application time: 0.0000120 seconds
19.088: Total time for which application threads were stopped: 0.0000170 seconds, Stopping threads took: 0.0000040 seconds
19.088: Application time: 0.0000110 seconds
19.088: Total time for which application threads were stopped: 0.0000160 seconds, Stopping threads took: 0.0000040 seconds
19.088: Application time: 0.0000110 seconds
19.088: Total time for which application threads were stopped: 0.0000160 seconds, Stopping threads took: 0.0000040 seconds
19.088: Application time: 0.0000110 seconds
19.088: Total time for which application threads were stopped: 0.0000160 seconds, Stopping threads took: 0.0000040 seconds
19.088: Application time: 0.0000110 seconds
19.088: Total time for which application threads were stopped: 0.0000150 seconds, Stopping threads took: 0.0000030 seconds
19.088: Application time: 0.0000120 seconds
19.088: Total time for which application threads were stopped: 0.0000170 seconds, Stopping threads took: 0.0000040 seconds
19.088: Application time: 0.0000120 seconds
19.088: Total time for which application threads were stopped: 0.0000160 seconds, Stopping threads took: 0.0000040 seconds
19.088: Application time: 0.0000120 seconds
19.088: Total time for which application threads were stopped: 0.0000170 seconds, Stopping threads took: 0.0000040 seconds
19.088: Application time: 0.0000120 seconds
19.088: Total time for which application threads were stopped: 0.0000160 seconds, Stopping threads took: 0.0000040 seconds
19.088: Application time: 0.0000150 seconds
19.088: Total time for which application threads were stopped: 0.0000220 seconds, Stopping threads took: 0.0000050 seconds
20.088: Application time: 1.0000760 seconds
20.088: Total time for which application threads were stopped: 0.0000670 seconds, Stopping threads took: 0.0000110 seconds
21.089: Application time: 1.0000740 seconds
21.089: Total time for which application threads were stopped: 0.0000860 seconds, Stopping threads took: 0.0000270 seconds
22.065: Application time: 0.9766040 seconds
22.065: [GC [PSYoungGen: 97572K->4846K(107520K)] 100797K->8080K(352768K), 0.0028070 secs] [Times: user=0.01 sys=0.00, real=0.00 secs] 
22.068: Total time for which application threads were stopped: 0.0029860 seconds, Stopping threads took: 0.0000110 seconds
23.068: Application time: 1.0000690 seconds
23.068: Total time for which application threads were stopped: 0.0000670 seconds, Stopping threads took: 0.0000380 seconds
24.068: Application time: 1.0000680 seconds
24.068: Total time for which application threads were stopped: 0.0000460 seconds, Stopping threads took: 0.0000110 seconds
24.965: Application time: 0.8961630 seconds
24.965: [GC [PSYoungGen: 97006K->5072K(107520K)] 100240K->8313K(352768K), 0.0028850 secs] [Times: user=0.01 sys=0.01, real=0.00 secs] 
24.968: Total time for which application threads were stopped: 0.0030020 seconds, Stopping threads took: 0.0000110 seconds
25.968: Application time: 1.0000750 seconds
25.968: Total time for which application threads were stopped: 0.0000490 seconds, Stopping threads took: 0.0000130 seconds
26.559: Application time: 0.5910300 seconds
26.559: Total time for which application threads were stopped: 0.0000550 seconds, Stopping threads took: 0.0000280 seconds
26.559: Application time: 0.0000840 seconds
26.559: Total time for which application threads were stopped: 0.0000300 seconds, Stopping threads took: 0.0000190 seconds
26.559: Application time: 0.0000500 seconds
26.559: Total time for which application threads were stopped: 0.0000750 seconds, Stopping threads took: 0.0000670 seconds
26.559: Application time: 0.0000590 seconds
26.559: Total time for which application threads were stopped: 0.0000470 seconds, Stopping threads took: 0.0000380 seconds
26.559: Application time: 0.0000590 seconds
26.559: Total time for which application threads were stopped: 0.0000610 seconds, Stopping threads took: 0.0000530 seconds
26.559: Application time: 0.0000320 seconds
26.559: Total time for which application threads were stopped: 0.0000300 seconds, Stopping threads took: 0.0000180 seconds
26.559: Application time: 0.0000800 seconds
26.560: Total time for which application threads were stopped: 0.0000280 seconds, Stopping threads took: 0.0000190 seconds
26.560: Application time: 0.0000510 seconds
26.560: Total time for which application threads were stopped: 0.0000330 seconds, Stopping threads took: 0.0000260 seconds
26.560: Application time: 0.0000280 seconds
26.560: Total time for which application threads were stopped: 0.0000430 seconds, Stopping threads took: 0.0000360 seconds
26.577: Application time: 0.0172840 seconds
26.577: Total time for which application threads were stopped: 0.0000790 seconds, Stopping threads took: 0.0000630 seconds
26.577: Application time: 0.0000810 seconds
26.577: Total time for which application threads were stopped: 0.0000590 seconds, Stopping threads took: 0.0000490 seconds
26.578: Application time: 0.0004130 seconds
26.578: Total time for which application threads were stopped: 0.0000490 seconds, Stopping threads took: 0.0000390 seconds
26.584: Application time: 0.0066890 seconds
26.584: Total time for which application threads were stopped: 0.0000510 seconds, Stopping threads took: 0.0000280 seconds
26.586: Application time: 0.0012410 seconds
26.586: Total time for which application threads were stopped: 0.0000490 seconds, Stopping threads took: 0.0000360 seconds
26.587: Application time: 0.0010100 seconds
26.587: Total time for which application threads were stopped: 0.0000600 seconds, Stopping threads took: 0.0000460 seconds
26.606: Application time: 0.0187960 seconds
26.606: [GC [PSYoungGen: 97232K->6327K(107520K)] 100473K->9568K(352768K), 0.0034920 secs] [Times: user=0.01 sys=0.00, real=0.01 secs] 
26.609: Total time for which application threads were stopped: 0.0036640 seconds, Stopping threads took: 0.0000570 seconds
26.626: Application time: 0.0164340 seconds
26.626: Total time for which application threads were stopped: 0.0001160 seconds, Stopping threads took: 0.0000890 seconds
26.626: Application time: 0.0005110 seconds
26.628: Total time for which application threads were stopped: 0.0020690 seconds, Stopping threads took: 0.0020540 seconds
26.629: Application time: 0.0008990 seconds
26.632: Total time for which application threads were stopped: 0.0030920 seconds, Stopping threads took: 0.0030820 seconds
26.640: Application time: 0.0079990 seconds
26.641: Total time for which application threads were stopped: 0.0001810 seconds, Stopping threads took: 0.0000840 seconds
26.743: Application time: 0.1021760 seconds
26.743: [GC [PSYoungGen: 98487K->6874K(107520K)] 101728K->10124K(352768K), 0.0039450 secs] [Times: user=0.03 sys=0.00, real=0.00 secs] 
26.747: Total time for which application threads were stopped: 0.0041380 seconds, Stopping threads took: 0.0000720 seconds
26.825: Application time: 0.0779070 seconds
26.825: Total time for which application threads were stopped: 0.0001040 seconds, Stopping threads took: 0.0000660 seconds
26.848: Application time: 0.0226960 seconds
26.848: [GC [PSYoungGen: 99034K->7419K(107520K)] 102284K->10668K(352768K), 0.0042750 secs] [Times: user=0.03 sys=0.00, real=0.01 secs] 
26.852: Total time for which application threads were stopped: 0.0044720 seconds, Stopping threads took: 0.0001030 seconds
27.022: Application time: 0.1696570 seconds
27.022: [GC [PSYoungGen: 99579K->8792K(107520K)] 102828K->12050K(352768K), 0.0042140 secs] [Times: user=0.03 sys=0.00, real=0.00 secs] 
27.026: Total time for which application threads were stopped: 0.0043940 seconds, Stopping threads took: 0.0000630 seconds
27.165: Application time: 0.1389870 seconds
27.165: [GC [PSYoungGen: 100952K->15338K(107520K)] 104210K->19195K(352768K), 0.0057520 secs] [Times: user=0.02 sys=0.02, real=0.01 secs] 
27.171: Total time for which application threads were stopped: 0.0060150 seconds, Stopping threads took: 0.0000880 seconds
27.187: Application time: 0.0156640 seconds
27.187: Total time for which application threads were stopped: 0.0000750 seconds, Stopping threads took: 0.0000510 seconds
27.187: Application time: 0.0000150 seconds
27.187: Total time for which application threads were stopped: 0.0000360 seconds, Stopping threads took: 0.0000230 seconds
27.202: Application time: 0.0151950 seconds
27.202: Total time for which application threads were stopped: 0.0001130 seconds, Stopping threads took: 0.0000890 seconds
27.268: Application time: 0.0657550 seconds
27.272: [GC [PSYoungGen: 107498K->15109K(107520K)] 111355K->18966K(352768K), 0.0061870 secs] [Times: user=0.03 sys=0.01, real=0.01 secs] 
27.279: Total time for which application threads were stopped: 0.0106890 seconds, Stopping threads took: 0.0043910 seconds
27.324: Application time: 0.0455120 seconds
27.328: Total time for which application threads were stopped: 0.0042490 seconds, Stopping threads took: 0.0042250 seconds
27.372: Application time: 0.0439340 seconds
27.372: [GC [PSYoungGen: 107269K->15288K(107520K)] 111126K->19218K(352768K), 0.0059290 secs] [Times: user=0.04 sys=0.01, real=0.01 secs] 
27.378: Total time for which application threads were stopped: 0.0061070 seconds, Stopping threads took: 0.0000660 seconds
27.504: Application time: 0.1251080 seconds
27.504: [GC [PSYoungGen: 107448K->15329K(107520K)] 111378K->19602K(352768K), 0.0061660 secs] [Times: user=0.05 sys=0.00, real=0.01 secs] 
27.510: Total time for which application threads were stopped: 0.0063420 seconds, Stopping threads took: 0.0000530 seconds
27.579: Application time: 0.0695960 seconds
27.580: [GC [PSYoungGen: 107489K->15339K(107520K)] 111762K->19620K(352768K), 0.0056790 secs] [Times: user=0.04 sys=0.00, real=0.00 secs] 
27.585: Total time for which application threads were stopped: 0.0058420 seconds, Stopping threads took: 0.0000690 seconds
27.650: Application time: 0.0645060 seconds
27.650: [GC [PSYoungGen: 107499K->15199K(107520K)] 111780K->19480K(352768K), 0.0059470 secs] [Times: user=0.03 sys=0.00, real=0.00 secs] 
27.656: Total time for which application threads were stopped: 0.0061390 seconds, Stopping threads took: 0.0000980 seconds
27.729: Application time: 0.0733690 seconds
27.730: [GC [PSYoungGen: 107359K->15355K(107520K)] 111640K->19708K(352768K), 0.0064050 secs] [Times: user=0.04 sys=0.00, real=0.00 secs] 
27.736: Total time for which application threads were stopped: 0.0065940 seconds, Stopping threads took: 0.0000720 seconds
27.833: Application time: 0.0970710 seconds
27.833: [GC [PSYoungGen: 107515K->15344K(107520K)] 111868K->26819K(352768K), 0.0091000 secs] [Times: user=0.07 sys=0.00, real=0.01 secs] 
27.842: Total time for which application threads were stopped: 0.0093470 seconds, Stopping threads took: 0.0001040 seconds
27.942: Application time: 0.0993640 seconds
27.942: [GC [PSYoungGen: 107504K->14736K(107520K)] 118979K->27172K(352768K), 0.0061720 secs] [Times: user=0.03 sys=0.01, real=0.00 secs] 
27.948: Total time for which application threads were stopped: 0.0063670 seconds, Stopping threads took: 0.0000820 seconds
28.033: Application time: 0.0851900 seconds
28.033: [GC [PSYoungGen: 106896K->14528K(107520K)] 119332K->27020K(352768K), 0.0061370 secs] [Times: user=0.04 sys=0.00, real=0.01 secs] 
28.040: Total time for which application threads were stopped: 0.0062890 seconds, Stopping threads took: 0.0000280 seconds
28.124: Application time: 0.0847310 seconds
28.124: [GC [PSYoungGen: 106688K->14560K(107520K)] 119180K->27068K(352768K), 0.0068110 secs] [Times: user=0.04 sys=0.00, real=0.01 secs] 
28.131: Total time for which application threads were stopped: 0.0069530 seconds, Stopping threads took: 0.0000310 seconds
28.203: Application time: 0.0718860 seconds
28.203: [GC [PSYoungGen: 106720K->13728K(107520K)] 119228K->27008K(352768K), 0.0061950 secs] [Times: user=0.05 sys=0.00, real=0.01 secs] 
28.210: Total time for which application threads were stopped: 0.0064130 seconds, Stopping threads took: 0.0000880 seconds
28.275: Application time: 0.0649410 seconds
28.275: [GC [PSYoungGen: 105888K->15328K(107520K)] 119168K->29072K(352768K), 0.0102010 secs] [Times: user=0.08 sys=0.00, real=0.01 secs] 
28.285: Total time for which application threads were stopped: 0.0103920 seconds, Stopping threads took: 0.0000380 seconds
28.342: Application time: 0.0575480 seconds
28.343: [GC [PSYoungGen: 107488K->14688K(107520K)] 121232K->28512K(352768K), 0.0061430 secs] [Times: user=0.05 sys=0.00, real=0.01 secs] 
28.349: Total time for which application threads were stopped: 0.0063530 seconds, Stopping threads took: 0.0000860 seconds
28.410: Application time: 0.0606970 seconds
28.410: [GC [PSYoungGen: 106848K->15344K(107520K)] 120672K->30310K(352768K), 0.0061380 secs] [Times: user=0.04 sys=0.00, real=0.00 secs] 
28.416: Total time for which application threads were stopped: 0.0063510 seconds, Stopping threads took: 0.0000930 seconds
28.482: Application time: 0.0659820 seconds
28.482: [GC [PSYoungGen: 107504K->15136K(107520K)] 122470K->32711K(352768K), 0.0071150 secs] [Times: user=0.05 sys=0.01, real=0.01 secs] 
28.489: Total time for which application threads were stopped: 0.0073140 seconds, Stopping threads took: 0.0000840 seconds
28.557: Application time: 0.0677630 seconds
28.557: [GC [PSYoungGen: 107296K->14864K(107520K)] 124871K->32751K(352768K), 0.0062120 secs] [Times: user=0.04 sys=0.01, real=0.00 secs] 
28.563: Total time for which application threads were stopped: 0.0064060 seconds, Stopping threads took: 0.0000930 seconds
28.625: Application time: 0.0613840 seconds
28.625: [GC [PSYoungGen: 107024K->13056K(107520K)] 124911K->30991K(352768K), 0.0055870 secs] [Times: user=0.03 sys=0.00, real=0.01 secs] 
28.631: Total time for which application threads were stopped: 0.0058580 seconds, Stopping threads took: 0.0001070 seconds
28.695: Application time: 0.0642090 seconds
28.695: [GC [PSYoungGen: 105216K->13152K(107520K)] 123151K->31135K(352768K), 0.0058690 secs] [Times: user=0.04 sys=0.00, real=0.01 secs] 
28.701: Total time for which application threads were stopped: 0.0060770 seconds, Stopping threads took: 0.0001040 seconds
28.758: Application time: 0.0575580 seconds
28.759: [GC [PSYoungGen: 105312K->13376K(107520K)] 123295K->31415K(352768K), 0.0058080 secs] [Times: user=0.05 sys=0.00, real=0.00 secs] 
28.764: Total time for which application threads were stopped: 0.0059950 seconds, Stopping threads took: 0.0000830 seconds
28.813: Application time: 0.0484600 seconds
28.813: [GC [PSYoungGen: 105536K->15088K(107520K)] 123575K->33143K(352768K), 0.0066800 secs] [Times: user=0.04 sys=0.00, real=0.01 secs] 
28.820: Total time for which application threads were stopped: 0.0069390 seconds, Stopping threads took: 0.0001130 seconds
28.871: Application time: 0.0515460 seconds
28.872: [GC [PSYoungGen: 107248K->14192K(107520K)] 125303K->32255K(352768K), 0.0057150 secs] [Times: user=0.05 sys=0.00, real=0.01 secs] 
28.877: Total time for which application threads were stopped: 0.0059340 seconds, Stopping threads took: 0.0000980 seconds
28.941: Application time: 0.0639330 seconds
28.941: [GC [PSYoungGen: 106352K->11440K(107520K)] 124415K->32431K(352768K), 0.0053910 secs] [Times: user=0.04 sys=0.00, real=0.00 secs] 
28.947: Total time for which application threads were stopped: 0.0055790 seconds, Stopping threads took: 0.0000990 seconds
29.001: Application time: 0.0541440 seconds
29.004: [GC [PSYoungGen: 103600K->12832K(107520K)] 124591K->33823K(352768K), 0.0048570 secs] [Times: user=0.03 sys=0.00, real=0.01 secs] 
29.009: Total time for which application threads were stopped: 0.0083040 seconds, Stopping threads took: 0.0033480 seconds
29.067: Application time: 0.0580880 seconds
29.067: [GC [PSYoungGen: 104992K->12496K(107520K)] 125983K->33487K(352768K), 0.0053120 secs] [Times: user=0.05 sys=0.00, real=0.01 secs] 
29.073: Total time for which application threads were stopped: 0.0054650 seconds, Stopping threads took: 0.0000530 seconds
29.123: Application time: 0.0497670 seconds
29.123: [GC [PSYoungGen: 104656K->10480K(107520K)] 125647K->31471K(352768K), 0.0040780 secs] [Times: user=0.03 sys=0.00, real=0.00 secs] 
29.127: Total time for which application threads were stopped: 0.0043180 seconds, Stopping threads took: 0.0001230 seconds
29.175: Application time: 0.0477680 seconds
29.175: [GC [PSYoungGen: 102640K->10464K(107520K)] 123631K->31471K(352768K), 0.0041170 secs] [Times: user=0.03 sys=0.00, real=0.01 secs] 
29.179: Total time for which application threads were stopped: 0.0042930 seconds, Stopping threads took: 0.0000880 seconds
29.228: Application time: 0.0492960 seconds
29.228: [GC [PSYoungGen: 102624K->9824K(107520K)] 123631K->32199K(352768K), 0.0042320 secs] [Times: user=0.03 sys=0.00, real=0.00 secs] 
29.233: Total time for which application threads were stopped: 0.0043440 seconds, Stopping threads took: 0.0000170 seconds
29.282: Application time: 0.0497420 seconds
29.283: [GC [PSYoungGen: 101984K->12816K(107520K)] 124359K->35191K(352768K), 0.0053140 secs] [Times: user=0.04 sys=0.00, real=0.00 secs] 
29.288: Total time for which application threads were stopped: 0.0055180 seconds, Stopping threads took: 0.0000780 seconds
29.334: Application time: 0.0462980 seconds
29.335: [GC [PSYoungGen: 104976K->8080K(107520K)] 127351K->31829K(352768K), 0.0035790 secs] [Times: user=0.03 sys=0.00, real=0.01 secs] 
29.339: Total time for which application threads were stopped: 0.0044500 seconds, Stopping threads took: 0.0007670 seconds
29.381: Application time: 0.0419320 seconds
29.384: [GC [PSYoungGen: 100240K->10080K(107520K)] 123989K->33837K(352768K), 0.0039780 secs] [Times: user=0.03 sys=0.00, real=0.01 secs] 
29.388: Total time for which application threads were stopped: 0.0078440 seconds, Stopping threads took: 0.0037700 seconds
29.439: Application time: 0.0505810 seconds
29.440: [GC [PSYoungGen: 102240K->8256K(107520K)] 125997K->32021K(352768K), 0.0032820 secs] [Times: user=0.01 sys=0.01, real=0.00 secs] 
29.444: Total time for which application threads were stopped: 0.0047140 seconds, Stopping threads took: 0.0013480 seconds
29.496: Application time: 0.0519540 seconds
29.496: [GC [PSYoungGen: 100416K->9728K(107520K)] 124181K->33557K(352768K), 0.0036970 secs] [Times: user=0.03 sys=0.00, real=0.01 secs] 
29.500: Total time for which application threads were stopped: 0.0038830 seconds, Stopping threads took: 0.0000930 seconds
29.542: Application time: 0.0423460 seconds
29.542: [GC [PSYoungGen: 101888K->7664K(107520K)] 125717K->31653K(352768K), 0.0029070 secs] [Times: user=0.02 sys=0.00, real=0.00 secs] 
29.545: Total time for which application threads were stopped: 0.0031280 seconds, Stopping threads took: 0.0001350 seconds
29.585: Application time: 0.0400010 seconds
29.585: [GC [PSYoungGen: 99824K->7728K(107520K)] 123813K->31757K(352768K), 0.0034490 secs] [Times: user=0.02 sys=0.00, real=0.01 secs] 
29.589: Total time for which application threads were stopped: 0.0036620 seconds, Stopping threads took: 0.0001160 seconds
29.630: Application time: 0.0416780 seconds
29.631: [GC [PSYoungGen: 99888K->11408K(107520K)] 123917K->35541K(352768K), 0.0042510 secs] [Times: user=0.03 sys=0.00, real=0.00 secs] 
29.635: Total time for which application threads were stopped: 0.0044150 seconds, Stopping threads took: 0.0000750 seconds
29.675: Application time: 0.0401220 seconds
29.675: [GC [PSYoungGen: 103568K->11408K(107520K)] 127701K->35541K(352768K), 0.0046470 secs] [Times: user=0.03 sys=0.00, real=0.01 secs] 
29.680: Total time for which application threads were stopped: 0.0048360 seconds, Stopping threads took: 0.0000920 seconds
29.735: Application time: 0.0554940 seconds
29.735: [GC [PSYoungGen: 103568K->8016K(107520K)] 127701K->32157K(352768K), 0.0031470 secs] [Times: user=0.02 sys=0.00, real=0.01 secs] 
29.739: Total time for which application threads were stopped: 0.0033350 seconds, Stopping threads took: 0.0000990 seconds
29.789: Application time: 0.0501040 seconds
29.792: [GC [PSYoungGen: 100176K->9440K(107520K)] 124317K->33581K(352768K), 0.0035450 secs] [Times: user=0.02 sys=0.00, real=0.00 secs] 
29.796: Total time for which application threads were stopped: 0.0072510 seconds, Stopping threads took: 0.0036230 seconds
29.837: Application time: 0.0411530 seconds
29.837: [GC [PSYoungGen: 101600K->7568K(107520K)] 125741K->31709K(352768K), 0.0032250 secs] [Times: user=0.02 sys=0.00, real=0.00 secs] 
29.841: Total time for which application threads were stopped: 0.0034820 seconds, Stopping threads took: 0.0001300 seconds
29.887: Application time: 0.0464250 seconds
29.887: [GC [PSYoungGen: 99728K->7648K(107520K)] 123869K->31797K(352768K), 0.0033200 secs] [Times: user=0.03 sys=0.00, real=0.01 secs] 
29.891: Total time for which application threads were stopped: 0.0035040 seconds, Stopping threads took: 0.0000850 seconds
29.930: Application time: 0.0389740 seconds
29.932: [GC [PSYoungGen: 99808K->7760K(107520K)] 123957K->31909K(352768K), 0.0029210 secs] [Times: user=0.01 sys=0.00, real=0.00 secs] 
29.935: Total time for which application threads were stopped: 0.0058070 seconds, Stopping threads took: 0.0028030 seconds
29.969: Application time: 0.0340590 seconds
29.970: [GC [PSYoungGen: 99920K->8384K(107520K)] 124069K->32533K(352768K), 0.0034410 secs] [Times: user=0.03 sys=0.00, real=0.00 secs] 
29.973: Total time for which application threads were stopped: 0.0036280 seconds, Stopping threads took: 0.0000920 seconds
30.011: Application time: 0.0384040 seconds
30.012: [GC [PSYoungGen: 100544K->9216K(107520K)] 124693K->33365K(352768K), 0.0040400 secs] [Times: user=0.03 sys=0.00, real=0.00 secs] 
30.016: Total time for which application threads were stopped: 0.0042310 seconds, Stopping threads took: 0.0000840 seconds
30.060: Application time: 0.0440280 seconds
30.060: [GC [PSYoungGen: 101376K->8128K(107520K)] 125525K->32277K(352768K), 0.0035340 secs] [Times: user=0.03 sys=0.00, real=0.00 secs] 
30.063: Total time for which application threads were stopped: 0.0037500 seconds, Stopping threads took: 0.0001140 seconds
30.113: Application time: 0.0491590 seconds
30.113: [GC [PSYoungGen: 100288K->8000K(107520K)] 124437K->32149K(352768K), 0.0030550 secs] [Times: user=0.02 sys=0.00, real=0.00 secs] 
30.116: Total time for which application threads were stopped: 0.0032360 seconds, Stopping threads took: 0.0000960 seconds
30.150: Application time: 0.0339840 seconds
30.150: [GC [PSYoungGen: 100160K->7968K(107520K)] 124309K->32125K(352768K), 0.0029540 secs] [Times: user=0.02 sys=0.00, real=0.00 secs] 
30.153: Total time for which application threads were stopped: 0.0031840 seconds, Stopping threads took: 0.0001100 seconds
30.200: Application time: 0.0472850 seconds
30.200: [GC [PSYoungGen: 100128K->7728K(107520K)] 124285K->31885K(352768K), 0.0030170 secs] [Times: user=0.02 sys=0.00, real=0.00 secs] 
30.203: Total time for which application threads were stopped: 0.0031090 seconds, Stopping threads took: 0.0000160 seconds
30.242: Application time: 0.0389180 seconds
30.243: [GC [PSYoungGen: 99888K->8016K(107520K)] 124045K->32173K(352768K), 0.0051060 secs] [Times: user=0.04 sys=0.00, real=0.00 secs] 
30.248: Total time for which application threads were stopped: 0.0053190 seconds, Stopping threads took: 0.0001200 seconds
30.275: Application time: 0.0276740 seconds
30.276: [GC [PSYoungGen: 100176K->7728K(107520K)] 124333K->31885K(352768K), 0.0029440 secs] [Times: user=0.02 sys=0.00, real=0.01 secs] 
30.279: Total time for which application threads were stopped: 0.0031640 seconds, Stopping threads took: 0.0000920 seconds
30.325: Application time: 0.0464130 seconds
30.325: [GC [PSYoungGen: 99888K->11920K(107520K)] 124045K->36077K(352768K), 0.0046960 secs] [Times: user=0.03 sys=0.00, real=0.01 secs] 
30.330: Total time for which application threads were stopped: 0.0048500 seconds, Stopping threads took: 0.0000590 seconds
30.369: Application time: 0.0391910 seconds
30.372: [GC [PSYoungGen: 104080K->9152K(107520K)] 128237K->33309K(352768K), 0.0033130 secs] [Times: user=0.02 sys=0.00, real=0.00 secs] 
30.376: Total time for which application threads were stopped: 0.0067840 seconds, Stopping threads took: 0.0033660 seconds
30.416: Application time: 0.0405580 seconds
30.416: [GC [PSYoungGen: 101312K->9520K(107520K)] 125469K->33685K(352768K), 0.0039310 secs] [Times: user=0.02 sys=0.00, real=0.00 secs] 
30.420: Total time for which application threads were stopped: 0.0040930 seconds, Stopping threads took: 0.0000180 seconds
30.456: Application time: 0.0357060 seconds
30.456: [GC [PSYoungGen: 101680K->8432K(107520K)] 125845K->32597K(352768K), 0.0035100 secs] [Times: user=0.02 sys=0.01, real=0.01 secs] 
30.460: Total time for which application threads were stopped: 0.0036550 seconds, Stopping threads took: 0.0000530 seconds
30.496: Application time: 0.0358880 seconds
30.496: [GC [PSYoungGen: 100592K->10144K(107520K)] 124757K->34397K(352768K), 0.0039050 secs] [Times: user=0.03 sys=0.00, real=0.01 secs] 
30.500: Total time for which application threads were stopped: 0.0040940 seconds, Stopping threads took: 0.0001000 seconds
30.533: Application time: 0.0330830 seconds
30.536: [GC [PSYoungGen: 102304K->8016K(107520K)] 126557K->32269K(352768K), 0.0030050 secs] [Times: user=0.02 sys=0.00, real=0.01 secs] 
30.539: Total time for which application threads were stopped: 0.0060460 seconds, Stopping threads took: 0.0029530 seconds
30.567: Application time: 0.0280220 seconds
30.567: [GC [PSYoungGen: 100176K->7664K(107520K)] 124429K->32073K(352768K), 0.0029440 secs] [Times: user=0.02 sys=0.00, real=0.01 secs] 
30.570: Total time for which application threads were stopped: 0.0031130 seconds, Stopping threads took: 0.0000820 seconds
30.605: Application time: 0.0352560 seconds
30.605: [GC [PSYoungGen: 99824K->8016K(107520K)] 124233K->32481K(352768K), 0.0029550 secs] [Times: user=0.02 sys=0.00, real=0.01 secs] 
30.608: Total time for which application threads were stopped: 0.0031350 seconds, Stopping threads took: 0.0000960 seconds
30.643: Application time: 0.0350050 seconds
30.644: [GC [PSYoungGen: 100176K->7680K(107520K)] 124641K->32193K(352768K), 0.0029880 secs] [Times: user=0.02 sys=0.00, real=0.00 secs] 
30.647: Total time for which application threads were stopped: 0.0031550 seconds, Stopping threads took: 0.0000810 seconds
30.674: Application time: 0.0272680 seconds
30.674: [GC [PSYoungGen: 99840K->7568K(107520K)] 124353K->32089K(352768K), 0.0028980 secs] [Times: user=0.02 sys=0.00, real=0.01 secs] 
30.677: Total time for which application threads were stopped: 0.0030510 seconds, Stopping threads took: 0.0000710 seconds
30.718: Application time: 0.0411230 seconds
30.719: [GC [PSYoungGen: 99728K->7840K(107520K)] 124249K->32361K(352768K), 0.0029310 secs] [Times: user=0.02 sys=0.00, real=0.00 secs] 
30.722: Total time for which application threads were stopped: 0.0043770 seconds, Stopping threads took: 0.0013610 seconds
30.758: Application time: 0.0354090 seconds
30.758: [GC [PSYoungGen: 100000K->7856K(107520K)] 124521K->32377K(352768K), 0.0028630 secs] [Times: user=0.02 sys=0.00, real=0.00 secs] 
30.761: Total time for which application threads were stopped: 0.0033990 seconds, Stopping threads took: 0.0003950 seconds
30.802: Application time: 0.0405880 seconds
30.802: [GC [PSYoungGen: 100016K->8192K(107520K)] 124537K->32713K(352768K), 0.0031790 secs] [Times: user=0.02 sys=0.00, real=0.00 secs] 
30.805: Total time for which application threads were stopped: 0.0033800 seconds, Stopping threads took: 0.0001060 seconds
30.834: Application time: 0.0287000 seconds
30.834: [GC [PSYoungGen: 100352K->7760K(107520K)] 124873K->32281K(352768K), 0.0029540 secs] [Times: user=0.02 sys=0.00, real=0.01 secs] 
30.837: Total time for which application threads were stopped: 0.0031620 seconds, Stopping threads took: 0.0000850 seconds
30.862: Application time: 0.0247970 seconds
30.864: [GC [PSYoungGen: 99920K->7936K(107520K)] 124441K->32457K(352768K), 0.0030610 secs] [Times: user=0.03 sys=0.00, real=0.00 secs] 
30.868: Total time for which application threads were stopped: 0.0056280 seconds, Stopping threads took: 0.0024830 seconds
30.903: Application time: 0.0358220 seconds
30.903: [GC [PSYoungGen: 100096K->12176K(107520K)] 124617K->36697K(352768K), 0.0045640 secs] [Times: user=0.04 sys=0.00, real=0.00 secs] 
30.908: Total time for which application threads were stopped: 0.0047730 seconds, Stopping threads took: 0.0000970 seconds
30.938: Application time: 0.0302670 seconds
30.940: [GC [PSYoungGen: 104336K->8320K(107520K)] 128857K->32841K(352768K), 0.0034840 secs] [Times: user=0.02 sys=0.00, real=0.00 secs] 
30.944: Total time for which application threads were stopped: 0.0055550 seconds, Stopping threads took: 0.0019770 seconds
30.982: Application time: 0.0383960 seconds
30.982: [GC [PSYoungGen: 100480K->9744K(107520K)] 125001K->34265K(352768K), 0.0037220 secs] [Times: user=0.03 sys=0.00, real=0.00 secs] 
30.986: Total time for which application threads were stopped: 0.0039120 seconds, Stopping threads took: 0.0001020 seconds
31.025: Application time: 0.0386550 seconds
31.025: [GC [PSYoungGen: 101904K->8480K(107520K)] 126425K->33001K(352768K), 0.0034670 secs] [Times: user=0.02 sys=0.00, real=0.01 secs] 
31.029: Total time for which application threads were stopped: 0.0036630 seconds, Stopping threads took: 0.0000900 seconds
31.068: Application time: 0.0398930 seconds
31.069: [GC [PSYoungGen: 100640K->10112K(107520K)] 125161K->34633K(352768K), 0.0041990 secs] [Times: user=0.03 sys=0.01, real=0.00 secs] 
31.073: Total time for which application threads were stopped: 0.0043870 seconds, Stopping threads took: 0.0000930 seconds
31.107: Application time: 0.0345860 seconds
31.108: [GC [PSYoungGen: 102272K->7888K(107520K)] 126793K->32417K(352768K), 0.0033550 secs] [Times: user=0.02 sys=0.00, real=0.01 secs] 
31.111: Total time for which application threads were stopped: 0.0035500 seconds, Stopping threads took: 0.0000910 seconds
31.142: Application time: 0.0307220 seconds
31.142: [GC [PSYoungGen: 100048K->9552K(107520K)] 124577K->34081K(352768K), 0.0036460 secs] [Times: user=0.02 sys=0.00, real=0.00 secs] 
31.146: Total time for which application threads were stopped: 0.0038480 seconds, Stopping threads took: 0.0001130 seconds
31.181: Application time: 0.0358910 seconds
31.182: [GC [PSYoungGen: 101712K->8160K(107520K)] 126241K->32689K(352768K), 0.0030760 secs] [Times: user=0.02 sys=0.00, real=0.00 secs] 
31.185: Total time for which application threads were stopped: 0.0032360 seconds, Stopping threads took: 0.0000760 seconds
31.215: Application time: 0.0300360 seconds
31.215: [GC [PSYoungGen: 100320K->9920K(107520K)] 124849K->34449K(352768K), 0.0036460 secs] [Times: user=0.02 sys=0.00, real=0.01 secs] 
31.219: Total time for which application threads were stopped: 0.0038290 seconds, Stopping threads took: 0.0000950 seconds
31.252: Application time: 0.0334050 seconds
31.252: [GC [PSYoungGen: 102080K->7968K(107520K)] 126609K->32497K(352768K), 0.0029780 secs] [Times: user=0.02 sys=0.00, real=0.00 secs] 
31.255: Total time for which application threads were stopped: 0.0031510 seconds, Stopping threads took: 0.0000910 seconds
31.288: Application time: 0.0333250 seconds
31.289: [GC [PSYoungGen: 100128K->8144K(107520K)] 124657K->32681K(352768K), 0.0030290 secs] [Times: user=0.02 sys=0.00, real=0.00 secs] 
31.292: Total time for which application threads were stopped: 0.0031840 seconds, Stopping threads took: 0.0000700 seconds
31.323: Application time: 0.0317080 seconds
31.323: [GC [PSYoungGen: 100304K->8432K(107520K)] 124841K->32969K(352768K), 0.0031710 secs] [Times: user=0.02 sys=0.00, real=0.00 secs] 
31.327: Total time for which application threads were stopped: 0.0033470 seconds, Stopping threads took: 0.0000920 seconds
31.360: Application time: 0.0329980 seconds
31.360: [GC [PSYoungGen: 100592K->9488K(107520K)] 125129K->34169K(352768K), 0.0037390 secs] [Times: user=0.02 sys=0.01, real=0.00 secs] 
31.364: Total time for which application threads were stopped: 0.0044690 seconds, Stopping threads took: 0.0006440 seconds
31.394: Application time: 0.0300680 seconds
31.394: [GC [PSYoungGen: 101648K->7696K(107520K)] 126329K->32377K(352768K), 0.0028840 secs] [Times: user=0.02 sys=0.00, real=0.01 secs] 
31.397: Total time for which application threads were stopped: 0.0030790 seconds, Stopping threads took: 0.0001060 seconds
31.426: Application time: 0.0287670 seconds
31.426: [GC [PSYoungGen: 99856K->8688K(107520K)] 124537K->33449K(352768K), 0.0032140 secs] [Times: user=0.02 sys=0.00, real=0.01 secs] 
31.429: Total time for which application threads were stopped: 0.0033990 seconds, Stopping threads took: 0.0000800 seconds
31.467: Application time: 0.0372040 seconds
31.468: [GC [PSYoungGen: 100848K->11744K(107520K)] 125609K->36553K(352768K), 0.0046630 secs] [Times: user=0.03 sys=0.00, real=0.00 secs] 
31.473: Total time for which application threads were stopped: 0.0063670 seconds, Stopping threads took: 0.0016120 seconds
31.502: Application time: 0.0289450 seconds
31.502: [GC [PSYoungGen: 103904K->8096K(107520K)] 128713K->32970K(352768K), 0.0031000 secs] [Times: user=0.02 sys=0.00, real=0.00 secs] 
31.505: Total time for which application threads were stopped: 0.0032620 seconds, Stopping threads took: 0.0000750 seconds
31.540: Application time: 0.0352070 seconds
31.541: [GC [PSYoungGen: 100256K->8512K(107520K)] 125130K->33394K(352768K), 0.0032260 secs] [Times: user=0.02 sys=0.00, real=0.00 secs] 
31.544: Total time for which application threads were stopped: 0.0033980 seconds, Stopping threads took: 0.0000870 seconds
31.576: Application time: 0.0320240 seconds
31.576: [GC [PSYoungGen: 100672K->9856K(107520K)] 125554K->34738K(352768K), 0.0037430 secs] [Times: user=0.02 sys=0.00, real=0.01 secs] 
31.580: Total time for which application threads were stopped: 0.0039150 seconds, Stopping threads took: 0.0000850 seconds
31.611: Application time: 0.0313990 seconds
31.611: [GC [PSYoungGen: 102016K->7584K(107520K)] 126898K->32473K(352768K), 0.0028890 secs] [Times: user=0.01 sys=0.00, real=0.00 secs] 
31.614: Total time for which application threads were stopped: 0.0030890 seconds, Stopping threads took: 0.0001160 seconds
31.650: Application time: 0.0358670 seconds
31.652: [GC [PSYoungGen: 99744K->7792K(107520K)] 124633K->32681K(352768K), 0.0030080 secs] [Times: user=0.02 sys=0.00, real=0.00 secs] 
31.655: Total time for which application threads were stopped: 0.0052730 seconds, Stopping threads took: 0.0021800 seconds
31.682: Application time: 0.0260580 seconds
31.684: [GC [PSYoungGen: 99952K->8144K(107520K)] 124841K->33033K(352768K), 0.0031530 secs] [Times: user=0.02 sys=0.00, real=0.00 secs] 
31.688: Total time for which application threads were stopped: 0.0060750 seconds, Stopping threads took: 0.0028380 seconds
31.719: Application time: 0.0318600 seconds
31.720: [GC [PSYoungGen: 100304K->7840K(107520K)] 125193K->32729K(352768K), 0.0029520 secs] [Times: user=0.02 sys=0.00, real=0.00 secs] 
31.723: Total time for which application threads were stopped: 0.0037380 seconds, Stopping threads took: 0.0007010 seconds
31.763: Application time: 0.0393390 seconds
31.763: [GC [PSYoungGen: 100000K->8656K(107520K)] 124889K->33546K(352768K), 0.0034150 secs] [Times: user=0.03 sys=0.00, real=0.00 secs] 
31.766: Total time for which application threads were stopped: 0.0036140 seconds, Stopping threads took: 0.0001060 seconds
31.799: Application time: 0.0325240 seconds
31.799: [GC [PSYoungGen: 100816K->9872K(107520K)] 125706K->34762K(352768K), 0.0037940 secs] [Times: user=0.02 sys=0.00, real=0.00 secs] 
31.803: Total time for which application threads were stopped: 0.0039600 seconds, Stopping threads took: 0.0000930 seconds
31.835: Application time: 0.0326490 seconds
31.835: [GC [PSYoungGen: 102032K->11520K(107520K)] 126922K->36410K(352768K), 0.0044120 secs] [Times: user=0.03 sys=0.00, real=0.01 secs] 
31.840: Total time for which application threads were stopped: 0.0045890 seconds, Stopping threads took: 0.0000850 seconds
31.875: Application time: 0.0353210 seconds
31.875: [GC [PSYoungGen: 103680K->8208K(107520K)] 128570K->33098K(352768K), 0.0030700 secs] [Times: user=0.02 sys=0.00, real=0.01 secs] 
31.878: Total time for which application threads were stopped: 0.0032450 seconds, Stopping threads took: 0.0000910 seconds
31.910: Application time: 0.0316130 seconds
31.910: [GC [PSYoungGen: 100368K->7776K(107520K)] 125258K->32666K(352768K), 0.0029780 secs] [Times: user=0.02 sys=0.00, real=0.00 secs] 
31.913: Total time for which application threads were stopped: 0.0031690 seconds, Stopping threads took: 0.0001060 seconds
31.944: Application time: 0.0304490 seconds
31.944: [GC [PSYoungGen: 99936K->8848K(107520K)] 124826K->33738K(352768K), 0.0033500 secs] [Times: user=0.03 sys=0.00, real=0.00 secs] 
31.947: Total time for which application threads were stopped: 0.0035370 seconds, Stopping threads took: 0.0000840 seconds
31.977: Application time: 0.0296950 seconds
31.977: [GC [PSYoungGen: 101008K->8032K(107520K)] 125898K->32922K(352768K), 0.0030610 secs] [Times: user=0.02 sys=0.00, real=0.00 secs] 
31.980: Total time for which application threads were stopped: 0.0032340 seconds, Stopping threads took: 0.0000880 seconds
32.014: Application time: 0.0338900 seconds
32.014: [GC [PSYoungGen: 100192K->8288K(107520K)] 125082K->33178K(352768K), 0.0031090 secs] [Times: user=0.03 sys=0.00, real=0.01 secs] 
32.017: Total time for which application threads were stopped: 0.0032820 seconds, Stopping threads took: 0.0000810 seconds
32.046: Application time: 0.0289260 seconds
32.046: [GC [PSYoungGen: 100448K->8528K(107520K)] 125338K->33418K(352768K), 0.0031660 secs] [Times: user=0.03 sys=0.00, real=0.01 secs] 
32.050: Total time for which application threads were stopped: 0.0033280 seconds, Stopping threads took: 0.0000760 seconds
32.083: Application time: 0.0332220 seconds
32.083: [GC [PSYoungGen: 100688K->7856K(107520K)] 125578K->32746K(352768K), 0.0030010 secs] [Times: user=0.02 sys=0.00, real=0.00 secs] 
32.086: Total time for which application threads were stopped: 0.0031540 seconds, Stopping threads took: 0.0000700 seconds
32.119: Application time: 0.0333490 seconds
32.120: [GC [PSYoungGen: 100016K->8000K(107520K)] 124906K->32938K(352768K), 0.0030910 secs] [Times: user=0.02 sys=0.00, real=0.00 secs] 
32.124: Total time for which application threads were stopped: 0.0041690 seconds, Stopping threads took: 0.0009920 seconds
32.158: Application time: 0.0342740 seconds
32.160: [GC [PSYoungGen: 100160K->7792K(107520K)] 125098K->32778K(352768K), 0.0029530 secs] [Times: user=0.02 sys=0.01, real=0.00 secs] 
32.163: Total time for which application threads were stopped: 0.0056050 seconds, Stopping threads took: 0.0025690 seconds
32.193: Application time: 0.0291890 seconds
32.193: [GC [PSYoungGen: 99952K->7632K(107520K)] 124938K->32714K(352768K), 0.0030370 secs] [Times: user=0.02 sys=0.00, real=0.00 secs] 
32.196: Total time for which application threads were stopped: 0.0032290 seconds, Stopping threads took: 0.0001050 seconds
32.224: Application time: 0.0284210 seconds
32.224: [GC [PSYoungGen: 99792K->8752K(107520K)] 124874K->33930K(352768K), 0.0032970 secs] [Times: user=0.01 sys=0.01, real=0.00 secs] 
32.228: Total time for which application threads were stopped: 0.0034960 seconds, Stopping threads took: 0.0001160 seconds
32.259: Application time: 0.0310790 seconds
32.259: [GC [PSYoungGen: 100912K->9856K(107520K)] 126090K->35082K(352768K), 0.0037280 secs] [Times: user=0.02 sys=0.00, real=0.00 secs] 
32.263: Total time for which application threads were stopped: 0.0038970 seconds, Stopping threads took: 0.0000820 seconds
32.292: Application time: 0.0293390 seconds
32.292: [GC [PSYoungGen: 102016K->9760K(107520K)] 127242K->34986K(352768K), 0.0037780 secs] [Times: user=0.03 sys=0.00, real=0.00 secs] 
32.296: Total time for which application threads were stopped: 0.0039480 seconds, Stopping threads took: 0.0000820 seconds
32.327: Application time: 0.0312110 seconds
32.327: [GC [PSYoungGen: 101920K->8192K(107520K)] 127146K->33482K(352768K), 0.0031420 secs] [Times: user=0.02 sys=0.00, real=0.01 secs] 
32.331: Total time for which application threads were stopped: 0.0033170 seconds, Stopping threads took: 0.0000890 seconds
32.366: Application time: 0.0351620 seconds
32.366: [GC [PSYoungGen: 100352K->7824K(107520K)] 125642K->33114K(352768K), 0.0029910 secs] [Times: user=0.02 sys=0.00, real=0.01 secs] 
32.369: Total time for which application threads were stopped: 0.0031630 seconds, Stopping threads took: 0.0000890 seconds
32.400: Application time: 0.0311960 seconds
32.400: [GC [PSYoungGen: 99984K->9424K(107520K)] 125274K->34714K(352768K), 0.0037020 secs] [Times: user=0.03 sys=0.00, real=0.00 secs] 
32.404: Total time for which application threads were stopped: 0.0038970 seconds, Stopping threads took: 0.0001090 seconds
32.440: Application time: 0.0358930 seconds
32.440: [GC [PSYoungGen: 101584K->8016K(107520K)] 126874K->33306K(352768K), 0.0030370 secs] [Times: user=0.02 sys=0.00, real=0.00 secs] 
32.443: Total time for which application threads were stopped: 0.0032080 seconds, Stopping threads took: 0.0000880 seconds
32.469: Application time: 0.0257470 seconds
32.469: [GC [PSYoungGen: 100176K->7888K(107520K)] 125466K->33178K(352768K), 0.0030460 secs] [Times: user=0.03 sys=0.00, real=0.00 secs] 
32.472: Total time for which application threads were stopped: 0.0032180 seconds, Stopping threads took: 0.0000710 seconds
32.503: Application time: 0.0308920 seconds
32.503: [GC [PSYoungGen: 100048K->10064K(107520K)] 125338K->35354K(352768K), 0.0037800 secs] [Times: user=0.03 sys=0.00, real=0.00 secs] 
32.507: Total time for which application threads were stopped: 0.0039380 seconds, Stopping threads took: 0.0000710 seconds
32.537: Application time: 0.0300260 seconds
32.537: [GC [PSYoungGen: 102224K->8272K(107520K)] 127514K->33562K(352768K), 0.0030750 secs] [Times: user=0.02 sys=0.00, real=0.00 secs] 
32.540: Total time for which application threads were stopped: 0.0032330 seconds, Stopping threads took: 0.0000700 seconds
32.568: Application time: 0.0275450 seconds
32.568: [GC [PSYoungGen: 100432K->9984K(107520K)] 125722K->35274K(352768K), 0.0037680 secs] [Times: user=0.03 sys=0.00, real=0.01 secs] 
32.572: Total time for which application threads were stopped: 0.0039460 seconds, Stopping threads took: 0.0000900 seconds
32.610: Application time: 0.0378940 seconds
32.610: [GC [PSYoungGen: 102144K->11488K(107520K)] 127434K->36778K(352768K), 0.0043800 secs] [Times: user=0.03 sys=0.00, real=0.00 secs] 
32.614: Total time for which application threads were stopped: 0.0045400 seconds, Stopping threads took: 0.0000680 seconds
32.645: Application time: 0.0305750 seconds
32.648: [GC [PSYoungGen: 103648K->8048K(107520K)] 128938K->33338K(352768K), 0.0030900 secs] [Times: user=0.02 sys=0.00, real=0.00 secs] 
32.652: Total time for which application threads were stopped: 0.0068590 seconds, Stopping threads took: 0.0036830 seconds
32.689: Application time: 0.0373530 seconds
32.689: [GC [PSYoungGen: 100208K->8096K(107520K)] 125498K->33386K(352768K), 0.0030860 secs] [Times: user=0.02 sys=0.00, real=0.00 secs] 
32.692: Total time for which application threads were stopped: 0.0032430 seconds, Stopping threads took: 0.0000750 seconds
32.719: Application time: 0.0264160 seconds
32.719: [GC [PSYoungGen: 100256K->8048K(107520K)] 125546K->33338K(352768K), 0.0030260 secs] [Times: user=0.02 sys=0.00, real=0.00 secs] 
32.722: Total time for which application threads were stopped: 0.0031810 seconds, Stopping threads took: 0.0000730 seconds
32.749: Application time: 0.0277150 seconds
32.750: [GC [PSYoungGen: 100208K->8208K(107520K)] 125498K->33498K(352768K), 0.0030590 secs] [Times: user=0.02 sys=0.00, real=0.00 secs] 
32.753: Total time for which application threads were stopped: 0.0032330 seconds, Stopping threads took: 0.0000890 seconds
32.785: Application time: 0.0324710 seconds
32.785: [GC [PSYoungGen: 100368K->9664K(107520K)] 125658K->34954K(352768K), 0.0036500 secs] [Times: user=0.02 sys=0.00, real=0.01 secs] 
32.789: Total time for which application threads were stopped: 0.0038340 seconds, Stopping threads took: 0.0001000 seconds
32.816: Application time: 0.0269960 seconds
32.816: [GC [PSYoungGen: 101824K->8704K(107520K)] 127114K->33994K(352768K), 0.0032500 secs] [Times: user=0.02 sys=0.00, real=0.01 secs] 
32.819: Total time for which application threads were stopped: 0.0034220 seconds, Stopping threads took: 0.0000840 seconds
32.855: Application time: 0.0357570 seconds
32.855: [GC [PSYoungGen: 100864K->8064K(107520K)] 126154K->33354K(352768K), 0.0029500 secs] [Times: user=0.02 sys=0.00, real=0.01 secs] 
32.858: Total time for which application threads were stopped: 0.0031340 seconds, Stopping threads took: 0.0001010 seconds
32.892: Application time: 0.0338600 seconds
32.896: [GC [PSYoungGen: 100224K->7936K(107520K)] 125514K->33226K(352768K), 0.0030120 secs] [Times: user=0.02 sys=0.00, real=0.00 secs] 
32.899: Total time for which application threads were stopped: 0.0072600 seconds, Stopping threads took: 0.0041640 seconds
32.931: Application time: 0.0319700 seconds
32.932: [GC [PSYoungGen: 100096K->9376K(107520K)] 125386K->34746K(352768K), 0.0036510 secs] [Times: user=0.02 sys=0.00, real=0.00 secs] 
32.935: Total time for which application threads were stopped: 0.0038090 seconds, Stopping threads took: 0.0000720 seconds
32.970: Application time: 0.0343430 seconds
32.970: [GC [PSYoungGen: 101536K->7888K(107520K)] 126906K->33314K(352768K), 0.0029760 secs] [Times: user=0.02 sys=0.00, real=0.00 secs] 
32.973: Total time for which application threads were stopped: 0.0031830 seconds, Stopping threads took: 0.0000960 seconds
32.998: Application time: 0.0256220 seconds
32.999: [GC [PSYoungGen: 100048K->7728K(107520K)] 125474K->33242K(352768K), 0.0030230 secs] [Times: user=0.02 sys=0.00, real=0.00 secs] 
33.002: Total time for which application threads were stopped: 0.0032090 seconds, Stopping threads took: 0.0001010 seconds
33.032: Application time: 0.0305500 seconds
33.032: [GC [PSYoungGen: 99888K->9760K(107520K)] 125402K->35370K(352768K), 0.0037790 secs] [Times: user=0.02 sys=0.01, real=0.00 secs] 
33.036: Total time for which application threads were stopped: 0.0039670 seconds, Stopping threads took: 0.0001010 seconds
33.067: Application time: 0.0313100 seconds
33.068: [GC [PSYoungGen: 101920K->7920K(107520K)] 127530K->33530K(352768K), 0.0030100 secs] [Times: user=0.02 sys=0.00, real=0.01 secs] 
33.071: Total time for which application threads were stopped: 0.0031870 seconds, Stopping threads took: 0.0000920 seconds
33.100: Application time: 0.0291480 seconds
33.100: [GC [PSYoungGen: 100080K->7984K(107520K)] 125690K->33642K(352768K), 0.0031070 secs] [Times: user=0.02 sys=0.00, real=0.00 secs] 
33.103: Total time for which application threads were stopped: 0.0032380 seconds, Stopping threads took: 0.0000440 seconds
33.142: Application time: 0.0386280 seconds
33.145: [GC [PSYoungGen: 100144K->7888K(107520K)] 125802K->33554K(352768K), 0.0031540 secs] [Times: user=0.02 sys=0.00, real=0.00 secs] 
33.148: Total time for which application threads were stopped: 0.0061570 seconds, Stopping threads took: 0.0028990 seconds
33.176: Application time: 0.0285340 seconds
33.176: [GC [PSYoungGen: 100048K->7696K(107520K)] 125714K->33362K(352768K), 0.0029580 secs] [Times: user=0.02 sys=0.00, real=0.00 secs] 
33.179: Total time for which application threads were stopped: 0.0031400 seconds, Stopping threads took: 0.0000970 seconds
33.217: Application time: 0.0371030 seconds
33.217: [GC [PSYoungGen: 99856K->8144K(107520K)] 125522K->33810K(352768K), 0.0030370 secs] [Times: user=0.02 sys=0.00, real=0.00 secs] 
33.220: Total time for which application threads were stopped: 0.0032300 seconds, Stopping threads took: 0.0001070 seconds
33.247: Application time: 0.0272280 seconds
33.247: [GC [PSYoungGen: 100304K->7776K(107520K)] 125970K->33442K(352768K), 0.0029610 secs] [Times: user=0.01 sys=0.00, real=0.01 secs] 
33.250: Total time for which application threads were stopped: 0.0032170 seconds, Stopping threads took: 0.0001630 seconds
33.277: Application time: 0.0266790 seconds
33.277: [GC [PSYoungGen: 99936K->8672K(107520K)] 125602K->34338K(352768K), 0.0032030 secs] [Times: user=0.02 sys=0.00, real=0.00 secs] 
33.280: Total time for which application threads were stopped: 0.0033620 seconds, Stopping threads took: 0.0000720 seconds
33.312: Application time: 0.0314500 seconds
33.312: [GC [PSYoungGen: 100832K->10000K(107520K)] 126498K->35666K(352768K), 0.0036550 secs] [Times: user=0.03 sys=0.00, real=0.00 secs] 
33.316: Total time for which application threads were stopped: 0.0038250 seconds, Stopping threads took: 0.0000810 seconds
33.344: Application time: 0.0281270 seconds
33.344: [GC [PSYoungGen: 102160K->11952K(107520K)] 127826K->37618K(352768K), 0.0044480 secs] [Times: user=0.03 sys=0.01, real=0.01 secs] 
33.348: Total time for which application threads were stopped: 0.0046390 seconds, Stopping threads took: 0.0000930 seconds
33.384: Application time: 0.0352560 seconds
33.384: [GC [PSYoungGen: 104112K->11424K(107520K)] 129778K->37090K(352768K), 0.0044230 secs] [Times: user=0.03 sys=0.00, real=0.00 secs] 
33.388: Total time for which application threads were stopped: 0.0046010 seconds, Stopping threads took: 0.0000880 seconds
33.424: Application time: 0.0356480 seconds
33.424: [GC [PSYoungGen: 103584K->8032K(107520K)] 129250K->33698K(352768K), 0.0031120 secs] [Times: user=0.02 sys=0.00, real=0.00 secs] 
33.427: Total time for which application threads were stopped: 0.0032730 seconds, Stopping threads took: 0.0000730 seconds
33.460: Application time: 0.0329560 seconds
33.460: [GC [PSYoungGen: 100192K->9584K(107520K)] 125858K->35250K(352768K), 0.0037050 secs] [Times: user=0.02 sys=0.01, real=0.00 secs] 
33.464: Total time for which application threads were stopped: 0.0039070 seconds, Stopping threads took: 0.0001140 seconds
33.496: Application time: 0.0321860 seconds
33.496: [GC [PSYoungGen: 101744K->8128K(107520K)] 127410K->33794K(352768K), 0.0030100 secs] [Times: user=0.01 sys=0.00, real=0.00 secs] 
33.499: Total time for which application threads were stopped: 0.0032250 seconds, Stopping threads took: 0.0001020 seconds
33.526: Application time: 0.0268850 seconds
33.526: [GC [PSYoungGen: 100288K->8064K(107520K)] 125954K->33730K(352768K), 0.0031180 secs] [Times: user=0.02 sys=0.00, real=0.01 secs] 
33.530: Total time for which application threads were stopped: 0.0033430 seconds, Stopping threads took: 0.0001420 seconds
33.562: Application time: 0.0322730 seconds
33.564: [GC [PSYoungGen: 100224K->8704K(107520K)] 125890K->34370K(352768K), 0.0032140 secs] [Times: user=0.02 sys=0.01, real=0.00 secs] 
33.568: Total time for which application threads were stopped: 0.0057370 seconds, Stopping threads took: 0.0024400 seconds
33.598: Application time: 0.0307750 seconds
33.599: [GC [PSYoungGen: 100864K->8432K(107520K)] 126530K->34098K(352768K), 0.0030620 secs] [Times: user=0.02 sys=0.00, real=0.00 secs] 
33.602: Total time for which application threads were stopped: 0.0032270 seconds, Stopping threads took: 0.0000830 seconds
33.637: Application time: 0.0349110 seconds
33.637: [GC [PSYoungGen: 100592K->8976K(107520K)] 126258K->34642K(352768K), 0.0033600 secs] [Times: user=0.02 sys=0.00, real=0.00 secs] 
33.640: Total time for which application threads were stopped: 0.0035410 seconds, Stopping threads took: 0.0000970 seconds
33.679: Application time: 0.0388710 seconds
33.679: [GC [PSYoungGen: 101136K->8128K(107520K)] 126802K->33794K(352768K), 0.0031060 secs] [Times: user=0.02 sys=0.00, real=0.00 secs] 
33.682: Total time for which application threads were stopped: 0.0032900 seconds, Stopping threads took: 0.0000990 seconds
33.713: Application time: 0.0307260 seconds
33.716: [GC [PSYoungGen: 100288K->7792K(107520K)] 125954K->33514K(352768K), 0.0030460 secs] [Times: user=0.02 sys=0.00, real=0.00 secs] 
33.719: Total time for which application threads were stopped: 0.0064590 seconds, Stopping threads took: 0.0033280 seconds
33.751: Application time: 0.0317320 seconds
33.751: [GC [PSYoungGen: 99952K->7696K(107520K)] 125674K->33514K(352768K), 0.0029860 secs] [Times: user=0.02 sys=0.00, real=0.00 secs] 
33.754: Total time for which application threads were stopped: 0.0031520 seconds, Stopping threads took: 0.0000830 seconds
33.782: Application time: 0.0271550 seconds
33.782: [GC [PSYoungGen: 99856K->8144K(107520K)] 125674K->34050K(352768K), 0.0030250 secs] [Times: user=0.02 sys=0.00, real=0.00 secs] 
33.785: Total time for which application threads were stopped: 0.0031760 seconds, Stopping threads took: 0.0000680 seconds
33.811: Application time: 0.0264360 seconds
33.811: [GC [PSYoungGen: 100304K->10848K(107520K)] 126210K->36850K(352768K), 0.0041310 secs] [Times: user=0.02 sys=0.00, real=0.00 secs] 
33.815: Total time for which application threads were stopped: 0.0042970 seconds, Stopping threads took: 0.0000780 seconds
33.849: Application time: 0.0339190 seconds
33.849: [GC [PSYoungGen: 103008K->11600K(107520K)] 129010K->37602K(352768K), 0.0044750 secs] [Times: user=0.04 sys=0.00, real=0.00 secs] 
33.854: Total time for which application threads were stopped: 0.0046360 seconds, Stopping threads took: 0.0000750 seconds
33.881: Application time: 0.0271280 seconds
33.881: [GC [PSYoungGen: 103760K->7568K(107520K)] 129762K->33570K(352768K), 0.0028850 secs] [Times: user=0.02 sys=0.00, real=0.00 secs] 
33.884: Total time for which application threads were stopped: 0.0030660 seconds, Stopping threads took: 0.0000980 seconds
33.924: Application time: 0.0397130 seconds
33.924: [GC [PSYoungGen: 99728K->8512K(107520K)] 125730K->34570K(352768K), 0.0032350 secs] [Times: user=0.02 sys=0.00, real=0.00 secs] 
33.927: Total time for which application threads were stopped: 0.0034070 seconds, Stopping threads took: 0.0000790 seconds
33.959: Application time: 0.0320120 seconds
33.959: [GC [PSYoungGen: 100672K->7696K(107520K)] 126730K->33754K(352768K), 0.0029790 secs] [Times: user=0.02 sys=0.00, real=0.00 secs] 
33.962: Total time for which application threads were stopped: 0.0031400 seconds, Stopping threads took: 0.0000760 seconds
33.993: Application time: 0.0301120 seconds
33.993: [GC [PSYoungGen: 99856K->7696K(107520K)] 125914K->33754K(352768K), 0.0029010 secs] [Times: user=0.02 sys=0.00, real=0.00 secs] 
33.996: Total time for which application threads were stopped: 0.0030790 seconds, Stopping threads took: 0.0000970 seconds
34.027: Application time: 0.0313490 seconds
34.028: [GC [PSYoungGen: 99853K->9680K(107520K)] 125912K->35738K(352768K), 0.0037010 secs] [Times: user=0.02 sys=0.00, real=0.00 secs] 
34.032: Total time for which application threads were stopped: 0.0051480 seconds, Stopping threads took: 0.0013410 seconds
34.057: Application time: 0.0251270 seconds
34.057: [GC [PSYoungGen: 101840K->8944K(107520K)] 127898K->35002K(352768K), 0.0034200 secs] [Times: user=0.02 sys=0.00, real=0.00 secs] 
34.061: Total time for which application threads were stopped: 0.0035690 seconds, Stopping threads took: 0.0000630 seconds
34.094: Application time: 0.0328630 seconds
34.094: [GC [PSYoungGen: 101104K->8400K(107520K)] 127162K->34458K(352768K), 0.0031460 secs] [Times: user=0.02 sys=0.00, real=0.01 secs] 
34.097: Total time for which application threads were stopped: 0.0033300 seconds, Stopping threads took: 0.0000990 seconds
34.125: Application time: 0.0280080 seconds
34.125: [GC [PSYoungGen: 100560K->8656K(107520K)] 126618K->34722K(352768K), 0.0032350 secs] [Times: user=0.02 sys=0.00, real=0.01 secs] 
34.128: Total time for which application threads were stopped: 0.0034000 seconds, Stopping threads took: 0.0000810 seconds
34.162: Application time: 0.0334520 seconds
34.162: [GC [PSYoungGen: 100816K->11760K(107520K)] 126882K->37826K(352768K), 0.0044280 secs] [Times: user=0.03 sys=0.00, real=0.00 secs] 
34.166: Total time for which application threads were stopped: 0.0045720 seconds, Stopping threads took: 0.0000530 seconds
34.203: Application time: 0.0365700 seconds
34.203: [GC [PSYoungGen: 103920K->8048K(107520K)] 129986K->34114K(352768K), 0.0031130 secs] [Times: user=0.01 sys=0.00, real=0.00 secs] 
34.206: Total time for which application threads were stopped: 0.0032680 seconds, Stopping threads took: 0.0000740 seconds
34.239: Application time: 0.0321980 seconds
34.239: [GC [PSYoungGen: 100208K->7792K(107520K)] 126274K->33858K(352768K), 0.0030840 secs] [Times: user=0.02 sys=0.00, real=0.00 secs] 
34.242: Total time for which application threads were stopped: 0.0032650 seconds, Stopping threads took: 0.0000950 seconds
34.273: Application time: 0.0308320 seconds
34.273: [GC [PSYoungGen: 99952K->8144K(107520K)] 126018K->34210K(352768K), 0.0030170 secs] [Times: user=0.02 sys=0.00, real=0.00 secs] 
34.276: Total time for which application threads were stopped: 0.0031740 seconds, Stopping threads took: 0.0000730 seconds
34.304: Application time: 0.0277970 seconds
34.304: [GC [PSYoungGen: 100304K->7920K(107520K)] 126370K->33986K(352768K), 0.0030070 secs] [Times: user=0.02 sys=0.00, real=0.00 secs] 
34.307: Total time for which application threads were stopped: 0.0031790 seconds, Stopping threads took: 0.0000880 seconds
34.335: Application time: 0.0282750 seconds
34.335: [GC [PSYoungGen: 100080K->9456K(107520K)] 126146K->35522K(352768K), 0.0035920 secs] [Times: user=0.02 sys=0.00, real=0.01 secs] 
34.339: Total time for which application threads were stopped: 0.0037560 seconds, Stopping threads took: 0.0000760 seconds
34.369: Application time: 0.0302060 seconds
34.369: [GC [PSYoungGen: 101616K->11504K(107520K)] 127682K->37570K(352768K), 0.0043450 secs] [Times: user=0.04 sys=0.00, real=0.00 secs] 
34.374: Total time for which application threads were stopped: 0.0045460 seconds, Stopping threads took: 0.0001090 seconds
34.404: Application time: 0.0302090 seconds
34.408: [GC [PSYoungGen: 103664K->8144K(107520K)] 129730K->34210K(352768K), 0.0030310 secs] [Times: user=0.02 sys=0.01, real=0.00 secs] 
34.411: Total time for which application threads were stopped: 0.0076760 seconds, Stopping threads took: 0.0045630 seconds
34.450: Application time: 0.0388600 seconds
34.450: [GC [PSYoungGen: 100304K->8128K(107520K)] 126370K->34194K(352768K), 0.0031310 secs] [Times: user=0.02 sys=0.00, real=0.00 secs] 
34.454: Total time for which application threads were stopped: 0.0033240 seconds, Stopping threads took: 0.0001070 seconds
34.486: Application time: 0.0326780 seconds
34.486: [GC [PSYoungGen: 100288K->7808K(107520K)] 126354K->33914K(352768K), 0.0030470 secs] [Times: user=0.01 sys=0.00, real=0.01 secs] 
34.490: Total time for which application threads were stopped: 0.0031970 seconds, Stopping threads took: 0.0000630 seconds
34.520: Application time: 0.0302610 seconds
34.520: [GC [PSYoungGen: 99968K->7744K(107520K)] 126074K->33986K(352768K), 0.0031110 secs] [Times: user=0.02 sys=0.00, real=0.00 secs] 
34.523: Total time for which application threads were stopped: 0.0033080 seconds, Stopping threads took: 0.0000970 seconds
34.552: Application time: 0.0291450 seconds
34.552: [GC [PSYoungGen: 99904K->9792K(107520K)] 126146K->36034K(352768K), 0.0037170 secs] [Times: user=0.02 sys=0.00, real=0.00 secs] 
34.556: Total time for which application threads were stopped: 0.0039450 seconds, Stopping threads took: 0.0001190 seconds
34.585: Application time: 0.0285590 seconds
34.585: [GC [PSYoungGen: 101943K->9536K(107520K)] 128186K->35874K(352768K), 0.0037410 secs] [Times: user=0.03 sys=0.00, real=0.01 secs] 
34.589: Total time for which application threads were stopped: 0.0039030 seconds, Stopping threads took: 0.0000740 seconds
34.621: Application time: 0.0323590 seconds
34.621: [GC [PSYoungGen: 101696K->9472K(107520K)] 128034K->35858K(352768K), 0.0038100 secs] [Times: user=0.03 sys=0.00, real=0.00 secs] 
34.625: Total time for which application threads were stopped: 0.0040120 seconds, Stopping threads took: 0.0001170 seconds
34.665: Application time: 0.0398910 seconds
34.668: [GC [PSYoungGen: 101632K->7824K(107520K)] 128018K->34210K(352768K), 0.0029140 secs] [Times: user=0.02 sys=0.00, real=0.00 secs] 
34.671: Total time for which application threads were stopped: 0.0063930 seconds, Stopping threads took: 0.0033940 seconds
34.712: Application time: 0.0404300 seconds
34.712: [GC [PSYoungGen: 99984K->8400K(107520K)] 126370K->34786K(352768K), 0.0032870 secs] [Times: user=0.02 sys=0.00, real=0.00 secs] 
34.715: Total time for which application threads were stopped: 0.0034850 seconds, Stopping threads took: 0.0001060 seconds
34.753: Application time: 0.0376630 seconds
34.753: [GC [PSYoungGen: 100560K->9504K(107520K)] 126946K->35939K(352768K), 0.0037980 secs] [Times: user=0.02 sys=0.00, real=0.01 secs] 
34.757: Total time for which application threads were stopped: 0.0039860 seconds, Stopping threads took: 0.0001030 seconds
34.786: Application time: 0.0292200 seconds
34.788: [GC [PSYoungGen: 101664K->7520K(107520K)] 128099K->33954K(352768K), 0.0029210 secs] [Times: user=0.01 sys=0.00, real=0.00 secs] 
34.791: Total time for which application threads were stopped: 0.0052280 seconds, Stopping threads took: 0.0022210 seconds
34.821: Application time: 0.0300170 seconds
34.822: [GC [PSYoungGen: 99680K->7888K(107520K)] 126114K->34323K(352768K), 0.0031130 secs] [Times: user=0.02 sys=0.00, real=0.00 secs] 
34.825: Total time for which application threads were stopped: 0.0032840 seconds, Stopping threads took: 0.0000860 seconds
34.853: Application time: 0.0285570 seconds
34.853: [GC [PSYoungGen: 100048K->8256K(107520K)] 126483K->34691K(352768K), 0.0032420 secs] [Times: user=0.02 sys=0.00, real=0.01 secs] 
34.857: Total time for which application threads were stopped: 0.0033960 seconds, Stopping threads took: 0.0000710 seconds
34.886: Application time: 0.0290340 seconds
34.886: [GC [PSYoungGen: 100416K->9600K(107520K)] 126851K->36034K(352768K), 0.0037570 secs] [Times: user=0.03 sys=0.00, real=0.01 secs] 
34.890: Total time for which application threads were stopped: 0.0039530 seconds, Stopping threads took: 0.0000990 seconds
34.922: Application time: 0.0324920 seconds
34.922: [GC [PSYoungGen: 101760K->10528K(107520K)] 128194K->36963K(352768K), 0.0039460 secs] [Times: user=0.03 sys=0.00, real=0.00 secs] 
34.926: Total time for which application threads were stopped: 0.0041270 seconds, Stopping threads took: 0.0000950 seconds
34.961: Application time: 0.0344850 seconds
34.964: [GC [PSYoungGen: 102688K->11808K(107520K)] 129123K->38243K(352768K), 0.0045970 secs] [Times: user=0.03 sys=0.00, real=0.00 secs] 
34.968: Total time for which application threads were stopped: 0.0074300 seconds, Stopping threads took: 0.0027450 seconds
35.006: Application time: 0.0374970 seconds
35.008: [GC [PSYoungGen: 103968K->9888K(107520K)] 130403K->36322K(352768K), 0.0041540 secs] [Times: user=0.03 sys=0.00, real=0.00 secs] 
35.013: Total time for which application threads were stopped: 0.0069530 seconds, Stopping threads took: 0.0027000 seconds
35.051: Application time: 0.0388210 seconds
35.052: [GC [PSYoungGen: 102048K->8096K(107520K)] 128482K->34531K(352768K), 0.0030760 secs] [Times: user=0.02 sys=0.00, real=0.00 secs] 
35.055: Total time for which application threads were stopped: 0.0032680 seconds, Stopping threads took: 0.0001070 seconds
35.084: Application time: 0.0291670 seconds
35.084: [GC [PSYoungGen: 100256K->7696K(107520K)] 126691K->34131K(352768K), 0.0030560 secs] [Times: user=0.02 sys=0.00, real=0.00 secs] 
35.087: Total time for which application threads were stopped: 0.0032700 seconds, Stopping threads took: 0.0001100 seconds
35.114: Application time: 0.0267430 seconds
35.114: [GC [PSYoungGen: 99856K->7984K(107520K)] 126291K->34419K(352768K), 0.0030850 secs] [Times: user=0.02 sys=0.00, real=0.01 secs] 
35.117: Total time for which application threads were stopped: 0.0032600 seconds, Stopping threads took: 0.0000900 seconds
35.143: Application time: 0.0262360 seconds
35.144: [GC [PSYoungGen: 100144K->8416K(107520K)] 126579K->34850K(352768K), 0.0031100 secs] [Times: user=0.02 sys=0.00, real=0.00 secs] 
35.147: Total time for which application threads were stopped: 0.0032970 seconds, Stopping threads took: 0.0001000 seconds
35.175: Application time: 0.0280360 seconds
35.175: [GC [PSYoungGen: 100576K->10928K(107520K)] 127010K->37363K(352768K), 0.0040910 secs] [Times: user=0.03 sys=0.00, real=0.01 secs] 
35.179: Total time for which application threads were stopped: 0.0042660 seconds, Stopping threads took: 0.0000870 seconds
35.215: Application time: 0.0358140 seconds
35.215: [GC [PSYoungGen: 103088K->10144K(107520K)] 129523K->36579K(352768K), 0.0038680 secs] [Times: user=0.03 sys=0.00, real=0.01 secs] 
35.219: Total time for which application threads were stopped: 0.0040370 seconds, Stopping threads took: 0.0000810 seconds
35.253: Application time: 0.0337740 seconds
35.253: [GC [PSYoungGen: 102304K->7840K(107520K)] 128739K->34274K(352768K), 0.0030330 secs] [Times: user=0.02 sys=0.00, real=0.00 secs] 
35.256: Total time for which application threads were stopped: 0.0032100 seconds, Stopping threads took: 0.0000900 seconds
35.293: Application time: 0.0371610 seconds
35.293: [GC [PSYoungGen: 100000K->7792K(107520K)] 126434K->34283K(352768K), 0.0029800 secs] [Times: user=0.02 sys=0.00, real=0.00 secs] 
35.296: Total time for which application threads were stopped: 0.0031420 seconds, Stopping threads took: 0.0000810 seconds
35.327: Application time: 0.0307750 seconds
35.327: [GC [PSYoungGen: 99952K->7776K(107520K)] 126443K->34355K(352768K), 0.0030370 secs] [Times: user=0.02 sys=0.00, real=0.01 secs] 
35.330: Total time for which application threads were stopped: 0.0032180 seconds, Stopping threads took: 0.0000980 seconds
35.357: Application time: 0.0271270 seconds
35.357: [GC [PSYoungGen: 99936K->7664K(107520K)] 126515K->34291K(352768K), 0.0029340 secs] [Times: user=0.02 sys=0.00, real=0.00 secs] 
35.360: Total time for which application threads were stopped: 0.0030850 seconds, Stopping threads took: 0.0000670 seconds
35.385: Application time: 0.0250950 seconds
35.386: [GC [PSYoungGen: 99824K->9472K(107520K)] 126451K->36195K(352768K), 0.0036340 secs] [Times: user=0.03 sys=0.00, real=0.01 secs] 
35.389: Total time for which application threads were stopped: 0.0037820 seconds, Stopping threads took: 0.0000640 seconds
35.416: Application time: 0.0271730 seconds
35.417: [GC [PSYoungGen: 101632K->11552K(107520K)] 128355K->38275K(352768K), 0.0044890 secs] [Times: user=0.03 sys=0.00, real=0.00 secs] 
35.421: Total time for which application threads were stopped: 0.0046520 seconds, Stopping threads took: 0.0000780 seconds
35.456: Application time: 0.0348040 seconds
35.456: [GC [PSYoungGen: 103712K->9712K(107520K)] 130435K->36491K(352768K), 0.0037540 secs] [Times: user=0.02 sys=0.00, real=0.01 secs] 
35.460: Total time for which application threads were stopped: 0.0039240 seconds, Stopping threads took: 0.0000830 seconds
35.493: Application time: 0.0332350 seconds
35.493: [GC [PSYoungGen: 101872K->7952K(107520K)] 128651K->34731K(352768K), 0.0030230 secs] [Times: user=0.02 sys=0.00, real=0.00 secs] 
35.496: Total time for which application threads were stopped: 0.0031670 seconds, Stopping threads took: 0.0000590 seconds
35.533: Application time: 0.0369120 seconds
35.533: [GC [PSYoungGen: 100112K->9744K(107520K)] 126891K->36523K(352768K), 0.0037690 secs] [Times: user=0.02 sys=0.00, real=0.01 secs] 
35.537: Total time for which application threads were stopped: 0.0039340 seconds, Stopping threads took: 0.0000790 seconds
35.570: Application time: 0.0331880 seconds
35.570: [GC [PSYoungGen: 101904K->7600K(107520K)] 128683K->34419K(352768K), 0.0029260 secs] [Times: user=0.02 sys=0.00, real=0.00 secs] 
35.573: Total time for which application threads were stopped: 0.0031100 seconds, Stopping threads took: 0.0001000 seconds
35.602: Application time: 0.0287090 seconds
35.602: [GC [PSYoungGen: 99760K->7792K(107520K)] 126579K->34611K(352768K), 0.0029690 secs] [Times: user=0.02 sys=0.00, real=0.00 secs] 
35.605: Total time for which application threads were stopped: 0.0031470 seconds, Stopping threads took: 0.0000760 seconds
35.630: Application time: 0.0252530 seconds
35.631: [GC [PSYoungGen: 99952K->8272K(107520K)] 126771K->35091K(352768K), 0.0031570 secs] [Times: user=0.02 sys=0.00, real=0.00 secs] 
35.634: Total time for which application threads were stopped: 0.0033100 seconds, Stopping threads took: 0.0000680 seconds
35.662: Application time: 0.0279080 seconds
35.662: [GC [PSYoungGen: 100432K->10224K(107520K)] 127251K->37043K(352768K), 0.0038850 secs] [Times: user=0.03 sys=0.00, real=0.00 secs] 
35.666: Total time for which application threads were stopped: 0.0040410 seconds, Stopping threads took: 0.0000670 seconds
35.695: Application time: 0.0295240 seconds
35.695: [GC [PSYoungGen: 102384K->11680K(107520K)] 129203K->38499K(352768K), 0.0044640 secs] [Times: user=0.04 sys=0.00, real=0.01 secs] 
35.700: Total time for which application threads were stopped: 0.0046400 seconds, Stopping threads took: 0.0000870 seconds
35.736: Application time: 0.0357350 seconds
35.736: [GC [PSYoungGen: 103840K->8928K(107520K)] 130659K->35747K(352768K), 0.0033040 secs] [Times: user=0.02 sys=0.00, real=0.01 secs] 
35.739: Total time for which application threads were stopped: 0.0034730 seconds, Stopping threads took: 0.0000830 seconds
35.774: Application time: 0.0346050 seconds
35.774: [GC [PSYoungGen: 101088K->7760K(107520K)] 127907K->34579K(352768K), 0.0030640 secs] [Times: user=0.02 sys=0.00, real=0.01 secs] 
35.777: Total time for which application threads were stopped: 0.0032370 seconds, Stopping threads took: 0.0000890 seconds
35.812: Application time: 0.0348530 seconds
35.812: [GC [PSYoungGen: 99920K->8000K(107520K)] 126739K->34819K(352768K), 0.0029510 secs] [Times: user=0.02 sys=0.00, real=0.00 secs] 
35.815: Total time for which application threads were stopped: 0.0031230 seconds, Stopping threads took: 0.0000890 seconds
35.847: Application time: 0.0324250 seconds
35.848: [GC [PSYoungGen: 100160K->7968K(107520K)] 126979K->34787K(352768K), 0.0031090 secs] [Times: user=0.02 sys=0.00, real=0.01 secs] 
35.851: Total time for which application threads were stopped: 0.0033140 seconds, Stopping threads took: 0.0001120 seconds
35.875: Application time: 0.0243300 seconds
35.875: [GC [PSYoungGen: 100128K->7984K(107520K)] 126947K->34803K(352768K), 0.0030660 secs] [Times: user=0.02 sys=0.00, real=0.01 secs] 
35.878: Total time for which application threads were stopped: 0.0032310 seconds, Stopping threads took: 0.0000820 seconds
35.903: Application time: 0.0252400 seconds
35.904: [GC [PSYoungGen: 100144K->8016K(107520K)] 126963K->34835K(352768K), 0.0029600 secs] [Times: user=0.02 sys=0.00, real=0.00 secs] 
35.907: Total time for which application threads were stopped: 0.0038640 seconds, Stopping threads took: 0.0008200 seconds
35.936: Application time: 0.0288870 seconds
35.936: [GC [PSYoungGen: 100176K->10592K(107520K)] 126995K->37411K(352768K), 0.0038830 secs] [Times: user=0.02 sys=0.00, real=0.00 secs] 
35.940: Total time for which application threads were stopped: 0.0040670 seconds, Stopping threads took: 0.0000830 seconds
35.975: Application time: 0.0351800 seconds
35.976: [GC [PSYoungGen: 102752K->9744K(107520K)] 129571K->36563K(352768K), 0.0036730 secs] [Times: user=0.03 sys=0.00, real=0.01 secs] 
35.979: Total time for which application threads were stopped: 0.0038570 seconds, Stopping threads took: 0.0000930 seconds
36.014: Application time: 0.0342280 seconds
36.014: [GC [PSYoungGen: 101904K->7664K(107520K)] 128723K->34483K(352768K), 0.0029360 secs] [Times: user=0.02 sys=0.00, real=0.01 secs] 
36.017: Total time for which application threads were stopped: 0.0031020 seconds, Stopping threads took: 0.0000780 seconds
36.055: Application time: 0.0379520 seconds
36.055: [GC [PSYoungGen: 99824K->8192K(107520K)] 126643K->35011K(352768K), 0.0031490 secs] [Times: user=0.02 sys=0.00, real=0.01 secs] 
36.058: Total time for which application threads were stopped: 0.0033290 seconds, Stopping threads took: 0.0000890 seconds
36.089: Application time: 0.0305790 seconds
36.092: [GC [PSYoungGen: 100352K->7744K(107520K)] 127171K->34643K(352768K), 0.0029960 secs] [Times: user=0.02 sys=0.00, real=0.00 secs] 
36.095: Total time for which application threads were stopped: 0.0068760 seconds, Stopping threads took: 0.0037920 seconds
36.125: Application time: 0.0295120 seconds
36.125: [GC [PSYoungGen: 99904K->7824K(107520K)] 126803K->34803K(352768K), 0.0030490 secs] [Times: user=0.02 sys=0.00, real=0.00 secs] 
36.128: Total time for which application threads were stopped: 0.0032700 seconds, Stopping threads took: 0.0001180 seconds
36.151: Application time: 0.0231960 seconds
36.152: [GC [PSYoungGen: 99984K->7744K(107520K)] 126963K->34803K(352768K), 0.0029550 secs] [Times: user=0.02 sys=0.00, real=0.00 secs] 
36.155: Total time for which application threads were stopped: 0.0031620 seconds, Stopping threads took: 0.0001170 seconds
36.182: Application time: 0.0275340 seconds
36.182: [GC [PSYoungGen: 99904K->13088K(107520K)] 126963K->40147K(352768K), 0.0050010 secs] [Times: user=0.04 sys=0.00, real=0.00 secs] 
36.187: Total time for which application threads were stopped: 0.0051590 seconds, Stopping threads took: 0.0000580 seconds
36.220: Application time: 0.0322480 seconds
36.220: [GC [PSYoungGen: 105248K->9840K(107520K)] 132307K->36955K(352768K), 0.0037520 secs] [Times: user=0.02 sys=0.00, real=0.00 secs] 
36.223: Total time for which application threads were stopped: 0.0039260 seconds, Stopping threads took: 0.0000850 seconds
36.258: Application time: 0.0340920 seconds
36.258: [GC [PSYoungGen: 102000K->8128K(107520K)] 129115K->35243K(352768K), 0.0030730 secs] [Times: user=0.00 sys=0.02, real=0.00 secs] 
36.261: Total time for which application threads were stopped: 0.0032590 seconds, Stopping threads took: 0.0000990 seconds
36.298: Application time: 0.0369070 seconds
36.298: [GC [PSYoungGen: 100288K->8816K(107520K)] 127403K->35931K(352768K), 0.0033580 secs] [Times: user=0.03 sys=0.00, real=0.00 secs] 
36.301: Total time for which application threads were stopped: 0.0035290 seconds, Stopping threads took: 0.0000820 seconds
36.334: Application time: 0.0328520 seconds
36.334: [GC [PSYoungGen: 100976K->8016K(107520K)] 128091K->35179K(352768K), 0.0031060 secs] [Times: user=0.02 sys=0.00, real=0.01 secs] 
36.337: Total time for which application threads were stopped: 0.0032860 seconds, Stopping threads took: 0.0000910 seconds
36.369: Application time: 0.0314370 seconds
36.369: [GC [PSYoungGen: 100176K->7712K(107520K)] 127339K->34875K(352768K), 0.0029950 secs] [Times: user=0.02 sys=0.00, real=0.00 secs] 
36.372: Total time for which application threads were stopped: 0.0031810 seconds, Stopping threads took: 0.0000980 seconds
36.396: Application time: 0.0236000 seconds
36.396: [GC [PSYoungGen: 99872K->7840K(107520K)] 127035K->35003K(352768K), 0.0030300 secs] [Times: user=0.02 sys=0.00, real=0.01 secs] 
36.399: Total time for which application threads were stopped: 0.0031860 seconds, Stopping threads took: 0.0000680 seconds
36.426: Application time: 0.0274910 seconds
36.426: [GC [PSYoungGen: 100000K->8448K(107520K)] 127163K->35611K(352768K), 0.0031270 secs] [Times: user=0.02 sys=0.00, real=0.01 secs] 
36.430: Total time for which application threads were stopped: 0.0033090 seconds, Stopping threads took: 0.0000940 seconds
36.460: Application time: 0.0304180 seconds
36.460: [GC [PSYoungGen: 100608K->10064K(107520K)] 127771K->37227K(352768K), 0.0037490 secs] [Times: user=0.03 sys=0.00, real=0.00 secs] 
36.464: Total time for which application threads were stopped: 0.0039260 seconds, Stopping threads took: 0.0000850 seconds
36.498: Application time: 0.0337190 seconds
36.498: [GC [PSYoungGen: 102224K->9520K(107520K)] 129387K->36683K(352768K), 0.0035590 secs] [Times: user=0.02 sys=0.00, real=0.00 secs] 
36.501: Total time for which application threads were stopped: 0.0037340 seconds, Stopping threads took: 0.0000840 seconds
36.536: Application time: 0.0342300 seconds
36.536: [GC [PSYoungGen: 101680K->7888K(107520K)] 128843K->35051K(352768K), 0.0030180 secs] [Times: user=0.02 sys=0.00, real=0.01 secs] 
36.539: Total time for which application threads were stopped: 0.0031880 seconds, Stopping threads took: 0.0000790 seconds
36.574: Application time: 0.0354570 seconds
36.574: [GC [PSYoungGen: 100048K->8288K(107520K)] 127211K->35451K(352768K), 0.0031470 secs] [Times: user=0.02 sys=0.00, real=0.01 secs] 
36.578: Total time for which application threads were stopped: 0.0033030 seconds, Stopping threads took: 0.0000690 seconds
36.610: Application time: 0.0325720 seconds
36.612: [GC [PSYoungGen: 100448K->7776K(107520K)] 127611K->34939K(352768K), 0.0029860 secs] [Times: user=0.02 sys=0.00, real=0.00 secs] 
36.615: Total time for which application threads were stopped: 0.0052380 seconds, Stopping threads took: 0.0021610 seconds
36.642: Application time: 0.0265640 seconds
36.642: [GC [PSYoungGen: 99936K->7792K(107520K)] 127099K->34955K(352768K), 0.0030510 secs] [Times: user=0.01 sys=0.00, real=0.00 secs] 
36.645: Total time for which application threads were stopped: 0.0032320 seconds, Stopping threads took: 0.0000790 seconds
36.669: Application time: 0.0241500 seconds
36.670: [GC [PSYoungGen: 99952K->7952K(107520K)] 127115K->35115K(352768K), 0.0030110 secs] [Times: user=0.02 sys=0.00, real=0.00 secs] 
36.673: Total time for which application threads were stopped: 0.0031630 seconds, Stopping threads took: 0.0000630 seconds
36.703: Application time: 0.0304920 seconds
36.704: [GC [PSYoungGen: 100112K->9648K(107520K)] 127275K->36811K(352768K), 0.0034930 secs] [Times: user=0.02 sys=0.00, real=0.00 secs] 
36.708: Total time for which application threads were stopped: 0.0048760 seconds, Stopping threads took: 0.0012930 seconds
36.739: Application time: 0.0310220 seconds
36.739: [GC [PSYoungGen: 101808K->8624K(107520K)] 128971K->35787K(352768K), 0.0031670 secs] [Times: user=0.02 sys=0.00, real=0.00 secs] 
36.742: Total time for which application threads were stopped: 0.0033570 seconds, Stopping threads took: 0.0001000 seconds
36.778: Application time: 0.0359790 seconds
36.778: [GC [PSYoungGen: 100784K->8144K(107520K)] 127947K->35307K(352768K), 0.0031230 secs] [Times: user=0.02 sys=0.00, real=0.00 secs] 
36.782: Total time for which application threads were stopped: 0.0033050 seconds, Stopping threads took: 0.0000830 seconds
36.817: Application time: 0.0354700 seconds
36.820: [GC [PSYoungGen: 100304K->7664K(107520K)] 127467K->34827K(352768K), 0.0029390 secs] [Times: user=0.02 sys=0.00, real=0.00 secs] 
36.823: Total time for which application threads were stopped: 0.0063290 seconds, Stopping threads took: 0.0033030 seconds
36.856: Application time: 0.0321970 seconds
36.856: [GC [PSYoungGen: 99824K->7760K(107520K)] 126987K->35011K(352768K), 0.0029960 secs] [Times: user=0.02 sys=0.00, real=0.01 secs] 
36.859: Total time for which application threads were stopped: 0.0031780 seconds, Stopping threads took: 0.0000940 seconds
36.890: Application time: 0.0308530 seconds
36.890: [GC [PSYoungGen: 99920K->7776K(107520K)] 127171K->35115K(352768K), 0.0029610 secs] [Times: user=0.02 sys=0.01, real=0.00 secs] 
36.893: Total time for which application threads were stopped: 0.0031370 seconds, Stopping threads took: 0.0000900 seconds
36.916: Application time: 0.0229370 seconds
36.916: [GC [PSYoungGen: 99936K->7856K(107520K)] 127275K->35275K(352768K), 0.0030380 secs] [Times: user=0.02 sys=0.00, real=0.01 secs] 
36.919: Total time for which application threads were stopped: 0.0032580 seconds, Stopping threads took: 0.0001320 seconds
36.947: Application time: 0.0282190 seconds
36.947: [GC [PSYoungGen: 100016K->12016K(107520K)] 127435K->39435K(352768K), 0.0045650 secs] [Times: user=0.04 sys=0.00, real=0.01 secs] 
36.952: Total time for which application threads were stopped: 0.0047500 seconds, Stopping threads took: 0.0000940 seconds
36.982: Application time: 0.0303630 seconds
36.984: [GC [PSYoungGen: 104176K->10560K(107520K)] 131595K->38035K(352768K), 0.0040710 secs] [Times: user=0.02 sys=0.01, real=0.01 secs] 
36.988: Total time for which application threads were stopped: 0.0061700 seconds, Stopping threads took: 0.0020060 seconds
37.025: Application time: 0.0365530 seconds
37.025: [GC [PSYoungGen: 102720K->9648K(107520K)] 130195K->37123K(352768K), 0.0036370 secs] [Times: user=0.03 sys=0.00, real=0.01 secs] 
37.029: Total time for which application threads were stopped: 0.0037910 seconds, Stopping threads took: 0.0000620 seconds
37.063: Application time: 0.0338790 seconds
37.063: [GC [PSYoungGen: 101808K->7472K(107520K)] 129283K->34947K(352768K), 0.0029870 secs] [Times: user=0.02 sys=0.00, real=0.00 secs] 
37.066: Total time for which application threads were stopped: 0.0031560 seconds, Stopping threads took: 0.0000830 seconds
37.100: Application time: 0.0343620 seconds
37.100: [GC [PSYoungGen: 99632K->9488K(107520K)] 127107K->36963K(352768K), 0.0036220 secs] [Times: user=0.03 sys=0.00, real=0.00 secs] 
37.104: Total time for which application threads were stopped: 0.0037920 seconds, Stopping threads took: 0.0000800 seconds
37.136: Application time: 0.0318770 seconds
37.136: [GC [PSYoungGen: 101648K->7712K(107520K)] 129123K->35243K(352768K), 0.0030530 secs] [Times: user=0.02 sys=0.00, real=0.01 secs] 
37.139: Total time for which application threads were stopped: 0.0032260 seconds, Stopping threads took: 0.0000860 seconds
37.165: Application time: 0.0255880 seconds
37.165: [GC [PSYoungGen: 99872K->7936K(107520K)] 127403K->35467K(352768K), 0.0030540 secs] [Times: user=0.02 sys=0.00, real=0.00 secs] 
37.168: Total time for which application threads were stopped: 0.0032400 seconds, Stopping threads took: 0.0000790 seconds
37.194: Application time: 0.0263520 seconds
37.194: [GC [PSYoungGen: 100096K->9552K(107520K)] 127627K->37083K(352768K), 0.0037070 secs] [Times: user=0.02 sys=0.00, real=0.01 secs] 
37.198: Total time for which application threads were stopped: 0.0038620 seconds, Stopping threads took: 0.0000620 seconds
37.229: Application time: 0.0304120 seconds
37.229: [GC [PSYoungGen: 101712K->11968K(107520K)] 129243K->39499K(352768K), 0.0044800 secs] [Times: user=0.03 sys=0.00, real=0.00 secs] 
37.233: Total time for which application threads were stopped: 0.0046760 seconds, Stopping threads took: 0.0001050 seconds
37.266: Application time: 0.0330440 seconds
37.266: [GC [PSYoungGen: 104128K->9728K(107520K)] 131659K->37259K(352768K), 0.0037030 secs] [Times: user=0.03 sys=0.00, real=0.01 secs] 
37.270: Total time for which application threads were stopped: 0.0038780 seconds, Stopping threads took: 0.0000830 seconds
37.308: Application time: 0.0375170 seconds
37.308: [GC [PSYoungGen: 101888K->8160K(107520K)] 129419K->35691K(352768K), 0.0031560 secs] [Times: user=0.02 sys=0.00, real=0.01 secs] 
37.311: Total time for which application threads were stopped: 0.0033260 seconds, Stopping threads took: 0.0000800 seconds
37.342: Application time: 0.0306570 seconds
37.342: [GC [PSYoungGen: 100320K->7824K(107520K)] 127851K->35355K(352768K), 0.0030020 secs] [Times: user=0.02 sys=0.00, real=0.00 secs] 
37.345: Total time for which application threads were stopped: 0.0031900 seconds, Stopping threads took: 0.0000990 seconds
37.380: Application time: 0.0353640 seconds
37.380: [GC [PSYoungGen: 99984K->7856K(107520K)] 127515K->35387K(352768K), 0.0031230 secs] [Times: user=0.01 sys=0.00, real=0.00 secs] 
37.384: Total time for which application threads were stopped: 0.0033180 seconds, Stopping threads took: 0.0001050 seconds
37.410: Application time: 0.0260410 seconds
37.410: [GC [PSYoungGen: 100016K->7904K(107520K)] 127547K->35435K(352768K), 0.0030050 secs] [Times: user=0.02 sys=0.00, real=0.00 secs] 
37.413: Total time for which application threads were stopped: 0.0031600 seconds, Stopping threads took: 0.0000610 seconds
37.440: Application time: 0.0275450 seconds
37.440: [GC [PSYoungGen: 100064K->7776K(107520K)] 127595K->35307K(352768K), 0.0030160 secs] [Times: user=0.01 sys=0.00, real=0.00 secs] 
37.444: Total time for which application threads were stopped: 0.0031780 seconds, Stopping threads took: 0.0000810 seconds
37.472: Application time: 0.0282360 seconds
37.472: [GC [PSYoungGen: 99936K->11392K(107520K)] 127467K->38923K(352768K), 0.0042750 secs] [Times: user=0.03 sys=0.00, real=0.00 secs] 
37.476: Total time for which application threads were stopped: 0.0044470 seconds, Stopping threads took: 0.0000830 seconds
37.507: Application time: 0.0303900 seconds
37.507: [GC [PSYoungGen: 103552K->10592K(107520K)] 131083K->38123K(352768K), 0.0038230 secs] [Times: user=0.03 sys=0.00, real=0.01 secs] 
37.511: Total time for which application threads were stopped: 0.0040030 seconds, Stopping threads took: 0.0000900 seconds
37.546: Application time: 0.0358290 seconds
37.547: [GC [PSYoungGen: 102752K->9696K(107520K)] 130283K->37227K(352768K), 0.0036730 secs] [Times: user=0.03 sys=0.00, real=0.01 secs] 
37.550: Total time for which application threads were stopped: 0.0038590 seconds, Stopping threads took: 0.0000950 seconds
37.585: Application time: 0.0349200 seconds
37.585: [GC [PSYoungGen: 101856K->7888K(107520K)] 129387K->35419K(352768K), 0.0029650 secs] [Times: user=0.02 sys=0.00, real=0.01 secs] 
37.588: Total time for which application threads were stopped: 0.0031410 seconds, Stopping threads took: 0.0000920 seconds
37.621: Application time: 0.0330140 seconds
37.622: [GC [PSYoungGen: 100048K->9552K(107520K)] 127579K->37171K(352768K), 0.0037390 secs] [Times: user=0.03 sys=0.00, real=0.00 secs] 
37.625: Total time for which application threads were stopped: 0.0039030 seconds, Stopping threads took: 0.0000760 seconds
37.657: Application time: 0.0319220 seconds
37.657: [GC [PSYoungGen: 101712K->7984K(107520K)] 129331K->35691K(352768K), 0.0030590 secs] [Times: user=0.02 sys=0.00, real=0.00 secs] 
37.660: Total time for which application threads were stopped: 0.0032110 seconds, Stopping threads took: 0.0000650 seconds
37.686: Application time: 0.0254090 seconds
37.686: [GC [PSYoungGen: 100144K->7856K(107520K)] 127851K->35619K(352768K), 0.0030980 secs] [Times: user=0.02 sys=0.00, real=0.01 secs] 
37.689: Total time for which application threads were stopped: 0.0033040 seconds, Stopping threads took: 0.0001010 seconds
37.716: Application time: 0.0264830 seconds
37.716: [GC [PSYoungGen: 100016K->8992K(107520K)] 127779K->36803K(352768K), 0.0033930 secs] [Times: user=0.03 sys=0.00, real=0.01 secs] 
37.719: Total time for which application threads were stopped: 0.0035890 seconds, Stopping threads took: 0.0001000 seconds
37.752: Application time: 0.0325480 seconds
37.752: [GC [PSYoungGen: 101152K->8976K(107520K)] 128963K->36787K(352768K), 0.0034720 secs] [Times: user=0.02 sys=0.00, real=0.00 secs] 
37.755: Total time for which application threads were stopped: 0.0036290 seconds, Stopping threads took: 0.0000670 seconds
37.789: Application time: 0.0335010 seconds
37.789: [GC [PSYoungGen: 101136K->7936K(107520K)] 128947K->35795K(352768K), 0.0032580 secs] [Times: user=0.01 sys=0.00, real=0.00 secs] 
37.792: Total time for which application threads were stopped: 0.0034370 seconds, Stopping threads took: 0.0000810 seconds
37.829: Application time: 0.0369620 seconds
37.832: [GC [PSYoungGen: 100096K->8080K(107520K)] 127955K->35939K(352768K), 0.0030540 secs] [Times: user=0.02 sys=0.00, real=0.00 secs] 
37.835: Total time for which application threads were stopped: 0.0061670 seconds, Stopping threads took: 0.0030190 seconds
37.872: Application time: 0.0361230 seconds
37.872: [GC [PSYoungGen: 100240K->7648K(107520K)] 128099K->35507K(352768K), 0.0030370 secs] [Times: user=0.02 sys=0.00, real=0.00 secs] 
37.875: Total time for which application threads were stopped: 0.0038760 seconds, Stopping threads took: 0.0007500 seconds
37.909: Application time: 0.0336600 seconds
37.909: [GC [PSYoungGen: 99808K->8192K(107520K)] 127667K->36107K(352768K), 0.0031510 secs] [Times: user=0.03 sys=0.00, real=0.00 secs] 
37.912: Total time for which application threads were stopped: 0.0033120 seconds, Stopping threads took: 0.0000750 seconds
37.939: Application time: 0.0267890 seconds
37.939: [GC [PSYoungGen: 100352K->8000K(107520K)] 128267K->35915K(352768K), 0.0030330 secs] [Times: user=0.02 sys=0.00, real=0.00 secs] 
37.942: Total time for which application threads were stopped: 0.0032290 seconds, Stopping threads took: 0.0001090 seconds
37.968: Application time: 0.0250400 seconds
37.968: [GC [PSYoungGen: 100160K->7968K(107520K)] 128075K->35884K(352768K), 0.0030490 secs] [Times: user=0.02 sys=0.00, real=0.01 secs] 
37.971: Total time for which application threads were stopped: 0.0031910 seconds, Stopping threads took: 0.0000530 seconds
38.002: Application time: 0.0308400 seconds
38.002: [GC [PSYoungGen: 100128K->10032K(107520K)] 128044K->37948K(352768K), 0.0037990 secs] [Times: user=0.03 sys=0.00, real=0.00 secs] 
38.006: Total time for which application threads were stopped: 0.0039670 seconds, Stopping threads took: 0.0000800 seconds
38.038: Application time: 0.0324850 seconds
38.040: [GC [PSYoungGen: 102192K->8464K(107520K)] 130108K->36379K(352768K), 0.0031400 secs] [Times: user=0.02 sys=0.00, real=0.00 secs] 
38.044: Total time for which application threads were stopped: 0.0055770 seconds, Stopping threads took: 0.0023480 seconds
38.080: Application time: 0.0363240 seconds
38.080: [GC [PSYoungGen: 100624K->8400K(107520K)] 128539K->36316K(352768K), 0.0032060 secs] [Times: user=0.02 sys=0.00, real=0.00 secs] 
38.083: Total time for which application threads were stopped: 0.0033960 seconds, Stopping threads took: 0.0000990 seconds
38.116: Application time: 0.0331740 seconds
38.117: [GC [PSYoungGen: 100560K->7856K(107520K)] 128476K->35772K(352768K), 0.0030780 secs] [Times: user=0.02 sys=0.00, real=0.00 secs] 
38.120: Total time for which application threads were stopped: 0.0032330 seconds, Stopping threads took: 0.0000650 seconds
38.152: Application time: 0.0326910 seconds
38.153: [GC [PSYoungGen: 100016K->9840K(107520K)] 127932K->37756K(352768K), 0.0038010 secs] [Times: user=0.03 sys=0.00, real=0.01 secs] 
38.156: Total time for which application threads were stopped: 0.0039790 seconds, Stopping threads took: 0.0000890 seconds
38.187: Application time: 0.0305390 seconds
38.187: [GC [PSYoungGen: 102000K->7984K(107520K)] 129916K->35899K(352768K), 0.0030700 secs] [Times: user=0.02 sys=0.00, real=0.01 secs] 
38.190: Total time for which application threads were stopped: 0.0032650 seconds, Stopping threads took: 0.0000860 seconds
38.214: Application time: 0.0233330 seconds
38.216: [GC [PSYoungGen: 100144K->7856K(107520K)] 128059K->35771K(352768K), 0.0029700 secs] [Times: user=0.02 sys=0.00, real=0.00 secs] 
38.219: Total time for which application threads were stopped: 0.0058510 seconds, Stopping threads took: 0.0027940 seconds
38.248: Application time: 0.0284450 seconds
38.248: [GC [PSYoungGen: 100016K->11472K(107520K)] 127931K->39388K(352768K), 0.0041810 secs] [Times: user=0.03 sys=0.00, real=0.01 secs] 
38.252: Total time for which application threads were stopped: 0.0043360 seconds, Stopping threads took: 0.0000660 seconds
38.285: Application time: 0.0324740 seconds
38.285: [GC [PSYoungGen: 103632K->12000K(107520K)] 131548K->39916K(352768K), 0.0044950 secs] [Times: user=0.04 sys=0.00, real=0.01 secs] 
38.289: Total time for which application threads were stopped: 0.0046510 seconds, Stopping threads took: 0.0000650 seconds
38.322: Application time: 0.0327430 seconds
38.322: [GC [PSYoungGen: 104160K->8416K(107520K)] 132076K->36332K(352768K), 0.0032040 secs] [Times: user=0.02 sys=0.00, real=0.00 secs] 
38.325: Total time for which application threads were stopped: 0.0033820 seconds, Stopping threads took: 0.0000870 seconds
38.362: Application time: 0.0365410 seconds
38.362: [GC [PSYoungGen: 100576K->7744K(107520K)] 128492K->35659K(352768K), 0.0029990 secs] [Times: user=0.02 sys=0.00, real=0.00 secs] 
38.365: Total time for which application threads were stopped: 0.0031620 seconds, Stopping threads took: 0.0000720 seconds
38.397: Application time: 0.0316310 seconds
38.400: [GC [PSYoungGen: 99904K->7824K(107520K)] 127819K->35796K(352768K), 0.0030500 secs] [Times: user=0.02 sys=0.00, real=0.00 secs] 
38.404: Total time for which application threads were stopped: 0.0067250 seconds, Stopping threads took: 0.0035910 seconds
38.437: Application time: 0.0334260 seconds
38.437: [GC [PSYoungGen: 99984K->7904K(107520K)] 127956K->36004K(352768K), 0.0030740 secs] [Times: user=0.02 sys=0.00, real=0.00 secs] 
38.440: Total time for which application threads were stopped: 0.0032680 seconds, Stopping threads took: 0.0001070 seconds
38.466: Application time: 0.0255970 seconds
38.466: [GC [PSYoungGen: 100064K->7728K(107520K)] 128164K->35884K(352768K), 0.0029820 secs] [Times: user=0.02 sys=0.00, real=0.01 secs] 
38.469: Total time for which application threads were stopped: 0.0031370 seconds, Stopping threads took: 0.0000660 seconds
38.493: Application time: 0.0235810 seconds
38.493: [GC [PSYoungGen: 99888K->8128K(107520K)] 128044K->36332K(352768K), 0.0030070 secs] [Times: user=0.01 sys=0.00, real=0.00 secs] 
38.496: Total time for which application threads were stopped: 0.0031810 seconds, Stopping threads took: 0.0000870 seconds
38.530: Application time: 0.0340370 seconds
38.530: [GC [PSYoungGen: 100288K->10832K(107520K)] 128492K->39036K(352768K), 0.0039390 secs] [Times: user=0.02 sys=0.00, real=0.00 secs] 
38.534: Total time for which application threads were stopped: 0.0040950 seconds, Stopping threads took: 0.0000650 seconds
38.565: Application time: 0.0307130 seconds
38.565: [GC [PSYoungGen: 102992K->8800K(107520K)] 131196K->37004K(352768K), 0.0033430 secs] [Times: user=0.02 sys=0.00, real=0.00 secs] 
38.568: Total time for which application threads were stopped: 0.0035150 seconds, Stopping threads took: 0.0000810 seconds
38.607: Application time: 0.0385430 seconds
38.608: [GC [PSYoungGen: 100960K->8032K(107520K)] 129164K->36292K(352768K), 0.0030730 secs] [Times: user=0.02 sys=0.01, real=0.00 secs] 
38.612: Total time for which application threads were stopped: 0.0048820 seconds, Stopping threads took: 0.0017230 seconds
38.645: Application time: 0.0338470 seconds
38.646: [GC [PSYoungGen: 100192K->7648K(107520K)] 128452K->35908K(352768K), 0.0029920 secs] [Times: user=0.02 sys=0.00, real=0.01 secs] 
38.649: Total time for which application threads were stopped: 0.0038730 seconds, Stopping threads took: 0.0007920 seconds
38.690: Application time: 0.0404330 seconds
38.690: [GC [PSYoungGen: 99808K->8288K(107520K)] 128068K->36548K(352768K), 0.0031270 secs] [Times: user=0.03 sys=0.00, real=0.00 secs] 
38.693: Total time for which application threads were stopped: 0.0033430 seconds, Stopping threads took: 0.0001110 seconds
38.725: Application time: 0.0323760 seconds
38.726: [GC [PSYoungGen: 100448K->7744K(107520K)] 128708K->36060K(352768K), 0.0029930 secs] [Times: user=0.02 sys=0.00, real=0.01 secs] 
38.729: Total time for which application threads were stopped: 0.0031660 seconds, Stopping threads took: 0.0000890 seconds
38.749: Application time: 0.0202580 seconds
38.749: [GC [PSYoungGen: 99904K->7712K(107520K)] 128220K->36028K(352768K), 0.0030740 secs] [Times: user=0.02 sys=0.00, real=0.00 secs] 
38.752: Total time for which application threads were stopped: 0.0032610 seconds, Stopping threads took: 0.0001010 seconds
38.786: Application time: 0.0337930 seconds
38.786: [GC [PSYoungGen: 99872K->11776K(107520K)] 128188K->40092K(352768K), 0.0044300 secs] [Times: user=0.03 sys=0.00, real=0.01 secs] 
38.790: Total time for which application threads were stopped: 0.0045950 seconds, Stopping threads took: 0.0000740 seconds
38.821: Application time: 0.0303810 seconds
38.821: [GC [PSYoungGen: 103936K->7936K(107520K)] 132252K->36252K(352768K), 0.0029530 secs] [Times: user=0.02 sys=0.00, real=0.00 secs] 
38.824: Total time for which application threads were stopped: 0.0031080 seconds, Stopping threads took: 0.0000720 seconds
38.858: Application time: 0.0344040 seconds
38.858: [GC [PSYoungGen: 100096K->9440K(107520K)] 128412K->37756K(352768K), 0.0036820 secs] [Times: user=0.03 sys=0.00, real=0.00 secs] 
38.862: Total time for which application threads were stopped: 0.0038470 seconds, Stopping threads took: 0.0000730 seconds
38.898: Application time: 0.0360530 seconds
38.898: [GC [PSYoungGen: 101600K->8240K(107520K)] 129916K->36556K(352768K), 0.0031030 secs] [Times: user=0.03 sys=0.00, real=0.00 secs] 
38.902: Total time for which application threads were stopped: 0.0032830 seconds, Stopping threads took: 0.0000920 seconds
38.931: Application time: 0.0298410 seconds
38.932: [GC [PSYoungGen: 100400K->9248K(107520K)] 128716K->37564K(352768K), 0.0034860 secs] [Times: user=0.02 sys=0.00, real=0.00 secs] 
38.935: Total time for which application threads were stopped: 0.0036650 seconds, Stopping threads took: 0.0000890 seconds
38.971: Application time: 0.0357200 seconds
38.971: [GC [PSYoungGen: 101408K->7856K(107520K)] 129724K->36172K(352768K), 0.0030370 secs] [Times: user=0.01 sys=0.00, real=0.00 secs] 
38.974: Total time for which application threads were stopped: 0.0032100 seconds, Stopping threads took: 0.0000810 seconds
38.997: Application time: 0.0234260 seconds
38.998: [GC [PSYoungGen: 100016K->7760K(107520K)] 128332K->36076K(352768K), 0.0029550 secs] [Times: user=0.02 sys=0.00, real=0.00 secs] 
39.001: Total time for which application threads were stopped: 0.0031290 seconds, Stopping threads took: 0.0000880 seconds
39.024: Application time: 0.0235530 seconds
39.028: [GC [PSYoungGen: 99920K->7744K(107520K)] 128236K->36060K(352768K), 0.0030730 secs] [Times: user=0.02 sys=0.00, real=0.00 secs] 
39.032: Total time for which application threads were stopped: 0.0073840 seconds, Stopping threads took: 0.0042250 seconds
39.071: Application time: 0.0395420 seconds
39.072: [GC [PSYoungGen: 99904K->8304K(107520K)] 128220K->36620K(352768K), 0.0030330 secs] [Times: user=0.02 sys=0.00, real=0.00 secs] 
39.075: Total time for which application threads were stopped: 0.0039540 seconds, Stopping threads took: 0.0008270 seconds
39.106: Application time: 0.0307980 seconds
39.106: [GC [PSYoungGen: 100464K->7872K(107520K)] 128780K->36196K(352768K), 0.0030780 secs] [Times: user=0.02 sys=0.00, real=0.01 secs] 
39.109: Total time for which application threads were stopped: 0.0032340 seconds, Stopping threads took: 0.0000670 seconds
39.147: Application time: 0.0382540 seconds
39.147: [GC [PSYoungGen: 100032K->7776K(107520K)] 128356K->36100K(352768K), 0.0030040 secs] [Times: user=0.02 sys=0.00, real=0.01 secs] 
39.150: Total time for which application threads were stopped: 0.0031870 seconds, Stopping threads took: 0.0000950 seconds
39.183: Application time: 0.0323830 seconds
39.183: [GC [PSYoungGen: 99936K->8016K(107520K)] 128260K->36348K(352768K), 0.0030900 secs] [Times: user=0.02 sys=0.00, real=0.00 secs] 
39.186: Total time for which application threads were stopped: 0.0032640 seconds, Stopping threads took: 0.0000860 seconds
39.219: Application time: 0.0329960 seconds
39.219: [GC [PSYoungGen: 100176K->7856K(107520K)] 128508K->36324K(352768K), 0.0030570 secs] [Times: user=0.02 sys=0.00, real=0.00 secs] 
39.222: Total time for which application threads were stopped: 0.0032470 seconds, Stopping threads took: 0.0000870 seconds
39.252: Application time: 0.0291710 seconds
39.252: [GC [PSYoungGen: 100016K->7712K(107520K)] 128484K->36180K(352768K), 0.0029850 secs] [Times: user=0.02 sys=0.00, real=0.00 secs] 
39.255: Total time for which application threads were stopped: 0.0031350 seconds, Stopping threads took: 0.0000620 seconds
39.277: Application time: 0.0222290 seconds
39.277: [GC [PSYoungGen: 99872K->8000K(107520K)] 128340K->36524K(352768K), 0.0031050 secs] [Times: user=0.02 sys=0.00, real=0.00 secs] 
39.280: Total time for which application threads were stopped: 0.0032820 seconds, Stopping threads took: 0.0000910 seconds
39.313: Application time: 0.0332390 seconds
39.314: [GC [PSYoungGen: 100160K->10928K(107520K)] 128684K->39508K(352768K), 0.0040080 secs] [Times: user=0.03 sys=0.00, real=0.01 secs] 
39.318: Total time for which application threads were stopped: 0.0041800 seconds, Stopping threads took: 0.0000790 seconds
39.345: Application time: 0.0276020 seconds
39.345: [GC [PSYoungGen: 103088K->10048K(107520K)] 131668K->38628K(352768K), 0.0038100 secs] [Times: user=0.03 sys=0.00, real=0.01 secs] 
39.349: Total time for which application threads were stopped: 0.0039730 seconds, Stopping threads took: 0.0000730 seconds
39.386: Application time: 0.0369200 seconds
39.386: [GC [PSYoungGen: 102208K->11632K(107520K)] 130788K->40276K(352768K), 0.0046220 secs] [Times: user=0.02 sys=0.00, real=0.01 secs] 
39.391: Total time for which application threads were stopped: 0.0047970 seconds, Stopping threads took: 0.0000800 seconds
39.426: Application time: 0.0352650 seconds
39.426: [GC [PSYoungGen: 103792K->7680K(107520K)] 132436K->36324K(352768K), 0.0029710 secs] [Times: user=0.02 sys=0.00, real=0.01 secs] 
39.429: Total time for which application threads were stopped: 0.0031720 seconds, Stopping threads took: 0.0001040 seconds
39.463: Application time: 0.0331240 seconds
39.464: [GC [PSYoungGen: 99840K->9632K(107520K)] 128484K->38276K(352768K), 0.0037490 secs] [Times: user=0.03 sys=0.00, real=0.00 secs] 
39.468: Total time for which application threads were stopped: 0.0056610 seconds, Stopping threads took: 0.0018220 seconds
39.501: Application time: 0.0330760 seconds
39.504: [GC [PSYoungGen: 101792K->7968K(107520K)] 130436K->36660K(352768K), 0.0030960 secs] [Times: user=0.02 sys=0.00, real=0.00 secs] 
39.508: Total time for which application threads were stopped: 0.0063020 seconds, Stopping threads took: 0.0031150 seconds
39.530: Application time: 0.0225570 seconds
39.530: [GC [PSYoungGen: 100128K->7904K(107520K)] 128820K->36596K(352768K), 0.0030140 secs] [Times: user=0.02 sys=0.00, real=0.00 secs] 
39.533: Total time for which application threads were stopped: 0.0031680 seconds, Stopping threads took: 0.0000670 seconds
39.561: Application time: 0.0281690 seconds
39.562: [GC [PSYoungGen: 100064K->11840K(107520K)] 128756K->40532K(352768K), 0.0044670 secs] [Times: user=0.03 sys=0.00, real=0.00 secs] 
39.566: Total time for which application threads were stopped: 0.0046360 seconds, Stopping threads took: 0.0000770 seconds
39.601: Application time: 0.0346130 seconds
39.602: [GC [PSYoungGen: 104000K->10320K(107520K)] 132692K->39012K(352768K), 0.0038400 secs] [Times: user=0.03 sys=0.00, real=0.00 secs] 
39.606: Total time for which application threads were stopped: 0.0053570 seconds, Stopping threads took: 0.0014270 seconds
39.640: Application time: 0.0341330 seconds
39.640: [GC [PSYoungGen: 102480K->7936K(107520K)] 131172K->36628K(352768K), 0.0030730 secs] [Times: user=0.02 sys=0.00, real=0.00 secs] 
39.643: Total time for which application threads were stopped: 0.0032640 seconds, Stopping threads took: 0.0000970 seconds
39.679: Application time: 0.0353950 seconds
39.679: [GC [PSYoungGen: 100096K->9792K(107520K)] 128788K->38484K(352768K), 0.0038110 secs] [Times: user=0.02 sys=0.00, real=0.00 secs] 
39.683: Total time for which application threads were stopped: 0.0040130 seconds, Stopping threads took: 0.0001100 seconds
39.715: Application time: 0.0318380 seconds
39.715: [GC [PSYoungGen: 101952K->9600K(107520K)] 130644K->38292K(352768K), 0.0037920 secs] [Times: user=0.03 sys=0.00, real=0.01 secs] 
39.719: Total time for which application threads were stopped: 0.0039880 seconds, Stopping threads took: 0.0001060 seconds
39.752: Application time: 0.0330380 seconds
39.752: [GC [PSYoungGen: 101760K->7984K(107520K)] 130452K->36676K(352768K), 0.0030280 secs] [Times: user=0.02 sys=0.00, real=0.00 secs] 
39.755: Total time for which application threads were stopped: 0.0032070 seconds, Stopping threads took: 0.0000760 seconds
39.782: Application time: 0.0273660 seconds
39.784: [GC [PSYoungGen: 100144K->7968K(107520K)] 128836K->36660K(352768K), 0.0030520 secs] [Times: user=0.02 sys=0.00, real=0.00 secs] 
39.787: Total time for which application threads were stopped: 0.0051490 seconds, Stopping threads took: 0.0020090 seconds
39.813: Application time: 0.0251100 seconds
39.813: [GC [PSYoungGen: 100128K->7952K(107520K)] 128820K->36644K(352768K), 0.0030860 secs] [Times: user=0.02 sys=0.00, real=0.00 secs] 
39.816: Total time for which application threads were stopped: 0.0032390 seconds, Stopping threads took: 0.0000670 seconds
39.851: Application time: 0.0347150 seconds
39.851: [GC [PSYoungGen: 100112K->8592K(107520K)] 128804K->37284K(352768K), 0.0031270 secs] [Times: user=0.02 sys=0.00, real=0.00 secs] 
39.854: Total time for which application threads were stopped: 0.0038070 seconds, Stopping threads took: 0.0005910 seconds
39.884: Application time: 0.0294260 seconds
39.884: [GC [PSYoungGen: 100752K->8080K(107520K)] 129444K->36772K(352768K), 0.0030660 secs] [Times: user=0.02 sys=0.00, real=0.00 secs] 
39.887: Total time for which application threads were stopped: 0.0032240 seconds, Stopping threads took: 0.0000680 seconds
39.922: Application time: 0.0347250 seconds
39.922: [GC [PSYoungGen: 100240K->8192K(107520K)] 128932K->36884K(352768K), 0.0031620 secs] [Times: user=0.02 sys=0.00, real=0.00 secs] 
39.925: Total time for which application threads were stopped: 0.0033730 seconds, Stopping threads took: 0.0001200 seconds
39.957: Application time: 0.0316530 seconds
39.957: [GC [PSYoungGen: 100352K->7824K(107520K)] 129044K->36516K(352768K), 0.0030230 secs] [Times: user=0.02 sys=0.00, real=0.00 secs] 
39.960: Total time for which application threads were stopped: 0.0031910 seconds, Stopping threads took: 0.0000800 seconds
39.995: Application time: 0.0347840 seconds
39.995: [GC [PSYoungGen: 99984K->7808K(107520K)] 128676K->36656K(352768K), 0.0031140 secs] [Times: user=0.02 sys=0.00, real=0.01 secs] 
39.998: Total time for which application threads were stopped: 0.0032870 seconds, Stopping threads took: 0.0000860 seconds
40.026: Application time: 0.0277320 seconds
40.026: [GC [PSYoungGen: 99968K->8000K(107520K)] 128816K->36848K(352768K), 0.0030410 secs] [Times: user=0.02 sys=0.00, real=0.01 secs] 
40.029: Total time for which application threads were stopped: 0.0032210 seconds, Stopping threads took: 0.0000910 seconds
40.055: Application time: 0.0259360 seconds
40.055: [GC [PSYoungGen: 100160K->8096K(107520K)] 129008K->36992K(352768K), 0.0031250 secs] [Times: user=0.02 sys=0.00, real=0.01 secs] 
40.058: Total time for which application threads were stopped: 0.0032780 seconds, Stopping threads took: 0.0000610 seconds
40.089: Application time: 0.0303740 seconds
40.089: [GC [PSYoungGen: 100256K->9936K(107520K)] 129152K->38832K(352768K), 0.0038940 secs] [Times: user=0.02 sys=0.00, real=0.00 secs] 
40.093: Total time for which application threads were stopped: 0.0040630 seconds, Stopping threads took: 0.0000770 seconds
40.122: Application time: 0.0298310 seconds
40.123: [GC [PSYoungGen: 102096K->11472K(107520K)] 130992K->40408K(352768K), 0.0044330 secs] [Times: user=0.03 sys=0.00, real=0.00 secs] 
40.127: Total time for which application threads were stopped: 0.0046270 seconds, Stopping threads took: 0.0000990 seconds
40.160: Application time: 0.0324690 seconds
40.160: [GC [PSYoungGen: 103632K->8624K(107520K)] 132568K->37608K(352768K), 0.0033410 secs] [Times: user=0.02 sys=0.00, real=0.00 secs] 
40.163: Total time for which application threads were stopped: 0.0035090 seconds, Stopping threads took: 0.0000780 seconds
40.199: Application time: 0.0354200 seconds
40.199: [GC [PSYoungGen: 100784K->8160K(107520K)] 129768K->37144K(352768K), 0.0031970 secs] [Times: user=0.02 sys=0.00, real=0.00 secs] 
40.202: Total time for which application threads were stopped: 0.0033870 seconds, Stopping threads took: 0.0001000 seconds
40.233: Application time: 0.0310040 seconds
40.233: [GC [PSYoungGen: 100320K->9312K(107520K)] 129304K->38296K(352768K), 0.0036250 secs] [Times: user=0.03 sys=0.00, real=0.01 secs] 
40.237: Total time for which application threads were stopped: 0.0038040 seconds, Stopping threads took: 0.0000880 seconds
40.270: Application time: 0.0334220 seconds
40.270: [GC [PSYoungGen: 101472K->7792K(107520K)] 130456K->36824K(352768K), 0.0029860 secs] [Times: user=0.02 sys=0.00, real=0.00 secs] 
40.273: Total time for which application threads were stopped: 0.0031890 seconds, Stopping threads took: 0.0001010 seconds
40.299: Application time: 0.0256500 seconds
40.299: [GC [PSYoungGen: 99952K->7712K(107520K)] 128984K->36744K(352768K), 0.0029440 secs] [Times: user=0.02 sys=0.00, real=0.00 secs] 
40.302: Total time for which application threads were stopped: 0.0031390 seconds, Stopping threads took: 0.0001060 seconds
40.328: Application time: 0.0257930 seconds
40.328: [GC [PSYoungGen: 99872K->11328K(107520K)] 128904K->40360K(352768K), 0.0044810 secs] [Times: user=0.03 sys=0.00, real=0.01 secs] 
40.333: Total time for which application threads were stopped: 0.0046620 seconds, Stopping threads took: 0.0000930 seconds
40.367: Application time: 0.0345390 seconds
40.367: [GC [PSYoungGen: 103488K->8016K(107520K)] 132520K->37048K(352768K), 0.0030320 secs] [Times: user=0.02 sys=0.00, real=0.01 secs] 
40.370: Total time for which application threads were stopped: 0.0032160 seconds, Stopping threads took: 0.0000920 seconds
40.399: Application time: 0.0285520 seconds
40.399: [GC [PSYoungGen: 100176K->8096K(107520K)] 129208K->37128K(352768K), 0.0030960 secs] [Times: user=0.02 sys=0.00, real=0.00 secs] 
40.402: Total time for which application threads were stopped: 0.0032690 seconds, Stopping threads took: 0.0000840 seconds
40.439: Application time: 0.0363490 seconds
40.439: [GC [PSYoungGen: 100256K->9616K(107520K)] 129288K->38648K(352768K), 0.0037760 secs] [Times: user=0.03 sys=0.00, real=0.00 secs] 
40.442: Total time for which application threads were stopped: 0.0039560 seconds, Stopping threads took: 0.0000890 seconds
40.473: Application time: 0.0300890 seconds
40.473: [GC [PSYoungGen: 101776K->7616K(107520K)] 130808K->36648K(352768K), 0.0030360 secs] [Times: user=0.02 sys=0.00, real=0.00 secs] 
40.476: Total time for which application threads were stopped: 0.0032090 seconds, Stopping threads took: 0.0000860 seconds
40.511: Application time: 0.0353380 seconds
40.511: [GC [PSYoungGen: 99776K->7920K(107520K)] 128808K->36952K(352768K), 0.0030790 secs] [Times: user=0.02 sys=0.00, real=0.00 secs] 
40.514: Total time for which application threads were stopped: 0.0032560 seconds, Stopping threads took: 0.0000870 seconds
40.541: Application time: 0.0263690 seconds
40.541: [GC [PSYoungGen: 100080K->7936K(107520K)] 129112K->36968K(352768K), 0.0030320 secs] [Times: user=0.02 sys=0.00, real=0.00 secs] 
40.544: Total time for which application threads were stopped: 0.0032030 seconds, Stopping threads took: 0.0000850 seconds
40.571: Application time: 0.0272840 seconds
40.571: [GC [PSYoungGen: 100096K->7936K(107520K)] 129128K->36968K(352768K), 0.0030210 secs] [Times: user=0.02 sys=0.00, real=0.00 secs] 
40.574: Total time for which application threads were stopped: 0.0031940 seconds, Stopping threads took: 0.0000830 seconds
40.606: Application time: 0.0312790 seconds
40.606: [GC [PSYoungGen: 100096K->8496K(107520K)] 129128K->37528K(352768K), 0.0031350 secs] [Times: user=0.02 sys=0.00, real=0.01 secs] 
40.609: Total time for which application threads were stopped: 0.0033130 seconds, Stopping threads took: 0.0000920 seconds
40.639: Application time: 0.0298170 seconds
40.639: [GC [PSYoungGen: 100656K->10640K(107520K)] 129688K->39672K(352768K), 0.0039430 secs] [Times: user=0.02 sys=0.00, real=0.00 secs] 
40.643: Total time for which application threads were stopped: 0.0041250 seconds, Stopping threads took: 0.0000910 seconds
40.677: Application time: 0.0341640 seconds
40.678: [GC [PSYoungGen: 102800K->9808K(107520K)] 131832K->38840K(352768K), 0.0036910 secs] [Times: user=0.03 sys=0.00, real=0.00 secs] 
40.682: Total time for which application threads were stopped: 0.0049680 seconds, Stopping threads took: 0.0011870 seconds
40.716: Application time: 0.0336680 seconds
40.716: [GC [PSYoungGen: 101968K->9744K(107520K)] 131000K->38776K(352768K), 0.0038280 secs] [Times: user=0.03 sys=0.00, real=0.01 secs] 
40.720: Total time for which application threads were stopped: 0.0040460 seconds, Stopping threads took: 0.0001240 seconds
40.753: Application time: 0.0334560 seconds
40.753: [GC [PSYoungGen: 101904K->9600K(107520K)] 130936K->38712K(352768K), 0.0037970 secs] [Times: user=0.03 sys=0.00, real=0.01 secs] 
40.757: Total time for which application threads were stopped: 0.0039630 seconds, Stopping threads took: 0.0000770 seconds
40.787: Application time: 0.0296750 seconds
40.787: [GC [PSYoungGen: 101760K->7824K(107520K)] 130872K->37024K(352768K), 0.0030570 secs] [Times: user=0.02 sys=0.00, real=0.01 secs] 
40.790: Total time for which application threads were stopped: 0.0032360 seconds, Stopping threads took: 0.0000760 seconds
40.816: Application time: 0.0259550 seconds
40.816: [GC [PSYoungGen: 99984K->8224K(107520K)] 129184K->37424K(352768K), 0.0030810 secs] [Times: user=0.03 sys=0.00, real=0.01 secs] 
40.819: Total time for which application threads were stopped: 0.0032420 seconds, Stopping threads took: 0.0000700 seconds
40.849: Application time: 0.0300870 seconds
40.850: [GC [PSYoungGen: 100384K->11904K(107520K)] 129584K->41152K(352768K), 0.0045570 secs] [Times: user=0.03 sys=0.00, real=0.00 secs] 
40.854: Total time for which application threads were stopped: 0.0047320 seconds, Stopping threads took: 0.0000810 seconds
40.885: Application time: 0.0308600 seconds
40.885: [GC [PSYoungGen: 104064K->10832K(107520K)] 133312K->40128K(352768K), 0.0041300 secs] [Times: user=0.03 sys=0.00, real=0.01 secs] 
40.889: Total time for which application threads were stopped: 0.0042940 seconds, Stopping threads took: 0.0000720 seconds
40.923: Application time: 0.0337520 seconds
40.923: [GC [PSYoungGen: 102992K->7568K(107520K)] 132288K->36929K(352768K), 0.0029910 secs] [Times: user=0.02 sys=0.00, real=0.00 secs] 
40.926: Total time for which application threads were stopped: 0.0031570 seconds, Stopping threads took: 0.0000790 seconds
40.959: Application time: 0.0331400 seconds
40.960: [GC [PSYoungGen: 99728K->7904K(107520K)] 129089K->37264K(352768K), 0.0030530 secs] [Times: user=0.02 sys=0.00, real=0.00 secs] 
40.963: Total time for which application threads were stopped: 0.0032180 seconds, Stopping threads took: 0.0000790 seconds
40.992: Application time: 0.0293470 seconds
40.992: [GC [PSYoungGen: 100064K->8160K(107520K)] 129424K->37521K(352768K), 0.0031360 secs] [Times: user=0.02 sys=0.00, real=0.00 secs] 
40.995: Total time for which application threads were stopped: 0.0032870 seconds, Stopping threads took: 0.0000590 seconds
41.028: Application time: 0.0328550 seconds
41.028: [GC [PSYoungGen: 100320K->8048K(107520K)] 129681K->37409K(352768K), 0.0031020 secs] [Times: user=0.02 sys=0.00, real=0.01 secs] 
41.031: Total time for which application threads were stopped: 0.0032820 seconds, Stopping threads took: 0.0000930 seconds
41.057: Application time: 0.0256100 seconds
41.057: [GC [PSYoungGen: 100208K->8000K(107520K)] 129569K->37409K(352768K), 0.0030430 secs] [Times: user=0.02 sys=0.00, real=0.00 secs] 
41.060: Total time for which application threads were stopped: 0.0032020 seconds, Stopping threads took: 0.0000730 seconds
41.090: Application time: 0.0295790 seconds
41.090: [GC [PSYoungGen: 100160K->10032K(107520K)] 129569K->39441K(352768K), 0.0038080 secs] [Times: user=0.02 sys=0.00, real=0.00 secs] 
41.094: Total time for which application threads were stopped: 0.0039570 seconds, Stopping threads took: 0.0000580 seconds
41.125: Application time: 0.0310920 seconds
41.125: [GC [PSYoungGen: 102192K->8192K(107520K)] 131601K->37601K(352768K), 0.0030870 secs] [Times: user=0.02 sys=0.00, real=0.00 secs] 
41.128: Total time for which application threads were stopped: 0.0032560 seconds, Stopping threads took: 0.0000810 seconds
41.160: Application time: 0.0322760 seconds
41.161: [GC [PSYoungGen: 100352K->7856K(107520K)] 129761K->37273K(352768K), 0.0031270 secs] [Times: user=0.02 sys=0.00, real=0.00 secs] 
41.164: Total time for which application threads were stopped: 0.0033000 seconds, Stopping threads took: 0.0000860 seconds
41.197: Application time: 0.0330310 seconds
41.197: [GC [PSYoungGen: 100016K->8368K(107520K)] 129433K->37785K(352768K), 0.0031760 secs] [Times: user=0.02 sys=0.00, real=0.00 secs] 
41.200: Total time for which application threads were stopped: 0.0033380 seconds, Stopping threads took: 0.0000750 seconds
41.230: Application time: 0.0302880 seconds
41.230: [GC [PSYoungGen: 100528K->9632K(107520K)] 129945K->39049K(352768K), 0.0036810 secs] [Times: user=0.02 sys=0.00, real=0.00 secs] 
41.234: Total time for which application threads were stopped: 0.0038550 seconds, Stopping threads took: 0.0000820 seconds
41.269: Application time: 0.0350530 seconds
41.269: [GC [PSYoungGen: 101792K->9712K(107520K)] 131209K->39128K(352768K), 0.0038270 secs] [Times: user=0.02 sys=0.00, real=0.00 secs] 
41.273: Total time for which application threads were stopped: 0.0039700 seconds, Stopping threads took: 0.0000500 seconds
41.301: Application time: 0.0276100 seconds
41.301: [GC [PSYoungGen: 101872K->7952K(107520K)] 131288K->37369K(352768K), 0.0030040 secs] [Times: user=0.02 sys=0.00, real=0.00 secs] 
41.304: Total time for which application threads were stopped: 0.0031730 seconds, Stopping threads took: 0.0000550 seconds
41.330: Application time: 0.0259500 seconds
41.330: [GC [PSYoungGen: 100112K->8304K(107520K)] 129529K->37721K(352768K), 0.0031000 secs] [Times: user=0.02 sys=0.00, real=0.00 secs] 
41.333: Total time for which application threads were stopped: 0.0032860 seconds, Stopping threads took: 0.0000960 seconds
41.366: Application time: 0.0331350 seconds
41.367: [GC [PSYoungGen: 100464K->8192K(107520K)] 129881K->37609K(352768K), 0.0030910 secs] [Times: user=0.02 sys=0.00, real=0.01 secs] 
41.370: Total time for which application threads were stopped: 0.0032740 seconds, Stopping threads took: 0.0000920 seconds
41.398: Application time: 0.0285170 seconds
41.398: [GC [PSYoungGen: 100352K->11472K(107520K)] 129769K->40889K(352768K), 0.0043440 secs] [Times: user=0.03 sys=0.00, real=0.00 secs] 
41.403: Total time for which application threads were stopped: 0.0045130 seconds, Stopping threads took: 0.0000780 seconds
41.437: Application time: 0.0345820 seconds
41.437: [GC [PSYoungGen: 103632K->9312K(107520K)] 133049K->38729K(352768K), 0.0035930 secs] [Times: user=0.02 sys=0.00, real=0.00 secs] 
41.441: Total time for which application threads were stopped: 0.0037680 seconds, Stopping threads took: 0.0000860 seconds
41.475: Application time: 0.0337030 seconds
41.475: [GC [PSYoungGen: 101472K->7968K(107520K)] 130889K->37385K(352768K), 0.0031050 secs] [Times: user=0.02 sys=0.00, real=0.01 secs] 
41.478: Total time for which application threads were stopped: 0.0032650 seconds, Stopping threads took: 0.0000740 seconds
41.508: Application time: 0.0304270 seconds
41.509: [GC [PSYoungGen: 100128K->7872K(107520K)] 129545K->37417K(352768K), 0.0031120 secs] [Times: user=0.02 sys=0.00, real=0.00 secs] 
41.512: Total time for which application threads were stopped: 0.0032810 seconds, Stopping threads took: 0.0000810 seconds
41.543: Application time: 0.0312050 seconds
41.543: [GC [PSYoungGen: 100032K->8272K(107520K)] 129577K->37865K(352768K), 0.0031950 secs] [Times: user=0.02 sys=0.00, real=0.00 secs] 
41.546: Total time for which application threads were stopped: 0.0033830 seconds, Stopping threads took: 0.0000960 seconds
41.573: Application time: 0.0262070 seconds
41.573: [GC [PSYoungGen: 100432K->7760K(107520K)] 130025K->37353K(352768K), 0.0029630 secs] [Times: user=0.02 sys=0.00, real=0.00 secs] 
41.576: Total time for which application threads were stopped: 0.0031210 seconds, Stopping threads took: 0.0000700 seconds
41.607: Application time: 0.0310330 seconds
41.607: [GC [PSYoungGen: 99920K->10352K(107520K)] 129513K->40001K(352768K), 0.0039220 secs] [Times: user=0.03 sys=0.00, real=0.01 secs] 
41.611: Total time for which application threads were stopped: 0.0041150 seconds, Stopping threads took: 0.0000990 seconds
41.641: Application time: 0.0299680 seconds
41.641: [GC [PSYoungGen: 102512K->8960K(107520K)] 132161K->38657K(352768K), 0.0033660 secs] [Times: user=0.02 sys=0.00, real=0.00 secs] 
41.644: Total time for which application threads were stopped: 0.0035490 seconds, Stopping threads took: 0.0000950 seconds
41.677: Application time: 0.0322730 seconds
41.677: [GC [PSYoungGen: 101120K->8272K(107520K)] 130817K->38025K(352768K), 0.0032320 secs] [Times: user=0.02 sys=0.00, real=0.00 secs] 
41.680: Total time for which application threads were stopped: 0.0034030 seconds, Stopping threads took: 0.0000850 seconds
41.715: Application time: 0.0350870 seconds
41.715: [GC [PSYoungGen: 100432K->7936K(107520K)] 130185K->37689K(352768K), 0.0030840 secs] [Times: user=0.03 sys=0.00, real=0.01 secs] 
41.718: Total time for which application threads were stopped: 0.0032550 seconds, Stopping threads took: 0.0000840 seconds
41.748: Application time: 0.0300420 seconds
41.749: [GC [PSYoungGen: 100096K->8144K(107520K)] 129849K->37897K(352768K), 0.0030170 secs] [Times: user=0.03 sys=0.00, real=0.00 secs] 
41.752: Total time for which application threads were stopped: 0.0031880 seconds, Stopping threads took: 0.0000860 seconds
41.784: Application time: 0.0326230 seconds
41.784: [GC [PSYoungGen: 100304K->8032K(107520K)] 130057K->37785K(352768K), 0.0029350 secs] [Times: user=0.02 sys=0.00, real=0.00 secs] 
41.787: Total time for which application threads were stopped: 0.0031220 seconds, Stopping threads took: 0.0001000 seconds
41.816: Application time: 0.0283640 seconds
41.816: [GC [PSYoungGen: 100192K->7840K(107520K)] 129945K->37657K(352768K), 0.0031160 secs] [Times: user=0.02 sys=0.00, real=0.01 secs] 
41.819: Total time for which application threads were stopped: 0.0033170 seconds, Stopping threads took: 0.0000930 seconds
41.848: Application time: 0.0288650 seconds
41.848: [GC [PSYoungGen: 100000K->9856K(107520K)] 129817K->39673K(352768K), 0.0037410 secs] [Times: user=0.03 sys=0.00, real=0.01 secs] 
41.852: Total time for which application threads were stopped: 0.0039090 seconds, Stopping threads took: 0.0000770 seconds
41.881: Application time: 0.0293110 seconds
41.881: [GC [PSYoungGen: 102016K->9920K(107520K)] 131833K->39737K(352768K), 0.0037840 secs] [Times: user=0.03 sys=0.00, real=0.00 secs] 
41.885: Total time for which application threads were stopped: 0.0039480 seconds, Stopping threads took: 0.0000720 seconds
41.918: Application time: 0.0328450 seconds
41.918: [GC [PSYoungGen: 102080K->8368K(107520K)] 131897K->38185K(352768K), 0.0031030 secs] [Times: user=0.02 sys=0.00, real=0.00 secs] 
41.921: Total time for which application threads were stopped: 0.0032410 seconds, Stopping threads took: 0.0000500 seconds
41.953: Application time: 0.0315700 seconds
41.953: [GC [PSYoungGen: 100528K->9472K(107520K)] 130345K->39289K(352768K), 0.0037160 secs] [Times: user=0.03 sys=0.00, real=0.01 secs] 
41.957: Total time for which application threads were stopped: 0.0039070 seconds, Stopping threads took: 0.0000910 seconds
41.990: Application time: 0.0335320 seconds
41.990: [GC [PSYoungGen: 101632K->8432K(107520K)] 131449K->38249K(352768K), 0.0031280 secs] [Times: user=0.02 sys=0.00, real=0.00 secs] 
41.994: Total time for which application threads were stopped: 0.0033040 seconds, Stopping threads took: 0.0000850 seconds
42.025: Application time: 0.0312810 seconds
42.025: [GC [PSYoungGen: 100592K->8016K(107520K)] 130409K->37833K(352768K), 0.0030730 secs] [Times: user=0.02 sys=0.00, real=0.00 secs] 
42.028: Total time for which application threads were stopped: 0.0032500 seconds, Stopping threads took: 0.0000870 seconds
42.058: Application time: 0.0295900 seconds
42.058: [GC [PSYoungGen: 100176K->8544K(107520K)] 129993K->38361K(352768K), 0.0032350 secs] [Times: user=0.02 sys=0.00, real=0.00 secs] 
42.061: Total time for which application threads were stopped: 0.0034050 seconds, Stopping threads took: 0.0000830 seconds
42.087: Application time: 0.0263650 seconds
42.088: [GC [PSYoungGen: 100704K->7952K(107520K)] 130521K->37769K(352768K), 0.0029810 secs] [Times: user=0.02 sys=0.00, real=0.01 secs] 
42.091: Total time for which application threads were stopped: 0.0031460 seconds, Stopping threads took: 0.0000750 seconds
42.124: Application time: 0.0334840 seconds
42.124: [GC [PSYoungGen: 100112K->11360K(107520K)] 129929K->41177K(352768K), 0.0043300 secs] [Times: user=0.03 sys=0.00, real=0.01 secs] 
42.129: Total time for which application threads were stopped: 0.0046680 seconds, Stopping threads took: 0.0002370 seconds
42.160: Application time: 0.0311590 seconds
42.160: [GC [PSYoungGen: 103520K->8544K(107520K)] 133337K->38361K(352768K), 0.0031520 secs] [Times: user=0.02 sys=0.00, real=0.00 secs] 
42.163: Total time for which application threads were stopped: 0.0033500 seconds, Stopping threads took: 0.0001090 seconds
42.194: Application time: 0.0309350 seconds
42.196: [GC [PSYoungGen: 100704K->8368K(107520K)] 130521K->38185K(352768K), 0.0032090 secs] [Times: user=0.02 sys=0.00, real=0.00 secs] 
42.200: Total time for which application threads were stopped: 0.0054960 seconds, Stopping threads took: 0.0022030 seconds
42.234: Application time: 0.0343520 seconds
42.234: [GC [PSYoungGen: 100528K->8144K(107520K)] 130345K->37961K(352768K), 0.0030820 secs] [Times: user=0.02 sys=0.00, real=0.01 secs] 
42.237: Total time for which application threads were stopped: 0.0032560 seconds, Stopping threads took: 0.0000870 seconds
42.267: Application time: 0.0300630 seconds
42.267: [GC [PSYoungGen: 100304K->8176K(107520K)] 130121K->38089K(352768K), 0.0030910 secs] [Times: user=0.02 sys=0.00, real=0.01 secs] 
42.271: Total time for which application threads were stopped: 0.0032720 seconds, Stopping threads took: 0.0000950 seconds
42.304: Application time: 0.0333860 seconds
42.304: [GC [PSYoungGen: 100336K->9664K(107520K)] 130249K->39625K(352768K), 0.0037120 secs] [Times: user=0.03 sys=0.00, real=0.00 secs] 
42.308: Total time for which application threads were stopped: 0.0039130 seconds, Stopping threads took: 0.0001110 seconds
42.334: Application time: 0.0265280 seconds
42.335: [GC [PSYoungGen: 101824K->7984K(107520K)] 131785K->37993K(352768K), 0.0030960 secs] [Times: user=0.02 sys=0.00, real=0.01 secs] 
42.338: Total time for which application threads were stopped: 0.0032800 seconds, Stopping threads took: 0.0000790 seconds
42.365: Application time: 0.0269700 seconds
42.365: [GC [PSYoungGen: 100144K->9232K(107520K)] 130153K->39289K(352768K), 0.0036290 secs] [Times: user=0.02 sys=0.00, real=0.01 secs] 
42.368: Total time for which application threads were stopped: 0.0037930 seconds, Stopping threads took: 0.0000750 seconds
42.401: Application time: 0.0327590 seconds
42.401: [GC [PSYoungGen: 101392K->8960K(107520K)] 131449K->39065K(352768K), 0.0034360 secs] [Times: user=0.02 sys=0.00, real=0.00 secs] 
42.405: Total time for which application threads were stopped: 0.0036070 seconds, Stopping threads took: 0.0000790 seconds
42.435: Application time: 0.0301250 seconds
42.435: [GC [PSYoungGen: 101120K->9920K(107520K)] 131225K->40025K(352768K), 0.0038390 secs] [Times: user=0.02 sys=0.00, real=0.01 secs] 
42.439: Total time for which application threads were stopped: 0.0040110 seconds, Stopping threads took: 0.0000800 seconds
42.473: Application time: 0.0336840 seconds
42.473: [GC [PSYoungGen: 102080K->10016K(107520K)] 132185K->40169K(352768K), 0.0038760 secs] [Times: user=0.03 sys=0.00, real=0.01 secs] 
42.477: Total time for which application threads were stopped: 0.0040410 seconds, Stopping threads took: 0.0000750 seconds
42.509: Application time: 0.0321920 seconds
42.509: [GC [PSYoungGen: 102176K->9744K(107520K)] 132329K->39897K(352768K), 0.0037880 secs] [Times: user=0.03 sys=0.00, real=0.00 secs] 
42.513: Total time for which application threads were stopped: 0.0039510 seconds, Stopping threads took: 0.0000690 seconds
42.545: Application time: 0.0317300 seconds
42.545: [GC [PSYoungGen: 101904K->7920K(107520K)] 132057K->38073K(352768K), 0.0031020 secs] [Times: user=0.02 sys=0.01, real=0.00 secs] 
42.548: Total time for which application threads were stopped: 0.0032630 seconds, Stopping threads took: 0.0000740 seconds
42.578: Application time: 0.0305140 seconds
42.579: [GC [PSYoungGen: 100080K->7680K(107520K)] 130233K->37889K(352768K), 0.0030500 secs] [Times: user=0.02 sys=0.00, real=0.00 secs] 
42.582: Total time for which application threads were stopped: 0.0032280 seconds, Stopping threads took: 0.0000880 seconds
42.607: Application time: 0.0248940 seconds
42.607: [GC [PSYoungGen: 99840K->8128K(107520K)] 130049K->38337K(352768K), 0.0031100 secs] [Times: user=0.02 sys=0.00, real=0.01 secs] 
42.610: Total time for which application threads were stopped: 0.0032750 seconds, Stopping threads took: 0.0000750 seconds
42.643: Application time: 0.0335520 seconds
42.643: [GC [PSYoungGen: 100288K->9824K(107520K)] 130497K->40033K(352768K), 0.0036940 secs] [Times: user=0.02 sys=0.00, real=0.00 secs] 
42.647: Total time for which application threads were stopped: 0.0038580 seconds, Stopping threads took: 0.0000750 seconds
42.677: Application time: 0.0295740 seconds
42.677: [GC [PSYoungGen: 101984K->8176K(107520K)] 132193K->38385K(352768K), 0.0030560 secs] [Times: user=0.02 sys=0.00, real=0.00 secs] 
42.680: Total time for which application threads were stopped: 0.0032110 seconds, Stopping threads took: 0.0000650 seconds
42.710: Application time: 0.0304820 seconds
42.711: [GC [PSYoungGen: 100336K->9872K(107520K)] 130545K->40081K(352768K), 0.0037690 secs] [Times: user=0.02 sys=0.00, real=0.00 secs] 
42.714: Total time for which application threads were stopped: 0.0039300 seconds, Stopping threads took: 0.0000700 seconds
42.751: Application time: 0.0363890 seconds
42.751: [GC [PSYoungGen: 102032K->8848K(107520K)] 132241K->39057K(352768K), 0.0033250 secs] [Times: user=0.02 sys=0.00, real=0.00 secs] 
42.754: Total time for which application threads were stopped: 0.0035110 seconds, Stopping threads took: 0.0000930 seconds
42.783: Application time: 0.0290030 seconds
42.783: [GC [PSYoungGen: 101008K->7936K(107520K)] 131217K->38145K(352768K), 0.0031060 secs] [Times: user=0.02 sys=0.00, real=0.00 secs] 
42.787: Total time for which application threads were stopped: 0.0032840 seconds, Stopping threads took: 0.0000910 seconds
42.821: Application time: 0.0346100 seconds
42.821: [GC [PSYoungGen: 100096K->8160K(107520K)] 130305K->38369K(352768K), 0.0031360 secs] [Times: user=0.02 sys=0.00, real=0.00 secs] 
42.825: Total time for which application threads were stopped: 0.0032850 seconds, Stopping threads took: 0.0000610 seconds
42.849: Application time: 0.0245330 seconds
42.849: [GC [PSYoungGen: 100320K->7936K(107520K)] 130529K->38145K(352768K), 0.0031300 secs] [Times: user=0.01 sys=0.00, real=0.00 secs] 
42.852: Total time for which application threads were stopped: 0.0032860 seconds, Stopping threads took: 0.0000540 seconds
42.881: Application time: 0.0281760 seconds
42.881: [GC [PSYoungGen: 100096K->11280K(107520K)] 130305K->41489K(352768K), 0.0043550 secs] [Times: user=0.03 sys=0.00, real=0.00 secs] 
42.885: Total time for which application threads were stopped: 0.0045330 seconds, Stopping threads took: 0.0000770 seconds
42.919: Application time: 0.0336650 seconds
42.919: [GC [PSYoungGen: 103440K->9760K(107520K)] 133649K->39969K(352768K), 0.0037430 secs] [Times: user=0.03 sys=0.00, real=0.00 secs] 
42.923: Total time for which application threads were stopped: 0.0039220 seconds, Stopping threads took: 0.0000870 seconds
42.952: Application time: 0.0290570 seconds
42.952: [GC [PSYoungGen: 101920K->8704K(107520K)] 132129K->38913K(352768K), 0.0032840 secs] [Times: user=0.02 sys=0.00, real=0.00 secs] 
42.955: Total time for which application threads were stopped: 0.0034460 seconds, Stopping threads took: 0.0000730 seconds
42.990: Application time: 0.0353010 seconds
42.991: [GC [PSYoungGen: 100864K->8224K(107520K)] 131073K->38433K(352768K), 0.0031680 secs] [Times: user=0.02 sys=0.00, real=0.00 secs] 
42.994: Total time for which application threads were stopped: 0.0033390 seconds, Stopping threads took: 0.0000840 seconds
43.024: Application time: 0.0298710 seconds
43.024: [GC [PSYoungGen: 100384K->9936K(107520K)] 130593K->40145K(352768K), 0.0037770 secs] [Times: user=0.03 sys=0.00, real=0.00 secs] 
43.028: Total time for which application threads were stopped: 0.0039610 seconds, Stopping threads took: 0.0000960 seconds
43.061: Application time: 0.0331360 seconds
43.061: [GC [PSYoungGen: 102096K->8864K(107520K)] 132305K->39185K(352768K), 0.0034940 secs] [Times: user=0.02 sys=0.00, real=0.00 secs] 
43.064: Total time for which application threads were stopped: 0.0036570 seconds, Stopping threads took: 0.0000750 seconds
43.093: Application time: 0.0288310 seconds
43.093: [GC [PSYoungGen: 101024K->7952K(107520K)] 131345K->38273K(352768K), 0.0029550 secs] [Times: user=0.02 sys=0.00, real=0.01 secs] 
43.096: Total time for which application threads were stopped: 0.0031160 seconds, Stopping threads took: 0.0000740 seconds
43.121: Application time: 0.0244770 seconds
43.121: [GC [PSYoungGen: 100112K->7568K(107520K)] 130433K->37945K(352768K), 0.0029520 secs] [Times: user=0.02 sys=0.00, real=0.00 secs] 
43.124: Total time for which application threads were stopped: 0.0031130 seconds, Stopping threads took: 0.0000740 seconds
43.160: Application time: 0.0359010 seconds
43.160: [GC [PSYoungGen: 99728K->11360K(107520K)] 130105K->41793K(352768K), 0.0043190 secs] [Times: user=0.03 sys=0.00, real=0.00 secs] 
43.164: Total time for which application threads were stopped: 0.0045030 seconds, Stopping threads took: 0.0000900 seconds
43.193: Application time: 0.0282010 seconds
43.193: [GC [PSYoungGen: 103520K->7904K(107520K)] 133953K->38385K(352768K), 0.0030240 secs] [Times: user=0.02 sys=0.00, real=0.00 secs] 
43.196: Total time for which application threads were stopped: 0.0032050 seconds, Stopping threads took: 0.0000950 seconds
43.230: Application time: 0.0342040 seconds
43.230: [GC [PSYoungGen: 100064K->9600K(107520K)] 130545K->40137K(352768K), 0.0037860 secs] [Times: user=0.03 sys=0.00, real=0.00 secs] 
43.234: Total time for which application threads were stopped: 0.0039670 seconds, Stopping threads took: 0.0000910 seconds
43.268: Application time: 0.0337940 seconds
43.268: [GC [PSYoungGen: 101760K->7904K(107520K)] 132297K->38441K(352768K), 0.0030410 secs] [Times: user=0.02 sys=0.00, real=0.01 secs] 
43.271: Total time for which application threads were stopped: 0.0032260 seconds, Stopping threads took: 0.0000950 seconds
43.300: Application time: 0.0294050 seconds
43.301: [GC [PSYoungGen: 100064K->7776K(107520K)] 130601K->38313K(352768K), 0.0030050 secs] [Times: user=0.02 sys=0.00, real=0.00 secs] 
43.304: Total time for which application threads were stopped: 0.0031620 seconds, Stopping threads took: 0.0000700 seconds
43.336: Application time: 0.0328760 seconds
43.337: [GC [PSYoungGen: 99936K->8112K(107520K)] 130473K->38705K(352768K), 0.0030890 secs] [Times: user=0.02 sys=0.00, real=0.00 secs] 
43.340: Total time for which application threads were stopped: 0.0032470 seconds, Stopping threads took: 0.0000710 seconds
43.364: Application time: 0.0240070 seconds
43.364: [GC [PSYoungGen: 100272K->7872K(107520K)] 130865K->38465K(352768K), 0.0029680 secs] [Times: user=0.02 sys=0.00, real=0.00 secs] 
43.367: Total time for which application threads were stopped: 0.0031360 seconds, Stopping threads took: 0.0000640 seconds
43.400: Application time: 0.0327110 seconds
43.400: [GC [PSYoungGen: 100032K->10784K(107520K)] 130625K->41377K(352768K), 0.0040450 secs] [Times: user=0.02 sys=0.00, real=0.00 secs] 
43.404: Total time for which application threads were stopped: 0.0042250 seconds, Stopping threads took: 0.0000880 seconds
43.435: Application time: 0.0311350 seconds
43.435: [GC [PSYoungGen: 102944K->7840K(107520K)] 133537K->38433K(352768K), 0.0030860 secs] [Times: user=0.02 sys=0.00, real=0.01 secs] 
43.438: Total time for which application threads were stopped: 0.0032640 seconds, Stopping threads took: 0.0000910 seconds
43.467: Application time: 0.0288380 seconds
43.468: [GC [PSYoungGen: 100000K->9632K(107520K)] 130593K->40225K(352768K), 0.0037540 secs] [Times: user=0.02 sys=0.00, real=0.00 secs] 
43.472: Total time for which application threads were stopped: 0.0051740 seconds, Stopping threads took: 0.0013310 seconds
43.509: Application time: 0.0364690 seconds
43.509: [GC [PSYoungGen: 101792K->7952K(107520K)] 132385K->38545K(352768K), 0.0030220 secs] [Times: user=0.02 sys=0.00, real=0.00 secs] 
43.512: Total time for which application threads were stopped: 0.0032410 seconds, Stopping threads took: 0.0001300 seconds
43.540: Application time: 0.0277740 seconds
43.540: [GC [PSYoungGen: 100112K->9504K(107520K)] 130705K->40097K(352768K), 0.0037050 secs] [Times: user=0.02 sys=0.00, real=0.00 secs] 
43.544: Total time for which application threads were stopped: 0.0038930 seconds, Stopping threads took: 0.0000950 seconds
43.578: Application time: 0.0339120 seconds
43.578: [GC [PSYoungGen: 101664K->9936K(107520K)] 132257K->40529K(352768K), 0.0038110 secs] [Times: user=0.03 sys=0.00, real=0.00 secs] 
43.582: Total time for which application threads were stopped: 0.0039970 seconds, Stopping threads took: 0.0000930 seconds
43.609: Application time: 0.0271250 seconds
43.609: [GC [PSYoungGen: 102096K->8160K(107520K)] 132689K->38753K(352768K), 0.0031120 secs] [Times: user=0.02 sys=0.00, real=0.00 secs] 
43.612: Total time for which application threads were stopped: 0.0032910 seconds, Stopping threads took: 0.0000910 seconds
43.638: Application time: 0.0259810 seconds
43.638: [GC [PSYoungGen: 100320K->9072K(107520K)] 130913K->39665K(352768K), 0.0033480 secs] [Times: user=0.03 sys=0.00, real=0.00 secs] 
43.641: Total time for which application threads were stopped: 0.0035040 seconds, Stopping threads took: 0.0000700 seconds
43.679: Application time: 0.0370910 seconds
43.679: [GC [PSYoungGen: 101232K->8448K(107520K)] 131825K->39041K(352768K), 0.0031140 secs] [Times: user=0.03 sys=0.00, real=0.00 secs] 
43.682: Total time for which application threads were stopped: 0.0032870 seconds, Stopping threads took: 0.0000840 seconds
43.709: Application time: 0.0269920 seconds
43.709: [GC [PSYoungGen: 100608K->7792K(107520K)] 131201K->38385K(352768K), 0.0030070 secs] [Times: user=0.02 sys=0.00, real=0.00 secs] 
43.712: Total time for which application threads were stopped: 0.0031770 seconds, Stopping threads took: 0.0000840 seconds
43.747: Application time: 0.0348810 seconds
43.747: [GC [PSYoungGen: 99952K->9568K(107520K)] 130545K->40161K(352768K), 0.0037530 secs] [Times: user=0.03 sys=0.00, real=0.01 secs] 
43.751: Total time for which application threads were stopped: 0.0039280 seconds, Stopping threads took: 0.0000800 seconds
43.782: Application time: 0.0313450 seconds
43.782: [GC [PSYoungGen: 101728K->7792K(107520K)] 132321K->38385K(352768K), 0.0030620 secs] [Times: user=0.02 sys=0.00, real=0.00 secs] 
43.785: Total time for which application threads were stopped: 0.0032490 seconds, Stopping threads took: 0.0001040 seconds
43.817: Application time: 0.0311940 seconds
43.817: [GC [PSYoungGen: 99952K->7744K(107520K)] 130545K->38453K(352768K), 0.0031100 secs] [Times: user=0.02 sys=0.00, real=0.00 secs] 
43.820: Total time for which application threads were stopped: 0.0032800 seconds, Stopping threads took: 0.0000770 seconds
43.851: Application time: 0.0310720 seconds
43.851: [GC [PSYoungGen: 99904K->7856K(107520K)] 130613K->38565K(352768K), 0.0030280 secs] [Times: user=0.02 sys=0.00, real=0.00 secs] 
43.854: Total time for which application threads were stopped: 0.0032010 seconds, Stopping threads took: 0.0000870 seconds
43.879: Application time: 0.0249990 seconds
43.879: [GC [PSYoungGen: 100016K->8160K(107520K)] 130725K->38917K(352768K), 0.0031370 secs] [Times: user=0.02 sys=0.00, real=0.00 secs] 
43.882: Total time for which application threads were stopped: 0.0033280 seconds, Stopping threads took: 0.0000860 seconds
43.917: Application time: 0.0346570 seconds
43.917: [GC [PSYoungGen: 100320K->8400K(107520K)] 131077K->39214K(352768K), 0.0031060 secs] [Times: user=0.02 sys=0.00, real=0.00 secs] 
43.920: Total time for which application threads were stopped: 0.0032740 seconds, Stopping threads took: 0.0000810 seconds
43.950: Application time: 0.0296380 seconds
43.950: [GC [PSYoungGen: 100560K->8192K(107520K)] 131374K->39045K(352768K), 0.0031580 secs] [Times: user=0.02 sys=0.00, real=0.00 secs] 
43.953: Total time for which application threads were stopped: 0.0033500 seconds, Stopping threads took: 0.0001060 seconds
43.984: Application time: 0.0303550 seconds
43.984: [GC [PSYoungGen: 100352K->9344K(107520K)] 131205K->40245K(352768K), 0.0036890 secs] [Times: user=0.03 sys=0.00, real=0.00 secs] 
43.988: Total time for which application threads were stopped: 0.0039030 seconds, Stopping threads took: 0.0001210 seconds
44.022: Application time: 0.0345970 seconds
44.022: [GC [PSYoungGen: 101504K->7920K(107520K)] 132405K->38821K(352768K), 0.0029650 secs] [Times: user=0.02 sys=0.00, real=0.00 secs] 
44.025: Total time for which application threads were stopped: 0.0031220 seconds, Stopping threads took: 0.0000710 seconds
44.054: Application time: 0.0289490 seconds
44.054: [GC [PSYoungGen: 100080K->8096K(107520K)] 130981K->38998K(352768K), 0.0030930 secs] [Times: user=0.02 sys=0.00, real=0.01 secs] 
44.058: Total time for which application threads were stopped: 0.0032600 seconds, Stopping threads took: 0.0000780 seconds
44.091: Application time: 0.0338420 seconds
44.092: [GC [PSYoungGen: 100256K->9952K(107520K)] 131158K->40910K(352768K), 0.0037820 secs] [Times: user=0.03 sys=0.00, real=0.00 secs] 
44.095: Total time for which application threads were stopped: 0.0039640 seconds, Stopping threads took: 0.0000920 seconds
44.121: Application time: 0.0258970 seconds
44.121: [GC [PSYoungGen: 102112K->7776K(107520K)] 133070K->38733K(352768K), 0.0029430 secs] [Times: user=0.02 sys=0.00, real=0.00 secs] 
44.124: Total time for which application threads were stopped: 0.0031030 seconds, Stopping threads took: 0.0000740 seconds
44.153: Application time: 0.0283690 seconds
44.153: [GC [PSYoungGen: 99936K->9232K(107520K)] 130893K->40190K(352768K), 0.0036600 secs] [Times: user=0.02 sys=0.00, real=0.01 secs] 
44.157: Total time for which application threads were stopped: 0.0038270 seconds, Stopping threads took: 0.0000760 seconds
44.190: Application time: 0.0332180 seconds
44.190: [GC [PSYoungGen: 101392K->9632K(107520K)] 132350K->40590K(352768K), 0.0037560 secs] [Times: user=0.02 sys=0.00, real=0.00 secs] 
44.194: Total time for which application threads were stopped: 0.0039150 seconds, Stopping threads took: 0.0000710 seconds
44.223: Application time: 0.0296170 seconds
44.224: [GC [PSYoungGen: 101792K->9056K(107520K)] 132750K->40014K(352768K), 0.0034500 secs] [Times: user=0.02 sys=0.00, real=0.00 secs] 
44.227: Total time for which application threads were stopped: 0.0036460 seconds, Stopping threads took: 0.0001040 seconds
44.261: Application time: 0.0335760 seconds
44.261: [GC [PSYoungGen: 101216K->8416K(107520K)] 132174K->39374K(352768K), 0.0032340 secs] [Times: user=0.02 sys=0.00, real=0.00 secs] 
44.264: Total time for which application threads were stopped: 0.0034090 seconds, Stopping threads took: 0.0000840 seconds
44.297: Application time: 0.0328280 seconds
44.297: [GC [PSYoungGen: 100576K->8448K(107520K)] 131534K->39406K(352768K), 0.0031680 secs] [Times: user=0.02 sys=0.00, real=0.00 secs] 
44.300: Total time for which application threads were stopped: 0.0033240 seconds, Stopping threads took: 0.0000690 seconds
44.330: Application time: 0.0302130 seconds
44.330: [GC [PSYoungGen: 100608K->8016K(107520K)] 131566K->38974K(352768K), 0.0030960 secs] [Times: user=0.02 sys=0.00, real=0.00 secs] 
44.334: Total time for which application threads were stopped: 0.0032540 seconds, Stopping threads took: 0.0000710 seconds
44.365: Application time: 0.0313530 seconds
44.365: [GC [PSYoungGen: 100176K->7968K(107520K)] 131134K->38926K(352768K), 0.0031160 secs] [Times: user=0.02 sys=0.00, real=0.00 secs] 
44.368: Total time for which application threads were stopped: 0.0032850 seconds, Stopping threads took: 0.0000820 seconds
44.393: Application time: 0.0247090 seconds
44.393: [GC [PSYoungGen: 100128K->7776K(107520K)] 131086K->38734K(352768K), 0.0029900 secs] [Times: user=0.02 sys=0.00, real=0.00 secs] 
44.396: Total time for which application threads were stopped: 0.0031850 seconds, Stopping threads took: 0.0000870 seconds
44.429: Application time: 0.0327710 seconds
44.429: [GC [PSYoungGen: 99936K->9968K(107520K)] 130894K->40926K(352768K), 0.0037580 secs] [Times: user=0.03 sys=0.00, real=0.00 secs] 
44.433: Total time for which application threads were stopped: 0.0039230 seconds, Stopping threads took: 0.0000760 seconds
44.465: Application time: 0.0317160 seconds
44.465: [GC [PSYoungGen: 102128K->7920K(107520K)] 133086K->38878K(352768K), 0.0029710 secs] [Times: user=0.02 sys=0.00, real=0.00 secs] 
44.468: Total time for which application threads were stopped: 0.0031460 seconds, Stopping threads took: 0.0000850 seconds
44.497: Application time: 0.0289610 seconds
44.497: [GC [PSYoungGen: 100080K->8272K(107520K)] 131038K->39230K(352768K), 0.0031570 secs] [Times: user=0.02 sys=0.00, real=0.00 secs] 
44.500: Total time for which application threads were stopped: 0.0033140 seconds, Stopping threads took: 0.0000700 seconds
44.537: Application time: 0.0371030 seconds
44.537: [GC [PSYoungGen: 100432K->10128K(107520K)] 131390K->41086K(352768K), 0.0038520 secs] [Times: user=0.02 sys=0.00, real=0.00 secs] 
44.541: Total time for which application threads were stopped: 0.0040260 seconds, Stopping threads took: 0.0000870 seconds
44.569: Application time: 0.0278320 seconds
44.569: [GC [PSYoungGen: 102288K->7872K(107520K)] 133246K->38930K(352768K), 0.0031030 secs] [Times: user=0.03 sys=0.00, real=0.00 secs] 
44.572: Total time for which application threads were stopped: 0.0032730 seconds, Stopping threads took: 0.0000840 seconds
44.607: Application time: 0.0345030 seconds
44.607: [GC [PSYoungGen: 100032K->8112K(107520K)] 131090K->39226K(352768K), 0.0030540 secs] [Times: user=0.02 sys=0.00, real=0.01 secs] 
44.610: Total time for which application threads were stopped: 0.0032330 seconds, Stopping threads took: 0.0000890 seconds
44.635: Application time: 0.0249940 seconds
44.635: [GC [PSYoungGen: 100272K->7712K(107520K)] 131386K->38874K(352768K), 0.0030080 secs] [Times: user=0.02 sys=0.00, real=0.01 secs] 
44.638: Total time for which application threads were stopped: 0.0031950 seconds, Stopping threads took: 0.0001000 seconds
44.666: Application time: 0.0273300 seconds
44.666: [GC [PSYoungGen: 99872K->9376K(107520K)] 131034K->40578K(352768K), 0.0036540 secs] [Times: user=0.03 sys=0.00, real=0.01 secs] 
44.669: Total time for which application threads were stopped: 0.0038290 seconds, Stopping threads took: 0.0000860 seconds
44.704: Application time: 0.0346410 seconds
44.704: [GC [PSYoungGen: 101536K->8208K(107520K)] 132738K->39466K(352768K), 0.0031090 secs] [Times: user=0.02 sys=0.00, real=0.00 secs] 
44.707: Total time for which application threads were stopped: 0.0032770 seconds, Stopping threads took: 0.0000730 seconds
44.735: Application time: 0.0274580 seconds
44.735: [GC [PSYoungGen: 100368K->9440K(107520K)] 131626K->40698K(352768K), 0.0036190 secs] [Times: user=0.03 sys=0.00, real=0.01 secs] 
44.739: Total time for which application threads were stopped: 0.0037840 seconds, Stopping threads took: 0.0000670 seconds
44.774: Application time: 0.0350340 seconds
44.774: [GC [PSYoungGen: 101600K->8128K(107520K)] 132858K->39442K(352768K), 0.0030500 secs] [Times: user=0.02 sys=0.00, real=0.01 secs] 
44.777: Total time for which application threads were stopped: 0.0032370 seconds, Stopping threads took: 0.0001010 seconds
44.809: Application time: 0.0321390 seconds
44.809: [GC [PSYoungGen: 100288K->7696K(107520K)] 131602K->39010K(352768K), 0.0029460 secs] [Times: user=0.02 sys=0.00, real=0.00 secs] 
44.812: Total time for which application threads were stopped: 0.0031220 seconds, Stopping threads took: 0.0000920 seconds
44.843: Application time: 0.0313300 seconds
44.844: [GC [PSYoungGen: 99856K->7792K(107520K)] 131170K->39106K(352768K), 0.0030580 secs] [Times: user=0.02 sys=0.00, real=0.00 secs] 
44.848: Total time for which application threads were stopped: 0.0041240 seconds, Stopping threads took: 0.0009760 seconds
44.877: Application time: 0.0296140 seconds
44.877: [GC [PSYoungGen: 99952K->8064K(107520K)] 131266K->39434K(352768K), 0.0031540 secs] [Times: user=0.02 sys=0.00, real=0.00 secs] 
44.880: Total time for which application threads were stopped: 0.0033270 seconds, Stopping threads took: 0.0000870 seconds
44.905: Application time: 0.0249620 seconds
44.906: [GC [PSYoungGen: 100224K->7728K(107520K)] 131594K->39098K(352768K), 0.0029480 secs] [Times: user=0.02 sys=0.00, real=0.01 secs] 
44.909: Total time for which application threads were stopped: 0.0031760 seconds, Stopping threads took: 0.0001180 seconds
44.943: Application time: 0.0347170 seconds
44.943: [GC [PSYoungGen: 99888K->10576K(107520K)] 131258K->41946K(352768K), 0.0039610 secs] [Times: user=0.03 sys=0.00, real=0.00 secs] 
44.947: Total time for which application threads were stopped: 0.0041460 seconds, Stopping threads took: 0.0000940 seconds
44.977: Application time: 0.0297000 seconds
44.977: [GC [PSYoungGen: 102736K->8288K(107520K)] 134106K->39658K(352768K), 0.0030990 secs] [Times: user=0.02 sys=0.00, real=0.00 secs] 
44.980: Total time for which application threads were stopped: 0.0032500 seconds, Stopping threads took: 0.0000630 seconds
45.010: Application time: 0.0298510 seconds
45.010: [GC [PSYoungGen: 100448K->8208K(107520K)] 131818K->39578K(352768K), 0.0031290 secs] [Times: user=0.02 sys=0.00, real=0.00 secs] 
45.014: Total time for which application threads were stopped: 0.0032880 seconds, Stopping threads took: 0.0000710 seconds
45.051: Application time: 0.0376090 seconds
45.052: [GC [PSYoungGen: 100368K->8224K(107520K)] 131738K->39594K(352768K), 0.0031830 secs] [Times: user=0.01 sys=0.00, real=0.00 secs] 
45.056: Total time for which application threads were stopped: 0.0044330 seconds, Stopping threads took: 0.0011650 seconds
45.082: Application time: 0.0267230 seconds
45.082: [GC [PSYoungGen: 100384K->8048K(107520K)] 131754K->39418K(352768K), 0.0030970 secs] [Times: user=0.02 sys=0.00, real=0.00 secs] 
45.086: Total time for which application threads were stopped: 0.0032780 seconds, Stopping threads took: 0.0000950 seconds
45.119: Application time: 0.0337010 seconds
45.119: [GC [PSYoungGen: 100208K->8320K(107520K)] 131578K->39690K(352768K), 0.0031640 secs] [Times: user=0.02 sys=0.00, real=0.00 secs] 
45.123: Total time for which application threads were stopped: 0.0033550 seconds, Stopping threads took: 0.0001000 seconds
45.148: Application time: 0.0257590 seconds
45.149: [GC [PSYoungGen: 100480K->7984K(107520K)] 131850K->39354K(352768K), 0.0029620 secs] [Times: user=0.02 sys=0.00, real=0.00 secs] 
45.152: Total time for which application threads were stopped: 0.0031240 seconds, Stopping threads took: 0.0000730 seconds
45.181: Application time: 0.0298730 seconds
45.182: [GC [PSYoungGen: 100144K->11216K(107520K)] 131514K->42586K(352768K), 0.0042260 secs] [Times: user=0.03 sys=0.00, real=0.00 secs] 
45.186: Total time for which application threads were stopped: 0.0043940 seconds, Stopping threads took: 0.0000760 seconds
45.218: Application time: 0.0321120 seconds
45.218: [GC [PSYoungGen: 103376K->10032K(107520K)] 134746K->41402K(352768K), 0.0052580 secs] [Times: user=0.03 sys=0.00, real=0.00 secs] 
45.223: Total time for which application threads were stopped: 0.0054060 seconds, Stopping threads took: 0.0000580 seconds
45.252: Application time: 0.0282810 seconds
45.252: [GC [PSYoungGen: 102192K->8928K(107520K)] 133562K->40298K(352768K), 0.0033110 secs] [Times: user=0.02 sys=0.00, real=0.00 secs] 
45.255: Total time for which application threads were stopped: 0.0034800 seconds, Stopping threads took: 0.0000830 seconds
45.294: Application time: 0.0383840 seconds
45.294: [GC [PSYoungGen: 101088K->9984K(107520K)] 132458K->41354K(352768K), 0.0038440 secs] [Times: user=0.03 sys=0.00, real=0.01 secs] 
45.298: Total time for which application threads were stopped: 0.0040550 seconds, Stopping threads took: 0.0001180 seconds
45.327: Application time: 0.0292200 seconds
45.328: [GC [PSYoungGen: 102144K->7968K(107520K)] 133514K->39394K(352768K), 0.0031120 secs] [Times: user=0.02 sys=0.00, real=0.00 secs] 
45.332: Total time for which application threads were stopped: 0.0047440 seconds, Stopping threads took: 0.0015440 seconds
45.365: Application time: 0.0333490 seconds
45.365: [GC [PSYoungGen: 100128K->8832K(107520K)] 131554K->40346K(352768K), 0.0033750 secs] [Times: user=0.02 sys=0.00, real=0.01 secs] 
45.368: Total time for which application threads were stopped: 0.0035340 seconds, Stopping threads took: 0.0000680 seconds
45.397: Application time: 0.0282670 seconds
45.397: [GC [PSYoungGen: 100992K->7920K(107520K)] 132506K->39434K(352768K), 0.0030300 secs] [Times: user=0.02 sys=0.00, real=0.00 secs] 
45.400: Total time for which application threads were stopped: 0.0031970 seconds, Stopping threads took: 0.0000770 seconds
45.425: Application time: 0.0251480 seconds
45.425: [GC [PSYoungGen: 100080K->8288K(107520K)] 131594K->39850K(352768K), 0.0031350 secs] [Times: user=0.02 sys=0.00, real=0.01 secs] 
45.428: Total time for which application threads were stopped: 0.0033270 seconds, Stopping threads took: 0.0000840 seconds
45.462: Application time: 0.0331950 seconds
45.462: [GC [PSYoungGen: 100448K->9712K(107520K)] 132010K->41354K(352768K), 0.0037080 secs] [Times: user=0.02 sys=0.00, real=0.00 secs] 
45.465: Total time for which application threads were stopped: 0.0038900 seconds, Stopping threads took: 0.0000930 seconds
45.495: Application time: 0.0291580 seconds
45.495: [GC [PSYoungGen: 101872K->7872K(107520K)] 133514K->39514K(352768K), 0.0029420 secs] [Times: user=0.02 sys=0.00, real=0.01 secs] 
45.498: Total time for which application threads were stopped: 0.0030990 seconds, Stopping threads took: 0.0000690 seconds
45.531: Application time: 0.0332810 seconds
45.531: [GC [PSYoungGen: 100032K->7936K(107520K)] 131674K->39626K(352768K), 0.0030200 secs] [Times: user=0.02 sys=0.00, real=0.00 secs] 
45.534: Total time for which application threads were stopped: 0.0031950 seconds, Stopping threads took: 0.0000890 seconds
45.570: Application time: 0.0355660 seconds
45.572: [GC [PSYoungGen: 100096K->7488K(107520K)] 131786K->39178K(352768K), 0.0028950 secs] [Times: user=0.02 sys=0.00, real=0.00 secs] 
45.575: Total time for which application threads were stopped: 0.0055730 seconds, Stopping threads took: 0.0025880 seconds
45.604: Application time: 0.0283650 seconds
45.604: [GC [PSYoungGen: 99648K->7664K(107520K)] 131338K->39354K(352768K), 0.0030510 secs] [Times: user=0.02 sys=0.00, real=0.00 secs] 
45.607: Total time for which application threads were stopped: 0.0032260 seconds, Stopping threads took: 0.0000870 seconds
45.639: Application time: 0.0324880 seconds
45.640: [GC [PSYoungGen: 99824K->8272K(107520K)] 131514K->40010K(352768K), 0.0031670 secs] [Times: user=0.02 sys=0.00, real=0.00 secs] 
45.643: Total time for which application threads were stopped: 0.0033610 seconds, Stopping threads took: 0.0001060 seconds
45.668: Application time: 0.0252400 seconds
45.668: [GC [PSYoungGen: 100432K->7984K(107520K)] 132170K->39722K(352768K), 0.0030330 secs] [Times: user=0.02 sys=0.00, real=0.01 secs] 
45.671: Total time for which application threads were stopped: 0.0032130 seconds, Stopping threads took: 0.0000820 seconds
45.702: Application time: 0.0305190 seconds
45.702: [GC [PSYoungGen: 100144K->8688K(107520K)] 131882K->40426K(352768K), 0.0032880 secs] [Times: user=0.03 sys=0.00, real=0.00 secs] 
45.705: Total time for which application threads were stopped: 0.0034460 seconds, Stopping threads took: 0.0000680 seconds
45.737: Application time: 0.0317560 seconds
45.737: [GC [PSYoungGen: 100848K->8704K(107520K)] 132586K->40442K(352768K), 0.0033190 secs] [Times: user=0.02 sys=0.00, real=0.00 secs] 
45.740: Total time for which application threads were stopped: 0.0034980 seconds, Stopping threads took: 0.0000860 seconds
45.768: Application time: 0.0273520 seconds
45.768: [GC [PSYoungGen: 100864K->9552K(107520K)] 132602K->41290K(352768K), 0.0037100 secs] [Times: user=0.03 sys=0.00, real=0.01 secs] 
45.772: Total time for which application threads were stopped: 0.0038990 seconds, Stopping threads took: 0.0000990 seconds
45.811: Application time: 0.0389830 seconds
45.811: [GC [PSYoungGen: 101712K->8592K(107520K)] 133450K->40330K(352768K), 0.0032070 secs] [Times: user=0.02 sys=0.00, real=0.00 secs] 
45.814: Total time for which application threads were stopped: 0.0033820 seconds, Stopping threads took: 0.0000840 seconds
45.843: Application time: 0.0288650 seconds
45.843: [GC [PSYoungGen: 100752K->8032K(107520K)] 132490K->39770K(352768K), 0.0030950 secs] [Times: user=0.02 sys=0.00, real=0.00 secs] 
45.846: Total time for which application threads were stopped: 0.0033120 seconds, Stopping threads took: 0.0001300 seconds
45.879: Application time: 0.0326780 seconds
45.879: [GC [PSYoungGen: 100192K->8320K(107520K)] 131930K->40058K(352768K), 0.0031790 secs] [Times: user=0.02 sys=0.00, real=0.00 secs] 
45.882: Total time for which application threads were stopped: 0.0033620 seconds, Stopping threads took: 0.0000890 seconds
45.910: Application time: 0.0273180 seconds
45.910: [GC [PSYoungGen: 100480K->7888K(107520K)] 132218K->39626K(352768K), 0.0030670 secs] [Times: user=0.02 sys=0.00, real=0.00 secs] 
45.913: Total time for which application threads were stopped: 0.0032650 seconds, Stopping threads took: 0.0001070 seconds
45.938: Application time: 0.0255170 seconds
45.939: [GC [PSYoungGen: 100048K->10032K(107520K)] 131786K->41770K(352768K), 0.0038480 secs] [Times: user=0.03 sys=0.00, real=0.00 secs] 
45.942: Total time for which application threads were stopped: 0.0040320 seconds, Stopping threads took: 0.0000720 seconds
45.976: Application time: 0.0331670 seconds
45.976: [GC [PSYoungGen: 102192K->12080K(107520K)] 133930K->43818K(352768K), 0.0045670 secs] [Times: user=0.03 sys=0.00, real=0.01 secs] 
45.980: Total time for which application threads were stopped: 0.0047500 seconds, Stopping threads took: 0.0000910 seconds
46.009: Application time: 0.0285860 seconds
46.009: [GC [PSYoungGen: 104240K->8224K(107520K)] 135978K->39962K(352768K), 0.0031120 secs] [Times: user=0.02 sys=0.00, real=0.00 secs] 
46.012: Total time for which application threads were stopped: 0.0032860 seconds, Stopping threads took: 0.0000870 seconds
46.048: Application time: 0.0355110 seconds
46.048: [GC [PSYoungGen: 100384K->11472K(107520K)] 132122K->43210K(352768K), 0.0044490 secs] [Times: user=0.03 sys=0.00, real=0.01 secs] 
46.052: Total time for which application threads were stopped: 0.0046530 seconds, Stopping threads took: 0.0001140 seconds
46.085: Application time: 0.0330420 seconds
46.086: [GC [PSYoungGen: 103632K->8016K(107520K)] 135370K->39754K(352768K), 0.0031080 secs] [Times: user=0.02 sys=0.00, real=0.01 secs] 
46.089: Total time for which application threads were stopped: 0.0032860 seconds, Stopping threads took: 0.0000890 seconds
46.119: Application time: 0.0298230 seconds
46.119: [GC [PSYoungGen: 100176K->7648K(107520K)] 131914K->39502K(352768K), 0.0030490 secs] [Times: user=0.01 sys=0.00, real=0.00 secs] 
46.122: Total time for which application threads were stopped: 0.0032030 seconds, Stopping threads took: 0.0000690 seconds
46.152: Application time: 0.0303820 seconds
46.152: [GC [PSYoungGen: 99808K->9600K(107520K)] 131662K->41454K(352768K), 0.0036370 secs] [Times: user=0.03 sys=0.00, real=0.00 secs] 
46.156: Total time for which application threads were stopped: 0.0038450 seconds, Stopping threads took: 0.0001150 seconds
46.182: Application time: 0.0263650 seconds
46.183: [GC [PSYoungGen: 101760K->7984K(107520K)] 133614K->39894K(352768K), 0.0030630 secs] [Times: user=0.01 sys=0.00, real=0.00 secs] 
46.186: Total time for which application threads were stopped: 0.0032210 seconds, Stopping threads took: 0.0000710 seconds
46.218: Application time: 0.0323160 seconds
46.218: [GC [PSYoungGen: 100144K->7952K(107520K)] 132054K->39942K(352768K), 0.0029710 secs] [Times: user=0.02 sys=0.00, real=0.00 secs] 
46.221: Total time for which application threads were stopped: 0.0031610 seconds, Stopping threads took: 0.0001040 seconds
46.251: Application time: 0.0298000 seconds
46.251: [GC [PSYoungGen: 100112K->8224K(107520K)] 132102K->40214K(352768K), 0.0030940 secs] [Times: user=0.02 sys=0.00, real=0.00 secs] 
46.254: Total time for which application threads were stopped: 0.0032640 seconds, Stopping threads took: 0.0000810 seconds
46.283: Application time: 0.0292300 seconds
46.284: [GC [PSYoungGen: 100384K->9504K(107520K)] 132374K->41494K(352768K), 0.0037140 secs] [Times: user=0.02 sys=0.00, real=0.00 secs] 
46.287: Total time for which application threads were stopped: 0.0039060 seconds, Stopping threads took: 0.0000990 seconds
46.326: Application time: 0.0388500 seconds
46.326: [GC [PSYoungGen: 101664K->8064K(107520K)] 133654K->40110K(352768K), 0.0031490 secs] [Times: user=0.02 sys=0.00, real=0.01 secs] 
46.330: Total time for which application threads were stopped: 0.0033350 seconds, Stopping threads took: 0.0000990 seconds
46.359: Application time: 0.0292960 seconds
46.359: [GC [PSYoungGen: 100224K->7616K(107520K)] 132270K->39662K(352768K), 0.0029580 secs] [Times: user=0.02 sys=0.00, real=0.00 secs] 
46.362: Total time for which application threads were stopped: 0.0031490 seconds, Stopping threads took: 0.0001020 seconds
46.394: Application time: 0.0317730 seconds
46.394: [GC [PSYoungGen: 99776K->7920K(107520K)] 131822K->40022K(352768K), 0.0030420 secs] [Times: user=0.02 sys=0.00, real=0.01 secs] 
46.397: Total time for which application threads were stopped: 0.0032160 seconds, Stopping threads took: 0.0000880 seconds
46.425: Application time: 0.0276500 seconds
46.425: [GC [PSYoungGen: 100080K->7952K(107520K)] 132182K->40054K(352768K), 0.0029720 secs] [Times: user=0.02 sys=0.00, real=0.00 secs] 
46.428: Total time for which application threads were stopped: 0.0031540 seconds, Stopping threads took: 0.0000930 seconds
46.454: Application time: 0.0261460 seconds
46.454: [GC [PSYoungGen: 100112K->10224K(107520K)] 132214K->42326K(352768K), 0.0039620 secs] [Times: user=0.03 sys=0.00, real=0.01 secs] 
46.458: Total time for which application threads were stopped: 0.0041580 seconds, Stopping threads took: 0.0000880 seconds
46.492: Application time: 0.0334830 seconds
46.492: [GC [PSYoungGen: 102384K->11872K(107520K)] 134486K->43974K(352768K), 0.0045540 secs] [Times: user=0.04 sys=0.00, real=0.00 secs] 
46.496: Total time for which application threads were stopped: 0.0047330 seconds, Stopping threads took: 0.0000860 seconds
46.523: Application time: 0.0270210 seconds
46.523: [GC [PSYoungGen: 104032K->8000K(107520K)] 136134K->40102K(352768K), 0.0029760 secs] [Times: user=0.02 sys=0.00, real=0.00 secs] 
46.526: Total time for which application threads were stopped: 0.0031480 seconds, Stopping threads took: 0.0000840 seconds
46.566: Application time: 0.0393240 seconds
46.566: [GC [PSYoungGen: 100160K->10128K(107520K)] 132262K->42230K(352768K), 0.0039140 secs] [Times: user=0.02 sys=0.00, real=0.01 secs] 
46.570: Total time for which application threads were stopped: 0.0040760 seconds, Stopping threads took: 0.0000730 seconds
46.600: Application time: 0.0303960 seconds
46.600: [GC [PSYoungGen: 102288K->7728K(107520K)] 134390K->39830K(352768K), 0.0029380 secs] [Times: user=0.02 sys=0.00, real=0.00 secs] 
46.603: Total time for which application threads were stopped: 0.0031360 seconds, Stopping threads took: 0.0001010 seconds
46.634: Application time: 0.0301390 seconds
46.634: [GC [PSYoungGen: 99888K->7824K(107520K)] 131990K->39926K(352768K), 0.0031560 secs] [Times: user=0.02 sys=0.00, real=0.01 secs] 
46.637: Total time for which application threads were stopped: 0.0033310 seconds, Stopping threads took: 0.0000830 seconds
46.669: Application time: 0.0321440 seconds
46.672: [GC [PSYoungGen: 99984K->8224K(107520K)] 132086K->40326K(352768K), 0.0031260 secs] [Times: user=0.02 sys=0.00, real=0.00 secs] 
46.676: Total time for which application threads were stopped: 0.0065110 seconds, Stopping threads took: 0.0032950 seconds
46.701: Application time: 0.0250800 seconds
46.701: [GC [PSYoungGen: 100384K->8112K(107520K)] 132486K->40214K(352768K), 0.0032000 secs] [Times: user=0.02 sys=0.00, real=0.00 secs] 
46.704: Total time for which application threads were stopped: 0.0033900 seconds, Stopping threads took: 0.0001030 seconds
46.739: Application time: 0.0348450 seconds
46.740: [GC [PSYoungGen: 100272K->10256K(107520K)] 132374K->42358K(352768K), 0.0039420 secs] [Times: user=0.03 sys=0.00, real=0.00 secs] 
46.744: Total time for which application threads were stopped: 0.0055300 seconds, Stopping threads took: 0.0014950 seconds
46.771: Application time: 0.0263890 seconds
46.771: [GC [PSYoungGen: 102416K->7968K(107520K)] 134518K->40070K(352768K), 0.0029370 secs] [Times: user=0.02 sys=0.00, real=0.00 secs] 
46.774: Total time for which application threads were stopped: 0.0031430 seconds, Stopping threads took: 0.0001120 seconds
46.807: Application time: 0.0330610 seconds
46.807: [GC [PSYoungGen: 100128K->9984K(107520K)] 132230K->42086K(352768K), 0.0037490 secs] [Times: user=0.03 sys=0.00, real=0.01 secs] 
46.811: Total time for which application threads were stopped: 0.0039310 seconds, Stopping threads took: 0.0000870 seconds
46.848: Application time: 0.0375520 seconds
46.849: [GC [PSYoungGen: 102144K->7920K(107520K)] 134246K->40022K(352768K), 0.0030390 secs] [Times: user=0.02 sys=0.00, real=0.00 secs] 
46.852: Total time for which application threads were stopped: 0.0032070 seconds, Stopping threads took: 0.0000770 seconds
46.880: Application time: 0.0284640 seconds
46.880: [GC [PSYoungGen: 100080K->7776K(107520K)] 132182K->39966K(352768K), 0.0030200 secs] [Times: user=0.02 sys=0.00, real=0.00 secs] 
46.883: Total time for which application threads were stopped: 0.0032360 seconds, Stopping threads took: 0.0001130 seconds
46.918: Application time: 0.0348380 seconds
46.918: [GC [PSYoungGen: 99936K->9904K(107520K)] 132126K->42150K(352768K), 0.0038570 secs] [Times: user=0.03 sys=0.00, real=0.00 secs] 
46.922: Total time for which application threads were stopped: 0.0040260 seconds, Stopping threads took: 0.0000750 seconds
46.946: Application time: 0.0232730 seconds
46.946: [GC [PSYoungGen: 102064K->8224K(107520K)] 134310K->40470K(352768K), 0.0031100 secs] [Times: user=0.02 sys=0.00, real=0.01 secs] 
46.949: Total time for which application threads were stopped: 0.0033070 seconds, Stopping threads took: 0.0001040 seconds
46.977: Application time: 0.0280440 seconds
46.977: [GC [PSYoungGen: 100384K->11264K(107520K)] 132630K->43627K(352768K), 0.0044400 secs] [Times: user=0.03 sys=0.00, real=0.00 secs] 
46.982: Total time for which application threads were stopped: 0.0046390 seconds, Stopping threads took: 0.0000830 seconds
47.015: Application time: 0.0334030 seconds
47.015: [GC [PSYoungGen: 103424K->9712K(107520K)] 135787K->42074K(352768K), 0.0037230 secs] [Times: user=0.03 sys=0.00, real=0.01 secs] 
47.019: Total time for which application threads were stopped: 0.0038980 seconds, Stopping threads took: 0.0000830 seconds
47.046: Application time: 0.0275000 seconds
47.046: [GC [PSYoungGen: 101872K->9088K(107520K)] 134234K->41451K(352768K), 0.0035190 secs] [Times: user=0.02 sys=0.00, real=0.01 secs] 
47.050: Total time for which application threads were stopped: 0.0036850 seconds, Stopping threads took: 0.0000720 seconds
47.090: Application time: 0.0399840 seconds
47.090: [GC [PSYoungGen: 101248K->8048K(107520K)] 133611K->40467K(352768K), 0.0030460 secs] [Times: user=0.02 sys=0.00, real=0.00 secs] 
47.093: Total time for which application threads were stopped: 0.0032600 seconds, Stopping threads took: 0.0001230 seconds
47.123: Application time: 0.0300280 seconds
47.123: [GC [PSYoungGen: 100208K->7600K(107520K)] 132627K->40019K(352768K), 0.0029770 secs] [Times: user=0.02 sys=0.00, real=0.00 secs] 
47.126: Total time for which application threads were stopped: 0.0031380 seconds, Stopping threads took: 0.0000720 seconds
47.158: Application time: 0.0310840 seconds
47.158: [GC [PSYoungGen: 99760K->7584K(107520K)] 132179K->40051K(352768K), 0.0029870 secs] [Times: user=0.02 sys=0.00, real=0.00 secs] 
47.161: Total time for which application threads were stopped: 0.0031490 seconds, Stopping threads took: 0.0000790 seconds
47.189: Application time: 0.0281490 seconds
47.189: [GC [PSYoungGen: 99744K->8160K(107520K)] 132211K->40627K(352768K), 0.0030850 secs] [Times: user=0.02 sys=0.00, real=0.00 secs] 
47.192: Total time for which application threads were stopped: 0.0032550 seconds, Stopping threads took: 0.0000770 seconds
47.217: Application time: 0.0250510 seconds
47.217: [GC [PSYoungGen: 100320K->7760K(107520K)] 132787K->40227K(352768K), 0.0030000 secs] [Times: user=0.02 sys=0.00, real=0.00 secs] 
47.220: Total time for which application threads were stopped: 0.0031590 seconds, Stopping threads took: 0.0000590 seconds
47.254: Application time: 0.0335400 seconds
47.254: [GC [PSYoungGen: 99920K->9872K(107520K)] 132387K->42339K(352768K), 0.0038000 secs] [Times: user=0.02 sys=0.00, real=0.01 secs] 
47.258: Total time for which application threads were stopped: 0.0039830 seconds, Stopping threads took: 0.0000890 seconds
47.285: Application time: 0.0273840 seconds
47.285: [GC [PSYoungGen: 102032K->7936K(107520K)] 134499K->40403K(352768K), 0.0030770 secs] [Times: user=0.02 sys=0.00, real=0.01 secs] 
47.288: Total time for which application threads were stopped: 0.0032520 seconds, Stopping threads took: 0.0000860 seconds
47.323: Application time: 0.0350170 seconds
47.324: [GC [PSYoungGen: 100096K->11472K(107520K)] 132563K->43939K(352768K), 0.0044680 secs] [Times: user=0.03 sys=0.00, real=0.00 secs] 
47.328: Total time for which application threads were stopped: 0.0046860 seconds, Stopping threads took: 0.0001260 seconds
47.364: Application time: 0.0354950 seconds
47.364: [GC [PSYoungGen: 103632K->7792K(107520K)] 136099K->40259K(352768K), 0.0029830 secs] [Times: user=0.02 sys=0.00, real=0.00 secs] 
47.367: Total time for which application threads were stopped: 0.0031760 seconds, Stopping threads took: 0.0001000 seconds
47.397: Application time: 0.0300870 seconds
47.397: [GC [PSYoungGen: 99952K->7792K(107520K)] 132419K->40259K(352768K), 0.0032730 secs] [Times: user=0.03 sys=0.00, real=0.00 secs] 
47.400: Total time for which application threads were stopped: 0.0034600 seconds, Stopping threads took: 0.0000940 seconds
47.432: Application time: 0.0312000 seconds
47.432: [GC [PSYoungGen: 99952K->9648K(107520K)] 132419K->42115K(352768K), 0.0037460 secs] [Times: user=0.03 sys=0.00, real=0.00 secs] 
47.436: Total time for which application threads were stopped: 0.0039040 seconds, Stopping threads took: 0.0000570 seconds
47.460: Application time: 0.0247150 seconds
47.460: [GC [PSYoungGen: 101808K->8048K(107520K)] 134275K->40515K(352768K), 0.0029960 secs] [Times: user=0.02 sys=0.00, real=0.00 secs] 
47.463: Total time for which application threads were stopped: 0.0031840 seconds, Stopping threads took: 0.0000950 seconds
47.495: Application time: 0.0312420 seconds
47.495: [GC [PSYoungGen: 100208K->8592K(107520K)] 132675K->41059K(352768K), 0.0032750 secs] [Times: user=0.02 sys=0.00, real=0.01 secs] 
47.498: Total time for which application threads were stopped: 0.0034570 seconds, Stopping threads took: 0.0000680 seconds
47.527: Application time: 0.0292140 seconds
47.527: [GC [PSYoungGen: 100752K->10112K(107520K)] 133219K->42579K(352768K), 0.0038400 secs] [Times: user=0.03 sys=0.00, real=0.01 secs] 
47.531: Total time for which application threads were stopped: 0.0040100 seconds, Stopping threads took: 0.0000650 seconds
47.562: Application time: 0.0301950 seconds
47.564: [GC [PSYoungGen: 102272K->9728K(107520K)] 134739K->42195K(352768K), 0.0036830 secs] [Times: user=0.02 sys=0.01, real=0.00 secs] 
47.568: Total time for which application threads were stopped: 0.0066010 seconds, Stopping threads took: 0.0028250 seconds
47.607: Application time: 0.0389500 seconds
47.607: [GC [PSYoungGen: 101888K->7888K(107520K)] 134355K->40355K(352768K), 0.0030990 secs] [Times: user=0.02 sys=0.00, real=0.01 secs] 
47.610: Total time for which application threads were stopped: 0.0032790 seconds, Stopping threads took: 0.0000880 seconds
47.641: Application time: 0.0306280 seconds
47.641: [GC [PSYoungGen: 100048K->7936K(107520K)] 132515K->40483K(352768K), 0.0031140 secs] [Times: user=0.02 sys=0.00, real=0.00 secs] 
47.644: Total time for which application threads were stopped: 0.0032930 seconds, Stopping threads took: 0.0000800 seconds
47.676: Application time: 0.0316420 seconds
47.676: [GC [PSYoungGen: 100096K->7808K(107520K)] 132643K->40411K(352768K), 0.0031060 secs] [Times: user=0.02 sys=0.00, real=0.01 secs] 
47.679: Total time for which application threads were stopped: 0.0032850 seconds, Stopping threads took: 0.0000880 seconds
47.707: Application time: 0.0276630 seconds
47.707: [GC [PSYoungGen: 99968K->7744K(107520K)] 132571K->40403K(352768K), 0.0030030 secs] [Times: user=0.02 sys=0.00, real=0.01 secs] 
47.710: Total time for which application threads were stopped: 0.0031720 seconds, Stopping threads took: 0.0000750 seconds
47.735: Application time: 0.0252210 seconds
47.735: [GC [PSYoungGen: 99904K->8064K(107520K)] 132563K->40827K(352768K), 0.0030220 secs] [Times: user=0.02 sys=0.00, real=0.01 secs] 
47.739: Total time for which application threads were stopped: 0.0032010 seconds, Stopping threads took: 0.0000870 seconds
47.771: Application time: 0.0322510 seconds
47.771: [GC [PSYoungGen: 100224K->11520K(107520K)] 132987K->44283K(352768K), 0.0043670 secs] [Times: user=0.03 sys=0.00, real=0.00 secs] 
47.775: Total time for which application threads were stopped: 0.0045440 seconds, Stopping threads took: 0.0000790 seconds
47.803: Application time: 0.0281570 seconds
47.804: [GC [PSYoungGen: 103680K->7904K(107520K)] 136443K->40667K(352768K), 0.0030910 secs] [Times: user=0.02 sys=0.00, real=0.00 secs] 
47.807: Total time for which application threads were stopped: 0.0032840 seconds, Stopping threads took: 0.0000990 seconds
47.846: Application time: 0.0395080 seconds
47.846: [GC [PSYoungGen: 100064K->9936K(107520K)] 132827K->42755K(352768K), 0.0038140 secs] [Times: user=0.03 sys=0.00, real=0.01 secs] 
47.850: Total time for which application threads were stopped: 0.0040020 seconds, Stopping threads took: 0.0000940 seconds
47.883: Application time: 0.0328250 seconds
47.883: [GC [PSYoungGen: 102096K->7776K(107520K)] 134915K->40595K(352768K), 0.0030150 secs] [Times: user=0.02 sys=0.00, real=0.00 secs] 
47.886: Total time for which application threads were stopped: 0.0031920 seconds, Stopping threads took: 0.0000840 seconds
47.916: Application time: 0.0295600 seconds
47.916: [GC [PSYoungGen: 99936K->7648K(107520K)] 132755K->40467K(352768K), 0.0029580 secs] [Times: user=0.02 sys=0.00, real=0.01 secs] 
47.919: Total time for which application threads were stopped: 0.0031510 seconds, Stopping threads took: 0.0001020 seconds
47.950: Application time: 0.0310140 seconds
47.950: [GC [PSYoungGen: 99808K->9408K(107520K)] 132627K->42275K(352768K), 0.0036610 secs] [Times: user=0.02 sys=0.00, real=0.00 secs] 
47.954: Total time for which application threads were stopped: 0.0038440 seconds, Stopping threads took: 0.0000880 seconds
47.977: Application time: 0.0236130 seconds
47.980: [GC [PSYoungGen: 101568K->7936K(107520K)] 134435K->40803K(352768K), 0.0031920 secs] [Times: user=0.02 sys=0.00, real=0.00 secs] 
47.984: Total time for which application threads were stopped: 0.0061700 seconds, Stopping threads took: 0.0028890 seconds
48.017: Application time: 0.0334360 seconds
48.017: [GC [PSYoungGen: 100096K->10144K(107520K)] 132963K->43011K(352768K), 0.0038840 secs] [Times: user=0.02 sys=0.00, real=0.00 secs] 
48.021: Total time for which application threads were stopped: 0.0040870 seconds, Stopping threads took: 0.0000900 seconds
48.049: Application time: 0.0280580 seconds
48.049: [GC [PSYoungGen: 102304K->7968K(107520K)] 135171K->40835K(352768K), 0.0029230 secs] [Times: user=0.02 sys=0.01, real=0.00 secs] 
48.052: Total time for which application threads were stopped: 0.0030890 seconds, Stopping threads took: 0.0000680 seconds
48.085: Application time: 0.0327500 seconds
48.085: [GC [PSYoungGen: 100128K->8144K(107520K)] 132995K->41011K(352768K), 0.0031150 secs] [Times: user=0.02 sys=0.00, real=0.01 secs] 
48.088: Total time for which application threads were stopped: 0.0032890 seconds, Stopping threads took: 0.0000830 seconds
48.126: Application time: 0.0380530 seconds
48.127: [GC [PSYoungGen: 100304K->8096K(107520K)] 133171K->40963K(352768K), 0.0031030 secs] [Times: user=0.02 sys=0.00, real=0.01 secs] 
48.130: Total time for which application threads were stopped: 0.0032930 seconds, Stopping threads took: 0.0000960 seconds
48.159: Application time: 0.0293180 seconds
48.159: [GC [PSYoungGen: 100256K->7600K(107520K)] 133123K->40467K(352768K), 0.0030600 secs] [Times: user=0.02 sys=0.00, real=0.00 secs] 
48.162: Total time for which application threads were stopped: 0.0032320 seconds, Stopping threads took: 0.0000770 seconds
48.194: Application time: 0.0316920 seconds
48.194: [GC [PSYoungGen: 99760K->7936K(107520K)] 132627K->40803K(352768K), 0.0030890 secs] [Times: user=0.02 sys=0.00, real=0.01 secs] 
48.197: Total time for which application threads were stopped: 0.0032600 seconds, Stopping threads took: 0.0000760 seconds
48.224: Application time: 0.0265330 seconds
48.228: [GC [PSYoungGen: 100096K->8272K(107520K)] 132963K->41139K(352768K), 0.0031500 secs] [Times: user=0.02 sys=0.00, real=0.00 secs] 
48.232: Total time for which application threads were stopped: 0.0077940 seconds, Stopping threads took: 0.0045510 seconds
48.257: Application time: 0.0255760 seconds
48.257: [GC [PSYoungGen: 100432K->11392K(107520K)] 133299K->44259K(352768K), 0.0043420 secs] [Times: user=0.03 sys=0.00, real=0.00 secs] 
48.262: Total time for which application threads were stopped: 0.0045130 seconds, Stopping threads took: 0.0000750 seconds
48.295: Application time: 0.0338090 seconds
48.296: [GC [PSYoungGen: 103552K->10576K(107520K)] 136419K->43443K(352768K), 0.0039360 secs] [Times: user=0.02 sys=0.00, real=0.01 secs] 
48.300: Total time for which application threads were stopped: 0.0041130 seconds, Stopping threads took: 0.0000820 seconds
48.327: Application time: 0.0277300 seconds
48.328: [GC [PSYoungGen: 102736K->9568K(107520K)] 135603K->42435K(352768K), 0.0036690 secs] [Times: user=0.02 sys=0.00, real=0.00 secs] 
48.332: Total time for which application threads were stopped: 0.0047840 seconds, Stopping threads took: 0.0010220 seconds
48.371: Application time: 0.0389740 seconds
48.371: [GC [PSYoungGen: 101728K->9904K(107520K)] 134595K->42771K(352768K), 0.0037670 secs] [Times: user=0.03 sys=0.00, real=0.00 secs] 
48.375: Total time for which application threads were stopped: 0.0039720 seconds, Stopping threads took: 0.0001150 seconds
48.407: Application time: 0.0320610 seconds
48.407: [GC [PSYoungGen: 102064K->7840K(107520K)] 134931K->40755K(352768K), 0.0029910 secs] [Times: user=0.02 sys=0.00, real=0.01 secs] 
48.410: Total time for which application threads were stopped: 0.0031760 seconds, Stopping threads took: 0.0000930 seconds
48.441: Application time: 0.0306000 seconds
48.441: [GC [PSYoungGen: 100000K->7760K(107520K)] 132915K->40763K(352768K), 0.0030950 secs] [Times: user=0.02 sys=0.00, real=0.00 secs] 
48.444: Total time for which application threads were stopped: 0.0032680 seconds, Stopping threads took: 0.0000800 seconds
48.471: Application time: 0.0271810 seconds
48.472: [GC [PSYoungGen: 99920K->8240K(107520K)] 132923K->41243K(352768K), 0.0031660 secs] [Times: user=0.02 sys=0.00, real=0.00 secs] 
48.475: Total time for which application threads were stopped: 0.0033680 seconds, Stopping threads took: 0.0001030 seconds
48.500: Application time: 0.0254180 seconds
48.500: [GC [PSYoungGen: 100400K->7936K(107520K)] 133403K->41015K(352768K), 0.0031290 secs] [Times: user=0.02 sys=0.00, real=0.00 secs] 
48.504: Total time for which application threads were stopped: 0.0033570 seconds, Stopping threads took: 0.0001290 seconds
48.537: Application time: 0.0331270 seconds
48.537: [GC [PSYoungGen: 100096K->9984K(107520K)] 133175K->43103K(352768K), 0.0037150 secs] [Times: user=0.03 sys=0.00, real=0.00 secs] 
48.541: Total time for which application threads were stopped: 0.0039080 seconds, Stopping threads took: 0.0000830 seconds
48.569: Application time: 0.0279560 seconds
48.569: [GC [PSYoungGen: 102144K->8288K(107520K)] 135263K->41407K(352768K), 0.0032120 secs] [Times: user=0.02 sys=0.00, real=0.00 secs] 
48.572: Total time for which application threads were stopped: 0.0033590 seconds, Stopping threads took: 0.0000600 seconds
48.608: Application time: 0.0358770 seconds
48.608: [GC [PSYoungGen: 100448K->9456K(107520K)] 133567K->42575K(352768K), 0.0035750 secs] [Times: user=0.02 sys=0.00, real=0.01 secs] 
48.612: Total time for which application threads were stopped: 0.0037510 seconds, Stopping threads took: 0.0000820 seconds
48.647: Application time: 0.0352110 seconds
48.647: [GC [PSYoungGen: 101616K->7968K(107520K)] 134735K->41143K(352768K), 0.0031650 secs] [Times: user=0.02 sys=0.00, real=0.01 secs] 
48.650: Total time for which application threads were stopped: 0.0033610 seconds, Stopping threads took: 0.0001040 seconds
48.680: Application time: 0.0300570 seconds
48.680: [GC [PSYoungGen: 100128K->7616K(107520K)] 133303K->40791K(352768K), 0.0030380 secs] [Times: user=0.02 sys=0.00, real=0.00 secs] 
48.683: Total time for which application threads were stopped: 0.0031920 seconds, Stopping threads took: 0.0000580 seconds
48.714: Application time: 0.0308830 seconds
48.714: [GC [PSYoungGen: 99776K->7840K(107520K)] 132951K->41063K(352768K), 0.0030370 secs] [Times: user=0.02 sys=0.00, real=0.01 secs] 
48.717: Total time for which application threads were stopped: 0.0032080 seconds, Stopping threads took: 0.0000800 seconds
48.742: Application time: 0.0249710 seconds
48.743: [GC [PSYoungGen: 100000K->8064K(107520K)] 133223K->41287K(352768K), 0.0030840 secs] [Times: user=0.02 sys=0.00, real=0.00 secs] 
48.746: Total time for which application threads were stopped: 0.0032580 seconds, Stopping threads took: 0.0000830 seconds
48.775: Application time: 0.0289790 seconds
48.775: [GC [PSYoungGen: 100224K->9984K(107520K)] 133447K->43207K(352768K), 0.0037770 secs] [Times: user=0.03 sys=0.00, real=0.01 secs] 
48.779: Total time for which application threads were stopped: 0.0039640 seconds, Stopping threads took: 0.0000930 seconds
48.811: Application time: 0.0326380 seconds
48.811: [GC [PSYoungGen: 102144K->8352K(107520K)] 135367K->41575K(352768K), 0.0031800 secs] [Times: user=0.02 sys=0.00, real=0.00 secs] 
48.815: Total time for which application threads were stopped: 0.0033850 seconds, Stopping threads took: 0.0001130 seconds
48.843: Application time: 0.0280690 seconds
48.843: [GC [PSYoungGen: 100512K->9744K(107520K)] 133735K->42967K(352768K), 0.0037760 secs] [Times: user=0.03 sys=0.00, real=0.00 secs] 
48.847: Total time for which application threads were stopped: 0.0039650 seconds, Stopping threads took: 0.0000930 seconds
48.887: Application time: 0.0400160 seconds
48.887: [GC [PSYoungGen: 101904K->7888K(107520K)] 135127K->41111K(352768K), 0.0029510 secs] [Times: user=0.02 sys=0.00, real=0.01 secs] 
48.890: Total time for which application threads were stopped: 0.0031150 seconds, Stopping threads took: 0.0000720 seconds
48.920: Application time: 0.0300360 seconds
48.920: [GC [PSYoungGen: 100048K->7824K(107520K)] 133271K->41047K(352768K), 0.0029800 secs] [Times: user=0.02 sys=0.00, real=0.00 secs] 
48.923: Total time for which application threads were stopped: 0.0031810 seconds, Stopping threads took: 0.0001050 seconds
48.954: Application time: 0.0308080 seconds
48.954: [GC [PSYoungGen: 99984K->7760K(107520K)] 133207K->40983K(352768K), 0.0030050 secs] [Times: user=0.02 sys=0.00, real=0.01 secs] 
48.957: Total time for which application threads were stopped: 0.0031760 seconds, Stopping threads took: 0.0000790 seconds
48.984: Application time: 0.0267740 seconds
48.984: [GC [PSYoungGen: 99920K->9952K(107520K)] 133143K->43175K(352768K), 0.0037510 secs] [Times: user=0.03 sys=0.00, real=0.00 secs] 
48.988: Total time for which application threads were stopped: 0.0039360 seconds, Stopping threads took: 0.0000880 seconds
49.013: Application time: 0.0254380 seconds
49.013: [GC [PSYoungGen: 102112K->9264K(107520K)] 135335K->42487K(352768K), 0.0035130 secs] [Times: user=0.02 sys=0.00, real=0.01 secs] 
49.017: Total time for which application threads were stopped: 0.0036950 seconds, Stopping threads took: 0.0000860 seconds
49.051: Application time: 0.0338590 seconds
49.051: [GC [PSYoungGen: 101424K->9872K(107520K)] 134647K->43095K(352768K), 0.0037970 secs] [Times: user=0.02 sys=0.00, real=0.00 secs] 
49.055: Total time for which application threads were stopped: 0.0040190 seconds, Stopping threads took: 0.0001110 seconds
49.082: Application time: 0.0271830 seconds
49.082: [GC [PSYoungGen: 102032K->8480K(107520K)] 135255K->41703K(352768K), 0.0030980 secs] [Times: user=0.02 sys=0.00, real=0.00 secs] 
49.085: Total time for which application threads were stopped: 0.0032690 seconds, Stopping threads took: 0.0000770 seconds
49.122: Application time: 0.0363110 seconds
49.122: [GC [PSYoungGen: 100640K->11664K(107520K)] 133863K->44887K(352768K), 0.0044890 secs] [Times: user=0.03 sys=0.00, real=0.00 secs] 
49.126: Total time for which application threads were stopped: 0.0046560 seconds, Stopping threads took: 0.0000730 seconds
49.161: Application time: 0.0344250 seconds
49.161: [GC [PSYoungGen: 103824K->8016K(107520K)] 137047K->41239K(352768K), 0.0030830 secs] [Times: user=0.02 sys=0.00, real=0.00 secs] 
49.164: Total time for which application threads were stopped: 0.0032710 seconds, Stopping threads took: 0.0000970 seconds
49.194: Application time: 0.0299020 seconds
49.196: [GC [PSYoungGen: 100176K->7856K(107520K)] 133399K->41171K(352768K), 0.0031440 secs] [Times: user=0.02 sys=0.00, real=0.00 secs] 
49.200: Total time for which application threads were stopped: 0.0057880 seconds, Stopping threads took: 0.0025520 seconds
49.230: Application time: 0.0301230 seconds
49.230: [GC [PSYoungGen: 100016K->7872K(107520K)] 133331K->41243K(352768K), 0.0030950 secs] [Times: user=0.02 sys=0.00, real=0.00 secs] 
49.233: Total time for which application threads were stopped: 0.0032610 seconds, Stopping threads took: 0.0000760 seconds
49.259: Application time: 0.0264980 seconds
49.260: [GC [PSYoungGen: 100032K->8224K(107520K)] 133403K->41651K(352768K), 0.0030810 secs] [Times: user=0.02 sys=0.00, real=0.00 secs] 
49.263: Total time for which application threads were stopped: 0.0032840 seconds, Stopping threads took: 0.0001100 seconds
49.294: Application time: 0.0308430 seconds
49.294: [GC [PSYoungGen: 100384K->10032K(107520K)] 133811K->43547K(352768K), 0.0038830 secs] [Times: user=0.03 sys=0.00, real=0.01 secs] 
49.298: Total time for which application threads were stopped: 0.0040770 seconds, Stopping threads took: 0.0001000 seconds
49.327: Application time: 0.0291330 seconds
49.327: [GC [PSYoungGen: 102192K->8528K(107520K)] 135707K->42043K(352768K), 0.0031410 secs] [Times: user=0.02 sys=0.00, real=0.01 secs] 
49.330: Total time for which application threads were stopped: 0.0033320 seconds, Stopping threads took: 0.0000970 seconds
49.361: Application time: 0.0311030 seconds
49.361: [GC [PSYoungGen: 100688K->9408K(107520K)] 134203K->42923K(352768K), 0.0035970 secs] [Times: user=0.02 sys=0.00, real=0.00 secs] 
49.365: Total time for which application threads were stopped: 0.0037630 seconds, Stopping threads took: 0.0000730 seconds
49.403: Application time: 0.0383980 seconds
49.404: [GC [PSYoungGen: 101568K->7728K(107520K)] 135083K->41299K(352768K), 0.0029810 secs] [Times: user=0.02 sys=0.00, real=0.00 secs] 
49.407: Total time for which application threads were stopped: 0.0031960 seconds, Stopping threads took: 0.0001170 seconds
49.437: Application time: 0.0304380 seconds
49.437: [GC [PSYoungGen: 99888K->7648K(107520K)] 133459K->41219K(352768K), 0.0030010 secs] [Times: user=0.02 sys=0.00, real=0.00 secs] 
49.440: Total time for which application threads were stopped: 0.0031590 seconds, Stopping threads took: 0.0000680 seconds
49.471: Application time: 0.0308960 seconds
49.471: [GC [PSYoungGen: 99808K->7664K(107520K)] 133379K->41283K(352768K), 0.0030720 secs] [Times: user=0.02 sys=0.00, real=0.00 secs] 
49.474: Total time for which application threads were stopped: 0.0032380 seconds, Stopping threads took: 0.0000740 seconds
49.499: Application time: 0.0244430 seconds
49.499: [GC [PSYoungGen: 99824K->9584K(107520K)] 133443K->43203K(352768K), 0.0036680 secs] [Times: user=0.02 sys=0.00, real=0.00 secs] 
49.503: Total time for which application threads were stopped: 0.0038410 seconds, Stopping threads took: 0.0000810 seconds
49.531: Application time: 0.0282240 seconds
49.531: [GC [PSYoungGen: 101744K->11056K(107520K)] 135363K->44675K(352768K), 0.0042320 secs] [Times: user=0.03 sys=0.00, real=0.00 secs] 
49.535: Total time for which application threads were stopped: 0.0043980 seconds, Stopping threads took: 0.0000710 seconds
49.567: Application time: 0.0320080 seconds
49.567: [GC [PSYoungGen: 103216K->9632K(107520K)] 136835K->43251K(352768K), 0.0037570 secs] [Times: user=0.03 sys=0.00, real=0.01 secs] 
49.571: Total time for which application threads were stopped: 0.0039630 seconds, Stopping threads took: 0.0000940 seconds
49.599: Application time: 0.0279940 seconds
49.599: [GC [PSYoungGen: 101792K->7600K(107520K)] 135411K->41219K(352768K), 0.0029710 secs] [Times: user=0.02 sys=0.00, real=0.00 secs] 
49.602: Total time for which application threads were stopped: 0.0031670 seconds, Stopping threads took: 0.0001060 seconds
49.641: Application time: 0.0386270 seconds
49.641: [GC [PSYoungGen: 99760K->9424K(107520K)] 133379K->43043K(352768K), 0.0036440 secs] [Times: user=0.02 sys=0.00, real=0.00 secs] 
49.645: Total time for which application threads were stopped: 0.0038200 seconds, Stopping threads took: 0.0000810 seconds
49.676: Application time: 0.0309480 seconds
49.676: [GC [PSYoungGen: 101584K->7824K(107520K)] 135203K->41443K(352768K), 0.0029820 secs] [Times: user=0.02 sys=0.00, real=0.01 secs] 
49.679: Total time for which application threads were stopped: 0.0031710 seconds, Stopping threads took: 0.0000950 seconds
49.712: Application time: 0.0327620 seconds
49.712: [GC [PSYoungGen: 99984K->7760K(107520K)] 133603K->41379K(352768K), 0.0030840 secs] [Times: user=0.02 sys=0.00, real=0.00 secs] 
49.715: Total time for which application threads were stopped: 0.0032830 seconds, Stopping threads took: 0.0001080 seconds
49.741: Application time: 0.0257510 seconds
49.744: [GC [PSYoungGen: 99920K->8032K(107520K)] 133539K->41651K(352768K), 0.0032360 secs] [Times: user=0.02 sys=0.00, real=0.00 secs] 
49.748: Total time for which application threads were stopped: 0.0068970 seconds, Stopping threads took: 0.0035680 seconds
49.774: Application time: 0.0265790 seconds
49.776: [GC [PSYoungGen: 100192K->8608K(107520K)] 133811K->42227K(352768K), 0.0031670 secs] [Times: user=0.02 sys=0.00, real=0.00 secs] 
49.780: Total time for which application threads were stopped: 0.0053750 seconds, Stopping threads took: 0.0021160 seconds
49.812: Application time: 0.0323830 seconds
49.812: [GC [PSYoungGen: 100768K->10336K(107520K)] 134387K->43955K(352768K), 0.0038060 secs] [Times: user=0.03 sys=0.00, real=0.00 secs] 
49.816: Total time for which application threads were stopped: 0.0040220 seconds, Stopping threads took: 0.0001210 seconds
49.843: Application time: 0.0273480 seconds
49.844: [GC [PSYoungGen: 102496K->8352K(107520K)] 136115K->41971K(352768K), 0.0030850 secs] [Times: user=0.02 sys=0.00, real=0.00 secs] 
49.847: Total time for which application threads were stopped: 0.0032630 seconds, Stopping threads took: 0.0000860 seconds
49.882: Application time: 0.0352610 seconds
49.882: [GC [PSYoungGen: 100512K->10480K(107520K)] 134131K->44099K(352768K), 0.0039150 secs] [Times: user=0.02 sys=0.00, real=0.00 secs] 
49.886: Total time for which application threads were stopped: 0.0041030 seconds, Stopping threads took: 0.0000960 seconds
49.922: Application time: 0.0359690 seconds
49.922: [GC [PSYoungGen: 102640K->8304K(107520K)] 136259K->41923K(352768K), 0.0031590 secs] [Times: user=0.02 sys=0.00, real=0.00 secs] 
49.925: Total time for which application threads were stopped: 0.0033330 seconds, Stopping threads took: 0.0000790 seconds
49.958: Application time: 0.0331470 seconds
49.959: [GC [PSYoungGen: 100464K->7952K(107520K)] 134083K->41667K(352768K), 0.0031450 secs] [Times: user=0.02 sys=0.00, real=0.00 secs] 
49.962: Total time for which application threads were stopped: 0.0033440 seconds, Stopping threads took: 0.0001080 seconds
49.989: Application time: 0.0276480 seconds
49.990: [GC [PSYoungGen: 100112K->7888K(107520K)] 133827K->41651K(352768K), 0.0029910 secs] [Times: user=0.02 sys=0.00, real=0.00 secs] 
49.993: Total time for which application threads were stopped: 0.0031820 seconds, Stopping threads took: 0.0001010 seconds
50.017: Application time: 0.0246670 seconds
50.018: [GC [PSYoungGen: 100048K->7584K(107520K)] 133811K->41403K(352768K), 0.0029950 secs] [Times: user=0.02 sys=0.01, real=0.00 secs] 
50.021: Total time for which application threads were stopped: 0.0031850 seconds, Stopping threads took: 0.0000970 seconds
50.051: Application time: 0.0308670 seconds
50.052: [GC [PSYoungGen: 99744K->11392K(107520K)] 133563K->45300K(352768K), 0.0043590 secs] [Times: user=0.03 sys=0.00, real=0.00 secs] 
50.056: Total time for which application threads were stopped: 0.0045170 seconds, Stopping threads took: 0.0000630 seconds
50.085: Application time: 0.0292070 seconds
50.085: [GC [PSYoungGen: 103552K->7856K(107520K)] 137460K->41763K(352768K), 0.0029830 secs] [Times: user=0.01 sys=0.00, real=0.01 secs] 
50.088: Total time for which application threads were stopped: 0.0031850 seconds, Stopping threads took: 0.0000810 seconds
50.119: Application time: 0.0307440 seconds
50.119: [GC [PSYoungGen: 100016K->8176K(107520K)] 133923K->42084K(352768K), 0.0031320 secs] [Times: user=0.02 sys=0.00, real=0.00 secs] 
50.122: Total time for which application threads were stopped: 0.0033070 seconds, Stopping threads took: 0.0000820 seconds
50.160: Application time: 0.0374940 seconds
50.160: [GC [PSYoungGen: 100336K->9952K(107520K)] 134244K->43860K(352768K), 0.0037820 secs] [Times: user=0.02 sys=0.00, real=0.00 secs] 
50.164: Total time for which application threads were stopped: 0.0039740 seconds, Stopping threads took: 0.0000900 seconds
50.195: Application time: 0.0310730 seconds
50.195: [GC [PSYoungGen: 102112K->7888K(107520K)] 136020K->41852K(352768K), 0.0030680 secs] [Times: user=0.02 sys=0.00, real=0.01 secs] 
50.198: Total time for which application threads were stopped: 0.0032830 seconds, Stopping threads took: 0.0001230 seconds
50.231: Application time: 0.0325480 seconds
50.231: [GC [PSYoungGen: 100048K->7824K(107520K)] 134012K->41844K(352768K), 0.0030740 secs] [Times: user=0.02 sys=0.00, real=0.00 secs] 
50.234: Total time for which application threads were stopped: 0.0032550 seconds, Stopping threads took: 0.0000930 seconds
50.259: Application time: 0.0250350 seconds
50.259: [GC [PSYoungGen: 99984K->7744K(107520K)] 134004K->41764K(352768K), 0.0030130 secs] [Times: user=0.02 sys=0.00, real=0.00 secs] 
50.262: Total time for which application threads were stopped: 0.0032140 seconds, Stopping threads took: 0.0001110 seconds
50.290: Application time: 0.0279310 seconds
50.290: [GC [PSYoungGen: 99904K->11392K(107520K)] 133924K->45412K(352768K), 0.0042770 secs] [Times: user=0.03 sys=0.00, real=0.00 secs] 
50.295: Total time for which application threads were stopped: 0.0044530 seconds, Stopping threads took: 0.0000820 seconds
50.325: Application time: 0.0304220 seconds
50.325: [GC [PSYoungGen: 103552K->8256K(107520K)] 137572K->42276K(352768K), 0.0030600 secs] [Times: user=0.02 sys=0.00, real=0.01 secs] 
50.328: Total time for which application threads were stopped: 0.0032400 seconds, Stopping threads took: 0.0000730 seconds
50.357: Application time: 0.0283980 seconds
50.357: [GC [PSYoungGen: 100416K->11616K(107520K)] 134436K->45636K(352768K), 0.0045410 secs] [Times: user=0.02 sys=0.00, real=0.00 secs] 
50.361: Total time for which application threads were stopped: 0.0047230 seconds, Stopping threads took: 0.0000870 seconds
50.398: Application time: 0.0365670 seconds
50.398: [GC [PSYoungGen: 103776K->9552K(107520K)] 137796K->43572K(352768K), 0.0037100 secs] [Times: user=0.03 sys=0.00, real=0.00 secs] 
50.402: Total time for which application threads were stopped: 0.0038900 seconds, Stopping threads took: 0.0000840 seconds
50.437: Application time: 0.0346930 seconds
50.437: [GC [PSYoungGen: 101712K->7872K(107520K)] 135732K->41892K(352768K), 0.0031100 secs] [Times: user=0.02 sys=0.00, real=0.00 secs] 
50.440: Total time for which application threads were stopped: 0.0032820 seconds, Stopping threads took: 0.0000790 seconds
50.474: Application time: 0.0338910 seconds
50.474: [GC [PSYoungGen: 100032K->7920K(107520K)] 134052K->41940K(352768K), 0.0029940 secs] [Times: user=0.02 sys=0.00, real=0.01 secs] 
50.477: Total time for which application threads were stopped: 0.0031660 seconds, Stopping threads took: 0.0000810 seconds
50.503: Application time: 0.0258450 seconds
50.503: [GC [PSYoungGen: 100080K->7920K(107520K)] 134100K->41940K(352768K), 0.0030550 secs] [Times: user=0.02 sys=0.00, real=0.00 secs] 
50.506: Total time for which application threads were stopped: 0.0032450 seconds, Stopping threads took: 0.0001010 seconds
50.532: Application time: 0.0262950 seconds
50.532: [GC [PSYoungGen: 100080K->8080K(107520K)] 134100K->42100K(352768K), 0.0029880 secs] [Times: user=0.02 sys=0.00, real=0.00 secs] 
50.536: Total time for which application threads were stopped: 0.0031600 seconds, Stopping threads took: 0.0000810 seconds
50.565: Application time: 0.0290860 seconds
50.565: [GC [PSYoungGen: 100240K->9072K(107520K)] 134260K->43092K(352768K), 0.0034860 secs] [Times: user=0.02 sys=0.00, real=0.00 secs] 
50.568: Total time for which application threads were stopped: 0.0036630 seconds, Stopping threads took: 0.0000880 seconds
50.599: Application time: 0.0309550 seconds
50.599: [GC [PSYoungGen: 101232K->9616K(107520K)] 135252K->43636K(352768K), 0.0036680 secs] [Times: user=0.02 sys=0.00, real=0.00 secs] 
50.603: Total time for which application threads were stopped: 0.0038740 seconds, Stopping threads took: 0.0000950 seconds
50.634: Application time: 0.0311460 seconds
50.634: [GC [PSYoungGen: 101776K->8128K(107520K)] 135796K->42148K(352768K), 0.0031150 secs] [Times: user=0.02 sys=0.00, real=0.01 secs] 
50.638: Total time for which application threads were stopped: 0.0032890 seconds, Stopping threads took: 0.0000810 seconds
50.676: Application time: 0.0382770 seconds
50.676: [GC [PSYoungGen: 100288K->8240K(107520K)] 134308K->42260K(352768K), 0.0031220 secs] [Times: user=0.02 sys=0.00, real=0.01 secs] 
50.679: Total time for which application threads were stopped: 0.0033050 seconds, Stopping threads took: 0.0000910 seconds
50.711: Application time: 0.0319160 seconds
50.711: [GC [PSYoungGen: 100400K->7920K(107520K)] 134420K->42028K(352768K), 0.0031410 secs] [Times: user=0.02 sys=0.00, real=0.00 secs] 
50.714: Total time for which application threads were stopped: 0.0033230 seconds, Stopping threads took: 0.0000890 seconds
50.744: Application time: 0.0292010 seconds
50.744: [GC [PSYoungGen: 100080K->7792K(107520K)] 134188K->41900K(352768K), 0.0030740 secs] [Times: user=0.02 sys=0.00, real=0.00 secs] 
50.747: Total time for which application threads were stopped: 0.0032310 seconds, Stopping threads took: 0.0000650 seconds
50.773: Application time: 0.0259080 seconds
50.773: [GC [PSYoungGen: 99952K->7840K(107520K)] 134060K->42044K(352768K), 0.0030710 secs] [Times: user=0.02 sys=0.00, real=0.00 secs] 
50.776: Total time for which application threads were stopped: 0.0032400 seconds, Stopping threads took: 0.0000770 seconds
50.804: Application time: 0.0279450 seconds
50.804: [GC [PSYoungGen: 100000K->11856K(107520K)] 134204K->46116K(352768K), 0.0044880 secs] [Times: user=0.04 sys=0.00, real=0.01 secs] 
50.809: Total time for which application threads were stopped: 0.0046710 seconds, Stopping threads took: 0.0000830 seconds
50.838: Application time: 0.0297690 seconds
50.838: [GC [PSYoungGen: 104016K->8272K(107520K)] 138276K->42580K(352768K), 0.0030950 secs] [Times: user=0.02 sys=0.00, real=0.00 secs] 
50.842: Total time for which application threads were stopped: 0.0032690 seconds, Stopping threads took: 0.0000810 seconds
50.875: Application time: 0.0338030 seconds
50.876: [GC [PSYoungGen: 100432K->7952K(107520K)] 134740K->42260K(352768K), 0.0030520 secs] [Times: user=0.02 sys=0.00, real=0.01 secs] 
50.879: Total time for which application threads were stopped: 0.0032220 seconds, Stopping threads took: 0.0000760 seconds
50.911: Application time: 0.0326020 seconds
50.911: [GC [PSYoungGen: 100112K->9696K(107520K)] 134420K->44004K(352768K), 0.0037970 secs] [Times: user=0.02 sys=0.00, real=0.00 secs] 
50.915: Total time for which application threads were stopped: 0.0039910 seconds, Stopping threads took: 0.0000960 seconds
50.950: Application time: 0.0345840 seconds
50.950: [GC [PSYoungGen: 101856K->7744K(107520K)] 136164K->42108K(352768K), 0.0030480 secs] [Times: user=0.02 sys=0.00, real=0.00 secs] 
50.953: Total time for which application threads were stopped: 0.0032450 seconds, Stopping threads took: 0.0001050 seconds
50.985: Application time: 0.0322020 seconds
50.985: [GC [PSYoungGen: 99904K->7696K(107520K)] 134268K->42116K(352768K), 0.0029450 secs] [Times: user=0.02 sys=0.00, real=0.01 secs] 
50.988: Total time for which application threads were stopped: 0.0031390 seconds, Stopping threads took: 0.0001020 seconds
51.013: Application time: 0.0241750 seconds
51.016: [GC [PSYoungGen: 99856K->7840K(107520K)] 134276K->42260K(352768K), 0.0030480 secs] [Times: user=0.02 sys=0.00, real=0.00 secs] 
51.019: Total time for which application threads were stopped: 0.0068850 seconds, Stopping threads took: 0.0037500 seconds
51.049: Application time: 0.0291650 seconds
51.049: [GC [PSYoungGen: 100000K->8160K(107520K)] 134420K->42580K(352768K), 0.0031220 secs] [Times: user=0.03 sys=0.00, real=0.00 secs] 
51.052: Total time for which application threads were stopped: 0.0032940 seconds, Stopping threads took: 0.0000810 seconds
51.081: Application time: 0.0286290 seconds
51.081: [GC [PSYoungGen: 100320K->8384K(107520K)] 134740K->42804K(352768K), 0.0031370 secs] [Times: user=0.03 sys=0.00, real=0.00 secs] 
51.084: Total time for which application threads were stopped: 0.0033270 seconds, Stopping threads took: 0.0000950 seconds
51.117: Application time: 0.0326440 seconds
51.117: [GC [PSYoungGen: 100544K->10112K(107520K)] 134964K->44532K(352768K), 0.0038080 secs] [Times: user=0.02 sys=0.00, real=0.00 secs] 
51.121: Total time for which application threads were stopped: 0.0039940 seconds, Stopping threads took: 0.0000710 seconds
51.151: Application time: 0.0301520 seconds
51.152: [GC [PSYoungGen: 102272K->7920K(107520K)] 136692K->42340K(352768K), 0.0030120 secs] [Times: user=0.01 sys=0.00, real=0.00 secs] 
51.155: Total time for which application threads were stopped: 0.0047180 seconds, Stopping threads took: 0.0016150 seconds
51.192: Application time: 0.0370200 seconds
51.193: [GC [PSYoungGen: 100080K->9888K(107520K)] 134500K->44308K(352768K), 0.0039440 secs] [Times: user=0.02 sys=0.00, real=0.01 secs] 
51.197: Total time for which application threads were stopped: 0.0041110 seconds, Stopping threads took: 0.0000700 seconds
51.229: Application time: 0.0328410 seconds
51.230: [GC [PSYoungGen: 102048K->8016K(107520K)] 136468K->42436K(352768K), 0.0031960 secs] [Times: user=0.02 sys=0.00, real=0.00 secs] 
51.233: Total time for which application threads were stopped: 0.0033830 seconds, Stopping threads took: 0.0000900 seconds
51.261: Application time: 0.0284010 seconds
51.261: [GC [PSYoungGen: 100176K->7888K(107520K)] 134596K->42308K(352768K), 0.0030070 secs] [Times: user=0.02 sys=0.00, real=0.00 secs] 
51.264: Total time for which application threads were stopped: 0.0031810 seconds, Stopping threads took: 0.0000830 seconds
51.291: Application time: 0.0268860 seconds
51.291: [GC [PSYoungGen: 100048K->8448K(107520K)] 134468K->42868K(352768K), 0.0031540 secs] [Times: user=0.02 sys=0.00, real=0.00 secs] 
51.295: Total time for which application threads were stopped: 0.0033540 seconds, Stopping threads took: 0.0001080 seconds
51.321: Application time: 0.0261290 seconds
51.321: [GC [PSYoungGen: 100608K->10080K(107520K)] 135028K->44500K(352768K), 0.0038510 secs] [Times: user=0.02 sys=0.00, real=0.00 secs] 
51.325: Total time for which application threads were stopped: 0.0040350 seconds, Stopping threads took: 0.0000880 seconds
51.358: Application time: 0.0332460 seconds
51.358: [GC [PSYoungGen: 102240K->10464K(107520K)] 136660K->44884K(352768K), 0.0039570 secs] [Times: user=0.02 sys=0.00, real=0.00 secs] 
51.362: Total time for which application threads were stopped: 0.0041360 seconds, Stopping threads took: 0.0000860 seconds
51.393: Application time: 0.0307340 seconds
51.393: [GC [PSYoungGen: 102624K->7984K(107520K)] 137044K->42404K(352768K), 0.0031480 secs] [Times: user=0.02 sys=0.00, real=0.00 secs] 
51.396: Total time for which application threads were stopped: 0.0033070 seconds, Stopping threads took: 0.0000660 seconds
51.432: Application time: 0.0356820 seconds
51.432: [GC [PSYoungGen: 100144K->9968K(107520K)] 134564K->44388K(352768K), 0.0037870 secs] [Times: user=0.03 sys=0.00, real=0.00 secs] 
51.436: Total time for which application threads were stopped: 0.0039690 seconds, Stopping threads took: 0.0000880 seconds
51.469: Application time: 0.0335350 seconds
51.470: [GC [PSYoungGen: 102128K->8128K(107520K)] 136548K->42644K(352768K), 0.0030880 secs] [Times: user=0.02 sys=0.00, real=0.00 secs] 
51.473: Total time for which application threads were stopped: 0.0032670 seconds, Stopping threads took: 0.0000890 seconds
51.503: Application time: 0.0304990 seconds
51.503: [GC [PSYoungGen: 100288K->7680K(107520K)] 134804K->42196K(352768K), 0.0029350 secs] [Times: user=0.02 sys=0.00, real=0.00 secs] 
51.506: Total time for which application threads were stopped: 0.0030890 seconds, Stopping threads took: 0.0000630 seconds
51.533: Application time: 0.0269690 seconds
51.533: [GC [PSYoungGen: 99840K->7760K(107520K)] 134356K->42364K(352768K), 0.0030060 secs] [Times: user=0.02 sys=0.00, real=0.01 secs] 
51.536: Total time for which application threads were stopped: 0.0031740 seconds, Stopping threads took: 0.0000730 seconds
51.561: Application time: 0.0246350 seconds
51.561: [GC [PSYoungGen: 99920K->10064K(107520K)] 134524K->44668K(352768K), 0.0037790 secs] [Times: user=0.02 sys=0.00, real=0.00 secs] 
51.565: Total time for which application threads were stopped: 0.0039390 seconds, Stopping threads took: 0.0000670 seconds
51.596: Application time: 0.0313280 seconds
51.596: [GC [PSYoungGen: 102224K->9584K(107520K)] 136828K->44284K(352768K), 0.0036390 secs] [Times: user=0.01 sys=0.01, real=0.00 secs] 
51.600: Total time for which application threads were stopped: 0.0037990 seconds, Stopping threads took: 0.0000720 seconds
51.633: Application time: 0.0328590 seconds
51.636: [GC [PSYoungGen: 101744K->8208K(107520K)] 136444K->42908K(352768K), 0.0031740 secs] [Times: user=0.02 sys=0.00, real=0.00 secs] 
51.640: Total time for which application threads were stopped: 0.0066460 seconds, Stopping threads took: 0.0033630 seconds
51.670: Application time: 0.0305700 seconds
51.670: [GC [PSYoungGen: 100368K->7872K(107520K)] 135068K->42572K(352768K), 0.0030550 secs] [Times: user=0.02 sys=0.00, real=0.00 secs] 
51.673: Total time for which application threads were stopped: 0.0032390 seconds, Stopping threads took: 0.0000900 seconds
51.711: Application time: 0.0373710 seconds
51.711: [GC [PSYoungGen: 100032K->8320K(107520K)] 134732K->43020K(352768K), 0.0031410 secs] [Times: user=0.02 sys=0.00, real=0.00 secs] 
51.714: Total time for which application threads were stopped: 0.0033410 seconds, Stopping threads took: 0.0000940 seconds
51.745: Application time: 0.0308510 seconds
51.745: [GC [PSYoungGen: 100480K->7680K(107520K)] 135180K->42428K(352768K), 0.0030420 secs] [Times: user=0.02 sys=0.00, real=0.00 secs] 
51.748: Total time for which application threads were stopped: 0.0032200 seconds, Stopping threads took: 0.0000850 seconds
51.776: Application time: 0.0276260 seconds
51.776: [GC [PSYoungGen: 99840K->7856K(107520K)] 134588K->42652K(352768K), 0.0030640 secs] [Times: user=0.02 sys=0.00, real=0.01 secs] 
51.779: Total time for which application threads were stopped: 0.0032410 seconds, Stopping threads took: 0.0000870 seconds
51.807: Application time: 0.0283300 seconds
51.808: [GC [PSYoungGen: 100016K->7712K(107520K)] 134812K->42508K(352768K), 0.0029430 secs] [Times: user=0.02 sys=0.00, real=0.01 secs] 
51.811: Total time for which application threads were stopped: 0.0031150 seconds, Stopping threads took: 0.0000760 seconds
51.835: Application time: 0.0247950 seconds
51.836: [GC [PSYoungGen: 99872K->9872K(107520K)] 134668K->44668K(352768K), 0.0036920 secs] [Times: user=0.03 sys=0.00, real=0.01 secs] 
51.839: Total time for which application threads were stopped: 0.0038810 seconds, Stopping threads took: 0.0000960 seconds
51.874: Application time: 0.0351060 seconds
51.875: [GC [PSYoungGen: 102032K->9968K(107520K)] 136828K->44764K(352768K), 0.0037340 secs] [Times: user=0.02 sys=0.00, real=0.01 secs] 
51.878: Total time for which application threads were stopped: 0.0039260 seconds, Stopping threads took: 0.0000990 seconds
51.907: Application time: 0.0288590 seconds
51.907: [GC [PSYoungGen: 102128K->8032K(107520K)] 136924K->42828K(352768K), 0.0030810 secs] [Times: user=0.02 sys=0.00, real=0.01 secs] 
51.910: Total time for which application threads were stopped: 0.0032800 seconds, Stopping threads took: 0.0001050 seconds
51.949: Application time: 0.0381880 seconds
51.949: [GC [PSYoungGen: 100192K->9920K(107520K)] 134988K->44716K(352768K), 0.0037720 secs] [Times: user=0.03 sys=0.00, real=0.00 secs] 
51.953: Total time for which application threads were stopped: 0.0039250 seconds, Stopping threads took: 0.0000610 seconds
51.985: Application time: 0.0322470 seconds
51.985: [GC [PSYoungGen: 102080K->7808K(107520K)] 136876K->42604K(352768K), 0.0029390 secs] [Times: user=0.02 sys=0.00, real=0.00 secs] 
51.988: Total time for which application threads were stopped: 0.0031320 seconds, Stopping threads took: 0.0001000 seconds
52.018: Application time: 0.0301540 seconds
52.018: [GC [PSYoungGen: 99968K->7856K(107520K)] 134764K->42652K(352768K), 0.0030420 secs] [Times: user=0.02 sys=0.00, real=0.00 secs] 
52.021: Total time for which application threads were stopped: 0.0032150 seconds, Stopping threads took: 0.0000790 seconds
52.047: Application time: 0.0261660 seconds
52.048: [GC [PSYoungGen: 100016K->8144K(107520K)] 134812K->42940K(352768K), 0.0031320 secs] [Times: user=0.02 sys=0.00, real=0.01 secs] 
52.051: Total time for which application threads were stopped: 0.0033290 seconds, Stopping threads took: 0.0001020 seconds
52.076: Application time: 0.0255890 seconds
52.077: [GC [PSYoungGen: 100304K->11392K(107520K)] 135100K->46188K(352768K), 0.0043540 secs] [Times: user=0.04 sys=0.00, real=0.00 secs] 
52.081: Total time for which application threads were stopped: 0.0045360 seconds, Stopping threads took: 0.0000860 seconds
52.111: Application time: 0.0305120 seconds
52.112: [GC [PSYoungGen: 103552K->10128K(107520K)] 138348K->44924K(352768K), 0.0038390 secs] [Times: user=0.03 sys=0.00, real=0.00 secs] 
52.115: Total time for which application threads were stopped: 0.0040080 seconds, Stopping threads took: 0.0000740 seconds
52.149: Application time: 0.0332770 seconds
52.149: [GC [PSYoungGen: 102288K->8576K(107520K)] 137084K->43372K(352768K), 0.0031730 secs] [Times: user=0.02 sys=0.00, real=0.00 secs] 
52.152: Total time for which application threads were stopped: 0.0033700 seconds, Stopping threads took: 0.0000860 seconds
52.184: Application time: 0.0316720 seconds
52.184: [GC [PSYoungGen: 100736K->8304K(107520K)] 135532K->43100K(352768K), 0.0031250 secs] [Times: user=0.02 sys=0.00, real=0.00 secs] 
52.187: Total time for which application threads were stopped: 0.0033110 seconds, Stopping threads took: 0.0000920 seconds
52.224: Application time: 0.0369320 seconds
52.224: [GC [PSYoungGen: 100464K->7888K(107520K)] 135260K->42740K(352768K), 0.0030760 secs] [Times: user=0.02 sys=0.00, real=0.00 secs] 
52.227: Total time for which application threads were stopped: 0.0032510 seconds, Stopping threads took: 0.0000840 seconds
52.258: Application time: 0.0311280 seconds
52.259: [GC [PSYoungGen: 100048K->7920K(107520K)] 134900K->42820K(352768K), 0.0030000 secs] [Times: user=0.02 sys=0.00, real=0.00 secs] 
52.262: Total time for which application threads were stopped: 0.0031810 seconds, Stopping threads took: 0.0000880 seconds
52.289: Application time: 0.0273950 seconds
52.289: [GC [PSYoungGen: 100080K->7744K(107520K)] 134980K->42732K(352768K), 0.0030470 secs] [Times: user=0.02 sys=0.00, real=0.00 secs] 
52.292: Total time for which application threads were stopped: 0.0032000 seconds, Stopping threads took: 0.0000630 seconds
52.319: Application time: 0.0265890 seconds
52.319: [GC [PSYoungGen: 99904K->7728K(107520K)] 134892K->42716K(352768K), 0.0028780 secs] [Times: user=0.01 sys=0.00, real=0.00 secs] 
52.322: Total time for which application threads were stopped: 0.0030660 seconds, Stopping threads took: 0.0000980 seconds
52.349: Application time: 0.0267100 seconds
52.349: [GC [PSYoungGen: 99888K->9952K(107520K)] 134876K->44996K(352768K), 0.0037220 secs] [Times: user=0.02 sys=0.00, real=0.00 secs] 
52.352: Total time for which application threads were stopped: 0.0038750 seconds, Stopping threads took: 0.0000610 seconds
52.387: Application time: 0.0349360 seconds
52.388: [GC [PSYoungGen: 102112K->10032K(107520K)] 137156K->45132K(352768K), 0.0039060 secs] [Times: user=0.03 sys=0.00, real=0.01 secs] 
52.391: Total time for which application threads were stopped: 0.0040960 seconds, Stopping threads took: 0.0000970 seconds
52.420: Application time: 0.0284460 seconds
52.420: [GC [PSYoungGen: 102192K->7600K(107520K)] 137292K->42700K(352768K), 0.0029440 secs] [Times: user=0.02 sys=0.00, real=0.00 secs] 
52.423: Total time for which application threads were stopped: 0.0031320 seconds, Stopping threads took: 0.0000960 seconds
52.461: Application time: 0.0384170 seconds
52.462: [GC [PSYoungGen: 99760K->9376K(107520K)] 134860K->44476K(352768K), 0.0036390 secs] [Times: user=0.03 sys=0.00, real=0.00 secs] 
52.465: Total time for which application threads were stopped: 0.0038240 seconds, Stopping threads took: 0.0000930 seconds
52.498: Application time: 0.0325490 seconds
52.498: [GC [PSYoungGen: 101536K->7760K(107520K)] 136636K->42916K(352768K), 0.0031310 secs] [Times: user=0.01 sys=0.00, real=0.00 secs] 
52.501: Total time for which application threads were stopped: 0.0032900 seconds, Stopping threads took: 0.0000720 seconds
52.530: Application time: 0.0287120 seconds
52.530: [GC [PSYoungGen: 99920K->7536K(107520K)] 135076K->42748K(352768K), 0.0029530 secs] [Times: user=0.02 sys=0.00, real=0.00 secs] 
52.533: Total time for which application threads were stopped: 0.0031460 seconds, Stopping threads took: 0.0001020 seconds
52.560: Application time: 0.0265060 seconds
52.560: [GC [PSYoungGen: 99696K->7984K(107520K)] 134908K->43196K(352768K), 0.0031000 secs] [Times: user=0.01 sys=0.00, real=0.00 secs] 
52.563: Total time for which application threads were stopped: 0.0032840 seconds, Stopping threads took: 0.0000920 seconds
52.589: Application time: 0.0258240 seconds
52.589: [GC [PSYoungGen: 100144K->12192K(107520K)] 135356K->47404K(352768K), 0.0046000 secs] [Times: user=0.03 sys=0.00, real=0.00 secs] 
52.593: Total time for which application threads were stopped: 0.0047820 seconds, Stopping threads took: 0.0000830 seconds
52.624: Application time: 0.0309810 seconds
52.625: [GC [PSYoungGen: 104352K->11856K(107520K)] 139564K->47068K(352768K), 0.0045080 secs] [Times: user=0.03 sys=0.00, real=0.01 secs] 
52.629: Total time for which application threads were stopped: 0.0046920 seconds, Stopping threads took: 0.0000820 seconds
52.662: Application time: 0.0329840 seconds
52.662: [GC [PSYoungGen: 104016K->8432K(107520K)] 139228K->43644K(352768K), 0.0032190 secs] [Times: user=0.03 sys=0.00, real=0.00 secs] 
52.665: Total time for which application threads were stopped: 0.0034000 seconds, Stopping threads took: 0.0000760 seconds
52.699: Application time: 0.0332470 seconds
52.699: [GC [PSYoungGen: 100592K->9856K(107520K)] 135804K->45068K(352768K), 0.0037690 secs] [Times: user=0.03 sys=0.00, real=0.00 secs] 
52.703: Total time for which application threads were stopped: 0.0039410 seconds, Stopping threads took: 0.0000760 seconds
52.738: Application time: 0.0358210 seconds
52.739: [GC [PSYoungGen: 102016K->7792K(107520K)] 137228K->43004K(352768K), 0.0030300 secs] [Times: user=0.02 sys=0.00, real=0.00 secs] 
52.742: Total time for which application threads were stopped: 0.0032090 seconds, Stopping threads took: 0.0000850 seconds
52.771: Application time: 0.0295830 seconds
52.771: [GC [PSYoungGen: 99952K->7856K(107520K)] 135164K->43068K(352768K), 0.0031070 secs] [Times: user=0.02 sys=0.00, real=0.00 secs] 
52.775: Total time for which application threads were stopped: 0.0032880 seconds, Stopping threads took: 0.0000870 seconds
52.802: Application time: 0.0277440 seconds
52.802: [GC [PSYoungGen: 100016K->7856K(107520K)] 135228K->43068K(352768K), 0.0030580 secs] [Times: user=0.02 sys=0.00, real=0.00 secs] 
52.806: Total time for which application threads were stopped: 0.0032400 seconds, Stopping threads took: 0.0000910 seconds
52.830: Application time: 0.0248560 seconds
52.831: [GC [PSYoungGen: 100016K->9360K(107520K)] 135228K->44572K(352768K), 0.0034100 secs] [Times: user=0.03 sys=0.00, real=0.00 secs] 
52.834: Total time for which application threads were stopped: 0.0035770 seconds, Stopping threads took: 0.0000760 seconds
52.864: Application time: 0.0300440 seconds
52.864: [GC [PSYoungGen: 101520K->9584K(107520K)] 136732K->44796K(352768K), 0.0036860 secs] [Times: user=0.02 sys=0.00, real=0.00 secs] 
52.868: Total time for which application threads were stopped: 0.0038440 seconds, Stopping threads took: 0.0000660 seconds
52.901: Application time: 0.0328180 seconds
52.901: [GC [PSYoungGen: 101744K->8096K(107520K)] 136956K->43308K(352768K), 0.0030390 secs] [Times: user=0.02 sys=0.00, real=0.00 secs] 
52.904: Total time for which application threads were stopped: 0.0032150 seconds, Stopping threads took: 0.0000830 seconds
52.936: Application time: 0.0320600 seconds
52.936: [GC [PSYoungGen: 100256K->8560K(107520K)] 135468K->43772K(352768K), 0.0032090 secs] [Times: user=0.02 sys=0.00, real=0.01 secs] 
52.939: Total time for which application threads were stopped: 0.0034100 seconds, Stopping threads took: 0.0001090 seconds
52.977: Application time: 0.0372420 seconds
52.977: [GC [PSYoungGen: 100720K->8336K(107520K)] 135932K->43548K(352768K), 0.0032010 secs] [Times: user=0.02 sys=0.00, real=0.00 secs] 
52.980: Total time for which application threads were stopped: 0.0033730 seconds, Stopping threads took: 0.0000810 seconds
53.011: Application time: 0.0306660 seconds
53.011: [GC [PSYoungGen: 100496K->7904K(107520K)] 135708K->43212K(352768K), 0.0031350 secs] [Times: user=0.02 sys=0.00, real=0.00 secs] 
53.014: Total time for which application threads were stopped: 0.0033200 seconds, Stopping threads took: 0.0000930 seconds
53.045: Application time: 0.0308900 seconds
53.045: [GC [PSYoungGen: 100064K->7760K(107520K)] 135372K->43149K(352768K), 0.0030810 secs] [Times: user=0.02 sys=0.00, real=0.00 secs] 
53.048: Total time for which application threads were stopped: 0.0032640 seconds, Stopping threads took: 0.0000910 seconds
53.074: Application time: 0.0261410 seconds
53.074: [GC [PSYoungGen: 99920K->7888K(107520K)] 135309K->43277K(352768K), 0.0030190 secs] [Times: user=0.02 sys=0.00, real=0.01 secs] 
53.078: Total time for which application threads were stopped: 0.0032010 seconds, Stopping threads took: 0.0000920 seconds
53.103: Application time: 0.0256200 seconds
53.103: [GC [PSYoungGen: 100048K->9488K(107520K)] 135437K->44932K(352768K), 0.0036840 secs] [Times: user=0.03 sys=0.00, real=0.00 secs] 
53.107: Total time for which application threads were stopped: 0.0038660 seconds, Stopping threads took: 0.0000850 seconds
53.141: Application time: 0.0338510 seconds
53.144: [GC [PSYoungGen: 101648K->8960K(107520K)] 137092K->44461K(352768K), 0.0032860 secs] [Times: user=0.02 sys=0.00, real=0.00 secs] 
53.148: Total time for which application threads were stopped: 0.0068330 seconds, Stopping threads took: 0.0034550 seconds
53.176: Application time: 0.0284090 seconds
53.176: [GC [PSYoungGen: 101120K->8336K(107520K)] 136621K->43837K(352768K), 0.0031070 secs] [Times: user=0.02 sys=0.00, real=0.01 secs] 
53.179: Total time for which application threads were stopped: 0.0033140 seconds, Stopping threads took: 0.0000990 seconds
53.217: Application time: 0.0379620 seconds
53.218: [GC [PSYoungGen: 100496K->8336K(107520K)] 135997K->43837K(352768K), 0.0032030 secs] [Times: user=0.01 sys=0.00, real=0.00 secs] 
53.221: Total time for which application threads were stopped: 0.0033900 seconds, Stopping threads took: 0.0000940 seconds
53.255: Application time: 0.0340200 seconds
53.255: [GC [PSYoungGen: 100496K->7680K(107520K)] 135997K->43229K(352768K), 0.0029680 secs] [Times: user=0.02 sys=0.00, real=0.01 secs] 
53.258: Total time for which application threads were stopped: 0.0031250 seconds, Stopping threads took: 0.0000640 seconds
53.289: Application time: 0.0310190 seconds
53.289: [GC [PSYoungGen: 99840K->7680K(107520K)] 135389K->43277K(352768K), 0.0029670 secs] [Times: user=0.02 sys=0.00, real=0.00 secs] 
53.292: Total time for which application threads were stopped: 0.0031210 seconds, Stopping threads took: 0.0000630 seconds
53.318: Application time: 0.0260690 seconds
53.320: [GC [PSYoungGen: 99840K->7808K(107520K)] 135437K->43405K(352768K), 0.0030860 secs] [Times: user=0.02 sys=0.00, real=0.00 secs] 
53.324: Total time for which application threads were stopped: 0.0053580 seconds, Stopping threads took: 0.0021790 seconds
53.348: Application time: 0.0243070 seconds
53.348: [GC [PSYoungGen: 99968K->9568K(107520K)] 135565K->45165K(352768K), 0.0036470 secs] [Times: user=0.03 sys=0.00, real=0.01 secs] 
53.352: Total time for which application threads were stopped: 0.0038300 seconds, Stopping threads took: 0.0000880 seconds
53.382: Application time: 0.0305350 seconds
53.382: [GC [PSYoungGen: 101728K->13728K(107520K)] 137325K->49325K(352768K), 0.0053150 secs] [Times: user=0.04 sys=0.00, real=0.00 secs] 
53.388: Total time for which application threads were stopped: 0.0054840 seconds, Stopping threads took: 0.0000730 seconds
53.419: Application time: 0.0316560 seconds
53.419: [GC [PSYoungGen: 105888K->9424K(107520K)] 141485K->45021K(352768K), 0.0035490 secs] [Times: user=0.02 sys=0.00, real=0.00 secs] 
53.423: Total time for which application threads were stopped: 0.0037230 seconds, Stopping threads took: 0.0000780 seconds
53.457: Application time: 0.0337210 seconds
53.457: [GC [PSYoungGen: 101584K->9536K(107520K)] 137181K->45133K(352768K), 0.0037600 secs] [Times: user=0.03 sys=0.00, real=0.00 secs] 
53.461: Total time for which application threads were stopped: 0.0039430 seconds, Stopping threads took: 0.0000870 seconds
53.498: Application time: 0.0373040 seconds
53.498: [GC [PSYoungGen: 101696K->8432K(107520K)] 137293K->44029K(352768K), 0.0032620 secs] [Times: user=0.02 sys=0.00, real=0.00 secs] 
53.501: Total time for which application threads were stopped: 0.0034610 seconds, Stopping threads took: 0.0001050 seconds
53.531: Application time: 0.0293480 seconds
53.531: [GC [PSYoungGen: 100592K->8048K(107520K)] 136189K->43645K(352768K), 0.0030530 secs] [Times: user=0.02 sys=0.00, real=0.00 secs] 
53.534: Total time for which application threads were stopped: 0.0032180 seconds, Stopping threads took: 0.0000730 seconds
53.565: Application time: 0.0304550 seconds
53.565: [GC [PSYoungGen: 100208K->8064K(107520K)] 135805K->43661K(352768K), 0.0030210 secs] [Times: user=0.02 sys=0.00, real=0.00 secs] 
53.568: Total time for which application threads were stopped: 0.0032350 seconds, Stopping threads took: 0.0001160 seconds
53.591: Application time: 0.0232510 seconds
53.591: [GC [PSYoungGen: 100224K->8048K(107520K)] 135821K->43645K(352768K), 0.0030900 secs] [Times: user=0.02 sys=0.00, real=0.00 secs] 
53.594: Total time for which application threads were stopped: 0.0032810 seconds, Stopping threads took: 0.0000990 seconds
53.624: Application time: 0.0294590 seconds
53.624: [GC [PSYoungGen: 100208K->9616K(107520K)] 135805K->45213K(352768K), 0.0037600 secs] [Times: user=0.02 sys=0.00, real=0.00 secs] 
53.628: Total time for which application threads were stopped: 0.0039640 seconds, Stopping threads took: 0.0001090 seconds
53.661: Application time: 0.0328200 seconds
53.661: [GC [PSYoungGen: 101776K->8560K(107520K)] 137373K->44157K(352768K), 0.0032140 secs] [Times: user=0.02 sys=0.00, real=0.00 secs] 
53.664: Total time for which application threads were stopped: 0.0033770 seconds, Stopping threads took: 0.0000720 seconds
53.693: Application time: 0.0287390 seconds
53.693: [GC [PSYoungGen: 100720K->8272K(107520K)] 136317K->43869K(352768K), 0.0030980 secs] [Times: user=0.02 sys=0.00, real=0.00 secs] 
53.696: Total time for which application threads were stopped: 0.0032780 seconds, Stopping threads took: 0.0000700 seconds
53.734: Application time: 0.0380580 seconds
53.734: [GC [PSYoungGen: 100432K->9488K(107520K)] 136029K->45085K(352768K), 0.0036770 secs] [Times: user=0.03 sys=0.00, real=0.01 secs] 
53.738: Total time for which application threads were stopped: 0.0038550 seconds, Stopping threads took: 0.0000850 seconds
53.770: Application time: 0.0319880 seconds
53.770: [GC [PSYoungGen: 101648K->7968K(107520K)] 137245K->43621K(352768K), 0.0030830 secs] [Times: user=0.02 sys=0.00, real=0.00 secs] 
53.773: Total time for which application threads were stopped: 0.0032800 seconds, Stopping threads took: 0.0001040 seconds
53.805: Application time: 0.0314970 seconds
53.805: [GC [PSYoungGen: 100128K->7696K(107520K)] 135781K->43429K(352768K), 0.0030580 secs] [Times: user=0.02 sys=0.00, real=0.00 secs] 
53.808: Total time for which application threads were stopped: 0.0032180 seconds, Stopping threads took: 0.0000660 seconds
53.834: Application time: 0.0259230 seconds
53.834: [GC [PSYoungGen: 99856K->7712K(107520K)] 135589K->43501K(352768K), 0.0030190 secs] [Times: user=0.02 sys=0.00, real=0.01 secs] 
53.837: Total time for which application threads were stopped: 0.0031740 seconds, Stopping threads took: 0.0000660 seconds
53.862: Application time: 0.0251230 seconds
53.862: [GC [PSYoungGen: 99872K->8432K(107520K)] 135661K->44269K(352768K), 0.0032710 secs] [Times: user=0.02 sys=0.00, real=0.00 secs] 
53.866: Total time for which application threads were stopped: 0.0034430 seconds, Stopping threads took: 0.0000800 seconds
53.900: Application time: 0.0344850 seconds
53.900: [GC [PSYoungGen: 100592K->10080K(107520K)] 136429K->45981K(352768K), 0.0037800 secs] [Times: user=0.02 sys=0.00, real=0.00 secs] 
53.904: Total time for which application threads were stopped: 0.0039750 seconds, Stopping threads took: 0.0001020 seconds
53.932: Application time: 0.0278840 seconds
53.936: [GC [PSYoungGen: 102240K->9600K(107520K)] 138141K->45501K(352768K), 0.0037120 secs] [Times: user=0.02 sys=0.01, real=0.00 secs] 
53.940: Total time for which application threads were stopped: 0.0082830 seconds, Stopping threads took: 0.0044750 seconds
53.975: Application time: 0.0347290 seconds
53.975: [GC [PSYoungGen: 101760K->9280K(107520K)] 137661K->45181K(352768K), 0.0036850 secs] [Times: user=0.02 sys=0.00, real=0.01 secs] 
53.979: Total time for which application threads were stopped: 0.0038860 seconds, Stopping threads took: 0.0001060 seconds
54.016: Application time: 0.0370220 seconds
54.016: [GC [PSYoungGen: 101440K->7888K(107520K)] 137341K->43829K(352768K), 0.0030550 secs] [Times: user=0.02 sys=0.00, real=0.01 secs] 
54.019: Total time for which application threads were stopped: 0.0032320 seconds, Stopping threads took: 0.0000840 seconds
54.048: Application time: 0.0293290 seconds
54.048: [GC [PSYoungGen: 100048K->7632K(107520K)] 135989K->43621K(352768K), 0.0030100 secs] [Times: user=0.02 sys=0.00, real=0.00 secs] 
54.052: Total time for which application threads were stopped: 0.0031650 seconds, Stopping threads took: 0.0000650 seconds
54.081: Application time: 0.0291010 seconds
54.081: [GC [PSYoungGen: 99792K->7824K(107520K)] 135781K->43813K(352768K), 0.0029740 secs] [Times: user=0.02 sys=0.00, real=0.00 secs] 
54.084: Total time for which application threads were stopped: 0.0031580 seconds, Stopping threads took: 0.0000940 seconds
54.107: Application time: 0.0232920 seconds
54.107: [GC [PSYoungGen: 99984K->9776K(107520K)] 135973K->45765K(352768K), 0.0038380 secs] [Times: user=0.02 sys=0.00, real=0.01 secs] 
54.111: Total time for which application threads were stopped: 0.0040070 seconds, Stopping threads took: 0.0000770 seconds
54.142: Application time: 0.0307290 seconds
54.142: [GC [PSYoungGen: 101936K->13136K(107520K)] 137925K->49125K(352768K), 0.0050670 secs] [Times: user=0.03 sys=0.00, real=0.00 secs] 
54.147: Total time for which application threads were stopped: 0.0052480 seconds, Stopping threads took: 0.0000860 seconds
54.180: Application time: 0.0324910 seconds
54.180: [GC [PSYoungGen: 105296K->8496K(107520K)] 141285K->44485K(352768K), 0.0031680 secs] [Times: user=0.02 sys=0.00, real=0.00 secs] 
54.183: Total time for which application threads were stopped: 0.0033950 seconds, Stopping threads took: 0.0001340 seconds
54.214: Application time: 0.0309610 seconds
54.214: [GC [PSYoungGen: 100656K->7712K(107520K)] 136645K->43701K(352768K), 0.0030360 secs] [Times: user=0.02 sys=0.00, real=0.01 secs] 
54.217: Total time for which application threads were stopped: 0.0032560 seconds, Stopping threads took: 0.0001120 seconds
54.254: Application time: 0.0369640 seconds
54.254: [GC [PSYoungGen: 99872K->9552K(107520K)] 135861K->45541K(352768K), 0.0036730 secs] [Times: user=0.02 sys=0.00, real=0.01 secs] 
54.258: Total time for which application threads were stopped: 0.0038380 seconds, Stopping threads took: 0.0000710 seconds
54.289: Application time: 0.0310590 seconds
54.289: [GC [PSYoungGen: 101712K->7776K(107520K)] 137701K->43765K(352768K), 0.0030480 secs] [Times: user=0.01 sys=0.00, real=0.00 secs] 
54.292: Total time for which application threads were stopped: 0.0032130 seconds, Stopping threads took: 0.0000820 seconds
54.324: Application time: 0.0314740 seconds
54.324: [GC [PSYoungGen: 99936K->7968K(107520K)] 135925K->43957K(352768K), 0.0030780 secs] [Times: user=0.02 sys=0.00, real=0.00 secs] 
54.327: Total time for which application threads were stopped: 0.0032390 seconds, Stopping threads took: 0.0000710 seconds
54.351: Application time: 0.0243150 seconds
54.351: [GC [PSYoungGen: 100128K->7808K(107520K)] 136117K->43797K(352768K), 0.0030160 secs] [Times: user=0.02 sys=0.00, real=0.00 secs] 
54.354: Total time for which application threads were stopped: 0.0031800 seconds, Stopping threads took: 0.0000740 seconds
54.382: Application time: 0.0278030 seconds
54.384: [GC [PSYoungGen: 99968K->7808K(107520K)] 135957K->43797K(352768K), 0.0029000 secs] [Times: user=0.02 sys=0.00, real=0.00 secs] 
54.387: Total time for which application threads were stopped: 0.0050560 seconds, Stopping threads took: 0.0020640 seconds
54.421: Application time: 0.0336590 seconds
54.421: [GC [PSYoungGen: 99968K->8592K(107520K)] 135957K->44581K(352768K), 0.0031990 secs] [Times: user=0.02 sys=0.00, real=0.00 secs] 
54.424: Total time for which application threads were stopped: 0.0033930 seconds, Stopping threads took: 0.0001010 seconds
54.455: Application time: 0.0301480 seconds
54.455: [GC [PSYoungGen: 100752K->10208K(107520K)] 136741K->46197K(352768K), 0.0038270 secs] [Times: user=0.03 sys=0.00, real=0.01 secs] 
54.459: Total time for which application threads were stopped: 0.0039950 seconds, Stopping threads took: 0.0000740 seconds
54.493: Application time: 0.0342760 seconds
54.493: [GC [PSYoungGen: 102368K->9952K(107520K)] 138357K->45941K(352768K), 0.0037780 secs] [Times: user=0.03 sys=0.00, real=0.01 secs] 
54.497: Total time for which application threads were stopped: 0.0039720 seconds, Stopping threads took: 0.0000920 seconds
54.532: Application time: 0.0355180 seconds
54.532: [GC [PSYoungGen: 102112K->8320K(107520K)] 138101K->44309K(352768K), 0.0031160 secs] [Times: user=0.02 sys=0.00, real=0.00 secs] 
54.536: Total time for which application threads were stopped: 0.0032800 seconds, Stopping threads took: 0.0000760 seconds
54.565: Application time: 0.0294150 seconds
54.565: [GC [PSYoungGen: 100480K->8032K(107520K)] 136469K->44129K(352768K), 0.0031470 secs] [Times: user=0.02 sys=0.00, real=0.01 secs] 
54.568: Total time for which application threads were stopped: 0.0033160 seconds, Stopping threads took: 0.0000760 seconds
54.597: Application time: 0.0281800 seconds
54.597: [GC [PSYoungGen: 100192K->7968K(107520K)] 136289K->44073K(352768K), 0.0031080 secs] [Times: user=0.02 sys=0.00, real=0.00 secs] 
54.600: Total time for which application threads were stopped: 0.0032950 seconds, Stopping threads took: 0.0000970 seconds
54.625: Application time: 0.0247560 seconds
54.625: [GC [PSYoungGen: 100128K->8544K(107520K)] 136233K->44697K(352768K), 0.0032150 secs] [Times: user=0.02 sys=0.00, real=0.00 secs] 
54.628: Total time for which application threads were stopped: 0.0033850 seconds, Stopping threads took: 0.0000820 seconds
54.658: Application time: 0.0302160 seconds
54.658: [GC [PSYoungGen: 100704K->9920K(107520K)] 136857K->46129K(352768K), 0.0038110 secs] [Times: user=0.03 sys=0.00, real=0.00 secs] 
54.662: Total time for which application threads were stopped: 0.0039730 seconds, Stopping threads took: 0.0000700 seconds
54.696: Application time: 0.0337490 seconds
54.696: [GC [PSYoungGen: 102080K->9952K(107520K)] 138289K->46217K(352768K), 0.0037960 secs] [Times: user=0.03 sys=0.00, real=0.01 secs] 
54.700: Total time for which application threads were stopped: 0.0039870 seconds, Stopping threads took: 0.0000960 seconds
54.731: Application time: 0.0307630 seconds
54.731: [GC [PSYoungGen: 102112K->7712K(107520K)] 138377K->43977K(352768K), 0.0031030 secs] [Times: user=0.02 sys=0.00, real=0.00 secs] 
54.734: Total time for which application threads were stopped: 0.0033120 seconds, Stopping threads took: 0.0000920 seconds
54.771: Application time: 0.0367940 seconds
54.771: [GC [PSYoungGen: 99872K->8384K(107520K)] 136137K->44705K(352768K), 0.0032400 secs] [Times: user=0.03 sys=0.00, real=0.00 secs] 
54.774: Total time for which application threads were stopped: 0.0034120 seconds, Stopping threads took: 0.0000810 seconds
54.805: Application time: 0.0311430 seconds
54.805: [GC [PSYoungGen: 100544K->7648K(107520K)] 136865K->44009K(352768K), 0.0030990 secs] [Times: user=0.01 sys=0.00, real=0.01 secs] 
54.809: Total time for which application threads were stopped: 0.0032700 seconds, Stopping threads took: 0.0000790 seconds
54.837: Application time: 0.0284560 seconds
54.840: [GC [PSYoungGen: 99808K->8000K(107520K)] 136169K->44361K(352768K), 0.0031260 secs] [Times: user=0.02 sys=0.01, real=0.00 secs] 
54.844: Total time for which application threads were stopped: 0.0065230 seconds, Stopping threads took: 0.0033040 seconds
54.871: Application time: 0.0273240 seconds
54.871: [GC [PSYoungGen: 100160K->9664K(107520K)] 136521K->46025K(352768K), 0.0037740 secs] [Times: user=0.03 sys=0.00, real=0.00 secs] 
54.875: Total time for which application threads were stopped: 0.0039860 seconds, Stopping threads took: 0.0001180 seconds
54.900: Application time: 0.0250190 seconds
54.900: [GC [PSYoungGen: 101824K->9440K(107520K)] 138185K->45801K(352768K), 0.0037120 secs] [Times: user=0.02 sys=0.00, real=0.00 secs] 
54.904: Total time for which application threads were stopped: 0.0038850 seconds, Stopping threads took: 0.0000780 seconds
54.939: Application time: 0.0346780 seconds
54.939: [GC [PSYoungGen: 101600K->11552K(107520K)] 137961K->47913K(352768K), 0.0043480 secs] [Times: user=0.03 sys=0.00, real=0.00 secs] 
54.943: Total time for which application threads were stopped: 0.0045140 seconds, Stopping threads took: 0.0000700 seconds
54.975: Application time: 0.0315240 seconds
54.975: [GC [PSYoungGen: 103712K->8080K(107520K)] 140073K->44441K(352768K), 0.0031070 secs] [Times: user=0.02 sys=0.00, real=0.01 secs] 
54.978: Total time for which application threads were stopped: 0.0033030 seconds, Stopping threads took: 0.0001040 seconds
55.011: Application time: 0.0327390 seconds
55.011: [GC [PSYoungGen: 100240K->9936K(107520K)] 136601K->46297K(352768K), 0.0038490 secs] [Times: user=0.03 sys=0.00, real=0.00 secs] 
55.015: Total time for which application threads were stopped: 0.0040130 seconds, Stopping threads took: 0.0000670 seconds
55.050: Application time: 0.0351320 seconds
55.050: [GC [PSYoungGen: 102096K->8448K(107520K)] 138457K->44809K(352768K), 0.0032450 secs] [Times: user=0.02 sys=0.00, real=0.00 secs] 
55.053: Total time for which application threads were stopped: 0.0034540 seconds, Stopping threads took: 0.0001150 seconds
55.081: Application time: 0.0278310 seconds
55.081: [GC [PSYoungGen: 100608K->8064K(107520K)] 136969K->44425K(352768K), 0.0031380 secs] [Times: user=0.02 sys=0.00, real=0.00 secs] 
55.084: Total time for which application threads were stopped: 0.0033110 seconds, Stopping threads took: 0.0000800 seconds
55.114: Application time: 0.0295990 seconds
55.114: [GC [PSYoungGen: 100224K->7904K(107520K)] 136585K->44265K(352768K), 0.0030960 secs] [Times: user=0.02 sys=0.00, real=0.01 secs] 
55.117: Total time for which application threads were stopped: 0.0032690 seconds, Stopping threads took: 0.0000810 seconds
55.143: Application time: 0.0257950 seconds
55.143: [GC [PSYoungGen: 100064K->8768K(107520K)] 136425K->45129K(352768K), 0.0033190 secs] [Times: user=0.02 sys=0.00, real=0.00 secs] 
55.147: Total time for which application threads were stopped: 0.0034880 seconds, Stopping threads took: 0.0000780 seconds
55.177: Application time: 0.0300210 seconds
55.180: [GC [PSYoungGen: 100928K->8816K(107520K)] 137289K->45177K(352768K), 0.0032700 secs] [Times: user=0.03 sys=0.00, real=0.00 secs] 
55.184: Total time for which application threads were stopped: 0.0071680 seconds, Stopping threads took: 0.0038040 seconds
55.218: Application time: 0.0343170 seconds
55.218: [GC [PSYoungGen: 100976K->7856K(107520K)] 137337K->44217K(352768K), 0.0030590 secs] [Times: user=0.02 sys=0.00, real=0.00 secs] 
55.221: Total time for which application threads were stopped: 0.0032450 seconds, Stopping threads took: 0.0000960 seconds
55.252: Application time: 0.0309460 seconds
55.252: [GC [PSYoungGen: 100016K->7840K(107520K)] 136377K->44201K(352768K), 0.0030530 secs] [Times: user=0.02 sys=0.00, real=0.00 secs] 
55.255: Total time for which application threads were stopped: 0.0032650 seconds, Stopping threads took: 0.0001040 seconds
55.291: Application time: 0.0356830 seconds
55.291: [GC [PSYoungGen: 100000K->8368K(107520K)] 136361K->44729K(352768K), 0.0031740 secs] [Times: user=0.02 sys=0.00, real=0.00 secs] 
55.295: Total time for which application threads were stopped: 0.0033360 seconds, Stopping threads took: 0.0000700 seconds
55.326: Application time: 0.0312280 seconds
55.326: [GC [PSYoungGen: 100528K->7792K(107520K)] 136889K->44209K(352768K), 0.0030310 secs] [Times: user=0.02 sys=0.00, real=0.01 secs] 
55.329: Total time for which application threads were stopped: 0.0032060 seconds, Stopping threads took: 0.0000820 seconds
55.356: Application time: 0.0274370 seconds
55.360: [GC [PSYoungGen: 99952K->7744K(107520K)] 136369K->44281K(352768K), 0.0031090 secs] [Times: user=0.02 sys=0.00, real=0.00 secs] 
55.364: Total time for which application threads were stopped: 0.0071840 seconds, Stopping threads took: 0.0039830 seconds
55.391: Application time: 0.0270670 seconds
55.391: [GC [PSYoungGen: 99904K->9440K(107520K)] 136441K->45977K(352768K), 0.0036710 secs] [Times: user=0.02 sys=0.00, real=0.00 secs] 
55.394: Total time for which application threads were stopped: 0.0038540 seconds, Stopping threads took: 0.0000890 seconds
55.421: Application time: 0.0262260 seconds
55.424: [GC [PSYoungGen: 101600K->11536K(107520K)] 138137K->48129K(352768K), 0.0044440 secs] [Times: user=0.02 sys=0.00, real=0.01 secs] 
55.429: Total time for which application threads were stopped: 0.0081460 seconds, Stopping threads took: 0.0036010 seconds
55.465: Application time: 0.0361560 seconds
55.468: [GC [PSYoungGen: 103696K->10480K(107520K)] 140289K->47121K(352768K), 0.0038580 secs] [Times: user=0.02 sys=0.01, real=0.00 secs] 
55.472: Total time for which application threads were stopped: 0.0072980 seconds, Stopping threads took: 0.0033360 seconds
55.503: Application time: 0.0310050 seconds
55.504: [GC [PSYoungGen: 102640K->7792K(107520K)] 139281K->44433K(352768K), 0.0029990 secs] [Times: user=0.02 sys=0.00, real=0.00 secs] 
55.507: Total time for which application threads were stopped: 0.0032130 seconds, Stopping threads took: 0.0001240 seconds
55.540: Application time: 0.0330290 seconds
55.540: [GC [PSYoungGen: 99952K->9760K(107520K)] 136593K->46409K(352768K), 0.0037270 secs] [Times: user=0.02 sys=0.01, real=0.00 secs] 
55.544: Total time for which application threads were stopped: 0.0039150 seconds, Stopping threads took: 0.0000940 seconds
55.578: Application time: 0.0346620 seconds
55.578: [GC [PSYoungGen: 101920K->7664K(107520K)] 138569K->44361K(352768K), 0.0030680 secs] [Times: user=0.02 sys=0.00, real=0.00 secs] 
55.581: Total time for which application threads were stopped: 0.0032210 seconds, Stopping threads took: 0.0000630 seconds
55.608: Application time: 0.0266440 seconds
55.612: [GC [PSYoungGen: 99824K->7616K(107520K)] 136521K->44369K(352768K), 0.0030180 secs] [Times: user=0.02 sys=0.00, real=0.00 secs] 
55.615: Total time for which application threads were stopped: 0.0074010 seconds, Stopping threads took: 0.0042890 seconds
55.644: Application time: 0.0287480 seconds
55.644: [GC [PSYoungGen: 99776K->8832K(107520K)] 136529K->45585K(352768K), 0.0033630 secs] [Times: user=0.02 sys=0.00, real=0.00 secs] 
55.648: Total time for which application threads were stopped: 0.0035530 seconds, Stopping threads took: 0.0000870 seconds
55.673: Application time: 0.0253990 seconds
55.673: [GC [PSYoungGen: 100992K->8816K(107520K)] 137745K->45569K(352768K), 0.0032880 secs] [Times: user=0.03 sys=0.00, real=0.01 secs] 
55.677: Total time for which application threads were stopped: 0.0034580 seconds, Stopping threads took: 0.0000780 seconds
55.709: Application time: 0.0327260 seconds
55.709: [GC [PSYoungGen: 100976K->9776K(107520K)] 137729K->46529K(352768K), 0.0037180 secs] [Times: user=0.03 sys=0.00, real=0.00 secs] 
55.713: Total time for which application threads were stopped: 0.0038960 seconds, Stopping threads took: 0.0000860 seconds
55.747: Application time: 0.0336790 seconds
55.747: [GC [PSYoungGen: 101936K->8032K(107520K)] 138689K->44785K(352768K), 0.0030100 secs] [Times: user=0.02 sys=0.00, real=0.01 secs] 
55.750: Total time for which application threads were stopped: 0.0032060 seconds, Stopping threads took: 0.0001050 seconds
55.781: Application time: 0.0303980 seconds
55.781: [GC [PSYoungGen: 100192K->7600K(107520K)] 136945K->44353K(352768K), 0.0029790 secs] [Times: user=0.01 sys=0.00, real=0.00 secs] 
55.784: Total time for which application threads were stopped: 0.0031770 seconds, Stopping threads took: 0.0000890 seconds
55.822: Application time: 0.0380490 seconds
55.822: [GC [PSYoungGen: 99760K->7552K(107520K)] 136513K->44305K(352768K), 0.0029390 secs] [Times: user=0.02 sys=0.00, real=0.00 secs] 
55.825: Total time for which application threads were stopped: 0.0031290 seconds, Stopping threads took: 0.0000980 seconds
55.853: Application time: 0.0278230 seconds
55.856: [GC [PSYoungGen: 99712K->7712K(107520K)] 136465K->44465K(352768K), 0.0030040 secs] [Times: user=0.02 sys=0.01, real=0.00 secs] 
55.859: Total time for which application threads were stopped: 0.0067100 seconds, Stopping threads took: 0.0036140 seconds
55.889: Application time: 0.0294390 seconds
55.889: [GC [PSYoungGen: 99872K->8032K(107520K)] 136625K->44785K(352768K), 0.0030490 secs] [Times: user=0.02 sys=0.00, real=0.00 secs] 
55.892: Total time for which application threads were stopped: 0.0032410 seconds, Stopping threads took: 0.0000990 seconds
55.920: Application time: 0.0279220 seconds
55.920: [GC [PSYoungGen: 100192K->8176K(107520K)] 136945K->44929K(352768K), 0.0031210 secs] [Times: user=0.02 sys=0.00, real=0.00 secs] 
55.923: Total time for which application threads were stopped: 0.0033000 seconds, Stopping threads took: 0.0000860 seconds
55.950: Application time: 0.0266950 seconds
55.950: [GC [PSYoungGen: 100336K->9328K(107520K)] 137089K->46081K(352768K), 0.0035710 secs] [Times: user=0.02 sys=0.00, real=0.00 secs] 
55.954: Total time for which application threads were stopped: 0.0037460 seconds, Stopping threads took: 0.0000840 seconds
55.991: Application time: 0.0375560 seconds
55.992: [GC [PSYoungGen: 101488K->8416K(107520K)] 138241K->45169K(352768K), 0.0032320 secs] [Times: user=0.02 sys=0.00, real=0.00 secs] 
55.995: Total time for which application threads were stopped: 0.0034380 seconds, Stopping threads took: 0.0001110 seconds
56.024: Application time: 0.0296070 seconds
56.028: [GC [PSYoungGen: 100576K->7632K(107520K)] 137329K->44385K(352768K), 0.0029510 secs] [Times: user=0.02 sys=0.00, real=0.00 secs] 
56.031: Total time for which application threads were stopped: 0.0070200 seconds, Stopping threads took: 0.0039760 seconds
56.065: Application time: 0.0335610 seconds
56.065: [GC [PSYoungGen: 99792K->8176K(107520K)] 136545K->44929K(352768K), 0.0031050 secs] [Times: user=0.02 sys=0.00, real=0.00 secs] 
56.068: Total time for which application threads were stopped: 0.0032810 seconds, Stopping threads took: 0.0000860 seconds
56.102: Application time: 0.0339340 seconds
56.102: [GC [PSYoungGen: 100336K->8272K(107520K)] 137089K->45081K(352768K), 0.0032690 secs] [Times: user=0.02 sys=0.00, real=0.00 secs] 
56.106: Total time for which application threads were stopped: 0.0034420 seconds, Stopping threads took: 0.0000800 seconds
56.133: Application time: 0.0269090 seconds
56.136: [GC [PSYoungGen: 100432K->7760K(107520K)] 137241K->44681K(352768K), 0.0029910 secs] [Times: user=0.02 sys=0.00, real=0.00 secs] 
56.139: Total time for which application threads were stopped: 0.0068820 seconds, Stopping threads took: 0.0037980 seconds
56.168: Application time: 0.0289050 seconds
56.168: [GC [PSYoungGen: 99920K->9504K(107520K)] 136841K->46426K(352768K), 0.0037240 secs] [Times: user=0.03 sys=0.00, real=0.00 secs] 
56.172: Total time for which application threads were stopped: 0.0038910 seconds, Stopping threads took: 0.0000720 seconds
56.197: Application time: 0.0245800 seconds
56.197: [GC [PSYoungGen: 101664K->9920K(107520K)] 138586K->46842K(352768K), 0.0037490 secs] [Times: user=0.03 sys=0.00, real=0.00 secs] 
56.201: Total time for which application threads were stopped: 0.0039020 seconds, Stopping threads took: 0.0000570 seconds
56.235: Application time: 0.0344850 seconds
56.235: [GC [PSYoungGen: 102080K->10400K(107520K)] 139002K->47410K(352768K), 0.0040560 secs] [Times: user=0.03 sys=0.00, real=0.01 secs] 
56.239: Total time for which application threads were stopped: 0.0042540 seconds, Stopping threads took: 0.0001020 seconds
56.272: Application time: 0.0327250 seconds
56.272: [GC [PSYoungGen: 102560K->7616K(107520K)] 139570K->44626K(352768K), 0.0029230 secs] [Times: user=0.02 sys=0.00, real=0.00 secs] 
56.275: Total time for which application threads were stopped: 0.0030810 seconds, Stopping threads took: 0.0000590 seconds
56.307: Application time: 0.0312410 seconds
56.307: [GC [PSYoungGen: 99776K->7824K(107520K)] 136786K->44834K(352768K), 0.0030020 secs] [Times: user=0.02 sys=0.00, real=0.01 secs] 
56.310: Total time for which application threads were stopped: 0.0031940 seconds, Stopping threads took: 0.0000840 seconds
56.346: Application time: 0.0367640 seconds
56.347: [GC [PSYoungGen: 99984K->9600K(107520K)] 136994K->46666K(352768K), 0.0037120 secs] [Times: user=0.03 sys=0.00, real=0.01 secs] 
56.350: Total time for which application threads were stopped: 0.0038790 seconds, Stopping threads took: 0.0000720 seconds
56.377: Application time: 0.0266310 seconds
56.377: [GC [PSYoungGen: 101760K->7824K(107520K)] 138826K->44946K(352768K), 0.0030740 secs] [Times: user=0.02 sys=0.00, real=0.00 secs] 
56.380: Total time for which application threads were stopped: 0.0032910 seconds, Stopping threads took: 0.0001160 seconds
56.411: Application time: 0.0302790 seconds
56.411: [GC [PSYoungGen: 99984K->7744K(107520K)] 137106K->44866K(352768K), 0.0030100 secs] [Times: user=0.02 sys=0.00, real=0.00 secs] 
56.414: Total time for which application threads were stopped: 0.0031790 seconds, Stopping threads took: 0.0000790 seconds
56.441: Application time: 0.0268400 seconds
56.441: [GC [PSYoungGen: 99904K->9568K(107520K)] 137026K->46690K(352768K), 0.0036240 secs] [Times: user=0.02 sys=0.00, real=0.00 secs] 
56.444: Total time for which application threads were stopped: 0.0037850 seconds, Stopping threads took: 0.0000680 seconds
56.472: Application time: 0.0278130 seconds
56.472: [GC [PSYoungGen: 101728K->10672K(107520K)] 138850K->47794K(352768K), 0.0041850 secs] [Times: user=0.03 sys=0.00, real=0.01 secs] 
56.477: Total time for which application threads were stopped: 0.0043680 seconds, Stopping threads took: 0.0000780 seconds
56.514: Application time: 0.0371780 seconds
56.514: [GC [PSYoungGen: 102832K->8064K(107520K)] 139954K->45186K(352768K), 0.0031370 secs] [Times: user=0.02 sys=0.00, real=0.01 secs] 
56.517: Total time for which application threads were stopped: 0.0033250 seconds, Stopping threads took: 0.0000950 seconds
56.546: Application time: 0.0291070 seconds
56.546: [GC [PSYoungGen: 100224K->7568K(107520K)] 137346K->44690K(352768K), 0.0029540 secs] [Times: user=0.02 sys=0.00, real=0.01 secs] 
56.549: Total time for which application threads were stopped: 0.0031010 seconds, Stopping threads took: 0.0000550 seconds
56.585: Application time: 0.0359190 seconds
56.585: [GC [PSYoungGen: 99728K->7792K(107520K)] 136850K->44914K(352768K), 0.0030490 secs] [Times: user=0.02 sys=0.00, real=0.01 secs] 
56.588: Total time for which application threads were stopped: 0.0032030 seconds, Stopping threads took: 0.0000610 seconds
56.620: Application time: 0.0311020 seconds
56.620: [GC [PSYoungGen: 99952K->7968K(107520K)] 137074K->45090K(352768K), 0.0031060 secs] [Times: user=0.02 sys=0.00, real=0.00 secs] 
56.623: Total time for which application threads were stopped: 0.0032870 seconds, Stopping threads took: 0.0000880 seconds
56.650: Application time: 0.0275260 seconds
56.650: [GC [PSYoungGen: 100128K->7744K(107520K)] 137250K->44866K(352768K), 0.0030290 secs] [Times: user=0.02 sys=0.00, real=0.00 secs] 
56.654: Total time for which application threads were stopped: 0.0032330 seconds, Stopping threads took: 0.0001130 seconds
56.681: Application time: 0.0277150 seconds
56.681: [GC [PSYoungGen: 99904K->9872K(107520K)] 137026K->46994K(352768K), 0.0037750 secs] [Times: user=0.03 sys=0.00, real=0.00 secs] 
56.685: Total time for which application threads were stopped: 0.0039530 seconds, Stopping threads took: 0.0000840 seconds
56.711: Application time: 0.0254150 seconds
56.711: [GC [PSYoungGen: 102032K->8688K(107520K)] 139154K->45810K(352768K), 0.0032220 secs] [Times: user=0.02 sys=0.00, real=0.00 secs] 
56.714: Total time for which application threads were stopped: 0.0034130 seconds, Stopping threads took: 0.0000990 seconds
56.750: Application time: 0.0360310 seconds
56.750: [GC [PSYoungGen: 100848K->11408K(107520K)] 137970K->48530K(352768K), 0.0044880 secs] [Times: user=0.03 sys=0.00, real=0.00 secs] 
56.755: Total time for which application threads were stopped: 0.0046600 seconds, Stopping threads took: 0.0000790 seconds
56.786: Application time: 0.0315110 seconds
56.786: [GC [PSYoungGen: 103568K->7808K(107520K)] 140690K->44930K(352768K), 0.0029570 secs] [Times: user=0.02 sys=0.00, real=0.01 secs] 
56.789: Total time for which application threads were stopped: 0.0031250 seconds, Stopping threads took: 0.0000770 seconds
56.821: Application time: 0.0312810 seconds
56.821: [GC [PSYoungGen: 99968K->9312K(107520K)] 137090K->46434K(352768K), 0.0036870 secs] [Times: user=0.02 sys=0.00, real=0.00 secs] 
56.825: Total time for which application threads were stopped: 0.0038920 seconds, Stopping threads took: 0.0000870 seconds
56.861: Application time: 0.0368960 seconds
56.864: [GC [PSYoungGen: 101472K->8224K(107520K)] 138594K->45402K(352768K), 0.0031760 secs] [Times: user=0.02 sys=0.00, real=0.00 secs] 
56.868: Total time for which application threads were stopped: 0.0061370 seconds, Stopping threads took: 0.0028680 seconds
56.893: Application time: 0.0258770 seconds
56.894: [GC [PSYoungGen: 100384K->7648K(107520K)] 137562K->44874K(352768K), 0.0029540 secs] [Times: user=0.02 sys=0.00, real=0.01 secs] 
56.897: Total time for which application threads were stopped: 0.0031640 seconds, Stopping threads took: 0.0001180 seconds
56.927: Application time: 0.0305130 seconds
56.928: [GC [PSYoungGen: 99808K->9632K(107520K)] 137034K->46946K(352768K), 0.0037370 secs] [Times: user=0.02 sys=0.00, real=0.00 secs] 
56.932: Total time for which application threads were stopped: 0.0049980 seconds, Stopping threads took: 0.0011670 seconds
56.959: Application time: 0.0268650 seconds
56.959: [GC [PSYoungGen: 101792K->9424K(107520K)] 139106K->46738K(352768K), 0.0036400 secs] [Times: user=0.02 sys=0.00, real=0.00 secs] 
56.963: Total time for which application threads were stopped: 0.0038310 seconds, Stopping threads took: 0.0000960 seconds
56.990: Application time: 0.0271650 seconds
56.990: [GC [PSYoungGen: 101584K->11296K(107520K)] 138898K->48658K(352768K), 0.0043920 secs] [Times: user=0.03 sys=0.00, real=0.00 secs] 
56.995: Total time for which application threads were stopped: 0.0045760 seconds, Stopping threads took: 0.0000890 seconds
57.033: Application time: 0.0381960 seconds
57.033: [GC [PSYoungGen: 103456K->8048K(107520K)] 140818K->45458K(352768K), 0.0031260 secs] [Times: user=0.02 sys=0.00, real=0.00 secs] 
57.036: Total time for which application threads were stopped: 0.0033000 seconds, Stopping threads took: 0.0000810 seconds
57.064: Application time: 0.0278370 seconds
57.070: [GC [PSYoungGen: 100208K->7600K(107520K)] 137618K->45010K(352768K), 0.0029160 secs] [Times: user=0.02 sys=0.00, real=0.00 secs] 
57.072: Total time for which application threads were stopped: 0.0085220 seconds, Stopping threads took: 0.0055150 seconds
57.109: Application time: 0.0368690 seconds
57.109: [GC [PSYoungGen: 99760K->9488K(107520K)] 137170K->46946K(352768K), 0.0036670 secs] [Times: user=0.02 sys=0.00, real=0.00 secs] 
57.113: Total time for which application threads were stopped: 0.0038480 seconds, Stopping threads took: 0.0000860 seconds
57.143: Application time: 0.0295200 seconds
57.143: [GC [PSYoungGen: 101648K->7744K(107520K)] 139106K->45258K(352768K), 0.0030650 secs] [Times: user=0.02 sys=0.00, real=0.00 secs] 
57.146: Total time for which application threads were stopped: 0.0032530 seconds, Stopping threads took: 0.0000940 seconds
57.173: Application time: 0.0273820 seconds
57.173: [GC [PSYoungGen: 99904K->8032K(107520K)] 137418K->45546K(352768K), 0.0031290 secs] [Times: user=0.02 sys=0.00, real=0.01 secs] 
57.177: Total time for which application threads were stopped: 0.0032870 seconds, Stopping threads took: 0.0000660 seconds
57.206: Application time: 0.0296910 seconds
57.206: [GC [PSYoungGen: 100192K->8720K(107520K)] 137706K->46234K(352768K), 0.0032040 secs] [Times: user=0.02 sys=0.00, real=0.01 secs] 
57.210: Total time for which application threads were stopped: 0.0033950 seconds, Stopping threads took: 0.0000960 seconds
57.236: Application time: 0.0258760 seconds
57.236: [GC [PSYoungGen: 100880K->7776K(107520K)] 138394K->45290K(352768K), 0.0029820 secs] [Times: user=0.02 sys=0.00, real=0.01 secs] 
57.239: Total time for which application threads were stopped: 0.0031670 seconds, Stopping threads took: 0.0000930 seconds
57.275: Application time: 0.0366560 seconds
57.276: [GC [PSYoungGen: 99936K->11552K(107520K)] 137450K->49066K(352768K), 0.0045490 secs] [Times: user=0.03 sys=0.00, real=0.01 secs] 
57.280: Total time for which application threads were stopped: 0.0047290 seconds, Stopping threads took: 0.0000820 seconds
57.311: Application time: 0.0312800 seconds
57.312: [GC [PSYoungGen: 103712K->8128K(107520K)] 141226K->45642K(352768K), 0.0031790 secs] [Times: user=0.02 sys=0.00, real=0.00 secs] 
57.315: Total time for which application threads were stopped: 0.0033520 seconds, Stopping threads took: 0.0000720 seconds
57.345: Application time: 0.0302150 seconds
57.345: [GC [PSYoungGen: 100288K->7728K(107520K)] 137802K->45242K(352768K), 0.0030410 secs] [Times: user=0.01 sys=0.00, real=0.00 secs] 
57.348: Total time for which application threads were stopped: 0.0032430 seconds, Stopping threads took: 0.0000920 seconds
57.385: Application time: 0.0362630 seconds
57.388: [GC [PSYoungGen: 99888K->8192K(107520K)] 137402K->45706K(352768K), 0.0031260 secs] [Times: user=0.01 sys=0.00, real=0.00 secs] 
57.392: Total time for which application threads were stopped: 0.0070570 seconds, Stopping threads took: 0.0038360 seconds
57.417: Application time: 0.0253530 seconds
57.417: [GC [PSYoungGen: 100352K->7872K(107520K)] 137866K->45386K(352768K), 0.0031030 secs] [Times: user=0.02 sys=0.00, real=0.00 secs] 
57.420: Total time for which application threads were stopped: 0.0032590 seconds, Stopping threads took: 0.0000610 seconds
57.451: Application time: 0.0312400 seconds
57.452: [GC [PSYoungGen: 100032K->9488K(107520K)] 137546K->47002K(352768K), 0.0037220 secs] [Times: user=0.03 sys=0.00, real=0.00 secs] 
57.455: Total time for which application threads were stopped: 0.0039140 seconds, Stopping threads took: 0.0000960 seconds
57.483: Application time: 0.0276140 seconds
57.483: [GC [PSYoungGen: 101648K->8224K(107520K)] 139162K->45738K(352768K), 0.0030270 secs] [Times: user=0.02 sys=0.00, real=0.00 secs] 
57.486: Total time for which application threads were stopped: 0.0032050 seconds, Stopping threads took: 0.0000820 seconds
57.514: Application time: 0.0281220 seconds
57.514: [GC [PSYoungGen: 100384K->8784K(107520K)] 137898K->46298K(352768K), 0.0033580 secs] [Times: user=0.02 sys=0.00, real=0.01 secs] 
57.518: Total time for which application threads were stopped: 0.0035630 seconds, Stopping threads took: 0.0001100 seconds
57.556: Application time: 0.0377940 seconds
57.556: [GC [PSYoungGen: 100944K->7792K(107520K)] 138458K->45306K(352768K), 0.0030740 secs] [Times: user=0.02 sys=0.00, real=0.01 secs] 
57.559: Total time for which application threads were stopped: 0.0032720 seconds, Stopping threads took: 0.0001040 seconds
57.586: Application time: 0.0269630 seconds
57.586: [GC [PSYoungGen: 99952K->7760K(107520K)] 137466K->45274K(352768K), 0.0031030 secs] [Times: user=0.02 sys=0.00, real=0.01 secs] 
57.589: Total time for which application threads were stopped: 0.0032850 seconds, Stopping threads took: 0.0000890 seconds
57.627: Application time: 0.0373050 seconds
57.627: [GC [PSYoungGen: 99920K->8640K(107520K)] 137434K->46202K(352768K), 0.0032550 secs] [Times: user=0.02 sys=0.00, real=0.01 secs] 
57.630: Total time for which application threads were stopped: 0.0034580 seconds, Stopping threads took: 0.0001080 seconds
57.658: Application time: 0.0278010 seconds
57.658: [GC [PSYoungGen: 100800K->7904K(107520K)] 138362K->45522K(352768K), 0.0030710 secs] [Times: user=0.02 sys=0.00, real=0.00 secs] 
57.661: Total time for which application threads were stopped: 0.0032450 seconds, Stopping threads took: 0.0000840 seconds
57.689: Application time: 0.0282570 seconds
57.689: [GC [PSYoungGen: 100064K->7552K(107520K)] 137682K->45266K(352768K), 0.0029670 secs] [Times: user=0.02 sys=0.00, real=0.00 secs] 
57.692: Total time for which application threads were stopped: 0.0031590 seconds, Stopping threads took: 0.0000990 seconds
57.722: Application time: 0.0300180 seconds
57.723: [GC [PSYoungGen: 99712K->9872K(107520K)] 137426K->47586K(352768K), 0.0037970 secs] [Times: user=0.03 sys=0.00, real=0.00 secs] 
57.726: Total time for which application threads were stopped: 0.0039880 seconds, Stopping threads took: 0.0000940 seconds
57.753: Application time: 0.0265560 seconds
57.753: [GC [PSYoungGen: 102032K->10992K(107520K)] 139746K->48706K(352768K), 0.0041860 secs] [Times: user=0.03 sys=0.00, real=0.01 secs] 
57.757: Total time for which application threads were stopped: 0.0043700 seconds, Stopping threads took: 0.0000900 seconds
57.796: Application time: 0.0382890 seconds
57.796: [GC [PSYoungGen: 103152K->9968K(107520K)] 140866K->47770K(352768K), 0.0038470 secs] [Times: user=0.03 sys=0.00, real=0.01 secs] 
57.800: Total time for which application threads were stopped: 0.0040640 seconds, Stopping threads took: 0.0001260 seconds
57.828: Application time: 0.0282350 seconds
57.828: [GC [PSYoungGen: 102128K->7824K(107520K)] 139930K->45626K(352768K), 0.0030440 secs] [Times: user=0.02 sys=0.00, real=0.01 secs] 
57.831: Total time for which application threads were stopped: 0.0032500 seconds, Stopping threads took: 0.0001150 seconds
57.864: Application time: 0.0327080 seconds
57.864: [GC [PSYoungGen: 99984K->7936K(107520K)] 137786K->45786K(352768K), 0.0030350 secs] [Times: user=0.03 sys=0.00, real=0.00 secs] 
57.867: Total time for which application threads were stopped: 0.0032340 seconds, Stopping threads took: 0.0000840 seconds
57.901: Application time: 0.0340090 seconds
57.904: [GC [PSYoungGen: 100096K->7824K(107520K)] 137946K->45674K(352768K), 0.0030720 secs] [Times: user=0.02 sys=0.00, real=0.00 secs] 
57.908: Total time for which application threads were stopped: 0.0063050 seconds, Stopping threads took: 0.0031390 seconds
57.932: Application time: 0.0249460 seconds
57.933: [GC [PSYoungGen: 99984K->7760K(107520K)] 137834K->45658K(352768K), 0.0030400 secs] [Times: user=0.02 sys=0.00, real=0.00 secs] 
57.936: Total time for which application threads were stopped: 0.0032140 seconds, Stopping threads took: 0.0000830 seconds
57.968: Application time: 0.0322760 seconds
57.968: [GC [PSYoungGen: 99920K->9024K(107520K)] 137818K->46922K(352768K), 0.0034090 secs] [Times: user=0.02 sys=0.00, real=0.01 secs] 
57.972: Total time for which application threads were stopped: 0.0035700 seconds, Stopping threads took: 0.0000680 seconds
57.998: Application time: 0.0266430 seconds
57.998: [GC [PSYoungGen: 101184K->8000K(107520K)] 139082K->45898K(352768K), 0.0030330 secs] [Times: user=0.02 sys=0.00, real=0.00 secs] 
58.001: Total time for which application threads were stopped: 0.0032230 seconds, Stopping threads took: 0.0000970 seconds
58.032: Application time: 0.0308440 seconds
58.032: [GC [PSYoungGen: 100160K->9968K(107520K)] 138058K->47866K(352768K), 0.0038380 secs] [Times: user=0.03 sys=0.00, real=0.00 secs] 
58.036: Total time for which application threads were stopped: 0.0040400 seconds, Stopping threads took: 0.0001100 seconds
58.073: Application time: 0.0362760 seconds
58.073: [GC [PSYoungGen: 102128K->8048K(107520K)] 140026K->45946K(352768K), 0.0029830 secs] [Times: user=0.02 sys=0.00, real=0.00 secs] 
58.076: Total time for which application threads were stopped: 0.0031540 seconds, Stopping threads took: 0.0000790 seconds
58.103: Application time: 0.0270330 seconds
58.103: [GC [PSYoungGen: 100208K->7744K(107520K)] 138106K->45642K(352768K), 0.0030420 secs] [Times: user=0.02 sys=0.00, real=0.00 secs] 
58.106: Total time for which application threads were stopped: 0.0032210 seconds, Stopping threads took: 0.0000890 seconds
58.144: Application time: 0.0380250 seconds
58.144: [GC [PSYoungGen: 99904K->9648K(107520K)] 137802K->47546K(352768K), 0.0036320 secs] [Times: user=0.03 sys=0.00, real=0.00 secs] 
58.148: Total time for which application threads were stopped: 0.0038380 seconds, Stopping threads took: 0.0001110 seconds
58.175: Application time: 0.0267290 seconds
58.175: [GC [PSYoungGen: 101808K->7984K(107520K)] 139706K->45882K(352768K), 0.0029790 secs] [Times: user=0.02 sys=0.00, real=0.01 secs] 
58.178: Total time for which application threads were stopped: 0.0031560 seconds, Stopping threads took: 0.0000840 seconds
58.207: Application time: 0.0289960 seconds
58.207: [GC [PSYoungGen: 100144K->9504K(107520K)] 138042K->47402K(352768K), 0.0037090 secs] [Times: user=0.03 sys=0.00, real=0.01 secs] 
58.211: Total time for which application threads were stopped: 0.0039130 seconds, Stopping threads took: 0.0001090 seconds
58.240: Application time: 0.0289450 seconds
58.240: [GC [PSYoungGen: 101664K->8304K(107520K)] 139562K->46202K(352768K), 0.0031410 secs] [Times: user=0.02 sys=0.00, real=0.00 secs] 
58.243: Total time for which application threads were stopped: 0.0033240 seconds, Stopping threads took: 0.0000820 seconds
58.270: Application time: 0.0275620 seconds
58.271: [GC [PSYoungGen: 100464K->11072K(107520K)] 138362K->48970K(352768K), 0.0041870 secs] [Times: user=0.03 sys=0.00, real=0.00 secs] 
58.275: Total time for which application threads were stopped: 0.0043830 seconds, Stopping threads took: 0.0000990 seconds
58.312: Application time: 0.0375400 seconds
58.313: [GC [PSYoungGen: 103232K->10496K(107520K)] 141130K->48394K(352768K), 0.0039160 secs] [Times: user=0.02 sys=0.00, real=0.01 secs] 
58.317: Total time for which application threads were stopped: 0.0040960 seconds, Stopping threads took: 0.0000840 seconds
58.346: Application time: 0.0294930 seconds
58.346: [GC [PSYoungGen: 102656K->7856K(107520K)] 140554K->45754K(352768K), 0.0029740 secs] [Times: user=0.02 sys=0.00, real=0.01 secs] 
58.349: Total time for which application threads were stopped: 0.0031390 seconds, Stopping threads took: 0.0000740 seconds
58.383: Application time: 0.0335700 seconds
58.383: [GC [PSYoungGen: 100016K->9584K(107520K)] 137914K->47530K(352768K), 0.0037800 secs] [Times: user=0.03 sys=0.00, real=0.00 secs] 
58.387: Total time for which application threads were stopped: 0.0039970 seconds, Stopping threads took: 0.0001030 seconds
58.417: Application time: 0.0303070 seconds
58.417: [GC [PSYoungGen: 101744K->7920K(107520K)] 139690K->45914K(352768K), 0.0030700 secs] [Times: user=0.02 sys=0.00, real=0.00 secs] 
58.420: Total time for which application threads were stopped: 0.0032160 seconds, Stopping threads took: 0.0000540 seconds
58.448: Application time: 0.0275960 seconds
58.448: [GC [PSYoungGen: 100080K->7824K(107520K)] 138074K->45866K(352768K), 0.0030970 secs] [Times: user=0.02 sys=0.00, real=0.01 secs] 
58.451: Total time for which application threads were stopped: 0.0032750 seconds, Stopping threads took: 0.0000870 seconds
58.482: Application time: 0.0310080 seconds
58.484: [GC [PSYoungGen: 99984K->9728K(107520K)] 138026K->47826K(352768K), 0.0038350 secs] [Times: user=0.03 sys=0.00, real=0.00 secs] 
58.488: Total time for which application threads were stopped: 0.0061310 seconds, Stopping threads took: 0.0022010 seconds
58.515: Application time: 0.0264400 seconds
58.515: [GC [PSYoungGen: 101888K->7968K(107520K)] 139986K->46066K(352768K), 0.0029880 secs] [Times: user=0.02 sys=0.00, real=0.01 secs] 
58.518: Total time for which application threads were stopped: 0.0031570 seconds, Stopping threads took: 0.0000750 seconds
58.554: Application time: 0.0359140 seconds
58.554: [GC [PSYoungGen: 100128K->8048K(107520K)] 138226K->46226K(352768K), 0.0031180 secs] [Times: user=0.02 sys=0.00, real=0.01 secs] 
58.557: Total time for which application threads were stopped: 0.0033040 seconds, Stopping threads took: 0.0000940 seconds
58.588: Application time: 0.0305910 seconds
58.588: [GC [PSYoungGen: 100208K->7952K(107520K)] 138386K->46130K(352768K), 0.0031150 secs] [Times: user=0.02 sys=0.00, real=0.01 secs] 
58.591: Total time for which application threads were stopped: 0.0032990 seconds, Stopping threads took: 0.0000920 seconds
58.621: Application time: 0.0301170 seconds
58.621: [GC [PSYoungGen: 100112K->7552K(107520K)] 138290K->45786K(352768K), 0.0029370 secs] [Times: user=0.02 sys=0.00, real=0.00 secs] 
58.624: Total time for which application threads were stopped: 0.0031170 seconds, Stopping threads took: 0.0000920 seconds
58.661: Application time: 0.0369120 seconds
58.661: [GC [PSYoungGen: 99712K->8256K(107520K)] 137946K->46490K(352768K), 0.0031440 secs] [Times: user=0.01 sys=0.00, real=0.00 secs] 
58.664: Total time for which application threads were stopped: 0.0033260 seconds, Stopping threads took: 0.0000900 seconds
58.690: Application time: 0.0260070 seconds
58.691: [GC [PSYoungGen: 100416K->7824K(107520K)] 138650K->46106K(352768K), 0.0030720 secs] [Times: user=0.02 sys=0.00, real=0.00 secs] 
58.694: Total time for which application threads were stopped: 0.0032460 seconds, Stopping threads took: 0.0000850 seconds
58.724: Application time: 0.0306480 seconds
58.724: [GC [PSYoungGen: 99984K->9936K(107520K)] 138266K->48218K(352768K), 0.0038670 secs] [Times: user=0.03 sys=0.00, real=0.01 secs] 
58.728: Total time for which application threads were stopped: 0.0040460 seconds, Stopping threads took: 0.0000840 seconds
58.755: Application time: 0.0267080 seconds
58.755: [GC [PSYoungGen: 102096K->8272K(107520K)] 140378K->46554K(352768K), 0.0030650 secs] [Times: user=0.02 sys=0.00, real=0.01 secs] 
58.758: Total time for which application threads were stopped: 0.0032650 seconds, Stopping threads took: 0.0001060 seconds
58.787: Application time: 0.0283650 seconds
58.787: [GC [PSYoungGen: 100432K->12464K(107520K)] 138714K->50746K(352768K), 0.0047290 secs] [Times: user=0.03 sys=0.00, real=0.01 secs] 
58.792: Total time for which application threads were stopped: 0.0049210 seconds, Stopping threads took: 0.0000950 seconds
58.828: Application time: 0.0365040 seconds
58.828: [GC [PSYoungGen: 104624K->9936K(107520K)] 142906K->48218K(352768K), 0.0037900 secs] [Times: user=0.03 sys=0.00, real=0.00 secs] 
58.832: Total time for which application threads were stopped: 0.0039620 seconds, Stopping threads took: 0.0000650 seconds
58.860: Application time: 0.0282280 seconds
58.861: [GC [PSYoungGen: 102096K->7840K(107520K)] 140378K->46122K(352768K), 0.0029630 secs] [Times: user=0.03 sys=0.00, real=0.00 secs] 
58.864: Total time for which application threads were stopped: 0.0031410 seconds, Stopping threads took: 0.0000890 seconds
58.901: Application time: 0.0374270 seconds
58.901: [GC [PSYoungGen: 100000K->9664K(107520K)] 138282K->47946K(352768K), 0.0038470 secs] [Times: user=0.03 sys=0.00, real=0.00 secs] 
58.905: Total time for which application threads were stopped: 0.0040360 seconds, Stopping threads took: 0.0000810 seconds
58.932: Application time: 0.0275000 seconds
58.933: [GC [PSYoungGen: 101824K->7632K(107520K)] 140106K->45914K(352768K), 0.0029170 secs] [Times: user=0.02 sys=0.00, real=0.00 secs] 
58.936: Total time for which application threads were stopped: 0.0030930 seconds, Stopping threads took: 0.0000850 seconds
58.966: Application time: 0.0307480 seconds
58.966: [GC [PSYoungGen: 99792K->7856K(107520K)] 138074K->46138K(352768K), 0.0030280 secs] [Times: user=0.02 sys=0.00, real=0.01 secs] 
58.970: Total time for which application threads were stopped: 0.0032000 seconds, Stopping threads took: 0.0000810 seconds
58.998: Application time: 0.0286590 seconds
58.998: [GC [PSYoungGen: 100016K->9184K(107520K)] 138298K->47466K(352768K), 0.0035160 secs] [Times: user=0.02 sys=0.00, real=0.00 secs] 
59.002: Total time for which application threads were stopped: 0.0036810 seconds, Stopping threads took: 0.0000720 seconds
59.029: Application time: 0.0272470 seconds
59.029: [GC [PSYoungGen: 101344K->7824K(107520K)] 139626K->46106K(352768K), 0.0029840 secs] [Times: user=0.01 sys=0.00, real=0.00 secs] 
59.032: Total time for which application threads were stopped: 0.0031910 seconds, Stopping threads took: 0.0001100 seconds
59.068: Application time: 0.0361430 seconds
59.069: [GC [PSYoungGen: 99984K->8352K(107520K)] 138266K->46634K(352768K), 0.0031870 secs] [Times: user=0.02 sys=0.00, real=0.00 secs] 
59.072: Total time for which application threads were stopped: 0.0033510 seconds, Stopping threads took: 0.0000690 seconds
59.101: Application time: 0.0291520 seconds
59.101: [GC [PSYoungGen: 100512K->7808K(107520K)] 138794K->46090K(352768K), 0.0030150 secs] [Times: user=0.02 sys=0.00, real=0.00 secs] 
59.104: Total time for which application threads were stopped: 0.0032010 seconds, Stopping threads took: 0.0000980 seconds
59.135: Application time: 0.0310100 seconds
59.135: [GC [PSYoungGen: 99968K->8528K(107520K)] 138250K->46810K(352768K), 0.0032500 secs] [Times: user=0.02 sys=0.00, real=0.01 secs] 
59.139: Total time for which application threads were stopped: 0.0034480 seconds, Stopping threads took: 0.0001020 seconds
59.176: Application time: 0.0370280 seconds
59.176: [GC [PSYoungGen: 100688K->7920K(107520K)] 138970K->46258K(352768K), 0.0030450 secs] [Times: user=0.03 sys=0.00, real=0.01 secs] 
59.179: Total time for which application threads were stopped: 0.0032180 seconds, Stopping threads took: 0.0000750 seconds
59.204: Application time: 0.0247420 seconds
59.204: [GC [PSYoungGen: 100080K->7856K(107520K)] 138418K->46274K(352768K), 0.0030580 secs] [Times: user=0.02 sys=0.00, real=0.00 secs] 
59.207: Total time for which application threads were stopped: 0.0032420 seconds, Stopping threads took: 0.0000920 seconds
59.241: Application time: 0.0341870 seconds
59.241: [GC [PSYoungGen: 100016K->10096K(107520K)] 138434K->48563K(352768K), 0.0056630 secs] [Times: user=0.04 sys=0.00, real=0.00 secs] 
59.247: Total time for which application threads were stopped: 0.0058240 seconds, Stopping threads took: 0.0000680 seconds
59.272: Application time: 0.0254580 seconds
59.272: [GC [PSYoungGen: 102256K->7760K(107520K)] 140723K->46226K(352768K), 0.0029560 secs] [Times: user=0.02 sys=0.00, real=0.00 secs] 
59.275: Total time for which application threads were stopped: 0.0031210 seconds, Stopping threads took: 0.0000750 seconds
59.304: Application time: 0.0285340 seconds
59.304: [GC [PSYoungGen: 99920K->11312K(107520K)] 138386K->49835K(352768K), 0.0044240 secs] [Times: user=0.03 sys=0.00, real=0.01 secs] 
59.309: Total time for which application threads were stopped: 0.0046070 seconds, Stopping threads took: 0.0000880 seconds
59.345: Application time: 0.0363020 seconds
59.345: [GC [PSYoungGen: 103472K->8112K(107520K)] 141995K->46675K(352768K), 0.0031070 secs] [Times: user=0.02 sys=0.00, real=0.00 secs] 
59.348: Total time for which application threads were stopped: 0.0032960 seconds, Stopping threads took: 0.0000960 seconds
59.375: Application time: 0.0271250 seconds
59.376: [GC [PSYoungGen: 100272K->7856K(107520K)] 138835K->46419K(352768K), 0.0030570 secs] [Times: user=0.02 sys=0.00, real=0.01 secs] 
59.379: Total time for which application threads were stopped: 0.0032570 seconds, Stopping threads took: 0.0001080 seconds
59.418: Application time: 0.0392800 seconds
59.418: [GC [PSYoungGen: 100016K->8208K(107520K)] 138579K->46827K(352768K), 0.0031770 secs] [Times: user=0.03 sys=0.00, real=0.00 secs] 
59.421: Total time for which application threads were stopped: 0.0033840 seconds, Stopping threads took: 0.0000940 seconds
59.448: Application time: 0.0264340 seconds
59.448: [GC [PSYoungGen: 100368K->7728K(107520K)] 138987K->46355K(352768K), 0.0029580 secs] [Times: user=0.02 sys=0.00, real=0.01 secs] 
59.451: Total time for which application threads were stopped: 0.0031380 seconds, Stopping threads took: 0.0000890 seconds
59.481: Application time: 0.0300040 seconds
59.481: [GC [PSYoungGen: 99888K->8208K(107520K)] 138515K->46875K(352768K), 0.0030420 secs] [Times: user=0.02 sys=0.00, real=0.00 secs] 
59.484: Total time for which application threads were stopped: 0.0032120 seconds, Stopping threads took: 0.0000790 seconds
59.515: Application time: 0.0307260 seconds
59.515: [GC [PSYoungGen: 100368K->7952K(107520K)] 139035K->46619K(352768K), 0.0030340 secs] [Times: user=0.02 sys=0.00, real=0.01 secs] 
59.518: Total time for which application threads were stopped: 0.0032240 seconds, Stopping threads took: 0.0001010 seconds
59.543: Application time: 0.0250340 seconds
59.543: [GC [PSYoungGen: 100112K->7584K(107520K)] 138779K->46251K(352768K), 0.0029980 secs] [Times: user=0.02 sys=0.00, real=0.00 secs] 
59.546: Total time for which application threads were stopped: 0.0031810 seconds, Stopping threads took: 0.0000920 seconds
59.584: Application time: 0.0373200 seconds
59.584: [GC [PSYoungGen: 99744K->10080K(107520K)] 138411K->48747K(352768K), 0.0038110 secs] [Times: user=0.02 sys=0.00, real=0.00 secs] 
59.588: Total time for which application threads were stopped: 0.0040120 seconds, Stopping threads took: 0.0001030 seconds
59.617: Application time: 0.0294550 seconds
59.617: [GC [PSYoungGen: 102240K->8048K(107520K)] 140907K->46715K(352768K), 0.0030580 secs] [Times: user=0.02 sys=0.00, real=0.00 secs] 
59.620: Total time for which application threads were stopped: 0.0032410 seconds, Stopping threads took: 0.0000840 seconds
59.653: Application time: 0.0323000 seconds
59.653: [GC [PSYoungGen: 100208K->9952K(107520K)] 138875K->48619K(352768K), 0.0038280 secs] [Times: user=0.02 sys=0.00, real=0.01 secs] 
59.657: Total time for which application threads were stopped: 0.0040230 seconds, Stopping threads took: 0.0000990 seconds
59.688: Application time: 0.0318170 seconds
59.689: [GC [PSYoungGen: 102112K->10048K(107520K)] 140779K->48715K(352768K), 0.0039340 secs] [Times: user=0.02 sys=0.00, real=0.00 secs] 
59.693: Total time for which application threads were stopped: 0.0041060 seconds, Stopping threads took: 0.0000740 seconds
59.720: Application time: 0.0272760 seconds
59.720: [GC [PSYoungGen: 102208K->7792K(107520K)] 140875K->46459K(352768K), 0.0030480 secs] [Times: user=0.02 sys=0.00, real=0.00 secs] 
59.723: Total time for which application threads were stopped: 0.0032200 seconds, Stopping threads took: 0.0000810 seconds
59.757: Application time: 0.0342910 seconds
59.757: [GC [PSYoungGen: 99952K->7744K(107520K)] 138619K->46411K(352768K), 0.0030560 secs] [Times: user=0.02 sys=0.00, real=0.00 secs] 
59.761: Total time for which application threads were stopped: 0.0032290 seconds, Stopping threads took: 0.0000830 seconds
59.785: Application time: 0.0243290 seconds
59.788: [GC [PSYoungGen: 99904K->8272K(107520K)] 138571K->46939K(352768K), 0.0031530 secs] [Times: user=0.02 sys=0.00, real=0.00 secs] 
59.792: Total time for which application threads were stopped: 0.0066790 seconds, Stopping threads took: 0.0034320 seconds
59.824: Application time: 0.0324910 seconds
59.824: [GC [PSYoungGen: 100432K->11664K(107520K)] 139099K->50331K(352768K), 0.0044180 secs] [Times: user=0.03 sys=0.00, real=0.01 secs] 
59.829: Total time for which application threads were stopped: 0.0045750 seconds, Stopping threads took: 0.0000640 seconds
59.863: Application time: 0.0341760 seconds
59.864: [GC [PSYoungGen: 103824K->7968K(107520K)] 142491K->46635K(352768K), 0.0031210 secs] [Times: user=0.02 sys=0.00, real=0.00 secs] 
59.868: Total time for which application threads were stopped: 0.0047080 seconds, Stopping threads took: 0.0014940 seconds
59.895: Application time: 0.0279450 seconds
59.896: [GC [PSYoungGen: 100128K->7744K(107520K)] 138795K->46411K(352768K), 0.0030220 secs] [Times: user=0.03 sys=0.00, real=0.01 secs] 
59.899: Total time for which application threads were stopped: 0.0031860 seconds, Stopping threads took: 0.0000730 seconds
59.936: Application time: 0.0369470 seconds
59.936: [GC [PSYoungGen: 99904K->8848K(107520K)] 138571K->47563K(352768K), 0.0032540 secs] [Times: user=0.02 sys=0.00, real=0.01 secs] 
59.939: Total time for which application threads were stopped: 0.0034190 seconds, Stopping threads took: 0.0000540 seconds
59.965: Application time: 0.0256460 seconds
59.965: [GC [PSYoungGen: 101008K->7984K(107520K)] 139723K->46787K(352768K), 0.0032160 secs] [Times: user=0.02 sys=0.00, real=0.00 secs] 
59.968: Total time for which application threads were stopped: 0.0033700 seconds, Stopping threads took: 0.0000640 seconds
60.001: Application time: 0.0332140 seconds
60.004: [GC [PSYoungGen: 100144K->11248K(107520K)] 138947K->50099K(352768K), 0.0044910 secs] [Times: user=0.03 sys=0.00, real=0.01 secs] 
60.009: Total time for which application threads were stopped: 0.0076510 seconds, Stopping threads took: 0.0030610 seconds
60.036: Application time: 0.0270170 seconds
60.036: [GC [PSYoungGen: 103408K->7824K(107520K)] 142259K->46675K(352768K), 0.0029370 secs] [Times: user=0.02 sys=0.00, real=0.01 secs] 
60.039: Total time for which application threads were stopped: 0.0031010 seconds, Stopping threads took: 0.0000690 seconds
60.067: Application time: 0.0276840 seconds
60.067: [GC [PSYoungGen: 99984K->9648K(107520K)] 138835K->48539K(352768K), 0.0037910 secs] [Times: user=0.03 sys=0.00, real=0.01 secs] 
60.071: Total time for which application threads were stopped: 0.0039710 seconds, Stopping threads took: 0.0000850 seconds
60.108: Application time: 0.0374010 seconds
60.108: [GC [PSYoungGen: 101808K->9376K(107520K)] 140699K->48323K(352768K), 0.0037780 secs] [Times: user=0.02 sys=0.01, real=0.01 secs] 
60.112: Total time for which application threads were stopped: 0.0039680 seconds, Stopping threads took: 0.0000870 seconds
60.140: Application time: 0.0280670 seconds
60.140: [GC [PSYoungGen: 101536K->7920K(107520K)] 140483K->46867K(352768K), 0.0029780 secs] [Times: user=0.02 sys=0.00, real=0.00 secs] 
60.143: Total time for which application threads were stopped: 0.0031370 seconds, Stopping threads took: 0.0000680 seconds
60.177: Application time: 0.0339380 seconds
60.177: [GC [PSYoungGen: 100080K->9440K(107520K)] 139027K->48443K(352768K), 0.0036830 secs] [Times: user=0.02 sys=0.00, real=0.00 secs] 
60.181: Total time for which application threads were stopped: 0.0038520 seconds, Stopping threads took: 0.0000770 seconds
60.210: Application time: 0.0285420 seconds
60.210: [GC [PSYoungGen: 101600K->9696K(107520K)] 140603K->48699K(352768K), 0.0037330 secs] [Times: user=0.03 sys=0.00, real=0.00 secs] 
60.214: Total time for which application threads were stopped: 0.0039110 seconds, Stopping threads took: 0.0000860 seconds
60.243: Application time: 0.0294720 seconds
60.243: [GC [PSYoungGen: 101856K->7568K(107520K)] 140859K->46619K(352768K), 0.0046520 secs] [Times: user=0.03 sys=0.00, real=0.00 secs] 
60.248: Total time for which application threads were stopped: 0.0048150 seconds, Stopping threads took: 0.0000710 seconds
60.281: Application time: 0.0328250 seconds
60.281: [GC [PSYoungGen: 99728K->8128K(107520K)] 138779K->47179K(352768K), 0.0032160 secs] [Times: user=0.02 sys=0.00, real=0.00 secs] 
60.284: Total time for which application threads were stopped: 0.0033940 seconds, Stopping threads took: 0.0000840 seconds
60.310: Application time: 0.0257130 seconds
60.310: [GC [PSYoungGen: 100288K->7936K(107520K)] 139339K->46987K(352768K), 0.0030690 secs] [Times: user=0.02 sys=0.00, real=0.00 secs] 
60.313: Total time for which application threads were stopped: 0.0032330 seconds, Stopping threads took: 0.0000700 seconds
60.346: Application time: 0.0334230 seconds
60.347: [GC [PSYoungGen: 100096K->10384K(107520K)] 139147K->49435K(352768K), 0.0038370 secs] [Times: user=0.03 sys=0.00, real=0.01 secs] 
60.350: Total time for which application threads were stopped: 0.0040360 seconds, Stopping threads took: 0.0001030 seconds
60.384: Application time: 0.0331760 seconds
60.384: [GC [PSYoungGen: 102544K->8144K(107520K)] 141595K->47195K(352768K), 0.0031390 secs] [Times: user=0.02 sys=0.00, real=0.00 secs] 
60.387: Total time for which application threads were stopped: 0.0033220 seconds, Stopping threads took: 0.0000920 seconds
60.416: Application time: 0.0286030 seconds
60.416: [GC [PSYoungGen: 100304K->7856K(107520K)] 139355K->46907K(352768K), 0.0030320 secs] [Times: user=0.02 sys=0.00, real=0.01 secs] 
60.419: Total time for which application threads were stopped: 0.0032060 seconds, Stopping threads took: 0.0000810 seconds
60.454: Application time: 0.0349990 seconds
60.454: [GC [PSYoungGen: 100016K->9712K(107520K)] 139067K->48763K(352768K), 0.0037010 secs] [Times: user=0.03 sys=0.00, real=0.01 secs] 
60.458: Total time for which application threads were stopped: 0.0039030 seconds, Stopping threads took: 0.0000840 seconds
60.484: Application time: 0.0261150 seconds
60.484: [GC [PSYoungGen: 101872K->7920K(107520K)] 140923K->46971K(352768K), 0.0031170 secs] [Times: user=0.02 sys=0.00, real=0.00 secs] 
60.487: Total time for which application threads were stopped: 0.0033160 seconds, Stopping threads took: 0.0001060 seconds
60.520: Application time: 0.0325850 seconds
60.520: [GC [PSYoungGen: 100080K->8672K(107520K)] 139131K->47723K(352768K), 0.0032900 secs] [Times: user=0.02 sys=0.00, real=0.00 secs] 
60.523: Total time for which application threads were stopped: 0.0034800 seconds, Stopping threads took: 0.0000980 seconds
60.550: Application time: 0.0269270 seconds
60.550: [GC [PSYoungGen: 100832K->7952K(107520K)] 139883K->47003K(352768K), 0.0030530 secs] [Times: user=0.02 sys=0.00, real=0.00 secs] 
60.553: Total time for which application threads were stopped: 0.0032360 seconds, Stopping threads took: 0.0000940 seconds
60.585: Application time: 0.0312470 seconds
60.585: [GC [PSYoungGen: 100112K->11088K(107520K)] 139163K->50139K(352768K), 0.0042010 secs] [Times: user=0.03 sys=0.00, real=0.01 secs] 
60.589: Total time for which application threads were stopped: 0.0043610 seconds, Stopping threads took: 0.0000670 seconds
60.624: Application time: 0.0354330 seconds
60.625: [GC [PSYoungGen: 103248K->9552K(107520K)] 142299K->48603K(352768K), 0.0037890 secs] [Times: user=0.03 sys=0.00, real=0.01 secs] 
60.628: Total time for which application threads were stopped: 0.0039600 seconds, Stopping threads took: 0.0000760 seconds
60.657: Application time: 0.0286630 seconds
60.657: [GC [PSYoungGen: 101712K->7792K(107520K)] 140763K->46843K(352768K), 0.0029940 secs] [Times: user=0.02 sys=0.00, real=0.00 secs] 
60.660: Total time for which application threads were stopped: 0.0031700 seconds, Stopping threads took: 0.0000850 seconds
60.694: Application time: 0.0338350 seconds
60.694: [GC [PSYoungGen: 99952K->9936K(107520K)] 139003K->49035K(352768K), 0.0037140 secs] [Times: user=0.02 sys=0.00, real=0.01 secs] 
60.698: Total time for which application threads were stopped: 0.0038700 seconds, Stopping threads took: 0.0000620 seconds
60.725: Application time: 0.0270490 seconds
60.725: [GC [PSYoungGen: 102096K->8464K(107520K)] 141195K->47603K(352768K), 0.0031890 secs] [Times: user=0.02 sys=0.00, real=0.01 secs] 
60.728: Total time for which application threads were stopped: 0.0033720 seconds, Stopping threads took: 0.0000900 seconds
60.760: Application time: 0.0316200 seconds
60.760: [GC [PSYoungGen: 100624K->8832K(107520K)] 139763K->48027K(352768K), 0.0033500 secs] [Times: user=0.03 sys=0.00, real=0.00 secs] 
60.764: Total time for which application threads were stopped: 0.0035510 seconds, Stopping threads took: 0.0001050 seconds
60.793: Application time: 0.0294830 seconds
60.793: [GC [PSYoungGen: 100992K->8256K(107520K)] 140187K->47499K(352768K), 0.0032770 secs] [Times: user=0.02 sys=0.00, real=0.01 secs] 
60.796: Total time for which application threads were stopped: 0.0034680 seconds, Stopping threads took: 0.0000940 seconds
60.824: Application time: 0.0271810 seconds
60.824: [GC [PSYoungGen: 100416K->9840K(107520K)] 139659K->49083K(352768K), 0.0037710 secs] [Times: user=0.03 sys=0.00, real=0.00 secs] 
60.828: Total time for which application threads were stopped: 0.0039410 seconds, Stopping threads took: 0.0000750 seconds
60.864: Application time: 0.0365220 seconds
60.864: [GC [PSYoungGen: 102000K->7712K(107520K)] 141243K->47043K(352768K), 0.0029990 secs] [Times: user=0.02 sys=0.01, real=0.00 secs] 
60.867: Total time for which application threads were stopped: 0.0031750 seconds, Stopping threads took: 0.0000840 seconds
60.898: Application time: 0.0304470 seconds
60.898: [GC [PSYoungGen: 99872K->7808K(107520K)] 139203K->47139K(352768K), 0.0030040 secs] [Times: user=0.02 sys=0.00, real=0.00 secs] 
60.901: Total time for which application threads were stopped: 0.0031610 seconds, Stopping threads took: 0.0000650 seconds
60.931: Application time: 0.0296710 seconds
60.931: [GC [PSYoungGen: 99968K->7600K(107520K)] 139299K->46979K(352768K), 0.0031260 secs] [Times: user=0.01 sys=0.00, real=0.00 secs] 
60.934: Total time for which application threads were stopped: 0.0033010 seconds, Stopping threads took: 0.0000840 seconds
60.968: Application time: 0.0336230 seconds
60.968: [GC [PSYoungGen: 99760K->9632K(107520K)] 139139K->49011K(352768K), 0.0036930 secs] [Times: user=0.02 sys=0.00, real=0.01 secs] 
60.971: Total time for which application threads were stopped: 0.0039110 seconds, Stopping threads took: 0.0001040 seconds
60.998: Application time: 0.0265410 seconds
61.000: [GC [PSYoungGen: 101792K->7584K(107520K)] 141171K->47003K(352768K), 0.0029880 secs] [Times: user=0.02 sys=0.00, real=0.00 secs] 
61.003: Total time for which application threads were stopped: 0.0054650 seconds, Stopping threads took: 0.0023870 seconds
61.035: Application time: 0.0316250 seconds
61.036: [GC [PSYoungGen: 99744K->9968K(107520K)] 139163K->49387K(352768K), 0.0038100 secs] [Times: user=0.02 sys=0.00, real=0.00 secs] 
61.040: Total time for which application threads were stopped: 0.0052040 seconds, Stopping threads took: 0.0012930 seconds
61.067: Application time: 0.0269610 seconds
61.067: [GC [PSYoungGen: 102128K->7808K(107520K)] 141547K->47227K(352768K), 0.0030340 secs] [Times: user=0.02 sys=0.00, real=0.01 secs] 
61.070: Total time for which application threads were stopped: 0.0032000 seconds, Stopping threads took: 0.0000740 seconds
61.103: Application time: 0.0323080 seconds
61.103: [GC [PSYoungGen: 99968K->9984K(107520K)] 139387K->49403K(352768K), 0.0037860 secs] [Times: user=0.03 sys=0.00, real=0.00 secs] 
61.107: Total time for which application threads were stopped: 0.0039630 seconds, Stopping threads took: 0.0000830 seconds
61.142: Application time: 0.0355480 seconds
61.142: [GC [PSYoungGen: 102144K->8320K(107520K)] 141563K->47739K(352768K), 0.0032080 secs] [Times: user=0.02 sys=0.00, real=0.00 secs] 
61.146: Total time for which application threads were stopped: 0.0033870 seconds, Stopping threads took: 0.0000840 seconds
61.173: Application time: 0.0272550 seconds
61.173: [GC [PSYoungGen: 100480K->8064K(107520K)] 139899K->47483K(352768K), 0.0031180 secs] [Times: user=0.02 sys=0.00, real=0.00 secs] 
61.176: Total time for which application threads were stopped: 0.0033090 seconds, Stopping threads took: 0.0001000 seconds
61.212: Application time: 0.0359100 seconds
61.212: [GC [PSYoungGen: 100224K->8256K(107520K)] 139643K->47675K(352768K), 0.0031180 secs] [Times: user=0.02 sys=0.00, real=0.00 secs] 
61.215: Total time for which application threads were stopped: 0.0032950 seconds, Stopping threads took: 0.0000820 seconds
61.241: Application time: 0.0258480 seconds
61.241: [GC [PSYoungGen: 100416K->7952K(107520K)] 139835K->47371K(352768K), 0.0031070 secs] [Times: user=0.02 sys=0.00, real=0.00 secs] 
61.245: Total time for which application threads were stopped: 0.0033000 seconds, Stopping threads took: 0.0000910 seconds
61.276: Application time: 0.0310610 seconds
61.276: [GC [PSYoungGen: 100112K->7792K(107520K)] 139531K->47211K(352768K), 0.0030710 secs] [Times: user=0.02 sys=0.00, real=0.01 secs] 
61.279: Total time for which application threads were stopped: 0.0032640 seconds, Stopping threads took: 0.0001000 seconds
61.308: Application time: 0.0292620 seconds
61.308: [GC [PSYoungGen: 99952K->7872K(107520K)] 139371K->47291K(352768K), 0.0031470 secs] [Times: user=0.02 sys=0.00, real=0.00 secs] 
61.312: Total time for which application threads were stopped: 0.0033390 seconds, Stopping threads took: 0.0000880 seconds
61.339: Application time: 0.0278260 seconds
61.339: [GC [PSYoungGen: 100032K->11184K(107520K)] 139451K->50603K(352768K), 0.0041920 secs] [Times: user=0.03 sys=0.00, real=0.00 secs] 
61.344: Total time for which application threads were stopped: 0.0043760 seconds, Stopping threads took: 0.0000900 seconds
61.380: Application time: 0.0359170 seconds
61.380: [GC [PSYoungGen: 103344K->9088K(107520K)] 142763K->48507K(352768K), 0.0034840 secs] [Times: user=0.02 sys=0.00, real=0.00 secs] 
61.383: Total time for which application threads were stopped: 0.0036560 seconds, Stopping threads took: 0.0000780 seconds
61.415: Application time: 0.0319060 seconds
61.415: [GC [PSYoungGen: 101248K->8048K(107520K)] 140667K->47467K(352768K), 0.0030570 secs] [Times: user=0.02 sys=0.00, real=0.01 secs] 
61.418: Total time for which application threads were stopped: 0.0032250 seconds, Stopping threads took: 0.0000760 seconds
61.449: Application time: 0.0304620 seconds
61.449: [GC [PSYoungGen: 100208K->8128K(107520K)] 139627K->47595K(352768K), 0.0030500 secs] [Times: user=0.02 sys=0.00, real=0.00 secs] 
61.452: Total time for which application threads were stopped: 0.0032360 seconds, Stopping threads took: 0.0000960 seconds
61.486: Application time: 0.0333690 seconds
61.486: [GC [PSYoungGen: 100288K->8384K(107520K)] 139755K->47907K(352768K), 0.0032200 secs] [Times: user=0.02 sys=0.00, real=0.01 secs] 
61.489: Total time for which application threads were stopped: 0.0034360 seconds, Stopping threads took: 0.0001010 seconds
61.515: Application time: 0.0258820 seconds
61.515: [GC [PSYoungGen: 100544K->7968K(107520K)] 140067K->47547K(352768K), 0.0031440 secs] [Times: user=0.02 sys=0.00, real=0.01 secs] 
61.518: Total time for which application threads were stopped: 0.0033400 seconds, Stopping threads took: 0.0000860 seconds
61.547: Application time: 0.0289020 seconds
61.547: [GC [PSYoungGen: 100128K->11680K(107520K)] 139707K->51307K(352768K), 0.0045800 secs] [Times: user=0.03 sys=0.00, real=0.01 secs] 
61.552: Total time for which application threads were stopped: 0.0047910 seconds, Stopping threads took: 0.0001170 seconds
61.582: Application time: 0.0297760 seconds
61.583: [GC [PSYoungGen: 103840K->9648K(107520K)] 143467K->49275K(352768K), 0.0036270 secs] [Times: user=0.02 sys=0.00, real=0.00 secs] 
61.587: Total time for which application threads were stopped: 0.0051760 seconds, Stopping threads took: 0.0014550 seconds
61.619: Application time: 0.0321550 seconds
61.619: [GC [PSYoungGen: 101808K->9488K(107520K)] 141435K->49163K(352768K), 0.0037490 secs] [Times: user=0.03 sys=0.00, real=0.00 secs] 
61.623: Total time for which application threads were stopped: 0.0039150 seconds, Stopping threads took: 0.0000710 seconds
61.659: Application time: 0.0362110 seconds
61.659: [GC [PSYoungGen: 101648K->8240K(107520K)] 141323K->47955K(352768K), 0.0030850 secs] [Times: user=0.02 sys=0.00, real=0.00 secs] 
61.662: Total time for which application threads were stopped: 0.0032660 seconds, Stopping threads took: 0.0000900 seconds
61.689: Application time: 0.0263350 seconds
61.689: [GC [PSYoungGen: 100400K->7664K(107520K)] 140115K->47435K(352768K), 0.0030460 secs] [Times: user=0.02 sys=0.00, real=0.00 secs] 
61.692: Total time for which application threads were stopped: 0.0032360 seconds, Stopping threads took: 0.0000990 seconds
61.727: Application time: 0.0351450 seconds
61.727: [GC [PSYoungGen: 99824K->9824K(107520K)] 139595K->49595K(352768K), 0.0037540 secs] [Times: user=0.03 sys=0.00, real=0.01 secs] 
61.731: Total time for which application threads were stopped: 0.0039370 seconds, Stopping threads took: 0.0000900 seconds
61.758: Application time: 0.0270740 seconds
61.758: [GC [PSYoungGen: 101984K->7792K(107520K)] 141755K->47611K(352768K), 0.0030260 secs] [Times: user=0.02 sys=0.00, real=0.00 secs] 
61.761: Total time for which application threads were stopped: 0.0032080 seconds, Stopping threads took: 0.0000900 seconds
61.791: Application time: 0.0295490 seconds
61.791: [GC [PSYoungGen: 99952K->7904K(107520K)] 139771K->47723K(352768K), 0.0030920 secs] [Times: user=0.02 sys=0.00, real=0.00 secs] 
61.794: Total time for which application threads were stopped: 0.0032740 seconds, Stopping threads took: 0.0000900 seconds
61.824: Application time: 0.0294710 seconds
61.824: [GC [PSYoungGen: 100064K->8256K(107520K)] 139883K->48075K(352768K), 0.0031790 secs] [Times: user=0.02 sys=0.00, real=0.00 secs] 
61.827: Total time for which application threads were stopped: 0.0033780 seconds, Stopping threads took: 0.0001070 seconds
61.858: Application time: 0.0306240 seconds
61.858: [GC [PSYoungGen: 100416K->8208K(107520K)] 140235K->48027K(352768K), 0.0031040 secs] [Times: user=0.02 sys=0.00, real=0.00 secs] 
61.861: Total time for which application threads were stopped: 0.0032690 seconds, Stopping threads took: 0.0000740 seconds
61.895: Application time: 0.0340740 seconds
61.895: [GC [PSYoungGen: 100368K->9632K(107520K)] 140187K->49451K(352768K), 0.0037820 secs] [Times: user=0.03 sys=0.00, real=0.01 secs] 
61.899: Total time for which application threads were stopped: 0.0039820 seconds, Stopping threads took: 0.0001040 seconds
61.930: Application time: 0.0308160 seconds
61.930: [GC [PSYoungGen: 101792K->8000K(107520K)] 141611K->47819K(352768K), 0.0030700 secs] [Times: user=0.01 sys=0.00, real=0.00 secs] 
61.933: Total time for which application threads were stopped: 0.0032600 seconds, Stopping threads took: 0.0000970 seconds
61.965: Application time: 0.0318830 seconds
61.965: [GC [PSYoungGen: 100160K->8368K(107520K)] 139979K->48187K(352768K), 0.0032880 secs] [Times: user=0.02 sys=0.00, real=0.01 secs] 
61.968: Total time for which application threads were stopped: 0.0034770 seconds, Stopping threads took: 0.0000950 seconds
62.001: Application time: 0.0325880 seconds
62.001: [GC [PSYoungGen: 100528K->8112K(107520K)] 140347K->47931K(352768K), 0.0031410 secs] [Times: user=0.02 sys=0.00, real=0.00 secs] 
62.004: Total time for which application threads were stopped: 0.0033510 seconds, Stopping threads took: 0.0001000 seconds
62.030: Application time: 0.0256400 seconds
62.030: [GC [PSYoungGen: 100272K->7840K(107520K)] 140091K->47659K(352768K), 0.0030270 secs] [Times: user=0.03 sys=0.00, real=0.00 secs] 
62.033: Total time for which application threads were stopped: 0.0031990 seconds, Stopping threads took: 0.0000800 seconds
62.062: Application time: 0.0291930 seconds
62.063: [GC [PSYoungGen: 100000K->11760K(107520K)] 139819K->51579K(352768K), 0.0045180 secs] [Times: user=0.03 sys=0.00, real=0.00 secs] 
62.067: Total time for which application threads were stopped: 0.0047180 seconds, Stopping threads took: 0.0001050 seconds
62.098: Application time: 0.0309180 seconds
62.098: [GC [PSYoungGen: 103920K->11760K(107520K)] 143739K->51579K(352768K), 0.0044250 secs] [Times: user=0.03 sys=0.00, real=0.00 secs] 
62.103: Total time for which application threads were stopped: 0.0046180 seconds, Stopping threads took: 0.0000950 seconds
62.134: Application time: 0.0310090 seconds
62.134: [GC [PSYoungGen: 103920K->10032K(107520K)] 143739K->49851K(352768K), 0.0038090 secs] [Times: user=0.02 sys=0.00, real=0.01 secs] 
62.138: Total time for which application threads were stopped: 0.0039900 seconds, Stopping threads took: 0.0000880 seconds
62.174: Application time: 0.0364710 seconds
62.174: [GC [PSYoungGen: 102192K->7920K(107520K)] 142011K->47739K(352768K), 0.0030180 secs] [Times: user=0.02 sys=0.00, real=0.01 secs] 
62.177: Total time for which application threads were stopped: 0.0031910 seconds, Stopping threads took: 0.0000790 seconds
62.204: Application time: 0.0265110 seconds
62.204: [GC [PSYoungGen: 100080K->7760K(107520K)] 139899K->47579K(352768K), 0.0030160 secs] [Times: user=0.02 sys=0.00, real=0.00 secs] 
62.207: Total time for which application threads were stopped: 0.0031960 seconds, Stopping threads took: 0.0000870 seconds
62.243: Application time: 0.0356860 seconds
62.243: [GC [PSYoungGen: 99920K->8592K(107520K)] 139739K->48459K(352768K), 0.0049540 secs] [Times: user=0.03 sys=0.00, real=0.00 secs] 
62.248: Total time for which application threads were stopped: 0.0051320 seconds, Stopping threads took: 0.0000840 seconds
62.274: Application time: 0.0262440 seconds
62.274: [GC [PSYoungGen: 100752K->7744K(107520K)] 140619K->47691K(352768K), 0.0030010 secs] [Times: user=0.02 sys=0.00, real=0.01 secs] 
62.277: Total time for which application threads were stopped: 0.0031800 seconds, Stopping threads took: 0.0000880 seconds
62.305: Application time: 0.0278830 seconds
62.305: [GC [PSYoungGen: 99904K->8224K(107520K)] 139851K->48228K(352768K), 0.0031680 secs] [Times: user=0.02 sys=0.00, real=0.01 secs] 
62.309: Total time for which application threads were stopped: 0.0033520 seconds, Stopping threads took: 0.0000910 seconds
62.340: Application time: 0.0317270 seconds
62.340: [GC [PSYoungGen: 100384K->7760K(107520K)] 140388K->47764K(352768K), 0.0029880 secs] [Times: user=0.02 sys=0.00, real=0.00 secs] 
62.343: Total time for which application threads were stopped: 0.0031880 seconds, Stopping threads took: 0.0001090 seconds
62.373: Application time: 0.0293820 seconds
62.373: [GC [PSYoungGen: 99920K->7968K(107520K)] 139924K->47971K(352768K), 0.0031390 secs] [Times: user=0.01 sys=0.00, real=0.00 secs] 
62.376: Total time for which application threads were stopped: 0.0033090 seconds, Stopping threads took: 0.0000800 seconds
62.413: Application time: 0.0364700 seconds
62.413: [GC [PSYoungGen: 100128K->8224K(107520K)] 140131K->48308K(352768K), 0.0031040 secs] [Times: user=0.02 sys=0.00, real=0.00 secs] 
62.416: Total time for which application threads were stopped: 0.0033010 seconds, Stopping threads took: 0.0001030 seconds
62.445: Application time: 0.0285890 seconds
62.448: [GC [PSYoungGen: 100384K->7600K(107520K)] 140468K->47684K(352768K), 0.0029560 secs] [Times: user=0.02 sys=0.00, real=0.00 secs] 
62.451: Total time for which application threads were stopped: 0.0068540 seconds, Stopping threads took: 0.0038090 seconds
62.485: Application time: 0.0332270 seconds
62.485: [GC [PSYoungGen: 99760K->11344K(107520K)] 139844K->51476K(352768K), 0.0043270 secs] [Times: user=0.04 sys=0.00, real=0.01 secs] 
62.489: Total time for which application threads were stopped: 0.0045050 seconds, Stopping threads took: 0.0000850 seconds
62.520: Application time: 0.0311320 seconds
62.520: [GC [PSYoungGen: 103504K->7792K(107520K)] 143636K->47972K(352768K), 0.0029980 secs] [Times: user=0.02 sys=0.00, real=0.00 secs] 
62.523: Total time for which application threads were stopped: 0.0032200 seconds, Stopping threads took: 0.0001150 seconds
62.550: Application time: 0.0261690 seconds
62.550: [GC [PSYoungGen: 99952K->7824K(107520K)] 140132K->48004K(352768K), 0.0030210 secs] [Times: user=0.02 sys=0.00, real=0.00 secs] 
62.553: Total time for which application threads were stopped: 0.0032000 seconds, Stopping threads took: 0.0000870 seconds
62.583: Application time: 0.0300130 seconds
62.583: [GC [PSYoungGen: 99984K->10144K(107520K)] 140164K->50324K(352768K), 0.0039580 secs] [Times: user=0.03 sys=0.00, real=0.00 secs] 
62.587: Total time for which application threads were stopped: 0.0041160 seconds, Stopping threads took: 0.0000600 seconds
62.618: Application time: 0.0305590 seconds
62.618: [GC [PSYoungGen: 102304K->10528K(107520K)] 142484K->50708K(352768K), 0.0039020 secs] [Times: user=0.03 sys=0.00, real=0.00 secs] 
62.622: Total time for which application threads were stopped: 0.0040940 seconds, Stopping threads took: 0.0000960 seconds
62.653: Application time: 0.0318390 seconds
62.654: [GC [PSYoungGen: 102688K->8288K(107520K)] 142868K->48468K(352768K), 0.0031360 secs] [Times: user=0.02 sys=0.00, real=0.01 secs] 
62.657: Total time for which application threads were stopped: 0.0033250 seconds, Stopping threads took: 0.0000960 seconds
62.691: Application time: 0.0342750 seconds
62.691: [GC [PSYoungGen: 100448K->7968K(107520K)] 140628K->48148K(352768K), 0.0030690 secs] [Times: user=0.02 sys=0.00, real=0.00 secs] 
62.694: Total time for which application threads were stopped: 0.0032490 seconds, Stopping threads took: 0.0000900 seconds
62.722: Application time: 0.0276000 seconds
62.722: [GC [PSYoungGen: 100128K->8144K(107520K)] 140308K->48324K(352768K), 0.0030700 secs] [Times: user=0.02 sys=0.00, real=0.00 secs] 
62.725: Total time for which application threads were stopped: 0.0032470 seconds, Stopping threads took: 0.0000860 seconds
62.761: Application time: 0.0362530 seconds
62.762: [GC [PSYoungGen: 100304K->8048K(107520K)] 140484K->48228K(352768K), 0.0031830 secs] [Times: user=0.01 sys=0.00, real=0.00 secs] 
62.765: Total time for which application threads were stopped: 0.0033670 seconds, Stopping threads took: 0.0000900 seconds
62.790: Application time: 0.0256790 seconds
62.791: [GC [PSYoungGen: 100208K->8144K(107520K)] 140388K->48324K(352768K), 0.0030700 secs] [Times: user=0.02 sys=0.00, real=0.00 secs] 
62.794: Total time for which application threads were stopped: 0.0032590 seconds, Stopping threads took: 0.0000980 seconds
62.823: Application time: 0.0291490 seconds
62.823: [GC [PSYoungGen: 100304K->11040K(107520K)] 140484K->51220K(352768K), 0.0042970 secs] [Times: user=0.03 sys=0.00, real=0.00 secs] 
62.827: Total time for which application threads were stopped: 0.0044680 seconds, Stopping threads took: 0.0000730 seconds
62.858: Application time: 0.0306650 seconds
62.860: [GC [PSYoungGen: 103200K->9664K(107520K)] 143380K->49844K(352768K), 0.0036580 secs] [Times: user=0.02 sys=0.00, real=0.00 secs] 
62.864: Total time for which application threads were stopped: 0.0060620 seconds, Stopping threads took: 0.0023080 seconds
62.894: Application time: 0.0296270 seconds
62.894: [GC [PSYoungGen: 101824K->8208K(107520K)] 142004K->48388K(352768K), 0.0030980 secs] [Times: user=0.02 sys=0.00, real=0.01 secs] 
62.897: Total time for which application threads were stopped: 0.0032820 seconds, Stopping threads took: 0.0000930 seconds
62.934: Application time: 0.0370220 seconds
62.934: [GC [PSYoungGen: 100368K->8560K(107520K)] 140548K->48740K(352768K), 0.0033270 secs] [Times: user=0.03 sys=0.00, real=0.01 secs] 
62.938: Total time for which application threads were stopped: 0.0035100 seconds, Stopping threads took: 0.0000880 seconds
62.964: Application time: 0.0269170 seconds
62.965: [GC [PSYoungGen: 100720K->8144K(107520K)] 140900K->48324K(352768K), 0.0030770 secs] [Times: user=0.02 sys=0.00, real=0.00 secs] 
62.968: Total time for which application threads were stopped: 0.0032580 seconds, Stopping threads took: 0.0000910 seconds
63.003: Application time: 0.0357500 seconds
63.004: [GC [PSYoungGen: 100304K->10064K(107520K)] 140484K->50292K(352768K), 0.0038980 secs] [Times: user=0.02 sys=0.00, real=0.00 secs] 
63.008: Total time for which application threads were stopped: 0.0040830 seconds, Stopping threads took: 0.0000930 seconds
63.036: Application time: 0.0282350 seconds
63.036: [GC [PSYoungGen: 102224K->7760K(107520K)] 142452K->48044K(352768K), 0.0030160 secs] [Times: user=0.02 sys=0.00, real=0.01 secs] 
63.039: Total time for which application threads were stopped: 0.0032070 seconds, Stopping threads took: 0.0000800 seconds
63.065: Application time: 0.0262750 seconds
63.065: [GC [PSYoungGen: 99920K->7856K(107520K)] 140204K->48196K(352768K), 0.0031150 secs] [Times: user=0.02 sys=0.00, real=0.01 secs] 
63.069: Total time for which application threads were stopped: 0.0032930 seconds, Stopping threads took: 0.0000900 seconds
63.102: Application time: 0.0337740 seconds
63.102: [GC [PSYoungGen: 100016K->8064K(107520K)] 140356K->48444K(352768K), 0.0030390 secs] [Times: user=0.02 sys=0.00, real=0.00 secs] 
63.106: Total time for which application threads were stopped: 0.0032160 seconds, Stopping threads took: 0.0000830 seconds
63.131: Application time: 0.0257630 seconds
63.131: [GC [PSYoungGen: 100224K->10064K(107520K)] 140604K->50444K(352768K), 0.0038150 secs] [Times: user=0.02 sys=0.00, real=0.00 secs] 
63.135: Total time for which application threads were stopped: 0.0039780 seconds, Stopping threads took: 0.0000670 seconds
63.171: Application time: 0.0357600 seconds
63.171: [GC [PSYoungGen: 102224K->9824K(107520K)] 142604K->50284K(352768K), 0.0037730 secs] [Times: user=0.02 sys=0.00, real=0.00 secs] 
63.175: Total time for which application threads were stopped: 0.0039480 seconds, Stopping threads took: 0.0000800 seconds
63.205: Application time: 0.0300470 seconds
63.205: [GC [PSYoungGen: 101984K->7792K(107520K)] 142444K->48252K(352768K), 0.0030220 secs] [Times: user=0.02 sys=0.00, real=0.00 secs] 
63.208: Total time for which application threads were stopped: 0.0031950 seconds, Stopping threads took: 0.0000810 seconds
63.241: Application time: 0.0326190 seconds
63.241: [GC [PSYoungGen: 99952K->9056K(107520K)] 140412K->49572K(352768K), 0.0033620 secs] [Times: user=0.03 sys=0.00, real=0.00 secs] 
63.244: Total time for which application threads were stopped: 0.0035320 seconds, Stopping threads took: 0.0000670 seconds
63.279: Application time: 0.0342180 seconds
63.279: [GC [PSYoungGen: 101216K->7712K(107520K)] 141732K->48300K(352768K), 0.0030420 secs] [Times: user=0.02 sys=0.00, real=0.00 secs] 
63.282: Total time for which application threads were stopped: 0.0032470 seconds, Stopping threads took: 0.0001100 seconds
63.308: Application time: 0.0259720 seconds
63.308: [GC [PSYoungGen: 99872K->7888K(107520K)] 140460K->48476K(352768K), 0.0030460 secs] [Times: user=0.03 sys=0.00, real=0.01 secs] 
63.311: Total time for which application threads were stopped: 0.0032110 seconds, Stopping threads took: 0.0000720 seconds
63.342: Application time: 0.0313970 seconds
63.343: [GC [PSYoungGen: 100048K->8560K(107520K)] 140636K->49148K(352768K), 0.0032620 secs] [Times: user=0.02 sys=0.00, real=0.00 secs] 
63.346: Total time for which application threads were stopped: 0.0034510 seconds, Stopping threads took: 0.0000870 seconds
63.375: Application time: 0.0289140 seconds
63.375: [GC [PSYoungGen: 100720K->8256K(107520K)] 141308K->48844K(352768K), 0.0030330 secs] [Times: user=0.02 sys=0.00, real=0.01 secs] 
63.378: Total time for which application threads were stopped: 0.0032170 seconds, Stopping threads took: 0.0000910 seconds
63.407: Application time: 0.0291030 seconds
63.407: [GC [PSYoungGen: 100416K->9888K(107520K)] 141004K->50476K(352768K), 0.0038500 secs] [Times: user=0.03 sys=0.00, real=0.01 secs] 
63.411: Total time for which application threads were stopped: 0.0040520 seconds, Stopping threads took: 0.0001060 seconds
63.447: Application time: 0.0358700 seconds
63.447: [GC [PSYoungGen: 102048K->9616K(107520K)] 142636K->50204K(352768K), 0.0037330 secs] [Times: user=0.02 sys=0.00, real=0.01 secs] 
63.451: Total time for which application threads were stopped: 0.0039200 seconds, Stopping threads took: 0.0000920 seconds
63.480: Application time: 0.0286250 seconds
63.480: [GC [PSYoungGen: 101776K->7840K(107520K)] 142364K->48428K(352768K), 0.0030710 secs] [Times: user=0.02 sys=0.00, real=0.00 secs] 
63.483: Total time for which application threads were stopped: 0.0032440 seconds, Stopping threads took: 0.0000830 seconds
63.518: Application time: 0.0355250 seconds
63.519: [GC [PSYoungGen: 100000K->8512K(107520K)] 140588K->49100K(352768K), 0.0032040 secs] [Times: user=0.02 sys=0.00, real=0.00 secs] 
63.522: Total time for which application threads were stopped: 0.0033860 seconds, Stopping threads took: 0.0000930 seconds
63.549: Application time: 0.0270730 seconds
63.549: [GC [PSYoungGen: 100672K->7936K(107520K)] 141260K->48524K(352768K), 0.0030630 secs] [Times: user=0.01 sys=0.00, real=0.00 secs] 
63.552: Total time for which application threads were stopped: 0.0032470 seconds, Stopping threads took: 0.0000710 seconds
63.581: Application time: 0.0285190 seconds
63.584: [GC [PSYoungGen: 100096K->9968K(107520K)] 140684K->50556K(352768K), 0.0039210 secs] [Times: user=0.02 sys=0.01, real=0.01 secs] 
63.588: Total time for which application threads were stopped: 0.0077300 seconds, Stopping threads took: 0.0037160 seconds
63.619: Application time: 0.0302820 seconds
63.619: [GC [PSYoungGen: 102128K->10288K(107520K)] 142716K->50876K(352768K), 0.0039290 secs] [Times: user=0.03 sys=0.00, real=0.00 secs] 
63.623: Total time for which application threads were stopped: 0.0040990 seconds, Stopping threads took: 0.0000750 seconds
63.653: Application time: 0.0305560 seconds
63.653: [GC [PSYoungGen: 102448K->9504K(107520K)] 143036K->50092K(352768K), 0.0036580 secs] [Times: user=0.03 sys=0.00, real=0.01 secs] 
63.657: Total time for which application threads were stopped: 0.0038200 seconds, Stopping threads took: 0.0000680 seconds
63.691: Application time: 0.0339930 seconds
63.691: [GC [PSYoungGen: 101664K->8000K(107520K)] 142252K->48588K(352768K), 0.0030810 secs] [Times: user=0.02 sys=0.00, real=0.00 secs] 
63.694: Total time for which application threads were stopped: 0.0032560 seconds, Stopping threads took: 0.0000830 seconds
63.724: Application time: 0.0291390 seconds
63.724: [GC [PSYoungGen: 100160K->8368K(107520K)] 140748K->48956K(352768K), 0.0032100 secs] [Times: user=0.03 sys=0.00, real=0.00 secs] 
63.727: Total time for which application threads were stopped: 0.0034000 seconds, Stopping threads took: 0.0000980 seconds
63.758: Application time: 0.0310570 seconds
63.758: [GC [PSYoungGen: 100528K->9392K(107520K)] 141116K->50028K(352768K), 0.0035700 secs] [Times: user=0.03 sys=0.00, real=0.00 secs] 
63.762: Total time for which application threads were stopped: 0.0037230 seconds, Stopping threads took: 0.0000590 seconds
63.794: Application time: 0.0320180 seconds
63.794: [GC [PSYoungGen: 101552K->8256K(107520K)] 142188K->48892K(352768K), 0.0031880 secs] [Times: user=0.01 sys=0.00, real=0.01 secs] 
63.797: Total time for which application threads were stopped: 0.0033850 seconds, Stopping threads took: 0.0001050 seconds
63.825: Application time: 0.0275230 seconds
63.825: [GC [PSYoungGen: 100416K->9472K(107520K)] 141052K->50184K(352768K), 0.0038230 secs] [Times: user=0.03 sys=0.00, real=0.01 secs] 
63.829: Total time for which application threads were stopped: 0.0040000 seconds, Stopping threads took: 0.0000820 seconds
63.858: Application time: 0.0292480 seconds
63.858: [GC [PSYoungGen: 101632K->9888K(107520K)] 142344K->50656K(352768K), 0.0038380 secs] [Times: user=0.03 sys=0.00, real=0.00 secs] 
63.862: Total time for which application threads were stopped: 0.0040290 seconds, Stopping threads took: 0.0000970 seconds
63.895: Application time: 0.0328820 seconds
63.895: [GC [PSYoungGen: 102048K->7872K(107520K)] 142816K->48640K(352768K), 0.0029370 secs] [Times: user=0.02 sys=0.00, real=0.01 secs] 
63.898: Total time for which application threads were stopped: 0.0031050 seconds, Stopping threads took: 0.0000760 seconds
63.928: Application time: 0.0303740 seconds
63.928: [GC [PSYoungGen: 100032K->9696K(107520K)] 140800K->50552K(352768K), 0.0038820 secs] [Times: user=0.02 sys=0.00, real=0.00 secs] 
63.932: Total time for which application threads were stopped: 0.0040460 seconds, Stopping threads took: 0.0000690 seconds
63.965: Application time: 0.0327990 seconds
63.965: [GC [PSYoungGen: 101856K->9088K(107520K)] 142712K->49944K(352768K), 0.0034300 secs] [Times: user=0.02 sys=0.00, real=0.01 secs] 
63.969: Total time for which application threads were stopped: 0.0036000 seconds, Stopping threads took: 0.0000770 seconds
63.998: Application time: 0.0290170 seconds
63.998: [GC [PSYoungGen: 101248K->7808K(107520K)] 142104K->48712K(352768K), 0.0031220 secs] [Times: user=0.02 sys=0.00, real=0.00 secs] 
64.001: Total time for which application threads were stopped: 0.0033150 seconds, Stopping threads took: 0.0001010 seconds
64.034: Application time: 0.0326670 seconds
64.036: [GC [PSYoungGen: 99968K->8400K(107520K)] 140872K->49352K(352768K), 0.0032710 secs] [Times: user=0.03 sys=0.00, real=0.00 secs] 
64.040: Total time for which application threads were stopped: 0.0059090 seconds, Stopping threads took: 0.0025450 seconds
64.068: Application time: 0.0285540 seconds
64.072: [GC [PSYoungGen: 100560K->7808K(107520K)] 141512K->48760K(352768K), 0.0029860 secs] [Times: user=0.02 sys=0.00, real=0.00 secs] 
64.075: Total time for which application threads were stopped: 0.0071780 seconds, Stopping threads took: 0.0040820 seconds
64.106: Application time: 0.0308020 seconds
64.106: [GC [PSYoungGen: 99968K->7824K(107520K)] 140920K->48776K(352768K), 0.0030580 secs] [Times: user=0.02 sys=0.00, real=0.01 secs] 
64.109: Total time for which application threads were stopped: 0.0032370 seconds, Stopping threads took: 0.0000860 seconds
64.140: Application time: 0.0304070 seconds
64.140: [GC [PSYoungGen: 99984K->9376K(107520K)] 140936K->50328K(352768K), 0.0037040 secs] [Times: user=0.03 sys=0.00, real=0.00 secs] 
64.144: Total time for which application threads were stopped: 0.0038870 seconds, Stopping threads took: 0.0000880 seconds
64.175: Application time: 0.0311750 seconds
64.175: [GC [PSYoungGen: 101536K->8080K(107520K)] 142488K->49032K(352768K), 0.0031130 secs] [Times: user=0.02 sys=0.00, real=0.01 secs] 
64.178: Total time for which application threads were stopped: 0.0032930 seconds, Stopping threads took: 0.0000870 seconds
64.211: Application time: 0.0323030 seconds
64.211: [GC [PSYoungGen: 100240K->8144K(107520K)] 141192K->49096K(352768K), 0.0032000 secs] [Times: user=0.02 sys=0.00, real=0.00 secs] 
64.214: Total time for which application threads were stopped: 0.0033880 seconds, Stopping threads took: 0.0000980 seconds
64.243: Application time: 0.0293590 seconds
64.243: [GC [PSYoungGen: 100304K->8304K(107520K)] 141256K->49256K(352768K), 0.0054350 secs] [Times: user=0.04 sys=0.00, real=0.01 secs] 
64.249: Total time for which application threads were stopped: 0.0056430 seconds, Stopping threads took: 0.0001160 seconds
64.280: Application time: 0.0311100 seconds
64.280: [GC [PSYoungGen: 100464K->11024K(107520K)] 141416K->51976K(352768K), 0.0042570 secs] [Times: user=0.03 sys=0.00, real=0.00 secs] 
64.284: Total time for which application threads were stopped: 0.0044370 seconds, Stopping threads took: 0.0000770 seconds
64.317: Application time: 0.0321470 seconds
64.317: [GC [PSYoungGen: 103184K->7952K(107520K)] 144136K->48904K(352768K), 0.0030570 secs] [Times: user=0.03 sys=0.00, real=0.00 secs] 
64.320: Total time for which application threads were stopped: 0.0032290 seconds, Stopping threads took: 0.0000800 seconds
64.349: Application time: 0.0286730 seconds
64.349: [GC [PSYoungGen: 100112K->8176K(107520K)] 141064K->49128K(352768K), 0.0031190 secs] [Times: user=0.02 sys=0.00, real=0.00 secs] 
64.352: Total time for which application threads were stopped: 0.0033120 seconds, Stopping threads took: 0.0000980 seconds
64.381: Application time: 0.0293830 seconds
64.381: [GC [PSYoungGen: 100336K->9504K(107520K)] 141288K->50456K(352768K), 0.0036990 secs] [Times: user=0.02 sys=0.00, real=0.00 secs] 
64.385: Total time for which application threads were stopped: 0.0039030 seconds, Stopping threads took: 0.0001100 seconds
64.418: Application time: 0.0325060 seconds
64.418: [GC [PSYoungGen: 101664K->9808K(107520K)] 142616K->50760K(352768K), 0.0037330 secs] [Times: user=0.03 sys=0.00, real=0.00 secs] 
64.422: Total time for which application threads were stopped: 0.0039100 seconds, Stopping threads took: 0.0000840 seconds
64.453: Application time: 0.0311210 seconds
64.453: [GC [PSYoungGen: 101968K->10016K(107520K)] 142920K->50968K(352768K), 0.0038320 secs] [Times: user=0.03 sys=0.00, real=0.01 secs] 
64.457: Total time for which application threads were stopped: 0.0039930 seconds, Stopping threads took: 0.0000670 seconds
64.488: Application time: 0.0308990 seconds
64.488: [GC [PSYoungGen: 102165K->9184K(107520K)] 143118K->50136K(352768K), 0.0035650 secs] [Times: user=0.03 sys=0.01, real=0.00 secs] 
64.492: Total time for which application threads were stopped: 0.0044080 seconds, Stopping threads took: 0.0007500 seconds
64.522: Application time: 0.0301520 seconds
64.522: [GC [PSYoungGen: 101344K->8080K(107520K)] 142296K->49032K(352768K), 0.0031250 secs] [Times: user=0.02 sys=0.00, real=0.00 secs] 
64.525: Total time for which application threads were stopped: 0.0033060 seconds, Stopping threads took: 0.0000910 seconds
64.558: Application time: 0.0323080 seconds
64.558: [GC [PSYoungGen: 100240K->8384K(107520K)] 141192K->49376K(352768K), 0.0031970 secs] [Times: user=0.02 sys=0.00, real=0.00 secs] 
64.561: Total time for which application threads were stopped: 0.0033480 seconds, Stopping threads took: 0.0000600 seconds
64.590: Application time: 0.0287470 seconds
64.590: [GC [PSYoungGen: 100544K->9520K(107520K)] 141536K->50560K(352768K), 0.0037780 secs] [Times: user=0.03 sys=0.00, real=0.00 secs] 
64.594: Total time for which application threads were stopped: 0.0039840 seconds, Stopping threads took: 0.0000930 seconds
64.623: Application time: 0.0286890 seconds
64.623: [GC [PSYoungGen: 101680K->7888K(107520K)] 142720K->48976K(352768K), 0.0030730 secs] [Times: user=0.02 sys=0.00, real=0.00 secs] 
64.626: Total time for which application threads were stopped: 0.0032440 seconds, Stopping threads took: 0.0000800 seconds
64.659: Application time: 0.0332340 seconds
64.659: [GC [PSYoungGen: 100048K->8608K(107520K)] 141136K->49752K(352768K), 0.0032360 secs] [Times: user=0.02 sys=0.00, real=0.00 secs] 
64.662: Total time for which application threads were stopped: 0.0034260 seconds, Stopping threads took: 0.0001000 seconds
64.693: Application time: 0.0306450 seconds
64.693: [GC [PSYoungGen: 100768K->8032K(107520K)] 141912K->49264K(352768K), 0.0031090 secs] [Times: user=0.03 sys=0.00, real=0.01 secs] 
64.696: Total time for which application threads were stopped: 0.0032760 seconds, Stopping threads took: 0.0000750 seconds
64.728: Application time: 0.0316300 seconds
64.728: [GC [PSYoungGen: 100192K->7680K(107520K)] 141424K->48912K(352768K), 0.0030030 secs] [Times: user=0.02 sys=0.00, real=0.01 secs] 
64.731: Total time for which application threads were stopped: 0.0031920 seconds, Stopping threads took: 0.0000970 seconds
64.762: Application time: 0.0303690 seconds
64.762: [GC [PSYoungGen: 99840K->7584K(107520K)] 141072K->48864K(352768K), 0.0030070 secs] [Times: user=0.02 sys=0.00, real=0.00 secs] 
64.765: Total time for which application threads were stopped: 0.0032030 seconds, Stopping threads took: 0.0000990 seconds
64.793: Application time: 0.0282640 seconds
64.793: [GC [PSYoungGen: 99744K->11296K(107520K)] 141024K->52624K(352768K), 0.0045290 secs] [Times: user=0.02 sys=0.00, real=0.01 secs] 
64.798: Total time for which application threads were stopped: 0.0047360 seconds, Stopping threads took: 0.0001120 seconds
64.833: Application time: 0.0348130 seconds
64.833: [GC [PSYoungGen: 103456K->8912K(107520K)] 144784K->50248K(352768K), 0.0034200 secs] [Times: user=0.03 sys=0.00, real=0.00 secs] 
64.836: Total time for which application threads were stopped: 0.0035700 seconds, Stopping threads took: 0.0000580 seconds
64.864: Application time: 0.0273770 seconds
64.864: [GC [PSYoungGen: 101072K->7968K(107520K)] 142408K->49304K(352768K), 0.0030310 secs] [Times: user=0.02 sys=0.00, real=0.00 secs] 
64.867: Total time for which application threads were stopped: 0.0032020 seconds, Stopping threads took: 0.0000780 seconds
64.898: Application time: 0.0312190 seconds
64.898: [GC [PSYoungGen: 100128K->8912K(107520K)] 141464K->50248K(352768K), 0.0033390 secs] [Times: user=0.02 sys=0.00, real=0.00 secs] 
64.901: Total time for which application threads were stopped: 0.0034980 seconds, Stopping threads took: 0.0000680 seconds
64.933: Application time: 0.0314420 seconds
64.933: [GC [PSYoungGen: 101072K->8672K(107520K)] 142408K->50008K(352768K), 0.0033190 secs] [Times: user=0.02 sys=0.00, real=0.01 secs] 
64.936: Total time for which application threads were stopped: 0.0034850 seconds, Stopping threads took: 0.0000680 seconds
64.967: Application time: 0.0304750 seconds
64.967: [GC [PSYoungGen: 100832K->10448K(107520K)] 142168K->51784K(352768K), 0.0038820 secs] [Times: user=0.03 sys=0.00, real=0.01 secs] 
64.971: Total time for which application threads were stopped: 0.0040680 seconds, Stopping threads took: 0.0000930 seconds
65.004: Application time: 0.0326450 seconds
65.004: [GC [PSYoungGen: 102608K->8304K(107520K)] 143944K->49640K(352768K), 0.0032030 secs] [Times: user=0.02 sys=0.00, real=0.00 secs] 
65.007: Total time for which application threads were stopped: 0.0033650 seconds, Stopping threads took: 0.0000710 seconds
65.035: Application time: 0.0281640 seconds
65.035: [GC [PSYoungGen: 100464K->8128K(107520K)] 141800K->49464K(352768K), 0.0030920 secs] [Times: user=0.02 sys=0.00, real=0.01 secs] 
65.038: Total time for which application threads were stopped: 0.0032630 seconds, Stopping threads took: 0.0000780 seconds
65.071: Application time: 0.0326700 seconds
65.071: [GC [PSYoungGen: 100288K->8784K(107520K)] 141624K->50120K(352768K), 0.0033390 secs] [Times: user=0.02 sys=0.00, real=0.00 secs] 
65.075: Total time for which application threads were stopped: 0.0035270 seconds, Stopping threads took: 0.0000960 seconds
65.104: Application time: 0.0290150 seconds
65.104: [GC [PSYoungGen: 100944K->8064K(107520K)] 142280K->49400K(352768K), 0.0031060 secs] [Times: user=0.02 sys=0.00, real=0.00 secs] 
65.108: Total time for which application threads were stopped: 0.0039510 seconds, Stopping threads took: 0.0007320 seconds
65.135: Application time: 0.0272290 seconds
65.135: [GC [PSYoungGen: 100224K->9168K(107520K)] 141560K->50504K(352768K), 0.0034460 secs] [Times: user=0.02 sys=0.00, real=0.01 secs] 
65.138: Total time for which application threads were stopped: 0.0036550 seconds, Stopping threads took: 0.0001160 seconds
65.173: Application time: 0.0342390 seconds
65.173: [GC [PSYoungGen: 101328K->10416K(107520K)] 142664K->51752K(352768K), 0.0038600 secs] [Times: user=0.02 sys=0.00, real=0.01 secs] 
65.177: Total time for which application threads were stopped: 0.0040190 seconds, Stopping threads took: 0.0000640 seconds
65.206: Application time: 0.0288960 seconds
65.206: [GC [PSYoungGen: 102576K->7776K(107520K)] 143912K->49112K(352768K), 0.0029700 secs] [Times: user=0.02 sys=0.00, real=0.01 secs] 
65.209: Total time for which application threads were stopped: 0.0031570 seconds, Stopping threads took: 0.0000890 seconds
65.243: Application time: 0.0344980 seconds
65.243: [GC [PSYoungGen: 99936K->8624K(107520K)] 141272K->49960K(352768K), 0.0055350 secs] [Times: user=0.03 sys=0.00, real=0.01 secs] 
65.249: Total time for which application threads were stopped: 0.0057410 seconds, Stopping threads took: 0.0001040 seconds
65.278: Application time: 0.0286330 seconds
65.278: [GC [PSYoungGen: 100784K->7920K(107520K)] 142120K->49256K(352768K), 0.0030160 secs] [Times: user=0.02 sys=0.00, real=0.00 secs] 
65.281: Total time for which application threads were stopped: 0.0031820 seconds, Stopping threads took: 0.0000650 seconds
65.309: Application time: 0.0284570 seconds
65.312: [GC [PSYoungGen: 100080K->11520K(107520K)] 141416K->52912K(352768K), 0.0044020 secs] [Times: user=0.03 sys=0.01, real=0.01 secs] 
65.317: Total time for which application threads were stopped: 0.0075360 seconds, Stopping threads took: 0.0030370 seconds
65.351: Application time: 0.0339470 seconds
65.351: [GC [PSYoungGen: 103680K->9744K(107520K)] 145072K->51176K(352768K), 0.0037950 secs] [Times: user=0.02 sys=0.00, real=0.00 secs] 
65.355: Total time for which application threads were stopped: 0.0039720 seconds, Stopping threads took: 0.0000810 seconds
65.382: Application time: 0.0268450 seconds
65.382: [GC [PSYoungGen: 101904K->8048K(107520K)] 143336K->49521K(352768K), 0.0030800 secs] [Times: user=0.02 sys=0.00, real=0.00 secs] 
65.385: Total time for which application threads were stopped: 0.0032760 seconds, Stopping threads took: 0.0001020 seconds
65.420: Application time: 0.0347140 seconds
65.420: [GC [PSYoungGen: 100208K->7744K(107520K)] 141681K->49265K(352768K), 0.0030160 secs] [Times: user=0.02 sys=0.00, real=0.00 secs] 
65.423: Total time for which application threads were stopped: 0.0031710 seconds, Stopping threads took: 0.0000630 seconds
65.452: Application time: 0.0296110 seconds
65.453: [GC [PSYoungGen: 99904K->8240K(107520K)] 141425K->49761K(352768K), 0.0031320 secs] [Times: user=0.03 sys=0.00, real=0.00 secs] 
65.456: Total time for which application threads were stopped: 0.0033050 seconds, Stopping threads took: 0.0000810 seconds
65.486: Application time: 0.0305560 seconds
65.486: [GC [PSYoungGen: 100400K->10016K(107520K)] 141921K->51625K(352768K), 0.0039170 secs] [Times: user=0.03 sys=0.00, real=0.01 secs] 
65.490: Total time for which application threads were stopped: 0.0041040 seconds, Stopping threads took: 0.0000940 seconds
65.521: Application time: 0.0307800 seconds
65.521: [GC [PSYoungGen: 102176K->8224K(107520K)] 143785K->49881K(352768K), 0.0031070 secs] [Times: user=0.03 sys=0.00, real=0.00 secs] 
65.524: Total time for which application threads were stopped: 0.0032860 seconds, Stopping threads took: 0.0000870 seconds
65.554: Application time: 0.0297070 seconds
65.556: [GC [PSYoungGen: 100384K->8480K(107520K)] 142041K->50137K(352768K), 0.0032580 secs] [Times: user=0.02 sys=0.00, real=0.00 secs] 
65.560: Total time for which application threads were stopped: 0.0055380 seconds, Stopping threads took: 0.0021900 seconds
65.593: Application time: 0.0331400 seconds
65.593: [GC [PSYoungGen: 100640K->7904K(107520K)] 142297K->49609K(352768K), 0.0031100 secs] [Times: user=0.02 sys=0.00, real=0.00 secs] 
65.596: Total time for which application threads were stopped: 0.0033240 seconds, Stopping threads took: 0.0001220 seconds
65.626: Application time: 0.0294660 seconds
65.626: [GC [PSYoungGen: 100064K->7488K(107520K)] 141769K->49193K(352768K), 0.0029110 secs] [Times: user=0.02 sys=0.00, real=0.01 secs] 
65.629: Total time for which application threads were stopped: 0.0030820 seconds, Stopping threads took: 0.0000600 seconds
65.657: Application time: 0.0280500 seconds
65.657: [GC [PSYoungGen: 99648K->9664K(107520K)] 141353K->51369K(352768K), 0.0037830 secs] [Times: user=0.03 sys=0.00, real=0.00 secs] 
65.661: Total time for which application threads were stopped: 0.0039650 seconds, Stopping threads took: 0.0000870 seconds
65.695: Application time: 0.0342430 seconds
65.695: [GC [PSYoungGen: 101824K->8704K(107520K)] 143529K->50409K(352768K), 0.0032930 secs] [Times: user=0.02 sys=0.00, real=0.01 secs] 
65.698: Total time for which application threads were stopped: 0.0034600 seconds, Stopping threads took: 0.0000730 seconds
65.727: Application time: 0.0284340 seconds
65.727: [GC [PSYoungGen: 100864K->7808K(107520K)] 142569K->49513K(352768K), 0.0029850 secs] [Times: user=0.02 sys=0.00, real=0.01 secs] 
65.730: Total time for which application threads were stopped: 0.0031630 seconds, Stopping threads took: 0.0000840 seconds
65.764: Application time: 0.0341010 seconds
65.764: [GC [PSYoungGen: 99968K->8256K(107520K)] 141673K->49961K(352768K), 0.0031640 secs] [Times: user=0.02 sys=0.01, real=0.00 secs] 
65.768: Total time for which application threads were stopped: 0.0033630 seconds, Stopping threads took: 0.0001000 seconds
65.795: Application time: 0.0277980 seconds
65.795: [GC [PSYoungGen: 100416K->7904K(107520K)] 142121K->49609K(352768K), 0.0030430 secs] [Times: user=0.02 sys=0.00, real=0.01 secs] 
65.799: Total time for which application threads were stopped: 0.0032080 seconds, Stopping threads took: 0.0000720 seconds
65.829: Application time: 0.0302530 seconds
65.829: [GC [PSYoungGen: 100064K->10144K(107520K)] 141769K->51849K(352768K), 0.0038690 secs] [Times: user=0.02 sys=0.01, real=0.00 secs] 
65.833: Total time for which application threads were stopped: 0.0040430 seconds, Stopping threads took: 0.0000810 seconds
65.865: Application time: 0.0325590 seconds
65.865: [GC [PSYoungGen: 102304K->8240K(107520K)] 144009K->49945K(352768K), 0.0030660 secs] [Times: user=0.02 sys=0.00, real=0.01 secs] 
65.869: Total time for which application threads were stopped: 0.0032160 seconds, Stopping threads took: 0.0000560 seconds
65.896: Application time: 0.0276190 seconds
65.896: [GC [PSYoungGen: 100400K->8432K(107520K)] 142105K->50137K(352768K), 0.0032690 secs] [Times: user=0.02 sys=0.00, real=0.00 secs] 
65.900: Total time for which application threads were stopped: 0.0034540 seconds, Stopping threads took: 0.0000860 seconds
65.934: Application time: 0.0342110 seconds
65.934: [GC [PSYoungGen: 100592K->11008K(107520K)] 142297K->52713K(352768K), 0.0042430 secs] [Times: user=0.03 sys=0.00, real=0.01 secs] 
65.938: Total time for which application threads were stopped: 0.0044370 seconds, Stopping threads took: 0.0000970 seconds
65.968: Application time: 0.0297230 seconds
65.968: [GC [PSYoungGen: 103168K->7888K(107520K)] 144873K->49593K(352768K), 0.0029980 secs] [Times: user=0.02 sys=0.00, real=0.01 secs] 
65.971: Total time for which application threads were stopped: 0.0031650 seconds, Stopping threads took: 0.0000750 seconds
66.002: Application time: 0.0307820 seconds
66.002: [GC [PSYoungGen: 100048K->9936K(107520K)] 141753K->51641K(352768K), 0.0038300 secs] [Times: user=0.02 sys=0.00, real=0.00 secs] 
66.006: Total time for which application threads were stopped: 0.0040260 seconds, Stopping threads took: 0.0001010 seconds
66.036: Application time: 0.0298210 seconds
66.036: [GC [PSYoungGen: 102096K->9696K(107520K)] 143801K->51401K(352768K), 0.0037560 secs] [Times: user=0.03 sys=0.00, real=0.01 secs] 
66.040: Total time for which application threads were stopped: 0.0039400 seconds, Stopping threads took: 0.0000880 seconds
66.069: Application time: 0.0291770 seconds
66.069: [GC [PSYoungGen: 101856K->9568K(107520K)] 143561K->51329K(352768K), 0.0037290 secs] [Times: user=0.02 sys=0.00, real=0.00 secs] 
66.073: Total time for which application threads were stopped: 0.0038920 seconds, Stopping threads took: 0.0000700 seconds
66.107: Application time: 0.0342910 seconds
66.107: [GC [PSYoungGen: 101728K->9760K(107520K)] 143489K->51569K(352768K), 0.0038070 secs] [Times: user=0.02 sys=0.00, real=0.01 secs] 
66.111: Total time for which application threads were stopped: 0.0039860 seconds, Stopping threads took: 0.0000870 seconds
66.140: Application time: 0.0292890 seconds
66.141: [GC [PSYoungGen: 101920K->7936K(107520K)] 143729K->49745K(352768K), 0.0030640 secs] [Times: user=0.02 sys=0.00, real=0.00 secs] 
66.144: Total time for which application threads were stopped: 0.0032570 seconds, Stopping threads took: 0.0000710 seconds
66.172: Application time: 0.0287790 seconds
66.173: [GC [PSYoungGen: 100096K->8224K(107520K)] 141905K->50089K(352768K), 0.0031940 secs] [Times: user=0.02 sys=0.00, real=0.00 secs] 
66.176: Total time for which application threads were stopped: 0.0033650 seconds, Stopping threads took: 0.0000770 seconds
66.209: Application time: 0.0334250 seconds
66.212: [GC [PSYoungGen: 100384K->8256K(107520K)] 142249K->50169K(352768K), 0.0032120 secs] [Times: user=0.02 sys=0.00, real=0.00 secs] 
66.216: Total time for which application threads were stopped: 0.0063730 seconds, Stopping threads took: 0.0030660 seconds
66.245: Application time: 0.0288610 seconds
66.245: [GC [PSYoungGen: 100416K->9456K(107520K)] 142329K->51457K(352768K), 0.0042490 secs] [Times: user=0.03 sys=0.00, real=0.01 secs] 
66.249: Total time for which application threads were stopped: 0.0045360 seconds, Stopping threads took: 0.0001830 seconds
66.281: Application time: 0.0321100 seconds
66.281: [GC [PSYoungGen: 101616K->7520K(107520K)] 143617K->49569K(352768K), 0.0029520 secs] [Times: user=0.02 sys=0.00, real=0.00 secs] 
66.284: Total time for which application threads were stopped: 0.0031260 seconds, Stopping threads took: 0.0000740 seconds
66.314: Application time: 0.0298520 seconds
66.314: [GC [PSYoungGen: 99680K->7632K(107520K)] 141729K->49681K(352768K), 0.0030610 secs] [Times: user=0.02 sys=0.00, real=0.01 secs] 
66.317: Total time for which application threads were stopped: 0.0032410 seconds, Stopping threads took: 0.0000880 seconds
66.348: Application time: 0.0303070 seconds
66.348: [GC [PSYoungGen: 99792K->9920K(107520K)] 141841K->52017K(352768K), 0.0037750 secs] [Times: user=0.03 sys=0.00, real=0.01 secs] 
66.352: Total time for which application threads were stopped: 0.0039960 seconds, Stopping threads took: 0.0001260 seconds
66.383: Application time: 0.0314290 seconds
66.383: [GC [PSYoungGen: 102080K->8208K(107520K)] 144177K->50305K(352768K), 0.0030930 secs] [Times: user=0.02 sys=0.00, real=0.00 secs] 
66.386: Total time for which application threads were stopped: 0.0032680 seconds, Stopping threads took: 0.0000820 seconds
66.414: Application time: 0.0278840 seconds
66.414: [GC [PSYoungGen: 100368K->9808K(107520K)] 142465K->51905K(352768K), 0.0038090 secs] [Times: user=0.03 sys=0.00, real=0.01 secs] 
66.418: Total time for which application threads were stopped: 0.0040120 seconds, Stopping threads took: 0.0001110 seconds
66.452: Application time: 0.0337560 seconds
66.452: [GC [PSYoungGen: 101968K->11312K(107520K)] 144065K->53409K(352768K), 0.0044610 secs] [Times: user=0.03 sys=0.00, real=0.01 secs] 
66.457: Total time for which application threads were stopped: 0.0046280 seconds, Stopping threads took: 0.0000690 seconds
66.487: Application time: 0.0300690 seconds
66.487: [GC [PSYoungGen: 103472K->8448K(107520K)] 145569K->50545K(352768K), 0.0031310 secs] [Times: user=0.02 sys=0.00, real=0.01 secs] 
66.490: Total time for which application threads were stopped: 0.0033200 seconds, Stopping threads took: 0.0000950 seconds
66.522: Application time: 0.0318100 seconds
66.522: [GC [PSYoungGen: 100608K->7616K(107520K)] 142705K->49713K(352768K), 0.0030360 secs] [Times: user=0.01 sys=0.00, real=0.00 secs] 
66.525: Total time for which application threads were stopped: 0.0032200 seconds, Stopping threads took: 0.0000940 seconds
66.555: Application time: 0.0295210 seconds
66.555: [GC [PSYoungGen: 99776K->8208K(107520K)] 141873K->50305K(352768K), 0.0031430 secs] [Times: user=0.03 sys=0.00, real=0.01 secs] 
66.558: Total time for which application threads were stopped: 0.0033380 seconds, Stopping threads took: 0.0001000 seconds
66.587: Application time: 0.0288650 seconds
66.587: [GC [PSYoungGen: 100368K->9536K(107520K)] 142465K->51633K(352768K), 0.0037180 secs] [Times: user=0.02 sys=0.00, real=0.01 secs] 
66.591: Total time for which application threads were stopped: 0.0038900 seconds, Stopping threads took: 0.0000800 seconds
66.624: Application time: 0.0331680 seconds
66.624: [GC [PSYoungGen: 101696K->8048K(107520K)] 143793K->50145K(352768K), 0.0031030 secs] [Times: user=0.02 sys=0.00, real=0.00 secs] 
66.627: Total time for which application threads were stopped: 0.0032770 seconds, Stopping threads took: 0.0000810 seconds
66.656: Application time: 0.0286850 seconds
66.656: [GC [PSYoungGen: 100208K->7920K(107520K)] 142305K->50017K(352768K), 0.0031550 secs] [Times: user=0.02 sys=0.00, real=0.01 secs] 
66.659: Total time for which application threads were stopped: 0.0033410 seconds, Stopping threads took: 0.0000720 seconds
66.691: Application time: 0.0314270 seconds
66.692: [GC [PSYoungGen: 100080K->8128K(107520K)] 142177K->50225K(352768K), 0.0031200 secs] [Times: user=0.02 sys=0.00, real=0.00 secs] 
66.696: Total time for which application threads were stopped: 0.0049250 seconds, Stopping threads took: 0.0017120 seconds
66.728: Application time: 0.0321090 seconds
66.728: [GC [PSYoungGen: 100288K->7840K(107520K)] 142385K->49937K(352768K), 0.0030030 secs] [Times: user=0.02 sys=0.00, real=0.01 secs] 
66.731: Total time for which application threads were stopped: 0.0031760 seconds, Stopping threads took: 0.0000820 seconds
66.761: Application time: 0.0301260 seconds
66.761: [GC [PSYoungGen: 100000K->9488K(107520K)] 142097K->51585K(352768K), 0.0037060 secs] [Times: user=0.03 sys=0.00, real=0.00 secs] 
66.765: Total time for which application threads were stopped: 0.0038940 seconds, Stopping threads took: 0.0000950 seconds
66.797: Application time: 0.0317790 seconds
66.797: [GC [PSYoungGen: 101648K->9792K(107520K)] 143745K->51889K(352768K), 0.0037690 secs] [Times: user=0.03 sys=0.00, real=0.00 secs] 
66.801: Total time for which application threads were stopped: 0.0039350 seconds, Stopping threads took: 0.0000720 seconds
66.830: Application time: 0.0297530 seconds
66.830: [GC [PSYoungGen: 101952K->7872K(107520K)] 144049K->50017K(352768K), 0.0030620 secs] [Times: user=0.01 sys=0.00, real=0.00 secs] 
66.834: Total time for which application threads were stopped: 0.0032290 seconds, Stopping threads took: 0.0000830 seconds
66.864: Application time: 0.0304640 seconds
66.868: [GC [PSYoungGen: 100032K->10224K(107520K)] 142177K->52417K(352768K), 0.0039780 secs] [Times: user=0.03 sys=0.01, real=0.00 secs] 
66.872: Total time for which application threads were stopped: 0.0084000 seconds, Stopping threads took: 0.0043290 seconds
66.903: Application time: 0.0305460 seconds
66.903: [GC [PSYoungGen: 102384K->8272K(107520K)] 144577K->50465K(352768K), 0.0031550 secs] [Times: user=0.02 sys=0.00, real=0.00 secs] 
66.906: Total time for which application threads were stopped: 0.0033420 seconds, Stopping threads took: 0.0000960 seconds
66.935: Application time: 0.0284800 seconds
66.935: [GC [PSYoungGen: 100432K->8288K(107520K)] 142625K->50537K(352768K), 0.0031170 secs] [Times: user=0.02 sys=0.00, real=0.01 secs] 
66.938: Total time for which application threads were stopped: 0.0033040 seconds, Stopping threads took: 0.0000960 seconds
66.972: Application time: 0.0336340 seconds
66.972: [GC [PSYoungGen: 100448K->10176K(107520K)] 142697K->52481K(352768K), 0.0040580 secs] [Times: user=0.03 sys=0.00, real=0.00 secs] 
66.976: Total time for which application threads were stopped: 0.0042210 seconds, Stopping threads took: 0.0000680 seconds
67.006: Application time: 0.0295990 seconds
67.006: [GC [PSYoungGen: 102336K->7536K(107520K)] 144641K->49937K(352768K), 0.0029760 secs] [Times: user=0.02 sys=0.00, real=0.01 secs] 
67.009: Total time for which application threads were stopped: 0.0031280 seconds, Stopping threads took: 0.0000650 seconds
67.042: Application time: 0.0331460 seconds
67.042: [GC [PSYoungGen: 99696K->7744K(107520K)] 142097K->50193K(352768K), 0.0030530 secs] [Times: user=0.02 sys=0.00, real=0.00 secs] 
67.045: Total time for which application threads were stopped: 0.0032260 seconds, Stopping threads took: 0.0000850 seconds
67.073: Application time: 0.0282340 seconds
67.073: [GC [PSYoungGen: 99904K->7728K(107520K)] 142353K->50177K(352768K), 0.0029640 secs] [Times: user=0.02 sys=0.00, real=0.01 secs] 
67.076: Total time for which application threads were stopped: 0.0031450 seconds, Stopping threads took: 0.0000800 seconds
67.105: Application time: 0.0288780 seconds
67.108: [GC [PSYoungGen: 99888K->8048K(107520K)] 142337K->50497K(352768K), 0.0030580 secs] [Times: user=0.02 sys=0.00, real=0.00 secs] 
67.111: Total time for which application threads were stopped: 0.0061200 seconds, Stopping threads took: 0.0029720 seconds
67.144: Application time: 0.0322880 seconds
67.144: [GC [PSYoungGen: 100208K->9520K(107520K)] 142657K->52017K(352768K), 0.0037190 secs] [Times: user=0.03 sys=0.00, real=0.00 secs] 
67.148: Total time for which application threads were stopped: 0.0039070 seconds, Stopping threads took: 0.0000940 seconds
67.176: Application time: 0.0280580 seconds
67.176: [GC [PSYoungGen: 101680K->9024K(107520K)] 144177K->51521K(352768K), 0.0034810 secs] [Times: user=0.03 sys=0.00, real=0.01 secs] 
67.179: Total time for which application threads were stopped: 0.0036830 seconds, Stopping threads took: 0.0000920 seconds
67.213: Application time: 0.0335830 seconds
67.213: [GC [PSYoungGen: 101184K->8848K(107520K)] 143681K->51345K(352768K), 0.0033730 secs] [Times: user=0.02 sys=0.00, real=0.01 secs] 
67.217: Total time for which application threads were stopped: 0.0035400 seconds, Stopping threads took: 0.0000740 seconds
67.249: Application time: 0.0322080 seconds
67.252: [GC [PSYoungGen: 101008K->8048K(107520K)] 143505K->50545K(352768K), 0.0031010 secs] [Times: user=0.01 sys=0.00, real=0.00 secs] 
67.256: Total time for which application threads were stopped: 0.0067610 seconds, Stopping threads took: 0.0035670 seconds
67.285: Application time: 0.0295330 seconds
67.285: [GC [PSYoungGen: 100208K->9680K(107520K)] 142705K->52177K(352768K), 0.0038220 secs] [Times: user=0.03 sys=0.00, real=0.01 secs] 
67.289: Total time for which application threads were stopped: 0.0040180 seconds, Stopping threads took: 0.0001010 seconds
67.320: Application time: 0.0312180 seconds
67.320: [GC [PSYoungGen: 101840K->9824K(107520K)] 144337K->52321K(352768K), 0.0037100 secs] [Times: user=0.02 sys=0.00, real=0.00 secs] 
67.324: Total time for which application threads were stopped: 0.0039050 seconds, Stopping threads took: 0.0001020 seconds
67.353: Application time: 0.0292550 seconds
67.354: [GC [PSYoungGen: 101984K->9632K(107520K)] 144481K->52129K(352768K), 0.0037610 secs] [Times: user=0.02 sys=0.00, real=0.01 secs] 
67.357: Total time for which application threads were stopped: 0.0039310 seconds, Stopping threads took: 0.0000770 seconds
67.387: Application time: 0.0297050 seconds
67.387: [GC [PSYoungGen: 101792K->9584K(107520K)] 144289K->52081K(352768K), 0.0037050 secs] [Times: user=0.03 sys=0.00, real=0.01 secs] 
67.391: Total time for which application threads were stopped: 0.0038790 seconds, Stopping threads took: 0.0000800 seconds
67.423: Application time: 0.0324950 seconds
67.424: [GC [PSYoungGen: 101744K->7920K(107520K)] 144241K->50417K(352768K), 0.0029670 secs] [Times: user=0.02 sys=0.00, real=0.00 secs] 
67.427: Total time for which application threads were stopped: 0.0031560 seconds, Stopping threads took: 0.0000970 seconds
67.456: Application time: 0.0291700 seconds
67.456: [GC [PSYoungGen: 100080K->8016K(107520K)] 142577K->50513K(352768K), 0.0030550 secs] [Times: user=0.02 sys=0.00, real=0.01 secs] 
67.459: Total time for which application threads were stopped: 0.0032260 seconds, Stopping threads took: 0.0000800 seconds
67.492: Application time: 0.0325340 seconds
67.492: [GC [PSYoungGen: 100176K->8768K(107520K)] 142673K->51265K(352768K), 0.0033590 secs] [Times: user=0.03 sys=0.00, real=0.00 secs] 
67.495: Total time for which application threads were stopped: 0.0035350 seconds, Stopping threads took: 0.0000820 seconds
67.526: Application time: 0.0307590 seconds
67.526: [GC [PSYoungGen: 100928K->7888K(107520K)] 143425K->50385K(352768K), 0.0030950 secs] [Times: user=0.02 sys=0.00, real=0.01 secs] 
67.529: Total time for which application threads were stopped: 0.0032530 seconds, Stopping threads took: 0.0000640 seconds
67.560: Application time: 0.0304080 seconds
67.560: [GC [PSYoungGen: 100048K->8112K(107520K)] 142545K->50609K(352768K), 0.0030980 secs] [Times: user=0.02 sys=0.00, real=0.00 secs] 
67.563: Total time for which application threads were stopped: 0.0032830 seconds, Stopping threads took: 0.0000930 seconds
67.594: Application time: 0.0308870 seconds
67.596: [GC [PSYoungGen: 100272K->7632K(107520K)] 142769K->50177K(352768K), 0.0030060 secs] [Times: user=0.02 sys=0.00, real=0.00 secs] 
67.599: Total time for which application threads were stopped: 0.0057040 seconds, Stopping threads took: 0.0026090 seconds
67.628: Application time: 0.0284620 seconds
67.628: [GC [PSYoungGen: 99792K->8176K(107520K)] 142337K->50721K(352768K), 0.0030690 secs] [Times: user=0.02 sys=0.00, real=0.01 secs] 
67.631: Total time for which application threads were stopped: 0.0032500 seconds, Stopping threads took: 0.0000880 seconds
67.664: Application time: 0.0329130 seconds
67.664: [GC [PSYoungGen: 100336K->8112K(107520K)] 142881K->50705K(352768K), 0.0031100 secs] [Times: user=0.02 sys=0.00, real=0.00 secs] 
67.667: Total time for which application threads were stopped: 0.0033040 seconds, Stopping threads took: 0.0001010 seconds
67.696: Application time: 0.0283430 seconds
67.696: [GC [PSYoungGen: 100272K->9888K(107520K)] 142865K->52529K(352768K), 0.0038120 secs] [Times: user=0.02 sys=0.01, real=0.00 secs] 
67.700: Total time for which application threads were stopped: 0.0045690 seconds, Stopping threads took: 0.0006430 seconds
67.733: Application time: 0.0331340 seconds
67.734: [GC [PSYoungGen: 102048K->9088K(107520K)] 144689K->51785K(352768K), 0.0033050 secs] [Times: user=0.03 sys=0.00, real=0.01 secs] 
67.737: Total time for which application threads were stopped: 0.0034880 seconds, Stopping threads took: 0.0000920 seconds
67.769: Application time: 0.0317180 seconds
67.769: [GC [PSYoungGen: 101248K->7712K(107520K)] 143945K->50457K(352768K), 0.0030660 secs] [Times: user=0.02 sys=0.00, real=0.00 secs] 
67.772: Total time for which application threads were stopped: 0.0032460 seconds, Stopping threads took: 0.0000910 seconds
67.801: Application time: 0.0294210 seconds
67.804: [GC [PSYoungGen: 99872K->9888K(107520K)] 142617K->52673K(352768K), 0.0038410 secs] [Times: user=0.02 sys=0.00, real=0.00 secs] 
67.808: Total time for which application threads were stopped: 0.0069970 seconds, Stopping threads took: 0.0030550 seconds
67.839: Application time: 0.0303930 seconds
67.839: [GC [PSYoungGen: 102048K->9328K(107520K)] 144833K->52169K(352768K), 0.0036470 secs] [Times: user=0.03 sys=0.00, real=0.00 secs] 
67.843: Total time for which application threads were stopped: 0.0038280 seconds, Stopping threads took: 0.0000880 seconds
67.872: Application time: 0.0295810 seconds
67.872: [GC [PSYoungGen: 101488K->8384K(107520K)] 144329K->51225K(352768K), 0.0031610 secs] [Times: user=0.02 sys=0.00, real=0.00 secs] 
67.875: Total time for which application threads were stopped: 0.0033470 seconds, Stopping threads took: 0.0000940 seconds
67.906: Application time: 0.0309940 seconds
67.907: [GC [PSYoungGen: 100544K->7504K(107520K)] 143385K->50401K(352768K), 0.0028720 secs] [Times: user=0.02 sys=0.00, real=0.01 secs] 
67.910: Total time for which application threads were stopped: 0.0030540 seconds, Stopping threads took: 0.0000930 seconds
67.942: Application time: 0.0321620 seconds
67.942: [GC [PSYoungGen: 99664K->7920K(107520K)] 142561K->50817K(352768K), 0.0030380 secs] [Times: user=0.02 sys=0.00, real=0.00 secs] 
67.945: Total time for which application threads were stopped: 0.0032080 seconds, Stopping threads took: 0.0000800 seconds
67.974: Application time: 0.0286230 seconds
67.974: [GC [PSYoungGen: 100080K->7648K(107520K)] 142977K->50545K(352768K), 0.0029530 secs] [Times: user=0.02 sys=0.00, real=0.01 secs] 
67.977: Total time for which application threads were stopped: 0.0031500 seconds, Stopping threads took: 0.0001070 seconds
68.010: Application time: 0.0335800 seconds
68.010: [GC [PSYoungGen: 99808K->8640K(107520K)] 142705K->51537K(352768K), 0.0033460 secs] [Times: user=0.02 sys=0.00, real=0.00 secs] 
68.014: Total time for which application threads were stopped: 0.0035240 seconds, Stopping threads took: 0.0000780 seconds
68.043: Application time: 0.0288330 seconds
68.043: [GC [PSYoungGen: 100800K->7856K(107520K)] 143697K->50753K(352768K), 0.0030380 secs] [Times: user=0.02 sys=0.00, real=0.00 secs] 
68.046: Total time for which application threads were stopped: 0.0032340 seconds, Stopping threads took: 0.0001020 seconds
68.077: Application time: 0.0315320 seconds
68.078: [GC [PSYoungGen: 100016K->8096K(107520K)] 142913K->50993K(352768K), 0.0030490 secs] [Times: user=0.02 sys=0.00, real=0.00 secs] 
68.081: Total time for which application threads were stopped: 0.0032380 seconds, Stopping threads took: 0.0000990 seconds
68.111: Application time: 0.0302070 seconds
68.111: [GC [PSYoungGen: 100256K->9920K(107520K)] 143153K->52817K(352768K), 0.0038870 secs] [Times: user=0.03 sys=0.00, real=0.00 secs] 
68.115: Total time for which application threads were stopped: 0.0040740 seconds, Stopping threads took: 0.0000920 seconds
68.144: Application time: 0.0287560 seconds
68.144: [GC [PSYoungGen: 102080K->9616K(107520K)] 144977K->52513K(352768K), 0.0036930 secs] [Times: user=0.02 sys=0.00, real=0.00 secs] 
68.148: Total time for which application threads were stopped: 0.0038530 seconds, Stopping threads took: 0.0000660 seconds
68.181: Application time: 0.0331170 seconds
68.181: [GC [PSYoungGen: 101776K->8256K(107520K)] 144673K->51153K(352768K), 0.0032290 secs] [Times: user=0.02 sys=0.00, real=0.00 secs] 
68.184: Total time for which application threads were stopped: 0.0034040 seconds, Stopping threads took: 0.0000830 seconds
68.213: Application time: 0.0284820 seconds
68.213: [GC [PSYoungGen: 100416K->9776K(107520K)] 143313K->52673K(352768K), 0.0037930 secs] [Times: user=0.02 sys=0.00, real=0.01 secs] 
68.217: Total time for which application threads were stopped: 0.0040000 seconds, Stopping threads took: 0.0000970 seconds
68.250: Application time: 0.0336030 seconds
68.250: [GC [PSYoungGen: 101936K->10096K(107520K)] 144833K->52993K(352768K), 0.0038050 secs] [Times: user=0.03 sys=0.00, real=0.00 secs] 
68.254: Total time for which application threads were stopped: 0.0039730 seconds, Stopping threads took: 0.0000750 seconds
68.285: Application time: 0.0307920 seconds
68.285: [GC [PSYoungGen: 102256K->7920K(107520K)] 145153K->50817K(352768K), 0.0030600 secs] [Times: user=0.02 sys=0.00, real=0.00 secs] 
68.288: Total time for which application threads were stopped: 0.0032400 seconds, Stopping threads took: 0.0000880 seconds
68.318: Application time: 0.0295500 seconds
68.318: [GC [PSYoungGen: 100080K->8192K(107520K)] 142977K->51089K(352768K), 0.0032350 secs] [Times: user=0.02 sys=0.00, real=0.00 secs] 
68.321: Total time for which application threads were stopped: 0.0034270 seconds, Stopping threads took: 0.0000980 seconds
68.351: Application time: 0.0294010 seconds
68.351: [GC [PSYoungGen: 100352K->8384K(107520K)] 143249K->51337K(352768K), 0.0032410 secs] [Times: user=0.02 sys=0.00, real=0.00 secs] 
68.354: Total time for which application threads were stopped: 0.0034460 seconds, Stopping threads took: 0.0001100 seconds
68.386: Application time: 0.0320150 seconds
68.386: [GC [PSYoungGen: 100544K->8224K(107520K)] 143497K->51177K(352768K), 0.0031270 secs] [Times: user=0.02 sys=0.00, real=0.01 secs] 
68.389: Total time for which application threads were stopped: 0.0033190 seconds, Stopping threads took: 0.0001000 seconds
68.420: Application time: 0.0303260 seconds
68.420: [GC [PSYoungGen: 100384K->8960K(107520K)] 143337K->51962K(352768K), 0.0034700 secs] [Times: user=0.02 sys=0.00, real=0.00 secs] 
68.423: Total time for which application threads were stopped: 0.0036400 seconds, Stopping threads took: 0.0000780 seconds
68.455: Application time: 0.0314360 seconds
68.455: [GC [PSYoungGen: 101120K->8960K(107520K)] 144122K->52010K(352768K), 0.0034970 secs] [Times: user=0.02 sys=0.00, real=0.01 secs] 
68.458: Total time for which application threads were stopped: 0.0036540 seconds, Stopping threads took: 0.0000620 seconds
68.488: Application time: 0.0292250 seconds
68.488: [GC [PSYoungGen: 101120K->8176K(107520K)] 144170K->51225K(352768K), 0.0030920 secs] [Times: user=0.02 sys=0.00, real=0.01 secs] 
68.491: Total time for which application threads were stopped: 0.0032530 seconds, Stopping threads took: 0.0000680 seconds
68.524: Application time: 0.0329340 seconds
68.524: [GC [PSYoungGen: 100336K->8256K(107520K)] 143385K->51410K(352768K), 0.0031620 secs] [Times: user=0.02 sys=0.00, real=0.00 secs] 
68.527: Total time for which application threads were stopped: 0.0033580 seconds, Stopping threads took: 0.0001030 seconds
68.556: Application time: 0.0286730 seconds
68.556: [GC [PSYoungGen: 100416K->9600K(107520K)] 143570K->52802K(352768K), 0.0037940 secs] [Times: user=0.03 sys=0.00, real=0.01 secs] 
68.560: Total time for which application threads were stopped: 0.0039840 seconds, Stopping threads took: 0.0000940 seconds
68.591: Application time: 0.0311620 seconds
68.591: [GC [PSYoungGen: 101760K->9568K(107520K)] 144962K->52818K(352768K), 0.0037530 secs] [Times: user=0.02 sys=0.00, real=0.00 secs] 
68.595: Total time for which application threads were stopped: 0.0039340 seconds, Stopping threads took: 0.0000890 seconds
68.626: Application time: 0.0306540 seconds
68.626: [GC [PSYoungGen: 101728K->9744K(107520K)] 144978K->52994K(352768K), 0.0037360 secs] [Times: user=0.03 sys=0.00, real=0.01 secs] 
68.629: Total time for which application threads were stopped: 0.0039190 seconds, Stopping threads took: 0.0000880 seconds
68.661: Application time: 0.0310150 seconds
68.661: [GC [PSYoungGen: 101904K->8240K(107520K)] 145154K->51546K(352768K), 0.0031240 secs] [Times: user=0.03 sys=0.00, real=0.00 secs] 
68.664: Total time for which application threads were stopped: 0.0033170 seconds, Stopping threads took: 0.0001010 seconds
68.696: Application time: 0.0320120 seconds
68.700: [GC [PSYoungGen: 100400K->7584K(107520K)] 143706K->50890K(352768K), 0.0030530 secs] [Times: user=0.01 sys=0.00, real=0.00 secs] 
68.704: Total time for which application threads were stopped: 0.0076760 seconds, Stopping threads took: 0.0045280 seconds
68.733: Application time: 0.0292070 seconds
68.733: [GC [PSYoungGen: 99744K->7984K(107520K)] 143050K->51290K(352768K), 0.0031370 secs] [Times: user=0.02 sys=0.00, real=0.00 secs] 
68.736: Total time for which application threads were stopped: 0.0033470 seconds, Stopping threads took: 0.0000940 seconds
68.769: Application time: 0.0332630 seconds
68.769: [GC [PSYoungGen: 100144K->9872K(107520K)] 143450K->53178K(352768K), 0.0037960 secs] [Times: user=0.02 sys=0.00, real=0.00 secs] 
68.773: Total time for which application threads were stopped: 0.0039730 seconds, Stopping threads took: 0.0000780 seconds
68.804: Application time: 0.0308370 seconds
68.804: [GC [PSYoungGen: 102032K->8528K(107520K)] 145338K->51834K(352768K), 0.0031990 secs] [Times: user=0.02 sys=0.00, real=0.00 secs] 
68.808: Total time for which application threads were stopped: 0.0034050 seconds, Stopping threads took: 0.0000990 seconds
68.838: Application time: 0.0303650 seconds
68.838: [GC [PSYoungGen: 100688K->8160K(107520K)] 143994K->51466K(352768K), 0.0031020 secs] [Times: user=0.02 sys=0.00, real=0.00 secs] 
68.841: Total time for which application threads were stopped: 0.0032760 seconds, Stopping threads took: 0.0000800 seconds
68.873: Application time: 0.0316920 seconds
68.873: [GC [PSYoungGen: 100320K->9616K(107520K)] 143626K->52922K(352768K), 0.0037600 secs] [Times: user=0.02 sys=0.00, real=0.01 secs] 
68.877: Total time for which application threads were stopped: 0.0039730 seconds, Stopping threads took: 0.0001090 seconds
68.904: Application time: 0.0274780 seconds
68.905: [GC [PSYoungGen: 101776K->8160K(107520K)] 145082K->51466K(352768K), 0.0031530 secs] [Times: user=0.02 sys=0.01, real=0.00 secs] 
68.908: Total time for which application threads were stopped: 0.0033750 seconds, Stopping threads took: 0.0001220 seconds
68.941: Application time: 0.0335480 seconds
68.941: [GC [PSYoungGen: 100320K->9936K(107520K)] 143626K->53242K(352768K), 0.0038610 secs] [Times: user=0.03 sys=0.00, real=0.00 secs] 
68.945: Total time for which application threads were stopped: 0.0040610 seconds, Stopping threads took: 0.0000960 seconds
68.974: Application time: 0.0285070 seconds
68.976: [GC [PSYoungGen: 102096K->9504K(107520K)] 145402K->52810K(352768K), 0.0037040 secs] [Times: user=0.03 sys=0.00, real=0.00 secs] 
68.980: Total time for which application threads were stopped: 0.0062730 seconds, Stopping threads took: 0.0024730 seconds
69.012: Application time: 0.0314690 seconds
69.012: [GC [PSYoungGen: 101664K->7648K(107520K)] 144970K->50954K(352768K), 0.0030350 secs] [Times: user=0.02 sys=0.00, real=0.00 secs] 
69.015: Total time for which application threads were stopped: 0.0032460 seconds, Stopping threads took: 0.0001130 seconds
69.048: Application time: 0.0335710 seconds
69.049: [GC [PSYoungGen: 99808K->8176K(107520K)] 143114K->51482K(352768K), 0.0031620 secs] [Times: user=0.02 sys=0.00, real=0.00 secs] 
69.052: Total time for which application threads were stopped: 0.0033640 seconds, Stopping threads took: 0.0001010 seconds
69.079: Application time: 0.0275710 seconds
69.080: [GC [PSYoungGen: 100336K->9584K(107520K)] 143642K->52890K(352768K), 0.0038080 secs] [Times: user=0.02 sys=0.00, real=0.00 secs] 
69.084: Total time for which application threads were stopped: 0.0048980 seconds, Stopping threads took: 0.0009900 seconds
69.116: Application time: 0.0315730 seconds
69.116: [GC [PSYoungGen: 101744K->9488K(107520K)] 145050K->52794K(352768K), 0.0036690 secs] [Times: user=0.02 sys=0.00, real=0.01 secs] 
69.120: Total time for which application threads were stopped: 0.0038910 seconds, Stopping threads took: 0.0001230 seconds
69.151: Application time: 0.0309510 seconds
69.151: [GC [PSYoungGen: 101648K->7904K(107520K)] 144954K->51258K(352768K), 0.0030490 secs] [Times: user=0.02 sys=0.00, real=0.00 secs] 
69.154: Total time for which application threads were stopped: 0.0032550 seconds, Stopping threads took: 0.0001090 seconds
69.182: Application time: 0.0283710 seconds
69.182: [GC [PSYoungGen: 100064K->9392K(107520K)] 143418K->52802K(352768K), 0.0037050 secs] [Times: user=0.02 sys=0.00, real=0.00 secs] 
69.186: Total time for which application threads were stopped: 0.0038750 seconds, Stopping threads took: 0.0000740 seconds
69.220: Application time: 0.0342600 seconds
69.221: [GC [PSYoungGen: 101552K->7904K(107520K)] 144962K->51314K(352768K), 0.0030480 secs] [Times: user=0.02 sys=0.00, real=0.00 secs] 
69.224: Total time for which application threads were stopped: 0.0032270 seconds, Stopping threads took: 0.0000830 seconds
69.253: Application time: 0.0297970 seconds
69.254: [GC [PSYoungGen: 100064K->7728K(107520K)] 143474K->51186K(352768K), 0.0029930 secs] [Times: user=0.02 sys=0.00, real=0.01 secs] 
69.257: Total time for which application threads were stopped: 0.0032140 seconds, Stopping threads took: 0.0001100 seconds
69.288: Application time: 0.0310760 seconds
69.288: [GC [PSYoungGen: 99888K->10000K(107520K)] 143346K->53506K(352768K), 0.0038690 secs] [Times: user=0.03 sys=0.00, real=0.01 secs] 
69.292: Total time for which application threads were stopped: 0.0040360 seconds, Stopping threads took: 0.0000650 seconds
69.323: Application time: 0.0311810 seconds
69.323: [GC [PSYoungGen: 102160K->7728K(107520K)] 145666K->51330K(352768K), 0.0030660 secs] [Times: user=0.02 sys=0.00, real=0.00 secs] 
69.326: Total time for which application threads were stopped: 0.0032430 seconds, Stopping threads took: 0.0000830 seconds
69.355: Application time: 0.0292370 seconds
69.356: [GC [PSYoungGen: 99888K->7776K(107520K)] 143490K->51434K(352768K), 0.0030360 secs] [Times: user=0.02 sys=0.00, real=0.01 secs] 
69.359: Total time for which application threads were stopped: 0.0031940 seconds, Stopping threads took: 0.0000640 seconds
69.390: Application time: 0.0318030 seconds
69.391: [GC [PSYoungGen: 99936K->8640K(107520K)] 143594K->52298K(352768K), 0.0032590 secs] [Times: user=0.02 sys=0.00, real=0.00 secs] 
69.394: Total time for which application threads were stopped: 0.0034340 seconds, Stopping threads took: 0.0000780 seconds
69.422: Application time: 0.0283970 seconds
69.422: [GC [PSYoungGen: 100800K->7920K(107520K)] 144458K->51578K(352768K), 0.0030880 secs] [Times: user=0.02 sys=0.00, real=0.00 secs] 
69.426: Total time for which application threads were stopped: 0.0032900 seconds, Stopping threads took: 0.0001040 seconds
69.460: Application time: 0.0346050 seconds
69.460: [GC [PSYoungGen: 100080K->8320K(107520K)] 143738K->52018K(352768K), 0.0031600 secs] [Times: user=0.02 sys=0.00, real=0.00 secs] 
69.464: Total time for which application threads were stopped: 0.0033400 seconds, Stopping threads took: 0.0000850 seconds
69.492: Application time: 0.0280650 seconds
69.492: [GC [PSYoungGen: 100480K->9680K(107520K)] 144178K->53378K(352768K), 0.0037420 secs] [Times: user=0.02 sys=0.00, real=0.00 secs] 
69.496: Total time for which application threads were stopped: 0.0039120 seconds, Stopping threads took: 0.0000710 seconds
69.526: Application time: 0.0302680 seconds
69.526: [GC [PSYoungGen: 101840K->8528K(107520K)] 145538K->52226K(352768K), 0.0032350 secs] [Times: user=0.03 sys=0.00, real=0.01 secs] 
69.529: Total time for which application threads were stopped: 0.0034250 seconds, Stopping threads took: 0.0000960 seconds
69.563: Application time: 0.0338750 seconds
69.563: [GC [PSYoungGen: 100688K->7968K(107520K)] 144386K->51666K(352768K), 0.0030810 secs] [Times: user=0.02 sys=0.00, real=0.00 secs] 
69.566: Total time for which application threads were stopped: 0.0032610 seconds, Stopping threads took: 0.0000790 seconds
69.592: Application time: 0.0257090 seconds
69.592: [GC [PSYoungGen: 100128K->9200K(107520K)] 143826K->52898K(352768K), 0.0036750 secs] [Times: user=0.03 sys=0.00, real=0.00 secs] 
69.596: Total time for which application threads were stopped: 0.0038310 seconds, Stopping threads took: 0.0000580 seconds
69.630: Application time: 0.0338820 seconds
69.630: [GC [PSYoungGen: 101360K->11584K(107520K)] 145058K->55282K(352768K), 0.0045000 secs] [Times: user=0.03 sys=0.00, real=0.00 secs] 
69.635: Total time for which application threads were stopped: 0.0047040 seconds, Stopping threads took: 0.0001060 seconds
69.664: Application time: 0.0291550 seconds
69.664: [GC [PSYoungGen: 103744K->8080K(107520K)] 147442K->51778K(352768K), 0.0030580 secs] [Times: user=0.02 sys=0.00, real=0.00 secs] 
69.667: Total time for which application threads were stopped: 0.0032300 seconds, Stopping threads took: 0.0000760 seconds
69.698: Application time: 0.0314500 seconds
69.698: [GC [PSYoungGen: 100240K->9568K(107520K)] 143938K->53266K(352768K), 0.0036890 secs] [Times: user=0.03 sys=0.00, real=0.00 secs] 
69.702: Total time for which application threads were stopped: 0.0038690 seconds, Stopping threads took: 0.0000860 seconds
69.734: Application time: 0.0319450 seconds
69.734: [GC [PSYoungGen: 101728K->7904K(107520K)] 145426K->51602K(352768K), 0.0031480 secs] [Times: user=0.02 sys=0.00, real=0.01 secs] 
69.737: Total time for which application threads were stopped: 0.0033100 seconds, Stopping threads took: 0.0000660 seconds
69.767: Application time: 0.0293230 seconds
69.767: [GC [PSYoungGen: 100064K->8480K(107520K)] 143762K->52178K(352768K), 0.0032270 secs] [Times: user=0.02 sys=0.00, real=0.01 secs] 
69.770: Total time for which application threads were stopped: 0.0034340 seconds, Stopping threads took: 0.0000950 seconds
69.804: Application time: 0.0336000 seconds
69.804: [GC [PSYoungGen: 100640K->10048K(107520K)] 144338K->53746K(352768K), 0.0038750 secs] [Times: user=0.02 sys=0.00, real=0.00 secs] 
69.808: Total time for which application threads were stopped: 0.0040700 seconds, Stopping threads took: 0.0000960 seconds
69.836: Application time: 0.0279310 seconds
69.836: [GC [PSYoungGen: 102208K->7824K(107520K)] 145906K->51522K(352768K), 0.0030540 secs] [Times: user=0.02 sys=0.00, real=0.01 secs] 
69.839: Total time for which application threads were stopped: 0.0032290 seconds, Stopping threads took: 0.0000790 seconds
69.870: Application time: 0.0313570 seconds
69.871: [GC [PSYoungGen: 99984K->8032K(107520K)] 143682K->51730K(352768K), 0.0030480 secs] [Times: user=0.02 sys=0.00, real=0.00 secs] 
69.874: Total time for which application threads were stopped: 0.0032550 seconds, Stopping threads took: 0.0001020 seconds
69.906: Application time: 0.0324810 seconds
69.906: [GC [PSYoungGen: 100192K->7760K(107520K)] 143890K->51506K(352768K), 0.0029780 secs] [Times: user=0.02 sys=0.00, real=0.01 secs] 
69.909: Total time for which application threads were stopped: 0.0031400 seconds, Stopping threads took: 0.0000660 seconds
69.937: Application time: 0.0276090 seconds
69.937: [GC [PSYoungGen: 99920K->9520K(107520K)] 143666K->53266K(352768K), 0.0037170 secs] [Times: user=0.03 sys=0.00, real=0.00 secs] 
69.941: Total time for which application threads were stopped: 0.0038970 seconds, Stopping threads took: 0.0000810 seconds
69.975: Application time: 0.0344780 seconds
69.975: [GC [PSYoungGen: 101680K->8368K(107520K)] 145426K->52154K(352768K), 0.0031810 secs] [Times: user=0.03 sys=0.00, real=0.01 secs] 
69.979: Total time for which application threads were stopped: 0.0033710 seconds, Stopping threads took: 0.0000980 seconds
70.007: Application time: 0.0281550 seconds
70.007: [GC [PSYoungGen: 100528K->8080K(107520K)] 144314K->51914K(352768K), 0.0030780 secs] [Times: user=0.02 sys=0.00, real=0.01 secs] 
70.010: Total time for which application threads were stopped: 0.0032410 seconds, Stopping threads took: 0.0000710 seconds
70.041: Application time: 0.0308260 seconds
70.041: [GC [PSYoungGen: 100240K->9648K(107520K)] 144074K->53570K(352768K), 0.0037740 secs] [Times: user=0.02 sys=0.00, real=0.00 secs] 
70.045: Total time for which application threads were stopped: 0.0039770 seconds, Stopping threads took: 0.0001060 seconds
70.077: Application time: 0.0322520 seconds
70.077: [GC [PSYoungGen: 101808K->8048K(107520K)] 145730K->51970K(352768K), 0.0030540 secs] [Times: user=0.02 sys=0.00, real=0.00 secs] 
70.080: Total time for which application threads were stopped: 0.0032290 seconds, Stopping threads took: 0.0000770 seconds
70.107: Application time: 0.0267950 seconds
70.107: [GC [PSYoungGen: 100208K->9280K(107520K)] 144130K->53306K(352768K), 0.0037110 secs] [Times: user=0.02 sys=0.00, real=0.01 secs] 
70.111: Total time for which application threads were stopped: 0.0039040 seconds, Stopping threads took: 0.0000940 seconds
70.145: Application time: 0.0340110 seconds
70.145: [GC [PSYoungGen: 101440K->10192K(107520K)] 145466K->54218K(352768K), 0.0039390 secs] [Times: user=0.03 sys=0.00, real=0.01 secs] 
70.149: Total time for which application threads were stopped: 0.0041270 seconds, Stopping threads took: 0.0000910 seconds
70.178: Application time: 0.0288760 seconds
70.178: [GC [PSYoungGen: 102352K->8080K(107520K)] 146378K->52106K(352768K), 0.0029970 secs] [Times: user=0.02 sys=0.00, real=0.00 secs] 
70.181: Total time for which application threads were stopped: 0.0031960 seconds, Stopping threads took: 0.0001040 seconds
70.213: Application time: 0.0319750 seconds
70.213: [GC [PSYoungGen: 100240K->9056K(107520K)] 144266K->53130K(352768K), 0.0035570 secs] [Times: user=0.03 sys=0.00, real=0.01 secs] 
70.217: Total time for which application threads were stopped: 0.0037260 seconds, Stopping threads took: 0.0000730 seconds
70.249: Application time: 0.0322860 seconds
70.249: [GC [PSYoungGen: 101216K->9392K(107520K)] 145290K->53466K(352768K), 0.0035930 secs] [Times: user=0.03 sys=0.00, real=0.00 secs] 
70.253: Total time for which application threads were stopped: 0.0037590 seconds, Stopping threads took: 0.0000730 seconds
70.282: Application time: 0.0286020 seconds
70.282: [GC [PSYoungGen: 101552K->7584K(107520K)] 145626K->51658K(352768K), 0.0030320 secs] [Times: user=0.02 sys=0.00, real=0.00 secs] 
70.285: Total time for which application threads were stopped: 0.0032230 seconds, Stopping threads took: 0.0000800 seconds
70.318: Application time: 0.0334160 seconds
70.318: [GC [PSYoungGen: 99744K->9808K(107520K)] 143818K->53882K(352768K), 0.0037510 secs] [Times: user=0.02 sys=0.00, real=0.00 secs] 
70.322: Total time for which application threads were stopped: 0.0039200 seconds, Stopping threads took: 0.0000700 seconds
70.350: Application time: 0.0278000 seconds
70.350: [GC [PSYoungGen: 101968K->8032K(107520K)] 146042K->52106K(352768K), 0.0031580 secs] [Times: user=0.02 sys=0.00, real=0.00 secs] 
70.353: Total time for which application threads were stopped: 0.0033410 seconds, Stopping threads took: 0.0000900 seconds
70.386: Application time: 0.0327500 seconds
70.386: [GC [PSYoungGen: 100192K->9744K(107520K)] 144266K->53818K(352768K), 0.0037960 secs] [Times: user=0.03 sys=0.00, real=0.01 secs] 
70.390: Total time for which application threads were stopped: 0.0039510 seconds, Stopping threads took: 0.0000520 seconds
70.421: Application time: 0.0313510 seconds
70.422: [GC [PSYoungGen: 101904K->8048K(107520K)] 145978K->52122K(352768K), 0.0031040 secs] [Times: user=0.02 sys=0.00, real=0.00 secs] 
70.425: Total time for which application threads were stopped: 0.0032910 seconds, Stopping threads took: 0.0000890 seconds
70.455: Application time: 0.0301670 seconds
70.456: [GC [PSYoungGen: 100208K->8416K(107520K)] 144282K->52490K(352768K), 0.0032440 secs] [Times: user=0.03 sys=0.00, real=0.00 secs] 
70.460: Total time for which application threads were stopped: 0.0047970 seconds, Stopping threads took: 0.0014600 seconds
70.492: Application time: 0.0318580 seconds
70.492: [GC [PSYoungGen: 100576K->8464K(107520K)] 144650K->52538K(352768K), 0.0033270 secs] [Times: user=0.02 sys=0.00, real=0.00 secs] 
70.495: Total time for which application threads were stopped: 0.0034970 seconds, Stopping threads took: 0.0000750 seconds
70.525: Application time: 0.0301500 seconds
70.525: [GC [PSYoungGen: 100624K->8048K(107520K)] 144698K->52122K(352768K), 0.0031210 secs] [Times: user=0.02 sys=0.00, real=0.01 secs] 
70.529: Total time for which application threads were stopped: 0.0033080 seconds, Stopping threads took: 0.0000920 seconds
70.561: Application time: 0.0322200 seconds
70.561: [GC [PSYoungGen: 100208K->7840K(107520K)] 144282K->51914K(352768K), 0.0030460 secs] [Times: user=0.02 sys=0.00, real=0.00 secs] 
70.564: Total time for which application threads were stopped: 0.0032080 seconds, Stopping threads took: 0.0000700 seconds
70.592: Application time: 0.0276840 seconds
70.592: [GC [PSYoungGen: 100000K->8240K(107520K)] 144074K->52314K(352768K), 0.0031930 secs] [Times: user=0.02 sys=0.00, real=0.00 secs] 
70.595: Total time for which application threads were stopped: 0.0033990 seconds, Stopping threads took: 0.0001070 seconds
70.624: Application time: 0.0289210 seconds
70.624: [GC [PSYoungGen: 100400K->9792K(107520K)] 144474K->53866K(352768K), 0.0037880 secs] [Times: user=0.03 sys=0.00, real=0.00 secs] 
70.628: Total time for which application threads were stopped: 0.0039820 seconds, Stopping threads took: 0.0000970 seconds
70.662: Application time: 0.0339130 seconds
70.662: [GC [PSYoungGen: 101952K->8304K(107520K)] 146026K->52434K(352768K), 0.0031910 secs] [Times: user=0.02 sys=0.00, real=0.00 secs] 
70.665: Total time for which application threads were stopped: 0.0033960 seconds, Stopping threads took: 0.0001070 seconds
70.694: Application time: 0.0288190 seconds
70.694: [GC [PSYoungGen: 100464K->9808K(107520K)] 144594K->53938K(352768K), 0.0038510 secs] [Times: user=0.03 sys=0.00, real=0.01 secs] 
70.698: Total time for which application threads were stopped: 0.0040220 seconds, Stopping threads took: 0.0000730 seconds
70.730: Application time: 0.0320480 seconds
70.730: [GC [PSYoungGen: 101968K->9616K(107520K)] 146098K->53802K(352768K), 0.0037730 secs] [Times: user=0.03 sys=0.00, real=0.00 secs] 
70.734: Total time for which application threads were stopped: 0.0039320 seconds, Stopping threads took: 0.0000610 seconds
70.766: Application time: 0.0318630 seconds
70.766: [GC [PSYoungGen: 101776K->9728K(107520K)] 145962K->53962K(352768K), 0.0037320 secs] [Times: user=0.03 sys=0.00, real=0.01 secs] 
70.770: Total time for which application threads were stopped: 0.0039050 seconds, Stopping threads took: 0.0000770 seconds
70.799: Application time: 0.0290010 seconds
70.799: [GC [PSYoungGen: 101888K->9456K(107520K)] 146122K->53746K(352768K), 0.0037840 secs] [Times: user=0.03 sys=0.00, real=0.00 secs] 
70.803: Total time for which application threads were stopped: 0.0039890 seconds, Stopping threads took: 0.0000910 seconds
70.836: Application time: 0.0327960 seconds
70.836: [GC [PSYoungGen: 101616K->9648K(107520K)] 145906K->53994K(352768K), 0.0037540 secs] [Times: user=0.02 sys=0.00, real=0.01 secs] 
70.840: Total time for which application threads were stopped: 0.0039480 seconds, Stopping threads took: 0.0000970 seconds
70.866: Application time: 0.0260420 seconds
70.866: [GC [PSYoungGen: 101808K->8064K(107520K)] 146154K->52466K(352768K), 0.0031760 secs] [Times: user=0.02 sys=0.00, real=0.01 secs] 
70.869: Total time for which application threads were stopped: 0.0033320 seconds, Stopping threads took: 0.0000530 seconds
70.903: Application time: 0.0335720 seconds
70.903: [GC [PSYoungGen: 100224K->10432K(107520K)] 144626K->54890K(352768K), 0.0039280 secs] [Times: user=0.03 sys=0.00, real=0.00 secs] 
70.907: Total time for which application threads were stopped: 0.0041190 seconds, Stopping threads took: 0.0000930 seconds
70.936: Application time: 0.0293300 seconds
70.936: [GC [PSYoungGen: 102592K->7872K(107520K)] 147050K->52330K(352768K), 0.0030750 secs] [Times: user=0.03 sys=0.00, real=0.01 secs] 
70.939: Total time for which application threads were stopped: 0.0032710 seconds, Stopping threads took: 0.0000980 seconds
70.971: Application time: 0.0320660 seconds
70.971: [GC [PSYoungGen: 100032K->7728K(107520K)] 144490K->52242K(352768K), 0.0031120 secs] [Times: user=0.02 sys=0.00, real=0.00 secs] 
70.975: Total time for which application threads were stopped: 0.0032810 seconds, Stopping threads took: 0.0000760 seconds
71.007: Application time: 0.0318950 seconds
71.007: [GC [PSYoungGen: 99888K->7600K(107520K)] 144402K->52114K(352768K), 0.0030240 secs] [Times: user=0.01 sys=0.00, real=0.01 secs] 
71.010: Total time for which application threads were stopped: 0.0032060 seconds, Stopping threads took: 0.0000870 seconds
71.039: Application time: 0.0289910 seconds
71.039: [GC [PSYoungGen: 99760K->7696K(107520K)] 144274K->52210K(352768K), 0.0030410 secs] [Times: user=0.02 sys=0.00, real=0.00 secs] 
71.042: Total time for which application threads were stopped: 0.0032170 seconds, Stopping threads took: 0.0000810 seconds
71.076: Application time: 0.0345070 seconds
71.077: [GC [PSYoungGen: 99856K->8400K(107520K)] 144370K->52914K(352768K), 0.0031740 secs] [Times: user=0.02 sys=0.00, real=0.00 secs] 
71.080: Total time for which application threads were stopped: 0.0033700 seconds, Stopping threads took: 0.0000990 seconds
71.107: Application time: 0.0270890 seconds
71.107: [GC [PSYoungGen: 100560K->7792K(107520K)] 145074K->52306K(352768K), 0.0030180 secs] [Times: user=0.02 sys=0.00, real=0.01 secs] 
71.110: Total time for which application threads were stopped: 0.0032100 seconds, Stopping threads took: 0.0001000 seconds
71.140: Application time: 0.0294740 seconds
71.140: [GC [PSYoungGen: 99952K->9360K(107520K)] 144466K->53874K(352768K), 0.0036880 secs] [Times: user=0.02 sys=0.00, real=0.00 secs] 
71.143: Total time for which application threads were stopped: 0.0038710 seconds, Stopping threads took: 0.0000850 seconds
71.176: Application time: 0.0326080 seconds
71.176: [GC [PSYoungGen: 101520K->8208K(107520K)] 146034K->52722K(352768K), 0.0031270 secs] [Times: user=0.02 sys=0.00, real=0.01 secs] 
71.179: Total time for which application threads were stopped: 0.0033120 seconds, Stopping threads took: 0.0000900 seconds
71.209: Application time: 0.0292490 seconds
71.209: [GC [PSYoungGen: 100368K->9840K(107520K)] 144882K->54354K(352768K), 0.0037720 secs] [Times: user=0.02 sys=0.00, real=0.00 secs] 
71.213: Total time for which application threads were stopped: 0.0039720 seconds, Stopping threads took: 0.0001030 seconds
71.246: Application time: 0.0330330 seconds
71.247: [GC [PSYoungGen: 102000K->8496K(107520K)] 146514K->53010K(352768K), 0.0032260 secs] [Times: user=0.02 sys=0.00, real=0.01 secs] 
71.250: Total time for which application threads were stopped: 0.0045040 seconds, Stopping threads took: 0.0011750 seconds
71.281: Application time: 0.0305010 seconds
71.281: [GC [PSYoungGen: 100656K->9776K(107520K)] 145170K->54290K(352768K), 0.0039000 secs] [Times: user=0.02 sys=0.00, real=0.00 secs] 
71.285: Total time for which application threads were stopped: 0.0040820 seconds, Stopping threads took: 0.0000840 seconds
71.315: Application time: 0.0306510 seconds
71.316: [GC [PSYoungGen: 101936K->8368K(107520K)] 146450K->52882K(352768K), 0.0031680 secs] [Times: user=0.02 sys=0.00, real=0.01 secs] 
71.319: Total time for which application threads were stopped: 0.0033590 seconds, Stopping threads took: 0.0000810 seconds
71.350: Application time: 0.0315990 seconds
71.350: [GC [PSYoungGen: 100528K->8176K(107520K)] 145042K->52690K(352768K), 0.0032230 secs] [Times: user=0.02 sys=0.00, real=0.00 secs] 
71.354: Total time for which application threads were stopped: 0.0033960 seconds, Stopping threads took: 0.0000770 seconds
71.380: Application time: 0.0261580 seconds
71.380: [GC [PSYoungGen: 100336K->8064K(107520K)] 144850K->52578K(352768K), 0.0031150 secs] [Times: user=0.02 sys=0.00, real=0.00 secs] 
71.383: Total time for which application threads were stopped: 0.0032800 seconds, Stopping threads took: 0.0000690 seconds
71.417: Application time: 0.0342690 seconds
71.418: [GC [PSYoungGen: 100224K->10272K(107520K)] 144738K->54786K(352768K), 0.0038920 secs] [Times: user=0.03 sys=0.00, real=0.00 secs] 
71.422: Total time for which application threads were stopped: 0.0040960 seconds, Stopping threads took: 0.0001050 seconds
71.450: Application time: 0.0283860 seconds
71.450: [GC [PSYoungGen: 102432K->8080K(107520K)] 146946K->52650K(352768K), 0.0030870 secs] [Times: user=0.02 sys=0.00, real=0.00 secs] 
71.453: Total time for which application threads were stopped: 0.0032740 seconds, Stopping threads took: 0.0000920 seconds
71.487: Application time: 0.0341420 seconds
71.488: [GC [PSYoungGen: 100240K->9808K(107520K)] 144810K->54378K(352768K), 0.0038360 secs] [Times: user=0.02 sys=0.00, real=0.01 secs] 
71.491: Total time for which application threads were stopped: 0.0040100 seconds, Stopping threads took: 0.0000760 seconds
71.521: Application time: 0.0296670 seconds
71.521: [GC [PSYoungGen: 101968K->7968K(107520K)] 146538K->52586K(352768K), 0.0031020 secs] [Times: user=0.02 sys=0.00, real=0.00 secs] 
71.524: Total time for which application threads were stopped: 0.0032740 seconds, Stopping threads took: 0.0000720 seconds
71.554: Application time: 0.0298490 seconds
71.554: [GC [PSYoungGen: 100128K->10000K(107520K)] 144746K->54707K(352768K), 0.0038460 secs] [Times: user=0.02 sys=0.00, real=0.01 secs] 
71.558: Total time for which application threads were stopped: 0.0040390 seconds, Stopping threads took: 0.0000950 seconds
71.592: Application time: 0.0333160 seconds
71.592: [GC [PSYoungGen: 102160K->9552K(107520K)] 146867K->54315K(352768K), 0.0037440 secs] [Times: user=0.03 sys=0.00, real=0.00 secs] 
71.596: Total time for which application threads were stopped: 0.0039400 seconds, Stopping threads took: 0.0001000 seconds
71.622: Application time: 0.0268450 seconds
71.622: [GC [PSYoungGen: 101712K->7872K(107520K)] 146475K->52683K(352768K), 0.0031070 secs] [Times: user=0.02 sys=0.00, real=0.00 secs] 
71.626: Total time for which application threads were stopped: 0.0032950 seconds, Stopping threads took: 0.0000930 seconds
71.658: Application time: 0.0319670 seconds
71.660: [GC [PSYoungGen: 100032K->10096K(107520K)] 144843K->54955K(352768K), 0.0039670 secs] [Times: user=0.02 sys=0.00, real=0.00 secs] 
71.664: Total time for which application threads were stopped: 0.0068160 seconds, Stopping threads took: 0.0027470 seconds
71.695: Application time: 0.0301880 seconds
71.695: [GC [PSYoungGen: 102256K->7824K(107520K)] 147115K->52683K(352768K), 0.0030680 secs] [Times: user=0.02 sys=0.00, real=0.01 secs] 
71.698: Total time for which application threads were stopped: 0.0032380 seconds, Stopping threads took: 0.0000760 seconds
71.731: Application time: 0.0329760 seconds
71.731: [GC [PSYoungGen: 99984K->7968K(107520K)] 144843K->52883K(352768K), 0.0030590 secs] [Times: user=0.02 sys=0.00, real=0.00 secs] 
71.734: Total time for which application threads were stopped: 0.0032460 seconds, Stopping threads took: 0.0000910 seconds
71.765: Application time: 0.0305820 seconds
71.765: [GC [PSYoungGen: 100128K->7856K(107520K)] 145043K->52771K(352768K), 0.0031270 secs] [Times: user=0.01 sys=0.00, real=0.00 secs] 
71.768: Total time for which application threads were stopped: 0.0033070 seconds, Stopping threads took: 0.0000920 seconds
71.798: Application time: 0.0295590 seconds
71.798: [GC [PSYoungGen: 100016K->7440K(107520K)] 144931K->52355K(352768K), 0.0029570 secs] [Times: user=0.02 sys=0.00, real=0.00 secs] 
71.801: Total time for which application threads were stopped: 0.0031280 seconds, Stopping threads took: 0.0000800 seconds
71.834: Application time: 0.0331840 seconds
71.834: [GC [PSYoungGen: 99600K->8304K(107520K)] 144515K->53219K(352768K), 0.0031480 secs] [Times: user=0.01 sys=0.00, real=0.01 secs] 
71.837: Total time for which application threads were stopped: 0.0033580 seconds, Stopping threads took: 0.0000900 seconds
71.866: Application time: 0.0285780 seconds
71.866: [GC [PSYoungGen: 100464K->8064K(107520K)] 145379K->52979K(352768K), 0.0031710 secs] [Times: user=0.02 sys=0.00, real=0.01 secs] 
71.869: Total time for which application threads were stopped: 0.0033650 seconds, Stopping threads took: 0.0000990 seconds
71.896: Application time: 0.0270330 seconds
71.896: [GC [PSYoungGen: 100224K->7984K(107520K)] 145139K->52899K(352768K), 0.0032080 secs] [Times: user=0.02 sys=0.01, real=0.00 secs] 
71.900: Total time for which application threads were stopped: 0.0034090 seconds, Stopping threads took: 0.0001030 seconds
71.935: Application time: 0.0356770 seconds
71.935: [GC [PSYoungGen: 100144K->8896K(107520K)] 145059K->53811K(352768K), 0.0034390 secs] [Times: user=0.02 sys=0.00, real=0.01 secs] 
71.939: Total time for which application threads were stopped: 0.0036050 seconds, Stopping threads took: 0.0000680 seconds
71.966: Application time: 0.0272410 seconds
71.966: [GC [PSYoungGen: 101056K->8416K(107520K)] 145971K->53331K(352768K), 0.0033420 secs] [Times: user=0.02 sys=0.00, real=0.01 secs] 
71.970: Total time for which application threads were stopped: 0.0035360 seconds, Stopping threads took: 0.0000980 seconds
72.006: Application time: 0.0358750 seconds
72.006: [GC [PSYoungGen: 100576K->8288K(107520K)] 145491K->53203K(352768K), 0.0031980 secs] [Times: user=0.02 sys=0.00, real=0.01 secs] 
72.009: Total time for which application threads were stopped: 0.0033900 seconds, Stopping threads took: 0.0000940 seconds
72.037: Application time: 0.0283390 seconds
72.037: [GC [PSYoungGen: 100448K->7920K(107520K)] 145363K->52835K(352768K), 0.0030290 secs] [Times: user=0.03 sys=0.00, real=0.00 secs] 
72.040: Total time for which application threads were stopped: 0.0032030 seconds, Stopping threads took: 0.0000790 seconds
72.070: Application time: 0.0296260 seconds
72.070: [GC [PSYoungGen: 100080K->11536K(107520K)] 144995K->56451K(352768K), 0.0044900 secs] [Times: user=0.03 sys=0.00, real=0.00 secs] 
72.075: Total time for which application threads were stopped: 0.0046620 seconds, Stopping threads took: 0.0000730 seconds
72.108: Application time: 0.0327580 seconds
72.108: [GC [PSYoungGen: 103696K->9824K(107520K)] 148611K->54739K(352768K), 0.0037450 secs] [Times: user=0.02 sys=0.00, real=0.01 secs] 
72.111: Total time for which application threads were stopped: 0.0039010 seconds, Stopping threads took: 0.0000600 seconds
72.137: Application time: 0.0255630 seconds
72.137: [GC [PSYoungGen: 101984K->8160K(107520K)] 146899K->53075K(352768K), 0.0031790 secs] [Times: user=0.02 sys=0.00, real=0.00 secs] 
72.140: Total time for which application threads were stopped: 0.0033580 seconds, Stopping threads took: 0.0000850 seconds
72.175: Application time: 0.0350470 seconds
72.176: [GC [PSYoungGen: 100320K->11776K(107520K)] 145235K->56691K(352768K), 0.0045520 secs] [Times: user=0.03 sys=0.00, real=0.01 secs] 
72.180: Total time for which application threads were stopped: 0.0047310 seconds, Stopping threads took: 0.0000690 seconds
72.208: Application time: 0.0276780 seconds
72.208: [GC [PSYoungGen: 103936K->8384K(107520K)] 148851K->53299K(352768K), 0.0030470 secs] [Times: user=0.02 sys=0.00, real=0.01 secs] 
72.211: Total time for which application threads were stopped: 0.0032270 seconds, Stopping threads took: 0.0000830 seconds
72.247: Application time: 0.0358210 seconds
72.248: [GC [PSYoungGen: 100544K->8960K(107520K)] 145459K->53931K(352768K), 0.0033060 secs] [Times: user=0.02 sys=0.00, real=0.00 secs] 
72.252: Total time for which application threads were stopped: 0.0048530 seconds, Stopping threads took: 0.0014530 seconds
72.281: Application time: 0.0292860 seconds
72.281: [GC [PSYoungGen: 101120K->7920K(107520K)] 146091K->52939K(352768K), 0.0030580 secs] [Times: user=0.02 sys=0.00, real=0.00 secs] 
72.284: Total time for which application threads were stopped: 0.0032680 seconds, Stopping threads took: 0.0001080 seconds
72.314: Application time: 0.0301660 seconds
72.315: [GC [PSYoungGen: 100080K->8016K(107520K)] 145099K->53075K(352768K), 0.0031760 secs] [Times: user=0.02 sys=0.00, real=0.01 secs] 
72.318: Total time for which application threads were stopped: 0.0033630 seconds, Stopping threads took: 0.0000950 seconds
72.351: Application time: 0.0330820 seconds
72.352: [GC [PSYoungGen: 100176K->7984K(107520K)] 145235K->53127K(352768K), 0.0031330 secs] [Times: user=0.02 sys=0.01, real=0.00 secs] 
72.356: Total time for which application threads were stopped: 0.0046900 seconds, Stopping threads took: 0.0014470 seconds
72.383: Application time: 0.0269050 seconds
72.383: [GC [PSYoungGen: 100144K->8272K(107520K)] 145287K->53455K(352768K), 0.0032020 secs] [Times: user=0.03 sys=0.00, real=0.00 secs] 
72.386: Total time for which application threads were stopped: 0.0033920 seconds, Stopping threads took: 0.0000960 seconds
72.415: Application time: 0.0288810 seconds
72.415: [GC [PSYoungGen: 100432K->7776K(107520K)] 145615K->53015K(352768K), 0.0029900 secs] [Times: user=0.02 sys=0.00, real=0.01 secs] 
72.418: Total time for which application threads were stopped: 0.0031660 seconds, Stopping threads took: 0.0000820 seconds
72.453: Application time: 0.0346940 seconds
72.453: [GC [PSYoungGen: 99936K->7920K(107520K)] 145175K->53159K(352768K), 0.0030790 secs] [Times: user=0.02 sys=0.00, real=0.00 secs] 
72.456: Total time for which application threads were stopped: 0.0032700 seconds, Stopping threads took: 0.0000940 seconds
72.485: Application time: 0.0285970 seconds
72.485: [GC [PSYoungGen: 100080K->9232K(107520K)] 145319K->54519K(352768K), 0.0035560 secs] [Times: user=0.02 sys=0.00, real=0.00 secs] 
72.488: Total time for which application threads were stopped: 0.0037310 seconds, Stopping threads took: 0.0000790 seconds
72.524: Application time: 0.0354800 seconds
72.524: [GC [PSYoungGen: 101392K->7872K(107520K)] 146679K->53159K(352768K), 0.0030180 secs] [Times: user=0.02 sys=0.00, real=0.00 secs] 
72.527: Total time for which application threads were stopped: 0.0031860 seconds, Stopping threads took: 0.0000710 seconds
72.555: Application time: 0.0276180 seconds
72.555: [GC [PSYoungGen: 100032K->7744K(107520K)] 145319K->53031K(352768K), 0.0029540 secs] [Times: user=0.02 sys=0.00, real=0.01 secs] 
72.558: Total time for which application threads were stopped: 0.0031480 seconds, Stopping threads took: 0.0000990 seconds
72.590: Application time: 0.0327590 seconds
72.591: [GC [PSYoungGen: 99904K->8608K(107520K)] 145191K->53895K(352768K), 0.0032690 secs] [Times: user=0.02 sys=0.00, real=0.00 secs] 
72.594: Total time for which application threads were stopped: 0.0034520 seconds, Stopping threads took: 0.0000880 seconds
72.623: Application time: 0.0292920 seconds
72.623: [GC [PSYoungGen: 100768K->7696K(107520K)] 146055K->52983K(352768K), 0.0030010 secs] [Times: user=0.02 sys=0.00, real=0.00 secs] 
72.626: Total time for which application threads were stopped: 0.0031830 seconds, Stopping threads took: 0.0000870 seconds
72.653: Application time: 0.0261050 seconds
72.653: [GC [PSYoungGen: 99856K->7952K(107520K)] 145143K->53239K(352768K), 0.0030650 secs] [Times: user=0.03 sys=0.00, real=0.00 secs] 
72.656: Total time for which application threads were stopped: 0.0032400 seconds, Stopping threads took: 0.0000810 seconds
72.689: Application time: 0.0330780 seconds
72.692: [GC [PSYoungGen: 100112K->11872K(107520K)] 145399K->57159K(352768K), 0.0045670 secs] [Times: user=0.03 sys=0.00, real=0.01 secs] 
72.697: Total time for which application threads were stopped: 0.0081710 seconds, Stopping threads took: 0.0035040 seconds
72.726: Application time: 0.0288370 seconds
72.726: [GC [PSYoungGen: 104032K->7680K(107520K)] 149319K->52967K(352768K), 0.0029810 secs] [Times: user=0.02 sys=0.00, real=0.01 secs] 
72.729: Total time for which application threads were stopped: 0.0031840 seconds, Stopping threads took: 0.0001080 seconds
72.767: Application time: 0.0383320 seconds
72.768: [GC [PSYoungGen: 99840K->8240K(107520K)] 145127K->53527K(352768K), 0.0031650 secs] [Times: user=0.02 sys=0.00, real=0.01 secs] 
72.771: Total time for which application threads were stopped: 0.0033750 seconds, Stopping threads took: 0.0001130 seconds
72.798: Application time: 0.0273860 seconds
72.798: [GC [PSYoungGen: 100400K->7872K(107520K)] 145687K->53159K(352768K), 0.0031610 secs] [Times: user=0.02 sys=0.00, real=0.00 secs] 
72.801: Total time for which application threads were stopped: 0.0033640 seconds, Stopping threads took: 0.0001060 seconds
72.832: Application time: 0.0309360 seconds
72.833: [GC [PSYoungGen: 100032K->9904K(107520K)] 145319K->55191K(352768K), 0.0038920 secs] [Times: user=0.03 sys=0.00, real=0.01 secs] 
72.837: Total time for which application threads were stopped: 0.0040690 seconds, Stopping threads took: 0.0000790 seconds
72.868: Application time: 0.0316270 seconds
72.868: [GC [PSYoungGen: 102064K->8176K(107520K)] 147351K->53463K(352768K), 0.0031050 secs] [Times: user=0.02 sys=0.00, real=0.00 secs] 
72.871: Total time for which application threads were stopped: 0.0033320 seconds, Stopping threads took: 0.0001070 seconds
72.898: Application time: 0.0263280 seconds
72.898: [GC [PSYoungGen: 100336K->9712K(107520K)] 145623K->54999K(352768K), 0.0037650 secs] [Times: user=0.02 sys=0.00, real=0.00 secs] 
72.902: Total time for which application threads were stopped: 0.0039500 seconds, Stopping threads took: 0.0000880 seconds
72.931: Application time: 0.0292770 seconds
72.931: [GC [PSYoungGen: 101872K->9408K(107520K)] 147159K->54695K(352768K), 0.0035230 secs] [Times: user=0.02 sys=0.00, real=0.00 secs] 
72.935: Total time for which application threads were stopped: 0.0037150 seconds, Stopping threads took: 0.0000930 seconds
72.968: Application time: 0.0333020 seconds
72.968: [GC [PSYoungGen: 101568K->8016K(107520K)] 146855K->53303K(352768K), 0.0030590 secs] [Times: user=0.02 sys=0.01, real=0.01 secs] 
72.971: Total time for which application threads were stopped: 0.0032390 seconds, Stopping threads took: 0.0000830 seconds
73.004: Application time: 0.0322760 seconds
73.004: [GC [PSYoungGen: 100176K->9552K(107520K)] 145463K->54895K(352768K), 0.0037850 secs] [Times: user=0.03 sys=0.00, real=0.00 secs] 
73.008: Total time for which application threads were stopped: 0.0039810 seconds, Stopping threads took: 0.0001000 seconds
73.040: Application time: 0.0326170 seconds
73.040: [GC [PSYoungGen: 101712K->7952K(107520K)] 147055K->53351K(352768K), 0.0031080 secs] [Times: user=0.02 sys=0.00, real=0.00 secs] 
73.043: Total time for which application threads were stopped: 0.0033150 seconds, Stopping threads took: 0.0001060 seconds
73.073: Application time: 0.0296040 seconds
73.073: [GC [PSYoungGen: 100112K->7552K(107520K)] 145511K->52951K(352768K), 0.0030300 secs] [Times: user=0.01 sys=0.00, real=0.00 secs] 
73.076: Total time for which application threads were stopped: 0.0032050 seconds, Stopping threads took: 0.0000690 seconds
73.111: Application time: 0.0342370 seconds
73.111: [GC [PSYoungGen: 99712K->7584K(107520K)] 145111K->53099K(352768K), 0.0030070 secs] [Times: user=0.02 sys=0.00, real=0.00 secs] 
73.114: Total time for which application threads were stopped: 0.0032130 seconds, Stopping threads took: 0.0001040 seconds
73.142: Application time: 0.0287220 seconds
73.143: [GC [PSYoungGen: 99744K->9392K(107520K)] 145259K->54955K(352768K), 0.0036640 secs] [Times: user=0.03 sys=0.00, real=0.00 secs] 
73.146: Total time for which application threads were stopped: 0.0038470 seconds, Stopping threads took: 0.0000850 seconds
73.172: Application time: 0.0259210 seconds
73.172: [GC [PSYoungGen: 101552K->7920K(107520K)] 147115K->53531K(352768K), 0.0030070 secs] [Times: user=0.02 sys=0.00, real=0.00 secs] 
73.175: Total time for which application threads were stopped: 0.0032030 seconds, Stopping threads took: 0.0001010 seconds
73.210: Application time: 0.0345160 seconds
73.210: [GC [PSYoungGen: 100080K->10176K(107520K)] 145691K->55787K(352768K), 0.0038000 secs] [Times: user=0.03 sys=0.00, real=0.00 secs] 
73.214: Total time for which application threads were stopped: 0.0039780 seconds, Stopping threads took: 0.0000810 seconds
73.243: Application time: 0.0294690 seconds
73.244: [GC [PSYoungGen: 102336K->8016K(107520K)] 147947K->53691K(352768K), 0.0046850 secs] [Times: user=0.02 sys=0.00, real=0.00 secs] 
73.248: Total time for which application threads were stopped: 0.0048690 seconds, Stopping threads took: 0.0000830 seconds
73.284: Application time: 0.0359130 seconds
73.284: [GC [PSYoungGen: 100176K->9488K(107520K)] 145851K->55163K(352768K), 0.0037440 secs] [Times: user=0.03 sys=0.00, real=0.00 secs] 
73.288: Total time for which application threads were stopped: 0.0039200 seconds, Stopping threads took: 0.0000700 seconds
73.318: Application time: 0.0299410 seconds
73.318: [GC [PSYoungGen: 101648K->7792K(107520K)] 147323K->53467K(352768K), 0.0030230 secs] [Times: user=0.02 sys=0.00, real=0.00 secs] 
73.321: Total time for which application threads were stopped: 0.0032050 seconds, Stopping threads took: 0.0000890 seconds
73.350: Application time: 0.0289930 seconds
73.350: [GC [PSYoungGen: 99952K->10160K(107520K)] 145627K->55835K(352768K), 0.0038840 secs] [Times: user=0.03 sys=0.00, real=0.00 secs] 
73.354: Total time for which application threads were stopped: 0.0040620 seconds, Stopping threads took: 0.0000800 seconds
73.387: Application time: 0.0325570 seconds
73.387: [GC [PSYoungGen: 102320K->7904K(107520K)] 147995K->53579K(352768K), 0.0031780 secs] [Times: user=0.02 sys=0.00, real=0.01 secs] 
73.390: Total time for which application threads were stopped: 0.0033860 seconds, Stopping threads took: 0.0000960 seconds
73.416: Application time: 0.0252250 seconds
73.416: [GC [PSYoungGen: 100064K->8160K(107520K)] 145739K->53835K(352768K), 0.0031630 secs] [Times: user=0.03 sys=0.00, real=0.01 secs] 
73.419: Total time for which application threads were stopped: 0.0033360 seconds, Stopping threads took: 0.0000740 seconds
73.450: Application time: 0.0306820 seconds
73.450: [GC [PSYoungGen: 100320K->9920K(107520K)] 145995K->55595K(352768K), 0.0037920 secs] [Times: user=0.02 sys=0.00, real=0.00 secs] 
73.454: Total time for which application threads were stopped: 0.0039680 seconds, Stopping threads took: 0.0000800 seconds
73.488: Application time: 0.0349410 seconds
73.489: [GC [PSYoungGen: 102080K->10016K(107520K)] 147755K->55691K(352768K), 0.0037450 secs] [Times: user=0.03 sys=0.00, real=0.00 secs] 
73.492: Total time for which application threads were stopped: 0.0039020 seconds, Stopping threads took: 0.0000580 seconds
73.524: Application time: 0.0313460 seconds
73.524: [GC [PSYoungGen: 102176K->7984K(107520K)] 147851K->53659K(352768K), 0.0031050 secs] [Times: user=0.02 sys=0.00, real=0.00 secs] 
73.527: Total time for which application threads were stopped: 0.0033080 seconds, Stopping threads took: 0.0001050 seconds
73.560: Application time: 0.0328650 seconds
73.560: [GC [PSYoungGen: 100144K->8176K(107520K)] 145819K->53851K(352768K), 0.0032610 secs] [Times: user=0.02 sys=0.00, real=0.00 secs] 
73.563: Total time for which application threads were stopped: 0.0034440 seconds, Stopping threads took: 0.0000880 seconds
73.592: Application time: 0.0282650 seconds
73.592: [GC [PSYoungGen: 100336K->7728K(107520K)] 146011K->53403K(352768K), 0.0030730 secs] [Times: user=0.02 sys=0.00, real=0.00 secs] 
73.595: Total time for which application threads were stopped: 0.0032750 seconds, Stopping threads took: 0.0001070 seconds
73.626: Application time: 0.0312850 seconds
73.626: [GC [PSYoungGen: 99888K->8144K(107520K)] 145563K->53819K(352768K), 0.0032090 secs] [Times: user=0.02 sys=0.00, real=0.01 secs] 
73.630: Total time for which application threads were stopped: 0.0033930 seconds, Stopping threads took: 0.0000880 seconds
73.658: Application time: 0.0283310 seconds
73.658: [GC [PSYoungGen: 100304K->9600K(107520K)] 145979K->55275K(352768K), 0.0038160 secs] [Times: user=0.02 sys=0.00, real=0.00 secs] 
73.662: Total time for which application threads were stopped: 0.0039980 seconds, Stopping threads took: 0.0000850 seconds
73.688: Application time: 0.0262110 seconds
73.688: [GC [PSYoungGen: 101760K->8368K(107520K)] 147435K->54043K(352768K), 0.0031780 secs] [Times: user=0.02 sys=0.00, real=0.01 secs] 
73.691: Total time for which application threads were stopped: 0.0033470 seconds, Stopping threads took: 0.0000710 seconds
73.729: Application time: 0.0370610 seconds
73.729: [GC [PSYoungGen: 100528K->9984K(107520K)] 146203K->55659K(352768K), 0.0038640 secs] [Times: user=0.02 sys=0.00, real=0.00 secs] 
73.733: Total time for which application threads were stopped: 0.0040430 seconds, Stopping threads took: 0.0000830 seconds
73.761: Application time: 0.0289250 seconds
73.762: [GC [PSYoungGen: 102144K->8032K(107520K)] 147819K->53763K(352768K), 0.0031120 secs] [Times: user=0.02 sys=0.00, real=0.00 secs] 
73.765: Total time for which application threads were stopped: 0.0033000 seconds, Stopping threads took: 0.0000910 seconds
73.800: Application time: 0.0356890 seconds
73.801: [GC [PSYoungGen: 100192K->9712K(107520K)] 145923K->55443K(352768K), 0.0037210 secs] [Times: user=0.02 sys=0.00, real=0.00 secs] 
73.804: Total time for which application threads were stopped: 0.0039040 seconds, Stopping threads took: 0.0000850 seconds
73.833: Application time: 0.0286780 seconds
73.833: [GC [PSYoungGen: 101872K->7760K(107520K)] 147603K->53547K(352768K), 0.0030980 secs] [Times: user=0.02 sys=0.00, real=0.01 secs] 
73.836: Total time for which application threads were stopped: 0.0032820 seconds, Stopping threads took: 0.0000920 seconds
73.865: Application time: 0.0289020 seconds
73.865: [GC [PSYoungGen: 99920K->10208K(107520K)] 145707K->56111K(352768K), 0.0039470 secs] [Times: user=0.02 sys=0.00, real=0.01 secs] 
73.869: Total time for which application threads were stopped: 0.0041170 seconds, Stopping threads took: 0.0000740 seconds
73.901: Application time: 0.0312990 seconds
73.901: [GC [PSYoungGen: 102368K->7840K(107520K)] 148271K->53799K(352768K), 0.0030580 secs] [Times: user=0.03 sys=0.00, real=0.00 secs] 
73.904: Total time for which application threads were stopped: 0.0032600 seconds, Stopping threads took: 0.0000900 seconds
73.929: Application time: 0.0251460 seconds
73.929: [GC [PSYoungGen: 100000K->8288K(107520K)] 145959K->54247K(352768K), 0.0032290 secs] [Times: user=0.01 sys=0.00, real=0.00 secs] 
73.932: Total time for which application threads were stopped: 0.0033950 seconds, Stopping threads took: 0.0000700 seconds
73.965: Application time: 0.0328470 seconds
73.965: [GC [PSYoungGen: 100448K->11008K(107520K)] 146407K->57023K(352768K), 0.0043510 secs] [Times: user=0.03 sys=0.00, real=0.01 secs] 
73.970: Total time for which application threads were stopped: 0.0045290 seconds, Stopping threads took: 0.0000810 seconds
74.005: Application time: 0.0353280 seconds
74.005: [GC [PSYoungGen: 103168K->7760K(107520K)] 149183K->53775K(352768K), 0.0029480 secs] [Times: user=0.02 sys=0.00, real=0.00 secs] 
74.008: Total time for which application threads were stopped: 0.0030840 seconds, Stopping threads took: 0.0000430 seconds
74.040: Application time: 0.0315240 seconds
74.040: [GC [PSYoungGen: 99920K->7520K(107520K)] 145935K->53599K(352768K), 0.0029580 secs] [Times: user=0.02 sys=0.00, real=0.00 secs] 
74.043: Total time for which application threads were stopped: 0.0031630 seconds, Stopping threads took: 0.0001050 seconds
74.076: Application time: 0.0330910 seconds
74.076: [GC [PSYoungGen: 99680K->7936K(107520K)] 145759K->54015K(352768K), 0.0030750 secs] [Times: user=0.02 sys=0.00, real=0.01 secs] 
74.079: Total time for which application threads were stopped: 0.0032650 seconds, Stopping threads took: 0.0000960 seconds
74.105: Application time: 0.0256280 seconds
74.105: [GC [PSYoungGen: 100096K->7584K(107520K)] 146175K->53663K(352768K), 0.0029350 secs] [Times: user=0.02 sys=0.00, real=0.00 secs] 
74.108: Total time for which application threads were stopped: 0.0031200 seconds, Stopping threads took: 0.0000900 seconds
74.141: Application time: 0.0332970 seconds
74.142: [GC [PSYoungGen: 99744K->8224K(107520K)] 145823K->54303K(352768K), 0.0031830 secs] [Times: user=0.02 sys=0.00, real=0.00 secs] 
74.145: Total time for which application threads were stopped: 0.0033540 seconds, Stopping threads took: 0.0000720 seconds
74.170: Application time: 0.0248220 seconds
74.170: [GC [PSYoungGen: 100382K->9424K(107520K)] 146461K->55503K(352768K), 0.0037610 secs] [Times: user=0.02 sys=0.00, real=0.00 secs] 
74.174: Total time for which application threads were stopped: 0.0039340 seconds, Stopping threads took: 0.0000760 seconds
74.202: Application time: 0.0280450 seconds
74.202: [GC [PSYoungGen: 101584K->9840K(107520K)] 147663K->55919K(352768K), 0.0037640 secs] [Times: user=0.02 sys=0.00, real=0.00 secs] 
74.205: Total time for which application threads were stopped: 0.0039440 seconds, Stopping threads took: 0.0000850 seconds
74.246: Application time: 0.0401150 seconds
74.246: [GC [PSYoungGen: 102000K->8288K(107520K)] 148079K->54367K(352768K), 0.0033410 secs] [Times: user=0.02 sys=0.00, real=0.01 secs] 
74.249: Total time for which application threads were stopped: 0.0035650 seconds, Stopping threads took: 0.0001110 seconds
74.277: Application time: 0.0277280 seconds
74.277: [GC [PSYoungGen: 100448K->7904K(107520K)] 146527K->53983K(352768K), 0.0030930 secs] [Times: user=0.02 sys=0.00, real=0.00 secs] 
74.280: Total time for which application threads were stopped: 0.0032570 seconds, Stopping threads took: 0.0000690 seconds
74.317: Application time: 0.0364830 seconds
74.317: [GC [PSYoungGen: 100064K->9712K(107520K)] 146143K->55791K(352768K), 0.0036270 secs] [Times: user=0.02 sys=0.00, real=0.00 secs] 
74.320: Total time for which application threads were stopped: 0.0037990 seconds, Stopping threads took: 0.0000790 seconds
74.348: Application time: 0.0279140 seconds
74.348: [GC [PSYoungGen: 101872K->8208K(107520K)] 147951K->54288K(352768K), 0.0031550 secs] [Times: user=0.01 sys=0.00, real=0.00 secs] 
74.352: Total time for which application threads were stopped: 0.0033020 seconds, Stopping threads took: 0.0000550 seconds
74.380: Application time: 0.0285260 seconds
74.380: [GC [PSYoungGen: 100368K->11504K(107520K)] 146448K->57583K(352768K), 0.0044880 secs] [Times: user=0.03 sys=0.00, real=0.00 secs] 
74.385: Total time for which application threads were stopped: 0.0046660 seconds, Stopping threads took: 0.0000690 seconds
74.415: Application time: 0.0300430 seconds
74.415: [GC [PSYoungGen: 103664K->7744K(107520K)] 149743K->53823K(352768K), 0.0029400 secs] [Times: user=0.03 sys=0.00, real=0.01 secs] 
74.418: Total time for which application threads were stopped: 0.0031370 seconds, Stopping threads took: 0.0000880 seconds
74.444: Application time: 0.0259520 seconds
74.444: [GC [PSYoungGen: 99904K->8784K(107520K)] 145983K->54864K(352768K), 0.0032810 secs] [Times: user=0.02 sys=0.00, real=0.00 secs] 
74.447: Total time for which application threads were stopped: 0.0034800 seconds, Stopping threads took: 0.0001010 seconds
74.482: Application time: 0.0346630 seconds
74.482: [GC [PSYoungGen: 100944K->13232K(107520K)] 147024K->59311K(352768K), 0.0051390 secs] [Times: user=0.03 sys=0.00, real=0.00 secs] 
74.487: Total time for which application threads were stopped: 0.0053160 seconds, Stopping threads took: 0.0000780 seconds
74.521: Application time: 0.0337990 seconds
74.521: [GC [PSYoungGen: 105392K->8064K(107520K)] 151471K->54143K(352768K), 0.0031240 secs] [Times: user=0.03 sys=0.00, real=0.00 secs] 
74.525: Total time for which application threads were stopped: 0.0033010 seconds, Stopping threads took: 0.0000810 seconds
74.558: Application time: 0.0331890 seconds
74.558: [GC [PSYoungGen: 100224K->7824K(107520K)] 146303K->53951K(352768K), 0.0031590 secs] [Times: user=0.02 sys=0.00, real=0.00 secs] 
74.561: Total time for which application threads were stopped: 0.0033470 seconds, Stopping threads took: 0.0000940 seconds
74.592: Application time: 0.0303930 seconds
74.592: [GC [PSYoungGen: 99984K->7920K(107520K)] 146111K->54095K(352768K), 0.0030800 secs] [Times: user=0.02 sys=0.00, real=0.00 secs] 
74.595: Total time for which application threads were stopped: 0.0032570 seconds, Stopping threads took: 0.0000800 seconds
74.621: Application time: 0.0264110 seconds
74.621: [GC [PSYoungGen: 100080K->8048K(107520K)] 146255K->54280K(352768K), 0.0029840 secs] [Times: user=0.02 sys=0.01, real=0.00 secs] 
74.624: Total time for which application threads were stopped: 0.0031410 seconds, Stopping threads took: 0.0000550 seconds
74.656: Application time: 0.0318770 seconds
74.656: [GC [PSYoungGen: 100208K->7952K(107520K)] 146440K->54296K(352768K), 0.0031030 secs] [Times: user=0.02 sys=0.00, real=0.00 secs] 
74.659: Total time for which application threads were stopped: 0.0032860 seconds, Stopping threads took: 0.0000900 seconds
74.685: Application time: 0.0257640 seconds
74.685: [GC [PSYoungGen: 100112K->7696K(107520K)] 146456K->54040K(352768K), 0.0029830 secs] [Times: user=0.01 sys=0.00, real=0.01 secs] 
74.688: Total time for which application threads were stopped: 0.0031580 seconds, Stopping threads took: 0.0000840 seconds
74.719: Application time: 0.0304180 seconds
74.719: [GC [PSYoungGen: 99856K->8096K(107520K)] 146200K->54488K(352768K), 0.0032020 secs] [Times: user=0.02 sys=0.00, real=0.00 secs] 
74.722: Total time for which application threads were stopped: 0.0033820 seconds, Stopping threads took: 0.0000850 seconds
74.760: Application time: 0.0382030 seconds
74.761: [GC [PSYoungGen: 100256K->7872K(107520K)] 146648K->54264K(352768K), 0.0030190 secs] [Times: user=0.02 sys=0.00, real=0.00 secs] 
74.764: Total time for which application threads were stopped: 0.0031970 seconds, Stopping threads took: 0.0000860 seconds
74.793: Application time: 0.0292050 seconds
74.793: [GC [PSYoungGen: 100032K->7808K(107520K)] 146424K->54256K(352768K), 0.0031720 secs] [Times: user=0.02 sys=0.00, real=0.00 secs] 
74.796: Total time for which application threads were stopped: 0.0033680 seconds, Stopping threads took: 0.0000990 seconds
74.830: Application time: 0.0336660 seconds
74.830: [GC [PSYoungGen: 99968K->9552K(107520K)] 146416K->56000K(352768K), 0.0037030 secs] [Times: user=0.02 sys=0.00, real=0.00 secs] 
74.834: Total time for which application threads were stopped: 0.0038710 seconds, Stopping threads took: 0.0000680 seconds
74.862: Application time: 0.0279860 seconds
74.862: [GC [PSYoungGen: 101712K->7920K(107520K)] 148160K->54368K(352768K), 0.0030910 secs] [Times: user=0.02 sys=0.00, real=0.00 secs] 
74.865: Total time for which application threads were stopped: 0.0032570 seconds, Stopping threads took: 0.0000700 seconds
74.894: Application time: 0.0288750 seconds
74.894: [GC [PSYoungGen: 100080K->11472K(107520K)] 146528K->57920K(352768K), 0.0044600 secs] [Times: user=0.03 sys=0.00, real=0.01 secs] 
74.898: Total time for which application threads were stopped: 0.0046270 seconds, Stopping threads took: 0.0000700 seconds
74.927: Application time: 0.0283920 seconds
74.927: [GC [PSYoungGen: 103632K->8144K(107520K)] 150080K->54592K(352768K), 0.0030870 secs] [Times: user=0.02 sys=0.00, real=0.01 secs] 
74.930: Total time for which application threads were stopped: 0.0032780 seconds, Stopping threads took: 0.0000760 seconds
74.957: Application time: 0.0268540 seconds
74.957: [GC [PSYoungGen: 100304K->10384K(107520K)] 146752K->56832K(352768K), 0.0039390 secs] [Times: user=0.03 sys=0.00, real=0.00 secs] 
74.961: Total time for which application threads were stopped: 0.0041120 seconds, Stopping threads took: 0.0000660 seconds
74.999: Application time: 0.0381680 seconds
74.999: [GC [PSYoungGen: 102544K->8784K(107520K)] 148992K->55232K(352768K), 0.0033360 secs] [Times: user=0.02 sys=0.00, real=0.00 secs] 
75.003: Total time for which application threads were stopped: 0.0035290 seconds, Stopping threads took: 0.0000960 seconds
75.033: Application time: 0.0303720 seconds
75.036: [GC [PSYoungGen: 100944K->7552K(107520K)] 147392K->54000K(352768K), 0.0029020 secs] [Times: user=0.02 sys=0.00, real=0.00 secs] 
75.039: Total time for which application threads were stopped: 0.0061230 seconds, Stopping threads took: 0.0031260 seconds
75.074: Application time: 0.0341940 seconds
75.074: [GC [PSYoungGen: 99712K->8272K(107520K)] 146160K->54720K(352768K), 0.0032090 secs] [Times: user=0.02 sys=0.00, real=0.01 secs] 
75.077: Total time for which application threads were stopped: 0.0034060 seconds, Stopping threads took: 0.0000990 seconds
75.106: Application time: 0.0286450 seconds
75.106: [GC [PSYoungGen: 100432K->8352K(107520K)] 146880K->54800K(352768K), 0.0031510 secs] [Times: user=0.02 sys=0.00, real=0.01 secs] 
75.109: Total time for which application threads were stopped: 0.0033490 seconds, Stopping threads took: 0.0001060 seconds
75.136: Application time: 0.0270150 seconds
75.136: [GC [PSYoungGen: 100512K->7728K(107520K)] 146960K->54176K(352768K), 0.0029850 secs] [Times: user=0.02 sys=0.00, real=0.01 secs] 
75.139: Total time for which application threads were stopped: 0.0031810 seconds, Stopping threads took: 0.0000980 seconds
75.170: Application time: 0.0308530 seconds
75.170: [GC [PSYoungGen: 99888K->8544K(107520K)] 146336K->54992K(352768K), 0.0031640 secs] [Times: user=0.02 sys=0.00, real=0.00 secs] 
75.173: Total time for which application threads were stopped: 0.0033470 seconds, Stopping threads took: 0.0000880 seconds
75.198: Application time: 0.0243140 seconds
75.200: [GC [PSYoungGen: 100704K->9184K(107520K)] 147152K->55632K(352768K), 0.0035520 secs] [Times: user=0.02 sys=0.00, real=0.00 secs] 
75.204: Total time for which application threads were stopped: 0.0063260 seconds, Stopping threads took: 0.0026780 seconds
75.238: Application time: 0.0342940 seconds
75.238: [GC [PSYoungGen: 101344K->11088K(107520K)] 147792K->57536K(352768K), 0.0041720 secs] [Times: user=0.03 sys=0.00, real=0.00 secs] 
75.243: Total time for which application threads were stopped: 0.0043440 seconds, Stopping threads took: 0.0000750 seconds
75.280: Application time: 0.0372860 seconds
75.280: [GC [PSYoungGen: 103248K->8128K(107520K)] 149696K->54576K(352768K), 0.0030880 secs] [Times: user=0.02 sys=0.00, real=0.00 secs] 
75.283: Total time for which application threads were stopped: 0.0032780 seconds, Stopping threads took: 0.0000940 seconds
75.314: Application time: 0.0306110 seconds
75.314: [GC [PSYoungGen: 100288K->7808K(107520K)] 146736K->54312K(352768K), 0.0031160 secs] [Times: user=0.02 sys=0.00, real=0.01 secs] 
75.317: Total time for which application threads were stopped: 0.0032890 seconds, Stopping threads took: 0.0000770 seconds
75.350: Application time: 0.0328140 seconds
75.350: [GC [PSYoungGen: 99968K->9472K(107520K)] 146472K->55976K(352768K), 0.0038180 secs] [Times: user=0.03 sys=0.00, real=0.00 secs] 
75.354: Total time for which application threads were stopped: 0.0040370 seconds, Stopping threads took: 0.0001210 seconds
75.380: Application time: 0.0261160 seconds
75.380: [GC [PSYoungGen: 101632K->7824K(107520K)] 148136K->54400K(352768K), 0.0031580 secs] [Times: user=0.01 sys=0.00, real=0.00 secs] 
75.383: Total time for which application threads were stopped: 0.0033540 seconds, Stopping threads took: 0.0000980 seconds
75.413: Application time: 0.0291450 seconds
75.413: [GC [PSYoungGen: 99984K->11360K(107520K)] 146560K->58052K(352768K), 0.0045630 secs] [Times: user=0.03 sys=0.00, real=0.01 secs] 
75.417: Total time for which application threads were stopped: 0.0047420 seconds, Stopping threads took: 0.0000790 seconds
75.445: Application time: 0.0278130 seconds
75.448: [GC [PSYoungGen: 103520K->7600K(107520K)] 150212K->54292K(352768K), 0.0029300 secs] [Times: user=0.02 sys=0.00, real=0.00 secs] 
75.451: Total time for which application threads were stopped: 0.0062310 seconds, Stopping threads took: 0.0031920 seconds
75.481: Application time: 0.0296070 seconds
75.484: [GC [PSYoungGen: 99760K->8384K(107520K)] 146452K->55076K(352768K), 0.0031630 secs] [Times: user=0.02 sys=0.00, real=0.00 secs] 
75.488: Total time for which application threads were stopped: 0.0066650 seconds, Stopping threads took: 0.0034060 seconds
75.526: Application time: 0.0380820 seconds
75.526: [GC [PSYoungGen: 100544K->7840K(107520K)] 147236K->54596K(352768K), 0.0031060 secs] [Times: user=0.02 sys=0.00, real=0.01 secs] 
75.529: Total time for which application threads were stopped: 0.0032980 seconds, Stopping threads took: 0.0000960 seconds
75.560: Application time: 0.0307040 seconds
75.560: [GC [PSYoungGen: 100000K->7456K(107520K)] 146756K->54212K(352768K), 0.0029890 secs] [Times: user=0.02 sys=0.00, real=0.00 secs] 
75.563: Total time for which application threads were stopped: 0.0031810 seconds, Stopping threads took: 0.0000950 seconds
75.597: Application time: 0.0339390 seconds
75.597: [GC [PSYoungGen: 99616K->7696K(107520K)] 146372K->54500K(352768K), 0.0029130 secs] [Times: user=0.02 sys=0.00, real=0.00 secs] 
75.600: Total time for which application threads were stopped: 0.0030860 seconds, Stopping threads took: 0.0000790 seconds
75.628: Application time: 0.0280260 seconds
75.628: [GC [PSYoungGen: 99856K->8192K(107520K)] 146660K->54996K(352768K), 0.0031260 secs] [Times: user=0.02 sys=0.00, real=0.01 secs] 
75.631: Total time for which application threads were stopped: 0.0033290 seconds, Stopping threads took: 0.0001050 seconds
75.660: Application time: 0.0283090 seconds
75.660: [GC [PSYoungGen: 100352K->8096K(107520K)] 147156K->54900K(352768K), 0.0031320 secs] [Times: user=0.02 sys=0.00, real=0.00 secs] 
75.663: Total time for which application threads were stopped: 0.0033150 seconds, Stopping threads took: 0.0000850 seconds
75.692: Application time: 0.0290330 seconds
75.692: [GC [PSYoungGen: 100256K->8112K(107520K)] 147060K->54916K(352768K), 0.0030910 secs] [Times: user=0.02 sys=0.00, real=0.00 secs] 
75.695: Total time for which application threads were stopped: 0.0032940 seconds, Stopping threads took: 0.0001040 seconds
75.720: Application time: 0.0244160 seconds
75.720: [GC [PSYoungGen: 100272K->11216K(107520K)] 147076K->58020K(352768K), 0.0043670 secs] [Times: user=0.03 sys=0.00, real=0.00 secs] 
75.724: Total time for which application threads were stopped: 0.0045590 seconds, Stopping threads took: 0.0000930 seconds
75.760: Application time: 0.0357810 seconds
75.760: [GC [PSYoungGen: 103376K->13216K(107520K)] 150180K->60020K(352768K), 0.0050370 secs] [Times: user=0.04 sys=0.00, real=0.00 secs] 
75.765: Total time for which application threads were stopped: 0.0052350 seconds, Stopping threads took: 0.0001000 seconds
75.802: Application time: 0.0365340 seconds
75.802: [GC [PSYoungGen: 105376K->8000K(107520K)] 152180K->54804K(352768K), 0.0030830 secs] [Times: user=0.02 sys=0.00, real=0.00 secs] 
75.805: Total time for which application threads were stopped: 0.0032640 seconds, Stopping threads took: 0.0000870 seconds
75.837: Application time: 0.0316090 seconds
75.837: [GC [PSYoungGen: 100160K->7968K(107520K)] 146964K->54772K(352768K), 0.0031320 secs] [Times: user=0.03 sys=0.00, real=0.00 secs] 
75.840: Total time for which application threads were stopped: 0.0035130 seconds, Stopping threads took: 0.0002850 seconds
75.873: Application time: 0.0330410 seconds
75.873: [GC [PSYoungGen: 100128K->9712K(107520K)] 146932K->56516K(352768K), 0.0037390 secs] [Times: user=0.02 sys=0.00, real=0.01 secs] 
75.877: Total time for which application threads were stopped: 0.0039160 seconds, Stopping threads took: 0.0000760 seconds
75.903: Application time: 0.0254620 seconds
75.903: [GC [PSYoungGen: 101872K->8032K(107520K)] 148676K->54836K(352768K), 0.0031040 secs] [Times: user=0.02 sys=0.00, real=0.00 secs] 
75.906: Total time for which application threads were stopped: 0.0032830 seconds, Stopping threads took: 0.0000750 seconds
75.934: Application time: 0.0284170 seconds
75.934: [GC [PSYoungGen: 100192K->11552K(107520K)] 146996K->58356K(352768K), 0.0044870 secs] [Times: user=0.03 sys=0.00, real=0.01 secs] 
75.939: Total time for which application threads were stopped: 0.0046800 seconds, Stopping threads took: 0.0000950 seconds
75.968: Application time: 0.0286320 seconds
75.968: [GC [PSYoungGen: 103712K->9632K(107520K)] 150516K->56436K(352768K), 0.0036220 secs] [Times: user=0.03 sys=0.00, real=0.01 secs] 
75.971: Total time for which application threads were stopped: 0.0038410 seconds, Stopping threads took: 0.0001010 seconds
76.002: Application time: 0.0307730 seconds
76.002: [GC [PSYoungGen: 101792K->9968K(107520K)] 148596K->56772K(352768K), 0.0038030 secs] [Times: user=0.02 sys=0.00, real=0.00 secs] 
76.006: Total time for which application threads were stopped: 0.0039920 seconds, Stopping threads took: 0.0000900 seconds
76.047: Application time: 0.0407830 seconds
76.048: [GC [PSYoungGen: 102128K->8224K(107520K)] 148932K->55028K(352768K), 0.0033090 secs] [Times: user=0.02 sys=0.00, real=0.00 secs] 
76.052: Total time for which application threads were stopped: 0.0047090 seconds, Stopping threads took: 0.0013180 seconds
76.088: Application time: 0.0363930 seconds
76.088: [GC [PSYoungGen: 100384K->7584K(107520K)] 147188K->54436K(352768K), 0.0031500 secs] [Times: user=0.02 sys=0.00, real=0.00 secs] 
76.092: Total time for which application threads were stopped: 0.0033810 seconds, Stopping threads took: 0.0001350 seconds
76.128: Application time: 0.0365440 seconds
76.128: [GC [PSYoungGen: 99744K->9552K(107520K)] 146596K->56404K(352768K), 0.0041680 secs] [Times: user=0.03 sys=0.00, real=0.01 secs] 
76.132: Total time for which application threads were stopped: 0.0043730 seconds, Stopping threads took: 0.0001100 seconds
76.164: Application time: 0.0318790 seconds
76.164: [GC [PSYoungGen: 101712K->7872K(107520K)] 148564K->54820K(352768K), 0.0031040 secs] [Times: user=0.02 sys=0.00, real=0.00 secs] 
76.168: Total time for which application threads were stopped: 0.0032710 seconds, Stopping threads took: 0.0000710 seconds
76.192: Application time: 0.0246640 seconds
76.192: [GC [PSYoungGen: 100032K->7744K(107520K)] 146980K->54824K(352768K), 0.0030090 secs] [Times: user=0.02 sys=0.00, real=0.00 secs] 
76.195: Total time for which application threads were stopped: 0.0032140 seconds, Stopping threads took: 0.0001040 seconds
76.224: Application time: 0.0282230 seconds
76.224: [GC [PSYoungGen: 99904K->10016K(107520K)] 146984K->57096K(352768K), 0.0038230 secs] [Times: user=0.03 sys=0.00, real=0.00 secs] 
76.228: Total time for which application threads were stopped: 0.0040290 seconds, Stopping threads took: 0.0001060 seconds
76.262: Application time: 0.0339530 seconds
76.262: [GC [PSYoungGen: 102176K->8480K(107520K)] 149256K->55560K(352768K), 0.0032820 secs] [Times: user=0.01 sys=0.00, real=0.00 secs] 
76.265: Total time for which application threads were stopped: 0.0034390 seconds, Stopping threads took: 0.0000610 seconds
76.294: Application time: 0.0293380 seconds
76.295: [GC [PSYoungGen: 100640K->9344K(107520K)] 147720K->56480K(352768K), 0.0037090 secs] [Times: user=0.03 sys=0.00, real=0.01 secs] 
76.298: Total time for which application threads were stopped: 0.0038690 seconds, Stopping threads took: 0.0000640 seconds
76.335: Application time: 0.0366530 seconds
76.335: [GC [PSYoungGen: 101504K->8000K(107520K)] 148640K->55144K(352768K), 0.0030710 secs] [Times: user=0.03 sys=0.00, real=0.01 secs] 
76.338: Total time for which application threads were stopped: 0.0032610 seconds, Stopping threads took: 0.0000970 seconds
76.370: Application time: 0.0312890 seconds
76.370: [GC [PSYoungGen: 100160K->7728K(107520K)] 147304K->54928K(352768K), 0.0030600 secs] [Times: user=0.01 sys=0.00, real=0.00 secs] 
76.373: Total time for which application threads were stopped: 0.0032550 seconds, Stopping threads took: 0.0001000 seconds
76.406: Application time: 0.0327230 seconds
76.406: [GC [PSYoungGen: 99888K->7696K(107520K)] 147088K->54896K(352768K), 0.0030820 secs] [Times: user=0.02 sys=0.01, real=0.01 secs] 
76.409: Total time for which application threads were stopped: 0.0032610 seconds, Stopping threads took: 0.0000870 seconds
76.435: Application time: 0.0260870 seconds
76.435: [GC [PSYoungGen: 99856K->7648K(107520K)] 147056K->54848K(352768K), 0.0030380 secs] [Times: user=0.02 sys=0.00, real=0.01 secs] 
76.438: Total time for which application threads were stopped: 0.0032530 seconds, Stopping threads took: 0.0001170 seconds
76.461: Application time: 0.0228910 seconds
76.464: [GC [PSYoungGen: 99808K->9696K(107520K)] 147008K->56896K(352768K), 0.0037970 secs] [Times: user=0.03 sys=0.00, real=0.00 secs] 
76.468: Total time for which application threads were stopped: 0.0071910 seconds, Stopping threads took: 0.0032960 seconds
76.504: Application time: 0.0355640 seconds
76.504: [GC [PSYoungGen: 101856K->12048K(107520K)] 149056K->59248K(352768K), 0.0044730 secs] [Times: user=0.04 sys=0.00, real=0.01 secs] 
76.509: Total time for which application threads were stopped: 0.0047270 seconds, Stopping threads took: 0.0001360 seconds
76.536: Application time: 0.0277150 seconds
76.536: [GC [PSYoungGen: 104208K->8144K(107520K)] 151408K->55344K(352768K), 0.0031500 secs] [Times: user=0.02 sys=0.00, real=0.00 secs] 
76.540: Total time for which application threads were stopped: 0.0033450 seconds, Stopping threads took: 0.0000990 seconds
76.577: Application time: 0.0377200 seconds
76.577: [GC [PSYoungGen: 100304K->9616K(107520K)] 147504K->56816K(352768K), 0.0037560 secs] [Times: user=0.03 sys=0.00, real=0.00 secs] 
76.581: Total time for which application threads were stopped: 0.0039310 seconds, Stopping threads took: 0.0000770 seconds
76.612: Application time: 0.0310850 seconds
76.613: [GC [PSYoungGen: 101776K->8096K(107520K)] 148976K->55296K(352768K), 0.0030850 secs] [Times: user=0.02 sys=0.00, real=0.00 secs] 
76.616: Total time for which application threads were stopped: 0.0032880 seconds, Stopping threads took: 0.0001080 seconds
76.649: Application time: 0.0330690 seconds
76.649: [GC [PSYoungGen: 100256K->8176K(107520K)] 147456K->55376K(352768K), 0.0032950 secs] [Times: user=0.02 sys=0.00, real=0.00 secs] 
76.652: Total time for which application threads were stopped: 0.0034680 seconds, Stopping threads took: 0.0000780 seconds
76.682: Application time: 0.0294550 seconds
76.682: [GC [PSYoungGen: 100336K->7776K(107520K)] 147536K->54976K(352768K), 0.0031210 secs] [Times: user=0.02 sys=0.00, real=0.00 secs] 
76.685: Total time for which application threads were stopped: 0.0032890 seconds, Stopping threads took: 0.0000720 seconds
76.708: Application time: 0.0228020 seconds
76.708: [GC [PSYoungGen: 99936K->8176K(107520K)] 147136K->55376K(352768K), 0.0031310 secs] [Times: user=0.02 sys=0.00, real=0.01 secs] 
76.711: Total time for which application threads were stopped: 0.0033180 seconds, Stopping threads took: 0.0000900 seconds
76.742: Application time: 0.0313850 seconds
76.743: [GC [PSYoungGen: 100336K->12016K(107520K)] 147536K->59216K(352768K), 0.0045340 secs] [Times: user=0.03 sys=0.00, real=0.00 secs] 
76.747: Total time for which application threads were stopped: 0.0047270 seconds, Stopping threads took: 0.0000920 seconds
76.778: Application time: 0.0311630 seconds
76.778: [GC [PSYoungGen: 104176K->8432K(107520K)] 151376K->55632K(352768K), 0.0031820 secs] [Times: user=0.02 sys=0.00, real=0.00 secs] 
76.782: Total time for which application threads were stopped: 0.0033370 seconds, Stopping threads took: 0.0000580 seconds
76.813: Application time: 0.0309840 seconds
76.816: [GC [PSYoungGen: 100592K->9888K(107520K)] 147792K->57088K(352768K), 0.0038070 secs] [Times: user=0.02 sys=0.00, real=0.00 secs] 
76.820: Total time for which application threads were stopped: 0.0075880 seconds, Stopping threads took: 0.0036850 seconds
76.857: Application time: 0.0364190 seconds
76.857: [GC [PSYoungGen: 102048K->7888K(107520K)] 149248K->55088K(352768K), 0.0030380 secs] [Times: user=0.02 sys=0.00, real=0.00 secs] 
76.860: Total time for which application threads were stopped: 0.0032710 seconds, Stopping threads took: 0.0001280 seconds
76.890: Application time: 0.0298780 seconds
76.890: [GC [PSYoungGen: 100048K->9616K(107520K)] 147248K->56864K(352768K), 0.0037800 secs] [Times: user=0.03 sys=0.00, real=0.00 secs] 
76.894: Total time for which application threads were stopped: 0.0039560 seconds, Stopping threads took: 0.0000790 seconds
76.929: Application time: 0.0349810 seconds
76.929: [GC [PSYoungGen: 101776K->8016K(107520K)] 149024K->55376K(352768K), 0.0032190 secs] [Times: user=0.02 sys=0.00, real=0.00 secs] 
76.932: Total time for which application threads were stopped: 0.0034000 seconds, Stopping threads took: 0.0000860 seconds
76.956: Application time: 0.0236450 seconds
76.956: [GC [PSYoungGen: 100176K->7600K(107520K)] 147536K->54960K(352768K), 0.0029200 secs] [Times: user=0.02 sys=0.00, real=0.01 secs] 
76.959: Total time for which application threads were stopped: 0.0031110 seconds, Stopping threads took: 0.0000950 seconds
76.984: Application time: 0.0246610 seconds
76.984: [GC [PSYoungGen: 99760K->9552K(107520K)] 147120K->56988K(352768K), 0.0037370 secs] [Times: user=0.03 sys=0.00, real=0.00 secs] 
76.988: Total time for which application threads were stopped: 0.0039110 seconds, Stopping threads took: 0.0000770 seconds
77.025: Application time: 0.0370290 seconds
77.025: [GC [PSYoungGen: 101712K->9792K(107520K)] 149148K->57228K(352768K), 0.0037850 secs] [Times: user=0.02 sys=0.00, real=0.01 secs] 
77.029: Total time for which application threads were stopped: 0.0039960 seconds, Stopping threads took: 0.0000960 seconds
77.055: Application time: 0.0266070 seconds
77.055: [GC [PSYoungGen: 101952K->7744K(107520K)] 149388K->55220K(352768K), 0.0030230 secs] [Times: user=0.01 sys=0.00, real=0.01 secs] 
77.058: Total time for which application threads were stopped: 0.0032290 seconds, Stopping threads took: 0.0001090 seconds
77.097: Application time: 0.0382490 seconds
77.097: [GC [PSYoungGen: 99904K->9200K(107520K)] 147380K->56676K(352768K), 0.0036320 secs] [Times: user=0.03 sys=0.00, real=0.00 secs] 
77.100: Total time for which application threads were stopped: 0.0038070 seconds, Stopping threads took: 0.0000750 seconds
77.132: Application time: 0.0312480 seconds
77.132: [GC [PSYoungGen: 101360K->7696K(107520K)] 148836K->55228K(352768K), 0.0029700 secs] [Times: user=0.03 sys=0.00, real=0.00 secs] 
77.135: Total time for which application threads were stopped: 0.0031540 seconds, Stopping threads took: 0.0000910 seconds
77.167: Application time: 0.0322130 seconds
77.167: [GC [PSYoungGen: 99856K->7872K(107520K)] 147388K->55404K(352768K), 0.0031200 secs] [Times: user=0.02 sys=0.00, real=0.01 secs] 
77.170: Total time for which application threads were stopped: 0.0033190 seconds, Stopping threads took: 0.0001030 seconds
77.200: Application time: 0.0292090 seconds
77.200: [GC [PSYoungGen: 100032K->7680K(107520K)] 147564K->55213K(352768K), 0.0029840 secs] [Times: user=0.02 sys=0.00, real=0.00 secs] 
77.203: Total time for which application threads were stopped: 0.0038730 seconds, Stopping threads took: 0.0007920 seconds
77.226: Application time: 0.0226150 seconds
77.226: [GC [PSYoungGen: 99840K->7744K(107520K)] 147373K->55277K(352768K), 0.0030190 secs] [Times: user=0.02 sys=0.00, real=0.01 secs] 
77.229: Total time for which application threads were stopped: 0.0031980 seconds, Stopping threads took: 0.0000860 seconds
77.263: Application time: 0.0340090 seconds
77.263: [GC [PSYoungGen: 99904K->13600K(107520K)] 147437K->61133K(352768K), 0.0052460 secs] [Times: user=0.03 sys=0.00, real=0.01 secs] 
77.269: Total time for which application threads were stopped: 0.0054200 seconds, Stopping threads took: 0.0000750 seconds
77.299: Application time: 0.0298470 seconds
77.300: [GC [PSYoungGen: 105760K->8288K(107520K)] 153293K->55821K(352768K), 0.0031580 secs] [Times: user=0.02 sys=0.01, real=0.00 secs] 
77.304: Total time for which application threads were stopped: 0.0050460 seconds, Stopping threads took: 0.0017900 seconds
77.336: Application time: 0.0320390 seconds
77.336: [GC [PSYoungGen: 100448K->9920K(107520K)] 147981K->57453K(352768K), 0.0038490 secs] [Times: user=0.03 sys=0.00, real=0.01 secs] 
77.340: Total time for which application threads were stopped: 0.0040430 seconds, Stopping threads took: 0.0000970 seconds
77.375: Application time: 0.0354170 seconds
77.375: [GC [PSYoungGen: 102080K->8032K(107520K)] 149613K->55565K(352768K), 0.0030960 secs] [Times: user=0.03 sys=0.00, real=0.01 secs] 
77.378: Total time for which application threads were stopped: 0.0032510 seconds, Stopping threads took: 0.0000570 seconds
77.408: Application time: 0.0296060 seconds
77.408: [GC [PSYoungGen: 100192K->9648K(107520K)] 147725K->57181K(352768K), 0.0037030 secs] [Times: user=0.03 sys=0.00, real=0.01 secs] 
77.412: Total time for which application threads were stopped: 0.0039130 seconds, Stopping threads took: 0.0001150 seconds
77.445: Application time: 0.0331820 seconds
77.445: [GC [PSYoungGen: 101808K->7888K(107520K)] 149341K->55420K(352768K), 0.0030970 secs] [Times: user=0.03 sys=0.00, real=0.01 secs] 
77.448: Total time for which application threads were stopped: 0.0032920 seconds, Stopping threads took: 0.0000970 seconds
77.472: Application time: 0.0231760 seconds
77.472: [GC [PSYoungGen: 100048K->7904K(107520K)] 147580K->55436K(352768K), 0.0030660 secs] [Times: user=0.02 sys=0.00, real=0.00 secs] 
77.475: Total time for which application threads were stopped: 0.0032560 seconds, Stopping threads took: 0.0000940 seconds
77.502: Application time: 0.0276730 seconds
77.503: [GC [PSYoungGen: 100064K->10112K(107520K)] 147596K->57645K(352768K), 0.0038370 secs] [Times: user=0.03 sys=0.00, real=0.00 secs] 
77.507: Total time for which application threads were stopped: 0.0040280 seconds, Stopping threads took: 0.0000940 seconds
77.542: Application time: 0.0353640 seconds
77.542: [GC [PSYoungGen: 102272K->8640K(107520K)] 149805K->56173K(352768K), 0.0032310 secs] [Times: user=0.02 sys=0.00, real=0.00 secs] 
77.545: Total time for which application threads were stopped: 0.0034170 seconds, Stopping threads took: 0.0000730 seconds
77.573: Application time: 0.0272150 seconds
77.573: [GC [PSYoungGen: 100800K->8240K(107520K)] 148333K->55773K(352768K), 0.0031680 secs] [Times: user=0.02 sys=0.00, real=0.00 secs] 
77.576: Total time for which application threads were stopped: 0.0033680 seconds, Stopping threads took: 0.0001050 seconds
77.613: Application time: 0.0374120 seconds
77.613: [GC [PSYoungGen: 100400K->8592K(107520K)] 147933K->56124K(352768K), 0.0033020 secs] [Times: user=0.02 sys=0.00, real=0.01 secs] 
77.617: Total time for which application threads were stopped: 0.0035010 seconds, Stopping threads took: 0.0001010 seconds
77.648: Application time: 0.0315100 seconds
77.648: [GC [PSYoungGen: 100752K->7888K(107520K)] 148284K->55420K(352768K), 0.0031550 secs] [Times: user=0.01 sys=0.00, real=0.00 secs] 
77.652: Total time for which application threads were stopped: 0.0033390 seconds, Stopping threads took: 0.0000860 seconds
77.685: Application time: 0.0329990 seconds
77.685: [GC [PSYoungGen: 100048K->7888K(107520K)] 147580K->55569K(352768K), 0.0031440 secs] [Times: user=0.02 sys=0.00, real=0.00 secs] 
77.688: Total time for which application threads were stopped: 0.0033210 seconds, Stopping threads took: 0.0000780 seconds
77.716: Application time: 0.0276390 seconds
77.716: [GC [PSYoungGen: 100048K->7984K(107520K)] 147729K->55665K(352768K), 0.0030050 secs] [Times: user=0.02 sys=0.00, real=0.01 secs] 
77.719: Total time for which application threads were stopped: 0.0031890 seconds, Stopping threads took: 0.0000910 seconds
77.741: Application time: 0.0219590 seconds
77.741: [GC [PSYoungGen: 100144K->8816K(107520K)] 147825K->56545K(352768K), 0.0033460 secs] [Times: user=0.02 sys=0.00, real=0.00 secs] 
77.744: Total time for which application threads were stopped: 0.0035290 seconds, Stopping threads took: 0.0000810 seconds
77.781: Application time: 0.0368180 seconds
77.781: [GC [PSYoungGen: 100976K->12272K(107520K)] 148705K->60057K(352768K), 0.0047480 secs] [Times: user=0.03 sys=0.00, real=0.00 secs] 
77.786: Total time for which application threads were stopped: 0.0049310 seconds, Stopping threads took: 0.0000770 seconds
77.813: Application time: 0.0268230 seconds
77.813: [GC [PSYoungGen: 104432K->7728K(107520K)] 152217K->55561K(352768K), 0.0031560 secs] [Times: user=0.02 sys=0.00, real=0.00 secs] 
77.816: Total time for which application threads were stopped: 0.0033380 seconds, Stopping threads took: 0.0000870 seconds
77.852: Application time: 0.0354850 seconds
77.852: [GC [PSYoungGen: 99888K->10848K(107520K)] 147721K->58681K(352768K), 0.0042570 secs] [Times: user=0.03 sys=0.00, real=0.00 secs] 
77.856: Total time for which application threads were stopped: 0.0044340 seconds, Stopping threads took: 0.0000810 seconds
77.889: Application time: 0.0329230 seconds
77.889: [GC [PSYoungGen: 103008K->7872K(107520K)] 150841K->55705K(352768K), 0.0029780 secs] [Times: user=0.02 sys=0.00, real=0.00 secs] 
77.892: Total time for which application threads were stopped: 0.0031600 seconds, Stopping threads took: 0.0000870 seconds
77.923: Application time: 0.0303730 seconds
77.923: [GC [PSYoungGen: 100032K->9424K(107520K)] 147865K->57305K(352768K), 0.0037330 secs] [Times: user=0.03 sys=0.00, real=0.00 secs] 
77.927: Total time for which application threads were stopped: 0.0039150 seconds, Stopping threads took: 0.0000860 seconds
77.958: Application time: 0.0318770 seconds
77.960: [GC [PSYoungGen: 101584K->8016K(107520K)] 149465K->55897K(352768K), 0.0031310 secs] [Times: user=0.02 sys=0.00, real=0.00 secs] 
77.964: Total time for which application threads were stopped: 0.0051590 seconds, Stopping threads took: 0.0019370 seconds
77.987: Application time: 0.0238290 seconds
77.988: [GC [PSYoungGen: 100176K->7728K(107520K)] 148057K->55609K(352768K), 0.0030060 secs] [Times: user=0.02 sys=0.00, real=0.01 secs] 
77.991: Total time for which application threads were stopped: 0.0031650 seconds, Stopping threads took: 0.0000620 seconds
78.020: Application time: 0.0290550 seconds
78.020: [GC [PSYoungGen: 99888K->9760K(107520K)] 147769K->57641K(352768K), 0.0036680 secs] [Times: user=0.03 sys=0.00, real=0.00 secs] 
78.023: Total time for which application threads were stopped: 0.0038370 seconds, Stopping threads took: 0.0000720 seconds
78.058: Application time: 0.0348330 seconds
78.058: [GC [PSYoungGen: 101920K->8160K(107520K)] 149801K->56041K(352768K), 0.0030970 secs] [Times: user=0.02 sys=0.00, real=0.00 secs] 
78.062: Total time for which application threads were stopped: 0.0033160 seconds, Stopping threads took: 0.0001050 seconds
78.089: Application time: 0.0271380 seconds
78.089: [GC [PSYoungGen: 100320K->7776K(107520K)] 148201K->55657K(352768K), 0.0031430 secs] [Times: user=0.01 sys=0.00, real=0.00 secs] 
78.092: Total time for which application threads were stopped: 0.0033060 seconds, Stopping threads took: 0.0000720 seconds
78.131: Application time: 0.0384840 seconds
78.131: [GC [PSYoungGen: 99936K->8112K(107520K)] 147817K->55993K(352768K), 0.0031390 secs] [Times: user=0.02 sys=0.00, real=0.00 secs] 
78.134: Total time for which application threads were stopped: 0.0033400 seconds, Stopping threads took: 0.0001050 seconds
78.164: Application time: 0.0296280 seconds
78.164: [GC [PSYoungGen: 100272K->7664K(107520K)] 148153K->55545K(352768K), 0.0030140 secs] [Times: user=0.02 sys=0.00, real=0.00 secs] 
78.167: Total time for which application threads were stopped: 0.0031960 seconds, Stopping threads took: 0.0000870 seconds
78.201: Application time: 0.0338970 seconds
78.201: [GC [PSYoungGen: 99824K->7952K(107520K)] 147705K->55833K(352768K), 0.0031580 secs] [Times: user=0.02 sys=0.00, real=0.00 secs] 
78.204: Total time for which application threads were stopped: 0.0033240 seconds, Stopping threads took: 0.0000720 seconds
78.229: Application time: 0.0254230 seconds
78.230: [GC [PSYoungGen: 100112K->7696K(107520K)] 147993K->55577K(352768K), 0.0030370 secs] [Times: user=0.02 sys=0.00, real=0.00 secs] 
78.233: Total time for which application threads were stopped: 0.0032120 seconds, Stopping threads took: 0.0000780 seconds
78.256: Application time: 0.0237840 seconds
78.257: [GC [PSYoungGen: 99856K->9600K(107520K)] 147737K->57481K(352768K), 0.0037040 secs] [Times: user=0.03 sys=0.00, real=0.00 secs] 
78.260: Total time for which application threads were stopped: 0.0038770 seconds, Stopping threads took: 0.0000770 seconds
78.300: Application time: 0.0395010 seconds
78.300: [GC [PSYoungGen: 101760K->9248K(107520K)] 149641K->57129K(352768K), 0.0034100 secs] [Times: user=0.02 sys=0.00, real=0.00 secs] 
78.303: Total time for which application threads were stopped: 0.0035980 seconds, Stopping threads took: 0.0000940 seconds
78.329: Application time: 0.0253110 seconds
78.329: [GC [PSYoungGen: 101408K->8192K(107520K)] 149289K->56073K(352768K), 0.0030830 secs] [Times: user=0.02 sys=0.00, real=0.00 secs] 
78.332: Total time for which application threads were stopped: 0.0032600 seconds, Stopping threads took: 0.0000780 seconds
78.368: Application time: 0.0363290 seconds
78.368: [GC [PSYoungGen: 100352K->11488K(107520K)] 148233K->59369K(352768K), 0.0045270 secs] [Times: user=0.03 sys=0.00, real=0.00 secs] 
78.373: Total time for which application threads were stopped: 0.0047210 seconds, Stopping threads took: 0.0000960 seconds
78.405: Application time: 0.0323340 seconds
78.405: [GC [PSYoungGen: 103648K->8208K(107520K)] 151529K->56089K(352768K), 0.0032100 secs] [Times: user=0.02 sys=0.00, real=0.01 secs] 
78.409: Total time for which application threads were stopped: 0.0033830 seconds, Stopping threads took: 0.0000790 seconds
78.441: Application time: 0.0322280 seconds
78.441: [GC [PSYoungGen: 100368K->8000K(107520K)] 148249K->56001K(352768K), 0.0032200 secs] [Times: user=0.02 sys=0.00, real=0.00 secs] 
78.444: Total time for which application threads were stopped: 0.0033970 seconds, Stopping threads took: 0.0000750 seconds
78.474: Application time: 0.0292350 seconds
78.474: [GC [PSYoungGen: 100160K->7792K(107520K)] 148161K->55849K(352768K), 0.0031210 secs] [Times: user=0.00 sys=0.02, real=0.01 secs] 
78.477: Total time for which application threads were stopped: 0.0032900 seconds, Stopping threads took: 0.0000730 seconds
78.499: Application time: 0.0224270 seconds
78.499: [GC [PSYoungGen: 99952K->7968K(107520K)] 148009K->56025K(352768K), 0.0031050 secs] [Times: user=0.02 sys=0.00, real=0.00 secs] 
78.503: Total time for which application threads were stopped: 0.0033100 seconds, Stopping threads took: 0.0001090 seconds
78.538: Application time: 0.0352440 seconds
78.538: [GC [PSYoungGen: 100128K->13872K(107520K)] 148185K->62013K(352768K), 0.0053950 secs] [Times: user=0.04 sys=0.00, real=0.00 secs] 
78.543: Total time for which application threads were stopped: 0.0055620 seconds, Stopping threads took: 0.0000680 seconds
78.575: Application time: 0.0312700 seconds
78.576: [GC [PSYoungGen: 106032K->7808K(107520K)] 154173K->55949K(352768K), 0.0030050 secs] [Times: user=0.02 sys=0.00, real=0.00 secs] 
78.579: Total time for which application threads were stopped: 0.0047590 seconds, Stopping threads took: 0.0016440 seconds
78.609: Application time: 0.0293380 seconds
78.609: [GC [PSYoungGen: 99968K->7808K(107520K)] 148109K->55997K(352768K), 0.0030470 secs] [Times: user=0.02 sys=0.00, real=0.00 secs] 
78.612: Total time for which application threads were stopped: 0.0032100 seconds, Stopping threads took: 0.0000660 seconds
78.650: Application time: 0.0374910 seconds
78.650: [GC [PSYoungGen: 99968K->7616K(107520K)] 148157K->55805K(352768K), 0.0028930 secs] [Times: user=0.02 sys=0.00, real=0.00 secs] 
78.653: Total time for which application threads were stopped: 0.0030730 seconds, Stopping threads took: 0.0000840 seconds
78.681: Application time: 0.0280640 seconds
78.681: [GC [PSYoungGen: 99776K->7776K(107520K)] 147965K->56021K(352768K), 0.0030260 secs] [Times: user=0.02 sys=0.00, real=0.00 secs] 
78.684: Total time for which application threads were stopped: 0.0032040 seconds, Stopping threads took: 0.0000860 seconds
78.719: Application time: 0.0347880 seconds
78.719: [GC [PSYoungGen: 99936K->7856K(107520K)] 148181K->56101K(352768K), 0.0030800 secs] [Times: user=0.02 sys=0.00, real=0.00 secs] 
78.722: Total time for which application threads were stopped: 0.0032760 seconds, Stopping threads took: 0.0000930 seconds
78.745: Application time: 0.0230200 seconds
78.745: [GC [PSYoungGen: 100016K->7904K(107520K)] 148261K->56149K(352768K), 0.0031290 secs] [Times: user=0.03 sys=0.00, real=0.00 secs] 
78.748: Total time for which application threads were stopped: 0.0032990 seconds, Stopping threads took: 0.0000720 seconds
78.775: Application time: 0.0267260 seconds
78.775: [GC [PSYoungGen: 100064K->8384K(107520K)] 148309K->56629K(352768K), 0.0030890 secs] [Times: user=0.02 sys=0.00, real=0.01 secs] 
78.778: Total time for which application threads were stopped: 0.0032820 seconds, Stopping threads took: 0.0000980 seconds
78.817: Application time: 0.0382890 seconds
78.817: [GC [PSYoungGen: 100544K->8176K(107520K)] 148789K->56421K(352768K), 0.0030600 secs] [Times: user=0.02 sys=0.00, real=0.00 secs] 
78.820: Total time for which application threads were stopped: 0.0032460 seconds, Stopping threads took: 0.0000900 seconds
78.847: Application time: 0.0275530 seconds
78.847: [GC [PSYoungGen: 100336K->7792K(107520K)] 148581K->56037K(352768K), 0.0030390 secs] [Times: user=0.02 sys=0.00, real=0.01 secs] 
78.851: Total time for which application threads were stopped: 0.0032220 seconds, Stopping threads took: 0.0000870 seconds
78.882: Application time: 0.0311010 seconds
78.882: [GC [PSYoungGen: 99952K->9584K(107520K)] 148197K->57829K(352768K), 0.0036760 secs] [Times: user=0.02 sys=0.00, real=0.00 secs] 
78.886: Total time for which application threads were stopped: 0.0038310 seconds, Stopping threads took: 0.0000550 seconds
78.922: Application time: 0.0363300 seconds
78.922: [GC [PSYoungGen: 101744K->8272K(107520K)] 149989K->56517K(352768K), 0.0031280 secs] [Times: user=0.02 sys=0.00, real=0.00 secs] 
78.925: Total time for which application threads were stopped: 0.0033320 seconds, Stopping threads took: 0.0001080 seconds
78.955: Application time: 0.0303200 seconds
78.956: [GC [PSYoungGen: 100432K->8064K(107520K)] 148677K->56309K(352768K), 0.0031440 secs] [Times: user=0.02 sys=0.00, real=0.01 secs] 
78.959: Total time for which application threads were stopped: 0.0033260 seconds, Stopping threads took: 0.0000850 seconds
78.988: Application time: 0.0293140 seconds
78.988: [GC [PSYoungGen: 100224K->7872K(107520K)] 148469K->56117K(352768K), 0.0030340 secs] [Times: user=0.02 sys=0.00, real=0.00 secs] 
78.991: Total time for which application threads were stopped: 0.0032310 seconds, Stopping threads took: 0.0000940 seconds
79.014: Application time: 0.0224320 seconds
79.016: [GC [PSYoungGen: 100032K->8144K(107520K)] 148277K->56389K(352768K), 0.0031310 secs] [Times: user=0.02 sys=0.01, real=0.00 secs] 
79.020: Total time for which application threads were stopped: 0.0057500 seconds, Stopping threads took: 0.0025210 seconds
79.055: Application time: 0.0354850 seconds
79.055: [GC [PSYoungGen: 100304K->12992K(107520K)] 148549K->61237K(352768K), 0.0047730 secs] [Times: user=0.04 sys=0.00, real=0.01 secs] 
79.060: Total time for which application threads were stopped: 0.0049660 seconds, Stopping threads took: 0.0000930 seconds
79.091: Application time: 0.0313930 seconds
79.092: [GC [PSYoungGen: 105152K->7920K(107520K)] 153397K->56165K(352768K), 0.0031050 secs] [Times: user=0.02 sys=0.00, real=0.00 secs] 
79.095: Total time for which application threads were stopped: 0.0032950 seconds, Stopping threads took: 0.0000780 seconds
79.122: Application time: 0.0270990 seconds
79.122: [GC [PSYoungGen: 100080K->7808K(107520K)] 148325K->56053K(352768K), 0.0030980 secs] [Times: user=0.01 sys=0.00, real=0.00 secs] 
79.125: Total time for which application threads were stopped: 0.0032900 seconds, Stopping threads took: 0.0000970 seconds
79.164: Application time: 0.0386930 seconds
79.164: [GC [PSYoungGen: 99968K->10496K(107520K)] 148213K->58741K(352768K), 0.0039710 secs] [Times: user=0.03 sys=0.00, real=0.00 secs] 
79.168: Total time for which application threads were stopped: 0.0041480 seconds, Stopping threads took: 0.0000800 seconds
79.196: Application time: 0.0275540 seconds
79.196: [GC [PSYoungGen: 102656K->7824K(107520K)] 150901K->56189K(352768K), 0.0030220 secs] [Times: user=0.02 sys=0.00, real=0.01 secs] 
79.199: Total time for which application threads were stopped: 0.0031850 seconds, Stopping threads took: 0.0000690 seconds
79.232: Application time: 0.0336510 seconds
79.233: [GC [PSYoungGen: 99984K->7584K(107520K)] 148349K->55997K(352768K), 0.0031300 secs] [Times: user=0.02 sys=0.00, real=0.00 secs] 
79.236: Total time for which application threads were stopped: 0.0033260 seconds, Stopping threads took: 0.0001010 seconds
79.257: Application time: 0.0216950 seconds
79.258: [GC [PSYoungGen: 99744K->7888K(107520K)] 148157K->56301K(352768K), 0.0030920 secs] [Times: user=0.02 sys=0.00, real=0.00 secs] 
79.261: Total time for which application threads were stopped: 0.0032690 seconds, Stopping threads took: 0.0000800 seconds
79.292: Application time: 0.0315970 seconds
79.292: [GC [PSYoungGen: 100048K->10272K(107520K)] 148461K->58733K(352768K), 0.0039240 secs] [Times: user=0.03 sys=0.00, real=0.01 secs] 
79.296: Total time for which application threads were stopped: 0.0041190 seconds, Stopping threads took: 0.0000950 seconds
79.332: Application time: 0.0352690 seconds
79.332: [GC [PSYoungGen: 102432K->8016K(107520K)] 150893K->56565K(352768K), 0.0030770 secs] [Times: user=0.02 sys=0.00, real=0.00 secs] 
79.335: Total time for which application threads were stopped: 0.0032680 seconds, Stopping threads took: 0.0000930 seconds
79.363: Application time: 0.0278850 seconds
79.363: [GC [PSYoungGen: 100176K->7584K(107520K)] 148725K->56141K(352768K), 0.0029490 secs] [Times: user=0.02 sys=0.00, real=0.00 secs] 
79.366: Total time for which application threads were stopped: 0.0031380 seconds, Stopping threads took: 0.0000940 seconds
79.398: Application time: 0.0317710 seconds
79.398: [GC [PSYoungGen: 99744K->9312K(107520K)] 148301K->57869K(352768K), 0.0035470 secs] [Times: user=0.02 sys=0.00, real=0.00 secs] 
79.401: Total time for which application threads were stopped: 0.0037200 seconds, Stopping threads took: 0.0000810 seconds
79.435: Application time: 0.0338810 seconds
79.436: [GC [PSYoungGen: 101472K->8288K(107520K)] 150029K->56845K(352768K), 0.0032140 secs] [Times: user=0.02 sys=0.00, real=0.00 secs] 
79.440: Total time for which application threads were stopped: 0.0043600 seconds, Stopping threads took: 0.0010500 seconds
79.471: Application time: 0.0317710 seconds
79.472: [GC [PSYoungGen: 100448K->7520K(107520K)] 149005K->56125K(352768K), 0.0029840 secs] [Times: user=0.02 sys=0.00, real=0.00 secs] 
79.475: Total time for which application threads were stopped: 0.0031620 seconds, Stopping threads took: 0.0000850 seconds
79.501: Application time: 0.0266360 seconds
79.501: [GC [PSYoungGen: 99680K->7760K(107520K)] 148285K->56365K(352768K), 0.0030680 secs] [Times: user=0.02 sys=0.00, real=0.00 secs] 
79.505: Total time for which application threads were stopped: 0.0032510 seconds, Stopping threads took: 0.0000860 seconds
79.529: Application time: 0.0248930 seconds
79.530: [GC [PSYoungGen: 99920K->8624K(107520K)] 148525K->57229K(352768K), 0.0033600 secs] [Times: user=0.02 sys=0.00, real=0.00 secs] 
79.533: Total time for which application threads were stopped: 0.0035300 seconds, Stopping threads took: 0.0000700 seconds
79.570: Application time: 0.0374390 seconds
79.571: [GC [PSYoungGen: 100784K->9136K(107520K)] 149389K->57741K(352768K), 0.0034360 secs] [Times: user=0.02 sys=0.00, real=0.00 secs] 
79.574: Total time for which application threads were stopped: 0.0036070 seconds, Stopping threads took: 0.0000740 seconds
79.602: Application time: 0.0283420 seconds
79.602: [GC [PSYoungGen: 101296K->7600K(107520K)] 149901K->56205K(352768K), 0.0029830 secs] [Times: user=0.02 sys=0.00, real=0.00 secs] 
79.606: Total time for which application threads were stopped: 0.0031920 seconds, Stopping threads took: 0.0000940 seconds
79.634: Application time: 0.0281650 seconds
79.634: [GC [PSYoungGen: 99760K->8160K(107520K)] 148365K->56765K(352768K), 0.0031800 secs] [Times: user=0.03 sys=0.00, real=0.01 secs] 
79.637: Total time for which application threads were stopped: 0.0033680 seconds, Stopping threads took: 0.0000810 seconds
79.675: Application time: 0.0376410 seconds
79.675: [GC [PSYoungGen: 100320K->11808K(107520K)] 148925K->60413K(352768K), 0.0046630 secs] [Times: user=0.03 sys=0.00, real=0.01 secs] 
79.680: Total time for which application threads were stopped: 0.0048280 seconds, Stopping threads took: 0.0000680 seconds
79.709: Application time: 0.0295610 seconds
79.709: [GC [PSYoungGen: 103968K->7920K(107520K)] 152573K->56525K(352768K), 0.0030990 secs] [Times: user=0.02 sys=0.00, real=0.00 secs] 
79.712: Total time for which application threads were stopped: 0.0032980 seconds, Stopping threads took: 0.0001030 seconds
79.743: Application time: 0.0304680 seconds
79.743: [GC [PSYoungGen: 100080K->7824K(107520K)] 148685K->56429K(352768K), 0.0029690 secs] [Times: user=0.02 sys=0.00, real=0.00 secs] 
79.746: Total time for which application threads were stopped: 0.0031650 seconds, Stopping threads took: 0.0001020 seconds
79.769: Application time: 0.0231000 seconds
79.769: [GC [PSYoungGen: 99984K->7856K(107520K)] 148589K->56461K(352768K), 0.0030400 secs] [Times: user=0.02 sys=0.00, real=0.00 secs] 
79.772: Total time for which application threads were stopped: 0.0032290 seconds, Stopping threads took: 0.0000920 seconds
79.806: Application time: 0.0334360 seconds
79.806: [GC [PSYoungGen: 100016K->14880K(107520K)] 148621K->63485K(352768K), 0.0058020 secs] [Times: user=0.04 sys=0.00, real=0.01 secs] 
79.812: Total time for which application threads were stopped: 0.0059730 seconds, Stopping threads took: 0.0000710 seconds
79.846: Application time: 0.0339900 seconds
79.846: [GC [PSYoungGen: 107040K->8112K(107520K)] 155645K->56717K(352768K), 0.0031080 secs] [Times: user=0.03 sys=0.00, real=0.01 secs] 
79.849: Total time for which application threads were stopped: 0.0032840 seconds, Stopping threads took: 0.0000820 seconds
79.878: Application time: 0.0293650 seconds
79.879: [GC [PSYoungGen: 100272K->7728K(107520K)] 148877K->56333K(352768K), 0.0030810 secs] [Times: user=0.02 sys=0.00, real=0.00 secs] 
79.882: Total time for which application threads were stopped: 0.0032630 seconds, Stopping threads took: 0.0000850 seconds
79.913: Application time: 0.0316170 seconds
79.913: [GC [PSYoungGen: 99888K->9744K(107520K)] 148493K->58349K(352768K), 0.0038350 secs] [Times: user=0.03 sys=0.00, real=0.01 secs] 
79.917: Total time for which application threads were stopped: 0.0040200 seconds, Stopping threads took: 0.0000850 seconds
79.949: Application time: 0.0321620 seconds
79.950: [GC [PSYoungGen: 101904K->7968K(107520K)] 150509K->56629K(352768K), 0.0031140 secs] [Times: user=0.02 sys=0.01, real=0.00 secs] 
79.953: Total time for which application threads were stopped: 0.0032830 seconds, Stopping threads took: 0.0000700 seconds
79.985: Application time: 0.0326160 seconds
79.988: [GC [PSYoungGen: 100128K->7728K(107520K)] 148789K->56509K(352768K), 0.0032100 secs] [Times: user=0.02 sys=0.00, real=0.00 secs] 
79.992: Total time for which application threads were stopped: 0.0062730 seconds, Stopping threads took: 0.0029700 seconds
80.016: Application time: 0.0247310 seconds
80.017: [GC [PSYoungGen: 99888K->7584K(107520K)] 148669K->56365K(352768K), 0.0030010 secs] [Times: user=0.02 sys=0.00, real=0.00 secs] 
80.020: Total time for which application threads were stopped: 0.0031860 seconds, Stopping threads took: 0.0000890 seconds
80.046: Application time: 0.0268280 seconds
80.047: [GC [PSYoungGen: 99744K->9520K(107520K)] 148525K->58301K(352768K), 0.0036200 secs] [Times: user=0.02 sys=0.00, real=0.01 secs] 
80.050: Total time for which application threads were stopped: 0.0037850 seconds, Stopping threads took: 0.0000680 seconds
80.088: Application time: 0.0372920 seconds
80.088: [GC [PSYoungGen: 101680K->7744K(107520K)] 150461K->56634K(352768K), 0.0029980 secs] [Times: user=0.02 sys=0.00, real=0.00 secs] 
80.091: Total time for which application threads were stopped: 0.0039160 seconds, Stopping threads took: 0.0008210 seconds
80.120: Application time: 0.0288110 seconds
80.120: [GC [PSYoungGen: 99904K->7536K(107520K)] 148794K->56425K(352768K), 0.0030240 secs] [Times: user=0.02 sys=0.00, real=0.00 secs] 
80.123: Total time for which application threads were stopped: 0.0032390 seconds, Stopping threads took: 0.0001030 seconds
80.153: Application time: 0.0292550 seconds
80.153: [GC [PSYoungGen: 99696K->7680K(107520K)] 148585K->56570K(352768K), 0.0029870 secs] [Times: user=0.02 sys=0.00, real=0.00 secs] 
80.156: Total time for which application threads were stopped: 0.0031720 seconds, Stopping threads took: 0.0000900 seconds
80.192: Application time: 0.0364860 seconds
80.193: [GC [PSYoungGen: 99840K->9008K(107520K)] 148730K->57897K(352768K), 0.0033810 secs] [Times: user=0.03 sys=0.00, real=0.00 secs] 
80.196: Total time for which application threads were stopped: 0.0035480 seconds, Stopping threads took: 0.0000730 seconds
80.225: Application time: 0.0292360 seconds
80.225: [GC [PSYoungGen: 101168K->7968K(107520K)] 150057K->56905K(352768K), 0.0031160 secs] [Times: user=0.02 sys=0.00, real=0.01 secs] 
80.228: Total time for which application threads were stopped: 0.0032920 seconds, Stopping threads took: 0.0000790 seconds
80.259: Application time: 0.0307560 seconds
80.260: [GC [PSYoungGen: 100128K->7824K(107520K)] 149065K->56762K(352768K), 0.0031720 secs] [Times: user=0.02 sys=0.00, real=0.00 secs] 
80.264: Total time for which application threads were stopped: 0.0043980 seconds, Stopping threads took: 0.0011290 seconds
80.287: Application time: 0.0230890 seconds
80.287: [GC [PSYoungGen: 99984K->7888K(107520K)] 148922K->56826K(352768K), 0.0030780 secs] [Times: user=0.02 sys=0.00, real=0.01 secs] 
80.290: Total time for which application threads were stopped: 0.0032480 seconds, Stopping threads took: 0.0000730 seconds
80.323: Application time: 0.0325290 seconds
80.324: [GC [PSYoungGen: 100048K->13664K(107520K)] 148986K->62602K(352768K), 0.0053110 secs] [Times: user=0.03 sys=0.00, real=0.01 secs] 
80.330: Total time for which application threads were stopped: 0.0072250 seconds, Stopping threads took: 0.0018150 seconds
80.364: Application time: 0.0343560 seconds
80.364: [GC [PSYoungGen: 105824K->8048K(107520K)] 154762K->56986K(352768K), 0.0031080 secs] [Times: user=0.02 sys=0.00, real=0.00 secs] 
80.367: Total time for which application threads were stopped: 0.0032980 seconds, Stopping threads took: 0.0000920 seconds
80.395: Application time: 0.0274000 seconds
80.395: [GC [PSYoungGen: 100208K->7808K(107520K)] 149146K->56746K(352768K), 0.0030910 secs] [Times: user=0.02 sys=0.00, real=0.01 secs] 
80.398: Total time for which application threads were stopped: 0.0032760 seconds, Stopping threads took: 0.0000900 seconds
80.434: Application time: 0.0361060 seconds
80.434: [GC [PSYoungGen: 99968K->9952K(107520K)] 148906K->58890K(352768K), 0.0038170 secs] [Times: user=0.02 sys=0.00, real=0.01 secs] 
80.438: Total time for which application threads were stopped: 0.0040160 seconds, Stopping threads took: 0.0001020 seconds
80.467: Application time: 0.0292780 seconds
80.468: [GC [PSYoungGen: 102112K->8160K(107520K)] 151050K->57098K(352768K), 0.0031010 secs] [Times: user=0.02 sys=0.00, real=0.01 secs] 
80.471: Total time for which application threads were stopped: 0.0032870 seconds, Stopping threads took: 0.0000870 seconds
80.504: Application time: 0.0332090 seconds
80.504: [GC [PSYoungGen: 100320K->7824K(107520K)] 149258K->56762K(352768K), 0.0029870 secs] [Times: user=0.02 sys=0.00, real=0.00 secs] 
80.507: Total time for which application threads were stopped: 0.0034520 seconds, Stopping threads took: 0.0003690 seconds
80.532: Application time: 0.0246420 seconds
80.532: [GC [PSYoungGen: 99984K->7872K(107520K)] 148922K->56810K(352768K), 0.0030380 secs] [Times: user=0.02 sys=0.00, real=0.00 secs] 
80.535: Total time for which application threads were stopped: 0.0032110 seconds, Stopping threads took: 0.0000770 seconds
80.563: Application time: 0.0272400 seconds
80.563: [GC [PSYoungGen: 100032K->10384K(107520K)] 148970K->59322K(352768K), 0.0039060 secs] [Times: user=0.03 sys=0.00, real=0.00 secs] 
80.567: Total time for which application threads were stopped: 0.0040890 seconds, Stopping threads took: 0.0000750 seconds
80.604: Application time: 0.0378300 seconds
80.605: [GC [PSYoungGen: 102544K->8336K(107520K)] 151482K->57274K(352768K), 0.0032580 secs] [Times: user=0.02 sys=0.00, real=0.00 secs] 
80.608: Total time for which application threads were stopped: 0.0034340 seconds, Stopping threads took: 0.0000820 seconds
80.636: Application time: 0.0281900 seconds
80.636: [GC [PSYoungGen: 100487K->7936K(107520K)] 149425K->56874K(352768K), 0.0031100 secs] [Times: user=0.02 sys=0.01, real=0.01 secs] 
80.639: Total time for which application threads were stopped: 0.0033380 seconds, Stopping threads took: 0.0001100 seconds
80.670: Application time: 0.0305630 seconds
80.670: [GC [PSYoungGen: 100096K->8432K(107520K)] 149034K->57370K(352768K), 0.0032110 secs] [Times: user=0.02 sys=0.00, real=0.00 secs] 
80.673: Total time for which application threads were stopped: 0.0033810 seconds, Stopping threads took: 0.0000720 seconds
80.710: Application time: 0.0361640 seconds
80.710: [GC [PSYoungGen: 100592K->8320K(107520K)] 149530K->57306K(352768K), 0.0032240 secs] [Times: user=0.02 sys=0.00, real=0.00 secs] 
80.713: Total time for which application threads were stopped: 0.0033920 seconds, Stopping threads took: 0.0000720 seconds
80.742: Application time: 0.0293130 seconds
80.742: [GC [PSYoungGen: 100480K->7712K(107520K)] 149466K->56810K(352768K), 0.0030960 secs] [Times: user=0.02 sys=0.00, real=0.00 secs] 
80.746: Total time for which application threads were stopped: 0.0032870 seconds, Stopping threads took: 0.0000950 seconds
80.775: Application time: 0.0291370 seconds
80.776: [GC [PSYoungGen: 99872K->7920K(107520K)] 148970K->57018K(352768K), 0.0030230 secs] [Times: user=0.02 sys=0.00, real=0.00 secs] 
80.779: Total time for which application threads were stopped: 0.0047660 seconds, Stopping threads took: 0.0016460 seconds
80.803: Application time: 0.0237670 seconds
80.803: [GC [PSYoungGen: 100080K->9152K(107520K)] 149178K->58250K(352768K), 0.0035770 secs] [Times: user=0.02 sys=0.00, real=0.00 secs] 
80.807: Total time for which application threads were stopped: 0.0037770 seconds, Stopping threads took: 0.0001030 seconds
80.841: Application time: 0.0338990 seconds
80.841: [GC [PSYoungGen: 101312K->12144K(107520K)] 150410K->61290K(352768K), 0.0045930 secs] [Times: user=0.04 sys=0.00, real=0.00 secs] 
80.846: Total time for which application threads were stopped: 0.0047620 seconds, Stopping threads took: 0.0000730 seconds
80.879: Application time: 0.0329110 seconds
80.879: [GC [PSYoungGen: 104304K->7792K(107520K)] 153450K->57034K(352768K), 0.0030880 secs] [Times: user=0.02 sys=0.00, real=0.00 secs] 
80.882: Total time for which application threads were stopped: 0.0032590 seconds, Stopping threads took: 0.0000740 seconds
80.909: Application time: 0.0269990 seconds
80.909: [GC [PSYoungGen: 99952K->7776K(107520K)] 149194K->57018K(352768K), 0.0030640 secs] [Times: user=0.02 sys=0.00, real=0.00 secs] 
80.912: Total time for which application threads were stopped: 0.0032510 seconds, Stopping threads took: 0.0000910 seconds
80.949: Application time: 0.0367810 seconds
80.949: [GC [PSYoungGen: 99936K->11408K(107520K)] 149178K->60650K(352768K), 0.0043830 secs] [Times: user=0.03 sys=0.00, real=0.00 secs] 
80.953: Total time for which application threads were stopped: 0.0045530 seconds, Stopping threads took: 0.0000730 seconds
80.983: Application time: 0.0295730 seconds
80.983: [GC [PSYoungGen: 103568K->7792K(107520K)] 152810K->57090K(352768K), 0.0030520 secs] [Times: user=0.02 sys=0.00, real=0.00 secs] 
80.986: Total time for which application threads were stopped: 0.0032350 seconds, Stopping threads took: 0.0000880 seconds
81.018: Application time: 0.0320960 seconds
81.018: [GC [PSYoungGen: 99952K->7712K(107520K)] 149250K->57010K(352768K), 0.0029870 secs] [Times: user=0.02 sys=0.00, real=0.00 secs] 
81.022: Total time for which application threads were stopped: 0.0031730 seconds, Stopping threads took: 0.0000910 seconds
81.045: Application time: 0.0234700 seconds
81.045: [GC [PSYoungGen: 99872K->7920K(107520K)] 149170K->57218K(352768K), 0.0031060 secs] [Times: user=0.02 sys=0.00, real=0.00 secs] 
81.048: Total time for which application threads were stopped: 0.0032680 seconds, Stopping threads took: 0.0000690 seconds
81.079: Application time: 0.0312200 seconds
81.080: [GC [PSYoungGen: 100080K->10736K(107520K)] 149378K->60034K(352768K), 0.0040900 secs] [Times: user=0.03 sys=0.00, real=0.00 secs] 
81.084: Total time for which application threads were stopped: 0.0042620 seconds, Stopping threads took: 0.0000740 seconds
81.119: Application time: 0.0349780 seconds
81.119: [GC [PSYoungGen: 102896K->8112K(107520K)] 152194K->57410K(352768K), 0.0031930 secs] [Times: user=0.02 sys=0.00, real=0.00 secs] 
81.122: Total time for which application threads were stopped: 0.0033750 seconds, Stopping threads took: 0.0000860 seconds
81.151: Application time: 0.0291580 seconds
81.151: [GC [PSYoungGen: 100272K->7760K(107520K)] 149570K->57058K(352768K), 0.0030560 secs] [Times: user=0.02 sys=0.00, real=0.00 secs] 
81.155: Total time for which application threads were stopped: 0.0032590 seconds, Stopping threads took: 0.0000910 seconds
81.185: Application time: 0.0305060 seconds
81.185: [GC [PSYoungGen: 99920K->9840K(107520K)] 149218K->59138K(352768K), 0.0037280 secs] [Times: user=0.02 sys=0.00, real=0.01 secs] 
81.189: Total time for which application threads were stopped: 0.0038980 seconds, Stopping threads took: 0.0000730 seconds
81.223: Application time: 0.0344430 seconds
81.224: [GC [PSYoungGen: 102000K->8352K(107520K)] 151298K->57650K(352768K), 0.0031660 secs] [Times: user=0.02 sys=0.00, real=0.00 secs] 
81.227: Total time for which application threads were stopped: 0.0033830 seconds, Stopping threads took: 0.0001210 seconds
81.259: Application time: 0.0320310 seconds
81.259: [GC [PSYoungGen: 100512K->7856K(107520K)] 149810K->57154K(352768K), 0.0030830 secs] [Times: user=0.02 sys=0.00, real=0.00 secs] 
81.262: Total time for which application threads were stopped: 0.0032560 seconds, Stopping threads took: 0.0000830 seconds
81.288: Application time: 0.0259540 seconds
81.288: [GC [PSYoungGen: 100016K->7888K(107520K)] 149314K->57186K(352768K), 0.0030600 secs] [Times: user=0.02 sys=0.00, real=0.01 secs] 
81.291: Total time for which application threads were stopped: 0.0032690 seconds, Stopping threads took: 0.0001090 seconds
81.318: Application time: 0.0263140 seconds
81.320: [GC [PSYoungGen: 100048K->7968K(107520K)] 149346K->57266K(352768K), 0.0031800 secs] [Times: user=0.01 sys=0.00, real=0.00 secs] 
81.324: Total time for which application threads were stopped: 0.0060430 seconds, Stopping threads took: 0.0027600 seconds
81.363: Application time: 0.0393190 seconds
81.363: [GC [PSYoungGen: 100128K->8000K(107520K)] 149426K->57298K(352768K), 0.0030480 secs] [Times: user=0.02 sys=0.00, real=0.00 secs] 
81.366: Total time for which application threads were stopped: 0.0032440 seconds, Stopping threads took: 0.0001000 seconds
81.394: Application time: 0.0273230 seconds
81.394: [GC [PSYoungGen: 100160K->7760K(107520K)] 149458K->57058K(352768K), 0.0030020 secs] [Times: user=0.02 sys=0.00, real=0.01 secs] 
81.397: Total time for which application threads were stopped: 0.0032010 seconds, Stopping threads took: 0.0001040 seconds
81.426: Application time: 0.0296810 seconds
81.427: [GC [PSYoungGen: 99920K->7760K(107520K)] 149218K->57058K(352768K), 0.0030150 secs] [Times: user=0.02 sys=0.00, real=0.01 secs] 
81.430: Total time for which application threads were stopped: 0.0032000 seconds, Stopping threads took: 0.0000880 seconds
81.468: Application time: 0.0379340 seconds
81.468: [GC [PSYoungGen: 99920K->10384K(107520K)] 149218K->59738K(352768K), 0.0040320 secs] [Times: user=0.02 sys=0.00, real=0.01 secs] 
81.472: Total time for which application threads were stopped: 0.0042080 seconds, Stopping threads took: 0.0000760 seconds
81.501: Application time: 0.0289720 seconds
81.501: [GC [PSYoungGen: 102544K->7648K(107520K)] 151898K->57130K(352768K), 0.0030190 secs] [Times: user=0.02 sys=0.00, real=0.00 secs] 
81.504: Total time for which application threads were stopped: 0.0032150 seconds, Stopping threads took: 0.0000910 seconds
81.536: Application time: 0.0322350 seconds
81.536: [GC [PSYoungGen: 99808K->7664K(107520K)] 149290K->57146K(352768K), 0.0030010 secs] [Times: user=0.02 sys=0.00, real=0.00 secs] 
81.539: Total time for which application threads were stopped: 0.0032030 seconds, Stopping threads took: 0.0001070 seconds
81.561: Application time: 0.0212620 seconds
81.564: [GC [PSYoungGen: 99824K->8176K(107520K)] 149306K->57658K(352768K), 0.0031710 secs] [Times: user=0.02 sys=0.00, real=0.00 secs] 
81.568: Total time for which application threads were stopped: 0.0069220 seconds, Stopping threads took: 0.0036560 seconds
81.600: Application time: 0.0325150 seconds
81.600: [GC [PSYoungGen: 100336K->15328K(107520K)] 149818K->66007K(352768K), 0.0064850 secs] [Times: user=0.05 sys=0.00, real=0.00 secs] 
81.607: Total time for which application threads were stopped: 0.0066930 seconds, Stopping threads took: 0.0001070 seconds
81.641: Application time: 0.0342230 seconds
81.641: [GC [PSYoungGen: 107488K->13600K(107520K)] 158167K->64367K(352768K), 0.0052440 secs] [Times: user=0.04 sys=0.00, real=0.00 secs] 
81.646: Total time for which application threads were stopped: 0.0054170 seconds, Stopping threads took: 0.0000760 seconds
81.675: Application time: 0.0286560 seconds
81.675: [GC [PSYoungGen: 105760K->13296K(107520K)] 156527K->64063K(352768K), 0.0051620 secs] [Times: user=0.04 sys=0.00, real=0.01 secs] 
81.681: Total time for which application threads were stopped: 0.0054320 seconds, Stopping threads took: 0.0001390 seconds
81.715: Application time: 0.0349390 seconds
81.716: [GC [PSYoungGen: 105456K->14688K(107520K)] 156223K->65455K(352768K), 0.0056050 secs] [Times: user=0.04 sys=0.00, real=0.01 secs] 
81.721: Total time for which application threads were stopped: 0.0058100 seconds, Stopping threads took: 0.0001050 seconds
81.750: Application time: 0.0291540 seconds
81.751: [GC [PSYoungGen: 106848K->13840K(107520K)] 157615K->64655K(352768K), 0.0052170 secs] [Times: user=0.04 sys=0.00, real=0.00 secs] 
81.756: Total time for which application threads were stopped: 0.0053950 seconds, Stopping threads took: 0.0000780 seconds
81.790: Application time: 0.0344350 seconds
81.790: [GC [PSYoungGen: 106000K->13616K(107520K)] 156815K->64431K(352768K), 0.0052120 secs] [Times: user=0.04 sys=0.00, real=0.00 secs] 
81.796: Total time for which application threads were stopped: 0.0054000 seconds, Stopping threads took: 0.0000900 seconds
81.819: Application time: 0.0229690 seconds
81.819: [GC [PSYoungGen: 105776K->13424K(107520K)] 156591K->64239K(352768K), 0.0051840 secs] [Times: user=0.04 sys=0.00, real=0.00 secs] 
81.824: Total time for which application threads were stopped: 0.0053580 seconds, Stopping threads took: 0.0000760 seconds
81.852: Application time: 0.0280630 seconds
81.852: [GC [PSYoungGen: 105584K->13312K(107520K)] 156399K->64127K(352768K), 0.0051940 secs] [Times: user=0.03 sys=0.01, real=0.01 secs] 
81.857: Total time for which application threads were stopped: 0.0053750 seconds, Stopping threads took: 0.0000780 seconds
81.895: Application time: 0.0376690 seconds
81.895: [GC [PSYoungGen: 105472K->14096K(107520K)] 156287K->64911K(352768K), 0.0053690 secs] [Times: user=0.04 sys=0.00, real=0.01 secs] 
81.901: Total time for which application threads were stopped: 0.0055980 seconds, Stopping threads took: 0.0001280 seconds
81.930: Application time: 0.0288620 seconds
81.930: [GC [PSYoungGen: 106256K->13552K(107520K)] 157071K->64367K(352768K), 0.0053230 secs] [Times: user=0.03 sys=0.00, real=0.00 secs] 
81.935: Total time for which application threads were stopped: 0.0054930 seconds, Stopping threads took: 0.0000710 seconds
81.966: Application time: 0.0312580 seconds
81.966: [GC [PSYoungGen: 105712K->13600K(107520K)] 156527K->64415K(352768K), 0.0051940 secs] [Times: user=0.04 sys=0.00, real=0.01 secs] 
81.972: Total time for which application threads were stopped: 0.0053820 seconds, Stopping threads took: 0.0000900 seconds
82.006: Application time: 0.0343870 seconds
82.006: [GC [PSYoungGen: 105760K->13744K(107520K)] 156575K->64559K(352768K), 0.0052350 secs] [Times: user=0.04 sys=0.00, real=0.01 secs] 
82.012: Total time for which application threads were stopped: 0.0054270 seconds, Stopping threads took: 0.0000930 seconds
82.043: Application time: 0.0317110 seconds
82.043: [GC [PSYoungGen: 105904K->13856K(107520K)] 156719K->64671K(352768K), 0.0053540 secs] [Times: user=0.04 sys=0.00, real=0.01 secs] 
82.049: Total time for which application threads were stopped: 0.0055540 seconds, Stopping threads took: 0.0000990 seconds
82.078: Application time: 0.0289010 seconds
82.078: [GC [PSYoungGen: 106016K->13568K(107520K)] 156831K->64383K(352768K), 0.0052490 secs] [Times: user=0.04 sys=0.00, real=0.00 secs] 
82.083: Total time for which application threads were stopped: 0.0054410 seconds, Stopping threads took: 0.0000940 seconds
82.106: Application time: 0.0226850 seconds
82.106: [GC [PSYoungGen: 105728K->13712K(107520K)] 156543K->64527K(352768K), 0.0052420 secs] [Times: user=0.04 sys=0.00, real=0.01 secs] 
82.111: Total time for which application threads were stopped: 0.0054100 seconds, Stopping threads took: 0.0000690 seconds
82.151: Application time: 0.0393710 seconds
82.151: [GC [PSYoungGen: 105872K->9984K(107520K)] 156687K->66692K(352768K), 0.0055410 secs] [Times: user=0.04 sys=0.00, real=0.01 secs] 
82.156: Total time for which application threads were stopped: 0.0057310 seconds, Stopping threads took: 0.0000630 seconds
82.193: Application time: 0.0361440 seconds
82.193: [GC [PSYoungGen: 102144K->7760K(107520K)] 158852K->64468K(352768K), 0.0033390 secs] [Times: user=0.01 sys=0.00, real=0.00 secs] 
82.196: Total time for which application threads were stopped: 0.0035750 seconds, Stopping threads took: 0.0001170 seconds
82.227: Application time: 0.0311180 seconds
82.227: [GC [PSYoungGen: 99920K->7872K(107520K)] 156628K->64580K(352768K), 0.0031160 secs] [Times: user=0.02 sys=0.00, real=0.01 secs] 
82.231: Total time for which application threads were stopped: 0.0033250 seconds, Stopping threads took: 0.0001130 seconds
82.266: Application time: 0.0354510 seconds
82.266: [GC [PSYoungGen: 100032K->9856K(107520K)] 156740K->66564K(352768K), 0.0038280 secs] [Times: user=0.03 sys=0.00, real=0.01 secs] 
82.270: Total time for which application threads were stopped: 0.0040020 seconds, Stopping threads took: 0.0000730 seconds
82.302: Application time: 0.0319280 seconds
82.302: [GC [PSYoungGen: 102016K->7872K(107520K)] 158724K->64704K(352768K), 0.0031640 secs] [Times: user=0.03 sys=0.00, real=0.00 secs] 
82.305: Total time for which application threads were stopped: 0.0033540 seconds, Stopping threads took: 0.0000950 seconds
82.337: Application time: 0.0319940 seconds
82.337: [GC [PSYoungGen: 100032K->7936K(107520K)] 156864K->64816K(352768K), 0.0031370 secs] [Times: user=0.02 sys=0.00, real=0.00 secs] 
82.341: Total time for which application threads were stopped: 0.0033150 seconds, Stopping threads took: 0.0000810 seconds
82.365: Application time: 0.0246810 seconds
82.365: [GC [PSYoungGen: 100096K->7696K(107520K)] 156976K->64576K(352768K), 0.0030820 secs] [Times: user=0.02 sys=0.00, real=0.01 secs] 
82.369: Total time for which application threads were stopped: 0.0032570 seconds, Stopping threads took: 0.0000790 seconds
82.396: Application time: 0.0271470 seconds
82.396: [GC [PSYoungGen: 99856K->11136K(107520K)] 156736K->68016K(352768K), 0.0043340 secs] [Times: user=0.03 sys=0.00, real=0.01 secs] 
82.400: Total time for which application threads were stopped: 0.0045360 seconds, Stopping threads took: 0.0001100 seconds
82.436: Application time: 0.0355250 seconds
82.436: [GC [PSYoungGen: 103296K->8768K(107520K)] 160176K->65760K(352768K), 0.0033360 secs] [Times: user=0.03 sys=0.00, real=0.01 secs] 
82.439: Total time for which application threads were stopped: 0.0035150 seconds, Stopping threads took: 0.0000840 seconds
82.468: Application time: 0.0284800 seconds
82.468: [GC [PSYoungGen: 100928K->7648K(107520K)] 157920K->64640K(352768K), 0.0030270 secs] [Times: user=0.02 sys=0.00, real=0.01 secs] 
82.471: Total time for which application threads were stopped: 0.0032220 seconds, Stopping threads took: 0.0001010 seconds
82.504: Application time: 0.0328050 seconds
82.504: [GC [PSYoungGen: 99808K->8000K(107520K)] 156800K->64992K(352768K), 0.0031460 secs] [Times: user=0.03 sys=0.00, real=0.00 secs] 
82.507: Total time for which application threads were stopped: 0.0033260 seconds, Stopping threads took: 0.0000850 seconds
82.541: Application time: 0.0339210 seconds
82.541: [GC [PSYoungGen: 100160K->10304K(107520K)] 157152K->67296K(352768K), 0.0039340 secs] [Times: user=0.02 sys=0.00, real=0.00 secs] 
82.545: Total time for which application threads were stopped: 0.0040990 seconds, Stopping threads took: 0.0000650 seconds
82.576: Application time: 0.0310730 seconds
82.576: [GC [PSYoungGen: 102464K->7792K(107520K)] 159456K->64825K(352768K), 0.0031800 secs] [Times: user=0.02 sys=0.00, real=0.00 secs] 
82.580: Total time for which application threads were stopped: 0.0033700 seconds, Stopping threads took: 0.0000950 seconds
82.608: Application time: 0.0280080 seconds
82.608: [GC [PSYoungGen: 99952K->7808K(107520K)] 156985K->64841K(352768K), 0.0030040 secs] [Times: user=0.02 sys=0.00, real=0.00 secs] 
82.611: Total time for which application threads were stopped: 0.0038420 seconds, Stopping threads took: 0.0007420 seconds
82.635: Application time: 0.0235040 seconds
82.635: [GC [PSYoungGen: 99968K->7824K(107520K)] 157001K->64857K(352768K), 0.0058550 secs] [Times: user=0.02 sys=0.00, real=0.01 secs] 
82.641: Total time for which application threads were stopped: 0.0060280 seconds, Stopping threads took: 0.0000810 seconds
82.675: Application time: 0.0345080 seconds
82.676: [GC [PSYoungGen: 99984K->11520K(107520K)] 157017K->68553K(352768K), 0.0043340 secs] [Times: user=0.03 sys=0.00, real=0.01 secs] 
82.680: Total time for which application threads were stopped: 0.0045280 seconds, Stopping threads took: 0.0000940 seconds
82.710: Application time: 0.0303100 seconds
82.711: [GC [PSYoungGen: 103680K->7984K(107520K)] 160713K->65017K(352768K), 0.0031040 secs] [Times: user=0.02 sys=0.00, real=0.00 secs] 
82.714: Total time for which application threads were stopped: 0.0033150 seconds, Stopping threads took: 0.0000970 seconds
82.746: Application time: 0.0323250 seconds
82.746: [GC [PSYoungGen: 100144K->9616K(107520K)] 157177K->66648K(352768K), 0.0037570 secs] [Times: user=0.02 sys=0.00, real=0.01 secs] 
82.750: Total time for which application threads were stopped: 0.0039630 seconds, Stopping threads took: 0.0001120 seconds
82.784: Application time: 0.0339050 seconds
82.784: [GC [PSYoungGen: 101776K->8448K(107520K)] 158808K->65481K(352768K), 0.0032320 secs] [Times: user=0.03 sys=0.00, real=0.00 secs] 
82.787: Total time for which application threads were stopped: 0.0034250 seconds, Stopping threads took: 0.0000940 seconds
82.819: Application time: 0.0317920 seconds
82.820: [GC [PSYoungGen: 100608K->7824K(107520K)] 157641K->64857K(352768K), 0.0030670 secs] [Times: user=0.02 sys=0.00, real=0.00 secs] 
82.823: Total time for which application threads were stopped: 0.0044180 seconds, Stopping threads took: 0.0012570 seconds
82.854: Application time: 0.0308520 seconds
82.855: [GC [PSYoungGen: 99984K->7952K(107520K)] 157017K->64985K(352768K), 0.0031670 secs] [Times: user=0.02 sys=0.00, real=0.01 secs] 
82.858: Total time for which application threads were stopped: 0.0033760 seconds, Stopping threads took: 0.0001100 seconds
82.881: Application time: 0.0231400 seconds
82.881: [GC [PSYoungGen: 100112K->8240K(107520K)] 157145K->65273K(352768K), 0.0031210 secs] [Times: user=0.02 sys=0.00, real=0.00 secs] 
82.884: Total time for which application threads were stopped: 0.0033210 seconds, Stopping threads took: 0.0001060 seconds
82.914: Application time: 0.0301940 seconds
82.915: [GC [PSYoungGen: 100400K->11760K(107520K)] 157433K->68793K(352768K), 0.0045070 secs] [Times: user=0.03 sys=0.00, real=0.01 secs] 
82.919: Total time for which application threads were stopped: 0.0047020 seconds, Stopping threads took: 0.0000860 seconds
82.952: Application time: 0.0327610 seconds
82.952: [GC [PSYoungGen: 103920K->10032K(107520K)] 160953K->67065K(352768K), 0.0038500 secs] [Times: user=0.02 sys=0.00, real=0.00 secs] 
82.956: Total time for which application threads were stopped: 0.0040100 seconds, Stopping threads took: 0.0000590 seconds
82.985: Application time: 0.0295720 seconds
82.986: [GC [PSYoungGen: 102192K->8016K(107520K)] 159225K->65049K(352768K), 0.0030840 secs] [Times: user=0.02 sys=0.00, real=0.01 secs] 
82.989: Total time for which application threads were stopped: 0.0032690 seconds, Stopping threads took: 0.0000880 seconds
83.023: Application time: 0.0347160 seconds
83.024: [GC [PSYoungGen: 100176K->9936K(107520K)] 157209K->66969K(352768K), 0.0038490 secs] [Times: user=0.02 sys=0.01, real=0.00 secs] 
83.028: Total time for which application threads were stopped: 0.0048670 seconds, Stopping threads took: 0.0009100 seconds
83.061: Application time: 0.0323740 seconds
83.061: [GC [PSYoungGen: 102096K->9696K(107520K)] 159129K->66777K(352768K), 0.0038450 secs] [Times: user=0.03 sys=0.00, real=0.00 secs] 
83.065: Total time for which application threads were stopped: 0.0040310 seconds, Stopping threads took: 0.0000920 seconds
83.097: Application time: 0.0324170 seconds
83.097: [GC [PSYoungGen: 101856K->7696K(107520K)] 158937K->64905K(352768K), 0.0031210 secs] [Times: user=0.01 sys=0.00, real=0.00 secs] 
83.100: Total time for which application threads were stopped: 0.0033150 seconds, Stopping threads took: 0.0001010 seconds
83.127: Application time: 0.0266720 seconds
83.127: [GC [PSYoungGen: 99856K->7920K(107520K)] 157065K->65129K(352768K), 0.0031160 secs] [Times: user=0.02 sys=0.00, real=0.01 secs] 
83.130: Total time for which application threads were stopped: 0.0033230 seconds, Stopping threads took: 0.0001080 seconds
83.156: Application time: 0.0255360 seconds
83.156: [GC [PSYoungGen: 100080K->7696K(107520K)] 157289K->64961K(352768K), 0.0031220 secs] [Times: user=0.02 sys=0.00, real=0.01 secs] 
83.159: Total time for which application threads were stopped: 0.0032910 seconds, Stopping threads took: 0.0000730 seconds
83.193: Application time: 0.0338130 seconds
83.193: [GC [PSYoungGen: 99856K->8816K(107520K)] 157121K->66137K(352768K), 0.0033040 secs] [Times: user=0.03 sys=0.00, real=0.01 secs] 
83.197: Total time for which application threads were stopped: 0.0034770 seconds, Stopping threads took: 0.0000750 seconds
83.226: Application time: 0.0294170 seconds
83.226: [GC [PSYoungGen: 100976K->7888K(107520K)] 158297K->65265K(352768K), 0.0032150 secs] [Times: user=0.02 sys=0.00, real=0.01 secs] 
83.229: Total time for which application threads were stopped: 0.0034090 seconds, Stopping threads took: 0.0000820 seconds
83.260: Application time: 0.0308360 seconds
83.260: [GC [PSYoungGen: 100048K->10112K(107520K)] 157425K->67489K(352768K), 0.0038630 secs] [Times: user=0.03 sys=0.00, real=0.00 secs] 
83.264: Total time for which application threads were stopped: 0.0040720 seconds, Stopping threads took: 0.0001030 seconds
83.301: Application time: 0.0365810 seconds
83.304: [GC [PSYoungGen: 102272K->9680K(107520K)] 159649K->67057K(352768K), 0.0038540 secs] [Times: user=0.03 sys=0.00, real=0.00 secs] 
83.308: Total time for which application threads were stopped: 0.0074030 seconds, Stopping threads took: 0.0034420 seconds
83.340: Application time: 0.0312670 seconds
83.340: [GC [PSYoungGen: 101840K->7872K(107520K)] 159217K->65297K(352768K), 0.0030560 secs] [Times: user=0.02 sys=0.00, real=0.00 secs] 
83.343: Total time for which application threads were stopped: 0.0032240 seconds, Stopping threads took: 0.0000710 seconds
83.374: Application time: 0.0312270 seconds
83.374: [GC [PSYoungGen: 100032K->7632K(107520K)] 157457K->65057K(352768K), 0.0029710 secs] [Times: user=0.02 sys=0.00, real=0.01 secs] 
83.377: Total time for which application threads were stopped: 0.0031420 seconds, Stopping threads took: 0.0000780 seconds
83.400: Application time: 0.0223490 seconds
83.400: [GC [PSYoungGen: 99792K->8144K(107520K)] 157217K->65569K(352768K), 0.0031350 secs] [Times: user=0.02 sys=0.00, real=0.00 secs] 
83.403: Total time for which application threads were stopped: 0.0033300 seconds, Stopping threads took: 0.0000950 seconds
83.434: Application time: 0.0306730 seconds
83.434: [GC [PSYoungGen: 100304K->13456K(107520K)] 157729K->70881K(352768K), 0.0051890 secs] [Times: user=0.04 sys=0.00, real=0.01 secs] 
83.439: Total time for which application threads were stopped: 0.0053430 seconds, Stopping threads took: 0.0000560 seconds
83.470: Application time: 0.0311060 seconds
83.470: [GC [PSYoungGen: 105616K->9968K(107520K)] 163041K->67393K(352768K), 0.0038860 secs] [Times: user=0.03 sys=0.00, real=0.00 secs] 
83.474: Total time for which application threads were stopped: 0.0040810 seconds, Stopping threads took: 0.0000970 seconds
83.504: Application time: 0.0302610 seconds
83.508: [GC [PSYoungGen: 102128K->8080K(107520K)] 159553K->65505K(352768K), 0.0030620 secs] [Times: user=0.02 sys=0.00, real=0.00 secs] 
83.512: Total time for which application threads were stopped: 0.0071880 seconds, Stopping threads took: 0.0040280 seconds
83.547: Application time: 0.0353650 seconds
83.548: [GC [PSYoungGen: 100240K->8096K(107520K)] 157665K->65521K(352768K), 0.0031860 secs] [Times: user=0.02 sys=0.00, real=0.00 secs] 
83.552: Total time for which application threads were stopped: 0.0047680 seconds, Stopping threads took: 0.0014820 seconds
83.584: Application time: 0.0320260 seconds
83.584: [GC [PSYoungGen: 100256K->7888K(107520K)] 157681K->65313K(352768K), 0.0031000 secs] [Times: user=0.02 sys=0.00, real=0.00 secs] 
83.587: Total time for which application threads were stopped: 0.0032830 seconds, Stopping threads took: 0.0000870 seconds
83.619: Application time: 0.0322650 seconds
83.619: [GC [PSYoungGen: 100048K->7808K(107520K)] 157473K->65233K(352768K), 0.0031240 secs] [Times: user=0.02 sys=0.00, real=0.00 secs] 
83.623: Total time for which application threads were stopped: 0.0032930 seconds, Stopping threads took: 0.0000730 seconds
83.648: Application time: 0.0251560 seconds
83.648: [GC [PSYoungGen: 99968K->7744K(107520K)] 157393K->65169K(352768K), 0.0031160 secs] [Times: user=0.02 sys=0.00, real=0.01 secs] 
83.651: Total time for which application threads were stopped: 0.0033130 seconds, Stopping threads took: 0.0001020 seconds
83.678: Application time: 0.0266050 seconds
83.680: [GC [PSYoungGen: 99904K->9024K(107520K)] 157329K->66449K(352768K), 0.0034610 secs] [Times: user=0.02 sys=0.00, real=0.00 secs] 
83.684: Total time for which application threads were stopped: 0.0062830 seconds, Stopping threads took: 0.0027230 seconds
83.719: Application time: 0.0346860 seconds
83.719: [GC [PSYoungGen: 101184K->10496K(107520K)] 158609K->67921K(352768K), 0.0038960 secs] [Times: user=0.03 sys=0.00, real=0.00 secs] 
83.723: Total time for which application threads were stopped: 0.0040730 seconds, Stopping threads took: 0.0000790 seconds
83.751: Application time: 0.0286820 seconds
83.752: [GC [PSYoungGen: 102656K->8144K(107520K)] 160081K->65569K(352768K), 0.0033170 secs] [Times: user=0.01 sys=0.00, real=0.00 secs] 
83.756: Total time for which application threads were stopped: 0.0044280 seconds, Stopping threads took: 0.0009970 seconds
83.789: Application time: 0.0332360 seconds
83.789: [GC [PSYoungGen: 100304K->7872K(107520K)] 157729K->65297K(352768K), 0.0031160 secs] [Times: user=0.01 sys=0.01, real=0.00 secs] 
83.792: Total time for which application threads were stopped: 0.0033120 seconds, Stopping threads took: 0.0000930 seconds
83.827: Application time: 0.0349650 seconds
83.827: [GC [PSYoungGen: 100032K->9744K(107520K)] 157457K->67169K(352768K), 0.0037810 secs] [Times: user=0.02 sys=0.00, real=0.01 secs] 
83.831: Total time for which application threads were stopped: 0.0039700 seconds, Stopping threads took: 0.0000870 seconds
83.863: Application time: 0.0322200 seconds
83.864: [GC [PSYoungGen: 101904K->7936K(107520K)] 159329K->65481K(352768K), 0.0031740 secs] [Times: user=0.02 sys=0.00, real=0.00 secs] 
83.867: Total time for which application threads were stopped: 0.0033650 seconds, Stopping threads took: 0.0000880 seconds
83.896: Application time: 0.0289260 seconds
83.896: [GC [PSYoungGen: 100096K->7728K(107520K)] 157641K->65321K(352768K), 0.0030750 secs] [Times: user=0.02 sys=0.00, real=0.01 secs] 
83.899: Total time for which application threads were stopped: 0.0032710 seconds, Stopping threads took: 0.0000990 seconds
83.923: Application time: 0.0242750 seconds
83.924: [GC [PSYoungGen: 99888K->7856K(107520K)] 157481K->65497K(352768K), 0.0029990 secs] [Times: user=0.02 sys=0.00, real=0.00 secs] 
83.927: Total time for which application threads were stopped: 0.0041180 seconds, Stopping threads took: 0.0010210 seconds
83.959: Application time: 0.0311880 seconds
83.959: [GC [PSYoungGen: 100016K->9408K(107520K)] 157657K->67105K(352768K), 0.0035030 secs] [Times: user=0.03 sys=0.00, real=0.00 secs] 
83.962: Total time for which application threads were stopped: 0.0036720 seconds, Stopping threads took: 0.0000690 seconds
83.993: Application time: 0.0307690 seconds
83.993: [GC [PSYoungGen: 101568K->8224K(107520K)] 159265K->65977K(352768K), 0.0031730 secs] [Times: user=0.03 sys=0.00, real=0.01 secs] 
83.996: Total time for which application threads were stopped: 0.0033650 seconds, Stopping threads took: 0.0000940 seconds
84.028: Application time: 0.0313320 seconds
84.028: [GC [PSYoungGen: 100384K->8048K(107520K)] 158137K->65801K(352768K), 0.0030710 secs] [Times: user=0.02 sys=0.00, real=0.01 secs] 
84.031: Total time for which application threads were stopped: 0.0032770 seconds, Stopping threads took: 0.0001070 seconds
84.066: Application time: 0.0352710 seconds
84.066: [GC [PSYoungGen: 100208K->8032K(107520K)] 157961K->65785K(352768K), 0.0030800 secs] [Times: user=0.02 sys=0.00, real=0.01 secs] 
84.070: Total time for which application threads were stopped: 0.0032590 seconds, Stopping threads took: 0.0000800 seconds
84.102: Application time: 0.0321920 seconds
84.102: [GC [PSYoungGen: 100192K->7552K(107520K)] 157945K->65361K(352768K), 0.0029760 secs] [Times: user=0.02 sys=0.00, real=0.00 secs] 
84.105: Total time for which application threads were stopped: 0.0031680 seconds, Stopping threads took: 0.0000980 seconds
84.137: Application time: 0.0322810 seconds
84.137: [GC [PSYoungGen: 99712K->7776K(107520K)] 157521K->65585K(352768K), 0.0031370 secs] [Times: user=0.02 sys=0.00, real=0.00 secs] 
84.141: Total time for which application threads were stopped: 0.0033210 seconds, Stopping threads took: 0.0000870 seconds
84.165: Application time: 0.0246580 seconds
84.165: [GC [PSYoungGen: 99936K->7824K(107520K)] 157745K->65633K(352768K), 0.0031280 secs] [Times: user=0.01 sys=0.00, real=0.01 secs] 
84.169: Total time for which application threads were stopped: 0.0033020 seconds, Stopping threads took: 0.0000740 seconds
84.194: Application time: 0.0256390 seconds
84.194: [GC [PSYoungGen: 99984K->9760K(107520K)] 157793K->67569K(352768K), 0.0037620 secs] [Times: user=0.02 sys=0.00, real=0.01 secs] 
84.198: Total time for which application threads were stopped: 0.0039590 seconds, Stopping threads took: 0.0000970 seconds
84.231: Application time: 0.0327740 seconds
84.231: [GC [PSYoungGen: 101920K->10336K(107520K)] 159729K->68145K(352768K), 0.0039030 secs] [Times: user=0.02 sys=0.00, real=0.00 secs] 
84.235: Total time for which application threads were stopped: 0.0040990 seconds, Stopping threads took: 0.0000950 seconds
84.266: Application time: 0.0306520 seconds
84.266: [GC [PSYoungGen: 102496K->9456K(107520K)] 160305K->67265K(352768K), 0.0036100 secs] [Times: user=0.02 sys=0.00, real=0.01 secs] 
84.270: Total time for which application threads were stopped: 0.0038300 seconds, Stopping threads took: 0.0001050 seconds
84.303: Application time: 0.0337600 seconds
84.303: [GC [PSYoungGen: 101616K->8208K(107520K)] 159425K->66017K(352768K), 0.0031730 secs] [Times: user=0.02 sys=0.00, real=0.00 secs] 
84.307: Total time for which application threads were stopped: 0.0033690 seconds, Stopping threads took: 0.0001000 seconds
84.342: Application time: 0.0349040 seconds
84.342: [GC [PSYoungGen: 100368K->9920K(107520K)] 158177K->67729K(352768K), 0.0037900 secs] [Times: user=0.03 sys=0.00, real=0.00 secs] 
84.346: Total time for which application threads were stopped: 0.0039690 seconds, Stopping threads took: 0.0000780 seconds
84.377: Application time: 0.0317230 seconds
84.377: [GC [PSYoungGen: 102080K->7712K(107520K)] 159889K->65521K(352768K), 0.0030390 secs] [Times: user=0.02 sys=0.00, real=0.00 secs] 
84.380: Total time for which application threads were stopped: 0.0031980 seconds, Stopping threads took: 0.0000630 seconds
84.408: Application time: 0.0274990 seconds
84.412: [GC [PSYoungGen: 99872K->7968K(107520K)] 157681K->65777K(352768K), 0.0031190 secs] [Times: user=0.02 sys=0.00, real=0.00 secs] 
84.416: Total time for which application threads were stopped: 0.0076210 seconds, Stopping threads took: 0.0044050 seconds
84.440: Application time: 0.0246250 seconds
84.440: [GC [PSYoungGen: 100128K->8032K(107520K)] 157937K->65841K(352768K), 0.0031440 secs] [Times: user=0.02 sys=0.00, real=0.00 secs] 
84.444: Total time for which application threads were stopped: 0.0033530 seconds, Stopping threads took: 0.0001160 seconds
84.475: Application time: 0.0316580 seconds
84.475: [GC [PSYoungGen: 100192K->10640K(107520K)] 158001K->68449K(352768K), 0.0039960 secs] [Times: user=0.03 sys=0.00, real=0.01 secs] 
84.479: Total time for which application threads were stopped: 0.0041810 seconds, Stopping threads took: 0.0000860 seconds
84.511: Application time: 0.0313460 seconds
84.512: [GC [PSYoungGen: 102800K->7920K(107520K)] 160609K->65729K(352768K), 0.0030690 secs] [Times: user=0.02 sys=0.00, real=0.00 secs] 
84.515: Total time for which application threads were stopped: 0.0047480 seconds, Stopping threads took: 0.0015830 seconds
84.546: Application time: 0.0309750 seconds
84.547: [GC [PSYoungGen: 100080K->7792K(107520K)] 157889K->65601K(352768K), 0.0030570 secs] [Times: user=0.02 sys=0.00, real=0.01 secs] 
84.550: Total time for which application threads were stopped: 0.0032510 seconds, Stopping threads took: 0.0001000 seconds
84.586: Application time: 0.0366170 seconds
84.586: [GC [PSYoungGen: 99952K->8000K(107520K)] 157761K->65809K(352768K), 0.0031820 secs] [Times: user=0.02 sys=0.00, real=0.01 secs] 
84.590: Total time for which application threads were stopped: 0.0033790 seconds, Stopping threads took: 0.0001010 seconds
84.621: Application time: 0.0308860 seconds
84.621: [GC [PSYoungGen: 100160K->7776K(107520K)] 157969K->65641K(352768K), 0.0031110 secs] [Times: user=0.02 sys=0.00, real=0.00 secs] 
84.624: Total time for which application threads were stopped: 0.0033000 seconds, Stopping threads took: 0.0000930 seconds
84.655: Application time: 0.0315580 seconds
84.656: [GC [PSYoungGen: 99936K->7824K(107520K)] 157801K->65813K(352768K), 0.0030970 secs] [Times: user=0.03 sys=0.00, real=0.01 secs] 
84.659: Total time for which application threads were stopped: 0.0032960 seconds, Stopping threads took: 0.0001030 seconds
84.683: Application time: 0.0239230 seconds
84.683: [GC [PSYoungGen: 99984K->7696K(107520K)] 157973K->65733K(352768K), 0.0030300 secs] [Times: user=0.02 sys=0.00, real=0.00 secs] 
84.686: Total time for which application threads were stopped: 0.0032170 seconds, Stopping threads took: 0.0000930 seconds
84.712: Application time: 0.0265570 seconds
84.713: [GC [PSYoungGen: 99856K->11104K(107520K)] 157893K->69141K(352768K), 0.0043040 secs] [Times: user=0.03 sys=0.00, real=0.01 secs] 
84.717: Total time for which application threads were stopped: 0.0044920 seconds, Stopping threads took: 0.0000890 seconds
84.750: Application time: 0.0329790 seconds
84.750: [GC [PSYoungGen: 103264K->9920K(107520K)] 161301K->68041K(352768K), 0.0039040 secs] [Times: user=0.02 sys=0.00, real=0.00 secs] 
84.754: Total time for which application threads were stopped: 0.0040870 seconds, Stopping threads took: 0.0000860 seconds
84.785: Application time: 0.0308480 seconds
84.785: [GC [PSYoungGen: 102080K->9824K(107520K)] 160201K->67945K(352768K), 0.0037980 secs] [Times: user=0.02 sys=0.00, real=0.01 secs] 
84.789: Total time for which application threads were stopped: 0.0039910 seconds, Stopping threads took: 0.0000710 seconds
84.822: Application time: 0.0332770 seconds
84.822: [GC [PSYoungGen: 101984K->8528K(107520K)] 160105K->66649K(352768K), 0.0033480 secs] [Times: user=0.02 sys=0.00, real=0.00 secs] 
84.826: Total time for which application threads were stopped: 0.0035360 seconds, Stopping threads took: 0.0000920 seconds
84.861: Application time: 0.0353600 seconds
84.861: [GC [PSYoungGen: 100688K->8176K(107520K)] 158809K->66353K(352768K), 0.0032210 secs] [Times: user=0.03 sys=0.00, real=0.00 secs] 
84.864: Total time for which application threads were stopped: 0.0034090 seconds, Stopping threads took: 0.0000930 seconds
84.895: Application time: 0.0305900 seconds
84.895: [GC [PSYoungGen: 100336K->7872K(107520K)] 158513K->66049K(352768K), 0.0031210 secs] [Times: user=0.02 sys=0.00, real=0.01 secs] 
84.898: Total time for which application threads were stopped: 0.0033250 seconds, Stopping threads took: 0.0001070 seconds
84.925: Application time: 0.0269610 seconds
84.925: [GC [PSYoungGen: 100032K->7904K(107520K)] 158209K->66081K(352768K), 0.0030530 secs] [Times: user=0.02 sys=0.00, real=0.01 secs] 
84.929: Total time for which application threads were stopped: 0.0032390 seconds, Stopping threads took: 0.0000870 seconds
84.953: Application time: 0.0246170 seconds
84.953: [GC [PSYoungGen: 100064K->8176K(107520K)] 158241K->66353K(352768K), 0.0031090 secs] [Times: user=0.02 sys=0.00, real=0.01 secs] 
84.957: Total time for which application threads were stopped: 0.0032880 seconds, Stopping threads took: 0.0000860 seconds
84.988: Application time: 0.0311630 seconds
84.988: [GC [PSYoungGen: 100336K->9984K(107520K)] 158513K->68161K(352768K), 0.0038540 secs] [Times: user=0.03 sys=0.00, real=0.01 secs] 
84.992: Total time for which application threads were stopped: 0.0040350 seconds, Stopping threads took: 0.0000830 seconds
85.025: Application time: 0.0331140 seconds
85.025: [GC [PSYoungGen: 102144K->10016K(107520K)] 160321K->68193K(352768K), 0.0038320 secs] [Times: user=0.03 sys=0.00, real=0.01 secs] 
85.029: Total time for which application threads were stopped: 0.0040010 seconds, Stopping threads took: 0.0000740 seconds
85.059: Application time: 0.0300110 seconds
85.059: [GC [PSYoungGen: 102176K->7808K(107520K)] 160353K->65985K(352768K), 0.0030650 secs] [Times: user=0.02 sys=0.00, real=0.00 secs] 
85.062: Total time for which application threads were stopped: 0.0032690 seconds, Stopping threads took: 0.0001080 seconds
85.099: Application time: 0.0371110 seconds
85.099: [GC [PSYoungGen: 99968K->9728K(107520K)] 158145K->67905K(352768K), 0.0037940 secs] [Times: user=0.02 sys=0.00, real=0.00 secs] 
85.103: Total time for which application threads were stopped: 0.0039970 seconds, Stopping threads took: 0.0001060 seconds
85.134: Application time: 0.0310760 seconds
85.134: [GC [PSYoungGen: 101888K->7840K(107520K)] 160065K->66017K(352768K), 0.0031230 secs] [Times: user=0.02 sys=0.00, real=0.01 secs] 
85.138: Total time for which application threads were stopped: 0.0033260 seconds, Stopping threads took: 0.0001060 seconds
85.167: Application time: 0.0295620 seconds
85.167: [GC [PSYoungGen: 100000K->7936K(107520K)] 158177K->66113K(352768K), 0.0030890 secs] [Times: user=0.02 sys=0.00, real=0.01 secs] 
85.170: Total time for which application threads were stopped: 0.0032750 seconds, Stopping threads took: 0.0000880 seconds
85.196: Application time: 0.0253020 seconds
85.196: [GC [PSYoungGen: 100096K->7968K(107520K)] 158273K->66145K(352768K), 0.0030670 secs] [Times: user=0.02 sys=0.00, real=0.01 secs] 
85.199: Total time for which application threads were stopped: 0.0032780 seconds, Stopping threads took: 0.0001140 seconds
85.226: Application time: 0.0273040 seconds
85.228: [GC [PSYoungGen: 100128K->10992K(107520K)] 158305K->69169K(352768K), 0.0041490 secs] [Times: user=0.03 sys=0.00, real=0.00 secs] 
85.233: Total time for which application threads were stopped: 0.0062230 seconds, Stopping threads took: 0.0019750 seconds
85.265: Application time: 0.0327440 seconds
85.265: [GC [PSYoungGen: 103152K->10736K(107520K)] 161329K->68913K(352768K), 0.0041080 secs] [Times: user=0.02 sys=0.00, real=0.01 secs] 
85.270: Total time for which application threads were stopped: 0.0042980 seconds, Stopping threads took: 0.0000940 seconds
85.302: Application time: 0.0320670 seconds
85.302: [GC [PSYoungGen: 102896K->8176K(107520K)] 161073K->66353K(352768K), 0.0031170 secs] [Times: user=0.02 sys=0.00, real=0.00 secs] 
85.305: Total time for which application threads were stopped: 0.0033320 seconds, Stopping threads took: 0.0000970 seconds
85.338: Application time: 0.0330880 seconds
85.338: [GC [PSYoungGen: 100336K->9712K(107520K)] 158513K->67889K(352768K), 0.0038490 secs] [Times: user=0.03 sys=0.00, real=0.00 secs] 
85.342: Total time for which application threads were stopped: 0.0040350 seconds, Stopping threads took: 0.0000880 seconds
85.376: Application time: 0.0338540 seconds
85.376: [GC [PSYoungGen: 101872K->8192K(107520K)] 160049K->66425K(352768K), 0.0031990 secs] [Times: user=0.02 sys=0.00, real=0.01 secs] 
85.379: Total time for which application threads were stopped: 0.0033810 seconds, Stopping threads took: 0.0000860 seconds
85.411: Application time: 0.0315850 seconds
85.411: [GC [PSYoungGen: 100352K->7808K(107520K)] 158585K->66153K(352768K), 0.0030780 secs] [Times: user=0.02 sys=0.00, real=0.00 secs] 
85.414: Total time for which application threads were stopped: 0.0032760 seconds, Stopping threads took: 0.0001020 seconds
85.439: Application time: 0.0247650 seconds
85.439: [GC [PSYoungGen: 99968K->7536K(107520K)] 158313K->65930K(352768K), 0.0030710 secs] [Times: user=0.02 sys=0.00, real=0.00 secs] 
85.442: Total time for which application threads were stopped: 0.0032370 seconds, Stopping threads took: 0.0000730 seconds
85.470: Application time: 0.0272770 seconds
85.470: [GC [PSYoungGen: 99696K->9488K(107520K)] 158090K->67881K(352768K), 0.0036580 secs] [Times: user=0.03 sys=0.00, real=0.00 secs] 
85.473: Total time for which application threads were stopped: 0.0038410 seconds, Stopping threads took: 0.0000830 seconds
85.504: Application time: 0.0310690 seconds
85.508: [GC [PSYoungGen: 101648K->11792K(107520K)] 160041K->70242K(352768K), 0.0044940 secs] [Times: user=0.03 sys=0.00, real=0.00 secs] 
85.513: Total time for which application threads were stopped: 0.0084640 seconds, Stopping threads took: 0.0038690 seconds
85.546: Application time: 0.0335400 seconds
85.547: [GC [PSYoungGen: 103952K->8832K(107520K)] 162402K->67330K(352768K), 0.0034530 secs] [Times: user=0.02 sys=0.00, real=0.01 secs] 
85.550: Total time for which application threads were stopped: 0.0036370 seconds, Stopping threads took: 0.0000860 seconds
85.581: Application time: 0.0310580 seconds
85.581: [GC [PSYoungGen: 100992K->7552K(107520K)] 159490K->66050K(352768K), 0.0029620 secs] [Times: user=0.02 sys=0.01, real=0.00 secs] 
85.584: Total time for which application threads were stopped: 0.0031670 seconds, Stopping threads took: 0.0001030 seconds
85.621: Application time: 0.0364270 seconds
85.621: [GC [PSYoungGen: 99712K->9280K(107520K)] 158210K->67778K(352768K), 0.0037310 secs] [Times: user=0.03 sys=0.00, real=0.00 secs] 
85.625: Total time for which application threads were stopped: 0.0039020 seconds, Stopping threads took: 0.0000710 seconds
85.654: Application time: 0.0294070 seconds
85.654: [GC [PSYoungGen: 101440K->7616K(107520K)] 159938K->66162K(352768K), 0.0030240 secs] [Times: user=0.02 sys=0.00, real=0.01 secs] 
85.657: Total time for which application threads were stopped: 0.0032070 seconds, Stopping threads took: 0.0000860 seconds
85.687: Application time: 0.0299070 seconds
85.687: [GC [PSYoungGen: 99776K->7872K(107520K)] 158322K->66418K(352768K), 0.0030940 secs] [Times: user=0.02 sys=0.00, real=0.01 secs] 
85.690: Total time for which application threads were stopped: 0.0032920 seconds, Stopping threads took: 0.0001010 seconds
85.715: Application time: 0.0242980 seconds
85.715: [GC [PSYoungGen: 100032K->8064K(107520K)] 158578K->66610K(352768K), 0.0031340 secs] [Times: user=0.02 sys=0.00, real=0.01 secs] 
85.718: Total time for which application threads were stopped: 0.0033330 seconds, Stopping threads took: 0.0000970 seconds
85.748: Application time: 0.0297170 seconds
85.748: [GC [PSYoungGen: 100224K->11536K(107520K)] 158770K->70082K(352768K), 0.0044310 secs] [Times: user=0.04 sys=0.00, real=0.01 secs] 
85.752: Total time for which application threads were stopped: 0.0046290 seconds, Stopping threads took: 0.0000970 seconds
85.785: Application time: 0.0329620 seconds
85.786: [GC [PSYoungGen: 103696K->8368K(107520K)] 162242K->66914K(352768K), 0.0031910 secs] [Times: user=0.03 sys=0.00, real=0.01 secs] 
85.789: Total time for which application threads were stopped: 0.0033660 seconds, Stopping threads took: 0.0000790 seconds
85.820: Application time: 0.0315140 seconds
85.820: [GC [PSYoungGen: 100528K->8208K(107520K)] 159074K->66754K(352768K), 0.0032520 secs] [Times: user=0.02 sys=0.00, real=0.00 secs] 
85.824: Total time for which application threads were stopped: 0.0034480 seconds, Stopping threads took: 0.0000860 seconds
85.857: Application time: 0.0331230 seconds
85.857: [GC [PSYoungGen: 100368K->9616K(107520K)] 158914K->68162K(352768K), 0.0036420 secs] [Times: user=0.03 sys=0.00, real=0.00 secs] 
85.861: Total time for which application threads were stopped: 0.0038200 seconds, Stopping threads took: 0.0000810 seconds
85.894: Application time: 0.0334040 seconds
85.894: [GC [PSYoungGen: 101776K->8288K(107520K)] 160322K->66834K(352768K), 0.0032610 secs] [Times: user=0.02 sys=0.00, real=0.01 secs] 
85.898: Total time for which application threads were stopped: 0.0034480 seconds, Stopping threads took: 0.0000930 seconds
85.928: Application time: 0.0308130 seconds
85.929: [GC [PSYoungGen: 100448K->8016K(107520K)] 158994K->66562K(352768K), 0.0030860 secs] [Times: user=0.03 sys=0.00, real=0.00 secs] 
85.932: Total time for which application threads were stopped: 0.0032530 seconds, Stopping threads took: 0.0000730 seconds
85.956: Application time: 0.0243680 seconds
85.956: [GC [PSYoungGen: 100176K->8176K(107520K)] 158722K->66722K(352768K), 0.0031910 secs] [Times: user=0.02 sys=0.00, real=0.01 secs] 
85.959: Total time for which application threads were stopped: 0.0033760 seconds, Stopping threads took: 0.0000900 seconds
85.988: Application time: 0.0290110 seconds
85.989: [GC [PSYoungGen: 100336K->10336K(107520K)] 158882K->68882K(352768K), 0.0038380 secs] [Times: user=0.03 sys=0.00, real=0.00 secs] 
85.992: Total time for which application threads were stopped: 0.0040100 seconds, Stopping threads took: 0.0000760 seconds
86.023: Application time: 0.0303610 seconds
86.023: [GC [PSYoungGen: 102496K->11824K(107520K)] 161042K->70370K(352768K), 0.0046300 secs] [Times: user=0.03 sys=0.00, real=0.00 secs] 
86.028: Total time for which application threads were stopped: 0.0047990 seconds, Stopping threads took: 0.0000730 seconds
86.061: Application time: 0.0337350 seconds
86.061: [GC [PSYoungGen: 103984K->9760K(107520K)] 162530K->68306K(352768K), 0.0038500 secs] [Times: user=0.02 sys=0.00, real=0.00 secs] 
86.065: Total time for which application threads were stopped: 0.0040230 seconds, Stopping threads took: 0.0000720 seconds
86.096: Application time: 0.0305890 seconds
86.096: [GC [PSYoungGen: 101920K->7872K(107520K)] 160466K->66418K(352768K), 0.0032000 secs] [Times: user=0.01 sys=0.00, real=0.01 secs] 
86.099: Total time for which application threads were stopped: 0.0033860 seconds, Stopping threads took: 0.0000920 seconds
86.134: Application time: 0.0350900 seconds
86.135: [GC [PSYoungGen: 100032K->8272K(107520K)] 158578K->66818K(352768K), 0.0031570 secs] [Times: user=0.02 sys=0.00, real=0.01 secs] 
86.138: Total time for which application threads were stopped: 0.0033280 seconds, Stopping threads took: 0.0000750 seconds
86.169: Application time: 0.0311520 seconds
86.169: [GC [PSYoungGen: 100432K->7728K(107520K)] 158978K->66426K(352768K), 0.0031280 secs] [Times: user=0.02 sys=0.00, real=0.00 secs] 
86.172: Total time for which application threads were stopped: 0.0033000 seconds, Stopping threads took: 0.0000750 seconds
86.200: Application time: 0.0275100 seconds
86.200: [GC [PSYoungGen: 99888K->7568K(107520K)] 158586K->66266K(352768K), 0.0030010 secs] [Times: user=0.02 sys=0.00, real=0.00 secs] 
86.203: Total time for which application threads were stopped: 0.0031880 seconds, Stopping threads took: 0.0000900 seconds
86.229: Application time: 0.0262720 seconds
86.229: [GC [PSYoungGen: 99728K->7920K(107520K)] 158426K->66674K(352768K), 0.0030780 secs] [Times: user=0.02 sys=0.00, real=0.00 secs] 
86.232: Total time for which application threads were stopped: 0.0032380 seconds, Stopping threads took: 0.0000640 seconds
86.264: Application time: 0.0315790 seconds
86.264: [GC [PSYoungGen: 100080K->9328K(107520K)] 158834K->68130K(352768K), 0.0033970 secs] [Times: user=0.02 sys=0.00, real=0.00 secs] 
86.268: Total time for which application threads were stopped: 0.0035690 seconds, Stopping threads took: 0.0000750 seconds
86.299: Application time: 0.0313400 seconds
86.299: [GC [PSYoungGen: 101488K->8272K(107520K)] 160290K->67130K(352768K), 0.0032880 secs] [Times: user=0.02 sys=0.00, real=0.00 secs] 
86.302: Total time for which application threads were stopped: 0.0034840 seconds, Stopping threads took: 0.0001000 seconds
86.332: Application time: 0.0298240 seconds
86.332: [GC [PSYoungGen: 100432K->8096K(107520K)] 159290K->66954K(352768K), 0.0031990 secs] [Times: user=0.02 sys=0.00, real=0.00 secs] 
86.336: Total time for which application threads were stopped: 0.0034090 seconds, Stopping threads took: 0.0000910 seconds
86.371: Application time: 0.0356390 seconds
86.371: [GC [PSYoungGen: 100256K->11168K(107520K)] 159114K->70026K(352768K), 0.0043090 secs] [Times: user=0.03 sys=0.00, real=0.00 secs] 
86.376: Total time for which application threads were stopped: 0.0044970 seconds, Stopping threads took: 0.0000890 seconds
86.408: Application time: 0.0323060 seconds
86.408: [GC [PSYoungGen: 103328K->7920K(107520K)] 162186K->66826K(352768K), 0.0030760 secs] [Times: user=0.02 sys=0.00, real=0.01 secs] 
86.411: Total time for which application threads were stopped: 0.0032870 seconds, Stopping threads took: 0.0001150 seconds
86.442: Application time: 0.0306570 seconds
86.442: [GC [PSYoungGen: 100080K->7696K(107520K)] 158986K->66602K(352768K), 0.0030760 secs] [Times: user=0.02 sys=0.00, real=0.00 secs] 
86.445: Total time for which application threads were stopped: 0.0032670 seconds, Stopping threads took: 0.0000980 seconds
86.470: Application time: 0.0246110 seconds
86.472: [GC [PSYoungGen: 99856K->7840K(107520K)] 158762K->66746K(352768K), 0.0030220 secs] [Times: user=0.02 sys=0.00, real=0.00 secs] 
86.475: Total time for which application threads were stopped: 0.0055360 seconds, Stopping threads took: 0.0024220 seconds
86.504: Application time: 0.0283560 seconds
86.504: [GC [PSYoungGen: 100000K->13632K(107520K)] 158906K->72538K(352768K), 0.0053040 secs] [Times: user=0.04 sys=0.00, real=0.01 secs] 
86.509: Total time for which application threads were stopped: 0.0055140 seconds, Stopping threads took: 0.0001090 seconds
86.541: Application time: 0.0317860 seconds
86.541: [GC [PSYoungGen: 105792K->10192K(107520K)] 164698K->69098K(352768K), 0.0039900 secs] [Times: user=0.03 sys=0.00, real=0.00 secs] 
86.545: Total time for which application threads were stopped: 0.0042120 seconds, Stopping threads took: 0.0001260 seconds
86.577: Application time: 0.0312190 seconds
86.577: [GC [PSYoungGen: 102352K->8864K(107520K)] 161258K->67770K(352768K), 0.0034390 secs] [Times: user=0.02 sys=0.00, real=0.00 secs] 
86.580: Total time for which application threads were stopped: 0.0036170 seconds, Stopping threads took: 0.0000830 seconds
86.614: Application time: 0.0337720 seconds
86.616: [GC [PSYoungGen: 101024K->7648K(107520K)] 159930K->66554K(352768K), 0.0029840 secs] [Times: user=0.02 sys=0.00, real=0.00 secs] 
86.619: Total time for which application threads were stopped: 0.0054820 seconds, Stopping threads took: 0.0024040 seconds
86.653: Application time: 0.0339130 seconds
86.653: [GC [PSYoungGen: 99808K->7744K(107520K)] 158714K->66650K(352768K), 0.0031270 secs] [Times: user=0.02 sys=0.00, real=0.01 secs] 
86.657: Total time for which application threads were stopped: 0.0033230 seconds, Stopping threads took: 0.0000890 seconds
86.688: Application time: 0.0313040 seconds
86.695: [GC [PSYoungGen: 99904K->7760K(107520K)] 158810K->66666K(352768K), 0.0030820 secs] [Times: user=0.02 sys=0.00, real=0.01 secs] 
86.698: Total time for which application threads were stopped: 0.0103900 seconds, Stopping threads took: 0.0072090 seconds
86.724: Application time: 0.0254050 seconds
86.724: [GC [PSYoungGen: 99920K->8016K(107520K)] 158826K->66922K(352768K), 0.0031690 secs] [Times: user=0.02 sys=0.00, real=0.00 secs] 
86.727: Total time for which application threads were stopped: 0.0033830 seconds, Stopping threads took: 0.0001170 seconds
86.756: Application time: 0.0285600 seconds
86.756: [GC [PSYoungGen: 100176K->8416K(107520K)] 159082K->67322K(352768K), 0.0031490 secs] [Times: user=0.03 sys=0.00, real=0.01 secs] 
86.759: Total time for which application threads were stopped: 0.0033130 seconds, Stopping threads took: 0.0000680 seconds
86.790: Application time: 0.0309000 seconds
86.790: [GC [PSYoungGen: 100576K->10160K(107520K)] 159482K->69066K(352768K), 0.0038450 secs] [Times: user=0.03 sys=0.00, real=0.00 secs] 
86.794: Total time for which application threads were stopped: 0.0040170 seconds, Stopping threads took: 0.0000770 seconds
86.825: Application time: 0.0312480 seconds
86.825: [GC [PSYoungGen: 102320K->8512K(107520K)] 161226K->67418K(352768K), 0.0032170 secs] [Times: user=0.02 sys=0.00, real=0.01 secs] 
86.829: Total time for which application threads were stopped: 0.0033990 seconds, Stopping threads took: 0.0000900 seconds
86.859: Application time: 0.0305660 seconds
86.859: [GC [PSYoungGen: 100672K->7872K(107520K)] 159578K->66778K(352768K), 0.0030270 secs] [Times: user=0.03 sys=0.00, real=0.00 secs] 
86.862: Total time for which application threads were stopped: 0.0032310 seconds, Stopping threads took: 0.0000910 seconds
86.898: Application time: 0.0358800 seconds
86.898: [GC [PSYoungGen: 100032K->10064K(107520K)] 158938K->68970K(352768K), 0.0038900 secs] [Times: user=0.03 sys=0.00, real=0.00 secs] 
86.902: Total time for which application threads were stopped: 0.0040680 seconds, Stopping threads took: 0.0000780 seconds
86.934: Application time: 0.0316490 seconds
86.934: [GC [PSYoungGen: 102224K->7856K(107520K)] 161130K->66850K(352768K), 0.0031660 secs] [Times: user=0.02 sys=0.00, real=0.01 secs] 
86.937: Total time for which application threads were stopped: 0.0033400 seconds, Stopping threads took: 0.0000760 seconds
86.968: Application time: 0.0310630 seconds
86.969: [GC [PSYoungGen: 100016K->7712K(107520K)] 159010K->66786K(352768K), 0.0030820 secs] [Times: user=0.02 sys=0.00, real=0.00 secs] 
86.972: Total time for which application threads were stopped: 0.0032290 seconds, Stopping threads took: 0.0000510 seconds
86.994: Application time: 0.0225430 seconds
86.994: [GC [PSYoungGen: 99872K->7712K(107520K)] 158946K->66842K(352768K), 0.0030570 secs] [Times: user=0.02 sys=0.00, real=0.01 secs] 
86.997: Total time for which application threads were stopped: 0.0032480 seconds, Stopping threads took: 0.0000940 seconds
87.028: Application time: 0.0300810 seconds
87.028: [GC [PSYoungGen: 99872K->14672K(107520K)] 159002K->73802K(352768K), 0.0057610 secs] [Times: user=0.04 sys=0.00, real=0.01 secs] 
87.034: Total time for which application threads were stopped: 0.0059680 seconds, Stopping threads took: 0.0001060 seconds
87.065: Application time: 0.0318080 seconds
87.065: [GC [PSYoungGen: 106832K->9632K(107520K)] 165962K->68842K(352768K), 0.0038110 secs] [Times: user=0.03 sys=0.00, real=0.01 secs] 
87.069: Total time for which application threads were stopped: 0.0040240 seconds, Stopping threads took: 0.0001150 seconds
87.101: Application time: 0.0316180 seconds
87.101: [GC [PSYoungGen: 101792K->9888K(107520K)] 161002K->69098K(352768K), 0.0038620 secs] [Times: user=0.02 sys=0.00, real=0.00 secs] 
87.105: Total time for which application threads were stopped: 0.0040490 seconds, Stopping threads took: 0.0000890 seconds
87.139: Application time: 0.0337780 seconds
87.139: [GC [PSYoungGen: 102048K->8768K(107520K)] 161258K->67978K(352768K), 0.0033940 secs] [Times: user=0.03 sys=0.00, real=0.00 secs] 
87.142: Total time for which application threads were stopped: 0.0035740 seconds, Stopping threads took: 0.0000820 seconds
87.175: Application time: 0.0324690 seconds
87.175: [GC [PSYoungGen: 100928K->7888K(107520K)] 160138K->67154K(352768K), 0.0032000 secs] [Times: user=0.01 sys=0.00, real=0.01 secs] 
87.178: Total time for which application threads were stopped: 0.0033770 seconds, Stopping threads took: 0.0000830 seconds
87.211: Application time: 0.0325320 seconds
87.211: [GC [PSYoungGen: 100048K->7888K(107520K)] 159314K->67154K(352768K), 0.0032010 secs] [Times: user=0.02 sys=0.00, real=0.00 secs] 
87.214: Total time for which application threads were stopped: 0.0033690 seconds, Stopping threads took: 0.0000700 seconds
87.238: Application time: 0.0237120 seconds
87.238: [GC [PSYoungGen: 100048K->7856K(107520K)] 159314K->67122K(352768K), 0.0030890 secs] [Times: user=0.03 sys=0.00, real=0.00 secs] 
87.241: Total time for which application threads were stopped: 0.0032510 seconds, Stopping threads took: 0.0000690 seconds
87.271: Application time: 0.0295620 seconds
87.271: [GC [PSYoungGen: 100016K->9712K(107520K)] 159282K->68978K(352768K), 0.0037270 secs] [Times: user=0.03 sys=0.00, real=0.00 secs] 
87.275: Total time for which application threads were stopped: 0.0039030 seconds, Stopping threads took: 0.0000800 seconds
87.306: Application time: 0.0311830 seconds
87.306: [GC [PSYoungGen: 101872K->8448K(107520K)] 161138K->67714K(352768K), 0.0033020 secs] [Times: user=0.02 sys=0.00, real=0.01 secs] 
87.309: Total time for which application threads were stopped: 0.0034970 seconds, Stopping threads took: 0.0001020 seconds
87.341: Application time: 0.0317840 seconds
87.341: [GC [PSYoungGen: 100608K->7952K(107520K)] 159874K->67218K(352768K), 0.0031060 secs] [Times: user=0.02 sys=0.00, real=0.00 secs] 
87.344: Total time for which application threads were stopped: 0.0032960 seconds, Stopping threads took: 0.0000850 seconds
87.375: Application time: 0.0303280 seconds
87.375: [GC [PSYoungGen: 100112K->7984K(107520K)] 159378K->67250K(352768K), 0.0031240 secs] [Times: user=0.03 sys=0.00, real=0.01 secs] 
87.378: Total time for which application threads were stopped: 0.0033340 seconds, Stopping threads took: 0.0000880 seconds
87.414: Application time: 0.0360260 seconds
87.416: [GC [PSYoungGen: 100144K->8288K(107520K)] 159410K->67554K(352768K), 0.0032590 secs] [Times: user=0.02 sys=0.00, real=0.00 secs] 
87.420: Total time for which application threads were stopped: 0.0056790 seconds, Stopping threads took: 0.0023250 seconds
87.451: Application time: 0.0314990 seconds
87.452: [GC [PSYoungGen: 100448K->7840K(107520K)] 159714K->67106K(352768K), 0.0030700 secs] [Times: user=0.02 sys=0.00, real=0.00 secs] 
87.456: Total time for which application threads were stopped: 0.0043370 seconds, Stopping threads took: 0.0011740 seconds
87.484: Application time: 0.0287800 seconds
87.484: [GC [PSYoungGen: 100000K->7760K(107520K)] 159266K->67026K(352768K), 0.0030790 secs] [Times: user=0.02 sys=0.00, real=0.00 secs] 
87.488: Total time for which application threads were stopped: 0.0032410 seconds, Stopping threads took: 0.0000680 seconds
87.512: Application time: 0.0240490 seconds
87.512: [GC [PSYoungGen: 99920K->8016K(107520K)] 159186K->67282K(352768K), 0.0031240 secs] [Times: user=0.02 sys=0.00, real=0.00 secs] 
87.515: Total time for which application threads were stopped: 0.0033170 seconds, Stopping threads took: 0.0000960 seconds
87.546: Application time: 0.0310080 seconds
87.546: [GC [PSYoungGen: 100176K->12432K(107520K)] 159442K->71698K(352768K), 0.0047620 secs] [Times: user=0.03 sys=0.00, real=0.01 secs] 
87.551: Total time for which application threads were stopped: 0.0049490 seconds, Stopping threads took: 0.0000880 seconds
87.582: Application time: 0.0312480 seconds
87.584: [GC [PSYoungGen: 104592K->10176K(107520K)] 163858K->69442K(352768K), 0.0038200 secs] [Times: user=0.03 sys=0.00, real=0.00 secs] 
87.588: Total time for which application threads were stopped: 0.0061180 seconds, Stopping threads took: 0.0021900 seconds
87.618: Application time: 0.0294930 seconds
87.618: [GC [PSYoungGen: 102336K->9808K(107520K)] 161602K->69074K(352768K), 0.0038520 secs] [Times: user=0.02 sys=0.00, real=0.00 secs] 
87.622: Total time for which application threads were stopped: 0.0040550 seconds, Stopping threads took: 0.0001030 seconds
87.659: Application time: 0.0376050 seconds
87.660: [GC [PSYoungGen: 101968K->10016K(107520K)] 161234K->69282K(352768K), 0.0039050 secs] [Times: user=0.02 sys=0.00, real=0.00 secs] 
87.663: Total time for which application threads were stopped: 0.0040640 seconds, Stopping threads took: 0.0000590 seconds
87.695: Application time: 0.0310390 seconds
87.695: [GC [PSYoungGen: 102176K->7936K(107520K)] 161442K->67290K(352768K), 0.0031050 secs] [Times: user=0.02 sys=0.00, real=0.01 secs] 
87.698: Total time for which application threads were stopped: 0.0032910 seconds, Stopping threads took: 0.0000920 seconds
87.730: Application time: 0.0324890 seconds
87.730: [GC [PSYoungGen: 100096K->7696K(107520K)] 159450K->67138K(352768K), 0.0030890 secs] [Times: user=0.02 sys=0.00, real=0.00 secs] 
87.734: Total time for which application threads were stopped: 0.0032710 seconds, Stopping threads took: 0.0000860 seconds
87.756: Application time: 0.0228700 seconds
87.760: [GC [PSYoungGen: 99856K->7680K(107520K)] 159298K->67122K(352768K), 0.0030280 secs] [Times: user=0.02 sys=0.00, real=0.00 secs] 
87.763: Total time for which application threads were stopped: 0.0070050 seconds, Stopping threads took: 0.0038820 seconds
87.792: Application time: 0.0285270 seconds
87.792: [GC [PSYoungGen: 99840K->11648K(107520K)] 159282K->71146K(352768K), 0.0044590 secs] [Times: user=0.03 sys=0.00, real=0.01 secs] 
87.797: Total time for which application threads were stopped: 0.0046320 seconds, Stopping threads took: 0.0000720 seconds
87.829: Application time: 0.0324770 seconds
87.829: [GC [PSYoungGen: 103808K->8624K(107520K)] 163306K->68218K(352768K), 0.0032360 secs] [Times: user=0.02 sys=0.00, real=0.00 secs] 
87.833: Total time for which application threads were stopped: 0.0034110 seconds, Stopping threads took: 0.0000770 seconds
87.864: Application time: 0.0315760 seconds
87.864: [GC [PSYoungGen: 100784K->8768K(107520K)] 160378K->68370K(352768K), 0.0034420 secs] [Times: user=0.02 sys=0.01, real=0.00 secs] 
87.868: Total time for which application threads were stopped: 0.0036260 seconds, Stopping threads took: 0.0000890 seconds
87.900: Application time: 0.0319420 seconds
87.900: [GC [PSYoungGen: 100928K->7696K(107520K)] 160530K->67298K(352768K), 0.0029750 secs] [Times: user=0.02 sys=0.00, real=0.00 secs] 
87.903: Total time for which application threads were stopped: 0.0032010 seconds, Stopping threads took: 0.0001110 seconds
87.937: Application time: 0.0341750 seconds
87.937: [GC [PSYoungGen: 99856K->8176K(107520K)] 159458K->67778K(352768K), 0.0031850 secs] [Times: user=0.02 sys=0.00, real=0.00 secs] 
87.940: Total time for which application threads were stopped: 0.0033470 seconds, Stopping threads took: 0.0000670 seconds
87.973: Application time: 0.0325000 seconds
87.973: [GC [PSYoungGen: 100336K->7712K(107520K)] 159938K->67362K(352768K), 0.0030070 secs] [Times: user=0.02 sys=0.00, real=0.00 secs] 
87.976: Total time for which application threads were stopped: 0.0031920 seconds, Stopping threads took: 0.0000900 seconds
88.002: Application time: 0.0257810 seconds
88.002: [GC [PSYoungGen: 99872K->7792K(107520K)] 159522K->67442K(352768K), 0.0031520 secs] [Times: user=0.02 sys=0.00, real=0.00 secs] 
88.005: Total time for which application threads were stopped: 0.0033400 seconds, Stopping threads took: 0.0000940 seconds
88.032: Application time: 0.0268020 seconds
88.032: [GC [PSYoungGen: 99952K->7680K(107520K)] 159602K->67330K(352768K), 0.0030990 secs] [Times: user=0.02 sys=0.00, real=0.00 secs] 
88.035: Total time for which application threads were stopped: 0.0032710 seconds, Stopping threads took: 0.0000750 seconds
88.068: Application time: 0.0324590 seconds
88.068: [GC [PSYoungGen: 99840K->10192K(107520K)] 159490K->69842K(352768K), 0.0039670 secs] [Times: user=0.03 sys=0.00, real=0.01 secs] 
88.072: Total time for which application threads were stopped: 0.0041390 seconds, Stopping threads took: 0.0000720 seconds
88.101: Application time: 0.0295490 seconds
88.102: [GC [PSYoungGen: 102352K->8384K(107520K)] 162002K->68034K(352768K), 0.0032920 secs] [Times: user=0.02 sys=0.00, real=0.00 secs] 
88.105: Total time for which application threads were stopped: 0.0034570 seconds, Stopping threads took: 0.0000710 seconds
88.137: Application time: 0.0318120 seconds
88.141: [GC [PSYoungGen: 100544K->8192K(107520K)] 160194K->67842K(352768K), 0.0032760 secs] [Times: user=0.02 sys=0.00, real=0.00 secs] 
88.144: Total time for which application threads were stopped: 0.0070970 seconds, Stopping threads took: 0.0037030 seconds
88.179: Application time: 0.0352420 seconds
88.179: [GC [PSYoungGen: 100352K->10928K(107520K)] 160002K->70578K(352768K), 0.0043420 secs] [Times: user=0.03 sys=0.00, real=0.00 secs] 
88.184: Total time for which application threads were stopped: 0.0045720 seconds, Stopping threads took: 0.0001290 seconds
88.216: Application time: 0.0319810 seconds
88.216: [GC [PSYoungGen: 103088K->7952K(107520K)] 162738K->67602K(352768K), 0.0031920 secs] [Times: user=0.02 sys=0.00, real=0.01 secs] 
88.219: Total time for which application threads were stopped: 0.0033970 seconds, Stopping threads took: 0.0001080 seconds
88.250: Application time: 0.0311520 seconds
88.252: [GC [PSYoungGen: 100112K->7824K(107520K)] 159762K->67474K(352768K), 0.0030670 secs] [Times: user=0.02 sys=0.00, real=0.00 secs] 
88.256: Total time for which application threads were stopped: 0.0053280 seconds, Stopping threads took: 0.0021630 seconds
88.278: Application time: 0.0227460 seconds
88.278: [GC [PSYoungGen: 99984K->8144K(107520K)] 159634K->67794K(352768K), 0.0030970 secs] [Times: user=0.02 sys=0.00, real=0.00 secs] 
88.282: Total time for which application threads were stopped: 0.0032780 seconds, Stopping threads took: 0.0000840 seconds
88.313: Application time: 0.0312370 seconds
88.313: [GC [PSYoungGen: 100304K->13696K(107520K)] 159954K->73346K(352768K), 0.0052570 secs] [Times: user=0.04 sys=0.00, real=0.01 secs] 
88.318: Total time for which application threads were stopped: 0.0054280 seconds, Stopping threads took: 0.0000730 seconds
88.349: Application time: 0.0304960 seconds
88.349: [GC [PSYoungGen: 105856K->8432K(107520K)] 165506K->68082K(352768K), 0.0032000 secs] [Times: user=0.02 sys=0.00, real=0.00 secs] 
88.352: Total time for which application threads were stopped: 0.0033860 seconds, Stopping threads took: 0.0000860 seconds
88.385: Application time: 0.0329920 seconds
88.385: [GC [PSYoungGen: 100592K->9840K(107520K)] 160242K->69490K(352768K), 0.0038660 secs] [Times: user=0.02 sys=0.00, real=0.01 secs] 
88.389: Total time for which application threads were stopped: 0.0040620 seconds, Stopping threads took: 0.0000970 seconds
88.421: Application time: 0.0320030 seconds
88.421: [GC [PSYoungGen: 102000K->7696K(107520K)] 161650K->67346K(352768K), 0.0030360 secs] [Times: user=0.02 sys=0.00, real=0.00 secs] 
88.424: Total time for which application threads were stopped: 0.0032140 seconds, Stopping threads took: 0.0000610 seconds
88.457: Application time: 0.0329150 seconds
88.457: [GC [PSYoungGen: 99856K->8512K(107520K)] 159506K->68210K(352768K), 0.0033000 secs] [Times: user=0.02 sys=0.01, real=0.00 secs] 
88.461: Total time for which application threads were stopped: 0.0034860 seconds, Stopping threads took: 0.0000890 seconds
88.493: Application time: 0.0325800 seconds
88.493: [GC [PSYoungGen: 100672K->7920K(107520K)] 160370K->67722K(352768K), 0.0031740 secs] [Times: user=0.02 sys=0.00, real=0.01 secs] 
88.497: Total time for which application threads were stopped: 0.0033560 seconds, Stopping threads took: 0.0000850 seconds
88.521: Application time: 0.0239880 seconds
88.521: [GC [PSYoungGen: 100080K->7680K(107520K)] 159882K->67530K(352768K), 0.0030220 secs] [Times: user=0.02 sys=0.00, real=0.00 secs] 
88.524: Total time for which application threads were stopped: 0.0032210 seconds, Stopping threads took: 0.0000980 seconds
88.554: Application time: 0.0304410 seconds
88.555: [GC [PSYoungGen: 99840K->7696K(107520K)] 159690K->67595K(352768K), 0.0029630 secs] [Times: user=0.02 sys=0.00, real=0.01 secs] 
88.558: Total time for which application threads were stopped: 0.0031480 seconds, Stopping threads took: 0.0000910 seconds
88.587: Application time: 0.0292810 seconds
88.587: [GC [PSYoungGen: 99856K->8288K(107520K)] 159755K->68275K(352768K), 0.0031830 secs] [Times: user=0.02 sys=0.00, real=0.01 secs] 
88.590: Total time for which application threads were stopped: 0.0033630 seconds, Stopping threads took: 0.0000850 seconds
88.623: Application time: 0.0326140 seconds
88.623: [GC [PSYoungGen: 100448K->8480K(107520K)] 160435K->68467K(352768K), 0.0032080 secs] [Times: user=0.03 sys=0.00, real=0.00 secs] 
88.626: Total time for which application threads were stopped: 0.0033810 seconds, Stopping threads took: 0.0000770 seconds
88.657: Application time: 0.0310560 seconds
88.657: [GC [PSYoungGen: 100640K->7712K(107520K)] 160627K->67699K(352768K), 0.0030590 secs] [Times: user=0.02 sys=0.00, real=0.00 secs] 
88.660: Total time for which application threads were stopped: 0.0032440 seconds, Stopping threads took: 0.0000880 seconds
88.695: Application time: 0.0343380 seconds
88.696: [GC [PSYoungGen: 99872K->11264K(107520K)] 159859K->71251K(352768K), 0.0044620 secs] [Times: user=0.03 sys=0.01, real=0.00 secs] 
88.701: Total time for which application threads were stopped: 0.0060840 seconds, Stopping threads took: 0.0015230 seconds
88.734: Application time: 0.0332320 seconds
88.734: [GC [PSYoungGen: 103424K->7952K(107520K)] 163411K->67979K(352768K), 0.0031820 secs] [Times: user=0.02 sys=0.00, real=0.01 secs] 
88.738: Total time for which application threads were stopped: 0.0033670 seconds, Stopping threads took: 0.0000860 seconds
88.766: Application time: 0.0283330 seconds
88.766: [GC [PSYoungGen: 100112K->7632K(107520K)] 160139K->67659K(352768K), 0.0029730 secs] [Times: user=0.02 sys=0.00, real=0.01 secs] 
88.769: Total time for which application threads were stopped: 0.0031730 seconds, Stopping threads took: 0.0001060 seconds
88.793: Application time: 0.0238370 seconds
88.793: [GC [PSYoungGen: 99792K->7808K(107520K)] 159819K->67835K(352768K), 0.0030820 secs] [Times: user=0.02 sys=0.00, real=0.00 secs] 
88.796: Total time for which application threads were stopped: 0.0032430 seconds, Stopping threads took: 0.0000660 seconds
88.829: Application time: 0.0331130 seconds
88.829: [GC [PSYoungGen: 99968K->12368K(107520K)] 159995K->72395K(352768K), 0.0046860 secs] [Times: user=0.04 sys=0.00, real=0.00 secs] 
88.834: Total time for which application threads were stopped: 0.0048590 seconds, Stopping threads took: 0.0000720 seconds
88.863: Application time: 0.0286870 seconds
88.863: [GC [PSYoungGen: 104528K->8144K(107520K)] 164555K->68171K(352768K), 0.0031040 secs] [Times: user=0.02 sys=0.00, real=0.00 secs] 
88.866: Total time for which application threads were stopped: 0.0033020 seconds, Stopping threads took: 0.0001020 seconds
88.899: Application time: 0.0328840 seconds
88.899: [GC [PSYoungGen: 100304K->9840K(107520K)] 160331K->69867K(352768K), 0.0038930 secs] [Times: user=0.03 sys=0.00, real=0.00 secs] 
88.903: Total time for which application threads were stopped: 0.0040710 seconds, Stopping threads took: 0.0000790 seconds
88.937: Application time: 0.0337880 seconds
88.937: [GC [PSYoungGen: 102000K->7600K(107520K)] 162027K->67627K(352768K), 0.0029920 secs] [Times: user=0.02 sys=0.00, real=0.00 secs] 
88.940: Total time for which application threads were stopped: 0.0031890 seconds, Stopping threads took: 0.0000850 seconds
88.972: Application time: 0.0319620 seconds
88.972: [GC [PSYoungGen: 99760K->8048K(107520K)] 159787K->68075K(352768K), 0.0031480 secs] [Times: user=0.03 sys=0.00, real=0.00 secs] 
88.975: Total time for which application threads were stopped: 0.0033270 seconds, Stopping threads took: 0.0000800 seconds
89.008: Application time: 0.0323240 seconds
89.008: [GC [PSYoungGen: 100208K->7904K(107520K)] 160235K->67931K(352768K), 0.0030900 secs] [Times: user=0.02 sys=0.00, real=0.01 secs] 
89.011: Total time for which application threads were stopped: 0.0033190 seconds, Stopping threads took: 0.0001320 seconds
89.033: Application time: 0.0220820 seconds
89.033: [GC [PSYoungGen: 100064K->7840K(107520K)] 160091K->67867K(352768K), 0.0031270 secs] [Times: user=0.02 sys=0.01, real=0.01 secs] 
89.036: Total time for which application threads were stopped: 0.0032970 seconds, Stopping threads took: 0.0000660 seconds
89.070: Application time: 0.0335960 seconds
89.070: [GC [PSYoungGen: 100000K->11360K(107520K)] 160027K->71387K(352768K), 0.0045120 secs] [Times: user=0.02 sys=0.00, real=0.00 secs] 
89.075: Total time for which application threads were stopped: 0.0046970 seconds, Stopping threads took: 0.0000870 seconds
89.103: Application time: 0.0279830 seconds
89.103: [GC [PSYoungGen: 103520K->8080K(107520K)] 163547K->68107K(352768K), 0.0031200 secs] [Times: user=0.02 sys=0.00, real=0.00 secs] 
89.106: Total time for which application threads were stopped: 0.0033000 seconds, Stopping threads took: 0.0000860 seconds
89.139: Application time: 0.0328580 seconds
89.139: [GC [PSYoungGen: 100240K->8192K(107520K)] 160267K->68219K(352768K), 0.0032030 secs] [Times: user=0.02 sys=0.00, real=0.00 secs] 
89.142: Total time for which application threads were stopped: 0.0033950 seconds, Stopping threads took: 0.0000920 seconds
89.173: Application time: 0.0306530 seconds
89.173: [GC [PSYoungGen: 100352K->7984K(107520K)] 160379K->68011K(352768K), 0.0031520 secs] [Times: user=0.02 sys=0.00, real=0.00 secs] 
89.176: Total time for which application threads were stopped: 0.0033560 seconds, Stopping threads took: 0.0001080 seconds
89.210: Application time: 0.0339500 seconds
89.210: [GC [PSYoungGen: 100144K->8672K(107520K)] 160171K->68699K(352768K), 0.0034250 secs] [Times: user=0.02 sys=0.00, real=0.00 secs] 
89.214: Total time for which application threads were stopped: 0.0035940 seconds, Stopping threads took: 0.0000690 seconds
89.247: Application time: 0.0332130 seconds
89.248: [GC [PSYoungGen: 100832K->7984K(107520K)] 160859K->68131K(352768K), 0.0030130 secs] [Times: user=0.02 sys=0.00, real=0.00 secs] 
89.251: Total time for which application threads were stopped: 0.0044910 seconds, Stopping threads took: 0.0013860 seconds
89.278: Application time: 0.0266190 seconds
89.278: [GC [PSYoungGen: 100144K->7744K(107520K)] 160291K->67947K(352768K), 0.0031880 secs] [Times: user=0.01 sys=0.00, real=0.00 secs] 
89.281: Total time for which application threads were stopped: 0.0033440 seconds, Stopping threads took: 0.0000640 seconds
89.308: Application time: 0.0263680 seconds
89.312: [GC [PSYoungGen: 99904K->7792K(107520K)] 160107K->68043K(352768K), 0.0030900 secs] [Times: user=0.02 sys=0.00, real=0.00 secs] 
89.316: Total time for which application threads were stopped: 0.0077440 seconds, Stopping threads took: 0.0045560 seconds
89.349: Application time: 0.0334110 seconds
89.349: [GC [PSYoungGen: 99952K->8592K(107520K)] 160203K->68843K(352768K), 0.0031690 secs] [Times: user=0.02 sys=0.00, real=0.00 secs] 
89.352: Total time for which application threads were stopped: 0.0033380 seconds, Stopping threads took: 0.0000740 seconds
89.380: Application time: 0.0278450 seconds
89.380: [GC [PSYoungGen: 100752K->7680K(107520K)] 161003K->68027K(352768K), 0.0030390 secs] [Times: user=0.02 sys=0.01, real=0.00 secs] 
89.383: Total time for which application threads were stopped: 0.0032000 seconds, Stopping threads took: 0.0000660 seconds
89.415: Application time: 0.0320540 seconds
89.416: [GC [PSYoungGen: 99840K->8000K(107520K)] 160187K->68355K(352768K), 0.0031340 secs] [Times: user=0.02 sys=0.00, real=0.01 secs] 
89.419: Total time for which application threads were stopped: 0.0033050 seconds, Stopping threads took: 0.0000750 seconds
89.454: Application time: 0.0350920 seconds
89.454: [GC [PSYoungGen: 100160K->10816K(107520K)] 160515K->71171K(352768K), 0.0042540 secs] [Times: user=0.03 sys=0.00, real=0.01 secs] 
89.458: Total time for which application threads were stopped: 0.0044810 seconds, Stopping threads took: 0.0001000 seconds
89.490: Application time: 0.0319910 seconds
89.490: [GC [PSYoungGen: 102976K->7936K(107520K)] 163331K->68331K(352768K), 0.0031120 secs] [Times: user=0.02 sys=0.00, real=0.00 secs] 
89.494: Total time for which application threads were stopped: 0.0033030 seconds, Stopping threads took: 0.0000950 seconds
89.526: Application time: 0.0328920 seconds
89.527: [GC [PSYoungGen: 100096K->7696K(107520K)] 160491K->68091K(352768K), 0.0030840 secs] [Times: user=0.02 sys=0.00, real=0.01 secs] 
89.530: Total time for which application threads were stopped: 0.0032720 seconds, Stopping threads took: 0.0000940 seconds
89.551: Application time: 0.0215120 seconds
89.551: [GC [PSYoungGen: 99856K->7712K(107520K)] 160251K->68107K(352768K), 0.0030420 secs] [Times: user=0.01 sys=0.00, real=0.00 secs] 
89.554: Total time for which application threads were stopped: 0.0032080 seconds, Stopping threads took: 0.0000690 seconds
89.587: Application time: 0.0328120 seconds
89.587: [GC [PSYoungGen: 99872K->13344K(107520K)] 160267K->73739K(352768K), 0.0051530 secs] [Times: user=0.03 sys=0.00, real=0.01 secs] 
89.593: Total time for which application threads were stopped: 0.0053460 seconds, Stopping threads took: 0.0000930 seconds
89.622: Application time: 0.0292820 seconds
89.622: [GC [PSYoungGen: 105504K->8608K(107520K)] 165899K->69003K(352768K), 0.0033170 secs] [Times: user=0.02 sys=0.00, real=0.00 secs] 
89.625: Total time for which application threads were stopped: 0.0035290 seconds, Stopping threads took: 0.0001160 seconds
89.655: Application time: 0.0294230 seconds
89.655: [GC [PSYoungGen: 100768K->10592K(107520K)] 161163K->70987K(352768K), 0.0040150 secs] [Times: user=0.03 sys=0.00, real=0.01 secs] 
89.659: Total time for which application threads were stopped: 0.0042170 seconds, Stopping threads took: 0.0001040 seconds
89.693: Application time: 0.0343390 seconds
89.694: [GC [PSYoungGen: 102752K->9568K(107520K)] 163147K->69963K(352768K), 0.0037850 secs] [Times: user=0.02 sys=0.00, real=0.01 secs] 
89.697: Total time for which application threads were stopped: 0.0039670 seconds, Stopping threads took: 0.0000820 seconds
89.731: Application time: 0.0337560 seconds
89.731: [GC [PSYoungGen: 101728K->7984K(107520K)] 162123K->68379K(352768K), 0.0030890 secs] [Times: user=0.02 sys=0.00, real=0.00 secs] 
89.734: Total time for which application threads were stopped: 0.0032660 seconds, Stopping threads took: 0.0000830 seconds
89.769: Application time: 0.0341520 seconds
89.769: [GC [PSYoungGen: 100144K->7856K(107520K)] 160539K->68251K(352768K), 0.0031790 secs] [Times: user=0.02 sys=0.00, real=0.00 secs] 
89.772: Total time for which application threads were stopped: 0.0033430 seconds, Stopping threads took: 0.0000660 seconds
89.797: Application time: 0.0251250 seconds
89.797: [GC [PSYoungGen: 100016K->7776K(107520K)] 160411K->68171K(352768K), 0.0031790 secs] [Times: user=0.02 sys=0.00, real=0.00 secs] 
89.800: Total time for which application threads were stopped: 0.0033860 seconds, Stopping threads took: 0.0001130 seconds
89.828: Application time: 0.0273960 seconds
89.828: [GC [PSYoungGen: 99936K->7872K(107520K)] 160331K->68267K(352768K), 0.0030720 secs] [Times: user=0.02 sys=0.00, real=0.01 secs] 
89.831: Total time for which application threads were stopped: 0.0032550 seconds, Stopping threads took: 0.0000890 seconds
89.862: Application time: 0.0306740 seconds
89.862: [GC [PSYoungGen: 100032K->10464K(107520K)] 160427K->70859K(352768K), 0.0040820 secs] [Times: user=0.02 sys=0.00, real=0.00 secs] 
89.866: Total time for which application threads were stopped: 0.0042400 seconds, Stopping threads took: 0.0000620 seconds
89.895: Application time: 0.0285250 seconds
89.895: [GC [PSYoungGen: 102624K->7840K(107520K)] 163019K->68235K(352768K), 0.0030110 secs] [Times: user=0.02 sys=0.00, real=0.01 secs] 
89.898: Total time for which application threads were stopped: 0.0031840 seconds, Stopping threads took: 0.0000780 seconds
89.930: Application time: 0.0324910 seconds
89.930: [GC [PSYoungGen: 100000K->8000K(107520K)] 160395K->68395K(352768K), 0.0031250 secs] [Times: user=0.02 sys=0.00, real=0.00 secs] 
89.934: Total time for which application threads were stopped: 0.0033020 seconds, Stopping threads took: 0.0000820 seconds
89.969: Application time: 0.0359480 seconds
89.972: [GC [PSYoungGen: 100160K->8288K(107520K)] 160555K->68683K(352768K), 0.0032850 secs] [Times: user=0.02 sys=0.00, real=0.00 secs] 
89.976: Total time for which application threads were stopped: 0.0062840 seconds, Stopping threads took: 0.0028840 seconds
90.007: Application time: 0.0310880 seconds
90.007: [GC [PSYoungGen: 100448K->7856K(107520K)] 160843K->68371K(352768K), 0.0031400 secs] [Times: user=0.02 sys=0.00, real=0.01 secs] 
90.010: Total time for which application threads were stopped: 0.0033290 seconds, Stopping threads took: 0.0000950 seconds
90.042: Application time: 0.0315440 seconds
90.042: [GC [PSYoungGen: 100016K->7856K(107520K)] 160531K->68371K(352768K), 0.0031180 secs] [Times: user=0.02 sys=0.00, real=0.00 secs] 
90.045: Total time for which application threads were stopped: 0.0032690 seconds, Stopping threads took: 0.0000560 seconds
90.068: Application time: 0.0234580 seconds
90.069: [GC [PSYoungGen: 100016K->7952K(107520K)] 160531K->68563K(352768K), 0.0031520 secs] [Times: user=0.02 sys=0.00, real=0.00 secs] 
90.072: Total time for which application threads were stopped: 0.0033210 seconds, Stopping threads took: 0.0000770 seconds
90.103: Application time: 0.0309220 seconds
90.103: [GC [PSYoungGen: 100112K->8496K(107520K)] 160723K->69163K(352768K), 0.0032500 secs] [Times: user=0.02 sys=0.00, real=0.00 secs] 
90.106: Total time for which application threads were stopped: 0.0034310 seconds, Stopping threads took: 0.0000860 seconds
90.135: Application time: 0.0289930 seconds
90.135: [GC [PSYoungGen: 100656K->8256K(107520K)] 161323K->68979K(352768K), 0.0031030 secs] [Times: user=0.02 sys=0.00, real=0.01 secs] 
90.138: Total time for which application threads were stopped: 0.0032960 seconds, Stopping threads took: 0.0000990 seconds
90.167: Application time: 0.0290240 seconds
90.168: [GC [PSYoungGen: 100416K->11280K(107520K)] 161139K->72011K(352768K), 0.0045480 secs] [Times: user=0.03 sys=0.00, real=0.01 secs] 
90.172: Total time for which application threads were stopped: 0.0047270 seconds, Stopping threads took: 0.0000790 seconds
90.209: Application time: 0.0367780 seconds
90.209: [GC [PSYoungGen: 103440K->8592K(107520K)] 164171K->69323K(352768K), 0.0032350 secs] [Times: user=0.03 sys=0.00, real=0.00 secs] 
90.212: Total time for which application threads were stopped: 0.0034320 seconds, Stopping threads took: 0.0001010 seconds
90.245: Application time: 0.0326630 seconds
90.245: [GC [PSYoungGen: 100752K->7968K(107520K)] 161483K->68699K(352768K), 0.0037230 secs] [Times: user=0.02 sys=0.00, real=0.01 secs] 
90.249: Total time for which application threads were stopped: 0.0040550 seconds, Stopping threads took: 0.0002000 seconds
90.283: Application time: 0.0343780 seconds
90.284: [GC [PSYoungGen: 100128K->7872K(107520K)] 160859K->68659K(352768K), 0.0031400 secs] [Times: user=0.02 sys=0.00, real=0.00 secs] 
90.287: Total time for which application threads were stopped: 0.0033090 seconds, Stopping threads took: 0.0000710 seconds
90.312: Application time: 0.0251320 seconds
90.312: [GC [PSYoungGen: 100032K->7680K(107520K)] 160819K->68467K(352768K), 0.0031360 secs] [Times: user=0.02 sys=0.00, real=0.00 secs] 
90.315: Total time for which application threads were stopped: 0.0033090 seconds, Stopping threads took: 0.0000770 seconds
90.342: Application time: 0.0271240 seconds
90.342: [GC [PSYoungGen: 99840K->9616K(107520K)] 160627K->70403K(352768K), 0.0036420 secs] [Times: user=0.02 sys=0.00, real=0.00 secs] 
90.346: Total time for which application threads were stopped: 0.0038010 seconds, Stopping threads took: 0.0000620 seconds
90.376: Application time: 0.0299340 seconds
90.376: [GC [PSYoungGen: 101776K->12000K(107520K)] 162563K->72787K(352768K), 0.0045990 secs] [Times: user=0.02 sys=0.01, real=0.01 secs] 
90.381: Total time for which application threads were stopped: 0.0047820 seconds, Stopping threads took: 0.0000770 seconds
90.410: Application time: 0.0291270 seconds
90.410: [GC [PSYoungGen: 104160K->8560K(107520K)] 164947K->69347K(352768K), 0.0032490 secs] [Times: user=0.02 sys=0.00, real=0.00 secs] 
90.413: Total time for which application threads were stopped: 0.0034410 seconds, Stopping threads took: 0.0000920 seconds
90.448: Application time: 0.0345440 seconds
90.448: [GC [PSYoungGen: 100720K->9664K(107520K)] 161507K->70451K(352768K), 0.0037380 secs] [Times: user=0.03 sys=0.00, real=0.01 secs] 
90.452: Total time for which application threads were stopped: 0.0039190 seconds, Stopping threads took: 0.0000830 seconds
90.487: Application time: 0.0353780 seconds
90.488: [GC [PSYoungGen: 101824K->9856K(107520K)] 162611K->70643K(352768K), 0.0037800 secs] [Times: user=0.03 sys=0.00, real=0.01 secs] 
90.491: Total time for which application threads were stopped: 0.0040030 seconds, Stopping threads took: 0.0001060 seconds
90.524: Application time: 0.0327490 seconds
90.524: [GC [PSYoungGen: 102016K->7840K(107520K)] 162803K->68627K(352768K), 0.0030820 secs] [Times: user=0.02 sys=0.00, real=0.00 secs] 
90.527: Total time for which application threads were stopped: 0.0032630 seconds, Stopping threads took: 0.0000850 seconds
90.556: Application time: 0.0291060 seconds
90.557: [GC [PSYoungGen: 100000K->8048K(107520K)] 160787K->68835K(352768K), 0.0031400 secs] [Times: user=0.02 sys=0.00, real=0.00 secs] 
90.560: Total time for which application threads were stopped: 0.0033000 seconds, Stopping threads took: 0.0000660 seconds
90.583: Application time: 0.0235930 seconds
90.583: [GC [PSYoungGen: 100208K->7920K(107520K)] 160995K->68707K(352768K), 0.0030410 secs] [Times: user=0.02 sys=0.00, real=0.00 secs] 
90.587: Total time for which application threads were stopped: 0.0032210 seconds, Stopping threads took: 0.0000870 seconds
90.619: Application time: 0.0325000 seconds
90.619: [GC [PSYoungGen: 100080K->11872K(107520K)] 160867K->72659K(352768K), 0.0046330 secs] [Times: user=0.03 sys=0.00, real=0.00 secs] 
90.624: Total time for which application threads were stopped: 0.0047950 seconds, Stopping threads took: 0.0000640 seconds
90.652: Application time: 0.0278230 seconds
90.652: [GC [PSYoungGen: 104032K->8224K(107520K)] 164819K->69011K(352768K), 0.0031270 secs] [Times: user=0.03 sys=0.00, real=0.00 secs] 
90.655: Total time for which application threads were stopped: 0.0032960 seconds, Stopping threads took: 0.0000720 seconds
90.687: Application time: 0.0319650 seconds
90.687: [GC [PSYoungGen: 100384K->10288K(107520K)] 161171K->71075K(352768K), 0.0039340 secs] [Times: user=0.03 sys=0.00, real=0.01 secs] 
90.691: Total time for which application threads were stopped: 0.0041260 seconds, Stopping threads took: 0.0000930 seconds
90.727: Application time: 0.0354120 seconds
90.727: [GC [PSYoungGen: 102448K->7968K(107520K)] 163235K->68755K(352768K), 0.0031540 secs] [Times: user=0.02 sys=0.00, real=0.01 secs] 
90.730: Total time for which application threads were stopped: 0.0033430 seconds, Stopping threads took: 0.0000930 seconds
90.762: Application time: 0.0319860 seconds
90.762: [GC [PSYoungGen: 100128K->7728K(107520K)] 160915K->68603K(352768K), 0.0030450 secs] [Times: user=0.02 sys=0.00, real=0.00 secs] 
90.765: Total time for which application threads were stopped: 0.0032310 seconds, Stopping threads took: 0.0000920 seconds
90.798: Application time: 0.0331910 seconds
90.798: [GC [PSYoungGen: 99888K->8080K(107520K)] 160763K->69011K(352768K), 0.0031920 secs] [Times: user=0.03 sys=0.00, real=0.00 secs] 
90.802: Total time for which application threads were stopped: 0.0033580 seconds, Stopping threads took: 0.0000680 seconds
90.825: Application time: 0.0233350 seconds
90.825: [GC [PSYoungGen: 100240K->7744K(107520K)] 161171K->68763K(352768K), 0.0030640 secs] [Times: user=0.02 sys=0.00, real=0.00 secs] 
90.828: Total time for which application threads were stopped: 0.0032410 seconds, Stopping threads took: 0.0000820 seconds
90.858: Application time: 0.0297490 seconds
90.858: [GC [PSYoungGen: 99904K->10352K(107520K)] 160923K->71427K(352768K), 0.0038610 secs] [Times: user=0.03 sys=0.00, real=0.00 secs] 
90.862: Total time for which application threads were stopped: 0.0040650 seconds, Stopping threads took: 0.0001050 seconds
90.891: Application time: 0.0285460 seconds
90.891: [GC [PSYoungGen: 102512K->9600K(107520K)] 163587K->70723K(352768K), 0.0037330 secs] [Times: user=0.02 sys=0.00, real=0.00 secs] 
90.895: Total time for which application threads were stopped: 0.0039400 seconds, Stopping threads took: 0.0001080 seconds
90.925: Application time: 0.0305180 seconds
90.925: [GC [PSYoungGen: 101760K->10544K(107520K)] 162883K->71667K(352768K), 0.0040220 secs] [Times: user=0.03 sys=0.00, real=0.01 secs] 
90.929: Total time for which application threads were stopped: 0.0042170 seconds, Stopping threads took: 0.0000980 seconds
90.963: Application time: 0.0333590 seconds
90.963: [GC [PSYoungGen: 102704K->9056K(107520K)] 163827K->70179K(352768K), 0.0034730 secs] [Times: user=0.02 sys=0.00, real=0.00 secs] 
90.966: Total time for which application threads were stopped: 0.0036510 seconds, Stopping threads took: 0.0000830 seconds
91.001: Application time: 0.0345700 seconds
91.004: [GC [PSYoungGen: 101216K->9888K(107520K)] 162339K->71011K(352768K), 0.0039570 secs] [Times: user=0.03 sys=0.00, real=0.01 secs] 
91.008: Total time for which application threads were stopped: 0.0075940 seconds, Stopping threads took: 0.0035210 seconds
91.042: Application time: 0.0333140 seconds
91.042: [GC [PSYoungGen: 102048K->7760K(107520K)] 163171K->68931K(352768K), 0.0031170 secs] [Times: user=0.02 sys=0.00, real=0.00 secs] 
91.045: Total time for which application threads were stopped: 0.0033380 seconds, Stopping threads took: 0.0001250 seconds
91.072: Application time: 0.0267980 seconds
91.072: [GC [PSYoungGen: 99920K->7728K(107520K)] 161091K->68899K(352768K), 0.0030410 secs] [Times: user=0.02 sys=0.00, real=0.00 secs] 
91.075: Total time for which application threads were stopped: 0.0031990 seconds, Stopping threads took: 0.0000640 seconds
91.102: Application time: 0.0264940 seconds
91.102: [GC [PSYoungGen: 99888K->8176K(107520K)] 161059K->69347K(352768K), 0.0032240 secs] [Times: user=0.02 sys=0.00, real=0.00 secs] 
91.105: Total time for which application threads were stopped: 0.0034160 seconds, Stopping threads took: 0.0000960 seconds
91.135: Application time: 0.0303310 seconds
91.135: [GC [PSYoungGen: 100336K->10448K(107520K)] 161507K->71619K(352768K), 0.0039720 secs] [Times: user=0.02 sys=0.00, real=0.01 secs] 
91.139: Total time for which application threads were stopped: 0.0041270 seconds, Stopping threads took: 0.0000570 seconds
91.169: Application time: 0.0300170 seconds
91.170: [GC [PSYoungGen: 102608K->9600K(107520K)] 163779K->70771K(352768K), 0.0037300 secs] [Times: user=0.02 sys=0.00, real=0.00 secs] 
91.173: Total time for which application threads were stopped: 0.0039180 seconds, Stopping threads took: 0.0000890 seconds
91.205: Application time: 0.0320360 seconds
91.206: [GC [PSYoungGen: 101760K->8160K(107520K)] 162931K->69331K(352768K), 0.0031900 secs] [Times: user=0.02 sys=0.00, real=0.01 secs] 
91.209: Total time for which application threads were stopped: 0.0034000 seconds, Stopping threads took: 0.0001140 seconds
91.244: Application time: 0.0350530 seconds
91.244: [GC [PSYoungGen: 100320K->8208K(107520K)] 161491K->69379K(352768K), 0.0035360 secs] [Times: user=0.02 sys=0.00, real=0.00 secs] 
91.248: Total time for which application threads were stopped: 0.0037280 seconds, Stopping threads took: 0.0000800 seconds
91.281: Application time: 0.0333050 seconds
91.284: [GC [PSYoungGen: 100368K->8000K(107520K)] 161539K->69171K(352768K), 0.0031510 secs] [Times: user=0.02 sys=0.00, real=0.00 secs] 
91.288: Total time for which application threads were stopped: 0.0066510 seconds, Stopping threads took: 0.0034030 seconds
91.317: Application time: 0.0295360 seconds
91.317: [GC [PSYoungGen: 100160K->7920K(107520K)] 161331K->69091K(352768K), 0.0031200 secs] [Times: user=0.02 sys=0.00, real=0.00 secs] 
91.320: Total time for which application threads were stopped: 0.0032780 seconds, Stopping threads took: 0.0000620 seconds
91.346: Application time: 0.0255800 seconds
91.346: [GC [PSYoungGen: 100080K->8224K(107520K)] 161251K->69395K(352768K), 0.0031590 secs] [Times: user=0.02 sys=0.00, real=0.01 secs] 
91.349: Total time for which application threads were stopped: 0.0033300 seconds, Stopping threads took: 0.0000780 seconds
91.380: Application time: 0.0305420 seconds
91.380: [GC [PSYoungGen: 100384K->9616K(107520K)] 161555K->70787K(352768K), 0.0037390 secs] [Times: user=0.02 sys=0.00, real=0.00 secs] 
91.384: Total time for which application threads were stopped: 0.0039040 seconds, Stopping threads took: 0.0000670 seconds
91.411: Application time: 0.0273120 seconds
91.411: [GC [PSYoungGen: 101776K->9872K(107520K)] 162947K->71043K(352768K), 0.0038770 secs] [Times: user=0.03 sys=0.00, real=0.00 secs] 
91.415: Total time for which application threads were stopped: 0.0040640 seconds, Stopping threads took: 0.0000880 seconds
91.448: Application time: 0.0327360 seconds
91.448: [GC [PSYoungGen: 102032K->10448K(107520K)] 163203K->71619K(352768K), 0.0040380 secs] [Times: user=0.03 sys=0.00, real=0.01 secs] 
91.452: Total time for which application threads were stopped: 0.0042100 seconds, Stopping threads took: 0.0000720 seconds
91.484: Application time: 0.0319290 seconds
91.484: [GC [PSYoungGen: 102608K->8816K(107520K)] 163779K->69987K(352768K), 0.0034700 secs] [Times: user=0.02 sys=0.00, real=0.00 secs] 
91.488: Total time for which application threads were stopped: 0.0036490 seconds, Stopping threads took: 0.0000820 seconds
91.524: Application time: 0.0359920 seconds
91.524: [GC [PSYoungGen: 100976K->7920K(107520K)] 162147K->69139K(352768K), 0.0031000 secs] [Times: user=0.03 sys=0.00, real=0.00 secs] 
91.527: Total time for which application threads were stopped: 0.0033180 seconds, Stopping threads took: 0.0001040 seconds
91.559: Application time: 0.0317990 seconds
91.559: [GC [PSYoungGen: 100080K->7760K(107520K)] 161299K->69075K(352768K), 0.0030760 secs] [Times: user=0.02 sys=0.00, real=0.00 secs] 
91.562: Total time for which application threads were stopped: 0.0032640 seconds, Stopping threads took: 0.0000880 seconds
91.588: Application time: 0.0260210 seconds
91.588: [GC [PSYoungGen: 99920K->7744K(107520K)] 161235K->69107K(352768K), 0.0031280 secs] [Times: user=0.01 sys=0.00, real=0.01 secs] 
91.591: Total time for which application threads were stopped: 0.0032990 seconds, Stopping threads took: 0.0000760 seconds
91.619: Application time: 0.0279190 seconds
91.619: [GC [PSYoungGen: 99904K->10096K(107520K)] 161267K->71508K(352768K), 0.0038850 secs] [Times: user=0.02 sys=0.00, real=0.00 secs] 
91.623: Total time for which application threads were stopped: 0.0040370 seconds, Stopping threads took: 0.0000530 seconds
91.651: Application time: 0.0275110 seconds
91.651: [GC [PSYoungGen: 102256K->9888K(107520K)] 163668K->71348K(352768K), 0.0038100 secs] [Times: user=0.02 sys=0.00, real=0.00 secs] 
91.655: Total time for which application threads were stopped: 0.0039860 seconds, Stopping threads took: 0.0000770 seconds
91.688: Application time: 0.0332970 seconds
91.688: [GC [PSYoungGen: 102048K->9568K(107520K)] 163508K->71084K(352768K), 0.0037450 secs] [Times: user=0.03 sys=0.00, real=0.00 secs] 
91.692: Total time for which application threads were stopped: 0.0039330 seconds, Stopping threads took: 0.0000850 seconds
91.722: Application time: 0.0303900 seconds
91.724: [GC [PSYoungGen: 101728K->8000K(107520K)] 163244K->69516K(352768K), 0.0030890 secs] [Times: user=0.02 sys=0.00, real=0.00 secs] 
91.728: Total time for which application threads were stopped: 0.0050240 seconds, Stopping threads took: 0.0018410 seconds
91.763: Application time: 0.0353610 seconds
91.763: [GC [PSYoungGen: 100160K->9408K(107520K)] 161676K->70924K(352768K), 0.0037190 secs] [Times: user=0.03 sys=0.00, real=0.00 secs] 
91.767: Total time for which application threads were stopped: 0.0039080 seconds, Stopping threads took: 0.0000930 seconds
91.801: Application time: 0.0337950 seconds
91.801: [GC [PSYoungGen: 101568K->7584K(107520K)] 163084K->69148K(352768K), 0.0030360 secs] [Times: user=0.02 sys=0.00, real=0.00 secs] 
91.804: Total time for which application threads were stopped: 0.0031980 seconds, Stopping threads took: 0.0000660 seconds
91.831: Application time: 0.0272900 seconds
91.831: [GC [PSYoungGen: 99744K->7584K(107520K)] 161308K->69148K(352768K), 0.0031550 secs] [Times: user=0.02 sys=0.00, real=0.00 secs] 
91.834: Total time for which application threads were stopped: 0.0033350 seconds, Stopping threads took: 0.0000860 seconds
91.862: Application time: 0.0278880 seconds
91.862: [GC [PSYoungGen: 99744K->7680K(107520K)] 161308K->69244K(352768K), 0.0030550 secs] [Times: user=0.02 sys=0.00, real=0.00 secs] 
91.866: Total time for which application threads were stopped: 0.0032320 seconds, Stopping threads took: 0.0000780 seconds
91.896: Application time: 0.0306740 seconds
91.896: [GC [PSYoungGen: 99840K->8704K(107520K)] 161404K->70268K(352768K), 0.0032330 secs] [Times: user=0.02 sys=0.00, real=0.00 secs] 
91.900: Total time for which application threads were stopped: 0.0034170 seconds, Stopping threads took: 0.0000750 seconds
91.928: Application time: 0.0282120 seconds
91.932: [GC [PSYoungGen: 100864K->10160K(107520K)] 162428K->71724K(352768K), 0.0039040 secs] [Times: user=0.03 sys=0.00, real=0.01 secs] 
91.936: Total time for which application threads were stopped: 0.0085000 seconds, Stopping threads took: 0.0044900 seconds
91.969: Application time: 0.0330360 seconds
91.970: [GC [PSYoungGen: 102320K->8272K(107520K)] 163884K->69836K(352768K), 0.0031700 secs] [Times: user=0.02 sys=0.00, real=0.00 secs] 
91.973: Total time for which application threads were stopped: 0.0033510 seconds, Stopping threads took: 0.0000830 seconds
92.006: Application time: 0.0330850 seconds
92.008: [GC [PSYoungGen: 100432K->9456K(107520K)] 161996K->71020K(352768K), 0.0037200 secs] [Times: user=0.02 sys=0.00, real=0.00 secs] 
92.012: Total time for which application threads were stopped: 0.0063370 seconds, Stopping threads took: 0.0025200 seconds
92.047: Application time: 0.0352650 seconds
92.048: [GC [PSYoungGen: 101616K->8032K(107520K)] 163180K->69596K(352768K), 0.0031950 secs] [Times: user=0.02 sys=0.00, real=0.01 secs] 
92.051: Total time for which application threads were stopped: 0.0034080 seconds, Stopping threads took: 0.0000960 seconds
92.083: Application time: 0.0318550 seconds
92.083: [GC [PSYoungGen: 100192K->8032K(107520K)] 161756K->69596K(352768K), 0.0031900 secs] [Times: user=0.02 sys=0.00, real=0.00 secs] 
92.086: Total time for which application threads were stopped: 0.0033670 seconds, Stopping threads took: 0.0000830 seconds
92.112: Application time: 0.0259580 seconds
92.112: [GC [PSYoungGen: 100192K->7776K(107520K)] 161756K->69340K(352768K), 0.0030760 secs] [Times: user=0.02 sys=0.01, real=0.00 secs] 
92.116: Total time for which application threads were stopped: 0.0035020 seconds, Stopping threads took: 0.0003310 seconds
92.142: Application time: 0.0268810 seconds
92.143: [GC [PSYoungGen: 99936K->11632K(107520K)] 161500K->73196K(352768K), 0.0045420 secs] [Times: user=0.03 sys=0.00, real=0.00 secs] 
92.147: Total time for which application threads were stopped: 0.0047170 seconds, Stopping threads took: 0.0000740 seconds
92.176: Application time: 0.0286120 seconds
92.176: [GC [PSYoungGen: 103792K->9760K(107520K)] 165356K->71324K(352768K), 0.0037540 secs] [Times: user=0.03 sys=0.00, real=0.01 secs] 
92.180: Total time for which application threads were stopped: 0.0039590 seconds, Stopping threads took: 0.0001070 seconds
92.211: Application time: 0.0313550 seconds
92.211: [GC [PSYoungGen: 101920K->11360K(107520K)] 163484K->72924K(352768K), 0.0044490 secs] [Times: user=0.03 sys=0.00, real=0.00 secs] 
92.216: Total time for which application threads were stopped: 0.0046230 seconds, Stopping threads took: 0.0000750 seconds
92.249: Application time: 0.0334440 seconds
92.249: [GC [PSYoungGen: 103520K->7968K(107520K)] 165084K->69532K(352768K), 0.0030490 secs] [Times: user=0.01 sys=0.00, real=0.00 secs] 
92.252: Total time for which application threads were stopped: 0.0032140 seconds, Stopping threads took: 0.0000720 seconds
92.288: Application time: 0.0352050 seconds
92.288: [GC [PSYoungGen: 100128K->9968K(107520K)] 161692K->71532K(352768K), 0.0038950 secs] [Times: user=0.02 sys=0.00, real=0.01 secs] 
92.292: Total time for which application threads were stopped: 0.0040780 seconds, Stopping threads took: 0.0000850 seconds
92.325: Application time: 0.0333410 seconds
92.329: [GC [PSYoungGen: 102128K->7760K(107520K)] 163692K->69412K(352768K), 0.0033990 secs] [Times: user=0.02 sys=0.00, real=0.00 secs] 
92.332: Total time for which application threads were stopped: 0.0069780 seconds, Stopping threads took: 0.0034650 seconds
92.359: Application time: 0.0269700 seconds
92.359: [GC [PSYoungGen: 99920K->7872K(107520K)] 161572K->69580K(352768K), 0.0031310 secs] [Times: user=0.02 sys=0.00, real=0.00 secs] 
92.362: Total time for which application threads were stopped: 0.0033190 seconds, Stopping threads took: 0.0000940 seconds
92.391: Application time: 0.0283430 seconds
92.391: [GC [PSYoungGen: 100032K->7616K(107520K)] 161740K->69412K(352768K), 0.0029980 secs] [Times: user=0.02 sys=0.00, real=0.00 secs] 
92.394: Total time for which application threads were stopped: 0.0031480 seconds, Stopping threads took: 0.0000550 seconds
92.422: Application time: 0.0280210 seconds
92.422: [GC [PSYoungGen: 99776K->9584K(107520K)] 161572K->71436K(352768K), 0.0037170 secs] [Times: user=0.02 sys=0.00, real=0.00 secs] 
92.426: Total time for which application threads were stopped: 0.0038760 seconds, Stopping threads took: 0.0000620 seconds
92.455: Application time: 0.0296830 seconds
92.455: [GC [PSYoungGen: 101744K->8160K(107520K)] 163596K->70060K(352768K), 0.0031700 secs] [Times: user=0.02 sys=0.00, real=0.01 secs] 
92.459: Total time for which application threads were stopped: 0.0033540 seconds, Stopping threads took: 0.0000850 seconds
92.491: Application time: 0.0323340 seconds
92.491: [GC [PSYoungGen: 100320K->8304K(107520K)] 162220K->70212K(352768K), 0.0032090 secs] [Times: user=0.02 sys=0.00, real=0.00 secs] 
92.494: Total time for which application threads were stopped: 0.0034100 seconds, Stopping threads took: 0.0001000 seconds
92.529: Application time: 0.0348900 seconds
92.529: [GC [PSYoungGen: 100463K->7472K(107520K)] 162371K->69380K(352768K), 0.0029420 secs] [Times: user=0.02 sys=0.00, real=0.00 secs] 
92.532: Total time for which application threads were stopped: 0.0031100 seconds, Stopping threads took: 0.0000730 seconds
92.568: Application time: 0.0350770 seconds
92.568: [GC [PSYoungGen: 99632K->7904K(107520K)] 161540K->69860K(352768K), 0.0031140 secs] [Times: user=0.02 sys=0.00, real=0.01 secs] 
92.571: Total time for which application threads were stopped: 0.0032880 seconds, Stopping threads took: 0.0000600 seconds
92.600: Application time: 0.0295480 seconds
92.601: [GC [PSYoungGen: 100064K->7968K(107520K)] 162020K->69924K(352768K), 0.0031670 secs] [Times: user=0.02 sys=0.00, real=0.00 secs] 
92.604: Total time for which application threads were stopped: 0.0033500 seconds, Stopping threads took: 0.0000880 seconds
92.631: Application time: 0.0269230 seconds
92.631: [GC [PSYoungGen: 100128K->8032K(107520K)] 162084K->69988K(352768K), 0.0032260 secs] [Times: user=0.02 sys=0.00, real=0.00 secs] 
92.634: Total time for which application threads were stopped: 0.0033950 seconds, Stopping threads took: 0.0000700 seconds
92.662: Application time: 0.0281450 seconds
92.662: [GC [PSYoungGen: 100192K->10192K(107520K)] 162148K->72148K(352768K), 0.0039340 secs] [Times: user=0.02 sys=0.00, real=0.00 secs] 
92.666: Total time for which application threads were stopped: 0.0041100 seconds, Stopping threads took: 0.0000790 seconds
92.693: Application time: 0.0269470 seconds
92.693: [GC [PSYoungGen: 102352K->10800K(107520K)] 164308K->72756K(352768K), 0.0040640 secs] [Times: user=0.02 sys=0.00, real=0.01 secs] 
92.698: Total time for which application threads were stopped: 0.0042770 seconds, Stopping threads took: 0.0001090 seconds
92.730: Application time: 0.0324650 seconds
92.730: [GC [PSYoungGen: 102960K->8688K(107520K)] 164916K->70644K(352768K), 0.0033290 secs] [Times: user=0.02 sys=0.00, real=0.00 secs] 
92.734: Total time for which application threads were stopped: 0.0035350 seconds, Stopping threads took: 0.0001070 seconds
92.767: Application time: 0.0333780 seconds
92.767: [GC [PSYoungGen: 100848K->8336K(107520K)] 162804K->70292K(352768K), 0.0032390 secs] [Times: user=0.02 sys=0.00, real=0.01 secs] 
92.770: Total time for which application threads were stopped: 0.0034430 seconds, Stopping threads took: 0.0001060 seconds
92.804: Application time: 0.0335730 seconds
92.804: [GC [PSYoungGen: 100496K->9648K(107520K)] 162452K->71604K(352768K), 0.0038350 secs] [Times: user=0.03 sys=0.00, real=0.00 secs] 
92.808: Total time for which application threads were stopped: 0.0040370 seconds, Stopping threads took: 0.0001020 seconds
92.841: Application time: 0.0332280 seconds
92.841: [GC [PSYoungGen: 101808K->7888K(107520K)] 163764K->69844K(352768K), 0.0031110 secs] [Times: user=0.02 sys=0.00, real=0.00 secs] 
92.844: Total time for which application threads were stopped: 0.0032840 seconds, Stopping threads took: 0.0000770 seconds
92.871: Application time: 0.0267330 seconds
92.871: [GC [PSYoungGen: 100048K->7920K(107520K)] 162004K->69876K(352768K), 0.0032590 secs] [Times: user=0.01 sys=0.01, real=0.00 secs] 
92.875: Total time for which application threads were stopped: 0.0034510 seconds, Stopping threads took: 0.0000980 seconds
92.903: Application time: 0.0278730 seconds
92.903: [GC [PSYoungGen: 100080K->10544K(107520K)] 162036K->72500K(352768K), 0.0040690 secs] [Times: user=0.03 sys=0.00, real=0.00 secs] 
92.907: Total time for which application threads were stopped: 0.0042330 seconds, Stopping threads took: 0.0000650 seconds
92.935: Application time: 0.0285280 seconds
92.935: [GC [PSYoungGen: 102704K->9968K(107520K)] 164660K->71924K(352768K), 0.0038030 secs] [Times: user=0.03 sys=0.00, real=0.01 secs] 
92.939: Total time for which application threads were stopped: 0.0039870 seconds, Stopping threads took: 0.0000850 seconds
92.967: Application time: 0.0280720 seconds
92.968: [GC [PSYoungGen: 102128K->10288K(107520K)] 164084K->72244K(352768K), 0.0039530 secs] [Times: user=0.03 sys=0.00, real=0.01 secs] 
92.972: Total time for which application threads were stopped: 0.0041330 seconds, Stopping threads took: 0.0000830 seconds
93.007: Application time: 0.0351700 seconds
93.007: [GC [PSYoungGen: 102448K->9600K(107520K)] 164404K->71556K(352768K), 0.0037260 secs] [Times: user=0.03 sys=0.00, real=0.01 secs] 
93.011: Total time for which application threads were stopped: 0.0038920 seconds, Stopping threads took: 0.0000690 seconds
93.043: Application time: 0.0327770 seconds
93.044: [GC [PSYoungGen: 101760K->7936K(107520K)] 163716K->69892K(352768K), 0.0031840 secs] [Times: user=0.02 sys=0.00, real=0.00 secs] 
93.047: Total time for which application threads were stopped: 0.0033790 seconds, Stopping threads took: 0.0000970 seconds
93.082: Application time: 0.0355160 seconds
93.082: [GC [PSYoungGen: 100096K->7792K(107520K)] 162052K->69804K(352768K), 0.0031270 secs] [Times: user=0.02 sys=0.00, real=0.00 secs] 
93.086: Total time for which application threads were stopped: 0.0033260 seconds, Stopping threads took: 0.0000860 seconds
93.113: Application time: 0.0276040 seconds
93.113: [GC [PSYoungGen: 99952K->7712K(107520K)] 161964K->69804K(352768K), 0.0031390 secs] [Times: user=0.02 sys=0.00, real=0.01 secs] 
93.117: Total time for which application threads were stopped: 0.0033170 seconds, Stopping threads took: 0.0000860 seconds
93.143: Application time: 0.0265370 seconds
93.143: [GC [PSYoungGen: 99872K->7728K(107520K)] 161964K->69900K(352768K), 0.0030790 secs] [Times: user=0.02 sys=0.00, real=0.00 secs] 
93.146: Total time for which application threads were stopped: 0.0032550 seconds, Stopping threads took: 0.0000800 seconds
93.175: Application time: 0.0290970 seconds
93.176: [GC [PSYoungGen: 99888K->8208K(107520K)] 162060K->70436K(352768K), 0.0031790 secs] [Times: user=0.02 sys=0.00, real=0.01 secs] 
93.179: Total time for which application threads were stopped: 0.0033720 seconds, Stopping threads took: 0.0001000 seconds
93.207: Application time: 0.0282420 seconds
93.207: [GC [PSYoungGen: 100368K->9232K(107520K)] 162596K->71516K(352768K), 0.0036810 secs] [Times: user=0.02 sys=0.00, real=0.01 secs] 
93.211: Total time for which application threads were stopped: 0.0038730 seconds, Stopping threads took: 0.0000940 seconds
93.243: Application time: 0.0325420 seconds
93.244: [GC [PSYoungGen: 101392K->8656K(107520K)] 163676K->70940K(352768K), 0.0036130 secs] [Times: user=0.02 sys=0.00, real=0.00 secs] 
93.247: Total time for which application threads were stopped: 0.0038220 seconds, Stopping threads took: 0.0001110 seconds
93.282: Application time: 0.0352210 seconds
93.283: [GC [PSYoungGen: 100816K->7936K(107520K)] 163100K->70220K(352768K), 0.0031640 secs] [Times: user=0.02 sys=0.00, real=0.00 secs] 
93.286: Total time for which application threads were stopped: 0.0033790 seconds, Stopping threads took: 0.0001190 seconds
93.319: Application time: 0.0329210 seconds
93.319: [GC [PSYoungGen: 100096K->9504K(107520K)] 162380K->71844K(352768K), 0.0037780 secs] [Times: user=0.03 sys=0.00, real=0.00 secs] 
93.323: Total time for which application threads were stopped: 0.0039640 seconds, Stopping threads took: 0.0000900 seconds
93.354: Application time: 0.0315990 seconds
93.354: [GC [PSYoungGen: 101664K->7872K(107520K)] 164004K->70212K(352768K), 0.0030320 secs] [Times: user=0.02 sys=0.00, real=0.01 secs] 
93.358: Total time for which application threads were stopped: 0.0032110 seconds, Stopping threads took: 0.0000820 seconds
93.385: Application time: 0.0275480 seconds
93.385: [GC [PSYoungGen: 100032K->7872K(107520K)] 162372K->70212K(352768K), 0.0031490 secs] [Times: user=0.02 sys=0.00, real=0.01 secs] 
93.388: Total time for which application threads were stopped: 0.0033440 seconds, Stopping threads took: 0.0001010 seconds
93.415: Application time: 0.0269160 seconds
93.416: [GC [PSYoungGen: 100032K->11472K(107520K)] 162372K->73812K(352768K), 0.0045070 secs] [Times: user=0.03 sys=0.00, real=0.01 secs] 
93.420: Total time for which application threads were stopped: 0.0046730 seconds, Stopping threads took: 0.0000660 seconds
93.450: Application time: 0.0296930 seconds
93.450: [GC [PSYoungGen: 103632K->9744K(107520K)] 165972K->72084K(352768K), 0.0036790 secs] [Times: user=0.03 sys=0.00, real=0.00 secs] 
93.454: Total time for which application threads were stopped: 0.0038660 seconds, Stopping threads took: 0.0000890 seconds
93.483: Application time: 0.0297760 seconds
93.484: [GC [PSYoungGen: 101904K->8320K(107520K)] 164244K->70660K(352768K), 0.0032590 secs] [Times: user=0.02 sys=0.00, real=0.00 secs] 
93.487: Total time for which application threads were stopped: 0.0034580 seconds, Stopping threads took: 0.0001000 seconds
93.522: Application time: 0.0347790 seconds
93.522: [GC [PSYoungGen: 100480K->10160K(107520K)] 162820K->72500K(352768K), 0.0039830 secs] [Times: user=0.02 sys=0.00, real=0.00 secs] 
93.526: Total time for which application threads were stopped: 0.0041670 seconds, Stopping threads took: 0.0000870 seconds
93.557: Application time: 0.0309930 seconds
93.557: [GC [PSYoungGen: 102320K->7872K(107520K)] 164660K->70212K(352768K), 0.0030590 secs] [Times: user=0.02 sys=0.00, real=0.00 secs] 
93.560: Total time for which application threads were stopped: 0.0032430 seconds, Stopping threads took: 0.0000900 seconds
93.596: Application time: 0.0357830 seconds
93.596: [GC [PSYoungGen: 100032K->7920K(107520K)] 162372K->70260K(352768K), 0.0030650 secs] [Times: user=0.02 sys=0.00, real=0.01 secs] 
93.599: Total time for which application threads were stopped: 0.0032800 seconds, Stopping threads took: 0.0001010 seconds
93.626: Application time: 0.0267200 seconds
93.626: [GC [PSYoungGen: 100080K->7632K(107520K)] 162420K->69972K(352768K), 0.0031170 secs] [Times: user=0.02 sys=0.00, real=0.01 secs] 
93.629: Total time for which application threads were stopped: 0.0033420 seconds, Stopping threads took: 0.0001190 seconds
93.656: Application time: 0.0268170 seconds
93.660: [GC [PSYoungGen: 99792K->8304K(107520K)] 162132K->70644K(352768K), 0.0031600 secs] [Times: user=0.02 sys=0.00, real=0.00 secs] 
93.664: Total time for which application threads were stopped: 0.0076200 seconds, Stopping threads took: 0.0043650 seconds
93.694: Application time: 0.0301740 seconds
93.694: [GC [PSYoungGen: 100464K->8432K(107520K)] 162804K->70772K(352768K), 0.0031840 secs] [Times: user=0.02 sys=0.00, real=0.01 secs] 
93.697: Total time for which application threads were stopped: 0.0034010 seconds, Stopping threads took: 0.0001200 seconds
93.726: Application time: 0.0283580 seconds
93.726: [GC [PSYoungGen: 100592K->11328K(107520K)] 162932K->73668K(352768K), 0.0044670 secs] [Times: user=0.04 sys=0.00, real=0.01 secs] 
93.730: Total time for which application threads were stopped: 0.0046510 seconds, Stopping threads took: 0.0000860 seconds
93.763: Application time: 0.0332500 seconds
93.764: [GC [PSYoungGen: 103488K->8176K(107520K)] 165828K->70516K(352768K), 0.0030730 secs] [Times: user=0.02 sys=0.00, real=0.00 secs] 
93.767: Total time for which application threads were stopped: 0.0032650 seconds, Stopping threads took: 0.0000940 seconds
93.801: Application time: 0.0339820 seconds
93.804: [GC [PSYoungGen: 100336K->8064K(107520K)] 162676K->70404K(352768K), 0.0033140 secs] [Times: user=0.02 sys=0.00, real=0.00 secs] 
93.808: Total time for which application threads were stopped: 0.0070470 seconds, Stopping threads took: 0.0036320 seconds
93.842: Application time: 0.0337810 seconds
93.842: [GC [PSYoungGen: 100224K->8464K(107520K)] 162564K->70844K(352768K), 0.0033110 secs] [Times: user=0.02 sys=0.00, real=0.00 secs] 
93.845: Total time for which application threads were stopped: 0.0034780 seconds, Stopping threads took: 0.0000670 seconds
93.875: Application time: 0.0302030 seconds
93.875: [GC [PSYoungGen: 100624K->7792K(107520K)] 163004K->70252K(352768K), 0.0031460 secs] [Times: user=0.02 sys=0.00, real=0.01 secs] 
93.879: Total time for which application threads were stopped: 0.0033260 seconds, Stopping threads took: 0.0000840 seconds
93.906: Application time: 0.0274450 seconds
93.906: [GC [PSYoungGen: 99952K->8064K(107520K)] 162412K->70580K(352768K), 0.0031960 secs] [Times: user=0.03 sys=0.00, real=0.01 secs] 
93.909: Total time for which application threads were stopped: 0.0033790 seconds, Stopping threads took: 0.0000860 seconds
93.935: Application time: 0.0259110 seconds
93.935: [GC [PSYoungGen: 100224K->9920K(107520K)] 162740K->72520K(352768K), 0.0039320 secs] [Times: user=0.02 sys=0.00, real=0.01 secs] 
93.939: Total time for which application threads were stopped: 0.0040970 seconds, Stopping threads took: 0.0000680 seconds
93.973: Application time: 0.0332280 seconds
93.973: [GC [PSYoungGen: 102080K->10048K(107520K)] 164680K->72648K(352768K), 0.0039260 secs] [Times: user=0.03 sys=0.00, real=0.01 secs] 
93.977: Total time for which application threads were stopped: 0.0041270 seconds, Stopping threads took: 0.0001030 seconds
94.005: Application time: 0.0283230 seconds
94.008: [GC [PSYoungGen: 102208K->8016K(107520K)] 164808K->70672K(352768K), 0.0031100 secs] [Times: user=0.02 sys=0.01, real=0.00 secs] 
94.012: Total time for which application threads were stopped: 0.0064590 seconds, Stopping threads took: 0.0032530 seconds
94.050: Application time: 0.0379880 seconds
94.050: [GC [PSYoungGen: 100176K->8464K(107520K)] 162832K->71120K(352768K), 0.0033070 secs] [Times: user=0.02 sys=0.00, real=0.00 secs] 
94.053: Total time for which application threads were stopped: 0.0035020 seconds, Stopping threads took: 0.0000940 seconds
94.082: Application time: 0.0285200 seconds
94.082: [GC [PSYoungGen: 100624K->7664K(107520K)] 163280K->70376K(352768K), 0.0029640 secs] [Times: user=0.02 sys=0.00, real=0.00 secs] 
94.085: Total time for which application threads were stopped: 0.0031530 seconds, Stopping threads took: 0.0000940 seconds
94.119: Application time: 0.0343470 seconds
94.120: [GC [PSYoungGen: 99824K->7856K(107520K)] 162536K->70568K(352768K), 0.0031220 secs] [Times: user=0.02 sys=0.00, real=0.00 secs] 
94.124: Total time for which application threads were stopped: 0.0045020 seconds, Stopping threads took: 0.0012620 seconds
94.151: Application time: 0.0273910 seconds
94.151: [GC [PSYoungGen: 100016K->8112K(107520K)] 162728K->70824K(352768K), 0.0031290 secs] [Times: user=0.02 sys=0.00, real=0.00 secs] 
94.154: Total time for which application threads were stopped: 0.0033180 seconds, Stopping threads took: 0.0000910 seconds
94.179: Application time: 0.0243250 seconds
94.179: [GC [PSYoungGen: 100272K->7680K(107520K)] 162984K->70392K(352768K), 0.0029900 secs] [Times: user=0.02 sys=0.00, real=0.00 secs] 
94.182: Total time for which application threads were stopped: 0.0031840 seconds, Stopping threads took: 0.0000980 seconds
94.215: Application time: 0.0331340 seconds
94.215: [GC [PSYoungGen: 99840K->9552K(107520K)] 162552K->72264K(352768K), 0.0037450 secs] [Times: user=0.03 sys=0.00, real=0.01 secs] 
94.219: Total time for which application threads were stopped: 0.0039280 seconds, Stopping threads took: 0.0000850 seconds
94.248: Application time: 0.0291930 seconds
94.248: [GC [PSYoungGen: 101712K->10048K(107520K)] 164424K->72760K(352768K), 0.0037650 secs] [Times: user=0.03 sys=0.00, real=0.01 secs] 
94.252: Total time for which application threads were stopped: 0.0039470 seconds, Stopping threads took: 0.0000850 seconds
94.286: Application time: 0.0336490 seconds
94.286: [GC [PSYoungGen: 102208K->9488K(107520K)] 164920K->72200K(352768K), 0.0037430 secs] [Times: user=0.02 sys=0.00, real=0.01 secs] 
94.290: Total time for which application threads were stopped: 0.0039260 seconds, Stopping threads took: 0.0000830 seconds
94.324: Application time: 0.0342520 seconds
94.324: [GC [PSYoungGen: 101648K->8032K(107520K)] 164360K->70744K(352768K), 0.0031670 secs] [Times: user=0.02 sys=0.00, real=0.00 secs] 
94.327: Total time for which application threads were stopped: 0.0033420 seconds, Stopping threads took: 0.0000790 seconds
94.358: Application time: 0.0310400 seconds
94.358: [GC [PSYoungGen: 100192K->9520K(107520K)] 162904K->72232K(352768K), 0.0037760 secs] [Times: user=0.02 sys=0.00, real=0.00 secs] 
94.362: Total time for which application threads were stopped: 0.0039510 seconds, Stopping threads took: 0.0000790 seconds
94.394: Application time: 0.0321220 seconds
94.394: [GC [PSYoungGen: 101680K->7760K(107520K)] 164392K->70472K(352768K), 0.0030920 secs] [Times: user=0.02 sys=0.00, real=0.01 secs] 
94.398: Total time for which application threads were stopped: 0.0032420 seconds, Stopping threads took: 0.0000570 seconds
94.422: Application time: 0.0248430 seconds
94.423: [GC [PSYoungGen: 99920K->8032K(107520K)] 162632K->70744K(352768K), 0.0031330 secs] [Times: user=0.02 sys=0.00, real=0.00 secs] 
94.426: Total time for which application threads were stopped: 0.0033030 seconds, Stopping threads took: 0.0000740 seconds
94.453: Application time: 0.0268790 seconds
94.453: [GC [PSYoungGen: 100192K->12064K(107520K)] 162904K->74776K(352768K), 0.0046740 secs] [Times: user=0.04 sys=0.00, real=0.01 secs] 
94.457: Total time for which application threads were stopped: 0.0048480 seconds, Stopping threads took: 0.0000770 seconds
94.491: Application time: 0.0340070 seconds
94.492: [GC [PSYoungGen: 104224K->9536K(107520K)] 166936K->72248K(352768K), 0.0034840 secs] [Times: user=0.02 sys=0.00, real=0.00 secs] 
94.495: Total time for which application threads were stopped: 0.0036490 seconds, Stopping threads took: 0.0000720 seconds
94.524: Application time: 0.0284580 seconds
94.524: [GC [PSYoungGen: 101696K->7856K(107520K)] 164408K->70568K(352768K), 0.0031300 secs] [Times: user=0.02 sys=0.00, real=0.00 secs] 
94.528: Total time for which application threads were stopped: 0.0040210 seconds, Stopping threads took: 0.0007920 seconds
94.566: Application time: 0.0385340 seconds
94.566: [GC [PSYoungGen: 100016K->8208K(107520K)] 162728K->70920K(352768K), 0.0032390 secs] [Times: user=0.02 sys=0.00, real=0.01 secs] 
94.570: Total time for which application threads were stopped: 0.0034160 seconds, Stopping threads took: 0.0000750 seconds
94.598: Application time: 0.0285990 seconds
94.598: [GC [PSYoungGen: 100368K->8080K(107520K)] 163080K->70848K(352768K), 0.0032210 secs] [Times: user=0.02 sys=0.00, real=0.00 secs] 
94.602: Total time for which application threads were stopped: 0.0033990 seconds, Stopping threads took: 0.0000820 seconds
94.636: Application time: 0.0343030 seconds
94.636: [GC [PSYoungGen: 100240K->7792K(107520K)] 163008K->70648K(352768K), 0.0030980 secs] [Times: user=0.02 sys=0.00, real=0.01 secs] 
94.639: Total time for which application threads were stopped: 0.0033040 seconds, Stopping threads took: 0.0000950 seconds
94.666: Application time: 0.0264090 seconds
94.668: [GC [PSYoungGen: 99952K->7840K(107520K)] 162808K->70744K(352768K), 0.0030700 secs] [Times: user=0.02 sys=0.00, real=0.00 secs] 
94.672: Total time for which application threads were stopped: 0.0059670 seconds, Stopping threads took: 0.0028010 seconds
94.697: Application time: 0.0255690 seconds
94.697: [GC [PSYoungGen: 100000K->9040K(107520K)] 162904K->71992K(352768K), 0.0035420 secs] [Times: user=0.02 sys=0.00, real=0.00 secs] 
94.701: Total time for which application threads were stopped: 0.0037410 seconds, Stopping threads took: 0.0001010 seconds
94.733: Application time: 0.0326380 seconds
94.734: [GC [PSYoungGen: 101200K->10800K(107520K)] 164152K->73801K(352768K), 0.0041470 secs] [Times: user=0.03 sys=0.00, real=0.01 secs] 
94.738: Total time for which application threads were stopped: 0.0043120 seconds, Stopping threads took: 0.0000670 seconds
94.765: Application time: 0.0276840 seconds
94.766: [GC [PSYoungGen: 102960K->9344K(107520K)] 165961K->72385K(352768K), 0.0037380 secs] [Times: user=0.03 sys=0.00, real=0.01 secs] 
94.769: Total time for which application threads were stopped: 0.0039160 seconds, Stopping threads took: 0.0000810 seconds
94.806: Application time: 0.0367420 seconds
94.808: [GC [PSYoungGen: 101504K->9472K(107520K)] 164545K->72513K(352768K), 0.0038620 secs] [Times: user=0.03 sys=0.00, real=0.00 secs] 
94.812: Total time for which application threads were stopped: 0.0061460 seconds, Stopping threads took: 0.0021770 seconds
94.844: Application time: 0.0313590 seconds
94.844: [GC [PSYoungGen: 101632K->7728K(107520K)] 164673K->70769K(352768K), 0.0030080 secs] [Times: user=0.02 sys=0.00, real=0.00 secs] 
94.847: Total time for which application threads were stopped: 0.0031780 seconds, Stopping threads took: 0.0000750 seconds
94.880: Application time: 0.0332630 seconds
94.880: [GC [PSYoungGen: 99888K->9440K(107520K)] 162929K->72537K(352768K), 0.0037910 secs] [Times: user=0.03 sys=0.00, real=0.00 secs] 
94.884: Total time for which application threads were stopped: 0.0039640 seconds, Stopping threads took: 0.0000760 seconds
94.913: Application time: 0.0292250 seconds
94.913: [GC [PSYoungGen: 101600K->7888K(107520K)] 164697K->70985K(352768K), 0.0031630 secs] [Times: user=0.02 sys=0.00, real=0.01 secs] 
94.917: Total time for which application threads were stopped: 0.0033290 seconds, Stopping threads took: 0.0000690 seconds
94.943: Application time: 0.0259850 seconds
94.943: [GC [PSYoungGen: 100048K->7776K(107520K)] 163145K->70873K(352768K), 0.0030660 secs] [Times: user=0.02 sys=0.00, real=0.00 secs] 
94.946: Total time for which application threads were stopped: 0.0032690 seconds, Stopping threads took: 0.0001070 seconds
94.975: Application time: 0.0287220 seconds
94.975: [GC [PSYoungGen: 99936K->8128K(107520K)] 163033K->71225K(352768K), 0.0031810 secs] [Times: user=0.02 sys=0.00, real=0.01 secs] 
94.978: Total time for which application threads were stopped: 0.0033680 seconds, Stopping threads took: 0.0000900 seconds
95.009: Application time: 0.0311470 seconds
95.009: [GC [PSYoungGen: 100288K->9808K(107520K)] 163385K->72905K(352768K), 0.0037950 secs] [Times: user=0.03 sys=0.00, real=0.00 secs] 
95.013: Total time for which application threads were stopped: 0.0039520 seconds, Stopping threads took: 0.0000600 seconds
95.044: Application time: 0.0304510 seconds
95.044: [GC [PSYoungGen: 101968K->9984K(107520K)] 165065K->73081K(352768K), 0.0038920 secs] [Times: user=0.03 sys=0.00, real=0.00 secs] 
95.048: Total time for which application threads were stopped: 0.0040860 seconds, Stopping threads took: 0.0000940 seconds
95.085: Application time: 0.0370860 seconds
95.085: [GC [PSYoungGen: 102144K->7696K(107520K)] 165241K->70793K(352768K), 0.0030360 secs] [Times: user=0.02 sys=0.00, real=0.00 secs] 
95.088: Total time for which application threads were stopped: 0.0032410 seconds, Stopping threads took: 0.0001080 seconds
95.119: Application time: 0.0309250 seconds
95.119: [GC [PSYoungGen: 99856K->7872K(107520K)] 162953K->70969K(352768K), 0.0030980 secs] [Times: user=0.02 sys=0.00, real=0.00 secs] 
95.122: Total time for which application threads were stopped: 0.0032710 seconds, Stopping threads took: 0.0000790 seconds
95.154: Application time: 0.0322470 seconds
95.155: [GC [PSYoungGen: 100032K->8000K(107520K)] 163129K->71097K(352768K), 0.0031110 secs] [Times: user=0.02 sys=0.00, real=0.01 secs] 
95.158: Total time for which application threads were stopped: 0.0033140 seconds, Stopping threads took: 0.0000860 seconds
95.183: Application time: 0.0253800 seconds
95.183: [GC [PSYoungGen: 100160K->7936K(107520K)] 163257K->71033K(352768K), 0.0030740 secs] [Times: user=0.02 sys=0.00, real=0.00 secs] 
95.186: Total time for which application threads were stopped: 0.0032730 seconds, Stopping threads took: 0.0001020 seconds
95.213: Application time: 0.0264160 seconds
95.213: [GC [PSYoungGen: 100096K->11504K(107520K)] 163193K->74601K(352768K), 0.0044600 secs] [Times: user=0.03 sys=0.00, real=0.01 secs] 
95.217: Total time for which application threads were stopped: 0.0046300 seconds, Stopping threads took: 0.0000690 seconds
95.249: Application time: 0.0315660 seconds
95.249: [GC [PSYoungGen: 103664K->9648K(107520K)] 166761K->72745K(352768K), 0.0036260 secs] [Times: user=0.03 sys=0.00, real=0.00 secs] 
95.253: Total time for which application threads were stopped: 0.0037990 seconds, Stopping threads took: 0.0000770 seconds
95.284: Application time: 0.0310820 seconds
95.284: [GC [PSYoungGen: 101808K->8080K(107520K)] 164905K->71177K(352768K), 0.0031830 secs] [Times: user=0.03 sys=0.00, real=0.00 secs] 
95.287: Total time for which application threads were stopped: 0.0033740 seconds, Stopping threads took: 0.0000950 seconds
95.324: Application time: 0.0364410 seconds
95.324: [GC [PSYoungGen: 100240K->9888K(107520K)] 163337K->72985K(352768K), 0.0037830 secs] [Times: user=0.02 sys=0.00, real=0.00 secs] 
95.328: Total time for which application threads were stopped: 0.0039710 seconds, Stopping threads took: 0.0000880 seconds
95.358: Application time: 0.0302420 seconds
95.358: [GC [PSYoungGen: 102048K->8080K(107520K)] 165145K->71177K(352768K), 0.0031510 secs] [Times: user=0.02 sys=0.00, real=0.00 secs] 
95.361: Total time for which application threads were stopped: 0.0033420 seconds, Stopping threads took: 0.0000940 seconds
95.395: Application time: 0.0332990 seconds
95.395: [GC [PSYoungGen: 100240K->9712K(107520K)] 163337K->72897K(352768K), 0.0038520 secs] [Times: user=0.03 sys=0.00, real=0.01 secs] 
95.399: Total time for which application threads were stopped: 0.0040320 seconds, Stopping threads took: 0.0000850 seconds
95.427: Application time: 0.0281370 seconds
95.427: [GC [PSYoungGen: 101872K->7968K(107520K)] 165057K->71241K(352768K), 0.0031520 secs] [Times: user=0.02 sys=0.00, real=0.01 secs] 
95.430: Total time for which application threads were stopped: 0.0033340 seconds, Stopping threads took: 0.0000890 seconds
95.457: Application time: 0.0267710 seconds
95.457: [GC [PSYoungGen: 100128K->8832K(107520K)] 163401K->72161K(352768K), 0.0033810 secs] [Times: user=0.02 sys=0.00, real=0.00 secs] 
95.460: Total time for which application threads were stopped: 0.0035530 seconds, Stopping threads took: 0.0000770 seconds
95.489: Application time: 0.0290850 seconds
95.490: [GC [PSYoungGen: 100992K->7984K(107520K)] 164321K->71369K(352768K), 0.0031040 secs] [Times: user=0.02 sys=0.01, real=0.00 secs] 
95.493: Total time for which application threads were stopped: 0.0033000 seconds, Stopping threads took: 0.0000930 seconds
95.523: Application time: 0.0306300 seconds
95.524: [GC [PSYoungGen: 100144K->9952K(107520K)] 163529K->73337K(352768K), 0.0038710 secs] [Times: user=0.03 sys=0.00, real=0.00 secs] 
95.527: Total time for which application threads were stopped: 0.0040560 seconds, Stopping threads took: 0.0000860 seconds
95.560: Application time: 0.0324540 seconds
95.560: [GC [PSYoungGen: 102112K->9392K(107520K)] 165497K->72825K(352768K), 0.0037820 secs] [Times: user=0.02 sys=0.00, real=0.00 secs] 
95.564: Total time for which application threads were stopped: 0.0039760 seconds, Stopping threads took: 0.0000970 seconds
95.598: Application time: 0.0343260 seconds
95.598: [GC [PSYoungGen: 101552K->7872K(107520K)] 164985K->71305K(352768K), 0.0031130 secs] [Times: user=0.01 sys=0.00, real=0.00 secs] 
95.602: Total time for which application threads were stopped: 0.0033100 seconds, Stopping threads took: 0.0001020 seconds
95.635: Application time: 0.0331830 seconds
95.635: [GC [PSYoungGen: 100032K->7616K(107520K)] 163465K->71105K(352768K), 0.0030860 secs] [Times: user=0.02 sys=0.00, real=0.01 secs] 
95.638: Total time for which application threads were stopped: 0.0032850 seconds, Stopping threads took: 0.0001030 seconds
95.667: Application time: 0.0294100 seconds
95.668: [GC [PSYoungGen: 99776K->7872K(107520K)] 163265K->71361K(352768K), 0.0031660 secs] [Times: user=0.02 sys=0.00, real=0.01 secs] 
95.671: Total time for which application threads were stopped: 0.0033550 seconds, Stopping threads took: 0.0000710 seconds
95.697: Application time: 0.0265810 seconds
95.698: [GC [PSYoungGen: 100032K->7552K(107520K)] 163521K->71041K(352768K), 0.0029620 secs] [Times: user=0.02 sys=0.00, real=0.00 secs] 
95.701: Total time for which application threads were stopped: 0.0031630 seconds, Stopping threads took: 0.0001020 seconds
95.727: Application time: 0.0265910 seconds
95.727: [GC [PSYoungGen: 99712K->10224K(107520K)] 163201K->73713K(352768K), 0.0039420 secs] [Times: user=0.03 sys=0.00, real=0.01 secs] 
95.731: Total time for which application threads were stopped: 0.0041350 seconds, Stopping threads took: 0.0000940 seconds
95.762: Application time: 0.0310350 seconds
95.762: [GC [PSYoungGen: 102384K->11520K(107520K)] 165873K->75009K(352768K), 0.0045010 secs] [Times: user=0.03 sys=0.00, real=0.00 secs] 
95.767: Total time for which application threads were stopped: 0.0046640 seconds, Stopping threads took: 0.0000620 seconds
95.798: Application time: 0.0309860 seconds
95.798: [GC [PSYoungGen: 103680K->8080K(107520K)] 167169K->71569K(352768K), 0.0032220 secs] [Times: user=0.02 sys=0.00, real=0.00 secs] 
95.801: Total time for which application threads were stopped: 0.0033820 seconds, Stopping threads took: 0.0000630 seconds
95.839: Application time: 0.0373350 seconds
95.839: [GC [PSYoungGen: 100240K->8352K(107520K)] 163729K->71841K(352768K), 0.0032030 secs] [Times: user=0.02 sys=0.00, real=0.00 secs] 
95.842: Total time for which application threads were stopped: 0.0034010 seconds, Stopping threads took: 0.0001040 seconds
95.872: Application time: 0.0297660 seconds
95.872: [GC [PSYoungGen: 100512K->7808K(107520K)] 164001K->71297K(352768K), 0.0030460 secs] [Times: user=0.02 sys=0.00, real=0.00 secs] 
95.875: Total time for which application threads were stopped: 0.0032590 seconds, Stopping threads took: 0.0001180 seconds
95.907: Application time: 0.0316930 seconds
95.907: [GC [PSYoungGen: 99968K->9744K(107520K)] 163457K->73233K(352768K), 0.0038510 secs] [Times: user=0.03 sys=0.00, real=0.01 secs] 
95.911: Total time for which application threads were stopped: 0.0040410 seconds, Stopping threads took: 0.0000890 seconds
95.940: Application time: 0.0289520 seconds
95.944: [GC [PSYoungGen: 101904K->7856K(107520K)] 165393K->71345K(352768K), 0.0030570 secs] [Times: user=0.02 sys=0.00, real=0.00 secs] 
95.948: Total time for which application threads were stopped: 0.0076760 seconds, Stopping threads took: 0.0045190 seconds
95.974: Application time: 0.0269030 seconds
95.975: [GC [PSYoungGen: 100016K->11328K(107520K)] 163505K->74817K(352768K), 0.0044100 secs] [Times: user=0.03 sys=0.00, real=0.01 secs] 
95.979: Total time for which application threads were stopped: 0.0045920 seconds, Stopping threads took: 0.0000850 seconds
96.008: Application time: 0.0285680 seconds
96.008: [GC [PSYoungGen: 103488K->8032K(107520K)] 166977K->71521K(352768K), 0.0031060 secs] [Times: user=0.02 sys=0.00, real=0.01 secs] 
96.011: Total time for which application threads were stopped: 0.0032970 seconds, Stopping threads took: 0.0000960 seconds
96.044: Application time: 0.0331090 seconds
96.044: [GC [PSYoungGen: 100192K->7888K(107520K)] 163681K->71377K(352768K), 0.0031130 secs] [Times: user=0.02 sys=0.00, real=0.00 secs] 
96.047: Total time for which application threads were stopped: 0.0032730 seconds, Stopping threads took: 0.0000630 seconds
96.081: Application time: 0.0332800 seconds
96.081: [GC [PSYoungGen: 100048K->8272K(107520K)] 163537K->71761K(352768K), 0.0032730 secs] [Times: user=0.02 sys=0.00, real=0.00 secs] 
96.084: Total time for which application threads were stopped: 0.0034500 seconds, Stopping threads took: 0.0000790 seconds
96.116: Application time: 0.0321490 seconds
96.116: [GC [PSYoungGen: 100432K->7888K(107520K)] 163921K->71377K(352768K), 0.0030750 secs] [Times: user=0.02 sys=0.00, real=0.00 secs] 
96.119: Total time for which application threads were stopped: 0.0032830 seconds, Stopping threads took: 0.0001030 seconds
96.153: Application time: 0.0333860 seconds
96.153: [GC [PSYoungGen: 100048K->7648K(107520K)] 163537K->71185K(352768K), 0.0030150 secs] [Times: user=0.02 sys=0.00, real=0.00 secs] 
96.156: Total time for which application threads were stopped: 0.0032020 seconds, Stopping threads took: 0.0000920 seconds
96.184: Application time: 0.0275230 seconds
96.184: [GC [PSYoungGen: 99808K->7808K(107520K)] 163345K->71457K(352768K), 0.0031630 secs] [Times: user=0.02 sys=0.00, real=0.00 secs] 
96.187: Total time for which application threads were stopped: 0.0033660 seconds, Stopping threads took: 0.0000890 seconds
96.216: Application time: 0.0287170 seconds
96.216: [GC [PSYoungGen: 99968K->9056K(107520K)] 163617K->72753K(352768K), 0.0036380 secs] [Times: user=0.02 sys=0.00, real=0.01 secs] 
96.219: Total time for which application threads were stopped: 0.0038120 seconds, Stopping threads took: 0.0000770 seconds
96.246: Application time: 0.0268400 seconds
96.247: [GC [PSYoungGen: 101216K->8208K(107520K)] 164913K->71961K(352768K), 0.0032820 secs] [Times: user=0.02 sys=0.00, real=0.01 secs] 
96.250: Total time for which application threads were stopped: 0.0041330 seconds, Stopping threads took: 0.0007500 seconds
96.281: Application time: 0.0305170 seconds
96.281: [GC [PSYoungGen: 100368K->13248K(107520K)] 164121K->77001K(352768K), 0.0051210 secs] [Times: user=0.04 sys=0.00, real=0.00 secs] 
96.286: Total time for which application threads were stopped: 0.0053070 seconds, Stopping threads took: 0.0000860 seconds
96.318: Application time: 0.0316210 seconds
96.318: [GC [PSYoungGen: 105408K->9504K(107520K)] 169161K->73313K(352768K), 0.0037370 secs] [Times: user=0.03 sys=0.00, real=0.00 secs] 
96.322: Total time for which application threads were stopped: 0.0039080 seconds, Stopping threads took: 0.0000750 seconds
96.359: Application time: 0.0373940 seconds
96.359: [GC [PSYoungGen: 101664K->7712K(107520K)] 165473K->71521K(352768K), 0.0029960 secs] [Times: user=0.02 sys=0.00, real=0.00 secs] 
96.362: Total time for which application threads were stopped: 0.0031580 seconds, Stopping threads took: 0.0000670 seconds
96.393: Application time: 0.0306110 seconds
96.393: [GC [PSYoungGen: 99872K->7520K(107520K)] 163681K->71385K(352768K), 0.0029840 secs] [Times: user=0.02 sys=0.00, real=0.00 secs] 
96.396: Total time for which application threads were stopped: 0.0031700 seconds, Stopping threads took: 0.0000900 seconds
96.427: Application time: 0.0307170 seconds
96.427: [GC [PSYoungGen: 99680K->7984K(107520K)] 163545K->71849K(352768K), 0.0031690 secs] [Times: user=0.02 sys=0.00, real=0.01 secs] 
96.430: Total time for which application threads were stopped: 0.0033660 seconds, Stopping threads took: 0.0000900 seconds
96.458: Application time: 0.0279520 seconds
96.458: [GC [PSYoungGen: 100144K->7984K(107520K)] 164009K->71849K(352768K), 0.0030170 secs] [Times: user=0.03 sys=0.00, real=0.00 secs] 
96.461: Total time for which application threads were stopped: 0.0032120 seconds, Stopping threads took: 0.0000980 seconds
96.489: Application time: 0.0271520 seconds
96.489: [GC [PSYoungGen: 100144K->9248K(107520K)] 164009K->73113K(352768K), 0.0036590 secs] [Times: user=0.02 sys=0.00, real=0.00 secs] 
96.492: Total time for which application threads were stopped: 0.0038450 seconds, Stopping threads took: 0.0000880 seconds
96.521: Application time: 0.0287110 seconds
96.521: [GC [PSYoungGen: 101408K->8000K(107520K)] 165273K->71865K(352768K), 0.0030700 secs] [Times: user=0.02 sys=0.00, real=0.00 secs] 
96.524: Total time for which application threads were stopped: 0.0032720 seconds, Stopping threads took: 0.0001080 seconds
96.558: Application time: 0.0331470 seconds
96.558: [GC [PSYoungGen: 100160K->8096K(107520K)] 164025K->71961K(352768K), 0.0031070 secs] [Times: user=0.02 sys=0.01, real=0.00 secs] 
96.561: Total time for which application threads were stopped: 0.0032630 seconds, Stopping threads took: 0.0000600 seconds
96.597: Application time: 0.0358330 seconds
96.597: [GC [PSYoungGen: 100256K->9584K(107520K)] 164121K->73449K(352768K), 0.0037680 secs] [Times: user=0.03 sys=0.00, real=0.00 secs] 
96.601: Total time for which application threads were stopped: 0.0039640 seconds, Stopping threads took: 0.0000980 seconds
96.632: Application time: 0.0313480 seconds
96.632: [GC [PSYoungGen: 101744K->7904K(107520K)] 165609K->71769K(352768K), 0.0030500 secs] [Times: user=0.02 sys=0.00, real=0.00 secs] 
96.635: Total time for which application threads were stopped: 0.0032230 seconds, Stopping threads took: 0.0000760 seconds
96.671: Application time: 0.0359460 seconds
96.671: [GC [PSYoungGen: 100064K->9776K(107520K)] 163929K->73641K(352768K), 0.0036690 secs] [Times: user=0.03 sys=0.00, real=0.00 secs] 
96.675: Total time for which application threads were stopped: 0.0038970 seconds, Stopping threads took: 0.0001260 seconds
96.701: Application time: 0.0260690 seconds
96.701: [GC [PSYoungGen: 101936K->8048K(107520K)] 165801K->71913K(352768K), 0.0031230 secs] [Times: user=0.02 sys=0.00, real=0.00 secs] 
96.704: Total time for which application threads were stopped: 0.0033020 seconds, Stopping threads took: 0.0000500 seconds
96.735: Application time: 0.0303750 seconds
96.735: [GC [PSYoungGen: 100208K->9536K(107520K)] 164073K->73401K(352768K), 0.0037580 secs] [Times: user=0.03 sys=0.00, real=0.01 secs] 
96.739: Total time for which application threads were stopped: 0.0039210 seconds, Stopping threads took: 0.0000590 seconds
96.766: Application time: 0.0268370 seconds
96.766: [GC [PSYoungGen: 101696K->8224K(107520K)] 165561K->72089K(352768K), 0.0031600 secs] [Times: user=0.02 sys=0.00, real=0.01 secs] 
96.769: Total time for which application threads were stopped: 0.0033530 seconds, Stopping threads took: 0.0000980 seconds
96.797: Application time: 0.0283790 seconds
96.797: [GC [PSYoungGen: 100384K->13104K(107520K)] 164249K->76969K(352768K), 0.0051580 secs] [Times: user=0.04 sys=0.00, real=0.00 secs] 
96.803: Total time for which application threads were stopped: 0.0053270 seconds, Stopping threads took: 0.0000720 seconds
96.838: Application time: 0.0353270 seconds
96.838: [GC [PSYoungGen: 105264K->8464K(107520K)] 169129K->72329K(352768K), 0.0033570 secs] [Times: user=0.02 sys=0.00, real=0.00 secs] 
96.841: Total time for which application threads were stopped: 0.0035340 seconds, Stopping threads took: 0.0000820 seconds
96.874: Application time: 0.0329790 seconds
96.875: [GC [PSYoungGen: 100624K->7856K(107520K)] 164489K->71721K(352768K), 0.0030140 secs] [Times: user=0.02 sys=0.00, real=0.01 secs] 
96.878: Total time for which application threads were stopped: 0.0031810 seconds, Stopping threads took: 0.0000680 seconds
96.912: Application time: 0.0344770 seconds
96.912: [GC [PSYoungGen: 100016K->7744K(107520K)] 163881K->71657K(352768K), 0.0031790 secs] [Times: user=0.02 sys=0.00, real=0.00 secs] 
96.915: Total time for which application threads were stopped: 0.0033700 seconds, Stopping threads took: 0.0001000 seconds
96.944: Application time: 0.0283850 seconds
96.944: [GC [PSYoungGen: 99904K->7776K(107520K)] 163817K->71809K(352768K), 0.0031130 secs] [Times: user=0.02 sys=0.00, real=0.00 secs] 
96.947: Total time for which application threads were stopped: 0.0032960 seconds, Stopping threads took: 0.0000860 seconds
96.976: Application time: 0.0290610 seconds
96.976: [GC [PSYoungGen: 99936K->7792K(107520K)] 163969K->71825K(352768K), 0.0030720 secs] [Times: user=0.02 sys=0.00, real=0.00 secs] 
96.979: Total time for which application threads were stopped: 0.0032490 seconds, Stopping threads took: 0.0000740 seconds
97.007: Application time: 0.0276350 seconds
97.007: [GC [PSYoungGen: 99952K->9872K(107520K)] 163985K->73989K(352768K), 0.0038600 secs] [Times: user=0.03 sys=0.00, real=0.01 secs] 
97.011: Total time for which application threads were stopped: 0.0040200 seconds, Stopping threads took: 0.0000630 seconds
97.037: Application time: 0.0260320 seconds
97.037: [GC [PSYoungGen: 102032K->7632K(107520K)] 166149K->71749K(352768K), 0.0029100 secs] [Times: user=0.02 sys=0.00, real=0.00 secs] 
97.040: Total time for which application threads were stopped: 0.0031060 seconds, Stopping threads took: 0.0001020 seconds
97.075: Application time: 0.0348280 seconds
97.075: [GC [PSYoungGen: 99792K->8464K(107520K)] 163909K->72581K(352768K), 0.0032710 secs] [Times: user=0.02 sys=0.00, real=0.01 secs] 
97.079: Total time for which application threads were stopped: 0.0034100 seconds, Stopping threads took: 0.0000410 seconds
97.114: Application time: 0.0356500 seconds
97.114: [GC [PSYoungGen: 100624K->8144K(107520K)] 164741K->72317K(352768K), 0.0032570 secs] [Times: user=0.02 sys=0.00, real=0.01 secs] 
97.118: Total time for which application threads were stopped: 0.0034370 seconds, Stopping threads took: 0.0000850 seconds
97.147: Application time: 0.0295430 seconds
97.147: [GC [PSYoungGen: 100304K->7536K(107520K)] 164477K->71709K(352768K), 0.0030380 secs] [Times: user=0.03 sys=0.00, real=0.01 secs] 
97.150: Total time for which application threads were stopped: 0.0032320 seconds, Stopping threads took: 0.0000970 seconds
97.185: Application time: 0.0348680 seconds
97.185: [GC [PSYoungGen: 99696K->8048K(107520K)] 163869K->72261K(352768K), 0.0032500 secs] [Times: user=0.03 sys=0.00, real=0.01 secs] 
97.189: Total time for which application threads were stopped: 0.0034030 seconds, Stopping threads took: 0.0000540 seconds
97.215: Application time: 0.0260800 seconds
97.215: [GC [PSYoungGen: 100208K->7792K(107520K)] 164421K->72005K(352768K), 0.0030160 secs] [Times: user=0.02 sys=0.00, real=0.01 secs] 
97.218: Total time for which application threads were stopped: 0.0032120 seconds, Stopping threads took: 0.0000800 seconds
97.249: Application time: 0.0307380 seconds
97.249: [GC [PSYoungGen: 99952K->9008K(107520K)] 164165K->73221K(352768K), 0.0033610 secs] [Times: user=0.02 sys=0.00, real=0.00 secs] 
97.252: Total time for which application threads were stopped: 0.0035450 seconds, Stopping threads took: 0.0000910 seconds
97.278: Application time: 0.0257130 seconds
97.278: [GC [PSYoungGen: 101168K->8048K(107520K)] 165381K->72261K(352768K), 0.0030790 secs] [Times: user=0.02 sys=0.00, real=0.00 secs] 
97.281: Total time for which application threads were stopped: 0.0032700 seconds, Stopping threads took: 0.0000920 seconds
97.310: Application time: 0.0286140 seconds
97.310: [GC [PSYoungGen: 100208K->13344K(107520K)] 164421K->77557K(352768K), 0.0050730 secs] [Times: user=0.03 sys=0.00, real=0.00 secs] 
97.315: Total time for which application threads were stopped: 0.0052520 seconds, Stopping threads took: 0.0000810 seconds
97.352: Application time: 0.0365070 seconds
97.352: [GC [PSYoungGen: 105504K->10144K(107520K)] 169717K->74357K(352768K), 0.0039950 secs] [Times: user=0.03 sys=0.00, real=0.00 secs] 
97.356: Total time for which application threads were stopped: 0.0041870 seconds, Stopping threads took: 0.0000860 seconds
97.387: Application time: 0.0312840 seconds
97.387: [GC [PSYoungGen: 102304K->7776K(107520K)] 166517K->71989K(352768K), 0.0030120 secs] [Times: user=0.02 sys=0.00, real=0.01 secs] 
97.390: Total time for which application threads were stopped: 0.0031920 seconds, Stopping threads took: 0.0000840 seconds
97.426: Application time: 0.0354630 seconds
97.426: [GC [PSYoungGen: 99936K->8464K(107520K)] 164149K->72677K(352768K), 0.0032460 secs] [Times: user=0.02 sys=0.00, real=0.01 secs] 
97.429: Total time for which application threads were stopped: 0.0034210 seconds, Stopping threads took: 0.0000780 seconds
97.457: Application time: 0.0280150 seconds
97.457: [GC [PSYoungGen: 100624K->7792K(107520K)] 164837K->72005K(352768K), 0.0031480 secs] [Times: user=0.02 sys=0.00, real=0.00 secs] 
97.461: Total time for which application threads were stopped: 0.0033410 seconds, Stopping threads took: 0.0001010 seconds
97.488: Application time: 0.0271290 seconds
97.488: [GC [PSYoungGen: 99952K->7856K(107520K)] 164165K->72069K(352768K), 0.0030540 secs] [Times: user=0.02 sys=0.00, real=0.01 secs] 
97.491: Total time for which application threads were stopped: 0.0032220 seconds, Stopping threads took: 0.0000720 seconds
97.520: Application time: 0.0291480 seconds
97.520: [GC [PSYoungGen: 100016K->8416K(107520K)] 164229K->72629K(352768K), 0.0031820 secs] [Times: user=0.03 sys=0.00, real=0.00 secs] 
97.523: Total time for which application threads were stopped: 0.0033330 seconds, Stopping threads took: 0.0000520 seconds
97.549: Application time: 0.0259220 seconds
97.549: [GC [PSYoungGen: 100576K->9040K(107520K)] 164789K->73253K(352768K), 0.0034570 secs] [Times: user=0.03 sys=0.00, real=0.00 secs] 
97.553: Total time for which application threads were stopped: 0.0036510 seconds, Stopping threads took: 0.0000960 seconds
97.588: Application time: 0.0352810 seconds
97.588: [GC [PSYoungGen: 101200K->8992K(107520K)] 165413K->73205K(352768K), 0.0034510 secs] [Times: user=0.02 sys=0.00, real=0.00 secs] 
97.592: Total time for which application threads were stopped: 0.0036550 seconds, Stopping threads took: 0.0001070 seconds
97.627: Application time: 0.0352300 seconds
97.627: [GC [PSYoungGen: 101152K->7760K(107520K)] 165365K->71973K(352768K), 0.0029900 secs] [Times: user=0.02 sys=0.00, real=0.01 secs] 
97.630: Total time for which application threads were stopped: 0.0031780 seconds, Stopping threads took: 0.0000910 seconds
97.661: Application time: 0.0306090 seconds
97.661: [GC [PSYoungGen: 99920K->7776K(107520K)] 164133K->72045K(352768K), 0.0030810 secs] [Times: user=0.02 sys=0.00, real=0.00 secs] 
97.664: Total time for which application threads were stopped: 0.0032820 seconds, Stopping threads took: 0.0001070 seconds
97.697: Application time: 0.0329390 seconds
97.697: [GC [PSYoungGen: 99936K->8224K(107520K)] 164205K->72493K(352768K), 0.0032360 secs] [Times: user=0.03 sys=0.00, real=0.00 secs] 
97.701: Total time for which application threads were stopped: 0.0034150 seconds, Stopping threads took: 0.0000840 seconds
97.727: Application time: 0.0263210 seconds
97.727: [GC [PSYoungGen: 100384K->7904K(107520K)] 164653K->72302K(352768K), 0.0031310 secs] [Times: user=0.02 sys=0.00, real=0.01 secs] 
97.730: Total time for which application threads were stopped: 0.0033340 seconds, Stopping threads took: 0.0000890 seconds
97.759: Application time: 0.0288510 seconds
97.759: [GC [PSYoungGen: 100064K->8112K(107520K)] 164462K->72594K(352768K), 0.0031780 secs] [Times: user=0.02 sys=0.00, real=0.00 secs] 
97.762: Total time for which application threads were stopped: 0.0033670 seconds, Stopping threads took: 0.0000930 seconds
97.791: Application time: 0.0285970 seconds
97.792: [GC [PSYoungGen: 100272K->7504K(107520K)] 164754K->71986K(352768K), 0.0029680 secs] [Times: user=0.02 sys=0.00, real=0.00 secs] 
97.795: Total time for which application threads were stopped: 0.0043880 seconds, Stopping threads took: 0.0013260 seconds
97.824: Application time: 0.0283790 seconds
97.824: [GC [PSYoungGen: 99664K->9712K(107520K)] 164146K->74194K(352768K), 0.0037590 secs] [Times: user=0.02 sys=0.00, real=0.00 secs] 
97.828: Total time for which application threads were stopped: 0.0039410 seconds, Stopping threads took: 0.0000840 seconds
97.865: Application time: 0.0376550 seconds
97.866: [GC [PSYoungGen: 101872K->8576K(107520K)] 166354K->73114K(352768K), 0.0032630 secs] [Times: user=0.03 sys=0.00, real=0.01 secs] 
97.869: Total time for which application threads were stopped: 0.0034480 seconds, Stopping threads took: 0.0000880 seconds
97.899: Application time: 0.0300630 seconds
97.899: [GC [PSYoungGen: 100736K->7760K(107520K)] 165274K->72298K(352768K), 0.0030230 secs] [Times: user=0.02 sys=0.00, real=0.00 secs] 
97.902: Total time for which application threads were stopped: 0.0032430 seconds, Stopping threads took: 0.0001220 seconds
97.937: Application time: 0.0351920 seconds
97.938: [GC [PSYoungGen: 99920K->9568K(107520K)] 164458K->74162K(352768K), 0.0037090 secs] [Times: user=0.03 sys=0.00, real=0.00 secs] 
97.941: Total time for which application threads were stopped: 0.0039080 seconds, Stopping threads took: 0.0001000 seconds
97.970: Application time: 0.0291840 seconds
97.972: [GC [PSYoungGen: 101728K->8048K(107520K)] 166322K->72642K(352768K), 0.0031130 secs] [Times: user=0.02 sys=0.00, real=0.00 secs] 
97.976: Total time for which application threads were stopped: 0.0051380 seconds, Stopping threads took: 0.0019280 seconds
98.003: Application time: 0.0270620 seconds
98.003: [GC [PSYoungGen: 100208K->9536K(107520K)] 164802K->74130K(352768K), 0.0038320 secs] [Times: user=0.03 sys=0.00, real=0.00 secs] 
98.007: Total time for which application threads were stopped: 0.0040280 seconds, Stopping threads took: 0.0000950 seconds
98.035: Application time: 0.0280380 seconds
98.035: [GC [PSYoungGen: 101696K->9808K(107520K)] 166290K->74402K(352768K), 0.0038170 secs] [Times: user=0.03 sys=0.00, real=0.01 secs] 
98.039: Total time for which application threads were stopped: 0.0039840 seconds, Stopping threads took: 0.0000680 seconds
98.065: Application time: 0.0266970 seconds
98.066: [GC [PSYoungGen: 101968K->12048K(107520K)] 166562K->76642K(352768K), 0.0046910 secs] [Times: user=0.04 sys=0.00, real=0.01 secs] 
98.070: Total time for which application threads were stopped: 0.0048690 seconds, Stopping threads took: 0.0000800 seconds
98.106: Application time: 0.0354370 seconds
98.106: [GC [PSYoungGen: 104208K->9680K(107520K)] 168802K->74274K(352768K), 0.0036470 secs] [Times: user=0.03 sys=0.00, real=0.01 secs] 
98.110: Total time for which application threads were stopped: 0.0038360 seconds, Stopping threads took: 0.0000930 seconds
98.144: Application time: 0.0342400 seconds
98.144: [GC [PSYoungGen: 101840K->7952K(107520K)] 166434K->72546K(352768K), 0.0030730 secs] [Times: user=0.02 sys=0.00, real=0.00 secs] 
98.147: Total time for which application threads were stopped: 0.0032680 seconds, Stopping threads took: 0.0000990 seconds
98.180: Application time: 0.0325610 seconds
98.180: [GC [PSYoungGen: 100112K->7616K(107520K)] 164706K->72210K(352768K), 0.0030090 secs] [Times: user=0.02 sys=0.00, real=0.00 secs] 
98.183: Total time for which application threads were stopped: 0.0032040 seconds, Stopping threads took: 0.0001000 seconds
98.214: Application time: 0.0314040 seconds
98.214: [GC [PSYoungGen: 99776K->7856K(107520K)] 164370K->72450K(352768K), 0.0031380 secs] [Times: user=0.02 sys=0.00, real=0.01 secs] 
98.218: Total time for which application threads were stopped: 0.0033170 seconds, Stopping threads took: 0.0000800 seconds
98.245: Application time: 0.0271370 seconds
98.245: [GC [PSYoungGen: 100016K->7712K(107520K)] 164610K->72306K(352768K), 0.0034060 secs] [Times: user=0.02 sys=0.00, real=0.01 secs] 
98.248: Total time for which application threads were stopped: 0.0036590 seconds, Stopping threads took: 0.0001130 seconds
98.276: Application time: 0.0277070 seconds
98.276: [GC [PSYoungGen: 99872K->7952K(107520K)] 164466K->72546K(352768K), 0.0030430 secs] [Times: user=0.02 sys=0.00, real=0.01 secs] 
98.279: Total time for which application threads were stopped: 0.0032400 seconds, Stopping threads took: 0.0000920 seconds
98.309: Application time: 0.0300800 seconds
98.310: [GC [PSYoungGen: 100112K->9584K(107520K)] 164706K->74178K(352768K), 0.0038140 secs] [Times: user=0.03 sys=0.00, real=0.00 secs] 
98.313: Total time for which application threads were stopped: 0.0039830 seconds, Stopping threads took: 0.0000690 seconds
98.343: Application time: 0.0293250 seconds
98.343: [GC [PSYoungGen: 101744K->8528K(107520K)] 166338K->73122K(352768K), 0.0032870 secs] [Times: user=0.02 sys=0.00, real=0.00 secs] 
98.346: Total time for which application threads were stopped: 0.0034840 seconds, Stopping threads took: 0.0001010 seconds
98.383: Application time: 0.0367510 seconds
98.383: [GC [PSYoungGen: 100688K->9936K(107520K)] 165282K->74530K(352768K), 0.0037970 secs] [Times: user=0.02 sys=0.00, real=0.00 secs] 
98.387: Total time for which application threads were stopped: 0.0039870 seconds, Stopping threads took: 0.0000900 seconds
98.418: Application time: 0.0312590 seconds
98.418: [GC [PSYoungGen: 102096K->7680K(107520K)] 166690K->72330K(352768K), 0.0030770 secs] [Times: user=0.02 sys=0.00, real=0.00 secs] 
98.421: Total time for which application threads were stopped: 0.0032760 seconds, Stopping threads took: 0.0001030 seconds
98.454: Application time: 0.0328030 seconds
98.454: [GC [PSYoungGen: 99840K->9712K(107520K)] 164490K->74362K(352768K), 0.0038890 secs] [Times: user=0.02 sys=0.00, real=0.01 secs] 
98.458: Total time for which application threads were stopped: 0.0040770 seconds, Stopping threads took: 0.0000900 seconds
98.488: Application time: 0.0295430 seconds
98.488: [GC [PSYoungGen: 101872K->7888K(107520K)] 166522K->72658K(352768K), 0.0031090 secs] [Times: user=0.02 sys=0.00, real=0.01 secs] 
98.491: Total time for which application threads were stopped: 0.0033030 seconds, Stopping threads took: 0.0000980 seconds
98.517: Application time: 0.0257720 seconds
98.517: [GC [PSYoungGen: 100048K->10000K(107520K)] 164818K->74846K(352768K), 0.0038120 secs] [Times: user=0.03 sys=0.00, real=0.00 secs] 
98.521: Total time for which application threads were stopped: 0.0039820 seconds, Stopping threads took: 0.0000720 seconds
98.548: Application time: 0.0274040 seconds
98.552: [GC [PSYoungGen: 102160K->9648K(107520K)] 167006K->74494K(352768K), 0.0037370 secs] [Times: user=0.03 sys=0.00, real=0.00 secs] 
98.556: Total time for which application threads were stopped: 0.0077900 seconds, Stopping threads took: 0.0039580 seconds
98.587: Application time: 0.0311020 seconds
98.588: [GC [PSYoungGen: 101808K->11472K(107520K)] 166654K->76318K(352768K), 0.0045910 secs] [Times: user=0.03 sys=0.00, real=0.00 secs] 
98.593: Total time for which application threads were stopped: 0.0057640 seconds, Stopping threads took: 0.0010730 seconds
98.626: Application time: 0.0328870 seconds
98.626: [GC [PSYoungGen: 103632K->9424K(107520K)] 168478K->74326K(352768K), 0.0036950 secs] [Times: user=0.02 sys=0.00, real=0.01 secs] 
98.630: Total time for which application threads were stopped: 0.0038630 seconds, Stopping threads took: 0.0000730 seconds
98.664: Application time: 0.0346340 seconds
98.665: [GC [PSYoungGen: 101584K->7808K(107520K)] 166486K->72710K(352768K), 0.0031400 secs] [Times: user=0.02 sys=0.00, real=0.00 secs] 
98.668: Total time for which application threads were stopped: 0.0033110 seconds, Stopping threads took: 0.0000770 seconds
98.699: Application time: 0.0315320 seconds
98.699: [GC [PSYoungGen: 99968K->7568K(107520K)] 164870K->72518K(352768K), 0.0030040 secs] [Times: user=0.02 sys=0.00, real=0.00 secs] 
98.703: Total time for which application threads were stopped: 0.0032190 seconds, Stopping threads took: 0.0001180 seconds
98.733: Application time: 0.0306850 seconds
98.733: [GC [PSYoungGen: 99728K->7904K(107520K)] 164678K->72854K(352768K), 0.0031280 secs] [Times: user=0.02 sys=0.00, real=0.01 secs] 
98.736: Total time for which application threads were stopped: 0.0032830 seconds, Stopping threads took: 0.0000600 seconds
98.764: Application time: 0.0279910 seconds
98.765: [GC [PSYoungGen: 100064K->9456K(107520K)] 165014K->74406K(352768K), 0.0037430 secs] [Times: user=0.03 sys=0.00, real=0.01 secs] 
98.768: Total time for which application threads were stopped: 0.0039590 seconds, Stopping threads took: 0.0001010 seconds
98.794: Application time: 0.0260350 seconds
98.795: [GC [PSYoungGen: 101616K->8064K(107520K)] 166566K->73014K(352768K), 0.0032260 secs] [Times: user=0.02 sys=0.00, real=0.01 secs] 
98.798: Total time for which application threads were stopped: 0.0033840 seconds, Stopping threads took: 0.0000610 seconds
98.828: Application time: 0.0305220 seconds
98.828: [GC [PSYoungGen: 100224K->8288K(107520K)] 165174K->73238K(352768K), 0.0031870 secs] [Times: user=0.02 sys=0.00, real=0.00 secs] 
98.832: Total time for which application threads were stopped: 0.0033470 seconds, Stopping threads took: 0.0000660 seconds
98.862: Application time: 0.0307190 seconds
98.863: [GC [PSYoungGen: 100448K->7904K(107520K)] 165398K->72854K(352768K), 0.0030470 secs] [Times: user=0.02 sys=0.00, real=0.00 secs] 
98.866: Total time for which application threads were stopped: 0.0032090 seconds, Stopping threads took: 0.0000670 seconds
98.902: Application time: 0.0360020 seconds
98.902: [GC [PSYoungGen: 100064K->8336K(107520K)] 165014K->73286K(352768K), 0.0032320 secs] [Times: user=0.02 sys=0.00, real=0.00 secs] 
98.905: Total time for which application threads were stopped: 0.0034070 seconds, Stopping threads took: 0.0000770 seconds
98.937: Application time: 0.0320480 seconds
98.937: [GC [PSYoungGen: 100496K->8096K(107520K)] 165446K->73046K(352768K), 0.0032050 secs] [Times: user=0.02 sys=0.00, real=0.00 secs] 
98.941: Total time for which application threads were stopped: 0.0033910 seconds, Stopping threads took: 0.0000890 seconds
98.971: Application time: 0.0307930 seconds
98.971: [GC [PSYoungGen: 100256K->9696K(107520K)] 165206K->74646K(352768K), 0.0038310 secs] [Times: user=0.02 sys=0.01, real=0.00 secs] 
98.975: Total time for which application threads were stopped: 0.0040480 seconds, Stopping threads took: 0.0001210 seconds
99.006: Application time: 0.0307800 seconds
99.006: [GC [PSYoungGen: 101856K->8032K(107520K)] 166806K->72982K(352768K), 0.0031400 secs] [Times: user=0.02 sys=0.00, real=0.01 secs] 
99.010: Total time for which application threads were stopped: 0.0033620 seconds, Stopping threads took: 0.0001240 seconds
99.036: Application time: 0.0261900 seconds
99.036: [GC [PSYoungGen: 100192K->8384K(107520K)] 165142K->73334K(352768K), 0.0032160 secs] [Times: user=0.02 sys=0.00, real=0.01 secs] 
99.039: Total time for which application threads were stopped: 0.0033970 seconds, Stopping threads took: 0.0000840 seconds
99.066: Application time: 0.0267710 seconds
99.066: [GC [PSYoungGen: 100544K->11440K(107520K)] 165494K->76390K(352768K), 0.0044780 secs] [Times: user=0.03 sys=0.00, real=0.01 secs] 
99.071: Total time for which application threads were stopped: 0.0046650 seconds, Stopping threads took: 0.0000880 seconds
99.103: Application time: 0.0323920 seconds
99.103: [GC [PSYoungGen: 103600K->10752K(107520K)] 168550K->75702K(352768K), 0.0040350 secs] [Times: user=0.03 sys=0.00, real=0.00 secs] 
99.107: Total time for which application threads were stopped: 0.0042260 seconds, Stopping threads took: 0.0000920 seconds
99.140: Application time: 0.0330970 seconds
99.140: [GC [PSYoungGen: 102912K->8128K(107520K)] 167862K->73078K(352768K), 0.0031180 secs] [Times: user=0.02 sys=0.00, real=0.00 secs] 
99.144: Total time for which application threads were stopped: 0.0033000 seconds, Stopping threads took: 0.0000870 seconds
99.179: Application time: 0.0352020 seconds
99.179: [GC [PSYoungGen: 100288K->7680K(107520K)] 165238K->72678K(352768K), 0.0031140 secs] [Times: user=0.02 sys=0.00, real=0.00 secs] 
99.182: Total time for which application threads were stopped: 0.0033080 seconds, Stopping threads took: 0.0000970 seconds
99.212: Application time: 0.0300460 seconds
99.220: [GC [PSYoungGen: 99840K->7888K(107520K)] 164838K->72886K(352768K), 0.0031040 secs] [Times: user=0.02 sys=0.01, real=0.00 secs] 
99.223: Total time for which application threads were stopped: 0.0112700 seconds, Stopping threads took: 0.0080630 seconds
99.255: Application time: 0.0317530 seconds
99.255: [GC [PSYoungGen: 100048K->7728K(107520K)] 165046K->72838K(352768K), 0.0031390 secs] [Times: user=0.02 sys=0.00, real=0.01 secs] 
99.258: Total time for which application threads were stopped: 0.0033140 seconds, Stopping threads took: 0.0000800 seconds
99.285: Application time: 0.0264390 seconds
99.285: [GC [PSYoungGen: 99888K->9552K(107520K)] 164998K->74710K(352768K), 0.0037010 secs] [Times: user=0.02 sys=0.00, real=0.01 secs] 
99.289: Total time for which application threads were stopped: 0.0039060 seconds, Stopping threads took: 0.0000880 seconds
99.315: Application time: 0.0263460 seconds
99.315: [GC [PSYoungGen: 101712K->7568K(107520K)] 166870K->72774K(352768K), 0.0030010 secs] [Times: user=0.02 sys=0.00, real=0.01 secs] 
99.318: Total time for which application threads were stopped: 0.0032040 seconds, Stopping threads took: 0.0001090 seconds
99.352: Application time: 0.0334410 seconds
99.352: [GC [PSYoungGen: 99728K->11264K(107520K)] 164934K->76470K(352768K), 0.0043030 secs] [Times: user=0.03 sys=0.00, real=0.01 secs] 
99.356: Total time for which application threads were stopped: 0.0045170 seconds, Stopping threads took: 0.0001040 seconds
99.387: Application time: 0.0305190 seconds
99.387: [GC [PSYoungGen: 103424K->9840K(107520K)] 168630K->75102K(352768K), 0.0039480 secs] [Times: user=0.02 sys=0.00, real=0.01 secs] 
99.391: Total time for which application threads were stopped: 0.0041260 seconds, Stopping threads took: 0.0000800 seconds
99.426: Application time: 0.0346960 seconds
99.426: [GC [PSYoungGen: 102000K->9504K(107520K)] 167262K->74766K(352768K), 0.0037680 secs] [Times: user=0.03 sys=0.00, real=0.01 secs] 
99.430: Total time for which application threads were stopped: 0.0039580 seconds, Stopping threads took: 0.0000910 seconds
99.463: Application time: 0.0332670 seconds
99.463: [GC [PSYoungGen: 101664K->7648K(107520K)] 166926K->72910K(352768K), 0.0030610 secs] [Times: user=0.02 sys=0.00, real=0.00 secs] 
99.466: Total time for which application threads were stopped: 0.0032590 seconds, Stopping threads took: 0.0001040 seconds
99.494: Application time: 0.0281140 seconds
99.494: [GC [PSYoungGen: 99808K->9456K(107520K)] 165070K->74774K(352768K), 0.0037250 secs] [Times: user=0.03 sys=0.00, real=0.01 secs] 
99.498: Total time for which application threads were stopped: 0.0038850 seconds, Stopping threads took: 0.0000640 seconds
99.530: Application time: 0.0315130 seconds
99.530: [GC [PSYoungGen: 101616K->8080K(107520K)] 166934K->73398K(352768K), 0.0031350 secs] [Times: user=0.02 sys=0.00, real=0.00 secs] 
99.533: Total time for which application threads were stopped: 0.0033320 seconds, Stopping threads took: 0.0001000 seconds
99.559: Application time: 0.0259290 seconds
99.559: [GC [PSYoungGen: 100240K->7840K(107520K)] 165558K->73158K(352768K), 0.0031090 secs] [Times: user=0.02 sys=0.00, real=0.00 secs] 
99.562: Total time for which application threads were stopped: 0.0032740 seconds, Stopping threads took: 0.0000630 seconds
99.590: Application time: 0.0277200 seconds
99.590: [GC [PSYoungGen: 100000K->9792K(107520K)] 165318K->75110K(352768K), 0.0038830 secs] [Times: user=0.03 sys=0.00, real=0.00 secs] 
99.594: Total time for which application threads were stopped: 0.0040370 seconds, Stopping threads took: 0.0000520 seconds
99.630: Application time: 0.0362550 seconds
99.630: [GC [PSYoungGen: 101952K->7904K(107520K)] 167270K->73222K(352768K), 0.0029880 secs] [Times: user=0.02 sys=0.00, real=0.00 secs] 
99.633: Total time for which application threads were stopped: 0.0031680 seconds, Stopping threads took: 0.0000820 seconds
99.664: Application time: 0.0306130 seconds
99.664: [GC [PSYoungGen: 100064K->7904K(107520K)] 165382K->73222K(352768K), 0.0032370 secs] [Times: user=0.02 sys=0.00, real=0.00 secs] 
99.667: Total time for which application threads were stopped: 0.0034310 seconds, Stopping threads took: 0.0000980 seconds
99.703: Application time: 0.0357030 seconds
99.703: [GC [PSYoungGen: 100064K->8048K(107520K)] 165382K->73366K(352768K), 0.0032370 secs] [Times: user=0.02 sys=0.00, real=0.00 secs] 
99.707: Total time for which application threads were stopped: 0.0034010 seconds, Stopping threads took: 0.0000680 seconds
99.735: Application time: 0.0282090 seconds
99.735: [GC [PSYoungGen: 100208K->8000K(107520K)] 165526K->73318K(352768K), 0.0031590 secs] [Times: user=0.02 sys=0.00, real=0.01 secs] 
99.738: Total time for which application threads were stopped: 0.0033280 seconds, Stopping threads took: 0.0000710 seconds
99.769: Application time: 0.0306810 seconds
99.769: [GC [PSYoungGen: 100160K->8416K(107520K)] 165478K->73734K(352768K), 0.0032790 secs] [Times: user=0.02 sys=0.00, real=0.00 secs] 
99.772: Total time for which application threads were stopped: 0.0034460 seconds, Stopping threads took: 0.0000680 seconds
99.799: Application time: 0.0271670 seconds
99.800: [GC [PSYoungGen: 100576K->8576K(107520K)] 165894K->73894K(352768K), 0.0033110 secs] [Times: user=0.02 sys=0.00, real=0.00 secs] 
99.803: Total time for which application threads were stopped: 0.0035200 seconds, Stopping threads took: 0.0000970 seconds
99.828: Application time: 0.0251140 seconds
99.828: [GC [PSYoungGen: 100736K->9904K(107520K)] 166054K->75222K(352768K), 0.0038100 secs] [Times: user=0.03 sys=0.00, real=0.01 secs] 
99.832: Total time for which application threads were stopped: 0.0040100 seconds, Stopping threads took: 0.0001000 seconds
99.867: Application time: 0.0348770 seconds
99.867: [GC [PSYoungGen: 102064K->10192K(107520K)] 167382K->75510K(352768K), 0.0039540 secs] [Times: user=0.03 sys=0.00, real=0.01 secs] 
99.871: Total time for which application threads were stopped: 0.0041510 seconds, Stopping threads took: 0.0000970 seconds
99.902: Application time: 0.0311090 seconds
99.902: [GC [PSYoungGen: 102352K->8208K(107520K)] 167670K->73526K(352768K), 0.0032960 secs] [Times: user=0.02 sys=0.00, real=0.00 secs] 
99.906: Total time for which application threads were stopped: 0.0034800 seconds, Stopping threads took: 0.0000860 seconds
99.940: Application time: 0.0346220 seconds
99.940: [GC [PSYoungGen: 100368K->9504K(107520K)] 165686K->74878K(352768K), 0.0037380 secs] [Times: user=0.03 sys=0.00, real=0.00 secs] 
99.944: Total time for which application threads were stopped: 0.0039220 seconds, Stopping threads took: 0.0000870 seconds
99.976: Application time: 0.0317240 seconds
99.976: [GC [PSYoungGen: 101664K->7872K(107520K)] 167038K->73246K(352768K), 0.0030690 secs] [Times: user=0.02 sys=0.00, real=0.01 secs] 
99.979: Total time for which application threads were stopped: 0.0032480 seconds, Stopping threads took: 0.0000810 seconds
100.007: Application time: 0.0277750 seconds
100.007: [GC [PSYoungGen: 100032K->9312K(107520K)] 165406K->74774K(352768K), 0.0036970 secs] [Times: user=0.03 sys=0.00, real=0.01 secs] 
100.011: Total time for which application threads were stopped: 0.0038800 seconds, Stopping threads took: 0.0000840 seconds
100.042: Application time: 0.0308810 seconds
100.042: [GC [PSYoungGen: 101472K->9792K(107520K)] 166934K->75350K(352768K), 0.0039680 secs] [Times: user=0.02 sys=0.00, real=0.00 secs] 
100.046: Total time for which application threads were stopped: 0.0041520 seconds, Stopping threads took: 0.0000860 seconds
100.072: Application time: 0.0260860 seconds
100.072: [GC [PSYoungGen: 101952K->7712K(107520K)] 167510K->73270K(352768K), 0.0030340 secs] [Times: user=0.02 sys=0.00, real=0.00 secs] 
100.075: Total time for which application threads were stopped: 0.0032140 seconds, Stopping threads took: 0.0000820 seconds
100.105: Application time: 0.0293270 seconds
100.105: [GC [PSYoungGen: 99872K->11632K(107520K)] 165430K->77238K(352768K), 0.0046200 secs] [Times: user=0.04 sys=0.00, real=0.01 secs] 
100.109: Total time for which application threads were stopped: 0.0047850 seconds, Stopping threads took: 0.0000670 seconds
100.145: Application time: 0.0353020 seconds
100.145: [GC [PSYoungGen: 103792K->9936K(107520K)] 169398K->75542K(352768K), 0.0039350 secs] [Times: user=0.02 sys=0.00, real=0.01 secs] 
100.149: Total time for which application threads were stopped: 0.0040990 seconds, Stopping threads took: 0.0000650 seconds
100.180: Application time: 0.0308630 seconds
100.180: [GC [PSYoungGen: 102096K->7696K(107520K)] 167702K->73358K(352768K), 0.0031310 secs] [Times: user=0.02 sys=0.00, real=0.00 secs] 
100.183: Total time for which application threads were stopped: 0.0033130 seconds, Stopping threads took: 0.0000850 seconds
100.218: Application time: 0.0351790 seconds
100.218: [GC [PSYoungGen: 99856K->8048K(107520K)] 165518K->73710K(352768K), 0.0032580 secs] [Times: user=0.02 sys=0.00, real=0.00 secs] 
100.222: Total time for which application threads were stopped: 0.0034250 seconds, Stopping threads took: 0.0000730 seconds
100.248: Application time: 0.0267080 seconds
100.248: [GC [PSYoungGen: 100208K->7936K(107520K)] 165870K->73646K(352768K), 0.0031420 secs] [Times: user=0.01 sys=0.00, real=0.00 secs] 
100.252: Total time for which application threads were stopped: 0.0033930 seconds, Stopping threads took: 0.0001370 seconds
100.284: Application time: 0.0323840 seconds
100.284: [GC [PSYoungGen: 100096K->8032K(107520K)] 165806K->73742K(352768K), 0.0032020 secs] [Times: user=0.02 sys=0.00, real=0.00 secs] 
100.287: Total time for which application threads were stopped: 0.0033950 seconds, Stopping threads took: 0.0000960 seconds
100.313: Application time: 0.0258760 seconds
100.313: [GC [PSYoungGen: 100192K->7808K(107520K)] 165902K->73518K(352768K), 0.0030090 secs] [Times: user=0.02 sys=0.00, real=0.01 secs] 
100.316: Total time for which application threads were stopped: 0.0032030 seconds, Stopping threads took: 0.0000810 seconds
100.345: Application time: 0.0283260 seconds
100.345: [GC [PSYoungGen: 99968K->8064K(107520K)] 165678K->73774K(352768K), 0.0031190 secs] [Times: user=0.02 sys=0.00, real=0.00 secs] 
100.348: Total time for which application threads were stopped: 0.0033020 seconds, Stopping threads took: 0.0000880 seconds
100.382: Application time: 0.0342400 seconds
100.382: [GC [PSYoungGen: 100224K->10016K(107520K)] 165934K->75726K(352768K), 0.0038550 secs] [Times: user=0.03 sys=0.00, real=0.00 secs] 
100.386: Total time for which application threads were stopped: 0.0040290 seconds, Stopping threads took: 0.0000770 seconds
100.417: Application time: 0.0309160 seconds
100.420: [GC [PSYoungGen: 102176K->8416K(107520K)] 167886K->74126K(352768K), 0.0033110 secs] [Times: user=0.02 sys=0.00, real=0.00 secs] 
100.424: Total time for which application threads were stopped: 0.0064440 seconds, Stopping threads took: 0.0030360 seconds
100.460: Application time: 0.0364480 seconds
100.460: [GC [PSYoungGen: 100576K->9792K(107520K)] 166286K->75502K(352768K), 0.0039910 secs] [Times: user=0.03 sys=0.00, real=0.00 secs] 
100.464: Total time for which application threads were stopped: 0.0041650 seconds, Stopping threads took: 0.0000650 seconds
100.494: Application time: 0.0292090 seconds
100.494: [GC [PSYoungGen: 101952K->7872K(107520K)] 167662K->73582K(352768K), 0.0031300 secs] [Times: user=0.02 sys=0.00, real=0.01 secs] 
100.497: Total time for which application threads were stopped: 0.0032960 seconds, Stopping threads took: 0.0000640 seconds
100.526: Application time: 0.0288930 seconds
100.526: [GC [PSYoungGen: 100032K->8336K(107520K)] 165742K->74046K(352768K), 0.0033040 secs] [Times: user=0.02 sys=0.00, real=0.01 secs] 
100.529: Total time for which application threads were stopped: 0.0034970 seconds, Stopping threads took: 0.0000960 seconds
100.560: Application time: 0.0309250 seconds
100.560: [GC [PSYoungGen: 100496K->10080K(107520K)] 166206K->75790K(352768K), 0.0038910 secs] [Times: user=0.03 sys=0.00, real=0.00 secs] 
100.564: Total time for which application threads were stopped: 0.0041010 seconds, Stopping threads took: 0.0001050 seconds
100.589: Application time: 0.0246420 seconds
100.589: [GC [PSYoungGen: 102240K->9152K(107520K)] 167950K->74862K(352768K), 0.0034830 secs] [Times: user=0.02 sys=0.00, real=0.00 secs] 
100.593: Total time for which application threads were stopped: 0.0036610 seconds, Stopping threads took: 0.0000740 seconds
100.626: Application time: 0.0336880 seconds
100.626: [GC [PSYoungGen: 101312K->8896K(107520K)] 167022K->74606K(352768K), 0.0033300 secs] [Times: user=0.02 sys=0.00, real=0.01 secs] 
100.630: Total time for which application threads were stopped: 0.0035380 seconds, Stopping threads took: 0.0001090 seconds
100.661: Application time: 0.0313610 seconds
100.661: [GC [PSYoungGen: 101056K->8080K(107520K)] 166766K->73790K(352768K), 0.0032060 secs] [Times: user=0.02 sys=0.00, real=0.00 secs] 
100.665: Total time for which application threads were stopped: 0.0033800 seconds, Stopping threads took: 0.0000780 seconds
100.699: Application time: 0.0339950 seconds
100.699: [GC [PSYoungGen: 100240K->8736K(107520K)] 165950K->74446K(352768K), 0.0033700 secs] [Times: user=0.02 sys=0.00, real=0.00 secs] 
100.702: Total time for which application threads were stopped: 0.0035790 seconds, Stopping threads took: 0.0001090 seconds
100.735: Application time: 0.0331290 seconds
100.735: [GC [PSYoungGen: 100896K->7808K(107520K)] 166606K->73566K(352768K), 0.0031340 secs] [Times: user=0.02 sys=0.00, real=0.01 secs] 
100.739: Total time for which application threads were stopped: 0.0033340 seconds, Stopping threads took: 0.0001060 seconds
100.765: Application time: 0.0264780 seconds
100.765: [GC [PSYoungGen: 99968K->7696K(107520K)] 165726K->73535K(352768K), 0.0031800 secs] [Times: user=0.02 sys=0.00, real=0.01 secs] 
100.768: Total time for which application threads were stopped: 0.0033470 seconds, Stopping threads took: 0.0000760 seconds
100.801: Application time: 0.0323180 seconds
100.801: [GC [PSYoungGen: 99856K->10160K(107520K)] 165695K->76054K(352768K), 0.0039480 secs] [Times: user=0.02 sys=0.00, real=0.00 secs] 
100.805: Total time for which application threads were stopped: 0.0041250 seconds, Stopping threads took: 0.0000790 seconds
100.831: Application time: 0.0262230 seconds
100.831: [GC [PSYoungGen: 102320K->8272K(107520K)] 168214K->74215K(352768K), 0.0032110 secs] [Times: user=0.02 sys=0.00, real=0.00 secs] 
100.835: Total time for which application threads were stopped: 0.0034040 seconds, Stopping threads took: 0.0000850 seconds
100.865: Application time: 0.0302400 seconds
100.865: [GC [PSYoungGen: 100432K->7936K(107520K)] 166375K->73927K(352768K), 0.0031970 secs] [Times: user=0.02 sys=0.00, real=0.00 secs] 
100.868: Total time for which application threads were stopped: 0.0033920 seconds, Stopping threads took: 0.0000980 seconds
100.903: Application time: 0.0347130 seconds
100.903: [GC [PSYoungGen: 100096K->7968K(107520K)] 166087K->73959K(352768K), 0.0031740 secs] [Times: user=0.02 sys=0.00, real=0.00 secs] 
100.906: Total time for which application threads were stopped: 0.0033600 seconds, Stopping threads took: 0.0000900 seconds
100.936: Application time: 0.0297850 seconds
100.936: [GC [PSYoungGen: 100128K->7968K(107520K)] 166119K->74007K(352768K), 0.0031930 secs] [Times: user=0.02 sys=0.00, real=0.01 secs] 
100.939: Total time for which application threads were stopped: 0.0033960 seconds, Stopping threads took: 0.0001030 seconds
100.977: Application time: 0.0371610 seconds
100.977: [GC [PSYoungGen: 100128K->8208K(107520K)] 166167K->74247K(352768K), 0.0033060 secs] [Times: user=0.01 sys=0.00, real=0.00 secs] 
100.980: Total time for which application threads were stopped: 0.0034740 seconds, Stopping threads took: 0.0000710 seconds
101.007: Application time: 0.0267160 seconds
101.007: [GC [PSYoungGen: 100368K->7664K(107520K)] 166407K->73703K(352768K), 0.0030240 secs] [Times: user=0.02 sys=0.00, real=0.01 secs] 
101.010: Total time for which application threads were stopped: 0.0031820 seconds, Stopping threads took: 0.0000630 seconds
101.041: Application time: 0.0307190 seconds
101.041: [GC [PSYoungGen: 99824K->7728K(107520K)] 165863K->73815K(352768K), 0.0030200 secs] [Times: user=0.02 sys=0.00, real=0.00 secs] 
101.044: Total time for which application threads were stopped: 0.0032040 seconds, Stopping threads took: 0.0000890 seconds
101.073: Application time: 0.0294160 seconds
101.076: [GC [PSYoungGen: 99888K->8240K(107520K)] 165975K->74327K(352768K), 0.0032030 secs] [Times: user=0.02 sys=0.00, real=0.00 secs] 
101.080: Total time for which application threads were stopped: 0.0062920 seconds, Stopping threads took: 0.0029940 seconds
101.104: Application time: 0.0244710 seconds
101.104: [GC [PSYoungGen: 100400K->9648K(107520K)] 166487K->75735K(352768K), 0.0037570 secs] [Times: user=0.03 sys=0.00, real=0.00 secs] 
101.108: Total time for which application threads were stopped: 0.0039490 seconds, Stopping threads took: 0.0000920 seconds
101.142: Application time: 0.0343490 seconds
101.143: [GC [PSYoungGen: 101808K->10512K(107520K)] 167895K->76599K(352768K), 0.0040170 secs] [Times: user=0.03 sys=0.00, real=0.00 secs] 
101.147: Total time for which application threads were stopped: 0.0041930 seconds, Stopping threads took: 0.0000790 seconds
101.178: Application time: 0.0310970 seconds
101.178: [GC [PSYoungGen: 102672K->9200K(107520K)] 168759K->75287K(352768K), 0.0035530 secs] [Times: user=0.03 sys=0.00, real=0.00 secs] 
101.181: Total time for which application threads were stopped: 0.0037360 seconds, Stopping threads took: 0.0000880 seconds
101.216: Application time: 0.0345550 seconds
101.216: [GC [PSYoungGen: 101360K->8880K(107520K)] 167447K->74967K(352768K), 0.0034760 secs] [Times: user=0.03 sys=0.00, real=0.01 secs] 
101.220: Total time for which application threads were stopped: 0.0036610 seconds, Stopping threads took: 0.0000880 seconds
101.254: Application time: 0.0338740 seconds
101.254: [GC [PSYoungGen: 101040K->7904K(107520K)] 167127K->73991K(352768K), 0.0030490 secs] [Times: user=0.02 sys=0.00, real=0.01 secs] 
101.257: Total time for which application threads were stopped: 0.0032390 seconds, Stopping threads took: 0.0000950 seconds
101.281: Application time: 0.0246820 seconds
101.282: [GC [PSYoungGen: 100064K->7968K(107520K)] 166151K->74055K(352768K), 0.0031930 secs] [Times: user=0.02 sys=0.00, real=0.00 secs] 
101.285: Total time for which application threads were stopped: 0.0033680 seconds, Stopping threads took: 0.0000820 seconds
101.318: Application time: 0.0335240 seconds
101.319: [GC [PSYoungGen: 100128K->8832K(107520K)] 166215K->74919K(352768K), 0.0034390 secs] [Times: user=0.02 sys=0.00, real=0.00 secs] 
101.322: Total time for which application threads were stopped: 0.0036480 seconds, Stopping threads took: 0.0001120 seconds
101.347: Application time: 0.0245280 seconds
101.347: [GC [PSYoungGen: 100992K->9600K(107520K)] 167079K->75687K(352768K), 0.0036590 secs] [Times: user=0.03 sys=0.00, real=0.01 secs] 
101.350: Total time for which application threads were stopped: 0.0038720 seconds, Stopping threads took: 0.0000960 seconds
101.382: Application time: 0.0317780 seconds
101.382: [GC [PSYoungGen: 101760K->10816K(107520K)] 167847K->76903K(352768K), 0.0042040 secs] [Times: user=0.02 sys=0.00, real=0.00 secs] 
101.387: Total time for which application threads were stopped: 0.0044040 seconds, Stopping threads took: 0.0001010 seconds
101.420: Application time: 0.0336190 seconds
101.420: [GC [PSYoungGen: 102976K->8112K(107520K)] 169063K->74199K(352768K), 0.0031870 secs] [Times: user=0.02 sys=0.00, real=0.00 secs] 
101.424: Total time for which application threads were stopped: 0.0034120 seconds, Stopping threads took: 0.0001270 seconds
101.453: Application time: 0.0295980 seconds
101.453: [GC [PSYoungGen: 100272K->8176K(107520K)] 166359K->74263K(352768K), 0.0032070 secs] [Times: user=0.02 sys=0.00, real=0.01 secs] 
101.457: Total time for which application threads were stopped: 0.0033910 seconds, Stopping threads took: 0.0000860 seconds
101.493: Application time: 0.0362730 seconds
101.493: [GC [PSYoungGen: 100336K->8016K(107520K)] 166423K->74151K(352768K), 0.0032230 secs] [Times: user=0.02 sys=0.00, real=0.00 secs] 
101.496: Total time for which application threads were stopped: 0.0034230 seconds, Stopping threads took: 0.0000860 seconds
101.523: Application time: 0.0261980 seconds
101.523: [GC [PSYoungGen: 100176K->7856K(107520K)] 166311K->74039K(352768K), 0.0030860 secs] [Times: user=0.02 sys=0.00, real=0.00 secs] 
101.526: Total time for which application threads were stopped: 0.0032650 seconds, Stopping threads took: 0.0000840 seconds
101.556: Application time: 0.0303380 seconds
101.556: [GC [PSYoungGen: 100016K->11024K(107520K)] 166199K->77287K(352768K), 0.0043580 secs] [Times: user=0.03 sys=0.01, real=0.01 secs] 
101.561: Total time for which application threads were stopped: 0.0045690 seconds, Stopping threads took: 0.0001110 seconds
101.590: Application time: 0.0291440 seconds
101.590: [GC [PSYoungGen: 103184K->7728K(107520K)] 169447K->74047K(352768K), 0.0030400 secs] [Times: user=0.02 sys=0.00, real=0.00 secs] 
101.593: Total time for which application threads were stopped: 0.0032310 seconds, Stopping threads took: 0.0000950 seconds
101.621: Application time: 0.0279710 seconds
101.621: [GC [PSYoungGen: 99888K->8224K(107520K)] 166207K->74543K(352768K), 0.0033020 secs] [Times: user=0.02 sys=0.00, real=0.00 secs] 
101.625: Total time for which application threads were stopped: 0.0034950 seconds, Stopping threads took: 0.0000960 seconds
101.659: Application time: 0.0347710 seconds
101.659: [GC [PSYoungGen: 100384K->9840K(107520K)] 166703K->76207K(352768K), 0.0037760 secs] [Times: user=0.03 sys=0.00, real=0.00 secs] 
101.663: Total time for which application threads were stopped: 0.0039550 seconds, Stopping threads took: 0.0000820 seconds
101.693: Application time: 0.0297400 seconds
101.693: [GC [PSYoungGen: 102000K->7520K(107520K)] 168367K->73887K(352768K), 0.0029440 secs] [Times: user=0.02 sys=0.00, real=0.00 secs] 
101.696: Total time for which application threads were stopped: 0.0031330 seconds, Stopping threads took: 0.0000930 seconds
101.732: Application time: 0.0354730 seconds
101.732: [GC [PSYoungGen: 99680K->9040K(107520K)] 166047K->75463K(352768K), 0.0035100 secs] [Times: user=0.02 sys=0.00, real=0.00 secs] 
101.735: Total time for which application threads were stopped: 0.0037080 seconds, Stopping threads took: 0.0001030 seconds
101.765: Application time: 0.0296630 seconds
101.765: [GC [PSYoungGen: 101200K->7776K(107520K)] 167623K->74199K(352768K), 0.0030250 secs] [Times: user=0.02 sys=0.00, real=0.00 secs] 
101.768: Total time for which application threads were stopped: 0.0032000 seconds, Stopping threads took: 0.0000820 seconds
101.795: Application time: 0.0264710 seconds
101.795: [GC [PSYoungGen: 99936K->7984K(107520K)] 166359K->74455K(352768K), 0.0031370 secs] [Times: user=0.02 sys=0.00, real=0.01 secs] 
101.798: Total time for which application threads were stopped: 0.0033190 seconds, Stopping threads took: 0.0000930 seconds
101.831: Application time: 0.0332530 seconds
101.831: [GC [PSYoungGen: 100144K->7936K(107520K)] 166615K->74407K(352768K), 0.0030240 secs] [Times: user=0.02 sys=0.00, real=0.00 secs] 
101.834: Total time for which application threads were stopped: 0.0032340 seconds, Stopping threads took: 0.0001160 seconds
101.859: Application time: 0.0245530 seconds
101.859: [GC [PSYoungGen: 100096K->9808K(107520K)] 166567K->76279K(352768K), 0.0038420 secs] [Times: user=0.02 sys=0.00, real=0.00 secs] 
101.863: Total time for which application threads were stopped: 0.0040480 seconds, Stopping threads took: 0.0000930 seconds
101.897: Application time: 0.0342690 seconds
101.897: [GC [PSYoungGen: 101968K->9968K(107520K)] 168439K->76439K(352768K), 0.0038460 secs] [Times: user=0.03 sys=0.00, real=0.00 secs] 
101.901: Total time for which application threads were stopped: 0.0040270 seconds, Stopping threads took: 0.0000860 seconds
101.933: Application time: 0.0319140 seconds
101.933: [GC [PSYoungGen: 102128K->7936K(107520K)] 168599K->74407K(352768K), 0.0030830 secs] [Times: user=0.03 sys=0.00, real=0.01 secs] 
101.937: Total time for which application threads were stopped: 0.0032730 seconds, Stopping threads took: 0.0000950 seconds
101.968: Application time: 0.0311290 seconds
101.968: [GC [PSYoungGen: 100096K->8144K(107520K)] 166567K->74615K(352768K), 0.0032380 secs] [Times: user=0.03 sys=0.00, real=0.01 secs] 
101.971: Total time for which application threads were stopped: 0.0034460 seconds, Stopping threads took: 0.0001040 seconds
102.006: Application time: 0.0344740 seconds
102.006: [GC [PSYoungGen: 100304K->8224K(107520K)] 166775K->74695K(352768K), 0.0032040 secs] [Times: user=0.02 sys=0.00, real=0.01 secs] 
102.009: Total time for which application threads were stopped: 0.0033880 seconds, Stopping threads took: 0.0000870 seconds
102.035: Application time: 0.0257610 seconds
102.035: [GC [PSYoungGen: 100384K->7904K(107520K)] 166855K->74375K(352768K), 0.0031550 secs] [Times: user=0.02 sys=0.00, real=0.01 secs] 
102.038: Total time for which application threads were stopped: 0.0033310 seconds, Stopping threads took: 0.0000770 seconds
102.070: Application time: 0.0318870 seconds
102.070: [GC [PSYoungGen: 100064K->11552K(107520K)] 166535K->78023K(352768K), 0.0045360 secs] [Times: user=0.03 sys=0.00, real=0.00 secs] 
102.075: Total time for which application threads were stopped: 0.0047120 seconds, Stopping threads took: 0.0000800 seconds
102.102: Application time: 0.0272770 seconds
102.102: [GC [PSYoungGen: 103712K->8496K(107520K)] 170183K->74967K(352768K), 0.0032600 secs] [Times: user=0.03 sys=0.00, real=0.00 secs] 
102.105: Total time for which application threads were stopped: 0.0034310 seconds, Stopping threads took: 0.0000730 seconds
102.135: Application time: 0.0298260 seconds
102.135: [GC [PSYoungGen: 100656K->9824K(107520K)] 167127K->76295K(352768K), 0.0038500 secs] [Times: user=0.02 sys=0.00, real=0.01 secs] 
102.139: Total time for which application threads were stopped: 0.0040290 seconds, Stopping threads took: 0.0000790 seconds
102.174: Application time: 0.0343970 seconds
102.174: [GC [PSYoungGen: 101984K->8576K(107520K)] 168455K->75047K(352768K), 0.0032700 secs] [Times: user=0.02 sys=0.00, real=0.01 secs] 
102.177: Total time for which application threads were stopped: 0.0034540 seconds, Stopping threads took: 0.0000880 seconds
102.206: Application time: 0.0290420 seconds
102.206: [GC [PSYoungGen: 100736K->8384K(107520K)] 167207K->74855K(352768K), 0.0032790 secs] [Times: user=0.02 sys=0.00, real=0.01 secs] 
102.210: Total time for which application threads were stopped: 0.0034510 seconds, Stopping threads took: 0.0000750 seconds
102.245: Application time: 0.0358360 seconds
102.247: [GC [PSYoungGen: 100544K->8384K(107520K)] 167015K->74903K(352768K), 0.0032960 secs] [Times: user=0.02 sys=0.00, real=0.01 secs] 
102.250: Total time for which application threads were stopped: 0.0050010 seconds, Stopping threads took: 0.0015960 seconds
102.278: Application time: 0.0277130 seconds
102.280: [GC [PSYoungGen: 100544K->8080K(107520K)] 167063K->74655K(352768K), 0.0031450 secs] [Times: user=0.02 sys=0.00, real=0.00 secs] 
102.284: Total time for which application threads were stopped: 0.0053740 seconds, Stopping threads took: 0.0021350 seconds
102.313: Application time: 0.0298130 seconds
102.314: [GC [PSYoungGen: 100240K->7648K(107520K)] 166815K->74279K(352768K), 0.0030620 secs] [Times: user=0.03 sys=0.00, real=0.01 secs] 
102.317: Total time for which application threads were stopped: 0.0032290 seconds, Stopping threads took: 0.0000740 seconds
102.347: Application time: 0.0303340 seconds
102.347: [GC [PSYoungGen: 99808K->8128K(107520K)] 166439K->74795K(352768K), 0.0030630 secs] [Times: user=0.02 sys=0.00, real=0.01 secs] 
102.350: Total time for which application threads were stopped: 0.0032450 seconds, Stopping threads took: 0.0000850 seconds
102.377: Application time: 0.0264790 seconds
102.377: [GC [PSYoungGen: 100288K->7872K(107520K)] 166955K->74595K(352768K), 0.0031900 secs] [Times: user=0.02 sys=0.00, real=0.00 secs] 
102.380: Total time for which application threads were stopped: 0.0034080 seconds, Stopping threads took: 0.0000950 seconds
102.415: Application time: 0.0348420 seconds
102.415: [GC [PSYoungGen: 100032K->9632K(107520K)] 166755K->76403K(352768K), 0.0038660 secs] [Times: user=0.02 sys=0.00, real=0.01 secs] 
102.419: Total time for which application threads were stopped: 0.0040350 seconds, Stopping threads took: 0.0000720 seconds
102.450: Application time: 0.0312010 seconds
102.450: [GC [PSYoungGen: 101792K->7696K(107520K)] 168563K->74467K(352768K), 0.0030610 secs] [Times: user=0.02 sys=0.00, real=0.00 secs] 
102.453: Total time for which application threads were stopped: 0.0032450 seconds, Stopping threads took: 0.0000890 seconds
102.485: Application time: 0.0314980 seconds
102.488: [GC [PSYoungGen: 99856K->8000K(107520K)] 166627K->74827K(352768K), 0.0032060 secs] [Times: user=0.02 sys=0.00, real=0.00 secs] 
102.492: Total time for which application threads were stopped: 0.0067110 seconds, Stopping threads took: 0.0034110 seconds
102.526: Application time: 0.0340690 seconds
102.526: [GC [PSYoungGen: 100160K->7984K(107520K)] 166987K->74811K(352768K), 0.0031260 secs] [Times: user=0.02 sys=0.00, real=0.01 secs] 
102.529: Total time for which application threads were stopped: 0.0032940 seconds, Stopping threads took: 0.0000720 seconds
102.554: Application time: 0.0247690 seconds
102.554: [GC [PSYoungGen: 100144K->7984K(107520K)] 166971K->74859K(352768K), 0.0031620 secs] [Times: user=0.02 sys=0.00, real=0.01 secs] 
102.557: Total time for which application threads were stopped: 0.0033660 seconds, Stopping threads took: 0.0001070 seconds
102.589: Application time: 0.0318920 seconds
102.589: [GC [PSYoungGen: 100144K->11776K(107520K)] 167019K->78651K(352768K), 0.0045620 secs] [Times: user=0.03 sys=0.00, real=0.00 secs] 
102.594: Total time for which application threads were stopped: 0.0047450 seconds, Stopping threads took: 0.0000800 seconds
102.621: Application time: 0.0269220 seconds
102.621: [GC [PSYoungGen: 103936K->9744K(107520K)] 170811K->76619K(352768K), 0.0037160 secs] [Times: user=0.02 sys=0.00, real=0.00 secs] 
102.625: Total time for which application threads were stopped: 0.0038800 seconds, Stopping threads took: 0.0000650 seconds
102.655: Application time: 0.0306280 seconds
102.656: [GC [PSYoungGen: 101904K->8224K(107520K)] 168779K->75099K(352768K), 0.0032330 secs] [Times: user=0.02 sys=0.00, real=0.00 secs] 
102.660: Total time for which application threads were stopped: 0.0044650 seconds, Stopping threads took: 0.0011360 seconds
102.694: Application time: 0.0347910 seconds
102.696: [GC [PSYoungGen: 100384K->8368K(107520K)] 167259K->75243K(352768K), 0.0031760 secs] [Times: user=0.02 sys=0.00, real=0.00 secs] 
102.700: Total time for which application threads were stopped: 0.0051350 seconds, Stopping threads took: 0.0018640 seconds
102.728: Application time: 0.0282860 seconds
102.728: [GC [PSYoungGen: 100528K->7760K(107520K)] 167403K->74635K(352768K), 0.0030770 secs] [Times: user=0.02 sys=0.00, real=0.01 secs] 
102.731: Total time for which application threads were stopped: 0.0032740 seconds, Stopping threads took: 0.0001020 seconds
102.768: Application time: 0.0363390 seconds
102.768: [GC [PSYoungGen: 99920K->9776K(107520K)] 166795K->76651K(352768K), 0.0038120 secs] [Times: user=0.02 sys=0.00, real=0.01 secs] 
102.772: Total time for which application threads were stopped: 0.0039940 seconds, Stopping threads took: 0.0000840 seconds
102.798: Application time: 0.0267030 seconds
102.798: [GC [PSYoungGen: 101936K->8064K(107520K)] 168811K->74939K(352768K), 0.0032150 secs] [Times: user=0.02 sys=0.00, real=0.00 secs] 
102.802: Total time for which application threads were stopped: 0.0034070 seconds, Stopping threads took: 0.0000980 seconds
102.830: Application time: 0.0281470 seconds
102.830: [GC [PSYoungGen: 100224K->7888K(107520K)] 167099K->74763K(352768K), 0.0031450 secs] [Times: user=0.02 sys=0.00, real=0.00 secs] 
102.833: Total time for which application threads were stopped: 0.0033430 seconds, Stopping threads took: 0.0001010 seconds
102.866: Application time: 0.0326980 seconds
102.866: [GC [PSYoungGen: 100048K->9040K(107520K)] 166923K->75915K(352768K), 0.0034430 secs] [Times: user=0.02 sys=0.00, real=0.01 secs] 
102.869: Total time for which application threads were stopped: 0.0036020 seconds, Stopping threads took: 0.0000620 seconds
102.895: Application time: 0.0258830 seconds
102.895: [GC [PSYoungGen: 101200K->8576K(107520K)] 168075K->75451K(352768K), 0.0032450 secs] [Times: user=0.02 sys=0.00, real=0.01 secs] 
102.899: Total time for which application threads were stopped: 0.0034470 seconds, Stopping threads took: 0.0000770 seconds
102.935: Application time: 0.0364400 seconds
102.935: [GC [PSYoungGen: 100736K->10112K(107520K)] 167611K->76987K(352768K), 0.0039450 secs] [Times: user=0.03 sys=0.00, real=0.01 secs] 
102.939: Total time for which application threads were stopped: 0.0041400 seconds, Stopping threads took: 0.0000980 seconds
102.968: Application time: 0.0285590 seconds
102.968: [GC [PSYoungGen: 102272K->8112K(107520K)] 169147K->74987K(352768K), 0.0031760 secs] [Times: user=0.02 sys=0.00, real=0.01 secs] 
102.971: Total time for which application threads were stopped: 0.0033770 seconds, Stopping threads took: 0.0001020 seconds
103.005: Application time: 0.0338430 seconds
103.005: [GC [PSYoungGen: 100272K->8336K(107520K)] 167147K->75267K(352768K), 0.0033400 secs] [Times: user=0.02 sys=0.00, real=0.01 secs] 
103.009: Total time for which application threads were stopped: 0.0035000 seconds, Stopping threads took: 0.0000640 seconds
103.041: Application time: 0.0325670 seconds
103.041: [GC [PSYoungGen: 100496K->7952K(107520K)] 167427K->74939K(352768K), 0.0031030 secs] [Times: user=0.02 sys=0.00, real=0.00 secs] 
103.044: Total time for which application threads were stopped: 0.0032570 seconds, Stopping threads took: 0.0000590 seconds
103.070: Application time: 0.0251070 seconds
103.070: [GC [PSYoungGen: 100112K->7984K(107520K)] 167099K->75027K(352768K), 0.0032470 secs] [Times: user=0.02 sys=0.00, real=0.00 secs] 
103.073: Total time for which application threads were stopped: 0.0034190 seconds, Stopping threads took: 0.0000730 seconds
103.104: Application time: 0.0313540 seconds
103.108: [GC [PSYoungGen: 100144K->12016K(107520K)] 167187K->79107K(352768K), 0.0047000 secs] [Times: user=0.03 sys=0.00, real=0.00 secs] 
103.113: Total time for which application threads were stopped: 0.0088030 seconds, Stopping threads took: 0.0040010 seconds
103.141: Application time: 0.0281610 seconds
103.141: [GC [PSYoungGen: 104176K->8576K(107520K)] 171267K->75715K(352768K), 0.0033250 secs] [Times: user=0.02 sys=0.01, real=0.00 secs] 
103.145: Total time for which application threads were stopped: 0.0034990 seconds, Stopping threads took: 0.0000790 seconds
103.177: Application time: 0.0318340 seconds
103.177: [GC [PSYoungGen: 100736K->8272K(107520K)] 167875K->75467K(352768K), 0.0031400 secs] [Times: user=0.02 sys=0.00, real=0.00 secs] 
103.180: Total time for which application threads were stopped: 0.0033080 seconds, Stopping threads took: 0.0000770 seconds
103.214: Application time: 0.0337530 seconds
103.214: [GC [PSYoungGen: 100432K->7904K(107520K)] 167627K->75099K(352768K), 0.0030530 secs] [Times: user=0.03 sys=0.00, real=0.01 secs] 
103.217: Total time for which application threads were stopped: 0.0032390 seconds, Stopping threads took: 0.0000920 seconds
103.246: Application time: 0.0286020 seconds
103.247: [GC [PSYoungGen: 100064K->8848K(107520K)] 167259K->76043K(352768K), 0.0034750 secs] [Times: user=0.02 sys=0.00, real=0.01 secs] 
103.250: Total time for which application threads were stopped: 0.0048090 seconds, Stopping threads took: 0.0012310 seconds
103.287: Application time: 0.0370400 seconds
103.288: [GC [PSYoungGen: 101008K->8336K(107520K)] 168203K->75587K(352768K), 0.0032710 secs] [Times: user=0.02 sys=0.00, real=0.01 secs] 
103.291: Total time for which application threads were stopped: 0.0034520 seconds, Stopping threads took: 0.0000850 seconds
103.317: Application time: 0.0257320 seconds
103.317: [GC [PSYoungGen: 100496K->7568K(107520K)] 167747K->74867K(352768K), 0.0029350 secs] [Times: user=0.02 sys=0.00, real=0.00 secs] 
103.320: Total time for which application threads were stopped: 0.0031000 seconds, Stopping threads took: 0.0000720 seconds
103.348: Application time: 0.0281190 seconds
103.348: [GC [PSYoungGen: 99728K->7536K(107520K)] 167027K->74835K(352768K), 0.0030620 secs] [Times: user=0.02 sys=0.00, real=0.01 secs] 
103.351: Total time for which application threads were stopped: 0.0032560 seconds, Stopping threads took: 0.0000890 seconds
103.384: Application time: 0.0326330 seconds
103.384: [GC [PSYoungGen: 99696K->9664K(107520K)] 166995K->76963K(352768K), 0.0037120 secs] [Times: user=0.02 sys=0.00, real=0.00 secs] 
103.388: Total time for which application threads were stopped: 0.0038900 seconds, Stopping threads took: 0.0000780 seconds
103.413: Application time: 0.0253910 seconds
103.413: [GC [PSYoungGen: 101824K->9520K(107520K)] 169123K->76819K(352768K), 0.0037820 secs] [Times: user=0.02 sys=0.00, real=0.01 secs] 
103.417: Total time for which application threads were stopped: 0.0039820 seconds, Stopping threads took: 0.0000800 seconds
103.454: Application time: 0.0368650 seconds
103.454: [GC [PSYoungGen: 101680K->10624K(107520K)] 168979K->77923K(352768K), 0.0040060 secs] [Times: user=0.03 sys=0.00, real=0.01 secs] 
103.458: Total time for which application threads were stopped: 0.0042050 seconds, Stopping threads took: 0.0000980 seconds
103.487: Application time: 0.0291170 seconds
103.488: [GC [PSYoungGen: 102784K->8064K(107520K)] 170083K->75363K(352768K), 0.0031890 secs] [Times: user=0.02 sys=0.01, real=0.00 secs] 
103.492: Total time for which application threads were stopped: 0.0044400 seconds, Stopping threads took: 0.0011580 seconds
103.525: Application time: 0.0337870 seconds
103.526: [GC [PSYoungGen: 100224K->9648K(107520K)] 167523K->76947K(352768K), 0.0038280 secs] [Times: user=0.02 sys=0.00, real=0.01 secs] 
103.529: Total time for which application threads were stopped: 0.0040060 seconds, Stopping threads took: 0.0000810 seconds
103.562: Application time: 0.0325230 seconds
103.562: [GC [PSYoungGen: 101808K->8016K(107520K)] 169107K->75315K(352768K), 0.0032340 secs] [Times: user=0.02 sys=0.00, real=0.00 secs] 
103.565: Total time for which application threads were stopped: 0.0034010 seconds, Stopping threads took: 0.0000710 seconds
103.589: Application time: 0.0232790 seconds
103.589: [GC [PSYoungGen: 100176K->8096K(107520K)] 167475K->75395K(352768K), 0.0031360 secs] [Times: user=0.02 sys=0.00, real=0.00 secs] 
103.592: Total time for which application threads were stopped: 0.0032860 seconds, Stopping threads took: 0.0000500 seconds
103.625: Application time: 0.0330310 seconds
103.625: [GC [PSYoungGen: 100256K->12368K(107520K)] 167555K->79667K(352768K), 0.0048220 secs] [Times: user=0.03 sys=0.00, real=0.01 secs] 
103.630: Total time for which application threads were stopped: 0.0049980 seconds, Stopping threads took: 0.0000780 seconds
103.658: Application time: 0.0275700 seconds
103.658: [GC [PSYoungGen: 104528K->7904K(107520K)] 171827K->75203K(352768K), 0.0030660 secs] [Times: user=0.02 sys=0.00, real=0.00 secs] 
103.661: Total time for which application threads were stopped: 0.0032350 seconds, Stopping threads took: 0.0000730 seconds
103.694: Application time: 0.0334250 seconds
103.694: [GC [PSYoungGen: 100064K->9616K(107520K)] 167363K->76915K(352768K), 0.0037720 secs] [Times: user=0.03 sys=0.00, real=0.01 secs] 
103.698: Total time for which application threads were stopped: 0.0039430 seconds, Stopping threads took: 0.0000710 seconds
103.731: Application time: 0.0329370 seconds
103.731: [GC [PSYoungGen: 101776K->8224K(107520K)] 169075K->75523K(352768K), 0.0031240 secs] [Times: user=0.02 sys=0.00, real=0.00 secs] 
103.734: Total time for which application threads were stopped: 0.0033090 seconds, Stopping threads took: 0.0000920 seconds
103.762: Application time: 0.0275080 seconds
103.762: [GC [PSYoungGen: 100384K->9216K(107520K)] 167683K->76563K(352768K), 0.0036920 secs] [Times: user=0.03 sys=0.00, real=0.00 secs] 
103.766: Total time for which application threads were stopped: 0.0038750 seconds, Stopping threads took: 0.0000870 seconds
103.804: Application time: 0.0379040 seconds
103.804: [GC [PSYoungGen: 101376K->8112K(107520K)] 168723K->75515K(352768K), 0.0031760 secs] [Times: user=0.02 sys=0.00, real=0.00 secs] 
103.807: Total time for which application threads were stopped: 0.0033280 seconds, Stopping threads took: 0.0000560 seconds
103.831: Application time: 0.0235170 seconds
103.831: [GC [PSYoungGen: 100272K->8064K(107520K)] 167675K->75467K(352768K), 0.0031270 secs] [Times: user=0.02 sys=0.00, real=0.00 secs] 
103.834: Total time for which application threads were stopped: 0.0032870 seconds, Stopping threads took: 0.0000620 seconds
103.865: Application time: 0.0313190 seconds
103.865: [GC [PSYoungGen: 100224K->9168K(107520K)] 167627K->76664K(352768K), 0.0036090 secs] [Times: user=0.03 sys=0.00, real=0.01 secs] 
103.869: Total time for which application threads were stopped: 0.0037790 seconds, Stopping threads took: 0.0000750 seconds
103.899: Application time: 0.0303630 seconds
103.899: [GC [PSYoungGen: 101328K->7792K(107520K)] 168824K->75287K(352768K), 0.0030230 secs] [Times: user=0.02 sys=0.00, real=0.00 secs] 
103.902: Total time for which application threads were stopped: 0.0031880 seconds, Stopping threads took: 0.0000680 seconds
103.929: Application time: 0.0261480 seconds
103.929: [GC [PSYoungGen: 99952K->9440K(107520K)] 167447K->76992K(352768K), 0.0036370 secs] [Times: user=0.02 sys=0.00, real=0.00 secs] 
103.932: Total time for which application threads were stopped: 0.0038380 seconds, Stopping threads took: 0.0000860 seconds
103.971: Application time: 0.0380320 seconds
103.971: [GC [PSYoungGen: 101600K->8384K(107520K)] 169152K->75984K(352768K), 0.0032750 secs] [Times: user=0.02 sys=0.00, real=0.00 secs] 
103.974: Total time for which application threads were stopped: 0.0034570 seconds, Stopping threads took: 0.0000860 seconds
104.001: Application time: 0.0274990 seconds
104.002: [GC [PSYoungGen: 100544K->7648K(107520K)] 168144K->75248K(352768K), 0.0030030 secs] [Times: user=0.02 sys=0.00, real=0.00 secs] 
104.005: Total time for which application threads were stopped: 0.0031950 seconds, Stopping threads took: 0.0000950 seconds
104.041: Application time: 0.0359470 seconds
104.044: [GC [PSYoungGen: 99808K->10000K(107520K)] 167408K->77656K(352768K), 0.0039220 secs] [Times: user=0.03 sys=0.00, real=0.01 secs] 
104.048: Total time for which application threads were stopped: 0.0077430 seconds, Stopping threads took: 0.0037250 seconds
104.077: Application time: 0.0283690 seconds
104.077: [GC [PSYoungGen: 102160K->7488K(107520K)] 169816K->75200K(352768K), 0.0029520 secs] [Times: user=0.02 sys=0.00, real=0.00 secs] 
104.080: Total time for which application threads were stopped: 0.0031410 seconds, Stopping threads took: 0.0000940 seconds
104.104: Application time: 0.0246260 seconds
104.105: [GC [PSYoungGen: 99648K->7920K(107520K)] 167360K->75632K(352768K), 0.0031140 secs] [Times: user=0.02 sys=0.00, real=0.00 secs] 
104.108: Total time for which application threads were stopped: 0.0032700 seconds, Stopping threads took: 0.0000600 seconds
104.144: Application time: 0.0358920 seconds
104.144: [GC [PSYoungGen: 100080K->8608K(107520K)] 167792K->76320K(352768K), 0.0032540 secs] [Times: user=0.02 sys=0.00, real=0.00 secs] 
104.147: Total time for which application threads were stopped: 0.0034160 seconds, Stopping threads took: 0.0000630 seconds
104.171: Application time: 0.0242480 seconds
104.171: [GC [PSYoungGen: 100768K->8032K(107520K)] 168480K->75744K(352768K), 0.0031430 secs] [Times: user=0.02 sys=0.00, real=0.00 secs] 
104.175: Total time for which application threads were stopped: 0.0033220 seconds, Stopping threads took: 0.0000820 seconds
104.211: Application time: 0.0363260 seconds
104.211: [GC [PSYoungGen: 100192K->8976K(107520K)] 167904K->76688K(352768K), 0.0034530 secs] [Times: user=0.02 sys=0.00, real=0.00 secs] 
104.215: Total time for which application threads were stopped: 0.0036620 seconds, Stopping threads took: 0.0001120 seconds
104.244: Application time: 0.0295920 seconds
104.244: [GC [PSYoungGen: 101136K->8016K(107520K)] 168848K->75728K(352768K), 0.0036280 secs] [Times: user=0.01 sys=0.00, real=0.00 secs] 
104.248: Total time for which application threads were stopped: 0.0038670 seconds, Stopping threads took: 0.0001110 seconds
104.278: Application time: 0.0298140 seconds
104.278: [GC [PSYoungGen: 100176K->9840K(107520K)] 167888K->77552K(352768K), 0.0038760 secs] [Times: user=0.02 sys=0.00, real=0.00 secs] 
104.282: Total time for which application threads were stopped: 0.0041260 seconds, Stopping threads took: 0.0001430 seconds
104.319: Application time: 0.0370230 seconds
104.319: [GC [PSYoungGen: 102000K->8016K(107520K)] 169712K->75728K(352768K), 0.0031220 secs] [Times: user=0.02 sys=0.00, real=0.00 secs] 
104.322: Total time for which application threads were stopped: 0.0032990 seconds, Stopping threads took: 0.0000820 seconds
104.345: Application time: 0.0228470 seconds
104.345: [GC [PSYoungGen: 100176K->7744K(107520K)] 167888K->75456K(352768K), 0.0030090 secs] [Times: user=0.02 sys=0.00, real=0.01 secs] 
104.348: Total time for which application threads were stopped: 0.0031880 seconds, Stopping threads took: 0.0000860 seconds
104.382: Application time: 0.0339980 seconds
104.383: [GC [PSYoungGen: 99904K->12768K(107520K)] 167616K->80480K(352768K), 0.0048370 secs] [Times: user=0.03 sys=0.00, real=0.00 secs] 
104.387: Total time for which application threads were stopped: 0.0050150 seconds, Stopping threads took: 0.0000790 seconds
104.416: Application time: 0.0285950 seconds
104.416: [GC [PSYoungGen: 104928K->8560K(107520K)] 172640K->76272K(352768K), 0.0032610 secs] [Times: user=0.02 sys=0.00, real=0.01 secs] 
104.419: Total time for which application threads were stopped: 0.0034570 seconds, Stopping threads took: 0.0000960 seconds
104.448: Application time: 0.0289380 seconds
104.449: [GC [PSYoungGen: 100720K->8192K(107520K)] 168432K->75904K(352768K), 0.0031390 secs] [Times: user=0.03 sys=0.00, real=0.00 secs] 
104.452: Total time for which application threads were stopped: 0.0033320 seconds, Stopping threads took: 0.0000790 seconds
104.488: Application time: 0.0360070 seconds
104.488: [GC [PSYoungGen: 100352K->8064K(107520K)] 168064K->75776K(352768K), 0.0031280 secs] [Times: user=0.02 sys=0.00, real=0.01 secs] 
104.491: Total time for which application threads were stopped: 0.0033390 seconds, Stopping threads took: 0.0001150 seconds
104.520: Application time: 0.0285150 seconds
104.520: [GC [PSYoungGen: 100224K->7824K(107520K)] 167936K->75536K(352768K), 0.0030570 secs] [Times: user=0.02 sys=0.00, real=0.00 secs] 
104.523: Total time for which application threads were stopped: 0.0032220 seconds, Stopping threads took: 0.0000690 seconds
104.559: Application time: 0.0364060 seconds
104.559: [GC [PSYoungGen: 99984K->8304K(107520K)] 167696K->76104K(352768K), 0.0032170 secs] [Times: user=0.02 sys=0.00, real=0.00 secs] 
104.563: Total time for which application threads were stopped: 0.0034050 seconds, Stopping threads took: 0.0000890 seconds
104.590: Application time: 0.0275360 seconds
104.590: [GC [PSYoungGen: 100464K->8000K(107520K)] 168264K->75800K(352768K), 0.0031810 secs] [Times: user=0.02 sys=0.00, real=0.00 secs] 
104.594: Total time for which application threads were stopped: 0.0033780 seconds, Stopping threads took: 0.0001010 seconds
104.619: Application time: 0.0257460 seconds
104.620: [GC [PSYoungGen: 100160K->7776K(107520K)] 167960K->75624K(352768K), 0.0030500 secs] [Times: user=0.02 sys=0.00, real=0.00 secs] 
104.623: Total time for which application threads were stopped: 0.0041500 seconds, Stopping threads took: 0.0010020 seconds
104.658: Application time: 0.0349740 seconds
104.659: [GC [PSYoungGen: 99936K->8720K(107520K)] 167784K->76616K(352768K), 0.0033100 secs] [Times: user=0.02 sys=0.00, real=0.00 secs] 
104.662: Total time for which application threads were stopped: 0.0034920 seconds, Stopping threads took: 0.0000850 seconds
104.687: Application time: 0.0247800 seconds
104.687: [GC [PSYoungGen: 100880K->8928K(107520K)] 168776K->76864K(352768K), 0.0035580 secs] [Times: user=0.02 sys=0.00, real=0.01 secs] 
104.690: Total time for which application threads were stopped: 0.0037260 seconds, Stopping threads took: 0.0000720 seconds
104.728: Application time: 0.0370480 seconds
104.728: [GC [PSYoungGen: 101088K->9952K(107520K)] 169024K->77944K(352768K), 0.0039220 secs] [Times: user=0.03 sys=0.00, real=0.00 secs] 
104.732: Total time for which application threads were stopped: 0.0048630 seconds, Stopping threads took: 0.0008350 seconds
104.762: Application time: 0.0292410 seconds
104.764: [GC [PSYoungGen: 102112K->7840K(107520K)] 170104K->75832K(352768K), 0.0030000 secs] [Times: user=0.02 sys=0.00, real=0.00 secs] 
104.767: Total time for which application threads were stopped: 0.0057990 seconds, Stopping threads took: 0.0027050 seconds
104.799: Application time: 0.0311100 seconds
104.799: [GC [PSYoungGen: 100000K->9792K(107520K)] 167992K->77832K(352768K), 0.0039020 secs] [Times: user=0.03 sys=0.00, real=0.00 secs] 
104.803: Total time for which application threads were stopped: 0.0041140 seconds, Stopping threads took: 0.0001130 seconds
104.837: Application time: 0.0339770 seconds
104.837: [GC [PSYoungGen: 101952K->7552K(107520K)] 169992K->75592K(352768K), 0.0029930 secs] [Times: user=0.02 sys=0.00, real=0.00 secs] 
104.840: Total time for which application threads were stopped: 0.0031670 seconds, Stopping threads took: 0.0000830 seconds
104.863: Application time: 0.0231580 seconds
104.863: [GC [PSYoungGen: 99712K->7776K(107520K)] 167752K->75856K(352768K), 0.0031020 secs] [Times: user=0.02 sys=0.00, real=0.00 secs] 
104.866: Total time for which application threads were stopped: 0.0032640 seconds, Stopping threads took: 0.0000650 seconds
104.900: Application time: 0.0333850 seconds
104.900: [GC [PSYoungGen: 99936K->11728K(107520K)] 168016K->79808K(352768K), 0.0046420 secs] [Times: user=0.03 sys=0.00, real=0.00 secs] 
104.904: Total time for which application threads were stopped: 0.0048170 seconds, Stopping threads took: 0.0000760 seconds
104.933: Application time: 0.0284440 seconds
104.933: [GC [PSYoungGen: 103888K->7808K(107520K)] 171968K->75888K(352768K), 0.0030880 secs] [Times: user=0.02 sys=0.00, real=0.00 secs] 
104.936: Total time for which application threads were stopped: 0.0032700 seconds, Stopping threads took: 0.0000840 seconds
104.969: Application time: 0.0323690 seconds
104.969: [GC [PSYoungGen: 99968K->7888K(107520K)] 168048K->75968K(352768K), 0.0031540 secs] [Times: user=0.02 sys=0.00, real=0.00 secs] 
104.972: Total time for which application threads were stopped: 0.0033360 seconds, Stopping threads took: 0.0000700 seconds
105.006: Application time: 0.0341050 seconds
105.006: [GC [PSYoungGen: 100048K->8176K(107520K)] 168128K->76256K(352768K), 0.0032140 secs] [Times: user=0.02 sys=0.00, real=0.01 secs] 
105.009: Total time for which application threads were stopped: 0.0033790 seconds, Stopping threads took: 0.0000690 seconds
105.038: Application time: 0.0281740 seconds
105.038: [GC [PSYoungGen: 100336K->7856K(107520K)] 168416K->75936K(352768K), 0.0031400 secs] [Times: user=0.02 sys=0.00, real=0.00 secs] 
105.041: Total time for which application threads were stopped: 0.0033490 seconds, Stopping threads took: 0.0001150 seconds
105.077: Application time: 0.0362140 seconds
105.077: [GC [PSYoungGen: 100016K->8256K(107520K)] 168096K->76336K(352768K), 0.0032200 secs] [Times: user=0.02 sys=0.00, real=0.00 secs] 
105.081: Total time for which application threads were stopped: 0.0034160 seconds, Stopping threads took: 0.0001020 seconds
105.107: Application time: 0.0262840 seconds
105.107: [GC [PSYoungGen: 100416K->7968K(107520K)] 168496K->76048K(352768K), 0.0031930 secs] [Times: user=0.02 sys=0.00, real=0.01 secs] 
105.110: Total time for which application threads were stopped: 0.0033410 seconds, Stopping threads took: 0.0000530 seconds
105.138: Application time: 0.0278940 seconds
105.138: [GC [PSYoungGen: 100128K->7744K(107520K)] 168208K->75824K(352768K), 0.0030330 secs] [Times: user=0.02 sys=0.00, real=0.00 secs] 
105.141: Total time for which application threads were stopped: 0.0032110 seconds, Stopping threads took: 0.0000830 seconds
105.175: Application time: 0.0339520 seconds
105.175: [GC [PSYoungGen: 99904K->7952K(107520K)] 167984K->76032K(352768K), 0.0030660 secs] [Times: user=0.02 sys=0.00, real=0.01 secs] 
105.178: Total time for which application threads were stopped: 0.0032460 seconds, Stopping threads took: 0.0000840 seconds
105.204: Application time: 0.0255360 seconds
105.204: [GC [PSYoungGen: 100112K->9904K(107520K)] 168192K->77984K(352768K), 0.0038350 secs] [Times: user=0.02 sys=0.00, real=0.00 secs] 
105.208: Total time for which application threads were stopped: 0.0040280 seconds, Stopping threads took: 0.0000950 seconds
105.245: Application time: 0.0369960 seconds
105.248: [GC [PSYoungGen: 102064K->8784K(107520K)] 170144K->76864K(352768K), 0.0033790 secs] [Times: user=0.02 sys=0.00, real=0.01 secs] 
105.251: Total time for which application threads were stopped: 0.0060550 seconds, Stopping threads took: 0.0025760 seconds
105.280: Application time: 0.0288270 seconds
105.280: [GC [PSYoungGen: 100944K->8432K(107520K)] 169024K->76512K(352768K), 0.0032820 secs] [Times: user=0.03 sys=0.00, real=0.00 secs] 
105.283: Total time for which application threads were stopped: 0.0034910 seconds, Stopping threads took: 0.0001110 seconds
105.317: Application time: 0.0331900 seconds
105.317: [GC [PSYoungGen: 100592K->7760K(107520K)] 168672K->75928K(352768K), 0.0031730 secs] [Times: user=0.02 sys=0.00, real=0.00 secs] 
105.320: Total time for which application threads were stopped: 0.0033380 seconds, Stopping threads took: 0.0000710 seconds
105.351: Application time: 0.0313150 seconds
105.351: [GC [PSYoungGen: 99920K->7952K(107520K)] 168088K->76120K(352768K), 0.0030980 secs] [Times: user=0.02 sys=0.00, real=0.00 secs] 
105.355: Total time for which application threads were stopped: 0.0032860 seconds, Stopping threads took: 0.0000900 seconds
105.378: Application time: 0.0234440 seconds
105.380: [GC [PSYoungGen: 100112K->7776K(107520K)] 168280K->75944K(352768K), 0.0030570 secs] [Times: user=0.02 sys=0.00, real=0.00 secs] 
105.384: Total time for which application threads were stopped: 0.0055130 seconds, Stopping threads took: 0.0023630 seconds
105.418: Application time: 0.0345070 seconds
105.418: [GC [PSYoungGen: 99936K->11856K(107520K)] 168104K->80112K(352768K), 0.0047110 secs] [Times: user=0.04 sys=0.00, real=0.00 secs] 
105.423: Total time for which application threads were stopped: 0.0048970 seconds, Stopping threads took: 0.0000910 seconds
105.450: Application time: 0.0266170 seconds
105.450: [GC [PSYoungGen: 104016K->7952K(107520K)] 172272K->76208K(352768K), 0.0030490 secs] [Times: user=0.02 sys=0.00, real=0.00 secs] 
105.453: Total time for which application threads were stopped: 0.0032200 seconds, Stopping threads took: 0.0000780 seconds
105.487: Application time: 0.0339320 seconds
105.487: [GC [PSYoungGen: 100112K->10032K(107520K)] 168368K->78372K(352768K), 0.0039190 secs] [Times: user=0.03 sys=0.00, real=0.01 secs] 
105.491: Total time for which application threads were stopped: 0.0041270 seconds, Stopping threads took: 0.0000930 seconds
105.523: Application time: 0.0319290 seconds
105.524: [GC [PSYoungGen: 102192K->7952K(107520K)] 170532K->76292K(352768K), 0.0031880 secs] [Times: user=0.02 sys=0.00, real=0.00 secs] 
105.528: Total time for which application threads were stopped: 0.0048880 seconds, Stopping threads took: 0.0016050 seconds
105.556: Application time: 0.0280340 seconds
105.556: [GC [PSYoungGen: 100112K->7664K(107520K)] 168452K->76060K(352768K), 0.0030360 secs] [Times: user=0.02 sys=0.00, real=0.01 secs] 
105.559: Total time for which application threads were stopped: 0.0032180 seconds, Stopping threads took: 0.0000870 seconds
105.597: Application time: 0.0376120 seconds
105.597: [GC [PSYoungGen: 99824K->7984K(107520K)] 168220K->76380K(352768K), 0.0032100 secs] [Times: user=0.01 sys=0.00, real=0.00 secs] 
105.600: Total time for which application threads were stopped: 0.0033970 seconds, Stopping threads took: 0.0000920 seconds
105.624: Application time: 0.0236510 seconds
105.624: [GC [PSYoungGen: 100144K->7760K(107520K)] 168540K->76212K(352768K), 0.0030730 secs] [Times: user=0.03 sys=0.00, real=0.00 secs] 
105.627: Total time for which application threads were stopped: 0.0032640 seconds, Stopping threads took: 0.0000950 seconds
105.658: Application time: 0.0311590 seconds
105.658: [GC [PSYoungGen: 99920K->9104K(107520K)] 168372K->77556K(352768K), 0.0035940 secs] [Times: user=0.02 sys=0.00, real=0.00 secs] 
105.662: Total time for which application threads were stopped: 0.0037820 seconds, Stopping threads took: 0.0000830 seconds
105.693: Application time: 0.0312330 seconds
105.696: [GC [PSYoungGen: 101264K->7888K(107520K)] 169716K->76340K(352768K), 0.0031010 secs] [Times: user=0.02 sys=0.00, real=0.00 secs] 
105.700: Total time for which application threads were stopped: 0.0065400 seconds, Stopping threads took: 0.0033420 seconds
105.726: Application time: 0.0260590 seconds
105.726: [GC [PSYoungGen: 100048K->9792K(107520K)] 168500K->78244K(352768K), 0.0038330 secs] [Times: user=0.03 sys=0.00, real=0.01 secs] 
105.730: Total time for which application threads were stopped: 0.0040140 seconds, Stopping threads took: 0.0000820 seconds
105.769: Application time: 0.0390910 seconds
105.769: [GC [PSYoungGen: 101952K->8080K(107520K)] 170404K->76532K(352768K), 0.0031670 secs] [Times: user=0.02 sys=0.00, real=0.00 secs] 
105.772: Total time for which application threads were stopped: 0.0033450 seconds, Stopping threads took: 0.0000820 seconds
105.798: Application time: 0.0263180 seconds
105.799: [GC [PSYoungGen: 100240K->7696K(107520K)] 168692K->76148K(352768K), 0.0030540 secs] [Times: user=0.02 sys=0.00, real=0.00 secs] 
105.802: Total time for which application threads were stopped: 0.0032440 seconds, Stopping threads took: 0.0000980 seconds
105.838: Application time: 0.0360300 seconds
105.838: [GC [PSYoungGen: 99856K->8336K(107520K)] 168308K->76788K(352768K), 0.0032180 secs] [Times: user=0.02 sys=0.00, real=0.00 secs] 
105.841: Total time for which application threads were stopped: 0.0034150 seconds, Stopping threads took: 0.0000980 seconds
105.870: Application time: 0.0287750 seconds
105.870: [GC [PSYoungGen: 100496K->7920K(107520K)] 168948K->76372K(352768K), 0.0031030 secs] [Times: user=0.02 sys=0.00, real=0.00 secs] 
105.873: Total time for which application threads were stopped: 0.0032650 seconds, Stopping threads took: 0.0000650 seconds
105.897: Application time: 0.0241970 seconds
105.897: [GC [PSYoungGen: 100080K->7856K(107520K)] 168532K->76308K(352768K), 0.0030490 secs] [Times: user=0.02 sys=0.00, real=0.00 secs] 
105.901: Total time for which application threads were stopped: 0.0032260 seconds, Stopping threads took: 0.0000800 seconds
105.937: Application time: 0.0364090 seconds
105.937: [GC [PSYoungGen: 100016K->8400K(107520K)] 168468K->76852K(352768K), 0.0032050 secs] [Times: user=0.03 sys=0.00, real=0.00 secs] 
105.940: Total time for which application threads were stopped: 0.0033980 seconds, Stopping threads took: 0.0000980 seconds
105.965: Application time: 0.0242860 seconds
105.965: [GC [PSYoungGen: 100560K->7872K(107520K)] 169012K->76324K(352768K), 0.0030330 secs] [Times: user=0.02 sys=0.00, real=0.00 secs] 
105.968: Total time for which application threads were stopped: 0.0032250 seconds, Stopping threads took: 0.0000960 seconds
106.004: Application time: 0.0359910 seconds
106.004: [GC [PSYoungGen: 100032K->10928K(107520K)] 168484K->79380K(352768K), 0.0041270 secs] [Times: user=0.03 sys=0.00, real=0.00 secs] 
106.008: Total time for which application threads were stopped: 0.0043380 seconds, Stopping threads took: 0.0000950 seconds
106.038: Application time: 0.0298960 seconds
106.038: [GC [PSYoungGen: 103088K->7904K(107520K)] 171540K->76356K(352768K), 0.0032010 secs] [Times: user=0.02 sys=0.00, real=0.00 secs] 
106.042: Total time for which application threads were stopped: 0.0033880 seconds, Stopping threads took: 0.0000900 seconds
106.072: Application time: 0.0301330 seconds
106.072: [GC [PSYoungGen: 100064K->8896K(107520K)] 168516K->77348K(352768K), 0.0034480 secs] [Times: user=0.02 sys=0.00, real=0.00 secs] 
106.075: Total time for which application threads were stopped: 0.0036480 seconds, Stopping threads took: 0.0001030 seconds
106.111: Application time: 0.0356590 seconds
106.111: [GC [PSYoungGen: 101056K->8160K(107520K)] 169508K->76692K(352768K), 0.0032560 secs] [Times: user=0.02 sys=0.00, real=0.00 secs] 
106.114: Total time for which application threads were stopped: 0.0034460 seconds, Stopping threads took: 0.0000900 seconds
106.139: Application time: 0.0241930 seconds
106.139: [GC [PSYoungGen: 100320K->7952K(107520K)] 168852K->76484K(352768K), 0.0031900 secs] [Times: user=0.02 sys=0.00, real=0.00 secs] 
106.142: Total time for which application threads were stopped: 0.0033540 seconds, Stopping threads took: 0.0000630 seconds
106.175: Application time: 0.0329230 seconds
106.175: [GC [PSYoungGen: 100112K->11232K(107520K)] 168644K->79856K(352768K), 0.0045540 secs] [Times: user=0.03 sys=0.00, real=0.01 secs] 
106.180: Total time for which application threads were stopped: 0.0047470 seconds, Stopping threads took: 0.0000930 seconds
106.208: Application time: 0.0282110 seconds
106.208: [GC [PSYoungGen: 103392K->7856K(107520K)] 172016K->76480K(352768K), 0.0030740 secs] [Times: user=0.02 sys=0.00, real=0.01 secs] 
106.211: Total time for which application threads were stopped: 0.0032440 seconds, Stopping threads took: 0.0000720 seconds
106.240: Application time: 0.0292400 seconds
106.240: [GC [PSYoungGen: 100016K->7856K(107520K)] 168640K->76560K(352768K), 0.0030830 secs] [Times: user=0.02 sys=0.00, real=0.00 secs] 
106.244: Total time for which application threads were stopped: 0.0032470 seconds, Stopping threads took: 0.0000720 seconds
106.280: Application time: 0.0367050 seconds
106.280: [GC [PSYoungGen: 100016K->7632K(107520K)] 168720K->76336K(352768K), 0.0030470 secs] [Times: user=0.02 sys=0.00, real=0.00 secs] 
106.284: Total time for which application threads were stopped: 0.0032350 seconds, Stopping threads took: 0.0000960 seconds
106.310: Application time: 0.0264670 seconds
106.312: [GC [PSYoungGen: 99792K->7712K(107520K)] 168496K->76416K(352768K), 0.0031390 secs] [Times: user=0.02 sys=0.00, real=0.00 secs] 
106.316: Total time for which application threads were stopped: 0.0056060 seconds, Stopping threads took: 0.0023690 seconds
106.354: Application time: 0.0383740 seconds
106.354: [GC [PSYoungGen: 99872K->7856K(107520K)] 168576K->76616K(352768K), 0.0030920 secs] [Times: user=0.03 sys=0.00, real=0.01 secs] 
106.357: Total time for which application threads were stopped: 0.0033210 seconds, Stopping threads took: 0.0001340 seconds
106.382: Application time: 0.0251710 seconds
106.383: [GC [PSYoungGen: 100016K->7760K(107520K)] 168776K->76569K(352768K), 0.0030890 secs] [Times: user=0.02 sys=0.00, real=0.00 secs] 
106.386: Total time for which application threads were stopped: 0.0032600 seconds, Stopping threads took: 0.0000740 seconds
106.413: Application time: 0.0273780 seconds
106.413: [GC [PSYoungGen: 99920K->8064K(107520K)] 168729K->76872K(352768K), 0.0031380 secs] [Times: user=0.02 sys=0.00, real=0.01 secs] 
106.416: Total time for which application threads were stopped: 0.0033200 seconds, Stopping threads took: 0.0000850 seconds
106.450: Application time: 0.0339060 seconds
106.450: [GC [PSYoungGen: 100224K->9696K(107520K)] 169032K->78504K(352768K), 0.0037880 secs] [Times: user=0.03 sys=0.00, real=0.00 secs] 
106.454: Total time for which application threads were stopped: 0.0039800 seconds, Stopping threads took: 0.0000930 seconds
106.479: Application time: 0.0251660 seconds
106.480: [GC [PSYoungGen: 101856K->9504K(107520K)] 170664K->78312K(352768K), 0.0036900 secs] [Times: user=0.02 sys=0.00, real=0.00 secs] 
106.483: Total time for which application threads were stopped: 0.0039070 seconds, Stopping threads took: 0.0001150 seconds
106.522: Application time: 0.0382220 seconds
106.522: [GC [PSYoungGen: 101664K->9728K(107520K)] 170472K->78536K(352768K), 0.0038140 secs] [Times: user=0.02 sys=0.00, real=0.00 secs] 
106.526: Total time for which application threads were stopped: 0.0040030 seconds, Stopping threads took: 0.0000760 seconds
106.554: Application time: 0.0284640 seconds
106.554: [GC [PSYoungGen: 101888K->7888K(107520K)] 170696K->76696K(352768K), 0.0031450 secs] [Times: user=0.02 sys=0.00, real=0.01 secs] 
106.557: Total time for which application threads were stopped: 0.0033230 seconds, Stopping threads took: 0.0000800 seconds
106.589: Application time: 0.0317830 seconds
106.589: [GC [PSYoungGen: 100048K->9840K(107520K)] 168856K->78648K(352768K), 0.0038380 secs] [Times: user=0.03 sys=0.00, real=0.00 secs] 
106.593: Total time for which application threads were stopped: 0.0040460 seconds, Stopping threads took: 0.0001100 seconds
106.627: Application time: 0.0340810 seconds
106.627: [GC [PSYoungGen: 102000K->7936K(107520K)] 170808K->76744K(352768K), 0.0031320 secs] [Times: user=0.02 sys=0.00, real=0.01 secs] 
106.631: Total time for which application threads were stopped: 0.0033380 seconds, Stopping threads took: 0.0001120 seconds
106.654: Application time: 0.0230840 seconds
106.654: [GC [PSYoungGen: 100096K->7856K(107520K)] 168904K->76664K(352768K), 0.0031500 secs] [Times: user=0.02 sys=0.00, real=0.01 secs] 
106.657: Total time for which application threads were stopped: 0.0033230 seconds, Stopping threads took: 0.0000770 seconds
106.689: Application time: 0.0320900 seconds
106.689: [GC [PSYoungGen: 100016K->11712K(107520K)] 168824K->80521K(352768K), 0.0045510 secs] [Times: user=0.03 sys=0.00, real=0.00 secs] 
106.694: Total time for which application threads were stopped: 0.0047210 seconds, Stopping threads took: 0.0000690 seconds
106.724: Application time: 0.0296970 seconds
106.724: [GC [PSYoungGen: 103872K->7856K(107520K)] 172681K->76664K(352768K), 0.0031410 secs] [Times: user=0.02 sys=0.00, real=0.00 secs] 
106.727: Total time for which application threads were stopped: 0.0033010 seconds, Stopping threads took: 0.0000660 seconds
106.758: Application time: 0.0315450 seconds
106.759: [GC [PSYoungGen: 100016K->9616K(107520K)] 168824K->78424K(352768K), 0.0038360 secs] [Times: user=0.03 sys=0.00, real=0.00 secs] 
106.762: Total time for which application threads were stopped: 0.0040310 seconds, Stopping threads took: 0.0000950 seconds
106.797: Application time: 0.0349810 seconds
106.798: [GC [PSYoungGen: 101776K->7792K(107520K)] 170584K->76600K(352768K), 0.0030170 secs] [Times: user=0.02 sys=0.00, real=0.00 secs] 
106.801: Total time for which application threads were stopped: 0.0032380 seconds, Stopping threads took: 0.0001250 seconds
106.827: Application time: 0.0262510 seconds
106.828: [GC [PSYoungGen: 99952K->7680K(107520K)] 168760K->76488K(352768K), 0.0030280 secs] [Times: user=0.02 sys=0.00, real=0.00 secs] 
106.831: Total time for which application threads were stopped: 0.0045000 seconds, Stopping threads took: 0.0013780 seconds
106.869: Application time: 0.0379200 seconds
106.870: [GC [PSYoungGen: 99840K->8208K(107520K)] 168648K->77105K(352768K), 0.0032080 secs] [Times: user=0.02 sys=0.00, real=0.00 secs] 
106.873: Total time for which application threads were stopped: 0.0033910 seconds, Stopping threads took: 0.0000880 seconds
106.899: Application time: 0.0257740 seconds
106.899: [GC [PSYoungGen: 100368K->7888K(107520K)] 169265K->76785K(352768K), 0.0030790 secs] [Times: user=0.02 sys=0.00, real=0.00 secs] 
106.902: Total time for which application threads were stopped: 0.0032430 seconds, Stopping threads took: 0.0000670 seconds
106.930: Application time: 0.0278140 seconds
106.930: [GC [PSYoungGen: 100048K->7920K(107520K)] 168945K->76913K(352768K), 0.0031950 secs] [Times: user=0.02 sys=0.00, real=0.00 secs] 
106.933: Total time for which application threads were stopped: 0.0033770 seconds, Stopping threads took: 0.0000870 seconds
106.965: Application time: 0.0319870 seconds
106.965: [GC [PSYoungGen: 100080K->8256K(107520K)] 169073K->77249K(352768K), 0.0031480 secs] [Times: user=0.02 sys=0.00, real=0.01 secs] 
106.968: Total time for which application threads were stopped: 0.0033450 seconds, Stopping threads took: 0.0000950 seconds
106.995: Application time: 0.0264870 seconds
106.996: [GC [PSYoungGen: 100416K->9424K(107520K)] 169409K->78473K(352768K), 0.0038090 secs] [Times: user=0.02 sys=0.00, real=0.00 secs] 
107.000: Total time for which application threads were stopped: 0.0054580 seconds, Stopping threads took: 0.0015520 seconds
107.039: Application time: 0.0383000 seconds
107.039: [GC [PSYoungGen: 101584K->8528K(107520K)] 170633K->77625K(352768K), 0.0033170 secs] [Times: user=0.02 sys=0.00, real=0.00 secs] 
107.042: Total time for which application threads were stopped: 0.0035530 seconds, Stopping threads took: 0.0001150 seconds
107.070: Application time: 0.0279470 seconds
107.070: [GC [PSYoungGen: 100688K->7792K(107520K)] 169785K->76889K(352768K), 0.0030500 secs] [Times: user=0.02 sys=0.00, real=0.00 secs] 
107.073: Total time for which application threads were stopped: 0.0032170 seconds, Stopping threads took: 0.0000720 seconds
107.107: Application time: 0.0335470 seconds
107.107: [GC [PSYoungGen: 99952K->11408K(107520K)] 169049K->80561K(352768K), 0.0045190 secs] [Times: user=0.04 sys=0.00, real=0.01 secs] 
107.112: Total time for which application threads were stopped: 0.0047070 seconds, Stopping threads took: 0.0000900 seconds
107.142: Application time: 0.0303050 seconds
107.142: [GC [PSYoungGen: 103568K->7856K(107520K)] 172721K->77057K(352768K), 0.0031140 secs] [Times: user=0.02 sys=0.00, real=0.00 secs] 
107.145: Total time for which application threads were stopped: 0.0032990 seconds, Stopping threads took: 0.0000900 seconds
107.170: Application time: 0.0251740 seconds
107.170: [GC [PSYoungGen: 100016K->7920K(107520K)] 169217K->77121K(352768K), 0.0031040 secs] [Times: user=0.02 sys=0.00, real=0.00 secs] 
107.174: Total time for which application threads were stopped: 0.0032900 seconds, Stopping threads took: 0.0000890 seconds
107.208: Application time: 0.0343910 seconds
107.208: [GC [PSYoungGen: 100080K->10608K(107520K)] 169281K->79809K(352768K), 0.0039820 secs] [Times: user=0.03 sys=0.00, real=0.01 secs] 
107.212: Total time for which application threads were stopped: 0.0041520 seconds, Stopping threads took: 0.0000720 seconds
107.239: Application time: 0.0270340 seconds
107.239: [GC [PSYoungGen: 102768K->7616K(107520K)] 171969K->76817K(352768K), 0.0030690 secs] [Times: user=0.02 sys=0.00, real=0.00 secs] 
107.243: Total time for which application threads were stopped: 0.0032880 seconds, Stopping threads took: 0.0001240 seconds
107.278: Application time: 0.0351410 seconds
107.278: [GC [PSYoungGen: 99776K->8384K(107520K)] 168977K->77585K(352768K), 0.0033120 secs] [Times: user=0.02 sys=0.00, real=0.00 secs] 
107.281: Total time for which application threads were stopped: 0.0035060 seconds, Stopping threads took: 0.0000950 seconds
107.312: Application time: 0.0306740 seconds
107.312: [GC [PSYoungGen: 100544K->7952K(107520K)] 169745K->77153K(352768K), 0.0030950 secs] [Times: user=0.02 sys=0.00, real=0.00 secs] 
107.315: Total time for which application threads were stopped: 0.0032850 seconds, Stopping threads took: 0.0000940 seconds
107.346: Application time: 0.0306600 seconds
107.346: [GC [PSYoungGen: 100112K->7712K(107520K)] 169313K->76913K(352768K), 0.0031290 secs] [Times: user=0.01 sys=0.00, real=0.01 secs] 
107.349: Total time for which application threads were stopped: 0.0033000 seconds, Stopping threads took: 0.0000790 seconds
107.385: Application time: 0.0358030 seconds
107.385: [GC [PSYoungGen: 99872K->7856K(107520K)] 169073K->77057K(352768K), 0.0031150 secs] [Times: user=0.02 sys=0.00, real=0.00 secs] 
107.388: Total time for which application threads were stopped: 0.0032510 seconds, Stopping threads took: 0.0000440 seconds
107.413: Application time: 0.0250630 seconds
107.413: [GC [PSYoungGen: 100016K->8016K(107520K)] 169217K->77217K(352768K), 0.0031230 secs] [Times: user=0.02 sys=0.00, real=0.01 secs] 
107.417: Total time for which application threads were stopped: 0.0033330 seconds, Stopping threads took: 0.0001150 seconds
107.447: Application time: 0.0307950 seconds
107.447: [GC [PSYoungGen: 100176K->9632K(107520K)] 169377K->78833K(352768K), 0.0037920 secs] [Times: user=0.02 sys=0.00, real=0.01 secs] 
107.451: Total time for which application threads were stopped: 0.0039850 seconds, Stopping threads took: 0.0000960 seconds
107.482: Application time: 0.0302900 seconds
107.482: [GC [PSYoungGen: 101792K->8400K(107520K)] 170993K->77601K(352768K), 0.0032540 secs] [Times: user=0.02 sys=0.00, real=0.00 secs] 
107.485: Total time for which application threads were stopped: 0.0034540 seconds, Stopping threads took: 0.0001050 seconds
107.512: Application time: 0.0269070 seconds
107.512: [GC [PSYoungGen: 100560K->10256K(107520K)] 169761K->79457K(352768K), 0.0039440 secs] [Times: user=0.03 sys=0.00, real=0.00 secs] 
107.516: Total time for which application threads were stopped: 0.0041560 seconds, Stopping threads took: 0.0001120 seconds
107.555: Application time: 0.0384210 seconds
107.555: [GC [PSYoungGen: 102416K->8240K(107520K)] 171617K->77441K(352768K), 0.0031770 secs] [Times: user=0.03 sys=0.00, real=0.01 secs] 
107.558: Total time for which application threads were stopped: 0.0033640 seconds, Stopping threads took: 0.0000720 seconds
107.584: Application time: 0.0263530 seconds
107.584: [GC [PSYoungGen: 100400K->8064K(107520K)] 169601K->77265K(352768K), 0.0031370 secs] [Times: user=0.02 sys=0.00, real=0.00 secs] 
107.588: Total time for which application threads were stopped: 0.0033420 seconds, Stopping threads took: 0.0001130 seconds
107.625: Application time: 0.0374510 seconds
107.625: [GC [PSYoungGen: 100224K->8400K(107520K)] 169425K->77689K(352768K), 0.0032440 secs] [Times: user=0.02 sys=0.00, real=0.01 secs] 
107.629: Total time for which application threads were stopped: 0.0034450 seconds, Stopping threads took: 0.0001050 seconds
107.656: Application time: 0.0273710 seconds
107.656: [GC [PSYoungGen: 100560K->7680K(107520K)] 169849K->76969K(352768K), 0.0030860 secs] [Times: user=0.02 sys=0.00, real=0.01 secs] 
107.659: Total time for which application threads were stopped: 0.0032910 seconds, Stopping threads took: 0.0001070 seconds
107.685: Application time: 0.0257870 seconds
107.688: [GC [PSYoungGen: 99840K->8224K(107520K)] 169129K->77569K(352768K), 0.0032560 secs] [Times: user=0.03 sys=0.00, real=0.00 secs] 
107.692: Total time for which application threads were stopped: 0.0067310 seconds, Stopping threads took: 0.0033790 seconds
107.726: Application time: 0.0346810 seconds
107.727: [GC [PSYoungGen: 100384K->10080K(107520K)] 169729K->79473K(352768K), 0.0038850 secs] [Times: user=0.03 sys=0.00, real=0.01 secs] 
107.731: Total time for which application threads were stopped: 0.0040890 seconds, Stopping threads took: 0.0001060 seconds
107.755: Application time: 0.0240460 seconds
107.755: [GC [PSYoungGen: 102240K->7824K(107520K)] 171633K->77217K(352768K), 0.0030440 secs] [Times: user=0.02 sys=0.00, real=0.01 secs] 
107.758: Total time for which application threads were stopped: 0.0032390 seconds, Stopping threads took: 0.0000980 seconds
107.795: Application time: 0.0367520 seconds
107.795: [GC [PSYoungGen: 99984K->11568K(107520K)] 169377K->81045K(352768K), 0.0046240 secs] [Times: user=0.03 sys=0.00, real=0.01 secs] 
107.799: Total time for which application threads were stopped: 0.0048330 seconds, Stopping threads took: 0.0001080 seconds
107.829: Application time: 0.0294240 seconds
107.829: [GC [PSYoungGen: 103728K->7776K(107520K)] 173205K->77253K(352768K), 0.0030040 secs] [Times: user=0.02 sys=0.00, real=0.00 secs] 
107.832: Total time for which application threads were stopped: 0.0031730 seconds, Stopping threads took: 0.0000740 seconds
107.863: Application time: 0.0309040 seconds
107.863: [GC [PSYoungGen: 99936K->11120K(107520K)] 169413K->80645K(352768K), 0.0044420 secs] [Times: user=0.03 sys=0.00, real=0.00 secs] 
107.868: Total time for which application threads were stopped: 0.0046300 seconds, Stopping threads took: 0.0000870 seconds
107.904: Application time: 0.0364150 seconds
107.904: [GC [PSYoungGen: 103280K->7808K(107520K)] 172805K->77333K(352768K), 0.0030550 secs] [Times: user=0.02 sys=0.00, real=0.00 secs] 
107.907: Total time for which application threads were stopped: 0.0032490 seconds, Stopping threads took: 0.0000980 seconds
107.930: Application time: 0.0232520 seconds
107.931: [GC [PSYoungGen: 99968K->7632K(107520K)] 169493K->77213K(352768K), 0.0031340 secs] [Times: user=0.02 sys=0.00, real=0.00 secs] 
107.934: Total time for which application threads were stopped: 0.0033040 seconds, Stopping threads took: 0.0000760 seconds
107.968: Application time: 0.0347140 seconds
107.969: [GC [PSYoungGen: 99792K->9632K(107520K)] 169373K->79213K(352768K), 0.0038220 secs] [Times: user=0.02 sys=0.00, real=0.00 secs] 
107.973: Total time for which application threads were stopped: 0.0040200 seconds, Stopping threads took: 0.0001020 seconds
108.000: Application time: 0.0271820 seconds
108.000: [GC [PSYoungGen: 101792K->7936K(107520K)] 171373K->77517K(352768K), 0.0030120 secs] [Times: user=0.02 sys=0.00, real=0.00 secs] 
108.003: Total time for which application threads were stopped: 0.0031670 seconds, Stopping threads took: 0.0000590 seconds
108.032: Application time: 0.0289530 seconds
108.032: [GC [PSYoungGen: 100096K->8544K(107520K)] 169677K->78125K(352768K), 0.0032320 secs] [Times: user=0.02 sys=0.00, real=0.00 secs] 
108.035: Total time for which application threads were stopped: 0.0034160 seconds, Stopping threads took: 0.0000880 seconds
108.070: Application time: 0.0344870 seconds
108.070: [GC [PSYoungGen: 100704K->8192K(107520K)] 170285K->77773K(352768K), 0.0032180 secs] [Times: user=0.02 sys=0.00, real=0.00 secs] 
108.075: Total time for which application threads were stopped: 0.0048820 seconds, Stopping threads took: 0.0000900 seconds
108.104: Application time: 0.0296750 seconds
108.104: [GC [PSYoungGen: 100352K->8112K(107520K)] 169933K->77693K(352768K), 0.0032880 secs] [Times: user=0.02 sys=0.00, real=0.00 secs] 
108.108: Total time for which application threads were stopped: 0.0034730 seconds, Stopping threads took: 0.0000900 seconds
108.145: Application time: 0.0370510 seconds
108.145: [GC [PSYoungGen: 100272K->8080K(107520K)] 169853K->77661K(352768K), 0.0031790 secs] [Times: user=0.02 sys=0.00, real=0.00 secs] 
108.148: Total time for which application threads were stopped: 0.0033680 seconds, Stopping threads took: 0.0000920 seconds
108.176: Application time: 0.0276860 seconds
108.176: [GC [PSYoungGen: 100240K->7952K(107520K)] 169821K->77533K(352768K), 0.0031510 secs] [Times: user=0.02 sys=0.00, real=0.01 secs] 
108.179: Total time for which application threads were stopped: 0.0033570 seconds, Stopping threads took: 0.0001100 seconds
108.206: Application time: 0.0266440 seconds
108.206: [GC [PSYoungGen: 100112K->7840K(107520K)] 169693K->77421K(352768K), 0.0030790 secs] [Times: user=0.02 sys=0.00, real=0.01 secs] 
108.209: Total time for which application threads were stopped: 0.0032500 seconds, Stopping threads took: 0.0000720 seconds
108.242: Application time: 0.0327420 seconds
108.242: [GC [PSYoungGen: 100000K->10832K(107520K)] 169581K->80413K(352768K), 0.0057530 secs] [Times: user=0.04 sys=0.00, real=0.00 secs] 
108.248: Total time for which application threads were stopped: 0.0059400 seconds, Stopping threads took: 0.0000910 seconds
108.273: Application time: 0.0251790 seconds
108.273: [GC [PSYoungGen: 102992K->8352K(107520K)] 172573K->77933K(352768K), 0.0032540 secs] [Times: user=0.02 sys=0.00, real=0.01 secs] 
108.276: Total time for which application threads were stopped: 0.0034320 seconds, Stopping threads took: 0.0000800 seconds
108.314: Application time: 0.0371300 seconds
108.314: [GC [PSYoungGen: 100512K->8944K(107520K)] 170093K->78525K(352768K), 0.0033680 secs] [Times: user=0.03 sys=0.00, real=0.01 secs] 
108.317: Total time for which application threads were stopped: 0.0035280 seconds, Stopping threads took: 0.0000620 seconds
108.345: Application time: 0.0282310 seconds
108.345: [GC [PSYoungGen: 101104K->7792K(107520K)] 170685K->77373K(352768K), 0.0030290 secs] [Times: user=0.02 sys=0.01, real=0.01 secs] 
108.349: Total time for which application threads were stopped: 0.0032230 seconds, Stopping threads took: 0.0000960 seconds
108.383: Application time: 0.0340190 seconds
108.383: [GC [PSYoungGen: 99952K->8624K(107520K)] 169533K->78293K(352768K), 0.0033820 secs] [Times: user=0.02 sys=0.00, real=0.00 secs] 
108.386: Total time for which application threads were stopped: 0.0035540 seconds, Stopping threads took: 0.0000740 seconds
108.419: Application time: 0.0325980 seconds
108.419: [GC [PSYoungGen: 100784K->7696K(107520K)] 170453K->77365K(352768K), 0.0030920 secs] [Times: user=0.02 sys=0.00, real=0.00 secs] 
108.422: Total time for which application threads were stopped: 0.0033000 seconds, Stopping threads took: 0.0001050 seconds
108.446: Application time: 0.0236040 seconds
108.446: [GC [PSYoungGen: 99856K->7696K(107520K)] 169525K->77365K(352768K), 0.0030220 secs] [Times: user=0.02 sys=0.00, real=0.01 secs] 
108.449: Total time for which application threads were stopped: 0.0032000 seconds, Stopping threads took: 0.0000830 seconds
108.483: Application time: 0.0339160 seconds
108.483: [GC [PSYoungGen: 99856K->10016K(107520K)] 169525K->79765K(352768K), 0.0038770 secs] [Times: user=0.03 sys=0.00, real=0.00 secs] 
108.487: Total time for which application threads were stopped: 0.0040390 seconds, Stopping threads took: 0.0000630 seconds
108.513: Application time: 0.0258480 seconds
108.513: [GC [PSYoungGen: 102176K->8288K(107520K)] 171925K->78037K(352768K), 0.0031460 secs] [Times: user=0.03 sys=0.00, real=0.00 secs] 
108.516: Total time for which application threads were stopped: 0.0033380 seconds, Stopping threads took: 0.0000980 seconds
108.551: Application time: 0.0345540 seconds
108.551: [GC [PSYoungGen: 100448K->9632K(107520K)] 170197K->79457K(352768K), 0.0036970 secs] [Times: user=0.03 sys=0.00, real=0.00 secs] 
108.554: Total time for which application threads were stopped: 0.0038670 seconds, Stopping threads took: 0.0000720 seconds
108.585: Application time: 0.0304260 seconds
108.585: [GC [PSYoungGen: 101792K->7712K(107520K)] 171617K->77537K(352768K), 0.0031010 secs] [Times: user=0.02 sys=0.00, real=0.00 secs] 
108.588: Total time for which application threads were stopped: 0.0032980 seconds, Stopping threads took: 0.0000790 seconds
108.620: Application time: 0.0321370 seconds
108.620: [GC [PSYoungGen: 99872K->8256K(107520K)] 169697K->78081K(352768K), 0.0031510 secs] [Times: user=0.01 sys=0.00, real=0.00 secs] 
108.624: Total time for which application threads were stopped: 0.0033230 seconds, Stopping threads took: 0.0000790 seconds
108.660: Application time: 0.0362790 seconds
108.660: [GC [PSYoungGen: 100416K->7744K(107520K)] 170241K->77617K(352768K), 0.0030220 secs] [Times: user=0.02 sys=0.00, real=0.00 secs] 
108.663: Total time for which application threads were stopped: 0.0031950 seconds, Stopping threads took: 0.0000770 seconds
108.689: Application time: 0.0256410 seconds
108.689: [GC [PSYoungGen: 99904K->7632K(107520K)] 169777K->77553K(352768K), 0.0030970 secs] [Times: user=0.02 sys=0.00, real=0.00 secs] 
108.692: Total time for which application threads were stopped: 0.0032520 seconds, Stopping threads took: 0.0000620 seconds
108.721: Application time: 0.0290610 seconds
108.721: [GC [PSYoungGen: 99792K->7680K(107520K)] 169713K->77601K(352768K), 0.0029730 secs] [Times: user=0.02 sys=0.00, real=0.00 secs] 
108.724: Total time for which application threads were stopped: 0.0031500 seconds, Stopping threads took: 0.0000810 seconds
108.756: Application time: 0.0316800 seconds
108.756: [GC [PSYoungGen: 99840K->8544K(107520K)] 169761K->78465K(352768K), 0.0032660 secs] [Times: user=0.02 sys=0.00, real=0.00 secs] 
108.760: Total time for which application threads were stopped: 0.0038510 seconds, Stopping threads took: 0.0004860 seconds
108.785: Application time: 0.0251060 seconds
108.785: [GC [PSYoungGen: 100704K->9840K(107520K)] 170625K->79761K(352768K), 0.0038190 secs] [Times: user=0.02 sys=0.00, real=0.01 secs] 
108.789: Total time for which application threads were stopped: 0.0039830 seconds, Stopping threads took: 0.0000660 seconds
108.827: Application time: 0.0385020 seconds
108.827: [GC [PSYoungGen: 102000K->8160K(107520K)] 171921K->78081K(352768K), 0.0031750 secs] [Times: user=0.02 sys=0.00, real=0.01 secs] 
108.831: Total time for which application threads were stopped: 0.0033800 seconds, Stopping threads took: 0.0001090 seconds
108.858: Application time: 0.0277340 seconds
108.859: [GC [PSYoungGen: 100320K->7872K(107520K)] 170241K->77793K(352768K), 0.0030940 secs] [Times: user=0.02 sys=0.00, real=0.00 secs] 
108.862: Total time for which application threads were stopped: 0.0032950 seconds, Stopping threads took: 0.0001060 seconds
108.898: Application time: 0.0358620 seconds
108.898: [GC [PSYoungGen: 100032K->9472K(107520K)] 169953K->79393K(352768K), 0.0038240 secs] [Times: user=0.02 sys=0.00, real=0.00 secs] 
108.902: Total time for which application threads were stopped: 0.0040080 seconds, Stopping threads took: 0.0000860 seconds
108.931: Application time: 0.0294400 seconds
108.931: [GC [PSYoungGen: 101632K->8016K(107520K)] 171553K->77937K(352768K), 0.0031230 secs] [Times: user=0.02 sys=0.00, real=0.00 secs] 
108.934: Total time for which application threads were stopped: 0.0033090 seconds, Stopping threads took: 0.0000890 seconds
108.959: Application time: 0.0248690 seconds
108.959: [GC [PSYoungGen: 100176K->7856K(107520K)] 170097K->77777K(352768K), 0.0031910 secs] [Times: user=0.02 sys=0.00, real=0.00 secs] 
108.963: Total time for which application threads were stopped: 0.0033660 seconds, Stopping threads took: 0.0000800 seconds
108.996: Application time: 0.0337220 seconds
108.996: [GC [PSYoungGen: 100016K->11632K(107520K)] 169937K->81553K(352768K), 0.0045240 secs] [Times: user=0.03 sys=0.00, real=0.00 secs] 
109.001: Total time for which application threads were stopped: 0.0046900 seconds, Stopping threads took: 0.0000680 seconds
109.027: Application time: 0.0264440 seconds
109.028: [GC [PSYoungGen: 103792K->7776K(107520K)] 173713K->77697K(352768K), 0.0030500 secs] [Times: user=0.02 sys=0.00, real=0.01 secs] 
109.031: Total time for which application threads were stopped: 0.0032200 seconds, Stopping threads took: 0.0000730 seconds
109.066: Application time: 0.0349090 seconds
109.066: [GC [PSYoungGen: 99936K->11760K(107520K)] 169857K->81681K(352768K), 0.0045570 secs] [Times: user=0.03 sys=0.00, real=0.01 secs] 
109.070: Total time for which application threads were stopped: 0.0047520 seconds, Stopping threads took: 0.0000980 seconds
109.101: Application time: 0.0309130 seconds
109.101: [GC [PSYoungGen: 103920K->8064K(107520K)] 173841K->77985K(352768K), 0.0032200 secs] [Times: user=0.02 sys=0.00, real=0.00 secs] 
109.105: Total time for which application threads were stopped: 0.0034130 seconds, Stopping threads took: 0.0000760 seconds
109.136: Application time: 0.0308460 seconds
109.136: [GC [PSYoungGen: 100224K->9488K(107520K)] 170145K->79457K(352768K), 0.0037560 secs] [Times: user=0.03 sys=0.00, real=0.01 secs] 
109.139: Total time for which application threads were stopped: 0.0039440 seconds, Stopping threads took: 0.0000900 seconds
109.176: Application time: 0.0361900 seconds
109.176: [GC [PSYoungGen: 101648K->7664K(107520K)] 171617K->77689K(352768K), 0.0030270 secs] [Times: user=0.02 sys=0.00, real=0.01 secs] 
109.179: Total time for which application threads were stopped: 0.0031870 seconds, Stopping threads took: 0.0000620 seconds
109.204: Application time: 0.0247340 seconds
109.204: [GC [PSYoungGen: 99824K->7712K(107520K)] 169849K->77737K(352768K), 0.0031080 secs] [Times: user=0.02 sys=0.00, real=0.00 secs] 
109.208: Total time for which application threads were stopped: 0.0040090 seconds, Stopping threads took: 0.0008040 seconds
109.239: Application time: 0.0314940 seconds
109.239: [GC [PSYoungGen: 99872K->9504K(107520K)] 169897K->79625K(352768K), 0.0037510 secs] [Times: user=0.03 sys=0.00, real=0.00 secs] 
109.243: Total time for which application threads were stopped: 0.0039330 seconds, Stopping threads took: 0.0000830 seconds
109.270: Application time: 0.0272120 seconds
109.270: [GC [PSYoungGen: 101664K->9696K(107520K)] 171785K->79817K(352768K), 0.0037500 secs] [Times: user=0.03 sys=0.00, real=0.00 secs] 
109.274: Total time for which application threads were stopped: 0.0039140 seconds, Stopping threads took: 0.0000650 seconds
109.304: Application time: 0.0296940 seconds
109.304: [GC [PSYoungGen: 101856K->9536K(107520K)] 171977K->79734K(352768K), 0.0037170 secs] [Times: user=0.02 sys=0.00, real=0.00 secs] 
109.308: Total time for which application threads were stopped: 0.0038790 seconds, Stopping threads took: 0.0000620 seconds
109.343: Application time: 0.0353400 seconds
109.343: [GC [PSYoungGen: 101696K->7696K(107520K)] 171894K->77893K(352768K), 0.0029810 secs] [Times: user=0.01 sys=0.00, real=0.00 secs] 
109.346: Total time for which application threads were stopped: 0.0031380 seconds, Stopping threads took: 0.0000640 seconds
109.377: Application time: 0.0303980 seconds
109.377: [GC [PSYoungGen: 99856K->9520K(107520K)] 170053K->79717K(352768K), 0.0037920 secs] [Times: user=0.02 sys=0.00, real=0.00 secs] 
109.381: Total time for which application threads were stopped: 0.0039770 seconds, Stopping threads took: 0.0000870 seconds
109.415: Application time: 0.0347950 seconds
109.416: [GC [PSYoungGen: 101680K->9856K(107520K)] 171877K->80109K(352768K), 0.0038490 secs] [Times: user=0.03 sys=0.00, real=0.01 secs] 
109.419: Total time for which application threads were stopped: 0.0040440 seconds, Stopping threads took: 0.0000970 seconds
109.449: Application time: 0.0294280 seconds
109.449: [GC [PSYoungGen: 102016K->7760K(107520K)] 172269K->78061K(352768K), 0.0031020 secs] [Times: user=0.03 sys=0.00, real=0.00 secs] 
109.452: Total time for which application threads were stopped: 0.0032920 seconds, Stopping threads took: 0.0000960 seconds
109.479: Application time: 0.0267730 seconds
109.479: [GC [PSYoungGen: 99920K->7520K(107520K)] 170221K->77821K(352768K), 0.0031010 secs] [Times: user=0.02 sys=0.00, real=0.00 secs] 
109.482: Total time for which application threads were stopped: 0.0032800 seconds, Stopping threads took: 0.0000840 seconds
109.512: Application time: 0.0294050 seconds
109.512: [GC [PSYoungGen: 99680K->9712K(107520K)] 169981K->80014K(352768K), 0.0037610 secs] [Times: user=0.02 sys=0.00, real=0.00 secs] 
109.516: Total time for which application threads were stopped: 0.0039930 seconds, Stopping threads took: 0.0001330 seconds
109.543: Application time: 0.0276940 seconds
109.543: [GC [PSYoungGen: 101872K->8192K(107520K)] 172174K->78493K(352768K), 0.0032590 secs] [Times: user=0.03 sys=0.00, real=0.00 secs] 
109.547: Total time for which application threads were stopped: 0.0034430 seconds, Stopping threads took: 0.0000860 seconds
109.580: Application time: 0.0334670 seconds
109.580: [GC [PSYoungGen: 100352K->10384K(107520K)] 170653K->80686K(352768K), 0.0040920 secs] [Times: user=0.02 sys=0.00, real=0.00 secs] 
109.585: Total time for which application threads were stopped: 0.0042880 seconds, Stopping threads took: 0.0000970 seconds
109.617: Application time: 0.0322300 seconds
109.617: [GC [PSYoungGen: 102544K->7696K(107520K)] 172846K->77998K(352768K), 0.0029930 secs] [Times: user=0.02 sys=0.00, real=0.00 secs] 
109.620: Total time for which application threads were stopped: 0.0032020 seconds, Stopping threads took: 0.0000990 seconds
109.653: Application time: 0.0333380 seconds
109.653: [GC [PSYoungGen: 99856K->7648K(107520K)] 170158K->77950K(352768K), 0.0031250 secs] [Times: user=0.02 sys=0.00, real=0.01 secs] 
109.657: Total time for which application threads were stopped: 0.0033210 seconds, Stopping threads took: 0.0001000 seconds
109.690: Application time: 0.0332360 seconds
109.690: [GC [PSYoungGen: 99808K->8016K(107520K)] 170110K->78317K(352768K), 0.0030850 secs] [Times: user=0.02 sys=0.00, real=0.00 secs] 
109.693: Total time for which application threads were stopped: 0.0032460 seconds, Stopping threads took: 0.0000660 seconds
109.718: Application time: 0.0252150 seconds
109.720: [GC [PSYoungGen: 100176K->7840K(107520K)] 170477K->78142K(352768K), 0.0030970 secs] [Times: user=0.02 sys=0.00, real=0.00 secs] 
109.724: Total time for which application threads were stopped: 0.0052230 seconds, Stopping threads took: 0.0020310 seconds
109.755: Application time: 0.0315150 seconds
109.755: [GC [PSYoungGen: 100000K->8368K(107520K)] 170302K->78670K(352768K), 0.0032110 secs] [Times: user=0.02 sys=0.00, real=0.01 secs] 
109.758: Total time for which application threads were stopped: 0.0034050 seconds, Stopping threads took: 0.0000980 seconds
109.783: Application time: 0.0247580 seconds
109.783: [GC [PSYoungGen: 100528K->9584K(107520K)] 170830K->79885K(352768K), 0.0036740 secs] [Times: user=0.02 sys=0.00, real=0.00 secs] 
109.787: Total time for which application threads were stopped: 0.0038530 seconds, Stopping threads took: 0.0000760 seconds
109.820: Application time: 0.0333570 seconds
109.821: [GC [PSYoungGen: 101744K->13296K(107520K)] 172045K->83598K(352768K), 0.0052470 secs] [Times: user=0.04 sys=0.00, real=0.00 secs] 
109.826: Total time for which application threads were stopped: 0.0053960 seconds, Stopping threads took: 0.0000490 seconds
109.859: Application time: 0.0330210 seconds
109.859: [GC [PSYoungGen: 105456K->8288K(107520K)] 175758K->78590K(352768K), 0.0032080 secs] [Times: user=0.02 sys=0.00, real=0.00 secs] 
109.862: Total time for which application threads were stopped: 0.0033890 seconds, Stopping threads took: 0.0000830 seconds
109.894: Application time: 0.0320320 seconds
109.894: [GC [PSYoungGen: 100448K->9792K(107520K)] 170750K->80093K(352768K), 0.0038780 secs] [Times: user=0.03 sys=0.00, real=0.01 secs] 
109.898: Total time for which application threads were stopped: 0.0040580 seconds, Stopping threads took: 0.0000820 seconds
109.933: Application time: 0.0344240 seconds
109.933: [GC [PSYoungGen: 101952K->9984K(107520K)] 172253K->80374K(352768K), 0.0038730 secs] [Times: user=0.03 sys=0.00, real=0.01 secs] 
109.937: Total time for which application threads were stopped: 0.0040520 seconds, Stopping threads took: 0.0000810 seconds
109.964: Application time: 0.0266990 seconds
109.964: [GC [PSYoungGen: 102144K->7744K(107520K)] 172534K->78134K(352768K), 0.0030910 secs] [Times: user=0.02 sys=0.00, real=0.00 secs] 
109.968: Total time for which application threads were stopped: 0.0040090 seconds, Stopping threads took: 0.0008210 seconds
109.997: Application time: 0.0289880 seconds
109.997: [GC [PSYoungGen: 99904K->9312K(107520K)] 170294K->79790K(352768K), 0.0037160 secs] [Times: user=0.02 sys=0.00, real=0.00 secs] 
110.000: Total time for which application threads were stopped: 0.0039260 seconds, Stopping threads took: 0.0001130 seconds
110.027: Application time: 0.0268800 seconds
110.028: [GC [PSYoungGen: 101472K->9392K(107520K)] 171950K->79926K(352768K), 0.0036900 secs] [Times: user=0.02 sys=0.00, real=0.00 secs] 
110.032: Total time for which application threads were stopped: 0.0047840 seconds, Stopping threads took: 0.0009990 seconds
110.064: Application time: 0.0314990 seconds
110.064: [GC [PSYoungGen: 101552K->7808K(107520K)] 172086K->78342K(352768K), 0.0031210 secs] [Times: user=0.02 sys=0.00, real=0.00 secs] 
110.067: Total time for which application threads were stopped: 0.0032900 seconds, Stopping threads took: 0.0000730 seconds
110.101: Application time: 0.0343110 seconds
110.101: [GC [PSYoungGen: 99968K->7968K(107520K)] 170502K->78558K(352768K), 0.0031640 secs] [Times: user=0.02 sys=0.00, real=0.00 secs] 
110.105: Total time for which application threads were stopped: 0.0033470 seconds, Stopping threads took: 0.0000870 seconds
110.134: Application time: 0.0296940 seconds
110.134: [GC [PSYoungGen: 100128K->8096K(107520K)] 170718K->78686K(352768K), 0.0031660 secs] [Times: user=0.02 sys=0.00, real=0.01 secs] 
110.138: Total time for which application threads were stopped: 0.0033660 seconds, Stopping threads took: 0.0000830 seconds
110.173: Application time: 0.0357320 seconds
110.174: [GC [PSYoungGen: 100256K->8832K(107520K)] 170846K->79422K(352768K), 0.0034440 secs] [Times: user=0.02 sys=0.00, real=0.01 secs] 
110.177: Total time for which application threads were stopped: 0.0036250 seconds, Stopping threads took: 0.0000840 seconds
110.206: Application time: 0.0293340 seconds
110.206: [GC [PSYoungGen: 100992K->7696K(107520K)] 171582K->78334K(352768K), 0.0031630 secs] [Times: user=0.02 sys=0.00, real=0.01 secs] 
110.210: Total time for which application threads were stopped: 0.0033410 seconds, Stopping threads took: 0.0000850 seconds
110.237: Application time: 0.0276630 seconds
110.238: [GC [PSYoungGen: 99856K->7744K(107520K)] 170494K->78430K(352768K), 0.0029960 secs] [Times: user=0.02 sys=0.00, real=0.00 secs] 
110.241: Total time for which application threads were stopped: 0.0031830 seconds, Stopping threads took: 0.0000900 seconds
110.271: Application time: 0.0303650 seconds
110.271: [GC [PSYoungGen: 99904K->7904K(107520K)] 170590K->78590K(352768K), 0.0030730 secs] [Times: user=0.02 sys=0.00, real=0.00 secs] 
110.274: Total time for which application threads were stopped: 0.0032580 seconds, Stopping threads took: 0.0000890 seconds
110.299: Application time: 0.0249180 seconds
110.299: [GC [PSYoungGen: 100064K->10160K(107520K)] 170750K->80846K(352768K), 0.0040470 secs] [Times: user=0.02 sys=0.00, real=0.00 secs] 
110.303: Total time for which application threads were stopped: 0.0042120 seconds, Stopping threads took: 0.0000670 seconds
110.341: Application time: 0.0375170 seconds
110.341: [GC [PSYoungGen: 102320K->8624K(107520K)] 173006K->79310K(352768K), 0.0033060 secs] [Times: user=0.02 sys=0.01, real=0.00 secs] 
110.344: Total time for which application threads were stopped: 0.0035050 seconds, Stopping threads took: 0.0000950 seconds
110.374: Application time: 0.0293070 seconds
110.374: [GC [PSYoungGen: 100784K->7936K(107520K)] 171470K->78622K(352768K), 0.0031490 secs] [Times: user=0.02 sys=0.00, real=0.01 secs] 
110.377: Total time for which application threads were stopped: 0.0033320 seconds, Stopping threads took: 0.0000840 seconds
110.410: Application time: 0.0333660 seconds
110.410: [GC [PSYoungGen: 100096K->9904K(107520K)] 170782K->80590K(352768K), 0.0039390 secs] [Times: user=0.02 sys=0.00, real=0.00 secs] 
110.414: Total time for which application threads were stopped: 0.0041180 seconds, Stopping threads took: 0.0000820 seconds
110.449: Application time: 0.0342180 seconds
110.449: [GC [PSYoungGen: 102064K->7968K(107520K)] 172750K->78654K(352768K), 0.0030720 secs] [Times: user=0.02 sys=0.00, real=0.00 secs] 
110.452: Total time for which application threads were stopped: 0.0032540 seconds, Stopping threads took: 0.0000850 seconds
110.478: Application time: 0.0264150 seconds
110.478: [GC [PSYoungGen: 100128K->7856K(107520K)] 170814K->78542K(352768K), 0.0031490 secs] [Times: user=0.02 sys=0.00, real=0.00 secs] 
110.482: Total time for which application threads were stopped: 0.0033280 seconds, Stopping threads took: 0.0000820 seconds
110.511: Application time: 0.0290510 seconds
110.511: [GC [PSYoungGen: 100016K->9904K(107520K)] 170702K->80590K(352768K), 0.0038480 secs] [Times: user=0.02 sys=0.00, real=0.00 secs] 
110.515: Total time for which application threads were stopped: 0.0040080 seconds, Stopping threads took: 0.0000580 seconds
110.541: Application time: 0.0258270 seconds
110.541: [GC [PSYoungGen: 102064K->9856K(107520K)] 172750K->80542K(352768K), 0.0038640 secs] [Times: user=0.03 sys=0.00, real=0.00 secs] 
110.545: Total time for which application threads were stopped: 0.0040510 seconds, Stopping threads took: 0.0000920 seconds
110.577: Application time: 0.0327840 seconds
110.580: [GC [PSYoungGen: 102016K->10560K(107520K)] 172702K->81246K(352768K), 0.0041100 secs] [Times: user=0.03 sys=0.00, real=0.00 secs] 
110.585: Total time for which application threads were stopped: 0.0071540 seconds, Stopping threads took: 0.0029450 seconds
110.618: Application time: 0.0334730 seconds
110.618: [GC [PSYoungGen: 102720K->8256K(107520K)] 173406K->78942K(352768K), 0.0032030 secs] [Times: user=0.02 sys=0.00, real=0.00 secs] 
110.621: Total time for which application threads were stopped: 0.0033750 seconds, Stopping threads took: 0.0000770 seconds
110.652: Application time: 0.0309220 seconds
110.652: [GC [PSYoungGen: 100416K->7760K(107520K)] 171102K->78446K(352768K), 0.0030930 secs] [Times: user=0.02 sys=0.00, real=0.00 secs] 
110.656: Total time for which application threads were stopped: 0.0032860 seconds, Stopping threads took: 0.0000830 seconds
110.692: Application time: 0.0359440 seconds
110.692: [GC [PSYoungGen: 99920K->9904K(107520K)] 170606K->80678K(352768K), 0.0038850 secs] [Times: user=0.02 sys=0.00, real=0.00 secs] 
110.696: Total time for which application threads were stopped: 0.0040590 seconds, Stopping threads took: 0.0000750 seconds
110.724: Application time: 0.0278690 seconds
110.724: [GC [PSYoungGen: 102064K->7840K(107520K)] 172838K->78614K(352768K), 0.0030930 secs] [Times: user=0.02 sys=0.00, real=0.00 secs] 
110.727: Total time for which application threads were stopped: 0.0032810 seconds, Stopping threads took: 0.0000930 seconds
110.756: Application time: 0.0297060 seconds
110.757: [GC [PSYoungGen: 100000K->7776K(107520K)] 170774K->78638K(352768K), 0.0031880 secs] [Times: user=0.01 sys=0.00, real=0.00 secs] 
110.760: Total time for which application threads were stopped: 0.0033520 seconds, Stopping threads took: 0.0000680 seconds
110.788: Application time: 0.0285200 seconds
110.789: [GC [PSYoungGen: 99936K->8448K(107520K)] 170798K->79310K(352768K), 0.0033500 secs] [Times: user=0.02 sys=0.00, real=0.00 secs] 
110.792: Total time for which application threads were stopped: 0.0035340 seconds, Stopping threads took: 0.0000890 seconds
110.818: Application time: 0.0259390 seconds
110.818: [GC [PSYoungGen: 100608K->9968K(107520K)] 171470K->80878K(352768K), 0.0038290 secs] [Times: user=0.03 sys=0.00, real=0.00 secs] 
110.822: Total time for which application threads were stopped: 0.0040030 seconds, Stopping threads took: 0.0000760 seconds
110.859: Application time: 0.0376460 seconds
110.860: [GC [PSYoungGen: 102128K->7984K(107520K)] 173038K->78942K(352768K), 0.0031890 secs] [Times: user=0.02 sys=0.00, real=0.00 secs] 
110.863: Total time for which application threads were stopped: 0.0033750 seconds, Stopping threads took: 0.0000900 seconds
110.891: Application time: 0.0285310 seconds
110.892: [GC [PSYoungGen: 100144K->7616K(107520K)] 171102K->78574K(352768K), 0.0030210 secs] [Times: user=0.02 sys=0.00, real=0.00 secs] 
110.895: Total time for which application threads were stopped: 0.0032110 seconds, Stopping threads took: 0.0000970 seconds
110.929: Application time: 0.0346310 seconds
110.929: [GC [PSYoungGen: 99776K->7872K(107520K)] 170734K->78830K(352768K), 0.0031630 secs] [Times: user=0.02 sys=0.00, real=0.00 secs] 
110.933: Total time for which application threads were stopped: 0.0033530 seconds, Stopping threads took: 0.0000970 seconds
110.965: Application time: 0.0326260 seconds
110.965: [GC [PSYoungGen: 100032K->7680K(107520K)] 170990K->78694K(352768K), 0.0031050 secs] [Times: user=0.02 sys=0.00, real=0.01 secs] 
110.969: Total time for which application threads were stopped: 0.0032830 seconds, Stopping threads took: 0.0000830 seconds
110.995: Application time: 0.0266960 seconds
110.995: [GC [PSYoungGen: 99840K->7696K(107520K)] 170854K->78758K(352768K), 0.0031150 secs] [Times: user=0.02 sys=0.00, real=0.01 secs] 
110.999: Total time for which application threads were stopped: 0.0033020 seconds, Stopping threads took: 0.0000920 seconds
111.028: Application time: 0.0290590 seconds
111.028: [GC [PSYoungGen: 99856K->10064K(107520K)] 170918K->81126K(352768K), 0.0038690 secs] [Times: user=0.03 sys=0.00, real=0.01 secs] 
111.032: Total time for which application threads were stopped: 0.0040630 seconds, Stopping threads took: 0.0000970 seconds
111.057: Application time: 0.0255730 seconds
111.057: [GC [PSYoungGen: 102224K->9568K(107520K)] 173286K->80630K(352768K), 0.0038490 secs] [Times: user=0.03 sys=0.00, real=0.00 secs] 
111.061: Total time for which application threads were stopped: 0.0040550 seconds, Stopping threads took: 0.0001080 seconds
111.094: Application time: 0.0325700 seconds
111.094: [GC [PSYoungGen: 101728K->13296K(107520K)] 172790K->84358K(352768K), 0.0052360 secs] [Times: user=0.03 sys=0.00, real=0.01 secs] 
111.099: Total time for which application threads were stopped: 0.0054380 seconds, Stopping threads took: 0.0001040 seconds
111.133: Application time: 0.0335750 seconds
111.133: [GC [PSYoungGen: 105456K->8176K(107520K)] 176518K->79238K(352768K), 0.0031670 secs] [Times: user=0.02 sys=0.00, real=0.00 secs] 
111.136: Total time for which application threads were stopped: 0.0033390 seconds, Stopping threads took: 0.0000760 seconds
111.167: Application time: 0.0311750 seconds
111.168: [GC [PSYoungGen: 100336K->7904K(107520K)] 171398K->78966K(352768K), 0.0031080 secs] [Times: user=0.02 sys=0.00, real=0.00 secs] 
111.172: Total time for which application threads were stopped: 0.0041980 seconds, Stopping threads took: 0.0009660 seconds
111.208: Application time: 0.0362250 seconds
111.208: [GC [PSYoungGen: 100064K->8320K(107520K)] 171126K->79382K(352768K), 0.0033110 secs] [Times: user=0.03 sys=0.00, real=0.01 secs] 
111.211: Total time for which application threads were stopped: 0.0035220 seconds, Stopping threads took: 0.0001140 seconds
111.238: Application time: 0.0265490 seconds
111.238: [GC [PSYoungGen: 100480K->7728K(107520K)] 171542K->78790K(352768K), 0.0030390 secs] [Times: user=0.02 sys=0.00, real=0.00 secs] 
111.241: Total time for which application threads were stopped: 0.0032040 seconds, Stopping threads took: 0.0000680 seconds
111.271: Application time: 0.0302290 seconds
111.272: [GC [PSYoungGen: 99888K->8144K(107520K)] 170950K->79206K(352768K), 0.0032340 secs] [Times: user=0.02 sys=0.00, real=0.00 secs] 
111.275: Total time for which application threads were stopped: 0.0034500 seconds, Stopping threads took: 0.0001180 seconds
111.302: Application time: 0.0276430 seconds
111.303: [GC [PSYoungGen: 100304K->8576K(107520K)] 171366K->79638K(352768K), 0.0032410 secs] [Times: user=0.02 sys=0.00, real=0.00 secs] 
111.306: Total time for which application threads were stopped: 0.0033980 seconds, Stopping threads took: 0.0000590 seconds
111.334: Application time: 0.0277260 seconds
111.334: [GC [PSYoungGen: 100736K->8384K(107520K)] 171798K->79446K(352768K), 0.0032170 secs] [Times: user=0.03 sys=0.00, real=0.01 secs] 
111.337: Total time for which application threads were stopped: 0.0033900 seconds, Stopping threads took: 0.0000750 seconds
111.375: Application time: 0.0375980 seconds
111.375: [GC [PSYoungGen: 100544K->7824K(107520K)] 171606K->78886K(352768K), 0.0031170 secs] [Times: user=0.02 sys=0.00, real=0.01 secs] 
111.378: Total time for which application threads were stopped: 0.0032940 seconds, Stopping threads took: 0.0000810 seconds
111.405: Application time: 0.0273180 seconds
111.405: [GC [PSYoungGen: 99984K->7856K(107520K)] 171046K->78918K(352768K), 0.0031350 secs] [Times: user=0.02 sys=0.00, real=0.01 secs] 
111.408: Total time for which application threads were stopped: 0.0033140 seconds, Stopping threads took: 0.0000850 seconds
111.445: Application time: 0.0369030 seconds
111.446: [GC [PSYoungGen: 100016K->10144K(107520K)] 171078K->81262K(352768K), 0.0039880 secs] [Times: user=0.03 sys=0.00, real=0.01 secs] 
111.450: Total time for which application threads were stopped: 0.0041650 seconds, Stopping threads took: 0.0000800 seconds
111.480: Application time: 0.0303240 seconds
111.480: [GC [PSYoungGen: 102304K->7904K(107520K)] 173422K->79070K(352768K), 0.0030540 secs] [Times: user=0.02 sys=0.00, real=0.00 secs] 
111.483: Total time for which application threads were stopped: 0.0032410 seconds, Stopping threads took: 0.0000890 seconds
111.511: Application time: 0.0280200 seconds
111.511: [GC [PSYoungGen: 100064K->8000K(107520K)] 171230K->79254K(352768K), 0.0032080 secs] [Times: user=0.02 sys=0.00, real=0.00 secs] 
111.515: Total time for which application threads were stopped: 0.0033870 seconds, Stopping threads took: 0.0000850 seconds
111.543: Application time: 0.0287980 seconds
111.543: [GC [PSYoungGen: 100160K->8384K(107520K)] 171414K->79638K(352768K), 0.0031980 secs] [Times: user=0.02 sys=0.00, real=0.00 secs] 
111.547: Total time for which application threads were stopped: 0.0033720 seconds, Stopping threads took: 0.0000790 seconds
111.571: Application time: 0.0246180 seconds
111.571: [GC [PSYoungGen: 100544K->11696K(107520K)] 171798K->82950K(352768K), 0.0044600 secs] [Times: user=0.03 sys=0.00, real=0.00 secs] 
111.576: Total time for which application threads were stopped: 0.0046230 seconds, Stopping threads took: 0.0000620 seconds
111.612: Application time: 0.0358420 seconds
111.612: [GC [PSYoungGen: 103856K->10400K(107520K)] 175110K->81738K(352768K), 0.0039480 secs] [Times: user=0.03 sys=0.00, real=0.00 secs] 
111.616: Total time for which application threads were stopped: 0.0041380 seconds, Stopping threads took: 0.0000940 seconds
111.647: Application time: 0.0309130 seconds
111.647: [GC [PSYoungGen: 102560K->7952K(107520K)] 173898K->79290K(352768K), 0.0031480 secs] [Times: user=0.02 sys=0.00, real=0.01 secs] 
111.650: Total time for which application threads were stopped: 0.0033140 seconds, Stopping threads took: 0.0000750 seconds
111.682: Application time: 0.0318570 seconds
111.682: [GC [PSYoungGen: 100112K->9968K(107520K)] 171450K->81306K(352768K), 0.0039500 secs] [Times: user=0.02 sys=0.00, real=0.00 secs] 
111.686: Total time for which application threads were stopped: 0.0041600 seconds, Stopping threads took: 0.0000940 seconds
111.722: Application time: 0.0356650 seconds
111.722: [GC [PSYoungGen: 102128K->7936K(107520K)] 173466K->79330K(352768K), 0.0031770 secs] [Times: user=0.02 sys=0.00, real=0.00 secs] 
111.725: Total time for which application threads were stopped: 0.0033570 seconds, Stopping threads took: 0.0000820 seconds
111.752: Application time: 0.0267280 seconds
111.752: [GC [PSYoungGen: 100096K->7680K(107520K)] 171490K->79122K(352768K), 0.0030860 secs] [Times: user=0.02 sys=0.00, real=0.00 secs] 
111.755: Total time for which application threads were stopped: 0.0032830 seconds, Stopping threads took: 0.0001020 seconds
111.784: Application time: 0.0291980 seconds
111.785: [GC [PSYoungGen: 99840K->9488K(107520K)] 171282K->80930K(352768K), 0.0037420 secs] [Times: user=0.02 sys=0.00, real=0.01 secs] 
111.788: Total time for which application threads were stopped: 0.0039380 seconds, Stopping threads took: 0.0000970 seconds
111.815: Application time: 0.0268400 seconds
111.816: [GC [PSYoungGen: 101648K->9552K(107520K)] 173090K->80994K(352768K), 0.0037980 secs] [Times: user=0.03 sys=0.00, real=0.00 secs] 
111.820: Total time for which application threads were stopped: 0.0050300 seconds, Stopping threads took: 0.0011350 seconds
111.851: Application time: 0.0302830 seconds
111.851: [GC [PSYoungGen: 101712K->12320K(107520K)] 173154K->83762K(352768K), 0.0046410 secs] [Times: user=0.04 sys=0.00, real=0.00 secs] 
111.855: Total time for which application threads were stopped: 0.0048630 seconds, Stopping threads took: 0.0001220 seconds
111.890: Application time: 0.0343590 seconds
111.890: [GC [PSYoungGen: 104480K->7936K(107520K)] 175922K->79378K(352768K), 0.0031380 secs] [Times: user=0.02 sys=0.00, real=0.00 secs] 
111.893: Total time for which application threads were stopped: 0.0033220 seconds, Stopping threads took: 0.0000870 seconds
111.924: Application time: 0.0307760 seconds
111.924: [GC [PSYoungGen: 100096K->7872K(107520K)] 171538K->79314K(352768K), 0.0030780 secs] [Times: user=0.02 sys=0.00, real=0.00 secs] 
111.927: Total time for which application threads were stopped: 0.0032520 seconds, Stopping threads took: 0.0000780 seconds
111.963: Application time: 0.0356680 seconds
111.963: [GC [PSYoungGen: 100032K->9536K(107520K)] 171474K->80978K(352768K), 0.0037410 secs] [Times: user=0.02 sys=0.00, real=0.00 secs] 
111.967: Total time for which application threads were stopped: 0.0039240 seconds, Stopping threads took: 0.0000840 seconds
111.996: Application time: 0.0290960 seconds
111.996: [GC [PSYoungGen: 101696K->8176K(107520K)] 173138K->79618K(352768K), 0.0032070 secs] [Times: user=0.03 sys=0.00, real=0.01 secs] 
111.999: Total time for which application threads were stopped: 0.0033850 seconds, Stopping threads took: 0.0000810 seconds
112.028: Application time: 0.0285600 seconds
112.028: [GC [PSYoungGen: 100336K->7888K(107520K)] 171778K->79330K(352768K), 0.0031130 secs] [Times: user=0.03 sys=0.00, real=0.01 secs] 
112.031: Total time for which application threads were stopped: 0.0032930 seconds, Stopping threads took: 0.0000840 seconds
112.059: Application time: 0.0283250 seconds
112.059: [GC [PSYoungGen: 100048K->8352K(107520K)] 171490K->79794K(352768K), 0.0032520 secs] [Times: user=0.02 sys=0.00, real=0.00 secs] 
112.063: Total time for which application threads were stopped: 0.0034070 seconds, Stopping threads took: 0.0000560 seconds
112.089: Application time: 0.0266880 seconds
112.092: [GC [PSYoungGen: 100512K->7872K(107520K)] 171954K->79314K(352768K), 0.0031940 secs] [Times: user=0.02 sys=0.00, real=0.00 secs] 
112.096: Total time for which application threads were stopped: 0.0061920 seconds, Stopping threads took: 0.0029030 seconds
112.132: Application time: 0.0363380 seconds
112.132: [GC [PSYoungGen: 100032K->9936K(107520K)] 171474K->81378K(352768K), 0.0038650 secs] [Times: user=0.03 sys=0.00, real=0.00 secs] 
112.136: Total time for which application threads were stopped: 0.0040600 seconds, Stopping threads took: 0.0000990 seconds
112.166: Application time: 0.0298380 seconds
112.166: [GC [PSYoungGen: 102096K->7760K(107520K)] 173538K->79202K(352768K), 0.0031080 secs] [Times: user=0.02 sys=0.00, real=0.01 secs] 
112.169: Total time for which application threads were stopped: 0.0032940 seconds, Stopping threads took: 0.0000910 seconds
112.203: Application time: 0.0338830 seconds
112.203: [GC [PSYoungGen: 99920K->8320K(107520K)] 171362K->79810K(352768K), 0.0032600 secs] [Times: user=0.02 sys=0.01, real=0.00 secs] 
112.207: Total time for which application threads were stopped: 0.0034490 seconds, Stopping threads took: 0.0000720 seconds
112.240: Application time: 0.0330700 seconds
112.240: [GC [PSYoungGen: 100480K->8112K(107520K)] 171970K->79658K(352768K), 0.0032120 secs] [Times: user=0.02 sys=0.00, real=0.00 secs] 
112.243: Total time for which application threads were stopped: 0.0034240 seconds, Stopping threads took: 0.0001140 seconds
112.270: Application time: 0.0272880 seconds
112.270: [GC [PSYoungGen: 100272K->8048K(107520K)] 171818K->79650K(352768K), 0.0031290 secs] [Times: user=0.02 sys=0.00, real=0.00 secs] 
112.274: Total time for which application threads were stopped: 0.0033080 seconds, Stopping threads took: 0.0000820 seconds
112.303: Application time: 0.0297720 seconds
112.304: [GC [PSYoungGen: 100208K->9552K(107520K)] 171810K->81202K(352768K), 0.0036990 secs] [Times: user=0.02 sys=0.00, real=0.00 secs] 
112.307: Total time for which application threads were stopped: 0.0038920 seconds, Stopping threads took: 0.0000940 seconds
112.333: Application time: 0.0252550 seconds
112.333: [GC [PSYoungGen: 101712K->9488K(107520K)] 173362K->81138K(352768K), 0.0037080 secs] [Times: user=0.02 sys=0.00, real=0.01 secs] 
112.336: Total time for which application threads were stopped: 0.0038980 seconds, Stopping threads took: 0.0000910 seconds
112.369: Application time: 0.0321590 seconds
112.369: [GC [PSYoungGen: 101648K->10368K(107520K)] 173298K->82058K(352768K), 0.0040480 secs] [Times: user=0.02 sys=0.00, real=0.00 secs] 
112.373: Total time for which application threads were stopped: 0.0041980 seconds, Stopping threads took: 0.0000480 seconds
112.406: Application time: 0.0334570 seconds
112.406: [GC [PSYoungGen: 102528K->7808K(107520K)] 174218K->79562K(352768K), 0.0031440 secs] [Times: user=0.02 sys=0.00, real=0.01 secs] 
112.410: Total time for which application threads were stopped: 0.0033250 seconds, Stopping threads took: 0.0000870 seconds
112.442: Application time: 0.0324440 seconds
112.442: [GC [PSYoungGen: 99968K->9424K(107520K)] 171722K->81178K(352768K), 0.0037600 secs] [Times: user=0.03 sys=0.00, real=0.00 secs] 
112.446: Total time for which application threads were stopped: 0.0039340 seconds, Stopping threads took: 0.0000750 seconds
112.481: Application time: 0.0347040 seconds
112.481: [GC [PSYoungGen: 101584K->8544K(107520K)] 173338K->80298K(352768K), 0.0033100 secs] [Times: user=0.02 sys=0.00, real=0.00 secs] 
112.484: Total time for which application threads were stopped: 0.0034720 seconds, Stopping threads took: 0.0000620 seconds
112.513: Application time: 0.0288850 seconds
112.513: [GC [PSYoungGen: 100704K->7920K(107520K)] 172458K->79771K(352768K), 0.0032290 secs] [Times: user=0.02 sys=0.00, real=0.01 secs] 
112.516: Total time for which application threads were stopped: 0.0034220 seconds, Stopping threads took: 0.0001000 seconds
112.544: Application time: 0.0278830 seconds
112.544: [GC [PSYoungGen: 100080K->7760K(107520K)] 171931K->79611K(352768K), 0.0030130 secs] [Times: user=0.02 sys=0.00, real=0.00 secs] 
112.548: Total time for which application threads were stopped: 0.0031830 seconds, Stopping threads took: 0.0000670 seconds
112.575: Application time: 0.0271380 seconds
112.575: [GC [PSYoungGen: 99920K->9216K(107520K)] 171771K->81067K(352768K), 0.0034470 secs] [Times: user=0.02 sys=0.00, real=0.01 secs] 
112.578: Total time for which application threads were stopped: 0.0036420 seconds, Stopping threads took: 0.0000980 seconds
112.607: Application time: 0.0286110 seconds
112.607: [GC [PSYoungGen: 101376K->11552K(107520K)] 173227K->83403K(352768K), 0.0044670 secs] [Times: user=0.04 sys=0.00, real=0.01 secs] 
112.612: Total time for which application threads were stopped: 0.0046410 seconds, Stopping threads took: 0.0000760 seconds
112.645: Application time: 0.0331020 seconds
112.645: [GC [PSYoungGen: 103712K->9920K(107520K)] 175563K->81770K(352768K), 0.0039180 secs] [Times: user=0.02 sys=0.00, real=0.01 secs] 
112.649: Total time for which application threads were stopped: 0.0041020 seconds, Stopping threads took: 0.0000830 seconds
112.683: Application time: 0.0345610 seconds
112.684: [GC [PSYoungGen: 102080K->7872K(107520K)] 173930K->79723K(352768K), 0.0030930 secs] [Times: user=0.02 sys=0.00, real=0.00 secs] 
112.687: Total time for which application threads were stopped: 0.0032840 seconds, Stopping threads took: 0.0000950 seconds
112.719: Application time: 0.0320180 seconds
112.719: [GC [PSYoungGen: 100032K->7840K(107520K)] 171883K->79691K(352768K), 0.0031400 secs] [Times: user=0.03 sys=0.00, real=0.00 secs] 
112.722: Total time for which application threads were stopped: 0.0033470 seconds, Stopping threads took: 0.0000940 seconds
112.755: Application time: 0.0334130 seconds
112.756: [GC [PSYoungGen: 100000K->8320K(107520K)] 171851K->80170K(352768K), 0.0032720 secs] [Times: user=0.03 sys=0.00, real=0.01 secs] 
112.759: Total time for which application threads were stopped: 0.0034380 seconds, Stopping threads took: 0.0000690 seconds
112.785: Application time: 0.0260790 seconds
112.785: [GC [PSYoungGen: 100480K->7952K(107520K)] 172330K->79803K(352768K), 0.0031100 secs] [Times: user=0.02 sys=0.00, real=0.00 secs] 
112.788: Total time for which application threads were stopped: 0.0033040 seconds, Stopping threads took: 0.0000970 seconds
112.816: Application time: 0.0281790 seconds
112.817: [GC [PSYoungGen: 100112K->9456K(107520K)] 171963K->81307K(352768K), 0.0037800 secs] [Times: user=0.03 sys=0.00, real=0.00 secs] 
112.820: Total time for which application threads were stopped: 0.0039620 seconds, Stopping threads took: 0.0000810 seconds
112.847: Application time: 0.0270390 seconds
112.848: [GC [PSYoungGen: 101616K->9760K(107520K)] 173467K->81611K(352768K), 0.0038810 secs] [Times: user=0.03 sys=0.00, real=0.01 secs] 
112.852: Total time for which application threads were stopped: 0.0040580 seconds, Stopping threads took: 0.0000740 seconds
112.886: Application time: 0.0341050 seconds
112.886: [GC [PSYoungGen: 101920K->8192K(107520K)] 173771K->80043K(352768K), 0.0031900 secs] [Times: user=0.02 sys=0.00, real=0.01 secs] 
112.889: Total time for which application threads were stopped: 0.0033740 seconds, Stopping threads took: 0.0000890 seconds
112.921: Application time: 0.0322840 seconds
112.921: [GC [PSYoungGen: 100352K->7872K(107520K)] 172203K->79723K(352768K), 0.0031160 secs] [Times: user=0.02 sys=0.00, real=0.00 secs] 
112.925: Total time for which application threads were stopped: 0.0033010 seconds, Stopping threads took: 0.0000880 seconds
112.961: Application time: 0.0359610 seconds
112.961: [GC [PSYoungGen: 100032K->7824K(107520K)] 171883K->79675K(352768K), 0.0030630 secs] [Times: user=0.02 sys=0.00, real=0.00 secs] 
112.964: Total time for which application threads were stopped: 0.0032500 seconds, Stopping threads took: 0.0000930 seconds
112.994: Application time: 0.0300310 seconds
112.994: [GC [PSYoungGen: 99984K->8176K(107520K)] 171835K->80107K(352768K), 0.0032390 secs] [Times: user=0.01 sys=0.00, real=0.01 secs] 
112.997: Total time for which application threads were stopped: 0.0034190 seconds, Stopping threads took: 0.0000880 seconds
113.029: Application time: 0.0314480 seconds
113.029: [GC [PSYoungGen: 100336K->7792K(107520K)] 172267K->79771K(352768K), 0.0031460 secs] [Times: user=0.02 sys=0.00, real=0.00 secs] 
113.032: Total time for which application threads were stopped: 0.0033430 seconds, Stopping threads took: 0.0001010 seconds
113.058: Application time: 0.0260690 seconds
113.058: [GC [PSYoungGen: 99952K->7888K(107520K)] 171931K->79915K(352768K), 0.0031350 secs] [Times: user=0.02 sys=0.00, real=0.00 secs] 
113.061: Total time for which application threads were stopped: 0.0033510 seconds, Stopping threads took: 0.0001160 seconds
113.086: Application time: 0.0248740 seconds
113.086: [GC [PSYoungGen: 100048K->9408K(107520K)] 172075K->81435K(352768K), 0.0037450 secs] [Times: user=0.02 sys=0.00, real=0.01 secs] 
113.090: Total time for which application threads were stopped: 0.0039250 seconds, Stopping threads took: 0.0000810 seconds
113.124: Application time: 0.0333440 seconds
113.124: [GC [PSYoungGen: 101568K->11552K(107520K)] 173595K->83635K(352768K), 0.0045110 secs] [Times: user=0.03 sys=0.00, real=0.00 secs] 
113.128: Total time for which application threads were stopped: 0.0046930 seconds, Stopping threads took: 0.0000740 seconds
113.159: Application time: 0.0310010 seconds
113.160: [GC [PSYoungGen: 103712K->8304K(107520K)] 175795K->80451K(352768K), 0.0033080 secs] [Times: user=0.02 sys=0.00, real=0.00 secs] 
113.163: Total time for which application threads were stopped: 0.0035330 seconds, Stopping threads took: 0.0001280 seconds
113.200: Application time: 0.0367010 seconds
113.200: [GC [PSYoungGen: 100464K->9472K(107520K)] 172611K->81619K(352768K), 0.0037380 secs] [Times: user=0.03 sys=0.00, real=0.00 secs] 
113.203: Total time for which application threads were stopped: 0.0039290 seconds, Stopping threads took: 0.0000950 seconds
113.235: Application time: 0.0311500 seconds
113.235: [GC [PSYoungGen: 101632K->7824K(107520K)] 173779K->79971K(352768K), 0.0031150 secs] [Times: user=0.02 sys=0.00, real=0.01 secs] 
113.238: Total time for which application threads were stopped: 0.0033270 seconds, Stopping threads took: 0.0000980 seconds
113.270: Application time: 0.0319100 seconds
113.270: [GC [PSYoungGen: 99984K->8112K(107520K)] 172131K->80339K(352768K), 0.0032440 secs] [Times: user=0.02 sys=0.00, real=0.00 secs] 
113.273: Total time for which application threads were stopped: 0.0034110 seconds, Stopping threads took: 0.0000690 seconds
113.301: Application time: 0.0277710 seconds
113.301: [GC [PSYoungGen: 100272K->8032K(107520K)] 172499K->80259K(352768K), 0.0032040 secs] [Times: user=0.01 sys=0.00, real=0.00 secs] 
113.304: Total time for which application threads were stopped: 0.0033760 seconds, Stopping threads took: 0.0000780 seconds
113.330: Application time: 0.0253320 seconds
113.330: [GC [PSYoungGen: 100192K->9088K(107520K)] 172419K->81315K(352768K), 0.0036540 secs] [Times: user=0.02 sys=0.00, real=0.00 secs] 
113.334: Total time for which application threads were stopped: 0.0038400 seconds, Stopping threads took: 0.0000930 seconds
113.363: Application time: 0.0289000 seconds
113.363: [GC [PSYoungGen: 101248K->9264K(107520K)] 173475K->81491K(352768K), 0.0035250 secs] [Times: user=0.02 sys=0.00, real=0.00 secs] 
113.366: Total time for which application threads were stopped: 0.0036930 seconds, Stopping threads took: 0.0000710 seconds
113.400: Application time: 0.0339940 seconds
113.400: [GC [PSYoungGen: 101424K->12048K(107520K)] 173651K->84275K(352768K), 0.0046020 secs] [Times: user=0.04 sys=0.00, real=0.00 secs] 
113.405: Total time for which application threads were stopped: 0.0047770 seconds, Stopping threads took: 0.0000770 seconds
113.438: Application time: 0.0325960 seconds
113.438: [GC [PSYoungGen: 104208K->7584K(107520K)] 176435K->79811K(352768K), 0.0030110 secs] [Times: user=0.02 sys=0.00, real=0.00 secs] 
113.441: Total time for which application threads were stopped: 0.0031870 seconds, Stopping threads took: 0.0000810 seconds
113.475: Application time: 0.0338190 seconds
113.475: [GC [PSYoungGen: 99744K->7648K(107520K)] 171971K->79875K(352768K), 0.0030560 secs] [Times: user=0.02 sys=0.00, real=0.01 secs] 
113.478: Total time for which application threads were stopped: 0.0032510 seconds, Stopping threads took: 0.0001000 seconds
113.510: Application time: 0.0324830 seconds
113.510: [GC [PSYoungGen: 99808K->9568K(107520K)] 172035K->81795K(352768K), 0.0037160 secs] [Times: user=0.03 sys=0.00, real=0.00 secs] 
113.514: Total time for which application threads were stopped: 0.0038840 seconds, Stopping threads took: 0.0000730 seconds
113.543: Application time: 0.0287910 seconds
113.543: [GC [PSYoungGen: 101728K->7888K(107520K)] 173955K->80115K(352768K), 0.0031290 secs] [Times: user=0.02 sys=0.00, real=0.00 secs] 
113.546: Total time for which application threads were stopped: 0.0033140 seconds, Stopping threads took: 0.0000870 seconds
113.574: Application time: 0.0272540 seconds
113.574: [GC [PSYoungGen: 100048K->8640K(107520K)] 172275K->80867K(352768K), 0.0033250 secs] [Times: user=0.02 sys=0.00, real=0.01 secs] 
113.577: Total time for which application threads were stopped: 0.0035040 seconds, Stopping threads took: 0.0000840 seconds
113.604: Application time: 0.0268100 seconds
113.604: [GC [PSYoungGen: 100800K->9360K(107520K)] 173027K->81587K(352768K), 0.0035730 secs] [Times: user=0.02 sys=0.00, real=0.00 secs] 
113.608: Total time for which application threads were stopped: 0.0037520 seconds, Stopping threads took: 0.0000820 seconds
113.639: Application time: 0.0310410 seconds
113.639: [GC [PSYoungGen: 101520K->11024K(107520K)] 173747K->83251K(352768K), 0.0041750 secs] [Times: user=0.03 sys=0.00, real=0.00 secs] 
113.643: Total time for which application threads were stopped: 0.0043650 seconds, Stopping threads took: 0.0000930 seconds
113.676: Application time: 0.0331990 seconds
113.676: [GC [PSYoungGen: 103184K->8384K(107520K)] 175411K->80611K(352768K), 0.0033610 secs] [Times: user=0.02 sys=0.00, real=0.00 secs] 
113.680: Total time for which application threads were stopped: 0.0035520 seconds, Stopping threads took: 0.0000970 seconds
113.713: Application time: 0.0329400 seconds
113.713: [GC [PSYoungGen: 100544K->9568K(107520K)] 172771K->81795K(352768K), 0.0037590 secs] [Times: user=0.03 sys=0.00, real=0.01 secs] 
113.717: Total time for which application threads were stopped: 0.0039530 seconds, Stopping threads took: 0.0000970 seconds
113.751: Application time: 0.0339850 seconds
113.751: [GC [PSYoungGen: 101728K->9360K(107520K)] 173955K->81643K(352768K), 0.0036670 secs] [Times: user=0.02 sys=0.00, real=0.00 secs] 
113.755: Total time for which application threads were stopped: 0.0038550 seconds, Stopping threads took: 0.0000760 seconds
113.787: Application time: 0.0319840 seconds
113.787: [GC [PSYoungGen: 101520K->7984K(107520K)] 173803K->80355K(352768K), 0.0031410 secs] [Times: user=0.02 sys=0.00, real=0.01 secs] 
113.790: Total time for which application threads were stopped: 0.0033050 seconds, Stopping threads took: 0.0000680 seconds
113.817: Application time: 0.0271510 seconds
113.817: [GC [PSYoungGen: 100144K->7632K(107520K)] 172515K->80059K(352768K), 0.0030380 secs] [Times: user=0.02 sys=0.00, real=0.00 secs] 
113.820: Total time for which application threads were stopped: 0.0031960 seconds, Stopping threads took: 0.0000650 seconds
113.846: Application time: 0.0258570 seconds
113.846: [GC [PSYoungGen: 99792K->9440K(107520K)] 172219K->81867K(352768K), 0.0036820 secs] [Times: user=0.02 sys=0.00, real=0.01 secs] 
113.850: Total time for which application threads were stopped: 0.0038750 seconds, Stopping threads took: 0.0000920 seconds
113.879: Application time: 0.0285810 seconds
113.879: [GC [PSYoungGen: 101600K->10608K(107520K)] 174027K->83083K(352768K), 0.0040700 secs] [Times: user=0.03 sys=0.00, real=0.00 secs] 
113.883: Total time for which application threads were stopped: 0.0042570 seconds, Stopping threads took: 0.0000880 seconds
113.916: Application time: 0.0332500 seconds
113.916: [GC [PSYoungGen: 102768K->10096K(107520K)] 175243K->82611K(352768K), 0.0038900 secs] [Times: user=0.02 sys=0.00, real=0.01 secs] 
113.920: Total time for which application threads were stopped: 0.0040990 seconds, Stopping threads took: 0.0001030 seconds
113.952: Application time: 0.0313990 seconds
113.952: [GC [PSYoungGen: 102256K->7600K(107520K)] 174771K->80115K(352768K), 0.0030170 secs] [Times: user=0.02 sys=0.00, real=0.00 secs] 
113.955: Total time for which application threads were stopped: 0.0031830 seconds, Stopping threads took: 0.0000720 seconds
113.991: Application time: 0.0366460 seconds
113.992: [GC [PSYoungGen: 99760K->8624K(107520K)] 172275K->81139K(352768K), 0.0033240 secs] [Times: user=0.02 sys=0.00, real=0.00 secs] 
113.995: Total time for which application threads were stopped: 0.0035170 seconds, Stopping threads took: 0.0000960 seconds
114.028: Application time: 0.0327650 seconds
114.028: [GC [PSYoungGen: 100784K->7760K(107520K)] 173299K->80323K(352768K), 0.0032470 secs] [Times: user=0.02 sys=0.00, real=0.01 secs] 
114.031: Total time for which application threads were stopped: 0.0034530 seconds, Stopping threads took: 0.0001090 seconds
114.060: Application time: 0.0288960 seconds
114.060: [GC [PSYoungGen: 99920K->7792K(107520K)] 172483K->80403K(352768K), 0.0032100 secs] [Times: user=0.03 sys=0.00, real=0.00 secs] 
114.063: Total time for which application threads were stopped: 0.0033790 seconds, Stopping threads took: 0.0000730 seconds
114.089: Application time: 0.0252050 seconds
114.089: [GC [PSYoungGen: 99952K->7808K(107520K)] 172563K->80419K(352768K), 0.0030870 secs] [Times: user=0.02 sys=0.00, real=0.00 secs] 
114.092: Total time for which application threads were stopped: 0.0032560 seconds, Stopping threads took: 0.0000730 seconds
114.118: Application time: 0.0261680 seconds
114.118: [GC [PSYoungGen: 99965K->11792K(107520K)] 172576K->84403K(352768K), 0.0046070 secs] [Times: user=0.03 sys=0.00, real=0.00 secs] 
114.123: Total time for which application threads were stopped: 0.0048050 seconds, Stopping threads took: 0.0000960 seconds
114.154: Application time: 0.0308680 seconds
114.154: [GC [PSYoungGen: 103952K->11376K(107520K)] 176563K->83987K(352768K), 0.0043900 secs] [Times: user=0.03 sys=0.00, real=0.01 secs] 
114.158: Total time for which application threads were stopped: 0.0045710 seconds, Stopping threads took: 0.0000800 seconds
114.191: Application time: 0.0331910 seconds
114.192: [GC [PSYoungGen: 103536K->8128K(107520K)] 176147K->80739K(352768K), 0.0031420 secs] [Times: user=0.03 sys=0.00, real=0.00 secs] 
114.195: Total time for which application threads were stopped: 0.0033340 seconds, Stopping threads took: 0.0000960 seconds
114.229: Application time: 0.0346780 seconds
114.230: [GC [PSYoungGen: 100288K->8272K(107520K)] 172899K->80883K(352768K), 0.0032550 secs] [Times: user=0.02 sys=0.00, real=0.00 secs] 
114.233: Total time for which application threads were stopped: 0.0034460 seconds, Stopping threads took: 0.0000920 seconds
114.266: Application time: 0.0333570 seconds
114.266: [GC [PSYoungGen: 100432K->8096K(107520K)] 173043K->80707K(352768K), 0.0032220 secs] [Times: user=0.01 sys=0.00, real=0.01 secs] 
114.270: Total time for which application threads were stopped: 0.0034170 seconds, Stopping threads took: 0.0000830 seconds
114.301: Application time: 0.0312950 seconds
114.301: [GC [PSYoungGen: 100256K->7840K(107520K)] 172867K->80451K(352768K), 0.0031120 secs] [Times: user=0.02 sys=0.00, real=0.00 secs] 
114.304: Total time for which application threads were stopped: 0.0032920 seconds, Stopping threads took: 0.0000770 seconds
114.330: Application time: 0.0260950 seconds
114.331: [GC [PSYoungGen: 100000K->8048K(107520K)] 172611K->80659K(352768K), 0.0031670 secs] [Times: user=0.02 sys=0.00, real=0.00 secs] 
114.334: Total time for which application threads were stopped: 0.0033680 seconds, Stopping threads took: 0.0001050 seconds
114.359: Application time: 0.0256900 seconds
114.360: [GC [PSYoungGen: 100208K->9200K(107520K)] 172819K->81811K(352768K), 0.0036320 secs] [Times: user=0.03 sys=0.00, real=0.00 secs] 
114.363: Total time for which application threads were stopped: 0.0038390 seconds, Stopping threads took: 0.0001090 seconds
114.393: Application time: 0.0298390 seconds
114.393: [GC [PSYoungGen: 101360K->8688K(107520K)] 173971K->81299K(352768K), 0.0033770 secs] [Times: user=0.02 sys=0.00, real=0.01 secs] 
114.397: Total time for which application threads were stopped: 0.0035680 seconds, Stopping threads took: 0.0000950 seconds
114.430: Application time: 0.0331230 seconds
114.430: [GC [PSYoungGen: 100848K->10192K(107520K)] 173459K->82803K(352768K), 0.0038880 secs] [Times: user=0.02 sys=0.00, real=0.00 secs] 
114.434: Total time for which application threads were stopped: 0.0040660 seconds, Stopping threads took: 0.0000810 seconds
114.465: Application time: 0.0311710 seconds
114.465: [GC [PSYoungGen: 102352K->9600K(107520K)] 174963K->82211K(352768K), 0.0038330 secs] [Times: user=0.03 sys=0.00, real=0.01 secs] 
114.469: Total time for which application threads were stopped: 0.0040030 seconds, Stopping threads took: 0.0000710 seconds
114.505: Application time: 0.0358390 seconds
114.505: [GC [PSYoungGen: 101760K->8464K(107520K)] 174371K->81075K(352768K), 0.0032930 secs] [Times: user=0.02 sys=0.00, real=0.01 secs] 
114.508: Total time for which application threads were stopped: 0.0034950 seconds, Stopping threads took: 0.0001060 seconds
114.542: Application time: 0.0338370 seconds
114.542: [GC [PSYoungGen: 100624K->8176K(107520K)] 173235K->80875K(352768K), 0.0032070 secs] [Times: user=0.02 sys=0.00, real=0.00 secs] 
114.546: Total time for which application threads were stopped: 0.0033870 seconds, Stopping threads took: 0.0000860 seconds
114.572: Application time: 0.0268290 seconds
114.576: [GC [PSYoungGen: 100336K->7616K(107520K)] 173035K->80391K(352768K), 0.0032020 secs] [Times: user=0.01 sys=0.00, real=0.00 secs] 
114.580: Total time for which application threads were stopped: 0.0071180 seconds, Stopping threads took: 0.0038260 seconds
114.607: Application time: 0.0269280 seconds
114.607: [GC [PSYoungGen: 99776K->7632K(107520K)] 172551K->80407K(352768K), 0.0030380 secs] [Times: user=0.02 sys=0.00, real=0.01 secs] 
114.610: Total time for which application threads were stopped: 0.0031970 seconds, Stopping threads took: 0.0000640 seconds
114.636: Application time: 0.0266170 seconds
114.636: [GC [PSYoungGen: 99792K->11456K(107520K)] 172567K->84279K(352768K), 0.0044430 secs] [Times: user=0.03 sys=0.00, real=0.00 secs] 
114.641: Total time for which application threads were stopped: 0.0046080 seconds, Stopping threads took: 0.0000670 seconds
114.673: Application time: 0.0320580 seconds
114.673: [GC [PSYoungGen: 103616K->11264K(107520K)] 176439K->84143K(352768K), 0.0044050 secs] [Times: user=0.03 sys=0.00, real=0.01 secs] 
114.678: Total time for which application threads were stopped: 0.0045800 seconds, Stopping threads took: 0.0000790 seconds
114.710: Application time: 0.0325970 seconds
114.710: [GC [PSYoungGen: 103424K->7904K(107520K)] 176303K->80783K(352768K), 0.0030940 secs] [Times: user=0.02 sys=0.00, real=0.00 secs] 
114.714: Total time for which application threads were stopped: 0.0033010 seconds, Stopping threads took: 0.0001080 seconds
114.748: Application time: 0.0344490 seconds
114.748: [GC [PSYoungGen: 100064K->7744K(107520K)] 172943K->80623K(352768K), 0.0030160 secs] [Times: user=0.02 sys=0.00, real=0.01 secs] 
114.751: Total time for which application threads were stopped: 0.0032020 seconds, Stopping threads took: 0.0000900 seconds
114.785: Application time: 0.0338190 seconds
114.785: [GC [PSYoungGen: 99904K->7888K(107520K)] 172783K->80767K(352768K), 0.0030660 secs] [Times: user=0.02 sys=0.00, real=0.00 secs] 
114.788: Total time for which application threads were stopped: 0.0032740 seconds, Stopping threads took: 0.0000940 seconds
114.818: Application time: 0.0295850 seconds
114.820: [GC [PSYoungGen: 100048K->7616K(107520K)] 172927K->80575K(352768K), 0.0030430 secs] [Times: user=0.02 sys=0.00, real=0.00 secs] 
114.823: Total time for which application threads were stopped: 0.0056280 seconds, Stopping threads took: 0.0024900 seconds
114.849: Application time: 0.0253530 seconds
114.852: [GC [PSYoungGen: 99776K->7648K(107520K)] 172735K->80607K(352768K), 0.0030370 secs] [Times: user=0.02 sys=0.00, real=0.00 secs] 
114.856: Total time for which application threads were stopped: 0.0066550 seconds, Stopping threads took: 0.0035150 seconds
114.883: Application time: 0.0274950 seconds
114.883: [GC [PSYoungGen: 99808K->11120K(107520K)] 172767K->84079K(352768K), 0.0044010 secs] [Times: user=0.03 sys=0.00, real=0.00 secs] 
114.888: Total time for which application threads were stopped: 0.0045820 seconds, Stopping threads took: 0.0000850 seconds
114.917: Application time: 0.0294950 seconds
114.917: [GC [PSYoungGen: 103280K->8128K(107520K)] 176239K->81087K(352768K), 0.0031410 secs] [Times: user=0.02 sys=0.00, real=0.00 secs] 
114.920: Total time for which application threads were stopped: 0.0033260 seconds, Stopping threads took: 0.0000870 seconds
114.954: Application time: 0.0334850 seconds
114.954: [GC [PSYoungGen: 100288K->8432K(107520K)] 173247K->81391K(352768K), 0.0032630 secs] [Times: user=0.02 sys=0.00, real=0.01 secs] 
114.957: Total time for which application threads were stopped: 0.0034190 seconds, Stopping threads took: 0.0000610 seconds
114.989: Application time: 0.0313770 seconds
114.989: [GC [PSYoungGen: 100592K->9488K(107520K)] 173551K->82447K(352768K), 0.0038380 secs] [Times: user=0.02 sys=0.00, real=0.00 secs] 
114.993: Total time for which application threads were stopped: 0.0040280 seconds, Stopping threads took: 0.0000880 seconds
115.027: Application time: 0.0340500 seconds
115.027: [GC [PSYoungGen: 101648K->9760K(107520K)] 174607K->82719K(352768K), 0.0037730 secs] [Times: user=0.02 sys=0.00, real=0.01 secs] 
115.031: Total time for which application threads were stopped: 0.0039860 seconds, Stopping threads took: 0.0001170 seconds
115.064: Application time: 0.0337110 seconds
115.065: [GC [PSYoungGen: 101920K->7936K(107520K)] 174879K->80895K(352768K), 0.0031910 secs] [Times: user=0.02 sys=0.00, real=0.00 secs] 
115.068: Total time for which application threads were stopped: 0.0033600 seconds, Stopping threads took: 0.0000770 seconds
115.094: Application time: 0.0257410 seconds
115.094: [GC [PSYoungGen: 100096K->8032K(107520K)] 173055K->80991K(352768K), 0.0031430 secs] [Times: user=0.02 sys=0.00, real=0.01 secs] 
115.097: Total time for which application threads were stopped: 0.0033250 seconds, Stopping threads took: 0.0000860 seconds
115.125: Application time: 0.0285940 seconds
115.126: [GC [PSYoungGen: 100192K->7904K(107520K)] 173151K->80863K(352768K), 0.0031210 secs] [Times: user=0.01 sys=0.01, real=0.01 secs] 
115.129: Total time for which application threads were stopped: 0.0032860 seconds, Stopping threads took: 0.0000720 seconds
115.156: Application time: 0.0273260 seconds
115.156: [GC [PSYoungGen: 100064K->10064K(107520K)] 173023K->83023K(352768K), 0.0038060 secs] [Times: user=0.02 sys=0.00, real=0.01 secs] 
115.160: Total time for which application threads were stopped: 0.0040030 seconds, Stopping threads took: 0.0001000 seconds
115.191: Application time: 0.0312730 seconds
115.192: [GC [PSYoungGen: 102224K->11248K(107520K)] 175183K->84207K(352768K), 0.0043360 secs] [Times: user=0.03 sys=0.00, real=0.00 secs] 
115.196: Total time for which application threads were stopped: 0.0045250 seconds, Stopping threads took: 0.0000910 seconds
115.230: Application time: 0.0338450 seconds
115.230: [GC [PSYoungGen: 103408K->7888K(107520K)] 176367K->80847K(352768K), 0.0030950 secs] [Times: user=0.02 sys=0.00, real=0.00 secs] 
115.233: Total time for which application threads were stopped: 0.0032860 seconds, Stopping threads took: 0.0000960 seconds
115.267: Application time: 0.0340190 seconds
115.267: [GC [PSYoungGen: 100048K->8272K(107520K)] 173007K->81231K(352768K), 0.0031630 secs] [Times: user=0.02 sys=0.00, real=0.01 secs] 
115.270: Total time for which application threads were stopped: 0.0033580 seconds, Stopping threads took: 0.0000960 seconds
115.305: Application time: 0.0341550 seconds
115.305: [GC [PSYoungGen: 100432K->7792K(107520K)] 173391K->80847K(352768K), 0.0031600 secs] [Times: user=0.03 sys=0.00, real=0.00 secs] 
115.308: Total time for which application threads were stopped: 0.0033720 seconds, Stopping threads took: 0.0000930 seconds
115.337: Application time: 0.0290280 seconds
115.337: [GC [PSYoungGen: 99952K->7760K(107520K)] 173007K->80863K(352768K), 0.0031340 secs] [Times: user=0.02 sys=0.00, real=0.00 secs] 
115.340: Total time for which application threads were stopped: 0.0033250 seconds, Stopping threads took: 0.0000850 seconds
115.365: Application time: 0.0247150 seconds
115.365: [GC [PSYoungGen: 99920K->7792K(107520K)] 173023K->80943K(352768K), 0.0031340 secs] [Times: user=0.02 sys=0.00, real=0.01 secs] 
115.368: Total time for which application threads were stopped: 0.0033090 seconds, Stopping threads took: 0.0000790 seconds
115.397: Application time: 0.0281730 seconds
115.397: [GC [PSYoungGen: 99952K->12736K(107520K)] 173103K->85943K(352768K), 0.0050500 secs] [Times: user=0.03 sys=0.00, real=0.00 secs] 
115.402: Total time for which application threads were stopped: 0.0052350 seconds, Stopping threads took: 0.0000700 seconds
115.432: Application time: 0.0297580 seconds
115.432: [GC [PSYoungGen: 104896K->10160K(107520K)] 178103K->83367K(352768K), 0.0038580 secs] [Times: user=0.03 sys=0.00, real=0.01 secs] 
115.436: Total time for which application threads were stopped: 0.0048400 seconds, Stopping threads took: 0.0008610 seconds
115.469: Application time: 0.0330630 seconds
115.470: [GC [PSYoungGen: 102320K->9744K(107520K)] 175527K->83007K(352768K), 0.0039440 secs] [Times: user=0.03 sys=0.00, real=0.00 secs] 
115.474: Total time for which application threads were stopped: 0.0041410 seconds, Stopping threads took: 0.0000990 seconds
115.508: Application time: 0.0344730 seconds
115.508: [GC [PSYoungGen: 101904K->7984K(107520K)] 175167K->81247K(352768K), 0.0030750 secs] [Times: user=0.02 sys=0.00, real=0.01 secs] 
115.511: Total time for which application threads were stopped: 0.0032410 seconds, Stopping threads took: 0.0000710 seconds
115.542: Application time: 0.0309190 seconds
115.542: [GC [PSYoungGen: 100144K->9472K(107520K)] 173407K->82736K(352768K), 0.0036990 secs] [Times: user=0.02 sys=0.00, real=0.00 secs] 
115.546: Total time for which application threads were stopped: 0.0038830 seconds, Stopping threads took: 0.0000870 seconds
115.580: Application time: 0.0343150 seconds
115.584: [GC [PSYoungGen: 101632K->7856K(107520K)] 174896K->81175K(352768K), 0.0031370 secs] [Times: user=0.02 sys=0.00, real=0.00 secs] 
115.588: Total time for which application threads were stopped: 0.0071830 seconds, Stopping threads took: 0.0039520 seconds
115.612: Application time: 0.0243170 seconds
115.612: [GC [PSYoungGen: 100016K->7904K(107520K)] 173335K->81280K(352768K), 0.0030600 secs] [Times: user=0.02 sys=0.00, real=0.00 secs] 
115.615: Total time for which application threads were stopped: 0.0032400 seconds, Stopping threads took: 0.0000860 seconds
115.644: Application time: 0.0288380 seconds
115.644: [GC [PSYoungGen: 100064K->7584K(107520K)] 173440K->80959K(352768K), 0.0031810 secs] [Times: user=0.02 sys=0.00, real=0.00 secs] 
115.647: Total time for which application threads were stopped: 0.0033640 seconds, Stopping threads took: 0.0000900 seconds
115.678: Application time: 0.0301680 seconds
115.680: [GC [PSYoungGen: 99744K->7952K(107520K)] 173119K->81328K(352768K), 0.0030600 secs] [Times: user=0.02 sys=0.00, real=0.00 secs] 
115.684: Total time for which application threads were stopped: 0.0059880 seconds, Stopping threads took: 0.0028320 seconds
115.713: Application time: 0.0290990 seconds
115.713: [GC [PSYoungGen: 100112K->8032K(107520K)] 173488K->81408K(352768K), 0.0030610 secs] [Times: user=0.02 sys=0.00, real=0.00 secs] 
115.716: Total time for which application threads were stopped: 0.0032310 seconds, Stopping threads took: 0.0000770 seconds
115.752: Application time: 0.0357840 seconds
115.752: [GC [PSYoungGen: 100192K->9440K(107520K)] 173568K->82816K(352768K), 0.0037250 secs] [Times: user=0.03 sys=0.00, real=0.00 secs] 
115.756: Total time for which application threads were stopped: 0.0039230 seconds, Stopping threads took: 0.0000990 seconds
115.788: Application time: 0.0327040 seconds
115.788: [GC [PSYoungGen: 101600K->7696K(107520K)] 174976K->81072K(352768K), 0.0029950 secs] [Times: user=0.02 sys=0.00, real=0.00 secs] 
115.791: Total time for which application threads were stopped: 0.0031650 seconds, Stopping threads took: 0.0000710 seconds
115.826: Application time: 0.0341020 seconds
115.826: [GC [PSYoungGen: 99856K->7824K(107520K)] 173232K->81200K(352768K), 0.0031690 secs] [Times: user=0.02 sys=0.00, real=0.01 secs] 
115.829: Total time for which application threads were stopped: 0.0033600 seconds, Stopping threads took: 0.0000690 seconds
115.858: Application time: 0.0287840 seconds
115.858: [GC [PSYoungGen: 99984K->7808K(107520K)] 173360K->81183K(352768K), 0.0030530 secs] [Times: user=0.02 sys=0.00, real=0.00 secs] 
115.861: Total time for which application threads were stopped: 0.0032510 seconds, Stopping threads took: 0.0001030 seconds
115.885: Application time: 0.0241280 seconds
115.885: [GC [PSYoungGen: 99968K->8176K(107520K)] 173343K->81552K(352768K), 0.0032880 secs] [Times: user=0.02 sys=0.00, real=0.01 secs] 
115.889: Total time for which application threads were stopped: 0.0034730 seconds, Stopping threads took: 0.0000900 seconds
115.918: Application time: 0.0295670 seconds
115.918: [GC [PSYoungGen: 100336K->12400K(107520K)] 173712K->85776K(352768K), 0.0047810 secs] [Times: user=0.03 sys=0.00, real=0.00 secs] 
115.923: Total time for which application threads were stopped: 0.0049720 seconds, Stopping threads took: 0.0000910 seconds
115.952: Application time: 0.0293190 seconds
115.953: [GC [PSYoungGen: 104560K->9408K(107520K)] 177936K->82784K(352768K), 0.0035740 secs] [Times: user=0.02 sys=0.00, real=0.00 secs] 
115.956: Total time for which application threads were stopped: 0.0037430 seconds, Stopping threads took: 0.0000740 seconds
115.989: Application time: 0.0332690 seconds
115.992: [GC [PSYoungGen: 101568K->10064K(107520K)] 174944K->83440K(352768K), 0.0039320 secs] [Times: user=0.03 sys=0.00, real=0.01 secs] 
115.996: Total time for which application threads were stopped: 0.0069420 seconds, Stopping threads took: 0.0029110 seconds
116.031: Application time: 0.0346480 seconds
116.031: [GC [PSYoungGen: 102224K->7904K(107520K)] 175600K->81279K(352768K), 0.0031040 secs] [Times: user=0.03 sys=0.00, real=0.00 secs] 
116.034: Total time for which application threads were stopped: 0.0033110 seconds, Stopping threads took: 0.0001080 seconds
116.066: Application time: 0.0319110 seconds
116.066: [GC [PSYoungGen: 100064K->9600K(107520K)] 173439K->83064K(352768K), 0.0037740 secs] [Times: user=0.03 sys=0.00, real=0.01 secs] 
116.070: Total time for which application threads were stopped: 0.0039400 seconds, Stopping threads took: 0.0000680 seconds
116.103: Application time: 0.0326340 seconds
116.103: [GC [PSYoungGen: 101760K->7648K(107520K)] 175224K->81168K(352768K), 0.0031580 secs] [Times: user=0.02 sys=0.00, real=0.00 secs] 
116.106: Total time for which application threads were stopped: 0.0033320 seconds, Stopping threads took: 0.0000770 seconds
116.130: Application time: 0.0242670 seconds
116.132: [GC [PSYoungGen: 99808K->7792K(107520K)] 173328K->81368K(352768K), 0.0031170 secs] [Times: user=0.02 sys=0.00, real=0.00 secs] 
116.136: Total time for which application threads were stopped: 0.0051520 seconds, Stopping threads took: 0.0019390 seconds
116.164: Application time: 0.0282050 seconds
116.164: [GC [PSYoungGen: 99952K->9872K(107520K)] 173528K->83504K(352768K), 0.0039060 secs] [Times: user=0.03 sys=0.00, real=0.00 secs] 
116.168: Total time for which application threads were stopped: 0.0040890 seconds, Stopping threads took: 0.0000850 seconds
116.198: Application time: 0.0302710 seconds
116.198: [GC [PSYoungGen: 102032K->9408K(107520K)] 175664K->83040K(352768K), 0.0036160 secs] [Times: user=0.02 sys=0.00, real=0.00 secs] 
116.202: Total time for which application threads were stopped: 0.0037960 seconds, Stopping threads took: 0.0000870 seconds
116.232: Application time: 0.0300180 seconds
116.232: [GC [PSYoungGen: 101568K->8272K(107520K)] 175200K->81960K(352768K), 0.0032300 secs] [Times: user=0.02 sys=0.00, real=0.00 secs] 
116.236: Total time for which application threads were stopped: 0.0037210 seconds, Stopping threads took: 0.0003830 seconds
116.271: Application time: 0.0357510 seconds
116.272: [GC [PSYoungGen: 100432K->8272K(107520K)] 174120K->81960K(352768K), 0.0032590 secs] [Times: user=0.02 sys=0.00, real=0.00 secs] 
116.275: Total time for which application threads were stopped: 0.0034430 seconds, Stopping threads took: 0.0000880 seconds
116.307: Application time: 0.0324060 seconds
116.307: [GC [PSYoungGen: 100432K->7744K(107520K)] 174120K->81432K(352768K), 0.0030860 secs] [Times: user=0.02 sys=0.00, real=0.01 secs] 
116.311: Total time for which application threads were stopped: 0.0032370 seconds, Stopping threads took: 0.0000550 seconds
116.345: Application time: 0.0345980 seconds
116.345: [GC [PSYoungGen: 99904K->7920K(107520K)] 173592K->81664K(352768K), 0.0031760 secs] [Times: user=0.02 sys=0.00, real=0.01 secs] 
116.349: Total time for which application threads were stopped: 0.0033720 seconds, Stopping threads took: 0.0000860 seconds
116.376: Application time: 0.0271990 seconds
116.376: [GC [PSYoungGen: 100080K->7696K(107520K)] 173824K->81488K(352768K), 0.0030880 secs] [Times: user=0.02 sys=0.00, real=0.00 secs] 
116.380: Total time for which application threads were stopped: 0.0037870 seconds, Stopping threads took: 0.0006000 seconds
116.404: Application time: 0.0246530 seconds
116.404: [GC [PSYoungGen: 99856K->7856K(107520K)] 173648K->81648K(352768K), 0.0030320 secs] [Times: user=0.02 sys=0.00, real=0.00 secs] 
116.407: Total time for which application threads were stopped: 0.0032260 seconds, Stopping threads took: 0.0000930 seconds
116.440: Application time: 0.0324160 seconds
116.440: [GC [PSYoungGen: 100016K->10144K(107520K)] 173808K->83936K(352768K), 0.0038490 secs] [Times: user=0.03 sys=0.00, real=0.00 secs] 
116.444: Total time for which application threads were stopped: 0.0040330 seconds, Stopping threads took: 0.0000840 seconds
116.471: Application time: 0.0266770 seconds
116.471: [GC [PSYoungGen: 102304K->10208K(107520K)] 176096K->84000K(352768K), 0.0039140 secs] [Times: user=0.03 sys=0.00, real=0.00 secs] 
116.475: Total time for which application threads were stopped: 0.0041080 seconds, Stopping threads took: 0.0000960 seconds
116.511: Application time: 0.0366900 seconds
116.511: [GC [PSYoungGen: 102368K->9040K(107520K)] 176160K->82832K(352768K), 0.0034620 secs] [Times: user=0.02 sys=0.00, real=0.00 secs] 
116.515: Total time for which application threads were stopped: 0.0036620 seconds, Stopping threads took: 0.0001000 seconds
116.548: Application time: 0.0334600 seconds
116.549: [GC [PSYoungGen: 101200K->8016K(107520K)] 174992K->81808K(352768K), 0.0030580 secs] [Times: user=0.02 sys=0.00, real=0.00 secs] 
116.552: Total time for which application threads were stopped: 0.0032360 seconds, Stopping threads took: 0.0000850 seconds
116.584: Application time: 0.0327990 seconds
116.585: [GC [PSYoungGen: 100176K->9760K(107520K)] 173968K->83552K(352768K), 0.0039280 secs] [Times: user=0.03 sys=0.00, real=0.01 secs] 
116.589: Total time for which application threads were stopped: 0.0041120 seconds, Stopping threads took: 0.0000840 seconds
116.620: Application time: 0.0312830 seconds
116.620: [GC [PSYoungGen: 101920K->7920K(107520K)] 175712K->81712K(352768K), 0.0031220 secs] [Times: user=0.03 sys=0.00, real=0.00 secs] 
116.623: Total time for which application threads were stopped: 0.0033110 seconds, Stopping threads took: 0.0000900 seconds
116.647: Application time: 0.0242760 seconds
116.648: [GC [PSYoungGen: 100080K->7904K(107520K)] 173872K->81696K(352768K), 0.0031170 secs] [Times: user=0.02 sys=0.00, real=0.01 secs] 
116.651: Total time for which application threads were stopped: 0.0033070 seconds, Stopping threads took: 0.0000910 seconds
116.678: Application time: 0.0274710 seconds
116.678: [GC [PSYoungGen: 100064K->9552K(107520K)] 173856K->83344K(352768K), 0.0039050 secs] [Times: user=0.03 sys=0.00, real=0.00 secs] 
116.682: Total time for which application threads were stopped: 0.0040730 seconds, Stopping threads took: 0.0000620 seconds
116.714: Application time: 0.0316520 seconds
116.716: [GC [PSYoungGen: 101712K->9744K(107520K)] 175504K->83536K(352768K), 0.0037920 secs] [Times: user=0.02 sys=0.00, real=0.00 secs] 
116.720: Total time for which application threads were stopped: 0.0062830 seconds, Stopping threads took: 0.0023900 seconds
116.751: Application time: 0.0304500 seconds
116.752: [GC [PSYoungGen: 101904K->7952K(107520K)] 175696K->81744K(352768K), 0.0031870 secs] [Times: user=0.02 sys=0.00, real=0.00 secs] 
116.756: Total time for which application threads were stopped: 0.0049240 seconds, Stopping threads took: 0.0016440 seconds
116.791: Application time: 0.0352050 seconds
116.791: [GC [PSYoungGen: 100112K->9792K(107520K)] 173904K->83584K(352768K), 0.0038980 secs] [Times: user=0.03 sys=0.00, real=0.00 secs] 
116.795: Total time for which application threads were stopped: 0.0040690 seconds, Stopping threads took: 0.0000720 seconds
116.827: Application time: 0.0318340 seconds
116.827: [GC [PSYoungGen: 101952K->8192K(107520K)] 175744K->81984K(352768K), 0.0031670 secs] [Times: user=0.02 sys=0.00, real=0.01 secs] 
116.830: Total time for which application threads were stopped: 0.0033650 seconds, Stopping threads took: 0.0000990 seconds
116.864: Application time: 0.0341230 seconds
116.864: [GC [PSYoungGen: 100352K->7936K(107520K)] 174144K->81840K(352768K), 0.0031820 secs] [Times: user=0.02 sys=0.00, real=0.00 secs] 
116.868: Total time for which application threads were stopped: 0.0034150 seconds, Stopping threads took: 0.0001190 seconds
116.893: Application time: 0.0252260 seconds
116.896: [GC [PSYoungGen: 100096K->8032K(107520K)] 174000K->81936K(352768K), 0.0032700 secs] [Times: user=0.02 sys=0.00, real=0.00 secs] 
116.900: Total time for which application threads were stopped: 0.0068010 seconds, Stopping threads took: 0.0034370 seconds
116.929: Application time: 0.0291260 seconds
116.929: [GC [PSYoungGen: 100192K->8464K(107520K)] 174096K->82456K(352768K), 0.0032650 secs] [Times: user=0.02 sys=0.00, real=0.00 secs] 
116.932: Total time for which application threads were stopped: 0.0034410 seconds, Stopping threads took: 0.0000830 seconds
116.963: Application time: 0.0305630 seconds
116.963: [GC [PSYoungGen: 100624K->7888K(107520K)] 174616K->81880K(352768K), 0.0030280 secs] [Times: user=0.02 sys=0.00, real=0.00 secs] 
116.966: Total time for which application threads were stopped: 0.0032330 seconds, Stopping threads took: 0.0001040 seconds
116.996: Application time: 0.0297880 seconds
116.996: [GC [PSYoungGen: 100048K->8640K(107520K)] 174040K->82672K(352768K), 0.0032900 secs] [Times: user=0.02 sys=0.00, real=0.01 secs] 
116.999: Total time for which application threads were stopped: 0.0034670 seconds, Stopping threads took: 0.0000780 seconds
117.033: Application time: 0.0333260 seconds
117.033: [GC [PSYoungGen: 100800K->7984K(107520K)] 174832K->82016K(352768K), 0.0031470 secs] [Times: user=0.02 sys=0.00, real=0.00 secs] 
117.036: Total time for which application threads were stopped: 0.0033330 seconds, Stopping threads took: 0.0000920 seconds
117.069: Application time: 0.0328760 seconds
117.072: [GC [PSYoungGen: 100144K->7584K(107520K)] 174176K->81616K(352768K), 0.0029740 secs] [Times: user=0.02 sys=0.00, real=0.00 secs] 
117.075: Total time for which application threads were stopped: 0.0065320 seconds, Stopping threads took: 0.0034610 seconds
117.110: Application time: 0.0343300 seconds
117.110: [GC [PSYoungGen: 99744K->7744K(107520K)] 173776K->81832K(352768K), 0.0030630 secs] [Times: user=0.02 sys=0.00, real=0.00 secs] 
117.113: Total time for which application threads were stopped: 0.0032540 seconds, Stopping threads took: 0.0000960 seconds
117.141: Application time: 0.0281190 seconds
117.141: [GC [PSYoungGen: 99904K->7536K(107520K)] 173992K->81672K(352768K), 0.0030370 secs] [Times: user=0.01 sys=0.01, real=0.00 secs] 
117.144: Total time for which application threads were stopped: 0.0032140 seconds, Stopping threads took: 0.0000730 seconds
117.169: Application time: 0.0248510 seconds
117.169: [GC [PSYoungGen: 99696K->8016K(107520K)] 173832K->82152K(352768K), 0.0030750 secs] [Times: user=0.02 sys=0.00, real=0.00 secs] 
117.172: Total time for which application threads were stopped: 0.0032580 seconds, Stopping threads took: 0.0000890 seconds
117.202: Application time: 0.0293390 seconds
117.202: [GC [PSYoungGen: 100176K->13904K(107520K)] 174312K->88040K(352768K), 0.0053680 secs] [Times: user=0.04 sys=0.00, real=0.00 secs] 
117.207: Total time for which application threads were stopped: 0.0055530 seconds, Stopping threads took: 0.0000840 seconds
117.237: Application time: 0.0297950 seconds
117.237: [GC [PSYoungGen: 106064K->11456K(107520K)] 180200K->85592K(352768K), 0.0044830 secs] [Times: user=0.03 sys=0.00, real=0.00 secs] 
117.242: Total time for which application threads were stopped: 0.0046550 seconds, Stopping threads took: 0.0000740 seconds
117.275: Application time: 0.0327860 seconds
117.276: [GC [PSYoungGen: 103616K->9536K(107520K)] 177752K->83672K(352768K), 0.0037280 secs] [Times: user=0.02 sys=0.00, real=0.00 secs] 
117.280: Total time for which application threads were stopped: 0.0055800 seconds, Stopping threads took: 0.0017550 seconds
117.315: Application time: 0.0351040 seconds
117.315: [GC [PSYoungGen: 101696K->8288K(107520K)] 175832K->82424K(352768K), 0.0032110 secs] [Times: user=0.02 sys=0.00, real=0.01 secs] 
117.319: Total time for which application threads were stopped: 0.0034010 seconds, Stopping threads took: 0.0000930 seconds
117.350: Application time: 0.0316290 seconds
117.350: [GC [PSYoungGen: 100448K->9680K(107520K)] 174584K->83816K(352768K), 0.0037940 secs] [Times: user=0.03 sys=0.00, real=0.00 secs] 
117.354: Total time for which application threads were stopped: 0.0039700 seconds, Stopping threads took: 0.0000790 seconds
117.388: Application time: 0.0332610 seconds
117.388: [GC [PSYoungGen: 101840K->7904K(107520K)] 175976K->82040K(352768K), 0.0031130 secs] [Times: user=0.02 sys=0.00, real=0.01 secs] 
117.391: Total time for which application threads were stopped: 0.0033270 seconds, Stopping threads took: 0.0000970 seconds
117.416: Application time: 0.0251530 seconds
117.420: [GC [PSYoungGen: 100064K->7728K(107520K)] 174200K->81864K(352768K), 0.0030950 secs] [Times: user=0.02 sys=0.00, real=0.00 secs] 
117.424: Total time for which application threads were stopped: 0.0074880 seconds, Stopping threads took: 0.0042960 seconds
117.453: Application time: 0.0292540 seconds
117.453: [GC [PSYoungGen: 99888K->10912K(107520K)] 174024K->85048K(352768K), 0.0041940 secs] [Times: user=0.03 sys=0.00, real=0.01 secs] 
117.457: Total time for which application threads were stopped: 0.0043760 seconds, Stopping threads took: 0.0000820 seconds
117.488: Application time: 0.0305660 seconds
117.488: [GC [PSYoungGen: 103072K->8528K(107520K)] 177208K->82664K(352768K), 0.0032760 secs] [Times: user=0.02 sys=0.00, real=0.01 secs] 
117.491: Total time for which application threads were stopped: 0.0034380 seconds, Stopping threads took: 0.0000630 seconds
117.520: Application time: 0.0293060 seconds
117.521: [GC [PSYoungGen: 100688K->8224K(107520K)] 174824K->82360K(352768K), 0.0032790 secs] [Times: user=0.03 sys=0.00, real=0.00 secs] 
117.524: Total time for which application threads were stopped: 0.0034560 seconds, Stopping threads took: 0.0000850 seconds
117.557: Application time: 0.0328420 seconds
117.557: [GC [PSYoungGen: 100384K->8160K(107520K)] 174520K->82296K(352768K), 0.0032990 secs] [Times: user=0.02 sys=0.00, real=0.00 secs] 
117.560: Total time for which application threads were stopped: 0.0034960 seconds, Stopping threads took: 0.0000970 seconds
117.595: Application time: 0.0343510 seconds
117.595: [GC [PSYoungGen: 100320K->7936K(107520K)] 174456K->82072K(352768K), 0.0031260 secs] [Times: user=0.02 sys=0.00, real=0.01 secs] 
117.598: Total time for which application threads were stopped: 0.0033190 seconds, Stopping threads took: 0.0000960 seconds
117.633: Application time: 0.0350260 seconds
117.633: [GC [PSYoungGen: 100096K->7936K(107520K)] 174232K->82152K(352768K), 0.0032150 secs] [Times: user=0.02 sys=0.00, real=0.01 secs] 
117.636: Total time for which application threads were stopped: 0.0034060 seconds, Stopping threads took: 0.0000860 seconds
117.663: Application time: 0.0267810 seconds
117.663: [GC [PSYoungGen: 100096K->7888K(107520K)] 174312K->82160K(352768K), 0.0031440 secs] [Times: user=0.01 sys=0.01, real=0.00 secs] 
117.666: Total time for which application threads were stopped: 0.0033100 seconds, Stopping threads took: 0.0000730 seconds
117.693: Application time: 0.0264390 seconds
117.693: [GC [PSYoungGen: 100048K->7824K(107520K)] 174320K->82144K(352768K), 0.0032030 secs] [Times: user=0.02 sys=0.00, real=0.00 secs] 
117.696: Total time for which application threads were stopped: 0.0033810 seconds, Stopping threads took: 0.0000750 seconds
117.727: Application time: 0.0304020 seconds
117.727: [GC [PSYoungGen: 99984K->10848K(107520K)] 174304K->85216K(352768K), 0.0041330 secs] [Times: user=0.03 sys=0.00, real=0.01 secs] 
117.731: Total time for which application threads were stopped: 0.0043130 seconds, Stopping threads took: 0.0000800 seconds
117.759: Application time: 0.0283120 seconds
117.759: [GC [PSYoungGen: 103008K->11600K(107520K)] 177376K->86016K(352768K), 0.0045140 secs] [Times: user=0.04 sys=0.00, real=0.00 secs] 
117.764: Total time for which application threads were stopped: 0.0047050 seconds, Stopping threads took: 0.0000910 seconds
117.796: Application time: 0.0321450 seconds
117.796: [GC [PSYoungGen: 103760K->9760K(107520K)] 178176K->84176K(352768K), 0.0038850 secs] [Times: user=0.03 sys=0.00, real=0.00 secs] 
117.800: Total time for which application threads were stopped: 0.0040760 seconds, Stopping threads took: 0.0000870 seconds
117.836: Application time: 0.0354080 seconds
117.836: [GC [PSYoungGen: 101920K->7792K(107520K)] 176336K->82208K(352768K), 0.0030650 secs] [Times: user=0.02 sys=0.00, real=0.01 secs] 
117.839: Total time for which application threads were stopped: 0.0032650 seconds, Stopping threads took: 0.0001030 seconds
117.872: Application time: 0.0326900 seconds
117.872: [GC [PSYoungGen: 99952K->8048K(107520K)] 174368K->82520K(352768K), 0.0032610 secs] [Times: user=0.02 sys=0.00, real=0.00 secs] 
117.875: Total time for which application threads were stopped: 0.0034470 seconds, Stopping threads took: 0.0000890 seconds
117.906: Application time: 0.0311130 seconds
117.906: [GC [PSYoungGen: 100208K->7648K(107520K)] 174680K->82168K(352768K), 0.0031650 secs] [Times: user=0.02 sys=0.00, real=0.01 secs] 
117.910: Total time for which application threads were stopped: 0.0033720 seconds, Stopping threads took: 0.0000930 seconds
117.935: Application time: 0.0251980 seconds
117.935: [GC [PSYoungGen: 99808K->8048K(107520K)] 174328K->82568K(352768K), 0.0032430 secs] [Times: user=0.02 sys=0.00, real=0.01 secs] 
117.938: Total time for which application threads were stopped: 0.0034140 seconds, Stopping threads took: 0.0000740 seconds
117.966: Application time: 0.0282210 seconds
117.967: [GC [PSYoungGen: 100208K->11088K(107520K)] 174728K->85608K(352768K), 0.0042380 secs] [Times: user=0.03 sys=0.00, real=0.01 secs] 
117.971: Total time for which application threads were stopped: 0.0044280 seconds, Stopping threads took: 0.0000910 seconds
118.001: Application time: 0.0303370 seconds
118.004: [GC [PSYoungGen: 103248K->8352K(107520K)] 177768K->82872K(352768K), 0.0031310 secs] [Times: user=0.02 sys=0.00, real=0.00 secs] 
118.008: Total time for which application threads were stopped: 0.0063590 seconds, Stopping threads took: 0.0031300 seconds
118.038: Application time: 0.0307760 seconds
118.038: [GC [PSYoungGen: 100512K->7776K(107520K)] 175032K->82296K(352768K), 0.0030440 secs] [Times: user=0.02 sys=0.00, real=0.00 secs] 
118.042: Total time for which application threads were stopped: 0.0032210 seconds, Stopping threads took: 0.0000810 seconds
118.075: Application time: 0.0330330 seconds
118.075: [GC [PSYoungGen: 99936K->9808K(107520K)] 174456K->84328K(352768K), 0.0038780 secs] [Times: user=0.03 sys=0.00, real=0.01 secs] 
118.079: Total time for which application threads were stopped: 0.0040760 seconds, Stopping threads took: 0.0000970 seconds
118.112: Application time: 0.0335590 seconds
118.112: [GC [PSYoungGen: 101968K->9888K(107520K)] 176488K->84408K(352768K), 0.0040240 secs] [Times: user=0.03 sys=0.00, real=0.01 secs] 
118.116: Total time for which application threads were stopped: 0.0042120 seconds, Stopping threads took: 0.0000910 seconds
118.151: Application time: 0.0350210 seconds
118.152: [GC [PSYoungGen: 102048K->8192K(107520K)] 176568K->82712K(352768K), 0.0033070 secs] [Times: user=0.02 sys=0.00, real=0.00 secs] 
118.155: Total time for which application threads were stopped: 0.0034950 seconds, Stopping threads took: 0.0000910 seconds
118.182: Application time: 0.0270560 seconds
118.182: [GC [PSYoungGen: 100352K->8080K(107520K)] 174872K->82600K(352768K), 0.0032020 secs] [Times: user=0.02 sys=0.00, real=0.00 secs] 
118.185: Total time for which application threads were stopped: 0.0033900 seconds, Stopping threads took: 0.0000900 seconds
118.212: Application time: 0.0264030 seconds
118.212: [GC [PSYoungGen: 100240K->7920K(107520K)] 174760K->82440K(352768K), 0.0031460 secs] [Times: user=0.02 sys=0.00, real=0.00 secs] 
118.215: Total time for which application threads were stopped: 0.0033370 seconds, Stopping threads took: 0.0000960 seconds
118.245: Application time: 0.0296670 seconds
118.246: [GC [PSYoungGen: 100080K->10064K(107520K)] 174600K->84584K(352768K), 0.0037720 secs] [Times: user=0.02 sys=0.00, real=0.01 secs] 
118.250: Total time for which application threads were stopped: 0.0051380 seconds, Stopping threads took: 0.0012540 seconds
118.278: Application time: 0.0277250 seconds
118.278: [GC [PSYoungGen: 102224K->9760K(107520K)] 176744K->84280K(352768K), 0.0039540 secs] [Times: user=0.03 sys=0.00, real=0.00 secs] 
118.282: Total time for which application threads were stopped: 0.0041240 seconds, Stopping threads took: 0.0000750 seconds
118.315: Application time: 0.0330340 seconds
118.315: [GC [PSYoungGen: 101920K->8336K(107520K)] 176440K->82856K(352768K), 0.0032450 secs] [Times: user=0.02 sys=0.00, real=0.01 secs] 
118.318: Total time for which application threads were stopped: 0.0034570 seconds, Stopping threads took: 0.0001130 seconds
118.354: Application time: 0.0357970 seconds
118.354: [GC [PSYoungGen: 100496K->7952K(107520K)] 175016K->82472K(352768K), 0.0031810 secs] [Times: user=0.01 sys=0.00, real=0.01 secs] 
118.357: Total time for which application threads were stopped: 0.0033700 seconds, Stopping threads took: 0.0000940 seconds
118.391: Application time: 0.0337430 seconds
118.391: [GC [PSYoungGen: 100112K->8016K(107520K)] 174632K->82632K(352768K), 0.0031790 secs] [Times: user=0.02 sys=0.00, real=0.00 secs] 
118.395: Total time for which application threads were stopped: 0.0033660 seconds, Stopping threads took: 0.0000900 seconds
118.426: Application time: 0.0311480 seconds
118.426: [GC [PSYoungGen: 100176K->7744K(107520K)] 174792K->82416K(352768K), 0.0030270 secs] [Times: user=0.02 sys=0.00, real=0.01 secs] 
118.429: Total time for which application threads were stopped: 0.0032660 seconds, Stopping threads took: 0.0001220 seconds
118.453: Application time: 0.0240210 seconds
118.453: [GC [PSYoungGen: 99904K->7888K(107520K)] 174576K->82560K(352768K), 0.0031980 secs] [Times: user=0.02 sys=0.00, real=0.01 secs] 
118.456: Total time for which application threads were stopped: 0.0033860 seconds, Stopping threads took: 0.0000930 seconds
118.488: Application time: 0.0316130 seconds
118.492: [GC [PSYoungGen: 100048K->9904K(107520K)] 174720K->84672K(352768K), 0.0039150 secs] [Times: user=0.02 sys=0.00, real=0.01 secs] 
118.496: Total time for which application threads were stopped: 0.0083240 seconds, Stopping threads took: 0.0043110 seconds
118.523: Application time: 0.0269650 seconds
118.523: [GC [PSYoungGen: 102064K->7792K(107520K)] 176832K->82616K(352768K), 0.0030860 secs] [Times: user=0.02 sys=0.00, real=0.00 secs] 
118.527: Total time for which application threads were stopped: 0.0032630 seconds, Stopping threads took: 0.0000820 seconds
118.558: Application time: 0.0312130 seconds
118.560: [GC [PSYoungGen: 99952K->9696K(107520K)] 174776K->84521K(352768K), 0.0037530 secs] [Times: user=0.03 sys=0.00, real=0.00 secs] 
118.564: Total time for which application threads were stopped: 0.0063680 seconds, Stopping threads took: 0.0025180 seconds
118.599: Application time: 0.0345320 seconds
118.600: [GC [PSYoungGen: 101856K->8384K(107520K)] 176681K->83208K(352768K), 0.0032800 secs] [Times: user=0.02 sys=0.00, real=0.00 secs] 
118.604: Total time for which application threads were stopped: 0.0050210 seconds, Stopping threads took: 0.0016430 seconds
118.638: Application time: 0.0343290 seconds
118.638: [GC [PSYoungGen: 100544K->7872K(107520K)] 175368K->82696K(352768K), 0.0031450 secs] [Times: user=0.02 sys=0.00, real=0.00 secs] 
118.641: Total time for which application threads were stopped: 0.0033170 seconds, Stopping threads took: 0.0000780 seconds
118.675: Application time: 0.0332100 seconds
118.675: [GC [PSYoungGen: 100032K->7632K(107520K)] 174856K->82513K(352768K), 0.0030840 secs] [Times: user=0.02 sys=0.00, real=0.01 secs] 
118.678: Total time for which application threads were stopped: 0.0032820 seconds, Stopping threads took: 0.0001010 seconds
118.704: Application time: 0.0263030 seconds
118.704: [GC [PSYoungGen: 99792K->8016K(107520K)] 174673K->82945K(352768K), 0.0032000 secs] [Times: user=0.02 sys=0.00, real=0.00 secs] 
118.708: Total time for which application threads were stopped: 0.0034030 seconds, Stopping threads took: 0.0001070 seconds
118.736: Application time: 0.0283090 seconds
118.736: [GC [PSYoungGen: 100176K->9552K(107520K)] 175105K->84481K(352768K), 0.0036990 secs] [Times: user=0.02 sys=0.00, real=0.01 secs] 
118.740: Total time for which application threads were stopped: 0.0038950 seconds, Stopping threads took: 0.0000970 seconds
118.768: Application time: 0.0280460 seconds
118.768: [GC [PSYoungGen: 101712K->9904K(107520K)] 176641K->84833K(352768K), 0.0038340 secs] [Times: user=0.03 sys=0.00, real=0.01 secs] 
118.772: Total time for which application threads were stopped: 0.0040160 seconds, Stopping threads took: 0.0000840 seconds
118.800: Application time: 0.0277990 seconds
118.800: [GC [PSYoungGen: 102064K->9808K(107520K)] 176993K->84737K(352768K), 0.0038400 secs] [Times: user=0.03 sys=0.00, real=0.00 secs] 
118.804: Total time for which application threads were stopped: 0.0040270 seconds, Stopping threads took: 0.0000890 seconds
118.838: Application time: 0.0342460 seconds
118.838: [GC [PSYoungGen: 101968K->10160K(107520K)] 176897K->85089K(352768K), 0.0039960 secs] [Times: user=0.03 sys=0.00, real=0.00 secs] 
118.842: Total time for which application threads were stopped: 0.0041750 seconds, Stopping threads took: 0.0000830 seconds
118.877: Application time: 0.0343790 seconds
118.877: [GC [PSYoungGen: 102320K->9248K(107520K)] 177249K->84177K(352768K), 0.0036980 secs] [Times: user=0.03 sys=0.00, real=0.00 secs] 
118.880: Total time for which application threads were stopped: 0.0038880 seconds, Stopping threads took: 0.0000910 seconds
118.915: Application time: 0.0350290 seconds
118.916: [GC [PSYoungGen: 101408K->7840K(107520K)] 176337K->82768K(352768K), 0.0031050 secs] [Times: user=0.02 sys=0.00, real=0.01 secs] 
118.919: Total time for which application threads were stopped: 0.0033110 seconds, Stopping threads took: 0.0001110 seconds
118.947: Application time: 0.0285650 seconds
118.947: [GC [PSYoungGen: 100000K->7792K(107520K)] 174928K->82721K(352768K), 0.0031250 secs] [Times: user=0.02 sys=0.00, real=0.01 secs] 
118.951: Total time for which application threads were stopped: 0.0033430 seconds, Stopping threads took: 0.0001000 seconds
118.976: Application time: 0.0252470 seconds
118.980: [GC [PSYoungGen: 99952K->8016K(107520K)] 174881K->82945K(352768K), 0.0033610 secs] [Times: user=0.02 sys=0.00, real=0.00 secs] 
118.984: Total time for which application threads were stopped: 0.0079470 seconds, Stopping threads took: 0.0044900 seconds
119.015: Application time: 0.0308320 seconds
119.016: [GC [PSYoungGen: 100176K->8736K(107520K)] 175105K->83665K(352768K), 0.0034190 secs] [Times: user=0.02 sys=0.00, real=0.00 secs] 
119.020: Total time for which application threads were stopped: 0.0052770 seconds, Stopping threads took: 0.0017340 seconds
119.047: Application time: 0.0267340 seconds
119.047: [GC [PSYoungGen: 100896K->8128K(107520K)] 175825K->83057K(352768K), 0.0031650 secs] [Times: user=0.02 sys=0.00, real=0.01 secs] 
119.050: Total time for which application threads were stopped: 0.0034090 seconds, Stopping threads took: 0.0001460 seconds
119.084: Application time: 0.0334710 seconds
119.084: [GC [PSYoungGen: 100288K->9664K(107520K)] 175217K->84593K(352768K), 0.0037230 secs] [Times: user=0.03 sys=0.00, real=0.00 secs] 
119.088: Total time for which application threads were stopped: 0.0046280 seconds, Stopping threads took: 0.0008060 seconds
119.121: Application time: 0.0332860 seconds
119.122: [GC [PSYoungGen: 101824K->8176K(107520K)] 176753K->83105K(352768K), 0.0032580 secs] [Times: user=0.03 sys=0.00, real=0.00 secs] 
119.125: Total time for which application threads were stopped: 0.0034450 seconds, Stopping threads took: 0.0000910 seconds
119.159: Application time: 0.0340950 seconds
119.159: [GC [PSYoungGen: 100336K->8256K(107520K)] 175265K->83273K(352768K), 0.0033500 secs] [Times: user=0.02 sys=0.00, real=0.00 secs] 
119.163: Total time for which application threads were stopped: 0.0035440 seconds, Stopping threads took: 0.0000950 seconds
119.195: Application time: 0.0326880 seconds
119.195: [GC [PSYoungGen: 100416K->7648K(107520K)] 175433K->82665K(352768K), 0.0030740 secs] [Times: user=0.02 sys=0.00, real=0.01 secs] 
119.199: Total time for which application threads were stopped: 0.0032490 seconds, Stopping threads took: 0.0000790 seconds
119.224: Application time: 0.0257440 seconds
119.224: [GC [PSYoungGen: 99808K->7872K(107520K)] 174825K->82945K(352768K), 0.0031160 secs] [Times: user=0.02 sys=0.00, real=0.00 secs] 
119.228: Total time for which application threads were stopped: 0.0032810 seconds, Stopping threads took: 0.0000740 seconds
119.257: Application time: 0.0292850 seconds
119.257: [GC [PSYoungGen: 100032K->9840K(107520K)] 175105K->84993K(352768K), 0.0038260 secs] [Times: user=0.02 sys=0.00, real=0.00 secs] 
119.261: Total time for which application threads were stopped: 0.0040040 seconds, Stopping threads took: 0.0000800 seconds
119.288: Application time: 0.0269640 seconds
119.292: [GC [PSYoungGen: 102000K->8336K(107520K)] 177153K->83545K(352768K), 0.0032730 secs] [Times: user=0.02 sys=0.00, real=0.00 secs] 
119.296: Total time for which application threads were stopped: 0.0078940 seconds, Stopping threads took: 0.0045250 seconds
119.326: Application time: 0.0301200 seconds
119.326: [GC [PSYoungGen: 100496K->10064K(107520K)] 175705K->85273K(352768K), 0.0038470 secs] [Times: user=0.03 sys=0.00, real=0.01 secs] 
119.330: Total time for which application threads were stopped: 0.0040130 seconds, Stopping threads took: 0.0000680 seconds
119.364: Application time: 0.0345140 seconds
119.364: [GC [PSYoungGen: 102224K->9504K(107520K)] 177433K->84713K(352768K), 0.0036910 secs] [Times: user=0.03 sys=0.00, real=0.00 secs] 
119.368: Total time for which application threads were stopped: 0.0038620 seconds, Stopping threads took: 0.0000750 seconds
119.402: Application time: 0.0342020 seconds
119.403: [GC [PSYoungGen: 101664K->8800K(107520K)] 176873K->84009K(352768K), 0.0035070 secs] [Times: user=0.03 sys=0.00, real=0.00 secs] 
119.406: Total time for which application threads were stopped: 0.0036730 seconds, Stopping threads took: 0.0000690 seconds
119.442: Application time: 0.0357850 seconds
119.442: [GC [PSYoungGen: 100960K->7808K(107520K)] 176169K->83073K(352768K), 0.0031290 secs] [Times: user=0.02 sys=0.00, real=0.00 secs] 
119.445: Total time for which application threads were stopped: 0.0033090 seconds, Stopping threads took: 0.0000850 seconds
119.472: Application time: 0.0265620 seconds
119.472: [GC [PSYoungGen: 99968K->7552K(107520K)] 175233K->82873K(352768K), 0.0031110 secs] [Times: user=0.02 sys=0.00, real=0.00 secs] 
119.475: Total time for which application threads were stopped: 0.0032890 seconds, Stopping threads took: 0.0000630 seconds
119.501: Application time: 0.0257160 seconds
119.501: [GC [PSYoungGen: 99712K->7536K(107520K)] 175033K->82857K(352768K), 0.0029680 secs] [Times: user=0.02 sys=0.00, real=0.00 secs] 
119.504: Total time for which application threads were stopped: 0.0031390 seconds, Stopping threads took: 0.0000740 seconds
119.535: Application time: 0.0312170 seconds
119.535: [GC [PSYoungGen: 99696K->10112K(107520K)] 175017K->85433K(352768K), 0.0039910 secs] [Times: user=0.03 sys=0.00, real=0.01 secs] 
119.539: Total time for which application threads were stopped: 0.0041860 seconds, Stopping threads took: 0.0000970 seconds
119.564: Application time: 0.0250920 seconds
119.565: [GC [PSYoungGen: 102272K->9728K(107520K)] 177593K->85049K(352768K), 0.0037960 secs] [Times: user=0.02 sys=0.00, real=0.01 secs] 
119.568: Total time for which application threads were stopped: 0.0039440 seconds, Stopping threads took: 0.0000510 seconds
119.606: Application time: 0.0373080 seconds
119.606: [GC [PSYoungGen: 101888K->8784K(107520K)] 177209K->84105K(352768K), 0.0033460 secs] [Times: user=0.02 sys=0.00, real=0.01 secs] 
119.609: Total time for which application threads were stopped: 0.0035260 seconds, Stopping threads took: 0.0000830 seconds
119.641: Application time: 0.0318840 seconds
119.641: [GC [PSYoungGen: 100944K->7936K(107520K)] 176265K->83257K(352768K), 0.0031600 secs] [Times: user=0.02 sys=0.00, real=0.00 secs] 
119.644: Total time for which application threads were stopped: 0.0033570 seconds, Stopping threads took: 0.0001010 seconds
119.679: Application time: 0.0345710 seconds
119.679: [GC [PSYoungGen: 100096K->8208K(107520K)] 175417K->83529K(352768K), 0.0033990 secs] [Times: user=0.02 sys=0.00, real=0.00 secs] 
119.683: Total time for which application threads were stopped: 0.0035920 seconds, Stopping threads took: 0.0000940 seconds
119.714: Application time: 0.0318260 seconds
119.715: [GC [PSYoungGen: 100368K->7824K(107520K)] 175689K->83145K(352768K), 0.0030870 secs] [Times: user=0.02 sys=0.00, real=0.01 secs] 
119.718: Total time for which application threads were stopped: 0.0032910 seconds, Stopping threads took: 0.0001090 seconds
119.741: Application time: 0.0234490 seconds
119.741: [GC [PSYoungGen: 99984K->8032K(107520K)] 175305K->83353K(352768K), 0.0032060 secs] [Times: user=0.02 sys=0.00, real=0.00 secs] 
119.745: Total time for which application threads were stopped: 0.0033820 seconds, Stopping threads took: 0.0000680 seconds
119.777: Application time: 0.0319820 seconds
119.777: [GC [PSYoungGen: 100192K->11152K(107520K)] 175513K->86473K(352768K), 0.0041500 secs] [Times: user=0.03 sys=0.00, real=0.00 secs] 
119.781: Total time for which application threads were stopped: 0.0043680 seconds, Stopping threads took: 0.0001210 seconds
119.806: Application time: 0.0252260 seconds
119.806: [GC [PSYoungGen: 103312K->8240K(107520K)] 178633K->83561K(352768K), 0.0031740 secs] [Times: user=0.02 sys=0.00, real=0.01 secs] 
119.810: Total time for which application threads were stopped: 0.0033630 seconds, Stopping threads took: 0.0000940 seconds
119.840: Application time: 0.0305840 seconds
119.840: [GC [PSYoungGen: 100400K->11824K(107520K)] 175721K->87145K(352768K), 0.0046610 secs] [Times: user=0.03 sys=0.00, real=0.00 secs] 
119.845: Total time for which application threads were stopped: 0.0048280 seconds, Stopping threads took: 0.0000650 seconds
119.880: Application time: 0.0354660 seconds
119.881: [GC [PSYoungGen: 103984K->7840K(107520K)] 179305K->83161K(352768K), 0.0030120 secs] [Times: user=0.02 sys=0.00, real=0.00 secs] 
119.884: Total time for which application threads were stopped: 0.0032300 seconds, Stopping threads took: 0.0001190 seconds
119.917: Application time: 0.0332390 seconds
119.917: [GC [PSYoungGen: 100000K->9472K(107520K)] 175321K->84793K(352768K), 0.0038330 secs] [Times: user=0.02 sys=0.00, real=0.00 secs] 
119.921: Total time for which application threads were stopped: 0.0039980 seconds, Stopping threads took: 0.0000660 seconds
119.957: Application time: 0.0360040 seconds
119.960: [GC [PSYoungGen: 101632K->8160K(107520K)] 176953K->83561K(352768K), 0.0032980 secs] [Times: user=0.03 sys=0.00, real=0.00 secs] 
119.964: Total time for which application threads were stopped: 0.0068550 seconds, Stopping threads took: 0.0034580 seconds
119.989: Application time: 0.0252630 seconds
119.989: [GC [PSYoungGen: 100320K->7760K(107520K)] 175721K->83201K(352768K), 0.0031080 secs] [Times: user=0.02 sys=0.00, real=0.00 secs] 
119.992: Total time for which application threads were stopped: 0.0033290 seconds, Stopping threads took: 0.0001070 seconds
120.020: Application time: 0.0277080 seconds
120.020: [GC [PSYoungGen: 99920K->8352K(107520K)] 175361K->83873K(352768K), 0.0032590 secs] [Times: user=0.02 sys=0.01, real=0.00 secs] 
120.024: Total time for which application threads were stopped: 0.0034670 seconds, Stopping threads took: 0.0001080 seconds
120.051: Application time: 0.0279630 seconds
120.052: [GC [PSYoungGen: 100512K->9968K(107520K)] 176033K->85489K(352768K), 0.0038570 secs] [Times: user=0.03 sys=0.00, real=0.00 secs] 
120.056: Total time for which application threads were stopped: 0.0040410 seconds, Stopping threads took: 0.0000840 seconds
120.081: Application time: 0.0258810 seconds
120.082: [GC [PSYoungGen: 102128K->7872K(107520K)] 177649K->83441K(352768K), 0.0030250 secs] [Times: user=0.02 sys=0.00, real=0.00 secs] 
120.085: Total time for which application threads were stopped: 0.0032000 seconds, Stopping threads took: 0.0000810 seconds
120.124: Application time: 0.0394860 seconds
120.124: [GC [PSYoungGen: 100032K->8672K(107520K)] 175601K->84249K(352768K), 0.0033870 secs] [Times: user=0.02 sys=0.00, real=0.00 secs] 
120.128: Total time for which application threads were stopped: 0.0035860 seconds, Stopping threads took: 0.0001010 seconds
120.158: Application time: 0.0304200 seconds
120.158: [GC [PSYoungGen: 100832K->7856K(107520K)] 176409K->83433K(352768K), 0.0031710 secs] [Times: user=0.02 sys=0.00, real=0.00 secs] 
120.161: Total time for which application threads were stopped: 0.0033730 seconds, Stopping threads took: 0.0001050 seconds
120.198: Application time: 0.0361630 seconds
120.198: [GC [PSYoungGen: 100016K->7728K(107520K)] 175593K->83361K(352768K), 0.0031480 secs] [Times: user=0.02 sys=0.00, real=0.00 secs] 
120.201: Total time for which application threads were stopped: 0.0033210 seconds, Stopping threads took: 0.0000770 seconds
120.230: Application time: 0.0291070 seconds
120.230: [GC [PSYoungGen: 99888K->7824K(107520K)] 175521K->83513K(352768K), 0.0030700 secs] [Times: user=0.03 sys=0.00, real=0.00 secs] 
120.233: Total time for which application threads were stopped: 0.0032520 seconds, Stopping threads took: 0.0000860 seconds
120.259: Application time: 0.0253020 seconds
120.259: [GC [PSYoungGen: 99984K->7840K(107520K)] 175673K->83529K(352768K), 0.0030810 secs] [Times: user=0.02 sys=0.00, real=0.00 secs] 
120.262: Total time for which application threads were stopped: 0.0032690 seconds, Stopping threads took: 0.0000930 seconds
120.296: Application time: 0.0341340 seconds
120.296: [GC [PSYoungGen: 100000K->9632K(107520K)] 175689K->85321K(352768K), 0.0037750 secs] [Times: user=0.03 sys=0.00, real=0.01 secs] 
120.300: Total time for which application threads were stopped: 0.0039740 seconds, Stopping threads took: 0.0001010 seconds
120.322: Application time: 0.0221340 seconds
120.322: [GC [PSYoungGen: 101792K->8288K(107520K)] 177481K->83977K(352768K), 0.0032570 secs] [Times: user=0.01 sys=0.00, real=0.00 secs] 
120.326: Total time for which application threads were stopped: 0.0034360 seconds, Stopping threads took: 0.0000820 seconds
120.361: Application time: 0.0354400 seconds
120.361: [GC [PSYoungGen: 100448K->10816K(107520K)] 176137K->86505K(352768K), 0.0040590 secs] [Times: user=0.03 sys=0.00, real=0.00 secs] 
120.365: Total time for which application threads were stopped: 0.0042350 seconds, Stopping threads took: 0.0000790 seconds
120.398: Application time: 0.0324190 seconds
120.400: [GC [PSYoungGen: 102976K->8192K(107520K)] 178665K->83881K(352768K), 0.0031270 secs] [Times: user=0.02 sys=0.00, real=0.00 secs] 
120.404: Total time for which application threads were stopped: 0.0058860 seconds, Stopping threads took: 0.0026560 seconds
120.437: Application time: 0.0336870 seconds
120.437: [GC [PSYoungGen: 100352K->9696K(107520K)] 176041K->85385K(352768K), 0.0041380 secs] [Times: user=0.02 sys=0.00, real=0.00 secs] 
120.442: Total time for which application threads were stopped: 0.0043490 seconds, Stopping threads took: 0.0001120 seconds
120.476: Application time: 0.0345680 seconds
120.476: [GC [PSYoungGen: 101856K->8080K(107520K)] 177545K->83769K(352768K), 0.0032560 secs] [Times: user=0.02 sys=0.00, real=0.00 secs] 
120.480: Total time for which application threads were stopped: 0.0034470 seconds, Stopping threads took: 0.0000950 seconds
120.504: Application time: 0.0243340 seconds
120.504: [GC [PSYoungGen: 100240K->7648K(107520K)] 175929K->83337K(352768K), 0.0030980 secs] [Times: user=0.02 sys=0.00, real=0.00 secs] 
120.507: Total time for which application threads were stopped: 0.0033250 seconds, Stopping threads took: 0.0001090 seconds
120.539: Application time: 0.0318850 seconds
120.539: [GC [PSYoungGen: 99808K->8544K(107520K)] 175497K->84233K(352768K), 0.0034340 secs] [Times: user=0.02 sys=0.00, real=0.00 secs] 
120.543: Total time for which application threads were stopped: 0.0036230 seconds, Stopping threads took: 0.0000900 seconds
120.568: Application time: 0.0253110 seconds
120.568: [GC [PSYoungGen: 100704K->9760K(107520K)] 176393K->85449K(352768K), 0.0037260 secs] [Times: user=0.03 sys=0.00, real=0.01 secs] 
120.572: Total time for which application threads were stopped: 0.0039070 seconds, Stopping threads took: 0.0000810 seconds
120.600: Application time: 0.0280150 seconds
120.600: [GC [PSYoungGen: 101920K->7840K(107520K)] 177609K->83529K(352768K), 0.0030490 secs] [Times: user=0.02 sys=0.00, real=0.00 secs] 
120.603: Total time for which application threads were stopped: 0.0032210 seconds, Stopping threads took: 0.0000750 seconds
120.642: Application time: 0.0390010 seconds
120.642: [GC [PSYoungGen: 100000K->8320K(107520K)] 175689K->84009K(352768K), 0.0031840 secs] [Times: user=0.02 sys=0.00, real=0.00 secs] 
120.646: Total time for which application threads were stopped: 0.0033620 seconds, Stopping threads took: 0.0000830 seconds
120.676: Application time: 0.0301030 seconds
120.676: [GC [PSYoungGen: 100480K->7552K(107520K)] 176169K->83241K(352768K), 0.0030120 secs] [Times: user=0.02 sys=0.00, real=0.01 secs] 
120.679: Total time for which application threads were stopped: 0.0032020 seconds, Stopping threads took: 0.0000940 seconds
120.715: Application time: 0.0364650 seconds
120.716: [GC [PSYoungGen: 99712K->8096K(107520K)] 175401K->83873K(352768K), 0.0032660 secs] [Times: user=0.02 sys=0.00, real=0.01 secs] 
120.719: Total time for which application threads were stopped: 0.0034360 seconds, Stopping threads took: 0.0000750 seconds
120.747: Application time: 0.0276560 seconds
120.747: [GC [PSYoungGen: 100256K->8016K(107520K)] 176033K->83793K(352768K), 0.0032180 secs] [Times: user=0.02 sys=0.00, real=0.01 secs] 
120.750: Total time for which application threads were stopped: 0.0034080 seconds, Stopping threads took: 0.0000910 seconds
120.776: Application time: 0.0262470 seconds
120.776: [GC [PSYoungGen: 100176K->9488K(107520K)] 175953K->85393K(352768K), 0.0037750 secs] [Times: user=0.03 sys=0.00, real=0.00 secs] 
120.780: Total time for which application threads were stopped: 0.0039670 seconds, Stopping threads took: 0.0000840 seconds
120.812: Application time: 0.0317720 seconds
120.812: [GC [PSYoungGen: 101648K->10416K(107520K)] 177553K->86321K(352768K), 0.0039900 secs] [Times: user=0.03 sys=0.00, real=0.00 secs] 
120.816: Total time for which application threads were stopped: 0.0041440 seconds, Stopping threads took: 0.0000530 seconds
120.839: Application time: 0.0231660 seconds
120.839: [GC [PSYoungGen: 102576K->8160K(107520K)] 178481K->84065K(352768K), 0.0033060 secs] [Times: user=0.01 sys=0.00, real=0.00 secs] 
120.843: Total time for which application threads were stopped: 0.0034590 seconds, Stopping threads took: 0.0000540 seconds
120.881: Application time: 0.0387350 seconds
120.882: [GC [PSYoungGen: 100320K->8928K(107520K)] 176225K->84881K(352768K), 0.0033930 secs] [Times: user=0.03 sys=0.00, real=0.00 secs] 
120.885: Total time for which application threads were stopped: 0.0035550 seconds, Stopping threads took: 0.0000660 seconds
120.914: Application time: 0.0287810 seconds
120.914: [GC [PSYoungGen: 101075K->7872K(107520K)] 177029K->83825K(352768K), 0.0030520 secs] [Times: user=0.02 sys=0.00, real=0.01 secs] 
120.917: Total time for which application threads were stopped: 0.0032350 seconds, Stopping threads took: 0.0000870 seconds
120.952: Application time: 0.0354920 seconds
120.953: [GC [PSYoungGen: 100032K->8096K(107520K)] 175985K->84097K(352768K), 0.0032450 secs] [Times: user=0.02 sys=0.00, real=0.00 secs] 
120.956: Total time for which application threads were stopped: 0.0034080 seconds, Stopping threads took: 0.0000700 seconds
120.988: Application time: 0.0321440 seconds
120.988: [GC [PSYoungGen: 100256K->7968K(107520K)] 176257K->83969K(352768K), 0.0031370 secs] [Times: user=0.02 sys=0.00, real=0.01 secs] 
120.991: Total time for which application threads were stopped: 0.0033300 seconds, Stopping threads took: 0.0000960 seconds
121.016: Application time: 0.0248250 seconds
121.016: [GC [PSYoungGen: 100128K->7616K(107520K)] 176129K->83665K(352768K), 0.0031350 secs] [Times: user=0.02 sys=0.00, real=0.00 secs] 
121.020: Total time for which application threads were stopped: 0.0033230 seconds, Stopping threads took: 0.0000720 seconds
121.052: Application time: 0.0323840 seconds
121.052: [GC [PSYoungGen: 99776K->7664K(107520K)] 175825K->83713K(352768K), 0.0030080 secs] [Times: user=0.02 sys=0.00, real=0.00 secs] 
121.055: Total time for which application threads were stopped: 0.0031940 seconds, Stopping threads took: 0.0000900 seconds
121.079: Application time: 0.0237900 seconds
121.079: [GC [PSYoungGen: 99824K->8608K(107520K)] 175873K->84657K(352768K), 0.0033410 secs] [Times: user=0.03 sys=0.00, real=0.00 secs] 
121.082: Total time for which application threads were stopped: 0.0035390 seconds, Stopping threads took: 0.0001000 seconds
121.113: Application time: 0.0303100 seconds
121.113: [GC [PSYoungGen: 100768K->8256K(107520K)] 176817K->84305K(352768K), 0.0031360 secs] [Times: user=0.02 sys=0.00, real=0.00 secs] 
121.116: Total time for which application threads were stopped: 0.0033230 seconds, Stopping threads took: 0.0000910 seconds
121.153: Application time: 0.0365110 seconds
121.153: [GC [PSYoungGen: 100416K->8064K(107520K)] 176465K->84113K(352768K), 0.0031510 secs] [Times: user=0.03 sys=0.00, real=0.00 secs] 
121.156: Total time for which application threads were stopped: 0.0033480 seconds, Stopping threads took: 0.0001000 seconds
121.189: Application time: 0.0329390 seconds
121.189: [GC [PSYoungGen: 100224K->7520K(107520K)] 176273K->83569K(352768K), 0.0030740 secs] [Times: user=0.02 sys=0.00, real=0.00 secs] 
121.192: Total time for which application threads were stopped: 0.0032560 seconds, Stopping threads took: 0.0000930 seconds
121.227: Application time: 0.0351670 seconds
121.227: [GC [PSYoungGen: 99680K->8032K(107520K)] 175729K->84081K(352768K), 0.0032320 secs] [Times: user=0.02 sys=0.00, real=0.01 secs] 
121.231: Total time for which application threads were stopped: 0.0034260 seconds, Stopping threads took: 0.0000950 seconds
121.258: Application time: 0.0268620 seconds
121.258: [GC [PSYoungGen: 100192K->7936K(107520K)] 176241K->83985K(352768K), 0.0031370 secs] [Times: user=0.02 sys=0.00, real=0.00 secs] 
121.261: Total time for which application threads were stopped: 0.0033190 seconds, Stopping threads took: 0.0000850 seconds
121.289: Application time: 0.0276310 seconds
121.289: [GC [PSYoungGen: 100096K->10032K(107520K)] 176145K->86081K(352768K), 0.0040320 secs] [Times: user=0.02 sys=0.00, real=0.00 secs] 
121.293: Total time for which application threads were stopped: 0.0042110 seconds, Stopping threads took: 0.0000810 seconds
121.322: Application time: 0.0295770 seconds
121.323: [GC [PSYoungGen: 102192K->11504K(107520K)] 178241K->87553K(352768K), 0.0044330 secs] [Times: user=0.03 sys=0.00, real=0.00 secs] 
121.327: Total time for which application threads were stopped: 0.0046300 seconds, Stopping threads took: 0.0000960 seconds
121.351: Application time: 0.0240530 seconds
121.351: [GC [PSYoungGen: 103664K->8240K(107520K)] 179713K->84289K(352768K), 0.0032200 secs] [Times: user=0.03 sys=0.00, real=0.00 secs] 
121.354: Total time for which application threads were stopped: 0.0033970 seconds, Stopping threads took: 0.0000830 seconds
121.394: Application time: 0.0398070 seconds
121.394: [GC [PSYoungGen: 100400K->10688K(107520K)] 176449K->86737K(352768K), 0.0040780 secs] [Times: user=0.02 sys=0.00, real=0.01 secs] 
121.399: Total time for which application threads were stopped: 0.0042430 seconds, Stopping threads took: 0.0000670 seconds
121.427: Application time: 0.0289690 seconds
121.428: [GC [PSYoungGen: 102848K->7968K(107520K)] 178897K->84017K(352768K), 0.0032210 secs] [Times: user=0.02 sys=0.00, real=0.01 secs] 
121.431: Total time for which application threads were stopped: 0.0034100 seconds, Stopping threads took: 0.0000930 seconds
121.467: Application time: 0.0363400 seconds
121.467: [GC [PSYoungGen: 100128K->8272K(107520K)] 176177K->84377K(352768K), 0.0032880 secs] [Times: user=0.02 sys=0.00, real=0.01 secs] 
121.471: Total time for which application threads were stopped: 0.0034770 seconds, Stopping threads took: 0.0000900 seconds
121.501: Application time: 0.0304740 seconds
121.504: [GC [PSYoungGen: 100432K->8112K(107520K)] 176537K->84273K(352768K), 0.0033970 secs] [Times: user=0.02 sys=0.00, real=0.00 secs] 
121.508: Total time for which application threads were stopped: 0.0066490 seconds, Stopping threads took: 0.0031580 seconds
121.534: Application time: 0.0260160 seconds
121.534: [GC [PSYoungGen: 100272K->9056K(107520K)] 176433K->85337K(352768K), 0.0036910 secs] [Times: user=0.03 sys=0.00, real=0.01 secs] 
121.538: Total time for which application threads were stopped: 0.0038840 seconds, Stopping threads took: 0.0000830 seconds
121.569: Application time: 0.0314980 seconds
121.569: [GC [PSYoungGen: 101216K->10000K(107520K)] 177497K->86281K(352768K), 0.0039070 secs] [Times: user=0.03 sys=0.00, real=0.00 secs] 
121.573: Total time for which application threads were stopped: 0.0041060 seconds, Stopping threads took: 0.0001020 seconds
121.597: Application time: 0.0236600 seconds
121.597: [GC [PSYoungGen: 102160K->10224K(107520K)] 178441K->86505K(352768K), 0.0039330 secs] [Times: user=0.03 sys=0.00, real=0.00 secs] 
121.601: Total time for which application threads were stopped: 0.0040880 seconds, Stopping threads took: 0.0000600 seconds
121.634: Application time: 0.0330220 seconds
121.634: [GC [PSYoungGen: 102384K->12208K(107520K)] 178665K->88521K(352768K), 0.0048260 secs] [Times: user=0.03 sys=0.00, real=0.01 secs] 
121.639: Total time for which application threads were stopped: 0.0050030 seconds, Stopping threads took: 0.0000810 seconds
121.673: Application time: 0.0339570 seconds
121.673: [GC [PSYoungGen: 104368K->8400K(107520K)] 180681K->84714K(352768K), 0.0032100 secs] [Times: user=0.03 sys=0.00, real=0.01 secs] 
121.677: Total time for which application threads were stopped: 0.0034190 seconds, Stopping threads took: 0.0001120 seconds
121.710: Application time: 0.0333700 seconds
121.710: [GC [PSYoungGen: 100560K->8592K(107520K)] 176874K->84905K(352768K), 0.0033990 secs] [Times: user=0.03 sys=0.00, real=0.00 secs] 
121.713: Total time for which application threads were stopped: 0.0035850 seconds, Stopping threads took: 0.0000880 seconds
121.748: Application time: 0.0345180 seconds
121.748: [GC [PSYoungGen: 100752K->7776K(107520K)] 177065K->84146K(352768K), 0.0030850 secs] [Times: user=0.02 sys=0.00, real=0.01 secs] 
121.751: Total time for which application threads were stopped: 0.0032660 seconds, Stopping threads took: 0.0000850 seconds
121.776: Application time: 0.0249590 seconds
121.776: [GC [PSYoungGen: 99936K->7744K(107520K)] 176306K->84114K(352768K), 0.0029880 secs] [Times: user=0.02 sys=0.00, real=0.00 secs] 
121.779: Total time for which application threads were stopped: 0.0032170 seconds, Stopping threads took: 0.0001260 seconds
121.810: Application time: 0.0307350 seconds
121.810: [GC [PSYoungGen: 99904K->8192K(107520K)] 176274K->84610K(352768K), 0.0032010 secs] [Times: user=0.03 sys=0.00, real=0.00 secs] 
121.814: Total time for which application threads were stopped: 0.0034000 seconds, Stopping threads took: 0.0001050 seconds
121.841: Application time: 0.0269240 seconds
121.841: [GC [PSYoungGen: 100352K->9840K(107520K)] 176770K->86257K(352768K), 0.0038380 secs] [Times: user=0.03 sys=0.00, real=0.00 secs] 
121.845: Total time for which application threads were stopped: 0.0040140 seconds, Stopping threads took: 0.0000790 seconds
121.870: Application time: 0.0259510 seconds
121.871: [GC [PSYoungGen: 102000K->7728K(107520K)] 178417K->84145K(352768K), 0.0030480 secs] [Times: user=0.02 sys=0.00, real=0.00 secs] 
121.874: Total time for which application threads were stopped: 0.0031990 seconds, Stopping threads took: 0.0000540 seconds
121.914: Application time: 0.0406370 seconds
121.914: [GC [PSYoungGen: 99888K->8720K(107520K)] 176305K->85138K(352768K), 0.0033080 secs] [Times: user=0.02 sys=0.00, real=0.01 secs] 
121.918: Total time for which application threads were stopped: 0.0034940 seconds, Stopping threads took: 0.0000880 seconds
121.946: Application time: 0.0286770 seconds
121.947: [GC [PSYoungGen: 100880K->7792K(107520K)] 177298K->84210K(352768K), 0.0030880 secs] [Times: user=0.02 sys=0.00, real=0.01 secs] 
121.950: Total time for which application threads were stopped: 0.0032680 seconds, Stopping threads took: 0.0000860 seconds
121.986: Application time: 0.0365760 seconds
121.986: [GC [PSYoungGen: 99952K->8320K(107520K)] 176370K->84738K(352768K), 0.0033000 secs] [Times: user=0.03 sys=0.00, real=0.01 secs] 
121.990: Total time for which application threads were stopped: 0.0034860 seconds, Stopping threads took: 0.0000880 seconds
122.018: Application time: 0.0286130 seconds
122.019: [GC [PSYoungGen: 100480K->8016K(107520K)] 176898K->84434K(352768K), 0.0031150 secs] [Times: user=0.02 sys=0.00, real=0.00 secs] 
122.022: Total time for which application threads were stopped: 0.0033170 seconds, Stopping threads took: 0.0001050 seconds
122.048: Application time: 0.0257960 seconds
122.048: [GC [PSYoungGen: 100176K->8112K(107520K)] 176594K->84530K(352768K), 0.0032580 secs] [Times: user=0.02 sys=0.00, real=0.01 secs] 
122.051: Total time for which application threads were stopped: 0.0034840 seconds, Stopping threads took: 0.0001060 seconds
122.083: Application time: 0.0323660 seconds
122.084: [GC [PSYoungGen: 100272K->8416K(107520K)] 176690K->84834K(352768K), 0.0032560 secs] [Times: user=0.03 sys=0.00, real=0.00 secs] 
122.087: Total time for which application threads were stopped: 0.0034050 seconds, Stopping threads took: 0.0000500 seconds
122.110: Application time: 0.0231590 seconds
122.110: [GC [PSYoungGen: 100576K->8272K(107520K)] 176994K->84690K(352768K), 0.0032430 secs] [Times: user=0.02 sys=0.00, real=0.00 secs] 
122.113: Total time for which application threads were stopped: 0.0034210 seconds, Stopping threads took: 0.0000820 seconds
122.150: Application time: 0.0366770 seconds
122.150: [GC [PSYoungGen: 100432K->11440K(107520K)] 176850K->87858K(352768K), 0.0043690 secs] [Times: user=0.03 sys=0.00, real=0.00 secs] 
122.155: Total time for which application threads were stopped: 0.0045550 seconds, Stopping threads took: 0.0000870 seconds
122.187: Application time: 0.0318710 seconds
122.187: [GC [PSYoungGen: 103600K->7984K(107520K)] 180018K->84402K(352768K), 0.0031500 secs] [Times: user=0.02 sys=0.00, real=0.01 secs] 
122.190: Total time for which application threads were stopped: 0.0033460 seconds, Stopping threads took: 0.0000980 seconds
122.223: Application time: 0.0335430 seconds
122.224: [GC [PSYoungGen: 100144K->7904K(107520K)] 176562K->84378K(352768K), 0.0032680 secs] [Times: user=0.02 sys=0.00, real=0.00 secs] 
122.227: Total time for which application threads were stopped: 0.0034540 seconds, Stopping threads took: 0.0000890 seconds
122.260: Application time: 0.0336250 seconds
122.261: [GC [PSYoungGen: 100064K->8112K(107520K)] 176538K->84634K(352768K), 0.0031990 secs] [Times: user=0.02 sys=0.00, real=0.00 secs] 
122.264: Total time for which application threads were stopped: 0.0033810 seconds, Stopping threads took: 0.0000870 seconds
122.288: Application time: 0.0245320 seconds
122.289: [GC [PSYoungGen: 100272K->7744K(107520K)] 176794K->84322K(352768K), 0.0030690 secs] [Times: user=0.02 sys=0.00, real=0.00 secs] 
122.292: Total time for which application threads were stopped: 0.0032310 seconds, Stopping threads took: 0.0000700 seconds
122.323: Application time: 0.0316500 seconds
122.323: [GC [PSYoungGen: 99904K->10032K(107520K)] 176482K->86698K(352768K), 0.0039430 secs] [Times: user=0.02 sys=0.00, real=0.00 secs] 
122.327: Total time for which application threads were stopped: 0.0041420 seconds, Stopping threads took: 0.0000990 seconds
122.353: Application time: 0.0254770 seconds
122.353: [GC [PSYoungGen: 102192K->9648K(107520K)] 178858K->86314K(352768K), 0.0037150 secs] [Times: user=0.02 sys=0.00, real=0.01 secs] 
122.357: Total time for which application threads were stopped: 0.0038920 seconds, Stopping threads took: 0.0000780 seconds
122.386: Application time: 0.0290920 seconds
122.386: [GC [PSYoungGen: 101808K->8960K(107520K)] 178474K->85682K(352768K), 0.0035870 secs] [Times: user=0.02 sys=0.00, real=0.01 secs] 
122.390: Total time for which application threads were stopped: 0.0037950 seconds, Stopping threads took: 0.0001090 seconds
122.428: Application time: 0.0386270 seconds
122.428: [GC [PSYoungGen: 101120K->8032K(107520K)] 177842K->84754K(352768K), 0.0031970 secs] [Times: user=0.01 sys=0.00, real=0.00 secs] 
122.432: Total time for which application threads were stopped: 0.0033660 seconds, Stopping threads took: 0.0000820 seconds
122.460: Application time: 0.0287560 seconds
122.461: [GC [PSYoungGen: 100192K->7664K(107520K)] 176914K->84386K(352768K), 0.0030910 secs] [Times: user=0.02 sys=0.00, real=0.00 secs] 
122.464: Total time for which application threads were stopped: 0.0032940 seconds, Stopping threads took: 0.0001090 seconds
122.501: Application time: 0.0375800 seconds
122.501: [GC [PSYoungGen: 99824K->8096K(107520K)] 176546K->84866K(352768K), 0.0033820 secs] [Times: user=0.02 sys=0.00, real=0.00 secs] 
122.505: Total time for which application threads were stopped: 0.0035420 seconds, Stopping threads took: 0.0000600 seconds
122.530: Application time: 0.0253760 seconds
122.530: [GC [PSYoungGen: 100256K->7744K(107520K)] 177026K->84514K(352768K), 0.0030920 secs] [Times: user=0.02 sys=0.00, real=0.00 secs] 
122.534: Total time for which application threads were stopped: 0.0032520 seconds, Stopping threads took: 0.0000640 seconds
122.561: Application time: 0.0275810 seconds
122.561: [GC [PSYoungGen: 99904K->9648K(107520K)] 176674K->86458K(352768K), 0.0038030 secs] [Times: user=0.03 sys=0.00, real=0.00 secs] 
122.565: Total time for which application threads were stopped: 0.0040260 seconds, Stopping threads took: 0.0001030 seconds
122.597: Application time: 0.0319380 seconds
122.597: [GC [PSYoungGen: 101808K->8960K(107520K)] 178618K->85770K(352768K), 0.0035080 secs] [Times: user=0.02 sys=0.00, real=0.00 secs] 
122.601: Total time for which application threads were stopped: 0.0037040 seconds, Stopping threads took: 0.0000970 seconds
122.625: Application time: 0.0244480 seconds
122.625: [GC [PSYoungGen: 101120K->7664K(107520K)] 177930K->84474K(352768K), 0.0030080 secs] [Times: user=0.02 sys=0.00, real=0.01 secs] 
122.628: Total time for which application threads were stopped: 0.0031930 seconds, Stopping threads took: 0.0000880 seconds
122.668: Application time: 0.0396240 seconds
122.672: [GC [PSYoungGen: 99824K->9808K(107520K)] 176634K->86618K(352768K), 0.0039790 secs] [Times: user=0.03 sys=0.00, real=0.01 secs] 
122.676: Total time for which application threads were stopped: 0.0084090 seconds, Stopping threads took: 0.0043340 seconds
122.707: Application time: 0.0301130 seconds
122.707: [GC [PSYoungGen: 101968K->7696K(107520K)] 178778K->84506K(352768K), 0.0031250 secs] [Times: user=0.02 sys=0.00, real=0.01 secs] 
122.710: Total time for which application threads were stopped: 0.0033430 seconds, Stopping threads took: 0.0001200 seconds
122.744: Application time: 0.0342870 seconds
122.744: [GC [PSYoungGen: 99856K->7680K(107520K)] 176666K->84490K(352768K), 0.0030610 secs] [Times: user=0.02 sys=0.00, real=0.00 secs] 
122.747: Total time for which application threads were stopped: 0.0032430 seconds, Stopping threads took: 0.0000790 seconds
122.779: Application time: 0.0315270 seconds
122.779: [GC [PSYoungGen: 99840K->8144K(107520K)] 176650K->84954K(352768K), 0.0031550 secs] [Times: user=0.02 sys=0.00, real=0.00 secs] 
122.782: Total time for which application threads were stopped: 0.0033430 seconds, Stopping threads took: 0.0000900 seconds
122.808: Application time: 0.0253320 seconds
122.808: [GC [PSYoungGen: 100304K->8032K(107520K)] 177114K->84842K(352768K), 0.0032020 secs] [Times: user=0.02 sys=0.00, real=0.01 secs] 
122.811: Total time for which application threads were stopped: 0.0034050 seconds, Stopping threads took: 0.0001040 seconds
122.843: Application time: 0.0317390 seconds
122.843: [GC [PSYoungGen: 100192K->10048K(107520K)] 177002K->86858K(352768K), 0.0038660 secs] [Times: user=0.03 sys=0.00, real=0.00 secs] 
122.847: Total time for which application threads were stopped: 0.0040610 seconds, Stopping threads took: 0.0000990 seconds
122.872: Application time: 0.0251120 seconds
122.872: [GC [PSYoungGen: 102202K->10176K(107520K)] 179012K->86986K(352768K), 0.0039090 secs] [Times: user=0.03 sys=0.00, real=0.00 secs] 
122.876: Total time for which application threads were stopped: 0.0040970 seconds, Stopping threads took: 0.0000900 seconds
122.906: Application time: 0.0296470 seconds
122.906: [GC [PSYoungGen: 102336K->12592K(107520K)] 179146K->89402K(352768K), 0.0048950 secs] [Times: user=0.03 sys=0.00, real=0.01 secs] 
122.911: Total time for which application threads were stopped: 0.0050550 seconds, Stopping threads took: 0.0000560 seconds
122.949: Application time: 0.0387110 seconds
122.950: [GC [PSYoungGen: 104752K->8000K(107520K)] 181562K->84810K(352768K), 0.0032140 secs] [Times: user=0.02 sys=0.00, real=0.00 secs] 
122.953: Total time for which application threads were stopped: 0.0033970 seconds, Stopping threads took: 0.0000870 seconds
122.982: Application time: 0.0290300 seconds
122.982: [GC [PSYoungGen: 100160K->7600K(107520K)] 176970K->84466K(352768K), 0.0031060 secs] [Times: user=0.01 sys=0.00, real=0.00 secs] 
122.985: Total time for which application threads were stopped: 0.0032870 seconds, Stopping threads took: 0.0000850 seconds
123.022: Application time: 0.0370660 seconds
123.022: [GC [PSYoungGen: 99760K->8256K(107520K)] 176626K->85170K(352768K), 0.0033130 secs] [Times: user=0.02 sys=0.00, real=0.00 secs] 
123.026: Total time for which application threads were stopped: 0.0034830 seconds, Stopping threads took: 0.0000730 seconds
123.050: Application time: 0.0239390 seconds
123.050: [GC [PSYoungGen: 100416K->7632K(107520K)] 177330K->84546K(352768K), 0.0030750 secs] [Times: user=0.02 sys=0.00, real=0.00 secs] 
123.053: Total time for which application threads were stopped: 0.0032880 seconds, Stopping threads took: 0.0001140 seconds
123.084: Application time: 0.0313500 seconds
123.085: [GC [PSYoungGen: 99792K->10752K(107520K)] 176706K->87786K(352768K), 0.0041840 secs] [Times: user=0.03 sys=0.00, real=0.01 secs] 
123.089: Total time for which application threads were stopped: 0.0043980 seconds, Stopping threads took: 0.0000970 seconds
123.116: Application time: 0.0274850 seconds
123.116: [GC [PSYoungGen: 102912K->8096K(107520K)] 179946K->85130K(352768K), 0.0031520 secs] [Times: user=0.02 sys=0.00, real=0.00 secs] 
123.120: Total time for which application threads were stopped: 0.0033230 seconds, Stopping threads took: 0.0000740 seconds
123.146: Application time: 0.0263730 seconds
123.146: [GC [PSYoungGen: 100256K->8256K(107520K)] 177290K->85290K(352768K), 0.0031940 secs] [Times: user=0.02 sys=0.00, real=0.01 secs] 
123.149: Total time for which application threads were stopped: 0.0033610 seconds, Stopping threads took: 0.0000640 seconds
123.189: Application time: 0.0398140 seconds
123.189: [GC [PSYoungGen: 100416K->9904K(107520K)] 177450K->86986K(352768K), 0.0038980 secs] [Times: user=0.02 sys=0.00, real=0.00 secs] 
123.193: Total time for which application threads were stopped: 0.0040680 seconds, Stopping threads took: 0.0000720 seconds
123.222: Application time: 0.0288330 seconds
123.222: [GC [PSYoungGen: 102064K->7760K(107520K)] 179146K->84842K(352768K), 0.0031470 secs] [Times: user=0.03 sys=0.00, real=0.00 secs] 
123.225: Total time for which application threads were stopped: 0.0033470 seconds, Stopping threads took: 0.0001030 seconds
123.261: Application time: 0.0360070 seconds
123.262: [GC [PSYoungGen: 99920K->9280K(107520K)] 177002K->86362K(352768K), 0.0037060 secs] [Times: user=0.02 sys=0.00, real=0.00 secs] 
123.265: Total time for which application threads were stopped: 0.0038930 seconds, Stopping threads took: 0.0000890 seconds
123.294: Application time: 0.0291650 seconds
123.295: [GC [PSYoungGen: 101440K->7856K(107520K)] 178522K->84994K(352768K), 0.0031210 secs] [Times: user=0.02 sys=0.00, real=0.01 secs] 
123.298: Total time for which application threads were stopped: 0.0033270 seconds, Stopping threads took: 0.0001080 seconds
123.325: Application time: 0.0268230 seconds
123.325: [GC [PSYoungGen: 100016K->8992K(107520K)] 177154K->86186K(352768K), 0.0034700 secs] [Times: user=0.03 sys=0.00, real=0.00 secs] 
123.328: Total time for which application threads were stopped: 0.0036370 seconds, Stopping threads took: 0.0000720 seconds
123.360: Application time: 0.0314610 seconds
123.360: [GC [PSYoungGen: 101152K->8560K(107520K)] 178346K->85754K(352768K), 0.0033890 secs] [Times: user=0.02 sys=0.00, real=0.00 secs] 
123.363: Total time for which application threads were stopped: 0.0035930 seconds, Stopping threads took: 0.0001050 seconds
123.388: Application time: 0.0245240 seconds
123.388: [GC [PSYoungGen: 100720K->9680K(107520K)] 177914K->86874K(352768K), 0.0037730 secs] [Times: user=0.02 sys=0.00, real=0.01 secs] 
123.392: Total time for which application threads were stopped: 0.0039600 seconds, Stopping threads took: 0.0000880 seconds
123.426: Application time: 0.0339410 seconds
123.426: [GC [PSYoungGen: 101840K->10944K(107520K)] 179034K->88138K(352768K), 0.0040780 secs] [Times: user=0.03 sys=0.00, real=0.01 secs] 
123.430: Total time for which application threads were stopped: 0.0042620 seconds, Stopping threads took: 0.0000850 seconds
123.465: Application time: 0.0347110 seconds
123.465: [GC [PSYoungGen: 103104K->7872K(107520K)] 180298K->85066K(352768K), 0.0032120 secs] [Times: user=0.02 sys=0.00, real=0.00 secs] 
123.468: Total time for which application threads were stopped: 0.0033990 seconds, Stopping threads took: 0.0000880 seconds
123.499: Application time: 0.0310890 seconds
123.500: [GC [PSYoungGen: 100032K->7744K(107520K)] 177226K->84938K(352768K), 0.0031780 secs] [Times: user=0.02 sys=0.00, real=0.00 secs] 
123.504: Total time for which application threads were stopped: 0.0044180 seconds, Stopping threads took: 0.0011420 seconds
123.537: Application time: 0.0333410 seconds
123.537: [GC [PSYoungGen: 99904K->8288K(107520K)] 177098K->85482K(352768K), 0.0032610 secs] [Times: user=0.02 sys=0.00, real=0.00 secs] 
123.540: Total time for which application threads were stopped: 0.0034660 seconds, Stopping threads took: 0.0001060 seconds
123.566: Application time: 0.0260540 seconds
123.567: [GC [PSYoungGen: 100448K->8016K(107520K)] 177642K->85210K(352768K), 0.0031150 secs] [Times: user=0.02 sys=0.00, real=0.01 secs] 
123.570: Total time for which application threads were stopped: 0.0032830 seconds, Stopping threads took: 0.0000740 seconds
123.601: Application time: 0.0312580 seconds
123.601: [GC [PSYoungGen: 100176K->9664K(107520K)] 177370K->86858K(352768K), 0.0038910 secs] [Times: user=0.02 sys=0.00, real=0.00 secs] 
123.605: Total time for which application threads were stopped: 0.0040900 seconds, Stopping threads took: 0.0000850 seconds
123.632: Application time: 0.0267240 seconds
123.632: [GC [PSYoungGen: 101824K->8112K(107520K)] 179018K->85306K(352768K), 0.0031630 secs] [Times: user=0.02 sys=0.00, real=0.00 secs] 
123.635: Total time for which application threads were stopped: 0.0033460 seconds, Stopping threads took: 0.0000870 seconds
123.663: Application time: 0.0279130 seconds
123.663: [GC [PSYoungGen: 100272K->9584K(107520K)] 177466K->86778K(352768K), 0.0037630 secs] [Times: user=0.03 sys=0.00, real=0.00 secs] 
123.667: Total time for which application threads were stopped: 0.0039320 seconds, Stopping threads took: 0.0000690 seconds
123.706: Application time: 0.0393050 seconds
123.706: [GC [PSYoungGen: 101744K->8272K(107520K)] 178938K->85466K(352768K), 0.0032290 secs] [Times: user=0.02 sys=0.00, real=0.01 secs] 
123.710: Total time for which application threads were stopped: 0.0034070 seconds, Stopping threads took: 0.0000770 seconds
123.737: Application time: 0.0273180 seconds
123.737: [GC [PSYoungGen: 100432K->7840K(107520K)] 177626K->85082K(352768K), 0.0032020 secs] [Times: user=0.02 sys=0.00, real=0.00 secs] 
123.740: Total time for which application threads were stopped: 0.0033900 seconds, Stopping threads took: 0.0000900 seconds
123.778: Application time: 0.0371620 seconds
123.778: [GC [PSYoungGen: 100000K->9632K(107520K)] 177242K->86930K(352768K), 0.0038690 secs] [Times: user=0.03 sys=0.00, real=0.00 secs] 
123.782: Total time for which application threads were stopped: 0.0040210 seconds, Stopping threads took: 0.0000540 seconds
123.809: Application time: 0.0272380 seconds
123.809: [GC [PSYoungGen: 101792K->7808K(107520K)] 179090K->85106K(352768K), 0.0030320 secs] [Times: user=0.02 sys=0.00, real=0.00 secs] 
123.812: Total time for which application threads were stopped: 0.0032180 seconds, Stopping threads took: 0.0000910 seconds
123.842: Application time: 0.0294440 seconds
123.842: [GC [PSYoungGen: 99968K->9504K(107520K)] 177266K->86930K(352768K), 0.0037770 secs] [Times: user=0.03 sys=0.00, real=0.00 secs] 
123.846: Total time for which application threads were stopped: 0.0039480 seconds, Stopping threads took: 0.0000760 seconds
123.875: Application time: 0.0290130 seconds
123.875: [GC [PSYoungGen: 101664K->7904K(107520K)] 179090K->85330K(352768K), 0.0031220 secs] [Times: user=0.02 sys=0.00, real=0.01 secs] 
123.878: Total time for which application threads were stopped: 0.0033160 seconds, Stopping threads took: 0.0000970 seconds
123.903: Application time: 0.0248560 seconds
123.903: [GC [PSYoungGen: 100064K->10096K(107520K)] 177490K->87522K(352768K), 0.0039850 secs] [Times: user=0.02 sys=0.00, real=0.00 secs] 
123.907: Total time for which application threads were stopped: 0.0041470 seconds, Stopping threads took: 0.0000610 seconds
123.942: Application time: 0.0348300 seconds
123.942: [GC [PSYoungGen: 102256K->13072K(107520K)] 179682K->90554K(352768K), 0.0051320 secs] [Times: user=0.04 sys=0.00, real=0.00 secs] 
123.947: Total time for which application threads were stopped: 0.0053330 seconds, Stopping threads took: 0.0001010 seconds
123.982: Application time: 0.0346570 seconds
123.982: [GC [PSYoungGen: 105232K->7696K(107520K)] 182714K->85178K(352768K), 0.0030240 secs] [Times: user=0.02 sys=0.00, real=0.00 secs] 
123.985: Total time for which application threads were stopped: 0.0031860 seconds, Stopping threads took: 0.0000660 seconds
124.018: Application time: 0.0330950 seconds
124.018: [GC [PSYoungGen: 99856K->7776K(107520K)] 177338K->85258K(352768K), 0.0031620 secs] [Times: user=0.02 sys=0.00, real=0.00 secs] 
124.021: Total time for which application threads were stopped: 0.0033550 seconds, Stopping threads took: 0.0000980 seconds
124.054: Application time: 0.0324010 seconds
124.054: [GC [PSYoungGen: 99936K->7840K(107520K)] 177418K->85378K(352768K), 0.0031670 secs] [Times: user=0.02 sys=0.00, real=0.01 secs] 
124.057: Total time for which application threads were stopped: 0.0033690 seconds, Stopping threads took: 0.0001040 seconds
124.081: Application time: 0.0242040 seconds
124.081: [GC [PSYoungGen: 100000K->7808K(107520K)] 177538K->85346K(352768K), 0.0031510 secs] [Times: user=0.02 sys=0.00, real=0.00 secs] 
124.085: Total time for which application threads were stopped: 0.0033160 seconds, Stopping threads took: 0.0000690 seconds
124.115: Application time: 0.0308080 seconds
124.116: [GC [PSYoungGen: 99968K->8672K(107520K)] 177506K->86258K(352768K), 0.0033740 secs] [Times: user=0.02 sys=0.00, real=0.01 secs] 
124.119: Total time for which application threads were stopped: 0.0035630 seconds, Stopping threads took: 0.0000700 seconds
124.146: Application time: 0.0268650 seconds
124.146: [GC [PSYoungGen: 100832K->8272K(107520K)] 178418K->85858K(352768K), 0.0032470 secs] [Times: user=0.02 sys=0.00, real=0.01 secs] 
124.149: Total time for which application threads were stopped: 0.0034210 seconds, Stopping threads took: 0.0000780 seconds
124.180: Application time: 0.0302330 seconds
124.180: [GC [PSYoungGen: 100432K->8128K(107520K)] 178018K->85714K(352768K), 0.0030870 secs] [Times: user=0.02 sys=0.00, real=0.00 secs] 
124.183: Total time for which application threads were stopped: 0.0032720 seconds, Stopping threads took: 0.0000880 seconds
124.221: Application time: 0.0385130 seconds
124.221: [GC [PSYoungGen: 100288K->8064K(107520K)] 177874K->85650K(352768K), 0.0031240 secs] [Times: user=0.02 sys=0.00, real=0.00 secs] 
124.225: Total time for which application threads were stopped: 0.0033110 seconds, Stopping threads took: 0.0000900 seconds
124.253: Application time: 0.0288780 seconds
124.254: [GC [PSYoungGen: 100224K->7904K(107520K)] 177810K->85490K(352768K), 0.0031730 secs] [Times: user=0.02 sys=0.00, real=0.01 secs] 
124.257: Total time for which application threads were stopped: 0.0033740 seconds, Stopping threads took: 0.0001040 seconds
124.293: Application time: 0.0358860 seconds
124.293: [GC [PSYoungGen: 100064K->8304K(107520K)] 177650K->85890K(352768K), 0.0032380 secs] [Times: user=0.02 sys=0.00, real=0.00 secs] 
124.296: Total time for which application threads were stopped: 0.0034460 seconds, Stopping threads took: 0.0001140 seconds
124.324: Application time: 0.0274190 seconds
124.324: [GC [PSYoungGen: 100464K->7904K(107520K)] 178050K->85490K(352768K), 0.0031320 secs] [Times: user=0.02 sys=0.00, real=0.00 secs] 
124.327: Total time for which application threads were stopped: 0.0033210 seconds, Stopping threads took: 0.0000930 seconds
124.355: Application time: 0.0284300 seconds
124.356: [GC [PSYoungGen: 100064K->7680K(107520K)] 177650K->85266K(352768K), 0.0030380 secs] [Times: user=0.02 sys=0.00, real=0.01 secs] 
124.359: Total time for which application threads were stopped: 0.0032540 seconds, Stopping threads took: 0.0001200 seconds
124.388: Application time: 0.0292280 seconds
124.388: [GC [PSYoungGen: 99840K->8496K(107520K)] 177426K->86082K(352768K), 0.0032300 secs] [Times: user=0.02 sys=0.00, real=0.01 secs] 
124.391: Total time for which application threads were stopped: 0.0034190 seconds, Stopping threads took: 0.0000880 seconds
124.417: Application time: 0.0254410 seconds
124.420: [GC [PSYoungGen: 100650K->8816K(107520K)] 178237K->86402K(352768K), 0.0032580 secs] [Times: user=0.02 sys=0.00, real=0.00 secs] 
124.424: Total time for which application threads were stopped: 0.0069890 seconds, Stopping threads took: 0.0036340 seconds
124.462: Application time: 0.0383440 seconds
124.462: [GC [PSYoungGen: 100976K->8992K(107520K)] 178562K->86578K(352768K), 0.0034830 secs] [Times: user=0.02 sys=0.00, real=0.00 secs] 
124.466: Total time for which application threads were stopped: 0.0036770 seconds, Stopping threads took: 0.0001000 seconds
124.496: Application time: 0.0306950 seconds
124.497: [GC [PSYoungGen: 101152K->7648K(107520K)] 178738K->85234K(352768K), 0.0029770 secs] [Times: user=0.02 sys=0.00, real=0.00 secs] 
124.500: Total time for which application threads were stopped: 0.0031470 seconds, Stopping threads took: 0.0000760 seconds
124.534: Application time: 0.0347710 seconds
124.535: [GC [PSYoungGen: 99808K->8800K(107520K)] 177394K->86466K(352768K), 0.0034090 secs] [Times: user=0.02 sys=0.00, real=0.01 secs] 
124.538: Total time for which application threads were stopped: 0.0036040 seconds, Stopping threads took: 0.0000920 seconds
124.570: Application time: 0.0319030 seconds
124.573: [GC [PSYoungGen: 100960K->7936K(107520K)] 178626K->85650K(352768K), 0.0034600 secs] [Times: user=0.02 sys=0.00, real=0.00 secs] 
124.576: Total time for which application threads were stopped: 0.0061510 seconds, Stopping threads took: 0.0025790 seconds
124.600: Application time: 0.0236150 seconds
124.600: [GC [PSYoungGen: 100096K->7952K(107520K)] 177810K->85722K(352768K), 0.0032830 secs] [Times: user=0.02 sys=0.00, real=0.00 secs] 
124.603: Total time for which application threads were stopped: 0.0035320 seconds, Stopping threads took: 0.0001350 seconds
124.632: Application time: 0.0291890 seconds
124.633: [GC [PSYoungGen: 100112K->11840K(107520K)] 177882K->89666K(352768K), 0.0046220 secs] [Times: user=0.03 sys=0.00, real=0.01 secs] 
124.637: Total time for which application threads were stopped: 0.0048270 seconds, Stopping threads took: 0.0000880 seconds
124.663: Application time: 0.0261840 seconds
124.663: [GC [PSYoungGen: 104000K->10448K(107520K)] 181826K->88274K(352768K), 0.0039990 secs] [Times: user=0.03 sys=0.00, real=0.00 secs] 
124.668: Total time for which application threads were stopped: 0.0041620 seconds, Stopping threads took: 0.0000660 seconds
124.701: Application time: 0.0333520 seconds
124.701: [GC [PSYoungGen: 102608K->10016K(107520K)] 180434K->87890K(352768K), 0.0039300 secs] [Times: user=0.03 sys=0.00, real=0.00 secs] 
124.705: Total time for which application threads were stopped: 0.0041230 seconds, Stopping threads took: 0.0000960 seconds
124.742: Application time: 0.0370860 seconds
124.742: [GC [PSYoungGen: 102176K->7728K(107520K)] 180050K->85602K(352768K), 0.0030650 secs] [Times: user=0.02 sys=0.00, real=0.00 secs] 
124.745: Total time for which application threads were stopped: 0.0032600 seconds, Stopping threads took: 0.0000990 seconds
124.776: Application time: 0.0302170 seconds
124.776: [GC [PSYoungGen: 99888K->7696K(107520K)] 177762K->85570K(352768K), 0.0030890 secs] [Times: user=0.02 sys=0.00, real=0.01 secs] 
124.779: Total time for which application threads were stopped: 0.0032600 seconds, Stopping threads took: 0.0000750 seconds
124.813: Application time: 0.0340720 seconds
124.813: [GC [PSYoungGen: 99856K->8144K(107520K)] 177730K->86019K(352768K), 0.0031720 secs] [Times: user=0.02 sys=0.00, real=0.00 secs] 
124.816: Total time for which application threads were stopped: 0.0033450 seconds, Stopping threads took: 0.0000760 seconds
124.843: Application time: 0.0264250 seconds
124.843: [GC [PSYoungGen: 100304K->7808K(107520K)] 178179K->85739K(352768K), 0.0030670 secs] [Times: user=0.02 sys=0.00, real=0.00 secs] 
124.846: Total time for which application threads were stopped: 0.0032140 seconds, Stopping threads took: 0.0000510 seconds
124.873: Application time: 0.0268520 seconds
124.873: [GC [PSYoungGen: 99968K->9808K(107520K)] 177899K->87787K(352768K), 0.0039020 secs] [Times: user=0.03 sys=0.01, real=0.01 secs] 
124.877: Total time for which application threads were stopped: 0.0040930 seconds, Stopping threads took: 0.0000950 seconds
124.907: Application time: 0.0304910 seconds
124.907: [GC [PSYoungGen: 101968K->8608K(107520K)] 179947K->86587K(352768K), 0.0033810 secs] [Times: user=0.02 sys=0.00, real=0.01 secs] 
124.911: Total time for which application threads were stopped: 0.0035610 seconds, Stopping threads took: 0.0000850 seconds
124.939: Application time: 0.0278340 seconds
124.939: [GC [PSYoungGen: 100768K->8864K(107520K)] 178747K->86843K(352768K), 0.0033290 secs] [Times: user=0.02 sys=0.00, real=0.00 secs] 
124.942: Total time for which application threads were stopped: 0.0035000 seconds, Stopping threads took: 0.0000750 seconds
124.981: Application time: 0.0391640 seconds
124.982: [GC [PSYoungGen: 101024K->8176K(107520K)] 179003K->86155K(352768K), 0.0031730 secs] [Times: user=0.02 sys=0.00, real=0.00 secs] 
124.985: Total time for which application threads were stopped: 0.0033560 seconds, Stopping threads took: 0.0000870 seconds
125.014: Application time: 0.0294190 seconds
125.014: [GC [PSYoungGen: 100336K->7808K(107520K)] 178315K->85787K(352768K), 0.0031210 secs] [Times: user=0.02 sys=0.00, real=0.01 secs] 
125.017: Total time for which application threads were stopped: 0.0032830 seconds, Stopping threads took: 0.0000620 seconds
125.053: Application time: 0.0355480 seconds
125.053: [GC [PSYoungGen: 99968K->9152K(107520K)] 177947K->87130K(352768K), 0.0036340 secs] [Times: user=0.02 sys=0.00, real=0.01 secs] 
125.057: Total time for which application threads were stopped: 0.0038350 seconds, Stopping threads took: 0.0001010 seconds
125.086: Application time: 0.0292530 seconds
125.086: [GC [PSYoungGen: 101312K->8032K(107520K)] 179290K->86011K(352768K), 0.0030810 secs] [Times: user=0.02 sys=0.00, real=0.01 secs] 
125.089: Total time for which application threads were stopped: 0.0032950 seconds, Stopping threads took: 0.0001160 seconds
125.115: Application time: 0.0260190 seconds
125.116: [GC [PSYoungGen: 100192K->7856K(107520K)] 178171K->85835K(352768K), 0.0031930 secs] [Times: user=0.02 sys=0.00, real=0.01 secs] 
125.119: Total time for which application threads were stopped: 0.0033950 seconds, Stopping threads took: 0.0001050 seconds
125.148: Application time: 0.0289810 seconds
125.148: [GC [PSYoungGen: 100016K->9840K(107520K)] 177995K->87819K(352768K), 0.0038430 secs] [Times: user=0.02 sys=0.00, real=0.01 secs] 
125.152: Total time for which application threads were stopped: 0.0040480 seconds, Stopping threads took: 0.0000890 seconds
125.180: Application time: 0.0277120 seconds
125.180: [GC [PSYoungGen: 102000K->10016K(107520K)] 179979K->87995K(352768K), 0.0038600 secs] [Times: user=0.02 sys=0.00, real=0.00 secs] 
125.184: Total time for which application threads were stopped: 0.0040770 seconds, Stopping threads took: 0.0001190 seconds
125.216: Application time: 0.0319750 seconds
125.216: [GC [PSYoungGen: 102176K->11296K(107520K)] 180155K->89275K(352768K), 0.0044490 secs] [Times: user=0.03 sys=0.00, real=0.01 secs] 
125.220: Total time for which application threads were stopped: 0.0046540 seconds, Stopping threads took: 0.0001000 seconds
125.258: Application time: 0.0380590 seconds
125.258: [GC [PSYoungGen: 103456K->7824K(107520K)] 181435K->85803K(352768K), 0.0031170 secs] [Times: user=0.02 sys=0.00, real=0.00 secs] 
125.262: Total time for which application threads were stopped: 0.0032760 seconds, Stopping threads took: 0.0000610 seconds
125.292: Application time: 0.0303130 seconds
125.292: [GC [PSYoungGen: 99984K->7776K(107520K)] 177963K->85811K(352768K), 0.0032000 secs] [Times: user=0.02 sys=0.00, real=0.00 secs] 
125.295: Total time for which application threads were stopped: 0.0034090 seconds, Stopping threads took: 0.0001120 seconds
125.329: Application time: 0.0337960 seconds
125.329: [GC [PSYoungGen: 99936K->8336K(107520K)] 177971K->86459K(352768K), 0.0033320 secs] [Times: user=0.03 sys=0.00, real=0.00 secs] 
125.333: Total time for which application threads were stopped: 0.0035000 seconds, Stopping threads took: 0.0000740 seconds
125.359: Application time: 0.0260610 seconds
125.359: [GC [PSYoungGen: 100496K->7936K(107520K)] 178619K->86059K(352768K), 0.0031980 secs] [Times: user=0.02 sys=0.00, real=0.00 secs] 
125.362: Total time for which application threads were stopped: 0.0034010 seconds, Stopping threads took: 0.0001070 seconds
125.389: Application time: 0.0266340 seconds
125.389: [GC [PSYoungGen: 100096K->9856K(107520K)] 178219K->88075K(352768K), 0.0038310 secs] [Times: user=0.02 sys=0.01, real=0.00 secs] 
125.393: Total time for which application threads were stopped: 0.0040240 seconds, Stopping threads took: 0.0000970 seconds
125.423: Application time: 0.0297210 seconds
125.423: [GC [PSYoungGen: 102016K->11408K(107520K)] 180235K->89627K(352768K), 0.0043950 secs] [Times: user=0.03 sys=0.00, real=0.00 secs] 
125.427: Total time for which application threads were stopped: 0.0045800 seconds, Stopping threads took: 0.0000860 seconds
125.458: Application time: 0.0310130 seconds
125.458: [GC [PSYoungGen: 103568K->9344K(107520K)] 181787K->87563K(352768K), 0.0037030 secs] [Times: user=0.02 sys=0.00, real=0.00 secs] 
125.462: Total time for which application threads were stopped: 0.0039030 seconds, Stopping threads took: 0.0001050 seconds
125.499: Application time: 0.0368710 seconds
125.499: [GC [PSYoungGen: 101504K->9952K(107520K)] 179723K->88219K(352768K), 0.0039120 secs] [Times: user=0.03 sys=0.00, real=0.00 secs] 
125.503: Total time for which application threads were stopped: 0.0041240 seconds, Stopping threads took: 0.0001100 seconds
125.535: Application time: 0.0316740 seconds
125.535: [GC [PSYoungGen: 102112K->7616K(107520K)] 180379K->85883K(352768K), 0.0030320 secs] [Times: user=0.02 sys=0.00, real=0.01 secs] 
125.538: Total time for which application threads were stopped: 0.0032460 seconds, Stopping threads took: 0.0001220 seconds
125.571: Application time: 0.0331310 seconds
125.571: [GC [PSYoungGen: 99776K->9616K(107520K)] 178043K->87883K(352768K), 0.0037570 secs] [Times: user=0.02 sys=0.00, real=0.00 secs] 
125.575: Total time for which application threads were stopped: 0.0039390 seconds, Stopping threads took: 0.0000820 seconds
125.604: Application time: 0.0290760 seconds
125.604: [GC [PSYoungGen: 101776K->7648K(107520K)] 180043K->85971K(352768K), 0.0031090 secs] [Times: user=0.01 sys=0.00, real=0.00 secs] 
125.607: Total time for which application threads were stopped: 0.0032860 seconds, Stopping threads took: 0.0000820 seconds
125.633: Application time: 0.0260200 seconds
125.634: [GC [PSYoungGen: 99808K->7776K(107520K)] 178131K->86147K(352768K), 0.0031800 secs] [Times: user=0.01 sys=0.01, real=0.01 secs] 
125.637: Total time for which application threads were stopped: 0.0033560 seconds, Stopping threads took: 0.0000850 seconds
125.665: Application time: 0.0283150 seconds
125.665: [GC [PSYoungGen: 99936K->7824K(107520K)] 178307K->86195K(352768K), 0.0030320 secs] [Times: user=0.01 sys=0.00, real=0.01 secs] 
125.668: Total time for which application threads were stopped: 0.0032330 seconds, Stopping threads took: 0.0000780 seconds
125.697: Application time: 0.0287680 seconds
125.697: [GC [PSYoungGen: 99984K->10496K(107520K)] 178355K->88867K(352768K), 0.0040210 secs] [Times: user=0.03 sys=0.00, real=0.00 secs] 
125.701: Total time for which application threads were stopped: 0.0041940 seconds, Stopping threads took: 0.0000750 seconds
125.737: Application time: 0.0353670 seconds
125.737: [GC [PSYoungGen: 102656K->8272K(107520K)] 181027K->86643K(352768K), 0.0032000 secs] [Times: user=0.02 sys=0.00, real=0.00 secs] 
125.740: Total time for which application threads were stopped: 0.0033720 seconds, Stopping threads took: 0.0000780 seconds
125.775: Application time: 0.0348580 seconds
125.775: [GC [PSYoungGen: 100432K->7680K(107520K)] 178803K->86051K(352768K), 0.0030760 secs] [Times: user=0.02 sys=0.00, real=0.01 secs] 
125.778: Total time for which application threads were stopped: 0.0032660 seconds, Stopping threads took: 0.0000930 seconds
125.810: Application time: 0.0320250 seconds
125.810: [GC [PSYoungGen: 99840K->7840K(107520K)] 178211K->86211K(352768K), 0.0030710 secs] [Times: user=0.02 sys=0.00, real=0.00 secs] 
125.813: Total time for which application threads were stopped: 0.0032430 seconds, Stopping threads took: 0.0000770 seconds
125.845: Application time: 0.0311880 seconds
125.848: [GC [PSYoungGen: 100000K->8240K(107520K)] 178371K->86611K(352768K), 0.0032360 secs] [Times: user=0.02 sys=0.00, real=0.00 secs] 
125.852: Total time for which application threads were stopped: 0.0070280 seconds, Stopping threads took: 0.0036980 seconds
125.879: Application time: 0.0274410 seconds
125.879: [GC [PSYoungGen: 100400K->7920K(107520K)] 178771K->86291K(352768K), 0.0031510 secs] [Times: user=0.02 sys=0.00, real=0.00 secs] 
125.882: Total time for which application threads were stopped: 0.0033550 seconds, Stopping threads took: 0.0001080 seconds
125.907: Application time: 0.0249280 seconds
125.908: [GC [PSYoungGen: 100080K->8400K(107520K)] 178451K->86771K(352768K), 0.0032400 secs] [Times: user=0.02 sys=0.00, real=0.01 secs] 
125.911: Total time for which application threads were stopped: 0.0034130 seconds, Stopping threads took: 0.0000620 seconds
125.939: Application time: 0.0282460 seconds
125.939: [GC [PSYoungGen: 100560K->11568K(107520K)] 178931K->89939K(352768K), 0.0044760 secs] [Times: user=0.03 sys=0.00, real=0.00 secs] 
125.944: Total time for which application threads were stopped: 0.0046610 seconds, Stopping threads took: 0.0000890 seconds
125.975: Application time: 0.0317730 seconds
125.976: [GC [PSYoungGen: 103728K->11936K(107520K)] 182099K->90307K(352768K), 0.0046970 secs] [Times: user=0.03 sys=0.00, real=0.01 secs] 
125.980: Total time for which application threads were stopped: 0.0048660 seconds, Stopping threads took: 0.0000670 seconds
126.017: Application time: 0.0369630 seconds
126.017: [GC [PSYoungGen: 104096K->8656K(107520K)] 182467K->87027K(352768K), 0.0033600 secs] [Times: user=0.02 sys=0.00, real=0.00 secs] 
126.021: Total time for which application threads were stopped: 0.0035350 seconds, Stopping threads took: 0.0000810 seconds
126.053: Application time: 0.0322360 seconds
126.053: [GC [PSYoungGen: 100816K->7936K(107520K)] 179187K->86363K(352768K), 0.0032390 secs] [Times: user=0.03 sys=0.00, real=0.01 secs] 
126.057: Total time for which application threads were stopped: 0.0034420 seconds, Stopping threads took: 0.0001050 seconds
126.088: Application time: 0.0318690 seconds
126.089: [GC [PSYoungGen: 100096K->8224K(107520K)] 178523K->86707K(352768K), 0.0031990 secs] [Times: user=0.02 sys=0.00, real=0.00 secs] 
126.092: Total time for which application threads were stopped: 0.0033610 seconds, Stopping threads took: 0.0000690 seconds
126.121: Application time: 0.0294940 seconds
126.121: [GC [PSYoungGen: 100384K->7760K(107520K)] 178867K->86331K(352768K), 0.0030970 secs] [Times: user=0.03 sys=0.00, real=0.00 secs] 
126.125: Total time for which application threads were stopped: 0.0032690 seconds, Stopping threads took: 0.0000750 seconds
126.150: Application time: 0.0251530 seconds
126.150: [GC [PSYoungGen: 99920K->9632K(107520K)] 178491K->88251K(352768K), 0.0037360 secs] [Times: user=0.03 sys=0.00, real=0.00 secs] 
126.154: Total time for which application threads were stopped: 0.0039120 seconds, Stopping threads took: 0.0000800 seconds
126.180: Application time: 0.0260770 seconds
126.180: [GC [PSYoungGen: 101792K->8976K(107520K)] 180411K->87595K(352768K), 0.0035570 secs] [Times: user=0.02 sys=0.00, real=0.00 secs] 
126.183: Total time for which application threads were stopped: 0.0037500 seconds, Stopping threads took: 0.0000700 seconds
126.217: Application time: 0.0335430 seconds
126.217: [GC [PSYoungGen: 101136K->8448K(107520K)] 179755K->87067K(352768K), 0.0032540 secs] [Times: user=0.02 sys=0.00, real=0.00 secs] 
126.220: Total time for which application threads were stopped: 0.0034420 seconds, Stopping threads took: 0.0000930 seconds
126.254: Application time: 0.0336250 seconds
126.254: [GC [PSYoungGen: 100608K->8096K(107520K)] 179227K->86763K(352768K), 0.0032580 secs] [Times: user=0.02 sys=0.00, real=0.01 secs] 
126.257: Total time for which application threads were stopped: 0.0034180 seconds, Stopping threads took: 0.0000630 seconds
126.293: Application time: 0.0355990 seconds
126.293: [GC [PSYoungGen: 100256K->7600K(107520K)] 178923K->86267K(352768K), 0.0030530 secs] [Times: user=0.02 sys=0.00, real=0.00 secs] 
126.296: Total time for which application threads were stopped: 0.0032260 seconds, Stopping threads took: 0.0000710 seconds
126.327: Application time: 0.0308210 seconds
126.327: [GC [PSYoungGen: 99760K->7456K(107520K)] 178427K->86123K(352768K), 0.0030420 secs] [Times: user=0.02 sys=0.00, real=0.01 secs] 
126.330: Total time for which application threads were stopped: 0.0032570 seconds, Stopping threads took: 0.0001140 seconds
126.360: Application time: 0.0299650 seconds
126.360: [GC [PSYoungGen: 99616K->8096K(107520K)] 178283K->86811K(352768K), 0.0032930 secs] [Times: user=0.02 sys=0.00, real=0.00 secs] 
126.364: Total time for which application threads were stopped: 0.0034680 seconds, Stopping threads took: 0.0000810 seconds
126.392: Application time: 0.0277680 seconds
126.392: [GC [PSYoungGen: 100256K->8400K(107520K)] 178971K->87171K(352768K), 0.0033000 secs] [Times: user=0.02 sys=0.00, real=0.00 secs] 
126.395: Total time for which application threads were stopped: 0.0034880 seconds, Stopping threads took: 0.0000920 seconds
126.420: Application time: 0.0249470 seconds
126.420: [GC [PSYoungGen: 100560K->8176K(107520K)] 179331K->86947K(352768K), 0.0032120 secs] [Times: user=0.02 sys=0.00, real=0.00 secs] 
126.423: Total time for which application threads were stopped: 0.0034080 seconds, Stopping threads took: 0.0001000 seconds
126.453: Application time: 0.0294800 seconds
126.456: [GC [PSYoungGen: 100336K->11984K(107520K)] 179107K->90755K(352768K), 0.0047700 secs] [Times: user=0.03 sys=0.00, real=0.00 secs] 
126.461: Total time for which application threads were stopped: 0.0082820 seconds, Stopping threads took: 0.0034150 seconds
126.496: Application time: 0.0344010 seconds
126.496: [GC [PSYoungGen: 104144K->8320K(107520K)] 182915K->87091K(352768K), 0.0032460 secs] [Times: user=0.02 sys=0.00, real=0.01 secs] 
126.499: Total time for which application threads were stopped: 0.0034490 seconds, Stopping threads took: 0.0001060 seconds
126.536: Application time: 0.0367890 seconds
126.540: [GC [PSYoungGen: 100480K->7968K(107520K)] 179251K->86739K(352768K), 0.0032340 secs] [Times: user=0.02 sys=0.00, real=0.00 secs] 
126.544: Total time for which application threads were stopped: 0.0078100 seconds, Stopping threads took: 0.0044780 seconds
126.575: Application time: 0.0315280 seconds
126.575: [GC [PSYoungGen: 100128K->7808K(107520K)] 178899K->86579K(352768K), 0.0031580 secs] [Times: user=0.02 sys=0.00, real=0.01 secs] 
126.579: Total time for which application threads were stopped: 0.0033260 seconds, Stopping threads took: 0.0000720 seconds
126.609: Application time: 0.0309020 seconds
126.610: [GC [PSYoungGen: 99968K->8192K(107520K)] 178739K->86963K(352768K), 0.0031750 secs] [Times: user=0.02 sys=0.00, real=0.00 secs] 
126.613: Total time for which application threads were stopped: 0.0033670 seconds, Stopping threads took: 0.0000960 seconds
126.642: Application time: 0.0289940 seconds
126.642: [GC [PSYoungGen: 100352K->7888K(107520K)] 179123K->86659K(352768K), 0.0031550 secs] [Times: user=0.02 sys=0.00, real=0.00 secs] 
126.645: Total time for which application threads were stopped: 0.0033370 seconds, Stopping threads took: 0.0000870 seconds
126.668: Application time: 0.0233090 seconds
126.669: [GC [PSYoungGen: 100048K->8192K(107520K)] 178819K->86963K(352768K), 0.0030900 secs] [Times: user=0.02 sys=0.00, real=0.00 secs] 
126.672: Total time for which application threads were stopped: 0.0032720 seconds, Stopping threads took: 0.0000750 seconds
126.700: Application time: 0.0279130 seconds
126.700: [GC [PSYoungGen: 100352K->9376K(107520K)] 179123K->88147K(352768K), 0.0037880 secs] [Times: user=0.02 sys=0.00, real=0.00 secs] 
126.704: Total time for which application threads were stopped: 0.0040020 seconds, Stopping threads took: 0.0000990 seconds
126.738: Application time: 0.0339540 seconds
126.738: [GC [PSYoungGen: 101536K->10448K(107520K)] 180307K->89219K(352768K), 0.0039710 secs] [Times: user=0.03 sys=0.00, real=0.00 secs] 
126.742: Total time for which application threads were stopped: 0.0041410 seconds, Stopping threads took: 0.0000720 seconds
126.775: Application time: 0.0332100 seconds
126.775: [GC [PSYoungGen: 102608K->8816K(107520K)] 181379K->87587K(352768K), 0.0034300 secs] [Times: user=0.02 sys=0.00, real=0.01 secs] 
126.779: Total time for which application threads were stopped: 0.0036300 seconds, Stopping threads took: 0.0001050 seconds
126.816: Application time: 0.0372100 seconds
126.816: [GC [PSYoungGen: 100976K->8064K(107520K)] 179747K->86835K(352768K), 0.0031880 secs] [Times: user=0.02 sys=0.00, real=0.01 secs] 
126.819: Total time for which application threads were stopped: 0.0033880 seconds, Stopping threads took: 0.0001030 seconds
126.848: Application time: 0.0286850 seconds
126.848: [GC [PSYoungGen: 100224K->7824K(107520K)] 178995K->86643K(352768K), 0.0031620 secs] [Times: user=0.02 sys=0.00, real=0.01 secs] 
126.851: Total time for which application threads were stopped: 0.0033480 seconds, Stopping threads took: 0.0000920 seconds
126.882: Application time: 0.0303600 seconds
126.882: [GC [PSYoungGen: 99984K->9936K(107520K)] 178803K->88843K(352768K), 0.0039410 secs] [Times: user=0.03 sys=0.00, real=0.00 secs] 
126.886: Total time for which application threads were stopped: 0.0041190 seconds, Stopping threads took: 0.0000810 seconds
126.912: Application time: 0.0265180 seconds
126.912: [GC [PSYoungGen: 102096K->8240K(107520K)] 181003K->87203K(352768K), 0.0031560 secs] [Times: user=0.02 sys=0.00, real=0.00 secs] 
126.916: Total time for which application threads were stopped: 0.0033310 seconds, Stopping threads took: 0.0000820 seconds
126.940: Application time: 0.0247640 seconds
126.944: [GC [PSYoungGen: 100400K->8176K(107520K)] 179363K->87187K(352768K), 0.0032350 secs] [Times: user=0.03 sys=0.00, real=0.00 secs] 
126.948: Total time for which application threads were stopped: 0.0073630 seconds, Stopping threads took: 0.0040330 seconds
126.982: Application time: 0.0344930 seconds
126.982: [GC [PSYoungGen: 100336K->8896K(107520K)] 179347K->87907K(352768K), 0.0033730 secs] [Times: user=0.03 sys=0.00, real=0.00 secs] 
126.986: Total time for which application threads were stopped: 0.0035620 seconds, Stopping threads took: 0.0000910 seconds
127.017: Application time: 0.0310410 seconds
127.017: [GC [PSYoungGen: 101056K->7856K(107520K)] 180067K->86867K(352768K), 0.0031120 secs] [Times: user=0.02 sys=0.00, real=0.00 secs] 
127.020: Total time for which application threads were stopped: 0.0032810 seconds, Stopping threads took: 0.0000740 seconds
127.058: Application time: 0.0379820 seconds
127.058: [GC [PSYoungGen: 100016K->7712K(107520K)] 179027K->86771K(352768K), 0.0030680 secs] [Times: user=0.02 sys=0.00, real=0.00 secs] 
127.061: Total time for which application threads were stopped: 0.0032360 seconds, Stopping threads took: 0.0000720 seconds
127.092: Application time: 0.0309580 seconds
127.092: [GC [PSYoungGen: 99872K->7680K(107520K)] 178931K->86739K(352768K), 0.0030560 secs] [Times: user=0.02 sys=0.00, real=0.00 secs] 
127.096: Total time for which application threads were stopped: 0.0032610 seconds, Stopping threads took: 0.0001090 seconds
127.126: Application time: 0.0300400 seconds
127.126: [GC [PSYoungGen: 99840K->8080K(107520K)] 178899K->87187K(352768K), 0.0031300 secs] [Times: user=0.02 sys=0.00, real=0.01 secs] 
127.129: Total time for which application threads were stopped: 0.0033200 seconds, Stopping threads took: 0.0000950 seconds
127.158: Application time: 0.0290890 seconds
127.158: [GC [PSYoungGen: 100240K->8240K(107520K)] 179347K->87395K(352768K), 0.0031560 secs] [Times: user=0.03 sys=0.00, real=0.00 secs] 
127.161: Total time for which application threads were stopped: 0.0033460 seconds, Stopping threads took: 0.0000940 seconds
127.184: Application time: 0.0228140 seconds
127.184: [GC [PSYoungGen: 100400K->9600K(107520K)] 179555K->88755K(352768K), 0.0038250 secs] [Times: user=0.02 sys=0.00, real=0.00 secs] 
127.188: Total time for which application threads were stopped: 0.0040130 seconds, Stopping threads took: 0.0000890 seconds
127.217: Application time: 0.0285200 seconds
127.217: [GC [PSYoungGen: 101760K->11456K(107520K)] 180915K->90611K(352768K), 0.0045410 secs] [Times: user=0.02 sys=0.00, real=0.00 secs] 
127.221: Total time for which application threads were stopped: 0.0047240 seconds, Stopping threads took: 0.0000620 seconds
127.257: Application time: 0.0354420 seconds
127.257: [GC [PSYoungGen: 103616K->8944K(107520K)] 182771K->88099K(352768K), 0.0035100 secs] [Times: user=0.02 sys=0.00, real=0.00 secs] 
127.261: Total time for which application threads were stopped: 0.0036870 seconds, Stopping threads took: 0.0000760 seconds
127.294: Application time: 0.0336290 seconds
127.294: [GC [PSYoungGen: 101104K->9696K(107520K)] 180259K->88851K(352768K), 0.0038670 secs] [Times: user=0.03 sys=0.00, real=0.01 secs] 
127.298: Total time for which application threads were stopped: 0.0040710 seconds, Stopping threads took: 0.0000940 seconds
127.334: Application time: 0.0362500 seconds
127.335: [GC [PSYoungGen: 101856K->7744K(107520K)] 181011K->86899K(352768K), 0.0030570 secs] [Times: user=0.02 sys=0.00, real=0.01 secs] 
127.338: Total time for which application threads were stopped: 0.0032320 seconds, Stopping threads took: 0.0000780 seconds
127.367: Application time: 0.0287990 seconds
127.367: [GC [PSYoungGen: 99904K->7968K(107520K)] 179059K->87123K(352768K), 0.0031710 secs] [Times: user=0.02 sys=0.00, real=0.01 secs] 
127.370: Total time for which application threads were stopped: 0.0033640 seconds, Stopping threads took: 0.0000980 seconds
127.401: Application time: 0.0306440 seconds
127.401: [GC [PSYoungGen: 100128K->8224K(107520K)] 179283K->87379K(352768K), 0.0032460 secs] [Times: user=0.02 sys=0.00, real=0.00 secs] 
127.404: Total time for which application threads were stopped: 0.0034150 seconds, Stopping threads took: 0.0000730 seconds
127.429: Application time: 0.0249690 seconds
127.429: [GC [PSYoungGen: 100384K->7760K(107520K)] 179539K->86915K(352768K), 0.0030810 secs] [Times: user=0.02 sys=0.00, real=0.00 secs] 
127.432: Total time for which application threads were stopped: 0.0032470 seconds, Stopping threads took: 0.0000710 seconds
127.457: Application time: 0.0245610 seconds
127.457: [GC [PSYoungGen: 99920K->8448K(107520K)] 179075K->87603K(352768K), 0.0032670 secs] [Times: user=0.02 sys=0.00, real=0.00 secs] 
127.460: Total time for which application threads were stopped: 0.0034400 seconds, Stopping threads took: 0.0000790 seconds
127.494: Application time: 0.0342340 seconds
127.495: [GC [PSYoungGen: 100608K->10400K(107520K)] 179763K->89555K(352768K), 0.0040470 secs] [Times: user=0.03 sys=0.00, real=0.01 secs] 
127.499: Total time for which application threads were stopped: 0.0042270 seconds, Stopping threads took: 0.0000820 seconds
127.531: Application time: 0.0325300 seconds
127.532: [GC [PSYoungGen: 102560K->8112K(107520K)] 181715K->87267K(352768K), 0.0032260 secs] [Times: user=0.02 sys=0.00, real=0.00 secs] 
127.536: Total time for which application threads were stopped: 0.0045030 seconds, Stopping threads took: 0.0011790 seconds
127.574: Application time: 0.0378640 seconds
127.574: [GC [PSYoungGen: 100272K->8160K(107520K)] 179427K->87315K(352768K), 0.0031740 secs] [Times: user=0.02 sys=0.00, real=0.01 secs] 
127.577: Total time for which application threads were stopped: 0.0033630 seconds, Stopping threads took: 0.0000920 seconds
127.608: Application time: 0.0312400 seconds
127.608: [GC [PSYoungGen: 100320K->7808K(107520K)] 179475K->87011K(352768K), 0.0032130 secs] [Times: user=0.01 sys=0.00, real=0.01 secs] 
127.612: Total time for which application threads were stopped: 0.0033870 seconds, Stopping threads took: 0.0000790 seconds
127.641: Application time: 0.0295490 seconds
127.641: [GC [PSYoungGen: 99968K->9712K(107520K)] 179171K->89003K(352768K), 0.0039460 secs] [Times: user=0.02 sys=0.00, real=0.00 secs] 
127.645: Total time for which application threads were stopped: 0.0041180 seconds, Stopping threads took: 0.0000730 seconds
127.674: Application time: 0.0289220 seconds
127.674: [GC [PSYoungGen: 101872K->7904K(107520K)] 181163K->87251K(352768K), 0.0032710 secs] [Times: user=0.01 sys=0.00, real=0.01 secs] 
127.678: Total time for which application threads were stopped: 0.0034650 seconds, Stopping threads took: 0.0000980 seconds
127.700: Application time: 0.0220440 seconds
127.700: [GC [PSYoungGen: 100064K->9552K(107520K)] 179411K->88947K(352768K), 0.0038080 secs] [Times: user=0.02 sys=0.00, real=0.00 secs] 
127.704: Total time for which application threads were stopped: 0.0039990 seconds, Stopping threads took: 0.0000920 seconds
127.735: Application time: 0.0314720 seconds
127.735: [GC [PSYoungGen: 101712K->11312K(107520K)] 181107K->90707K(352768K), 0.0043840 secs] [Times: user=0.03 sys=0.00, real=0.01 secs] 
127.740: Total time for which application threads were stopped: 0.0045860 seconds, Stopping threads took: 0.0000850 seconds
127.773: Application time: 0.0337330 seconds
127.774: [GC [PSYoungGen: 103472K->8624K(107520K)] 182867K->88019K(352768K), 0.0033090 secs] [Times: user=0.02 sys=0.00, real=0.01 secs] 
127.777: Total time for which application threads were stopped: 0.0035090 seconds, Stopping threads took: 0.0001010 seconds
127.813: Application time: 0.0358990 seconds
127.813: [GC [PSYoungGen: 100784K->7952K(107520K)] 180179K->87395K(352768K), 0.0032540 secs] [Times: user=0.02 sys=0.00, real=0.00 secs] 
127.816: Total time for which application threads were stopped: 0.0034230 seconds, Stopping threads took: 0.0000710 seconds
127.849: Application time: 0.0326350 seconds
127.849: [GC [PSYoungGen: 100112K->7520K(107520K)] 179555K->86963K(352768K), 0.0030020 secs] [Times: user=0.02 sys=0.00, real=0.00 secs] 
127.852: Total time for which application threads were stopped: 0.0031880 seconds, Stopping threads took: 0.0000890 seconds
127.881: Application time: 0.0290710 seconds
127.881: [GC [PSYoungGen: 99680K->7712K(107520K)] 179123K->87212K(352768K), 0.0030730 secs] [Times: user=0.02 sys=0.00, real=0.00 secs] 
127.884: Total time for which application threads were stopped: 0.0032440 seconds, Stopping threads took: 0.0000760 seconds
127.916: Application time: 0.0317500 seconds
127.916: [GC [PSYoungGen: 99872K->7792K(107520K)] 179372K->87340K(352768K), 0.0031260 secs] [Times: user=0.02 sys=0.01, real=0.00 secs] 
127.920: Total time for which application threads were stopped: 0.0033180 seconds, Stopping threads took: 0.0000830 seconds
127.944: Application time: 0.0241150 seconds
127.944: [GC [PSYoungGen: 99952K->7632K(107520K)] 179500K->87180K(352768K), 0.0029890 secs] [Times: user=0.02 sys=0.00, real=0.00 secs] 
127.947: Total time for which application threads were stopped: 0.0031610 seconds, Stopping threads took: 0.0000750 seconds
127.972: Application time: 0.0248050 seconds
127.972: [GC [PSYoungGen: 99792K->8224K(107520K)] 179340K->87772K(352768K), 0.0032030 secs] [Times: user=0.02 sys=0.00, real=0.00 secs] 
127.975: Total time for which application threads were stopped: 0.0034020 seconds, Stopping threads took: 0.0001040 seconds
128.011: Application time: 0.0364130 seconds
128.012: [GC [PSYoungGen: 100384K->8496K(107520K)] 179932K->88044K(352768K), 0.0031950 secs] [Times: user=0.03 sys=0.00, real=0.00 secs] 
128.015: Total time for which application threads were stopped: 0.0033720 seconds, Stopping threads took: 0.0000820 seconds
128.047: Application time: 0.0320230 seconds
128.047: [GC [PSYoungGen: 100656K->8080K(107520K)] 180204K->87628K(352768K), 0.0032120 secs] [Times: user=0.02 sys=0.00, real=0.01 secs] 
128.050: Total time for which application threads were stopped: 0.0033990 seconds, Stopping threads took: 0.0000910 seconds
128.086: Application time: 0.0355990 seconds
128.086: [GC [PSYoungGen: 100240K->7728K(107520K)] 179788K->87276K(352768K), 0.0031030 secs] [Times: user=0.02 sys=0.00, real=0.01 secs] 
128.089: Total time for which application threads were stopped: 0.0032990 seconds, Stopping threads took: 0.0001010 seconds
128.121: Application time: 0.0318990 seconds
128.121: [GC [PSYoungGen: 99888K->7856K(107520K)] 179436K->87404K(352768K), 0.0033480 secs] [Times: user=0.02 sys=0.00, real=0.00 secs] 
128.125: Total time for which application threads were stopped: 0.0035220 seconds, Stopping threads took: 0.0000780 seconds
128.156: Application time: 0.0313250 seconds
128.156: [GC [PSYoungGen: 100016K->8192K(107520K)] 179564K->87740K(352768K), 0.0032420 secs] [Times: user=0.02 sys=0.00, real=0.01 secs] 
128.159: Total time for which application threads were stopped: 0.0034170 seconds, Stopping threads took: 0.0000810 seconds
128.185: Application time: 0.0260980 seconds
128.185: [GC [PSYoungGen: 100352K->7888K(107520K)] 179900K->87436K(352768K), 0.0031150 secs] [Times: user=0.02 sys=0.00, real=0.01 secs] 
128.189: Total time for which application threads were stopped: 0.0032780 seconds, Stopping threads took: 0.0000680 seconds
128.212: Application time: 0.0230390 seconds
128.212: [GC [PSYoungGen: 100048K->10080K(107520K)] 179596K->89628K(352768K), 0.0038570 secs] [Times: user=0.03 sys=0.00, real=0.00 secs] 
128.216: Total time for which application threads were stopped: 0.0040690 seconds, Stopping threads took: 0.0001010 seconds
128.250: Application time: 0.0342060 seconds
128.250: [GC [PSYoungGen: 102240K->13984K(107520K)] 181788K->93532K(352768K), 0.0053340 secs] [Times: user=0.04 sys=0.00, real=0.00 secs] 
128.256: Total time for which application threads were stopped: 0.0055370 seconds, Stopping threads took: 0.0000920 seconds
128.285: Application time: 0.0295740 seconds
128.285: [GC [PSYoungGen: 106144K->9824K(107520K)] 185692K->89372K(352768K), 0.0038760 secs] [Times: user=0.02 sys=0.00, real=0.01 secs] 
128.289: Total time for which application threads were stopped: 0.0040750 seconds, Stopping threads took: 0.0001010 seconds
128.327: Application time: 0.0383050 seconds
128.328: [GC [PSYoungGen: 101984K->8176K(107520K)] 181532K->87724K(352768K), 0.0032430 secs] [Times: user=0.03 sys=0.00, real=0.01 secs] 
128.331: Total time for which application threads were stopped: 0.0034310 seconds, Stopping threads took: 0.0000910 seconds
128.362: Application time: 0.0315300 seconds
128.363: [GC [PSYoungGen: 100336K->8080K(107520K)] 179884K->87676K(352768K), 0.0031590 secs] [Times: user=0.02 sys=0.00, real=0.00 secs] 
128.366: Total time for which application threads were stopped: 0.0033530 seconds, Stopping threads took: 0.0000970 seconds
128.397: Application time: 0.0311360 seconds
128.397: [GC [PSYoungGen: 100240K->9968K(107520K)] 179836K->89652K(352768K), 0.0039920 secs] [Times: user=0.03 sys=0.00, real=0.00 secs] 
128.401: Total time for which application threads were stopped: 0.0041820 seconds, Stopping threads took: 0.0000920 seconds
128.430: Application time: 0.0293210 seconds
128.431: [GC [PSYoungGen: 102128K->7952K(107520K)] 181812K->87684K(352768K), 0.0030340 secs] [Times: user=0.02 sys=0.00, real=0.00 secs] 
128.434: Total time for which application threads were stopped: 0.0032000 seconds, Stopping threads took: 0.0000720 seconds
128.456: Application time: 0.0221260 seconds
128.456: [GC [PSYoungGen: 100112K->7648K(107520K)] 179844K->87420K(352768K), 0.0030720 secs] [Times: user=0.02 sys=0.00, real=0.01 secs] 
128.459: Total time for which application threads were stopped: 0.0032490 seconds, Stopping threads took: 0.0000820 seconds
128.489: Application time: 0.0302190 seconds
128.489: [GC [PSYoungGen: 99808K->9824K(107520K)] 179580K->89596K(352768K), 0.0037970 secs] [Times: user=0.03 sys=0.00, real=0.00 secs] 
128.493: Total time for which application threads were stopped: 0.0039720 seconds, Stopping threads took: 0.0000760 seconds
128.527: Application time: 0.0333570 seconds
128.527: [GC [PSYoungGen: 101984K->7952K(107520K)] 181756K->87724K(352768K), 0.0031530 secs] [Times: user=0.02 sys=0.00, real=0.01 secs] 
128.530: Total time for which application threads were stopped: 0.0033240 seconds, Stopping threads took: 0.0000740 seconds
128.564: Application time: 0.0339630 seconds
128.564: [GC [PSYoungGen: 100112K->7680K(107520K)] 179884K->87500K(352768K), 0.0030340 secs] [Times: user=0.02 sys=0.00, real=0.00 secs] 
128.567: Total time for which application threads were stopped: 0.0032270 seconds, Stopping threads took: 0.0000960 seconds
128.602: Application time: 0.0345120 seconds
128.602: [GC [PSYoungGen: 99840K->7952K(107520K)] 179660K->87772K(352768K), 0.0031660 secs] [Times: user=0.02 sys=0.00, real=0.00 secs] 
128.605: Total time for which application threads were stopped: 0.0033420 seconds, Stopping threads took: 0.0000780 seconds
128.635: Application time: 0.0303870 seconds
128.636: [GC [PSYoungGen: 100112K->8400K(107520K)] 179932K->88220K(352768K), 0.0032370 secs] [Times: user=0.02 sys=0.00, real=0.01 secs] 
128.639: Total time for which application threads were stopped: 0.0034360 seconds, Stopping threads took: 0.0001000 seconds
128.671: Application time: 0.0327120 seconds
128.672: [GC [PSYoungGen: 100560K->7824K(107520K)] 180380K->87700K(352768K), 0.0032100 secs] [Times: user=0.02 sys=0.00, real=0.00 secs] 
128.675: Total time for which application threads were stopped: 0.0034040 seconds, Stopping threads took: 0.0000900 seconds
128.699: Application time: 0.0244940 seconds
128.700: [GC [PSYoungGen: 99984K->7952K(107520K)] 179860K->87884K(352768K), 0.0031940 secs] [Times: user=0.02 sys=0.00, real=0.00 secs] 
128.703: Total time for which application threads were stopped: 0.0034130 seconds, Stopping threads took: 0.0001220 seconds
128.728: Application time: 0.0248720 seconds
128.728: [GC [PSYoungGen: 100112K->10064K(107520K)] 180044K->89996K(352768K), 0.0039530 secs] [Times: user=0.02 sys=0.00, real=0.01 secs] 
128.732: Total time for which application threads were stopped: 0.0041460 seconds, Stopping threads took: 0.0000940 seconds
128.766: Application time: 0.0342990 seconds
128.766: [GC [PSYoungGen: 102224K->10800K(107520K)] 182156K->90732K(352768K), 0.0041640 secs] [Times: user=0.03 sys=0.00, real=0.01 secs] 
128.770: Total time for which application threads were stopped: 0.0043470 seconds, Stopping threads took: 0.0000620 seconds
128.800: Application time: 0.0298380 seconds
128.800: [GC [PSYoungGen: 102960K->8224K(107520K)] 182892K->88156K(352768K), 0.0032250 secs] [Times: user=0.02 sys=0.00, real=0.00 secs] 
128.804: Total time for which application threads were stopped: 0.0034120 seconds, Stopping threads took: 0.0000880 seconds
128.842: Application time: 0.0385250 seconds
128.844: [GC [PSYoungGen: 100384K->8112K(107520K)] 180316K->88044K(352768K), 0.0031750 secs] [Times: user=0.02 sys=0.00, real=0.00 secs] 
128.848: Total time for which application threads were stopped: 0.0053320 seconds, Stopping threads took: 0.0020590 seconds
128.877: Application time: 0.0289950 seconds
128.877: [GC [PSYoungGen: 100272K->7824K(107520K)] 180204K->87756K(352768K), 0.0031450 secs] [Times: user=0.01 sys=0.00, real=0.00 secs] 
128.880: Total time for which application threads were stopped: 0.0033210 seconds, Stopping threads took: 0.0000880 seconds
128.914: Application time: 0.0339700 seconds
128.914: [GC [PSYoungGen: 99984K->7776K(107520K)] 179916K->87708K(352768K), 0.0030800 secs] [Times: user=0.02 sys=0.00, real=0.01 secs] 
128.917: Total time for which application threads were stopped: 0.0032500 seconds, Stopping threads took: 0.0000760 seconds
128.943: Application time: 0.0262940 seconds
128.944: [GC [PSYoungGen: 99936K->7744K(107520K)] 179868K->87676K(352768K), 0.0030690 secs] [Times: user=0.02 sys=0.00, real=0.00 secs] 
128.947: Total time for which application threads were stopped: 0.0040470 seconds, Stopping threads took: 0.0008820 seconds
128.970: Application time: 0.0226740 seconds
128.970: [GC [PSYoungGen: 99904K->7648K(107520K)] 179836K->87580K(352768K), 0.0030110 secs] [Times: user=0.02 sys=0.00, real=0.00 secs] 
128.973: Total time for which application threads were stopped: 0.0032440 seconds, Stopping threads took: 0.0001380 seconds
129.007: Application time: 0.0332500 seconds
129.007: [GC [PSYoungGen: 99808K->10416K(107520K)] 179740K->90348K(352768K), 0.0040250 secs] [Times: user=0.03 sys=0.00, real=0.01 secs] 
129.011: Total time for which application threads were stopped: 0.0042140 seconds, Stopping threads took: 0.0000910 seconds
129.041: Application time: 0.0303280 seconds
129.041: [GC [PSYoungGen: 102576K->8000K(107520K)] 182508K->87932K(352768K), 0.0030670 secs] [Times: user=0.02 sys=0.00, real=0.00 secs] 
129.044: Total time for which application threads were stopped: 0.0032550 seconds, Stopping threads took: 0.0000920 seconds
129.080: Application time: 0.0353360 seconds
129.080: [GC [PSYoungGen: 100160K->8576K(107520K)] 180092K->88508K(352768K), 0.0032630 secs] [Times: user=0.02 sys=0.00, real=0.00 secs] 
129.083: Total time for which application threads were stopped: 0.0034560 seconds, Stopping threads took: 0.0000950 seconds
129.117: Application time: 0.0333140 seconds
129.120: [GC [PSYoungGen: 100736K->7744K(107520K)] 180668K->87676K(352768K), 0.0031650 secs] [Times: user=0.02 sys=0.00, real=0.00 secs] 
129.124: Total time for which application threads were stopped: 0.0070330 seconds, Stopping threads took: 0.0037710 seconds
129.154: Application time: 0.0305860 seconds
129.154: [GC [PSYoungGen: 99904K->9776K(107520K)] 179836K->89780K(352768K), 0.0038380 secs] [Times: user=0.03 sys=0.00, real=0.01 secs] 
129.158: Total time for which application threads were stopped: 0.0040350 seconds, Stopping threads took: 0.0000970 seconds
129.189: Application time: 0.0311280 seconds
129.190: [GC [PSYoungGen: 101936K->8112K(107520K)] 181940K->88204K(352768K), 0.0033540 secs] [Times: user=0.02 sys=0.00, real=0.00 secs] 
129.193: Total time for which application threads were stopped: 0.0035640 seconds, Stopping threads took: 0.0001140 seconds
129.217: Application time: 0.0243560 seconds
129.220: [GC [PSYoungGen: 100272K->7744K(107520K)] 180364K->87836K(352768K), 0.0030950 secs] [Times: user=0.02 sys=0.00, real=0.00 secs] 
129.224: Total time for which application threads were stopped: 0.0062160 seconds, Stopping threads took: 0.0030230 seconds
129.252: Application time: 0.0280230 seconds
129.252: [GC [PSYoungGen: 99904K->8752K(107520K)] 179996K->88892K(352768K), 0.0033920 secs] [Times: user=0.02 sys=0.00, real=0.00 secs] 
129.255: Total time for which application threads were stopped: 0.0035760 seconds, Stopping threads took: 0.0000880 seconds
129.288: Application time: 0.0326840 seconds
129.288: [GC [PSYoungGen: 100912K->10160K(107520K)] 181052K->90300K(352768K), 0.0039210 secs] [Times: user=0.02 sys=0.00, real=0.01 secs] 
129.292: Total time for which application threads were stopped: 0.0041250 seconds, Stopping threads took: 0.0000880 seconds
129.323: Application time: 0.0312990 seconds
129.323: [GC [PSYoungGen: 102320K->8368K(107520K)] 182460K->88556K(352768K), 0.0033700 secs] [Times: user=0.02 sys=0.00, real=0.00 secs] 
129.327: Total time for which application threads were stopped: 0.0035400 seconds, Stopping threads took: 0.0000770 seconds
129.363: Application time: 0.0357230 seconds
129.363: [GC [PSYoungGen: 100528K->7824K(107520K)] 180716K->88012K(352768K), 0.0030830 secs] [Times: user=0.02 sys=0.00, real=0.00 secs] 
129.366: Total time for which application threads were stopped: 0.0032760 seconds, Stopping threads took: 0.0000950 seconds
129.397: Application time: 0.0316620 seconds
129.398: [GC [PSYoungGen: 99984K->7648K(107520K)] 180172K->87836K(352768K), 0.0030850 secs] [Times: user=0.02 sys=0.00, real=0.00 secs] 
129.401: Total time for which application threads were stopped: 0.0032470 seconds, Stopping threads took: 0.0000650 seconds
129.433: Application time: 0.0328010 seconds
129.434: [GC [PSYoungGen: 99808K->7776K(107520K)] 179996K->88020K(352768K), 0.0032390 secs] [Times: user=0.02 sys=0.00, real=0.01 secs] 
129.437: Total time for which application threads were stopped: 0.0034060 seconds, Stopping threads took: 0.0000730 seconds
129.463: Application time: 0.0257640 seconds
129.463: [GC [PSYoungGen: 99936K->7920K(107520K)] 180180K->88220K(352768K), 0.0030920 secs] [Times: user=0.02 sys=0.00, real=0.00 secs] 
129.466: Total time for which application threads were stopped: 0.0032790 seconds, Stopping threads took: 0.0000930 seconds
129.490: Application time: 0.0239580 seconds
129.490: [GC [PSYoungGen: 100080K->8608K(107520K)] 180380K->88908K(352768K), 0.0033150 secs] [Times: user=0.03 sys=0.00, real=0.00 secs] 
129.493: Total time for which application threads were stopped: 0.0034910 seconds, Stopping threads took: 0.0000800 seconds
129.526: Application time: 0.0327890 seconds
129.526: [GC [PSYoungGen: 100768K->9456K(107520K)] 181068K->89756K(352768K), 0.0036640 secs] [Times: user=0.02 sys=0.00, real=0.01 secs] 
129.530: Total time for which application threads were stopped: 0.0038190 seconds, Stopping threads took: 0.0000560 seconds
129.560: Application time: 0.0298460 seconds
129.560: [GC [PSYoungGen: 101616K->9456K(107520K)] 181916K->89756K(352768K), 0.0037000 secs] [Times: user=0.02 sys=0.00, real=0.00 secs] 
129.564: Total time for which application threads were stopped: 0.0038790 seconds, Stopping threads took: 0.0000800 seconds
129.600: Application time: 0.0363340 seconds
129.600: [GC [PSYoungGen: 101616K->9856K(107520K)] 181916K->90156K(352768K), 0.0039510 secs] [Times: user=0.02 sys=0.00, real=0.00 secs] 
129.604: Total time for which application threads were stopped: 0.0041510 seconds, Stopping threads took: 0.0000910 seconds
129.637: Application time: 0.0323300 seconds
129.637: [GC [PSYoungGen: 102016K->7920K(107520K)] 182316K->88220K(352768K), 0.0031910 secs] [Times: user=0.02 sys=0.00, real=0.00 secs] 
129.640: Total time for which application threads were stopped: 0.0033720 seconds, Stopping threads took: 0.0000800 seconds
129.673: Application time: 0.0330510 seconds
129.673: [GC [PSYoungGen: 100080K->8112K(107520K)] 180380K->88412K(352768K), 0.0032070 secs] [Times: user=0.02 sys=0.00, real=0.01 secs] 
129.676: Total time for which application threads were stopped: 0.0033960 seconds, Stopping threads took: 0.0000940 seconds
129.705: Application time: 0.0288640 seconds
129.705: [GC [PSYoungGen: 100272K->7744K(107520K)] 180572K->88044K(352768K), 0.0031600 secs] [Times: user=0.02 sys=0.00, real=0.01 secs] 
129.709: Total time for which application threads were stopped: 0.0033160 seconds, Stopping threads took: 0.0000580 seconds
129.733: Application time: 0.0245580 seconds
129.733: [GC [PSYoungGen: 99904K->7856K(107520K)] 180204K->88156K(352768K), 0.0031080 secs] [Times: user=0.02 sys=0.00, real=0.01 secs] 
129.736: Total time for which application threads were stopped: 0.0033040 seconds, Stopping threads took: 0.0000940 seconds
129.764: Application time: 0.0277710 seconds
129.764: [GC [PSYoungGen: 100016K->10208K(107520K)] 180316K->90508K(352768K), 0.0040130 secs] [Times: user=0.02 sys=0.00, real=0.01 secs] 
129.768: Total time for which application threads were stopped: 0.0041890 seconds, Stopping threads took: 0.0000670 seconds
129.800: Application time: 0.0312260 seconds
129.800: [GC [PSYoungGen: 102368K->10336K(107520K)] 182668K->90636K(352768K), 0.0039890 secs] [Times: user=0.03 sys=0.00, real=0.00 secs] 
129.804: Total time for which application threads were stopped: 0.0042000 seconds, Stopping threads took: 0.0000900 seconds
129.838: Application time: 0.0341270 seconds
129.838: [GC [PSYoungGen: 102496K->7936K(107520K)] 182796K->88236K(352768K), 0.0031690 secs] [Times: user=0.02 sys=0.00, real=0.00 secs] 
129.841: Total time for which application threads were stopped: 0.0033620 seconds, Stopping threads took: 0.0000950 seconds
129.876: Application time: 0.0345110 seconds
129.876: [GC [PSYoungGen: 100096K->8128K(107520K)] 180396K->88428K(352768K), 0.0032460 secs] [Times: user=0.02 sys=0.00, real=0.01 secs] 
129.879: Total time for which application threads were stopped: 0.0034360 seconds, Stopping threads took: 0.0000940 seconds
129.911: Application time: 0.0316190 seconds
129.911: [GC [PSYoungGen: 100288K->9648K(107520K)] 180588K->90036K(352768K), 0.0038960 secs] [Times: user=0.03 sys=0.00, real=0.00 secs] 
129.915: Total time for which application threads were stopped: 0.0040700 seconds, Stopping threads took: 0.0000750 seconds
129.947: Application time: 0.0319450 seconds
129.947: [GC [PSYoungGen: 101808K->7856K(107520K)] 182196K->88332K(352768K), 0.0030960 secs] [Times: user=0.03 sys=0.00, real=0.01 secs] 
129.950: Total time for which application threads were stopped: 0.0032980 seconds, Stopping threads took: 0.0001050 seconds
129.976: Application time: 0.0256180 seconds
129.976: [GC [PSYoungGen: 100016K->7776K(107520K)] 180492K->88252K(352768K), 0.0031360 secs] [Times: user=0.02 sys=0.00, real=0.01 secs] 
129.979: Total time for which application threads were stopped: 0.0033330 seconds, Stopping threads took: 0.0001010 seconds
130.003: Application time: 0.0242350 seconds
130.004: [GC [PSYoungGen: 99936K->8288K(107520K)] 180412K->88820K(352768K), 0.0031860 secs] [Times: user=0.02 sys=0.00, real=0.00 secs] 
130.007: Total time for which application threads were stopped: 0.0033620 seconds, Stopping threads took: 0.0000820 seconds
130.040: Application time: 0.0327500 seconds
130.040: [GC [PSYoungGen: 100448K->10976K(107520K)] 180980K->91508K(352768K), 0.0041670 secs] [Times: user=0.03 sys=0.00, real=0.00 secs] 
130.044: Total time for which application threads were stopped: 0.0043640 seconds, Stopping threads took: 0.0000960 seconds
130.075: Application time: 0.0308820 seconds
130.075: [GC [PSYoungGen: 103136K->8208K(107520K)] 183668K->88796K(352768K), 0.0032300 secs] [Times: user=0.02 sys=0.00, real=0.01 secs] 
130.078: Total time for which application threads were stopped: 0.0034160 seconds, Stopping threads took: 0.0000930 seconds
130.115: Application time: 0.0367470 seconds
130.115: [GC [PSYoungGen: 100368K->7968K(107520K)] 180956K->88556K(352768K), 0.0031540 secs] [Times: user=0.02 sys=0.00, real=0.01 secs] 
130.118: Total time for which application threads were stopped: 0.0033180 seconds, Stopping threads took: 0.0000670 seconds
130.149: Application time: 0.0309810 seconds
130.149: [GC [PSYoungGen: 100128K->7696K(107520K)] 180716K->88284K(352768K), 0.0030820 secs] [Times: user=0.02 sys=0.00, real=0.00 secs] 
130.153: Total time for which application threads were stopped: 0.0033010 seconds, Stopping threads took: 0.0001230 seconds
130.186: Application time: 0.0332210 seconds
130.186: [GC [PSYoungGen: 99856K->8064K(107520K)] 180444K->88700K(352768K), 0.0034070 secs] [Times: user=0.02 sys=0.00, real=0.01 secs] 
130.189: Total time for which application threads were stopped: 0.0035980 seconds, Stopping threads took: 0.0000900 seconds
130.218: Application time: 0.0283150 seconds
130.218: [GC [PSYoungGen: 100224K->7552K(107520K)] 180860K->88252K(352768K), 0.0031210 secs] [Times: user=0.03 sys=0.00, real=0.00 secs] 
130.221: Total time for which application threads were stopped: 0.0032990 seconds, Stopping threads took: 0.0000850 seconds
130.245: Application time: 0.0243640 seconds
130.247: [GC [PSYoungGen: 99712K->8032K(107520K)] 180412K->88732K(352768K), 0.0032130 secs] [Times: user=0.02 sys=0.00, real=0.01 secs] 
130.250: Total time for which application threads were stopped: 0.0045740 seconds, Stopping threads took: 0.0012610 seconds
130.277: Application time: 0.0275170 seconds
130.278: [GC [PSYoungGen: 100192K->11136K(107520K)] 180892K->91836K(352768K), 0.0043440 secs] [Times: user=0.03 sys=0.00, real=0.00 secs] 
130.282: Total time for which application threads were stopped: 0.0045190 seconds, Stopping threads took: 0.0000760 seconds
130.314: Application time: 0.0318030 seconds
130.314: [GC [PSYoungGen: 103296K->9616K(107520K)] 183996K->90316K(352768K), 0.0036310 secs] [Times: user=0.03 sys=0.00, real=0.01 secs] 
130.318: Total time for which application threads were stopped: 0.0038190 seconds, Stopping threads took: 0.0000740 seconds
130.352: Application time: 0.0345410 seconds
130.352: [GC [PSYoungGen: 101776K->9440K(107520K)] 182476K->90140K(352768K), 0.0037570 secs] [Times: user=0.03 sys=0.00, real=0.00 secs] 
130.356: Total time for which application threads were stopped: 0.0039610 seconds, Stopping threads took: 0.0000950 seconds
130.391: Application time: 0.0349480 seconds
130.391: [GC [PSYoungGen: 101600K->7888K(107520K)] 182300K->88588K(352768K), 0.0031410 secs] [Times: user=0.02 sys=0.00, real=0.00 secs] 
130.394: Total time for which application threads were stopped: 0.0033210 seconds, Stopping threads took: 0.0000870 seconds
130.427: Application time: 0.0329900 seconds
130.428: [GC [PSYoungGen: 100048K->8192K(107520K)] 180748K->88892K(352768K), 0.0032050 secs] [Times: user=0.02 sys=0.00, real=0.01 secs] 
130.431: Total time for which application threads were stopped: 0.0034030 seconds, Stopping threads took: 0.0001010 seconds
130.462: Application time: 0.0310480 seconds
130.462: [GC [PSYoungGen: 100352K->8064K(107520K)] 181052K->88764K(352768K), 0.0032050 secs] [Times: user=0.02 sys=0.00, real=0.00 secs] 
130.465: Total time for which application threads were stopped: 0.0034040 seconds, Stopping threads took: 0.0001020 seconds
130.489: Application time: 0.0242500 seconds
130.490: [GC [PSYoungGen: 100224K->8080K(107520K)] 180924K->88780K(352768K), 0.0032300 secs] [Times: user=0.02 sys=0.00, real=0.00 secs] 
130.493: Total time for which application threads were stopped: 0.0033960 seconds, Stopping threads took: 0.0000710 seconds
130.518: Application time: 0.0246590 seconds
130.518: [GC [PSYoungGen: 100240K->8352K(107520K)] 180940K->89052K(352768K), 0.0033280 secs] [Times: user=0.02 sys=0.00, real=0.00 secs] 
130.521: Total time for which application threads were stopped: 0.0035200 seconds, Stopping threads took: 0.0000890 seconds
130.556: Application time: 0.0345380 seconds
130.556: [GC [PSYoungGen: 100512K->10560K(107520K)] 181212K->91260K(352768K), 0.0039540 secs] [Times: user=0.02 sys=0.00, real=0.01 secs] 
130.560: Total time for which application threads were stopped: 0.0041230 seconds, Stopping threads took: 0.0000690 seconds
130.590: Application time: 0.0300210 seconds
130.590: [GC [PSYoungGen: 102720K->8336K(107520K)] 183420K->89036K(352768K), 0.0032140 secs] [Times: user=0.03 sys=0.00, real=0.00 secs] 
130.593: Total time for which application threads were stopped: 0.0034030 seconds, Stopping threads took: 0.0000920 seconds
130.629: Application time: 0.0355740 seconds
130.629: [GC [PSYoungGen: 100496K->8080K(107520K)] 181196K->88780K(352768K), 0.0032310 secs] [Times: user=0.02 sys=0.00, real=0.00 secs] 
130.632: Total time for which application threads were stopped: 0.0034160 seconds, Stopping threads took: 0.0000890 seconds
130.667: Application time: 0.0347080 seconds
130.667: [GC [PSYoungGen: 100240K->8768K(107520K)] 180940K->89468K(352768K), 0.0033430 secs] [Times: user=0.02 sys=0.00, real=0.01 secs] 
130.670: Total time for which application threads were stopped: 0.0035560 seconds, Stopping threads took: 0.0001150 seconds
130.702: Application time: 0.0313120 seconds
130.702: [GC [PSYoungGen: 100928K->7856K(107520K)] 181628K->88676K(352768K), 0.0033000 secs] [Times: user=0.02 sys=0.00, real=0.00 secs] 
130.705: Total time for which application threads were stopped: 0.0034960 seconds, Stopping threads took: 0.0000970 seconds
130.734: Application time: 0.0285940 seconds
130.734: [GC [PSYoungGen: 100016K->7616K(107520K)] 180836K->88484K(352768K), 0.0031580 secs] [Times: user=0.01 sys=0.00, real=0.01 secs] 
130.737: Total time for which application threads were stopped: 0.0033560 seconds, Stopping threads took: 0.0001020 seconds
130.758: Application time: 0.0205760 seconds
130.758: [GC [PSYoungGen: 99776K->7648K(107520K)] 180644K->88572K(352768K), 0.0031610 secs] [Times: user=0.02 sys=0.00, real=0.00 secs] 
130.761: Total time for which application threads were stopped: 0.0033150 seconds, Stopping threads took: 0.0000610 seconds
130.792: Application time: 0.0306030 seconds
130.792: [GC [PSYoungGen: 99808K->14864K(107520K)] 180732K->95788K(352768K), 0.0057640 secs] [Times: user=0.04 sys=0.00, real=0.01 secs] 
130.798: Total time for which application threads were stopped: 0.0059480 seconds, Stopping threads took: 0.0000840 seconds
130.830: Application time: 0.0324270 seconds
130.830: [GC [PSYoungGen: 107024K->9728K(107520K)] 187948K->90708K(352768K), 0.0038370 secs] [Times: user=0.03 sys=0.00, real=0.00 secs] 
130.834: Total time for which application threads were stopped: 0.0040510 seconds, Stopping threads took: 0.0000980 seconds
130.869: Application time: 0.0345460 seconds
130.869: [GC [PSYoungGen: 101888K->9408K(107520K)] 182868K->90388K(352768K), 0.0038170 secs] [Times: user=0.03 sys=0.00, real=0.00 secs] 
130.873: Total time for which application threads were stopped: 0.0040320 seconds, Stopping threads took: 0.0001150 seconds
130.908: Application time: 0.0350570 seconds
130.908: [GC [PSYoungGen: 101568K->7808K(107520K)] 182548K->88789K(352768K), 0.0031240 secs] [Times: user=0.02 sys=0.00, real=0.01 secs] 
130.911: Total time for which application threads were stopped: 0.0033040 seconds, Stopping threads took: 0.0000850 seconds
130.942: Application time: 0.0306890 seconds
130.944: [GC [PSYoungGen: 99968K->8128K(107520K)] 180949K->89108K(352768K), 0.0032860 secs] [Times: user=0.02 sys=0.01, real=0.00 secs] 
130.948: Total time for which application threads were stopped: 0.0059450 seconds, Stopping threads took: 0.0025610 seconds
130.980: Application time: 0.0323910 seconds
130.980: [GC [PSYoungGen: 100288K->7776K(107520K)] 181268K->88853K(352768K), 0.0031020 secs] [Times: user=0.02 sys=0.00, real=0.00 secs] 
130.983: Total time for which application threads were stopped: 0.0033040 seconds, Stopping threads took: 0.0001000 seconds
131.006: Application time: 0.0227950 seconds
131.006: [GC [PSYoungGen: 99936K->7696K(107520K)] 181013K->88772K(352768K), 0.0030580 secs] [Times: user=0.02 sys=0.00, real=0.01 secs] 
131.009: Total time for which application threads were stopped: 0.0032270 seconds, Stopping threads took: 0.0000730 seconds
131.034: Application time: 0.0250100 seconds
131.035: [GC [PSYoungGen: 99856K->8128K(107520K)] 180932K->89204K(352768K), 0.0031140 secs] [Times: user=0.02 sys=0.00, real=0.01 secs] 
131.038: Total time for which application threads were stopped: 0.0032890 seconds, Stopping threads took: 0.0000800 seconds
131.073: Application time: 0.0353560 seconds
131.073: [GC [PSYoungGen: 100288K->10256K(107520K)] 181364K->91333K(352768K), 0.0039950 secs] [Times: user=0.03 sys=0.00, real=0.01 secs] 
131.077: Total time for which application threads were stopped: 0.0041790 seconds, Stopping threads took: 0.0000870 seconds
131.108: Application time: 0.0306820 seconds
131.108: [GC [PSYoungGen: 102416K->8272K(107520K)] 183493K->89349K(352768K), 0.0031980 secs] [Times: user=0.02 sys=0.00, real=0.01 secs] 
131.111: Total time for which application threads were stopped: 0.0033840 seconds, Stopping threads took: 0.0000890 seconds
131.147: Application time: 0.0353980 seconds
131.147: [GC [PSYoungGen: 100432K->7776K(107520K)] 181509K->88853K(352768K), 0.0030680 secs] [Times: user=0.02 sys=0.00, real=0.01 secs] 
131.150: Total time for which application threads were stopped: 0.0032500 seconds, Stopping threads took: 0.0000870 seconds
131.184: Application time: 0.0340340 seconds
131.184: [GC [PSYoungGen: 99936K->8176K(107520K)] 181013K->89252K(352768K), 0.0033110 secs] [Times: user=0.02 sys=0.00, real=0.00 secs] 
131.188: Total time for which application threads were stopped: 0.0035140 seconds, Stopping threads took: 0.0001050 seconds
131.218: Application time: 0.0306470 seconds
131.218: [GC [PSYoungGen: 100336K->7968K(107520K)] 181412K->89045K(352768K), 0.0032150 secs] [Times: user=0.02 sys=0.00, real=0.00 secs] 
131.222: Total time for which application threads were stopped: 0.0033800 seconds, Stopping threads took: 0.0000690 seconds
131.251: Application time: 0.0291410 seconds
131.251: [GC [PSYoungGen: 100128K->7808K(107520K)] 181205K->88885K(352768K), 0.0030620 secs] [Times: user=0.02 sys=0.00, real=0.00 secs] 
131.254: Total time for which application threads were stopped: 0.0032400 seconds, Stopping threads took: 0.0000830 seconds
131.277: Application time: 0.0231980 seconds
131.280: [GC [PSYoungGen: 99968K->7984K(107520K)] 181045K->89061K(352768K), 0.0031690 secs] [Times: user=0.01 sys=0.00, real=0.00 secs] 
131.284: Total time for which application threads were stopped: 0.0064500 seconds, Stopping threads took: 0.0031810 seconds
131.313: Application time: 0.0294340 seconds
131.313: [GC [PSYoungGen: 100144K->15248K(107520K)] 181221K->96325K(352768K), 0.0060150 secs] [Times: user=0.04 sys=0.00, real=0.01 secs] 
131.319: Total time for which application threads were stopped: 0.0062070 seconds, Stopping threads took: 0.0000910 seconds
131.355: Application time: 0.0355730 seconds
131.356: [GC [PSYoungGen: 107408K->8672K(107520K)] 188485K->89749K(352768K), 0.0032250 secs] [Times: user=0.02 sys=0.00, real=0.01 secs] 
131.359: Total time for which application threads were stopped: 0.0040950 seconds, Stopping threads took: 0.0007580 seconds
131.397: Application time: 0.0379140 seconds
131.397: [GC [PSYoungGen: 100832K->7824K(107520K)] 181909K->88900K(352768K), 0.0031290 secs] [Times: user=0.02 sys=0.00, real=0.00 secs] 
131.400: Total time for which application threads were stopped: 0.0033400 seconds, Stopping threads took: 0.0001090 seconds
131.440: Application time: 0.0402910 seconds
131.441: [GC [PSYoungGen: 99984K->9616K(107520K)] 181060K->90693K(352768K), 0.0041580 secs] [Times: user=0.03 sys=0.00, real=0.00 secs] 
131.445: Total time for which application threads were stopped: 0.0043590 seconds, Stopping threads took: 0.0001030 seconds
131.477: Application time: 0.0321080 seconds
131.480: [GC [PSYoungGen: 101776K->7728K(107520K)] 182853K->88949K(352768K), 0.0032540 secs] [Times: user=0.02 sys=0.00, real=0.00 secs] 
131.484: Total time for which application threads were stopped: 0.0067730 seconds, Stopping threads took: 0.0034080 seconds
131.516: Application time: 0.0321590 seconds
131.516: [GC [PSYoungGen: 99888K->7824K(107520K)] 181109K->89045K(352768K), 0.0031440 secs] [Times: user=0.02 sys=0.00, real=0.01 secs] 
131.519: Total time for which application threads were stopped: 0.0033120 seconds, Stopping threads took: 0.0000730 seconds
131.542: Application time: 0.0223800 seconds
131.542: [GC [PSYoungGen: 99984K->7760K(107520K)] 181205K->88981K(352768K), 0.0030580 secs] [Times: user=0.02 sys=0.00, real=0.00 secs] 
131.545: Total time for which application threads were stopped: 0.0032050 seconds, Stopping threads took: 0.0000530 seconds
131.575: Application time: 0.0299570 seconds
131.575: [GC [PSYoungGen: 99920K->12240K(107520K)] 181141K->93509K(352768K), 0.0046610 secs] [Times: user=0.04 sys=0.00, real=0.01 secs] 
131.580: Total time for which application threads were stopped: 0.0048550 seconds, Stopping threads took: 0.0000940 seconds
131.611: Application time: 0.0314290 seconds
131.611: [GC [PSYoungGen: 104400K->7840K(107520K)] 185669K->89157K(352768K), 0.0030640 secs] [Times: user=0.02 sys=0.00, real=0.00 secs] 
131.614: Total time for which application threads were stopped: 0.0032300 seconds, Stopping threads took: 0.0000650 seconds
131.645: Application time: 0.0304390 seconds
131.645: [GC [PSYoungGen: 100000K->9328K(107520K)] 181317K->90645K(352768K), 0.0037720 secs] [Times: user=0.03 sys=0.00, real=0.01 secs] 
131.649: Total time for which application threads were stopped: 0.0039780 seconds, Stopping threads took: 0.0001080 seconds
131.685: Application time: 0.0364470 seconds
131.685: [GC [PSYoungGen: 101488K->7632K(107520K)] 182805K->88949K(352768K), 0.0030010 secs] [Times: user=0.02 sys=0.00, real=0.01 secs] 
131.688: Total time for which application threads were stopped: 0.0031940 seconds, Stopping threads took: 0.0000970 seconds
131.720: Application time: 0.0321320 seconds
131.721: [GC [PSYoungGen: 99792K->8064K(107520K)] 181109K->89381K(352768K), 0.0031480 secs] [Times: user=0.03 sys=0.01, real=0.00 secs] 
131.724: Total time for which application threads were stopped: 0.0033130 seconds, Stopping threads took: 0.0000690 seconds
131.756: Application time: 0.0324730 seconds
131.756: [GC [PSYoungGen: 100224K->8000K(107520K)] 181541K->89365K(352768K), 0.0032060 secs] [Times: user=0.02 sys=0.00, real=0.00 secs] 
131.760: Total time for which application threads were stopped: 0.0034060 seconds, Stopping threads took: 0.0001050 seconds
131.785: Application time: 0.0251310 seconds
131.785: [GC [PSYoungGen: 100160K->7776K(107520K)] 181525K->89181K(352768K), 0.0031190 secs] [Times: user=0.02 sys=0.00, real=0.00 secs] 
131.788: Total time for which application threads were stopped: 0.0032990 seconds, Stopping threads took: 0.0000870 seconds
131.813: Application time: 0.0249230 seconds
131.813: [GC [PSYoungGen: 99936K->8240K(107520K)] 181341K->89645K(352768K), 0.0032350 secs] [Times: user=0.02 sys=0.00, real=0.01 secs] 
131.816: Total time for which application threads were stopped: 0.0034150 seconds, Stopping threads took: 0.0000850 seconds
131.849: Application time: 0.0326850 seconds
131.849: [GC [PSYoungGen: 100400K->12464K(107520K)] 181805K->93869K(352768K), 0.0047100 secs] [Times: user=0.03 sys=0.00, real=0.00 secs] 
131.854: Total time for which application threads were stopped: 0.0048870 seconds, Stopping threads took: 0.0000780 seconds
131.883: Application time: 0.0289940 seconds
131.883: [GC [PSYoungGen: 104624K->8048K(107520K)] 186029K->89453K(352768K), 0.0031680 secs] [Times: user=0.02 sys=0.00, real=0.00 secs] 
131.886: Total time for which application threads were stopped: 0.0033610 seconds, Stopping threads took: 0.0000810 seconds
131.923: Application time: 0.0364320 seconds
131.924: [GC [PSYoungGen: 100208K->8608K(107520K)] 181613K->90013K(352768K), 0.0033790 secs] [Times: user=0.02 sys=0.00, real=0.00 secs] 
131.928: Total time for which application threads were stopped: 0.0050270 seconds, Stopping threads took: 0.0015490 seconds
131.961: Application time: 0.0333380 seconds
131.961: [GC [PSYoungGen: 100768K->9648K(107520K)] 182173K->91053K(352768K), 0.0037930 secs] [Times: user=0.02 sys=0.00, real=0.00 secs] 
131.965: Total time for which application threads were stopped: 0.0039680 seconds, Stopping threads took: 0.0000760 seconds
131.997: Application time: 0.0323160 seconds
131.998: [GC [PSYoungGen: 101808K->7856K(107520K)] 183213K->89261K(352768K), 0.0032370 secs] [Times: user=0.02 sys=0.01, real=0.00 secs] 
132.001: Total time for which application threads were stopped: 0.0033980 seconds, Stopping threads took: 0.0000660 seconds
132.030: Application time: 0.0291490 seconds
132.030: [GC [PSYoungGen: 100016K->7888K(107520K)] 181421K->89293K(352768K), 0.0030590 secs] [Times: user=0.02 sys=0.00, real=0.00 secs] 
132.033: Total time for which application threads were stopped: 0.0032530 seconds, Stopping threads took: 0.0000960 seconds
132.055: Application time: 0.0216130 seconds
132.055: [GC [PSYoungGen: 100048K->7792K(107520K)] 181453K->89197K(352768K), 0.0030720 secs] [Times: user=0.02 sys=0.00, real=0.01 secs] 
132.058: Total time for which application threads were stopped: 0.0032520 seconds, Stopping threads took: 0.0000860 seconds
132.092: Application time: 0.0339780 seconds
132.100: [GC [PSYoungGen: 99952K->11840K(107520K)] 181357K->93245K(352768K), 0.0045680 secs] [Times: user=0.03 sys=0.00, real=0.00 secs] 
132.105: Total time for which application threads were stopped: 0.0126930 seconds, Stopping threads took: 0.0080230 seconds
132.133: Application time: 0.0283640 seconds
132.133: [GC [PSYoungGen: 104000K->8224K(107520K)] 185405K->89629K(352768K), 0.0032060 secs] [Times: user=0.02 sys=0.00, real=0.01 secs] 
132.137: Total time for which application threads were stopped: 0.0033740 seconds, Stopping threads took: 0.0000700 seconds
132.170: Application time: 0.0338020 seconds
132.170: [GC [PSYoungGen: 100384K->11568K(107520K)] 181789K->92973K(352768K), 0.0045500 secs] [Times: user=0.03 sys=0.00, real=0.00 secs] 
132.175: Total time for which application threads were stopped: 0.0047230 seconds, Stopping threads took: 0.0000710 seconds
132.210: Application time: 0.0350370 seconds
132.210: [GC [PSYoungGen: 103728K->8016K(107520K)] 185133K->89421K(352768K), 0.0031500 secs] [Times: user=0.02 sys=0.00, real=0.00 secs] 
132.213: Total time for which application threads were stopped: 0.0033380 seconds, Stopping threads took: 0.0000900 seconds
132.245: Application time: 0.0310660 seconds
132.245: [GC [PSYoungGen: 100176K->7696K(107520K)] 181581K->89229K(352768K), 0.0034650 secs] [Times: user=0.02 sys=0.00, real=0.00 secs] 
132.248: Total time for which application threads were stopped: 0.0037390 seconds, Stopping threads took: 0.0001510 seconds
132.282: Application time: 0.0338150 seconds
132.282: [GC [PSYoungGen: 99856K->7840K(107520K)] 181389K->89429K(352768K), 0.0031980 secs] [Times: user=0.02 sys=0.00, real=0.00 secs] 
132.285: Total time for which application threads were stopped: 0.0033760 seconds, Stopping threads took: 0.0000780 seconds
132.308: Application time: 0.0224970 seconds
132.308: [GC [PSYoungGen: 100000K->7952K(107520K)] 181589K->89541K(352768K), 0.0031240 secs] [Times: user=0.02 sys=0.00, real=0.01 secs] 
132.311: Total time for which application threads were stopped: 0.0033190 seconds, Stopping threads took: 0.0000990 seconds
132.338: Application time: 0.0271480 seconds
132.339: [GC [PSYoungGen: 100112K->8768K(107520K)] 181701K->90405K(352768K), 0.0033520 secs] [Times: user=0.02 sys=0.00, real=0.00 secs] 
132.342: Total time for which application threads were stopped: 0.0035360 seconds, Stopping threads took: 0.0000860 seconds
132.375: Application time: 0.0326750 seconds
132.375: [GC [PSYoungGen: 100928K->9968K(107520K)] 182565K->91653K(352768K), 0.0039020 secs] [Times: user=0.03 sys=0.00, real=0.01 secs] 
132.379: Total time for which application threads were stopped: 0.0041050 seconds, Stopping threads took: 0.0000940 seconds
132.408: Application time: 0.0289840 seconds
132.408: [GC [PSYoungGen: 102128K->9536K(107520K)] 183813K->91221K(352768K), 0.0038150 secs] [Times: user=0.03 sys=0.00, real=0.00 secs] 
132.412: Total time for which application threads were stopped: 0.0044900 seconds, Stopping threads took: 0.0005630 seconds
132.449: Application time: 0.0365420 seconds
132.449: [GC [PSYoungGen: 101696K->7696K(107520K)] 183381K->89381K(352768K), 0.0030380 secs] [Times: user=0.02 sys=0.00, real=0.00 secs] 
132.452: Total time for which application threads were stopped: 0.0032100 seconds, Stopping threads took: 0.0000760 seconds
132.486: Application time: 0.0337460 seconds
132.486: [GC [PSYoungGen: 99856K->8128K(107520K)] 181541K->89813K(352768K), 0.0031860 secs] [Times: user=0.02 sys=0.00, real=0.01 secs] 
132.489: Total time for which application threads were stopped: 0.0033700 seconds, Stopping threads took: 0.0000870 seconds
132.522: Application time: 0.0324260 seconds
132.522: [GC [PSYoungGen: 100288K->7504K(107520K)] 181973K->89245K(352768K), 0.0031580 secs] [Times: user=0.02 sys=0.00, real=0.00 secs] 
132.525: Total time for which application threads were stopped: 0.0033360 seconds, Stopping threads took: 0.0000870 seconds
132.552: Application time: 0.0273060 seconds
132.552: [GC [PSYoungGen: 99664K->7808K(107520K)] 181405K->89549K(352768K), 0.0032540 secs] [Times: user=0.01 sys=0.00, real=0.00 secs] 
132.556: Total time for which application threads were stopped: 0.0034350 seconds, Stopping threads took: 0.0000740 seconds
132.579: Application time: 0.0232000 seconds
132.579: [GC [PSYoungGen: 99968K->7952K(107520K)] 181709K->89749K(352768K), 0.0032550 secs] [Times: user=0.02 sys=0.00, real=0.00 secs] 
132.582: Total time for which application threads were stopped: 0.0034450 seconds, Stopping threads took: 0.0000940 seconds
132.614: Application time: 0.0317760 seconds
132.614: [GC [PSYoungGen: 100112K->12416K(107520K)] 181909K->94213K(352768K), 0.0048000 secs] [Times: user=0.03 sys=0.00, real=0.01 secs] 
132.619: Total time for which application threads were stopped: 0.0049620 seconds, Stopping threads took: 0.0000640 seconds
132.648: Application time: 0.0289640 seconds
132.648: [GC [PSYoungGen: 104576K->8544K(107520K)] 186373K->90341K(352768K), 0.0031930 secs] [Times: user=0.02 sys=0.00, real=0.01 secs] 
132.651: Total time for which application threads were stopped: 0.0034080 seconds, Stopping threads took: 0.0001190 seconds
132.685: Application time: 0.0335420 seconds
132.685: [GC [PSYoungGen: 100704K->9424K(107520K)] 182501K->91221K(352768K), 0.0038830 secs] [Times: user=0.02 sys=0.00, real=0.01 secs] 
132.689: Total time for which application threads were stopped: 0.0040660 seconds, Stopping threads took: 0.0000850 seconds
132.726: Application time: 0.0370250 seconds
132.726: [GC [PSYoungGen: 101584K->9600K(107520K)] 183381K->91397K(352768K), 0.0038220 secs] [Times: user=0.02 sys=0.00, real=0.01 secs] 
132.730: Total time for which application threads were stopped: 0.0040050 seconds, Stopping threads took: 0.0000850 seconds
132.761: Application time: 0.0309970 seconds
132.761: [GC [PSYoungGen: 101760K->7920K(107520K)] 183557K->89717K(352768K), 0.0031430 secs] [Times: user=0.02 sys=0.00, real=0.00 secs] 
132.764: Total time for which application threads were stopped: 0.0033170 seconds, Stopping threads took: 0.0000750 seconds
132.797: Application time: 0.0323970 seconds
132.797: [GC [PSYoungGen: 100080K->7744K(107520K)] 181877K->89541K(352768K), 0.0030260 secs] [Times: user=0.02 sys=0.00, real=0.00 secs] 
132.800: Total time for which application threads were stopped: 0.0032090 seconds, Stopping threads took: 0.0000870 seconds
132.821: Application time: 0.0214170 seconds
132.824: [GC [PSYoungGen: 99904K->7808K(107520K)] 181701K->89605K(352768K), 0.0031460 secs] [Times: user=0.02 sys=0.00, real=0.00 secs] 
132.828: Total time for which application threads were stopped: 0.0061530 seconds, Stopping threads took: 0.0029110 seconds
132.856: Application time: 0.0287820 seconds
132.856: [GC [PSYoungGen: 99968K->12352K(107520K)] 181765K->94149K(352768K), 0.0047470 secs] [Times: user=0.03 sys=0.00, real=0.00 secs] 
132.861: Total time for which application threads were stopped: 0.0049340 seconds, Stopping threads took: 0.0000910 seconds
132.894: Application time: 0.0324230 seconds
132.894: [GC [PSYoungGen: 104512K->10096K(107520K)] 186309K->91893K(352768K), 0.0039670 secs] [Times: user=0.03 sys=0.00, real=0.01 secs] 
132.898: Total time for which application threads were stopped: 0.0041810 seconds, Stopping threads took: 0.0001130 seconds
132.928: Application time: 0.0297060 seconds
132.928: [GC [PSYoungGen: 102256K->9584K(107520K)] 184053K->91381K(352768K), 0.0037980 secs] [Times: user=0.02 sys=0.00, real=0.01 secs] 
132.932: Total time for which application threads were stopped: 0.0040090 seconds, Stopping threads took: 0.0000850 seconds
132.968: Application time: 0.0368020 seconds
132.969: [GC [PSYoungGen: 101744K->8048K(107520K)] 183541K->89845K(352768K), 0.0032330 secs] [Times: user=0.02 sys=0.00, real=0.00 secs] 
132.972: Total time for which application threads were stopped: 0.0033860 seconds, Stopping threads took: 0.0000570 seconds
133.004: Application time: 0.0322150 seconds
133.004: [GC [PSYoungGen: 100208K->7824K(107520K)] 182005K->89621K(352768K), 0.0031190 secs] [Times: user=0.02 sys=0.00, real=0.00 secs] 
133.007: Total time for which application threads were stopped: 0.0033110 seconds, Stopping threads took: 0.0000960 seconds
133.040: Application time: 0.0331360 seconds
133.041: [GC [PSYoungGen: 99984K->7776K(107520K)] 181781K->89725K(352768K), 0.0031800 secs] [Times: user=0.02 sys=0.00, real=0.00 secs] 
133.044: Total time for which application threads were stopped: 0.0033590 seconds, Stopping threads took: 0.0000860 seconds
133.069: Application time: 0.0250590 seconds
133.069: [GC [PSYoungGen: 99936K->7888K(107520K)] 181885K->89837K(352768K), 0.0030850 secs] [Times: user=0.02 sys=0.00, real=0.00 secs] 
133.072: Total time for which application threads were stopped: 0.0032460 seconds, Stopping threads took: 0.0000660 seconds
133.097: Application time: 0.0246160 seconds
133.097: [GC [PSYoungGen: 100048K->7472K(107520K)] 181997K->89461K(352768K), 0.0030650 secs] [Times: user=0.01 sys=0.00, real=0.00 secs] 
133.100: Total time for which application threads were stopped: 0.0032250 seconds, Stopping threads took: 0.0000670 seconds
133.133: Application time: 0.0328680 seconds
133.133: [GC [PSYoungGen: 99632K->8592K(107520K)] 181621K->90629K(352768K), 0.0033240 secs] [Times: user=0.02 sys=0.00, real=0.01 secs] 
133.136: Total time for which application threads were stopped: 0.0035000 seconds, Stopping threads took: 0.0000820 seconds
133.166: Application time: 0.0295180 seconds
133.166: [GC [PSYoungGen: 100752K->7760K(107520K)] 182789K->89797K(352768K), 0.0030080 secs] [Times: user=0.02 sys=0.00, real=0.01 secs] 
133.169: Total time for which application threads were stopped: 0.0032050 seconds, Stopping threads took: 0.0000990 seconds
133.202: Application time: 0.0330370 seconds
133.202: [GC [PSYoungGen: 99920K->9648K(107520K)] 181957K->91685K(352768K), 0.0038270 secs] [Times: user=0.02 sys=0.00, real=0.00 secs] 
133.206: Total time for which application threads were stopped: 0.0039910 seconds, Stopping threads took: 0.0000670 seconds
133.243: Application time: 0.0365190 seconds
133.243: [GC [PSYoungGen: 101808K->9936K(107520K)] 183845K->91973K(352768K), 0.0060510 secs] [Times: user=0.03 sys=0.01, real=0.01 secs] 
133.249: Total time for which application threads were stopped: 0.0062340 seconds, Stopping threads took: 0.0000900 seconds
133.281: Application time: 0.0319990 seconds
133.281: [GC [PSYoungGen: 102096K->7952K(107520K)] 184133K->90045K(352768K), 0.0032060 secs] [Times: user=0.02 sys=0.00, real=0.00 secs] 
133.284: Total time for which application threads were stopped: 0.0033790 seconds, Stopping threads took: 0.0000750 seconds
133.313: Application time: 0.0291290 seconds
133.314: [GC [PSYoungGen: 100112K->7776K(107520K)] 182205K->89869K(352768K), 0.0031090 secs] [Times: user=0.02 sys=0.00, real=0.01 secs] 
133.317: Total time for which application threads were stopped: 0.0032970 seconds, Stopping threads took: 0.0000920 seconds
133.340: Application time: 0.0232150 seconds
133.340: [GC [PSYoungGen: 99936K->7776K(107520K)] 182029K->89909K(352768K), 0.0030730 secs] [Times: user=0.02 sys=0.00, real=0.00 secs] 
133.343: Total time for which application threads were stopped: 0.0032660 seconds, Stopping threads took: 0.0000960 seconds
133.374: Application time: 0.0304810 seconds
133.374: [GC [PSYoungGen: 99936K->12576K(107520K)] 182069K->94709K(352768K), 0.0047960 secs] [Times: user=0.04 sys=0.00, real=0.01 secs] 
133.379: Total time for which application threads were stopped: 0.0049590 seconds, Stopping threads took: 0.0000640 seconds
133.409: Application time: 0.0303000 seconds
133.412: [GC [PSYoungGen: 104736K->9840K(107520K)] 186869K->91973K(352768K), 0.0038160 secs] [Times: user=0.03 sys=0.00, real=0.00 secs] 
133.416: Total time for which application threads were stopped: 0.0073370 seconds, Stopping threads took: 0.0034260 seconds
133.448: Application time: 0.0318760 seconds
133.448: [GC [PSYoungGen: 102000K->8272K(107520K)] 184133K->90405K(352768K), 0.0032420 secs] [Times: user=0.03 sys=0.00, real=0.00 secs] 
133.452: Total time for which application threads were stopped: 0.0034820 seconds, Stopping threads took: 0.0001170 seconds
133.488: Application time: 0.0360730 seconds
133.488: [GC [PSYoungGen: 100432K->7696K(107520K)] 182565K->89829K(352768K), 0.0030700 secs] [Times: user=0.02 sys=0.00, real=0.01 secs] 
133.491: Total time for which application threads were stopped: 0.0032400 seconds, Stopping threads took: 0.0000740 seconds
133.522: Application time: 0.0310050 seconds
133.522: [GC [PSYoungGen: 99856K->7776K(107520K)] 181989K->89909K(352768K), 0.0031970 secs] [Times: user=0.02 sys=0.00, real=0.00 secs] 
133.525: Total time for which application threads were stopped: 0.0033990 seconds, Stopping threads took: 0.0001060 seconds
133.559: Application time: 0.0332900 seconds
133.559: [GC [PSYoungGen: 99936K->7824K(107520K)] 182069K->89957K(352768K), 0.0032500 secs] [Times: user=0.02 sys=0.00, real=0.00 secs] 
133.562: Total time for which application threads were stopped: 0.0034360 seconds, Stopping threads took: 0.0000920 seconds
133.586: Application time: 0.0238010 seconds
133.586: [GC [PSYoungGen: 99984K->7904K(107520K)] 182117K->90037K(352768K), 0.0032580 secs] [Times: user=0.02 sys=0.00, real=0.01 secs] 
133.589: Total time for which application threads were stopped: 0.0034020 seconds, Stopping threads took: 0.0000440 seconds
133.617: Application time: 0.0276690 seconds
133.617: [GC [PSYoungGen: 100064K->10000K(107520K)] 182197K->92133K(352768K), 0.0038230 secs] [Times: user=0.03 sys=0.00, real=0.00 secs] 
133.621: Total time for which application threads were stopped: 0.0039920 seconds, Stopping threads took: 0.0000730 seconds
133.652: Application time: 0.0312180 seconds
133.652: [GC [PSYoungGen: 102160K->8688K(107520K)] 184293K->90821K(352768K), 0.0033830 secs] [Times: user=0.02 sys=0.00, real=0.00 secs] 
133.656: Total time for which application threads were stopped: 0.0035910 seconds, Stopping threads took: 0.0001010 seconds
133.686: Application time: 0.0302830 seconds
133.686: [GC [PSYoungGen: 100848K->8304K(107520K)] 182981K->90437K(352768K), 0.0032620 secs] [Times: user=0.02 sys=0.00, real=0.01 secs] 
133.689: Total time for which application threads were stopped: 0.0034460 seconds, Stopping threads took: 0.0000880 seconds
133.724: Application time: 0.0342320 seconds
133.724: [GC [PSYoungGen: 100464K->9872K(107520K)] 182597K->92005K(352768K), 0.0039100 secs] [Times: user=0.03 sys=0.00, real=0.00 secs] 
133.728: Total time for which application threads were stopped: 0.0041340 seconds, Stopping threads took: 0.0001220 seconds
133.761: Application time: 0.0336000 seconds
133.762: [GC [PSYoungGen: 102032K->8208K(107520K)] 184165K->90341K(352768K), 0.0032690 secs] [Times: user=0.02 sys=0.00, real=0.00 secs] 
133.765: Total time for which application threads were stopped: 0.0034580 seconds, Stopping threads took: 0.0000860 seconds
133.799: Application time: 0.0336820 seconds
133.799: [GC [PSYoungGen: 100368K->8000K(107520K)] 182501K->90261K(352768K), 0.0032610 secs] [Times: user=0.02 sys=0.00, real=0.00 secs] 
133.802: Total time for which application threads were stopped: 0.0034310 seconds, Stopping threads took: 0.0000750 seconds
133.828: Application time: 0.0263660 seconds
133.829: [GC [PSYoungGen: 100160K->7760K(107520K)] 182421K->90061K(352768K), 0.0032150 secs] [Times: user=0.02 sys=0.00, real=0.00 secs] 
133.832: Total time for which application threads were stopped: 0.0033820 seconds, Stopping threads took: 0.0000730 seconds
133.857: Application time: 0.0250630 seconds
133.857: [GC [PSYoungGen: 99920K->7792K(107520K)] 182221K->90093K(352768K), 0.0031180 secs] [Times: user=0.02 sys=0.00, real=0.00 secs] 
133.860: Total time for which application threads were stopped: 0.0032940 seconds, Stopping threads took: 0.0000830 seconds
133.892: Application time: 0.0314380 seconds
133.892: [GC [PSYoungGen: 99952K->11280K(107520K)] 182253K->93629K(352768K), 0.0045160 secs] [Times: user=0.03 sys=0.00, real=0.00 secs] 
133.896: Total time for which application threads were stopped: 0.0047050 seconds, Stopping threads took: 0.0000800 seconds
133.924: Application time: 0.0281970 seconds
133.928: [GC [PSYoungGen: 103440K->9760K(107520K)] 185789K->92166K(352768K), 0.0041140 secs] [Times: user=0.02 sys=0.00, real=0.00 secs] 
133.933: Total time for which application threads were stopped: 0.0080560 seconds, Stopping threads took: 0.0038420 seconds
133.966: Application time: 0.0335560 seconds
133.966: [GC [PSYoungGen: 101920K->8208K(107520K)] 184326K->90621K(352768K), 0.0031630 secs] [Times: user=0.03 sys=0.00, real=0.01 secs] 
133.970: Total time for which application threads were stopped: 0.0033950 seconds, Stopping threads took: 0.0001160 seconds
134.005: Application time: 0.0355490 seconds
134.005: [GC [PSYoungGen: 100368K->7568K(107520K)] 182781K->89981K(352768K), 0.0029930 secs] [Times: user=0.02 sys=0.00, real=0.00 secs] 
134.008: Total time for which application threads were stopped: 0.0032340 seconds, Stopping threads took: 0.0001340 seconds
134.041: Application time: 0.0325300 seconds
134.041: [GC [PSYoungGen: 99728K->7792K(107520K)] 182141K->90205K(352768K), 0.0031270 secs] [Times: user=0.01 sys=0.00, real=0.00 secs] 
134.044: Total time for which application threads were stopped: 0.0033270 seconds, Stopping threads took: 0.0001060 seconds
134.075: Application time: 0.0308720 seconds
134.075: [GC [PSYoungGen: 99952K->7664K(107520K)] 182365K->90133K(352768K), 0.0031070 secs] [Times: user=0.02 sys=0.00, real=0.01 secs] 
134.078: Total time for which application threads were stopped: 0.0033050 seconds, Stopping threads took: 0.0001030 seconds
134.103: Application time: 0.0244960 seconds
134.103: [GC [PSYoungGen: 99824K->7808K(107520K)] 182293K->90334K(352768K), 0.0030850 secs] [Times: user=0.02 sys=0.00, real=0.00 secs] 
134.106: Total time for which application threads were stopped: 0.0032670 seconds, Stopping threads took: 0.0000890 seconds
134.136: Application time: 0.0295970 seconds
134.136: [GC [PSYoungGen: 99968K->10608K(107520K)] 182494K->93134K(352768K), 0.0040810 secs] [Times: user=0.03 sys=0.00, real=0.01 secs] 
134.140: Total time for which application threads were stopped: 0.0042340 seconds, Stopping threads took: 0.0000540 seconds
134.169: Application time: 0.0294580 seconds
134.170: [GC [PSYoungGen: 102768K->8736K(107520K)] 185294K->91262K(352768K), 0.0033050 secs] [Times: user=0.02 sys=0.00, real=0.00 secs] 
134.173: Total time for which application threads were stopped: 0.0034890 seconds, Stopping threads took: 0.0000900 seconds
134.204: Application time: 0.0311970 seconds
134.204: [GC [PSYoungGen: 100896K->8224K(107520K)] 183422K->90750K(352768K), 0.0031900 secs] [Times: user=0.02 sys=0.00, real=0.00 secs] 
134.207: Total time for which application threads were stopped: 0.0033730 seconds, Stopping threads took: 0.0000890 seconds
134.242: Application time: 0.0349400 seconds
134.243: [GC [PSYoungGen: 100384K->7984K(107520K)] 182910K->90510K(352768K), 0.0048930 secs] [Times: user=0.03 sys=0.00, real=0.00 secs] 
134.247: Total time for which application threads were stopped: 0.0050780 seconds, Stopping threads took: 0.0000910 seconds
134.282: Application time: 0.0341950 seconds
134.282: [GC [PSYoungGen: 100144K->8304K(107520K)] 182670K->90830K(352768K), 0.0032820 secs] [Times: user=0.02 sys=0.00, real=0.00 secs] 
134.285: Total time for which application threads were stopped: 0.0034630 seconds, Stopping threads took: 0.0000870 seconds
134.317: Application time: 0.0315990 seconds
134.317: [GC [PSYoungGen: 100464K->7648K(107520K)] 182990K->90174K(352768K), 0.0030710 secs] [Times: user=0.02 sys=0.00, real=0.00 secs] 
134.320: Total time for which application threads were stopped: 0.0032680 seconds, Stopping threads took: 0.0001030 seconds
134.346: Application time: 0.0264790 seconds
134.347: [GC [PSYoungGen: 99808K->7968K(107520K)] 182334K->90494K(352768K), 0.0031470 secs] [Times: user=0.02 sys=0.00, real=0.01 secs] 
134.350: Total time for which application threads were stopped: 0.0033460 seconds, Stopping threads took: 0.0001030 seconds
134.376: Application time: 0.0260930 seconds
134.376: [GC [PSYoungGen: 100128K->11552K(107520K)] 182654K->94078K(352768K), 0.0046080 secs] [Times: user=0.02 sys=0.00, real=0.01 secs] 
134.381: Total time for which application threads were stopped: 0.0048000 seconds, Stopping threads took: 0.0000950 seconds
134.411: Application time: 0.0300480 seconds
134.411: [GC [PSYoungGen: 103712K->9984K(107520K)] 186238K->92510K(352768K), 0.0038940 secs] [Times: user=0.03 sys=0.00, real=0.00 secs] 
134.415: Total time for which application threads were stopped: 0.0040550 seconds, Stopping threads took: 0.0000660 seconds
134.444: Application time: 0.0293640 seconds
134.444: [GC [PSYoungGen: 102144K->9744K(107520K)] 184670K->92270K(352768K), 0.0038520 secs] [Times: user=0.03 sys=0.00, real=0.00 secs] 
134.448: Total time for which application threads were stopped: 0.0040560 seconds, Stopping threads took: 0.0001050 seconds
134.483: Application time: 0.0350060 seconds
134.483: [GC [PSYoungGen: 101904K->9856K(107520K)] 184430K->92382K(352768K), 0.0038840 secs] [Times: user=0.03 sys=0.00, real=0.00 secs] 
134.487: Total time for which application threads were stopped: 0.0040580 seconds, Stopping threads took: 0.0000580 seconds
134.520: Application time: 0.0324980 seconds
134.520: [GC [PSYoungGen: 102016K->7968K(107520K)] 184542K->90494K(352768K), 0.0032210 secs] [Times: user=0.02 sys=0.00, real=0.00 secs] 
134.523: Total time for which application threads were stopped: 0.0033880 seconds, Stopping threads took: 0.0000710 seconds
134.558: Application time: 0.0346310 seconds
134.558: [GC [PSYoungGen: 100128K->7568K(107520K)] 182654K->90206K(352768K), 0.0031820 secs] [Times: user=0.01 sys=0.00, real=0.00 secs] 
134.561: Total time for which application threads were stopped: 0.0033610 seconds, Stopping threads took: 0.0000870 seconds
134.589: Application time: 0.0274180 seconds
134.589: [GC [PSYoungGen: 99728K->7792K(107520K)] 182366K->90486K(352768K), 0.0030750 secs] [Times: user=0.02 sys=0.00, real=0.00 secs] 
134.592: Total time for which application threads were stopped: 0.0032910 seconds, Stopping threads took: 0.0001210 seconds
134.619: Application time: 0.0275350 seconds
134.620: [GC [PSYoungGen: 99952K->8064K(107520K)] 182646K->90758K(352768K), 0.0032210 secs] [Times: user=0.02 sys=0.00, real=0.00 secs] 
134.623: Total time for which application threads were stopped: 0.0033880 seconds, Stopping threads took: 0.0000690 seconds
134.653: Application time: 0.0298040 seconds
134.653: [GC [PSYoungGen: 100224K->8016K(107520K)] 182918K->90766K(352768K), 0.0032560 secs] [Times: user=0.02 sys=0.00, real=0.00 secs] 
134.656: Total time for which application threads were stopped: 0.0034550 seconds, Stopping threads took: 0.0001040 seconds
134.683: Application time: 0.0265200 seconds
134.683: [GC [PSYoungGen: 100176K->8672K(107520K)] 182926K->91470K(352768K), 0.0033430 secs] [Times: user=0.03 sys=0.00, real=0.00 secs] 
134.686: Total time for which application threads were stopped: 0.0035540 seconds, Stopping threads took: 0.0001130 seconds
134.722: Application time: 0.0357630 seconds
134.722: [GC [PSYoungGen: 100832K->10384K(107520K)] 183630K->93182K(352768K), 0.0041250 secs] [Times: user=0.02 sys=0.00, real=0.00 secs] 
134.726: Total time for which application threads were stopped: 0.0043180 seconds, Stopping threads took: 0.0000990 seconds
134.759: Application time: 0.0324410 seconds
134.759: [GC [PSYoungGen: 102544K->7872K(107520K)] 185342K->90670K(352768K), 0.0030810 secs] [Times: user=0.03 sys=0.00, real=0.00 secs] 
134.762: Total time for which application threads were stopped: 0.0032610 seconds, Stopping threads took: 0.0000830 seconds
134.798: Application time: 0.0356210 seconds
134.798: [GC [PSYoungGen: 100032K->8256K(107520K)] 182830K->91054K(352768K), 0.0032660 secs] [Times: user=0.02 sys=0.00, real=0.00 secs] 
134.801: Total time for which application threads were stopped: 0.0034560 seconds, Stopping threads took: 0.0000910 seconds
134.831: Application time: 0.0296650 seconds
134.831: [GC [PSYoungGen: 100416K->7664K(107520K)] 183214K->90518K(352768K), 0.0031260 secs] [Times: user=0.02 sys=0.00, real=0.00 secs] 
134.834: Total time for which application threads were stopped: 0.0032970 seconds, Stopping threads took: 0.0000760 seconds
134.860: Application time: 0.0260540 seconds
134.860: [GC [PSYoungGen: 99824K->7840K(107520K)] 182678K->90694K(352768K), 0.0031710 secs] [Times: user=0.01 sys=0.00, real=0.00 secs] 
134.863: Total time for which application threads were stopped: 0.0033520 seconds, Stopping threads took: 0.0000770 seconds
134.893: Application time: 0.0299420 seconds
134.894: [GC [PSYoungGen: 100000K->8800K(107520K)] 182854K->91710K(352768K), 0.0034170 secs] [Times: user=0.02 sys=0.00, real=0.01 secs] 
134.897: Total time for which application threads were stopped: 0.0036160 seconds, Stopping threads took: 0.0001020 seconds
134.924: Application time: 0.0270230 seconds
134.924: [GC [PSYoungGen: 100959K->10048K(107520K)] 183869K->92958K(352768K), 0.0039580 secs] [Times: user=0.02 sys=0.00, real=0.00 secs] 
134.928: Total time for which application threads were stopped: 0.0041340 seconds, Stopping threads took: 0.0000750 seconds
134.960: Application time: 0.0317860 seconds
134.960: [GC [PSYoungGen: 102208K->9040K(107520K)] 185118K->91950K(352768K), 0.0035330 secs] [Times: user=0.02 sys=0.00, real=0.00 secs] 
134.964: Total time for which application threads were stopped: 0.0037110 seconds, Stopping threads took: 0.0000800 seconds
134.999: Application time: 0.0356580 seconds
134.999: [GC [PSYoungGen: 101200K->7952K(107520K)] 184110K->90862K(352768K), 0.0030970 secs] [Times: user=0.02 sys=0.00, real=0.00 secs] 
135.003: Total time for which application threads were stopped: 0.0032870 seconds, Stopping threads took: 0.0000750 seconds
135.034: Application time: 0.0310440 seconds
135.034: [GC [PSYoungGen: 100112K->7696K(107520K)] 183022K->90606K(352768K), 0.0031040 secs] [Times: user=0.02 sys=0.00, real=0.01 secs] 
135.037: Total time for which application threads were stopped: 0.0032800 seconds, Stopping threads took: 0.0000810 seconds
135.070: Application time: 0.0335370 seconds
135.071: [GC [PSYoungGen: 99856K->7904K(107520K)] 182766K->90814K(352768K), 0.0032010 secs] [Times: user=0.02 sys=0.00, real=0.00 secs] 
135.074: Total time for which application threads were stopped: 0.0033910 seconds, Stopping threads took: 0.0000920 seconds
135.101: Application time: 0.0269160 seconds
135.101: [GC [PSYoungGen: 100064K->8048K(107520K)] 182974K->90958K(352768K), 0.0033390 secs] [Times: user=0.02 sys=0.00, real=0.00 secs] 
135.104: Total time for which application threads were stopped: 0.0035340 seconds, Stopping threads took: 0.0000980 seconds
135.134: Application time: 0.0293760 seconds
135.134: [GC [PSYoungGen: 100208K->9728K(107520K)] 183118K->92638K(352768K), 0.0038470 secs] [Times: user=0.02 sys=0.00, real=0.01 secs] 
135.138: Total time for which application threads were stopped: 0.0040420 seconds, Stopping threads took: 0.0000890 seconds
135.167: Application time: 0.0288460 seconds
135.167: [GC [PSYoungGen: 101888K->8144K(107520K)] 184798K->91054K(352768K), 0.0031910 secs] [Times: user=0.02 sys=0.00, real=0.01 secs] 
135.170: Total time for which application threads were stopped: 0.0033880 seconds, Stopping threads took: 0.0001030 seconds
135.197: Application time: 0.0273980 seconds
135.198: [GC [PSYoungGen: 100304K->8672K(107520K)] 183214K->91582K(352768K), 0.0033640 secs] [Times: user=0.02 sys=0.00, real=0.00 secs] 
135.201: Total time for which application threads were stopped: 0.0035230 seconds, Stopping threads took: 0.0000600 seconds
135.239: Application time: 0.0384950 seconds
135.240: [GC [PSYoungGen: 100832K->9280K(107520K)] 183742K->92190K(352768K), 0.0035060 secs] [Times: user=0.02 sys=0.00, real=0.00 secs] 
135.243: Total time for which application threads were stopped: 0.0036740 seconds, Stopping threads took: 0.0000710 seconds
135.271: Application time: 0.0283530 seconds
135.272: [GC [PSYoungGen: 101440K->7696K(107520K)] 184350K->90606K(352768K), 0.0030680 secs] [Times: user=0.02 sys=0.00, real=0.00 secs] 
135.275: Total time for which application threads were stopped: 0.0032710 seconds, Stopping threads took: 0.0001060 seconds
135.312: Application time: 0.0370700 seconds
135.312: [GC [PSYoungGen: 99856K->8224K(107520K)] 182766K->91230K(352768K), 0.0032380 secs] [Times: user=0.02 sys=0.00, real=0.00 secs] 
135.315: Total time for which application threads were stopped: 0.0034010 seconds, Stopping threads took: 0.0000570 seconds
135.343: Application time: 0.0277770 seconds
135.343: [GC [PSYoungGen: 100384K->8064K(107520K)] 183390K->91118K(352768K), 0.0031390 secs] [Times: user=0.02 sys=0.00, real=0.00 secs] 
135.346: Total time for which application threads were stopped: 0.0033360 seconds, Stopping threads took: 0.0001020 seconds
135.374: Application time: 0.0274760 seconds
135.374: [GC [PSYoungGen: 100224K->9520K(107520K)] 183278K->92622K(352768K), 0.0039730 secs] [Times: user=0.03 sys=0.00, real=0.01 secs] 
135.378: Total time for which application threads were stopped: 0.0041560 seconds, Stopping threads took: 0.0000820 seconds
135.408: Application time: 0.0300340 seconds
135.408: [GC [PSYoungGen: 101680K->8128K(107520K)] 184782K->91278K(352768K), 0.0031970 secs] [Times: user=0.02 sys=0.00, real=0.01 secs] 
135.411: Total time for which application threads were stopped: 0.0033650 seconds, Stopping threads took: 0.0000710 seconds
135.436: Application time: 0.0250290 seconds
135.437: [GC [PSYoungGen: 100288K->10960K(107520K)] 183438K->94110K(352768K), 0.0042840 secs] [Times: user=0.02 sys=0.00, real=0.00 secs] 
135.441: Total time for which application threads were stopped: 0.0044870 seconds, Stopping threads took: 0.0001050 seconds
135.475: Application time: 0.0338430 seconds
135.475: [GC [PSYoungGen: 103120K->10528K(107520K)] 186270K->93726K(352768K), 0.0041390 secs] [Times: user=0.03 sys=0.00, real=0.01 secs] 
135.479: Total time for which application threads were stopped: 0.0043400 seconds, Stopping threads took: 0.0001010 seconds
135.513: Application time: 0.0341470 seconds
135.513: [GC [PSYoungGen: 102688K->7808K(107520K)] 185886K->91006K(352768K), 0.0030240 secs] [Times: user=0.02 sys=0.00, real=0.01 secs] 
135.516: Total time for which application threads were stopped: 0.0032130 seconds, Stopping threads took: 0.0000760 seconds
135.550: Application time: 0.0336920 seconds
135.550: [GC [PSYoungGen: 99968K->8768K(107520K)] 183166K->91966K(352768K), 0.0033740 secs] [Times: user=0.02 sys=0.00, real=0.00 secs] 
135.554: Total time for which application threads were stopped: 0.0035640 seconds, Stopping threads took: 0.0000900 seconds
135.585: Application time: 0.0310740 seconds
135.585: [GC [PSYoungGen: 100928K->7824K(107520K)] 184126K->91022K(352768K), 0.0031030 secs] [Times: user=0.02 sys=0.00, real=0.00 secs] 
135.588: Total time for which application threads were stopped: 0.0032670 seconds, Stopping threads took: 0.0000680 seconds
135.616: Application time: 0.0280280 seconds
135.616: [GC [PSYoungGen: 99984K->7648K(107520K)] 183182K->90894K(352768K), 0.0030440 secs] [Times: user=0.02 sys=0.00, real=0.01 secs] 
135.619: Total time for which application threads were stopped: 0.0032060 seconds, Stopping threads took: 0.0000680 seconds
135.648: Application time: 0.0284350 seconds
135.648: [GC [PSYoungGen: 99808K->9696K(107520K)] 183054K->92990K(352768K), 0.0038810 secs] [Times: user=0.02 sys=0.00, real=0.01 secs] 
135.652: Total time for which application threads were stopped: 0.0040510 seconds, Stopping threads took: 0.0000740 seconds
135.683: Application time: 0.0307560 seconds
135.683: [GC [PSYoungGen: 101856K->9440K(107520K)] 185150K->92734K(352768K), 0.0037080 secs] [Times: user=0.02 sys=0.00, real=0.00 secs] 
135.686: Total time for which application threads were stopped: 0.0038810 seconds, Stopping threads took: 0.0000750 seconds
135.713: Application time: 0.0261920 seconds
135.713: [GC [PSYoungGen: 101600K->7920K(107520K)] 184894K->91214K(352768K), 0.0032260 secs] [Times: user=0.02 sys=0.00, real=0.00 secs] 
135.716: Total time for which application threads were stopped: 0.0034140 seconds, Stopping threads took: 0.0000890 seconds
135.755: Application time: 0.0390310 seconds
135.755: [GC [PSYoungGen: 100080K->7856K(107520K)] 183374K->91150K(352768K), 0.0030780 secs] [Times: user=0.02 sys=0.00, real=0.01 secs] 
135.758: Total time for which application threads were stopped: 0.0032460 seconds, Stopping threads took: 0.0000750 seconds
135.787: Application time: 0.0283060 seconds
135.787: [GC [PSYoungGen: 100016K->7616K(107520K)] 183310K->90910K(352768K), 0.0030970 secs] [Times: user=0.02 sys=0.00, real=0.01 secs] 
135.790: Total time for which application threads were stopped: 0.0032810 seconds, Stopping threads took: 0.0000900 seconds
135.826: Application time: 0.0356430 seconds
135.826: [GC [PSYoungGen: 99776K->7904K(107520K)] 183070K->91198K(352768K), 0.0031810 secs] [Times: user=0.02 sys=0.00, real=0.01 secs] 
135.829: Total time for which application threads were stopped: 0.0033710 seconds, Stopping threads took: 0.0000910 seconds
135.858: Application time: 0.0290350 seconds
135.858: [GC [PSYoungGen: 100064K->7776K(107520K)] 183358K->91070K(352768K), 0.0031090 secs] [Times: user=0.02 sys=0.00, real=0.00 secs] 
135.861: Total time for which application threads were stopped: 0.0032680 seconds, Stopping threads took: 0.0000640 seconds
135.887: Application time: 0.0258670 seconds
135.887: [GC [PSYoungGen: 99936K->9728K(107520K)] 183230K->93022K(352768K), 0.0039110 secs] [Times: user=0.02 sys=0.00, real=0.01 secs] 
135.891: Total time for which application threads were stopped: 0.0041210 seconds, Stopping threads took: 0.0001100 seconds
135.922: Application time: 0.0311970 seconds
135.923: [GC [PSYoungGen: 101888K->8352K(107520K)] 185182K->91646K(352768K), 0.0032420 secs] [Times: user=0.02 sys=0.00, real=0.00 secs] 
135.926: Total time for which application threads were stopped: 0.0034070 seconds, Stopping threads took: 0.0000700 seconds
135.951: Application time: 0.0252480 seconds
135.951: [GC [PSYoungGen: 100512K->9520K(107520K)] 183806K->92814K(352768K), 0.0036520 secs] [Times: user=0.03 sys=0.00, real=0.00 secs] 
135.955: Total time for which application threads were stopped: 0.0038670 seconds, Stopping threads took: 0.0001150 seconds
135.989: Application time: 0.0337820 seconds
135.989: [GC [PSYoungGen: 101680K->13344K(107520K)] 184974K->96638K(352768K), 0.0052450 secs] [Times: user=0.03 sys=0.00, real=0.00 secs] 
135.994: Total time for which application threads were stopped: 0.0054410 seconds, Stopping threads took: 0.0000950 seconds
136.028: Application time: 0.0333800 seconds
136.028: [GC [PSYoungGen: 105504K->7904K(107520K)] 188798K->91198K(352768K), 0.0031010 secs] [Times: user=0.02 sys=0.00, real=0.01 secs] 
136.031: Total time for which application threads were stopped: 0.0033230 seconds, Stopping threads took: 0.0001040 seconds
136.067: Application time: 0.0357290 seconds
136.067: [GC [PSYoungGen: 100064K->8192K(107520K)] 183358K->91574K(352768K), 0.0032880 secs] [Times: user=0.02 sys=0.00, real=0.01 secs] 
136.070: Total time for which application threads were stopped: 0.0034850 seconds, Stopping threads took: 0.0001040 seconds
136.100: Application time: 0.0302930 seconds
136.101: [GC [PSYoungGen: 100352K->7744K(107520K)] 183734K->91174K(352768K), 0.0030910 secs] [Times: user=0.02 sys=0.00, real=0.00 secs] 
136.104: Total time for which application threads were stopped: 0.0032660 seconds, Stopping threads took: 0.0000760 seconds
136.131: Application time: 0.0269060 seconds
136.131: [GC [PSYoungGen: 99904K->7744K(107520K)] 183334K->91174K(352768K), 0.0031060 secs] [Times: user=0.01 sys=0.00, real=0.00 secs] 
136.134: Total time for which application threads were stopped: 0.0032490 seconds, Stopping threads took: 0.0000440 seconds
136.163: Application time: 0.0292310 seconds
136.163: [GC [PSYoungGen: 99904K->9280K(107520K)] 183334K->92798K(352768K), 0.0036930 secs] [Times: user=0.02 sys=0.00, real=0.00 secs] 
136.167: Total time for which application threads were stopped: 0.0038820 seconds, Stopping threads took: 0.0000910 seconds
136.196: Application time: 0.0285950 seconds
136.196: [GC [PSYoungGen: 101440K->9680K(107520K)] 184958K->93198K(352768K), 0.0038340 secs] [Times: user=0.03 sys=0.00, real=0.01 secs] 
136.200: Total time for which application threads were stopped: 0.0039920 seconds, Stopping threads took: 0.0000560 seconds
136.228: Application time: 0.0281380 seconds
136.228: [GC [PSYoungGen: 101840K->7872K(107520K)] 185358K->91446K(352768K), 0.0030830 secs] [Times: user=0.02 sys=0.00, real=0.01 secs] 
136.231: Total time for which application threads were stopped: 0.0032740 seconds, Stopping threads took: 0.0000970 seconds
136.269: Application time: 0.0377230 seconds
136.269: [GC [PSYoungGen: 100032K->8288K(107520K)] 183606K->91862K(352768K), 0.0032040 secs] [Times: user=0.02 sys=0.00, real=0.00 secs] 
136.272: Total time for which application threads were stopped: 0.0033860 seconds, Stopping threads took: 0.0000880 seconds
136.303: Application time: 0.0313840 seconds
136.304: [GC [PSYoungGen: 100448K->7616K(107520K)] 184022K->91190K(352768K), 0.0031460 secs] [Times: user=0.02 sys=0.00, real=0.00 secs] 
136.308: Total time for which application threads were stopped: 0.0041740 seconds, Stopping threads took: 0.0009320 seconds
136.342: Application time: 0.0346770 seconds
136.342: [GC [PSYoungGen: 99776K->8000K(107520K)] 183350K->91574K(352768K), 0.0031720 secs] [Times: user=0.02 sys=0.00, real=0.00 secs] 
136.346: Total time for which application threads were stopped: 0.0033260 seconds, Stopping threads took: 0.0000560 seconds
136.375: Application time: 0.0294220 seconds
136.375: [GC [PSYoungGen: 100160K->7792K(107520K)] 183734K->91422K(352768K), 0.0031260 secs] [Times: user=0.02 sys=0.00, real=0.01 secs] 
136.378: Total time for which application threads were stopped: 0.0033240 seconds, Stopping threads took: 0.0001010 seconds
136.404: Application time: 0.0260700 seconds
136.405: [GC [PSYoungGen: 99952K->9648K(107520K)] 183582K->93326K(352768K), 0.0037840 secs] [Times: user=0.02 sys=0.00, real=0.01 secs] 
136.408: Total time for which application threads were stopped: 0.0039640 seconds, Stopping threads took: 0.0000830 seconds
136.439: Application time: 0.0305650 seconds
136.439: [GC [PSYoungGen: 101808K->9840K(107520K)] 185486K->93518K(352768K), 0.0038340 secs] [Times: user=0.02 sys=0.00, real=0.00 secs] 
136.443: Total time for which application threads were stopped: 0.0040260 seconds, Stopping threads took: 0.0000950 seconds
136.471: Application time: 0.0275550 seconds
136.471: [GC [PSYoungGen: 102000K->8320K(107520K)] 185678K->91998K(352768K), 0.0031940 secs] [Times: user=0.02 sys=0.00, real=0.00 secs] 
136.474: Total time for which application threads were stopped: 0.0034140 seconds, Stopping threads took: 0.0001240 seconds
136.503: Application time: 0.0288640 seconds
136.503: [GC [PSYoungGen: 100480K->10000K(107520K)] 184158K->93678K(352768K), 0.0038560 secs] [Times: user=0.03 sys=0.00, real=0.00 secs] 
136.507: Total time for which application threads were stopped: 0.0040410 seconds, Stopping threads took: 0.0000790 seconds
136.544: Application time: 0.0369830 seconds
136.544: [GC [PSYoungGen: 102160K->9808K(107520K)] 185838K->93486K(352768K), 0.0040010 secs] [Times: user=0.02 sys=0.00, real=0.00 secs] 
136.548: Total time for which application threads were stopped: 0.0042000 seconds, Stopping threads took: 0.0000840 seconds
136.581: Application time: 0.0330340 seconds
136.581: [GC [PSYoungGen: 101968K->7808K(107520K)] 185646K->91486K(352768K), 0.0031810 secs] [Times: user=0.02 sys=0.00, real=0.00 secs] 
136.584: Total time for which application threads were stopped: 0.0033630 seconds, Stopping threads took: 0.0000860 seconds
136.616: Application time: 0.0317150 seconds
136.616: [GC [PSYoungGen: 99968K->7984K(107520K)] 183646K->91662K(352768K), 0.0032380 secs] [Times: user=0.02 sys=0.00, real=0.00 secs] 
136.620: Total time for which application threads were stopped: 0.0034430 seconds, Stopping threads took: 0.0001090 seconds
136.647: Application time: 0.0273430 seconds
136.647: [GC [PSYoungGen: 100144K->8784K(107520K)] 183822K->92462K(352768K), 0.0033110 secs] [Times: user=0.02 sys=0.00, real=0.01 secs] 
136.651: Total time for which application threads were stopped: 0.0034990 seconds, Stopping threads took: 0.0000900 seconds
136.679: Application time: 0.0282370 seconds
136.679: [GC [PSYoungGen: 100944K->9952K(107520K)] 184622K->93630K(352768K), 0.0038930 secs] [Times: user=0.03 sys=0.00, real=0.00 secs] 
136.683: Total time for which application threads were stopped: 0.0040780 seconds, Stopping threads took: 0.0000840 seconds
136.713: Application time: 0.0304820 seconds
136.713: [GC [PSYoungGen: 102112K->8496K(107520K)] 185790K->92174K(352768K), 0.0032970 secs] [Times: user=0.02 sys=0.00, real=0.01 secs] 
136.717: Total time for which application threads were stopped: 0.0034780 seconds, Stopping threads took: 0.0000860 seconds
136.744: Application time: 0.0275770 seconds
136.744: [GC [PSYoungGen: 100656K->8512K(107520K)] 184334K->92190K(352768K), 0.0033510 secs] [Times: user=0.02 sys=0.00, real=0.00 secs] 
136.748: Total time for which application threads were stopped: 0.0035170 seconds, Stopping threads took: 0.0000710 seconds
136.783: Application time: 0.0352570 seconds
136.783: [GC [PSYoungGen: 100672K->8848K(107520K)] 184350K->92526K(352768K), 0.0033680 secs] [Times: user=0.03 sys=0.00, real=0.00 secs] 
136.787: Total time for which application threads were stopped: 0.0035550 seconds, Stopping threads took: 0.0000900 seconds
136.820: Application time: 0.0331970 seconds
136.820: [GC [PSYoungGen: 101008K->7968K(107520K)] 184686K->91694K(352768K), 0.0031670 secs] [Times: user=0.02 sys=0.00, real=0.00 secs] 
136.823: Total time for which application threads were stopped: 0.0033510 seconds, Stopping threads took: 0.0000880 seconds
136.856: Application time: 0.0324040 seconds
136.856: [GC [PSYoungGen: 100128K->7744K(107520K)] 183854K->91550K(352768K), 0.0032040 secs] [Times: user=0.02 sys=0.00, real=0.01 secs] 
136.859: Total time for which application threads were stopped: 0.0033730 seconds, Stopping threads took: 0.0000710 seconds
136.888: Application time: 0.0292440 seconds
136.888: [GC [PSYoungGen: 99904K->8224K(107520K)] 183710K->92030K(352768K), 0.0032450 secs] [Times: user=0.02 sys=0.00, real=0.00 secs] 
136.892: Total time for which application threads were stopped: 0.0034660 seconds, Stopping threads took: 0.0001240 seconds
136.919: Application time: 0.0277280 seconds
136.920: [GC [PSYoungGen: 100384K->7936K(107520K)] 184190K->91838K(352768K), 0.0031840 secs] [Times: user=0.02 sys=0.00, real=0.00 secs] 
136.923: Total time for which application threads were stopped: 0.0033800 seconds, Stopping threads took: 0.0001020 seconds
136.953: Application time: 0.0296590 seconds
136.953: [GC [PSYoungGen: 100096K->10080K(107520K)] 183998K->94039K(352768K), 0.0039570 secs] [Times: user=0.03 sys=0.00, real=0.01 secs] 
136.957: Total time for which application threads were stopped: 0.0041390 seconds, Stopping threads took: 0.0000810 seconds
136.983: Application time: 0.0263930 seconds
136.983: [GC [PSYoungGen: 102240K->8080K(107520K)] 186199K->92038K(352768K), 0.0031570 secs] [Times: user=0.03 sys=0.00, real=0.00 secs] 
136.986: Total time for which application threads were stopped: 0.0033950 seconds, Stopping threads took: 0.0001420 seconds
137.018: Application time: 0.0315050 seconds
137.018: [GC [PSYoungGen: 100240K->11776K(107520K)] 184198K->95735K(352768K), 0.0046800 secs] [Times: user=0.03 sys=0.00, real=0.00 secs] 
137.023: Total time for which application threads were stopped: 0.0048580 seconds, Stopping threads took: 0.0000810 seconds
137.058: Application time: 0.0354550 seconds
137.058: [GC [PSYoungGen: 103936K->9616K(107520K)] 187895K->93575K(352768K), 0.0038160 secs] [Times: user=0.03 sys=0.00, real=0.00 secs] 
137.062: Total time for which application threads were stopped: 0.0040170 seconds, Stopping threads took: 0.0000880 seconds
137.096: Application time: 0.0338440 seconds
137.096: [GC [PSYoungGen: 101776K->7824K(107520K)] 185735K->91782K(352768K), 0.0032170 secs] [Times: user=0.02 sys=0.00, real=0.01 secs] 
137.100: Total time for which application threads were stopped: 0.0033830 seconds, Stopping threads took: 0.0000680 seconds
137.131: Application time: 0.0311090 seconds
137.131: [GC [PSYoungGen: 99984K->7680K(107520K)] 183942K->91687K(352768K), 0.0031830 secs] [Times: user=0.01 sys=0.00, real=0.00 secs] 
137.134: Total time for which application threads were stopped: 0.0033550 seconds, Stopping threads took: 0.0000760 seconds
137.161: Application time: 0.0266610 seconds
137.161: [GC [PSYoungGen: 99840K->8736K(107520K)] 183847K->92742K(352768K), 0.0034070 secs] [Times: user=0.02 sys=0.00, real=0.00 secs] 
137.164: Total time for which application threads were stopped: 0.0035760 seconds, Stopping threads took: 0.0000700 seconds
137.195: Application time: 0.0307660 seconds
137.195: [GC [PSYoungGen: 100896K->9168K(107520K)] 184902K->93231K(352768K), 0.0035150 secs] [Times: user=0.02 sys=0.00, real=0.01 secs] 
137.199: Total time for which application threads were stopped: 0.0036920 seconds, Stopping threads took: 0.0000770 seconds
137.225: Application time: 0.0262740 seconds
137.225: [GC [PSYoungGen: 101328K->9488K(107520K)] 185391K->93550K(352768K), 0.0038010 secs] [Times: user=0.03 sys=0.00, real=0.01 secs] 
137.229: Total time for which application threads were stopped: 0.0039900 seconds, Stopping threads took: 0.0000870 seconds
137.260: Application time: 0.0305870 seconds
137.260: [GC [PSYoungGen: 101648K->9648K(107520K)] 185710K->93711K(352768K), 0.0038230 secs] [Times: user=0.03 sys=0.00, real=0.00 secs] 
137.264: Total time for which application threads were stopped: 0.0040370 seconds, Stopping threads took: 0.0001110 seconds
137.299: Application time: 0.0358290 seconds
137.300: [GC [PSYoungGen: 101808K->8496K(107520K)] 185871K->92559K(352768K), 0.0032370 secs] [Times: user=0.03 sys=0.00, real=0.00 secs] 
137.303: Total time for which application threads were stopped: 0.0034440 seconds, Stopping threads took: 0.0001080 seconds
137.336: Application time: 0.0331570 seconds
137.336: [GC [PSYoungGen: 100656K->8176K(107520K)] 184719K->92239K(352768K), 0.0032000 secs] [Times: user=0.02 sys=0.00, real=0.01 secs] 
137.339: Total time for which application threads were stopped: 0.0033760 seconds, Stopping threads took: 0.0000750 seconds
137.373: Application time: 0.0334730 seconds
137.373: [GC [PSYoungGen: 100336K->7648K(107520K)] 184399K->91711K(352768K), 0.0030940 secs] [Times: user=0.02 sys=0.00, real=0.00 secs] 
137.376: Total time for which application threads were stopped: 0.0032790 seconds, Stopping threads took: 0.0000870 seconds
137.401: Application time: 0.0250960 seconds
137.401: [GC [PSYoungGen: 99808K->8000K(107520K)] 183871K->92063K(352768K), 0.0032180 secs] [Times: user=0.02 sys=0.00, real=0.00 secs] 
137.405: Total time for which application threads were stopped: 0.0033860 seconds, Stopping threads took: 0.0000670 seconds
137.433: Application time: 0.0288060 seconds
137.434: [GC [PSYoungGen: 100160K->11440K(107520K)] 184223K->95503K(352768K), 0.0045260 secs] [Times: user=0.04 sys=0.00, real=0.01 secs] 
137.438: Total time for which application threads were stopped: 0.0047050 seconds, Stopping threads took: 0.0000690 seconds
137.467: Application time: 0.0287480 seconds
137.467: [GC [PSYoungGen: 103600K->8560K(107520K)] 187663K->92623K(352768K), 0.0032930 secs] [Times: user=0.02 sys=0.00, real=0.01 secs] 
137.470: Total time for which application threads were stopped: 0.0034660 seconds, Stopping threads took: 0.0000750 seconds
137.498: Application time: 0.0278790 seconds
137.498: [GC [PSYoungGen: 100720K->9072K(107520K)] 184783K->93135K(352768K), 0.0034720 secs] [Times: user=0.03 sys=0.00, real=0.00 secs] 
137.502: Total time for which application threads were stopped: 0.0036590 seconds, Stopping threads took: 0.0000840 seconds
137.537: Application time: 0.0348640 seconds
137.537: [GC [PSYoungGen: 101232K->8128K(107520K)] 185295K->92191K(352768K), 0.0032490 secs] [Times: user=0.02 sys=0.00, real=0.00 secs] 
137.540: Total time for which application threads were stopped: 0.0034140 seconds, Stopping threads took: 0.0000660 seconds
137.573: Application time: 0.0328280 seconds
137.573: [GC [PSYoungGen: 100288K->9680K(107520K)] 184351K->93791K(352768K), 0.0038280 secs] [Times: user=0.03 sys=0.00, real=0.01 secs] 
137.577: Total time for which application threads were stopped: 0.0040420 seconds, Stopping threads took: 0.0000970 seconds
137.612: Application time: 0.0353720 seconds
137.613: [GC [PSYoungGen: 101840K->7744K(107520K)] 185951K->91943K(352768K), 0.0031660 secs] [Times: user=0.03 sys=0.00, real=0.00 secs] 
137.616: Total time for which application threads were stopped: 0.0033640 seconds, Stopping threads took: 0.0001010 seconds
137.643: Application time: 0.0275120 seconds
137.643: [GC [PSYoungGen: 99904K->7888K(107520K)] 184103K->92087K(352768K), 0.0031780 secs] [Times: user=0.02 sys=0.00, real=0.00 secs] 
137.647: Total time for which application threads were stopped: 0.0033670 seconds, Stopping threads took: 0.0000850 seconds
137.674: Application time: 0.0273990 seconds
137.674: [GC [PSYoungGen: 100048K->7584K(107520K)] 184247K->91863K(352768K), 0.0031120 secs] [Times: user=0.02 sys=0.00, real=0.01 secs] 
137.677: Total time for which application threads were stopped: 0.0032970 seconds, Stopping threads took: 0.0000860 seconds
137.708: Application time: 0.0309610 seconds
137.709: [GC [PSYoungGen: 99744K->9552K(107520K)] 184023K->93831K(352768K), 0.0037860 secs] [Times: user=0.03 sys=0.00, real=0.00 secs] 
137.712: Total time for which application threads were stopped: 0.0039680 seconds, Stopping threads took: 0.0000790 seconds
137.738: Application time: 0.0260940 seconds
137.739: [GC [PSYoungGen: 101712K->9728K(107520K)] 185991K->94063K(352768K), 0.0038260 secs] [Times: user=0.03 sys=0.00, real=0.00 secs] 
137.742: Total time for which application threads were stopped: 0.0040060 seconds, Stopping threads took: 0.0000770 seconds
137.776: Application time: 0.0331100 seconds
137.776: [GC [PSYoungGen: 101888K->9936K(107520K)] 186223K->94271K(352768K), 0.0039480 secs] [Times: user=0.03 sys=0.00, real=0.00 secs] 
137.780: Total time for which application threads were stopped: 0.0048240 seconds, Stopping threads took: 0.0007770 seconds
137.815: Application time: 0.0342460 seconds
137.815: [GC [PSYoungGen: 102096K->8144K(107520K)] 186431K->92479K(352768K), 0.0031710 secs] [Times: user=0.03 sys=0.00, real=0.01 secs] 
137.818: Total time for which application threads were stopped: 0.0033440 seconds, Stopping threads took: 0.0000710 seconds
137.851: Application time: 0.0327490 seconds
137.851: [GC [PSYoungGen: 100304K->8144K(107520K)] 184639K->92479K(352768K), 0.0033760 secs] [Times: user=0.02 sys=0.00, real=0.00 secs] 
137.854: Total time for which application threads were stopped: 0.0035660 seconds, Stopping threads took: 0.0000900 seconds
137.887: Application time: 0.0324690 seconds
137.887: [GC [PSYoungGen: 100304K->7776K(107520K)] 184639K->92167K(352768K), 0.0031280 secs] [Times: user=0.02 sys=0.00, real=0.01 secs] 
137.890: Total time for which application threads were stopped: 0.0033180 seconds, Stopping threads took: 0.0000840 seconds
137.915: Application time: 0.0246570 seconds
137.915: [GC [PSYoungGen: 99936K->7792K(107520K)] 184327K->92183K(352768K), 0.0031080 secs] [Times: user=0.02 sys=0.00, real=0.01 secs] 
137.918: Total time for which application threads were stopped: 0.0032860 seconds, Stopping threads took: 0.0000780 seconds
137.948: Application time: 0.0303000 seconds
137.948: [GC [PSYoungGen: 99952K->8656K(107520K)] 184343K->93103K(352768K), 0.0034910 secs] [Times: user=0.02 sys=0.00, real=0.00 secs] 
137.952: Total time for which application threads were stopped: 0.0036690 seconds, Stopping threads took: 0.0000820 seconds
137.980: Application time: 0.0279920 seconds
137.980: [GC [PSYoungGen: 100816K->8128K(107520K)] 185263K->92575K(352768K), 0.0031360 secs] [Times: user=0.02 sys=0.00, real=0.00 secs] 
137.983: Total time for which application threads were stopped: 0.0033100 seconds, Stopping threads took: 0.0000720 seconds
138.014: Application time: 0.0302320 seconds
138.016: [GC [PSYoungGen: 100288K->9456K(107520K)] 184735K->93903K(352768K), 0.0037340 secs] [Times: user=0.02 sys=0.00, real=0.00 secs] 
138.020: Total time for which application threads were stopped: 0.0066190 seconds, Stopping threads took: 0.0027870 seconds
138.055: Application time: 0.0352150 seconds
138.056: [GC [PSYoungGen: 101615K->9616K(107520K)] 186062K->94063K(352768K), 0.0038300 secs] [Times: user=0.03 sys=0.00, real=0.01 secs] 
138.059: Total time for which application threads were stopped: 0.0040570 seconds, Stopping threads took: 0.0001260 seconds
138.091: Application time: 0.0311590 seconds
138.091: [GC [PSYoungGen: 101776K->7536K(107520K)] 186223K->91983K(352768K), 0.0030980 secs] [Times: user=0.02 sys=0.00, real=0.00 secs] 
138.094: Total time for which application threads were stopped: 0.0032970 seconds, Stopping threads took: 0.0000840 seconds
138.130: Application time: 0.0362880 seconds
138.130: [GC [PSYoungGen: 99696K->8000K(107520K)] 184143K->92447K(352768K), 0.0032000 secs] [Times: user=0.02 sys=0.00, real=0.00 secs] 
138.134: Total time for which application threads were stopped: 0.0034100 seconds, Stopping threads took: 0.0001080 seconds
138.159: Application time: 0.0252600 seconds
138.159: [GC [PSYoungGen: 100160K->7872K(107520K)] 184607K->92319K(352768K), 0.0032470 secs] [Times: user=0.02 sys=0.00, real=0.00 secs] 
138.162: Total time for which application threads were stopped: 0.0034290 seconds, Stopping threads took: 0.0000830 seconds
138.191: Application time: 0.0282010 seconds
138.191: [GC [PSYoungGen: 100032K->9520K(107520K)] 184479K->93967K(352768K), 0.0037870 secs] [Times: user=0.03 sys=0.00, real=0.00 secs] 
138.194: Total time for which application threads were stopped: 0.0039650 seconds, Stopping threads took: 0.0000770 seconds
138.225: Application time: 0.0300970 seconds
138.225: [GC [PSYoungGen: 101680K->10096K(107520K)] 186127K->94543K(352768K), 0.0038570 secs] [Times: user=0.03 sys=0.00, real=0.01 secs] 
138.229: Total time for which application threads were stopped: 0.0040450 seconds, Stopping threads took: 0.0000860 seconds
138.256: Application time: 0.0270630 seconds
138.256: [GC [PSYoungGen: 102256K->9760K(107520K)] 186703K->94207K(352768K), 0.0038600 secs] [Times: user=0.03 sys=0.00, real=0.01 secs] 
138.260: Total time for which application threads were stopped: 0.0040290 seconds, Stopping threads took: 0.0000680 seconds
138.297: Application time: 0.0374960 seconds
138.305: [GC [PSYoungGen: 101920K->8272K(107520K)] 186367K->92719K(352768K), 0.0033940 secs] [Times: user=0.02 sys=0.00, real=0.00 secs] 
138.308: Total time for which application threads were stopped: 0.0107290 seconds, Stopping threads took: 0.0072140 seconds
138.338: Application time: 0.0302180 seconds
138.338: [GC [PSYoungGen: 100432K->7904K(107520K)] 184879K->92351K(352768K), 0.0032410 secs] [Times: user=0.02 sys=0.00, real=0.00 secs] 
138.342: Total time for which application threads were stopped: 0.0035300 seconds, Stopping threads took: 0.0001690 seconds
138.376: Application time: 0.0346200 seconds
138.376: [GC [PSYoungGen: 100064K->9808K(107520K)] 184511K->94359K(352768K), 0.0038620 secs] [Times: user=0.03 sys=0.00, real=0.00 secs] 
138.380: Total time for which application threads were stopped: 0.0040280 seconds, Stopping threads took: 0.0000650 seconds
138.410: Application time: 0.0301400 seconds
138.411: [GC [PSYoungGen: 101968K->8144K(107520K)] 186519K->92751K(352768K), 0.0032370 secs] [Times: user=0.02 sys=0.00, real=0.00 secs] 
138.414: Total time for which application threads were stopped: 0.0034270 seconds, Stopping threads took: 0.0000890 seconds
138.440: Application time: 0.0263970 seconds
138.440: [GC [PSYoungGen: 100304K->7584K(107520K)] 184911K->92287K(352768K), 0.0030960 secs] [Times: user=0.02 sys=0.00, real=0.00 secs] 
138.444: Total time for which application threads were stopped: 0.0032520 seconds, Stopping threads took: 0.0000600 seconds
138.474: Application time: 0.0303530 seconds
138.474: [GC [PSYoungGen: 99744K->9664K(107520K)] 184447K->94367K(352768K), 0.0039300 secs] [Times: user=0.02 sys=0.00, real=0.01 secs] 
138.478: Total time for which application threads were stopped: 0.0040980 seconds, Stopping threads took: 0.0000630 seconds
138.505: Application time: 0.0269140 seconds
138.505: [GC [PSYoungGen: 101824K->7824K(107520K)] 186527K->92527K(352768K), 0.0031370 secs] [Times: user=0.02 sys=0.00, real=0.00 secs] 
138.508: Total time for which application threads were stopped: 0.0033060 seconds, Stopping threads took: 0.0000720 seconds
138.540: Application time: 0.0318350 seconds
138.540: [GC [PSYoungGen: 99984K->11312K(107520K)] 184687K->96071K(352768K), 0.0045040 secs] [Times: user=0.02 sys=0.01, real=0.00 secs] 
138.545: Total time for which application threads were stopped: 0.0046820 seconds, Stopping threads took: 0.0000770 seconds
138.580: Application time: 0.0347670 seconds
138.580: [GC [PSYoungGen: 103472K->8064K(107520K)] 188231K->92823K(352768K), 0.0031950 secs] [Times: user=0.02 sys=0.00, real=0.00 secs] 
138.583: Total time for which application threads were stopped: 0.0033770 seconds, Stopping threads took: 0.0000810 seconds
138.615: Application time: 0.0320070 seconds
138.615: [GC [PSYoungGen: 100224K->7568K(107520K)] 184983K->92327K(352768K), 0.0030520 secs] [Times: user=0.02 sys=0.00, real=0.01 secs] 
138.618: Total time for which application threads were stopped: 0.0032520 seconds, Stopping threads took: 0.0000820 seconds
138.653: Application time: 0.0347220 seconds
138.653: [GC [PSYoungGen: 99728K->7696K(107520K)] 184487K->92455K(352768K), 0.0030320 secs] [Times: user=0.02 sys=0.00, real=0.00 secs] 
138.656: Total time for which application threads were stopped: 0.0032300 seconds, Stopping threads took: 0.0000980 seconds
138.681: Application time: 0.0249340 seconds
138.681: [GC [PSYoungGen: 99856K->8064K(107520K)] 184615K->92879K(352768K), 0.0031970 secs] [Times: user=0.03 sys=0.00, real=0.00 secs] 
138.684: Total time for which application threads were stopped: 0.0033590 seconds, Stopping threads took: 0.0000640 seconds
138.714: Application time: 0.0298480 seconds
138.714: [GC [PSYoungGen: 100224K->8272K(107520K)] 185039K->93087K(352768K), 0.0033040 secs] [Times: user=0.01 sys=0.00, real=0.01 secs] 
138.718: Total time for which application threads were stopped: 0.0035070 seconds, Stopping threads took: 0.0001070 seconds
138.746: Application time: 0.0283050 seconds
138.746: [GC [PSYoungGen: 100432K->9936K(107520K)] 185247K->94799K(352768K), 0.0038140 secs] [Times: user=0.03 sys=0.00, real=0.01 secs] 
138.750: Total time for which application threads were stopped: 0.0039980 seconds, Stopping threads took: 0.0000850 seconds
138.776: Application time: 0.0263280 seconds
138.780: [GC [PSYoungGen: 102096K->9616K(107520K)] 186959K->94479K(352768K), 0.0037890 secs] [Times: user=0.02 sys=0.00, real=0.00 secs] 
138.784: Total time for which application threads were stopped: 0.0077760 seconds, Stopping threads took: 0.0038860 seconds
138.823: Application time: 0.0386010 seconds
138.823: [GC [PSYoungGen: 101776K->9584K(107520K)] 186639K->94447K(352768K), 0.0037930 secs] [Times: user=0.02 sys=0.00, real=0.00 secs] 
138.827: Total time for which application threads were stopped: 0.0039910 seconds, Stopping threads took: 0.0000870 seconds
138.857: Application time: 0.0302530 seconds
138.857: [GC [PSYoungGen: 101744K->7856K(107520K)] 186607K->92719K(352768K), 0.0031340 secs] [Times: user=0.02 sys=0.00, real=0.00 secs] 
138.860: Total time for which application threads were stopped: 0.0033050 seconds, Stopping threads took: 0.0000740 seconds
138.897: Application time: 0.0363550 seconds
138.897: [GC [PSYoungGen: 100016K->7936K(107520K)] 184879K->92799K(352768K), 0.0031660 secs] [Times: user=0.01 sys=0.00, real=0.00 secs] 
138.900: Total time for which application threads were stopped: 0.0033350 seconds, Stopping threads took: 0.0000720 seconds
138.928: Application time: 0.0274370 seconds
138.928: [GC [PSYoungGen: 100096K->7936K(107520K)] 184959K->92799K(352768K), 0.0031790 secs] [Times: user=0.03 sys=0.00, real=0.01 secs] 
138.931: Total time for which application threads were stopped: 0.0033830 seconds, Stopping threads took: 0.0001050 seconds
138.957: Application time: 0.0262740 seconds
138.957: [GC [PSYoungGen: 100096K->9232K(107520K)] 184959K->94095K(352768K), 0.0037340 secs] [Times: user=0.02 sys=0.00, real=0.00 secs] 
138.961: Total time for which application threads were stopped: 0.0039010 seconds, Stopping threads took: 0.0000660 seconds
138.992: Application time: 0.0306950 seconds
138.992: [GC [PSYoungGen: 101392K->9952K(107520K)] 186255K->94815K(352768K), 0.0038970 secs] [Times: user=0.02 sys=0.00, real=0.00 secs] 
138.996: Total time for which application threads were stopped: 0.0040740 seconds, Stopping threads took: 0.0000780 seconds
139.022: Application time: 0.0260170 seconds
139.022: [GC [PSYoungGen: 102112K->8176K(107520K)] 186975K->93039K(352768K), 0.0032620 secs] [Times: user=0.02 sys=0.00, real=0.00 secs] 
139.025: Total time for which application threads were stopped: 0.0034510 seconds, Stopping threads took: 0.0000870 seconds
139.060: Application time: 0.0350150 seconds
139.060: [GC [PSYoungGen: 100336K->10208K(107520K)] 185199K->95071K(352768K), 0.0040120 secs] [Times: user=0.03 sys=0.00, real=0.00 secs] 
139.065: Total time for which application threads were stopped: 0.0041980 seconds, Stopping threads took: 0.0000830 seconds
139.096: Application time: 0.0318770 seconds
139.097: [GC [PSYoungGen: 102368K->7808K(107520K)] 187231K->92671K(352768K), 0.0030770 secs] [Times: user=0.02 sys=0.00, real=0.00 secs] 
139.100: Total time for which application threads were stopped: 0.0032490 seconds, Stopping threads took: 0.0000740 seconds
139.133: Application time: 0.0331290 seconds
139.133: [GC [PSYoungGen: 99968K->9600K(107520K)] 184831K->94551K(352768K), 0.0038280 secs] [Times: user=0.03 sys=0.00, real=0.01 secs] 
139.137: Total time for which application threads were stopped: 0.0040320 seconds, Stopping threads took: 0.0000830 seconds
139.170: Application time: 0.0330950 seconds
139.170: [GC [PSYoungGen: 101760K->8080K(107520K)] 186711K->93087K(352768K), 0.0032210 secs] [Times: user=0.02 sys=0.00, real=0.00 secs] 
139.173: Total time for which application threads were stopped: 0.0033830 seconds, Stopping threads took: 0.0000600 seconds
139.199: Application time: 0.0257550 seconds
139.199: [GC [PSYoungGen: 100240K->7696K(107520K)] 185247K->92751K(352768K), 0.0030920 secs] [Times: user=0.02 sys=0.00, real=0.00 secs] 
139.202: Total time for which application threads were stopped: 0.0032730 seconds, Stopping threads took: 0.0000840 seconds
139.233: Application time: 0.0310610 seconds
139.234: [GC [PSYoungGen: 99856K->8544K(107520K)] 184911K->93655K(352768K), 0.0033270 secs] [Times: user=0.02 sys=0.00, real=0.01 secs] 
139.237: Total time for which application threads were stopped: 0.0035150 seconds, Stopping threads took: 0.0000900 seconds
139.264: Application time: 0.0265780 seconds
139.264: [GC [PSYoungGen: 100704K->8256K(107520K)] 185815K->93367K(352768K), 0.0032770 secs] [Times: user=0.02 sys=0.00, real=0.00 secs] 
139.267: Total time for which application threads were stopped: 0.0034700 seconds, Stopping threads took: 0.0000830 seconds
139.295: Application time: 0.0281350 seconds
139.295: [GC [PSYoungGen: 100416K->10608K(107520K)] 185527K->95775K(352768K), 0.0041900 secs] [Times: user=0.03 sys=0.00, real=0.01 secs] 
139.299: Total time for which application threads were stopped: 0.0043600 seconds, Stopping threads took: 0.0000670 seconds
139.338: Application time: 0.0383640 seconds
139.338: [GC [PSYoungGen: 102768K->8288K(107520K)] 187935K->93455K(352768K), 0.0031750 secs] [Times: user=0.02 sys=0.00, real=0.00 secs] 
139.341: Total time for which application threads were stopped: 0.0033650 seconds, Stopping threads took: 0.0000920 seconds
139.371: Application time: 0.0302610 seconds
139.372: [GC [PSYoungGen: 100448K->7840K(107520K)] 185615K->93007K(352768K), 0.0031550 secs] [Times: user=0.02 sys=0.00, real=0.00 secs] 
139.375: Total time for which application threads were stopped: 0.0033520 seconds, Stopping threads took: 0.0000960 seconds
139.411: Application time: 0.0361100 seconds
139.411: [GC [PSYoungGen: 100000K->7888K(107520K)] 185167K->93055K(352768K), 0.0031440 secs] [Times: user=0.02 sys=0.00, real=0.00 secs] 
139.414: Total time for which application threads were stopped: 0.0033240 seconds, Stopping threads took: 0.0000830 seconds
139.441: Application time: 0.0265610 seconds
139.441: [GC [PSYoungGen: 100048K->8112K(107520K)] 185215K->93335K(352768K), 0.0031760 secs] [Times: user=0.02 sys=0.00, real=0.00 secs] 
139.444: Total time for which application threads were stopped: 0.0033550 seconds, Stopping threads took: 0.0000780 seconds
139.472: Application time: 0.0273940 seconds
139.472: [GC [PSYoungGen: 100272K->8320K(107520K)] 185495K->93543K(352768K), 0.0032400 secs] [Times: user=0.03 sys=0.00, real=0.00 secs] 
139.475: Total time for which application threads were stopped: 0.0034210 seconds, Stopping threads took: 0.0000830 seconds
139.504: Application time: 0.0293580 seconds
139.505: [GC [PSYoungGen: 100480K->11440K(107520K)] 185703K->96719K(352768K), 0.0045640 secs] [Times: user=0.03 sys=0.00, real=0.01 secs] 
139.509: Total time for which application threads were stopped: 0.0047350 seconds, Stopping threads took: 0.0000710 seconds
139.537: Application time: 0.0275670 seconds
139.537: [GC [PSYoungGen: 103600K->7680K(107520K)] 188879K->92959K(352768K), 0.0029540 secs] [Times: user=0.02 sys=0.00, real=0.00 secs] 
139.540: Total time for which application threads were stopped: 0.0031520 seconds, Stopping threads took: 0.0000990 seconds
139.575: Application time: 0.0356210 seconds
139.576: [GC [PSYoungGen: 99840K->9856K(107520K)] 185119K->95135K(352768K), 0.0038400 secs] [Times: user=0.02 sys=0.00, real=0.01 secs] 
139.580: Total time for which application threads were stopped: 0.0040560 seconds, Stopping threads took: 0.0001110 seconds
139.611: Application time: 0.0313050 seconds
139.611: [GC [PSYoungGen: 102016K->7904K(107520K)] 187295K->93183K(352768K), 0.0032540 secs] [Times: user=0.02 sys=0.00, real=0.00 secs] 
139.614: Total time for which application threads were stopped: 0.0034370 seconds, Stopping threads took: 0.0000820 seconds
139.647: Application time: 0.0324450 seconds
139.647: [GC [PSYoungGen: 100064K->9616K(107520K)] 185343K->94895K(352768K), 0.0040460 secs] [Times: user=0.03 sys=0.00, real=0.01 secs] 
139.651: Total time for which application threads were stopped: 0.0042570 seconds, Stopping threads took: 0.0000930 seconds
139.683: Application time: 0.0319270 seconds
139.683: [GC [PSYoungGen: 101776K->7808K(107520K)] 187055K->93087K(352768K), 0.0030550 secs] [Times: user=0.02 sys=0.00, real=0.00 secs] 
139.686: Total time for which application threads were stopped: 0.0032410 seconds, Stopping threads took: 0.0000860 seconds
139.712: Application time: 0.0259050 seconds
139.712: [GC [PSYoungGen: 99968K->9104K(107520K)] 185247K->94383K(352768K), 0.0035550 secs] [Times: user=0.02 sys=0.00, real=0.00 secs] 
139.716: Total time for which application threads were stopped: 0.0037200 seconds, Stopping threads took: 0.0000650 seconds
139.748: Application time: 0.0317500 seconds
139.748: [GC [PSYoungGen: 101264K->8912K(107520K)] 186543K->94191K(352768K), 0.0034020 secs] [Times: user=0.02 sys=0.00, real=0.01 secs] 
139.751: Total time for which application threads were stopped: 0.0036000 seconds, Stopping threads took: 0.0000960 seconds
139.778: Application time: 0.0269900 seconds
139.778: [GC [PSYoungGen: 101072K->7936K(107520K)] 186351K->93215K(352768K), 0.0031500 secs] [Times: user=0.02 sys=0.00, real=0.00 secs] 
139.781: Total time for which application threads were stopped: 0.0033560 seconds, Stopping threads took: 0.0001090 seconds
139.812: Application time: 0.0307950 seconds
139.812: [GC [PSYoungGen: 100096K->10640K(107520K)] 185375K->95919K(352768K), 0.0041720 secs] [Times: user=0.02 sys=0.00, real=0.01 secs] 
139.817: Total time for which application threads were stopped: 0.0043670 seconds, Stopping threads took: 0.0000880 seconds
139.852: Application time: 0.0354810 seconds
139.856: [GC [PSYoungGen: 102800K->8416K(107520K)] 188079K->93695K(352768K), 0.0033260 secs] [Times: user=0.02 sys=0.00, real=0.00 secs] 
139.860: Total time for which application threads were stopped: 0.0076500 seconds, Stopping threads took: 0.0042250 seconds
139.891: Application time: 0.0313450 seconds
139.891: [GC [PSYoungGen: 100576K->7840K(107520K)] 185855K->93167K(352768K), 0.0031350 secs] [Times: user=0.03 sys=0.00, real=0.00 secs] 
139.894: Total time for which application threads were stopped: 0.0033740 seconds, Stopping threads took: 0.0001420 seconds
139.927: Application time: 0.0328180 seconds
139.927: [GC [PSYoungGen: 100000K->8400K(107520K)] 185327K->93831K(352768K), 0.0033150 secs] [Times: user=0.02 sys=0.00, real=0.01 secs] 
139.931: Total time for which application threads were stopped: 0.0034890 seconds, Stopping threads took: 0.0000690 seconds
139.959: Application time: 0.0285350 seconds
139.959: [GC [PSYoungGen: 100560K->7744K(107520K)] 185991K->93175K(352768K), 0.0030420 secs] [Times: user=0.02 sys=0.00, real=0.00 secs] 
139.963: Total time for which application threads were stopped: 0.0032220 seconds, Stopping threads took: 0.0000810 seconds
139.991: Application time: 0.0280770 seconds
139.991: [GC [PSYoungGen: 99904K->7680K(107520K)] 185335K->93207K(352768K), 0.0032560 secs] [Times: user=0.01 sys=0.00, real=0.00 secs] 
139.994: Total time for which application threads were stopped: 0.0034690 seconds, Stopping threads took: 0.0001130 seconds
140.023: Application time: 0.0290190 seconds
140.023: [GC [PSYoungGen: 99840K->9952K(107520K)] 185367K->95479K(352768K), 0.0039040 secs] [Times: user=0.02 sys=0.00, real=0.00 secs] 
140.027: Total time for which application threads were stopped: 0.0040910 seconds, Stopping threads took: 0.0000810 seconds
140.054: Application time: 0.0266920 seconds
140.054: [GC [PSYoungGen: 102112K->8464K(107520K)] 187639K->93991K(352768K), 0.0033000 secs] [Times: user=0.02 sys=0.00, real=0.01 secs] 
140.057: Total time for which application threads were stopped: 0.0034540 seconds, Stopping threads took: 0.0000510 seconds
140.095: Application time: 0.0374700 seconds
140.096: [GC [PSYoungGen: 100624K->9360K(107520K)] 186151K->94936K(352768K), 0.0037400 secs] [Times: user=0.02 sys=0.00, real=0.00 secs] 
140.100: Total time for which application threads were stopped: 0.0053500 seconds, Stopping threads took: 0.0015100 seconds
140.131: Application time: 0.0309200 seconds
140.131: [GC [PSYoungGen: 101520K->7664K(107520K)] 187096K->93239K(352768K), 0.0030610 secs] [Times: user=0.02 sys=0.00, real=0.00 secs] 
140.134: Total time for which application threads were stopped: 0.0032530 seconds, Stopping threads took: 0.0000910 seconds
140.167: Application time: 0.0324590 seconds
140.167: [GC [PSYoungGen: 99824K->9408K(107520K)] 185399K->94984K(352768K), 0.0037770 secs] [Times: user=0.03 sys=0.00, real=0.01 secs] 
140.171: Total time for which application threads were stopped: 0.0039840 seconds, Stopping threads took: 0.0000910 seconds
140.202: Application time: 0.0310300 seconds
140.202: [GC [PSYoungGen: 101568K->7888K(107520K)] 187144K->93463K(352768K), 0.0031570 secs] [Times: user=0.02 sys=0.00, real=0.00 secs] 
140.205: Total time for which application threads were stopped: 0.0033490 seconds, Stopping threads took: 0.0000820 seconds
140.232: Application time: 0.0268900 seconds
140.232: [GC [PSYoungGen: 100048K->8096K(107520K)] 185623K->93720K(352768K), 0.0032660 secs] [Times: user=0.02 sys=0.00, real=0.00 secs] 
140.236: Total time for which application threads were stopped: 0.0034570 seconds, Stopping threads took: 0.0000890 seconds
140.266: Application time: 0.0302290 seconds
140.266: [GC [PSYoungGen: 100256K->9648K(107520K)] 185880K->95320K(352768K), 0.0037600 secs] [Times: user=0.02 sys=0.00, real=0.01 secs] 
140.270: Total time for which application threads were stopped: 0.0039730 seconds, Stopping threads took: 0.0001120 seconds
140.298: Application time: 0.0279090 seconds
140.298: [GC [PSYoungGen: 101808K->7824K(107520K)] 187480K->93496K(352768K), 0.0031190 secs] [Times: user=0.02 sys=0.00, real=0.00 secs] 
140.301: Total time for which application threads were stopped: 0.0033150 seconds, Stopping threads took: 0.0000950 seconds
140.332: Application time: 0.0314150 seconds
140.333: [GC [PSYoungGen: 99984K->10224K(107520K)] 185656K->95895K(352768K), 0.0040000 secs] [Times: user=0.03 sys=0.00, real=0.01 secs] 
140.337: Total time for which application threads were stopped: 0.0041900 seconds, Stopping threads took: 0.0000900 seconds
140.372: Application time: 0.0355820 seconds
140.372: [GC [PSYoungGen: 102384K->7984K(107520K)] 188055K->93656K(352768K), 0.0032770 secs] [Times: user=0.02 sys=0.00, real=0.00 secs] 
140.376: Total time for which application threads were stopped: 0.0034830 seconds, Stopping threads took: 0.0001070 seconds
140.406: Application time: 0.0307590 seconds
140.407: [GC [PSYoungGen: 100144K->7568K(107520K)] 185816K->93240K(352768K), 0.0030640 secs] [Times: user=0.02 sys=0.00, real=0.01 secs] 
140.410: Total time for which application threads were stopped: 0.0032740 seconds, Stopping threads took: 0.0001120 seconds
140.443: Application time: 0.0329100 seconds
140.443: [GC [PSYoungGen: 99728K->8384K(107520K)] 185400K->94055K(352768K), 0.0032810 secs] [Times: user=0.02 sys=0.00, real=0.00 secs] 
140.446: Total time for which application threads were stopped: 0.0034620 seconds, Stopping threads took: 0.0000790 seconds
140.474: Application time: 0.0278130 seconds
140.474: [GC [PSYoungGen: 100544K->9648K(107520K)] 186215K->95320K(352768K), 0.0038930 secs] [Times: user=0.03 sys=0.00, real=0.01 secs] 
140.478: Total time for which application threads were stopped: 0.0040950 seconds, Stopping threads took: 0.0000990 seconds
140.506: Application time: 0.0277420 seconds
140.506: [GC [PSYoungGen: 101808K->8192K(107520K)] 187480K->93864K(352768K), 0.0032490 secs] [Times: user=0.02 sys=0.00, real=0.01 secs] 
140.509: Total time for which application threads were stopped: 0.0034570 seconds, Stopping threads took: 0.0001100 seconds
140.537: Application time: 0.0282580 seconds
140.538: [GC [PSYoungGen: 100352K->10320K(107520K)] 186024K->95992K(352768K), 0.0040430 secs] [Times: user=0.02 sys=0.00, real=0.00 secs] 
140.542: Total time for which application threads were stopped: 0.0042220 seconds, Stopping threads took: 0.0000750 seconds
140.570: Application time: 0.0283530 seconds
140.570: [GC [PSYoungGen: 102480K->10368K(107520K)] 188152K->96040K(352768K), 0.0039490 secs] [Times: user=0.03 sys=0.00, real=0.00 secs] 
140.574: Total time for which application threads were stopped: 0.0041450 seconds, Stopping threads took: 0.0000960 seconds
140.611: Application time: 0.0363640 seconds
140.611: [GC [PSYoungGen: 102528K->9776K(107520K)] 188200K->95448K(352768K), 0.0039160 secs] [Times: user=0.03 sys=0.00, real=0.00 secs] 
140.615: Total time for which application threads were stopped: 0.0040850 seconds, Stopping threads took: 0.0000650 seconds
140.648: Application time: 0.0334160 seconds
140.648: [GC [PSYoungGen: 101936K->7808K(107520K)] 187608K->93528K(352768K), 0.0031160 secs] [Times: user=0.02 sys=0.00, real=0.01 secs] 
140.651: Total time for which application threads were stopped: 0.0032920 seconds, Stopping threads took: 0.0000770 seconds
140.681: Application time: 0.0299080 seconds
140.681: [GC [PSYoungGen: 99968K->7536K(107520K)] 185688K->93336K(352768K), 0.0031350 secs] [Times: user=0.02 sys=0.00, real=0.00 secs] 
140.685: Total time for which application threads were stopped: 0.0033320 seconds, Stopping threads took: 0.0000800 seconds
140.717: Application time: 0.0319450 seconds
140.717: [GC [PSYoungGen: 99696K->7696K(107520K)] 185496K->93496K(352768K), 0.0032080 secs] [Times: user=0.02 sys=0.00, real=0.00 secs] 
140.720: Total time for which application threads were stopped: 0.0034030 seconds, Stopping threads took: 0.0000920 seconds
140.747: Application time: 0.0266230 seconds
140.747: [GC [PSYoungGen: 99856K->8240K(107520K)] 185656K->94128K(352768K), 0.0032520 secs] [Times: user=0.03 sys=0.00, real=0.01 secs] 
140.750: Total time for which application threads were stopped: 0.0034440 seconds, Stopping threads took: 0.0000920 seconds
140.777: Application time: 0.0270510 seconds
140.777: [GC [PSYoungGen: 100400K->8096K(107520K)] 186288K->93984K(352768K), 0.0032000 secs] [Times: user=0.02 sys=0.00, real=0.00 secs] 
140.780: Total time for which application threads were stopped: 0.0033660 seconds, Stopping threads took: 0.0000660 seconds
140.811: Application time: 0.0300900 seconds
140.812: [GC [PSYoungGen: 100256K->8448K(107520K)] 186144K->94336K(352768K), 0.0032940 secs] [Times: user=0.02 sys=0.01, real=0.00 secs] 
140.816: Total time for which application threads were stopped: 0.0052040 seconds, Stopping threads took: 0.0018070 seconds
140.850: Application time: 0.0338020 seconds
140.850: [GC [PSYoungGen: 100608K->8288K(107520K)] 186496K->94232K(352768K), 0.0033370 secs] [Times: user=0.03 sys=0.00, real=0.00 secs] 
140.853: Total time for which application threads were stopped: 0.0035240 seconds, Stopping threads took: 0.0000880 seconds
140.887: Application time: 0.0341560 seconds
140.887: [GC [PSYoungGen: 100448K->7712K(107520K)] 186392K->93656K(352768K), 0.0031810 secs] [Times: user=0.02 sys=0.00, real=0.01 secs] 
140.891: Total time for which application threads were stopped: 0.0033580 seconds, Stopping threads took: 0.0000770 seconds
140.922: Application time: 0.0314820 seconds
140.922: [GC [PSYoungGen: 99872K->7552K(107520K)] 185816K->93496K(352768K), 0.0030070 secs] [Times: user=0.02 sys=0.00, real=0.00 secs] 
140.925: Total time for which application threads were stopped: 0.0032060 seconds, Stopping threads took: 0.0001000 seconds
140.956: Application time: 0.0305780 seconds
140.956: [GC [PSYoungGen: 99712K->9520K(107520K)] 185656K->95464K(352768K), 0.0038610 secs] [Times: user=0.03 sys=0.00, real=0.01 secs] 
140.960: Total time for which application threads were stopped: 0.0040560 seconds, Stopping threads took: 0.0000900 seconds
140.989: Application time: 0.0287390 seconds
140.989: [GC [PSYoungGen: 101680K->9648K(107520K)] 187624K->95648K(352768K), 0.0038120 secs] [Times: user=0.03 sys=0.00, real=0.00 secs] 
140.993: Total time for which application threads were stopped: 0.0039860 seconds, Stopping threads took: 0.0000690 seconds
141.020: Application time: 0.0273080 seconds
141.020: [GC [PSYoungGen: 101808K->8368K(107520K)] 187808K->94416K(352768K), 0.0033270 secs] [Times: user=0.02 sys=0.00, real=0.00 secs] 
141.023: Total time for which application threads were stopped: 0.0035250 seconds, Stopping threads took: 0.0000990 seconds
141.050: Application time: 0.0267150 seconds
141.050: [GC [PSYoungGen: 100528K->10192K(107520K)] 186576K->96240K(352768K), 0.0039640 secs] [Times: user=0.03 sys=0.00, real=0.00 secs] 
141.054: Total time for which application threads were stopped: 0.0041530 seconds, Stopping threads took: 0.0000870 seconds
141.086: Application time: 0.0319660 seconds
141.086: [GC [PSYoungGen: 102352K->10816K(107520K)] 188400K->96864K(352768K), 0.0041880 secs] [Times: user=0.03 sys=0.00, real=0.01 secs] 
141.091: Total time for which application threads were stopped: 0.0043630 seconds, Stopping threads took: 0.0000720 seconds
141.126: Application time: 0.0354630 seconds
141.126: [GC [PSYoungGen: 102976K->8192K(107520K)] 189024K->94240K(352768K), 0.0032410 secs] [Times: user=0.02 sys=0.00, real=0.01 secs] 
141.130: Total time for which application threads were stopped: 0.0034150 seconds, Stopping threads took: 0.0000720 seconds
141.162: Application time: 0.0325440 seconds
141.162: [GC [PSYoungGen: 100352K->7808K(107520K)] 186400K->93856K(352768K), 0.0031930 secs] [Times: user=0.02 sys=0.00, real=0.00 secs] 
141.166: Total time for which application threads were stopped: 0.0034000 seconds, Stopping threads took: 0.0001060 seconds
141.196: Application time: 0.0309440 seconds
141.197: [GC [PSYoungGen: 99968K->7792K(107520K)] 186016K->93840K(352768K), 0.0031270 secs] [Times: user=0.02 sys=0.00, real=0.00 secs] 
141.200: Total time for which application threads were stopped: 0.0033370 seconds, Stopping threads took: 0.0000930 seconds
141.230: Application time: 0.0297020 seconds
141.230: [GC [PSYoungGen: 99952K->8096K(107520K)] 186000K->94144K(352768K), 0.0032250 secs] [Times: user=0.02 sys=0.00, real=0.00 secs] 
141.233: Total time for which application threads were stopped: 0.0034040 seconds, Stopping threads took: 0.0000790 seconds
141.261: Application time: 0.0279640 seconds
141.261: [GC [PSYoungGen: 100256K->8480K(107520K)] 186304K->94528K(352768K), 0.0032880 secs] [Times: user=0.02 sys=0.00, real=0.00 secs] 
141.264: Total time for which application threads were stopped: 0.0034680 seconds, Stopping threads took: 0.0000790 seconds
141.291: Application time: 0.0267610 seconds
141.291: [GC [PSYoungGen: 100640K->9776K(107520K)] 186688K->95824K(352768K), 0.0037760 secs] [Times: user=0.02 sys=0.00, real=0.00 secs] 
141.295: Total time for which application threads were stopped: 0.0039750 seconds, Stopping threads took: 0.0000980 seconds
141.325: Application time: 0.0294160 seconds
141.325: [GC [PSYoungGen: 101936K->9504K(107520K)] 187984K->95552K(352768K), 0.0037010 secs] [Times: user=0.02 sys=0.00, real=0.01 secs] 
141.328: Total time for which application threads were stopped: 0.0038670 seconds, Stopping threads took: 0.0000660 seconds
141.364: Application time: 0.0361140 seconds
141.365: [GC [PSYoungGen: 101664K->9376K(107520K)] 187712K->95424K(352768K), 0.0035830 secs] [Times: user=0.03 sys=0.00, real=0.00 secs] 
141.368: Total time for which application threads were stopped: 0.0037770 seconds, Stopping threads took: 0.0000930 seconds
141.402: Application time: 0.0341140 seconds
141.403: [GC [PSYoungGen: 101536K->7744K(107520K)] 187584K->93848K(352768K), 0.0032090 secs] [Times: user=0.02 sys=0.00, real=0.00 secs] 
141.406: Total time for which application threads were stopped: 0.0033800 seconds, Stopping threads took: 0.0000700 seconds
141.436: Application time: 0.0302620 seconds
141.436: [GC [PSYoungGen: 99904K->7904K(107520K)] 186008K->94008K(352768K), 0.0032080 secs] [Times: user=0.02 sys=0.00, real=0.01 secs] 
141.439: Total time for which application threads were stopped: 0.0033900 seconds, Stopping threads took: 0.0000800 seconds
141.471: Application time: 0.0310890 seconds
141.471: [GC [PSYoungGen: 100064K->8368K(107520K)] 186168K->94552K(352768K), 0.0033810 secs] [Times: user=0.02 sys=0.00, real=0.00 secs] 
141.474: Total time for which application threads were stopped: 0.0035490 seconds, Stopping threads took: 0.0000660 seconds
141.502: Application time: 0.0280680 seconds
141.502: [GC [PSYoungGen: 100528K->9568K(107520K)] 186712K->95832K(352768K), 0.0038540 secs] [Times: user=0.03 sys=0.00, real=0.00 secs] 
141.506: Total time for which application threads were stopped: 0.0040310 seconds, Stopping threads took: 0.0000730 seconds
141.533: Application time: 0.0271430 seconds
141.533: [GC [PSYoungGen: 101728K->8272K(107520K)] 187992K->94536K(352768K), 0.0031960 secs] [Times: user=0.03 sys=0.00, real=0.01 secs] 
141.537: Total time for which application threads were stopped: 0.0033950 seconds, Stopping threads took: 0.0000970 seconds
141.565: Application time: 0.0278250 seconds
141.565: [GC [PSYoungGen: 100432K->8672K(107520K)] 186696K->94936K(352768K), 0.0033240 secs] [Times: user=0.02 sys=0.00, real=0.00 secs] 
141.568: Total time for which application threads were stopped: 0.0035400 seconds, Stopping threads took: 0.0001060 seconds
141.601: Application time: 0.0325140 seconds
141.601: [GC [PSYoungGen: 100832K->10240K(107520K)] 187096K->96504K(352768K), 0.0041020 secs] [Times: user=0.02 sys=0.00, real=0.00 secs] 
141.605: Total time for which application threads were stopped: 0.0042870 seconds, Stopping threads took: 0.0000840 seconds
141.640: Application time: 0.0351820 seconds
141.640: [GC [PSYoungGen: 102400K->7984K(107520K)] 188664K->94312K(352768K), 0.0031870 secs] [Times: user=0.02 sys=0.00, real=0.00 secs] 
141.643: Total time for which application threads were stopped: 0.0033780 seconds, Stopping threads took: 0.0000910 seconds
141.676: Application time: 0.0327550 seconds
141.676: [GC [PSYoungGen: 100144K->7680K(107520K)] 186472K->94008K(352768K), 0.0030130 secs] [Times: user=0.02 sys=0.00, real=0.00 secs] 
141.679: Total time for which application threads were stopped: 0.0032060 seconds, Stopping threads took: 0.0000900 seconds
141.710: Application time: 0.0301150 seconds
141.710: [GC [PSYoungGen: 99840K->9600K(107520K)] 186168K->95928K(352768K), 0.0038920 secs] [Times: user=0.03 sys=0.00, real=0.00 secs] 
141.714: Total time for which application threads were stopped: 0.0041100 seconds, Stopping threads took: 0.0000990 seconds
141.744: Application time: 0.0301180 seconds
141.744: [GC [PSYoungGen: 101760K->7952K(107520K)] 188088K->94336K(352768K), 0.0031360 secs] [Times: user=0.02 sys=0.00, real=0.00 secs] 
141.747: Total time for which application threads were stopped: 0.0033230 seconds, Stopping threads took: 0.0000860 seconds
141.774: Application time: 0.0270020 seconds
141.776: [GC [PSYoungGen: 100112K->7888K(107520K)] 186496K->94328K(352768K), 0.0031590 secs] [Times: user=0.02 sys=0.00, real=0.00 secs] 
141.780: Total time for which application threads were stopped: 0.0055100 seconds, Stopping threads took: 0.0022510 seconds
141.805: Application time: 0.0251270 seconds
141.805: [GC [PSYoungGen: 100048K->9984K(107520K)] 186488K->96424K(352768K), 0.0038960 secs] [Times: user=0.03 sys=0.00, real=0.01 secs] 
141.809: Total time for which application threads were stopped: 0.0040730 seconds, Stopping threads took: 0.0000760 seconds
141.841: Application time: 0.0321370 seconds
141.841: [GC [PSYoungGen: 102144K->11712K(107520K)] 188584K->98152K(352768K), 0.0045740 secs] [Times: user=0.04 sys=0.00, real=0.00 secs] 
141.846: Total time for which application threads were stopped: 0.0047480 seconds, Stopping threads took: 0.0000680 seconds
141.880: Application time: 0.0347010 seconds
141.881: [GC [PSYoungGen: 103872K->9728K(107520K)] 190312K->96168K(352768K), 0.0038440 secs] [Times: user=0.03 sys=0.00, real=0.00 secs] 
141.884: Total time for which application threads were stopped: 0.0040270 seconds, Stopping threads took: 0.0000820 seconds
141.919: Application time: 0.0348740 seconds
141.919: [GC [PSYoungGen: 101888K->8048K(107520K)] 188328K->94488K(352768K), 0.0032240 secs] [Times: user=0.02 sys=0.00, real=0.00 secs] 
141.923: Total time for which application threads were stopped: 0.0033920 seconds, Stopping threads took: 0.0000670 seconds
141.953: Application time: 0.0305820 seconds
141.953: [GC [PSYoungGen: 100208K->8208K(107520K)] 186648K->94648K(352768K), 0.0032120 secs] [Times: user=0.03 sys=0.00, real=0.01 secs] 
141.957: Total time for which application threads were stopped: 0.0033950 seconds, Stopping threads took: 0.0000820 seconds
141.987: Application time: 0.0303700 seconds
141.987: [GC [PSYoungGen: 100368K->8256K(107520K)] 186808K->94696K(352768K), 0.0032310 secs] [Times: user=0.02 sys=0.00, real=0.01 secs] 
141.990: Total time for which application threads were stopped: 0.0034210 seconds, Stopping threads took: 0.0000900 seconds
142.017: Application time: 0.0270000 seconds
142.018: [GC [PSYoungGen: 100416K->7872K(107520K)] 186856K->94312K(352768K), 0.0031720 secs] [Times: user=0.03 sys=0.00, real=0.00 secs] 
142.021: Total time for which application threads were stopped: 0.0033920 seconds, Stopping threads took: 0.0001190 seconds
142.048: Application time: 0.0269030 seconds
142.048: [GC [PSYoungGen: 100032K->7760K(107520K)] 186472K->94200K(352768K), 0.0030830 secs] [Times: user=0.02 sys=0.00, real=0.01 secs] 
142.051: Total time for which application threads were stopped: 0.0032670 seconds, Stopping threads took: 0.0000840 seconds
142.081: Application time: 0.0298070 seconds
142.081: [GC [PSYoungGen: 99920K->10256K(107520K)] 186360K->96696K(352768K), 0.0039720 secs] [Times: user=0.03 sys=0.00, real=0.00 secs] 
142.085: Total time for which application threads were stopped: 0.0041790 seconds, Stopping threads took: 0.0001060 seconds
142.118: Application time: 0.0329420 seconds
142.118: [GC [PSYoungGen: 102416K->8128K(107520K)] 188856K->94568K(352768K), 0.0032180 secs] [Times: user=0.02 sys=0.00, real=0.00 secs] 
142.121: Total time for which application threads were stopped: 0.0034040 seconds, Stopping threads took: 0.0000870 seconds
142.158: Application time: 0.0369040 seconds
142.158: [GC [PSYoungGen: 100288K->7936K(107520K)] 186728K->94376K(352768K), 0.0032120 secs] [Times: user=0.02 sys=0.00, real=0.00 secs] 
142.162: Total time for which application threads were stopped: 0.0034040 seconds, Stopping threads took: 0.0000910 seconds
142.192: Application time: 0.0306200 seconds
142.192: [GC [PSYoungGen: 100096K->7712K(107520K)] 186536K->94208K(352768K), 0.0032180 secs] [Times: user=0.01 sys=0.00, real=0.00 secs] 
142.196: Total time for which application threads were stopped: 0.0034090 seconds, Stopping threads took: 0.0000910 seconds
142.227: Application time: 0.0315890 seconds
142.227: [GC [PSYoungGen: 99872K->9488K(107520K)] 186368K->96080K(352768K), 0.0037920 secs] [Times: user=0.02 sys=0.00, real=0.01 secs] 
142.231: Total time for which application threads were stopped: 0.0039990 seconds, Stopping threads took: 0.0000840 seconds
142.260: Application time: 0.0282010 seconds
142.260: [GC [PSYoungGen: 101648K->8096K(107520K)] 188240K->94776K(352768K), 0.0031510 secs] [Times: user=0.02 sys=0.00, real=0.00 secs] 
142.263: Total time for which application threads were stopped: 0.0033430 seconds, Stopping threads took: 0.0000930 seconds
142.288: Application time: 0.0246420 seconds
142.288: [GC [PSYoungGen: 100256K->9568K(107520K)] 186936K->96248K(352768K), 0.0038350 secs] [Times: user=0.02 sys=0.00, real=0.01 secs] 
142.292: Total time for which application threads were stopped: 0.0040300 seconds, Stopping threads took: 0.0000950 seconds
142.320: Application time: 0.0280490 seconds
142.320: [GC [PSYoungGen: 101728K->12144K(107520K)] 188408K->98824K(352768K), 0.0046890 secs] [Times: user=0.03 sys=0.00, real=0.00 secs] 
142.324: Total time for which application threads were stopped: 0.0048910 seconds, Stopping threads took: 0.0001000 seconds
142.358: Application time: 0.0337120 seconds
142.358: [GC [PSYoungGen: 104304K->9536K(107520K)] 190984K->96216K(352768K), 0.0036570 secs] [Times: user=0.02 sys=0.00, real=0.00 secs] 
142.362: Total time for which application threads were stopped: 0.0038530 seconds, Stopping threads took: 0.0000980 seconds
142.396: Application time: 0.0342010 seconds
142.396: [GC [PSYoungGen: 101696K->9328K(107520K)] 188376K->96064K(352768K), 0.0037540 secs] [Times: user=0.02 sys=0.00, real=0.00 secs] 
142.400: Total time for which application threads were stopped: 0.0039450 seconds, Stopping threads took: 0.0000880 seconds
142.435: Application time: 0.0345720 seconds
142.435: [GC [PSYoungGen: 101488K->7728K(107520K)] 188224K->94464K(352768K), 0.0030770 secs] [Times: user=0.02 sys=0.00, real=0.01 secs] 
142.438: Total time for which application threads were stopped: 0.0032440 seconds, Stopping threads took: 0.0000680 seconds
142.468: Application time: 0.0304360 seconds
142.472: [GC [PSYoungGen: 99888K->7600K(107520K)] 186624K->94336K(352768K), 0.0030310 secs] [Times: user=0.02 sys=0.01, real=0.00 secs] 
142.475: Total time for which application threads were stopped: 0.0070190 seconds, Stopping threads took: 0.0038890 seconds
142.505: Application time: 0.0295630 seconds
142.505: [GC [PSYoungGen: 99760K->8224K(107520K)] 186496K->95008K(352768K), 0.0032710 secs] [Times: user=0.02 sys=0.00, real=0.01 secs] 
142.509: Total time for which application threads were stopped: 0.0034860 seconds, Stopping threads took: 0.0001140 seconds
142.535: Application time: 0.0261440 seconds
142.535: [GC [PSYoungGen: 100384K->7840K(107520K)] 187168K->94624K(352768K), 0.0031420 secs] [Times: user=0.03 sys=0.00, real=0.01 secs] 
142.538: Total time for which application threads were stopped: 0.0033420 seconds, Stopping threads took: 0.0000980 seconds
142.564: Application time: 0.0263480 seconds
142.565: [GC [PSYoungGen: 100000K->9504K(107520K)] 186784K->96336K(352768K), 0.0038820 secs] [Times: user=0.02 sys=0.00, real=0.01 secs] 
142.568: Total time for which application threads were stopped: 0.0040850 seconds, Stopping threads took: 0.0001010 seconds
142.600: Application time: 0.0319830 seconds
142.601: [GC [PSYoungGen: 101664K->12000K(107520K)] 188496K->98832K(352768K), 0.0047760 secs] [Times: user=0.03 sys=0.00, real=0.00 secs] 
142.605: Total time for which application threads were stopped: 0.0049590 seconds, Stopping threads took: 0.0000830 seconds
142.637: Application time: 0.0320480 seconds
142.638: [GC [PSYoungGen: 104160K->8624K(107520K)] 190992K->95456K(352768K), 0.0033270 secs] [Times: user=0.02 sys=0.00, real=0.00 secs] 
142.641: Total time for which application threads were stopped: 0.0034970 seconds, Stopping threads took: 0.0000690 seconds
142.678: Application time: 0.0374510 seconds
142.679: [GC [PSYoungGen: 100784K->8128K(107520K)] 187616K->94960K(352768K), 0.0032960 secs] [Times: user=0.02 sys=0.00, real=0.00 secs] 
142.682: Total time for which application threads were stopped: 0.0034690 seconds, Stopping threads took: 0.0000720 seconds
142.712: Application time: 0.0302380 seconds
142.716: [GC [PSYoungGen: 100288K->7968K(107520K)] 187120K->94800K(352768K), 0.0031290 secs] [Times: user=0.02 sys=0.00, real=0.00 secs] 
142.720: Total time for which application threads were stopped: 0.0074520 seconds, Stopping threads took: 0.0042250 seconds
142.750: Application time: 0.0304560 seconds
142.750: [GC [PSYoungGen: 100128K->9616K(107520K)] 186960K->96448K(352768K), 0.0039670 secs] [Times: user=0.02 sys=0.00, real=0.00 secs] 
142.754: Total time for which application threads were stopped: 0.0042020 seconds, Stopping threads took: 0.0001170 seconds
142.781: Application time: 0.0270710 seconds
142.781: [GC [PSYoungGen: 101776K->8160K(107520K)] 188608K->94992K(352768K), 0.0031820 secs] [Times: user=0.02 sys=0.00, real=0.00 secs] 
142.785: Total time for which application threads were stopped: 0.0034020 seconds, Stopping threads took: 0.0001230 seconds
142.810: Application time: 0.0251080 seconds
142.810: [GC [PSYoungGen: 100320K->9632K(107520K)] 187152K->96464K(352768K), 0.0038300 secs] [Times: user=0.03 sys=0.00, real=0.00 secs] 
142.814: Total time for which application threads were stopped: 0.0040390 seconds, Stopping threads took: 0.0001050 seconds
142.843: Application time: 0.0290860 seconds
142.843: [GC [PSYoungGen: 101792K->9520K(107520K)] 188624K->96352K(352768K), 0.0037700 secs] [Times: user=0.03 sys=0.00, real=0.00 secs] 
142.847: Total time for which application threads were stopped: 0.0039620 seconds, Stopping threads took: 0.0000890 seconds
142.881: Application time: 0.0338580 seconds
142.881: [GC [PSYoungGen: 101680K->10000K(107520K)] 188512K->96832K(352768K), 0.0038910 secs] [Times: user=0.00 sys=0.03, real=0.00 secs] 
142.885: Total time for which application threads were stopped: 0.0040650 seconds, Stopping threads took: 0.0000700 seconds
142.920: Application time: 0.0349470 seconds
142.920: [GC [PSYoungGen: 102160K->9584K(107520K)] 188992K->96416K(352768K), 0.0039020 secs] [Times: user=0.03 sys=0.00, real=0.00 secs] 
142.924: Total time for which application threads were stopped: 0.0040960 seconds, Stopping threads took: 0.0000940 seconds
142.956: Application time: 0.0323040 seconds
142.956: [GC [PSYoungGen: 101744K->7904K(107520K)] 188576K->94784K(352768K), 0.0031640 secs] [Times: user=0.02 sys=0.00, real=0.00 secs] 
142.960: Total time for which application threads were stopped: 0.0033570 seconds, Stopping threads took: 0.0000730 seconds
142.991: Application time: 0.0317060 seconds
142.991: [GC [PSYoungGen: 100064K->7696K(107520K)] 186944K->94664K(352768K), 0.0030950 secs] [Times: user=0.02 sys=0.00, real=0.00 secs] 
142.995: Total time for which application threads were stopped: 0.0032770 seconds, Stopping threads took: 0.0000820 seconds
143.023: Application time: 0.0285530 seconds
143.024: [GC [PSYoungGen: 99856K->7728K(107520K)] 186824K->94736K(352768K), 0.0032250 secs] [Times: user=0.02 sys=0.00, real=0.00 secs] 
143.028: Total time for which application threads were stopped: 0.0045440 seconds, Stopping threads took: 0.0012210 seconds
143.054: Application time: 0.0262170 seconds
143.054: [GC [PSYoungGen: 99888K->7712K(107520K)] 186896K->94760K(352768K), 0.0030540 secs] [Times: user=0.02 sys=0.00, real=0.01 secs] 
143.057: Total time for which application threads were stopped: 0.0032450 seconds, Stopping threads took: 0.0000920 seconds
143.084: Application time: 0.0272210 seconds
143.084: [GC [PSYoungGen: 99872K->8592K(107520K)] 186920K->95640K(352768K), 0.0033140 secs] [Times: user=0.03 sys=0.00, real=0.00 secs] 
143.088: Total time for which application threads were stopped: 0.0034940 seconds, Stopping threads took: 0.0000790 seconds
143.121: Application time: 0.0327280 seconds
143.121: [GC [PSYoungGen: 100752K->10576K(107520K)] 187800K->97624K(352768K), 0.0040770 secs] [Times: user=0.02 sys=0.00, real=0.00 secs] 
143.125: Total time for which application threads were stopped: 0.0042790 seconds, Stopping threads took: 0.0000990 seconds
143.157: Application time: 0.0320750 seconds
143.157: [GC [PSYoungGen: 102736K->7920K(107520K)] 189784K->95016K(352768K), 0.0031780 secs] [Times: user=0.02 sys=0.00, real=0.00 secs] 
143.160: Total time for which application threads were stopped: 0.0033500 seconds, Stopping threads took: 0.0000730 seconds
143.197: Application time: 0.0370650 seconds
143.197: [GC [PSYoungGen: 100080K->7792K(107520K)] 187176K->94888K(352768K), 0.0031500 secs] [Times: user=0.02 sys=0.00, real=0.00 secs] 
143.201: Total time for which application threads were stopped: 0.0033280 seconds, Stopping threads took: 0.0000800 seconds
143.231: Application time: 0.0306160 seconds
143.231: [GC [PSYoungGen: 99952K->7776K(107520K)] 187048K->94872K(352768K), 0.0032500 secs] [Times: user=0.03 sys=0.00, real=0.00 secs] 
143.235: Total time for which application threads were stopped: 0.0034200 seconds, Stopping threads took: 0.0000720 seconds
143.266: Application time: 0.0308220 seconds
143.266: [GC [PSYoungGen: 99936K->8224K(107520K)] 187032K->95369K(352768K), 0.0032790 secs] [Times: user=0.02 sys=0.00, real=0.01 secs] 
143.269: Total time for which application threads were stopped: 0.0034650 seconds, Stopping threads took: 0.0000680 seconds
143.296: Application time: 0.0266060 seconds
143.296: [GC [PSYoungGen: 100384K->7904K(107520K)] 187529K->95049K(352768K), 0.0032230 secs] [Times: user=0.02 sys=0.00, real=0.01 secs] 
143.299: Total time for which application threads were stopped: 0.0033990 seconds, Stopping threads took: 0.0000760 seconds
143.324: Application time: 0.0253120 seconds
143.324: [GC [PSYoungGen: 100064K->10352K(107520K)] 187209K->97545K(352768K), 0.0041300 secs] [Times: user=0.03 sys=0.00, real=0.01 secs] 
143.329: Total time for which application threads were stopped: 0.0043310 seconds, Stopping threads took: 0.0000960 seconds
143.359: Application time: 0.0304050 seconds
143.359: [GC [PSYoungGen: 102512K->7792K(107520K)] 189705K->94985K(352768K), 0.0030240 secs] [Times: user=0.02 sys=0.00, real=0.00 secs] 
143.362: Total time for which application threads were stopped: 0.0031980 seconds, Stopping threads took: 0.0000770 seconds
143.395: Application time: 0.0330820 seconds
143.396: [GC [PSYoungGen: 99952K->8688K(107520K)] 187145K->95881K(352768K), 0.0032520 secs] [Times: user=0.02 sys=0.00, real=0.01 secs] 
143.399: Total time for which application threads were stopped: 0.0034400 seconds, Stopping threads took: 0.0000850 seconds
143.435: Application time: 0.0362630 seconds
143.435: [GC [PSYoungGen: 100848K->7744K(107520K)] 188041K->94937K(352768K), 0.0031040 secs] [Times: user=0.02 sys=0.00, real=0.01 secs] 
143.438: Total time for which application threads were stopped: 0.0032960 seconds, Stopping threads took: 0.0000930 seconds
143.469: Application time: 0.0306660 seconds
143.469: [GC [PSYoungGen: 99904K->7984K(107520K)] 187097K->95177K(352768K), 0.0032120 secs] [Times: user=0.02 sys=0.00, real=0.00 secs] 
143.472: Total time for which application threads were stopped: 0.0033960 seconds, Stopping threads took: 0.0000840 seconds
143.505: Application time: 0.0328000 seconds
143.505: [GC [PSYoungGen: 100144K->9824K(107520K)] 187337K->97017K(352768K), 0.0039210 secs] [Times: user=0.02 sys=0.00, real=0.01 secs] 
143.509: Total time for which application threads were stopped: 0.0040890 seconds, Stopping threads took: 0.0000680 seconds
143.536: Application time: 0.0270210 seconds
143.536: [GC [PSYoungGen: 101984K->8128K(107520K)] 189177K->95321K(352768K), 0.0032820 secs] [Times: user=0.02 sys=0.00, real=0.00 secs] 
143.540: Total time for which application threads were stopped: 0.0034590 seconds, Stopping threads took: 0.0000770 seconds
143.569: Application time: 0.0296790 seconds
143.570: [GC [PSYoungGen: 100288K->9760K(107520K)] 187481K->96953K(352768K), 0.0039170 secs] [Times: user=0.02 sys=0.00, real=0.00 secs] 
143.574: Total time for which application threads were stopped: 0.0040880 seconds, Stopping threads took: 0.0000700 seconds
143.598: Application time: 0.0248220 seconds
143.599: [GC [PSYoungGen: 101920K->8352K(107520K)] 189113K->95545K(352768K), 0.0032710 secs] [Times: user=0.02 sys=0.00, real=0.00 secs] 
143.602: Total time for which application threads were stopped: 0.0034510 seconds, Stopping threads took: 0.0000810 seconds
143.632: Application time: 0.0302310 seconds
143.632: [GC [PSYoungGen: 100512K->13344K(107520K)] 187705K->100537K(352768K), 0.0052330 secs] [Times: user=0.03 sys=0.00, real=0.01 secs] 
143.638: Total time for which application threads were stopped: 0.0054400 seconds, Stopping threads took: 0.0001060 seconds
143.674: Application time: 0.0364710 seconds
143.674: [GC [PSYoungGen: 105504K->8688K(107520K)] 192697K->95881K(352768K), 0.0034960 secs] [Times: user=0.02 sys=0.00, real=0.01 secs] 
143.678: Total time for which application threads were stopped: 0.0036930 seconds, Stopping threads took: 0.0000970 seconds
143.711: Application time: 0.0330620 seconds
143.712: [GC [PSYoungGen: 100848K->8128K(107520K)] 188041K->95321K(352768K), 0.0032840 secs] [Times: user=0.03 sys=0.00, real=0.00 secs] 
143.716: Total time for which application threads were stopped: 0.0050030 seconds, Stopping threads took: 0.0016180 seconds
143.751: Application time: 0.0351860 seconds
143.751: [GC [PSYoungGen: 100288K->7856K(107520K)] 187481K->95137K(352768K), 0.0031660 secs] [Times: user=0.02 sys=0.00, real=0.00 secs] 
143.754: Total time for which application threads were stopped: 0.0033460 seconds, Stopping threads took: 0.0000820 seconds
143.781: Application time: 0.0268760 seconds
143.781: [GC [PSYoungGen: 100016K->7856K(107520K)] 187297K->95225K(352768K), 0.0031610 secs] [Times: user=0.03 sys=0.00, real=0.00 secs] 
143.785: Total time for which application threads were stopped: 0.0033770 seconds, Stopping threads took: 0.0000980 seconds
143.812: Application time: 0.0275470 seconds
143.812: [GC [PSYoungGen: 100016K->7648K(107520K)] 187385K->95065K(352768K), 0.0030950 secs] [Times: user=0.02 sys=0.00, real=0.00 secs] 
143.815: Total time for which application threads were stopped: 0.0032970 seconds, Stopping threads took: 0.0001040 seconds
143.842: Application time: 0.0269300 seconds
143.844: [GC [PSYoungGen: 99808K->9968K(107520K)] 187225K->97385K(352768K), 0.0038910 secs] [Times: user=0.02 sys=0.01, real=0.01 secs] 
143.848: Total time for which application threads were stopped: 0.0059930 seconds, Stopping threads took: 0.0019940 seconds
143.875: Application time: 0.0270240 seconds
143.876: [GC [PSYoungGen: 102128K->7536K(107520K)] 189545K->94953K(352768K), 0.0030170 secs] [Times: user=0.02 sys=0.00, real=0.01 secs] 
143.879: Total time for which application threads were stopped: 0.0032180 seconds, Stopping threads took: 0.0001020 seconds
143.916: Application time: 0.0375190 seconds
143.916: [GC [PSYoungGen: 99696K->9792K(107520K)] 187113K->97209K(352768K), 0.0038970 secs] [Times: user=0.02 sys=0.00, real=0.00 secs] 
143.920: Total time for which application threads were stopped: 0.0041510 seconds, Stopping threads took: 0.0000790 seconds
143.956: Application time: 0.0357270 seconds
143.956: [GC [PSYoungGen: 101952K->7712K(107520K)] 189369K->95185K(352768K), 0.0031600 secs] [Times: user=0.02 sys=0.00, real=0.01 secs] 
143.959: Total time for which application threads were stopped: 0.0033700 seconds, Stopping threads took: 0.0001100 seconds
143.989: Application time: 0.0300180 seconds
143.990: [GC [PSYoungGen: 99872K->7936K(107520K)] 187345K->95409K(352768K), 0.0032180 secs] [Times: user=0.02 sys=0.00, real=0.00 secs] 
143.993: Total time for which application threads were stopped: 0.0033920 seconds, Stopping threads took: 0.0000740 seconds
144.025: Application time: 0.0322360 seconds
144.025: [GC [PSYoungGen: 100096K->8272K(107520K)] 187569K->95745K(352768K), 0.0032900 secs] [Times: user=0.03 sys=0.00, real=0.01 secs] 
144.028: Total time for which application threads were stopped: 0.0034770 seconds, Stopping threads took: 0.0000850 seconds
144.057: Application time: 0.0281260 seconds
144.057: [GC [PSYoungGen: 100432K->8256K(107520K)] 187905K->95785K(352768K), 0.0032420 secs] [Times: user=0.02 sys=0.00, real=0.00 secs] 
144.060: Total time for which application threads were stopped: 0.0034400 seconds, Stopping threads took: 0.0000980 seconds
144.089: Application time: 0.0284880 seconds
144.089: [GC [PSYoungGen: 100416K->8208K(107520K)] 187945K->95777K(352768K), 0.0033010 secs] [Times: user=0.02 sys=0.00, real=0.00 secs] 
144.092: Total time for which application threads were stopped: 0.0034820 seconds, Stopping threads took: 0.0000820 seconds
144.120: Application time: 0.0277870 seconds
144.120: [GC [PSYoungGen: 100368K->8624K(107520K)] 187937K->96193K(352768K), 0.0032870 secs] [Times: user=0.02 sys=0.00, real=0.00 secs] 
144.123: Total time for which application threads were stopped: 0.0034730 seconds, Stopping threads took: 0.0000850 seconds
144.151: Application time: 0.0280630 seconds
144.152: [GC [PSYoungGen: 100784K->12048K(107520K)] 188353K->99617K(352768K), 0.0047250 secs] [Times: user=0.03 sys=0.00, real=0.00 secs] 
144.156: Total time for which application threads were stopped: 0.0049230 seconds, Stopping threads took: 0.0000960 seconds
144.194: Application time: 0.0376550 seconds
144.194: [GC [PSYoungGen: 104208K->8496K(107520K)] 191777K->96065K(352768K), 0.0033220 secs] [Times: user=0.03 sys=0.00, real=0.01 secs] 
144.197: Total time for which application threads were stopped: 0.0034990 seconds, Stopping threads took: 0.0000740 seconds
144.228: Application time: 0.0302330 seconds
144.228: [GC [PSYoungGen: 100656K->7760K(107520K)] 188225K->95329K(352768K), 0.0030340 secs] [Times: user=0.02 sys=0.00, real=0.01 secs] 
144.231: Total time for which application threads were stopped: 0.0032380 seconds, Stopping threads took: 0.0001040 seconds
144.266: Application time: 0.0353360 seconds
144.268: [GC [PSYoungGen: 99920K->9744K(107520K)] 187489K->97313K(352768K), 0.0039110 secs] [Times: user=0.02 sys=0.00, real=0.00 secs] 
144.272: Total time for which application threads were stopped: 0.0061120 seconds, Stopping threads took: 0.0020980 seconds
144.301: Application time: 0.0288320 seconds
144.301: [GC [PSYoungGen: 101904K->8016K(107520K)] 189473K->95585K(352768K), 0.0032540 secs] [Times: user=0.03 sys=0.00, real=0.00 secs] 
144.305: Total time for which application threads were stopped: 0.0034590 seconds, Stopping threads took: 0.0000820 seconds
144.335: Application time: 0.0302470 seconds
144.335: [GC [PSYoungGen: 100176K->8352K(107520K)] 187745K->95921K(352768K), 0.0032830 secs] [Times: user=0.02 sys=0.00, real=0.01 secs] 
144.338: Total time for which application threads were stopped: 0.0034780 seconds, Stopping threads took: 0.0000870 seconds
144.364: Application time: 0.0255390 seconds
144.364: [GC [PSYoungGen: 100512K->9568K(107520K)] 188081K->97137K(352768K), 0.0037710 secs] [Times: user=0.03 sys=0.00, real=0.00 secs] 
144.368: Total time for which application threads were stopped: 0.0039430 seconds, Stopping threads took: 0.0000690 seconds
144.400: Application time: 0.0325700 seconds
144.401: [GC [PSYoungGen: 101728K->11296K(107520K)] 189297K->98865K(352768K), 0.0044460 secs] [Times: user=0.03 sys=0.00, real=0.00 secs] 
144.405: Total time for which application threads were stopped: 0.0046240 seconds, Stopping threads took: 0.0000780 seconds
144.435: Application time: 0.0303910 seconds
144.436: [GC [PSYoungGen: 103456K->9408K(107520K)] 191025K->96977K(352768K), 0.0037270 secs] [Times: user=0.02 sys=0.00, real=0.01 secs] 
144.439: Total time for which application threads were stopped: 0.0039410 seconds, Stopping threads took: 0.0001130 seconds
144.476: Application time: 0.0368300 seconds
144.476: [GC [PSYoungGen: 101568K->7936K(107520K)] 189137K->95505K(352768K), 0.0031020 secs] [Times: user=0.02 sys=0.00, real=0.00 secs] 
144.480: Total time for which application threads were stopped: 0.0032790 seconds, Stopping threads took: 0.0000760 seconds
144.510: Application time: 0.0306500 seconds
144.510: [GC [PSYoungGen: 100096K->7696K(107520K)] 187665K->95313K(352768K), 0.0034790 secs] [Times: user=0.02 sys=0.00, real=0.00 secs] 
144.514: Total time for which application threads were stopped: 0.0036710 seconds, Stopping threads took: 0.0000860 seconds
144.545: Application time: 0.0309950 seconds
144.545: [GC [PSYoungGen: 99856K->8208K(107520K)] 187473K->95913K(352768K), 0.0032400 secs] [Times: user=0.02 sys=0.00, real=0.00 secs] 
144.548: Total time for which application threads were stopped: 0.0034570 seconds, Stopping threads took: 0.0001090 seconds
144.577: Application time: 0.0290670 seconds
144.578: [GC [PSYoungGen: 100368K->9520K(107520K)] 188073K->97273K(352768K), 0.0037170 secs] [Times: user=0.02 sys=0.00, real=0.00 secs] 
144.581: Total time for which application threads were stopped: 0.0039180 seconds, Stopping threads took: 0.0000980 seconds
144.609: Application time: 0.0275290 seconds
144.612: [GC [PSYoungGen: 101680K->7904K(107520K)] 189433K->95697K(352768K), 0.0031890 secs] [Times: user=0.02 sys=0.00, real=0.00 secs] 
144.616: Total time for which application threads were stopped: 0.0067900 seconds, Stopping threads took: 0.0034990 seconds
144.645: Application time: 0.0292910 seconds
144.645: [GC [PSYoungGen: 100064K->9392K(107520K)] 187857K->97185K(352768K), 0.0036950 secs] [Times: user=0.01 sys=0.01, real=0.01 secs] 
144.649: Total time for which application threads were stopped: 0.0039080 seconds, Stopping threads took: 0.0001100 seconds
144.678: Application time: 0.0295220 seconds
144.678: [GC [PSYoungGen: 101552K->9680K(107520K)] 189345K->97529K(352768K), 0.0037180 secs] [Times: user=0.03 sys=0.00, real=0.00 secs] 
144.682: Total time for which application threads were stopped: 0.0038980 seconds, Stopping threads took: 0.0000770 seconds
144.719: Application time: 0.0364480 seconds
144.719: [GC [PSYoungGen: 101840K->8160K(107520K)] 189689K->96009K(352768K), 0.0033120 secs] [Times: user=0.02 sys=0.00, real=0.00 secs] 
144.722: Total time for which application threads were stopped: 0.0035210 seconds, Stopping threads took: 0.0001110 seconds
144.754: Application time: 0.0321330 seconds
144.755: [GC [PSYoungGen: 100320K->7648K(107520K)] 188169K->95497K(352768K), 0.0031430 secs] [Times: user=0.02 sys=0.00, real=0.01 secs] 
144.758: Total time for which application threads were stopped: 0.0033520 seconds, Stopping threads took: 0.0001110 seconds
144.788: Application time: 0.0302030 seconds
144.788: [GC [PSYoungGen: 99808K->8352K(107520K)] 187657K->96201K(352768K), 0.0033440 secs] [Times: user=0.02 sys=0.00, real=0.01 secs] 
144.791: Total time for which application threads were stopped: 0.0035250 seconds, Stopping threads took: 0.0000810 seconds
144.825: Application time: 0.0331090 seconds
144.825: [GC [PSYoungGen: 100512K->9680K(107520K)] 188361K->97585K(352768K), 0.0037420 secs] [Times: user=0.03 sys=0.00, real=0.01 secs] 
144.828: Total time for which application threads were stopped: 0.0039250 seconds, Stopping threads took: 0.0000630 seconds
144.854: Application time: 0.0253700 seconds
144.854: [GC [PSYoungGen: 101840K->8016K(107520K)] 189745K->95921K(352768K), 0.0032330 secs] [Times: user=0.02 sys=0.00, real=0.01 secs] 
144.857: Total time for which application threads were stopped: 0.0034340 seconds, Stopping threads took: 0.0001030 seconds
144.884: Application time: 0.0272010 seconds
144.885: [GC [PSYoungGen: 100176K->8208K(107520K)] 188081K->96169K(352768K), 0.0031850 secs] [Times: user=0.02 sys=0.00, real=0.00 secs] 
144.888: Total time for which application threads were stopped: 0.0033500 seconds, Stopping threads took: 0.0000660 seconds
144.919: Application time: 0.0310110 seconds
144.920: [GC [PSYoungGen: 100368K->10240K(107520K)] 188329K->98201K(352768K), 0.0039470 secs] [Times: user=0.02 sys=0.00, real=0.00 secs] 
144.924: Total time for which application threads were stopped: 0.0055310 seconds, Stopping threads took: 0.0014810 seconds
144.957: Application time: 0.0330020 seconds
144.958: [GC [PSYoungGen: 102400K->11312K(107520K)] 190361K->99273K(352768K), 0.0047110 secs] [Times: user=0.03 sys=0.00, real=0.00 secs] 
144.962: Total time for which application threads were stopped: 0.0048980 seconds, Stopping threads took: 0.0000840 seconds
144.998: Application time: 0.0356480 seconds
144.998: [GC [PSYoungGen: 103472K->7952K(107520K)] 191433K->95913K(352768K), 0.0031420 secs] [Times: user=0.02 sys=0.00, real=0.00 secs] 
145.001: Total time for which application threads were stopped: 0.0033130 seconds, Stopping threads took: 0.0000740 seconds
145.031: Application time: 0.0301190 seconds
145.032: [GC [PSYoungGen: 100112K->7904K(107520K)] 188073K->95865K(352768K), 0.0031570 secs] [Times: user=0.02 sys=0.00, real=0.00 secs] 
145.035: Total time for which application threads were stopped: 0.0033540 seconds, Stopping threads took: 0.0000950 seconds
145.066: Application time: 0.0316370 seconds
145.067: [GC [PSYoungGen: 100064K->8208K(107520K)] 188025K->96169K(352768K), 0.0032850 secs] [Times: user=0.02 sys=0.00, real=0.01 secs] 
145.070: Total time for which application threads were stopped: 0.0034600 seconds, Stopping threads took: 0.0000750 seconds
145.099: Application time: 0.0292110 seconds
145.099: [GC [PSYoungGen: 100368K->8000K(107520K)] 188329K->95961K(352768K), 0.0032320 secs] [Times: user=0.02 sys=0.00, real=0.00 secs] 
145.102: Total time for which application threads were stopped: 0.0034140 seconds, Stopping threads took: 0.0000830 seconds
145.128: Application time: 0.0252470 seconds
145.128: [GC [PSYoungGen: 100160K->7952K(107520K)] 188121K->95913K(352768K), 0.0030780 secs] [Times: user=0.02 sys=0.00, real=0.01 secs] 
145.131: Total time for which application threads were stopped: 0.0032560 seconds, Stopping threads took: 0.0000780 seconds
145.163: Application time: 0.0317180 seconds
145.163: [GC [PSYoungGen: 100112K->10288K(107520K)] 188073K->98249K(352768K), 0.0041460 secs] [Times: user=0.02 sys=0.00, real=0.00 secs] 
145.167: Total time for which application threads were stopped: 0.0044030 seconds, Stopping threads took: 0.0001440 seconds
145.203: Application time: 0.0355770 seconds
145.203: [GC [PSYoungGen: 102448K->9216K(107520K)] 190409K->97177K(352768K), 0.0036150 secs] [Times: user=0.02 sys=0.00, real=0.00 secs] 
145.206: Total time for which application threads were stopped: 0.0038040 seconds, Stopping threads took: 0.0000870 seconds
145.242: Application time: 0.0356740 seconds
145.242: [GC [PSYoungGen: 101376K->10016K(107520K)] 189337K->97977K(352768K), 0.0055700 secs] [Times: user=0.04 sys=0.00, real=0.00 secs] 
145.248: Total time for which application threads were stopped: 0.0057480 seconds, Stopping threads took: 0.0000740 seconds
145.279: Application time: 0.0313370 seconds
145.279: [GC [PSYoungGen: 102176K->7888K(107520K)] 190137K->95905K(352768K), 0.0031510 secs] [Times: user=0.02 sys=0.00, real=0.00 secs] 
145.283: Total time for which application threads were stopped: 0.0033580 seconds, Stopping threads took: 0.0001090 seconds
145.314: Application time: 0.0314470 seconds
145.314: [GC [PSYoungGen: 100048K->8272K(107520K)] 188065K->96385K(352768K), 0.0033010 secs] [Times: user=0.02 sys=0.00, real=0.01 secs] 
145.318: Total time for which application threads were stopped: 0.0034840 seconds, Stopping threads took: 0.0000830 seconds
145.347: Application time: 0.0294980 seconds
145.347: [GC [PSYoungGen: 100432K->8416K(107520K)] 188545K->96577K(352768K), 0.0032490 secs] [Times: user=0.02 sys=0.00, real=0.01 secs] 
145.351: Total time for which application threads were stopped: 0.0034750 seconds, Stopping threads took: 0.0001110 seconds
145.378: Application time: 0.0272790 seconds
145.378: [GC [PSYoungGen: 100576K->7904K(107520K)] 188737K->96113K(352768K), 0.0032710 secs] [Times: user=0.02 sys=0.00, real=0.00 secs] 
145.381: Total time for which application threads were stopped: 0.0034810 seconds, Stopping threads took: 0.0001100 seconds
145.411: Application time: 0.0299410 seconds
145.411: [GC [PSYoungGen: 100064K->8240K(107520K)] 188273K->96449K(352768K), 0.0031330 secs] [Times: user=0.02 sys=0.00, real=0.00 secs] 
145.415: Total time for which application threads were stopped: 0.0033140 seconds, Stopping threads took: 0.0000790 seconds
145.442: Application time: 0.0275680 seconds
145.442: [GC [PSYoungGen: 100400K->11264K(107520K)] 188609K->99473K(352768K), 0.0044110 secs] [Times: user=0.03 sys=0.00, real=0.00 secs] 
145.447: Total time for which application threads were stopped: 0.0046020 seconds, Stopping threads took: 0.0000870 seconds
145.483: Application time: 0.0360400 seconds
145.484: [GC [PSYoungGen: 103424K->9952K(107520K)] 191633K->98217K(352768K), 0.0039340 secs] [Times: user=0.03 sys=0.00, real=0.01 secs] 
145.488: Total time for which application threads were stopped: 0.0056260 seconds, Stopping threads took: 0.0015900 seconds
145.522: Application time: 0.0336600 seconds
145.522: [GC [PSYoungGen: 102112K->7776K(107520K)] 190377K->96041K(352768K), 0.0030790 secs] [Times: user=0.02 sys=0.00, real=0.00 secs] 
145.525: Total time for which application threads were stopped: 0.0032580 seconds, Stopping threads took: 0.0000810 seconds
145.556: Application time: 0.0303970 seconds
145.556: [GC [PSYoungGen: 99936K->8128K(107520K)] 188201K->96393K(352768K), 0.0032040 secs] [Times: user=0.02 sys=0.00, real=0.01 secs] 
145.559: Total time for which application threads were stopped: 0.0033960 seconds, Stopping threads took: 0.0000940 seconds
145.589: Application time: 0.0302620 seconds
145.589: [GC [PSYoungGen: 100288K->8400K(107520K)] 188553K->96665K(352768K), 0.0033650 secs] [Times: user=0.02 sys=0.00, real=0.00 secs] 
145.593: Total time for which application threads were stopped: 0.0035340 seconds, Stopping threads took: 0.0000710 seconds
145.619: Application time: 0.0265840 seconds
145.620: [GC [PSYoungGen: 100560K->9648K(107520K)] 188825K->98001K(352768K), 0.0037660 secs] [Times: user=0.03 sys=0.00, real=0.00 secs] 
145.623: Total time for which application threads were stopped: 0.0039590 seconds, Stopping threads took: 0.0000910 seconds
145.652: Application time: 0.0282860 seconds
145.652: [GC [PSYoungGen: 101808K->9552K(107520K)] 190161K->97905K(352768K), 0.0038060 secs] [Times: user=0.03 sys=0.00, real=0.00 secs] 
145.656: Total time for which application threads were stopped: 0.0039970 seconds, Stopping threads took: 0.0000870 seconds
145.686: Application time: 0.0307450 seconds
145.687: [GC [PSYoungGen: 101712K->8000K(107520K)] 190065K->96353K(352768K), 0.0031840 secs] [Times: user=0.02 sys=0.00, real=0.01 secs] 
145.690: Total time for which application threads were stopped: 0.0033810 seconds, Stopping threads took: 0.0000970 seconds
145.721: Application time: 0.0314950 seconds
145.721: [GC [PSYoungGen: 100160K->8656K(107520K)] 188513K->97009K(352768K), 0.0033690 secs] [Times: user=0.02 sys=0.00, real=0.00 secs] 
145.725: Total time for which application threads were stopped: 0.0035550 seconds, Stopping threads took: 0.0000780 seconds
145.761: Application time: 0.0356310 seconds
145.761: [GC [PSYoungGen: 100816K->7696K(107520K)] 189169K->96049K(352768K), 0.0030510 secs] [Times: user=0.02 sys=0.00, real=0.00 secs] 
145.764: Total time for which application threads were stopped: 0.0032270 seconds, Stopping threads took: 0.0000770 seconds
145.794: Application time: 0.0306970 seconds
145.795: [GC [PSYoungGen: 99856K->7760K(107520K)] 188209K->96113K(352768K), 0.0031500 secs] [Times: user=0.02 sys=0.00, real=0.01 secs] 
145.798: Total time for which application threads were stopped: 0.0033450 seconds, Stopping threads took: 0.0000940 seconds
145.829: Application time: 0.0311950 seconds
145.829: [GC [PSYoungGen: 99920K->9536K(107520K)] 188273K->97889K(352768K), 0.0037690 secs] [Times: user=0.03 sys=0.00, real=0.00 secs] 
145.833: Total time for which application threads were stopped: 0.0039750 seconds, Stopping threads took: 0.0001030 seconds
145.862: Application time: 0.0290990 seconds
145.862: [GC [PSYoungGen: 101696K->8960K(107520K)] 190049K->97313K(352768K), 0.0034290 secs] [Times: user=0.02 sys=0.00, real=0.00 secs] 
145.866: Total time for which application threads were stopped: 0.0036340 seconds, Stopping threads took: 0.0000880 seconds
145.893: Application time: 0.0276970 seconds
145.894: [GC [PSYoungGen: 101120K->8464K(107520K)] 189473K->96817K(352768K), 0.0034360 secs] [Times: user=0.01 sys=0.00, real=0.01 secs] 
145.897: Total time for which application threads were stopped: 0.0036190 seconds, Stopping threads took: 0.0000830 seconds
145.924: Application time: 0.0273160 seconds
145.925: [GC [PSYoungGen: 100624K->10048K(107520K)] 188977K->98401K(352768K), 0.0039770 secs] [Times: user=0.03 sys=0.00, real=0.01 secs] 
145.929: Total time for which application threads were stopped: 0.0041490 seconds, Stopping threads took: 0.0000690 seconds
145.959: Application time: 0.0302810 seconds
145.959: [GC [PSYoungGen: 102208K->10592K(107520K)] 190561K->98945K(352768K), 0.0039850 secs] [Times: user=0.03 sys=0.00, real=0.00 secs] 
145.963: Total time for which application threads were stopped: 0.0041680 seconds, Stopping threads took: 0.0000800 seconds
146.000: Application time: 0.0365680 seconds
146.000: [GC [PSYoungGen: 102752K->8304K(107520K)] 191105K->96657K(352768K), 0.0032980 secs] [Times: user=0.02 sys=0.00, real=0.00 secs] 
146.003: Total time for which application threads were stopped: 0.0034950 seconds, Stopping threads took: 0.0000950 seconds
146.034: Application time: 0.0314050 seconds
146.035: [GC [PSYoungGen: 100464K->7952K(107520K)] 188817K->96353K(352768K), 0.0032300 secs] [Times: user=0.02 sys=0.00, real=0.01 secs] 
146.038: Total time for which application threads were stopped: 0.0034180 seconds, Stopping threads took: 0.0000880 seconds
146.071: Application time: 0.0329620 seconds
146.071: [GC [PSYoungGen: 100112K->8448K(107520K)] 188513K->96945K(352768K), 0.0033400 secs] [Times: user=0.02 sys=0.00, real=0.00 secs] 
146.074: Total time for which application threads were stopped: 0.0035510 seconds, Stopping threads took: 0.0001090 seconds
146.104: Application time: 0.0296690 seconds
146.104: [GC [PSYoungGen: 100608K->7904K(107520K)] 189105K->96449K(352768K), 0.0031170 secs] [Times: user=0.02 sys=0.00, real=0.00 secs] 
146.107: Total time for which application threads were stopped: 0.0032940 seconds, Stopping threads took: 0.0000770 seconds
146.134: Application time: 0.0266620 seconds
146.134: [GC [PSYoungGen: 100064K->8064K(107520K)] 188609K->96609K(352768K), 0.0031430 secs] [Times: user=0.02 sys=0.00, real=0.01 secs] 
146.137: Total time for which application threads were stopped: 0.0033260 seconds, Stopping threads took: 0.0000860 seconds
146.164: Application time: 0.0264790 seconds
146.164: [GC [PSYoungGen: 100224K->9616K(107520K)] 188769K->98209K(352768K), 0.0037480 secs] [Times: user=0.02 sys=0.00, real=0.00 secs] 
146.168: Total time for which application threads were stopped: 0.0039500 seconds, Stopping threads took: 0.0001010 seconds
146.197: Application time: 0.0296680 seconds
146.200: [GC [PSYoungGen: 101776K->9936K(107520K)] 190369K->98530K(352768K), 0.0039240 secs] [Times: user=0.03 sys=0.00, real=0.00 secs] 
146.204: Total time for which application threads were stopped: 0.0069500 seconds, Stopping threads took: 0.0029210 seconds
146.239: Application time: 0.0342960 seconds
146.239: [GC [PSYoungGen: 102096K->10368K(107520K)] 190690K->99017K(352768K), 0.0041080 secs] [Times: user=0.02 sys=0.00, real=0.00 secs] 
146.243: Total time for which application threads were stopped: 0.0043090 seconds, Stopping threads took: 0.0001000 seconds
146.278: Application time: 0.0354110 seconds
146.279: [GC [PSYoungGen: 102528K->7664K(107520K)] 191177K->96313K(352768K), 0.0030460 secs] [Times: user=0.03 sys=0.00, real=0.00 secs] 
146.282: Total time for which application threads were stopped: 0.0032580 seconds, Stopping threads took: 0.0001110 seconds
146.313: Application time: 0.0314980 seconds
146.313: [GC [PSYoungGen: 99824K->7760K(107520K)] 188473K->96409K(352768K), 0.0032980 secs] [Times: user=0.01 sys=0.00, real=0.01 secs] 
146.317: Total time for which application threads were stopped: 0.0034700 seconds, Stopping threads took: 0.0000780 seconds
146.347: Application time: 0.0303990 seconds
146.348: [GC [PSYoungGen: 99920K->8240K(107520K)] 188569K->96890K(352768K), 0.0032850 secs] [Times: user=0.02 sys=0.00, real=0.00 secs] 
146.352: Total time for which application threads were stopped: 0.0046770 seconds, Stopping threads took: 0.0012900 seconds
146.380: Application time: 0.0278880 seconds
146.380: [GC [PSYoungGen: 100400K->8336K(107520K)] 189050K->97033K(352768K), 0.0032380 secs] [Times: user=0.02 sys=0.00, real=0.00 secs] 
146.383: Total time for which application threads were stopped: 0.0034610 seconds, Stopping threads took: 0.0001000 seconds
146.410: Application time: 0.0272900 seconds
146.412: [GC [PSYoungGen: 100496K->7680K(107520K)] 189193K->96434K(352768K), 0.0031730 secs] [Times: user=0.03 sys=0.00, real=0.00 secs] 
146.416: Total time for which application threads were stopped: 0.0052680 seconds, Stopping threads took: 0.0019980 seconds
146.445: Application time: 0.0290880 seconds
146.445: [GC [PSYoungGen: 99840K->9584K(107520K)] 188594K->98338K(352768K), 0.0037480 secs] [Times: user=0.02 sys=0.00, real=0.01 secs] 
146.449: Total time for which application threads were stopped: 0.0039370 seconds, Stopping threads took: 0.0000850 seconds
146.479: Application time: 0.0302480 seconds
146.479: [GC [PSYoungGen: 101744K->9632K(107520K)] 190498K->98385K(352768K), 0.0037380 secs] [Times: user=0.03 sys=0.00, real=0.00 secs] 
146.483: Total time for which application threads were stopped: 0.0039460 seconds, Stopping threads took: 0.0001040 seconds
146.520: Application time: 0.0370450 seconds
146.520: [GC [PSYoungGen: 101792K->8096K(107520K)] 190545K->96850K(352768K), 0.0031680 secs] [Times: user=0.02 sys=0.00, real=0.00 secs] 
146.523: Total time for which application threads were stopped: 0.0033630 seconds, Stopping threads took: 0.0000960 seconds
146.554: Application time: 0.0310870 seconds
146.555: [GC [PSYoungGen: 100256K->7952K(107520K)] 189010K->96706K(352768K), 0.0031340 secs] [Times: user=0.02 sys=0.00, real=0.01 secs] 
146.558: Total time for which application threads were stopped: 0.0033320 seconds, Stopping threads took: 0.0000970 seconds
146.589: Application time: 0.0315690 seconds
146.589: [GC [PSYoungGen: 100112K->8464K(107520K)] 188866K->97218K(352768K), 0.0033600 secs] [Times: user=0.02 sys=0.00, real=0.00 secs] 
146.593: Total time for which application threads were stopped: 0.0035650 seconds, Stopping threads took: 0.0001040 seconds
146.623: Application time: 0.0304560 seconds
146.623: [GC [PSYoungGen: 100624K->7872K(107520K)] 189378K->96626K(352768K), 0.0031650 secs] [Times: user=0.02 sys=0.00, real=0.00 secs] 
146.627: Total time for which application threads were stopped: 0.0033650 seconds, Stopping threads took: 0.0001020 seconds
146.653: Application time: 0.0259080 seconds
146.653: [GC [PSYoungGen: 100032K->8464K(107520K)] 188786K->97218K(352768K), 0.0032700 secs] [Times: user=0.02 sys=0.00, real=0.00 secs] 
146.656: Total time for which application threads were stopped: 0.0034480 seconds, Stopping threads took: 0.0000790 seconds
146.686: Application time: 0.0303950 seconds
146.687: [GC [PSYoungGen: 100624K->10208K(107520K)] 189378K->98962K(352768K), 0.0039810 secs] [Times: user=0.02 sys=0.00, real=0.01 secs] 
146.691: Total time for which application threads were stopped: 0.0041610 seconds, Stopping threads took: 0.0000770 seconds
146.718: Application time: 0.0270420 seconds
146.720: [GC [PSYoungGen: 102368K->8224K(107520K)] 191122K->96977K(352768K), 0.0032230 secs] [Times: user=0.02 sys=0.00, real=0.00 secs] 
146.724: Total time for which application threads were stopped: 0.0060450 seconds, Stopping threads took: 0.0027220 seconds
146.759: Application time: 0.0357490 seconds
146.760: [GC [PSYoungGen: 100384K->9712K(107520K)] 189137K->98466K(352768K), 0.0037740 secs] [Times: user=0.03 sys=0.00, real=0.00 secs] 
146.763: Total time for which application threads were stopped: 0.0039860 seconds, Stopping threads took: 0.0001080 seconds
146.797: Application time: 0.0337030 seconds
146.797: [GC [PSYoungGen: 101872K->7568K(107520K)] 190626K->96370K(352768K), 0.0031260 secs] [Times: user=0.01 sys=0.00, real=0.00 secs] 
146.800: Total time for which application threads were stopped: 0.0033060 seconds, Stopping threads took: 0.0000800 seconds
146.830: Application time: 0.0295410 seconds
146.830: [GC [PSYoungGen: 99728K->7952K(107520K)] 188530K->96802K(352768K), 0.0032230 secs] [Times: user=0.02 sys=0.00, real=0.00 secs] 
146.833: Total time for which application threads were stopped: 0.0033940 seconds, Stopping threads took: 0.0000680 seconds
146.866: Application time: 0.0328290 seconds
146.866: [GC [PSYoungGen: 100112K->8448K(107520K)] 188962K->97354K(352768K), 0.0033580 secs] [Times: user=0.02 sys=0.00, real=0.01 secs] 
146.870: Total time for which application threads were stopped: 0.0035340 seconds, Stopping threads took: 0.0000770 seconds
146.894: Application time: 0.0245750 seconds
146.894: [GC [PSYoungGen: 100608K->9424K(107520K)] 189514K->98378K(352768K), 0.0037470 secs] [Times: user=0.03 sys=0.00, real=0.01 secs] 
146.898: Total time for which application threads were stopped: 0.0039540 seconds, Stopping threads took: 0.0000870 seconds
146.929: Application time: 0.0304710 seconds
146.932: [GC [PSYoungGen: 101584K->7728K(107520K)] 190538K->96722K(352768K), 0.0030310 secs] [Times: user=0.03 sys=0.00, real=0.00 secs] 
146.936: Total time for which application threads were stopped: 0.0067420 seconds, Stopping threads took: 0.0036120 seconds
146.964: Application time: 0.0289690 seconds
146.965: [GC [PSYoungGen: 99888K->8448K(107520K)] 188882K->97442K(352768K), 0.0033660 secs] [Times: user=0.02 sys=0.00, real=0.00 secs] 
146.968: Total time for which application threads were stopped: 0.0035600 seconds, Stopping threads took: 0.0000930 seconds
146.997: Application time: 0.0291980 seconds
146.997: [GC [PSYoungGen: 100608K->9712K(107520K)] 189602K->98706K(352768K), 0.0038160 secs] [Times: user=0.03 sys=0.00, real=0.00 secs] 
147.001: Total time for which application threads were stopped: 0.0040190 seconds, Stopping threads took: 0.0001010 seconds
147.039: Application time: 0.0381210 seconds
147.040: [GC [PSYoungGen: 101872K->7920K(107520K)] 190866K->96962K(352768K), 0.0031050 secs] [Times: user=0.02 sys=0.00, real=0.00 secs] 
147.044: Total time for which application threads were stopped: 0.0041750 seconds, Stopping threads took: 0.0009690 seconds
147.074: Application time: 0.0307130 seconds
147.074: [GC [PSYoungGen: 100080K->7680K(107520K)] 189122K->96722K(352768K), 0.0031420 secs] [Times: user=0.02 sys=0.00, real=0.01 secs] 
147.078: Total time for which application threads were stopped: 0.0033450 seconds, Stopping threads took: 0.0001030 seconds
147.109: Application time: 0.0317440 seconds
147.110: [GC [PSYoungGen: 99840K->9712K(107520K)] 188882K->98754K(352768K), 0.0038670 secs] [Times: user=0.02 sys=0.00, real=0.00 secs] 
147.113: Total time for which application threads were stopped: 0.0040580 seconds, Stopping threads took: 0.0000820 seconds
147.142: Application time: 0.0290470 seconds
147.143: [GC [PSYoungGen: 101872K->7936K(107520K)] 190914K->97034K(352768K), 0.0030960 secs] [Times: user=0.02 sys=0.00, real=0.00 secs] 
147.146: Total time for which application threads were stopped: 0.0033110 seconds, Stopping threads took: 0.0001140 seconds
147.173: Application time: 0.0272780 seconds
147.173: [GC [PSYoungGen: 100096K->8128K(107520K)] 189194K->97282K(352768K), 0.0032400 secs] [Times: user=0.02 sys=0.00, real=0.01 secs] 
147.176: Total time for which application threads were stopped: 0.0034230 seconds, Stopping threads took: 0.0000820 seconds
147.205: Application time: 0.0283110 seconds
147.205: [GC [PSYoungGen: 100288K->10144K(107520K)] 189442K->99298K(352768K), 0.0040250 secs] [Times: user=0.02 sys=0.00, real=0.01 secs] 
147.209: Total time for which application threads were stopped: 0.0042480 seconds, Stopping threads took: 0.0001200 seconds
147.238: Application time: 0.0284910 seconds
147.238: [GC [PSYoungGen: 102304K->8320K(107520K)] 191458K->97474K(352768K), 0.0032230 secs] [Times: user=0.02 sys=0.00, real=0.00 secs] 
147.241: Total time for which application threads were stopped: 0.0034330 seconds, Stopping threads took: 0.0001070 seconds
147.280: Application time: 0.0392770 seconds
147.280: [GC [PSYoungGen: 100480K->9712K(107520K)] 189634K->98866K(352768K), 0.0039530 secs] [Times: user=0.02 sys=0.00, real=0.00 secs] 
147.284: Total time for which application threads were stopped: 0.0041530 seconds, Stopping threads took: 0.0000980 seconds
147.318: Application time: 0.0334940 seconds
147.318: [GC [PSYoungGen: 101872K->7616K(107520K)] 191026K->96770K(352768K), 0.0031580 secs] [Times: user=0.02 sys=0.00, real=0.00 secs] 
147.321: Total time for which application threads were stopped: 0.0033310 seconds, Stopping threads took: 0.0000760 seconds
147.353: Application time: 0.0319390 seconds
147.353: [GC [PSYoungGen: 99776K->7760K(107520K)] 188930K->96914K(352768K), 0.0031670 secs] [Times: user=0.02 sys=0.00, real=0.01 secs] 
147.357: Total time for which application threads were stopped: 0.0033620 seconds, Stopping threads took: 0.0000940 seconds
147.371: Application time: 0.0142880 seconds
147.371: Total time for which application threads were stopped: 0.0001110 seconds, Stopping threads took: 0.0000660 seconds
147.388: Application time: 0.0167400 seconds
147.388: [GC [PSYoungGen: 99920K->7760K(107520K)] 189074K->96914K(352768K), 0.0030980 secs] [Times: user=0.02 sys=0.00, real=0.01 secs] 
147.391: Total time for which application threads were stopped: 0.0032830 seconds, Stopping threads took: 0.0000860 seconds
147.417: Application time: 0.0260890 seconds
147.417: Total time for which application threads were stopped: 0.0001270 seconds, Stopping threads took: 0.0000660 seconds
147.420: Application time: 0.0026780 seconds
147.420: [GC [PSYoungGen: 99920K->7952K(107520K)] 189074K->97106K(352768K), 0.0031490 secs] [Times: user=0.03 sys=0.00, real=0.00 secs] 
147.423: Total time for which application threads were stopped: 0.0033100 seconds, Stopping threads took: 0.0000630 seconds
147.461: Application time: 0.0377720 seconds
147.461: [GC [PSYoungGen: 100112K->7920K(107520K)] 189266K->97074K(352768K), 0.0032010 secs] [Times: user=0.03 sys=0.00, real=0.00 secs] 
147.464: Total time for which application threads were stopped: 0.0033720 seconds, Stopping threads took: 0.0000630 seconds
147.493: Application time: 0.0284070 seconds
147.493: [GC [PSYoungGen: 100080K->7824K(107520K)] 189234K->96978K(352768K), 0.0031420 secs] [Times: user=0.02 sys=0.00, real=0.00 secs] 
147.496: Total time for which application threads were stopped: 0.0032960 seconds, Stopping threads took: 0.0000490 seconds
147.533: Application time: 0.0366460 seconds
147.533: [GC [PSYoungGen: 99984K->7664K(107520K)] 189138K->96818K(352768K), 0.0032930 secs] [Times: user=0.02 sys=0.00, real=0.00 secs] 
147.536: Total time for which application threads were stopped: 0.0034640 seconds, Stopping threads took: 0.0000730 seconds
147.570: Application time: 0.0342720 seconds
147.571: [GC [PSYoungGen: 99824K->7680K(107520K)] 188978K->96866K(352768K), 0.0031670 secs] [Times: user=0.02 sys=0.00, real=0.00 secs] 
147.574: Total time for which application threads were stopped: 0.0033170 seconds, Stopping threads took: 0.0000550 seconds
147.592: Application time: 0.0184630 seconds
147.592: Total time for which application threads were stopped: 0.0001070 seconds, Stopping threads took: 0.0000550 seconds
147.616: Application time: 0.0238780 seconds
147.616: [GC [PSYoungGen: 99840K->7520K(107520K)] 189026K->96842K(352768K), 0.0031050 secs] [Times: user=0.02 sys=0.00, real=0.00 secs] 
147.619: Total time for which application threads were stopped: 0.0032650 seconds, Stopping threads took: 0.0000440 seconds
147.634: Application time: 0.0143750 seconds
147.634: Total time for which application threads were stopped: 0.0000900 seconds, Stopping threads took: 0.0000460 seconds
147.654: Application time: 0.0197300 seconds
147.654: [GC [PSYoungGen: 99680K->7216K(107520K)] 189002K->96658K(352768K), 0.0028750 secs] [Times: user=0.02 sys=0.00, real=0.01 secs] 
147.657: Total time for which application threads were stopped: 0.0030190 seconds, Stopping threads took: 0.0000470 seconds
147.683: Application time: 0.0263750 seconds
147.683: Total time for which application threads were stopped: 0.0000820 seconds, Stopping threads took: 0.0000380 seconds
147.724: Application time: 0.0406900 seconds
147.724: [GC [PSYoungGen: 99376K->6608K(107520K)] 188818K->96728K(352768K), 0.0030960 secs] [Times: user=0.02 sys=0.00, real=0.00 secs] 
147.727: Total time for which application threads were stopped: 0.0032350 seconds, Stopping threads took: 0.0000380 seconds
147.738: Application time: 0.0104820 seconds
147.738: Total time for which application threads were stopped: 0.0000810 seconds, Stopping threads took: 0.0000370 seconds
147.753: Application time: 0.0157300 seconds
147.754: Total time for which application threads were stopped: 0.0001920 seconds, Stopping threads took: 0.0000110 seconds
147.771: Application time: 0.0174940 seconds
147.771: Total time for which application threads were stopped: 0.0000760 seconds, Stopping threads took: 0.0000440 seconds
147.771: Application time: 0.0000850 seconds
147.771: Total time for which application threads were stopped: 0.0000560 seconds, Stopping threads took: 0.0000270 seconds
147.771: Application time: 0.0000320 seconds
147.771: Total time for which application threads were stopped: 0.0000480 seconds, Stopping threads took: 0.0000320 seconds
147.771: Application time: 0.0000700 seconds
147.772: Total time for which application threads were stopped: 0.0000570 seconds, Stopping threads took: 0.0000260 seconds
147.772: Application time: 0.0000480 seconds
147.772: Total time for which application threads were stopped: 0.0000640 seconds, Stopping threads took: 0.0000040 seconds
147.777: Application time: 0.0054230 seconds
147.777: Total time for which application threads were stopped: 0.0000890 seconds, Stopping threads took: 0.0000230 seconds
147.799: Application time: 0.0219370 seconds
147.799: [GC [PSYoungGen: 98768K->8592K(107520K)] 188888K->98800K(352768K), 0.0035420 secs] [Times: user=0.02 sys=0.00, real=0.00 secs] 
147.803: Total time for which application threads were stopped: 0.0036850 seconds, Stopping threads took: 0.0000410 seconds
147.810: Application time: 0.0070700 seconds
147.810: Total time for which application threads were stopped: 0.0001190 seconds, Stopping threads took: 0.0000150 seconds
147.835: Application time: 0.0249410 seconds
147.835: [GC [PSYoungGen: 100752K->8528K(107520K)] 190960K->98816K(352768K), 0.0035090 secs] [Times: user=0.02 sys=0.00, real=0.01 secs] 
147.839: Total time for which application threads were stopped: 0.0037350 seconds, Stopping threads took: 0.0001040 seconds
147.864: Application time: 0.0250750 seconds
147.864: [GC [PSYoungGen: 100688K->8096K(107520K)] 190976K->99070K(352768K), 0.0037260 secs] [Times: user=0.03 sys=0.00, real=0.00 secs] 
147.868: Total time for which application threads were stopped: 0.0039500 seconds, Stopping threads took: 0.0000980 seconds
147.909: Application time: 0.0416440 seconds
147.909: [GC [PSYoungGen: 100256K->11792K(107520K)] 191230K->103022K(352768K), 0.0047100 secs] [Times: user=0.03 sys=0.00, real=0.00 secs] 
147.914: Total time for which application threads were stopped: 0.0049020 seconds, Stopping threads took: 0.0000910 seconds
147.925: Application time: 0.0111800 seconds
147.926: Total time for which application threads were stopped: 0.0001570 seconds, Stopping threads took: 0.0000710 seconds
147.926: Application time: 0.0000650 seconds
147.926: Total time for which application threads were stopped: 0.0000620 seconds, Stopping threads took: 0.0000360 seconds
147.948: Application time: 0.0218980 seconds
147.948: Total time for which application threads were stopped: 0.0001800 seconds, Stopping threads took: 0.0001050 seconds
147.952: Application time: 0.0045780 seconds
147.952: Total time for which application threads were stopped: 0.0001370 seconds, Stopping threads took: 0.0000690 seconds
147.953: Application time: 0.0000440 seconds
147.953: Total time for which application threads were stopped: 0.0001030 seconds, Stopping threads took: 0.0000410 seconds
147.954: Application time: 0.0015280 seconds
147.954: Total time for which application threads were stopped: 0.0001080 seconds, Stopping threads took: 0.0000640 seconds
147.954: Application time: 0.0000370 seconds
147.956: Total time for which application threads were stopped: 0.0020750 seconds, Stopping threads took: 0.0020390 seconds
147.964: Application time: 0.0079710 seconds
147.965: Total time for which application threads were stopped: 0.0001460 seconds, Stopping threads took: 0.0000840 seconds
147.965: Application time: 0.0002400 seconds
147.965: [GC [PSYoungGen: 103952K->9280K(107520K)] 195182K->100526K(352768K), 0.0039390 secs] [Times: user=0.02 sys=0.01, real=0.01 secs] 
147.969: Total time for which application threads were stopped: 0.0040880 seconds, Stopping threads took: 0.0000440 seconds
147.978: Application time: 0.0087710 seconds
147.984: Total time for which application threads were stopped: 0.0068280 seconds, Stopping threads took: 0.0067710 seconds
147.985: Application time: 0.0000890 seconds
147.985: Total time for which application threads were stopped: 0.0001230 seconds, Stopping threads took: 0.0000940 seconds
147.990: Application time: 0.0057610 seconds
147.991: Total time for which application threads were stopped: 0.0001650 seconds, Stopping threads took: 0.0000880 seconds
147.991: Application time: 0.0000740 seconds
147.991: Total time for which application threads were stopped: 0.0001180 seconds, Stopping threads took: 0.0000760 seconds
148.016: Application time: 0.0249890 seconds
148.016: [GC [PSYoungGen: 101440K->8960K(107520K)] 192686K->100230K(352768K), 0.0035400 secs] [Times: user=0.03 sys=0.00, real=0.01 secs] 
148.019: Total time for which application threads were stopped: 0.0037020 seconds, Stopping threads took: 0.0000580 seconds
148.067: Application time: 0.0473810 seconds
148.067: [GC [PSYoungGen: 101120K->9344K(107520K)] 192390K->100750K(352768K), 0.0035750 secs] [Times: user=0.02 sys=0.00, real=0.01 secs] 
148.071: Total time for which application threads were stopped: 0.0037460 seconds, Stopping threads took: 0.0000720 seconds
148.099: Application time: 0.0285420 seconds
148.099: [GC [PSYoungGen: 101504K->9168K(107520K)] 192910K->100686K(352768K), 0.0036540 secs] [Times: user=0.02 sys=0.00, real=0.00 secs] 
148.103: Total time for which application threads were stopped: 0.0038450 seconds, Stopping threads took: 0.0000870 seconds
148.134: Application time: 0.0311400 seconds
148.134: [GC [PSYoungGen: 101328K->9136K(107520K)] 192846K->100654K(352768K), 0.0035460 secs] [Times: user=0.03 sys=0.00, real=0.01 secs] 
148.138: Total time for which application threads were stopped: 0.0037050 seconds, Stopping threads took: 0.0000580 seconds
148.158: Application time: 0.0202610 seconds
148.158: [GC [PSYoungGen: 101296K->9536K(107520K)] 192814K->101054K(352768K), 0.0036250 secs] [Times: user=0.02 sys=0.00, real=0.00 secs] 
148.162: Total time for which application threads were stopped: 0.0038130 seconds, Stopping threads took: 0.0000820 seconds
148.189: Application time: 0.0273290 seconds
148.192: [GC [PSYoungGen: 101696K->9680K(107520K)] 193214K->101198K(352768K), 0.0037890 secs] [Times: user=0.02 sys=0.00, real=0.00 secs] 
148.196: Total time for which application threads were stopped: 0.0069910 seconds, Stopping threads took: 0.0030970 seconds
148.239: Application time: 0.0430920 seconds
148.240: [GC [PSYoungGen: 101840K->11840K(107520K)] 193358K->103374K(352768K), 0.0044600 secs] [Times: user=0.03 sys=0.00, real=0.00 secs] 
148.244: Total time for which application threads were stopped: 0.0046660 seconds, Stopping threads took: 0.0001020 seconds
148.277: Application time: 0.0331260 seconds
148.277: [GC [PSYoungGen: 104000K->9280K(107520K)] 195534K->100934K(352768K), 0.0036690 secs] [Times: user=0.02 sys=0.00, real=0.00 secs] 
148.281: Total time for which application threads were stopped: 0.0038370 seconds, Stopping threads took: 0.0000650 seconds
148.323: Application time: 0.0416130 seconds
148.323: [GC [PSYoungGen: 101440K->9312K(107520K)] 193094K->101062K(352768K), 0.0036090 secs] [Times: user=0.03 sys=0.00, real=0.00 secs] 
148.326: Total time for which application threads were stopped: 0.0037910 seconds, Stopping threads took: 0.0000810 seconds
148.356: Application time: 0.0293520 seconds
148.356: [GC [PSYoungGen: 101472K->9120K(107520K)] 193222K->101022K(352768K), 0.0036460 secs] [Times: user=0.02 sys=0.00, real=0.01 secs] 
148.360: Total time for which application threads were stopped: 0.0038360 seconds, Stopping threads took: 0.0000860 seconds
148.391: Application time: 0.0316420 seconds
148.391: [GC [PSYoungGen: 101280K->8240K(107520K)] 193182K->101215K(352768K), 0.0035410 secs] [Times: user=0.03 sys=0.00, real=0.00 secs] 
148.395: Total time for which application threads were stopped: 0.0037850 seconds, Stopping threads took: 0.0001430 seconds
148.419: Application time: 0.0244610 seconds
148.420: [GC [PSYoungGen: 100400K->8144K(107520K)] 193375K->101247K(352768K), 0.0031820 secs] [Times: user=0.03 sys=0.00, real=0.00 secs] 
148.423: Total time for which application threads were stopped: 0.0033630 seconds, Stopping threads took: 0.0000790 seconds
148.444: Application time: 0.0213430 seconds
148.444: [GC [PSYoungGen: 100304K->8192K(107520K)] 193407K->101383K(352768K), 0.0032570 secs] [Times: user=0.02 sys=0.00, real=0.00 secs] 
148.448: Total time for which application threads were stopped: 0.0035160 seconds, Stopping threads took: 0.0001310 seconds
148.483: Application time: 0.0355680 seconds
148.483: [GC [PSYoungGen: 100352K->14384K(107520K)] 193543K->107727K(352768K), 0.0054420 secs] [Times: user=0.04 sys=0.00, real=0.01 secs] 
148.489: Total time for which application threads were stopped: 0.0056100 seconds, Stopping threads took: 0.0000640 seconds
148.524: Application time: 0.0349500 seconds
148.524: [GC [PSYoungGen: 106544K->8000K(107520K)] 199887K->101495K(352768K), 0.0034170 secs] [Times: user=0.01 sys=0.00, real=0.00 secs] 
148.528: Total time for which application threads were stopped: 0.0036590 seconds, Stopping threads took: 0.0001400 seconds
148.566: Application time: 0.0386250 seconds
148.566: [GC [PSYoungGen: 100160K->7600K(107520K)] 193655K->101159K(352768K), 0.0031520 secs] [Times: user=0.03 sys=0.00, real=0.01 secs] 
148.569: Total time for which application threads were stopped: 0.0033530 seconds, Stopping threads took: 0.0000980 seconds
148.606: Application time: 0.0360870 seconds
148.606: [GC [PSYoungGen: 99760K->7792K(107520K)] 193319K->101407K(352768K), 0.0032120 secs] [Times: user=0.02 sys=0.00, real=0.01 secs] 
148.609: Total time for which application threads were stopped: 0.0034010 seconds, Stopping threads took: 0.0000860 seconds
148.640: Application time: 0.0315020 seconds
148.641: [GC [PSYoungGen: 99952K->7776K(107520K)] 193567K->101447K(352768K), 0.0033290 secs] [Times: user=0.02 sys=0.00, real=0.00 secs] 
148.644: Total time for which application threads were stopped: 0.0035500 seconds, Stopping threads took: 0.0000810 seconds
148.675: Application time: 0.0312030 seconds
148.676: [GC [PSYoungGen: 99936K->7856K(107520K)] 193607K->101551K(352768K), 0.0032420 secs] [Times: user=0.02 sys=0.00, real=0.00 secs] 
148.680: Total time for which application threads were stopped: 0.0045020 seconds, Stopping threads took: 0.0011460 seconds
148.705: Application time: 0.0255970 seconds
148.706: [GC [PSYoungGen: 100016K->7936K(107520K)] 193711K->101631K(352768K), 0.0033000 secs] [Times: user=0.02 sys=0.00, real=0.01 secs] 
148.709: Total time for which application threads were stopped: 0.0035670 seconds, Stopping threads took: 0.0001250 seconds
148.739: Application time: 0.0305200 seconds
148.740: [GC [PSYoungGen: 100096K->9792K(107520K)] 193791K->103487K(352768K), 0.0037540 secs] [Times: user=0.02 sys=0.00, real=0.00 secs] 
148.743: Total time for which application threads were stopped: 0.0039800 seconds, Stopping threads took: 0.0000860 seconds
148.781: Application time: 0.0374340 seconds
148.781: [GC [PSYoungGen: 101952K->10688K(107520K)] 195647K->104383K(352768K), 0.0039980 secs] [Times: user=0.03 sys=0.00, real=0.00 secs] 
148.785: Total time for which application threads were stopped: 0.0041680 seconds, Stopping threads took: 0.0000700 seconds
148.821: Application time: 0.0355260 seconds
148.821: [GC [PSYoungGen: 102848K->7728K(107520K)] 196543K->101423K(352768K), 0.0031250 secs] [Times: user=0.02 sys=0.00, real=0.00 secs] 
148.824: Total time for which application threads were stopped: 0.0033390 seconds, Stopping threads took: 0.0001130 seconds
148.863: Application time: 0.0391920 seconds
148.863: [GC [PSYoungGen: 99888K->7936K(107520K)] 193583K->101631K(352768K), 0.0031780 secs] [Times: user=0.02 sys=0.00, real=0.00 secs] 
148.866: Total time for which application threads were stopped: 0.0033760 seconds, Stopping threads took: 0.0000970 seconds
148.895: Application time: 0.0289520 seconds
148.896: [GC [PSYoungGen: 100096K->7840K(107520K)] 193791K->101535K(352768K), 0.0031560 secs] [Times: user=0.02 sys=0.00, real=0.01 secs] 
148.899: Total time for which application threads were stopped: 0.0033280 seconds, Stopping threads took: 0.0000750 seconds
148.929: Application time: 0.0306690 seconds
148.930: [GC [PSYoungGen: 100000K->7808K(107520K)] 193695K->101503K(352768K), 0.0031670 secs] [Times: user=0.03 sys=0.00, real=0.00 secs] 
148.933: Total time for which application threads were stopped: 0.0033380 seconds, Stopping threads took: 0.0000720 seconds
148.955: Application time: 0.0225200 seconds
148.955: [GC [PSYoungGen: 99968K->7824K(107520K)] 193663K->101519K(352768K), 0.0031000 secs] [Times: user=0.02 sys=0.00, real=0.01 secs] 
148.959: Total time for which application threads were stopped: 0.0033100 seconds, Stopping threads took: 0.0000890 seconds
148.981: Application time: 0.0220590 seconds
148.981: [GC [PSYoungGen: 99984K->9824K(107520K)] 193679K->103519K(352768K), 0.0037450 secs] [Times: user=0.03 sys=0.00, real=0.00 secs] 
148.985: Total time for which application threads were stopped: 0.0039140 seconds, Stopping threads took: 0.0000690 seconds
149.021: Application time: 0.0360770 seconds
149.021: [GC [PSYoungGen: 101984K->10912K(107520K)] 195679K->104607K(352768K), 0.0041510 secs] [Times: user=0.02 sys=0.00, real=0.00 secs] 
149.025: Total time for which application threads were stopped: 0.0043290 seconds, Stopping threads took: 0.0000770 seconds
149.059: Application time: 0.0337300 seconds
149.059: [GC [PSYoungGen: 103072K->8176K(107520K)] 196767K->101871K(352768K), 0.0031610 secs] [Times: user=0.02 sys=0.00, real=0.00 secs] 
149.062: Total time for which application threads were stopped: 0.0033570 seconds, Stopping threads took: 0.0000980 seconds
149.101: Application time: 0.0392340 seconds
149.101: [GC [PSYoungGen: 100336K->7744K(107520K)] 194031K->101439K(352768K), 0.0031530 secs] [Times: user=0.02 sys=0.00, real=0.00 secs] 
149.105: Total time for which application threads were stopped: 0.0033540 seconds, Stopping threads took: 0.0000950 seconds
149.137: Application time: 0.0324340 seconds
149.137: [GC [PSYoungGen: 99904K->7952K(107520K)] 193599K->101647K(352768K), 0.0032530 secs] [Times: user=0.02 sys=0.00, real=0.00 secs] 
149.141: Total time for which application threads were stopped: 0.0034780 seconds, Stopping threads took: 0.0001220 seconds
149.170: Application time: 0.0296520 seconds
149.170: [GC [PSYoungGen: 100112K->7600K(107520K)] 193807K->101527K(352768K), 0.0032010 secs] [Times: user=0.02 sys=0.00, real=0.00 secs] 
149.174: Total time for which application threads were stopped: 0.0033710 seconds, Stopping threads took: 0.0000690 seconds
149.199: Application time: 0.0255730 seconds
149.199: [GC [PSYoungGen: 99760K->7648K(107520K)] 193687K->101631K(352768K), 0.0032280 secs] [Times: user=0.03 sys=0.00, real=0.00 secs] 
149.203: Total time for which application threads were stopped: 0.0033940 seconds, Stopping threads took: 0.0000690 seconds
149.223: Application time: 0.0204460 seconds
149.223: [GC [PSYoungGen: 99808K->7696K(107520K)] 193791K->101679K(352768K), 0.0031490 secs] [Times: user=0.02 sys=0.00, real=0.00 secs] 
149.226: Total time for which application threads were stopped: 0.0033120 seconds, Stopping threads took: 0.0000600 seconds
149.254: Application time: 0.0279200 seconds
149.254: [GC [PSYoungGen: 99856K->11984K(107520K)] 193839K->105967K(352768K), 0.0045790 secs] [Times: user=0.03 sys=0.00, real=0.01 secs] 
149.259: Total time for which application threads were stopped: 0.0047340 seconds, Stopping threads took: 0.0000510 seconds
149.298: Application time: 0.0391680 seconds
149.298: [GC [PSYoungGen: 104144K->10112K(107520K)] 198127K->104103K(352768K), 0.0039300 secs] [Times: user=0.03 sys=0.00, real=0.00 secs] 
149.302: Total time for which application threads were stopped: 0.0040960 seconds, Stopping threads took: 0.0000640 seconds
149.338: Application time: 0.0352630 seconds
149.338: [GC [PSYoungGen: 102272K->7616K(107520K)] 196263K->101607K(352768K), 0.0030980 secs] [Times: user=0.02 sys=0.00, real=0.00 secs] 
149.341: Total time for which application threads were stopped: 0.0033030 seconds, Stopping threads took: 0.0001030 seconds
149.380: Application time: 0.0392920 seconds
149.380: [GC [PSYoungGen: 99776K->7536K(107520K)] 193767K->101527K(352768K), 0.0031350 secs] [Times: user=0.02 sys=0.00, real=0.00 secs] 
149.383: Total time for which application threads were stopped: 0.0033190 seconds, Stopping threads took: 0.0000830 seconds
149.411: Application time: 0.0276090 seconds
149.411: [GC [PSYoungGen: 99696K->7632K(107520K)] 193687K->101623K(352768K), 0.0030840 secs] [Times: user=0.02 sys=0.00, real=0.00 secs] 
149.414: Total time for which application threads were stopped: 0.0032630 seconds, Stopping threads took: 0.0000780 seconds
149.445: Application time: 0.0302900 seconds
149.445: [GC [PSYoungGen: 99792K->7984K(107520K)] 193783K->101975K(352768K), 0.0031680 secs] [Times: user=0.02 sys=0.00, real=0.00 secs] 
149.448: Total time for which application threads were stopped: 0.0033700 seconds, Stopping threads took: 0.0001030 seconds
149.469: Application time: 0.0207820 seconds
149.472: [GC [PSYoungGen: 100144K->7984K(107520K)] 194135K->101975K(352768K), 0.0030680 secs] [Times: user=0.02 sys=0.00, real=0.00 secs] 
149.476: Total time for which application threads were stopped: 0.0067620 seconds, Stopping threads took: 0.0035730 seconds
149.499: Application time: 0.0230170 seconds
149.499: [GC [PSYoungGen: 100144K->8144K(107520K)] 194135K->102135K(352768K), 0.0031370 secs] [Times: user=0.02 sys=0.00, real=0.00 secs] 
149.502: Total time for which application threads were stopped: 0.0033310 seconds, Stopping threads took: 0.0000930 seconds
149.539: Application time: 0.0366710 seconds
149.539: [GC [PSYoungGen: 100304K->11056K(107520K)] 194295K->105047K(352768K), 0.0041380 secs] [Times: user=0.03 sys=0.00, real=0.00 secs] 
149.543: Total time for which application threads were stopped: 0.0043070 seconds, Stopping threads took: 0.0000670 seconds
149.578: Application time: 0.0347200 seconds
149.578: [GC [PSYoungGen: 103216K->7808K(107520K)] 197207K->101799K(352768K), 0.0030600 secs] [Times: user=0.02 sys=0.00, real=0.00 secs] 
149.581: Total time for which application threads were stopped: 0.0032330 seconds, Stopping threads took: 0.0000730 seconds
149.621: Application time: 0.0401940 seconds
149.621: [GC [PSYoungGen: 99968K->7600K(107520K)] 193959K->101591K(352768K), 0.0031040 secs] [Times: user=0.01 sys=0.01, real=0.00 secs] 
149.624: Total time for which application threads were stopped: 0.0033030 seconds, Stopping threads took: 0.0000860 seconds
149.655: Application time: 0.0304960 seconds
149.655: [GC [PSYoungGen: 99760K->7920K(107520K)] 193751K->101911K(352768K), 0.0032290 secs] [Times: user=0.02 sys=0.00, real=0.01 secs] 
149.658: Total time for which application threads were stopped: 0.0034180 seconds, Stopping threads took: 0.0000860 seconds
149.688: Application time: 0.0295980 seconds
149.688: [GC [PSYoungGen: 100080K->7824K(107520K)] 194071K->101815K(352768K), 0.0031620 secs] [Times: user=0.03 sys=0.00, real=0.01 secs] 
149.691: Total time for which application threads were stopped: 0.0033540 seconds, Stopping threads took: 0.0000910 seconds
149.716: Application time: 0.0243240 seconds
149.716: [GC [PSYoungGen: 99984K->8128K(107520K)] 193975K->102119K(352768K), 0.0031680 secs] [Times: user=0.02 sys=0.00, real=0.01 secs] 
149.719: Total time for which application threads were stopped: 0.0033450 seconds, Stopping threads took: 0.0000740 seconds
149.741: Application time: 0.0220230 seconds
149.741: [GC [PSYoungGen: 100288K->8256K(107520K)] 194279K->102247K(352768K), 0.0031560 secs] [Times: user=0.02 sys=0.00, real=0.00 secs] 
149.744: Total time for which application threads were stopped: 0.0033300 seconds, Stopping threads took: 0.0000760 seconds
149.774: Application time: 0.0300910 seconds
149.774: [GC [PSYoungGen: 100416K->10912K(107520K)] 194407K->104903K(352768K), 0.0040930 secs] [Times: user=0.02 sys=0.00, real=0.01 secs] 
149.779: Total time for which application threads were stopped: 0.0042660 seconds, Stopping threads took: 0.0000690 seconds
149.816: Application time: 0.0378070 seconds
149.821: [GC [PSYoungGen: 103072K->8304K(107520K)] 197063K->102295K(352768K), 0.0033940 secs] [Times: user=0.02 sys=0.00, real=0.00 secs] 
149.824: Total time for which application threads were stopped: 0.0076060 seconds, Stopping threads took: 0.0040910 seconds
149.860: Application time: 0.0362870 seconds
149.861: [GC [PSYoungGen: 100464K->7616K(107520K)] 194455K->101607K(352768K), 0.0031770 secs] [Times: user=0.02 sys=0.00, real=0.00 secs] 
149.864: Total time for which application threads were stopped: 0.0034790 seconds, Stopping threads took: 0.0002010 seconds
149.900: Application time: 0.0361600 seconds
149.900: [GC [PSYoungGen: 99776K->7968K(107520K)] 193767K->101959K(352768K), 0.0032100 secs] [Times: user=0.02 sys=0.00, real=0.00 secs] 
149.903: Total time for which application threads were stopped: 0.0033960 seconds, Stopping threads took: 0.0000840 seconds
149.936: Application time: 0.0329880 seconds
149.936: [GC [PSYoungGen: 100128K->7728K(107520K)] 194119K->101907K(352768K), 0.0031210 secs] [Times: user=0.02 sys=0.00, real=0.00 secs] 
149.940: Total time for which application threads were stopped: 0.0032970 seconds, Stopping threads took: 0.0000830 seconds
149.967: Application time: 0.0269630 seconds
149.967: [GC [PSYoungGen: 99888K->7904K(107520K)] 194067K->102203K(352768K), 0.0031500 secs] [Times: user=0.02 sys=0.00, real=0.01 secs] 
149.970: Total time for which application threads were stopped: 0.0033490 seconds, Stopping threads took: 0.0000990 seconds
149.994: Application time: 0.0237630 seconds
149.994: [GC [PSYoungGen: 100064K->7744K(107520K)] 194363K->102043K(352768K), 0.0030640 secs] [Times: user=0.02 sys=0.00, real=0.01 secs] 
149.997: Total time for which application threads were stopped: 0.0032820 seconds, Stopping threads took: 0.0000970 seconds
150.022: Application time: 0.0253490 seconds
150.023: [GC [PSYoungGen: 99904K->15344K(107520K)] 194203K->109683K(352768K), 0.0059560 secs] [Times: user=0.04 sys=0.00, real=0.01 secs] 
150.029: Total time for which application threads were stopped: 0.0061630 seconds, Stopping threads took: 0.0000970 seconds
150.062: Application time: 0.0338910 seconds
150.063: [GC [PSYoungGen: 107504K->12544K(107520K)] 201843K->106883K(352768K), 0.0048250 secs] [Times: user=0.03 sys=0.00, real=0.00 secs] 
150.067: Total time for which application threads were stopped: 0.0050120 seconds, Stopping threads took: 0.0000790 seconds
150.105: Application time: 0.0375050 seconds
150.105: [GC [PSYoungGen: 104704K->9072K(107520K)] 199043K->103419K(352768K), 0.0035410 secs] [Times: user=0.03 sys=0.00, real=0.01 secs] 
150.109: Total time for which application threads were stopped: 0.0037210 seconds, Stopping threads took: 0.0000800 seconds
150.147: Application time: 0.0382920 seconds
150.147: [GC [PSYoungGen: 101232K->8912K(107520K)] 195579K->103259K(352768K), 0.0035210 secs] [Times: user=0.02 sys=0.00, real=0.01 secs] 
150.151: Total time for which application threads were stopped: 0.0037010 seconds, Stopping threads took: 0.0000760 seconds
150.184: Application time: 0.0335400 seconds
150.184: [GC [PSYoungGen: 101072K->9072K(107520K)] 195419K->103419K(352768K), 0.0036040 secs] [Times: user=0.02 sys=0.00, real=0.00 secs] 
150.188: Total time for which application threads were stopped: 0.0037960 seconds, Stopping threads took: 0.0000830 seconds
150.216: Application time: 0.0276380 seconds
150.216: [GC [PSYoungGen: 101232K->9040K(107520K)] 195579K->103387K(352768K), 0.0035700 secs] [Times: user=0.03 sys=0.00, real=0.01 secs] 
150.219: Total time for which application threads were stopped: 0.0037710 seconds, Stopping threads took: 0.0000970 seconds
150.242: Application time: 0.0225670 seconds
150.242: [GC [PSYoungGen: 101200K->9408K(107520K)] 195547K->103755K(352768K), 0.0052610 secs] [Times: user=0.03 sys=0.00, real=0.00 secs] 
150.247: Total time for which application threads were stopped: 0.0054610 seconds, Stopping threads took: 0.0000990 seconds
150.273: Application time: 0.0251990 seconds
150.273: [GC [PSYoungGen: 101568K->10960K(107520K)] 195915K->105307K(352768K), 0.0042160 secs] [Times: user=0.02 sys=0.00, real=0.01 secs] 
150.277: Total time for which application threads were stopped: 0.0043850 seconds, Stopping threads took: 0.0000680 seconds
150.308: Application time: 0.0308550 seconds
150.308: [GC [PSYoungGen: 103120K->10096K(107520K)] 197467K->104443K(352768K), 0.0037850 secs] [Times: user=0.03 sys=0.00, real=0.01 secs] 
150.312: Total time for which application threads were stopped: 0.0039630 seconds, Stopping threads took: 0.0000770 seconds
150.349: Application time: 0.0368170 seconds
150.349: [GC [PSYoungGen: 102256K->9568K(107520K)] 196603K->103915K(352768K), 0.0037080 secs] [Times: user=0.02 sys=0.00, real=0.00 secs] 
150.353: Total time for which application threads were stopped: 0.0039140 seconds, Stopping threads took: 0.0001020 seconds
150.390: Application time: 0.0370100 seconds
150.390: [GC [PSYoungGen: 101728K->9072K(107520K)] 196075K->103419K(352768K), 0.0035690 secs] [Times: user=0.02 sys=0.00, real=0.00 secs] 
150.393: Total time for which application threads were stopped: 0.0037650 seconds, Stopping threads took: 0.0000920 seconds
150.427: Application time: 0.0332630 seconds
150.427: [GC [PSYoungGen: 101232K->9104K(107520K)] 195579K->103451K(352768K), 0.0036010 secs] [Times: user=0.02 sys=0.00, real=0.01 secs] 
150.430: Total time for which application threads were stopped: 0.0037800 seconds, Stopping threads took: 0.0000770 seconds
150.462: Application time: 0.0312300 seconds
150.462: [GC [PSYoungGen: 101264K->9168K(107520K)] 195611K->103515K(352768K), 0.0035570 secs] [Times: user=0.03 sys=0.00, real=0.00 secs] 
150.465: Total time for which application threads were stopped: 0.0037390 seconds, Stopping threads took: 0.0000790 seconds
150.490: Application time: 0.0242610 seconds
150.490: [GC [PSYoungGen: 101328K->9280K(107520K)] 195675K->103627K(352768K), 0.0036340 secs] [Times: user=0.03 sys=0.00, real=0.00 secs] 
150.493: Total time for which application threads were stopped: 0.0038340 seconds, Stopping threads took: 0.0000980 seconds
150.518: Application time: 0.0240650 seconds
150.518: [GC [PSYoungGen: 101440K->9104K(107520K)] 195787K->103451K(352768K), 0.0035920 secs] [Times: user=0.01 sys=0.00, real=0.00 secs] 
150.521: Total time for which application threads were stopped: 0.0037800 seconds, Stopping threads took: 0.0000700 seconds
150.547: Application time: 0.0259570 seconds
150.547: [GC [PSYoungGen: 101264K->11616K(107520K)] 195611K->107297K(352768K), 0.0048060 secs] [Times: user=0.03 sys=0.01, real=0.01 secs] 
150.552: Total time for which application threads were stopped: 0.0050370 seconds, Stopping threads took: 0.0001170 seconds
150.589: Application time: 0.0365530 seconds
150.589: [GC [PSYoungGen: 103776K->10352K(107520K)] 199457K->106033K(352768K), 0.0041140 secs] [Times: user=0.03 sys=0.00, real=0.00 secs] 
150.593: Total time for which application threads were stopped: 0.0042980 seconds, Stopping threads took: 0.0000820 seconds
150.629: Application time: 0.0358650 seconds
150.629: [GC [PSYoungGen: 102512K->7712K(107520K)] 198193K->103393K(352768K), 0.0030640 secs] [Times: user=0.02 sys=0.00, real=0.00 secs] 
150.632: Total time for which application threads were stopped: 0.0032620 seconds, Stopping threads took: 0.0000910 seconds
150.670: Application time: 0.0377910 seconds
150.670: [GC [PSYoungGen: 99872K->7824K(107520K)] 195553K->103505K(352768K), 0.0030600 secs] [Times: user=0.02 sys=0.00, real=0.00 secs] 
150.673: Total time for which application threads were stopped: 0.0032570 seconds, Stopping threads took: 0.0000950 seconds
150.704: Application time: 0.0303330 seconds
150.704: [GC [PSYoungGen: 99984K->7824K(107520K)] 195665K->103665K(352768K), 0.0031930 secs] [Times: user=0.02 sys=0.00, real=0.00 secs] 
150.707: Total time for which application threads were stopped: 0.0033800 seconds, Stopping threads took: 0.0000870 seconds
150.736: Application time: 0.0291380 seconds
150.736: [GC [PSYoungGen: 99984K->7728K(107520K)] 195825K->103693K(352768K), 0.0030850 secs] [Times: user=0.02 sys=0.00, real=0.00 secs] 
150.739: Total time for which application threads were stopped: 0.0032620 seconds, Stopping threads took: 0.0000780 seconds
150.762: Application time: 0.0224250 seconds
150.762: [GC [PSYoungGen: 99888K->7792K(107520K)] 195853K->103797K(352768K), 0.0032380 secs] [Times: user=0.02 sys=0.00, real=0.00 secs] 
150.765: Total time for which application threads were stopped: 0.0033980 seconds, Stopping threads took: 0.0000570 seconds
150.789: Application time: 0.0233520 seconds
150.789: [GC [PSYoungGen: 99952K->10976K(107520K)] 195957K->106981K(352768K), 0.0043490 secs] [Times: user=0.03 sys=0.00, real=0.00 secs] 
150.793: Total time for which application threads were stopped: 0.0045540 seconds, Stopping threads took: 0.0001010 seconds
150.827: Application time: 0.0341370 seconds
150.827: [GC [PSYoungGen: 103136K->10656K(107520K)] 199141K->106661K(352768K), 0.0040160 secs] [Times: user=0.03 sys=0.00, real=0.01 secs] 
150.832: Total time for which application threads were stopped: 0.0041810 seconds, Stopping threads took: 0.0000560 seconds
150.868: Application time: 0.0359670 seconds
150.868: [GC [PSYoungGen: 102816K->7616K(107520K)] 198821K->103629K(352768K), 0.0029920 secs] [Times: user=0.02 sys=0.00, real=0.01 secs] 
150.871: Total time for which application threads were stopped: 0.0031990 seconds, Stopping threads took: 0.0001060 seconds
150.909: Application time: 0.0387850 seconds
150.910: [GC [PSYoungGen: 99776K->7520K(107520K)] 195789K->103533K(352768K), 0.0032370 secs] [Times: user=0.02 sys=0.00, real=0.00 secs] 
150.913: Total time for which application threads were stopped: 0.0034460 seconds, Stopping threads took: 0.0001080 seconds
150.945: Application time: 0.0321780 seconds
150.945: [GC [PSYoungGen: 99680K->7680K(107520K)] 195693K->103693K(352768K), 0.0031110 secs] [Times: user=0.02 sys=0.00, real=0.01 secs] 
150.948: Total time for which application threads were stopped: 0.0032930 seconds, Stopping threads took: 0.0000840 seconds
150.978: Application time: 0.0295260 seconds
150.978: [GC [PSYoungGen: 99840K->7984K(107520K)] 195853K->103997K(352768K), 0.0032680 secs] [Times: user=0.02 sys=0.00, real=0.00 secs] 
150.981: Total time for which application threads were stopped: 0.0034650 seconds, Stopping threads took: 0.0000950 seconds
151.006: Application time: 0.0247010 seconds
151.006: [GC [PSYoungGen: 100144K->7920K(107520K)] 196157K->103933K(352768K), 0.0031630 secs] [Times: user=0.02 sys=0.00, real=0.01 secs] 
151.009: Total time for which application threads were stopped: 0.0033080 seconds, Stopping threads took: 0.0000430 seconds
151.032: Application time: 0.0224240 seconds
151.032: [GC [PSYoungGen: 100080K->8272K(107520K)] 196093K->104285K(352768K), 0.0032350 secs] [Times: user=0.02 sys=0.00, real=0.00 secs] 
151.035: Total time for which application threads were stopped: 0.0034560 seconds, Stopping threads took: 0.0001010 seconds
151.064: Application time: 0.0286130 seconds
151.064: [GC [PSYoungGen: 100432K->12256K(107520K)] 196445K->108269K(352768K), 0.0045580 secs] [Times: user=0.03 sys=0.00, real=0.01 secs] 
151.069: Total time for which application threads were stopped: 0.0047230 seconds, Stopping threads took: 0.0000640 seconds
151.105: Application time: 0.0363400 seconds
151.105: [GC [PSYoungGen: 104416K->10208K(107520K)] 200429K->106221K(352768K), 0.0039500 secs] [Times: user=0.03 sys=0.00, real=0.01 secs] 
151.109: Total time for which application threads were stopped: 0.0041420 seconds, Stopping threads took: 0.0000890 seconds
151.146: Application time: 0.0363850 seconds
151.146: [GC [PSYoungGen: 102368K->7856K(107520K)] 198381K->103869K(352768K), 0.0031700 secs] [Times: user=0.02 sys=0.00, real=0.01 secs] 
151.149: Total time for which application threads were stopped: 0.0033580 seconds, Stopping threads took: 0.0000840 seconds
151.186: Application time: 0.0370960 seconds
151.186: [GC [PSYoungGen: 100016K->7808K(107520K)] 196029K->103821K(352768K), 0.0031950 secs] [Times: user=0.02 sys=0.00, real=0.01 secs] 
151.189: Total time for which application threads were stopped: 0.0033940 seconds, Stopping threads took: 0.0000960 seconds
151.219: Application time: 0.0298770 seconds
151.219: [GC [PSYoungGen: 99968K->8080K(107520K)] 195981K->104093K(352768K), 0.0031600 secs] [Times: user=0.02 sys=0.00, real=0.00 secs] 
151.223: Total time for which application threads were stopped: 0.0033660 seconds, Stopping threads took: 0.0001030 seconds
151.251: Application time: 0.0280810 seconds
151.251: [GC [PSYoungGen: 100240K->8000K(107520K)] 196253K->104013K(352768K), 0.0031270 secs] [Times: user=0.02 sys=0.00, real=0.00 secs] 
151.254: Total time for which application threads were stopped: 0.0033220 seconds, Stopping threads took: 0.0000930 seconds
151.276: Application time: 0.0221420 seconds
151.276: [GC [PSYoungGen: 100160K->8032K(107520K)] 196173K->104045K(352768K), 0.0030280 secs] [Times: user=0.02 sys=0.00, real=0.00 secs] 
151.279: Total time for which application threads were stopped: 0.0031930 seconds, Stopping threads took: 0.0000490 seconds
151.304: Application time: 0.0243640 seconds
151.304: [GC [PSYoungGen: 100192K->11360K(107520K)] 196205K->107373K(352768K), 0.0044480 secs] [Times: user=0.03 sys=0.00, real=0.01 secs] 
151.308: Total time for which application threads were stopped: 0.0046400 seconds, Stopping threads took: 0.0000890 seconds
151.344: Application time: 0.0353100 seconds
151.344: [GC [PSYoungGen: 103520K->10496K(107520K)] 199533K->106509K(352768K), 0.0038980 secs] [Times: user=0.03 sys=0.00, real=0.00 secs] 
151.348: Total time for which application threads were stopped: 0.0040730 seconds, Stopping threads took: 0.0000720 seconds
151.384: Application time: 0.0365580 seconds
151.384: [GC [PSYoungGen: 102656K->8016K(107520K)] 198669K->104029K(352768K), 0.0032110 secs] [Times: user=0.02 sys=0.00, real=0.00 secs] 
151.388: Total time for which application threads were stopped: 0.0034100 seconds, Stopping threads took: 0.0000960 seconds
151.426: Application time: 0.0387150 seconds
151.427: [GC [PSYoungGen: 100176K->7664K(107520K)] 196189K->103677K(352768K), 0.0031170 secs] [Times: user=0.02 sys=0.00, real=0.01 secs] 
151.430: Total time for which application threads were stopped: 0.0033380 seconds, Stopping threads took: 0.0001110 seconds
151.459: Application time: 0.0295970 seconds
151.460: [GC [PSYoungGen: 99824K->7680K(107520K)] 195837K->103814K(352768K), 0.0031390 secs] [Times: user=0.02 sys=0.01, real=0.00 secs] 
151.463: Total time for which application threads were stopped: 0.0033100 seconds, Stopping threads took: 0.0000710 seconds
151.494: Application time: 0.0314020 seconds
151.494: [GC [PSYoungGen: 99840K->7744K(107520K)] 195974K->104014K(352768K), 0.0031340 secs] [Times: user=0.02 sys=0.00, real=0.01 secs] 
151.497: Total time for which application threads were stopped: 0.0033270 seconds, Stopping threads took: 0.0000930 seconds
151.520: Application time: 0.0225670 seconds
151.524: [GC [PSYoungGen: 99904K->7504K(107520K)] 196174K->103862K(352768K), 0.0030910 secs] [Times: user=0.02 sys=0.00, real=0.00 secs] 
151.528: Total time for which application threads were stopped: 0.0074950 seconds, Stopping threads took: 0.0043070 seconds
151.551: Application time: 0.0234930 seconds
151.551: [GC [PSYoungGen: 99664K->9456K(107520K)] 196022K->105814K(352768K), 0.0038500 secs] [Times: user=0.02 sys=0.00, real=0.00 secs] 
151.555: Total time for which application threads were stopped: 0.0040420 seconds, Stopping threads took: 0.0000660 seconds
151.586: Application time: 0.0313340 seconds
151.587: [GC [PSYoungGen: 101616K->14000K(107520K)] 197974K->110358K(352768K), 0.0054030 secs] [Times: user=0.04 sys=0.00, real=0.01 secs] 
151.592: Total time for which application threads were stopped: 0.0056110 seconds, Stopping threads took: 0.0001060 seconds
151.626: Application time: 0.0335310 seconds
151.626: [GC [PSYoungGen: 106160K->10496K(107520K)] 202518K->106862K(352768K), 0.0040770 secs] [Times: user=0.03 sys=0.00, real=0.01 secs] 
151.630: Total time for which application threads were stopped: 0.0042690 seconds, Stopping threads took: 0.0000920 seconds
151.669: Application time: 0.0393850 seconds
151.669: [GC [PSYoungGen: 102656K->7632K(107520K)] 199022K->103998K(352768K), 0.0030440 secs] [Times: user=0.02 sys=0.00, real=0.00 secs] 
151.672: Total time for which application threads were stopped: 0.0032410 seconds, Stopping threads took: 0.0000960 seconds
151.707: Application time: 0.0345200 seconds
151.707: [GC [PSYoungGen: 99792K->7600K(107520K)] 196158K->103966K(352768K), 0.0031100 secs] [Times: user=0.02 sys=0.00, real=0.01 secs] 
151.710: Total time for which application threads were stopped: 0.0033030 seconds, Stopping threads took: 0.0000930 seconds
151.741: Application time: 0.0309870 seconds
151.741: [GC [PSYoungGen: 99760K->7888K(107520K)] 196126K->104254K(352768K), 0.0031120 secs] [Times: user=0.02 sys=0.00, real=0.00 secs] 
151.745: Total time for which application threads were stopped: 0.0033080 seconds, Stopping threads took: 0.0000940 seconds
151.770: Application time: 0.0251340 seconds
151.770: [GC [PSYoungGen: 100048K->8112K(107520K)] 196414K->104478K(352768K), 0.0031780 secs] [Times: user=0.02 sys=0.00, real=0.00 secs] 
151.773: Total time for which application threads were stopped: 0.0033330 seconds, Stopping threads took: 0.0000540 seconds
151.794: Application time: 0.0213720 seconds
151.795: [GC [PSYoungGen: 100272K->8064K(107520K)] 196638K->104430K(352768K), 0.0031170 secs] [Times: user=0.02 sys=0.00, real=0.01 secs] 
151.798: Total time for which application threads were stopped: 0.0032910 seconds, Stopping threads took: 0.0000750 seconds
151.828: Application time: 0.0298240 seconds
151.828: [GC [PSYoungGen: 100224K->10688K(107520K)] 196590K->107054K(352768K), 0.0040040 secs] [Times: user=0.03 sys=0.00, real=0.01 secs] 
151.832: Total time for which application threads were stopped: 0.0041930 seconds, Stopping threads took: 0.0000850 seconds
151.865: Application time: 0.0332300 seconds
151.865: [GC [PSYoungGen: 102848K->8048K(107520K)] 199214K->104414K(352768K), 0.0030350 secs] [Times: user=0.02 sys=0.00, real=0.00 secs] 
151.868: Total time for which application threads were stopped: 0.0032140 seconds, Stopping threads took: 0.0000700 seconds
151.905: Application time: 0.0366330 seconds
151.905: [GC [PSYoungGen: 100208K->7792K(107520K)] 196574K->104158K(352768K), 0.0030490 secs] [Times: user=0.02 sys=0.00, real=0.00 secs] 
151.908: Total time for which application threads were stopped: 0.0032460 seconds, Stopping threads took: 0.0000970 seconds
151.947: Application time: 0.0384480 seconds
151.947: [GC [PSYoungGen: 99952K->7904K(107520K)] 196318K->104270K(352768K), 0.0032430 secs] [Times: user=0.01 sys=0.00, real=0.01 secs] 
151.950: Total time for which application threads were stopped: 0.0034400 seconds, Stopping threads took: 0.0000970 seconds
151.978: Application time: 0.0281730 seconds
151.978: [GC [PSYoungGen: 100064K->7680K(107520K)] 196430K->104046K(352768K), 0.0030880 secs] [Times: user=0.02 sys=0.00, real=0.00 secs] 
151.981: Total time for which application threads were stopped: 0.0032610 seconds, Stopping threads took: 0.0000720 seconds
152.013: Application time: 0.0313360 seconds
152.013: [GC [PSYoungGen: 99840K->7824K(107520K)] 196206K->104190K(352768K), 0.0032510 secs] [Times: user=0.02 sys=0.00, real=0.00 secs] 
152.016: Total time for which application threads were stopped: 0.0034720 seconds, Stopping threads took: 0.0001180 seconds
152.039: Application time: 0.0225640 seconds
152.039: [GC [PSYoungGen: 99984K->8000K(107520K)] 196350K->104366K(352768K), 0.0031290 secs] [Times: user=0.02 sys=0.00, real=0.00 secs] 
152.042: Total time for which application threads were stopped: 0.0033240 seconds, Stopping threads took: 0.0000930 seconds
152.066: Application time: 0.0236660 seconds
152.066: [GC [PSYoungGen: 100160K->9552K(107520K)] 196526K->105918K(352768K), 0.0036940 secs] [Times: user=0.03 sys=0.00, real=0.01 secs] 
152.070: Total time for which application threads were stopped: 0.0038650 seconds, Stopping threads took: 0.0000510 seconds
152.102: Application time: 0.0324470 seconds
152.102: [GC [PSYoungGen: 101712K->11856K(107520K)] 198078K->108222K(352768K), 0.0043480 secs] [Times: user=0.03 sys=0.00, real=0.00 secs] 
152.107: Total time for which application threads were stopped: 0.0045580 seconds, Stopping threads took: 0.0001070 seconds
152.142: Application time: 0.0350830 seconds
152.142: [GC [PSYoungGen: 104016K->8688K(107520K)] 200382K->105054K(352768K), 0.0033340 secs] [Times: user=0.02 sys=0.00, real=0.00 secs] 
152.145: Total time for which application threads were stopped: 0.0035310 seconds, Stopping threads took: 0.0000970 seconds
152.184: Application time: 0.0390530 seconds
152.188: [GC [PSYoungGen: 100848K->7696K(107520K)] 197214K->104062K(352768K), 0.0030350 secs] [Times: user=0.02 sys=0.00, real=0.00 secs] 
152.191: Total time for which application threads were stopped: 0.0071630 seconds, Stopping threads took: 0.0040290 seconds
152.226: Application time: 0.0340900 seconds
152.226: [GC [PSYoungGen: 99856K->7776K(107520K)] 196222K->104230K(352768K), 0.0031810 secs] [Times: user=0.02 sys=0.00, real=0.01 secs] 
152.229: Total time for which application threads were stopped: 0.0033720 seconds, Stopping threads took: 0.0000920 seconds
152.259: Application time: 0.0299630 seconds
152.259: [GC [PSYoungGen: 99936K->7712K(107520K)] 196390K->104322K(352768K), 0.0030640 secs] [Times: user=0.02 sys=0.00, real=0.00 secs] 
152.262: Total time for which application threads were stopped: 0.0032460 seconds, Stopping threads took: 0.0000830 seconds
152.287: Application time: 0.0248570 seconds
152.287: [GC [PSYoungGen: 99872K->7776K(107520K)] 196482K->104466K(352768K), 0.0030820 secs] [Times: user=0.02 sys=0.00, real=0.01 secs] 
152.290: Total time for which application threads were stopped: 0.0032510 seconds, Stopping threads took: 0.0000650 seconds
152.312: Application time: 0.0217870 seconds
152.312: [GC [PSYoungGen: 99936K->8176K(107520K)] 196626K->104866K(352768K), 0.0031910 secs] [Times: user=0.02 sys=0.00, real=0.00 secs] 
152.315: Total time for which application threads were stopped: 0.0033800 seconds, Stopping threads took: 0.0000870 seconds
152.345: Application time: 0.0299880 seconds
152.346: [GC [PSYoungGen: 100336K->9360K(107520K)] 197026K->106050K(352768K), 0.0034840 secs] [Times: user=0.03 sys=0.00, real=0.01 secs] 
152.349: Total time for which application threads were stopped: 0.0036710 seconds, Stopping threads took: 0.0000870 seconds
152.383: Application time: 0.0343420 seconds
152.384: [GC [PSYoungGen: 101520K->10320K(107520K)] 198210K->107018K(352768K), 0.0040560 secs] [Times: user=0.03 sys=0.00, real=0.00 secs] 
152.388: Total time for which application threads were stopped: 0.0042600 seconds, Stopping threads took: 0.0001030 seconds
152.425: Application time: 0.0373670 seconds
152.425: [GC [PSYoungGen: 102480K->7488K(107520K)] 199178K->104186K(352768K), 0.0032150 secs] [Times: user=0.02 sys=0.00, real=0.01 secs] 
152.428: Total time for which application threads were stopped: 0.0033910 seconds, Stopping threads took: 0.0000750 seconds
152.465: Application time: 0.0365390 seconds
152.465: [GC [PSYoungGen: 99648K->7712K(107520K)] 196346K->104410K(352768K), 0.0032100 secs] [Times: user=0.02 sys=0.00, real=0.01 secs] 
152.468: Total time for which application threads were stopped: 0.0033890 seconds, Stopping threads took: 0.0000810 seconds
152.499: Application time: 0.0302110 seconds
152.499: [GC [PSYoungGen: 99872K->7648K(107520K)] 196570K->104346K(352768K), 0.0031850 secs] [Times: user=0.02 sys=0.00, real=0.00 secs] 
152.502: Total time for which application threads were stopped: 0.0033570 seconds, Stopping threads took: 0.0000700 seconds
152.530: Application time: 0.0278260 seconds
152.530: [GC [PSYoungGen: 99808K->7792K(107520K)] 196506K->104490K(352768K), 0.0030100 secs] [Times: user=0.02 sys=0.00, real=0.00 secs] 
152.533: Total time for which application threads were stopped: 0.0031920 seconds, Stopping threads took: 0.0000810 seconds
152.557: Application time: 0.0238870 seconds
152.557: [GC [PSYoungGen: 99952K->7952K(107520K)] 196650K->104650K(352768K), 0.0032490 secs] [Times: user=0.03 sys=0.00, real=0.00 secs] 
152.560: Total time for which application threads were stopped: 0.0034290 seconds, Stopping threads took: 0.0000740 seconds
152.585: Application time: 0.0244840 seconds
152.585: [GC [PSYoungGen: 100112K->11600K(107520K)] 196810K->108298K(352768K), 0.0044580 secs] [Times: user=0.03 sys=0.00, real=0.01 secs] 
152.589: Total time for which application threads were stopped: 0.0046890 seconds, Stopping threads took: 0.0001020 seconds
152.622: Application time: 0.0326810 seconds
152.622: [GC [PSYoungGen: 103760K->9488K(107520K)] 200458K->106186K(352768K), 0.0035800 secs] [Times: user=0.02 sys=0.00, real=0.00 secs] 
152.626: Total time for which application threads were stopped: 0.0037660 seconds, Stopping threads took: 0.0000830 seconds
152.662: Application time: 0.0364910 seconds
152.663: [GC [PSYoungGen: 101648K->8224K(107520K)] 198346K->104922K(352768K), 0.0032270 secs] [Times: user=0.02 sys=0.00, real=0.00 secs] 
152.666: Total time for which application threads were stopped: 0.0034040 seconds, Stopping threads took: 0.0000770 seconds
152.705: Application time: 0.0386830 seconds
152.705: [GC [PSYoungGen: 100384K->7696K(107520K)] 197082K->104394K(352768K), 0.0030600 secs] [Times: user=0.02 sys=0.00, real=0.00 secs] 
152.708: Total time for which application threads were stopped: 0.0032380 seconds, Stopping threads took: 0.0000790 seconds
152.741: Application time: 0.0334880 seconds
152.741: [GC [PSYoungGen: 99856K->7984K(107520K)] 196554K->104682K(352768K), 0.0031510 secs] [Times: user=0.02 sys=0.00, real=0.00 secs] 
152.745: Total time for which application threads were stopped: 0.0033300 seconds, Stopping threads took: 0.0000770 seconds
152.775: Application time: 0.0305580 seconds
152.775: [GC [PSYoungGen: 100144K->7856K(107520K)] 196842K->104554K(352768K), 0.0034060 secs] [Times: user=0.03 sys=0.00, real=0.01 secs] 
152.779: Total time for which application threads were stopped: 0.0036080 seconds, Stopping threads took: 0.0000920 seconds
152.804: Application time: 0.0254950 seconds
152.804: [GC [PSYoungGen: 100016K->7872K(107520K)] 196714K->104570K(352768K), 0.0032010 secs] [Times: user=0.02 sys=0.00, real=0.00 secs] 
152.808: Total time for which application threads were stopped: 0.0034110 seconds, Stopping threads took: 0.0000980 seconds
152.830: Application time: 0.0225800 seconds
152.830: [GC [PSYoungGen: 100032K->9632K(107520K)] 196730K->106330K(352768K), 0.0037860 secs] [Times: user=0.03 sys=0.00, real=0.00 secs] 
152.834: Total time for which application threads were stopped: 0.0039710 seconds, Stopping threads took: 0.0000800 seconds
152.864: Application time: 0.0296000 seconds
152.864: [GC [PSYoungGen: 101792K->12720K(107520K)] 198490K->109418K(352768K), 0.0048800 secs] [Times: user=0.03 sys=0.00, real=0.01 secs] 
152.869: Total time for which application threads were stopped: 0.0050550 seconds, Stopping threads took: 0.0000710 seconds
152.904: Application time: 0.0349480 seconds
152.904: [GC [PSYoungGen: 104880K->10304K(107520K)] 201578K->107002K(352768K), 0.0040000 secs] [Times: user=0.03 sys=0.00, real=0.00 secs] 
152.908: Total time for which application threads were stopped: 0.0041920 seconds, Stopping threads took: 0.0000880 seconds
152.947: Application time: 0.0391210 seconds
152.947: [GC [PSYoungGen: 102464K->8176K(107520K)] 199162K->104874K(352768K), 0.0031540 secs] [Times: user=0.02 sys=0.00, real=0.01 secs] 
152.950: Total time for which application threads were stopped: 0.0033310 seconds, Stopping threads took: 0.0000760 seconds
152.985: Application time: 0.0347010 seconds
152.985: [GC [PSYoungGen: 100336K->7840K(107520K)] 197034K->104594K(352768K), 0.0032120 secs] [Times: user=0.02 sys=0.00, real=0.01 secs] 
152.989: Total time for which application threads were stopped: 0.0034040 seconds, Stopping threads took: 0.0000910 seconds
153.019: Application time: 0.0306640 seconds
153.019: [GC [PSYoungGen: 100000K->7600K(107520K)] 196754K->104530K(352768K), 0.0031640 secs] [Times: user=0.02 sys=0.01, real=0.00 secs] 
153.023: Total time for which application threads were stopped: 0.0033650 seconds, Stopping threads took: 0.0001010 seconds
153.049: Application time: 0.0258880 seconds
153.049: [GC [PSYoungGen: 99760K->7712K(107520K)] 196690K->104722K(352768K), 0.0031450 secs] [Times: user=0.01 sys=0.00, real=0.00 secs] 
153.052: Total time for which application threads were stopped: 0.0033320 seconds, Stopping threads took: 0.0000890 seconds
153.076: Application time: 0.0238050 seconds
153.076: [GC [PSYoungGen: 99872K->7904K(107520K)] 196882K->104914K(352768K), 0.0030780 secs] [Times: user=0.03 sys=0.00, real=0.01 secs] 
153.079: Total time for which application threads were stopped: 0.0032410 seconds, Stopping threads took: 0.0000620 seconds
153.107: Application time: 0.0282690 seconds
153.107: [GC [PSYoungGen: 100064K->10112K(107520K)] 197074K->107122K(352768K), 0.0038940 secs] [Times: user=0.03 sys=0.00, real=0.01 secs] 
153.111: Total time for which application threads were stopped: 0.0040890 seconds, Stopping threads took: 0.0000690 seconds
153.143: Application time: 0.0317830 seconds
153.143: [GC [PSYoungGen: 102272K->10304K(107520K)] 199282K->107314K(352768K), 0.0040330 secs] [Times: user=0.03 sys=0.00, real=0.00 secs] 
153.147: Total time for which application threads were stopped: 0.0042240 seconds, Stopping threads took: 0.0000900 seconds
153.184: Application time: 0.0370360 seconds
153.184: [GC [PSYoungGen: 102464K->7744K(107520K)] 199474K->104762K(352768K), 0.0030800 secs] [Times: user=0.02 sys=0.00, real=0.00 secs] 
153.188: Total time for which application threads were stopped: 0.0033100 seconds, Stopping threads took: 0.0001250 seconds
153.225: Application time: 0.0369660 seconds
153.225: [GC [PSYoungGen: 99904K->7344K(107520K)] 196922K->104362K(352768K), 0.0030320 secs] [Times: user=0.02 sys=0.00, real=0.00 secs] 
153.228: Total time for which application threads were stopped: 0.0032160 seconds, Stopping threads took: 0.0000870 seconds
153.260: Application time: 0.0323720 seconds
153.260: [GC [PSYoungGen: 99504K->7696K(107520K)] 196522K->104714K(352768K), 0.0032070 secs] [Times: user=0.02 sys=0.00, real=0.00 secs] 
153.264: Total time for which application threads were stopped: 0.0034100 seconds, Stopping threads took: 0.0000850 seconds
153.291: Application time: 0.0276870 seconds
153.291: [GC [PSYoungGen: 99856K->7728K(107520K)] 196874K->104746K(352768K), 0.0031010 secs] [Times: user=0.02 sys=0.00, real=0.00 secs] 
153.295: Total time for which application threads were stopped: 0.0032980 seconds, Stopping threads took: 0.0000960 seconds
153.320: Application time: 0.0254730 seconds
153.320: [GC [PSYoungGen: 99888K->8384K(107520K)] 196906K->105402K(352768K), 0.0032220 secs] [Times: user=0.02 sys=0.00, real=0.00 secs] 
153.323: Total time for which application threads were stopped: 0.0034150 seconds, Stopping threads took: 0.0000900 seconds
153.347: Application time: 0.0233610 seconds
153.347: [GC [PSYoungGen: 100544K->10096K(107520K)] 197562K->107114K(352768K), 0.0038040 secs] [Times: user=0.03 sys=0.00, real=0.01 secs] 
153.351: Total time for which application threads were stopped: 0.0039960 seconds, Stopping threads took: 0.0000880 seconds
153.379: Application time: 0.0284600 seconds
153.379: [GC [PSYoungGen: 102256K->12848K(107520K)] 199274K->109866K(352768K), 0.0049850 secs] [Times: user=0.04 sys=0.00, real=0.00 secs] 
153.384: Total time for which application threads were stopped: 0.0051900 seconds, Stopping threads took: 0.0000990 seconds
153.422: Application time: 0.0374300 seconds
153.424: [GC [PSYoungGen: 105008K->9216K(107520K)] 202026K->106234K(352768K), 0.0035120 secs] [Times: user=0.03 sys=0.00, real=0.00 secs] 
153.428: Total time for which application threads were stopped: 0.0060280 seconds, Stopping threads took: 0.0024150 seconds
153.464: Application time: 0.0365340 seconds
153.465: [GC [PSYoungGen: 101376K->7664K(107520K)] 198394K->104682K(352768K), 0.0031900 secs] [Times: user=0.02 sys=0.00, real=0.00 secs] 
153.468: Total time for which application threads were stopped: 0.0033680 seconds, Stopping threads took: 0.0000790 seconds
153.504: Application time: 0.0358460 seconds
153.504: [GC [PSYoungGen: 99824K->7872K(107520K)] 196842K->104890K(352768K), 0.0032690 secs] [Times: user=0.02 sys=0.00, real=0.00 secs] 
153.507: Total time for which application threads were stopped: 0.0034630 seconds, Stopping threads took: 0.0000940 seconds
153.536: Application time: 0.0289850 seconds
153.536: [GC [PSYoungGen: 100032K->7712K(107520K)] 197050K->104730K(352768K), 0.0030620 secs] [Times: user=0.02 sys=0.00, real=0.00 secs] 
153.539: Total time for which application threads were stopped: 0.0032950 seconds, Stopping threads took: 0.0001200 seconds
153.565: Application time: 0.0258200 seconds
153.568: [GC [PSYoungGen: 99872K->8064K(107520K)] 196890K->105082K(352768K), 0.0032110 secs] [Times: user=0.01 sys=0.00, real=0.00 secs] 
153.572: Total time for which application threads were stopped: 0.0063630 seconds, Stopping threads took: 0.0030490 seconds
153.596: Application time: 0.0239630 seconds
153.596: [GC [PSYoungGen: 100224K->9824K(107520K)] 197242K->106842K(352768K), 0.0037700 secs] [Times: user=0.02 sys=0.00, real=0.01 secs] 
153.600: Total time for which application threads were stopped: 0.0039580 seconds, Stopping threads took: 0.0000820 seconds
153.626: Application time: 0.0263450 seconds
153.626: [GC [PSYoungGen: 101984K->11712K(107520K)] 199002K->108730K(352768K), 0.0044510 secs] [Times: user=0.04 sys=0.00, real=0.01 secs] 
153.631: Total time for which application threads were stopped: 0.0046500 seconds, Stopping threads took: 0.0000780 seconds
153.666: Application time: 0.0352960 seconds
153.666: [GC [PSYoungGen: 103872K->8352K(107520K)] 200890K->105370K(352768K), 0.0032440 secs] [Times: user=0.02 sys=0.00, real=0.01 secs] 
153.669: Total time for which application threads were stopped: 0.0034260 seconds, Stopping threads took: 0.0000820 seconds
153.705: Application time: 0.0359120 seconds
153.705: [GC [PSYoungGen: 100512K->7888K(107520K)] 197530K->104906K(352768K), 0.0031540 secs] [Times: user=0.02 sys=0.00, real=0.01 secs] 
153.709: Total time for which application threads were stopped: 0.0033370 seconds, Stopping threads took: 0.0000810 seconds
153.746: Application time: 0.0373710 seconds
153.748: [GC [PSYoungGen: 100048K->7856K(107520K)] 197066K->104874K(352768K), 0.0031670 secs] [Times: user=0.02 sys=0.00, real=0.00 secs] 
153.752: Total time for which application threads were stopped: 0.0057380 seconds, Stopping threads took: 0.0024700 seconds
153.782: Application time: 0.0301650 seconds
153.782: [GC [PSYoungGen: 100016K->7632K(107520K)] 197034K->104762K(352768K), 0.0031010 secs] [Times: user=0.02 sys=0.00, real=0.00 secs] 
153.785: Total time for which application threads were stopped: 0.0033040 seconds, Stopping threads took: 0.0001040 seconds
153.814: Application time: 0.0290910 seconds
153.814: [GC [PSYoungGen: 99792K->7600K(107520K)] 196922K->104854K(352768K), 0.0031180 secs] [Times: user=0.02 sys=0.00, real=0.01 secs] 
153.818: Total time for which application threads were stopped: 0.0032970 seconds, Stopping threads took: 0.0000790 seconds
153.840: Application time: 0.0226850 seconds
153.840: [GC [PSYoungGen: 99760K->7952K(107520K)] 197014K->105302K(352768K), 0.0031880 secs] [Times: user=0.02 sys=0.00, real=0.00 secs] 
153.844: Total time for which application threads were stopped: 0.0033720 seconds, Stopping threads took: 0.0000860 seconds
153.869: Application time: 0.0258370 seconds
153.870: [GC [PSYoungGen: 100112K->8544K(107520K)] 197462K->105894K(352768K), 0.0032690 secs] [Times: user=0.01 sys=0.00, real=0.00 secs] 
153.873: Total time for which application threads were stopped: 0.0034510 seconds, Stopping threads took: 0.0000790 seconds
153.905: Application time: 0.0318960 seconds
153.905: [GC [PSYoungGen: 100704K->10848K(107520K)] 198054K->108199K(352768K), 0.0041850 secs] [Times: user=0.03 sys=0.00, real=0.01 secs] 
153.909: Total time for which application threads were stopped: 0.0043460 seconds, Stopping threads took: 0.0000560 seconds
153.944: Application time: 0.0345480 seconds
153.944: [GC [PSYoungGen: 103008K->9040K(107520K)] 200359K->106406K(352768K), 0.0034980 secs] [Times: user=0.02 sys=0.00, real=0.00 secs] 
153.947: Total time for which application threads were stopped: 0.0037100 seconds, Stopping threads took: 0.0001110 seconds
153.986: Application time: 0.0382300 seconds
153.986: [GC [PSYoungGen: 101200K->7536K(107520K)] 198566K->104902K(352768K), 0.0030500 secs] [Times: user=0.02 sys=0.00, real=0.01 secs] 
153.989: Total time for which application threads were stopped: 0.0032500 seconds, Stopping threads took: 0.0001020 seconds
154.022: Application time: 0.0334560 seconds
154.022: [GC [PSYoungGen: 99696K->7712K(107520K)] 197062K->105078K(352768K), 0.0031540 secs] [Times: user=0.02 sys=0.00, real=0.00 secs] 
154.026: Total time for which application threads were stopped: 0.0033310 seconds, Stopping threads took: 0.0000750 seconds
154.055: Application time: 0.0293500 seconds
154.055: [GC [PSYoungGen: 99872K->7824K(107520K)] 197238K->105190K(352768K), 0.0030660 secs] [Times: user=0.02 sys=0.00, real=0.01 secs] 
154.058: Total time for which application threads were stopped: 0.0032550 seconds, Stopping threads took: 0.0000880 seconds
154.084: Application time: 0.0256470 seconds
154.084: [GC [PSYoungGen: 99984K->7968K(107520K)] 197350K->105335K(352768K), 0.0031680 secs] [Times: user=0.02 sys=0.00, real=0.00 secs] 
154.087: Total time for which application threads were stopped: 0.0033540 seconds, Stopping threads took: 0.0000830 seconds
154.109: Application time: 0.0220450 seconds
154.109: [GC [PSYoungGen: 100128K->9872K(107520K)] 197495K->107239K(352768K), 0.0038940 secs] [Times: user=0.03 sys=0.00, real=0.00 secs] 
154.113: Total time for which application threads were stopped: 0.0040720 seconds, Stopping threads took: 0.0000750 seconds
154.144: Application time: 0.0305310 seconds
154.144: [GC [PSYoungGen: 102032K->12816K(107520K)] 199399K->110183K(352768K), 0.0049420 secs] [Times: user=0.03 sys=0.00, real=0.01 secs] 
154.149: Total time for which application threads were stopped: 0.0051460 seconds, Stopping threads took: 0.0000830 seconds
154.182: Application time: 0.0329760 seconds
154.182: [GC [PSYoungGen: 104976K->10016K(107520K)] 202343K->107383K(352768K), 0.0038570 secs] [Times: user=0.02 sys=0.00, real=0.00 secs] 
154.186: Total time for which application threads were stopped: 0.0040490 seconds, Stopping threads took: 0.0000920 seconds
154.224: Application time: 0.0382240 seconds
154.228: [GC [PSYoungGen: 102176K->8144K(107520K)] 199543K->105510K(352768K), 0.0031790 secs] [Times: user=0.02 sys=0.00, real=0.00 secs] 
154.232: Total time for which application threads were stopped: 0.0072970 seconds, Stopping threads took: 0.0040170 seconds
154.268: Application time: 0.0361260 seconds
154.268: [GC [PSYoungGen: 100304K->7952K(107520K)] 197670K->105319K(352768K), 0.0032360 secs] [Times: user=0.02 sys=0.00, real=0.01 secs] 
154.271: Total time for which application threads were stopped: 0.0034400 seconds, Stopping threads took: 0.0001040 seconds
154.300: Application time: 0.0291880 seconds
154.301: [GC [PSYoungGen: 100112K->8048K(107520K)] 197479K->105415K(352768K), 0.0031440 secs] [Times: user=0.02 sys=0.00, real=0.00 secs] 
154.304: Total time for which application threads were stopped: 0.0033060 seconds, Stopping threads took: 0.0000620 seconds
154.333: Application time: 0.0293180 seconds
154.333: [GC [PSYoungGen: 100208K->7936K(107520K)] 197575K->105303K(352768K), 0.0030640 secs] [Times: user=0.02 sys=0.00, real=0.00 secs] 
154.336: Total time for which application threads were stopped: 0.0032460 seconds, Stopping threads took: 0.0000800 seconds
154.358: Application time: 0.0221210 seconds
154.359: [GC [PSYoungGen: 100090K->7792K(107520K)] 197457K->105158K(352768K), 0.0031250 secs] [Times: user=0.02 sys=0.00, real=0.00 secs] 
154.362: Total time for which application threads were stopped: 0.0033150 seconds, Stopping threads took: 0.0000900 seconds
154.388: Application time: 0.0260120 seconds
154.388: [GC [PSYoungGen: 99952K->9760K(107520K)] 197318K->107126K(352768K), 0.0036740 secs] [Times: user=0.03 sys=0.00, real=0.01 secs] 
154.392: Total time for which application threads were stopped: 0.0038950 seconds, Stopping threads took: 0.0001150 seconds
154.426: Application time: 0.0339000 seconds
154.426: [GC [PSYoungGen: 101920K->9040K(107520K)] 199286K->106407K(352768K), 0.0033700 secs] [Times: user=0.02 sys=0.00, real=0.01 secs] 
154.429: Total time for which application threads were stopped: 0.0035800 seconds, Stopping threads took: 0.0001080 seconds
154.464: Application time: 0.0344970 seconds
154.464: [GC [PSYoungGen: 101200K->8224K(107520K)] 198567K->105590K(352768K), 0.0031910 secs] [Times: user=0.03 sys=0.00, real=0.00 secs] 
154.467: Total time for which application threads were stopped: 0.0033730 seconds, Stopping threads took: 0.0000860 seconds
154.505: Application time: 0.0380580 seconds
154.505: [GC [PSYoungGen: 100384K->7776K(107520K)] 197750K->105142K(352768K), 0.0031100 secs] [Times: user=0.02 sys=0.00, real=0.01 secs] 
154.508: Total time for which application threads were stopped: 0.0033020 seconds, Stopping threads took: 0.0000840 seconds
154.541: Application time: 0.0325650 seconds
154.541: [GC [PSYoungGen: 99936K->7856K(107520K)] 197302K->105303K(352768K), 0.0032060 secs] [Times: user=0.02 sys=0.00, real=0.00 secs] 
154.544: Total time for which application threads were stopped: 0.0034050 seconds, Stopping threads took: 0.0000900 seconds
154.573: Application time: 0.0290950 seconds
154.574: [GC [PSYoungGen: 100016K->7760K(107520K)] 197463K->105343K(352768K), 0.0033280 secs] [Times: user=0.02 sys=0.00, real=0.01 secs] 
154.577: Total time for which application threads were stopped: 0.0034990 seconds, Stopping threads took: 0.0000690 seconds
154.602: Application time: 0.0250120 seconds
154.602: [GC [PSYoungGen: 99920K->7696K(107520K)] 197503K->105319K(352768K), 0.0030600 secs] [Times: user=0.02 sys=0.00, real=0.00 secs] 
154.605: Total time for which application threads were stopped: 0.0032610 seconds, Stopping threads took: 0.0001060 seconds
154.628: Application time: 0.0226980 seconds
154.628: [GC [PSYoungGen: 99856K->9472K(107520K)] 197479K->107143K(352768K), 0.0038630 secs] [Times: user=0.03 sys=0.00, real=0.01 secs] 
154.632: Total time for which application threads were stopped: 0.0040720 seconds, Stopping threads took: 0.0000980 seconds
154.660: Application time: 0.0284700 seconds
154.661: [GC [PSYoungGen: 101632K->11632K(107520K)] 199303K->109303K(352768K), 0.0044570 secs] [Times: user=0.02 sys=0.00, real=0.00 secs] 
154.665: Total time for which application threads were stopped: 0.0046480 seconds, Stopping threads took: 0.0000710 seconds
154.701: Application time: 0.0363780 seconds
154.702: [GC [PSYoungGen: 103792K->9856K(107520K)] 201463K->107535K(352768K), 0.0037730 secs] [Times: user=0.03 sys=0.00, real=0.00 secs] 
154.705: Total time for which application threads were stopped: 0.0039320 seconds, Stopping threads took: 0.0000550 seconds
154.743: Application time: 0.0375110 seconds
154.743: [GC [PSYoungGen: 102016K->7456K(107520K)] 199695K->105135K(352768K), 0.0030420 secs] [Times: user=0.02 sys=0.00, real=0.00 secs] 
154.746: Total time for which application threads were stopped: 0.0032420 seconds, Stopping threads took: 0.0001020 seconds
154.783: Application time: 0.0366580 seconds
154.783: [GC [PSYoungGen: 99616K->7728K(107520K)] 197295K->105407K(352768K), 0.0031240 secs] [Times: user=0.02 sys=0.00, real=0.00 secs] 
154.786: Total time for which application threads were stopped: 0.0033280 seconds, Stopping threads took: 0.0001010 seconds
154.815: Application time: 0.0290640 seconds
154.815: [GC [PSYoungGen: 99888K->7792K(107520K)] 197567K->105471K(352768K), 0.0032310 secs] [Times: user=0.02 sys=0.00, real=0.01 secs] 
154.819: Total time for which application threads were stopped: 0.0034350 seconds, Stopping threads took: 0.0001040 seconds
154.846: Application time: 0.0273830 seconds
154.846: [GC [PSYoungGen: 99952K->7952K(107520K)] 197631K->105631K(352768K), 0.0031590 secs] [Times: user=0.02 sys=0.00, real=0.01 secs] 
154.849: Total time for which application threads were stopped: 0.0033210 seconds, Stopping threads took: 0.0000610 seconds
154.872: Application time: 0.0228380 seconds
154.876: [GC [PSYoungGen: 100112K->8000K(107520K)] 197791K->105679K(352768K), 0.0031270 secs] [Times: user=0.02 sys=0.00, real=0.00 secs] 
154.880: Total time for which application threads were stopped: 0.0073420 seconds, Stopping threads took: 0.0041160 seconds
154.905: Application time: 0.0251270 seconds
154.905: [GC [PSYoungGen: 100160K->8736K(107520K)] 197839K->106415K(352768K), 0.0032160 secs] [Times: user=0.03 sys=0.00, real=0.00 secs] 
154.908: Total time for which application threads were stopped: 0.0033940 seconds, Stopping threads took: 0.0000800 seconds
154.943: Application time: 0.0351480 seconds
154.943: [GC [PSYoungGen: 100896K->9872K(107520K)] 198575K->107551K(352768K), 0.0036730 secs] [Times: user=0.02 sys=0.00, real=0.00 secs] 
154.947: Total time for which application threads were stopped: 0.0038640 seconds, Stopping threads took: 0.0000910 seconds
154.982: Application time: 0.0346130 seconds
154.982: [GC [PSYoungGen: 102032K->8080K(107520K)] 199711K->105759K(352768K), 0.0032040 secs] [Times: user=0.02 sys=0.00, real=0.00 secs] 
154.985: Total time for which application threads were stopped: 0.0033860 seconds, Stopping threads took: 0.0000830 seconds
155.024: Application time: 0.0391270 seconds
155.024: [GC [PSYoungGen: 100240K->8032K(107520K)] 197919K->105711K(352768K), 0.0031660 secs] [Times: user=0.02 sys=0.00, real=0.00 secs] 
155.028: Total time for which application threads were stopped: 0.0033550 seconds, Stopping threads took: 0.0000890 seconds
155.059: Application time: 0.0310630 seconds
155.059: [GC [PSYoungGen: 100192K->7888K(107520K)] 197871K->105567K(352768K), 0.0032160 secs] [Times: user=0.02 sys=0.00, real=0.00 secs] 
155.062: Total time for which application threads were stopped: 0.0033760 seconds, Stopping threads took: 0.0000570 seconds
155.091: Application time: 0.0285610 seconds
155.091: [GC [PSYoungGen: 100048K->7840K(107520K)] 197727K->105519K(352768K), 0.0031960 secs] [Times: user=0.02 sys=0.00, real=0.00 secs] 
155.094: Total time for which application threads were stopped: 0.0033900 seconds, Stopping threads took: 0.0000940 seconds
155.119: Application time: 0.0249670 seconds
155.119: [GC [PSYoungGen: 100000K->7872K(107520K)] 197679K->105551K(352768K), 0.0031680 secs] [Times: user=0.02 sys=0.00, real=0.00 secs] 
155.122: Total time for which application threads were stopped: 0.0033660 seconds, Stopping threads took: 0.0000980 seconds
155.144: Application time: 0.0220040 seconds
155.144: [GC [PSYoungGen: 100032K->9680K(107520K)] 197711K->107359K(352768K), 0.0037420 secs] [Times: user=0.03 sys=0.00, real=0.00 secs] 
155.148: Total time for which application threads were stopped: 0.0039140 seconds, Stopping threads took: 0.0000680 seconds
155.178: Application time: 0.0294190 seconds
155.178: [GC [PSYoungGen: 101840K->14144K(107520K)] 199519K->111823K(352768K), 0.0054300 secs] [Times: user=0.04 sys=0.00, real=0.00 secs] 
155.183: Total time for which application threads were stopped: 0.0056310 seconds, Stopping threads took: 0.0000770 seconds
155.222: Application time: 0.0382720 seconds
155.222: [GC [PSYoungGen: 106304K->8144K(107520K)] 203983K->105823K(352768K), 0.0033420 secs] [Times: user=0.02 sys=0.00, real=0.00 secs] 
155.225: Total time for which application threads were stopped: 0.0035120 seconds, Stopping threads took: 0.0000670 seconds
155.262: Application time: 0.0372270 seconds
155.262: [GC [PSYoungGen: 100304K->7968K(107520K)] 197983K->105647K(352768K), 0.0032100 secs] [Times: user=0.02 sys=0.00, real=0.00 secs] 
155.266: Total time for which application threads were stopped: 0.0033980 seconds, Stopping threads took: 0.0000870 seconds
155.302: Application time: 0.0361720 seconds
155.302: [GC [PSYoungGen: 100128K->7968K(107520K)] 197807K->105687K(352768K), 0.0031800 secs] [Times: user=0.02 sys=0.00, real=0.00 secs] 
155.305: Total time for which application threads were stopped: 0.0033650 seconds, Stopping threads took: 0.0000850 seconds
155.334: Application time: 0.0282920 seconds
155.334: [GC [PSYoungGen: 100128K->7648K(107520K)] 197847K->105551K(352768K), 0.0031070 secs] [Times: user=0.00 sys=0.02, real=0.01 secs] 
155.337: Total time for which application threads were stopped: 0.0032790 seconds, Stopping threads took: 0.0000710 seconds
155.365: Application time: 0.0277420 seconds
155.365: [GC [PSYoungGen: 99808K->7872K(107520K)] 197711K->105863K(352768K), 0.0031150 secs] [Times: user=0.02 sys=0.00, real=0.00 secs] 
155.368: Total time for which application threads were stopped: 0.0032890 seconds, Stopping threads took: 0.0000750 seconds
155.388: Application time: 0.0202960 seconds
155.388: [GC [PSYoungGen: 100032K->7888K(107520K)] 198023K->105879K(352768K), 0.0031390 secs] [Times: user=0.02 sys=0.00, real=0.00 secs] 
155.391: Total time for which application threads were stopped: 0.0033320 seconds, Stopping threads took: 0.0000860 seconds
155.416: Application time: 0.0244660 seconds
155.416: [GC [PSYoungGen: 100048K->10192K(107520K)] 198039K->108183K(352768K), 0.0038470 secs] [Times: user=0.03 sys=0.00, real=0.01 secs] 
155.420: Total time for which application threads were stopped: 0.0040250 seconds, Stopping threads took: 0.0000750 seconds
155.460: Application time: 0.0396590 seconds
155.460: [GC [PSYoungGen: 102352K->11392K(107520K)] 200343K->109391K(352768K), 0.0045030 secs] [Times: user=0.03 sys=0.00, real=0.00 secs] 
155.464: Total time for which application threads were stopped: 0.0047030 seconds, Stopping threads took: 0.0000970 seconds
155.499: Application time: 0.0344900 seconds
155.500: [GC [PSYoungGen: 103552K->7648K(107520K)] 201551K->105647K(352768K), 0.0030760 secs] [Times: user=0.02 sys=0.01, real=0.00 secs] 
155.504: Total time for which application threads were stopped: 0.0046840 seconds, Stopping threads took: 0.0015090 seconds
155.544: Application time: 0.0400250 seconds
155.544: [GC [PSYoungGen: 99808K->7728K(107520K)] 197807K->105727K(352768K), 0.0031450 secs] [Times: user=0.02 sys=0.00, real=0.00 secs] 
155.547: Total time for which application threads were stopped: 0.0033340 seconds, Stopping threads took: 0.0000870 seconds
155.575: Application time: 0.0282240 seconds
155.575: [GC [PSYoungGen: 99888K->7664K(107520K)] 197887K->105663K(352768K), 0.0031370 secs] [Times: user=0.02 sys=0.00, real=0.01 secs] 
155.578: Total time for which application threads were stopped: 0.0033620 seconds, Stopping threads took: 0.0001230 seconds
155.609: Application time: 0.0309750 seconds
155.610: [GC [PSYoungGen: 99824K->7776K(107520K)] 197823K->105775K(352768K), 0.0030880 secs] [Times: user=0.02 sys=0.00, real=0.00 secs] 
155.613: Total time for which application threads were stopped: 0.0032710 seconds, Stopping threads took: 0.0000830 seconds
155.635: Application time: 0.0226920 seconds
155.636: [GC [PSYoungGen: 99936K->7872K(107520K)] 197935K->105871K(352768K), 0.0031200 secs] [Times: user=0.02 sys=0.00, real=0.01 secs] 
155.639: Total time for which application threads were stopped: 0.0033160 seconds, Stopping threads took: 0.0000980 seconds
155.660: Application time: 0.0208910 seconds
155.660: [GC [PSYoungGen: 100032K->8224K(107520K)] 198031K->106223K(352768K), 0.0031540 secs] [Times: user=0.02 sys=0.00, real=0.00 secs] 
155.663: Total time for which application threads were stopped: 0.0033310 seconds, Stopping threads took: 0.0000770 seconds
155.698: Application time: 0.0351350 seconds
155.698: [GC [PSYoungGen: 100384K->11616K(107520K)] 198383K->109615K(352768K), 0.0042770 secs] [Times: user=0.03 sys=0.00, real=0.00 secs] 
155.703: Total time for which application threads were stopped: 0.0044750 seconds, Stopping threads took: 0.0000780 seconds
155.737: Application time: 0.0342320 seconds
155.737: [GC [PSYoungGen: 103776K->8064K(107520K)] 201775K->106063K(352768K), 0.0031150 secs] [Times: user=0.02 sys=0.00, real=0.00 secs] 
155.740: Total time for which application threads were stopped: 0.0032890 seconds, Stopping threads took: 0.0000740 seconds
155.780: Application time: 0.0396060 seconds
155.780: [GC [PSYoungGen: 100224K->7728K(107520K)] 198223K->105727K(352768K), 0.0031380 secs] [Times: user=0.02 sys=0.00, real=0.00 secs] 
155.783: Total time for which application threads were stopped: 0.0033370 seconds, Stopping threads took: 0.0001000 seconds
155.817: Application time: 0.0335910 seconds
155.817: [GC [PSYoungGen: 99888K->7808K(107520K)] 197887K->105807K(352768K), 0.0032500 secs] [Times: user=0.02 sys=0.00, real=0.00 secs] 
155.820: Total time for which application threads were stopped: 0.0034580 seconds, Stopping threads took: 0.0001050 seconds
155.849: Application time: 0.0285340 seconds
155.849: [GC [PSYoungGen: 99968K->7776K(107520K)] 197967K->105775K(352768K), 0.0031500 secs] [Times: user=0.02 sys=0.00, real=0.00 secs] 
155.852: Total time for which application threads were stopped: 0.0033360 seconds, Stopping threads took: 0.0000860 seconds
155.879: Application time: 0.0271020 seconds
155.879: [GC [PSYoungGen: 99936K->8000K(107520K)] 197935K->105999K(352768K), 0.0032350 secs] [Times: user=0.02 sys=0.00, real=0.00 secs] 
155.883: Total time for which application threads were stopped: 0.0034440 seconds, Stopping threads took: 0.0001100 seconds
155.902: Application time: 0.0195740 seconds
155.902: [GC [PSYoungGen: 100160K->8112K(107520K)] 198159K->106111K(352768K), 0.0031200 secs] [Times: user=0.02 sys=0.00, real=0.00 secs] 
155.905: Total time for which application threads were stopped: 0.0033030 seconds, Stopping threads took: 0.0000850 seconds
155.931: Application time: 0.0260580 seconds
155.932: [GC [PSYoungGen: 100272K->11568K(107520K)] 198271K->109567K(352768K), 0.0045030 secs] [Times: user=0.04 sys=0.00, real=0.00 secs] 
155.936: Total time for which application threads were stopped: 0.0046930 seconds, Stopping threads took: 0.0000870 seconds
155.976: Application time: 0.0400040 seconds
155.976: [GC [PSYoungGen: 103728K->8656K(107520K)] 201727K->106655K(352768K), 0.0032760 secs] [Times: user=0.02 sys=0.00, real=0.00 secs] 
155.980: Total time for which application threads were stopped: 0.0034650 seconds, Stopping threads took: 0.0000800 seconds
156.014: Application time: 0.0345810 seconds
156.014: [GC [PSYoungGen: 100816K->7968K(107520K)] 198815K->105967K(352768K), 0.0031550 secs] [Times: user=0.02 sys=0.00, real=0.01 secs] 
156.018: Total time for which application threads were stopped: 0.0033520 seconds, Stopping threads took: 0.0000860 seconds
156.058: Application time: 0.0400570 seconds
156.058: [GC [PSYoungGen: 100128K->8080K(107520K)] 198127K->106079K(352768K), 0.0032090 secs] [Times: user=0.02 sys=0.00, real=0.00 secs] 
156.061: Total time for which application threads were stopped: 0.0033980 seconds, Stopping threads took: 0.0000910 seconds
156.088: Application time: 0.0267000 seconds
156.088: [GC [PSYoungGen: 100240K->7856K(107520K)] 198239K->106003K(352768K), 0.0032340 secs] [Times: user=0.03 sys=0.00, real=0.00 secs] 
156.092: Total time for which application threads were stopped: 0.0039850 seconds, Stopping threads took: 0.0006510 seconds
156.123: Application time: 0.0312490 seconds
156.123: [GC [PSYoungGen: 100016K->7856K(107520K)] 198163K->106151K(352768K), 0.0032500 secs] [Times: user=0.02 sys=0.00, real=0.00 secs] 
156.126: Total time for which application threads were stopped: 0.0034650 seconds, Stopping threads took: 0.0001160 seconds
156.147: Application time: 0.0209940 seconds
156.148: [GC [PSYoungGen: 100016K->7888K(107520K)] 198311K->106183K(352768K), 0.0031050 secs] [Times: user=0.02 sys=0.00, real=0.01 secs] 
156.151: Total time for which application threads were stopped: 0.0032840 seconds, Stopping threads took: 0.0000760 seconds
156.171: Application time: 0.0204930 seconds
156.171: [GC [PSYoungGen: 100048K->7872K(107520K)] 198343K->106167K(352768K), 0.0030490 secs] [Times: user=0.02 sys=0.00, real=0.00 secs] 
156.174: Total time for which application threads were stopped: 0.0032580 seconds, Stopping threads took: 0.0001090 seconds
156.214: Application time: 0.0398920 seconds
156.215: [GC [PSYoungGen: 100032K->11296K(107520K)] 198327K->109591K(352768K), 0.0041760 secs] [Times: user=0.03 sys=0.00, real=0.01 secs] 
156.219: Total time for which application threads were stopped: 0.0043910 seconds, Stopping threads took: 0.0000930 seconds
156.251: Application time: 0.0321050 seconds
156.251: [GC [PSYoungGen: 103456K->7776K(107520K)] 201751K->106079K(352768K), 0.0031590 secs] [Times: user=0.02 sys=0.00, real=0.00 secs] 
156.254: Total time for which application threads were stopped: 0.0033630 seconds, Stopping threads took: 0.0001030 seconds
156.296: Application time: 0.0412630 seconds
156.296: [GC [PSYoungGen: 99936K->7408K(107520K)] 198239K->105711K(352768K), 0.0030730 secs] [Times: user=0.02 sys=0.00, real=0.01 secs] 
156.299: Total time for which application threads were stopped: 0.0032810 seconds, Stopping threads took: 0.0001080 seconds
156.329: Application time: 0.0304610 seconds
156.329: [GC [PSYoungGen: 99568K->7584K(107520K)] 197871K->105887K(352768K), 0.0032380 secs] [Times: user=0.02 sys=0.00, real=0.00 secs] 
156.333: Total time for which application threads were stopped: 0.0034020 seconds, Stopping threads took: 0.0000600 seconds
156.362: Application time: 0.0297710 seconds
156.363: [GC [PSYoungGen: 99744K->7696K(107520K)] 198047K->105999K(352768K), 0.0030740 secs] [Times: user=0.02 sys=0.00, real=0.00 secs] 
156.366: Total time for which application threads were stopped: 0.0032820 seconds, Stopping threads took: 0.0001070 seconds
156.391: Application time: 0.0251600 seconds
156.391: [GC [PSYoungGen: 99856K->7952K(107520K)] 198159K->106255K(352768K), 0.0030850 secs] [Times: user=0.02 sys=0.00, real=0.00 secs] 
156.394: Total time for which application threads were stopped: 0.0032680 seconds, Stopping threads took: 0.0000820 seconds
156.414: Application time: 0.0199270 seconds
156.414: [GC [PSYoungGen: 100112K->7936K(107520K)] 198415K->106239K(352768K), 0.0031520 secs] [Times: user=0.03 sys=0.00, real=0.01 secs] 
156.417: Total time for which application threads were stopped: 0.0033430 seconds, Stopping threads took: 0.0000900 seconds
156.447: Application time: 0.0291300 seconds
156.447: [GC [PSYoungGen: 100096K->15264K(107520K)] 198399K->113567K(352768K), 0.0059390 secs] [Times: user=0.04 sys=0.00, real=0.01 secs] 
156.453: Total time for which application threads were stopped: 0.0060970 seconds, Stopping threads took: 0.0000540 seconds
156.491: Application time: 0.0381060 seconds
156.491: [GC [PSYoungGen: 107424K->8528K(107520K)] 205727K->106831K(352768K), 0.0032600 secs] [Times: user=0.02 sys=0.00, real=0.00 secs] 
156.494: Total time for which application threads were stopped: 0.0034390 seconds, Stopping threads took: 0.0000780 seconds
156.531: Application time: 0.0369290 seconds
156.532: [GC [PSYoungGen: 100688K->7648K(107520K)] 198991K->105951K(352768K), 0.0031680 secs] [Times: user=0.02 sys=0.00, real=0.00 secs] 
156.536: Total time for which application threads were stopped: 0.0044910 seconds, Stopping threads took: 0.0012210 seconds
156.574: Application time: 0.0380440 seconds
156.574: [GC [PSYoungGen: 99808K->7776K(107520K)] 198111K->106079K(352768K), 0.0030710 secs] [Times: user=0.02 sys=0.00, real=0.01 secs] 
156.577: Total time for which application threads were stopped: 0.0032860 seconds, Stopping threads took: 0.0001130 seconds
156.604: Application time: 0.0266360 seconds
156.604: [GC [PSYoungGen: 99936K->7744K(107520K)] 198239K->106047K(352768K), 0.0031310 secs] [Times: user=0.02 sys=0.00, real=0.00 secs] 
156.607: Total time for which application threads were stopped: 0.0033170 seconds, Stopping threads took: 0.0000860 seconds
156.638: Application time: 0.0308440 seconds
156.638: [GC [PSYoungGen: 99904K->7968K(107520K)] 198207K->106271K(352768K), 0.0031500 secs] [Times: user=0.03 sys=0.00, real=0.00 secs] 
156.641: Total time for which application threads were stopped: 0.0033430 seconds, Stopping threads took: 0.0000920 seconds
156.661: Application time: 0.0199970 seconds
156.661: [GC [PSYoungGen: 100128K->8096K(107520K)] 198431K->106399K(352768K), 0.0031380 secs] [Times: user=0.02 sys=0.00, real=0.00 secs] 
156.664: Total time for which application threads were stopped: 0.0033100 seconds, Stopping threads took: 0.0000730 seconds
156.689: Application time: 0.0245890 seconds
156.689: [GC [PSYoungGen: 100256K->8544K(107520K)] 198559K->106847K(352768K), 0.0032030 secs] [Times: user=0.03 sys=0.00, real=0.00 secs] 
156.692: Total time for which application threads were stopped: 0.0033780 seconds, Stopping threads took: 0.0000750 seconds
156.729: Application time: 0.0367860 seconds
156.729: [GC [PSYoungGen: 100704K->11952K(107520K)] 199007K->110255K(352768K), 0.0045850 secs] [Times: user=0.03 sys=0.00, real=0.00 secs] 
156.734: Total time for which application threads were stopped: 0.0047830 seconds, Stopping threads took: 0.0000700 seconds
156.769: Application time: 0.0346740 seconds
156.769: [GC [PSYoungGen: 104112K->7984K(107520K)] 202415K->106287K(352768K), 0.0031280 secs] [Times: user=0.02 sys=0.00, real=0.00 secs] 
156.772: Total time for which application threads were stopped: 0.0033340 seconds, Stopping threads took: 0.0001050 seconds
156.812: Application time: 0.0402120 seconds
156.812: [GC [PSYoungGen: 100144K->8000K(107520K)] 198447K->106303K(352768K), 0.0032470 secs] [Times: user=0.01 sys=0.00, real=0.00 secs] 
156.816: Total time for which application threads were stopped: 0.0034550 seconds, Stopping threads took: 0.0001050 seconds
156.845: Application time: 0.0292340 seconds
156.845: [GC [PSYoungGen: 100160K->7968K(107520K)] 198463K->106391K(352768K), 0.0031870 secs] [Times: user=0.02 sys=0.00, real=0.00 secs] 
156.848: Total time for which application threads were stopped: 0.0033580 seconds, Stopping threads took: 0.0000720 seconds
156.878: Application time: 0.0301920 seconds
156.879: [GC [PSYoungGen: 100128K->7696K(107520K)] 198551K->106304K(352768K), 0.0031020 secs] [Times: user=0.02 sys=0.00, real=0.00 secs] 
156.882: Total time for which application threads were stopped: 0.0032640 seconds, Stopping threads took: 0.0000650 seconds
156.904: Application time: 0.0225660 seconds
156.904: [GC [PSYoungGen: 99856K->8016K(107520K)] 198464K->106624K(352768K), 0.0031250 secs] [Times: user=0.02 sys=0.00, real=0.00 secs] 
156.908: Total time for which application threads were stopped: 0.0033430 seconds, Stopping threads took: 0.0001160 seconds
156.930: Application time: 0.0222540 seconds
156.930: [GC [PSYoungGen: 100176K->7648K(107520K)] 198784K->106256K(352768K), 0.0029610 secs] [Times: user=0.02 sys=0.00, real=0.00 secs] 
156.933: Total time for which application threads were stopped: 0.0031520 seconds, Stopping threads took: 0.0000890 seconds
156.968: Application time: 0.0351940 seconds
156.972: [GC [PSYoungGen: 99808K->10160K(107520K)] 198416K->108768K(352768K), 0.0038800 secs] [Times: user=0.02 sys=0.00, real=0.00 secs] 
156.976: Total time for which application threads were stopped: 0.0080990 seconds, Stopping threads took: 0.0041100 seconds
157.010: Application time: 0.0336570 seconds
157.010: [GC [PSYoungGen: 102320K->8384K(107520K)] 200928K->107000K(352768K), 0.0032650 secs] [Times: user=0.03 sys=0.00, real=0.00 secs] 
157.013: Total time for which application threads were stopped: 0.0034560 seconds, Stopping threads took: 0.0000880 seconds
157.051: Application time: 0.0378630 seconds
157.051: [GC [PSYoungGen: 100544K->7680K(107520K)] 199160K->106296K(352768K), 0.0030450 secs] [Times: user=0.02 sys=0.00, real=0.00 secs] 
157.055: Total time for which application threads were stopped: 0.0032400 seconds, Stopping threads took: 0.0000940 seconds
157.089: Application time: 0.0341500 seconds
157.089: [GC [PSYoungGen: 99840K->7536K(107520K)] 198456K->106152K(352768K), 0.0030990 secs] [Times: user=0.02 sys=0.00, real=0.00 secs] 
157.092: Total time for which application threads were stopped: 0.0032870 seconds, Stopping threads took: 0.0000890 seconds
157.122: Application time: 0.0296940 seconds
157.122: [GC [PSYoungGen: 99696K->7760K(107520K)] 198312K->106376K(352768K), 0.0030990 secs] [Times: user=0.02 sys=0.00, real=0.00 secs] 
157.125: Total time for which application threads were stopped: 0.0032690 seconds, Stopping threads took: 0.0000690 seconds
157.153: Application time: 0.0278140 seconds
157.153: [GC [PSYoungGen: 99920K->7792K(107520K)] 198536K->106408K(352768K), 0.0031600 secs] [Times: user=0.02 sys=0.00, real=0.00 secs] 
157.156: Total time for which application threads were stopped: 0.0033110 seconds, Stopping threads took: 0.0000460 seconds
157.176: Application time: 0.0203480 seconds
157.177: [GC [PSYoungGen: 99952K->8176K(107520K)] 198568K->106792K(352768K), 0.0031860 secs] [Times: user=0.02 sys=0.00, real=0.00 secs] 
157.180: Total time for which application threads were stopped: 0.0034280 seconds, Stopping threads took: 0.0001370 seconds
157.205: Application time: 0.0249710 seconds
157.205: [GC [PSYoungGen: 100336K->13696K(107520K)] 198952K->112312K(352768K), 0.0052580 secs] [Times: user=0.04 sys=0.00, real=0.01 secs] 
157.210: Total time for which application threads were stopped: 0.0054380 seconds, Stopping threads took: 0.0000710 seconds
157.249: Application time: 0.0387830 seconds
157.249: [GC [PSYoungGen: 105856K->10352K(107520K)] 204472K->108968K(352768K), 0.0038000 secs] [Times: user=0.02 sys=0.00, real=0.00 secs] 
157.253: Total time for which application threads were stopped: 0.0039810 seconds, Stopping threads took: 0.0000620 seconds
157.288: Application time: 0.0353960 seconds
157.292: [GC [PSYoungGen: 102512K->7888K(107520K)] 201128K->106504K(352768K), 0.0031330 secs] [Times: user=0.02 sys=0.00, real=0.00 secs] 
157.296: Total time for which application threads were stopped: 0.0071500 seconds, Stopping threads took: 0.0039150 seconds
157.335: Application time: 0.0398150 seconds
157.336: [GC [PSYoungGen: 100048K->8016K(107520K)] 198664K->106632K(352768K), 0.0032210 secs] [Times: user=0.02 sys=0.00, real=0.01 secs] 
157.339: Total time for which application threads were stopped: 0.0033990 seconds, Stopping threads took: 0.0000730 seconds
157.368: Application time: 0.0289350 seconds
157.368: [GC [PSYoungGen: 100176K->7776K(107520K)] 198792K->106392K(352768K), 0.0031660 secs] [Times: user=0.03 sys=0.00, real=0.01 secs] 
157.371: Total time for which application threads were stopped: 0.0033620 seconds, Stopping threads took: 0.0000970 seconds
157.400: Application time: 0.0292770 seconds
157.401: [GC [PSYoungGen: 99936K->8096K(107520K)] 198552K->106712K(352768K), 0.0031340 secs] [Times: user=0.02 sys=0.00, real=0.00 secs] 
157.404: Total time for which application threads were stopped: 0.0033360 seconds, Stopping threads took: 0.0000820 seconds
157.425: Application time: 0.0214610 seconds
157.425: [GC [PSYoungGen: 100256K->7984K(107520K)] 198872K->106600K(352768K), 0.0030860 secs] [Times: user=0.02 sys=0.00, real=0.01 secs] 
157.428: Total time for which application threads were stopped: 0.0032730 seconds, Stopping threads took: 0.0000910 seconds
157.452: Application time: 0.0234790 seconds
157.452: [GC [PSYoungGen: 100144K->8160K(107520K)] 198760K->106776K(352768K), 0.0031270 secs] [Times: user=0.02 sys=0.00, real=0.00 secs] 
157.455: Total time for which application threads were stopped: 0.0033310 seconds, Stopping threads took: 0.0001050 seconds
157.491: Application time: 0.0357930 seconds
157.491: [GC [PSYoungGen: 100320K->9200K(107520K)] 198936K->107816K(352768K), 0.0035010 secs] [Times: user=0.02 sys=0.00, real=0.00 secs] 
157.495: Total time for which application threads were stopped: 0.0036990 seconds, Stopping threads took: 0.0000970 seconds
157.530: Application time: 0.0347560 seconds
157.530: [GC [PSYoungGen: 101360K->8288K(107520K)] 199976K->106904K(352768K), 0.0032670 secs] [Times: user=0.02 sys=0.00, real=0.00 secs] 
157.533: Total time for which application threads were stopped: 0.0034510 seconds, Stopping threads took: 0.0000830 seconds
157.572: Application time: 0.0388610 seconds
157.572: [GC [PSYoungGen: 100448K->7840K(107520K)] 199064K->106456K(352768K), 0.0031240 secs] [Times: user=0.02 sys=0.00, real=0.00 secs] 
157.575: Total time for which application threads were stopped: 0.0033270 seconds, Stopping threads took: 0.0001000 seconds
157.606: Application time: 0.0311220 seconds
157.606: [GC [PSYoungGen: 100000K->7904K(107520K)] 198616K->106520K(352768K), 0.0032040 secs] [Times: user=0.02 sys=0.00, real=0.01 secs] 
157.610: Total time for which application threads were stopped: 0.0033970 seconds, Stopping threads took: 0.0000920 seconds
157.642: Application time: 0.0318640 seconds
157.642: [GC [PSYoungGen: 100064K->7568K(107520K)] 198680K->106412K(352768K), 0.0030940 secs] [Times: user=0.02 sys=0.00, real=0.00 secs] 
157.645: Total time for which application threads were stopped: 0.0032880 seconds, Stopping threads took: 0.0000910 seconds
157.669: Application time: 0.0246080 seconds
157.670: [GC [PSYoungGen: 99728K->7504K(107520K)] 198572K->106396K(352768K), 0.0030870 secs] [Times: user=0.02 sys=0.00, real=0.00 secs] 
157.673: Total time for which application threads were stopped: 0.0033090 seconds, Stopping threads took: 0.0001210 seconds
157.695: Application time: 0.0221940 seconds
157.695: [GC [PSYoungGen: 99664K->7760K(107520K)] 198556K->106652K(352768K), 0.0030360 secs] [Times: user=0.02 sys=0.00, real=0.01 secs] 
157.698: Total time for which application threads were stopped: 0.0032060 seconds, Stopping threads took: 0.0000740 seconds
157.725: Application time: 0.0265180 seconds
157.725: [GC [PSYoungGen: 99920K->15328K(107520K)] 198812K->115451K(352768K), 0.0065540 secs] [Times: user=0.04 sys=0.00, real=0.01 secs] 
157.731: Total time for which application threads were stopped: 0.0067390 seconds, Stopping threads took: 0.0000810 seconds
157.770: Application time: 0.0382320 seconds
157.770: [GC [PSYoungGen: 107488K->15344K(107520K)] 207611K->115987K(352768K), 0.0062720 secs] [Times: user=0.04 sys=0.00, real=0.00 secs] 
157.776: Total time for which application threads were stopped: 0.0064640 seconds, Stopping threads took: 0.0000680 seconds
157.812: Application time: 0.0362430 seconds
157.813: [GC [PSYoungGen: 107504K->14352K(107520K)] 208147K->115011K(352768K), 0.0059290 secs] [Times: user=0.04 sys=0.00, real=0.01 secs] 
157.819: Total time for which application threads were stopped: 0.0061140 seconds, Stopping threads took: 0.0000800 seconds
157.857: Application time: 0.0389860 seconds
157.858: [GC [PSYoungGen: 106512K->14656K(107520K)] 207171K->115315K(352768K), 0.0058370 secs] [Times: user=0.05 sys=0.00, real=0.00 secs] 
157.864: Total time for which application threads were stopped: 0.0060580 seconds, Stopping threads took: 0.0001110 seconds
157.892: Application time: 0.0287150 seconds
157.892: [GC [PSYoungGen: 106816K->14496K(107520K)] 207475K->115155K(352768K), 0.0057520 secs] [Times: user=0.04 sys=0.00, real=0.01 secs] 
157.898: Total time for which application threads were stopped: 0.0059600 seconds, Stopping threads took: 0.0001020 seconds
157.927: Application time: 0.0291500 seconds
157.928: [GC [PSYoungGen: 106656K->14688K(107520K)] 207315K->115347K(352768K), 0.0057810 secs] [Times: user=0.04 sys=0.00, real=0.01 secs] 
157.933: Total time for which application threads were stopped: 0.0059560 seconds, Stopping threads took: 0.0000710 seconds
157.954: Application time: 0.0204680 seconds
157.954: [GC [PSYoungGen: 106848K->14800K(107520K)] 207507K->115459K(352768K), 0.0057940 secs] [Times: user=0.04 sys=0.00, real=0.01 secs] 
157.960: Total time for which application threads were stopped: 0.0059710 seconds, Stopping threads took: 0.0000730 seconds
157.983: Application time: 0.0234320 seconds
157.983: [GC [PSYoungGen: 106960K->15344K(107520K)] 207619K->116091K(352768K), 0.0059360 secs] [Times: user=0.04 sys=0.00, real=0.01 secs] 
157.989: Total time for which application threads were stopped: 0.0061200 seconds, Stopping threads took: 0.0000820 seconds
158.027: Application time: 0.0380770 seconds
158.028: [GC [PSYoungGen: 107504K->15344K(107520K)] 208251K->119462K(352768K), 0.0071850 secs] [Times: user=0.05 sys=0.00, real=0.01 secs] 
158.035: Total time for which application threads were stopped: 0.0073700 seconds, Stopping threads took: 0.0000840 seconds
158.068: Application time: 0.0334570 seconds
158.068: [GC [PSYoungGen: 107504K->15344K(107520K)] 211622K->120182K(352768K), 0.0063740 secs] [Times: user=0.05 sys=0.00, real=0.00 secs] 
158.075: Total time for which application threads were stopped: 0.0065790 seconds, Stopping threads took: 0.0001040 seconds
158.116: Application time: 0.0408010 seconds
158.116: [GC [PSYoungGen: 107504K->15200K(107520K)] 212342K->120038K(352768K), 0.0062120 secs] [Times: user=0.05 sys=0.00, real=0.01 secs] 
158.122: Total time for which application threads were stopped: 0.0064180 seconds, Stopping threads took: 0.0001010 seconds
158.151: Application time: 0.0293800 seconds
158.152: [GC [PSYoungGen: 107360K->15328K(107520K)] 212198K->120270K(352768K), 0.0062310 secs] [Times: user=0.05 sys=0.00, real=0.01 secs] 
158.158: Total time for which application threads were stopped: 0.0064270 seconds, Stopping threads took: 0.0000920 seconds
158.189: Application time: 0.0309830 seconds
158.189: [GC [PSYoungGen: 107488K->15328K(107520K)] 212430K->120574K(352768K), 0.0062260 secs] [Times: user=0.04 sys=0.00, real=0.00 secs] 
158.195: Total time for which application threads were stopped: 0.0064280 seconds, Stopping threads took: 0.0000970 seconds
158.220: Application time: 0.0244220 seconds
158.220: [GC [PSYoungGen: 107488K->15328K(107520K)] 212734K->121086K(352768K), 0.0063230 secs] [Times: user=0.05 sys=0.00, real=0.00 secs] 
158.226: Total time for which application threads were stopped: 0.0065190 seconds, Stopping threads took: 0.0000940 seconds
158.247: Application time: 0.0212190 seconds
158.248: [GC [PSYoungGen: 107488K->15344K(107520K)] 213246K->121174K(352768K), 0.0065320 secs] [Times: user=0.05 sys=0.00, real=0.01 secs] 
158.254: Total time for which application threads were stopped: 0.0068680 seconds, Stopping threads took: 0.0002290 seconds
158.284: Application time: 0.0299030 seconds
158.284: [GC [PSYoungGen: 107504K->15328K(107520K)] 213334K->127555K(352768K), 0.0083020 secs] [Times: user=0.07 sys=0.00, real=0.01 secs] 
158.293: Total time for which application threads were stopped: 0.0085270 seconds, Stopping threads took: 0.0001030 seconds
158.330: Application time: 0.0374600 seconds
158.330: [GC [PSYoungGen: 107488K->12432K(107520K)] 219715K->125673K(352768K), 0.0053260 secs] [Times: user=0.03 sys=0.00, real=0.00 secs] 
158.336: Total time for which application threads were stopped: 0.0055230 seconds, Stopping threads took: 0.0000940 seconds
158.373: Application time: 0.0376820 seconds
158.374: [GC [PSYoungGen: 104592K->11680K(107520K)] 217833K->124921K(352768K), 0.0047440 secs] [Times: user=0.03 sys=0.00, real=0.01 secs] 
158.378: Total time for which application threads were stopped: 0.0049170 seconds, Stopping threads took: 0.0000690 seconds
158.415: Application time: 0.0368520 seconds
158.415: [GC [PSYoungGen: 103840K->11984K(107520K)] 217081K->125233K(352768K), 0.0048400 secs] [Times: user=0.03 sys=0.00, real=0.01 secs] 
158.420: Total time for which application threads were stopped: 0.0050440 seconds, Stopping threads took: 0.0000980 seconds
158.448: Application time: 0.0275570 seconds
158.448: [GC [PSYoungGen: 104144K->11904K(107520K)] 217393K->125305K(352768K), 0.0048360 secs] [Times: user=0.02 sys=0.00, real=0.01 secs] 
158.453: Total time for which application threads were stopped: 0.0050160 seconds, Stopping threads took: 0.0000780 seconds
158.483: Application time: 0.0299810 seconds
158.483: [GC [PSYoungGen: 104064K->11952K(107520K)] 217465K->125473K(352768K), 0.0047810 secs] [Times: user=0.03 sys=0.00, real=0.00 secs] 
158.488: Total time for which application threads were stopped: 0.0049960 seconds, Stopping threads took: 0.0001120 seconds
158.507: Application time: 0.0194150 seconds
158.507: [GC [PSYoungGen: 104112K->12048K(107520K)] 217633K->125593K(352768K), 0.0048570 secs] [Times: user=0.03 sys=0.00, real=0.01 secs] 
158.512: Total time for which application threads were stopped: 0.0050600 seconds, Stopping threads took: 0.0000880 seconds
158.536: Application time: 0.0235010 seconds
158.536: [GC [PSYoungGen: 104208K->13568K(107520K)] 217753K->127210K(352768K), 0.0053530 secs] [Times: user=0.04 sys=0.00, real=0.01 secs] 
158.541: Total time for which application threads were stopped: 0.0055300 seconds, Stopping threads took: 0.0000740 seconds
158.582: Application time: 0.0406370 seconds
158.582: [GC [PSYoungGen: 105728K->11984K(107520K)] 219370K->127662K(352768K), 0.0053680 secs] [Times: user=0.04 sys=0.00, real=0.00 secs] 
158.588: Total time for which application threads were stopped: 0.0055650 seconds, Stopping threads took: 0.0000940 seconds
158.621: Application time: 0.0331100 seconds
158.621: [GC [PSYoungGen: 104144K->9968K(107520K)] 219822K->125758K(352768K), 0.0041460 secs] [Times: user=0.03 sys=0.00, real=0.00 secs] 
158.625: Total time for which application threads were stopped: 0.0043380 seconds, Stopping threads took: 0.0000920 seconds
158.666: Application time: 0.0409810 seconds
158.666: [GC [PSYoungGen: 102128K->10000K(107520K)] 217918K->125830K(352768K), 0.0040170 secs] [Times: user=0.03 sys=0.00, real=0.01 secs] 
158.670: Total time for which application threads were stopped: 0.0042130 seconds, Stopping threads took: 0.0000920 seconds
158.698: Application time: 0.0279410 seconds
158.698: [GC [PSYoungGen: 102160K->10128K(107520K)] 217990K->125974K(352768K), 0.0040710 secs] [Times: user=0.03 sys=0.00, real=0.00 secs] 
158.702: Total time for which application threads were stopped: 0.0042570 seconds, Stopping threads took: 0.0000810 seconds
158.733: Application time: 0.0310640 seconds
158.734: [GC [PSYoungGen: 102288K->10144K(107520K)] 218134K->125998K(352768K), 0.0039810 secs] [Times: user=0.03 sys=0.00, real=0.01 secs] 
158.738: Total time for which application threads were stopped: 0.0041600 seconds, Stopping threads took: 0.0000770 seconds
158.761: Application time: 0.0234580 seconds
158.761: [GC [PSYoungGen: 102304K->10352K(107520K)] 218158K->126302K(352768K), 0.0043050 secs] [Times: user=0.03 sys=0.00, real=0.00 secs] 
158.766: Total time for which application threads were stopped: 0.0044780 seconds, Stopping threads took: 0.0000680 seconds
158.785: Application time: 0.0199320 seconds
158.786: [GC [PSYoungGen: 102512K->10080K(107520K)] 218462K->126054K(352768K), 0.0039610 secs] [Times: user=0.03 sys=0.00, real=0.01 secs] 
158.790: Total time for which application threads were stopped: 0.0041520 seconds, Stopping threads took: 0.0000730 seconds
158.824: Application time: 0.0344080 seconds
158.824: [GC [PSYoungGen: 102240K->14496K(107520K)] 218214K->132772K(352768K), 0.0064000 secs] [Times: user=0.05 sys=0.00, real=0.01 secs] 
158.831: Total time for which application threads were stopped: 0.0065980 seconds, Stopping threads took: 0.0000930 seconds
158.866: Application time: 0.0348750 seconds
158.866: [GC [PSYoungGen: 106656K->8432K(107520K)] 224932K->126708K(352768K), 0.0032280 secs] [Times: user=0.03 sys=0.00, real=0.01 secs] 
158.869: Total time for which application threads were stopped: 0.0034220 seconds, Stopping threads took: 0.0000920 seconds
158.908: Application time: 0.0389800 seconds
158.908: [GC [PSYoungGen: 100592K->7808K(107520K)] 218868K->126084K(352768K), 0.0031830 secs] [Times: user=0.02 sys=0.00, real=0.01 secs] 
158.911: Total time for which application threads were stopped: 0.0033860 seconds, Stopping threads took: 0.0001020 seconds
158.946: Application time: 0.0346430 seconds
158.946: [GC [PSYoungGen: 99968K->7824K(107520K)] 218244K->126100K(352768K), 0.0032760 secs] [Times: user=0.02 sys=0.00, real=0.01 secs] 
158.949: Total time for which application threads were stopped: 0.0034650 seconds, Stopping threads took: 0.0000870 seconds
158.978: Application time: 0.0286630 seconds
158.978: [GC [PSYoungGen: 99984K->7856K(107520K)] 218260K->126132K(352768K), 0.0032970 secs] [Times: user=0.02 sys=0.00, real=0.00 secs] 
158.982: Total time for which application threads were stopped: 0.0035080 seconds, Stopping threads took: 0.0001130 seconds
159.008: Application time: 0.0266100 seconds
159.008: [GC [PSYoungGen: 100016K->7952K(107520K)] 218292K->126228K(352768K), 0.0030690 secs] [Times: user=0.02 sys=0.00, real=0.00 secs] 
159.012: Total time for which application threads were stopped: 0.0032760 seconds, Stopping threads took: 0.0001070 seconds
159.033: Application time: 0.0211550 seconds
159.033: [GC [PSYoungGen: 100112K->7808K(107520K)] 218388K->126084K(352768K), 0.0030500 secs] [Times: user=0.02 sys=0.00, real=0.00 secs] 
159.036: Total time for which application threads were stopped: 0.0032210 seconds, Stopping threads took: 0.0000720 seconds
159.061: Application time: 0.0252450 seconds
159.061: [GC [PSYoungGen: 99968K->10144K(107520K)] 218244K->128420K(352768K), 0.0038880 secs] [Times: user=0.03 sys=0.00, real=0.00 secs] 
159.065: Total time for which application threads were stopped: 0.0040840 seconds, Stopping threads took: 0.0000940 seconds
159.104: Application time: 0.0385940 seconds
159.104: [GC [PSYoungGen: 102304K->10432K(107520K)] 220580K->128708K(352768K), 0.0040190 secs] [Times: user=0.03 sys=0.00, real=0.00 secs] 
159.108: Total time for which application threads were stopped: 0.0042140 seconds, Stopping threads took: 0.0000920 seconds
159.143: Application time: 0.0350510 seconds
159.143: [GC [PSYoungGen: 102592K->7776K(107520K)] 220868K->126052K(352768K), 0.0031680 secs] [Times: user=0.02 sys=0.00, real=0.00 secs] 
159.146: Total time for which application threads were stopped: 0.0033500 seconds, Stopping threads took: 0.0000800 seconds
159.185: Application time: 0.0388230 seconds
159.185: [GC [PSYoungGen: 99936K->7744K(107520K)] 218212K->126020K(352768K), 0.0032170 secs] [Times: user=0.02 sys=0.00, real=0.01 secs] 
159.189: Total time for which application threads were stopped: 0.0034110 seconds, Stopping threads took: 0.0000900 seconds
159.219: Application time: 0.0299060 seconds
159.219: [GC [PSYoungGen: 99904K->7664K(107520K)] 218180K->126072K(352768K), 0.0032030 secs] [Times: user=0.02 sys=0.00, real=0.00 secs] 
159.222: Total time for which application threads were stopped: 0.0033950 seconds, Stopping threads took: 0.0000920 seconds
159.250: Application time: 0.0278070 seconds
159.250: [GC [PSYoungGen: 99824K->7552K(107520K)] 218232K->126140K(352768K), 0.0030930 secs] [Times: user=0.02 sys=0.00, real=0.00 secs] 
159.253: Total time for which application threads were stopped: 0.0032930 seconds, Stopping threads took: 0.0001000 seconds
159.278: Application time: 0.0248330 seconds
159.278: [GC [PSYoungGen: 99712K->7600K(107520K)] 218300K->126188K(352768K), 0.0029950 secs] [Times: user=0.02 sys=0.00, real=0.00 secs] 
159.281: Total time for which application threads were stopped: 0.0032100 seconds, Stopping threads took: 0.0001070 seconds
159.303: Application time: 0.0217950 seconds
159.303: [GC [PSYoungGen: 99760K->8000K(107520K)] 218348K->126588K(352768K), 0.0032430 secs] [Times: user=0.02 sys=0.00, real=0.00 secs] 
159.306: Total time for which application threads were stopped: 0.0034300 seconds, Stopping threads took: 0.0000640 seconds
159.340: Application time: 0.0336030 seconds
159.340: [GC [PSYoungGen: 100160K->10640K(107520K)] 218748K->129228K(352768K), 0.0039570 secs] [Times: user=0.03 sys=0.00, real=0.00 secs] 
159.344: Total time for which application threads were stopped: 0.0041360 seconds, Stopping threads took: 0.0000740 seconds
159.380: Application time: 0.0362070 seconds
159.380: [GC [PSYoungGen: 102800K->7408K(107520K)] 221388K->126004K(352768K), 0.0030090 secs] [Times: user=0.02 sys=0.00, real=0.00 secs] 
159.384: Total time for which application threads were stopped: 0.0031930 seconds, Stopping threads took: 0.0000840 seconds
159.421: Application time: 0.0379650 seconds
159.422: [GC [PSYoungGen: 99568K->7744K(107520K)] 218164K->126340K(352768K), 0.0031400 secs] [Times: user=0.02 sys=0.00, real=0.00 secs] 
159.425: Total time for which application threads were stopped: 0.0033190 seconds, Stopping threads took: 0.0000740 seconds
159.459: Application time: 0.0337730 seconds
159.460: [GC [PSYoungGen: 99904K->7792K(107520K)] 218500K->126388K(352768K), 0.0031380 secs] [Times: user=0.03 sys=0.00, real=0.00 secs] 
159.464: Total time for which application threads were stopped: 0.0050160 seconds, Stopping threads took: 0.0017740 seconds
159.492: Application time: 0.0281360 seconds
159.492: [GC [PSYoungGen: 99952K->7936K(107520K)] 218548K->126532K(352768K), 0.0032030 secs] [Times: user=0.02 sys=0.00, real=0.00 secs] 
159.495: Total time for which application threads were stopped: 0.0033960 seconds, Stopping threads took: 0.0000920 seconds
159.521: Application time: 0.0257270 seconds
159.521: [GC [PSYoungGen: 100096K->7808K(107520K)] 218692K->126404K(352768K), 0.0031970 secs] [Times: user=0.02 sys=0.00, real=0.00 secs] 
159.524: Total time for which application threads were stopped: 0.0033750 seconds, Stopping threads took: 0.0000750 seconds
159.547: Application time: 0.0232530 seconds
159.548: [GC [PSYoungGen: 99968K->9504K(107520K)] 218564K->128100K(352768K), 0.0037380 secs] [Times: user=0.03 sys=0.00, real=0.01 secs] 
159.551: Total time for which application threads were stopped: 0.0039590 seconds, Stopping threads took: 0.0001170 seconds
159.577: Application time: 0.0259140 seconds
159.577: [GC [PSYoungGen: 101664K->10752K(107520K)] 220260K->129348K(352768K), 0.0041920 secs] [Times: user=0.03 sys=0.00, real=0.00 secs] 
159.582: Total time for which application threads were stopped: 0.0043730 seconds, Stopping threads took: 0.0000800 seconds
159.620: Application time: 0.0386080 seconds
159.620: [GC [PSYoungGen: 102912K->10304K(107520K)] 221508K->128900K(352768K), 0.0039600 secs] [Times: user=0.02 sys=0.00, real=0.00 secs] 
159.624: Total time for which application threads were stopped: 0.0041280 seconds, Stopping threads took: 0.0000630 seconds
159.660: Application time: 0.0355010 seconds
159.660: [GC [PSYoungGen: 102464K->7792K(107520K)] 221060K->126388K(352768K), 0.0031360 secs] [Times: user=0.02 sys=0.00, real=0.00 secs] 
159.663: Total time for which application threads were stopped: 0.0033400 seconds, Stopping threads took: 0.0001010 seconds
159.700: Application time: 0.0367630 seconds
159.700: [GC [PSYoungGen: 99952K->7856K(107520K)] 218548K->126452K(352768K), 0.0031940 secs] [Times: user=0.02 sys=0.00, real=0.00 secs] 
159.703: Total time for which application threads were stopped: 0.0033840 seconds, Stopping threads took: 0.0000860 seconds
159.734: Application time: 0.0302000 seconds
159.734: [GC [PSYoungGen: 100016K->7904K(107520K)] 218612K->126500K(352768K), 0.0032260 secs] [Times: user=0.02 sys=0.00, real=0.01 secs] 
159.737: Total time for which application threads were stopped: 0.0034040 seconds, Stopping threads took: 0.0000730 seconds
159.764: Application time: 0.0273380 seconds
159.765: [GC [PSYoungGen: 100064K->7760K(107520K)] 218660K->126356K(352768K), 0.0032810 secs] [Times: user=0.02 sys=0.00, real=0.00 secs] 
159.768: Total time for which application threads were stopped: 0.0035090 seconds, Stopping threads took: 0.0001320 seconds
159.792: Application time: 0.0242850 seconds
159.792: [GC [PSYoungGen: 99920K->7968K(107520K)] 218516K->126564K(352768K), 0.0030960 secs] [Times: user=0.02 sys=0.00, real=0.00 secs] 
159.795: Total time for which application threads were stopped: 0.0032750 seconds, Stopping threads took: 0.0000730 seconds
159.819: Application time: 0.0234200 seconds
159.819: [GC [PSYoungGen: 100128K->10192K(107520K)] 218724K->128788K(352768K), 0.0040540 secs] [Times: user=0.03 sys=0.00, real=0.00 secs] 
159.823: Total time for which application threads were stopped: 0.0042620 seconds, Stopping threads took: 0.0000890 seconds
159.857: Application time: 0.0339350 seconds
159.857: [GC [PSYoungGen: 102352K->12816K(107520K)] 220948K->131412K(352768K), 0.0048950 secs] [Times: user=0.03 sys=0.00, real=0.00 secs] 
159.862: Total time for which application threads were stopped: 0.0051030 seconds, Stopping threads took: 0.0001040 seconds
159.899: Application time: 0.0362820 seconds
159.900: [GC [PSYoungGen: 104976K->7888K(107520K)] 223572K->126484K(352768K), 0.0031770 secs] [Times: user=0.02 sys=0.00, real=0.00 secs] 
159.904: Total time for which application threads were stopped: 0.0050950 seconds, Stopping threads took: 0.0018200 seconds
159.942: Application time: 0.0387950 seconds
159.943: [GC [PSYoungGen: 100048K->7776K(107520K)] 218644K->126372K(352768K), 0.0031610 secs] [Times: user=0.02 sys=0.00, real=0.00 secs] 
159.946: Total time for which application threads were stopped: 0.0033710 seconds, Stopping threads took: 0.0001090 seconds
159.979: Application time: 0.0327670 seconds
159.979: [GC [PSYoungGen: 99936K->7840K(107520K)] 218532K->126524K(352768K), 0.0033220 secs] [Times: user=0.02 sys=0.00, real=0.00 secs] 
159.982: Total time for which application threads were stopped: 0.0035280 seconds, Stopping threads took: 0.0001050 seconds
160.010: Application time: 0.0277480 seconds
160.010: [GC [PSYoungGen: 100000K->7728K(107520K)] 218684K->126568K(352768K), 0.0031910 secs] [Times: user=0.02 sys=0.00, real=0.00 secs] 
160.013: Total time for which application threads were stopped: 0.0033740 seconds, Stopping threads took: 0.0000820 seconds
160.038: Application time: 0.0247780 seconds
160.038: [GC [PSYoungGen: 99888K->7680K(107520K)] 218728K->126584K(352768K), 0.0031500 secs] [Times: user=0.02 sys=0.00, real=0.00 secs] 
160.041: Total time for which application threads were stopped: 0.0033150 seconds, Stopping threads took: 0.0000640 seconds
160.064: Application time: 0.0224740 seconds
160.064: [GC [PSYoungGen: 99840K->7712K(107520K)] 218744K->126616K(352768K), 0.0031920 secs] [Times: user=0.02 sys=0.00, real=0.00 secs] 
160.067: Total time for which application threads were stopped: 0.0033640 seconds, Stopping threads took: 0.0000680 seconds
160.096: Application time: 0.0293200 seconds
160.097: [GC [PSYoungGen: 99872K->10368K(107520K)] 218776K->129272K(352768K), 0.0039820 secs] [Times: user=0.02 sys=0.00, real=0.00 secs] 
160.101: Total time for which application threads were stopped: 0.0041610 seconds, Stopping threads took: 0.0000760 seconds
160.138: Application time: 0.0375560 seconds
160.138: [GC [PSYoungGen: 102528K->8160K(107520K)] 221432K->127072K(352768K), 0.0033030 secs] [Times: user=0.02 sys=0.00, real=0.00 secs] 
160.142: Total time for which application threads were stopped: 0.0035110 seconds, Stopping threads took: 0.0001030 seconds
160.178: Application time: 0.0366460 seconds
160.178: [GC [PSYoungGen: 100320K->7424K(107520K)] 219232K->126336K(352768K), 0.0030880 secs] [Times: user=0.02 sys=0.00, real=0.00 secs] 
160.182: Total time for which application threads were stopped: 0.0032630 seconds, Stopping threads took: 0.0000770 seconds
160.217: Application time: 0.0353070 seconds
160.217: [GC [PSYoungGen: 99584K->7616K(107520K)] 218496K->126528K(352768K), 0.0033630 secs] [Times: user=0.02 sys=0.00, real=0.00 secs] 
160.220: Total time for which application threads were stopped: 0.0035290 seconds, Stopping threads took: 0.0000640 seconds
160.250: Application time: 0.0298800 seconds
160.250: [GC [PSYoungGen: 99776K->7840K(107520K)] 218688K->126752K(352768K), 0.0032190 secs] [Times: user=0.02 sys=0.00, real=0.00 secs] 
160.254: Total time for which application threads were stopped: 0.0034220 seconds, Stopping threads took: 0.0001010 seconds
160.281: Application time: 0.0274090 seconds
160.281: [GC [PSYoungGen: 100000K->7968K(107520K)] 218912K->126880K(352768K), 0.0032250 secs] [Times: user=0.02 sys=0.00, real=0.00 secs] 
160.285: Total time for which application threads were stopped: 0.0034320 seconds, Stopping threads took: 0.0001040 seconds
160.306: Application time: 0.0214160 seconds
160.306: [GC [PSYoungGen: 100128K->8192K(107520K)] 219040K->127104K(352768K), 0.0031730 secs] [Times: user=0.02 sys=0.00, real=0.01 secs] 
160.309: Total time for which application threads were stopped: 0.0033380 seconds, Stopping threads took: 0.0000690 seconds
160.334: Application time: 0.0245150 seconds
160.334: [GC [PSYoungGen: 100352K->11872K(107520K)] 219264K->130784K(352768K), 0.0046040 secs] [Times: user=0.03 sys=0.00, real=0.01 secs] 
160.339: Total time for which application threads were stopped: 0.0048220 seconds, Stopping threads took: 0.0000980 seconds
160.377: Application time: 0.0378820 seconds
160.377: [GC [PSYoungGen: 104032K->13504K(107520K)] 222944K->132417K(352768K), 0.0050560 secs] [Times: user=0.03 sys=0.00, real=0.00 secs] 
160.382: Total time for which application threads were stopped: 0.0052580 seconds, Stopping threads took: 0.0000950 seconds
160.417: Application time: 0.0348610 seconds
160.417: [GC [PSYoungGen: 105664K->7968K(107520K)] 224577K->126880K(352768K), 0.0032130 secs] [Times: user=0.03 sys=0.00, real=0.00 secs] 
160.420: Total time for which application threads were stopped: 0.0034210 seconds, Stopping threads took: 0.0001080 seconds
160.461: Application time: 0.0406900 seconds
160.461: [GC [PSYoungGen: 100128K->7952K(107520K)] 219040K->126864K(352768K), 0.0032780 secs] [Times: user=0.02 sys=0.00, real=0.00 secs] 
160.464: Total time for which application threads were stopped: 0.0034770 seconds, Stopping threads took: 0.0000900 seconds
160.493: Application time: 0.0286820 seconds
160.493: [GC [PSYoungGen: 100112K->7824K(107520K)] 219024K->126736K(352768K), 0.0032370 secs] [Times: user=0.02 sys=0.00, real=0.01 secs] 
160.496: Total time for which application threads were stopped: 0.0034490 seconds, Stopping threads took: 0.0001110 seconds
160.527: Application time: 0.0303090 seconds
160.527: [GC [PSYoungGen: 99984K->7968K(107520K)] 218896K->126880K(352768K), 0.0031670 secs] [Times: user=0.02 sys=0.00, real=0.01 secs] 
160.530: Total time for which application threads were stopped: 0.0033520 seconds, Stopping threads took: 0.0000850 seconds
160.552: Application time: 0.0224030 seconds
160.553: [GC [PSYoungGen: 100128K->8016K(107520K)] 219040K->126928K(352768K), 0.0032840 secs] [Times: user=0.02 sys=0.00, real=0.00 secs] 
160.556: Total time for which application threads were stopped: 0.0034790 seconds, Stopping threads took: 0.0000960 seconds
160.577: Application time: 0.0210890 seconds
160.577: [GC [PSYoungGen: 100176K->8048K(107520K)] 219088K->126960K(352768K), 0.0031310 secs] [Times: user=0.02 sys=0.00, real=0.00 secs] 
160.580: Total time for which application threads were stopped: 0.0033240 seconds, Stopping threads took: 0.0000930 seconds
160.617: Application time: 0.0363970 seconds
160.617: [GC [PSYoungGen: 100208K->11360K(107520K)] 219120K->130272K(352768K), 0.0041200 secs] [Times: user=0.03 sys=0.00, real=0.00 secs] 
160.621: Total time for which application threads were stopped: 0.0042980 seconds, Stopping threads took: 0.0000760 seconds
160.655: Application time: 0.0341170 seconds
160.655: [GC [PSYoungGen: 103520K->8128K(107520K)] 222432K->127040K(352768K), 0.0032520 secs] [Times: user=0.03 sys=0.00, real=0.01 secs] 
160.659: Total time for which application threads were stopped: 0.0034470 seconds, Stopping threads took: 0.0000850 seconds
160.697: Application time: 0.0384520 seconds
160.697: [GC [PSYoungGen: 100288K->7824K(107520K)] 219200K->126736K(352768K), 0.0032530 secs] [Times: user=0.02 sys=0.00, real=0.00 secs] 
160.701: Total time for which application threads were stopped: 0.0034580 seconds, Stopping threads took: 0.0001030 seconds
160.734: Application time: 0.0332040 seconds
160.734: [GC [PSYoungGen: 99984K->7728K(107520K)] 218896K->126720K(352768K), 0.0031250 secs] [Times: user=0.02 sys=0.00, real=0.01 secs] 
160.737: Total time for which application threads were stopped: 0.0033150 seconds, Stopping threads took: 0.0000910 seconds
160.767: Application time: 0.0301970 seconds
160.767: [GC [PSYoungGen: 99888K->7840K(107520K)] 218880K->126945K(352768K), 0.0032310 secs] [Times: user=0.02 sys=0.00, real=0.01 secs] 
160.771: Total time for which application threads were stopped: 0.0034090 seconds, Stopping threads took: 0.0000760 seconds
160.797: Application time: 0.0264560 seconds
160.797: [GC [PSYoungGen: 100000K->7600K(107520K)] 219105K->126833K(352768K), 0.0030840 secs] [Times: user=0.03 sys=0.00, real=0.00 secs] 
160.800: Total time for which application threads were stopped: 0.0032680 seconds, Stopping threads took: 0.0000860 seconds
160.821: Application time: 0.0208910 seconds
160.821: [GC [PSYoungGen: 99760K->7776K(107520K)] 218993K->127009K(352768K), 0.0030800 secs] [Times: user=0.02 sys=0.00, real=0.00 secs] 
160.825: Total time for which application threads were stopped: 0.0032600 seconds, Stopping threads took: 0.0000780 seconds
160.850: Application time: 0.0257560 seconds
160.851: [GC [PSYoungGen: 99936K->13824K(107520K)] 219169K->133057K(352768K), 0.0053470 secs] [Times: user=0.04 sys=0.00, real=0.00 secs] 
160.856: Total time for which application threads were stopped: 0.0055610 seconds, Stopping threads took: 0.0000930 seconds
160.893: Application time: 0.0375110 seconds
160.894: [GC [PSYoungGen: 105984K->10912K(107520K)] 225217K->130145K(352768K), 0.0041960 secs] [Times: user=0.03 sys=0.00, real=0.01 secs] 
160.898: Total time for which application threads were stopped: 0.0043630 seconds, Stopping threads took: 0.0000650 seconds
160.934: Application time: 0.0361980 seconds
160.934: [GC [PSYoungGen: 103072K->7552K(107520K)] 222305K->126793K(352768K), 0.0031200 secs] [Times: user=0.02 sys=0.00, real=0.01 secs] 
160.937: Total time for which application threads were stopped: 0.0033030 seconds, Stopping threads took: 0.0000810 seconds
160.977: Application time: 0.0394240 seconds
160.977: [GC [PSYoungGen: 99712K->7728K(107520K)] 218953K->126969K(352768K), 0.0031590 secs] [Times: user=0.02 sys=0.00, real=0.00 secs] 
160.980: Total time for which application threads were stopped: 0.0033420 seconds, Stopping threads took: 0.0000820 seconds
161.009: Application time: 0.0287490 seconds
161.009: [GC [PSYoungGen: 99888K->7744K(107520K)] 219129K->126985K(352768K), 0.0032180 secs] [Times: user=0.03 sys=0.00, real=0.00 secs] 
161.012: Total time for which application threads were stopped: 0.0034040 seconds, Stopping threads took: 0.0000840 seconds
161.041: Application time: 0.0290050 seconds
161.041: [GC [PSYoungGen: 99904K->7824K(107520K)] 219145K->127065K(352768K), 0.0032610 secs] [Times: user=0.02 sys=0.00, real=0.00 secs] 
161.045: Total time for which application threads were stopped: 0.0034560 seconds, Stopping threads took: 0.0000930 seconds
161.065: Application time: 0.0204790 seconds
161.065: [GC [PSYoungGen: 99984K->7984K(107520K)] 219225K->127225K(352768K), 0.0031390 secs] [Times: user=0.02 sys=0.00, real=0.01 secs] 
161.068: Total time for which application threads were stopped: 0.0033090 seconds, Stopping threads took: 0.0000700 seconds
161.093: Application time: 0.0240340 seconds
161.093: [GC [PSYoungGen: 100144K->8208K(107520K)] 219385K->127449K(352768K), 0.0031630 secs] [Times: user=0.03 sys=0.00, real=0.00 secs] 
161.096: Total time for which application threads were stopped: 0.0033390 seconds, Stopping threads took: 0.0000750 seconds
161.131: Application time: 0.0355130 seconds
161.132: [GC [PSYoungGen: 100368K->10688K(107520K)] 219609K->129929K(352768K), 0.0040900 secs] [Times: user=0.03 sys=0.00, real=0.00 secs] 
161.136: Total time for which application threads were stopped: 0.0042880 seconds, Stopping threads took: 0.0000950 seconds
161.171: Application time: 0.0351390 seconds
161.171: [GC [PSYoungGen: 102848K->8288K(107520K)] 222089K->127529K(352768K), 0.0032180 secs] [Times: user=0.02 sys=0.00, real=0.00 secs] 
161.174: Total time for which application threads were stopped: 0.0033900 seconds, Stopping threads took: 0.0000700 seconds
161.213: Application time: 0.0391180 seconds
161.213: [GC [PSYoungGen: 100448K->8000K(107520K)] 219689K->127241K(352768K), 0.0032950 secs] [Times: user=0.02 sys=0.00, real=0.01 secs] 
161.217: Total time for which application threads were stopped: 0.0034670 seconds, Stopping threads took: 0.0000710 seconds
161.248: Application time: 0.0311510 seconds
161.248: [GC [PSYoungGen: 100160K->7760K(107520K)] 219401K->127001K(352768K), 0.0031250 secs] [Times: user=0.02 sys=0.00, real=0.00 secs] 
161.252: Total time for which application threads were stopped: 0.0036280 seconds, Stopping threads took: 0.0003850 seconds
161.282: Application time: 0.0309160 seconds
161.283: [GC [PSYoungGen: 99920K->7936K(107520K)] 219161K->127177K(352768K), 0.0031460 secs] [Times: user=0.02 sys=0.00, real=0.00 secs] 
161.286: Total time for which application threads were stopped: 0.0033440 seconds, Stopping threads took: 0.0000950 seconds
161.310: Application time: 0.0238790 seconds
161.310: [GC [PSYoungGen: 100096K->7856K(107520K)] 219337K->127097K(352768K), 0.0032910 secs] [Times: user=0.02 sys=0.00, real=0.00 secs] 
161.313: Total time for which application threads were stopped: 0.0034630 seconds, Stopping threads took: 0.0000720 seconds
161.336: Application time: 0.0223510 seconds
161.336: [GC [PSYoungGen: 100016K->7968K(107520K)] 219257K->127209K(352768K), 0.0030580 secs] [Times: user=0.02 sys=0.00, real=0.01 secs] 
161.339: Total time for which application threads were stopped: 0.0032210 seconds, Stopping threads took: 0.0000630 seconds
161.367: Application time: 0.0281760 seconds
161.367: [GC [PSYoungGen: 100128K->15328K(107520K)] 219369K->135465K(352768K), 0.0062250 secs] [Times: user=0.05 sys=0.00, real=0.01 secs] 
161.373: Total time for which application threads were stopped: 0.0064390 seconds, Stopping threads took: 0.0000930 seconds
161.410: Application time: 0.0365480 seconds
161.410: [GC [PSYoungGen: 107488K->12672K(107520K)] 227625K->132809K(352768K), 0.0048880 secs] [Times: user=0.03 sys=0.00, real=0.00 secs] 
161.415: Total time for which application threads were stopped: 0.0050590 seconds, Stopping threads took: 0.0000670 seconds
161.453: Application time: 0.0377840 seconds
161.453: [GC [PSYoungGen: 104832K->10288K(107520K)] 224969K->130425K(352768K), 0.0041660 secs] [Times: user=0.03 sys=0.00, real=0.01 secs] 
161.457: Total time for which application threads were stopped: 0.0043580 seconds, Stopping threads took: 0.0000910 seconds
161.494: Application time: 0.0368530 seconds
161.494: [GC [PSYoungGen: 102448K->10336K(107520K)] 222585K->130473K(352768K), 0.0044020 secs] [Times: user=0.03 sys=0.00, real=0.01 secs] 
161.499: Total time for which application threads were stopped: 0.0045890 seconds, Stopping threads took: 0.0000850 seconds
161.529: Application time: 0.0301850 seconds
161.529: [GC [PSYoungGen: 102496K->10160K(107520K)] 222633K->130469K(352768K), 0.0041340 secs] [Times: user=0.03 sys=0.00, real=0.00 secs] 
161.533: Total time for which application threads were stopped: 0.0043160 seconds, Stopping threads took: 0.0000800 seconds
161.561: Application time: 0.0275390 seconds
161.561: [GC [PSYoungGen: 102320K->10384K(107520K)] 222629K->130781K(352768K), 0.0041450 secs] [Times: user=0.03 sys=0.00, real=0.00 secs] 
161.565: Total time for which application threads were stopped: 0.0043160 seconds, Stopping threads took: 0.0000700 seconds
161.585: Application time: 0.0205160 seconds
161.586: [GC [PSYoungGen: 102544K->10496K(107520K)] 222941K->130893K(352768K), 0.0040720 secs] [Times: user=0.03 sys=0.00, real=0.01 secs] 
161.590: Total time for which application threads were stopped: 0.0042340 seconds, Stopping threads took: 0.0000600 seconds
161.616: Application time: 0.0261660 seconds
161.616: [GC [PSYoungGen: 102656K->13072K(107520K)] 223053K->133469K(352768K), 0.0050410 secs] [Times: user=0.04 sys=0.00, real=0.01 secs] 
161.621: Total time for which application threads were stopped: 0.0052300 seconds, Stopping threads took: 0.0000860 seconds
161.656: Application time: 0.0344350 seconds
161.656: [GC [PSYoungGen: 105232K->13792K(107520K)] 225629K->134189K(352768K), 0.0053880 secs] [Times: user=0.04 sys=0.00, real=0.01 secs] 
161.661: Total time for which application threads were stopped: 0.0055880 seconds, Stopping threads took: 0.0000970 seconds
161.697: Application time: 0.0361620 seconds
161.697: [GC [PSYoungGen: 105952K->10512K(107520K)] 226349K->130917K(352768K), 0.0044030 secs] [Times: user=0.03 sys=0.00, real=0.00 secs] 
161.702: Total time for which application threads were stopped: 0.0045940 seconds, Stopping threads took: 0.0000890 seconds
161.741: Application time: 0.0393630 seconds
161.741: [GC [PSYoungGen: 102672K->10240K(107520K)] 223077K->130645K(352768K), 0.0041210 secs] [Times: user=0.02 sys=0.00, real=0.00 secs] 
161.746: Total time for which application threads were stopped: 0.0043120 seconds, Stopping threads took: 0.0000880 seconds
161.775: Application time: 0.0292380 seconds
161.775: [GC [PSYoungGen: 102400K->10368K(107520K)] 222805K->130773K(352768K), 0.0042060 secs] [Times: user=0.02 sys=0.00, real=0.01 secs] 
161.779: Total time for which application threads were stopped: 0.0044030 seconds, Stopping threads took: 0.0000950 seconds
161.810: Application time: 0.0307240 seconds
161.810: [GC [PSYoungGen: 102528K->10544K(107520K)] 222933K->130949K(352768K), 0.0041940 secs] [Times: user=0.03 sys=0.00, real=0.00 secs] 
161.814: Total time for which application threads were stopped: 0.0043650 seconds, Stopping threads took: 0.0000600 seconds
161.837: Application time: 0.0225150 seconds
161.837: [GC [PSYoungGen: 102704K->10512K(107520K)] 223109K->130917K(352768K), 0.0040930 secs] [Times: user=0.03 sys=0.00, real=0.00 secs] 
161.841: Total time for which application threads were stopped: 0.0042810 seconds, Stopping threads took: 0.0000820 seconds
161.865: Application time: 0.0236410 seconds
161.865: [GC [PSYoungGen: 102672K->10768K(107520K)] 223077K->131173K(352768K), 0.0044320 secs] [Times: user=0.02 sys=0.00, real=0.01 secs] 
161.869: Total time for which application threads were stopped: 0.0045940 seconds, Stopping threads took: 0.0000630 seconds
161.901: Application time: 0.0317250 seconds
161.901: [GC [PSYoungGen: 102928K->11072K(107520K)] 223333K->134262K(352768K), 0.0050290 secs] [Times: user=0.03 sys=0.00, real=0.00 secs] 
161.906: Total time for which application threads were stopped: 0.0052070 seconds, Stopping threads took: 0.0000600 seconds
161.941: Application time: 0.0348460 seconds
161.941: [GC [PSYoungGen: 103232K->10240K(107520K)] 226422K->133430K(352768K), 0.0040520 secs] [Times: user=0.03 sys=0.00, real=0.00 secs] 
161.945: Total time for which application threads were stopped: 0.0042450 seconds, Stopping threads took: 0.0000890 seconds
161.983: Application time: 0.0378410 seconds
161.983: [GC [PSYoungGen: 102400K->7680K(107520K)] 225590K->130870K(352768K), 0.0031870 secs] [Times: user=0.01 sys=0.00, real=0.00 secs] 
161.987: Total time for which application threads were stopped: 0.0033740 seconds, Stopping threads took: 0.0000870 seconds
162.022: Application time: 0.0351090 seconds
162.022: [GC [PSYoungGen: 99840K->7792K(107520K)] 223030K->130982K(352768K), 0.0031310 secs] [Times: user=0.02 sys=0.00, real=0.00 secs] 
162.025: Total time for which application threads were stopped: 0.0033290 seconds, Stopping threads took: 0.0000950 seconds
162.055: Application time: 0.0303640 seconds
162.056: [GC [PSYoungGen: 99952K->7920K(107520K)] 223142K->131110K(352768K), 0.0031190 secs] [Times: user=0.02 sys=0.00, real=0.01 secs] 
162.059: Total time for which application threads were stopped: 0.0033140 seconds, Stopping threads took: 0.0000960 seconds
162.085: Application time: 0.0264640 seconds
162.085: [GC [PSYoungGen: 100080K->8144K(107520K)] 223270K->131334K(352768K), 0.0032160 secs] [Times: user=0.02 sys=0.00, real=0.01 secs] 
162.089: Total time for which application threads were stopped: 0.0034070 seconds, Stopping threads took: 0.0000900 seconds
162.109: Application time: 0.0208870 seconds
162.110: [GC [PSYoungGen: 100304K->7872K(107520K)] 223494K->131062K(352768K), 0.0030990 secs] [Times: user=0.02 sys=0.00, real=0.00 secs] 
162.113: Total time for which application threads were stopped: 0.0032800 seconds, Stopping threads took: 0.0000840 seconds
162.138: Application time: 0.0252930 seconds
162.140: [GC [PSYoungGen: 100032K->12080K(107520K)] 223222K->135270K(352768K), 0.0046680 secs] [Times: user=0.03 sys=0.00, real=0.00 secs] 
162.145: Total time for which application threads were stopped: 0.0070490 seconds, Stopping threads took: 0.0022770 seconds
162.181: Application time: 0.0362980 seconds
162.182: [GC [PSYoungGen: 104240K->12560K(107520K)] 227430K->135750K(352768K), 0.0048420 secs] [Times: user=0.04 sys=0.00, real=0.00 secs] 
162.186: Total time for which application threads were stopped: 0.0050450 seconds, Stopping threads took: 0.0000990 seconds
162.223: Application time: 0.0362970 seconds
162.223: [GC [PSYoungGen: 104720K->8048K(107520K)] 227910K->131238K(352768K), 0.0032250 secs] [Times: user=0.02 sys=0.00, real=0.00 secs] 
162.226: Total time for which application threads were stopped: 0.0034050 seconds, Stopping threads took: 0.0000780 seconds
162.266: Application time: 0.0398860 seconds
162.266: [GC [PSYoungGen: 100208K->7888K(107520K)] 223398K->131078K(352768K), 0.0032420 secs] [Times: user=0.02 sys=0.00, real=0.01 secs] 
162.269: Total time for which application threads were stopped: 0.0034320 seconds, Stopping threads took: 0.0000880 seconds
162.299: Application time: 0.0296470 seconds
162.299: [GC [PSYoungGen: 100048K->7632K(107520K)] 223238K->130970K(352768K), 0.0032960 secs] [Times: user=0.02 sys=0.00, real=0.00 secs] 
162.303: Total time for which application threads were stopped: 0.0034770 seconds, Stopping threads took: 0.0000820 seconds
162.332: Application time: 0.0291750 seconds
162.332: [GC [PSYoungGen: 99792K->7664K(107520K)] 223130K->131114K(352768K), 0.0031620 secs] [Times: user=0.02 sys=0.00, real=0.00 secs] 
162.335: Total time for which application threads were stopped: 0.0033330 seconds, Stopping threads took: 0.0000690 seconds
162.357: Application time: 0.0220290 seconds
162.357: [GC [PSYoungGen: 99824K->7616K(107520K)] 223274K->131106K(352768K), 0.0030690 secs] [Times: user=0.02 sys=0.00, real=0.00 secs] 
162.360: Total time for which application threads were stopped: 0.0032460 seconds, Stopping threads took: 0.0000750 seconds
162.384: Application time: 0.0239120 seconds
162.384: [GC [PSYoungGen: 99776K->7440K(107520K)] 223266K->130930K(352768K), 0.0030630 secs] [Times: user=0.02 sys=0.00, real=0.00 secs] 
162.388: Total time for which application threads were stopped: 0.0032530 seconds, Stopping threads took: 0.0000910 seconds
162.421: Application time: 0.0333100 seconds
162.421: [GC [PSYoungGen: 99600K->8864K(107520K)] 223090K->132354K(352768K), 0.0033090 secs] [Times: user=0.02 sys=0.00, real=0.00 secs] 
162.424: Total time for which application threads were stopped: 0.0035040 seconds, Stopping threads took: 0.0000770 seconds
162.460: Application time: 0.0354500 seconds
162.460: [GC [PSYoungGen: 101024K->7680K(107520K)] 224514K->131178K(352768K), 0.0030970 secs] [Times: user=0.03 sys=0.00, real=0.00 secs] 
162.463: Total time for which application threads were stopped: 0.0033030 seconds, Stopping threads took: 0.0001050 seconds
162.501: Application time: 0.0381910 seconds
162.504: [GC [PSYoungGen: 99840K->7424K(107520K)] 223338K->130922K(352768K), 0.0031190 secs] [Times: user=0.03 sys=0.00, real=0.00 secs] 
162.508: Total time for which application threads were stopped: 0.0062390 seconds, Stopping threads took: 0.0030120 seconds
162.540: Application time: 0.0322850 seconds
162.540: [GC [PSYoungGen: 99584K->7536K(107520K)] 223082K->131034K(352768K), 0.0031180 secs] [Times: user=0.03 sys=0.00, real=0.00 secs] 
162.543: Total time for which application threads were stopped: 0.0033530 seconds, Stopping threads took: 0.0001330 seconds
162.575: Application time: 0.0314580 seconds
162.575: [GC [PSYoungGen: 99696K->7904K(107520K)] 223194K->131402K(352768K), 0.0031940 secs] [Times: user=0.02 sys=0.00, real=0.01 secs] 
162.578: Total time for which application threads were stopped: 0.0034380 seconds, Stopping threads took: 0.0000990 seconds
162.603: Application time: 0.0252790 seconds
162.604: [GC [PSYoungGen: 100064K->7760K(107520K)] 223562K->131258K(352768K), 0.0031360 secs] [Times: user=0.02 sys=0.00, real=0.00 secs] 
162.607: Total time for which application threads were stopped: 0.0032950 seconds, Stopping threads took: 0.0000610 seconds
162.629: Application time: 0.0219440 seconds
162.629: [GC [PSYoungGen: 99920K->7856K(107520K)] 223418K->131354K(352768K), 0.0032770 secs] [Times: user=0.02 sys=0.00, real=0.00 secs] 
162.632: Total time for which application threads were stopped: 0.0034770 seconds, Stopping threads took: 0.0000980 seconds
162.658: Application time: 0.0261950 seconds
162.658: [GC [PSYoungGen: 100016K->15120K(107520K)] 223514K->138618K(352768K), 0.0059170 secs] [Times: user=0.04 sys=0.00, real=0.00 secs] 
162.664: Total time for which application threads were stopped: 0.0060830 seconds, Stopping threads took: 0.0000630 seconds
162.702: Application time: 0.0372400 seconds
162.702: [GC [PSYoungGen: 107280K->11904K(107520K)] 230778K->135402K(352768K), 0.0046350 secs] [Times: user=0.03 sys=0.00, real=0.00 secs] 
162.706: Total time for which application threads were stopped: 0.0048270 seconds, Stopping threads took: 0.0000850 seconds
162.742: Application time: 0.0358510 seconds
162.742: [GC [PSYoungGen: 104064K->7680K(107520K)] 227562K->131178K(352768K), 0.0031490 secs] [Times: user=0.02 sys=0.00, real=0.00 secs] 
162.746: Total time for which application threads were stopped: 0.0033460 seconds, Stopping threads took: 0.0000950 seconds
162.785: Application time: 0.0388410 seconds
162.785: [GC [PSYoungGen: 99840K->7856K(107520K)] 223338K->131354K(352768K), 0.0032580 secs] [Times: user=0.02 sys=0.00, real=0.00 secs] 
162.788: Total time for which application threads were stopped: 0.0034500 seconds, Stopping threads took: 0.0000890 seconds
162.818: Application time: 0.0296710 seconds
162.820: [GC [PSYoungGen: 100016K->8000K(107520K)] 223514K->131498K(352768K), 0.0031790 secs] [Times: user=0.02 sys=0.00, real=0.00 secs] 
162.824: Total time for which application threads were stopped: 0.0060010 seconds, Stopping threads took: 0.0027170 seconds
162.852: Application time: 0.0282540 seconds
162.852: [GC [PSYoungGen: 100160K->7728K(107520K)] 223658K->131226K(352768K), 0.0031300 secs] [Times: user=0.02 sys=0.00, real=0.00 secs] 
162.855: Total time for which application threads were stopped: 0.0033070 seconds, Stopping threads took: 0.0000750 seconds
162.877: Application time: 0.0215210 seconds
162.877: [GC [PSYoungGen: 99888K->8064K(107520K)] 223386K->131562K(352768K), 0.0031350 secs] [Times: user=0.02 sys=0.00, real=0.00 secs] 
162.880: Total time for which application threads were stopped: 0.0033140 seconds, Stopping threads took: 0.0000800 seconds
162.903: Application time: 0.0230660 seconds
162.903: [GC [PSYoungGen: 100224K->8736K(107520K)] 223722K->132234K(352768K), 0.0034860 secs] [Times: user=0.02 sys=0.00, real=0.00 secs] 
162.907: Total time for which application threads were stopped: 0.0036480 seconds, Stopping threads took: 0.0000640 seconds
162.942: Application time: 0.0352860 seconds
162.942: [GC [PSYoungGen: 100896K->10112K(107520K)] 224394K->133610K(352768K), 0.0039300 secs] [Times: user=0.03 sys=0.00, real=0.00 secs] 
162.946: Total time for which application threads were stopped: 0.0040980 seconds, Stopping threads took: 0.0000480 seconds
162.981: Application time: 0.0352840 seconds
162.982: [GC [PSYoungGen: 102272K->8096K(107520K)] 225770K->131594K(352768K), 0.0032850 secs] [Times: user=0.02 sys=0.00, real=0.00 secs] 
162.985: Total time for which application threads were stopped: 0.0034720 seconds, Stopping threads took: 0.0000850 seconds
163.024: Application time: 0.0391940 seconds
163.024: [GC [PSYoungGen: 100256K->7728K(107520K)] 223754K->131226K(352768K), 0.0032020 secs] [Times: user=0.02 sys=0.00, real=0.00 secs] 
163.028: Total time for which application threads were stopped: 0.0034210 seconds, Stopping threads took: 0.0001100 seconds
163.058: Application time: 0.0307550 seconds
163.058: [GC [PSYoungGen: 99888K->7632K(107520K)] 223386K->131254K(352768K), 0.0032210 secs] [Times: user=0.02 sys=0.00, real=0.00 secs] 
163.062: Total time for which application threads were stopped: 0.0034120 seconds, Stopping threads took: 0.0000900 seconds
163.091: Application time: 0.0294230 seconds
163.091: [GC [PSYoungGen: 99792K->7712K(107520K)] 223414K->131462K(352768K), 0.0031640 secs] [Times: user=0.03 sys=0.00, real=0.00 secs] 
163.094: Total time for which application threads were stopped: 0.0033330 seconds, Stopping threads took: 0.0000680 seconds
163.119: Application time: 0.0247390 seconds
163.119: [GC [PSYoungGen: 99872K->7600K(107520K)] 223622K->131430K(352768K), 0.0032010 secs] [Times: user=0.03 sys=0.00, real=0.00 secs] 
163.123: Total time for which application threads were stopped: 0.0033830 seconds, Stopping threads took: 0.0000790 seconds
163.145: Application time: 0.0224960 seconds
163.145: [GC [PSYoungGen: 99760K->8160K(107520K)] 223590K->131990K(352768K), 0.0033080 secs] [Times: user=0.02 sys=0.00, real=0.01 secs] 
163.149: Total time for which application threads were stopped: 0.0035180 seconds, Stopping threads took: 0.0001130 seconds
163.177: Application time: 0.0285540 seconds
163.177: [GC [PSYoungGen: 100320K->13504K(107520K)] 224150K->137334K(352768K), 0.0052090 secs] [Times: user=0.04 sys=0.00, real=0.00 secs] 
163.183: Total time for which application threads were stopped: 0.0053830 seconds, Stopping threads took: 0.0000720 seconds
163.220: Application time: 0.0372960 seconds
163.220: [GC [PSYoungGen: 105664K->8128K(107520K)] 229494K->131966K(352768K), 0.0031480 secs] [Times: user=0.02 sys=0.00, real=0.00 secs] 
163.223: Total time for which application threads were stopped: 0.0033300 seconds, Stopping threads took: 0.0000800 seconds
163.259: Application time: 0.0362830 seconds
163.260: [GC [PSYoungGen: 100288K->7584K(107520K)] 224126K->131422K(352768K), 0.0031550 secs] [Times: user=0.01 sys=0.00, real=0.00 secs] 
163.263: Total time for which application threads were stopped: 0.0033540 seconds, Stopping threads took: 0.0001000 seconds
163.299: Application time: 0.0363950 seconds
163.299: [GC [PSYoungGen: 99744K->7824K(107520K)] 223582K->131662K(352768K), 0.0031660 secs] [Times: user=0.03 sys=0.00, real=0.00 secs] 
163.303: Total time for which application threads were stopped: 0.0033490 seconds, Stopping threads took: 0.0000820 seconds
163.333: Application time: 0.0299850 seconds
163.333: [GC [PSYoungGen: 99984K->7824K(107520K)] 223822K->131662K(352768K), 0.0031420 secs] [Times: user=0.02 sys=0.00, real=0.00 secs] 
163.336: Total time for which application threads were stopped: 0.0033190 seconds, Stopping threads took: 0.0000770 seconds
163.363: Application time: 0.0270410 seconds
163.363: [GC [PSYoungGen: 99984K->7856K(107520K)] 223822K->131694K(352768K), 0.0031780 secs] [Times: user=0.03 sys=0.00, real=0.00 secs] 
163.366: Total time for which application threads were stopped: 0.0033520 seconds, Stopping threads took: 0.0000700 seconds
163.387: Application time: 0.0210170 seconds
163.387: [GC [PSYoungGen: 100016K->7920K(107520K)] 223854K->131758K(352768K), 0.0032730 secs] [Times: user=0.02 sys=0.00, real=0.01 secs] 
163.391: Total time for which application threads were stopped: 0.0034510 seconds, Stopping threads took: 0.0000830 seconds
163.414: Application time: 0.0236530 seconds
163.415: [GC [PSYoungGen: 100080K->10960K(107520K)] 223918K->134798K(352768K), 0.0042770 secs] [Times: user=0.03 sys=0.00, real=0.01 secs] 
163.419: Total time for which application threads were stopped: 0.0044590 seconds, Stopping threads took: 0.0000800 seconds
163.456: Application time: 0.0366710 seconds
163.456: [GC [PSYoungGen: 103120K->12624K(107520K)] 226958K->136462K(352768K), 0.0049520 secs] [Times: user=0.04 sys=0.00, real=0.01 secs] 
163.461: Total time for which application threads were stopped: 0.0051700 seconds, Stopping threads took: 0.0000920 seconds
163.496: Application time: 0.0357400 seconds
163.497: [GC [PSYoungGen: 104784K->7760K(107520K)] 228622K->131598K(352768K), 0.0030970 secs] [Times: user=0.02 sys=0.00, real=0.00 secs] 
163.500: Total time for which application threads were stopped: 0.0032740 seconds, Stopping threads took: 0.0000790 seconds
163.539: Application time: 0.0394600 seconds
163.539: [GC [PSYoungGen: 99920K->8064K(107520K)] 223758K->131902K(352768K), 0.0032580 secs] [Times: user=0.02 sys=0.00, real=0.00 secs] 
163.543: Total time for which application threads were stopped: 0.0034480 seconds, Stopping threads took: 0.0000900 seconds
163.573: Application time: 0.0305610 seconds
163.573: [GC [PSYoungGen: 100224K->7904K(107520K)] 224062K->131742K(352768K), 0.0032650 secs] [Times: user=0.02 sys=0.00, real=0.01 secs] 
163.577: Total time for which application threads were stopped: 0.0034470 seconds, Stopping threads took: 0.0000830 seconds
163.606: Application time: 0.0289110 seconds
163.606: [GC [PSYoungGen: 100064K->8032K(107520K)] 223902K->131870K(352768K), 0.0032640 secs] [Times: user=0.02 sys=0.00, real=0.01 secs] 
163.609: Total time for which application threads were stopped: 0.0034730 seconds, Stopping threads took: 0.0001070 seconds
163.632: Application time: 0.0228250 seconds
163.632: [GC [PSYoungGen: 100192K->7856K(107520K)] 224030K->131694K(352768K), 0.0031410 secs] [Times: user=0.02 sys=0.00, real=0.00 secs] 
163.635: Total time for which application threads were stopped: 0.0033230 seconds, Stopping threads took: 0.0000800 seconds
163.658: Application time: 0.0230170 seconds
163.658: [GC [PSYoungGen: 100016K->7744K(107520K)] 223854K->131582K(352768K), 0.0030660 secs] [Times: user=0.02 sys=0.00, real=0.00 secs] 
163.661: Total time for which application threads were stopped: 0.0032310 seconds, Stopping threads took: 0.0000600 seconds
163.693: Application time: 0.0315150 seconds
163.693: [GC [PSYoungGen: 99904K->10736K(107520K)] 223742K->134574K(352768K), 0.0041200 secs] [Times: user=0.02 sys=0.00, real=0.01 secs] 
163.697: Total time for which application threads were stopped: 0.0043180 seconds, Stopping threads took: 0.0000980 seconds
163.734: Application time: 0.0370300 seconds
163.734: [GC [PSYoungGen: 102896K->7792K(107520K)] 226734K->131630K(352768K), 0.0031490 secs] [Times: user=0.02 sys=0.00, real=0.01 secs] 
163.738: Total time for which application threads were stopped: 0.0033320 seconds, Stopping threads took: 0.0000820 seconds
163.775: Application time: 0.0372660 seconds
163.775: [GC [PSYoungGen: 99952K->7712K(107520K)] 223790K->131550K(352768K), 0.0031030 secs] [Times: user=0.02 sys=0.00, real=0.01 secs] 
163.778: Total time for which application threads were stopped: 0.0032910 seconds, Stopping threads took: 0.0000900 seconds
163.812: Application time: 0.0337270 seconds
163.812: [GC [PSYoungGen: 99872K->7856K(107520K)] 223710K->131694K(352768K), 0.0031550 secs] [Times: user=0.02 sys=0.00, real=0.00 secs] 
163.815: Total time for which application threads were stopped: 0.0033370 seconds, Stopping threads took: 0.0000830 seconds
163.845: Application time: 0.0299620 seconds
163.845: [GC [PSYoungGen: 100016K->7552K(107520K)] 223854K->131571K(352768K), 0.0031650 secs] [Times: user=0.02 sys=0.00, real=0.01 secs] 
163.849: Total time for which application threads were stopped: 0.0033340 seconds, Stopping threads took: 0.0000690 seconds
163.876: Application time: 0.0270710 seconds
163.876: [GC [PSYoungGen: 99712K->7792K(107520K)] 223731K->131927K(352768K), 0.0031740 secs] [Times: user=0.02 sys=0.00, real=0.01 secs] 
163.879: Total time for which application threads were stopped: 0.0033570 seconds, Stopping threads took: 0.0000740 seconds
163.901: Application time: 0.0222920 seconds
163.901: [GC [PSYoungGen: 99952K->7632K(107520K)] 224087K->131767K(352768K), 0.0029690 secs] [Times: user=0.02 sys=0.00, real=0.00 secs] 
163.904: Total time for which application threads were stopped: 0.0031490 seconds, Stopping threads took: 0.0000800 seconds
163.928: Application time: 0.0234760 seconds
163.928: [GC [PSYoungGen: 99792K->13136K(107520K)] 223927K->137271K(352768K), 0.0050940 secs] [Times: user=0.04 sys=0.00, real=0.01 secs] 
163.933: Total time for which application threads were stopped: 0.0052730 seconds, Stopping threads took: 0.0000760 seconds
163.973: Application time: 0.0399020 seconds
163.973: [GC [PSYoungGen: 105296K->9440K(107520K)] 229431K->133575K(352768K), 0.0035860 secs] [Times: user=0.02 sys=0.00, real=0.01 secs] 
163.977: Total time for which application threads were stopped: 0.0037910 seconds, Stopping threads took: 0.0000870 seconds
164.010: Application time: 0.0333100 seconds
164.010: [GC [PSYoungGen: 101600K->7440K(107520K)] 225735K->131583K(352768K), 0.0031730 secs] [Times: user=0.02 sys=0.00, real=0.00 secs] 
164.014: Total time for which application threads were stopped: 0.0033750 seconds, Stopping threads took: 0.0001020 seconds
164.054: Application time: 0.0401480 seconds
164.054: [GC [PSYoungGen: 99600K->7600K(107520K)] 223743K->131743K(352768K), 0.0031080 secs] [Times: user=0.02 sys=0.00, real=0.01 secs] 
164.057: Total time for which application threads were stopped: 0.0033030 seconds, Stopping threads took: 0.0000950 seconds
164.086: Application time: 0.0291310 seconds
164.086: [GC [PSYoungGen: 99760K->7824K(107520K)] 223903K->131967K(352768K), 0.0032900 secs] [Times: user=0.02 sys=0.00, real=0.01 secs] 
164.090: Total time for which application threads were stopped: 0.0034780 seconds, Stopping threads took: 0.0000880 seconds
164.119: Application time: 0.0293780 seconds
164.119: [GC [PSYoungGen: 99984K->8048K(107520K)] 224127K->132191K(352768K), 0.0032760 secs] [Times: user=0.02 sys=0.00, real=0.00 secs] 
164.123: Total time for which application threads were stopped: 0.0034420 seconds, Stopping threads took: 0.0000640 seconds
164.144: Application time: 0.0219480 seconds
164.145: [GC [PSYoungGen: 100208K->7856K(107520K)] 224351K->131999K(352768K), 0.0032520 secs] [Times: user=0.02 sys=0.00, real=0.00 secs] 
164.148: Total time for which application threads were stopped: 0.0034500 seconds, Stopping threads took: 0.0000960 seconds
164.170: Application time: 0.0217280 seconds
164.170: [GC [PSYoungGen: 100016K->8912K(107520K)] 224159K->133055K(352768K), 0.0033780 secs] [Times: user=0.02 sys=0.00, real=0.00 secs] 
164.173: Total time for which application threads were stopped: 0.0035710 seconds, Stopping threads took: 0.0000890 seconds
164.210: Application time: 0.0365060 seconds
164.210: [GC [PSYoungGen: 101072K->12416K(107520K)] 225215K->136559K(352768K), 0.0047790 secs] [Times: user=0.03 sys=0.00, real=0.00 secs] 
164.215: Total time for which application threads were stopped: 0.0049600 seconds, Stopping threads took: 0.0000800 seconds
164.249: Application time: 0.0342990 seconds
164.249: [GC [PSYoungGen: 104576K->8080K(107520K)] 228719K->132223K(352768K), 0.0030990 secs] [Times: user=0.02 sys=0.00, real=0.00 secs] 
164.252: Total time for which application threads were stopped: 0.0032850 seconds, Stopping threads took: 0.0000880 seconds
164.292: Application time: 0.0394260 seconds
164.292: [GC [PSYoungGen: 100240K->7936K(107520K)] 224383K->132079K(352768K), 0.0032250 secs] [Times: user=0.03 sys=0.00, real=0.00 secs] 
164.295: Total time for which application threads were stopped: 0.0034190 seconds, Stopping threads took: 0.0000930 seconds
164.328: Application time: 0.0328830 seconds
164.328: [GC [PSYoungGen: 100096K->7888K(107520K)] 224239K->132031K(352768K), 0.0033030 secs] [Times: user=0.02 sys=0.00, real=0.01 secs] 
164.331: Total time for which application threads were stopped: 0.0034850 seconds, Stopping threads took: 0.0000830 seconds
164.360: Application time: 0.0282300 seconds
164.360: [GC [PSYoungGen: 100048K->7920K(107520K)] 224191K->132063K(352768K), 0.0033010 secs] [Times: user=0.03 sys=0.00, real=0.00 secs] 
164.363: Total time for which application threads were stopped: 0.0034980 seconds, Stopping threads took: 0.0000950 seconds
164.391: Application time: 0.0281180 seconds
164.391: [GC [PSYoungGen: 100080K->7760K(107520K)] 224223K->131903K(352768K), 0.0031050 secs] [Times: user=0.02 sys=0.00, real=0.00 secs] 
164.395: Total time for which application threads were stopped: 0.0032850 seconds, Stopping threads took: 0.0000800 seconds
164.415: Application time: 0.0200410 seconds
164.415: [GC [PSYoungGen: 99920K->7856K(107520K)] 224063K->131999K(352768K), 0.0032010 secs] [Times: user=0.02 sys=0.00, real=0.01 secs] 
164.418: Total time for which application threads were stopped: 0.0033920 seconds, Stopping threads took: 0.0000900 seconds
164.444: Application time: 0.0254790 seconds
164.444: [GC [PSYoungGen: 100016K->12112K(107520K)] 224159K->136255K(352768K), 0.0047550 secs] [Times: user=0.03 sys=0.00, real=0.01 secs] 
164.449: Total time for which application threads were stopped: 0.0049440 seconds, Stopping threads took: 0.0000830 seconds
164.489: Application time: 0.0403870 seconds
164.489: [GC [PSYoungGen: 104272K->8928K(107520K)] 228415K->133071K(352768K), 0.0034430 secs] [Times: user=0.02 sys=0.00, real=0.00 secs] 
164.493: Total time for which application threads were stopped: 0.0036450 seconds, Stopping threads took: 0.0000800 seconds
164.527: Application time: 0.0347910 seconds
164.527: [GC [PSYoungGen: 101088K->7856K(107520K)] 225231K->131999K(352768K), 0.0032630 secs] [Times: user=0.02 sys=0.00, real=0.01 secs] 
164.531: Total time for which application threads were stopped: 0.0034580 seconds, Stopping threads took: 0.0000940 seconds
164.570: Application time: 0.0389160 seconds
164.570: [GC [PSYoungGen: 100016K->7808K(107520K)] 224159K->131951K(352768K), 0.0033810 secs] [Times: user=0.02 sys=0.00, real=0.00 secs] 
164.573: Total time for which application threads were stopped: 0.0035660 seconds, Stopping threads took: 0.0000840 seconds
164.601: Application time: 0.0279590 seconds
164.601: [GC [PSYoungGen: 99968K->7792K(107520K)] 224111K->132091K(352768K), 0.0031760 secs] [Times: user=0.02 sys=0.00, real=0.00 secs] 
164.605: Total time for which application threads were stopped: 0.0033620 seconds, Stopping threads took: 0.0000860 seconds
164.635: Application time: 0.0302990 seconds
164.635: [GC [PSYoungGen: 99952K->7744K(107520K)] 224251K->132187K(352768K), 0.0031620 secs] [Times: user=0.03 sys=0.00, real=0.01 secs] 
164.638: Total time for which application threads were stopped: 0.0033290 seconds, Stopping threads took: 0.0000680 seconds
164.659: Application time: 0.0211590 seconds
164.660: [GC [PSYoungGen: 99904K->7344K(107520K)] 224347K->131787K(352768K), 0.0029200 secs] [Times: user=0.02 sys=0.00, real=0.00 secs] 
164.663: Total time for which application threads were stopped: 0.0031050 seconds, Stopping threads took: 0.0000880 seconds
164.684: Application time: 0.0219010 seconds
164.685: [GC [PSYoungGen: 99504K->9376K(107520K)] 223947K->133819K(352768K), 0.0036930 secs] [Times: user=0.03 sys=0.00, real=0.00 secs] 
164.688: Total time for which application threads were stopped: 0.0038720 seconds, Stopping threads took: 0.0000750 seconds
164.728: Application time: 0.0392430 seconds
164.728: [GC [PSYoungGen: 101536K->12816K(107520K)] 225979K->137259K(352768K), 0.0050330 secs] [Times: user=0.03 sys=0.00, real=0.01 secs] 
164.733: Total time for which application threads were stopped: 0.0052080 seconds, Stopping threads took: 0.0000720 seconds
164.766: Application time: 0.0328180 seconds
164.766: [GC [PSYoungGen: 104976K->7632K(107520K)] 229419K->132083K(352768K), 0.0030860 secs] [Times: user=0.01 sys=0.01, real=0.01 secs] 
164.769: Total time for which application threads were stopped: 0.0032780 seconds, Stopping threads took: 0.0000900 seconds
164.809: Application time: 0.0406590 seconds
164.810: [GC [PSYoungGen: 99792K->7648K(107520K)] 224243K->132099K(352768K), 0.0031350 secs] [Times: user=0.01 sys=0.01, real=0.00 secs] 
164.813: Total time for which application threads were stopped: 0.0033060 seconds, Stopping threads took: 0.0000710 seconds
164.844: Application time: 0.0310760 seconds
164.844: [GC [PSYoungGen: 99808K->7696K(107520K)] 224259K->132147K(352768K), 0.0030980 secs] [Times: user=0.02 sys=0.00, real=0.00 secs] 
164.847: Total time for which application threads were stopped: 0.0032610 seconds, Stopping threads took: 0.0000600 seconds
164.876: Application time: 0.0290660 seconds
164.876: [GC [PSYoungGen: 99856K->7904K(107520K)] 224307K->132355K(352768K), 0.0032230 secs] [Times: user=0.02 sys=0.00, real=0.00 secs] 
164.880: Total time for which application threads were stopped: 0.0034180 seconds, Stopping threads took: 0.0000940 seconds
164.905: Application time: 0.0257320 seconds
164.905: [GC [PSYoungGen: 100064K->8096K(107520K)] 224515K->132547K(352768K), 0.0032540 secs] [Times: user=0.01 sys=0.00, real=0.01 secs] 
164.909: Total time for which application threads were stopped: 0.0034260 seconds, Stopping threads took: 0.0000690 seconds
164.928: Application time: 0.0196160 seconds
164.929: [GC [PSYoungGen: 100256K->8096K(107520K)] 224707K->132547K(352768K), 0.0031450 secs] [Times: user=0.02 sys=0.00, real=0.00 secs] 
164.932: Total time for which application threads were stopped: 0.0033370 seconds, Stopping threads took: 0.0000890 seconds
164.961: Application time: 0.0296960 seconds
164.962: [GC [PSYoungGen: 100256K->12944K(107520K)] 224707K->137395K(352768K), 0.0049130 secs] [Times: user=0.04 sys=0.00, real=0.00 secs] 
164.967: Total time for which application threads were stopped: 0.0051060 seconds, Stopping threads took: 0.0000890 seconds
165.006: Application time: 0.0392290 seconds
165.006: [GC [PSYoungGen: 105104K->8320K(107520K)] 229555K->132771K(352768K), 0.0031610 secs] [Times: user=0.02 sys=0.00, real=0.01 secs] 
165.009: Total time for which application threads were stopped: 0.0033660 seconds, Stopping threads took: 0.0000880 seconds
165.046: Application time: 0.0371870 seconds
165.046: [GC [PSYoungGen: 100480K->8080K(107520K)] 224931K->132531K(352768K), 0.0034080 secs] [Times: user=0.03 sys=0.00, real=0.01 secs] 
165.050: Total time for which application threads were stopped: 0.0035860 seconds, Stopping threads took: 0.0000740 seconds
165.086: Application time: 0.0363410 seconds
165.086: [GC [PSYoungGen: 100240K->7776K(107520K)] 224691K->132227K(352768K), 0.0031350 secs] [Times: user=0.02 sys=0.00, real=0.01 secs] 
165.090: Total time for which application threads were stopped: 0.0033190 seconds, Stopping threads took: 0.0000840 seconds
165.118: Application time: 0.0281800 seconds
165.120: [GC [PSYoungGen: 99936K->7776K(107520K)] 224387K->132227K(352768K), 0.0031160 secs] [Times: user=0.02 sys=0.00, real=0.00 secs] 
165.124: Total time for which application threads were stopped: 0.0057760 seconds, Stopping threads took: 0.0025590 seconds
165.153: Application time: 0.0289800 seconds
165.153: [GC [PSYoungGen: 99936K->7744K(107520K)] 224387K->132195K(352768K), 0.0032110 secs] [Times: user=0.02 sys=0.00, real=0.00 secs] 
165.156: Total time for which application threads were stopped: 0.0033710 seconds, Stopping threads took: 0.0000610 seconds
165.176: Application time: 0.0204590 seconds
165.177: [GC [PSYoungGen: 99904K->7936K(107520K)] 224355K->132387K(352768K), 0.0033250 secs] [Times: user=0.02 sys=0.00, real=0.00 secs] 
165.180: Total time for which application threads were stopped: 0.0035230 seconds, Stopping threads took: 0.0000930 seconds
165.203: Application time: 0.0228150 seconds
165.203: [GC [PSYoungGen: 100096K->10944K(107520K)] 224547K->135395K(352768K), 0.0041500 secs] [Times: user=0.03 sys=0.00, real=0.00 secs] 
165.207: Total time for which application threads were stopped: 0.0043510 seconds, Stopping threads took: 0.0000970 seconds
165.248: Application time: 0.0410220 seconds
165.248: [GC [PSYoungGen: 103104K->11200K(107520K)] 227555K->135651K(352768K), 0.0043550 secs] [Times: user=0.02 sys=0.01, real=0.01 secs] 
165.253: Total time for which application threads were stopped: 0.0045890 seconds, Stopping threads took: 0.0001170 seconds
165.286: Application time: 0.0332590 seconds
165.286: [GC [PSYoungGen: 103360K->7728K(107520K)] 227811K->132179K(352768K), 0.0031320 secs] [Times: user=0.02 sys=0.00, real=0.01 secs] 
165.289: Total time for which application threads were stopped: 0.0033260 seconds, Stopping threads took: 0.0000920 seconds
165.331: Application time: 0.0413740 seconds
165.331: [GC [PSYoungGen: 99888K->7808K(107520K)] 224339K->132259K(352768K), 0.0032620 secs] [Times: user=0.02 sys=0.00, real=0.00 secs] 
165.334: Total time for which application threads were stopped: 0.0034730 seconds, Stopping threads took: 0.0001060 seconds
165.362: Application time: 0.0283250 seconds
165.363: [GC [PSYoungGen: 99968K->8032K(107520K)] 224419K->132563K(352768K), 0.0032610 secs] [Times: user=0.02 sys=0.00, real=0.00 secs] 
165.366: Total time for which application threads were stopped: 0.0034440 seconds, Stopping threads took: 0.0000810 seconds
165.397: Application time: 0.0307690 seconds
165.397: [GC [PSYoungGen: 100192K->7680K(107520K)] 224723K->132423K(352768K), 0.0031590 secs] [Times: user=0.02 sys=0.00, real=0.00 secs] 
165.400: Total time for which application threads were stopped: 0.0033370 seconds, Stopping threads took: 0.0000750 seconds
165.424: Application time: 0.0238430 seconds
165.424: [GC [PSYoungGen: 99840K->8064K(107520K)] 224583K->132807K(352768K), 0.0031790 secs] [Times: user=0.02 sys=0.00, real=0.00 secs] 
165.427: Total time for which application threads were stopped: 0.0033580 seconds, Stopping threads took: 0.0000770 seconds
165.446: Application time: 0.0192480 seconds
165.447: [GC [PSYoungGen: 100224K->8080K(107520K)] 224967K->132823K(352768K), 0.0033190 secs] [Times: user=0.03 sys=0.00, real=0.01 secs] 
165.450: Total time for which application threads were stopped: 0.0034730 seconds, Stopping threads took: 0.0000510 seconds
165.485: Application time: 0.0345770 seconds
165.485: [GC [PSYoungGen: 100240K->15344K(107520K)] 224983K->140263K(352768K), 0.0061700 secs] [Times: user=0.05 sys=0.00, real=0.01 secs] 
165.491: Total time for which application threads were stopped: 0.0063240 seconds, Stopping threads took: 0.0000510 seconds
165.526: Application time: 0.0352420 seconds
165.526: [GC [PSYoungGen: 107504K->11776K(107520K)] 232423K->136703K(352768K), 0.0045180 secs] [Times: user=0.03 sys=0.00, real=0.01 secs] 
165.531: Total time for which application threads were stopped: 0.0047160 seconds, Stopping threads took: 0.0000770 seconds
165.570: Application time: 0.0388740 seconds
165.570: [GC [PSYoungGen: 103936K->11424K(107520K)] 228863K->136351K(352768K), 0.0043940 secs] [Times: user=0.03 sys=0.00, real=0.00 secs] 
165.574: Total time for which application threads were stopped: 0.0045870 seconds, Stopping threads took: 0.0000890 seconds
165.609: Application time: 0.0349970 seconds
165.609: [GC [PSYoungGen: 103584K->11296K(107520K)] 228511K->136223K(352768K), 0.0044200 secs] [Times: user=0.03 sys=0.00, real=0.00 secs] 
165.614: Total time for which application threads were stopped: 0.0045940 seconds, Stopping threads took: 0.0000680 seconds
165.641: Application time: 0.0268440 seconds
165.641: [GC [PSYoungGen: 103456K->11648K(107520K)] 228383K->136575K(352768K), 0.0045280 secs] [Times: user=0.03 sys=0.00, real=0.00 secs] 
165.645: Total time for which application threads were stopped: 0.0047190 seconds, Stopping threads took: 0.0000890 seconds
165.673: Application time: 0.0280310 seconds
165.674: [GC [PSYoungGen: 103808K->11616K(107520K)] 228735K->136543K(352768K), 0.0045120 secs] [Times: user=0.04 sys=0.00, real=0.01 secs] 
165.678: Total time for which application threads were stopped: 0.0047080 seconds, Stopping threads took: 0.0000920 seconds
165.700: Application time: 0.0213630 seconds
165.700: [GC [PSYoungGen: 103776K->11680K(107520K)] 228703K->136607K(352768K), 0.0044410 secs] [Times: user=0.03 sys=0.00, real=0.00 secs] 
165.704: Total time for which application threads were stopped: 0.0046120 seconds, Stopping threads took: 0.0000660 seconds
165.728: Application time: 0.0236930 seconds
165.728: [GC [PSYoungGen: 103840K->15328K(107520K)] 228767K->140407K(352768K), 0.0059950 secs] [Times: user=0.04 sys=0.00, real=0.01 secs] 
165.734: Total time for which application threads were stopped: 0.0061560 seconds, Stopping threads took: 0.0000580 seconds
165.777: Application time: 0.0425840 seconds
165.777: [GC [PSYoungGen: 107488K->14624K(107520K)] 232567K->139703K(352768K), 0.0056330 secs] [Times: user=0.04 sys=0.00, real=0.00 secs] 
165.782: Total time for which application threads were stopped: 0.0058140 seconds, Stopping threads took: 0.0000770 seconds
165.815: Application time: 0.0324930 seconds
165.815: [GC [PSYoungGen: 106784K->14096K(107520K)] 231863K->139175K(352768K), 0.0054130 secs] [Times: user=0.03 sys=0.00, real=0.01 secs] 
165.821: Total time for which application threads were stopped: 0.0055980 seconds, Stopping threads took: 0.0000820 seconds
165.861: Application time: 0.0403710 seconds
165.861: [GC [PSYoungGen: 106256K->14416K(107520K)] 231335K->139495K(352768K), 0.0054630 secs] [Times: user=0.04 sys=0.00, real=0.00 secs] 
165.867: Total time for which application threads were stopped: 0.0056800 seconds, Stopping threads took: 0.0001130 seconds
165.894: Application time: 0.0277090 seconds
165.894: [GC [PSYoungGen: 106576K->14352K(107520K)] 231655K->139431K(352768K), 0.0053860 secs] [Times: user=0.04 sys=0.00, real=0.01 secs] 
165.900: Total time for which application threads were stopped: 0.0055840 seconds, Stopping threads took: 0.0000930 seconds
165.932: Application time: 0.0321280 seconds
165.932: [GC [PSYoungGen: 106512K->14416K(107520K)] 231591K->139495K(352768K), 0.0055820 secs] [Times: user=0.04 sys=0.00, real=0.01 secs] 
165.938: Total time for which application threads were stopped: 0.0057990 seconds, Stopping threads took: 0.0001110 seconds
165.960: Application time: 0.0224510 seconds
165.964: [GC [PSYoungGen: 106576K->14384K(107520K)] 231655K->139463K(352768K), 0.0055680 secs] [Times: user=0.05 sys=0.00, real=0.01 secs] 
165.970: Total time for which application threads were stopped: 0.0097570 seconds, Stopping threads took: 0.0040840 seconds
165.989: Application time: 0.0190450 seconds
165.989: [GC [PSYoungGen: 106544K->14688K(107520K)] 231623K->139767K(352768K), 0.0055180 secs] [Times: user=0.04 sys=0.00, real=0.00 secs] 
165.995: Total time for which application threads were stopped: 0.0056750 seconds, Stopping threads took: 0.0000540 seconds
166.033: Application time: 0.0387480 seconds
166.034: [GC [PSYoungGen: 106848K->15328K(107520K)] 231927K->147851K(352768K), 0.0082990 secs] [Times: user=0.05 sys=0.01, real=0.01 secs] 
166.042: Total time for which application threads were stopped: 0.0084810 seconds, Stopping threads took: 0.0000640 seconds
166.075: Application time: 0.0327240 seconds
166.075: [GC [PSYoungGen: 107488K->14800K(107520K)] 240011K->147476K(352768K), 0.0058790 secs] [Times: user=0.04 sys=0.01, real=0.01 secs] 
166.081: Total time for which application threads were stopped: 0.0060890 seconds, Stopping threads took: 0.0001050 seconds
166.122: Application time: 0.0410350 seconds
166.124: [GC [PSYoungGen: 106960K->14816K(107520K)] 239636K->147492K(352768K), 0.0058720 secs] [Times: user=0.04 sys=0.00, real=0.01 secs] 
166.130: Total time for which application threads were stopped: 0.0085010 seconds, Stopping threads took: 0.0025230 seconds
166.164: Application time: 0.0331940 seconds
166.164: [GC [PSYoungGen: 106976K->15040K(107520K)] 239652K->147800K(352768K), 0.0059530 secs] [Times: user=0.04 sys=0.00, real=0.01 secs] 
166.170: Total time for which application threads were stopped: 0.0061490 seconds, Stopping threads took: 0.0000920 seconds
166.198: Application time: 0.0280350 seconds
166.198: [GC [PSYoungGen: 107200K->15056K(107520K)] 239960K->148024K(352768K), 0.0059930 secs] [Times: user=0.04 sys=0.00, real=0.00 secs] 
166.204: Total time for which application threads were stopped: 0.0061910 seconds, Stopping threads took: 0.0000970 seconds
166.230: Application time: 0.0264690 seconds
166.231: [GC [PSYoungGen: 107216K->15136K(107520K)] 240184K->148104K(352768K), 0.0059390 secs] [Times: user=0.05 sys=0.00, real=0.01 secs] 
166.237: Total time for which application threads were stopped: 0.0061430 seconds, Stopping threads took: 0.0000970 seconds
166.257: Application time: 0.0202950 seconds
166.257: [GC [PSYoungGen: 107296K->15328K(107520K)] 240264K->148320K(352768K), 0.0059930 secs] [Times: user=0.05 sys=0.00, real=0.00 secs] 
166.263: Total time for which application threads were stopped: 0.0061520 seconds, Stopping threads took: 0.0000550 seconds
166.289: Application time: 0.0263940 seconds
166.289: [GC [PSYoungGen: 107488K->15344K(107520K)] 240480K->152377K(352768K), 0.0072810 secs] [Times: user=0.03 sys=0.01, real=0.01 secs] 
166.297: Total time for which application threads were stopped: 0.0074600 seconds, Stopping threads took: 0.0000790 seconds
166.339: Application time: 0.0422680 seconds
166.339: [GC [PSYoungGen: 107504K->14496K(107520K)] 244537K->151529K(352768K), 0.0058170 secs] [Times: user=0.04 sys=0.00, real=0.00 secs] 
166.345: Total time for which application threads were stopped: 0.0060340 seconds, Stopping threads took: 0.0001140 seconds
166.381: Application time: 0.0360860 seconds
166.381: [GC [PSYoungGen: 106656K->14032K(107520K)] 243689K->151065K(352768K), 0.0058580 secs] [Times: user=0.03 sys=0.01, real=0.00 secs] 
166.387: Total time for which application threads were stopped: 0.0060310 seconds, Stopping threads took: 0.0000690 seconds
166.426: Application time: 0.0386550 seconds
166.426: [GC [PSYoungGen: 106192K->14272K(107520K)] 243225K->151305K(352768K), 0.0057610 secs] [Times: user=0.05 sys=0.00, real=0.01 secs] 
166.432: Total time for which application threads were stopped: 0.0059620 seconds, Stopping threads took: 0.0000970 seconds
166.459: Application time: 0.0266480 seconds
166.459: [GC [PSYoungGen: 106432K->14496K(107520K)] 243465K->151529K(352768K), 0.0058250 secs] [Times: user=0.04 sys=0.00, real=0.00 secs] 
166.465: Total time for which application threads were stopped: 0.0060100 seconds, Stopping threads took: 0.0000820 seconds
166.495: Application time: 0.0305820 seconds
166.495: [GC [PSYoungGen: 106656K->14400K(107520K)] 243689K->151449K(352768K), 0.0058400 secs] [Times: user=0.04 sys=0.00, real=0.01 secs] 
166.501: Total time for which application threads were stopped: 0.0060330 seconds, Stopping threads took: 0.0000910 seconds
166.522: Application time: 0.0211820 seconds
166.522: [GC [PSYoungGen: 106560K->14656K(107520K)] 243609K->151705K(352768K), 0.0058620 secs] [Times: user=0.04 sys=0.00, real=0.01 secs] 
166.528: Total time for which application threads were stopped: 0.0060300 seconds, Stopping threads took: 0.0000630 seconds
166.549: Application time: 0.0206080 seconds
166.549: [GC [PSYoungGen: 106816K->14304K(107520K)] 243865K->151353K(352768K), 0.0059250 secs] [Times: user=0.04 sys=0.00, real=0.00 secs] 
166.555: Total time for which application threads were stopped: 0.0061420 seconds, Stopping threads took: 0.0000940 seconds
166.597: Application time: 0.0415810 seconds
166.597: [GC [PSYoungGen: 106464K->12384K(107520K)] 243513K->154900K(352768K), 0.0067580 secs] [Times: user=0.05 sys=0.00, real=0.00 secs] 
166.604: Total time for which application threads were stopped: 0.0069830 seconds, Stopping threads took: 0.0001230 seconds
166.635: Application time: 0.0313160 seconds
166.635: [GC [PSYoungGen: 104544K->9168K(107520K)] 247060K->151684K(352768K), 0.0040010 secs] [Times: user=0.03 sys=0.00, real=0.01 secs] 
166.639: Total time for which application threads were stopped: 0.0041950 seconds, Stopping threads took: 0.0000920 seconds
166.681: Application time: 0.0418070 seconds
166.681: [GC [PSYoungGen: 101328K->9456K(107520K)] 243844K->151972K(352768K), 0.0039300 secs] [Times: user=0.02 sys=0.00, real=0.00 secs] 
166.685: Total time for which application threads were stopped: 0.0041130 seconds, Stopping threads took: 0.0000780 seconds
166.715: Application time: 0.0301510 seconds
166.715: [GC [PSYoungGen: 101616K->9696K(107520K)] 244132K->152212K(352768K), 0.0040500 secs] [Times: user=0.02 sys=0.00, real=0.01 secs] 
166.720: Total time for which application threads were stopped: 0.0042250 seconds, Stopping threads took: 0.0000720 seconds
166.749: Application time: 0.0298640 seconds
166.750: [GC [PSYoungGen: 101856K->9488K(107520K)] 244372K->152004K(352768K), 0.0039840 secs] [Times: user=0.03 sys=0.00, real=0.00 secs] 
166.754: Total time for which application threads were stopped: 0.0041700 seconds, Stopping threads took: 0.0000830 seconds
166.778: Application time: 0.0243700 seconds
166.778: [GC [PSYoungGen: 101648K->9408K(107520K)] 244164K->151924K(352768K), 0.0041600 secs] [Times: user=0.02 sys=0.00, real=0.00 secs] 
166.782: Total time for which application threads were stopped: 0.0043370 seconds, Stopping threads took: 0.0000770 seconds
166.802: Application time: 0.0193000 seconds
166.802: [GC [PSYoungGen: 101568K->9792K(107520K)] 244084K->152372K(352768K), 0.0039340 secs] [Times: user=0.03 sys=0.00, real=0.00 secs] 
166.806: Total time for which application threads were stopped: 0.0041350 seconds, Stopping threads took: 0.0000990 seconds
166.839: Application time: 0.0329930 seconds
166.839: [GC [PSYoungGen: 101952K->12832K(107520K)] 244532K->156996K(352768K), 0.0052890 secs] [Times: user=0.03 sys=0.01, real=0.00 secs] 
166.844: Total time for which application threads were stopped: 0.0054630 seconds, Stopping threads took: 0.0000720 seconds
166.880: Application time: 0.0362900 seconds
166.884: [GC [PSYoungGen: 104992K->8112K(107520K)] 249156K->152276K(352768K), 0.0031920 secs] [Times: user=0.02 sys=0.00, real=0.00 secs] 
166.888: Total time for which application threads were stopped: 0.0071960 seconds, Stopping threads took: 0.0039030 seconds
166.925: Application time: 0.0377940 seconds
166.926: [GC [PSYoungGen: 100272K->7808K(107520K)] 244436K->151972K(352768K), 0.0033200 secs] [Times: user=0.02 sys=0.00, real=0.01 secs] 
166.929: Total time for which application threads were stopped: 0.0035140 seconds, Stopping threads took: 0.0000910 seconds
166.965: Application time: 0.0363560 seconds
166.965: [GC [PSYoungGen: 99968K->7760K(107520K)] 244132K->151924K(352768K), 0.0032030 secs] [Times: user=0.03 sys=0.00, real=0.01 secs] 
166.969: Total time for which application threads were stopped: 0.0033900 seconds, Stopping threads took: 0.0000860 seconds
166.995: Application time: 0.0266690 seconds
166.995: [GC [PSYoungGen: 99920K->7648K(107520K)] 244084K->151980K(352768K), 0.0031440 secs] [Times: user=0.02 sys=0.00, real=0.01 secs] 
166.999: Total time for which application threads were stopped: 0.0033090 seconds, Stopping threads took: 0.0000630 seconds
167.029: Application time: 0.0299090 seconds
167.029: [GC [PSYoungGen: 99808K->7504K(107520K)] 244140K->151964K(352768K), 0.0031170 secs] [Times: user=0.02 sys=0.00, real=0.00 secs] 
167.032: Total time for which application threads were stopped: 0.0033160 seconds, Stopping threads took: 0.0000990 seconds
167.053: Application time: 0.0214540 seconds
167.054: [GC [PSYoungGen: 99664K->7632K(107520K)] 244124K->152092K(352768K), 0.0030650 secs] [Times: user=0.02 sys=0.00, real=0.01 secs] 
167.057: Total time for which application threads were stopped: 0.0032800 seconds, Stopping threads took: 0.0000880 seconds
167.079: Application time: 0.0221740 seconds
167.079: [GC [PSYoungGen: 99792K->10560K(107520K)] 244252K->155020K(352768K), 0.0040610 secs] [Times: user=0.03 sys=0.00, real=0.00 secs] 
167.083: Total time for which application threads were stopped: 0.0042580 seconds, Stopping threads took: 0.0000950 seconds
167.125: Application time: 0.0418140 seconds
167.125: [GC [PSYoungGen: 102720K->8976K(107520K)] 247180K->153436K(352768K), 0.0033600 secs] [Times: user=0.02 sys=0.00, real=0.01 secs] 
167.128: Total time for which application threads were stopped: 0.0035360 seconds, Stopping threads took: 0.0000750 seconds
167.160: Application time: 0.0314660 seconds
167.160: [GC [PSYoungGen: 101136K->7440K(107520K)] 245596K->151908K(352768K), 0.0030830 secs] [Times: user=0.02 sys=0.00, real=0.00 secs] 
167.163: Total time for which application threads were stopped: 0.0032640 seconds, Stopping threads took: 0.0000730 seconds
167.205: Application time: 0.0416880 seconds
167.205: [GC [PSYoungGen: 99600K->7568K(107520K)] 244068K->152036K(352768K), 0.0032520 secs] [Times: user=0.02 sys=0.00, real=0.01 secs] 
167.208: Total time for which application threads were stopped: 0.0034540 seconds, Stopping threads took: 0.0000870 seconds
167.238: Application time: 0.0293310 seconds
167.238: [GC [PSYoungGen: 99728K->7808K(107520K)] 244196K->152276K(352768K), 0.0031700 secs] [Times: user=0.02 sys=0.00, real=0.00 secs] 
167.241: Total time for which application threads were stopped: 0.0033460 seconds, Stopping threads took: 0.0000720 seconds
167.271: Application time: 0.0296360 seconds
167.271: [GC [PSYoungGen: 99968K->7744K(107520K)] 244436K->152212K(352768K), 0.0032380 secs] [Times: user=0.02 sys=0.00, real=0.00 secs] 
167.274: Total time for which application threads were stopped: 0.0034020 seconds, Stopping threads took: 0.0000630 seconds
167.298: Application time: 0.0236480 seconds
167.298: [GC [PSYoungGen: 99904K->7968K(107520K)] 244372K->152436K(352768K), 0.0031730 secs] [Times: user=0.02 sys=0.00, real=0.00 secs] 
167.301: Total time for which application threads were stopped: 0.0033450 seconds, Stopping threads took: 0.0000720 seconds
167.322: Application time: 0.0213040 seconds
167.322: [GC [PSYoungGen: 100128K->7856K(107520K)] 244596K->152324K(352768K), 0.0033280 secs] [Times: user=0.02 sys=0.00, real=0.00 secs] 
167.326: Total time for which application threads were stopped: 0.0034930 seconds, Stopping threads took: 0.0000630 seconds
167.358: Application time: 0.0324470 seconds
167.358: [GC [PSYoungGen: 100016K->13424K(107520K)] 244484K->157892K(352768K), 0.0052960 secs] [Times: user=0.04 sys=0.00, real=0.00 secs] 
167.364: Total time for which application threads were stopped: 0.0054860 seconds, Stopping threads took: 0.0000880 seconds
167.401: Application time: 0.0369330 seconds
167.401: [GC [PSYoungGen: 105584K->8032K(107520K)] 250052K->152500K(352768K), 0.0031830 secs] [Times: user=0.02 sys=0.00, real=0.00 secs] 
167.404: Total time for which application threads were stopped: 0.0033660 seconds, Stopping threads took: 0.0000840 seconds
167.443: Application time: 0.0386260 seconds
167.443: [GC [PSYoungGen: 100192K->7856K(107520K)] 244660K->152324K(352768K), 0.0033430 secs] [Times: user=0.02 sys=0.00, real=0.00 secs] 
167.446: Total time for which application threads were stopped: 0.0035270 seconds, Stopping threads took: 0.0000820 seconds
167.479: Application time: 0.0332100 seconds
167.480: [GC [PSYoungGen: 100016K->7808K(107520K)] 244484K->152276K(352768K), 0.0032030 secs] [Times: user=0.01 sys=0.01, real=0.00 secs] 
167.483: Total time for which application threads were stopped: 0.0033970 seconds, Stopping threads took: 0.0000920 seconds
167.512: Application time: 0.0295700 seconds
167.513: [GC [PSYoungGen: 99968K->7888K(107520K)] 244436K->152356K(352768K), 0.0031920 secs] [Times: user=0.02 sys=0.00, real=0.00 secs] 
167.516: Total time for which application threads were stopped: 0.0034130 seconds, Stopping threads took: 0.0001210 seconds
167.542: Application time: 0.0263020 seconds
167.542: [GC [PSYoungGen: 100048K->7664K(107520K)] 244516K->152132K(352768K), 0.0031310 secs] [Times: user=0.02 sys=0.00, real=0.00 secs] 
167.545: Total time for which application threads were stopped: 0.0033060 seconds, Stopping threads took: 0.0000760 seconds
167.567: Application time: 0.0215230 seconds
167.567: [GC [PSYoungGen: 99824K->8288K(107520K)] 244292K->152756K(352768K), 0.0032440 secs] [Times: user=0.03 sys=0.00, real=0.01 secs] 
167.570: Total time for which application threads were stopped: 0.0034320 seconds, Stopping threads took: 0.0000690 seconds
167.596: Application time: 0.0252530 seconds
167.596: [GC [PSYoungGen: 100448K->11968K(107520K)] 244916K->156436K(352768K), 0.0047110 secs] [Times: user=0.03 sys=0.00, real=0.01 secs] 
167.601: Total time for which application threads were stopped: 0.0048800 seconds, Stopping threads took: 0.0000650 seconds
167.640: Application time: 0.0395680 seconds
167.640: [GC [PSYoungGen: 104128K->9968K(107520K)] 248596K->154436K(352768K), 0.0040080 secs] [Times: user=0.03 sys=0.00, real=0.00 secs] 
167.644: Total time for which application threads were stopped: 0.0042280 seconds, Stopping threads took: 0.0001060 seconds
167.679: Application time: 0.0350610 seconds
167.680: [GC [PSYoungGen: 102128K->8032K(107520K)] 246596K->152500K(352768K), 0.0032970 secs] [Times: user=0.02 sys=0.00, real=0.00 secs] 
167.683: Total time for which application threads were stopped: 0.0034950 seconds, Stopping threads took: 0.0000960 seconds
167.722: Application time: 0.0386410 seconds
167.724: [GC [PSYoungGen: 100192K->7904K(107520K)] 244660K->152372K(352768K), 0.0032510 secs] [Times: user=0.02 sys=0.00, real=0.00 secs] 
167.728: Total time for which application threads were stopped: 0.0061590 seconds, Stopping threads took: 0.0028060 seconds
167.757: Application time: 0.0292490 seconds
167.757: [GC [PSYoungGen: 100064K->7872K(107520K)] 244532K->152440K(352768K), 0.0032390 secs] [Times: user=0.02 sys=0.00, real=0.00 secs] 
167.760: Total time for which application threads were stopped: 0.0034430 seconds, Stopping threads took: 0.0001020 seconds
167.789: Application time: 0.0287740 seconds
167.789: [GC [PSYoungGen: 100032K->7920K(107520K)] 244600K->152668K(352768K), 0.0032390 secs] [Times: user=0.02 sys=0.00, real=0.00 secs] 
167.793: Total time for which application threads were stopped: 0.0033970 seconds, Stopping threads took: 0.0000570 seconds
167.815: Application time: 0.0220520 seconds
167.815: [GC [PSYoungGen: 100080K->7680K(107520K)] 244828K->152428K(352768K), 0.0033540 secs] [Times: user=0.02 sys=0.00, real=0.01 secs] 
167.818: Total time for which application threads were stopped: 0.0035520 seconds, Stopping threads took: 0.0000950 seconds
167.841: Application time: 0.0226060 seconds
167.841: [GC [PSYoungGen: 99840K->9440K(107520K)] 244588K->154188K(352768K), 0.0038550 secs] [Times: user=0.02 sys=0.00, real=0.00 secs] 
167.845: Total time for which application threads were stopped: 0.0040460 seconds, Stopping threads took: 0.0000920 seconds
167.880: Application time: 0.0353190 seconds
167.884: [GC [PSYoungGen: 101600K->13248K(107520K)] 246348K->157996K(352768K), 0.0051940 secs] [Times: user=0.04 sys=0.00, real=0.01 secs] 
167.890: Total time for which application threads were stopped: 0.0094690 seconds, Stopping threads took: 0.0041710 seconds
167.925: Application time: 0.0353840 seconds
167.925: [GC [PSYoungGen: 105408K->7696K(107520K)] 250156K->152452K(352768K), 0.0031160 secs] [Times: user=0.02 sys=0.00, real=0.01 secs] 
167.928: Total time for which application threads were stopped: 0.0033060 seconds, Stopping threads took: 0.0000880 seconds
167.968: Application time: 0.0394690 seconds
167.968: [GC [PSYoungGen: 99856K->7472K(107520K)] 244612K->152228K(352768K), 0.0031110 secs] [Times: user=0.02 sys=0.00, real=0.01 secs] 
167.971: Total time for which application threads were stopped: 0.0033000 seconds, Stopping threads took: 0.0000880 seconds
168.002: Application time: 0.0312340 seconds
168.004: [GC [PSYoungGen: 99632K->7664K(107520K)] 244388K->152420K(352768K), 0.0031800 secs] [Times: user=0.02 sys=0.00, real=0.00 secs] 
168.008: Total time for which application threads were stopped: 0.0052670 seconds, Stopping threads took: 0.0019850 seconds
168.037: Application time: 0.0293920 seconds
168.037: [GC [PSYoungGen: 99824K->7840K(107520K)] 244580K->152596K(352768K), 0.0032580 secs] [Times: user=0.02 sys=0.00, real=0.00 secs] 
168.040: Total time for which application threads were stopped: 0.0034280 seconds, Stopping threads took: 0.0000690 seconds
168.066: Application time: 0.0256800 seconds
168.066: [GC [PSYoungGen: 100000K->7952K(107520K)] 244756K->152708K(352768K), 0.0031860 secs] [Times: user=0.02 sys=0.00, real=0.01 secs] 
168.069: Total time for which application threads were stopped: 0.0033500 seconds, Stopping threads took: 0.0000640 seconds
168.091: Application time: 0.0219190 seconds
168.092: [GC [PSYoungGen: 100112K->7808K(107520K)] 244868K->152564K(352768K), 0.0031610 secs] [Times: user=0.02 sys=0.00, real=0.00 secs] 
168.095: Total time for which application threads were stopped: 0.0033610 seconds, Stopping threads took: 0.0000820 seconds
168.121: Application time: 0.0266460 seconds
168.122: [GC [PSYoungGen: 99968K->13376K(107520K)] 244724K->158132K(352768K), 0.0054360 secs] [Times: user=0.03 sys=0.00, real=0.00 secs] 
168.127: Total time for which application threads were stopped: 0.0056200 seconds, Stopping threads took: 0.0000830 seconds
168.167: Application time: 0.0395980 seconds
168.167: [GC [PSYoungGen: 105536K->8592K(107520K)] 250292K->153349K(352768K), 0.0033620 secs] [Times: user=0.02 sys=0.00, real=0.01 secs] 
168.170: Total time for which application threads were stopped: 0.0035530 seconds, Stopping threads took: 0.0000880 seconds
168.206: Application time: 0.0355630 seconds
168.206: [GC [PSYoungGen: 100752K->7664K(107520K)] 245509K->152420K(352768K), 0.0032090 secs] [Times: user=0.02 sys=0.00, real=0.01 secs] 
168.209: Total time for which application threads were stopped: 0.0033980 seconds, Stopping threads took: 0.0000880 seconds
168.248: Application time: 0.0384140 seconds
168.248: [GC [PSYoungGen: 99824K->7792K(107520K)] 244580K->152548K(352768K), 0.0031390 secs] [Times: user=0.02 sys=0.00, real=0.01 secs] 
168.251: Total time for which application threads were stopped: 0.0033130 seconds, Stopping threads took: 0.0000780 seconds
168.279: Application time: 0.0281050 seconds
168.279: [GC [PSYoungGen: 99952K->7824K(107520K)] 244708K->152580K(352768K), 0.0031320 secs] [Times: user=0.02 sys=0.00, real=0.00 secs] 
168.282: Total time for which application threads were stopped: 0.0033260 seconds, Stopping threads took: 0.0000920 seconds
168.310: Application time: 0.0278860 seconds
168.310: [GC [PSYoungGen: 99984K->8048K(107520K)] 244740K->152804K(352768K), 0.0032390 secs] [Times: user=0.02 sys=0.00, real=0.00 secs] 
168.314: Total time for which application threads were stopped: 0.0034270 seconds, Stopping threads took: 0.0000890 seconds
168.336: Application time: 0.0227780 seconds
168.337: [GC [PSYoungGen: 100208K->8000K(107520K)] 244964K->152756K(352768K), 0.0031500 secs] [Times: user=0.03 sys=0.00, real=0.00 secs] 
168.340: Total time for which application threads were stopped: 0.0033410 seconds, Stopping threads took: 0.0000910 seconds
168.362: Application time: 0.0222590 seconds
168.362: [GC [PSYoungGen: 100160K->9728K(107520K)] 244916K->154484K(352768K), 0.0037860 secs] [Times: user=0.03 sys=0.00, real=0.00 secs] 
168.366: Total time for which application threads were stopped: 0.0039890 seconds, Stopping threads took: 0.0001010 seconds
168.403: Application time: 0.0372870 seconds
168.403: [GC [PSYoungGen: 101888K->14144K(107520K)] 246644K->158901K(352768K), 0.0055670 secs] [Times: user=0.04 sys=0.00, real=0.01 secs] 
168.409: Total time for which application threads were stopped: 0.0057480 seconds, Stopping threads took: 0.0000760 seconds
168.444: Application time: 0.0351840 seconds
168.444: [GC [PSYoungGen: 106304K->7984K(107520K)] 251061K->152740K(352768K), 0.0033130 secs] [Times: user=0.02 sys=0.00, real=0.00 secs] 
168.448: Total time for which application threads were stopped: 0.0035420 seconds, Stopping threads took: 0.0001260 seconds
168.488: Application time: 0.0400890 seconds
168.488: [GC [PSYoungGen: 100144K->7680K(107520K)] 244900K->152436K(352768K), 0.0033330 secs] [Times: user=0.02 sys=0.00, real=0.01 secs] 
168.491: Total time for which application threads were stopped: 0.0035600 seconds, Stopping threads took: 0.0001250 seconds
168.522: Application time: 0.0306990 seconds
168.522: [GC [PSYoungGen: 99840K->7744K(107520K)] 244596K->152621K(352768K), 0.0033220 secs] [Times: user=0.02 sys=0.00, real=0.00 secs] 
168.526: Total time for which application threads were stopped: 0.0034980 seconds, Stopping threads took: 0.0000720 seconds
168.555: Application time: 0.0289140 seconds
168.555: [GC [PSYoungGen: 99904K->7872K(107520K)] 244781K->152909K(352768K), 0.0031590 secs] [Times: user=0.02 sys=0.00, real=0.01 secs] 
168.558: Total time for which application threads were stopped: 0.0033610 seconds, Stopping threads took: 0.0000940 seconds
168.582: Application time: 0.0242420 seconds
168.582: [GC [PSYoungGen: 100032K->7776K(107520K)] 245069K->152869K(352768K), 0.0030690 secs] [Times: user=0.02 sys=0.00, real=0.00 secs] 
168.585: Total time for which application threads were stopped: 0.0032320 seconds, Stopping threads took: 0.0000630 seconds
168.607: Application time: 0.0219330 seconds
168.607: [GC [PSYoungGen: 99936K->8704K(107520K)] 245029K->153797K(352768K), 0.0035700 secs] [Times: user=0.02 sys=0.00, real=0.01 secs] 
168.611: Total time for which application threads were stopped: 0.0037720 seconds, Stopping threads took: 0.0000820 seconds
168.641: Application time: 0.0300100 seconds
168.641: [GC [PSYoungGen: 100864K->10944K(107520K)] 245957K->156037K(352768K), 0.0041480 secs] [Times: user=0.03 sys=0.00, real=0.00 secs] 
168.645: Total time for which application threads were stopped: 0.0043180 seconds, Stopping threads took: 0.0000660 seconds
168.684: Application time: 0.0386610 seconds
168.684: [GC [PSYoungGen: 103104K->7856K(107520K)] 248197K->152957K(352768K), 0.0031710 secs] [Times: user=0.03 sys=0.00, real=0.00 secs] 
168.687: Total time for which application threads were stopped: 0.0033510 seconds, Stopping threads took: 0.0000770 seconds
168.725: Application time: 0.0373030 seconds
168.725: [GC [PSYoungGen: 100016K->7392K(107520K)] 245117K->152493K(352768K), 0.0030820 secs] [Times: user=0.03 sys=0.00, real=0.00 secs] 
168.728: Total time for which application threads were stopped: 0.0032530 seconds, Stopping threads took: 0.0000700 seconds
168.763: Application time: 0.0354320 seconds
168.764: [GC [PSYoungGen: 99552K->7664K(107520K)] 244653K->152765K(352768K), 0.0031490 secs] [Times: user=0.02 sys=0.00, real=0.00 secs] 
168.767: Total time for which application threads were stopped: 0.0033330 seconds, Stopping threads took: 0.0000840 seconds
168.795: Application time: 0.0277550 seconds
168.795: [GC [PSYoungGen: 99824K->7824K(107520K)] 244925K->152925K(352768K), 0.0032270 secs] [Times: user=0.02 sys=0.00, real=0.01 secs] 
168.798: Total time for which application threads were stopped: 0.0034130 seconds, Stopping threads took: 0.0000870 seconds
168.827: Application time: 0.0286680 seconds
168.827: [GC [PSYoungGen: 99984K->7968K(107520K)] 245085K->153069K(352768K), 0.0032660 secs] [Times: user=0.03 sys=0.00, real=0.01 secs] 
168.830: Total time for which application threads were stopped: 0.0034600 seconds, Stopping threads took: 0.0000890 seconds
168.852: Application time: 0.0216530 seconds
168.852: [GC [PSYoungGen: 100128K->8304K(107520K)] 245229K->153405K(352768K), 0.0032290 secs] [Times: user=0.02 sys=0.00, real=0.00 secs] 
168.855: Total time for which application threads were stopped: 0.0034040 seconds, Stopping threads took: 0.0000730 seconds
168.879: Application time: 0.0242040 seconds
168.879: [GC [PSYoungGen: 100464K->11824K(107520K)] 245565K->156925K(352768K), 0.0046540 secs] [Times: user=0.03 sys=0.00, real=0.00 secs] 
168.884: Total time for which application threads were stopped: 0.0048140 seconds, Stopping threads took: 0.0000570 seconds
168.923: Application time: 0.0385590 seconds
168.924: [GC [PSYoungGen: 103984K->11488K(107520K)] 249085K->156589K(352768K), 0.0042800 secs] [Times: user=0.02 sys=0.01, real=0.01 secs] 
168.929: Total time for which application threads were stopped: 0.0060040 seconds, Stopping threads took: 0.0016210 seconds
168.963: Application time: 0.0340770 seconds
168.963: [GC [PSYoungGen: 103648K->7824K(107520K)] 248749K->152925K(352768K), 0.0031460 secs] [Times: user=0.02 sys=0.00, real=0.00 secs] 
168.966: Total time for which application threads were stopped: 0.0033710 seconds, Stopping threads took: 0.0001240 seconds
169.007: Application time: 0.0404580 seconds
169.007: [GC [PSYoungGen: 99984K->7744K(107520K)] 245085K->152845K(352768K), 0.0031140 secs] [Times: user=0.02 sys=0.00, real=0.01 secs] 
169.010: Total time for which application threads were stopped: 0.0032940 seconds, Stopping threads took: 0.0000790 seconds
169.040: Application time: 0.0303950 seconds
169.040: [GC [PSYoungGen: 99904K->7936K(107520K)] 245005K->153037K(352768K), 0.0034450 secs] [Times: user=0.02 sys=0.00, real=0.00 secs] 
169.044: Total time for which application threads were stopped: 0.0036190 seconds, Stopping threads took: 0.0000770 seconds
169.072: Application time: 0.0283890 seconds
169.072: [GC [PSYoungGen: 100096K->7792K(107520K)] 245197K->152893K(352768K), 0.0033520 secs] [Times: user=0.02 sys=0.00, real=0.00 secs] 
169.076: Total time for which application threads were stopped: 0.0035230 seconds, Stopping threads took: 0.0000710 seconds
169.098: Application time: 0.0220970 seconds
169.098: [GC [PSYoungGen: 99952K->7824K(107520K)] 245053K->152925K(352768K), 0.0032920 secs] [Times: user=0.02 sys=0.00, real=0.00 secs] 
169.101: Total time for which application threads were stopped: 0.0034920 seconds, Stopping threads took: 0.0000970 seconds
169.123: Application time: 0.0216710 seconds
169.123: [GC [PSYoungGen: 99984K->8352K(107520K)] 245085K->153453K(352768K), 0.0032150 secs] [Times: user=0.02 sys=0.00, real=0.00 secs] 
169.127: Total time for which application threads were stopped: 0.0034220 seconds, Stopping threads took: 0.0000870 seconds
169.163: Application time: 0.0360630 seconds
169.163: [GC [PSYoungGen: 100512K->11056K(107520K)] 245613K->156157K(352768K), 0.0042020 secs] [Times: user=0.03 sys=0.00, real=0.00 secs] 
169.167: Total time for which application threads were stopped: 0.0043860 seconds, Stopping threads took: 0.0000810 seconds
169.202: Application time: 0.0349120 seconds
169.202: [GC [PSYoungGen: 103216K->8096K(107520K)] 248317K->153197K(352768K), 0.0032950 secs] [Times: user=0.02 sys=0.00, real=0.00 secs] 
169.205: Total time for which application threads were stopped: 0.0034910 seconds, Stopping threads took: 0.0000950 seconds
169.244: Application time: 0.0386360 seconds
169.248: [GC [PSYoungGen: 100256K->7920K(107520K)] 245357K->153021K(352768K), 0.0031550 secs] [Times: user=0.02 sys=0.00, real=0.00 secs] 
169.252: Total time for which application threads were stopped: 0.0075440 seconds, Stopping threads took: 0.0042850 seconds
169.284: Application time: 0.0322200 seconds
169.284: [GC [PSYoungGen: 100080K->7840K(107520K)] 245181K->152989K(352768K), 0.0031860 secs] [Times: user=0.02 sys=0.00, real=0.00 secs] 
169.287: Total time for which application threads were stopped: 0.0033860 seconds, Stopping threads took: 0.0000990 seconds
169.317: Application time: 0.0293590 seconds
169.317: [GC [PSYoungGen: 100000K->7488K(107520K)] 245149K->152817K(352768K), 0.0030920 secs] [Times: user=0.03 sys=0.00, real=0.00 secs] 
169.320: Total time for which application threads were stopped: 0.0032680 seconds, Stopping threads took: 0.0000770 seconds
169.346: Application time: 0.0264510 seconds
169.346: [GC [PSYoungGen: 99648K->7696K(107520K)] 244977K->153121K(352768K), 0.0031620 secs] [Times: user=0.02 sys=0.00, real=0.01 secs] 
169.350: Total time for which application threads were stopped: 0.0033310 seconds, Stopping threads took: 0.0000680 seconds
169.371: Application time: 0.0218540 seconds
169.372: [GC [PSYoungGen: 99856K->7888K(107520K)] 245281K->153313K(352768K), 0.0031530 secs] [Times: user=0.02 sys=0.00, real=0.00 secs] 
169.375: Total time for which application threads were stopped: 0.0033290 seconds, Stopping threads took: 0.0000760 seconds
169.400: Application time: 0.0249190 seconds
169.400: [GC [PSYoungGen: 100048K->13136K(107520K)] 245473K->158561K(352768K), 0.0052050 secs] [Times: user=0.04 sys=0.00, real=0.00 secs] 
169.405: Total time for which application threads were stopped: 0.0053930 seconds, Stopping threads took: 0.0000850 seconds
169.446: Application time: 0.0407340 seconds
169.446: [GC [PSYoungGen: 105296K->8752K(107520K)] 250721K->154193K(352768K), 0.0033870 secs] [Times: user=0.02 sys=0.00, real=0.01 secs] 
169.449: Total time for which application threads were stopped: 0.0035830 seconds, Stopping threads took: 0.0000930 seconds
169.484: Application time: 0.0341730 seconds
169.484: [GC [PSYoungGen: 100912K->7440K(107520K)] 246353K->152881K(352768K), 0.0031640 secs] [Times: user=0.02 sys=0.00, real=0.00 secs] 
169.487: Total time for which application threads were stopped: 0.0033340 seconds, Stopping threads took: 0.0000690 seconds
169.526: Application time: 0.0395070 seconds
169.527: [GC [PSYoungGen: 99600K->7632K(107520K)] 245041K->153073K(352768K), 0.0031450 secs] [Times: user=0.02 sys=0.00, real=0.01 secs] 
169.530: Total time for which application threads were stopped: 0.0033660 seconds, Stopping threads took: 0.0001200 seconds
169.558: Application time: 0.0280680 seconds
169.558: [GC [PSYoungGen: 99792K->7728K(107520K)] 245233K->153169K(352768K), 0.0031480 secs] [Times: user=0.02 sys=0.00, real=0.00 secs] 
169.561: Total time for which application threads were stopped: 0.0033030 seconds, Stopping threads took: 0.0000560 seconds
169.592: Application time: 0.0303410 seconds
169.592: [GC [PSYoungGen: 99888K->7872K(107520K)] 245329K->153313K(352768K), 0.0032550 secs] [Times: user=0.02 sys=0.00, real=0.00 secs] 
169.595: Total time for which application threads were stopped: 0.0034250 seconds, Stopping threads took: 0.0000670 seconds
169.617: Application time: 0.0216270 seconds
169.617: [GC [PSYoungGen: 100032K->8048K(107520K)] 245473K->153489K(352768K), 0.0033290 secs] [Times: user=0.02 sys=0.00, real=0.00 secs] 
169.620: Total time for which application threads were stopped: 0.0035280 seconds, Stopping threads took: 0.0000970 seconds
169.641: Application time: 0.0204270 seconds
169.641: [GC [PSYoungGen: 100208K->7680K(107520K)] 245649K->153121K(352768K), 0.0030800 secs] [Times: user=0.02 sys=0.00, real=0.00 secs] 
169.644: Total time for which application threads were stopped: 0.0033300 seconds, Stopping threads took: 0.0001270 seconds
169.681: Application time: 0.0369400 seconds
169.681: [GC [PSYoungGen: 99840K->15344K(107520K)] 245281K->161487K(352768K), 0.0061950 secs] [Times: user=0.05 sys=0.00, real=0.00 secs] 
169.687: Total time for which application threads were stopped: 0.0063690 seconds, Stopping threads took: 0.0000700 seconds
169.722: Application time: 0.0349220 seconds
169.722: [GC [PSYoungGen: 107504K->11536K(107520K)] 253647K->157679K(352768K), 0.0045750 secs] [Times: user=0.03 sys=0.00, real=0.00 secs] 
169.727: Total time for which application threads were stopped: 0.0047440 seconds, Stopping threads took: 0.0000670 seconds
169.768: Application time: 0.0408000 seconds
169.768: [GC [PSYoungGen: 103696K->11152K(107520K)] 249839K->157295K(352768K), 0.0045760 secs] [Times: user=0.03 sys=0.00, real=0.01 secs] 
169.772: Total time for which application threads were stopped: 0.0047570 seconds, Stopping threads took: 0.0000810 seconds
169.804: Application time: 0.0314370 seconds
169.804: [GC [PSYoungGen: 103312K->11376K(107520K)] 249455K->157519K(352768K), 0.0044800 secs] [Times: user=0.03 sys=0.00, real=0.01 secs] 
169.809: Total time for which application threads were stopped: 0.0046950 seconds, Stopping threads took: 0.0001130 seconds
169.837: Application time: 0.0287700 seconds
169.838: [GC [PSYoungGen: 103536K->11408K(107520K)] 249679K->157551K(352768K), 0.0047350 secs] [Times: user=0.03 sys=0.00, real=0.00 secs] 
169.842: Total time for which application threads were stopped: 0.0049200 seconds, Stopping threads took: 0.0000840 seconds
169.867: Application time: 0.0250540 seconds
169.867: [GC [PSYoungGen: 103568K->11440K(107520K)] 249711K->157583K(352768K), 0.0045120 secs] [Times: user=0.03 sys=0.00, real=0.01 secs] 
169.872: Total time for which application threads were stopped: 0.0047040 seconds, Stopping threads took: 0.0000850 seconds
169.893: Application time: 0.0213810 seconds
169.894: [GC [PSYoungGen: 103600K->11472K(107520K)] 249743K->157615K(352768K), 0.0044350 secs] [Times: user=0.03 sys=0.00, real=0.01 secs] 
169.898: Total time for which application threads were stopped: 0.0046500 seconds, Stopping threads took: 0.0001110 seconds
169.926: Application time: 0.0282070 seconds
169.926: [GC [PSYoungGen: 103632K->15344K(107520K)] 249775K->162639K(352768K), 0.0062450 secs] [Times: user=0.05 sys=0.00, real=0.01 secs] 
169.933: Total time for which application threads were stopped: 0.0064370 seconds, Stopping threads took: 0.0000840 seconds
169.971: Application time: 0.0387350 seconds
169.972: [GC [PSYoungGen: 107504K->13312K(107520K)] 254799K->160607K(352768K), 0.0053300 secs] [Times: user=0.04 sys=0.00, real=0.01 secs] 
169.977: Total time for which application threads were stopped: 0.0055230 seconds, Stopping threads took: 0.0000900 seconds
170.013: Application time: 0.0358640 seconds
170.013: [GC [PSYoungGen: 105472K->12992K(107520K)] 252767K->160287K(352768K), 0.0053140 secs] [Times: user=0.04 sys=0.00, real=0.01 secs] 
170.018: Total time for which application threads were stopped: 0.0054890 seconds, Stopping threads took: 0.0000720 seconds
170.056: Application time: 0.0372090 seconds
170.056: [GC [PSYoungGen: 105152K->12928K(107520K)] 252447K->160223K(352768K), 0.0052360 secs] [Times: user=0.04 sys=0.00, real=0.01 secs] 
170.061: Total time for which application threads were stopped: 0.0054390 seconds, Stopping threads took: 0.0000990 seconds
170.089: Application time: 0.0277360 seconds
170.089: [GC [PSYoungGen: 105088K->12976K(107520K)] 252383K->160415K(352768K), 0.0052440 secs] [Times: user=0.04 sys=0.00, real=0.00 secs] 
170.094: Total time for which application threads were stopped: 0.0054400 seconds, Stopping threads took: 0.0000920 seconds
170.123: Application time: 0.0290380 seconds
170.124: [GC [PSYoungGen: 105136K->13008K(107520K)] 252575K->160595K(352768K), 0.0053720 secs] [Times: user=0.04 sys=0.00, real=0.01 secs] 
170.130: Total time for which application threads were stopped: 0.0065800 seconds, Stopping threads took: 0.0011100 seconds
170.151: Application time: 0.0216540 seconds
170.152: [GC [PSYoungGen: 105168K->12944K(107520K)] 252755K->160531K(352768K), 0.0050930 secs] [Times: user=0.04 sys=0.00, real=0.01 secs] 
170.157: Total time for which application threads were stopped: 0.0052480 seconds, Stopping threads took: 0.0000320 seconds
170.178: Application time: 0.0215920 seconds
170.178: [GC [PSYoungGen: 105104K->14448K(107520K)] 252691K->162035K(352768K), 0.0056810 secs] [Times: user=0.05 sys=0.00, real=0.00 secs] 
170.184: Total time for which application threads were stopped: 0.0058660 seconds, Stopping threads took: 0.0000840 seconds
170.225: Application time: 0.0404320 seconds
170.225: [GC [PSYoungGen: 106608K->14096K(107520K)] 254195K->165105K(352768K), 0.0066600 secs] [Times: user=0.05 sys=0.00, real=0.01 secs] 
170.231: Total time for which application threads were stopped: 0.0068370 seconds, Stopping threads took: 0.0000730 seconds
170.264: Application time: 0.0326000 seconds
170.264: [GC [PSYoungGen: 106256K->9376K(107520K)] 257265K->160535K(352768K), 0.0038730 secs] [Times: user=0.02 sys=0.00, real=0.00 secs] 
170.268: Total time for which application threads were stopped: 0.0040610 seconds, Stopping threads took: 0.0000840 seconds
170.310: Application time: 0.0415160 seconds
170.310: [GC [PSYoungGen: 101536K->9312K(107520K)] 252695K->160471K(352768K), 0.0040070 secs] [Times: user=0.02 sys=0.00, real=0.00 secs] 
170.314: Total time for which application threads were stopped: 0.0042050 seconds, Stopping threads took: 0.0000960 seconds
170.343: Application time: 0.0294790 seconds
170.343: [GC [PSYoungGen: 101472K->9120K(107520K)] 252631K->160279K(352768K), 0.0037540 secs] [Times: user=0.03 sys=0.00, real=0.00 secs] 
170.347: Total time for which application threads were stopped: 0.0039250 seconds, Stopping threads took: 0.0000690 seconds
170.377: Application time: 0.0293370 seconds
170.377: [GC [PSYoungGen: 101280K->9712K(107520K)] 252439K->160871K(352768K), 0.0039320 secs] [Times: user=0.03 sys=0.00, real=0.00 secs] 
170.381: Total time for which application threads were stopped: 0.0041230 seconds, Stopping threads took: 0.0000910 seconds
170.405: Application time: 0.0241810 seconds
170.405: [GC [PSYoungGen: 101872K->9664K(107520K)] 253031K->160823K(352768K), 0.0038900 secs] [Times: user=0.03 sys=0.00, real=0.01 secs] 
170.409: Total time for which application threads were stopped: 0.0040860 seconds, Stopping threads took: 0.0000840 seconds
170.429: Application time: 0.0198960 seconds
170.429: [GC [PSYoungGen: 101824K->9408K(107520K)] 252983K->160567K(352768K), 0.0040320 secs] [Times: user=0.03 sys=0.00, real=0.00 secs] 
170.433: Total time for which application threads were stopped: 0.0041950 seconds, Stopping threads took: 0.0000590 seconds
170.466: Application time: 0.0329690 seconds
170.466: [GC [PSYoungGen: 101568K->12224K(107520K)] 252727K->165101K(352768K), 0.0053970 secs] [Times: user=0.04 sys=0.00, real=0.01 secs] 
170.472: Total time for which application threads were stopped: 0.0055720 seconds, Stopping threads took: 0.0000710 seconds
170.508: Application time: 0.0362780 seconds
170.508: [GC [PSYoungGen: 104384K->7760K(107520K)] 257261K->160637K(352768K), 0.0031440 secs] [Times: user=0.02 sys=0.00, real=0.01 secs] 
170.511: Total time for which application threads were stopped: 0.0033250 seconds, Stopping threads took: 0.0000820 seconds
170.549: Application time: 0.0377840 seconds
170.549: [GC [PSYoungGen: 99907K->7728K(107520K)] 252785K->160605K(352768K), 0.0033840 secs] [Times: user=0.02 sys=0.00, real=0.00 secs] 
170.553: Total time for which application threads were stopped: 0.0035750 seconds, Stopping threads took: 0.0000910 seconds
170.588: Application time: 0.0349290 seconds
170.588: [GC [PSYoungGen: 99888K->7920K(107520K)] 252765K->160797K(352768K), 0.0032790 secs] [Times: user=0.02 sys=0.00, real=0.01 secs] 
170.591: Total time for which application threads were stopped: 0.0034830 seconds, Stopping threads took: 0.0000990 seconds
170.619: Application time: 0.0279060 seconds
170.619: [GC [PSYoungGen: 100080K->7904K(107520K)] 252957K->160781K(352768K), 0.0032800 secs] [Times: user=0.02 sys=0.00, real=0.00 secs] 
170.622: Total time for which application threads were stopped: 0.0034650 seconds, Stopping threads took: 0.0000870 seconds
170.651: Application time: 0.0285780 seconds
170.651: [GC [PSYoungGen: 100064K->8080K(107520K)] 252941K->160957K(352768K), 0.0032990 secs] [Times: user=0.02 sys=0.00, real=0.00 secs] 
170.654: Total time for which application threads were stopped: 0.0034590 seconds, Stopping threads took: 0.0000570 seconds
170.675: Application time: 0.0208130 seconds
170.675: [GC [PSYoungGen: 100240K->7904K(107520K)] 253117K->160781K(352768K), 0.0031390 secs] [Times: user=0.02 sys=0.00, real=0.01 secs] 
170.679: Total time for which application threads were stopped: 0.0033220 seconds, Stopping threads took: 0.0000640 seconds
170.702: Application time: 0.0232530 seconds
170.702: [GC [PSYoungGen: 100064K->10928K(107520K)] 252941K->163805K(352768K), 0.0041640 secs] [Times: user=0.03 sys=0.00, real=0.00 secs] 
170.706: Total time for which application threads were stopped: 0.0043570 seconds, Stopping threads took: 0.0000890 seconds
170.747: Application time: 0.0411480 seconds
170.747: [GC [PSYoungGen: 103088K->10656K(107520K)] 255965K->163533K(352768K), 0.0040640 secs] [Times: user=0.03 sys=0.00, real=0.01 secs] 
170.752: Total time for which application threads were stopped: 0.0042510 seconds, Stopping threads took: 0.0000860 seconds
170.785: Application time: 0.0329370 seconds
170.785: [GC [PSYoungGen: 102816K->7968K(107520K)] 255693K->160845K(352768K), 0.0031750 secs] [Times: user=0.02 sys=0.00, real=0.00 secs] 
170.788: Total time for which application threads were stopped: 0.0033670 seconds, Stopping threads took: 0.0000900 seconds
170.829: Application time: 0.0409750 seconds
170.829: [GC [PSYoungGen: 100128K->7968K(107520K)] 253005K->160845K(352768K), 0.0034060 secs] [Times: user=0.01 sys=0.00, real=0.00 secs] 
170.832: Total time for which application threads were stopped: 0.0036140 seconds, Stopping threads took: 0.0001050 seconds
170.860: Application time: 0.0275450 seconds
170.860: [GC [PSYoungGen: 100128K->7872K(107520K)] 253005K->160861K(352768K), 0.0031760 secs] [Times: user=0.02 sys=0.00, real=0.00 secs] 
170.863: Total time for which application threads were stopped: 0.0033620 seconds, Stopping threads took: 0.0000830 seconds
170.894: Application time: 0.0307190 seconds
170.894: [GC [PSYoungGen: 100032K->7728K(107520K)] 253021K->160881K(352768K), 0.0032490 secs] [Times: user=0.02 sys=0.00, real=0.01 secs] 
170.898: Total time for which application threads were stopped: 0.0034310 seconds, Stopping threads took: 0.0000820 seconds
170.920: Application time: 0.0222590 seconds
170.920: [GC [PSYoungGen: 99888K->7440K(107520K)] 253041K->160593K(352768K), 0.0029650 secs] [Times: user=0.02 sys=0.00, real=0.00 secs] 
170.923: Total time for which application threads were stopped: 0.0031750 seconds, Stopping threads took: 0.0001110 seconds
170.944: Application time: 0.0207870 seconds
170.944: [GC [PSYoungGen: 99600K->7744K(107520K)] 252753K->160897K(352768K), 0.0031540 secs] [Times: user=0.02 sys=0.00, real=0.00 secs] 
170.947: Total time for which application threads were stopped: 0.0033480 seconds, Stopping threads took: 0.0000920 seconds
170.986: Application time: 0.0388450 seconds
170.986: [GC [PSYoungGen: 99904K->14384K(107520K)] 253057K->167537K(352768K), 0.0056270 secs] [Times: user=0.04 sys=0.00, real=0.01 secs] 
170.992: Total time for which application threads were stopped: 0.0058040 seconds, Stopping threads took: 0.0000740 seconds
171.025: Application time: 0.0327860 seconds
171.025: [GC [PSYoungGen: 106544K->7792K(107520K)] 259697K->160953K(352768K), 0.0031790 secs] [Times: user=0.02 sys=0.00, real=0.00 secs] 
171.028: Total time for which application threads were stopped: 0.0033600 seconds, Stopping threads took: 0.0000790 seconds
171.068: Application time: 0.0402360 seconds
171.068: [GC [PSYoungGen: 99952K->7712K(107520K)] 253113K->160873K(352768K), 0.0032820 secs] [Times: user=0.01 sys=0.00, real=0.00 secs] 
171.072: Total time for which application threads were stopped: 0.0034890 seconds, Stopping threads took: 0.0000900 seconds
171.104: Application time: 0.0322140 seconds
171.104: [GC [PSYoungGen: 99872K->7728K(107520K)] 253033K->160889K(352768K), 0.0030880 secs] [Times: user=0.02 sys=0.00, real=0.00 secs] 
171.107: Total time for which application threads were stopped: 0.0032830 seconds, Stopping threads took: 0.0000910 seconds
171.136: Application time: 0.0287580 seconds
171.136: [GC [PSYoungGen: 99888K->7984K(107520K)] 253049K->161145K(352768K), 0.0032510 secs] [Times: user=0.03 sys=0.00, real=0.01 secs] 
171.139: Total time for which application threads were stopped: 0.0034460 seconds, Stopping threads took: 0.0000960 seconds
171.167: Application time: 0.0279990 seconds
171.168: [GC [PSYoungGen: 100144K->7792K(107520K)] 253305K->160953K(352768K), 0.0031250 secs] [Times: user=0.02 sys=0.00, real=0.01 secs] 
171.171: Total time for which application threads were stopped: 0.0033020 seconds, Stopping threads took: 0.0000750 seconds
171.190: Application time: 0.0195120 seconds
171.190: [GC [PSYoungGen: 99952K->8064K(107520K)] 253113K->161225K(352768K), 0.0032760 secs] [Times: user=0.02 sys=0.00, real=0.00 secs] 
171.194: Total time for which application threads were stopped: 0.0034620 seconds, Stopping threads took: 0.0000650 seconds
171.219: Application time: 0.0251860 seconds
171.219: [GC [PSYoungGen: 100224K->13472K(107520K)] 253385K->166633K(352768K), 0.0053220 secs] [Times: user=0.03 sys=0.00, real=0.00 secs] 
171.224: Total time for which application threads were stopped: 0.0055020 seconds, Stopping threads took: 0.0000760 seconds
171.267: Application time: 0.0423010 seconds
171.267: [GC [PSYoungGen: 105632K->7904K(107520K)] 258793K->161065K(352768K), 0.0031370 secs] [Times: user=0.02 sys=0.00, real=0.01 secs] 
171.270: Total time for which application threads were stopped: 0.0033440 seconds, Stopping threads took: 0.0001060 seconds
171.304: Application time: 0.0344590 seconds
171.305: [GC [PSYoungGen: 100064K->7776K(107520K)] 253225K->160937K(352768K), 0.0033410 secs] [Times: user=0.02 sys=0.00, real=0.00 secs] 
171.308: Total time for which application threads were stopped: 0.0035270 seconds, Stopping threads took: 0.0000830 seconds
171.348: Application time: 0.0395230 seconds
171.348: [GC [PSYoungGen: 99936K->8128K(107520K)] 253097K->161289K(352768K), 0.0032860 secs] [Times: user=0.02 sys=0.00, real=0.01 secs] 
171.351: Total time for which application threads were stopped: 0.0034720 seconds, Stopping threads took: 0.0000820 seconds
171.378: Application time: 0.0270730 seconds
171.378: [GC [PSYoungGen: 100288K->7680K(107520K)] 253449K->160841K(352768K), 0.0031190 secs] [Times: user=0.03 sys=0.00, real=0.00 secs] 
171.381: Total time for which application threads were stopped: 0.0032930 seconds, Stopping threads took: 0.0000730 seconds
171.412: Application time: 0.0302070 seconds
171.412: [GC [PSYoungGen: 99840K->8128K(107520K)] 253001K->161289K(352768K), 0.0032440 secs] [Times: user=0.02 sys=0.00, real=0.00 secs] 
171.415: Total time for which application threads were stopped: 0.0034180 seconds, Stopping threads took: 0.0000730 seconds
171.437: Application time: 0.0216470 seconds
171.437: [GC [PSYoungGen: 100288K->7904K(107520K)] 253449K->161065K(352768K), 0.0031690 secs] [Times: user=0.02 sys=0.00, real=0.00 secs] 
171.440: Total time for which application threads were stopped: 0.0033590 seconds, Stopping threads took: 0.0000890 seconds
171.462: Application time: 0.0217730 seconds
171.462: [GC [PSYoungGen: 100064K->9760K(107520K)] 253225K->162921K(352768K), 0.0038500 secs] [Times: user=0.03 sys=0.00, real=0.00 secs] 
171.466: Total time for which application threads were stopped: 0.0040290 seconds, Stopping threads took: 0.0000780 seconds
171.504: Application time: 0.0384320 seconds
171.504: [GC [PSYoungGen: 101920K->13008K(107520K)] 255081K->166169K(352768K), 0.0049800 secs] [Times: user=0.04 sys=0.00, real=0.01 secs] 
171.509: Total time for which application threads were stopped: 0.0051740 seconds, Stopping threads took: 0.0000940 seconds
171.543: Application time: 0.0335550 seconds
171.543: [GC [PSYoungGen: 105168K->7952K(107520K)] 258329K->161113K(352768K), 0.0032380 secs] [Times: user=0.02 sys=0.00, real=0.00 secs] 
171.546: Total time for which application threads were stopped: 0.0034010 seconds, Stopping threads took: 0.0000620 seconds
171.587: Application time: 0.0405730 seconds
171.587: [GC [PSYoungGen: 100112K->8032K(107520K)] 253273K->161193K(352768K), 0.0032200 secs] [Times: user=0.03 sys=0.00, real=0.01 secs] 
171.590: Total time for which application threads were stopped: 0.0034040 seconds, Stopping threads took: 0.0000820 seconds
171.621: Application time: 0.0307650 seconds
171.621: [GC [PSYoungGen: 100192K->7904K(107520K)] 253353K->161065K(352768K), 0.0032080 secs] [Times: user=0.02 sys=0.00, real=0.00 secs] 
171.625: Total time for which application threads were stopped: 0.0033860 seconds, Stopping threads took: 0.0000740 seconds
171.654: Application time: 0.0295350 seconds
171.654: [GC [PSYoungGen: 100064K->7600K(107520K)] 253225K->161029K(352768K), 0.0033060 secs] [Times: user=0.02 sys=0.00, real=0.01 secs] 
171.658: Total time for which application threads were stopped: 0.0034700 seconds, Stopping threads took: 0.0000600 seconds
171.682: Application time: 0.0248240 seconds
171.682: [GC [PSYoungGen: 99760K->7536K(107520K)] 253189K->160965K(352768K), 0.0030910 secs] [Times: user=0.03 sys=0.00, real=0.00 secs] 
171.686: Total time for which application threads were stopped: 0.0032690 seconds, Stopping threads took: 0.0000760 seconds
171.706: Application time: 0.0207000 seconds
171.706: [GC [PSYoungGen: 99696K->8032K(107520K)] 253125K->161461K(352768K), 0.0034080 secs] [Times: user=0.02 sys=0.00, real=0.01 secs] 
171.710: Total time for which application threads were stopped: 0.0036070 seconds, Stopping threads took: 0.0000760 seconds
171.739: Application time: 0.0292280 seconds
171.739: [GC [PSYoungGen: 100192K->14736K(107520K)] 253621K->168165K(352768K), 0.0058630 secs] [Times: user=0.04 sys=0.00, real=0.00 secs] 
171.745: Total time for which application threads were stopped: 0.0060600 seconds, Stopping threads took: 0.0000950 seconds
171.784: Application time: 0.0382810 seconds
171.784: [GC [PSYoungGen: 106896K->8000K(107520K)] 260325K->161437K(352768K), 0.0031320 secs] [Times: user=0.02 sys=0.00, real=0.00 secs] 
171.788: Total time for which application threads were stopped: 0.0040880 seconds, Stopping threads took: 0.0008490 seconds
171.825: Application time: 0.0369460 seconds
171.825: [GC [PSYoungGen: 100160K->7472K(107520K)] 253597K->160909K(352768K), 0.0031250 secs] [Times: user=0.03 sys=0.00, real=0.00 secs] 
171.828: Total time for which application threads were stopped: 0.0033170 seconds, Stopping threads took: 0.0000880 seconds
171.864: Application time: 0.0365730 seconds
171.865: [GC [PSYoungGen: 99632K->7552K(107520K)] 253069K->160989K(352768K), 0.0031440 secs] [Times: user=0.02 sys=0.00, real=0.00 secs] 
171.868: Total time for which application threads were stopped: 0.0033260 seconds, Stopping threads took: 0.0000820 seconds
171.895: Application time: 0.0275830 seconds
171.895: [GC [PSYoungGen: 99712K->7680K(107520K)] 253149K->161118K(352768K), 0.0032990 secs] [Times: user=0.02 sys=0.00, real=0.01 secs] 
171.899: Total time for which application threads were stopped: 0.0034890 seconds, Stopping threads took: 0.0000870 seconds
171.927: Application time: 0.0282630 seconds
171.927: [GC [PSYoungGen: 99840K->8032K(107520K)] 253278K->161470K(352768K), 0.0032900 secs] [Times: user=0.02 sys=0.00, real=0.01 secs] 
171.931: Total time for which application threads were stopped: 0.0034940 seconds, Stopping threads took: 0.0001030 seconds
171.952: Application time: 0.0210950 seconds
171.952: [GC [PSYoungGen: 100192K->8080K(107520K)] 253630K->161518K(352768K), 0.0032580 secs] [Times: user=0.01 sys=0.00, real=0.00 secs] 
171.955: Total time for which application threads were stopped: 0.0034690 seconds, Stopping threads took: 0.0001080 seconds
171.979: Application time: 0.0235120 seconds
171.979: [GC [PSYoungGen: 100240K->10144K(107520K)] 253678K->163582K(352768K), 0.0040290 secs] [Times: user=0.02 sys=0.00, real=0.00 secs] 
171.983: Total time for which application threads were stopped: 0.0042050 seconds, Stopping threads took: 0.0000720 seconds
172.021: Application time: 0.0385580 seconds
172.022: [GC [PSYoungGen: 102304K->12416K(107520K)] 255742K->165854K(352768K), 0.0047530 secs] [Times: user=0.04 sys=0.00, real=0.00 secs] 
172.026: Total time for which application threads were stopped: 0.0049420 seconds, Stopping threads took: 0.0000870 seconds
172.061: Application time: 0.0342890 seconds
172.061: [GC [PSYoungGen: 104576K->7680K(107520K)] 258014K->161118K(352768K), 0.0031510 secs] [Times: user=0.02 sys=0.00, real=0.00 secs] 
172.064: Total time for which application threads were stopped: 0.0033410 seconds, Stopping threads took: 0.0000890 seconds
172.104: Application time: 0.0404030 seconds
172.105: [GC [PSYoungGen: 99840K->7728K(107520K)] 253278K->161166K(352768K), 0.0032180 secs] [Times: user=0.02 sys=0.00, real=0.00 secs] 
172.108: Total time for which application threads were stopped: 0.0033920 seconds, Stopping threads took: 0.0000720 seconds
172.137: Application time: 0.0290130 seconds
172.137: [GC [PSYoungGen: 99888K->7840K(107520K)] 253326K->161278K(352768K), 0.0032480 secs] [Times: user=0.02 sys=0.00, real=0.00 secs] 
172.140: Total time for which application threads were stopped: 0.0034170 seconds, Stopping threads took: 0.0000700 seconds
172.171: Application time: 0.0309150 seconds
172.171: [GC [PSYoungGen: 100000K->7952K(107520K)] 253438K->161390K(352768K), 0.0032730 secs] [Times: user=0.02 sys=0.00, real=0.00 secs] 
172.175: Total time for which application threads were stopped: 0.0034540 seconds, Stopping threads took: 0.0000790 seconds
172.198: Application time: 0.0232100 seconds
172.198: [GC [PSYoungGen: 100112K->7760K(107520K)] 253550K->161198K(352768K), 0.0031870 secs] [Times: user=0.02 sys=0.00, real=0.00 secs] 
172.201: Total time for which application threads were stopped: 0.0033490 seconds, Stopping threads took: 0.0000610 seconds
172.222: Application time: 0.0205960 seconds
172.222: [GC [PSYoungGen: 99920K->7904K(107520K)] 253358K->161342K(352768K), 0.0031180 secs] [Times: user=0.02 sys=0.00, real=0.00 secs] 
172.225: Total time for which application threads were stopped: 0.0033100 seconds, Stopping threads took: 0.0000700 seconds
172.260: Application time: 0.0351610 seconds
172.264: [GC [PSYoungGen: 100064K->13456K(107520K)] 253502K->166894K(352768K), 0.0050500 secs] [Times: user=0.04 sys=0.00, real=0.01 secs] 
172.269: Total time for which application threads were stopped: 0.0092060 seconds, Stopping threads took: 0.0040540 seconds
172.304: Application time: 0.0342210 seconds
172.304: [GC [PSYoungGen: 105616K->7776K(107520K)] 259054K->161214K(352768K), 0.0031090 secs] [Times: user=0.02 sys=0.00, real=0.00 secs] 
172.307: Total time for which application threads were stopped: 0.0033220 seconds, Stopping threads took: 0.0001120 seconds
172.346: Application time: 0.0393620 seconds
172.347: [GC [PSYoungGen: 99936K->7856K(107520K)] 253374K->161293K(352768K), 0.0032130 secs] [Times: user=0.02 sys=0.00, real=0.01 secs] 
172.350: Total time for which application threads were stopped: 0.0033870 seconds, Stopping threads took: 0.0000740 seconds
172.385: Application time: 0.0351390 seconds
172.385: [GC [PSYoungGen: 100016K->7776K(107520K)] 253453K->161270K(352768K), 0.0031420 secs] [Times: user=0.02 sys=0.00, real=0.00 secs] 
172.388: Total time for which application threads were stopped: 0.0033340 seconds, Stopping threads took: 0.0000850 seconds
172.416: Application time: 0.0277290 seconds
172.416: [GC [PSYoungGen: 99936K->7632K(107520K)] 253430K->161310K(352768K), 0.0031760 secs] [Times: user=0.02 sys=0.00, real=0.01 secs] 
172.419: Total time for which application threads were stopped: 0.0033570 seconds, Stopping threads took: 0.0000790 seconds
172.448: Application time: 0.0283400 seconds
172.448: [GC [PSYoungGen: 99792K->7760K(107520K)] 253470K->161526K(352768K), 0.0031730 secs] [Times: user=0.02 sys=0.00, real=0.01 secs] 
172.451: Total time for which application threads were stopped: 0.0033330 seconds, Stopping threads took: 0.0000580 seconds
172.470: Application time: 0.0193020 seconds
172.470: [GC [PSYoungGen: 99920K->8064K(107520K)] 253686K->161830K(352768K), 0.0031710 secs] [Times: user=0.02 sys=0.00, real=0.00 secs] 
172.474: Total time for which application threads were stopped: 0.0033600 seconds, Stopping threads took: 0.0000850 seconds
172.499: Application time: 0.0248820 seconds
172.499: [GC [PSYoungGen: 100224K->9456K(107520K)] 253990K->163222K(352768K), 0.0037500 secs] [Times: user=0.03 sys=0.00, real=0.00 secs] 
172.503: Total time for which application threads were stopped: 0.0039470 seconds, Stopping threads took: 0.0000960 seconds
172.545: Application time: 0.0420060 seconds
172.548: [GC [PSYoungGen: 101616K->8272K(107520K)] 255382K->162038K(352768K), 0.0034310 secs] [Times: user=0.03 sys=0.00, real=0.00 secs] 
172.552: Total time for which application threads were stopped: 0.0073460 seconds, Stopping threads took: 0.0038140 seconds
172.585: Application time: 0.0326710 seconds
172.585: [GC [PSYoungGen: 100432K->7488K(107520K)] 254198K->161254K(352768K), 0.0031160 secs] [Times: user=0.02 sys=0.00, real=0.00 secs] 
172.588: Total time for which application threads were stopped: 0.0033210 seconds, Stopping threads took: 0.0001040 seconds
172.628: Application time: 0.0400630 seconds
172.628: [GC [PSYoungGen: 99648K->7712K(107520K)] 253414K->161478K(352768K), 0.0031830 secs] [Times: user=0.02 sys=0.00, real=0.01 secs] 
172.631: Total time for which application threads were stopped: 0.0033710 seconds, Stopping threads took: 0.0000850 seconds
172.659: Application time: 0.0275230 seconds
172.660: [GC [PSYoungGen: 99872K->7664K(107520K)] 253638K->161430K(352768K), 0.0032230 secs] [Times: user=0.02 sys=0.00, real=0.00 secs] 
172.664: Total time for which application threads were stopped: 0.0048420 seconds, Stopping threads took: 0.0015120 seconds
172.695: Application time: 0.0315830 seconds
172.695: [GC [PSYoungGen: 99824K->7904K(107520K)] 253590K->161670K(352768K), 0.0032470 secs] [Times: user=0.02 sys=0.00, real=0.01 secs] 
172.699: Total time for which application threads were stopped: 0.0034470 seconds, Stopping threads took: 0.0000990 seconds
172.720: Application time: 0.0216980 seconds
172.721: [GC [PSYoungGen: 100064K->8064K(107520K)] 253830K->161830K(352768K), 0.0031300 secs] [Times: user=0.02 sys=0.00, real=0.00 secs] 
172.724: Total time for which application threads were stopped: 0.0033310 seconds, Stopping threads took: 0.0000990 seconds
172.743: Application time: 0.0194100 seconds
172.743: [GC [PSYoungGen: 100224K->7904K(107520K)] 253990K->161670K(352768K), 0.0031520 secs] [Times: user=0.02 sys=0.00, real=0.00 secs] 
172.746: Total time for which application threads were stopped: 0.0033280 seconds, Stopping threads took: 0.0000540 seconds
172.785: Application time: 0.0381950 seconds
172.785: [GC [PSYoungGen: 100064K->15328K(107520K)] 253830K->170060K(352768K), 0.0062560 secs] [Times: user=0.05 sys=0.00, real=0.01 secs] 
172.791: Total time for which application threads were stopped: 0.0064560 seconds, Stopping threads took: 0.0000980 seconds
172.824: Application time: 0.0329390 seconds
172.824: [GC [PSYoungGen: 107488K->11152K(107520K)] 262220K->165884K(352768K), 0.0044570 secs] [Times: user=0.03 sys=0.00, real=0.01 secs] 
172.829: Total time for which application threads were stopped: 0.0046280 seconds, Stopping threads took: 0.0000660 seconds
172.869: Application time: 0.0407820 seconds
172.870: [GC [PSYoungGen: 103312K->11088K(107520K)] 258044K->165820K(352768K), 0.0044980 secs] [Times: user=0.03 sys=0.00, real=0.00 secs] 
172.874: Total time for which application threads were stopped: 0.0046660 seconds, Stopping threads took: 0.0000660 seconds
172.907: Application time: 0.0327890 seconds
172.908: [GC [PSYoungGen: 103248K->11152K(107520K)] 257980K->165884K(352768K), 0.0045870 secs] [Times: user=0.03 sys=0.00, real=0.00 secs] 
172.913: Total time for which application threads were stopped: 0.0060670 seconds, Stopping threads took: 0.0013780 seconds
172.941: Application time: 0.0281670 seconds
172.941: [GC [PSYoungGen: 103312K->11296K(107520K)] 258044K->166028K(352768K), 0.0047460 secs] [Times: user=0.03 sys=0.00, real=0.00 secs] 
172.946: Total time for which application threads were stopped: 0.0049430 seconds, Stopping threads took: 0.0000940 seconds
172.973: Application time: 0.0271860 seconds
172.973: [GC [PSYoungGen: 103456K->11456K(107520K)] 258188K->166188K(352768K), 0.0045510 secs] [Times: user=0.03 sys=0.00, real=0.01 secs] 
172.978: Total time for which application threads were stopped: 0.0047440 seconds, Stopping threads took: 0.0000900 seconds
172.998: Application time: 0.0194490 seconds
172.998: [GC [PSYoungGen: 103616K->11280K(107520K)] 258348K->166012K(352768K), 0.0044460 secs] [Times: user=0.04 sys=0.00, real=0.00 secs] 
173.002: Total time for which application threads were stopped: 0.0046270 seconds, Stopping threads took: 0.0000780 seconds
173.028: Application time: 0.0263480 seconds
173.029: [GC [PSYoungGen: 103440K->13408K(107520K)] 258172K->168140K(352768K), 0.0053200 secs] [Times: user=0.04 sys=0.00, real=0.00 secs] 
173.034: Total time for which application threads were stopped: 0.0054970 seconds, Stopping threads took: 0.0000690 seconds
173.075: Application time: 0.0413330 seconds
173.075: [GC [PSYoungGen: 105568K->11744K(107520K)] 260300K->166476K(352768K), 0.0046190 secs] [Times: user=0.03 sys=0.00, real=0.01 secs] 
173.080: Total time for which application threads were stopped: 0.0048040 seconds, Stopping threads took: 0.0000780 seconds
173.115: Application time: 0.0350600 seconds
173.115: [GC [PSYoungGen: 103904K->10960K(107520K)] 258636K->165692K(352768K), 0.0044480 secs] [Times: user=0.03 sys=0.00, real=0.01 secs] 
173.120: Total time for which application threads were stopped: 0.0046440 seconds, Stopping threads took: 0.0000920 seconds
173.159: Application time: 0.0388710 seconds
173.159: [GC [PSYoungGen: 103120K->11088K(107520K)] 257852K->165820K(352768K), 0.0046250 secs] [Times: user=0.03 sys=0.00, real=0.00 secs] 
173.164: Total time for which application threads were stopped: 0.0048170 seconds, Stopping threads took: 0.0000900 seconds
173.189: Application time: 0.0259120 seconds
173.190: [GC [PSYoungGen: 103248K->10976K(107520K)] 257980K->165864K(352768K), 0.0045030 secs] [Times: user=0.04 sys=0.00, real=0.00 secs] 
173.194: Total time for which application threads were stopped: 0.0046970 seconds, Stopping threads took: 0.0000820 seconds
173.226: Application time: 0.0318500 seconds
173.226: [GC [PSYoungGen: 103136K->10928K(107520K)] 258024K->165980K(352768K), 0.0044890 secs] [Times: user=0.03 sys=0.00, real=0.01 secs] 
173.231: Total time for which application threads were stopped: 0.0046700 seconds, Stopping threads took: 0.0000770 seconds
173.253: Application time: 0.0225420 seconds
173.253: [GC [PSYoungGen: 103088K->10896K(107520K)] 258140K->165948K(352768K), 0.0043010 secs] [Times: user=0.03 sys=0.00, real=0.01 secs] 
173.258: Total time for which application threads were stopped: 0.0044870 seconds, Stopping threads took: 0.0000660 seconds
173.278: Application time: 0.0207000 seconds
173.279: [GC [PSYoungGen: 103056K->11616K(107520K)] 258108K->166668K(352768K), 0.0044410 secs] [Times: user=0.04 sys=0.00, real=0.00 secs] 
173.283: Total time for which application threads were stopped: 0.0046560 seconds, Stopping threads took: 0.0001090 seconds
173.324: Application time: 0.0410170 seconds
173.324: [GC [PSYoungGen: 103776K->10096K(107520K)] 258828K->168520K(352768K), 0.0049950 secs] [Times: user=0.04 sys=0.01, real=0.01 secs] 
173.329: Total time for which application threads were stopped: 0.0051820 seconds, Stopping threads took: 0.0000860 seconds
173.360: Application time: 0.0306890 seconds
173.360: [GC [PSYoungGen: 102256K->7808K(107520K)] 260680K->166240K(352768K), 0.0032270 secs] [Times: user=0.03 sys=0.00, real=0.00 secs] 
173.363: Total time for which application threads were stopped: 0.0034200 seconds, Stopping threads took: 0.0000910 seconds
173.405: Application time: 0.0417060 seconds
173.405: [GC [PSYoungGen: 99968K->7648K(107520K)] 258400K->166080K(352768K), 0.0032110 secs] [Times: user=0.02 sys=0.00, real=0.01 secs] 
173.409: Total time for which application threads were stopped: 0.0034360 seconds, Stopping threads took: 0.0001230 seconds
173.440: Application time: 0.0314630 seconds
173.440: [GC [PSYoungGen: 99808K->7648K(107520K)] 258240K->166080K(352768K), 0.0031140 secs] [Times: user=0.02 sys=0.00, real=0.00 secs] 
173.443: Total time for which application threads were stopped: 0.0033090 seconds, Stopping threads took: 0.0000930 seconds
173.471: Application time: 0.0281430 seconds
173.472: [GC [PSYoungGen: 99808K->7888K(107520K)] 258240K->166320K(352768K), 0.0033080 secs] [Times: user=0.02 sys=0.00, real=0.00 secs] 
173.475: Total time for which application threads were stopped: 0.0034900 seconds, Stopping threads took: 0.0000800 seconds
173.500: Application time: 0.0253680 seconds
173.500: [GC [PSYoungGen: 100048K->7920K(107520K)] 258480K->166352K(352768K), 0.0032560 secs] [Times: user=0.02 sys=0.00, real=0.00 secs] 
173.504: Total time for which application threads were stopped: 0.0034610 seconds, Stopping threads took: 0.0001080 seconds
173.524: Application time: 0.0199360 seconds
173.524: [GC [PSYoungGen: 100080K->7872K(107520K)] 258512K->166304K(352768K), 0.0031110 secs] [Times: user=0.02 sys=0.00, real=0.00 secs] 
173.527: Total time for which application threads were stopped: 0.0033130 seconds, Stopping threads took: 0.0001010 seconds
173.558: Application time: 0.0305400 seconds
173.558: [GC [PSYoungGen: 100032K->10800K(107520K)] 258464K->169232K(352768K), 0.0043660 secs] [Times: user=0.03 sys=0.00, real=0.00 secs] 
173.562: Total time for which application threads were stopped: 0.0045400 seconds, Stopping threads took: 0.0000700 seconds
173.601: Application time: 0.0391450 seconds
173.601: [GC [PSYoungGen: 102960K->8320K(107520K)] 261392K->166752K(352768K), 0.0033490 secs] [Times: user=0.03 sys=0.00, real=0.00 secs] 
173.605: Total time for which application threads were stopped: 0.0035250 seconds, Stopping threads took: 0.0000710 seconds
173.641: Application time: 0.0361640 seconds
173.641: [GC [PSYoungGen: 100480K->7920K(107520K)] 258912K->166352K(352768K), 0.0033090 secs] [Times: user=0.02 sys=0.00, real=0.00 secs] 
173.644: Total time for which application threads were stopped: 0.0034890 seconds, Stopping threads took: 0.0000790 seconds
173.681: Application time: 0.0361180 seconds
173.681: [GC [PSYoungGen: 100080K->7936K(107520K)] 258512K->166368K(352768K), 0.0032710 secs] [Times: user=0.02 sys=0.00, real=0.00 secs] 
173.684: Total time for which application threads were stopped: 0.0034760 seconds, Stopping threads took: 0.0001030 seconds
173.712: Application time: 0.0278760 seconds
173.712: [GC [PSYoungGen: 100096K->7696K(107520K)] 258528K->166128K(352768K), 0.0031690 secs] [Times: user=0.02 sys=0.00, real=0.00 secs] 
173.715: Total time for which application threads were stopped: 0.0033750 seconds, Stopping threads took: 0.0001050 seconds
173.742: Application time: 0.0269010 seconds
173.742: [GC [PSYoungGen: 99856K->7840K(107520K)] 258288K->166272K(352768K), 0.0031930 secs] [Times: user=0.02 sys=0.00, real=0.00 secs] 
173.746: Total time for which application threads were stopped: 0.0033730 seconds, Stopping threads took: 0.0000780 seconds
173.769: Application time: 0.0237750 seconds
173.770: [GC [PSYoungGen: 100000K->7792K(107520K)] 258432K->166224K(352768K), 0.0030260 secs] [Times: user=0.02 sys=0.00, real=0.00 secs] 
173.773: Total time for which application threads were stopped: 0.0032390 seconds, Stopping threads took: 0.0000920 seconds
173.795: Application time: 0.0225800 seconds
173.796: [GC [PSYoungGen: 99952K->10032K(107520K)] 258384K->168464K(352768K), 0.0039190 secs] [Times: user=0.03 sys=0.00, real=0.00 secs] 
173.800: Total time for which application threads were stopped: 0.0051620 seconds, Stopping threads took: 0.0011360 seconds
173.839: Application time: 0.0385890 seconds
173.839: [GC [PSYoungGen: 102192K->12928K(107520K)] 260624K->171360K(352768K), 0.0049330 secs] [Times: user=0.03 sys=0.00, real=0.00 secs] 
173.844: Total time for which application threads were stopped: 0.0051180 seconds, Stopping threads took: 0.0000820 seconds
173.878: Application time: 0.0338930 seconds
173.878: [GC [PSYoungGen: 105088K->7712K(107520K)] 263520K->166144K(352768K), 0.0031950 secs] [Times: user=0.02 sys=0.00, real=0.00 secs] 
173.881: Total time for which application threads were stopped: 0.0033960 seconds, Stopping threads took: 0.0000990 seconds
173.920: Application time: 0.0388790 seconds
173.920: [GC [PSYoungGen: 99872K->7744K(107520K)] 258304K->166176K(352768K), 0.0031500 secs] [Times: user=0.02 sys=0.00, real=0.00 secs] 
173.924: Total time for which application threads were stopped: 0.0033380 seconds, Stopping threads took: 0.0000890 seconds
173.955: Application time: 0.0318160 seconds
173.956: [GC [PSYoungGen: 99904K->7680K(107520K)] 258336K->166208K(352768K), 0.0033260 secs] [Times: user=0.02 sys=0.00, real=0.01 secs] 
173.959: Total time for which application threads were stopped: 0.0035470 seconds, Stopping threads took: 0.0001170 seconds
173.986: Application time: 0.0269100 seconds
173.986: [GC [PSYoungGen: 99840K->7584K(107520K)] 258368K->166320K(352768K), 0.0031840 secs] [Times: user=0.02 sys=0.00, real=0.01 secs] 
173.989: Total time for which application threads were stopped: 0.0033960 seconds, Stopping threads took: 0.0001100 seconds
174.015: Application time: 0.0252580 seconds
174.015: [GC [PSYoungGen: 99744K->7904K(107520K)] 258480K->166640K(352768K), 0.0032690 secs] [Times: user=0.02 sys=0.00, real=0.01 secs] 
174.018: Total time for which application threads were stopped: 0.0034630 seconds, Stopping threads took: 0.0000940 seconds
174.040: Application time: 0.0223260 seconds
174.040: [GC [PSYoungGen: 100064K->9568K(107520K)] 258800K->168304K(352768K), 0.0037320 secs] [Times: user=0.02 sys=0.00, real=0.00 secs] 
174.044: Total time for which application threads were stopped: 0.0039040 seconds, Stopping threads took: 0.0000710 seconds
174.075: Application time: 0.0306540 seconds
174.075: [GC [PSYoungGen: 101728K->12336K(107520K)] 260464K->171072K(352768K), 0.0047380 secs] [Times: user=0.04 sys=0.00, real=0.01 secs] 
174.080: Total time for which application threads were stopped: 0.0049110 seconds, Stopping threads took: 0.0000700 seconds
174.118: Application time: 0.0377960 seconds
174.118: [GC [PSYoungGen: 104496K->7840K(107520K)] 263232K->166584K(352768K), 0.0031900 secs] [Times: user=0.02 sys=0.00, real=0.00 secs] 
174.121: Total time for which application threads were stopped: 0.0033740 seconds, Stopping threads took: 0.0000860 seconds
174.158: Application time: 0.0375040 seconds
174.159: [GC [PSYoungGen: 100000K->7632K(107520K)] 258744K->166376K(352768K), 0.0031750 secs] [Times: user=0.02 sys=0.00, real=0.00 secs] 
174.162: Total time for which application threads were stopped: 0.0033720 seconds, Stopping threads took: 0.0000950 seconds
174.196: Application time: 0.0341880 seconds
174.196: [GC [PSYoungGen: 99792K->7728K(107520K)] 258536K->166472K(352768K), 0.0031630 secs] [Times: user=0.02 sys=0.00, real=0.01 secs] 
174.199: Total time for which application threads were stopped: 0.0033350 seconds, Stopping threads took: 0.0000710 seconds
174.228: Application time: 0.0283830 seconds
174.228: [GC [PSYoungGen: 99888K->7888K(107520K)] 258632K->166632K(352768K), 0.0031820 secs] [Times: user=0.02 sys=0.00, real=0.01 secs] 
174.231: Total time for which application threads were stopped: 0.0033690 seconds, Stopping threads took: 0.0000850 seconds
174.257: Application time: 0.0263040 seconds
174.258: [GC [PSYoungGen: 100048K->8080K(107520K)] 258792K->166824K(352768K), 0.0032390 secs] [Times: user=0.02 sys=0.00, real=0.00 secs] 
174.261: Total time for which application threads were stopped: 0.0034300 seconds, Stopping threads took: 0.0000900 seconds
174.284: Application time: 0.0230990 seconds
174.284: [GC [PSYoungGen: 100240K->8672K(107520K)] 258984K->167416K(352768K), 0.0033210 secs] [Times: user=0.02 sys=0.00, real=0.00 secs] 
174.287: Total time for which application threads were stopped: 0.0035160 seconds, Stopping threads took: 0.0000740 seconds
174.314: Application time: 0.0262280 seconds
174.314: [GC [PSYoungGen: 100832K->11680K(107520K)] 259576K->170424K(352768K), 0.0046010 secs] [Times: user=0.03 sys=0.00, real=0.01 secs] 
174.318: Total time for which application threads were stopped: 0.0047780 seconds, Stopping threads took: 0.0000750 seconds
174.355: Application time: 0.0364980 seconds
174.355: [GC [PSYoungGen: 103840K->11648K(107520K)] 262584K->170392K(352768K), 0.0047020 secs] [Times: user=0.04 sys=0.00, real=0.01 secs] 
174.360: Total time for which application threads were stopped: 0.0049130 seconds, Stopping threads took: 0.0001060 seconds
174.396: Application time: 0.0364430 seconds
174.396: [GC [PSYoungGen: 103808K->7984K(107520K)] 262552K->166728K(352768K), 0.0032970 secs] [Times: user=0.02 sys=0.00, real=0.00 secs] 
174.400: Total time for which application threads were stopped: 0.0034740 seconds, Stopping threads took: 0.0000750 seconds
174.437: Application time: 0.0374770 seconds
174.437: [GC [PSYoungGen: 100144K->7968K(107520K)] 258888K->166712K(352768K), 0.0032470 secs] [Times: user=0.02 sys=0.00, real=0.00 secs] 
174.441: Total time for which application threads were stopped: 0.0034220 seconds, Stopping threads took: 0.0000740 seconds
174.471: Application time: 0.0300340 seconds
174.471: [GC [PSYoungGen: 100128K->7712K(107520K)] 258872K->166456K(352768K), 0.0032500 secs] [Times: user=0.03 sys=0.00, real=0.00 secs] 
174.474: Total time for which application threads were stopped: 0.0034670 seconds, Stopping threads took: 0.0001180 seconds
174.502: Application time: 0.0274560 seconds
174.502: [GC [PSYoungGen: 99872K->7888K(107520K)] 258616K->166632K(352768K), 0.0032130 secs] [Times: user=0.02 sys=0.00, real=0.00 secs] 
174.505: Total time for which application threads were stopped: 0.0033820 seconds, Stopping threads took: 0.0000680 seconds
174.528: Application time: 0.0231870 seconds
174.528: [GC [PSYoungGen: 100048K->8000K(107520K)] 258792K->166744K(352768K), 0.0031380 secs] [Times: user=0.02 sys=0.00, real=0.00 secs] 
174.532: Total time for which application threads were stopped: 0.0033280 seconds, Stopping threads took: 0.0000900 seconds
174.556: Application time: 0.0245750 seconds
174.556: [GC [PSYoungGen: 100160K->11664K(107520K)] 258904K->170408K(352768K), 0.0045430 secs] [Times: user=0.03 sys=0.00, real=0.00 secs] 
174.561: Total time for which application threads were stopped: 0.0047220 seconds, Stopping threads took: 0.0000600 seconds
174.594: Application time: 0.0329660 seconds
174.594: [GC [PSYoungGen: 103824K->10464K(107520K)] 262568K->169208K(352768K), 0.0041770 secs] [Times: user=0.02 sys=0.00, real=0.01 secs] 
174.598: Total time for which application threads were stopped: 0.0043600 seconds, Stopping threads took: 0.0000820 seconds
174.635: Application time: 0.0363440 seconds
174.635: [GC [PSYoungGen: 102608K->7888K(107520K)] 261352K->166632K(352768K), 0.0032280 secs] [Times: user=0.02 sys=0.00, real=0.01 secs] 
174.638: Total time for which application threads were stopped: 0.0034190 seconds, Stopping threads took: 0.0000880 seconds
174.676: Application time: 0.0381400 seconds
174.676: [GC [PSYoungGen: 100048K->7808K(107520K)] 258792K->166552K(352768K), 0.0032170 secs] [Times: user=0.02 sys=0.00, real=0.00 secs] 
174.680: Total time for which application threads were stopped: 0.0034440 seconds, Stopping threads took: 0.0001170 seconds
174.711: Application time: 0.0315820 seconds
174.711: [GC [PSYoungGen: 99968K->7760K(107520K)] 258712K->166588K(352768K), 0.0034250 secs] [Times: user=0.02 sys=0.00, real=0.00 secs] 
174.715: Total time for which application threads were stopped: 0.0036000 seconds, Stopping threads took: 0.0000740 seconds
174.745: Application time: 0.0299450 seconds
174.745: [GC [PSYoungGen: 99920K->7776K(107520K)] 258748K->166748K(352768K), 0.0031900 secs] [Times: user=0.02 sys=0.00, real=0.00 secs] 
174.748: Total time for which application threads were stopped: 0.0033920 seconds, Stopping threads took: 0.0001020 seconds
174.773: Application time: 0.0245420 seconds
174.773: [GC [PSYoungGen: 99936K->7744K(107520K)] 258908K->166788K(352768K), 0.0032330 secs] [Times: user=0.02 sys=0.00, real=0.00 secs] 
174.776: Total time for which application threads were stopped: 0.0034070 seconds, Stopping threads took: 0.0000740 seconds
174.798: Application time: 0.0218510 seconds
174.798: [GC [PSYoungGen: 99904K->7936K(107520K)] 258948K->166980K(352768K), 0.0032880 secs] [Times: user=0.02 sys=0.00, real=0.00 secs] 
174.801: Total time for which application threads were stopped: 0.0034950 seconds, Stopping threads took: 0.0000930 seconds
174.831: Application time: 0.0294360 seconds
174.831: [GC [PSYoungGen: 100096K->12400K(107520K)] 259140K->171444K(352768K), 0.0048270 secs] [Times: user=0.03 sys=0.00, real=0.00 secs] 
174.836: Total time for which application threads were stopped: 0.0049850 seconds, Stopping threads took: 0.0000500 seconds
174.872: Application time: 0.0365250 seconds
174.872: [GC [PSYoungGen: 104560K->10000K(107520K)] 263604K->169052K(352768K), 0.0039880 secs] [Times: user=0.03 sys=0.00, real=0.01 secs] 
174.877: Total time for which application threads were stopped: 0.0041660 seconds, Stopping threads took: 0.0000750 seconds
174.913: Application time: 0.0369240 seconds
174.914: [GC [PSYoungGen: 102160K->7760K(107520K)] 261212K->166812K(352768K), 0.0032860 secs] [Times: user=0.02 sys=0.00, real=0.01 secs] 
174.917: Total time for which application threads were stopped: 0.0034930 seconds, Stopping threads took: 0.0001030 seconds
174.953: Application time: 0.0362650 seconds
174.953: [GC [PSYoungGen: 99920K->7616K(107520K)] 258972K->166668K(352768K), 0.0032440 secs] [Times: user=0.02 sys=0.00, real=0.01 secs] 
174.957: Total time for which application threads were stopped: 0.0034430 seconds, Stopping threads took: 0.0000950 seconds
174.986: Application time: 0.0294880 seconds
174.986: [GC [PSYoungGen: 99776K->7712K(107520K)] 258828K->166764K(352768K), 0.0031580 secs] [Times: user=0.03 sys=0.00, real=0.01 secs] 
174.990: Total time for which application threads were stopped: 0.0033520 seconds, Stopping threads took: 0.0000930 seconds
175.017: Application time: 0.0270430 seconds
175.017: [GC [PSYoungGen: 99872K->7856K(107520K)] 258924K->166908K(352768K), 0.0033690 secs] [Times: user=0.02 sys=0.00, real=0.00 secs] 
175.020: Total time for which application threads were stopped: 0.0035700 seconds, Stopping threads took: 0.0000950 seconds
175.043: Application time: 0.0226550 seconds
175.043: [GC [PSYoungGen: 100016K->8032K(107520K)] 259068K->167084K(352768K), 0.0032780 secs] [Times: user=0.03 sys=0.00, real=0.00 secs] 
175.046: Total time for which application threads were stopped: 0.0034420 seconds, Stopping threads took: 0.0000620 seconds
175.071: Application time: 0.0243740 seconds
175.071: [GC [PSYoungGen: 100192K->10416K(107520K)] 259244K->169468K(352768K), 0.0041950 secs] [Times: user=0.03 sys=0.00, real=0.00 secs] 
175.075: Total time for which application threads were stopped: 0.0043990 seconds, Stopping threads took: 0.0001030 seconds
175.112: Application time: 0.0365290 seconds
175.112: [GC [PSYoungGen: 102576K->11200K(107520K)] 261628K->170252K(352768K), 0.0042670 secs] [Times: user=0.03 sys=0.00, real=0.00 secs] 
175.116: Total time for which application threads were stopped: 0.0044460 seconds, Stopping threads took: 0.0000790 seconds
175.151: Application time: 0.0350420 seconds
175.151: [GC [PSYoungGen: 103360K->8240K(107520K)] 262412K->167292K(352768K), 0.0033210 secs] [Times: user=0.03 sys=0.00, real=0.00 secs] 
175.155: Total time for which application threads were stopped: 0.0035310 seconds, Stopping threads took: 0.0001080 seconds
175.193: Application time: 0.0384410 seconds
175.193: [GC [PSYoungGen: 100400K->7600K(107520K)] 259452K->166652K(352768K), 0.0033740 secs] [Times: user=0.02 sys=0.00, real=0.01 secs] 
175.197: Total time for which application threads were stopped: 0.0035770 seconds, Stopping threads took: 0.0001030 seconds
175.228: Application time: 0.0309550 seconds
175.228: [GC [PSYoungGen: 99760K->7760K(107520K)] 258812K->166812K(352768K), 0.0033070 secs] [Times: user=0.02 sys=0.00, real=0.01 secs] 
175.231: Total time for which application threads were stopped: 0.0035040 seconds, Stopping threads took: 0.0000960 seconds
175.261: Application time: 0.0299810 seconds
175.264: [GC [PSYoungGen: 99920K->7856K(107520K)] 258972K->166908K(352768K), 0.0032200 secs] [Times: user=0.02 sys=0.00, real=0.00 secs] 
175.268: Total time for which application threads were stopped: 0.0066150 seconds, Stopping threads took: 0.0032970 seconds
175.292: Application time: 0.0240810 seconds
175.292: [GC [PSYoungGen: 100016K->8032K(107520K)] 259068K->167084K(352768K), 0.0031730 secs] [Times: user=0.03 sys=0.00, real=0.00 secs] 
175.295: Total time for which application threads were stopped: 0.0033450 seconds, Stopping threads took: 0.0000710 seconds
175.316: Application time: 0.0209890 seconds
175.316: [GC [PSYoungGen: 100192K->9632K(107520K)] 259244K->168684K(352768K), 0.0038680 secs] [Times: user=0.03 sys=0.00, real=0.01 secs] 
175.320: Total time for which application threads were stopped: 0.0040700 seconds, Stopping threads took: 0.0000800 seconds
175.351: Application time: 0.0310120 seconds
175.351: [GC [PSYoungGen: 101792K->14544K(107520K)] 260844K->173596K(352768K), 0.0056950 secs] [Times: user=0.05 sys=0.00, real=0.01 secs] 
175.357: Total time for which application threads were stopped: 0.0058720 seconds, Stopping threads took: 0.0000710 seconds
175.393: Application time: 0.0359780 seconds
175.396: [GC [PSYoungGen: 106704K->9936K(107520K)] 265756K->168988K(352768K), 0.0039790 secs] [Times: user=0.03 sys=0.00, real=0.00 secs] 
175.400: Total time for which application threads were stopped: 0.0074340 seconds, Stopping threads took: 0.0033520 seconds
175.439: Application time: 0.0381750 seconds
175.439: [GC [PSYoungGen: 102096K->7936K(107520K)] 261148K->166988K(352768K), 0.0033020 secs] [Times: user=0.02 sys=0.00, real=0.00 secs] 
175.442: Total time for which application threads were stopped: 0.0035010 seconds, Stopping threads took: 0.0000960 seconds
175.477: Application time: 0.0350140 seconds
175.477: [GC [PSYoungGen: 100096K->7680K(107520K)] 259148K->166780K(352768K), 0.0032640 secs] [Times: user=0.02 sys=0.00, real=0.00 secs] 
175.481: Total time for which application threads were stopped: 0.0034280 seconds, Stopping threads took: 0.0000570 seconds
175.509: Application time: 0.0283750 seconds
175.509: [GC [PSYoungGen: 99840K->7824K(107520K)] 258940K->167101K(352768K), 0.0032810 secs] [Times: user=0.02 sys=0.00, real=0.00 secs] 
175.512: Total time for which application threads were stopped: 0.0034570 seconds, Stopping threads took: 0.0000720 seconds
175.539: Application time: 0.0269420 seconds
175.539: [GC [PSYoungGen: 99984K->7728K(107520K)] 259261K->167093K(352768K), 0.0031710 secs] [Times: user=0.02 sys=0.00, real=0.00 secs] 
175.543: Total time for which application threads were stopped: 0.0033570 seconds, Stopping threads took: 0.0000830 seconds
175.564: Application time: 0.0215390 seconds
175.564: [GC [PSYoungGen: 99888K->7600K(107520K)] 259253K->166964K(352768K), 0.0031310 secs] [Times: user=0.02 sys=0.00, real=0.00 secs] 
175.568: Total time for which application threads were stopped: 0.0033170 seconds, Stopping threads took: 0.0000870 seconds
175.595: Application time: 0.0273740 seconds
175.595: [GC [PSYoungGen: 99760K->9440K(107520K)] 259124K->168805K(352768K), 0.0037930 secs] [Times: user=0.03 sys=0.00, real=0.01 secs] 
175.599: Total time for which application threads were stopped: 0.0039810 seconds, Stopping threads took: 0.0000840 seconds
175.635: Application time: 0.0356550 seconds
175.635: [GC [PSYoungGen: 101592K->8176K(107520K)] 260957K->167549K(352768K), 0.0032980 secs] [Times: user=0.02 sys=0.00, real=0.01 secs] 
175.638: Total time for which application threads were stopped: 0.0034940 seconds, Stopping threads took: 0.0000940 seconds
175.673: Application time: 0.0353720 seconds
175.674: [GC [PSYoungGen: 100336K->7968K(107520K)] 259709K->167341K(352768K), 0.0032670 secs] [Times: user=0.02 sys=0.00, real=0.01 secs] 
175.677: Total time for which application threads were stopped: 0.0034460 seconds, Stopping threads took: 0.0000770 seconds
175.715: Application time: 0.0376270 seconds
175.715: [GC [PSYoungGen: 100128K->7584K(107520K)] 259501K->166957K(352768K), 0.0031070 secs] [Times: user=0.03 sys=0.00, real=0.01 secs] 
175.718: Total time for which application threads were stopped: 0.0032890 seconds, Stopping threads took: 0.0000800 seconds
175.748: Application time: 0.0300040 seconds
175.748: [GC [PSYoungGen: 99744K->7824K(107520K)] 259117K->167197K(352768K), 0.0034630 secs] [Times: user=0.02 sys=0.00, real=0.01 secs] 
175.752: Total time for which application threads were stopped: 0.0036890 seconds, Stopping threads took: 0.0001230 seconds
175.780: Application time: 0.0288460 seconds
175.781: [GC [PSYoungGen: 99984K->7808K(107520K)] 259357K->167181K(352768K), 0.0033350 secs] [Times: user=0.02 sys=0.00, real=0.00 secs] 
175.784: Total time for which application threads were stopped: 0.0035410 seconds, Stopping threads took: 0.0001030 seconds
175.807: Application time: 0.0230870 seconds
175.807: [GC [PSYoungGen: 99968K->7824K(107520K)] 259341K->167197K(352768K), 0.0033360 secs] [Times: user=0.02 sys=0.00, real=0.01 secs] 
175.811: Total time for which application threads were stopped: 0.0035200 seconds, Stopping threads took: 0.0000830 seconds
175.834: Application time: 0.0233800 seconds
175.836: [GC [PSYoungGen: 99984K->9760K(107520K)] 259357K->169133K(352768K), 0.0038210 secs] [Times: user=0.03 sys=0.00, real=0.00 secs] 
175.840: Total time for which application threads were stopped: 0.0063680 seconds, Stopping threads took: 0.0024250 seconds
175.873: Application time: 0.0330410 seconds
175.873: [GC [PSYoungGen: 101920K->12432K(107520K)] 261293K->171805K(352768K), 0.0047800 secs] [Times: user=0.03 sys=0.00, real=0.01 secs] 
175.878: Total time for which application threads were stopped: 0.0049710 seconds, Stopping threads took: 0.0000890 seconds
175.914: Application time: 0.0353020 seconds
175.914: [GC [PSYoungGen: 104592K->9760K(107520K)] 263965K->169133K(352768K), 0.0039410 secs] [Times: user=0.03 sys=0.00, real=0.01 secs] 
175.918: Total time for which application threads were stopped: 0.0041600 seconds, Stopping threads took: 0.0001140 seconds
175.957: Application time: 0.0387560 seconds
175.957: [GC [PSYoungGen: 101920K->7744K(107520K)] 261293K->167117K(352768K), 0.0032680 secs] [Times: user=0.02 sys=0.00, real=0.00 secs] 
175.960: Total time for which application threads were stopped: 0.0034600 seconds, Stopping threads took: 0.0000890 seconds
175.993: Application time: 0.0330580 seconds
175.993: [GC [PSYoungGen: 99904K->7616K(107520K)] 259277K->166989K(352768K), 0.0032760 secs] [Times: user=0.02 sys=0.00, real=0.01 secs] 
175.997: Total time for which application threads were stopped: 0.0035000 seconds, Stopping threads took: 0.0001250 seconds
176.026: Application time: 0.0297500 seconds
176.026: [GC [PSYoungGen: 99776K->7904K(107520K)] 259149K->167277K(352768K), 0.0033650 secs] [Times: user=0.02 sys=0.00, real=0.01 secs] 
176.030: Total time for which application threads were stopped: 0.0035750 seconds, Stopping threads took: 0.0001100 seconds
176.055: Application time: 0.0250580 seconds
176.055: [GC [PSYoungGen: 100064K->7776K(107520K)] 259437K->167149K(352768K), 0.0031110 secs] [Times: user=0.02 sys=0.00, real=0.01 secs] 
176.058: Total time for which application threads were stopped: 0.0033210 seconds, Stopping threads took: 0.0001060 seconds
176.082: Application time: 0.0234920 seconds
176.082: [GC [PSYoungGen: 99936K->8544K(107520K)] 259309K->167917K(352768K), 0.0032900 secs] [Times: user=0.02 sys=0.00, real=0.00 secs] 
176.085: Total time for which application threads were stopped: 0.0034890 seconds, Stopping threads took: 0.0000940 seconds
176.114: Application time: 0.0291930 seconds
176.115: [GC [PSYoungGen: 100704K->11808K(107520K)] 260077K->171181K(352768K), 0.0046650 secs] [Times: user=0.04 sys=0.00, real=0.01 secs] 
176.119: Total time for which application threads were stopped: 0.0048480 seconds, Stopping threads took: 0.0000820 seconds
176.153: Application time: 0.0336330 seconds
176.153: [GC [PSYoungGen: 103968K->8800K(107520K)] 263341K->168173K(352768K), 0.0034310 secs] [Times: user=0.02 sys=0.00, real=0.01 secs] 
176.157: Total time for which application threads were stopped: 0.0036160 seconds, Stopping threads took: 0.0000850 seconds
176.194: Application time: 0.0370520 seconds
176.194: [GC [PSYoungGen: 100960K->7936K(107520K)] 260333K->167309K(352768K), 0.0032080 secs] [Times: user=0.02 sys=0.00, real=0.01 secs] 
176.197: Total time for which application threads were stopped: 0.0033970 seconds, Stopping threads took: 0.0000880 seconds
176.233: Application time: 0.0359030 seconds
176.233: [GC [PSYoungGen: 100096K->7616K(107520K)] 259469K->167037K(352768K), 0.0031700 secs] [Times: user=0.02 sys=0.00, real=0.00 secs] 
176.236: Total time for which application threads were stopped: 0.0033670 seconds, Stopping threads took: 0.0000970 seconds
176.268: Application time: 0.0322150 seconds
176.269: [GC [PSYoungGen: 99776K->7712K(107520K)] 259197K->167281K(352768K), 0.0032600 secs] [Times: user=0.02 sys=0.00, real=0.00 secs] 
176.272: Total time for which application threads were stopped: 0.0034530 seconds, Stopping threads took: 0.0000920 seconds
176.298: Application time: 0.0258820 seconds
176.298: [GC [PSYoungGen: 99872K->7552K(107520K)] 259441K->167225K(352768K), 0.0031880 secs] [Times: user=0.02 sys=0.00, real=0.00 secs] 
176.301: Total time for which application threads were stopped: 0.0033940 seconds, Stopping threads took: 0.0001090 seconds
176.324: Application time: 0.0231500 seconds
176.325: [GC [PSYoungGen: 99712K->7808K(107520K)] 259385K->167537K(352768K), 0.0032200 secs] [Times: user=0.02 sys=0.00, real=0.00 secs] 
176.328: Total time for which application threads were stopped: 0.0034140 seconds, Stopping threads took: 0.0000920 seconds
176.355: Application time: 0.0275170 seconds
176.355: [GC [PSYoungGen: 99968K->11648K(107520K)] 259697K->171377K(352768K), 0.0046130 secs] [Times: user=0.03 sys=0.00, real=0.01 secs] 
176.360: Total time for which application threads were stopped: 0.0048460 seconds, Stopping threads took: 0.0001130 seconds
176.390: Application time: 0.0300800 seconds
176.390: [GC [PSYoungGen: 103808K->10096K(107520K)] 263537K->169825K(352768K), 0.0039960 secs] [Times: user=0.03 sys=0.00, real=0.00 secs] 
176.394: Total time for which application threads were stopped: 0.0041990 seconds, Stopping threads took: 0.0000920 seconds
176.432: Application time: 0.0377790 seconds
176.432: [GC [PSYoungGen: 102256K->8128K(107520K)] 261985K->167865K(352768K), 0.0034390 secs] [Times: user=0.02 sys=0.00, real=0.00 secs] 
176.436: Total time for which application threads were stopped: 0.0036570 seconds, Stopping threads took: 0.0001180 seconds
176.473: Application time: 0.0371980 seconds
176.476: [GC [PSYoungGen: 100288K->7680K(107520K)] 260025K->167417K(352768K), 0.0033840 secs] [Times: user=0.02 sys=0.00, real=0.00 secs] 
176.480: Total time for which application threads were stopped: 0.0067550 seconds, Stopping threads took: 0.0032700 seconds
176.512: Application time: 0.0316870 seconds
176.512: [GC [PSYoungGen: 99840K->7648K(107520K)] 259577K->167385K(352768K), 0.0032400 secs] [Times: user=0.02 sys=0.00, real=0.00 secs] 
176.515: Total time for which application threads were stopped: 0.0035290 seconds, Stopping threads took: 0.0001850 seconds
176.544: Application time: 0.0293090 seconds
176.545: [GC [PSYoungGen: 99808K->7904K(107520K)] 259545K->167641K(352768K), 0.0031770 secs] [Times: user=0.02 sys=0.00, real=0.00 secs] 
176.548: Total time for which application threads were stopped: 0.0033680 seconds, Stopping threads took: 0.0000870 seconds
176.571: Application time: 0.0230250 seconds
176.571: [GC [PSYoungGen: 100064K->7696K(107520K)] 259801K->167433K(352768K), 0.0032930 secs] [Times: user=0.02 sys=0.00, real=0.00 secs] 
176.574: Total time for which application threads were stopped: 0.0034860 seconds, Stopping threads took: 0.0000940 seconds
176.601: Application time: 0.0266680 seconds
176.601: [GC [PSYoungGen: 99856K->9792K(107520K)] 259593K->169529K(352768K), 0.0038870 secs] [Times: user=0.02 sys=0.00, real=0.00 secs] 
176.605: Total time for which application threads were stopped: 0.0041030 seconds, Stopping threads took: 0.0001130 seconds
176.633: Application time: 0.0282050 seconds
176.633: [GC [PSYoungGen: 101952K->11952K(107520K)] 261689K->171689K(352768K), 0.0046780 secs] [Times: user=0.04 sys=0.00, real=0.01 secs] 
176.638: Total time for which application threads were stopped: 0.0048750 seconds, Stopping threads took: 0.0000960 seconds
176.673: Application time: 0.0348390 seconds
176.673: [GC [PSYoungGen: 104112K->9024K(107520K)] 263849K->168761K(352768K), 0.0034260 secs] [Times: user=0.02 sys=0.00, real=0.01 secs] 
176.677: Total time for which application threads were stopped: 0.0036130 seconds, Stopping threads took: 0.0000880 seconds
176.715: Application time: 0.0379970 seconds
176.715: [GC [PSYoungGen: 101179K->8016K(107520K)] 260917K->167753K(352768K), 0.0032470 secs] [Times: user=0.03 sys=0.00, real=0.01 secs] 
176.718: Total time for which application threads were stopped: 0.0034420 seconds, Stopping threads took: 0.0000920 seconds
176.751: Application time: 0.0330780 seconds
176.751: [GC [PSYoungGen: 100176K->7776K(107520K)] 259913K->167513K(352768K), 0.0031750 secs] [Times: user=0.02 sys=0.00, real=0.00 secs] 
176.754: Total time for which application threads were stopped: 0.0033550 seconds, Stopping threads took: 0.0000790 seconds
176.787: Application time: 0.0324140 seconds
176.787: [GC [PSYoungGen: 99936K->7776K(107520K)] 259673K->167513K(352768K), 0.0033490 secs] [Times: user=0.02 sys=0.00, real=0.01 secs] 
176.790: Total time for which application threads were stopped: 0.0035440 seconds, Stopping threads took: 0.0000950 seconds
176.815: Application time: 0.0243290 seconds
176.815: [GC [PSYoungGen: 99936K->7808K(107520K)] 259673K->167545K(352768K), 0.0033420 secs] [Times: user=0.02 sys=0.00, real=0.01 secs] 
176.818: Total time for which application threads were stopped: 0.0035130 seconds, Stopping threads took: 0.0000720 seconds
176.841: Application time: 0.0230970 seconds
176.842: [GC [PSYoungGen: 99968K->7760K(107520K)] 259705K->167497K(352768K), 0.0031320 secs] [Times: user=0.02 sys=0.00, real=0.00 secs] 
176.845: Total time for which application threads were stopped: 0.0033410 seconds, Stopping threads took: 0.0001070 seconds
176.876: Application time: 0.0314110 seconds
176.876: [GC [PSYoungGen: 99920K->10656K(107520K)] 259657K->170393K(352768K), 0.0041610 secs] [Times: user=0.03 sys=0.01, real=0.01 secs] 
176.880: Total time for which application threads were stopped: 0.0043730 seconds, Stopping threads took: 0.0000940 seconds
176.909: Application time: 0.0282140 seconds
176.909: [GC [PSYoungGen: 102816K->10240K(107520K)] 262553K->169977K(352768K), 0.0040000 secs] [Times: user=0.03 sys=0.00, real=0.00 secs] 
176.913: Total time for which application threads were stopped: 0.0041920 seconds, Stopping threads took: 0.0000870 seconds
176.952: Application time: 0.0394420 seconds
176.952: [GC [PSYoungGen: 102400K->8336K(107520K)] 262137K->168073K(352768K), 0.0034650 secs] [Times: user=0.02 sys=0.00, real=0.00 secs] 
176.956: Total time for which application threads were stopped: 0.0036520 seconds, Stopping threads took: 0.0000880 seconds
176.991: Application time: 0.0347210 seconds
176.991: [GC [PSYoungGen: 100496K->7808K(107520K)] 260233K->167545K(352768K), 0.0032490 secs] [Times: user=0.02 sys=0.00, real=0.00 secs] 
176.994: Total time for which application threads were stopped: 0.0034450 seconds, Stopping threads took: 0.0000960 seconds
177.026: Application time: 0.0315330 seconds
177.026: [GC [PSYoungGen: 99968K->7728K(107520K)] 259705K->167577K(352768K), 0.0032250 secs] [Times: user=0.03 sys=0.00, real=0.01 secs] 
177.029: Total time for which application threads were stopped: 0.0034150 seconds, Stopping threads took: 0.0000890 seconds
177.058: Application time: 0.0293060 seconds
177.059: [GC [PSYoungGen: 99888K->7616K(107520K)] 259737K->167593K(352768K), 0.0032350 secs] [Times: user=0.02 sys=0.00, real=0.00 secs] 
177.062: Total time for which application threads were stopped: 0.0034360 seconds, Stopping threads took: 0.0000990 seconds
177.085: Application time: 0.0232410 seconds
177.085: [GC [PSYoungGen: 99776K->7648K(107520K)] 259753K->167697K(352768K), 0.0030730 secs] [Times: user=0.02 sys=0.00, real=0.01 secs] 
177.088: Total time for which application threads were stopped: 0.0032750 seconds, Stopping threads took: 0.0000980 seconds
177.116: Application time: 0.0272490 seconds
177.116: [GC [PSYoungGen: 99808K->9840K(107520K)] 259857K->169889K(352768K), 0.0039380 secs] [Times: user=0.02 sys=0.00, real=0.00 secs] 
177.120: Total time for which application threads were stopped: 0.0047760 seconds, Stopping threads took: 0.0007350 seconds
177.148: Application time: 0.0279350 seconds
177.148: [GC [PSYoungGen: 102000K->11664K(107520K)] 262049K->171713K(352768K), 0.0047340 secs] [Times: user=0.03 sys=0.00, real=0.00 secs] 
177.153: Total time for which application threads were stopped: 0.0049320 seconds, Stopping threads took: 0.0000960 seconds
177.189: Application time: 0.0353190 seconds
177.189: [GC [PSYoungGen: 103824K->10720K(107520K)] 263873K->170777K(352768K), 0.0044450 secs] [Times: user=0.03 sys=0.00, real=0.00 secs] 
177.193: Total time for which application threads were stopped: 0.0046180 seconds, Stopping threads took: 0.0000710 seconds
177.232: Application time: 0.0383000 seconds
177.232: [GC [PSYoungGen: 102880K->7488K(107520K)] 262937K->167545K(352768K), 0.0030900 secs] [Times: user=0.02 sys=0.00, real=0.00 secs] 
177.235: Total time for which application threads were stopped: 0.0032910 seconds, Stopping threads took: 0.0000990 seconds
177.268: Application time: 0.0335780 seconds
177.269: [GC [PSYoungGen: 99648K->7584K(107520K)] 259705K->167641K(352768K), 0.0031560 secs] [Times: user=0.02 sys=0.00, real=0.00 secs] 
177.272: Total time for which application threads were stopped: 0.0033420 seconds, Stopping threads took: 0.0000880 seconds
177.303: Application time: 0.0313920 seconds
177.303: [GC [PSYoungGen: 99744K->7728K(107520K)] 259801K->167785K(352768K), 0.0031820 secs] [Times: user=0.02 sys=0.00, real=0.00 secs] 
177.306: Total time for which application threads were stopped: 0.0033740 seconds, Stopping threads took: 0.0000920 seconds
177.330: Application time: 0.0236190 seconds
177.330: [GC [PSYoungGen: 99888K->7968K(107520K)] 259945K->168025K(352768K), 0.0031980 secs] [Times: user=0.02 sys=0.00, real=0.00 secs] 
177.333: Total time for which application threads were stopped: 0.0033750 seconds, Stopping threads took: 0.0000740 seconds
177.358: Application time: 0.0247170 seconds
177.358: [GC [PSYoungGen: 100128K->8336K(107520K)] 260185K->168393K(352768K), 0.0033860 secs] [Times: user=0.02 sys=0.00, real=0.00 secs] 
177.362: Total time for which application threads were stopped: 0.0035980 seconds, Stopping threads took: 0.0001110 seconds
177.391: Application time: 0.0294140 seconds
177.391: [GC [PSYoungGen: 100496K->10464K(107520K)] 260553K->170521K(352768K), 0.0040700 secs] [Times: user=0.03 sys=0.00, real=0.00 secs] 
177.396: Total time for which application threads were stopped: 0.0042790 seconds, Stopping threads took: 0.0000850 seconds
177.427: Application time: 0.0318120 seconds
177.427: [GC [PSYoungGen: 102624K->9520K(107520K)] 262681K->169577K(352768K), 0.0038210 secs] [Times: user=0.03 sys=0.00, real=0.01 secs] 
177.431: Total time for which application threads were stopped: 0.0040230 seconds, Stopping threads took: 0.0000980 seconds
177.470: Application time: 0.0383050 seconds
177.470: [GC [PSYoungGen: 101680K->7888K(107520K)] 261737K->167945K(352768K), 0.0032780 secs] [Times: user=0.03 sys=0.00, real=0.00 secs] 
177.473: Total time for which application threads were stopped: 0.0034850 seconds, Stopping threads took: 0.0001070 seconds
177.509: Application time: 0.0358170 seconds
177.509: [GC [PSYoungGen: 100048K->7728K(107520K)] 260105K->167785K(352768K), 0.0033540 secs] [Times: user=0.02 sys=0.00, real=0.00 secs] 
177.513: Total time for which application threads were stopped: 0.0035460 seconds, Stopping threads took: 0.0000900 seconds
177.544: Application time: 0.0313590 seconds
177.544: [GC [PSYoungGen: 99888K->7744K(107520K)] 259945K->167801K(352768K), 0.0032520 secs] [Times: user=0.03 sys=0.00, real=0.00 secs] 
177.547: Total time for which application threads were stopped: 0.0034400 seconds, Stopping threads took: 0.0000870 seconds
177.575: Application time: 0.0280100 seconds
177.575: [GC [PSYoungGen: 99904K->7984K(107520K)] 259961K->168041K(352768K), 0.0031160 secs] [Times: user=0.02 sys=0.00, real=0.01 secs] 
177.579: Total time for which application threads were stopped: 0.0033170 seconds, Stopping threads took: 0.0001000 seconds
177.602: Application time: 0.0229170 seconds
177.602: [GC [PSYoungGen: 100144K->8080K(107520K)] 260201K->168137K(352768K), 0.0032940 secs] [Times: user=0.02 sys=0.00, real=0.00 secs] 
177.605: Total time for which application threads were stopped: 0.0034830 seconds, Stopping threads took: 0.0000860 seconds
177.631: Application time: 0.0261240 seconds
177.631: [GC [PSYoungGen: 100240K->12224K(107520K)] 260297K->172281K(352768K), 0.0048060 secs] [Times: user=0.03 sys=0.00, real=0.00 secs] 
177.636: Total time for which application threads were stopped: 0.0050060 seconds, Stopping threads took: 0.0000970 seconds
177.667: Application time: 0.0307800 seconds
177.667: [GC [PSYoungGen: 104384K->10112K(107520K)] 264441K->170169K(352768K), 0.0038420 secs] [Times: user=0.03 sys=0.00, real=0.01 secs] 
177.671: Total time for which application threads were stopped: 0.0040320 seconds, Stopping threads took: 0.0000840 seconds
177.706: Application time: 0.0354150 seconds
177.707: [GC [PSYoungGen: 102272K->9664K(107520K)] 262329K->169721K(352768K), 0.0039500 secs] [Times: user=0.03 sys=0.00, real=0.01 secs] 
177.711: Total time for which application threads were stopped: 0.0041420 seconds, Stopping threads took: 0.0000900 seconds
177.749: Application time: 0.0388030 seconds
177.749: [GC [PSYoungGen: 101824K->7888K(107520K)] 261881K->167945K(352768K), 0.0032730 secs] [Times: user=0.02 sys=0.00, real=0.00 secs] 
177.753: Total time for which application threads were stopped: 0.0034400 seconds, Stopping threads took: 0.0000650 seconds
177.785: Application time: 0.0321880 seconds
177.785: [GC [PSYoungGen: 100048K->7920K(107520K)] 260105K->168113K(352768K), 0.0032560 secs] [Times: user=0.02 sys=0.00, real=0.01 secs] 
177.788: Total time for which application threads were stopped: 0.0034460 seconds, Stopping threads took: 0.0000820 seconds
177.819: Application time: 0.0304330 seconds
177.819: [GC [PSYoungGen: 100080K->7824K(107520K)] 260273K->168093K(352768K), 0.0033640 secs] [Times: user=0.03 sys=0.00, real=0.00 secs] 
177.822: Total time for which application threads were stopped: 0.0035460 seconds, Stopping threads took: 0.0000820 seconds
177.845: Application time: 0.0230370 seconds
177.846: [GC [PSYoungGen: 99984K->7728K(107520K)] 260253K->168085K(352768K), 0.0031960 secs] [Times: user=0.02 sys=0.00, real=0.01 secs] 
177.849: Total time for which application threads were stopped: 0.0033800 seconds, Stopping threads took: 0.0000840 seconds
177.874: Application time: 0.0250360 seconds
177.874: [GC [PSYoungGen: 99888K->8496K(107520K)] 260245K->168909K(352768K), 0.0035310 secs] [Times: user=0.02 sys=0.00, real=0.01 secs] 
177.878: Total time for which application threads were stopped: 0.0037120 seconds, Stopping threads took: 0.0000770 seconds
177.908: Application time: 0.0302940 seconds
177.908: [GC [PSYoungGen: 100656K->10944K(107520K)] 261069K->171357K(352768K), 0.0042530 secs] [Times: user=0.02 sys=0.00, real=0.01 secs] 
177.912: Total time for which application threads were stopped: 0.0044500 seconds, Stopping threads took: 0.0000730 seconds
177.944: Application time: 0.0317850 seconds
177.948: [GC [PSYoungGen: 103104K->9920K(107520K)] 263517K->170341K(352768K), 0.0039810 secs] [Times: user=0.02 sys=0.00, real=0.00 secs] 
177.952: Total time for which application threads were stopped: 0.0082760 seconds, Stopping threads took: 0.0041880 seconds
177.991: Application time: 0.0388230 seconds
177.992: [GC [PSYoungGen: 102080K->7744K(107520K)] 262501K->168165K(352768K), 0.0031730 secs] [Times: user=0.03 sys=0.00, real=0.00 secs] 
177.996: Total time for which application threads were stopped: 0.0043830 seconds, Stopping threads took: 0.0011070 seconds
178.029: Application time: 0.0333900 seconds
178.029: [GC [PSYoungGen: 99904K->7664K(107520K)] 260325K->168085K(352768K), 0.0032190 secs] [Times: user=0.02 sys=0.00, real=0.00 secs] 
178.032: Total time for which application threads were stopped: 0.0033790 seconds, Stopping threads took: 0.0000580 seconds
178.065: Application time: 0.0327430 seconds
178.065: [GC [PSYoungGen: 99824K->7728K(107520K)] 260245K->168149K(352768K), 0.0031440 secs] [Times: user=0.02 sys=0.00, real=0.01 secs] 
178.068: Total time for which application threads were stopped: 0.0033280 seconds, Stopping threads took: 0.0000820 seconds
178.095: Application time: 0.0264490 seconds
178.095: [GC [PSYoungGen: 99888K->7760K(107520K)] 260309K->168181K(352768K), 0.0032370 secs] [Times: user=0.02 sys=0.00, real=0.01 secs] 
178.098: Total time for which application threads were stopped: 0.0034080 seconds, Stopping threads took: 0.0000700 seconds
178.121: Application time: 0.0224690 seconds
178.121: [GC [PSYoungGen: 99920K->8064K(107520K)] 260341K->168485K(352768K), 0.0031430 secs] [Times: user=0.02 sys=0.00, real=0.00 secs] 
178.124: Total time for which application threads were stopped: 0.0033230 seconds, Stopping threads took: 0.0000790 seconds
178.152: Application time: 0.0278260 seconds
178.152: [GC [PSYoungGen: 100224K->12032K(107520K)] 260645K->172453K(352768K), 0.0047130 secs] [Times: user=0.04 sys=0.00, real=0.01 secs] 
178.157: Total time for which application threads were stopped: 0.0048900 seconds, Stopping threads took: 0.0000730 seconds
178.188: Application time: 0.0313180 seconds
178.188: [GC [PSYoungGen: 104192K->10576K(107520K)] 264613K->170997K(352768K), 0.0040320 secs] [Times: user=0.03 sys=0.00, real=0.00 secs] 
178.192: Total time for which application threads were stopped: 0.0042310 seconds, Stopping threads took: 0.0000890 seconds
178.229: Application time: 0.0363360 seconds
178.229: [GC [PSYoungGen: 102736K->9808K(107520K)] 263157K->170229K(352768K), 0.0039490 secs] [Times: user=0.03 sys=0.00, real=0.00 secs] 
178.233: Total time for which application threads were stopped: 0.0041330 seconds, Stopping threads took: 0.0000780 seconds
178.271: Application time: 0.0383940 seconds
178.271: [GC [PSYoungGen: 101968K->8000K(107520K)] 262389K->168421K(352768K), 0.0032340 secs] [Times: user=0.03 sys=0.00, real=0.00 secs] 
178.275: Total time for which application threads were stopped: 0.0034250 seconds, Stopping threads took: 0.0000900 seconds
178.306: Application time: 0.0311150 seconds
178.306: [GC [PSYoungGen: 100160K->7888K(107520K)] 260581K->168309K(352768K), 0.0032350 secs] [Times: user=0.02 sys=0.00, real=0.01 secs] 
178.309: Total time for which application threads were stopped: 0.0034280 seconds, Stopping threads took: 0.0000890 seconds
178.340: Application time: 0.0309360 seconds
178.340: [GC [PSYoungGen: 100048K->7920K(107520K)] 260469K->168341K(352768K), 0.0032620 secs] [Times: user=0.02 sys=0.00, real=0.00 secs] 
178.344: Total time for which application threads were stopped: 0.0034600 seconds, Stopping threads took: 0.0000830 seconds
178.366: Application time: 0.0225760 seconds
178.366: [GC [PSYoungGen: 100080K->8064K(107520K)] 260501K->168485K(352768K), 0.0034220 secs] [Times: user=0.02 sys=0.00, real=0.01 secs] 
178.370: Total time for which application threads were stopped: 0.0036190 seconds, Stopping threads took: 0.0000970 seconds
178.395: Application time: 0.0250870 seconds
178.395: [GC [PSYoungGen: 100224K->9472K(107520K)] 260645K->169893K(352768K), 0.0038100 secs] [Times: user=0.03 sys=0.00, real=0.01 secs] 
178.399: Total time for which application threads were stopped: 0.0040160 seconds, Stopping threads took: 0.0001050 seconds
178.431: Application time: 0.0319170 seconds
178.431: [GC [PSYoungGen: 101632K->12272K(107520K)] 262053K->172693K(352768K), 0.0048150 secs] [Times: user=0.03 sys=0.00, real=0.00 secs] 
178.436: Total time for which application threads were stopped: 0.0050200 seconds, Stopping threads took: 0.0000830 seconds
178.467: Application time: 0.0311810 seconds
178.467: [GC [PSYoungGen: 104432K->9808K(107520K)] 264853K->170229K(352768K), 0.0039540 secs] [Times: user=0.03 sys=0.00, real=0.01 secs] 
178.471: Total time for which application threads were stopped: 0.0041470 seconds, Stopping threads took: 0.0000900 seconds
178.511: Application time: 0.0396590 seconds
178.511: [GC [PSYoungGen: 101968K->7936K(107520K)] 262389K->168357K(352768K), 0.0034570 secs] [Times: user=0.02 sys=0.00, real=0.00 secs] 
178.515: Total time for which application threads were stopped: 0.0036350 seconds, Stopping threads took: 0.0000770 seconds
178.547: Application time: 0.0321890 seconds
178.547: [GC [PSYoungGen: 100096K->8000K(107520K)] 260517K->168477K(352768K), 0.0034880 secs] [Times: user=0.02 sys=0.00, real=0.01 secs] 
178.550: Total time for which application threads were stopped: 0.0036620 seconds, Stopping threads took: 0.0000730 seconds
178.585: Application time: 0.0344230 seconds
178.585: [GC [PSYoungGen: 100160K->7664K(107520K)] 260637K->168289K(352768K), 0.0033840 secs] [Times: user=0.02 sys=0.00, real=0.01 secs] 
178.588: Total time for which application threads were stopped: 0.0035910 seconds, Stopping threads took: 0.0001030 seconds
178.613: Application time: 0.0244010 seconds
178.613: [GC [PSYoungGen: 99824K->7776K(107520K)] 260449K->168489K(352768K), 0.0031150 secs] [Times: user=0.02 sys=0.00, real=0.00 secs] 
178.616: Total time for which application threads were stopped: 0.0033080 seconds, Stopping threads took: 0.0000950 seconds
178.639: Application time: 0.0225170 seconds
178.639: [GC [PSYoungGen: 99936K->7792K(107520K)] 260649K->168562K(352768K), 0.0031210 secs] [Times: user=0.02 sys=0.00, real=0.00 secs] 
178.642: Total time for which application threads were stopped: 0.0033020 seconds, Stopping threads took: 0.0000810 seconds
178.673: Application time: 0.0314170 seconds
178.674: [GC [PSYoungGen: 99952K->10272K(107520K)] 260722K->171042K(352768K), 0.0040470 secs] [Times: user=0.03 sys=0.00, real=0.01 secs] 
178.678: Total time for which application threads were stopped: 0.0042510 seconds, Stopping threads took: 0.0001000 seconds
178.708: Application time: 0.0302970 seconds
178.708: [GC [PSYoungGen: 102432K->9632K(107520K)] 263202K->170402K(352768K), 0.0038550 secs] [Times: user=0.02 sys=0.00, real=0.01 secs] 
178.712: Total time for which application threads were stopped: 0.0040540 seconds, Stopping threads took: 0.0000960 seconds
178.750: Application time: 0.0375600 seconds
178.750: [GC [PSYoungGen: 101792K->9472K(107520K)] 262562K->170250K(352768K), 0.0039080 secs] [Times: user=0.02 sys=0.00, real=0.00 secs] 
178.754: Total time for which application threads were stopped: 0.0040980 seconds, Stopping threads took: 0.0000860 seconds
178.791: Application time: 0.0374800 seconds
178.791: [GC [PSYoungGen: 101632K->7680K(107520K)] 262410K->168458K(352768K), 0.0031440 secs] [Times: user=0.02 sys=0.00, real=0.00 secs] 
178.794: Total time for which application threads were stopped: 0.0033290 seconds, Stopping threads took: 0.0000820 seconds
178.825: Application time: 0.0304270 seconds
178.825: [GC [PSYoungGen: 99840K->7664K(107520K)] 260618K->168442K(352768K), 0.0031790 secs] [Times: user=0.02 sys=0.00, real=0.00 secs] 
178.828: Total time for which application threads were stopped: 0.0033480 seconds, Stopping threads took: 0.0000700 seconds
178.858: Application time: 0.0300680 seconds
178.858: [GC [PSYoungGen: 99824K->7648K(107520K)] 260602K->168426K(352768K), 0.0031430 secs] [Times: user=0.02 sys=0.00, real=0.00 secs] 
178.862: Total time for which application threads were stopped: 0.0033250 seconds, Stopping threads took: 0.0000810 seconds
178.883: Application time: 0.0218430 seconds
178.884: [GC [PSYoungGen: 99808K->7984K(107520K)] 260586K->168762K(352768K), 0.0032870 secs] [Times: user=0.02 sys=0.00, real=0.00 secs] 
178.887: Total time for which application threads were stopped: 0.0034770 seconds, Stopping threads took: 0.0000840 seconds
178.913: Application time: 0.0256900 seconds
178.913: [GC [PSYoungGen: 100144K->11968K(107520K)] 260922K->172746K(352768K), 0.0047610 secs] [Times: user=0.03 sys=0.00, real=0.01 secs] 
178.918: Total time for which application threads were stopped: 0.0049470 seconds, Stopping threads took: 0.0000810 seconds
178.951: Application time: 0.0334460 seconds
178.951: [GC [PSYoungGen: 104128K->8304K(107520K)] 264906K->169082K(352768K), 0.0033690 secs] [Times: user=0.02 sys=0.00, real=0.00 secs] 
178.955: Total time for which application threads were stopped: 0.0035570 seconds, Stopping threads took: 0.0000560 seconds
178.988: Application time: 0.0330270 seconds
178.988: [GC [PSYoungGen: 100464K->7792K(107520K)] 261242K->168570K(352768K), 0.0033300 secs] [Times: user=0.02 sys=0.00, real=0.01 secs] 
178.991: Total time for which application threads were stopped: 0.0035150 seconds, Stopping threads took: 0.0000850 seconds
179.030: Application time: 0.0388980 seconds
179.030: [GC [PSYoungGen: 99946K->7840K(107520K)] 260724K->168618K(352768K), 0.0032030 secs] [Times: user=0.02 sys=0.00, real=0.00 secs] 
179.033: Total time for which application threads were stopped: 0.0033860 seconds, Stopping threads took: 0.0000800 seconds
179.065: Application time: 0.0311930 seconds
179.065: [GC [PSYoungGen: 100000K->7808K(107520K)] 260778K->168586K(352768K), 0.0033450 secs] [Times: user=0.03 sys=0.00, real=0.00 secs] 
179.068: Total time for which application threads were stopped: 0.0035140 seconds, Stopping threads took: 0.0000670 seconds
179.100: Application time: 0.0321140 seconds
179.100: [GC [PSYoungGen: 99968K->8000K(107520K)] 260746K->168778K(352768K), 0.0033160 secs] [Times: user=0.02 sys=0.00, real=0.00 secs] 
179.104: Total time for which application threads were stopped: 0.0035210 seconds, Stopping threads took: 0.0001080 seconds
179.128: Application time: 0.0242050 seconds
179.128: [GC [PSYoungGen: 100160K->8048K(107520K)] 260938K->168826K(352768K), 0.0032660 secs] [Times: user=0.02 sys=0.00, real=0.01 secs] 
179.131: Total time for which application threads were stopped: 0.0034640 seconds, Stopping threads took: 0.0000950 seconds
179.154: Application time: 0.0227590 seconds
179.154: [GC [PSYoungGen: 100208K->8064K(107520K)] 260986K->168842K(352768K), 0.0032960 secs] [Times: user=0.02 sys=0.00, real=0.01 secs] 
179.158: Total time for which application threads were stopped: 0.0034710 seconds, Stopping threads took: 0.0000630 seconds
179.189: Application time: 0.0314710 seconds
179.189: [GC [PSYoungGen: 100224K->12096K(107520K)] 261002K->172874K(352768K), 0.0045510 secs] [Times: user=0.03 sys=0.00, real=0.00 secs] 
179.194: Total time for which application threads were stopped: 0.0047500 seconds, Stopping threads took: 0.0000960 seconds
179.225: Application time: 0.0306730 seconds
179.225: [GC [PSYoungGen: 104256K->11824K(107520K)] 265034K->172602K(352768K), 0.0047540 secs] [Times: user=0.03 sys=0.00, real=0.01 secs] 
179.230: Total time for which application threads were stopped: 0.0049410 seconds, Stopping threads took: 0.0000840 seconds
179.268: Application time: 0.0381720 seconds
179.268: [GC [PSYoungGen: 103984K->8240K(107520K)] 264762K->169018K(352768K), 0.0033530 secs] [Times: user=0.02 sys=0.00, real=0.01 secs] 
179.271: Total time for which application threads were stopped: 0.0035440 seconds, Stopping threads took: 0.0000860 seconds
179.307: Application time: 0.0360950 seconds
179.307: [GC [PSYoungGen: 100400K->7680K(107520K)] 261178K->168458K(352768K), 0.0031250 secs] [Times: user=0.03 sys=0.00, real=0.01 secs] 
179.311: Total time for which application threads were stopped: 0.0033070 seconds, Stopping threads took: 0.0000810 seconds
179.342: Application time: 0.0315020 seconds
179.342: [GC [PSYoungGen: 99840K->7728K(107520K)] 260618K->168694K(352768K), 0.0033530 secs] [Times: user=0.02 sys=0.00, real=0.00 secs] 
179.346: Total time for which application threads were stopped: 0.0035480 seconds, Stopping threads took: 0.0000940 seconds
179.373: Application time: 0.0276730 seconds
179.373: [GC [PSYoungGen: 99888K->7664K(107520K)] 260854K->168726K(352768K), 0.0031640 secs] [Times: user=0.02 sys=0.00, real=0.01 secs] 
179.377: Total time for which application threads were stopped: 0.0033320 seconds, Stopping threads took: 0.0000670 seconds
179.399: Application time: 0.0219940 seconds
179.399: [GC [PSYoungGen: 99824K->7856K(107520K)] 260886K->168918K(352768K), 0.0031830 secs] [Times: user=0.02 sys=0.00, real=0.00 secs] 
179.402: Total time for which application threads were stopped: 0.0033710 seconds, Stopping threads took: 0.0000870 seconds
179.429: Application time: 0.0264660 seconds
179.429: [GC [PSYoungGen: 100016K->9776K(107520K)] 261078K->170886K(352768K), 0.0038140 secs] [Times: user=0.02 sys=0.00, real=0.00 secs] 
179.433: Total time for which application threads were stopped: 0.0039870 seconds, Stopping threads took: 0.0000720 seconds
179.467: Application time: 0.0342110 seconds
179.467: [GC [PSYoungGen: 101936K->9360K(107520K)] 263046K->170470K(352768K), 0.0036240 secs] [Times: user=0.03 sys=0.00, real=0.01 secs] 
179.471: Total time for which application threads were stopped: 0.0038430 seconds, Stopping threads took: 0.0000960 seconds
179.505: Application time: 0.0340770 seconds
179.505: [GC [PSYoungGen: 101520K->9392K(107520K)] 262630K->170510K(352768K), 0.0037680 secs] [Times: user=0.02 sys=0.00, real=0.01 secs] 
179.509: Total time for which application threads were stopped: 0.0039880 seconds, Stopping threads took: 0.0001170 seconds
179.548: Application time: 0.0395090 seconds
179.548: [GC [PSYoungGen: 101552K->7600K(107520K)] 262670K->168718K(352768K), 0.0031960 secs] [Times: user=0.02 sys=0.00, real=0.00 secs] 
179.552: Total time for which application threads were stopped: 0.0034050 seconds, Stopping threads took: 0.0001020 seconds
179.581: Application time: 0.0296720 seconds
179.581: [GC [PSYoungGen: 99760K->7712K(107520K)] 260878K->168830K(352768K), 0.0031090 secs] [Times: user=0.03 sys=0.00, real=0.00 secs] 
179.585: Total time for which application threads were stopped: 0.0032710 seconds, Stopping threads took: 0.0000610 seconds
179.617: Application time: 0.0324990 seconds
179.617: [GC [PSYoungGen: 99872K->7728K(107520K)] 260990K->168846K(352768K), 0.0034120 secs] [Times: user=0.02 sys=0.00, real=0.00 secs] 
179.621: Total time for which application threads were stopped: 0.0036140 seconds, Stopping threads took: 0.0000990 seconds
179.644: Application time: 0.0229380 seconds
179.644: [GC [PSYoungGen: 99888K->7824K(107520K)] 261006K->168942K(352768K), 0.0032550 secs] [Times: user=0.02 sys=0.00, real=0.00 secs] 
179.647: Total time for which application threads were stopped: 0.0034220 seconds, Stopping threads took: 0.0000650 seconds
179.671: Application time: 0.0238980 seconds
179.671: [GC [PSYoungGen: 99984K->7936K(107520K)] 261102K->169054K(352768K), 0.0031710 secs] [Times: user=0.02 sys=0.00, real=0.00 secs] 
179.674: Total time for which application threads were stopped: 0.0033940 seconds, Stopping threads took: 0.0001240 seconds
179.707: Application time: 0.0323950 seconds
179.707: [GC [PSYoungGen: 100096K->11088K(107520K)] 261214K->172206K(352768K), 0.0044260 secs] [Times: user=0.03 sys=0.00, real=0.01 secs] 
179.711: Total time for which application threads were stopped: 0.0046030 seconds, Stopping threads took: 0.0000690 seconds
179.741: Application time: 0.0296940 seconds
179.741: [GC [PSYoungGen: 103248K->10192K(107520K)] 264366K->171310K(352768K), 0.0040240 secs] [Times: user=0.02 sys=0.00, real=0.00 secs] 
179.745: Total time for which application threads were stopped: 0.0041980 seconds, Stopping threads took: 0.0000720 seconds
179.785: Application time: 0.0395040 seconds
179.785: [GC [PSYoungGen: 102352K->7824K(107520K)] 263470K->168942K(352768K), 0.0032470 secs] [Times: user=0.02 sys=0.00, real=0.00 secs] 
179.788: Total time for which application threads were stopped: 0.0034860 seconds, Stopping threads took: 0.0001350 seconds
179.824: Application time: 0.0353440 seconds
179.824: [GC [PSYoungGen: 99984K->7808K(107520K)] 261102K->168926K(352768K), 0.0032240 secs] [Times: user=0.02 sys=0.00, real=0.00 secs] 
179.827: Total time for which application threads were stopped: 0.0034290 seconds, Stopping threads took: 0.0001050 seconds
179.858: Application time: 0.0314510 seconds
179.859: [GC [PSYoungGen: 99968K->8160K(107520K)] 261086K->169278K(352768K), 0.0033240 secs] [Times: user=0.02 sys=0.00, real=0.00 secs] 
179.862: Total time for which application threads were stopped: 0.0035380 seconds, Stopping threads took: 0.0001110 seconds
179.890: Application time: 0.0276430 seconds
179.890: [GC [PSYoungGen: 100320K->7936K(107520K)] 261438K->169054K(352768K), 0.0032570 secs] [Times: user=0.03 sys=0.00, real=0.00 secs] 
179.893: Total time for which application threads were stopped: 0.0034120 seconds, Stopping threads took: 0.0000540 seconds
179.913: Application time: 0.0197930 seconds
179.913: [GC [PSYoungGen: 100096K->7952K(107520K)] 261214K->169070K(352768K), 0.0033890 secs] [Times: user=0.03 sys=0.00, real=0.01 secs] 
179.916: Total time for which application threads were stopped: 0.0035770 seconds, Stopping threads took: 0.0000860 seconds
179.944: Application time: 0.0275710 seconds
179.944: [GC [PSYoungGen: 100112K->14336K(107520K)] 261230K->175454K(352768K), 0.0056930 secs] [Times: user=0.04 sys=0.00, real=0.01 secs] 
179.950: Total time for which application threads were stopped: 0.0058600 seconds, Stopping threads took: 0.0000600 seconds
179.983: Application time: 0.0332380 seconds
179.983: [GC [PSYoungGen: 106496K->9536K(107520K)] 267614K->170654K(352768K), 0.0037920 secs] [Times: user=0.03 sys=0.00, real=0.00 secs] 
179.987: Total time for which application threads were stopped: 0.0040010 seconds, Stopping threads took: 0.0000830 seconds
180.023: Application time: 0.0362260 seconds
180.023: [GC [PSYoungGen: 101696K->8400K(107520K)] 262814K->169518K(352768K), 0.0033720 secs] [Times: user=0.02 sys=0.00, real=0.00 secs] 
180.027: Total time for which application threads were stopped: 0.0035850 seconds, Stopping threads took: 0.0001110 seconds
180.066: Application time: 0.0387080 seconds
180.066: [GC [PSYoungGen: 100560K->7728K(107520K)] 261678K->168846K(352768K), 0.0031440 secs] [Times: user=0.02 sys=0.00, real=0.01 secs] 
180.069: Total time for which application threads were stopped: 0.0033140 seconds, Stopping threads took: 0.0000730 seconds
180.098: Application time: 0.0294240 seconds
180.098: [GC [PSYoungGen: 99888K->7808K(107520K)] 261006K->169070K(352768K), 0.0034260 secs] [Times: user=0.02 sys=0.00, real=0.00 secs] 
180.102: Total time for which application threads were stopped: 0.0036000 seconds, Stopping threads took: 0.0000770 seconds
180.134: Application time: 0.0319570 seconds
180.134: [GC [PSYoungGen: 99968K->7696K(107520K)] 261230K->169050K(352768K), 0.0031660 secs] [Times: user=0.02 sys=0.00, real=0.01 secs] 
180.137: Total time for which application threads were stopped: 0.0033590 seconds, Stopping threads took: 0.0000910 seconds
180.159: Application time: 0.0215990 seconds
180.159: [GC [PSYoungGen: 99856K->7728K(107520K)] 261210K->169130K(352768K), 0.0032270 secs] [Times: user=0.02 sys=0.00, real=0.00 secs] 
180.162: Total time for which application threads were stopped: 0.0034020 seconds, Stopping threads took: 0.0000740 seconds
180.186: Application time: 0.0242090 seconds
180.187: [GC [PSYoungGen: 99888K->7584K(107520K)] 261290K->169042K(352768K), 0.0031790 secs] [Times: user=0.02 sys=0.00, real=0.01 secs] 
180.190: Total time for which application threads were stopped: 0.0033630 seconds, Stopping threads took: 0.0000820 seconds
180.223: Application time: 0.0334890 seconds
180.223: [GC [PSYoungGen: 99744K->8800K(107520K)] 261202K->170258K(352768K), 0.0033560 secs] [Times: user=0.02 sys=0.00, real=0.00 secs] 
180.227: Total time for which application threads were stopped: 0.0035490 seconds, Stopping threads took: 0.0000900 seconds
180.260: Application time: 0.0329380 seconds
180.260: [GC [PSYoungGen: 100960K->8048K(107520K)] 262418K->169514K(352768K), 0.0032690 secs] [Times: user=0.02 sys=0.00, real=0.00 secs] 
180.263: Total time for which application threads were stopped: 0.0034430 seconds, Stopping threads took: 0.0000730 seconds
180.302: Application time: 0.0388850 seconds
180.302: [GC [PSYoungGen: 100208K->7728K(107520K)] 261674K->169194K(352768K), 0.0033230 secs] [Times: user=0.02 sys=0.00, real=0.00 secs] 
180.306: Total time for which application threads were stopped: 0.0035100 seconds, Stopping threads took: 0.0000870 seconds
180.339: Application time: 0.0335240 seconds
180.339: [GC [PSYoungGen: 99888K->7552K(107520K)] 261354K->169018K(352768K), 0.0030940 secs] [Times: user=0.02 sys=0.00, real=0.00 secs] 
180.342: Total time for which application threads were stopped: 0.0032570 seconds, Stopping threads took: 0.0000640 seconds
180.374: Application time: 0.0319290 seconds
180.375: [GC [PSYoungGen: 99712K->7696K(107520K)] 261178K->169162K(352768K), 0.0033820 secs] [Times: user=0.03 sys=0.00, real=0.01 secs] 
180.378: Total time for which application threads were stopped: 0.0035830 seconds, Stopping threads took: 0.0001000 seconds
180.404: Application time: 0.0258260 seconds
180.404: [GC [PSYoungGen: 99856K->7888K(107520K)] 261322K->169354K(352768K), 0.0033080 secs] [Times: user=0.02 sys=0.00, real=0.00 secs] 
180.407: Total time for which application threads were stopped: 0.0034990 seconds, Stopping threads took: 0.0000910 seconds
180.428: Application time: 0.0210200 seconds
180.428: [GC [PSYoungGen: 100048K->8176K(107520K)] 261514K->169642K(352768K), 0.0032590 secs] [Times: user=0.02 sys=0.00, real=0.00 secs] 
180.432: Total time for which application threads were stopped: 0.0034390 seconds, Stopping threads took: 0.0000800 seconds
180.461: Application time: 0.0295490 seconds
180.461: [GC [PSYoungGen: 100336K->13776K(107520K)] 261802K->175242K(352768K), 0.0053090 secs] [Times: user=0.04 sys=0.00, real=0.00 secs] 
180.467: Total time for which application threads were stopped: 0.0055110 seconds, Stopping threads took: 0.0000970 seconds
180.499: Application time: 0.0321770 seconds
180.499: [GC [PSYoungGen: 105936K->8880K(107520K)] 267402K->170346K(352768K), 0.0033610 secs] [Times: user=0.02 sys=0.00, real=0.00 secs] 
180.503: Total time for which application threads were stopped: 0.0035870 seconds, Stopping threads took: 0.0001030 seconds
180.540: Application time: 0.0376390 seconds
180.540: [GC [PSYoungGen: 101040K->8400K(107520K)] 262506K->169866K(352768K), 0.0033780 secs] [Times: user=0.03 sys=0.00, real=0.00 secs] 
180.544: Total time for which application threads were stopped: 0.0035820 seconds, Stopping threads took: 0.0000960 seconds
180.581: Application time: 0.0372240 seconds
180.581: [GC [PSYoungGen: 100560K->7968K(107520K)] 262026K->169434K(352768K), 0.0032130 secs] [Times: user=0.03 sys=0.00, real=0.00 secs] 
180.584: Total time for which application threads were stopped: 0.0034060 seconds, Stopping threads took: 0.0000880 seconds
180.615: Application time: 0.0301330 seconds
180.615: [GC [PSYoungGen: 100128K->7856K(107520K)] 261594K->169322K(352768K), 0.0033620 secs] [Times: user=0.02 sys=0.00, real=0.01 secs] 
180.618: Total time for which application threads were stopped: 0.0035450 seconds, Stopping threads took: 0.0000860 seconds
180.648: Application time: 0.0298670 seconds
180.648: [GC [PSYoungGen: 100016K->7888K(107520K)] 261482K->169354K(352768K), 0.0031840 secs] [Times: user=0.02 sys=0.00, real=0.01 secs] 
180.651: Total time for which application threads were stopped: 0.0033870 seconds, Stopping threads took: 0.0001020 seconds
180.673: Application time: 0.0212190 seconds
180.673: [GC [PSYoungGen: 100048K->8032K(107520K)] 261514K->169498K(352768K), 0.0031640 secs] [Times: user=0.03 sys=0.00, real=0.00 secs] 
180.676: Total time for which application threads were stopped: 0.0033750 seconds, Stopping threads took: 0.0001100 seconds
180.702: Application time: 0.0258880 seconds
180.702: [GC [PSYoungGen: 100192K->10448K(107520K)] 261658K->171914K(352768K), 0.0041570 secs] [Times: user=0.03 sys=0.00, real=0.00 secs] 
180.706: Total time for which application threads were stopped: 0.0043340 seconds, Stopping threads took: 0.0000740 seconds
180.740: Application time: 0.0339330 seconds
180.740: [GC [PSYoungGen: 102608K->10640K(107520K)] 264074K->172106K(352768K), 0.0042660 secs] [Times: user=0.03 sys=0.00, real=0.00 secs] 
180.745: Total time for which application threads were stopped: 0.0044570 seconds, Stopping threads took: 0.0000800 seconds
180.777: Application time: 0.0319000 seconds
180.777: [GC [PSYoungGen: 102800K->8224K(107520K)] 264266K->169690K(352768K), 0.0034040 secs] [Times: user=0.02 sys=0.00, real=0.00 secs] 
180.780: Total time for which application threads were stopped: 0.0035960 seconds, Stopping threads took: 0.0000940 seconds
180.820: Application time: 0.0402440 seconds
180.820: [GC [PSYoungGen: 100384K->8112K(107520K)] 261850K->169578K(352768K), 0.0033160 secs] [Times: user=0.02 sys=0.00, real=0.00 secs] 
180.824: Total time for which application threads were stopped: 0.0034930 seconds, Stopping threads took: 0.0000740 seconds
180.854: Application time: 0.0306350 seconds
180.855: [GC [PSYoungGen: 100272K->7760K(107520K)] 261738K->169274K(352768K), 0.0032630 secs] [Times: user=0.02 sys=0.00, real=0.01 secs] 
180.858: Total time for which application threads were stopped: 0.0034520 seconds, Stopping threads took: 0.0000880 seconds
180.890: Application time: 0.0321620 seconds
180.890: [GC [PSYoungGen: 99920K->7904K(107520K)] 261434K->169582K(352768K), 0.0033050 secs] [Times: user=0.02 sys=0.00, real=0.00 secs] 
180.894: Total time for which application threads were stopped: 0.0034960 seconds, Stopping threads took: 0.0000900 seconds
180.918: Application time: 0.0239610 seconds
180.918: [GC [PSYoungGen: 100064K->7712K(107520K)] 261742K->169486K(352768K), 0.0033560 secs] [Times: user=0.01 sys=0.00, real=0.00 secs] 
180.921: Total time for which application threads were stopped: 0.0035340 seconds, Stopping threads took: 0.0000790 seconds
180.944: Application time: 0.0230670 seconds
180.944: [GC [PSYoungGen: 99872K->7696K(107520K)] 261646K->169518K(352768K), 0.0030870 secs] [Times: user=0.02 sys=0.00, real=0.00 secs] 
180.948: Total time for which application threads were stopped: 0.0033110 seconds, Stopping threads took: 0.0001250 seconds
180.979: Application time: 0.0312410 seconds
180.979: [GC [PSYoungGen: 99856K->12336K(107520K)] 261678K->174158K(352768K), 0.0047230 secs] [Times: user=0.03 sys=0.00, real=0.00 secs] 
180.984: Total time for which application threads were stopped: 0.0049210 seconds, Stopping threads took: 0.0000850 seconds
181.015: Application time: 0.0313040 seconds
181.015: [GC [PSYoungGen: 104496K->9936K(107520K)] 266318K->171766K(352768K), 0.0039880 secs] [Times: user=0.03 sys=0.00, real=0.01 secs] 
181.019: Total time for which application threads were stopped: 0.0042010 seconds, Stopping threads took: 0.0000930 seconds
181.057: Application time: 0.0381130 seconds
181.057: [GC [PSYoungGen: 102096K->8288K(107520K)] 263926K->170118K(352768K), 0.0034870 secs] [Times: user=0.02 sys=0.00, real=0.00 secs] 
181.061: Total time for which application threads were stopped: 0.0036610 seconds, Stopping threads took: 0.0000710 seconds
181.096: Application time: 0.0349410 seconds
181.096: [GC [PSYoungGen: 100448K->7600K(107520K)] 262278K->169430K(352768K), 0.0030900 secs] [Times: user=0.02 sys=0.00, real=0.01 secs] 
181.099: Total time for which application threads were stopped: 0.0032690 seconds, Stopping threads took: 0.0000770 seconds
181.131: Application time: 0.0314050 seconds
181.131: [GC [PSYoungGen: 99760K->7776K(107520K)] 261590K->169606K(352768K), 0.0034110 secs] [Times: user=0.02 sys=0.00, real=0.00 secs] 
181.134: Total time for which application threads were stopped: 0.0036010 seconds, Stopping threads took: 0.0000920 seconds
181.162: Application time: 0.0282090 seconds
181.163: [GC [PSYoungGen: 99936K->7968K(107520K)] 261766K->169798K(352768K), 0.0032720 secs] [Times: user=0.03 sys=0.00, real=0.00 secs] 
181.166: Total time for which application threads were stopped: 0.0035110 seconds, Stopping threads took: 0.0001360 seconds
181.188: Application time: 0.0219660 seconds
181.188: [GC [PSYoungGen: 100128K->8000K(107520K)] 261958K->169830K(352768K), 0.0031800 secs] [Times: user=0.02 sys=0.00, real=0.01 secs] 
181.191: Total time for which application threads were stopped: 0.0033870 seconds, Stopping threads took: 0.0001060 seconds
181.219: Application time: 0.0272810 seconds
181.219: [GC [PSYoungGen: 100160K->10464K(107520K)] 261990K->172294K(352768K), 0.0040480 secs] [Times: user=0.03 sys=0.00, real=0.00 secs] 
181.223: Total time for which application threads were stopped: 0.0042280 seconds, Stopping threads took: 0.0000780 seconds
181.256: Application time: 0.0329080 seconds
181.256: [GC [PSYoungGen: 102624K->10224K(107520K)] 264454K->172054K(352768K), 0.0040200 secs] [Times: user=0.03 sys=0.00, real=0.01 secs] 
181.260: Total time for which application threads were stopped: 0.0042180 seconds, Stopping threads took: 0.0000940 seconds
181.294: Application time: 0.0345280 seconds
181.295: [GC [PSYoungGen: 102384K->7744K(107520K)] 264214K->169574K(352768K), 0.0032110 secs] [Times: user=0.02 sys=0.00, real=0.01 secs] 
181.298: Total time for which application threads were stopped: 0.0034010 seconds, Stopping threads took: 0.0000910 seconds
181.337: Application time: 0.0390630 seconds
181.337: [GC [PSYoungGen: 99904K->7760K(107520K)] 261734K->169590K(352768K), 0.0031550 secs] [Times: user=0.02 sys=0.00, real=0.00 secs] 
181.340: Total time for which application threads were stopped: 0.0033560 seconds, Stopping threads took: 0.0001000 seconds
181.371: Application time: 0.0305740 seconds
181.371: [GC [PSYoungGen: 99920K->7840K(107520K)] 261750K->169670K(352768K), 0.0032850 secs] [Times: user=0.02 sys=0.00, real=0.00 secs] 
181.374: Total time for which application threads were stopped: 0.0034570 seconds, Stopping threads took: 0.0000690 seconds
181.405: Application time: 0.0309350 seconds
181.405: [GC [PSYoungGen: 100000K->7968K(107520K)] 261830K->169798K(352768K), 0.0032880 secs] [Times: user=0.02 sys=0.00, real=0.01 secs] 
181.409: Total time for which application threads were stopped: 0.0034640 seconds, Stopping threads took: 0.0000770 seconds
181.432: Application time: 0.0233610 seconds
181.432: [GC [PSYoungGen: 100128K->7984K(107520K)] 261958K->169814K(352768K), 0.0032380 secs] [Times: user=0.02 sys=0.00, real=0.00 secs] 
181.435: Total time for which application threads were stopped: 0.0034170 seconds, Stopping threads took: 0.0000770 seconds
181.459: Application time: 0.0235660 seconds
181.459: [GC [PSYoungGen: 100144K->9072K(107520K)] 261974K->170902K(352768K), 0.0034540 secs] [Times: user=0.02 sys=0.00, real=0.00 secs] 
181.463: Total time for which application threads were stopped: 0.0036590 seconds, Stopping threads took: 0.0001030 seconds
181.496: Application time: 0.0335480 seconds
181.496: [GC [PSYoungGen: 101232K->10032K(107520K)] 263062K->171862K(352768K), 0.0038660 secs] [Times: user=0.02 sys=0.01, real=0.00 secs] 
181.500: Total time for which application threads were stopped: 0.0040860 seconds, Stopping threads took: 0.0001080 seconds
181.531: Application time: 0.0308630 seconds
181.531: [GC [PSYoungGen: 102192K->8608K(107520K)] 264022K->170438K(352768K), 0.0034790 secs] [Times: user=0.02 sys=0.00, real=0.00 secs] 
181.535: Total time for which application threads were stopped: 0.0036860 seconds, Stopping threads took: 0.0000910 seconds
181.574: Application time: 0.0393150 seconds
181.574: [GC [PSYoungGen: 100768K->8160K(107520K)] 262598K->169990K(352768K), 0.0034140 secs] [Times: user=0.02 sys=0.00, real=0.01 secs] 
181.578: Total time for which application threads were stopped: 0.0035900 seconds, Stopping threads took: 0.0000720 seconds
181.612: Application time: 0.0343130 seconds
181.612: [GC [PSYoungGen: 100320K->7888K(107520K)] 262150K->169766K(352768K), 0.0032590 secs] [Times: user=0.02 sys=0.00, real=0.00 secs] 
181.616: Total time for which application threads were stopped: 0.0034370 seconds, Stopping threads took: 0.0000770 seconds
181.645: Application time: 0.0298570 seconds
181.648: [GC [PSYoungGen: 100048K->7744K(107520K)] 261926K->169775K(352768K), 0.0033440 secs] [Times: user=0.02 sys=0.00, real=0.00 secs] 
181.652: Total time for which application threads were stopped: 0.0063980 seconds, Stopping threads took: 0.0029500 seconds
181.680: Application time: 0.0281010 seconds
181.680: [GC [PSYoungGen: 99904K->7792K(107520K)] 261935K->169911K(352768K), 0.0031580 secs] [Times: user=0.02 sys=0.00, real=0.00 secs] 
181.683: Total time for which application threads were stopped: 0.0033190 seconds, Stopping threads took: 0.0000610 seconds
181.704: Application time: 0.0208070 seconds
181.704: [GC [PSYoungGen: 99952K->8208K(107520K)] 262071K->170327K(352768K), 0.0031560 secs] [Times: user=0.03 sys=0.00, real=0.00 secs] 
181.707: Total time for which application threads were stopped: 0.0033340 seconds, Stopping threads took: 0.0000750 seconds
181.734: Application time: 0.0268070 seconds
181.734: [GC [PSYoungGen: 100368K->11088K(107520K)] 262487K->173255K(352768K), 0.0045060 secs] [Times: user=0.03 sys=0.00, real=0.01 secs] 
181.739: Total time for which application threads were stopped: 0.0046800 seconds, Stopping threads took: 0.0000700 seconds
181.775: Application time: 0.0358090 seconds
181.775: [GC [PSYoungGen: 103248K->9808K(107520K)] 265415K->171975K(352768K), 0.0038920 secs] [Times: user=0.03 sys=0.00, real=0.01 secs] 
181.779: Total time for which application threads were stopped: 0.0040600 seconds, Stopping threads took: 0.0000680 seconds
181.813: Application time: 0.0341680 seconds
181.813: [GC [PSYoungGen: 101968K->8000K(107520K)] 264135K->170175K(352768K), 0.0033100 secs] [Times: user=0.03 sys=0.00, real=0.01 secs] 
181.816: Total time for which application threads were stopped: 0.0034830 seconds, Stopping threads took: 0.0000730 seconds
181.855: Application time: 0.0389240 seconds
181.855: [GC [PSYoungGen: 100160K->7648K(107520K)] 262335K->169823K(352768K), 0.0031440 secs] [Times: user=0.02 sys=0.00, real=0.01 secs] 
181.859: Total time for which application threads were stopped: 0.0033270 seconds, Stopping threads took: 0.0000820 seconds
181.888: Application time: 0.0291150 seconds
181.888: [GC [PSYoungGen: 99808K->7744K(107520K)] 261983K->169919K(352768K), 0.0032230 secs] [Times: user=0.02 sys=0.00, real=0.01 secs] 
181.891: Total time for which application threads were stopped: 0.0034270 seconds, Stopping threads took: 0.0001040 seconds
181.922: Application time: 0.0307180 seconds
181.922: [GC [PSYoungGen: 99904K->7904K(107520K)] 262079K->170079K(352768K), 0.0032600 secs] [Times: user=0.02 sys=0.00, real=0.00 secs] 
181.925: Total time for which application threads were stopped: 0.0034610 seconds, Stopping threads took: 0.0001010 seconds
181.949: Application time: 0.0234740 seconds
181.949: [GC [PSYoungGen: 100064K->7792K(107520K)] 262239K->169967K(352768K), 0.0031640 secs] [Times: user=0.02 sys=0.00, real=0.00 secs] 
181.952: Total time for which application threads were stopped: 0.0033560 seconds, Stopping threads took: 0.0000900 seconds
181.975: Application time: 0.0224110 seconds
181.975: [GC [PSYoungGen: 99952K->9984K(107520K)] 262127K->172159K(352768K), 0.0040430 secs] [Times: user=0.03 sys=0.00, real=0.01 secs] 
181.979: Total time for which application threads were stopped: 0.0042330 seconds, Stopping threads took: 0.0000870 seconds
182.015: Application time: 0.0364400 seconds
182.015: [GC [PSYoungGen: 102144K->12384K(107520K)] 264319K->174559K(352768K), 0.0047370 secs] [Times: user=0.03 sys=0.00, real=0.01 secs] 
182.020: Total time for which application threads were stopped: 0.0049260 seconds, Stopping threads took: 0.0000870 seconds
182.051: Application time: 0.0307830 seconds
182.051: [GC [PSYoungGen: 104544K->7872K(107520K)] 266719K->170047K(352768K), 0.0033370 secs] [Times: user=0.02 sys=0.00, real=0.00 secs] 
182.055: Total time for which application threads were stopped: 0.0035520 seconds, Stopping threads took: 0.0000910 seconds
182.094: Application time: 0.0398120 seconds
182.095: [GC [PSYoungGen: 100032K->8240K(107520K)] 262207K->170415K(352768K), 0.0033900 secs] [Times: user=0.02 sys=0.00, real=0.01 secs] 
182.098: Total time for which application threads were stopped: 0.0035770 seconds, Stopping threads took: 0.0000780 seconds
182.131: Application time: 0.0329160 seconds
182.131: [GC [PSYoungGen: 100400K->7984K(107520K)] 262575K->170159K(352768K), 0.0033220 secs] [Times: user=0.02 sys=0.00, real=0.00 secs] 
182.134: Total time for which application threads were stopped: 0.0035250 seconds, Stopping threads took: 0.0001010 seconds
182.164: Application time: 0.0295250 seconds
182.164: [GC [PSYoungGen: 100144K->7872K(107520K)] 262319K->170047K(352768K), 0.0032710 secs] [Times: user=0.02 sys=0.00, real=0.00 secs] 
182.167: Total time for which application threads were stopped: 0.0034450 seconds, Stopping threads took: 0.0000710 seconds
182.195: Application time: 0.0273580 seconds
182.196: [GC [PSYoungGen: 100032K->8144K(107520K)] 262207K->170319K(352768K), 0.0032780 secs] [Times: user=0.03 sys=0.00, real=0.00 secs] 
182.200: Total time for which application threads were stopped: 0.0049920 seconds, Stopping threads took: 0.0016090 seconds
182.220: Application time: 0.0206810 seconds
182.221: [GC [PSYoungGen: 100304K->8384K(107520K)] 262479K->170559K(352768K), 0.0034430 secs] [Times: user=0.02 sys=0.00, real=0.00 secs] 
182.224: Total time for which application threads were stopped: 0.0036100 seconds, Stopping threads took: 0.0000700 seconds
182.255: Application time: 0.0304620 seconds
182.255: [GC [PSYoungGen: 100544K->11552K(107520K)] 262719K->173727K(352768K), 0.0045520 secs] [Times: user=0.04 sys=0.00, real=0.01 secs] 
182.259: Total time for which application threads were stopped: 0.0047350 seconds, Stopping threads took: 0.0000800 seconds
182.294: Application time: 0.0345700 seconds
182.294: [GC [PSYoungGen: 103712K->8592K(107520K)] 265887K->170767K(352768K), 0.0033820 secs] [Times: user=0.03 sys=0.00, real=0.01 secs] 
182.297: Total time for which application threads were stopped: 0.0035520 seconds, Stopping threads took: 0.0000710 seconds
182.332: Application time: 0.0343380 seconds
182.332: [GC [PSYoungGen: 100752K->7968K(107520K)] 262927K->170143K(352768K), 0.0032420 secs] [Times: user=0.02 sys=0.00, real=0.00 secs] 
182.335: Total time for which application threads were stopped: 0.0034390 seconds, Stopping threads took: 0.0000970 seconds
182.374: Application time: 0.0384460 seconds
182.374: [GC [PSYoungGen: 100128K->7872K(107520K)] 262303K->170047K(352768K), 0.0034550 secs] [Times: user=0.02 sys=0.00, real=0.01 secs] 
182.377: Total time for which application threads were stopped: 0.0036440 seconds, Stopping threads took: 0.0000810 seconds
182.406: Application time: 0.0284100 seconds
182.406: [GC [PSYoungGen: 100022K->7712K(107520K)] 262197K->170027K(352768K), 0.0033070 secs] [Times: user=0.02 sys=0.00, real=0.01 secs] 
182.409: Total time for which application threads were stopped: 0.0034960 seconds, Stopping threads took: 0.0000870 seconds
182.439: Application time: 0.0300930 seconds
182.439: [GC [PSYoungGen: 99872K->7648K(107520K)] 262187K->170083K(352768K), 0.0031460 secs] [Times: user=0.03 sys=0.00, real=0.00 secs] 
182.443: Total time for which application threads were stopped: 0.0033500 seconds, Stopping threads took: 0.0001020 seconds
182.466: Application time: 0.0231790 seconds
182.466: [GC [PSYoungGen: 99808K->7840K(107520K)] 262243K->170275K(352768K), 0.0031270 secs] [Times: user=0.02 sys=0.00, real=0.01 secs] 
182.469: Total time for which application threads were stopped: 0.0033260 seconds, Stopping threads took: 0.0001010 seconds
182.491: Application time: 0.0221250 seconds
182.491: [GC [PSYoungGen: 100000K->9472K(107520K)] 262435K->171955K(352768K), 0.0039370 secs] [Times: user=0.02 sys=0.00, real=0.00 secs] 
182.495: Total time for which application threads were stopped: 0.0041080 seconds, Stopping threads took: 0.0000680 seconds
182.534: Application time: 0.0385430 seconds
182.534: [GC [PSYoungGen: 101632K->10448K(107520K)] 264115K->172931K(352768K), 0.0040250 secs] [Times: user=0.03 sys=0.00, real=0.01 secs] 
182.538: Total time for which application threads were stopped: 0.0042540 seconds, Stopping threads took: 0.0001260 seconds
182.568: Application time: 0.0295450 seconds
182.568: [GC [PSYoungGen: 102608K->7824K(107520K)] 265091K->170315K(352768K), 0.0032200 secs] [Times: user=0.02 sys=0.00, real=0.01 secs] 
182.571: Total time for which application threads were stopped: 0.0034270 seconds, Stopping threads took: 0.0000850 seconds
182.613: Application time: 0.0415280 seconds
182.613: [GC [PSYoungGen: 99984K->7936K(107520K)] 262475K->170427K(352768K), 0.0032630 secs] [Times: user=0.02 sys=0.00, real=0.00 secs] 
182.616: Total time for which application threads were stopped: 0.0034490 seconds, Stopping threads took: 0.0000860 seconds
182.647: Application time: 0.0307020 seconds
182.647: [GC [PSYoungGen: 100096K->7776K(107520K)] 262587K->170267K(352768K), 0.0033690 secs] [Times: user=0.02 sys=0.00, real=0.01 secs] 
182.650: Total time for which application threads were stopped: 0.0035770 seconds, Stopping threads took: 0.0001090 seconds
182.681: Application time: 0.0302700 seconds
182.681: [GC [PSYoungGen: 99936K->7792K(107520K)] 262427K->170283K(352768K), 0.0032550 secs] [Times: user=0.02 sys=0.00, real=0.00 secs] 
182.684: Total time for which application threads were stopped: 0.0034290 seconds, Stopping threads took: 0.0000720 seconds
182.710: Application time: 0.0256680 seconds
182.710: [GC [PSYoungGen: 99952K->7840K(107520K)] 262443K->170331K(352768K), 0.0031840 secs] [Times: user=0.02 sys=0.00, real=0.00 secs] 
182.713: Total time for which application threads were stopped: 0.0033640 seconds, Stopping threads took: 0.0000800 seconds
182.734: Application time: 0.0205480 seconds
182.734: [GC [PSYoungGen: 100000K->7872K(107520K)] 262491K->170363K(352768K), 0.0031600 secs] [Times: user=0.01 sys=0.00, real=0.01 secs] 
182.737: Total time for which application threads were stopped: 0.0033240 seconds, Stopping threads took: 0.0000630 seconds
182.771: Application time: 0.0336130 seconds
182.773: [GC [PSYoungGen: 100032K->13904K(107520K)] 262523K->176395K(352768K), 0.0059120 secs] [Times: user=0.04 sys=0.00, real=0.01 secs] 
182.778: Total time for which application threads were stopped: 0.0078530 seconds, Stopping threads took: 0.0018380 seconds
182.811: Application time: 0.0327950 seconds
182.811: [GC [PSYoungGen: 106064K->8176K(107520K)] 268555K->170667K(352768K), 0.0032540 secs] [Times: user=0.03 sys=0.00, real=0.00 secs] 
182.815: Total time for which application threads were stopped: 0.0034380 seconds, Stopping threads took: 0.0000830 seconds
182.851: Application time: 0.0357920 seconds
182.851: [GC [PSYoungGen: 100336K->8176K(107520K)] 262827K->170667K(352768K), 0.0033080 secs] [Times: user=0.03 sys=0.00, real=0.00 secs] 
182.854: Total time for which application threads were stopped: 0.0034880 seconds, Stopping threads took: 0.0000780 seconds
182.891: Application time: 0.0366570 seconds
182.891: [GC [PSYoungGen: 100336K->8000K(107520K)] 262827K->170491K(352768K), 0.0032130 secs] [Times: user=0.02 sys=0.00, real=0.00 secs] 
182.894: Total time for which application threads were stopped: 0.0034070 seconds, Stopping threads took: 0.0000930 seconds
182.923: Application time: 0.0285110 seconds
182.923: [GC [PSYoungGen: 100160K->7792K(107520K)] 262651K->170283K(352768K), 0.0032920 secs] [Times: user=0.02 sys=0.00, real=0.00 secs] 
182.926: Total time for which application threads were stopped: 0.0034600 seconds, Stopping threads took: 0.0000680 seconds
182.956: Application time: 0.0299340 seconds
182.956: [GC [PSYoungGen: 99952K->7984K(107520K)] 262443K->170475K(352768K), 0.0032670 secs] [Times: user=0.02 sys=0.00, real=0.01 secs] 
182.959: Total time for which application threads were stopped: 0.0034720 seconds, Stopping threads took: 0.0001030 seconds
182.981: Application time: 0.0215400 seconds
182.981: [GC [PSYoungGen: 100144K->7824K(107520K)] 262635K->170315K(352768K), 0.0032610 secs] [Times: user=0.01 sys=0.00, real=0.00 secs] 
182.984: Total time for which application threads were stopped: 0.0034180 seconds, Stopping threads took: 0.0000550 seconds
183.008: Application time: 0.0239140 seconds
183.008: [GC [PSYoungGen: 99984K->11312K(107520K)] 262475K->173803K(352768K), 0.0045240 secs] [Times: user=0.04 sys=0.00, real=0.00 secs] 
183.013: Total time for which application threads were stopped: 0.0047010 seconds, Stopping threads took: 0.0000720 seconds
183.053: Application time: 0.0396870 seconds
183.053: [GC [PSYoungGen: 103472K->10848K(107520K)] 265963K->173339K(352768K), 0.0041590 secs] [Times: user=0.03 sys=0.00, real=0.01 secs] 
183.057: Total time for which application threads were stopped: 0.0043380 seconds, Stopping threads took: 0.0000740 seconds
183.087: Application time: 0.0297900 seconds
183.087: [GC [PSYoungGen: 103008K->7952K(107520K)] 265499K->170443K(352768K), 0.0032140 secs] [Times: user=0.02 sys=0.00, real=0.01 secs] 
183.090: Total time for which application threads were stopped: 0.0034170 seconds, Stopping threads took: 0.0000800 seconds
183.132: Application time: 0.0417560 seconds
183.132: [GC [PSYoungGen: 100112K->7808K(107520K)] 262603K->170299K(352768K), 0.0033210 secs] [Times: user=0.02 sys=0.00, real=0.00 secs] 
183.136: Total time for which application threads were stopped: 0.0035040 seconds, Stopping threads took: 0.0000820 seconds
183.164: Application time: 0.0283610 seconds
183.164: [GC [PSYoungGen: 99968K->7792K(107520K)] 262459K->170379K(352768K), 0.0033250 secs] [Times: user=0.02 sys=0.00, real=0.00 secs] 
183.167: Total time for which application threads were stopped: 0.0035130 seconds, Stopping threads took: 0.0000860 seconds
183.199: Application time: 0.0313770 seconds
183.199: [GC [PSYoungGen: 99952K->7776K(107520K)] 262539K->170535K(352768K), 0.0032530 secs] [Times: user=0.02 sys=0.00, real=0.00 secs] 
183.202: Total time for which application threads were stopped: 0.0034210 seconds, Stopping threads took: 0.0000650 seconds
183.225: Application time: 0.0230720 seconds
183.225: [GC [PSYoungGen: 99936K->7648K(107520K)] 262695K->170407K(352768K), 0.0030430 secs] [Times: user=0.02 sys=0.00, real=0.01 secs] 
183.229: Total time for which application threads were stopped: 0.0032320 seconds, Stopping threads took: 0.0000880 seconds
183.251: Application time: 0.0225450 seconds
183.251: [GC [PSYoungGen: 99808K->7808K(107520K)] 262567K->170567K(352768K), 0.0030760 secs] [Times: user=0.02 sys=0.00, real=0.00 secs] 
183.254: Total time for which application threads were stopped: 0.0032530 seconds, Stopping threads took: 0.0000770 seconds
183.292: Application time: 0.0374200 seconds
183.292: [GC [PSYoungGen: 99968K->11632K(107520K)] 262727K->174439K(352768K), 0.0045490 secs] [Times: user=0.04 sys=0.00, real=0.01 secs] 
183.297: Total time for which application threads were stopped: 0.0047500 seconds, Stopping threads took: 0.0000980 seconds
183.326: Application time: 0.0298690 seconds
183.327: [GC [PSYoungGen: 103792K->7744K(107520K)] 266599K->170559K(352768K), 0.0032200 secs] [Times: user=0.02 sys=0.00, real=0.01 secs] 
183.330: Total time for which application threads were stopped: 0.0034130 seconds, Stopping threads took: 0.0000940 seconds
183.368: Application time: 0.0386130 seconds
183.369: [GC [PSYoungGen: 99904K->9824K(107520K)] 262719K->172639K(352768K), 0.0040300 secs] [Times: user=0.02 sys=0.00, real=0.00 secs] 
183.373: Total time for which application threads were stopped: 0.0042290 seconds, Stopping threads took: 0.0000960 seconds
183.407: Application time: 0.0344610 seconds
183.407: [GC [PSYoungGen: 101984K->7664K(107520K)] 264799K->170479K(352768K), 0.0031480 secs] [Times: user=0.02 sys=0.00, real=0.01 secs] 
183.410: Total time for which application threads were stopped: 0.0033460 seconds, Stopping threads took: 0.0000940 seconds
183.440: Application time: 0.0299400 seconds
183.441: [GC [PSYoungGen: 99824K->7936K(107520K)] 262639K->170751K(352768K), 0.0034060 secs] [Times: user=0.02 sys=0.00, real=0.00 secs] 
183.444: Total time for which application threads were stopped: 0.0035950 seconds, Stopping threads took: 0.0000860 seconds
183.473: Application time: 0.0293720 seconds
183.473: [GC [PSYoungGen: 100096K->8016K(107520K)] 262911K->170831K(352768K), 0.0031980 secs] [Times: user=0.02 sys=0.00, real=0.01 secs] 
183.477: Total time for which application threads were stopped: 0.0033820 seconds, Stopping threads took: 0.0000820 seconds
183.495: Application time: 0.0185840 seconds
183.495: [GC [PSYoungGen: 100176K->7920K(107520K)] 262991K->170735K(352768K), 0.0033540 secs] [Times: user=0.02 sys=0.00, real=0.01 secs] 
183.499: Total time for which application threads were stopped: 0.0035530 seconds, Stopping threads took: 0.0000980 seconds
183.528: Application time: 0.0287890 seconds
183.528: [GC [PSYoungGen: 100080K->11968K(107520K)] 262895K->174783K(352768K), 0.0046760 secs] [Times: user=0.04 sys=0.00, real=0.01 secs] 
183.533: Total time for which application threads were stopped: 0.0048580 seconds, Stopping threads took: 0.0000790 seconds
183.569: Application time: 0.0361450 seconds
183.569: [GC [PSYoungGen: 104128K->9840K(107520K)] 266943K->172655K(352768K), 0.0038770 secs] [Times: user=0.03 sys=0.00, real=0.00 secs] 
183.573: Total time for which application threads were stopped: 0.0040460 seconds, Stopping threads took: 0.0000640 seconds
183.606: Application time: 0.0333810 seconds
183.606: [GC [PSYoungGen: 102000K->7728K(107520K)] 264815K->170543K(352768K), 0.0032650 secs] [Times: user=0.02 sys=0.00, real=0.01 secs] 
183.610: Total time for which application threads were stopped: 0.0034790 seconds, Stopping threads took: 0.0000890 seconds
183.650: Application time: 0.0405410 seconds
183.652: [GC [PSYoungGen: 99888K->7984K(107520K)] 262703K->170799K(352768K), 0.0032010 secs] [Times: user=0.02 sys=0.00, real=0.00 secs] 
183.656: Total time for which application threads were stopped: 0.0055450 seconds, Stopping threads took: 0.0022450 seconds
183.682: Application time: 0.0266000 seconds
183.682: [GC [PSYoungGen: 100144K->7712K(107520K)] 262959K->170527K(352768K), 0.0032630 secs] [Times: user=0.02 sys=0.00, real=0.00 secs] 
183.686: Total time for which application threads were stopped: 0.0034370 seconds, Stopping threads took: 0.0000700 seconds
183.719: Application time: 0.0334270 seconds
183.719: [GC [PSYoungGen: 99872K->7936K(107520K)] 262687K->170751K(352768K), 0.0032610 secs] [Times: user=0.02 sys=0.00, real=0.00 secs] 
183.723: Total time for which application threads were stopped: 0.0034650 seconds, Stopping threads took: 0.0001020 seconds
183.744: Application time: 0.0214570 seconds
183.744: [GC [PSYoungGen: 100096K->7936K(107520K)] 262911K->170751K(352768K), 0.0034610 secs] [Times: user=0.02 sys=0.01, real=0.00 secs] 
183.748: Total time for which application threads were stopped: 0.0036280 seconds, Stopping threads took: 0.0000550 seconds
183.770: Application time: 0.0223230 seconds
183.770: [GC [PSYoungGen: 100096K->8016K(107520K)] 262911K->170831K(352768K), 0.0031530 secs] [Times: user=0.02 sys=0.00, real=0.00 secs] 
183.773: Total time for which application threads were stopped: 0.0033310 seconds, Stopping threads took: 0.0000760 seconds
183.814: Application time: 0.0401430 seconds
183.814: [GC [PSYoungGen: 100176K->8720K(107520K)] 262991K->171535K(352768K), 0.0033990 secs] [Times: user=0.03 sys=0.00, real=0.01 secs] 
183.817: Total time for which application threads were stopped: 0.0035630 seconds, Stopping threads took: 0.0000610 seconds
183.845: Application time: 0.0277860 seconds
183.845: [GC [PSYoungGen: 100880K->8032K(107520K)] 263695K->170847K(352768K), 0.0034830 secs] [Times: user=0.02 sys=0.00, real=0.01 secs] 
183.849: Total time for which application threads were stopped: 0.0036890 seconds, Stopping threads took: 0.0001030 seconds
183.890: Application time: 0.0415270 seconds
183.890: [GC [PSYoungGen: 100192K->7952K(107520K)] 263007K->170767K(352768K), 0.0033630 secs] [Times: user=0.03 sys=0.00, real=0.00 secs] 
183.894: Total time for which application threads were stopped: 0.0035390 seconds, Stopping threads took: 0.0000760 seconds
183.925: Application time: 0.0313960 seconds
183.925: [GC [PSYoungGen: 100112K->7760K(107520K)] 262927K->170583K(352768K), 0.0033690 secs] [Times: user=0.02 sys=0.00, real=0.01 secs] 
183.929: Total time for which application threads were stopped: 0.0035530 seconds, Stopping threads took: 0.0000810 seconds
183.960: Application time: 0.0309770 seconds
183.960: [GC [PSYoungGen: 99920K->7600K(107520K)] 262743K->170627K(352768K), 0.0032960 secs] [Times: user=0.02 sys=0.00, real=0.00 secs] 
183.963: Total time for which application threads were stopped: 0.0034960 seconds, Stopping threads took: 0.0000990 seconds
183.990: Application time: 0.0272390 seconds
183.990: [GC [PSYoungGen: 99760K->7856K(107520K)] 262787K->170955K(352768K), 0.0033900 secs] [Times: user=0.03 sys=0.00, real=0.00 secs] 
183.994: Total time for which application threads were stopped: 0.0035720 seconds, Stopping threads took: 0.0000800 seconds
184.013: Application time: 0.0192180 seconds
184.013: [GC [PSYoungGen: 100016K->7552K(107520K)] 263115K->170651K(352768K), 0.0033000 secs] [Times: user=0.02 sys=0.00, real=0.01 secs] 
184.017: Total time for which application threads were stopped: 0.0034940 seconds, Stopping threads took: 0.0000900 seconds
184.048: Application time: 0.0318700 seconds
184.049: [GC [PSYoungGen: 99712K->14848K(107520K)] 262811K->177995K(352768K), 0.0060010 secs] [Times: user=0.04 sys=0.00, real=0.00 secs] 
184.055: Total time for which application threads were stopped: 0.0061870 seconds, Stopping threads took: 0.0000850 seconds
184.089: Application time: 0.0339800 seconds
184.089: [GC [PSYoungGen: 107008K->8352K(107520K)] 270155K->171499K(352768K), 0.0033670 secs] [Times: user=0.02 sys=0.00, real=0.00 secs] 
184.092: Total time for which application threads were stopped: 0.0035720 seconds, Stopping threads took: 0.0001110 seconds
184.128: Application time: 0.0354340 seconds
184.128: [GC [PSYoungGen: 100512K->9376K(107520K)] 263659K->172531K(352768K), 0.0038990 secs] [Times: user=0.03 sys=0.00, real=0.01 secs] 
184.132: Total time for which application threads were stopped: 0.0041170 seconds, Stopping threads took: 0.0000930 seconds
184.171: Application time: 0.0394960 seconds
184.171: [GC [PSYoungGen: 101536K->7680K(107520K)] 264691K->170835K(352768K), 0.0031230 secs] [Times: user=0.02 sys=0.00, real=0.00 secs] 
184.175: Total time for which application threads were stopped: 0.0033390 seconds, Stopping threads took: 0.0001130 seconds
184.202: Application time: 0.0273430 seconds
184.202: [GC [PSYoungGen: 99840K->7584K(107520K)] 262995K->170739K(352768K), 0.0032020 secs] [Times: user=0.02 sys=0.00, real=0.00 secs] 
184.205: Total time for which application threads were stopped: 0.0033920 seconds, Stopping threads took: 0.0000910 seconds
184.238: Application time: 0.0323310 seconds
184.240: [GC [PSYoungGen: 99744K->7808K(107520K)] 262899K->170964K(352768K), 0.0031560 secs] [Times: user=0.02 sys=0.00, real=0.00 secs] 
184.244: Total time for which application threads were stopped: 0.0059280 seconds, Stopping threads took: 0.0026700 seconds
184.264: Application time: 0.0201450 seconds
184.264: [GC [PSYoungGen: 99968K->8064K(107520K)] 263124K->171219K(352768K), 0.0031940 secs] [Times: user=0.02 sys=0.00, real=0.00 secs] 
184.267: Total time for which application threads were stopped: 0.0033900 seconds, Stopping threads took: 0.0000920 seconds
184.290: Application time: 0.0232990 seconds
184.291: [GC [PSYoungGen: 100224K->8288K(107520K)] 263379K->171443K(352768K), 0.0032320 secs] [Times: user=0.02 sys=0.00, real=0.00 secs] 
184.294: Total time for which application threads were stopped: 0.0034260 seconds, Stopping threads took: 0.0000920 seconds
184.334: Application time: 0.0396910 seconds
184.334: [GC [PSYoungGen: 100448K->10384K(107520K)] 263603K->173540K(352768K), 0.0040260 secs] [Times: user=0.03 sys=0.00, real=0.01 secs] 
184.338: Total time for which application threads were stopped: 0.0042310 seconds, Stopping threads took: 0.0001010 seconds
184.368: Application time: 0.0298480 seconds
184.368: [GC [PSYoungGen: 102544K->7664K(107520K)] 265700K->170819K(352768K), 0.0032030 secs] [Times: user=0.02 sys=0.00, real=0.01 secs] 
184.371: Total time for which application threads were stopped: 0.0033960 seconds, Stopping threads took: 0.0000900 seconds
184.413: Application time: 0.0420500 seconds
184.413: [GC [PSYoungGen: 99824K->7904K(107520K)] 262979K->171059K(352768K), 0.0032310 secs] [Times: user=0.02 sys=0.00, real=0.01 secs] 
184.417: Total time for which application threads were stopped: 0.0034210 seconds, Stopping threads took: 0.0000890 seconds
184.446: Application time: 0.0294740 seconds
184.446: [GC [PSYoungGen: 100064K->7584K(107520K)] 263219K->170739K(352768K), 0.0031920 secs] [Times: user=0.03 sys=0.00, real=0.01 secs] 
184.449: Total time for which application threads were stopped: 0.0033690 seconds, Stopping threads took: 0.0000770 seconds
184.482: Application time: 0.0328460 seconds
184.482: [GC [PSYoungGen: 99744K->7840K(107520K)] 262899K->170995K(352768K), 0.0034690 secs] [Times: user=0.02 sys=0.00, real=0.00 secs] 
184.486: Total time for which application threads were stopped: 0.0036500 seconds, Stopping threads took: 0.0000790 seconds
184.511: Application time: 0.0250050 seconds
184.511: [GC [PSYoungGen: 100000K->7920K(107520K)] 263155K->171075K(352768K), 0.0033600 secs] [Times: user=0.02 sys=0.00, real=0.00 secs] 
184.514: Total time for which application threads were stopped: 0.0035760 seconds, Stopping threads took: 0.0001140 seconds
184.534: Application time: 0.0198740 seconds
184.534: [GC [PSYoungGen: 100080K->8016K(107520K)] 263235K->171171K(352768K), 0.0031880 secs] [Times: user=0.02 sys=0.00, real=0.01 secs] 
184.538: Total time for which application threads were stopped: 0.0033390 seconds, Stopping threads took: 0.0000470 seconds
184.572: Application time: 0.0346850 seconds
184.572: [GC [PSYoungGen: 100176K->15072K(107520K)] 263331K->178227K(352768K), 0.0056660 secs] [Times: user=0.04 sys=0.00, real=0.01 secs] 
184.578: Total time for which application threads were stopped: 0.0058460 seconds, Stopping threads took: 0.0000780 seconds
184.610: Application time: 0.0313420 seconds
184.610: [GC [PSYoungGen: 107232K->8416K(107520K)] 270387K->171572K(352768K), 0.0032260 secs] [Times: user=0.03 sys=0.00, real=0.00 secs] 
184.613: Total time for which application threads were stopped: 0.0034080 seconds, Stopping threads took: 0.0000810 seconds
184.651: Application time: 0.0380570 seconds
184.651: [GC [PSYoungGen: 100576K->8224K(107520K)] 263732K->171379K(352768K), 0.0033370 secs] [Times: user=0.02 sys=0.00, real=0.00 secs] 
184.655: Total time for which application threads were stopped: 0.0035380 seconds, Stopping threads took: 0.0000810 seconds
184.691: Application time: 0.0367030 seconds
184.691: [GC [PSYoungGen: 100384K->8128K(107520K)] 263539K->171283K(352768K), 0.0033170 secs] [Times: user=0.02 sys=0.00, real=0.00 secs] 
184.695: Total time for which application threads were stopped: 0.0035230 seconds, Stopping threads took: 0.0001060 seconds
184.723: Application time: 0.0281710 seconds
184.723: [GC [PSYoungGen: 100288K->7680K(107520K)] 263443K->171044K(352768K), 0.0031870 secs] [Times: user=0.03 sys=0.00, real=0.00 secs] 
184.726: Total time for which application threads were stopped: 0.0033670 seconds, Stopping threads took: 0.0000780 seconds
184.756: Application time: 0.0299670 seconds
184.756: [GC [PSYoungGen: 99840K->7824K(107520K)] 263204K->171236K(352768K), 0.0032340 secs] [Times: user=0.02 sys=0.00, real=0.00 secs] 
184.760: Total time for which application threads were stopped: 0.0034330 seconds, Stopping threads took: 0.0000980 seconds
184.780: Application time: 0.0201070 seconds
184.780: [GC [PSYoungGen: 99984K->7744K(107520K)] 263396K->171156K(352768K), 0.0031530 secs] [Times: user=0.02 sys=0.00, real=0.00 secs] 
184.783: Total time for which application threads were stopped: 0.0033400 seconds, Stopping threads took: 0.0000850 seconds
184.808: Application time: 0.0252480 seconds
184.809: [GC [PSYoungGen: 99904K->9328K(107520K)] 263316K->172796K(352768K), 0.0037150 secs] [Times: user=0.02 sys=0.00, real=0.00 secs] 
184.812: Total time for which application threads were stopped: 0.0038990 seconds, Stopping threads took: 0.0000670 seconds
184.851: Application time: 0.0388680 seconds
184.851: [GC [PSYoungGen: 101488K->10128K(107520K)] 264956K->173596K(352768K), 0.0040170 secs] [Times: user=0.03 sys=0.00, real=0.00 secs] 
184.855: Total time for which application threads were stopped: 0.0042450 seconds, Stopping threads took: 0.0001250 seconds
184.886: Application time: 0.0307020 seconds
184.886: [GC [PSYoungGen: 102288K->7664K(107520K)] 265756K->171140K(352768K), 0.0031470 secs] [Times: user=0.03 sys=0.00, real=0.01 secs] 
184.890: Total time for which application threads were stopped: 0.0033350 seconds, Stopping threads took: 0.0000870 seconds
184.931: Application time: 0.0417240 seconds
184.932: [GC [PSYoungGen: 99824K->7584K(107520K)] 263300K->171060K(352768K), 0.0031310 secs] [Times: user=0.02 sys=0.00, real=0.00 secs] 
184.936: Total time for which application threads were stopped: 0.0043440 seconds, Stopping threads took: 0.0011110 seconds
184.964: Application time: 0.0281710 seconds
184.964: [GC [PSYoungGen: 99744K->7744K(107520K)] 263220K->171220K(352768K), 0.0032990 secs] [Times: user=0.02 sys=0.00, real=0.00 secs] 
184.967: Total time for which application threads were stopped: 0.0035310 seconds, Stopping threads took: 0.0001290 seconds
185.000: Application time: 0.0323470 seconds
185.000: [GC [PSYoungGen: 99904K->8112K(107520K)] 263380K->171588K(352768K), 0.0033380 secs] [Times: user=0.02 sys=0.00, real=0.00 secs] 
185.003: Total time for which application threads were stopped: 0.0035090 seconds, Stopping threads took: 0.0000710 seconds
185.026: Application time: 0.0231550 seconds
185.026: [GC [PSYoungGen: 100272K->7744K(107520K)] 263748K->171220K(352768K), 0.0031940 secs] [Times: user=0.02 sys=0.00, real=0.01 secs] 
185.030: Total time for which application threads were stopped: 0.0033490 seconds, Stopping threads took: 0.0000570 seconds
185.051: Application time: 0.0212810 seconds
185.051: [GC [PSYoungGen: 99904K->8000K(107520K)] 263380K->171476K(352768K), 0.0033920 secs] [Times: user=0.02 sys=0.00, real=0.00 secs] 
185.055: Total time for which application threads were stopped: 0.0035640 seconds, Stopping threads took: 0.0000710 seconds
185.092: Application time: 0.0375140 seconds
185.092: [GC [PSYoungGen: 100160K->12336K(107520K)] 263636K->175812K(352768K), 0.0047890 secs] [Times: user=0.04 sys=0.00, real=0.01 secs] 
185.097: Total time for which application threads were stopped: 0.0049600 seconds, Stopping threads took: 0.0000690 seconds
185.126: Application time: 0.0294550 seconds
185.127: [GC [PSYoungGen: 104496K->7728K(107520K)] 267972K->171204K(352768K), 0.0032860 secs] [Times: user=0.02 sys=0.00, real=0.01 secs] 
185.130: Total time for which application threads were stopped: 0.0034680 seconds, Stopping threads took: 0.0000740 seconds
185.170: Application time: 0.0401360 seconds
185.170: [GC [PSYoungGen: 99884K->8208K(107520K)] 263360K->171684K(352768K), 0.0034510 secs] [Times: user=0.03 sys=0.00, real=0.00 secs] 
185.174: Total time for which application threads were stopped: 0.0036780 seconds, Stopping threads took: 0.0001040 seconds
185.207: Application time: 0.0332890 seconds
185.207: [GC [PSYoungGen: 100368K->7936K(107520K)] 263844K->171412K(352768K), 0.0033090 secs] [Times: user=0.03 sys=0.00, real=0.01 secs] 
185.210: Total time for which application threads were stopped: 0.0034750 seconds, Stopping threads took: 0.0000630 seconds
185.240: Application time: 0.0292450 seconds
185.240: [GC [PSYoungGen: 100096K->7888K(107520K)] 263572K->171364K(352768K), 0.0033320 secs] [Times: user=0.02 sys=0.00, real=0.00 secs] 
185.243: Total time for which application threads were stopped: 0.0035040 seconds, Stopping threads took: 0.0000720 seconds
185.272: Application time: 0.0289960 seconds
185.272: [GC [PSYoungGen: 100048K->8144K(107520K)] 263524K->171620K(352768K), 0.0033030 secs] [Times: user=0.02 sys=0.00, real=0.00 secs] 
185.276: Total time for which application threads were stopped: 0.0035040 seconds, Stopping threads took: 0.0000980 seconds
185.296: Application time: 0.0199230 seconds
185.296: [GC [PSYoungGen: 100304K->7984K(107520K)] 263780K->171460K(352768K), 0.0031370 secs] [Times: user=0.02 sys=0.00, real=0.01 secs] 
185.299: Total time for which application threads were stopped: 0.0032960 seconds, Stopping threads took: 0.0000570 seconds
185.327: Application time: 0.0283340 seconds
185.327: [GC [PSYoungGen: 100144K->12064K(107520K)] 263620K->175540K(352768K), 0.0046630 secs] [Times: user=0.03 sys=0.00, real=0.01 secs] 
185.332: Total time for which application threads were stopped: 0.0048420 seconds, Stopping threads took: 0.0000770 seconds
185.368: Application time: 0.0355470 seconds
185.368: [GC [PSYoungGen: 104224K->10480K(107520K)] 267700K->173956K(352768K), 0.0041220 secs] [Times: user=0.03 sys=0.00, real=0.01 secs] 
185.372: Total time for which application threads were stopped: 0.0043110 seconds, Stopping threads took: 0.0000860 seconds
185.406: Application time: 0.0337500 seconds
185.406: [GC [PSYoungGen: 102640K->9584K(107520K)] 266116K->173060K(352768K), 0.0039650 secs] [Times: user=0.02 sys=0.00, real=0.01 secs] 
185.410: Total time for which application threads were stopped: 0.0041570 seconds, Stopping threads took: 0.0000900 seconds
185.450: Application time: 0.0396000 seconds
185.450: [GC [PSYoungGen: 101744K->8048K(107520K)] 265220K->171524K(352768K), 0.0033120 secs] [Times: user=0.02 sys=0.00, real=0.00 secs] 
185.453: Total time for which application threads were stopped: 0.0034940 seconds, Stopping threads took: 0.0000790 seconds
185.482: Application time: 0.0294030 seconds
185.483: [GC [PSYoungGen: 100208K->7776K(107520K)] 263684K->171384K(352768K), 0.0034570 secs] [Times: user=0.02 sys=0.00, real=0.00 secs] 
185.486: Total time for which application threads were stopped: 0.0036350 seconds, Stopping threads took: 0.0000740 seconds
185.517: Application time: 0.0306220 seconds
185.517: [GC [PSYoungGen: 99936K->7536K(107520K)] 263544K->171292K(352768K), 0.0032090 secs] [Times: user=0.03 sys=0.00, real=0.00 secs] 
185.520: Total time for which application threads were stopped: 0.0034070 seconds, Stopping threads took: 0.0000990 seconds
185.542: Application time: 0.0217250 seconds
185.542: [GC [PSYoungGen: 99696K->7696K(107520K)] 263452K->171452K(352768K), 0.0031420 secs] [Times: user=0.02 sys=0.00, real=0.00 secs] 
185.545: Total time for which application threads were stopped: 0.0033380 seconds, Stopping threads took: 0.0000930 seconds
185.568: Application time: 0.0224580 seconds
185.568: [GC [PSYoungGen: 99856K->9728K(107520K)] 263612K->173524K(352768K), 0.0037580 secs] [Times: user=0.03 sys=0.00, real=0.00 secs] 
185.572: Total time for which application threads were stopped: 0.0045620 seconds, Stopping threads took: 0.0007050 seconds
185.610: Application time: 0.0376250 seconds
185.610: [GC [PSYoungGen: 101888K->12848K(107520K)] 265684K->176644K(352768K), 0.0050090 secs] [Times: user=0.03 sys=0.00, real=0.00 secs] 
185.615: Total time for which application threads were stopped: 0.0051870 seconds, Stopping threads took: 0.0000740 seconds
185.645: Application time: 0.0303320 seconds
185.645: [GC [PSYoungGen: 105008K->7888K(107520K)] 268804K->171692K(352768K), 0.0031290 secs] [Times: user=0.02 sys=0.00, real=0.01 secs] 
185.649: Total time for which application threads were stopped: 0.0032930 seconds, Stopping threads took: 0.0000620 seconds
185.690: Application time: 0.0409290 seconds
185.690: [GC [PSYoungGen: 100048K->7760K(107520K)] 263852K->171564K(352768K), 0.0034360 secs] [Times: user=0.02 sys=0.00, real=0.00 secs] 
185.693: Total time for which application threads were stopped: 0.0036320 seconds, Stopping threads took: 0.0000760 seconds
185.725: Application time: 0.0319600 seconds
185.725: [GC [PSYoungGen: 99920K->7712K(107520K)] 263724K->171516K(352768K), 0.0032400 secs] [Times: user=0.03 sys=0.00, real=0.01 secs] 
185.729: Total time for which application threads were stopped: 0.0034230 seconds, Stopping threads took: 0.0000790 seconds
185.759: Application time: 0.0304070 seconds
185.760: [GC [PSYoungGen: 99872K->7824K(107520K)] 263676K->171628K(352768K), 0.0034840 secs] [Times: user=0.02 sys=0.00, real=0.00 secs] 
185.764: Total time for which application threads were stopped: 0.0049730 seconds, Stopping threads took: 0.0013870 seconds
185.790: Application time: 0.0264110 seconds
185.791: [GC [PSYoungGen: 99984K->7904K(107520K)] 263788K->171708K(352768K), 0.0032600 secs] [Times: user=0.03 sys=0.00, real=0.00 secs] 
185.794: Total time for which application threads were stopped: 0.0034380 seconds, Stopping threads took: 0.0000770 seconds
185.814: Application time: 0.0201390 seconds
185.814: [GC [PSYoungGen: 100064K->8048K(107520K)] 263868K->171852K(352768K), 0.0035090 secs] [Times: user=0.02 sys=0.00, real=0.01 secs] 
185.818: Total time for which application threads were stopped: 0.0037090 seconds, Stopping threads took: 0.0000980 seconds
185.849: Application time: 0.0314310 seconds
185.849: [GC [PSYoungGen: 100208K->13904K(107520K)] 264012K->177708K(352768K), 0.0055160 secs] [Times: user=0.03 sys=0.00, real=0.00 secs] 
185.855: Total time for which application threads were stopped: 0.0056770 seconds, Stopping threads took: 0.0000610 seconds
185.889: Application time: 0.0339180 seconds
185.889: [GC [PSYoungGen: 106064K->8976K(107520K)] 269868K->172780K(352768K), 0.0034700 secs] [Times: user=0.02 sys=0.00, real=0.00 secs] 
185.892: Total time for which application threads were stopped: 0.0036710 seconds, Stopping threads took: 0.0000980 seconds
185.929: Application time: 0.0361420 seconds
185.929: [GC [PSYoungGen: 101136K->9920K(107520K)] 264940K->173724K(352768K), 0.0040330 secs] [Times: user=0.02 sys=0.00, real=0.00 secs] 
185.933: Total time for which application threads were stopped: 0.0042130 seconds, Stopping threads took: 0.0000760 seconds
185.971: Application time: 0.0378850 seconds
185.971: [GC [PSYoungGen: 102080K->7904K(107520K)] 265884K->171708K(352768K), 0.0032580 secs] [Times: user=0.02 sys=0.00, real=0.00 secs] 
185.974: Total time for which application threads were stopped: 0.0034590 seconds, Stopping threads took: 0.0000950 seconds
186.002: Application time: 0.0280970 seconds
186.004: [GC [PSYoungGen: 100064K->7840K(107520K)] 263868K->171644K(352768K), 0.0034850 secs] [Times: user=0.02 sys=0.00, real=0.00 secs] 
186.008: Total time for which application threads were stopped: 0.0057860 seconds, Stopping threads took: 0.0021960 seconds
186.039: Application time: 0.0314320 seconds
186.041: [GC [PSYoungGen: 100000K->7952K(107520K)] 263804K->171756K(352768K), 0.0035160 secs] [Times: user=0.02 sys=0.00, real=0.00 secs] 
186.044: Total time for which application threads were stopped: 0.0047260 seconds, Stopping threads took: 0.0010880 seconds
186.065: Application time: 0.0206980 seconds
186.065: [GC [PSYoungGen: 100112K->7952K(107520K)] 263916K->171756K(352768K), 0.0032150 secs] [Times: user=0.02 sys=0.00, real=0.00 secs] 
186.068: Total time for which application threads were stopped: 0.0034540 seconds, Stopping threads took: 0.0001310 seconds
186.092: Application time: 0.0241100 seconds
186.093: [GC [PSYoungGen: 100112K->9552K(107520K)] 263916K->173356K(352768K), 0.0038770 secs] [Times: user=0.03 sys=0.00, real=0.01 secs] 
186.096: Total time for which application threads were stopped: 0.0040650 seconds, Stopping threads took: 0.0000820 seconds
186.132: Application time: 0.0360060 seconds
186.133: [GC [PSYoungGen: 101712K->12688K(107520K)] 265516K->176492K(352768K), 0.0049030 secs] [Times: user=0.04 sys=0.00, real=0.01 secs] 
186.138: Total time for which application threads were stopped: 0.0050900 seconds, Stopping threads took: 0.0000840 seconds
186.171: Application time: 0.0330510 seconds
186.171: [GC [PSYoungGen: 104848K->7920K(107520K)] 268652K->171724K(352768K), 0.0031800 secs] [Times: user=0.03 sys=0.00, real=0.00 secs] 
186.174: Total time for which application threads were stopped: 0.0033590 seconds, Stopping threads took: 0.0000770 seconds
186.215: Application time: 0.0406670 seconds
186.215: [GC [PSYoungGen: 100080K->7872K(107520K)] 263884K->171676K(352768K), 0.0032220 secs] [Times: user=0.02 sys=0.00, real=0.01 secs] 
186.218: Total time for which application threads were stopped: 0.0034400 seconds, Stopping threads took: 0.0000990 seconds
186.248: Application time: 0.0303830 seconds
186.249: [GC [PSYoungGen: 100032K->7824K(107520K)] 263836K->171716K(352768K), 0.0032220 secs] [Times: user=0.03 sys=0.00, real=0.00 secs] 
186.252: Total time for which application threads were stopped: 0.0033800 seconds, Stopping threads took: 0.0000630 seconds
186.284: Application time: 0.0317110 seconds
186.284: [GC [PSYoungGen: 99984K->7488K(107520K)] 263876K->171564K(352768K), 0.0032190 secs] [Times: user=0.02 sys=0.00, real=0.00 secs] 
186.287: Total time for which application threads were stopped: 0.0033990 seconds, Stopping threads took: 0.0000790 seconds
186.312: Application time: 0.0245720 seconds
186.312: [GC [PSYoungGen: 99648K->7616K(107520K)] 263724K->171692K(352768K), 0.0031410 secs] [Times: user=0.02 sys=0.00, real=0.00 secs] 
186.315: Total time for which application threads were stopped: 0.0033140 seconds, Stopping threads took: 0.0000720 seconds
186.336: Application time: 0.0209280 seconds
186.336: [GC [PSYoungGen: 99776K->7568K(107520K)] 263852K->171692K(352768K), 0.0031460 secs] [Times: user=0.02 sys=0.00, real=0.01 secs] 
186.339: Total time for which application threads were stopped: 0.0033730 seconds, Stopping threads took: 0.0001260 seconds
186.374: Application time: 0.0344160 seconds
186.376: [GC [PSYoungGen: 99728K->10288K(107520K)] 263852K->174412K(352768K), 0.0040570 secs] [Times: user=0.03 sys=0.00, real=0.00 secs] 
186.380: Total time for which application threads were stopped: 0.0068880 seconds, Stopping threads took: 0.0027290 seconds
186.412: Application time: 0.0316050 seconds
186.412: [GC [PSYoungGen: 102448K->8368K(107520K)] 266572K->172500K(352768K), 0.0031960 secs] [Times: user=0.02 sys=0.00, real=0.00 secs] 
186.415: Total time for which application threads were stopped: 0.0033870 seconds, Stopping threads took: 0.0000900 seconds
186.454: Application time: 0.0386210 seconds
186.454: [GC [PSYoungGen: 100528K->7776K(107520K)] 264660K->171908K(352768K), 0.0032620 secs] [Times: user=0.02 sys=0.00, real=0.01 secs] 
186.458: Total time for which application threads were stopped: 0.0034660 seconds, Stopping threads took: 0.0001040 seconds
186.493: Application time: 0.0353610 seconds
186.493: [GC [PSYoungGen: 99936K->7664K(107520K)] 264068K->171796K(352768K), 0.0031550 secs] [Times: user=0.02 sys=0.00, real=0.00 secs] 
186.496: Total time for which application threads were stopped: 0.0033530 seconds, Stopping threads took: 0.0000870 seconds
186.525: Application time: 0.0287840 seconds
186.525: [GC [PSYoungGen: 99824K->7840K(107520K)] 263956K->171972K(352768K), 0.0032150 secs] [Times: user=0.02 sys=0.00, real=0.01 secs] 
186.528: Total time for which application threads were stopped: 0.0033860 seconds, Stopping threads took: 0.0000600 seconds
186.558: Application time: 0.0296270 seconds
186.558: [GC [PSYoungGen: 100000K->7728K(107520K)] 264132K->171860K(352768K), 0.0032250 secs] [Times: user=0.02 sys=0.00, real=0.00 secs] 
186.562: Total time for which application threads were stopped: 0.0034150 seconds, Stopping threads took: 0.0000890 seconds
186.583: Application time: 0.0213540 seconds
186.584: [GC [PSYoungGen: 99888K->8224K(107520K)] 264020K->172356K(352768K), 0.0033490 secs] [Times: user=0.02 sys=0.00, real=0.00 secs] 
186.588: Total time for which application threads were stopped: 0.0049010 seconds, Stopping threads took: 0.0014490 seconds
186.612: Application time: 0.0246610 seconds
186.613: [GC [PSYoungGen: 100384K->11456K(107520K)] 264516K->175588K(352768K), 0.0045110 secs] [Times: user=0.03 sys=0.00, real=0.01 secs] 
186.617: Total time for which application threads were stopped: 0.0046710 seconds, Stopping threads took: 0.0000540 seconds
186.653: Application time: 0.0362250 seconds
186.654: [GC [PSYoungGen: 103616K->9600K(107520K)] 267748K->173732K(352768K), 0.0036010 secs] [Times: user=0.03 sys=0.00, real=0.01 secs] 
186.657: Total time for which application threads were stopped: 0.0038040 seconds, Stopping threads took: 0.0000990 seconds
186.690: Application time: 0.0333000 seconds
186.691: [GC [PSYoungGen: 101760K->9664K(107520K)] 265892K->173796K(352768K), 0.0040300 secs] [Times: user=0.03 sys=0.00, real=0.00 secs] 
186.695: Total time for which application threads were stopped: 0.0042270 seconds, Stopping threads took: 0.0000920 seconds
186.735: Application time: 0.0403810 seconds
186.735: [GC [PSYoungGen: 101824K->7824K(107520K)] 265956K->171956K(352768K), 0.0032400 secs] [Times: user=0.02 sys=0.00, real=0.01 secs] 
186.739: Total time for which application threads were stopped: 0.0034580 seconds, Stopping threads took: 0.0000990 seconds
186.769: Application time: 0.0304120 seconds
186.769: [GC [PSYoungGen: 99984K->7872K(107520K)] 264116K->172004K(352768K), 0.0032460 secs] [Times: user=0.03 sys=0.00, real=0.00 secs] 
186.772: Total time for which application threads were stopped: 0.0034350 seconds, Stopping threads took: 0.0000890 seconds
186.803: Application time: 0.0305450 seconds
186.803: [GC [PSYoungGen: 100032K->7904K(107520K)] 264164K->172036K(352768K), 0.0032580 secs] [Times: user=0.02 sys=0.00, real=0.00 secs] 
186.806: Total time for which application threads were stopped: 0.0034510 seconds, Stopping threads took: 0.0000940 seconds
186.829: Application time: 0.0226230 seconds
186.829: [GC [PSYoungGen: 100064K->7904K(107520K)] 264196K->172036K(352768K), 0.0033020 secs] [Times: user=0.02 sys=0.00, real=0.00 secs] 
186.832: Total time for which application threads were stopped: 0.0034740 seconds, Stopping threads took: 0.0000720 seconds
186.853: Application time: 0.0208550 seconds
186.853: [GC [PSYoungGen: 100064K->7952K(107520K)] 264196K->172084K(352768K), 0.0032010 secs] [Times: user=0.02 sys=0.00, real=0.01 secs] 
186.857: Total time for which application threads were stopped: 0.0033890 seconds, Stopping threads took: 0.0000860 seconds
186.892: Application time: 0.0351840 seconds
186.892: [GC [PSYoungGen: 100111K->12560K(107520K)] 264244K->176692K(352768K), 0.0048220 secs] [Times: user=0.03 sys=0.00, real=0.01 secs] 
186.897: Total time for which application threads were stopped: 0.0049950 seconds, Stopping threads took: 0.0000690 seconds
186.929: Application time: 0.0321170 seconds
186.929: [GC [PSYoungGen: 104720K->8048K(107520K)] 268852K->172180K(352768K), 0.0035840 secs] [Times: user=0.01 sys=0.00, real=0.00 secs] 
186.933: Total time for which application threads were stopped: 0.0037980 seconds, Stopping threads took: 0.0001190 seconds
186.973: Application time: 0.0397200 seconds
186.973: [GC [PSYoungGen: 100208K->7920K(107520K)] 264340K->172052K(352768K), 0.0033060 secs] [Times: user=0.02 sys=0.00, real=0.00 secs] 
186.976: Total time for which application threads were stopped: 0.0034940 seconds, Stopping threads took: 0.0000780 seconds
187.010: Application time: 0.0337270 seconds
187.010: [GC [PSYoungGen: 100080K->7744K(107520K)] 264212K->171876K(352768K), 0.0033320 secs] [Times: user=0.02 sys=0.00, real=0.00 secs] 
187.013: Total time for which application threads were stopped: 0.0035150 seconds, Stopping threads took: 0.0000820 seconds
187.043: Application time: 0.0292120 seconds
187.043: [GC [PSYoungGen: 99904K->7744K(107520K)] 264036K->172036K(352768K), 0.0032350 secs] [Times: user=0.02 sys=0.00, real=0.00 secs] 
187.046: Total time for which application threads were stopped: 0.0034380 seconds, Stopping threads took: 0.0000990 seconds
187.074: Application time: 0.0275880 seconds
187.074: [GC [PSYoungGen: 99904K->7872K(107520K)] 264196K->172289K(352768K), 0.0034220 secs] [Times: user=0.02 sys=0.00, real=0.01 secs] 
187.077: Total time for which application threads were stopped: 0.0035740 seconds, Stopping threads took: 0.0000530 seconds
187.099: Application time: 0.0217930 seconds
187.099: [GC [PSYoungGen: 100032K->7728K(107520K)] 264449K->172192K(352768K), 0.0033580 secs] [Times: user=0.03 sys=0.00, real=0.00 secs] 
187.102: Total time for which application threads were stopped: 0.0035200 seconds, Stopping threads took: 0.0000590 seconds
187.130: Application time: 0.0273870 seconds
187.130: [GC [PSYoungGen: 99888K->11216K(107520K)] 264352K->175680K(352768K), 0.0043200 secs] [Times: user=0.03 sys=0.00, real=0.00 secs] 
187.134: Total time for which application threads were stopped: 0.0045130 seconds, Stopping threads took: 0.0000900 seconds
187.170: Application time: 0.0358210 seconds
187.170: [GC [PSYoungGen: 103376K->8192K(107520K)] 267840K->172657K(352768K), 0.0034120 secs] [Times: user=0.03 sys=0.00, real=0.00 secs] 
187.174: Total time for which application threads were stopped: 0.0035960 seconds, Stopping threads took: 0.0000830 seconds
187.208: Application time: 0.0343920 seconds
187.208: [GC [PSYoungGen: 100352K->9616K(107520K)] 264817K->174088K(352768K), 0.0039440 secs] [Times: user=0.03 sys=0.00, real=0.01 secs] 
187.212: Total time for which application threads were stopped: 0.0041240 seconds, Stopping threads took: 0.0000800 seconds
187.252: Application time: 0.0393760 seconds
187.252: [GC [PSYoungGen: 101776K->7632K(107520K)] 266248K->172104K(352768K), 0.0031960 secs] [Times: user=0.02 sys=0.00, real=0.00 secs] 
187.255: Total time for which application threads were stopped: 0.0034120 seconds, Stopping threads took: 0.0000950 seconds
187.284: Application time: 0.0287580 seconds
187.284: [GC [PSYoungGen: 99792K->7696K(107520K)] 264264K->172169K(352768K), 0.0032320 secs] [Times: user=0.02 sys=0.00, real=0.00 secs] 
187.287: Total time for which application threads were stopped: 0.0034060 seconds, Stopping threads took: 0.0000740 seconds
187.318: Application time: 0.0311970 seconds
187.319: [GC [PSYoungGen: 99856K->7920K(107520K)] 264329K->172393K(352768K), 0.0032770 secs] [Times: user=0.02 sys=0.00, real=0.00 secs] 
187.322: Total time for which application threads were stopped: 0.0034600 seconds, Stopping threads took: 0.0000770 seconds
187.343: Application time: 0.0214230 seconds
187.343: [GC [PSYoungGen: 100080K->7952K(107520K)] 264553K->172425K(352768K), 0.0031960 secs] [Times: user=0.02 sys=0.00, real=0.00 secs] 
187.347: Total time for which application threads were stopped: 0.0033930 seconds, Stopping threads took: 0.0000960 seconds
187.369: Application time: 0.0218860 seconds
187.369: [GC [PSYoungGen: 100112K->9472K(107520K)] 264585K->173945K(352768K), 0.0037390 secs] [Times: user=0.03 sys=0.00, real=0.00 secs] 
187.373: Total time for which application threads were stopped: 0.0039450 seconds, Stopping threads took: 0.0001030 seconds
187.410: Application time: 0.0378610 seconds
187.412: [GC [PSYoungGen: 101632K->14832K(107520K)] 266105K->179305K(352768K), 0.0057190 secs] [Times: user=0.04 sys=0.00, real=0.01 secs] 
187.418: Total time for which application threads were stopped: 0.0077420 seconds, Stopping threads took: 0.0019190 seconds
187.449: Application time: 0.0305760 seconds
187.449: [GC [PSYoungGen: 106992K->8128K(107520K)] 271465K->172601K(352768K), 0.0031840 secs] [Times: user=0.02 sys=0.00, real=0.00 secs] 
187.452: Total time for which application threads were stopped: 0.0033560 seconds, Stopping threads took: 0.0000700 seconds
187.493: Application time: 0.0411630 seconds
187.493: [GC [PSYoungGen: 100288K->8160K(107520K)] 264761K->172633K(352768K), 0.0033360 secs] [Times: user=0.02 sys=0.00, real=0.01 secs] 
187.497: Total time for which application threads were stopped: 0.0035230 seconds, Stopping threads took: 0.0000850 seconds
187.529: Application time: 0.0318500 seconds
187.529: [GC [PSYoungGen: 100320K->7984K(107520K)] 264793K->172457K(352768K), 0.0032360 secs] [Times: user=0.02 sys=0.00, real=0.00 secs] 
187.532: Total time for which application threads were stopped: 0.0034210 seconds, Stopping threads took: 0.0000860 seconds
187.562: Application time: 0.0301840 seconds
187.562: [GC [PSYoungGen: 100144K->7968K(107520K)] 264617K->172441K(352768K), 0.0033560 secs] [Times: user=0.02 sys=0.00, real=0.00 secs] 
187.566: Total time for which application threads were stopped: 0.0035540 seconds, Stopping threads took: 0.0000970 seconds
187.593: Application time: 0.0271870 seconds
187.593: [GC [PSYoungGen: 100128K->7920K(107520K)] 264601K->172393K(352768K), 0.0033450 secs] [Times: user=0.02 sys=0.00, real=0.01 secs] 
187.597: Total time for which application threads were stopped: 0.0035510 seconds, Stopping threads took: 0.0001050 seconds
187.617: Application time: 0.0202330 seconds
187.617: [GC [PSYoungGen: 100080K->8464K(107520K)] 264553K->172937K(352768K), 0.0035200 secs] [Times: user=0.02 sys=0.00, real=0.00 secs] 
187.620: Total time for which application threads were stopped: 0.0036860 seconds, Stopping threads took: 0.0000660 seconds
187.650: Application time: 0.0300020 seconds
187.651: [GC [PSYoungGen: 100624K->13024K(107520K)] 265097K->177497K(352768K), 0.0050740 secs] [Times: user=0.04 sys=0.00, real=0.00 secs] 
187.656: Total time for which application threads were stopped: 0.0052940 seconds, Stopping threads took: 0.0001180 seconds
187.691: Application time: 0.0354650 seconds
187.691: [GC [PSYoungGen: 105184K->8432K(107520K)] 269657K->172905K(352768K), 0.0033150 secs] [Times: user=0.02 sys=0.00, real=0.00 secs] 
187.695: Total time for which application threads were stopped: 0.0034990 seconds, Stopping threads took: 0.0000820 seconds
187.731: Application time: 0.0364690 seconds
187.731: [GC [PSYoungGen: 100592K->8208K(107520K)] 265065K->172681K(352768K), 0.0033330 secs] [Times: user=0.02 sys=0.00, real=0.00 secs] 
187.735: Total time for which application threads were stopped: 0.0035280 seconds, Stopping threads took: 0.0000940 seconds
187.772: Application time: 0.0373980 seconds
187.772: [GC [PSYoungGen: 100368K->7760K(107520K)] 264841K->172233K(352768K), 0.0032390 secs] [Times: user=0.02 sys=0.00, real=0.00 secs] 
187.776: Total time for which application threads were stopped: 0.0034310 seconds, Stopping threads took: 0.0000700 seconds
187.803: Application time: 0.0276890 seconds
187.803: [GC [PSYoungGen: 99920K->7680K(107520K)] 264393K->172305K(352768K), 0.0032290 secs] [Times: user=0.02 sys=0.00, real=0.00 secs] 
187.807: Total time for which application threads were stopped: 0.0034000 seconds, Stopping threads took: 0.0000650 seconds
187.837: Application time: 0.0307370 seconds
187.838: [GC [PSYoungGen: 99840K->7648K(107520K)] 264465K->172393K(352768K), 0.0032480 secs] [Times: user=0.02 sys=0.00, real=0.00 secs] 
187.841: Total time for which application threads were stopped: 0.0034310 seconds, Stopping threads took: 0.0000810 seconds
187.863: Application time: 0.0220030 seconds
187.863: [GC [PSYoungGen: 99808K->7728K(107520K)] 264553K->172473K(352768K), 0.0031190 secs] [Times: user=0.02 sys=0.00, real=0.00 secs] 
187.866: Total time for which application threads were stopped: 0.0032970 seconds, Stopping threads took: 0.0000770 seconds
187.889: Application time: 0.0232360 seconds
187.890: [GC [PSYoungGen: 99888K->8288K(107520K)] 264633K->173089K(352768K), 0.0033670 secs] [Times: user=0.03 sys=0.00, real=0.00 secs] 
187.893: Total time for which application threads were stopped: 0.0035540 seconds, Stopping threads took: 0.0000860 seconds
187.931: Application time: 0.0384170 seconds
187.932: [GC [PSYoungGen: 100448K->8912K(107520K)] 265249K->173713K(352768K), 0.0034440 secs] [Times: user=0.02 sys=0.00, real=0.00 secs] 
187.936: Total time for which application threads were stopped: 0.0045350 seconds, Stopping threads took: 0.0009890 seconds
187.966: Application time: 0.0303160 seconds
187.966: [GC [PSYoungGen: 101072K->7696K(107520K)] 265873K->172505K(352768K), 0.0033590 secs] [Times: user=0.02 sys=0.00, real=0.01 secs] 
187.970: Total time for which application threads were stopped: 0.0035250 seconds, Stopping threads took: 0.0000610 seconds
188.011: Application time: 0.0408760 seconds
188.011: [GC [PSYoungGen: 99856K->7728K(107520K)] 264665K->172537K(352768K), 0.0031770 secs] [Times: user=0.02 sys=0.00, real=0.00 secs] 
188.014: Total time for which application threads were stopped: 0.0033650 seconds, Stopping threads took: 0.0000870 seconds
188.045: Application time: 0.0309950 seconds
188.045: [GC [PSYoungGen: 99888K->7584K(107520K)] 264697K->172393K(352768K), 0.0031740 secs] [Times: user=0.02 sys=0.00, real=0.01 secs] 
188.048: Total time for which application threads were stopped: 0.0033670 seconds, Stopping threads took: 0.0000920 seconds
188.079: Application time: 0.0302730 seconds
188.079: [GC [PSYoungGen: 99744K->7824K(107520K)] 264553K->172633K(352768K), 0.0032670 secs] [Times: user=0.02 sys=0.00, real=0.00 secs] 
188.082: Total time for which application threads were stopped: 0.0034450 seconds, Stopping threads took: 0.0000790 seconds
188.108: Application time: 0.0259120 seconds
188.108: [GC [PSYoungGen: 99984K->8032K(107520K)] 264793K->172841K(352768K), 0.0032860 secs] [Times: user=0.02 sys=0.00, real=0.01 secs] 
188.111: Total time for which application threads were stopped: 0.0034850 seconds, Stopping threads took: 0.0000870 seconds
188.131: Application time: 0.0191370 seconds
188.131: [GC [PSYoungGen: 100192K->9584K(107520K)] 265001K->174393K(352768K), 0.0038550 secs] [Times: user=0.02 sys=0.00, real=0.00 secs] 
188.135: Total time for which application threads were stopped: 0.0040480 seconds, Stopping threads took: 0.0000890 seconds
188.170: Application time: 0.0353570 seconds
188.170: [GC [PSYoungGen: 101744K->15328K(107520K)] 266553K->181507K(352768K), 0.0065180 secs] [Times: user=0.05 sys=0.00, real=0.01 secs] 
188.177: Total time for which application threads were stopped: 0.0066980 seconds, Stopping threads took: 0.0000760 seconds
188.209: Application time: 0.0325290 seconds
188.209: [GC [PSYoungGen: 107488K->11408K(107520K)] 273667K->177588K(352768K), 0.0045980 secs] [Times: user=0.03 sys=0.00, real=0.00 secs] 
188.214: Total time for which application threads were stopped: 0.0047930 seconds, Stopping threads took: 0.0000920 seconds
188.253: Application time: 0.0390010 seconds
188.253: [GC [PSYoungGen: 103568K->11136K(107520K)] 269748K->177316K(352768K), 0.0047980 secs] [Times: user=0.03 sys=0.00, real=0.01 secs] 
188.258: Total time for which application threads were stopped: 0.0049720 seconds, Stopping threads took: 0.0000700 seconds
188.294: Application time: 0.0356780 seconds
188.294: [GC [PSYoungGen: 103296K->10720K(107520K)] 269476K->176900K(352768K), 0.0044380 secs] [Times: user=0.04 sys=0.00, real=0.01 secs] 
188.298: Total time for which application threads were stopped: 0.0046560 seconds, Stopping threads took: 0.0000970 seconds
188.326: Application time: 0.0277160 seconds
188.326: [GC [PSYoungGen: 102880K->10640K(107520K)] 269060K->176820K(352768K), 0.0043660 secs] [Times: user=0.03 sys=0.00, real=0.01 secs] 
188.331: Total time for which application threads were stopped: 0.0045870 seconds, Stopping threads took: 0.0001170 seconds
188.360: Application time: 0.0297870 seconds
188.361: [GC [PSYoungGen: 102800K->10944K(107520K)] 268980K->177124K(352768K), 0.0044140 secs] [Times: user=0.03 sys=0.00, real=0.00 secs] 
188.365: Total time for which application threads were stopped: 0.0046130 seconds, Stopping threads took: 0.0000900 seconds
188.385: Application time: 0.0203900 seconds
188.386: [GC [PSYoungGen: 103104K->10992K(107520K)] 269284K->177172K(352768K), 0.0044160 secs] [Times: user=0.03 sys=0.00, real=0.01 secs] 
188.390: Total time for which application threads were stopped: 0.0045880 seconds, Stopping threads took: 0.0000660 seconds
188.417: Application time: 0.0268030 seconds
188.417: [GC [PSYoungGen: 103152K->11184K(107520K)] 269332K->177363K(352768K), 0.0043780 secs] [Times: user=0.04 sys=0.00, real=0.00 secs] 
188.421: Total time for which application threads were stopped: 0.0045590 seconds, Stopping threads took: 0.0000790 seconds
188.459: Application time: 0.0376280 seconds
188.459: [GC [PSYoungGen: 103344K->11584K(107520K)] 269523K->177764K(352768K), 0.0046110 secs] [Times: user=0.04 sys=0.00, real=0.00 secs] 
188.464: Total time for which application threads were stopped: 0.0048180 seconds, Stopping threads took: 0.0001030 seconds
188.496: Application time: 0.0319230 seconds
188.496: [GC [PSYoungGen: 103744K->10784K(107520K)] 269924K->176964K(352768K), 0.0044790 secs] [Times: user=0.03 sys=0.00, real=0.01 secs] 
188.500: Total time for which application threads were stopped: 0.0046560 seconds, Stopping threads took: 0.0000760 seconds
188.541: Application time: 0.0404980 seconds
188.541: [GC [PSYoungGen: 102944K->10720K(107520K)] 269124K->176900K(352768K), 0.0045520 secs] [Times: user=0.03 sys=0.00, real=0.00 secs] 
188.546: Total time for which application threads were stopped: 0.0047410 seconds, Stopping threads took: 0.0000880 seconds
188.574: Application time: 0.0283150 seconds
188.574: [GC [PSYoungGen: 102880K->10544K(107520K)] 269060K->176772K(352768K), 0.0043290 secs] [Times: user=0.03 sys=0.00, real=0.01 secs] 
188.579: Total time for which application threads were stopped: 0.0045350 seconds, Stopping threads took: 0.0001030 seconds
188.610: Application time: 0.0313300 seconds
188.612: [GC [PSYoungGen: 102704K->10592K(107520K)] 268932K->177036K(352768K), 0.0045110 secs] [Times: user=0.04 sys=0.00, real=0.01 secs] 
188.617: Total time for which application threads were stopped: 0.0070680 seconds, Stopping threads took: 0.0024550 seconds
188.641: Application time: 0.0245280 seconds
188.642: [GC [PSYoungGen: 102752K->10624K(107520K)] 269196K->177068K(352768K), 0.0043310 secs] [Times: user=0.03 sys=0.00, real=0.00 secs] 
188.646: Total time for which application threads were stopped: 0.0045140 seconds, Stopping threads took: 0.0000830 seconds
188.667: Application time: 0.0206070 seconds
188.667: [GC [PSYoungGen: 102784K->12336K(107520K)] 269228K->178820K(352768K), 0.0050610 secs] [Times: user=0.04 sys=0.00, real=0.01 secs] 
188.672: Total time for which application threads were stopped: 0.0052210 seconds, Stopping threads took: 0.0000540 seconds
188.711: Application time: 0.0390820 seconds
188.711: [GC [PSYoungGen: 104496K->11216K(107520K)] 270980K->180682K(352768K), 0.0054230 secs] [Times: user=0.04 sys=0.00, real=0.01 secs] 
188.717: Total time for which application threads were stopped: 0.0056010 seconds, Stopping threads took: 0.0000740 seconds
188.745: Application time: 0.0286440 seconds
188.745: [GC [PSYoungGen: 103366K->7728K(107520K)] 272832K->177194K(352768K), 0.0031200 secs] [Times: user=0.02 sys=0.00, real=0.01 secs] 
188.748: Total time for which application threads were stopped: 0.0033040 seconds, Stopping threads took: 0.0000810 seconds
188.790: Application time: 0.0411830 seconds
188.790: [GC [PSYoungGen: 99888K->7488K(107520K)] 269354K->176954K(352768K), 0.0030850 secs] [Times: user=0.02 sys=0.00, real=0.00 secs] 
188.793: Total time for which application threads were stopped: 0.0032630 seconds, Stopping threads took: 0.0000760 seconds
188.826: Application time: 0.0332890 seconds
188.826: [GC [PSYoungGen: 99648K->7504K(107520K)] 269114K->176970K(352768K), 0.0031100 secs] [Times: user=0.02 sys=0.00, real=0.01 secs] 
188.830: Total time for which application threads were stopped: 0.0033210 seconds, Stopping threads took: 0.0000880 seconds
188.857: Application time: 0.0277660 seconds
188.857: [GC [PSYoungGen: 99664K->7776K(107520K)] 269130K->177242K(352768K), 0.0032360 secs] [Times: user=0.02 sys=0.00, real=0.00 secs] 
188.861: Total time for which application threads were stopped: 0.0034350 seconds, Stopping threads took: 0.0000980 seconds
188.889: Application time: 0.0287160 seconds
188.890: [GC [PSYoungGen: 99936K->7792K(107520K)] 269402K->177258K(352768K), 0.0031570 secs] [Times: user=0.02 sys=0.00, real=0.00 secs] 
188.893: Total time for which application threads were stopped: 0.0033790 seconds, Stopping threads took: 0.0001180 seconds
188.913: Application time: 0.0199790 seconds
188.913: [GC [PSYoungGen: 99952K->8304K(107520K)] 269418K->177770K(352768K), 0.0031870 secs] [Times: user=0.03 sys=0.00, real=0.00 secs] 
188.916: Total time for which application threads were stopped: 0.0033470 seconds, Stopping threads took: 0.0000580 seconds
188.946: Application time: 0.0303090 seconds
188.947: [GC [PSYoungGen: 100464K->11168K(107520K)] 269930K->180634K(352768K), 0.0044100 secs] [Times: user=0.03 sys=0.00, real=0.01 secs] 
188.951: Total time for which application threads were stopped: 0.0045840 seconds, Stopping threads took: 0.0000720 seconds
188.986: Application time: 0.0350630 seconds
188.986: [GC [PSYoungGen: 103328K->8560K(107520K)] 272794K->178026K(352768K), 0.0033510 secs] [Times: user=0.02 sys=0.00, real=0.01 secs] 
188.990: Total time for which application threads were stopped: 0.0035410 seconds, Stopping threads took: 0.0000890 seconds
189.024: Application time: 0.0343410 seconds
189.024: [GC [PSYoungGen: 100720K->8032K(107520K)] 270186K->177498K(352768K), 0.0032060 secs] [Times: user=0.02 sys=0.00, real=0.00 secs] 
189.027: Total time for which application threads were stopped: 0.0034010 seconds, Stopping threads took: 0.0000930 seconds
189.066: Application time: 0.0385610 seconds
189.066: [GC [PSYoungGen: 100192K->7824K(107520K)] 269658K->177290K(352768K), 0.0031970 secs] [Times: user=0.02 sys=0.00, real=0.01 secs] 
189.069: Total time for which application threads were stopped: 0.0033800 seconds, Stopping threads took: 0.0000830 seconds
189.098: Application time: 0.0282180 seconds
189.098: [GC [PSYoungGen: 99984K->7696K(107520K)] 269450K->177162K(352768K), 0.0034540 secs] [Times: user=0.02 sys=0.00, real=0.00 secs] 
189.101: Total time for which application threads were stopped: 0.0036500 seconds, Stopping threads took: 0.0000960 seconds
189.132: Application time: 0.0308730 seconds
189.132: [GC [PSYoungGen: 99856K->7888K(107520K)] 269322K->177354K(352768K), 0.0031790 secs] [Times: user=0.02 sys=0.00, real=0.00 secs] 
189.136: Total time for which application threads were stopped: 0.0033920 seconds, Stopping threads took: 0.0001030 seconds
189.158: Application time: 0.0228580 seconds
189.159: [GC [PSYoungGen: 100048K->7952K(107520K)] 269514K->177418K(352768K), 0.0034100 secs] [Times: user=0.02 sys=0.00, real=0.00 secs] 
189.162: Total time for which application threads were stopped: 0.0035990 seconds, Stopping threads took: 0.0000890 seconds
189.185: Application time: 0.0231660 seconds
189.185: [GC [PSYoungGen: 100112K->10400K(107520K)] 269578K->179866K(352768K), 0.0040610 secs] [Times: user=0.03 sys=0.00, real=0.01 secs] 
189.189: Total time for which application threads were stopped: 0.0042430 seconds, Stopping threads took: 0.0000760 seconds
189.230: Application time: 0.0405120 seconds
189.230: [GC [PSYoungGen: 102560K->10448K(107520K)] 272026K->179914K(352768K), 0.0040560 secs] [Times: user=0.03 sys=0.00, real=0.00 secs] 
189.234: Total time for which application threads were stopped: 0.0042430 seconds, Stopping threads took: 0.0000840 seconds
189.263: Application time: 0.0293410 seconds
189.264: [GC [PSYoungGen: 102608K->7664K(107520K)] 272074K->177130K(352768K), 0.0031910 secs] [Times: user=0.02 sys=0.00, real=0.00 secs] 
189.268: Total time for which application threads were stopped: 0.0041310 seconds, Stopping threads took: 0.0008380 seconds
189.308: Application time: 0.0408020 seconds
189.309: [GC [PSYoungGen: 99824K->8256K(107520K)] 269290K->177722K(352768K), 0.0033710 secs] [Times: user=0.03 sys=0.00, real=0.00 secs] 
189.312: Total time for which application threads were stopped: 0.0035310 seconds, Stopping threads took: 0.0000600 seconds
189.343: Application time: 0.0308200 seconds
189.343: [GC [PSYoungGen: 100416K->7936K(107520K)] 269882K->177458K(352768K), 0.0032420 secs] [Times: user=0.03 sys=0.00, real=0.00 secs] 
189.346: Total time for which application threads were stopped: 0.0034560 seconds, Stopping threads took: 0.0000900 seconds
189.377: Application time: 0.0309140 seconds
189.380: [GC [PSYoungGen: 100096K->7792K(107520K)] 269618K->177518K(352768K), 0.0033620 secs] [Times: user=0.02 sys=0.00, real=0.00 secs] 
189.384: Total time for which application threads were stopped: 0.0066660 seconds, Stopping threads took: 0.0032050 seconds
189.410: Application time: 0.0263020 seconds
189.410: [GC [PSYoungGen: 99952K->7664K(107520K)] 269678K->177390K(352768K), 0.0031680 secs] [Times: user=0.03 sys=0.00, real=0.00 secs] 
189.414: Total time for which application threads were stopped: 0.0033690 seconds, Stopping threads took: 0.0001010 seconds
189.433: Application time: 0.0199940 seconds
189.434: [GC [PSYoungGen: 99824K->8928K(107520K)] 269550K->178654K(352768K), 0.0034940 secs] [Times: user=0.02 sys=0.00, real=0.01 secs] 
189.437: Total time for which application threads were stopped: 0.0036930 seconds, Stopping threads took: 0.0000980 seconds
189.469: Application time: 0.0320630 seconds
189.469: [GC [PSYoungGen: 101088K->15328K(107520K)] 270814K->186283K(352768K), 0.0066470 secs] [Times: user=0.05 sys=0.00, real=0.00 secs] 
189.476: Total time for which application threads were stopped: 0.0068330 seconds, Stopping threads took: 0.0000830 seconds
189.509: Application time: 0.0329100 seconds
189.509: [GC [PSYoungGen: 107488K->15328K(107520K)] 278443K->186435K(352768K), 0.0063340 secs] [Times: user=0.04 sys=0.00, real=0.00 secs] 
189.516: Total time for which application threads were stopped: 0.0065100 seconds, Stopping threads took: 0.0000740 seconds
189.553: Application time: 0.0376480 seconds
189.553: [GC [PSYoungGen: 107488K->15328K(107520K)] 278595K->188217K(352768K), 0.0066320 secs] [Times: user=0.05 sys=0.00, real=0.01 secs] 
189.560: Total time for which application threads were stopped: 0.0068150 seconds, Stopping threads took: 0.0000820 seconds
189.596: Application time: 0.0362420 seconds
189.596: [GC [PSYoungGen: 107488K->14400K(107520K)] 280377K->187289K(352768K), 0.0061450 secs] [Times: user=0.04 sys=0.00, real=0.00 secs] 
189.603: Total time for which application threads were stopped: 0.0063100 seconds, Stopping threads took: 0.0000560 seconds
189.632: Application time: 0.0294020 seconds
189.636: [GC [PSYoungGen: 106560K->14816K(107520K)] 279449K->187705K(352768K), 0.0060530 secs] [Times: user=0.05 sys=0.00, real=0.00 secs] 
189.643: Total time for which application threads were stopped: 0.0105730 seconds, Stopping threads took: 0.0044180 seconds
189.671: Application time: 0.0289340 seconds
189.672: [GC [PSYoungGen: 106976K->15072K(107520K)] 279865K->187961K(352768K), 0.0061150 secs] [Times: user=0.04 sys=0.00, real=0.01 secs] 
189.678: Total time for which application threads were stopped: 0.0063190 seconds, Stopping threads took: 0.0001010 seconds
189.698: Application time: 0.0200660 seconds
189.700: [GC [PSYoungGen: 107232K->14992K(107520K)] 280121K->187881K(352768K), 0.0060320 secs] [Times: user=0.05 sys=0.00, real=0.00 secs] 
189.706: Total time for which application threads were stopped: 0.0086520 seconds, Stopping threads took: 0.0025150 seconds
189.734: Application time: 0.0276120 seconds
189.734: [GC [PSYoungGen: 107152K->15328K(107520K)] 280041K->189774K(352768K), 0.0066970 secs] [Times: user=0.04 sys=0.00, real=0.01 secs] 
189.741: Total time for which application threads were stopped: 0.0069050 seconds, Stopping threads took: 0.0001020 seconds
189.778: Application time: 0.0366090 seconds
189.778: [GC [PSYoungGen: 107488K->15344K(107520K)] 281934K->190734K(352768K), 0.0064380 secs] [Times: user=0.05 sys=0.00, real=0.00 secs] 
189.784: Total time for which application threads were stopped: 0.0066420 seconds, Stopping threads took: 0.0000950 seconds
189.817: Application time: 0.0323830 seconds
189.817: [GC [PSYoungGen: 107504K->15328K(107520K)] 282894K->190926K(352768K), 0.0064000 secs] [Times: user=0.05 sys=0.00, real=0.00 secs] 
189.823: Total time for which application threads were stopped: 0.0065870 seconds, Stopping threads took: 0.0000850 seconds
189.864: Application time: 0.0407230 seconds
189.864: [GC [PSYoungGen: 107488K->15328K(107520K)] 283086K->190950K(352768K), 0.0065820 secs] [Times: user=0.04 sys=0.00, real=0.01 secs] 
189.871: Total time for which application threads were stopped: 0.0067890 seconds, Stopping threads took: 0.0000830 seconds
189.898: Application time: 0.0274820 seconds
189.898: [GC [PSYoungGen: 107488K->15328K(107520K)] 283110K->191030K(352768K), 0.0063830 secs] [Times: user=0.04 sys=0.00, real=0.00 secs] 
189.905: Total time for which application threads were stopped: 0.0066010 seconds, Stopping threads took: 0.0001160 seconds
189.938: Application time: 0.0335960 seconds
189.939: [GC [PSYoungGen: 107488K->15328K(107520K)] 283190K->191278K(352768K), 0.0063800 secs] [Times: user=0.05 sys=0.00, real=0.00 secs] 
189.945: Total time for which application threads were stopped: 0.0065640 seconds, Stopping threads took: 0.0000810 seconds
189.968: Application time: 0.0228200 seconds
189.968: [GC [PSYoungGen: 107488K->15328K(107520K)] 283438K->191542K(352768K), 0.0063730 secs] [Times: user=0.05 sys=0.00, real=0.01 secs] 
189.974: Total time for which application threads were stopped: 0.0065400 seconds, Stopping threads took: 0.0000630 seconds
189.996: Application time: 0.0214750 seconds
189.996: [GC [PSYoungGen: 107488K->15344K(107520K)] 283702K->191606K(352768K), 0.0065240 secs] [Times: user=0.04 sys=0.00, real=0.01 secs] 
190.003: Total time for which application threads were stopped: 0.0066950 seconds, Stopping threads took: 0.0000700 seconds
190.040: Application time: 0.0376250 seconds
190.040: [GC [PSYoungGen: 107504K->11520K(107520K)] 283766K->193646K(352768K), 0.0066610 secs] [Times: user=0.05 sys=0.00, real=0.00 secs] 
190.047: Total time for which application threads were stopped: 0.0068710 seconds, Stopping threads took: 0.0000980 seconds
190.075: Application time: 0.0281070 seconds
190.075: [GC [PSYoungGen: 103680K->9264K(107520K)] 285806K->192684K(352768K), 0.0042360 secs] [Times: user=0.03 sys=0.00, real=0.01 secs] 
190.080: Total time for which application threads were stopped: 0.0044320 seconds, Stopping threads took: 0.0000920 seconds
190.120: Application time: 0.0408640 seconds
190.121: [GC [PSYoungGen: 101424K->8656K(107520K)] 284844K->192516K(352768K), 0.0041730 secs] [Times: user=0.03 sys=0.00, real=0.00 secs] 
190.125: Total time for which application threads were stopped: 0.0043740 seconds, Stopping threads took: 0.0001020 seconds
190.159: Application time: 0.0337680 seconds
190.159: [GC [PSYoungGen: 100816K->8656K(107520K)] 284676K->192572K(352768K), 0.0036200 secs] [Times: user=0.02 sys=0.00, real=0.00 secs] 
190.162: Total time for which application threads were stopped: 0.0038000 seconds, Stopping threads took: 0.0000730 seconds
190.193: Application time: 0.0307940 seconds
190.193: [GC [PSYoungGen: 100816K->8528K(107520K)] 284732K->192596K(352768K), 0.0038100 secs] [Times: user=0.02 sys=0.00, real=0.01 secs] 
190.197: Total time for which application threads were stopped: 0.0039930 seconds, Stopping threads took: 0.0000790 seconds
190.225: Application time: 0.0281030 seconds
190.225: [GC [PSYoungGen: 100688K->8512K(107520K)] 284756K->192652K(352768K), 0.0038170 secs] [Times: user=0.03 sys=0.00, real=0.01 secs] 
190.229: Total time for which application threads were stopped: 0.0039840 seconds, Stopping threads took: 0.0000670 seconds
190.248: Application time: 0.0187750 seconds
190.248: [GC [PSYoungGen: 100672K->8784K(107520K)] 284812K->192932K(352768K), 0.0034850 secs] [Times: user=0.03 sys=0.00, real=0.01 secs] 
190.252: Total time for which application threads were stopped: 0.0036730 seconds, Stopping threads took: 0.0000710 seconds
190.281: Application time: 0.0291800 seconds
190.284: [GC [PSYoungGen: 100944K->12944K(107520K)] 285092K->197870K(352768K), 0.0055550 secs] [Times: user=0.04 sys=0.00, real=0.01 secs] 
190.290: Total time for which application threads were stopped: 0.0090750 seconds, Stopping threads took: 0.0034180 seconds
190.325: Application time: 0.0351930 seconds
190.325: [GC [PSYoungGen: 105104K->9680K(107520K)] 290030K->194766K(352768K), 0.0038840 secs] [Times: user=0.03 sys=0.00, real=0.01 secs] 
190.329: Total time for which application threads were stopped: 0.0040940 seconds, Stopping threads took: 0.0001070 seconds
190.365: Application time: 0.0353460 seconds
190.365: [GC [PSYoungGen: 101840K->9440K(107520K)] 286926K->194582K(352768K), 0.0039230 secs] [Times: user=0.02 sys=0.01, real=0.01 secs] 
190.369: Total time for which application threads were stopped: 0.0041370 seconds, Stopping threads took: 0.0000930 seconds
190.409: Application time: 0.0397260 seconds
190.409: [GC [PSYoungGen: 101600K->7552K(107520K)] 286742K->192726K(352768K), 0.0031730 secs] [Times: user=0.02 sys=0.00, real=0.00 secs] 
190.412: Total time for which application threads were stopped: 0.0033470 seconds, Stopping threads took: 0.0000740 seconds
190.439: Application time: 0.0269260 seconds
190.439: [GC [PSYoungGen: 99712K->7872K(107520K)] 284886K->193046K(352768K), 0.0033320 secs] [Times: user=0.02 sys=0.00, real=0.00 secs] 
190.442: Total time for which application threads were stopped: 0.0035110 seconds, Stopping threads took: 0.0000800 seconds
190.476: Application time: 0.0332160 seconds
190.476: [GC [PSYoungGen: 100032K->7792K(107520K)] 285206K->192990K(352768K), 0.0034570 secs] [Times: user=0.02 sys=0.00, real=0.01 secs] 
190.479: Total time for which application threads were stopped: 0.0036570 seconds, Stopping threads took: 0.0000980 seconds
190.500: Application time: 0.0211550 seconds
190.500: [GC [PSYoungGen: 99952K->7728K(107520K)] 285150K->193014K(352768K), 0.0032780 secs] [Times: user=0.02 sys=0.00, real=0.00 secs] 
190.504: Total time for which application threads were stopped: 0.0034470 seconds, Stopping threads took: 0.0000710 seconds
190.527: Application time: 0.0229090 seconds
190.527: [GC [PSYoungGen: 99888K->7808K(107520K)] 285174K->193094K(352768K), 0.0031820 secs] [Times: user=0.02 sys=0.00, real=0.01 secs] 
190.530: Total time for which application threads were stopped: 0.0033710 seconds, Stopping threads took: 0.0000850 seconds
190.568: Application time: 0.0377200 seconds
190.568: [GC [PSYoungGen: 99968K->9136K(107520K)] 285254K->194422K(352768K), 0.0035910 secs] [Times: user=0.02 sys=0.00, real=0.01 secs] 
190.572: Total time for which application threads were stopped: 0.0037870 seconds, Stopping threads took: 0.0000940 seconds
190.600: Application time: 0.0286460 seconds
190.600: [GC [PSYoungGen: 101296K->8144K(107520K)] 286582K->193430K(352768K), 0.0032760 secs] [Times: user=0.02 sys=0.00, real=0.00 secs] 
190.604: Total time for which application threads were stopped: 0.0034800 seconds, Stopping threads took: 0.0001030 seconds
190.645: Application time: 0.0412920 seconds
190.648: [GC [PSYoungGen: 100304K->7824K(107520K)] 285590K->193110K(352768K), 0.0033150 secs] [Times: user=0.03 sys=0.00, real=0.00 secs] 
190.652: Total time for which application threads were stopped: 0.0067950 seconds, Stopping threads took: 0.0033640 seconds
190.684: Application time: 0.0322950 seconds
190.684: [GC [PSYoungGen: 99984K->7776K(107520K)] 285270K->193062K(352768K), 0.0032890 secs] [Times: user=0.03 sys=0.00, real=0.00 secs] 
190.688: Total time for which application threads were stopped: 0.0034660 seconds, Stopping threads took: 0.0000740 seconds
190.718: Application time: 0.0308210 seconds
190.719: [GC [PSYoungGen: 99936K->7808K(107520K)] 285222K->193094K(352768K), 0.0032530 secs] [Times: user=0.02 sys=0.00, real=0.00 secs] 
190.722: Total time for which application threads were stopped: 0.0034330 seconds, Stopping threads took: 0.0000780 seconds
190.749: Application time: 0.0267210 seconds
190.749: [GC [PSYoungGen: 99968K->8048K(107520K)] 285254K->193334K(352768K), 0.0032910 secs] [Times: user=0.02 sys=0.00, real=0.00 secs] 
190.752: Total time for which application threads were stopped: 0.0034660 seconds, Stopping threads took: 0.0000730 seconds
190.771: Application time: 0.0194910 seconds
190.772: [GC [PSYoungGen: 100208K->8096K(107520K)] 285494K->193382K(352768K), 0.0032470 secs] [Times: user=0.02 sys=0.00, real=0.00 secs] 
190.775: Total time for which application threads were stopped: 0.0034640 seconds, Stopping threads took: 0.0001180 seconds
190.806: Application time: 0.0311180 seconds
190.806: [GC [PSYoungGen: 100256K->13376K(107520K)] 285542K->198662K(352768K), 0.0052830 secs] [Times: user=0.03 sys=0.00, real=0.01 secs] 
190.812: Total time for which application threads were stopped: 0.0054610 seconds, Stopping threads took: 0.0000730 seconds
190.846: Application time: 0.0343660 seconds
190.848: [GC [PSYoungGen: 105536K->8672K(107520K)] 290822K->193958K(352768K), 0.0034050 secs] [Times: user=0.02 sys=0.00, real=0.00 secs] 
190.852: Total time for which application threads were stopped: 0.0059370 seconds, Stopping threads took: 0.0024300 seconds
190.887: Application time: 0.0356080 seconds
190.888: [GC [PSYoungGen: 100832K->9632K(107520K)] 286118K->194918K(352768K), 0.0040140 secs] [Times: user=0.02 sys=0.00, real=0.01 secs] 
190.892: Total time for which application threads were stopped: 0.0042500 seconds, Stopping threads took: 0.0001170 seconds
190.930: Application time: 0.0381760 seconds
190.930: [GC [PSYoungGen: 101792K->8000K(107520K)] 287078K->193286K(352768K), 0.0034920 secs] [Times: user=0.02 sys=0.00, real=0.00 secs] 
190.934: Total time for which application threads were stopped: 0.0036720 seconds, Stopping threads took: 0.0000790 seconds
190.962: Application time: 0.0280780 seconds
190.962: [GC [PSYoungGen: 100160K->7776K(107520K)] 285446K->193238K(352768K), 0.0033420 secs] [Times: user=0.02 sys=0.00, real=0.00 secs] 
190.965: Total time for which application threads were stopped: 0.0035210 seconds, Stopping threads took: 0.0000780 seconds
190.997: Application time: 0.0314950 seconds
190.997: [GC [PSYoungGen: 99936K->7744K(107520K)] 285398K->193294K(352768K), 0.0032550 secs] [Times: user=0.02 sys=0.00, real=0.00 secs] 
191.000: Total time for which application threads were stopped: 0.0034230 seconds, Stopping threads took: 0.0000680 seconds
191.021: Application time: 0.0213050 seconds
191.022: [GC [PSYoungGen: 99904K->7888K(107520K)] 285454K->193438K(352768K), 0.0032090 secs] [Times: user=0.03 sys=0.00, real=0.00 secs] 
191.025: Total time for which application threads were stopped: 0.0033640 seconds, Stopping threads took: 0.0000540 seconds
191.047: Application time: 0.0224440 seconds
191.047: [GC [PSYoungGen: 100048K->9472K(107520K)] 285598K->195070K(352768K), 0.0037540 secs] [Times: user=0.02 sys=0.00, real=0.01 secs] 
191.051: Total time for which application threads were stopped: 0.0039270 seconds, Stopping threads took: 0.0000700 seconds
191.091: Application time: 0.0397450 seconds
191.091: [GC [PSYoungGen: 101632K->10336K(107520K)] 287230K->195934K(352768K), 0.0040100 secs] [Times: user=0.03 sys=0.00, real=0.00 secs] 
191.095: Total time for which application threads were stopped: 0.0041790 seconds, Stopping threads took: 0.0000640 seconds
191.124: Application time: 0.0292690 seconds
191.124: [GC [PSYoungGen: 102496K->8144K(107520K)] 288094K->193750K(352768K), 0.0033110 secs] [Times: user=0.02 sys=0.00, real=0.00 secs] 
191.128: Total time for which application threads were stopped: 0.0034810 seconds, Stopping threads took: 0.0000690 seconds
191.170: Application time: 0.0419870 seconds
191.170: [GC [PSYoungGen: 100304K->7824K(107520K)] 285910K->193430K(352768K), 0.0032750 secs] [Times: user=0.03 sys=0.00, real=0.00 secs] 
191.173: Total time for which application threads were stopped: 0.0034680 seconds, Stopping threads took: 0.0000910 seconds
191.203: Application time: 0.0298300 seconds
191.203: [GC [PSYoungGen: 99984K->7664K(107520K)] 285590K->193270K(352768K), 0.0034240 secs] [Times: user=0.02 sys=0.00, real=0.00 secs] 
191.207: Total time for which application threads were stopped: 0.0036280 seconds, Stopping threads took: 0.0000930 seconds
191.238: Application time: 0.0316010 seconds
191.238: [GC [PSYoungGen: 99824K->7952K(107520K)] 285430K->193558K(352768K), 0.0033370 secs] [Times: user=0.02 sys=0.00, real=0.00 secs] 
191.242: Total time for which application threads were stopped: 0.0035310 seconds, Stopping threads took: 0.0000900 seconds
191.267: Application time: 0.0252330 seconds
191.267: [GC [PSYoungGen: 100112K->7984K(107520K)] 285718K->193590K(352768K), 0.0032040 secs] [Times: user=0.02 sys=0.00, real=0.01 secs] 
191.271: Total time for which application threads were stopped: 0.0033840 seconds, Stopping threads took: 0.0000780 seconds
191.291: Application time: 0.0204130 seconds
191.291: [GC [PSYoungGen: 100144K->7824K(107520K)] 285750K->193430K(352768K), 0.0031990 secs] [Times: user=0.02 sys=0.00, real=0.00 secs] 
191.294: Total time for which application threads were stopped: 0.0033750 seconds, Stopping threads took: 0.0000740 seconds
191.328: Application time: 0.0335260 seconds
191.328: [GC [PSYoungGen: 99984K->14192K(107520K)] 285590K->199798K(352768K), 0.0055700 secs] [Times: user=0.04 sys=0.00, real=0.01 secs] 
191.334: Total time for which application threads were stopped: 0.0057460 seconds, Stopping threads took: 0.0000740 seconds
191.366: Application time: 0.0328710 seconds
191.367: [GC [PSYoungGen: 106352K->8400K(107520K)] 291958K->194006K(352768K), 0.0034830 secs] [Times: user=0.02 sys=0.00, real=0.01 secs] 
191.370: Total time for which application threads were stopped: 0.0036710 seconds, Stopping threads took: 0.0000780 seconds
191.408: Application time: 0.0382660 seconds
191.409: [GC [PSYoungGen: 100560K->8144K(107520K)] 286166K->193750K(352768K), 0.0034040 secs] [Times: user=0.02 sys=0.00, real=0.00 secs] 
191.412: Total time for which application threads were stopped: 0.0035960 seconds, Stopping threads took: 0.0000660 seconds
191.448: Application time: 0.0358180 seconds
191.452: [GC [PSYoungGen: 100304K->7824K(107520K)] 285910K->193430K(352768K), 0.0034710 secs] [Times: user=0.02 sys=0.00, real=0.00 secs] 
191.456: Total time for which application threads were stopped: 0.0081550 seconds, Stopping threads took: 0.0045820 seconds
191.484: Application time: 0.0283190 seconds
191.484: [GC [PSYoungGen: 99984K->7952K(107520K)] 285590K->193558K(352768K), 0.0033030 secs] [Times: user=0.02 sys=0.00, real=0.00 secs] 
191.488: Total time for which application threads were stopped: 0.0034790 seconds, Stopping threads took: 0.0000760 seconds
191.518: Application time: 0.0299080 seconds
191.518: [GC [PSYoungGen: 100112K->8000K(107520K)] 285718K->193606K(352768K), 0.0033270 secs] [Times: user=0.02 sys=0.00, real=0.00 secs] 
191.521: Total time for which application threads were stopped: 0.0035220 seconds, Stopping threads took: 0.0000940 seconds
191.542: Application time: 0.0205560 seconds
191.542: [GC [PSYoungGen: 100160K->7872K(107520K)] 285766K->193478K(352768K), 0.0031710 secs] [Times: user=0.02 sys=0.00, real=0.00 secs] 
191.545: Total time for which application threads were stopped: 0.0033510 seconds, Stopping threads took: 0.0000790 seconds
191.571: Application time: 0.0261340 seconds
191.571: [GC [PSYoungGen: 100032K->10352K(107520K)] 285638K->195958K(352768K), 0.0040430 secs] [Times: user=0.02 sys=0.00, real=0.00 secs] 
191.576: Total time for which application threads were stopped: 0.0042360 seconds, Stopping threads took: 0.0000930 seconds
191.614: Application time: 0.0380670 seconds
191.614: [GC [PSYoungGen: 102511K->10480K(107520K)] 288118K->196086K(352768K), 0.0040290 secs] [Times: user=0.03 sys=0.00, real=0.01 secs] 
191.618: Total time for which application threads were stopped: 0.0042490 seconds, Stopping threads took: 0.0001150 seconds
191.648: Application time: 0.0303150 seconds
191.648: [GC [PSYoungGen: 102640K->8160K(107520K)] 288246K->193766K(352768K), 0.0032670 secs] [Times: user=0.02 sys=0.00, real=0.01 secs] 
191.652: Total time for which application threads were stopped: 0.0034600 seconds, Stopping threads took: 0.0000810 seconds
191.693: Application time: 0.0417730 seconds
191.694: [GC [PSYoungGen: 100320K->8016K(107520K)] 285926K->193622K(352768K), 0.0032620 secs] [Times: user=0.00 sys=0.03, real=0.01 secs] 
191.697: Total time for which application threads were stopped: 0.0034400 seconds, Stopping threads took: 0.0000750 seconds
191.725: Application time: 0.0282620 seconds
191.725: [GC [PSYoungGen: 100176K->7664K(107520K)] 285782K->193318K(352768K), 0.0031950 secs] [Times: user=0.02 sys=0.00, real=0.01 secs] 
191.728: Total time for which application threads were stopped: 0.0033950 seconds, Stopping threads took: 0.0001000 seconds
191.760: Application time: 0.0317600 seconds
191.760: [GC [PSYoungGen: 99824K->7648K(107520K)] 285478K->193515K(352768K), 0.0033560 secs] [Times: user=0.02 sys=0.00, real=0.00 secs] 
191.764: Total time for which application threads were stopped: 0.0035580 seconds, Stopping threads took: 0.0001040 seconds
191.786: Application time: 0.0226890 seconds
191.787: [GC [PSYoungGen: 99808K->8048K(107520K)] 285675K->193915K(352768K), 0.0031860 secs] [Times: user=0.02 sys=0.00, real=0.01 secs] 
191.790: Total time for which application threads were stopped: 0.0033920 seconds, Stopping threads took: 0.0001040 seconds
191.811: Application time: 0.0212290 seconds
191.811: [GC [PSYoungGen: 100208K->7776K(107520K)] 286075K->193691K(352768K), 0.0030920 secs] [Times: user=0.02 sys=0.00, real=0.00 secs] 
191.814: Total time for which application threads were stopped: 0.0033080 seconds, Stopping threads took: 0.0001140 seconds
191.853: Application time: 0.0382440 seconds
191.853: [GC [PSYoungGen: 99936K->13104K(107520K)] 285851K->199019K(352768K), 0.0049680 secs] [Times: user=0.04 sys=0.00, real=0.01 secs] 
191.858: Total time for which application threads were stopped: 0.0051430 seconds, Stopping threads took: 0.0000700 seconds
191.887: Application time: 0.0293140 seconds
191.887: [GC [PSYoungGen: 105264K->7936K(107520K)] 291179K->193859K(352768K), 0.0031850 secs] [Times: user=0.02 sys=0.00, real=0.01 secs] 
191.891: Total time for which application threads were stopped: 0.0033790 seconds, Stopping threads took: 0.0000920 seconds
191.930: Application time: 0.0396910 seconds
191.930: [GC [PSYoungGen: 100096K->7968K(107520K)] 286019K->193891K(352768K), 0.0034990 secs] [Times: user=0.02 sys=0.00, real=0.00 secs] 
191.934: Total time for which application threads were stopped: 0.0037090 seconds, Stopping threads took: 0.0000900 seconds
191.967: Application time: 0.0332930 seconds
191.967: [GC [PSYoungGen: 100128K->7760K(107520K)] 286051K->193683K(352768K), 0.0032320 secs] [Times: user=0.02 sys=0.00, real=0.01 secs] 
191.971: Total time for which application threads were stopped: 0.0034210 seconds, Stopping threads took: 0.0000850 seconds
192.000: Application time: 0.0291080 seconds
192.000: [GC [PSYoungGen: 99920K->7920K(107520K)] 285843K->193843K(352768K), 0.0032650 secs] [Times: user=0.02 sys=0.00, real=0.00 secs] 
192.003: Total time for which application threads were stopped: 0.0034590 seconds, Stopping threads took: 0.0000940 seconds
192.032: Application time: 0.0288750 seconds
192.032: [GC [PSYoungGen: 100080K->7728K(107520K)] 286003K->193651K(352768K), 0.0032050 secs] [Times: user=0.02 sys=0.00, real=0.00 secs] 
192.035: Total time for which application threads were stopped: 0.0033910 seconds, Stopping threads took: 0.0000860 seconds
192.056: Application time: 0.0201510 seconds
192.056: [GC [PSYoungGen: 99888K->7952K(107520K)] 285811K->193875K(352768K), 0.0031640 secs] [Times: user=0.02 sys=0.00, real=0.01 secs] 
192.059: Total time for which application threads were stopped: 0.0033310 seconds, Stopping threads took: 0.0000650 seconds
192.087: Application time: 0.0278620 seconds
192.087: [GC [PSYoungGen: 100112K->12368K(107520K)] 286035K->198291K(352768K), 0.0048500 secs] [Times: user=0.04 sys=0.00, real=0.01 secs] 
192.092: Total time for which application threads were stopped: 0.0050330 seconds, Stopping threads took: 0.0000800 seconds
192.130: Application time: 0.0380120 seconds
192.130: [GC [PSYoungGen: 104528K->8192K(107520K)] 290451K->194115K(352768K), 0.0033470 secs] [Times: user=0.02 sys=0.00, real=0.00 secs] 
192.133: Total time for which application threads were stopped: 0.0035120 seconds, Stopping threads took: 0.0000620 seconds
192.166: Application time: 0.0323770 seconds
192.166: [GC [PSYoungGen: 100352K->7824K(107520K)] 286275K->193747K(352768K), 0.0034660 secs] [Times: user=0.02 sys=0.00, real=0.01 secs] 
192.169: Total time for which application threads were stopped: 0.0036400 seconds, Stopping threads took: 0.0000750 seconds
192.209: Application time: 0.0395430 seconds
192.209: [GC [PSYoungGen: 99984K->7984K(107520K)] 285907K->193907K(352768K), 0.0034900 secs] [Times: user=0.02 sys=0.00, real=0.00 secs] 
192.213: Total time for which application threads were stopped: 0.0036880 seconds, Stopping threads took: 0.0000930 seconds
192.241: Application time: 0.0282280 seconds
192.241: [GC [PSYoungGen: 100144K->7792K(107520K)] 286067K->193715K(352768K), 0.0032980 secs] [Times: user=0.02 sys=0.00, real=0.00 secs] 
192.244: Total time for which application threads were stopped: 0.0034790 seconds, Stopping threads took: 0.0000810 seconds
192.276: Application time: 0.0313580 seconds
192.276: [GC [PSYoungGen: 99952K->8096K(107520K)] 285875K->194019K(352768K), 0.0033010 secs] [Times: user=0.02 sys=0.00, real=0.01 secs] 
192.279: Total time for which application threads were stopped: 0.0034820 seconds, Stopping threads took: 0.0000790 seconds
192.302: Application time: 0.0226390 seconds
192.302: [GC [PSYoungGen: 100256K->8096K(107520K)] 286179K->194019K(352768K), 0.0032070 secs] [Times: user=0.02 sys=0.00, real=0.00 secs] 
192.305: Total time for which application threads were stopped: 0.0034020 seconds, Stopping threads took: 0.0000950 seconds
192.327: Application time: 0.0215050 seconds
192.327: [GC [PSYoungGen: 100256K->9280K(107520K)] 286179K->195203K(352768K), 0.0037030 secs] [Times: user=0.03 sys=0.00, real=0.01 secs] 
192.331: Total time for which application threads were stopped: 0.0038910 seconds, Stopping threads took: 0.0000860 seconds
192.371: Application time: 0.0399120 seconds
192.371: [GC [PSYoungGen: 101440K->10448K(107520K)] 287363K->196371K(352768K), 0.0041310 secs] [Times: user=0.03 sys=0.00, real=0.00 secs] 
192.375: Total time for which application threads were stopped: 0.0043150 seconds, Stopping threads took: 0.0000800 seconds
192.403: Application time: 0.0280570 seconds
192.403: [GC [PSYoungGen: 102608K->8000K(107520K)] 288531K->193923K(352768K), 0.0032260 secs] [Times: user=0.02 sys=0.00, real=0.00 secs] 
192.406: Total time for which application threads were stopped: 0.0034250 seconds, Stopping threads took: 0.0000990 seconds
192.448: Application time: 0.0416810 seconds
192.448: [GC [PSYoungGen: 100160K->7840K(107520K)] 286083K->193763K(352768K), 0.0032340 secs] [Times: user=0.02 sys=0.00, real=0.01 secs] 
192.451: Total time for which application threads were stopped: 0.0034370 seconds, Stopping threads took: 0.0000850 seconds
192.482: Application time: 0.0308800 seconds
192.483: [GC [PSYoungGen: 100000K->7792K(107520K)] 285923K->193771K(352768K), 0.0034100 secs] [Times: user=0.02 sys=0.00, real=0.00 secs] 
192.486: Total time for which application threads were stopped: 0.0036150 seconds, Stopping threads took: 0.0001050 seconds
192.516: Application time: 0.0303160 seconds
192.516: [GC [PSYoungGen: 99952K->7680K(107520K)] 285931K->193867K(352768K), 0.0035170 secs] [Times: user=0.02 sys=0.00, real=0.00 secs] 
192.520: Total time for which application threads were stopped: 0.0037030 seconds, Stopping threads took: 0.0000860 seconds
192.547: Application time: 0.0266280 seconds
192.547: [GC [PSYoungGen: 99840K->7936K(107520K)] 286027K->194123K(352768K), 0.0033090 secs] [Times: user=0.03 sys=0.00, real=0.01 secs] 
192.550: Total time for which application threads were stopped: 0.0034560 seconds, Stopping threads took: 0.0000400 seconds
192.569: Application time: 0.0193430 seconds
192.570: [GC [PSYoungGen: 100096K->7920K(107520K)] 286283K->194107K(352768K), 0.0031850 secs] [Times: user=0.02 sys=0.01, real=0.00 secs] 
192.573: Total time for which application threads were stopped: 0.0033540 seconds, Stopping threads took: 0.0000680 seconds
192.605: Application time: 0.0325770 seconds
192.605: [GC [PSYoungGen: 100080K->13120K(107520K)] 286267K->199363K(352768K), 0.0052690 secs] [Times: user=0.04 sys=0.00, real=0.01 secs] 
192.611: Total time for which application threads were stopped: 0.0054250 seconds, Stopping threads took: 0.0000550 seconds
192.644: Application time: 0.0335650 seconds
192.645: [GC [PSYoungGen: 105280K->7680K(107520K)] 291523K->193931K(352768K), 0.0033690 secs] [Times: user=0.02 sys=0.00, real=0.00 secs] 
192.648: Total time for which application threads were stopped: 0.0035680 seconds, Stopping threads took: 0.0000960 seconds
192.684: Application time: 0.0356200 seconds
192.684: [GC [PSYoungGen: 99840K->9280K(107520K)] 286091K->195531K(352768K), 0.0038730 secs] [Times: user=0.03 sys=0.00, real=0.00 secs] 
192.688: Total time for which application threads were stopped: 0.0040830 seconds, Stopping threads took: 0.0001060 seconds
192.726: Application time: 0.0386740 seconds
192.727: [GC [PSYoungGen: 101440K->7744K(107520K)] 287691K->193995K(352768K), 0.0031230 secs] [Times: user=0.02 sys=0.00, real=0.01 secs] 
192.730: Total time for which application threads were stopped: 0.0033470 seconds, Stopping threads took: 0.0001180 seconds
192.756: Application time: 0.0266500 seconds
192.756: [GC [PSYoungGen: 99904K->7680K(107520K)] 286155K->193931K(352768K), 0.0032070 secs] [Times: user=0.02 sys=0.00, real=0.00 secs] 
192.760: Total time for which application threads were stopped: 0.0033810 seconds, Stopping threads took: 0.0000730 seconds
192.793: Application time: 0.0333500 seconds
192.793: [GC [PSYoungGen: 99840K->7616K(107520K)] 286091K->193867K(352768K), 0.0031320 secs] [Times: user=0.02 sys=0.00, real=0.01 secs] 
192.796: Total time for which application threads were stopped: 0.0033230 seconds, Stopping threads took: 0.0000900 seconds
192.817: Application time: 0.0201950 seconds
192.817: [GC [PSYoungGen: 99776K->7920K(107520K)] 286027K->194171K(352768K), 0.0031280 secs] [Times: user=0.02 sys=0.00, real=0.00 secs] 
192.820: Total time for which application threads were stopped: 0.0032960 seconds, Stopping threads took: 0.0000670 seconds
192.843: Application time: 0.0230010 seconds
192.843: [GC [PSYoungGen: 100080K->7984K(107520K)] 286331K->194235K(352768K), 0.0032570 secs] [Times: user=0.03 sys=0.00, real=0.00 secs] 
192.846: Total time for which application threads were stopped: 0.0034550 seconds, Stopping threads took: 0.0000980 seconds
192.887: Application time: 0.0401600 seconds
192.887: [GC [PSYoungGen: 100144K->9360K(107520K)] 286395K->195611K(352768K), 0.0037280 secs] [Times: user=0.02 sys=0.00, real=0.01 secs] 
192.890: Total time for which application threads were stopped: 0.0039100 seconds, Stopping threads took: 0.0000810 seconds
192.919: Application time: 0.0285570 seconds
192.919: [GC [PSYoungGen: 101520K->7760K(107520K)] 287771K->194011K(352768K), 0.0032140 secs] [Times: user=0.02 sys=0.00, real=0.00 secs] 
192.922: Total time for which application threads were stopped: 0.0034380 seconds, Stopping threads took: 0.0001200 seconds
192.965: Application time: 0.0429510 seconds
192.966: [GC [PSYoungGen: 99920K->7856K(107520K)] 286171K->194107K(352768K), 0.0032260 secs] [Times: user=0.02 sys=0.00, real=0.01 secs] 
192.969: Total time for which application threads were stopped: 0.0034230 seconds, Stopping threads took: 0.0000760 seconds
192.998: Application time: 0.0289920 seconds
192.998: [GC [PSYoungGen: 100016K->7776K(107520K)] 286267K->194027K(352768K), 0.0033470 secs] [Times: user=0.02 sys=0.00, real=0.00 secs] 
193.001: Total time for which application threads were stopped: 0.0035370 seconds, Stopping threads took: 0.0000910 seconds
193.033: Application time: 0.0321470 seconds
193.034: [GC [PSYoungGen: 99936K->7824K(107520K)] 286187K->194075K(352768K), 0.0035370 secs] [Times: user=0.02 sys=0.00, real=0.01 secs] 
193.037: Total time for which application threads were stopped: 0.0037330 seconds, Stopping threads took: 0.0000860 seconds
193.061: Application time: 0.0240940 seconds
193.061: [GC [PSYoungGen: 99984K->7952K(107520K)] 286235K->194203K(352768K), 0.0032730 secs] [Times: user=0.02 sys=0.01, real=0.00 secs] 
193.065: Total time for which application threads were stopped: 0.0034900 seconds, Stopping threads took: 0.0001160 seconds
193.084: Application time: 0.0187760 seconds
193.084: [GC [PSYoungGen: 100112K->7968K(107520K)] 286363K->194219K(352768K), 0.0033040 secs] [Times: user=0.02 sys=0.00, real=0.00 secs] 
193.087: Total time for which application threads were stopped: 0.0034800 seconds, Stopping threads took: 0.0000760 seconds
193.124: Application time: 0.0370060 seconds
193.124: [GC [PSYoungGen: 100128K->15344K(107520K)] 286379K->202470K(352768K), 0.0062580 secs] [Times: user=0.04 sys=0.00, real=0.01 secs] 
193.131: Total time for which application threads were stopped: 0.0064370 seconds, Stopping threads took: 0.0000760 seconds
193.161: Application time: 0.0305020 seconds
193.161: [GC [PSYoungGen: 107504K->12704K(107520K)] 294630K->199829K(352768K), 0.0050630 secs] [Times: user=0.04 sys=0.00, real=0.00 secs] 
193.166: Total time for which application threads were stopped: 0.0052650 seconds, Stopping threads took: 0.0001000 seconds
193.205: Application time: 0.0384950 seconds
193.205: [GC [PSYoungGen: 104864K->14512K(107520K)] 291989K->201637K(352768K), 0.0057490 secs] [Times: user=0.05 sys=0.00, real=0.01 secs] 
193.211: Total time for which application threads were stopped: 0.0059320 seconds, Stopping threads took: 0.0000760 seconds
193.248: Application time: 0.0368940 seconds
193.248: [GC [PSYoungGen: 106672K->12480K(107520K)] 293797K->199605K(352768K), 0.0048440 secs] [Times: user=0.03 sys=0.00, real=0.01 secs] 
193.253: Total time for which application threads were stopped: 0.0050190 seconds, Stopping threads took: 0.0000750 seconds
193.280: Application time: 0.0275870 seconds
193.280: [GC [PSYoungGen: 104640K->12352K(107520K)] 291765K->199666K(352768K), 0.0050240 secs] [Times: user=0.03 sys=0.00, real=0.00 secs] 
193.285: Total time for which application threads were stopped: 0.0052160 seconds, Stopping threads took: 0.0000910 seconds
193.317: Application time: 0.0312080 seconds
193.317: [GC [PSYoungGen: 104512K->12432K(107520K)] 291826K->199818K(352768K), 0.0049300 secs] [Times: user=0.04 sys=0.00, real=0.00 secs] 
193.322: Total time for which application threads were stopped: 0.0051260 seconds, Stopping threads took: 0.0000930 seconds
193.342: Application time: 0.0203500 seconds
193.342: [GC [PSYoungGen: 104592K->12304K(107520K)] 291978K->199690K(352768K), 0.0050260 secs] [Times: user=0.04 sys=0.00, real=0.00 secs] 
193.347: Total time for which application threads were stopped: 0.0051960 seconds, Stopping threads took: 0.0000680 seconds
193.373: Application time: 0.0252810 seconds
193.373: [GC [PSYoungGen: 104464K->13904K(107520K)] 291850K->201330K(352768K), 0.0055560 secs] [Times: user=0.04 sys=0.00, real=0.01 secs] 
193.378: Total time for which application threads were stopped: 0.0057270 seconds, Stopping threads took: 0.0000670 seconds
193.418: Application time: 0.0393360 seconds
193.420: [GC [PSYoungGen: 106064K->12864K(107520K)] 293490K->200290K(352768K), 0.0051090 secs] [Times: user=0.04 sys=0.00, real=0.00 secs] 
193.426: Total time for which application threads were stopped: 0.0078880 seconds, Stopping threads took: 0.0026740 seconds
193.456: Application time: 0.0300760 seconds
193.456: [GC [PSYoungGen: 105024K->12544K(107520K)] 292450K->199978K(352768K), 0.0050060 secs] [Times: user=0.03 sys=0.00, real=0.01 secs] 
193.461: Total time for which application threads were stopped: 0.0051940 seconds, Stopping threads took: 0.0000870 seconds
193.503: Application time: 0.0420100 seconds
193.503: [GC [PSYoungGen: 104704K->12368K(107520K)] 292138K->199802K(352768K), 0.0049830 secs] [Times: user=0.03 sys=0.00, real=0.00 secs] 
193.508: Total time for which application threads were stopped: 0.0051820 seconds, Stopping threads took: 0.0000810 seconds
193.537: Application time: 0.0287270 seconds
193.537: [GC [PSYoungGen: 104528K->12448K(107520K)] 291962K->199882K(352768K), 0.0050030 secs] [Times: user=0.04 sys=0.00, real=0.00 secs] 
193.542: Total time for which application threads were stopped: 0.0051630 seconds, Stopping threads took: 0.0000580 seconds
193.573: Application time: 0.0315250 seconds
193.574: [GC [PSYoungGen: 104608K->12528K(107520K)] 292042K->199962K(352768K), 0.0050360 secs] [Times: user=0.04 sys=0.00, real=0.01 secs] 
193.579: Total time for which application threads were stopped: 0.0052340 seconds, Stopping threads took: 0.0000930 seconds
193.601: Application time: 0.0222560 seconds
193.601: [GC [PSYoungGen: 104688K->12672K(107520K)] 292122K->200106K(352768K), 0.0050150 secs] [Times: user=0.04 sys=0.00, real=0.00 secs] 
193.606: Total time for which application threads were stopped: 0.0051720 seconds, Stopping threads took: 0.0000500 seconds
193.627: Application time: 0.0212580 seconds
193.628: [GC [PSYoungGen: 104832K->12368K(107520K)] 292266K->199802K(352768K), 0.0048850 secs] [Times: user=0.04 sys=0.00, real=0.01 secs] 
193.632: Total time for which application threads were stopped: 0.0051010 seconds, Stopping threads took: 0.0001110 seconds
193.671: Application time: 0.0383070 seconds
193.671: [GC [PSYoungGen: 104528K->13664K(107520K)] 291962K->205558K(352768K), 0.0069800 secs] [Times: user=0.05 sys=0.01, real=0.01 secs] 
193.678: Total time for which application threads were stopped: 0.0071570 seconds, Stopping threads took: 0.0000760 seconds
193.708: Application time: 0.0302050 seconds
193.708: [GC [PSYoungGen: 105824K->7840K(107520K)] 297718K->200046K(352768K), 0.0032710 secs] [Times: user=0.02 sys=0.00, real=0.00 secs] 
193.712: Total time for which application threads were stopped: 0.0034790 seconds, Stopping threads took: 0.0000990 seconds
193.751: Application time: 0.0394800 seconds
193.751: [GC [PSYoungGen: 100000K->8336K(107520K)] 292206K->200542K(352768K), 0.0035410 secs] [Times: user=0.02 sys=0.00, real=0.00 secs] 
193.755: Total time for which application threads were stopped: 0.0037390 seconds, Stopping threads took: 0.0000980 seconds
193.788: Application time: 0.0329280 seconds
193.788: [GC [PSYoungGen: 100496K->8000K(107520K)] 292702K->200206K(352768K), 0.0033160 secs] [Times: user=0.02 sys=0.00, real=0.01 secs] 
193.791: Total time for which application threads were stopped: 0.0035030 seconds, Stopping threads took: 0.0000860 seconds
193.821: Application time: 0.0297420 seconds
193.821: [GC [PSYoungGen: 100160K->8000K(107520K)] 292366K->200206K(352768K), 0.0033160 secs] [Times: user=0.03 sys=0.00, real=0.00 secs] 
193.825: Total time for which application threads were stopped: 0.0035200 seconds, Stopping threads took: 0.0000990 seconds
193.852: Application time: 0.0277790 seconds
193.853: [GC [PSYoungGen: 100160K->7888K(107520K)] 292366K->200094K(352768K), 0.0034930 secs] [Times: user=0.01 sys=0.00, real=0.00 secs] 
193.856: Total time for which application threads were stopped: 0.0036940 seconds, Stopping threads took: 0.0001030 seconds
193.877: Application time: 0.0208130 seconds
193.877: [GC [PSYoungGen: 100048K->7856K(107520K)] 292254K->200062K(352768K), 0.0031310 secs] [Times: user=0.02 sys=0.00, real=0.00 secs] 
193.880: Total time for which application threads were stopped: 0.0033220 seconds, Stopping threads took: 0.0000880 seconds
193.908: Application time: 0.0282560 seconds
193.909: [GC [PSYoungGen: 100016K->12864K(107520K)] 292222K->205070K(352768K), 0.0052460 secs] [Times: user=0.03 sys=0.00, real=0.00 secs] 
193.914: Total time for which application threads were stopped: 0.0054100 seconds, Stopping threads took: 0.0000610 seconds
193.951: Application time: 0.0376440 seconds
193.952: [GC [PSYoungGen: 105024K->8768K(107520K)] 297230K->200974K(352768K), 0.0034830 secs] [Times: user=0.02 sys=0.00, real=0.00 secs] 
193.955: Total time for which application threads were stopped: 0.0037010 seconds, Stopping threads took: 0.0001180 seconds
193.987: Application time: 0.0317050 seconds
193.987: [GC [PSYoungGen: 100928K->7568K(107520K)] 293134K->199774K(352768K), 0.0030940 secs] [Times: user=0.03 sys=0.00, real=0.01 secs] 
193.990: Total time for which application threads were stopped: 0.0032920 seconds, Stopping threads took: 0.0000970 seconds
194.030: Application time: 0.0398010 seconds
194.030: [GC [PSYoungGen: 99728K->7744K(107520K)] 291934K->199950K(352768K), 0.0031920 secs] [Times: user=0.03 sys=0.00, real=0.00 secs] 
194.033: Total time for which application threads were stopped: 0.0034180 seconds, Stopping threads took: 0.0001010 seconds
194.062: Application time: 0.0282000 seconds
194.062: [GC [PSYoungGen: 99904K->7728K(107520K)] 292110K->200094K(352768K), 0.0032520 secs] [Times: user=0.02 sys=0.00, real=0.00 secs] 
194.065: Total time for which application threads were stopped: 0.0034440 seconds, Stopping threads took: 0.0000880 seconds
194.097: Application time: 0.0317170 seconds
194.097: [GC [PSYoungGen: 99888K->7488K(107520K)] 292254K->199986K(352768K), 0.0031740 secs] [Times: user=0.02 sys=0.00, real=0.00 secs] 
194.100: Total time for which application threads were stopped: 0.0033630 seconds, Stopping threads took: 0.0000870 seconds
194.122: Application time: 0.0217690 seconds
194.122: [GC [PSYoungGen: 99648K->7904K(107520K)] 292146K->200402K(352768K), 0.0031530 secs] [Times: user=0.02 sys=0.00, real=0.00 secs] 
194.125: Total time for which application threads were stopped: 0.0033360 seconds, Stopping threads took: 0.0000810 seconds
194.147: Application time: 0.0222220 seconds
194.148: [GC [PSYoungGen: 100064K->9344K(107520K)] 292562K->201890K(352768K), 0.0037580 secs] [Times: user=0.03 sys=0.00, real=0.01 secs] 
194.151: Total time for which application threads were stopped: 0.0039560 seconds, Stopping threads took: 0.0000950 seconds
194.190: Application time: 0.0389450 seconds
194.191: [GC [PSYoungGen: 101504K->12016K(107520K)] 294050K->204562K(352768K), 0.0047150 secs] [Times: user=0.03 sys=0.00, real=0.00 secs] 
194.195: Total time for which application threads were stopped: 0.0048910 seconds, Stopping threads took: 0.0000700 seconds
194.225: Application time: 0.0299270 seconds
194.225: [GC [PSYoungGen: 104176K->7888K(107520K)] 296722K->200434K(352768K), 0.0032340 secs] [Times: user=0.02 sys=0.00, real=0.01 secs] 
194.229: Total time for which application threads were stopped: 0.0034490 seconds, Stopping threads took: 0.0001130 seconds
194.270: Application time: 0.0410510 seconds
194.270: [GC [PSYoungGen: 100048K->8080K(107520K)] 292594K->200634K(352768K), 0.0033770 secs] [Times: user=0.02 sys=0.00, real=0.00 secs] 
194.273: Total time for which application threads were stopped: 0.0035720 seconds, Stopping threads took: 0.0000920 seconds
194.304: Application time: 0.0308610 seconds
194.304: [GC [PSYoungGen: 100240K->7632K(107520K)] 292794K->200186K(352768K), 0.0032300 secs] [Times: user=0.02 sys=0.00, real=0.00 secs] 
194.308: Total time for which application threads were stopped: 0.0034360 seconds, Stopping threads took: 0.0000940 seconds
194.338: Application time: 0.0302310 seconds
194.338: [GC [PSYoungGen: 99792K->7904K(107520K)] 292346K->200458K(352768K), 0.0033520 secs] [Times: user=0.02 sys=0.00, real=0.00 secs] 
194.341: Total time for which application threads were stopped: 0.0035600 seconds, Stopping threads took: 0.0001050 seconds
194.368: Application time: 0.0265680 seconds
194.368: [GC [PSYoungGen: 100064K->7760K(107520K)] 292618K->200314K(352768K), 0.0031900 secs] [Times: user=0.02 sys=0.00, real=0.01 secs] 
194.371: Total time for which application threads were stopped: 0.0033780 seconds, Stopping threads took: 0.0000850 seconds
194.393: Application time: 0.0216950 seconds
194.393: [GC [PSYoungGen: 99920K->7840K(107520K)] 292474K->200394K(352768K), 0.0032010 secs] [Times: user=0.02 sys=0.00, real=0.01 secs] 
194.396: Total time for which application threads were stopped: 0.0033770 seconds, Stopping threads took: 0.0000740 seconds
194.428: Application time: 0.0311510 seconds
194.428: [GC [PSYoungGen: 100000K->12224K(107520K)] 292554K->204778K(352768K), 0.0046690 secs] [Times: user=0.03 sys=0.00, real=0.01 secs] 
194.432: Total time for which application threads were stopped: 0.0048620 seconds, Stopping threads took: 0.0000830 seconds
194.467: Application time: 0.0349820 seconds
194.468: [GC [PSYoungGen: 104384K->7952K(107520K)] 296938K->200506K(352768K), 0.0032210 secs] [Times: user=0.02 sys=0.00, real=0.01 secs] 
194.471: Total time for which application threads were stopped: 0.0033990 seconds, Stopping threads took: 0.0000750 seconds
194.505: Application time: 0.0340160 seconds
194.505: [GC [PSYoungGen: 100112K->7808K(107520K)] 292666K->200362K(352768K), 0.0032840 secs] [Times: user=0.02 sys=0.01, real=0.01 secs] 
194.508: Total time for which application threads were stopped: 0.0034920 seconds, Stopping threads took: 0.0000960 seconds
194.545: Application time: 0.0366960 seconds
194.545: [GC [PSYoungGen: 99968K->8096K(107520K)] 292522K->200650K(352768K), 0.0033520 secs] [Times: user=0.03 sys=0.00, real=0.01 secs] 
194.549: Total time for which application threads were stopped: 0.0035530 seconds, Stopping threads took: 0.0000840 seconds
194.579: Application time: 0.0303800 seconds
194.579: [GC [PSYoungGen: 100256K->7664K(107520K)] 292810K->200218K(352768K), 0.0032390 secs] [Times: user=0.02 sys=0.00, real=0.00 secs] 
194.582: Total time for which application threads were stopped: 0.0034290 seconds, Stopping threads took: 0.0000900 seconds
194.610: Application time: 0.0273770 seconds
194.610: [GC [PSYoungGen: 99824K->8000K(107520K)] 292378K->200554K(352768K), 0.0033940 secs] [Times: user=0.02 sys=0.00, real=0.00 secs] 
194.613: Total time for which application threads were stopped: 0.0035780 seconds, Stopping threads took: 0.0000850 seconds
194.637: Application time: 0.0232230 seconds
194.637: [GC [PSYoungGen: 100160K->7952K(107520K)] 292714K->200506K(352768K), 0.0031690 secs] [Times: user=0.03 sys=0.00, real=0.00 secs] 
194.640: Total time for which application threads were stopped: 0.0033650 seconds, Stopping threads took: 0.0000930 seconds
194.665: Application time: 0.0254510 seconds
194.666: [GC [PSYoungGen: 100112K->10144K(107520K)] 292666K->202698K(352768K), 0.0039830 secs] [Times: user=0.03 sys=0.00, real=0.01 secs] 
194.670: Total time for which application threads were stopped: 0.0041520 seconds, Stopping threads took: 0.0000660 seconds
194.707: Application time: 0.0370730 seconds
194.707: [GC [PSYoungGen: 102304K->11936K(107520K)] 294858K->204490K(352768K), 0.0046820 secs] [Times: user=0.04 sys=0.00, real=0.01 secs] 
194.712: Total time for which application threads were stopped: 0.0048710 seconds, Stopping threads took: 0.0000870 seconds
194.743: Application time: 0.0313460 seconds
194.743: [GC [PSYoungGen: 104096K->7968K(107520K)] 296650K->200522K(352768K), 0.0032350 secs] [Times: user=0.02 sys=0.00, real=0.00 secs] 
194.746: Total time for which application threads were stopped: 0.0034250 seconds, Stopping threads took: 0.0000890 seconds
194.786: Application time: 0.0396970 seconds
194.786: [GC [PSYoungGen: 100128K->8240K(107520K)] 292682K->200794K(352768K), 0.0034390 secs] [Times: user=0.02 sys=0.00, real=0.01 secs] 
194.790: Total time for which application threads were stopped: 0.0036330 seconds, Stopping threads took: 0.0000940 seconds
194.820: Application time: 0.0302580 seconds
194.820: [GC [PSYoungGen: 100400K->7920K(107520K)] 292954K->200562K(352768K), 0.0032960 secs] [Times: user=0.03 sys=0.00, real=0.00 secs] 
194.823: Total time for which application threads were stopped: 0.0034880 seconds, Stopping threads took: 0.0000900 seconds
194.853: Application time: 0.0297740 seconds
194.853: [GC [PSYoungGen: 100080K->7648K(107520K)] 292722K->200478K(352768K), 0.0032720 secs] [Times: user=0.02 sys=0.00, real=0.01 secs] 
194.857: Total time for which application threads were stopped: 0.0034430 seconds, Stopping threads took: 0.0000710 seconds
194.882: Application time: 0.0254810 seconds
194.882: [GC [PSYoungGen: 99808K->7712K(107520K)] 292638K->200542K(352768K), 0.0031580 secs] [Times: user=0.02 sys=0.00, real=0.00 secs] 
194.885: Total time for which application threads were stopped: 0.0033660 seconds, Stopping threads took: 0.0001000 seconds
194.908: Application time: 0.0229170 seconds
194.909: [GC [PSYoungGen: 99872K->10736K(107520K)] 292702K->203566K(352768K), 0.0043000 secs] [Times: user=0.02 sys=0.00, real=0.00 secs] 
194.913: Total time for which application threads were stopped: 0.0044860 seconds, Stopping threads took: 0.0000820 seconds
194.945: Application time: 0.0320480 seconds
194.945: [GC [PSYoungGen: 102896K->10560K(107520K)] 295726K->203438K(352768K), 0.0041940 secs] [Times: user=0.03 sys=0.00, real=0.01 secs] 
194.949: Total time for which application threads were stopped: 0.0043840 seconds, Stopping threads took: 0.0000880 seconds
194.984: Application time: 0.0342630 seconds
194.984: [GC [PSYoungGen: 102720K->7648K(107520K)] 295598K->200534K(352768K), 0.0031330 secs] [Times: user=0.02 sys=0.00, real=0.00 secs] 
194.987: Total time for which application threads were stopped: 0.0033190 seconds, Stopping threads took: 0.0000850 seconds
195.023: Application time: 0.0363690 seconds
195.023: [GC [PSYoungGen: 99808K->7840K(107520K)] 292694K->200726K(352768K), 0.0034360 secs] [Times: user=0.02 sys=0.00, real=0.00 secs] 
195.027: Total time for which application threads were stopped: 0.0036320 seconds, Stopping threads took: 0.0000960 seconds
195.062: Application time: 0.0351020 seconds
195.062: [GC [PSYoungGen: 100000K->7904K(107520K)] 292886K->200790K(352768K), 0.0032270 secs] [Times: user=0.02 sys=0.00, real=0.00 secs] 
195.065: Total time for which application threads were stopped: 0.0034240 seconds, Stopping threads took: 0.0000750 seconds
195.094: Application time: 0.0288080 seconds
195.094: [GC [PSYoungGen: 100064K->7808K(107520K)] 292950K->200694K(352768K), 0.0032220 secs] [Times: user=0.02 sys=0.00, real=0.01 secs] 
195.098: Total time for which application threads were stopped: 0.0033970 seconds, Stopping threads took: 0.0000750 seconds
195.124: Application time: 0.0263110 seconds
195.124: [GC [PSYoungGen: 99968K->7936K(107520K)] 292854K->200822K(352768K), 0.0033460 secs] [Times: user=0.02 sys=0.00, real=0.00 secs] 
195.127: Total time for which application threads were stopped: 0.0035480 seconds, Stopping threads took: 0.0000960 seconds
195.152: Application time: 0.0241900 seconds
195.152: [GC [PSYoungGen: 100096K->9616K(107520K)] 292982K->202502K(352768K), 0.0038530 secs] [Times: user=0.02 sys=0.00, real=0.00 secs] 
195.156: Total time for which application threads were stopped: 0.0040320 seconds, Stopping threads took: 0.0000760 seconds
195.184: Application time: 0.0285650 seconds
195.184: [GC [PSYoungGen: 101776K->9856K(107520K)] 294662K->202742K(352768K), 0.0039420 secs] [Times: user=0.03 sys=0.00, real=0.01 secs] 
195.188: Total time for which application threads were stopped: 0.0041480 seconds, Stopping threads took: 0.0001040 seconds
195.225: Application time: 0.0366870 seconds
195.225: [GC [PSYoungGen: 102016K->9856K(107520K)] 294902K->202742K(352768K), 0.0040280 secs] [Times: user=0.03 sys=0.00, real=0.01 secs] 
195.229: Total time for which application threads were stopped: 0.0042010 seconds, Stopping threads took: 0.0000710 seconds
195.262: Application time: 0.0324330 seconds
195.262: [GC [PSYoungGen: 102016K->7760K(107520K)] 294902K->200646K(352768K), 0.0032340 secs] [Times: user=0.02 sys=0.00, real=0.00 secs] 
195.265: Total time for which application threads were stopped: 0.0034240 seconds, Stopping threads took: 0.0000880 seconds
195.301: Application time: 0.0354260 seconds
195.301: [GC [PSYoungGen: 99920K->8304K(107520K)] 292806K->201190K(352768K), 0.0034140 secs] [Times: user=0.02 sys=0.00, real=0.00 secs] 
195.304: Total time for which application threads were stopped: 0.0035880 seconds, Stopping threads took: 0.0000740 seconds
195.336: Application time: 0.0316320 seconds
195.336: [GC [PSYoungGen: 100464K->7856K(107520K)] 293350K->200742K(352768K), 0.0032560 secs] [Times: user=0.02 sys=0.00, real=0.01 secs] 
195.339: Total time for which application threads were stopped: 0.0034730 seconds, Stopping threads took: 0.0001150 seconds
195.366: Application time: 0.0267690 seconds
195.366: [GC [PSYoungGen: 100016K->8048K(107520K)] 292902K->200934K(352768K), 0.0033210 secs] [Times: user=0.03 sys=0.00, real=0.01 secs] 
195.370: Total time for which application threads were stopped: 0.0035040 seconds, Stopping threads took: 0.0000810 seconds
195.396: Application time: 0.0261310 seconds
195.396: [GC [PSYoungGen: 100208K->7760K(107520K)] 293094K->200646K(352768K), 0.0033800 secs] [Times: user=0.02 sys=0.00, real=0.00 secs] 
195.400: Total time for which application threads were stopped: 0.0040830 seconds, Stopping threads took: 0.0006010 seconds
195.425: Application time: 0.0256400 seconds
195.426: [GC [PSYoungGen: 99920K->9664K(107520K)] 292806K->202550K(352768K), 0.0041430 secs] [Times: user=0.02 sys=0.00, real=0.01 secs] 
195.430: Total time for which application threads were stopped: 0.0043290 seconds, Stopping threads took: 0.0000820 seconds
195.463: Application time: 0.0327690 seconds
195.463: [GC [PSYoungGen: 101824K->11856K(107520K)] 294710K->204742K(352768K), 0.0047800 secs] [Times: user=0.03 sys=0.00, real=0.00 secs] 
195.468: Total time for which application threads were stopped: 0.0049920 seconds, Stopping threads took: 0.0001070 seconds
195.503: Application time: 0.0358270 seconds
195.504: [GC [PSYoungGen: 104016K->7920K(107520K)] 296902K->200806K(352768K), 0.0033140 secs] [Times: user=0.02 sys=0.00, real=0.00 secs] 
195.507: Total time for which application threads were stopped: 0.0035250 seconds, Stopping threads took: 0.0001080 seconds
195.540: Application time: 0.0333640 seconds
195.540: [GC [PSYoungGen: 100080K->7952K(107520K)] 292966K->200838K(352768K), 0.0033360 secs] [Times: user=0.02 sys=0.01, real=0.00 secs] 
195.544: Total time for which application threads were stopped: 0.0035800 seconds, Stopping threads took: 0.0001410 seconds
195.578: Application time: 0.0342600 seconds
195.578: [GC [PSYoungGen: 100112K->8224K(107520K)] 292998K->201182K(352768K), 0.0034190 secs] [Times: user=0.02 sys=0.00, real=0.00 secs] 
195.582: Total time for which application threads were stopped: 0.0036070 seconds, Stopping threads took: 0.0000730 seconds
195.610: Application time: 0.0279620 seconds
195.610: [GC [PSYoungGen: 100384K->7776K(107520K)] 293342K->200842K(352768K), 0.0033810 secs] [Times: user=0.02 sys=0.00, real=0.00 secs] 
195.613: Total time for which application threads were stopped: 0.0035800 seconds, Stopping threads took: 0.0001000 seconds
195.639: Application time: 0.0259820 seconds
195.639: [GC [PSYoungGen: 99936K->7808K(107520K)] 293002K->200970K(352768K), 0.0032870 secs] [Times: user=0.03 sys=0.00, real=0.00 secs] 
195.643: Total time for which application threads were stopped: 0.0034540 seconds, Stopping threads took: 0.0000670 seconds
195.668: Application time: 0.0255430 seconds
195.668: [GC [PSYoungGen: 99968K->10960K(107520K)] 293130K->204122K(352768K), 0.0043370 secs] [Times: user=0.03 sys=0.01, real=0.00 secs] 
195.673: Total time for which application threads were stopped: 0.0045170 seconds, Stopping threads took: 0.0000770 seconds
195.702: Application time: 0.0296300 seconds
195.704: [GC [PSYoungGen: 103120K->9968K(107520K)] 296282K->203130K(352768K), 0.0039650 secs] [Times: user=0.03 sys=0.00, real=0.01 secs] 
195.708: Total time for which application threads were stopped: 0.0060120 seconds, Stopping threads took: 0.0019430 seconds
195.745: Application time: 0.0370740 seconds
195.746: [GC [PSYoungGen: 102128K->8096K(107520K)] 295290K->201299K(352768K), 0.0033690 secs] [Times: user=0.02 sys=0.00, real=0.01 secs] 
195.749: Total time for which application threads were stopped: 0.0035620 seconds, Stopping threads took: 0.0000910 seconds
195.782: Application time: 0.0324940 seconds
195.782: [GC [PSYoungGen: 100256K->7520K(107520K)] 293459K->200723K(352768K), 0.0033320 secs] [Times: user=0.02 sys=0.00, real=0.00 secs] 
195.785: Total time for which application threads were stopped: 0.0035110 seconds, Stopping threads took: 0.0000810 seconds
195.820: Application time: 0.0347240 seconds
195.820: [GC [PSYoungGen: 99680K->8272K(107520K)] 292883K->201475K(352768K), 0.0034160 secs] [Times: user=0.02 sys=0.00, real=0.00 secs] 
195.823: Total time for which application threads were stopped: 0.0036100 seconds, Stopping threads took: 0.0000820 seconds
195.854: Application time: 0.0311040 seconds
195.855: [GC [PSYoungGen: 100432K->7856K(107520K)] 293635K->201059K(352768K), 0.0033230 secs] [Times: user=0.02 sys=0.00, real=0.01 secs] 
195.858: Total time for which application threads were stopped: 0.0035140 seconds, Stopping threads took: 0.0000910 seconds
195.883: Application time: 0.0254210 seconds
195.884: [GC [PSYoungGen: 100016K->7872K(107520K)] 293219K->201075K(352768K), 0.0033010 secs] [Times: user=0.02 sys=0.00, real=0.00 secs] 
195.887: Total time for which application threads were stopped: 0.0035070 seconds, Stopping threads took: 0.0001020 seconds
195.913: Application time: 0.0256480 seconds
195.913: [GC [PSYoungGen: 100032K->9744K(107520K)] 293235K->202947K(352768K), 0.0039070 secs] [Times: user=0.03 sys=0.00, real=0.01 secs] 
195.917: Total time for which application threads were stopped: 0.0041130 seconds, Stopping threads took: 0.0001040 seconds
195.944: Application time: 0.0277690 seconds
195.945: [GC [PSYoungGen: 101904K->10272K(107520K)] 295107K->203475K(352768K), 0.0040450 secs] [Times: user=0.03 sys=0.00, real=0.01 secs] 
195.949: Total time for which application threads were stopped: 0.0042200 seconds, Stopping threads took: 0.0000750 seconds
195.982: Application time: 0.0336880 seconds
195.983: [GC [PSYoungGen: 102432K->10016K(107520K)] 295635K->203219K(352768K), 0.0040330 secs] [Times: user=0.03 sys=0.00, real=0.00 secs] 
195.987: Total time for which application threads were stopped: 0.0041900 seconds, Stopping threads took: 0.0000560 seconds
196.023: Application time: 0.0359560 seconds
196.023: [GC [PSYoungGen: 102176K->7920K(107520K)] 295379K->201123K(352768K), 0.0034770 secs] [Times: user=0.02 sys=0.00, real=0.00 secs] 
196.026: Total time for which application threads were stopped: 0.0036650 seconds, Stopping threads took: 0.0000820 seconds
196.059: Application time: 0.0323180 seconds
196.059: [GC [PSYoungGen: 100080K->7808K(107520K)] 293283K->201011K(352768K), 0.0032950 secs] [Times: user=0.02 sys=0.00, real=0.00 secs] 
196.062: Total time for which application threads were stopped: 0.0035060 seconds, Stopping threads took: 0.0001070 seconds
196.096: Application time: 0.0338350 seconds
196.096: [GC [PSYoungGen: 99968K->8432K(107520K)] 293171K->201634K(352768K), 0.0034400 secs] [Times: user=0.02 sys=0.00, real=0.01 secs] 
196.100: Total time for which application threads were stopped: 0.0036480 seconds, Stopping threads took: 0.0000870 seconds
196.127: Application time: 0.0270540 seconds
196.127: [GC [PSYoungGen: 100592K->8016K(107520K)] 293794K->201219K(352768K), 0.0032740 secs] [Times: user=0.02 sys=0.00, real=0.01 secs] 
196.130: Total time for which application threads were stopped: 0.0034620 seconds, Stopping threads took: 0.0000880 seconds
196.156: Application time: 0.0260040 seconds
196.156: [GC [PSYoungGen: 100176K->7808K(107520K)] 293379K->201011K(352768K), 0.0033100 secs] [Times: user=0.02 sys=0.00, real=0.01 secs] 
196.160: Total time for which application threads were stopped: 0.0035300 seconds, Stopping threads took: 0.0001160 seconds
196.187: Application time: 0.0274790 seconds
196.187: [GC [PSYoungGen: 99968K->9888K(107520K)] 293171K->203091K(352768K), 0.0040510 secs] [Times: user=0.03 sys=0.00, real=0.01 secs] 
196.191: Total time for which application threads were stopped: 0.0042650 seconds, Stopping threads took: 0.0001100 seconds
196.221: Application time: 0.0295130 seconds
196.221: [GC [PSYoungGen: 102048K->10496K(107520K)] 295251K->203699K(352768K), 0.0040820 secs] [Times: user=0.02 sys=0.00, real=0.00 secs] 
196.225: Total time for which application threads were stopped: 0.0042610 seconds, Stopping threads took: 0.0000770 seconds
196.263: Application time: 0.0377900 seconds
196.263: [GC [PSYoungGen: 102656K->8208K(107520K)] 295859K->201411K(352768K), 0.0035310 secs] [Times: user=0.03 sys=0.00, real=0.00 secs] 
196.267: Total time for which application threads were stopped: 0.0037330 seconds, Stopping threads took: 0.0000900 seconds
196.299: Application time: 0.0320530 seconds
196.299: [GC [PSYoungGen: 100368K->7840K(107520K)] 293571K->201043K(352768K), 0.0031940 secs] [Times: user=0.02 sys=0.00, real=0.00 secs] 
196.302: Total time for which application threads were stopped: 0.0033790 seconds, Stopping threads took: 0.0000840 seconds
196.335: Application time: 0.0333240 seconds
196.336: [GC [PSYoungGen: 100000K->9712K(107520K)] 293203K->202995K(352768K), 0.0040270 secs] [Times: user=0.02 sys=0.00, real=0.01 secs] 
196.340: Total time for which application threads were stopped: 0.0042170 seconds, Stopping threads took: 0.0000860 seconds
196.371: Application time: 0.0310500 seconds
196.371: [GC [PSYoungGen: 101872K->7664K(107520K)] 295155K->201035K(352768K), 0.0031900 secs] [Times: user=0.03 sys=0.00, real=0.00 secs] 
196.374: Total time for which application threads were stopped: 0.0033990 seconds, Stopping threads took: 0.0001090 seconds
196.399: Application time: 0.0253140 seconds
196.400: [GC [PSYoungGen: 99824K->7712K(107520K)] 293195K->201203K(352768K), 0.0032880 secs] [Times: user=0.02 sys=0.00, real=0.00 secs] 
196.403: Total time for which application threads were stopped: 0.0034760 seconds, Stopping threads took: 0.0000870 seconds
196.431: Application time: 0.0277990 seconds
196.431: [GC [PSYoungGen: 99872K->7920K(107520K)] 293363K->201411K(352768K), 0.0032700 secs] [Times: user=0.02 sys=0.00, real=0.00 secs] 
196.434: Total time for which application threads were stopped: 0.0034350 seconds, Stopping threads took: 0.0000640 seconds
196.462: Application time: 0.0278510 seconds
196.462: [GC [PSYoungGen: 100080K->11424K(107520K)] 293571K->204915K(352768K), 0.0044150 secs] [Times: user=0.04 sys=0.00, real=0.00 secs] 
196.467: Total time for which application threads were stopped: 0.0046190 seconds, Stopping threads took: 0.0001000 seconds
196.500: Application time: 0.0339120 seconds
196.501: [GC [PSYoungGen: 103584K->9472K(107520K)] 297075K->203019K(352768K), 0.0039980 secs] [Times: user=0.02 sys=0.00, real=0.00 secs] 
196.505: Total time for which application threads were stopped: 0.0041850 seconds, Stopping threads took: 0.0000850 seconds
196.541: Application time: 0.0358710 seconds
196.541: [GC [PSYoungGen: 101632K->7600K(107520K)] 295179K->201147K(352768K), 0.0031460 secs] [Times: user=0.02 sys=0.00, real=0.00 secs] 
196.544: Total time for which application threads were stopped: 0.0033210 seconds, Stopping threads took: 0.0000740 seconds
196.575: Application time: 0.0315640 seconds
196.576: [GC [PSYoungGen: 99760K->8032K(107520K)] 293307K->201579K(352768K), 0.0033190 secs] [Times: user=0.03 sys=0.00, real=0.00 secs] 
196.580: Total time for which application threads were stopped: 0.0043250 seconds, Stopping threads took: 0.0009040 seconds
196.614: Application time: 0.0337750 seconds
196.614: [GC [PSYoungGen: 100192K->7824K(107520K)] 293739K->201371K(352768K), 0.0032870 secs] [Times: user=0.02 sys=0.00, real=0.01 secs] 
196.617: Total time for which application threads were stopped: 0.0034850 seconds, Stopping threads took: 0.0000780 seconds
196.643: Application time: 0.0263330 seconds
196.643: [GC [PSYoungGen: 99984K->7552K(107520K)] 293531K->201099K(352768K), 0.0032160 secs] [Times: user=0.02 sys=0.00, real=0.00 secs] 
196.647: Total time for which application threads were stopped: 0.0033810 seconds, Stopping threads took: 0.0000640 seconds
196.672: Application time: 0.0252820 seconds
196.675: [GC [PSYoungGen: 99712K->8992K(107520K)] 293259K->202539K(352768K), 0.0036500 secs] [Times: user=0.02 sys=0.00, real=0.01 secs] 
196.679: Total time for which application threads were stopped: 0.0070100 seconds, Stopping threads took: 0.0032530 seconds
196.708: Application time: 0.0289680 seconds
196.708: [GC [PSYoungGen: 101152K->11376K(107520K)] 294699K->204923K(352768K), 0.0044820 secs] [Times: user=0.04 sys=0.00, real=0.01 secs] 
196.713: Total time for which application threads were stopped: 0.0046740 seconds, Stopping threads took: 0.0000870 seconds
196.742: Application time: 0.0294830 seconds
196.742: [GC [PSYoungGen: 103536K->10112K(107520K)] 297083K->203659K(352768K), 0.0040100 secs] [Times: user=0.02 sys=0.00, real=0.00 secs] 
196.746: Total time for which application threads were stopped: 0.0041790 seconds, Stopping threads took: 0.0000660 seconds
196.785: Application time: 0.0382960 seconds
196.785: [GC [PSYoungGen: 102272K->8608K(107520K)] 295819K->202155K(352768K), 0.0035000 secs] [Times: user=0.02 sys=0.00, real=0.01 secs] 
196.788: Total time for which application threads were stopped: 0.0037040 seconds, Stopping threads took: 0.0001010 seconds
196.820: Application time: 0.0314140 seconds
196.820: [GC [PSYoungGen: 100768K->7904K(107520K)] 294315K->201451K(352768K), 0.0032640 secs] [Times: user=0.02 sys=0.00, real=0.00 secs] 
196.823: Total time for which application threads were stopped: 0.0034620 seconds, Stopping threads took: 0.0000980 seconds
196.856: Application time: 0.0325620 seconds
196.856: [GC [PSYoungGen: 100064K->9616K(107520K)] 293611K->203163K(352768K), 0.0039990 secs] [Times: user=0.02 sys=0.00, real=0.01 secs] 
196.860: Total time for which application threads were stopped: 0.0041770 seconds, Stopping threads took: 0.0000750 seconds
196.891: Application time: 0.0308090 seconds
196.891: [GC [PSYoungGen: 101776K->7920K(107520K)] 295323K->201467K(352768K), 0.0033960 secs] [Times: user=0.02 sys=0.00, real=0.00 secs] 
196.894: Total time for which application threads were stopped: 0.0035760 seconds, Stopping threads took: 0.0000820 seconds
196.919: Application time: 0.0244250 seconds
196.919: [GC [PSYoungGen: 100080K->8224K(107520K)] 293627K->201771K(352768K), 0.0033770 secs] [Times: user=0.02 sys=0.00, real=0.00 secs] 
196.922: Total time for which application threads were stopped: 0.0035290 seconds, Stopping threads took: 0.0000510 seconds
196.950: Application time: 0.0277260 seconds
196.950: [GC [PSYoungGen: 100384K->8608K(107520K)] 293931K->202155K(352768K), 0.0034880 secs] [Times: user=0.02 sys=0.00, real=0.00 secs] 
196.954: Total time for which application threads were stopped: 0.0036930 seconds, Stopping threads took: 0.0001020 seconds
196.984: Application time: 0.0301010 seconds
196.984: [GC [PSYoungGen: 100768K->10672K(107520K)] 294315K->204219K(352768K), 0.0042260 secs] [Times: user=0.03 sys=0.00, real=0.00 secs] 
196.988: Total time for which application threads were stopped: 0.0044060 seconds, Stopping threads took: 0.0000690 seconds
197.023: Application time: 0.0342720 seconds
197.023: [GC [PSYoungGen: 102832K->10112K(107520K)] 296379K->203659K(352768K), 0.0041000 secs] [Times: user=0.03 sys=0.00, real=0.00 secs] 
197.027: Total time for which application threads were stopped: 0.0042790 seconds, Stopping threads took: 0.0000780 seconds
197.062: Application time: 0.0352180 seconds
197.062: [GC [PSYoungGen: 102272K->8000K(107520K)] 295819K->201547K(352768K), 0.0032960 secs] [Times: user=0.02 sys=0.01, real=0.00 secs] 
197.066: Total time for which application threads were stopped: 0.0034890 seconds, Stopping threads took: 0.0000900 seconds
197.098: Application time: 0.0324390 seconds
197.098: [GC [PSYoungGen: 100160K->7600K(107520K)] 293707K->201195K(352768K), 0.0032040 secs] [Times: user=0.02 sys=0.00, real=0.00 secs] 
197.101: Total time for which application threads were stopped: 0.0033860 seconds, Stopping threads took: 0.0000830 seconds
197.134: Application time: 0.0321780 seconds
197.134: [GC [PSYoungGen: 99760K->7904K(107520K)] 293355K->201619K(352768K), 0.0033480 secs] [Times: user=0.02 sys=0.00, real=0.01 secs] 
197.137: Total time for which application threads were stopped: 0.0035670 seconds, Stopping threads took: 0.0000970 seconds
197.163: Application time: 0.0261100 seconds
197.164: [GC [PSYoungGen: 100064K->7680K(107520K)] 293779K->201483K(352768K), 0.0034400 secs] [Times: user=0.02 sys=0.00, real=0.00 secs] 
197.168: Total time for which application threads were stopped: 0.0046620 seconds, Stopping threads took: 0.0011210 seconds
197.194: Application time: 0.0260410 seconds
197.194: [GC [PSYoungGen: 99840K->9536K(107520K)] 293643K->203387K(352768K), 0.0040150 secs] [Times: user=0.03 sys=0.00, real=0.01 secs] 
197.198: Total time for which application threads were stopped: 0.0042130 seconds, Stopping threads took: 0.0000960 seconds
197.225: Application time: 0.0268320 seconds
197.225: [GC [PSYoungGen: 101696K->11360K(107520K)] 295547K->205211K(352768K), 0.0045710 secs] [Times: user=0.04 sys=0.00, real=0.01 secs] 
197.230: Total time for which application threads were stopped: 0.0047610 seconds, Stopping threads took: 0.0000830 seconds
197.263: Application time: 0.0329060 seconds
197.263: [GC [PSYoungGen: 103520K->11744K(107520K)] 297371K->205595K(352768K), 0.0046590 secs] [Times: user=0.04 sys=0.00, real=0.00 secs] 
197.267: Total time for which application threads were stopped: 0.0048410 seconds, Stopping threads took: 0.0000820 seconds
197.304: Application time: 0.0366120 seconds
197.304: [GC [PSYoungGen: 103904K->7792K(107520K)] 297755K->201699K(352768K), 0.0032150 secs] [Times: user=0.02 sys=0.00, real=0.00 secs] 
197.308: Total time for which application threads were stopped: 0.0034050 seconds, Stopping threads took: 0.0000880 seconds
197.340: Application time: 0.0321320 seconds
197.340: [GC [PSYoungGen: 99952K->7600K(107520K)] 293859K->201507K(352768K), 0.0032900 secs] [Times: user=0.02 sys=0.00, real=0.00 secs] 
197.343: Total time for which application threads were stopped: 0.0034960 seconds, Stopping threads took: 0.0001040 seconds
197.378: Application time: 0.0345780 seconds
197.378: [GC [PSYoungGen: 99760K->8256K(107520K)] 293667K->202163K(352768K), 0.0034200 secs] [Times: user=0.02 sys=0.00, real=0.00 secs] 
197.381: Total time for which application threads were stopped: 0.0036200 seconds, Stopping threads took: 0.0000990 seconds
197.409: Application time: 0.0272680 seconds
197.409: [GC [PSYoungGen: 100416K->8112K(107520K)] 294323K->202019K(352768K), 0.0033650 secs] [Times: user=0.02 sys=0.00, real=0.00 secs] 
197.412: Total time for which application threads were stopped: 0.0035480 seconds, Stopping threads took: 0.0000840 seconds
197.439: Application time: 0.0263600 seconds
197.439: [GC [PSYoungGen: 100272K->7904K(107520K)] 294179K->201811K(352768K), 0.0032630 secs] [Times: user=0.02 sys=0.00, real=0.00 secs] 
197.442: Total time for which application threads were stopped: 0.0034360 seconds, Stopping threads took: 0.0000680 seconds
197.468: Application time: 0.0257580 seconds
197.468: [GC [PSYoungGen: 100064K->7712K(107520K)] 293971K->201619K(352768K), 0.0030910 secs] [Times: user=0.03 sys=0.00, real=0.01 secs] 
197.471: Total time for which application threads were stopped: 0.0033050 seconds, Stopping threads took: 0.0001120 seconds
197.502: Application time: 0.0309610 seconds
197.502: [GC [PSYoungGen: 99872K->9408K(107520K)] 293779K->203315K(352768K), 0.0037790 secs] [Times: user=0.03 sys=0.00, real=0.00 secs] 
197.506: Total time for which application threads were stopped: 0.0039550 seconds, Stopping threads took: 0.0000740 seconds
197.541: Application time: 0.0353800 seconds
197.542: [GC [PSYoungGen: 101568K->9968K(107520K)] 295475K->203875K(352768K), 0.0040030 secs] [Times: user=0.03 sys=0.00, real=0.00 secs] 
197.546: Total time for which application threads were stopped: 0.0042190 seconds, Stopping threads took: 0.0001140 seconds
197.578: Application time: 0.0329100 seconds
197.579: [GC [PSYoungGen: 102128K->8160K(107520K)] 296035K->202067K(352768K), 0.0035350 secs] [Times: user=0.02 sys=0.00, real=0.00 secs] 
197.582: Total time for which application threads were stopped: 0.0037210 seconds, Stopping threads took: 0.0000840 seconds
197.616: Application time: 0.0340830 seconds
197.616: [GC [PSYoungGen: 100320K->8096K(107520K)] 294227K->202003K(352768K), 0.0035140 secs] [Times: user=0.02 sys=0.00, real=0.00 secs] 
197.620: Total time for which application threads were stopped: 0.0036920 seconds, Stopping threads took: 0.0000780 seconds
197.650: Application time: 0.0303020 seconds
197.650: [GC [PSYoungGen: 100256K->7904K(107520K)] 294163K->201811K(352768K), 0.0033740 secs] [Times: user=0.02 sys=0.00, real=0.00 secs] 
197.654: Total time for which application threads were stopped: 0.0035780 seconds, Stopping threads took: 0.0000770 seconds
197.680: Application time: 0.0266410 seconds
197.681: [GC [PSYoungGen: 100064K->7808K(107520K)] 293971K->201715K(352768K), 0.0032840 secs] [Times: user=0.03 sys=0.00, real=0.00 secs] 
197.684: Total time for which application threads were stopped: 0.0034640 seconds, Stopping threads took: 0.0000810 seconds
197.710: Application time: 0.0256040 seconds
197.710: [GC [PSYoungGen: 99968K->10080K(107520K)] 293875K->203987K(352768K), 0.0042550 secs] [Times: user=0.02 sys=0.00, real=0.00 secs] 
197.714: Total time for which application threads were stopped: 0.0044430 seconds, Stopping threads took: 0.0000860 seconds
197.742: Application time: 0.0280630 seconds
197.742: [GC [PSYoungGen: 102240K->10304K(107520K)] 296147K->204211K(352768K), 0.0040520 secs] [Times: user=0.03 sys=0.00, real=0.00 secs] 
197.746: Total time for which application threads were stopped: 0.0042620 seconds, Stopping threads took: 0.0001020 seconds
197.781: Application time: 0.0341840 seconds
197.781: [GC [PSYoungGen: 102464K->10640K(107520K)] 296371K->204547K(352768K), 0.0042220 secs] [Times: user=0.03 sys=0.00, real=0.00 secs] 
197.785: Total time for which application threads were stopped: 0.0044160 seconds, Stopping threads took: 0.0000930 seconds
197.820: Application time: 0.0353260 seconds
197.820: [GC [PSYoungGen: 102800K->8000K(107520K)] 296707K->201907K(352768K), 0.0031890 secs] [Times: user=0.02 sys=0.00, real=0.00 secs] 
197.824: Total time for which application threads were stopped: 0.0033930 seconds, Stopping threads took: 0.0001030 seconds
197.856: Application time: 0.0323250 seconds
197.856: [GC [PSYoungGen: 100160K->7824K(107520K)] 294067K->201787K(352768K), 0.0033490 secs] [Times: user=0.02 sys=0.00, real=0.01 secs] 
197.860: Total time for which application threads were stopped: 0.0035340 seconds, Stopping threads took: 0.0000880 seconds
197.893: Application time: 0.0334640 seconds
197.893: [GC [PSYoungGen: 99984K->8304K(107520K)] 293947K->202355K(352768K), 0.0033600 secs] [Times: user=0.02 sys=0.00, real=0.01 secs] 
197.897: Total time for which application threads were stopped: 0.0035350 seconds, Stopping threads took: 0.0000710 seconds
197.923: Application time: 0.0269580 seconds
197.924: [GC [PSYoungGen: 100464K->7680K(107520K)] 294515K->201851K(352768K), 0.0031660 secs] [Times: user=0.02 sys=0.00, real=0.00 secs] 
197.927: Total time for which application threads were stopped: 0.0033550 seconds, Stopping threads took: 0.0000900 seconds
197.953: Application time: 0.0265190 seconds
197.954: [GC [PSYoungGen: 99840K->9664K(107520K)] 294011K->203875K(352768K), 0.0039700 secs] [Times: user=0.03 sys=0.00, real=0.01 secs] 
197.958: Total time for which application threads were stopped: 0.0041760 seconds, Stopping threads took: 0.0001010 seconds
197.983: Application time: 0.0258790 seconds
197.984: [GC [PSYoungGen: 101824K->9392K(107520K)] 296035K->203603K(352768K), 0.0038050 secs] [Times: user=0.03 sys=0.00, real=0.00 secs] 
197.987: Total time for which application threads were stopped: 0.0040020 seconds, Stopping threads took: 0.0000930 seconds
198.018: Application time: 0.0305810 seconds
198.018: [GC [PSYoungGen: 101552K->11472K(107520K)] 295763K->205683K(352768K), 0.0045550 secs] [Times: user=0.03 sys=0.00, real=0.00 secs] 
198.023: Total time for which application threads were stopped: 0.0047370 seconds, Stopping threads took: 0.0000810 seconds
198.059: Application time: 0.0365200 seconds
198.059: [GC [PSYoungGen: 103632K->8208K(107520K)] 297843K->202483K(352768K), 0.0033330 secs] [Times: user=0.02 sys=0.00, real=0.00 secs] 
198.063: Total time for which application threads were stopped: 0.0035130 seconds, Stopping threads took: 0.0000790 seconds
198.094: Application time: 0.0314600 seconds
198.096: [GC [PSYoungGen: 100368K->7632K(107520K)] 294643K->201907K(352768K), 0.0031210 secs] [Times: user=0.02 sys=0.00, real=0.00 secs] 
198.100: Total time for which application threads were stopped: 0.0053090 seconds, Stopping threads took: 0.0020870 seconds
198.134: Application time: 0.0345160 seconds
198.134: [GC [PSYoungGen: 99792K->9520K(107520K)] 294067K->203795K(352768K), 0.0040200 secs] [Times: user=0.03 sys=0.00, real=0.01 secs] 
198.138: Total time for which application threads were stopped: 0.0042210 seconds, Stopping threads took: 0.0000990 seconds
198.167: Application time: 0.0291890 seconds
198.168: [GC [PSYoungGen: 101680K->7792K(107520K)] 295955K->202067K(352768K), 0.0033520 secs] [Times: user=0.02 sys=0.00, real=0.01 secs] 
198.171: Total time for which application threads were stopped: 0.0035520 seconds, Stopping threads took: 0.0000770 seconds
198.198: Application time: 0.0271900 seconds
198.198: [GC [PSYoungGen: 99952K->7856K(107520K)] 294227K->202131K(352768K), 0.0033340 secs] [Times: user=0.02 sys=0.00, real=0.00 secs] 
198.202: Total time for which application threads were stopped: 0.0035170 seconds, Stopping threads took: 0.0000810 seconds
198.227: Application time: 0.0255780 seconds
198.227: [GC [PSYoungGen: 100016K->8176K(107520K)] 294291K->202451K(352768K), 0.0034770 secs] [Times: user=0.03 sys=0.00, real=0.01 secs] 
198.231: Total time for which application threads were stopped: 0.0036580 seconds, Stopping threads took: 0.0000780 seconds
198.261: Application time: 0.0300240 seconds
198.261: [GC [PSYoungGen: 100336K->8352K(107520K)] 294611K->202627K(352768K), 0.0032590 secs] [Times: user=0.03 sys=0.00, real=0.00 secs] 
198.264: Total time for which application threads were stopped: 0.0034260 seconds, Stopping threads took: 0.0000640 seconds
198.299: Application time: 0.0341140 seconds
198.299: [GC [PSYoungGen: 100512K->8208K(107520K)] 294787K->202483K(352768K), 0.0034670 secs] [Times: user=0.02 sys=0.00, real=0.00 secs] 
198.302: Total time for which application threads were stopped: 0.0036470 seconds, Stopping threads took: 0.0000760 seconds
198.338: Application time: 0.0355860 seconds
198.338: [GC [PSYoungGen: 100368K->7840K(107520K)] 294643K->202115K(352768K), 0.0034560 secs] [Times: user=0.03 sys=0.00, real=0.00 secs] 
198.341: Total time for which application threads were stopped: 0.0036490 seconds, Stopping threads took: 0.0000900 seconds
198.373: Application time: 0.0318070 seconds
198.376: [GC [PSYoungGen: 100000K->8144K(107520K)] 294275K->202419K(352768K), 0.0034780 secs] [Times: user=0.02 sys=0.00, real=0.00 secs] 
198.380: Total time for which application threads were stopped: 0.0066720 seconds, Stopping threads took: 0.0030930 seconds
198.413: Application time: 0.0328310 seconds
198.413: [GC [PSYoungGen: 100304K->7984K(107520K)] 294579K->202259K(352768K), 0.0033440 secs] [Times: user=0.01 sys=0.00, real=0.01 secs] 
198.416: Total time for which application threads were stopped: 0.0035670 seconds, Stopping threads took: 0.0001130 seconds
198.443: Application time: 0.0271500 seconds
198.444: [GC [PSYoungGen: 100144K->7712K(107520K)] 294419K->201987K(352768K), 0.0032630 secs] [Times: user=0.02 sys=0.00, real=0.00 secs] 
198.447: Total time for which application threads were stopped: 0.0034430 seconds, Stopping threads took: 0.0000770 seconds
198.472: Application time: 0.0254170 seconds
198.472: [GC [PSYoungGen: 99872K->9664K(107520K)] 294147K->203939K(352768K), 0.0041430 secs] [Times: user=0.02 sys=0.00, real=0.01 secs] 
198.477: Total time for which application threads were stopped: 0.0043150 seconds, Stopping threads took: 0.0000710 seconds
198.503: Application time: 0.0268200 seconds
198.504: [GC [PSYoungGen: 101824K->11600K(107520K)] 296099K->205875K(352768K), 0.0046510 secs] [Times: user=0.03 sys=0.00, real=0.01 secs] 
198.508: Total time for which application threads were stopped: 0.0048510 seconds, Stopping threads took: 0.0000970 seconds
198.540: Application time: 0.0320460 seconds
198.541: [GC [PSYoungGen: 103760K->10560K(107520K)] 298035K->204835K(352768K), 0.0041230 secs] [Times: user=0.03 sys=0.00, real=0.00 secs] 
198.545: Total time for which application threads were stopped: 0.0043010 seconds, Stopping threads took: 0.0000780 seconds
198.581: Application time: 0.0359270 seconds
198.581: [GC [PSYoungGen: 102720K->9920K(107520K)] 296995K->204195K(352768K), 0.0040820 secs] [Times: user=0.03 sys=0.00, real=0.00 secs] 
198.585: Total time for which application threads were stopped: 0.0042610 seconds, Stopping threads took: 0.0000780 seconds
198.617: Application time: 0.0325960 seconds
198.618: [GC [PSYoungGen: 102080K->7904K(107520K)] 296355K->202179K(352768K), 0.0032100 secs] [Times: user=0.02 sys=0.00, real=0.00 secs] 
198.621: Total time for which application threads were stopped: 0.0034180 seconds, Stopping threads took: 0.0001070 seconds
198.654: Application time: 0.0331050 seconds
198.654: [GC [PSYoungGen: 100064K->9552K(107520K)] 294339K->203923K(352768K), 0.0039670 secs] [Times: user=0.02 sys=0.00, real=0.01 secs] 
198.658: Total time for which application threads were stopped: 0.0041530 seconds, Stopping threads took: 0.0000810 seconds
198.687: Application time: 0.0289110 seconds
198.687: [GC [PSYoungGen: 101712K->7712K(107520K)] 296083K->202211K(352768K), 0.0031820 secs] [Times: user=0.02 sys=0.00, real=0.01 secs] 
198.690: Total time for which application threads were stopped: 0.0033790 seconds, Stopping threads took: 0.0000770 seconds
198.716: Application time: 0.0257400 seconds
198.716: [GC [PSYoungGen: 99872K->7792K(107520K)] 294371K->202371K(352768K), 0.0032100 secs] [Times: user=0.03 sys=0.00, real=0.00 secs] 
198.720: Total time for which application threads were stopped: 0.0034080 seconds, Stopping threads took: 0.0000980 seconds
198.747: Application time: 0.0278710 seconds
198.748: [GC [PSYoungGen: 99952K->8320K(107520K)] 294531K->202899K(352768K), 0.0035230 secs] [Times: user=0.03 sys=0.00, real=0.01 secs] 
198.751: Total time for which application threads were stopped: 0.0037420 seconds, Stopping threads took: 0.0001170 seconds
198.782: Application time: 0.0309270 seconds
198.782: [GC [PSYoungGen: 100480K->11744K(107520K)] 295059K->206323K(352768K), 0.0046650 secs] [Times: user=0.03 sys=0.00, real=0.00 secs] 
198.787: Total time for which application threads were stopped: 0.0048520 seconds, Stopping threads took: 0.0000860 seconds
198.820: Application time: 0.0325770 seconds
198.820: [GC [PSYoungGen: 103904K->8176K(107520K)] 298483K->202803K(352768K), 0.0034350 secs] [Times: user=0.03 sys=0.00, real=0.00 secs] 
198.823: Total time for which application threads were stopped: 0.0036360 seconds, Stopping threads took: 0.0001020 seconds
198.860: Application time: 0.0370080 seconds
198.860: [GC [PSYoungGen: 100336K->7552K(107520K)] 294963K->202179K(352768K), 0.0034100 secs] [Times: user=0.02 sys=0.00, real=0.00 secs] 
198.864: Total time for which application threads were stopped: 0.0036060 seconds, Stopping threads took: 0.0000950 seconds
198.894: Application time: 0.0304510 seconds
198.894: [GC [PSYoungGen: 99712K->7664K(107520K)] 294339K->202292K(352768K), 0.0032450 secs] [Times: user=0.02 sys=0.00, real=0.01 secs] 
198.898: Total time for which application threads were stopped: 0.0034440 seconds, Stopping threads took: 0.0000970 seconds
198.930: Application time: 0.0320290 seconds
198.930: [GC [PSYoungGen: 99824K->7936K(107520K)] 294452K->202563K(352768K), 0.0033600 secs] [Times: user=0.02 sys=0.00, real=0.00 secs] 
198.933: Total time for which application threads were stopped: 0.0035540 seconds, Stopping threads took: 0.0000940 seconds
198.960: Application time: 0.0270780 seconds
198.961: [GC [PSYoungGen: 100096K->7632K(107520K)] 294723K->202260K(352768K), 0.0031490 secs] [Times: user=0.02 sys=0.00, real=0.00 secs] 
198.964: Total time for which application threads were stopped: 0.0033500 seconds, Stopping threads took: 0.0001000 seconds
198.988: Application time: 0.0239040 seconds
198.988: [GC [PSYoungGen: 99792K->9664K(107520K)] 294420K->204292K(352768K), 0.0039780 secs] [Times: user=0.03 sys=0.00, real=0.01 secs] 
198.992: Total time for which application threads were stopped: 0.0041490 seconds, Stopping threads took: 0.0000690 seconds
199.021: Application time: 0.0296040 seconds
199.022: [GC [PSYoungGen: 101824K->11968K(107520K)] 296452K->206596K(352768K), 0.0047600 secs] [Times: user=0.03 sys=0.00, real=0.00 secs] 
199.026: Total time for which application threads were stopped: 0.0049380 seconds, Stopping threads took: 0.0000670 seconds
199.059: Application time: 0.0322270 seconds
199.059: [GC [PSYoungGen: 104128K->8896K(107520K)] 298756K->203524K(352768K), 0.0037320 secs] [Times: user=0.02 sys=0.00, real=0.00 secs] 
199.063: Total time for which application threads were stopped: 0.0039190 seconds, Stopping threads took: 0.0000860 seconds
199.100: Application time: 0.0371030 seconds
199.100: [GC [PSYoungGen: 101056K->8256K(107520K)] 295684K->202884K(352768K), 0.0033920 secs] [Times: user=0.02 sys=0.00, real=0.00 secs] 
199.103: Total time for which application threads were stopped: 0.0036150 seconds, Stopping threads took: 0.0001190 seconds
199.135: Application time: 0.0315870 seconds
199.135: [GC [PSYoungGen: 100416K->7760K(107520K)] 295044K->202388K(352768K), 0.0033400 secs] [Times: user=0.02 sys=0.00, real=0.01 secs] 
199.138: Total time for which application threads were stopped: 0.0035040 seconds, Stopping threads took: 0.0000650 seconds
199.170: Application time: 0.0321730 seconds
199.171: [GC [PSYoungGen: 99920K->9776K(107520K)] 294548K->204404K(352768K), 0.0040460 secs] [Times: user=0.03 sys=0.00, real=0.00 secs] 
199.175: Total time for which application threads were stopped: 0.0042480 seconds, Stopping threads took: 0.0001000 seconds
199.204: Application time: 0.0295970 seconds
199.204: [GC [PSYoungGen: 101936K->8016K(107520K)] 296564K->202644K(352768K), 0.0035040 secs] [Times: user=0.02 sys=0.00, real=0.00 secs] 
199.208: Total time for which application threads were stopped: 0.0036830 seconds, Stopping threads took: 0.0000620 seconds
199.233: Application time: 0.0249670 seconds
199.233: [GC [PSYoungGen: 100176K->9008K(107520K)] 294804K->203636K(352768K), 0.0037180 secs] [Times: user=0.03 sys=0.00, real=0.01 secs] 
199.237: Total time for which application threads were stopped: 0.0038890 seconds, Stopping threads took: 0.0000710 seconds
199.265: Application time: 0.0280570 seconds
199.265: [GC [PSYoungGen: 101168K->7856K(107520K)] 295796K->202484K(352768K), 0.0032150 secs] [Times: user=0.02 sys=0.00, real=0.01 secs] 
199.268: Total time for which application threads were stopped: 0.0033960 seconds, Stopping threads took: 0.0000800 seconds
199.299: Application time: 0.0310820 seconds
199.300: [GC [PSYoungGen: 100016K->10080K(107520K)] 294644K->204708K(352768K), 0.0040710 secs] [Times: user=0.03 sys=0.00, real=0.00 secs] 
199.304: Total time for which application threads were stopped: 0.0042750 seconds, Stopping threads took: 0.0001010 seconds
199.337: Application time: 0.0335780 seconds
199.337: [GC [PSYoungGen: 102240K->10032K(107520K)] 296868K->204660K(352768K), 0.0041240 secs] [Times: user=0.03 sys=0.00, real=0.00 secs] 
199.342: Total time for which application threads were stopped: 0.0043190 seconds, Stopping threads took: 0.0000920 seconds
199.376: Application time: 0.0341730 seconds
199.376: [GC [PSYoungGen: 102192K->7824K(107520K)] 296820K->202452K(352768K), 0.0033630 secs] [Times: user=0.02 sys=0.00, real=0.01 secs] 
199.379: Total time for which application threads were stopped: 0.0035720 seconds, Stopping threads took: 0.0001070 seconds
199.413: Application time: 0.0331680 seconds
199.413: [GC [PSYoungGen: 99984K->7872K(107520K)] 294612K->202548K(352768K), 0.0034830 secs] [Times: user=0.02 sys=0.00, real=0.00 secs] 
199.416: Total time for which application threads were stopped: 0.0036750 seconds, Stopping threads took: 0.0000960 seconds
199.446: Application time: 0.0299730 seconds
199.446: [GC [PSYoungGen: 100032K->7792K(107520K)] 294708K->202608K(352768K), 0.0032500 secs] [Times: user=0.02 sys=0.00, real=0.01 secs] 
199.450: Total time for which application threads were stopped: 0.0034360 seconds, Stopping threads took: 0.0000860 seconds
199.478: Application time: 0.0279330 seconds
199.478: [GC [PSYoungGen: 99952K->7776K(107520K)] 294768K->202648K(352768K), 0.0033130 secs] [Times: user=0.02 sys=0.00, real=0.00 secs] 
199.481: Total time for which application threads were stopped: 0.0034970 seconds, Stopping threads took: 0.0000830 seconds
199.506: Application time: 0.0252870 seconds
199.507: [GC [PSYoungGen: 99936K->8192K(107520K)] 294808K->203128K(352768K), 0.0034000 secs] [Times: user=0.03 sys=0.00, real=0.01 secs] 
199.510: Total time for which application threads were stopped: 0.0036190 seconds, Stopping threads took: 0.0001140 seconds
199.539: Application time: 0.0292150 seconds
199.539: [GC [PSYoungGen: 100342K->12992K(107520K)] 295278K->207928K(352768K), 0.0052720 secs] [Times: user=0.03 sys=0.00, real=0.00 secs] 
199.545: Total time for which application threads were stopped: 0.0054690 seconds, Stopping threads took: 0.0000920 seconds
199.577: Application time: 0.0321700 seconds
199.577: [GC [PSYoungGen: 105152K->8176K(107520K)] 300088K->203152K(352768K), 0.0035010 secs] [Times: user=0.02 sys=0.00, real=0.00 secs] 
199.581: Total time for which application threads were stopped: 0.0037050 seconds, Stopping threads took: 0.0001060 seconds
199.617: Application time: 0.0369280 seconds
199.618: [GC [PSYoungGen: 100336K->7840K(107520K)] 295312K->202824K(352768K), 0.0033230 secs] [Times: user=0.03 sys=0.00, real=0.00 secs] 
199.621: Total time for which application threads were stopped: 0.0035420 seconds, Stopping threads took: 0.0001130 seconds
199.653: Application time: 0.0318060 seconds
199.656: [GC [PSYoungGen: 100000K->7632K(107520K)] 294984K->202616K(352768K), 0.0033140 secs] [Times: user=0.02 sys=0.00, real=0.00 secs] 
199.660: Total time for which application threads were stopped: 0.0069300 seconds, Stopping threads took: 0.0035130 seconds
199.692: Application time: 0.0320340 seconds
199.692: [GC [PSYoungGen: 99792K->8320K(107520K)] 294776K->203304K(352768K), 0.0035100 secs] [Times: user=0.03 sys=0.00, real=0.00 secs] 
199.696: Total time for which application threads were stopped: 0.0037180 seconds, Stopping threads took: 0.0001070 seconds
199.724: Application time: 0.0289070 seconds
199.725: [GC [PSYoungGen: 100480K->8032K(107520K)] 295464K->203016K(352768K), 0.0032920 secs] [Times: user=0.02 sys=0.00, real=0.00 secs] 
199.728: Total time for which application threads were stopped: 0.0035000 seconds, Stopping threads took: 0.0000850 seconds
199.752: Application time: 0.0239890 seconds
199.752: [GC [PSYoungGen: 100192K->9760K(107520K)] 295176K->204744K(352768K), 0.0039690 secs] [Times: user=0.03 sys=0.00, real=0.00 secs] 
199.756: Total time for which application threads were stopped: 0.0041780 seconds, Stopping threads took: 0.0001070 seconds
199.786: Application time: 0.0295240 seconds
199.788: [GC [PSYoungGen: 101920K->7792K(107520K)] 296904K->202776K(352768K), 0.0031910 secs] [Times: user=0.02 sys=0.00, real=0.00 secs] 
199.792: Total time for which application threads were stopped: 0.0060010 seconds, Stopping threads took: 0.0027080 seconds
199.822: Application time: 0.0308500 seconds
199.823: [GC [PSYoungGen: 99952K->8528K(107520K)] 294936K->203512K(352768K), 0.0034040 secs] [Times: user=0.02 sys=0.00, real=0.00 secs] 
199.826: Total time for which application threads were stopped: 0.0036120 seconds, Stopping threads took: 0.0001040 seconds
199.861: Application time: 0.0351670 seconds
199.861: [GC [PSYoungGen: 100688K->8608K(107520K)] 295672K->203592K(352768K), 0.0036070 secs] [Times: user=0.03 sys=0.00, real=0.00 secs] 
199.865: Total time for which application threads were stopped: 0.0037870 seconds, Stopping threads took: 0.0000770 seconds
199.897: Application time: 0.0316800 seconds
199.897: [GC [PSYoungGen: 100768K->7872K(107520K)] 295752K->202856K(352768K), 0.0034520 secs] [Times: user=0.02 sys=0.00, real=0.00 secs] 
199.900: Total time for which application threads were stopped: 0.0036350 seconds, Stopping threads took: 0.0000770 seconds
199.934: Application time: 0.0338340 seconds
199.934: [GC [PSYoungGen: 100032K->8016K(107520K)] 295016K->203000K(352768K), 0.0033110 secs] [Times: user=0.03 sys=0.00, real=0.01 secs] 
199.938: Total time for which application threads were stopped: 0.0035100 seconds, Stopping threads took: 0.0000970 seconds
199.968: Application time: 0.0304540 seconds
199.968: [GC [PSYoungGen: 100176K->7936K(107520K)] 295160K->202920K(352768K), 0.0032840 secs] [Times: user=0.02 sys=0.00, real=0.00 secs] 
199.972: Total time for which application threads were stopped: 0.0035040 seconds, Stopping threads took: 0.0001090 seconds
199.998: Application time: 0.0266490 seconds
199.998: [GC [PSYoungGen: 100096K->8336K(107520K)] 295080K->203320K(352768K), 0.0033590 secs] [Times: user=0.03 sys=0.00, real=0.00 secs] 
200.002: Total time for which application threads were stopped: 0.0035540 seconds, Stopping threads took: 0.0000940 seconds
200.027: Application time: 0.0251320 seconds
200.027: [GC [PSYoungGen: 100496K->8016K(107520K)] 295480K->203000K(352768K), 0.0032940 secs] [Times: user=0.02 sys=0.00, real=0.01 secs] 
200.031: Total time for which application threads were stopped: 0.0034890 seconds, Stopping threads took: 0.0000920 seconds
200.060: Application time: 0.0295810 seconds
200.060: [GC [PSYoungGen: 100176K->12128K(107520K)] 295160K->207112K(352768K), 0.0048710 secs] [Times: user=0.03 sys=0.00, real=0.00 secs] 
200.065: Total time for which application threads were stopped: 0.0050740 seconds, Stopping threads took: 0.0001000 seconds
200.099: Application time: 0.0334410 seconds
200.099: [GC [PSYoungGen: 104288K->9472K(107520K)] 299272K->204456K(352768K), 0.0037790 secs] [Times: user=0.02 sys=0.00, real=0.00 secs] 
200.103: Total time for which application threads were stopped: 0.0039680 seconds, Stopping threads took: 0.0000870 seconds
200.139: Application time: 0.0363140 seconds
200.139: [GC [PSYoungGen: 101632K->8000K(107520K)] 296616K->202984K(352768K), 0.0032460 secs] [Times: user=0.03 sys=0.00, real=0.00 secs] 
200.142: Total time for which application threads were stopped: 0.0034250 seconds, Stopping threads took: 0.0000750 seconds
200.175: Application time: 0.0326430 seconds
200.175: [GC [PSYoungGen: 100160K->7728K(107520K)] 295144K->202760K(352768K), 0.0032370 secs] [Times: user=0.02 sys=0.00, real=0.01 secs] 
200.178: Total time for which application threads were stopped: 0.0034710 seconds, Stopping threads took: 0.0001320 seconds
200.209: Application time: 0.0306150 seconds
200.209: [GC [PSYoungGen: 99888K->8256K(107520K)] 294920K->203408K(352768K), 0.0034940 secs] [Times: user=0.03 sys=0.00, real=0.00 secs] 
200.213: Total time for which application threads were stopped: 0.0036700 seconds, Stopping threads took: 0.0000770 seconds
200.241: Application time: 0.0284320 seconds
200.241: [GC [PSYoungGen: 100416K->8192K(107520K)] 295568K->203392K(352768K), 0.0037940 secs] [Times: user=0.02 sys=0.00, real=0.00 secs] 
200.245: Total time for which application threads were stopped: 0.0040000 seconds, Stopping threads took: 0.0000770 seconds
200.271: Application time: 0.0255520 seconds
200.271: [GC [PSYoungGen: 100352K->8080K(107520K)] 295552K->203368K(352768K), 0.0034170 secs] [Times: user=0.02 sys=0.00, real=0.00 secs] 
200.274: Total time for which application threads were stopped: 0.0035980 seconds, Stopping threads took: 0.0000790 seconds
200.304: Application time: 0.0293880 seconds
200.304: [GC [PSYoungGen: 100240K->9552K(107520K)] 295528K->204840K(352768K), 0.0038350 secs] [Times: user=0.02 sys=0.00, real=0.00 secs] 
200.308: Total time for which application threads were stopped: 0.0040380 seconds, Stopping threads took: 0.0001010 seconds
200.338: Application time: 0.0301190 seconds
200.338: [GC [PSYoungGen: 101712K->8176K(107520K)] 297000K->203464K(352768K), 0.0033690 secs] [Times: user=0.02 sys=0.00, real=0.00 secs] 
200.341: Total time for which application threads were stopped: 0.0035700 seconds, Stopping threads took: 0.0001010 seconds
200.378: Application time: 0.0370400 seconds
200.379: [GC [PSYoungGen: 100336K->7920K(107520K)] 295624K->203256K(352768K), 0.0032990 secs] [Times: user=0.02 sys=0.00, real=0.00 secs] 
200.382: Total time for which application threads were stopped: 0.0034860 seconds, Stopping threads took: 0.0000860 seconds
200.413: Application time: 0.0309570 seconds
200.413: [GC [PSYoungGen: 100080K->7664K(107520K)] 295416K->203000K(352768K), 0.0031820 secs] [Times: user=0.01 sys=0.01, real=0.01 secs] 
200.416: Total time for which application threads were stopped: 0.0034010 seconds, Stopping threads took: 0.0001000 seconds
200.450: Application time: 0.0335890 seconds
200.450: [GC [PSYoungGen: 99824K->9456K(107520K)] 295160K->204792K(352768K), 0.0040020 secs] [Times: user=0.02 sys=0.00, real=0.00 secs] 
200.454: Total time for which application threads were stopped: 0.0042400 seconds, Stopping threads took: 0.0001350 seconds
200.485: Application time: 0.0307350 seconds
200.485: [GC [PSYoungGen: 101616K->7808K(107520K)] 296952K->203144K(352768K), 0.0031790 secs] [Times: user=0.02 sys=0.00, real=0.00 secs] 
200.488: Total time for which application threads were stopped: 0.0033530 seconds, Stopping threads took: 0.0000710 seconds
200.514: Application time: 0.0259680 seconds
200.514: [GC [PSYoungGen: 99968K->9600K(107520K)] 295304K->204936K(352768K), 0.0039150 secs] [Times: user=0.02 sys=0.00, real=0.01 secs] 
200.518: Total time for which application threads were stopped: 0.0040910 seconds, Stopping threads took: 0.0000730 seconds
200.544: Application time: 0.0256430 seconds
200.544: [GC [PSYoungGen: 101760K->8256K(107520K)] 297096K->203592K(352768K), 0.0033480 secs] [Times: user=0.02 sys=0.00, real=0.00 secs] 
200.548: Total time for which application threads were stopped: 0.0035500 seconds, Stopping threads took: 0.0000980 seconds
200.578: Application time: 0.0308950 seconds
200.579: [GC [PSYoungGen: 100416K->9968K(107520K)] 295752K->205304K(352768K), 0.0040200 secs] [Times: user=0.03 sys=0.00, real=0.00 secs] 
200.583: Total time for which application threads were stopped: 0.0041920 seconds, Stopping threads took: 0.0000680 seconds
200.615: Application time: 0.0326210 seconds
200.615: [GC [PSYoungGen: 102128K->11536K(107520K)] 297464K->206872K(352768K), 0.0046630 secs] [Times: user=0.03 sys=0.00, real=0.01 secs] 
200.620: Total time for which application threads were stopped: 0.0048590 seconds, Stopping threads took: 0.0000920 seconds
200.656: Application time: 0.0360900 seconds
200.656: [GC [PSYoungGen: 103696K->7888K(107520K)] 299032K->203224K(352768K), 0.0034710 secs] [Times: user=0.02 sys=0.00, real=0.00 secs] 
200.660: Total time for which application threads were stopped: 0.0037180 seconds, Stopping threads took: 0.0001440 seconds
200.693: Application time: 0.0328790 seconds
200.696: [GC [PSYoungGen: 100048K->7760K(107520K)] 295384K->203096K(352768K), 0.0032450 secs] [Times: user=0.03 sys=0.00, real=0.00 secs] 
200.700: Total time for which application threads were stopped: 0.0069140 seconds, Stopping threads took: 0.0035720 seconds
200.729: Application time: 0.0296250 seconds
200.729: [GC [PSYoungGen: 99920K->8208K(107520K)] 295256K->203544K(352768K), 0.0034780 secs] [Times: user=0.03 sys=0.00, real=0.00 secs] 
200.733: Total time for which application threads were stopped: 0.0036650 seconds, Stopping threads took: 0.0000850 seconds
200.761: Application time: 0.0283800 seconds
200.762: [GC [PSYoungGen: 100368K->8000K(107520K)] 295704K->203336K(352768K), 0.0032770 secs] [Times: user=0.03 sys=0.00, real=0.00 secs] 
200.765: Total time for which application threads were stopped: 0.0034950 seconds, Stopping threads took: 0.0000950 seconds
200.791: Application time: 0.0258460 seconds
200.791: [GC [PSYoungGen: 100160K->8336K(107520K)] 295496K->203672K(352768K), 0.0033490 secs] [Times: user=0.03 sys=0.00, real=0.00 secs] 
200.794: Total time for which application threads were stopped: 0.0035380 seconds, Stopping threads took: 0.0000860 seconds
200.823: Application time: 0.0285110 seconds
200.823: [GC [PSYoungGen: 100496K->13072K(107520K)] 295832K->208408K(352768K), 0.0050850 secs] [Times: user=0.03 sys=0.00, real=0.00 secs] 
200.828: Total time for which application threads were stopped: 0.0052710 seconds, Stopping threads took: 0.0000810 seconds
200.859: Application time: 0.0309380 seconds
200.859: [GC [PSYoungGen: 105232K->8816K(107520K)] 300568K->204152K(352768K), 0.0037530 secs] [Times: user=0.03 sys=0.00, real=0.00 secs] 
200.863: Total time for which application threads were stopped: 0.0039360 seconds, Stopping threads took: 0.0000710 seconds
200.901: Application time: 0.0378060 seconds
200.901: [GC [PSYoungGen: 100976K->8208K(107520K)] 296312K->203544K(352768K), 0.0035070 secs] [Times: user=0.02 sys=0.00, real=0.00 secs] 
200.904: Total time for which application threads were stopped: 0.0037040 seconds, Stopping threads took: 0.0000990 seconds
200.936: Application time: 0.0313570 seconds
200.936: [GC [PSYoungGen: 100368K->7760K(107520K)] 295704K->203152K(352768K), 0.0032380 secs] [Times: user=0.02 sys=0.00, real=0.01 secs] 
200.939: Total time for which application threads were stopped: 0.0034330 seconds, Stopping threads took: 0.0000950 seconds
200.970: Application time: 0.0309080 seconds
200.970: [GC [PSYoungGen: 99920K->9472K(107520K)] 295312K->204912K(352768K), 0.0039240 secs] [Times: user=0.03 sys=0.00, real=0.00 secs] 
200.974: Total time for which application threads were stopped: 0.0041340 seconds, Stopping threads took: 0.0001030 seconds
201.005: Application time: 0.0308440 seconds
201.005: [GC [PSYoungGen: 101632K->7664K(107520K)] 297072K->203228K(352768K), 0.0032860 secs] [Times: user=0.03 sys=0.00, real=0.01 secs] 
201.009: Total time for which application threads were stopped: 0.0034700 seconds, Stopping threads took: 0.0000830 seconds
201.033: Application time: 0.0247490 seconds
201.033: [GC [PSYoungGen: 99824K->9520K(107520K)] 295388K->205172K(352768K), 0.0039930 secs] [Times: user=0.03 sys=0.00, real=0.01 secs] 
201.038: Total time for which application threads were stopped: 0.0041650 seconds, Stopping threads took: 0.0000720 seconds
201.065: Application time: 0.0271700 seconds
201.065: [GC [PSYoungGen: 101680K->8832K(107520K)] 297332K->204484K(352768K), 0.0036470 secs] [Times: user=0.02 sys=0.00, real=0.01 secs] 
201.069: Total time for which application threads were stopped: 0.0038160 seconds, Stopping threads took: 0.0000690 seconds
201.100: Application time: 0.0314380 seconds
201.100: [GC [PSYoungGen: 100992K->10464K(107520K)] 296644K->206116K(352768K), 0.0041230 secs] [Times: user=0.03 sys=0.00, real=0.00 secs] 
201.104: Total time for which application threads were stopped: 0.0042950 seconds, Stopping threads took: 0.0000680 seconds
201.139: Application time: 0.0348340 seconds
201.139: [GC [PSYoungGen: 102624K->8512K(107520K)] 298276K->204220K(352768K), 0.0034970 secs] [Times: user=0.03 sys=0.00, real=0.00 secs] 
201.143: Total time for which application threads were stopped: 0.0036680 seconds, Stopping threads took: 0.0000700 seconds
201.176: Application time: 0.0334950 seconds
201.176: [GC [PSYoungGen: 100672K->7536K(107520K)] 296380K->203244K(352768K), 0.0031510 secs] [Times: user=0.02 sys=0.00, real=0.00 secs] 
201.180: Total time for which application threads were stopped: 0.0033380 seconds, Stopping threads took: 0.0000840 seconds
201.214: Application time: 0.0340640 seconds
201.214: [GC [PSYoungGen: 99696K->7536K(107520K)] 295404K->203244K(352768K), 0.0031460 secs] [Times: user=0.02 sys=0.00, real=0.01 secs] 
201.217: Total time for which application threads were stopped: 0.0033320 seconds, Stopping threads took: 0.0000830 seconds
201.246: Application time: 0.0293060 seconds
201.248: [GC [PSYoungGen: 99696K->7936K(107520K)] 295404K->203644K(352768K), 0.0032340 secs] [Times: user=0.02 sys=0.00, real=0.00 secs] 
201.252: Total time for which application threads were stopped: 0.0053840 seconds, Stopping threads took: 0.0020500 seconds
201.280: Application time: 0.0280670 seconds
201.280: [GC [PSYoungGen: 100096K->7744K(107520K)] 295804K->203452K(352768K), 0.0032150 secs] [Times: user=0.02 sys=0.00, real=0.00 secs] 
201.283: Total time for which application threads were stopped: 0.0034360 seconds, Stopping threads took: 0.0001000 seconds
201.307: Application time: 0.0238730 seconds
201.307: [GC [PSYoungGen: 99904K->8640K(107520K)] 295612K->204348K(352768K), 0.0034640 secs] [Times: user=0.03 sys=0.00, real=0.01 secs] 
201.311: Total time for which application threads were stopped: 0.0036610 seconds, Stopping threads took: 0.0000920 seconds
201.339: Application time: 0.0283560 seconds
201.339: [GC [PSYoungGen: 100800K->12640K(107520K)] 296508K->208348K(352768K), 0.0050950 secs] [Times: user=0.04 sys=0.00, real=0.00 secs] 
201.344: Total time for which application threads were stopped: 0.0052850 seconds, Stopping threads took: 0.0000880 seconds
201.379: Application time: 0.0342630 seconds
201.379: [GC [PSYoungGen: 104800K->9440K(107520K)] 300508K->205148K(352768K), 0.0038320 secs] [Times: user=0.03 sys=0.00, real=0.00 secs] 
201.383: Total time for which application threads were stopped: 0.0040110 seconds, Stopping threads took: 0.0000780 seconds
201.419: Application time: 0.0366070 seconds
201.419: [GC [PSYoungGen: 101600K->7856K(107520K)] 297308K->203564K(352768K), 0.0032770 secs] [Times: user=0.03 sys=0.00, real=0.00 secs] 
201.423: Total time for which application threads were stopped: 0.0034570 seconds, Stopping threads took: 0.0000790 seconds
201.455: Application time: 0.0323600 seconds
201.456: [GC [PSYoungGen: 100016K->7728K(107520K)] 295724K->203436K(352768K), 0.0032490 secs] [Times: user=0.02 sys=0.00, real=0.00 secs] 
201.460: Total time for which application threads were stopped: 0.0045950 seconds, Stopping threads took: 0.0012470 seconds
201.491: Application time: 0.0312800 seconds
201.491: [GC [PSYoungGen: 99888K->8128K(107520K)] 295596K->203836K(352768K), 0.0035300 secs] [Times: user=0.02 sys=0.00, real=0.00 secs] 
201.495: Total time for which application threads were stopped: 0.0037520 seconds, Stopping threads took: 0.0001200 seconds
201.524: Application time: 0.0290520 seconds
201.524: [GC [PSYoungGen: 100288K->7904K(107520K)] 295996K->203612K(352768K), 0.0032430 secs] [Times: user=0.02 sys=0.00, real=0.00 secs] 
201.527: Total time for which application threads were stopped: 0.0034200 seconds, Stopping threads took: 0.0000740 seconds
201.552: Application time: 0.0250840 seconds
201.552: [GC [PSYoungGen: 100064K->9584K(107520K)] 295772K->205292K(352768K), 0.0039040 secs] [Times: user=0.02 sys=0.00, real=0.01 secs] 
201.556: Total time for which application threads were stopped: 0.0041040 seconds, Stopping threads took: 0.0000990 seconds
201.584: Application time: 0.0275560 seconds
201.584: [GC [PSYoungGen: 101744K->8864K(107520K)] 297452K->204572K(352768K), 0.0034320 secs] [Times: user=0.02 sys=0.00, real=0.00 secs] 
201.588: Total time for which application threads were stopped: 0.0036230 seconds, Stopping threads took: 0.0000890 seconds
201.620: Application time: 0.0322920 seconds
201.620: [GC [PSYoungGen: 101024K->8592K(107520K)] 296732K->204300K(352768K), 0.0034070 secs] [Times: user=0.03 sys=0.00, real=0.00 secs] 
201.623: Total time for which application threads were stopped: 0.0035980 seconds, Stopping threads took: 0.0000870 seconds
201.659: Application time: 0.0352870 seconds
201.659: [GC [PSYoungGen: 100752K->8224K(107520K)] 296460K->203932K(352768K), 0.0033980 secs] [Times: user=0.02 sys=0.00, real=0.00 secs] 
201.662: Total time for which application threads were stopped: 0.0035700 seconds, Stopping threads took: 0.0000700 seconds
201.695: Application time: 0.0324610 seconds
201.696: [GC [PSYoungGen: 100384K->7824K(107520K)] 296092K->203532K(352768K), 0.0033200 secs] [Times: user=0.02 sys=0.00, real=0.00 secs] 
201.700: Total time for which application threads were stopped: 0.0049650 seconds, Stopping threads took: 0.0015430 seconds
201.733: Application time: 0.0334040 seconds
201.733: [GC [PSYoungGen: 99984K->7616K(107520K)] 295692K->203380K(352768K), 0.0032070 secs] [Times: user=0.02 sys=0.00, real=0.01 secs] 
201.737: Total time for which application threads were stopped: 0.0034020 seconds, Stopping threads took: 0.0000940 seconds
201.767: Application time: 0.0299620 seconds
201.767: [GC [PSYoungGen: 99776K->7824K(107520K)] 295540K->203736K(352768K), 0.0035270 secs] [Times: user=0.02 sys=0.00, real=0.01 secs] 
201.770: Total time for which application threads were stopped: 0.0037270 seconds, Stopping threads took: 0.0000970 seconds
201.796: Application time: 0.0256780 seconds
201.796: [GC [PSYoungGen: 99984K->7936K(107520K)] 295896K->203953K(352768K), 0.0033770 secs] [Times: user=0.02 sys=0.00, real=0.01 secs] 
201.800: Total time for which application threads were stopped: 0.0035760 seconds, Stopping threads took: 0.0000770 seconds
201.824: Application time: 0.0245450 seconds
201.824: [GC [PSYoungGen: 100096K->8112K(107520K)] 296113K->204129K(352768K), 0.0033000 secs] [Times: user=0.02 sys=0.00, real=0.00 secs] 
201.828: Total time for which application threads were stopped: 0.0034930 seconds, Stopping threads took: 0.0000920 seconds
201.857: Application time: 0.0290130 seconds
201.857: [GC [PSYoungGen: 100272K->13680K(107520K)] 296289K->209697K(352768K), 0.0054650 secs] [Times: user=0.04 sys=0.00, real=0.00 secs] 
201.862: Total time for which application threads were stopped: 0.0056490 seconds, Stopping threads took: 0.0000780 seconds
201.897: Application time: 0.0344630 seconds
201.900: [GC [PSYoungGen: 105840K->11232K(107520K)] 301857K->207313K(352768K), 0.0045990 secs] [Times: user=0.03 sys=0.00, real=0.00 secs] 
201.905: Total time for which application threads were stopped: 0.0083560 seconds, Stopping threads took: 0.0036550 seconds
201.942: Application time: 0.0369950 seconds
201.942: [GC [PSYoungGen: 103392K->7808K(107520K)] 299473K->203889K(352768K), 0.0032510 secs] [Times: user=0.02 sys=0.00, real=0.00 secs] 
201.945: Total time for which application threads were stopped: 0.0034440 seconds, Stopping threads took: 0.0000910 seconds
201.978: Application time: 0.0326070 seconds
201.978: [GC [PSYoungGen: 99968K->7872K(107520K)] 296049K->203953K(352768K), 0.0033410 secs] [Times: user=0.03 sys=0.00, real=0.00 secs] 
201.982: Total time for which application threads were stopped: 0.0035280 seconds, Stopping threads took: 0.0000870 seconds
202.012: Application time: 0.0305590 seconds
202.016: [GC [PSYoungGen: 100032K->9776K(107520K)] 296113K->205857K(352768K), 0.0040170 secs] [Times: user=0.03 sys=0.00, real=0.00 secs] 
202.020: Total time for which application threads were stopped: 0.0082720 seconds, Stopping threads took: 0.0041530 seconds
202.048: Application time: 0.0275250 seconds
202.048: [GC [PSYoungGen: 101936K->8112K(107520K)] 298017K->204193K(352768K), 0.0033200 secs] [Times: user=0.02 sys=0.00, real=0.01 secs] 
202.051: Total time for which application threads were stopped: 0.0035000 seconds, Stopping threads took: 0.0000770 seconds
202.075: Application time: 0.0233210 seconds
202.075: [GC [PSYoungGen: 100272K->9120K(107520K)] 296353K->205201K(352768K), 0.0037950 secs] [Times: user=0.02 sys=0.00, real=0.01 secs] 
202.079: Total time for which application threads were stopped: 0.0039860 seconds, Stopping threads took: 0.0000860 seconds
202.108: Application time: 0.0296800 seconds
202.109: [GC [PSYoungGen: 101280K->8960K(107520K)] 297361K->205041K(352768K), 0.0037350 secs] [Times: user=0.02 sys=0.00, real=0.00 secs] 
202.112: Total time for which application threads were stopped: 0.0038960 seconds, Stopping threads took: 0.0000560 seconds
202.146: Application time: 0.0337040 seconds
202.148: [GC [PSYoungGen: 101120K->8112K(107520K)] 297201K->204193K(352768K), 0.0032760 secs] [Times: user=0.02 sys=0.00, real=0.00 secs] 
202.152: Total time for which application threads were stopped: 0.0056630 seconds, Stopping threads took: 0.0022830 seconds
202.187: Application time: 0.0356690 seconds
202.188: [GC [PSYoungGen: 100272K->7776K(107520K)] 296353K->203857K(352768K), 0.0033250 secs] [Times: user=0.03 sys=0.00, real=0.01 secs] 
202.191: Total time for which application threads were stopped: 0.0035230 seconds, Stopping threads took: 0.0000970 seconds
202.223: Application time: 0.0322050 seconds
202.223: [GC [PSYoungGen: 99936K->7728K(107520K)] 296017K->203809K(352768K), 0.0033960 secs] [Times: user=0.03 sys=0.00, real=0.00 secs] 
202.227: Total time for which application threads were stopped: 0.0035840 seconds, Stopping threads took: 0.0000880 seconds
202.259: Application time: 0.0321270 seconds
202.259: [GC [PSYoungGen: 99888K->7648K(107520K)] 295969K->203729K(352768K), 0.0032920 secs] [Times: user=0.02 sys=0.00, real=0.00 secs] 
202.262: Total time for which application threads were stopped: 0.0035100 seconds, Stopping threads took: 0.0001090 seconds
202.293: Application time: 0.0306010 seconds
202.293: [GC [PSYoungGen: 99808K->7856K(107520K)] 295889K->203937K(352768K), 0.0033890 secs] [Times: user=0.02 sys=0.00, real=0.01 secs] 
202.297: Total time for which application threads were stopped: 0.0036090 seconds, Stopping threads took: 0.0001180 seconds
202.322: Application time: 0.0249810 seconds
202.322: [GC [PSYoungGen: 100016K->7904K(107520K)] 296097K->203985K(352768K), 0.0035550 secs] [Times: user=0.02 sys=0.00, real=0.00 secs] 
202.325: Total time for which application threads were stopped: 0.0037830 seconds, Stopping threads took: 0.0001070 seconds
202.351: Application time: 0.0251460 seconds
202.352: [GC [PSYoungGen: 100064K->10448K(107520K)] 296145K->206529K(352768K), 0.0040950 secs] [Times: user=0.02 sys=0.00, real=0.01 secs] 
202.357: Total time for which application threads were stopped: 0.0060590 seconds, Stopping threads took: 0.0018620 seconds
202.389: Application time: 0.0325200 seconds
202.389: [GC [PSYoungGen: 102608K->10640K(107520K)] 298689K->206721K(352768K), 0.0042010 secs] [Times: user=0.03 sys=0.00, real=0.00 secs] 
202.393: Total time for which application threads were stopped: 0.0043780 seconds, Stopping threads took: 0.0000780 seconds
202.427: Application time: 0.0331880 seconds
202.427: [GC [PSYoungGen: 102800K->10080K(107520K)] 298881K->206161K(352768K), 0.0041950 secs] [Times: user=0.03 sys=0.00, real=0.01 secs] 
202.431: Total time for which application threads were stopped: 0.0043870 seconds, Stopping threads took: 0.0000890 seconds
202.468: Application time: 0.0368920 seconds
202.468: [GC [PSYoungGen: 102240K->7968K(107520K)] 298321K->204049K(352768K), 0.0033240 secs] [Times: user=0.02 sys=0.00, real=0.01 secs] 
202.471: Total time for which application threads were stopped: 0.0035260 seconds, Stopping threads took: 0.0001010 seconds
202.503: Application time: 0.0317570 seconds
202.503: [GC [PSYoungGen: 100128K->7904K(107520K)] 296209K->204033K(352768K), 0.0033470 secs] [Times: user=0.02 sys=0.00, real=0.00 secs] 
202.507: Total time for which application threads were stopped: 0.0035350 seconds, Stopping threads took: 0.0000870 seconds
202.538: Application time: 0.0315260 seconds
202.538: [GC [PSYoungGen: 100064K->8080K(107520K)] 296193K->204365K(352768K), 0.0034220 secs] [Times: user=0.03 sys=0.00, real=0.00 secs] 
202.542: Total time for which application threads were stopped: 0.0036100 seconds, Stopping threads took: 0.0000860 seconds
202.568: Application time: 0.0263970 seconds
202.568: [GC [PSYoungGen: 100240K->7792K(107520K)] 296525K->204157K(352768K), 0.0033470 secs] [Times: user=0.02 sys=0.00, real=0.00 secs] 
202.572: Total time for which application threads were stopped: 0.0035390 seconds, Stopping threads took: 0.0000920 seconds
202.594: Application time: 0.0223680 seconds
202.594: [GC [PSYoungGen: 99952K->7696K(107520K)] 296317K->204069K(352768K), 0.0034980 secs] [Times: user=0.02 sys=0.00, real=0.01 secs] 
202.598: Total time for which application threads were stopped: 0.0036960 seconds, Stopping threads took: 0.0000960 seconds
202.628: Application time: 0.0299930 seconds
202.632: [GC [PSYoungGen: 99856K->11712K(107520K)] 296229K->208085K(352768K), 0.0046890 secs] [Times: user=0.04 sys=0.00, real=0.01 secs] 
202.637: Total time for which application threads were stopped: 0.0092660 seconds, Stopping threads took: 0.0044740 seconds
202.671: Application time: 0.0338120 seconds
202.671: [GC [PSYoungGen: 103872K->9920K(107520K)] 300245K->206293K(352768K), 0.0040260 secs] [Times: user=0.03 sys=0.00, real=0.00 secs] 
202.675: Total time for which application threads were stopped: 0.0042260 seconds, Stopping threads took: 0.0000950 seconds
202.712: Application time: 0.0365550 seconds
202.712: [GC [PSYoungGen: 102080K->7776K(107520K)] 298453K->204205K(352768K), 0.0033150 secs] [Times: user=0.02 sys=0.00, real=0.00 secs] 
202.715: Total time for which application threads were stopped: 0.0034890 seconds, Stopping threads took: 0.0000730 seconds
202.749: Application time: 0.0335300 seconds
202.749: [GC [PSYoungGen: 99936K->7696K(107520K)] 296365K->204125K(352768K), 0.0031900 secs] [Times: user=0.02 sys=0.00, real=0.00 secs] 
202.752: Total time for which application threads were stopped: 0.0033820 seconds, Stopping threads took: 0.0000910 seconds
202.783: Application time: 0.0311130 seconds
202.783: [GC [PSYoungGen: 99856K->7760K(107520K)] 296285K->204189K(352768K), 0.0034450 secs] [Times: user=0.03 sys=0.00, real=0.00 secs] 
202.787: Total time for which application threads were stopped: 0.0036260 seconds, Stopping threads took: 0.0000830 seconds
202.817: Application time: 0.0302000 seconds
202.817: [GC [PSYoungGen: 99920K->8112K(107520K)] 296349K->204541K(352768K), 0.0035630 secs] [Times: user=0.02 sys=0.00, real=0.00 secs] 
202.821: Total time for which application threads were stopped: 0.0037610 seconds, Stopping threads took: 0.0000990 seconds
202.844: Application time: 0.0231160 seconds
202.844: [GC [PSYoungGen: 100272K->7936K(107520K)] 296701K->204365K(352768K), 0.0032680 secs] [Times: user=0.02 sys=0.00, real=0.00 secs] 
202.847: Total time for which application threads were stopped: 0.0034710 seconds, Stopping threads took: 0.0000790 seconds
202.872: Application time: 0.0242140 seconds
202.872: [GC [PSYoungGen: 100096K->9552K(107520K)] 296525K->205981K(352768K), 0.0037890 secs] [Times: user=0.02 sys=0.00, real=0.00 secs] 
202.876: Total time for which application threads were stopped: 0.0039420 seconds, Stopping threads took: 0.0000480 seconds
202.912: Application time: 0.0367550 seconds
202.916: [GC [PSYoungGen: 101712K->11440K(107520K)] 298141K->207869K(352768K), 0.0045700 secs] [Times: user=0.03 sys=0.00, real=0.00 secs] 
202.921: Total time for which application threads were stopped: 0.0086280 seconds, Stopping threads took: 0.0039540 seconds
202.953: Application time: 0.0320250 seconds
202.953: [GC [PSYoungGen: 103600K->10176K(107520K)] 300029K->206605K(352768K), 0.0041070 secs] [Times: user=0.03 sys=0.00, real=0.01 secs] 
202.957: Total time for which application threads were stopped: 0.0042840 seconds, Stopping threads took: 0.0000730 seconds
202.996: Application time: 0.0382190 seconds
202.996: [GC [PSYoungGen: 102336K->7840K(107520K)] 298765K->204269K(352768K), 0.0032850 secs] [Times: user=0.02 sys=0.00, real=0.01 secs] 
202.999: Total time for which application threads were stopped: 0.0034790 seconds, Stopping threads took: 0.0000930 seconds
203.029: Application time: 0.0300330 seconds
203.029: [GC [PSYoungGen: 100000K->7808K(107520K)] 296429K->204237K(352768K), 0.0034730 secs] [Times: user=0.02 sys=0.00, real=0.00 secs] 
203.033: Total time for which application threads were stopped: 0.0036460 seconds, Stopping threads took: 0.0000700 seconds
203.064: Application time: 0.0308950 seconds
203.064: [GC [PSYoungGen: 99968K->8256K(107520K)] 296397K->204685K(352768K), 0.0033840 secs] [Times: user=0.03 sys=0.00, real=0.00 secs] 
203.067: Total time for which application threads were stopped: 0.0035890 seconds, Stopping threads took: 0.0001050 seconds
203.094: Application time: 0.0263450 seconds
203.094: [GC [PSYoungGen: 100416K->7744K(107520K)] 296845K->204173K(352768K), 0.0032990 secs] [Times: user=0.02 sys=0.00, real=0.01 secs] 
203.097: Total time for which application threads were stopped: 0.0034860 seconds, Stopping threads took: 0.0000860 seconds
203.119: Application time: 0.0221160 seconds
203.119: [GC [PSYoungGen: 99904K->8032K(107520K)] 296333K->204461K(352768K), 0.0034100 secs] [Times: user=0.02 sys=0.00, real=0.00 secs] 
203.123: Total time for which application threads were stopped: 0.0036020 seconds, Stopping threads took: 0.0000890 seconds
203.152: Application time: 0.0295810 seconds
203.152: [GC [PSYoungGen: 100192K->11744K(107520K)] 296621K->208173K(352768K), 0.0047490 secs] [Times: user=0.03 sys=0.00, real=0.01 secs] 
203.157: Total time for which application threads were stopped: 0.0049180 seconds, Stopping threads took: 0.0000680 seconds
203.193: Application time: 0.0360240 seconds
203.193: [GC [PSYoungGen: 103904K->10160K(107520K)] 300333K->206589K(352768K), 0.0040380 secs] [Times: user=0.03 sys=0.00, real=0.01 secs] 
203.198: Total time for which application threads were stopped: 0.0042250 seconds, Stopping threads took: 0.0000840 seconds
203.233: Application time: 0.0358820 seconds
203.236: [GC [PSYoungGen: 102320K->7792K(107520K)] 298749K->204221K(352768K), 0.0033090 secs] [Times: user=0.03 sys=0.00, real=0.00 secs] 
203.240: Total time for which application threads were stopped: 0.0063310 seconds, Stopping threads took: 0.0029220 seconds
203.275: Application time: 0.0349310 seconds
203.275: [GC [PSYoungGen: 99952K->7952K(107520K)] 296381K->204381K(352768K), 0.0033380 secs] [Times: user=0.03 sys=0.00, real=0.01 secs] 
203.278: Total time for which application threads were stopped: 0.0035870 seconds, Stopping threads took: 0.0001450 seconds
203.307: Application time: 0.0284850 seconds
203.307: [GC [PSYoungGen: 100112K->7712K(107520K)] 296541K->204301K(352768K), 0.0034570 secs] [Times: user=0.02 sys=0.00, real=0.01 secs] 
203.310: Total time for which application threads were stopped: 0.0036420 seconds, Stopping threads took: 0.0000840 seconds
203.342: Application time: 0.0311680 seconds
203.342: [GC [PSYoungGen: 99872K->7744K(107520K)] 296461K->204421K(352768K), 0.0032670 secs] [Times: user=0.02 sys=0.00, real=0.00 secs] 
203.345: Total time for which application threads were stopped: 0.0034280 seconds, Stopping threads took: 0.0000570 seconds
203.366: Application time: 0.0213540 seconds
203.367: [GC [PSYoungGen: 99904K->7744K(107520K)] 296581K->204461K(352768K), 0.0032470 secs] [Times: user=0.02 sys=0.00, real=0.01 secs] 
203.370: Total time for which application threads were stopped: 0.0034380 seconds, Stopping threads took: 0.0000710 seconds
203.395: Application time: 0.0251120 seconds
203.395: [GC [PSYoungGen: 99904K->8992K(107520K)] 296621K->205709K(352768K), 0.0035570 secs] [Times: user=0.03 sys=0.00, real=0.01 secs] 
203.399: Total time for which application threads were stopped: 0.0037380 seconds, Stopping threads took: 0.0000790 seconds
203.437: Application time: 0.0379470 seconds
203.437: [GC [PSYoungGen: 101152K->9312K(107520K)] 297869K->206029K(352768K), 0.0037870 secs] [Times: user=0.03 sys=0.00, real=0.00 secs] 
203.441: Total time for which application threads were stopped: 0.0039610 seconds, Stopping threads took: 0.0000710 seconds
203.474: Application time: 0.0329870 seconds
203.474: [GC [PSYoungGen: 101472K->7632K(107520K)] 298189K->204405K(352768K), 0.0033350 secs] [Times: user=0.02 sys=0.00, real=0.01 secs] 
203.477: Total time for which application threads were stopped: 0.0035000 seconds, Stopping threads took: 0.0000630 seconds
203.516: Application time: 0.0385970 seconds
203.516: [GC [PSYoungGen: 99792K->7520K(107520K)] 296565K->204293K(352768K), 0.0032090 secs] [Times: user=0.02 sys=0.00, real=0.00 secs] 
203.520: Total time for which application threads were stopped: 0.0039960 seconds, Stopping threads took: 0.0006830 seconds
203.547: Application time: 0.0273390 seconds
203.547: [GC [PSYoungGen: 99680K->7664K(107520K)] 296453K->204437K(352768K), 0.0031870 secs] [Times: user=0.02 sys=0.00, real=0.01 secs] 
203.550: Total time for which application threads were stopped: 0.0033860 seconds, Stopping threads took: 0.0000950 seconds
203.581: Application time: 0.0311160 seconds
203.582: [GC [PSYoungGen: 99824K->9488K(107520K)] 296597K->206261K(352768K), 0.0038630 secs] [Times: user=0.03 sys=0.00, real=0.00 secs] 
203.586: Total time for which application threads were stopped: 0.0040720 seconds, Stopping threads took: 0.0001070 seconds
203.611: Application time: 0.0252620 seconds
203.611: [GC [PSYoungGen: 101648K->7968K(107520K)] 298421K->204741K(352768K), 0.0035260 secs] [Times: user=0.03 sys=0.00, real=0.00 secs] 
203.615: Total time for which application threads were stopped: 0.0037220 seconds, Stopping threads took: 0.0000920 seconds
203.637: Application time: 0.0223920 seconds
203.637: [GC [PSYoungGen: 100128K->7712K(107520K)] 296901K->204485K(352768K), 0.0031850 secs] [Times: user=0.01 sys=0.01, real=0.00 secs] 
203.640: Total time for which application threads were stopped: 0.0034020 seconds, Stopping threads took: 0.0001050 seconds
203.673: Application time: 0.0323900 seconds
203.673: [GC [PSYoungGen: 99872K->14000K(107520K)] 296645K->210773K(352768K), 0.0055400 secs] [Times: user=0.04 sys=0.00, real=0.01 secs] 
203.678: Total time for which application threads were stopped: 0.0057280 seconds, Stopping threads took: 0.0000850 seconds
203.714: Application time: 0.0358740 seconds
203.714: [GC [PSYoungGen: 106160K->8400K(107520K)] 302933K->205173K(352768K), 0.0033610 secs] [Times: user=0.02 sys=0.00, real=0.01 secs] 
203.718: Total time for which application threads were stopped: 0.0035410 seconds, Stopping threads took: 0.0000790 seconds
203.754: Application time: 0.0361020 seconds
203.754: [GC [PSYoungGen: 100560K->7840K(107520K)] 297333K->204613K(352768K), 0.0033440 secs] [Times: user=0.02 sys=0.00, real=0.01 secs] 
203.758: Total time for which application threads were stopped: 0.0035580 seconds, Stopping threads took: 0.0001110 seconds
203.790: Application time: 0.0327870 seconds
203.790: [GC [PSYoungGen: 100000K->7840K(107520K)] 296773K->204613K(352768K), 0.0033520 secs] [Times: user=0.03 sys=0.00, real=0.00 secs] 
203.794: Total time for which application threads were stopped: 0.0035310 seconds, Stopping threads took: 0.0000740 seconds
203.824: Application time: 0.0296320 seconds
203.824: [GC [PSYoungGen: 100000K->7776K(107520K)] 296773K->204549K(352768K), 0.0032730 secs] [Times: user=0.03 sys=0.00, real=0.00 secs] 
203.827: Total time for which application threads were stopped: 0.0034910 seconds, Stopping threads took: 0.0001060 seconds
203.856: Application time: 0.0291300 seconds
203.856: [GC [PSYoungGen: 99936K->7984K(107520K)] 296709K->204757K(352768K), 0.0033040 secs] [Times: user=0.02 sys=0.00, real=0.01 secs] 
203.860: Total time for which application threads were stopped: 0.0034880 seconds, Stopping threads took: 0.0000800 seconds
203.880: Application time: 0.0206830 seconds
203.880: [GC [PSYoungGen: 100144K->8384K(107520K)] 296917K->205157K(352768K), 0.0035450 secs] [Times: user=0.02 sys=0.00, real=0.00 secs] 
203.884: Total time for which application threads were stopped: 0.0037050 seconds, Stopping threads took: 0.0000410 seconds
203.910: Application time: 0.0257330 seconds
203.910: [GC [PSYoungGen: 100544K->11344K(107520K)] 297317K->208117K(352768K), 0.0046530 secs] [Times: user=0.03 sys=0.00, real=0.00 secs] 
203.915: Total time for which application threads were stopped: 0.0048330 seconds, Stopping threads took: 0.0000780 seconds
203.954: Application time: 0.0397020 seconds
203.954: [GC [PSYoungGen: 103504K->11328K(107520K)] 300277K->208101K(352768K), 0.0046720 secs] [Times: user=0.04 sys=0.00, real=0.01 secs] 
203.959: Total time for which application threads were stopped: 0.0048810 seconds, Stopping threads took: 0.0001050 seconds
203.992: Application time: 0.0331630 seconds
203.992: [GC [PSYoungGen: 103488K->7776K(107520K)] 300261K->204549K(352768K), 0.0032820 secs] [Times: user=0.02 sys=0.00, real=0.00 secs] 
203.996: Total time for which application threads were stopped: 0.0034770 seconds, Stopping threads took: 0.0000960 seconds
204.034: Application time: 0.0385900 seconds
204.035: [GC [PSYoungGen: 99936K->7888K(107520K)] 296709K->204661K(352768K), 0.0033580 secs] [Times: user=0.02 sys=0.00, real=0.01 secs] 
204.038: Total time for which application threads were stopped: 0.0035300 seconds, Stopping threads took: 0.0000710 seconds
204.065: Application time: 0.0268500 seconds
204.065: [GC [PSYoungGen: 100048K->7760K(107520K)] 296821K->204621K(352768K), 0.0032900 secs] [Times: user=0.03 sys=0.00, real=0.00 secs] 
204.068: Total time for which application threads were stopped: 0.0035020 seconds, Stopping threads took: 0.0001010 seconds
204.099: Application time: 0.0310800 seconds
204.100: [GC [PSYoungGen: 99920K->8208K(107520K)] 296781K->205209K(352768K), 0.0033760 secs] [Times: user=0.03 sys=0.00, real=0.00 secs] 
204.103: Total time for which application threads were stopped: 0.0035750 seconds, Stopping threads took: 0.0000990 seconds
204.127: Application time: 0.0245350 seconds
204.128: [GC [PSYoungGen: 100368K->7744K(107520K)] 297369K->204793K(352768K), 0.0034070 secs] [Times: user=0.03 sys=0.00, real=0.01 secs] 
204.131: Total time for which application threads were stopped: 0.0035840 seconds, Stopping threads took: 0.0000780 seconds
204.154: Application time: 0.0226250 seconds
204.154: [GC [PSYoungGen: 99904K->9040K(107520K)] 296953K->206097K(352768K), 0.0039870 secs] [Times: user=0.02 sys=0.00, real=0.01 secs] 
204.158: Total time for which application threads were stopped: 0.0041790 seconds, Stopping threads took: 0.0000870 seconds
204.192: Application time: 0.0340370 seconds
204.192: [GC [PSYoungGen: 101200K->10464K(107520K)] 298257K->207521K(352768K), 0.0040990 secs] [Times: user=0.02 sys=0.00, real=0.00 secs] 
204.196: Total time for which application threads were stopped: 0.0042830 seconds, Stopping threads took: 0.0000800 seconds
204.231: Application time: 0.0349180 seconds
204.231: [GC [PSYoungGen: 102624K->7488K(107520K)] 299681K->204545K(352768K), 0.0031040 secs] [Times: user=0.02 sys=0.00, real=0.00 secs] 
204.234: Total time for which application threads were stopped: 0.0032900 seconds, Stopping threads took: 0.0000850 seconds
204.272: Application time: 0.0376760 seconds
204.272: [GC [PSYoungGen: 99648K->7632K(107520K)] 296705K->204753K(352768K), 0.0032510 secs] [Times: user=0.02 sys=0.01, real=0.00 secs] 
204.276: Total time for which application threads were stopped: 0.0034470 seconds, Stopping threads took: 0.0000930 seconds
204.307: Application time: 0.0314560 seconds
204.307: [GC [PSYoungGen: 99792K->7728K(107520K)] 296913K->204849K(352768K), 0.0032810 secs] [Times: user=0.02 sys=0.00, real=0.01 secs] 
204.310: Total time for which application threads were stopped: 0.0034480 seconds, Stopping threads took: 0.0000650 seconds
204.339: Application time: 0.0287800 seconds
204.339: [GC [PSYoungGen: 99888K->7824K(107520K)] 297009K->204945K(352768K), 0.0034120 secs] [Times: user=0.02 sys=0.00, real=0.00 secs] 
204.343: Total time for which application threads were stopped: 0.0035990 seconds, Stopping threads took: 0.0000850 seconds
204.372: Application time: 0.0288490 seconds
204.372: [GC [PSYoungGen: 99984K->8032K(107520K)] 297105K->205153K(352768K), 0.0032380 secs] [Times: user=0.02 sys=0.00, real=0.00 secs] 
204.375: Total time for which application threads were stopped: 0.0034670 seconds, Stopping threads took: 0.0001290 seconds
204.397: Application time: 0.0218160 seconds
204.397: [GC [PSYoungGen: 100192K->8048K(107520K)] 297313K->205169K(352768K), 0.0032750 secs] [Times: user=0.02 sys=0.00, real=0.00 secs] 
204.400: Total time for which application threads were stopped: 0.0034730 seconds, Stopping threads took: 0.0000760 seconds
204.428: Application time: 0.0270750 seconds
204.428: [GC [PSYoungGen: 100208K->10080K(107520K)] 297329K->207201K(352768K), 0.0040640 secs] [Times: user=0.02 sys=0.00, real=0.01 secs] 
204.432: Total time for which application threads were stopped: 0.0042840 seconds, Stopping threads took: 0.0001170 seconds
204.471: Application time: 0.0390120 seconds
204.472: [GC [PSYoungGen: 102240K->10336K(107520K)] 299361K->207457K(352768K), 0.0040810 secs] [Times: user=0.03 sys=0.00, real=0.01 secs] 
204.477: Total time for which application threads were stopped: 0.0057080 seconds, Stopping threads took: 0.0015230 seconds
204.510: Application time: 0.0335170 seconds
204.510: [GC [PSYoungGen: 102496K->7920K(107520K)] 299617K->205041K(352768K), 0.0033180 secs] [Times: user=0.02 sys=0.00, real=0.00 secs] 
204.514: Total time for which application threads were stopped: 0.0035160 seconds, Stopping threads took: 0.0000990 seconds
204.551: Application time: 0.0374470 seconds
204.551: [GC [PSYoungGen: 100080K->7824K(107520K)] 297201K->204945K(352768K), 0.0032010 secs] [Times: user=0.03 sys=0.00, real=0.00 secs] 
204.554: Total time for which application threads were stopped: 0.0034030 seconds, Stopping threads took: 0.0001030 seconds
204.582: Application time: 0.0273720 seconds
204.582: [GC [PSYoungGen: 99984K->7904K(107520K)] 297105K->205025K(352768K), 0.0033020 secs] [Times: user=0.03 sys=0.00, real=0.00 secs] 
204.585: Total time for which application threads were stopped: 0.0034760 seconds, Stopping threads took: 0.0000760 seconds
204.615: Application time: 0.0296980 seconds
204.615: [GC [PSYoungGen: 100064K->8208K(107520K)] 297185K->205329K(352768K), 0.0034250 secs] [Times: user=0.02 sys=0.00, real=0.01 secs] 
204.619: Total time for which application threads were stopped: 0.0036200 seconds, Stopping threads took: 0.0000940 seconds
204.644: Application time: 0.0251180 seconds
204.644: [GC [PSYoungGen: 100368K->8256K(107520K)] 297489K->205377K(352768K), 0.0033250 secs] [Times: user=0.03 sys=0.00, real=0.00 secs] 
204.647: Total time for which application threads were stopped: 0.0034970 seconds, Stopping threads took: 0.0000720 seconds
204.670: Application time: 0.0232570 seconds
204.671: [GC [PSYoungGen: 100416K->9824K(107520K)] 297537K->206945K(352768K), 0.0039900 secs] [Times: user=0.03 sys=0.00, real=0.00 secs] 
204.675: Total time for which application threads were stopped: 0.0041710 seconds, Stopping threads took: 0.0000780 seconds
204.711: Application time: 0.0365230 seconds
204.711: [GC [PSYoungGen: 101984K->12336K(107520K)] 299105K->209457K(352768K), 0.0048800 secs] [Times: user=0.04 sys=0.00, real=0.00 secs] 
204.716: Total time for which application threads were stopped: 0.0050730 seconds, Stopping threads took: 0.0000910 seconds
204.750: Application time: 0.0334140 seconds
204.752: [GC [PSYoungGen: 104496K->7840K(107520K)] 301617K->204961K(352768K), 0.0031970 secs] [Times: user=0.03 sys=0.00, real=0.00 secs] 
204.756: Total time for which application threads were stopped: 0.0059540 seconds, Stopping threads took: 0.0026550 seconds
204.794: Application time: 0.0383870 seconds
204.794: [GC [PSYoungGen: 100000K->8032K(107520K)] 297121K->205153K(352768K), 0.0035080 secs] [Times: user=0.02 sys=0.00, real=0.01 secs] 
204.798: Total time for which application threads were stopped: 0.0037240 seconds, Stopping threads took: 0.0001150 seconds
204.829: Application time: 0.0312390 seconds
204.829: [GC [PSYoungGen: 100192K->7968K(107520K)] 297313K->205137K(352768K), 0.0033800 secs] [Times: user=0.03 sys=0.00, real=0.00 secs] 
204.833: Total time for which application threads were stopped: 0.0036140 seconds, Stopping threads took: 0.0001320 seconds
204.860: Application time: 0.0271750 seconds
204.865: [GC [PSYoungGen: 100128K->7584K(107520K)] 297297K->204893K(352768K), 0.0032740 secs] [Times: user=0.02 sys=0.00, real=0.00 secs] 
204.868: Total time for which application threads were stopped: 0.0081190 seconds, Stopping threads took: 0.0047220 seconds
204.897: Application time: 0.0295360 seconds
204.898: [GC [PSYoungGen: 99744K->7968K(107520K)] 297053K->205366K(352768K), 0.0032970 secs] [Times: user=0.02 sys=0.00, real=0.00 secs] 
204.901: Total time for which application threads were stopped: 0.0035400 seconds, Stopping threads took: 0.0001250 seconds
204.922: Application time: 0.0208800 seconds
204.922: [GC [PSYoungGen: 100128K->9648K(107520K)] 297526K->207046K(352768K), 0.0039620 secs] [Times: user=0.02 sys=0.00, real=0.00 secs] 
204.926: Total time for which application threads were stopped: 0.0041400 seconds, Stopping threads took: 0.0000720 seconds
204.954: Application time: 0.0281920 seconds
204.954: [GC [PSYoungGen: 101808K->9616K(107520K)] 299206K->207014K(352768K), 0.0039060 secs] [Times: user=0.02 sys=0.00, real=0.01 secs] 
204.958: Total time for which application threads were stopped: 0.0041400 seconds, Stopping threads took: 0.0001310 seconds
204.999: Application time: 0.0409300 seconds
204.999: [GC [PSYoungGen: 101776K->8288K(107520K)] 299174K->205686K(352768K), 0.0032900 secs] [Times: user=0.02 sys=0.00, real=0.00 secs] 
205.003: Total time for which application threads were stopped: 0.0034610 seconds, Stopping threads took: 0.0000710 seconds
205.036: Application time: 0.0334410 seconds
205.036: [GC [PSYoungGen: 100448K->7664K(107520K)] 297846K->205126K(352768K), 0.0032730 secs] [Times: user=0.02 sys=0.00, real=0.00 secs] 
205.040: Total time for which application threads were stopped: 0.0034730 seconds, Stopping threads took: 0.0000870 seconds
205.077: Application time: 0.0370260 seconds
205.077: [GC [PSYoungGen: 99824K->7648K(107520K)] 297286K->205110K(352768K), 0.0034520 secs] [Times: user=0.01 sys=0.00, real=0.00 secs] 
205.080: Total time for which application threads were stopped: 0.0036280 seconds, Stopping threads took: 0.0000710 seconds
205.106: Application time: 0.0253640 seconds
205.106: [GC [PSYoungGen: 99808K->7744K(107520K)] 297270K->205206K(352768K), 0.0033540 secs] [Times: user=0.03 sys=0.00, real=0.01 secs] 
205.109: Total time for which application threads were stopped: 0.0035320 seconds, Stopping threads took: 0.0000790 seconds
205.139: Application time: 0.0301530 seconds
205.140: [GC [PSYoungGen: 99904K->8272K(107520K)] 297366K->205734K(352768K), 0.0033860 secs] [Times: user=0.02 sys=0.00, real=0.00 secs] 
205.144: Total time for which application threads were stopped: 0.0044770 seconds, Stopping threads took: 0.0009900 seconds
205.168: Application time: 0.0246370 seconds
205.172: [GC [PSYoungGen: 100432K->8080K(107520K)] 297894K->205542K(352768K), 0.0032130 secs] [Times: user=0.02 sys=0.00, real=0.00 secs] 
205.176: Total time for which application threads were stopped: 0.0072010 seconds, Stopping threads took: 0.0038840 seconds
205.198: Application time: 0.0219180 seconds
205.200: [GC [PSYoungGen: 100240K->8704K(107520K)] 297702K->206166K(352768K), 0.0034120 secs] [Times: user=0.02 sys=0.00, real=0.00 secs] 
205.204: Total time for which application threads were stopped: 0.0062680 seconds, Stopping threads took: 0.0027530 seconds
205.244: Application time: 0.0406050 seconds
205.245: [GC [PSYoungGen: 100864K->12512K(107520K)] 298326K->209974K(352768K), 0.0057380 secs] [Times: user=0.04 sys=0.00, real=0.01 secs] 
205.251: Total time for which application threads were stopped: 0.0060570 seconds, Stopping threads took: 0.0001870 seconds
205.282: Application time: 0.0313600 seconds
205.282: [GC [PSYoungGen: 104672K->7824K(107520K)] 302134K->205286K(352768K), 0.0032660 secs] [Times: user=0.02 sys=0.00, real=0.00 secs] 
205.285: Total time for which application threads were stopped: 0.0034520 seconds, Stopping threads took: 0.0000870 seconds
205.324: Application time: 0.0389610 seconds
205.324: [GC [PSYoungGen: 99984K->7888K(107520K)] 297446K->205350K(352768K), 0.0032720 secs] [Times: user=0.02 sys=0.00, real=0.00 secs] 
205.328: Total time for which application threads were stopped: 0.0034450 seconds, Stopping threads took: 0.0000720 seconds
205.358: Application time: 0.0303040 seconds
205.358: [GC [PSYoungGen: 100048K->7840K(107520K)] 297510K->205302K(352768K), 0.0031840 secs] [Times: user=0.02 sys=0.00, real=0.00 secs] 
205.361: Total time for which application threads were stopped: 0.0034010 seconds, Stopping threads took: 0.0001140 seconds
205.389: Application time: 0.0275980 seconds
205.389: [GC [PSYoungGen: 100000K->8032K(107520K)] 297462K->205494K(352768K), 0.0033160 secs] [Times: user=0.02 sys=0.00, real=0.00 secs] 
205.393: Total time for which application threads were stopped: 0.0034800 seconds, Stopping threads took: 0.0000620 seconds
205.422: Application time: 0.0289960 seconds
205.422: [GC [PSYoungGen: 100192K->8032K(107520K)] 297654K->205494K(352768K), 0.0031950 secs] [Times: user=0.03 sys=0.00, real=0.00 secs] 
205.425: Total time for which application threads were stopped: 0.0034100 seconds, Stopping threads took: 0.0000970 seconds
205.445: Application time: 0.0200070 seconds
205.445: [GC [PSYoungGen: 100192K->9712K(107520K)] 297654K->207174K(352768K), 0.0038370 secs] [Times: user=0.02 sys=0.00, real=0.01 secs] 
205.449: Total time for which application threads were stopped: 0.0040370 seconds, Stopping threads took: 0.0000960 seconds
205.480: Application time: 0.0311690 seconds
205.480: [GC [PSYoungGen: 101872K->14464K(107520K)] 299334K->211926K(352768K), 0.0055610 secs] [Times: user=0.04 sys=0.00, real=0.00 secs] 
205.486: Total time for which application threads were stopped: 0.0057750 seconds, Stopping threads took: 0.0001020 seconds
205.525: Application time: 0.0385620 seconds
205.525: [GC [PSYoungGen: 106624K->8128K(107520K)] 304086K->205590K(352768K), 0.0032620 secs] [Times: user=0.02 sys=0.00, real=0.00 secs] 
205.528: Total time for which application threads were stopped: 0.0034510 seconds, Stopping threads took: 0.0000870 seconds
205.564: Application time: 0.0361050 seconds
205.564: [GC [PSYoungGen: 100288K->7824K(107520K)] 297750K->205286K(352768K), 0.0033020 secs] [Times: user=0.02 sys=0.00, real=0.00 secs] 
205.568: Total time for which application threads were stopped: 0.0034980 seconds, Stopping threads took: 0.0000960 seconds
205.603: Application time: 0.0357740 seconds
205.604: [GC [PSYoungGen: 99984K->7872K(107520K)] 297446K->205382K(352768K), 0.0032700 secs] [Times: user=0.02 sys=0.00, real=0.00 secs] 
205.607: Total time for which application threads were stopped: 0.0034420 seconds, Stopping threads took: 0.0000700 seconds
205.631: Application time: 0.0237880 seconds
205.631: [GC [PSYoungGen: 100032K->7760K(107520K)] 297542K->205386K(352768K), 0.0032040 secs] [Times: user=0.02 sys=0.00, real=0.00 secs] 
205.634: Total time for which application threads were stopped: 0.0033870 seconds, Stopping threads took: 0.0000820 seconds
205.665: Application time: 0.0312890 seconds
205.665: [GC [PSYoungGen: 99920K->8016K(107520K)] 297546K->205754K(352768K), 0.0034090 secs] [Times: user=0.02 sys=0.00, real=0.01 secs] 
205.669: Total time for which application threads were stopped: 0.0036000 seconds, Stopping threads took: 0.0000910 seconds
205.692: Application time: 0.0229650 seconds
205.692: [GC [PSYoungGen: 100176K->7680K(107520K)] 297914K->205418K(352768K), 0.0030580 secs] [Times: user=0.02 sys=0.00, real=0.00 secs] 
205.695: Total time for which application threads were stopped: 0.0032380 seconds, Stopping threads took: 0.0000810 seconds
205.719: Application time: 0.0236630 seconds
205.719: [GC [PSYoungGen: 99840K->7936K(107520K)] 297578K->205674K(352768K), 0.0034510 secs] [Times: user=0.02 sys=0.00, real=0.00 secs] 
205.722: Total time for which application threads were stopped: 0.0036380 seconds, Stopping threads took: 0.0000850 seconds
205.765: Application time: 0.0423750 seconds
205.765: [GC [PSYoungGen: 100096K->8752K(107520K)] 297834K->206490K(352768K), 0.0034920 secs] [Times: user=0.02 sys=0.00, real=0.01 secs] 
205.768: Total time for which application threads were stopped: 0.0036880 seconds, Stopping threads took: 0.0000920 seconds
205.800: Application time: 0.0311090 seconds
205.800: [GC [PSYoungGen: 100912K->7456K(107520K)] 298650K->205194K(352768K), 0.0032240 secs] [Times: user=0.02 sys=0.00, real=0.00 secs] 
205.803: Total time for which application threads were stopped: 0.0033980 seconds, Stopping threads took: 0.0000740 seconds
205.842: Application time: 0.0387550 seconds
205.842: [GC [PSYoungGen: 99616K->7648K(107520K)] 297354K->205434K(352768K), 0.0032760 secs] [Times: user=0.02 sys=0.00, real=0.00 secs] 
205.845: Total time for which application threads were stopped: 0.0034390 seconds, Stopping threads took: 0.0000640 seconds
205.873: Application time: 0.0279930 seconds
205.876: [GC [PSYoungGen: 99808K->7632K(107520K)] 297594K->205418K(352768K), 0.0032090 secs] [Times: user=0.02 sys=0.00, real=0.00 secs] 
205.880: Total time for which application threads were stopped: 0.0064580 seconds, Stopping threads took: 0.0031490 seconds
205.908: Application time: 0.0282370 seconds
205.908: [GC [PSYoungGen: 99792K->7616K(107520K)] 297578K->205402K(352768K), 0.0031980 secs] [Times: user=0.02 sys=0.00, real=0.01 secs] 
205.911: Total time for which application threads were stopped: 0.0034200 seconds, Stopping threads took: 0.0001190 seconds
205.938: Application time: 0.0271130 seconds
205.939: [GC [PSYoungGen: 99776K->8608K(107520K)] 297562K->206394K(352768K), 0.0034310 secs] [Times: user=0.02 sys=0.00, real=0.00 secs] 
205.942: Total time for which application threads were stopped: 0.0036180 seconds, Stopping threads took: 0.0000690 seconds
205.962: Application time: 0.0204600 seconds
205.963: [GC [PSYoungGen: 100768K->9456K(107520K)] 298554K->207242K(352768K), 0.0037830 secs] [Times: user=0.02 sys=0.00, real=0.00 secs] 
205.966: Total time for which application threads were stopped: 0.0039990 seconds, Stopping threads took: 0.0001140 seconds
206.002: Application time: 0.0356610 seconds
206.002: [GC [PSYoungGen: 101616K->15344K(107520K)] 299402K->214138K(352768K), 0.0066070 secs] [Times: user=0.04 sys=0.00, real=0.01 secs] 
206.009: Total time for which application threads were stopped: 0.0068190 seconds, Stopping threads took: 0.0001070 seconds
206.045: Application time: 0.0360250 seconds
206.045: [GC [PSYoungGen: 107504K->11232K(107520K)] 306298K->210026K(352768K), 0.0046610 secs] [Times: user=0.03 sys=0.00, real=0.01 secs] 
206.050: Total time for which application threads were stopped: 0.0048450 seconds, Stopping threads took: 0.0000770 seconds
206.087: Application time: 0.0373010 seconds
206.087: [GC [PSYoungGen: 103392K->11104K(107520K)] 302186K->209898K(352768K), 0.0044900 secs] [Times: user=0.03 sys=0.00, real=0.01 secs] 
206.092: Total time for which application threads were stopped: 0.0046740 seconds, Stopping threads took: 0.0000760 seconds
206.126: Application time: 0.0342330 seconds
206.128: [GC [PSYoungGen: 103264K->11072K(107520K)] 302058K->209866K(352768K), 0.0044310 secs] [Times: user=0.03 sys=0.00, real=0.00 secs] 
206.133: Total time for which application threads were stopped: 0.0068270 seconds, Stopping threads took: 0.0022890 seconds
206.157: Application time: 0.0242260 seconds
206.157: [GC [PSYoungGen: 103232K->10960K(107520K)] 302026K->209754K(352768K), 0.0044360 secs] [Times: user=0.04 sys=0.00, real=0.00 secs] 
206.162: Total time for which application threads were stopped: 0.0046120 seconds, Stopping threads took: 0.0000730 seconds
206.192: Application time: 0.0302840 seconds
206.192: [GC [PSYoungGen: 103120K->12912K(107520K)] 301914K->211706K(352768K), 0.0050920 secs] [Times: user=0.04 sys=0.00, real=0.01 secs] 
206.197: Total time for which application threads were stopped: 0.0053160 seconds, Stopping threads took: 0.0001180 seconds
206.219: Application time: 0.0219700 seconds
206.219: [GC [PSYoungGen: 105072K->13024K(107520K)] 303866K->211818K(352768K), 0.0051100 secs] [Times: user=0.04 sys=0.00, real=0.00 secs] 
206.225: Total time for which application threads were stopped: 0.0052770 seconds, Stopping threads took: 0.0000630 seconds
206.251: Application time: 0.0266910 seconds
206.251: [GC [PSYoungGen: 105184K->11472K(107520K)] 303978K->210266K(352768K), 0.0044560 secs] [Times: user=0.03 sys=0.00, real=0.00 secs] 
206.256: Total time for which application threads were stopped: 0.0046450 seconds, Stopping threads took: 0.0000850 seconds
206.297: Application time: 0.0414500 seconds
206.298: [GC [PSYoungGen: 103632K->11200K(107520K)] 302426K->209994K(352768K), 0.0044090 secs] [Times: user=0.03 sys=0.00, real=0.00 secs] 
206.302: Total time for which application threads were stopped: 0.0046000 seconds, Stopping threads took: 0.0000850 seconds
206.336: Application time: 0.0335910 seconds
206.336: [GC [PSYoungGen: 103360K->11104K(107520K)] 302154K->209898K(352768K), 0.0045330 secs] [Times: user=0.03 sys=0.00, real=0.01 secs] 
206.340: Total time for which application threads were stopped: 0.0047320 seconds, Stopping threads took: 0.0000870 seconds
206.378: Application time: 0.0381720 seconds
206.379: [GC [PSYoungGen: 103264K->11120K(107520K)] 302058K->209962K(352768K), 0.0044800 secs] [Times: user=0.03 sys=0.00, real=0.00 secs] 
206.383: Total time for which application threads were stopped: 0.0046540 seconds, Stopping threads took: 0.0000710 seconds
206.409: Application time: 0.0255890 seconds
206.409: [GC [PSYoungGen: 103280K->10880K(107520K)] 302122K->209770K(352768K), 0.0043850 secs] [Times: user=0.03 sys=0.00, real=0.00 secs] 
206.413: Total time for which application threads were stopped: 0.0045620 seconds, Stopping threads took: 0.0000750 seconds
206.442: Application time: 0.0285150 seconds
206.442: [GC [PSYoungGen: 103040K->11072K(107520K)] 301930K->210146K(352768K), 0.0044390 secs] [Times: user=0.03 sys=0.00, real=0.00 secs] 
206.446: Total time for which application threads were stopped: 0.0046490 seconds, Stopping threads took: 0.0000890 seconds
206.473: Application time: 0.0265590 seconds
206.473: [GC [PSYoungGen: 103232K->11280K(107520K)] 302306K->210354K(352768K), 0.0044110 secs] [Times: user=0.03 sys=0.00, real=0.01 secs] 
206.478: Total time for which application threads were stopped: 0.0045940 seconds, Stopping threads took: 0.0000800 seconds
206.499: Application time: 0.0211900 seconds
206.499: [GC [PSYoungGen: 103440K->11328K(107520K)] 302514K->210402K(352768K), 0.0044450 secs] [Times: user=0.03 sys=0.00, real=0.00 secs] 
206.503: Total time for which application threads were stopped: 0.0046540 seconds, Stopping threads took: 0.0001020 seconds
206.544: Application time: 0.0402990 seconds
206.544: [GC [PSYoungGen: 103488K->10336K(107520K)] 302562K->212732K(352768K), 0.0053110 secs] [Times: user=0.04 sys=0.00, real=0.01 secs] 
206.549: Total time for which application threads were stopped: 0.0054990 seconds, Stopping threads took: 0.0000860 seconds
206.581: Application time: 0.0319290 seconds
206.584: [GC [PSYoungGen: 102496K->7456K(107520K)] 304892K->209852K(352768K), 0.0032150 secs] [Times: user=0.02 sys=0.00, real=0.00 secs] 
206.588: Total time for which application threads were stopped: 0.0064820 seconds, Stopping threads took: 0.0031690 seconds
206.625: Application time: 0.0377950 seconds
206.626: [GC [PSYoungGen: 99616K->7584K(107520K)] 302012K->210028K(352768K), 0.0034560 secs] [Times: user=0.02 sys=0.00, real=0.01 secs] 
206.629: Total time for which application threads were stopped: 0.0036570 seconds, Stopping threads took: 0.0000950 seconds
206.662: Application time: 0.0328790 seconds
206.662: [GC [PSYoungGen: 99744K->7616K(107520K)] 302188K->210068K(352768K), 0.0032910 secs] [Times: user=0.02 sys=0.00, real=0.00 secs] 
206.666: Total time for which application threads were stopped: 0.0034980 seconds, Stopping threads took: 0.0001060 seconds
206.690: Application time: 0.0249400 seconds
206.691: [GC [PSYoungGen: 99776K->7872K(107520K)] 302228K->210324K(352768K), 0.0032750 secs] [Times: user=0.02 sys=0.00, real=0.00 secs] 
206.694: Total time for which application threads were stopped: 0.0034620 seconds, Stopping threads took: 0.0000870 seconds
206.723: Application time: 0.0287160 seconds
206.723: [GC [PSYoungGen: 100032K->9616K(107520K)] 302484K->212068K(352768K), 0.0039180 secs] [Times: user=0.03 sys=0.00, real=0.00 secs] 
206.727: Total time for which application threads were stopped: 0.0041080 seconds, Stopping threads took: 0.0000880 seconds
206.747: Application time: 0.0207280 seconds
206.748: [GC [PSYoungGen: 101776K->9872K(107520K)] 304228K->212324K(352768K), 0.0039320 secs] [Times: user=0.02 sys=0.00, real=0.01 secs] 
206.752: Total time for which application threads were stopped: 0.0041120 seconds, Stopping threads took: 0.0000750 seconds
206.781: Application time: 0.0293620 seconds
206.781: [GC [PSYoungGen: 102032K->11936K(107520K)] 304484K->214388K(352768K), 0.0047570 secs] [Times: user=0.03 sys=0.00, real=0.00 secs] 
206.786: Total time for which application threads were stopped: 0.0049590 seconds, Stopping threads took: 0.0001000 seconds
206.826: Application time: 0.0396220 seconds
206.826: [GC [PSYoungGen: 104096K->8352K(107520K)] 306548K->210804K(352768K), 0.0033860 secs] [Times: user=0.02 sys=0.00, real=0.01 secs] 
206.829: Total time for which application threads were stopped: 0.0035760 seconds, Stopping threads took: 0.0000860 seconds
206.864: Application time: 0.0350540 seconds
206.864: [GC [PSYoungGen: 100512K->7936K(107520K)] 302964K->210388K(352768K), 0.0032930 secs] [Times: user=0.02 sys=0.00, real=0.00 secs] 
206.868: Total time for which application threads were stopped: 0.0034970 seconds, Stopping threads took: 0.0001020 seconds
206.905: Application time: 0.0371480 seconds
206.905: [GC [PSYoungGen: 100096K->8000K(107520K)] 302548K->210452K(352768K), 0.0034860 secs] [Times: user=0.02 sys=0.00, real=0.01 secs] 
206.909: Total time for which application threads were stopped: 0.0036900 seconds, Stopping threads took: 0.0000930 seconds
206.933: Application time: 0.0246910 seconds
206.933: [GC [PSYoungGen: 100160K->7728K(107520K)] 302612K->210180K(352768K), 0.0032290 secs] [Times: user=0.02 sys=0.00, real=0.01 secs] 
206.937: Total time for which application threads were stopped: 0.0034030 seconds, Stopping threads took: 0.0000740 seconds
206.966: Application time: 0.0292620 seconds
206.966: [GC [PSYoungGen: 99888K->7792K(107520K)] 302340K->210244K(352768K), 0.0034680 secs] [Times: user=0.02 sys=0.00, real=0.01 secs] 
206.970: Total time for which application threads were stopped: 0.0036640 seconds, Stopping threads took: 0.0000800 seconds
206.993: Application time: 0.0234500 seconds
206.993: [GC [PSYoungGen: 99952K->8192K(107520K)] 302404K->210644K(352768K), 0.0033150 secs] [Times: user=0.02 sys=0.00, real=0.01 secs] 
206.997: Total time for which application threads were stopped: 0.0035010 seconds, Stopping threads took: 0.0000850 seconds
207.020: Application time: 0.0230720 seconds
207.020: [GC [PSYoungGen: 100352K->8848K(107520K)] 302804K->211300K(352768K), 0.0033990 secs] [Times: user=0.03 sys=0.00, real=0.00 secs] 
207.023: Total time for which application threads were stopped: 0.0036020 seconds, Stopping threads took: 0.0001010 seconds
207.064: Application time: 0.0408840 seconds
207.064: [GC [PSYoungGen: 101008K->10816K(107520K)] 303460K->213268K(352768K), 0.0042210 secs] [Times: user=0.03 sys=0.00, real=0.01 secs] 
207.068: Total time for which application threads were stopped: 0.0044060 seconds, Stopping threads took: 0.0000800 seconds
207.102: Application time: 0.0330130 seconds
207.102: [GC [PSYoungGen: 102976K->7824K(107520K)] 305428K->210276K(352768K), 0.0033150 secs] [Times: user=0.03 sys=0.00, real=0.00 secs] 
207.105: Total time for which application threads were stopped: 0.0035040 seconds, Stopping threads took: 0.0000870 seconds
207.144: Application time: 0.0385310 seconds
207.144: [GC [PSYoungGen: 99984K->7904K(107520K)] 302436K->210356K(352768K), 0.0033810 secs] [Times: user=0.02 sys=0.00, real=0.00 secs] 
207.147: Total time for which application threads were stopped: 0.0035770 seconds, Stopping threads took: 0.0000920 seconds
207.177: Application time: 0.0294950 seconds
207.177: [GC [PSYoungGen: 100064K->7952K(107520K)] 302516K->210460K(352768K), 0.0033520 secs] [Times: user=0.02 sys=0.00, real=0.00 secs] 
207.180: Total time for which application threads were stopped: 0.0035190 seconds, Stopping threads took: 0.0000690 seconds
207.208: Application time: 0.0277800 seconds
207.208: [GC [PSYoungGen: 100112K->7776K(107520K)] 302620K->210496K(352768K), 0.0032880 secs] [Times: user=0.03 sys=0.00, real=0.01 secs] 
207.211: Total time for which application threads were stopped: 0.0034550 seconds, Stopping threads took: 0.0000650 seconds
207.237: Application time: 0.0259100 seconds
207.237: [GC [PSYoungGen: 99936K->9008K(107520K)] 302656K->211728K(352768K), 0.0037860 secs] [Times: user=0.03 sys=0.00, real=0.00 secs] 
207.241: Total time for which application threads were stopped: 0.0039700 seconds, Stopping threads took: 0.0000840 seconds
207.262: Application time: 0.0208320 seconds
207.262: [GC [PSYoungGen: 101168K->9200K(107520K)] 303888K->211920K(352768K), 0.0036850 secs] [Times: user=0.03 sys=0.00, real=0.00 secs] 
207.266: Total time for which application threads were stopped: 0.0038670 seconds, Stopping threads took: 0.0000760 seconds
207.301: Application time: 0.0351070 seconds
207.301: [GC [PSYoungGen: 101360K->13872K(107520K)] 304080K->216600K(352768K), 0.0243590 secs] [Times: user=0.17 sys=0.00, real=0.02 secs] 
207.326: Total time for which application threads were stopped: 0.0245490 seconds, Stopping threads took: 0.0000920 seconds
207.361: Application time: 0.0358160 seconds
207.362: [GC [PSYoungGen: 106032K->7696K(107520K)] 308760K->210424K(352768K), 0.0032270 secs] [Times: user=0.02 sys=0.00, real=0.00 secs] 
207.365: Total time for which application threads were stopped: 0.0034080 seconds, Stopping threads took: 0.0000780 seconds
207.404: Application time: 0.0390490 seconds
207.404: [GC [PSYoungGen: 99856K->7664K(107520K)] 302584K->210392K(352768K), 0.0032300 secs] [Times: user=0.02 sys=0.00, real=0.00 secs] 
207.407: Total time for which application threads were stopped: 0.0034310 seconds, Stopping threads took: 0.0000990 seconds
207.441: Application time: 0.0338540 seconds
207.444: [GC [PSYoungGen: 99824K->7536K(107520K)] 302552K->210320K(352768K), 0.0031610 secs] [Times: user=0.02 sys=0.00, real=0.00 secs] 
207.448: Total time for which application threads were stopped: 0.0063950 seconds, Stopping threads took: 0.0031360 seconds
207.474: Application time: 0.0266030 seconds
207.474: [GC [PSYoungGen: 99696K->7824K(107520K)] 302480K->210608K(352768K), 0.0036100 secs] [Times: user=0.02 sys=0.00, real=0.01 secs] 
207.478: Total time for which application threads were stopped: 0.0038210 seconds, Stopping threads took: 0.0000910 seconds
207.505: Application time: 0.0269110 seconds
207.505: [GC [PSYoungGen: 99984K->8000K(107520K)] 302768K->210784K(352768K), 0.0032480 secs] [Times: user=0.02 sys=0.00, real=0.01 secs] 
207.508: Total time for which application threads were stopped: 0.0034240 seconds, Stopping threads took: 0.0000660 seconds
207.531: Application time: 0.0221960 seconds
207.531: [GC [PSYoungGen: 100160K->9568K(107520K)] 302944K->212352K(352768K), 0.0038900 secs] [Times: user=0.03 sys=0.00, real=0.00 secs] 
207.535: Total time for which application threads were stopped: 0.0040690 seconds, Stopping threads took: 0.0000760 seconds
207.562: Application time: 0.0276060 seconds
207.562: [GC [PSYoungGen: 101728K->11504K(107520K)] 304512K->214288K(352768K), 0.0045160 secs] [Times: user=0.04 sys=0.00, real=0.00 secs] 
207.567: Total time for which application threads were stopped: 0.0047130 seconds, Stopping threads took: 0.0000940 seconds
207.606: Application time: 0.0391930 seconds
207.606: [GC [PSYoungGen: 103664K->8576K(107520K)] 306448K->211360K(352768K), 0.0034390 secs] [Times: user=0.02 sys=0.00, real=0.01 secs] 
207.610: Total time for which application threads were stopped: 0.0036200 seconds, Stopping threads took: 0.0000810 seconds
207.645: Application time: 0.0356050 seconds
207.646: [GC [PSYoungGen: 100736K->7808K(107520K)] 303520K->210592K(352768K), 0.0032820 secs] [Times: user=0.03 sys=0.00, real=0.01 secs] 
207.649: Total time for which application threads were stopped: 0.0034670 seconds, Stopping threads took: 0.0000840 seconds
207.685: Application time: 0.0366310 seconds
207.686: [GC [PSYoungGen: 99968K->7904K(107520K)] 302752K->210688K(352768K), 0.0032800 secs] [Times: user=0.02 sys=0.00, real=0.01 secs] 
207.689: Total time for which application threads were stopped: 0.0035000 seconds, Stopping threads took: 0.0001140 seconds
207.718: Application time: 0.0293830 seconds
207.719: [GC [PSYoungGen: 100064K->8000K(107520K)] 302848K->210784K(352768K), 0.0034380 secs] [Times: user=0.03 sys=0.00, real=0.00 secs] 
207.722: Total time for which application threads were stopped: 0.0036510 seconds, Stopping threads took: 0.0001110 seconds
207.748: Application time: 0.0263740 seconds
207.749: [GC [PSYoungGen: 100160K->7680K(107520K)] 302944K->210464K(352768K), 0.0033040 secs] [Times: user=0.02 sys=0.00, real=0.00 secs] 
207.752: Total time for which application threads were stopped: 0.0035120 seconds, Stopping threads took: 0.0001060 seconds
207.776: Application time: 0.0242920 seconds
207.776: [GC [PSYoungGen: 99840K->8704K(107520K)] 302624K->211488K(352768K), 0.0034040 secs] [Times: user=0.02 sys=0.00, real=0.00 secs] 
207.780: Total time for which application threads were stopped: 0.0036050 seconds, Stopping threads took: 0.0001000 seconds
207.803: Application time: 0.0230470 seconds
207.803: [GC [PSYoungGen: 100864K->9632K(107520K)] 303648K->212416K(352768K), 0.0041590 secs] [Times: user=0.03 sys=0.00, real=0.00 secs] 
207.807: Total time for which application threads were stopped: 0.0043550 seconds, Stopping threads took: 0.0000900 seconds
207.845: Application time: 0.0376360 seconds
207.845: [GC [PSYoungGen: 101792K->13120K(107520K)] 304576K->215904K(352768K), 0.0050600 secs] [Times: user=0.03 sys=0.00, real=0.01 secs] 
207.850: Total time for which application threads were stopped: 0.0052320 seconds, Stopping threads took: 0.0000700 seconds
207.885: Application time: 0.0344560 seconds
207.885: [GC [PSYoungGen: 105280K->8016K(107520K)] 308064K->210800K(352768K), 0.0033510 secs] [Times: user=0.02 sys=0.00, real=0.00 secs] 
207.888: Total time for which application threads were stopped: 0.0035380 seconds, Stopping threads took: 0.0000850 seconds
207.926: Application time: 0.0380430 seconds
207.926: [GC [PSYoungGen: 100176K->7888K(107520K)] 302960K->210672K(352768K), 0.0032670 secs] [Times: user=0.02 sys=0.00, real=0.01 secs] 
207.930: Total time for which application threads were stopped: 0.0034650 seconds, Stopping threads took: 0.0000950 seconds
207.961: Application time: 0.0317040 seconds
207.961: [GC [PSYoungGen: 100048K->7760K(107520K)] 302832K->210600K(352768K), 0.0032520 secs] [Times: user=0.02 sys=0.00, real=0.00 secs] 
207.965: Total time for which application threads were stopped: 0.0034390 seconds, Stopping threads took: 0.0000860 seconds
207.992: Application time: 0.0274120 seconds
207.992: [GC [PSYoungGen: 99920K->7632K(107520K)] 302760K->210668K(352768K), 0.0034710 secs] [Times: user=0.01 sys=0.00, real=0.00 secs] 
207.996: Total time for which application threads were stopped: 0.0037170 seconds, Stopping threads took: 0.0001130 seconds
208.022: Application time: 0.0263630 seconds
208.022: [GC [PSYoungGen: 99792K->7952K(107520K)] 302828K->210988K(352768K), 0.0032840 secs] [Times: user=0.03 sys=0.00, real=0.00 secs] 
208.026: Total time for which application threads were stopped: 0.0034980 seconds, Stopping threads took: 0.0001100 seconds
208.048: Application time: 0.0218760 seconds
208.048: [GC [PSYoungGen: 100112K->9520K(107520K)] 303148K->212556K(352768K), 0.0038440 secs] [Times: user=0.03 sys=0.00, real=0.01 secs] 
208.052: Total time for which application threads were stopped: 0.0040330 seconds, Stopping threads took: 0.0000850 seconds
208.080: Application time: 0.0284320 seconds
208.080: [GC [PSYoungGen: 101680K->13024K(107520K)] 304716K->216060K(352768K), 0.0052650 secs] [Times: user=0.04 sys=0.00, real=0.00 secs] 
208.086: Total time for which application threads were stopped: 0.0054310 seconds, Stopping threads took: 0.0000630 seconds
208.125: Application time: 0.0395220 seconds
208.125: [GC [PSYoungGen: 105184K->8112K(107520K)] 308220K->211156K(352768K), 0.0034140 secs] [Times: user=0.02 sys=0.00, real=0.01 secs] 
208.129: Total time for which application threads were stopped: 0.0036060 seconds, Stopping threads took: 0.0000910 seconds
208.167: Application time: 0.0382210 seconds
208.168: [GC [PSYoungGen: 100272K->7408K(107520K)] 303316K->210452K(352768K), 0.0037500 secs] [Times: user=0.01 sys=0.00, real=0.00 secs] 
208.172: Total time for which application threads were stopped: 0.0053300 seconds, Stopping threads took: 0.0014750 seconds
208.211: Application time: 0.0386750 seconds
208.211: [GC [PSYoungGen: 99568K->7808K(107520K)] 302612K->210908K(352768K), 0.0032940 secs] [Times: user=0.02 sys=0.00, real=0.00 secs] 
208.214: Total time for which application threads were stopped: 0.0034800 seconds, Stopping threads took: 0.0000860 seconds
208.241: Application time: 0.0263850 seconds
208.241: [GC [PSYoungGen: 99968K->7648K(107520K)] 303068K->210748K(352768K), 0.0032160 secs] [Times: user=0.02 sys=0.00, real=0.00 secs] 
208.244: Total time for which application threads were stopped: 0.0034010 seconds, Stopping threads took: 0.0000820 seconds
208.274: Application time: 0.0299370 seconds
208.274: [GC [PSYoungGen: 99808K->8160K(107520K)] 302908K->211260K(352768K), 0.0032560 secs] [Times: user=0.03 sys=0.00, real=0.01 secs] 
208.278: Total time for which application threads were stopped: 0.0034310 seconds, Stopping threads took: 0.0000740 seconds
208.298: Application time: 0.0200160 seconds
208.298: [GC [PSYoungGen: 100320K->7968K(107520K)] 303420K->211068K(352768K), 0.0032100 secs] [Times: user=0.02 sys=0.00, real=0.00 secs] 
208.301: Total time for which application threads were stopped: 0.0034020 seconds, Stopping threads took: 0.0000830 seconds
208.325: Application time: 0.0238610 seconds
208.325: [GC [PSYoungGen: 100128K->9504K(107520K)] 303228K->212604K(352768K), 0.0037900 secs] [Times: user=0.02 sys=0.00, real=0.01 secs] 
208.329: Total time for which application threads were stopped: 0.0039600 seconds, Stopping threads took: 0.0000650 seconds
208.370: Application time: 0.0414990 seconds
208.370: [GC [PSYoungGen: 101664K->9056K(107520K)] 304764K->212156K(352768K), 0.0036840 secs] [Times: user=0.02 sys=0.00, real=0.00 secs] 
208.374: Total time for which application threads were stopped: 0.0038860 seconds, Stopping threads took: 0.0001020 seconds
208.407: Application time: 0.0326040 seconds
208.407: [GC [PSYoungGen: 101216K->7632K(107520K)] 304316K->210732K(352768K), 0.0032210 secs] [Times: user=0.02 sys=0.00, real=0.01 secs] 
208.410: Total time for which application threads were stopped: 0.0034130 seconds, Stopping threads took: 0.0000910 seconds
208.451: Application time: 0.0409510 seconds
208.451: [GC [PSYoungGen: 99792K->7856K(107520K)] 302892K->210956K(352768K), 0.0032780 secs] [Times: user=0.02 sys=0.00, real=0.00 secs] 
208.455: Total time for which application threads were stopped: 0.0034900 seconds, Stopping threads took: 0.0001100 seconds
208.483: Application time: 0.0280570 seconds
208.483: [GC [PSYoungGen: 100016K->8160K(107520K)] 303116K->211260K(352768K), 0.0034350 secs] [Times: user=0.02 sys=0.00, real=0.00 secs] 
208.486: Total time for which application threads were stopped: 0.0036320 seconds, Stopping threads took: 0.0000960 seconds
208.517: Application time: 0.0305960 seconds
208.517: [GC [PSYoungGen: 100320K->7920K(107520K)] 303420K->211021K(352768K), 0.0036030 secs] [Times: user=0.03 sys=0.00, real=0.00 secs] 
208.521: Total time for which application threads were stopped: 0.0038040 seconds, Stopping threads took: 0.0000840 seconds
208.543: Application time: 0.0220480 seconds
208.543: [GC [PSYoungGen: 100080K->7808K(107520K)] 303181K->210908K(352768K), 0.0032040 secs] [Times: user=0.03 sys=0.00, real=0.00 secs] 
208.546: Total time for which application threads were stopped: 0.0033900 seconds, Stopping threads took: 0.0000840 seconds
208.567: Application time: 0.0210300 seconds
208.567: [GC [PSYoungGen: 99968K->8112K(107520K)] 303068K->211212K(352768K), 0.0032460 secs] [Times: user=0.03 sys=0.00, real=0.01 secs] 
208.571: Total time for which application threads were stopped: 0.0034320 seconds, Stopping threads took: 0.0000830 seconds
208.608: Application time: 0.0373410 seconds
208.608: [GC [PSYoungGen: 100272K->14880K(107520K)] 303372K->217980K(352768K), 0.0056310 secs] [Times: user=0.05 sys=0.00, real=0.01 secs] 
208.614: Total time for which application threads were stopped: 0.0058040 seconds, Stopping threads took: 0.0000700 seconds
208.647: Application time: 0.0327520 seconds
208.647: [GC [PSYoungGen: 107040K->8192K(107520K)] 310140K->211292K(352768K), 0.0034950 secs] [Times: user=0.02 sys=0.00, real=0.01 secs] 
208.650: Total time for which application threads were stopped: 0.0036830 seconds, Stopping threads took: 0.0000880 seconds
208.691: Application time: 0.0404590 seconds
208.691: [GC [PSYoungGen: 100352K->7824K(107520K)] 303452K->210924K(352768K), 0.0032990 secs] [Times: user=0.02 sys=0.00, real=0.00 secs] 
208.694: Total time for which application threads were stopped: 0.0034960 seconds, Stopping threads took: 0.0000960 seconds
208.727: Application time: 0.0323700 seconds
208.727: [GC [PSYoungGen: 99984K->8064K(107520K)] 303084K->211164K(352768K), 0.0032980 secs] [Times: user=0.02 sys=0.00, real=0.01 secs] 
208.730: Total time for which application threads were stopped: 0.0034940 seconds, Stopping threads took: 0.0000950 seconds
208.760: Application time: 0.0302650 seconds
208.760: [GC [PSYoungGen: 100224K->7776K(107520K)] 303324K->211081K(352768K), 0.0034140 secs] [Times: user=0.02 sys=0.00, real=0.00 secs] 
208.764: Total time for which application threads were stopped: 0.0035780 seconds, Stopping threads took: 0.0000610 seconds
208.790: Application time: 0.0257410 seconds
208.790: [GC [PSYoungGen: 99936K->7856K(107520K)] 303241K->211217K(352768K), 0.0032270 secs] [Times: user=0.03 sys=0.00, real=0.00 secs] 
208.793: Total time for which application threads were stopped: 0.0034010 seconds, Stopping threads took: 0.0000760 seconds
208.812: Application time: 0.0191570 seconds
208.812: [GC [PSYoungGen: 100016K->7744K(107520K)] 303377K->211105K(352768K), 0.0031750 secs] [Times: user=0.02 sys=0.00, real=0.00 secs] 
208.816: Total time for which application threads were stopped: 0.0033700 seconds, Stopping threads took: 0.0000920 seconds
208.845: Application time: 0.0292490 seconds
208.845: [GC [PSYoungGen: 99904K->13456K(107520K)] 303265K->216817K(352768K), 0.0051090 secs] [Times: user=0.03 sys=0.00, real=0.01 secs] 
208.850: Total time for which application threads were stopped: 0.0053010 seconds, Stopping threads took: 0.0000890 seconds
208.888: Application time: 0.0375170 seconds
208.888: [GC [PSYoungGen: 105616K->9552K(107520K)] 308977K->212913K(352768K), 0.0038940 secs] [Times: user=0.03 sys=0.00, real=0.01 secs] 
208.892: Total time for which application threads were stopped: 0.0040850 seconds, Stopping threads took: 0.0000860 seconds
208.928: Application time: 0.0365960 seconds
208.928: [GC [PSYoungGen: 101712K->7616K(107520K)] 305073K->210977K(352768K), 0.0034940 secs] [Times: user=0.02 sys=0.00, real=0.00 secs] 
208.932: Total time for which application threads were stopped: 0.0036930 seconds, Stopping threads took: 0.0000920 seconds
208.970: Application time: 0.0384600 seconds
208.971: [GC [PSYoungGen: 99776K->7616K(107520K)] 303137K->210977K(352768K), 0.0032420 secs] [Times: user=0.02 sys=0.00, real=0.00 secs] 
208.974: Total time for which application threads were stopped: 0.0034730 seconds, Stopping threads took: 0.0001280 seconds
209.001: Application time: 0.0266060 seconds
209.001: [GC [PSYoungGen: 99776K->7824K(107520K)] 303137K->211233K(352768K), 0.0032570 secs] [Times: user=0.03 sys=0.00, real=0.00 secs] 
209.004: Total time for which application threads were stopped: 0.0034420 seconds, Stopping threads took: 0.0000850 seconds
209.035: Application time: 0.0311090 seconds
209.035: [GC [PSYoungGen: 99984K->7888K(107520K)] 303393K->211297K(352768K), 0.0033940 secs] [Times: user=0.02 sys=0.00, real=0.01 secs] 
209.039: Total time for which application threads were stopped: 0.0036020 seconds, Stopping threads took: 0.0000830 seconds
209.060: Application time: 0.0209100 seconds
209.060: [GC [PSYoungGen: 100048K->7776K(107520K)] 303457K->211185K(352768K), 0.0032510 secs] [Times: user=0.03 sys=0.00, real=0.00 secs] 
209.063: Total time for which application threads were stopped: 0.0034190 seconds, Stopping threads took: 0.0000650 seconds
209.086: Application time: 0.0230920 seconds
209.086: [GC [PSYoungGen: 99936K->8400K(107520K)] 303345K->211809K(352768K), 0.0035010 secs] [Times: user=0.02 sys=0.00, real=0.01 secs] 
209.090: Total time for which application threads were stopped: 0.0036980 seconds, Stopping threads took: 0.0000950 seconds
209.129: Application time: 0.0387250 seconds
209.129: [GC [PSYoungGen: 100560K->8992K(107520K)] 303969K->212401K(352768K), 0.0035730 secs] [Times: user=0.02 sys=0.00, real=0.00 secs] 
209.132: Total time for which application threads were stopped: 0.0037660 seconds, Stopping threads took: 0.0000890 seconds
209.164: Application time: 0.0321480 seconds
209.165: [GC [PSYoungGen: 101152K->7744K(107520K)] 304561K->211153K(352768K), 0.0032710 secs] [Times: user=0.02 sys=0.00, real=0.00 secs] 
209.168: Total time for which application threads were stopped: 0.0034580 seconds, Stopping threads took: 0.0000830 seconds
209.209: Application time: 0.0409280 seconds
209.209: [GC [PSYoungGen: 99904K->7952K(107520K)] 303313K->211361K(352768K), 0.0033550 secs] [Times: user=0.02 sys=0.00, real=0.00 secs] 
209.212: Total time for which application threads were stopped: 0.0035500 seconds, Stopping threads took: 0.0000880 seconds
209.243: Application time: 0.0302200 seconds
209.243: [GC [PSYoungGen: 100112K->7920K(107520K)] 303521K->211329K(352768K), 0.0056660 secs] [Times: user=0.04 sys=0.00, real=0.01 secs] 
209.248: Total time for which application threads were stopped: 0.0058310 seconds, Stopping threads took: 0.0000650 seconds
209.279: Application time: 0.0302940 seconds
209.279: [GC [PSYoungGen: 100080K->7904K(107520K)] 303489K->211313K(352768K), 0.0033330 secs] [Times: user=0.02 sys=0.00, real=0.00 secs] 
209.282: Total time for which application threads were stopped: 0.0035290 seconds, Stopping threads took: 0.0000910 seconds
209.307: Application time: 0.0242480 seconds
209.307: [GC [PSYoungGen: 100064K->7728K(107520K)] 303473K->211137K(352768K), 0.0031600 secs] [Times: user=0.02 sys=0.00, real=0.01 secs] 
209.310: Total time for which application threads were stopped: 0.0033320 seconds, Stopping threads took: 0.0000730 seconds
209.329: Application time: 0.0192370 seconds
209.329: [GC [PSYoungGen: 99888K->8064K(107520K)] 303297K->211473K(352768K), 0.0032560 secs] [Times: user=0.02 sys=0.00, real=0.00 secs] 
209.333: Total time for which application threads were stopped: 0.0034490 seconds, Stopping threads took: 0.0000860 seconds
209.365: Application time: 0.0326940 seconds
209.365: [GC [PSYoungGen: 100224K->15328K(107520K)] 303633K->219486K(352768K), 0.0062650 secs] [Times: user=0.05 sys=0.00, real=0.01 secs] 
209.372: Total time for which application threads were stopped: 0.0064390 seconds, Stopping threads took: 0.0000710 seconds
209.407: Application time: 0.0350130 seconds
209.407: [GC [PSYoungGen: 107488K->13344K(107520K)] 311646K->217501K(352768K), 0.0053090 secs] [Times: user=0.04 sys=0.00, real=0.01 secs] 
209.412: Total time for which application threads were stopped: 0.0054870 seconds, Stopping threads took: 0.0000730 seconds
209.451: Application time: 0.0384850 seconds
209.451: [GC [PSYoungGen: 105504K->11488K(107520K)] 309661K->215645K(352768K), 0.0045840 secs] [Times: user=0.03 sys=0.00, real=0.00 secs] 
209.455: Total time for which application threads were stopped: 0.0047610 seconds, Stopping threads took: 0.0000740 seconds
209.492: Application time: 0.0366170 seconds
209.492: [GC [PSYoungGen: 103648K->11488K(107520K)] 307805K->215646K(352768K), 0.0049680 secs] [Times: user=0.03 sys=0.00, real=0.01 secs] 
209.497: Total time for which application threads were stopped: 0.0051370 seconds, Stopping threads took: 0.0000690 seconds
209.527: Application time: 0.0293770 seconds
209.527: [GC [PSYoungGen: 103648K->11328K(107520K)] 307806K->215662K(352768K), 0.0046710 secs] [Times: user=0.04 sys=0.00, real=0.01 secs] 
209.531: Total time for which application threads were stopped: 0.0048650 seconds, Stopping threads took: 0.0000910 seconds
209.561: Application time: 0.0290710 seconds
209.561: [GC [PSYoungGen: 103488K->11248K(107520K)] 307822K->215670K(352768K), 0.0045610 secs] [Times: user=0.03 sys=0.00, real=0.00 secs] 
209.565: Total time for which application threads were stopped: 0.0047670 seconds, Stopping threads took: 0.0000780 seconds
209.585: Application time: 0.0199370 seconds
209.585: [GC [PSYoungGen: 103408K->11296K(107520K)] 307830K->215718K(352768K), 0.0047900 secs] [Times: user=0.04 sys=0.00, real=0.01 secs] 
209.590: Total time for which application threads were stopped: 0.0049900 seconds, Stopping threads took: 0.0000960 seconds
209.615: Application time: 0.0250070 seconds
209.615: [GC [PSYoungGen: 103456K->12768K(107520K)] 307878K->217190K(352768K), 0.0052990 secs] [Times: user=0.03 sys=0.00, real=0.01 secs] 
209.621: Total time for which application threads were stopped: 0.0054920 seconds, Stopping threads took: 0.0000900 seconds
209.660: Application time: 0.0395310 seconds
209.660: [GC [PSYoungGen: 104928K->11152K(107520K)] 309350K->215574K(352768K), 0.0044780 secs] [Times: user=0.03 sys=0.00, real=0.00 secs] 
209.665: Total time for which application threads were stopped: 0.0046600 seconds, Stopping threads took: 0.0000790 seconds
209.699: Application time: 0.0335540 seconds
209.699: [GC [PSYoungGen: 103312K->11184K(107520K)] 307734K->215606K(352768K), 0.0045690 secs] [Times: user=0.03 sys=0.00, real=0.00 secs] 
209.703: Total time for which application threads were stopped: 0.0047850 seconds, Stopping threads took: 0.0001030 seconds
209.744: Application time: 0.0405950 seconds
209.744: [GC [PSYoungGen: 103344K->10976K(107520K)] 307766K->215398K(352768K), 0.0045260 secs] [Times: user=0.03 sys=0.00, real=0.01 secs] 
209.749: Total time for which application threads were stopped: 0.0047390 seconds, Stopping threads took: 0.0001090 seconds
209.776: Application time: 0.0268720 seconds
209.776: [GC [PSYoungGen: 103136K->11248K(107520K)] 307558K->215718K(352768K), 0.0048960 secs] [Times: user=0.03 sys=0.01, real=0.01 secs] 
209.781: Total time for which application threads were stopped: 0.0050870 seconds, Stopping threads took: 0.0000880 seconds
209.813: Application time: 0.0325260 seconds
209.813: [GC [PSYoungGen: 103408K->11440K(107520K)] 307878K->215910K(352768K), 0.0046700 secs] [Times: user=0.04 sys=0.00, real=0.01 secs] 
209.818: Total time for which application threads were stopped: 0.0048550 seconds, Stopping threads took: 0.0000820 seconds
209.840: Application time: 0.0221160 seconds
209.840: [GC [PSYoungGen: 103600K->11600K(107520K)] 308070K->216070K(352768K), 0.0046300 secs] [Times: user=0.03 sys=0.00, real=0.00 secs] 
209.845: Total time for which application threads were stopped: 0.0048310 seconds, Stopping threads took: 0.0000990 seconds
209.865: Application time: 0.0204350 seconds
209.866: [GC [PSYoungGen: 103760K->11616K(107520K)] 308230K->216086K(352768K), 0.0048180 secs] [Times: user=0.03 sys=0.00, real=0.01 secs] 
209.870: Total time for which application threads were stopped: 0.0050050 seconds, Stopping threads took: 0.0000850 seconds
209.908: Application time: 0.0373910 seconds
209.908: [GC [PSYoungGen: 103776K->11616K(107520K)] 308246K->219642K(352768K), 0.0059230 secs] [Times: user=0.04 sys=0.00, real=0.01 secs] 
209.914: Total time for which application threads were stopped: 0.0060990 seconds, Stopping threads took: 0.0000720 seconds
209.945: Application time: 0.0312670 seconds
209.945: [GC [PSYoungGen: 103776K->10112K(107520K)] 311802K->218138K(352768K), 0.0040110 secs] [Times: user=0.03 sys=0.00, real=0.01 secs] 
209.949: Total time for which application threads were stopped: 0.0042000 seconds, Stopping threads took: 0.0000860 seconds
209.990: Application time: 0.0405070 seconds
209.990: [GC [PSYoungGen: 102272K->7728K(107520K)] 310298K->215754K(352768K), 0.0035130 secs] [Times: user=0.02 sys=0.00, real=0.00 secs] 
209.994: Total time for which application threads were stopped: 0.0036790 seconds, Stopping threads took: 0.0000660 seconds
210.027: Application time: 0.0334550 seconds
210.028: [GC [PSYoungGen: 99888K->8032K(107520K)] 307914K->216058K(352768K), 0.0038150 secs] [Times: user=0.02 sys=0.00, real=0.00 secs] 
210.032: Total time for which application threads were stopped: 0.0052620 seconds, Stopping threads took: 0.0013470 seconds
210.062: Application time: 0.0301850 seconds
210.063: [GC [PSYoungGen: 100192K->7808K(107520K)] 308218K->215834K(352768K), 0.0033510 secs] [Times: user=0.03 sys=0.00, real=0.00 secs] 
210.066: Total time for which application threads were stopped: 0.0035570 seconds, Stopping threads took: 0.0000860 seconds
210.093: Application time: 0.0268010 seconds
210.093: [GC [PSYoungGen: 99968K->7936K(107520K)] 307994K->215962K(352768K), 0.0033430 secs] [Times: user=0.02 sys=0.00, real=0.01 secs] 
210.096: Total time for which application threads were stopped: 0.0035680 seconds, Stopping threads took: 0.0001210 seconds
210.115: Application time: 0.0182030 seconds
210.115: [GC [PSYoungGen: 100096K->7888K(107520K)] 308122K->215914K(352768K), 0.0033910 secs] [Times: user=0.02 sys=0.00, real=0.01 secs] 
210.118: Total time for which application threads were stopped: 0.0035830 seconds, Stopping threads took: 0.0000920 seconds
210.148: Application time: 0.0294200 seconds
210.148: [GC [PSYoungGen: 100048K->12400K(107520K)] 308074K->220426K(352768K), 0.0048740 secs] [Times: user=0.04 sys=0.00, real=0.01 secs] 
210.153: Total time for which application threads were stopped: 0.0050690 seconds, Stopping threads took: 0.0000830 seconds
210.189: Application time: 0.0367670 seconds
210.190: [GC [PSYoungGen: 104560K->8240K(107520K)] 312586K->216266K(352768K), 0.0033390 secs] [Times: user=0.02 sys=0.00, real=0.00 secs] 
210.193: Total time for which application threads were stopped: 0.0035090 seconds, Stopping threads took: 0.0000690 seconds
210.229: Application time: 0.0361240 seconds
210.229: [GC [PSYoungGen: 100400K->7744K(107520K)] 308426K->215770K(352768K), 0.0033230 secs] [Times: user=0.02 sys=0.00, real=0.00 secs] 
210.233: Total time for which application threads were stopped: 0.0035360 seconds, Stopping threads took: 0.0001100 seconds
210.272: Application time: 0.0397670 seconds
210.273: [GC [PSYoungGen: 99904K->7968K(107520K)] 307930K->215994K(352768K), 0.0033250 secs] [Times: user=0.02 sys=0.00, real=0.00 secs] 
210.276: Total time for which application threads were stopped: 0.0035370 seconds, Stopping threads took: 0.0001100 seconds
210.302: Application time: 0.0258500 seconds
210.302: [GC [PSYoungGen: 100128K->7712K(107520K)] 308154K->215814K(352768K), 0.0034590 secs] [Times: user=0.02 sys=0.00, real=0.00 secs] 
210.305: Total time for which application threads were stopped: 0.0036630 seconds, Stopping threads took: 0.0001050 seconds
210.338: Application time: 0.0325700 seconds
210.338: [GC [PSYoungGen: 99872K->7760K(107520K)] 307974K->216002K(352768K), 0.0033550 secs] [Times: user=0.01 sys=0.00, real=0.00 secs] 
210.342: Total time for which application threads were stopped: 0.0035390 seconds, Stopping threads took: 0.0000810 seconds
210.362: Application time: 0.0206040 seconds
210.362: [GC [PSYoungGen: 99920K->7568K(107520K)] 308162K->215850K(352768K), 0.0031890 secs] [Times: user=0.03 sys=0.00, real=0.00 secs] 
210.366: Total time for which application threads were stopped: 0.0033900 seconds, Stopping threads took: 0.0000980 seconds
210.387: Application time: 0.0219160 seconds
210.388: [GC [PSYoungGen: 99728K->7536K(107520K)] 308010K->215818K(352768K), 0.0164130 secs] [Times: user=0.12 sys=0.00, real=0.01 secs] 
210.405: Total time for which application threads were stopped: 0.0173730 seconds, Stopping threads took: 0.0008630 seconds
210.448: Application time: 0.0426850 seconds
210.448: [GC [PSYoungGen: 99696K->9456K(107520K)] 307978K->217738K(352768K), 0.0038040 secs] [Times: user=0.02 sys=0.00, real=0.00 secs] 
210.452: Total time for which application threads were stopped: 0.0047260 seconds, Stopping threads took: 0.0008240 seconds
210.489: Application time: 0.0370450 seconds
210.489: [GC [PSYoungGen: 101616K->9568K(107520K)] 309898K->217858K(352768K), 0.0040930 secs] [Times: user=0.03 sys=0.00, real=0.00 secs] 
210.494: Total time for which application threads were stopped: 0.0043060 seconds, Stopping threads took: 0.0001130 seconds
210.537: Application time: 0.0435480 seconds
210.537: [GC [PSYoungGen: 101728K->7600K(107520K)] 310018K->215890K(352768K), 0.0034550 secs] [Times: user=0.01 sys=0.01, real=0.00 secs] 
210.541: Total time for which application threads were stopped: 0.0036270 seconds, Stopping threads took: 0.0000730 seconds
210.570: Application time: 0.0288170 seconds
210.570: [GC [PSYoungGen: 99760K->7760K(107520K)] 308050K->216050K(352768K), 0.0033480 secs] [Times: user=0.03 sys=0.00, real=0.00 secs] 
210.573: Total time for which application threads were stopped: 0.0035460 seconds, Stopping threads took: 0.0000770 seconds
210.606: Application time: 0.0330580 seconds
210.606: [GC [PSYoungGen: 99920K->7760K(107520K)] 308210K->216090K(352768K), 0.0032710 secs] [Times: user=0.02 sys=0.00, real=0.01 secs] 
210.610: Total time for which application threads were stopped: 0.0034700 seconds, Stopping threads took: 0.0000990 seconds
210.633: Application time: 0.0229330 seconds
210.633: [GC [PSYoungGen: 99920K->7824K(107520K)] 308250K->216154K(352768K), 0.0031880 secs] [Times: user=0.02 sys=0.00, real=0.00 secs] 
210.636: Total time for which application threads were stopped: 0.0033500 seconds, Stopping threads took: 0.0000630 seconds
210.658: Application time: 0.0222630 seconds
210.658: [GC [PSYoungGen: 99984K->7936K(107520K)] 308314K->216266K(352768K), 0.0035120 secs] [Times: user=0.02 sys=0.00, real=0.00 secs] 
210.662: Total time for which application threads were stopped: 0.0037120 seconds, Stopping threads took: 0.0000980 seconds
210.698: Application time: 0.0358540 seconds
210.698: [GC [PSYoungGen: 100096K->10304K(107520K)] 308426K->218634K(352768K), 0.0039060 secs] [Times: user=0.03 sys=0.00, real=0.00 secs] 
210.702: Total time for which application threads were stopped: 0.0041020 seconds, Stopping threads took: 0.0000950 seconds
210.731: Application time: 0.0292110 seconds
210.731: [GC [PSYoungGen: 102464K->9952K(107520K)] 310794K->218282K(352768K), 0.0038940 secs] [Times: user=0.03 sys=0.00, real=0.00 secs] 
210.735: Total time for which application threads were stopped: 0.0040870 seconds, Stopping threads took: 0.0000910 seconds
210.775: Application time: 0.0401910 seconds
210.776: [GC [PSYoungGen: 102112K->7568K(107520K)] 310442K->215898K(352768K), 0.0032020 secs] [Times: user=0.02 sys=0.00, real=0.01 secs] 
210.779: Total time for which application threads were stopped: 0.0033980 seconds, Stopping threads took: 0.0000950 seconds
210.813: Application time: 0.0343530 seconds
210.813: [GC [PSYoungGen: 99728K->7744K(107520K)] 308058K->216074K(352768K), 0.0032940 secs] [Times: user=0.03 sys=0.00, real=0.01 secs] 
210.817: Total time for which application threads were stopped: 0.0034480 seconds, Stopping threads took: 0.0000540 seconds
210.847: Application time: 0.0302450 seconds
210.847: [GC [PSYoungGen: 99904K->7952K(107520K)] 308234K->216282K(352768K), 0.0034230 secs] [Times: user=0.02 sys=0.00, real=0.01 secs] 
210.850: Total time for which application threads were stopped: 0.0036240 seconds, Stopping threads took: 0.0000970 seconds
210.878: Application time: 0.0277990 seconds
210.878: [GC [PSYoungGen: 100112K->8192K(107520K)] 308442K->216522K(352768K), 0.0032890 secs] [Times: user=0.02 sys=0.00, real=0.00 secs] 
210.882: Total time for which application threads were stopped: 0.0034850 seconds, Stopping threads took: 0.0000930 seconds
210.903: Application time: 0.0210030 seconds
210.903: [GC [PSYoungGen: 100352K->7968K(107520K)] 308682K->216298K(352768K), 0.0031490 secs] [Times: user=0.02 sys=0.00, real=0.00 secs] 
210.906: Total time for which application threads were stopped: 0.0033460 seconds, Stopping threads took: 0.0000960 seconds
210.935: Application time: 0.0284400 seconds
210.935: [GC [PSYoungGen: 100128K->11360K(107520K)] 308458K->219690K(352768K), 0.0044930 secs] [Times: user=0.03 sys=0.00, real=0.01 secs] 
210.939: Total time for which application threads were stopped: 0.0046640 seconds, Stopping threads took: 0.0000650 seconds
210.974: Application time: 0.0348070 seconds
210.974: [GC [PSYoungGen: 103520K->8688K(107520K)] 311850K->217018K(352768K), 0.0033700 secs] [Times: user=0.03 sys=0.00, real=0.01 secs] 
210.978: Total time for which application threads were stopped: 0.0035490 seconds, Stopping threads took: 0.0000780 seconds
211.012: Application time: 0.0345150 seconds
211.012: [GC [PSYoungGen: 100848K->9072K(107520K)] 309178K->217402K(352768K), 0.0036610 secs] [Times: user=0.03 sys=0.00, real=0.00 secs] 
211.016: Total time for which application threads were stopped: 0.0038500 seconds, Stopping threads took: 0.0000860 seconds
211.056: Application time: 0.0398930 seconds
211.056: [GC [PSYoungGen: 101232K->8032K(107520K)] 309562K->216362K(352768K), 0.0033440 secs] [Times: user=0.02 sys=0.00, real=0.01 secs] 
211.059: Total time for which application threads were stopped: 0.0035210 seconds, Stopping threads took: 0.0000770 seconds
211.087: Application time: 0.0277020 seconds
211.087: [GC [PSYoungGen: 100192K->7552K(107520K)] 308522K->215994K(352768K), 0.0032760 secs] [Times: user=0.02 sys=0.00, real=0.01 secs] 
211.091: Total time for which application threads were stopped: 0.0034900 seconds, Stopping threads took: 0.0000940 seconds
211.123: Application time: 0.0324790 seconds
211.123: [GC [PSYoungGen: 99712K->7840K(107520K)] 308154K->216370K(352768K), 0.0033570 secs] [Times: user=0.03 sys=0.00, real=0.00 secs] 
211.127: Total time for which application threads were stopped: 0.0035540 seconds, Stopping threads took: 0.0000940 seconds
211.148: Application time: 0.0218010 seconds
211.149: [GC [PSYoungGen: 100000K->7808K(107520K)] 308530K->216394K(352768K), 0.0032040 secs] [Times: user=0.02 sys=0.00, real=0.00 secs] 
211.152: Total time for which application threads were stopped: 0.0033980 seconds, Stopping threads took: 0.0000920 seconds
211.175: Application time: 0.0233030 seconds
211.175: [GC [PSYoungGen: 99968K->8448K(107520K)] 308554K->217090K(352768K), 0.0033710 secs] [Times: user=0.02 sys=0.00, real=0.01 secs] 
211.179: Total time for which application threads were stopped: 0.0035380 seconds, Stopping threads took: 0.0000650 seconds
211.216: Application time: 0.0378280 seconds
211.217: [GC [PSYoungGen: 100608K->8080K(107520K)] 309250K->216722K(352768K), 0.0032190 secs] [Times: user=0.02 sys=0.00, real=0.00 secs] 
211.220: Total time for which application threads were stopped: 0.0033730 seconds, Stopping threads took: 0.0000530 seconds
211.249: Application time: 0.0294030 seconds
211.252: [GC [PSYoungGen: 100240K->7856K(107520K)] 308882K->216498K(352768K), 0.0031860 secs] [Times: user=0.02 sys=0.00, real=0.00 secs] 
211.256: Total time for which application threads were stopped: 0.0063450 seconds, Stopping threads took: 0.0030600 seconds
211.297: Application time: 0.0408880 seconds
211.297: [GC [PSYoungGen: 100016K->7680K(107520K)] 308658K->216322K(352768K), 0.0032150 secs] [Times: user=0.02 sys=0.00, real=0.00 secs] 
211.300: Total time for which application threads were stopped: 0.0033910 seconds, Stopping threads took: 0.0000780 seconds
211.332: Application time: 0.0317130 seconds
211.332: [GC [PSYoungGen: 99840K->7536K(107520K)] 308482K->216178K(352768K), 0.0033010 secs] [Times: user=0.03 sys=0.00, real=0.00 secs] 
211.335: Total time for which application threads were stopped: 0.0034860 seconds, Stopping threads took: 0.0000840 seconds
211.366: Application time: 0.0308890 seconds
211.368: [GC [PSYoungGen: 99696K->7776K(107520K)] 308338K->216466K(352768K), 0.0032970 secs] [Times: user=0.02 sys=0.00, real=0.00 secs] 
211.372: Total time for which application threads were stopped: 0.0057210 seconds, Stopping threads took: 0.0023250 seconds
211.398: Application time: 0.0259050 seconds
211.398: [GC [PSYoungGen: 99936K->8032K(107520K)] 308626K->216722K(352768K), 0.0032680 secs] [Times: user=0.02 sys=0.00, real=0.00 secs] 
211.401: Total time for which application threads were stopped: 0.0034440 seconds, Stopping threads took: 0.0000720 seconds
211.422: Application time: 0.0204820 seconds
211.422: [GC [PSYoungGen: 100192K->7968K(107520K)] 308882K->216658K(352768K), 0.0032650 secs] [Times: user=0.03 sys=0.00, real=0.00 secs] 
211.425: Total time for which application threads were stopped: 0.0034380 seconds, Stopping threads took: 0.0000710 seconds
211.458: Application time: 0.0326000 seconds
211.458: [GC [PSYoungGen: 100128K->13200K(107520K)] 308818K->221890K(352768K), 0.0051120 secs] [Times: user=0.03 sys=0.00, real=0.00 secs] 
211.463: Total time for which application threads were stopped: 0.0053070 seconds, Stopping threads took: 0.0000940 seconds
211.496: Application time: 0.0332570 seconds
211.496: [GC [PSYoungGen: 105360K->8160K(107520K)] 314050K->216850K(352768K), 0.0035720 secs] [Times: user=0.03 sys=0.00, real=0.00 secs] 
211.500: Total time for which application threads were stopped: 0.0037630 seconds, Stopping threads took: 0.0000800 seconds
211.535: Application time: 0.0349690 seconds
211.535: [GC [PSYoungGen: 100320K->8816K(107520K)] 309010K->217506K(352768K), 0.0036760 secs] [Times: user=0.02 sys=0.00, real=0.01 secs] 
211.539: Total time for which application threads were stopped: 0.0038750 seconds, Stopping threads took: 0.0000960 seconds
211.577: Application time: 0.0385170 seconds
211.580: [GC [PSYoungGen: 100976K->7968K(107520K)] 309666K->216658K(352768K), 0.0032990 secs] [Times: user=0.02 sys=0.00, real=0.00 secs] 
211.584: Total time for which application threads were stopped: 0.0064800 seconds, Stopping threads took: 0.0030720 seconds
211.612: Application time: 0.0284050 seconds
211.612: [GC [PSYoungGen: 100128K->7840K(107520K)] 308818K->216530K(352768K), 0.0033530 secs] [Times: user=0.02 sys=0.00, real=0.00 secs] 
211.616: Total time for which application threads were stopped: 0.0035620 seconds, Stopping threads took: 0.0000790 seconds
211.647: Application time: 0.0313000 seconds
211.647: [GC [PSYoungGen: 100000K->7904K(107520K)] 308690K->216594K(352768K), 0.0035090 secs] [Times: user=0.03 sys=0.00, real=0.01 secs] 
211.651: Total time for which application threads were stopped: 0.0036910 seconds, Stopping threads took: 0.0000830 seconds
211.672: Application time: 0.0213950 seconds
211.672: [GC [PSYoungGen: 100056K->7872K(107520K)] 308747K->216562K(352768K), 0.0031690 secs] [Times: user=0.02 sys=0.00, real=0.00 secs] 
211.675: Total time for which application threads were stopped: 0.0033440 seconds, Stopping threads took: 0.0000750 seconds
211.699: Application time: 0.0231540 seconds
211.699: [GC [PSYoungGen: 100032K->10544K(107520K)] 308722K->219234K(352768K), 0.0043230 secs] [Times: user=0.03 sys=0.00, real=0.00 secs] 
211.703: Total time for which application threads were stopped: 0.0044810 seconds, Stopping threads took: 0.0000520 seconds
211.743: Application time: 0.0395880 seconds
211.743: [GC [PSYoungGen: 102704K->10608K(107520K)] 311394K->219298K(352768K), 0.0042820 secs] [Times: user=0.03 sys=0.00, real=0.00 secs] 
211.747: Total time for which application threads were stopped: 0.0044460 seconds, Stopping threads took: 0.0000610 seconds
211.777: Application time: 0.0293840 seconds
211.777: [GC [PSYoungGen: 102768K->7744K(107520K)] 311458K->216434K(352768K), 0.0032730 secs] [Times: user=0.02 sys=0.00, real=0.00 secs] 
211.780: Total time for which application threads were stopped: 0.0034790 seconds, Stopping threads took: 0.0001050 seconds
211.822: Application time: 0.0415320 seconds
211.822: [GC [PSYoungGen: 99904K->8000K(107520K)] 308594K->216690K(352768K), 0.0033240 secs] [Times: user=0.02 sys=0.00, real=0.00 secs] 
211.825: Total time for which application threads were stopped: 0.0035110 seconds, Stopping threads took: 0.0000860 seconds
211.855: Application time: 0.0298070 seconds
211.855: [GC [PSYoungGen: 100160K->7776K(107520K)] 308850K->216562K(352768K), 0.0035490 secs] [Times: user=0.02 sys=0.00, real=0.01 secs] 
211.859: Total time for which application threads were stopped: 0.0037210 seconds, Stopping threads took: 0.0000700 seconds
211.890: Application time: 0.0310270 seconds
211.890: [GC [PSYoungGen: 99936K->7872K(107520K)] 308722K->216778K(352768K), 0.0033500 secs] [Times: user=0.02 sys=0.00, real=0.00 secs] 
211.893: Total time for which application threads were stopped: 0.0035490 seconds, Stopping threads took: 0.0000990 seconds
211.919: Application time: 0.0254580 seconds
211.919: [GC [PSYoungGen: 100032K->7984K(107520K)] 308938K->216946K(352768K), 0.0033250 secs] [Times: user=0.03 sys=0.00, real=0.00 secs] 
211.922: Total time for which application threads were stopped: 0.0035180 seconds, Stopping threads took: 0.0000920 seconds
211.943: Application time: 0.0205810 seconds
211.943: [GC [PSYoungGen: 100144K->8016K(107520K)] 309106K->216978K(352768K), 0.0031820 secs] [Times: user=0.02 sys=0.00, real=0.00 secs] 
211.946: Total time for which application threads were stopped: 0.0033690 seconds, Stopping threads took: 0.0000840 seconds
211.981: Application time: 0.0350130 seconds
211.981: [GC [PSYoungGen: 100176K->11392K(107520K)] 309138K->220410K(352768K), 0.0045670 secs] [Times: user=0.03 sys=0.00, real=0.00 secs] 
211.986: Total time for which application threads were stopped: 0.0047710 seconds, Stopping threads took: 0.0001000 seconds
212.020: Application time: 0.0341990 seconds
212.020: [GC [PSYoungGen: 103552K->8448K(107520K)] 312570K->217474K(352768K), 0.0034260 secs] [Times: user=0.02 sys=0.00, real=0.00 secs] 
212.024: Total time for which application threads were stopped: 0.0036010 seconds, Stopping threads took: 0.0000730 seconds
212.058: Application time: 0.0347100 seconds
212.059: [GC [PSYoungGen: 100608K->7664K(107520K)] 309634K->216690K(352768K), 0.0032600 secs] [Times: user=0.02 sys=0.00, real=0.00 secs] 
212.062: Total time for which application threads were stopped: 0.0034300 seconds, Stopping threads took: 0.0000690 seconds
212.096: Application time: 0.0343730 seconds
212.096: [GC [PSYoungGen: 99824K->7888K(107520K)] 308850K->216914K(352768K), 0.0032670 secs] [Times: user=0.02 sys=0.00, real=0.00 secs] 
212.100: Total time for which application threads were stopped: 0.0034580 seconds, Stopping threads took: 0.0000930 seconds
212.131: Application time: 0.0315020 seconds
212.132: [GC [PSYoungGen: 100048K->7632K(107520K)] 309074K->216658K(352768K), 0.0033020 secs] [Times: user=0.03 sys=0.00, real=0.00 secs] 
212.136: Total time for which application threads were stopped: 0.0045370 seconds, Stopping threads took: 0.0011180 seconds
212.162: Application time: 0.0260830 seconds
212.162: [GC [PSYoungGen: 99792K->7968K(107520K)] 308818K->217042K(352768K), 0.0033370 secs] [Times: user=0.02 sys=0.00, real=0.00 secs] 
212.165: Total time for which application threads were stopped: 0.0035330 seconds, Stopping threads took: 0.0000930 seconds
212.188: Application time: 0.0230950 seconds
212.189: [GC [PSYoungGen: 100128K->7952K(107520K)] 309202K->217026K(352768K), 0.0033610 secs] [Times: user=0.02 sys=0.00, real=0.00 secs] 
212.192: Total time for which application threads were stopped: 0.0035550 seconds, Stopping threads took: 0.0000940 seconds
212.219: Application time: 0.0272360 seconds
212.219: [GC [PSYoungGen: 100112K->13504K(107520K)] 309186K->222578K(352768K), 0.0054080 secs] [Times: user=0.04 sys=0.00, real=0.00 secs] 
212.225: Total time for which application threads were stopped: 0.0055810 seconds, Stopping threads took: 0.0000700 seconds
212.262: Application time: 0.0367700 seconds
212.262: [GC [PSYoungGen: 105664K->9056K(107520K)] 314738K->218130K(352768K), 0.0038220 secs] [Times: user=0.03 sys=0.00, real=0.00 secs] 
212.266: Total time for which application threads were stopped: 0.0040120 seconds, Stopping threads took: 0.0000880 seconds
212.298: Application time: 0.0323520 seconds
212.298: [GC [PSYoungGen: 101216K->7824K(107520K)] 310290K->216898K(352768K), 0.0034170 secs] [Times: user=0.02 sys=0.00, real=0.00 secs] 
212.302: Total time for which application threads were stopped: 0.0036130 seconds, Stopping threads took: 0.0000970 seconds
212.341: Application time: 0.0396540 seconds
212.341: [GC [PSYoungGen: 99984K->7872K(107520K)] 309058K->216946K(352768K), 0.0032020 secs] [Times: user=0.03 sys=0.00, real=0.00 secs] 
212.345: Total time for which application threads were stopped: 0.0033950 seconds, Stopping threads took: 0.0000920 seconds
212.374: Application time: 0.0292000 seconds
212.374: [GC [PSYoungGen: 100032K->7904K(107520K)] 309106K->216978K(352768K), 0.0033440 secs] [Times: user=0.02 sys=0.00, real=0.01 secs] 
212.377: Total time for which application threads were stopped: 0.0035240 seconds, Stopping threads took: 0.0000760 seconds
212.406: Application time: 0.0290680 seconds
212.407: [GC [PSYoungGen: 100064K->8016K(107520K)] 309138K->217090K(352768K), 0.0035620 secs] [Times: user=0.02 sys=0.00, real=0.01 secs] 
212.410: Total time for which application threads were stopped: 0.0037580 seconds, Stopping threads took: 0.0000930 seconds
212.435: Application time: 0.0251460 seconds
212.435: [GC [PSYoungGen: 100176K->7904K(107520K)] 309250K->216978K(352768K), 0.0033060 secs] [Times: user=0.02 sys=0.00, real=0.01 secs] 
212.439: Total time for which application threads were stopped: 0.0034920 seconds, Stopping threads took: 0.0000850 seconds
212.465: Application time: 0.0260920 seconds
212.465: [GC [PSYoungGen: 100064K->11664K(107520K)] 309138K->220738K(352768K), 0.0045770 secs] [Times: user=0.03 sys=0.00, real=0.01 secs] 
212.470: Total time for which application threads were stopped: 0.0047660 seconds, Stopping threads took: 0.0000880 seconds
212.500: Application time: 0.0305510 seconds
212.500: [GC [PSYoungGen: 103824K->11584K(107520K)] 312898K->220658K(352768K), 0.0048010 secs] [Times: user=0.03 sys=0.00, real=0.00 secs] 
212.505: Total time for which application threads were stopped: 0.0049870 seconds, Stopping threads took: 0.0000810 seconds
212.539: Application time: 0.0339270 seconds
212.539: [GC [PSYoungGen: 103744K->8288K(107520K)] 312818K->217362K(352768K), 0.0034080 secs] [Times: user=0.02 sys=0.00, real=0.00 secs] 
212.543: Total time for which application threads were stopped: 0.0036150 seconds, Stopping threads took: 0.0001040 seconds
212.579: Application time: 0.0363100 seconds
212.580: [GC [PSYoungGen: 100448K->9536K(107520K)] 309522K->218610K(352768K), 0.0039540 secs] [Times: user=0.02 sys=0.00, real=0.00 secs] 
212.584: Total time for which application threads were stopped: 0.0053180 seconds, Stopping threads took: 0.0012590 seconds
212.618: Application time: 0.0331480 seconds
212.618: [GC [PSYoungGen: 101696K->7840K(107520K)] 310770K->216970K(352768K), 0.0033690 secs] [Times: user=0.02 sys=0.00, real=0.00 secs] 
212.621: Total time for which application threads were stopped: 0.0035500 seconds, Stopping threads took: 0.0000810 seconds
212.653: Application time: 0.0317520 seconds
212.653: [GC [PSYoungGen: 100000K->7664K(107520K)] 309130K->216935K(352768K), 0.0032990 secs] [Times: user=0.02 sys=0.00, real=0.01 secs] 
212.656: Total time for which application threads were stopped: 0.0035220 seconds, Stopping threads took: 0.0001000 seconds
212.680: Application time: 0.0233870 seconds
212.680: [GC [PSYoungGen: 99824K->7744K(107520K)] 309095K->217111K(352768K), 0.0034160 secs] [Times: user=0.03 sys=0.00, real=0.00 secs] 
212.683: Total time for which application threads were stopped: 0.0036030 seconds, Stopping threads took: 0.0000840 seconds
212.710: Application time: 0.0264730 seconds
212.710: [GC [PSYoungGen: 99904K->9584K(107520K)] 309271K->218950K(352768K), 0.0039010 secs] [Times: user=0.03 sys=0.00, real=0.00 secs] 
212.714: Total time for which application threads were stopped: 0.0040730 seconds, Stopping threads took: 0.0000700 seconds
212.743: Application time: 0.0291230 seconds
212.743: [GC [PSYoungGen: 101744K->7616K(107520K)] 311110K->217031K(352768K), 0.0031450 secs] [Times: user=0.02 sys=0.00, real=0.00 secs] 
212.746: Total time for which application threads were stopped: 0.0033270 seconds, Stopping threads took: 0.0000820 seconds
212.780: Application time: 0.0331110 seconds
212.780: [GC [PSYoungGen: 99776K->9760K(107520K)] 309191K->219183K(352768K), 0.0038980 secs] [Times: user=0.02 sys=0.00, real=0.00 secs] 
212.784: Total time for which application threads were stopped: 0.0040880 seconds, Stopping threads took: 0.0000880 seconds
212.817: Application time: 0.0336100 seconds
212.820: [GC [PSYoungGen: 101920K->7824K(107520K)] 311343K->217247K(352768K), 0.0032270 secs] [Times: user=0.02 sys=0.00, real=0.00 secs] 
212.824: Total time for which application threads were stopped: 0.0064570 seconds, Stopping threads took: 0.0031260 seconds
212.859: Application time: 0.0356520 seconds
212.860: [GC [PSYoungGen: 99984K->7696K(107520K)] 309407K->217119K(352768K), 0.0032520 secs] [Times: user=0.02 sys=0.00, real=0.00 secs] 
212.863: Total time for which application threads were stopped: 0.0034730 seconds, Stopping threads took: 0.0001180 seconds
212.895: Application time: 0.0317240 seconds
212.895: [GC [PSYoungGen: 99856K->7792K(107520K)] 309279K->217215K(352768K), 0.0032110 secs] [Times: user=0.02 sys=0.00, real=0.01 secs] 
212.898: Total time for which application threads were stopped: 0.0033920 seconds, Stopping threads took: 0.0000770 seconds
212.926: Application time: 0.0276620 seconds
212.926: [GC [PSYoungGen: 99952K->7808K(107520K)] 309375K->217287K(352768K), 0.0032880 secs] [Times: user=0.02 sys=0.00, real=0.01 secs] 
212.929: Total time for which application threads were stopped: 0.0034540 seconds, Stopping threads took: 0.0000660 seconds
212.955: Application time: 0.0254750 seconds
212.955: [GC [PSYoungGen: 99968K->7744K(107520K)] 309447K->217223K(352768K), 0.0034780 secs] [Times: user=0.02 sys=0.00, real=0.01 secs] 
212.958: Total time for which application threads were stopped: 0.0036520 seconds, Stopping threads took: 0.0000600 seconds
212.986: Application time: 0.0278720 seconds
212.986: [GC [PSYoungGen: 99904K->10000K(107520K)] 309383K->219479K(352768K), 0.0040430 secs] [Times: user=0.03 sys=0.00, real=0.01 secs] 
212.990: Total time for which application threads were stopped: 0.0042490 seconds, Stopping threads took: 0.0001010 seconds
213.020: Application time: 0.0294970 seconds
213.020: [GC [PSYoungGen: 102160K->10640K(107520K)] 311639K->220119K(352768K), 0.0041410 secs] [Times: user=0.03 sys=0.00, real=0.00 secs] 
213.024: Total time for which application threads were stopped: 0.0043390 seconds, Stopping threads took: 0.0000940 seconds
213.058: Application time: 0.0338020 seconds
213.058: [GC [PSYoungGen: 102800K->10192K(107520K)] 312279K->219671K(352768K), 0.0040560 secs] [Times: user=0.03 sys=0.00, real=0.00 secs] 
213.062: Total time for which application threads were stopped: 0.0042340 seconds, Stopping threads took: 0.0000760 seconds
213.100: Application time: 0.0380530 seconds
213.100: [GC [PSYoungGen: 102352K->8208K(107520K)] 311831K->217687K(352768K), 0.0033590 secs] [Times: user=0.02 sys=0.00, real=0.00 secs] 
213.104: Total time for which application threads were stopped: 0.0035540 seconds, Stopping threads took: 0.0000930 seconds
213.136: Application time: 0.0319230 seconds
213.136: [GC [PSYoungGen: 100368K->7776K(107520K)] 309847K->217255K(352768K), 0.0032740 secs] [Times: user=0.02 sys=0.00, real=0.01 secs] 
213.139: Total time for which application threads were stopped: 0.0034650 seconds, Stopping threads took: 0.0000880 seconds
213.170: Application time: 0.0309630 seconds
213.170: [GC [PSYoungGen: 99936K->8000K(107520K)] 309415K->217479K(352768K), 0.0034640 secs] [Times: user=0.02 sys=0.00, real=0.00 secs] 
213.174: Total time for which application threads were stopped: 0.0036940 seconds, Stopping threads took: 0.0001090 seconds
213.197: Application time: 0.0232970 seconds
213.197: [GC [PSYoungGen: 100160K->7744K(107520K)] 309639K->217223K(352768K), 0.0033490 secs] [Times: user=0.02 sys=0.00, real=0.00 secs] 
213.201: Total time for which application threads were stopped: 0.0035160 seconds, Stopping threads took: 0.0000680 seconds
213.227: Application time: 0.0261760 seconds
213.227: [GC [PSYoungGen: 99904K->11568K(107520K)] 309383K->221047K(352768K), 0.0047800 secs] [Times: user=0.03 sys=0.00, real=0.01 secs] 
213.232: Total time for which application threads were stopped: 0.0049930 seconds, Stopping threads took: 0.0001110 seconds
213.263: Application time: 0.0310250 seconds
213.263: [GC [PSYoungGen: 103728K->9648K(107520K)] 313207K->219127K(352768K), 0.0039090 secs] [Times: user=0.03 sys=0.00, real=0.00 secs] 
213.267: Total time for which application threads were stopped: 0.0040860 seconds, Stopping threads took: 0.0000710 seconds
213.298: Application time: 0.0306960 seconds
213.298: [GC [PSYoungGen: 101808K->9696K(107520K)] 311287K->219175K(352768K), 0.0039630 secs] [Times: user=0.02 sys=0.00, real=0.00 secs] 
213.302: Total time for which application threads were stopped: 0.0041430 seconds, Stopping threads took: 0.0000770 seconds
213.340: Application time: 0.0377500 seconds
213.340: [GC [PSYoungGen: 101856K->9744K(107520K)] 311335K->219223K(352768K), 0.0039660 secs] [Times: user=0.02 sys=0.00, real=0.00 secs] 
213.344: Total time for which application threads were stopped: 0.0041500 seconds, Stopping threads took: 0.0000790 seconds
213.378: Application time: 0.0338430 seconds
213.378: [GC [PSYoungGen: 101904K->7824K(107520K)] 311383K->217359K(352768K), 0.0034510 secs] [Times: user=0.03 sys=0.00, real=0.00 secs] 
213.381: Total time for which application threads were stopped: 0.0036700 seconds, Stopping threads took: 0.0001200 seconds
213.414: Application time: 0.0325080 seconds
213.414: [GC [PSYoungGen: 99984K->7872K(107520K)] 309519K->217539K(352768K), 0.0033300 secs] [Times: user=0.02 sys=0.00, real=0.01 secs] 
213.417: Total time for which application threads were stopped: 0.0035260 seconds, Stopping threads took: 0.0000950 seconds
213.444: Application time: 0.0262590 seconds
213.444: [GC [PSYoungGen: 100032K->7840K(107520K)] 309699K->217555K(352768K), 0.0034090 secs] [Times: user=0.03 sys=0.00, real=0.00 secs] 
213.447: Total time for which application threads were stopped: 0.0036060 seconds, Stopping threads took: 0.0000950 seconds
213.473: Application time: 0.0256670 seconds
213.473: [GC [PSYoungGen: 100000K->8768K(107520K)] 309715K->218531K(352768K), 0.0035370 secs] [Times: user=0.03 sys=0.00, real=0.01 secs] 
213.477: Total time for which application threads were stopped: 0.0037140 seconds, Stopping threads took: 0.0000750 seconds
213.506: Application time: 0.0296600 seconds
213.506: [GC [PSYoungGen: 100928K->9344K(107520K)] 310691K->219163K(352768K), 0.0038960 secs] [Times: user=0.03 sys=0.00, real=0.01 secs] 
213.510: Total time for which application threads were stopped: 0.0040760 seconds, Stopping threads took: 0.0000760 seconds
213.539: Application time: 0.0291310 seconds
213.540: [GC [PSYoungGen: 101504K->8256K(107520K)] 311323K->218083K(352768K), 0.0033830 secs] [Times: user=0.02 sys=0.00, real=0.00 secs] 
213.543: Total time for which application threads were stopped: 0.0035580 seconds, Stopping threads took: 0.0000740 seconds
213.577: Application time: 0.0342350 seconds
213.577: [GC [PSYoungGen: 100416K->8032K(107520K)] 310243K->217859K(352768K), 0.0032550 secs] [Times: user=0.02 sys=0.00, real=0.00 secs] 
213.581: Total time for which application threads were stopped: 0.0034490 seconds, Stopping threads took: 0.0000920 seconds
213.617: Application time: 0.0359870 seconds
213.617: [GC [PSYoungGen: 100192K->7936K(107520K)] 310019K->217763K(352768K), 0.0032790 secs] [Times: user=0.02 sys=0.00, real=0.00 secs] 
213.620: Total time for which application threads were stopped: 0.0034720 seconds, Stopping threads took: 0.0000920 seconds
213.653: Application time: 0.0330830 seconds
213.653: [GC [PSYoungGen: 100096K->7728K(107520K)] 309923K->217555K(352768K), 0.0032390 secs] [Times: user=0.02 sys=0.00, real=0.01 secs] 
213.657: Total time for which application threads were stopped: 0.0034280 seconds, Stopping threads took: 0.0000880 seconds
213.686: Application time: 0.0290380 seconds
213.686: [GC [PSYoungGen: 99888K->7856K(107520K)] 309715K->217723K(352768K), 0.0033790 secs] [Times: user=0.02 sys=0.00, real=0.01 secs] 
213.689: Total time for which application threads were stopped: 0.0035830 seconds, Stopping threads took: 0.0000770 seconds
213.714: Application time: 0.0245040 seconds
213.714: [GC [PSYoungGen: 100016K->8320K(107520K)] 309883K->218187K(352768K), 0.0034230 secs] [Times: user=0.03 sys=0.00, real=0.01 secs] 
213.717: Total time for which application threads were stopped: 0.0036070 seconds, Stopping threads took: 0.0000820 seconds
213.747: Application time: 0.0292660 seconds
213.747: [GC [PSYoungGen: 100480K->9808K(107520K)] 310347K->219675K(352768K), 0.0038590 secs] [Times: user=0.02 sys=0.00, real=0.01 secs] 
213.751: Total time for which application threads were stopped: 0.0040510 seconds, Stopping threads took: 0.0000880 seconds
213.779: Application time: 0.0284460 seconds
213.779: [GC [PSYoungGen: 101968K->11536K(107520K)] 311835K->221403K(352768K), 0.0046710 secs] [Times: user=0.03 sys=0.00, real=0.00 secs] 
213.784: Total time for which application threads were stopped: 0.0048620 seconds, Stopping threads took: 0.0000850 seconds
213.815: Application time: 0.0305860 seconds
213.815: [GC [PSYoungGen: 103696K->9344K(107520K)] 313563K->219211K(352768K), 0.0037770 secs] [Times: user=0.03 sys=0.00, real=0.01 secs] 
213.819: Total time for which application threads were stopped: 0.0039280 seconds, Stopping threads took: 0.0000460 seconds
213.858: Application time: 0.0396130 seconds
213.858: [GC [PSYoungGen: 101504K->8576K(107520K)] 311371K->218443K(352768K), 0.0034320 secs] [Times: user=0.03 sys=0.00, real=0.00 secs] 
213.862: Total time for which application threads were stopped: 0.0036220 seconds, Stopping threads took: 0.0000890 seconds
213.893: Application time: 0.0314890 seconds
213.893: [GC [PSYoungGen: 100736K->7600K(107520K)] 310603K->217467K(352768K), 0.0032410 secs] [Times: user=0.02 sys=0.00, real=0.01 secs] 
213.897: Total time for which application threads were stopped: 0.0034120 seconds, Stopping threads took: 0.0000690 seconds
213.930: Application time: 0.0331330 seconds
213.930: [GC [PSYoungGen: 99760K->7904K(107520K)] 309627K->217771K(352768K), 0.0033930 secs] [Times: user=0.02 sys=0.00, real=0.00 secs] 
213.933: Total time for which application threads were stopped: 0.0035560 seconds, Stopping threads took: 0.0000620 seconds
213.958: Application time: 0.0250680 seconds
213.959: [GC [PSYoungGen: 100064K->7984K(107520K)] 309931K->217851K(352768K), 0.0033150 secs] [Times: user=0.02 sys=0.00, real=0.00 secs] 
213.962: Total time for which application threads were stopped: 0.0034910 seconds, Stopping threads took: 0.0000760 seconds
213.987: Application time: 0.0250220 seconds
213.987: [GC [PSYoungGen: 100144K->11056K(107520K)] 310011K->220923K(352768K), 0.0044920 secs] [Times: user=0.03 sys=0.00, real=0.01 secs] 
213.992: Total time for which application threads were stopped: 0.0046620 seconds, Stopping threads took: 0.0000670 seconds
214.024: Application time: 0.0322640 seconds
214.024: [GC [PSYoungGen: 103216K->10160K(107520K)] 313083K->220027K(352768K), 0.0039950 secs] [Times: user=0.03 sys=0.00, real=0.00 secs] 
214.028: Total time for which application threads were stopped: 0.0041600 seconds, Stopping threads took: 0.0000640 seconds
214.055: Application time: 0.0272860 seconds
214.055: [GC [PSYoungGen: 102320K->8784K(107520K)] 312187K->218651K(352768K), 0.0038020 secs] [Times: user=0.02 sys=0.00, real=0.01 secs] 
214.059: Total time for which application threads were stopped: 0.0039700 seconds, Stopping threads took: 0.0000650 seconds
214.097: Application time: 0.0372790 seconds
214.097: [GC [PSYoungGen: 100944K->10000K(107520K)] 310811K->219867K(352768K), 0.0040570 secs] [Times: user=0.03 sys=0.00, real=0.00 secs] 
214.101: Total time for which application threads were stopped: 0.0042510 seconds, Stopping threads took: 0.0000890 seconds
214.135: Application time: 0.0338670 seconds
214.135: [GC [PSYoungGen: 102160K->7920K(107520K)] 312027K->217787K(352768K), 0.0033350 secs] [Times: user=0.02 sys=0.00, real=0.01 secs] 
214.138: Total time for which application threads were stopped: 0.0034910 seconds, Stopping threads took: 0.0000510 seconds
214.172: Application time: 0.0336730 seconds
214.172: [GC [PSYoungGen: 100080K->7776K(107520K)] 309947K->217763K(352768K), 0.0032310 secs] [Times: user=0.02 sys=0.00, real=0.00 secs] 
214.175: Total time for which application threads were stopped: 0.0034380 seconds, Stopping threads took: 0.0001050 seconds
214.203: Application time: 0.0277760 seconds
214.203: [GC [PSYoungGen: 99936K->7872K(107520K)] 309923K->217907K(352768K), 0.0033080 secs] [Times: user=0.02 sys=0.00, real=0.00 secs] 
214.207: Total time for which application threads were stopped: 0.0034980 seconds, Stopping threads took: 0.0000650 seconds
214.231: Application time: 0.0248150 seconds
214.232: [GC [PSYoungGen: 100032K->7792K(107520K)] 310067K->217903K(352768K), 0.0031600 secs] [Times: user=0.02 sys=0.00, real=0.00 secs] 
214.235: Total time for which application threads were stopped: 0.0033440 seconds, Stopping threads took: 0.0000820 seconds
214.266: Application time: 0.0309430 seconds
214.266: [GC [PSYoungGen: 99952K->8688K(107520K)] 310063K->218855K(352768K), 0.0034860 secs] [Times: user=0.03 sys=0.00, real=0.01 secs] 
214.269: Total time for which application threads were stopped: 0.0036570 seconds, Stopping threads took: 0.0000690 seconds
214.298: Application time: 0.0282190 seconds
214.298: [GC [PSYoungGen: 100848K->9840K(107520K)] 311015K->220007K(352768K), 0.0039050 secs] [Times: user=0.03 sys=0.00, real=0.00 secs] 
214.302: Total time for which application threads were stopped: 0.0040940 seconds, Stopping threads took: 0.0000880 seconds
214.332: Application time: 0.0308330 seconds
214.333: [GC [PSYoungGen: 102000K->9600K(107520K)] 312167K->219775K(352768K), 0.0038980 secs] [Times: user=0.03 sys=0.00, real=0.01 secs] 
214.337: Total time for which application threads were stopped: 0.0040800 seconds, Stopping threads took: 0.0000710 seconds
214.376: Application time: 0.0390330 seconds
214.376: [GC [PSYoungGen: 101760K->7936K(107520K)] 311935K->218111K(352768K), 0.0033440 secs] [Times: user=0.02 sys=0.00, real=0.01 secs] 
214.379: Total time for which application threads were stopped: 0.0035600 seconds, Stopping threads took: 0.0001140 seconds
214.412: Application time: 0.0324000 seconds
214.412: [GC [PSYoungGen: 100096K->7824K(107520K)] 310271K->217999K(352768K), 0.0032700 secs] [Times: user=0.02 sys=0.00, real=0.00 secs] 
214.416: Total time for which application threads were stopped: 0.0041360 seconds, Stopping threads took: 0.0007630 seconds
214.447: Application time: 0.0311620 seconds
214.447: [GC [PSYoungGen: 99984K->7904K(107520K)] 310159K->218135K(352768K), 0.0034440 secs] [Times: user=0.03 sys=0.00, real=0.01 secs] 
214.450: Total time for which application threads were stopped: 0.0035980 seconds, Stopping threads took: 0.0000540 seconds
214.476: Application time: 0.0257430 seconds
214.476: [GC [PSYoungGen: 100064K->8064K(107520K)] 310295K->218295K(352768K), 0.0032920 secs] [Times: user=0.02 sys=0.00, real=0.00 secs] 
214.480: Total time for which application threads were stopped: 0.0034660 seconds, Stopping threads took: 0.0000750 seconds
214.505: Application time: 0.0251960 seconds
214.505: [GC [PSYoungGen: 100224K->10160K(107520K)] 310455K->220391K(352768K), 0.0042930 secs] [Times: user=0.02 sys=0.00, real=0.01 secs] 
214.509: Total time for which application threads were stopped: 0.0044620 seconds, Stopping threads took: 0.0000630 seconds
214.541: Application time: 0.0312650 seconds
214.541: [GC [PSYoungGen: 102320K->10176K(107520K)] 312551K->220407K(352768K), 0.0040230 secs] [Times: user=0.03 sys=0.00, real=0.00 secs] 
214.545: Total time for which application threads were stopped: 0.0042050 seconds, Stopping threads took: 0.0000790 seconds
214.573: Application time: 0.0283340 seconds
214.573: [GC [PSYoungGen: 102332K->8160K(107520K)] 312564K->218391K(352768K), 0.0033430 secs] [Times: user=0.03 sys=0.00, real=0.01 secs] 
214.577: Total time for which application threads were stopped: 0.0035470 seconds, Stopping threads took: 0.0001020 seconds
214.616: Application time: 0.0392570 seconds
214.620: [GC [PSYoungGen: 100320K->8688K(107520K)] 310551K->218919K(352768K), 0.0035420 secs] [Times: user=0.02 sys=0.00, real=0.00 secs] 
214.624: Total time for which application threads were stopped: 0.0080180 seconds, Stopping threads took: 0.0043760 seconds
214.656: Application time: 0.0317870 seconds
214.656: [GC [PSYoungGen: 100848K->7696K(107520K)] 311079K->217927K(352768K), 0.0032980 secs] [Times: user=0.02 sys=0.00, real=0.01 secs] 
214.659: Total time for which application threads were stopped: 0.0035100 seconds, Stopping threads took: 0.0001100 seconds
214.693: Application time: 0.0335910 seconds
214.693: [GC [PSYoungGen: 99856K->7792K(107520K)] 310087K->218023K(352768K), 0.0034440 secs] [Times: user=0.02 sys=0.00, real=0.01 secs] 
214.697: Total time for which application threads were stopped: 0.0036340 seconds, Stopping threads took: 0.0000880 seconds
214.724: Application time: 0.0270360 seconds
214.724: [GC [PSYoungGen: 99952K->8176K(107520K)] 310183K->218407K(352768K), 0.0032840 secs] [Times: user=0.02 sys=0.00, real=0.00 secs] 
214.728: Total time for which application threads were stopped: 0.0041760 seconds, Stopping threads took: 0.0007710 seconds
214.751: Application time: 0.0235760 seconds
214.751: [GC [PSYoungGen: 100336K->8064K(107520K)] 310567K->218295K(352768K), 0.0031930 secs] [Times: user=0.02 sys=0.00, real=0.00 secs] 
214.755: Total time for which application threads were stopped: 0.0033990 seconds, Stopping threads took: 0.0001030 seconds
214.787: Application time: 0.0323790 seconds
214.787: [GC [PSYoungGen: 100224K->10992K(107520K)] 310455K->221223K(352768K), 0.0043700 secs] [Times: user=0.03 sys=0.00, real=0.01 secs] 
214.792: Total time for which application threads were stopped: 0.0045530 seconds, Stopping threads took: 0.0000710 seconds
214.818: Application time: 0.0264860 seconds
214.818: [GC [PSYoungGen: 103152K->9888K(107520K)] 313383K->220119K(352768K), 0.0041460 secs] [Times: user=0.02 sys=0.00, real=0.00 secs] 
214.822: Total time for which application threads were stopped: 0.0043340 seconds, Stopping threads took: 0.0000850 seconds
214.858: Application time: 0.0351690 seconds
214.858: [GC [PSYoungGen: 102048K->9088K(107520K)] 312279K->219319K(352768K), 0.0036570 secs] [Times: user=0.03 sys=0.00, real=0.00 secs] 
214.862: Total time for which application threads were stopped: 0.0038530 seconds, Stopping threads took: 0.0000980 seconds
214.898: Application time: 0.0366590 seconds
214.898: [GC [PSYoungGen: 101248K->8000K(107520K)] 311479K->218231K(352768K), 0.0033570 secs] [Times: user=0.02 sys=0.00, real=0.00 secs] 
214.902: Total time for which application threads were stopped: 0.0035530 seconds, Stopping threads took: 0.0000930 seconds
214.934: Application time: 0.0318970 seconds
214.934: [GC [PSYoungGen: 100160K->7664K(107520K)] 310391K->217991K(352768K), 0.0033200 secs] [Times: user=0.02 sys=0.00, real=0.01 secs] 
214.937: Total time for which application threads were stopped: 0.0035370 seconds, Stopping threads took: 0.0001180 seconds
214.968: Application time: 0.0310100 seconds
214.968: [GC [PSYoungGen: 99824K->7920K(107520K)] 310151K->218335K(352768K), 0.0033340 secs] [Times: user=0.02 sys=0.00, real=0.00 secs] 
214.972: Total time for which application threads were stopped: 0.0035440 seconds, Stopping threads took: 0.0000970 seconds
214.995: Application time: 0.0237580 seconds
214.996: [GC [PSYoungGen: 100080K->8128K(107520K)] 310495K->218599K(352768K), 0.0035610 secs] [Times: user=0.03 sys=0.00, real=0.01 secs] 
214.999: Total time for which application threads were stopped: 0.0037570 seconds, Stopping threads took: 0.0000970 seconds
215.027: Application time: 0.0276500 seconds
215.027: [GC [PSYoungGen: 100288K->9840K(107520K)] 310759K->220387K(352768K), 0.0042380 secs] [Times: user=0.03 sys=0.00, real=0.01 secs] 
215.031: Total time for which application threads were stopped: 0.0044260 seconds, Stopping threads took: 0.0000870 seconds
215.063: Application time: 0.0314190 seconds
215.063: [GC [PSYoungGen: 102000K->8016K(107520K)] 312547K->218563K(352768K), 0.0032100 secs] [Times: user=0.02 sys=0.00, real=0.00 secs] 
215.066: Total time for which application threads were stopped: 0.0033910 seconds, Stopping threads took: 0.0000760 seconds
215.094: Application time: 0.0278140 seconds
215.094: [GC [PSYoungGen: 100176K->7696K(107520K)] 310723K->218251K(352768K), 0.0032140 secs] [Times: user=0.02 sys=0.00, real=0.01 secs] 
215.097: Total time for which application threads were stopped: 0.0034010 seconds, Stopping threads took: 0.0000830 seconds
215.138: Application time: 0.0402280 seconds
215.138: [GC [PSYoungGen: 99856K->8128K(107520K)] 310411K->218683K(352768K), 0.0032910 secs] [Times: user=0.03 sys=0.00, real=0.00 secs] 
215.141: Total time for which application threads were stopped: 0.0035130 seconds, Stopping threads took: 0.0001210 seconds
215.172: Application time: 0.0312250 seconds
215.172: [GC [PSYoungGen: 100288K->7728K(107520K)] 310843K->218283K(352768K), 0.0033580 secs] [Times: user=0.01 sys=0.00, real=0.00 secs] 
215.176: Total time for which application threads were stopped: 0.0035350 seconds, Stopping threads took: 0.0000740 seconds
215.209: Application time: 0.0336130 seconds
215.210: [GC [PSYoungGen: 99888K->7792K(107520K)] 310443K->218347K(352768K), 0.0033750 secs] [Times: user=0.02 sys=0.00, real=0.00 secs] 
215.213: Total time for which application threads were stopped: 0.0035880 seconds, Stopping threads took: 0.0001100 seconds
215.239: Application time: 0.0260790 seconds
215.239: [GC [PSYoungGen: 99952K->7824K(107520K)] 310507K->218427K(352768K), 0.0033160 secs] [Times: user=0.03 sys=0.00, real=0.00 secs] 
215.243: Total time for which application threads were stopped: 0.0034960 seconds, Stopping threads took: 0.0000580 seconds
215.268: Application time: 0.0252390 seconds
215.268: [GC [PSYoungGen: 99984K->8848K(107520K)] 310587K->219451K(352768K), 0.0034730 secs] [Times: user=0.03 sys=0.00, real=0.01 secs] 
215.272: Total time for which application threads were stopped: 0.0036540 seconds, Stopping threads took: 0.0000780 seconds
215.304: Application time: 0.0325130 seconds
215.304: [GC [PSYoungGen: 101008K->10224K(107520K)] 311611K->220827K(352768K), 0.0041550 secs] [Times: user=0.02 sys=0.00, real=0.01 secs] 
215.308: Total time for which application threads were stopped: 0.0043610 seconds, Stopping threads took: 0.0001040 seconds
215.334: Application time: 0.0254370 seconds
215.336: [GC [PSYoungGen: 102384K->9744K(107520K)] 312987K->220347K(352768K), 0.0040210 secs] [Times: user=0.03 sys=0.00, real=0.00 secs] 
215.341: Total time for which application threads were stopped: 0.0066460 seconds, Stopping threads took: 0.0025240 seconds
215.377: Application time: 0.0361240 seconds
215.377: [GC [PSYoungGen: 101904K->11840K(107520K)] 312507K->222443K(352768K), 0.0047350 secs] [Times: user=0.03 sys=0.00, real=0.00 secs] 
215.382: Total time for which application threads were stopped: 0.0049570 seconds, Stopping threads took: 0.0001200 seconds
215.417: Application time: 0.0352110 seconds
215.417: [GC [PSYoungGen: 104000K->7744K(107520K)] 314603K->218347K(352768K), 0.0034100 secs] [Times: user=0.02 sys=0.00, real=0.00 secs] 
215.420: Total time for which application threads were stopped: 0.0036060 seconds, Stopping threads took: 0.0000950 seconds
215.454: Application time: 0.0336960 seconds
215.454: [GC [PSYoungGen: 99904K->7888K(107520K)] 310507K->218491K(352768K), 0.0033220 secs] [Times: user=0.02 sys=0.00, real=0.01 secs] 
215.458: Total time for which application threads were stopped: 0.0035160 seconds, Stopping threads took: 0.0000940 seconds
215.486: Application time: 0.0285750 seconds
215.486: [GC [PSYoungGen: 100048K->7760K(107520K)] 310651K->218363K(352768K), 0.0035140 secs] [Times: user=0.02 sys=0.00, real=0.01 secs] 
215.490: Total time for which application threads were stopped: 0.0036910 seconds, Stopping threads took: 0.0000760 seconds
215.514: Application time: 0.0240350 seconds
215.514: [GC [PSYoungGen: 99920K->8128K(107520K)] 310523K->218731K(352768K), 0.0033410 secs] [Times: user=0.03 sys=0.00, real=0.01 secs] 
215.517: Total time for which application threads were stopped: 0.0035140 seconds, Stopping threads took: 0.0000720 seconds
215.549: Application time: 0.0312620 seconds
215.549: [GC [PSYoungGen: 100288K->8160K(107520K)] 310891K->218763K(352768K), 0.0032850 secs] [Times: user=0.02 sys=0.00, real=0.00 secs] 
215.552: Total time for which application threads were stopped: 0.0034470 seconds, Stopping threads took: 0.0000600 seconds
215.580: Application time: 0.0279780 seconds
215.580: [GC [PSYoungGen: 100320K->10992K(107520K)] 310923K->221595K(352768K), 0.0044330 secs] [Times: user=0.03 sys=0.01, real=0.00 secs] 
215.585: Total time for which application threads were stopped: 0.0046100 seconds, Stopping threads took: 0.0000720 seconds
215.614: Application time: 0.0297270 seconds
215.615: [GC [PSYoungGen: 103152K->7744K(107520K)] 313755K->218347K(352768K), 0.0032200 secs] [Times: user=0.02 sys=0.00, real=0.01 secs] 
215.618: Total time for which application threads were stopped: 0.0033910 seconds, Stopping threads took: 0.0000700 seconds
215.658: Application time: 0.0396600 seconds
215.658: [GC [PSYoungGen: 99904K->7824K(107520K)] 310507K->218427K(352768K), 0.0032280 secs] [Times: user=0.03 sys=0.00, real=0.00 secs] 
215.661: Total time for which application threads were stopped: 0.0034090 seconds, Stopping threads took: 0.0000780 seconds
215.695: Application time: 0.0336420 seconds
215.695: [GC [PSYoungGen: 99984K->7744K(107520K)] 310587K->218435K(352768K), 0.0032810 secs] [Times: user=0.02 sys=0.00, real=0.01 secs] 
215.698: Total time for which application threads were stopped: 0.0034510 seconds, Stopping threads took: 0.0000700 seconds
215.728: Application time: 0.0295560 seconds
215.728: [GC [PSYoungGen: 99904K->7776K(107520K)] 310595K->218555K(352768K), 0.0032890 secs] [Times: user=0.01 sys=0.00, real=0.01 secs] 
215.731: Total time for which application threads were stopped: 0.0034830 seconds, Stopping threads took: 0.0000840 seconds
215.759: Application time: 0.0282050 seconds
215.759: [GC [PSYoungGen: 99936K->7584K(107520K)] 310715K->218364K(352768K), 0.0031640 secs] [Times: user=0.02 sys=0.00, real=0.00 secs] 
215.763: Total time for which application threads were stopped: 0.0033870 seconds, Stopping threads took: 0.0001030 seconds
215.788: Application time: 0.0253140 seconds
215.788: [GC [PSYoungGen: 99744K->9968K(107520K)] 310524K->220868K(352768K), 0.0040720 secs] [Times: user=0.03 sys=0.00, real=0.01 secs] 
215.792: Total time for which application threads were stopped: 0.0042780 seconds, Stopping threads took: 0.0001040 seconds
215.823: Application time: 0.0303940 seconds
215.824: [GC [PSYoungGen: 102128K->9664K(107520K)] 313028K->220564K(352768K), 0.0038480 secs] [Times: user=0.02 sys=0.01, real=0.01 secs] 
215.828: Total time for which application threads were stopped: 0.0056480 seconds, Stopping threads took: 0.0016830 seconds
215.856: Application time: 0.0278300 seconds
215.856: [GC [PSYoungGen: 101824K->8128K(107520K)] 312724K->219036K(352768K), 0.0032330 secs] [Times: user=0.02 sys=0.00, real=0.00 secs] 
215.860: Total time for which application threads were stopped: 0.0034440 seconds, Stopping threads took: 0.0000980 seconds
215.898: Application time: 0.0381380 seconds
215.898: [GC [PSYoungGen: 100288K->9024K(107520K)] 311196K->219932K(352768K), 0.0035480 secs] [Times: user=0.02 sys=0.00, real=0.00 secs] 
215.901: Total time for which application threads were stopped: 0.0037250 seconds, Stopping threads took: 0.0000760 seconds
215.933: Application time: 0.0318080 seconds
215.933: [GC [PSYoungGen: 101184K->7664K(107520K)] 312092K->218572K(352768K), 0.0034450 secs] [Times: user=0.02 sys=0.00, real=0.01 secs] 
215.937: Total time for which application threads were stopped: 0.0036370 seconds, Stopping threads took: 0.0000900 seconds
215.971: Application time: 0.0340590 seconds
215.971: [GC [PSYoungGen: 99824K->7728K(107520K)] 310732K->218636K(352768K), 0.0033810 secs] [Times: user=0.03 sys=0.00, real=0.00 secs] 
215.975: Total time for which application threads were stopped: 0.0035820 seconds, Stopping threads took: 0.0001000 seconds
216.002: Application time: 0.0276600 seconds
216.002: [GC [PSYoungGen: 99888K->7856K(107520K)] 310796K->218820K(352768K), 0.0035430 secs] [Times: user=0.02 sys=0.00, real=0.00 secs] 
216.006: Total time for which application threads were stopped: 0.0037250 seconds, Stopping threads took: 0.0000780 seconds
216.032: Application time: 0.0260740 seconds
216.032: [GC [PSYoungGen: 100016K->11040K(107520K)] 310980K->222004K(352768K), 0.0045060 secs] [Times: user=0.03 sys=0.00, real=0.01 secs] 
216.037: Total time for which application threads were stopped: 0.0046830 seconds, Stopping threads took: 0.0000710 seconds
216.066: Application time: 0.0293870 seconds
216.068: [GC [PSYoungGen: 103200K->8352K(107520K)] 314164K->219316K(352768K), 0.0033170 secs] [Times: user=0.03 sys=0.00, real=0.00 secs] 
216.072: Total time for which application threads were stopped: 0.0056370 seconds, Stopping threads took: 0.0022200 seconds
216.098: Application time: 0.0257820 seconds
216.098: [GC [PSYoungGen: 100512K->11136K(107520K)] 311476K->222100K(352768K), 0.0046330 secs] [Times: user=0.03 sys=0.00, real=0.00 secs] 
216.102: Total time for which application threads were stopped: 0.0048130 seconds, Stopping threads took: 0.0000790 seconds
216.137: Application time: 0.0348330 seconds
216.137: [GC [PSYoungGen: 103296K->10736K(107520K)] 314260K->221700K(352768K), 0.0042600 secs] [Times: user=0.03 sys=0.00, real=0.00 secs] 
216.142: Total time for which application threads were stopped: 0.0044350 seconds, Stopping threads took: 0.0000730 seconds
216.178: Application time: 0.0360450 seconds
216.178: [GC [PSYoungGen: 102896K->7920K(107520K)] 313860K->218884K(352768K), 0.0034530 secs] [Times: user=0.02 sys=0.00, real=0.00 secs] 
216.181: Total time for which application threads were stopped: 0.0036520 seconds, Stopping threads took: 0.0000910 seconds
216.217: Application time: 0.0352200 seconds
216.217: [GC [PSYoungGen: 100080K->7664K(107520K)] 311044K->218628K(352768K), 0.0031650 secs] [Times: user=0.02 sys=0.00, real=0.00 secs] 
216.220: Total time for which application threads were stopped: 0.0033550 seconds, Stopping threads took: 0.0000880 seconds
216.248: Application time: 0.0279680 seconds
216.248: [GC [PSYoungGen: 99824K->7632K(107520K)] 310788K->218596K(352768K), 0.0033730 secs] [Times: user=0.01 sys=0.01, real=0.01 secs] 
216.252: Total time for which application threads were stopped: 0.0037820 seconds, Stopping threads took: 0.0002980 seconds
216.280: Application time: 0.0281100 seconds
216.280: [GC [PSYoungGen: 99792K->7920K(107520K)] 310756K->218884K(352768K), 0.0032820 secs] [Times: user=0.02 sys=0.00, real=0.00 secs] 
216.283: Total time for which application threads were stopped: 0.0034690 seconds, Stopping threads took: 0.0000620 seconds
216.312: Application time: 0.0289140 seconds
216.312: [GC [PSYoungGen: 100080K->8880K(107520K)] 311044K->219844K(352768K), 0.0036020 secs] [Times: user=0.03 sys=0.00, real=0.00 secs] 
216.316: Total time for which application threads were stopped: 0.0038030 seconds, Stopping threads took: 0.0000950 seconds
216.344: Application time: 0.0275490 seconds
216.344: [GC [PSYoungGen: 101040K->8320K(107520K)] 312004K->219284K(352768K), 0.0033540 secs] [Times: user=0.02 sys=0.00, real=0.00 secs] 
216.347: Total time for which application threads were stopped: 0.0035200 seconds, Stopping threads took: 0.0000630 seconds
216.375: Application time: 0.0280170 seconds
216.375: [GC [PSYoungGen: 100480K->8464K(107520K)] 311444K->219428K(352768K), 0.0034360 secs] [Times: user=0.02 sys=0.00, real=0.01 secs] 
216.379: Total time for which application threads were stopped: 0.0036290 seconds, Stopping threads took: 0.0000900 seconds
216.418: Application time: 0.0397460 seconds
216.419: [GC [PSYoungGen: 100624K->8128K(107520K)] 311588K->219092K(352768K), 0.0033710 secs] [Times: user=0.02 sys=0.00, real=0.00 secs] 
216.422: Total time for which application threads were stopped: 0.0035580 seconds, Stopping threads took: 0.0000860 seconds
216.454: Application time: 0.0321900 seconds
216.454: [GC [PSYoungGen: 100288K->7728K(107520K)] 311252K->218788K(352768K), 0.0034280 secs] [Times: user=0.02 sys=0.00, real=0.01 secs] 
216.458: Total time for which application threads were stopped: 0.0036300 seconds, Stopping threads took: 0.0000980 seconds
216.491: Application time: 0.0332380 seconds
216.491: [GC [PSYoungGen: 99888K->7648K(107520K)] 310948K->218764K(352768K), 0.0032260 secs] [Times: user=0.01 sys=0.00, real=0.00 secs] 
216.494: Total time for which application threads were stopped: 0.0034330 seconds, Stopping threads took: 0.0001060 seconds
216.521: Application time: 0.0263910 seconds
216.524: [GC [PSYoungGen: 99808K->7744K(107520K)] 310924K->218908K(352768K), 0.0032510 secs] [Times: user=0.02 sys=0.00, real=0.00 secs] 
216.528: Total time for which application threads were stopped: 0.0068160 seconds, Stopping threads took: 0.0034620 seconds
216.556: Application time: 0.0282850 seconds
216.556: [GC [PSYoungGen: 99904K->11776K(107520K)] 311068K->223060K(352768K), 0.0047860 secs] [Times: user=0.04 sys=0.00, real=0.01 secs] 
216.561: Total time for which application threads were stopped: 0.0049800 seconds, Stopping threads took: 0.0000890 seconds
216.588: Application time: 0.0272760 seconds
216.588: [GC [PSYoungGen: 103936K->9392K(107520K)] 315220K->220676K(352768K), 0.0037700 secs] [Times: user=0.03 sys=0.00, real=0.00 secs] 
216.592: Total time for which application threads were stopped: 0.0039770 seconds, Stopping threads took: 0.0001030 seconds
216.619: Application time: 0.0264180 seconds
216.619: [GC [PSYoungGen: 101552K->9760K(107520K)] 312836K->221044K(352768K), 0.0038760 secs] [Times: user=0.02 sys=0.00, real=0.00 secs] 
216.623: Total time for which application threads were stopped: 0.0040620 seconds, Stopping threads took: 0.0000840 seconds
216.660: Application time: 0.0370330 seconds
216.660: [GC [PSYoungGen: 101920K->13248K(107520K)] 313204K->224532K(352768K), 0.0054360 secs] [Times: user=0.04 sys=0.00, real=0.00 secs] 
216.665: Total time for which application threads were stopped: 0.0056460 seconds, Stopping threads took: 0.0001060 seconds
216.699: Application time: 0.0333800 seconds
216.699: [GC [PSYoungGen: 105408K->7904K(107520K)] 316692K->219188K(352768K), 0.0032200 secs] [Times: user=0.03 sys=0.00, real=0.00 secs] 
216.702: Total time for which application threads were stopped: 0.0034160 seconds, Stopping threads took: 0.0000950 seconds
216.739: Application time: 0.0363540 seconds
216.739: [GC [PSYoungGen: 100064K->7936K(107520K)] 311348K->219220K(352768K), 0.0033060 secs] [Times: user=0.02 sys=0.00, real=0.00 secs] 
216.742: Total time for which application threads were stopped: 0.0035050 seconds, Stopping threads took: 0.0000960 seconds
216.769: Application time: 0.0272100 seconds
216.769: [GC [PSYoungGen: 100096K->7904K(107520K)] 311380K->219188K(352768K), 0.0033290 secs] [Times: user=0.02 sys=0.00, real=0.00 secs] 
216.773: Total time for which application threads were stopped: 0.0035220 seconds, Stopping threads took: 0.0000890 seconds
216.799: Application time: 0.0257770 seconds
216.799: [GC [PSYoungGen: 100064K->7664K(107520K)] 311348K->218996K(352768K), 0.0031950 secs] [Times: user=0.02 sys=0.00, real=0.00 secs] 
216.802: Total time for which application threads were stopped: 0.0033850 seconds, Stopping threads took: 0.0000760 seconds
216.832: Application time: 0.0304620 seconds
216.836: [GC [PSYoungGen: 99824K->7792K(107520K)] 311156K->219124K(352768K), 0.0032940 secs] [Times: user=0.03 sys=0.00, real=0.00 secs] 
216.840: Total time for which application threads were stopped: 0.0073260 seconds, Stopping threads took: 0.0039290 seconds
216.865: Application time: 0.0252310 seconds
216.865: [GC [PSYoungGen: 99952K->8080K(107520K)] 311284K->219412K(352768K), 0.0032930 secs] [Times: user=0.02 sys=0.00, real=0.01 secs] 
216.868: Total time for which application threads were stopped: 0.0034890 seconds, Stopping threads took: 0.0000970 seconds
216.900: Application time: 0.0319790 seconds
216.901: [GC [PSYoungGen: 100240K->8112K(107520K)] 311572K->219444K(352768K), 0.0032540 secs] [Times: user=0.02 sys=0.00, real=0.00 secs] 
216.904: Total time for which application threads were stopped: 0.0034220 seconds, Stopping threads took: 0.0000700 seconds
216.942: Application time: 0.0381640 seconds
216.942: [GC [PSYoungGen: 100272K->8176K(107520K)] 311604K->219508K(352768K), 0.0033520 secs] [Times: user=0.02 sys=0.00, real=0.00 secs] 
216.946: Total time for which application threads were stopped: 0.0035430 seconds, Stopping threads took: 0.0000900 seconds
216.979: Application time: 0.0338110 seconds
216.980: [GC [PSYoungGen: 100336K->7808K(107520K)] 311668K->219140K(352768K), 0.0032920 secs] [Times: user=0.02 sys=0.00, real=0.00 secs] 
216.983: Total time for which application threads were stopped: 0.0035050 seconds, Stopping threads took: 0.0001130 seconds
217.015: Application time: 0.0317860 seconds
217.015: [GC [PSYoungGen: 99968K->7984K(107520K)] 311300K->219316K(352768K), 0.0032620 secs] [Times: user=0.02 sys=0.00, real=0.01 secs] 
217.018: Total time for which application threads were stopped: 0.0034410 seconds, Stopping threads took: 0.0000770 seconds
217.044: Application time: 0.0255780 seconds
217.044: [GC [PSYoungGen: 100144K->7872K(107520K)] 311476K->219204K(352768K), 0.0033620 secs] [Times: user=0.02 sys=0.00, real=0.00 secs] 
217.047: Total time for which application threads were stopped: 0.0035430 seconds, Stopping threads took: 0.0000820 seconds
217.078: Application time: 0.0304090 seconds
217.078: [GC [PSYoungGen: 100032K->8816K(107520K)] 311364K->220148K(352768K), 0.0035370 secs] [Times: user=0.02 sys=0.00, real=0.00 secs] 
217.081: Total time for which application threads were stopped: 0.0037260 seconds, Stopping threads took: 0.0000880 seconds
217.107: Application time: 0.0258910 seconds
217.107: [GC [PSYoungGen: 100976K->9856K(107520K)] 312308K->221188K(352768K), 0.0039930 secs] [Times: user=0.03 sys=0.00, real=0.01 secs] 
217.111: Total time for which application threads were stopped: 0.0041850 seconds, Stopping threads took: 0.0000880 seconds
217.137: Application time: 0.0257480 seconds
217.137: [GC [PSYoungGen: 102016K->9840K(107520K)] 313348K->221172K(352768K), 0.0039760 secs] [Times: user=0.03 sys=0.00, real=0.00 secs] 
217.141: Total time for which application threads were stopped: 0.0041590 seconds, Stopping threads took: 0.0000800 seconds
217.182: Application time: 0.0409890 seconds
217.183: [GC [PSYoungGen: 102000K->8432K(107520K)] 313332K->219764K(352768K), 0.0036390 secs] [Times: user=0.02 sys=0.00, real=0.00 secs] 
217.186: Total time for which application threads were stopped: 0.0038250 seconds, Stopping threads took: 0.0000840 seconds
217.217: Application time: 0.0306700 seconds
217.217: [GC [PSYoungGen: 100592K->7696K(107520K)] 311924K->219084K(352768K), 0.0033000 secs] [Times: user=0.02 sys=0.00, real=0.00 secs] 
217.220: Total time for which application threads were stopped: 0.0035050 seconds, Stopping threads took: 0.0001050 seconds
217.257: Application time: 0.0369980 seconds
217.258: [GC [PSYoungGen: 99856K->7584K(107520K)] 311244K->219060K(352768K), 0.0034420 secs] [Times: user=0.02 sys=0.00, real=0.00 secs] 
217.261: Total time for which application threads were stopped: 0.0036110 seconds, Stopping threads took: 0.0000660 seconds
217.287: Application time: 0.0259950 seconds
217.287: [GC [PSYoungGen: 99744K->8048K(107520K)] 311220K->219564K(352768K), 0.0033080 secs] [Times: user=0.02 sys=0.00, real=0.01 secs] 
217.290: Total time for which application threads were stopped: 0.0034820 seconds, Stopping threads took: 0.0000730 seconds
217.318: Application time: 0.0271000 seconds
217.318: [GC [PSYoungGen: 100208K->9296K(107520K)] 311724K->220944K(352768K), 0.0039150 secs] [Times: user=0.03 sys=0.00, real=0.00 secs] 
217.322: Total time for which application threads were stopped: 0.0041070 seconds, Stopping threads took: 0.0000690 seconds
217.352: Application time: 0.0298450 seconds
217.352: [GC [PSYoungGen: 101456K->8560K(107520K)] 313104K->220208K(352768K), 0.0033570 secs] [Times: user=0.02 sys=0.00, real=0.00 secs] 
217.355: Total time for which application threads were stopped: 0.0035360 seconds, Stopping threads took: 0.0000770 seconds
217.379: Application time: 0.0240650 seconds
217.379: [GC [PSYoungGen: 100720K->7776K(107520K)] 312368K->219424K(352768K), 0.0031690 secs] [Times: user=0.02 sys=0.00, real=0.00 secs] 
217.383: Total time for which application threads were stopped: 0.0033560 seconds, Stopping threads took: 0.0000840 seconds
217.418: Application time: 0.0353560 seconds
217.418: [GC [PSYoungGen: 99936K->11776K(107520K)] 311584K->223424K(352768K), 0.0047270 secs] [Times: user=0.04 sys=0.00, real=0.00 secs] 
217.423: Total time for which application threads were stopped: 0.0049130 seconds, Stopping threads took: 0.0000830 seconds
217.458: Application time: 0.0355780 seconds
217.458: [GC [PSYoungGen: 103936K->8112K(107520K)] 315584K->219760K(352768K), 0.0033260 secs] [Times: user=0.03 sys=0.00, real=0.00 secs] 
217.462: Total time for which application threads were stopped: 0.0035020 seconds, Stopping threads took: 0.0000740 seconds
217.497: Application time: 0.0350110 seconds
217.497: [GC [PSYoungGen: 100272K->7712K(107520K)] 311920K->219360K(352768K), 0.0033570 secs] [Times: user=0.02 sys=0.00, real=0.00 secs] 
217.500: Total time for which application threads were stopped: 0.0035320 seconds, Stopping threads took: 0.0000730 seconds
217.531: Application time: 0.0303990 seconds
217.531: [GC [PSYoungGen: 99872K->7792K(107520K)] 311520K->219440K(352768K), 0.0033920 secs] [Times: user=0.02 sys=0.00, real=0.00 secs] 
217.534: Total time for which application threads were stopped: 0.0035710 seconds, Stopping threads took: 0.0000770 seconds
217.560: Application time: 0.0259720 seconds
217.561: [GC [PSYoungGen: 99952K->7872K(107520K)] 311600K->219568K(352768K), 0.0032660 secs] [Times: user=0.02 sys=0.00, real=0.00 secs] 
217.564: Total time for which application threads were stopped: 0.0034730 seconds, Stopping threads took: 0.0001010 seconds
217.594: Application time: 0.0304740 seconds
217.594: [GC [PSYoungGen: 100032K->8432K(107520K)] 311728K->220128K(352768K), 0.0035220 secs] [Times: user=0.02 sys=0.00, real=0.01 secs] 
217.598: Total time for which application threads were stopped: 0.0037010 seconds, Stopping threads took: 0.0000780 seconds
217.623: Application time: 0.0246720 seconds
217.623: [GC [PSYoungGen: 100592K->8320K(107520K)] 312288K->220016K(352768K), 0.0033030 secs] [Times: user=0.02 sys=0.00, real=0.00 secs] 
217.626: Total time for which application threads were stopped: 0.0035060 seconds, Stopping threads took: 0.0001030 seconds
217.654: Application time: 0.0276410 seconds
217.654: [GC [PSYoungGen: 100480K->11408K(107520K)] 312176K->223104K(352768K), 0.0046740 secs] [Times: user=0.02 sys=0.00, real=0.01 secs] 
217.659: Total time for which application threads were stopped: 0.0048400 seconds, Stopping threads took: 0.0000610 seconds
217.699: Application time: 0.0405360 seconds
217.699: [GC [PSYoungGen: 103568K->8464K(107520K)] 315264K->220160K(352768K), 0.0034250 secs] [Times: user=0.02 sys=0.00, real=0.00 secs] 
217.703: Total time for which application threads were stopped: 0.0036040 seconds, Stopping threads took: 0.0000760 seconds
217.735: Application time: 0.0320350 seconds
217.735: [GC [PSYoungGen: 100624K->7760K(107520K)] 312320K->219456K(352768K), 0.0034600 secs] [Times: user=0.02 sys=0.00, real=0.01 secs] 
217.739: Total time for which application threads were stopped: 0.0036510 seconds, Stopping threads took: 0.0000890 seconds
217.775: Application time: 0.0359870 seconds
217.775: [GC [PSYoungGen: 99920K->7792K(107520K)] 311616K->219488K(352768K), 0.0033280 secs] [Times: user=0.02 sys=0.00, real=0.01 secs] 
217.778: Total time for which application threads were stopped: 0.0035140 seconds, Stopping threads took: 0.0000900 seconds
217.803: Application time: 0.0249500 seconds
217.803: [GC [PSYoungGen: 99952K->7664K(107520K)] 311648K->219360K(352768K), 0.0034700 secs] [Times: user=0.02 sys=0.00, real=0.00 secs] 
217.807: Total time for which application threads were stopped: 0.0036450 seconds, Stopping threads took: 0.0000750 seconds
217.835: Application time: 0.0280900 seconds
217.835: [GC [PSYoungGen: 99824K->10256K(107520K)] 311520K->221952K(352768K), 0.0043250 secs] [Times: user=0.02 sys=0.00, real=0.01 secs] 
217.839: Total time for which application threads were stopped: 0.0045290 seconds, Stopping threads took: 0.0000790 seconds
217.868: Application time: 0.0282940 seconds
217.868: [GC [PSYoungGen: 102416K->9824K(107520K)] 314112K->221520K(352768K), 0.0040850 secs] [Times: user=0.03 sys=0.00, real=0.01 secs] 
217.872: Total time for which application threads were stopped: 0.0042660 seconds, Stopping threads took: 0.0000780 seconds
217.896: Application time: 0.0237530 seconds
217.896: [GC [PSYoungGen: 101984K->7888K(107520K)] 313680K->219584K(352768K), 0.0032870 secs] [Times: user=0.02 sys=0.00, real=0.01 secs] 
217.899: Total time for which application threads were stopped: 0.0034560 seconds, Stopping threads took: 0.0000680 seconds
217.938: Application time: 0.0392590 seconds
217.938: [GC [PSYoungGen: 100048K->10768K(107520K)] 311744K->222464K(352768K), 0.0043340 secs] [Times: user=0.03 sys=0.00, real=0.00 secs] 
217.943: Total time for which application threads were stopped: 0.0045420 seconds, Stopping threads took: 0.0001070 seconds
217.975: Application time: 0.0326670 seconds
217.976: [GC [PSYoungGen: 102928K->7952K(107520K)] 314624K->219648K(352768K), 0.0032590 secs] [Times: user=0.02 sys=0.00, real=0.01 secs] 
217.979: Total time for which application threads were stopped: 0.0034390 seconds, Stopping threads took: 0.0000790 seconds
218.015: Application time: 0.0359900 seconds
218.015: [GC [PSYoungGen: 100112K->7792K(107520K)] 311808K->219576K(352768K), 0.0033870 secs] [Times: user=0.02 sys=0.00, real=0.01 secs] 
218.019: Total time for which application threads were stopped: 0.0035700 seconds, Stopping threads took: 0.0000840 seconds
218.048: Application time: 0.0291490 seconds
218.048: [GC [PSYoungGen: 99952K->7808K(107520K)] 311736K->219648K(352768K), 0.0032900 secs] [Times: user=0.02 sys=0.00, real=0.01 secs] 
218.051: Total time for which application threads were stopped: 0.0034770 seconds, Stopping threads took: 0.0000870 seconds
218.076: Application time: 0.0251000 seconds
218.076: [GC [PSYoungGen: 99968K->7760K(107520K)] 311808K->219684K(352768K), 0.0034090 secs] [Times: user=0.02 sys=0.00, real=0.00 secs] 
218.080: Total time for which application threads were stopped: 0.0036470 seconds, Stopping threads took: 0.0001380 seconds
218.112: Application time: 0.0316640 seconds
218.112: [GC [PSYoungGen: 99920K->8080K(107520K)] 311844K->220092K(352768K), 0.0034570 secs] [Times: user=0.03 sys=0.00, real=0.00 secs] 
218.115: Total time for which application threads were stopped: 0.0036500 seconds, Stopping threads took: 0.0000920 seconds
218.139: Application time: 0.0234110 seconds
218.139: [GC [PSYoungGen: 100240K->8144K(107520K)] 312252K->220156K(352768K), 0.0035600 secs] [Times: user=0.02 sys=0.00, real=0.00 secs] 
218.142: Total time for which application threads were stopped: 0.0037340 seconds, Stopping threads took: 0.0000700 seconds
218.172: Application time: 0.0298980 seconds
218.172: [GC [PSYoungGen: 100304K->11360K(107520K)] 312316K->223372K(352768K), 0.0046080 secs] [Times: user=0.02 sys=0.00, real=0.01 secs] 
218.177: Total time for which application threads were stopped: 0.0048090 seconds, Stopping threads took: 0.0000990 seconds
218.217: Application time: 0.0397200 seconds
218.217: [GC [PSYoungGen: 103520K->7952K(107520K)] 315532K->219964K(352768K), 0.0032110 secs] [Times: user=0.02 sys=0.00, real=0.00 secs] 
218.220: Total time for which application threads were stopped: 0.0034150 seconds, Stopping threads took: 0.0001040 seconds
218.254: Application time: 0.0339190 seconds
218.254: [GC [PSYoungGen: 100112K->7856K(107520K)] 312124K->219868K(352768K), 0.0033170 secs] [Times: user=0.02 sys=0.00, real=0.01 secs] 
218.258: Total time for which application threads were stopped: 0.0034950 seconds, Stopping threads took: 0.0000760 seconds
218.291: Application time: 0.0338500 seconds
218.292: [GC [PSYoungGen: 100016K->7712K(107520K)] 312028K->219724K(352768K), 0.0033960 secs] [Times: user=0.03 sys=0.00, real=0.00 secs] 
218.295: Total time for which application threads were stopped: 0.0035830 seconds, Stopping threads took: 0.0000840 seconds
218.320: Application time: 0.0249960 seconds
218.320: [GC [PSYoungGen: 99872K->7792K(107520K)] 311884K->219852K(352768K), 0.0032580 secs] [Times: user=0.03 sys=0.00, real=0.00 secs] 
218.323: Total time for which application threads were stopped: 0.0034370 seconds, Stopping threads took: 0.0000780 seconds
218.353: Application time: 0.0294130 seconds
218.353: [GC [PSYoungGen: 99952K->9776K(107520K)] 312012K->221836K(352768K), 0.0040880 secs] [Times: user=0.03 sys=0.00, real=0.01 secs] 
218.357: Total time for which application threads were stopped: 0.0043110 seconds, Stopping threads took: 0.0000980 seconds
218.383: Application time: 0.0260300 seconds
218.383: [GC [PSYoungGen: 101936K->9664K(107520K)] 313996K->221724K(352768K), 0.0038130 secs] [Times: user=0.03 sys=0.00, real=0.00 secs] 
218.387: Total time for which application threads were stopped: 0.0040270 seconds, Stopping threads took: 0.0001100 seconds
218.412: Application time: 0.0251110 seconds
218.413: [GC [PSYoungGen: 101824K->9776K(107520K)] 313884K->221836K(352768K), 0.0039100 secs] [Times: user=0.03 sys=0.00, real=0.01 secs] 
218.416: Total time for which application threads were stopped: 0.0040890 seconds, Stopping threads took: 0.0000750 seconds
218.457: Application time: 0.0404910 seconds
218.457: [GC [PSYoungGen: 101936K->8752K(107520K)] 313996K->220812K(352768K), 0.0034720 secs] [Times: user=0.03 sys=0.00, real=0.00 secs] 
218.461: Total time for which application threads were stopped: 0.0036390 seconds, Stopping threads took: 0.0000670 seconds
218.493: Application time: 0.0325370 seconds
218.493: [GC [PSYoungGen: 100912K->7664K(107520K)] 312972K->219724K(352768K), 0.0033270 secs] [Times: user=0.02 sys=0.00, real=0.01 secs] 
218.497: Total time for which application threads were stopped: 0.0035210 seconds, Stopping threads took: 0.0000930 seconds
218.533: Application time: 0.0359340 seconds
218.533: [GC [PSYoungGen: 99824K->7904K(107520K)] 311884K->219964K(352768K), 0.0033970 secs] [Times: user=0.02 sys=0.00, real=0.00 secs] 
218.536: Total time for which application threads were stopped: 0.0035810 seconds, Stopping threads took: 0.0000840 seconds
218.564: Application time: 0.0281550 seconds
218.565: [GC [PSYoungGen: 100064K->8080K(107520K)] 312124K->220140K(352768K), 0.0032800 secs] [Times: user=0.03 sys=0.00, real=0.00 secs] 
218.568: Total time for which application threads were stopped: 0.0034660 seconds, Stopping threads took: 0.0000830 seconds
218.593: Application time: 0.0248930 seconds
218.596: [GC [PSYoungGen: 100240K->7808K(107520K)] 312300K->219868K(352768K), 0.0033300 secs] [Times: user=0.02 sys=0.00, real=0.00 secs] 
218.600: Total time for which application threads were stopped: 0.0070520 seconds, Stopping threads took: 0.0036210 seconds
218.630: Application time: 0.0300210 seconds
218.630: [GC [PSYoungGen: 99968K->9840K(107520K)] 312028K->221900K(352768K), 0.0039650 secs] [Times: user=0.03 sys=0.00, real=0.00 secs] 
218.634: Total time for which application threads were stopped: 0.0041460 seconds, Stopping threads took: 0.0000770 seconds
218.657: Application time: 0.0232110 seconds
218.657: [GC [PSYoungGen: 102000K->8256K(107520K)] 314060K->220316K(352768K), 0.0033100 secs] [Times: user=0.02 sys=0.00, real=0.00 secs] 
218.661: Total time for which application threads were stopped: 0.0034820 seconds, Stopping threads took: 0.0000710 seconds
218.696: Application time: 0.0354720 seconds
218.696: [GC [PSYoungGen: 100416K->10752K(107520K)] 312476K->222812K(352768K), 0.0042850 secs] [Times: user=0.03 sys=0.00, real=0.01 secs] 
218.701: Total time for which application threads were stopped: 0.0044810 seconds, Stopping threads took: 0.0000950 seconds
218.737: Application time: 0.0363250 seconds
218.737: [GC [PSYoungGen: 102912K->7792K(107520K)] 314972K->219852K(352768K), 0.0034680 secs] [Times: user=0.02 sys=0.00, real=0.00 secs] 
218.741: Total time for which application threads were stopped: 0.0036570 seconds, Stopping threads took: 0.0000850 seconds
218.775: Application time: 0.0347780 seconds
218.776: [GC [PSYoungGen: 99952K->7600K(107520K)] 312012K->219757K(352768K), 0.0033190 secs] [Times: user=0.02 sys=0.00, real=0.01 secs] 
218.779: Total time for which application threads were stopped: 0.0035120 seconds, Stopping threads took: 0.0000930 seconds
218.811: Application time: 0.0316970 seconds
218.811: [GC [PSYoungGen: 99760K->7792K(107520K)] 311917K->219997K(352768K), 0.0032430 secs] [Times: user=0.02 sys=0.00, real=0.00 secs] 
218.814: Total time for which application threads were stopped: 0.0034500 seconds, Stopping threads took: 0.0001080 seconds
218.840: Application time: 0.0255790 seconds
218.840: [GC [PSYoungGen: 99952K->8144K(107520K)] 312157K->220397K(352768K), 0.0033490 secs] [Times: user=0.02 sys=0.00, real=0.00 secs] 
218.843: Total time for which application threads were stopped: 0.0035600 seconds, Stopping threads took: 0.0001070 seconds
218.872: Application time: 0.0287480 seconds
218.872: [GC [PSYoungGen: 100304K->8160K(107520K)] 312557K->220549K(352768K), 0.0033670 secs] [Times: user=0.03 sys=0.00, real=0.00 secs] 
218.875: Total time for which application threads were stopped: 0.0035600 seconds, Stopping threads took: 0.0000700 seconds
218.900: Application time: 0.0246920 seconds
218.900: [GC [PSYoungGen: 100320K->9760K(107520K)] 312709K->222149K(352768K), 0.0040220 secs] [Times: user=0.03 sys=0.00, real=0.00 secs] 
218.904: Total time for which application threads were stopped: 0.0042270 seconds, Stopping threads took: 0.0000880 seconds
218.932: Application time: 0.0272100 seconds
218.932: [GC [PSYoungGen: 101920K->9824K(107520K)] 314309K->222213K(352768K), 0.0039150 secs] [Times: user=0.02 sys=0.00, real=0.00 secs] 
218.936: Total time for which application threads were stopped: 0.0041140 seconds, Stopping threads took: 0.0000860 seconds
218.977: Application time: 0.0411080 seconds
218.977: [GC [PSYoungGen: 101984K->7824K(107520K)] 314373K->220213K(352768K), 0.0032800 secs] [Times: user=0.03 sys=0.00, real=0.00 secs] 
218.980: Total time for which application threads were stopped: 0.0034600 seconds, Stopping threads took: 0.0000670 seconds
219.014: Application time: 0.0334550 seconds
219.014: [GC [PSYoungGen: 99984K->7504K(107520K)] 312373K->219893K(352768K), 0.0032260 secs] [Times: user=0.03 sys=0.00, real=0.01 secs] 
219.017: Total time for which application threads were stopped: 0.0034230 seconds, Stopping threads took: 0.0000950 seconds
219.052: Application time: 0.0349640 seconds
219.052: [GC [PSYoungGen: 99664K->7840K(107520K)] 312053K->220229K(352768K), 0.0032920 secs] [Times: user=0.03 sys=0.00, real=0.00 secs] 
219.056: Total time for which application threads were stopped: 0.0034910 seconds, Stopping threads took: 0.0000870 seconds
219.083: Application time: 0.0270720 seconds
219.083: [GC [PSYoungGen: 100000K->7888K(107520K)] 312389K->220277K(352768K), 0.0032930 secs] [Times: user=0.02 sys=0.00, real=0.00 secs] 
219.086: Total time for which application threads were stopped: 0.0034780 seconds, Stopping threads took: 0.0000820 seconds
219.112: Application time: 0.0253130 seconds
219.112: [GC [PSYoungGen: 100048K->9344K(107520K)] 312437K->221789K(352768K), 0.0038400 secs] [Times: user=0.03 sys=0.00, real=0.00 secs] 
219.116: Total time for which application threads were stopped: 0.0040100 seconds, Stopping threads took: 0.0000680 seconds
219.145: Application time: 0.0296810 seconds
219.145: [GC [PSYoungGen: 101504K->9712K(107520K)] 313949K->222157K(352768K), 0.0039080 secs] [Times: user=0.03 sys=0.00, real=0.01 secs] 
219.149: Total time for which application threads were stopped: 0.0040730 seconds, Stopping threads took: 0.0000640 seconds
219.173: Application time: 0.0235310 seconds
219.173: [GC [PSYoungGen: 101872K->9376K(107520K)] 314317K->221821K(352768K), 0.0037900 secs] [Times: user=0.03 sys=0.00, real=0.01 secs] 
219.177: Total time for which application threads were stopped: 0.0039490 seconds, Stopping threads took: 0.0000580 seconds
219.214: Application time: 0.0370370 seconds
219.214: [GC [PSYoungGen: 101536K->13888K(107520K)] 313981K->226333K(352768K), 0.0054780 secs] [Times: user=0.04 sys=0.00, real=0.01 secs] 
219.219: Total time for which application threads were stopped: 0.0056390 seconds, Stopping threads took: 0.0000570 seconds
219.255: Application time: 0.0352580 seconds
219.256: [GC [PSYoungGen: 106048K->7856K(107520K)] 318493K->220301K(352768K), 0.0032900 secs] [Times: user=0.03 sys=0.00, real=0.00 secs] 
219.260: Total time for which application threads were stopped: 0.0050230 seconds, Stopping threads took: 0.0016290 seconds
219.295: Application time: 0.0352930 seconds
219.295: [GC [PSYoungGen: 100016K->7840K(107520K)] 312461K->220285K(352768K), 0.0032750 secs] [Times: user=0.02 sys=0.00, real=0.01 secs] 
219.299: Total time for which application threads were stopped: 0.0034660 seconds, Stopping threads took: 0.0000880 seconds
219.330: Application time: 0.0311850 seconds
219.330: [GC [PSYoungGen: 100000K->7936K(107520K)] 312445K->220381K(352768K), 0.0032520 secs] [Times: user=0.02 sys=0.00, real=0.00 secs] 
219.333: Total time for which application threads were stopped: 0.0034690 seconds, Stopping threads took: 0.0001140 seconds
219.357: Application time: 0.0241830 seconds
219.358: [GC [PSYoungGen: 100096K->7856K(107520K)] 312541K->220301K(352768K), 0.0032670 secs] [Times: user=0.03 sys=0.00, real=0.00 secs] 
219.361: Total time for which application threads were stopped: 0.0034860 seconds, Stopping threads took: 0.0001150 seconds
219.389: Application time: 0.0282710 seconds
219.389: [GC [PSYoungGen: 100016K->10192K(107520K)] 312461K->222637K(352768K), 0.0040860 secs] [Times: user=0.03 sys=0.00, real=0.00 secs] 
219.393: Total time for which application threads were stopped: 0.0042750 seconds, Stopping threads took: 0.0000660 seconds
219.420: Application time: 0.0266160 seconds
219.420: [GC [PSYoungGen: 102352K->9776K(107520K)] 314797K->222221K(352768K), 0.0038970 secs] [Times: user=0.03 sys=0.00, real=0.00 secs] 
219.424: Total time for which application threads were stopped: 0.0040560 seconds, Stopping threads took: 0.0000560 seconds
219.453: Application time: 0.0285880 seconds
219.453: [GC [PSYoungGen: 101936K->9744K(107520K)] 314381K->222189K(352768K), 0.0039350 secs] [Times: user=0.03 sys=0.00, real=0.01 secs] 
219.457: Total time for which application threads were stopped: 0.0041090 seconds, Stopping threads took: 0.0000700 seconds
219.497: Application time: 0.0402400 seconds
219.497: [GC [PSYoungGen: 101904K->8192K(107520K)] 314349K->220637K(352768K), 0.0034010 secs] [Times: user=0.02 sys=0.00, real=0.00 secs] 
219.501: Total time for which application threads were stopped: 0.0035650 seconds, Stopping threads took: 0.0000630 seconds
219.535: Application time: 0.0348400 seconds
219.536: [GC [PSYoungGen: 100352K->7728K(107520K)] 312797K->220213K(352768K), 0.0034800 secs] [Times: user=0.03 sys=0.00, real=0.01 secs] 
219.539: Total time for which application threads were stopped: 0.0036460 seconds, Stopping threads took: 0.0000640 seconds
219.573: Application time: 0.0337470 seconds
219.573: [GC [PSYoungGen: 99888K->7760K(107520K)] 312373K->220341K(352768K), 0.0033350 secs] [Times: user=0.02 sys=0.00, real=0.01 secs] 
219.576: Total time for which application threads were stopped: 0.0035320 seconds, Stopping threads took: 0.0000960 seconds
219.603: Application time: 0.0268430 seconds
219.603: [GC [PSYoungGen: 99920K->7600K(107520K)] 312501K->220237K(352768K), 0.0031760 secs] [Times: user=0.02 sys=0.00, real=0.00 secs] 
219.607: Total time for which application threads were stopped: 0.0033470 seconds, Stopping threads took: 0.0000680 seconds
219.631: Application time: 0.0245230 seconds
219.631: [GC [PSYoungGen: 99760K->7552K(107520K)] 312397K->220317K(352768K), 0.0032170 secs] [Times: user=0.02 sys=0.01, real=0.00 secs] 
219.634: Total time for which application threads were stopped: 0.0033990 seconds, Stopping threads took: 0.0000810 seconds
219.663: Application time: 0.0281820 seconds
219.664: [GC [PSYoungGen: 99712K->10144K(107520K)] 312477K->222909K(352768K), 0.0040770 secs] [Times: user=0.03 sys=0.00, real=0.01 secs] 
219.669: Total time for which application threads were stopped: 0.0058780 seconds, Stopping threads took: 0.0016980 seconds
219.694: Application time: 0.0258000 seconds
219.694: [GC [PSYoungGen: 102304K->8800K(107520K)] 315069K->221565K(352768K), 0.0034370 secs] [Times: user=0.03 sys=0.00, real=0.01 secs] 
219.698: Total time for which application threads were stopped: 0.0036310 seconds, Stopping threads took: 0.0000910 seconds
219.737: Application time: 0.0387050 seconds
219.737: [GC [PSYoungGen: 100960K->10384K(107520K)] 313725K->223149K(352768K), 0.0041310 secs] [Times: user=0.03 sys=0.00, real=0.00 secs] 
219.741: Total time for which application threads were stopped: 0.0043140 seconds, Stopping threads took: 0.0000800 seconds
219.776: Application time: 0.0351910 seconds
219.776: [GC [PSYoungGen: 102544K->7456K(107520K)] 315309K->220221K(352768K), 0.0032650 secs] [Times: user=0.02 sys=0.00, real=0.00 secs] 
219.780: Total time for which application threads were stopped: 0.0034860 seconds, Stopping threads took: 0.0001060 seconds
219.814: Application time: 0.0342930 seconds
219.814: [GC [PSYoungGen: 99616K->7776K(107520K)] 312381K->220541K(352768K), 0.0033470 secs] [Times: user=0.02 sys=0.00, real=0.01 secs] 
219.817: Total time for which application threads were stopped: 0.0035190 seconds, Stopping threads took: 0.0000720 seconds
219.848: Application time: 0.0303420 seconds
219.848: [GC [PSYoungGen: 99936K->7760K(107520K)] 312701K->220525K(352768K), 0.0032930 secs] [Times: user=0.03 sys=0.00, real=0.01 secs] 
219.851: Total time for which application threads were stopped: 0.0034730 seconds, Stopping threads took: 0.0000750 seconds
219.876: Application time: 0.0243180 seconds
219.876: [GC [PSYoungGen: 99920K->7936K(107520K)] 312685K->220749K(352768K), 0.0033700 secs] [Times: user=0.02 sys=0.00, real=0.01 secs] 
219.879: Total time for which application threads were stopped: 0.0035740 seconds, Stopping threads took: 0.0001030 seconds
219.906: Application time: 0.0271700 seconds
219.907: [GC [PSYoungGen: 100096K->9856K(107520K)] 312909K->222669K(352768K), 0.0039370 secs] [Times: user=0.03 sys=0.00, real=0.01 secs] 
219.911: Total time for which application threads were stopped: 0.0041280 seconds, Stopping threads took: 0.0000690 seconds
219.935: Application time: 0.0243170 seconds
219.935: [GC [PSYoungGen: 102016K->10208K(107520K)] 314829K->223021K(352768K), 0.0041470 secs] [Times: user=0.03 sys=0.00, real=0.01 secs] 
219.939: Total time for which application threads were stopped: 0.0043440 seconds, Stopping threads took: 0.0000950 seconds
219.974: Application time: 0.0345490 seconds
219.974: [GC [PSYoungGen: 102368K->11056K(107520K)] 315181K->223869K(352768K), 0.0045740 secs] [Times: user=0.03 sys=0.00, real=0.01 secs] 
219.978: Total time for which application threads were stopped: 0.0047280 seconds, Stopping threads took: 0.0000480 seconds
220.015: Application time: 0.0368820 seconds
220.015: [GC [PSYoungGen: 103216K->7648K(107520K)] 316029K->220461K(352768K), 0.0031710 secs] [Times: user=0.02 sys=0.00, real=0.01 secs] 
220.019: Total time for which application threads were stopped: 0.0033610 seconds, Stopping threads took: 0.0000870 seconds
220.055: Application time: 0.0359640 seconds
220.055: [GC [PSYoungGen: 99808K->7744K(107520K)] 312621K->220557K(352768K), 0.0033450 secs] [Times: user=0.02 sys=0.00, real=0.01 secs] 
220.058: Total time for which application threads were stopped: 0.0035410 seconds, Stopping threads took: 0.0000940 seconds
220.091: Application time: 0.0328480 seconds
220.091: [GC [PSYoungGen: 99904K->7984K(107520K)] 312717K->220797K(352768K), 0.0034000 secs] [Times: user=0.03 sys=0.00, real=0.00 secs] 
220.095: Total time for which application threads were stopped: 0.0035990 seconds, Stopping threads took: 0.0000970 seconds
220.120: Application time: 0.0248900 seconds
220.120: [GC [PSYoungGen: 100144K->7984K(107520K)] 312957K->220797K(352768K), 0.0034150 secs] [Times: user=0.02 sys=0.00, real=0.00 secs] 
220.123: Total time for which application threads were stopped: 0.0036070 seconds, Stopping threads took: 0.0000930 seconds
220.150: Application time: 0.0267580 seconds
220.150: [GC [PSYoungGen: 100144K->9232K(107520K)] 312957K->222045K(352768K), 0.0038440 secs] [Times: user=0.02 sys=0.00, real=0.00 secs] 
220.154: Total time for which application threads were stopped: 0.0040360 seconds, Stopping threads took: 0.0000900 seconds
220.179: Application time: 0.0247720 seconds
220.179: [GC [PSYoungGen: 101392K->10000K(107520K)] 314205K->222813K(352768K), 0.0039550 secs] [Times: user=0.03 sys=0.00, real=0.00 secs] 
220.183: Total time for which application threads were stopped: 0.0041570 seconds, Stopping threads took: 0.0000970 seconds
220.211: Application time: 0.0280970 seconds
220.211: [GC [PSYoungGen: 102160K->9952K(107520K)] 314973K->222765K(352768K), 0.0041420 secs] [Times: user=0.02 sys=0.00, real=0.00 secs] 
220.215: Total time for which application threads were stopped: 0.0043350 seconds, Stopping threads took: 0.0000920 seconds
220.256: Application time: 0.0403950 seconds
220.256: [GC [PSYoungGen: 102112K->8080K(107520K)] 314925K->220893K(352768K), 0.0033290 secs] [Times: user=0.02 sys=0.00, real=0.01 secs] 
220.259: Total time for which application threads were stopped: 0.0035440 seconds, Stopping threads took: 0.0001130 seconds
220.294: Application time: 0.0343440 seconds
220.294: [GC [PSYoungGen: 100240K->7776K(107520K)] 313053K->220589K(352768K), 0.0032480 secs] [Times: user=0.03 sys=0.00, real=0.01 secs] 
220.297: Total time for which application threads were stopped: 0.0034320 seconds, Stopping threads took: 0.0000810 seconds
220.333: Application time: 0.0355090 seconds
220.336: [GC [PSYoungGen: 99936K->7840K(107520K)] 312749K->220781K(352768K), 0.0033940 secs] [Times: user=0.02 sys=0.00, real=0.00 secs] 
220.340: Total time for which application threads were stopped: 0.0072630 seconds, Stopping threads took: 0.0037610 seconds
220.367: Application time: 0.0272170 seconds
220.367: [GC [PSYoungGen: 100000K->7536K(107520K)] 312941K->220533K(352768K), 0.0034880 secs] [Times: user=0.02 sys=0.00, real=0.01 secs] 
220.371: Total time for which application threads were stopped: 0.0036770 seconds, Stopping threads took: 0.0000890 seconds
220.397: Application time: 0.0263380 seconds
220.397: [GC [PSYoungGen: 99696K->8512K(107520K)] 312693K->221629K(352768K), 0.0034760 secs] [Times: user=0.02 sys=0.00, real=0.00 secs] 
220.401: Total time for which application threads were stopped: 0.0036560 seconds, Stopping threads took: 0.0000790 seconds
220.429: Application time: 0.0280740 seconds
220.429: [GC [PSYoungGen: 100672K->8160K(107520K)] 313789K->221277K(352768K), 0.0032680 secs] [Times: user=0.02 sys=0.00, real=0.00 secs] 
220.432: Total time for which application threads were stopped: 0.0034580 seconds, Stopping threads took: 0.0000690 seconds
220.454: Application time: 0.0219540 seconds
220.454: [GC [PSYoungGen: 100320K->9952K(107520K)] 313437K->223069K(352768K), 0.0040330 secs] [Times: user=0.03 sys=0.00, real=0.01 secs] 
220.458: Total time for which application threads were stopped: 0.0042240 seconds, Stopping threads took: 0.0000880 seconds
220.498: Application time: 0.0396260 seconds
220.501: [GC [PSYoungGen: 102112K->12064K(107520K)] 315229K->225181K(352768K), 0.0050800 secs] [Times: user=0.04 sys=0.00, real=0.00 secs] 
220.506: Total time for which application threads were stopped: 0.0076590 seconds, Stopping threads took: 0.0024750 seconds
220.539: Application time: 0.0337610 seconds
220.540: [GC [PSYoungGen: 104224K->7712K(107520K)] 317341K->220829K(352768K), 0.0033350 secs] [Times: user=0.02 sys=0.00, real=0.00 secs] 
220.543: Total time for which application threads were stopped: 0.0035190 seconds, Stopping threads took: 0.0000810 seconds
220.580: Application time: 0.0374670 seconds
220.581: [GC [PSYoungGen: 99872K->7728K(107520K)] 312989K->220845K(352768K), 0.0033870 secs] [Times: user=0.02 sys=0.00, real=0.00 secs] 
220.584: Total time for which application threads were stopped: 0.0036150 seconds, Stopping threads took: 0.0001260 seconds
220.614: Application time: 0.0297990 seconds
220.614: [GC [PSYoungGen: 99888K->7648K(107520K)] 313005K->220765K(352768K), 0.0032390 secs] [Times: user=0.02 sys=0.00, real=0.01 secs] 
220.617: Total time for which application threads were stopped: 0.0034160 seconds, Stopping threads took: 0.0000760 seconds
220.644: Application time: 0.0268650 seconds
220.644: [GC [PSYoungGen: 99808K->7776K(107520K)] 312925K->220941K(352768K), 0.0034500 secs] [Times: user=0.02 sys=0.00, real=0.00 secs] 
220.648: Total time for which application threads were stopped: 0.0036520 seconds, Stopping threads took: 0.0001010 seconds
220.675: Application time: 0.0276460 seconds
220.676: [GC [PSYoungGen: 99936K->8240K(107520K)] 313101K->221405K(352768K), 0.0033170 secs] [Times: user=0.02 sys=0.00, real=0.01 secs] 
220.679: Total time for which application threads were stopped: 0.0035290 seconds, Stopping threads took: 0.0001100 seconds
220.701: Application time: 0.0220460 seconds
220.701: [GC [PSYoungGen: 100400K->9456K(107520K)] 313565K->222621K(352768K), 0.0038620 secs] [Times: user=0.03 sys=0.00, real=0.00 secs] 
220.705: Total time for which application threads were stopped: 0.0040430 seconds, Stopping threads took: 0.0000770 seconds
220.736: Application time: 0.0307370 seconds
220.736: [GC [PSYoungGen: 101616K->11328K(107520K)] 314781K->224493K(352768K), 0.0045760 secs] [Times: user=0.03 sys=0.00, real=0.01 secs] 
220.741: Total time for which application threads were stopped: 0.0047510 seconds, Stopping threads took: 0.0000750 seconds
220.780: Application time: 0.0390460 seconds
220.780: [GC [PSYoungGen: 103488K->8672K(107520K)] 316653K->221837K(352768K), 0.0035330 secs] [Times: user=0.02 sys=0.00, real=0.00 secs] 
220.784: Total time for which application threads were stopped: 0.0043220 seconds, Stopping threads took: 0.0006800 seconds
220.819: Application time: 0.0354930 seconds
220.820: [GC [PSYoungGen: 100832K->7760K(107520K)] 313997K->220925K(352768K), 0.0032890 secs] [Times: user=0.03 sys=0.00, real=0.00 secs] 
220.823: Total time for which application threads were stopped: 0.0035190 seconds, Stopping threads took: 0.0001280 seconds
220.858: Application time: 0.0347020 seconds
220.860: [GC [PSYoungGen: 99920K->7984K(107520K)] 313085K->221149K(352768K), 0.0033430 secs] [Times: user=0.03 sys=0.00, real=0.00 secs] 
220.864: Total time for which application threads were stopped: 0.0060740 seconds, Stopping threads took: 0.0026260 seconds
220.889: Application time: 0.0255670 seconds
220.889: [GC [PSYoungGen: 100144K->8112K(107520K)] 313309K->221277K(352768K), 0.0033910 secs] [Times: user=0.02 sys=0.00, real=0.00 secs] 
220.893: Total time for which application threads were stopped: 0.0035700 seconds, Stopping threads took: 0.0000800 seconds
220.921: Application time: 0.0282120 seconds
220.921: [GC [PSYoungGen: 100272K->9776K(107520K)] 313437K->222941K(352768K), 0.0040340 secs] [Times: user=0.03 sys=0.00, real=0.00 secs] 
220.925: Total time for which application threads were stopped: 0.0042170 seconds, Stopping threads took: 0.0000810 seconds
220.950: Application time: 0.0246640 seconds
220.950: [GC [PSYoungGen: 101936K->8816K(107520K)] 315101K->221981K(352768K), 0.0034230 secs] [Times: user=0.02 sys=0.00, real=0.00 secs] 
220.954: Total time for which application threads were stopped: 0.0036090 seconds, Stopping threads took: 0.0000670 seconds
220.978: Application time: 0.0244670 seconds
220.978: [GC [PSYoungGen: 100976K->9648K(107520K)] 314141K->222813K(352768K), 0.0040760 secs] [Times: user=0.02 sys=0.00, real=0.00 secs] 
220.982: Total time for which application threads were stopped: 0.0042580 seconds, Stopping threads took: 0.0000790 seconds
221.023: Application time: 0.0402530 seconds
221.023: [GC [PSYoungGen: 101808K->9024K(107520K)] 314973K->222189K(352768K), 0.0036480 secs] [Times: user=0.03 sys=0.00, real=0.00 secs] 
221.026: Total time for which application threads were stopped: 0.0038090 seconds, Stopping threads took: 0.0000590 seconds
221.059: Application time: 0.0329250 seconds
221.060: [GC [PSYoungGen: 101184K->7760K(107520K)] 314349K->220925K(352768K), 0.0035210 secs] [Times: user=0.03 sys=0.00, real=0.00 secs] 
221.063: Total time for which application threads were stopped: 0.0037240 seconds, Stopping threads took: 0.0001010 seconds
221.101: Application time: 0.0376990 seconds
221.101: [GC [PSYoungGen: 99920K->7760K(107520K)] 313085K->220965K(352768K), 0.0034870 secs] [Times: user=0.02 sys=0.00, real=0.00 secs] 
221.104: Total time for which application threads were stopped: 0.0036800 seconds, Stopping threads took: 0.0000910 seconds
221.132: Application time: 0.0280130 seconds
221.133: [GC [PSYoungGen: 99920K->7824K(107520K)] 313125K->221109K(352768K), 0.0033170 secs] [Times: user=0.02 sys=0.00, real=0.00 secs] 
221.136: Total time for which application threads were stopped: 0.0034930 seconds, Stopping threads took: 0.0000770 seconds
221.163: Application time: 0.0269300 seconds
221.163: [GC [PSYoungGen: 99984K->7456K(107520K)] 313269K->220905K(352768K), 0.0033410 secs] [Times: user=0.02 sys=0.00, real=0.00 secs] 
221.166: Total time for which application threads were stopped: 0.0035290 seconds, Stopping threads took: 0.0000880 seconds
221.194: Application time: 0.0272810 seconds
221.194: [GC [PSYoungGen: 99616K->8192K(107520K)] 313065K->221641K(352768K), 0.0035880 secs] [Times: user=0.02 sys=0.00, real=0.01 secs] 
221.198: Total time for which application threads were stopped: 0.0037760 seconds, Stopping threads took: 0.0000860 seconds
221.221: Application time: 0.0234920 seconds
221.221: [GC [PSYoungGen: 100352K->8176K(107520K)] 313801K->221625K(352768K), 0.0032630 secs] [Times: user=0.03 sys=0.00, real=0.00 secs] 
221.224: Total time for which application threads were stopped: 0.0034350 seconds, Stopping threads took: 0.0000700 seconds
221.258: Application time: 0.0335350 seconds
221.258: [GC [PSYoungGen: 100336K->12624K(107520K)] 313785K->226073K(352768K), 0.0051290 secs] [Times: user=0.03 sys=0.00, real=0.00 secs] 
221.263: Total time for which application threads were stopped: 0.0053160 seconds, Stopping threads took: 0.0000840 seconds
221.301: Application time: 0.0372200 seconds
221.301: [GC [PSYoungGen: 104784K->7808K(107520K)] 318233K->221257K(352768K), 0.0033710 secs] [Times: user=0.02 sys=0.00, real=0.00 secs] 
221.304: Total time for which application threads were stopped: 0.0035480 seconds, Stopping threads took: 0.0000770 seconds
221.341: Application time: 0.0364860 seconds
221.341: [GC [PSYoungGen: 99968K->7696K(107520K)] 313417K->221145K(352768K), 0.0032670 secs] [Times: user=0.02 sys=0.00, real=0.00 secs] 
221.344: Total time for which application threads were stopped: 0.0034500 seconds, Stopping threads took: 0.0000830 seconds
221.378: Application time: 0.0337620 seconds
221.378: [GC [PSYoungGen: 99856K->7872K(107520K)] 313305K->221321K(352768K), 0.0034670 secs] [Times: user=0.02 sys=0.00, real=0.00 secs] 
221.381: Total time for which application threads were stopped: 0.0036420 seconds, Stopping threads took: 0.0000700 seconds
221.406: Application time: 0.0246890 seconds
221.406: [GC [PSYoungGen: 100032K->7824K(107520K)] 313481K->221273K(352768K), 0.0032640 secs] [Times: user=0.02 sys=0.00, real=0.01 secs] 
221.410: Total time for which application threads were stopped: 0.0034440 seconds, Stopping threads took: 0.0000800 seconds
221.438: Application time: 0.0283200 seconds
221.438: [GC [PSYoungGen: 99984K->9840K(107520K)] 313433K->223337K(352768K), 0.0041800 secs] [Times: user=0.03 sys=0.00, real=0.00 secs] 
221.442: Total time for which application threads were stopped: 0.0043560 seconds, Stopping threads took: 0.0000760 seconds
221.466: Application time: 0.0241670 seconds
221.467: [GC [PSYoungGen: 102000K->9664K(107520K)] 315497K->223161K(352768K), 0.0039410 secs] [Times: user=0.03 sys=0.00, real=0.01 secs] 
221.471: Total time for which application threads were stopped: 0.0041400 seconds, Stopping threads took: 0.0000810 seconds
221.497: Application time: 0.0262860 seconds
221.497: [GC [PSYoungGen: 101824K->9904K(107520K)] 315321K->223402K(352768K), 0.0041720 secs] [Times: user=0.03 sys=0.00, real=0.00 secs] 
221.501: Total time for which application threads were stopped: 0.0043800 seconds, Stopping threads took: 0.0001030 seconds
221.542: Application time: 0.0405810 seconds
221.542: [GC [PSYoungGen: 102064K->8464K(107520K)] 315562K->221962K(352768K), 0.0035050 secs] [Times: user=0.03 sys=0.00, real=0.00 secs] 
221.545: Total time for which application threads were stopped: 0.0036870 seconds, Stopping threads took: 0.0000810 seconds
221.578: Application time: 0.0329340 seconds
221.579: [GC [PSYoungGen: 100624K->7744K(107520K)] 314122K->221242K(352768K), 0.0032980 secs] [Times: user=0.02 sys=0.00, real=0.00 secs] 
221.582: Total time for which application threads were stopped: 0.0034690 seconds, Stopping threads took: 0.0000690 seconds
221.620: Application time: 0.0376520 seconds
221.620: [GC [PSYoungGen: 99904K->7872K(107520K)] 313402K->221369K(352768K), 0.0033330 secs] [Times: user=0.03 sys=0.00, real=0.00 secs] 
221.623: Total time for which application threads were stopped: 0.0035180 seconds, Stopping threads took: 0.0000830 seconds
221.650: Application time: 0.0264940 seconds
221.650: [GC [PSYoungGen: 100032K->7824K(107520K)] 313529K->221321K(352768K), 0.0033200 secs] [Times: user=0.02 sys=0.00, real=0.00 secs] 
221.653: Total time for which application threads were stopped: 0.0034950 seconds, Stopping threads took: 0.0000750 seconds
221.681: Application time: 0.0278580 seconds
221.681: [GC [PSYoungGen: 99984K->8832K(107520K)] 313481K->222329K(352768K), 0.0037370 secs] [Times: user=0.02 sys=0.00, real=0.00 secs] 
221.685: Total time for which application threads were stopped: 0.0039180 seconds, Stopping threads took: 0.0000810 seconds
221.711: Application time: 0.0265470 seconds
221.712: [GC [PSYoungGen: 100992K->8768K(107520K)] 314489K->222266K(352768K), 0.0034620 secs] [Times: user=0.03 sys=0.00, real=0.00 secs] 
221.715: Total time for which application threads were stopped: 0.0036640 seconds, Stopping threads took: 0.0000880 seconds
221.737: Application time: 0.0221740 seconds
221.737: [GC [PSYoungGen: 100928K->8448K(107520K)] 314426K->221945K(352768K), 0.0034940 secs] [Times: user=0.02 sys=0.00, real=0.00 secs] 
221.741: Total time for which application threads were stopped: 0.0036780 seconds, Stopping threads took: 0.0000790 seconds
221.778: Application time: 0.0368450 seconds
221.778: [GC [PSYoungGen: 100608K->14064K(107520K)] 314105K->227561K(352768K), 0.0057820 secs] [Times: user=0.04 sys=0.00, real=0.00 secs] 
221.784: Total time for which application threads were stopped: 0.0059720 seconds, Stopping threads took: 0.0000860 seconds
221.819: Application time: 0.0351500 seconds
221.819: [GC [PSYoungGen: 106224K->8096K(107520K)] 319721K->221594K(352768K), 0.0035350 secs] [Times: user=0.03 sys=0.00, real=0.00 secs] 
221.823: Total time for which application threads were stopped: 0.0037370 seconds, Stopping threads took: 0.0001010 seconds
221.859: Application time: 0.0365320 seconds
221.860: [GC [PSYoungGen: 100256K->8032K(107520K)] 313754K->221585K(352768K), 0.0033520 secs] [Times: user=0.02 sys=0.00, real=0.00 secs] 
221.864: Total time for which application threads were stopped: 0.0046870 seconds, Stopping threads took: 0.0012300 seconds
221.896: Application time: 0.0318650 seconds
221.896: [GC [PSYoungGen: 100192K->7952K(107520K)] 313745K->221594K(352768K), 0.0034730 secs] [Times: user=0.02 sys=0.00, real=0.01 secs] 
221.899: Total time for which application threads were stopped: 0.0036630 seconds, Stopping threads took: 0.0000890 seconds
221.924: Application time: 0.0250230 seconds
221.925: [GC [PSYoungGen: 100112K->7632K(107520K)] 313754K->221434K(352768K), 0.0032020 secs] [Times: user=0.03 sys=0.00, real=0.00 secs] 
221.928: Total time for which application threads were stopped: 0.0033730 seconds, Stopping threads took: 0.0000720 seconds
221.957: Application time: 0.0296830 seconds
221.958: [GC [PSYoungGen: 99792K->8048K(107520K)] 313594K->221850K(352768K), 0.0036480 secs] [Times: user=0.03 sys=0.00, real=0.00 secs] 
221.961: Total time for which application threads were stopped: 0.0038500 seconds, Stopping threads took: 0.0001020 seconds
221.984: Application time: 0.0228820 seconds
221.984: [GC [PSYoungGen: 100208K->10288K(107520K)] 314010K->224090K(352768K), 0.0041380 secs] [Times: user=0.03 sys=0.00, real=0.01 secs] 
221.989: Total time for which application threads were stopped: 0.0043640 seconds, Stopping threads took: 0.0000900 seconds
222.016: Application time: 0.0277120 seconds
222.016: [GC [PSYoungGen: 102448K->10048K(107520K)] 316250K->223850K(352768K), 0.0040700 secs] [Times: user=0.03 sys=0.00, real=0.00 secs] 
222.021: Total time for which application threads were stopped: 0.0042790 seconds, Stopping threads took: 0.0001090 seconds
222.061: Application time: 0.0406280 seconds
222.061: [GC [PSYoungGen: 102208K->8144K(107520K)] 316010K->221946K(352768K), 0.0033380 secs] [Times: user=0.02 sys=0.00, real=0.00 secs] 
222.065: Total time for which application threads were stopped: 0.0035410 seconds, Stopping threads took: 0.0001010 seconds
222.099: Application time: 0.0338110 seconds
222.099: [GC [PSYoungGen: 100304K->7616K(107520K)] 314106K->221418K(352768K), 0.0032940 secs] [Times: user=0.03 sys=0.00, real=0.00 secs] 
222.102: Total time for which application threads were stopped: 0.0034950 seconds, Stopping threads took: 0.0000970 seconds
222.138: Application time: 0.0359670 seconds
222.138: [GC [PSYoungGen: 99776K->7792K(107520K)] 313578K->221594K(352768K), 0.0033320 secs] [Times: user=0.02 sys=0.00, real=0.00 secs] 
222.142: Total time for which application threads were stopped: 0.0035210 seconds, Stopping threads took: 0.0000860 seconds
222.168: Application time: 0.0261450 seconds
222.168: [GC [PSYoungGen: 99952K->7840K(107520K)] 313754K->221642K(352768K), 0.0032590 secs] [Times: user=0.02 sys=0.00, real=0.01 secs] 
222.171: Total time for which application threads were stopped: 0.0034560 seconds, Stopping threads took: 0.0000820 seconds
222.200: Application time: 0.0288750 seconds
222.200: [GC [PSYoungGen: 100000K->9504K(107520K)] 313802K->223354K(352768K), 0.0039140 secs] [Times: user=0.03 sys=0.00, real=0.00 secs] 
222.204: Total time for which application threads were stopped: 0.0041150 seconds, Stopping threads took: 0.0000980 seconds
222.230: Application time: 0.0256440 seconds
222.230: [GC [PSYoungGen: 101652K->9664K(107520K)] 315502K->223514K(352768K), 0.0039540 secs] [Times: user=0.03 sys=0.00, real=0.00 secs] 
222.234: Total time for which application threads were stopped: 0.0041550 seconds, Stopping threads took: 0.0000990 seconds
222.257: Application time: 0.0231300 seconds
222.257: [GC [PSYoungGen: 101824K->9680K(107520K)] 315674K->223530K(352768K), 0.0039230 secs] [Times: user=0.03 sys=0.00, real=0.00 secs] 
222.261: Total time for which application threads were stopped: 0.0040920 seconds, Stopping threads took: 0.0000670 seconds
222.301: Application time: 0.0399500 seconds
222.301: [GC [PSYoungGen: 101840K->11920K(107520K)] 315690K->225770K(352768K), 0.0048290 secs] [Times: user=0.03 sys=0.00, real=0.00 secs] 
222.306: Total time for which application threads were stopped: 0.0049970 seconds, Stopping threads took: 0.0000650 seconds
222.339: Application time: 0.0325120 seconds
222.339: [GC [PSYoungGen: 104080K->7952K(107520K)] 317930K->221802K(352768K), 0.0034370 secs] [Times: user=0.02 sys=0.00, real=0.00 secs] 
222.342: Total time for which application threads were stopped: 0.0036490 seconds, Stopping threads took: 0.0001080 seconds
222.380: Application time: 0.0374750 seconds
222.380: [GC [PSYoungGen: 100112K->7840K(107520K)] 313962K->221690K(352768K), 0.0034830 secs] [Times: user=0.03 sys=0.00, real=0.00 secs] 
222.383: Total time for which application threads were stopped: 0.0037040 seconds, Stopping threads took: 0.0001180 seconds
222.414: Application time: 0.0301320 seconds
222.414: [GC [PSYoungGen: 100000K->7872K(107520K)] 313850K->221722K(352768K), 0.0034670 secs] [Times: user=0.02 sys=0.00, real=0.01 secs] 
222.417: Total time for which application threads were stopped: 0.0036710 seconds, Stopping threads took: 0.0001000 seconds
222.443: Application time: 0.0255450 seconds
222.443: [GC [PSYoungGen: 100032K->7840K(107520K)] 313882K->221690K(352768K), 0.0033240 secs] [Times: user=0.02 sys=0.00, real=0.00 secs] 
222.446: Total time for which application threads were stopped: 0.0035050 seconds, Stopping threads took: 0.0000770 seconds
222.476: Application time: 0.0301690 seconds
222.477: [GC [PSYoungGen: 100000K->8016K(107520K)] 313850K->221866K(352768K), 0.0032810 secs] [Times: user=0.02 sys=0.00, real=0.00 secs] 
222.480: Total time for which application threads were stopped: 0.0034520 seconds, Stopping threads took: 0.0000730 seconds
222.502: Application time: 0.0218130 seconds
222.502: [GC [PSYoungGen: 100176K->8384K(107520K)] 314026K->222234K(352768K), 0.0033230 secs] [Times: user=0.02 sys=0.00, real=0.00 secs] 
222.505: Total time for which application threads were stopped: 0.0035200 seconds, Stopping threads took: 0.0000770 seconds
222.536: Application time: 0.0309050 seconds
222.536: [GC [PSYoungGen: 100544K->11280K(107520K)] 314394K->225130K(352768K), 0.0046390 secs] [Times: user=0.03 sys=0.00, real=0.00 secs] 
222.541: Total time for which application threads were stopped: 0.0048310 seconds, Stopping threads took: 0.0000790 seconds
222.580: Application time: 0.0386220 seconds
222.580: [GC [PSYoungGen: 103440K->8112K(107520K)] 317290K->221962K(352768K), 0.0033340 secs] [Times: user=0.02 sys=0.00, real=0.00 secs] 
222.583: Total time for which application threads were stopped: 0.0035460 seconds, Stopping threads took: 0.0001080 seconds
222.618: Application time: 0.0349630 seconds
222.618: [GC [PSYoungGen: 100272K->7952K(107520K)] 314122K->221858K(352768K), 0.0033470 secs] [Times: user=0.03 sys=0.00, real=0.00 secs] 
222.622: Total time for which application threads were stopped: 0.0035390 seconds, Stopping threads took: 0.0000910 seconds
222.656: Application time: 0.0346500 seconds
222.657: [GC [PSYoungGen: 100112K->8032K(107520K)] 314018K->221994K(352768K), 0.0033930 secs] [Times: user=0.02 sys=0.00, real=0.00 secs] 
222.660: Total time for which application threads were stopped: 0.0036010 seconds, Stopping threads took: 0.0001060 seconds
222.685: Application time: 0.0251860 seconds
222.685: [GC [PSYoungGen: 100192K->7904K(107520K)] 314154K->221962K(352768K), 0.0032810 secs] [Times: user=0.03 sys=0.00, real=0.01 secs] 
222.689: Total time for which application threads were stopped: 0.0034530 seconds, Stopping threads took: 0.0000720 seconds
222.719: Application time: 0.0305220 seconds
222.719: [GC [PSYoungGen: 100064K->8192K(107520K)] 314122K->222366K(352768K), 0.0034340 secs] [Times: user=0.03 sys=0.00, real=0.00 secs] 
222.723: Total time for which application threads were stopped: 0.0036280 seconds, Stopping threads took: 0.0000930 seconds
222.747: Application time: 0.0244720 seconds
222.747: [GC [PSYoungGen: 100352K->10112K(107520K)] 314526K->224286K(352768K), 0.0041610 secs] [Times: user=0.03 sys=0.00, real=0.01 secs] 
222.752: Total time for which application threads were stopped: 0.0043290 seconds, Stopping threads took: 0.0000650 seconds
222.775: Application time: 0.0235680 seconds
222.776: [GC [PSYoungGen: 102272K->9376K(107520K)] 316446K->223550K(352768K), 0.0038690 secs] [Times: user=0.02 sys=0.00, real=0.00 secs] 
222.780: Total time for which application threads were stopped: 0.0052250 seconds, Stopping threads took: 0.0012520 seconds
222.821: Application time: 0.0410980 seconds
222.822: [GC [PSYoungGen: 101536K->10656K(107520K)] 315710K->224830K(352768K), 0.0042770 secs] [Times: user=0.03 sys=0.00, real=0.00 secs] 
222.826: Total time for which application threads were stopped: 0.0044850 seconds, Stopping threads took: 0.0001050 seconds
222.858: Application time: 0.0316780 seconds
222.858: [GC [PSYoungGen: 102816K->7616K(107520K)] 316990K->221790K(352768K), 0.0032790 secs] [Times: user=0.02 sys=0.00, real=0.00 secs] 
222.861: Total time for which application threads were stopped: 0.0034820 seconds, Stopping threads took: 0.0000980 seconds
222.898: Application time: 0.0373860 seconds
222.899: [GC [PSYoungGen: 99776K->7664K(107520K)] 313950K->221838K(352768K), 0.0034010 secs] [Times: user=0.03 sys=0.00, real=0.00 secs] 
222.902: Total time for which application threads were stopped: 0.0036180 seconds, Stopping threads took: 0.0001130 seconds
222.931: Application time: 0.0285210 seconds
222.931: [GC [PSYoungGen: 99824K->7616K(107520K)] 313998K->221790K(352768K), 0.0031920 secs] [Times: user=0.02 sys=0.00, real=0.00 secs] 
222.934: Total time for which application threads were stopped: 0.0033740 seconds, Stopping threads took: 0.0000820 seconds
222.961: Application time: 0.0269940 seconds
222.961: [GC [PSYoungGen: 99776K->9632K(107520K)] 313950K->223854K(352768K), 0.0042220 secs] [Times: user=0.03 sys=0.00, real=0.00 secs] 
222.965: Total time for which application threads were stopped: 0.0044130 seconds, Stopping threads took: 0.0000900 seconds
222.994: Application time: 0.0288690 seconds
222.994: [GC [PSYoungGen: 101792K->9744K(107520K)] 316014K->223966K(352768K), 0.0039940 secs] [Times: user=0.03 sys=0.00, real=0.01 secs] 
222.998: Total time for which application threads were stopped: 0.0041950 seconds, Stopping threads took: 0.0000970 seconds
223.021: Application time: 0.0221180 seconds
223.024: [GC [PSYoungGen: 101904K->8176K(107520K)] 316126K->222398K(352768K), 0.0033080 secs] [Times: user=0.02 sys=0.00, real=0.00 secs] 
223.028: Total time for which application threads were stopped: 0.0071720 seconds, Stopping threads took: 0.0037420 seconds
223.061: Application time: 0.0335390 seconds
223.061: [GC [PSYoungGen: 100336K->13904K(107520K)] 314558K->228126K(352768K), 0.0056050 secs] [Times: user=0.04 sys=0.00, real=0.00 secs] 
223.067: Total time for which application threads were stopped: 0.0058230 seconds, Stopping threads took: 0.0001110 seconds
223.103: Application time: 0.0357700 seconds
223.103: [GC [PSYoungGen: 106064K->8464K(107520K)] 320286K->222686K(352768K), 0.0033930 secs] [Times: user=0.02 sys=0.00, real=0.00 secs] 
223.107: Total time for which application threads were stopped: 0.0035740 seconds, Stopping threads took: 0.0000790 seconds
223.142: Application time: 0.0355940 seconds
223.142: [GC [PSYoungGen: 100624K->7920K(107520K)] 314846K->222142K(352768K), 0.0033020 secs] [Times: user=0.02 sys=0.00, real=0.00 secs] 
223.146: Total time for which application threads were stopped: 0.0035040 seconds, Stopping threads took: 0.0000980 seconds
223.179: Application time: 0.0331420 seconds
223.179: [GC [PSYoungGen: 100080K->7840K(107520K)] 314302K->222062K(352768K), 0.0035010 secs] [Times: user=0.03 sys=0.00, real=0.00 secs] 
223.182: Total time for which application threads were stopped: 0.0036710 seconds, Stopping threads took: 0.0000660 seconds
223.208: Application time: 0.0256380 seconds
223.208: [GC [PSYoungGen: 100000K->7840K(107520K)] 314222K->222062K(352768K), 0.0032470 secs] [Times: user=0.02 sys=0.01, real=0.01 secs] 
223.212: Total time for which application threads were stopped: 0.0034570 seconds, Stopping threads took: 0.0001080 seconds
223.243: Application time: 0.0318320 seconds
223.244: [GC [PSYoungGen: 100000K->8000K(107520K)] 314222K->222222K(352768K), 0.0049950 secs] [Times: user=0.03 sys=0.00, real=0.01 secs] 
223.249: Total time for which application threads were stopped: 0.0051940 seconds, Stopping threads took: 0.0001010 seconds
223.270: Application time: 0.0219130 seconds
223.271: [GC [PSYoungGen: 100160K->8448K(107520K)] 314382K->222670K(352768K), 0.0034310 secs] [Times: user=0.03 sys=0.00, real=0.00 secs] 
223.274: Total time for which application threads were stopped: 0.0036200 seconds, Stopping threads took: 0.0000870 seconds
223.300: Application time: 0.0258060 seconds
223.304: [GC [PSYoungGen: 100608K->9696K(107520K)] 314830K->223918K(352768K), 0.0039610 secs] [Times: user=0.03 sys=0.00, real=0.01 secs] 
223.308: Total time for which application threads were stopped: 0.0085150 seconds, Stopping threads took: 0.0044530 seconds
223.349: Application time: 0.0401720 seconds
223.352: [GC [PSYoungGen: 101856K->10240K(107520K)] 316078K->224462K(352768K), 0.0041340 secs] [Times: user=0.03 sys=0.00, real=0.01 secs] 
223.357: Total time for which application threads were stopped: 0.0080000 seconds, Stopping threads took: 0.0037620 seconds
223.391: Application time: 0.0339820 seconds
223.392: [GC [PSYoungGen: 102400K->8032K(107520K)] 316622K->222302K(352768K), 0.0033780 secs] [Times: user=0.02 sys=0.00, real=0.00 secs] 
223.396: Total time for which application threads were stopped: 0.0052790 seconds, Stopping threads took: 0.0018060 seconds
223.432: Application time: 0.0361500 seconds
223.432: [GC [PSYoungGen: 100192K->8000K(107520K)] 314462K->222326K(352768K), 0.0033670 secs] [Times: user=0.03 sys=0.00, real=0.00 secs] 
223.436: Total time for which application threads were stopped: 0.0035720 seconds, Stopping threads took: 0.0001040 seconds
223.462: Application time: 0.0265440 seconds
223.464: [GC [PSYoungGen: 100160K->7728K(107520K)] 314486K->222102K(352768K), 0.0032770 secs] [Times: user=0.02 sys=0.00, real=0.00 secs] 
223.468: Total time for which application threads were stopped: 0.0055750 seconds, Stopping threads took: 0.0021960 seconds
223.498: Application time: 0.0300670 seconds
223.498: [GC [PSYoungGen: 99888K->8208K(107520K)] 314262K->222726K(352768K), 0.0034180 secs] [Times: user=0.02 sys=0.00, real=0.00 secs] 
223.501: Total time for which application threads were stopped: 0.0036180 seconds, Stopping threads took: 0.0000990 seconds
223.526: Application time: 0.0249240 seconds
223.526: [GC [PSYoungGen: 100368K->9520K(107520K)] 314886K->224038K(352768K), 0.0038610 secs] [Times: user=0.02 sys=0.00, real=0.01 secs] 
223.530: Total time for which application threads were stopped: 0.0040500 seconds, Stopping threads took: 0.0000670 seconds
223.555: Application time: 0.0245650 seconds
223.555: [GC [PSYoungGen: 101680K->7952K(107520K)] 316198K->222470K(352768K), 0.0032310 secs] [Times: user=0.02 sys=0.00, real=0.01 secs] 
223.558: Total time for which application threads were stopped: 0.0034350 seconds, Stopping threads took: 0.0000940 seconds
223.595: Application time: 0.0369660 seconds
223.596: [GC [PSYoungGen: 100112K->8512K(107520K)] 314630K->223030K(352768K), 0.0033930 secs] [Times: user=0.02 sys=0.00, real=0.00 secs] 
223.600: Total time for which application threads were stopped: 0.0045010 seconds, Stopping threads took: 0.0010050 seconds
223.633: Application time: 0.0328740 seconds
223.633: [GC [PSYoungGen: 100672K->7984K(107520K)] 315190K->222502K(352768K), 0.0034030 secs] [Times: user=0.02 sys=0.00, real=0.01 secs] 
223.636: Total time for which application threads were stopped: 0.0036010 seconds, Stopping threads took: 0.0000890 seconds
223.673: Application time: 0.0369630 seconds
223.673: [GC [PSYoungGen: 100144K->7600K(107520K)] 314662K->222118K(352768K), 0.0033370 secs] [Times: user=0.03 sys=0.00, real=0.01 secs] 
223.677: Total time for which application threads were stopped: 0.0035190 seconds, Stopping threads took: 0.0000790 seconds
223.707: Application time: 0.0299300 seconds
223.707: [GC [PSYoungGen: 99760K->7744K(107520K)] 314278K->222262K(352768K), 0.0033010 secs] [Times: user=0.02 sys=0.00, real=0.01 secs] 
223.710: Total time for which application threads were stopped: 0.0034940 seconds, Stopping threads took: 0.0000930 seconds
223.739: Application time: 0.0292560 seconds
223.740: [GC [PSYoungGen: 99904K->9664K(107520K)] 314422K->224238K(352768K), 0.0040330 secs] [Times: user=0.03 sys=0.00, real=0.00 secs] 
223.744: Total time for which application threads were stopped: 0.0042270 seconds, Stopping threads took: 0.0000900 seconds
223.771: Application time: 0.0269270 seconds
223.771: [GC [PSYoungGen: 101824K->7936K(107520K)] 316398K->222510K(352768K), 0.0035030 secs] [Times: user=0.02 sys=0.00, real=0.00 secs] 
223.774: Total time for which application threads were stopped: 0.0036840 seconds, Stopping threads took: 0.0000790 seconds
223.796: Application time: 0.0214360 seconds
223.796: [GC [PSYoungGen: 100096K->7920K(107520K)] 314670K->222494K(352768K), 0.0032720 secs] [Times: user=0.02 sys=0.00, real=0.01 secs] 
223.799: Total time for which application threads were stopped: 0.0034510 seconds, Stopping threads took: 0.0000760 seconds
223.832: Application time: 0.0329580 seconds
223.832: [GC [PSYoungGen: 100080K->13568K(107520K)] 314654K->228142K(352768K), 0.0055690 secs] [Times: user=0.03 sys=0.00, real=0.01 secs] 
223.838: Total time for which application threads were stopped: 0.0057710 seconds, Stopping threads took: 0.0000910 seconds
223.873: Application time: 0.0346410 seconds
223.873: [GC [PSYoungGen: 105728K->9840K(107520K)] 320302K->224414K(352768K), 0.0040010 secs] [Times: user=0.03 sys=0.00, real=0.01 secs] 
223.877: Total time for which application threads were stopped: 0.0041820 seconds, Stopping threads took: 0.0000790 seconds
223.915: Application time: 0.0377440 seconds
223.915: [GC [PSYoungGen: 102000K->7904K(107520K)] 316574K->222478K(352768K), 0.0033460 secs] [Times: user=0.03 sys=0.00, real=0.01 secs] 
223.918: Total time for which application threads were stopped: 0.0035320 seconds, Stopping threads took: 0.0000830 seconds
223.951: Application time: 0.0325330 seconds
223.951: [GC [PSYoungGen: 100064K->7856K(107520K)] 314638K->222430K(352768K), 0.0032190 secs] [Times: user=0.02 sys=0.00, real=0.00 secs] 
223.954: Total time for which application threads were stopped: 0.0034130 seconds, Stopping threads took: 0.0000940 seconds
223.982: Application time: 0.0283090 seconds
223.982: [GC [PSYoungGen: 100016K->7872K(107520K)] 314590K->222446K(352768K), 0.0034750 secs] [Times: user=0.02 sys=0.00, real=0.00 secs] 
223.986: Total time for which application threads were stopped: 0.0036540 seconds, Stopping threads took: 0.0000740 seconds
224.016: Application time: 0.0298800 seconds
224.016: [GC [PSYoungGen: 100032K->8080K(107520K)] 314606K->222654K(352768K), 0.0033150 secs] [Times: user=0.02 sys=0.00, real=0.01 secs] 
224.019: Total time for which application threads were stopped: 0.0034920 seconds, Stopping threads took: 0.0000750 seconds
224.041: Application time: 0.0214100 seconds
224.041: [GC [PSYoungGen: 100240K->8000K(107520K)] 314814K->222574K(352768K), 0.0032840 secs] [Times: user=0.03 sys=0.00, real=0.00 secs] 
224.044: Total time for which application threads were stopped: 0.0034960 seconds, Stopping threads took: 0.0000920 seconds
224.072: Application time: 0.0281700 seconds
224.073: [GC [PSYoungGen: 100160K->10464K(107520K)] 314734K->225038K(352768K), 0.0042470 secs] [Times: user=0.00 sys=0.02, real=0.01 secs] 
224.077: Total time for which application threads were stopped: 0.0044240 seconds, Stopping threads took: 0.0000750 seconds
224.114: Application time: 0.0371810 seconds
224.116: [GC [PSYoungGen: 102624K->7712K(107520K)] 317198K->222286K(352768K), 0.0031480 secs] [Times: user=0.02 sys=0.00, real=0.00 secs] 
224.120: Total time for which application threads were stopped: 0.0055540 seconds, Stopping threads took: 0.0023010 seconds
224.153: Application time: 0.0337960 seconds
224.154: [GC [PSYoungGen: 99872K->7824K(107520K)] 314446K->222454K(352768K), 0.0033160 secs] [Times: user=0.02 sys=0.00, real=0.01 secs] 
224.157: Total time for which application threads were stopped: 0.0034900 seconds, Stopping threads took: 0.0000730 seconds
224.195: Application time: 0.0383600 seconds
224.195: [GC [PSYoungGen: 99984K->7840K(107520K)] 314614K->222470K(352768K), 0.0033010 secs] [Times: user=0.02 sys=0.00, real=0.01 secs] 
224.199: Total time for which application threads were stopped: 0.0035090 seconds, Stopping threads took: 0.0001030 seconds
224.225: Application time: 0.0258920 seconds
224.225: [GC [PSYoungGen: 100000K->7744K(107520K)] 314630K->222462K(352768K), 0.0034050 secs] [Times: user=0.02 sys=0.00, real=0.00 secs] 
224.228: Total time for which application threads were stopped: 0.0035700 seconds, Stopping threads took: 0.0000630 seconds
224.262: Application time: 0.0335940 seconds
224.264: [GC [PSYoungGen: 99904K->8128K(107520K)] 314622K->222970K(352768K), 0.0034390 secs] [Times: user=0.02 sys=0.00, real=0.00 secs] 
224.268: Total time for which application threads were stopped: 0.0060510 seconds, Stopping threads took: 0.0025070 seconds
224.292: Application time: 0.0236730 seconds
224.292: [GC [PSYoungGen: 100288K->7680K(107520K)] 315130K->222570K(352768K), 0.0031840 secs] [Times: user=0.02 sys=0.00, real=0.00 secs] 
224.295: Total time for which application threads were stopped: 0.0033680 seconds, Stopping threads took: 0.0000840 seconds
224.317: Application time: 0.0221300 seconds
224.317: [GC [PSYoungGen: 99840K->7728K(107520K)] 314730K->222626K(352768K), 0.0032110 secs] [Times: user=0.02 sys=0.00, real=0.00 secs] 
224.320: Total time for which application threads were stopped: 0.0033870 seconds, Stopping threads took: 0.0000720 seconds
224.359: Application time: 0.0386840 seconds
224.359: [GC [PSYoungGen: 99888K->9424K(107520K)] 314786K->224323K(352768K), 0.0038830 secs] [Times: user=0.02 sys=0.00, real=0.00 secs] 
224.363: Total time for which application threads were stopped: 0.0040600 seconds, Stopping threads took: 0.0000760 seconds
224.393: Application time: 0.0300040 seconds
224.393: [GC [PSYoungGen: 101584K->9200K(107520K)] 316483K->224098K(352768K), 0.0046730 secs] [Times: user=0.04 sys=0.00, real=0.01 secs] 
224.398: Total time for which application threads were stopped: 0.0048550 seconds, Stopping threads took: 0.0000820 seconds
224.438: Application time: 0.0398030 seconds
224.438: [GC [PSYoungGen: 101360K->7712K(107520K)] 316258K->222610K(352768K), 0.0033560 secs] [Times: user=0.03 sys=0.00, real=0.00 secs] 
224.441: Total time for which application threads were stopped: 0.0035500 seconds, Stopping threads took: 0.0000930 seconds
224.472: Application time: 0.0302550 seconds
224.472: [GC [PSYoungGen: 99872K->7840K(107520K)] 314770K->222738K(352768K), 0.0034110 secs] [Times: user=0.02 sys=0.00, real=0.00 secs] 
224.475: Total time for which application threads were stopped: 0.0035960 seconds, Stopping threads took: 0.0000820 seconds
224.505: Application time: 0.0299780 seconds
224.505: [GC [PSYoungGen: 100000K->7600K(107520K)] 314898K->222546K(352768K), 0.0035170 secs] [Times: user=0.02 sys=0.00, real=0.01 secs] 
224.509: Total time for which application threads were stopped: 0.0037060 seconds, Stopping threads took: 0.0000880 seconds
224.537: Application time: 0.0284840 seconds
224.538: [GC [PSYoungGen: 99760K->7920K(107520K)] 314706K->222867K(352768K), 0.0034460 secs] [Times: user=0.02 sys=0.00, real=0.00 secs] 
224.541: Total time for which application threads were stopped: 0.0036350 seconds, Stopping threads took: 0.0000870 seconds
224.561: Application time: 0.0201150 seconds
224.564: [GC [PSYoungGen: 100080K->7984K(107520K)] 315027K->222931K(352768K), 0.0032740 secs] [Times: user=0.02 sys=0.00, real=0.00 secs] 
224.568: Total time for which application threads were stopped: 0.0065370 seconds, Stopping threads took: 0.0031450 seconds
224.600: Application time: 0.0319720 seconds
224.600: [GC [PSYoungGen: 100144K->14320K(107520K)] 315091K->229267K(352768K), 0.0056600 secs] [Times: user=0.04 sys=0.00, real=0.00 secs] 
224.606: Total time for which application threads were stopped: 0.0058320 seconds, Stopping threads took: 0.0000710 seconds
224.640: Application time: 0.0343240 seconds
224.640: [GC [PSYoungGen: 106480K->8176K(107520K)] 321427K->223123K(352768K), 0.0032790 secs] [Times: user=0.02 sys=0.00, real=0.00 secs] 
224.643: Total time for which application threads were stopped: 0.0034840 seconds, Stopping threads took: 0.0001030 seconds
224.680: Application time: 0.0362690 seconds
224.680: [GC [PSYoungGen: 100336K->7808K(107520K)] 315283K->222755K(352768K), 0.0033340 secs] [Times: user=0.03 sys=0.00, real=0.00 secs] 
224.683: Total time for which application threads were stopped: 0.0035240 seconds, Stopping threads took: 0.0000880 seconds
224.720: Application time: 0.0365550 seconds
224.720: [GC [PSYoungGen: 99968K->7776K(107520K)] 314915K->222722K(352768K), 0.0032710 secs] [Times: user=0.02 sys=0.00, real=0.00 secs] 
224.723: Total time for which application threads were stopped: 0.0034550 seconds, Stopping threads took: 0.0000820 seconds
224.748: Application time: 0.0249150 seconds
224.748: [GC [PSYoungGen: 99936K->7696K(107520K)] 314882K->222642K(352768K), 0.0032290 secs] [Times: user=0.02 sys=0.01, real=0.01 secs] 
224.752: Total time for which application threads were stopped: 0.0034190 seconds, Stopping threads took: 0.0000890 seconds
224.786: Application time: 0.0342480 seconds
224.788: [GC [PSYoungGen: 99856K->8384K(107520K)] 314802K->223331K(352768K), 0.0033960 secs] [Times: user=0.03 sys=0.00, real=0.00 secs] 
224.792: Total time for which application threads were stopped: 0.0061040 seconds, Stopping threads took: 0.0026080 seconds
224.814: Application time: 0.0223080 seconds
224.814: [GC [PSYoungGen: 100544K->8144K(107520K)] 315491K->223091K(352768K), 0.0035650 secs] [Times: user=0.03 sys=0.00, real=0.01 secs] 
224.818: Total time for which application threads were stopped: 0.0037790 seconds, Stopping threads took: 0.0001120 seconds
224.842: Application time: 0.0235790 seconds
224.842: [GC [PSYoungGen: 100304K->8432K(107520K)] 315251K->223379K(352768K), 0.0036270 secs] [Times: user=0.02 sys=0.00, real=0.00 secs] 
224.845: Total time for which application threads were stopped: 0.0038020 seconds, Stopping threads took: 0.0000730 seconds
224.883: Application time: 0.0378760 seconds
224.883: [GC [PSYoungGen: 100592K->10464K(107520K)] 315539K->225411K(352768K), 0.0042160 secs] [Times: user=0.03 sys=0.00, real=0.00 secs] 
224.888: Total time for which application threads were stopped: 0.0044340 seconds, Stopping threads took: 0.0001130 seconds
224.920: Application time: 0.0321380 seconds
224.920: [GC [PSYoungGen: 102624K->7808K(107520K)] 317571K->222755K(352768K), 0.0034020 secs] [Times: user=0.02 sys=0.00, real=0.00 secs] 
224.923: Total time for which application threads were stopped: 0.0035770 seconds, Stopping threads took: 0.0000760 seconds
224.962: Application time: 0.0388560 seconds
224.962: [GC [PSYoungGen: 99968K->7952K(107520K)] 314915K->222947K(352768K), 0.0036060 secs] [Times: user=0.02 sys=0.00, real=0.00 secs] 
224.966: Total time for which application threads were stopped: 0.0038100 seconds, Stopping threads took: 0.0000900 seconds
224.996: Application time: 0.0295340 seconds
224.996: [GC [PSYoungGen: 100112K->8016K(107520K)] 315107K->223067K(352768K), 0.0035520 secs] [Times: user=0.02 sys=0.00, real=0.00 secs] 
225.000: Total time for which application threads were stopped: 0.0044060 seconds, Stopping threads took: 0.0007530 seconds
225.030: Application time: 0.0296770 seconds
225.030: [GC [PSYoungGen: 100176K->9504K(107520K)] 315227K->224695K(352768K), 0.0041140 secs] [Times: user=0.03 sys=0.00, real=0.00 secs] 
225.034: Total time for which application threads were stopped: 0.0043240 seconds, Stopping threads took: 0.0001070 seconds
225.062: Application time: 0.0279900 seconds
225.062: [GC [PSYoungGen: 101664K->7904K(107520K)] 316855K->223095K(352768K), 0.0032150 secs] [Times: user=0.02 sys=0.00, real=0.00 secs] 
225.065: Total time for which application threads were stopped: 0.0034080 seconds, Stopping threads took: 0.0000920 seconds
225.086: Application time: 0.0208800 seconds
225.086: [GC [PSYoungGen: 100064K->8080K(107520K)] 315255K->223327K(352768K), 0.0032630 secs] [Times: user=0.02 sys=0.00, real=0.01 secs] 
225.090: Total time for which application threads were stopped: 0.0034750 seconds, Stopping threads took: 0.0000910 seconds
225.119: Application time: 0.0294230 seconds
225.119: [GC [PSYoungGen: 100240K->12784K(107520K)] 315487K->228031K(352768K), 0.0050420 secs] [Times: user=0.03 sys=0.00, real=0.00 secs] 
225.124: Total time for which application threads were stopped: 0.0052270 seconds, Stopping threads took: 0.0000830 seconds
225.162: Application time: 0.0377320 seconds
225.162: [GC [PSYoungGen: 104944K->8160K(107520K)] 320191K->223407K(352768K), 0.0034980 secs] [Times: user=0.03 sys=0.00, real=0.00 secs] 
225.166: Total time for which application threads were stopped: 0.0036860 seconds, Stopping threads took: 0.0000880 seconds
225.201: Application time: 0.0352230 seconds
225.201: [GC [PSYoungGen: 100320K->7584K(107520K)] 315567K->222831K(352768K), 0.0032210 secs] [Times: user=0.02 sys=0.00, real=0.00 secs] 
225.204: Total time for which application threads were stopped: 0.0033930 seconds, Stopping threads took: 0.0000720 seconds
225.239: Application time: 0.0347290 seconds
225.239: [GC [PSYoungGen: 99744K->7680K(107520K)] 314991K->222927K(352768K), 0.0032170 secs] [Times: user=0.02 sys=0.00, real=0.00 secs] 
225.243: Total time for which application threads were stopped: 0.0033910 seconds, Stopping threads took: 0.0000690 seconds
225.270: Application time: 0.0278640 seconds
225.271: [GC [PSYoungGen: 99840K->7840K(107520K)] 315087K->223135K(352768K), 0.0032770 secs] [Times: user=0.02 sys=0.00, real=0.00 secs] 
225.274: Total time for which application threads were stopped: 0.0034500 seconds, Stopping threads took: 0.0000730 seconds
225.306: Application time: 0.0324130 seconds
225.307: [GC [PSYoungGen: 100000K->7904K(107520K)] 315295K->223199K(352768K), 0.0033260 secs] [Times: user=0.02 sys=0.00, real=0.01 secs] 
225.310: Total time for which application threads were stopped: 0.0035580 seconds, Stopping threads took: 0.0001300 seconds
225.332: Application time: 0.0223050 seconds
225.332: [GC [PSYoungGen: 100064K->8096K(107520K)] 315359K->223391K(352768K), 0.0032670 secs] [Times: user=0.02 sys=0.00, real=0.00 secs] 
225.336: Total time for which application threads were stopped: 0.0034900 seconds, Stopping threads took: 0.0001210 seconds
225.359: Application time: 0.0237200 seconds
225.360: [GC [PSYoungGen: 100256K->9904K(107520K)] 315551K->225199K(352768K), 0.0040390 secs] [Times: user=0.03 sys=0.00, real=0.00 secs] 
225.364: Total time for which application threads were stopped: 0.0042100 seconds, Stopping threads took: 0.0000680 seconds
225.404: Application time: 0.0403590 seconds
225.404: [GC [PSYoungGen: 102064K->9536K(107520K)] 317359K->224831K(352768K), 0.0037730 secs] [Times: user=0.03 sys=0.00, real=0.00 secs] 
225.408: Total time for which application threads were stopped: 0.0039670 seconds, Stopping threads took: 0.0000930 seconds
225.439: Application time: 0.0309900 seconds
225.439: [GC [PSYoungGen: 101696K->7824K(107520K)] 316991K->223119K(352768K), 0.0034380 secs] [Times: user=0.02 sys=0.00, real=0.00 secs] 
225.443: Total time for which application threads were stopped: 0.0036110 seconds, Stopping threads took: 0.0000700 seconds
225.482: Application time: 0.0394170 seconds
225.482: [GC [PSYoungGen: 99984K->7856K(107520K)] 315279K->223151K(352768K), 0.0033170 secs] [Times: user=0.02 sys=0.00, real=0.00 secs] 
225.485: Total time for which application threads were stopped: 0.0034900 seconds, Stopping threads took: 0.0000730 seconds
225.514: Application time: 0.0283930 seconds
225.514: [GC [PSYoungGen: 100016K->7856K(107520K)] 315311K->223151K(352768K), 0.0034240 secs] [Times: user=0.02 sys=0.00, real=0.01 secs] 
225.517: Total time for which application threads were stopped: 0.0036290 seconds, Stopping threads took: 0.0001030 seconds
225.548: Application time: 0.0304800 seconds
225.548: [GC [PSYoungGen: 100016K->8448K(107520K)] 315311K->223743K(352768K), 0.0034010 secs] [Times: user=0.03 sys=0.00, real=0.01 secs] 
225.552: Total time for which application threads were stopped: 0.0035950 seconds, Stopping threads took: 0.0000880 seconds
225.577: Application time: 0.0257930 seconds
225.578: [GC [PSYoungGen: 100608K->8176K(107520K)] 315903K->223471K(352768K), 0.0033470 secs] [Times: user=0.03 sys=0.00, real=0.00 secs] 
225.581: Total time for which application threads were stopped: 0.0035530 seconds, Stopping threads took: 0.0001040 seconds
225.602: Application time: 0.0214280 seconds
225.603: [GC [PSYoungGen: 100336K->7792K(107520K)] 315631K->223087K(352768K), 0.0031560 secs] [Times: user=0.02 sys=0.00, real=0.00 secs] 
225.606: Total time for which application threads were stopped: 0.0033690 seconds, Stopping threads took: 0.0000890 seconds
225.638: Application time: 0.0325360 seconds
225.638: [GC [PSYoungGen: 99952K->14720K(107520K)] 315247K->230015K(352768K), 0.0058820 secs] [Times: user=0.04 sys=0.00, real=0.00 secs] 
225.644: Total time for which application threads were stopped: 0.0060680 seconds, Stopping threads took: 0.0000740 seconds
225.681: Application time: 0.0365780 seconds
225.681: [GC [PSYoungGen: 106880K->8176K(107520K)] 322175K->223471K(352768K), 0.0034470 secs] [Times: user=0.02 sys=0.00, real=0.00 secs] 
225.685: Total time for which application threads were stopped: 0.0036140 seconds, Stopping threads took: 0.0000660 seconds
225.721: Application time: 0.0361660 seconds
225.721: [GC [PSYoungGen: 100336K->7936K(107520K)] 315631K->223287K(352768K), 0.0035790 secs] [Times: user=0.02 sys=0.00, real=0.00 secs] 
225.724: Total time for which application threads were stopped: 0.0037890 seconds, Stopping threads took: 0.0001080 seconds
225.758: Application time: 0.0331450 seconds
225.758: [GC [PSYoungGen: 100096K->7600K(107520K)] 315447K->222951K(352768K), 0.0032030 secs] [Times: user=0.03 sys=0.00, real=0.00 secs] 
225.761: Total time for which application threads were stopped: 0.0033890 seconds, Stopping threads took: 0.0000850 seconds
225.790: Application time: 0.0287790 seconds
225.790: [GC [PSYoungGen: 99760K->9600K(107520K)] 315111K->225055K(352768K), 0.0043650 secs] [Times: user=0.02 sys=0.00, real=0.00 secs] 
225.794: Total time for which application threads were stopped: 0.0045610 seconds, Stopping threads took: 0.0000970 seconds
225.824: Application time: 0.0297070 seconds
225.824: [GC [PSYoungGen: 101760K->7936K(107520K)] 317215K->223511K(352768K), 0.0032790 secs] [Times: user=0.02 sys=0.00, real=0.00 secs] 
225.828: Total time for which application threads were stopped: 0.0034770 seconds, Stopping threads took: 0.0000950 seconds
225.850: Application time: 0.0223770 seconds
225.850: [GC [PSYoungGen: 100096K->7808K(107520K)] 315671K->223383K(352768K), 0.0032540 secs] [Times: user=0.02 sys=0.00, real=0.00 secs] 
225.853: Total time for which application threads were stopped: 0.0034560 seconds, Stopping threads took: 0.0001010 seconds
225.878: Application time: 0.0250070 seconds
225.879: [GC [PSYoungGen: 99968K->11040K(107520K)] 315543K->226615K(352768K), 0.0044110 secs] [Times: user=0.03 sys=0.00, real=0.00 secs] 
225.883: Total time for which application threads were stopped: 0.0045960 seconds, Stopping threads took: 0.0000800 seconds
225.922: Application time: 0.0392590 seconds
225.922: [GC [PSYoungGen: 103200K->9968K(107520K)] 318775K->225543K(352768K), 0.0040200 secs] [Times: user=0.03 sys=0.00, real=0.00 secs] 
225.926: Total time for which application threads were stopped: 0.0042080 seconds, Stopping threads took: 0.0000860 seconds
225.959: Application time: 0.0328360 seconds
225.959: [GC [PSYoungGen: 102128K->7760K(107520K)] 317703K->223335K(352768K), 0.0033330 secs] [Times: user=0.02 sys=0.00, real=0.00 secs] 
225.963: Total time for which application threads were stopped: 0.0035110 seconds, Stopping threads took: 0.0000770 seconds
225.999: Application time: 0.0359390 seconds
225.999: [GC [PSYoungGen: 99920K->7744K(107520K)] 315495K->223319K(352768K), 0.0032470 secs] [Times: user=0.03 sys=0.00, real=0.00 secs] 
226.002: Total time for which application threads were stopped: 0.0034270 seconds, Stopping threads took: 0.0000770 seconds
226.032: Application time: 0.0296600 seconds
226.032: [GC [PSYoungGen: 99904K->7584K(107520K)] 315479K->223159K(352768K), 0.0032410 secs] [Times: user=0.03 sys=0.00, real=0.00 secs] 
226.035: Total time for which application threads were stopped: 0.0034260 seconds, Stopping threads took: 0.0000830 seconds
226.066: Application time: 0.0310300 seconds
226.066: [GC [PSYoungGen: 99744K->7888K(107520K)] 315319K->223511K(352768K), 0.0032530 secs] [Times: user=0.02 sys=0.00, real=0.01 secs] 
226.070: Total time for which application threads were stopped: 0.0034490 seconds, Stopping threads took: 0.0000920 seconds
226.096: Application time: 0.0258450 seconds
226.096: [GC [PSYoungGen: 100048K->7856K(107520K)] 315671K->223479K(352768K), 0.0034670 secs] [Times: user=0.03 sys=0.00, real=0.00 secs] 
226.100: Total time for which application threads were stopped: 0.0042820 seconds, Stopping threads took: 0.0007200 seconds
226.121: Application time: 0.0215300 seconds
226.122: [GC [PSYoungGen: 100016K->9616K(107520K)] 315639K->225239K(352768K), 0.0038380 secs] [Times: user=0.02 sys=0.00, real=0.00 secs] 
226.125: Total time for which application threads were stopped: 0.0040230 seconds, Stopping threads took: 0.0000640 seconds
226.159: Application time: 0.0333900 seconds
226.159: [GC [PSYoungGen: 101776K->14304K(107520K)] 317399K->229927K(352768K), 0.0055600 secs] [Times: user=0.04 sys=0.00, real=0.00 secs] 
226.165: Total time for which application threads were stopped: 0.0057380 seconds, Stopping threads took: 0.0000730 seconds
226.200: Application time: 0.0351540 seconds
226.200: [GC [PSYoungGen: 106464K->8080K(107520K)] 322087K->223703K(352768K), 0.0033600 secs] [Times: user=0.03 sys=0.00, real=0.00 secs] 
226.203: Total time for which application threads were stopped: 0.0035520 seconds, Stopping threads took: 0.0000920 seconds
226.240: Application time: 0.0365820 seconds
226.240: [GC [PSYoungGen: 100240K->7808K(107520K)] 315863K->223431K(352768K), 0.0032650 secs] [Times: user=0.02 sys=0.00, real=0.00 secs] 
226.243: Total time for which application threads were stopped: 0.0034590 seconds, Stopping threads took: 0.0000930 seconds
226.276: Application time: 0.0326440 seconds
226.276: [GC [PSYoungGen: 99968K->7856K(107520K)] 315591K->223479K(352768K), 0.0033290 secs] [Times: user=0.02 sys=0.00, real=0.01 secs] 
226.280: Total time for which application threads were stopped: 0.0035170 seconds, Stopping threads took: 0.0000860 seconds
226.309: Application time: 0.0293260 seconds
226.309: [GC [PSYoungGen: 100016K->8256K(107520K)] 315639K->223879K(352768K), 0.0034190 secs] [Times: user=0.02 sys=0.00, real=0.00 secs] 
226.312: Total time for which application threads were stopped: 0.0036350 seconds, Stopping threads took: 0.0001150 seconds
226.341: Application time: 0.0282380 seconds
226.341: [GC [PSYoungGen: 100416K->7824K(107520K)] 316039K->223447K(352768K), 0.0034480 secs] [Times: user=0.02 sys=0.00, real=0.00 secs] 
226.344: Total time for which application threads were stopped: 0.0036730 seconds, Stopping threads took: 0.0001140 seconds
226.367: Application time: 0.0223740 seconds
226.367: [GC [PSYoungGen: 99984K->8064K(107520K)] 315607K->223687K(352768K), 0.0035600 secs] [Times: user=0.02 sys=0.00, real=0.01 secs] 
226.371: Total time for which application threads were stopped: 0.0037480 seconds, Stopping threads took: 0.0000860 seconds
226.397: Application time: 0.0269820 seconds
226.398: [GC [PSYoungGen: 100224K->8304K(107520K)] 315847K->223927K(352768K), 0.0033640 secs] [Times: user=0.02 sys=0.00, real=0.00 secs] 
226.401: Total time for which application threads were stopped: 0.0035740 seconds, Stopping threads took: 0.0001100 seconds
226.438: Application time: 0.0370490 seconds
226.438: [GC [PSYoungGen: 100464K->10304K(107520K)] 316087K->225927K(352768K), 0.0041400 secs] [Times: user=0.03 sys=0.00, real=0.00 secs] 
226.442: Total time for which application threads were stopped: 0.0043470 seconds, Stopping threads took: 0.0001060 seconds
226.477: Application time: 0.0344060 seconds
226.477: [GC [PSYoungGen: 102464K->7712K(107520K)] 318087K->223391K(352768K), 0.0032160 secs] [Times: user=0.02 sys=0.00, real=0.00 secs] 
226.480: Total time for which application threads were stopped: 0.0033800 seconds, Stopping threads took: 0.0000650 seconds
226.515: Application time: 0.0344670 seconds
226.515: [GC [PSYoungGen: 99872K->7728K(107520K)] 315551K->223407K(352768K), 0.0034830 secs] [Times: user=0.02 sys=0.00, real=0.01 secs] 
226.518: Total time for which application threads were stopped: 0.0036750 seconds, Stopping threads took: 0.0000910 seconds
226.548: Application time: 0.0300320 seconds
226.549: [GC [PSYoungGen: 99888K->9632K(107520K)] 315567K->225399K(352768K), 0.0040340 secs] [Times: user=0.03 sys=0.00, real=0.00 secs] 
226.553: Total time for which application threads were stopped: 0.0042250 seconds, Stopping threads took: 0.0000870 seconds
226.583: Application time: 0.0299920 seconds
226.583: [GC [PSYoungGen: 101792K->7760K(107520K)] 317559K->223687K(352768K), 0.0032710 secs] [Times: user=0.02 sys=0.00, real=0.00 secs] 
226.586: Total time for which application threads were stopped: 0.0034610 seconds, Stopping threads took: 0.0000890 seconds
226.611: Application time: 0.0245850 seconds
226.611: [GC [PSYoungGen: 99920K->7600K(107520K)] 315847K->223527K(352768K), 0.0032500 secs] [Times: user=0.02 sys=0.01, real=0.00 secs] 
226.614: Total time for which application threads were stopped: 0.0034300 seconds, Stopping threads took: 0.0000760 seconds
226.638: Application time: 0.0233590 seconds
226.638: [GC [PSYoungGen: 99760K->9536K(107520K)] 315687K->225463K(352768K), 0.0039010 secs] [Times: user=0.03 sys=0.00, real=0.00 secs] 
226.642: Total time for which application threads were stopped: 0.0041050 seconds, Stopping threads took: 0.0000830 seconds
226.678: Application time: 0.0360550 seconds
226.678: [GC [PSYoungGen: 101696K->10976K(107520K)] 317623K->226903K(352768K), 0.0045230 secs] [Times: user=0.03 sys=0.00, real=0.00 secs] 
226.682: Total time for which application threads were stopped: 0.0047050 seconds, Stopping threads took: 0.0000780 seconds
226.716: Application time: 0.0332170 seconds
226.716: [GC [PSYoungGen: 103136K->7888K(107520K)] 319063K->223815K(352768K), 0.0035370 secs] [Times: user=0.03 sys=0.00, real=0.01 secs] 
226.719: Total time for which application threads were stopped: 0.0037460 seconds, Stopping threads took: 0.0001100 seconds
226.755: Application time: 0.0355660 seconds
226.755: [GC [PSYoungGen: 100048K->7536K(107520K)] 315975K->223463K(352768K), 0.0034590 secs] [Times: user=0.03 sys=0.00, real=0.01 secs] 
226.759: Total time for which application threads were stopped: 0.0036560 seconds, Stopping threads took: 0.0000970 seconds
226.792: Application time: 0.0335750 seconds
226.792: [GC [PSYoungGen: 99696K->7792K(107520K)] 315623K->223719K(352768K), 0.0032940 secs] [Times: user=0.02 sys=0.00, real=0.00 secs] 
226.796: Total time for which application threads were stopped: 0.0034780 seconds, Stopping threads took: 0.0000750 seconds
226.825: Application time: 0.0290460 seconds
226.825: [GC [PSYoungGen: 99952K->7744K(107520K)] 315879K->223727K(352768K), 0.0032840 secs] [Times: user=0.03 sys=0.00, real=0.00 secs] 
226.828: Total time for which application threads were stopped: 0.0034400 seconds, Stopping threads took: 0.0000550 seconds
226.856: Application time: 0.0280520 seconds
226.856: [GC [PSYoungGen: 99904K->7952K(107520K)] 315887K->223935K(352768K), 0.0033960 secs] [Times: user=0.03 sys=0.00, real=0.00 secs] 
226.860: Total time for which application threads were stopped: 0.0035900 seconds, Stopping threads took: 0.0000810 seconds
226.882: Application time: 0.0227230 seconds
226.883: [GC [PSYoungGen: 100112K->9056K(107520K)] 316095K->225039K(352768K), 0.0037300 secs] [Times: user=0.02 sys=0.00, real=0.00 secs] 
226.886: Total time for which application threads were stopped: 0.0039200 seconds, Stopping threads took: 0.0000860 seconds
226.914: Application time: 0.0272470 seconds
226.914: [GC [PSYoungGen: 101216K->10624K(107520K)] 317199K->226607K(352768K), 0.0043030 secs] [Times: user=0.03 sys=0.00, real=0.01 secs] 
226.918: Total time for which application threads were stopped: 0.0044780 seconds, Stopping threads took: 0.0000720 seconds
226.957: Application time: 0.0385140 seconds
226.957: [GC [PSYoungGen: 102784K->9296K(107520K)] 318767K->225279K(352768K), 0.0038280 secs] [Times: user=0.02 sys=0.00, real=0.00 secs] 
226.961: Total time for which application threads were stopped: 0.0040430 seconds, Stopping threads took: 0.0001140 seconds
226.995: Application time: 0.0338360 seconds
226.995: [GC [PSYoungGen: 101456K->7776K(107520K)] 317439K->223759K(352768K), 0.0033190 secs] [Times: user=0.02 sys=0.00, real=0.01 secs] 
226.998: Total time for which application threads were stopped: 0.0035150 seconds, Stopping threads took: 0.0000920 seconds
227.032: Application time: 0.0337270 seconds
227.032: [GC [PSYoungGen: 99936K->7904K(107520K)] 315919K->223887K(352768K), 0.0033260 secs] [Times: user=0.03 sys=0.00, real=0.00 secs] 
227.035: Total time for which application threads were stopped: 0.0035180 seconds, Stopping threads took: 0.0000840 seconds
227.067: Application time: 0.0314990 seconds
227.067: [GC [PSYoungGen: 100064K->8224K(107520K)] 316047K->224207K(352768K), 0.0033820 secs] [Times: user=0.02 sys=0.00, real=0.01 secs] 
227.070: Total time for which application threads were stopped: 0.0035560 seconds, Stopping threads took: 0.0000690 seconds
227.098: Application time: 0.0279290 seconds
227.098: [GC [PSYoungGen: 100384K->7872K(107520K)] 316367K->223855K(352768K), 0.0033040 secs] [Times: user=0.03 sys=0.00, real=0.00 secs] 
227.102: Total time for which application threads were stopped: 0.0035020 seconds, Stopping threads took: 0.0000950 seconds
227.127: Application time: 0.0252530 seconds
227.127: [GC [PSYoungGen: 100032K->7952K(107520K)] 316015K->223935K(352768K), 0.0034920 secs] [Times: user=0.02 sys=0.00, real=0.01 secs] 
227.131: Total time for which application threads were stopped: 0.0036800 seconds, Stopping threads took: 0.0000810 seconds
227.153: Application time: 0.0225940 seconds
227.154: [GC [PSYoungGen: 100112K->8320K(107520K)] 316095K->224303K(352768K), 0.0033680 secs] [Times: user=0.02 sys=0.00, real=0.01 secs] 
227.157: Total time for which application threads were stopped: 0.0035760 seconds, Stopping threads took: 0.0000840 seconds
227.193: Application time: 0.0365080 seconds
227.194: [GC [PSYoungGen: 100480K->13568K(107520K)] 316463K->229551K(352768K), 0.0054770 secs] [Times: user=0.03 sys=0.00, real=0.01 secs] 
227.199: Total time for which application threads were stopped: 0.0056540 seconds, Stopping threads took: 0.0000700 seconds
227.233: Application time: 0.0343570 seconds
227.234: [GC [PSYoungGen: 105728K->7744K(107520K)] 321711K->223775K(352768K), 0.0033420 secs] [Times: user=0.02 sys=0.00, real=0.01 secs] 
227.237: Total time for which application threads were stopped: 0.0035220 seconds, Stopping threads took: 0.0000740 seconds
227.272: Application time: 0.0348400 seconds
227.272: [GC [PSYoungGen: 99904K->7792K(107520K)] 315935K->223823K(352768K), 0.0033360 secs] [Times: user=0.02 sys=0.00, real=0.00 secs] 
227.275: Total time for which application threads were stopped: 0.0035290 seconds, Stopping threads took: 0.0000900 seconds
227.309: Application time: 0.0334950 seconds
227.309: [GC [PSYoungGen: 99952K->9456K(107520K)] 315983K->225535K(352768K), 0.0041270 secs] [Times: user=0.02 sys=0.00, real=0.00 secs] 
227.313: Total time for which application threads were stopped: 0.0043130 seconds, Stopping threads took: 0.0000790 seconds
227.341: Application time: 0.0282650 seconds
227.342: [GC [PSYoungGen: 101616K->7760K(107520K)] 317695K->223987K(352768K), 0.0033780 secs] [Times: user=0.02 sys=0.00, real=0.00 secs] 
227.345: Total time for which application threads were stopped: 0.0035980 seconds, Stopping threads took: 0.0001180 seconds
227.373: Application time: 0.0277510 seconds
227.373: [GC [PSYoungGen: 99920K->7584K(107520K)] 316147K->223859K(352768K), 0.0032170 secs] [Times: user=0.02 sys=0.00, real=0.00 secs] 
227.376: Total time for which application threads were stopped: 0.0034180 seconds, Stopping threads took: 0.0000940 seconds
227.399: Application time: 0.0229450 seconds
227.399: [GC [PSYoungGen: 99744K->9568K(107520K)] 316019K->225843K(352768K), 0.0039100 secs] [Times: user=0.03 sys=0.00, real=0.00 secs] 
227.403: Total time for which application threads were stopped: 0.0040850 seconds, Stopping threads took: 0.0000680 seconds
227.431: Application time: 0.0280980 seconds
227.431: [GC [PSYoungGen: 101728K->9920K(107520K)] 318003K->226196K(352768K), 0.0038630 secs] [Times: user=0.03 sys=0.00, real=0.00 secs] 
227.435: Total time for which application threads were stopped: 0.0040410 seconds, Stopping threads took: 0.0000680 seconds
227.474: Application time: 0.0387440 seconds
227.474: [GC [PSYoungGen: 102080K->7904K(107520K)] 318356K->224179K(352768K), 0.0032780 secs] [Times: user=0.02 sys=0.00, real=0.01 secs] 
227.478: Total time for which application threads were stopped: 0.0034670 seconds, Stopping threads took: 0.0000850 seconds
227.511: Application time: 0.0334780 seconds
227.511: [GC [PSYoungGen: 100064K->7664K(107520K)] 316339K->223939K(352768K), 0.0032950 secs] [Times: user=0.02 sys=0.00, real=0.00 secs] 
227.515: Total time for which application threads were stopped: 0.0034910 seconds, Stopping threads took: 0.0000910 seconds
227.549: Application time: 0.0343590 seconds
227.549: [GC [PSYoungGen: 99824K->7776K(107520K)] 316099K->224052K(352768K), 0.0034940 secs] [Times: user=0.01 sys=0.00, real=0.00 secs] 
227.553: Total time for which application threads were stopped: 0.0036640 seconds, Stopping threads took: 0.0000660 seconds
227.583: Application time: 0.0305780 seconds
227.583: [GC [PSYoungGen: 99936K->7872K(107520K)] 316212K->224148K(352768K), 0.0031940 secs] [Times: user=0.02 sys=0.00, real=0.00 secs] 
227.587: Total time for which application threads were stopped: 0.0033790 seconds, Stopping threads took: 0.0000790 seconds
227.614: Application time: 0.0274210 seconds
227.614: [GC [PSYoungGen: 100032K->7968K(107520K)] 316308K->224292K(352768K), 0.0033890 secs] [Times: user=0.02 sys=0.00, real=0.01 secs] 
227.618: Total time for which application threads were stopped: 0.0035910 seconds, Stopping threads took: 0.0000980 seconds
227.643: Application time: 0.0258640 seconds
227.644: [GC [PSYoungGen: 100128K->9296K(107520K)] 316452K->225620K(352768K), 0.0040410 secs] [Times: user=0.03 sys=0.00, real=0.00 secs] 
227.648: Total time for which application threads were stopped: 0.0042190 seconds, Stopping threads took: 0.0000730 seconds
227.671: Application time: 0.0232310 seconds
227.671: [GC [PSYoungGen: 101456K->9200K(107520K)] 317780K->225524K(352768K), 0.0036920 secs] [Times: user=0.02 sys=0.00, real=0.00 secs] 
227.675: Total time for which application threads were stopped: 0.0038950 seconds, Stopping threads took: 0.0000770 seconds
227.711: Application time: 0.0358420 seconds
227.711: [GC [PSYoungGen: 101360K->13936K(107520K)] 317684K->230260K(352768K), 0.0054660 secs] [Times: user=0.04 sys=0.00, real=0.00 secs] 
227.716: Total time for which application threads were stopped: 0.0056750 seconds, Stopping threads took: 0.0000910 seconds
227.751: Application time: 0.0344530 seconds
227.752: [GC [PSYoungGen: 106096K->7760K(107520K)] 322420K->224084K(352768K), 0.0032680 secs] [Times: user=0.02 sys=0.00, real=0.00 secs] 
227.756: Total time for which application threads were stopped: 0.0049710 seconds, Stopping threads took: 0.0016000 seconds
227.789: Application time: 0.0333320 seconds
227.789: [GC [PSYoungGen: 99920K->7888K(107520K)] 316244K->224212K(352768K), 0.0035430 secs] [Times: user=0.02 sys=0.00, real=0.00 secs] 
227.793: Total time for which application threads were stopped: 0.0037700 seconds, Stopping threads took: 0.0001210 seconds
227.828: Application time: 0.0348260 seconds
227.828: [GC [PSYoungGen: 100048K->8368K(107520K)] 316372K->224692K(352768K), 0.0034260 secs] [Times: user=0.03 sys=0.00, real=0.01 secs] 
227.831: Total time for which application threads were stopped: 0.0036330 seconds, Stopping threads took: 0.0001000 seconds
227.857: Application time: 0.0261300 seconds
227.858: [GC [PSYoungGen: 100528K->7888K(107520K)] 316852K->224212K(352768K), 0.0033550 secs] [Times: user=0.03 sys=0.00, real=0.00 secs] 
227.861: Total time for which application threads were stopped: 0.0035450 seconds, Stopping threads took: 0.0000850 seconds
227.891: Application time: 0.0301880 seconds
227.891: [GC [PSYoungGen: 100048K->8416K(107520K)] 316372K->224740K(352768K), 0.0033780 secs] [Times: user=0.02 sys=0.00, real=0.00 secs] 
227.895: Total time for which application threads were stopped: 0.0035720 seconds, Stopping threads took: 0.0000880 seconds
227.917: Application time: 0.0221130 seconds
227.917: [GC [PSYoungGen: 100576K->8352K(107520K)] 316900K->224676K(352768K), 0.0033430 secs] [Times: user=0.02 sys=0.00, real=0.00 secs] 
227.920: Total time for which application threads were stopped: 0.0035330 seconds, Stopping threads took: 0.0000800 seconds
227.952: Application time: 0.0311200 seconds
227.952: [GC [PSYoungGen: 100512K->9888K(107520K)] 316836K->226212K(352768K), 0.0040210 secs] [Times: user=0.03 sys=0.00, real=0.00 secs] 
227.956: Total time for which application threads were stopped: 0.0042110 seconds, Stopping threads took: 0.0000850 seconds
227.993: Application time: 0.0376930 seconds
227.994: [GC [PSYoungGen: 102048K->8448K(107520K)] 318372K->224812K(352768K), 0.0036070 secs] [Times: user=0.02 sys=0.00, real=0.01 secs] 
227.997: Total time for which application threads were stopped: 0.0038400 seconds, Stopping threads took: 0.0001290 seconds
228.029: Application time: 0.0317320 seconds
228.029: [GC [PSYoungGen: 100608K->7792K(107520K)] 316972K->224156K(352768K), 0.0035540 secs] [Times: user=0.02 sys=0.00, real=0.00 secs] 
228.033: Total time for which application threads were stopped: 0.0037550 seconds, Stopping threads took: 0.0000930 seconds
228.068: Application time: 0.0348630 seconds
228.068: [GC [PSYoungGen: 99952K->9584K(107520K)] 316316K->226004K(352768K), 0.0040590 secs] [Times: user=0.03 sys=0.00, real=0.01 secs] 
228.072: Total time for which application threads were stopped: 0.0042520 seconds, Stopping threads took: 0.0000850 seconds
228.102: Application time: 0.0304640 seconds
228.103: [GC [PSYoungGen: 101744K->7872K(107520K)] 318164K->224372K(352768K), 0.0034380 secs] [Times: user=0.02 sys=0.00, real=0.00 secs] 
228.106: Total time for which application threads were stopped: 0.0036410 seconds, Stopping threads took: 0.0000970 seconds
228.132: Application time: 0.0257200 seconds
228.132: [GC [PSYoungGen: 100032K->7632K(107520K)] 316532K->224244K(352768K), 0.0035250 secs] [Times: user=0.02 sys=0.00, real=0.00 secs] 
228.136: Total time for which application threads were stopped: 0.0042870 seconds, Stopping threads took: 0.0006540 seconds
228.166: Application time: 0.0297520 seconds
228.166: [GC [PSYoungGen: 99792K->8112K(107520K)] 316404K->224724K(352768K), 0.0032920 secs] [Times: user=0.02 sys=0.00, real=0.01 secs] 
228.169: Total time for which application threads were stopped: 0.0034860 seconds, Stopping threads took: 0.0000800 seconds
228.195: Application time: 0.0254730 seconds
228.195: [GC [PSYoungGen: 100272K->10032K(107520K)] 316884K->226644K(352768K), 0.0040800 secs] [Times: user=0.03 sys=0.00, real=0.01 secs] 
228.199: Total time for which application threads were stopped: 0.0042980 seconds, Stopping threads took: 0.0000940 seconds
228.231: Application time: 0.0319410 seconds
228.231: [GC [PSYoungGen: 102192K->11648K(107520K)] 318804K->228260K(352768K), 0.0047300 secs] [Times: user=0.03 sys=0.00, real=0.00 secs] 
228.236: Total time for which application threads were stopped: 0.0049160 seconds, Stopping threads took: 0.0000800 seconds
228.273: Application time: 0.0376250 seconds
228.274: [GC [PSYoungGen: 103808K->8000K(107520K)] 320420K->224612K(352768K), 0.0035540 secs] [Times: user=0.01 sys=0.00, real=0.01 secs] 
228.277: Total time for which application threads were stopped: 0.0037480 seconds, Stopping threads took: 0.0000880 seconds
228.309: Application time: 0.0313950 seconds
228.312: [GC [PSYoungGen: 100160K->7776K(107520K)] 316772K->224388K(352768K), 0.0033120 secs] [Times: user=0.03 sys=0.00, real=0.00 secs] 
228.316: Total time for which application threads were stopped: 0.0071100 seconds, Stopping threads took: 0.0036920 seconds
228.352: Application time: 0.0358700 seconds
228.352: [GC [PSYoungGen: 99936K->7872K(107520K)] 316548K->224484K(352768K), 0.0033160 secs] [Times: user=0.03 sys=0.00, real=0.00 secs] 
228.355: Total time for which application threads were stopped: 0.0035300 seconds, Stopping threads took: 0.0001080 seconds
228.380: Application time: 0.0253290 seconds
228.381: [GC [PSYoungGen: 100032K->7696K(107520K)] 316644K->224356K(352768K), 0.0032350 secs] [Times: user=0.02 sys=0.00, real=0.00 secs] 
228.384: Total time for which application threads were stopped: 0.0034430 seconds, Stopping threads took: 0.0001040 seconds
228.411: Application time: 0.0270110 seconds
228.411: [GC [PSYoungGen: 99856K->9456K(107520K)] 316516K->226116K(352768K), 0.0038710 secs] [Times: user=0.03 sys=0.00, real=0.00 secs] 
228.415: Total time for which application threads were stopped: 0.0040860 seconds, Stopping threads took: 0.0001070 seconds
228.443: Application time: 0.0278330 seconds
228.443: [GC [PSYoungGen: 101616K->11184K(107520K)] 318276K->227844K(352768K), 0.0046160 secs] [Times: user=0.03 sys=0.00, real=0.00 secs] 
228.448: Total time for which application threads were stopped: 0.0048020 seconds, Stopping threads took: 0.0000760 seconds
228.475: Application time: 0.0272440 seconds
228.475: [GC [PSYoungGen: 103344K->9088K(107520K)] 320004K->225748K(352768K), 0.0036940 secs] [Times: user=0.02 sys=0.00, real=0.01 secs] 
228.479: Total time for which application threads were stopped: 0.0039210 seconds, Stopping threads took: 0.0001200 seconds
228.518: Application time: 0.0391020 seconds
228.518: [GC [PSYoungGen: 101248K->8432K(107520K)] 317908K->225092K(352768K), 0.0036330 secs] [Times: user=0.03 sys=0.00, real=0.00 secs] 
228.522: Total time for which application threads were stopped: 0.0038330 seconds, Stopping threads took: 0.0000960 seconds
228.552: Application time: 0.0302730 seconds
228.552: [GC [PSYoungGen: 100592K->7856K(107520K)] 317252K->224516K(352768K), 0.0032810 secs] [Times: user=0.02 sys=0.01, real=0.00 secs] 
228.556: Total time for which application threads were stopped: 0.0034810 seconds, Stopping threads took: 0.0000950 seconds
228.590: Application time: 0.0346850 seconds
228.590: [GC [PSYoungGen: 100016K->9648K(107520K)] 316676K->226308K(352768K), 0.0041020 secs] [Times: user=0.03 sys=0.00, real=0.00 secs] 
228.595: Total time for which application threads were stopped: 0.0042830 seconds, Stopping threads took: 0.0000730 seconds
228.625: Application time: 0.0300590 seconds
228.625: [GC [PSYoungGen: 101808K->7808K(107520K)] 318468K->224468K(352768K), 0.0032630 secs] [Times: user=0.03 sys=0.00, real=0.00 secs] 
228.628: Total time for which application threads were stopped: 0.0034510 seconds, Stopping threads took: 0.0000840 seconds
228.653: Application time: 0.0252430 seconds
228.653: [GC [PSYoungGen: 99968K->7712K(107520K)] 316628K->224372K(352768K), 0.0032510 secs] [Times: user=0.02 sys=0.00, real=0.01 secs] 
228.657: Total time for which application threads were stopped: 0.0034370 seconds, Stopping threads took: 0.0000830 seconds
228.687: Application time: 0.0304440 seconds
228.687: [GC [PSYoungGen: 99872K->8480K(107520K)] 316532K->225140K(352768K), 0.0034670 secs] [Times: user=0.03 sys=0.00, real=0.01 secs] 
228.691: Total time for which application threads were stopped: 0.0036610 seconds, Stopping threads took: 0.0000900 seconds
228.717: Application time: 0.0260140 seconds
228.717: [GC [PSYoungGen: 100640K->8656K(107520K)] 317300K->225316K(352768K), 0.0034790 secs] [Times: user=0.03 sys=0.00, real=0.00 secs] 
228.721: Total time for which application threads were stopped: 0.0037070 seconds, Stopping threads took: 0.0000840 seconds
228.755: Application time: 0.0339950 seconds
228.755: [GC [PSYoungGen: 100816K->10208K(107520K)] 317476K->226924K(352768K), 0.0042370 secs] [Times: user=0.03 sys=0.00, real=0.01 secs] 
228.759: Total time for which application threads were stopped: 0.0044220 seconds, Stopping threads took: 0.0000800 seconds
228.793: Application time: 0.0344240 seconds
228.794: [GC [PSYoungGen: 102368K->7856K(107520K)] 319084K->224572K(352768K), 0.0033500 secs] [Times: user=0.03 sys=0.00, real=0.01 secs] 
228.797: Total time for which application threads were stopped: 0.0035580 seconds, Stopping threads took: 0.0001050 seconds
228.829: Application time: 0.0317770 seconds
228.829: [GC [PSYoungGen: 100016K->7664K(107520K)] 316732K->224436K(352768K), 0.0033600 secs] [Times: user=0.02 sys=0.00, real=0.00 secs] 
228.832: Total time for which application threads were stopped: 0.0035710 seconds, Stopping threads took: 0.0001000 seconds
228.868: Application time: 0.0354080 seconds
228.868: [GC [PSYoungGen: 99824K->7712K(107520K)] 316596K->224564K(352768K), 0.0032380 secs] [Times: user=0.02 sys=0.00, real=0.01 secs] 
228.871: Total time for which application threads were stopped: 0.0034420 seconds, Stopping threads took: 0.0000980 seconds
228.896: Application time: 0.0249870 seconds
228.896: [GC [PSYoungGen: 99872K->7440K(107520K)] 316724K->224368K(352768K), 0.0032250 secs] [Times: user=0.02 sys=0.00, real=0.00 secs] 
228.900: Total time for which application threads were stopped: 0.0034440 seconds, Stopping threads took: 0.0001060 seconds
228.927: Application time: 0.0269240 seconds
228.927: [GC [PSYoungGen: 99600K->9472K(107520K)] 316528K->226456K(352768K), 0.0039330 secs] [Times: user=0.02 sys=0.00, real=0.01 secs] 
228.931: Total time for which application threads were stopped: 0.0041110 seconds, Stopping threads took: 0.0000740 seconds
228.959: Application time: 0.0286430 seconds
228.959: [GC [PSYoungGen: 101632K->12208K(107520K)] 318616K->229192K(352768K), 0.0048660 secs] [Times: user=0.03 sys=0.00, real=0.00 secs] 
228.964: Total time for which application threads were stopped: 0.0050620 seconds, Stopping threads took: 0.0000870 seconds
228.991: Application time: 0.0268250 seconds
228.991: [GC [PSYoungGen: 104368K->10688K(107520K)] 321352K->227672K(352768K), 0.0043320 secs] [Times: user=0.03 sys=0.00, real=0.00 secs] 
228.996: Total time for which application threads were stopped: 0.0045190 seconds, Stopping threads took: 0.0000830 seconds
229.036: Application time: 0.0399140 seconds
229.036: [GC [PSYoungGen: 102848K->8288K(107520K)] 319832K->225272K(352768K), 0.0034420 secs] [Times: user=0.02 sys=0.00, real=0.01 secs] 
229.039: Total time for which application threads were stopped: 0.0036260 seconds, Stopping threads took: 0.0000790 seconds
229.070: Application time: 0.0303730 seconds
229.070: [GC [PSYoungGen: 100448K->7712K(107520K)] 317432K->224696K(352768K), 0.0033510 secs] [Times: user=0.02 sys=0.00, real=0.00 secs] 
229.073: Total time for which application threads were stopped: 0.0035600 seconds, Stopping threads took: 0.0001030 seconds
229.108: Application time: 0.0351920 seconds
229.109: [GC [PSYoungGen: 99872K->9648K(107520K)] 316856K->226632K(352768K), 0.0039820 secs] [Times: user=0.03 sys=0.00, real=0.00 secs] 
229.113: Total time for which application threads were stopped: 0.0041980 seconds, Stopping threads took: 0.0001080 seconds
229.141: Application time: 0.0285520 seconds
229.144: [GC [PSYoungGen: 101808K->7536K(107520K)] 318792K->224576K(352768K), 0.0031940 secs] [Times: user=0.02 sys=0.00, real=0.00 secs] 
229.148: Total time for which application threads were stopped: 0.0065730 seconds, Stopping threads took: 0.0032760 seconds
229.172: Application time: 0.0246720 seconds
229.173: [GC [PSYoungGen: 99696K->7904K(107520K)] 316736K->224944K(352768K), 0.0033520 secs] [Times: user=0.03 sys=0.00, real=0.00 secs] 
229.176: Total time for which application threads were stopped: 0.0035620 seconds, Stopping threads took: 0.0001060 seconds
229.205: Application time: 0.0293650 seconds
229.205: [GC [PSYoungGen: 100064K->10640K(107520K)] 317104K->227680K(352768K), 0.0042970 secs] [Times: user=0.02 sys=0.00, real=0.01 secs] 
229.210: Total time for which application threads were stopped: 0.0044800 seconds, Stopping threads took: 0.0000750 seconds
229.237: Application time: 0.0270070 seconds
229.237: [GC [PSYoungGen: 102800K->8096K(107520K)] 319840K->225136K(352768K), 0.0031970 secs] [Times: user=0.02 sys=0.00, real=0.00 secs] 
229.240: Total time for which application threads were stopped: 0.0034050 seconds, Stopping threads took: 0.0000840 seconds
229.277: Application time: 0.0370070 seconds
229.277: [GC [PSYoungGen: 100256K->10480K(107520K)] 317296K->227520K(352768K), 0.0042460 secs] [Times: user=0.02 sys=0.00, real=0.00 secs] 
229.282: Total time for which application threads were stopped: 0.0044250 seconds, Stopping threads took: 0.0000740 seconds
229.318: Application time: 0.0360930 seconds
229.318: [GC [PSYoungGen: 102640K->7776K(107520K)] 319680K->224816K(352768K), 0.0032080 secs] [Times: user=0.02 sys=0.00, real=0.00 secs] 
229.321: Total time for which application threads were stopped: 0.0034380 seconds, Stopping threads took: 0.0001240 seconds
229.351: Application time: 0.0297980 seconds
229.351: [GC [PSYoungGen: 99936K->7904K(107520K)] 316976K->224944K(352768K), 0.0032900 secs] [Times: user=0.03 sys=0.00, real=0.00 secs] 
229.355: Total time for which application threads were stopped: 0.0035260 seconds, Stopping threads took: 0.0001280 seconds
229.388: Application time: 0.0334050 seconds
229.388: [GC [PSYoungGen: 100064K->9696K(107520K)] 317104K->226736K(352768K), 0.0038900 secs] [Times: user=0.03 sys=0.00, real=0.01 secs] 
229.392: Total time for which application threads were stopped: 0.0040890 seconds, Stopping threads took: 0.0000920 seconds
229.417: Application time: 0.0246110 seconds
229.417: [GC [PSYoungGen: 101856K->8176K(107520K)] 318896K->225216K(352768K), 0.0034200 secs] [Times: user=0.02 sys=0.00, real=0.00 secs] 
229.420: Total time for which application threads were stopped: 0.0036060 seconds, Stopping threads took: 0.0000820 seconds
229.448: Application time: 0.0279650 seconds
229.448: [GC [PSYoungGen: 100336K->10304K(107520K)] 317376K->227344K(352768K), 0.0042660 secs] [Times: user=0.03 sys=0.00, real=0.00 secs] 
229.453: Total time for which application threads were stopped: 0.0044520 seconds, Stopping threads took: 0.0000720 seconds
229.480: Application time: 0.0277680 seconds
229.481: [GC [PSYoungGen: 102464K->8816K(107520K)] 319504K->225856K(352768K), 0.0035650 secs] [Times: user=0.02 sys=0.00, real=0.00 secs] 
229.484: Total time for which application threads were stopped: 0.0037510 seconds, Stopping threads took: 0.0000840 seconds
229.515: Application time: 0.0311940 seconds
229.516: [GC [PSYoungGen: 100976K->12112K(107520K)] 318016K->229200K(352768K), 0.0048080 secs] [Times: user=0.04 sys=0.00, real=0.01 secs] 
229.520: Total time for which application threads were stopped: 0.0050170 seconds, Stopping threads took: 0.0001050 seconds
229.558: Application time: 0.0372700 seconds
229.558: [GC [PSYoungGen: 104272K->7712K(107520K)] 321360K->224800K(352768K), 0.0033420 secs] [Times: user=0.02 sys=0.00, real=0.00 secs] 
229.561: Total time for which application threads were stopped: 0.0035470 seconds, Stopping threads took: 0.0000910 seconds
229.595: Application time: 0.0340450 seconds
229.595: [GC [PSYoungGen: 99872K->7648K(107520K)] 316960K->224736K(352768K), 0.0032770 secs] [Times: user=0.02 sys=0.00, real=0.01 secs] 
229.599: Total time for which application threads were stopped: 0.0034930 seconds, Stopping threads took: 0.0001080 seconds
229.630: Application time: 0.0309480 seconds
229.630: [GC [PSYoungGen: 99808K->7856K(107520K)] 316896K->225068K(352768K), 0.0032480 secs] [Times: user=0.02 sys=0.00, real=0.00 secs] 
229.633: Total time for which application threads were stopped: 0.0034410 seconds, Stopping threads took: 0.0000880 seconds
229.661: Application time: 0.0282930 seconds
229.662: [GC [PSYoungGen: 100016K->8064K(107520K)] 317228K->225324K(352768K), 0.0033950 secs] [Times: user=0.02 sys=0.00, real=0.00 secs] 
229.665: Total time for which application threads were stopped: 0.0035940 seconds, Stopping threads took: 0.0000950 seconds
229.690: Application time: 0.0249680 seconds
229.690: [GC [PSYoungGen: 100224K->8192K(107520K)] 317484K->225532K(352768K), 0.0034800 secs] [Times: user=0.02 sys=0.00, real=0.00 secs] 
229.694: Total time for which application threads were stopped: 0.0036770 seconds, Stopping threads took: 0.0000890 seconds
229.723: Application time: 0.0292360 seconds
229.723: [GC [PSYoungGen: 100352K->11680K(107520K)] 317692K->229020K(352768K), 0.0047400 secs] [Times: user=0.04 sys=0.00, real=0.00 secs] 
229.728: Total time for which application threads were stopped: 0.0049170 seconds, Stopping threads took: 0.0000680 seconds
229.756: Application time: 0.0280010 seconds
229.756: [GC [PSYoungGen: 103840K->9456K(107520K)] 321180K->226796K(352768K), 0.0038310 secs] [Times: user=0.03 sys=0.00, real=0.01 secs] 
229.760: Total time for which application threads were stopped: 0.0040330 seconds, Stopping threads took: 0.0000770 seconds
229.797: Application time: 0.0374210 seconds
229.797: [GC [PSYoungGen: 101616K->9664K(107520K)] 318956K->227004K(352768K), 0.0039480 secs] [Times: user=0.03 sys=0.00, real=0.00 secs] 
229.801: Total time for which application threads were stopped: 0.0041220 seconds, Stopping threads took: 0.0000680 seconds
229.836: Application time: 0.0348290 seconds
229.836: [GC [PSYoungGen: 101824K->7776K(107520K)] 319164K->225116K(352768K), 0.0031780 secs] [Times: user=0.02 sys=0.00, real=0.00 secs] 
229.840: Total time for which application threads were stopped: 0.0033690 seconds, Stopping threads took: 0.0000860 seconds
229.869: Application time: 0.0294140 seconds
229.869: [GC [PSYoungGen: 99936K->7760K(107520K)] 317276K->225100K(352768K), 0.0033410 secs] [Times: user=0.02 sys=0.00, real=0.00 secs] 
229.873: Total time for which application threads were stopped: 0.0035470 seconds, Stopping threads took: 0.0001020 seconds
229.905: Application time: 0.0328190 seconds
229.906: [GC [PSYoungGen: 99920K->8176K(107520K)] 317260K->225516K(352768K), 0.0034140 secs] [Times: user=0.02 sys=0.00, real=0.01 secs] 
229.909: Total time for which application threads were stopped: 0.0035950 seconds, Stopping threads took: 0.0000780 seconds
229.932: Application time: 0.0227830 seconds
229.932: [GC [PSYoungGen: 100336K->8000K(107520K)] 317676K->225396K(352768K), 0.0033920 secs] [Times: user=0.03 sys=0.00, real=0.00 secs] 
229.935: Total time for which application threads were stopped: 0.0035910 seconds, Stopping threads took: 0.0000960 seconds
229.966: Application time: 0.0304360 seconds
229.966: [GC [PSYoungGen: 100160K->9424K(107520K)] 317556K->226820K(352768K), 0.0039150 secs] [Times: user=0.03 sys=0.00, real=0.01 secs] 
229.970: Total time for which application threads were stopped: 0.0041130 seconds, Stopping threads took: 0.0000910 seconds
229.997: Application time: 0.0266250 seconds
229.997: [GC [PSYoungGen: 101584K->8352K(107520K)] 318980K->225748K(352768K), 0.0033750 secs] [Times: user=0.02 sys=0.00, real=0.00 secs] 
230.000: Total time for which application threads were stopped: 0.0035600 seconds, Stopping threads took: 0.0000790 seconds
230.034: Application time: 0.0341040 seconds
230.034: [GC [PSYoungGen: 100512K->10448K(107520K)] 317908K->227844K(352768K), 0.0041930 secs] [Times: user=0.03 sys=0.00, real=0.01 secs] 
230.039: Total time for which application threads were stopped: 0.0043980 seconds, Stopping threads took: 0.0000970 seconds
230.076: Application time: 0.0368940 seconds
230.076: [GC [PSYoungGen: 102608K->7952K(107520K)] 320004K->225348K(352768K), 0.0034210 secs] [Times: user=0.02 sys=0.00, real=0.01 secs] 
230.079: Total time for which application threads were stopped: 0.0036360 seconds, Stopping threads took: 0.0001080 seconds
230.109: Application time: 0.0293440 seconds
230.109: [GC [PSYoungGen: 100112K->7712K(107520K)] 317508K->225108K(352768K), 0.0032180 secs] [Times: user=0.02 sys=0.00, real=0.00 secs] 
230.112: Total time for which application threads were stopped: 0.0034170 seconds, Stopping threads took: 0.0000950 seconds
230.148: Application time: 0.0356220 seconds
230.148: [GC [PSYoungGen: 99872K->8768K(107520K)] 317268K->226164K(352768K), 0.0036930 secs] [Times: user=0.03 sys=0.00, real=0.01 secs] 
230.151: Total time for which application threads were stopped: 0.0038710 seconds, Stopping threads took: 0.0000700 seconds
230.176: Application time: 0.0249630 seconds
230.177: [GC [PSYoungGen: 100928K->7984K(107520K)] 318324K->225380K(352768K), 0.0035790 secs] [Times: user=0.02 sys=0.00, real=0.00 secs] 
230.180: Total time for which application threads were stopped: 0.0037610 seconds, Stopping threads took: 0.0000790 seconds
230.207: Application time: 0.0263610 seconds
230.207: [GC [PSYoungGen: 100144K->7696K(107520K)] 317540K->225092K(352768K), 0.0032540 secs] [Times: user=0.02 sys=0.00, real=0.01 secs] 
230.210: Total time for which application threads were stopped: 0.0034470 seconds, Stopping threads took: 0.0000890 seconds
230.240: Application time: 0.0298090 seconds
230.240: [GC [PSYoungGen: 99856K->9264K(107520K)] 317252K->226660K(352768K), 0.0036460 secs] [Times: user=0.02 sys=0.00, real=0.00 secs] 
230.244: Total time for which application threads were stopped: 0.0038510 seconds, Stopping threads took: 0.0001000 seconds
230.272: Application time: 0.0281750 seconds
230.272: [GC [PSYoungGen: 101424K->10112K(107520K)] 318820K->227508K(352768K), 0.0039660 secs] [Times: user=0.02 sys=0.00, real=0.00 secs] 
230.276: Total time for which application threads were stopped: 0.0041790 seconds, Stopping threads took: 0.0000900 seconds
230.314: Application time: 0.0377260 seconds
230.314: [GC [PSYoungGen: 102272K->9600K(107520K)] 319668K->227052K(352768K), 0.0040790 secs] [Times: user=0.02 sys=0.00, real=0.01 secs] 
230.318: Total time for which application threads were stopped: 0.0042930 seconds, Stopping threads took: 0.0001100 seconds
230.353: Application time: 0.0350050 seconds
230.353: [GC [PSYoungGen: 101760K->7952K(107520K)] 319212K->225404K(352768K), 0.0034240 secs] [Times: user=0.02 sys=0.00, real=0.01 secs] 
230.357: Total time for which application threads were stopped: 0.0036260 seconds, Stopping threads took: 0.0000950 seconds
230.387: Application time: 0.0303080 seconds
230.387: [GC [PSYoungGen: 100112K->7792K(107520K)] 317564K->225361K(352768K), 0.0033620 secs] [Times: user=0.03 sys=0.00, real=0.01 secs] 
230.391: Total time for which application threads were stopped: 0.0035770 seconds, Stopping threads took: 0.0001060 seconds
230.421: Application time: 0.0308600 seconds
230.422: [GC [PSYoungGen: 99952K->8160K(107520K)] 317521K->225776K(352768K), 0.0036900 secs] [Times: user=0.03 sys=0.00, real=0.00 secs] 
230.425: Total time for which application threads were stopped: 0.0038830 seconds, Stopping threads took: 0.0000860 seconds
230.449: Application time: 0.0236700 seconds
230.449: [GC [PSYoungGen: 100320K->7584K(107520K)] 317936K->225248K(352768K), 0.0031450 secs] [Times: user=0.02 sys=0.00, real=0.00 secs] 
230.452: Total time for which application threads were stopped: 0.0033250 seconds, Stopping threads took: 0.0000690 seconds
230.482: Application time: 0.0293460 seconds
230.482: [GC [PSYoungGen: 99744K->12208K(107520K)] 317408K->229913K(352768K), 0.0049390 secs] [Times: user=0.04 sys=0.00, real=0.00 secs] 
230.487: Total time for which application threads were stopped: 0.0051080 seconds, Stopping threads took: 0.0000620 seconds
230.515: Application time: 0.0284200 seconds
230.515: [GC [PSYoungGen: 104368K->7856K(107520K)] 322073K->225560K(352768K), 0.0032130 secs] [Times: user=0.03 sys=0.00, real=0.01 secs] 
230.519: Total time for which application threads were stopped: 0.0033750 seconds, Stopping threads took: 0.0000570 seconds
230.553: Application time: 0.0347580 seconds
230.553: [GC [PSYoungGen: 100016K->8128K(107520K)] 317720K->225833K(352768K), 0.0033930 secs] [Times: user=0.02 sys=0.00, real=0.01 secs] 
230.557: Total time for which application threads were stopped: 0.0035940 seconds, Stopping threads took: 0.0000960 seconds
230.593: Application time: 0.0359550 seconds
230.593: [GC [PSYoungGen: 100288K->7744K(107520K)] 317993K->225448K(352768K), 0.0033770 secs] [Times: user=0.02 sys=0.00, real=0.01 secs] 
230.596: Total time for which application threads were stopped: 0.0035590 seconds, Stopping threads took: 0.0000750 seconds
230.627: Application time: 0.0304910 seconds
230.627: [GC [PSYoungGen: 99904K->7664K(107520K)] 317608K->225369K(352768K), 0.0033240 secs] [Times: user=0.02 sys=0.00, real=0.01 secs] 
230.630: Total time for which application threads were stopped: 0.0034950 seconds, Stopping threads took: 0.0000640 seconds
230.663: Application time: 0.0324830 seconds
230.664: [GC [PSYoungGen: 99824K->8128K(107520K)] 317529K->225833K(352768K), 0.0036400 secs] [Times: user=0.02 sys=0.01, real=0.00 secs] 
230.668: Total time for which application threads were stopped: 0.0052140 seconds, Stopping threads took: 0.0014680 seconds
230.695: Application time: 0.0273300 seconds
230.696: [GC [PSYoungGen: 100288K->7824K(107520K)] 317993K->225577K(352768K), 0.0033180 secs] [Times: user=0.02 sys=0.00, real=0.01 secs] 
230.699: Total time for which application threads were stopped: 0.0035030 seconds, Stopping threads took: 0.0000820 seconds
230.725: Application time: 0.0257390 seconds
230.725: [GC [PSYoungGen: 99984K->9632K(107520K)] 317737K->227385K(352768K), 0.0040420 secs] [Times: user=0.03 sys=0.00, real=0.01 secs] 
230.729: Total time for which application threads were stopped: 0.0042240 seconds, Stopping threads took: 0.0000770 seconds
230.756: Application time: 0.0269610 seconds
230.756: [GC [PSYoungGen: 101792K->11936K(107520K)] 319545K->229689K(352768K), 0.0047950 secs] [Times: user=0.04 sys=0.00, real=0.01 secs] 
230.761: Total time for which application threads were stopped: 0.0049780 seconds, Stopping threads took: 0.0000760 seconds
230.794: Application time: 0.0326610 seconds
230.794: [GC [PSYoungGen: 104096K->10112K(107520K)] 321849K->227865K(352768K), 0.0040350 secs] [Times: user=0.02 sys=0.00, real=0.01 secs] 
230.798: Total time for which application threads were stopped: 0.0042240 seconds, Stopping threads took: 0.0000660 seconds
230.834: Application time: 0.0366350 seconds
230.835: [GC [PSYoungGen: 102272K->8048K(107520K)] 320025K->225801K(352768K), 0.0036010 secs] [Times: user=0.02 sys=0.00, real=0.01 secs] 
230.838: Total time for which application threads were stopped: 0.0037670 seconds, Stopping threads took: 0.0000600 seconds
230.872: Application time: 0.0340130 seconds
230.872: [GC [PSYoungGen: 100208K->7760K(107520K)] 317961K->225513K(352768K), 0.0035640 secs] [Times: user=0.02 sys=0.00, real=0.00 secs] 
230.876: Total time for which application threads were stopped: 0.0037980 seconds, Stopping threads took: 0.0001250 seconds
230.906: Application time: 0.0303790 seconds
230.907: [GC [PSYoungGen: 99920K->7872K(107520K)] 317673K->225625K(352768K), 0.0032680 secs] [Times: user=0.02 sys=0.00, real=0.01 secs] 
230.910: Total time for which application threads were stopped: 0.0034680 seconds, Stopping threads took: 0.0000940 seconds
230.938: Application time: 0.0283460 seconds
230.938: [GC [PSYoungGen: 100032K->9856K(107520K)] 317785K->227609K(352768K), 0.0039200 secs] [Times: user=0.03 sys=0.00, real=0.00 secs] 
230.942: Total time for which application threads were stopped: 0.0041280 seconds, Stopping threads took: 0.0000920 seconds
230.969: Application time: 0.0266440 seconds
230.969: [GC [PSYoungGen: 102016K->7776K(107520K)] 319769K->225529K(352768K), 0.0032880 secs] [Times: user=0.02 sys=0.00, real=0.00 secs] 
230.972: Total time for which application threads were stopped: 0.0034680 seconds, Stopping threads took: 0.0000750 seconds
231.001: Application time: 0.0282540 seconds
231.001: [GC [PSYoungGen: 99936K->8864K(107520K)] 317689K->226617K(352768K), 0.0035610 secs] [Times: user=0.02 sys=0.00, real=0.00 secs] 
231.004: Total time for which application threads were stopped: 0.0037280 seconds, Stopping threads took: 0.0000620 seconds
231.032: Application time: 0.0278160 seconds
231.032: [GC [PSYoungGen: 101024K->10144K(107520K)] 318777K->227897K(352768K), 0.0041870 secs] [Times: user=0.03 sys=0.00, real=0.01 secs] 
231.037: Total time for which application threads were stopped: 0.0043970 seconds, Stopping threads took: 0.0001060 seconds
231.073: Application time: 0.0367900 seconds
231.074: [GC [PSYoungGen: 102304K->9648K(107520K)] 320057K->227401K(352768K), 0.0039040 secs] [Times: user=0.03 sys=0.00, real=0.01 secs] 
231.078: Total time for which application threads were stopped: 0.0040970 seconds, Stopping threads took: 0.0000870 seconds
231.113: Application time: 0.0351490 seconds
231.113: [GC [PSYoungGen: 101808K->8112K(107520K)] 319561K->225913K(352768K), 0.0034430 secs] [Times: user=0.02 sys=0.00, real=0.00 secs] 
231.116: Total time for which application threads were stopped: 0.0036360 seconds, Stopping threads took: 0.0000770 seconds
231.147: Application time: 0.0311760 seconds
231.148: [GC [PSYoungGen: 100272K->7792K(107520K)] 318073K->225649K(352768K), 0.0033080 secs] [Times: user=0.03 sys=0.00, real=0.01 secs] 
231.151: Total time for which application threads were stopped: 0.0035050 seconds, Stopping threads took: 0.0000940 seconds
231.181: Application time: 0.0304240 seconds
231.182: [GC [PSYoungGen: 99952K->8032K(107520K)] 317809K->225977K(352768K), 0.0034140 secs] [Times: user=0.02 sys=0.00, real=0.00 secs] 
231.185: Total time for which application threads were stopped: 0.0036280 seconds, Stopping threads took: 0.0001090 seconds
231.213: Application time: 0.0278280 seconds
231.213: [GC [PSYoungGen: 100192K->8048K(107520K)] 318137K->226089K(352768K), 0.0035030 secs] [Times: user=0.02 sys=0.00, real=0.01 secs] 
231.217: Total time for which application threads were stopped: 0.0036760 seconds, Stopping threads took: 0.0000710 seconds
231.242: Application time: 0.0251710 seconds
231.242: [GC [PSYoungGen: 100208K->8096K(107520K)] 318249K->226185K(352768K), 0.0051630 secs] [Times: user=0.03 sys=0.00, real=0.00 secs] 
231.247: Total time for which application threads were stopped: 0.0053710 seconds, Stopping threads took: 0.0001050 seconds
231.276: Application time: 0.0284480 seconds
231.276: [GC [PSYoungGen: 100256K->11600K(107520K)] 318345K->229689K(352768K), 0.0046070 secs] [Times: user=0.03 sys=0.00, real=0.01 secs] 
231.280: Total time for which application threads were stopped: 0.0048230 seconds, Stopping threads took: 0.0001120 seconds
231.313: Application time: 0.0329620 seconds
231.314: [GC [PSYoungGen: 103760K->11664K(107520K)] 321849K->229753K(352768K), 0.0048360 secs] [Times: user=0.04 sys=0.00, real=0.01 secs] 
231.318: Total time for which application threads were stopped: 0.0050530 seconds, Stopping threads took: 0.0000870 seconds
231.355: Application time: 0.0365550 seconds
231.355: [GC [PSYoungGen: 103824K->7792K(107520K)] 321913K->225881K(352768K), 0.0033320 secs] [Times: user=0.02 sys=0.00, real=0.01 secs] 
231.358: Total time for which application threads were stopped: 0.0035310 seconds, Stopping threads took: 0.0000950 seconds
231.393: Application time: 0.0348830 seconds
231.394: [GC [PSYoungGen: 99952K->7776K(107520K)] 318041K->225865K(352768K), 0.0032470 secs] [Times: user=0.02 sys=0.00, real=0.01 secs] 
231.397: Total time for which application threads were stopped: 0.0034410 seconds, Stopping threads took: 0.0000800 seconds
231.425: Application time: 0.0284050 seconds
231.425: [GC [PSYoungGen: 99936K->7904K(107520K)] 318025K->225993K(352768K), 0.0033030 secs] [Times: user=0.02 sys=0.00, real=0.01 secs] 
231.429: Total time for which application threads were stopped: 0.0034910 seconds, Stopping threads took: 0.0000800 seconds
231.458: Application time: 0.0290480 seconds
231.458: [GC [PSYoungGen: 100064K->8192K(107520K)] 318153K->226329K(352768K), 0.0034550 secs] [Times: user=0.02 sys=0.00, real=0.00 secs] 
231.461: Total time for which application threads were stopped: 0.0036330 seconds, Stopping threads took: 0.0000720 seconds
231.487: Application time: 0.0260660 seconds
231.488: [GC [PSYoungGen: 100352K->9696K(107520K)] 318489K->227833K(352768K), 0.0040170 secs] [Times: user=0.02 sys=0.00, real=0.01 secs] 
231.492: Total time for which application threads were stopped: 0.0042150 seconds, Stopping threads took: 0.0000910 seconds
231.519: Application time: 0.0270430 seconds
231.519: [GC [PSYoungGen: 101856K->9264K(107520K)] 319993K->227401K(352768K), 0.0037170 secs] [Times: user=0.03 sys=0.00, real=0.00 secs] 
231.523: Total time for which application threads were stopped: 0.0039010 seconds, Stopping threads took: 0.0000770 seconds
231.553: Application time: 0.0305230 seconds
231.553: [GC [PSYoungGen: 101424K->8112K(107520K)] 319561K->226249K(352768K), 0.0036250 secs] [Times: user=0.02 sys=0.00, real=0.01 secs] 
231.557: Total time for which application threads were stopped: 0.0038530 seconds, Stopping threads took: 0.0001230 seconds
231.593: Application time: 0.0364130 seconds
231.594: [GC [PSYoungGen: 100272K->9456K(107520K)] 318409K->227593K(352768K), 0.0039860 secs] [Times: user=0.03 sys=0.00, real=0.01 secs] 
231.598: Total time for which application threads were stopped: 0.0041920 seconds, Stopping threads took: 0.0000980 seconds
231.633: Application time: 0.0350830 seconds
231.633: [GC [PSYoungGen: 101616K->7904K(107520K)] 319753K->226041K(352768K), 0.0034170 secs] [Times: user=0.01 sys=0.01, real=0.01 secs] 
231.636: Total time for which application threads were stopped: 0.0036350 seconds, Stopping threads took: 0.0001010 seconds
231.668: Application time: 0.0312750 seconds
231.668: [GC [PSYoungGen: 100064K->7984K(107520K)] 318201K->226121K(352768K), 0.0034030 secs] [Times: user=0.03 sys=0.00, real=0.01 secs] 
231.671: Total time for which application threads were stopped: 0.0035970 seconds, Stopping threads took: 0.0000870 seconds
231.699: Application time: 0.0280610 seconds
231.699: [GC [PSYoungGen: 100144K->8432K(107520K)] 318281K->226569K(352768K), 0.0033780 secs] [Times: user=0.02 sys=0.00, real=0.00 secs] 
231.703: Total time for which application threads were stopped: 0.0035750 seconds, Stopping threads took: 0.0000910 seconds
231.730: Application time: 0.0269460 seconds
231.730: [GC [PSYoungGen: 100592K->8144K(107520K)] 318729K->226281K(352768K), 0.0036080 secs] [Times: user=0.02 sys=0.00, real=0.00 secs] 
231.734: Total time for which application threads were stopped: 0.0038030 seconds, Stopping threads took: 0.0000900 seconds
231.762: Application time: 0.0283130 seconds
231.762: [GC [PSYoungGen: 100304K->7856K(107520K)] 318441K->225993K(352768K), 0.0033280 secs] [Times: user=0.02 sys=0.00, real=0.00 secs] 
231.765: Total time for which application threads were stopped: 0.0035030 seconds, Stopping threads took: 0.0000700 seconds
231.794: Application time: 0.0287410 seconds
231.794: [GC [PSYoungGen: 100016K->9120K(107520K)] 318153K->227257K(352768K), 0.0036920 secs] [Times: user=0.03 sys=0.00, real=0.01 secs] 
231.798: Total time for which application threads were stopped: 0.0038770 seconds, Stopping threads took: 0.0000790 seconds
231.831: Application time: 0.0334000 seconds
231.832: [GC [PSYoungGen: 101280K->8896K(107520K)] 319417K->227033K(352768K), 0.0035630 secs] [Times: user=0.03 sys=0.00, real=0.00 secs] 
231.835: Total time for which application threads were stopped: 0.0037770 seconds, Stopping threads took: 0.0000930 seconds
231.871: Application time: 0.0359150 seconds
231.871: [GC [PSYoungGen: 101056K->7664K(107520K)] 319193K->225849K(352768K), 0.0032560 secs] [Times: user=0.02 sys=0.00, real=0.00 secs] 
231.875: Total time for which application threads were stopped: 0.0034540 seconds, Stopping threads took: 0.0000930 seconds
231.908: Application time: 0.0335040 seconds
231.908: [GC [PSYoungGen: 99824K->7808K(107520K)] 318009K->226041K(352768K), 0.0034390 secs] [Times: user=0.02 sys=0.00, real=0.01 secs] 
231.912: Total time for which application threads were stopped: 0.0036200 seconds, Stopping threads took: 0.0000760 seconds
231.941: Application time: 0.0288130 seconds
231.941: [GC [PSYoungGen: 99968K->7616K(107520K)] 318201K->225929K(352768K), 0.0033910 secs] [Times: user=0.02 sys=0.00, real=0.00 secs] 
231.944: Total time for which application threads were stopped: 0.0035770 seconds, Stopping threads took: 0.0000820 seconds
231.971: Application time: 0.0269940 seconds
231.971: [GC [PSYoungGen: 99776K->9344K(107520K)] 318089K->227753K(352768K), 0.0038550 secs] [Times: user=0.03 sys=0.00, real=0.00 secs] 
231.975: Total time for which application threads were stopped: 0.0040480 seconds, Stopping threads took: 0.0000880 seconds
232.002: Application time: 0.0272860 seconds
232.004: [GC [PSYoungGen: 101504K->10160K(107520K)] 319913K->228617K(352768K), 0.0041640 secs] [Times: user=0.03 sys=0.00, real=0.01 secs] 
232.009: Total time for which application threads were stopped: 0.0061770 seconds, Stopping threads took: 0.0019060 seconds
232.036: Application time: 0.0278230 seconds
232.037: [GC [PSYoungGen: 102320K->10128K(107520K)] 320777K->228585K(352768K), 0.0042390 secs] [Times: user=0.03 sys=0.00, real=0.00 secs] 
232.041: Total time for which application threads were stopped: 0.0044320 seconds, Stopping threads took: 0.0000850 seconds
232.071: Application time: 0.0304980 seconds
232.072: [GC [PSYoungGen: 102288K->8144K(107520K)] 320745K->226601K(352768K), 0.0035670 secs] [Times: user=0.03 sys=0.00, real=0.00 secs] 
232.075: Total time for which application threads were stopped: 0.0037450 seconds, Stopping threads took: 0.0000730 seconds
232.113: Application time: 0.0376050 seconds
232.116: [GC [PSYoungGen: 100304K->9648K(107520K)] 318761K->228105K(352768K), 0.0039380 secs] [Times: user=0.02 sys=0.00, real=0.00 secs] 
232.120: Total time for which application threads were stopped: 0.0076470 seconds, Stopping threads took: 0.0036020 seconds
232.154: Application time: 0.0336450 seconds
232.156: [GC [PSYoungGen: 101808K->7776K(107520K)] 320265K->226233K(352768K), 0.0033170 secs] [Times: user=0.03 sys=0.00, real=0.00 secs] 
232.160: Total time for which application threads were stopped: 0.0057730 seconds, Stopping threads took: 0.0023540 seconds
232.191: Application time: 0.0316270 seconds
232.192: [GC [PSYoungGen: 99936K->7760K(107520K)] 318393K->226217K(352768K), 0.0032980 secs] [Times: user=0.02 sys=0.00, real=0.00 secs] 
232.195: Total time for which application threads were stopped: 0.0035230 seconds, Stopping threads took: 0.0001170 seconds
232.222: Application time: 0.0266690 seconds
232.222: [GC [PSYoungGen: 99920K->7840K(107520K)] 318377K->226337K(352768K), 0.0032680 secs] [Times: user=0.03 sys=0.00, real=0.00 secs] 
232.225: Total time for which application threads were stopped: 0.0034430 seconds, Stopping threads took: 0.0000690 seconds
232.252: Application time: 0.0273540 seconds
232.253: [GC [PSYoungGen: 100000K->8240K(107520K)] 318497K->226737K(352768K), 0.0033570 secs] [Times: user=0.02 sys=0.00, real=0.00 secs] 
232.256: Total time for which application threads were stopped: 0.0035400 seconds, Stopping threads took: 0.0000800 seconds
232.285: Application time: 0.0291030 seconds
232.285: [GC [PSYoungGen: 100400K->11216K(107520K)] 318897K->229713K(352768K), 0.0045360 secs] [Times: user=0.03 sys=0.00, real=0.01 secs] 
232.290: Total time for which application threads were stopped: 0.0047350 seconds, Stopping threads took: 0.0000910 seconds
232.318: Application time: 0.0283310 seconds
232.318: [GC [PSYoungGen: 103376K->9616K(107520K)] 321873K->228113K(352768K), 0.0038840 secs] [Times: user=0.03 sys=0.00, real=0.00 secs] 
232.322: Total time for which application threads were stopped: 0.0040820 seconds, Stopping threads took: 0.0000820 seconds
232.358: Application time: 0.0354640 seconds
232.358: [GC [PSYoungGen: 101776K->10080K(107520K)] 320273K->228577K(352768K), 0.0040890 secs] [Times: user=0.02 sys=0.00, real=0.00 secs] 
232.362: Total time for which application threads were stopped: 0.0042970 seconds, Stopping threads took: 0.0000880 seconds
232.397: Application time: 0.0352000 seconds
232.397: [GC [PSYoungGen: 102240K->7968K(107520K)] 320737K->226465K(352768K), 0.0032430 secs] [Times: user=0.02 sys=0.00, real=0.00 secs] 
232.401: Total time for which application threads were stopped: 0.0034550 seconds, Stopping threads took: 0.0001060 seconds
232.434: Application time: 0.0329680 seconds
232.434: [GC [PSYoungGen: 100128K->7760K(107520K)] 318625K->226257K(352768K), 0.0034390 secs] [Times: user=0.02 sys=0.00, real=0.01 secs] 
232.437: Total time for which application threads were stopped: 0.0036180 seconds, Stopping threads took: 0.0000760 seconds
232.467: Application time: 0.0293340 seconds
232.467: [GC [PSYoungGen: 99920K->7872K(107520K)] 318417K->226369K(352768K), 0.0034150 secs] [Times: user=0.02 sys=0.00, real=0.01 secs] 
232.470: Total time for which application threads were stopped: 0.0036150 seconds, Stopping threads took: 0.0000940 seconds
232.495: Application time: 0.0243170 seconds
232.495: [GC [PSYoungGen: 100032K->7872K(107520K)] 318529K->226369K(352768K), 0.0034500 secs] [Times: user=0.02 sys=0.00, real=0.01 secs] 
232.498: Total time for which application threads were stopped: 0.0036300 seconds, Stopping threads took: 0.0000730 seconds
232.527: Application time: 0.0291390 seconds
232.527: [GC [PSYoungGen: 100032K->11984K(107520K)] 318529K->230481K(352768K), 0.0048280 secs] [Times: user=0.03 sys=0.00, real=0.01 secs] 
232.532: Total time for which application threads were stopped: 0.0050100 seconds, Stopping threads took: 0.0000630 seconds
232.561: Application time: 0.0283690 seconds
232.561: [GC [PSYoungGen: 104144K->8736K(107520K)] 322641K->227233K(352768K), 0.0034350 secs] [Times: user=0.02 sys=0.00, real=0.00 secs] 
232.564: Total time for which application threads were stopped: 0.0036530 seconds, Stopping threads took: 0.0001130 seconds
232.596: Application time: 0.0318570 seconds
232.596: [GC [PSYoungGen: 100896K->10224K(107520K)] 319393K->228721K(352768K), 0.0040700 secs] [Times: user=0.03 sys=0.00, real=0.00 secs] 
232.600: Total time for which application threads were stopped: 0.0042580 seconds, Stopping threads took: 0.0000840 seconds
232.639: Application time: 0.0381180 seconds
232.639: [GC [PSYoungGen: 102384K->10016K(107520K)] 320881K->228513K(352768K), 0.0040690 secs] [Times: user=0.03 sys=0.00, real=0.00 secs] 
232.643: Total time for which application threads were stopped: 0.0042480 seconds, Stopping threads took: 0.0000750 seconds
232.675: Application time: 0.0317110 seconds
232.675: [GC [PSYoungGen: 102176K->7888K(107520K)] 320673K->226473K(352768K), 0.0033910 secs] [Times: user=0.03 sys=0.00, real=0.01 secs] 
232.678: Total time for which application threads were stopped: 0.0035760 seconds, Stopping threads took: 0.0000770 seconds
232.712: Application time: 0.0335390 seconds
232.712: [GC [PSYoungGen: 100048K->7872K(107520K)] 318633K->226541K(352768K), 0.0033940 secs] [Times: user=0.02 sys=0.00, real=0.00 secs] 
232.715: Total time for which application threads were stopped: 0.0035810 seconds, Stopping threads took: 0.0000820 seconds
232.739: Application time: 0.0237280 seconds
232.739: [GC [PSYoungGen: 100032K->7696K(107520K)] 318701K->226365K(352768K), 0.0034010 secs] [Times: user=0.02 sys=0.00, real=0.00 secs] 
232.743: Total time for which application threads were stopped: 0.0036130 seconds, Stopping threads took: 0.0001070 seconds
232.770: Application time: 0.0271310 seconds
232.770: [GC [PSYoungGen: 99856K->9728K(107520K)] 318525K->228485K(352768K), 0.0041410 secs] [Times: user=0.03 sys=0.00, real=0.00 secs] 
232.774: Total time for which application threads were stopped: 0.0043440 seconds, Stopping threads took: 0.0000880 seconds
232.804: Application time: 0.0300490 seconds
232.804: [GC [PSYoungGen: 101888K->10240K(107520K)] 320645K->229045K(352768K), 0.0040750 secs] [Times: user=0.03 sys=0.00, real=0.01 secs] 
232.808: Total time for which application threads were stopped: 0.0042710 seconds, Stopping threads took: 0.0000910 seconds
232.837: Application time: 0.0289050 seconds
232.837: [GC [PSYoungGen: 102400K->10032K(107520K)] 321205K->228837K(352768K), 0.0040880 secs] [Times: user=0.02 sys=0.00, real=0.00 secs] 
232.842: Total time for which application threads were stopped: 0.0042760 seconds, Stopping threads took: 0.0000840 seconds
232.878: Application time: 0.0368680 seconds
232.879: [GC [PSYoungGen: 102192K->8592K(107520K)] 320997K->227397K(352768K), 0.0035010 secs] [Times: user=0.02 sys=0.00, real=0.00 secs] 
232.882: Total time for which application threads were stopped: 0.0036880 seconds, Stopping threads took: 0.0000640 seconds
232.916: Application time: 0.0340490 seconds
232.916: [GC [PSYoungGen: 100752K->7520K(107520K)] 319557K->226325K(352768K), 0.0031210 secs] [Times: user=0.02 sys=0.00, real=0.00 secs] 
232.920: Total time for which application threads were stopped: 0.0033140 seconds, Stopping threads took: 0.0000900 seconds
232.953: Application time: 0.0338510 seconds
232.954: [GC [PSYoungGen: 99680K->7760K(107520K)] 318485K->226565K(352768K), 0.0033490 secs] [Times: user=0.03 sys=0.00, real=0.01 secs] 
232.957: Total time for which application threads were stopped: 0.0035470 seconds, Stopping threads took: 0.0000940 seconds
232.983: Application time: 0.0265420 seconds
232.984: [GC [PSYoungGen: 99920K->7632K(107520K)] 318725K->226485K(352768K), 0.0033160 secs] [Times: user=0.03 sys=0.00, real=0.00 secs] 
232.987: Total time for which application threads were stopped: 0.0035230 seconds, Stopping threads took: 0.0001030 seconds
233.012: Application time: 0.0252180 seconds
233.012: [GC [PSYoungGen: 99792K->7568K(107520K)] 318645K->226421K(352768K), 0.0032760 secs] [Times: user=0.02 sys=0.00, real=0.00 secs] 
233.016: Total time for which application threads were stopped: 0.0034680 seconds, Stopping threads took: 0.0000890 seconds
233.045: Application time: 0.0289420 seconds
233.045: [GC [PSYoungGen: 99728K->9424K(107520K)] 318581K->228277K(352768K), 0.0038960 secs] [Times: user=0.02 sys=0.00, real=0.01 secs] 
233.049: Total time for which application threads were stopped: 0.0040880 seconds, Stopping threads took: 0.0000840 seconds
233.079: Application time: 0.0302440 seconds
233.079: [GC [PSYoungGen: 101584K->8288K(107520K)] 320437K->227141K(352768K), 0.0032750 secs] [Times: user=0.02 sys=0.00, real=0.00 secs] 
233.082: Total time for which application threads were stopped: 0.0035260 seconds, Stopping threads took: 0.0001440 seconds
233.114: Application time: 0.0318310 seconds
233.114: [GC [PSYoungGen: 100448K->7840K(107520K)] 319301K->226693K(352768K), 0.0032750 secs] [Times: user=0.02 sys=0.00, real=0.01 secs] 
233.118: Total time for which application threads were stopped: 0.0034710 seconds, Stopping threads took: 0.0000900 seconds
233.156: Application time: 0.0381250 seconds
233.156: [GC [PSYoungGen: 100000K->7840K(107520K)] 318853K->226693K(352768K), 0.0032730 secs] [Times: user=0.02 sys=0.00, real=0.01 secs] 
233.159: Total time for which application threads were stopped: 0.0034620 seconds, Stopping threads took: 0.0000830 seconds
233.191: Application time: 0.0315390 seconds
233.191: [GC [PSYoungGen: 100000K->7968K(107520K)] 318853K->226821K(352768K), 0.0034320 secs] [Times: user=0.02 sys=0.00, real=0.00 secs] 
233.195: Total time for which application threads were stopped: 0.0036340 seconds, Stopping threads took: 0.0000960 seconds
233.226: Application time: 0.0311860 seconds
233.226: [GC [PSYoungGen: 100128K->7872K(107520K)] 318981K->226725K(352768K), 0.0032950 secs] [Times: user=0.02 sys=0.00, real=0.01 secs] 
233.229: Total time for which application threads were stopped: 0.0035080 seconds, Stopping threads took: 0.0001100 seconds
233.255: Application time: 0.0259940 seconds
233.255: [GC [PSYoungGen: 100032K->8144K(107520K)] 318885K->226997K(352768K), 0.0033710 secs] [Times: user=0.02 sys=0.00, real=0.01 secs] 
233.259: Total time for which application threads were stopped: 0.0035530 seconds, Stopping threads took: 0.0000750 seconds
233.285: Application time: 0.0265970 seconds
233.286: [GC [PSYoungGen: 100304K->10064K(107520K)] 319157K->228917K(352768K), 0.0043170 secs] [Times: user=0.02 sys=0.00, real=0.01 secs] 
233.290: Total time for which application threads were stopped: 0.0045060 seconds, Stopping threads took: 0.0000820 seconds
233.320: Application time: 0.0297730 seconds
233.320: [GC [PSYoungGen: 102224K->10208K(107520K)] 321077K->229061K(352768K), 0.0041200 secs] [Times: user=0.03 sys=0.00, real=0.00 secs] 
233.324: Total time for which application threads were stopped: 0.0043360 seconds, Stopping threads took: 0.0001080 seconds
233.353: Application time: 0.0291570 seconds
233.353: [GC [PSYoungGen: 102368K->10096K(107520K)] 321221K->228949K(352768K), 0.0041080 secs] [Times: user=0.03 sys=0.00, real=0.01 secs] 
233.357: Total time for which application threads were stopped: 0.0042880 seconds, Stopping threads took: 0.0000760 seconds
233.395: Application time: 0.0370250 seconds
233.395: [GC [PSYoungGen: 102256K->10112K(107520K)] 321109K->228965K(352768K), 0.0040990 secs] [Times: user=0.02 sys=0.00, real=0.01 secs] 
233.399: Total time for which application threads were stopped: 0.0042970 seconds, Stopping threads took: 0.0000700 seconds
233.433: Application time: 0.0343450 seconds
233.433: [GC [PSYoungGen: 102272K->7680K(107520K)] 321125K->226581K(352768K), 0.0032050 secs] [Times: user=0.02 sys=0.00, real=0.01 secs] 
233.437: Total time for which application threads were stopped: 0.0034060 seconds, Stopping threads took: 0.0000980 seconds
233.470: Application time: 0.0334790 seconds
233.470: [GC [PSYoungGen: 99840K->7792K(107520K)] 318741K->226818K(352768K), 0.0033350 secs] [Times: user=0.03 sys=0.00, real=0.00 secs] 
233.474: Total time for which application threads were stopped: 0.0035470 seconds, Stopping threads took: 0.0001040 seconds
233.500: Application time: 0.0260450 seconds
233.500: [GC [PSYoungGen: 99952K->7568K(107520K)] 318978K->226650K(352768K), 0.0031770 secs] [Times: user=0.02 sys=0.00, real=0.00 secs] 
233.503: Total time for which application threads were stopped: 0.0033560 seconds, Stopping threads took: 0.0000740 seconds
233.528: Application time: 0.0249930 seconds
233.528: [GC [PSYoungGen: 99728K->9696K(107520K)] 318810K->228826K(352768K), 0.0039490 secs] [Times: user=0.02 sys=0.00, real=0.01 secs] 
233.532: Total time for which application threads were stopped: 0.0041280 seconds, Stopping threads took: 0.0000710 seconds
233.561: Application time: 0.0290340 seconds
233.561: [GC [PSYoungGen: 101856K->9904K(107520K)] 320986K->229082K(352768K), 0.0041580 secs] [Times: user=0.03 sys=0.00, real=0.00 secs] 
233.566: Total time for which application threads were stopped: 0.0043370 seconds, Stopping threads took: 0.0000750 seconds
233.596: Application time: 0.0304870 seconds
233.596: [GC [PSYoungGen: 102064K->9840K(107520K)] 321242K->229026K(352768K), 0.0039270 secs] [Times: user=0.03 sys=0.00, real=0.01 secs] 
233.600: Total time for which application threads were stopped: 0.0040940 seconds, Stopping threads took: 0.0000610 seconds
233.633: Application time: 0.0327320 seconds
233.633: [GC [PSYoungGen: 102000K->7472K(107520K)] 321186K->226658K(352768K), 0.0032270 secs] [Times: user=0.02 sys=0.00, real=0.00 secs] 
233.636: Total time for which application threads were stopped: 0.0033950 seconds, Stopping threads took: 0.0000650 seconds
233.674: Application time: 0.0377480 seconds
233.674: [GC [PSYoungGen: 99632K->8016K(107520K)] 318818K->227202K(352768K), 0.0036550 secs] [Times: user=0.03 sys=0.00, real=0.01 secs] 
233.678: Total time for which application threads were stopped: 0.0038440 seconds, Stopping threads took: 0.0000850 seconds
233.710: Application time: 0.0323440 seconds
233.710: [GC [PSYoungGen: 100176K->7664K(107520K)] 319362K->226850K(352768K), 0.0032360 secs] [Times: user=0.03 sys=0.00, real=0.00 secs] 
233.714: Total time for which application threads were stopped: 0.0034460 seconds, Stopping threads took: 0.0001050 seconds
233.744: Application time: 0.0300810 seconds
233.744: [GC [PSYoungGen: 99824K->7808K(107520K)] 319010K->226994K(352768K), 0.0032600 secs] [Times: user=0.02 sys=0.00, real=0.00 secs] 
233.747: Total time for which application threads were stopped: 0.0034730 seconds, Stopping threads took: 0.0001080 seconds
233.772: Application time: 0.0252110 seconds
233.773: [GC [PSYoungGen: 99968K->7696K(107520K)] 319154K->226938K(352768K), 0.0032530 secs] [Times: user=0.02 sys=0.00, real=0.00 secs] 
233.776: Total time for which application threads were stopped: 0.0034590 seconds, Stopping threads took: 0.0001030 seconds
233.801: Application time: 0.0255130 seconds
233.802: [GC [PSYoungGen: 99856K->12016K(107520K)] 319098K->231258K(352768K), 0.0047470 secs] [Times: user=0.03 sys=0.00, real=0.00 secs] 
233.806: Total time for which application threads were stopped: 0.0049430 seconds, Stopping threads took: 0.0000900 seconds
233.839: Application time: 0.0323290 seconds
233.839: [GC [PSYoungGen: 104176K->8704K(107520K)] 323418K->227946K(352768K), 0.0033880 secs] [Times: user=0.02 sys=0.00, real=0.00 secs] 
233.842: Total time for which application threads were stopped: 0.0035770 seconds, Stopping threads took: 0.0000860 seconds
233.871: Application time: 0.0291060 seconds
233.871: [GC [PSYoungGen: 100864K->8336K(107520K)] 320106K->227578K(352768K), 0.0035630 secs] [Times: user=0.02 sys=0.00, real=0.00 secs] 
233.875: Total time for which application threads were stopped: 0.0037410 seconds, Stopping threads took: 0.0000720 seconds
233.913: Application time: 0.0382050 seconds
233.913: [GC [PSYoungGen: 100496K->9536K(107520K)] 319738K->228778K(352768K), 0.0038920 secs] [Times: user=0.03 sys=0.00, real=0.01 secs] 
233.917: Total time for which application threads were stopped: 0.0041050 seconds, Stopping threads took: 0.0000880 seconds
233.950: Application time: 0.0330450 seconds
233.951: [GC [PSYoungGen: 101696K->7952K(107520K)] 320938K->227194K(352768K), 0.0034310 secs] [Times: user=0.02 sys=0.00, real=0.00 secs] 
233.954: Total time for which application threads were stopped: 0.0036190 seconds, Stopping threads took: 0.0000830 seconds
233.986: Application time: 0.0316300 seconds
233.986: [GC [PSYoungGen: 100112K->7760K(107520K)] 319354K->227002K(352768K), 0.0032160 secs] [Times: user=0.02 sys=0.00, real=0.01 secs] 
233.989: Total time for which application threads were stopped: 0.0033960 seconds, Stopping threads took: 0.0000750 seconds
234.015: Application time: 0.0263830 seconds
234.016: [GC [PSYoungGen: 99920K->7952K(107520K)] 319162K->227194K(352768K), 0.0033270 secs] [Times: user=0.02 sys=0.00, real=0.01 secs] 
234.019: Total time for which application threads were stopped: 0.0035000 seconds, Stopping threads took: 0.0000670 seconds
234.044: Application time: 0.0251180 seconds
234.044: [GC [PSYoungGen: 100112K->8400K(107520K)] 319354K->227642K(352768K), 0.0034460 secs] [Times: user=0.03 sys=0.00, real=0.00 secs] 
234.048: Total time for which application threads were stopped: 0.0036340 seconds, Stopping threads took: 0.0000850 seconds
234.077: Application time: 0.0291250 seconds
234.077: [GC [PSYoungGen: 100558K->11712K(107520K)] 319800K->230954K(352768K), 0.0047180 secs] [Times: user=0.04 sys=0.00, real=0.00 secs] 
234.082: Total time for which application threads were stopped: 0.0049140 seconds, Stopping threads took: 0.0000920 seconds
234.111: Application time: 0.0287720 seconds
234.111: [GC [PSYoungGen: 103872K->11392K(107520K)] 323114K->230634K(352768K), 0.0046570 secs] [Times: user=0.03 sys=0.00, real=0.00 secs] 
234.115: Total time for which application threads were stopped: 0.0048660 seconds, Stopping threads took: 0.0000990 seconds
234.151: Application time: 0.0359810 seconds
234.152: [GC [PSYoungGen: 103552K->9520K(107520K)] 322794K->228762K(352768K), 0.0040120 secs] [Times: user=0.02 sys=0.00, real=0.00 secs] 
234.156: Total time for which application threads were stopped: 0.0042250 seconds, Stopping threads took: 0.0000940 seconds
234.191: Application time: 0.0358530 seconds
234.192: [GC [PSYoungGen: 101680K->8208K(107520K)] 320922K->227450K(352768K), 0.0036720 secs] [Times: user=0.02 sys=0.00, real=0.00 secs] 
234.195: Total time for which application threads were stopped: 0.0038410 seconds, Stopping threads took: 0.0000630 seconds
234.229: Application time: 0.0332060 seconds
234.229: [GC [PSYoungGen: 100368K->7808K(107520K)] 319610K->227162K(352768K), 0.0033460 secs] [Times: user=0.02 sys=0.00, real=0.00 secs] 
234.232: Total time for which application threads were stopped: 0.0035360 seconds, Stopping threads took: 0.0000870 seconds
234.260: Application time: 0.0283090 seconds
234.261: [GC [PSYoungGen: 99968K->7616K(107520K)] 319322K->227058K(352768K), 0.0032210 secs] [Times: user=0.02 sys=0.00, real=0.00 secs] 
234.264: Total time for which application threads were stopped: 0.0034070 seconds, Stopping threads took: 0.0000790 seconds
234.288: Application time: 0.0247200 seconds
234.289: [GC [PSYoungGen: 99776K->7808K(107520K)] 319218K->227250K(352768K), 0.0034470 secs] [Times: user=0.01 sys=0.00, real=0.00 secs] 
234.292: Total time for which application threads were stopped: 0.0036430 seconds, Stopping threads took: 0.0000970 seconds
234.320: Application time: 0.0278570 seconds
234.320: [GC [PSYoungGen: 99968K->8352K(107520K)] 319410K->227890K(352768K), 0.0033900 secs] [Times: user=0.02 sys=0.00, real=0.00 secs] 
234.324: Total time for which application threads were stopped: 0.0035640 seconds, Stopping threads took: 0.0000640 seconds
234.353: Application time: 0.0297700 seconds
234.353: [GC [PSYoungGen: 100511K->8864K(107520K)] 320049K->228402K(352768K), 0.0034650 secs] [Times: user=0.02 sys=0.00, real=0.01 secs] 
234.357: Total time for which application threads were stopped: 0.0036620 seconds, Stopping threads took: 0.0000880 seconds
234.388: Application time: 0.0312460 seconds
234.388: [GC [PSYoungGen: 101024K->8160K(107520K)] 320562K->227698K(352768K), 0.0035500 secs] [Times: user=0.02 sys=0.00, real=0.00 secs] 
234.392: Total time for which application threads were stopped: 0.0037540 seconds, Stopping threads took: 0.0000990 seconds
234.431: Application time: 0.0385700 seconds
234.431: [GC [PSYoungGen: 100320K->7712K(107520K)] 319858K->227250K(352768K), 0.0032740 secs] [Times: user=0.02 sys=0.00, real=0.00 secs] 
234.434: Total time for which application threads were stopped: 0.0034720 seconds, Stopping threads took: 0.0000770 seconds
234.466: Application time: 0.0323960 seconds
234.467: [GC [PSYoungGen: 99872K->7616K(107520K)] 319410K->227154K(352768K), 0.0032410 secs] [Times: user=0.02 sys=0.00, real=0.01 secs] 
234.470: Total time for which application threads were stopped: 0.0034220 seconds, Stopping threads took: 0.0000730 seconds
234.502: Application time: 0.0319790 seconds
234.502: [GC [PSYoungGen: 99776K->7760K(107520K)] 319314K->227298K(352768K), 0.0033160 secs] [Times: user=0.02 sys=0.00, real=0.00 secs] 
234.505: Total time for which application threads were stopped: 0.0035190 seconds, Stopping threads took: 0.0000990 seconds
234.531: Application time: 0.0256320 seconds
234.531: [GC [PSYoungGen: 99920K->8064K(107520K)] 319458K->227658K(352768K), 0.0033040 secs] [Times: user=0.03 sys=0.00, real=0.00 secs] 
234.535: Total time for which application threads were stopped: 0.0034980 seconds, Stopping threads took: 0.0000890 seconds
234.560: Application time: 0.0255210 seconds
234.560: [GC [PSYoungGen: 100224K->9904K(107520K)] 319818K->229498K(352768K), 0.0039980 secs] [Times: user=0.02 sys=0.00, real=0.00 secs] 
234.564: Total time for which application threads were stopped: 0.0041930 seconds, Stopping threads took: 0.0000870 seconds
234.594: Application time: 0.0292930 seconds
234.594: [GC [PSYoungGen: 102064K->11952K(107520K)] 321658K->231546K(352768K), 0.0047840 secs] [Times: user=0.03 sys=0.00, real=0.01 secs] 
234.599: Total time for which application threads were stopped: 0.0049800 seconds, Stopping threads took: 0.0000890 seconds
234.627: Application time: 0.0280940 seconds
234.627: [GC [PSYoungGen: 104112K->11728K(107520K)] 323706K->231322K(352768K), 0.0046990 secs] [Times: user=0.04 sys=0.00, real=0.01 secs] 
234.631: Total time for which application threads were stopped: 0.0048880 seconds, Stopping threads took: 0.0000830 seconds
234.669: Application time: 0.0374130 seconds
234.669: [GC [PSYoungGen: 103888K->10080K(107520K)] 323482K->229674K(352768K), 0.0040770 secs] [Times: user=0.03 sys=0.00, real=0.00 secs] 
234.673: Total time for which application threads were stopped: 0.0042480 seconds, Stopping threads took: 0.0000650 seconds
234.709: Application time: 0.0357550 seconds
234.709: [GC [PSYoungGen: 102240K->7936K(107520K)] 321834K->227530K(352768K), 0.0033310 secs] [Times: user=0.02 sys=0.00, real=0.00 secs] 
234.712: Total time for which application threads were stopped: 0.0035480 seconds, Stopping threads took: 0.0001110 seconds
234.746: Application time: 0.0334410 seconds
234.746: [GC [PSYoungGen: 100096K->7776K(107520K)] 319690K->227370K(352768K), 0.0033780 secs] [Times: user=0.02 sys=0.00, real=0.01 secs] 
234.749: Total time for which application threads were stopped: 0.0035540 seconds, Stopping threads took: 0.0000720 seconds
234.777: Application time: 0.0271090 seconds
234.777: [GC [PSYoungGen: 99936K->7920K(107520K)] 319530K->227514K(352768K), 0.0036090 secs] [Times: user=0.02 sys=0.00, real=0.00 secs] 
234.780: Total time for which application threads were stopped: 0.0038100 seconds, Stopping threads took: 0.0000920 seconds
234.804: Application time: 0.0235290 seconds
234.804: [GC [PSYoungGen: 100080K->7824K(107520K)] 319674K->227418K(352768K), 0.0032390 secs] [Times: user=0.02 sys=0.00, real=0.00 secs] 
234.807: Total time for which application threads were stopped: 0.0034410 seconds, Stopping threads took: 0.0000980 seconds
234.836: Application time: 0.0282520 seconds
234.836: [GC [PSYoungGen: 99984K->12048K(107520K)] 319578K->231642K(352768K), 0.0048200 secs] [Times: user=0.04 sys=0.00, real=0.01 secs] 
234.841: Total time for which application threads were stopped: 0.0050230 seconds, Stopping threads took: 0.0000950 seconds
234.871: Application time: 0.0302990 seconds
234.871: [GC [PSYoungGen: 104208K->9808K(107520K)] 323802K->229402K(352768K), 0.0040910 secs] [Times: user=0.03 sys=0.00, real=0.00 secs] 
234.875: Total time for which application threads were stopped: 0.0042750 seconds, Stopping threads took: 0.0000780 seconds
234.907: Application time: 0.0321900 seconds
234.908: [GC [PSYoungGen: 101968K->9184K(107520K)] 321562K->228778K(352768K), 0.0039310 secs] [Times: user=0.02 sys=0.00, real=0.01 secs] 
234.912: Total time for which application threads were stopped: 0.0041080 seconds, Stopping threads took: 0.0000690 seconds
234.951: Application time: 0.0394470 seconds
234.951: [GC [PSYoungGen: 101344K->8144K(107520K)] 320938K->227738K(352768K), 0.0033960 secs] [Times: user=0.02 sys=0.00, real=0.00 secs] 
234.955: Total time for which application threads were stopped: 0.0036230 seconds, Stopping threads took: 0.0001020 seconds
234.987: Application time: 0.0320980 seconds
234.987: [GC [PSYoungGen: 100304K->7888K(107520K)] 319898K->227562K(352768K), 0.0034790 secs] [Times: user=0.02 sys=0.00, real=0.01 secs] 
234.990: Total time for which application threads were stopped: 0.0036990 seconds, Stopping threads took: 0.0001140 seconds
235.022: Application time: 0.0314110 seconds
235.022: [GC [PSYoungGen: 100048K->7952K(107520K)] 319722K->227722K(352768K), 0.0034050 secs] [Times: user=0.02 sys=0.00, real=0.00 secs] 
235.025: Total time for which application threads were stopped: 0.0035860 seconds, Stopping threads took: 0.0000760 seconds
235.050: Application time: 0.0245970 seconds
235.050: [GC [PSYoungGen: 100112K->7840K(107520K)] 319882K->227658K(352768K), 0.0032440 secs] [Times: user=0.02 sys=0.00, real=0.00 secs] 
235.053: Total time for which application threads were stopped: 0.0034330 seconds, Stopping threads took: 0.0000830 seconds
235.078: Application time: 0.0247960 seconds
235.078: [GC [PSYoungGen: 100000K->10224K(107520K)] 319818K->230122K(352768K), 0.0042990 secs] [Times: user=0.03 sys=0.00, real=0.00 secs] 
235.083: Total time for which application threads were stopped: 0.0044630 seconds, Stopping threads took: 0.0000550 seconds
235.114: Application time: 0.0315960 seconds
235.114: [GC [PSYoungGen: 102384K->9936K(107520K)] 322282K->229834K(352768K), 0.0043110 secs] [Times: user=0.02 sys=0.00, real=0.01 secs] 
235.119: Total time for which application threads were stopped: 0.0044980 seconds, Stopping threads took: 0.0000820 seconds
235.148: Application time: 0.0289360 seconds
235.148: [GC [PSYoungGen: 102096K->9744K(107520K)] 321994K->229642K(352768K), 0.0039450 secs] [Times: user=0.03 sys=0.00, real=0.01 secs] 
235.152: Total time for which application threads were stopped: 0.0041350 seconds, Stopping threads took: 0.0000840 seconds
235.190: Application time: 0.0376540 seconds
235.190: [GC [PSYoungGen: 101904K->9488K(107520K)] 321802K->229386K(352768K), 0.0040070 secs] [Times: user=0.03 sys=0.00, real=0.00 secs] 
235.194: Total time for which application threads were stopped: 0.0041930 seconds, Stopping threads took: 0.0000780 seconds
235.228: Application time: 0.0341680 seconds
235.228: [GC [PSYoungGen: 101648K->7776K(107520K)] 321546K->227674K(352768K), 0.0032500 secs] [Times: user=0.03 sys=0.00, real=0.01 secs] 
235.231: Total time for which application threads were stopped: 0.0034390 seconds, Stopping threads took: 0.0000830 seconds
235.265: Application time: 0.0334660 seconds
235.265: [GC [PSYoungGen: 99936K->7840K(107520K)] 319834K->227738K(352768K), 0.0032560 secs] [Times: user=0.02 sys=0.00, real=0.00 secs] 
235.268: Total time for which application threads were stopped: 0.0034260 seconds, Stopping threads took: 0.0000670 seconds
235.295: Application time: 0.0264910 seconds
235.295: [GC [PSYoungGen: 100000K->7920K(107520K)] 319898K->227866K(352768K), 0.0033270 secs] [Times: user=0.02 sys=0.00, real=0.01 secs] 
235.298: Total time for which application threads were stopped: 0.0035060 seconds, Stopping threads took: 0.0000760 seconds
235.322: Application time: 0.0242110 seconds
235.323: [GC [PSYoungGen: 100080K->8704K(107520K)] 320026K->228650K(352768K), 0.0035090 secs] [Times: user=0.03 sys=0.00, real=0.00 secs] 
235.326: Total time for which application threads were stopped: 0.0036940 seconds, Stopping threads took: 0.0000800 seconds
235.355: Application time: 0.0290180 seconds
235.355: [GC [PSYoungGen: 100864K->10496K(107520K)] 320810K->230442K(352768K), 0.0042440 secs] [Times: user=0.03 sys=0.00, real=0.01 secs] 
235.360: Total time for which application threads were stopped: 0.0044300 seconds, Stopping threads took: 0.0000780 seconds
235.390: Application time: 0.0308300 seconds
235.391: [GC [PSYoungGen: 102656K->10640K(107520K)] 322602K->230586K(352768K), 0.0040880 secs] [Times: user=0.03 sys=0.00, real=0.00 secs] 
235.395: Total time for which application threads were stopped: 0.0042610 seconds, Stopping threads took: 0.0000680 seconds
235.426: Application time: 0.0318020 seconds
235.427: [GC [PSYoungGen: 102800K->9664K(107520K)] 322746K->229610K(352768K), 0.0039540 secs] [Times: user=0.03 sys=0.00, real=0.01 secs] 
235.431: Total time for which application threads were stopped: 0.0041600 seconds, Stopping threads took: 0.0001000 seconds
235.470: Application time: 0.0396030 seconds
235.470: [GC [PSYoungGen: 101824K->7968K(107520K)] 321770K->227914K(352768K), 0.0033210 secs] [Times: user=0.03 sys=0.00, real=0.00 secs] 
235.474: Total time for which application threads were stopped: 0.0035270 seconds, Stopping threads took: 0.0000810 seconds
235.505: Application time: 0.0309510 seconds
235.505: [GC [PSYoungGen: 100128K->7856K(107520K)] 320074K->227802K(352768K), 0.0033950 secs] [Times: user=0.03 sys=0.00, real=0.01 secs] 
235.508: Total time for which application threads were stopped: 0.0035980 seconds, Stopping threads took: 0.0000960 seconds
235.540: Application time: 0.0312710 seconds
235.540: [GC [PSYoungGen: 100016K->7808K(107520K)] 319962K->227754K(352768K), 0.0035350 secs] [Times: user=0.02 sys=0.00, real=0.00 secs] 
235.543: Total time for which application threads were stopped: 0.0037350 seconds, Stopping threads took: 0.0000840 seconds
235.567: Application time: 0.0235740 seconds
235.567: [GC [PSYoungGen: 99968K->8016K(107520K)] 319914K->227962K(352768K), 0.0035830 secs] [Times: user=0.02 sys=0.00, real=0.01 secs] 
235.571: Total time for which application threads were stopped: 0.0037890 seconds, Stopping threads took: 0.0000990 seconds
235.597: Application time: 0.0265580 seconds
235.597: [GC [PSYoungGen: 100176K->12016K(107520K)] 320122K->231962K(352768K), 0.0048230 secs] [Times: user=0.04 sys=0.00, real=0.00 secs] 
235.602: Total time for which application threads were stopped: 0.0050190 seconds, Stopping threads took: 0.0000890 seconds
235.634: Application time: 0.0318070 seconds
235.634: [GC [PSYoungGen: 104176K->8688K(107520K)] 324122K->228634K(352768K), 0.0034540 secs] [Times: user=0.03 sys=0.00, real=0.01 secs] 
235.638: Total time for which application threads were stopped: 0.0036270 seconds, Stopping threads took: 0.0000670 seconds
235.667: Application time: 0.0296420 seconds
235.668: [GC [PSYoungGen: 100848K->8736K(107520K)] 320794K->228682K(352768K), 0.0034970 secs] [Times: user=0.03 sys=0.00, real=0.01 secs] 
235.671: Total time for which application threads were stopped: 0.0036650 seconds, Stopping threads took: 0.0000600 seconds
235.710: Application time: 0.0392650 seconds
235.710: [GC [PSYoungGen: 100896K->8352K(107520K)] 320842K->228298K(352768K), 0.0034590 secs] [Times: user=0.03 sys=0.00, real=0.00 secs] 
235.714: Total time for which application threads were stopped: 0.0036640 seconds, Stopping threads took: 0.0001000 seconds
235.745: Application time: 0.0313460 seconds
235.746: [GC [PSYoungGen: 100512K->7664K(107520K)] 320458K->227690K(352768K), 0.0032730 secs] [Times: user=0.02 sys=0.00, real=0.01 secs] 
235.749: Total time for which application threads were stopped: 0.0034870 seconds, Stopping threads took: 0.0001090 seconds
235.782: Application time: 0.0331950 seconds
235.784: [GC [PSYoungGen: 99824K->7728K(107520K)] 319850K->227842K(352768K), 0.0033060 secs] [Times: user=0.03 sys=0.00, real=0.00 secs] 
235.788: Total time for which application threads were stopped: 0.0057220 seconds, Stopping threads took: 0.0023130 seconds
235.814: Application time: 0.0259740 seconds
235.814: [GC [PSYoungGen: 99888K->7840K(107520K)] 320002K->228018K(352768K), 0.0033080 secs] [Times: user=0.02 sys=0.00, real=0.01 secs] 
235.817: Total time for which application threads were stopped: 0.0035120 seconds, Stopping threads took: 0.0000990 seconds
235.841: Application time: 0.0238560 seconds
235.841: [GC [PSYoungGen: 100000K->7824K(107520K)] 320178K->228058K(352768K), 0.0032340 secs] [Times: user=0.02 sys=0.00, real=0.00 secs] 
235.845: Total time for which application threads were stopped: 0.0034090 seconds, Stopping threads took: 0.0000710 seconds
235.875: Application time: 0.0308840 seconds
235.876: [GC [PSYoungGen: 99984K->10400K(107520K)] 320218K->230690K(352768K), 0.0041990 secs] [Times: user=0.03 sys=0.00, real=0.01 secs] 
235.880: Total time for which application threads were stopped: 0.0043670 seconds, Stopping threads took: 0.0000630 seconds
235.908: Application time: 0.0283630 seconds
235.908: [GC [PSYoungGen: 102560K->9520K(107520K)] 322850K->229818K(352768K), 0.0037750 secs] [Times: user=0.03 sys=0.00, real=0.01 secs] 
235.912: Total time for which application threads were stopped: 0.0039730 seconds, Stopping threads took: 0.0000940 seconds
235.947: Application time: 0.0353120 seconds
235.948: [GC [PSYoungGen: 101680K->9248K(107520K)] 321978K->229546K(352768K), 0.0037700 secs] [Times: user=0.03 sys=0.00, real=0.01 secs] 
235.951: Total time for which application threads were stopped: 0.0039990 seconds, Stopping threads took: 0.0001200 seconds
235.989: Application time: 0.0374340 seconds
235.989: [GC [PSYoungGen: 101408K->7808K(107520K)] 321706K->228106K(352768K), 0.0031660 secs] [Times: user=0.02 sys=0.00, real=0.00 secs] 
235.992: Total time for which application threads were stopped: 0.0033600 seconds, Stopping threads took: 0.0000730 seconds
236.024: Application time: 0.0317900 seconds
236.024: [GC [PSYoungGen: 99968K->7664K(107520K)] 320266K->227962K(352768K), 0.0032410 secs] [Times: user=0.02 sys=0.00, real=0.00 secs] 
236.027: Total time for which application threads were stopped: 0.0034350 seconds, Stopping threads took: 0.0000900 seconds
236.057: Application time: 0.0293640 seconds
236.057: [GC [PSYoungGen: 99824K->7648K(107520K)] 320122K->228002K(352768K), 0.0032480 secs] [Times: user=0.02 sys=0.00, real=0.00 secs] 
236.060: Total time for which application threads were stopped: 0.0034250 seconds, Stopping threads took: 0.0000750 seconds
236.084: Application time: 0.0234390 seconds
236.084: [GC [PSYoungGen: 99808K->8016K(107520K)] 320162K->228370K(352768K), 0.0035160 secs] [Times: user=0.02 sys=0.00, real=0.00 secs] 
236.087: Total time for which application threads were stopped: 0.0036910 seconds, Stopping threads took: 0.0000730 seconds
236.115: Application time: 0.0275290 seconds
236.115: [GC [PSYoungGen: 100176K->11680K(107520K)] 320530K->232034K(352768K), 0.0046220 secs] [Times: user=0.03 sys=0.00, real=0.01 secs] 
236.120: Total time for which application threads were stopped: 0.0048120 seconds, Stopping threads took: 0.0000810 seconds
236.152: Application time: 0.0323510 seconds
236.152: [GC [PSYoungGen: 103840K->10192K(107520K)] 324194K->230546K(352768K), 0.0040660 secs] [Times: user=0.03 sys=0.00, real=0.01 secs] 
236.156: Total time for which application threads were stopped: 0.0042770 seconds, Stopping threads took: 0.0000940 seconds
236.185: Application time: 0.0291060 seconds
236.186: [GC [PSYoungGen: 102352K->8208K(107520K)] 322706K->228562K(352768K), 0.0035480 secs] [Times: user=0.02 sys=0.00, real=0.01 secs] 
236.189: Total time for which application threads were stopped: 0.0037450 seconds, Stopping threads took: 0.0000910 seconds
236.230: Application time: 0.0404880 seconds
236.230: [GC [PSYoungGen: 100368K->8160K(107520K)] 320722K->228514K(352768K), 0.0036480 secs] [Times: user=0.02 sys=0.00, real=0.00 secs] 
236.234: Total time for which application threads were stopped: 0.0038450 seconds, Stopping threads took: 0.0000920 seconds
236.264: Application time: 0.0304620 seconds
236.264: [GC [PSYoungGen: 100320K->7728K(107520K)] 320674K->228082K(352768K), 0.0033110 secs] [Times: user=0.02 sys=0.00, real=0.00 secs] 
236.268: Total time for which application threads were stopped: 0.0035080 seconds, Stopping threads took: 0.0000930 seconds
236.301: Application time: 0.0331840 seconds
236.301: [GC [PSYoungGen: 99888K->7984K(107520K)] 320242K->228338K(352768K), 0.0034240 secs] [Times: user=0.02 sys=0.00, real=0.00 secs] 
236.304: Total time for which application threads were stopped: 0.0036220 seconds, Stopping threads took: 0.0000830 seconds
236.329: Application time: 0.0247890 seconds
236.329: [GC [PSYoungGen: 100144K->8000K(107520K)] 320498K->228354K(352768K), 0.0032740 secs] [Times: user=0.03 sys=0.00, real=0.00 secs] 
236.333: Total time for which application threads were stopped: 0.0034760 seconds, Stopping threads took: 0.0000970 seconds
236.356: Application time: 0.0237690 seconds
236.357: [GC [PSYoungGen: 100160K->8304K(107520K)] 320514K->228658K(352768K), 0.0033260 secs] [Times: user=0.03 sys=0.00, real=0.00 secs] 
236.360: Total time for which application threads were stopped: 0.0035210 seconds, Stopping threads took: 0.0000900 seconds
236.394: Application time: 0.0337060 seconds
236.394: [GC [PSYoungGen: 100464K->11120K(107520K)] 320818K->231474K(352768K), 0.0045410 secs] [Times: user=0.03 sys=0.00, real=0.01 secs] 
236.398: Total time for which application threads were stopped: 0.0047330 seconds, Stopping threads took: 0.0000850 seconds
236.425: Application time: 0.0264440 seconds
236.425: [GC [PSYoungGen: 103280K->8544K(107520K)] 323634K->228898K(352768K), 0.0034290 secs] [Times: user=0.02 sys=0.00, real=0.01 secs] 
236.428: Total time for which application threads were stopped: 0.0036480 seconds, Stopping threads took: 0.0001140 seconds
236.465: Application time: 0.0370090 seconds
236.466: [GC [PSYoungGen: 100704K->11600K(107520K)] 321058K->231954K(352768K), 0.0046650 secs] [Times: user=0.03 sys=0.00, real=0.01 secs] 
236.470: Total time for which application threads were stopped: 0.0048600 seconds, Stopping threads took: 0.0000860 seconds
236.506: Application time: 0.0357560 seconds
236.506: [GC [PSYoungGen: 103760K->8032K(107520K)] 324114K->228386K(352768K), 0.0033020 secs] [Times: user=0.02 sys=0.00, real=0.01 secs] 
236.510: Total time for which application threads were stopped: 0.0035680 seconds, Stopping threads took: 0.0001420 seconds
236.541: Application time: 0.0315950 seconds
236.541: [GC [PSYoungGen: 100192K->7872K(107520K)] 320546K->228366K(352768K), 0.0035000 secs] [Times: user=0.02 sys=0.00, real=0.00 secs] 
236.545: Total time for which application threads were stopped: 0.0037010 seconds, Stopping threads took: 0.0000970 seconds
236.574: Application time: 0.0295620 seconds
236.575: [GC [PSYoungGen: 100032K->7696K(107520K)] 320526K->228255K(352768K), 0.0034980 secs] [Times: user=0.02 sys=0.00, real=0.01 secs] 
236.578: Total time for which application threads were stopped: 0.0036870 seconds, Stopping threads took: 0.0000830 seconds
236.600: Application time: 0.0218030 seconds
236.600: [GC [PSYoungGen: 99856K->7872K(107520K)] 320415K->228431K(352768K), 0.0032420 secs] [Times: user=0.02 sys=0.00, real=0.00 secs] 
236.603: Total time for which application threads were stopped: 0.0034140 seconds, Stopping threads took: 0.0000630 seconds
236.634: Application time: 0.0303840 seconds
236.634: [GC [PSYoungGen: 100032K->11792K(107520K)] 320591K->232439K(352768K), 0.0047410 secs] [Times: user=0.04 sys=0.00, real=0.01 secs] 
236.639: Total time for which application threads were stopped: 0.0049180 seconds, Stopping threads took: 0.0000720 seconds
236.669: Application time: 0.0298440 seconds
236.669: [GC [PSYoungGen: 103952K->8352K(107520K)] 324599K->228999K(352768K), 0.0033420 secs] [Times: user=0.02 sys=0.00, real=0.00 secs] 
236.672: Total time for which application threads were stopped: 0.0035340 seconds, Stopping threads took: 0.0000850 seconds
236.703: Application time: 0.0306130 seconds
236.703: [GC [PSYoungGen: 100512K->7968K(107520K)] 321159K->228615K(352768K), 0.0036110 secs] [Times: user=0.02 sys=0.00, real=0.00 secs] 
236.707: Total time for which application threads were stopped: 0.0038220 seconds, Stopping threads took: 0.0001110 seconds
236.747: Application time: 0.0402240 seconds
236.747: [GC [PSYoungGen: 100128K->7872K(107520K)] 320775K->228519K(352768K), 0.0032680 secs] [Times: user=0.02 sys=0.00, real=0.01 secs] 
236.750: Total time for which application threads were stopped: 0.0034820 seconds, Stopping threads took: 0.0001090 seconds
236.780: Application time: 0.0302290 seconds
236.781: [GC [PSYoungGen: 100032K->7616K(107520K)] 320679K->228263K(352768K), 0.0033590 secs] [Times: user=0.02 sys=0.00, real=0.00 secs] 
236.784: Total time for which application threads were stopped: 0.0035320 seconds, Stopping threads took: 0.0000700 seconds
236.818: Application time: 0.0336740 seconds
236.818: [GC [PSYoungGen: 99776K->7664K(107520K)] 320423K->228367K(352768K), 0.0032550 secs] [Times: user=0.02 sys=0.00, real=0.00 secs] 
236.821: Total time for which application threads were stopped: 0.0034560 seconds, Stopping threads took: 0.0000970 seconds
236.844: Application time: 0.0230980 seconds
236.844: [GC [PSYoungGen: 99824K->7744K(107520K)] 320527K->228447K(352768K), 0.0031570 secs] [Times: user=0.02 sys=0.00, real=0.00 secs] 
236.848: Total time for which application threads were stopped: 0.0033430 seconds, Stopping threads took: 0.0000790 seconds
236.873: Application time: 0.0250010 seconds
236.873: [GC [PSYoungGen: 99904K->8160K(107520K)] 320607K->228863K(352768K), 0.0033050 secs] [Times: user=0.02 sys=0.00, real=0.00 secs] 
236.876: Total time for which application threads were stopped: 0.0034830 seconds, Stopping threads took: 0.0000750 seconds
236.910: Application time: 0.0334910 seconds
236.910: [GC [PSYoungGen: 100320K->12048K(107520K)] 321023K->232751K(352768K), 0.0047280 secs] [Times: user=0.03 sys=0.00, real=0.00 secs] 
236.915: Total time for which application threads were stopped: 0.0049500 seconds, Stopping threads took: 0.0001070 seconds
236.941: Application time: 0.0266740 seconds
236.941: [GC [PSYoungGen: 104208K->7792K(107520K)] 324911K->228495K(352768K), 0.0032680 secs] [Times: user=0.02 sys=0.00, real=0.00 secs] 
236.945: Total time for which application threads were stopped: 0.0034470 seconds, Stopping threads took: 0.0000730 seconds
236.985: Application time: 0.0399040 seconds
236.985: [GC [PSYoungGen: 99952K->10032K(107520K)] 320655K->230735K(352768K), 0.0039800 secs] [Times: user=0.03 sys=0.00, real=0.01 secs] 
236.989: Total time for which application threads were stopped: 0.0041720 seconds, Stopping threads took: 0.0000870 seconds
237.022: Application time: 0.0330460 seconds
237.022: [GC [PSYoungGen: 102192K->7952K(107520K)] 322895K->228655K(352768K), 0.0033050 secs] [Times: user=0.02 sys=0.00, real=0.00 secs] 
237.025: Total time for which application threads were stopped: 0.0035240 seconds, Stopping threads took: 0.0000980 seconds
237.058: Application time: 0.0329040 seconds
237.058: [GC [PSYoungGen: 100112K->8032K(107520K)] 320815K->228735K(352768K), 0.0035770 secs] [Times: user=0.02 sys=0.00, real=0.00 secs] 
237.062: Total time for which application threads were stopped: 0.0037610 seconds, Stopping threads took: 0.0000770 seconds
237.090: Application time: 0.0276330 seconds
237.090: [GC [PSYoungGen: 100192K->7824K(107520K)] 320895K->228527K(352768K), 0.0033390 secs] [Times: user=0.02 sys=0.00, real=0.00 secs] 
237.093: Total time for which application threads were stopped: 0.0035300 seconds, Stopping threads took: 0.0000880 seconds
237.114: Application time: 0.0212730 seconds
237.115: [GC [PSYoungGen: 99984K->7952K(107520K)] 320687K->228655K(352768K), 0.0033320 secs] [Times: user=0.02 sys=0.00, real=0.01 secs] 
237.118: Total time for which application threads were stopped: 0.0035160 seconds, Stopping threads took: 0.0000770 seconds
237.151: Application time: 0.0330270 seconds
237.151: [GC [PSYoungGen: 100112K->13872K(107520K)] 320815K->234575K(352768K), 0.0055670 secs] [Times: user=0.04 sys=0.00, real=0.01 secs] 
237.157: Total time for which application threads were stopped: 0.0057610 seconds, Stopping threads took: 0.0000880 seconds
237.186: Application time: 0.0288380 seconds
237.186: [GC [PSYoungGen: 106032K->8288K(107520K)] 326735K->228991K(352768K), 0.0033760 secs] [Times: user=0.02 sys=0.00, real=0.01 secs] 
237.189: Total time for which application threads were stopped: 0.0035720 seconds, Stopping threads took: 0.0000920 seconds
237.222: Application time: 0.0332100 seconds
237.222: [GC [PSYoungGen: 100448K->9744K(107520K)] 321151K->230447K(352768K), 0.0039980 secs] [Times: user=0.03 sys=0.00, real=0.00 secs] 
237.227: Total time for which application threads were stopped: 0.0042100 seconds, Stopping threads took: 0.0001070 seconds
237.266: Application time: 0.0394190 seconds
237.266: [GC [PSYoungGen: 101904K->7824K(107520K)] 322607K->228527K(352768K), 0.0032690 secs] [Times: user=0.02 sys=0.00, real=0.01 secs] 
237.269: Total time for which application threads were stopped: 0.0034590 seconds, Stopping threads took: 0.0000850 seconds
237.298: Application time: 0.0288570 seconds
237.298: [GC [PSYoungGen: 99984K->7824K(107520K)] 320687K->228631K(352768K), 0.0035530 secs] [Times: user=0.02 sys=0.00, real=0.00 secs] 
237.302: Total time for which application threads were stopped: 0.0037270 seconds, Stopping threads took: 0.0000720 seconds
237.336: Application time: 0.0343900 seconds
237.337: [GC [PSYoungGen: 99984K->7680K(107520K)] 320791K->228543K(352768K), 0.0032530 secs] [Times: user=0.02 sys=0.00, real=0.00 secs] 
237.340: Total time for which application threads were stopped: 0.0034740 seconds, Stopping threads took: 0.0001200 seconds
237.361: Application time: 0.0210640 seconds
237.361: [GC [PSYoungGen: 99840K->7664K(107520K)] 320703K->228583K(352768K), 0.0032300 secs] [Times: user=0.02 sys=0.00, real=0.00 secs] 
237.364: Total time for which application threads were stopped: 0.0034070 seconds, Stopping threads took: 0.0000670 seconds
237.390: Application time: 0.0261240 seconds
237.391: [GC [PSYoungGen: 99824K->7808K(107520K)] 320743K->228807K(352768K), 0.0033540 secs] [Times: user=0.02 sys=0.00, real=0.00 secs] 
237.394: Total time for which application threads were stopped: 0.0035400 seconds, Stopping threads took: 0.0000790 seconds
237.428: Application time: 0.0336300 seconds
237.428: [GC [PSYoungGen: 99968K->8592K(107520K)] 320967K->229591K(352768K), 0.0034110 secs] [Times: user=0.02 sys=0.00, real=0.01 secs] 
237.431: Total time for which application threads were stopped: 0.0035940 seconds, Stopping threads took: 0.0000770 seconds
237.459: Application time: 0.0275320 seconds
237.459: [GC [PSYoungGen: 100752K->9264K(107520K)] 321751K->230263K(352768K), 0.0038540 secs] [Times: user=0.02 sys=0.00, real=0.00 secs] 
237.463: Total time for which application threads were stopped: 0.0040360 seconds, Stopping threads took: 0.0000760 seconds
237.503: Application time: 0.0400990 seconds
237.503: [GC [PSYoungGen: 101424K->9504K(107520K)] 322423K->230503K(352768K), 0.0039090 secs] [Times: user=0.03 sys=0.00, real=0.00 secs] 
237.507: Total time for which application threads were stopped: 0.0040830 seconds, Stopping threads took: 0.0000660 seconds
237.540: Application time: 0.0327930 seconds
237.540: [GC [PSYoungGen: 101664K->7856K(107520K)] 322663K->228855K(352768K), 0.0032170 secs] [Times: user=0.03 sys=0.00, real=0.00 secs] 
237.543: Total time for which application threads were stopped: 0.0034180 seconds, Stopping threads took: 0.0000760 seconds
237.577: Application time: 0.0337870 seconds
237.577: [GC [PSYoungGen: 100016K->7888K(107520K)] 321015K->228935K(352768K), 0.0034150 secs] [Times: user=0.02 sys=0.00, real=0.00 secs] 
237.581: Total time for which application threads were stopped: 0.0036260 seconds, Stopping threads took: 0.0001070 seconds
237.606: Application time: 0.0255910 seconds
237.606: [GC [PSYoungGen: 100048K->7760K(107520K)] 321095K->228807K(352768K), 0.0034640 secs] [Times: user=0.02 sys=0.00, real=0.01 secs] 
237.610: Total time for which application threads were stopped: 0.0036250 seconds, Stopping threads took: 0.0000570 seconds
237.632: Application time: 0.0216650 seconds
237.632: [GC [PSYoungGen: 99920K->7792K(107520K)] 320967K->228839K(352768K), 0.0032740 secs] [Times: user=0.02 sys=0.00, real=0.00 secs] 
237.635: Total time for which application threads were stopped: 0.0034610 seconds, Stopping threads took: 0.0000850 seconds
237.667: Application time: 0.0316940 seconds
237.667: [GC [PSYoungGen: 99952K->15344K(107520K)] 320999K->237087K(352768K), 0.0064120 secs] [Times: user=0.05 sys=0.00, real=0.01 secs] 
237.673: Total time for which application threads were stopped: 0.0065990 seconds, Stopping threads took: 0.0000800 seconds
237.703: Application time: 0.0298430 seconds
237.703: [GC [PSYoungGen: 107504K->11312K(107520K)] 329247K->233055K(352768K), 0.0044660 secs] [Times: user=0.03 sys=0.00, real=0.00 secs] 
237.708: Total time for which application threads were stopped: 0.0046840 seconds, Stopping threads took: 0.0001100 seconds
237.744: Application time: 0.0363050 seconds
237.744: [GC [PSYoungGen: 103472K->11472K(107520K)] 325215K->233215K(352768K), 0.0049750 secs] [Times: user=0.03 sys=0.00, real=0.01 secs] 
237.749: Total time for which application threads were stopped: 0.0051750 seconds, Stopping threads took: 0.0000930 seconds
237.787: Application time: 0.0373190 seconds
237.787: [GC [PSYoungGen: 103632K->11360K(107520K)] 325375K->233103K(352768K), 0.0048420 secs] [Times: user=0.03 sys=0.00, real=0.01 secs] 
237.792: Total time for which application threads were stopped: 0.0050320 seconds, Stopping threads took: 0.0000770 seconds
237.821: Application time: 0.0293290 seconds
237.821: [GC [PSYoungGen: 103520K->11280K(107520K)] 325263K->233023K(352768K), 0.0047790 secs] [Times: user=0.03 sys=0.00, real=0.00 secs] 
237.826: Total time for which application threads were stopped: 0.0049740 seconds, Stopping threads took: 0.0000890 seconds
237.859: Application time: 0.0326150 seconds
237.859: [GC [PSYoungGen: 103440K->11600K(107520K)] 325183K->233343K(352768K), 0.0046230 secs] [Times: user=0.03 sys=0.00, real=0.00 secs] 
237.863: Total time for which application threads were stopped: 0.0048170 seconds, Stopping threads took: 0.0000880 seconds
237.884: Application time: 0.0203530 seconds
237.884: [GC [PSYoungGen: 103760K->11360K(107520K)] 325503K->233103K(352768K), 0.0046480 secs] [Times: user=0.03 sys=0.00, real=0.01 secs] 
237.889: Total time for which application threads were stopped: 0.0048080 seconds, Stopping threads took: 0.0000540 seconds
237.918: Application time: 0.0293430 seconds
237.918: [GC [PSYoungGen: 103520K->12160K(107520K)] 325263K->233903K(352768K), 0.0048720 secs] [Times: user=0.03 sys=0.00, real=0.00 secs] 
237.923: Total time for which application threads were stopped: 0.0050740 seconds, Stopping threads took: 0.0000960 seconds
237.955: Application time: 0.0317510 seconds
237.955: [GC [PSYoungGen: 104320K->11856K(107520K)] 326063K->233599K(352768K), 0.0046630 secs] [Times: user=0.04 sys=0.00, real=0.01 secs] 
237.960: Total time for which application threads were stopped: 0.0048650 seconds, Stopping threads took: 0.0000960 seconds
237.988: Application time: 0.0288740 seconds
237.989: [GC [PSYoungGen: 104016K->15024K(107520K)] 325759K->236767K(352768K), 0.0063240 secs] [Times: user=0.04 sys=0.00, real=0.00 secs] 
237.995: Total time for which application threads were stopped: 0.0065040 seconds, Stopping threads took: 0.0000730 seconds
238.036: Application time: 0.0409510 seconds
238.036: [GC [PSYoungGen: 107184K->11552K(107520K)] 328927K->233295K(352768K), 0.0046450 secs] [Times: user=0.03 sys=0.01, real=0.01 secs] 
238.041: Total time for which application threads were stopped: 0.0048150 seconds, Stopping threads took: 0.0000620 seconds
238.071: Application time: 0.0306950 seconds
238.072: [GC [PSYoungGen: 103712K->11424K(107520K)] 325455K->233167K(352768K), 0.0045420 secs] [Times: user=0.04 sys=0.00, real=0.00 secs] 
238.076: Total time for which application threads were stopped: 0.0047590 seconds, Stopping threads took: 0.0000930 seconds
238.111: Application time: 0.0352310 seconds
238.112: [GC [PSYoungGen: 103584K->11200K(107520K)] 325327K->233091K(352768K), 0.0045620 secs] [Times: user=0.03 sys=0.00, real=0.00 secs] 
238.116: Total time for which application threads were stopped: 0.0047500 seconds, Stopping threads took: 0.0000820 seconds
238.140: Application time: 0.0237370 seconds
238.140: [GC [PSYoungGen: 103360K->11280K(107520K)] 325251K->233219K(352768K), 0.0045440 secs] [Times: user=0.04 sys=0.00, real=0.00 secs] 
238.145: Total time for which application threads were stopped: 0.0047230 seconds, Stopping threads took: 0.0000710 seconds
238.168: Application time: 0.0228460 seconds
238.168: [GC [PSYoungGen: 103440K->11360K(107520K)] 325379K->233339K(352768K), 0.0045810 secs] [Times: user=0.03 sys=0.00, real=0.01 secs] 
238.172: Total time for which application threads were stopped: 0.0047520 seconds, Stopping threads took: 0.0000630 seconds
238.204: Application time: 0.0320820 seconds
238.204: [GC [PSYoungGen: 103520K->9312K(107520K)] 325499K->234885K(352768K), 0.0052430 secs] [Times: user=0.04 sys=0.00, real=0.01 secs] 
238.210: Total time for which application threads were stopped: 0.0054180 seconds, Stopping threads took: 0.0000670 seconds
238.239: Application time: 0.0296050 seconds
238.240: [GC [PSYoungGen: 101472K->9136K(107520K)] 327045K->234709K(352768K), 0.0037770 secs] [Times: user=0.03 sys=0.00, real=0.00 secs] 
238.243: Total time for which application threads were stopped: 0.0039690 seconds, Stopping threads took: 0.0000860 seconds
238.281: Application time: 0.0377790 seconds
238.281: [GC [PSYoungGen: 101296K->9504K(107520K)] 326869K->235077K(352768K), 0.0038570 secs] [Times: user=0.02 sys=0.00, real=0.00 secs] 
238.285: Total time for which application threads were stopped: 0.0040550 seconds, Stopping threads took: 0.0000910 seconds
238.323: Application time: 0.0377950 seconds
238.323: [GC [PSYoungGen: 101664K->7648K(107520K)] 327237K->233221K(352768K), 0.0049120 secs] [Times: user=0.02 sys=0.00, real=0.00 secs] 
238.328: Total time for which application threads were stopped: 0.0051140 seconds, Stopping threads took: 0.0000980 seconds
238.358: Application time: 0.0302600 seconds
238.359: [GC [PSYoungGen: 99808K->7600K(107520K)] 325381K->233221K(352768K), 0.0032340 secs] [Times: user=0.02 sys=0.00, real=0.00 secs] 
238.362: Total time for which application threads were stopped: 0.0034300 seconds, Stopping threads took: 0.0000940 seconds
238.391: Application time: 0.0291860 seconds
238.391: [GC [PSYoungGen: 99760K->7632K(107520K)] 325381K->233253K(352768K), 0.0032610 secs] [Times: user=0.02 sys=0.00, real=0.00 secs] 
238.394: Total time for which application threads were stopped: 0.0034670 seconds, Stopping threads took: 0.0000990 seconds
238.417: Application time: 0.0224660 seconds
238.417: [GC [PSYoungGen: 99792K->7792K(107520K)] 325413K->233413K(352768K), 0.0035060 secs] [Times: user=0.02 sys=0.00, real=0.00 secs] 
238.421: Total time for which application threads were stopped: 0.0036970 seconds, Stopping threads took: 0.0000820 seconds
238.449: Application time: 0.0279870 seconds
238.449: [GC [PSYoungGen: 99952K->12912K(107520K)] 325573K->238533K(352768K), 0.0051770 secs] [Times: user=0.04 sys=0.00, real=0.00 secs] 
238.454: Total time for which application threads were stopped: 0.0053460 seconds, Stopping threads took: 0.0000590 seconds
238.485: Application time: 0.0313350 seconds
238.485: [GC [PSYoungGen: 105072K->10400K(107520K)] 330693K->236021K(352768K), 0.0044700 secs] [Times: user=0.03 sys=0.00, real=0.01 secs] 
238.490: Total time for which application threads were stopped: 0.0046730 seconds, Stopping threads took: 0.0000980 seconds
238.523: Application time: 0.0332710 seconds
238.523: [GC [PSYoungGen: 102560K->8720K(107520K)] 328181K->234341K(352768K), 0.0036900 secs] [Times: user=0.03 sys=0.00, real=0.00 secs] 
238.527: Total time for which application threads were stopped: 0.0038790 seconds, Stopping threads took: 0.0000800 seconds
238.566: Application time: 0.0388140 seconds
238.566: [GC [PSYoungGen: 100880K->8192K(107520K)] 326501K->233813K(352768K), 0.0036130 secs] [Times: user=0.02 sys=0.00, real=0.01 secs] 
238.570: Total time for which application threads were stopped: 0.0037840 seconds, Stopping threads took: 0.0000650 seconds
238.601: Application time: 0.0308790 seconds
238.601: [GC [PSYoungGen: 100352K->7920K(107520K)] 325973K->233541K(352768K), 0.0034500 secs] [Times: user=0.02 sys=0.00, real=0.00 secs] 
238.604: Total time for which application threads were stopped: 0.0036620 seconds, Stopping threads took: 0.0000810 seconds
238.637: Application time: 0.0329330 seconds
238.637: [GC [PSYoungGen: 100080K->7792K(107520K)] 325701K->233413K(352768K), 0.0034790 secs] [Times: user=0.02 sys=0.00, real=0.00 secs] 
238.641: Total time for which application threads were stopped: 0.0036550 seconds, Stopping threads took: 0.0000700 seconds
238.664: Application time: 0.0226590 seconds
238.664: [GC [PSYoungGen: 99952K->7728K(107520K)] 325573K->233349K(352768K), 0.0032790 secs] [Times: user=0.03 sys=0.00, real=0.00 secs] 
238.668: Total time for which application threads were stopped: 0.0042350 seconds, Stopping threads took: 0.0008490 seconds
238.692: Application time: 0.0244030 seconds
238.692: [GC [PSYoungGen: 99888K->8016K(107520K)] 325509K->233637K(352768K), 0.0032670 secs] [Times: user=0.02 sys=0.00, real=0.00 secs] 
238.696: Total time for which application threads were stopped: 0.0034370 seconds, Stopping threads took: 0.0000680 seconds
238.727: Application time: 0.0317250 seconds
238.728: [GC [PSYoungGen: 100176K->11056K(107520K)] 325797K->236677K(352768K), 0.0043090 secs] [Times: user=0.01 sys=0.01, real=0.00 secs] 
238.733: Total time for which application threads were stopped: 0.0054320 seconds, Stopping threads took: 0.0010140 seconds
238.762: Application time: 0.0291880 seconds
238.762: [GC [PSYoungGen: 103216K->11504K(107520K)] 328837K->237125K(352768K), 0.0047230 secs] [Times: user=0.03 sys=0.00, real=0.00 secs] 
238.767: Total time for which application threads were stopped: 0.0049020 seconds, Stopping threads took: 0.0000580 seconds
238.805: Application time: 0.0382980 seconds
238.805: [GC [PSYoungGen: 103664K->9776K(107520K)] 329285K->235397K(352768K), 0.0040480 secs] [Times: user=0.03 sys=0.00, real=0.01 secs] 
238.809: Total time for which application threads were stopped: 0.0042580 seconds, Stopping threads took: 0.0001020 seconds
238.845: Application time: 0.0352320 seconds
238.845: [GC [PSYoungGen: 101936K->7952K(107520K)] 327557K->233573K(352768K), 0.0036740 secs] [Times: user=0.02 sys=0.00, real=0.01 secs] 
238.849: Total time for which application threads were stopped: 0.0038670 seconds, Stopping threads took: 0.0000870 seconds
238.881: Application time: 0.0323190 seconds
238.881: [GC [PSYoungGen: 100112K->7632K(107520K)] 325733K->233397K(352768K), 0.0035010 secs] [Times: user=0.02 sys=0.00, real=0.00 secs] 
238.885: Total time for which application threads were stopped: 0.0036790 seconds, Stopping threads took: 0.0000730 seconds
238.911: Application time: 0.0268040 seconds
238.911: [GC [PSYoungGen: 99792K->7728K(107520K)] 325557K->233573K(352768K), 0.0033300 secs] [Times: user=0.03 sys=0.00, real=0.00 secs] 
238.915: Total time for which application threads were stopped: 0.0034950 seconds, Stopping threads took: 0.0000560 seconds
238.937: Application time: 0.0224710 seconds
238.937: [GC [PSYoungGen: 99888K->7680K(107520K)] 325733K->233525K(352768K), 0.0032380 secs] [Times: user=0.02 sys=0.00, real=0.00 secs] 
238.941: Total time for which application threads were stopped: 0.0034450 seconds, Stopping threads took: 0.0001020 seconds
238.970: Application time: 0.0291480 seconds
238.970: [GC [PSYoungGen: 99840K->11936K(107520K)] 325685K->237837K(352768K), 0.0047840 secs] [Times: user=0.04 sys=0.00, real=0.00 secs] 
238.975: Total time for which application threads were stopped: 0.0049620 seconds, Stopping threads took: 0.0000690 seconds
239.005: Application time: 0.0305630 seconds
239.006: [GC [PSYoungGen: 104096K->8448K(107520K)] 329997K->234349K(352768K), 0.0033420 secs] [Times: user=0.02 sys=0.00, real=0.01 secs] 
239.009: Total time for which application threads were stopped: 0.0035240 seconds, Stopping threads took: 0.0000760 seconds
239.044: Application time: 0.0346420 seconds
239.044: [GC [PSYoungGen: 100608K->7760K(107520K)] 326509K->233661K(352768K), 0.0032800 secs] [Times: user=0.02 sys=0.00, real=0.00 secs] 
239.047: Total time for which application threads were stopped: 0.0034630 seconds, Stopping threads took: 0.0000800 seconds
239.085: Application time: 0.0377940 seconds
239.088: [GC [PSYoungGen: 99920K->7744K(107520K)] 325821K->233645K(352768K), 0.0032030 secs] [Times: user=0.02 sys=0.00, real=0.00 secs] 
239.092: Total time for which application threads were stopped: 0.0068070 seconds, Stopping threads took: 0.0035000 seconds
239.122: Application time: 0.0306510 seconds
239.122: [GC [PSYoungGen: 99904K->7680K(107520K)] 325805K->233637K(352768K), 0.0033170 secs] [Times: user=0.03 sys=0.00, real=0.00 secs] 
239.126: Total time for which application threads were stopped: 0.0035290 seconds, Stopping threads took: 0.0000890 seconds
239.158: Application time: 0.0319170 seconds
239.158: [GC [PSYoungGen: 99840K->8000K(107520K)] 325797K->233957K(352768K), 0.0033190 secs] [Times: user=0.02 sys=0.00, real=0.00 secs] 
239.161: Total time for which application threads were stopped: 0.0035330 seconds, Stopping threads took: 0.0001080 seconds
239.184: Application time: 0.0230100 seconds
239.184: [GC [PSYoungGen: 100160K->7888K(107520K)] 326117K->233845K(352768K), 0.0032260 secs] [Times: user=0.02 sys=0.00, real=0.00 secs] 
239.188: Total time for which application threads were stopped: 0.0033860 seconds, Stopping threads took: 0.0000550 seconds
239.213: Application time: 0.0248670 seconds
239.213: [GC [PSYoungGen: 100048K->8160K(107520K)] 326005K->234117K(352768K), 0.0035280 secs] [Times: user=0.02 sys=0.00, real=0.00 secs] 
239.216: Total time for which application threads were stopped: 0.0037280 seconds, Stopping threads took: 0.0000840 seconds
239.248: Application time: 0.0318180 seconds
239.248: [GC [PSYoungGen: 100320K->12496K(107520K)] 326277K->238453K(352768K), 0.0048960 secs] [Times: user=0.03 sys=0.00, real=0.01 secs] 
239.253: Total time for which application threads were stopped: 0.0050740 seconds, Stopping threads took: 0.0000760 seconds
239.284: Application time: 0.0304400 seconds
239.284: [GC [PSYoungGen: 104656K->11904K(107520K)] 330613K->237861K(352768K), 0.0047060 secs] [Times: user=0.03 sys=0.00, real=0.01 secs] 
239.289: Total time for which application threads were stopped: 0.0049180 seconds, Stopping threads took: 0.0001070 seconds
239.328: Application time: 0.0394000 seconds
239.328: [GC [PSYoungGen: 104064K->8384K(107520K)] 330021K->234341K(352768K), 0.0034980 secs] [Times: user=0.02 sys=0.00, real=0.01 secs] 
239.332: Total time for which application threads were stopped: 0.0037020 seconds, Stopping threads took: 0.0000950 seconds
239.365: Application time: 0.0331920 seconds
239.365: [GC [PSYoungGen: 100544K->7728K(107520K)] 326501K->233685K(352768K), 0.0033680 secs] [Times: user=0.02 sys=0.00, real=0.01 secs] 
239.368: Total time for which application threads were stopped: 0.0035700 seconds, Stopping threads took: 0.0000950 seconds
239.402: Application time: 0.0330930 seconds
239.402: [GC [PSYoungGen: 99888K->7728K(107520K)] 325845K->233685K(352768K), 0.0033260 secs] [Times: user=0.02 sys=0.00, real=0.00 secs] 
239.405: Total time for which application threads were stopped: 0.0035190 seconds, Stopping threads took: 0.0000890 seconds
239.431: Application time: 0.0255710 seconds
239.431: [GC [PSYoungGen: 99888K->7840K(107520K)] 325845K->233797K(352768K), 0.0033370 secs] [Times: user=0.02 sys=0.00, real=0.00 secs] 
239.434: Total time for which application threads were stopped: 0.0035240 seconds, Stopping threads took: 0.0000830 seconds
239.456: Application time: 0.0218590 seconds
239.456: [GC [PSYoungGen: 100000K->8016K(107520K)] 325957K->233973K(352768K), 0.0033250 secs] [Times: user=0.02 sys=0.00, real=0.01 secs] 
239.460: Total time for which application threads were stopped: 0.0035000 seconds, Stopping threads took: 0.0000710 seconds
239.490: Application time: 0.0305650 seconds
239.490: [GC [PSYoungGen: 100176K->12320K(107520K)] 326133K->238277K(352768K), 0.0048280 secs] [Times: user=0.03 sys=0.00, real=0.00 secs] 
239.495: Total time for which application threads were stopped: 0.0050290 seconds, Stopping threads took: 0.0000920 seconds
239.525: Application time: 0.0300030 seconds
239.525: [GC [PSYoungGen: 104480K->8160K(107520K)] 330437K->234117K(352768K), 0.0032540 secs] [Times: user=0.03 sys=0.00, real=0.01 secs] 
239.529: Total time for which application threads were stopped: 0.0034440 seconds, Stopping threads took: 0.0000870 seconds
239.565: Application time: 0.0366140 seconds
239.565: [GC [PSYoungGen: 100320K->9728K(107520K)] 326277K->235685K(352768K), 0.0040820 secs] [Times: user=0.02 sys=0.00, real=0.01 secs] 
239.569: Total time for which application threads were stopped: 0.0042750 seconds, Stopping threads took: 0.0000890 seconds
239.607: Application time: 0.0375010 seconds
239.607: [GC [PSYoungGen: 101888K->7840K(107520K)] 327845K->233797K(352768K), 0.0032130 secs] [Times: user=0.02 sys=0.00, real=0.01 secs] 
239.610: Total time for which application threads were stopped: 0.0034160 seconds, Stopping threads took: 0.0000950 seconds
239.641: Application time: 0.0305530 seconds
239.641: [GC [PSYoungGen: 100000K->7760K(107520K)] 325957K->233805K(352768K), 0.0033210 secs] [Times: user=0.02 sys=0.00, real=0.00 secs] 
239.644: Total time for which application threads were stopped: 0.0035350 seconds, Stopping threads took: 0.0000850 seconds
239.676: Application time: 0.0312030 seconds
239.676: [GC [PSYoungGen: 99920K->7792K(107520K)] 325965K->233917K(352768K), 0.0032750 secs] [Times: user=0.03 sys=0.00, real=0.01 secs] 
239.679: Total time for which application threads were stopped: 0.0034650 seconds, Stopping threads took: 0.0000840 seconds
239.702: Application time: 0.0226650 seconds
239.702: [GC [PSYoungGen: 99952K->7856K(107520K)] 326077K->234069K(352768K), 0.0033630 secs] [Times: user=0.02 sys=0.00, real=0.00 secs] 
239.705: Total time for which application threads were stopped: 0.0035600 seconds, Stopping threads took: 0.0000920 seconds
239.732: Application time: 0.0264710 seconds
239.732: [GC [PSYoungGen: 100016K->11104K(107520K)] 326229K->237365K(352768K), 0.0046360 secs] [Times: user=0.04 sys=0.00, real=0.01 secs] 
239.737: Total time for which application threads were stopped: 0.0048430 seconds, Stopping threads took: 0.0000930 seconds
239.768: Application time: 0.0309690 seconds
239.768: [GC [PSYoungGen: 103264K->10592K(107520K)] 329525K->236853K(352768K), 0.0042180 secs] [Times: user=0.03 sys=0.00, real=0.01 secs] 
239.772: Total time for which application threads were stopped: 0.0043930 seconds, Stopping threads took: 0.0000680 seconds
239.803: Application time: 0.0309810 seconds
239.803: [GC [PSYoungGen: 102752K->9952K(107520K)] 329013K->236221K(352768K), 0.0040650 secs] [Times: user=0.03 sys=0.00, real=0.00 secs] 
239.807: Total time for which application threads were stopped: 0.0042410 seconds, Stopping threads took: 0.0000700 seconds
239.847: Application time: 0.0399010 seconds
239.847: [GC [PSYoungGen: 102112K->7600K(107520K)] 328381K->233869K(352768K), 0.0031700 secs] [Times: user=0.02 sys=0.00, real=0.01 secs] 
239.851: Total time for which application threads were stopped: 0.0033710 seconds, Stopping threads took: 0.0000950 seconds
239.882: Application time: 0.0316840 seconds
239.882: [GC [PSYoungGen: 99760K->7696K(107520K)] 326029K->233965K(352768K), 0.0032720 secs] [Times: user=0.02 sys=0.00, real=0.00 secs] 
239.886: Total time for which application threads were stopped: 0.0034570 seconds, Stopping threads took: 0.0000790 seconds
239.919: Application time: 0.0335520 seconds
239.919: [GC [PSYoungGen: 99856K->7808K(107520K)] 326125K->234125K(352768K), 0.0035420 secs] [Times: user=0.03 sys=0.00, real=0.00 secs] 
239.923: Total time for which application threads were stopped: 0.0037490 seconds, Stopping threads took: 0.0000990 seconds
239.947: Application time: 0.0235370 seconds
239.947: [GC [PSYoungGen: 99968K->7680K(107520K)] 326285K->233997K(352768K), 0.0032580 secs] [Times: user=0.02 sys=0.00, real=0.01 secs] 
239.950: Total time for which application threads were stopped: 0.0034610 seconds, Stopping threads took: 0.0000970 seconds
239.974: Application time: 0.0238850 seconds
239.974: [GC [PSYoungGen: 99840K->7952K(107520K)] 326157K->234269K(352768K), 0.0035110 secs] [Times: user=0.02 sys=0.00, real=0.01 secs] 
239.978: Total time for which application threads were stopped: 0.0037180 seconds, Stopping threads took: 0.0000990 seconds
240.011: Application time: 0.0334240 seconds
240.011: [GC [PSYoungGen: 100112K->11744K(107520K)] 326429K->238061K(352768K), 0.0047360 secs] [Times: user=0.03 sys=0.00, real=0.00 secs] 
240.016: Total time for which application threads were stopped: 0.0049280 seconds, Stopping threads took: 0.0000870 seconds
240.043: Application time: 0.0269880 seconds
240.043: [GC [PSYoungGen: 103904K->9360K(107520K)] 330221K->235677K(352768K), 0.0037560 secs] [Times: user=0.03 sys=0.00, real=0.00 secs] 
240.047: Total time for which application threads were stopped: 0.0039360 seconds, Stopping threads took: 0.0000720 seconds
240.086: Application time: 0.0391270 seconds
240.086: [GC [PSYoungGen: 101520K->10320K(107520K)] 327837K->236637K(352768K), 0.0040490 secs] [Times: user=0.03 sys=0.00, real=0.01 secs] 
240.090: Total time for which application threads were stopped: 0.0042350 seconds, Stopping threads took: 0.0000760 seconds
240.124: Application time: 0.0340800 seconds
240.125: [GC [PSYoungGen: 102480K->7808K(107520K)] 328797K->234125K(352768K), 0.0034650 secs] [Times: user=0.02 sys=0.00, real=0.00 secs] 
240.128: Total time for which application threads were stopped: 0.0036780 seconds, Stopping threads took: 0.0001080 seconds
240.160: Application time: 0.0321380 seconds
240.160: [GC [PSYoungGen: 99968K->7824K(107520K)] 326285K->234141K(352768K), 0.0034340 secs] [Times: user=0.02 sys=0.00, real=0.00 secs] 
240.164: Total time for which application threads were stopped: 0.0036700 seconds, Stopping threads took: 0.0000970 seconds
240.193: Application time: 0.0288730 seconds
240.193: [GC [PSYoungGen: 99984K->7776K(107520K)] 326301K->234093K(352768K), 0.0034210 secs] [Times: user=0.01 sys=0.01, real=0.01 secs] 
240.196: Total time for which application threads were stopped: 0.0036250 seconds, Stopping threads took: 0.0000900 seconds
240.218: Application time: 0.0218100 seconds
240.218: [GC [PSYoungGen: 99936K->7984K(107520K)] 326253K->234301K(352768K), 0.0033370 secs] [Times: user=0.02 sys=0.00, real=0.00 secs] 
240.222: Total time for which application threads were stopped: 0.0035480 seconds, Stopping threads took: 0.0001090 seconds
240.252: Application time: 0.0307790 seconds
240.253: [GC [PSYoungGen: 100144K->12240K(107520K)] 326461K->238557K(352768K), 0.0049430 secs] [Times: user=0.04 sys=0.00, real=0.01 secs] 
240.258: Total time for which application threads were stopped: 0.0051240 seconds, Stopping threads took: 0.0000740 seconds
240.287: Application time: 0.0291320 seconds
240.287: [GC [PSYoungGen: 104400K->8592K(107520K)] 330717K->234909K(352768K), 0.0033610 secs] [Times: user=0.03 sys=0.00, real=0.01 secs] 
240.290: Total time for which application threads were stopped: 0.0035500 seconds, Stopping threads took: 0.0000810 seconds
240.323: Application time: 0.0327690 seconds
240.323: [GC [PSYoungGen: 100752K->9536K(107520K)] 327069K->235853K(352768K), 0.0038970 secs] [Times: user=0.03 sys=0.00, real=0.00 secs] 
240.327: Total time for which application threads were stopped: 0.0040790 seconds, Stopping threads took: 0.0000790 seconds
240.366: Application time: 0.0392350 seconds
240.367: [GC [PSYoungGen: 101696K->8208K(107520K)] 328013K->234525K(352768K), 0.0035960 secs] [Times: user=0.02 sys=0.00, real=0.01 secs] 
240.370: Total time for which application threads were stopped: 0.0037890 seconds, Stopping threads took: 0.0000900 seconds
240.401: Application time: 0.0308170 seconds
240.404: [GC [PSYoungGen: 100368K->7728K(107520K)] 326685K->234117K(352768K), 0.0034760 secs] [Times: user=0.03 sys=0.00, real=0.00 secs] 
240.408: Total time for which application threads were stopped: 0.0069450 seconds, Stopping threads took: 0.0033590 seconds
240.441: Application time: 0.0332850 seconds
240.441: [GC [PSYoungGen: 99888K->7744K(107520K)] 326277K->234221K(352768K), 0.0033510 secs] [Times: user=0.02 sys=0.00, real=0.00 secs] 
240.445: Total time for which application threads were stopped: 0.0035590 seconds, Stopping threads took: 0.0001010 seconds
240.467: Application time: 0.0223700 seconds
240.467: [GC [PSYoungGen: 99904K->7856K(107520K)] 326381K->234381K(352768K), 0.0032860 secs] [Times: user=0.03 sys=0.00, real=0.01 secs] 
240.471: Total time for which application threads were stopped: 0.0034920 seconds, Stopping threads took: 0.0000990 seconds
240.496: Application time: 0.0254540 seconds
240.496: [GC [PSYoungGen: 100016K->8960K(107520K)] 326541K->235574K(352768K), 0.0038150 secs] [Times: user=0.02 sys=0.00, real=0.01 secs] 
240.500: Total time for which application threads were stopped: 0.0040050 seconds, Stopping threads took: 0.0000850 seconds
240.533: Application time: 0.0329170 seconds
240.533: [GC [PSYoungGen: 101120K->10352K(107520K)] 327734K->236966K(352768K), 0.0041110 secs] [Times: user=0.03 sys=0.00, real=0.01 secs] 
240.537: Total time for which application threads were stopped: 0.0043090 seconds, Stopping threads took: 0.0000900 seconds
240.564: Application time: 0.0267520 seconds
240.564: [GC [PSYoungGen: 102512K->9392K(107520K)] 329126K->236006K(352768K), 0.0038900 secs] [Times: user=0.03 sys=0.01, real=0.00 secs] 
240.568: Total time for which application threads were stopped: 0.0040690 seconds, Stopping threads took: 0.0000720 seconds
240.610: Application time: 0.0415050 seconds
240.610: [GC [PSYoungGen: 101552K->7696K(107520K)] 328166K->234309K(352768K), 0.0032000 secs] [Times: user=0.02 sys=0.00, real=0.00 secs] 
240.613: Total time for which application threads were stopped: 0.0033980 seconds, Stopping threads took: 0.0000950 seconds
240.644: Application time: 0.0310040 seconds
240.644: [GC [PSYoungGen: 99856K->7504K(107520K)] 326469K->234117K(352768K), 0.0035230 secs] [Times: user=0.02 sys=0.00, real=0.00 secs] 
240.648: Total time for which application threads were stopped: 0.0037220 seconds, Stopping threads took: 0.0000920 seconds
240.681: Application time: 0.0336130 seconds
240.682: [GC [PSYoungGen: 99664K->7632K(107520K)] 326277K->234294K(352768K), 0.0032740 secs] [Times: user=0.02 sys=0.00, real=0.00 secs] 
240.685: Total time for which application threads were stopped: 0.0035120 seconds, Stopping threads took: 0.0001050 seconds
240.711: Application time: 0.0263640 seconds
240.711: [GC [PSYoungGen: 99792K->7760K(107520K)] 326454K->234422K(352768K), 0.0033180 secs] [Times: user=0.02 sys=0.00, real=0.00 secs] 
240.715: Total time for which application threads were stopped: 0.0035110 seconds, Stopping threads took: 0.0000890 seconds
240.738: Application time: 0.0227650 seconds
240.738: [GC [PSYoungGen: 99920K->7920K(107520K)] 326582K->234582K(352768K), 0.0034800 secs] [Times: user=0.02 sys=0.00, real=0.00 secs] 
240.741: Total time for which application threads were stopped: 0.0036680 seconds, Stopping threads took: 0.0000800 seconds
240.773: Application time: 0.0321360 seconds
240.774: [GC [PSYoungGen: 100080K->11920K(107520K)] 326742K->238582K(352768K), 0.0047890 secs] [Times: user=0.04 sys=0.00, real=0.01 secs] 
240.778: Total time for which application threads were stopped: 0.0049850 seconds, Stopping threads took: 0.0000890 seconds
240.805: Application time: 0.0269810 seconds
240.805: [GC [PSYoungGen: 104080K->8768K(107520K)] 330742K->235430K(352768K), 0.0036120 secs] [Times: user=0.03 sys=0.00, real=0.01 secs] 
240.809: Total time for which application threads were stopped: 0.0037820 seconds, Stopping threads took: 0.0000670 seconds
240.845: Application time: 0.0358270 seconds
240.845: [GC [PSYoungGen: 100928K->11104K(107520K)] 327590K->237766K(352768K), 0.0045120 secs] [Times: user=0.04 sys=0.00, real=0.01 secs] 
240.850: Total time for which application threads were stopped: 0.0046930 seconds, Stopping threads took: 0.0000730 seconds
240.887: Application time: 0.0378350 seconds
240.888: [GC [PSYoungGen: 103264K->7888K(107520K)] 329926K->234550K(352768K), 0.0033060 secs] [Times: user=0.02 sys=0.00, real=0.01 secs] 
240.891: Total time for which application threads were stopped: 0.0035020 seconds, Stopping threads took: 0.0000910 seconds
240.922: Application time: 0.0312130 seconds
240.922: [GC [PSYoungGen: 100048K->7904K(107520K)] 326710K->234566K(352768K), 0.0034330 secs] [Times: user=0.02 sys=0.00, real=0.00 secs] 
240.926: Total time for which application threads were stopped: 0.0036290 seconds, Stopping threads took: 0.0000900 seconds
240.957: Application time: 0.0315810 seconds
240.958: [GC [PSYoungGen: 100064K->8000K(107520K)] 326726K->234662K(352768K), 0.0034000 secs] [Times: user=0.02 sys=0.00, real=0.00 secs] 
240.961: Total time for which application threads were stopped: 0.0035940 seconds, Stopping threads took: 0.0000870 seconds
240.984: Application time: 0.0227570 seconds
240.984: [GC [PSYoungGen: 100160K->8144K(107520K)] 326822K->234806K(352768K), 0.0033150 secs] [Times: user=0.02 sys=0.00, real=0.00 secs] 
240.987: Total time for which application threads were stopped: 0.0035090 seconds, Stopping threads took: 0.0000860 seconds
241.014: Application time: 0.0269350 seconds
241.014: [GC [PSYoungGen: 100304K->11664K(107520K)] 326966K->238326K(352768K), 0.0050220 secs] [Times: user=0.03 sys=0.00, real=0.01 secs] 
241.019: Total time for which application threads were stopped: 0.0052180 seconds, Stopping threads took: 0.0000890 seconds
241.051: Application time: 0.0319840 seconds
241.052: [GC [PSYoungGen: 103824K->10304K(107520K)] 330486K->236966K(352768K), 0.0041040 secs] [Times: user=0.03 sys=0.00, real=0.00 secs] 
241.056: Total time for which application threads were stopped: 0.0043010 seconds, Stopping threads took: 0.0000930 seconds
241.085: Application time: 0.0290040 seconds
241.085: [GC [PSYoungGen: 102464K->9856K(107520K)] 329126K->236518K(352768K), 0.0040890 secs] [Times: user=0.03 sys=0.00, real=0.01 secs] 
241.089: Total time for which application threads were stopped: 0.0042730 seconds, Stopping threads took: 0.0000810 seconds
241.129: Application time: 0.0404590 seconds
241.130: [GC [PSYoungGen: 102016K->7680K(107520K)] 328678K->234342K(352768K), 0.0035670 secs] [Times: user=0.02 sys=0.00, real=0.00 secs] 
241.133: Total time for which application threads were stopped: 0.0037800 seconds, Stopping threads took: 0.0001100 seconds
241.166: Application time: 0.0323490 seconds
241.166: [GC [PSYoungGen: 99840K->7792K(107520K)] 326502K->234494K(352768K), 0.0033980 secs] [Times: user=0.02 sys=0.00, real=0.01 secs] 
241.169: Total time for which application threads were stopped: 0.0035900 seconds, Stopping threads took: 0.0000870 seconds
241.202: Application time: 0.0324630 seconds
241.202: [GC [PSYoungGen: 99952K->7904K(107520K)] 326654K->234726K(352768K), 0.0033830 secs] [Times: user=0.02 sys=0.00, real=0.00 secs] 
241.205: Total time for which application threads were stopped: 0.0036070 seconds, Stopping threads took: 0.0001030 seconds
241.231: Application time: 0.0256880 seconds
241.231: [GC [PSYoungGen: 100064K->7792K(107520K)] 326886K->234662K(352768K), 0.0034370 secs] [Times: user=0.02 sys=0.00, real=0.00 secs] 
241.235: Total time for which application threads were stopped: 0.0036170 seconds, Stopping threads took: 0.0000730 seconds
241.259: Application time: 0.0248750 seconds
241.260: [GC [PSYoungGen: 99952K->9456K(107520K)] 326822K->236406K(352768K), 0.0039070 secs] [Times: user=0.02 sys=0.00, real=0.00 secs] 
241.264: Total time for which application threads were stopped: 0.0041010 seconds, Stopping threads took: 0.0000840 seconds
241.294: Application time: 0.0304830 seconds
241.294: [GC [PSYoungGen: 101616K->11712K(107520K)] 328566K->238662K(352768K), 0.0046970 secs] [Times: user=0.03 sys=0.00, real=0.01 secs] 
241.299: Total time for which application threads were stopped: 0.0049030 seconds, Stopping threads took: 0.0001010 seconds
241.327: Application time: 0.0280800 seconds
241.328: [GC [PSYoungGen: 103872K->10784K(107520K)] 330822K->237734K(352768K), 0.0042110 secs] [Times: user=0.03 sys=0.00, real=0.00 secs] 
241.333: Total time for which application threads were stopped: 0.0056160 seconds, Stopping threads took: 0.0012980 seconds
241.370: Application time: 0.0370700 seconds
241.370: [GC [PSYoungGen: 102944K->11440K(107520K)] 329894K->238390K(352768K), 0.0046810 secs] [Times: user=0.03 sys=0.00, real=0.00 secs] 
241.375: Total time for which application threads were stopped: 0.0048840 seconds, Stopping threads took: 0.0000980 seconds
241.410: Application time: 0.0352030 seconds
241.410: [GC [PSYoungGen: 103600K->7952K(107520K)] 330550K->234902K(352768K), 0.0033630 secs] [Times: user=0.03 sys=0.00, real=0.00 secs] 
241.413: Total time for which application threads were stopped: 0.0035720 seconds, Stopping threads took: 0.0001030 seconds
241.447: Application time: 0.0333980 seconds
241.447: [GC [PSYoungGen: 100112K->7776K(107520K)] 327062K->234782K(352768K), 0.0034040 secs] [Times: user=0.02 sys=0.00, real=0.01 secs] 
241.450: Total time for which application threads were stopped: 0.0035920 seconds, Stopping threads took: 0.0000820 seconds
241.478: Application time: 0.0279750 seconds
241.479: [GC [PSYoungGen: 99936K->7888K(107520K)] 326942K->234894K(352768K), 0.0032630 secs] [Times: user=0.02 sys=0.00, real=0.00 secs] 
241.482: Total time for which application threads were stopped: 0.0034560 seconds, Stopping threads took: 0.0000900 seconds
241.505: Application time: 0.0228300 seconds
241.505: [GC [PSYoungGen: 100048K->7936K(107520K)] 327054K->234942K(352768K), 0.0032350 secs] [Times: user=0.03 sys=0.00, real=0.00 secs] 
241.508: Total time for which application threads were stopped: 0.0034410 seconds, Stopping threads took: 0.0001010 seconds
241.538: Application time: 0.0297620 seconds
241.538: [GC [PSYoungGen: 100096K->10176K(107520K)] 327102K->237182K(352768K), 0.0041480 secs] [Times: user=0.03 sys=0.00, real=0.00 secs] 
241.542: Total time for which application threads were stopped: 0.0043200 seconds, Stopping threads took: 0.0000530 seconds
241.572: Application time: 0.0295510 seconds
241.572: [GC [PSYoungGen: 102336K->8512K(107520K)] 329342K->235518K(352768K), 0.0034660 secs] [Times: user=0.02 sys=0.00, real=0.00 secs] 
241.575: Total time for which application threads were stopped: 0.0036570 seconds, Stopping threads took: 0.0000850 seconds
241.608: Application time: 0.0322960 seconds
241.608: [GC [PSYoungGen: 100672K->7872K(107520K)] 327678K->234878K(352768K), 0.0032600 secs] [Times: user=0.02 sys=0.00, real=0.01 secs] 
241.611: Total time for which application threads were stopped: 0.0034710 seconds, Stopping threads took: 0.0001050 seconds
241.650: Application time: 0.0386420 seconds
241.652: [GC [PSYoungGen: 100032K->8064K(107520K)] 327038K->235070K(352768K), 0.0034060 secs] [Times: user=0.02 sys=0.00, real=0.00 secs] 
241.656: Total time for which application threads were stopped: 0.0060530 seconds, Stopping threads took: 0.0025390 seconds
241.687: Application time: 0.0315610 seconds
241.688: [GC [PSYoungGen: 100224K->7792K(107520K)] 327230K->234798K(352768K), 0.0034570 secs] [Times: user=0.02 sys=0.00, real=0.00 secs] 
241.692: Total time for which application threads were stopped: 0.0045290 seconds, Stopping threads took: 0.0009680 seconds
241.724: Application time: 0.0318860 seconds
241.724: [GC [PSYoungGen: 99952K->7808K(107520K)] 326958K->234814K(352768K), 0.0033720 secs] [Times: user=0.02 sys=0.00, real=0.00 secs] 
241.727: Total time for which application threads were stopped: 0.0036120 seconds, Stopping threads took: 0.0001110 seconds
241.753: Application time: 0.0255260 seconds
241.753: [GC [PSYoungGen: 99968K->7856K(107520K)] 326974K->234862K(352768K), 0.0032760 secs] [Times: user=0.03 sys=0.00, real=0.01 secs] 
241.756: Total time for which application threads were stopped: 0.0034710 seconds, Stopping threads took: 0.0000890 seconds
241.781: Application time: 0.0250100 seconds
241.782: [GC [PSYoungGen: 100016K->11536K(107520K)] 327022K->238542K(352768K), 0.0046920 secs] [Times: user=0.03 sys=0.00, real=0.00 secs] 
241.786: Total time for which application threads were stopped: 0.0048780 seconds, Stopping threads took: 0.0000780 seconds
241.816: Application time: 0.0299730 seconds
241.816: [GC [PSYoungGen: 103696K->10272K(107520K)] 330702K->237278K(352768K), 0.0042410 secs] [Times: user=0.02 sys=0.00, real=0.00 secs] 
241.821: Total time for which application threads were stopped: 0.0044360 seconds, Stopping threads took: 0.0000900 seconds
241.851: Application time: 0.0297590 seconds
241.851: [GC [PSYoungGen: 102432K->10496K(107520K)] 329438K->237502K(352768K), 0.0042000 secs] [Times: user=0.02 sys=0.00, real=0.00 secs] 
241.855: Total time for which application threads were stopped: 0.0043860 seconds, Stopping threads took: 0.0000800 seconds
241.893: Application time: 0.0376470 seconds
241.893: [GC [PSYoungGen: 102656K->8592K(107520K)] 329662K->235598K(352768K), 0.0037040 secs] [Times: user=0.02 sys=0.00, real=0.01 secs] 
241.896: Total time for which application threads were stopped: 0.0039030 seconds, Stopping threads took: 0.0000940 seconds
241.930: Application time: 0.0333510 seconds
241.930: [GC [PSYoungGen: 100752K->7808K(107520K)] 327758K->234862K(352768K), 0.0034560 secs] [Times: user=0.03 sys=0.00, real=0.00 secs] 
241.934: Total time for which application threads were stopped: 0.0036600 seconds, Stopping threads took: 0.0000980 seconds
241.967: Application time: 0.0338140 seconds
241.967: [GC [PSYoungGen: 99968K->7696K(107520K)] 327022K->234838K(352768K), 0.0032550 secs] [Times: user=0.02 sys=0.01, real=0.01 secs] 
241.971: Total time for which application threads were stopped: 0.0034640 seconds, Stopping threads took: 0.0001000 seconds
241.998: Application time: 0.0267300 seconds
242.000: [GC [PSYoungGen: 99856K->7552K(107520K)] 326998K->234782K(352768K), 0.0032040 secs] [Times: user=0.02 sys=0.00, real=0.00 secs] 
242.004: Total time for which application threads were stopped: 0.0061690 seconds, Stopping threads took: 0.0028540 seconds
242.028: Application time: 0.0246550 seconds
242.028: [GC [PSYoungGen: 99712K->7568K(107520K)] 326942K->234798K(352768K), 0.0031080 secs] [Times: user=0.02 sys=0.00, real=0.00 secs] 
242.032: Total time for which application threads were stopped: 0.0032810 seconds, Stopping threads took: 0.0000700 seconds
242.060: Application time: 0.0286160 seconds
242.060: [GC [PSYoungGen: 99728K->9952K(107520K)] 326958K->237278K(352768K), 0.0040520 secs] [Times: user=0.02 sys=0.00, real=0.00 secs] 
242.065: Total time for which application threads were stopped: 0.0042550 seconds, Stopping threads took: 0.0000970 seconds
242.092: Application time: 0.0276010 seconds
242.092: [GC [PSYoungGen: 102112K->10112K(107520K)] 329438K->237438K(352768K), 0.0040240 secs] [Times: user=0.03 sys=0.00, real=0.00 secs] 
242.096: Total time for which application threads were stopped: 0.0042120 seconds, Stopping threads took: 0.0000740 seconds
242.132: Application time: 0.0354220 seconds
242.132: [GC [PSYoungGen: 102272K->9472K(107520K)] 329598K->236798K(352768K), 0.0039320 secs] [Times: user=0.03 sys=0.00, real=0.00 secs] 
242.136: Total time for which application threads were stopped: 0.0041220 seconds, Stopping threads took: 0.0000820 seconds
242.174: Application time: 0.0385400 seconds
242.175: [GC [PSYoungGen: 101632K->7760K(107520K)] 328958K->235086K(352768K), 0.0032730 secs] [Times: user=0.02 sys=0.00, real=0.01 secs] 
242.178: Total time for which application threads were stopped: 0.0034850 seconds, Stopping threads took: 0.0001060 seconds
242.210: Application time: 0.0325120 seconds
242.211: [GC [PSYoungGen: 99920K->7728K(107520K)] 327246K->235054K(352768K), 0.0034780 secs] [Times: user=0.02 sys=0.00, real=0.00 secs] 
242.214: Total time for which application threads were stopped: 0.0036710 seconds, Stopping threads took: 0.0000860 seconds
242.245: Application time: 0.0306810 seconds
242.246: [GC [PSYoungGen: 99888K->7872K(107520K)] 327214K->235254K(352768K), 0.0033580 secs] [Times: user=0.02 sys=0.00, real=0.01 secs] 
242.250: Total time for which application threads were stopped: 0.0047530 seconds, Stopping threads took: 0.0012510 seconds
242.273: Application time: 0.0233330 seconds
242.276: [GC [PSYoungGen: 100032K->8112K(107520K)] 327414K->235494K(352768K), 0.0033910 secs] [Times: user=0.02 sys=0.00, real=0.00 secs] 
242.280: Total time for which application threads were stopped: 0.0069780 seconds, Stopping threads took: 0.0034820 seconds
242.306: Application time: 0.0263310 seconds
242.306: [GC [PSYoungGen: 100272K->10256K(107520K)] 327654K->237638K(352768K), 0.0041250 secs] [Times: user=0.03 sys=0.00, real=0.01 secs] 
242.311: Total time for which application threads were stopped: 0.0043320 seconds, Stopping threads took: 0.0001030 seconds
242.340: Application time: 0.0299970 seconds
242.341: [GC [PSYoungGen: 102416K->10080K(107520K)] 329798K->237462K(352768K), 0.0040690 secs] [Times: user=0.03 sys=0.00, real=0.00 secs] 
242.345: Total time for which application threads were stopped: 0.0042440 seconds, Stopping threads took: 0.0000680 seconds
242.376: Application time: 0.0307700 seconds
242.376: [GC [PSYoungGen: 102240K->8384K(107520K)] 329622K->235766K(352768K), 0.0034540 secs] [Times: user=0.02 sys=0.00, real=0.01 secs] 
242.379: Total time for which application threads were stopped: 0.0036610 seconds, Stopping threads took: 0.0001010 seconds
242.418: Application time: 0.0384790 seconds
242.418: [GC [PSYoungGen: 100544K->8432K(107520K)] 327926K->235814K(352768K), 0.0034720 secs] [Times: user=0.02 sys=0.00, real=0.00 secs] 
242.421: Total time for which application threads were stopped: 0.0036730 seconds, Stopping threads took: 0.0000940 seconds
242.454: Application time: 0.0326060 seconds
242.456: [GC [PSYoungGen: 100592K->7808K(107520K)] 327974K->235190K(352768K), 0.0033260 secs] [Times: user=0.02 sys=0.00, real=0.00 secs] 
242.460: Total time for which application threads were stopped: 0.0058300 seconds, Stopping threads took: 0.0023980 seconds
242.493: Application time: 0.0334170 seconds
242.493: [GC [PSYoungGen: 99968K->7872K(107520K)] 327350K->235254K(352768K), 0.0036140 secs] [Times: user=0.01 sys=0.00, real=0.01 secs] 
242.497: Total time for which application threads were stopped: 0.0037800 seconds, Stopping threads took: 0.0000610 seconds
242.523: Application time: 0.0262680 seconds
242.523: [GC [PSYoungGen: 100032K->7984K(107520K)] 327414K->235366K(352768K), 0.0036060 secs] [Times: user=0.03 sys=0.00, real=0.00 secs] 
242.527: Total time for which application threads were stopped: 0.0037970 seconds, Stopping threads took: 0.0000850 seconds
242.551: Application time: 0.0235840 seconds
242.551: [GC [PSYoungGen: 100144K->7936K(107520K)] 327526K->235318K(352768K), 0.0033190 secs] [Times: user=0.02 sys=0.00, real=0.00 secs] 
242.554: Total time for which application threads were stopped: 0.0035360 seconds, Stopping threads took: 0.0001130 seconds
242.583: Application time: 0.0293220 seconds
242.584: [GC [PSYoungGen: 100096K->12208K(107520K)] 327478K->239590K(352768K), 0.0049830 secs] [Times: user=0.04 sys=0.00, real=0.01 secs] 
242.589: Total time for which application threads were stopped: 0.0051760 seconds, Stopping threads took: 0.0000850 seconds
242.618: Application time: 0.0294330 seconds
242.618: [GC [PSYoungGen: 104368K->12256K(107520K)] 331750K->239638K(352768K), 0.0049590 secs] [Times: user=0.03 sys=0.00, real=0.00 secs] 
242.623: Total time for which application threads were stopped: 0.0051430 seconds, Stopping threads took: 0.0000770 seconds
242.659: Application time: 0.0354350 seconds
242.659: [GC [PSYoungGen: 104416K->8544K(107520K)] 331798K->235926K(352768K), 0.0035290 secs] [Times: user=0.02 sys=0.00, real=0.00 secs] 
242.662: Total time for which application threads were stopped: 0.0037230 seconds, Stopping threads took: 0.0000900 seconds
242.700: Application time: 0.0376450 seconds
242.700: [GC [PSYoungGen: 100704K->8064K(107520K)] 328086K->235446K(352768K), 0.0033080 secs] [Times: user=0.02 sys=0.00, real=0.00 secs] 
242.704: Total time for which application threads were stopped: 0.0035190 seconds, Stopping threads took: 0.0001050 seconds
242.737: Application time: 0.0329580 seconds
242.740: [GC [PSYoungGen: 100224K->7696K(107520K)] 327606K->235158K(352768K), 0.0032780 secs] [Times: user=0.02 sys=0.00, real=0.00 secs] 
242.744: Total time for which application threads were stopped: 0.0071680 seconds, Stopping threads took: 0.0037840 seconds
242.772: Application time: 0.0281800 seconds
242.772: [GC [PSYoungGen: 99856K->7680K(107520K)] 327318K->235266K(352768K), 0.0032830 secs] [Times: user=0.02 sys=0.00, real=0.00 secs] 
242.775: Total time for which application threads were stopped: 0.0034980 seconds, Stopping threads took: 0.0000930 seconds
242.801: Application time: 0.0252700 seconds
242.801: [GC [PSYoungGen: 99840K->7632K(107520K)] 327426K->235274K(352768K), 0.0033120 secs] [Times: user=0.02 sys=0.00, real=0.00 secs] 
242.804: Total time for which application threads were stopped: 0.0035130 seconds, Stopping threads took: 0.0000970 seconds
242.831: Application time: 0.0265330 seconds
242.831: [GC [PSYoungGen: 99792K->13072K(107520K)] 327434K->240762K(352768K), 0.0051560 secs] [Times: user=0.03 sys=0.00, real=0.00 secs] 
242.836: Total time for which application threads were stopped: 0.0053210 seconds, Stopping threads took: 0.0000570 seconds
242.869: Application time: 0.0331980 seconds
242.869: [GC [PSYoungGen: 105232K->8256K(107520K)] 332922K->235946K(352768K), 0.0033420 secs] [Times: user=0.02 sys=0.00, real=0.00 secs] 
242.873: Total time for which application threads were stopped: 0.0035520 seconds, Stopping threads took: 0.0001080 seconds
242.902: Application time: 0.0293400 seconds
242.902: [GC [PSYoungGen: 100416K->8064K(107520K)] 328106K->235754K(352768K), 0.0034470 secs] [Times: user=0.03 sys=0.00, real=0.00 secs] 
242.906: Total time for which application threads were stopped: 0.0036300 seconds, Stopping threads took: 0.0000780 seconds
242.946: Application time: 0.0398190 seconds
242.946: [GC [PSYoungGen: 100224K->7680K(107520K)] 327914K->235370K(352768K), 0.0034050 secs] [Times: user=0.02 sys=0.00, real=0.01 secs] 
242.949: Total time for which application threads were stopped: 0.0035930 seconds, Stopping threads took: 0.0000850 seconds
242.979: Application time: 0.0299570 seconds
242.979: [GC [PSYoungGen: 99840K->7504K(107520K)] 327530K->235194K(352768K), 0.0033030 secs] [Times: user=0.03 sys=0.00, real=0.00 secs] 
242.983: Total time for which application threads were stopped: 0.0034970 seconds, Stopping threads took: 0.0000900 seconds
243.016: Application time: 0.0331600 seconds
243.016: [GC [PSYoungGen: 99664K->7824K(107520K)] 327354K->235554K(352768K), 0.0035920 secs] [Times: user=0.01 sys=0.00, real=0.01 secs] 
243.020: Total time for which application threads were stopped: 0.0037720 seconds, Stopping threads took: 0.0000770 seconds
243.044: Application time: 0.0243210 seconds
243.044: [GC [PSYoungGen: 99984K->7776K(107520K)] 327714K->235506K(352768K), 0.0032150 secs] [Times: user=0.02 sys=0.00, real=0.00 secs] 
243.047: Total time for which application threads were stopped: 0.0034170 seconds, Stopping threads took: 0.0000960 seconds
243.074: Application time: 0.0262270 seconds
243.074: [GC [PSYoungGen: 99936K->7936K(107520K)] 327666K->235666K(352768K), 0.0032160 secs] [Times: user=0.02 sys=0.00, real=0.01 secs] 
243.077: Total time for which application threads were stopped: 0.0034140 seconds, Stopping threads took: 0.0000940 seconds
243.108: Application time: 0.0309410 seconds
243.108: [GC [PSYoungGen: 100096K->10128K(107520K)] 327826K->237858K(352768K), 0.0041410 secs] [Times: user=0.03 sys=0.00, real=0.01 secs] 
243.112: Total time for which application threads were stopped: 0.0043280 seconds, Stopping threads took: 0.0000800 seconds
243.141: Application time: 0.0285740 seconds
243.141: [GC [PSYoungGen: 102288K->10096K(107520K)] 330018K->237826K(352768K), 0.0041190 secs] [Times: user=0.03 sys=0.00, real=0.00 secs] 
243.145: Total time for which application threads were stopped: 0.0043110 seconds, Stopping threads took: 0.0000870 seconds
243.181: Application time: 0.0355250 seconds
243.181: [GC [PSYoungGen: 102256K->9488K(107520K)] 329986K->237218K(352768K), 0.0039410 secs] [Times: user=0.03 sys=0.00, real=0.00 secs] 
243.185: Total time for which application threads were stopped: 0.0041540 seconds, Stopping threads took: 0.0001060 seconds
243.221: Application time: 0.0358830 seconds
243.221: [GC [PSYoungGen: 101648K->7936K(107520K)] 329378K->235666K(352768K), 0.0033680 secs] [Times: user=0.02 sys=0.00, real=0.00 secs] 
243.224: Total time for which application threads were stopped: 0.0035450 seconds, Stopping threads took: 0.0000750 seconds
243.258: Application time: 0.0336530 seconds
243.258: [GC [PSYoungGen: 100096K->7856K(107520K)] 327826K->235586K(352768K), 0.0033340 secs] [Times: user=0.03 sys=0.00, real=0.00 secs] 
243.261: Total time for which application threads were stopped: 0.0035250 seconds, Stopping threads took: 0.0000850 seconds
243.288: Application time: 0.0269630 seconds
243.289: [GC [PSYoungGen: 100016K->7824K(107520K)] 327746K->235554K(352768K), 0.0033720 secs] [Times: user=0.03 sys=0.00, real=0.00 secs] 
243.292: Total time for which application threads were stopped: 0.0036090 seconds, Stopping threads took: 0.0001090 seconds
243.317: Application time: 0.0250360 seconds
243.317: [GC [PSYoungGen: 99984K->7968K(107520K)] 327714K->235698K(352768K), 0.0032850 secs] [Times: user=0.02 sys=0.00, real=0.00 secs] 
243.321: Total time for which application threads were stopped: 0.0034700 seconds, Stopping threads took: 0.0000690 seconds
243.347: Application time: 0.0268180 seconds
243.348: [GC [PSYoungGen: 100128K->12352K(107520K)] 327858K->240082K(352768K), 0.0049270 secs] [Times: user=0.04 sys=0.00, real=0.00 secs] 
243.353: Total time for which application threads were stopped: 0.0060500 seconds, Stopping threads took: 0.0010180 seconds
243.387: Application time: 0.0335180 seconds
243.387: [GC [PSYoungGen: 104512K->10096K(107520K)] 332242K->237826K(352768K), 0.0039800 secs] [Times: user=0.03 sys=0.00, real=0.01 secs] 
243.391: Total time for which application threads were stopped: 0.0041670 seconds, Stopping threads took: 0.0000720 seconds
243.420: Application time: 0.0294260 seconds
243.421: [GC [PSYoungGen: 102256K->8160K(107520K)] 329986K->235890K(352768K), 0.0034180 secs] [Times: user=0.02 sys=0.00, real=0.00 secs] 
243.424: Total time for which application threads were stopped: 0.0036020 seconds, Stopping threads took: 0.0000760 seconds
243.465: Application time: 0.0404190 seconds
243.465: [GC [PSYoungGen: 100320K->7904K(107520K)] 328050K->235634K(352768K), 0.0032540 secs] [Times: user=0.02 sys=0.00, real=0.00 secs] 
243.468: Total time for which application threads were stopped: 0.0034210 seconds, Stopping threads took: 0.0000620 seconds
243.499: Application time: 0.0307150 seconds
243.499: [GC [PSYoungGen: 100064K->7920K(107520K)] 327794K->235746K(352768K), 0.0036450 secs] [Times: user=0.03 sys=0.00, real=0.00 secs] 
243.502: Total time for which application threads were stopped: 0.0038170 seconds, Stopping threads took: 0.0000660 seconds
243.534: Application time: 0.0312120 seconds
243.534: [GC [PSYoungGen: 100080K->7728K(107520K)] 327906K->235610K(352768K), 0.0032790 secs] [Times: user=0.02 sys=0.00, real=0.01 secs] 
243.537: Total time for which application threads were stopped: 0.0034420 seconds, Stopping threads took: 0.0000530 seconds
243.562: Application time: 0.0248390 seconds
243.562: [GC [PSYoungGen: 99888K->7904K(107520K)] 327770K->235858K(352768K), 0.0032520 secs] [Times: user=0.02 sys=0.00, real=0.00 secs] 
243.565: Total time for which application threads were stopped: 0.0034260 seconds, Stopping threads took: 0.0000690 seconds
243.591: Application time: 0.0254030 seconds
243.591: [GC [PSYoungGen: 100064K->9376K(107520K)] 328018K->237419K(352768K), 0.0040780 secs] [Times: user=0.03 sys=0.00, real=0.00 secs] 
243.595: Total time for which application threads were stopped: 0.0042730 seconds, Stopping threads took: 0.0000880 seconds
243.626: Application time: 0.0313640 seconds
243.627: [GC [PSYoungGen: 101536K->9552K(107520K)] 329579K->237595K(352768K), 0.0038060 secs] [Times: user=0.03 sys=0.00, real=0.01 secs] 
243.630: Total time for which application threads were stopped: 0.0039850 seconds, Stopping threads took: 0.0000730 seconds
243.660: Application time: 0.0293100 seconds
243.660: [GC [PSYoungGen: 101712K->9856K(107520K)] 329755K->237899K(352768K), 0.0040410 secs] [Times: user=0.03 sys=0.00, real=0.00 secs] 
243.664: Total time for which application threads were stopped: 0.0042610 seconds, Stopping threads took: 0.0001160 seconds
243.701: Application time: 0.0369720 seconds
243.701: [GC [PSYoungGen: 102016K->11616K(107520K)] 330059K->239659K(352768K), 0.0047290 secs] [Times: user=0.03 sys=0.00, real=0.00 secs] 
243.706: Total time for which application threads were stopped: 0.0049090 seconds, Stopping threads took: 0.0000740 seconds
243.740: Application time: 0.0339370 seconds
243.740: [GC [PSYoungGen: 103776K->7456K(107520K)] 331819K->235547K(352768K), 0.0031780 secs] [Times: user=0.03 sys=0.00, real=0.00 secs] 
243.743: Total time for which application threads were stopped: 0.0033780 seconds, Stopping threads took: 0.0000950 seconds
243.777: Application time: 0.0335700 seconds
243.777: [GC [PSYoungGen: 99616K->7760K(107520K)] 327707K->235851K(352768K), 0.0032800 secs] [Times: user=0.03 sys=0.00, real=0.00 secs] 
243.780: Total time for which application threads were stopped: 0.0035000 seconds, Stopping threads took: 0.0001050 seconds
243.807: Application time: 0.0264840 seconds
243.807: [GC [PSYoungGen: 99920K->7680K(107520K)] 328011K->235771K(352768K), 0.0035650 secs] [Times: user=0.02 sys=0.00, real=0.01 secs] 
243.811: Total time for which application threads were stopped: 0.0037670 seconds, Stopping threads took: 0.0000800 seconds
243.834: Application time: 0.0238810 seconds
243.835: [GC [PSYoungGen: 99840K->8192K(107520K)] 327931K->236283K(352768K), 0.0032780 secs] [Times: user=0.03 sys=0.00, real=0.01 secs] 
243.838: Total time for which application threads were stopped: 0.0035310 seconds, Stopping threads took: 0.0001490 seconds
243.869: Application time: 0.0305560 seconds
243.869: [GC [PSYoungGen: 100352K->10768K(107520K)] 328443K->238859K(352768K), 0.0045270 secs] [Times: user=0.03 sys=0.00, real=0.00 secs] 
243.873: Total time for which application threads were stopped: 0.0047030 seconds, Stopping threads took: 0.0000690 seconds
243.903: Application time: 0.0292990 seconds
243.903: [GC [PSYoungGen: 102928K->10864K(107520K)] 331019K->238955K(352768K), 0.0043390 secs] [Times: user=0.03 sys=0.00, real=0.00 secs] 
243.907: Total time for which application threads were stopped: 0.0045500 seconds, Stopping threads took: 0.0001070 seconds
243.940: Application time: 0.0333610 seconds
243.941: [GC [PSYoungGen: 103024K->8032K(107520K)] 331115K->236123K(352768K), 0.0033370 secs] [Times: user=0.03 sys=0.00, real=0.00 secs] 
243.944: Total time for which application threads were stopped: 0.0035010 seconds, Stopping threads took: 0.0000600 seconds
243.983: Application time: 0.0387760 seconds
243.983: [GC [PSYoungGen: 100192K->7920K(107520K)] 328283K->236011K(352768K), 0.0032430 secs] [Times: user=0.02 sys=0.00, real=0.00 secs] 
243.986: Total time for which application threads were stopped: 0.0034450 seconds, Stopping threads took: 0.0000970 seconds
244.017: Application time: 0.0307390 seconds
244.017: [GC [PSYoungGen: 100080K->7760K(107520K)] 328171K->235851K(352768K), 0.0034010 secs] [Times: user=0.03 sys=0.00, real=0.00 secs] 
244.020: Total time for which application threads were stopped: 0.0035830 seconds, Stopping threads took: 0.0000780 seconds
244.052: Application time: 0.0315730 seconds
244.052: [GC [PSYoungGen: 99920K->7968K(107520K)] 328011K->236059K(352768K), 0.0035310 secs] [Times: user=0.02 sys=0.01, real=0.00 secs] 
244.056: Total time for which application threads were stopped: 0.0037350 seconds, Stopping threads took: 0.0000980 seconds
244.079: Application time: 0.0234630 seconds
244.079: [GC [PSYoungGen: 100128K->8128K(107520K)] 328219K->236219K(352768K), 0.0035590 secs] [Times: user=0.02 sys=0.00, real=0.00 secs] 
244.083: Total time for which application threads were stopped: 0.0037620 seconds, Stopping threads took: 0.0000980 seconds
244.109: Application time: 0.0262500 seconds
244.109: [GC [PSYoungGen: 100288K->11296K(107520K)] 328379K->239387K(352768K), 0.0045520 secs] [Times: user=0.03 sys=0.00, real=0.00 secs] 
244.114: Total time for which application threads were stopped: 0.0047400 seconds, Stopping threads took: 0.0000840 seconds
244.146: Application time: 0.0319990 seconds
244.146: [GC [PSYoungGen: 103456K->8704K(107520K)] 331547K->236795K(352768K), 0.0035000 secs] [Times: user=0.02 sys=0.00, real=0.01 secs] 
244.150: Total time for which application threads were stopped: 0.0037030 seconds, Stopping threads took: 0.0000970 seconds
244.179: Application time: 0.0288850 seconds
244.179: [GC [PSYoungGen: 100864K->8352K(107520K)] 328955K->236443K(352768K), 0.0033870 secs] [Times: user=0.02 sys=0.00, real=0.00 secs] 
244.182: Total time for which application threads were stopped: 0.0035660 seconds, Stopping threads took: 0.0000760 seconds
244.222: Application time: 0.0397270 seconds
244.222: [GC [PSYoungGen: 100512K->8224K(107520K)] 328603K->236315K(352768K), 0.0034140 secs] [Times: user=0.02 sys=0.00, real=0.00 secs] 
244.226: Total time for which application threads were stopped: 0.0036530 seconds, Stopping threads took: 0.0001280 seconds
244.256: Application time: 0.0306940 seconds
244.256: [GC [PSYoungGen: 100384K->7568K(107520K)] 328475K->235659K(352768K), 0.0033020 secs] [Times: user=0.02 sys=0.00, real=0.00 secs] 
244.260: Total time for which application threads were stopped: 0.0035040 seconds, Stopping threads took: 0.0000980 seconds
244.295: Application time: 0.0347790 seconds
244.295: [GC [PSYoungGen: 99728K->7792K(107520K)] 327819K->236003K(352768K), 0.0033310 secs] [Times: user=0.02 sys=0.00, real=0.01 secs] 
244.298: Total time for which application threads were stopped: 0.0035070 seconds, Stopping threads took: 0.0000710 seconds
244.322: Application time: 0.0242210 seconds
244.322: [GC [PSYoungGen: 99952K->7936K(107520K)] 328163K->236231K(352768K), 0.0033930 secs] [Times: user=0.03 sys=0.00, real=0.00 secs] 
244.326: Total time for which application threads were stopped: 0.0036310 seconds, Stopping threads took: 0.0001130 seconds
244.351: Application time: 0.0251030 seconds
244.351: [GC [PSYoungGen: 100096K->7600K(107520K)] 328391K->235895K(352768K), 0.0034610 secs] [Times: user=0.02 sys=0.00, real=0.00 secs] 
244.355: Total time for which application threads were stopped: 0.0036400 seconds, Stopping threads took: 0.0000740 seconds
244.387: Application time: 0.0324620 seconds
244.387: [GC [PSYoungGen: 99760K->10336K(107520K)] 328055K->238719K(352768K), 0.0042070 secs] [Times: user=0.03 sys=0.00, real=0.01 secs] 
244.392: Total time for which application threads were stopped: 0.0043840 seconds, Stopping threads took: 0.0000700 seconds
244.417: Application time: 0.0258260 seconds
244.417: [GC [PSYoungGen: 102496K->9472K(107520K)] 330879K->237863K(352768K), 0.0040230 secs] [Times: user=0.02 sys=0.00, real=0.00 secs] 
244.422: Total time for which application threads were stopped: 0.0042110 seconds, Stopping threads took: 0.0000810 seconds
244.459: Application time: 0.0374370 seconds
244.459: [GC [PSYoungGen: 101632K->10784K(107520K)] 330023K->239175K(352768K), 0.0044200 secs] [Times: user=0.03 sys=0.00, real=0.00 secs] 
244.464: Total time for which application threads were stopped: 0.0046450 seconds, Stopping threads took: 0.0001140 seconds
244.500: Application time: 0.0365370 seconds
244.505: [GC [PSYoungGen: 102944K->7792K(107520K)] 331335K->236183K(352768K), 0.0033090 secs] [Times: user=0.03 sys=0.00, real=0.00 secs] 
244.508: Total time for which application threads were stopped: 0.0076710 seconds, Stopping threads took: 0.0042370 seconds
244.541: Application time: 0.0328120 seconds
244.541: [GC [PSYoungGen: 99952K->7776K(107520K)] 328343K->236215K(352768K), 0.0033980 secs] [Times: user=0.02 sys=0.00, real=0.00 secs] 
244.544: Total time for which application threads were stopped: 0.0036090 seconds, Stopping threads took: 0.0001100 seconds
244.573: Application time: 0.0292300 seconds
244.574: [GC [PSYoungGen: 99936K->7808K(107520K)] 328375K->236247K(352768K), 0.0035210 secs] [Times: user=0.02 sys=0.00, real=0.01 secs] 
244.577: Total time for which application threads were stopped: 0.0037490 seconds, Stopping threads took: 0.0001210 seconds
244.600: Application time: 0.0228090 seconds
244.600: [GC [PSYoungGen: 99968K->7920K(107520K)] 328407K->236359K(352768K), 0.0032560 secs] [Times: user=0.02 sys=0.00, real=0.00 secs] 
244.604: Total time for which application threads were stopped: 0.0034590 seconds, Stopping threads took: 0.0000990 seconds
244.633: Application time: 0.0296170 seconds
244.633: [GC [PSYoungGen: 100080K->13744K(107520K)] 328519K->242183K(352768K), 0.0056000 secs] [Times: user=0.05 sys=0.00, real=0.01 secs] 
244.639: Total time for which application threads were stopped: 0.0057940 seconds, Stopping threads took: 0.0000860 seconds
244.669: Application time: 0.0299510 seconds
244.669: [GC [PSYoungGen: 105904K->7872K(107520K)] 334343K->236311K(352768K), 0.0032600 secs] [Times: user=0.03 sys=0.00, real=0.00 secs] 
244.672: Total time for which application threads were stopped: 0.0034620 seconds, Stopping threads took: 0.0000950 seconds
244.702: Application time: 0.0300350 seconds
244.703: [GC [PSYoungGen: 100032K->8496K(107520K)] 328471K->236935K(352768K), 0.0034340 secs] [Times: user=0.02 sys=0.00, real=0.00 secs] 
244.706: Total time for which application threads were stopped: 0.0036290 seconds, Stopping threads took: 0.0000900 seconds
244.746: Application time: 0.0403220 seconds
244.747: [GC [PSYoungGen: 100656K->8256K(107520K)] 329095K->236695K(352768K), 0.0034430 secs] [Times: user=0.02 sys=0.00, real=0.01 secs] 
244.750: Total time for which application threads were stopped: 0.0036380 seconds, Stopping threads took: 0.0000900 seconds
244.779: Application time: 0.0294330 seconds
244.780: [GC [PSYoungGen: 100416K->7824K(107520K)] 328855K->236263K(352768K), 0.0036140 secs] [Times: user=0.02 sys=0.00, real=0.00 secs] 
244.783: Total time for which application threads were stopped: 0.0038130 seconds, Stopping threads took: 0.0000850 seconds
244.818: Application time: 0.0346270 seconds
244.818: [GC [PSYoungGen: 99984K->7984K(107520K)] 328423K->236423K(352768K), 0.0033890 secs] [Times: user=0.02 sys=0.00, real=0.00 secs] 
244.821: Total time for which application threads were stopped: 0.0035840 seconds, Stopping threads took: 0.0000910 seconds
244.844: Application time: 0.0229760 seconds
244.845: [GC [PSYoungGen: 100144K->7744K(107520K)] 328583K->236183K(352768K), 0.0032100 secs] [Times: user=0.02 sys=0.00, real=0.00 secs] 
244.848: Total time for which application threads were stopped: 0.0034140 seconds, Stopping threads took: 0.0000800 seconds
244.875: Application time: 0.0266950 seconds
244.875: [GC [PSYoungGen: 99904K->7824K(107520K)] 328343K->236263K(352768K), 0.0032550 secs] [Times: user=0.02 sys=0.00, real=0.01 secs] 
244.878: Total time for which application threads were stopped: 0.0034510 seconds, Stopping threads took: 0.0000920 seconds
244.909: Application time: 0.0313320 seconds
244.909: [GC [PSYoungGen: 99984K->8704K(107520K)] 328423K->237143K(352768K), 0.0034930 secs] [Times: user=0.03 sys=0.00, real=0.00 secs] 
244.913: Total time for which application threads were stopped: 0.0036850 seconds, Stopping threads took: 0.0000850 seconds
244.939: Application time: 0.0258260 seconds
244.939: [GC [PSYoungGen: 100862K->9440K(107520K)] 329301K->237879K(352768K), 0.0039340 secs] [Times: user=0.03 sys=0.00, real=0.00 secs] 
244.943: Total time for which application threads were stopped: 0.0041260 seconds, Stopping threads took: 0.0000830 seconds
244.982: Application time: 0.0387980 seconds
244.982: [GC [PSYoungGen: 101600K->10064K(107520K)] 330039K->238503K(352768K), 0.0041810 secs] [Times: user=0.03 sys=0.00, real=0.00 secs] 
244.986: Total time for which application threads were stopped: 0.0043690 seconds, Stopping threads took: 0.0000830 seconds
245.020: Application time: 0.0340550 seconds
245.020: [GC [PSYoungGen: 102224K->7984K(107520K)] 330663K->236423K(352768K), 0.0032870 secs] [Times: user=0.02 sys=0.00, real=0.00 secs] 
245.024: Total time for which application threads were stopped: 0.0035120 seconds, Stopping threads took: 0.0001190 seconds
245.058: Application time: 0.0345550 seconds
245.058: [GC [PSYoungGen: 100144K->7776K(107520K)] 328583K->236339K(352768K), 0.0033930 secs] [Times: user=0.03 sys=0.00, real=0.00 secs] 
245.062: Total time for which application threads were stopped: 0.0035800 seconds, Stopping threads took: 0.0000830 seconds
245.088: Application time: 0.0266230 seconds
245.092: [GC [PSYoungGen: 99936K->7856K(107520K)] 328499K->236459K(352768K), 0.0032570 secs] [Times: user=0.02 sys=0.00, real=0.00 secs] 
245.096: Total time for which application threads were stopped: 0.0072120 seconds, Stopping threads took: 0.0038450 seconds
245.119: Application time: 0.0235990 seconds
245.119: [GC [PSYoungGen: 100016K->8160K(107520K)] 328619K->236803K(352768K), 0.0034730 secs] [Times: user=0.03 sys=0.00, real=0.00 secs] 
245.123: Total time for which application threads were stopped: 0.0036630 seconds, Stopping threads took: 0.0000830 seconds
245.154: Application time: 0.0311230 seconds
245.154: [GC [PSYoungGen: 100320K->11904K(107520K)] 328963K->240627K(352768K), 0.0047210 secs] [Times: user=0.03 sys=0.00, real=0.01 secs] 
245.159: Total time for which application threads were stopped: 0.0049030 seconds, Stopping threads took: 0.0000790 seconds
245.186: Application time: 0.0274040 seconds
245.187: [GC [PSYoungGen: 104064K->7488K(107520K)] 332787K->236211K(352768K), 0.0031160 secs] [Times: user=0.02 sys=0.00, real=0.01 secs] 
245.190: Total time for which application threads were stopped: 0.0033020 seconds, Stopping threads took: 0.0000810 seconds
245.224: Application time: 0.0345470 seconds
245.224: [GC [PSYoungGen: 99648K->9216K(107520K)] 328371K->237939K(352768K), 0.0037650 secs] [Times: user=0.03 sys=0.00, real=0.00 secs] 
245.228: Total time for which application threads were stopped: 0.0039610 seconds, Stopping threads took: 0.0000910 seconds
245.267: Application time: 0.0385390 seconds
245.267: [GC [PSYoungGen: 101376K->7696K(107520K)] 330099K->236419K(352768K), 0.0035380 secs] [Times: user=0.03 sys=0.00, real=0.01 secs] 
245.270: Total time for which application threads were stopped: 0.0037190 seconds, Stopping threads took: 0.0000760 seconds
245.301: Application time: 0.0303360 seconds
245.301: [GC [PSYoungGen: 99856K->7520K(107520K)] 328579K->236291K(352768K), 0.0035170 secs] [Times: user=0.02 sys=0.00, real=0.00 secs] 
245.305: Total time for which application threads were stopped: 0.0037000 seconds, Stopping threads took: 0.0000800 seconds
245.337: Application time: 0.0329730 seconds
245.338: [GC [PSYoungGen: 99680K->7824K(107520K)] 328451K->236595K(352768K), 0.0034310 secs] [Times: user=0.02 sys=0.00, real=0.00 secs] 
245.341: Total time for which application threads were stopped: 0.0036310 seconds, Stopping threads took: 0.0000930 seconds
245.364: Application time: 0.0224130 seconds
245.364: [GC [PSYoungGen: 99983K->7936K(107520K)] 328755K->236707K(352768K), 0.0033570 secs] [Times: user=0.02 sys=0.00, real=0.00 secs] 
245.367: Total time for which application threads were stopped: 0.0035670 seconds, Stopping threads took: 0.0000800 seconds
245.396: Application time: 0.0287960 seconds
245.396: [GC [PSYoungGen: 100096K->11232K(107520K)] 328867K->240003K(352768K), 0.0045470 secs] [Times: user=0.04 sys=0.01, real=0.01 secs] 
245.401: Total time for which application threads were stopped: 0.0047290 seconds, Stopping threads took: 0.0000750 seconds
245.431: Application time: 0.0305630 seconds
245.431: [GC [PSYoungGen: 103392K->8032K(107520K)] 332163K->236803K(352768K), 0.0035780 secs] [Times: user=0.02 sys=0.00, real=0.00 secs] 
245.435: Total time for which application threads were stopped: 0.0037520 seconds, Stopping threads took: 0.0000690 seconds
245.462: Application time: 0.0270370 seconds
245.464: [GC [PSYoungGen: 100192K->9568K(107520K)] 328963K->238339K(352768K), 0.0038990 secs] [Times: user=0.01 sys=0.01, real=0.01 secs] 
245.468: Total time for which application threads were stopped: 0.0063180 seconds, Stopping threads took: 0.0023020 seconds
245.508: Application time: 0.0396770 seconds
245.508: [GC [PSYoungGen: 101728K->9840K(107520K)] 330499K->238611K(352768K), 0.0040380 secs] [Times: user=0.02 sys=0.00, real=0.01 secs] 
245.512: Total time for which application threads were stopped: 0.0042550 seconds, Stopping threads took: 0.0001090 seconds
245.545: Application time: 0.0327830 seconds
245.545: [GC [PSYoungGen: 102000K->7936K(107520K)] 330771K->236707K(352768K), 0.0034800 secs] [Times: user=0.02 sys=0.00, real=0.01 secs] 
245.549: Total time for which application threads were stopped: 0.0036850 seconds, Stopping threads took: 0.0000930 seconds
245.583: Application time: 0.0341960 seconds
245.583: [GC [PSYoungGen: 100096K->8064K(107520K)] 328867K->236835K(352768K), 0.0036230 secs] [Times: user=0.02 sys=0.00, real=0.00 secs] 
245.587: Total time for which application threads were stopped: 0.0038370 seconds, Stopping threads took: 0.0001080 seconds
245.612: Application time: 0.0250920 seconds
245.612: [GC [PSYoungGen: 100224K->8000K(107520K)] 328995K->236771K(352768K), 0.0034200 secs] [Times: user=0.03 sys=0.00, real=0.00 secs] 
245.615: Total time for which application threads were stopped: 0.0036170 seconds, Stopping threads took: 0.0000910 seconds
245.641: Application time: 0.0259680 seconds
245.644: [GC [PSYoungGen: 100160K->7856K(107520K)] 328931K->236627K(352768K), 0.0036300 secs] [Times: user=0.02 sys=0.00, real=0.00 secs] 
245.648: Total time for which application threads were stopped: 0.0066110 seconds, Stopping threads took: 0.0028750 seconds
245.679: Application time: 0.0307370 seconds
245.679: [GC [PSYoungGen: 100016K->11952K(107520K)] 328787K->240723K(352768K), 0.0048580 secs] [Times: user=0.03 sys=0.00, real=0.00 secs] 
245.684: Total time for which application threads were stopped: 0.0050620 seconds, Stopping threads took: 0.0000990 seconds
245.711: Application time: 0.0270770 seconds
245.711: [GC [PSYoungGen: 104112K->8224K(107520K)] 332883K->236995K(352768K), 0.0034250 secs] [Times: user=0.02 sys=0.00, real=0.00 secs] 
245.715: Total time for which application threads were stopped: 0.0036260 seconds, Stopping threads took: 0.0000940 seconds
245.750: Application time: 0.0356190 seconds
245.750: [GC [PSYoungGen: 100384K->10160K(107520K)] 329155K->238931K(352768K), 0.0041820 secs] [Times: user=0.03 sys=0.00, real=0.00 secs] 
245.755: Total time for which application threads were stopped: 0.0043660 seconds, Stopping threads took: 0.0000770 seconds
245.790: Application time: 0.0358950 seconds
245.791: [GC [PSYoungGen: 102320K->8080K(107520K)] 331091K->236851K(352768K), 0.0035920 secs] [Times: user=0.02 sys=0.00, real=0.00 secs] 
245.794: Total time for which application threads were stopped: 0.0037700 seconds, Stopping threads took: 0.0000710 seconds
245.827: Application time: 0.0326630 seconds
245.827: [GC [PSYoungGen: 100240K->7744K(107520K)] 329011K->236635K(352768K), 0.0033770 secs] [Times: user=0.02 sys=0.00, real=0.01 secs] 
245.831: Total time for which application threads were stopped: 0.0035880 seconds, Stopping threads took: 0.0001050 seconds
245.860: Application time: 0.0299540 seconds
245.861: [GC [PSYoungGen: 99904K->7760K(107520K)] 328795K->236651K(352768K), 0.0032260 secs] [Times: user=0.02 sys=0.00, real=0.00 secs] 
245.864: Total time for which application threads were stopped: 0.0033920 seconds, Stopping threads took: 0.0000620 seconds
245.887: Application time: 0.0230220 seconds
245.887: [GC [PSYoungGen: 99920K->7808K(107520K)] 328811K->236791K(352768K), 0.0032280 secs] [Times: user=0.02 sys=0.00, real=0.01 secs] 
245.890: Total time for which application threads were stopped: 0.0034570 seconds, Stopping threads took: 0.0001000 seconds
245.923: Application time: 0.0331100 seconds
245.924: [GC [PSYoungGen: 99968K->8704K(107520K)] 328951K->237775K(352768K), 0.0034790 secs] [Times: user=0.02 sys=0.00, real=0.00 secs] 
245.927: Total time for which application threads were stopped: 0.0036930 seconds, Stopping threads took: 0.0001080 seconds
245.953: Application time: 0.0258150 seconds
245.953: [GC [PSYoungGen: 100864K->8256K(107520K)] 329935K->237327K(352768K), 0.0036320 secs] [Times: user=0.02 sys=0.00, real=0.01 secs] 
245.957: Total time for which application threads were stopped: 0.0038270 seconds, Stopping threads took: 0.0000880 seconds
245.987: Application time: 0.0304180 seconds
245.987: [GC [PSYoungGen: 100416K->9808K(107520K)] 329487K->238879K(352768K), 0.0040810 secs] [Times: user=0.03 sys=0.00, real=0.01 secs] 
245.991: Total time for which application threads were stopped: 0.0042710 seconds, Stopping threads took: 0.0000810 seconds
246.030: Application time: 0.0386870 seconds
246.030: [GC [PSYoungGen: 101968K->9440K(107520K)] 331039K->238511K(352768K), 0.0039110 secs] [Times: user=0.03 sys=0.00, real=0.00 secs] 
246.034: Total time for which application threads were stopped: 0.0041170 seconds, Stopping threads took: 0.0001010 seconds
246.067: Application time: 0.0323800 seconds
246.067: [GC [PSYoungGen: 101600K->7680K(107520K)] 330671K->236759K(352768K), 0.0036140 secs] [Times: user=0.02 sys=0.00, real=0.01 secs] 
246.070: Total time for which application threads were stopped: 0.0038250 seconds, Stopping threads took: 0.0001050 seconds
246.105: Application time: 0.0341920 seconds
246.105: [GC [PSYoungGen: 99840K->7712K(107520K)] 328919K->236839K(352768K), 0.0033270 secs] [Times: user=0.03 sys=0.00, real=0.00 secs] 
246.108: Total time for which application threads were stopped: 0.0035190 seconds, Stopping threads took: 0.0000880 seconds
246.132: Application time: 0.0240220 seconds
246.136: [GC [PSYoungGen: 99872K->7696K(107520K)] 328999K->236823K(352768K), 0.0032240 secs] [Times: user=0.03 sys=0.00, real=0.00 secs] 
246.140: Total time for which application threads were stopped: 0.0074510 seconds, Stopping threads took: 0.0041200 seconds
246.166: Application time: 0.0263380 seconds
246.166: [GC [PSYoungGen: 99856K->11424K(107520K)] 328983K->240551K(352768K), 0.0047240 secs] [Times: user=0.03 sys=0.00, real=0.01 secs] 
246.171: Total time for which application threads were stopped: 0.0049180 seconds, Stopping threads took: 0.0000760 seconds
246.202: Application time: 0.0311960 seconds
246.202: [GC [PSYoungGen: 103584K->8832K(107520K)] 332711K->237959K(352768K), 0.0034720 secs] [Times: user=0.03 sys=0.00, real=0.00 secs] 
246.206: Total time for which application threads were stopped: 0.0036990 seconds, Stopping threads took: 0.0001130 seconds
246.234: Application time: 0.0277780 seconds
246.234: [GC [PSYoungGen: 100992K->9184K(107520K)] 330119K->238311K(352768K), 0.0036810 secs] [Times: user=0.02 sys=0.00, real=0.01 secs] 
246.238: Total time for which application threads were stopped: 0.0038700 seconds, Stopping threads took: 0.0000820 seconds
246.275: Application time: 0.0371970 seconds
246.275: [GC [PSYoungGen: 101344K->8480K(107520K)] 330471K->237607K(352768K), 0.0035120 secs] [Times: user=0.02 sys=0.00, real=0.01 secs] 
246.278: Total time for which application threads were stopped: 0.0037110 seconds, Stopping threads took: 0.0000940 seconds
246.312: Application time: 0.0340530 seconds
246.313: [GC [PSYoungGen: 100640K->7664K(107520K)] 329767K->236791K(352768K), 0.0033440 secs] [Times: user=0.02 sys=0.00, real=0.00 secs] 
246.316: Total time for which application threads were stopped: 0.0035170 seconds, Stopping threads took: 0.0000700 seconds
246.350: Application time: 0.0341490 seconds
246.350: [GC [PSYoungGen: 99824K->7872K(107520K)] 328951K->236999K(352768K), 0.0033510 secs] [Times: user=0.03 sys=0.00, real=0.00 secs] 
246.354: Total time for which application threads were stopped: 0.0035500 seconds, Stopping threads took: 0.0000940 seconds
246.381: Application time: 0.0270040 seconds
246.381: [GC [PSYoungGen: 100032K->7952K(107520K)] 329159K->237079K(352768K), 0.0035170 secs] [Times: user=0.02 sys=0.00, real=0.00 secs] 
246.384: Total time for which application threads were stopped: 0.0036930 seconds, Stopping threads took: 0.0000710 seconds
246.409: Application time: 0.0246820 seconds
246.409: [GC [PSYoungGen: 100112K->7936K(107520K)] 329239K->237063K(352768K), 0.0033070 secs] [Times: user=0.02 sys=0.00, real=0.00 secs] 
246.413: Total time for which application threads were stopped: 0.0035120 seconds, Stopping threads took: 0.0000800 seconds
246.445: Application time: 0.0327910 seconds
246.446: [GC [PSYoungGen: 100096K->11104K(107520K)] 329223K->240231K(352768K), 0.0044740 secs] [Times: user=0.04 sys=0.00, real=0.01 secs] 
246.450: Total time for which application threads were stopped: 0.0046670 seconds, Stopping threads took: 0.0000890 seconds
246.476: Application time: 0.0262600 seconds
246.476: [GC [PSYoungGen: 103264K->7968K(107520K)] 332391K->237095K(352768K), 0.0033200 secs] [Times: user=0.02 sys=0.00, real=0.00 secs] 
246.480: Total time for which application threads were stopped: 0.0035290 seconds, Stopping threads took: 0.0001050 seconds
246.513: Application time: 0.0332110 seconds
246.513: [GC [PSYoungGen: 100128K->9616K(107520K)] 329255K->238743K(352768K), 0.0040140 secs] [Times: user=0.02 sys=0.00, real=0.01 secs] 
246.517: Total time for which application threads were stopped: 0.0042150 seconds, Stopping threads took: 0.0000960 seconds
246.554: Application time: 0.0364430 seconds
246.554: [GC [PSYoungGen: 101776K->9744K(107520K)] 330903K->238871K(352768K), 0.0040410 secs] [Times: user=0.02 sys=0.00, real=0.01 secs] 
246.558: Total time for which application threads were stopped: 0.0042220 seconds, Stopping threads took: 0.0000760 seconds
246.590: Application time: 0.0317330 seconds
246.590: [GC [PSYoungGen: 101904K->7824K(107520K)] 331031K->237047K(352768K), 0.0035550 secs] [Times: user=0.02 sys=0.00, real=0.00 secs] 
246.593: Total time for which application threads were stopped: 0.0037410 seconds, Stopping threads took: 0.0000820 seconds
246.626: Application time: 0.0326570 seconds
246.626: [GC [PSYoungGen: 99984K->7936K(107520K)] 329207K->237215K(352768K), 0.0034690 secs] [Times: user=0.02 sys=0.00, real=0.01 secs] 
246.630: Total time for which application threads were stopped: 0.0036870 seconds, Stopping threads took: 0.0001060 seconds
246.653: Application time: 0.0236400 seconds
246.656: [GC [PSYoungGen: 100096K->7888K(107520K)] 329375K->237252K(352768K), 0.0034060 secs] [Times: user=0.02 sys=0.00, real=0.00 secs] 
246.660: Total time for which application threads were stopped: 0.0064820 seconds, Stopping threads took: 0.0029730 seconds
246.690: Application time: 0.0301710 seconds
246.690: [GC [PSYoungGen: 100048K->8624K(107520K)] 329412K->238036K(352768K), 0.0034850 secs] [Times: user=0.02 sys=0.00, real=0.00 secs] 
246.694: Total time for which application threads were stopped: 0.0036780 seconds, Stopping threads took: 0.0000870 seconds
246.722: Application time: 0.0285000 seconds
246.722: [GC [PSYoungGen: 100784K->8480K(107520K)] 330196K->237948K(352768K), 0.0034270 secs] [Times: user=0.02 sys=0.00, real=0.00 secs] 
246.726: Total time for which application threads were stopped: 0.0036550 seconds, Stopping threads took: 0.0001240 seconds
246.756: Application time: 0.0299000 seconds
246.756: [GC [PSYoungGen: 100640K->9440K(107520K)] 330108K->238916K(352768K), 0.0038380 secs] [Times: user=0.03 sys=0.00, real=0.01 secs] 
246.760: Total time for which application threads were stopped: 0.0040070 seconds, Stopping threads took: 0.0000620 seconds
246.796: Application time: 0.0359900 seconds
246.796: [GC [PSYoungGen: 101600K->8112K(107520K)] 331076K->237588K(352768K), 0.0032880 secs] [Times: user=0.03 sys=0.00, real=0.01 secs] 
246.799: Total time for which application threads were stopped: 0.0034640 seconds, Stopping threads took: 0.0000710 seconds
246.833: Application time: 0.0333010 seconds
246.833: [GC [PSYoungGen: 100272K->7680K(107520K)] 329748K->237156K(352768K), 0.0033070 secs] [Times: user=0.03 sys=0.00, real=0.00 secs] 
246.836: Total time for which application threads were stopped: 0.0035140 seconds, Stopping threads took: 0.0001020 seconds
246.869: Application time: 0.0329280 seconds
246.869: [GC [PSYoungGen: 99840K->7856K(107520K)] 329316K->237388K(352768K), 0.0034350 secs] [Times: user=0.02 sys=0.00, real=0.00 secs] 
246.873: Total time for which application threads were stopped: 0.0036150 seconds, Stopping threads took: 0.0000740 seconds
246.899: Application time: 0.0267490 seconds
246.900: [GC [PSYoungGen: 100016K->7888K(107520K)] 329548K->237420K(352768K), 0.0033740 secs] [Times: user=0.02 sys=0.00, real=0.00 secs] 
246.903: Total time for which application threads were stopped: 0.0035380 seconds, Stopping threads took: 0.0000590 seconds
246.930: Application time: 0.0268880 seconds
246.930: [GC [PSYoungGen: 100048K->11536K(107520K)] 329580K->241068K(352768K), 0.0048670 secs] [Times: user=0.03 sys=0.00, real=0.00 secs] 
246.935: Total time for which application threads were stopped: 0.0050870 seconds, Stopping threads took: 0.0000960 seconds
246.965: Application time: 0.0300150 seconds
246.965: [GC [PSYoungGen: 103696K->8416K(107520K)] 333228K->237948K(352768K), 0.0033860 secs] [Times: user=0.02 sys=0.00, real=0.01 secs] 
246.969: Total time for which application threads were stopped: 0.0035680 seconds, Stopping threads took: 0.0000770 seconds
246.997: Application time: 0.0289500 seconds
246.998: [GC [PSYoungGen: 100576K->9072K(107520K)] 330108K->238604K(352768K), 0.0037040 secs] [Times: user=0.03 sys=0.00, real=0.00 secs] 
247.001: Total time for which application threads were stopped: 0.0038910 seconds, Stopping threads took: 0.0000810 seconds
247.034: Application time: 0.0330680 seconds
247.035: [GC [PSYoungGen: 101232K->10176K(107520K)] 330764K->239708K(352768K), 0.0041270 secs] [Times: user=0.03 sys=0.00, real=0.01 secs] 
247.039: Total time for which application threads were stopped: 0.0043040 seconds, Stopping threads took: 0.0000700 seconds
247.073: Application time: 0.0343090 seconds
247.073: [GC [PSYoungGen: 102336K->9616K(107520K)] 331868K->239148K(352768K), 0.0039070 secs] [Times: user=0.03 sys=0.00, real=0.01 secs] 
247.077: Total time for which application threads were stopped: 0.0040830 seconds, Stopping threads took: 0.0000680 seconds
247.112: Application time: 0.0350860 seconds
247.112: [GC [PSYoungGen: 101776K->7664K(107520K)] 331308K->237196K(352768K), 0.0032370 secs] [Times: user=0.02 sys=0.00, real=0.00 secs] 
247.116: Total time for which application threads were stopped: 0.0034490 seconds, Stopping threads took: 0.0001100 seconds
247.143: Application time: 0.0272650 seconds
247.143: [GC [PSYoungGen: 99824K->7888K(107520K)] 329356K->237420K(352768K), 0.0032970 secs] [Times: user=0.02 sys=0.00, real=0.00 secs] 
247.146: Total time for which application threads were stopped: 0.0034740 seconds, Stopping threads took: 0.0000710 seconds
247.174: Application time: 0.0271880 seconds
247.174: [GC [PSYoungGen: 100048K->7920K(107520K)] 329580K->237452K(352768K), 0.0033190 secs] [Times: user=0.02 sys=0.00, real=0.01 secs] 
247.177: Total time for which application threads were stopped: 0.0035220 seconds, Stopping threads took: 0.0000980 seconds
247.208: Application time: 0.0307930 seconds
247.208: [GC [PSYoungGen: 100080K->9760K(107520K)] 329612K->239292K(352768K), 0.0041390 secs] [Times: user=0.03 sys=0.00, real=0.01 secs] 
247.212: Total time for which application threads were stopped: 0.0043380 seconds, Stopping threads took: 0.0000930 seconds
247.239: Application time: 0.0268160 seconds
247.239: [GC [PSYoungGen: 101920K->9776K(107520K)] 331452K->239308K(352768K), 0.0040060 secs] [Times: user=0.03 sys=0.00, real=0.00 secs] 
247.243: Total time for which application threads were stopped: 0.0042150 seconds, Stopping threads took: 0.0001010 seconds
247.276: Application time: 0.0322480 seconds
247.276: [GC [PSYoungGen: 101936K->8480K(107520K)] 331468K->238012K(352768K), 0.0034510 secs] [Times: user=0.02 sys=0.00, real=0.01 secs] 
247.279: Total time for which application threads were stopped: 0.0036440 seconds, Stopping threads took: 0.0000900 seconds
247.315: Application time: 0.0358370 seconds
247.315: [GC [PSYoungGen: 100640K->8288K(107520K)] 330172K->237820K(352768K), 0.0033920 secs] [Times: user=0.02 sys=0.00, real=0.01 secs] 
247.319: Total time for which application threads were stopped: 0.0036050 seconds, Stopping threads took: 0.0001060 seconds
247.351: Application time: 0.0325610 seconds
247.352: [GC [PSYoungGen: 100448K->7696K(107520K)] 329980K->237308K(352768K), 0.0034970 secs] [Times: user=0.02 sys=0.00, real=0.00 secs] 
247.356: Total time for which application threads were stopped: 0.0047580 seconds, Stopping threads took: 0.0011570 seconds
247.389: Application time: 0.0330670 seconds
247.389: [GC [PSYoungGen: 99856K->7856K(107520K)] 329468K->237516K(352768K), 0.0033450 secs] [Times: user=0.03 sys=0.00, real=0.00 secs] 
247.393: Total time for which application threads were stopped: 0.0035700 seconds, Stopping threads took: 0.0001170 seconds
247.417: Application time: 0.0242720 seconds
247.417: [GC [PSYoungGen: 100016K->7696K(107520K)] 329676K->237412K(352768K), 0.0035550 secs] [Times: user=0.02 sys=0.00, real=0.00 secs] 
247.421: Total time for which application threads were stopped: 0.0037440 seconds, Stopping threads took: 0.0000850 seconds
247.450: Application time: 0.0295370 seconds
247.450: [GC [PSYoungGen: 99856K->11520K(107520K)] 329572K->241320K(352768K), 0.0047030 secs] [Times: user=0.03 sys=0.00, real=0.00 secs] 
247.455: Total time for which application threads were stopped: 0.0049020 seconds, Stopping threads took: 0.0000720 seconds
247.485: Application time: 0.0299410 seconds
247.485: [GC [PSYoungGen: 103680K->7920K(107520K)] 333480K->237776K(352768K), 0.0035440 secs] [Times: user=0.02 sys=0.00, real=0.01 secs] 
247.489: Total time for which application threads were stopped: 0.0037530 seconds, Stopping threads took: 0.0001070 seconds
247.517: Application time: 0.0279570 seconds
247.517: [GC [PSYoungGen: 100080K->7504K(107520K)] 329936K->237368K(352768K), 0.0031950 secs] [Times: user=0.02 sys=0.00, real=0.00 secs] 
247.520: Total time for which application threads were stopped: 0.0034250 seconds, Stopping threads took: 0.0001260 seconds
247.556: Application time: 0.0354000 seconds
247.556: [GC [PSYoungGen: 99664K->8480K(107520K)] 329528K->238344K(352768K), 0.0034960 secs] [Times: user=0.02 sys=0.00, real=0.01 secs] 
247.559: Total time for which application threads were stopped: 0.0036900 seconds, Stopping threads took: 0.0000890 seconds
247.591: Application time: 0.0318140 seconds
247.591: [GC [PSYoungGen: 100640K->9664K(107520K)] 330504K->239528K(352768K), 0.0041400 secs] [Times: user=0.03 sys=0.00, real=0.00 secs] 
247.595: Total time for which application threads were stopped: 0.0043460 seconds, Stopping threads took: 0.0000990 seconds
247.630: Application time: 0.0349420 seconds
247.630: [GC [PSYoungGen: 101824K->7856K(107520K)] 331688K->237720K(352768K), 0.0033110 secs] [Times: user=0.02 sys=0.00, real=0.00 secs] 
247.634: Total time for which application threads were stopped: 0.0035070 seconds, Stopping threads took: 0.0000900 seconds
247.661: Application time: 0.0272800 seconds
247.661: [GC [PSYoungGen: 100016K->7744K(107520K)] 329880K->237656K(352768K), 0.0032510 secs] [Times: user=0.02 sys=0.00, real=0.00 secs] 
247.665: Total time for which application threads were stopped: 0.0034490 seconds, Stopping threads took: 0.0000940 seconds
247.691: Application time: 0.0266780 seconds
247.691: [GC [PSYoungGen: 99904K->9616K(107520K)] 329816K->239528K(352768K), 0.0041330 secs] [Times: user=0.03 sys=0.00, real=0.00 secs] 
247.696: Total time for which application threads were stopped: 0.0042960 seconds, Stopping threads took: 0.0000520 seconds
247.728: Application time: 0.0322010 seconds
247.728: [GC [PSYoungGen: 101776K->8416K(107520K)] 331688K->238328K(352768K), 0.0034720 secs] [Times: user=0.02 sys=0.00, real=0.01 secs] 
247.731: Total time for which application threads were stopped: 0.0036530 seconds, Stopping threads took: 0.0000770 seconds
247.756: Application time: 0.0242170 seconds
247.756: [GC [PSYoungGen: 100576K->9808K(107520K)] 330488K->239720K(352768K), 0.0039650 secs] [Times: user=0.03 sys=0.00, real=0.01 secs] 
247.760: Total time for which application threads were stopped: 0.0041630 seconds, Stopping threads took: 0.0000910 seconds
247.795: Application time: 0.0348640 seconds
247.795: [GC [PSYoungGen: 101968K->10592K(107520K)] 331880K->240504K(352768K), 0.0042070 secs] [Times: user=0.03 sys=0.00, real=0.01 secs] 
247.799: Total time for which application threads were stopped: 0.0043930 seconds, Stopping threads took: 0.0000770 seconds
247.832: Application time: 0.0333050 seconds
247.833: [GC [PSYoungGen: 102752K->8192K(107520K)] 332664K->238104K(352768K), 0.0033440 secs] [Times: user=0.02 sys=0.00, real=0.00 secs] 
247.836: Total time for which application threads were stopped: 0.0035160 seconds, Stopping threads took: 0.0000670 seconds
247.871: Application time: 0.0350000 seconds
247.871: [GC [PSYoungGen: 100352K->7856K(107520K)] 330264K->237768K(352768K), 0.0033830 secs] [Times: user=0.02 sys=0.00, real=0.00 secs] 
247.874: Total time for which application threads were stopped: 0.0035750 seconds, Stopping threads took: 0.0000900 seconds
247.904: Application time: 0.0300070 seconds
247.905: [GC [PSYoungGen: 100016K->7968K(107520K)] 329928K->237880K(352768K), 0.0034000 secs] [Times: user=0.03 sys=0.00, real=0.00 secs] 
247.908: Total time for which application threads were stopped: 0.0035840 seconds, Stopping threads took: 0.0000790 seconds
247.933: Application time: 0.0248760 seconds
247.933: [GC [PSYoungGen: 100128K->7888K(107520K)] 330040K->237800K(352768K), 0.0032820 secs] [Times: user=0.02 sys=0.00, real=0.01 secs] 
247.936: Total time for which application threads were stopped: 0.0034670 seconds, Stopping threads took: 0.0000780 seconds
247.969: Application time: 0.0323760 seconds
247.969: [GC [PSYoungGen: 100048K->11344K(107520K)] 329960K->241256K(352768K), 0.0046440 secs] [Times: user=0.03 sys=0.00, real=0.00 secs] 
247.974: Total time for which application threads were stopped: 0.0048450 seconds, Stopping threads took: 0.0000780 seconds
248.000: Application time: 0.0260460 seconds
248.000: [GC [PSYoungGen: 103504K->8208K(107520K)] 333416K->238120K(352768K), 0.0033660 secs] [Times: user=0.02 sys=0.00, real=0.00 secs] 
248.003: Total time for which application threads were stopped: 0.0035580 seconds, Stopping threads took: 0.0000790 seconds
248.034: Application time: 0.0308200 seconds
248.034: [GC [PSYoungGen: 100368K->8416K(107520K)] 330280K->238328K(352768K), 0.0034480 secs] [Times: user=0.02 sys=0.00, real=0.01 secs] 
248.038: Total time for which application threads were stopped: 0.0036310 seconds, Stopping threads took: 0.0000780 seconds
248.073: Application time: 0.0351620 seconds
248.073: [GC [PSYoungGen: 100576K->8208K(107520K)] 330488K->238120K(352768K), 0.0034130 secs] [Times: user=0.02 sys=0.00, real=0.01 secs] 
248.076: Total time for which application threads were stopped: 0.0036130 seconds, Stopping threads took: 0.0000970 seconds
248.110: Application time: 0.0331480 seconds
248.110: [GC [PSYoungGen: 100368K->8288K(107520K)] 330280K->238256K(352768K), 0.0034470 secs] [Times: user=0.02 sys=0.00, real=0.00 secs] 
248.113: Total time for which application threads were stopped: 0.0036500 seconds, Stopping threads took: 0.0000970 seconds
248.148: Application time: 0.0348020 seconds
248.148: [GC [PSYoungGen: 100448K->7696K(107520K)] 330416K->237752K(352768K), 0.0034800 secs] [Times: user=0.02 sys=0.00, real=0.01 secs] 
248.152: Total time for which application threads were stopped: 0.0036950 seconds, Stopping threads took: 0.0001070 seconds
248.178: Application time: 0.0259800 seconds
248.178: [GC [PSYoungGen: 99856K->7952K(107520K)] 329912K->238008K(352768K), 0.0036180 secs] [Times: user=0.02 sys=0.00, real=0.00 secs] 
248.182: Total time for which application threads were stopped: 0.0038290 seconds, Stopping threads took: 0.0001060 seconds
248.210: Application time: 0.0282960 seconds
248.210: [GC [PSYoungGen: 100112K->8272K(107520K)] 330168K->238444K(352768K), 0.0033480 secs] [Times: user=0.02 sys=0.00, real=0.00 secs] 
248.213: Total time for which application threads were stopped: 0.0035440 seconds, Stopping threads took: 0.0000890 seconds
248.244: Application time: 0.0303620 seconds
248.244: [GC [PSYoungGen: 100432K->8400K(107520K)] 330604K->238572K(352768K), 0.0058000 secs] [Times: user=0.04 sys=0.00, real=0.01 secs] 
248.250: Total time for which application threads were stopped: 0.0060080 seconds, Stopping threads took: 0.0001000 seconds
248.274: Application time: 0.0246090 seconds
248.275: [GC [PSYoungGen: 100560K->9696K(107520K)] 330732K->239924K(352768K), 0.0040650 secs] [Times: user=0.03 sys=0.00, real=0.01 secs] 
248.279: Total time for which application threads were stopped: 0.0042590 seconds, Stopping threads took: 0.0000860 seconds
248.314: Application time: 0.0351440 seconds
248.314: [GC [PSYoungGen: 101856K->11808K(107520K)] 332084K->242036K(352768K), 0.0047040 secs] [Times: user=0.04 sys=0.00, real=0.01 secs] 
248.319: Total time for which application threads were stopped: 0.0048980 seconds, Stopping threads took: 0.0000850 seconds
248.352: Application time: 0.0335440 seconds
248.356: [GC [PSYoungGen: 103968K->9824K(107520K)] 334196K->240052K(352768K), 0.0040810 secs] [Times: user=0.02 sys=0.00, real=0.00 secs] 
248.361: Total time for which application threads were stopped: 0.0082570 seconds, Stopping threads took: 0.0040690 seconds
248.396: Application time: 0.0350730 seconds
248.396: [GC [PSYoungGen: 101984K->7888K(107520K)] 332212K->238116K(352768K), 0.0034670 secs] [Times: user=0.02 sys=0.00, real=0.01 secs] 
248.399: Total time for which application threads were stopped: 0.0036900 seconds, Stopping threads took: 0.0001160 seconds
248.430: Application time: 0.0304470 seconds
248.430: [GC [PSYoungGen: 100048K->7824K(107520K)] 330276K->238100K(352768K), 0.0033920 secs] [Times: user=0.03 sys=0.00, real=0.00 secs] 
248.433: Total time for which application threads were stopped: 0.0035970 seconds, Stopping threads took: 0.0000990 seconds
248.458: Application time: 0.0246330 seconds
248.458: [GC [PSYoungGen: 99984K->7856K(107520K)] 330260K->238132K(352768K), 0.0033180 secs] [Times: user=0.03 sys=0.00, real=0.00 secs] 
248.461: Total time for which application threads were stopped: 0.0035070 seconds, Stopping threads took: 0.0000850 seconds
248.493: Application time: 0.0313700 seconds
248.493: [GC [PSYoungGen: 100016K->11504K(107520K)] 330292K->241780K(352768K), 0.0047320 secs] [Times: user=0.02 sys=0.00, real=0.01 secs] 
248.498: Total time for which application threads were stopped: 0.0049620 seconds, Stopping threads took: 0.0001000 seconds
248.525: Application time: 0.0267820 seconds
248.525: [GC [PSYoungGen: 103664K->8128K(107520K)] 333940K->238404K(352768K), 0.0035900 secs] [Times: user=0.02 sys=0.00, real=0.01 secs] 
248.528: Total time for which application threads were stopped: 0.0037940 seconds, Stopping threads took: 0.0000970 seconds
248.558: Application time: 0.0300690 seconds
248.559: [GC [PSYoungGen: 100288K->9552K(107520K)] 330564K->239828K(352768K), 0.0039730 secs] [Times: user=0.03 sys=0.00, real=0.00 secs] 
248.563: Total time for which application threads were stopped: 0.0041920 seconds, Stopping threads took: 0.0001120 seconds
248.599: Application time: 0.0366390 seconds
248.599: [GC [PSYoungGen: 101712K->7936K(107520K)] 331988K->238212K(352768K), 0.0032870 secs] [Times: user=0.02 sys=0.00, real=0.00 secs] 
248.603: Total time for which application threads were stopped: 0.0034660 seconds, Stopping threads took: 0.0000750 seconds
248.635: Application time: 0.0324040 seconds
248.635: [GC [PSYoungGen: 100096K->7776K(107520K)] 330372K->238052K(352768K), 0.0035550 secs] [Times: user=0.02 sys=0.00, real=0.01 secs] 
248.639: Total time for which application threads were stopped: 0.0037360 seconds, Stopping threads took: 0.0000730 seconds
248.672: Application time: 0.0333530 seconds
248.672: [GC [PSYoungGen: 99936K->7920K(107520K)] 330212K->238196K(352768K), 0.0034120 secs] [Times: user=0.02 sys=0.00, real=0.00 secs] 
248.676: Total time for which application threads were stopped: 0.0036030 seconds, Stopping threads took: 0.0000860 seconds
248.702: Application time: 0.0261840 seconds
248.702: [GC [PSYoungGen: 100080K->7968K(107520K)] 330356K->238244K(352768K), 0.0036870 secs] [Times: user=0.03 sys=0.00, real=0.00 secs] 
248.706: Total time for which application threads were stopped: 0.0038860 seconds, Stopping threads took: 0.0000910 seconds
248.735: Application time: 0.0295010 seconds
248.736: [GC [PSYoungGen: 100128K->8928K(107520K)] 330404K->239204K(352768K), 0.0035560 secs] [Times: user=0.03 sys=0.00, real=0.01 secs] 
248.739: Total time for which application threads were stopped: 0.0037710 seconds, Stopping threads took: 0.0001080 seconds
248.767: Application time: 0.0279100 seconds
248.767: [GC [PSYoungGen: 101088K->8368K(107520K)] 331364K->238644K(352768K), 0.0035200 secs] [Times: user=0.02 sys=0.00, real=0.01 secs] 
248.771: Total time for which application threads were stopped: 0.0037080 seconds, Stopping threads took: 0.0000820 seconds
248.797: Application time: 0.0263920 seconds
248.797: [GC [PSYoungGen: 100528K->8496K(107520K)] 330804K->238772K(352768K), 0.0035030 secs] [Times: user=0.03 sys=0.00, real=0.00 secs] 
248.801: Total time for which application threads were stopped: 0.0037000 seconds, Stopping threads took: 0.0000920 seconds
248.837: Application time: 0.0356970 seconds
248.837: [GC [PSYoungGen: 100656K->10048K(107520K)] 330932K->240324K(352768K), 0.0040620 secs] [Times: user=0.03 sys=0.00, real=0.00 secs] 
248.841: Total time for which application threads were stopped: 0.0042430 seconds, Stopping threads took: 0.0000780 seconds
248.875: Application time: 0.0336410 seconds
248.875: [GC [PSYoungGen: 102208K->9984K(107520K)] 332484K->240316K(352768K), 0.0041490 secs] [Times: user=0.03 sys=0.00, real=0.01 secs] 
248.879: Total time for which application threads were stopped: 0.0043460 seconds, Stopping threads took: 0.0000900 seconds
248.914: Application time: 0.0348300 seconds
248.914: [GC [PSYoungGen: 102144K->7856K(107520K)] 332476K->238268K(352768K), 0.0033210 secs] [Times: user=0.02 sys=0.00, real=0.01 secs] 
248.917: Total time for which application threads were stopped: 0.0035130 seconds, Stopping threads took: 0.0000840 seconds
248.946: Application time: 0.0285350 seconds
248.946: [GC [PSYoungGen: 100016K->7920K(107520K)] 330428K->238332K(352768K), 0.0034750 secs] [Times: user=0.02 sys=0.00, real=0.01 secs] 
248.949: Total time for which application threads were stopped: 0.0036810 seconds, Stopping threads took: 0.0001000 seconds
248.976: Application time: 0.0260310 seconds
248.976: [GC [PSYoungGen: 100080K->7792K(107520K)] 330492K->238296K(352768K), 0.0034940 secs] [Times: user=0.02 sys=0.00, real=0.01 secs] 
248.979: Total time for which application threads were stopped: 0.0037030 seconds, Stopping threads took: 0.0001050 seconds
249.011: Application time: 0.0314950 seconds
249.011: [GC [PSYoungGen: 99952K->9648K(107520K)] 330456K->240200K(352768K), 0.0041120 secs] [Times: user=0.03 sys=0.00, real=0.00 secs] 
249.015: Total time for which application threads were stopped: 0.0043440 seconds, Stopping threads took: 0.0001050 seconds
249.041: Application time: 0.0255240 seconds
249.041: [GC [PSYoungGen: 101808K->9744K(107520K)] 332360K->240352K(352768K), 0.0039560 secs] [Times: user=0.03 sys=0.00, real=0.00 secs] 
249.045: Total time for which application threads were stopped: 0.0041390 seconds, Stopping threads took: 0.0000770 seconds
249.078: Application time: 0.0329590 seconds
249.078: [GC [PSYoungGen: 101904K->9760K(107520K)] 332512K->240368K(352768K), 0.0040600 secs] [Times: user=0.03 sys=0.00, real=0.00 secs] 
249.082: Total time for which application threads were stopped: 0.0042470 seconds, Stopping threads took: 0.0000800 seconds
249.117: Application time: 0.0349870 seconds
249.120: [GC [PSYoungGen: 101920K->7872K(107520K)] 332528K->238480K(352768K), 0.0032870 secs] [Times: user=0.02 sys=0.00, real=0.00 secs] 
249.124: Total time for which application threads were stopped: 0.0068150 seconds, Stopping threads took: 0.0034220 seconds
249.158: Application time: 0.0340940 seconds
249.158: [GC [PSYoungGen: 100032K->7984K(107520K)] 330640K->238592K(352768K), 0.0035340 secs] [Times: user=0.03 sys=0.00, real=0.00 secs] 
249.162: Total time for which application threads were stopped: 0.0037270 seconds, Stopping threads took: 0.0000880 seconds
249.195: Application time: 0.0329910 seconds
249.195: [GC [PSYoungGen: 100144K->7856K(107520K)] 330752K->238464K(352768K), 0.0033010 secs] [Times: user=0.02 sys=0.00, real=0.01 secs] 
249.198: Total time for which application threads were stopped: 0.0034870 seconds, Stopping threads took: 0.0000810 seconds
249.223: Application time: 0.0249270 seconds
249.223: [GC [PSYoungGen: 100016K->7744K(107520K)] 330624K->238392K(352768K), 0.0032580 secs] [Times: user=0.03 sys=0.00, real=0.00 secs] 
249.226: Total time for which application threads were stopped: 0.0034460 seconds, Stopping threads took: 0.0000820 seconds
249.254: Application time: 0.0276590 seconds
249.254: [GC [PSYoungGen: 99904K->11616K(107520K)] 330552K->242265K(352768K), 0.0046940 secs] [Times: user=0.04 sys=0.00, real=0.01 secs] 
249.259: Total time for which application threads were stopped: 0.0048740 seconds, Stopping threads took: 0.0000730 seconds
249.289: Application time: 0.0298940 seconds
249.289: [GC [PSYoungGen: 103776K->9296K(107520K)] 334425K->239944K(352768K), 0.0037730 secs] [Times: user=0.01 sys=0.01, real=0.00 secs] 
249.293: Total time for which application threads were stopped: 0.0039680 seconds, Stopping threads took: 0.0000870 seconds
249.321: Application time: 0.0284910 seconds
249.321: [GC [PSYoungGen: 101456K->10096K(107520K)] 332104K->240744K(352768K), 0.0040840 secs] [Times: user=0.03 sys=0.00, real=0.00 secs] 
249.326: Total time for which application threads were stopped: 0.0042720 seconds, Stopping threads took: 0.0000830 seconds
249.361: Application time: 0.0352840 seconds
249.364: [GC [PSYoungGen: 102256K->9728K(107520K)] 332904K->240376K(352768K), 0.0040260 secs] [Times: user=0.03 sys=0.00, real=0.01 secs] 
249.368: Total time for which application threads were stopped: 0.0076120 seconds, Stopping threads took: 0.0034810 seconds
249.402: Application time: 0.0334400 seconds
249.402: [GC [PSYoungGen: 101888K->9920K(107520K)] 332536K->240568K(352768K), 0.0040540 secs] [Times: user=0.02 sys=0.00, real=0.00 secs] 
249.406: Total time for which application threads were stopped: 0.0042680 seconds, Stopping threads took: 0.0001000 seconds
249.440: Application time: 0.0341360 seconds
249.440: [GC [PSYoungGen: 102080K->7792K(107520K)] 332728K->238440K(352768K), 0.0032690 secs] [Times: user=0.03 sys=0.01, real=0.00 secs] 
249.444: Total time for which application threads were stopped: 0.0034590 seconds, Stopping threads took: 0.0000840 seconds
249.471: Application time: 0.0275860 seconds
249.472: [GC [PSYoungGen: 99952K->7872K(107520K)] 330600K->238521K(352768K), 0.0035630 secs] [Times: user=0.02 sys=0.00, real=0.00 secs] 
249.475: Total time for which application threads were stopped: 0.0037450 seconds, Stopping threads took: 0.0000750 seconds
249.502: Application time: 0.0270650 seconds
249.502: [GC [PSYoungGen: 100032K->7760K(107520K)] 330681K->238408K(352768K), 0.0034190 secs] [Times: user=0.03 sys=0.00, real=0.00 secs] 
249.506: Total time for which application threads were stopped: 0.0035960 seconds, Stopping threads took: 0.0000720 seconds
249.535: Application time: 0.0291620 seconds
249.535: [GC [PSYoungGen: 99920K->9664K(107520K)] 330568K->240312K(352768K), 0.0040160 secs] [Times: user=0.03 sys=0.00, real=0.01 secs] 
249.539: Total time for which application threads were stopped: 0.0042180 seconds, Stopping threads took: 0.0000830 seconds
249.568: Application time: 0.0287730 seconds
249.568: [GC [PSYoungGen: 101824K->8112K(107520K)] 332472K->238760K(352768K), 0.0036340 secs] [Times: user=0.02 sys=0.00, real=0.01 secs] 
249.572: Total time for which application threads were stopped: 0.0038420 seconds, Stopping threads took: 0.0001020 seconds
249.603: Application time: 0.0311510 seconds
249.603: [GC [PSYoungGen: 100272K->9808K(107520K)] 330920K->240457K(352768K), 0.0040610 secs] [Times: user=0.03 sys=0.00, real=0.00 secs] 
249.607: Total time for which application threads were stopped: 0.0042670 seconds, Stopping threads took: 0.0000990 seconds
249.644: Application time: 0.0366420 seconds
249.644: [GC [PSYoungGen: 101968K->9168K(107520K)] 332617K->239816K(352768K), 0.0037010 secs] [Times: user=0.03 sys=0.00, real=0.00 secs] 
249.648: Total time for which application threads were stopped: 0.0039170 seconds, Stopping threads took: 0.0001080 seconds
249.681: Application time: 0.0327490 seconds
249.681: [GC [PSYoungGen: 101328K->7904K(107520K)] 331976K->238641K(352768K), 0.0033750 secs] [Times: user=0.02 sys=0.00, real=0.00 secs] 
249.684: Total time for which application threads were stopped: 0.0035550 seconds, Stopping threads took: 0.0000770 seconds
249.716: Application time: 0.0316110 seconds
249.716: [GC [PSYoungGen: 100064K->7840K(107520K)] 330801K->238625K(352768K), 0.0033720 secs] [Times: user=0.02 sys=0.00, real=0.00 secs] 
249.720: Total time for which application threads were stopped: 0.0041240 seconds, Stopping threads took: 0.0006450 seconds
249.744: Application time: 0.0245290 seconds
249.745: [GC [PSYoungGen: 100000K->7728K(107520K)] 330785K->238561K(352768K), 0.0033190 secs] [Times: user=0.02 sys=0.00, real=0.00 secs] 
249.748: Total time for which application threads were stopped: 0.0035240 seconds, Stopping threads took: 0.0000990 seconds
249.778: Application time: 0.0296700 seconds
249.778: [GC [PSYoungGen: 99888K->11168K(107520K)] 330721K->242081K(352768K), 0.0046680 secs] [Times: user=0.03 sys=0.00, real=0.00 secs] 
249.782: Total time for which application threads were stopped: 0.0048900 seconds, Stopping threads took: 0.0001140 seconds
249.811: Application time: 0.0283750 seconds
249.811: [GC [PSYoungGen: 103328K->8960K(107520K)] 334241K->239937K(352768K), 0.0037190 secs] [Times: user=0.02 sys=0.00, real=0.00 secs] 
249.815: Total time for which application threads were stopped: 0.0038860 seconds, Stopping threads took: 0.0000610 seconds
249.845: Application time: 0.0306420 seconds
249.846: [GC [PSYoungGen: 101120K->8048K(107520K)] 332097K->239033K(352768K), 0.0034940 secs] [Times: user=0.03 sys=0.00, real=0.01 secs] 
249.849: Total time for which application threads were stopped: 0.0037000 seconds, Stopping threads took: 0.0000990 seconds
249.883: Application time: 0.0339130 seconds
249.883: [GC [PSYoungGen: 100208K->9392K(107520K)] 331193K->240377K(352768K), 0.0039860 secs] [Times: user=0.02 sys=0.00, real=0.00 secs] 
249.887: Total time for which application threads were stopped: 0.0041740 seconds, Stopping threads took: 0.0000830 seconds
249.922: Application time: 0.0346030 seconds
249.922: [GC [PSYoungGen: 101552K->7584K(107520K)] 332537K->238569K(352768K), 0.0034670 secs] [Times: user=0.02 sys=0.00, real=0.00 secs] 
249.925: Total time for which application threads were stopped: 0.0036430 seconds, Stopping threads took: 0.0000700 seconds
249.959: Application time: 0.0332290 seconds
249.959: [GC [PSYoungGen: 99744K->7920K(107520K)] 330729K->238905K(352768K), 0.0033160 secs] [Times: user=0.02 sys=0.00, real=0.00 secs] 
249.962: Total time for which application threads were stopped: 0.0035080 seconds, Stopping threads took: 0.0000860 seconds
249.989: Application time: 0.0268580 seconds
249.989: [GC [PSYoungGen: 100080K->7840K(107520K)] 331065K->238873K(352768K), 0.0032750 secs] [Times: user=0.02 sys=0.00, real=0.00 secs] 
249.992: Total time for which application threads were stopped: 0.0034490 seconds, Stopping threads took: 0.0000680 seconds
250.019: Application time: 0.0270230 seconds
250.020: [GC [PSYoungGen: 100000K->7824K(107520K)] 331033K->238857K(352768K), 0.0034450 secs] [Times: user=0.02 sys=0.00, real=0.00 secs] 
250.023: Total time for which application threads were stopped: 0.0036270 seconds, Stopping threads took: 0.0000780 seconds
250.052: Application time: 0.0293460 seconds
250.053: [GC [PSYoungGen: 99984K->8672K(107520K)] 331017K->239705K(352768K), 0.0034800 secs] [Times: user=0.03 sys=0.00, real=0.00 secs] 
250.056: Total time for which application threads were stopped: 0.0036930 seconds, Stopping threads took: 0.0000920 seconds
250.085: Application time: 0.0292140 seconds
250.088: [GC [PSYoungGen: 100832K->8976K(107520K)] 331865K->240009K(352768K), 0.0036090 secs] [Times: user=0.03 sys=0.00, real=0.00 secs] 
250.092: Total time for which application threads were stopped: 0.0067120 seconds, Stopping threads took: 0.0029970 seconds
250.123: Application time: 0.0313700 seconds
250.124: [GC [PSYoungGen: 101136K->9952K(107520K)] 332169K->240985K(352768K), 0.0040600 secs] [Times: user=0.03 sys=0.00, real=0.00 secs] 
250.128: Total time for which application threads were stopped: 0.0042680 seconds, Stopping threads took: 0.0001000 seconds
250.164: Application time: 0.0361850 seconds
250.164: [GC [PSYoungGen: 102112K->9520K(107520K)] 333145K->240553K(352768K), 0.0039790 secs] [Times: user=0.02 sys=0.00, real=0.00 secs] 
250.168: Total time for which application threads were stopped: 0.0041760 seconds, Stopping threads took: 0.0000910 seconds
250.202: Application time: 0.0338040 seconds
250.202: [GC [PSYoungGen: 101680K->7856K(107520K)] 332713K->238889K(352768K), 0.0035680 secs] [Times: user=0.02 sys=0.00, real=0.00 secs] 
250.206: Total time for which application threads were stopped: 0.0037520 seconds, Stopping threads took: 0.0000820 seconds
250.235: Application time: 0.0294050 seconds
250.235: [GC [PSYoungGen: 100016K->7776K(107520K)] 331049K->238809K(352768K), 0.0034140 secs] [Times: user=0.02 sys=0.00, real=0.01 secs] 
250.239: Total time for which application threads were stopped: 0.0036210 seconds, Stopping threads took: 0.0001010 seconds
250.264: Application time: 0.0256670 seconds
250.264: [GC [PSYoungGen: 99936K->7968K(107520K)] 330969K->239001K(352768K), 0.0035830 secs] [Times: user=0.02 sys=0.00, real=0.00 secs] 
250.268: Total time for which application threads were stopped: 0.0037630 seconds, Stopping threads took: 0.0000760 seconds
250.299: Application time: 0.0309390 seconds
250.304: [GC [PSYoungGen: 100128K->10688K(107520K)] 331161K->241721K(352768K), 0.0042880 secs] [Times: user=0.03 sys=0.00, real=0.01 secs] 
250.309: Total time for which application threads were stopped: 0.0096910 seconds, Stopping threads took: 0.0052970 seconds
250.336: Application time: 0.0274240 seconds
250.336: [GC [PSYoungGen: 102848K->10064K(107520K)] 333881K->241097K(352768K), 0.0040580 secs] [Times: user=0.03 sys=0.00, real=0.00 secs] 
250.340: Total time for which application threads were stopped: 0.0042520 seconds, Stopping threads took: 0.0000730 seconds
250.373: Application time: 0.0325640 seconds
250.373: [GC [PSYoungGen: 102224K->9088K(107520K)] 333257K->240121K(352768K), 0.0037660 secs] [Times: user=0.03 sys=0.00, real=0.01 secs] 
250.377: Total time for which application threads were stopped: 0.0039510 seconds, Stopping threads took: 0.0000820 seconds
250.410: Application time: 0.0333180 seconds
250.410: [GC [PSYoungGen: 101248K->10128K(107520K)] 332281K->241161K(352768K), 0.0041140 secs] [Times: user=0.03 sys=0.00, real=0.00 secs] 
250.415: Total time for which application threads were stopped: 0.0043080 seconds, Stopping threads took: 0.0000880 seconds
250.450: Application time: 0.0349490 seconds
250.450: [GC [PSYoungGen: 102288K->8000K(107520K)] 333321K->239129K(352768K), 0.0035290 secs] [Times: user=0.03 sys=0.00, real=0.00 secs] 
250.453: Total time for which application threads were stopped: 0.0037600 seconds, Stopping threads took: 0.0001240 seconds
250.485: Application time: 0.0315200 seconds
250.485: [GC [PSYoungGen: 100160K->7776K(107520K)] 331289K->238945K(352768K), 0.0033730 secs] [Times: user=0.02 sys=0.00, real=0.01 secs] 
250.488: Total time for which application threads were stopped: 0.0035500 seconds, Stopping threads took: 0.0000730 seconds
250.515: Application time: 0.0266890 seconds
250.515: [GC [PSYoungGen: 99936K->7936K(107520K)] 331105K->239161K(352768K), 0.0033390 secs] [Times: user=0.02 sys=0.00, real=0.01 secs] 
250.519: Total time for which application threads were stopped: 0.0035180 seconds, Stopping threads took: 0.0000700 seconds
250.546: Application time: 0.0275540 seconds
250.546: [GC [PSYoungGen: 100096K->11632K(107520K)] 331321K->242913K(352768K), 0.0049920 secs] [Times: user=0.03 sys=0.00, real=0.01 secs] 
250.551: Total time for which application threads were stopped: 0.0051730 seconds, Stopping threads took: 0.0000750 seconds
250.581: Application time: 0.0296910 seconds
250.581: [GC [PSYoungGen: 103792K->8256K(107520K)] 335073K->239629K(352768K), 0.0034340 secs] [Times: user=0.02 sys=0.00, real=0.00 secs] 
250.585: Total time for which application threads were stopped: 0.0036340 seconds, Stopping threads took: 0.0000710 seconds
250.614: Application time: 0.0294560 seconds
250.614: [GC [PSYoungGen: 100416K->9088K(107520K)] 331789K->240461K(352768K), 0.0038690 secs] [Times: user=0.03 sys=0.00, real=0.01 secs] 
250.618: Total time for which application threads were stopped: 0.0040440 seconds, Stopping threads took: 0.0000670 seconds
250.652: Application time: 0.0335550 seconds
250.652: [GC [PSYoungGen: 101248K->7936K(107520K)] 332621K->239309K(352768K), 0.0033150 secs] [Times: user=0.03 sys=0.00, real=0.00 secs] 
250.655: Total time for which application threads were stopped: 0.0034780 seconds, Stopping threads took: 0.0000570 seconds
250.688: Application time: 0.0331240 seconds
250.688: [GC [PSYoungGen: 100096K->9472K(107520K)] 331469K->240845K(352768K), 0.0040930 secs] [Times: user=0.03 sys=0.00, real=0.00 secs] 
250.693: Total time for which application threads were stopped: 0.0042970 seconds, Stopping threads took: 0.0000950 seconds
250.727: Application time: 0.0345230 seconds
250.727: [GC [PSYoungGen: 101632K->7648K(107520K)] 333005K->239021K(352768K), 0.0032570 secs] [Times: user=0.02 sys=0.00, real=0.01 secs] 
250.731: Total time for which application threads were stopped: 0.0034990 seconds, Stopping threads took: 0.0001350 seconds
250.758: Application time: 0.0275240 seconds
250.758: [GC [PSYoungGen: 99808K->7904K(107520K)] 331181K->239325K(352768K), 0.0033510 secs] [Times: user=0.02 sys=0.00, real=0.00 secs] 
250.762: Total time for which application threads were stopped: 0.0035410 seconds, Stopping threads took: 0.0000820 seconds
250.791: Application time: 0.0293980 seconds
250.791: [GC [PSYoungGen: 100064K->8560K(107520K)] 331485K->239981K(352768K), 0.0034500 secs] [Times: user=0.02 sys=0.00, real=0.00 secs] 
250.795: Total time for which application threads were stopped: 0.0036680 seconds, Stopping threads took: 0.0001020 seconds
250.824: Application time: 0.0290950 seconds
250.824: [GC [PSYoungGen: 100720K->9376K(107520K)] 332141K->240797K(352768K), 0.0037680 secs] [Times: user=0.02 sys=0.00, real=0.00 secs] 
250.828: Total time for which application threads were stopped: 0.0039400 seconds, Stopping threads took: 0.0000650 seconds
250.855: Application time: 0.0276640 seconds
250.856: [GC [PSYoungGen: 101536K->10000K(107520K)] 332957K->241421K(352768K), 0.0040540 secs] [Times: user=0.02 sys=0.00, real=0.01 secs] 
250.860: Total time for which application threads were stopped: 0.0042530 seconds, Stopping threads took: 0.0000900 seconds
250.892: Application time: 0.0324700 seconds
250.892: [GC [PSYoungGen: 102160K->9968K(107520K)] 333581K->241389K(352768K), 0.0042290 secs] [Times: user=0.03 sys=0.00, real=0.01 secs] 
250.897: Total time for which application threads were stopped: 0.0044520 seconds, Stopping threads took: 0.0001120 seconds
250.930: Application time: 0.0335390 seconds
250.930: [GC [PSYoungGen: 102128K->8368K(107520K)] 333549K->239789K(352768K), 0.0034820 secs] [Times: user=0.02 sys=0.00, real=0.00 secs] 
250.934: Total time for which application threads were stopped: 0.0036840 seconds, Stopping threads took: 0.0000980 seconds
250.968: Application time: 0.0340310 seconds
250.968: [GC [PSYoungGen: 100528K->7872K(107520K)] 331949K->239293K(352768K), 0.0033440 secs] [Times: user=0.03 sys=0.00, real=0.01 secs] 
250.971: Total time for which application threads were stopped: 0.0035460 seconds, Stopping threads took: 0.0000930 seconds
251.003: Application time: 0.0311890 seconds
251.003: [GC [PSYoungGen: 100032K->7904K(107520K)] 331453K->239325K(352768K), 0.0033800 secs] [Times: user=0.02 sys=0.00, real=0.00 secs] 
251.006: Total time for which application threads were stopped: 0.0035710 seconds, Stopping threads took: 0.0000860 seconds
251.031: Application time: 0.0252450 seconds
251.032: [GC [PSYoungGen: 100064K->8048K(107520K)] 331485K->239469K(352768K), 0.0033710 secs] [Times: user=0.02 sys=0.00, real=0.00 secs] 
251.035: Total time for which application threads were stopped: 0.0035700 seconds, Stopping threads took: 0.0000950 seconds
251.066: Application time: 0.0310140 seconds
251.066: [GC [PSYoungGen: 100208K->8688K(107520K)] 331629K->240109K(352768K), 0.0035190 secs] [Times: user=0.03 sys=0.00, real=0.01 secs] 
251.070: Total time for which application threads were stopped: 0.0037070 seconds, Stopping threads took: 0.0000800 seconds
251.097: Application time: 0.0272270 seconds
251.097: [GC [PSYoungGen: 100848K->8096K(107520K)] 332269K->239517K(352768K), 0.0033510 secs] [Times: user=0.03 sys=0.00, real=0.00 secs] 
251.101: Total time for which application threads were stopped: 0.0035710 seconds, Stopping threads took: 0.0000970 seconds
251.131: Application time: 0.0308170 seconds
251.132: [GC [PSYoungGen: 100256K->8912K(107520K)] 331677K->240333K(352768K), 0.0036680 secs] [Times: user=0.03 sys=0.00, real=0.00 secs] 
251.135: Total time for which application threads were stopped: 0.0038570 seconds, Stopping threads took: 0.0000820 seconds
251.169: Application time: 0.0335760 seconds
251.172: [GC [PSYoungGen: 101072K->9936K(107520K)] 332493K->241357K(352768K), 0.0041830 secs] [Times: user=0.03 sys=0.00, real=0.01 secs] 
251.177: Total time for which application threads were stopped: 0.0077940 seconds, Stopping threads took: 0.0035060 seconds
251.210: Application time: 0.0329440 seconds
251.210: [GC [PSYoungGen: 102096K->9728K(107520K)] 333517K->241229K(352768K), 0.0041360 secs] [Times: user=0.03 sys=0.00, real=0.00 secs] 
251.214: Total time for which application threads were stopped: 0.0043350 seconds, Stopping threads took: 0.0000930 seconds
251.248: Application time: 0.0345120 seconds
251.249: [GC [PSYoungGen: 101888K->7968K(107520K)] 333389K->239525K(352768K), 0.0032380 secs] [Times: user=0.03 sys=0.00, real=0.00 secs] 
251.252: Total time for which application threads were stopped: 0.0034340 seconds, Stopping threads took: 0.0000870 seconds
251.279: Application time: 0.0269390 seconds
251.279: [GC [PSYoungGen: 100128K->7792K(107520K)] 331685K->239349K(352768K), 0.0034480 secs] [Times: user=0.02 sys=0.00, real=0.00 secs] 
251.282: Total time for which application threads were stopped: 0.0036280 seconds, Stopping threads took: 0.0000770 seconds
251.311: Application time: 0.0284410 seconds
251.311: [GC [PSYoungGen: 99952K->10032K(107520K)] 331509K->241673K(352768K), 0.0041070 secs] [Times: user=0.03 sys=0.00, real=0.00 secs] 
251.315: Total time for which application threads were stopped: 0.0043140 seconds, Stopping threads took: 0.0001020 seconds
251.345: Application time: 0.0301760 seconds
251.348: [GC [PSYoungGen: 102192K->9568K(107520K)] 333833K->241265K(352768K), 0.0039180 secs] [Times: user=0.03 sys=0.00, real=0.00 secs] 
251.352: Total time for which application threads were stopped: 0.0070180 seconds, Stopping threads took: 0.0029910 seconds
251.380: Application time: 0.0273250 seconds
251.380: [GC [PSYoungGen: 101728K->8080K(107520K)] 333425K->239841K(352768K), 0.0033990 secs] [Times: user=0.02 sys=0.00, real=0.00 secs] 
251.383: Total time for which application threads were stopped: 0.0036050 seconds, Stopping threads took: 0.0001030 seconds
251.417: Application time: 0.0339400 seconds
251.417: [GC [PSYoungGen: 100240K->8384K(107520K)] 332001K->240145K(352768K), 0.0035760 secs] [Times: user=0.02 sys=0.00, real=0.00 secs] 
251.421: Total time for which application threads were stopped: 0.0037450 seconds, Stopping threads took: 0.0000660 seconds
251.454: Application time: 0.0326380 seconds
251.454: [GC [PSYoungGen: 100544K->7664K(107520K)] 332305K->239425K(352768K), 0.0035080 secs] [Times: user=0.02 sys=0.00, real=0.01 secs] 
251.457: Total time for which application threads were stopped: 0.0036940 seconds, Stopping threads took: 0.0000800 seconds
251.492: Application time: 0.0345560 seconds
251.492: [GC [PSYoungGen: 99824K->7712K(107520K)] 331585K->239473K(352768K), 0.0032480 secs] [Times: user=0.02 sys=0.00, real=0.00 secs] 
251.495: Total time for which application threads were stopped: 0.0034470 seconds, Stopping threads took: 0.0000920 seconds
251.525: Application time: 0.0293640 seconds
251.525: [GC [PSYoungGen: 99872K->7728K(107520K)] 331633K->239537K(352768K), 0.0032670 secs] [Times: user=0.02 sys=0.00, real=0.00 secs] 
251.528: Total time for which application threads were stopped: 0.0034480 seconds, Stopping threads took: 0.0000740 seconds
251.554: Application time: 0.0255880 seconds
251.554: [GC [PSYoungGen: 99888K->7760K(107520K)] 331697K->239569K(352768K), 0.0034450 secs] [Times: user=0.02 sys=0.00, real=0.01 secs] 
251.557: Total time for which application threads were stopped: 0.0036150 seconds, Stopping threads took: 0.0000680 seconds
251.589: Application time: 0.0319730 seconds
251.589: [GC [PSYoungGen: 99920K->8496K(107520K)] 331729K->240305K(352768K), 0.0034740 secs] [Times: user=0.03 sys=0.00, real=0.00 secs] 
251.593: Total time for which application threads were stopped: 0.0036510 seconds, Stopping threads took: 0.0000720 seconds
251.620: Application time: 0.0265440 seconds
251.620: [GC [PSYoungGen: 100656K->9536K(107520K)] 332465K->241345K(352768K), 0.0039840 secs] [Times: user=0.02 sys=0.00, real=0.00 secs] 
251.624: Total time for which application threads were stopped: 0.0049160 seconds, Stopping threads took: 0.0008060 seconds
251.656: Application time: 0.0310800 seconds
251.656: [GC [PSYoungGen: 101696K->9712K(107520K)] 333505K->241521K(352768K), 0.0039770 secs] [Times: user=0.03 sys=0.00, real=0.01 secs] 
251.660: Total time for which application threads were stopped: 0.0041590 seconds, Stopping threads took: 0.0000740 seconds
251.694: Application time: 0.0340440 seconds
251.694: [GC [PSYoungGen: 101872K->9728K(107520K)] 333681K->241537K(352768K), 0.0040290 secs] [Times: user=0.03 sys=0.00, real=0.01 secs] 
251.698: Total time for which application threads were stopped: 0.0042390 seconds, Stopping threads took: 0.0001040 seconds
251.732: Application time: 0.0343030 seconds
251.736: [GC [PSYoungGen: 101888K->8224K(107520K)] 333697K->240033K(352768K), 0.0035180 secs] [Times: user=0.02 sys=0.00, real=0.00 secs] 
251.740: Total time for which application threads were stopped: 0.0076670 seconds, Stopping threads took: 0.0040440 seconds
251.772: Application time: 0.0321170 seconds
251.772: [GC [PSYoungGen: 100384K->8000K(107520K)] 332193K->239809K(352768K), 0.0032670 secs] [Times: user=0.02 sys=0.00, real=0.00 secs] 
251.776: Total time for which application threads were stopped: 0.0034640 seconds, Stopping threads took: 0.0000910 seconds
251.802: Application time: 0.0259600 seconds
251.802: [GC [PSYoungGen: 100160K->7712K(107520K)] 331969K->239521K(352768K), 0.0033190 secs] [Times: user=0.02 sys=0.00, real=0.00 secs] 
251.805: Total time for which application threads were stopped: 0.0035310 seconds, Stopping threads took: 0.0001070 seconds
251.835: Application time: 0.0297430 seconds
251.835: [GC [PSYoungGen: 99872K->8848K(107520K)] 331681K->240657K(352768K), 0.0036690 secs] [Times: user=0.03 sys=0.00, real=0.01 secs] 
