Java HotSpot(TM) 64-Bit Server VM (24.80-b11) for linux-amd64 JRE (1.7.0_80-b15), built on Apr 10 2015 19:53:14 by "java_re" with gcc 4.3.0 20080428 (Red Hat 4.3.0-8)
Memory: 4k page, physical 8000092k(5564216k free), swap 8218620k(8218620k free)
CommandLine flags: -XX:+CMSParallelRemarkEnabled -XX:InitialHeapSize=52618240 -XX:MaxHeapSize=52618240 -XX:+PrintGC -XX:+PrintGCApplicationConcurrentTime -XX:+PrintGCApplicationStoppedTime -XX:+PrintGCDetails -XX:+PrintGCTimeStamps -XX:-UseAdaptiveSizePolicy -XX:+UseCompressedOops -XX:+UseParallelGC 
1.007: Application time: 0.9868910 seconds
1.007: Total time for which application threads were stopped: 0.0000390 seconds, Stopping threads took: 0.0000100 seconds
4.026: Application time: 3.0185120 seconds
4.026: Total time for which application threads were stopped: 0.0000660 seconds, Stopping threads took: 0.0000120 seconds
14.704: Application time: 10.6782630 seconds
14.704: Total time for which application threads were stopped: 0.0000330 seconds, Stopping threads took: 0.0000190 seconds
14.704: Application time: 0.0000640 seconds
14.704: Total time for which application threads were stopped: 0.0000250 seconds, Stopping threads took: 0.0000080 seconds
14.705: Application time: 0.0014140 seconds
14.705: Total time for which application threads were stopped: 0.0000110 seconds, Stopping threads took: 0.0000050 seconds
14.724: Application time: 0.0188110 seconds
14.724: Total time for which application threads were stopped: 0.0000540 seconds, Stopping threads took: 0.0000110 seconds
14.736: Application time: 0.0120440 seconds
14.736: [GC [PSYoungGen: 9804K->2035K(15360K)] 9804K->3214K(49664K), 0.0022780 secs] [Times: user=0.00 sys=0.00, real=0.00 secs] 
14.739: [Full GC [PSYoungGen: 2035K->0K(15360K)] [ParOldGen: 1179K->3145K(34304K)] 3214K->3145K(49664K) [PSPermGen: 5076K->5074K(21504K)], 0.0109520 secs] [Times: user=0.05 sys=0.00, real=0.02 secs] 
14.750: Total time for which application threads were stopped: 0.0133500 seconds, Stopping threads took: 0.0000060 seconds
14.750: Application time: 0.0000450 seconds
14.750: [GC [PSYoungGen: 0K->0K(15360K)] 3145K->3145K(49664K), 0.0002820 secs] [Times: user=0.00 sys=0.01, real=0.00 secs] 
14.750: [Full GC [PSYoungGen: 0K->0K(15360K)] [ParOldGen: 3145K->3145K(34304K)] 3145K->3145K(49664K) [PSPermGen: 5074K->5074K(21504K)], 0.0040300 secs] [Times: user=0.01 sys=0.00, real=0.00 secs] 
14.754: Total time for which application threads were stopped: 0.0044130 seconds, Stopping threads took: 0.0000200 seconds
14.754: Application time: 0.0000430 seconds
14.754: Total time for which application threads were stopped: 0.0000220 seconds, Stopping threads took: 0.0000140 seconds
14.754: Application time: 0.0000220 seconds
14.754: Total time for which application threads were stopped: 0.0000140 seconds, Stopping threads took: 0.0000110 seconds
14.754: Application time: 0.0000100 seconds
14.754: Total time for which application threads were stopped: 0.0000160 seconds, Stopping threads took: 0.0000130 seconds
14.754: Application time: 0.0000290 seconds
14.754: Total time for which application threads were stopped: 0.0000160 seconds, Stopping threads took: 0.0000120 seconds
14.754: Application time: 0.0000110 seconds
14.754: Total time for which application threads were stopped: 0.0000140 seconds, Stopping threads took: 0.0000110 seconds
14.754: Application time: 0.0000100 seconds
14.754: Total time for which application threads were stopped: 0.0000140 seconds, Stopping threads took: 0.0000110 seconds
14.754: Application time: 0.0000090 seconds
14.754: Total time for which application threads were stopped: 0.0000120 seconds, Stopping threads took: 0.0000090 seconds
14.754: Application time: 0.0000090 seconds
14.754: Total time for which application threads were stopped: 0.0000160 seconds, Stopping threads took: 0.0000120 seconds
14.754: Application time: 0.0000130 seconds
14.754: Total time for which application threads were stopped: 0.0000140 seconds, Stopping threads took: 0.0000110 seconds
14.754: Application time: 0.0000110 seconds
14.754: Total time for which application threads were stopped: 0.0000130 seconds, Stopping threads took: 0.0000090 seconds
14.755: Application time: 0.0000920 seconds
14.755: Total time for which application threads were stopped: 0.0000180 seconds, Stopping threads took: 0.0000150 seconds
14.755: Application time: 0.0000120 seconds
14.755: Total time for which application threads were stopped: 0.0000150 seconds, Stopping threads took: 0.0000120 seconds
14.755: Application time: 0.0000110 seconds
14.755: Total time for which application threads were stopped: 0.0000150 seconds, Stopping threads took: 0.0000120 seconds
14.755: Application time: 0.0000120 seconds
14.755: Total time for which application threads were stopped: 0.0000120 seconds, Stopping threads took: 0.0000080 seconds
14.755: Application time: 0.0000110 seconds
14.755: Total time for which application threads were stopped: 0.0000110 seconds, Stopping threads took: 0.0000080 seconds
14.755: Application time: 0.0000100 seconds
14.755: Total time for which application threads were stopped: 0.0000150 seconds, Stopping threads took: 0.0000120 seconds
14.755: Application time: 0.0000100 seconds
14.755: Total time for which application threads were stopped: 0.0000120 seconds, Stopping threads took: 0.0000090 seconds
14.755: Application time: 0.0000110 seconds
14.755: Total time for which application threads were stopped: 0.0000120 seconds, Stopping threads took: 0.0000080 seconds
14.755: Application time: 0.0000110 seconds
14.755: Total time for which application threads were stopped: 0.0000120 seconds, Stopping threads took: 0.0000090 seconds
14.755: Application time: 0.0000110 seconds
14.755: Total time for which application threads were stopped: 0.0000180 seconds, Stopping threads took: 0.0000080 seconds
14.755: Application time: 0.0004800 seconds
14.755: Total time for which application threads were stopped: 0.0000190 seconds, Stopping threads took: 0.0000130 seconds
14.757: Application time: 0.0013420 seconds
14.757: Total time for which application threads were stopped: 0.0000270 seconds, Stopping threads took: 0.0000200 seconds
14.757: Application time: 0.0001590 seconds
14.757: Total time for which application threads were stopped: 0.0000530 seconds, Stopping threads took: 0.0000410 seconds
14.757: Application time: 0.0003730 seconds
14.757: Total time for which application threads were stopped: 0.0000240 seconds, Stopping threads took: 0.0000150 seconds
14.762: Application time: 0.0049050 seconds
14.762: Total time for which application threads were stopped: 0.0000510 seconds, Stopping threads took: 0.0000360 seconds
14.763: Application time: 0.0009250 seconds
14.763: Total time for which application threads were stopped: 0.0000720 seconds, Stopping threads took: 0.0000590 seconds
14.764: Application time: 0.0002690 seconds
14.764: Total time for which application threads were stopped: 0.0000530 seconds, Stopping threads took: 0.0000410 seconds
14.767: Application time: 0.0034280 seconds
14.767: Total time for which application threads were stopped: 0.0000730 seconds, Stopping threads took: 0.0000370 seconds
14.767: Application time: 0.0002960 seconds
14.767: Total time for which application threads were stopped: 0.0000250 seconds, Stopping threads took: 0.0000150 seconds
14.768: Application time: 0.0001300 seconds
14.768: Total time for which application threads were stopped: 0.0000120 seconds, Stopping threads took: 0.0000060 seconds
14.768: Application time: 0.0002170 seconds
14.768: Total time for which application threads were stopped: 0.0000120 seconds, Stopping threads took: 0.0000060 seconds
14.769: Application time: 0.0012340 seconds
14.769: Total time for which application threads were stopped: 0.0000640 seconds, Stopping threads took: 0.0000510 seconds
14.769: Application time: 0.0000390 seconds
14.769: Total time for which application threads were stopped: 0.0000540 seconds, Stopping threads took: 0.0000420 seconds
14.770: Application time: 0.0007250 seconds
14.770: Total time for which application threads were stopped: 0.0000320 seconds, Stopping threads took: 0.0000230 seconds
14.778: Application time: 0.0078440 seconds
14.778: Total time for which application threads were stopped: 0.0000940 seconds, Stopping threads took: 0.0000640 seconds
14.778: Application time: 0.0000920 seconds
14.778: Total time for which application threads were stopped: 0.0001100 seconds, Stopping threads took: 0.0000980 seconds
14.778: Application time: 0.0000450 seconds
14.778: Total time for which application threads were stopped: 0.0000730 seconds, Stopping threads took: 0.0000620 seconds
14.778: Application time: 0.0000380 seconds
14.778: Total time for which application threads were stopped: 0.0000220 seconds, Stopping threads took: 0.0000150 seconds
14.779: Application time: 0.0010960 seconds
14.779: Total time for which application threads were stopped: 0.0000310 seconds, Stopping threads took: 0.0000200 seconds
14.780: Application time: 0.0003800 seconds
14.780: Total time for which application threads were stopped: 0.0000570 seconds, Stopping threads took: 0.0000400 seconds
14.780: Application time: 0.0000390 seconds
14.780: Total time for which application threads were stopped: 0.0000380 seconds, Stopping threads took: 0.0000270 seconds
14.783: Application time: 0.0028990 seconds
14.783: Total time for which application threads were stopped: 0.0000540 seconds, Stopping threads took: 0.0000230 seconds
14.788: Application time: 0.0052150 seconds
14.788: Total time for which application threads were stopped: 0.0000600 seconds, Stopping threads took: 0.0000200 seconds
15.051: Application time: 0.2631130 seconds
15.052: [GC [PSYoungGen: 13310K->2016K(15360K)] 16456K->5517K(49664K), 0.0016770 secs] [Times: user=0.01 sys=0.00, real=0.00 secs] 
15.053: Total time for which application threads were stopped: 0.0019840 seconds, Stopping threads took: 0.0001300 seconds
15.053: Application time: 0.0001710 seconds
15.053: Total time for which application threads were stopped: 0.0000530 seconds, Stopping threads took: 0.0000360 seconds
15.053: Application time: 0.0000210 seconds
15.054: Total time for which application threads were stopped: 0.0000400 seconds, Stopping threads took: 0.0000290 seconds
15.054: Application time: 0.0000190 seconds
15.054: Total time for which application threads were stopped: 0.0000360 seconds, Stopping threads took: 0.0000290 seconds
15.054: Application time: 0.0000170 seconds
15.054: Total time for which application threads were stopped: 0.0000390 seconds, Stopping threads took: 0.0000290 seconds
15.054: Application time: 0.0000160 seconds
15.054: Total time for which application threads were stopped: 0.0000280 seconds, Stopping threads took: 0.0000220 seconds
15.054: Application time: 0.0000170 seconds
15.054: Total time for which application threads were stopped: 0.0000330 seconds, Stopping threads took: 0.0000250 seconds
15.054: Application time: 0.0000120 seconds
15.054: Total time for which application threads were stopped: 0.0000280 seconds, Stopping threads took: 0.0000210 seconds
15.054: Application time: 0.0000090 seconds
15.054: Total time for which application threads were stopped: 0.0000250 seconds, Stopping threads took: 0.0000200 seconds
15.054: Application time: 0.0000120 seconds
15.054: Total time for which application threads were stopped: 0.0000250 seconds, Stopping threads took: 0.0000180 seconds
15.054: Application time: 0.0000100 seconds
15.054: Total time for which application threads were stopped: 0.0000290 seconds, Stopping threads took: 0.0000230 seconds
15.054: Application time: 0.0000110 seconds
15.054: Total time for which application threads were stopped: 0.0000310 seconds, Stopping threads took: 0.0000240 seconds
15.054: Application time: 0.0000090 seconds
15.054: Total time for which application threads were stopped: 0.0000210 seconds, Stopping threads took: 0.0000170 seconds
15.054: Application time: 0.0000140 seconds
15.054: Total time for which application threads were stopped: 0.0000330 seconds, Stopping threads took: 0.0000240 seconds
15.054: Application time: 0.0000120 seconds
15.054: Total time for which application threads were stopped: 0.0000350 seconds, Stopping threads took: 0.0000270 seconds
15.054: Application time: 0.0000150 seconds
15.054: Total time for which application threads were stopped: 0.0000260 seconds, Stopping threads took: 0.0000180 seconds
15.054: Application time: 0.0000120 seconds
15.056: Total time for which application threads were stopped: 0.0021440 seconds, Stopping threads took: 0.0021370 seconds
15.056: Application time: 0.0000100 seconds
15.056: Total time for which application threads were stopped: 0.0000210 seconds, Stopping threads took: 0.0000160 seconds
15.056: Application time: 0.0000150 seconds
15.056: Total time for which application threads were stopped: 0.0000350 seconds, Stopping threads took: 0.0000260 seconds
15.056: Application time: 0.0000120 seconds
15.056: Total time for which application threads were stopped: 0.0000300 seconds, Stopping threads took: 0.0000220 seconds
15.056: Application time: 0.0000140 seconds
15.056: Total time for which application threads were stopped: 0.0000740 seconds, Stopping threads took: 0.0000240 seconds
15.201: Application time: 0.1449420 seconds
15.202: [GC [PSYoungGen: 15325K->2032K(15360K)] 18826K->5549K(49664K), 0.0012980 secs] [Times: user=0.00 sys=0.00, real=0.00 secs] 
15.203: Total time for which application threads were stopped: 0.0015570 seconds, Stopping threads took: 0.0000760 seconds
15.346: Application time: 0.1431490 seconds
15.348: [GC [PSYoungGen: 15340K->2016K(15360K)] 18858K->5573K(49664K), 0.0010230 secs] [Times: user=0.00 sys=0.00, real=0.00 secs] 
15.349: Total time for which application threads were stopped: 0.0032670 seconds, Stopping threads took: 0.0021480 seconds
15.452: Application time: 0.1026220 seconds
15.452: [GC [PSYoungGen: 15324K->2032K(15360K)] 18882K->5589K(49664K), 0.0009470 secs] [Times: user=0.00 sys=0.00, real=0.00 secs] 
15.453: Total time for which application threads were stopped: 0.0011050 seconds, Stopping threads took: 0.0000850 seconds
15.566: Application time: 0.1127370 seconds
15.566: [GC [PSYoungGen: 15343K->1984K(15360K)] 18900K->5541K(49664K), 0.0009760 secs] [Times: user=0.01 sys=0.00, real=0.00 secs] 
15.567: Total time for which application threads were stopped: 0.0010920 seconds, Stopping threads took: 0.0000530 seconds
15.679: Application time: 0.1116330 seconds
15.680: [GC [PSYoungGen: 15294K->1920K(15360K)] 18852K->5605K(49664K), 0.0011050 secs] [Times: user=0.00 sys=0.00, real=0.00 secs] 
15.681: Total time for which application threads were stopped: 0.0028560 seconds, Stopping threads took: 0.0016790 seconds
15.791: Application time: 0.1098010 seconds
15.791: [GC [PSYoungGen: 15231K->1920K(15360K)] 18917K->5605K(49664K), 0.0010340 secs] [Times: user=0.01 sys=0.00, real=0.00 secs] 
15.792: Total time for which application threads were stopped: 0.0011940 seconds, Stopping threads took: 0.0000870 seconds
15.900: Application time: 0.1076910 seconds
15.904: [GC [PSYoungGen: 15229K->1952K(15360K)] 18915K->5637K(49664K), 0.0010430 secs] [Times: user=0.00 sys=0.00, real=0.00 secs] 
15.905: Total time for which application threads were stopped: 0.0052730 seconds, Stopping threads took: 0.0041520 seconds
16.186: Application time: 0.2803150 seconds
16.186: [GC [PSYoungGen: 15261K->1984K(15360K)] 18946K->5669K(49664K), 0.0009600 secs] [Times: user=0.01 sys=0.00, real=0.00 secs] 
16.187: Total time for which application threads were stopped: 0.0011090 seconds, Stopping threads took: 0.0000700 seconds
16.249: Application time: 0.0626360 seconds
16.250: [GC [PSYoungGen: 15292K->2032K(15360K)] 18977K->5757K(49664K), 0.0008790 secs] [Times: user=0.00 sys=0.00, real=0.00 secs] 
16.250: Total time for which application threads were stopped: 0.0009930 seconds, Stopping threads took: 0.0000560 seconds
16.310: Application time: 0.0590180 seconds
16.310: [GC [PSYoungGen: 15342K->2032K(15360K)] 19068K->5757K(49664K), 0.0008460 secs] [Times: user=0.00 sys=0.00, real=0.00 secs] 
16.310: Total time for which application threads were stopped: 0.0009520 seconds, Stopping threads took: 0.0000470 seconds
16.370: Application time: 0.0591080 seconds
16.370: [GC [PSYoungGen: 15343K->2032K(15360K)] 19069K->5757K(49664K), 0.0008020 secs] [Times: user=0.00 sys=0.00, real=0.00 secs] 
16.370: Total time for which application threads were stopped: 0.0009100 seconds, Stopping threads took: 0.0000520 seconds
16.429: Application time: 0.0586530 seconds
16.429: [GC [PSYoungGen: 15341K->1968K(15360K)] 19067K->5693K(49664K), 0.0007890 secs] [Times: user=0.01 sys=0.00, real=0.00 secs] 
16.430: Total time for which application threads were stopped: 0.0009030 seconds, Stopping threads took: 0.0000480 seconds
16.489: Application time: 0.0587350 seconds
16.489: [GC [PSYoungGen: 15277K->2000K(15360K)] 19003K->5725K(49664K), 0.0008020 secs] [Times: user=0.00 sys=0.00, real=0.00 secs] 
16.490: Total time for which application threads were stopped: 0.0009210 seconds, Stopping threads took: 0.0000610 seconds
16.549: Application time: 0.0589650 seconds
16.549: [GC [PSYoungGen: 15309K->2016K(15360K)] 19035K->5741K(49664K), 0.0008240 secs] [Times: user=0.01 sys=0.00, real=0.00 secs] 
16.550: Total time for which application threads were stopped: 0.0009490 seconds, Stopping threads took: 0.0000660 seconds
16.610: Application time: 0.0599790 seconds
16.610: [GC [PSYoungGen: 15328K->1280K(15360K)] 19053K->5785K(49664K), 0.0007450 secs] [Times: user=0.00 sys=0.00, real=0.00 secs] 
16.610: Total time for which application threads were stopped: 0.0008560 seconds, Stopping threads took: 0.0000550 seconds
16.669: Application time: 0.0589840 seconds
16.670: [GC [PSYoungGen: 14589K->1280K(15360K)] 19095K->5817K(49664K), 0.0005090 secs] [Times: user=0.00 sys=0.00, real=0.00 secs] 
16.670: Total time for which application threads were stopped: 0.0006240 seconds, Stopping threads took: 0.0000580 seconds
16.729: Application time: 0.0594290 seconds
16.730: [GC [PSYoungGen: 14589K->1248K(15360K)] 19127K->5801K(49664K), 0.0005890 secs] [Times: user=0.00 sys=0.00, real=0.00 secs] 
16.730: Total time for which application threads were stopped: 0.0007100 seconds, Stopping threads took: 0.0000670 seconds
16.790: Application time: 0.0596050 seconds
16.790: [GC [PSYoungGen: 14557K->1408K(15360K)] 19111K->5961K(49664K), 0.0005520 secs] [Times: user=0.00 sys=0.00, real=0.00 secs] 
16.790: Total time for which application threads were stopped: 0.0006590 seconds, Stopping threads took: 0.0000490 seconds
16.850: Application time: 0.0598340 seconds
16.850: [GC [PSYoungGen: 14717K->1248K(15360K)] 19271K->5801K(49664K), 0.0005690 secs] [Times: user=0.00 sys=0.00, real=0.00 secs] 
16.851: Total time for which application threads were stopped: 0.0006830 seconds, Stopping threads took: 0.0000550 seconds
16.910: Application time: 0.0594380 seconds
16.911: [GC [PSYoungGen: 14557K->1280K(15360K)] 19111K->5833K(49664K), 0.0005680 secs] [Times: user=0.00 sys=0.00, real=0.00 secs] 
16.911: Total time for which application threads were stopped: 0.0006800 seconds, Stopping threads took: 0.0000560 seconds
16.967: Application time: 0.0563580 seconds
16.968: [GC [PSYoungGen: 14591K->1312K(15360K)] 19144K->6086K(49664K), 0.0005990 secs] [Times: user=0.00 sys=0.00, real=0.00 secs] 
16.968: Total time for which application threads were stopped: 0.0007190 seconds, Stopping threads took: 0.0000570 seconds
17.010: Application time: 0.0419530 seconds
17.010: [GC [PSYoungGen: 14520K->1152K(15360K)] 19295K->6131K(49664K), 0.0006610 secs] [Times: user=0.00 sys=0.00, real=0.00 secs] 
17.012: Total time for which application threads were stopped: 0.0017990 seconds, Stopping threads took: 0.0000720 seconds
17.054: Application time: 0.0421050 seconds
17.054: [GC [PSYoungGen: 14460K->1120K(15360K)] 19439K->6315K(49664K), 0.0005520 secs] [Times: user=0.00 sys=0.00, real=0.00 secs] 
17.055: Total time for which application threads were stopped: 0.0006870 seconds, Stopping threads took: 0.0000750 seconds
17.110: Application time: 0.0552890 seconds
17.110: [GC [PSYoungGen: 14428K->480K(15360K)] 19623K->6423K(49664K), 0.0004540 secs] [Times: user=0.00 sys=0.00, real=0.00 secs] 
17.111: Total time for which application threads were stopped: 0.0005700 seconds, Stopping threads took: 0.0000530 seconds
17.172: Application time: 0.0610990 seconds
17.172: [GC [PSYoungGen: 13791K->448K(15360K)] 19734K->6391K(49664K), 0.0005300 secs] [Times: user=0.00 sys=0.00, real=0.00 secs] 
17.172: Total time for which application threads were stopped: 0.0006620 seconds, Stopping threads took: 0.0000740 seconds
17.233: Application time: 0.0602490 seconds
17.233: [GC [PSYoungGen: 13757K->480K(15360K)] 19701K->6423K(49664K), 0.0004210 secs] [Times: user=0.00 sys=0.00, real=0.00 secs] 
17.233: Total time for which application threads were stopped: 0.0005580 seconds, Stopping threads took: 0.0000800 seconds
17.292: Application time: 0.0589760 seconds
17.292: [GC [PSYoungGen: 13789K->416K(15360K)] 19733K->6359K(49664K), 0.0004300 secs] [Times: user=0.00 sys=0.00, real=0.00 secs] 
17.293: Total time for which application threads were stopped: 0.0005450 seconds, Stopping threads took: 0.0000570 seconds
17.351: Application time: 0.0586860 seconds
17.351: Total time for which application threads were stopped: 0.0000770 seconds, Stopping threads took: 0.0000570 seconds
17.352: Application time: 0.0000790 seconds
17.352: [GC [PSYoungGen: 13705K->576K(15360K)] 19776K->6647K(49664K), 0.0004040 secs] [Times: user=0.00 sys=0.00, real=0.00 secs] 
17.352: Total time for which application threads were stopped: 0.0004710 seconds, Stopping threads took: 0.0000220 seconds
17.394: Application time: 0.0417790 seconds
17.394: [GC [PSYoungGen: 13885K->512K(15360K)] 20241K->6868K(49664K), 0.0004000 secs] [Times: user=0.00 sys=0.00, real=0.00 secs] 
17.394: Total time for which application threads were stopped: 0.0005070 seconds, Stopping threads took: 0.0000540 seconds
17.437: Application time: 0.0426720 seconds
17.437: [GC [PSYoungGen: 13821K->912K(15360K)] 20177K->7268K(49664K), 0.0004770 secs] [Times: user=0.00 sys=0.00, real=0.00 secs] 
17.438: Total time for which application threads were stopped: 0.0006090 seconds, Stopping threads took: 0.0000730 seconds
17.474: Application time: 0.0368090 seconds
17.475: [GC [PSYoungGen: 14220K->1248K(15360K)] 20577K->7604K(49664K), 0.0006000 secs] [Times: user=0.01 sys=0.00, real=0.00 secs] 
17.475: Total time for which application threads were stopped: 0.0007110 seconds, Stopping threads took: 0.0000460 seconds
17.512: Application time: 0.0368220 seconds
17.512: [GC [PSYoungGen: 14557K->1360K(15360K)] 20913K->7716K(49664K), 0.0005730 secs] [Times: user=0.00 sys=0.00, real=0.00 secs] 
17.513: Total time for which application threads were stopped: 0.0006790 seconds, Stopping threads took: 0.0000480 seconds
17.542: Application time: 0.0291510 seconds
17.542: [GC [PSYoungGen: 14667K->1936K(15360K)] 21023K->8292K(49664K), 0.0006510 secs] [Times: user=0.01 sys=0.00, real=0.00 secs] 
17.543: Total time for which application threads were stopped: 0.0007520 seconds, Stopping threads took: 0.0000460 seconds
17.578: Application time: 0.0355980 seconds
17.578: [GC [PSYoungGen: 15248K->1952K(15360K)] 21604K->8308K(49664K), 0.0006730 secs] [Times: user=0.00 sys=0.00, real=0.00 secs] 
17.579: Total time for which application threads were stopped: 0.0007830 seconds, Stopping threads took: 0.0000540 seconds
17.632: Application time: 0.0534200 seconds
17.632: [GC [PSYoungGen: 15262K->1984K(15360K)] 21618K->8340K(49664K), 0.0006940 secs] [Times: user=0.00 sys=0.00, real=0.00 secs] 
17.633: Total time for which application threads were stopped: 0.0008130 seconds, Stopping threads took: 0.0000670 seconds
17.690: Application time: 0.0573280 seconds
17.691: [GC [PSYoungGen: 15293K->1888K(15360K)] 21649K->8244K(49664K), 0.0006810 secs] [Times: user=0.00 sys=0.00, real=0.00 secs] 
17.691: Total time for which application threads were stopped: 0.0008070 seconds, Stopping threads took: 0.0000690 seconds
17.748: Application time: 0.0571030 seconds
17.748: [GC [PSYoungGen: 15197K->1952K(15360K)] 21553K->8308K(49664K), 0.0007830 secs] [Times: user=0.00 sys=0.00, real=0.00 secs] 
17.749: Total time for which application threads were stopped: 0.0008940 seconds, Stopping threads took: 0.0000530 seconds
17.805: Application time: 0.0559350 seconds
17.805: [GC [PSYoungGen: 15260K->1936K(15360K)] 21617K->8292K(49664K), 0.0006740 secs] [Times: user=0.00 sys=0.00, real=0.00 secs] 
17.806: Total time for which application threads were stopped: 0.0007880 seconds, Stopping threads took: 0.0000590 seconds
17.862: Application time: 0.0556460 seconds
17.862: [GC [PSYoungGen: 15244K->1888K(15360K)] 21600K->8244K(49664K), 0.0006730 secs] [Times: user=0.00 sys=0.00, real=0.00 secs] 
17.862: Total time for which application threads were stopped: 0.0007910 seconds, Stopping threads took: 0.0000610 seconds
17.918: Application time: 0.0552200 seconds
17.918: [GC [PSYoungGen: 15195K->1952K(15360K)] 21551K->8308K(49664K), 0.0006780 secs] [Times: user=0.00 sys=0.00, real=0.00 secs] 
17.918: Total time for which application threads were stopped: 0.0007920 seconds, Stopping threads took: 0.0000570 seconds
17.973: Application time: 0.0541810 seconds
17.973: [GC [PSYoungGen: 15259K->1952K(15360K)] 21616K->8308K(49664K), 0.0006970 secs] [Times: user=0.00 sys=0.00, real=0.00 secs] 
17.973: Total time for which application threads were stopped: 0.0008130 seconds, Stopping threads took: 0.0000610 seconds
18.032: Application time: 0.0586040 seconds
18.032: [GC [PSYoungGen: 15261K->1904K(15360K)] 21617K->8260K(49664K), 0.0007040 secs] [Times: user=0.00 sys=0.00, real=0.00 secs] 
18.033: Total time for which application threads were stopped: 0.0008260 seconds, Stopping threads took: 0.0000560 seconds
18.093: Application time: 0.0598680 seconds
18.093: [GC [PSYoungGen: 15216K->1904K(15360K)] 21572K->8260K(49664K), 0.0006320 secs] [Times: user=0.01 sys=0.00, real=0.00 secs] 
18.094: Total time for which application threads were stopped: 0.0012570 seconds, Stopping threads took: 0.0005640 seconds
18.153: Application time: 0.0592930 seconds
18.153: [GC [PSYoungGen: 15213K->1904K(15360K)] 21569K->8260K(49664K), 0.0006940 secs] [Times: user=0.00 sys=0.00, real=0.00 secs] 
18.154: Total time for which application threads were stopped: 0.0008050 seconds, Stopping threads took: 0.0000540 seconds
18.213: Application time: 0.0587300 seconds
18.213: [GC [PSYoungGen: 15213K->1680K(15360K)] 21569K->8300K(49664K), 0.0006720 secs] [Times: user=0.00 sys=0.00, real=0.00 secs] 
18.214: Total time for which application threads were stopped: 0.0007840 seconds, Stopping threads took: 0.0000530 seconds
18.273: Application time: 0.0592140 seconds
18.273: [GC [PSYoungGen: 14989K->1376K(15360K)] 21609K->8340K(49664K), 0.0006760 secs] [Times: user=0.00 sys=0.00, real=0.00 secs] 
18.274: Total time for which application threads were stopped: 0.0007930 seconds, Stopping threads took: 0.0000590 seconds
18.333: Application time: 0.0589020 seconds
18.333: [GC [PSYoungGen: 14685K->1344K(15360K)] 21649K->8308K(49664K), 0.0005650 secs] [Times: user=0.00 sys=0.00, real=0.00 secs] 
18.333: Total time for which application threads were stopped: 0.0006750 seconds, Stopping threads took: 0.0000540 seconds
18.393: Application time: 0.0597480 seconds
18.393: [GC [PSYoungGen: 14653K->1280K(15360K)] 21617K->8356K(49664K), 0.0005930 secs] [Times: user=0.00 sys=0.00, real=0.00 secs] 
18.394: Total time for which application threads were stopped: 0.0007030 seconds, Stopping threads took: 0.0000530 seconds
18.453: Application time: 0.0596910 seconds
18.453: [GC [PSYoungGen: 14589K->1248K(15360K)] 21665K->8324K(49664K), 0.0005240 secs] [Times: user=0.00 sys=0.00, real=0.00 secs] 
18.454: Total time for which application threads were stopped: 0.0006340 seconds, Stopping threads took: 0.0000540 seconds
18.514: Application time: 0.0597070 seconds
18.514: [GC [PSYoungGen: 14557K->1248K(15360K)] 21633K->8324K(49664K), 0.0005350 secs] [Times: user=0.00 sys=0.00, real=0.00 secs] 
18.514: Total time for which application threads were stopped: 0.0006500 seconds, Stopping threads took: 0.0000580 seconds
18.574: Application time: 0.0597240 seconds
18.574: [GC [PSYoungGen: 14557K->1408K(15360K)] 21633K->8484K(49664K), 0.0006000 secs] [Times: user=0.00 sys=0.00, real=0.00 secs] 
18.575: Total time for which application threads were stopped: 0.0007180 seconds, Stopping threads took: 0.0000510 seconds
18.633: Application time: 0.0586430 seconds
18.634: [GC [PSYoungGen: 14717K->1280K(15360K)] 21793K->8356K(49664K), 0.0005330 secs] [Times: user=0.00 sys=0.00, real=0.00 secs] 
18.634: Total time for which application threads were stopped: 0.0006610 seconds, Stopping threads took: 0.0000680 seconds
18.692: Application time: 0.0578010 seconds
18.692: [GC [PSYoungGen: 14589K->1312K(15360K)] 21665K->8620K(49664K), 0.0005740 secs] [Times: user=0.00 sys=0.00, real=0.00 secs] 
18.693: Total time for which application threads were stopped: 0.0006920 seconds, Stopping threads took: 0.0000590 seconds
18.730: Application time: 0.0372950 seconds
18.730: [GC [PSYoungGen: 14620K->1280K(15360K)] 21929K->8801K(49664K), 0.0006060 secs] [Times: user=0.00 sys=0.00, real=0.00 secs] 
18.731: Total time for which application threads were stopped: 0.0007050 seconds, Stopping threads took: 0.0000430 seconds
18.773: Application time: 0.0421020 seconds
18.773: [GC [PSYoungGen: 14591K->1120K(15360K)] 22112K->8845K(49664K), 0.0005130 secs] [Times: user=0.00 sys=0.00, real=0.00 secs] 
18.773: Total time for which application threads were stopped: 0.0006250 seconds, Stopping threads took: 0.0000520 seconds
18.829: Application time: 0.0560130 seconds
18.829: [GC [PSYoungGen: 14428K->512K(15360K)] 22154K->8986K(49664K), 0.0004930 secs] [Times: user=0.00 sys=0.00, real=0.00 secs] 
18.830: Total time for which application threads were stopped: 0.0006130 seconds, Stopping threads took: 0.0000620 seconds
18.889: Application time: 0.0585090 seconds
18.889: [GC [PSYoungGen: 13821K->512K(15360K)] 22295K->8986K(49664K), 0.0004030 secs] [Times: user=0.01 sys=0.00, real=0.00 secs] 
18.889: Total time for which application threads were stopped: 0.0005140 seconds, Stopping threads took: 0.0000570 seconds
18.948: Application time: 0.0585090 seconds
18.948: [GC [PSYoungGen: 13821K->544K(15360K)] 22295K->9018K(49664K), 0.0004090 secs] [Times: user=0.01 sys=0.00, real=0.00 secs] 
18.948: Total time for which application threads were stopped: 0.0005230 seconds, Stopping threads took: 0.0000610 seconds
19.007: Application time: 0.0584750 seconds
19.007: [GC [PSYoungGen: 13853K->512K(15360K)] 22327K->8986K(49664K), 0.0003950 secs] [Times: user=0.01 sys=0.00, real=0.00 secs] 
19.007: Total time for which application threads were stopped: 0.0004960 seconds, Stopping threads took: 0.0000480 seconds
19.064: Application time: 0.0571980 seconds
19.064: [GC [PSYoungGen: 13823K->672K(15360K)] 22297K->9146K(49664K), 0.0004470 secs] [Times: user=0.00 sys=0.00, real=0.00 secs] 
19.065: Total time for which application threads were stopped: 0.0005490 seconds, Stopping threads took: 0.0000470 seconds
19.107: Application time: 0.0419560 seconds
19.108: [GC [PSYoungGen: 13981K->832K(15360K)] 22455K->9306K(49664K), 0.0004350 secs] [Times: user=0.00 sys=0.00, real=0.00 secs] 
19.109: Total time for which application threads were stopped: 0.0020170 seconds, Stopping threads took: 0.0015120 seconds
19.152: Application time: 0.0433380 seconds
19.152: [GC [PSYoungGen: 14142K->992K(15360K)] 22616K->9466K(49664K), 0.0005000 secs] [Times: user=0.00 sys=0.00, real=0.00 secs] 
19.153: Total time for which application threads were stopped: 0.0005960 seconds, Stopping threads took: 0.0000420 seconds
19.194: Application time: 0.0415090 seconds
19.194: [GC [PSYoungGen: 14301K->1088K(15360K)] 22775K->9562K(49664K), 0.0005260 secs] [Times: user=0.00 sys=0.00, real=0.00 secs] 
19.195: Total time for which application threads were stopped: 0.0006430 seconds, Stopping threads took: 0.0000620 seconds
19.229: Application time: 0.0337240 seconds
19.229: [GC [PSYoungGen: 14399K->1264K(15360K)] 22874K->9738K(49664K), 0.0005450 secs] [Times: user=0.01 sys=0.00, real=0.00 secs] 
19.229: Total time for which application threads were stopped: 0.0006530 seconds, Stopping threads took: 0.0000550 seconds
19.259: Application time: 0.0295920 seconds
19.259: [GC [PSYoungGen: 14575K->1904K(15360K)] 23049K->10378K(49664K), 0.0007050 secs] [Times: user=0.01 sys=0.00, real=0.00 secs] 
19.260: Total time for which application threads were stopped: 0.0008140 seconds, Stopping threads took: 0.0000430 seconds
19.294: Application time: 0.0344010 seconds
19.294: [GC [PSYoungGen: 15213K->1888K(15360K)] 23688K->10362K(49664K), 0.0007240 secs] [Times: user=0.01 sys=0.00, real=0.00 secs] 
19.295: Total time for which application threads were stopped: 0.0008220 seconds, Stopping threads took: 0.0000410 seconds
19.348: Application time: 0.0526190 seconds
19.348: [GC [PSYoungGen: 15198K->1968K(15360K)] 23672K->10442K(49664K), 0.0007380 secs] [Times: user=0.00 sys=0.00, real=0.01 secs] 
19.348: Total time for which application threads were stopped: 0.0008470 seconds, Stopping threads took: 0.0000530 seconds
19.405: Application time: 0.0563060 seconds
19.405: [GC [PSYoungGen: 15279K->1920K(15360K)] 23753K->10394K(49664K), 0.0006840 secs] [Times: user=0.00 sys=0.00, real=0.00 secs] 
19.405: Total time for which application threads were stopped: 0.0008000 seconds, Stopping threads took: 0.0000580 seconds
19.463: Application time: 0.0571160 seconds
19.463: [GC [PSYoungGen: 15229K->1920K(15360K)] 23703K->10394K(49664K), 0.0007020 secs] [Times: user=0.00 sys=0.00, real=0.00 secs] 
19.463: Total time for which application threads were stopped: 0.0008220 seconds, Stopping threads took: 0.0000610 seconds
19.519: Application time: 0.0556140 seconds
19.519: [GC [PSYoungGen: 15228K->1920K(15360K)] 23703K->10394K(49664K), 0.0007010 secs] [Times: user=0.01 sys=0.00, real=0.00 secs] 
19.520: Total time for which application threads were stopped: 0.0008100 seconds, Stopping threads took: 0.0000520 seconds
19.576: Application time: 0.0561990 seconds
19.576: [GC [PSYoungGen: 15231K->1888K(15360K)] 23705K->10362K(49664K), 0.0006480 secs] [Times: user=0.00 sys=0.00, real=0.00 secs] 
19.577: Total time for which application threads were stopped: 0.0007700 seconds, Stopping threads took: 0.0000670 seconds
19.634: Application time: 0.0568050 seconds
19.634: [GC [PSYoungGen: 15196K->1904K(15360K)] 23670K->10378K(49664K), 0.0006700 secs] [Times: user=0.01 sys=0.00, real=0.00 secs] 
19.634: Total time for which application threads were stopped: 0.0007930 seconds, Stopping threads took: 0.0000580 seconds
19.689: Application time: 0.0543360 seconds
19.689: [GC [PSYoungGen: 15214K->1904K(15360K)] 23688K->10378K(49664K), 0.0006860 secs] [Times: user=0.00 sys=0.00, real=0.00 secs] 
19.690: Total time for which application threads were stopped: 0.0007870 seconds, Stopping threads took: 0.0000450 seconds
19.748: Application time: 0.0584800 seconds
19.748: [GC [PSYoungGen: 15213K->1920K(15360K)] 23687K->10394K(49664K), 0.0006780 secs] [Times: user=0.01 sys=0.00, real=0.01 secs] 
19.749: Total time for which application threads were stopped: 0.0007920 seconds, Stopping threads took: 0.0000580 seconds
19.808: Application time: 0.0593730 seconds
19.808: [GC [PSYoungGen: 15229K->1856K(15360K)] 23703K->10330K(49664K), 0.0006470 secs] [Times: user=0.01 sys=0.00, real=0.00 secs] 
19.809: Total time for which application threads were stopped: 0.0007630 seconds, Stopping threads took: 0.0000630 seconds
19.868: Application time: 0.0587970 seconds
19.868: [GC [PSYoungGen: 15165K->1872K(15360K)] 23639K->10346K(49664K), 0.0006880 secs] [Times: user=0.01 sys=0.00, real=0.01 secs] 
19.869: Total time for which application threads were stopped: 0.0008190 seconds, Stopping threads took: 0.0000740 seconds
19.927: Application time: 0.0587280 seconds
19.927: [GC [PSYoungGen: 15181K->1408K(15360K)] 23655K->10358K(49664K), 0.0007290 secs] [Times: user=0.00 sys=0.00, real=0.00 secs] 
19.928: Total time for which application threads were stopped: 0.0008360 seconds, Stopping threads took: 0.0000530 seconds
19.987: Application time: 0.0586320 seconds
19.987: [GC [PSYoungGen: 14717K->1392K(15360K)] 23667K->10422K(49664K), 0.0006360 secs] [Times: user=0.00 sys=0.00, real=0.00 secs] 
19.988: Total time for which application threads were stopped: 0.0007420 seconds, Stopping threads took: 0.0000490 seconds
20.046: Application time: 0.0588320 seconds
20.046: [GC [PSYoungGen: 14701K->1344K(15360K)] 23731K->10414K(49664K), 0.0006730 secs] [Times: user=0.00 sys=0.00, real=0.00 secs] 
20.047: Total time for which application threads were stopped: 0.0008770 seconds, Stopping threads took: 0.0000500 seconds
20.107: Application time: 0.0597600 seconds
20.107: [GC [PSYoungGen: 14655K->1280K(15360K)] 23726K->10470K(49664K), 0.0005280 secs] [Times: user=0.01 sys=0.00, real=0.00 secs] 
20.108: Total time for which application threads were stopped: 0.0006290 seconds, Stopping threads took: 0.0000470 seconds
20.167: Application time: 0.0594440 seconds
20.167: [GC [PSYoungGen: 14589K->1248K(15360K)] 23780K->10438K(49664K), 0.0005590 secs] [Times: user=0.00 sys=0.00, real=0.00 secs] 
20.168: Total time for which application threads were stopped: 0.0006890 seconds, Stopping threads took: 0.0000630 seconds
20.228: Application time: 0.0599870 seconds
20.228: [GC [PSYoungGen: 14557K->1280K(15360K)] 23748K->10470K(49664K), 0.0005870 secs] [Times: user=0.01 sys=0.00, real=0.01 secs] 
20.228: Total time for which application threads were stopped: 0.0007030 seconds, Stopping threads took: 0.0000610 seconds
20.288: Application time: 0.0592570 seconds
20.288: [GC [PSYoungGen: 14589K->1216K(15360K)] 23780K->10406K(49664K), 0.0005450 secs] [Times: user=0.00 sys=0.00, real=0.01 secs] 
20.288: Total time for which application threads were stopped: 0.0006510 seconds, Stopping threads took: 0.0000490 seconds
20.348: Application time: 0.0598970 seconds
20.348: [GC [PSYoungGen: 14527K->1280K(15360K)] 23718K->10470K(49664K), 0.0005380 secs] [Times: user=0.01 sys=0.00, real=0.00 secs] 
20.349: Total time for which application threads were stopped: 0.0006570 seconds, Stopping threads took: 0.0000630 seconds
20.405: Application time: 0.0560900 seconds
20.405: [GC [PSYoungGen: 14590K->1312K(15360K)] 23781K->10715K(49664K), 0.0005940 secs] [Times: user=0.01 sys=0.00, real=0.00 secs] 
20.406: Total time for which application threads were stopped: 0.0006920 seconds, Stopping threads took: 0.0000400 seconds
20.442: Application time: 0.0358280 seconds
20.442: [GC [PSYoungGen: 14620K->1312K(15360K)] 24023K->10919K(49664K), 0.0006070 secs] [Times: user=0.00 sys=0.00, real=0.00 secs] 
20.442: Total time for which application threads were stopped: 0.0007020 seconds, Stopping threads took: 0.0000360 seconds
20.487: Application time: 0.0448620 seconds
20.487: [GC [PSYoungGen: 14623K->1056K(15360K)] 24231K->10884K(49664K), 0.0005320 secs] [Times: user=0.00 sys=0.00, real=0.00 secs] 
20.488: Total time for which application threads were stopped: 0.0006400 seconds, Stopping threads took: 0.0000530 seconds
20.544: Application time: 0.0559990 seconds
20.544: [GC [PSYoungGen: 14366K->512K(15360K)] 24194K->10961K(49664K), 0.0004860 secs] [Times: user=0.00 sys=0.00, real=0.00 secs] 
20.544: Total time for which application threads were stopped: 0.0005910 seconds, Stopping threads took: 0.0000490 seconds
20.603: Application time: 0.0588120 seconds
20.603: [GC [PSYoungGen: 13821K->480K(15360K)] 24271K->10929K(49664K), 0.0004050 secs] [Times: user=0.00 sys=0.00, real=0.00 secs] 
20.604: Total time for which application threads were stopped: 0.0005130 seconds, Stopping threads took: 0.0000530 seconds
20.663: Application time: 0.0589630 seconds
20.663: [GC [PSYoungGen: 13789K->512K(15360K)] 24239K->10961K(49664K), 0.0004110 secs] [Times: user=0.01 sys=0.00, real=0.00 secs] 
20.663: Total time for which application threads were stopped: 0.0005240 seconds, Stopping threads took: 0.0000580 seconds
20.722: Application time: 0.0589490 seconds
20.722: [GC [PSYoungGen: 13821K->480K(15360K)] 24271K->10929K(49664K), 0.0004500 secs] [Times: user=0.00 sys=0.00, real=0.00 secs] 
20.723: Total time for which application threads were stopped: 0.0005740 seconds, Stopping threads took: 0.0000580 seconds
20.781: Application time: 0.0582860 seconds
20.781: [GC [PSYoungGen: 13789K->512K(15360K)] 24239K->10961K(49664K), 0.0004080 secs] [Times: user=0.01 sys=0.00, real=0.00 secs] 
20.781: Total time for which application threads were stopped: 0.0005220 seconds, Stopping threads took: 0.0000570 seconds
20.823: Application time: 0.0418960 seconds
20.823: [GC [PSYoungGen: 13823K->736K(15360K)] 24273K->11185K(49664K), 0.0004440 secs] [Times: user=0.00 sys=0.00, real=0.00 secs] 
20.824: Total time for which application threads were stopped: 0.0005450 seconds, Stopping threads took: 0.0000470 seconds
20.868: Application time: 0.0437130 seconds
20.868: [GC [PSYoungGen: 14048K->960K(15360K)] 24497K->11409K(49664K), 0.0004750 secs] [Times: user=0.00 sys=0.00, real=0.00 secs] 
20.868: Total time for which application threads were stopped: 0.0005920 seconds, Stopping threads took: 0.0000560 seconds
20.906: Application time: 0.0376100 seconds
20.906: [GC [PSYoungGen: 14271K->1264K(15360K)] 24720K->11713K(49664K), 0.0005400 secs] [Times: user=0.00 sys=0.00, real=0.00 secs] 
20.906: Total time for which application threads were stopped: 0.0006310 seconds, Stopping threads took: 0.0000370 seconds
20.947: Application time: 0.0401100 seconds
20.947: [GC [PSYoungGen: 14502K->1600K(15360K)] 24952K->12049K(49664K), 0.0006080 secs] [Times: user=0.00 sys=0.00, real=0.00 secs] 
20.947: Total time for which application threads were stopped: 0.0007290 seconds, Stopping threads took: 0.0000650 seconds
20.975: Application time: 0.0278010 seconds
20.975: [GC [PSYoungGen: 14909K->1888K(15360K)] 25359K->12337K(49664K), 0.0006580 secs] [Times: user=0.00 sys=0.00, real=0.00 secs] 
20.976: Total time for which application threads were stopped: 0.0007670 seconds, Stopping threads took: 0.0000560 seconds
21.009: Application time: 0.0330110 seconds
21.009: [GC [PSYoungGen: 15196K->1936K(15360K)] 25646K->12385K(49664K), 0.0006500 secs] [Times: user=0.01 sys=0.00, real=0.00 secs] 
21.010: Total time for which application threads were stopped: 0.0008000 seconds, Stopping threads took: 0.0000720 seconds
21.063: Application time: 0.0527860 seconds
21.063: [GC [PSYoungGen: 15246K->1904K(15360K)] 25695K->12353K(49664K), 0.0006760 secs] [Times: user=0.00 sys=0.00, real=0.00 secs] 
21.063: Total time for which application threads were stopped: 0.0007790 seconds, Stopping threads took: 0.0000460 seconds
21.121: Application time: 0.0573190 seconds
21.121: [GC [PSYoungGen: 15214K->1968K(15360K)] 25664K->12417K(49664K), 0.0006230 secs] [Times: user=0.00 sys=0.00, real=0.00 secs] 
21.121: Total time for which application threads were stopped: 0.0007460 seconds, Stopping threads took: 0.0000710 seconds
21.179: Application time: 0.0571560 seconds
21.179: [GC [PSYoungGen: 15277K->1920K(15360K)] 25727K->12369K(49664K), 0.0007270 secs] [Times: user=0.00 sys=0.00, real=0.00 secs] 
21.179: Total time for which application threads were stopped: 0.0008470 seconds, Stopping threads took: 0.0000650 seconds
21.235: Application time: 0.0556800 seconds
21.236: [GC [PSYoungGen: 15229K->1936K(15360K)] 25679K->12385K(49664K), 0.0007080 secs] [Times: user=0.00 sys=0.00, real=0.00 secs] 
21.237: Total time for which application threads were stopped: 0.0020320 seconds, Stopping threads took: 0.0012520 seconds
21.293: Application time: 0.0563260 seconds
21.293: [GC [PSYoungGen: 15247K->1936K(15360K)] 25697K->12385K(49664K), 0.0007100 secs] [Times: user=0.01 sys=0.00, real=0.00 secs] 
21.294: Total time for which application threads were stopped: 0.0008120 seconds, Stopping threads took: 0.0000480 seconds
21.350: Application time: 0.0557960 seconds
21.352: [GC [PSYoungGen: 15246K->1952K(15360K)] 25696K->12401K(49664K), 0.0008010 secs] [Times: user=0.00 sys=0.00, real=0.00 secs] 
21.353: Total time for which application threads were stopped: 0.0031390 seconds, Stopping threads took: 0.0022810 seconds
21.407: Application time: 0.0534290 seconds
21.407: [GC [PSYoungGen: 15262K->1920K(15360K)] 25712K->12369K(49664K), 0.0006950 secs] [Times: user=0.01 sys=0.00, real=0.00 secs] 
21.407: Total time for which application threads were stopped: 0.0008080 seconds, Stopping threads took: 0.0000550 seconds
21.466: Application time: 0.0584790 seconds
21.466: [GC [PSYoungGen: 15229K->1952K(15360K)] 25679K->12401K(49664K), 0.0006790 secs] [Times: user=0.01 sys=0.00, real=0.00 secs] 
21.467: Total time for which application threads were stopped: 0.0007980 seconds, Stopping threads took: 0.0000530 seconds
21.526: Application time: 0.0589950 seconds
21.526: [GC [PSYoungGen: 15261K->1952K(15360K)] 25711K->12401K(49664K), 0.0007690 secs] [Times: user=0.00 sys=0.00, real=0.00 secs] 
21.527: Total time for which application threads were stopped: 0.0008830 seconds, Stopping threads took: 0.0000570 seconds
21.586: Application time: 0.0592310 seconds
21.586: [GC [PSYoungGen: 15261K->1920K(15360K)] 25711K->12369K(49664K), 0.0007950 secs] [Times: user=0.00 sys=0.00, real=0.00 secs] 
21.587: Total time for which application threads were stopped: 0.0009240 seconds, Stopping threads took: 0.0000710 seconds
21.646: Application time: 0.0591720 seconds
21.646: [GC [PSYoungGen: 15229K->1440K(15360K)] 25679K->12355K(49664K), 0.0007440 secs] [Times: user=0.01 sys=0.00, real=0.00 secs] 
21.647: Total time for which application threads were stopped: 0.0008580 seconds, Stopping threads took: 0.0000580 seconds
21.706: Application time: 0.0589690 seconds
21.706: [GC [PSYoungGen: 14749K->1328K(15360K)] 25664K->12367K(49664K), 0.0006430 secs] [Times: user=0.00 sys=0.00, real=0.00 secs] 
21.706: Total time for which application threads were stopped: 0.0007540 seconds, Stopping threads took: 0.0000550 seconds
21.765: Application time: 0.0586840 seconds
21.765: [GC [PSYoungGen: 14637K->1344K(15360K)] 25676K->12431K(49664K), 0.0005850 secs] [Times: user=0.00 sys=0.00, real=0.00 secs] 
21.766: Total time for which application threads were stopped: 0.0007060 seconds, Stopping threads took: 0.0000540 seconds
21.826: Application time: 0.0597250 seconds
21.826: [GC [PSYoungGen: 14653K->1296K(15360K)] 25740K->12423K(49664K), 0.0005650 secs] [Times: user=0.00 sys=0.00, real=0.00 secs] 
21.826: Total time for which application threads were stopped: 0.0006890 seconds, Stopping threads took: 0.0000670 seconds
21.886: Application time: 0.0592240 seconds
21.886: [GC [PSYoungGen: 14605K->1280K(15360K)] 25732K->12447K(49664K), 0.0005930 secs] [Times: user=0.00 sys=0.00, real=0.00 secs] 
21.886: Total time for which application threads were stopped: 0.0007060 seconds, Stopping threads took: 0.0000590 seconds
21.946: Application time: 0.0600050 seconds
21.946: [GC [PSYoungGen: 14589K->1312K(15360K)] 25756K->12479K(49664K), 0.0005310 secs] [Times: user=0.00 sys=0.00, real=0.00 secs] 
21.947: Total time for which application threads were stopped: 0.0006510 seconds, Stopping threads took: 0.0000640 seconds
22.006: Application time: 0.0596220 seconds
22.007: [GC [PSYoungGen: 14621K->1216K(15360K)] 25788K->12383K(49664K), 0.0005750 secs] [Times: user=0.00 sys=0.00, real=0.00 secs] 
22.007: Total time for which application threads were stopped: 0.0006800 seconds, Stopping threads took: 0.0000480 seconds
22.066: Application time: 0.0589320 seconds
22.066: [GC [PSYoungGen: 14525K->1280K(15360K)] 25692K->12447K(49664K), 0.0006360 secs] [Times: user=0.00 sys=0.00, real=0.00 secs] 
22.068: Total time for which application threads were stopped: 0.0016430 seconds, Stopping threads took: 0.0000740 seconds
22.122: Application time: 0.0546250 seconds
22.123: [GC [PSYoungGen: 14588K->1216K(15360K)] 25755K->12603K(49664K), 0.0005470 secs] [Times: user=0.00 sys=0.00, real=0.00 secs] 
22.123: Total time for which application threads were stopped: 0.0006870 seconds, Stopping threads took: 0.0000840 seconds
22.158: Application time: 0.0350570 seconds
22.158: [GC [PSYoungGen: 14526K->1472K(15360K)] 25914K->12859K(49664K), 0.0005700 secs] [Times: user=0.00 sys=0.00, real=0.00 secs] 
22.159: Total time for which application threads were stopped: 0.0006810 seconds, Stopping threads took: 0.0000560 seconds
22.206: Application time: 0.0474050 seconds
22.206: [GC [PSYoungGen: 14783K->1120K(15360K)] 26171K->12932K(49664K), 0.0005390 secs] [Times: user=0.00 sys=0.00, real=0.00 secs] 
22.207: Total time for which application threads were stopped: 0.0006480 seconds, Stopping threads took: 0.0000530 seconds
22.263: Application time: 0.0561420 seconds
22.263: [GC [PSYoungGen: 14428K->480K(15360K)] 26241K->12885K(49664K), 0.0005440 secs] [Times: user=0.00 sys=0.00, real=0.00 secs] 
22.264: Total time for which application threads were stopped: 0.0006460 seconds, Stopping threads took: 0.0000480 seconds
22.322: Application time: 0.0582010 seconds
22.322: [GC [PSYoungGen: 13789K->608K(15360K)] 26195K->13013K(49664K), 0.0004270 secs] [Times: user=0.00 sys=0.00, real=0.00 secs] 
22.322: Total time for which application threads were stopped: 0.0005550 seconds, Stopping threads took: 0.0000600 seconds
22.381: Application time: 0.0584450 seconds
22.381: [GC [PSYoungGen: 13917K->448K(15360K)] 26323K->12853K(49664K), 0.0004300 secs] [Times: user=0.00 sys=0.00, real=0.00 secs] 
22.381: Total time for which application threads were stopped: 0.0005450 seconds, Stopping threads took: 0.0000590 seconds
22.440: Application time: 0.0584270 seconds
22.440: [GC [PSYoungGen: 13757K->640K(15360K)] 26163K->13045K(49664K), 0.0004320 secs] [Times: user=0.00 sys=0.00, real=0.01 secs] 
22.440: Total time for which application threads were stopped: 0.0005510 seconds, Stopping threads took: 0.0000610 seconds
22.499: Application time: 0.0583220 seconds
22.499: [GC [PSYoungGen: 13949K->416K(15360K)] 26355K->12821K(49664K), 0.0004310 secs] [Times: user=0.00 sys=0.00, real=0.00 secs] 
22.499: Total time for which application threads were stopped: 0.0005510 seconds, Stopping threads took: 0.0000620 seconds
22.543: Application time: 0.0437890 seconds
22.543: [GC [PSYoungGen: 13724K->736K(15360K)] 26130K->13141K(49664K), 0.0004320 secs] [Times: user=0.00 sys=0.00, real=0.00 secs] 
22.544: Total time for which application threads were stopped: 0.0005490 seconds, Stopping threads took: 0.0000630 seconds
22.586: Application time: 0.0425900 seconds
22.586: [GC [PSYoungGen: 14044K->992K(15360K)] 26450K->13397K(49664K), 0.0004950 secs] [Times: user=0.00 sys=0.00, real=0.00 secs] 
22.587: Total time for which application threads were stopped: 0.0006090 seconds, Stopping threads took: 0.0000570 seconds
22.631: Application time: 0.0441670 seconds
22.631: [GC [PSYoungGen: 14303K->1056K(15360K)] 26709K->13461K(49664K), 0.0004550 secs] [Times: user=0.01 sys=0.00, real=0.00 secs] 
22.632: Total time for which application threads were stopped: 0.0005680 seconds, Stopping threads took: 0.0000610 seconds
22.673: Application time: 0.0417750 seconds
22.673: [GC [PSYoungGen: 14367K->1472K(15360K)] 26773K->13877K(49664K), 0.0005970 secs] [Times: user=0.00 sys=0.00, real=0.00 secs] 
22.674: Total time for which application threads were stopped: 0.0007200 seconds, Stopping threads took: 0.0000640 seconds
22.699: Application time: 0.0250660 seconds
22.699: [GC [PSYoungGen: 14781K->1856K(15360K)] 27187K->14262K(49664K), 0.0007240 secs] [Times: user=0.00 sys=0.00, real=0.00 secs] 
22.700: Total time for which application threads were stopped: 0.0008460 seconds, Stopping threads took: 0.0000630 seconds
22.728: Application time: 0.0275540 seconds
22.728: [GC [PSYoungGen: 15166K->2000K(15360K)] 27572K->14406K(49664K), 0.0007360 secs] [Times: user=0.01 sys=0.00, real=0.01 secs] 
22.728: Total time for which application threads were stopped: 0.0008470 seconds, Stopping threads took: 0.0000520 seconds
22.782: Application time: 0.0537050 seconds
22.782: [GC [PSYoungGen: 15207K->1792K(15360K)] 27613K->14198K(49664K), 0.0006850 secs] [Times: user=0.01 sys=0.00, real=0.00 secs] 
22.783: Total time for which application threads were stopped: 0.0008040 seconds, Stopping threads took: 0.0000600 seconds
22.838: Application time: 0.0548750 seconds
22.838: [GC [PSYoungGen: 15103K->1984K(15360K)] 27509K->14390K(49664K), 0.0007500 secs] [Times: user=0.00 sys=0.00, real=0.00 secs] 
22.839: Total time for which application threads were stopped: 0.0008760 seconds, Stopping threads took: 0.0000590 seconds
22.896: Application time: 0.0576000 seconds
22.900: [GC [PSYoungGen: 15293K->1872K(15360K)] 27699K->14278K(49664K), 0.0007240 secs] [Times: user=0.01 sys=0.00, real=0.00 secs] 
22.901: Total time for which application threads were stopped: 0.0048100 seconds, Stopping threads took: 0.0040270 seconds
22.957: Application time: 0.0562880 seconds
22.957: [GC [PSYoungGen: 15180K->1936K(15360K)] 27586K->14342K(49664K), 0.0006990 secs] [Times: user=0.00 sys=0.00, real=0.00 secs] 
22.958: Total time for which application threads were stopped: 0.0008130 seconds, Stopping threads took: 0.0000570 seconds
23.013: Application time: 0.0546770 seconds
23.013: [GC [PSYoungGen: 15246K->1968K(15360K)] 27652K->14374K(49664K), 0.0007420 secs] [Times: user=0.00 sys=0.00, real=0.00 secs] 
23.014: Total time for which application threads were stopped: 0.0008580 seconds, Stopping threads took: 0.0000580 seconds
23.072: Application time: 0.0583400 seconds
23.072: [GC [PSYoungGen: 15277K->1936K(15360K)] 27683K->14342K(49664K), 0.0007650 secs] [Times: user=0.00 sys=0.00, real=0.00 secs] 
23.073: Total time for which application threads were stopped: 0.0008940 seconds, Stopping threads took: 0.0000720 seconds
23.125: Application time: 0.0515770 seconds
23.125: [GC [PSYoungGen: 15243K->1936K(15360K)] 27649K->14342K(49664K), 0.0006580 secs] [Times: user=0.00 sys=0.00, real=0.00 secs] 
23.125: Total time for which application threads were stopped: 0.0007700 seconds, Stopping threads took: 0.0000540 seconds
23.184: Application time: 0.0584070 seconds
23.184: [GC [PSYoungGen: 15245K->1904K(15360K)] 27651K->14310K(49664K), 0.0007000 secs] [Times: user=0.00 sys=0.00, real=0.00 secs] 
23.185: Total time for which application threads were stopped: 0.0008180 seconds, Stopping threads took: 0.0000600 seconds
23.243: Application time: 0.0588380 seconds
23.243: [GC [PSYoungGen: 15213K->1888K(15360K)] 27619K->14294K(49664K), 0.0007020 secs] [Times: user=0.00 sys=0.00, real=0.00 secs] 
23.244: Total time for which application threads were stopped: 0.0008190 seconds, Stopping threads took: 0.0000590 seconds
23.303: Application time: 0.0588740 seconds
23.303: [GC [PSYoungGen: 15197K->1936K(15360K)] 27603K->14342K(49664K), 0.0007290 secs] [Times: user=0.00 sys=0.00, real=0.00 secs] 
23.304: Total time for which application threads were stopped: 0.0008470 seconds, Stopping threads took: 0.0000620 seconds
23.364: Application time: 0.0597020 seconds
23.364: [GC [PSYoungGen: 15245K->1408K(15360K)] 27651K->14290K(49664K), 0.0006670 secs] [Times: user=0.00 sys=0.00, real=0.00 secs] 
23.364: Total time for which application threads were stopped: 0.0007860 seconds, Stopping threads took: 0.0000500 seconds
23.423: Application time: 0.0586750 seconds
23.423: [GC [PSYoungGen: 14717K->1408K(15360K)] 27600K->14362K(49664K), 0.0006830 secs] [Times: user=0.00 sys=0.00, real=0.00 secs] 
23.424: Total time for which application threads were stopped: 0.0008020 seconds, Stopping threads took: 0.0000620 seconds
23.483: Application time: 0.0593380 seconds
23.483: [GC [PSYoungGen: 14717K->1344K(15360K)] 27672K->14354K(49664K), 0.0005700 secs] [Times: user=0.00 sys=0.00, real=0.00 secs] 
23.484: Total time for which application threads were stopped: 0.0006860 seconds, Stopping threads took: 0.0000580 seconds
23.543: Application time: 0.0589310 seconds
23.543: [GC [PSYoungGen: 14653K->1312K(15360K)] 27664K->14402K(49664K), 0.0005950 secs] [Times: user=0.01 sys=0.00, real=0.00 secs] 
23.544: Total time for which application threads were stopped: 0.0007130 seconds, Stopping threads took: 0.0000600 seconds
23.603: Application time: 0.0591180 seconds
23.603: [GC [PSYoungGen: 14621K->1280K(15360K)] 27712K->14410K(49664K), 0.0006290 secs] [Times: user=0.00 sys=0.00, real=0.00 secs] 
23.603: Total time for which application threads were stopped: 0.0007420 seconds, Stopping threads took: 0.0000570 seconds
23.663: Application time: 0.0592840 seconds
23.663: [GC [PSYoungGen: 14589K->1248K(15360K)] 27720K->14378K(49664K), 0.0006160 secs] [Times: user=0.00 sys=0.00, real=0.00 secs] 
23.663: Total time for which application threads were stopped: 0.0007400 seconds, Stopping threads took: 0.0000670 seconds
23.723: Application time: 0.0591630 seconds
23.723: [GC [PSYoungGen: 14557K->1280K(15360K)] 27688K->14410K(49664K), 0.0005450 secs] [Times: user=0.00 sys=0.00, real=0.00 secs] 
23.723: Total time for which application threads were stopped: 0.0006600 seconds, Stopping threads took: 0.0000540 seconds
23.783: Application time: 0.0598980 seconds
23.783: [GC [PSYoungGen: 14589K->1248K(15360K)] 27720K->14378K(49664K), 0.0005920 secs] [Times: user=0.00 sys=0.00, real=0.00 secs] 
23.784: Total time for which application threads were stopped: 0.0007020 seconds, Stopping threads took: 0.0000560 seconds
23.837: Application time: 0.0532360 seconds
23.837: [GC [PSYoungGen: 14560K->1376K(15360K)] 27690K->14506K(49664K), 0.0005950 secs] [Times: user=0.00 sys=0.00, real=0.00 secs] 
23.838: Total time for which application threads were stopped: 0.0007080 seconds, Stopping threads took: 0.0000550 seconds
23.874: Application time: 0.0363450 seconds
23.874: [GC [PSYoungGen: 14687K->1280K(15360K)] 27818K->14843K(49664K), 0.0005890 secs] [Times: user=0.00 sys=0.00, real=0.00 secs] 
23.875: Total time for which application threads were stopped: 0.0007050 seconds, Stopping threads took: 0.0000470 seconds
23.922: Application time: 0.0466360 seconds
23.922: [GC [PSYoungGen: 14589K->1312K(15360K)] 28153K->14875K(49664K), 0.0005350 secs] [Times: user=0.01 sys=0.00, real=0.00 secs] 
23.922: Total time for which application threads were stopped: 0.0006450 seconds, Stopping threads took: 0.0000560 seconds
23.979: Application time: 0.0566780 seconds
23.979: [GC [PSYoungGen: 14620K->480K(15360K)] 28184K->14853K(49664K), 0.0004920 secs] [Times: user=0.00 sys=0.00, real=0.00 secs] 
23.979: Total time for which application threads were stopped: 0.0006070 seconds, Stopping threads took: 0.0000570 seconds
24.039: Application time: 0.0593840 seconds
24.039: [GC [PSYoungGen: 13789K->512K(15360K)] 28162K->14885K(49664K), 0.0003950 secs] [Times: user=0.00 sys=0.00, real=0.00 secs] 
24.039: Total time for which application threads were stopped: 0.0005110 seconds, Stopping threads took: 0.0000590 seconds
24.099: Application time: 0.0596500 seconds
24.099: [GC [PSYoungGen: 13821K->544K(15360K)] 28194K->14917K(49664K), 0.0004280 secs] [Times: user=0.00 sys=0.00, real=0.00 secs] 
24.100: Total time for which application threads were stopped: 0.0005410 seconds, Stopping threads took: 0.0000570 seconds
24.160: Application time: 0.0605280 seconds
24.160: [GC [PSYoungGen: 13855K->512K(15360K)] 28228K->14885K(49664K), 0.0005030 secs] [Times: user=0.00 sys=0.00, real=0.01 secs] 
24.161: Total time for which application threads were stopped: 0.0006160 seconds, Stopping threads took: 0.0000610 seconds
24.220: Application time: 0.0592090 seconds
24.220: [GC [PSYoungGen: 13821K->544K(15360K)] 28194K->14917K(49664K), 0.0004270 secs] [Times: user=0.00 sys=0.00, real=0.01 secs] 
24.220: Total time for which application threads were stopped: 0.0005360 seconds, Stopping threads took: 0.0000550 seconds
24.267: Application time: 0.0468890 seconds
24.267: [GC [PSYoungGen: 13853K->672K(15360K)] 28226K->15045K(49664K), 0.0004480 secs] [Times: user=0.00 sys=0.00, real=0.00 secs] 
24.268: Total time for which application threads were stopped: 0.0005630 seconds, Stopping threads took: 0.0000580 seconds
24.307: Application time: 0.0391410 seconds
24.307: [GC [PSYoungGen: 13979K->960K(15360K)] 28352K->15333K(49664K), 0.0005010 secs] [Times: user=0.01 sys=0.00, real=0.00 secs] 
24.308: Total time for which application threads were stopped: 0.0006120 seconds, Stopping threads took: 0.0000560 seconds
24.355: Application time: 0.0471630 seconds
24.355: [GC [PSYoungGen: 14271K->1056K(15360K)] 28644K->15429K(49664K), 0.0004920 secs] [Times: user=0.00 sys=0.00, real=0.00 secs] 
24.355: Total time for which application threads were stopped: 0.0006090 seconds, Stopping threads took: 0.0000620 seconds
24.402: Application time: 0.0462300 seconds
24.402: [GC [PSYoungGen: 14319K->1552K(15360K)] 28692K->15925K(49664K), 0.0006250 secs] [Times: user=0.01 sys=0.00, real=0.00 secs] 
24.402: Total time for which application threads were stopped: 0.0007610 seconds, Stopping threads took: 0.0000730 seconds
24.425: Application time: 0.0224220 seconds
24.425: [GC [PSYoungGen: 14861K->1840K(15360K)] 29234K->16213K(49664K), 0.0007030 secs] [Times: user=0.01 sys=0.00, real=0.00 secs] 
24.426: Total time for which application threads were stopped: 0.0007960 seconds, Stopping threads took: 0.0000340 seconds
24.452: Application time: 0.0267880 seconds
24.453: [GC [PSYoungGen: 15149K->1936K(15360K)] 29522K->16309K(49664K), 0.0006930 secs] [Times: user=0.00 sys=0.00, real=0.00 secs] 
24.453: Total time for which application threads were stopped: 0.0008180 seconds, Stopping threads took: 0.0000690 seconds
24.505: Application time: 0.0518170 seconds
24.505: [GC [PSYoungGen: 15244K->1936K(15360K)] 29617K->16309K(49664K), 0.0006980 secs] [Times: user=0.00 sys=0.00, real=0.00 secs] 
24.506: Total time for which application threads were stopped: 0.0008160 seconds, Stopping threads took: 0.0000570 seconds
24.560: Application time: 0.0540410 seconds
24.560: [GC [PSYoungGen: 15246K->1920K(15360K)] 29619K->16293K(49664K), 0.0007090 secs] [Times: user=0.00 sys=0.00, real=0.01 secs] 
24.561: Total time for which application threads were stopped: 0.0008290 seconds, Stopping threads took: 0.0000610 seconds
24.618: Application time: 0.0575850 seconds
24.618: [GC [PSYoungGen: 15231K->1824K(15360K)] 29604K->16197K(49664K), 0.0007460 secs] [Times: user=0.00 sys=0.00, real=0.00 secs] 
24.619: Total time for which application threads were stopped: 0.0008610 seconds, Stopping threads took: 0.0000600 seconds
24.676: Application time: 0.0563580 seconds
24.676: [GC [PSYoungGen: 15132K->1904K(15360K)] 29505K->16277K(49664K), 0.0006780 secs] [Times: user=0.00 sys=0.00, real=0.00 secs] 
24.676: Total time for which application threads were stopped: 0.0007780 seconds, Stopping threads took: 0.0000410 seconds
24.731: Application time: 0.0548990 seconds
24.731: [GC [PSYoungGen: 15212K->1952K(15360K)] 29585K->16325K(49664K), 0.0007080 secs] [Times: user=0.00 sys=0.00, real=0.00 secs] 
24.732: Total time for which application threads were stopped: 0.0008160 seconds, Stopping threads took: 0.0000540 seconds
24.790: Application time: 0.0575060 seconds
24.792: [GC [PSYoungGen: 15261K->1872K(15360K)] 29634K->16245K(49664K), 0.0007130 secs] [Times: user=0.01 sys=0.00, real=0.00 secs] 
24.793: Total time for which application threads were stopped: 0.0034750 seconds, Stopping threads took: 0.0027050 seconds
24.845: Application time: 0.0519410 seconds
24.845: [GC [PSYoungGen: 15182K->1952K(15360K)] 29555K->16325K(49664K), 0.0006850 secs] [Times: user=0.00 sys=0.00, real=0.00 secs] 
24.846: Total time for which application threads were stopped: 0.0008030 seconds, Stopping threads took: 0.0000590 seconds
24.903: Application time: 0.0574080 seconds
24.903: [GC [PSYoungGen: 15263K->1968K(15360K)] 29636K->16341K(49664K), 0.0006880 secs] [Times: user=0.00 sys=0.00, real=0.00 secs] 
24.904: Total time for which application threads were stopped: 0.0008130 seconds, Stopping threads took: 0.0000560 seconds
24.963: Application time: 0.0588340 seconds
24.964: [GC [PSYoungGen: 15277K->1904K(15360K)] 29650K->16277K(49664K), 0.0007080 secs] [Times: user=0.01 sys=0.00, real=0.00 secs] 
24.965: Total time for which application threads were stopped: 0.0021810 seconds, Stopping threads took: 0.0014150 seconds
25.024: Application time: 0.0588120 seconds
25.024: [GC [PSYoungGen: 15213K->1680K(15360K)] 29586K->16317K(49664K), 0.0007120 secs] [Times: user=0.00 sys=0.00, real=0.00 secs] 
25.025: Total time for which application threads were stopped: 0.0008210 seconds, Stopping threads took: 0.0000520 seconds
25.083: Application time: 0.0585630 seconds
25.083: [GC [PSYoungGen: 14989K->1440K(15360K)] 29626K->16337K(49664K), 0.0006670 secs] [Times: user=0.01 sys=0.00, real=0.00 secs] 
25.084: Total time for which application threads were stopped: 0.0007760 seconds, Stopping threads took: 0.0000530 seconds
25.143: Application time: 0.0588360 seconds
25.143: [GC [PSYoungGen: 14749K->1440K(15360K)] 29647K->16385K(49664K), 0.0006000 secs] [Times: user=0.00 sys=0.00, real=0.00 secs] 
25.144: Total time for which application threads were stopped: 0.0007240 seconds, Stopping threads took: 0.0000670 seconds
25.203: Application time: 0.0589550 seconds
25.203: [GC [PSYoungGen: 14749K->1344K(15360K)] 29695K->16381K(49664K), 0.0006670 secs] [Times: user=0.00 sys=0.00, real=0.00 secs] 
25.203: Total time for which application threads were stopped: 0.0007840 seconds, Stopping threads took: 0.0000610 seconds
25.262: Application time: 0.0588530 seconds
25.262: [GC [PSYoungGen: 14653K->1344K(15360K)] 29691K->16461K(49664K), 0.0005840 secs] [Times: user=0.01 sys=0.00, real=0.00 secs] 
25.263: Total time for which application threads were stopped: 0.0007050 seconds, Stopping threads took: 0.0000660 seconds
25.323: Application time: 0.0597490 seconds
25.323: [GC [PSYoungGen: 14653K->1248K(15360K)] 29771K->16413K(49664K), 0.0005770 secs] [Times: user=0.00 sys=0.00, real=0.00 secs] 
25.323: Total time for which application threads were stopped: 0.0006920 seconds, Stopping threads took: 0.0000590 seconds
25.385: Application time: 0.0611720 seconds
25.385: [GC [PSYoungGen: 14557K->1280K(15360K)] 29723K->16445K(49664K), 0.0005330 secs] [Times: user=0.01 sys=0.00, real=0.00 secs] 
25.385: Total time for which application threads were stopped: 0.0006500 seconds, Stopping threads took: 0.0000630 seconds
25.445: Application time: 0.0596130 seconds
25.445: [GC [PSYoungGen: 14589K->1248K(15360K)] 29755K->16413K(49664K), 0.0005490 secs] [Times: user=0.00 sys=0.00, real=0.00 secs] 
25.445: Total time for which application threads were stopped: 0.0006700 seconds, Stopping threads took: 0.0000520 seconds
25.504: Application time: 0.0590320 seconds
25.508: [GC [PSYoungGen: 14557K->1344K(15360K)] 29723K->16509K(49664K), 0.0005660 secs] [Times: user=0.00 sys=0.00, real=0.00 secs] 
25.509: Total time for which application threads were stopped: 0.0044500 seconds, Stopping threads took: 0.0038310 seconds
25.562: Application time: 0.0531240 seconds
25.562: [GC [PSYoungGen: 14653K->1504K(15360K)] 29819K->16669K(49664K), 0.0005790 secs] [Times: user=0.01 sys=0.00, real=0.00 secs] 
25.563: Total time for which application threads were stopped: 0.0006770 seconds, Stopping threads took: 0.0000410 seconds
25.603: Application time: 0.0406840 seconds
25.604: [GC [PSYoungGen: 14811K->1312K(15360K)] 29977K->16898K(49664K), 0.0006000 secs] [Times: user=0.00 sys=0.00, real=0.00 secs] 
25.604: Total time for which application threads were stopped: 0.0007170 seconds, Stopping threads took: 0.0000610 seconds
25.650: Application time: 0.0463020 seconds
25.651: [GC [PSYoungGen: 14623K->1440K(15360K)] 30209K->17026K(49664K), 0.0004760 secs] [Times: user=0.00 sys=0.00, real=0.00 secs] 
25.651: Total time for which application threads were stopped: 0.0005860 seconds, Stopping threads took: 0.0000570 seconds
25.707: Application time: 0.0563240 seconds
25.707: [GC [PSYoungGen: 14748K->640K(15360K)] 30334K->16851K(49664K), 0.0005080 secs] [Times: user=0.00 sys=0.00, real=0.00 secs] 
25.708: Total time for which application threads were stopped: 0.0006330 seconds, Stopping threads took: 0.0000680 seconds
25.766: Application time: 0.0581680 seconds
25.766: [GC [PSYoungGen: 13949K->512K(15360K)] 30161K->16952K(49664K), 0.0004450 secs] [Times: user=0.00 sys=0.00, real=0.00 secs] 
25.767: Total time for which application threads were stopped: 0.0005710 seconds, Stopping threads took: 0.0000650 seconds
25.825: Application time: 0.0587140 seconds
25.826: [GC [PSYoungGen: 13821K->512K(15360K)] 30261K->16952K(49664K), 0.0004630 secs] [Times: user=0.00 sys=0.00, real=0.00 secs] 
25.826: Total time for which application threads were stopped: 0.0005740 seconds, Stopping threads took: 0.0000570 seconds
25.885: Application time: 0.0590850 seconds
25.885: [GC [PSYoungGen: 13821K->480K(15360K)] 30261K->16920K(49664K), 0.0003880 secs] [Times: user=0.00 sys=0.00, real=0.00 secs] 
25.886: Total time for which application threads were stopped: 0.0004980 seconds, Stopping threads took: 0.0000530 seconds
25.944: Application time: 0.0584110 seconds
25.944: [GC [PSYoungGen: 13789K->512K(15360K)] 30229K->16952K(49664K), 0.0003990 secs] [Times: user=0.00 sys=0.00, real=0.00 secs] 
25.945: Total time for which application threads were stopped: 0.0005330 seconds, Stopping threads took: 0.0000690 seconds
25.995: Application time: 0.0501030 seconds
25.995: [GC [PSYoungGen: 13820K->736K(15360K)] 30260K->17176K(49664K), 0.0004480 secs] [Times: user=0.00 sys=0.00, real=0.00 secs] 
25.995: Total time for which application threads were stopped: 0.0005540 seconds, Stopping threads took: 0.0000410 seconds
26.029: Application time: 0.0335820 seconds
26.029: [GC [PSYoungGen: 14043K->976K(15360K)] 30483K->17416K(49664K), 0.0005000 secs] [Times: user=0.00 sys=0.00, real=0.00 secs] 
26.029: Total time for which application threads were stopped: 0.0006170 seconds, Stopping threads took: 0.0000600 seconds
26.077: Application time: 0.0477260 seconds
26.077: [GC [PSYoungGen: 14287K->1024K(15360K)] 30727K->17464K(49664K), 0.0004970 secs] [Times: user=0.00 sys=0.00, real=0.00 secs] 
26.078: Total time for which application threads were stopped: 0.0006030 seconds, Stopping threads took: 0.0000520 seconds
26.123: Application time: 0.0454210 seconds
26.123: [GC [PSYoungGen: 14334K->1248K(15360K)] 30774K->17688K(49664K), 0.0005750 secs] [Times: user=0.00 sys=0.00, real=0.00 secs] 
26.124: Total time for which application threads were stopped: 0.0006860 seconds, Stopping threads took: 0.0000530 seconds
26.149: Application time: 0.0250360 seconds
26.149: [GC [PSYoungGen: 14556K->1904K(15360K)] 30996K->18344K(49664K), 0.0006790 secs] [Times: user=0.00 sys=0.00, real=0.00 secs] 
26.150: Total time for which application threads were stopped: 0.0007930 seconds, Stopping threads took: 0.0000550 seconds
26.176: Application time: 0.0267250 seconds
26.177: [GC [PSYoungGen: 15215K->1904K(15360K)] 31655K->18344K(49664K), 0.0006900 secs] [Times: user=0.00 sys=0.00, real=0.00 secs] 
26.177: Total time for which application threads were stopped: 0.0007890 seconds, Stopping threads took: 0.0000420 seconds
26.227: Application time: 0.0499770 seconds
26.227: [GC [PSYoungGen: 15215K->1968K(15360K)] 31655K->18408K(49664K), 0.0007360 secs] [Times: user=0.00 sys=0.00, real=0.00 secs] 
26.228: Total time for which application threads were stopped: 0.0008620 seconds, Stopping threads took: 0.0000690 seconds
26.283: Application time: 0.0547860 seconds
26.283: [GC [PSYoungGen: 15278K->1904K(15360K)] 31718K->18344K(49664K), 0.0006850 secs] [Times: user=0.00 sys=0.00, real=0.00 secs] 
26.284: Total time for which application threads were stopped: 0.0007870 seconds, Stopping threads took: 0.0000450 seconds
26.341: Application time: 0.0571450 seconds
26.341: [GC [PSYoungGen: 15213K->1856K(15360K)] 31653K->18296K(49664K), 0.0007070 secs] [Times: user=0.00 sys=0.00, real=0.00 secs] 
26.342: Total time for which application threads were stopped: 0.0008160 seconds, Stopping threads took: 0.0000520 seconds
26.399: Application time: 0.0569880 seconds
26.399: [GC [PSYoungGen: 15165K->1904K(15360K)] 31605K->18344K(49664K), 0.0007050 secs] [Times: user=0.00 sys=0.00, real=0.00 secs] 
26.399: Total time for which application threads were stopped: 0.0008260 seconds, Stopping threads took: 0.0000640 seconds
26.454: Application time: 0.0543130 seconds
26.454: [GC [PSYoungGen: 15212K->1952K(15360K)] 31652K->18392K(49664K), 0.0007350 secs] [Times: user=0.00 sys=0.00, real=0.00 secs] 
26.455: Total time for which application threads were stopped: 0.0008400 seconds, Stopping threads took: 0.0000490 seconds
26.513: Application time: 0.0580910 seconds
26.513: [GC [PSYoungGen: 15261K->1904K(15360K)] 31701K->18344K(49664K), 0.0007040 secs] [Times: user=0.01 sys=0.00, real=0.00 secs] 
26.514: Total time for which application threads were stopped: 0.0008290 seconds, Stopping threads took: 0.0000560 seconds
26.567: Application time: 0.0537880 seconds
26.567: [GC [PSYoungGen: 15212K->1968K(15360K)] 31652K->18408K(49664K), 0.0006780 secs] [Times: user=0.00 sys=0.00, real=0.00 secs] 
26.568: Total time for which application threads were stopped: 0.0007950 seconds, Stopping threads took: 0.0000600 seconds
26.624: Application time: 0.0557340 seconds
26.624: [GC [PSYoungGen: 15278K->1888K(15360K)] 31718K->18328K(49664K), 0.0007220 secs] [Times: user=0.00 sys=0.00, real=0.00 secs] 
26.625: Total time for which application threads were stopped: 0.0008370 seconds, Stopping threads took: 0.0000540 seconds
26.683: Application time: 0.0587160 seconds
26.683: [GC [PSYoungGen: 15197K->1920K(15360K)] 31637K->18360K(49664K), 0.0006850 secs] [Times: user=0.01 sys=0.00, real=0.00 secs] 
26.684: Total time for which application threads were stopped: 0.0008180 seconds, Stopping threads took: 0.0000770 seconds
26.743: Application time: 0.0588750 seconds
26.743: [GC [PSYoungGen: 15229K->1712K(15360K)] 31669K->18400K(49664K), 0.0007440 secs] [Times: user=0.00 sys=0.00, real=0.00 secs] 
26.744: Total time for which application threads were stopped: 0.0008570 seconds, Stopping threads took: 0.0000560 seconds
26.803: Application time: 0.0586670 seconds
26.803: [GC [PSYoungGen: 15021K->1424K(15360K)] 31709K->18380K(49664K), 0.0006230 secs] [Times: user=0.00 sys=0.00, real=0.00 secs] 
26.803: Total time for which application threads were stopped: 0.0007290 seconds, Stopping threads took: 0.0000490 seconds
26.862: Application time: 0.0585940 seconds
26.862: [GC [PSYoungGen: 14733K->1472K(15360K)] 31690K->18468K(49664K), 0.0006010 secs] [Times: user=0.01 sys=0.00, real=0.00 secs] 
26.863: Total time for which application threads were stopped: 0.0007250 seconds, Stopping threads took: 0.0000660 seconds
26.921: Application time: 0.0588160 seconds
26.922: [GC [PSYoungGen: 14781K->1408K(15360K)] 31778K->18484K(49664K), 0.0005960 secs] [Times: user=0.00 sys=0.00, real=0.00 secs] 
26.922: Total time for which application threads were stopped: 0.0007160 seconds, Stopping threads took: 0.0000630 seconds
26.982: Application time: 0.0596080 seconds
26.982: [GC [PSYoungGen: 14717K->1280K(15360K)] 31794K->18440K(49664K), 0.0006060 secs] [Times: user=0.00 sys=0.00, real=0.00 secs] 
26.983: Total time for which application threads were stopped: 0.0007310 seconds, Stopping threads took: 0.0000680 seconds
27.042: Application time: 0.0594530 seconds
27.042: [GC [PSYoungGen: 14589K->1312K(15360K)] 31750K->18521K(49664K), 0.0005610 secs] [Times: user=0.01 sys=0.00, real=0.00 secs] 
27.043: Total time for which application threads were stopped: 0.0006820 seconds, Stopping threads took: 0.0000570 seconds
27.103: Application time: 0.0603140 seconds
27.103: [GC [PSYoungGen: 14621K->1280K(15360K)] 31830K->18489K(49664K), 0.0005870 secs] [Times: user=0.00 sys=0.00, real=0.00 secs] 
27.105: Total time for which application threads were stopped: 0.0015870 seconds, Stopping threads took: 0.0000500 seconds
27.166: Application time: 0.0609240 seconds
27.168: [GC [PSYoungGen: 14589K->1280K(15360K)] 31798K->18489K(49664K), 0.0005850 secs] [Times: user=0.00 sys=0.00, real=0.00 secs] 
27.169: Total time for which application threads were stopped: 0.0034520 seconds, Stopping threads took: 0.0028030 seconds
27.229: Application time: 0.0599660 seconds
27.229: [GC [PSYoungGen: 14589K->1248K(15360K)] 31798K->18457K(49664K), 0.0005590 secs] [Times: user=0.01 sys=0.00, real=0.00 secs] 
27.230: Total time for which application threads were stopped: 0.0006830 seconds, Stopping threads took: 0.0000670 seconds
27.281: Application time: 0.0509600 seconds
27.281: [GC [PSYoungGen: 14556K->1536K(15360K)] 31765K->18745K(49664K), 0.0006240 secs] [Times: user=0.01 sys=0.00, real=0.00 secs] 
27.281: Total time for which application threads were stopped: 0.0007450 seconds, Stopping threads took: 0.0000650 seconds
27.322: Application time: 0.0409330 seconds
27.322: [GC [PSYoungGen: 14844K->1312K(15360K)] 32053K->18922K(49664K), 0.0006230 secs] [Times: user=0.01 sys=0.00, real=0.00 secs] 
27.323: Total time for which application threads were stopped: 0.0007420 seconds, Stopping threads took: 0.0000630 seconds
27.368: Application time: 0.0449870 seconds
27.368: [GC [PSYoungGen: 14623K->1344K(15360K)] 32233K->18954K(49664K), 0.0005540 secs] [Times: user=0.00 sys=0.00, real=0.01 secs] 
27.369: Total time for which application threads were stopped: 0.0006750 seconds, Stopping threads took: 0.0000640 seconds
27.427: Application time: 0.0578500 seconds
27.427: [GC [PSYoungGen: 14655K->1088K(15360K)] 32265K->18906K(49664K), 0.0005980 secs] [Times: user=0.00 sys=0.00, real=0.00 secs] 
27.427: Total time for which application threads were stopped: 0.0007250 seconds, Stopping threads took: 0.0000690 seconds
27.485: Application time: 0.0573240 seconds
27.485: [GC [PSYoungGen: 14399K->512K(15360K)] 32217K->18943K(49664K), 0.0004740 secs] [Times: user=0.00 sys=0.00, real=0.00 secs] 
27.485: Total time for which application threads were stopped: 0.0005910 seconds, Stopping threads took: 0.0000610 seconds
27.545: Application time: 0.0597500 seconds
27.548: [GC [PSYoungGen: 13821K->512K(15360K)] 32253K->18943K(49664K), 0.0004810 secs] [Times: user=0.00 sys=0.00, real=0.00 secs] 
27.549: Total time for which application threads were stopped: 0.0039160 seconds, Stopping threads took: 0.0033670 seconds
27.609: Application time: 0.0601850 seconds
27.609: [GC [PSYoungGen: 13823K->512K(15360K)] 32254K->18943K(49664K), 0.0004240 secs] [Times: user=0.01 sys=0.00, real=0.00 secs] 
27.610: Total time for which application threads were stopped: 0.0005410 seconds, Stopping threads took: 0.0000590 seconds
27.669: Application time: 0.0592990 seconds
27.669: [GC [PSYoungGen: 13821K->512K(15360K)] 32253K->18943K(49664K), 0.0004210 secs] [Times: user=0.00 sys=0.00, real=0.00 secs] 
27.669: Total time for which application threads were stopped: 0.0005360 seconds, Stopping threads took: 0.0000610 seconds
27.715: Application time: 0.0458940 seconds
27.715: [GC [PSYoungGen: 13821K->768K(15360K)] 32253K->19199K(49664K), 0.0004700 secs] [Times: user=0.00 sys=0.00, real=0.00 secs] 
27.716: Total time for which application threads were stopped: 0.0005970 seconds, Stopping threads took: 0.0000690 seconds
27.751: Application time: 0.0351000 seconds
27.751: [GC [PSYoungGen: 14077K->1024K(15360K)] 32509K->19455K(49664K), 0.0005190 secs] [Times: user=0.00 sys=0.00, real=0.00 secs] 
27.752: Total time for which application threads were stopped: 0.0006270 seconds, Stopping threads took: 0.0000500 seconds
27.803: Application time: 0.0513290 seconds
27.803: [GC [PSYoungGen: 14333K->1072K(15360K)] 32764K->19503K(49664K), 0.0005130 secs] [Times: user=0.01 sys=0.00, real=0.00 secs] 
27.804: Total time for which application threads were stopped: 0.0006240 seconds, Stopping threads took: 0.0000520 seconds
27.850: Application time: 0.0466360 seconds
27.850: [GC [PSYoungGen: 14381K->1248K(15360K)] 32813K->19679K(49664K), 0.0006060 secs] [Times: user=0.00 sys=0.00, real=0.00 secs] 
27.851: Total time for which application threads were stopped: 0.0007070 seconds, Stopping threads took: 0.0000460 seconds
27.893: Application time: 0.0425450 seconds
27.894: [GC [PSYoungGen: 14558K->1440K(15360K)] 32989K->19871K(49664K), 0.0005740 secs] [Times: user=0.00 sys=0.00, real=0.00 secs] 
27.894: Total time for which application threads were stopped: 0.0006720 seconds, Stopping threads took: 0.0000430 seconds
27.923: Application time: 0.0291220 seconds
27.923: [GC [PSYoungGen: 14750K->1920K(15360K)] 33181K->20351K(49664K), 0.0007050 secs] [Times: user=0.01 sys=0.00, real=0.00 secs] 
27.924: Total time for which application threads were stopped: 0.0008150 seconds, Stopping threads took: 0.0000510 seconds
27.957: Application time: 0.0333660 seconds
27.958: [GC [PSYoungGen: 15231K->1936K(15360K)] 33663K->20367K(49664K), 0.0007330 secs] [Times: user=0.01 sys=0.00, real=0.00 secs] 
27.958: Total time for which application threads were stopped: 0.0008570 seconds, Stopping threads took: 0.0000630 seconds
28.013: Application time: 0.0545170 seconds
28.013: [GC [PSYoungGen: 15247K->1888K(15360K)] 33679K->20319K(49664K), 0.0007230 secs] [Times: user=0.00 sys=0.00, real=0.00 secs] 
28.014: Total time for which application threads were stopped: 0.0008350 seconds, Stopping threads took: 0.0000520 seconds
28.069: Application time: 0.0551750 seconds
28.069: [GC [PSYoungGen: 15199K->1968K(15360K)] 33631K->20399K(49664K), 0.0007040 secs] [Times: user=0.01 sys=0.00, real=0.00 secs] 
28.070: Total time for which application threads were stopped: 0.0008270 seconds, Stopping threads took: 0.0000480 seconds
28.125: Application time: 0.0556670 seconds
28.125: [GC [PSYoungGen: 15276K->1936K(15360K)] 33708K->20367K(49664K), 0.0007060 secs] [Times: user=0.00 sys=0.00, real=0.00 secs] 
28.126: Total time for which application threads were stopped: 0.0008190 seconds, Stopping threads took: 0.0000560 seconds
28.182: Application time: 0.0557280 seconds
28.182: [GC [PSYoungGen: 15244K->1888K(15360K)] 33676K->20319K(49664K), 0.0006970 secs] [Times: user=0.00 sys=0.00, real=0.00 secs] 
28.183: Total time for which application threads were stopped: 0.0008160 seconds, Stopping threads took: 0.0000620 seconds
28.240: Application time: 0.0574390 seconds
28.240: [GC [PSYoungGen: 15197K->1936K(15360K)] 33629K->20367K(49664K), 0.0006780 secs] [Times: user=0.00 sys=0.00, real=0.00 secs] 
28.241: Total time for which application threads were stopped: 0.0007950 seconds, Stopping threads took: 0.0000550 seconds
28.297: Application time: 0.0559730 seconds
28.297: [GC [PSYoungGen: 15244K->1904K(15360K)] 33676K->20335K(49664K), 0.0006900 secs] [Times: user=0.00 sys=0.00, real=0.00 secs] 
28.298: Total time for which application threads were stopped: 0.0008220 seconds, Stopping threads took: 0.0000730 seconds
28.351: Application time: 0.0530200 seconds
28.351: [GC [PSYoungGen: 15213K->1936K(15360K)] 33645K->20367K(49664K), 0.0007000 secs] [Times: user=0.01 sys=0.00, real=0.00 secs] 
28.352: Total time for which application threads were stopped: 0.0008120 seconds, Stopping threads took: 0.0000560 seconds
28.410: Application time: 0.0583790 seconds
28.410: [GC [PSYoungGen: 15245K->1840K(15360K)] 33677K->20271K(49664K), 0.0006980 secs] [Times: user=0.00 sys=0.00, real=0.00 secs] 
28.411: Total time for which application threads were stopped: 0.0008180 seconds, Stopping threads took: 0.0000590 seconds
28.470: Application time: 0.0587870 seconds
28.470: [GC [PSYoungGen: 15149K->1632K(15360K)] 33581K->20327K(49664K), 0.0006820 secs] [Times: user=0.00 sys=0.00, real=0.00 secs] 
28.470: Total time for which application threads were stopped: 0.0007980 seconds, Stopping threads took: 0.0000570 seconds
28.529: Application time: 0.0586730 seconds
28.529: [GC [PSYoungGen: 14941K->1648K(15360K)] 33637K->20391K(49664K), 0.0006740 secs] [Times: user=0.01 sys=0.00, real=0.00 secs] 
28.530: Total time for which application threads were stopped: 0.0008000 seconds, Stopping threads took: 0.0000670 seconds
28.589: Application time: 0.0586710 seconds
28.589: [GC [PSYoungGen: 14957K->1392K(15360K)] 33701K->20439K(49664K), 0.0006480 secs] [Times: user=0.01 sys=0.00, real=0.00 secs] 
28.589: Total time for which application threads were stopped: 0.0007790 seconds, Stopping threads took: 0.0000650 seconds
28.648: Application time: 0.0588320 seconds
28.648: [GC [PSYoungGen: 14701K->1312K(15360K)] 33749K->20400K(49664K), 0.0006610 secs] [Times: user=0.00 sys=0.00, real=0.01 secs] 
28.649: Total time for which application threads were stopped: 0.0007820 seconds, Stopping threads took: 0.0000650 seconds
28.709: Application time: 0.0598710 seconds
28.709: [GC [PSYoungGen: 14624K->1376K(15360K)] 33711K->20463K(49664K), 0.0006440 secs] [Times: user=0.00 sys=0.00, real=0.00 secs] 
28.710: Total time for which application threads were stopped: 0.0007590 seconds, Stopping threads took: 0.0000590 seconds
28.769: Application time: 0.0594830 seconds
28.769: [GC [PSYoungGen: 14685K->1312K(15360K)] 33773K->20480K(49664K), 0.0005920 secs] [Times: user=0.00 sys=0.00, real=0.00 secs] 
28.770: Total time for which application threads were stopped: 0.0007250 seconds, Stopping threads took: 0.0000760 seconds
28.829: Application time: 0.0593810 seconds
28.829: [GC [PSYoungGen: 14621K->1312K(15360K)] 33789K->20528K(49664K), 0.0006020 secs] [Times: user=0.00 sys=0.00, real=0.00 secs] 
28.830: Total time for which application threads were stopped: 0.0007120 seconds, Stopping threads took: 0.0000550 seconds
28.889: Application time: 0.0591610 seconds
28.889: [GC [PSYoungGen: 14621K->1280K(15360K)] 33837K->20496K(49664K), 0.0005620 secs] [Times: user=0.00 sys=0.00, real=0.00 secs] 
28.890: Total time for which application threads were stopped: 0.0006710 seconds, Stopping threads took: 0.0000540 seconds
28.949: Application time: 0.0590900 seconds
28.949: [GC [PSYoungGen: 14589K->1248K(15360K)] 33805K->20464K(49664K), 0.0005910 secs] [Times: user=0.01 sys=0.00, real=0.00 secs] 
28.949: Total time for which application threads were stopped: 0.0007000 seconds, Stopping threads took: 0.0000550 seconds
28.999: Application time: 0.0490400 seconds
28.999: [GC [PSYoungGen: 14558K->1280K(15360K)] 33774K->20720K(49664K), 0.0005820 secs] [Times: user=0.00 sys=0.00, real=0.00 secs] 
28.999: Total time for which application threads were stopped: 0.0006920 seconds, Stopping threads took: 0.0000540 seconds
29.042: Application time: 0.0425980 seconds
29.042: [GC [PSYoungGen: 14591K->1312K(15360K)] 34031K->20964K(49664K), 0.0005480 secs] [Times: user=0.01 sys=0.00, real=0.00 secs] 
29.042: Total time for which application threads were stopped: 0.0006490 seconds, Stopping threads took: 0.0000460 seconds
29.087: Application time: 0.0446890 seconds
29.087: [GC [PSYoungGen: 14623K->1312K(15360K)] 34275K->20964K(49664K), 0.0005410 secs] [Times: user=0.01 sys=0.00, real=0.00 secs] 
29.088: Total time for which application threads were stopped: 0.0006620 seconds, Stopping threads took: 0.0000640 seconds
29.145: Application time: 0.0570020 seconds
29.145: [GC [PSYoungGen: 14620K->1024K(15360K)] 34272K->20897K(49664K), 0.0005900 secs] [Times: user=0.00 sys=0.00, real=0.00 secs] 
29.146: Total time for which application threads were stopped: 0.0007170 seconds, Stopping threads took: 0.0000640 seconds
29.204: Application time: 0.0584900 seconds
29.204: [GC [PSYoungGen: 14333K->480K(15360K)] 34206K->20950K(49664K), 0.0004900 secs] [Times: user=0.00 sys=0.00, real=0.00 secs] 
29.205: Total time for which application threads were stopped: 0.0006030 seconds, Stopping threads took: 0.0000560 seconds
29.263: Application time: 0.0585270 seconds
29.263: [GC [PSYoungGen: 13789K->480K(15360K)] 34260K->20950K(49664K), 0.0004080 secs] [Times: user=0.00 sys=0.00, real=0.00 secs] 
29.264: Total time for which application threads were stopped: 0.0005340 seconds, Stopping threads took: 0.0000690 seconds
29.322: Application time: 0.0585530 seconds
29.322: [GC [PSYoungGen: 13789K->480K(15360K)] 34260K->20950K(49664K), 0.0003970 secs] [Times: user=0.00 sys=0.00, real=0.00 secs] 
29.323: Total time for which application threads were stopped: 0.0005150 seconds, Stopping threads took: 0.0000620 seconds
29.381: Application time: 0.0585850 seconds
29.381: [GC [PSYoungGen: 13789K->512K(15360K)] 34260K->20982K(49664K), 0.0005340 secs] [Times: user=0.00 sys=0.00, real=0.00 secs] 
29.382: Total time for which application threads were stopped: 0.0006520 seconds, Stopping threads took: 0.0000610 seconds
29.424: Application time: 0.0424160 seconds
29.425: [GC [PSYoungGen: 13821K->960K(15360K)] 34292K->21430K(49664K), 0.0004980 secs] [Times: user=0.01 sys=0.00, real=0.00 secs] 
29.425: Total time for which application threads were stopped: 0.0006030 seconds, Stopping threads took: 0.0000450 seconds
29.462: Application time: 0.0369950 seconds
29.462: [GC [PSYoungGen: 14268K->976K(15360K)] 34739K->21446K(49664K), 0.0005460 secs] [Times: user=0.00 sys=0.00, real=0.00 secs] 
29.463: Total time for which application threads were stopped: 0.0006620 seconds, Stopping threads took: 0.0000620 seconds
29.513: Application time: 0.0501690 seconds
29.513: [GC [PSYoungGen: 14283K->1024K(15360K)] 34754K->21494K(49664K), 0.0005480 secs] [Times: user=0.00 sys=0.00, real=0.00 secs] 
29.514: Total time for which application threads were stopped: 0.0006650 seconds, Stopping threads took: 0.0000610 seconds
29.558: Application time: 0.0446700 seconds
29.558: [GC [PSYoungGen: 14333K->1280K(15360K)] 34804K->21750K(49664K), 0.0005730 secs] [Times: user=0.00 sys=0.00, real=0.00 secs] 
29.559: Total time for which application threads were stopped: 0.0006860 seconds, Stopping threads took: 0.0000550 seconds
29.606: Application time: 0.0471920 seconds
29.606: [GC [PSYoungGen: 14590K->1488K(15360K)] 35060K->21958K(49664K), 0.0006540 secs] [Times: user=0.00 sys=0.00, real=0.00 secs] 
29.607: Total time for which application threads were stopped: 0.0007740 seconds, Stopping threads took: 0.0000640 seconds
29.636: Application time: 0.0294980 seconds
29.636: [GC [PSYoungGen: 14796K->1920K(15360K)] 35266K->22390K(49664K), 0.0006910 secs] [Times: user=0.00 sys=0.00, real=0.00 secs] 
29.637: Total time for which application threads were stopped: 0.0007990 seconds, Stopping threads took: 0.0000510 seconds
29.668: Application time: 0.0307780 seconds
29.668: [GC [PSYoungGen: 15231K->1888K(15360K)] 35702K->22358K(49664K), 0.0007160 secs] [Times: user=0.01 sys=0.00, real=0.01 secs] 
29.669: Total time for which application threads were stopped: 0.0008310 seconds, Stopping threads took: 0.0000520 seconds
29.722: Application time: 0.0534360 seconds
29.722: [GC [PSYoungGen: 15196K->1856K(15360K)] 35667K->22326K(49664K), 0.0007190 secs] [Times: user=0.00 sys=0.00, real=0.00 secs] 
29.723: Total time for which application threads were stopped: 0.0008480 seconds, Stopping threads took: 0.0000710 seconds
29.778: Application time: 0.0552500 seconds
29.778: [GC [PSYoungGen: 15166K->1984K(15360K)] 35637K->22454K(49664K), 0.0007450 secs] [Times: user=0.00 sys=0.00, real=0.00 secs] 
29.779: Total time for which application threads were stopped: 0.0008680 seconds, Stopping threads took: 0.0000620 seconds
29.835: Application time: 0.0559460 seconds
29.835: [GC [PSYoungGen: 15292K->1968K(15360K)] 35763K->22438K(49664K), 0.0007030 secs] [Times: user=0.00 sys=0.00, real=0.00 secs] 
29.836: Total time for which application threads were stopped: 0.0008090 seconds, Stopping threads took: 0.0000510 seconds
29.892: Application time: 0.0558390 seconds
29.892: [GC [PSYoungGen: 15276K->1888K(15360K)] 35747K->22358K(49664K), 0.0006870 secs] [Times: user=0.00 sys=0.00, real=0.00 secs] 
29.893: Total time for which application threads were stopped: 0.0007940 seconds, Stopping threads took: 0.0000490 seconds
29.950: Application time: 0.0575980 seconds
29.950: [GC [PSYoungGen: 15197K->1872K(15360K)] 35668K->22342K(49664K), 0.0007530 secs] [Times: user=0.00 sys=0.00, real=0.00 secs] 
29.951: Total time for which application threads were stopped: 0.0008690 seconds, Stopping threads took: 0.0000600 seconds
30.007: Application time: 0.0562750 seconds
30.007: [GC [PSYoungGen: 15180K->1968K(15360K)] 35651K->22438K(49664K), 0.0007070 secs] [Times: user=0.00 sys=0.00, real=0.00 secs] 
30.008: Total time for which application threads were stopped: 0.0008210 seconds, Stopping threads took: 0.0000590 seconds
30.062: Application time: 0.0536840 seconds
30.062: [GC [PSYoungGen: 15277K->1952K(15360K)] 35748K->22422K(49664K), 0.0007370 secs] [Times: user=0.00 sys=0.00, real=0.00 secs] 
30.063: Total time for which application threads were stopped: 0.0008430 seconds, Stopping threads took: 0.0000500 seconds
30.121: Application time: 0.0579580 seconds
30.121: [GC [PSYoungGen: 15263K->1936K(15360K)] 35734K->22406K(49664K), 0.0006650 secs] [Times: user=0.00 sys=0.00, real=0.00 secs] 
30.121: Total time for which application threads were stopped: 0.0008040 seconds, Stopping threads took: 0.0000790 seconds
30.182: Application time: 0.0601070 seconds
30.182: [GC [PSYoungGen: 15248K->1648K(15360K)] 35718K->22366K(49664K), 0.0006180 secs] [Times: user=0.01 sys=0.00, real=0.00 secs] 
30.182: Total time for which application threads were stopped: 0.0007410 seconds, Stopping threads took: 0.0000600 seconds
30.241: Application time: 0.0590160 seconds
30.241: [GC [PSYoungGen: 14957K->1632K(15360K)] 35676K->22414K(49664K), 0.0006540 secs] [Times: user=0.00 sys=0.00, real=0.00 secs] 
30.242: Total time for which application threads were stopped: 0.0007640 seconds, Stopping threads took: 0.0000530 seconds
30.301: Application time: 0.0586460 seconds
30.301: [GC [PSYoungGen: 14941K->1408K(15360K)] 35724K->22483K(49664K), 0.0006550 secs] [Times: user=0.00 sys=0.00, real=0.00 secs] 
30.302: Total time for which application threads were stopped: 0.0007790 seconds, Stopping threads took: 0.0000610 seconds
30.360: Application time: 0.0586940 seconds
30.360: [GC [PSYoungGen: 14717K->1344K(15360K)] 35793K->22467K(49664K), 0.0005950 secs] [Times: user=0.00 sys=0.00, real=0.00 secs] 
30.361: Total time for which application threads were stopped: 0.0007150 seconds, Stopping threads took: 0.0000650 seconds
30.420: Application time: 0.0592390 seconds
30.420: [GC [PSYoungGen: 14653K->1376K(15360K)] 35777K->22499K(49664K), 0.0005690 secs] [Times: user=0.00 sys=0.00, real=0.00 secs] 
30.421: Total time for which application threads were stopped: 0.0006910 seconds, Stopping threads took: 0.0000610 seconds
30.480: Application time: 0.0593420 seconds
30.480: [GC [PSYoungGen: 14685K->1312K(15360K)] 35809K->22523K(49664K), 0.0006000 secs] [Times: user=0.00 sys=0.00, real=0.00 secs] 
30.481: Total time for which application threads were stopped: 0.0007250 seconds, Stopping threads took: 0.0000680 seconds
30.540: Application time: 0.0594430 seconds
30.540: [GC [PSYoungGen: 14621K->1312K(15360K)] 35833K->22563K(49664K), 0.0005560 secs] [Times: user=0.00 sys=0.00, real=0.00 secs] 
30.541: Total time for which application threads were stopped: 0.0006690 seconds, Stopping threads took: 0.0000580 seconds
30.600: Application time: 0.0593890 seconds
30.601: [GC [PSYoungGen: 14621K->1248K(15360K)] 35873K->22499K(49664K), 0.0005820 secs] [Times: user=0.01 sys=0.00, real=0.00 secs] 
30.601: Total time for which application threads were stopped: 0.0006980 seconds, Stopping threads took: 0.0000600 seconds
30.660: Application time: 0.0587090 seconds
30.660: [GC [PSYoungGen: 14557K->1376K(15360K)] 35809K->22627K(49664K), 0.0005740 secs] [Times: user=0.00 sys=0.00, real=0.01 secs] 
30.661: Total time for which application threads were stopped: 0.0007040 seconds, Stopping threads took: 0.0000710 seconds
30.712: Application time: 0.0509690 seconds
30.712: [GC [PSYoungGen: 14686K->1312K(15360K)] 35938K->22800K(49664K), 0.0005770 secs] [Times: user=0.01 sys=0.00, real=0.00 secs] 
30.712: Total time for which application threads were stopped: 0.0006930 seconds, Stopping threads took: 0.0000480 seconds
30.754: Application time: 0.0421920 seconds
30.755: [GC [PSYoungGen: 14621K->1280K(15360K)] 36109K->22980K(49664K), 0.0006360 secs] [Times: user=0.00 sys=0.00, real=0.00 secs] 
30.755: Total time for which application threads were stopped: 0.0007540 seconds, Stopping threads took: 0.0000630 seconds
30.799: Application time: 0.0435880 seconds
30.799: [GC [PSYoungGen: 14589K->1408K(15360K)] 36290K->23108K(49664K), 0.0005580 secs] [Times: user=0.00 sys=0.00, real=0.00 secs] 
30.799: Total time for which application threads were stopped: 0.0006780 seconds, Stopping threads took: 0.0000630 seconds
30.855: Application time: 0.0557320 seconds
30.855: [GC [PSYoungGen: 14716K->1056K(15360K)] 36417K->22993K(49664K), 0.0005520 secs] [Times: user=0.01 sys=0.00, real=0.00 secs] 
30.856: Total time for which application threads were stopped: 0.0006770 seconds, Stopping threads took: 0.0000690 seconds
30.914: Application time: 0.0583890 seconds
30.914: [GC [PSYoungGen: 14365K->640K(15360K)] 36302K->22994K(49664K), 0.0005140 secs] [Times: user=0.01 sys=0.00, real=0.00 secs] 
30.915: Total time for which application threads were stopped: 0.0006170 seconds, Stopping threads took: 0.0000490 seconds
30.974: Application time: 0.0588590 seconds
30.974: [GC [PSYoungGen: 13949K->480K(15360K)] 36303K->23038K(49664K), 0.0004970 secs] [Times: user=0.00 sys=0.00, real=0.00 secs] 
30.974: Total time for which application threads were stopped: 0.0006140 seconds, Stopping threads took: 0.0000600 seconds
31.033: Application time: 0.0585860 seconds
31.033: [GC [PSYoungGen: 13789K->512K(15360K)] 36348K->23070K(49664K), 0.0004540 secs] [Times: user=0.00 sys=0.00, real=0.00 secs] 
31.034: Total time for which application threads were stopped: 0.0005820 seconds, Stopping threads took: 0.0000700 seconds
31.092: Application time: 0.0583180 seconds
31.092: [GC [PSYoungGen: 13821K->512K(15360K)] 36380K->23070K(49664K), 0.0004530 secs] [Times: user=0.00 sys=0.00, real=0.00 secs] 
31.092: Total time for which application threads were stopped: 0.0005780 seconds, Stopping threads took: 0.0000680 seconds
31.132: Application time: 0.0392570 seconds
31.132: [GC [PSYoungGen: 13821K->992K(15360K)] 36379K->23550K(49664K), 0.0005050 secs] [Times: user=0.00 sys=0.00, real=0.00 secs] 
31.132: Total time for which application threads were stopped: 0.0006110 seconds, Stopping threads took: 0.0000480 seconds
31.170: Application time: 0.0381340 seconds
31.171: [GC [PSYoungGen: 14299K->960K(15360K)] 36858K->23518K(49664K), 0.0004900 secs] [Times: user=0.01 sys=0.00, real=0.00 secs] 
31.171: Total time for which application threads were stopped: 0.0006010 seconds, Stopping threads took: 0.0000530 seconds
31.224: Application time: 0.0527610 seconds
31.224: [GC [PSYoungGen: 14270K->1024K(15360K)] 36829K->23582K(49664K), 0.0005490 secs] [Times: user=0.00 sys=0.00, real=0.00 secs] 
31.224: Total time for which application threads were stopped: 0.0006640 seconds, Stopping threads took: 0.0000490 seconds
31.271: Application time: 0.0469760 seconds
31.272: [GC [PSYoungGen: 14331K->1232K(15360K)] 36890K->23790K(49664K), 0.0006030 secs] [Times: user=0.01 sys=0.00, real=0.00 secs] 
31.272: Total time for which application threads were stopped: 0.0007240 seconds, Stopping threads took: 0.0000670 seconds
31.319: Application time: 0.0464070 seconds
31.319: [GC [PSYoungGen: 14543K->1472K(15360K)] 37102K->24030K(49664K), 0.0005820 secs] [Times: user=0.00 sys=0.00, real=0.00 secs] 
31.319: Total time for which application threads were stopped: 0.0006820 seconds, Stopping threads took: 0.0000440 seconds
31.354: Application time: 0.0348290 seconds
31.354: [GC [PSYoungGen: 14780K->1856K(15360K)] 37339K->24415K(49664K), 0.0006900 secs] [Times: user=0.00 sys=0.00, real=0.00 secs] 
31.355: Total time for which application threads were stopped: 0.0008170 seconds, Stopping threads took: 0.0000710 seconds
31.384: Application time: 0.0290160 seconds
31.384: [GC [PSYoungGen: 15166K->1888K(15360K)] 37725K->24447K(49664K), 0.0007110 secs] [Times: user=0.01 sys=0.00, real=0.00 secs] 
31.385: Total time for which application threads were stopped: 0.0008230 seconds, Stopping threads took: 0.0000540 seconds
31.433: Application time: 0.0478940 seconds
31.433: [GC [PSYoungGen: 15197K->1936K(15360K)] 37756K->24495K(49664K), 0.0006940 secs] [Times: user=0.00 sys=0.00, real=0.00 secs] 
31.433: Total time for which application threads were stopped: 0.0008010 seconds, Stopping threads took: 0.0000490 seconds
31.488: Application time: 0.0550030 seconds
31.489: [GC [PSYoungGen: 15244K->1952K(15360K)] 37803K->24511K(49664K), 0.0007090 secs] [Times: user=0.01 sys=0.00, real=0.00 secs] 
31.489: Total time for which application threads were stopped: 0.0008160 seconds, Stopping threads took: 0.0000480 seconds
31.545: Application time: 0.0553530 seconds
31.545: [GC [PSYoungGen: 15260K->1888K(15360K)] 37819K->24447K(49664K), 0.0007230 secs] [Times: user=0.00 sys=0.00, real=0.00 secs] 
31.545: Total time for which application threads were stopped: 0.0008300 seconds, Stopping threads took: 0.0000500 seconds
31.601: Application time: 0.0555630 seconds
31.601: [GC [PSYoungGen: 15196K->1904K(15360K)] 37755K->24463K(49664K), 0.0006930 secs] [Times: user=0.00 sys=0.00, real=0.00 secs] 
31.602: Total time for which application threads were stopped: 0.0008010 seconds, Stopping threads took: 0.0000540 seconds
31.660: Application time: 0.0578980 seconds
31.660: [GC [PSYoungGen: 15213K->1856K(15360K)] 37772K->24415K(49664K), 0.0007350 secs] [Times: user=0.01 sys=0.00, real=0.01 secs] 
31.661: Total time for which application threads were stopped: 0.0008490 seconds, Stopping threads took: 0.0000570 seconds
31.718: Application time: 0.0572490 seconds
31.718: [GC [PSYoungGen: 15167K->1952K(15360K)] 37726K->24511K(49664K), 0.0006830 secs] [Times: user=0.00 sys=0.00, real=0.00 secs] 
31.719: Total time for which application threads were stopped: 0.0008060 seconds, Stopping threads took: 0.0000660 seconds
31.773: Application time: 0.0544170 seconds
31.773: [GC [PSYoungGen: 15264K->1888K(15360K)] 37822K->24447K(49664K), 0.0007440 secs] [Times: user=0.01 sys=0.00, real=0.00 secs] 
31.774: Total time for which application threads were stopped: 0.0008630 seconds, Stopping threads took: 0.0000570 seconds
31.831: Application time: 0.0567600 seconds
31.831: [GC [PSYoungGen: 15196K->1920K(15360K)] 37755K->24479K(49664K), 0.0007100 secs] [Times: user=0.00 sys=0.00, real=0.00 secs] 
31.831: Total time for which application threads were stopped: 0.0008290 seconds, Stopping threads took: 0.0000600 seconds
31.890: Application time: 0.0586860 seconds
31.890: [GC [PSYoungGen: 15229K->1616K(15360K)] 37788K->24435K(49664K), 0.0007070 secs] [Times: user=0.01 sys=0.00, real=0.00 secs] 
31.891: Total time for which application threads were stopped: 0.0008230 seconds, Stopping threads took: 0.0000550 seconds
31.950: Application time: 0.0585620 seconds
31.950: [GC [PSYoungGen: 14925K->1632K(15360K)] 37745K->24499K(49664K), 0.0007140 secs] [Times: user=0.00 sys=0.00, real=0.00 secs] 
31.950: Total time for which application threads were stopped: 0.0008330 seconds, Stopping threads took: 0.0000610 seconds
32.009: Application time: 0.0590020 seconds
32.009: [GC [PSYoungGen: 14941K->1360K(15360K)] 37809K->24504K(49664K), 0.0006590 secs] [Times: user=0.00 sys=0.00, real=0.00 secs] 
32.010: Total time for which application threads were stopped: 0.0007690 seconds, Stopping threads took: 0.0000540 seconds
32.069: Application time: 0.0587660 seconds
32.069: [GC [PSYoungGen: 14669K->1328K(15360K)] 37813K->24512K(49664K), 0.0006380 secs] [Times: user=0.01 sys=0.00, real=0.00 secs] 
32.070: Total time for which application threads were stopped: 0.0007650 seconds, Stopping threads took: 0.0000710 seconds
32.129: Application time: 0.0595160 seconds
32.129: [GC [PSYoungGen: 14637K->1344K(15360K)] 37821K->24528K(49664K), 0.0006740 secs] [Times: user=0.00 sys=0.00, real=0.00 secs] 
32.131: Total time for which application threads were stopped: 0.0016130 seconds, Stopping threads took: 0.0000550 seconds
32.190: Application time: 0.0594510 seconds
32.190: [GC [PSYoungGen: 14653K->1344K(15360K)] 37837K->24576K(49664K), 0.0005720 secs] [Times: user=0.00 sys=0.00, real=0.00 secs] 
32.191: Total time for which application threads were stopped: 0.0007270 seconds, Stopping threads took: 0.0000980 seconds
32.251: Application time: 0.0600100 seconds
32.251: [GC [PSYoungGen: 14653K->1248K(15360K)] 37885K->24560K(49664K), 0.0006450 secs] [Times: user=0.00 sys=0.00, real=0.00 secs] 
32.252: Total time for which application threads were stopped: 0.0007570 seconds, Stopping threads took: 0.0000550 seconds
32.311: Application time: 0.0594380 seconds
32.311: [GC [PSYoungGen: 14557K->1280K(15360K)] 37869K->24592K(49664K), 0.0005480 secs] [Times: user=0.01 sys=0.00, real=0.00 secs] 
32.312: Total time for which application threads were stopped: 0.0006750 seconds, Stopping threads took: 0.0000610 seconds
32.372: Application time: 0.0596130 seconds
32.372: [GC [PSYoungGen: 14589K->1248K(15360K)] 37901K->24560K(49664K), 0.0005470 secs] [Times: user=0.01 sys=0.00, real=0.00 secs] 
32.372: Total time for which application threads were stopped: 0.0006760 seconds, Stopping threads took: 0.0000720 seconds
32.421: Application time: 0.0487550 seconds
32.421: [GC [PSYoungGen: 14558K->1312K(15360K)] 37870K->24860K(49664K), 0.0005740 secs] [Times: user=0.00 sys=0.00, real=0.00 secs] 
32.422: Total time for which application threads were stopped: 0.0006700 seconds, Stopping threads took: 0.0000380 seconds
32.465: Application time: 0.0433730 seconds
32.465: [GC [PSYoungGen: 14621K->1248K(15360K)] 38170K->25028K(49664K), 0.0006450 secs] [Times: user=0.00 sys=0.00, real=0.00 secs] 
32.466: Total time for which application threads were stopped: 0.0007550 seconds, Stopping threads took: 0.0000530 seconds
32.511: Application time: 0.0451440 seconds
32.511: [GC [PSYoungGen: 14559K->1248K(15360K)] 38340K->25028K(49664K), 0.0006020 secs] [Times: user=0.00 sys=0.00, real=0.00 secs] 
32.512: Total time for which application threads were stopped: 0.0007410 seconds, Stopping threads took: 0.0000730 seconds
32.568: Application time: 0.0561020 seconds
32.568: [GC [PSYoungGen: 14555K->1088K(15360K)] 38336K->25092K(49664K), 0.0006350 secs] [Times: user=0.00 sys=0.01, real=0.01 secs] 
32.569: Total time for which application threads were stopped: 0.0007390 seconds, Stopping threads took: 0.0000460 seconds
32.627: Application time: 0.0586310 seconds
32.627: [GC [PSYoungGen: 14399K->896K(15360K)] 38404K->25116K(49664K), 0.0005720 secs] [Times: user=0.00 sys=0.00, real=0.00 secs] 
32.628: Total time for which application threads were stopped: 0.0007120 seconds, Stopping threads took: 0.0000820 seconds
32.686: Application time: 0.0582500 seconds
32.686: [GC [PSYoungGen: 14205K->416K(15360K)] 38426K->25037K(49664K), 0.0005380 secs] [Times: user=0.00 sys=0.00, real=0.00 secs] 
32.687: Total time for which application threads were stopped: 0.0006510 seconds, Stopping threads took: 0.0000570 seconds
32.745: Application time: 0.0582110 seconds
32.745: [GC [PSYoungGen: 13725K->480K(15360K)] 38347K->25101K(49664K), 0.0004280 secs] [Times: user=0.00 sys=0.00, real=0.00 secs] 
32.746: Total time for which application threads were stopped: 0.0005470 seconds, Stopping threads took: 0.0000590 seconds
32.804: Application time: 0.0583440 seconds
32.804: [GC [PSYoungGen: 13789K->512K(15360K)] 38411K->25133K(49664K), 0.0005060 secs] [Times: user=0.00 sys=0.00, real=0.00 secs] 
32.804: Total time for which application threads were stopped: 0.0006240 seconds, Stopping threads took: 0.0000630 seconds
32.847: Application time: 0.0424100 seconds
32.847: [GC [PSYoungGen: 13823K->928K(15360K)] 38445K->25550K(49664K), 0.0004880 secs] [Times: user=0.01 sys=0.00, real=0.00 secs] 
32.848: Total time for which application threads were stopped: 0.0006210 seconds, Stopping threads took: 0.0000710 seconds
32.881: Application time: 0.0332980 seconds
32.881: [GC [PSYoungGen: 14237K->1008K(15360K)] 38859K->25630K(49664K), 0.0005050 secs] [Times: user=0.00 sys=0.00, real=0.00 secs] 
32.881: Total time for which application threads were stopped: 0.0006120 seconds, Stopping threads took: 0.0000540 seconds
32.937: Application time: 0.0556670 seconds
32.937: [GC [PSYoungGen: 14316K->992K(15360K)] 38938K->25614K(49664K), 0.0005190 secs] [Times: user=0.00 sys=0.00, real=0.00 secs] 
32.938: Total time for which application threads were stopped: 0.0006230 seconds, Stopping threads took: 0.0000490 seconds
32.987: Application time: 0.0493700 seconds
32.987: [GC [PSYoungGen: 14300K->1280K(15360K)] 38922K->25902K(49664K), 0.0005720 secs] [Times: user=0.00 sys=0.00, real=0.00 secs] 
32.988: Total time for which application threads were stopped: 0.0006900 seconds, Stopping threads took: 0.0000630 seconds
33.033: Application time: 0.0453110 seconds
33.033: [GC [PSYoungGen: 14591K->1264K(15360K)] 39213K->25886K(49664K), 0.0006170 secs] [Times: user=0.00 sys=0.00, real=0.00 secs] 
33.034: Total time for which application threads were stopped: 0.0007180 seconds, Stopping threads took: 0.0000460 seconds
33.067: Application time: 0.0331990 seconds
33.067: [GC [PSYoungGen: 14575K->1872K(15360K)] 39197K->26494K(49664K), 0.0007290 secs] [Times: user=0.01 sys=0.00, real=0.00 secs] 
33.068: Total time for which application threads were stopped: 0.0008320 seconds, Stopping threads took: 0.0000440 seconds
33.094: Application time: 0.0266080 seconds
33.095: [GC [PSYoungGen: 15182K->1872K(15360K)] 39804K->26494K(49664K), 0.0007230 secs] [Times: user=0.00 sys=0.00, real=0.00 secs] 
33.095: Total time for which application threads were stopped: 0.0008290 seconds, Stopping threads took: 0.0000490 seconds
33.147: Application time: 0.0512930 seconds
33.147: [GC [PSYoungGen: 15181K->1936K(15360K)] 39803K->26558K(49664K), 0.0007240 secs] [Times: user=0.01 sys=0.00, real=0.00 secs] 
33.147: Total time for which application threads were stopped: 0.0008460 seconds, Stopping threads took: 0.0000660 seconds
33.203: Application time: 0.0551060 seconds
33.203: [GC [PSYoungGen: 15246K->1968K(15360K)] 39868K->26590K(49664K), 0.0006970 secs] [Times: user=0.00 sys=0.00, real=0.00 secs] 
33.203: Total time for which application threads were stopped: 0.0008000 seconds, Stopping threads took: 0.0000490 seconds
33.260: Application time: 0.0564360 seconds
33.260: [GC [PSYoungGen: 15279K->1904K(15360K)] 39901K->26526K(49664K), 0.0007000 secs] [Times: user=0.00 sys=0.00, real=0.01 secs] 
33.261: Total time for which application threads were stopped: 0.0008260 seconds, Stopping threads took: 0.0000650 seconds
33.315: Application time: 0.0548220 seconds
33.316: [GC [PSYoungGen: 15214K->1888K(15360K)] 39836K->26510K(49664K), 0.0007060 secs] [Times: user=0.01 sys=0.00, real=0.00 secs] 
33.316: Total time for which application threads were stopped: 0.0008270 seconds, Stopping threads took: 0.0000580 seconds
33.374: Application time: 0.0576860 seconds
33.374: [GC [PSYoungGen: 15197K->1920K(15360K)] 39819K->26542K(49664K), 0.0007500 secs] [Times: user=0.01 sys=0.00, real=0.00 secs] 
33.375: Total time for which application threads were stopped: 0.0008910 seconds, Stopping threads took: 0.0000700 seconds
33.431: Application time: 0.0564150 seconds
33.431: [GC [PSYoungGen: 15228K->1920K(15360K)] 39850K->26542K(49664K), 0.0007000 secs] [Times: user=0.00 sys=0.00, real=0.00 secs] 
33.432: Total time for which application threads were stopped: 0.0008240 seconds, Stopping threads took: 0.0000670 seconds
33.486: Application time: 0.0542890 seconds
33.486: [GC [PSYoungGen: 15228K->1888K(15360K)] 39850K->26510K(49664K), 0.0006940 secs] [Times: user=0.00 sys=0.00, real=0.00 secs] 
33.487: Total time for which application threads were stopped: 0.0008250 seconds, Stopping threads took: 0.0000690 seconds
33.544: Application time: 0.0564000 seconds
33.544: [GC [PSYoungGen: 15196K->1920K(15360K)] 39818K->26542K(49664K), 0.0007250 secs] [Times: user=0.01 sys=0.00, real=0.00 secs] 
33.544: Total time for which application threads were stopped: 0.0008370 seconds, Stopping threads took: 0.0000530 seconds
33.603: Application time: 0.0590160 seconds
33.604: [GC [PSYoungGen: 15229K->1648K(15360K)] 39851K->26530K(49664K), 0.0007050 secs] [Times: user=0.01 sys=0.00, real=0.00 secs] 
33.604: Total time for which application threads were stopped: 0.0008480 seconds, Stopping threads took: 0.0000830 seconds
33.663: Application time: 0.0587560 seconds
33.663: [GC [PSYoungGen: 14957K->1600K(15360K)] 39840K->26530K(49664K), 0.0006930 secs] [Times: user=0.01 sys=0.00, real=0.00 secs] 
33.664: Total time for which application threads were stopped: 0.0008100 seconds, Stopping threads took: 0.0000550 seconds
33.723: Application time: 0.0586810 seconds
33.723: [GC [PSYoungGen: 14909K->1440K(15360K)] 39840K->26639K(49664K), 0.0006350 secs] [Times: user=0.00 sys=0.00, real=0.00 secs] 
33.723: Total time for which application threads were stopped: 0.0007380 seconds, Stopping threads took: 0.0000460 seconds
33.782: Application time: 0.0587840 seconds
33.782: [GC [PSYoungGen: 14749K->1312K(15360K)] 39948K->26591K(49664K), 0.0006150 secs] [Times: user=0.00 sys=0.00, real=0.00 secs] 
33.783: Total time for which application threads were stopped: 0.0007300 seconds, Stopping threads took: 0.0000590 seconds
33.842: Application time: 0.0590630 seconds
33.842: [GC [PSYoungGen: 14621K->1376K(15360K)] 39900K->26655K(49664K), 0.0005990 secs] [Times: user=0.01 sys=0.00, real=0.00 secs] 
33.843: Total time for which application threads were stopped: 0.0007200 seconds, Stopping threads took: 0.0000650 seconds
33.902: Application time: 0.0594590 seconds
33.902: [GC [PSYoungGen: 14687K->1312K(15360K)] 39966K->26663K(49664K), 0.0006310 secs] [Times: user=0.00 sys=0.00, real=0.00 secs] 
33.903: Total time for which application threads were stopped: 0.0007620 seconds, Stopping threads took: 0.0000640 seconds
33.962: Application time: 0.0589960 seconds
33.962: [GC [PSYoungGen: 14621K->1280K(15360K)] 39972K->26671K(49664K), 0.0006130 secs] [Times: user=0.00 sys=0.00, real=0.00 secs] 
33.963: Total time for which application threads were stopped: 0.0007270 seconds, Stopping threads took: 0.0000600 seconds
34.022: Application time: 0.0594790 seconds
34.022: [GC [PSYoungGen: 14589K->1248K(15360K)] 39980K->26639K(49664K), 0.0005910 secs] [Times: user=0.00 sys=0.00, real=0.00 secs] 
34.023: Total time for which application threads were stopped: 0.0006930 seconds, Stopping threads took: 0.0000460 seconds
34.082: Application time: 0.0594620 seconds
34.082: [GC [PSYoungGen: 14557K->1248K(15360K)] 39948K->26639K(49664K), 0.0006140 secs] [Times: user=0.00 sys=0.00, real=0.00 secs] 
34.083: Total time for which application threads were stopped: 0.0007290 seconds, Stopping threads took: 0.0000590 seconds
34.131: Application time: 0.0480890 seconds
34.131: [GC [PSYoungGen: 14555K->1504K(15360K)] 39947K->26895K(49664K), 0.0005810 secs] [Times: user=0.00 sys=0.00, real=0.00 secs] 
34.132: Total time for which application threads were stopped: 0.0006830 seconds, Stopping threads took: 0.0000460 seconds
34.179: Application time: 0.0472110 seconds
34.179: [GC [PSYoungGen: 14815K->1248K(15360K)] 40206K->27064K(49664K), 0.0006310 secs] [Times: user=0.00 sys=0.00, real=0.00 secs] 
34.180: Total time for which application threads were stopped: 0.0007320 seconds, Stopping threads took: 0.0000460 seconds
34.221: Application time: 0.0413750 seconds
34.221: [GC [PSYoungGen: 14559K->1376K(15360K)] 40376K->27192K(49664K), 0.0005420 secs] [Times: user=0.00 sys=0.00, real=0.00 secs] 
34.222: Total time for which application threads were stopped: 0.0006500 seconds, Stopping threads took: 0.0000510 seconds
34.280: Application time: 0.0583070 seconds
34.280: [GC [PSYoungGen: 14687K->1056K(15360K)] 40503K->27093K(49664K), 0.0005590 secs] [Times: user=0.00 sys=0.00, real=0.01 secs] 
34.281: Total time for which application threads were stopped: 0.0006670 seconds, Stopping threads took: 0.0000540 seconds
34.338: Application time: 0.0572980 seconds
34.338: [GC [PSYoungGen: 14364K->928K(15360K)] 40401K->27189K(49664K), 0.0005870 secs] [Times: user=0.00 sys=0.00, real=0.00 secs] 
34.339: Total time for which application threads were stopped: 0.0006900 seconds, Stopping threads took: 0.0000480 seconds
34.397: Application time: 0.0587600 seconds
34.398: [GC [PSYoungGen: 14239K->512K(15360K)] 40500K->27190K(49664K), 0.0004750 secs] [Times: user=0.00 sys=0.00, real=0.00 secs] 
34.398: Total time for which application threads were stopped: 0.0005880 seconds, Stopping threads took: 0.0000530 seconds
34.457: Application time: 0.0589980 seconds
34.457: [GC [PSYoungGen: 13823K->512K(15360K)] 40501K->27190K(49664K), 0.0004750 secs] [Times: user=0.01 sys=0.00, real=0.00 secs] 
34.458: Total time for which application threads were stopped: 0.0005970 seconds, Stopping threads took: 0.0000570 seconds
34.516: Application time: 0.0585930 seconds
34.516: [GC [PSYoungGen: 13821K->480K(15360K)] 40499K->27158K(49664K), 0.0004560 secs] [Times: user=0.00 sys=0.00, real=0.00 secs] 
34.517: Total time for which application threads were stopped: 0.0005680 seconds, Stopping threads took: 0.0000570 seconds
34.560: Application time: 0.0434990 seconds
34.560: [GC [PSYoungGen: 13787K->960K(15360K)] 40465K->27638K(49664K), 0.0004770 secs] [Times: user=0.00 sys=0.00, real=0.00 secs] 
34.561: Total time for which application threads were stopped: 0.0005730 seconds, Stopping threads took: 0.0000400 seconds
34.596: Application time: 0.0353110 seconds
34.596: [GC [PSYoungGen: 14267K->976K(15360K)] 40945K->27654K(49664K), 0.0005030 secs] [Times: user=0.01 sys=0.00, real=0.00 secs] 
34.597: Total time for which application threads were stopped: 0.0006220 seconds, Stopping threads took: 0.0000560 seconds
34.648: Application time: 0.0516470 seconds
34.649: [GC [PSYoungGen: 14287K->928K(15360K)] 40965K->27606K(49664K), 0.0005390 secs] [Times: user=0.00 sys=0.00, real=0.00 secs] 
34.649: Total time for which application threads were stopped: 0.0006590 seconds, Stopping threads took: 0.0000640 seconds
34.699: Application time: 0.0502430 seconds
34.700: [GC [PSYoungGen: 14236K->1216K(15360K)] 40914K->27894K(49664K), 0.0006670 secs] [Times: user=0.00 sys=0.00, real=0.00 secs] 
34.701: Total time for which application threads were stopped: 0.0016840 seconds, Stopping threads took: 0.0009410 seconds
34.746: Application time: 0.0451070 seconds
34.746: [GC [PSYoungGen: 14525K->1248K(15360K)] 41203K->27926K(49664K), 0.0005970 secs] [Times: user=0.01 sys=0.00, real=0.00 secs] 
34.747: Total time for which application threads were stopped: 0.0007200 seconds, Stopping threads took: 0.0000660 seconds
34.786: Application time: 0.0395990 seconds
34.787: [GC [PSYoungGen: 14557K->1712K(15360K)] 41235K->28390K(49664K), 0.0006530 secs] [Times: user=0.01 sys=0.00, real=0.00 secs] 
34.787: Total time for which application threads were stopped: 0.0007650 seconds, Stopping threads took: 0.0000560 seconds
34.814: Application time: 0.0263580 seconds
34.814: [GC [PSYoungGen: 15020K->1904K(15360K)] 41698K->28582K(49664K), 0.0007090 secs] [Times: user=0.00 sys=0.00, real=0.00 secs] 
34.814: Total time for which application threads were stopped: 0.0008200 seconds, Stopping threads took: 0.0000540 seconds
34.860: Application time: 0.0455640 seconds
34.864: [GC [PSYoungGen: 15216K->1920K(15360K)] 41894K->28598K(49664K), 0.0008110 secs] [Times: user=0.00 sys=0.00, real=0.00 secs] 
34.865: Total time for which application threads were stopped: 0.0051970 seconds, Stopping threads took: 0.0043310 seconds
34.922: Application time: 0.0566960 seconds
34.922: [GC [PSYoungGen: 15228K->1904K(15360K)] 41906K->28582K(49664K), 0.0007290 secs] [Times: user=0.01 sys=0.00, real=0.00 secs] 
34.923: Total time for which application threads were stopped: 0.0008480 seconds, Stopping threads took: 0.0000600 seconds
34.979: Application time: 0.0562240 seconds
34.979: [GC [PSYoungGen: 15215K->1968K(15360K)] 41893K->28646K(49664K), 0.0006860 secs] [Times: user=0.01 sys=0.00, real=0.00 secs] 
34.980: Total time for which application threads were stopped: 0.0008210 seconds, Stopping threads took: 0.0000680 seconds
35.035: Application time: 0.0547700 seconds
35.035: [GC [PSYoungGen: 15276K->1888K(15360K)] 41954K->28566K(49664K), 0.0007380 secs] [Times: user=0.00 sys=0.00, real=0.00 secs] 
35.035: Total time for which application threads were stopped: 0.0008550 seconds, Stopping threads took: 0.0000610 seconds
35.093: Application time: 0.0575160 seconds
35.093: [GC [PSYoungGen: 15197K->1904K(15360K)] 41875K->28582K(49664K), 0.0006890 secs] [Times: user=0.00 sys=0.00, real=0.00 secs] 
35.094: Total time for which application threads were stopped: 0.0008040 seconds, Stopping threads took: 0.0000570 seconds
35.150: Application time: 0.0565160 seconds
35.150: [GC [PSYoungGen: 15212K->1936K(15360K)] 41890K->28614K(49664K), 0.0007780 secs] [Times: user=0.00 sys=0.00, real=0.00 secs] 
35.151: Total time for which application threads were stopped: 0.0008780 seconds, Stopping threads took: 0.0000440 seconds
35.208: Application time: 0.0569160 seconds
35.208: [GC [PSYoungGen: 15247K->1936K(15360K)] 41925K->28614K(49664K), 0.0007910 secs] [Times: user=0.01 sys=0.00, real=0.01 secs] 
35.209: Total time for which application threads were stopped: 0.0009120 seconds, Stopping threads took: 0.0000640 seconds
35.264: Application time: 0.0550980 seconds
35.264: [GC [PSYoungGen: 15246K->1904K(15360K)] 41924K->28582K(49664K), 0.0007080 secs] [Times: user=0.00 sys=0.00, real=0.00 secs] 
35.265: Total time for which application threads were stopped: 0.0008440 seconds, Stopping threads took: 0.0000760 seconds
35.323: Application time: 0.0584570 seconds
35.323: [GC [PSYoungGen: 15213K->1696K(15360K)] 41891K->28634K(49664K), 0.0006980 secs] [Times: user=0.00 sys=0.00, real=0.00 secs] 
35.324: Total time for which application threads were stopped: 0.0008220 seconds, Stopping threads took: 0.0000620 seconds
35.383: Application time: 0.0590390 seconds
35.383: [GC [PSYoungGen: 15005K->1616K(15360K)] 41944K->28602K(49664K), 0.0007220 secs] [Times: user=0.01 sys=0.00, real=0.00 secs] 
35.384: Total time for which application threads were stopped: 0.0008240 seconds, Stopping threads took: 0.0000460 seconds
35.443: Application time: 0.0587750 seconds
35.443: [GC [PSYoungGen: 14925K->1424K(15360K)] 41912K->28674K(49664K), 0.0006800 secs] [Times: user=0.00 sys=0.00, real=0.00 secs] 
35.444: Total time for which application threads were stopped: 0.0008060 seconds, Stopping threads took: 0.0000700 seconds
35.502: Application time: 0.0586780 seconds
35.502: [GC [PSYoungGen: 14733K->1360K(15360K)] 41984K->28694K(49664K), 0.0006760 secs] [Times: user=0.00 sys=0.00, real=0.00 secs] 
35.503: Total time for which application threads were stopped: 0.0007920 seconds, Stopping threads took: 0.0000500 seconds
35.562: Application time: 0.0590100 seconds
35.562: [GC [PSYoungGen: 14669K->1376K(15360K)] 42004K->28710K(49664K), 0.0005920 secs] [Times: user=0.01 sys=0.00, real=0.00 secs] 
35.563: Total time for which application threads were stopped: 0.0007170 seconds, Stopping threads took: 0.0000680 seconds
35.622: Application time: 0.0591400 seconds
35.622: [GC [PSYoungGen: 14685K->1312K(15360K)] 42020K->28694K(49664K), 0.0007020 secs] [Times: user=0.00 sys=0.00, real=0.00 secs] 
35.623: Total time for which application threads were stopped: 0.0008110 seconds, Stopping threads took: 0.0000520 seconds
35.682: Application time: 0.0592900 seconds
35.682: [GC [PSYoungGen: 14621K->1280K(15360K)] 42004K->28742K(49664K), 0.0005850 secs] [Times: user=0.01 sys=0.00, real=0.00 secs] 
35.683: Total time for which application threads were stopped: 0.0007040 seconds, Stopping threads took: 0.0000630 seconds
35.742: Application time: 0.0595180 seconds
35.742: [GC [PSYoungGen: 14589K->1248K(15360K)] 42052K->28710K(49664K), 0.0006060 secs] [Times: user=0.01 sys=0.00, real=0.00 secs] 
35.743: Total time for which application threads were stopped: 0.0007380 seconds, Stopping threads took: 0.0000740 seconds
35.802: Application time: 0.0589340 seconds
35.802: [GC [PSYoungGen: 14557K->1568K(15360K)] 42020K->29031K(49664K), 0.0006120 secs] [Times: user=0.00 sys=0.00, real=0.00 secs] 
35.803: Total time for which application threads were stopped: 0.0007250 seconds, Stopping threads took: 0.0000580 seconds
35.849: Application time: 0.0467470 seconds
35.850: [GC [PSYoungGen: 14875K->1472K(15360K)] 42338K->28935K(49664K), 0.0006470 secs] [Times: user=0.01 sys=0.00, real=0.00 secs] 
35.850: Total time for which application threads were stopped: 0.0007600 seconds, Stopping threads took: 0.0000570 seconds
35.901: Application time: 0.0509460 seconds
35.901: [GC [PSYoungGen: 14781K->1120K(15360K)] 42244K->28984K(49664K), 0.0006460 secs] [Times: user=0.01 sys=0.00, real=0.00 secs] 
35.902: Total time for which application threads were stopped: 0.0007780 seconds, Stopping threads took: 0.0000760 seconds
35.943: Application time: 0.0405630 seconds
35.943: [GC [PSYoungGen: 14429K->1312K(15360K)] 42293K->29176K(49664K), 0.0005800 secs] [Times: user=0.00 sys=0.00, real=0.00 secs] 
35.943: Total time for which application threads were stopped: 0.0006960 seconds, Stopping threads took: 0.0000610 seconds
35.999: Application time: 0.0554270 seconds
35.999: [GC [PSYoungGen: 14623K->1056K(15360K)] 42487K->29144K(49664K), 0.0006170 secs] [Times: user=0.00 sys=0.00, real=0.00 secs] 
35.999: Total time for which application threads were stopped: 0.0007290 seconds, Stopping threads took: 0.0000570 seconds
36.057: Application time: 0.0578610 seconds
36.057: [GC [PSYoungGen: 14364K->960K(15360K)] 42452K->29268K(49664K), 0.0005210 secs] [Times: user=0.01 sys=0.00, real=0.00 secs] 
36.058: Total time for which application threads were stopped: 0.0006450 seconds, Stopping threads took: 0.0000580 seconds
36.117: Application time: 0.0589540 seconds
36.117: [GC [PSYoungGen: 14269K->512K(15360K)] 42578K->29237K(49664K), 0.0004520 secs] [Times: user=0.01 sys=0.00, real=0.00 secs] 
36.117: Total time for which application threads were stopped: 0.0005500 seconds, Stopping threads took: 0.0000400 seconds
36.176: Application time: 0.0590340 seconds
36.177: [GC [PSYoungGen: 13821K->512K(15360K)] 42547K->29237K(49664K), 0.0004550 secs] [Times: user=0.00 sys=0.00, real=0.00 secs] 
36.177: Total time for which application threads were stopped: 0.0005760 seconds, Stopping threads took: 0.0000660 seconds
36.237: Application time: 0.0598910 seconds
36.237: [GC [PSYoungGen: 13821K->544K(15360K)] 42547K->29269K(49664K), 0.0004500 secs] [Times: user=0.00 sys=0.00, real=0.00 secs] 
36.237: Total time for which application threads were stopped: 0.0005660 seconds, Stopping threads took: 0.0000610 seconds
36.284: Application time: 0.0470150 seconds
36.285: [GC [PSYoungGen: 13854K->960K(15360K)] 42579K->29685K(49664K), 0.0005160 secs] [Times: user=0.00 sys=0.00, real=0.00 secs] 
36.285: Total time for which application threads were stopped: 0.0006190 seconds, Stopping threads took: 0.0000470 seconds
36.317: Application time: 0.0322520 seconds
36.317: [GC [PSYoungGen: 14271K->960K(15360K)] 42997K->29685K(49664K), 0.0005690 secs] [Times: user=0.00 sys=0.00, real=0.00 secs] 
36.318: Total time for which application threads were stopped: 0.0006770 seconds, Stopping threads took: 0.0000510 seconds
36.369: Application time: 0.0514770 seconds
36.370: [GC [PSYoungGen: 14269K->1056K(15360K)] 42995K->29781K(49664K), 0.0005240 secs] [Times: user=0.01 sys=0.00, real=0.00 secs] 
36.370: Total time for which application threads were stopped: 0.0006370 seconds, Stopping threads took: 0.0000580 seconds
36.419: Application time: 0.0487950 seconds
36.419: [GC [PSYoungGen: 14363K->1232K(15360K)] 43089K->29957K(49664K), 0.0005650 secs] [Times: user=0.00 sys=0.00, real=0.00 secs] 
36.420: Total time for which application threads were stopped: 0.0006680 seconds, Stopping threads took: 0.0000420 seconds
36.465: Application time: 0.0458750 seconds
36.466: [GC [PSYoungGen: 14543K->1216K(15360K)] 43269K->29941K(49664K), 0.0005850 secs] [Times: user=0.00 sys=0.00, real=0.00 secs] 
36.466: Total time for which application threads were stopped: 0.0006940 seconds, Stopping threads took: 0.0000530 seconds
36.507: Application time: 0.0410930 seconds
36.507: [GC [PSYoungGen: 14526K->1472K(15360K)] 43252K->30197K(49664K), 0.0006490 secs] [Times: user=0.00 sys=0.00, real=0.00 secs] 
36.508: Total time for which application threads were stopped: 0.0007520 seconds, Stopping threads took: 0.0000480 seconds
36.535: Application time: 0.0274710 seconds
36.536: [GC [PSYoungGen: 14779K->1904K(15360K)] 43505K->30629K(49664K), 0.0007120 secs] [Times: user=0.01 sys=0.00, real=0.00 secs] 
36.536: Total time for which application threads were stopped: 0.0008210 seconds, Stopping threads took: 0.0000510 seconds
36.580: Application time: 0.0434380 seconds
36.580: [GC [PSYoungGen: 15215K->1856K(15360K)] 43941K->30581K(49664K), 0.0007080 secs] [Times: user=0.01 sys=0.00, real=0.01 secs] 
36.581: Total time for which application threads were stopped: 0.0008330 seconds, Stopping threads took: 0.0000580 seconds
36.634: Application time: 0.0536140 seconds
36.634: [GC [PSYoungGen: 15164K->1952K(15360K)] 43890K->30677K(49664K), 0.0007750 secs] [Times: user=0.01 sys=0.00, real=0.00 secs] 
36.635: Total time for which application threads were stopped: 0.0008820 seconds, Stopping threads took: 0.0000500 seconds
36.692: Application time: 0.0573600 seconds
36.696: [GC [PSYoungGen: 15261K->1888K(15360K)] 43987K->30613K(49664K), 0.0007580 secs] [Times: user=0.00 sys=0.00, real=0.00 secs] 
36.697: Total time for which application threads were stopped: 0.0046490 seconds, Stopping threads took: 0.0038310 seconds
36.751: Application time: 0.0539290 seconds
36.751: [GC [PSYoungGen: 15198K->1968K(15360K)] 43924K->30693K(49664K), 0.0007230 secs] [Times: user=0.01 sys=0.00, real=0.00 secs] 
36.752: Total time for which application threads were stopped: 0.0008380 seconds, Stopping threads took: 0.0000550 seconds
36.809: Application time: 0.0574260 seconds
36.809: [GC [PSYoungGen: 15277K->1888K(15360K)] 44003K->30613K(49664K), 0.0007130 secs] [Times: user=0.00 sys=0.00, real=0.00 secs] 
36.810: Total time for which application threads were stopped: 0.0008340 seconds, Stopping threads took: 0.0000650 seconds
36.866: Application time: 0.0561630 seconds
36.866: [GC [PSYoungGen: 15196K->1952K(15360K)] 43922K->30677K(49664K), 0.0007720 secs] [Times: user=0.00 sys=0.00, real=0.00 secs] 
36.867: Total time for which application threads were stopped: 0.0008830 seconds, Stopping threads took: 0.0000460 seconds
36.923: Application time: 0.0562590 seconds
36.924: [GC [PSYoungGen: 15260K->1952K(15360K)] 43986K->30677K(49664K), 0.0007080 secs] [Times: user=0.00 sys=0.00, real=0.00 secs] 
36.924: Total time for which application threads were stopped: 0.0008240 seconds, Stopping threads took: 0.0000590 seconds
36.979: Application time: 0.0549340 seconds
36.979: [GC [PSYoungGen: 15262K->1936K(15360K)] 43988K->30661K(49664K), 0.0007130 secs] [Times: user=0.00 sys=0.00, real=0.00 secs] 
36.980: Total time for which application threads were stopped: 0.0008390 seconds, Stopping threads took: 0.0000690 seconds
37.039: Application time: 0.0586650 seconds
37.039: [GC [PSYoungGen: 15245K->1648K(15360K)] 43971K->30629K(49664K), 0.0007500 secs] [Times: user=0.00 sys=0.00, real=0.00 secs] 
37.040: Total time for which application threads were stopped: 0.0008680 seconds, Stopping threads took: 0.0000560 seconds
37.099: Application time: 0.0591830 seconds
37.099: [GC [PSYoungGen: 14957K->1680K(15360K)] 43939K->30709K(49664K), 0.0006670 secs] [Times: user=0.00 sys=0.00, real=0.00 secs] 
37.100: Total time for which application threads were stopped: 0.0007980 seconds, Stopping threads took: 0.0000630 seconds
37.158: Application time: 0.0588040 seconds
37.158: [GC [PSYoungGen: 14989K->1408K(15360K)] 44019K->30701K(49664K), 0.0006730 secs] [Times: user=0.00 sys=0.00, real=0.00 secs] 
37.160: Total time for which application threads were stopped: 0.0017010 seconds, Stopping threads took: 0.0000480 seconds
37.219: Application time: 0.0587480 seconds
37.219: [GC [PSYoungGen: 14717K->1376K(15360K)] 44011K->30753K(49664K), 0.0006030 secs] [Times: user=0.00 sys=0.00, real=0.00 secs] 
37.220: Total time for which application threads were stopped: 0.0007590 seconds, Stopping threads took: 0.0001010 seconds
37.278: Application time: 0.0588280 seconds
37.279: [GC [PSYoungGen: 14685K->1344K(15360K)] 44063K->30721K(49664K), 0.0006670 secs] [Times: user=0.01 sys=0.00, real=0.00 secs] 
37.279: Total time for which application threads were stopped: 0.0007840 seconds, Stopping threads took: 0.0000580 seconds
37.338: Application time: 0.0591670 seconds
37.338: [GC [PSYoungGen: 14653K->1376K(15360K)] 44031K->30761K(49664K), 0.0006030 secs] [Times: user=0.00 sys=0.00, real=0.00 secs] 
37.339: Total time for which application threads were stopped: 0.0007190 seconds, Stopping threads took: 0.0000590 seconds
37.399: Application time: 0.0603490 seconds
37.400: [GC [PSYoungGen: 14685K->1280K(15360K)] 44071K->30778K(49664K), 0.0006130 secs] [Times: user=0.00 sys=0.00, real=0.00 secs] 
37.400: Total time for which application threads were stopped: 0.0007340 seconds, Stopping threads took: 0.0000610 seconds
37.459: Application time: 0.0593000 seconds
37.460: [GC [PSYoungGen: 14589K->1280K(15360K)] 44087K->30778K(49664K), 0.0005710 secs] [Times: user=0.01 sys=0.00, real=0.00 secs] 
37.460: Total time for which application threads were stopped: 0.0006830 seconds, Stopping threads took: 0.0000550 seconds
37.520: Application time: 0.0600010 seconds
37.520: [GC [PSYoungGen: 14589K->1248K(15360K)] 44087K->30746K(49664K), 0.0005600 secs] [Times: user=0.01 sys=0.00, real=0.00 secs] 
37.521: Total time for which application threads were stopped: 0.0006830 seconds, Stopping threads took: 0.0000630 seconds
37.570: Application time: 0.0493600 seconds
37.570: [GC [PSYoungGen: 14558K->1504K(15360K)] 44056K->31002K(49664K), 0.0005910 secs] [Times: user=0.00 sys=0.00, real=0.00 secs] 
37.571: Total time for which application threads were stopped: 0.0007000 seconds, Stopping threads took: 0.0000520 seconds
37.620: Application time: 0.0487910 seconds
37.620: [GC [PSYoungGen: 14815K->1088K(15360K)] 44313K->30990K(49664K), 0.0006440 secs] [Times: user=0.00 sys=0.01, real=0.01 secs] 
37.620: Total time for which application threads were stopped: 0.0007730 seconds, Stopping threads took: 0.0000630 seconds
37.663: Application time: 0.0429020 seconds
37.663: [GC [PSYoungGen: 14396K->1312K(15360K)] 44299K->31214K(49664K), 0.0005750 secs] [Times: user=0.00 sys=0.00, real=0.00 secs] 
37.664: Total time for which application threads were stopped: 0.0006740 seconds, Stopping threads took: 0.0000440 seconds
37.718: Application time: 0.0536440 seconds
37.720: [GC [PSYoungGen: 14620K->1120K(15360K)] 44523K->31227K(49664K), 0.0006060 secs] [Times: user=0.00 sys=0.00, real=0.00 secs] 
37.721: Total time for which application threads were stopped: 0.0032460 seconds, Stopping threads took: 0.0025780 seconds
37.779: Application time: 0.0578530 seconds
37.779: [GC [PSYoungGen: 14431K->960K(15360K)] 44538K->31287K(49664K), 0.0005170 secs] [Times: user=0.00 sys=0.00, real=0.00 secs] 
37.779: Total time for which application threads were stopped: 0.0006300 seconds, Stopping threads took: 0.0000560 seconds
37.838: Application time: 0.0587270 seconds
37.838: [GC [PSYoungGen: 14269K->512K(15360K)] 44597K->31256K(49664K), 0.0005910 secs] [Times: user=0.00 sys=0.00, real=0.00 secs] 
37.839: Total time for which application threads were stopped: 0.0007050 seconds, Stopping threads took: 0.0000590 seconds
37.897: Application time: 0.0583970 seconds
37.897: [GC [PSYoungGen: 13821K->448K(15360K)] 44566K->31192K(49664K), 0.0004880 secs] [Times: user=0.00 sys=0.00, real=0.00 secs] 
37.898: Total time for which application threads were stopped: 0.0006020 seconds, Stopping threads took: 0.0000580 seconds
37.956: Application time: 0.0581820 seconds
37.956: [GC [PSYoungGen: 13757K->512K(15360K)] 44502K->31256K(49664K), 0.0004420 secs] [Times: user=0.00 sys=0.00, real=0.00 secs] 
37.957: Total time for which application threads were stopped: 0.0005590 seconds, Stopping threads took: 0.0000610 seconds
38.004: Application time: 0.0470020 seconds
38.004: [GC [PSYoungGen: 13822K->928K(15360K)] 44567K->31672K(49664K), 0.0005470 secs] [Times: user=0.00 sys=0.00, real=0.00 secs] 
38.004: Total time for which application threads were stopped: 0.0006450 seconds, Stopping threads took: 0.0000440 seconds
38.036: Application time: 0.0320230 seconds
38.036: [GC [PSYoungGen: 14237K->992K(15360K)] 44982K->31736K(49664K), 0.0005090 secs] [Times: user=0.00 sys=0.00, real=0.00 secs] 
38.037: Total time for which application threads were stopped: 0.0006190 seconds, Stopping threads took: 0.0000550 seconds
38.089: Application time: 0.0521970 seconds
38.089: [GC [PSYoungGen: 14301K->1056K(15360K)] 45045K->31800K(49664K), 0.0005350 secs] [Times: user=0.00 sys=0.00, real=0.00 secs] 
38.090: Total time for which application threads were stopped: 0.0006440 seconds, Stopping threads took: 0.0000520 seconds
38.142: Application time: 0.0517710 seconds
38.142: [GC [PSYoungGen: 14366K->1280K(15360K)] 45111K->32024K(49664K), 0.0005680 secs] [Times: user=0.01 sys=0.00, real=0.00 secs] 
38.142: Total time for which application threads were stopped: 0.0007010 seconds, Stopping threads took: 0.0000630 seconds
38.184: Application time: 0.0422280 seconds
38.185: [GC [PSYoungGen: 14589K->1248K(15360K)] 45334K->31992K(49664K), 0.0006020 secs] [Times: user=0.01 sys=0.00, real=0.00 secs] 
38.185: Total time for which application threads were stopped: 0.0007170 seconds, Stopping threads took: 0.0000590 seconds
38.229: Application time: 0.0437470 seconds
38.229: [GC [PSYoungGen: 14558K->1632K(15360K)] 45303K->32376K(49664K), 0.0006500 secs] [Times: user=0.00 sys=0.00, real=0.00 secs] 
38.230: Total time for which application threads were stopped: 0.0007560 seconds, Stopping threads took: 0.0000510 seconds
38.259: Application time: 0.0291350 seconds
38.259: [GC [PSYoungGen: 14941K->1888K(15360K)] 45686K->32632K(49664K), 0.0007060 secs] [Times: user=0.00 sys=0.00, real=0.00 secs] 
38.260: Total time for which application threads were stopped: 0.0008130 seconds, Stopping threads took: 0.0000510 seconds
38.299: Application time: 0.0395080 seconds
38.299: [GC [PSYoungGen: 15197K->1968K(15360K)] 45942K->32712K(49664K), 0.0007410 secs] [Times: user=0.00 sys=0.00, real=0.00 secs] 
38.300: Total time for which application threads were stopped: 0.0008630 seconds, Stopping threads took: 0.0000620 seconds
38.354: Application time: 0.0544060 seconds
38.355: [GC [PSYoungGen: 15278K->1952K(15360K)] 46023K->32696K(49664K), 0.0007590 secs] [Times: user=0.00 sys=0.00, real=0.00 secs] 
38.355: Total time for which application threads were stopped: 0.0008790 seconds, Stopping threads took: 0.0000620 seconds
38.411: Application time: 0.0552490 seconds
38.411: [GC [PSYoungGen: 15260K->1984K(15360K)] 46005K->32728K(49664K), 0.0007850 secs] [Times: user=0.01 sys=0.00, real=0.00 secs] 
38.411: Total time for which application threads were stopped: 0.0008860 seconds, Stopping threads took: 0.0000470 seconds
38.467: Application time: 0.0551710 seconds
38.467: [GC [PSYoungGen: 15292K->1888K(15360K)] 46037K->32632K(49664K), 0.0007150 secs] [Times: user=0.00 sys=0.00, real=0.00 secs] 
38.467: Total time for which application threads were stopped: 0.0008330 seconds, Stopping threads took: 0.0000600 seconds
38.525: Application time: 0.0575140 seconds
38.525: [GC [PSYoungGen: 15197K->1904K(15360K)] 45942K->32648K(49664K), 0.0006910 secs] [Times: user=0.00 sys=0.00, real=0.00 secs] 
38.526: Total time for which application threads were stopped: 0.0008010 seconds, Stopping threads took: 0.0000510 seconds
38.582: Application time: 0.0559730 seconds
38.584: [GC [PSYoungGen: 15212K->1888K(15360K)] 45957K->32632K(49664K), 0.0007540 secs] [Times: user=0.00 sys=0.00, real=0.00 secs] 
38.585: Total time for which application threads were stopped: 0.0033350 seconds, Stopping threads took: 0.0025230 seconds
38.642: Application time: 0.0570900 seconds
38.642: [GC [PSYoungGen: 15197K->1904K(15360K)] 45941K->32648K(49664K), 0.0007370 secs] [Times: user=0.01 sys=0.00, real=0.00 secs] 
38.643: Total time for which application threads were stopped: 0.0008610 seconds, Stopping threads took: 0.0000600 seconds
38.697: Application time: 0.0537800 seconds
38.697: [GC [PSYoungGen: 15215K->1936K(15360K)] 45960K->32680K(49664K), 0.0007110 secs] [Times: user=0.00 sys=0.00, real=0.00 secs] 
38.698: Total time for which application threads were stopped: 0.0008270 seconds, Stopping threads took: 0.0000590 seconds
38.756: Application time: 0.0585150 seconds
38.756: [GC [PSYoungGen: 15245K->1632K(15360K)] 45990K->32641K(49664K), 0.0007210 secs] [Times: user=0.00 sys=0.00, real=0.00 secs] 
38.757: Total time for which application threads were stopped: 0.0008550 seconds, Stopping threads took: 0.0000750 seconds
38.816: Application time: 0.0587070 seconds
38.816: [GC [PSYoungGen: 14941K->1680K(15360K)] 45950K->32728K(49664K), 0.0006780 secs] [Times: user=0.00 sys=0.00, real=0.00 secs] 
38.817: Total time for which application threads were stopped: 0.0008080 seconds, Stopping threads took: 0.0000720 seconds
38.875: Application time: 0.0589070 seconds
38.876: [GC [PSYoungGen: 14991K->1408K(15360K)] 46040K->32721K(49664K), 0.0006470 secs] [Times: user=0.00 sys=0.00, real=0.00 secs] 
38.876: Total time for which application threads were stopped: 0.0007530 seconds, Stopping threads took: 0.0000530 seconds
38.935: Application time: 0.0588010 seconds
38.935: [GC [PSYoungGen: 14717K->1392K(15360K)] 46030K->32753K(49664K), 0.0006150 secs] [Times: user=0.01 sys=0.00, real=0.00 secs] 
38.936: Total time for which application threads were stopped: 0.0007470 seconds, Stopping threads took: 0.0000700 seconds
38.995: Application time: 0.0589920 seconds
38.995: [GC [PSYoungGen: 14701K->1312K(15360K)] 46062K->32721K(49664K), 0.0006560 secs] [Times: user=0.00 sys=0.00, real=0.00 secs] 
38.996: Total time for which application threads were stopped: 0.0007630 seconds, Stopping threads took: 0.0000480 seconds
39.054: Application time: 0.0589310 seconds
39.055: [GC [PSYoungGen: 14621K->1344K(15360K)] 46030K->32753K(49664K), 0.0006260 secs] [Times: user=0.00 sys=0.00, real=0.00 secs] 
39.055: Total time for which application threads were stopped: 0.0007490 seconds, Stopping threads took: 0.0000680 seconds
39.114: Application time: 0.0592790 seconds
39.115: [GC [PSYoungGen: 14653K->1280K(15360K)] 46062K->32801K(49664K), 0.0005450 secs] [Times: user=0.00 sys=0.00, real=0.00 secs] 
39.115: Total time for which application threads were stopped: 0.0006470 seconds, Stopping threads took: 0.0000430 seconds
39.174: Application time: 0.0592420 seconds
39.174: [GC [PSYoungGen: 14589K->1312K(15360K)] 46110K->32833K(49664K), 0.0005820 secs] [Times: user=0.01 sys=0.00, real=0.00 secs] 
39.175: Total time for which application threads were stopped: 0.0006950 seconds, Stopping threads took: 0.0000470 seconds
39.236: Application time: 0.0611480 seconds
39.236: [GC [PSYoungGen: 14621K->1216K(15360K)] 46142K->32737K(49664K), 0.0005180 secs] [Times: user=0.00 sys=0.00, real=0.00 secs] 
39.237: Total time for which application threads were stopped: 0.0006300 seconds, Stopping threads took: 0.0000590 seconds
39.289: Application time: 0.0523170 seconds
39.289: [GC [PSYoungGen: 14523K->1504K(15360K)] 46045K->33025K(49664K), 0.0005850 secs] [Times: user=0.00 sys=0.00, real=0.00 secs] 
39.290: Total time for which application threads were stopped: 0.0006920 seconds, Stopping threads took: 0.0000520 seconds
39.337: Application time: 0.0466880 seconds
39.337: [GC [PSYoungGen: 14813K->1120K(15360K)] 46334K->33069K(49664K), 0.0005750 secs] [Times: user=0.00 sys=0.00, real=0.00 secs] 
39.337: Total time for which application threads were stopped: 0.0006870 seconds, Stopping threads took: 0.0000560 seconds
39.381: Application time: 0.0433280 seconds
39.381: [GC [PSYoungGen: 14431K->1280K(15360K)] 46381K->33229K(49664K), 0.0006190 secs] [Times: user=0.00 sys=0.00, real=0.00 secs] 
39.381: Total time for which application threads were stopped: 0.0007370 seconds, Stopping threads took: 0.0000620 seconds
39.434: Application time: 0.0523020 seconds
39.434: [GC [PSYoungGen: 14588K->1152K(15360K)] 46537K->33306K(49664K), 0.0005630 secs] [Times: user=0.00 sys=0.00, real=0.00 secs] 
39.434: Total time for which application threads were stopped: 0.0006890 seconds, Stopping threads took: 0.0000680 seconds
39.492: Application time: 0.0572170 seconds
39.492: [GC [PSYoungGen: 14460K->1120K(15360K)] 46615K->33274K(49664K), 0.0005520 secs] [Times: user=0.01 sys=0.00, real=0.00 secs] 
39.492: Total time for which application threads were stopped: 0.0006890 seconds, Stopping threads took: 0.0000790 seconds
39.552: Application time: 0.0592920 seconds
39.552: [GC [PSYoungGen: 14429K->480K(15360K)] 46583K->33255K(49664K), 0.0005630 secs] [Times: user=0.01 sys=0.00, real=0.00 secs] 
39.552: Total time for which application threads were stopped: 0.0006830 seconds, Stopping threads took: 0.0000620 seconds
39.611: Application time: 0.0583090 seconds
39.611: [GC [PSYoungGen: 13789K->512K(15360K)] 46565K->33287K(49664K), 0.0004280 secs] [Times: user=0.01 sys=0.00, real=0.00 secs] 
39.611: Total time for which application threads were stopped: 0.0005480 seconds, Stopping threads took: 0.0000640 seconds
39.669: Application time: 0.0584350 seconds
39.670: [GC [PSYoungGen: 13821K->512K(15360K)] 46597K->33287K(49664K), 0.0004500 secs] [Times: user=0.00 sys=0.00, real=0.00 secs] 
39.670: Total time for which application threads were stopped: 0.0005600 seconds, Stopping threads took: 0.0000530 seconds
39.717: Application time: 0.0470500 seconds
39.717: [GC [PSYoungGen: 13823K->928K(15360K)] 46599K->33703K(49664K), 0.0005390 secs] [Times: user=0.00 sys=0.00, real=0.00 secs] 
39.718: Total time for which application threads were stopped: 0.0006690 seconds, Stopping threads took: 0.0000660 seconds
39.750: Application time: 0.0320470 seconds
39.750: [GC [PSYoungGen: 14235K->960K(15360K)] 47011K->33735K(49664K), 0.0005280 secs] [Times: user=0.00 sys=0.00, real=0.00 secs] 
39.750: Total time for which application threads were stopped: 0.0006420 seconds, Stopping threads took: 0.0000580 seconds
39.802: Application time: 0.0514910 seconds
39.802: [GC [PSYoungGen: 14269K->1024K(15360K)] 47045K->33799K(49664K), 0.0005180 secs] [Times: user=0.00 sys=0.00, real=0.00 secs] 
39.803: Total time for which application threads were stopped: 0.0006230 seconds, Stopping threads took: 0.0000500 seconds
39.857: Application time: 0.0542340 seconds
39.857: [GC [PSYoungGen: 14332K->1184K(15360K)] 47108K->33959K(49664K), 0.0005790 secs] [Times: user=0.00 sys=0.00, real=0.00 secs] 
39.858: Total time for which application threads were stopped: 0.0007030 seconds, Stopping threads took: 0.0000680 seconds
39.900: Application time: 0.0421840 seconds
39.900: [GC [PSYoungGen: 14495K->1264K(15360K)] 47271K->34039K(49664K), 0.0005920 secs] [Times: user=0.01 sys=0.00, real=0.01 secs] 
39.900: Total time for which application threads were stopped: 0.0007070 seconds, Stopping threads took: 0.0000570 seconds
39.942: Application time: 0.0412530 seconds
39.942: [GC [PSYoungGen: 14575K->1712K(15360K)] 47351K->34487K(49664K), 0.0006610 secs] [Times: user=0.01 sys=0.00, real=0.00 secs] 
39.942: Total time for which application threads were stopped: 0.0007710 seconds, Stopping threads took: 0.0000540 seconds
39.974: Application time: 0.0319160 seconds
39.974: [GC [PSYoungGen: 15021K->1872K(15360K)] 47797K->34647K(49664K), 0.0007130 secs] [Times: user=0.01 sys=0.00, real=0.00 secs] 
39.975: Total time for which application threads were stopped: 0.0008210 seconds, Stopping threads took: 0.0000480 seconds
40.015: Application time: 0.0396780 seconds
40.015: [GC [PSYoungGen: 15183K->1952K(15360K)] 47959K->34728K(49664K), 0.0007300 secs] [Times: user=0.00 sys=0.00, real=0.00 secs] 
40.016: Total time for which application threads were stopped: 0.0008510 seconds, Stopping threads took: 0.0000660 seconds
40.068: Application time: 0.0526160 seconds
40.068: [GC [PSYoungGen: 15260K->1968K(15360K)] 48036K->34743K(49664K), 0.0007570 secs] [Times: user=0.01 sys=0.00, real=0.00 secs] 
40.069: Total time for which application threads were stopped: 0.0008680 seconds, Stopping threads took: 0.0000550 seconds
40.125: Application time: 0.0562420 seconds
40.126: [GC [PSYoungGen: 15279K->1936K(15360K)] 48055K->34712K(49664K), 0.0006810 secs] [Times: user=0.00 sys=0.00, real=0.00 secs] 
40.126: Total time for which application threads were stopped: 0.0008080 seconds, Stopping threads took: 0.0000680 seconds
40.180: Application time: 0.0539000 seconds
40.180: [GC [PSYoungGen: 15246K->1984K(15360K)] 48022K->34759K(49664K), 0.0007840 secs] [Times: user=0.00 sys=0.00, real=0.00 secs] 
40.181: Total time for which application threads were stopped: 0.0008960 seconds, Stopping threads took: 0.0000470 seconds
40.239: Application time: 0.0582790 seconds
40.239: [GC [PSYoungGen: 15293K->1936K(15360K)] 48069K->34711K(49664K), 0.0007150 secs] [Times: user=0.00 sys=0.00, real=0.00 secs] 
40.240: Total time for which application threads were stopped: 0.0008410 seconds, Stopping threads took: 0.0000610 seconds
40.297: Application time: 0.0568170 seconds
40.297: [GC [PSYoungGen: 15247K->1920K(15360K)] 48023K->34696K(49664K), 0.0007060 secs] [Times: user=0.00 sys=0.00, real=0.00 secs] 
40.298: Total time for which application threads were stopped: 0.0008180 seconds, Stopping threads took: 0.0000580 seconds
40.352: Application time: 0.0543210 seconds
40.352: [GC [PSYoungGen: 15230K->1872K(15360K)] 48006K->34647K(49664K), 0.0007140 secs] [Times: user=0.00 sys=0.00, real=0.00 secs] 
40.353: Total time for which application threads were stopped: 0.0008330 seconds, Stopping threads took: 0.0000580 seconds
40.411: Application time: 0.0581910 seconds
40.411: [GC [PSYoungGen: 15180K->1936K(15360K)] 47956K->34711K(49664K), 0.0006980 secs] [Times: user=0.01 sys=0.00, real=0.00 secs] 
40.412: Total time for which application threads were stopped: 0.0008280 seconds, Stopping threads took: 0.0000680 seconds
40.471: Application time: 0.0586040 seconds
40.471: [GC [PSYoungGen: 15245K->1952K(15360K)] 48021K->34727K(49664K), 0.0007420 secs] [Times: user=0.00 sys=0.00, real=0.00 secs] 
40.471: Total time for which application threads were stopped: 0.0008820 seconds, Stopping threads took: 0.0000790 seconds
40.531: Application time: 0.0592620 seconds
40.531: [GC [PSYoungGen: 15261K->1632K(15360K)] 48037K->34704K(49664K), 0.0007180 secs] [Times: user=0.00 sys=0.00, real=0.00 secs] 
40.532: Total time for which application threads were stopped: 0.0008370 seconds, Stopping threads took: 0.0000630 seconds
40.590: Application time: 0.0584990 seconds
40.590: [GC [PSYoungGen: 14941K->1472K(15360K)] 48013K->34812K(49664K), 0.0006800 secs] [Times: user=0.00 sys=0.00, real=0.00 secs] 
40.591: Total time for which application threads were stopped: 0.0007890 seconds, Stopping threads took: 0.0000530 seconds
40.649: Application time: 0.0585620 seconds
40.650: [GC [PSYoungGen: 14781K->1344K(15360K)] 48122K->34732K(49664K), 0.0006850 secs] [Times: user=0.01 sys=0.00, real=0.00 secs] 
40.650: Total time for which application threads were stopped: 0.0008120 seconds, Stopping threads took: 0.0000680 seconds
40.709: Application time: 0.0590310 seconds
40.709: [GC [PSYoungGen: 14653K->1344K(15360K)] 48042K->34780K(49664K), 0.0006160 secs] [Times: user=0.00 sys=0.00, real=0.00 secs] 
40.710: Total time for which application threads were stopped: 0.0007400 seconds, Stopping threads took: 0.0000680 seconds
40.770: Application time: 0.0602630 seconds
40.770: [GC [PSYoungGen: 14656K->1344K(15360K)] 48092K->34828K(49664K), 0.0005690 secs] [Times: user=0.01 sys=0.00, real=0.00 secs] 
40.771: Total time for which application threads were stopped: 0.0006900 seconds, Stopping threads took: 0.0000550 seconds
40.830: Application time: 0.0592320 seconds
40.830: [GC [PSYoungGen: 14653K->1280K(15360K)] 48138K->34844K(49664K), 0.0006170 secs] [Times: user=0.00 sys=0.00, real=0.00 secs] 
40.831: Total time for which application threads were stopped: 0.0007370 seconds, Stopping threads took: 0.0000640 seconds
40.890: Application time: 0.0591170 seconds
40.890: [GC [PSYoungGen: 14589K->1248K(15360K)] 48154K->34812K(49664K), 0.0005850 secs] [Times: user=0.00 sys=0.00, real=0.00 secs] 
40.891: Total time for which application threads were stopped: 0.0007040 seconds, Stopping threads took: 0.0000600 seconds
40.951: Application time: 0.0600390 seconds
40.951: [GC [PSYoungGen: 14557K->1280K(15360K)] 48122K->34844K(49664K), 0.0005640 secs] [Times: user=0.00 sys=0.00, real=0.00 secs] 
40.952: Total time for which application threads were stopped: 0.0006760 seconds, Stopping threads took: 0.0000550 seconds
41.009: Application time: 0.0577560 seconds
41.009: [GC [PSYoungGen: 14589K->1472K(15360K)] 48154K->35036K(49664K), 0.0006210 secs] [Times: user=0.01 sys=0.00, real=0.00 secs] 
41.010: Total time for which application threads were stopped: 0.0007200 seconds, Stopping threads took: 0.0000440 seconds
41.052: Application time: 0.0415590 seconds
41.052: [GC [PSYoungGen: 14779K->1120K(15360K)] 48344K->35105K(49664K), 0.0006220 secs] [Times: user=0.00 sys=0.00, real=0.00 secs] 
41.052: [Full GC [PSYoungGen: 1120K->0K(15360K)] [ParOldGen: 33985K->4166K(34304K)] 35105K->4166K(49664K) [PSPermGen: 5543K->5543K(21504K)], 0.0104270 secs] [Times: user=0.05 sys=0.00, real=0.01 secs] 
41.063: Total time for which application threads were stopped: 0.0112190 seconds, Stopping threads took: 0.0000590 seconds
41.063: Application time: 0.0002090 seconds
41.064: Total time for which application threads were stopped: 0.0013480 seconds, Stopping threads took: 0.0013240 seconds
41.064: Application time: 0.0000350 seconds
41.064: Total time for which application threads were stopped: 0.0000580 seconds, Stopping threads took: 0.0000470 seconds
41.064: Application time: 0.0000340 seconds
41.065: Total time for which application threads were stopped: 0.0000730 seconds, Stopping threads took: 0.0000590 seconds
41.065: Application time: 0.0000180 seconds
41.065: Total time for which application threads were stopped: 0.0000390 seconds, Stopping threads took: 0.0000280 seconds
41.065: Application time: 0.0000150 seconds
41.065: Total time for which application threads were stopped: 0.0000360 seconds, Stopping threads took: 0.0000270 seconds
41.065: Application time: 0.0000130 seconds
41.065: Total time for which application threads were stopped: 0.0000300 seconds, Stopping threads took: 0.0000210 seconds
41.065: Application time: 0.0000120 seconds
41.065: Total time for which application threads were stopped: 0.0000280 seconds, Stopping threads took: 0.0000200 seconds
41.065: Application time: 0.0000120 seconds
41.065: Total time for which application threads were stopped: 0.0000280 seconds, Stopping threads took: 0.0000190 seconds
41.107: Application time: 0.0425820 seconds
41.107: [GC [PSYoungGen: 13309K->384K(15360K)] 17476K->4550K(49664K), 0.0003720 secs] [Times: user=0.00 sys=0.00, real=0.00 secs] 
41.108: Total time for which application threads were stopped: 0.0004780 seconds, Stopping threads took: 0.0000510 seconds
41.161: Application time: 0.0528920 seconds
41.164: [GC [PSYoungGen: 13692K->544K(15360K)] 17858K->4710K(49664K), 0.0004510 secs] [Times: user=0.00 sys=0.00, real=0.00 secs] 
41.165: Total time for which application threads were stopped: 0.0040700 seconds, Stopping threads took: 0.0035610 seconds
41.222: Application time: 0.0571500 seconds
41.222: [GC [PSYoungGen: 13855K->544K(15360K)] 18021K->4710K(49664K), 0.0004040 secs] [Times: user=0.00 sys=0.00, real=0.00 secs] 
41.222: Total time for which application threads were stopped: 0.0005210 seconds, Stopping threads took: 0.0000600 seconds
41.281: Application time: 0.0582860 seconds
41.281: [GC [PSYoungGen: 13853K->544K(15360K)] 18020K->4710K(49664K), 0.0004080 secs] [Times: user=0.00 sys=0.00, real=0.00 secs] 
41.281: Total time for which application threads were stopped: 0.0005280 seconds, Stopping threads took: 0.0000570 seconds
41.340: Application time: 0.0586230 seconds
41.340: [GC [PSYoungGen: 13853K->512K(15360K)] 18020K->4678K(49664K), 0.0004080 secs] [Times: user=0.00 sys=0.00, real=0.01 secs] 
41.340: Total time for which application threads were stopped: 0.0005270 seconds, Stopping threads took: 0.0000620 seconds
41.400: Application time: 0.0594150 seconds
41.400: [GC [PSYoungGen: 13821K->480K(15360K)] 17988K->4646K(49664K), 0.0003980 secs] [Times: user=0.00 sys=0.00, real=0.01 secs] 
41.400: Total time for which application threads were stopped: 0.0005190 seconds, Stopping threads took: 0.0000640 seconds
41.451: Application time: 0.0504050 seconds
41.451: [GC [PSYoungGen: 13790K->736K(15360K)] 17956K->4902K(49664K), 0.0004280 secs] [Times: user=0.00 sys=0.00, real=0.00 secs] 
41.451: Total time for which application threads were stopped: 0.0005310 seconds, Stopping threads took: 0.0000480 seconds
41.485: Application time: 0.0339140 seconds
41.485: [GC [PSYoungGen: 14046K->960K(15360K)] 18212K->5126K(49664K), 0.0005260 secs] [Times: user=0.00 sys=0.00, real=0.00 secs] 
41.486: Total time for which application threads were stopped: 0.0006490 seconds, Stopping threads took: 0.0000680 seconds
41.533: Application time: 0.0466860 seconds
41.533: [GC [PSYoungGen: 14271K->992K(15360K)] 18438K->5158K(49664K), 0.0005590 secs] [Times: user=0.00 sys=0.00, real=0.00 secs] 
41.533: Total time for which application threads were stopped: 0.0006680 seconds, Stopping threads took: 0.0000550 seconds
41.589: Application time: 0.0554610 seconds
41.589: [GC [PSYoungGen: 14301K->1056K(15360K)] 18467K->5222K(49664K), 0.0004840 secs] [Times: user=0.00 sys=0.00, real=0.00 secs] 
41.589: Total time for which application threads were stopped: 0.0005930 seconds, Stopping threads took: 0.0000570 seconds
41.636: Application time: 0.0468220 seconds
41.636: [GC [PSYoungGen: 14363K->1280K(15360K)] 18530K->5446K(49664K), 0.0005340 secs] [Times: user=0.00 sys=0.01, real=0.00 secs] 
41.637: Total time for which application threads were stopped: 0.0006360 seconds, Stopping threads took: 0.0000470 seconds
41.667: Application time: 0.0306380 seconds
41.668: [GC [PSYoungGen: 14589K->1728K(15360K)] 18755K->5894K(49664K), 0.0006410 secs] [Times: user=0.00 sys=0.00, real=0.00 secs] 
41.668: Total time for which application threads were stopped: 0.0007560 seconds, Stopping threads took: 0.0000590 seconds
41.701: Application time: 0.0324700 seconds
41.701: [GC [PSYoungGen: 15035K->1936K(15360K)] 19202K->6102K(49664K), 0.0008010 secs] [Times: user=0.01 sys=0.00, real=0.00 secs] 
41.702: Total time for which application threads were stopped: 0.0008990 seconds, Stopping threads took: 0.0000430 seconds
41.742: Application time: 0.0405220 seconds
41.742: [GC [PSYoungGen: 15247K->1952K(15360K)] 19414K->6118K(49664K), 0.0006820 secs] [Times: user=0.00 sys=0.00, real=0.00 secs] 
41.743: Total time for which application threads were stopped: 0.0007850 seconds, Stopping threads took: 0.0000450 seconds
41.797: Application time: 0.0543620 seconds
41.797: [GC [PSYoungGen: 15262K->2000K(15360K)] 19429K->6166K(49664K), 0.0007310 secs] [Times: user=0.01 sys=0.00, real=0.00 secs] 
41.798: Total time for which application threads were stopped: 0.0008510 seconds, Stopping threads took: 0.0000580 seconds
41.854: Application time: 0.0561280 seconds
41.854: [GC [PSYoungGen: 15308K->1936K(15360K)] 19475K->6102K(49664K), 0.0006940 secs] [Times: user=0.01 sys=0.00, real=0.00 secs] 
41.855: Total time for which application threads were stopped: 0.0008130 seconds, Stopping threads took: 0.0000610 seconds
41.909: Application time: 0.0537070 seconds
41.909: [GC [PSYoungGen: 15246K->1952K(15360K)] 19413K->6118K(49664K), 0.0007450 secs] [Times: user=0.00 sys=0.00, real=0.00 secs] 
41.910: Total time for which application threads were stopped: 0.0008490 seconds, Stopping threads took: 0.0000500 seconds
41.967: Application time: 0.0577010 seconds
41.967: [GC [PSYoungGen: 15261K->1952K(15360K)] 19428K->6118K(49664K), 0.0007140 secs] [Times: user=0.00 sys=0.00, real=0.00 secs] 
41.968: Total time for which application threads were stopped: 0.0008280 seconds, Stopping threads took: 0.0000570 seconds
42.026: Application time: 0.0578100 seconds
42.026: [GC [PSYoungGen: 15261K->1904K(15360K)] 19428K->6070K(49664K), 0.0007630 secs] [Times: user=0.01 sys=0.00, real=0.00 secs] 
42.027: Total time for which application threads were stopped: 0.0008560 seconds, Stopping threads took: 0.0000380 seconds
42.081: Application time: 0.0543350 seconds
42.081: [GC [PSYoungGen: 15214K->1952K(15360K)] 19381K->6118K(49664K), 0.0007400 secs] [Times: user=0.01 sys=0.00, real=0.00 secs] 
42.082: Total time for which application threads were stopped: 0.0008670 seconds, Stopping threads took: 0.0000700 seconds
42.137: Application time: 0.0549090 seconds
42.137: [GC [PSYoungGen: 15262K->1984K(15360K)] 19428K->6150K(49664K), 0.0007420 secs] [Times: user=0.01 sys=0.00, real=0.00 secs] 
42.138: Total time for which application threads were stopped: 0.0008630 seconds, Stopping threads took: 0.0000660 seconds
42.197: Application time: 0.0596320 seconds
42.197: [GC [PSYoungGen: 15293K->1904K(15360K)] 19460K->6070K(49664K), 0.0007490 secs] [Times: user=0.01 sys=0.00, real=0.00 secs] 
42.199: Total time for which application threads were stopped: 0.0017360 seconds, Stopping threads took: 0.0000610 seconds
42.259: Application time: 0.0603550 seconds
42.260: [GC [PSYoungGen: 15216K->1696K(15360K)] 19382K->6115K(49664K), 0.0005890 secs] [Times: user=0.00 sys=0.00, real=0.00 secs] 
42.260: Total time for which application threads were stopped: 0.0007000 seconds, Stopping threads took: 0.0000580 seconds
42.319: Application time: 0.0585230 seconds
42.319: [GC [PSYoungGen: 15005K->1456K(15360K)] 19424K->6147K(49664K), 0.0006940 secs] [Times: user=0.00 sys=0.00, real=0.00 secs] 
42.320: Total time for which application threads were stopped: 0.0008150 seconds, Stopping threads took: 0.0000550 seconds
42.378: Application time: 0.0588560 seconds
42.378: [GC [PSYoungGen: 14765K->1424K(15360K)] 19456K->6171K(49664K), 0.0005730 secs] [Times: user=0.01 sys=0.00, real=0.00 secs] 
42.379: Total time for which application threads were stopped: 0.0006800 seconds, Stopping threads took: 0.0000520 seconds
42.438: Application time: 0.0592610 seconds
42.438: [GC [PSYoungGen: 14733K->1376K(15360K)] 19480K->6163K(49664K), 0.0006240 secs] [Times: user=0.00 sys=0.00, real=0.00 secs] 
42.439: Total time for which application threads were stopped: 0.0007500 seconds, Stopping threads took: 0.0000700 seconds
42.498: Application time: 0.0588430 seconds
42.498: [GC [PSYoungGen: 14685K->1344K(15360K)] 19472K->6179K(49664K), 0.0005740 secs] [Times: user=0.01 sys=0.00, real=0.00 secs] 
42.499: Total time for which application threads were stopped: 0.0006870 seconds, Stopping threads took: 0.0000510 seconds
42.558: Application time: 0.0598260 seconds
42.559: [GC [PSYoungGen: 14653K->1216K(15360K)] 19488K->6147K(49664K), 0.0005560 secs] [Times: user=0.00 sys=0.00, real=0.00 secs] 
42.559: Total time for which application threads were stopped: 0.0006700 seconds, Stopping threads took: 0.0000560 seconds
42.619: Application time: 0.0595360 seconds
42.619: [GC [PSYoungGen: 14525K->1312K(15360K)] 19457K->6243K(49664K), 0.0005260 secs] [Times: user=0.01 sys=0.00, real=0.00 secs] 
42.619: Total time for which application threads were stopped: 0.0006480 seconds, Stopping threads took: 0.0000640 seconds
42.679: Application time: 0.0596710 seconds
42.679: [GC [PSYoungGen: 14621K->1248K(15360K)] 19553K->6179K(49664K), 0.0005900 secs] [Times: user=0.01 sys=0.00, real=0.00 secs] 
42.680: Total time for which application threads were stopped: 0.0006970 seconds, Stopping threads took: 0.0000520 seconds
42.736: Application time: 0.0565070 seconds
42.736: [GC [PSYoungGen: 14559K->1440K(15360K)] 19490K->6371K(49664K), 0.0005660 secs] [Times: user=0.00 sys=0.00, real=0.00 secs] 
42.737: Total time for which application threads were stopped: 0.0006820 seconds, Stopping threads took: 0.0000560 seconds
42.778: Application time: 0.0410850 seconds
42.778: [GC [PSYoungGen: 14750K->1312K(15360K)] 19681K->6676K(49664K), 0.0005930 secs] [Times: user=0.00 sys=0.00, real=0.00 secs] 
42.779: Total time for which application threads were stopped: 0.0007230 seconds, Stopping threads took: 0.0000740 seconds
42.820: Application time: 0.0409780 seconds
42.820: [GC [PSYoungGen: 14620K->1280K(15360K)] 19984K->6644K(49664K), 0.0005680 secs] [Times: user=0.00 sys=0.00, real=0.01 secs] 
42.820: Total time for which application threads were stopped: 0.0006850 seconds, Stopping threads took: 0.0000530 seconds
42.877: Application time: 0.0568430 seconds
42.877: [GC [PSYoungGen: 14590K->1312K(15360K)] 19955K->6676K(49664K), 0.0005260 secs] [Times: user=0.01 sys=0.00, real=0.00 secs] 
42.878: Total time for which application threads were stopped: 0.0006430 seconds, Stopping threads took: 0.0000610 seconds
42.936: Application time: 0.0577960 seconds
42.936: [GC [PSYoungGen: 14623K->1120K(15360K)] 19987K->6681K(49664K), 0.0005610 secs] [Times: user=0.00 sys=0.00, real=0.00 secs] 
42.936: Total time for which application threads were stopped: 0.0006670 seconds, Stopping threads took: 0.0000490 seconds
42.995: Application time: 0.0587850 seconds
42.995: [GC [PSYoungGen: 14429K->512K(15360K)] 19990K->6678K(49664K), 0.0004970 secs] [Times: user=0.00 sys=0.00, real=0.00 secs] 
42.996: Total time for which application threads were stopped: 0.0006070 seconds, Stopping threads took: 0.0000530 seconds
43.054: Application time: 0.0585990 seconds
43.054: [GC [PSYoungGen: 13821K->480K(15360K)] 19988K->6646K(49664K), 0.0004620 secs] [Times: user=0.00 sys=0.00, real=0.00 secs] 
43.055: Total time for which application threads were stopped: 0.0005660 seconds, Stopping threads took: 0.0000500 seconds
43.114: Application time: 0.0592210 seconds
43.114: [GC [PSYoungGen: 13789K->544K(15360K)] 19956K->6710K(49664K), 0.0003880 secs] [Times: user=0.00 sys=0.00, real=0.00 secs] 
43.115: Total time for which application threads were stopped: 0.0004890 seconds, Stopping threads took: 0.0000490 seconds
43.170: Application time: 0.0555200 seconds
43.170: [GC [PSYoungGen: 13855K->896K(15360K)] 20022K->7062K(49664K), 0.0004580 secs] [Times: user=0.00 sys=0.00, real=0.00 secs] 
43.171: Total time for which application threads were stopped: 0.0005710 seconds, Stopping threads took: 0.0000580 seconds
43.202: Application time: 0.0308790 seconds
43.202: [GC [PSYoungGen: 14205K->928K(15360K)] 20372K->7094K(49664K), 0.0004870 secs] [Times: user=0.01 sys=0.00, real=0.00 secs] 
43.202: Total time for which application threads were stopped: 0.0006000 seconds, Stopping threads took: 0.0000580 seconds
43.247: Application time: 0.0449620 seconds
43.247: [GC [PSYoungGen: 14239K->976K(15360K)] 20406K->7142K(49664K), 0.0004890 secs] [Times: user=0.00 sys=0.00, real=0.00 secs] 
43.248: Total time for which application threads were stopped: 0.0006190 seconds, Stopping threads took: 0.0000680 seconds
43.304: Application time: 0.0559410 seconds
43.304: [GC [PSYoungGen: 14285K->992K(15360K)] 20451K->7158K(49664K), 0.0005040 secs] [Times: user=0.01 sys=0.00, real=0.00 secs] 
43.304: Total time for which application threads were stopped: 0.0006170 seconds, Stopping threads took: 0.0000510 seconds
43.355: Application time: 0.0502360 seconds
43.355: [GC [PSYoungGen: 14302K->1296K(15360K)] 20469K->7462K(49664K), 0.0005630 secs] [Times: user=0.00 sys=0.00, real=0.00 secs] 
43.355: Total time for which application threads were stopped: 0.0006780 seconds, Stopping threads took: 0.0000500 seconds
43.388: Application time: 0.0327200 seconds
43.388: [GC [PSYoungGen: 14606K->1712K(15360K)] 20773K->7878K(49664K), 0.0006410 secs] [Times: user=0.00 sys=0.00, real=0.01 secs] 
43.389: Total time for which application threads were stopped: 0.0007500 seconds, Stopping threads took: 0.0000510 seconds
43.422: Application time: 0.0334250 seconds
43.422: [GC [PSYoungGen: 15024K->1504K(15360K)] 21190K->7670K(49664K), 0.0006660 secs] [Times: user=0.01 sys=0.00, real=0.00 secs] 
43.423: Total time for which application threads were stopped: 0.0007660 seconds, Stopping threads took: 0.0000470 seconds
43.461: Application time: 0.0384250 seconds
43.461: [GC [PSYoungGen: 14814K->1952K(15360K)] 20981K->8118K(49664K), 0.0006770 secs] [Times: user=0.00 sys=0.00, real=0.00 secs] 
43.462: Total time for which application threads were stopped: 0.0007810 seconds, Stopping threads took: 0.0000480 seconds
43.513: Application time: 0.0512240 seconds
43.513: [GC [PSYoungGen: 15262K->1904K(15360K)] 21429K->8070K(49664K), 0.0006820 secs] [Times: user=0.01 sys=0.00, real=0.00 secs] 
43.514: Total time for which application threads were stopped: 0.0008150 seconds, Stopping threads took: 0.0000770 seconds
43.570: Application time: 0.0560190 seconds
43.570: [GC [PSYoungGen: 15215K->1904K(15360K)] 21382K->8070K(49664K), 0.0006840 secs] [Times: user=0.01 sys=0.00, real=0.00 secs] 
43.571: Total time for which application threads were stopped: 0.0008020 seconds, Stopping threads took: 0.0000600 seconds
43.625: Application time: 0.0536980 seconds
43.625: [GC [PSYoungGen: 15214K->1904K(15360K)] 21381K->8070K(49664K), 0.0006850 secs] [Times: user=0.00 sys=0.00, real=0.00 secs] 
43.625: Total time for which application threads were stopped: 0.0008000 seconds, Stopping threads took: 0.0000570 seconds
43.683: Application time: 0.0574230 seconds
43.683: [GC [PSYoungGen: 15213K->1904K(15360K)] 21380K->8070K(49664K), 0.0006740 secs] [Times: user=0.00 sys=0.00, real=0.00 secs] 
43.684: Total time for which application threads were stopped: 0.0007970 seconds, Stopping threads took: 0.0000690 seconds
43.742: Application time: 0.0579010 seconds
43.742: [GC [PSYoungGen: 15213K->1872K(15360K)] 21380K->8038K(49664K), 0.0006860 secs] [Times: user=0.01 sys=0.00, real=0.00 secs] 
43.742: Total time for which application threads were stopped: 0.0007900 seconds, Stopping threads took: 0.0000500 seconds
43.798: Application time: 0.0561150 seconds
43.799: [GC [PSYoungGen: 15181K->1744K(15360K)] 21348K->7910K(49664K), 0.0006380 secs] [Times: user=0.00 sys=0.00, real=0.00 secs] 
43.799: Total time for which application threads were stopped: 0.0007470 seconds, Stopping threads took: 0.0000540 seconds
43.854: Application time: 0.0547550 seconds
43.854: [GC [PSYoungGen: 15055K->1728K(15360K)] 21221K->7894K(49664K), 0.0006340 secs] [Times: user=0.01 sys=0.00, real=0.00 secs] 
43.855: Total time for which application threads were stopped: 0.0007450 seconds, Stopping threads took: 0.0000530 seconds
43.912: Application time: 0.0576590 seconds
43.913: [GC [PSYoungGen: 15039K->1840K(15360K)] 21206K->8006K(49664K), 0.0007260 secs] [Times: user=0.00 sys=0.00, real=0.00 secs] 
43.913: Total time for which application threads were stopped: 0.0008620 seconds, Stopping threads took: 0.0000690 seconds
43.972: Application time: 0.0588340 seconds
43.972: [GC [PSYoungGen: 15149K->1664K(15360K)] 21316K->8107K(49664K), 0.0006740 secs] [Times: user=0.00 sys=0.00, real=0.00 secs] 
43.973: Total time for which application threads were stopped: 0.0007940 seconds, Stopping threads took: 0.0000640 seconds
44.031: Application time: 0.0585880 seconds
44.032: [GC [PSYoungGen: 14973K->1440K(15360K)] 21416K->8144K(49664K), 0.0006850 secs] [Times: user=0.01 sys=0.00, real=0.00 secs] 
44.032: Total time for which application threads were stopped: 0.0007980 seconds, Stopping threads took: 0.0000560 seconds
44.091: Application time: 0.0587400 seconds
44.091: [GC [PSYoungGen: 14749K->1392K(15360K)] 21453K->8144K(49664K), 0.0005870 secs] [Times: user=0.01 sys=0.00, real=0.00 secs] 
44.092: Total time for which application threads were stopped: 0.0007020 seconds, Stopping threads took: 0.0000570 seconds
44.152: Application time: 0.0599440 seconds
44.152: [GC [PSYoungGen: 14701K->1376K(15360K)] 21453K->8168K(49664K), 0.0005740 secs] [Times: user=0.00 sys=0.00, real=0.00 secs] 
44.152: Total time for which application threads were stopped: 0.0006880 seconds, Stopping threads took: 0.0000580 seconds
44.212: Application time: 0.0600130 seconds
44.212: [GC [PSYoungGen: 14687K->1344K(15360K)] 21479K->8176K(49664K), 0.0006160 secs] [Times: user=0.01 sys=0.00, real=0.00 secs] 
44.213: Total time for which application threads were stopped: 0.0007230 seconds, Stopping threads took: 0.0000470 seconds
44.272: Application time: 0.0590740 seconds
44.272: [GC [PSYoungGen: 14653K->1280K(15360K)] 21485K->8160K(49664K), 0.0005420 secs] [Times: user=0.00 sys=0.00, real=0.00 secs] 
44.273: Total time for which application threads were stopped: 0.0006550 seconds, Stopping threads took: 0.0000530 seconds
44.333: Application time: 0.0599610 seconds
44.333: [GC [PSYoungGen: 14589K->1280K(15360K)] 21469K->8200K(49664K), 0.0005270 secs] [Times: user=0.00 sys=0.00, real=0.00 secs] 
44.333: Total time for which application threads were stopped: 0.0006380 seconds, Stopping threads took: 0.0000540 seconds
44.392: Application time: 0.0589240 seconds
44.392: [GC [PSYoungGen: 14589K->1248K(15360K)] 21509K->8168K(49664K), 0.0006180 secs] [Times: user=0.00 sys=0.00, real=0.00 secs] 
44.393: Total time for which application threads were stopped: 0.0007360 seconds, Stopping threads took: 0.0000650 seconds
44.451: Application time: 0.0576790 seconds
44.451: [GC [PSYoungGen: 14559K->1472K(15360K)] 21479K->8392K(49664K), 0.0005490 secs] [Times: user=0.01 sys=0.00, real=0.00 secs] 
44.451: Total time for which application threads were stopped: 0.0006770 seconds, Stopping threads took: 0.0000610 seconds
44.490: Application time: 0.0385700 seconds
44.490: [GC [PSYoungGen: 14782K->1216K(15360K)] 21702K->8553K(49664K), 0.0006080 secs] [Times: user=0.00 sys=0.00, real=0.00 secs] 
44.491: Total time for which application threads were stopped: 0.0007150 seconds, Stopping threads took: 0.0000500 seconds
44.532: Application time: 0.0408350 seconds
44.532: [GC [PSYoungGen: 14524K->1312K(15360K)] 21861K->8649K(49664K), 0.0005240 secs] [Times: user=0.00 sys=0.00, real=0.00 secs] 
44.533: Total time for which application threads were stopped: 0.0012690 seconds, Stopping threads took: 0.0006880 seconds
44.590: Application time: 0.0570320 seconds
44.590: [GC [PSYoungGen: 14575K->1216K(15360K)] 21912K->8553K(49664K), 0.0005510 secs] [Times: user=0.00 sys=0.00, real=0.00 secs] 
44.591: Total time for which application threads were stopped: 0.0006650 seconds, Stopping threads took: 0.0000590 seconds
44.649: Application time: 0.0586380 seconds
44.649: [GC [PSYoungGen: 14524K->1056K(15360K)] 21861K->8621K(49664K), 0.0005260 secs] [Times: user=0.00 sys=0.00, real=0.00 secs] 
44.650: Total time for which application threads were stopped: 0.0006330 seconds, Stopping threads took: 0.0000500 seconds
44.708: Application time: 0.0584620 seconds
44.708: [GC [PSYoungGen: 14365K->672K(15360K)] 21931K->8667K(49664K), 0.0004910 secs] [Times: user=0.00 sys=0.00, real=0.00 secs] 
44.709: Total time for which application threads were stopped: 0.0006080 seconds, Stopping threads took: 0.0000600 seconds
44.767: Application time: 0.0585580 seconds
44.768: [GC [PSYoungGen: 13983K->544K(15360K)] 21978K->8739K(49664K), 0.0004510 secs] [Times: user=0.00 sys=0.00, real=0.00 secs] 
44.768: Total time for which application threads were stopped: 0.0005720 seconds, Stopping threads took: 0.0000620 seconds
44.826: Application time: 0.0584000 seconds
44.827: [GC [PSYoungGen: 13853K->480K(15360K)] 22048K->8675K(49664K), 0.0004010 secs] [Times: user=0.00 sys=0.00, real=0.00 secs] 
44.827: Total time for which application threads were stopped: 0.0005040 seconds, Stopping threads took: 0.0000490 seconds
44.884: Application time: 0.0573360 seconds
44.884: [GC [PSYoungGen: 13791K->576K(15360K)] 21986K->8771K(49664K), 0.0003860 secs] [Times: user=0.00 sys=0.00, real=0.00 secs] 
44.885: Total time for which application threads were stopped: 0.0005090 seconds, Stopping threads took: 0.0000670 seconds
44.916: Application time: 0.0316810 seconds
44.917: [GC [PSYoungGen: 13884K->1024K(15360K)] 22080K->9219K(49664K), 0.0004950 secs] [Times: user=0.00 sys=0.00, real=0.00 secs] 
44.917: Total time for which application threads were stopped: 0.0006150 seconds, Stopping threads took: 0.0000660 seconds
44.959: Application time: 0.0422060 seconds
44.959: [GC [PSYoungGen: 14335K->1024K(15360K)] 22531K->9219K(49664K), 0.0005250 secs] [Times: user=0.01 sys=0.00, real=0.00 secs] 
44.960: Total time for which application threads were stopped: 0.0006280 seconds, Stopping threads took: 0.0000390 seconds
45.015: Application time: 0.0550060 seconds
45.015: [GC [PSYoungGen: 14335K->1024K(15360K)] 22530K->9219K(49664K), 0.0005000 secs] [Times: user=0.00 sys=0.00, real=0.00 secs] 
45.016: Total time for which application threads were stopped: 0.0006050 seconds, Stopping threads took: 0.0000500 seconds
45.067: Application time: 0.0518690 seconds
45.068: [GC [PSYoungGen: 14334K->1296K(15360K)] 22529K->9491K(49664K), 0.0005370 secs] [Times: user=0.01 sys=0.00, real=0.00 secs] 
45.068: Total time for which application threads were stopped: 0.0006460 seconds, Stopping threads took: 0.0000540 seconds
45.100: Application time: 0.0316550 seconds
45.100: [GC [PSYoungGen: 14603K->1680K(15360K)] 22799K->9875K(49664K), 0.0005930 secs] [Times: user=0.00 sys=0.00, real=0.01 secs] 
45.100: Total time for which application threads were stopped: 0.0007040 seconds, Stopping threads took: 0.0000550 seconds
45.135: Application time: 0.0346330 seconds
45.135: [GC [PSYoungGen: 14990K->1744K(15360K)] 23185K->9939K(49664K), 0.0006220 secs] [Times: user=0.01 sys=0.00, real=0.00 secs] 
45.136: Total time for which application threads were stopped: 0.0007430 seconds, Stopping threads took: 0.0000650 seconds
45.178: Application time: 0.0420120 seconds
45.178: [GC [PSYoungGen: 15053K->1984K(15360K)] 23248K->10179K(49664K), 0.0006780 secs] [Times: user=0.01 sys=0.00, real=0.00 secs] 
45.179: Total time for which application threads were stopped: 0.0008090 seconds, Stopping threads took: 0.0000710 seconds
45.224: Application time: 0.0457970 seconds
45.225: [GC [PSYoungGen: 15293K->1920K(15360K)] 23488K->10115K(49664K), 0.0006830 secs] [Times: user=0.01 sys=0.00, real=0.00 secs] 
45.225: Total time for which application threads were stopped: 0.0007870 seconds, Stopping threads took: 0.0000440 seconds
45.283: Application time: 0.0573990 seconds
45.283: [GC [PSYoungGen: 15231K->1888K(15360K)] 23426K->10083K(49664K), 0.0006130 secs] [Times: user=0.00 sys=0.00, real=0.00 secs] 
45.283: Total time for which application threads were stopped: 0.0007020 seconds, Stopping threads took: 0.0000370 seconds
45.337: Application time: 0.0536700 seconds
45.337: [GC [PSYoungGen: 15198K->1888K(15360K)] 23393K->10083K(49664K), 0.0006860 secs] [Times: user=0.01 sys=0.00, real=0.00 secs] 
45.338: Total time for which application threads were stopped: 0.0008140 seconds, Stopping threads took: 0.0000680 seconds
45.395: Application time: 0.0574090 seconds
45.395: [GC [PSYoungGen: 15197K->1920K(15360K)] 23392K->10115K(49664K), 0.0006680 secs] [Times: user=0.01 sys=0.00, real=0.00 secs] 
45.396: Total time for which application threads were stopped: 0.0007920 seconds, Stopping threads took: 0.0000590 seconds
45.454: Application time: 0.0575620 seconds
45.454: [GC [PSYoungGen: 15229K->1888K(15360K)] 23425K->10083K(49664K), 0.0006900 secs] [Times: user=0.00 sys=0.00, real=0.00 secs] 
45.454: Total time for which application threads were stopped: 0.0007990 seconds, Stopping threads took: 0.0000520 seconds
45.509: Application time: 0.0550840 seconds
45.510: [GC [PSYoungGen: 15198K->1920K(15360K)] 23394K->10115K(49664K), 0.0006720 secs] [Times: user=0.01 sys=0.00, real=0.00 secs] 
45.510: Total time for which application threads were stopped: 0.0008060 seconds, Stopping threads took: 0.0000670 seconds
45.566: Application time: 0.0552980 seconds
45.566: [GC [PSYoungGen: 15229K->1984K(15360K)] 23425K->10179K(49664K), 0.0006710 secs] [Times: user=0.00 sys=0.00, real=0.00 secs] 
45.566: Total time for which application threads were stopped: 0.0007880 seconds, Stopping threads took: 0.0000610 seconds
45.623: Application time: 0.0568450 seconds
45.623: [GC [PSYoungGen: 15292K->1888K(15360K)] 23487K->10083K(49664K), 0.0006820 secs] [Times: user=0.00 sys=0.00, real=0.00 secs] 
45.624: Total time for which application threads were stopped: 0.0007980 seconds, Stopping threads took: 0.0000550 seconds
45.683: Application time: 0.0588810 seconds
45.683: [GC [PSYoungGen: 15199K->1472K(15360K)] 23394K->10143K(49664K), 0.0007080 secs] [Times: user=0.00 sys=0.00, real=0.00 secs] 
45.684: Total time for which application threads were stopped: 0.0008230 seconds, Stopping threads took: 0.0000580 seconds
45.743: Application time: 0.0589970 seconds
45.743: [GC [PSYoungGen: 14781K->1408K(15360K)] 23453K->10119K(49664K), 0.0006090 secs] [Times: user=0.00 sys=0.00, real=0.00 secs] 
45.743: Total time for which application threads were stopped: 0.0007220 seconds, Stopping threads took: 0.0000580 seconds
45.804: Application time: 0.0601220 seconds
45.804: [GC [PSYoungGen: 14717K->1408K(15360K)] 23429K->10167K(49664K), 0.0005700 secs] [Times: user=0.00 sys=0.00, real=0.00 secs] 
45.804: Total time for which application threads were stopped: 0.0006930 seconds, Stopping threads took: 0.0000710 seconds
45.863: Application time: 0.0591910 seconds
45.864: [GC [PSYoungGen: 14717K->1376K(15360K)] 23477K->10183K(49664K), 0.0005640 secs] [Times: user=0.00 sys=0.00, real=0.00 secs] 
45.864: Total time for which application threads were stopped: 0.0006750 seconds, Stopping threads took: 0.0000540 seconds
45.923: Application time: 0.0593030 seconds
45.924: [GC [PSYoungGen: 14685K->1408K(15360K)] 23493K->10215K(49664K), 0.0005580 secs] [Times: user=0.00 sys=0.01, real=0.00 secs] 
45.924: Total time for which application threads were stopped: 0.0006700 seconds, Stopping threads took: 0.0000570 seconds
45.984: Application time: 0.0594610 seconds
45.984: [GC [PSYoungGen: 14717K->1344K(15360K)] 23525K->10227K(49664K), 0.0006210 secs] [Times: user=0.00 sys=0.00, real=0.00 secs] 
45.984: Total time for which application threads were stopped: 0.0007370 seconds, Stopping threads took: 0.0000580 seconds
46.044: Application time: 0.0594100 seconds
46.044: [GC [PSYoungGen: 14653K->1312K(15360K)] 23537K->10235K(49664K), 0.0005390 secs] [Times: user=0.00 sys=0.00, real=0.00 secs] 
46.044: Total time for which application threads were stopped: 0.0006450 seconds, Stopping threads took: 0.0000440 seconds
46.105: Application time: 0.0603790 seconds
46.105: [GC [PSYoungGen: 14621K->1280K(15360K)] 23545K->10203K(49664K), 0.0005110 secs] [Times: user=0.00 sys=0.00, real=0.00 secs] 
46.105: Total time for which application threads were stopped: 0.0006180 seconds, Stopping threads took: 0.0000550 seconds
46.164: Application time: 0.0584670 seconds
46.164: [GC [PSYoungGen: 14591K->1440K(15360K)] 23515K->10363K(49664K), 0.0005460 secs] [Times: user=0.00 sys=0.00, real=0.00 secs] 
46.165: Total time for which application threads were stopped: 0.0006570 seconds, Stopping threads took: 0.0000530 seconds
46.201: Application time: 0.0362040 seconds
46.201: [GC [PSYoungGen: 14750K->1248K(15360K)] 23673K->10564K(49664K), 0.0006050 secs] [Times: user=0.01 sys=0.00, real=0.00 secs] 
46.201: Total time for which application threads were stopped: 0.0007070 seconds, Stopping threads took: 0.0000470 seconds
46.245: Application time: 0.0431070 seconds
46.245: [GC [PSYoungGen: 14559K->1312K(15360K)] 23876K->10628K(49664K), 0.0005320 secs] [Times: user=0.00 sys=0.00, real=0.00 secs] 
46.245: Total time for which application threads were stopped: 0.0006480 seconds, Stopping threads took: 0.0000570 seconds
46.302: Application time: 0.0572840 seconds
46.303: [GC [PSYoungGen: 14622K->1344K(15360K)] 23939K->10660K(49664K), 0.0005360 secs] [Times: user=0.00 sys=0.00, real=0.00 secs] 
46.303: Total time for which application threads were stopped: 0.0006460 seconds, Stopping threads took: 0.0000530 seconds
46.362: Application time: 0.0589200 seconds
46.362: [GC [PSYoungGen: 14653K->1088K(15360K)] 23970K->10625K(49664K), 0.0005290 secs] [Times: user=0.00 sys=0.00, real=0.00 secs] 
46.363: Total time for which application threads were stopped: 0.0006560 seconds, Stopping threads took: 0.0000690 seconds
46.422: Application time: 0.0588450 seconds
46.422: [GC [PSYoungGen: 14397K->704K(15360K)] 23934K->10637K(49664K), 0.0005060 secs] [Times: user=0.00 sys=0.00, real=0.00 secs] 
46.422: Total time for which application threads were stopped: 0.0006250 seconds, Stopping threads took: 0.0000610 seconds
46.481: Application time: 0.0587430 seconds
46.481: [GC [PSYoungGen: 14013K->448K(15360K)] 23947K->10589K(49664K), 0.0004960 secs] [Times: user=0.00 sys=0.00, real=0.00 secs] 
46.482: Total time for which application threads were stopped: 0.0006090 seconds, Stopping threads took: 0.0000600 seconds
46.540: Application time: 0.0582260 seconds
46.540: [GC [PSYoungGen: 13757K->480K(15360K)] 23899K->10621K(49664K), 0.0004350 secs] [Times: user=0.00 sys=0.00, real=0.01 secs] 
46.540: Total time for which application threads were stopped: 0.0005540 seconds, Stopping threads took: 0.0000640 seconds
46.597: Application time: 0.0571570 seconds
46.598: [GC [PSYoungGen: 13788K->672K(15360K)] 23930K->10813K(49664K), 0.0004120 secs] [Times: user=0.00 sys=0.00, real=0.00 secs] 
46.598: Total time for which application threads were stopped: 0.0005250 seconds, Stopping threads took: 0.0000490 seconds
46.636: Application time: 0.0376270 seconds
46.636: [GC [PSYoungGen: 13981K->1024K(15360K)] 24123K->11166K(49664K), 0.0005120 secs] [Times: user=0.00 sys=0.00, real=0.00 secs] 
46.636: Total time for which application threads were stopped: 0.0006170 seconds, Stopping threads took: 0.0000510 seconds
46.674: Application time: 0.0378540 seconds
46.674: [GC [PSYoungGen: 14333K->1056K(15360K)] 24475K->11198K(49664K), 0.0004910 secs] [Times: user=0.00 sys=0.00, real=0.00 secs] 
46.675: Total time for which application threads were stopped: 0.0006140 seconds, Stopping threads took: 0.0000680 seconds
46.730: Application time: 0.0554120 seconds
46.730: [GC [PSYoungGen: 14365K->1008K(15360K)] 24507K->11150K(49664K), 0.0004920 secs] [Times: user=0.01 sys=0.00, real=0.00 secs] 
46.731: Total time for which application threads were stopped: 0.0005940 seconds, Stopping threads took: 0.0000480 seconds
46.786: Application time: 0.0556720 seconds
46.786: [GC [PSYoungGen: 14317K->1152K(15360K)] 24459K->11294K(49664K), 0.0004830 secs] [Times: user=0.00 sys=0.00, real=0.00 secs] 
46.787: Total time for which application threads were stopped: 0.0006030 seconds, Stopping threads took: 0.0000690 seconds
46.817: Application time: 0.0303310 seconds
46.817: [GC [PSYoungGen: 14463K->1664K(15360K)] 24605K->11806K(49664K), 0.0006240 secs] [Times: user=0.00 sys=0.00, real=0.00 secs] 
46.818: Total time for which application threads were stopped: 0.0007360 seconds, Stopping threads took: 0.0000560 seconds
46.850: Application time: 0.0319790 seconds
46.850: [GC [PSYoungGen: 14973K->1728K(15360K)] 25114K->11870K(49664K), 0.0006990 secs] [Times: user=0.00 sys=0.00, real=0.00 secs] 
46.851: Total time for which application threads were stopped: 0.0008020 seconds, Stopping threads took: 0.0000480 seconds
46.892: Application time: 0.0408070 seconds
46.892: [GC [PSYoungGen: 15038K->1936K(15360K)] 25180K->12078K(49664K), 0.0007110 secs] [Times: user=0.00 sys=0.00, real=0.00 secs] 
46.892: Total time for which application threads were stopped: 0.0008400 seconds, Stopping threads took: 0.0000710 seconds
46.940: Application time: 0.0479270 seconds
46.941: [GC [PSYoungGen: 15244K->1968K(15360K)] 25386K->12110K(49664K), 0.0007320 secs] [Times: user=0.00 sys=0.00, real=0.00 secs] 
46.941: Total time for which application threads were stopped: 0.0008410 seconds, Stopping threads took: 0.0000490 seconds
46.997: Application time: 0.0561030 seconds
46.997: [GC [PSYoungGen: 15276K->1904K(15360K)] 25418K->12046K(49664K), 0.0007570 secs] [Times: user=0.00 sys=0.00, real=0.00 secs] 
46.998: Total time for which application threads were stopped: 0.0008740 seconds, Stopping threads took: 0.0000550 seconds
47.054: Application time: 0.0559430 seconds
47.054: [GC [PSYoungGen: 15121K->1824K(15360K)] 25262K->11966K(49664K), 0.0006580 secs] [Times: user=0.00 sys=0.00, real=0.00 secs] 
47.055: Total time for which application threads were stopped: 0.0007720 seconds, Stopping threads took: 0.0000580 seconds
47.110: Application time: 0.0554880 seconds
47.111: [GC [PSYoungGen: 15134K->1968K(15360K)] 25276K->12110K(49664K), 0.0006210 secs] [Times: user=0.00 sys=0.00, real=0.00 secs] 
47.111: Total time for which application threads were stopped: 0.0007330 seconds, Stopping threads took: 0.0000520 seconds
47.169: Application time: 0.0578960 seconds
47.169: [GC [PSYoungGen: 15277K->1888K(15360K)] 25419K->12030K(49664K), 0.0006900 secs] [Times: user=0.01 sys=0.00, real=0.00 secs] 
47.170: Total time for which application threads were stopped: 0.0008020 seconds, Stopping threads took: 0.0000550 seconds
47.225: Application time: 0.0550150 seconds
47.225: [GC [PSYoungGen: 15198K->1952K(15360K)] 25340K->12094K(49664K), 0.0007440 secs] [Times: user=0.01 sys=0.00, real=0.00 secs] 
47.227: Total time for which application threads were stopped: 0.0016920 seconds, Stopping threads took: 0.0000650 seconds
47.281: Application time: 0.0546210 seconds
47.281: [GC [PSYoungGen: 15260K->1936K(15360K)] 25402K->12078K(49664K), 0.0007480 secs] [Times: user=0.01 sys=0.00, real=0.00 secs] 
47.282: Total time for which application threads were stopped: 0.0008720 seconds, Stopping threads took: 0.0000670 seconds
47.340: Application time: 0.0577640 seconds
47.340: [GC [PSYoungGen: 15244K->1696K(15360K)] 25386K->12082K(49664K), 0.0007070 secs] [Times: user=0.00 sys=0.00, real=0.01 secs] 
47.341: Total time for which application threads were stopped: 0.0008280 seconds, Stopping threads took: 0.0000640 seconds
47.400: Application time: 0.0588430 seconds
47.400: [GC [PSYoungGen: 15005K->1504K(15360K)] 25392K->12159K(49664K), 0.0006720 secs] [Times: user=0.01 sys=0.00, real=0.00 secs] 
47.401: Total time for which application threads were stopped: 0.0014700 seconds, Stopping threads took: 0.0007360 seconds
47.460: Application time: 0.0588030 seconds
47.460: [GC [PSYoungGen: 14813K->1424K(15360K)] 25468K->12127K(49664K), 0.0006230 secs] [Times: user=0.00 sys=0.00, real=0.01 secs] 
47.461: Total time for which application threads were stopped: 0.0007580 seconds, Stopping threads took: 0.0000760 seconds
47.519: Application time: 0.0588540 seconds
47.520: [GC [PSYoungGen: 14733K->1408K(15360K)] 25436K->12159K(49664K), 0.0006510 secs] [Times: user=0.00 sys=0.00, real=0.00 secs] 
47.520: Total time for which application threads were stopped: 0.0007670 seconds, Stopping threads took: 0.0000590 seconds
47.580: Application time: 0.0594650 seconds
47.580: [GC [PSYoungGen: 14717K->1408K(15360K)] 25468K->12159K(49664K), 0.0006320 secs] [Times: user=0.00 sys=0.00, real=0.01 secs] 
47.580: Total time for which application threads were stopped: 0.0007420 seconds, Stopping threads took: 0.0000510 seconds
47.641: Application time: 0.0604430 seconds
47.641: [GC [PSYoungGen: 14717K->1344K(15360K)] 25468K->12167K(49664K), 0.0006680 secs] [Times: user=0.00 sys=0.00, real=0.00 secs] 
47.642: Total time for which application threads were stopped: 0.0007860 seconds, Stopping threads took: 0.0000470 seconds
47.702: Application time: 0.0598640 seconds
47.702: [GC [PSYoungGen: 14653K->1312K(15360K)] 25476K->12175K(49664K), 0.0005490 secs] [Times: user=0.00 sys=0.00, real=0.00 secs] 
47.702: Total time for which application threads were stopped: 0.0006740 seconds, Stopping threads took: 0.0000670 seconds
47.762: Application time: 0.0599570 seconds
47.762: [GC [PSYoungGen: 14621K->1280K(15360K)] 25484K->12191K(49664K), 0.0005580 secs] [Times: user=0.00 sys=0.00, real=0.00 secs] 
47.763: Total time for which application threads were stopped: 0.0006700 seconds, Stopping threads took: 0.0000560 seconds
47.822: Application time: 0.0593900 seconds
47.822: [GC [PSYoungGen: 14589K->1248K(15360K)] 25500K->12159K(49664K), 0.0005810 secs] [Times: user=0.00 sys=0.00, real=0.00 secs] 
47.823: Total time for which application threads were stopped: 0.0006960 seconds, Stopping threads took: 0.0000550 seconds
47.879: Application time: 0.0564910 seconds
47.879: [GC [PSYoungGen: 14559K->1408K(15360K)] 25470K->12319K(49664K), 0.0005780 secs] [Times: user=0.01 sys=0.00, real=0.00 secs] 
47.880: Total time for which application threads were stopped: 0.0006850 seconds, Stopping threads took: 0.0000530 seconds
47.917: Application time: 0.0367940 seconds
47.917: [GC [PSYoungGen: 14718K->1664K(15360K)] 25629K->12575K(49664K), 0.0006590 secs] [Times: user=0.00 sys=0.00, real=0.00 secs] 
47.918: Total time for which application threads were stopped: 0.0007800 seconds, Stopping threads took: 0.0000630 seconds
47.961: Application time: 0.0437560 seconds
47.962: [GC [PSYoungGen: 14975K->1376K(15360K)] 25886K->12719K(49664K), 0.0006090 secs] [Times: user=0.00 sys=0.00, real=0.00 secs] 
47.962: Total time for which application threads were stopped: 0.0007290 seconds, Stopping threads took: 0.0000640 seconds
48.018: Application time: 0.0555740 seconds
48.018: [GC [PSYoungGen: 14686K->1312K(15360K)] 26030K->12655K(49664K), 0.0005220 secs] [Times: user=0.00 sys=0.00, real=0.00 secs] 
48.018: Total time for which application threads were stopped: 0.0006370 seconds, Stopping threads took: 0.0000560 seconds
48.078: Application time: 0.0595050 seconds
48.078: [GC [PSYoungGen: 14621K->1088K(15360K)] 25964K->12635K(49664K), 0.0006160 secs] [Times: user=0.00 sys=0.00, real=0.00 secs] 
48.079: Total time for which application threads were stopped: 0.0007250 seconds, Stopping threads took: 0.0000540 seconds
48.137: Application time: 0.0584600 seconds
48.137: [GC [PSYoungGen: 14397K->736K(15360K)] 25945K->12693K(49664K), 0.0005650 secs] [Times: user=0.00 sys=0.00, real=0.00 secs] 
48.138: Total time for which application threads were stopped: 0.0006780 seconds, Stopping threads took: 0.0000570 seconds
48.197: Application time: 0.0589630 seconds
48.197: [GC [PSYoungGen: 14045K->416K(15360K)] 26002K->12577K(49664K), 0.0004590 secs] [Times: user=0.00 sys=0.00, real=0.00 secs] 
48.197: Total time for which application threads were stopped: 0.0006070 seconds, Stopping threads took: 0.0000800 seconds
48.256: Application time: 0.0583590 seconds
48.256: [GC [PSYoungGen: 13725K->512K(15360K)] 25887K->12673K(49664K), 0.0004090 secs] [Times: user=0.00 sys=0.00, real=0.00 secs] 
48.256: Total time for which application threads were stopped: 0.0005170 seconds, Stopping threads took: 0.0000510 seconds
48.313: Application time: 0.0571270 seconds
48.313: [GC [PSYoungGen: 13823K->608K(15360K)] 25984K->12769K(49664K), 0.0004090 secs] [Times: user=0.00 sys=0.00, real=0.00 secs] 
48.314: Total time for which application threads were stopped: 0.0005210 seconds, Stopping threads took: 0.0000600 seconds
48.358: Application time: 0.0440280 seconds
48.358: [GC [PSYoungGen: 13916K->992K(15360K)] 26077K->13153K(49664K), 0.0004690 secs] [Times: user=0.00 sys=0.00, real=0.00 secs] 
48.358: Total time for which application threads were stopped: 0.0005670 seconds, Stopping threads took: 0.0000440 seconds
48.392: Application time: 0.0335480 seconds
48.392: [GC [PSYoungGen: 14300K->992K(15360K)] 26462K->13153K(49664K), 0.0005110 secs] [Times: user=0.00 sys=0.01, real=0.00 secs] 
48.393: Total time for which application threads were stopped: 0.0006290 seconds, Stopping threads took: 0.0000630 seconds
48.448: Application time: 0.0549450 seconds
48.448: [GC [PSYoungGen: 14300K->832K(15360K)] 26462K->12993K(49664K), 0.0004610 secs] [Times: user=0.00 sys=0.00, real=0.00 secs] 
48.448: Total time for which application threads were stopped: 0.0005690 seconds, Stopping threads took: 0.0000530 seconds
48.504: Application time: 0.0557080 seconds
48.504: [GC [PSYoungGen: 14143K->1024K(15360K)] 26304K->13185K(49664K), 0.0005350 secs] [Times: user=0.00 sys=0.00, real=0.00 secs] 
48.504: Total time for which application threads were stopped: 0.0006390 seconds, Stopping threads took: 0.0000470 seconds
48.534: Application time: 0.0292790 seconds
48.534: [GC [PSYoungGen: 14331K->1664K(15360K)] 26493K->13825K(49664K), 0.0006720 secs] [Times: user=0.00 sys=0.00, real=0.00 secs] 
48.535: Total time for which application threads were stopped: 0.0007920 seconds, Stopping threads took: 0.0000620 seconds
48.564: Application time: 0.0294200 seconds
48.564: [GC [PSYoungGen: 14974K->1728K(15360K)] 27135K->13889K(49664K), 0.0006240 secs] [Times: user=0.00 sys=0.01, real=0.00 secs] 
48.565: Total time for which application threads were stopped: 0.0007450 seconds, Stopping threads took: 0.0000630 seconds
48.606: Application time: 0.0408730 seconds
48.606: [GC [PSYoungGen: 15038K->1888K(15360K)] 27200K->14049K(49664K), 0.0007390 secs] [Times: user=0.00 sys=0.00, real=0.00 secs] 
48.606: Total time for which application threads were stopped: 0.0008570 seconds, Stopping threads took: 0.0000620 seconds
48.654: Application time: 0.0478780 seconds
48.654: [GC [PSYoungGen: 15196K->1920K(15360K)] 27358K->14081K(49664K), 0.0006880 secs] [Times: user=0.00 sys=0.00, real=0.00 secs] 
48.655: Total time for which application threads were stopped: 0.0007960 seconds, Stopping threads took: 0.0000500 seconds
48.711: Application time: 0.0557470 seconds
48.711: [GC [PSYoungGen: 15228K->1968K(15360K)] 27390K->14129K(49664K), 0.0007440 secs] [Times: user=0.00 sys=0.00, real=0.00 secs] 
48.712: Total time for which application threads were stopped: 0.0008690 seconds, Stopping threads took: 0.0000580 seconds
48.768: Application time: 0.0563260 seconds
48.768: [GC [PSYoungGen: 15279K->1888K(15360K)] 27441K->14049K(49664K), 0.0006860 secs] [Times: user=0.00 sys=0.00, real=0.01 secs] 
48.769: Total time for which application threads were stopped: 0.0007910 seconds, Stopping threads took: 0.0000480 seconds
48.824: Application time: 0.0547660 seconds
48.824: [GC [PSYoungGen: 15198K->1952K(15360K)] 27360K->14113K(49664K), 0.0007080 secs] [Times: user=0.00 sys=0.00, real=0.00 secs] 
48.824: Total time for which application threads were stopped: 0.0008360 seconds, Stopping threads took: 0.0000700 seconds
48.882: Application time: 0.0578480 seconds
48.882: [GC [PSYoungGen: 15263K->1904K(15360K)] 27425K->14065K(49664K), 0.0006950 secs] [Times: user=0.01 sys=0.00, real=0.00 secs] 
48.883: Total time for which application threads were stopped: 0.0008080 seconds, Stopping threads took: 0.0000520 seconds
48.939: Application time: 0.0560910 seconds
48.939: [GC [PSYoungGen: 15214K->1904K(15360K)] 27375K->14065K(49664K), 0.0006770 secs] [Times: user=0.01 sys=0.00, real=0.00 secs] 
48.940: Total time for which application threads were stopped: 0.0007870 seconds, Stopping threads took: 0.0000510 seconds
48.995: Application time: 0.0545650 seconds
48.995: [GC [PSYoungGen: 15211K->1904K(15360K)] 27373K->14065K(49664K), 0.0006890 secs] [Times: user=0.00 sys=0.00, real=0.00 secs] 
48.995: Total time for which application threads were stopped: 0.0008090 seconds, Stopping threads took: 0.0000650 seconds
49.052: Application time: 0.0567230 seconds
49.052: [GC [PSYoungGen: 15212K->1728K(15360K)] 27374K->14141K(49664K), 0.0006990 secs] [Times: user=0.01 sys=0.00, real=0.00 secs] 
49.053: Total time for which application threads were stopped: 0.0008340 seconds, Stopping threads took: 0.0000740 seconds
49.112: Application time: 0.0592010 seconds
49.112: [GC [PSYoungGen: 15037K->1696K(15360K)] 27451K->14149K(49664K), 0.0006020 secs] [Times: user=0.00 sys=0.00, real=0.00 secs] 
49.113: Total time for which application threads were stopped: 0.0007180 seconds, Stopping threads took: 0.0000580 seconds
49.172: Application time: 0.0588000 seconds
49.172: [GC [PSYoungGen: 15005K->1488K(15360K)] 27459K->14154K(49664K), 0.0006290 secs] [Times: user=0.00 sys=0.00, real=0.00 secs] 
49.172: Total time for which application threads were stopped: 0.0007590 seconds, Stopping threads took: 0.0000700 seconds
49.231: Application time: 0.0586010 seconds
49.231: [GC [PSYoungGen: 14797K->1456K(15360K)] 27463K->14178K(49664K), 0.0005900 secs] [Times: user=0.00 sys=0.00, real=0.00 secs] 
49.232: Total time for which application threads were stopped: 0.0007210 seconds, Stopping threads took: 0.0000570 seconds
49.291: Application time: 0.0593750 seconds
49.291: [GC [PSYoungGen: 14765K->1408K(15360K)] 27487K->14178K(49664K), 0.0006030 secs] [Times: user=0.00 sys=0.00, real=0.00 secs] 
49.292: Total time for which application threads were stopped: 0.0007160 seconds, Stopping threads took: 0.0000560 seconds
49.352: Application time: 0.0596880 seconds
49.352: [GC [PSYoungGen: 14717K->1312K(15360K)] 27487K->14154K(49664K), 0.0006260 secs] [Times: user=0.00 sys=0.00, real=0.00 secs] 
49.352: Total time for which application threads were stopped: 0.0007300 seconds, Stopping threads took: 0.0000490 seconds
49.411: Application time: 0.0591440 seconds
49.412: [GC [PSYoungGen: 14621K->1264K(15360K)] 27463K->14154K(49664K), 0.0006020 secs] [Times: user=0.00 sys=0.00, real=0.00 secs] 
49.412: Total time for which application threads were stopped: 0.0007350 seconds, Stopping threads took: 0.0000780 seconds
49.471: Application time: 0.0589830 seconds
49.471: [GC [PSYoungGen: 14573K->1248K(15360K)] 27463K->14194K(49664K), 0.0005480 secs] [Times: user=0.00 sys=0.00, real=0.00 secs] 
49.472: Total time for which application threads were stopped: 0.0006730 seconds, Stopping threads took: 0.0000660 seconds
49.531: Application time: 0.0596340 seconds
49.532: [GC [PSYoungGen: 14557K->1312K(15360K)] 27503K->14258K(49664K), 0.0005290 secs] [Times: user=0.00 sys=0.00, real=0.00 secs] 
49.532: Total time for which application threads were stopped: 0.0006400 seconds, Stopping threads took: 0.0000540 seconds
49.590: Application time: 0.0579790 seconds
49.590: [GC [PSYoungGen: 14623K->1472K(15360K)] 27570K->14418K(49664K), 0.0005580 secs] [Times: user=0.01 sys=0.00, real=0.00 secs] 
49.591: Total time for which application threads were stopped: 0.0006580 seconds, Stopping threads took: 0.0000450 seconds
49.631: Application time: 0.0406950 seconds
49.632: [GC [PSYoungGen: 14780K->1696K(15360K)] 27726K->14642K(49664K), 0.0005860 secs] [Times: user=0.00 sys=0.00, real=0.00 secs] 
49.632: Total time for which application threads were stopped: 0.0006810 seconds, Stopping threads took: 0.0000380 seconds
49.672: Application time: 0.0397620 seconds
49.672: [GC [PSYoungGen: 15006K->1280K(15360K)] 27952K->14651K(49664K), 0.0006250 secs] [Times: user=0.00 sys=0.00, real=0.00 secs] 
49.673: Total time for which application threads were stopped: 0.0007310 seconds, Stopping threads took: 0.0000490 seconds
49.727: Application time: 0.0545150 seconds
49.727: [GC [PSYoungGen: 14591K->1312K(15360K)] 27962K->14683K(49664K), 0.0006060 secs] [Times: user=0.00 sys=0.00, real=0.00 secs] 
49.728: Total time for which application threads were stopped: 0.0007240 seconds, Stopping threads took: 0.0000610 seconds
49.785: Application time: 0.0572890 seconds
49.785: [GC [PSYoungGen: 14620K->1312K(15360K)] 27992K->14683K(49664K), 0.0005360 secs] [Times: user=0.01 sys=0.00, real=0.00 secs] 
49.786: Total time for which application threads were stopped: 0.0006720 seconds, Stopping threads took: 0.0000730 seconds
49.846: Application time: 0.0600530 seconds
49.846: [GC [PSYoungGen: 14621K->672K(15360K)] 27993K->14641K(49664K), 0.0005770 secs] [Times: user=0.00 sys=0.00, real=0.00 secs] 
49.847: Total time for which application threads were stopped: 0.0006990 seconds, Stopping threads took: 0.0000590 seconds
49.906: Application time: 0.0589720 seconds
49.906: [GC [PSYoungGen: 13981K->544K(15360K)] 27950K->14725K(49664K), 0.0004590 secs] [Times: user=0.00 sys=0.00, real=0.00 secs] 
49.906: Total time for which application threads were stopped: 0.0005800 seconds, Stopping threads took: 0.0000640 seconds
49.965: Application time: 0.0587840 seconds
49.965: [GC [PSYoungGen: 13853K->480K(15360K)] 28035K->14661K(49664K), 0.0004110 secs] [Times: user=0.00 sys=0.00, real=0.00 secs] 
49.965: Total time for which application threads were stopped: 0.0005250 seconds, Stopping threads took: 0.0000580 seconds
50.024: Application time: 0.0581570 seconds
50.024: [GC [PSYoungGen: 13789K->512K(15360K)] 27971K->14693K(49664K), 0.0004070 secs] [Times: user=0.00 sys=0.00, real=0.00 secs] 
50.024: Total time for which application threads were stopped: 0.0005270 seconds, Stopping threads took: 0.0000670 seconds
50.066: Application time: 0.0414280 seconds
50.066: [GC [PSYoungGen: 13821K->992K(15360K)] 28003K->15173K(49664K), 0.0004870 secs] [Times: user=0.00 sys=0.00, real=0.00 secs] 
50.066: Total time for which application threads were stopped: 0.0005940 seconds, Stopping threads took: 0.0000510 seconds
50.101: Application time: 0.0347550 seconds
50.101: [GC [PSYoungGen: 14303K->960K(15360K)] 28485K->15141K(49664K), 0.0004620 secs] [Times: user=0.00 sys=0.00, real=0.00 secs] 
50.102: Total time for which application threads were stopped: 0.0005740 seconds, Stopping threads took: 0.0000590 seconds
50.157: Application time: 0.0551940 seconds
50.157: [GC [PSYoungGen: 14271K->992K(15360K)] 28452K->15173K(49664K), 0.0005160 secs] [Times: user=0.00 sys=0.00, real=0.00 secs] 
50.157: Total time for which application threads were stopped: 0.0006360 seconds, Stopping threads took: 0.0000600 seconds
50.213: Application time: 0.0557260 seconds
50.213: [GC [PSYoungGen: 14301K->1024K(15360K)] 28482K->15205K(49664K), 0.0006010 secs] [Times: user=0.00 sys=0.00, real=0.00 secs] 
50.214: Total time for which application threads were stopped: 0.0007170 seconds, Stopping threads took: 0.0000620 seconds
50.247: Application time: 0.0328370 seconds
50.247: [GC [PSYoungGen: 14332K->1616K(15360K)] 28514K->15797K(49664K), 0.0006080 secs] [Times: user=0.01 sys=0.00, real=0.00 secs] 
50.247: Total time for which application threads were stopped: 0.0007180 seconds, Stopping threads took: 0.0000510 seconds
50.275: Application time: 0.0277840 seconds
50.276: [GC [PSYoungGen: 14926K->1712K(15360K)] 29108K->15893K(49664K), 0.0006980 secs] [Times: user=0.00 sys=0.00, real=0.00 secs] 
50.277: Total time for which application threads were stopped: 0.0019130 seconds, Stopping threads took: 0.0011590 seconds
50.317: Application time: 0.0401020 seconds
50.317: [GC [PSYoungGen: 15022K->1920K(15360K)] 29204K->16101K(49664K), 0.0007280 secs] [Times: user=0.00 sys=0.00, real=0.00 secs] 
50.318: Total time for which application threads were stopped: 0.0008730 seconds, Stopping threads took: 0.0000770 seconds
50.366: Application time: 0.0477060 seconds
50.366: [GC [PSYoungGen: 15231K->1920K(15360K)] 29412K->16101K(49664K), 0.0006930 secs] [Times: user=0.00 sys=0.00, real=0.00 secs] 
50.367: Total time for which application threads were stopped: 0.0008080 seconds, Stopping threads took: 0.0000560 seconds
50.422: Application time: 0.0557990 seconds
50.422: [GC [PSYoungGen: 15228K->1856K(15360K)] 29410K->16037K(49664K), 0.0006850 secs] [Times: user=0.00 sys=0.00, real=0.00 secs] 
50.423: Total time for which application threads were stopped: 0.0008060 seconds, Stopping threads took: 0.0000600 seconds
50.479: Application time: 0.0560080 seconds
50.479: [GC [PSYoungGen: 15164K->1920K(15360K)] 29346K->16101K(49664K), 0.0006900 secs] [Times: user=0.00 sys=0.00, real=0.00 secs] 
50.480: Total time for which application threads were stopped: 0.0008080 seconds, Stopping threads took: 0.0000600 seconds
50.535: Application time: 0.0549300 seconds
50.535: [GC [PSYoungGen: 15230K->1936K(15360K)] 29412K->16117K(49664K), 0.0007110 secs] [Times: user=0.01 sys=0.00, real=0.00 secs] 
50.536: Total time for which application threads were stopped: 0.0008180 seconds, Stopping threads took: 0.0000500 seconds
50.594: Application time: 0.0581940 seconds
50.594: [GC [PSYoungGen: 15245K->1856K(15360K)] 29427K->16037K(49664K), 0.0006900 secs] [Times: user=0.01 sys=0.00, real=0.00 secs] 
50.595: Total time for which application threads were stopped: 0.0008060 seconds, Stopping threads took: 0.0000580 seconds
50.652: Application time: 0.0568050 seconds
50.652: [GC [PSYoungGen: 15167K->1936K(15360K)] 29349K->16117K(49664K), 0.0006870 secs] [Times: user=0.00 sys=0.00, real=0.00 secs] 
50.652: Total time for which application threads were stopped: 0.0007900 seconds, Stopping threads took: 0.0000470 seconds
50.706: Application time: 0.0537750 seconds
50.706: [GC [PSYoungGen: 15245K->1936K(15360K)] 29426K->16117K(49664K), 0.0007000 secs] [Times: user=0.00 sys=0.00, real=0.00 secs] 
50.707: Total time for which application threads were stopped: 0.0008050 seconds, Stopping threads took: 0.0000490 seconds
50.764: Application time: 0.0568470 seconds
50.764: [GC [PSYoungGen: 15244K->1904K(15360K)] 29426K->16085K(49664K), 0.0008380 secs] [Times: user=0.00 sys=0.00, real=0.00 secs] 
50.765: Total time for which application threads were stopped: 0.0009490 seconds, Stopping threads took: 0.0000530 seconds
50.824: Application time: 0.0591580 seconds
50.824: [GC [PSYoungGen: 15213K->1456K(15360K)] 29395K->16106K(49664K), 0.0006890 secs] [Times: user=0.00 sys=0.00, real=0.00 secs] 
50.825: Total time for which application threads were stopped: 0.0008260 seconds, Stopping threads took: 0.0000660 seconds
50.883: Application time: 0.0586350 seconds
50.883: [GC [PSYoungGen: 14765K->1472K(15360K)] 29415K->16122K(49664K), 0.0006000 secs] [Times: user=0.00 sys=0.00, real=0.00 secs] 
50.884: Total time for which application threads were stopped: 0.0007350 seconds, Stopping threads took: 0.0000780 seconds
50.943: Application time: 0.0586140 seconds
50.943: [GC [PSYoungGen: 14781K->1440K(15360K)] 29431K->16138K(49664K), 0.0006010 secs] [Times: user=0.01 sys=0.00, real=0.00 secs] 
50.943: Total time for which application threads were stopped: 0.0007130 seconds, Stopping threads took: 0.0000550 seconds
51.003: Application time: 0.0595750 seconds
51.004: [GC [PSYoungGen: 14749K->1376K(15360K)] 29447K->16122K(49664K), 0.0006520 secs] [Times: user=0.00 sys=0.00, real=0.00 secs] 
51.005: Total time for which application threads were stopped: 0.0020200 seconds, Stopping threads took: 0.0013120 seconds
51.065: Application time: 0.0604220 seconds
51.066: [GC [PSYoungGen: 14685K->1296K(15360K)] 29431K->16082K(49664K), 0.0005630 secs] [Times: user=0.00 sys=0.00, real=0.00 secs] 
51.066: Total time for which application threads were stopped: 0.0006890 seconds, Stopping threads took: 0.0000690 seconds
51.125: Application time: 0.0591780 seconds
51.125: [GC [PSYoungGen: 14605K->1312K(15360K)] 29391K->16178K(49664K), 0.0005500 secs] [Times: user=0.00 sys=0.00, real=0.00 secs] 
51.126: Total time for which application threads were stopped: 0.0006650 seconds, Stopping threads took: 0.0000600 seconds
51.185: Application time: 0.0591370 seconds
51.185: [GC [PSYoungGen: 14621K->1312K(15360K)] 29488K->16226K(49664K), 0.0005390 secs] [Times: user=0.00 sys=0.00, real=0.00 secs] 
51.186: Total time for which application threads were stopped: 0.0006600 seconds, Stopping threads took: 0.0000660 seconds
51.246: Application time: 0.0598000 seconds
51.246: [GC [PSYoungGen: 14621K->1248K(15360K)] 29536K->16162K(49664K), 0.0005370 secs] [Times: user=0.00 sys=0.00, real=0.00 secs] 
51.246: Total time for which application threads were stopped: 0.0006650 seconds, Stopping threads took: 0.0000690 seconds
51.303: Application time: 0.0567150 seconds
51.303: [GC [PSYoungGen: 14557K->1504K(15360K)] 29471K->16418K(49664K), 0.0005510 secs] [Times: user=0.01 sys=0.00, real=0.00 secs] 
51.304: Total time for which application threads were stopped: 0.0006690 seconds, Stopping threads took: 0.0000600 seconds
51.341: Application time: 0.0377710 seconds
51.342: [GC [PSYoungGen: 14815K->1536K(15360K)] 29729K->16450K(49664K), 0.0005780 secs] [Times: user=0.00 sys=0.00, real=0.00 secs] 
51.342: Total time for which application threads were stopped: 0.0007040 seconds, Stopping threads took: 0.0000610 seconds
51.387: Application time: 0.0450770 seconds
51.387: [GC [PSYoungGen: 14846K->1280K(15360K)] 29761K->16595K(49664K), 0.0007340 secs] [Times: user=0.01 sys=0.00, real=0.00 secs] 
51.388: Total time for which application threads were stopped: 0.0008560 seconds, Stopping threads took: 0.0000610 seconds
51.444: Application time: 0.0559720 seconds
51.444: [GC [PSYoungGen: 14590K->1312K(15360K)] 29905K->16627K(49664K), 0.0005280 secs] [Times: user=0.01 sys=0.00, real=0.00 secs] 
51.445: Total time for which application threads were stopped: 0.0006640 seconds, Stopping threads took: 0.0000780 seconds
51.503: Application time: 0.0585330 seconds
51.503: [GC [PSYoungGen: 14621K->1312K(15360K)] 29937K->16627K(49664K), 0.0006180 secs] [Times: user=0.00 sys=0.00, real=0.00 secs] 
51.504: Total time for which application threads were stopped: 0.0007300 seconds, Stopping threads took: 0.0000550 seconds
51.563: Application time: 0.0586090 seconds
51.563: [GC [PSYoungGen: 14621K->672K(15360K)] 29937K->16609K(49664K), 0.0005600 secs] [Times: user=0.01 sys=0.00, real=0.00 secs] 
51.563: Total time for which application threads were stopped: 0.0006780 seconds, Stopping threads took: 0.0000630 seconds
51.622: Application time: 0.0584510 seconds
51.622: [GC [PSYoungGen: 13981K->544K(15360K)] 29918K->16693K(49664K), 0.0004550 secs] [Times: user=0.01 sys=0.00, real=0.00 secs] 
51.622: Total time for which application threads were stopped: 0.0005660 seconds, Stopping threads took: 0.0000530 seconds
51.681: Application time: 0.0586110 seconds
51.681: [GC [PSYoungGen: 13853K->512K(15360K)] 30003K->16661K(49664K), 0.0004050 secs] [Times: user=0.00 sys=0.00, real=0.00 secs] 
51.681: Total time for which application threads were stopped: 0.0005260 seconds, Stopping threads took: 0.0000660 seconds
51.738: Application time: 0.0566220 seconds
51.738: [GC [PSYoungGen: 13820K->576K(15360K)] 29970K->16725K(49664K), 0.0004110 secs] [Times: user=0.00 sys=0.00, real=0.00 secs] 
51.739: Total time for which application threads were stopped: 0.0005130 seconds, Stopping threads took: 0.0000490 seconds
51.785: Application time: 0.0469210 seconds
51.786: [GC [PSYoungGen: 13887K->960K(15360K)] 30037K->17109K(49664K), 0.0005400 secs] [Times: user=0.00 sys=0.00, real=0.00 secs] 
51.786: Total time for which application threads were stopped: 0.0006600 seconds, Stopping threads took: 0.0000650 seconds
51.819: Application time: 0.0326240 seconds
51.819: [GC [PSYoungGen: 14271K->992K(15360K)] 30421K->17141K(49664K), 0.0005000 secs] [Times: user=0.00 sys=0.00, real=0.00 secs] 
51.819: Total time for which application threads were stopped: 0.0006030 seconds, Stopping threads took: 0.0000460 seconds
51.873: Application time: 0.0536910 seconds
51.873: [GC [PSYoungGen: 14303K->928K(15360K)] 30453K->17077K(49664K), 0.0005960 secs] [Times: user=0.01 sys=0.00, real=0.00 secs] 
51.874: Total time for which application threads were stopped: 0.0007180 seconds, Stopping threads took: 0.0000560 seconds
51.930: Application time: 0.0559980 seconds
51.930: [GC [PSYoungGen: 14239K->1040K(15360K)] 30389K->17189K(49664K), 0.0005250 secs] [Times: user=0.00 sys=0.00, real=0.00 secs] 
51.930: Total time for which application threads were stopped: 0.0006190 seconds, Stopping threads took: 0.0000380 seconds
51.969: Application time: 0.0390080 seconds
51.969: [GC [PSYoungGen: 14352K->1648K(15360K)] 30501K->17797K(49664K), 0.0006690 secs] [Times: user=0.01 sys=0.00, real=0.00 secs] 
51.970: Total time for which application threads were stopped: 0.0007750 seconds, Stopping threads took: 0.0000530 seconds
51.997: Application time: 0.0268770 seconds
51.997: [GC [PSYoungGen: 14955K->1664K(15360K)] 31105K->17813K(49664K), 0.0007280 secs] [Times: user=0.00 sys=0.00, real=0.00 secs] 
51.998: Total time for which application threads were stopped: 0.0008460 seconds, Stopping threads took: 0.0000570 seconds
52.035: Application time: 0.0369490 seconds
52.035: [GC [PSYoungGen: 14972K->1888K(15360K)] 31122K->18037K(49664K), 0.0007010 secs] [Times: user=0.01 sys=0.00, real=0.00 secs] 
52.036: Total time for which application threads were stopped: 0.0008090 seconds, Stopping threads took: 0.0000480 seconds
52.081: Application time: 0.0451490 seconds
52.081: [GC [PSYoungGen: 15198K->1968K(15360K)] 31348K->18117K(49664K), 0.0006890 secs] [Times: user=0.00 sys=0.00, real=0.00 secs] 
52.082: Total time for which application threads were stopped: 0.0008160 seconds, Stopping threads took: 0.0000720 seconds
52.138: Application time: 0.0558760 seconds
52.138: [GC [PSYoungGen: 15276K->1936K(15360K)] 31426K->18085K(49664K), 0.0007430 secs] [Times: user=0.01 sys=0.00, real=0.00 secs] 
52.138: Total time for which application threads were stopped: 0.0008530 seconds, Stopping threads took: 0.0000540 seconds
52.195: Application time: 0.0567140 seconds
52.195: [GC [PSYoungGen: 15205K->1824K(15360K)] 31355K->17973K(49664K), 0.0007210 secs] [Times: user=0.00 sys=0.00, real=0.00 secs] 
52.196: Total time for which application threads were stopped: 0.0008360 seconds, Stopping threads took: 0.0000590 seconds
52.250: Application time: 0.0542040 seconds
52.250: [GC [PSYoungGen: 15131K->1984K(15360K)] 31281K->18133K(49664K), 0.0007510 secs] [Times: user=0.00 sys=0.00, real=0.00 secs] 
52.252: Total time for which application threads were stopped: 0.0016880 seconds, Stopping threads took: 0.0000750 seconds
52.310: Application time: 0.0579000 seconds
52.310: [GC [PSYoungGen: 15293K->1840K(15360K)] 31443K->17989K(49664K), 0.0007310 secs] [Times: user=0.00 sys=0.00, real=0.00 secs] 
52.311: Total time for which application threads were stopped: 0.0008660 seconds, Stopping threads took: 0.0000780 seconds
52.368: Application time: 0.0576280 seconds
52.368: [GC [PSYoungGen: 15149K->1856K(15360K)] 31299K->18005K(49664K), 0.0007180 secs] [Times: user=0.01 sys=0.00, real=0.00 secs] 
52.369: Total time for which application threads were stopped: 0.0008410 seconds, Stopping threads took: 0.0000630 seconds
52.422: Application time: 0.0528720 seconds
52.422: [GC [PSYoungGen: 15166K->1872K(15360K)] 31316K->18021K(49664K), 0.0007020 secs] [Times: user=0.00 sys=0.00, real=0.00 secs] 
52.423: Total time for which application threads were stopped: 0.0008250 seconds, Stopping threads took: 0.0000560 seconds
52.479: Application time: 0.0564400 seconds
52.479: [GC [PSYoungGen: 15180K->1728K(15360K)] 31330K->18138K(49664K), 0.0007080 secs] [Times: user=0.01 sys=0.00, real=0.00 secs] 
52.480: Total time for which application threads were stopped: 0.0008170 seconds, Stopping threads took: 0.0000510 seconds
52.539: Application time: 0.0587460 seconds
52.539: [GC [PSYoungGen: 15037K->1440K(15360K)] 31447K->18111K(49664K), 0.0006420 secs] [Times: user=0.01 sys=0.00, real=0.00 secs] 
52.540: Total time for which application threads were stopped: 0.0007470 seconds, Stopping threads took: 0.0000490 seconds
52.598: Application time: 0.0586540 seconds
52.598: [GC [PSYoungGen: 14749K->1424K(15360K)] 31420K->18127K(49664K), 0.0007020 secs] [Times: user=0.00 sys=0.00, real=0.00 secs] 
52.599: Total time for which application threads were stopped: 0.0008160 seconds, Stopping threads took: 0.0000570 seconds
52.658: Application time: 0.0589410 seconds
52.658: [GC [PSYoungGen: 14733K->1408K(15360K)] 31436K->18111K(49664K), 0.0006060 secs] [Times: user=0.01 sys=0.00, real=0.00 secs] 
52.659: Total time for which application threads were stopped: 0.0007160 seconds, Stopping threads took: 0.0000540 seconds
52.718: Application time: 0.0588780 seconds
52.718: [GC [PSYoungGen: 14717K->1376K(15360K)] 31420K->18119K(49664K), 0.0005860 secs] [Times: user=0.00 sys=0.00, real=0.00 secs] 
52.718: Total time for which application threads were stopped: 0.0006910 seconds, Stopping threads took: 0.0000490 seconds
52.777: Application time: 0.0589230 seconds
52.777: [GC [PSYoungGen: 14685K->1376K(15360K)] 31428K->18167K(49664K), 0.0005970 secs] [Times: user=0.01 sys=0.00, real=0.00 secs] 
52.778: Total time for which application threads were stopped: 0.0007150 seconds, Stopping threads took: 0.0000640 seconds
52.838: Application time: 0.0602990 seconds
52.838: [GC [PSYoungGen: 14688K->1312K(15360K)] 31479K->18151K(49664K), 0.0005930 secs] [Times: user=0.00 sys=0.00, real=0.00 secs] 
52.839: Total time for which application threads were stopped: 0.0006950 seconds, Stopping threads took: 0.0000480 seconds
52.898: Application time: 0.0591270 seconds
52.898: [GC [PSYoungGen: 14621K->1248K(15360K)] 31460K->18167K(49664K), 0.0005500 secs] [Times: user=0.01 sys=0.00, real=0.00 secs] 
52.899: Total time for which application threads were stopped: 0.0006810 seconds, Stopping threads took: 0.0000710 seconds
52.958: Application time: 0.0594780 seconds
52.958: [GC [PSYoungGen: 14557K->1216K(15360K)] 31476K->18135K(49664K), 0.0005310 secs] [Times: user=0.01 sys=0.00, real=0.00 secs] 
52.959: Total time for which application threads were stopped: 0.0006540 seconds, Stopping threads took: 0.0000540 seconds
53.014: Application time: 0.0555470 seconds
53.014: [GC [PSYoungGen: 14527K->1440K(15360K)] 31446K->18359K(49664K), 0.0005710 secs] [Times: user=0.01 sys=0.00, real=0.00 secs] 
53.015: Total time for which application threads were stopped: 0.0006750 seconds, Stopping threads took: 0.0000480 seconds
53.057: Application time: 0.0424010 seconds
53.058: [GC [PSYoungGen: 14750K->1664K(15360K)] 31669K->18583K(49664K), 0.0006260 secs] [Times: user=0.00 sys=0.00, real=0.00 secs] 
53.058: Total time for which application threads were stopped: 0.0007360 seconds, Stopping threads took: 0.0000550 seconds
53.100: Application time: 0.0421890 seconds
53.100: [GC [PSYoungGen: 14973K->1376K(15360K)] 31892K->18723K(49664K), 0.0005800 secs] [Times: user=0.01 sys=0.00, real=0.00 secs] 
53.101: Total time for which application threads were stopped: 0.0006810 seconds, Stopping threads took: 0.0000460 seconds
53.156: Application time: 0.0553370 seconds
53.156: [GC [PSYoungGen: 14687K->1312K(15360K)] 32034K->18659K(49664K), 0.0005340 secs] [Times: user=0.00 sys=0.00, real=0.00 secs] 
53.157: Total time for which application threads were stopped: 0.0006390 seconds, Stopping threads took: 0.0000530 seconds
53.215: Application time: 0.0578680 seconds
53.215: [GC [PSYoungGen: 14623K->1312K(15360K)] 31971K->18659K(49664K), 0.0005360 secs] [Times: user=0.00 sys=0.00, real=0.00 secs] 
53.216: Total time for which application threads were stopped: 0.0006410 seconds, Stopping threads took: 0.0000500 seconds
53.275: Application time: 0.0593220 seconds
53.275: [GC [PSYoungGen: 14621K->704K(15360K)] 31969K->18649K(49664K), 0.0005470 secs] [Times: user=0.00 sys=0.00, real=0.00 secs] 
53.276: Total time for which application threads were stopped: 0.0006640 seconds, Stopping threads took: 0.0000610 seconds
53.334: Application time: 0.0587620 seconds
53.334: [GC [PSYoungGen: 14013K->544K(15360K)] 31958K->18693K(49664K), 0.0004450 secs] [Times: user=0.01 sys=0.00, real=0.00 secs] 
53.335: Total time for which application threads were stopped: 0.0005620 seconds, Stopping threads took: 0.0000620 seconds
53.394: Application time: 0.0590530 seconds
53.394: [GC [PSYoungGen: 13853K->512K(15360K)] 32003K->18661K(49664K), 0.0004220 secs] [Times: user=0.00 sys=0.00, real=0.00 secs] 
53.394: Total time for which application threads were stopped: 0.0005430 seconds, Stopping threads took: 0.0000660 seconds
53.451: Application time: 0.0564950 seconds
53.451: [GC [PSYoungGen: 13823K->480K(15360K)] 31973K->18629K(49664K), 0.0004420 secs] [Times: user=0.00 sys=0.00, real=0.00 secs] 
53.451: Total time for which application threads were stopped: 0.0005500 seconds, Stopping threads took: 0.0000540 seconds
53.501: Application time: 0.0495210 seconds
53.501: [GC [PSYoungGen: 13787K->1088K(15360K)] 31937K->19237K(49664K), 0.0005680 secs] [Times: user=0.00 sys=0.00, real=0.00 secs] 
53.502: Total time for which application threads were stopped: 0.0006900 seconds, Stopping threads took: 0.0000540 seconds
53.534: Application time: 0.0322920 seconds
53.534: [GC [PSYoungGen: 14395K->960K(15360K)] 32545K->19109K(49664K), 0.0005390 secs] [Times: user=0.00 sys=0.00, real=0.00 secs] 
53.535: Total time for which application threads were stopped: 0.0006760 seconds, Stopping threads took: 0.0000810 seconds
53.586: Application time: 0.0515740 seconds
53.586: [GC [PSYoungGen: 14271K->1056K(15360K)] 32421K->19205K(49664K), 0.0005330 secs] [Times: user=0.00 sys=0.00, real=0.00 secs] 
53.587: Total time for which application threads were stopped: 0.0006570 seconds, Stopping threads took: 0.0000670 seconds
53.643: Application time: 0.0556560 seconds
53.643: [GC [PSYoungGen: 14365K->1056K(15360K)] 32514K->19205K(49664K), 0.0005160 secs] [Times: user=0.00 sys=0.00, real=0.00 secs] 
53.643: Total time for which application threads were stopped: 0.0006320 seconds, Stopping threads took: 0.0000610 seconds
53.686: Application time: 0.0424090 seconds
53.686: [GC [PSYoungGen: 14364K->1632K(15360K)] 32514K->19782K(49664K), 0.0005970 secs] [Times: user=0.00 sys=0.00, real=0.00 secs] 
53.686: Total time for which application threads were stopped: 0.0006820 seconds, Stopping threads took: 0.0000320 seconds
53.713: Application time: 0.0265290 seconds
53.713: [GC [PSYoungGen: 14942K->1696K(15360K)] 33092K->19845K(49664K), 0.0006640 secs] [Times: user=0.01 sys=0.00, real=0.00 secs] 
53.714: Total time for which application threads were stopped: 0.0007780 seconds, Stopping threads took: 0.0000580 seconds
53.749: Application time: 0.0349320 seconds
53.749: [GC [PSYoungGen: 15006K->2000K(15360K)] 33156K->20150K(49664K), 0.0006940 secs] [Times: user=0.00 sys=0.00, real=0.00 secs] 
53.749: Total time for which application threads were stopped: 0.0008050 seconds, Stopping threads took: 0.0000550 seconds
53.793: Application time: 0.0439960 seconds
53.793: [GC [PSYoungGen: 15311K->1920K(15360K)] 33460K->20070K(49664K), 0.0007000 secs] [Times: user=0.01 sys=0.00, real=0.00 secs] 
53.794: Total time for which application threads were stopped: 0.0008120 seconds, Stopping threads took: 0.0000560 seconds
53.850: Application time: 0.0556990 seconds
53.850: [GC [PSYoungGen: 15231K->1952K(15360K)] 33381K->20102K(49664K), 0.0007190 secs] [Times: user=0.00 sys=0.00, real=0.00 secs] 
53.851: Total time for which application threads were stopped: 0.0008270 seconds, Stopping threads took: 0.0000540 seconds
53.908: Application time: 0.0569920 seconds
53.908: [GC [PSYoungGen: 15261K->1872K(15360K)] 33411K->20022K(49664K), 0.0007170 secs] [Times: user=0.00 sys=0.00, real=0.01 secs] 
53.909: Total time for which application threads were stopped: 0.0008380 seconds, Stopping threads took: 0.0000620 seconds
53.963: Application time: 0.0542770 seconds
53.963: [GC [PSYoungGen: 15182K->1968K(15360K)] 33332K->20118K(49664K), 0.0007010 secs] [Times: user=0.00 sys=0.00, real=0.00 secs] 
53.964: Total time for which application threads were stopped: 0.0008170 seconds, Stopping threads took: 0.0000590 seconds
54.022: Application time: 0.0582020 seconds
54.022: [GC [PSYoungGen: 15277K->1888K(15360K)] 33427K->20038K(49664K), 0.0007040 secs] [Times: user=0.00 sys=0.00, real=0.00 secs] 
54.023: Total time for which application threads were stopped: 0.0008370 seconds, Stopping threads took: 0.0000620 seconds
54.080: Application time: 0.0576450 seconds
54.080: [GC [PSYoungGen: 15197K->1888K(15360K)] 33347K->20038K(49664K), 0.0006810 secs] [Times: user=0.00 sys=0.00, real=0.00 secs] 
54.081: Total time for which application threads were stopped: 0.0007850 seconds, Stopping threads took: 0.0000490 seconds
54.134: Application time: 0.0530990 seconds
54.134: [GC [PSYoungGen: 15197K->1904K(15360K)] 33346K->20054K(49664K), 0.0006820 secs] [Times: user=0.00 sys=0.00, real=0.00 secs] 
54.135: Total time for which application threads were stopped: 0.0007920 seconds, Stopping threads took: 0.0000540 seconds
54.191: Application time: 0.0564310 seconds
54.192: [GC [PSYoungGen: 15213K->1728K(15360K)] 33363K->20118K(49664K), 0.0006950 secs] [Times: user=0.00 sys=0.00, real=0.00 secs] 
54.192: Total time for which application threads were stopped: 0.0008230 seconds, Stopping threads took: 0.0000560 seconds
54.251: Application time: 0.0588770 seconds
54.251: [GC [PSYoungGen: 15037K->1488K(15360K)] 33427K->20118K(49664K), 0.0006450 secs] [Times: user=0.00 sys=0.00, real=0.00 secs] 
54.252: Total time for which application threads were stopped: 0.0007610 seconds, Stopping threads took: 0.0000610 seconds
54.311: Application time: 0.0587840 seconds
54.311: [GC [PSYoungGen: 14797K->1440K(15360K)] 33427K->20070K(49664K), 0.0006400 secs] [Times: user=0.01 sys=0.00, real=0.00 secs] 
54.311: Total time for which application threads were stopped: 0.0007450 seconds, Stopping threads took: 0.0000520 seconds
54.371: Application time: 0.0599170 seconds
54.371: [GC [PSYoungGen: 14752K->1424K(15360K)] 33382K->20102K(49664K), 0.0005820 secs] [Times: user=0.00 sys=0.00, real=0.00 secs] 
54.372: Total time for which application threads were stopped: 0.0007090 seconds, Stopping threads took: 0.0000730 seconds
54.432: Application time: 0.0600590 seconds
54.432: [GC [PSYoungGen: 14735K->1344K(15360K)] 33413K->20070K(49664K), 0.0007290 secs] [Times: user=0.00 sys=0.00, real=0.00 secs] 
54.433: Total time for which application threads were stopped: 0.0008630 seconds, Stopping threads took: 0.0000780 seconds
54.492: Application time: 0.0593250 seconds
54.492: [GC [PSYoungGen: 14655K->1360K(15360K)] 33381K->20134K(49664K), 0.0005670 secs] [Times: user=0.01 sys=0.00, real=0.00 secs] 
54.493: Total time for which application threads were stopped: 0.0006970 seconds, Stopping threads took: 0.0000700 seconds
54.552: Application time: 0.0593060 seconds
54.552: [GC [PSYoungGen: 14669K->1312K(15360K)] 33443K->20134K(49664K), 0.0005640 secs] [Times: user=0.00 sys=0.00, real=0.00 secs] 
54.553: Total time for which application threads were stopped: 0.0006950 seconds, Stopping threads took: 0.0000640 seconds
54.613: Application time: 0.0596300 seconds
54.613: [GC [PSYoungGen: 14621K->1312K(15360K)] 33443K->20222K(49664K), 0.0005470 secs] [Times: user=0.00 sys=0.00, real=0.00 secs] 
54.613: Total time for which application threads were stopped: 0.0006520 seconds, Stopping threads took: 0.0000500 seconds
54.674: Application time: 0.0604280 seconds
54.674: [GC [PSYoungGen: 14621K->1280K(15360K)] 33531K->20190K(49664K), 0.0005430 secs] [Times: user=0.01 sys=0.00, real=0.00 secs] 
54.674: Total time for which application threads were stopped: 0.0006730 seconds, Stopping threads took: 0.0000710 seconds
54.726: Application time: 0.0517380 seconds
54.726: [GC [PSYoungGen: 14588K->1504K(15360K)] 33498K->20414K(49664K), 0.0005760 secs] [Times: user=0.00 sys=0.00, real=0.00 secs] 
54.727: Total time for which application threads were stopped: 0.0006790 seconds, Stopping threads took: 0.0000480 seconds
54.773: Application time: 0.0458820 seconds
54.773: [GC [PSYoungGen: 14815K->1696K(15360K)] 33725K->20606K(49664K), 0.0006240 secs] [Times: user=0.00 sys=0.00, real=0.00 secs] 
54.773: Total time for which application threads were stopped: 0.0007340 seconds, Stopping threads took: 0.0000540 seconds
54.815: Application time: 0.0417810 seconds
54.815: [GC [PSYoungGen: 15007K->1312K(15360K)] 33917K->20631K(49664K), 0.0006210 secs] [Times: user=0.00 sys=0.00, real=0.00 secs] 
54.816: Total time for which application threads were stopped: 0.0007380 seconds, Stopping threads took: 0.0000610 seconds
54.871: Application time: 0.0547670 seconds
54.871: [GC [PSYoungGen: 14623K->1344K(15360K)] 33942K->20663K(49664K), 0.0005460 secs] [Times: user=0.01 sys=0.00, real=0.00 secs] 
54.871: Total time for which application threads were stopped: 0.0006610 seconds, Stopping threads took: 0.0000610 seconds
54.929: Application time: 0.0572480 seconds
54.929: [GC [PSYoungGen: 14652K->1344K(15360K)] 33972K->20663K(49664K), 0.0005530 secs] [Times: user=0.00 sys=0.00, real=0.00 secs] 
54.929: Total time for which application threads were stopped: 0.0006770 seconds, Stopping threads took: 0.0000690 seconds
54.989: Application time: 0.0599340 seconds
54.989: [GC [PSYoungGen: 14655K->640K(15360K)] 33974K->20568K(49664K), 0.0005650 secs] [Times: user=0.00 sys=0.00, real=0.00 secs] 
54.990: Total time for which application threads were stopped: 0.0006750 seconds, Stopping threads took: 0.0000550 seconds
55.050: Application time: 0.0597730 seconds
55.050: [GC [PSYoungGen: 13949K->512K(15360K)] 33877K->20668K(49664K), 0.0004470 secs] [Times: user=0.00 sys=0.00, real=0.00 secs] 
55.050: Total time for which application threads were stopped: 0.0005710 seconds, Stopping threads took: 0.0000670 seconds
55.109: Application time: 0.0590210 seconds
55.109: [GC [PSYoungGen: 13821K->480K(15360K)] 33978K->20636K(49664K), 0.0003960 secs] [Times: user=0.00 sys=0.00, real=0.00 secs] 
55.110: Total time for which application threads were stopped: 0.0005190 seconds, Stopping threads took: 0.0000620 seconds
55.166: Application time: 0.0566130 seconds
55.167: [GC [PSYoungGen: 13791K->512K(15360K)] 33948K->20668K(49664K), 0.0004020 secs] [Times: user=0.00 sys=0.00, real=0.00 secs] 
55.167: Total time for which application threads were stopped: 0.0005030 seconds, Stopping threads took: 0.0000460 seconds
55.216: Application time: 0.0492160 seconds
55.216: [GC [PSYoungGen: 13822K->768K(15360K)] 33979K->20925K(49664K), 0.0004530 secs] [Times: user=0.00 sys=0.00, real=0.00 secs] 
55.217: Total time for which application threads were stopped: 0.0005700 seconds, Stopping threads took: 0.0000580 seconds
55.251: Application time: 0.0341990 seconds
55.251: [GC [PSYoungGen: 14078K->992K(15360K)] 34235K->21149K(49664K), 0.0004980 secs] [Times: user=0.00 sys=0.00, real=0.00 secs] 
55.252: Total time for which application threads were stopped: 0.0006010 seconds, Stopping threads took: 0.0000460 seconds
55.303: Application time: 0.0510230 seconds
55.303: [GC [PSYoungGen: 14301K->960K(15360K)] 34458K->21117K(49664K), 0.0005590 secs] [Times: user=0.01 sys=0.00, real=0.00 secs] 
55.303: Total time for which application threads were stopped: 0.0006770 seconds, Stopping threads took: 0.0000600 seconds
55.359: Application time: 0.0560020 seconds
55.360: [GC [PSYoungGen: 14270K->1056K(15360K)] 34427K->21213K(49664K), 0.0005280 secs] [Times: user=0.00 sys=0.00, real=0.00 secs] 
55.361: Total time for which application threads were stopped: 0.0016160 seconds, Stopping threads took: 0.0010330 seconds
55.410: Application time: 0.0487960 seconds
55.410: [GC [PSYoungGen: 14363K->1408K(15360K)] 34520K->21565K(49664K), 0.0005820 secs] [Times: user=0.00 sys=0.00, real=0.00 secs] 
55.410: Total time for which application threads were stopped: 0.0006850 seconds, Stopping threads took: 0.0000480 seconds
55.436: Application time: 0.0258160 seconds
55.436: [GC [PSYoungGen: 14716K->1696K(15360K)] 34873K->21853K(49664K), 0.0006480 secs] [Times: user=0.00 sys=0.00, real=0.00 secs] 
55.437: Total time for which application threads were stopped: 0.0007620 seconds, Stopping threads took: 0.0000530 seconds
55.468: Application time: 0.0305980 seconds
55.468: [GC [PSYoungGen: 15005K->1904K(15360K)] 35162K->22061K(49664K), 0.0007180 secs] [Times: user=0.00 sys=0.00, real=0.01 secs] 
55.468: Total time for which application threads were stopped: 0.0008380 seconds, Stopping threads took: 0.0000610 seconds
55.514: Application time: 0.0452060 seconds
55.516: [GC [PSYoungGen: 15195K->1808K(15360K)] 35352K->21965K(49664K), 0.0007810 secs] [Times: user=0.01 sys=0.00, real=0.00 secs] 
55.517: Total time for which application threads were stopped: 0.0035490 seconds, Stopping threads took: 0.0027080 seconds
55.572: Application time: 0.0546300 seconds
55.572: [GC [PSYoungGen: 15118K->1952K(15360K)] 35275K->22109K(49664K), 0.0007470 secs] [Times: user=0.00 sys=0.00, real=0.00 secs] 
55.573: Total time for which application threads were stopped: 0.0008550 seconds, Stopping threads took: 0.0000520 seconds
55.630: Application time: 0.0569730 seconds
55.630: [GC [PSYoungGen: 15261K->1872K(15360K)] 35418K->22029K(49664K), 0.0007020 secs] [Times: user=0.00 sys=0.00, real=0.00 secs] 
55.630: Total time for which application threads were stopped: 0.0008250 seconds, Stopping threads took: 0.0000490 seconds
55.684: Application time: 0.0537850 seconds
55.684: [GC [PSYoungGen: 15179K->1920K(15360K)] 35336K->22077K(49664K), 0.0007200 secs] [Times: user=0.00 sys=0.00, real=0.00 secs] 
55.685: Total time for which application threads were stopped: 0.0008410 seconds, Stopping threads took: 0.0000660 seconds
55.743: Application time: 0.0575920 seconds
55.743: [GC [PSYoungGen: 15229K->1920K(15360K)] 35386K->22077K(49664K), 0.0007010 secs] [Times: user=0.00 sys=0.00, real=0.00 secs] 
55.743: Total time for which application threads were stopped: 0.0008050 seconds, Stopping threads took: 0.0000490 seconds
55.802: Application time: 0.0582800 seconds
55.802: [GC [PSYoungGen: 15229K->1904K(15360K)] 35386K->22061K(49664K), 0.0007310 secs] [Times: user=0.01 sys=0.00, real=0.00 secs] 
55.803: Total time for which application threads were stopped: 0.0008510 seconds, Stopping threads took: 0.0000670 seconds
55.857: Application time: 0.0540240 seconds
55.857: [GC [PSYoungGen: 15214K->1936K(15360K)] 35371K->22093K(49664K), 0.0007030 secs] [Times: user=0.00 sys=0.00, real=0.00 secs] 
55.857: Total time for which application threads were stopped: 0.0008000 seconds, Stopping threads took: 0.0000440 seconds
55.914: Application time: 0.0565500 seconds
55.914: [GC [PSYoungGen: 15244K->1712K(15360K)] 35401K->22105K(49664K), 0.0006790 secs] [Times: user=0.01 sys=0.00, real=0.00 secs] 
55.915: Total time for which application threads were stopped: 0.0007950 seconds, Stopping threads took: 0.0000590 seconds
55.973: Application time: 0.0586300 seconds
55.973: [GC [PSYoungGen: 15021K->1440K(15360K)] 35415K->22073K(49664K), 0.0006720 secs] [Times: user=0.01 sys=0.00, real=0.00 secs] 
55.974: Total time for which application threads were stopped: 0.0007880 seconds, Stopping threads took: 0.0000610 seconds
56.033: Application time: 0.0591880 seconds
56.033: [GC [PSYoungGen: 14749K->1440K(15360K)] 35383K->22129K(49664K), 0.0006000 secs] [Times: user=0.00 sys=0.00, real=0.00 secs] 
56.034: Total time for which application threads were stopped: 0.0007090 seconds, Stopping threads took: 0.0000490 seconds
56.093: Application time: 0.0587390 seconds
56.096: [GC [PSYoungGen: 14749K->1440K(15360K)] 35439K->22129K(49664K), 0.0007920 secs] [Times: user=0.01 sys=0.00, real=0.00 secs] 
56.097: Total time for which application threads were stopped: 0.0043520 seconds, Stopping threads took: 0.0034830 seconds
56.157: Application time: 0.0598180 seconds
56.157: [GC [PSYoungGen: 14749K->1376K(15360K)] 35439K->22113K(49664K), 0.0006020 secs] [Times: user=0.01 sys=0.00, real=0.00 secs] 
56.158: Total time for which application threads were stopped: 0.0007320 seconds, Stopping threads took: 0.0000650 seconds
56.217: Application time: 0.0589100 seconds
56.217: [GC [PSYoungGen: 14685K->1424K(15360K)] 35423K->22161K(49664K), 0.0005730 secs] [Times: user=0.01 sys=0.00, real=0.00 secs] 
56.217: Total time for which application threads were stopped: 0.0006820 seconds, Stopping threads took: 0.0000520 seconds
56.278: Application time: 0.0607000 seconds
56.278: [GC [PSYoungGen: 14733K->1360K(15360K)] 35471K->22181K(49664K), 0.0006450 secs] [Times: user=0.01 sys=0.00, real=0.00 secs] 
56.279: Total time for which application threads were stopped: 0.0007690 seconds, Stopping threads took: 0.0000700 seconds
56.338: Application time: 0.0591320 seconds
56.338: [GC [PSYoungGen: 14669K->1248K(15360K)] 35491K->22141K(49664K), 0.0005800 secs] [Times: user=0.00 sys=0.00, real=0.00 secs] 
56.339: Total time for which application threads were stopped: 0.0007120 seconds, Stopping threads took: 0.0000760 seconds
56.398: Application time: 0.0589040 seconds
56.398: [GC [PSYoungGen: 14557K->1280K(15360K)] 35451K->22173K(49664K), 0.0005560 secs] [Times: user=0.00 sys=0.00, real=0.00 secs] 
56.398: Total time for which application threads were stopped: 0.0006660 seconds, Stopping threads took: 0.0000540 seconds
56.447: Application time: 0.0490480 seconds
56.447: [GC [PSYoungGen: 14590K->1472K(15360K)] 35484K->22365K(49664K), 0.0005790 secs] [Times: user=0.00 sys=0.00, real=0.00 secs] 
56.448: Total time for which application threads were stopped: 0.0006980 seconds, Stopping threads took: 0.0000550 seconds
56.497: Application time: 0.0490060 seconds
56.497: [GC [PSYoungGen: 14781K->1504K(15360K)] 35675K->22397K(49664K), 0.0005930 secs] [Times: user=0.00 sys=0.00, real=0.00 secs] 
56.498: Total time for which application threads were stopped: 0.0007020 seconds, Stopping threads took: 0.0000530 seconds
56.539: Application time: 0.0412910 seconds
56.539: [GC [PSYoungGen: 14813K->1280K(15360K)] 35707K->22590K(49664K), 0.0006240 secs] [Times: user=0.00 sys=0.00, real=0.00 secs] 
56.540: Total time for which application threads were stopped: 0.0007350 seconds, Stopping threads took: 0.0000570 seconds
56.594: Application time: 0.0546540 seconds
56.594: [GC [PSYoungGen: 14591K->1344K(15360K)] 35902K->22654K(49664K), 0.0005800 secs] [Times: user=0.00 sys=0.00, real=0.00 secs] 
56.595: Total time for which application threads were stopped: 0.0006920 seconds, Stopping threads took: 0.0000570 seconds
56.652: Application time: 0.0572860 seconds
56.652: [GC [PSYoungGen: 14655K->1344K(15360K)] 35966K->22654K(49664K), 0.0005340 secs] [Times: user=0.00 sys=0.00, real=0.00 secs] 
56.653: Total time for which application threads were stopped: 0.0006510 seconds, Stopping threads took: 0.0000610 seconds
56.712: Application time: 0.0586720 seconds
56.712: [GC [PSYoungGen: 14653K->672K(15360K)] 35964K->22592K(49664K), 0.0005930 secs] [Times: user=0.01 sys=0.00, real=0.00 secs] 
56.712: Total time for which application threads were stopped: 0.0007190 seconds, Stopping threads took: 0.0000580 seconds
56.772: Application time: 0.0592380 seconds
56.772: [GC [PSYoungGen: 13981K->448K(15360K)] 35901K->22724K(49664K), 0.0004900 secs] [Times: user=0.00 sys=0.00, real=0.00 secs] 
56.772: Total time for which application threads were stopped: 0.0006040 seconds, Stopping threads took: 0.0000540 seconds
56.831: Application time: 0.0584130 seconds
56.831: [GC [PSYoungGen: 13757K->480K(15360K)] 36034K->22756K(49664K), 0.0004470 secs] [Times: user=0.00 sys=0.00, real=0.00 secs] 
56.831: Total time for which application threads were stopped: 0.0005730 seconds, Stopping threads took: 0.0000700 seconds
56.888: Application time: 0.0563640 seconds
56.888: [GC [PSYoungGen: 13791K->512K(15360K)] 36068K->22788K(49664K), 0.0004600 secs] [Times: user=0.00 sys=0.00, real=0.00 secs] 
56.888: Total time for which application threads were stopped: 0.0005670 seconds, Stopping threads took: 0.0000530 seconds
56.945: Application time: 0.0565030 seconds
56.945: [GC [PSYoungGen: 13821K->544K(15360K)] 36097K->22820K(49664K), 0.0005400 secs] [Times: user=0.00 sys=0.00, real=0.00 secs] 
56.945: Total time for which application threads were stopped: 0.0006570 seconds, Stopping threads took: 0.0000610 seconds
56.980: Application time: 0.0345500 seconds
56.980: [GC [PSYoungGen: 13854K->960K(15360K)] 36130K->23236K(49664K), 0.0005160 secs] [Times: user=0.01 sys=0.00, real=0.01 secs] 
56.981: Total time for which application threads were stopped: 0.0006380 seconds, Stopping threads took: 0.0000650 seconds
57.023: Application time: 0.0427170 seconds
57.023: [GC [PSYoungGen: 14269K->1072K(15360K)] 36545K->23348K(49664K), 0.0005100 secs] [Times: user=0.00 sys=0.00, real=0.00 secs] 
57.024: Total time for which application threads were stopped: 0.0006210 seconds, Stopping threads took: 0.0000560 seconds
57.079: Application time: 0.0551130 seconds
57.079: [GC [PSYoungGen: 14381K->1008K(15360K)] 36657K->23284K(49664K), 0.0005090 secs] [Times: user=0.00 sys=0.00, real=0.00 secs] 
57.080: Total time for which application threads were stopped: 0.0006220 seconds, Stopping threads took: 0.0000570 seconds
57.127: Application time: 0.0478520 seconds
57.128: [GC [PSYoungGen: 14318K->1440K(15360K)] 36595K->23716K(49664K), 0.0005660 secs] [Times: user=0.00 sys=0.00, real=0.00 secs] 
57.128: Total time for which application threads were stopped: 0.0006780 seconds, Stopping threads took: 0.0000550 seconds
57.156: Application time: 0.0275700 seconds
57.156: [GC [PSYoungGen: 14751K->1728K(15360K)] 37028K->24004K(49664K), 0.0006580 secs] [Times: user=0.00 sys=0.00, real=0.00 secs] 
57.156: Total time for which application threads were stopped: 0.0007610 seconds, Stopping threads took: 0.0000470 seconds
57.190: Application time: 0.0339700 seconds
57.191: [GC [PSYoungGen: 15035K->2032K(15360K)] 37312K->24308K(49664K), 0.0007580 secs] [Times: user=0.00 sys=0.00, real=0.00 secs] 
57.191: Total time for which application threads were stopped: 0.0008630 seconds, Stopping threads took: 0.0000470 seconds
57.232: Application time: 0.0408370 seconds
57.232: [GC [PSYoungGen: 15343K->1888K(15360K)] 37619K->24164K(49664K), 0.0006980 secs] [Times: user=0.00 sys=0.00, real=0.00 secs] 
57.233: Total time for which application threads were stopped: 0.0008320 seconds, Stopping threads took: 0.0000610 seconds
57.288: Application time: 0.0547110 seconds
57.288: [GC [PSYoungGen: 15198K->1888K(15360K)] 37475K->24164K(49664K), 0.0007260 secs] [Times: user=0.00 sys=0.00, real=0.01 secs] 
57.289: Total time for which application threads were stopped: 0.0015870 seconds, Stopping threads took: 0.0000550 seconds
57.345: Application time: 0.0560670 seconds
57.345: [GC [PSYoungGen: 15196K->1952K(15360K)] 37472K->24228K(49664K), 0.0008030 secs] [Times: user=0.01 sys=0.00, real=0.00 secs] 
57.346: Total time for which application threads were stopped: 0.0009160 seconds, Stopping threads took: 0.0000540 seconds
57.401: Application time: 0.0548190 seconds
57.401: [GC [PSYoungGen: 15262K->1904K(15360K)] 37539K->24180K(49664K), 0.0007190 secs] [Times: user=0.01 sys=0.00, real=0.00 secs] 
57.402: Total time for which application threads were stopped: 0.0008200 seconds, Stopping threads took: 0.0000450 seconds
57.459: Application time: 0.0574080 seconds
57.459: [GC [PSYoungGen: 15213K->1920K(15360K)] 37490K->24196K(49664K), 0.0007050 secs] [Times: user=0.01 sys=0.00, real=0.00 secs] 
57.460: Total time for which application threads were stopped: 0.0008290 seconds, Stopping threads took: 0.0000660 seconds
57.518: Application time: 0.0575100 seconds
57.518: [GC [PSYoungGen: 15229K->1888K(15360K)] 37506K->24164K(49664K), 0.0007250 secs] [Times: user=0.00 sys=0.00, real=0.00 secs] 
57.519: Total time for which application threads were stopped: 0.0008360 seconds, Stopping threads took: 0.0000560 seconds
57.572: Application time: 0.0533920 seconds
57.572: [GC [PSYoungGen: 15198K->1952K(15360K)] 37474K->24228K(49664K), 0.0007030 secs] [Times: user=0.00 sys=0.00, real=0.00 secs] 
57.573: Total time for which application threads were stopped: 0.0007990 seconds, Stopping threads took: 0.0000360 seconds
57.629: Application time: 0.0560840 seconds
57.632: [GC [PSYoungGen: 15262K->1712K(15360K)] 37539K->24241K(49664K), 0.0007440 secs] [Times: user=0.00 sys=0.00, real=0.00 secs] 
57.633: Total time for which application threads were stopped: 0.0043000 seconds, Stopping threads took: 0.0035000 seconds
57.692: Application time: 0.0588820 seconds
57.692: [GC [PSYoungGen: 15021K->1504K(15360K)] 37550K->24269K(49664K), 0.0006550 secs] [Times: user=0.01 sys=0.00, real=0.00 secs] 
57.693: Total time for which application threads were stopped: 0.0007760 seconds, Stopping threads took: 0.0000600 seconds
57.752: Application time: 0.0587760 seconds
57.752: [GC [PSYoungGen: 14813K->1504K(15360K)] 37579K->24269K(49664K), 0.0005980 secs] [Times: user=0.00 sys=0.00, real=0.00 secs] 
57.752: Total time for which application threads were stopped: 0.0007360 seconds, Stopping threads took: 0.0000590 seconds
57.811: Application time: 0.0586520 seconds
57.811: [GC [PSYoungGen: 14813K->1408K(15360K)] 37579K->24221K(49664K), 0.0006300 secs] [Times: user=0.01 sys=0.00, real=0.00 secs] 
57.812: Total time for which application threads were stopped: 0.0007620 seconds, Stopping threads took: 0.0000760 seconds
57.871: Application time: 0.0592380 seconds
57.871: [GC [PSYoungGen: 14717K->1440K(15360K)] 37531K->24301K(49664K), 0.0006230 secs] [Times: user=0.01 sys=0.00, real=0.00 secs] 
57.872: Total time for which application threads were stopped: 0.0007560 seconds, Stopping threads took: 0.0000750 seconds
57.931: Application time: 0.0594460 seconds
57.931: [GC [PSYoungGen: 14749K->1408K(15360K)] 37611K->24269K(49664K), 0.0006170 secs] [Times: user=0.00 sys=0.00, real=0.00 secs] 
57.932: Total time for which application threads were stopped: 0.0007320 seconds, Stopping threads took: 0.0000560 seconds
57.991: Application time: 0.0592990 seconds
57.991: [GC [PSYoungGen: 14717K->1312K(15360K)] 37579K->24285K(49664K), 0.0006020 secs] [Times: user=0.00 sys=0.00, real=0.00 secs] 
57.992: Total time for which application threads were stopped: 0.0007110 seconds, Stopping threads took: 0.0000520 seconds
58.052: Application time: 0.0604860 seconds
58.052: [GC [PSYoungGen: 14621K->1312K(15360K)] 37595K->24334K(49664K), 0.0005440 secs] [Times: user=0.00 sys=0.00, real=0.00 secs] 
58.053: Total time for which application threads were stopped: 0.0006480 seconds, Stopping threads took: 0.0000500 seconds
58.112: Application time: 0.0594700 seconds
58.113: [GC [PSYoungGen: 14621K->1280K(15360K)] 37643K->24302K(49664K), 0.0004970 secs] [Times: user=0.01 sys=0.00, real=0.00 secs] 
58.113: Total time for which application threads were stopped: 0.0006040 seconds, Stopping threads took: 0.0000490 seconds
58.161: Application time: 0.0481270 seconds
58.161: [GC [PSYoungGen: 14587K->1472K(15360K)] 37609K->24494K(49664K), 0.0005690 secs] [Times: user=0.01 sys=0.00, real=0.00 secs] 
58.162: Total time for which application threads were stopped: 0.0006800 seconds, Stopping threads took: 0.0000550 seconds
58.211: Application time: 0.0486880 seconds
58.211: [GC [PSYoungGen: 14779K->1728K(15360K)] 37801K->24750K(49664K), 0.0006760 secs] [Times: user=0.00 sys=0.00, real=0.00 secs] 
58.211: Total time for which application threads were stopped: 0.0007920 seconds, Stopping threads took: 0.0000610 seconds
58.252: Application time: 0.0407870 seconds
58.252: [GC [PSYoungGen: 15036K->1344K(15360K)] 38057K->24775K(49664K), 0.0006150 secs] [Times: user=0.00 sys=0.00, real=0.00 secs] 
58.253: Total time for which application threads were stopped: 0.0007610 seconds, Stopping threads took: 0.0000800 seconds
58.309: Application time: 0.0561350 seconds
58.309: [GC [PSYoungGen: 14653K->1312K(15360K)] 38084K->24743K(49664K), 0.0005580 secs] [Times: user=0.00 sys=0.00, real=0.00 secs] 
58.310: Total time for which application threads were stopped: 0.0006760 seconds, Stopping threads took: 0.0000610 seconds
58.368: Application time: 0.0586490 seconds
58.372: [GC [PSYoungGen: 14623K->1248K(15360K)] 38054K->24679K(49664K), 0.0006160 secs] [Times: user=0.00 sys=0.00, real=0.00 secs] 
58.373: Total time for which application threads were stopped: 0.0045470 seconds, Stopping threads took: 0.0038740 seconds
58.432: Application time: 0.0586050 seconds
58.432: [GC [PSYoungGen: 14559K->864K(15360K)] 37990K->24720K(49664K), 0.0005560 secs] [Times: user=0.00 sys=0.00, real=0.00 secs] 
58.432: Total time for which application threads were stopped: 0.0006750 seconds, Stopping threads took: 0.0000620 seconds
58.491: Application time: 0.0590720 seconds
58.491: [GC [PSYoungGen: 14173K->544K(15360K)] 38029K->24801K(49664K), 0.0004780 secs] [Times: user=0.00 sys=0.00, real=0.00 secs] 
58.492: Total time for which application threads were stopped: 0.0005870 seconds, Stopping threads took: 0.0000550 seconds
58.550: Application time: 0.0583870 seconds
58.550: [GC [PSYoungGen: 13853K->672K(15360K)] 38110K->24929K(49664K), 0.0004880 secs] [Times: user=0.00 sys=0.00, real=0.00 secs] 
58.551: Total time for which application threads were stopped: 0.0005940 seconds, Stopping threads took: 0.0000500 seconds
58.607: Application time: 0.0563390 seconds
58.607: [GC [PSYoungGen: 13980K->576K(15360K)] 38238K->24833K(49664K), 0.0004320 secs] [Times: user=0.00 sys=0.00, real=0.00 secs] 
58.608: Total time for which application threads were stopped: 0.0005430 seconds, Stopping threads took: 0.0000580 seconds
58.664: Application time: 0.0564270 seconds
58.664: [GC [PSYoungGen: 13885K->544K(15360K)] 38142K->24801K(49664K), 0.0004860 secs] [Times: user=0.00 sys=0.00, real=0.00 secs] 
58.665: Total time for which application threads were stopped: 0.0006050 seconds, Stopping threads took: 0.0000570 seconds
58.701: Application time: 0.0359250 seconds
58.701: [GC [PSYoungGen: 13854K->960K(15360K)] 38111K->25217K(49664K), 0.0005510 secs] [Times: user=0.00 sys=0.00, real=0.00 secs] 
58.701: Total time for which application threads were stopped: 0.0006600 seconds, Stopping threads took: 0.0000560 seconds
58.743: Application time: 0.0413090 seconds
58.743: [GC [PSYoungGen: 14272K->992K(15360K)] 38529K->25249K(49664K), 0.0005690 secs] [Times: user=0.01 sys=0.00, real=0.00 secs] 
58.743: Total time for which application threads were stopped: 0.0006840 seconds, Stopping threads took: 0.0000600 seconds
58.799: Application time: 0.0552750 seconds
58.799: [GC [PSYoungGen: 14301K->1024K(15360K)] 38558K->25281K(49664K), 0.0005120 secs] [Times: user=0.00 sys=0.00, real=0.00 secs] 
58.799: Total time for which application threads were stopped: 0.0006280 seconds, Stopping threads took: 0.0000550 seconds
58.844: Application time: 0.0451820 seconds
58.845: [GC [PSYoungGen: 14332K->1456K(15360K)] 38589K->25713K(49664K), 0.0005900 secs] [Times: user=0.00 sys=0.00, real=0.00 secs] 
58.845: Total time for which application threads were stopped: 0.0007030 seconds, Stopping threads took: 0.0000580 seconds
58.875: Application time: 0.0297060 seconds
58.875: [GC [PSYoungGen: 14764K->1632K(15360K)] 39021K->25889K(49664K), 0.0006360 secs] [Times: user=0.01 sys=0.00, real=0.00 secs] 
58.876: Total time for which application threads were stopped: 0.0007250 seconds, Stopping threads took: 0.0000360 seconds
58.916: Application time: 0.0399610 seconds
58.916: [GC [PSYoungGen: 14941K->1760K(15360K)] 39199K->26017K(49664K), 0.0006490 secs] [Times: user=0.01 sys=0.00, real=0.00 secs] 
58.916: Total time for which application threads were stopped: 0.0007740 seconds, Stopping threads took: 0.0000660 seconds
58.957: Application time: 0.0403670 seconds
58.957: [GC [PSYoungGen: 15068K->1920K(15360K)] 39325K->26177K(49664K), 0.0007380 secs] [Times: user=0.00 sys=0.00, real=0.00 secs] 
58.958: Total time for which application threads were stopped: 0.0008430 seconds, Stopping threads took: 0.0000480 seconds
59.008: Application time: 0.0506230 seconds
59.008: [GC [PSYoungGen: 15231K->1904K(15360K)] 39488K->26161K(49664K), 0.0008180 secs] [Times: user=0.00 sys=0.00, real=0.00 secs] 
59.009: Total time for which application threads were stopped: 0.0009320 seconds, Stopping threads took: 0.0000560 seconds
59.065: Application time: 0.0559690 seconds
59.065: [GC [PSYoungGen: 15215K->1872K(15360K)] 39472K->26129K(49664K), 0.0006980 secs] [Times: user=0.01 sys=0.00, real=0.00 secs] 
59.066: Total time for which application threads were stopped: 0.0008000 seconds, Stopping threads took: 0.0000450 seconds
59.120: Application time: 0.0542640 seconds
59.120: [GC [PSYoungGen: 15111K->1792K(15360K)] 39369K->26049K(49664K), 0.0006590 secs] [Times: user=0.00 sys=0.00, real=0.00 secs] 
59.121: Total time for which application threads were stopped: 0.0007880 seconds, Stopping threads took: 0.0000670 seconds
59.178: Application time: 0.0567860 seconds
59.178: [GC [PSYoungGen: 15104K->1888K(15360K)] 39361K->26145K(49664K), 0.0007020 secs] [Times: user=0.01 sys=0.00, real=0.00 secs] 
59.179: Total time for which application threads were stopped: 0.0008210 seconds, Stopping threads took: 0.0000610 seconds
59.236: Application time: 0.0574730 seconds
59.236: [GC [PSYoungGen: 15197K->1888K(15360K)] 39454K->26145K(49664K), 0.0007260 secs] [Times: user=0.00 sys=0.00, real=0.00 secs] 
59.237: Total time for which application threads were stopped: 0.0008480 seconds, Stopping threads took: 0.0000640 seconds
59.290: Application time: 0.0535030 seconds
59.292: [GC [PSYoungGen: 15195K->1888K(15360K)] 39452K->26145K(49664K), 0.0007440 secs] [Times: user=0.00 sys=0.00, real=0.00 secs] 
59.293: Total time for which application threads were stopped: 0.0026820 seconds, Stopping threads took: 0.0018830 seconds
59.350: Application time: 0.0569000 seconds
59.350: [GC [PSYoungGen: 15196K->1696K(15360K)] 39454K->26189K(49664K), 0.0007240 secs] [Times: user=0.01 sys=0.00, real=0.00 secs] 
59.351: Total time for which application threads were stopped: 0.0008470 seconds, Stopping threads took: 0.0000590 seconds
59.408: Application time: 0.0576460 seconds
59.409: [GC [PSYoungGen: 15008K->1504K(15360K)] 39501K->26242K(49664K), 0.0006590 secs] [Times: user=0.00 sys=0.00, real=0.00 secs] 
59.409: Total time for which application threads were stopped: 0.0007760 seconds, Stopping threads took: 0.0000610 seconds
59.468: Application time: 0.0589100 seconds
59.472: [GC [PSYoungGen: 14813K->1440K(15360K)] 39551K->26178K(49664K), 0.0006130 secs] [Times: user=0.00 sys=0.00, real=0.00 secs] 
59.473: Total time for which application threads were stopped: 0.0047840 seconds, Stopping threads took: 0.0041130 seconds
59.532: Application time: 0.0595030 seconds
59.533: [GC [PSYoungGen: 14751K->1408K(15360K)] 39489K->26194K(49664K), 0.0006790 secs] [Times: user=0.00 sys=0.00, real=0.00 secs] 
59.533: Total time for which application threads were stopped: 0.0008130 seconds, Stopping threads took: 0.0000800 seconds
59.593: Application time: 0.0596470 seconds
59.593: [GC [PSYoungGen: 14717K->1392K(15360K)] 39503K->26226K(49664K), 0.0006010 secs] [Times: user=0.00 sys=0.00, real=0.00 secs] 
59.594: Total time for which application threads were stopped: 0.0007130 seconds, Stopping threads took: 0.0000540 seconds
59.652: Application time: 0.0588250 seconds
59.653: [GC [PSYoungGen: 14701K->1312K(15360K)] 39536K->26178K(49664K), 0.0006460 secs] [Times: user=0.00 sys=0.00, real=0.00 secs] 
59.653: Total time for which application threads were stopped: 0.0007720 seconds, Stopping threads took: 0.0000680 seconds
59.712: Application time: 0.0588530 seconds
59.712: [GC [PSYoungGen: 14621K->1344K(15360K)] 39488K->26266K(49664K), 0.0005970 secs] [Times: user=0.00 sys=0.00, real=0.00 secs] 
59.713: Total time for which application threads were stopped: 0.0007220 seconds, Stopping threads took: 0.0000670 seconds
59.772: Application time: 0.0593120 seconds
59.772: [GC [PSYoungGen: 14653K->1280K(15360K)] 39576K->26250K(49664K), 0.0005950 secs] [Times: user=0.01 sys=0.00, real=0.00 secs] 
59.773: Total time for which application threads were stopped: 0.0007010 seconds, Stopping threads took: 0.0000480 seconds
59.833: Application time: 0.0605230 seconds
59.833: [GC [PSYoungGen: 14591K->1312K(15360K)] 39562K->26322K(49664K), 0.0006330 secs] [Times: user=0.00 sys=0.00, real=0.00 secs] 
59.834: Total time for which application threads were stopped: 0.0007460 seconds, Stopping threads took: 0.0000580 seconds
59.882: Application time: 0.0481540 seconds
59.882: [GC [PSYoungGen: 14619K->1440K(15360K)] 39630K->26450K(49664K), 0.0005910 secs] [Times: user=0.00 sys=0.00, real=0.00 secs] 
59.883: Total time for which application threads were stopped: 0.0007140 seconds, Stopping threads took: 0.0000550 seconds
59.933: Application time: 0.0499760 seconds
59.933: [GC [PSYoungGen: 14747K->1536K(15360K)] 39758K->26546K(49664K), 0.0006160 secs] [Times: user=0.00 sys=0.00, real=0.00 secs] 
59.934: Total time for which application threads were stopped: 0.0007220 seconds, Stopping threads took: 0.0000490 seconds
59.975: Application time: 0.0410520 seconds
59.975: [GC [PSYoungGen: 14845K->1408K(15360K)] 39855K->26699K(49664K), 0.0006460 secs] [Times: user=0.00 sys=0.00, real=0.00 secs] 
59.975: Total time for which application threads were stopped: 0.0007630 seconds, Stopping threads took: 0.0000620 seconds
60.030: Application time: 0.0545120 seconds
60.030: [GC [PSYoungGen: 14719K->1344K(15360K)] 40010K->26771K(49664K), 0.0005850 secs] [Times: user=0.01 sys=0.00, real=0.00 secs] 
60.031: Total time for which application threads were stopped: 0.0006890 seconds, Stopping threads took: 0.0000470 seconds
60.088: Application time: 0.0575630 seconds
60.088: [GC [PSYoungGen: 14655K->1312K(15360K)] 40083K->26739K(49664K), 0.0005430 secs] [Times: user=0.01 sys=0.00, real=0.00 secs] 
60.089: Total time for which application threads were stopped: 0.0006620 seconds, Stopping threads took: 0.0000660 seconds
60.148: Application time: 0.0587120 seconds
60.148: [GC [PSYoungGen: 14621K->864K(15360K)] 40049K->26696K(49664K), 0.0006310 secs] [Times: user=0.01 sys=0.00, real=0.01 secs] 
60.148: Total time for which application threads were stopped: 0.0007490 seconds, Stopping threads took: 0.0000610 seconds
60.207: Application time: 0.0590270 seconds
60.208: [GC [PSYoungGen: 14175K->704K(15360K)] 40007K->26752K(49664K), 0.0005070 secs] [Times: user=0.01 sys=0.00, real=0.00 secs] 
60.208: Total time for which application threads were stopped: 0.0006220 seconds, Stopping threads took: 0.0000570 seconds
60.266: Application time: 0.0583660 seconds
60.266: [GC [PSYoungGen: 14013K->480K(15360K)] 40061K->26740K(49664K), 0.0005310 secs] [Times: user=0.00 sys=0.00, real=0.00 secs] 
60.267: Total time for which application threads were stopped: 0.0006370 seconds, Stopping threads took: 0.0000530 seconds
60.323: Application time: 0.0563090 seconds
60.323: [GC [PSYoungGen: 13791K->560K(15360K)] 40052K->26820K(49664K), 0.0004330 secs] [Times: user=0.01 sys=0.00, real=0.00 secs] 
60.324: Total time for which application threads were stopped: 0.0005410 seconds, Stopping threads took: 0.0000540 seconds
60.381: Application time: 0.0575910 seconds
60.382: [GC [PSYoungGen: 13871K->544K(15360K)] 40132K->26804K(49664K), 0.0004590 secs] [Times: user=0.00 sys=0.00, real=0.00 secs] 
60.382: Total time for which application threads were stopped: 0.0005620 seconds, Stopping threads took: 0.0000530 seconds
60.421: Application time: 0.0392970 seconds
60.421: [GC [PSYoungGen: 13855K->976K(15360K)] 40116K->27236K(49664K), 0.0005650 secs] [Times: user=0.00 sys=0.00, real=0.00 secs] 
60.422: Total time for which application threads were stopped: 0.0006910 seconds, Stopping threads took: 0.0000600 seconds
60.460: Application time: 0.0381360 seconds
60.460: [GC [PSYoungGen: 14283K->992K(15360K)] 40544K->27252K(49664K), 0.0005900 secs] [Times: user=0.00 sys=0.00, real=0.00 secs] 
60.461: Total time for which application threads were stopped: 0.0006970 seconds, Stopping threads took: 0.0000480 seconds
60.517: Application time: 0.0560080 seconds
60.517: [GC [PSYoungGen: 14303K->1072K(15360K)] 40563K->27332K(49664K), 0.0005150 secs] [Times: user=0.00 sys=0.00, real=0.00 secs] 
60.518: Total time for which application threads were stopped: 0.0006230 seconds, Stopping threads took: 0.0000500 seconds
60.566: Application time: 0.0488960 seconds
60.567: [GC [PSYoungGen: 14380K->1200K(15360K)] 40641K->27460K(49664K), 0.0005970 secs] [Times: user=0.00 sys=0.00, real=0.00 secs] 
60.567: Total time for which application threads were stopped: 0.0007090 seconds, Stopping threads took: 0.0000570 seconds
60.593: Application time: 0.0262310 seconds
60.593: [GC [PSYoungGen: 14508K->1760K(15360K)] 40769K->28020K(49664K), 0.0006670 secs] [Times: user=0.00 sys=0.00, real=0.00 secs] 
60.594: Total time for which application threads were stopped: 0.0007640 seconds, Stopping threads took: 0.0000430 seconds
60.633: Application time: 0.0386620 seconds
60.633: [GC [PSYoungGen: 15069K->1728K(15360K)] 41330K->27988K(49664K), 0.0006650 secs] [Times: user=0.01 sys=0.00, real=0.00 secs] 
60.634: Total time for which application threads were stopped: 0.0007680 seconds, Stopping threads took: 0.0000460 seconds
60.675: Application time: 0.0412440 seconds
60.675: [GC [PSYoungGen: 15035K->1936K(15360K)] 41296K->28196K(49664K), 0.0007480 secs] [Times: user=0.00 sys=0.00, real=0.00 secs] 
60.676: Total time for which application threads were stopped: 0.0008560 seconds, Stopping threads took: 0.0000510 seconds
60.725: Application time: 0.0491600 seconds
60.725: [GC [PSYoungGen: 15247K->1920K(15360K)] 41508K->28180K(49664K), 0.0007030 secs] [Times: user=0.00 sys=0.00, real=0.00 secs] 
60.726: Total time for which application threads were stopped: 0.0008230 seconds, Stopping threads took: 0.0000610 seconds
60.782: Application time: 0.0559310 seconds
60.782: [GC [PSYoungGen: 15231K->1936K(15360K)] 41492K->28197K(49664K), 0.0007060 secs] [Times: user=0.00 sys=0.00, real=0.00 secs] 
60.782: Total time for which application threads were stopped: 0.0008180 seconds, Stopping threads took: 0.0000460 seconds
60.837: Application time: 0.0543950 seconds
60.837: [GC [PSYoungGen: 15246K->1936K(15360K)] 41507K->28197K(49664K), 0.0008320 secs] [Times: user=0.00 sys=0.00, real=0.00 secs] 
60.838: Total time for which application threads were stopped: 0.0009360 seconds, Stopping threads took: 0.0000470 seconds
60.894: Application time: 0.0564350 seconds
60.894: [GC [PSYoungGen: 15247K->1952K(15360K)] 41508K->28212K(49664K), 0.0007130 secs] [Times: user=0.00 sys=0.00, real=0.00 secs] 
60.895: Total time for which application threads were stopped: 0.0008210 seconds, Stopping threads took: 0.0000490 seconds
60.953: Application time: 0.0576350 seconds
60.953: [GC [PSYoungGen: 15261K->1904K(15360K)] 41522K->28164K(49664K), 0.0007050 secs] [Times: user=0.01 sys=0.00, real=0.00 secs] 
60.953: Total time for which application threads were stopped: 0.0008280 seconds, Stopping threads took: 0.0000570 seconds
61.006: Application time: 0.0530170 seconds
61.007: [GC [PSYoungGen: 15164K->1808K(15360K)] 41425K->28068K(49664K), 0.0006850 secs] [Times: user=0.00 sys=0.00, real=0.00 secs] 
61.007: Total time for which application threads were stopped: 0.0007960 seconds, Stopping threads took: 0.0000550 seconds
61.065: Application time: 0.0573590 seconds
61.065: [GC [PSYoungGen: 15116K->1632K(15360K)] 41377K->28145K(49664K), 0.0007230 secs] [Times: user=0.01 sys=0.00, real=0.00 secs] 
61.065: Total time for which application threads were stopped: 0.0008420 seconds, Stopping threads took: 0.0000610 seconds
61.123: Application time: 0.0570940 seconds
61.123: [GC [PSYoungGen: 14940K->1504K(15360K)] 41453K->28254K(49664K), 0.0006230 secs] [Times: user=0.00 sys=0.00, real=0.00 secs] 
61.123: Total time for which application threads were stopped: 0.0007230 seconds, Stopping threads took: 0.0000420 seconds
61.182: Application time: 0.0588010 seconds
61.182: [GC [PSYoungGen: 14813K->1504K(15360K)] 41563K->28254K(49664K), 0.0006400 secs] [Times: user=0.01 sys=0.00, real=0.00 secs] 
61.183: Total time for which application threads were stopped: 0.0007560 seconds, Stopping threads took: 0.0000560 seconds
61.242: Application time: 0.0588760 seconds
61.242: [GC [PSYoungGen: 14813K->1408K(15360K)] 41563K->28206K(49664K), 0.0006440 secs] [Times: user=0.00 sys=0.00, real=0.00 secs] 
61.242: Total time for which application threads were stopped: 0.0007560 seconds, Stopping threads took: 0.0000570 seconds
61.302: Application time: 0.0597260 seconds
61.304: [GC [PSYoungGen: 14717K->1360K(15360K)] 41515K->28206K(49664K), 0.0006240 secs] [Times: user=0.00 sys=0.00, real=0.00 secs] 
61.305: Total time for which application threads were stopped: 0.0027430 seconds, Stopping threads took: 0.0020610 seconds
61.364: Application time: 0.0593450 seconds
61.364: [GC [PSYoungGen: 14669K->1408K(15360K)] 41515K->28302K(49664K), 0.0006010 secs] [Times: user=0.00 sys=0.00, real=0.00 secs] 
61.365: Total time for which application threads were stopped: 0.0007180 seconds, Stopping threads took: 0.0000590 seconds
61.424: Application time: 0.0593320 seconds
61.424: [GC [PSYoungGen: 14717K->1344K(15360K)] 41611K->28286K(49664K), 0.0005740 secs] [Times: user=0.01 sys=0.00, real=0.00 secs] 
61.425: Total time for which application threads were stopped: 0.0006930 seconds, Stopping threads took: 0.0000640 seconds
61.484: Application time: 0.0591160 seconds
61.484: [GC [PSYoungGen: 14653K->1328K(15360K)] 41595K->28326K(49664K), 0.0005760 secs] [Times: user=0.00 sys=0.00, real=0.00 secs] 
61.485: Total time for which application threads were stopped: 0.0007030 seconds, Stopping threads took: 0.0000620 seconds
61.544: Application time: 0.0591760 seconds
61.544: [GC [PSYoungGen: 14637K->1216K(15360K)] 41635K->28262K(49664K), 0.0005790 secs] [Times: user=0.00 sys=0.00, real=0.00 secs] 
61.545: Total time for which application threads were stopped: 0.0006990 seconds, Stopping threads took: 0.0000630 seconds
61.594: Application time: 0.0489130 seconds
61.594: [GC [PSYoungGen: 14526K->1472K(15360K)] 41572K->28518K(49664K), 0.0006380 secs] [Times: user=0.00 sys=0.00, real=0.00 secs] 
61.594: Total time for which application threads were stopped: 0.0007540 seconds, Stopping threads took: 0.0000590 seconds
61.644: Application time: 0.0490820 seconds
61.644: [GC [PSYoungGen: 14781K->1472K(15360K)] 41827K->28518K(49664K), 0.0005810 secs] [Times: user=0.00 sys=0.00, real=0.00 secs] 
61.644: Total time for which application threads were stopped: 0.0007060 seconds, Stopping threads took: 0.0000650 seconds
61.686: Application time: 0.0417050 seconds
61.686: [GC [PSYoungGen: 14781K->1472K(15360K)] 41827K->28722K(49664K), 0.0006620 secs] [Times: user=0.01 sys=0.00, real=0.00 secs] 
61.687: Total time for which application threads were stopped: 0.0007730 seconds, Stopping threads took: 0.0000550 seconds
61.741: Application time: 0.0545430 seconds
61.741: [GC [PSYoungGen: 14783K->1280K(15360K)] 42034K->28735K(49664K), 0.0006510 secs] [Times: user=0.01 sys=0.00, real=0.00 secs] 
61.742: Total time for which application threads were stopped: 0.0007620 seconds, Stopping threads took: 0.0000550 seconds
61.799: Application time: 0.0572090 seconds
61.799: [GC [PSYoungGen: 14591K->1280K(15360K)] 42046K->28735K(49664K), 0.0005900 secs] [Times: user=0.01 sys=0.00, real=0.00 secs] 
61.800: Total time for which application threads were stopped: 0.0007040 seconds, Stopping threads took: 0.0000560 seconds
61.860: Application time: 0.0599640 seconds
61.860: [GC [PSYoungGen: 14589K->800K(15360K)] 42044K->28740K(49664K), 0.0006030 secs] [Times: user=0.00 sys=0.00, real=0.01 secs] 
61.861: Total time for which application threads were stopped: 0.0007300 seconds, Stopping threads took: 0.0000680 seconds
61.920: Application time: 0.0596160 seconds
61.920: [GC [PSYoungGen: 14109K->704K(15360K)] 42050K->28804K(49664K), 0.0004750 secs] [Times: user=0.01 sys=0.00, real=0.00 secs] 
61.921: Total time for which application threads were stopped: 0.0005840 seconds, Stopping threads took: 0.0000550 seconds
61.979: Application time: 0.0584930 seconds
61.979: [GC [PSYoungGen: 14013K->480K(15360K)] 42114K->28796K(49664K), 0.0004820 secs] [Times: user=0.00 sys=0.00, real=0.00 secs] 
61.980: Total time for which application threads were stopped: 0.0005920 seconds, Stopping threads took: 0.0000550 seconds
62.036: Application time: 0.0563420 seconds
62.036: [GC [PSYoungGen: 13788K->576K(15360K)] 42105K->28892K(49664K), 0.0004290 secs] [Times: user=0.00 sys=0.00, real=0.00 secs] 
62.037: Total time for which application threads were stopped: 0.0005370 seconds, Stopping threads took: 0.0000430 seconds
62.094: Application time: 0.0573140 seconds
62.094: [GC [PSYoungGen: 13887K->608K(15360K)] 42204K->28924K(49664K), 0.0004450 secs] [Times: user=0.00 sys=0.00, real=0.00 secs] 
62.095: Total time for which application threads were stopped: 0.0005600 seconds, Stopping threads took: 0.0000600 seconds
62.135: Application time: 0.0407400 seconds
62.136: [GC [PSYoungGen: 13916K->960K(15360K)] 42233K->29276K(49664K), 0.0005110 secs] [Times: user=0.00 sys=0.00, real=0.00 secs] 
62.136: Total time for which application threads were stopped: 0.0006290 seconds, Stopping threads took: 0.0000650 seconds
62.172: Application time: 0.0363240 seconds
62.172: [GC [PSYoungGen: 14269K->1008K(15360K)] 42586K->29324K(49664K), 0.0005480 secs] [Times: user=0.00 sys=0.00, real=0.00 secs] 
62.173: Total time for which application threads were stopped: 0.0006540 seconds, Stopping threads took: 0.0000480 seconds
62.229: Application time: 0.0558480 seconds
62.229: [GC [PSYoungGen: 14319K->1040K(15360K)] 42636K->29356K(49664K), 0.0005340 secs] [Times: user=0.00 sys=0.00, real=0.00 secs] 
62.230: Total time for which application threads were stopped: 0.0006460 seconds, Stopping threads took: 0.0000560 seconds
62.278: Application time: 0.0485840 seconds
62.278: [GC [PSYoungGen: 14350K->1264K(15360K)] 42667K->29581K(49664K), 0.0005520 secs] [Times: user=0.00 sys=0.00, real=0.00 secs] 
62.279: Total time for which application threads were stopped: 0.0006660 seconds, Stopping threads took: 0.0000580 seconds
62.307: Application time: 0.0286860 seconds
62.308: [GC [PSYoungGen: 14575K->1680K(15360K)] 42892K->29997K(49664K), 0.0022150 secs] [Times: user=0.01 sys=0.00, real=0.01 secs] 
62.310: Total time for which application threads were stopped: 0.0023270 seconds, Stopping threads took: 0.0000530 seconds
62.348: Application time: 0.0377690 seconds
62.348: [GC [PSYoungGen: 14987K->1728K(15360K)] 43304K->30045K(49664K), 0.0006950 secs] [Times: user=0.00 sys=0.00, real=0.00 secs] 
62.349: Total time for which application threads were stopped: 0.0014840 seconds, Stopping threads took: 0.0007290 seconds
62.393: Application time: 0.0437620 seconds
62.393: [GC [PSYoungGen: 15035K->1936K(15360K)] 43352K->30253K(49664K), 0.0007150 secs] [Times: user=0.00 sys=0.00, real=0.00 secs] 
62.394: Total time for which application threads were stopped: 0.0008260 seconds, Stopping threads took: 0.0000570 seconds
62.441: Application time: 0.0469060 seconds
62.441: [GC [PSYoungGen: 15247K->1984K(15360K)] 43564K->30301K(49664K), 0.0007100 secs] [Times: user=0.00 sys=0.00, real=0.00 secs] 
62.441: Total time for which application threads were stopped: 0.0008110 seconds, Stopping threads took: 0.0000440 seconds
62.498: Application time: 0.0562870 seconds
62.498: [GC [PSYoungGen: 15292K->1936K(15360K)] 43609K->30253K(49664K), 0.0007250 secs] [Times: user=0.00 sys=0.00, real=0.00 secs] 
62.499: Total time for which application threads were stopped: 0.0008540 seconds, Stopping threads took: 0.0000690 seconds
62.553: Application time: 0.0544890 seconds
62.553: [GC [PSYoungGen: 15244K->1904K(15360K)] 43561K->30221K(49664K), 0.0007550 secs] [Times: user=0.00 sys=0.00, real=0.00 secs] 
62.554: Total time for which application threads were stopped: 0.0008840 seconds, Stopping threads took: 0.0000640 seconds
62.611: Application time: 0.0567800 seconds
62.611: [GC [PSYoungGen: 15215K->1904K(15360K)] 43532K->30221K(49664K), 0.0007280 secs] [Times: user=0.01 sys=0.00, real=0.00 secs] 
62.612: Total time for which application threads were stopped: 0.0008410 seconds, Stopping threads took: 0.0000560 seconds
62.669: Application time: 0.0577580 seconds
62.669: [GC [PSYoungGen: 15213K->1968K(15360K)] 43530K->30285K(49664K), 0.0007880 secs] [Times: user=0.00 sys=0.00, real=0.00 secs] 
62.670: Total time for which application threads were stopped: 0.0009100 seconds, Stopping threads took: 0.0000660 seconds
62.724: Application time: 0.0536920 seconds
62.724: [GC [PSYoungGen: 15277K->1904K(15360K)] 43594K->30221K(49664K), 0.0007120 secs] [Times: user=0.01 sys=0.00, real=0.00 secs] 
62.725: Total time for which application threads were stopped: 0.0008280 seconds, Stopping threads took: 0.0000570 seconds
62.782: Application time: 0.0571310 seconds
62.782: [GC [PSYoungGen: 15215K->1648K(15360K)] 43532K->30217K(49664K), 0.0007670 secs] [Times: user=0.00 sys=0.00, real=0.00 secs] 
62.783: Total time for which application threads were stopped: 0.0008870 seconds, Stopping threads took: 0.0000640 seconds
62.839: Application time: 0.0565200 seconds
62.839: [GC [PSYoungGen: 14959K->1760K(15360K)] 43529K->30377K(49664K), 0.0007010 secs] [Times: user=0.00 sys=0.00, real=0.00 secs] 
62.840: Total time for which application threads were stopped: 0.0008220 seconds, Stopping threads took: 0.0000630 seconds
62.899: Application time: 0.0587780 seconds
62.899: [GC [PSYoungGen: 15069K->1504K(15360K)] 43687K->30334K(49664K), 0.0006450 secs] [Times: user=0.00 sys=0.00, real=0.00 secs] 
62.900: Total time for which application threads were stopped: 0.0007800 seconds, Stopping threads took: 0.0000780 seconds
62.958: Application time: 0.0586140 seconds
62.958: [GC [PSYoungGen: 14813K->1440K(15360K)] 43643K->30310K(49664K), 0.0006280 secs] [Times: user=0.00 sys=0.00, real=0.00 secs] 
62.959: Total time for which application threads were stopped: 0.0007480 seconds, Stopping threads took: 0.0000660 seconds
63.018: Application time: 0.0591570 seconds
63.018: [GC [PSYoungGen: 14749K->1376K(15360K)] 43619K->30302K(49664K), 0.0006100 secs] [Times: user=0.01 sys=0.00, real=0.00 secs] 
63.019: Total time for which application threads were stopped: 0.0007370 seconds, Stopping threads took: 0.0000620 seconds
63.078: Application time: 0.0592110 seconds
63.078: [GC [PSYoungGen: 14685K->1376K(15360K)] 43611K->30350K(49664K), 0.0005900 secs] [Times: user=0.00 sys=0.00, real=0.00 secs] 
63.079: Total time for which application threads were stopped: 0.0007040 seconds, Stopping threads took: 0.0000480 seconds
63.138: Application time: 0.0593480 seconds
63.138: [GC [PSYoungGen: 14685K->1312K(15360K)] 43659K->30326K(49664K), 0.0005800 secs] [Times: user=0.00 sys=0.00, real=0.00 secs] 
63.139: Total time for which application threads were stopped: 0.0006820 seconds, Stopping threads took: 0.0000480 seconds
63.198: Application time: 0.0592500 seconds
63.198: [GC [PSYoungGen: 14621K->1312K(15360K)] 43635K->30366K(49664K), 0.0005620 secs] [Times: user=0.01 sys=0.00, real=0.00 secs] 
63.199: Total time for which application threads were stopped: 0.0006920 seconds, Stopping threads took: 0.0000720 seconds
63.258: Application time: 0.0595430 seconds
63.258: [GC [PSYoungGen: 14621K->1280K(15360K)] 43675K->30374K(49664K), 0.0005720 secs] [Times: user=0.00 sys=0.00, real=0.00 secs] 
63.259: Total time for which application threads were stopped: 0.0007000 seconds, Stopping threads took: 0.0000720 seconds
63.313: Application time: 0.0542430 seconds
63.313: [GC [PSYoungGen: 14588K->1472K(15360K)] 43683K->30566K(49664K), 0.0006050 secs] [Times: user=0.00 sys=0.00, real=0.00 secs] 
63.314: Total time for which application threads were stopped: 0.0007120 seconds, Stopping threads took: 0.0000520 seconds
63.358: Application time: 0.0439750 seconds
63.358: [GC [PSYoungGen: 14781K->1440K(15360K)] 43875K->30534K(49664K), 0.0006200 secs] [Times: user=0.00 sys=0.00, real=0.00 secs] 
63.359: Total time for which application threads were stopped: 0.0007340 seconds, Stopping threads took: 0.0000600 seconds
63.403: Application time: 0.0446690 seconds
63.404: [GC [PSYoungGen: 14751K->1536K(15360K)] 43845K->30866K(49664K), 0.0006230 secs] [Times: user=0.00 sys=0.00, real=0.00 secs] 
63.404: Total time for which application threads were stopped: 0.0007560 seconds, Stopping threads took: 0.0000760 seconds
63.456: Application time: 0.0517800 seconds
63.456: [GC [PSYoungGen: 14846K->1280K(15360K)] 44177K->30823K(49664K), 0.0006050 secs] [Times: user=0.00 sys=0.00, real=0.00 secs] 
63.457: Total time for which application threads were stopped: 0.0007180 seconds, Stopping threads took: 0.0000580 seconds
63.514: Application time: 0.0573560 seconds
63.514: [GC [PSYoungGen: 14588K->1248K(15360K)] 44132K->30791K(49664K), 0.0005930 secs] [Times: user=0.00 sys=0.00, real=0.00 secs] 
63.515: Total time for which application threads were stopped: 0.0007070 seconds, Stopping threads took: 0.0000580 seconds
63.574: Application time: 0.0589410 seconds
63.574: [GC [PSYoungGen: 14557K->896K(15360K)] 44100K->30856K(49664K), 0.0005560 secs] [Times: user=0.01 sys=0.00, real=0.00 secs] 
63.574: Total time for which application threads were stopped: 0.0006890 seconds, Stopping threads took: 0.0000740 seconds
63.633: Application time: 0.0584010 seconds
63.633: [GC [PSYoungGen: 14205K->704K(15360K)] 44165K->30888K(49664K), 0.0005000 secs] [Times: user=0.01 sys=0.00, real=0.00 secs] 
63.633: Total time for which application threads were stopped: 0.0006240 seconds, Stopping threads took: 0.0000590 seconds
63.692: Application time: 0.0591150 seconds
63.693: [GC [PSYoungGen: 14013K->480K(15360K)] 44197K->30885K(49664K), 0.0004920 secs] [Times: user=0.00 sys=0.00, real=0.00 secs] 
63.693: Total time for which application threads were stopped: 0.0006040 seconds, Stopping threads took: 0.0000590 seconds
63.750: Application time: 0.0564930 seconds
63.750: [GC [PSYoungGen: 13791K->544K(15360K)] 44196K->30949K(49664K), 0.0004640 secs] [Times: user=0.00 sys=0.00, real=0.00 secs] 
63.750: Total time for which application threads were stopped: 0.0005690 seconds, Stopping threads took: 0.0000500 seconds
63.808: Application time: 0.0576170 seconds
63.808: [GC [PSYoungGen: 13855K->576K(15360K)] 44260K->30981K(49664K), 0.0004660 secs] [Times: user=0.00 sys=0.00, real=0.01 secs] 
63.808: Total time for which application threads were stopped: 0.0005700 seconds, Stopping threads took: 0.0000460 seconds
63.847: Application time: 0.0389190 seconds
63.847: [GC [PSYoungGen: 13886K->1088K(15360K)] 44291K->31493K(49664K), 0.0005440 secs] [Times: user=0.00 sys=0.00, real=0.00 secs] 
63.848: Total time for which application threads were stopped: 0.0006430 seconds, Stopping threads took: 0.0000410 seconds
63.886: Application time: 0.0381240 seconds
63.886: [GC [PSYoungGen: 14395K->992K(15360K)] 44800K->31397K(49664K), 0.0004930 secs] [Times: user=0.00 sys=0.00, real=0.00 secs] 
63.887: Total time for which application threads were stopped: 0.0006110 seconds, Stopping threads took: 0.0000600 seconds
63.943: Application time: 0.0560250 seconds
63.943: [GC [PSYoungGen: 14301K->1040K(15360K)] 44706K->31445K(49664K), 0.0005180 secs] [Times: user=0.00 sys=0.00, real=0.00 secs] 
63.943: Total time for which application threads were stopped: 0.0006370 seconds, Stopping threads took: 0.0000590 seconds
63.992: Application time: 0.0488340 seconds
63.992: [GC [PSYoungGen: 14351K->1232K(15360K)] 44756K->31637K(49664K), 0.0006020 secs] [Times: user=0.00 sys=0.00, real=0.00 secs] 
63.993: Total time for which application threads were stopped: 0.0007200 seconds, Stopping threads took: 0.0000570 seconds
64.025: Application time: 0.0318710 seconds
64.025: [GC [PSYoungGen: 14542K->1728K(15360K)] 44947K->32133K(49664K), 0.0006670 secs] [Times: user=0.00 sys=0.00, real=0.00 secs] 
64.026: Total time for which application threads were stopped: 0.0007800 seconds, Stopping threads took: 0.0000560 seconds
64.061: Application time: 0.0358320 seconds
64.061: [GC [PSYoungGen: 15037K->1728K(15360K)] 45442K->32133K(49664K), 0.0006600 secs] [Times: user=0.00 sys=0.00, real=0.00 secs] 
64.062: Total time for which application threads were stopped: 0.0007600 seconds, Stopping threads took: 0.0000440 seconds
64.104: Application time: 0.0420700 seconds
64.104: [GC [PSYoungGen: 15038K->1952K(15360K)] 45443K->32357K(49664K), 0.0007130 secs] [Times: user=0.00 sys=0.00, real=0.00 secs] 
64.105: Total time for which application threads were stopped: 0.0008410 seconds, Stopping threads took: 0.0000740 seconds
64.151: Application time: 0.0461410 seconds
64.151: [GC [PSYoungGen: 15262K->1936K(15360K)] 45667K->32341K(49664K), 0.0007130 secs] [Times: user=0.01 sys=0.00, real=0.00 secs] 
64.152: Total time for which application threads were stopped: 0.0008400 seconds, Stopping threads took: 0.0000590 seconds
64.208: Application time: 0.0556710 seconds
64.208: [GC [PSYoungGen: 15245K->1872K(15360K)] 45650K->32277K(49664K), 0.0007180 secs] [Times: user=0.00 sys=0.00, real=0.01 secs] 
64.209: Total time for which application threads were stopped: 0.0008310 seconds, Stopping threads took: 0.0000550 seconds
64.263: Application time: 0.0545340 seconds
64.263: [GC [PSYoungGen: 15182K->1968K(15360K)] 45587K->32373K(49664K), 0.0007310 secs] [Times: user=0.00 sys=0.00, real=0.00 secs] 
64.264: Total time for which application threads were stopped: 0.0008370 seconds, Stopping threads took: 0.0000530 seconds
64.321: Application time: 0.0571060 seconds
64.321: [GC [PSYoungGen: 15279K->1968K(15360K)] 45684K->32373K(49664K), 0.0007180 secs] [Times: user=0.00 sys=0.00, real=0.00 secs] 
64.322: Total time for which application threads were stopped: 0.0008450 seconds, Stopping threads took: 0.0000690 seconds
64.379: Application time: 0.0575690 seconds
64.380: [GC [PSYoungGen: 15277K->1872K(15360K)] 45682K->32277K(49664K), 0.0007200 secs] [Times: user=0.01 sys=0.00, real=0.01 secs] 
64.380: Total time for which application threads were stopped: 0.0008490 seconds, Stopping threads took: 0.0000710 seconds
64.435: Application time: 0.0549570 seconds
64.435: [GC [PSYoungGen: 15180K->1920K(15360K)] 45585K->32325K(49664K), 0.0007010 secs] [Times: user=0.00 sys=0.00, real=0.00 secs] 
64.436: Total time for which application threads were stopped: 0.0008140 seconds, Stopping threads took: 0.0000580 seconds
64.491: Application time: 0.0552610 seconds
64.491: [GC [PSYoungGen: 15230K->1776K(15360K)] 45635K->32409K(49664K), 0.0007140 secs] [Times: user=0.00 sys=0.00, real=0.00 secs] 
64.492: Total time for which application threads were stopped: 0.0008220 seconds, Stopping threads took: 0.0000510 seconds
64.549: Application time: 0.0566670 seconds
64.549: [GC [PSYoungGen: 15084K->1696K(15360K)] 45718K->32377K(49664K), 0.0006830 secs] [Times: user=0.00 sys=0.00, real=0.00 secs] 
64.550: Total time for which application threads were stopped: 0.0007930 seconds, Stopping threads took: 0.0000550 seconds
64.609: Application time: 0.0591180 seconds
64.609: [GC [PSYoungGen: 15005K->1408K(15360K)] 45687K->32326K(49664K), 0.0006540 secs] [Times: user=0.01 sys=0.00, real=0.00 secs] 
64.609: Total time for which application threads were stopped: 0.0007550 seconds, Stopping threads took: 0.0000430 seconds
64.668: Application time: 0.0587250 seconds
64.668: [GC [PSYoungGen: 14717K->1408K(15360K)] 45635K->32374K(49664K), 0.0006720 secs] [Times: user=0.00 sys=0.00, real=0.00 secs] 
64.669: Total time for which application threads were stopped: 0.0008010 seconds, Stopping threads took: 0.0000640 seconds
64.728: Application time: 0.0588450 seconds
64.728: [GC [PSYoungGen: 14717K->1440K(15360K)] 45683K->32454K(49664K), 0.0006050 secs] [Times: user=0.00 sys=0.00, real=0.01 secs] 
64.729: Total time for which application threads were stopped: 0.0007240 seconds, Stopping threads took: 0.0000610 seconds
64.787: Application time: 0.0588280 seconds
64.788: [GC [PSYoungGen: 14749K->1376K(15360K)] 45763K->32438K(49664K), 0.0006070 secs] [Times: user=0.00 sys=0.00, real=0.00 secs] 
64.788: Total time for which application threads were stopped: 0.0007180 seconds, Stopping threads took: 0.0000570 seconds
64.847: Application time: 0.0589920 seconds
64.847: [GC [PSYoungGen: 14685K->1360K(15360K)] 45747K->32462K(49664K), 0.0005810 secs] [Times: user=0.00 sys=0.00, real=0.00 secs] 
64.848: Total time for which application threads were stopped: 0.0006850 seconds, Stopping threads took: 0.0000470 seconds
64.908: Application time: 0.0606320 seconds
64.909: [GC [PSYoungGen: 14669K->1296K(15360K)] 45771K->32398K(49664K), 0.0005160 secs] [Times: user=0.00 sys=0.00, real=0.00 secs] 
64.909: Total time for which application threads were stopped: 0.0006060 seconds, Stopping threads took: 0.0000410 seconds
64.968: Application time: 0.0593380 seconds
64.968: [GC [PSYoungGen: 14605K->1312K(15360K)] 45707K->32494K(49664K), 0.0005820 secs] [Times: user=0.01 sys=0.00, real=0.00 secs] 
64.969: Total time for which application threads were stopped: 0.0006920 seconds, Stopping threads took: 0.0000530 seconds
65.020: Application time: 0.0510250 seconds
65.020: [GC [PSYoungGen: 14620K->1472K(15360K)] 45802K->32654K(49664K), 0.0006180 secs] [Times: user=0.00 sys=0.00, real=0.01 secs] 
65.021: Total time for which application threads were stopped: 0.0007330 seconds, Stopping threads took: 0.0000600 seconds
65.068: Application time: 0.0475860 seconds
65.069: [GC [PSYoungGen: 14783K->1504K(15360K)] 45966K->32686K(49664K), 0.0005960 secs] [Times: user=0.01 sys=0.00, real=0.00 secs] 
65.069: Total time for which application threads were stopped: 0.0007070 seconds, Stopping threads took: 0.0000530 seconds
65.119: Application time: 0.0501100 seconds
65.119: [GC [PSYoungGen: 14816K->1472K(15360K)] 45998K->32878K(49664K), 0.0006000 secs] [Times: user=0.00 sys=0.00, real=0.00 secs] 
65.120: Total time for which application threads were stopped: 0.0007290 seconds, Stopping threads took: 0.0000700 seconds
65.167: Application time: 0.0467740 seconds
65.167: [GC [PSYoungGen: 14783K->1312K(15360K)] 46190K->32926K(49664K), 0.0006450 secs] [Times: user=0.00 sys=0.00, real=0.00 secs] 
65.168: Total time for which application threads were stopped: 0.0007400 seconds, Stopping threads took: 0.0000430 seconds
65.225: Application time: 0.0573450 seconds
65.225: [GC [PSYoungGen: 14623K->1312K(15360K)] 46237K->32926K(49664K), 0.0005750 secs] [Times: user=0.00 sys=0.00, real=0.00 secs] 
65.226: Total time for which application threads were stopped: 0.0007050 seconds, Stopping threads took: 0.0000510 seconds
65.286: Application time: 0.0600460 seconds
65.286: [GC [PSYoungGen: 14621K->1056K(15360K)] 46235K->32891K(49664K), 0.0005420 secs] [Times: user=0.01 sys=0.00, real=0.00 secs] 
65.286: Total time for which application threads were stopped: 0.0006530 seconds, Stopping threads took: 0.0000550 seconds
65.345: Application time: 0.0585470 seconds
65.348: [GC [PSYoungGen: 14365K->672K(15360K)] 46200K->32916K(49664K), 0.0005670 secs] [Times: user=0.00 sys=0.00, real=0.00 secs] 
65.349: Total time for which application threads were stopped: 0.0041580 seconds, Stopping threads took: 0.0035320 seconds
65.408: Application time: 0.0586050 seconds
65.408: [GC [PSYoungGen: 13981K->512K(15360K)] 46225K->32968K(49664K), 0.0004740 secs] [Times: user=0.00 sys=0.00, real=0.00 secs] 
65.408: Total time for which application threads were stopped: 0.0006070 seconds, Stopping threads took: 0.0000770 seconds
65.465: Application time: 0.0563720 seconds
65.465: [GC [PSYoungGen: 13820K->544K(15360K)] 46277K->33000K(49664K), 0.0004330 secs] [Times: user=0.01 sys=0.00, real=0.00 secs] 
65.465: Total time for which application threads were stopped: 0.0005660 seconds, Stopping threads took: 0.0000740 seconds
65.524: Application time: 0.0584150 seconds
65.524: [GC [PSYoungGen: 13853K->512K(15360K)] 46310K->32968K(49664K), 0.0004650 secs] [Times: user=0.00 sys=0.00, real=0.00 secs] 
65.524: Total time for which application threads were stopped: 0.0005700 seconds, Stopping threads took: 0.0000490 seconds
65.562: Application time: 0.0379350 seconds
65.562: [GC [PSYoungGen: 13821K->992K(15360K)] 46277K->33448K(49664K), 0.0005240 secs] [Times: user=0.00 sys=0.00, real=0.00 secs] 
65.563: Total time for which application threads were stopped: 0.0006400 seconds, Stopping threads took: 0.0000610 seconds
65.600: Application time: 0.0375230 seconds
65.600: [GC [PSYoungGen: 14302K->1024K(15360K)] 46758K->33480K(49664K), 0.0005200 secs] [Times: user=0.00 sys=0.00, real=0.00 secs] 
65.601: Total time for which application threads were stopped: 0.0006210 seconds, Stopping threads took: 0.0000480 seconds
65.656: Application time: 0.0555520 seconds
65.656: [GC [PSYoungGen: 14333K->1056K(15360K)] 46789K->33512K(49664K), 0.0005200 secs] [Times: user=0.01 sys=0.00, real=0.00 secs] 
65.657: Total time for which application threads were stopped: 0.0006310 seconds, Stopping threads took: 0.0000550 seconds
65.711: Application time: 0.0534870 seconds
65.711: [GC [PSYoungGen: 14365K->1088K(15360K)] 46822K->33544K(49664K), 0.0005500 secs] [Times: user=0.00 sys=0.00, real=0.00 secs] 
65.711: Total time for which application threads were stopped: 0.0006750 seconds, Stopping threads took: 0.0000690 seconds
65.744: Application time: 0.0329880 seconds
65.744: [GC [PSYoungGen: 14342K->1600K(15360K)] 46799K->34056K(49664K), 0.0007000 secs] [Times: user=0.00 sys=0.00, real=0.00 secs] 
65.745: Total time for which application threads were stopped: 0.0008580 seconds, Stopping threads took: 0.0000890 seconds
65.778: Application time: 0.0325350 seconds
65.778: [GC [PSYoungGen: 14909K->1712K(15360K)] 47365K->34168K(49664K), 0.0006640 secs] [Times: user=0.00 sys=0.00, real=0.00 secs] 
65.778: Total time for which application threads were stopped: 0.0007780 seconds, Stopping threads took: 0.0000550 seconds
65.817: Application time: 0.0384410 seconds
65.820: [GC [PSYoungGen: 15020K->1968K(15360K)] 47477K->34424K(49664K), 0.0007480 secs] [Times: user=0.00 sys=0.00, real=0.00 secs] 
65.821: Total time for which application threads were stopped: 0.0043090 seconds, Stopping threads took: 0.0034990 seconds
65.870: Application time: 0.0483950 seconds
65.870: [GC [PSYoungGen: 15278K->1952K(15360K)] 47735K->34408K(49664K), 0.0007120 secs] [Times: user=0.00 sys=0.00, real=0.00 secs] 
65.870: Total time for which application threads were stopped: 0.0008270 seconds, Stopping threads took: 0.0000580 seconds
65.926: Application time: 0.0557890 seconds
65.926: [GC [PSYoungGen: 15261K->1872K(15360K)] 47717K->34328K(49664K), 0.0007150 secs] [Times: user=0.00 sys=0.00, real=0.00 secs] 
65.927: Total time for which application threads were stopped: 0.0008280 seconds, Stopping threads took: 0.0000560 seconds
65.982: Application time: 0.0553590 seconds
65.982: [GC [PSYoungGen: 15182K->1904K(15360K)] 47638K->34360K(49664K), 0.0007040 secs] [Times: user=0.01 sys=0.00, real=0.00 secs] 
65.983: Total time for which application threads were stopped: 0.0008180 seconds, Stopping threads took: 0.0000570 seconds
66.039: Application time: 0.0558360 seconds
66.039: [GC [PSYoungGen: 15212K->1888K(15360K)] 47669K->34344K(49664K), 0.0007090 secs] [Times: user=0.01 sys=0.00, real=0.00 secs] 
66.040: Total time for which application threads were stopped: 0.0008280 seconds, Stopping threads took: 0.0000620 seconds
66.098: Application time: 0.0586080 seconds
66.099: [GC [PSYoungGen: 15199K->1872K(15360K)] 47656K->34328K(49664K), 0.0007190 secs] [Times: user=0.00 sys=0.00, real=0.00 secs] 
66.099: Total time for which application threads were stopped: 0.0008480 seconds, Stopping threads took: 0.0000700 seconds
66.154: Application time: 0.0550440 seconds
66.156: [GC [PSYoungGen: 15180K->1984K(15360K)] 47637K->34440K(49664K), 0.0007510 secs] [Times: user=0.01 sys=0.00, real=0.00 secs] 
66.157: Total time for which application threads were stopped: 0.0027850 seconds, Stopping threads took: 0.0019770 seconds
66.213: Application time: 0.0556510 seconds
66.213: [GC [PSYoungGen: 15294K->1760K(15360K)] 47751K->34461K(49664K), 0.0007250 secs] [Times: user=0.00 sys=0.00, real=0.00 secs] 
66.214: Total time for which application threads were stopped: 0.0008720 seconds, Stopping threads took: 0.0000840 seconds
66.270: Application time: 0.0568630 seconds
66.271: [GC [PSYoungGen: 15068K->1680K(15360K)] 47770K->34381K(49664K), 0.0006660 secs] [Times: user=0.00 sys=0.00, real=0.00 secs] 
66.271: Total time for which application threads were stopped: 0.0007840 seconds, Stopping threads took: 0.0000540 seconds
66.330: Application time: 0.0588480 seconds
66.332: [GC [PSYoungGen: 14989K->1536K(15360K)] 47690K->34497K(49664K), 0.0006590 secs] [Times: user=0.00 sys=0.00, real=0.00 secs] 
66.333: Total time for which application threads were stopped: 0.0028700 seconds, Stopping threads took: 0.0021570 seconds
66.392: Application time: 0.0588940 seconds
66.392: [GC [PSYoungGen: 14845K->1376K(15360K)] 47807K->34377K(49664K), 0.0006330 secs] [Times: user=0.00 sys=0.00, real=0.00 secs] 
66.393: Total time for which application threads were stopped: 0.0007510 seconds, Stopping threads took: 0.0000630 seconds
66.452: Application time: 0.0596450 seconds
66.452: [GC [PSYoungGen: 14688K->1408K(15360K)] 47689K->34457K(49664K), 0.0006090 secs] [Times: user=0.01 sys=0.00, real=0.00 secs] 
66.453: Total time for which application threads were stopped: 0.0007350 seconds, Stopping threads took: 0.0000660 seconds
66.512: Application time: 0.0593150 seconds
66.512: [GC [PSYoungGen: 14717K->1360K(15360K)] 47767K->34449K(49664K), 0.0006240 secs] [Times: user=0.01 sys=0.00, real=0.00 secs] 
66.513: Total time for which application threads were stopped: 0.0007510 seconds, Stopping threads took: 0.0000660 seconds
66.573: Application time: 0.0594060 seconds
66.573: [GC [PSYoungGen: 14669K->1344K(15360K)] 47759K->34497K(49664K), 0.0006000 secs] [Times: user=0.00 sys=0.00, real=0.00 secs] 
66.573: Total time for which application threads were stopped: 0.0007070 seconds, Stopping threads took: 0.0000510 seconds
66.633: Application time: 0.0594770 seconds
66.633: [GC [PSYoungGen: 14653K->1312K(15360K)] 47807K->34465K(49664K), 0.0005950 secs] [Times: user=0.00 sys=0.00, real=0.00 secs] 
66.633: Total time for which application threads were stopped: 0.0007040 seconds, Stopping threads took: 0.0000550 seconds
66.693: Application time: 0.0592250 seconds
66.693: [GC [PSYoungGen: 14621K->1312K(15360K)] 47775K->34538K(49664K), 0.0006560 secs] [Times: user=0.00 sys=0.00, real=0.00 secs] 
66.693: Total time for which application threads were stopped: 0.0007670 seconds, Stopping threads took: 0.0000450 seconds
66.742: Application time: 0.0482930 seconds
66.742: [GC [PSYoungGen: 14619K->1472K(15360K)] 47845K->34698K(49664K), 0.0006570 secs] [Times: user=0.00 sys=0.00, real=0.00 secs] 
66.742: Total time for which application threads were stopped: 0.0007670 seconds, Stopping threads took: 0.0000550 seconds
66.792: Application time: 0.0495640 seconds
66.792: [GC [PSYoungGen: 14783K->1504K(15360K)] 48009K->34730K(49664K), 0.0006000 secs] [Times: user=0.00 sys=0.00, real=0.00 secs] 
66.793: Total time for which application threads were stopped: 0.0007260 seconds, Stopping threads took: 0.0000610 seconds
66.842: Application time: 0.0492340 seconds
66.842: [GC [PSYoungGen: 14815K->1696K(15360K)] 48041K->34922K(49664K), 0.0006320 secs] [Times: user=0.00 sys=0.00, real=0.00 secs] 
66.843: Total time for which application threads were stopped: 0.0007450 seconds, Stopping threads took: 0.0000560 seconds
66.890: Application time: 0.0470060 seconds
66.890: [GC [PSYoungGen: 15007K->1280K(15360K)] 48233K->34942K(49664K), 0.0006280 secs] [Times: user=0.00 sys=0.00, real=0.00 secs] 
66.891: Total time for which application threads were stopped: 0.0007480 seconds, Stopping threads took: 0.0000630 seconds
66.947: Application time: 0.0568270 seconds
66.947: [GC [PSYoungGen: 14591K->1344K(15360K)] 48253K->35006K(49664K), 0.0005680 secs] [Times: user=0.00 sys=0.00, real=0.00 secs] 
66.948: Total time for which application threads were stopped: 0.0006870 seconds, Stopping threads took: 0.0000650 seconds
67.007: Application time: 0.0588780 seconds
67.007: [GC [PSYoungGen: 14653K->1088K(15360K)] 48316K->34955K(49664K), 0.0005680 secs] [Times: user=0.00 sys=0.00, real=0.00 secs] 
67.008: Total time for which application threads were stopped: 0.0006860 seconds, Stopping threads took: 0.0000640 seconds
67.066: Application time: 0.0587400 seconds
67.066: [GC [PSYoungGen: 14397K->672K(15360K)] 48264K->34964K(49664K), 0.0005180 secs] [Times: user=0.01 sys=0.00, real=0.00 secs] 
67.067: [Full GC [PSYoungGen: 672K->0K(15360K)] [ParOldGen: 34292K->3455K(34304K)] 34964K->3455K(49664K) [PSPermGen: 5547K->5544K(21504K)], 0.0071970 secs] [Times: user=0.03 sys=0.00, real=0.01 secs] 
67.074: Total time for which application threads were stopped: 0.0078840 seconds, Stopping threads took: 0.0000630 seconds
67.133: Application time: 0.0589780 seconds
67.133: [GC [PSYoungGen: 13309K->0K(15360K)] 16764K->3455K(49664K), 0.0003490 secs] [Times: user=0.00 sys=0.00, real=0.00 secs] 
67.134: Total time for which application threads were stopped: 0.0004500 seconds, Stopping threads took: 0.0000450 seconds
67.190: Application time: 0.0564830 seconds
67.190: [GC [PSYoungGen: 13311K->384K(15360K)] 16766K->3839K(49664K), 0.0003830 secs] [Times: user=0.00 sys=0.00, real=0.00 secs] 
67.191: Total time for which application threads were stopped: 0.0005130 seconds, Stopping threads took: 0.0000740 seconds
67.249: Application time: 0.0582360 seconds
67.249: [GC [PSYoungGen: 13693K->352K(15360K)] 17148K->3807K(49664K), 0.0003730 secs] [Times: user=0.00 sys=0.00, real=0.00 secs] 
67.249: Total time for which application threads were stopped: 0.0005010 seconds, Stopping threads took: 0.0000710 seconds
67.295: Application time: 0.0454500 seconds
67.295: [GC [PSYoungGen: 13662K->1024K(15360K)] 17117K->4479K(49664K), 0.0004790 secs] [Times: user=0.00 sys=0.00, real=0.00 secs] 
67.295: Total time for which application threads were stopped: 0.0005840 seconds, Stopping threads took: 0.0000410 seconds
67.330: Application time: 0.0342300 seconds
67.330: [GC [PSYoungGen: 14335K->960K(15360K)] 17791K->4415K(49664K), 0.0005320 secs] [Times: user=0.00 sys=0.00, real=0.00 secs] 
67.331: Total time for which application threads were stopped: 0.0017020 seconds, Stopping threads took: 0.0000730 seconds
67.385: Application time: 0.0534670 seconds
67.385: [GC [PSYoungGen: 14269K->1008K(15360K)] 17724K->4463K(49664K), 0.0005350 secs] [Times: user=0.00 sys=0.00, real=0.00 secs] 
67.386: Total time for which application threads were stopped: 0.0006740 seconds, Stopping threads took: 0.0000810 seconds
67.437: Application time: 0.0515530 seconds
67.437: [GC [PSYoungGen: 14319K->1280K(15360K)] 17775K->4735K(49664K), 0.0005310 secs] [Times: user=0.00 sys=0.00, real=0.00 secs] 
67.438: Total time for which application threads were stopped: 0.0006410 seconds, Stopping threads took: 0.0000520 seconds
67.472: Application time: 0.0342950 seconds
67.472: [GC [PSYoungGen: 14591K->1600K(15360K)] 18046K->5055K(49664K), 0.0006170 secs] [Times: user=0.00 sys=0.00, real=0.00 secs] 
67.473: Total time for which application threads were stopped: 0.0007390 seconds, Stopping threads took: 0.0000640 seconds
67.503: Application time: 0.0303940 seconds
67.503: [GC [PSYoungGen: 14908K->1664K(15360K)] 18363K->5119K(49664K), 0.0006160 secs] [Times: user=0.00 sys=0.00, real=0.00 secs] 
67.504: Total time for which application threads were stopped: 0.0007370 seconds, Stopping threads took: 0.0000640 seconds
67.542: Application time: 0.0385580 seconds
67.543: [GC [PSYoungGen: 14972K->1872K(15360K)] 18427K->5327K(49664K), 0.0006770 secs] [Times: user=0.00 sys=0.00, real=0.00 secs] 
67.543: Total time for which application threads were stopped: 0.0007930 seconds, Stopping threads took: 0.0000570 seconds
67.591: Application time: 0.0477380 seconds
67.591: [GC [PSYoungGen: 15181K->1968K(15360K)] 18636K->5423K(49664K), 0.0006660 secs] [Times: user=0.00 sys=0.00, real=0.00 secs] 
67.592: Total time for which application threads were stopped: 0.0007520 seconds, Stopping threads took: 0.0000300 seconds
67.647: Application time: 0.0557020 seconds
67.648: [GC [PSYoungGen: 15277K->1952K(15360K)] 18732K->5407K(49664K), 0.0007350 secs] [Times: user=0.00 sys=0.00, real=0.01 secs] 
67.648: Total time for which application threads were stopped: 0.0008430 seconds, Stopping threads took: 0.0000520 seconds
67.705: Application time: 0.0567440 seconds
67.705: [GC [PSYoungGen: 15263K->1968K(15360K)] 18718K->5423K(49664K), 0.0007130 secs] [Times: user=0.01 sys=0.00, real=0.00 secs] 
67.706: Total time for which application threads were stopped: 0.0008380 seconds, Stopping threads took: 0.0000660 seconds
67.761: Application time: 0.0548810 seconds
67.761: [GC [PSYoungGen: 15278K->1920K(15360K)] 18734K->5375K(49664K), 0.0007410 secs] [Times: user=0.00 sys=0.00, real=0.00 secs] 
67.762: Total time for which application threads were stopped: 0.0008370 seconds, Stopping threads took: 0.0000400 seconds
67.820: Application time: 0.0579770 seconds
67.820: [GC [PSYoungGen: 15229K->1824K(15360K)] 18684K->5279K(49664K), 0.0006630 secs] [Times: user=0.00 sys=0.00, real=0.01 secs] 
67.820: Total time for which application threads were stopped: 0.0007920 seconds, Stopping threads took: 0.0000590 seconds
67.876: Application time: 0.0558420 seconds
67.876: [GC [PSYoungGen: 15136K->1776K(15360K)] 18591K->5231K(49664K), 0.0006300 secs] [Times: user=0.01 sys=0.00, real=0.00 secs] 
67.877: Total time for which application threads were stopped: 0.0007600 seconds, Stopping threads took: 0.0000730 seconds
67.933: Application time: 0.0557980 seconds
67.933: [GC [PSYoungGen: 15087K->1760K(15360K)] 18542K->5459K(49664K), 0.0006430 secs] [Times: user=0.00 sys=0.00, real=0.00 secs] 
67.934: Total time for which application threads were stopped: 0.0007500 seconds, Stopping threads took: 0.0000560 seconds
67.990: Application time: 0.0568100 seconds
67.990: [GC [PSYoungGen: 15068K->1728K(15360K)] 18768K->5427K(49664K), 0.0006010 secs] [Times: user=0.00 sys=0.00, real=0.00 secs] 
67.991: Total time for which application threads were stopped: 0.0007200 seconds, Stopping threads took: 0.0000630 seconds
68.050: Application time: 0.0591420 seconds
68.050: [GC [PSYoungGen: 15037K->1440K(15360K)] 18737K->5388K(49664K), 0.0006860 secs] [Times: user=0.00 sys=0.00, real=0.00 secs] 
68.051: Total time for which application threads were stopped: 0.0008030 seconds, Stopping threads took: 0.0000570 seconds
68.111: Application time: 0.0598880 seconds
68.111: [GC [PSYoungGen: 14749K->1504K(15360K)] 18697K->5451K(49664K), 0.0005850 secs] [Times: user=0.00 sys=0.00, real=0.00 secs] 
68.112: Total time for which application threads were stopped: 0.0006960 seconds, Stopping threads took: 0.0000510 seconds
68.171: Application time: 0.0589770 seconds
68.171: [GC [PSYoungGen: 14813K->1424K(15360K)] 18761K->5420K(49664K), 0.0005640 secs] [Times: user=0.00 sys=0.00, real=0.00 secs] 
68.171: Total time for which application threads were stopped: 0.0006640 seconds, Stopping threads took: 0.0000440 seconds
68.230: Application time: 0.0588860 seconds
68.230: [GC [PSYoungGen: 14733K->1408K(15360K)] 18729K->5452K(49664K), 0.0005840 secs] [Times: user=0.00 sys=0.00, real=0.00 secs] 
68.231: Total time for which application threads were stopped: 0.0007000 seconds, Stopping threads took: 0.0000610 seconds
68.291: Application time: 0.0604780 seconds
68.291: [GC [PSYoungGen: 14717K->1328K(15360K)] 18761K->5412K(49664K), 0.0006130 secs] [Times: user=0.00 sys=0.00, real=0.00 secs] 
68.292: Total time for which application threads were stopped: 0.0007270 seconds, Stopping threads took: 0.0000590 seconds
68.351: Application time: 0.0590750 seconds
68.351: [GC [PSYoungGen: 14637K->1312K(15360K)] 18721K->5476K(49664K), 0.0005900 secs] [Times: user=0.00 sys=0.00, real=0.00 secs] 
68.352: Total time for which application threads were stopped: 0.0007020 seconds, Stopping threads took: 0.0000480 seconds
68.411: Application time: 0.0587850 seconds
68.411: [GC [PSYoungGen: 14621K->1312K(15360K)] 18785K->5524K(49664K), 0.0005930 secs] [Times: user=0.00 sys=0.00, real=0.00 secs] 
68.411: Total time for which application threads were stopped: 0.0007190 seconds, Stopping threads took: 0.0000680 seconds
68.463: Application time: 0.0517760 seconds
68.463: [GC [PSYoungGen: 14622K->1504K(15360K)] 18834K->5716K(49664K), 0.0006010 secs] [Times: user=0.01 sys=0.00, real=0.00 secs] 
68.464: Total time for which application threads were stopped: 0.0007040 seconds, Stopping threads took: 0.0000470 seconds
68.510: Application time: 0.0464080 seconds
68.510: [GC [PSYoungGen: 14813K->1504K(15360K)] 19025K->5716K(49664K), 0.0005620 secs] [Times: user=0.00 sys=0.00, real=0.00 secs] 
68.511: Total time for which application threads were stopped: 0.0006730 seconds, Stopping threads took: 0.0000570 seconds
68.562: Application time: 0.0515360 seconds
68.562: [GC [PSYoungGen: 14815K->1664K(15360K)] 19027K->5876K(49664K), 0.0005870 secs] [Times: user=0.01 sys=0.00, real=0.00 secs] 
68.563: Total time for which application threads were stopped: 0.0006940 seconds, Stopping threads took: 0.0000530 seconds
68.608: Application time: 0.0447020 seconds
68.608: [GC [PSYoungGen: 14975K->1248K(15360K)] 19187K->5869K(49664K), 0.0005910 secs] [Times: user=0.00 sys=0.00, real=0.01 secs] 
68.609: Total time for which application threads were stopped: 0.0007110 seconds, Stopping threads took: 0.0000620 seconds
68.666: Application time: 0.0572430 seconds
68.666: [GC [PSYoungGen: 14559K->1312K(15360K)] 19180K->5933K(49664K), 0.0005710 secs] [Times: user=0.00 sys=0.00, real=0.00 secs] 
68.666: Total time for which application threads were stopped: 0.0006900 seconds, Stopping threads took: 0.0000640 seconds
68.725: Application time: 0.0586380 seconds
68.725: [GC [PSYoungGen: 14621K->1056K(15360K)] 19242K->5881K(49664K), 0.0005250 secs] [Times: user=0.00 sys=0.00, real=0.00 secs] 
68.726: Total time for which application threads were stopped: 0.0006380 seconds, Stopping threads took: 0.0000570 seconds
68.785: Application time: 0.0590580 seconds
68.785: [GC [PSYoungGen: 14365K->704K(15360K)] 19191K->5922K(49664K), 0.0005090 secs] [Times: user=0.00 sys=0.00, real=0.00 secs] 
68.785: Total time for which application threads were stopped: 0.0006390 seconds, Stopping threads took: 0.0000720 seconds
68.844: Application time: 0.0585260 seconds
68.844: [GC [PSYoungGen: 14013K->512K(15360K)] 19232K->5946K(49664K), 0.0004480 secs] [Times: user=0.00 sys=0.00, real=0.00 secs] 
68.845: Total time for which application threads were stopped: 0.0005740 seconds, Stopping threads took: 0.0000710 seconds
68.901: Application time: 0.0564010 seconds
68.901: [GC [PSYoungGen: 13820K->512K(15360K)] 19255K->5946K(49664K), 0.0003980 secs] [Times: user=0.00 sys=0.00, real=0.00 secs] 
68.901: Total time for which application threads were stopped: 0.0005010 seconds, Stopping threads took: 0.0000430 seconds
68.960: Application time: 0.0584860 seconds
68.960: [GC [PSYoungGen: 13821K->512K(15360K)] 19256K->5946K(49664K), 0.0004550 secs] [Times: user=0.00 sys=0.00, real=0.01 secs] 
68.960: Total time for which application threads were stopped: 0.0005590 seconds, Stopping threads took: 0.0000490 seconds
69.007: Application time: 0.0462020 seconds
69.007: [GC [PSYoungGen: 13822K->832K(15360K)] 19256K->6266K(49664K), 0.0004390 secs] [Times: user=0.00 sys=0.00, real=0.00 secs] 
69.007: Total time for which application threads were stopped: 0.0005590 seconds, Stopping threads took: 0.0000640 seconds
69.043: Application time: 0.0354280 seconds
69.043: [GC [PSYoungGen: 14139K->1024K(15360K)] 19574K->6458K(49664K), 0.0004740 secs] [Times: user=0.00 sys=0.00, real=0.00 secs] 
69.043: Total time for which application threads were stopped: 0.0005800 seconds, Stopping threads took: 0.0000530 seconds
69.095: Application time: 0.0521730 seconds
69.096: [GC [PSYoungGen: 14335K->992K(15360K)] 19770K->6426K(49664K), 0.0004910 secs] [Times: user=0.00 sys=0.00, real=0.00 secs] 
69.096: Total time for which application threads were stopped: 0.0006100 seconds, Stopping threads took: 0.0000660 seconds
69.145: Application time: 0.0492800 seconds
69.145: [GC [PSYoungGen: 14302K->1264K(15360K)] 19737K->6698K(49664K), 0.0005490 secs] [Times: user=0.00 sys=0.00, real=0.00 secs] 
69.146: Total time for which application threads were stopped: 0.0006650 seconds, Stopping threads took: 0.0000590 seconds
69.185: Application time: 0.0387690 seconds
69.185: [GC [PSYoungGen: 14572K->1440K(15360K)] 20007K->6874K(49664K), 0.0006130 secs] [Times: user=0.01 sys=0.00, real=0.00 secs] 
69.186: Total time for which application threads were stopped: 0.0007190 seconds, Stopping threads took: 0.0000500 seconds
69.218: Application time: 0.0325540 seconds
69.218: [GC [PSYoungGen: 14750K->1696K(15360K)] 20185K->7131K(49664K), 0.0006210 secs] [Times: user=0.00 sys=0.00, real=0.00 secs] 
69.219: Total time for which application threads were stopped: 0.0007290 seconds, Stopping threads took: 0.0000510 seconds
69.253: Application time: 0.0340230 seconds
69.253: [GC [PSYoungGen: 15006K->1920K(15360K)] 20441K->7355K(49664K), 0.0006940 secs] [Times: user=0.01 sys=0.00, real=0.00 secs] 
69.254: Total time for which application threads were stopped: 0.0008080 seconds, Stopping threads took: 0.0000550 seconds
69.303: Application time: 0.0490210 seconds
69.303: [GC [PSYoungGen: 15198K->1760K(15360K)] 20632K->7194K(49664K), 0.0006630 secs] [Times: user=0.00 sys=0.00, real=0.00 secs] 
69.303: Total time for which application threads were stopped: 0.0007810 seconds, Stopping threads took: 0.0000630 seconds
69.359: Application time: 0.0553350 seconds
69.359: [GC [PSYoungGen: 15068K->1904K(15360K)] 20503K->7339K(49664K), 0.0006800 secs] [Times: user=0.01 sys=0.00, real=0.00 secs] 
69.360: Total time for which application threads were stopped: 0.0007810 seconds, Stopping threads took: 0.0000450 seconds
69.416: Application time: 0.0569480 seconds
69.417: [GC [PSYoungGen: 15213K->1856K(15360K)] 20648K->7290K(49664K), 0.0006790 secs] [Times: user=0.01 sys=0.00, real=0.00 secs] 
69.417: Total time for which application threads were stopped: 0.0008070 seconds, Stopping threads took: 0.0000600 seconds
69.472: Application time: 0.0551670 seconds
69.473: [GC [PSYoungGen: 15164K->1872K(15360K)] 20599K->7307K(49664K), 0.0006610 secs] [Times: user=0.00 sys=0.00, real=0.00 secs] 
69.473: Total time for which application threads were stopped: 0.0008380 seconds, Stopping threads took: 0.0001230 seconds
69.531: Application time: 0.0574370 seconds
69.531: [GC [PSYoungGen: 15181K->1920K(15360K)] 20616K->7354K(49664K), 0.0007070 secs] [Times: user=0.00 sys=0.00, real=0.00 secs] 
69.532: Total time for which application threads were stopped: 0.0008320 seconds, Stopping threads took: 0.0000690 seconds
69.588: Application time: 0.0568650 seconds
69.589: [GC [PSYoungGen: 15228K->1968K(15360K)] 20663K->7403K(49664K), 0.0006850 secs] [Times: user=0.00 sys=0.00, real=0.00 secs] 
69.589: Total time for which application threads were stopped: 0.0007990 seconds, Stopping threads took: 0.0000590 seconds
69.643: Application time: 0.0538480 seconds
69.643: [GC [PSYoungGen: 15278K->1712K(15360K)] 20713K->7399K(49664K), 0.0006690 secs] [Times: user=0.00 sys=0.00, real=0.00 secs] 
69.644: Total time for which application threads were stopped: 0.0007770 seconds, Stopping threads took: 0.0000480 seconds
69.701: Application time: 0.0573620 seconds
69.701: [GC [PSYoungGen: 15023K->1680K(15360K)] 20710K->7367K(49664K), 0.0006190 secs] [Times: user=0.00 sys=0.00, real=0.00 secs] 
69.702: Total time for which application threads were stopped: 0.0007280 seconds, Stopping threads took: 0.0000550 seconds
69.761: Application time: 0.0587750 seconds
69.761: [GC [PSYoungGen: 14989K->1472K(15360K)] 20677K->7399K(49664K), 0.0006710 secs] [Times: user=0.00 sys=0.00, real=0.00 secs] 
69.762: Total time for which application threads were stopped: 0.0007850 seconds, Stopping threads took: 0.0000590 seconds
69.820: Application time: 0.0588740 seconds
69.821: [GC [PSYoungGen: 14781K->1536K(15360K)] 20709K->7463K(49664K), 0.0005750 secs] [Times: user=0.00 sys=0.00, real=0.00 secs] 
69.821: Total time for which application threads were stopped: 0.0006950 seconds, Stopping threads took: 0.0000590 seconds
69.880: Application time: 0.0589160 seconds
69.880: [GC [PSYoungGen: 14845K->1440K(15360K)] 20773K->7423K(49664K), 0.0005760 secs] [Times: user=0.00 sys=0.00, real=0.01 secs] 
69.881: Total time for which application threads were stopped: 0.0006770 seconds, Stopping threads took: 0.0000460 seconds
69.940: Application time: 0.0588730 seconds
69.940: [GC [PSYoungGen: 14749K->1376K(15360K)] 20733K->7439K(49664K), 0.0005860 secs] [Times: user=0.01 sys=0.00, real=0.01 secs] 
69.940: Total time for which application threads were stopped: 0.0007060 seconds, Stopping threads took: 0.0000560 seconds
69.999: Application time: 0.0591230 seconds
70.000: [GC [PSYoungGen: 14685K->1376K(15360K)] 20749K->7439K(49664K), 0.0005670 secs] [Times: user=0.00 sys=0.00, real=0.00 secs] 
70.000: Total time for which application threads were stopped: 0.0006790 seconds, Stopping threads took: 0.0000550 seconds
70.059: Application time: 0.0590750 seconds
70.059: [GC [PSYoungGen: 14685K->1312K(15360K)] 20749K->7455K(49664K), 0.0005350 secs] [Times: user=0.01 sys=0.00, real=0.00 secs] 
70.060: Total time for which application threads were stopped: 0.0006430 seconds, Stopping threads took: 0.0000510 seconds
70.119: Application time: 0.0594450 seconds
70.119: [GC [PSYoungGen: 14621K->1248K(15360K)] 20765K->7447K(49664K), 0.0005170 secs] [Times: user=0.00 sys=0.00, real=0.00 secs] 
70.120: Total time for which application threads were stopped: 0.0006310 seconds, Stopping threads took: 0.0000550 seconds
70.172: Application time: 0.0523950 seconds
70.172: [GC [PSYoungGen: 14555K->1504K(15360K)] 20755K->7703K(49664K), 0.0005340 secs] [Times: user=0.01 sys=0.00, real=0.00 secs] 
70.173: Total time for which application threads were stopped: 0.0006380 seconds, Stopping threads took: 0.0000480 seconds
70.219: Application time: 0.0463000 seconds
70.219: [GC [PSYoungGen: 14813K->1440K(15360K)] 21013K->7639K(49664K), 0.0005620 secs] [Times: user=0.00 sys=0.00, real=0.00 secs] 
70.220: Total time for which application threads were stopped: 0.0006820 seconds, Stopping threads took: 0.0000610 seconds
70.266: Application time: 0.0462690 seconds
70.266: [GC [PSYoungGen: 14749K->1728K(15360K)] 20949K->7927K(49664K), 0.0006030 secs] [Times: user=0.01 sys=0.00, real=0.00 secs] 
70.267: Total time for which application threads were stopped: 0.0007060 seconds, Stopping threads took: 0.0000490 seconds
70.317: Application time: 0.0500230 seconds
70.317: [GC [PSYoungGen: 15039K->1312K(15360K)] 21239K->7904K(49664K), 0.0005960 secs] [Times: user=0.00 sys=0.00, real=0.00 secs] 
70.318: Total time for which application threads were stopped: 0.0007120 seconds, Stopping threads took: 0.0000510 seconds
70.375: Application time: 0.0568860 seconds
70.375: [GC [PSYoungGen: 14620K->1344K(15360K)] 21213K->7936K(49664K), 0.0005120 secs] [Times: user=0.01 sys=0.00, real=0.00 secs] 
70.375: Total time for which application threads were stopped: 0.0006160 seconds, Stopping threads took: 0.0000510 seconds
70.435: Application time: 0.0595530 seconds
70.435: [GC [PSYoungGen: 14653K->1088K(15360K)] 21246K->7893K(49664K), 0.0005510 secs] [Times: user=0.00 sys=0.00, real=0.00 secs] 
70.435: Total time for which application threads were stopped: 0.0006790 seconds, Stopping threads took: 0.0000710 seconds
70.494: Application time: 0.0589700 seconds
70.494: [GC [PSYoungGen: 14397K->704K(15360K)] 21202K->7910K(49664K), 0.0004950 secs] [Times: user=0.01 sys=0.00, real=0.00 secs] 
70.495: Total time for which application threads were stopped: 0.0006220 seconds, Stopping threads took: 0.0000620 seconds
70.553: Application time: 0.0584050 seconds
70.556: [GC [PSYoungGen: 14013K->544K(15360K)] 21219K->7970K(49664K), 0.0004420 secs] [Times: user=0.00 sys=0.00, real=0.00 secs] 
70.557: Total time for which application threads were stopped: 0.0034090 seconds, Stopping threads took: 0.0029100 seconds
70.613: Application time: 0.0564830 seconds
70.613: [GC [PSYoungGen: 13855K->544K(15360K)] 21282K->7970K(49664K), 0.0004740 secs] [Times: user=0.00 sys=0.00, real=0.00 secs] 
70.614: Total time for which application threads were stopped: 0.0005860 seconds, Stopping threads took: 0.0000560 seconds
70.671: Application time: 0.0571880 seconds
70.671: [GC [PSYoungGen: 13855K->608K(15360K)] 21282K->8034K(49664K), 0.0004510 secs] [Times: user=0.00 sys=0.00, real=0.00 secs] 
70.672: Total time for which application threads were stopped: 0.0005540 seconds, Stopping threads took: 0.0000490 seconds
70.725: Application time: 0.0534290 seconds
70.725: [GC [PSYoungGen: 13916K->768K(15360K)] 21343K->8194K(49664K), 0.0004330 secs] [Times: user=0.00 sys=0.00, real=0.00 secs] 
70.726: Total time for which application threads were stopped: 0.0005350 seconds, Stopping threads took: 0.0000480 seconds
70.758: Application time: 0.0323830 seconds
70.758: [GC [PSYoungGen: 14078K->992K(15360K)] 21505K->8419K(49664K), 0.0004770 secs] [Times: user=0.00 sys=0.00, real=0.00 secs] 
70.759: Total time for which application threads were stopped: 0.0005710 seconds, Stopping threads took: 0.0000390 seconds
70.807: Application time: 0.0486280 seconds
70.807: [GC [PSYoungGen: 14299K->1040K(15360K)] 21726K->8467K(49664K), 0.0004720 secs] [Times: user=0.00 sys=0.00, real=0.00 secs] 
70.808: Total time for which application threads were stopped: 0.0005650 seconds, Stopping threads took: 0.0000390 seconds
70.858: Application time: 0.0502220 seconds
70.858: [GC [PSYoungGen: 14350K->1008K(15360K)] 21777K->8435K(49664K), 0.0005360 secs] [Times: user=0.00 sys=0.00, real=0.00 secs] 
70.859: Total time for which application threads were stopped: 0.0006490 seconds, Stopping threads took: 0.0000570 seconds
70.896: Application time: 0.0375480 seconds
70.896: [GC [PSYoungGen: 14206K->1312K(15360K)] 21633K->8739K(49664K), 0.0005580 secs] [Times: user=0.00 sys=0.00, real=0.00 secs] 
70.897: Total time for which application threads were stopped: 0.0006830 seconds, Stopping threads took: 0.0000660 seconds
70.932: Application time: 0.0350560 seconds
70.932: [GC [PSYoungGen: 14622K->1680K(15360K)] 22049K->9107K(49664K), 0.0006170 secs] [Times: user=0.01 sys=0.00, real=0.00 secs] 
70.933: Total time for which application threads were stopped: 0.0007300 seconds, Stopping threads took: 0.0000590 seconds
70.969: Application time: 0.0368470 seconds
70.970: [GC [PSYoungGen: 14988K->1888K(15360K)] 22415K->9315K(49664K), 0.0006710 secs] [Times: user=0.00 sys=0.00, real=0.00 secs] 
70.970: Total time for which application threads were stopped: 0.0007820 seconds, Stopping threads took: 0.0000570 seconds
71.015: Application time: 0.0442850 seconds
71.015: [GC [PSYoungGen: 15197K->1952K(15360K)] 22624K->9379K(49664K), 0.0006500 secs] [Times: user=0.00 sys=0.00, real=0.00 secs] 
71.015: Total time for which application threads were stopped: 0.0007670 seconds, Stopping threads took: 0.0000490 seconds
71.070: Application time: 0.0546710 seconds
71.070: [GC [PSYoungGen: 15263K->1824K(15360K)] 22690K->9251K(49664K), 0.0006670 secs] [Times: user=0.00 sys=0.00, real=0.00 secs] 
71.071: Total time for which application threads were stopped: 0.0007790 seconds, Stopping threads took: 0.0000560 seconds
71.128: Application time: 0.0573350 seconds
71.128: [GC [PSYoungGen: 15133K->1904K(15360K)] 22560K->9331K(49664K), 0.0007200 secs] [Times: user=0.00 sys=0.00, real=0.01 secs] 
71.129: Total time for which application threads were stopped: 0.0008340 seconds, Stopping threads took: 0.0000540 seconds
71.183: Application time: 0.0541150 seconds
71.184: [GC [PSYoungGen: 15212K->1936K(15360K)] 22639K->9363K(49664K), 0.0007010 secs] [Times: user=0.00 sys=0.00, real=0.00 secs] 
71.185: Total time for which application threads were stopped: 0.0019980 seconds, Stopping threads took: 0.0012380 seconds
71.243: Application time: 0.0575680 seconds
71.243: [GC [PSYoungGen: 15247K->1904K(15360K)] 22674K->9331K(49664K), 0.0006870 secs] [Times: user=0.00 sys=0.00, real=0.00 secs] 
71.243: Total time for which application threads were stopped: 0.0008070 seconds, Stopping threads took: 0.0000620 seconds
71.299: Application time: 0.0559880 seconds
71.300: [GC [PSYoungGen: 15215K->1952K(15360K)] 22642K->9379K(49664K), 0.0006670 secs] [Times: user=0.00 sys=0.00, real=0.00 secs] 
71.300: Total time for which application threads were stopped: 0.0007800 seconds, Stopping threads took: 0.0000570 seconds
71.355: Application time: 0.0543850 seconds
71.355: [GC [PSYoungGen: 15262K->1664K(15360K)] 22689K->9339K(49664K), 0.0006570 secs] [Times: user=0.00 sys=0.00, real=0.00 secs] 
71.355: Total time for which application threads were stopped: 0.0007940 seconds, Stopping threads took: 0.0000800 seconds
71.412: Application time: 0.0564560 seconds
71.412: [GC [PSYoungGen: 14972K->1696K(15360K)] 22647K->9411K(49664K), 0.0006800 secs] [Times: user=0.01 sys=0.00, real=0.00 secs] 
71.413: Total time for which application threads were stopped: 0.0007990 seconds, Stopping threads took: 0.0000640 seconds
71.472: Application time: 0.0590370 seconds
71.472: [GC [PSYoungGen: 15005K->1488K(15360K)] 22720K->9431K(49664K), 0.0006310 secs] [Times: user=0.00 sys=0.00, real=0.00 secs] 
71.472: Total time for which application threads were stopped: 0.0007380 seconds, Stopping threads took: 0.0000500 seconds
71.531: Application time: 0.0590270 seconds
71.532: [GC [PSYoungGen: 14797K->1472K(15360K)] 22741K->9415K(49664K), 0.0005730 secs] [Times: user=0.00 sys=0.00, real=0.00 secs] 
71.533: Total time for which application threads were stopped: 0.0014610 seconds, Stopping threads took: 0.0008280 seconds
71.592: Application time: 0.0591530 seconds
71.592: [GC [PSYoungGen: 14781K->1456K(15360K)] 22725K->9447K(49664K), 0.0005740 secs] [Times: user=0.00 sys=0.00, real=0.00 secs] 
71.593: Total time for which application threads were stopped: 0.0006990 seconds, Stopping threads took: 0.0000670 seconds
71.652: Application time: 0.0594160 seconds
71.652: [GC [PSYoungGen: 14765K->1376K(15360K)] 22757K->9407K(49664K), 0.0006450 secs] [Times: user=0.00 sys=0.00, real=0.00 secs] 
71.653: Total time for which application threads were stopped: 0.0007680 seconds, Stopping threads took: 0.0000670 seconds
71.713: Application time: 0.0596880 seconds
71.713: [GC [PSYoungGen: 14687K->1360K(15360K)] 22719K->9439K(49664K), 0.0006450 secs] [Times: user=0.01 sys=0.00, real=0.00 secs] 
71.713: Total time for which application threads were stopped: 0.0007710 seconds, Stopping threads took: 0.0000670 seconds
71.773: Application time: 0.0594760 seconds
71.773: [GC [PSYoungGen: 14669K->1296K(15360K)] 22749K->9463K(49664K), 0.0005800 secs] [Times: user=0.01 sys=0.00, real=0.00 secs] 
71.774: Total time for which application threads were stopped: 0.0006810 seconds, Stopping threads took: 0.0000490 seconds
71.833: Application time: 0.0597700 seconds
71.833: [GC [PSYoungGen: 14605K->1280K(15360K)] 22773K->9487K(49664K), 0.0005530 secs] [Times: user=0.00 sys=0.00, real=0.00 secs] 
71.834: Total time for which application threads were stopped: 0.0006570 seconds, Stopping threads took: 0.0000490 seconds
71.890: Application time: 0.0556430 seconds
71.890: [GC [PSYoungGen: 14591K->1408K(15360K)] 22799K->9615K(49664K), 0.0006180 secs] [Times: user=0.01 sys=0.00, real=0.00 secs] 
71.890: Total time for which application threads were stopped: 0.0007330 seconds, Stopping threads took: 0.0000590 seconds
71.934: Application time: 0.0432410 seconds
71.934: [GC [PSYoungGen: 14717K->1472K(15360K)] 22925K->9679K(49664K), 0.0005580 secs] [Times: user=0.00 sys=0.00, real=0.00 secs] 
71.934: Total time for which application threads were stopped: 0.0006730 seconds, Stopping threads took: 0.0000600 seconds
71.982: Application time: 0.0480910 seconds
71.982: [GC [PSYoungGen: 14779K->1696K(15360K)] 22987K->9903K(49664K), 0.0005920 secs] [Times: user=0.00 sys=0.00, real=0.00 secs] 
71.983: Total time for which application threads were stopped: 0.0006960 seconds, Stopping threads took: 0.0000470 seconds
72.031: Application time: 0.0476390 seconds
72.031: [GC [PSYoungGen: 15004K->1280K(15360K)] 23212K->9888K(49664K), 0.0006170 secs] [Times: user=0.00 sys=0.00, real=0.00 secs] 
72.031: Total time for which application threads were stopped: 0.0007250 seconds, Stopping threads took: 0.0000510 seconds
72.088: Application time: 0.0568030 seconds
72.088: [GC [PSYoungGen: 14588K->1280K(15360K)] 23197K->9888K(49664K), 0.0005180 secs] [Times: user=0.00 sys=0.00, real=0.00 secs] 
72.089: Total time for which application threads were stopped: 0.0006420 seconds, Stopping threads took: 0.0000610 seconds
72.148: Application time: 0.0590890 seconds
72.148: [GC [PSYoungGen: 14589K->1120K(15360K)] 23198K->9933K(49664K), 0.0005580 secs] [Times: user=0.00 sys=0.00, real=0.01 secs] 
72.149: Total time for which application threads were stopped: 0.0006870 seconds, Stopping threads took: 0.0000680 seconds
72.207: Application time: 0.0585920 seconds
72.207: [GC [PSYoungGen: 14429K->672K(15360K)] 23242K->9894K(49664K), 0.0005210 secs] [Times: user=0.00 sys=0.00, real=0.00 secs] 
72.208: Total time for which application threads were stopped: 0.0006340 seconds, Stopping threads took: 0.0000580 seconds
72.267: Application time: 0.0589020 seconds
72.268: [GC [PSYoungGen: 13981K->544K(15360K)] 23204K->9995K(49664K), 0.0004520 secs] [Times: user=0.01 sys=0.00, real=0.00 secs] 
72.269: Total time for which application threads were stopped: 0.0019670 seconds, Stopping threads took: 0.0014580 seconds
72.325: Application time: 0.0566070 seconds
72.325: [GC [PSYoungGen: 13855K->544K(15360K)] 23306K->9995K(49664K), 0.0003960 secs] [Times: user=0.00 sys=0.00, real=0.00 secs] 
72.326: Total time for which application threads were stopped: 0.0004970 seconds, Stopping threads took: 0.0000490 seconds
72.384: Application time: 0.0585140 seconds
72.385: [GC [PSYoungGen: 13853K->512K(15360K)] 23304K->9963K(49664K), 0.0004400 secs] [Times: user=0.00 sys=0.00, real=0.00 secs] 
72.386: Total time for which application threads were stopped: 0.0016200 seconds, Stopping threads took: 0.0000710 seconds
72.436: Application time: 0.0503880 seconds
72.437: [GC [PSYoungGen: 13820K->800K(15360K)] 23271K->10251K(49664K), 0.0004490 secs] [Times: user=0.00 sys=0.00, real=0.00 secs] 
72.437: Total time for which application threads were stopped: 0.0005650 seconds, Stopping threads took: 0.0000610 seconds
72.471: Application time: 0.0338090 seconds
72.471: [GC [PSYoungGen: 14107K->992K(15360K)] 23558K->10443K(49664K), 0.0004820 secs] [Times: user=0.00 sys=0.00, real=0.00 secs] 
72.471: Total time for which application threads were stopped: 0.0005860 seconds, Stopping threads took: 0.0000490 seconds
72.522: Application time: 0.0506020 seconds
72.522: [GC [PSYoungGen: 14303K->992K(15360K)] 23754K->10443K(49664K), 0.0004910 secs] [Times: user=0.00 sys=0.00, real=0.00 secs] 
72.523: Total time for which application threads were stopped: 0.0006100 seconds, Stopping threads took: 0.0000550 seconds
72.571: Application time: 0.0479450 seconds
72.571: [GC [PSYoungGen: 14301K->1312K(15360K)] 23752K->10763K(49664K), 0.0005640 secs] [Times: user=0.00 sys=0.00, real=0.00 secs] 
72.571: Total time for which application threads were stopped: 0.0006580 seconds, Stopping threads took: 0.0000400 seconds
72.615: Application time: 0.0442370 seconds
72.616: [GC [PSYoungGen: 14623K->1472K(15360K)] 24074K->10923K(49664K), 0.0005900 secs] [Times: user=0.00 sys=0.00, real=0.00 secs] 
72.616: Total time for which application threads were stopped: 0.0007010 seconds, Stopping threads took: 0.0000430 seconds
72.655: Application time: 0.0386750 seconds
72.655: [GC [PSYoungGen: 14779K->1664K(15360K)] 24230K->11115K(49664K), 0.0006090 secs] [Times: user=0.00 sys=0.00, real=0.00 secs] 
72.656: Total time for which application threads were stopped: 0.0007120 seconds, Stopping threads took: 0.0000460 seconds
72.691: Application time: 0.0354060 seconds
72.691: [GC [PSYoungGen: 14975K->1920K(15360K)] 24426K->11371K(49664K), 0.0006980 secs] [Times: user=0.00 sys=0.00, real=0.00 secs] 
72.692: Total time for which application threads were stopped: 0.0008120 seconds, Stopping threads took: 0.0000560 seconds
72.731: Application time: 0.0387850 seconds
72.731: [GC [PSYoungGen: 15231K->1904K(15360K)] 24683K->11355K(49664K), 0.0006700 secs] [Times: user=0.00 sys=0.00, real=0.00 secs] 
72.731: Total time for which application threads were stopped: 0.0007970 seconds, Stopping threads took: 0.0000720 seconds
72.786: Application time: 0.0542930 seconds
72.786: [GC [PSYoungGen: 15214K->1920K(15360K)] 24665K->11371K(49664K), 0.0006810 secs] [Times: user=0.00 sys=0.00, real=0.00 secs] 
72.786: Total time for which application threads were stopped: 0.0007970 seconds, Stopping threads took: 0.0000590 seconds
72.843: Application time: 0.0568220 seconds
72.844: [GC [PSYoungGen: 15229K->1920K(15360K)] 24680K->11371K(49664K), 0.0007510 secs] [Times: user=0.00 sys=0.00, real=0.00 secs] 
72.845: Total time for which application threads were stopped: 0.0018140 seconds, Stopping threads took: 0.0010040 seconds
72.899: Application time: 0.0543340 seconds
72.900: [GC [PSYoungGen: 15230K->1920K(15360K)] 24681K->11371K(49664K), 0.0006750 secs] [Times: user=0.00 sys=0.00, real=0.00 secs] 
72.900: Total time for which application threads were stopped: 0.0007870 seconds, Stopping threads took: 0.0000570 seconds
72.963: Application time: 0.0630170 seconds
72.963: [GC [PSYoungGen: 15231K->1920K(15360K)] 24682K->11371K(49664K), 0.0007230 secs] [Times: user=0.00 sys=0.00, real=0.00 secs] 
72.964: Total time for which application threads were stopped: 0.0008640 seconds, Stopping threads took: 0.0000800 seconds
73.022: Application time: 0.0583440 seconds
73.023: [GC [PSYoungGen: 15230K->1872K(15360K)] 24681K->11323K(49664K), 0.0006820 secs] [Times: user=0.00 sys=0.00, real=0.00 secs] 
73.023: Total time for which application threads were stopped: 0.0008030 seconds, Stopping threads took: 0.0000650 seconds
73.079: Application time: 0.0553460 seconds
73.079: [GC [PSYoungGen: 15182K->1728K(15360K)] 24633K->11419K(49664K), 0.0007420 secs] [Times: user=0.01 sys=0.00, real=0.00 secs] 
73.079: Total time for which application threads were stopped: 0.0008510 seconds, Stopping threads took: 0.0000520 seconds
73.136: Application time: 0.0561790 seconds
73.136: [GC [PSYoungGen: 15038K->1712K(15360K)] 24730K->11403K(49664K), 0.0006380 secs] [Times: user=0.01 sys=0.00, real=0.00 secs] 
73.136: Total time for which application threads were stopped: 0.0007610 seconds, Stopping threads took: 0.0000520 seconds
73.195: Application time: 0.0587200 seconds
73.196: [GC [PSYoungGen: 15021K->1472K(15360K)] 24713K->11408K(49664K), 0.0007180 secs] [Times: user=0.00 sys=0.00, real=0.00 secs] 
73.197: Total time for which application threads were stopped: 0.0019620 seconds, Stopping threads took: 0.0011880 seconds
73.256: Application time: 0.0586880 seconds
73.256: [GC [PSYoungGen: 14781K->1392K(15360K)] 24717K->11328K(49664K), 0.0006020 secs] [Times: user=0.00 sys=0.00, real=0.00 secs] 
73.256: Total time for which application threads were stopped: 0.0007190 seconds, Stopping threads took: 0.0000520 seconds
73.315: Application time: 0.0585200 seconds
73.315: [GC [PSYoungGen: 14701K->1440K(15360K)] 24637K->11416K(49664K), 0.0006010 secs] [Times: user=0.01 sys=0.00, real=0.00 secs] 
73.316: Total time for which application threads were stopped: 0.0007250 seconds, Stopping threads took: 0.0000680 seconds
73.375: Application time: 0.0587740 seconds
73.375: [GC [PSYoungGen: 14749K->1360K(15360K)] 24725K->11424K(49664K), 0.0005700 secs] [Times: user=0.00 sys=0.00, real=0.00 secs] 
73.375: Total time for which application threads were stopped: 0.0006930 seconds, Stopping threads took: 0.0000630 seconds
73.434: Application time: 0.0592590 seconds
73.435: [GC [PSYoungGen: 14669K->1376K(15360K)] 24733K->11440K(49664K), 0.0005670 secs] [Times: user=0.01 sys=0.00, real=0.00 secs] 
73.435: Total time for which application threads were stopped: 0.0006670 seconds, Stopping threads took: 0.0000420 seconds
73.494: Application time: 0.0588050 seconds
73.494: [GC [PSYoungGen: 14685K->1344K(15360K)] 24749K->11408K(49664K), 0.0005530 secs] [Times: user=0.00 sys=0.00, real=0.00 secs] 
73.495: Total time for which application threads were stopped: 0.0006610 seconds, Stopping threads took: 0.0000520 seconds
73.556: Application time: 0.0609940 seconds
73.556: [GC [PSYoungGen: 14655K->1280K(15360K)] 24719K->11464K(49664K), 0.0005910 secs] [Times: user=0.00 sys=0.00, real=0.00 secs] 
73.556: Total time for which application threads were stopped: 0.0007340 seconds, Stopping threads took: 0.0000850 seconds
73.611: Application time: 0.0544390 seconds
73.611: [GC [PSYoungGen: 14588K->1472K(15360K)] 24773K->11656K(49664K), 0.0005900 secs] [Times: user=0.00 sys=0.00, real=0.00 secs] 
73.611: Total time for which application threads were stopped: 0.0006940 seconds, Stopping threads took: 0.0000470 seconds
73.655: Application time: 0.0438510 seconds
73.655: [GC [PSYoungGen: 14781K->1568K(15360K)] 24965K->11752K(49664K), 0.0005620 secs] [Times: user=0.00 sys=0.00, real=0.00 secs] 
73.656: Total time for which application threads were stopped: 0.0006870 seconds, Stopping threads took: 0.0000570 seconds
73.714: Application time: 0.0578200 seconds
73.714: [GC [PSYoungGen: 14876K->1472K(15360K)] 25061K->11656K(49664K), 0.0005730 secs] [Times: user=0.00 sys=0.00, real=0.00 secs] 
73.715: Total time for which application threads were stopped: 0.0006840 seconds, Stopping threads took: 0.0000570 seconds
73.758: Application time: 0.0439630 seconds
73.759: [GC [PSYoungGen: 14784K->1344K(15360K)] 24968K->11941K(49664K), 0.0006070 secs] [Times: user=0.00 sys=0.00, real=0.00 secs] 
73.759: Total time for which application threads were stopped: 0.0007210 seconds, Stopping threads took: 0.0000580 seconds
73.814: Application time: 0.0544400 seconds
73.816: [GC [PSYoungGen: 14655K->1312K(15360K)] 25252K->11909K(49664K), 0.0005620 secs] [Times: user=0.00 sys=0.00, real=0.00 secs] 
73.817: Total time for which application threads were stopped: 0.0032460 seconds, Stopping threads took: 0.0026260 seconds
73.875: Application time: 0.0579700 seconds
73.875: [GC [PSYoungGen: 14623K->1120K(15360K)] 25220K->11921K(49664K), 0.0005830 secs] [Times: user=0.00 sys=0.00, real=0.00 secs] 
73.876: Total time for which application threads were stopped: 0.0006910 seconds, Stopping threads took: 0.0000520 seconds
73.934: Application time: 0.0588910 seconds
73.935: [GC [PSYoungGen: 14429K->896K(15360K)] 25231K->11910K(49664K), 0.0005010 secs] [Times: user=0.00 sys=0.00, real=0.00 secs] 
73.935: Total time for which application threads were stopped: 0.0006120 seconds, Stopping threads took: 0.0000550 seconds
73.995: Application time: 0.0594700 seconds
73.995: [GC [PSYoungGen: 14208K->512K(15360K)] 25222K->11930K(49664K), 0.0004590 secs] [Times: user=0.00 sys=0.00, real=0.00 secs] 
73.995: Total time for which application threads were stopped: 0.0005860 seconds, Stopping threads took: 0.0000710 seconds
74.052: Application time: 0.0565640 seconds
74.052: [GC [PSYoungGen: 13823K->576K(15360K)] 25242K->11994K(49664K), 0.0003980 secs] [Times: user=0.00 sys=0.00, real=0.00 secs] 
74.052: Total time for which application threads were stopped: 0.0004990 seconds, Stopping threads took: 0.0000470 seconds
74.111: Application time: 0.0591330 seconds
74.111: [GC [PSYoungGen: 13885K->512K(15360K)] 25304K->11930K(49664K), 0.0004010 secs] [Times: user=0.00 sys=0.00, real=0.00 secs] 
74.112: Total time for which application threads were stopped: 0.0005280 seconds, Stopping threads took: 0.0000720 seconds
74.162: Application time: 0.0496780 seconds
74.162: [GC [PSYoungGen: 13822K->768K(15360K)] 25241K->12186K(49664K), 0.0005010 secs] [Times: user=0.00 sys=0.00, real=0.00 secs] 
74.162: Total time for which application threads were stopped: 0.0006050 seconds, Stopping threads took: 0.0000390 seconds
74.196: Application time: 0.0334150 seconds
74.196: [GC [PSYoungGen: 14079K->992K(15360K)] 25498K->12410K(49664K), 0.0005020 secs] [Times: user=0.00 sys=0.00, real=0.00 secs] 
74.196: Total time for which application threads were stopped: 0.0005990 seconds, Stopping threads took: 0.0000430 seconds
74.246: Application time: 0.0503400 seconds
74.247: [GC [PSYoungGen: 14301K->992K(15360K)] 25720K->12410K(49664K), 0.0005350 secs] [Times: user=0.00 sys=0.00, real=0.00 secs] 
74.247: Total time for which application threads were stopped: 0.0006500 seconds, Stopping threads took: 0.0000590 seconds
74.298: Application time: 0.0504160 seconds
74.298: [GC [PSYoungGen: 14304K->1296K(15360K)] 25722K->12714K(49664K), 0.0005120 secs] [Times: user=0.00 sys=0.00, real=0.00 secs] 
74.298: Total time for which application threads were stopped: 0.0006250 seconds, Stopping threads took: 0.0000570 seconds
74.340: Application time: 0.0415330 seconds
74.340: [GC [PSYoungGen: 14605K->1440K(15360K)] 26024K->12858K(49664K), 0.0005880 secs] [Times: user=0.00 sys=0.00, real=0.01 secs] 
74.340: Total time for which application threads were stopped: 0.0007130 seconds, Stopping threads took: 0.0000690 seconds
74.377: Application time: 0.0363810 seconds
74.377: [GC [PSYoungGen: 14751K->1664K(15360K)] 26169K->13082K(49664K), 0.0006090 secs] [Times: user=0.01 sys=0.00, real=0.00 secs] 
74.378: Total time for which application threads were stopped: 0.0007200 seconds, Stopping threads took: 0.0000520 seconds
74.414: Application time: 0.0369210 seconds
74.415: [GC [PSYoungGen: 14973K->1936K(15360K)] 26392K->13354K(49664K), 0.0006680 secs] [Times: user=0.00 sys=0.00, real=0.00 secs] 
74.415: Total time for which application threads were stopped: 0.0007820 seconds, Stopping threads took: 0.0000570 seconds
74.456: Application time: 0.0403240 seconds
74.456: [GC [PSYoungGen: 15245K->1952K(15360K)] 26664K->13370K(49664K), 0.0007080 secs] [Times: user=0.00 sys=0.00, real=0.00 secs] 
74.456: Total time for which application threads were stopped: 0.0008320 seconds, Stopping threads took: 0.0000630 seconds
74.512: Application time: 0.0553200 seconds
74.512: [GC [PSYoungGen: 15260K->1888K(15360K)] 26679K->13306K(49664K), 0.0006900 secs] [Times: user=0.01 sys=0.00, real=0.00 secs] 
74.513: Total time for which application threads were stopped: 0.0007910 seconds, Stopping threads took: 0.0000440 seconds
74.568: Application time: 0.0559550 seconds
74.569: [GC [PSYoungGen: 15196K->1952K(15360K)] 26615K->13370K(49664K), 0.0007230 secs] [Times: user=0.00 sys=0.00, real=0.00 secs] 
74.569: Total time for which application threads were stopped: 0.0008370 seconds, Stopping threads took: 0.0000570 seconds
74.624: Application time: 0.0548370 seconds
74.624: [GC [PSYoungGen: 15262K->1904K(15360K)] 26681K->13322K(49664K), 0.0006820 secs] [Times: user=0.00 sys=0.00, real=0.00 secs] 
74.625: Total time for which application threads were stopped: 0.0008020 seconds, Stopping threads took: 0.0000610 seconds
74.682: Application time: 0.0573710 seconds
74.682: [GC [PSYoungGen: 15213K->1888K(15360K)] 26632K->13306K(49664K), 0.0006830 secs] [Times: user=0.00 sys=0.00, real=0.00 secs] 
74.683: Total time for which application threads were stopped: 0.0008160 seconds, Stopping threads took: 0.0000570 seconds
74.740: Application time: 0.0565960 seconds
74.740: [GC [PSYoungGen: 15196K->1968K(15360K)] 26615K->13386K(49664K), 0.0006890 secs] [Times: user=0.00 sys=0.00, real=0.01 secs] 
74.741: Total time for which application threads were stopped: 0.0007990 seconds, Stopping threads took: 0.0000500 seconds
74.796: Application time: 0.0556750 seconds
74.796: [GC [PSYoungGen: 15278K->1680K(15360K)] 26697K->13343K(49664K), 0.0007120 secs] [Times: user=0.01 sys=0.00, real=0.00 secs] 
74.797: Total time for which application threads were stopped: 0.0008280 seconds, Stopping threads took: 0.0000560 seconds
74.853: Application time: 0.0555950 seconds
74.853: [GC [PSYoungGen: 14990K->1696K(15360K)] 26654K->13359K(49664K), 0.0006420 secs] [Times: user=0.00 sys=0.00, real=0.00 secs] 
74.853: Total time for which application threads were stopped: 0.0007360 seconds, Stopping threads took: 0.0000410 seconds
74.912: Application time: 0.0586190 seconds
74.916: [GC [PSYoungGen: 15005K->1696K(15360K)] 26668K->13407K(49664K), 0.0006450 secs] [Times: user=0.00 sys=0.00, real=0.00 secs] 
74.917: Total time for which application threads were stopped: 0.0049480 seconds, Stopping threads took: 0.0042470 seconds
74.976: Application time: 0.0588460 seconds
74.976: [GC [PSYoungGen: 15005K->1504K(15360K)] 26716K->13467K(49664K), 0.0006410 secs] [Times: user=0.00 sys=0.00, real=0.00 secs] 
74.977: Total time for which application threads were stopped: 0.0007480 seconds, Stopping threads took: 0.0000500 seconds
75.035: Application time: 0.0587370 seconds
75.035: [GC [PSYoungGen: 14813K->1392K(15360K)] 26777K->13355K(49664K), 0.0006550 secs] [Times: user=0.00 sys=0.00, real=0.00 secs] 
75.036: Total time for which application threads were stopped: 0.0007730 seconds, Stopping threads took: 0.0000650 seconds
75.095: Application time: 0.0587040 seconds
75.095: [GC [PSYoungGen: 14701K->1344K(15360K)] 26665K->13372K(49664K), 0.0006300 secs] [Times: user=0.01 sys=0.00, real=0.00 secs] 
75.096: Total time for which application threads were stopped: 0.0007550 seconds, Stopping threads took: 0.0000650 seconds
75.157: Application time: 0.0616130 seconds
75.157: [GC [PSYoungGen: 14653K->1344K(15360K)] 26681K->13372K(49664K), 0.0005850 secs] [Times: user=0.00 sys=0.00, real=0.00 secs] 
75.158: Total time for which application threads were stopped: 0.0007050 seconds, Stopping threads took: 0.0000610 seconds
75.217: Application time: 0.0591780 seconds
75.217: [GC [PSYoungGen: 14653K->1344K(15360K)] 26681K->13420K(49664K), 0.0005820 secs] [Times: user=0.00 sys=0.00, real=0.00 secs] 
75.218: Total time for which application threads were stopped: 0.0007140 seconds, Stopping threads took: 0.0000640 seconds
75.277: Application time: 0.0592580 seconds
75.277: [GC [PSYoungGen: 14653K->1248K(15360K)] 26729K->13404K(49664K), 0.0005660 secs] [Times: user=0.00 sys=0.00, real=0.00 secs] 
75.278: Total time for which application threads were stopped: 0.0006850 seconds, Stopping threads took: 0.0000640 seconds
75.333: Application time: 0.0557880 seconds
75.334: [GC [PSYoungGen: 14559K->1472K(15360K)] 26715K->13628K(49664K), 0.0005810 secs] [Times: user=0.00 sys=0.00, real=0.00 secs] 
75.334: Total time for which application threads were stopped: 0.0007110 seconds, Stopping threads took: 0.0000730 seconds
75.377: Application time: 0.0432750 seconds
75.378: [GC [PSYoungGen: 14781K->1472K(15360K)] 26937K->13628K(49664K), 0.0005970 secs] [Times: user=0.01 sys=0.00, real=0.00 secs] 
75.378: Total time for which application threads were stopped: 0.0007030 seconds, Stopping threads took: 0.0000510 seconds
75.436: Application time: 0.0579200 seconds
75.436: [GC [PSYoungGen: 14783K->1344K(15360K)] 26939K->13500K(49664K), 0.0005300 secs] [Times: user=0.00 sys=0.00, real=0.00 secs] 
75.437: Total time for which application threads were stopped: 0.0006470 seconds, Stopping threads took: 0.0000640 seconds
75.479: Application time: 0.0423850 seconds
75.479: [GC [PSYoungGen: 14652K->1280K(15360K)] 26808K->13848K(49664K), 0.0005590 secs] [Times: user=0.00 sys=0.00, real=0.00 secs] 
75.480: Total time for which application threads were stopped: 0.0006710 seconds, Stopping threads took: 0.0000510 seconds
75.535: Application time: 0.0552420 seconds
75.536: [GC [PSYoungGen: 14591K->1312K(15360K)] 27159K->13880K(49664K), 0.0005670 secs] [Times: user=0.00 sys=0.00, real=0.00 secs] 
75.537: Total time for which application threads were stopped: 0.0018360 seconds, Stopping threads took: 0.0012160 seconds
75.595: Application time: 0.0584470 seconds
75.595: [GC [PSYoungGen: 14622K->1120K(15360K)] 27191K->13896K(49664K), 0.0005160 secs] [Times: user=0.00 sys=0.00, real=0.00 secs] 
75.596: Total time for which application threads were stopped: 0.0006330 seconds, Stopping threads took: 0.0000620 seconds
75.655: Application time: 0.0588010 seconds
75.655: [GC [PSYoungGen: 14429K->864K(15360K)] 27206K->13861K(49664K), 0.0004980 secs] [Times: user=0.00 sys=0.00, real=0.00 secs] 
75.655: Total time for which application threads were stopped: 0.0006240 seconds, Stopping threads took: 0.0000710 seconds
75.714: Application time: 0.0586780 seconds
75.714: [GC [PSYoungGen: 14173K->608K(15360K)] 27170K->14022K(49664K), 0.0005060 secs] [Times: user=0.00 sys=0.00, real=0.00 secs] 
75.715: Total time for which application threads were stopped: 0.0006260 seconds, Stopping threads took: 0.0000660 seconds
75.771: Application time: 0.0567490 seconds
75.772: [GC [PSYoungGen: 13917K->544K(15360K)] 27331K->13958K(49664K), 0.0004170 secs] [Times: user=0.01 sys=0.00, real=0.00 secs] 
75.772: Total time for which application threads were stopped: 0.0005460 seconds, Stopping threads took: 0.0000660 seconds
75.831: Application time: 0.0587420 seconds
75.831: [GC [PSYoungGen: 13853K->672K(15360K)] 27267K->14086K(49664K), 0.0004320 secs] [Times: user=0.01 sys=0.00, real=0.00 secs] 
75.831: Total time for which application threads were stopped: 0.0005440 seconds, Stopping threads took: 0.0000590 seconds
75.881: Application time: 0.0492890 seconds
75.881: [GC [PSYoungGen: 13981K->800K(15360K)] 27396K->14214K(49664K), 0.0004480 secs] [Times: user=0.00 sys=0.00, real=0.00 secs] 
75.881: Total time for which application threads were stopped: 0.0005480 seconds, Stopping threads took: 0.0000440 seconds
75.926: Application time: 0.0445320 seconds
75.928: [GC [PSYoungGen: 14111K->1024K(15360K)] 27525K->14438K(49664K), 0.0005410 secs] [Times: user=0.00 sys=0.00, real=0.00 secs] 
75.929: Total time for which application threads were stopped: 0.0031890 seconds, Stopping threads took: 0.0025920 seconds
75.970: Application time: 0.0414790 seconds
75.970: [GC [PSYoungGen: 14331K->1024K(15360K)] 27746K->14438K(49664K), 0.0004930 secs] [Times: user=0.01 sys=0.00, real=0.00 secs] 
75.971: Total time for which application threads were stopped: 0.0005940 seconds, Stopping threads took: 0.0000460 seconds
76.022: Application time: 0.0508340 seconds
76.022: [GC [PSYoungGen: 14331K->1216K(15360K)] 27746K->14630K(49664K), 0.0004880 secs] [Times: user=0.01 sys=0.00, real=0.00 secs] 
76.022: Total time for which application threads were stopped: 0.0006060 seconds, Stopping threads took: 0.0000600 seconds
76.068: Application time: 0.0456560 seconds
76.068: [GC [PSYoungGen: 14525K->1456K(15360K)] 27940K->14870K(49664K), 0.0005960 secs] [Times: user=0.01 sys=0.00, real=0.01 secs] 
76.069: Total time for which application threads were stopped: 0.0006930 seconds, Stopping threads took: 0.0000410 seconds
76.105: Application time: 0.0365230 seconds
76.105: [GC [PSYoungGen: 14764K->1712K(15360K)] 28178K->15126K(49664K), 0.0005660 secs] [Times: user=0.01 sys=0.00, real=0.00 secs] 
76.106: Total time for which application threads were stopped: 0.0006720 seconds, Stopping threads took: 0.0000510 seconds
76.146: Application time: 0.0397510 seconds
76.146: [GC [PSYoungGen: 15023K->1728K(15360K)] 28438K->15142K(49664K), 0.0006440 secs] [Times: user=0.01 sys=0.00, real=0.00 secs] 
76.146: Total time for which application threads were stopped: 0.0007550 seconds, Stopping threads took: 0.0000520 seconds
76.198: Application time: 0.0512450 seconds
76.198: [GC [PSYoungGen: 15039K->1984K(15360K)] 28454K->15398K(49664K), 0.0006750 secs] [Times: user=0.00 sys=0.00, real=0.00 secs] 
76.198: Total time for which application threads were stopped: 0.0007770 seconds, Stopping threads took: 0.0000480 seconds
76.240: Application time: 0.0412210 seconds
76.240: [GC [PSYoungGen: 15293K->1904K(15360K)] 28707K->15318K(49664K), 0.0007030 secs] [Times: user=0.00 sys=0.00, real=0.01 secs] 
76.241: Total time for which application threads were stopped: 0.0008190 seconds, Stopping threads took: 0.0000580 seconds
76.296: Application time: 0.0553740 seconds
76.296: [GC [PSYoungGen: 15214K->1920K(15360K)] 28628K->15334K(49664K), 0.0006930 secs] [Times: user=0.01 sys=0.00, real=0.00 secs] 
76.297: Total time for which application threads were stopped: 0.0008260 seconds, Stopping threads took: 0.0000650 seconds
76.352: Application time: 0.0548810 seconds
76.352: [GC [PSYoungGen: 15227K->1872K(15360K)] 28642K->15286K(49664K), 0.0006850 secs] [Times: user=0.01 sys=0.00, real=0.00 secs] 
76.352: Total time for which application threads were stopped: 0.0007950 seconds, Stopping threads took: 0.0000500 seconds
76.410: Application time: 0.0572860 seconds
76.410: [GC [PSYoungGen: 15183K->1920K(15360K)] 28597K->15334K(49664K), 0.0006940 secs] [Times: user=0.00 sys=0.00, real=0.00 secs] 
76.410: Total time for which application threads were stopped: 0.0007980 seconds, Stopping threads took: 0.0000460 seconds
76.466: Application time: 0.0559730 seconds
76.467: [GC [PSYoungGen: 15228K->2000K(15360K)] 28643K->15414K(49664K), 0.0006940 secs] [Times: user=0.00 sys=0.00, real=0.00 secs] 
76.467: Total time for which application threads were stopped: 0.0007990 seconds, Stopping threads took: 0.0000410 seconds
76.523: Application time: 0.0556600 seconds
76.523: [GC [PSYoungGen: 15310K->1648K(15360K)] 28724K->15294K(49664K), 0.0006790 secs] [Times: user=0.00 sys=0.00, real=0.00 secs] 
76.524: Total time for which application threads were stopped: 0.0007950 seconds, Stopping threads took: 0.0000570 seconds
76.581: Application time: 0.0572680 seconds
76.581: [GC [PSYoungGen: 14959K->1776K(15360K)] 28605K->15422K(49664K), 0.0006330 secs] [Times: user=0.00 sys=0.00, real=0.00 secs] 
76.582: Total time for which application threads were stopped: 0.0007620 seconds, Stopping threads took: 0.0000720 seconds
76.639: Application time: 0.0575820 seconds
76.639: [GC [PSYoungGen: 15087K->1504K(15360K)] 28733K->15395K(49664K), 0.0006370 secs] [Times: user=0.01 sys=0.00, real=0.00 secs] 
76.640: Total time for which application threads were stopped: 0.0007480 seconds, Stopping threads took: 0.0000530 seconds
76.698: Application time: 0.0575320 seconds
76.698: [GC [PSYoungGen: 14812K->1408K(15360K)] 28703K->15347K(49664K), 0.0006510 secs] [Times: user=0.00 sys=0.00, real=0.00 secs] 
76.698: Total time for which application threads were stopped: 0.0007590 seconds, Stopping threads took: 0.0000520 seconds
76.757: Application time: 0.0588550 seconds
76.757: [GC [PSYoungGen: 14717K->1408K(15360K)] 28656K->15347K(49664K), 0.0005760 secs] [Times: user=0.00 sys=0.00, real=0.00 secs] 
76.758: Total time for which application threads were stopped: 0.0006860 seconds, Stopping threads took: 0.0000530 seconds
76.818: Application time: 0.0597520 seconds
76.818: [GC [PSYoungGen: 14717K->1376K(15360K)] 28656K->15355K(49664K), 0.0006370 secs] [Times: user=0.00 sys=0.00, real=0.00 secs] 
76.818: Total time for which application threads were stopped: 0.0007450 seconds, Stopping threads took: 0.0000410 seconds
76.877: Application time: 0.0588090 seconds
76.877: [GC [PSYoungGen: 14685K->1376K(15360K)] 28664K->15403K(49664K), 0.0005680 secs] [Times: user=0.01 sys=0.00, real=0.00 secs] 
76.878: Total time for which application threads were stopped: 0.0007030 seconds, Stopping threads took: 0.0000770 seconds
76.937: Application time: 0.0588610 seconds
76.937: [GC [PSYoungGen: 14685K->1232K(15360K)] 28712K->15291K(49664K), 0.0006200 secs] [Times: user=0.00 sys=0.00, real=0.00 secs] 
76.938: Total time for which application threads were stopped: 0.0007330 seconds, Stopping threads took: 0.0000530 seconds
76.997: Application time: 0.0597210 seconds
76.997: [GC [PSYoungGen: 14541K->1280K(15360K)] 28600K->15395K(49664K), 0.0005210 secs] [Times: user=0.00 sys=0.00, real=0.00 secs] 
76.998: Total time for which application threads were stopped: 0.0006390 seconds, Stopping threads took: 0.0000640 seconds
77.047: Application time: 0.0491730 seconds
77.047: [GC [PSYoungGen: 14590K->1504K(15360K)] 28705K->15659K(49664K), 0.0005840 secs] [Times: user=0.01 sys=0.00, real=0.00 secs] 
77.048: Total time for which application threads were stopped: 0.0006880 seconds, Stopping threads took: 0.0000490 seconds
77.097: Application time: 0.0488840 seconds
77.098: [GC [PSYoungGen: 14813K->1504K(15360K)] 28968K->15659K(49664K), 0.0006320 secs] [Times: user=0.00 sys=0.00, real=0.00 secs] 
77.099: Total time for which application threads were stopped: 0.0021200 seconds, Stopping threads took: 0.0014170 seconds
77.153: Application time: 0.0540930 seconds
77.156: [GC [PSYoungGen: 14814K->1696K(15360K)] 28969K->15851K(49664K), 0.0006030 secs] [Times: user=0.00 sys=0.00, real=0.00 secs] 
77.157: Total time for which application threads were stopped: 0.0040850 seconds, Stopping threads took: 0.0034250 seconds
77.199: Application time: 0.0424640 seconds
77.200: [GC [PSYoungGen: 15007K->1536K(15360K)] 29162K->15887K(49664K), 0.0006170 secs] [Times: user=0.00 sys=0.00, real=0.00 secs] 
77.200: Total time for which application threads were stopped: 0.0007370 seconds, Stopping threads took: 0.0000640 seconds
77.258: Application time: 0.0577450 seconds
77.258: [GC [PSYoungGen: 14845K->1280K(15360K)] 29197K->15844K(49664K), 0.0005750 secs] [Times: user=0.00 sys=0.00, real=0.00 secs] 
77.259: Total time for which application threads were stopped: 0.0006930 seconds, Stopping threads took: 0.0000620 seconds
77.316: Application time: 0.0574760 seconds
77.316: [GC [PSYoungGen: 14591K->1088K(15360K)] 29155K->15860K(49664K), 0.0005740 secs] [Times: user=0.01 sys=0.00, real=0.00 secs] 
77.317: Total time for which application threads were stopped: 0.0006770 seconds, Stopping threads took: 0.0000480 seconds
77.375: Application time: 0.0583780 seconds
77.375: [GC [PSYoungGen: 14399K->832K(15360K)] 29171K->15808K(49664K), 0.0005310 secs] [Times: user=0.00 sys=0.00, real=0.00 secs] 
77.376: Total time for which application threads were stopped: 0.0006770 seconds, Stopping threads took: 0.0000800 seconds
77.434: Application time: 0.0584420 seconds
77.434: [GC [PSYoungGen: 14141K->608K(15360K)] 29118K->15789K(49664K), 0.0005330 secs] [Times: user=0.00 sys=0.00, real=0.00 secs] 
77.435: Total time for which application threads were stopped: 0.0006460 seconds, Stopping threads took: 0.0000570 seconds
77.491: Application time: 0.0564210 seconds
77.492: [GC [PSYoungGen: 13919K->736K(15360K)] 29101K->15917K(49664K), 0.0004530 secs] [Times: user=0.00 sys=0.00, real=0.00 secs] 
77.493: Total time for which application threads were stopped: 0.0014450 seconds, Stopping threads took: 0.0009380 seconds
77.551: Application time: 0.0586600 seconds
77.552: [GC [PSYoungGen: 14045K->512K(15360K)] 29226K->15913K(49664K), 0.0004390 secs] [Times: user=0.00 sys=0.00, real=0.00 secs] 
77.552: Total time for which application threads were stopped: 0.0005560 seconds, Stopping threads took: 0.0000620 seconds
77.600: Application time: 0.0475410 seconds
77.600: [GC [PSYoungGen: 13820K->800K(15360K)] 29221K->16201K(49664K), 0.0004860 secs] [Times: user=0.01 sys=0.00, real=0.00 secs] 
77.600: Total time for which application threads were stopped: 0.0006020 seconds, Stopping threads took: 0.0000590 seconds
77.646: Application time: 0.0456830 seconds
77.646: [GC [PSYoungGen: 14111K->992K(15360K)] 29513K->16393K(49664K), 0.0004940 secs] [Times: user=0.00 sys=0.00, real=0.00 secs] 
77.646: Total time for which application threads were stopped: 0.0006040 seconds, Stopping threads took: 0.0000530 seconds
77.688: Application time: 0.0412560 seconds
77.688: [GC [PSYoungGen: 14299K->992K(15360K)] 29701K->16393K(49664K), 0.0005550 secs] [Times: user=0.00 sys=0.00, real=0.01 secs] 
77.688: Total time for which application threads were stopped: 0.0006770 seconds, Stopping threads took: 0.0000570 seconds
77.736: Application time: 0.0478490 seconds
77.736: [GC [PSYoungGen: 14301K->1248K(15360K)] 29703K->16649K(49664K), 0.0005350 secs] [Times: user=0.00 sys=0.00, real=0.00 secs] 
77.737: Total time for which application threads were stopped: 0.0006440 seconds, Stopping threads took: 0.0000530 seconds
77.779: Application time: 0.0423650 seconds
77.779: [GC [PSYoungGen: 14557K->1472K(15360K)] 29959K->16873K(49664K), 0.0005840 secs] [Times: user=0.00 sys=0.00, real=0.00 secs] 
77.780: Total time for which application threads were stopped: 0.0007070 seconds, Stopping threads took: 0.0000680 seconds
77.819: Application time: 0.0389270 seconds
77.819: [GC [PSYoungGen: 14758K->1488K(15360K)] 30160K->16889K(49664K), 0.0006530 secs] [Times: user=0.01 sys=0.00, real=0.00 secs] 
77.820: Total time for which application threads were stopped: 0.0007720 seconds, Stopping threads took: 0.0000620 seconds
77.859: Application time: 0.0395110 seconds
77.859: [GC [PSYoungGen: 14797K->1728K(15360K)] 30199K->17129K(49664K), 0.0006570 secs] [Times: user=0.01 sys=0.00, real=0.00 secs] 
77.860: Total time for which application threads were stopped: 0.0007990 seconds, Stopping threads took: 0.0000810 seconds
77.914: Application time: 0.0540790 seconds
77.916: [GC [PSYoungGen: 15039K->1792K(15360K)] 30441K->17193K(49664K), 0.0007100 secs] [Times: user=0.01 sys=0.00, real=0.00 secs] 
77.918: Total time for which application threads were stopped: 0.0039750 seconds, Stopping threads took: 0.0022330 seconds
77.964: Application time: 0.0458070 seconds
77.964: [GC [PSYoungGen: 15102K->1952K(15360K)] 30503K->17354K(49664K), 0.0006780 secs] [Times: user=0.00 sys=0.00, real=0.00 secs] 
77.965: Total time for which application threads were stopped: 0.0007810 seconds, Stopping threads took: 0.0000470 seconds
78.012: Application time: 0.0473380 seconds
78.012: [GC [PSYoungGen: 15260K->1968K(15360K)] 30662K->17370K(49664K), 0.0007230 secs] [Times: user=0.00 sys=0.00, real=0.00 secs] 
78.013: Total time for which application threads were stopped: 0.0008360 seconds, Stopping threads took: 0.0000540 seconds
78.067: Application time: 0.0543290 seconds
78.067: [GC [PSYoungGen: 15275K->1936K(15360K)] 30677K->17338K(49664K), 0.0006820 secs] [Times: user=0.00 sys=0.00, real=0.00 secs] 
78.068: Total time for which application threads were stopped: 0.0007950 seconds, Stopping threads took: 0.0000560 seconds
78.125: Application time: 0.0570000 seconds
78.125: [GC [PSYoungGen: 15244K->1904K(15360K)] 30646K->17305K(49664K), 0.0006750 secs] [Times: user=0.01 sys=0.00, real=0.00 secs] 
78.126: Total time for which application threads were stopped: 0.0007920 seconds, Stopping threads took: 0.0000590 seconds
78.182: Application time: 0.0560510 seconds
78.182: [GC [PSYoungGen: 15212K->1920K(15360K)] 30614K->17322K(49664K), 0.0007090 secs] [Times: user=0.01 sys=0.00, real=0.00 secs] 
78.183: Total time for which application threads were stopped: 0.0008050 seconds, Stopping threads took: 0.0000390 seconds
78.239: Application time: 0.0559440 seconds
78.239: [GC [PSYoungGen: 15228K->1728K(15360K)] 30630K->17366K(49664K), 0.0007230 secs] [Times: user=0.01 sys=0.00, real=0.00 secs] 
78.239: Total time for which application threads were stopped: 0.0008430 seconds, Stopping threads took: 0.0000610 seconds
78.296: Application time: 0.0564970 seconds
78.296: [GC [PSYoungGen: 15036K->1744K(15360K)] 30675K->17382K(49664K), 0.0006350 secs] [Times: user=0.00 sys=0.00, real=0.00 secs] 
78.297: Total time for which application threads were stopped: 0.0007500 seconds, Stopping threads took: 0.0000570 seconds
78.355: Application time: 0.0582930 seconds
78.355: [GC [PSYoungGen: 15053K->1488K(15360K)] 30692K->17374K(49664K), 0.0006430 secs] [Times: user=0.00 sys=0.00, real=0.00 secs] 
78.356: Total time for which application threads were stopped: 0.0007620 seconds, Stopping threads took: 0.0000650 seconds
78.412: Application time: 0.0567640 seconds
78.413: [GC [PSYoungGen: 14796K->1440K(15360K)] 30683K->17366K(49664K), 0.0005980 secs] [Times: user=0.01 sys=0.00, real=0.00 secs] 
78.413: Total time for which application threads were stopped: 0.0007140 seconds, Stopping threads took: 0.0000610 seconds
78.472: Application time: 0.0587480 seconds
78.472: [GC [PSYoungGen: 14749K->1392K(15360K)] 30676K->17318K(49664K), 0.0006620 secs] [Times: user=0.01 sys=0.00, real=0.00 secs] 
78.473: Total time for which application threads were stopped: 0.0008050 seconds, Stopping threads took: 0.0000700 seconds
78.533: Application time: 0.0606330 seconds
78.533: [GC [PSYoungGen: 14701K->1376K(15360K)] 30628K->17350K(49664K), 0.0005720 secs] [Times: user=0.00 sys=0.00, real=0.00 secs] 
78.534: Total time for which application threads were stopped: 0.0007120 seconds, Stopping threads took: 0.0000840 seconds
78.594: Application time: 0.0599970 seconds
78.594: [GC [PSYoungGen: 14685K->1376K(15360K)] 30660K->17390K(49664K), 0.0006200 secs] [Times: user=0.00 sys=0.00, real=0.00 secs] 
78.595: Total time for which application threads were stopped: 0.0007310 seconds, Stopping threads took: 0.0000550 seconds
78.654: Application time: 0.0596050 seconds
78.654: [GC [PSYoungGen: 14685K->1312K(15360K)] 30700K->17366K(49664K), 0.0005620 secs] [Times: user=0.00 sys=0.00, real=0.00 secs] 
78.655: Total time for which application threads were stopped: 0.0006740 seconds, Stopping threads took: 0.0000540 seconds
78.714: Application time: 0.0588910 seconds
78.714: [GC [PSYoungGen: 14621K->1312K(15360K)] 30676K->17414K(49664K), 0.0005680 secs] [Times: user=0.01 sys=0.00, real=0.00 secs] 
78.715: Total time for which application threads were stopped: 0.0006950 seconds, Stopping threads took: 0.0000710 seconds
78.762: Application time: 0.0475440 seconds
78.762: [GC [PSYoungGen: 14621K->1472K(15360K)] 30724K->17574K(49664K), 0.0006270 secs] [Times: user=0.01 sys=0.00, real=0.00 secs] 
78.763: Total time for which application threads were stopped: 0.0007420 seconds, Stopping threads took: 0.0000590 seconds
78.814: Application time: 0.0511280 seconds
78.814: [GC [PSYoungGen: 14783K->1504K(15360K)] 30886K->17646K(49664K), 0.0005700 secs] [Times: user=0.00 sys=0.00, real=0.00 secs] 
78.815: Total time for which application threads were stopped: 0.0006910 seconds, Stopping threads took: 0.0000650 seconds
78.870: Application time: 0.0554750 seconds
78.870: [GC [PSYoungGen: 14813K->1664K(15360K)] 30955K->17806K(49664K), 0.0006570 secs] [Times: user=0.00 sys=0.00, real=0.00 secs] 
78.871: Total time for which application threads were stopped: 0.0007690 seconds, Stopping threads took: 0.0000550 seconds
78.912: Application time: 0.0413230 seconds
78.912: [GC [PSYoungGen: 14973K->1504K(15360K)] 31116K->17875K(49664K), 0.0005980 secs] [Times: user=0.01 sys=0.00, real=0.00 secs] 
78.913: Total time for which application threads were stopped: 0.0007120 seconds, Stopping threads took: 0.0000590 seconds
78.971: Application time: 0.0574790 seconds
78.971: [GC [PSYoungGen: 14815K->1248K(15360K)] 31186K->17827K(49664K), 0.0006180 secs] [Times: user=0.00 sys=0.00, real=0.00 secs] 
78.971: Total time for which application threads were stopped: 0.0007280 seconds, Stopping threads took: 0.0000550 seconds
79.028: Application time: 0.0571170 seconds
79.028: [GC [PSYoungGen: 14559K->1184K(15360K)] 31138K->17967K(49664K), 0.0006150 secs] [Times: user=0.01 sys=0.00, real=0.00 secs] 
79.029: Total time for which application threads were stopped: 0.0007380 seconds, Stopping threads took: 0.0000560 seconds
79.090: Application time: 0.0605690 seconds
79.090: [GC [PSYoungGen: 14493K->832K(15360K)] 31277K->17836K(49664K), 0.0005040 secs] [Times: user=0.00 sys=0.00, real=0.00 secs] 
79.090: Total time for which application threads were stopped: 0.0006150 seconds, Stopping threads took: 0.0000570 seconds
79.150: Application time: 0.0593080 seconds
79.150: [GC [PSYoungGen: 14141K->736K(15360K)] 31145K->17944K(49664K), 0.0005190 secs] [Times: user=0.00 sys=0.00, real=0.00 secs] 
79.150: Total time for which application threads were stopped: 0.0006390 seconds, Stopping threads took: 0.0000570 seconds
79.207: Application time: 0.0562890 seconds
79.208: [GC [PSYoungGen: 14047K->768K(15360K)] 31256K->17976K(49664K), 0.0004900 secs] [Times: user=0.00 sys=0.00, real=0.00 secs] 
79.209: Total time for which application threads were stopped: 0.0022660 seconds, Stopping threads took: 0.0017210 seconds
79.269: Application time: 0.0606210 seconds
79.270: [GC [PSYoungGen: 14077K->512K(15360K)] 31285K->17949K(49664K), 0.0004780 secs] [Times: user=0.00 sys=0.00, real=0.00 secs] 
79.270: Total time for which application threads were stopped: 0.0006030 seconds, Stopping threads took: 0.0000700 seconds
79.319: Application time: 0.0487040 seconds
79.319: [GC [PSYoungGen: 13819K->928K(15360K)] 31257K->18365K(49664K), 0.0004930 secs] [Times: user=0.01 sys=0.00, real=0.00 secs] 
79.319: Total time for which application threads were stopped: 0.0006030 seconds, Stopping threads took: 0.0000550 seconds
79.364: Application time: 0.0443840 seconds
79.364: [GC [PSYoungGen: 14236K->992K(15360K)] 31674K->18429K(49664K), 0.0004990 secs] [Times: user=0.00 sys=0.00, real=0.00 secs] 
79.364: Total time for which application threads were stopped: 0.0006020 seconds, Stopping threads took: 0.0000450 seconds
79.406: Application time: 0.0413670 seconds
79.406: [GC [PSYoungGen: 14299K->1056K(15360K)] 31737K->18493K(49664K), 0.0005120 secs] [Times: user=0.01 sys=0.00, real=0.00 secs] 
79.406: Total time for which application threads were stopped: 0.0006440 seconds, Stopping threads took: 0.0000750 seconds
79.450: Application time: 0.0436000 seconds
79.450: [GC [PSYoungGen: 14365K->1216K(15360K)] 31803K->18653K(49664K), 0.0005370 secs] [Times: user=0.00 sys=0.00, real=0.00 secs] 
79.451: Total time for which application threads were stopped: 0.0006440 seconds, Stopping threads took: 0.0000510 seconds
79.499: Application time: 0.0485370 seconds
79.499: [GC [PSYoungGen: 14525K->1280K(15360K)] 31963K->18717K(49664K), 0.0006010 secs] [Times: user=0.00 sys=0.00, real=0.00 secs] 
79.500: Total time for which application threads were stopped: 0.0007160 seconds, Stopping threads took: 0.0000590 seconds
79.541: Application time: 0.0406400 seconds
79.541: [GC [PSYoungGen: 14587K->1664K(15360K)] 32025K->19101K(49664K), 0.0006130 secs] [Times: user=0.01 sys=0.00, real=0.00 secs] 
79.541: Total time for which application threads were stopped: 0.0007460 seconds, Stopping threads took: 0.0000570 seconds
79.580: Application time: 0.0386940 seconds
79.580: [GC [PSYoungGen: 14972K->1712K(15360K)] 32409K->19149K(49664K), 0.0006750 secs] [Times: user=0.00 sys=0.00, real=0.01 secs] 
79.581: Total time for which application threads were stopped: 0.0007890 seconds, Stopping threads took: 0.0000580 seconds
79.633: Application time: 0.0521060 seconds
79.636: [GC [PSYoungGen: 15020K->1760K(15360K)] 32458K->19197K(49664K), 0.0006280 secs] [Times: user=0.00 sys=0.00, real=0.00 secs] 
79.637: Total time for which application threads were stopped: 0.0041040 seconds, Stopping threads took: 0.0034170 seconds
79.683: Application time: 0.0463980 seconds
79.683: [GC [PSYoungGen: 15070K->1904K(15360K)] 32508K->19341K(49664K), 0.0006890 secs] [Times: user=0.00 sys=0.00, real=0.00 secs] 
79.684: Total time for which application threads were stopped: 0.0007940 seconds, Stopping threads took: 0.0000490 seconds
79.731: Application time: 0.0466620 seconds
79.731: [GC [PSYoungGen: 15212K->1920K(15360K)] 32650K->19357K(49664K), 0.0006810 secs] [Times: user=0.01 sys=0.00, real=0.00 secs] 
79.732: Total time for which application threads were stopped: 0.0008100 seconds, Stopping threads took: 0.0000720 seconds
79.787: Application time: 0.0548860 seconds
79.787: [GC [PSYoungGen: 15230K->1984K(15360K)] 32668K->19421K(49664K), 0.0007510 secs] [Times: user=0.01 sys=0.00, real=0.00 secs] 
79.787: Total time for which application threads were stopped: 0.0008660 seconds, Stopping threads took: 0.0000570 seconds
79.844: Application time: 0.0561560 seconds
79.844: [GC [PSYoungGen: 15292K->1936K(15360K)] 32730K->19373K(49664K), 0.0006900 secs] [Times: user=0.01 sys=0.00, real=0.00 secs] 
79.844: Total time for which application threads were stopped: 0.0008090 seconds, Stopping threads took: 0.0000560 seconds
79.900: Application time: 0.0560020 seconds
79.900: [GC [PSYoungGen: 15244K->1952K(15360K)] 32681K->19389K(49664K), 0.0006990 secs] [Times: user=0.01 sys=0.00, real=0.00 secs] 
79.901: Total time for which application threads were stopped: 0.0008130 seconds, Stopping threads took: 0.0000600 seconds
79.957: Application time: 0.0562320 seconds
79.958: [GC [PSYoungGen: 15260K->1680K(15360K)] 32698K->19349K(49664K), 0.0008170 secs] [Times: user=0.01 sys=0.00, real=0.00 secs] 
79.958: Total time for which application threads were stopped: 0.0009390 seconds, Stopping threads took: 0.0000610 seconds
80.016: Application time: 0.0574280 seconds
80.016: [GC [PSYoungGen: 14991K->1712K(15360K)] 32660K->19381K(49664K), 0.0005990 secs] [Times: user=0.00 sys=0.00, real=0.00 secs] 
80.016: Total time for which application threads were stopped: 0.0006980 seconds, Stopping threads took: 0.0000470 seconds
80.075: Application time: 0.0584390 seconds
80.075: [GC [PSYoungGen: 15021K->1440K(15360K)] 32691K->19354K(49664K), 0.0006660 secs] [Times: user=0.00 sys=0.00, real=0.00 secs] 
80.076: Total time for which application threads were stopped: 0.0007860 seconds, Stopping threads took: 0.0000540 seconds
80.133: Application time: 0.0569530 seconds
80.133: [GC [PSYoungGen: 14748K->1472K(15360K)] 32662K->19442K(49664K), 0.0005690 secs] [Times: user=0.00 sys=0.00, real=0.00 secs] 
80.133: Total time for which application threads were stopped: 0.0006880 seconds, Stopping threads took: 0.0000640 seconds
80.193: Application time: 0.0592010 seconds
80.193: [GC [PSYoungGen: 14781K->1472K(15360K)] 32751K->19442K(49664K), 0.0005800 secs] [Times: user=0.00 sys=0.00, real=0.00 secs] 
80.193: Total time for which application threads were stopped: 0.0006890 seconds, Stopping threads took: 0.0000500 seconds
80.253: Application time: 0.0596940 seconds
80.253: [GC [PSYoungGen: 14781K->1376K(15360K)] 32751K->19394K(49664K), 0.0006080 secs] [Times: user=0.00 sys=0.00, real=0.00 secs] 
80.254: Total time for which application threads were stopped: 0.0007450 seconds, Stopping threads took: 0.0000780 seconds
80.313: Application time: 0.0589080 seconds
80.313: [GC [PSYoungGen: 14685K->1280K(15360K)] 32703K->19346K(49664K), 0.0005650 secs] [Times: user=0.00 sys=0.00, real=0.00 secs] 
80.313: Total time for which application threads were stopped: 0.0006820 seconds, Stopping threads took: 0.0000600 seconds
80.373: Application time: 0.0595200 seconds
80.376: [GC [PSYoungGen: 14589K->1360K(15360K)] 32655K->19426K(49664K), 0.0005910 secs] [Times: user=0.00 sys=0.00, real=0.00 secs] 
80.377: Total time for which application threads were stopped: 0.0041300 seconds, Stopping threads took: 0.0034800 seconds
80.437: Application time: 0.0598080 seconds
80.437: [GC [PSYoungGen: 14669K->1312K(15360K)] 32735K->19458K(49664K), 0.0005700 secs] [Times: user=0.00 sys=0.00, real=0.00 secs] 
80.437: Total time for which application threads were stopped: 0.0006920 seconds, Stopping threads took: 0.0000650 seconds
80.488: Application time: 0.0506350 seconds
80.488: [GC [PSYoungGen: 14620K->1520K(15360K)] 32766K->19666K(49664K), 0.0005930 secs] [Times: user=0.01 sys=0.00, real=0.01 secs] 
80.489: Total time for which application threads were stopped: 0.0007160 seconds, Stopping threads took: 0.0000630 seconds
80.537: Application time: 0.0480480 seconds
80.537: [GC [PSYoungGen: 14831K->1504K(15360K)] 32978K->19690K(49664K), 0.0005990 secs] [Times: user=0.00 sys=0.00, real=0.00 secs] 
80.538: Total time for which application threads were stopped: 0.0006970 seconds, Stopping threads took: 0.0000430 seconds
80.589: Application time: 0.0519470 seconds
80.590: [GC [PSYoungGen: 14813K->1728K(15360K)] 33000K->19914K(49664K), 0.0005990 secs] [Times: user=0.01 sys=0.00, real=0.00 secs] 
80.590: Total time for which application threads were stopped: 0.0007250 seconds, Stopping threads took: 0.0000560 seconds
80.634: Application time: 0.0441660 seconds
80.634: [GC [PSYoungGen: 15038K->1472K(15360K)] 33225K->19862K(49664K), 0.0006210 secs] [Times: user=0.00 sys=0.00, real=0.00 secs] 
80.635: Total time for which application threads were stopped: 0.0007410 seconds, Stopping threads took: 0.0000630 seconds
80.692: Application time: 0.0569130 seconds
80.692: [GC [PSYoungGen: 14783K->1280K(15360K)] 33174K->19883K(49664K), 0.0005680 secs] [Times: user=0.01 sys=0.00, real=0.00 secs] 
80.693: Total time for which application threads were stopped: 0.0006770 seconds, Stopping threads took: 0.0000530 seconds
80.754: Application time: 0.0614160 seconds
80.754: [GC [PSYoungGen: 14592K->1056K(15360K)] 33195K->19863K(49664K), 0.0005640 secs] [Times: user=0.01 sys=0.00, real=0.00 secs] 
80.755: Total time for which application threads were stopped: 0.0006810 seconds, Stopping threads took: 0.0000600 seconds
80.814: Application time: 0.0587800 seconds
80.814: [GC [PSYoungGen: 14365K->864K(15360K)] 33173K->19876K(49664K), 0.0005110 secs] [Times: user=0.00 sys=0.00, real=0.00 secs] 
80.814: Total time for which application threads were stopped: 0.0006330 seconds, Stopping threads took: 0.0000660 seconds
80.874: Application time: 0.0593060 seconds
80.874: [GC [PSYoungGen: 14173K->704K(15360K)] 33185K->19945K(49664K), 0.0004900 secs] [Times: user=0.01 sys=0.00, real=0.00 secs] 
80.874: Total time for which application threads were stopped: 0.0006260 seconds, Stopping threads took: 0.0000790 seconds
80.931: Application time: 0.0565310 seconds
80.931: [GC [PSYoungGen: 14012K->736K(15360K)] 33253K->19977K(49664K), 0.0004480 secs] [Times: user=0.00 sys=0.00, real=0.00 secs] 
80.931: Total time for which application threads were stopped: 0.0005650 seconds, Stopping threads took: 0.0000640 seconds
80.990: Application time: 0.0586900 seconds
80.990: [GC [PSYoungGen: 14045K->512K(15360K)] 33286K->19981K(49664K), 0.0004620 secs] [Times: user=0.00 sys=0.00, real=0.00 secs] 
80.991: Total time for which application threads were stopped: 0.0005620 seconds, Stopping threads took: 0.0000430 seconds
81.035: Application time: 0.0449090 seconds
81.036: [GC [PSYoungGen: 13822K->928K(15360K)] 33291K->20397K(49664K), 0.0004980 secs] [Times: user=0.00 sys=0.00, real=0.00 secs] 
81.036: Total time for which application threads were stopped: 0.0006190 seconds, Stopping threads took: 0.0000660 seconds
81.083: Application time: 0.0473100 seconds
81.083: [GC [PSYoungGen: 14235K->1024K(15360K)] 33705K->20493K(49664K), 0.0004950 secs] [Times: user=0.00 sys=0.00, real=0.00 secs] 
81.084: Total time for which application threads were stopped: 0.0006080 seconds, Stopping threads took: 0.0000550 seconds
81.125: Application time: 0.0407650 seconds
81.125: [GC [PSYoungGen: 14334K->832K(15360K)] 33804K->20301K(49664K), 0.0005250 secs] [Times: user=0.00 sys=0.00, real=0.00 secs] 
81.125: Total time for which application threads were stopped: 0.0006480 seconds, Stopping threads took: 0.0000580 seconds
81.172: Application time: 0.0470300 seconds
81.173: [GC [PSYoungGen: 14141K->1248K(15360K)] 33611K->20717K(49664K), 0.0005870 secs] [Times: user=0.00 sys=0.00, real=0.00 secs] 
81.173: Total time for which application threads were stopped: 0.0006960 seconds, Stopping threads took: 0.0000550 seconds
81.220: Application time: 0.0464360 seconds
81.220: [GC [PSYoungGen: 14557K->1280K(15360K)] 34027K->20749K(49664K), 0.0005530 secs] [Times: user=0.00 sys=0.00, real=0.00 secs] 
81.220: Total time for which application threads were stopped: 0.0006710 seconds, Stopping threads took: 0.0000620 seconds
81.263: Application time: 0.0423160 seconds
81.264: [GC [PSYoungGen: 14527K->1632K(15360K)] 33997K->21101K(49664K), 0.0006340 secs] [Times: user=0.00 sys=0.00, real=0.00 secs] 
81.265: Total time for which application threads were stopped: 0.0024130 seconds, Stopping threads took: 0.0017240 seconds
81.298: Application time: 0.0335280 seconds
81.299: [GC [PSYoungGen: 14904K->1648K(15360K)] 34374K->21117K(49664K), 0.0006250 secs] [Times: user=0.00 sys=0.00, real=0.00 secs] 
81.299: Total time for which application threads were stopped: 0.0007570 seconds, Stopping threads took: 0.0000660 seconds
81.354: Application time: 0.0549530 seconds
81.354: [GC [PSYoungGen: 14958K->1664K(15360K)] 34428K->21133K(49664K), 0.0006520 secs] [Times: user=0.00 sys=0.00, real=0.00 secs] 
81.355: Total time for which application threads were stopped: 0.0007720 seconds, Stopping threads took: 0.0000660 seconds
81.407: Application time: 0.0520560 seconds
81.407: [GC [PSYoungGen: 14973K->1936K(15360K)] 34443K->21405K(49664K), 0.0006600 secs] [Times: user=0.00 sys=0.00, real=0.00 secs] 
81.408: Total time for which application threads were stopped: 0.0007760 seconds, Stopping threads took: 0.0000590 seconds
81.448: Application time: 0.0401080 seconds
81.448: [GC [PSYoungGen: 15247K->1936K(15360K)] 34717K->21405K(49664K), 0.0006950 secs] [Times: user=0.01 sys=0.00, real=0.01 secs] 
81.449: Total time for which application threads were stopped: 0.0008050 seconds, Stopping threads took: 0.0000530 seconds
81.505: Application time: 0.0561390 seconds
81.508: [GC [PSYoungGen: 15245K->1920K(15360K)] 34714K->21389K(49664K), 0.0007400 secs] [Times: user=0.00 sys=0.00, real=0.00 secs] 
81.509: Total time for which application threads were stopped: 0.0041890 seconds, Stopping threads took: 0.0033880 seconds
81.565: Application time: 0.0560480 seconds
81.565: [GC [PSYoungGen: 15230K->1936K(15360K)] 34700K->21405K(49664K), 0.0006790 secs] [Times: user=0.00 sys=0.00, real=0.00 secs] 
81.566: Total time for which application threads were stopped: 0.0007930 seconds, Stopping threads took: 0.0000570 seconds
81.622: Application time: 0.0559370 seconds
81.622: [GC [PSYoungGen: 15244K->1856K(15360K)] 34714K->21325K(49664K), 0.0006770 secs] [Times: user=0.00 sys=0.00, real=0.00 secs] 
81.623: Total time for which application threads were stopped: 0.0007910 seconds, Stopping threads took: 0.0000570 seconds
81.679: Application time: 0.0559960 seconds
81.679: [GC [PSYoungGen: 15166K->1680K(15360K)] 34635K->21402K(49664K), 0.0006810 secs] [Times: user=0.00 sys=0.00, real=0.00 secs] 
81.679: Total time for which application threads were stopped: 0.0008080 seconds, Stopping threads took: 0.0000620 seconds
81.736: Application time: 0.0564700 seconds
81.736: [GC [PSYoungGen: 14988K->1712K(15360K)] 34710K->21434K(49664K), 0.0006570 secs] [Times: user=0.01 sys=0.00, real=0.00 secs] 
81.737: Total time for which application threads were stopped: 0.0007790 seconds, Stopping threads took: 0.0000650 seconds
81.796: Application time: 0.0591830 seconds
81.796: [GC [PSYoungGen: 15023K->1408K(15360K)] 34745K->21398K(49664K), 0.0006640 secs] [Times: user=0.01 sys=0.00, real=0.00 secs] 
81.797: Total time for which application threads were stopped: 0.0007880 seconds, Stopping threads took: 0.0000670 seconds
81.853: Application time: 0.0567350 seconds
81.854: [GC [PSYoungGen: 14716K->1504K(15360K)] 34707K->21542K(49664K), 0.0006700 secs] [Times: user=0.00 sys=0.00, real=0.00 secs] 
81.854: Total time for which application threads were stopped: 0.0007900 seconds, Stopping threads took: 0.0000660 seconds
81.913: Application time: 0.0591950 seconds
81.914: [GC [PSYoungGen: 14813K->1424K(15360K)] 34852K->21462K(49664K), 0.0005930 secs] [Times: user=0.00 sys=0.00, real=0.00 secs] 
81.914: Total time for which application threads were stopped: 0.0007110 seconds, Stopping threads took: 0.0000630 seconds
81.973: Application time: 0.0591400 seconds
81.976: [GC [PSYoungGen: 14733K->1392K(15360K)] 34772K->21486K(49664K), 0.0006240 secs] [Times: user=0.00 sys=0.00, real=0.00 secs] 
81.977: Total time for which application threads were stopped: 0.0037030 seconds, Stopping threads took: 0.0030240 seconds
82.037: Application time: 0.0595390 seconds
82.037: [GC [PSYoungGen: 14701K->1344K(15360K)] 34796K->21470K(49664K), 0.0006360 secs] [Times: user=0.00 sys=0.00, real=0.00 secs] 
82.037: Total time for which application threads were stopped: 0.0007390 seconds, Stopping threads took: 0.0000470 seconds
82.096: Application time: 0.0588870 seconds
82.096: [GC [PSYoungGen: 14653K->1376K(15360K)] 34780K->21558K(49664K), 0.0007160 secs] [Times: user=0.00 sys=0.00, real=0.00 secs] 
82.097: Total time for which application threads were stopped: 0.0008510 seconds, Stopping threads took: 0.0000670 seconds
82.157: Application time: 0.0601230 seconds
82.157: [GC [PSYoungGen: 14685K->1248K(15360K)] 34868K->21470K(49664K), 0.0006090 secs] [Times: user=0.00 sys=0.00, real=0.00 secs] 
82.158: Total time for which application threads were stopped: 0.0007250 seconds, Stopping threads took: 0.0000620 seconds
82.217: Application time: 0.0593400 seconds
82.217: [GC [PSYoungGen: 14557K->1312K(15360K)] 34780K->21534K(49664K), 0.0005860 secs] [Times: user=0.00 sys=0.00, real=0.00 secs] 
82.218: Total time for which application threads were stopped: 0.0007100 seconds, Stopping threads took: 0.0000550 seconds
82.260: Application time: 0.0425830 seconds
82.261: [GC [PSYoungGen: 14621K->1504K(15360K)] 34844K->21767K(49664K), 0.0005900 secs] [Times: user=0.01 sys=0.00, real=0.00 secs] 
82.261: Total time for which application threads were stopped: 0.0006970 seconds, Stopping threads took: 0.0000480 seconds
82.310: Application time: 0.0491740 seconds
82.310: [GC [PSYoungGen: 14812K->1536K(15360K)] 35075K->22003K(49664K), 0.0006150 secs] [Times: user=0.00 sys=0.00, real=0.00 secs] 
82.311: Total time for which application threads were stopped: 0.0007220 seconds, Stopping threads took: 0.0000520 seconds
82.355: Application time: 0.0436500 seconds
82.355: [GC [PSYoungGen: 14844K->1632K(15360K)] 35312K->22099K(49664K), 0.0006240 secs] [Times: user=0.00 sys=0.00, real=0.00 secs] 
82.355: Total time for which application threads were stopped: 0.0007400 seconds, Stopping threads took: 0.0000600 seconds
82.412: Application time: 0.0569200 seconds
82.412: [GC [PSYoungGen: 14943K->1280K(15360K)] 35410K->21960K(49664K), 0.0005660 secs] [Times: user=0.00 sys=0.00, real=0.00 secs] 
82.413: Total time for which application threads were stopped: 0.0006750 seconds, Stopping threads took: 0.0000540 seconds
82.473: Application time: 0.0595650 seconds
82.473: [GC [PSYoungGen: 14589K->1088K(15360K)] 35269K->21996K(49664K), 0.0005220 secs] [Times: user=0.00 sys=0.00, real=0.00 secs] 
82.473: Total time for which application threads were stopped: 0.0006510 seconds, Stopping threads took: 0.0000720 seconds
82.533: Application time: 0.0592260 seconds
82.533: [GC [PSYoungGen: 14397K->1088K(15360K)] 35306K->21996K(49664K), 0.0005130 secs] [Times: user=0.01 sys=0.00, real=0.00 secs] 
82.533: Total time for which application threads were stopped: 0.0006220 seconds, Stopping threads took: 0.0000540 seconds
82.592: Application time: 0.0584040 seconds
82.592: [GC [PSYoungGen: 14397K->672K(15360K)] 35306K->21993K(49664K), 0.0005210 secs] [Times: user=0.00 sys=0.00, real=0.00 secs] 
82.592: Total time for which application threads were stopped: 0.0006350 seconds, Stopping threads took: 0.0000590 seconds
82.650: Application time: 0.0575470 seconds
82.650: [GC [PSYoungGen: 13983K->768K(15360K)] 35304K->22089K(49664K), 0.0004650 secs] [Times: user=0.00 sys=0.00, real=0.00 secs] 
82.650: Total time for which application threads were stopped: 0.0005810 seconds, Stopping threads took: 0.0000600 seconds
82.707: Application time: 0.0571290 seconds
82.708: [GC [PSYoungGen: 14079K->544K(15360K)] 35401K->22093K(49664K), 0.0004730 secs] [Times: user=0.01 sys=0.00, real=0.00 secs] 
82.708: Total time for which application threads were stopped: 0.0005820 seconds, Stopping threads took: 0.0000540 seconds
82.751: Application time: 0.0431050 seconds
82.751: [GC [PSYoungGen: 13855K->784K(15360K)] 35405K->22333K(49664K), 0.0005350 secs] [Times: user=0.00 sys=0.00, real=0.00 secs] 
82.752: Total time for which application threads were stopped: 0.0006650 seconds, Stopping threads took: 0.0000620 seconds
82.800: Application time: 0.0481060 seconds
82.800: [GC [PSYoungGen: 14093K->960K(15360K)] 35642K->22509K(49664K), 0.0005160 secs] [Times: user=0.00 sys=0.00, real=0.01 secs] 
82.801: Total time for which application threads were stopped: 0.0006290 seconds, Stopping threads took: 0.0000540 seconds
82.842: Application time: 0.0413060 seconds
82.842: [GC [PSYoungGen: 14271K->1024K(15360K)] 35821K->22573K(49664K), 0.0005150 secs] [Times: user=0.00 sys=0.00, real=0.00 secs] 
82.842: Total time for which application threads were stopped: 0.0006240 seconds, Stopping threads took: 0.0000540 seconds
82.894: Application time: 0.0519630 seconds
82.895: [GC [PSYoungGen: 14334K->1248K(15360K)] 35883K->22797K(49664K), 0.0005510 secs] [Times: user=0.00 sys=0.00, real=0.00 secs] 
82.895: Total time for which application threads were stopped: 0.0006550 seconds, Stopping threads took: 0.0000520 seconds
82.938: Application time: 0.0432080 seconds
82.938: [GC [PSYoungGen: 14559K->1248K(15360K)] 36109K->22797K(49664K), 0.0006090 secs] [Times: user=0.00 sys=0.00, real=0.00 secs] 
82.940: Total time for which application threads were stopped: 0.0016500 seconds, Stopping threads took: 0.0000510 seconds
82.987: Application time: 0.0466120 seconds
82.987: [GC [PSYoungGen: 14558K->1696K(15360K)] 36108K->23245K(49664K), 0.0006740 secs] [Times: user=0.01 sys=0.00, real=0.00 secs] 
82.987: Total time for which application threads were stopped: 0.0007840 seconds, Stopping threads took: 0.0000540 seconds
83.020: Application time: 0.0328530 seconds
83.020: [GC [PSYoungGen: 15005K->1664K(15360K)] 36555K->23213K(49664K), 0.0007070 secs] [Times: user=0.00 sys=0.00, real=0.00 secs] 
83.021: Total time for which application threads were stopped: 0.0008230 seconds, Stopping threads took: 0.0000590 seconds
83.074: Application time: 0.0530040 seconds
83.074: [GC [PSYoungGen: 14973K->1728K(15360K)] 36522K->23277K(49664K), 0.0007090 secs] [Times: user=0.00 sys=0.00, real=0.00 secs] 
83.075: Total time for which application threads were stopped: 0.0008230 seconds, Stopping threads took: 0.0000570 seconds
83.130: Application time: 0.0554180 seconds
83.130: [GC [PSYoungGen: 15038K->1728K(15360K)] 36588K->23277K(49664K), 0.0006230 secs] [Times: user=0.01 sys=0.00, real=0.00 secs] 
83.131: Total time for which application threads were stopped: 0.0007440 seconds, Stopping threads took: 0.0000630 seconds
83.170: Application time: 0.0391250 seconds
83.170: [GC [PSYoungGen: 15037K->1936K(15360K)] 36587K->23485K(49664K), 0.0007010 secs] [Times: user=0.00 sys=0.00, real=0.00 secs] 
83.171: Total time for which application threads were stopped: 0.0008090 seconds, Stopping threads took: 0.0000520 seconds
83.224: Application time: 0.0528770 seconds
83.224: [GC [PSYoungGen: 15244K->1920K(15360K)] 36794K->23469K(49664K), 0.0007050 secs] [Times: user=0.00 sys=0.00, real=0.00 secs] 
83.225: Total time for which application threads were stopped: 0.0008200 seconds, Stopping threads took: 0.0000590 seconds
83.281: Application time: 0.0560450 seconds
83.281: [GC [PSYoungGen: 15228K->1936K(15360K)] 36778K->23485K(49664K), 0.0007260 secs] [Times: user=0.00 sys=0.00, real=0.00 secs] 
83.282: Total time for which application threads were stopped: 0.0008610 seconds, Stopping threads took: 0.0000670 seconds
83.338: Application time: 0.0559450 seconds
83.338: [GC [PSYoungGen: 15244K->1872K(15360K)] 36794K->23421K(49664K), 0.0006880 secs] [Times: user=0.01 sys=0.00, real=0.00 secs] 
83.338: Total time for which application threads were stopped: 0.0007960 seconds, Stopping threads took: 0.0000520 seconds
83.396: Application time: 0.0574400 seconds
83.396: [GC [PSYoungGen: 15181K->1920K(15360K)] 36731K->23469K(49664K), 0.0007090 secs] [Times: user=0.00 sys=0.00, real=0.00 secs] 
83.397: Total time for which application threads were stopped: 0.0008390 seconds, Stopping threads took: 0.0000730 seconds
83.451: Application time: 0.0547550 seconds
83.451: [GC [PSYoungGen: 15227K->1648K(15360K)] 36777K->23429K(49664K), 0.0007280 secs] [Times: user=0.00 sys=0.00, real=0.00 secs] 
83.452: Total time for which application threads were stopped: 0.0008450 seconds, Stopping threads took: 0.0000570 seconds
83.511: Application time: 0.0582960 seconds
83.511: [GC [PSYoungGen: 14957K->1472K(15360K)] 36739K->23522K(49664K), 0.0006540 secs] [Times: user=0.00 sys=0.00, real=0.00 secs] 
83.511: Total time for which application threads were stopped: 0.0007830 seconds, Stopping threads took: 0.0000650 seconds
83.568: Application time: 0.0565980 seconds
83.568: [GC [PSYoungGen: 14780K->1408K(15360K)] 36830K->23498K(49664K), 0.0006260 secs] [Times: user=0.00 sys=0.00, real=0.01 secs] 
83.569: Total time for which application threads were stopped: 0.0007420 seconds, Stopping threads took: 0.0000580 seconds
83.628: Application time: 0.0593570 seconds
83.628: [GC [PSYoungGen: 14717K->1440K(15360K)] 36807K->23530K(49664K), 0.0006190 secs] [Times: user=0.00 sys=0.00, real=0.01 secs] 
83.629: Total time for which application threads were stopped: 0.0007310 seconds, Stopping threads took: 0.0000530 seconds
83.688: Application time: 0.0591330 seconds
83.688: [GC [PSYoungGen: 14749K->1424K(15360K)] 36839K->23562K(49664K), 0.0005670 secs] [Times: user=0.01 sys=0.00, real=0.01 secs] 
83.689: Total time for which application threads were stopped: 0.0006720 seconds, Stopping threads took: 0.0000480 seconds
83.748: Application time: 0.0591190 seconds
83.748: [GC [PSYoungGen: 14733K->1376K(15360K)] 36871K->23562K(49664K), 0.0005900 secs] [Times: user=0.00 sys=0.00, real=0.01 secs] 
83.748: Total time for which application threads were stopped: 0.0007090 seconds, Stopping threads took: 0.0000600 seconds
83.808: Application time: 0.0592990 seconds
83.808: [GC [PSYoungGen: 14685K->1328K(15360K)] 36871K->23562K(49664K), 0.0005790 secs] [Times: user=0.00 sys=0.00, real=0.01 secs] 
83.808: Total time for which application threads were stopped: 0.0007070 seconds, Stopping threads took: 0.0000580 seconds
83.867: Application time: 0.0589310 seconds
83.867: [GC [PSYoungGen: 14637K->1344K(15360K)] 36872K->23578K(49664K), 0.0005850 secs] [Times: user=0.00 sys=0.00, real=0.00 secs] 
83.868: Total time for which application threads were stopped: 0.0007010 seconds, Stopping threads took: 0.0000560 seconds
83.927: Application time: 0.0591050 seconds
83.927: [GC [PSYoungGen: 14653K->1280K(15360K)] 36888K->23554K(49664K), 0.0005830 secs] [Times: user=0.00 sys=0.00, real=0.00 secs] 
83.928: Total time for which application threads were stopped: 0.0006930 seconds, Stopping threads took: 0.0000550 seconds
83.972: Application time: 0.0444720 seconds
83.972: [GC [PSYoungGen: 14591K->1536K(15360K)] 36866K->23810K(49664K), 0.0006030 secs] [Times: user=0.01 sys=0.00, real=0.00 secs] 
83.973: Total time for which application threads were stopped: 0.0007190 seconds, Stopping threads took: 0.0000610 seconds
84.023: Application time: 0.0497020 seconds
84.023: [GC [PSYoungGen: 14845K->1440K(15360K)] 37120K->23967K(49664K), 0.0006330 secs] [Times: user=0.00 sys=0.00, real=0.00 secs] 
84.023: Total time for which application threads were stopped: 0.0007410 seconds, Stopping threads took: 0.0000550 seconds
84.065: Application time: 0.0417390 seconds
84.065: [GC [PSYoungGen: 14751K->1504K(15360K)] 37278K->24031K(49664K), 0.0005790 secs] [Times: user=0.01 sys=0.00, real=0.00 secs] 
84.066: Total time for which application threads were stopped: 0.0006810 seconds, Stopping threads took: 0.0000450 seconds
84.124: Application time: 0.0583710 seconds
84.124: [GC [PSYoungGen: 14815K->1248K(15360K)] 37342K->23979K(49664K), 0.0005660 secs] [Times: user=0.00 sys=0.00, real=0.00 secs] 
84.125: Total time for which application threads were stopped: 0.0006790 seconds, Stopping threads took: 0.0000570 seconds
84.182: Application time: 0.0571070 seconds
84.182: [GC [PSYoungGen: 14556K->1152K(15360K)] 37288K->24088K(49664K), 0.0005900 secs] [Times: user=0.00 sys=0.00, real=0.00 secs] 
84.183: Total time for which application threads were stopped: 0.0006960 seconds, Stopping threads took: 0.0000480 seconds
84.241: Application time: 0.0583610 seconds
84.241: [GC [PSYoungGen: 14461K->1120K(15360K)] 37397K->24056K(49664K), 0.0005450 secs] [Times: user=0.00 sys=0.00, real=0.00 secs] 
84.242: Total time for which application threads were stopped: 0.0006530 seconds, Stopping threads took: 0.0000540 seconds
84.300: Application time: 0.0587030 seconds
84.301: [GC [PSYoungGen: 14429K->736K(15360K)] 37365K->24081K(49664K), 0.0005310 secs] [Times: user=0.00 sys=0.00, real=0.00 secs] 
84.301: Total time for which application threads were stopped: 0.0006340 seconds, Stopping threads took: 0.0000460 seconds
84.359: Application time: 0.0583310 seconds
84.360: [GC [PSYoungGen: 14045K->672K(15360K)] 37390K->24017K(49664K), 0.0005360 secs] [Times: user=0.00 sys=0.00, real=0.00 secs] 
84.360: Total time for which application threads were stopped: 0.0006580 seconds, Stopping threads took: 0.0000560 seconds
84.416: Application time: 0.0560900 seconds
84.416: [GC [PSYoungGen: 13981K->544K(15360K)] 37326K->24101K(49664K), 0.0005160 secs] [Times: user=0.00 sys=0.00, real=0.00 secs] 
84.417: Total time for which application threads were stopped: 0.0006350 seconds, Stopping threads took: 0.0000640 seconds
84.461: Application time: 0.0440600 seconds
84.461: [GC [PSYoungGen: 13855K->768K(15360K)] 37413K->24325K(49664K), 0.0004650 secs] [Times: user=0.01 sys=0.00, real=0.00 secs] 
84.461: Total time for which application threads were stopped: 0.0005750 seconds, Stopping threads took: 0.0000550 seconds
84.506: Application time: 0.0447770 seconds
84.506: [GC [PSYoungGen: 14077K->992K(15360K)] 37635K->24549K(49664K), 0.0005320 secs] [Times: user=0.00 sys=0.00, real=0.00 secs] 
84.507: Total time for which application threads were stopped: 0.0006450 seconds, Stopping threads took: 0.0000570 seconds
84.552: Application time: 0.0453410 seconds
84.552: [GC [PSYoungGen: 14300K->992K(15360K)] 37858K->24549K(49664K), 0.0004950 secs] [Times: user=0.00 sys=0.00, real=0.00 secs] 
84.553: Total time for which application threads were stopped: 0.0006130 seconds, Stopping threads took: 0.0000630 seconds
84.606: Application time: 0.0532860 seconds
84.606: [GC [PSYoungGen: 14303K->1248K(15360K)] 37861K->24805K(49664K), 0.0005660 secs] [Times: user=0.00 sys=0.00, real=0.00 secs] 
84.607: Total time for which application threads were stopped: 0.0006880 seconds, Stopping threads took: 0.0000660 seconds
84.649: Application time: 0.0418660 seconds
84.649: [GC [PSYoungGen: 14559K->1280K(15360K)] 38117K->24837K(49664K), 0.0005730 secs] [Times: user=0.01 sys=0.00, real=0.00 secs] 
84.649: Total time for which application threads were stopped: 0.0006750 seconds, Stopping threads took: 0.0000500 seconds
84.697: Application time: 0.0478020 seconds
84.697: [GC [PSYoungGen: 14588K->1728K(15360K)] 38146K->25285K(49664K), 0.0006290 secs] [Times: user=0.00 sys=0.00, real=0.00 secs] 
84.698: Total time for which application threads were stopped: 0.0007480 seconds, Stopping threads took: 0.0000590 seconds
84.731: Application time: 0.0326220 seconds
84.731: [GC [PSYoungGen: 15039K->1696K(15360K)] 38597K->25253K(49664K), 0.0006460 secs] [Times: user=0.01 sys=0.00, real=0.00 secs] 
84.731: Total time for which application threads were stopped: 0.0007580 seconds, Stopping threads took: 0.0000580 seconds
84.782: Application time: 0.0510730 seconds
84.782: [GC [PSYoungGen: 15005K->1728K(15360K)] 38563K->25285K(49664K), 0.0006490 secs] [Times: user=0.00 sys=0.00, real=0.00 secs] 
84.783: Total time for which application threads were stopped: 0.0007730 seconds, Stopping threads took: 0.0000680 seconds
84.838: Application time: 0.0550440 seconds
84.838: [GC [PSYoungGen: 15036K->1696K(15360K)] 38594K->25253K(49664K), 0.0006990 secs] [Times: user=0.01 sys=0.00, real=0.00 secs] 
84.839: Total time for which application threads were stopped: 0.0008150 seconds, Stopping threads took: 0.0000620 seconds
84.881: Application time: 0.0416330 seconds
84.881: [GC [PSYoungGen: 15005K->1936K(15360K)] 38563K->25493K(49664K), 0.0007010 secs] [Times: user=0.00 sys=0.00, real=0.00 secs] 
84.881: Total time for which application threads were stopped: 0.0008260 seconds, Stopping threads took: 0.0000570 seconds
84.931: Application time: 0.0496330 seconds
84.931: [GC [PSYoungGen: 15245K->1984K(15360K)] 38802K->25541K(49664K), 0.0007010 secs] [Times: user=0.00 sys=0.00, real=0.00 secs] 
84.932: Total time for which application threads were stopped: 0.0008140 seconds, Stopping threads took: 0.0000580 seconds
84.988: Application time: 0.0564100 seconds
84.988: [GC [PSYoungGen: 15295K->1920K(15360K)] 38853K->25477K(49664K), 0.0006860 secs] [Times: user=0.00 sys=0.00, real=0.00 secs] 
84.989: Total time for which application threads were stopped: 0.0008130 seconds, Stopping threads took: 0.0000700 seconds
85.045: Application time: 0.0560110 seconds
85.045: [GC [PSYoungGen: 15228K->1904K(15360K)] 38786K->25461K(49664K), 0.0007300 secs] [Times: user=0.00 sys=0.00, real=0.00 secs] 
85.046: Total time for which application threads were stopped: 0.0008500 seconds, Stopping threads took: 0.0000630 seconds
85.104: Application time: 0.0575010 seconds
85.104: [GC [PSYoungGen: 15215K->1920K(15360K)] 38773K->25477K(49664K), 0.0006320 secs] [Times: user=0.00 sys=0.00, real=0.00 secs] 
85.104: Total time for which application threads were stopped: 0.0007540 seconds, Stopping threads took: 0.0000640 seconds
85.160: Application time: 0.0555100 seconds
85.160: [GC [PSYoungGen: 15230K->1696K(15360K)] 38788K->25498K(49664K), 0.0007690 secs] [Times: user=0.01 sys=0.00, real=0.01 secs] 
85.161: Total time for which application threads were stopped: 0.0008730 seconds, Stopping threads took: 0.0000450 seconds
85.220: Application time: 0.0588670 seconds
85.220: [GC [PSYoungGen: 15005K->1472K(15360K)] 38807K->25511K(49664K), 0.0006450 secs] [Times: user=0.00 sys=0.00, real=0.01 secs] 
85.220: Total time for which application threads were stopped: 0.0007700 seconds, Stopping threads took: 0.0000690 seconds
85.278: Application time: 0.0577660 seconds
85.280: [GC [PSYoungGen: 14783K->1504K(15360K)] 38822K->25607K(49664K), 0.0006340 secs] [Times: user=0.01 sys=0.00, real=0.00 secs] 
85.281: Total time for which application threads were stopped: 0.0029060 seconds, Stopping threads took: 0.0022110 seconds
85.339: Application time: 0.0582530 seconds
85.339: [GC [PSYoungGen: 14812K->1424K(15360K)] 38915K->25527K(49664K), 0.0006180 secs] [Times: user=0.00 sys=0.00, real=0.00 secs] 
85.340: Total time for which application threads were stopped: 0.0007290 seconds, Stopping threads took: 0.0000540 seconds
85.400: Application time: 0.0600550 seconds
85.400: [GC [PSYoungGen: 14733K->1392K(15360K)] 38836K->25543K(49664K), 0.0005970 secs] [Times: user=0.01 sys=0.00, real=0.01 secs] 
85.401: Total time for which application threads were stopped: 0.0007200 seconds, Stopping threads took: 0.0000580 seconds
85.460: Application time: 0.0593010 seconds
85.460: [GC [PSYoungGen: 14701K->1344K(15360K)] 38852K->25543K(49664K), 0.0006050 secs] [Times: user=0.00 sys=0.00, real=0.01 secs] 
85.461: Total time for which application threads were stopped: 0.0007180 seconds, Stopping threads took: 0.0000580 seconds
85.520: Application time: 0.0590370 seconds
85.520: [GC [PSYoungGen: 14653K->1280K(15360K)] 38852K->25519K(49664K), 0.0005730 secs] [Times: user=0.00 sys=0.00, real=0.01 secs] 
85.520: Total time for which application threads were stopped: 0.0006820 seconds, Stopping threads took: 0.0000530 seconds
85.580: Application time: 0.0594520 seconds
85.580: [GC [PSYoungGen: 14589K->1360K(15360K)] 38828K->25599K(49664K), 0.0005740 secs] [Times: user=0.01 sys=0.00, real=0.01 secs] 
85.581: Total time for which application threads were stopped: 0.0006860 seconds, Stopping threads took: 0.0000550 seconds
85.640: Application time: 0.0592110 seconds
85.640: [GC [PSYoungGen: 14669K->1280K(15360K)] 38908K->25567K(49664K), 0.0005840 secs] [Times: user=0.00 sys=0.00, real=0.01 secs] 
85.641: Total time for which application threads were stopped: 0.0006960 seconds, Stopping threads took: 0.0000560 seconds
85.688: Application time: 0.0473540 seconds
85.692: [GC [PSYoungGen: 14589K->1568K(15360K)] 38876K->25855K(49664K), 0.0006520 secs] [Times: user=0.01 sys=0.00, real=0.00 secs] 
85.693: Total time for which application threads were stopped: 0.0050920 seconds, Stopping threads took: 0.0043860 seconds
85.743: Application time: 0.0500300 seconds
85.743: [GC [PSYoungGen: 14875K->1504K(15360K)] 39162K->26027K(49664K), 0.0006410 secs] [Times: user=0.00 sys=0.00, real=0.00 secs] 
85.744: Total time for which application threads were stopped: 0.0007710 seconds, Stopping threads took: 0.0000660 seconds
85.784: Application time: 0.0406810 seconds
85.785: [GC [PSYoungGen: 14814K->1312K(15360K)] 39337K->26064K(49664K), 0.0006100 secs] [Times: user=0.00 sys=0.00, real=0.00 secs] 
85.785: Total time for which application threads were stopped: 0.0007250 seconds, Stopping threads took: 0.0000580 seconds
85.843: Application time: 0.0578690 seconds
85.843: [GC [PSYoungGen: 14621K->1248K(15360K)] 39373K->26000K(49664K), 0.0005450 secs] [Times: user=0.01 sys=0.00, real=0.00 secs] 
85.844: Total time for which application threads were stopped: 0.0006530 seconds, Stopping threads took: 0.0000520 seconds
85.901: Application time: 0.0575940 seconds
85.901: [GC [PSYoungGen: 14559K->1088K(15360K)] 39311K->26044K(49664K), 0.0005660 secs] [Times: user=0.00 sys=0.00, real=0.00 secs] 
85.902: Total time for which application threads were stopped: 0.0006910 seconds, Stopping threads took: 0.0000610 seconds
85.961: Application time: 0.0585120 seconds
85.961: [GC [PSYoungGen: 14397K->1120K(15360K)] 39354K->26076K(49664K), 0.0005270 secs] [Times: user=0.00 sys=0.00, real=0.00 secs] 
85.961: Total time for which application threads were stopped: 0.0006470 seconds, Stopping threads took: 0.0000650 seconds
86.020: Application time: 0.0587680 seconds
86.020: [GC [PSYoungGen: 14429K->704K(15360K)] 39386K->26069K(49664K), 0.0005300 secs] [Times: user=0.00 sys=0.00, real=0.01 secs] 
86.021: Total time for which application threads were stopped: 0.0006510 seconds, Stopping threads took: 0.0000650 seconds
86.081: Application time: 0.0599300 seconds
86.081: [GC [PSYoungGen: 14016K->736K(15360K)] 39381K->26101K(49664K), 0.0004480 secs] [Times: user=0.00 sys=0.00, real=0.00 secs] 
86.081: Total time for which application threads were stopped: 0.0005820 seconds, Stopping threads took: 0.0000780 seconds
86.138: Application time: 0.0569570 seconds
86.138: [GC [PSYoungGen: 14045K->736K(15360K)] 39411K->26101K(49664K), 0.0004650 secs] [Times: user=0.00 sys=0.00, real=0.00 secs] 
86.139: Total time for which application threads were stopped: 0.0005780 seconds, Stopping threads took: 0.0000600 seconds
86.183: Application time: 0.0438670 seconds
86.183: [GC [PSYoungGen: 14043K->800K(15360K)] 39409K->26378K(49664K), 0.0005020 secs] [Times: user=0.00 sys=0.00, real=0.00 secs] 
86.183: Total time for which application threads were stopped: 0.0006190 seconds, Stopping threads took: 0.0000620 seconds
86.228: Application time: 0.0445280 seconds
86.228: [GC [PSYoungGen: 14110K->992K(15360K)] 39689K->26570K(49664K), 0.0005040 secs] [Times: user=0.00 sys=0.00, real=0.01 secs] 
86.228: Total time for which application threads were stopped: 0.0006360 seconds, Stopping threads took: 0.0000760 seconds
86.273: Application time: 0.0446840 seconds
86.273: [GC [PSYoungGen: 14301K->1024K(15360K)] 39879K->26602K(49664K), 0.0005400 secs] [Times: user=0.01 sys=0.00, real=0.00 secs] 
86.274: Total time for which application threads were stopped: 0.0006540 seconds, Stopping threads took: 0.0000570 seconds
86.325: Application time: 0.0511090 seconds
86.325: [GC [PSYoungGen: 14334K->1152K(15360K)] 39912K->26730K(49664K), 0.0006110 secs] [Times: user=0.01 sys=0.00, real=0.00 secs] 
86.325: Total time for which application threads were stopped: 0.0007250 seconds, Stopping threads took: 0.0000550 seconds
86.370: Application time: 0.0443680 seconds
86.370: [GC [PSYoungGen: 14463K->1280K(15360K)] 40041K->26858K(49664K), 0.0005690 secs] [Times: user=0.00 sys=0.00, real=0.00 secs] 
86.371: Total time for which application threads were stopped: 0.0006850 seconds, Stopping threads took: 0.0000610 seconds
86.426: Application time: 0.0549910 seconds
86.426: [GC [PSYoungGen: 14590K->1488K(15360K)] 40169K->27066K(49664K), 0.0006180 secs] [Times: user=0.00 sys=0.00, real=0.00 secs] 
86.426: Total time for which application threads were stopped: 0.0007320 seconds, Stopping threads took: 0.0000490 seconds
86.458: Application time: 0.0319780 seconds
86.458: [GC [PSYoungGen: 14798K->1648K(15360K)] 40376K->27226K(49664K), 0.0006630 secs] [Times: user=0.00 sys=0.00, real=0.00 secs] 
86.459: Total time for which application threads were stopped: 0.0007890 seconds, Stopping threads took: 0.0000670 seconds
86.504: Application time: 0.0449740 seconds
86.504: [GC [PSYoungGen: 14957K->1728K(15360K)] 40536K->27306K(49664K), 0.0006440 secs] [Times: user=0.01 sys=0.00, real=0.00 secs] 
86.505: Total time for which application threads were stopped: 0.0007670 seconds, Stopping threads took: 0.0000650 seconds
86.559: Application time: 0.0546710 seconds
86.560: [GC [PSYoungGen: 15038K->1696K(15360K)] 40616K->27274K(49664K), 0.0006630 secs] [Times: user=0.00 sys=0.00, real=0.00 secs] 
86.560: Total time for which application threads were stopped: 0.0007860 seconds, Stopping threads took: 0.0000610 seconds
86.602: Application time: 0.0420930 seconds
86.602: [GC [PSYoungGen: 15003K->1872K(15360K)] 40582K->27450K(49664K), 0.0007080 secs] [Times: user=0.00 sys=0.00, real=0.00 secs] 
86.603: Total time for which application threads were stopped: 0.0008420 seconds, Stopping threads took: 0.0000790 seconds
86.655: Application time: 0.0519630 seconds
86.655: [GC [PSYoungGen: 15180K->1968K(15360K)] 40759K->27546K(49664K), 0.0007370 secs] [Times: user=0.00 sys=0.00, real=0.00 secs] 
86.656: Total time for which application threads were stopped: 0.0008560 seconds, Stopping threads took: 0.0000620 seconds
86.712: Application time: 0.0556120 seconds
86.712: [GC [PSYoungGen: 15278K->1904K(15360K)] 40856K->27482K(49664K), 0.0007650 secs] [Times: user=0.00 sys=0.00, real=0.00 secs] 
86.713: Total time for which application threads were stopped: 0.0008920 seconds, Stopping threads took: 0.0000650 seconds
86.768: Application time: 0.0559640 seconds
86.769: [GC [PSYoungGen: 15212K->1888K(15360K)] 40790K->27466K(49664K), 0.0007370 secs] [Times: user=0.00 sys=0.00, real=0.00 secs] 
86.769: Total time for which application threads were stopped: 0.0008590 seconds, Stopping threads took: 0.0000650 seconds
86.827: Application time: 0.0578760 seconds
86.827: [GC [PSYoungGen: 15199K->1904K(15360K)] 40778K->27482K(49664K), 0.0006920 secs] [Times: user=0.01 sys=0.00, real=0.00 secs] 
86.828: Total time for which application threads were stopped: 0.0008010 seconds, Stopping threads took: 0.0000510 seconds
86.883: Application time: 0.0546520 seconds
86.883: [GC [PSYoungGen: 15212K->1664K(15360K)] 40791K->27495K(49664K), 0.0007280 secs] [Times: user=0.01 sys=0.00, real=0.00 secs] 
86.884: Total time for which application threads were stopped: 0.0008420 seconds, Stopping threads took: 0.0000550 seconds
86.942: Application time: 0.0581370 seconds
86.942: [GC [PSYoungGen: 14973K->1632K(15360K)] 40804K->27503K(49664K), 0.0006970 secs] [Times: user=0.01 sys=0.00, real=0.00 secs] 
86.942: Total time for which application threads were stopped: 0.0008240 seconds, Stopping threads took: 0.0000630 seconds
86.999: Application time: 0.0567330 seconds
86.999: [GC [PSYoungGen: 14940K->1504K(15360K)] 40811K->27611K(49664K), 0.0006640 secs] [Times: user=0.00 sys=0.00, real=0.00 secs] 
87.000: Total time for which application threads were stopped: 0.0007700 seconds, Stopping threads took: 0.0000490 seconds
87.058: Application time: 0.0584960 seconds
87.059: [GC [PSYoungGen: 14813K->1440K(15360K)] 40921K->27547K(49664K), 0.0006580 secs] [Times: user=0.01 sys=0.00, real=0.00 secs] 
87.059: Total time for which application threads were stopped: 0.0007760 seconds, Stopping threads took: 0.0000620 seconds
87.119: Application time: 0.0595740 seconds
87.119: [GC [PSYoungGen: 14749K->1408K(15360K)] 40857K->27563K(49664K), 0.0005820 secs] [Times: user=0.00 sys=0.00, real=0.00 secs] 
87.120: Total time for which application threads were stopped: 0.0007100 seconds, Stopping threads took: 0.0000710 seconds
87.179: Application time: 0.0594200 seconds
87.179: [GC [PSYoungGen: 14717K->1408K(15360K)] 40873K->27611K(49664K), 0.0006040 secs] [Times: user=0.00 sys=0.00, real=0.00 secs] 
87.180: Total time for which application threads were stopped: 0.0007230 seconds, Stopping threads took: 0.0000630 seconds
87.240: Application time: 0.0605230 seconds
87.240: [GC [PSYoungGen: 14717K->1376K(15360K)] 40921K->27579K(49664K), 0.0005920 secs] [Times: user=0.00 sys=0.00, real=0.00 secs] 
87.241: Total time for which application threads were stopped: 0.0007130 seconds, Stopping threads took: 0.0000670 seconds
87.300: Application time: 0.0595000 seconds
87.301: [GC [PSYoungGen: 14685K->1312K(15360K)] 40889K->27563K(49664K), 0.0006430 secs] [Times: user=0.01 sys=0.00, real=0.00 secs] 
87.301: Total time for which application threads were stopped: 0.0007680 seconds, Stopping threads took: 0.0000690 seconds
87.360: Application time: 0.0589810 seconds
87.360: [GC [PSYoungGen: 14621K->1328K(15360K)] 40873K->27627K(49664K), 0.0005830 secs] [Times: user=0.01 sys=0.00, real=0.00 secs] 
87.361: Total time for which application threads were stopped: 0.0007220 seconds, Stopping threads took: 0.0000820 seconds
87.411: Application time: 0.0499720 seconds
87.411: [GC [PSYoungGen: 14640K->1504K(15360K)] 40939K->27803K(49664K), 0.0006580 secs] [Times: user=0.00 sys=0.00, real=0.00 secs] 
87.412: Total time for which application threads were stopped: 0.0007590 seconds, Stopping threads took: 0.0000460 seconds
87.455: Application time: 0.0429720 seconds
87.455: [GC [PSYoungGen: 14814K->1536K(15360K)] 41114K->28064K(49664K), 0.0006440 secs] [Times: user=0.01 sys=0.00, real=0.00 secs] 
87.455: Total time for which application threads were stopped: 0.0007860 seconds, Stopping threads took: 0.0000700 seconds
87.499: Application time: 0.0431870 seconds
87.499: [GC [PSYoungGen: 14845K->1504K(15360K)] 41373K->28032K(49664K), 0.0006540 secs] [Times: user=0.01 sys=0.00, real=0.00 secs] 
87.499: Total time for which application threads were stopped: 0.0007760 seconds, Stopping threads took: 0.0000640 seconds
87.557: Application time: 0.0575430 seconds
87.560: [GC [PSYoungGen: 14812K->1344K(15360K)] 41341K->28104K(49664K), 0.0005200 secs] [Times: user=0.00 sys=0.00, real=0.00 secs] 
87.561: Total time for which application threads were stopped: 0.0039430 seconds, Stopping threads took: 0.0033700 seconds
87.621: Application time: 0.0596880 seconds
87.621: [GC [PSYoungGen: 14653K->1120K(15360K)] 41413K->28084K(49664K), 0.0005950 secs] [Times: user=0.01 sys=0.00, real=0.00 secs] 
87.621: Total time for which application threads were stopped: 0.0007090 seconds, Stopping threads took: 0.0000550 seconds
87.681: Application time: 0.0594100 seconds
87.681: [GC [PSYoungGen: 14429K->1088K(15360K)] 41394K->28052K(49664K), 0.0005450 secs] [Times: user=0.00 sys=0.00, real=0.00 secs] 
87.681: Total time for which application threads were stopped: 0.0006520 seconds, Stopping threads took: 0.0000500 seconds
87.740: Application time: 0.0588630 seconds
87.740: [GC [PSYoungGen: 14397K->672K(15360K)] 41362K->28054K(49664K), 0.0005350 secs] [Times: user=0.00 sys=0.00, real=0.00 secs] 
87.741: Total time for which application threads were stopped: 0.0006460 seconds, Stopping threads took: 0.0000560 seconds
87.799: Application time: 0.0583610 seconds
87.799: [GC [PSYoungGen: 13981K->704K(15360K)] 41363K->28086K(49664K), 0.0004650 secs] [Times: user=0.01 sys=0.00, real=0.00 secs] 
87.800: Total time for which application threads were stopped: 0.0005770 seconds, Stopping threads took: 0.0000570 seconds
87.856: Application time: 0.0562890 seconds
87.856: [GC [PSYoungGen: 14015K->608K(15360K)] 41397K->28214K(49664K), 0.0004580 secs] [Times: user=0.00 sys=0.00, real=0.00 secs] 
87.857: Total time for which application threads were stopped: 0.0005580 seconds, Stopping threads took: 0.0000470 seconds
87.902: Application time: 0.0450810 seconds
87.902: [GC [PSYoungGen: 13919K->736K(15360K)] 41525K->28342K(49664K), 0.0005170 secs] [Times: user=0.01 sys=0.00, real=0.00 secs] 
87.902: Total time for which application threads were stopped: 0.0006610 seconds, Stopping threads took: 0.0000860 seconds
87.949: Application time: 0.0470360 seconds
87.950: [GC [PSYoungGen: 14045K->960K(15360K)] 41651K->28566K(49664K), 0.0005840 secs] [Times: user=0.00 sys=0.00, real=0.00 secs] 
87.951: Total time for which application threads were stopped: 0.0016950 seconds, Stopping threads took: 0.0000480 seconds
87.992: Application time: 0.0412810 seconds
87.993: [GC [PSYoungGen: 14271K->1024K(15360K)] 41877K->28630K(49664K), 0.0005200 secs] [Times: user=0.00 sys=0.00, real=0.00 secs] 
87.993: Total time for which application threads were stopped: 0.0006860 seconds, Stopping threads took: 0.0001000 seconds
88.045: Application time: 0.0522680 seconds
88.048: [GC [PSYoungGen: 14320K->1104K(15360K)] 41926K->28710K(49664K), 0.0005500 secs] [Times: user=0.01 sys=0.00, real=0.00 secs] 
88.049: Total time for which application threads were stopped: 0.0035190 seconds, Stopping threads took: 0.0029120 seconds
88.092: Application time: 0.0426670 seconds
88.092: [GC [PSYoungGen: 14412K->1264K(15360K)] 42018K->28870K(49664K), 0.0005850 secs] [Times: user=0.00 sys=0.00, real=0.00 secs] 
88.092: Total time for which application threads were stopped: 0.0007040 seconds, Stopping threads took: 0.0000590 seconds
88.149: Application time: 0.0570450 seconds
88.149: [GC [PSYoungGen: 14572K->1248K(15360K)] 42178K->28854K(49664K), 0.0005750 secs] [Times: user=0.01 sys=0.00, real=0.00 secs] 
88.150: Total time for which application threads were stopped: 0.0006870 seconds, Stopping threads took: 0.0000580 seconds
88.184: Application time: 0.0337650 seconds
88.184: [GC [PSYoungGen: 14559K->1696K(15360K)] 42165K->29302K(49664K), 0.0006650 secs] [Times: user=0.01 sys=0.00, real=0.00 secs] 
88.185: Total time for which application threads were stopped: 0.0007840 seconds, Stopping threads took: 0.0000600 seconds
88.227: Application time: 0.0425870 seconds
88.227: [GC [PSYoungGen: 15005K->1760K(15360K)] 42611K->29366K(49664K), 0.0006680 secs] [Times: user=0.01 sys=0.00, real=0.00 secs] 
88.228: Total time for which application threads were stopped: 0.0007860 seconds, Stopping threads took: 0.0000640 seconds
88.283: Application time: 0.0548470 seconds
88.283: [GC [PSYoungGen: 15068K->1696K(15360K)] 42674K->29302K(49664K), 0.0006380 secs] [Times: user=0.01 sys=0.00, real=0.00 secs] 
88.284: Total time for which application threads were stopped: 0.0007490 seconds, Stopping threads took: 0.0000540 seconds
88.323: Application time: 0.0398470 seconds
88.323: Total time for which application threads were stopped: 0.0000790 seconds, Stopping threads took: 0.0000590 seconds
88.323: Application time: 0.0000420 seconds
88.324: [GC [PSYoungGen: 14948K->1840K(15360K)] 42682K->29574K(49664K), 0.0006930 secs] [Times: user=0.00 sys=0.00, real=0.00 secs] 
88.324: Total time for which application threads were stopped: 0.0007830 seconds, Stopping threads took: 0.0000410 seconds
88.378: Application time: 0.0538910 seconds
88.378: [GC [PSYoungGen: 15149K->1824K(15360K)] 43167K->29842K(49664K), 0.0006810 secs] [Times: user=0.01 sys=0.00, real=0.00 secs] 
88.379: Total time for which application threads were stopped: 0.0007990 seconds, Stopping threads took: 0.0000620 seconds
88.435: Application time: 0.0559330 seconds
88.435: [GC [PSYoungGen: 15135K->1824K(15360K)] 43153K->29842K(49664K), 0.0006750 secs] [Times: user=0.01 sys=0.00, real=0.00 secs] 
88.436: Total time for which application threads were stopped: 0.0007920 seconds, Stopping threads took: 0.0000600 seconds
88.492: Application time: 0.0560870 seconds
88.492: [GC [PSYoungGen: 15132K->1872K(15360K)] 43151K->29890K(49664K), 0.0006850 secs] [Times: user=0.00 sys=0.00, real=0.00 secs] 
88.493: Total time for which application threads were stopped: 0.0007840 seconds, Stopping threads took: 0.0000410 seconds
88.550: Application time: 0.0578410 seconds
88.552: [GC [PSYoungGen: 15183K->1792K(15360K)] 43202K->29810K(49664K), 0.0007030 secs] [Times: user=0.00 sys=0.00, real=0.00 secs] 
88.553: Total time for which application threads were stopped: 0.0026280 seconds, Stopping threads took: 0.0018580 seconds
88.608: Application time: 0.0548110 seconds
88.608: [GC [PSYoungGen: 15100K->1568K(15360K)] 43118K->29839K(49664K), 0.0007120 secs] [Times: user=0.00 sys=0.00, real=0.01 secs] 
88.609: Total time for which application threads were stopped: 0.0008130 seconds, Stopping threads took: 0.0000380 seconds
88.667: Application time: 0.0583520 seconds
88.667: [GC [PSYoungGen: 14877K->1376K(15360K)] 43148K->29911K(49664K), 0.0006530 secs] [Times: user=0.00 sys=0.00, real=0.00 secs] 
88.668: Total time for which application threads were stopped: 0.0007730 seconds, Stopping threads took: 0.0000620 seconds
88.724: Application time: 0.0566610 seconds
88.725: [GC [PSYoungGen: 14684K->1376K(15360K)] 43219K->29959K(49664K), 0.0006600 secs] [Times: user=0.01 sys=0.00, real=0.00 secs] 
88.725: Total time for which application threads were stopped: 0.0007830 seconds, Stopping threads took: 0.0000670 seconds
88.784: Application time: 0.0587170 seconds
88.784: [GC [PSYoungGen: 14685K->1312K(15360K)] 43268K->29895K(49664K), 0.0005920 secs] [Times: user=0.00 sys=0.00, real=0.00 secs] 
88.785: Total time for which application threads were stopped: 0.0007270 seconds, Stopping threads took: 0.0000780 seconds
88.844: Application time: 0.0591160 seconds
88.844: [GC [PSYoungGen: 14621K->1248K(15360K)] 43204K->29879K(49664K), 0.0005860 secs] [Times: user=0.00 sys=0.00, real=0.00 secs] 
88.845: Total time for which application threads were stopped: 0.0007060 seconds, Stopping threads took: 0.0000610 seconds
88.904: Application time: 0.0592050 seconds
88.904: [GC [PSYoungGen: 14557K->1216K(15360K)] 43188K->29887K(49664K), 0.0006140 secs] [Times: user=0.00 sys=0.00, real=0.00 secs] 
88.904: Total time for which application threads were stopped: 0.0007340 seconds, Stopping threads took: 0.0000630 seconds
88.963: Application time: 0.0590170 seconds
88.964: [GC [PSYoungGen: 14525K->1248K(15360K)] 43196K->29919K(49664K), 0.0005700 secs] [Times: user=0.00 sys=0.00, real=0.00 secs] 
88.964: Total time for which application threads were stopped: 0.0006930 seconds, Stopping threads took: 0.0000670 seconds
89.023: Application time: 0.0592160 seconds
89.024: [GC [PSYoungGen: 14557K->1216K(15360K)] 43228K->29935K(49664K), 0.0005670 secs] [Times: user=0.01 sys=0.00, real=0.00 secs] 
89.025: Total time for which application threads were stopped: 0.0014930 seconds, Stopping threads took: 0.0008690 seconds
89.085: Application time: 0.0601450 seconds
89.085: [GC [PSYoungGen: 14528K->1216K(15360K)] 43247K->29983K(49664K), 0.0005370 secs] [Times: user=0.00 sys=0.00, real=0.00 secs] 
89.086: Total time for which application threads were stopped: 0.0006760 seconds, Stopping threads took: 0.0000760 seconds
89.137: Application time: 0.0508810 seconds
89.137: [GC [PSYoungGen: 14526K->1408K(15360K)] 43293K->30175K(49664K), 0.0005720 secs] [Times: user=0.00 sys=0.00, real=0.00 secs] 
89.137: Total time for which application threads were stopped: 0.0006990 seconds, Stopping threads took: 0.0000670 seconds
89.181: Application time: 0.0439680 seconds
89.181: [GC [PSYoungGen: 14717K->1536K(15360K)] 43484K->30419K(49664K), 0.0005940 secs] [Times: user=0.00 sys=0.00, real=0.00 secs] 
89.182: Total time for which application threads were stopped: 0.0007010 seconds, Stopping threads took: 0.0000480 seconds
89.224: Application time: 0.0421230 seconds
89.228: [GC [PSYoungGen: 14847K->1472K(15360K)] 43731K->30363K(49664K), 0.0006020 secs] [Times: user=0.01 sys=0.00, real=0.00 secs] 
89.229: Total time for which application threads were stopped: 0.0048620 seconds, Stopping threads took: 0.0042030 seconds
89.288: Application time: 0.0589900 seconds
89.288: [GC [PSYoungGen: 14780K->1312K(15360K)] 43672K->30408K(49664K), 0.0006100 secs] [Times: user=0.01 sys=0.00, real=0.00 secs] 
89.289: Total time for which application threads were stopped: 0.0010010 seconds, Stopping threads took: 0.0003330 seconds
89.347: Application time: 0.0579820 seconds
89.347: [GC [PSYoungGen: 14623K->1088K(15360K)] 43719K->30389K(49664K), 0.0005720 secs] [Times: user=0.00 sys=0.00, real=0.00 secs] 
89.348: Total time for which application threads were stopped: 0.0007010 seconds, Stopping threads took: 0.0000730 seconds
89.406: Application time: 0.0585420 seconds
89.406: [GC [PSYoungGen: 14397K->1024K(15360K)] 43698K->30325K(49664K), 0.0005330 secs] [Times: user=0.00 sys=0.00, real=0.00 secs] 
89.407: Total time for which application threads were stopped: 0.0006590 seconds, Stopping threads took: 0.0000610 seconds
89.466: Application time: 0.0589070 seconds
89.466: [GC [PSYoungGen: 14333K->608K(15360K)] 43634K->30329K(49664K), 0.0006050 secs] [Times: user=0.00 sys=0.00, real=0.00 secs] 
89.466: Total time for which application threads were stopped: 0.0007280 seconds, Stopping threads took: 0.0000650 seconds
89.525: Application time: 0.0584430 seconds
89.525: [GC [PSYoungGen: 13917K->704K(15360K)] 43639K->30425K(49664K), 0.0004590 secs] [Times: user=0.00 sys=0.00, real=0.00 secs] 
89.525: Total time for which application threads were stopped: 0.0005560 seconds, Stopping threads took: 0.0000400 seconds
89.582: Application time: 0.0563150 seconds
89.582: [GC [PSYoungGen: 14012K->544K(15360K)] 43734K->30494K(49664K), 0.0004630 secs] [Times: user=0.00 sys=0.00, real=0.00 secs] 
89.582: Total time for which application threads were stopped: 0.0005800 seconds, Stopping threads took: 0.0000600 seconds
89.631: Application time: 0.0490400 seconds
89.632: [GC [PSYoungGen: 13854K->736K(15360K)] 43804K->30686K(49664K), 0.0004970 secs] [Times: user=0.00 sys=0.00, real=0.00 secs] 
89.632: Total time for which application threads were stopped: 0.0006140 seconds, Stopping threads took: 0.0000540 seconds
89.676: Application time: 0.0435010 seconds
89.676: [GC [PSYoungGen: 14047K->1024K(15360K)] 43997K->30974K(49664K), 0.0005590 secs] [Times: user=0.00 sys=0.00, real=0.00 secs] 
89.676: Total time for which application threads were stopped: 0.0006750 seconds, Stopping threads took: 0.0000600 seconds
89.717: Application time: 0.0408550 seconds
89.717: [GC [PSYoungGen: 14219K->896K(15360K)] 44170K->30846K(49664K), 0.0005650 secs] [Times: user=0.01 sys=0.00, real=0.00 secs] 
89.718: Total time for which application threads were stopped: 0.0006810 seconds, Stopping threads took: 0.0000610 seconds
89.767: Application time: 0.0488380 seconds
89.767: [GC [PSYoungGen: 14205K->1216K(15360K)] 44155K->31166K(49664K), 0.0006030 secs] [Times: user=0.00 sys=0.00, real=0.00 secs] 
89.767: Total time for which application threads were stopped: 0.0007230 seconds, Stopping threads took: 0.0000660 seconds
89.812: Application time: 0.0445220 seconds
89.812: [GC [PSYoungGen: 14525K->1248K(15360K)] 44475K->31198K(49664K), 0.0005840 secs] [Times: user=0.00 sys=0.00, real=0.00 secs] 
89.813: Total time for which application threads were stopped: 0.0007180 seconds, Stopping threads took: 0.0000770 seconds
89.870: Application time: 0.0570820 seconds
89.870: [GC [PSYoungGen: 14556K->1152K(15360K)] 44507K->31102K(49664K), 0.0006500 secs] [Times: user=0.00 sys=0.00, real=0.00 secs] 
89.870: Total time for which application threads were stopped: 0.0007770 seconds, Stopping threads took: 0.0000610 seconds
89.907: Application time: 0.0370180 seconds
89.908: [GC [PSYoungGen: 14463K->1648K(15360K)] 44413K->31598K(49664K), 0.0006310 secs] [Times: user=0.01 sys=0.00, real=0.00 secs] 
89.908: Total time for which application threads were stopped: 0.0007380 seconds, Stopping threads took: 0.0000490 seconds
89.947: Application time: 0.0389920 seconds
89.947: [GC [PSYoungGen: 14960K->1728K(15360K)] 44910K->31678K(49664K), 0.0007040 secs] [Times: user=0.01 sys=0.00, real=0.00 secs] 
89.948: Total time for which application threads were stopped: 0.0008140 seconds, Stopping threads took: 0.0000550 seconds
90.004: Application time: 0.0556630 seconds
90.004: [GC [PSYoungGen: 15036K->1728K(15360K)] 44987K->31678K(49664K), 0.0006600 secs] [Times: user=0.01 sys=0.00, real=0.00 secs] 
90.004: Total time for which application threads were stopped: 0.0007710 seconds, Stopping threads took: 0.0000550 seconds
90.044: Application time: 0.0399550 seconds
90.044: [GC [PSYoungGen: 15038K->1920K(15360K)] 44988K->31870K(49664K), 0.0007980 secs] [Times: user=0.01 sys=0.00, real=0.00 secs] 
90.045: Total time for which application threads were stopped: 0.0009050 seconds, Stopping threads took: 0.0000510 seconds
90.098: Application time: 0.0526800 seconds
90.098: [GC [PSYoungGen: 15231K->1904K(15360K)] 45181K->31854K(49664K), 0.0008180 secs] [Times: user=0.01 sys=0.00, real=0.00 secs] 
90.099: Total time for which application threads were stopped: 0.0012300 seconds, Stopping threads took: 0.0003460 seconds
90.155: Application time: 0.0559560 seconds
90.155: [GC [PSYoungGen: 15212K->1936K(15360K)] 45162K->31886K(49664K), 0.0007350 secs] [Times: user=0.01 sys=0.00, real=0.00 secs] 
90.156: Total time for which application threads were stopped: 0.0008730 seconds, Stopping threads took: 0.0000720 seconds
90.212: Application time: 0.0561170 seconds
90.212: [GC [PSYoungGen: 15244K->1904K(15360K)] 45194K->31854K(49664K), 0.0007090 secs] [Times: user=0.00 sys=0.00, real=0.00 secs] 
90.213: Total time for which application threads were stopped: 0.0008140 seconds, Stopping threads took: 0.0000420 seconds
90.271: Application time: 0.0576780 seconds
90.271: [GC [PSYoungGen: 15213K->1872K(15360K)] 45163K->31822K(49664K), 0.0007150 secs] [Times: user=0.01 sys=0.00, real=0.00 secs] 
90.272: Total time for which application threads were stopped: 0.0008320 seconds, Stopping threads took: 0.0000610 seconds
90.327: Application time: 0.0552200 seconds
90.327: [GC [PSYoungGen: 15182K->1744K(15360K)] 45132K->31934K(49664K), 0.0006870 secs] [Times: user=0.01 sys=0.00, real=0.00 secs] 
90.328: Total time for which application threads were stopped: 0.0008050 seconds, Stopping threads took: 0.0000620 seconds
90.385: Application time: 0.0573600 seconds
90.385: [GC [PSYoungGen: 15055K->1440K(15360K)] 45245K->31866K(49664K), 0.0007820 secs] [Times: user=0.01 sys=0.00, real=0.00 secs] 
90.386: Total time for which application threads were stopped: 0.0009080 seconds, Stopping threads took: 0.0000680 seconds
90.443: Application time: 0.0567180 seconds
90.443: [GC [PSYoungGen: 14748K->1440K(15360K)] 45175K->31906K(49664K), 0.0006160 secs] [Times: user=0.00 sys=0.00, real=0.00 secs] 
90.443: Total time for which application threads were stopped: 0.0007370 seconds, Stopping threads took: 0.0000630 seconds
90.502: Application time: 0.0585900 seconds
90.502: [GC [PSYoungGen: 14749K->1472K(15360K)] 45216K->31938K(49664K), 0.0006390 secs] [Times: user=0.00 sys=0.00, real=0.00 secs] 
90.503: Total time for which application threads were stopped: 0.0007480 seconds, Stopping threads took: 0.0000530 seconds
90.562: Application time: 0.0594540 seconds
90.562: [GC [PSYoungGen: 14781K->1392K(15360K)] 45248K->31906K(49664K), 0.0006720 secs] [Times: user=0.00 sys=0.00, real=0.00 secs] 
90.563: Total time for which application threads were stopped: 0.0008090 seconds, Stopping threads took: 0.0000740 seconds
90.623: Application time: 0.0604500 seconds
90.623: [GC [PSYoungGen: 14704K->1376K(15360K)] 45218K->31938K(49664K), 0.0006190 secs] [Times: user=0.00 sys=0.00, real=0.00 secs] 
90.624: Total time for which application threads were stopped: 0.0007400 seconds, Stopping threads took: 0.0000640 seconds
90.684: Application time: 0.0595520 seconds
90.684: [GC [PSYoungGen: 14685K->1376K(15360K)] 45248K->31938K(49664K), 0.0007000 secs] [Times: user=0.00 sys=0.00, real=0.00 secs] 
90.684: Total time for which application threads were stopped: 0.0008170 seconds, Stopping threads took: 0.0000520 seconds
90.743: Application time: 0.0590220 seconds
90.744: [GC [PSYoungGen: 14685K->1312K(15360K)] 45248K->31914K(49664K), 0.0005770 secs] [Times: user=0.00 sys=0.00, real=0.00 secs] 
90.744: Total time for which application threads were stopped: 0.0007060 seconds, Stopping threads took: 0.0000700 seconds
90.803: Application time: 0.0588640 seconds
90.803: [GC [PSYoungGen: 14621K->1312K(15360K)] 45224K->31962K(49664K), 0.0006000 secs] [Times: user=0.01 sys=0.00, real=0.00 secs] 
90.804: Total time for which application threads were stopped: 0.0007120 seconds, Stopping threads took: 0.0000560 seconds
90.859: Application time: 0.0553120 seconds
90.859: [GC [PSYoungGen: 14623K->1472K(15360K)] 45274K->32122K(49664K), 0.0005840 secs] [Times: user=0.00 sys=0.00, real=0.00 secs] 
90.860: Total time for which application threads were stopped: 0.0007020 seconds, Stopping threads took: 0.0000500 seconds
90.903: Application time: 0.0427440 seconds
90.903: [GC [PSYoungGen: 14783K->1664K(15360K)] 45434K->32355K(49664K), 0.0006380 secs] [Times: user=0.01 sys=0.00, real=0.00 secs] 
90.903: Total time for which application threads were stopped: 0.0007660 seconds, Stopping threads took: 0.0000730 seconds
90.943: Application time: 0.0398110 seconds
90.943: [GC [PSYoungGen: 14974K->1536K(15360K)] 45665K->32439K(49664K), 0.0006280 secs] [Times: user=0.00 sys=0.00, real=0.00 secs] 
90.944: Total time for which application threads were stopped: 0.0007270 seconds, Stopping threads took: 0.0000430 seconds
91.000: Application time: 0.0562390 seconds
91.004: [GC [PSYoungGen: 14844K->1280K(15360K)] 45748K->32404K(49664K), 0.0006460 secs] [Times: user=0.00 sys=0.00, real=0.00 secs] 
91.005: Total time for which application threads were stopped: 0.0049470 seconds, Stopping threads took: 0.0042440 seconds
91.064: Application time: 0.0584970 seconds
91.064: [GC [PSYoungGen: 14591K->1152K(15360K)] 45715K->32480K(49664K), 0.0005820 secs] [Times: user=0.00 sys=0.00, real=0.00 secs] 
91.064: Total time for which application threads were stopped: 0.0006890 seconds, Stopping threads took: 0.0000530 seconds
91.123: Application time: 0.0592950 seconds
91.124: [GC [PSYoungGen: 14463K->1056K(15360K)] 45792K->32384K(49664K), 0.0004980 secs] [Times: user=0.01 sys=0.00, real=0.00 secs] 
91.124: Total time for which application threads were stopped: 0.0006110 seconds, Stopping threads took: 0.0000580 seconds
91.183: Application time: 0.0588350 seconds
91.183: [GC [PSYoungGen: 14365K->864K(15360K)] 45694K->32408K(49664K), 0.0005440 secs] [Times: user=0.00 sys=0.00, real=0.00 secs] 
91.184: Total time for which application threads were stopped: 0.0006530 seconds, Stopping threads took: 0.0000530 seconds
91.242: Application time: 0.0585740 seconds
91.242: [GC [PSYoungGen: 14173K->672K(15360K)] 45718K->32445K(49664K), 0.0005090 secs] [Times: user=0.00 sys=0.00, real=0.00 secs] 
91.243: Total time for which application threads were stopped: 0.0006260 seconds, Stopping threads took: 0.0000500 seconds
91.299: Application time: 0.0566460 seconds
91.300: [GC [PSYoungGen: 13981K->608K(15360K)] 45754K->32585K(49664K), 0.0004420 secs] [Times: user=0.01 sys=0.00, real=0.00 secs] 
91.300: Total time for which application threads were stopped: 0.0005500 seconds, Stopping threads took: 0.0000520 seconds
91.348: Application time: 0.0478760 seconds
91.348: [GC [PSYoungGen: 13918K->800K(15360K)] 45896K->32777K(49664K), 0.0005030 secs] [Times: user=0.00 sys=0.00, real=0.01 secs] 
91.349: Total time for which application threads were stopped: 0.0006320 seconds, Stopping threads took: 0.0000730 seconds
91.395: Application time: 0.0469410 seconds
91.396: [GC [PSYoungGen: 14111K->768K(15360K)] 46089K->32745K(49664K), 0.0005480 secs] [Times: user=0.01 sys=0.00, real=0.00 secs] 
91.396: Total time for which application threads were stopped: 0.0006710 seconds, Stopping threads took: 0.0000700 seconds
91.438: Application time: 0.0414030 seconds
91.438: [GC [PSYoungGen: 14079K->1024K(15360K)] 46057K->33001K(49664K), 0.0005620 secs] [Times: user=0.00 sys=0.00, real=0.00 secs] 
91.438: Total time for which application threads were stopped: 0.0006850 seconds, Stopping threads took: 0.0000650 seconds
91.482: Application time: 0.0437010 seconds
91.482: [GC [PSYoungGen: 14333K->1248K(15360K)] 46311K->33225K(49664K), 0.0005620 secs] [Times: user=0.01 sys=0.00, real=0.00 secs] 
91.483: Total time for which application threads were stopped: 0.0006780 seconds, Stopping threads took: 0.0000620 seconds
91.530: Application time: 0.0469310 seconds
91.530: [GC [PSYoungGen: 14557K->1280K(15360K)] 46535K->33257K(49664K), 0.0005540 secs] [Times: user=0.00 sys=0.00, real=0.00 secs] 
91.530: Total time for which application threads were stopped: 0.0006610 seconds, Stopping threads took: 0.0000510 seconds
91.587: Application time: 0.0568640 seconds
91.587: [GC [PSYoungGen: 14588K->1248K(15360K)] 46566K->33225K(49664K), 0.0005800 secs] [Times: user=0.00 sys=0.00, real=0.00 secs] 
91.588: Total time for which application threads were stopped: 0.0006960 seconds, Stopping threads took: 0.0000510 seconds
91.630: Application time: 0.0425490 seconds
91.630: [GC [PSYoungGen: 14558K->1696K(15360K)] 46535K->33673K(49664K), 0.0006400 secs] [Times: user=0.00 sys=0.00, real=0.00 secs] 
91.631: Total time for which application threads were stopped: 0.0007510 seconds, Stopping threads took: 0.0000540 seconds
91.668: Application time: 0.0366910 seconds
91.668: [GC [PSYoungGen: 15004K->1744K(15360K)] 46981K->33721K(49664K), 0.0006700 secs] [Times: user=0.00 sys=0.00, real=0.01 secs] 
91.669: Total time for which application threads were stopped: 0.0007920 seconds, Stopping threads took: 0.0000620 seconds
91.722: Application time: 0.0530080 seconds
91.722: [GC [PSYoungGen: 15053K->1760K(15360K)] 47030K->33737K(49664K), 0.0007050 secs] [Times: user=0.00 sys=0.00, real=0.00 secs] 
91.722: Total time for which application threads were stopped: 0.0008200 seconds, Stopping threads took: 0.0000600 seconds
91.762: Application time: 0.0394910 seconds
91.762: [GC [PSYoungGen: 15068K->1984K(15360K)] 47045K->33961K(49664K), 0.0007920 secs] [Times: user=0.00 sys=0.00, real=0.00 secs] 
91.763: Total time for which application threads were stopped: 0.0009190 seconds, Stopping threads took: 0.0000610 seconds
91.816: Application time: 0.0529510 seconds
91.816: [GC [PSYoungGen: 15292K->1952K(15360K)] 47270K->33929K(49664K), 0.0007250 secs] [Times: user=0.00 sys=0.00, real=0.00 secs] 
91.817: Total time for which application threads were stopped: 0.0008430 seconds, Stopping threads took: 0.0000610 seconds
91.871: Application time: 0.0546750 seconds
91.871: [GC [PSYoungGen: 15264K->1984K(15360K)] 47241K->33961K(49664K), 0.0007570 secs] [Times: user=0.00 sys=0.00, real=0.00 secs] 
91.872: Total time for which application threads were stopped: 0.0008880 seconds, Stopping threads took: 0.0000740 seconds
91.929: Application time: 0.0567150 seconds
91.929: [GC [PSYoungGen: 15292K->1952K(15360K)] 47270K->33929K(49664K), 0.0006910 secs] [Times: user=0.00 sys=0.00, real=0.00 secs] 
91.930: Total time for which application threads were stopped: 0.0008090 seconds, Stopping threads took: 0.0000590 seconds
91.987: Application time: 0.0576300 seconds
91.987: [GC [PSYoungGen: 15261K->1936K(15360K)] 47239K->33913K(49664K), 0.0007380 secs] [Times: user=0.00 sys=0.00, real=0.00 secs] 
91.988: Total time for which application threads were stopped: 0.0008600 seconds, Stopping threads took: 0.0000620 seconds
92.044: Application time: 0.0562530 seconds
92.045: [GC [PSYoungGen: 15244K->1728K(15360K)] 47222K->33953K(49664K), 0.0007600 secs] [Times: user=0.00 sys=0.00, real=0.00 secs] 
92.045: Total time for which application threads were stopped: 0.0008810 seconds, Stopping threads took: 0.0000620 seconds
92.103: Application time: 0.0579040 seconds
92.103: [GC [PSYoungGen: 15039K->1504K(15360K)] 47265K->33974K(49664K), 0.0006040 secs] [Times: user=0.00 sys=0.00, real=0.00 secs] 
92.104: Total time for which application threads were stopped: 0.0007090 seconds, Stopping threads took: 0.0000500 seconds
92.161: Application time: 0.0569010 seconds
92.161: [GC [PSYoungGen: 14766K->1344K(15360K)] 47236K->33854K(49664K), 0.0006010 secs] [Times: user=0.00 sys=0.00, real=0.00 secs] 
92.162: Total time for which application threads were stopped: 0.0007250 seconds, Stopping threads took: 0.0000650 seconds
92.220: Application time: 0.0584300 seconds
92.220: [GC [PSYoungGen: 14652K->1472K(15360K)] 47162K->33982K(49664K), 0.0006660 secs] [Times: user=0.00 sys=0.00, real=0.01 secs] 
92.221: Total time for which application threads were stopped: 0.0007970 seconds, Stopping threads took: 0.0000730 seconds
92.280: Application time: 0.0594460 seconds
92.280: [GC [PSYoungGen: 14781K->1408K(15360K)] 47291K->33966K(49664K), 0.0006270 secs] [Times: user=0.00 sys=0.00, real=0.00 secs] 
92.281: Total time for which application threads were stopped: 0.0007670 seconds, Stopping threads took: 0.0000720 seconds
92.340: Application time: 0.0590800 seconds
92.340: [GC [PSYoungGen: 14717K->1376K(15360K)] 47275K->33982K(49664K), 0.0007160 secs] [Times: user=0.00 sys=0.00, real=0.01 secs] 
92.341: Total time for which application threads were stopped: 0.0008340 seconds, Stopping threads took: 0.0000610 seconds
92.400: Application time: 0.0594700 seconds
92.400: [GC [PSYoungGen: 14685K->1360K(15360K)] 47291K->33966K(49664K), 0.0006140 secs] [Times: user=0.00 sys=0.00, real=0.00 secs] 
92.401: Total time for which application threads were stopped: 0.0007180 seconds, Stopping threads took: 0.0000480 seconds
92.460: Application time: 0.0588510 seconds
92.460: [GC [PSYoungGen: 14669K->1376K(15360K)] 47275K->33982K(49664K), 0.0005870 secs] [Times: user=0.00 sys=0.00, real=0.01 secs] 
92.461: Total time for which application threads were stopped: 0.0007000 seconds, Stopping threads took: 0.0000550 seconds
92.520: Application time: 0.0589960 seconds
92.520: [GC [PSYoungGen: 14685K->1312K(15360K)] 47291K->34006K(49664K), 0.0006450 secs] [Times: user=0.00 sys=0.00, real=0.00 secs] 
92.521: Total time for which application threads were stopped: 0.0013030 seconds, Stopping threads took: 0.0006050 seconds
92.578: Application time: 0.0565570 seconds
92.578: [GC [PSYoungGen: 14621K->1472K(15360K)] 47315K->34166K(49664K), 0.0006420 secs] [Times: user=0.01 sys=0.00, real=0.00 secs] 
92.578: Total time for which application threads were stopped: 0.0007580 seconds, Stopping threads took: 0.0000600 seconds
92.619: Application time: 0.0408300 seconds
92.619: [GC [PSYoungGen: 14711K->1536K(15360K)] 47405K->34286K(49664K), 0.0006130 secs] [Times: user=0.01 sys=0.00, real=0.00 secs] 
92.620: Total time for which application threads were stopped: 0.0007330 seconds, Stopping threads took: 0.0000650 seconds
92.659: Application time: 0.0395080 seconds
92.659: [GC [PSYoungGen: 14767K->1312K(15360K)] 47517K->34267K(49664K), 0.0006490 secs] [Times: user=0.01 sys=0.00, real=0.00 secs] 
92.660: Total time for which application threads were stopped: 0.0007690 seconds, Stopping threads took: 0.0000650 seconds
92.716: Application time: 0.0560610 seconds
92.716: [GC [PSYoungGen: 14622K->1280K(15360K)] 47577K->34439K(49664K), 0.0005750 secs] [Times: user=0.00 sys=0.00, real=0.00 secs] 
92.717: Total time for which application threads were stopped: 0.0006880 seconds, Stopping threads took: 0.0000550 seconds
92.775: Application time: 0.0577830 seconds
92.775: [GC [PSYoungGen: 14591K->1120K(15360K)] 47751K->34484K(49664K), 0.0006250 secs] [Times: user=0.00 sys=0.00, real=0.00 secs] 
92.775: Total time for which application threads were stopped: 0.0007310 seconds, Stopping threads took: 0.0000470 seconds
92.834: Application time: 0.0588770 seconds
92.834: [GC [PSYoungGen: 14429K->1088K(15360K)] 47793K->34452K(49664K), 0.0005490 secs] [Times: user=0.01 sys=0.00, real=0.00 secs] 
92.835: Total time for which application threads were stopped: 0.0006770 seconds, Stopping threads took: 0.0000640 seconds
92.894: Application time: 0.0592280 seconds
92.894: [GC [PSYoungGen: 14397K->896K(15360K)] 47761K->34464K(49664K), 0.0005340 secs] [Times: user=0.00 sys=0.00, real=0.00 secs] 
92.895: Total time for which application threads were stopped: 0.0006600 seconds, Stopping threads took: 0.0000700 seconds
92.953: Application time: 0.0585300 seconds
92.953: [GC [PSYoungGen: 14205K->704K(15360K)] 47774K->34493K(49664K), 0.0005750 secs] [Times: user=0.00 sys=0.00, real=0.00 secs] 
92.955: Total time for which application threads were stopped: 0.0016050 seconds, Stopping threads took: 0.0000520 seconds
93.012: Application time: 0.0572530 seconds
93.012: [GC [PSYoungGen: 14015K->704K(15360K)] 47804K->34577K(49664K), 0.0004690 secs] [Times: user=0.00 sys=0.00, real=0.00 secs] 
93.013: Total time for which application threads were stopped: 0.0005980 seconds, Stopping threads took: 0.0000750 seconds
93.060: Application time: 0.0467180 seconds
93.060: [GC [PSYoungGen: 14012K->800K(15360K)] 47886K->34809K(49664K), 0.0004980 secs] [Times: user=0.00 sys=0.00, real=0.00 secs] 
93.060: [Full GC [PSYoungGen: 800K->0K(15360K)] [ParOldGen: 34009K->3460K(34304K)] 34809K->3460K(49664K) [PSPermGen: 5545K->5545K(21504K)], 0.0052050 secs] [Times: user=0.02 sys=0.00, real=0.01 secs] 
93.065: Total time for which application threads were stopped: 0.0058790 seconds, Stopping threads took: 0.0000610 seconds
93.112: Application time: 0.0466270 seconds
93.112: [GC [PSYoungGen: 13310K->352K(15360K)] 16771K->3812K(49664K), 0.0003850 secs] [Times: user=0.00 sys=0.00, real=0.00 secs] 
93.113: Total time for which application threads were stopped: 0.0004990 seconds, Stopping threads took: 0.0000600 seconds
93.155: Application time: 0.0419430 seconds
93.156: [GC [PSYoungGen: 13660K->576K(15360K)] 17120K->4036K(49664K), 0.0004640 secs] [Times: user=0.00 sys=0.00, real=0.00 secs] 
93.157: Total time for which application threads were stopped: 0.0023230 seconds, Stopping threads took: 0.0018040 seconds
93.200: Application time: 0.0431270 seconds
93.200: [GC [PSYoungGen: 13886K->928K(15360K)] 17346K->4388K(49664K), 0.0004810 secs] [Times: user=0.00 sys=0.00, real=0.01 secs] 
93.201: Total time for which application threads were stopped: 0.0005850 seconds, Stopping threads took: 0.0000500 seconds
93.248: Application time: 0.0471880 seconds
93.248: [GC [PSYoungGen: 14239K->768K(15360K)] 17700K->4228K(49664K), 0.0004350 secs] [Times: user=0.00 sys=0.00, real=0.01 secs] 
93.248: Total time for which application threads were stopped: 0.0005490 seconds, Stopping threads took: 0.0000580 seconds
93.305: Application time: 0.0568140 seconds
93.305: [GC [PSYoungGen: 14079K->768K(15360K)] 17539K->4228K(49664K), 0.0005010 secs] [Times: user=0.01 sys=0.00, real=0.00 secs] 
93.306: Total time for which application threads were stopped: 0.0006160 seconds, Stopping threads took: 0.0000570 seconds
93.351: Application time: 0.0454970 seconds
93.351: [GC [PSYoungGen: 14080K->1040K(15360K)] 17540K->4500K(49664K), 0.0004880 secs] [Times: user=0.01 sys=0.00, real=0.00 secs] 
93.352: Total time for which application threads were stopped: 0.0006070 seconds, Stopping threads took: 0.0000550 seconds
93.387: Application time: 0.0355560 seconds
93.388: [GC [PSYoungGen: 14351K->1248K(15360K)] 17812K->4708K(49664K), 0.0005500 secs] [Times: user=0.00 sys=0.00, real=0.00 secs] 
93.388: Total time for which application threads were stopped: 0.0006650 seconds, Stopping threads took: 0.0000570 seconds
93.440: Application time: 0.0515070 seconds
93.440: [GC [PSYoungGen: 14559K->1200K(15360K)] 18019K->4660K(49664K), 0.0005330 secs] [Times: user=0.01 sys=0.00, real=0.00 secs] 
93.440: Total time for which application threads were stopped: 0.0006370 seconds, Stopping threads took: 0.0000510 seconds
93.483: Application time: 0.0423190 seconds
93.484: [GC [PSYoungGen: 14509K->1504K(15360K)] 17970K->4964K(49664K), 0.0006160 secs] [Times: user=0.00 sys=0.00, real=0.00 secs] 
93.485: Total time for which application threads were stopped: 0.0023980 seconds, Stopping threads took: 0.0017270 seconds
93.535: Application time: 0.0501540 seconds
93.535: [GC [PSYoungGen: 14812K->1440K(15360K)] 18273K->4900K(49664K), 0.0006210 secs] [Times: user=0.00 sys=0.00, real=0.00 secs] 
93.536: Total time for which application threads were stopped: 0.0007280 seconds, Stopping threads took: 0.0000520 seconds
93.592: Application time: 0.0560450 seconds
93.592: [GC [PSYoungGen: 14750K->1472K(15360K)] 18210K->4932K(49664K), 0.0005180 secs] [Times: user=0.00 sys=0.00, real=0.00 secs] 
93.593: Total time for which application threads were stopped: 0.0006310 seconds, Stopping threads took: 0.0000600 seconds
93.649: Application time: 0.0566700 seconds
93.649: [GC [PSYoungGen: 14780K->1472K(15360K)] 18241K->4932K(49664K), 0.0006590 secs] [Times: user=0.01 sys=0.00, real=0.00 secs] 
93.650: Total time for which application threads were stopped: 0.0007680 seconds, Stopping threads took: 0.0000540 seconds
93.708: Application time: 0.0581380 seconds
93.708: [GC [PSYoungGen: 14781K->1472K(15360K)] 18242K->4932K(49664K), 0.0005960 secs] [Times: user=0.00 sys=0.00, real=0.01 secs] 
93.709: Total time for which application threads were stopped: 0.0007230 seconds, Stopping threads took: 0.0000590 seconds
93.766: Application time: 0.0573510 seconds
93.768: [GC [PSYoungGen: 14783K->1536K(15360K)] 18244K->4996K(49664K), 0.0005930 secs] [Times: user=0.00 sys=0.00, real=0.00 secs] 
93.769: Total time for which application threads were stopped: 0.0027660 seconds, Stopping threads took: 0.0021130 seconds
93.825: Application time: 0.0559740 seconds
93.825: [GC [PSYoungGen: 14844K->1504K(15360K)] 18304K->4964K(49664K), 0.0005960 secs] [Times: user=0.00 sys=0.00, real=0.00 secs] 
93.826: Total time for which application threads were stopped: 0.0007160 seconds, Stopping threads took: 0.0000660 seconds
93.884: Application time: 0.0583510 seconds
93.884: [GC [PSYoungGen: 14813K->1440K(15360K)] 18274K->4940K(49664K), 0.0005970 secs] [Times: user=0.00 sys=0.00, real=0.00 secs] 
93.885: Total time for which application threads were stopped: 0.0007110 seconds, Stopping threads took: 0.0000500 seconds
93.942: Application time: 0.0570750 seconds
93.942: [GC [PSYoungGen: 14748K->1440K(15360K)] 18249K->4940K(49664K), 0.0005720 secs] [Times: user=0.00 sys=0.00, real=0.00 secs] 
93.942: Total time for which application threads were stopped: 0.0006900 seconds, Stopping threads took: 0.0000610 seconds
94.003: Application time: 0.0603560 seconds
94.003: [GC [PSYoungGen: 14749K->1376K(15360K)] 18250K->4924K(49664K), 0.0005850 secs] [Times: user=0.00 sys=0.00, real=0.00 secs] 
94.004: Total time for which application threads were stopped: 0.0006970 seconds, Stopping threads took: 0.0000560 seconds
94.063: Application time: 0.0597230 seconds
94.063: [GC [PSYoungGen: 14685K->1344K(15360K)] 18234K->4948K(49664K), 0.0005680 secs] [Times: user=0.01 sys=0.00, real=0.00 secs] 
94.064: Total time for which application threads were stopped: 0.0006810 seconds, Stopping threads took: 0.0000560 seconds
94.124: Application time: 0.0596670 seconds
94.124: [GC [PSYoungGen: 14653K->1344K(15360K)] 18258K->4948K(49664K), 0.0005570 secs] [Times: user=0.00 sys=0.00, real=0.00 secs] 
94.124: Total time for which application threads were stopped: 0.0006720 seconds, Stopping threads took: 0.0000570 seconds
94.183: Application time: 0.0591390 seconds
94.184: [GC [PSYoungGen: 14653K->1344K(15360K)] 18258K->4948K(49664K), 0.0005670 secs] [Times: user=0.01 sys=0.00, real=0.00 secs] 
94.185: Total time for which application threads were stopped: 0.0014920 seconds, Stopping threads took: 0.0008680 seconds
94.245: Application time: 0.0597580 seconds
94.245: [GC [PSYoungGen: 14655K->1312K(15360K)] 18260K->5004K(49664K), 0.0005840 secs] [Times: user=0.01 sys=0.00, real=0.00 secs] 
94.245: Total time for which application threads were stopped: 0.0006980 seconds, Stopping threads took: 0.0000590 seconds
94.305: Application time: 0.0593830 seconds
94.305: [GC [PSYoungGen: 14621K->1312K(15360K)] 18314K->5004K(49664K), 0.0005260 secs] [Times: user=0.00 sys=0.00, real=0.00 secs] 
94.305: Total time for which application threads were stopped: 0.0006410 seconds, Stopping threads took: 0.0000600 seconds
94.347: Application time: 0.0419850 seconds
94.347: [GC [PSYoungGen: 14623K->1376K(15360K)] 18316K->5116K(49664K), 0.0005790 secs] [Times: user=0.00 sys=0.00, real=0.00 secs] 
94.348: Total time for which application threads were stopped: 0.0006970 seconds, Stopping threads took: 0.0000620 seconds
94.388: Application time: 0.0399690 seconds
94.388: [GC [PSYoungGen: 14686K->1504K(15360K)] 18427K->5457K(49664K), 0.0005950 secs] [Times: user=0.01 sys=0.00, real=0.01 secs] 
94.389: Total time for which application threads were stopped: 0.0007160 seconds, Stopping threads took: 0.0000490 seconds
94.442: Application time: 0.0529710 seconds
94.442: [GC [PSYoungGen: 14815K->1280K(15360K)] 18768K->5445K(49664K), 0.0005520 secs] [Times: user=0.00 sys=0.00, real=0.00 secs] 
94.442: Total time for which application threads were stopped: 0.0006680 seconds, Stopping threads took: 0.0000610 seconds
94.500: Application time: 0.0574560 seconds
94.500: [GC [PSYoungGen: 14591K->1088K(15360K)] 18757K->5466K(49664K), 0.0005260 secs] [Times: user=0.00 sys=0.00, real=0.01 secs] 
94.501: Total time for which application threads were stopped: 0.0006440 seconds, Stopping threads took: 0.0000550 seconds
94.559: Application time: 0.0587600 seconds
94.559: [GC [PSYoungGen: 14397K->1088K(15360K)] 18775K->5466K(49664K), 0.0004850 secs] [Times: user=0.01 sys=0.00, real=0.00 secs] 
94.560: Total time for which application threads were stopped: 0.0005970 seconds, Stopping threads took: 0.0000540 seconds
94.619: Application time: 0.0587080 seconds
94.619: [GC [PSYoungGen: 14397K->1120K(15360K)] 18775K->5498K(49664K), 0.0004810 secs] [Times: user=0.00 sys=0.00, real=0.00 secs] 
94.619: Total time for which application threads were stopped: 0.0005920 seconds, Stopping threads took: 0.0000580 seconds
94.678: Application time: 0.0585350 seconds
94.678: [GC [PSYoungGen: 14429K->640K(15360K)] 18807K->5430K(49664K), 0.0004770 secs] [Times: user=0.00 sys=0.00, real=0.00 secs] 
94.678: Total time for which application threads were stopped: 0.0005860 seconds, Stopping threads took: 0.0000550 seconds
94.736: Application time: 0.0574170 seconds
94.736: [GC [PSYoungGen: 13948K->736K(15360K)] 18739K->5526K(49664K), 0.0004240 secs] [Times: user=0.00 sys=0.00, real=0.00 secs] 
94.736: Total time for which application threads were stopped: 0.0005520 seconds, Stopping threads took: 0.0000720 seconds
94.782: Application time: 0.0459460 seconds
94.782: [GC [PSYoungGen: 14044K->768K(15360K)] 18835K->5779K(49664K), 0.0004900 secs] [Times: user=0.00 sys=0.00, real=0.00 secs] 
94.783: Total time for which application threads were stopped: 0.0006010 seconds, Stopping threads took: 0.0000590 seconds
94.831: Application time: 0.0479470 seconds
94.831: [GC [PSYoungGen: 14079K->784K(15360K)] 19091K->5795K(49664K), 0.0004660 secs] [Times: user=0.01 sys=0.00, real=0.00 secs] 
94.831: Total time for which application threads were stopped: 0.0005860 seconds, Stopping threads took: 0.0000610 seconds
94.876: Application time: 0.0445300 seconds
94.876: [GC [PSYoungGen: 14095K->992K(15360K)] 19107K->6003K(49664K), 0.0005820 secs] [Times: user=0.00 sys=0.00, real=0.00 secs] 
94.877: Total time for which application threads were stopped: 0.0006890 seconds, Stopping threads took: 0.0000490 seconds
94.916: Application time: 0.0393250 seconds
94.916: [GC [PSYoungGen: 14300K->1184K(15360K)] 19311K->6195K(49664K), 0.0005390 secs] [Times: user=0.00 sys=0.00, real=0.00 secs] 
94.917: Total time for which application threads were stopped: 0.0006470 seconds, Stopping threads took: 0.0000410 seconds
94.966: Application time: 0.0493050 seconds
94.968: [GC [PSYoungGen: 14491K->1264K(15360K)] 19503K->6275K(49664K), 0.0005180 secs] [Times: user=0.00 sys=0.00, real=0.00 secs] 
94.969: Total time for which application threads were stopped: 0.0029790 seconds, Stopping threads took: 0.0024020 seconds
95.026: Application time: 0.0569420 seconds
95.026: [GC [PSYoungGen: 14572K->1248K(15360K)] 19584K->6259K(49664K), 0.0005520 secs] [Times: user=0.00 sys=0.00, real=0.00 secs] 
95.026: Total time for which application threads were stopped: 0.0006470 seconds, Stopping threads took: 0.0000420 seconds
95.072: Application time: 0.0455080 seconds
95.072: [GC [PSYoungGen: 14557K->1504K(15360K)] 19569K->6515K(49664K), 0.0005650 secs] [Times: user=0.01 sys=0.00, real=0.00 secs] 
95.073: Total time for which application threads were stopped: 0.0006660 seconds, Stopping threads took: 0.0000470 seconds
95.114: Application time: 0.0410780 seconds
95.114: [GC [PSYoungGen: 14812K->1712K(15360K)] 19823K->6723K(49664K), 0.0006050 secs] [Times: user=0.00 sys=0.00, real=0.00 secs] 
95.114: Total time for which application threads were stopped: 0.0007260 seconds, Stopping threads took: 0.0000670 seconds
95.162: Application time: 0.0478220 seconds
95.162: [GC [PSYoungGen: 15021K->1728K(15360K)] 20032K->6739K(49664K), 0.0006240 secs] [Times: user=0.00 sys=0.00, real=0.00 secs] 
95.163: Total time for which application threads were stopped: 0.0007390 seconds, Stopping threads took: 0.0000590 seconds
95.205: Application time: 0.0416720 seconds
95.205: [GC [PSYoungGen: 15037K->1904K(15360K)] 20049K->6915K(49664K), 0.0006840 secs] [Times: user=0.00 sys=0.00, real=0.00 secs] 
95.205: Total time for which application threads were stopped: 0.0008020 seconds, Stopping threads took: 0.0000620 seconds
95.255: Application time: 0.0499770 seconds
95.256: [GC [PSYoungGen: 15215K->1856K(15360K)] 20226K->6867K(49664K), 0.0006730 secs] [Times: user=0.01 sys=0.00, real=0.00 secs] 
95.256: Total time for which application threads were stopped: 0.0007930 seconds, Stopping threads took: 0.0000580 seconds
95.311: Application time: 0.0544130 seconds
95.311: [GC [PSYoungGen: 15166K->1920K(15360K)] 20178K->6931K(49664K), 0.0006600 secs] [Times: user=0.00 sys=0.00, real=0.00 secs] 
95.311: Total time for which application threads were stopped: 0.0007750 seconds, Stopping threads took: 0.0000560 seconds
95.367: Application time: 0.0558320 seconds
95.367: [GC [PSYoungGen: 15228K->1904K(15360K)] 20240K->6915K(49664K), 0.0006780 secs] [Times: user=0.00 sys=0.00, real=0.00 secs] 
95.368: Total time for which application threads were stopped: 0.0007870 seconds, Stopping threads took: 0.0000510 seconds
95.426: Application time: 0.0577430 seconds
95.426: [GC [PSYoungGen: 15213K->1936K(15360K)] 20225K->6947K(49664K), 0.0006750 secs] [Times: user=0.00 sys=0.00, real=0.00 secs] 
95.427: Total time for which application threads were stopped: 0.0008010 seconds, Stopping threads took: 0.0000540 seconds
95.483: Application time: 0.0563240 seconds
95.483: [GC [PSYoungGen: 15247K->1952K(15360K)] 20258K->6963K(49664K), 0.0006660 secs] [Times: user=0.00 sys=0.00, real=0.00 secs] 
95.484: Total time for which application threads were stopped: 0.0007780 seconds, Stopping threads took: 0.0000550 seconds
95.540: Application time: 0.0561650 seconds
95.540: [GC [PSYoungGen: 15260K->1712K(15360K)] 20272K->7008K(49664K), 0.0006510 secs] [Times: user=0.00 sys=0.00, real=0.01 secs] 
95.541: Total time for which application threads were stopped: 0.0007830 seconds, Stopping threads took: 0.0000740 seconds
95.598: Application time: 0.0576020 seconds
95.598: [GC [PSYoungGen: 15023K->1472K(15360K)] 20319K->7020K(49664K), 0.0006120 secs] [Times: user=0.00 sys=0.00, real=0.00 secs] 
95.599: Total time for which application threads were stopped: 0.0007140 seconds, Stopping threads took: 0.0000480 seconds
95.657: Application time: 0.0578400 seconds
95.657: [GC [PSYoungGen: 14783K->1456K(15360K)] 20332K->7004K(49664K), 0.0005870 secs] [Times: user=0.00 sys=0.00, real=0.00 secs] 
95.658: Total time for which application threads were stopped: 0.0007020 seconds, Stopping threads took: 0.0000600 seconds
95.716: Application time: 0.0588510 seconds
95.716: [GC [PSYoungGen: 14765K->1440K(15360K)] 20314K->7028K(49664K), 0.0005630 secs] [Times: user=0.00 sys=0.00, real=0.00 secs] 
95.717: Total time for which application threads were stopped: 0.0006760 seconds, Stopping threads took: 0.0000590 seconds
95.778: Application time: 0.0609300 seconds
95.778: [GC [PSYoungGen: 14751K->1376K(15360K)] 20340K->7004K(49664K), 0.0006080 secs] [Times: user=0.00 sys=0.00, real=0.00 secs] 
95.779: Total time for which application threads were stopped: 0.0007440 seconds, Stopping threads took: 0.0000790 seconds
95.838: Application time: 0.0594320 seconds
95.838: [GC [PSYoungGen: 14685K->1344K(15360K)] 20314K->6972K(49664K), 0.0005400 secs] [Times: user=0.00 sys=0.00, real=0.00 secs] 
95.839: Total time for which application threads were stopped: 0.0006560 seconds, Stopping threads took: 0.0000590 seconds
95.898: Application time: 0.0592180 seconds
95.898: [GC [PSYoungGen: 14653K->1344K(15360K)] 20282K->6972K(49664K), 0.0005520 secs] [Times: user=0.00 sys=0.00, real=0.00 secs] 
95.899: Total time for which application threads were stopped: 0.0006820 seconds, Stopping threads took: 0.0000740 seconds
95.958: Application time: 0.0593250 seconds
95.958: [GC [PSYoungGen: 14653K->1296K(15360K)] 20282K->6996K(49664K), 0.0005980 secs] [Times: user=0.00 sys=0.00, real=0.00 secs] 
95.959: Total time for which application threads were stopped: 0.0007340 seconds, Stopping threads took: 0.0000720 seconds
96.017: Application time: 0.0582800 seconds
96.017: [GC [PSYoungGen: 14607K->1424K(15360K)] 20308K->7124K(49664K), 0.0006320 secs] [Times: user=0.00 sys=0.00, real=0.00 secs] 
96.018: Total time for which application threads were stopped: 0.0007390 seconds, Stopping threads took: 0.0000540 seconds
96.060: Application time: 0.0417180 seconds
96.060: [GC [PSYoungGen: 14735K->1504K(15360K)] 20436K->7244K(49664K), 0.0005640 secs] [Times: user=0.01 sys=0.00, real=0.00 secs] 
96.060: Total time for which application threads were stopped: 0.0006930 seconds, Stopping threads took: 0.0000730 seconds
96.100: Application time: 0.0398680 seconds
96.100: [GC [PSYoungGen: 14811K->1536K(15360K)] 20552K->7476K(49664K), 0.0006120 secs] [Times: user=0.00 sys=0.00, real=0.01 secs] 
96.101: Total time for which application threads were stopped: 0.0007230 seconds, Stopping threads took: 0.0000530 seconds
96.155: Application time: 0.0546080 seconds
96.156: [GC [PSYoungGen: 14847K->1376K(15360K)] 20788K->7529K(49664K), 0.0005680 secs] [Times: user=0.00 sys=0.00, real=0.00 secs] 
96.156: Total time for which application threads were stopped: 0.0006760 seconds, Stopping threads took: 0.0000540 seconds
96.214: Application time: 0.0579820 seconds
96.214: [GC [PSYoungGen: 14687K->1120K(15360K)] 20840K->7486K(49664K), 0.0005770 secs] [Times: user=0.00 sys=0.00, real=0.00 secs] 
96.215: Total time for which application threads were stopped: 0.0006840 seconds, Stopping threads took: 0.0000540 seconds
96.274: Application time: 0.0589280 seconds
96.274: [GC [PSYoungGen: 14429K->1120K(15360K)] 20795K->7486K(49664K), 0.0005080 secs] [Times: user=0.00 sys=0.00, real=0.00 secs] 
96.274: Total time for which application threads were stopped: 0.0006580 seconds, Stopping threads took: 0.0000930 seconds
96.333: Application time: 0.0588340 seconds
96.333: [GC [PSYoungGen: 14429K->832K(15360K)] 20795K->7402K(49664K), 0.0005010 secs] [Times: user=0.00 sys=0.00, real=0.00 secs] 
96.334: Total time for which application threads were stopped: 0.0006270 seconds, Stopping threads took: 0.0000690 seconds
96.392: Application time: 0.0586100 seconds
96.393: [GC [PSYoungGen: 14141K->704K(15360K)] 20712K->7479K(49664K), 0.0004980 secs] [Times: user=0.00 sys=0.00, real=0.00 secs] 
96.393: Total time for which application threads were stopped: 0.0006190 seconds, Stopping threads took: 0.0000650 seconds
96.451: Application time: 0.0575480 seconds
96.451: [GC [PSYoungGen: 14015K->768K(15360K)] 20790K->7543K(49664K), 0.0004290 secs] [Times: user=0.00 sys=0.00, real=0.00 secs] 
96.451: Total time for which application threads were stopped: 0.0005550 seconds, Stopping threads took: 0.0000680 seconds
96.505: Application time: 0.0534990 seconds
96.505: [GC [PSYoungGen: 14076K->752K(15360K)] 20851K->7747K(49664K), 0.0005190 secs] [Times: user=0.00 sys=0.00, real=0.00 secs] 
96.505: Total time for which application threads were stopped: 0.0006240 seconds, Stopping threads took: 0.0000420 seconds
96.548: Application time: 0.0425550 seconds
96.548: [GC [PSYoungGen: 14061K->800K(15360K)] 21056K->7795K(49664K), 0.0004680 secs] [Times: user=0.00 sys=0.00, real=0.01 secs] 
96.548: Total time for which application threads were stopped: 0.0005690 seconds, Stopping threads took: 0.0000440 seconds
96.595: Application time: 0.0464000 seconds
96.595: [GC [PSYoungGen: 14109K->1248K(15360K)] 21105K->8243K(49664K), 0.0005300 secs] [Times: user=0.00 sys=0.00, real=0.00 secs] 
96.595: Total time for which application threads were stopped: 0.0006220 seconds, Stopping threads took: 0.0000360 seconds
96.629: Application time: 0.0331170 seconds
96.632: [GC [PSYoungGen: 14555K->1184K(15360K)] 21551K->8179K(49664K), 0.0005580 secs] [Times: user=0.01 sys=0.00, real=0.00 secs] 
96.633: Total time for which application threads were stopped: 0.0043300 seconds, Stopping threads took: 0.0037140 seconds
96.686: Application time: 0.0530380 seconds
96.686: [GC [PSYoungGen: 14492K->1248K(15360K)] 21488K->8243K(49664K), 0.0005500 secs] [Times: user=0.00 sys=0.00, real=0.00 secs] 
96.687: Total time for which application threads were stopped: 0.0006800 seconds, Stopping threads took: 0.0000660 seconds
96.742: Application time: 0.0554250 seconds
96.742: [GC [PSYoungGen: 14556K->1264K(15360K)] 21552K->8259K(49664K), 0.0005520 secs] [Times: user=0.01 sys=0.00, real=0.00 secs] 
96.743: Total time for which application threads were stopped: 0.0006590 seconds, Stopping threads took: 0.0000510 seconds
96.788: Application time: 0.0451560 seconds
96.792: [GC [PSYoungGen: 14573K->1456K(15360K)] 21569K->8451K(49664K), 0.0005760 secs] [Times: user=0.00 sys=0.00, real=0.00 secs] 
96.793: Total time for which application threads were stopped: 0.0050430 seconds, Stopping threads took: 0.0044120 seconds
96.833: Application time: 0.0402780 seconds
96.833: [GC [PSYoungGen: 14764K->1728K(15360K)] 21759K->8723K(49664K), 0.0006270 secs] [Times: user=0.00 sys=0.00, real=0.00 secs] 
96.834: Total time for which application threads were stopped: 0.0007740 seconds, Stopping threads took: 0.0000880 seconds
96.881: Application time: 0.0468110 seconds
96.881: [GC [PSYoungGen: 15036K->1760K(15360K)] 22032K->8755K(49664K), 0.0006210 secs] [Times: user=0.00 sys=0.00, real=0.00 secs] 
96.882: Total time for which application threads were stopped: 0.0007320 seconds, Stopping threads took: 0.0000560 seconds
96.928: Application time: 0.0469730 seconds
96.929: [GC [PSYoungGen: 15068K->1952K(15360K)] 22063K->8947K(49664K), 0.0007110 secs] [Times: user=0.01 sys=0.00, real=0.00 secs] 
96.929: Total time for which application threads were stopped: 0.0008210 seconds, Stopping threads took: 0.0000550 seconds
96.974: Application time: 0.0450550 seconds
96.974: [GC [PSYoungGen: 15261K->1952K(15360K)] 22256K->8947K(49664K), 0.0006720 secs] [Times: user=0.00 sys=0.00, real=0.00 secs] 
96.975: Total time for which application threads were stopped: 0.0007920 seconds, Stopping threads took: 0.0000640 seconds
97.028: Application time: 0.0533200 seconds
97.029: [GC [PSYoungGen: 15261K->1888K(15360K)] 22257K->8883K(49664K), 0.0006650 secs] [Times: user=0.01 sys=0.00, real=0.00 secs] 
97.029: Total time for which application threads were stopped: 0.0007920 seconds, Stopping threads took: 0.0000630 seconds
97.086: Application time: 0.0570170 seconds
97.086: [GC [PSYoungGen: 15199K->1952K(15360K)] 22195K->8947K(49664K), 0.0006850 secs] [Times: user=0.01 sys=0.00, real=0.00 secs] 
97.087: Total time for which application threads were stopped: 0.0008080 seconds, Stopping threads took: 0.0000650 seconds
97.146: Application time: 0.0584070 seconds
97.146: [GC [PSYoungGen: 15261K->1920K(15360K)] 22257K->8915K(49664K), 0.0006710 secs] [Times: user=0.00 sys=0.00, real=0.00 secs] 
97.146: Total time for which application threads were stopped: 0.0007800 seconds, Stopping threads took: 0.0000530 seconds
97.203: Application time: 0.0564420 seconds
97.203: [GC [PSYoungGen: 15228K->1888K(15360K)] 22224K->8883K(49664K), 0.0006880 secs] [Times: user=0.00 sys=0.00, real=0.00 secs] 
97.204: Total time for which application threads were stopped: 0.0008110 seconds, Stopping threads took: 0.0000670 seconds
97.260: Application time: 0.0563530 seconds
97.264: [GC [PSYoungGen: 15199K->1504K(15360K)] 22195K->8976K(49664K), 0.0006690 secs] [Times: user=0.00 sys=0.00, real=0.00 secs] 
97.265: Total time for which application threads were stopped: 0.0050870 seconds, Stopping threads took: 0.0043610 seconds
97.324: Application time: 0.0585470 seconds
97.324: [GC [PSYoungGen: 14815K->1488K(15360K)] 22287K->8960K(49664K), 0.0005950 secs] [Times: user=0.00 sys=0.00, real=0.00 secs] 
97.324: Total time for which application threads were stopped: 0.0007210 seconds, Stopping threads took: 0.0000700 seconds
97.381: Application time: 0.0569670 seconds
97.381: [GC [PSYoungGen: 14796K->1440K(15360K)] 22269K->8960K(49664K), 0.0005980 secs] [Times: user=0.01 sys=0.00, real=0.00 secs] 
97.382: Total time for which application threads were stopped: 0.0007130 seconds, Stopping threads took: 0.0000560 seconds
97.441: Application time: 0.0593050 seconds
97.441: [GC [PSYoungGen: 14749K->1376K(15360K)] 22269K->8944K(49664K), 0.0006120 secs] [Times: user=0.00 sys=0.00, real=0.00 secs] 
97.442: Total time for which application threads were stopped: 0.0007380 seconds, Stopping threads took: 0.0000680 seconds
97.501: Application time: 0.0593470 seconds
97.501: [GC [PSYoungGen: 14685K->1360K(15360K)] 22253K->8928K(49664K), 0.0005580 secs] [Times: user=0.00 sys=0.00, real=0.00 secs] 
97.502: Total time for which application threads were stopped: 0.0006750 seconds, Stopping threads took: 0.0000590 seconds
97.561: Application time: 0.0593040 seconds
97.561: [GC [PSYoungGen: 14669K->1344K(15360K)] 22237K->8960K(49664K), 0.0005860 secs] [Times: user=0.00 sys=0.00, real=0.00 secs] 
97.562: Total time for which application threads were stopped: 0.0007150 seconds, Stopping threads took: 0.0000600 seconds
97.622: Application time: 0.0595110 seconds
97.622: [GC [PSYoungGen: 14653K->1312K(15360K)] 22269K->8928K(49664K), 0.0005730 secs] [Times: user=0.00 sys=0.00, real=0.00 secs] 
97.622: Total time for which application threads were stopped: 0.0006890 seconds, Stopping threads took: 0.0000620 seconds
97.682: Application time: 0.0595370 seconds
97.682: [GC [PSYoungGen: 14621K->1280K(15360K)] 22237K->8984K(49664K), 0.0005420 secs] [Times: user=0.00 sys=0.00, real=0.00 secs] 
97.682: Total time for which application threads were stopped: 0.0006600 seconds, Stopping threads took: 0.0000600 seconds
97.741: Application time: 0.0588030 seconds
97.741: [GC [PSYoungGen: 14589K->1328K(15360K)] 22293K->9032K(49664K), 0.0005360 secs] [Times: user=0.00 sys=0.00, real=0.00 secs] 
97.742: Total time for which application threads were stopped: 0.0006470 seconds, Stopping threads took: 0.0000550 seconds
97.783: Application time: 0.0412580 seconds
97.783: [GC [PSYoungGen: 14638K->1728K(15360K)] 22343K->9480K(49664K), 0.0006170 secs] [Times: user=0.00 sys=0.00, real=0.00 secs] 
97.784: Total time for which application threads were stopped: 0.0007490 seconds, Stopping threads took: 0.0000770 seconds
97.822: Application time: 0.0379970 seconds
97.822: [GC [PSYoungGen: 15035K->1440K(15360K)] 22788K->9408K(49664K), 0.0006010 secs] [Times: user=0.00 sys=0.00, real=0.00 secs] 
97.823: Total time for which application threads were stopped: 0.0007240 seconds, Stopping threads took: 0.0000660 seconds
97.878: Application time: 0.0551040 seconds
97.878: [GC [PSYoungGen: 14751K->1312K(15360K)] 22719K->9485K(49664K), 0.0005500 secs] [Times: user=0.00 sys=0.00, real=0.00 secs] 
97.878: Total time for which application threads were stopped: 0.0006610 seconds, Stopping threads took: 0.0000560 seconds
97.936: Application time: 0.0580170 seconds
97.937: [GC [PSYoungGen: 14620K->1088K(15360K)] 22793K->9465K(49664K), 0.0005770 secs] [Times: user=0.01 sys=0.00, real=0.00 secs] 
97.937: Total time for which application threads were stopped: 0.0007020 seconds, Stopping threads took: 0.0000710 seconds
97.996: Application time: 0.0586860 seconds
97.996: [GC [PSYoungGen: 14397K->1120K(15360K)] 22775K->9497K(49664K), 0.0005160 secs] [Times: user=0.00 sys=0.00, real=0.00 secs] 
97.997: Total time for which application threads were stopped: 0.0016440 seconds, Stopping threads took: 0.0000510 seconds
98.056: Application time: 0.0588000 seconds
98.056: [GC [PSYoungGen: 14429K->864K(15360K)] 22807K->9449K(49664K), 0.0004990 secs] [Times: user=0.00 sys=0.00, real=0.00 secs] 
98.057: Total time for which application threads were stopped: 0.0006310 seconds, Stopping threads took: 0.0000740 seconds
98.116: Application time: 0.0594580 seconds
98.120: [GC [PSYoungGen: 14173K->672K(15360K)] 22759K->9470K(49664K), 0.0004100 secs] [Times: user=0.00 sys=0.00, real=0.00 secs] 
98.120: Total time for which application threads were stopped: 0.0038010 seconds, Stopping threads took: 0.0033230 seconds
98.178: Application time: 0.0578800 seconds
98.178: [GC [PSYoungGen: 13954K->640K(15360K)] 22752K->9438K(49664K), 0.0004770 secs] [Times: user=0.00 sys=0.00, real=0.00 secs] 
98.179: Total time for which application threads were stopped: 0.0005990 seconds, Stopping threads took: 0.0000650 seconds
98.233: Application time: 0.0546350 seconds
98.233: [GC [PSYoungGen: 13948K->544K(15360K)] 22746K->9562K(49664K), 0.0004570 secs] [Times: user=0.00 sys=0.00, real=0.00 secs] 
98.234: Total time for which application threads were stopped: 0.0005640 seconds, Stopping threads took: 0.0000530 seconds
98.278: Application time: 0.0441820 seconds
98.278: [GC [PSYoungGen: 13855K->768K(15360K)] 22874K->9786K(49664K), 0.0004630 secs] [Times: user=0.00 sys=0.00, real=0.00 secs] 
98.279: Total time for which application threads were stopped: 0.0005740 seconds, Stopping threads took: 0.0000520 seconds
98.319: Application time: 0.0401510 seconds
98.319: [GC [PSYoungGen: 14080K->1216K(15360K)] 23098K->10234K(49664K), 0.0005160 secs] [Times: user=0.00 sys=0.00, real=0.00 secs] 
98.319: Total time for which application threads were stopped: 0.0006310 seconds, Stopping threads took: 0.0000600 seconds
98.353: Application time: 0.0333280 seconds
98.353: [GC [PSYoungGen: 14525K->1248K(15360K)] 23544K->10266K(49664K), 0.0006310 secs] [Times: user=0.00 sys=0.00, real=0.00 secs] 
98.353: Total time for which application threads were stopped: 0.0007620 seconds, Stopping threads took: 0.0000700 seconds
98.406: Application time: 0.0530200 seconds
98.407: [GC [PSYoungGen: 14464K->1120K(15360K)] 23483K->10138K(49664K), 0.0005860 secs] [Times: user=0.00 sys=0.00, real=0.00 secs] 
98.407: Total time for which application threads were stopped: 0.0007070 seconds, Stopping threads took: 0.0000640 seconds
98.463: Application time: 0.0559380 seconds
98.463: [GC [PSYoungGen: 14428K->1280K(15360K)] 23446K->10298K(49664K), 0.0005320 secs] [Times: user=0.00 sys=0.00, real=0.00 secs] 
98.464: Total time for which application threads were stopped: 0.0006400 seconds, Stopping threads took: 0.0000540 seconds
98.509: Application time: 0.0450430 seconds
98.509: [GC [PSYoungGen: 14591K->1408K(15360K)] 23610K->10426K(49664K), 0.0006410 secs] [Times: user=0.00 sys=0.00, real=0.00 secs] 
98.510: Total time for which application threads were stopped: 0.0007670 seconds, Stopping threads took: 0.0000690 seconds
98.559: Application time: 0.0491540 seconds
98.559: [GC [PSYoungGen: 14718K->1744K(15360K)] 23736K->10762K(49664K), 0.0006150 secs] [Times: user=0.01 sys=0.00, real=0.00 secs] 
98.559: Total time for which application threads were stopped: 0.0007240 seconds, Stopping threads took: 0.0000540 seconds
98.600: Application time: 0.0402630 seconds
98.604: [GC [PSYoungGen: 15053K->1744K(15360K)] 24072K->10762K(49664K), 0.0006580 secs] [Times: user=0.00 sys=0.00, real=0.00 secs] 
98.605: Total time for which application threads were stopped: 0.0052500 seconds, Stopping threads took: 0.0045350 seconds
98.654: Application time: 0.0487650 seconds
98.654: [GC [PSYoungGen: 15055K->1936K(15360K)] 24073K->10954K(49664K), 0.0006610 secs] [Times: user=0.00 sys=0.00, real=0.00 secs] 
98.655: Total time for which application threads were stopped: 0.0007960 seconds, Stopping threads took: 0.0000710 seconds
98.696: Application time: 0.0415670 seconds
98.696: [GC [PSYoungGen: 15244K->1888K(15360K)] 24263K->10906K(49664K), 0.0006810 secs] [Times: user=0.00 sys=0.00, real=0.00 secs] 
98.697: Total time for which application threads were stopped: 0.0007970 seconds, Stopping threads took: 0.0000590 seconds
98.751: Application time: 0.0536770 seconds
98.751: [GC [PSYoungGen: 15142K->1824K(15360K)] 24161K->10842K(49664K), 0.0006530 secs] [Times: user=0.00 sys=0.00, real=0.00 secs] 
98.751: Total time for which application threads were stopped: 0.0007720 seconds, Stopping threads took: 0.0000590 seconds
98.808: Application time: 0.0562040 seconds
98.808: [GC [PSYoungGen: 15134K->1936K(15360K)] 24152K->10954K(49664K), 0.0006790 secs] [Times: user=0.00 sys=0.00, real=0.01 secs] 
98.808: Total time for which application threads were stopped: 0.0007940 seconds, Stopping threads took: 0.0000600 seconds
98.867: Application time: 0.0588830 seconds
98.867: [GC [PSYoungGen: 15245K->1888K(15360K)] 24264K->10906K(49664K), 0.0006760 secs] [Times: user=0.01 sys=0.00, real=0.00 secs] 
98.868: Total time for which application threads were stopped: 0.0008010 seconds, Stopping threads took: 0.0000590 seconds
98.924: Application time: 0.0562180 seconds
98.924: [GC [PSYoungGen: 15196K->1936K(15360K)] 24215K->10954K(49664K), 0.0006650 secs] [Times: user=0.00 sys=0.00, real=0.00 secs] 
98.925: Total time for which application threads were stopped: 0.0007850 seconds, Stopping threads took: 0.0000640 seconds
98.983: Application time: 0.0578390 seconds
98.983: [GC [PSYoungGen: 15245K->1424K(15360K)] 24264K->10927K(49664K), 0.0007220 secs] [Times: user=0.01 sys=0.00, real=0.00 secs] 
98.984: Total time for which application threads were stopped: 0.0008340 seconds, Stopping threads took: 0.0000540 seconds
99.040: Application time: 0.0564280 seconds
99.040: [GC [PSYoungGen: 14732K->1536K(15360K)] 24236K->11039K(49664K), 0.0005990 secs] [Times: user=0.00 sys=0.00, real=0.00 secs] 
99.041: Total time for which application threads were stopped: 0.0007320 seconds, Stopping threads took: 0.0000690 seconds
99.098: Application time: 0.0571390 seconds
99.100: [GC [PSYoungGen: 14847K->1472K(15360K)] 24350K->11015K(49664K), 0.0006120 secs] [Times: user=0.00 sys=0.00, real=0.00 secs] 
99.101: Total time for which application threads were stopped: 0.0028830 seconds, Stopping threads took: 0.0022140 seconds
99.161: Application time: 0.0602490 seconds
99.161: [GC [PSYoungGen: 14781K->1408K(15360K)] 24324K->10999K(49664K), 0.0005990 secs] [Times: user=0.01 sys=0.00, real=0.00 secs] 
99.162: Total time for which application threads were stopped: 0.0007200 seconds, Stopping threads took: 0.0000560 seconds
99.229: Application time: 0.0666960 seconds
99.232: [GC [PSYoungGen: 14719K->1424K(15360K)] 24310K->11075K(49664K), 0.0006360 secs] [Times: user=0.00 sys=0.00, real=0.00 secs] 
99.233: Total time for which application threads were stopped: 0.0043770 seconds, Stopping threads took: 0.0036810 seconds
99.300: Application time: 0.0669460 seconds
99.300: [GC [PSYoungGen: 14733K->1376K(15360K)] 24384K->11027K(49664K), 0.0005310 secs] [Times: user=0.00 sys=0.00, real=0.01 secs] 
99.301: Total time for which application threads were stopped: 0.0006650 seconds, Stopping threads took: 0.0000740 seconds
99.360: Application time: 0.0592960 seconds
99.360: [GC [PSYoungGen: 14685K->1392K(15360K)] 24336K->11043K(49664K), 0.0005840 secs] [Times: user=0.01 sys=0.00, real=0.01 secs] 
99.361: Total time for which application threads were stopped: 0.0007050 seconds, Stopping threads took: 0.0000640 seconds
99.421: Application time: 0.0602010 seconds
99.421: [GC [PSYoungGen: 14701K->1312K(15360K)] 24353K->11003K(49664K), 0.0005470 secs] [Times: user=0.01 sys=0.00, real=0.00 secs] 
99.421: Total time for which application threads were stopped: 0.0006560 seconds, Stopping threads took: 0.0000550 seconds
99.478: Application time: 0.0566580 seconds
99.478: [GC [PSYoungGen: 14623K->1520K(15360K)] 24314K->11251K(49664K), 0.0005800 secs] [Times: user=0.00 sys=0.00, real=0.00 secs] 
99.479: Total time for which application threads were stopped: 0.0006780 seconds, Stopping threads took: 0.0000430 seconds
99.514: Application time: 0.0352500 seconds
99.514: [GC [PSYoungGen: 14830K->1728K(15360K)] 24562K->11499K(49664K), 0.0006510 secs] [Times: user=0.00 sys=0.00, real=0.00 secs] 
99.515: Total time for which application threads were stopped: 0.0007630 seconds, Stopping threads took: 0.0000540 seconds
99.560: Application time: 0.0453480 seconds
99.560: [GC [PSYoungGen: 15039K->1536K(15360K)] 24811K->11512K(49664K), 0.0006120 secs] [Times: user=0.00 sys=0.00, real=0.00 secs] 
99.561: Total time for which application threads were stopped: 0.0007370 seconds, Stopping threads took: 0.0000660 seconds
99.617: Application time: 0.0565520 seconds
99.618: [GC [PSYoungGen: 14846K->1280K(15360K)] 24822K->11460K(49664K), 0.0005660 secs] [Times: user=0.01 sys=0.00, real=0.00 secs] 
99.618: Total time for which application threads were stopped: 0.0006780 seconds, Stopping threads took: 0.0000570 seconds
99.678: Application time: 0.0598050 seconds
99.678: [GC [PSYoungGen: 14589K->1024K(15360K)] 24770K->11420K(49664K), 0.0005660 secs] [Times: user=0.01 sys=0.00, real=0.00 secs] 
99.679: Total time for which application threads were stopped: 0.0007040 seconds, Stopping threads took: 0.0000720 seconds
99.737: Application time: 0.0586960 seconds
99.737: [GC [PSYoungGen: 14333K->1056K(15360K)] 24730K->11452K(49664K), 0.0004830 secs] [Times: user=0.00 sys=0.00, real=0.00 secs] 
99.738: Total time for which application threads were stopped: 0.0006050 seconds, Stopping threads took: 0.0000680 seconds
99.797: Application time: 0.0585840 seconds
99.797: [GC [PSYoungGen: 14365K->928K(15360K)] 24762K->11532K(49664K), 0.0005410 secs] [Times: user=0.00 sys=0.00, real=0.00 secs] 
99.797: Total time for which application threads were stopped: 0.0006470 seconds, Stopping threads took: 0.0000510 seconds
99.856: Application time: 0.0584220 seconds
99.856: [GC [PSYoungGen: 14237K->992K(15360K)] 24842K->11596K(49664K), 0.0004850 secs] [Times: user=0.00 sys=0.00, real=0.00 secs] 
99.856: Total time for which application threads were stopped: 0.0006010 seconds, Stopping threads took: 0.0000570 seconds
99.912: Application time: 0.0562560 seconds
99.913: [GC [PSYoungGen: 14301K->800K(15360K)] 24905K->11628K(49664K), 0.0004950 secs] [Times: user=0.00 sys=0.00, real=0.00 secs] 
99.913: Total time for which application threads were stopped: 0.0005960 seconds, Stopping threads took: 0.0000470 seconds
99.969: Application time: 0.0561980 seconds
99.969: [GC [PSYoungGen: 14111K->608K(15360K)] 24940K->11660K(49664K), 0.0004600 secs] [Times: user=0.00 sys=0.00, real=0.00 secs] 
99.970: Total time for which application threads were stopped: 0.0005930 seconds, Stopping threads took: 0.0000750 seconds
100.019: Application time: 0.0495370 seconds
100.020: [GC [PSYoungGen: 13918K->768K(15360K)] 24970K->11820K(49664K), 0.0004980 secs] [Times: user=0.00 sys=0.00, real=0.00 secs] 
100.020: Total time for which application threads were stopped: 0.0006180 seconds, Stopping threads took: 0.0000630 seconds
100.050: Application time: 0.0299060 seconds
100.050: [GC [PSYoungGen: 14077K->1216K(15360K)] 25130K->12268K(49664K), 0.0005280 secs] [Times: user=0.00 sys=0.00, real=0.00 secs] 
100.051: Total time for which application threads were stopped: 0.0006340 seconds, Stopping threads took: 0.0000500 seconds
100.087: Application time: 0.0364410 seconds
100.087: [GC [PSYoungGen: 14525K->1248K(15360K)] 25578K->12300K(49664K), 0.0005440 secs] [Times: user=0.00 sys=0.00, real=0.00 secs] 
100.088: Total time for which application threads were stopped: 0.0006560 seconds, Stopping threads took: 0.0000540 seconds
100.143: Application time: 0.0550040 seconds
100.143: [GC [PSYoungGen: 14557K->1312K(15360K)] 25609K->12364K(49664K), 0.0005950 secs] [Times: user=0.00 sys=0.00, real=0.00 secs] 
100.143: Total time for which application threads were stopped: 0.0007070 seconds, Stopping threads took: 0.0000590 seconds
100.200: Application time: 0.0569050 seconds
100.200: [GC [PSYoungGen: 14623K->1280K(15360K)] 25676K->12332K(49664K), 0.0005500 secs] [Times: user=0.00 sys=0.00, real=0.00 secs] 
100.201: Total time for which application threads were stopped: 0.0006640 seconds, Stopping threads took: 0.0000490 seconds
100.251: Application time: 0.0502480 seconds
100.251: [GC [PSYoungGen: 14587K->1488K(15360K)] 25640K->12540K(49664K), 0.0005800 secs] [Times: user=0.00 sys=0.00, real=0.00 secs] 
100.252: Total time for which application threads were stopped: 0.0006880 seconds, Stopping threads took: 0.0000510 seconds
100.299: Application time: 0.0466330 seconds
100.299: [GC [PSYoungGen: 14799K->1488K(15360K)] 25852K->12540K(49664K), 0.0005820 secs] [Times: user=0.00 sys=0.00, real=0.00 secs] 
100.299: Total time for which application threads were stopped: 0.0007020 seconds, Stopping threads took: 0.0000620 seconds
100.352: Application time: 0.0531870 seconds
100.353: [GC [PSYoungGen: 14796K->1696K(15360K)] 25849K->12748K(49664K), 0.0006420 secs] [Times: user=0.00 sys=0.00, real=0.00 secs] 
100.353: Total time for which application threads were stopped: 0.0007570 seconds, Stopping threads took: 0.0000580 seconds
100.390: Application time: 0.0363260 seconds
100.390: [GC [PSYoungGen: 15007K->1920K(15360K)] 26060K->12972K(49664K), 0.0006980 secs] [Times: user=0.00 sys=0.00, real=0.00 secs] 
100.390: Total time for which application threads were stopped: 0.0007960 seconds, Stopping threads took: 0.0000430 seconds
100.432: Application time: 0.0414750 seconds
100.432: [GC [PSYoungGen: 15230K->1936K(15360K)] 26283K->12988K(49664K), 0.0006900 secs] [Times: user=0.01 sys=0.00, real=0.00 secs] 
100.433: Total time for which application threads were stopped: 0.0007960 seconds, Stopping threads took: 0.0000480 seconds
100.484: Application time: 0.0516060 seconds
100.484: [GC [PSYoungGen: 15248K->1936K(15360K)] 26300K->12988K(49664K), 0.0007450 secs] [Times: user=0.00 sys=0.00, real=0.00 secs] 
100.485: Total time for which application threads were stopped: 0.0008740 seconds, Stopping threads took: 0.0000710 seconds
100.542: Application time: 0.0566590 seconds
100.542: [GC [PSYoungGen: 15244K->1936K(15360K)] 26297K->12988K(49664K), 0.0006850 secs] [Times: user=0.01 sys=0.00, real=0.00 secs] 
100.543: Total time for which application threads were stopped: 0.0007990 seconds, Stopping threads took: 0.0000560 seconds
100.600: Application time: 0.0578410 seconds
100.600: [GC [PSYoungGen: 15245K->1872K(15360K)] 26298K->12924K(49664K), 0.0006920 secs] [Times: user=0.01 sys=0.00, real=0.00 secs] 
100.601: Total time for which application threads were stopped: 0.0008140 seconds, Stopping threads took: 0.0000640 seconds
100.659: Application time: 0.0575770 seconds
100.660: [GC [PSYoungGen: 15182K->1712K(15360K)] 26235K->12820K(49664K), 0.0006920 secs] [Times: user=0.01 sys=0.00, real=0.00 secs] 
100.661: Total time for which application threads were stopped: 0.0022880 seconds, Stopping threads took: 0.0015360 seconds
100.718: Application time: 0.0566190 seconds
100.718: [GC [PSYoungGen: 15019K->1440K(15360K)] 26128K->12990K(49664K), 0.0006950 secs] [Times: user=0.01 sys=0.00, real=0.00 secs] 
100.718: Total time for which application threads were stopped: 0.0008130 seconds, Stopping threads took: 0.0000490 seconds
100.776: Application time: 0.0571160 seconds
100.776: [GC [PSYoungGen: 14748K->1504K(15360K)] 26298K->13053K(49664K), 0.0005870 secs] [Times: user=0.01 sys=0.00, real=0.00 secs] 
100.776: Total time for which application threads were stopped: 0.0007110 seconds, Stopping threads took: 0.0000650 seconds
100.833: Application time: 0.0564830 seconds
100.833: [GC [PSYoungGen: 14814K->1408K(15360K)] 26364K->13046K(49664K), 0.0005890 secs] [Times: user=0.00 sys=0.00, real=0.00 secs] 
100.834: Total time for which application threads were stopped: 0.0006860 seconds, Stopping threads took: 0.0000420 seconds
100.892: Application time: 0.0587250 seconds
100.892: [GC [PSYoungGen: 14717K->1408K(15360K)] 26355K->13046K(49664K), 0.0005540 secs] [Times: user=0.00 sys=0.00, real=0.00 secs] 
100.893: Total time for which application threads were stopped: 0.0006820 seconds, Stopping threads took: 0.0000700 seconds
100.952: Application time: 0.0591680 seconds
100.952: [GC [PSYoungGen: 14717K->1376K(15360K)] 26355K->13062K(49664K), 0.0005720 secs] [Times: user=0.00 sys=0.00, real=0.00 secs] 
100.953: Total time for which application threads were stopped: 0.0006810 seconds, Stopping threads took: 0.0000550 seconds
101.013: Application time: 0.0600870 seconds
101.013: [GC [PSYoungGen: 14685K->1344K(15360K)] 26371K->13030K(49664K), 0.0005670 secs] [Times: user=0.00 sys=0.00, real=0.00 secs] 
101.014: Total time for which application threads were stopped: 0.0006680 seconds, Stopping threads took: 0.0000490 seconds
101.073: Application time: 0.0592670 seconds
101.073: [GC [PSYoungGen: 14653K->1376K(15360K)] 26339K->13062K(49664K), 0.0006250 secs] [Times: user=0.00 sys=0.00, real=0.00 secs] 
101.074: Total time for which application threads were stopped: 0.0007370 seconds, Stopping threads took: 0.0000560 seconds
101.134: Application time: 0.0604150 seconds
101.134: [GC [PSYoungGen: 14687K->1344K(15360K)] 26373K->13078K(49664K), 0.0006020 secs] [Times: user=0.00 sys=0.00, real=0.00 secs] 
101.135: Total time for which application threads were stopped: 0.0007540 seconds, Stopping threads took: 0.0000880 seconds
101.194: Application time: 0.0594630 seconds
101.196: [GC [PSYoungGen: 14653K->1344K(15360K)] 26387K->13078K(49664K), 0.0005830 secs] [Times: user=0.00 sys=0.00, real=0.00 secs] 
101.197: Total time for which application threads were stopped: 0.0027780 seconds, Stopping threads took: 0.0021380 seconds
101.230: Application time: 0.0328310 seconds
101.230: [GC [PSYoungGen: 14654K->1632K(15360K)] 26388K->13454K(49664K), 0.0006340 secs] [Times: user=0.01 sys=0.00, real=0.00 secs] 
101.231: Total time for which application threads were stopped: 0.0007750 seconds, Stopping threads took: 0.0000770 seconds
101.275: Application time: 0.0447160 seconds
101.275: [GC [PSYoungGen: 14941K->1696K(15360K)] 26763K->13518K(49664K), 0.0006230 secs] [Times: user=0.01 sys=0.00, real=0.00 secs] 
101.276: Total time for which application threads were stopped: 0.0007510 seconds, Stopping threads took: 0.0000750 seconds
101.332: Application time: 0.0559530 seconds
101.332: [GC [PSYoungGen: 15006K->1120K(15360K)] 26828K->13539K(49664K), 0.0006120 secs] [Times: user=0.01 sys=0.00, real=0.00 secs] 
101.333: Total time for which application threads were stopped: 0.0007220 seconds, Stopping threads took: 0.0000530 seconds
101.391: Application time: 0.0588000 seconds
101.392: [GC [PSYoungGen: 14429K->1120K(15360K)] 26849K->13539K(49664K), 0.0005080 secs] [Times: user=0.00 sys=0.00, real=0.00 secs] 
101.392: Total time for which application threads were stopped: 0.0006200 seconds, Stopping threads took: 0.0000570 seconds
101.451: Application time: 0.0592740 seconds
101.452: [GC [PSYoungGen: 14429K->1088K(15360K)] 26849K->13507K(49664K), 0.0005050 secs] [Times: user=0.01 sys=0.00, real=0.00 secs] 
101.452: Total time for which application threads were stopped: 0.0006250 seconds, Stopping threads took: 0.0000660 seconds
101.511: Application time: 0.0593940 seconds
101.512: [GC [PSYoungGen: 14397K->1024K(15360K)] 26817K->13443K(49664K), 0.0005910 secs] [Times: user=0.00 sys=0.00, real=0.00 secs] 
101.512: Total time for which application threads were stopped: 0.0007200 seconds, Stopping threads took: 0.0000710 seconds
101.571: Application time: 0.0585600 seconds
101.571: [GC [PSYoungGen: 14333K->928K(15360K)] 26753K->13555K(49664K), 0.0005690 secs] [Times: user=0.01 sys=0.00, real=0.00 secs] 
101.571: Total time for which application threads were stopped: 0.0006750 seconds, Stopping threads took: 0.0000510 seconds
101.628: Application time: 0.0571020 seconds
101.629: [GC [PSYoungGen: 14239K->1120K(15360K)] 26867K->13747K(49664K), 0.0004960 secs] [Times: user=0.00 sys=0.00, real=0.00 secs] 
101.629: Total time for which application threads were stopped: 0.0006030 seconds, Stopping threads took: 0.0000510 seconds
101.685: Application time: 0.0555530 seconds
101.685: [GC [PSYoungGen: 14431K->608K(15360K)] 27058K->13652K(49664K), 0.0005000 secs] [Times: user=0.01 sys=0.00, real=0.00 secs] 
101.685: Total time for which application threads were stopped: 0.0006120 seconds, Stopping threads took: 0.0000530 seconds
101.738: Application time: 0.0532330 seconds
101.739: [GC [PSYoungGen: 13917K->960K(15360K)] 26962K->14004K(49664K), 0.0005430 secs] [Times: user=0.00 sys=0.00, real=0.00 secs] 
101.739: Total time for which application threads were stopped: 0.0006540 seconds, Stopping threads took: 0.0000460 seconds
101.768: Application time: 0.0293510 seconds
101.769: [GC [PSYoungGen: 14267K->912K(15360K)] 27312K->13956K(49664K), 0.0005340 secs] [Times: user=0.00 sys=0.00, real=0.00 secs] 
101.769: Total time for which application threads were stopped: 0.0006620 seconds, Stopping threads took: 0.0000730 seconds
101.803: Application time: 0.0336210 seconds
101.803: Total time for which application threads were stopped: 0.0000780 seconds, Stopping threads took: 0.0000580 seconds
101.803: Application time: 0.0000360 seconds
101.803: [GC [PSYoungGen: 14124K->1120K(15360K)] 27297K->14292K(49664K), 0.0005330 secs] [Times: user=0.00 sys=0.00, real=0.00 secs] 
101.804: Total time for which application threads were stopped: 0.0006120 seconds, Stopping threads took: 0.0000300 seconds
101.860: Application time: 0.0560170 seconds
101.860: [GC [PSYoungGen: 14431K->1184K(15360K)] 27888K->14641K(49664K), 0.0005120 secs] [Times: user=0.00 sys=0.00, real=0.00 secs] 
101.860: Total time for which application threads were stopped: 0.0006260 seconds, Stopping threads took: 0.0000590 seconds
101.917: Application time: 0.0569740 seconds
101.917: [GC [PSYoungGen: 14495K->1248K(15360K)] 27952K->14705K(49664K), 0.0005680 secs] [Times: user=0.01 sys=0.00, real=0.00 secs] 
101.918: Total time for which application threads were stopped: 0.0006830 seconds, Stopping threads took: 0.0000600 seconds
101.968: Application time: 0.0502210 seconds
101.968: [GC [PSYoungGen: 14555K->1424K(15360K)] 28013K->14881K(49664K), 0.0005770 secs] [Times: user=0.00 sys=0.00, real=0.01 secs] 
101.969: Total time for which application threads were stopped: 0.0006800 seconds, Stopping threads took: 0.0000450 seconds
102.015: Application time: 0.0463630 seconds
102.015: [GC [PSYoungGen: 14735K->1568K(15360K)] 28193K->15025K(49664K), 0.0006200 secs] [Times: user=0.00 sys=0.00, real=0.00 secs] 
102.016: Total time for which application threads were stopped: 0.0007280 seconds, Stopping threads took: 0.0000530 seconds
102.070: Application time: 0.0544140 seconds
102.070: [GC [PSYoungGen: 14878K->1680K(15360K)] 28336K->15137K(49664K), 0.0006200 secs] [Times: user=0.00 sys=0.00, real=0.00 secs] 
102.071: Total time for which application threads were stopped: 0.0007470 seconds, Stopping threads took: 0.0000700 seconds
102.109: Application time: 0.0381630 seconds
102.109: [GC [PSYoungGen: 14989K->1936K(15360K)] 28446K->15393K(49664K), 0.0006340 secs] [Times: user=0.00 sys=0.00, real=0.00 secs] 
102.110: Total time for which application threads were stopped: 0.0007340 seconds, Stopping threads took: 0.0000460 seconds
102.150: Application time: 0.0399160 seconds
102.150: [GC [PSYoungGen: 15243K->1952K(15360K)] 28701K->15409K(49664K), 0.0007390 secs] [Times: user=0.00 sys=0.00, real=0.00 secs] 
102.151: Total time for which application threads were stopped: 0.0008540 seconds, Stopping threads took: 0.0000580 seconds
102.201: Application time: 0.0506920 seconds
102.201: [GC [PSYoungGen: 15263K->1856K(15360K)] 28721K->15313K(49664K), 0.0006780 secs] [Times: user=0.01 sys=0.00, real=0.00 secs] 
102.202: Total time for which application threads were stopped: 0.0008010 seconds, Stopping threads took: 0.0000660 seconds
102.259: Application time: 0.0566410 seconds
102.259: [GC [PSYoungGen: 15165K->1920K(15360K)] 28622K->15377K(49664K), 0.0006980 secs] [Times: user=0.00 sys=0.00, real=0.00 secs] 
102.260: Total time for which application threads were stopped: 0.0008300 seconds, Stopping threads took: 0.0000640 seconds
102.318: Application time: 0.0579930 seconds
102.320: [GC [PSYoungGen: 15229K->1904K(15360K)] 28686K->15361K(49664K), 0.0007750 secs] [Times: user=0.00 sys=0.00, real=0.00 secs] 
102.321: Total time for which application threads were stopped: 0.0034810 seconds, Stopping threads took: 0.0026490 seconds
102.378: Application time: 0.0570920 seconds
102.378: [GC [PSYoungGen: 15215K->1872K(15360K)] 28672K->15369K(49664K), 0.0006860 secs] [Times: user=0.00 sys=0.00, real=0.00 secs] 
102.379: Total time for which application threads were stopped: 0.0008100 seconds, Stopping threads took: 0.0000660 seconds
102.436: Application time: 0.0571370 seconds
102.436: [GC [PSYoungGen: 15183K->1472K(15360K)] 28680K->15418K(49664K), 0.0007290 secs] [Times: user=0.00 sys=0.00, real=0.00 secs] 
102.437: Total time for which application threads were stopped: 0.0008460 seconds, Stopping threads took: 0.0000570 seconds
102.495: Application time: 0.0581020 seconds
102.495: [GC [PSYoungGen: 14781K->1536K(15360K)] 28728K->15482K(49664K), 0.0006510 secs] [Times: user=0.00 sys=0.00, real=0.00 secs] 
102.496: Total time for which application threads were stopped: 0.0007910 seconds, Stopping threads took: 0.0000810 seconds
102.551: Application time: 0.0548390 seconds
102.551: [GC [PSYoungGen: 14847K->1456K(15360K)] 28794K->15426K(49664K), 0.0005960 secs] [Times: user=0.00 sys=0.00, real=0.00 secs] 
102.551: Total time for which application threads were stopped: 0.0007010 seconds, Stopping threads took: 0.0000510 seconds
102.610: Application time: 0.0589330 seconds
102.610: [GC [PSYoungGen: 14765K->1440K(15360K)] 28736K->15482K(49664K), 0.0006440 secs] [Times: user=0.00 sys=0.00, real=0.00 secs] 
102.611: Total time for which application threads were stopped: 0.0007630 seconds, Stopping threads took: 0.0000600 seconds
102.671: Application time: 0.0602700 seconds
102.671: [GC [PSYoungGen: 14752K->1344K(15360K)] 28794K->15426K(49664K), 0.0005730 secs] [Times: user=0.00 sys=0.00, real=0.00 secs] 
102.672: Total time for which application threads were stopped: 0.0006790 seconds, Stopping threads took: 0.0000520 seconds
102.731: Application time: 0.0591760 seconds
102.731: [GC [PSYoungGen: 14653K->1408K(15360K)] 28736K->15490K(49664K), 0.0005500 secs] [Times: user=0.01 sys=0.00, real=0.00 secs] 
102.732: Total time for which application threads were stopped: 0.0006610 seconds, Stopping threads took: 0.0000550 seconds
102.791: Application time: 0.0594990 seconds
102.792: [GC [PSYoungGen: 14717K->1392K(15360K)] 28800K->15474K(49664K), 0.0005500 secs] [Times: user=0.00 sys=0.00, real=0.00 secs] 
102.792: Total time for which application threads were stopped: 0.0006880 seconds, Stopping threads took: 0.0000690 seconds
102.852: Application time: 0.0598060 seconds
102.852: [GC [PSYoungGen: 14701K->1312K(15360K)] 28784K->15442K(49664K), 0.0005800 secs] [Times: user=0.01 sys=0.00, real=0.00 secs] 
102.853: Total time for which application threads were stopped: 0.0006830 seconds, Stopping threads took: 0.0000460 seconds
102.912: Application time: 0.0594870 seconds
102.912: [GC [PSYoungGen: 14621K->1344K(15360K)] 28752K->15474K(49664K), 0.0006290 secs] [Times: user=0.00 sys=0.00, real=0.00 secs] 
102.913: Total time for which application threads were stopped: 0.0007630 seconds, Stopping threads took: 0.0000780 seconds
102.948: Application time: 0.0351020 seconds
102.948: [GC [PSYoungGen: 14652K->1728K(15360K)] 28782K->15938K(49664K), 0.0006370 secs] [Times: user=0.00 sys=0.00, real=0.01 secs] 
102.949: Total time for which application threads were stopped: 0.0007570 seconds, Stopping threads took: 0.0000630 seconds
102.992: Application time: 0.0435250 seconds
102.992: [GC [PSYoungGen: 15039K->1696K(15360K)] 29249K->15906K(49664K), 0.0006150 secs] [Times: user=0.00 sys=0.00, real=0.00 secs] 
102.993: Total time for which application threads were stopped: 0.0007350 seconds, Stopping threads took: 0.0000650 seconds
103.049: Application time: 0.0564370 seconds
103.050: [GC [PSYoungGen: 15004K->1120K(15360K)] 29215K->15936K(49664K), 0.0005980 secs] [Times: user=0.01 sys=0.00, real=0.00 secs] 
103.051: Total time for which application threads were stopped: 0.0016580 seconds, Stopping threads took: 0.0000580 seconds
103.110: Application time: 0.0587490 seconds
103.110: [GC [PSYoungGen: 14429K->1088K(15360K)] 29245K->15904K(49664K), 0.0004720 secs] [Times: user=0.01 sys=0.00, real=0.00 secs] 
103.110: Total time for which application threads were stopped: 0.0006270 seconds, Stopping threads took: 0.0001030 seconds
103.170: Application time: 0.0591980 seconds
103.170: [GC [PSYoungGen: 14397K->1056K(15360K)] 29213K->15872K(49664K), 0.0005300 secs] [Times: user=0.00 sys=0.00, real=0.00 secs] 
103.170: Total time for which application threads were stopped: 0.0006380 seconds, Stopping threads took: 0.0000510 seconds
103.229: Application time: 0.0586300 seconds
103.229: [GC [PSYoungGen: 14365K->1088K(15360K)] 29181K->15904K(49664K), 0.0005170 secs] [Times: user=0.00 sys=0.00, real=0.00 secs] 
103.230: Total time for which application threads were stopped: 0.0006200 seconds, Stopping threads took: 0.0000490 seconds
103.288: Application time: 0.0586410 seconds
103.288: [GC [PSYoungGen: 14397K->832K(15360K)] 29213K->15860K(49664K), 0.0005000 secs] [Times: user=0.00 sys=0.00, real=0.00 secs] 
103.289: Total time for which application threads were stopped: 0.0006360 seconds, Stopping threads took: 0.0000720 seconds
103.346: Application time: 0.0571410 seconds
103.346: [GC [PSYoungGen: 14143K->928K(15360K)] 29172K->15956K(49664K), 0.0005480 secs] [Times: user=0.00 sys=0.00, real=0.00 secs] 
103.347: Total time for which application threads were stopped: 0.0006570 seconds, Stopping threads took: 0.0000440 seconds
103.402: Application time: 0.0556360 seconds
103.402: [GC [PSYoungGen: 14236K->576K(15360K)] 29265K->16014K(49664K), 0.0005050 secs] [Times: user=0.01 sys=0.00, real=0.00 secs] 
103.403: Total time for which application threads were stopped: 0.0006160 seconds, Stopping threads took: 0.0000550 seconds
103.458: Application time: 0.0551220 seconds
103.458: [GC [PSYoungGen: 13886K->928K(15360K)] 29324K->16366K(49664K), 0.0005280 secs] [Times: user=0.01 sys=0.00, real=0.00 secs] 
103.459: Total time for which application threads were stopped: 0.0006460 seconds, Stopping threads took: 0.0000640 seconds
103.488: Application time: 0.0294680 seconds
103.488: [GC [PSYoungGen: 14239K->1184K(15360K)] 29677K->16622K(49664K), 0.0005360 secs] [Times: user=0.00 sys=0.00, real=0.00 secs] 
103.489: Total time for which application threads were stopped: 0.0006740 seconds, Stopping threads took: 0.0000760 seconds
103.522: Application time: 0.0331710 seconds
103.522: [GC [PSYoungGen: 14493K->1232K(15360K)] 29931K->16670K(49664K), 0.0005560 secs] [Times: user=0.01 sys=0.00, real=0.00 secs] 
103.523: Total time for which application threads were stopped: 0.0006790 seconds, Stopping threads took: 0.0000660 seconds
103.576: Application time: 0.0533200 seconds
103.576: [GC [PSYoungGen: 14543K->1280K(15360K)] 29981K->16718K(49664K), 0.0005500 secs] [Times: user=0.00 sys=0.00, real=0.00 secs] 
103.577: Total time for which application threads were stopped: 0.0006720 seconds, Stopping threads took: 0.0000670 seconds
103.633: Application time: 0.0567060 seconds
103.633: [GC [PSYoungGen: 14588K->1200K(15360K)] 30026K->16638K(49664K), 0.0006040 secs] [Times: user=0.01 sys=0.00, real=0.00 secs] 
103.634: Total time for which application threads were stopped: 0.0007040 seconds, Stopping threads took: 0.0000440 seconds
103.685: Application time: 0.0511570 seconds
103.685: [GC [PSYoungGen: 14512K->1456K(15360K)] 29949K->16894K(49664K), 0.0006550 secs] [Times: user=0.00 sys=0.00, real=0.00 secs] 
103.686: Total time for which application threads were stopped: 0.0007740 seconds, Stopping threads took: 0.0000630 seconds
103.732: Application time: 0.0457840 seconds
103.732: [GC [PSYoungGen: 14765K->1520K(15360K)] 30203K->16958K(49664K), 0.0005670 secs] [Times: user=0.01 sys=0.00, real=0.00 secs] 
103.732: Total time for which application threads were stopped: 0.0006770 seconds, Stopping threads took: 0.0000530 seconds
103.789: Application time: 0.0560610 seconds
103.789: [GC [PSYoungGen: 14828K->1456K(15360K)] 30266K->16894K(49664K), 0.0006000 secs] [Times: user=0.01 sys=0.00, real=0.00 secs] 
103.789: Total time for which application threads were stopped: 0.0007180 seconds, Stopping threads took: 0.0000640 seconds
103.830: Application time: 0.0411590 seconds
103.831: [GC [PSYoungGen: 14764K->1920K(15360K)] 30202K->17358K(49664K), 0.0006980 secs] [Times: user=0.00 sys=0.00, real=0.00 secs] 
103.831: Total time for which application threads were stopped: 0.0008280 seconds, Stopping threads took: 0.0000710 seconds
103.866: Application time: 0.0351560 seconds
103.867: [GC [PSYoungGen: 15227K->1952K(15360K)] 30665K->17390K(49664K), 0.0007150 secs] [Times: user=0.01 sys=0.00, real=0.00 secs] 
103.867: Total time for which application threads were stopped: 0.0008300 seconds, Stopping threads took: 0.0000540 seconds
103.918: Application time: 0.0504390 seconds
103.918: [GC [PSYoungGen: 15263K->1952K(15360K)] 30701K->17390K(49664K), 0.0007150 secs] [Times: user=0.00 sys=0.00, real=0.00 secs] 
103.919: Total time for which application threads were stopped: 0.0008280 seconds, Stopping threads took: 0.0000570 seconds
103.975: Application time: 0.0568630 seconds
103.975: [GC [PSYoungGen: 15260K->1952K(15360K)] 30698K->17390K(49664K), 0.0007520 secs] [Times: user=0.00 sys=0.00, real=0.00 secs] 
103.976: Total time for which application threads were stopped: 0.0008920 seconds, Stopping threads took: 0.0000760 seconds
104.035: Application time: 0.0583320 seconds
104.035: [GC [PSYoungGen: 15263K->1904K(15360K)] 30701K->17342K(49664K), 0.0006980 secs] [Times: user=0.01 sys=0.00, real=0.00 secs] 
104.035: Total time for which application threads were stopped: 0.0008250 seconds, Stopping threads took: 0.0000700 seconds
104.093: Application time: 0.0578230 seconds
104.093: [GC [PSYoungGen: 15213K->1840K(15360K)] 30651K->17318K(49664K), 0.0007300 secs] [Times: user=0.00 sys=0.00, real=0.00 secs] 
104.094: Total time for which application threads were stopped: 0.0008340 seconds, Stopping threads took: 0.0000450 seconds
104.151: Application time: 0.0565920 seconds
104.151: [GC [PSYoungGen: 15148K->1472K(15360K)] 30626K->17402K(49664K), 0.0007530 secs] [Times: user=0.00 sys=0.00, real=0.00 secs] 
104.152: Total time for which application threads were stopped: 0.0008650 seconds, Stopping threads took: 0.0000550 seconds
104.211: Application time: 0.0591120 seconds
104.211: [GC [PSYoungGen: 14781K->1408K(15360K)] 30712K->17338K(49664K), 0.0006380 secs] [Times: user=0.00 sys=0.00, real=0.00 secs] 
104.211: Total time for which application threads were stopped: 0.0007580 seconds, Stopping threads took: 0.0000650 seconds
104.266: Application time: 0.0550620 seconds
104.267: [GC [PSYoungGen: 14716K->1600K(15360K)] 30646K->17530K(49664K), 0.0006080 secs] [Times: user=0.00 sys=0.00, real=0.00 secs] 
104.267: Total time for which application threads were stopped: 0.0007180 seconds, Stopping threads took: 0.0000530 seconds
104.326: Application time: 0.0586530 seconds
104.326: [GC [PSYoungGen: 14909K->1328K(15360K)] 30840K->17338K(49664K), 0.0006190 secs] [Times: user=0.01 sys=0.00, real=0.00 secs] 
104.327: Total time for which application threads were stopped: 0.0007270 seconds, Stopping threads took: 0.0000490 seconds
104.385: Application time: 0.0588780 seconds
104.386: [GC [PSYoungGen: 14637K->1376K(15360K)] 30648K->17434K(49664K), 0.0005870 secs] [Times: user=0.01 sys=0.00, real=0.00 secs] 
104.386: Total time for which application threads were stopped: 0.0007200 seconds, Stopping threads took: 0.0000610 seconds
104.445: Application time: 0.0592360 seconds
104.446: [GC [PSYoungGen: 14685K->1344K(15360K)] 30744K->17402K(49664K), 0.0005750 secs] [Times: user=0.00 sys=0.00, real=0.00 secs] 
104.446: Total time for which application threads were stopped: 0.0006810 seconds, Stopping threads took: 0.0000520 seconds
104.505: Application time: 0.0591250 seconds
104.505: [GC [PSYoungGen: 14653K->1344K(15360K)] 30712K->17402K(49664K), 0.0006090 secs] [Times: user=0.01 sys=0.00, real=0.00 secs] 
104.506: Total time for which application threads were stopped: 0.0007290 seconds, Stopping threads took: 0.0000640 seconds
104.565: Application time: 0.0588380 seconds
104.565: [GC [PSYoungGen: 14653K->1344K(15360K)] 30712K->17442K(49664K), 0.0005860 secs] [Times: user=0.01 sys=0.00, real=0.00 secs] 
104.566: Total time for which application threads were stopped: 0.0007070 seconds, Stopping threads took: 0.0000670 seconds
104.624: Application time: 0.0586740 seconds
104.624: [GC [PSYoungGen: 14653K->1360K(15360K)] 30752K->17458K(49664K), 0.0006080 secs] [Times: user=0.00 sys=0.00, real=0.00 secs] 
104.625: Total time for which application threads were stopped: 0.0007390 seconds, Stopping threads took: 0.0000730 seconds
104.662: Application time: 0.0366580 seconds
104.662: [GC [PSYoungGen: 14670K->1728K(15360K)] 30768K->17898K(49664K), 0.0006220 secs] [Times: user=0.00 sys=0.00, real=0.00 secs] 
104.662: Total time for which application threads were stopped: 0.0007330 seconds, Stopping threads took: 0.0000530 seconds
104.704: Application time: 0.0414250 seconds
104.708: [GC [PSYoungGen: 15037K->1696K(15360K)] 31208K->17866K(49664K), 0.0005990 secs] [Times: user=0.00 sys=0.00, real=0.00 secs] 
104.709: Total time for which application threads were stopped: 0.0051920 seconds, Stopping threads took: 0.0045310 seconds
104.765: Application time: 0.0563490 seconds
104.765: [GC [PSYoungGen: 15004K->1184K(15360K)] 31175K->17952K(49664K), 0.0005960 secs] [Times: user=0.01 sys=0.00, real=0.00 secs] 
104.766: Total time for which application threads were stopped: 0.0007260 seconds, Stopping threads took: 0.0000760 seconds
104.825: Application time: 0.0586220 seconds
104.825: [GC [PSYoungGen: 14493K->1088K(15360K)] 31261K->17856K(49664K), 0.0005290 secs] [Times: user=0.00 sys=0.00, real=0.00 secs] 
104.825: Total time for which application threads were stopped: 0.0006460 seconds, Stopping threads took: 0.0000630 seconds
104.884: Application time: 0.0588430 seconds
104.884: [GC [PSYoungGen: 14397K->1056K(15360K)] 31165K->17824K(49664K), 0.0005060 secs] [Times: user=0.00 sys=0.00, real=0.00 secs] 
104.885: Total time for which application threads were stopped: 0.0006100 seconds, Stopping threads took: 0.0000470 seconds
104.943: Application time: 0.0587040 seconds
104.944: [GC [PSYoungGen: 14365K->1088K(15360K)] 31133K->17856K(49664K), 0.0005040 secs] [Times: user=0.00 sys=0.00, real=0.00 secs] 
104.944: Total time for which application threads were stopped: 0.0006320 seconds, Stopping threads took: 0.0000610 seconds
105.004: Application time: 0.0596280 seconds
105.004: [GC [PSYoungGen: 14397K->896K(15360K)] 31165K->17893K(49664K), 0.0005280 secs] [Times: user=0.00 sys=0.00, real=0.00 secs] 
105.004: Total time for which application threads were stopped: 0.0006300 seconds, Stopping threads took: 0.0000460 seconds
105.063: Application time: 0.0582280 seconds
105.063: [GC [PSYoungGen: 14205K->864K(15360K)] 31202K->17861K(49664K), 0.0004950 secs] [Times: user=0.00 sys=0.00, real=0.00 secs] 
105.063: Total time for which application threads were stopped: 0.0006080 seconds, Stopping threads took: 0.0000600 seconds
105.118: Application time: 0.0550070 seconds
105.118: [GC [PSYoungGen: 14172K->544K(15360K)] 31169K->17950K(49664K), 0.0005300 secs] [Times: user=0.00 sys=0.00, real=0.00 secs] 
105.119: Total time for which application threads were stopped: 0.0006390 seconds, Stopping threads took: 0.0000570 seconds
105.171: Application time: 0.0523650 seconds
105.171: [GC [PSYoungGen: 13855K->720K(15360K)] 31262K->18126K(49664K), 0.0005280 secs] [Times: user=0.00 sys=0.00, real=0.00 secs] 
105.172: Total time for which application threads were stopped: 0.0006360 seconds, Stopping threads took: 0.0000480 seconds
105.205: Application time: 0.0327980 seconds
105.205: [GC [PSYoungGen: 14027K->1216K(15360K)] 31433K->18622K(49664K), 0.0005190 secs] [Times: user=0.00 sys=0.00, real=0.00 secs] 
105.205: Total time for which application threads were stopped: 0.0006200 seconds, Stopping threads took: 0.0000460 seconds
105.240: Application time: 0.0346950 seconds
105.240: [GC [PSYoungGen: 14526K->1248K(15360K)] 31932K->18654K(49664K), 0.0005630 secs] [Times: user=0.00 sys=0.00, real=0.01 secs] 
105.241: Total time for which application threads were stopped: 0.0006710 seconds, Stopping threads took: 0.0000500 seconds
105.293: Application time: 0.0526600 seconds
105.293: [GC [PSYoungGen: 14559K->1248K(15360K)] 31965K->18654K(49664K), 0.0006250 secs] [Times: user=0.00 sys=0.00, real=0.00 secs] 
105.294: Total time for which application threads were stopped: 0.0007320 seconds, Stopping threads took: 0.0000520 seconds
105.350: Application time: 0.0560080 seconds
105.350: [GC [PSYoungGen: 14556K->1264K(15360K)] 31962K->18670K(49664K), 0.0005450 secs] [Times: user=0.00 sys=0.00, real=0.00 secs] 
105.351: Total time for which application threads were stopped: 0.0006600 seconds, Stopping threads took: 0.0000590 seconds
105.406: Application time: 0.0551250 seconds
105.406: [GC [PSYoungGen: 14573K->1440K(15360K)] 31979K->18846K(49664K), 0.0006530 secs] [Times: user=0.00 sys=0.00, real=0.00 secs] 
105.407: Total time for which application threads were stopped: 0.0007600 seconds, Stopping threads took: 0.0000490 seconds
105.448: Application time: 0.0411520 seconds
105.448: [GC [PSYoungGen: 14750K->1632K(15360K)] 32156K->19038K(49664K), 0.0007490 secs] [Times: user=0.00 sys=0.00, real=0.01 secs] 
105.449: Total time for which application threads were stopped: 0.0008750 seconds, Stopping threads took: 0.0000580 seconds
105.506: Application time: 0.0572210 seconds
105.506: [GC [PSYoungGen: 14943K->1424K(15360K)] 32349K->18830K(49664K), 0.0005930 secs] [Times: user=0.00 sys=0.00, real=0.00 secs] 
105.507: Total time for which application threads were stopped: 0.0007030 seconds, Stopping threads took: 0.0000560 seconds
105.544: Application time: 0.0371000 seconds
105.544: [GC [PSYoungGen: 14735K->1952K(15360K)] 32142K->19358K(49664K), 0.0007260 secs] [Times: user=0.00 sys=0.00, real=0.00 secs] 
105.544: Total time for which application threads were stopped: 0.0008210 seconds, Stopping threads took: 0.0000370 seconds
105.582: Application time: 0.0379740 seconds
105.584: [GC [PSYoungGen: 15261K->1888K(15360K)] 32667K->19294K(49664K), 0.0007000 secs] [Times: user=0.01 sys=0.00, real=0.00 secs] 
105.585: Total time for which application threads were stopped: 0.0025850 seconds, Stopping threads took: 0.0018300 seconds
105.635: Application time: 0.0499530 seconds
105.635: [GC [PSYoungGen: 15164K->1808K(15360K)] 32570K->19214K(49664K), 0.0006930 secs] [Times: user=0.01 sys=0.00, real=0.00 secs] 
105.636: Total time for which application threads were stopped: 0.0008330 seconds, Stopping threads took: 0.0000810 seconds
105.694: Application time: 0.0580770 seconds
105.694: [GC [PSYoungGen: 15119K->1888K(15360K)] 32525K->19294K(49664K), 0.0006690 secs] [Times: user=0.00 sys=0.00, real=0.00 secs] 
105.695: Total time for which application threads were stopped: 0.0007900 seconds, Stopping threads took: 0.0000650 seconds
105.753: Application time: 0.0580450 seconds
105.753: [GC [PSYoungGen: 15197K->1952K(15360K)] 32603K->19358K(49664K), 0.0007720 secs] [Times: user=0.00 sys=0.00, real=0.00 secs] 
105.754: Total time for which application threads were stopped: 0.0008880 seconds, Stopping threads took: 0.0000590 seconds
105.812: Application time: 0.0585430 seconds
105.812: [GC [PSYoungGen: 15261K->1920K(15360K)] 32667K->19326K(49664K), 0.0007320 secs] [Times: user=0.01 sys=0.00, real=0.00 secs] 
105.813: Total time for which application threads were stopped: 0.0008550 seconds, Stopping threads took: 0.0000660 seconds
105.870: Application time: 0.0564880 seconds
105.870: [GC [PSYoungGen: 15228K->1440K(15360K)] 32634K->19314K(49664K), 0.0006800 secs] [Times: user=0.00 sys=0.00, real=0.00 secs] 
105.870: Total time for which application threads were stopped: 0.0007760 seconds, Stopping threads took: 0.0000380 seconds
105.930: Application time: 0.0592730 seconds
105.930: [GC [PSYoungGen: 14749K->1424K(15360K)] 32624K->19298K(49664K), 0.0006180 secs] [Times: user=0.00 sys=0.00, real=0.00 secs] 
105.930: Total time for which application threads were stopped: 0.0007500 seconds, Stopping threads took: 0.0000750 seconds
105.986: Application time: 0.0553960 seconds
105.986: [GC [PSYoungGen: 14735K->1488K(15360K)] 32610K->19362K(49664K), 0.0005910 secs] [Times: user=0.00 sys=0.00, real=0.00 secs] 
105.986: Total time for which application threads were stopped: 0.0007110 seconds, Stopping threads took: 0.0000550 seconds
106.045: Application time: 0.0590590 seconds
106.046: [GC [PSYoungGen: 14797K->1392K(15360K)] 32672K->19346K(49664K), 0.0006160 secs] [Times: user=0.00 sys=0.00, real=0.00 secs] 
106.046: Total time for which application threads were stopped: 0.0007240 seconds, Stopping threads took: 0.0000470 seconds
106.106: Application time: 0.0597930 seconds
106.106: [GC [PSYoungGen: 14701K->1344K(15360K)] 32656K->19338K(49664K), 0.0005300 secs] [Times: user=0.00 sys=0.00, real=0.00 secs] 
106.107: Total time for which application threads were stopped: 0.0006400 seconds, Stopping threads took: 0.0000580 seconds
106.166: Application time: 0.0591050 seconds
106.166: [GC [PSYoungGen: 14653K->1344K(15360K)] 32648K->19338K(49664K), 0.0005800 secs] [Times: user=0.00 sys=0.00, real=0.00 secs] 
106.166: Total time for which application threads were stopped: 0.0007050 seconds, Stopping threads took: 0.0000630 seconds
106.226: Application time: 0.0598900 seconds
106.226: [GC [PSYoungGen: 14653K->1344K(15360K)] 32648K->19338K(49664K), 0.0006520 secs] [Times: user=0.00 sys=0.00, real=0.00 secs] 
106.227: Total time for which application threads were stopped: 0.0007490 seconds, Stopping threads took: 0.0000410 seconds
106.286: Application time: 0.0590000 seconds
106.286: [GC [PSYoungGen: 14653K->1360K(15360K)] 32648K->19410K(49664K), 0.0006290 secs] [Times: user=0.01 sys=0.00, real=0.00 secs] 
106.287: Total time for which application threads were stopped: 0.0007690 seconds, Stopping threads took: 0.0000840 seconds
106.346: Application time: 0.0592000 seconds
106.346: [GC [PSYoungGen: 14669K->1376K(15360K)] 32720K->19426K(49664K), 0.0005820 secs] [Times: user=0.00 sys=0.00, real=0.00 secs] 
106.347: Total time for which application threads were stopped: 0.0006830 seconds, Stopping threads took: 0.0000450 seconds
106.384: Application time: 0.0375490 seconds
106.384: [GC [PSYoungGen: 14684K->1696K(15360K)] 32735K->19819K(49664K), 0.0006300 secs] [Times: user=0.00 sys=0.00, real=0.00 secs] 
106.385: Total time for which application threads were stopped: 0.0007390 seconds, Stopping threads took: 0.0000530 seconds
106.426: Application time: 0.0407190 seconds
106.426: [GC [PSYoungGen: 15006K->1696K(15360K)] 33128K->19819K(49664K), 0.0006640 secs] [Times: user=0.00 sys=0.01, real=0.00 secs] 
106.427: Total time for which application threads were stopped: 0.0007580 seconds, Stopping threads took: 0.0000360 seconds
106.482: Application time: 0.0555730 seconds
106.482: [GC [PSYoungGen: 15006K->1152K(15360K)] 33129K->19868K(49664K), 0.0006000 secs] [Times: user=0.00 sys=0.00, real=0.00 secs] 
106.483: Total time for which application threads were stopped: 0.0007330 seconds, Stopping threads took: 0.0000730 seconds
106.541: Application time: 0.0581420 seconds
106.541: [GC [PSYoungGen: 14461K->1088K(15360K)] 33177K->19804K(49664K), 0.0005230 secs] [Times: user=0.01 sys=0.00, real=0.00 secs] 
106.542: Total time for which application threads were stopped: 0.0006420 seconds, Stopping threads took: 0.0000480 seconds
106.600: Application time: 0.0586510 seconds
106.600: [GC [PSYoungGen: 14397K->1088K(15360K)] 33113K->19804K(49664K), 0.0005100 secs] [Times: user=0.00 sys=0.00, real=0.00 secs] 
106.601: Total time for which application threads were stopped: 0.0006360 seconds, Stopping threads took: 0.0000680 seconds
106.659: Application time: 0.0584660 seconds
106.659: [GC [PSYoungGen: 14397K->1088K(15360K)] 33113K->19804K(49664K), 0.0005080 secs] [Times: user=0.00 sys=0.00, real=0.00 secs] 
106.660: Total time for which application threads were stopped: 0.0006250 seconds, Stopping threads took: 0.0000590 seconds
106.718: Application time: 0.0584530 seconds
106.719: [GC [PSYoungGen: 14397K->928K(15360K)] 33113K->19864K(49664K), 0.0005070 secs] [Times: user=0.00 sys=0.00, real=0.00 secs] 
106.719: Total time for which application threads were stopped: 0.0006200 seconds, Stopping threads took: 0.0000580 seconds
106.778: Application time: 0.0583980 seconds
106.778: [GC [PSYoungGen: 14237K->960K(15360K)] 33174K->19896K(49664K), 0.0004980 secs] [Times: user=0.01 sys=0.00, real=0.00 secs] 
106.778: Total time for which application threads were stopped: 0.0006230 seconds, Stopping threads took: 0.0000700 seconds
106.832: Application time: 0.0543370 seconds
106.833: [GC [PSYoungGen: 14269K->576K(15360K)] 33206K->19921K(49664K), 0.0004810 secs] [Times: user=0.00 sys=0.00, real=0.00 secs] 
106.833: Total time for which application threads were stopped: 0.0006040 seconds, Stopping threads took: 0.0000680 seconds
106.889: Application time: 0.0563100 seconds
106.892: [GC [PSYoungGen: 13885K->768K(15360K)] 33230K->20113K(49664K), 0.0005080 secs] [Times: user=0.01 sys=0.00, real=0.00 secs] 
106.893: Total time for which application threads were stopped: 0.0034600 seconds, Stopping threads took: 0.0028970 seconds
106.921: Application time: 0.0284390 seconds
106.921: [GC [PSYoungGen: 14077K->1216K(15360K)] 33423K->20561K(49664K), 0.0005610 secs] [Times: user=0.00 sys=0.00, real=0.00 secs] 
106.922: Total time for which application threads were stopped: 0.0006830 seconds, Stopping threads took: 0.0000660 seconds
106.954: Application time: 0.0316940 seconds
106.954: [GC [PSYoungGen: 14527K->1216K(15360K)] 33873K->20561K(49664K), 0.0005490 secs] [Times: user=0.00 sys=0.00, real=0.00 secs] 
106.954: Total time for which application threads were stopped: 0.0006560 seconds, Stopping threads took: 0.0000520 seconds
107.009: Application time: 0.0546590 seconds
107.009: [GC [PSYoungGen: 14525K->1280K(15360K)] 33870K->20625K(49664K), 0.0005470 secs] [Times: user=0.00 sys=0.00, real=0.00 secs] 
107.010: Total time for which application threads were stopped: 0.0006640 seconds, Stopping threads took: 0.0000620 seconds
107.067: Application time: 0.0574370 seconds
107.067: [GC [PSYoungGen: 14591K->1280K(15360K)] 33937K->20625K(49664K), 0.0005630 secs] [Times: user=0.00 sys=0.00, real=0.00 secs] 
107.068: Total time for which application threads were stopped: 0.0006820 seconds, Stopping threads took: 0.0000550 seconds
107.123: Application time: 0.0553720 seconds
107.123: [GC [PSYoungGen: 14591K->1392K(15360K)] 33937K->20737K(49664K), 0.0006070 secs] [Times: user=0.00 sys=0.00, real=0.00 secs] 
107.124: Total time for which application threads were stopped: 0.0007090 seconds, Stopping threads took: 0.0000480 seconds
107.166: Application time: 0.0417160 seconds
107.166: [GC [PSYoungGen: 14703K->1472K(15360K)] 34049K->20817K(49664K), 0.0006270 secs] [Times: user=0.00 sys=0.00, real=0.00 secs] 
107.166: Total time for which application threads were stopped: 0.0007390 seconds, Stopping threads took: 0.0000520 seconds
107.224: Application time: 0.0578560 seconds
107.224: [GC [PSYoungGen: 14781K->1472K(15360K)] 34127K->20817K(49664K), 0.0005920 secs] [Times: user=0.00 sys=0.00, real=0.00 secs] 
107.225: Total time for which application threads were stopped: 0.0007020 seconds, Stopping threads took: 0.0000530 seconds
107.266: Application time: 0.0415220 seconds
107.266: [GC [PSYoungGen: 14780K->1952K(15360K)] 34126K->21297K(49664K), 0.0006850 secs] [Times: user=0.00 sys=0.00, real=0.00 secs] 
107.267: Total time for which application threads were stopped: 0.0008010 seconds, Stopping threads took: 0.0000580 seconds
107.301: Application time: 0.0335640 seconds
107.301: [GC [PSYoungGen: 15263K->1984K(15360K)] 34609K->21329K(49664K), 0.0007100 secs] [Times: user=0.01 sys=0.00, real=0.00 secs] 
107.302: Total time for which application threads were stopped: 0.0008140 seconds, Stopping threads took: 0.0000480 seconds
107.353: Application time: 0.0514860 seconds
107.353: [GC [PSYoungGen: 15293K->1904K(15360K)] 34639K->21249K(49664K), 0.0006870 secs] [Times: user=0.00 sys=0.00, real=0.00 secs] 
107.354: Total time for which application threads were stopped: 0.0008020 seconds, Stopping threads took: 0.0000580 seconds
107.410: Application time: 0.0559490 seconds
107.410: [GC [PSYoungGen: 15214K->1952K(15360K)] 34560K->21297K(49664K), 0.0006950 secs] [Times: user=0.00 sys=0.00, real=0.00 secs] 
107.411: Total time for which application threads were stopped: 0.0007950 seconds, Stopping threads took: 0.0000430 seconds
107.469: Application time: 0.0579840 seconds
107.469: [GC [PSYoungGen: 15263K->1856K(15360K)] 34609K->21201K(49664K), 0.0006990 secs] [Times: user=0.01 sys=0.00, real=0.00 secs] 
107.469: Total time for which application threads were stopped: 0.0008170 seconds, Stopping threads took: 0.0000600 seconds
107.527: Application time: 0.0577250 seconds
107.527: [GC [PSYoungGen: 15165K->1936K(15360K)] 34511K->21281K(49664K), 0.0007060 secs] [Times: user=0.00 sys=0.00, real=0.00 secs] 
107.528: Total time for which application threads were stopped: 0.0008120 seconds, Stopping threads took: 0.0000470 seconds
107.584: Application time: 0.0560940 seconds
107.584: [GC [PSYoungGen: 15244K->1456K(15360K)] 34590K->21273K(49664K), 0.0007050 secs] [Times: user=0.00 sys=0.00, real=0.00 secs] 
107.585: Total time for which application threads were stopped: 0.0008460 seconds, Stopping threads took: 0.0000630 seconds
107.643: Application time: 0.0581930 seconds
107.643: [GC [PSYoungGen: 14765K->1440K(15360K)] 34583K->21257K(49664K), 0.0006330 secs] [Times: user=0.00 sys=0.00, real=0.00 secs] 
107.644: Total time for which application threads were stopped: 0.0007460 seconds, Stopping threads took: 0.0000530 seconds
107.699: Application time: 0.0547320 seconds
107.699: [GC [PSYoungGen: 14750K->1472K(15360K)] 34568K->21337K(49664K), 0.0006850 secs] [Times: user=0.00 sys=0.00, real=0.00 secs] 
107.699: Total time for which application threads were stopped: 0.0007900 seconds, Stopping threads took: 0.0000490 seconds
107.758: Application time: 0.0585730 seconds
107.758: [GC [PSYoungGen: 14781K->1312K(15360K)] 34647K->21225K(49664K), 0.0006120 secs] [Times: user=0.00 sys=0.00, real=0.00 secs] 
107.759: Total time for which application threads were stopped: 0.0007260 seconds, Stopping threads took: 0.0000580 seconds
107.818: Application time: 0.0588790 seconds
107.818: [GC [PSYoungGen: 14621K->1360K(15360K)] 34535K->21314K(49664K), 0.0005960 secs] [Times: user=0.01 sys=0.00, real=0.00 secs] 
107.818: Total time for which application threads were stopped: 0.0007120 seconds, Stopping threads took: 0.0000610 seconds
107.878: Application time: 0.0594120 seconds
107.878: [GC [PSYoungGen: 14669K->1376K(15360K)] 34623K->21329K(49664K), 0.0006000 secs] [Times: user=0.00 sys=0.00, real=0.00 secs] 
107.878: Total time for which application threads were stopped: 0.0007080 seconds, Stopping threads took: 0.0000520 seconds
107.938: Application time: 0.0594300 seconds
107.938: [GC [PSYoungGen: 14685K->1296K(15360K)] 34639K->21250K(49664K), 0.0005790 secs] [Times: user=0.00 sys=0.00, real=0.00 secs] 
107.939: Total time for which application threads were stopped: 0.0006920 seconds, Stopping threads took: 0.0000560 seconds
107.998: Application time: 0.0591890 seconds
107.998: [GC [PSYoungGen: 14605K->1312K(15360K)] 34559K->21314K(49664K), 0.0005810 secs] [Times: user=0.00 sys=0.00, real=0.00 secs] 
107.998: Total time for which application threads were stopped: 0.0006980 seconds, Stopping threads took: 0.0000610 seconds
108.058: Application time: 0.0593540 seconds
108.058: [GC [PSYoungGen: 14621K->1344K(15360K)] 34623K->21346K(49664K), 0.0006250 secs] [Times: user=0.00 sys=0.00, real=0.00 secs] 
108.059: Total time for which application threads were stopped: 0.0016400 seconds, Stopping threads took: 0.0000610 seconds
108.106: Application time: 0.0468040 seconds
108.106: [GC [PSYoungGen: 14652K->1696K(15360K)] 34654K->21786K(49664K), 0.0006020 secs] [Times: user=0.01 sys=0.00, real=0.00 secs] 
108.107: Total time for which application threads were stopped: 0.0007090 seconds, Stopping threads took: 0.0000400 seconds
108.140: Application time: 0.0334770 seconds
108.140: [GC [PSYoungGen: 15008K->1696K(15360K)] 35097K->21786K(49664K), 0.0006190 secs] [Times: user=0.01 sys=0.00, real=0.00 secs] 
108.141: Total time for which application threads were stopped: 0.0007210 seconds, Stopping threads took: 0.0000450 seconds
108.196: Application time: 0.0552920 seconds
108.197: [GC [PSYoungGen: 15007K->1120K(15360K)] 35097K->21807K(49664K), 0.0006630 secs] [Times: user=0.00 sys=0.00, real=0.00 secs] 
108.197: Total time for which application threads were stopped: 0.0007820 seconds, Stopping threads took: 0.0000650 seconds
108.253: Application time: 0.0561930 seconds
108.254: [GC [PSYoungGen: 14430K->1120K(15360K)] 35118K->21807K(49664K), 0.0005170 secs] [Times: user=0.00 sys=0.00, real=0.00 secs] 
108.254: Total time for which application threads were stopped: 0.0006370 seconds, Stopping threads took: 0.0000630 seconds
108.314: Application time: 0.0595060 seconds
108.314: [GC [PSYoungGen: 14429K->1088K(15360K)] 35117K->21775K(49664K), 0.0005820 secs] [Times: user=0.00 sys=0.00, real=0.00 secs] 
108.314: Total time for which application threads were stopped: 0.0006970 seconds, Stopping threads took: 0.0000560 seconds
108.373: Application time: 0.0585590 seconds
108.373: [GC [PSYoungGen: 14397K->1088K(15360K)] 35085K->21775K(49664K), 0.0005480 secs] [Times: user=0.00 sys=0.00, real=0.00 secs] 
108.373: Total time for which application threads were stopped: 0.0006820 seconds, Stopping threads took: 0.0000770 seconds
108.433: Application time: 0.0593000 seconds
108.433: [GC [PSYoungGen: 14397K->832K(15360K)] 35085K->21732K(49664K), 0.0005150 secs] [Times: user=0.00 sys=0.00, real=0.00 secs] 
108.433: Total time for which application threads were stopped: 0.0006350 seconds, Stopping threads took: 0.0000640 seconds
108.492: Application time: 0.0588270 seconds
108.492: [GC [PSYoungGen: 14141K->1024K(15360K)] 35041K->21924K(49664K), 0.0005120 secs] [Times: user=0.00 sys=0.00, real=0.00 secs] 
108.493: Total time for which application threads were stopped: 0.0006160 seconds, Stopping threads took: 0.0000490 seconds
108.547: Application time: 0.0543950 seconds
108.547: [GC [PSYoungGen: 14335K->544K(15360K)] 35236K->21853K(49664K), 0.0005090 secs] [Times: user=0.00 sys=0.00, real=0.00 secs] 
108.548: Total time for which application threads were stopped: 0.0006170 seconds, Stopping threads took: 0.0000550 seconds
108.603: Application time: 0.0547910 seconds
108.603: [GC [PSYoungGen: 13855K->960K(15360K)] 35164K->22269K(49664K), 0.0005290 secs] [Times: user=0.00 sys=0.00, real=0.00 secs] 
108.603: Total time for which application threads were stopped: 0.0006310 seconds, Stopping threads took: 0.0000440 seconds
108.630: Application time: 0.0271380 seconds
108.631: [GC [PSYoungGen: 14269K->1216K(15360K)] 35578K->22525K(49664K), 0.0005580 secs] [Times: user=0.00 sys=0.00, real=0.00 secs] 
108.631: Total time for which application threads were stopped: 0.0007000 seconds, Stopping threads took: 0.0000710 seconds
108.665: Application time: 0.0336550 seconds
108.665: [GC [PSYoungGen: 14525K->1248K(15360K)] 35834K->22557K(49664K), 0.0005270 secs] [Times: user=0.00 sys=0.00, real=0.00 secs] 
108.665: Total time for which application threads were stopped: 0.0006300 seconds, Stopping threads took: 0.0000450 seconds
108.721: Application time: 0.0555310 seconds
108.721: [GC [PSYoungGen: 14513K->1088K(15360K)] 35823K->22397K(49664K), 0.0005860 secs] [Times: user=0.00 sys=0.00, real=0.00 secs] 
108.722: Total time for which application threads were stopped: 0.0007160 seconds, Stopping threads took: 0.0000750 seconds
108.779: Application time: 0.0572490 seconds
108.779: [GC [PSYoungGen: 14399K->1216K(15360K)] 35708K->22525K(49664K), 0.0005730 secs] [Times: user=0.01 sys=0.00, real=0.00 secs] 
108.780: Total time for which application threads were stopped: 0.0006950 seconds, Stopping threads took: 0.0000670 seconds
108.835: Application time: 0.0549140 seconds
108.835: [GC [PSYoungGen: 14527K->1440K(15360K)] 35836K->22749K(49664K), 0.0005960 secs] [Times: user=0.00 sys=0.00, real=0.00 secs] 
108.835: Total time for which application threads were stopped: 0.0007010 seconds, Stopping threads took: 0.0000500 seconds
108.877: Application time: 0.0418530 seconds
108.877: [GC [PSYoungGen: 14751K->1488K(15360K)] 36061K->22797K(49664K), 0.0005990 secs] [Times: user=0.01 sys=0.00, real=0.00 secs] 
108.878: Total time for which application threads were stopped: 0.0007140 seconds, Stopping threads took: 0.0000600 seconds
108.935: Application time: 0.0570000 seconds
108.935: [GC [PSYoungGen: 14799K->1488K(15360K)] 36108K->22797K(49664K), 0.0006200 secs] [Times: user=0.00 sys=0.00, real=0.00 secs] 
108.936: Total time for which application threads were stopped: 0.0007300 seconds, Stopping threads took: 0.0000540 seconds
108.978: Application time: 0.0422480 seconds
108.978: [GC [PSYoungGen: 14799K->1904K(15360K)] 36108K->23213K(49664K), 0.0006790 secs] [Times: user=0.01 sys=0.00, real=0.00 secs] 
108.979: Total time for which application threads were stopped: 0.0007970 seconds, Stopping threads took: 0.0000600 seconds
109.014: Application time: 0.0353570 seconds
109.016: [GC [PSYoungGen: 15213K->1888K(15360K)] 36522K->23197K(49664K), 0.0007370 secs] [Times: user=0.00 sys=0.00, real=0.00 secs] 
109.017: Total time for which application threads were stopped: 0.0030970 seconds, Stopping threads took: 0.0022920 seconds
109.067: Application time: 0.0499030 seconds
109.067: [GC [PSYoungGen: 15198K->1920K(15360K)] 36507K->23229K(49664K), 0.0006870 secs] [Times: user=0.00 sys=0.00, real=0.00 secs] 
109.068: Total time for which application threads were stopped: 0.0008150 seconds, Stopping threads took: 0.0000720 seconds
109.124: Application time: 0.0557900 seconds
109.124: [GC [PSYoungGen: 15228K->1936K(15360K)] 36538K->23245K(49664K), 0.0006750 secs] [Times: user=0.01 sys=0.00, real=0.00 secs] 
109.124: Total time for which application threads were stopped: 0.0007950 seconds, Stopping threads took: 0.0000600 seconds
109.183: Application time: 0.0582720 seconds
109.183: [GC [PSYoungGen: 15245K->1904K(15360K)] 36554K->23213K(49664K), 0.0006860 secs] [Times: user=0.00 sys=0.00, real=0.00 secs] 
109.183: Total time for which application threads were stopped: 0.0008150 seconds, Stopping threads took: 0.0000590 seconds
109.241: Application time: 0.0578850 seconds
109.241: [GC [PSYoungGen: 15213K->1856K(15360K)] 36522K->23165K(49664K), 0.0007100 secs] [Times: user=0.00 sys=0.00, real=0.00 secs] 
109.242: Total time for which application threads were stopped: 0.0008310 seconds, Stopping threads took: 0.0000600 seconds
109.298: Application time: 0.0560760 seconds
109.298: [GC [PSYoungGen: 15164K->1520K(15360K)] 36474K->23290K(49664K), 0.0007120 secs] [Times: user=0.00 sys=0.00, real=0.00 secs] 
109.299: Total time for which application threads were stopped: 0.0008420 seconds, Stopping threads took: 0.0000710 seconds
109.357: Application time: 0.0581170 seconds
109.357: [GC [PSYoungGen: 14829K->1456K(15360K)] 36599K->23226K(49664K), 0.0006290 secs] [Times: user=0.00 sys=0.00, real=0.00 secs] 
109.358: Total time for which application threads were stopped: 0.0007260 seconds, Stopping threads took: 0.0000400 seconds
109.413: Application time: 0.0547460 seconds
109.413: [GC [PSYoungGen: 14764K->1440K(15360K)] 36534K->23250K(49664K), 0.0006930 secs] [Times: user=0.00 sys=0.00, real=0.00 secs] 
109.414: Total time for which application threads were stopped: 0.0008090 seconds, Stopping threads took: 0.0000610 seconds
109.472: Application time: 0.0587210 seconds
109.472: [GC [PSYoungGen: 14749K->1376K(15360K)] 36559K->23234K(49664K), 0.0006080 secs] [Times: user=0.00 sys=0.00, real=0.00 secs] 
109.473: Total time for which application threads were stopped: 0.0007250 seconds, Stopping threads took: 0.0000630 seconds
109.533: Application time: 0.0598730 seconds
109.533: [GC [PSYoungGen: 14685K->1344K(15360K)] 36543K->23250K(49664K), 0.0007150 secs] [Times: user=0.01 sys=0.00, real=0.00 secs] 
109.534: Total time for which application threads were stopped: 0.0008360 seconds, Stopping threads took: 0.0000650 seconds
109.593: Application time: 0.0593310 seconds
109.593: [GC [PSYoungGen: 14653K->1392K(15360K)] 36559K->23298K(49664K), 0.0006070 secs] [Times: user=0.00 sys=0.00, real=0.00 secs] 
109.594: Total time for which application threads were stopped: 0.0007260 seconds, Stopping threads took: 0.0000640 seconds
109.653: Application time: 0.0593890 seconds
109.653: [GC [PSYoungGen: 14701K->1376K(15360K)] 36607K->23282K(49664K), 0.0006010 secs] [Times: user=0.00 sys=0.00, real=0.00 secs] 
109.654: Total time for which application threads were stopped: 0.0007160 seconds, Stopping threads took: 0.0000590 seconds
109.713: Application time: 0.0594190 seconds
109.713: [GC [PSYoungGen: 14685K->1328K(15360K)] 36591K->23282K(49664K), 0.0005870 secs] [Times: user=0.01 sys=0.00, real=0.00 secs] 
109.714: Total time for which application threads were stopped: 0.0007010 seconds, Stopping threads took: 0.0000500 seconds
109.773: Application time: 0.0594630 seconds
109.774: [GC [PSYoungGen: 14637K->1376K(15360K)] 36591K->23330K(49664K), 0.0005970 secs] [Times: user=0.01 sys=0.00, real=0.00 secs] 
109.774: Total time for which application threads were stopped: 0.0007230 seconds, Stopping threads took: 0.0000690 seconds
109.825: Application time: 0.0512900 seconds
109.826: [GC [PSYoungGen: 14684K->1632K(15360K)] 36638K->23658K(49664K), 0.0006480 secs] [Times: user=0.00 sys=0.00, real=0.00 secs] 
109.826: Total time for which application threads were stopped: 0.0007540 seconds, Stopping threads took: 0.0000510 seconds
109.861: Application time: 0.0350550 seconds
109.861: [GC [PSYoungGen: 14941K->1664K(15360K)] 36968K->23690K(49664K), 0.0006420 secs] [Times: user=0.00 sys=0.00, real=0.00 secs] 
109.862: Total time for which application threads were stopped: 0.0007640 seconds, Stopping threads took: 0.0000660 seconds
109.912: Application time: 0.0503000 seconds
109.912: [GC [PSYoungGen: 14973K->1120K(15360K)] 36999K->23743K(49664K), 0.0006560 secs] [Times: user=0.00 sys=0.00, real=0.00 secs] 
109.913: Total time for which application threads were stopped: 0.0007780 seconds, Stopping threads took: 0.0000670 seconds
109.969: Application time: 0.0560090 seconds
109.969: [GC [PSYoungGen: 14430K->1152K(15360K)] 37054K->23775K(49664K), 0.0005180 secs] [Times: user=0.00 sys=0.00, real=0.00 secs] 
109.970: Total time for which application threads were stopped: 0.0006300 seconds, Stopping threads took: 0.0000560 seconds
110.029: Application time: 0.0592620 seconds
110.029: [GC [PSYoungGen: 14461K->1088K(15360K)] 37085K->23711K(49664K), 0.0005650 secs] [Times: user=0.01 sys=0.00, real=0.00 secs] 
110.030: Total time for which application threads were stopped: 0.0006820 seconds, Stopping threads took: 0.0000620 seconds
110.088: Application time: 0.0587800 seconds
110.089: [GC [PSYoungGen: 14399K->1088K(15360K)] 37023K->23711K(49664K), 0.0005320 secs] [Times: user=0.00 sys=0.00, real=0.00 secs] 
110.089: Total time for which application threads were stopped: 0.0006470 seconds, Stopping threads took: 0.0000580 seconds
110.148: Application time: 0.0588390 seconds
110.148: [GC [PSYoungGen: 14397K->864K(15360K)] 37021K->23692K(49664K), 0.0005300 secs] [Times: user=0.00 sys=0.00, real=0.01 secs] 
110.149: Total time for which application threads were stopped: 0.0006520 seconds, Stopping threads took: 0.0000660 seconds
110.208: Application time: 0.0595860 seconds
110.208: [GC [PSYoungGen: 14173K->864K(15360K)] 37001K->23692K(49664K), 0.0004450 secs] [Times: user=0.00 sys=0.00, real=0.00 secs] 
110.209: Total time for which application threads were stopped: 0.0005540 seconds, Stopping threads took: 0.0000560 seconds
110.264: Application time: 0.0553690 seconds
110.264: [GC [PSYoungGen: 14174K->544K(15360K)] 37002K->23784K(49664K), 0.0004810 secs] [Times: user=0.00 sys=0.00, real=0.00 secs] 
110.265: Total time for which application threads were stopped: 0.0006060 seconds, Stopping threads took: 0.0000550 seconds
110.319: Application time: 0.0538140 seconds
110.319: [GC [PSYoungGen: 13853K->992K(15360K)] 37094K->24232K(49664K), 0.0004970 secs] [Times: user=0.01 sys=0.00, real=0.00 secs] 
110.319: Total time for which application threads were stopped: 0.0006010 seconds, Stopping threads took: 0.0000500 seconds
110.348: Application time: 0.0284750 seconds
110.348: [GC [PSYoungGen: 14303K->1232K(15360K)] 37544K->24472K(49664K), 0.0005600 secs] [Times: user=0.01 sys=0.00, real=0.01 secs] 
110.348: Total time for which application threads were stopped: 0.0006570 seconds, Stopping threads took: 0.0000410 seconds
110.386: Application time: 0.0372680 seconds
110.386: [GC [PSYoungGen: 14541K->1216K(15360K)] 37782K->24456K(49664K), 0.0005530 secs] [Times: user=0.00 sys=0.00, real=0.00 secs] 
110.386: Total time for which application threads were stopped: 0.0006630 seconds, Stopping threads took: 0.0000530 seconds
110.439: Application time: 0.0523380 seconds
110.439: [GC [PSYoungGen: 14526K->1472K(15360K)] 37767K->24712K(49664K), 0.0005980 secs] [Times: user=0.00 sys=0.00, real=0.00 secs] 
110.439: Total time for which application threads were stopped: 0.0007130 seconds, Stopping threads took: 0.0000600 seconds
110.496: Application time: 0.0565860 seconds
110.496: [GC [PSYoungGen: 14781K->1280K(15360K)] 38022K->24520K(49664K), 0.0006010 secs] [Times: user=0.01 sys=0.00, real=0.00 secs] 
110.497: Total time for which application threads were stopped: 0.0007150 seconds, Stopping threads took: 0.0000490 seconds
110.548: Application time: 0.0515540 seconds
110.548: [GC [PSYoungGen: 14589K->1408K(15360K)] 37830K->24648K(49664K), 0.0005980 secs] [Times: user=0.00 sys=0.00, real=0.00 secs] 
110.549: Total time for which application threads were stopped: 0.0007080 seconds, Stopping threads took: 0.0000490 seconds
110.594: Application time: 0.0447840 seconds
110.596: [GC [PSYoungGen: 14720K->1504K(15360K)] 37960K->24744K(49664K), 0.0006140 secs] [Times: user=0.01 sys=0.00, real=0.00 secs] 
110.597: Total time for which application threads were stopped: 0.0033000 seconds, Stopping threads took: 0.0026280 seconds
110.654: Application time: 0.0565730 seconds
110.654: [GC [PSYoungGen: 14812K->1504K(15360K)] 38053K->24744K(49664K), 0.0006070 secs] [Times: user=0.00 sys=0.00, real=0.00 secs] 
110.654: Total time for which application threads were stopped: 0.0007160 seconds, Stopping threads took: 0.0000540 seconds
110.700: Application time: 0.0453120 seconds
110.700: [GC [PSYoungGen: 14815K->1920K(15360K)] 38056K->25161K(49664K), 0.0007050 secs] [Times: user=0.00 sys=0.00, real=0.00 secs] 
110.701: Total time for which application threads were stopped: 0.0014910 seconds, Stopping threads took: 0.0007290 seconds
110.737: Application time: 0.0359770 seconds
110.737: [GC [PSYoungGen: 15228K->1920K(15360K)] 38468K->25160K(49664K), 0.0006870 secs] [Times: user=0.00 sys=0.00, real=0.00 secs] 
110.738: Total time for which application threads were stopped: 0.0007870 seconds, Stopping threads took: 0.0000430 seconds
110.786: Application time: 0.0478680 seconds
110.786: [GC [PSYoungGen: 15231K->1920K(15360K)] 38472K->25160K(49664K), 0.0006750 secs] [Times: user=0.00 sys=0.00, real=0.00 secs] 
110.786: Total time for which application threads were stopped: 0.0008010 seconds, Stopping threads took: 0.0000530 seconds
110.841: Application time: 0.0548500 seconds
110.841: [GC [PSYoungGen: 15230K->1920K(15360K)] 38471K->25161K(49664K), 0.0006970 secs] [Times: user=0.01 sys=0.00, real=0.00 secs] 
110.842: Total time for which application threads were stopped: 0.0008190 seconds, Stopping threads took: 0.0000620 seconds
110.900: Application time: 0.0580750 seconds
110.900: [GC [PSYoungGen: 15229K->1872K(15360K)] 38470K->25113K(49664K), 0.0007060 secs] [Times: user=0.00 sys=0.00, real=0.00 secs] 
110.901: Total time for which application threads were stopped: 0.0008340 seconds, Stopping threads took: 0.0000670 seconds
110.959: Application time: 0.0580270 seconds
110.959: [GC [PSYoungGen: 15183K->1856K(15360K)] 38424K->25097K(49664K), 0.0006840 secs] [Times: user=0.01 sys=0.00, real=0.00 secs] 
110.960: Total time for which application threads were stopped: 0.0008110 seconds, Stopping threads took: 0.0000730 seconds
111.016: Application time: 0.0561170 seconds
111.016: [GC [PSYoungGen: 15164K->1728K(15360K)] 38405K->25213K(49664K), 0.0007070 secs] [Times: user=0.00 sys=0.00, real=0.00 secs] 
111.017: Total time for which application threads were stopped: 0.0008230 seconds, Stopping threads took: 0.0000600 seconds
111.075: Application time: 0.0580630 seconds
111.075: [GC [PSYoungGen: 15037K->1472K(15360K)] 38523K->25202K(49664K), 0.0006750 secs] [Times: user=0.01 sys=0.00, real=0.00 secs] 
111.076: Total time for which application threads were stopped: 0.0007950 seconds, Stopping threads took: 0.0000620 seconds
111.131: Application time: 0.0557370 seconds
111.132: [GC [PSYoungGen: 14782K->1408K(15360K)] 38512K->25186K(49664K), 0.0005910 secs] [Times: user=0.01 sys=0.00, real=0.00 secs] 
111.132: Total time for which application threads were stopped: 0.0007010 seconds, Stopping threads took: 0.0000550 seconds
111.190: Application time: 0.0574890 seconds
111.190: [GC [PSYoungGen: 14719K->1440K(15360K)] 38497K->25266K(49664K), 0.0005960 secs] [Times: user=0.00 sys=0.00, real=0.00 secs] 
111.190: Total time for which application threads were stopped: 0.0006990 seconds, Stopping threads took: 0.0000470 seconds
111.249: Application time: 0.0589520 seconds
111.249: [GC [PSYoungGen: 14749K->1456K(15360K)] 38575K->25282K(49664K), 0.0006070 secs] [Times: user=0.00 sys=0.00, real=0.00 secs] 
111.250: Total time for which application threads were stopped: 0.0007290 seconds, Stopping threads took: 0.0000680 seconds
111.310: Application time: 0.0600330 seconds
111.310: [GC [PSYoungGen: 14765K->1296K(15360K)] 38591K->25162K(49664K), 0.0005640 secs] [Times: user=0.00 sys=0.00, real=0.00 secs] 
111.311: Total time for which application threads were stopped: 0.0006940 seconds, Stopping threads took: 0.0000660 seconds
111.370: Application time: 0.0587940 seconds
111.370: [GC [PSYoungGen: 14605K->1408K(15360K)] 38471K->25274K(49664K), 0.0005820 secs] [Times: user=0.01 sys=0.00, real=0.00 secs] 
111.370: Total time for which application threads were stopped: 0.0007250 seconds, Stopping threads took: 0.0000830 seconds
111.429: Application time: 0.0590920 seconds
111.429: [GC [PSYoungGen: 14717K->1312K(15360K)] 38583K->25226K(49664K), 0.0006570 secs] [Times: user=0.00 sys=0.00, real=0.00 secs] 
111.430: Total time for which application threads were stopped: 0.0007730 seconds, Stopping threads took: 0.0000600 seconds
111.489: Application time: 0.0590620 seconds
111.489: [GC [PSYoungGen: 14621K->1296K(15360K)] 38535K->25210K(49664K), 0.0006280 secs] [Times: user=0.00 sys=0.00, real=0.00 secs] 
111.490: Total time for which application threads were stopped: 0.0007400 seconds, Stopping threads took: 0.0000580 seconds
111.547: Application time: 0.0571620 seconds
111.547: [GC [PSYoungGen: 14605K->1408K(15360K)] 38519K->25394K(49664K), 0.0006150 secs] [Times: user=0.00 sys=0.00, real=0.00 secs] 
111.548: Total time for which application threads were stopped: 0.0007320 seconds, Stopping threads took: 0.0000620 seconds
111.580: Application time: 0.0321850 seconds
111.580: [GC [PSYoungGen: 14719K->1664K(15360K)] 38706K->25650K(49664K), 0.0006080 secs] [Times: user=0.00 sys=0.00, real=0.01 secs] 
111.581: Total time for which application threads were stopped: 0.0007210 seconds, Stopping threads took: 0.0000570 seconds
111.628: Application time: 0.0468510 seconds
111.628: [GC [PSYoungGen: 14976K->1344K(15360K)] 38962K->25723K(49664K), 0.0006930 secs] [Times: user=0.00 sys=0.00, real=0.01 secs] 
111.628: Total time for which application threads were stopped: 0.0008020 seconds, Stopping threads took: 0.0000530 seconds
111.684: Application time: 0.0558230 seconds
111.684: [GC [PSYoungGen: 14652K->1056K(15360K)] 39032K->25647K(49664K), 0.0006090 secs] [Times: user=0.00 sys=0.00, real=0.00 secs] 
111.685: Total time for which application threads were stopped: 0.0007400 seconds, Stopping threads took: 0.0000730 seconds
111.745: Application time: 0.0596560 seconds
111.745: [GC [PSYoungGen: 14365K->1088K(15360K)] 38957K->25679K(49664K), 0.0005380 secs] [Times: user=0.00 sys=0.00, real=0.00 secs] 
111.745: Total time for which application threads were stopped: 0.0006540 seconds, Stopping threads took: 0.0000610 seconds
111.804: Application time: 0.0586710 seconds
111.804: [GC [PSYoungGen: 14397K->1120K(15360K)] 38989K->25711K(49664K), 0.0005100 secs] [Times: user=0.00 sys=0.00, real=0.00 secs] 
111.805: Total time for which application threads were stopped: 0.0006300 seconds, Stopping threads took: 0.0000640 seconds
111.864: Application time: 0.0592640 seconds
111.864: [GC [PSYoungGen: 14429K->896K(15360K)] 39021K->25692K(49664K), 0.0005330 secs] [Times: user=0.00 sys=0.00, real=0.00 secs] 
111.865: Total time for which application threads were stopped: 0.0006430 seconds, Stopping threads took: 0.0000460 seconds
111.923: Application time: 0.0584730 seconds
111.923: [GC [PSYoungGen: 14205K->896K(15360K)] 39001K->25692K(49664K), 0.0004870 secs] [Times: user=0.00 sys=0.00, real=0.00 secs] 
111.924: Total time for which application threads were stopped: 0.0006020 seconds, Stopping threads took: 0.0000600 seconds
111.981: Application time: 0.0569910 seconds
111.981: [GC [PSYoungGen: 14204K->768K(15360K)] 39001K->25768K(49664K), 0.0005080 secs] [Times: user=0.00 sys=0.00, real=0.00 secs] 
111.981: Total time for which application threads were stopped: 0.0006230 seconds, Stopping threads took: 0.0000550 seconds
112.032: Application time: 0.0508340 seconds
112.032: [GC [PSYoungGen: 14079K->640K(15360K)] 39080K->25853K(49664K), 0.0004920 secs] [Times: user=0.00 sys=0.00, real=0.00 secs] 
112.033: Total time for which application threads were stopped: 0.0006080 seconds, Stopping threads took: 0.0000600 seconds
112.063: Application time: 0.0300380 seconds
112.063: [GC [PSYoungGen: 13951K->1184K(15360K)] 39165K->26397K(49664K), 0.0005870 secs] [Times: user=0.00 sys=0.00, real=0.00 secs] 
112.063: Total time for which application threads were stopped: 0.0006970 seconds, Stopping threads took: 0.0000560 seconds
112.098: Application time: 0.0343690 seconds
112.098: [GC [PSYoungGen: 14491K->1184K(15360K)] 39705K->26397K(49664K), 0.0006420 secs] [Times: user=0.01 sys=0.00, real=0.00 secs] 
112.099: Total time for which application threads were stopped: 0.0010640 seconds, Stopping threads took: 0.0003580 seconds
112.152: Application time: 0.0528660 seconds
112.152: [GC [PSYoungGen: 14492K->1280K(15360K)] 39706K->26493K(49664K), 0.0005500 secs] [Times: user=0.00 sys=0.00, real=0.00 secs] 
112.152: Total time for which application threads were stopped: 0.0006860 seconds, Stopping threads took: 0.0000750 seconds
112.209: Application time: 0.0567150 seconds
112.209: [GC [PSYoungGen: 14591K->1248K(15360K)] 39805K->26461K(49664K), 0.0006340 secs] [Times: user=0.00 sys=0.00, real=0.00 secs] 
112.210: Total time for which application threads were stopped: 0.0007370 seconds, Stopping threads took: 0.0000480 seconds
112.267: Application time: 0.0572660 seconds
112.267: [GC [PSYoungGen: 14556K->1408K(15360K)] 39770K->26621K(49664K), 0.0006000 secs] [Times: user=0.01 sys=0.00, real=0.00 secs] 
112.268: Total time for which application threads were stopped: 0.0007150 seconds, Stopping threads took: 0.0000580 seconds
112.309: Application time: 0.0407350 seconds
112.309: Total time for which application threads were stopped: 0.0000860 seconds, Stopping threads took: 0.0000660 seconds
112.309: Application time: 0.0000710 seconds
112.309: [GC [PSYoungGen: 14619K->1408K(15360K)] 39961K->26749K(49664K), 0.0005970 secs] [Times: user=0.00 sys=0.00, real=0.00 secs] 
112.309: Total time for which application threads were stopped: 0.0006580 seconds, Stopping threads took: 0.0000190 seconds
112.368: Application time: 0.0589460 seconds
112.368: [GC [PSYoungGen: 14719K->1344K(15360K)] 40345K->26970K(49664K), 0.0005740 secs] [Times: user=0.00 sys=0.00, real=0.00 secs] 
112.369: Total time for which application threads were stopped: 0.0007090 seconds, Stopping threads took: 0.0000690 seconds
112.417: Application time: 0.0475830 seconds
112.417: [GC [PSYoungGen: 14654K->1696K(15360K)] 40280K->27322K(49664K), 0.0007020 secs] [Times: user=0.01 sys=0.00, real=0.00 secs] 
112.417: Total time for which application threads were stopped: 0.0008210 seconds, Stopping threads took: 0.0000610 seconds
112.452: Application time: 0.0345730 seconds
112.452: [GC [PSYoungGen: 15006K->1984K(15360K)] 40632K->27610K(49664K), 0.0006940 secs] [Times: user=0.00 sys=0.00, real=0.00 secs] 
112.453: Total time for which application threads were stopped: 0.0007930 seconds, Stopping threads took: 0.0000430 seconds
112.497: Application time: 0.0443640 seconds
112.497: [GC [PSYoungGen: 15291K->1920K(15360K)] 40917K->27546K(49664K), 0.0007090 secs] [Times: user=0.00 sys=0.00, real=0.00 secs] 
112.498: Total time for which application threads were stopped: 0.0008230 seconds, Stopping threads took: 0.0000600 seconds
112.553: Application time: 0.0552650 seconds
112.553: [GC [PSYoungGen: 15230K->1952K(15360K)] 40856K->27578K(49664K), 0.0007040 secs] [Times: user=0.01 sys=0.00, real=0.00 secs] 
112.554: Total time for which application threads were stopped: 0.0008160 seconds, Stopping threads took: 0.0000530 seconds
112.612: Application time: 0.0581650 seconds
112.612: [GC [PSYoungGen: 15263K->1904K(15360K)] 40889K->27530K(49664K), 0.0007490 secs] [Times: user=0.00 sys=0.00, real=0.00 secs] 
112.613: Total time for which application threads were stopped: 0.0008790 seconds, Stopping threads took: 0.0000630 seconds
112.671: Application time: 0.0578740 seconds
112.671: [GC [PSYoungGen: 15213K->1856K(15360K)] 40839K->27482K(49664K), 0.0006930 secs] [Times: user=0.01 sys=0.00, real=0.00 secs] 
112.672: Total time for which application threads were stopped: 0.0008010 seconds, Stopping threads took: 0.0000520 seconds
112.728: Application time: 0.0562190 seconds
112.728: [GC [PSYoungGen: 15164K->1920K(15360K)] 40790K->27586K(49664K), 0.0007060 secs] [Times: user=0.00 sys=0.00, real=0.01 secs] 
112.729: Total time for which application threads were stopped: 0.0008200 seconds, Stopping threads took: 0.0000550 seconds
112.787: Application time: 0.0581010 seconds
112.787: [GC [PSYoungGen: 15229K->1424K(15360K)] 40895K->27550K(49664K), 0.0007010 secs] [Times: user=0.00 sys=0.00, real=0.00 secs] 
112.788: Total time for which application threads were stopped: 0.0008150 seconds, Stopping threads took: 0.0000570 seconds
112.844: Application time: 0.0564040 seconds
112.844: [GC [PSYoungGen: 14732K->1504K(15360K)] 40859K->27678K(49664K), 0.0005940 secs] [Times: user=0.00 sys=0.00, real=0.00 secs] 
112.845: Total time for which application threads were stopped: 0.0007140 seconds, Stopping threads took: 0.0000650 seconds
112.902: Application time: 0.0575750 seconds
112.903: [GC [PSYoungGen: 14812K->1408K(15360K)] 40987K->27630K(49664K), 0.0006430 secs] [Times: user=0.01 sys=0.00, real=0.00 secs] 
112.903: Total time for which application threads were stopped: 0.0007600 seconds, Stopping threads took: 0.0000480 seconds
112.962: Application time: 0.0589200 seconds
112.962: [GC [PSYoungGen: 14717K->1408K(15360K)] 40940K->27630K(49664K), 0.0005880 secs] [Times: user=0.00 sys=0.00, real=0.00 secs] 
112.963: Total time for which application threads were stopped: 0.0007140 seconds, Stopping threads took: 0.0000710 seconds
113.022: Application time: 0.0592980 seconds
113.022: [GC [PSYoungGen: 14717K->1408K(15360K)] 40940K->27678K(49664K), 0.0006040 secs] [Times: user=0.01 sys=0.00, real=0.00 secs] 
113.023: Total time for which application threads were stopped: 0.0007340 seconds, Stopping threads took: 0.0000760 seconds
113.083: Application time: 0.0597960 seconds
113.083: [GC [PSYoungGen: 14717K->1344K(15360K)] 40988K->27614K(49664K), 0.0006650 secs] [Times: user=0.00 sys=0.00, real=0.00 secs] 
113.084: Total time for which application threads were stopped: 0.0016150 seconds, Stopping threads took: 0.0000520 seconds
113.144: Application time: 0.0592400 seconds
113.144: [GC [PSYoungGen: 14653K->1312K(15360K)] 40924K->27638K(49664K), 0.0006050 secs] [Times: user=0.00 sys=0.00, real=0.00 secs] 
113.144: Total time for which application threads were stopped: 0.0007160 seconds, Stopping threads took: 0.0000550 seconds
113.204: Application time: 0.0593110 seconds
113.204: [GC [PSYoungGen: 14621K->1344K(15360K)] 40948K->27670K(49664K), 0.0005720 secs] [Times: user=0.00 sys=0.00, real=0.00 secs] 
113.204: Total time for which application threads were stopped: 0.0007010 seconds, Stopping threads took: 0.0000670 seconds
113.264: Application time: 0.0600160 seconds
113.264: [GC [PSYoungGen: 14656K->1280K(15360K)] 40982K->27654K(49664K), 0.0005280 secs] [Times: user=0.00 sys=0.00, real=0.00 secs] 
113.265: Total time for which application threads were stopped: 0.0006450 seconds, Stopping threads took: 0.0000610 seconds
113.297: Application time: 0.0322940 seconds
113.297: [GC [PSYoungGen: 14590K->1728K(15360K)] 40964K->28150K(49664K), 0.0006600 secs] [Times: user=0.01 sys=0.00, real=0.00 secs] 
113.298: Total time for which application threads were stopped: 0.0007700 seconds, Stopping threads took: 0.0000510 seconds
113.345: Application time: 0.0465630 seconds
113.345: [GC [PSYoungGen: 15040K->1120K(15360K)] 41462K->28147K(49664K), 0.0006030 secs] [Times: user=0.00 sys=0.00, real=0.00 secs] 
113.345: Total time for which application threads were stopped: 0.0007190 seconds, Stopping threads took: 0.0000600 seconds
113.401: Application time: 0.0558070 seconds
113.401: [GC [PSYoungGen: 14430K->1120K(15360K)] 41457K->28147K(49664K), 0.0005400 secs] [Times: user=0.00 sys=0.00, real=0.00 secs] 
113.402: Total time for which application threads were stopped: 0.0006610 seconds, Stopping threads took: 0.0000620 seconds
113.462: Application time: 0.0597410 seconds
113.462: [GC [PSYoungGen: 14429K->1056K(15360K)] 41456K->28083K(49664K), 0.0005180 secs] [Times: user=0.00 sys=0.00, real=0.00 secs] 
113.462: Total time for which application threads were stopped: 0.0006610 seconds, Stopping threads took: 0.0000730 seconds
113.521: Application time: 0.0587210 seconds
113.521: [GC [PSYoungGen: 14365K->1088K(15360K)] 41392K->28115K(49664K), 0.0005260 secs] [Times: user=0.00 sys=0.00, real=0.00 secs] 
113.522: Total time for which application threads were stopped: 0.0006320 seconds, Stopping threads took: 0.0000500 seconds
113.580: Application time: 0.0587930 seconds
113.580: [GC [PSYoungGen: 14397K->896K(15360K)] 41424K->28136K(49664K), 0.0005310 secs] [Times: user=0.00 sys=0.00, real=0.00 secs] 
113.581: Total time for which application threads were stopped: 0.0006360 seconds, Stopping threads took: 0.0000490 seconds
113.641: Application time: 0.0596260 seconds
113.641: [GC [PSYoungGen: 14205K->832K(15360K)] 41445K->28072K(49664K), 0.0005410 secs] [Times: user=0.00 sys=0.00, real=0.00 secs] 
113.641: Total time for which application threads were stopped: 0.0006520 seconds, Stopping threads took: 0.0000530 seconds
113.699: Application time: 0.0575520 seconds
113.699: [GC [PSYoungGen: 14144K->736K(15360K)] 41384K->28208K(49664K), 0.0004860 secs] [Times: user=0.00 sys=0.00, real=0.00 secs] 
113.699: Total time for which application threads were stopped: 0.0005910 seconds, Stopping threads took: 0.0000470 seconds
113.748: Application time: 0.0483370 seconds
113.748: [GC [PSYoungGen: 14044K->960K(15360K)] 41516K->28636K(49664K), 0.0005420 secs] [Times: user=0.00 sys=0.00, real=0.01 secs] 
113.748: Total time for which application threads were stopped: 0.0006450 seconds, Stopping threads took: 0.0000460 seconds
113.780: Application time: 0.0314420 seconds
113.780: [GC [PSYoungGen: 14270K->1248K(15360K)] 41946K->28924K(49664K), 0.0005480 secs] [Times: user=0.00 sys=0.00, real=0.01 secs] 
113.780: Total time for which application threads were stopped: 0.0006380 seconds, Stopping threads took: 0.0000320 seconds
113.817: Application time: 0.0360270 seconds
113.817: [GC [PSYoungGen: 14558K->1248K(15360K)] 42234K->28924K(49664K), 0.0005690 secs] [Times: user=0.01 sys=0.00, real=0.00 secs] 
113.817: Total time for which application threads were stopped: 0.0006810 seconds, Stopping threads took: 0.0000560 seconds
113.869: Application time: 0.0517050 seconds
113.869: [GC [PSYoungGen: 14559K->1216K(15360K)] 42235K->28892K(49664K), 0.0005680 secs] [Times: user=0.00 sys=0.00, real=0.00 secs] 
113.870: Total time for which application threads were stopped: 0.0006680 seconds, Stopping threads took: 0.0000450 seconds
113.926: Application time: 0.0568200 seconds
113.926: [GC [PSYoungGen: 14527K->1312K(15360K)] 42204K->28988K(49664K), 0.0005780 secs] [Times: user=0.00 sys=0.00, real=0.00 secs] 
113.927: Total time for which application threads were stopped: 0.0006860 seconds, Stopping threads took: 0.0000490 seconds
113.985: Application time: 0.0580020 seconds
113.985: [GC [PSYoungGen: 14621K->1216K(15360K)] 42298K->28892K(49664K), 0.0006070 secs] [Times: user=0.00 sys=0.00, real=0.00 secs] 
113.986: Total time for which application threads were stopped: 0.0007400 seconds, Stopping threads took: 0.0000640 seconds
114.027: Application time: 0.0412600 seconds
114.027: [GC [PSYoungGen: 14525K->1472K(15360K)] 42202K->29148K(49664K), 0.0006280 secs] [Times: user=0.01 sys=0.00, real=0.00 secs] 
114.028: Total time for which application threads were stopped: 0.0007400 seconds, Stopping threads took: 0.0000570 seconds
114.083: Application time: 0.0547130 seconds
114.083: [GC [PSYoungGen: 14781K->1520K(15360K)] 42457K->29196K(49664K), 0.0006280 secs] [Times: user=0.01 sys=0.00, real=0.00 secs] 
114.083: Total time for which application threads were stopped: 0.0007570 seconds, Stopping threads took: 0.0000610 seconds
114.133: Application time: 0.0500030 seconds
114.133: [GC [PSYoungGen: 14830K->1728K(15360K)] 42506K->29404K(49664K), 0.0006410 secs] [Times: user=0.01 sys=0.00, real=0.00 secs] 
114.134: Total time for which application threads were stopped: 0.0007510 seconds, Stopping threads took: 0.0000560 seconds
114.167: Application time: 0.0332160 seconds
114.167: [GC [PSYoungGen: 15035K->1968K(15360K)] 42712K->29644K(49664K), 0.0007650 secs] [Times: user=0.00 sys=0.00, real=0.00 secs] 
114.168: Total time for which application threads were stopped: 0.0008790 seconds, Stopping threads took: 0.0000550 seconds
114.213: Application time: 0.0448020 seconds
114.213: [GC [PSYoungGen: 15279K->1952K(15360K)] 42956K->29628K(49664K), 0.0007070 secs] [Times: user=0.01 sys=0.00, real=0.00 secs] 
114.214: Total time for which application threads were stopped: 0.0008150 seconds, Stopping threads took: 0.0000520 seconds
114.268: Application time: 0.0544000 seconds
114.268: [GC [PSYoungGen: 15264K->1920K(15360K)] 42940K->29596K(49664K), 0.0006950 secs] [Times: user=0.00 sys=0.00, real=0.00 secs] 
114.269: Total time for which application threads were stopped: 0.0008090 seconds, Stopping threads took: 0.0000530 seconds
114.327: Application time: 0.0580220 seconds
114.327: [GC [PSYoungGen: 15229K->1936K(15360K)] 42906K->29612K(49664K), 0.0007150 secs] [Times: user=0.00 sys=0.00, real=0.00 secs] 
114.328: Total time for which application threads were stopped: 0.0008340 seconds, Stopping threads took: 0.0000620 seconds
114.386: Application time: 0.0578230 seconds
114.386: [GC [PSYoungGen: 15245K->1968K(15360K)] 42922K->29644K(49664K), 0.0007380 secs] [Times: user=0.00 sys=0.00, real=0.00 secs] 
114.387: Total time for which application threads were stopped: 0.0008510 seconds, Stopping threads took: 0.0000560 seconds
114.443: Application time: 0.0564170 seconds
114.443: [GC [PSYoungGen: 15276K->1856K(15360K)] 42953K->29572K(49664K), 0.0007030 secs] [Times: user=0.01 sys=0.00, real=0.00 secs] 
114.444: Total time for which application threads were stopped: 0.0008280 seconds, Stopping threads took: 0.0000630 seconds
114.502: Application time: 0.0578850 seconds
114.502: [GC [PSYoungGen: 15165K->1392K(15360K)] 42882K->29561K(49664K), 0.0007070 secs] [Times: user=0.00 sys=0.00, real=0.00 secs] 
114.503: Total time for which application threads were stopped: 0.0008370 seconds, Stopping threads took: 0.0000620 seconds
114.559: Application time: 0.0563730 seconds
114.559: [GC [PSYoungGen: 14700K->1472K(15360K)] 42869K->29689K(49664K), 0.0006500 secs] [Times: user=0.00 sys=0.00, real=0.00 secs] 
114.560: Total time for which application threads were stopped: 0.0007480 seconds, Stopping threads took: 0.0000430 seconds
114.616: Application time: 0.0568190 seconds
114.617: [GC [PSYoungGen: 14780K->1408K(15360K)] 42998K->29673K(49664K), 0.0006090 secs] [Times: user=0.00 sys=0.00, real=0.00 secs] 
114.617: Total time for which application threads were stopped: 0.0007220 seconds, Stopping threads took: 0.0000540 seconds
114.677: Application time: 0.0595200 seconds
114.677: [GC [PSYoungGen: 14717K->1392K(15360K)] 42982K->29657K(49664K), 0.0005910 secs] [Times: user=0.01 sys=0.00, real=0.00 secs] 
114.677: Total time for which application threads were stopped: 0.0007090 seconds, Stopping threads took: 0.0000620 seconds
114.738: Application time: 0.0605530 seconds
114.738: [GC [PSYoungGen: 14704K->1344K(15360K)] 42969K->29649K(49664K), 0.0005470 secs] [Times: user=0.01 sys=0.00, real=0.00 secs] 
114.739: Total time for which application threads were stopped: 0.0006530 seconds, Stopping threads took: 0.0000530 seconds
114.797: Application time: 0.0588600 seconds
114.798: [GC [PSYoungGen: 14653K->1344K(15360K)] 42958K->29649K(49664K), 0.0005810 secs] [Times: user=0.00 sys=0.00, real=0.00 secs] 
114.798: Total time for which application threads were stopped: 0.0006980 seconds, Stopping threads took: 0.0000620 seconds
114.857: Application time: 0.0590800 seconds
114.857: [GC [PSYoungGen: 14653K->1376K(15360K)] 42958K->29681K(49664K), 0.0006640 secs] [Times: user=0.00 sys=0.00, real=0.00 secs] 
114.858: Total time for which application threads were stopped: 0.0007810 seconds, Stopping threads took: 0.0000610 seconds
114.918: Application time: 0.0595970 seconds
114.918: [GC [PSYoungGen: 14685K->1392K(15360K)] 42990K->29737K(49664K), 0.0005760 secs] [Times: user=0.00 sys=0.00, real=0.00 secs] 
114.918: Total time for which application threads were stopped: 0.0006850 seconds, Stopping threads took: 0.0000540 seconds
114.978: Application time: 0.0598020 seconds
114.978: [GC [PSYoungGen: 14701K->1296K(15360K)] 43046K->29681K(49664K), 0.0006360 secs] [Times: user=0.01 sys=0.00, real=0.00 secs] 
114.979: Total time for which application threads were stopped: 0.0007450 seconds, Stopping threads took: 0.0000530 seconds
115.018: Application time: 0.0387790 seconds
115.018: [GC [PSYoungGen: 14604K->1696K(15360K)] 42989K->30129K(49664K), 0.0006450 secs] [Times: user=0.00 sys=0.00, real=0.00 secs] 
115.018: Total time for which application threads were stopped: 0.0007630 seconds, Stopping threads took: 0.0000490 seconds
115.058: Application time: 0.0397860 seconds
115.058: [GC [PSYoungGen: 15006K->1248K(15360K)] 43439K->30106K(49664K), 0.0006150 secs] [Times: user=0.00 sys=0.00, real=0.00 secs] 
115.059: Total time for which application threads were stopped: 0.0007190 seconds, Stopping threads took: 0.0000470 seconds
115.115: Application time: 0.0564700 seconds
115.116: [GC [PSYoungGen: 14558K->1120K(15360K)] 43417K->30202K(49664K), 0.0005640 secs] [Times: user=0.01 sys=0.00, real=0.00 secs] 
115.117: Total time for which application threads were stopped: 0.0015070 seconds, Stopping threads took: 0.0008920 seconds
115.176: Application time: 0.0594530 seconds
115.176: [GC [PSYoungGen: 14429K->1088K(15360K)] 43512K->30170K(49664K), 0.0005460 secs] [Times: user=0.00 sys=0.00, real=0.00 secs] 
115.177: Total time for which application threads were stopped: 0.0006730 seconds, Stopping threads took: 0.0000670 seconds
115.237: Application time: 0.0596930 seconds
115.237: [GC [PSYoungGen: 14399K->1120K(15360K)] 43482K->30202K(49664K), 0.0005110 secs] [Times: user=0.01 sys=0.00, real=0.00 secs] 
115.237: Total time for which application threads were stopped: 0.0006300 seconds, Stopping threads took: 0.0000600 seconds
115.296: Application time: 0.0586950 seconds
115.296: [GC [PSYoungGen: 14429K->864K(15360K)] 43512K->30162K(49664K), 0.0005300 secs] [Times: user=0.01 sys=0.00, real=0.00 secs] 
115.297: Total time for which application threads were stopped: 0.0006400 seconds, Stopping threads took: 0.0000540 seconds
115.355: Application time: 0.0583350 seconds
115.355: [GC [PSYoungGen: 14173K->864K(15360K)] 43472K->30162K(49664K), 0.0004940 secs] [Times: user=0.01 sys=0.00, real=0.00 secs] 
115.356: Total time for which application threads were stopped: 0.0006060 seconds, Stopping threads took: 0.0000570 seconds
115.414: Application time: 0.0582990 seconds
115.416: [GC [PSYoungGen: 14173K->704K(15360K)] 43472K->30215K(49664K), 0.0004920 secs] [Times: user=0.00 sys=0.00, real=0.00 secs] 
115.417: Total time for which application threads were stopped: 0.0029010 seconds, Stopping threads took: 0.0023520 seconds
115.466: Application time: 0.0487240 seconds
115.466: [GC [PSYoungGen: 14012K->960K(15360K)] 43523K->30691K(49664K), 0.0005610 secs] [Times: user=0.01 sys=0.00, real=0.00 secs] 
115.466: Total time for which application threads were stopped: 0.0006660 seconds, Stopping threads took: 0.0000500 seconds
115.495: Application time: 0.0289340 seconds
115.495: [GC [PSYoungGen: 14271K->1168K(15360K)] 44003K->30899K(49664K), 0.0006210 secs] [Times: user=0.00 sys=0.00, real=0.00 secs] 
115.496: Total time for which application threads were stopped: 0.0007280 seconds, Stopping threads took: 0.0000520 seconds
115.530: Application time: 0.0337370 seconds
115.530: [GC [PSYoungGen: 14477K->1216K(15360K)] 44208K->30947K(49664K), 0.0006330 secs] [Times: user=0.00 sys=0.00, real=0.00 secs] 
115.530: Total time for which application threads were stopped: 0.0007550 seconds, Stopping threads took: 0.0000450 seconds
115.585: Application time: 0.0547320 seconds
115.585: [GC [PSYoungGen: 14525K->1216K(15360K)] 44256K->30947K(49664K), 0.0006780 secs] [Times: user=0.01 sys=0.00, real=0.00 secs] 
115.586: Total time for which application threads were stopped: 0.0007890 seconds, Stopping threads took: 0.0000560 seconds
115.643: Application time: 0.0568760 seconds
115.643: [GC [PSYoungGen: 14525K->1248K(15360K)] 44257K->30979K(49664K), 0.0006480 secs] [Times: user=0.00 sys=0.00, real=0.00 secs] 
115.644: Total time for which application threads were stopped: 0.0007540 seconds, Stopping threads took: 0.0000530 seconds
115.700: Application time: 0.0568040 seconds
115.700: [GC [PSYoungGen: 14559K->1408K(15360K)] 44291K->31139K(49664K), 0.0006060 secs] [Times: user=0.00 sys=0.00, real=0.00 secs] 
115.701: Total time for which application threads were stopped: 0.0007040 seconds, Stopping threads took: 0.0000410 seconds
115.743: Application time: 0.0416260 seconds
115.743: [GC [PSYoungGen: 14719K->1472K(15360K)] 44451K->31203K(49664K), 0.0006190 secs] [Times: user=0.01 sys=0.00, real=0.00 secs] 
115.743: Total time for which application threads were stopped: 0.0007410 seconds, Stopping threads took: 0.0000650 seconds
115.798: Application time: 0.0547490 seconds
115.798: [GC [PSYoungGen: 14783K->1408K(15360K)] 44514K->31139K(49664K), 0.0007060 secs] [Times: user=0.00 sys=0.00, real=0.00 secs] 
115.799: Total time for which application threads were stopped: 0.0008300 seconds, Stopping threads took: 0.0000670 seconds
115.852: Application time: 0.0525640 seconds
115.852: [GC [PSYoungGen: 14716K->1712K(15360K)] 44448K->31443K(49664K), 0.0006710 secs] [Times: user=0.00 sys=0.00, real=0.00 secs] 
115.852: Total time for which application threads were stopped: 0.0007840 seconds, Stopping threads took: 0.0000560 seconds
115.886: Application time: 0.0332010 seconds
115.886: [GC [PSYoungGen: 15023K->1792K(15360K)] 44754K->31523K(49664K), 0.0006910 secs] [Times: user=0.01 sys=0.00, real=0.00 secs] 
115.886: Total time for which application threads were stopped: 0.0007950 seconds, Stopping threads took: 0.0000480 seconds
115.927: Application time: 0.0408450 seconds
115.927: [GC [PSYoungGen: 15103K->1856K(15360K)] 44834K->31587K(49664K), 0.0007030 secs] [Times: user=0.00 sys=0.00, real=0.00 secs] 
115.928: Total time for which application threads were stopped: 0.0008190 seconds, Stopping threads took: 0.0000610 seconds
115.983: Application time: 0.0549370 seconds
115.983: [GC [PSYoungGen: 15164K->1968K(15360K)] 44896K->31699K(49664K), 0.0006940 secs] [Times: user=0.00 sys=0.00, real=0.00 secs] 
115.984: Total time for which application threads were stopped: 0.0008040 seconds, Stopping threads took: 0.0000560 seconds
116.042: Application time: 0.0579940 seconds
116.042: [GC [PSYoungGen: 15277K->1872K(15360K)] 45009K->31603K(49664K), 0.0007210 secs] [Times: user=0.00 sys=0.00, real=0.00 secs] 
116.043: Total time for which application threads were stopped: 0.0008450 seconds, Stopping threads took: 0.0000590 seconds
116.101: Application time: 0.0581430 seconds
116.101: [GC [PSYoungGen: 15181K->1920K(15360K)] 44913K->31651K(49664K), 0.0006850 secs] [Times: user=0.01 sys=0.00, real=0.00 secs] 
116.102: Total time for which application threads were stopped: 0.0008110 seconds, Stopping threads took: 0.0000650 seconds
116.158: Application time: 0.0563950 seconds
116.158: [GC [PSYoungGen: 15228K->1920K(15360K)] 44960K->31651K(49664K), 0.0008190 secs] [Times: user=0.01 sys=0.00, real=0.00 secs] 
116.159: Total time for which application threads were stopped: 0.0009340 seconds, Stopping threads took: 0.0000600 seconds
116.218: Application time: 0.0586470 seconds
116.218: [GC [PSYoungGen: 15229K->1440K(15360K)] 44961K->31640K(49664K), 0.0007080 secs] [Times: user=0.00 sys=0.00, real=0.00 secs] 
116.218: Total time for which application threads were stopped: 0.0008290 seconds, Stopping threads took: 0.0000620 seconds
116.276: Application time: 0.0574150 seconds
116.276: [GC [PSYoungGen: 14751K->1456K(15360K)] 44951K->31704K(49664K), 0.0006020 secs] [Times: user=0.01 sys=0.00, real=0.00 secs] 
116.277: Total time for which application threads were stopped: 0.0007160 seconds, Stopping threads took: 0.0000580 seconds
116.334: Application time: 0.0574350 seconds
116.334: [GC [PSYoungGen: 14764K->1424K(15360K)] 45013K->31720K(49664K), 0.0006140 secs] [Times: user=0.00 sys=0.00, real=0.00 secs] 
116.335: Total time for which application threads were stopped: 0.0007180 seconds, Stopping threads took: 0.0000490 seconds
116.394: Application time: 0.0589040 seconds
116.394: [GC [PSYoungGen: 14733K->1392K(15360K)] 45029K->31688K(49664K), 0.0006640 secs] [Times: user=0.00 sys=0.00, real=0.00 secs] 
116.394: Total time for which application threads were stopped: 0.0007920 seconds, Stopping threads took: 0.0000680 seconds
116.453: Application time: 0.0590790 seconds
116.454: [GC [PSYoungGen: 14701K->1376K(15360K)] 44997K->31720K(49664K), 0.0006050 secs] [Times: user=0.00 sys=0.00, real=0.00 secs] 
116.454: Total time for which application threads were stopped: 0.0007130 seconds, Stopping threads took: 0.0000530 seconds
116.514: Application time: 0.0600560 seconds
116.514: [GC [PSYoungGen: 14685K->1360K(15360K)] 45029K->31704K(49664K), 0.0006430 secs] [Times: user=0.01 sys=0.00, real=0.00 secs] 
116.515: Total time for which application threads were stopped: 0.0007520 seconds, Stopping threads took: 0.0000540 seconds
116.574: Application time: 0.0589500 seconds
116.574: [GC [PSYoungGen: 14669K->1344K(15360K)] 45013K->31688K(49664K), 0.0005910 secs] [Times: user=0.00 sys=0.00, real=0.00 secs] 
116.575: Total time for which application threads were stopped: 0.0007080 seconds, Stopping threads took: 0.0000510 seconds
116.634: Application time: 0.0592740 seconds
116.634: [GC [PSYoungGen: 14653K->1504K(15360K)] 44997K->31896K(49664K), 0.0006010 secs] [Times: user=0.01 sys=0.00, real=0.00 secs] 
116.635: Total time for which application threads were stopped: 0.0007180 seconds, Stopping threads took: 0.0000610 seconds
116.695: Application time: 0.0605360 seconds
116.695: [GC [PSYoungGen: 14815K->1312K(15360K)] 45207K->31704K(49664K), 0.0005570 secs] [Times: user=0.00 sys=0.00, real=0.00 secs] 
116.696: Total time for which application threads were stopped: 0.0006710 seconds, Stopping threads took: 0.0000570 seconds
116.737: Application time: 0.0409240 seconds
116.737: [GC [PSYoungGen: 14622K->1664K(15360K)] 45014K->32144K(49664K), 0.0006820 secs] [Times: user=0.01 sys=0.00, real=0.00 secs] 
116.738: Total time for which application threads were stopped: 0.0008100 seconds, Stopping threads took: 0.0000700 seconds
116.775: Application time: 0.0372620 seconds
116.775: [GC [PSYoungGen: 14976K->1088K(15360K)] 45456K->32177K(49664K), 0.0006940 secs] [Times: user=0.01 sys=0.00, real=0.00 secs] 
116.776: Total time for which application threads were stopped: 0.0008080 seconds, Stopping threads took: 0.0000590 seconds
116.831: Application time: 0.0554930 seconds
116.831: [GC [PSYoungGen: 14396K->1120K(15360K)] 45486K->32209K(49664K), 0.0005230 secs] [Times: user=0.00 sys=0.00, real=0.00 secs] 
116.832: Total time for which application threads were stopped: 0.0006320 seconds, Stopping threads took: 0.0000540 seconds
116.890: Application time: 0.0586120 seconds
116.891: [GC [PSYoungGen: 14429K->1088K(15360K)] 45519K->32177K(49664K), 0.0005500 secs] [Times: user=0.00 sys=0.00, real=0.00 secs] 
116.891: Total time for which application threads were stopped: 0.0006630 seconds, Stopping threads took: 0.0000560 seconds
116.949: Application time: 0.0583650 seconds
116.950: [GC [PSYoungGen: 14397K->1088K(15360K)] 45487K->32177K(49664K), 0.0005400 secs] [Times: user=0.00 sys=0.00, real=0.00 secs] 
116.950: Total time for which application threads were stopped: 0.0006740 seconds, Stopping threads took: 0.0000780 seconds
117.009: Application time: 0.0585550 seconds
117.009: [GC [PSYoungGen: 14397K->832K(15360K)] 45487K->32134K(49664K), 0.0005910 secs] [Times: user=0.00 sys=0.00, real=0.00 secs] 
117.009: Total time for which application threads were stopped: 0.0007150 seconds, Stopping threads took: 0.0000680 seconds
117.068: Application time: 0.0581950 seconds
117.068: [GC [PSYoungGen: 14141K->928K(15360K)] 45443K->32230K(49664K), 0.0005620 secs] [Times: user=0.00 sys=0.00, real=0.01 secs] 
117.068: Total time for which application threads were stopped: 0.0006790 seconds, Stopping threads took: 0.0000590 seconds
117.127: Application time: 0.0591430 seconds
117.128: [GC [PSYoungGen: 14237K->704K(15360K)] 45539K->32230K(49664K), 0.0004840 secs] [Times: user=0.00 sys=0.00, real=0.00 secs] 
117.128: Total time for which application threads were stopped: 0.0006040 seconds, Stopping threads took: 0.0000510 seconds
117.176: Application time: 0.0476690 seconds
117.176: [GC [PSYoungGen: 14014K->928K(15360K)] 45540K->32662K(49664K), 0.0005900 secs] [Times: user=0.00 sys=0.00, real=0.00 secs] 
117.176: Total time for which application threads were stopped: 0.0007000 seconds, Stopping threads took: 0.0000550 seconds
117.206: Application time: 0.0297360 seconds
117.206: [GC [PSYoungGen: 14237K->1216K(15360K)] 45971K->32950K(49664K), 0.0005660 secs] [Times: user=0.01 sys=0.00, real=0.00 secs] 
117.207: Total time for which application threads were stopped: 0.0006860 seconds, Stopping threads took: 0.0000610 seconds
117.242: Application time: 0.0349940 seconds
117.242: [GC [PSYoungGen: 14523K->1200K(15360K)] 46257K->32934K(49664K), 0.0005920 secs] [Times: user=0.00 sys=0.00, real=0.00 secs] 
117.243: Total time for which application threads were stopped: 0.0007010 seconds, Stopping threads took: 0.0000560 seconds
117.296: Application time: 0.0534370 seconds
117.296: [GC [PSYoungGen: 14508K->1216K(15360K)] 46242K->32950K(49664K), 0.0005600 secs] [Times: user=0.00 sys=0.00, real=0.00 secs] 
117.297: Total time for which application threads were stopped: 0.0006690 seconds, Stopping threads took: 0.0000530 seconds
117.353: Application time: 0.0568460 seconds
117.354: [GC [PSYoungGen: 14527K->1232K(15360K)] 46261K->32966K(49664K), 0.0005830 secs] [Times: user=0.00 sys=0.00, real=0.00 secs] 
117.354: Total time for which application threads were stopped: 0.0007020 seconds, Stopping threads took: 0.0000580 seconds
117.412: Application time: 0.0578890 seconds
117.412: [GC [PSYoungGen: 14541K->1184K(15360K)] 46275K->32918K(49664K), 0.0006340 secs] [Times: user=0.00 sys=0.00, real=0.00 secs] 
117.413: Total time for which application threads were stopped: 0.0007490 seconds, Stopping threads took: 0.0000550 seconds
117.459: Application time: 0.0464370 seconds
117.459: [GC [PSYoungGen: 14491K->1440K(15360K)] 46226K->33174K(49664K), 0.0006110 secs] [Times: user=0.00 sys=0.00, real=0.00 secs] 
117.460: Total time for which application threads were stopped: 0.0007240 seconds, Stopping threads took: 0.0000560 seconds
117.510: Application time: 0.0497080 seconds
117.510: [GC [PSYoungGen: 14751K->1472K(15360K)] 46486K->33206K(49664K), 0.0006490 secs] [Times: user=0.01 sys=0.00, real=0.00 secs] 
117.510: Total time for which application threads were stopped: 0.0007720 seconds, Stopping threads took: 0.0000670 seconds
117.564: Application time: 0.0538860 seconds
117.564: [GC [PSYoungGen: 14780K->1744K(15360K)] 46514K->33478K(49664K), 0.0006780 secs] [Times: user=0.00 sys=0.00, real=0.00 secs] 
117.565: Total time for which application threads were stopped: 0.0007950 seconds, Stopping threads took: 0.0000610 seconds
117.598: Application time: 0.0324050 seconds
117.600: [GC [PSYoungGen: 15053K->1952K(15360K)] 46787K->33686K(49664K), 0.0007160 secs] [Times: user=0.01 sys=0.00, real=0.00 secs] 
117.601: Total time for which application threads were stopped: 0.0034990 seconds, Stopping threads took: 0.0027220 seconds
117.642: Application time: 0.0409930 seconds
117.642: [GC [PSYoungGen: 15262K->1952K(15360K)] 46996K->33686K(49664K), 0.0007550 secs] [Times: user=0.00 sys=0.00, real=0.00 secs] 
117.643: Total time for which application threads were stopped: 0.0009060 seconds, Stopping threads took: 0.0000820 seconds
117.698: Application time: 0.0552760 seconds
117.698: [GC [PSYoungGen: 15262K->1936K(15360K)] 46996K->33670K(49664K), 0.0007060 secs] [Times: user=0.01 sys=0.00, real=0.00 secs] 
117.699: Total time for which application threads were stopped: 0.0008370 seconds, Stopping threads took: 0.0000690 seconds
117.758: Application time: 0.0590790 seconds
117.758: [GC [PSYoungGen: 15247K->1872K(15360K)] 46981K->33606K(49664K), 0.0006640 secs] [Times: user=0.00 sys=0.00, real=0.00 secs] 
117.759: Total time for which application threads were stopped: 0.0007590 seconds, Stopping threads took: 0.0000430 seconds
117.817: Application time: 0.0578390 seconds
117.817: [GC [PSYoungGen: 15181K->1920K(15360K)] 46915K->33654K(49664K), 0.0008020 secs] [Times: user=0.00 sys=0.00, real=0.00 secs] 
117.818: Total time for which application threads were stopped: 0.0009090 seconds, Stopping threads took: 0.0000480 seconds
117.875: Application time: 0.0573040 seconds
117.875: [GC [PSYoungGen: 15231K->1984K(15360K)] 46965K->33718K(49664K), 0.0007720 secs] [Times: user=0.00 sys=0.00, real=0.00 secs] 
117.876: Total time for which application threads were stopped: 0.0009070 seconds, Stopping threads took: 0.0000760 seconds
117.934: Application time: 0.0577720 seconds
117.934: [GC [PSYoungGen: 15292K->1424K(15360K)] 47026K->33639K(49664K), 0.0007290 secs] [Times: user=0.00 sys=0.00, real=0.00 secs] 
117.935: Total time for which application threads were stopped: 0.0008510 seconds, Stopping threads took: 0.0000630 seconds
117.993: Application time: 0.0585720 seconds
117.993: [GC [PSYoungGen: 14733K->1408K(15360K)] 46948K->33663K(49664K), 0.0006260 secs] [Times: user=0.00 sys=0.00, real=0.00 secs] 
117.994: Total time for which application threads were stopped: 0.0007370 seconds, Stopping threads took: 0.0000530 seconds
118.049: Application time: 0.0553140 seconds
118.049: [GC [PSYoungGen: 14718K->1440K(15360K)] 46973K->33743K(49664K), 0.0006360 secs] [Times: user=0.01 sys=0.00, real=0.00 secs] 
118.050: Total time for which application threads were stopped: 0.0007440 seconds, Stopping threads took: 0.0000530 seconds
118.110: Application time: 0.0601080 seconds
118.110: [GC [PSYoungGen: 14749K->1360K(15360K)] 47053K->33663K(49664K), 0.0006340 secs] [Times: user=0.00 sys=0.00, real=0.00 secs] 
118.112: Total time for which application threads were stopped: 0.0016490 seconds, Stopping threads took: 0.0000390 seconds
118.172: Application time: 0.0599730 seconds
118.172: [GC [PSYoungGen: 14669K->1376K(15360K)] 46972K->33727K(49664K), 0.0006370 secs] [Times: user=0.00 sys=0.00, real=0.00 secs] 
118.172: Total time for which application threads were stopped: 0.0007740 seconds, Stopping threads took: 0.0000660 seconds
118.231: Application time: 0.0589920 seconds
118.231: [GC [PSYoungGen: 14685K->1360K(15360K)] 47037K->33711K(49664K), 0.0006130 secs] [Times: user=0.01 sys=0.00, real=0.00 secs] 
118.232: Total time for which application threads were stopped: 0.0007350 seconds, Stopping threads took: 0.0000620 seconds
118.291: Application time: 0.0589360 seconds
118.291: [GC [PSYoungGen: 14669K->1312K(15360K)] 47021K->33663K(49664K), 0.0006550 secs] [Times: user=0.00 sys=0.00, real=0.00 secs] 
118.292: Total time for which application threads were stopped: 0.0007760 seconds, Stopping threads took: 0.0000660 seconds
118.351: Application time: 0.0591090 seconds
118.351: [GC [PSYoungGen: 14621K->1360K(15360K)] 46973K->33751K(49664K), 0.0006560 secs] [Times: user=0.01 sys=0.00, real=0.00 secs] 
118.352: Total time for which application threads were stopped: 0.0007740 seconds, Stopping threads took: 0.0000600 seconds
118.411: Application time: 0.0588090 seconds
118.411: [GC [PSYoungGen: 14669K->1344K(15360K)] 47061K->33735K(49664K), 0.0006730 secs] [Times: user=0.01 sys=0.01, real=0.00 secs] 
118.411: Total time for which application threads were stopped: 0.0007850 seconds, Stopping threads took: 0.0000550 seconds
118.451: Application time: 0.0396270 seconds
118.451: [GC [PSYoungGen: 14655K->1728K(15360K)] 47046K->34191K(49664K), 0.0006560 secs] [Times: user=0.01 sys=0.00, real=0.00 secs] 
118.452: Total time for which application threads were stopped: 0.0007890 seconds, Stopping threads took: 0.0000750 seconds
118.490: Application time: 0.0382430 seconds
118.490: [GC [PSYoungGen: 15040K->1184K(15360K)] 47503K->34253K(49664K), 0.0006560 secs] [Times: user=0.00 sys=0.00, real=0.00 secs] 
118.491: Total time for which application threads were stopped: 0.0007700 seconds, Stopping threads took: 0.0000570 seconds
118.546: Application time: 0.0553590 seconds
118.546: [GC [PSYoungGen: 14492K->1120K(15360K)] 47561K->34189K(49664K), 0.0005470 secs] [Times: user=0.01 sys=0.00, real=0.00 secs] 
118.547: Total time for which application threads were stopped: 0.0006620 seconds, Stopping threads took: 0.0000570 seconds
118.606: Application time: 0.0596780 seconds
118.607: [GC [PSYoungGen: 14429K->1088K(15360K)] 47498K->34157K(49664K), 0.0005420 secs] [Times: user=0.01 sys=0.00, real=0.00 secs] 
118.607: Total time for which application threads were stopped: 0.0006530 seconds, Stopping threads took: 0.0000550 seconds
118.666: Application time: 0.0590160 seconds
118.666: [GC [PSYoungGen: 14397K->1024K(15360K)] 47466K->34093K(49664K), 0.0005410 secs] [Times: user=0.00 sys=0.00, real=0.00 secs] 
118.667: Total time for which application threads were stopped: 0.0006590 seconds, Stopping threads took: 0.0000640 seconds
118.726: Application time: 0.0588140 seconds
118.726: [GC [PSYoungGen: 14333K->1088K(15360K)] 47402K->34157K(49664K), 0.0005690 secs] [Times: user=0.00 sys=0.00, real=0.00 secs] 
118.726: Total time for which application threads were stopped: 0.0006790 seconds, Stopping threads took: 0.0000460 seconds
118.785: Application time: 0.0584980 seconds
118.785: [GC [PSYoungGen: 14397K->864K(15360K)] 47466K->34145K(49664K), 0.0005320 secs] [Times: user=0.00 sys=0.00, real=0.00 secs] 
118.785: Total time for which application threads were stopped: 0.0006480 seconds, Stopping threads took: 0.0000560 seconds
118.844: Application time: 0.0583070 seconds
118.844: [GC [PSYoungGen: 14173K->864K(15360K)] 47455K->34145K(49664K), 0.0005550 secs] [Times: user=0.00 sys=0.00, real=0.00 secs] 
118.844: Total time for which application threads were stopped: 0.0006680 seconds, Stopping threads took: 0.0000580 seconds
118.895: Application time: 0.0502080 seconds
118.895: [GC [PSYoungGen: 14172K->928K(15360K)] 47454K->34618K(49664K), 0.0005850 secs] [Times: user=0.00 sys=0.00, real=0.00 secs] 
118.895: Total time for which application threads were stopped: 0.0007030 seconds, Stopping threads took: 0.0000630 seconds
118.923: Application time: 0.0272380 seconds
118.923: [GC [PSYoungGen: 14239K->1216K(15360K)] 47930K->34906K(49664K), 0.0005630 secs] [Times: user=0.00 sys=0.00, real=0.00 secs] 
118.923: Total time for which application threads were stopped: 0.0006560 seconds, Stopping threads took: 0.0000400 seconds
118.958: Application time: 0.0347020 seconds
118.958: [GC [PSYoungGen: 14527K->1248K(15360K)] 48218K->34938K(49664K), 0.0005590 secs] [Times: user=0.00 sys=0.00, real=0.00 secs] 
118.959: Total time for which application threads were stopped: 0.0006690 seconds, Stopping threads took: 0.0000540 seconds
119.013: Application time: 0.0547570 seconds
119.013: [GC [PSYoungGen: 14560K->1056K(15360K)] 48250K->34746K(49664K), 0.0005870 secs] [Times: user=0.00 sys=0.00, real=0.00 secs] 
119.014: Total time for which application threads were stopped: 0.0007090 seconds, Stopping threads took: 0.0000660 seconds
119.072: Application time: 0.0578130 seconds
119.072: [GC [PSYoungGen: 14363K->1216K(15360K)] 48054K->34906K(49664K), 0.0005970 secs] [Times: user=0.01 sys=0.00, real=0.00 secs] 
119.073: Total time for which application threads were stopped: 0.0007060 seconds, Stopping threads took: 0.0000520 seconds
119.131: Application time: 0.0585620 seconds
119.132: [GC [PSYoungGen: 14525K->1232K(15360K)] 48216K->34922K(49664K), 0.0005900 secs] [Times: user=0.01 sys=0.00, real=0.00 secs] 
119.133: Total time for which application threads were stopped: 0.0017530 seconds, Stopping threads took: 0.0011060 seconds
119.184: Application time: 0.0514430 seconds
119.184: [GC [PSYoungGen: 14542K->1424K(15360K)] 48233K->35114K(49664K), 0.0006120 secs] [Times: user=0.00 sys=0.00, real=0.00 secs] 
119.185: Total time for which application threads were stopped: 0.0007440 seconds, Stopping threads took: 0.0000630 seconds
119.230: Application time: 0.0453020 seconds
119.232: [GC [PSYoungGen: 14733K->1472K(15360K)] 48424K->35162K(49664K), 0.0006790 secs] [Times: user=0.01 sys=0.00, real=0.00 secs] 
119.233: Total time for which application threads were stopped: 0.0026040 seconds, Stopping threads took: 0.0018600 seconds
119.292: Application time: 0.0591010 seconds
119.292: [GC [PSYoungGen: 14784K->1536K(15360K)] 48474K->35226K(49664K), 0.0006100 secs] [Times: user=0.01 sys=0.00, real=0.00 secs] 
119.293: Total time for which application threads were stopped: 0.0007630 seconds, Stopping threads took: 0.0000930 seconds
119.329: Application time: 0.0365330 seconds
119.330: [GC [PSYoungGen: 14845K->1888K(15360K)] 48536K->35578K(49664K), 0.0007060 secs] [Times: user=0.00 sys=0.00, real=0.00 secs] 
119.330: Total time for which application threads were stopped: 0.0008190 seconds, Stopping threads took: 0.0000530 seconds
119.365: Application time: 0.0348670 seconds
119.365: [GC [PSYoungGen: 15196K->1872K(15360K)] 48887K->35562K(49664K), 0.0007320 secs] [Times: user=0.00 sys=0.00, real=0.00 secs] 
119.366: Total time for which application threads were stopped: 0.0008370 seconds, Stopping threads took: 0.0000490 seconds
119.420: Application time: 0.0544580 seconds
119.421: [GC [PSYoungGen: 15183K->1920K(15360K)] 48874K->35610K(49664K), 0.0007550 secs] [Times: user=0.00 sys=0.00, real=0.00 secs] 
119.421: Total time for which application threads were stopped: 0.0008770 seconds, Stopping threads took: 0.0000660 seconds
119.478: Application time: 0.0569440 seconds
119.478: [GC [PSYoungGen: 15228K->1936K(15360K)] 48919K->35627K(49664K), 0.0007250 secs] [Times: user=0.01 sys=0.00, real=0.00 secs] 
119.479: Total time for which application threads were stopped: 0.0008430 seconds, Stopping threads took: 0.0000590 seconds
119.537: Application time: 0.0578720 seconds
119.540: [GC [PSYoungGen: 15245K->1904K(15360K)] 48936K->35595K(49664K), 0.0007460 secs] [Times: user=0.00 sys=0.01, real=0.00 secs] 
119.541: Total time for which application threads were stopped: 0.0041470 seconds, Stopping threads took: 0.0033440 seconds
119.599: Application time: 0.0575570 seconds
119.599: [GC [PSYoungGen: 15213K->1888K(15360K)] 48904K->35579K(49664K), 0.0007220 secs] [Times: user=0.01 sys=0.00, real=0.00 secs] 
119.600: Total time for which application threads were stopped: 0.0008430 seconds, Stopping threads took: 0.0000660 seconds
119.656: Application time: 0.0562200 seconds
119.656: [GC [PSYoungGen: 15196K->1456K(15360K)] 48887K->35620K(49664K), 0.0007470 secs] [Times: user=0.00 sys=0.00, real=0.00 secs] 
119.657: [Full GC [PSYoungGen: 1456K->0K(15360K)] [ParOldGen: 34163K->3474K(34304K)] 35620K->3474K(49664K) [PSPermGen: 5547K->5547K(21504K)], 0.0051010 secs] [Times: user=0.02 sys=0.00, real=0.01 secs] 
119.662: Total time for which application threads were stopped: 0.0060170 seconds, Stopping threads took: 0.0000590 seconds
119.720: Application time: 0.0582840 seconds
119.720: [GC [PSYoungGen: 13311K->0K(15360K)] 16785K->3474K(49664K), 0.0003570 secs] [Times: user=0.00 sys=0.00, real=0.01 secs] 
119.721: Total time for which application threads were stopped: 0.0004670 seconds, Stopping threads took: 0.0000550 seconds
119.775: Application time: 0.0545680 seconds
119.775: [GC [PSYoungGen: 13307K->544K(15360K)] 16781K->4018K(49664K), 0.0004090 secs] [Times: user=0.00 sys=0.00, real=0.00 secs] 
119.776: Total time for which application threads were stopped: 0.0005310 seconds, Stopping threads took: 0.0000560 seconds
119.835: Application time: 0.0590950 seconds
119.835: [GC [PSYoungGen: 13853K->544K(15360K)] 17327K->4018K(49664K), 0.0003930 secs] [Times: user=0.00 sys=0.00, real=0.00 secs] 
119.835: Total time for which application threads were stopped: 0.0005020 seconds, Stopping threads took: 0.0000530 seconds
119.894: Application time: 0.0590430 seconds
119.894: [GC [PSYoungGen: 13853K->512K(15360K)] 17327K->3986K(49664K), 0.0004110 secs] [Times: user=0.00 sys=0.00, real=0.00 secs] 
119.895: Total time for which application threads were stopped: 0.0005220 seconds, Stopping threads took: 0.0000540 seconds
119.954: Application time: 0.0591920 seconds
119.954: [GC [PSYoungGen: 13821K->448K(15360K)] 17295K->3922K(49664K), 0.0004680 secs] [Times: user=0.00 sys=0.00, real=0.00 secs] 
119.955: Total time for which application threads were stopped: 0.0005910 seconds, Stopping threads took: 0.0000640 seconds
120.013: Application time: 0.0587790 seconds
120.013: [GC [PSYoungGen: 13757K->512K(15360K)] 17231K->3986K(49664K), 0.0003910 secs] [Times: user=0.00 sys=0.00, real=0.00 secs] 
120.014: Total time for which application threads were stopped: 0.0005030 seconds, Stopping threads took: 0.0000540 seconds
120.073: Application time: 0.0587390 seconds
120.073: [GC [PSYoungGen: 13821K->512K(15360K)] 17295K->3986K(49664K), 0.0004020 secs] [Times: user=0.00 sys=0.00, real=0.00 secs] 
120.073: Total time for which application threads were stopped: 0.0005170 seconds, Stopping threads took: 0.0000580 seconds
120.132: Application time: 0.0592430 seconds
120.132: [GC [PSYoungGen: 13821K->480K(15360K)] 17295K->3954K(49664K), 0.0004250 secs] [Times: user=0.00 sys=0.00, real=0.00 secs] 
120.133: Total time for which application threads were stopped: 0.0005410 seconds, Stopping threads took: 0.0000610 seconds
120.173: Application time: 0.0402380 seconds
120.173: [GC [PSYoungGen: 13790K->896K(15360K)] 17264K->4370K(49664K), 0.0004490 secs] [Times: user=0.00 sys=0.00, real=0.00 secs] 
120.174: Total time for which application threads were stopped: 0.0005570 seconds, Stopping threads took: 0.0000510 seconds
120.211: Application time: 0.0373260 seconds
120.211: [GC [PSYoungGen: 14206K->928K(15360K)] 17680K->4402K(49664K), 0.0004910 secs] [Times: user=0.00 sys=0.00, real=0.00 secs] 
120.212: Total time for which application threads were stopped: 0.0006140 seconds, Stopping threads took: 0.0000680 seconds
120.268: Application time: 0.0563470 seconds
120.268: [GC [PSYoungGen: 14238K->896K(15360K)] 17713K->4370K(49664K), 0.0004670 secs] [Times: user=0.01 sys=0.00, real=0.01 secs] 
120.269: Total time for which application threads were stopped: 0.0005840 seconds, Stopping threads took: 0.0000580 seconds
120.326: Application time: 0.0578320 seconds
120.327: [GC [PSYoungGen: 14204K->960K(15360K)] 17679K->4434K(49664K), 0.0004640 secs] [Times: user=0.01 sys=0.00, real=0.00 secs] 
120.327: Total time for which application threads were stopped: 0.0005890 seconds, Stopping threads took: 0.0000610 seconds
120.386: Application time: 0.0589120 seconds
120.386: [GC [PSYoungGen: 14269K->896K(15360K)] 17743K->4370K(49664K), 0.0004550 secs] [Times: user=0.00 sys=0.00, real=0.00 secs] 
120.386: Total time for which application threads were stopped: 0.0005670 seconds, Stopping threads took: 0.0000550 seconds
120.445: Application time: 0.0584690 seconds
120.445: [GC [PSYoungGen: 14205K->928K(15360K)] 17679K->4402K(49664K), 0.0004550 secs] [Times: user=0.00 sys=0.00, real=0.00 secs] 
120.446: Total time for which application threads were stopped: 0.0005650 seconds, Stopping threads took: 0.0000520 seconds
120.505: Application time: 0.0591870 seconds
120.505: [GC [PSYoungGen: 14237K->896K(15360K)] 17711K->4370K(49664K), 0.0004600 secs] [Times: user=0.01 sys=0.00, real=0.00 secs] 
120.505: Total time for which application threads were stopped: 0.0005820 seconds, Stopping threads took: 0.0000650 seconds
120.564: Application time: 0.0586140 seconds
120.564: [GC [PSYoungGen: 14205K->864K(15360K)] 17679K->4338K(49664K), 0.0004660 secs] [Times: user=0.00 sys=0.01, real=0.00 secs] 
120.564: Total time for which application threads were stopped: 0.0005820 seconds, Stopping threads took: 0.0000600 seconds
120.616: Application time: 0.0515320 seconds
120.616: [GC [PSYoungGen: 14174K->736K(15360K)] 17648K->4611K(49664K), 0.0005110 secs] [Times: user=0.00 sys=0.00, real=0.00 secs] 
120.617: Total time for which application threads were stopped: 0.0006100 seconds, Stopping threads took: 0.0000430 seconds
120.643: Application time: 0.0266280 seconds
120.643: [GC [PSYoungGen: 14047K->1216K(15360K)] 17922K->5091K(49664K), 0.0005300 secs] [Times: user=0.00 sys=0.00, real=0.00 secs] 
120.644: Total time for which application threads were stopped: 0.0006380 seconds, Stopping threads took: 0.0000520 seconds
120.677: Application time: 0.0335300 seconds
120.678: [GC [PSYoungGen: 14527K->1408K(15360K)] 18403K->5283K(49664K), 0.0005240 secs] [Times: user=0.00 sys=0.00, real=0.00 secs] 
120.678: Total time for which application threads were stopped: 0.0006470 seconds, Stopping threads took: 0.0000660 seconds
120.733: Application time: 0.0544840 seconds
120.733: [GC [PSYoungGen: 14720K->1104K(15360K)] 18595K->4979K(49664K), 0.0005160 secs] [Times: user=0.00 sys=0.00, real=0.00 secs] 
120.733: Total time for which application threads were stopped: 0.0006280 seconds, Stopping threads took: 0.0000540 seconds
120.792: Application time: 0.0589910 seconds
120.792: [GC [PSYoungGen: 14414K->1184K(15360K)] 18289K->5059K(49664K), 0.0005190 secs] [Times: user=0.01 sys=0.00, real=0.00 secs] 
120.793: Total time for which application threads were stopped: 0.0006300 seconds, Stopping threads took: 0.0000550 seconds
120.851: Application time: 0.0584100 seconds
120.851: [GC [PSYoungGen: 14493K->1216K(15360K)] 18368K->5091K(49664K), 0.0005450 secs] [Times: user=0.01 sys=0.00, real=0.00 secs] 
120.852: Total time for which application threads were stopped: 0.0006840 seconds, Stopping threads took: 0.0000740 seconds
120.903: Application time: 0.0509950 seconds
120.903: [GC [PSYoungGen: 14526K->1520K(15360K)] 18401K->5395K(49664K), 0.0005710 secs] [Times: user=0.00 sys=0.00, real=0.00 secs] 
120.904: Total time for which application threads were stopped: 0.0006860 seconds, Stopping threads took: 0.0000610 seconds
120.949: Application time: 0.0453030 seconds
120.949: [GC [PSYoungGen: 14829K->1456K(15360K)] 18704K->5331K(49664K), 0.0006080 secs] [Times: user=0.00 sys=0.00, real=0.00 secs] 
120.950: Total time for which application threads were stopped: 0.0007160 seconds, Stopping threads took: 0.0000550 seconds
121.006: Application time: 0.0566770 seconds
121.006: [GC [PSYoungGen: 14764K->1488K(15360K)] 18640K->5363K(49664K), 0.0006080 secs] [Times: user=0.00 sys=0.00, real=0.00 secs] 
121.007: Total time for which application threads were stopped: 0.0007490 seconds, Stopping threads took: 0.0000870 seconds
121.054: Application time: 0.0469460 seconds
121.054: [GC [PSYoungGen: 14797K->1872K(15360K)] 18672K->5747K(49664K), 0.0006620 secs] [Times: user=0.01 sys=0.00, real=0.00 secs] 
121.055: Total time for which application threads were stopped: 0.0007720 seconds, Stopping threads took: 0.0000550 seconds
121.085: Application time: 0.0303890 seconds
121.085: [GC [PSYoungGen: 15179K->1904K(15360K)] 19054K->5779K(49664K), 0.0006940 secs] [Times: user=0.01 sys=0.00, real=0.00 secs] 
121.086: Total time for which application threads were stopped: 0.0007990 seconds, Stopping threads took: 0.0000460 seconds
121.137: Application time: 0.0515300 seconds
121.138: [GC [PSYoungGen: 15213K->1936K(15360K)] 19088K->5811K(49664K), 0.0006700 secs] [Times: user=0.00 sys=0.00, real=0.00 secs] 
121.138: Total time for which application threads were stopped: 0.0007940 seconds, Stopping threads took: 0.0000650 seconds
121.194: Application time: 0.0560570 seconds
121.194: [GC [PSYoungGen: 15244K->1920K(15360K)] 19120K->5795K(49664K), 0.0006830 secs] [Times: user=0.00 sys=0.00, real=0.00 secs] 
121.195: Total time for which application threads were stopped: 0.0007910 seconds, Stopping threads took: 0.0000520 seconds
121.253: Application time: 0.0580040 seconds
121.253: [GC [PSYoungGen: 15229K->1888K(15360K)] 19104K->5763K(49664K), 0.0006800 secs] [Times: user=0.01 sys=0.00, real=0.00 secs] 
121.254: Total time for which application threads were stopped: 0.0008050 seconds, Stopping threads took: 0.0000670 seconds
121.311: Application time: 0.0567770 seconds
121.311: [GC [PSYoungGen: 15199K->1952K(15360K)] 19074K->5835K(49664K), 0.0006620 secs] [Times: user=0.00 sys=0.00, real=0.00 secs] 
121.312: Total time for which application threads were stopped: 0.0007800 seconds, Stopping threads took: 0.0000530 seconds
121.369: Application time: 0.0571000 seconds
121.372: [GC [PSYoungGen: 15263K->1456K(15360K)] 19146K->5820K(49664K), 0.0007300 secs] [Times: user=0.01 sys=0.00, real=0.00 secs] 
121.373: Total time for which application threads were stopped: 0.0044790 seconds, Stopping threads took: 0.0036800 seconds
121.431: Application time: 0.0581210 seconds
121.431: [GC [PSYoungGen: 14765K->1440K(15360K)] 19129K->5860K(49664K), 0.0006130 secs] [Times: user=0.00 sys=0.00, real=0.00 secs] 
121.432: Total time for which application threads were stopped: 0.0007380 seconds, Stopping threads took: 0.0000670 seconds
121.487: Application time: 0.0549510 seconds
121.487: [GC [PSYoungGen: 14748K->1440K(15360K)] 19168K->5908K(49664K), 0.0005600 secs] [Times: user=0.01 sys=0.00, real=0.00 secs] 
121.488: Total time for which application threads were stopped: 0.0006730 seconds, Stopping threads took: 0.0000590 seconds
121.547: Application time: 0.0597820 seconds
121.547: [GC [PSYoungGen: 14749K->1312K(15360K)] 19218K->5820K(49664K), 0.0005800 secs] [Times: user=0.01 sys=0.00, real=0.00 secs] 
121.548: Total time for which application threads were stopped: 0.0006940 seconds, Stopping threads took: 0.0000560 seconds
121.607: Application time: 0.0589380 seconds
121.607: [GC [PSYoungGen: 14621K->1344K(15360K)] 19130K->5852K(49664K), 0.0006040 secs] [Times: user=0.00 sys=0.00, real=0.00 secs] 
121.608: Total time for which application threads were stopped: 0.0007400 seconds, Stopping threads took: 0.0000800 seconds
121.667: Application time: 0.0592500 seconds
121.667: [GC [PSYoungGen: 14653K->1376K(15360K)] 19162K->5884K(49664K), 0.0005690 secs] [Times: user=0.01 sys=0.00, real=0.00 secs] 
121.668: Total time for which application threads were stopped: 0.0006790 seconds, Stopping threads took: 0.0000540 seconds
121.727: Application time: 0.0594610 seconds
121.727: [GC [PSYoungGen: 14685K->1328K(15360K)] 19194K->5836K(49664K), 0.0005450 secs] [Times: user=0.01 sys=0.00, real=0.00 secs] 
121.728: Total time for which application threads were stopped: 0.0006620 seconds, Stopping threads took: 0.0000620 seconds
121.787: Application time: 0.0591530 seconds
121.787: [GC [PSYoungGen: 14637K->1360K(15360K)] 19146K->5916K(49664K), 0.0005740 secs] [Times: user=0.00 sys=0.00, real=0.00 secs] 
121.788: Total time for which application threads were stopped: 0.0006920 seconds, Stopping threads took: 0.0000610 seconds
121.846: Application time: 0.0588130 seconds
121.847: [GC [PSYoungGen: 14669K->1376K(15360K)] 19226K->5932K(49664K), 0.0005560 secs] [Times: user=0.00 sys=0.00, real=0.00 secs] 
121.847: Total time for which application threads were stopped: 0.0006850 seconds, Stopping threads took: 0.0000710 seconds
121.888: Application time: 0.0408150 seconds
121.888: [GC [PSYoungGen: 14686K->1552K(15360K)] 19243K->6361K(49664K), 0.0006210 secs] [Times: user=0.00 sys=0.00, real=0.01 secs] 
121.889: Total time for which application threads were stopped: 0.0007370 seconds, Stopping threads took: 0.0000510 seconds
121.926: Application time: 0.0375440 seconds
121.926: [GC [PSYoungGen: 14861K->1088K(15360K)] 19670K->6346K(49664K), 0.0005610 secs] [Times: user=0.00 sys=0.00, real=0.00 secs] 
121.927: Total time for which application threads were stopped: 0.0006670 seconds, Stopping threads took: 0.0000480 seconds
121.983: Application time: 0.0562450 seconds
121.983: [GC [PSYoungGen: 14396K->1120K(15360K)] 19655K->6378K(49664K), 0.0004980 secs] [Times: user=0.00 sys=0.00, real=0.00 secs] 
121.984: Total time for which application threads were stopped: 0.0006220 seconds, Stopping threads took: 0.0000690 seconds
122.041: Application time: 0.0575650 seconds
122.041: [GC [PSYoungGen: 14428K->1088K(15360K)] 19687K->6346K(49664K), 0.0005030 secs] [Times: user=0.01 sys=0.00, real=0.00 secs] 
122.042: Total time for which application threads were stopped: 0.0006310 seconds, Stopping threads took: 0.0000720 seconds
122.101: Application time: 0.0587410 seconds
122.101: [GC [PSYoungGen: 14397K->1088K(15360K)] 19655K->6346K(49664K), 0.0004770 secs] [Times: user=0.00 sys=0.00, real=0.00 secs] 
122.101: Total time for which application threads were stopped: 0.0005810 seconds, Stopping threads took: 0.0000490 seconds
122.160: Application time: 0.0586880 seconds
122.164: [GC [PSYoungGen: 14397K->1120K(15360K)] 19655K->6378K(49664K), 0.0004940 secs] [Times: user=0.01 sys=0.00, real=0.00 secs] 
122.165: Total time for which application threads were stopped: 0.0048120 seconds, Stopping threads took: 0.0042610 seconds
122.224: Application time: 0.0589820 seconds
122.228: [GC [PSYoungGen: 14429K->896K(15360K)] 19687K->6358K(49664K), 0.0005270 secs] [Times: user=0.01 sys=0.00, real=0.00 secs] 
122.229: Total time for which application threads were stopped: 0.0050950 seconds, Stopping threads took: 0.0045150 seconds
122.288: Application time: 0.0594810 seconds
122.288: [GC [PSYoungGen: 14208K->864K(15360K)] 19670K->6326K(49664K), 0.0004540 secs] [Times: user=0.00 sys=0.00, real=0.00 secs] 
122.289: Total time for which application threads were stopped: 0.0005840 seconds, Stopping threads took: 0.0000750 seconds
122.336: Application time: 0.0467430 seconds
122.336: [GC [PSYoungGen: 14173K->864K(15360K)] 19636K->6731K(49664K), 0.0005150 secs] [Times: user=0.00 sys=0.00, real=0.00 secs] 
122.336: Total time for which application threads were stopped: 0.0006250 seconds, Stopping threads took: 0.0000530 seconds
122.370: Application time: 0.0336490 seconds
122.370: [GC [PSYoungGen: 14174K->1248K(15360K)] 20041K->7115K(49664K), 0.0005440 secs] [Times: user=0.00 sys=0.00, real=0.00 secs] 
122.371: Total time for which application threads were stopped: 0.0006530 seconds, Stopping threads took: 0.0000530 seconds
122.404: Application time: 0.0328940 seconds
122.404: [GC [PSYoungGen: 14559K->1248K(15360K)] 20427K->7115K(49664K), 0.0005170 secs] [Times: user=0.00 sys=0.00, real=0.00 secs] 
122.404: Total time for which application threads were stopped: 0.0006380 seconds, Stopping threads took: 0.0000550 seconds
122.459: Application time: 0.0543250 seconds
122.459: [GC [PSYoungGen: 14556K->1232K(15360K)] 20423K->7099K(49664K), 0.0005280 secs] [Times: user=0.00 sys=0.00, real=0.00 secs] 
122.459: Total time for which application threads were stopped: 0.0006500 seconds, Stopping threads took: 0.0000680 seconds
122.515: Application time: 0.0558260 seconds
122.515: [GC [PSYoungGen: 14541K->1248K(15360K)] 20408K->7115K(49664K), 0.0005460 secs] [Times: user=0.00 sys=0.00, real=0.00 secs] 
122.516: Total time for which application threads were stopped: 0.0006640 seconds, Stopping threads took: 0.0000640 seconds
122.574: Application time: 0.0582970 seconds
122.574: [GC [PSYoungGen: 14557K->1216K(15360K)] 20424K->7083K(49664K), 0.0005340 secs] [Times: user=0.00 sys=0.00, real=0.00 secs] 
122.575: Total time for which application threads were stopped: 0.0006680 seconds, Stopping threads took: 0.0000770 seconds
122.625: Application time: 0.0505910 seconds
122.625: [GC [PSYoungGen: 14523K->1424K(15360K)] 20391K->7291K(49664K), 0.0005730 secs] [Times: user=0.00 sys=0.00, real=0.00 secs] 
122.626: Total time for which application threads were stopped: 0.0006850 seconds, Stopping threads took: 0.0000550 seconds
122.672: Application time: 0.0463780 seconds
122.672: [GC [PSYoungGen: 14733K->1504K(15360K)] 20600K->7371K(49664K), 0.0006380 secs] [Times: user=0.00 sys=0.00, real=0.00 secs] 
122.673: Total time for which application threads were stopped: 0.0007530 seconds, Stopping threads took: 0.0000590 seconds
122.730: Application time: 0.0566620 seconds
122.730: [GC [PSYoungGen: 14815K->1504K(15360K)] 20682K->7371K(49664K), 0.0005780 secs] [Times: user=0.00 sys=0.00, real=0.00 secs] 
122.730: Total time for which application threads were stopped: 0.0007010 seconds, Stopping threads took: 0.0000650 seconds
122.780: Application time: 0.0491590 seconds
122.780: [GC [PSYoungGen: 14811K->1856K(15360K)] 20679K->7723K(49664K), 0.0006750 secs] [Times: user=0.01 sys=0.00, real=0.01 secs] 
122.780: Total time for which application threads were stopped: 0.0007980 seconds, Stopping threads took: 0.0000590 seconds
122.810: Application time: 0.0299220 seconds
122.810: [GC [PSYoungGen: 15164K->1888K(15360K)] 21031K->7755K(49664K), 0.0006740 secs] [Times: user=0.01 sys=0.00, real=0.00 secs] 
122.811: Total time for which application threads were stopped: 0.0007900 seconds, Stopping threads took: 0.0000600 seconds
122.860: Application time: 0.0489810 seconds
122.860: [GC [PSYoungGen: 15198K->1984K(15360K)] 21065K->7851K(49664K), 0.0007430 secs] [Times: user=0.00 sys=0.00, real=0.01 secs] 
122.861: Total time for which application threads were stopped: 0.0008630 seconds, Stopping threads took: 0.0000610 seconds
122.917: Application time: 0.0562580 seconds
122.917: [GC [PSYoungGen: 15292K->1936K(15360K)] 21160K->7803K(49664K), 0.0007120 secs] [Times: user=0.00 sys=0.00, real=0.00 secs] 
122.918: Total time for which application threads were stopped: 0.0008280 seconds, Stopping threads took: 0.0000480 seconds
122.976: Application time: 0.0577530 seconds
122.976: [GC [PSYoungGen: 15245K->1936K(15360K)] 21112K->7803K(49664K), 0.0007020 secs] [Times: user=0.00 sys=0.00, real=0.00 secs] 
122.977: Total time for which application threads were stopped: 0.0008080 seconds, Stopping threads took: 0.0000480 seconds
123.034: Application time: 0.0575340 seconds
123.034: [GC [PSYoungGen: 15247K->1904K(15360K)] 21114K->7771K(49664K), 0.0006660 secs] [Times: user=0.00 sys=0.00, real=0.00 secs] 
123.035: Total time for which application threads were stopped: 0.0007930 seconds, Stopping threads took: 0.0000700 seconds
123.092: Application time: 0.0570390 seconds
123.092: [GC [PSYoungGen: 15215K->1408K(15360K)] 21082K->7779K(49664K), 0.0006840 secs] [Times: user=0.00 sys=0.00, real=0.00 secs] 
123.093: Total time for which application threads were stopped: 0.0007940 seconds, Stopping threads took: 0.0000530 seconds
123.151: Application time: 0.0585000 seconds
123.151: [GC [PSYoungGen: 14717K->1440K(15360K)] 21089K->7811K(49664K), 0.0006200 secs] [Times: user=0.00 sys=0.00, real=0.00 secs] 
123.153: Total time for which application threads were stopped: 0.0016920 seconds, Stopping threads took: 0.0000730 seconds
123.210: Application time: 0.0567560 seconds
123.210: [GC [PSYoungGen: 14750K->1472K(15360K)] 21122K->7883K(49664K), 0.0006280 secs] [Times: user=0.01 sys=0.00, real=0.00 secs] 
123.210: Total time for which application threads were stopped: 0.0007420 seconds, Stopping threads took: 0.0000600 seconds
123.268: Application time: 0.0573920 seconds
123.268: [GC [PSYoungGen: 14780K->1440K(15360K)] 21191K->7851K(49664K), 0.0005790 secs] [Times: user=0.00 sys=0.00, real=0.01 secs] 
123.269: Total time for which application threads were stopped: 0.0007070 seconds, Stopping threads took: 0.0000710 seconds
123.328: Application time: 0.0591320 seconds
123.328: [GC [PSYoungGen: 14749K->1344K(15360K)] 21161K->7803K(49664K), 0.0005700 secs] [Times: user=0.01 sys=0.00, real=0.01 secs] 
123.328: Total time for which application threads were stopped: 0.0006840 seconds, Stopping threads took: 0.0000570 seconds
123.388: Application time: 0.0598810 seconds
123.388: [GC [PSYoungGen: 14653K->1376K(15360K)] 21113K->7835K(49664K), 0.0005540 secs] [Times: user=0.01 sys=0.00, real=0.00 secs] 
123.389: Total time for which application threads were stopped: 0.0006720 seconds, Stopping threads took: 0.0000620 seconds
123.449: Application time: 0.0602350 seconds
123.449: [GC [PSYoungGen: 14685K->1344K(15360K)] 21145K->7803K(49664K), 0.0005530 secs] [Times: user=0.00 sys=0.00, real=0.00 secs] 
123.450: Total time for which application threads were stopped: 0.0006700 seconds, Stopping threads took: 0.0000480 seconds
123.509: Application time: 0.0592660 seconds
123.509: [GC [PSYoungGen: 14653K->1344K(15360K)] 21113K->7851K(49664K), 0.0005950 secs] [Times: user=0.00 sys=0.00, real=0.00 secs] 
123.510: Total time for which application threads were stopped: 0.0007180 seconds, Stopping threads took: 0.0000620 seconds
123.569: Application time: 0.0588470 seconds
123.569: [GC [PSYoungGen: 14653K->1344K(15360K)] 21161K->7851K(49664K), 0.0005560 secs] [Times: user=0.00 sys=0.00, real=0.00 secs] 
123.569: Total time for which application threads were stopped: 0.0006740 seconds, Stopping threads took: 0.0000630 seconds
123.611: Application time: 0.0418090 seconds
123.611: [GC [PSYoungGen: 14655K->1520K(15360K)] 21163K->8272K(49664K), 0.0006060 secs] [Times: user=0.00 sys=0.00, real=0.00 secs] 
123.612: Total time for which application threads were stopped: 0.0007200 seconds, Stopping threads took: 0.0000540 seconds
123.648: Application time: 0.0359920 seconds
123.648: [GC [PSYoungGen: 14829K->1088K(15360K)] 21581K->8273K(49664K), 0.0005820 secs] [Times: user=0.00 sys=0.00, real=0.01 secs] 
123.649: Total time for which application threads were stopped: 0.0007050 seconds, Stopping threads took: 0.0000640 seconds
123.705: Application time: 0.0564910 seconds
123.705: [GC [PSYoungGen: 14398K->1152K(15360K)] 21584K->8337K(49664K), 0.0004770 secs] [Times: user=0.01 sys=0.00, real=0.00 secs] 
123.706: Total time for which application threads were stopped: 0.0005930 seconds, Stopping threads took: 0.0000600 seconds
123.763: Application time: 0.0574970 seconds
123.763: [GC [PSYoungGen: 14463K->1280K(15360K)] 21648K->8465K(49664K), 0.0005120 secs] [Times: user=0.00 sys=0.00, real=0.00 secs] 
123.764: Total time for which application threads were stopped: 0.0006390 seconds, Stopping threads took: 0.0000690 seconds
123.824: Application time: 0.0597490 seconds
123.824: [GC [PSYoungGen: 14592K->1088K(15360K)] 21777K->8273K(49664K), 0.0005280 secs] [Times: user=0.00 sys=0.00, real=0.00 secs] 
123.824: Total time for which application threads were stopped: 0.0006360 seconds, Stopping threads took: 0.0000540 seconds
123.883: Application time: 0.0586920 seconds
123.883: [GC [PSYoungGen: 14397K->1056K(15360K)] 21582K->8241K(49664K), 0.0004970 secs] [Times: user=0.00 sys=0.00, real=0.00 secs] 
123.884: Total time for which application threads were stopped: 0.0006080 seconds, Stopping threads took: 0.0000550 seconds
123.942: Application time: 0.0582850 seconds
123.942: [GC [PSYoungGen: 14365K->896K(15360K)] 21550K->8293K(49664K), 0.0004830 secs] [Times: user=0.00 sys=0.00, real=0.00 secs] 
123.942: Total time for which application threads were stopped: 0.0005970 seconds, Stopping threads took: 0.0000590 seconds
124.001: Application time: 0.0584020 seconds
124.001: [GC [PSYoungGen: 14205K->864K(15360K)] 21603K->8261K(49664K), 0.0004820 secs] [Times: user=0.00 sys=0.00, real=0.00 secs] 
124.001: Total time for which application threads were stopped: 0.0006010 seconds, Stopping threads took: 0.0000510 seconds
124.051: Application time: 0.0498040 seconds
124.051: [GC [PSYoungGen: 14175K->1152K(15360K)] 21573K->8549K(49664K), 0.0005120 secs] [Times: user=0.01 sys=0.00, real=0.00 secs] 
124.052: Total time for which application threads were stopped: 0.0006310 seconds, Stopping threads took: 0.0000640 seconds
124.083: Application time: 0.0314930 seconds
124.084: [GC [PSYoungGen: 14463K->1216K(15360K)] 21861K->9026K(49664K), 0.0005970 secs] [Times: user=0.01 sys=0.00, real=0.00 secs] 
124.085: Total time for which application threads were stopped: 0.0016090 seconds, Stopping threads took: 0.0009560 seconds
124.116: Application time: 0.0314220 seconds
124.116: [GC [PSYoungGen: 14525K->1248K(15360K)] 22336K->9058K(49664K), 0.0004980 secs] [Times: user=0.00 sys=0.00, real=0.00 secs] 
124.117: Total time for which application threads were stopped: 0.0005940 seconds, Stopping threads took: 0.0000420 seconds
124.172: Application time: 0.0546040 seconds
124.172: [GC [PSYoungGen: 14558K->1200K(15360K)] 22368K->9010K(49664K), 0.0005830 secs] [Times: user=0.00 sys=0.00, real=0.00 secs] 
124.172: Total time for which application threads were stopped: 0.0006990 seconds, Stopping threads took: 0.0000600 seconds
124.228: Application time: 0.0558480 seconds
124.228: [GC [PSYoungGen: 14509K->1216K(15360K)] 22319K->9026K(49664K), 0.0005550 secs] [Times: user=0.00 sys=0.00, real=0.01 secs] 
124.229: Total time for which application threads were stopped: 0.0006830 seconds, Stopping threads took: 0.0000640 seconds
124.287: Application time: 0.0584350 seconds
124.287: [GC [PSYoungGen: 14525K->1200K(15360K)] 22335K->9010K(49664K), 0.0006050 secs] [Times: user=0.00 sys=0.00, real=0.00 secs] 
124.288: Total time for which application threads were stopped: 0.0007190 seconds, Stopping threads took: 0.0000610 seconds
124.337: Application time: 0.0492850 seconds
124.337: [GC [PSYoungGen: 14510K->1408K(15360K)] 22320K->9218K(49664K), 0.0005770 secs] [Times: user=0.00 sys=0.00, real=0.00 secs] 
124.338: Total time for which application threads were stopped: 0.0006900 seconds, Stopping threads took: 0.0000550 seconds
124.385: Application time: 0.0468740 seconds
124.385: [GC [PSYoungGen: 14719K->1472K(15360K)] 22530K->9282K(49664K), 0.0005670 secs] [Times: user=0.00 sys=0.00, real=0.00 secs] 
124.385: Total time for which application threads were stopped: 0.0006770 seconds, Stopping threads took: 0.0000540 seconds
124.442: Application time: 0.0566670 seconds
124.442: [GC [PSYoungGen: 14780K->1504K(15360K)] 22591K->9314K(49664K), 0.0006260 secs] [Times: user=0.00 sys=0.00, real=0.00 secs] 
124.443: Total time for which application threads were stopped: 0.0007480 seconds, Stopping threads took: 0.0000640 seconds
124.496: Application time: 0.0533020 seconds
124.496: [GC [PSYoungGen: 14816K->1584K(15360K)] 22626K->9394K(49664K), 0.0005960 secs] [Times: user=0.00 sys=0.00, real=0.00 secs] 
124.497: Total time for which application threads were stopped: 0.0007080 seconds, Stopping threads took: 0.0000560 seconds
124.529: Application time: 0.0322990 seconds
124.529: [GC [PSYoungGen: 14894K->1888K(15360K)] 22705K->9698K(49664K), 0.0006720 secs] [Times: user=0.00 sys=0.00, real=0.00 secs] 
124.530: Total time for which application threads were stopped: 0.0007960 seconds, Stopping threads took: 0.0000600 seconds
124.573: Application time: 0.0428180 seconds
124.573: [GC [PSYoungGen: 15199K->2016K(15360K)] 23009K->9826K(49664K), 0.0006940 secs] [Times: user=0.00 sys=0.00, real=0.00 secs] 
124.574: Total time for which application threads were stopped: 0.0008240 seconds, Stopping threads took: 0.0000720 seconds
124.630: Application time: 0.0558450 seconds
124.630: [GC [PSYoungGen: 15324K->1888K(15360K)] 23135K->9698K(49664K), 0.0007310 secs] [Times: user=0.01 sys=0.00, real=0.00 secs] 
124.630: Total time for which application threads were stopped: 0.0008430 seconds, Stopping threads took: 0.0000570 seconds
124.689: Application time: 0.0584570 seconds
124.689: [GC [PSYoungGen: 15197K->1920K(15360K)] 23008K->9730K(49664K), 0.0007490 secs] [Times: user=0.00 sys=0.00, real=0.00 secs] 
124.690: Total time for which application threads were stopped: 0.0008560 seconds, Stopping threads took: 0.0000520 seconds
124.747: Application time: 0.0574080 seconds
124.747: [GC [PSYoungGen: 15231K->1904K(15360K)] 23042K->9714K(49664K), 0.0006680 secs] [Times: user=0.01 sys=0.00, real=0.00 secs] 
124.748: Total time for which application threads were stopped: 0.0007710 seconds, Stopping threads took: 0.0000460 seconds
124.805: Application time: 0.0570400 seconds
124.805: [GC [PSYoungGen: 15215K->1472K(15360K)] 23025K->9775K(49664K), 0.0006840 secs] [Times: user=0.01 sys=0.00, real=0.00 secs] 
124.806: Total time for which application threads were stopped: 0.0007930 seconds, Stopping threads took: 0.0000520 seconds
124.864: Application time: 0.0585870 seconds
124.864: [GC [PSYoungGen: 14781K->1408K(15360K)] 23084K->9767K(49664K), 0.0006010 secs] [Times: user=0.00 sys=0.00, real=0.00 secs] 
124.865: Total time for which application threads were stopped: 0.0007260 seconds, Stopping threads took: 0.0000700 seconds
124.923: Application time: 0.0579200 seconds
124.923: [GC [PSYoungGen: 14719K->1440K(15360K)] 23078K->9847K(49664K), 0.0005630 secs] [Times: user=0.01 sys=0.00, real=0.00 secs] 
124.924: Total time for which application threads were stopped: 0.0006760 seconds, Stopping threads took: 0.0000550 seconds
124.979: Application time: 0.0558070 seconds
124.980: [GC [PSYoungGen: 14750K->1344K(15360K)] 23157K->9751K(49664K), 0.0005640 secs] [Times: user=0.00 sys=0.00, real=0.00 secs] 
124.980: Total time for which application threads were stopped: 0.0006990 seconds, Stopping threads took: 0.0000810 seconds
125.039: Application time: 0.0592530 seconds
125.039: [GC [PSYoungGen: 14653K->1344K(15360K)] 23060K->9799K(49664K), 0.0005790 secs] [Times: user=0.00 sys=0.00, real=0.00 secs] 
125.040: Total time for which application threads were stopped: 0.0007080 seconds, Stopping threads took: 0.0000610 seconds
125.099: Application time: 0.0593150 seconds
125.100: [GC [PSYoungGen: 14653K->1360K(15360K)] 23108K->9815K(49664K), 0.0005860 secs] [Times: user=0.00 sys=0.00, real=0.00 secs] 
125.100: Total time for which application threads were stopped: 0.0007150 seconds, Stopping threads took: 0.0000700 seconds
125.159: Application time: 0.0593480 seconds
125.160: [GC [PSYoungGen: 14669K->1408K(15360K)] 23124K->9863K(49664K), 0.0005600 secs] [Times: user=0.00 sys=0.00, real=0.00 secs] 
125.160: Total time for which application threads were stopped: 0.0006670 seconds, Stopping threads took: 0.0000500 seconds
125.219: Application time: 0.0592960 seconds
125.220: [GC [PSYoungGen: 14717K->1376K(15360K)] 23172K->9879K(49664K), 0.0005820 secs] [Times: user=0.00 sys=0.00, real=0.00 secs] 
125.220: Total time for which application threads were stopped: 0.0007090 seconds, Stopping threads took: 0.0000700 seconds
125.279: Application time: 0.0586300 seconds
125.279: [GC [PSYoungGen: 14685K->1312K(15360K)] 23188K->9815K(49664K), 0.0005470 secs] [Times: user=0.00 sys=0.00, real=0.00 secs] 
125.279: Total time for which application threads were stopped: 0.0006800 seconds, Stopping threads took: 0.0000740 seconds
125.325: Application time: 0.0455070 seconds
125.325: [GC [PSYoungGen: 14619K->1504K(15360K)] 23123K->10243K(49664K), 0.0006040 secs] [Times: user=0.01 sys=0.00, real=0.00 secs] 
125.326: Total time for which application threads were stopped: 0.0007250 seconds, Stopping threads took: 0.0000660 seconds
125.361: Application time: 0.0349850 seconds
125.361: [GC [PSYoungGen: 14815K->1088K(15360K)] 23555K->10276K(49664K), 0.0005780 secs] [Times: user=0.00 sys=0.00, real=0.00 secs] 
125.361: Total time for which application threads were stopped: 0.0006910 seconds, Stopping threads took: 0.0000570 seconds
125.416: Application time: 0.0549210 seconds
125.416: [GC [PSYoungGen: 14399K->1120K(15360K)] 23588K->10308K(49664K), 0.0004990 secs] [Times: user=0.00 sys=0.00, real=0.00 secs] 
125.417: Total time for which application threads were stopped: 0.0006220 seconds, Stopping threads took: 0.0000680 seconds
125.475: Application time: 0.0577620 seconds
125.475: [GC [PSYoungGen: 14428K->1120K(15360K)] 23617K->10308K(49664K), 0.0005040 secs] [Times: user=0.00 sys=0.00, real=0.00 secs] 
125.475: Total time for which application threads were stopped: 0.0006200 seconds, Stopping threads took: 0.0000600 seconds
125.535: Application time: 0.0595710 seconds
125.535: [GC [PSYoungGen: 14429K->1120K(15360K)] 23618K->10308K(49664K), 0.0004910 secs] [Times: user=0.00 sys=0.00, real=0.00 secs] 
125.535: Total time for which application threads were stopped: 0.0006050 seconds, Stopping threads took: 0.0000590 seconds
125.594: Application time: 0.0587820 seconds
125.596: [GC [PSYoungGen: 14429K->1088K(15360K)] 23618K->10276K(49664K), 0.0005790 secs] [Times: user=0.01 sys=0.00, real=0.00 secs] 
125.597: Total time for which application threads were stopped: 0.0026640 seconds, Stopping threads took: 0.0020200 seconds
125.656: Application time: 0.0592420 seconds
125.656: [GC [PSYoungGen: 14397K->896K(15360K)] 23586K->10305K(49664K), 0.0004910 secs] [Times: user=0.00 sys=0.00, real=0.00 secs] 
125.657: Total time for which application threads were stopped: 0.0006160 seconds, Stopping threads took: 0.0000660 seconds
125.715: Application time: 0.0584340 seconds
125.715: [GC [PSYoungGen: 14205K->864K(15360K)] 23614K->10273K(49664K), 0.0004630 secs] [Times: user=0.00 sys=0.00, real=0.00 secs] 
125.716: Total time for which application threads were stopped: 0.0005940 seconds, Stopping threads took: 0.0000740 seconds
125.765: Application time: 0.0492350 seconds
125.765: [GC [PSYoungGen: 14173K->1216K(15360K)] 23583K->10625K(49664K), 0.0005500 secs] [Times: user=0.00 sys=0.00, real=0.00 secs] 
125.766: Total time for which application threads were stopped: 0.0006590 seconds, Stopping threads took: 0.0000530 seconds
125.795: Application time: 0.0290150 seconds
125.795: [GC [PSYoungGen: 14527K->1232K(15360K)] 23937K->11057K(49664K), 0.0005990 secs] [Times: user=0.00 sys=0.00, real=0.00 secs] 
125.795: Total time for which application threads were stopped: 0.0007010 seconds, Stopping threads took: 0.0000460 seconds
125.829: Application time: 0.0331500 seconds
125.829: [GC [PSYoungGen: 14543K->1184K(15360K)] 24369K->11009K(49664K), 0.0006070 secs] [Times: user=0.00 sys=0.00, real=0.00 secs] 
125.829: Total time for which application threads were stopped: 0.0007220 seconds, Stopping threads took: 0.0000620 seconds
125.885: Application time: 0.0555820 seconds
125.888: [GC [PSYoungGen: 14495K->1088K(15360K)] 24320K->10913K(49664K), 0.0005410 secs] [Times: user=0.01 sys=0.00, real=0.00 secs] 
125.889: Total time for which application threads were stopped: 0.0039820 seconds, Stopping threads took: 0.0033850 seconds
125.945: Application time: 0.0564240 seconds
125.945: [GC [PSYoungGen: 14398K->1264K(15360K)] 24224K->11089K(49664K), 0.0005470 secs] [Times: user=0.00 sys=0.00, real=0.00 secs] 
125.946: Total time for which application threads were stopped: 0.0006690 seconds, Stopping threads took: 0.0000680 seconds
126.004: Application time: 0.0584260 seconds
126.004: [GC [PSYoungGen: 14573K->1248K(15360K)] 24399K->11073K(49664K), 0.0005370 secs] [Times: user=0.00 sys=0.00, real=0.00 secs] 
126.005: Total time for which application threads were stopped: 0.0006570 seconds, Stopping threads took: 0.0000640 seconds
126.057: Application time: 0.0522800 seconds
126.057: [GC [PSYoungGen: 14557K->1472K(15360K)] 24382K->11297K(49664K), 0.0005950 secs] [Times: user=0.00 sys=0.00, real=0.00 secs] 
126.058: Total time for which application threads were stopped: 0.0007010 seconds, Stopping threads took: 0.0000490 seconds
126.103: Application time: 0.0448130 seconds
126.103: [GC [PSYoungGen: 14781K->1440K(15360K)] 24606K->11265K(49664K), 0.0005380 secs] [Times: user=0.01 sys=0.00, real=0.00 secs] 
126.104: Total time for which application threads were stopped: 0.0006530 seconds, Stopping threads took: 0.0000550 seconds
126.160: Application time: 0.0562110 seconds
126.160: [GC [PSYoungGen: 14751K->1504K(15360K)] 24576K->11329K(49664K), 0.0005940 secs] [Times: user=0.00 sys=0.00, real=0.01 secs] 
126.160: Total time for which application threads were stopped: 0.0007090 seconds, Stopping threads took: 0.0000580 seconds
126.215: Application time: 0.0544620 seconds
126.215: [GC [PSYoungGen: 14811K->1536K(15360K)] 24637K->11361K(49664K), 0.0006000 secs] [Times: user=0.01 sys=0.00, real=0.00 secs] 
126.216: Total time for which application threads were stopped: 0.0007160 seconds, Stopping threads took: 0.0000620 seconds
126.249: Application time: 0.0328920 seconds
126.249: [GC [PSYoungGen: 14846K->1936K(15360K)] 24671K->11761K(49664K), 0.0006760 secs] [Times: user=0.00 sys=0.00, real=0.00 secs] 
126.249: Total time for which application threads were stopped: 0.0008030 seconds, Stopping threads took: 0.0000690 seconds
126.291: Application time: 0.0420110 seconds
126.291: [GC [PSYoungGen: 15245K->1936K(15360K)] 25070K->11761K(49664K), 0.0006900 secs] [Times: user=0.00 sys=0.00, real=0.00 secs] 
126.292: Total time for which application threads were stopped: 0.0008060 seconds, Stopping threads took: 0.0000610 seconds
126.347: Application time: 0.0553560 seconds
126.348: [GC [PSYoungGen: 15246K->1920K(15360K)] 25071K->11745K(49664K), 0.0007510 secs] [Times: user=0.01 sys=0.00, real=0.01 secs] 
126.348: Total time for which application threads were stopped: 0.0008630 seconds, Stopping threads took: 0.0000530 seconds
126.407: Application time: 0.0581550 seconds
126.407: [GC [PSYoungGen: 15229K->1872K(15360K)] 25055K->11697K(49664K), 0.0007050 secs] [Times: user=0.00 sys=0.00, real=0.00 secs] 
126.407: Total time for which application threads were stopped: 0.0008250 seconds, Stopping threads took: 0.0000640 seconds
126.465: Application time: 0.0576090 seconds
126.465: [GC [PSYoungGen: 15181K->1968K(15360K)] 25007K->11793K(49664K), 0.0006800 secs] [Times: user=0.00 sys=0.00, real=0.00 secs] 
126.466: Total time for which application threads were stopped: 0.0007910 seconds, Stopping threads took: 0.0000540 seconds
126.522: Application time: 0.0562230 seconds
126.524: [GC [PSYoungGen: 15276K->1424K(15360K)] 25102K->11734K(49664K), 0.0006960 secs] [Times: user=0.01 sys=0.00, real=0.00 secs] 
126.525: Total time for which application threads were stopped: 0.0030650 seconds, Stopping threads took: 0.0023090 seconds
126.583: Application time: 0.0581230 seconds
126.583: [GC [PSYoungGen: 14733K->1440K(15360K)] 25043K->11790K(49664K), 0.0006070 secs] [Times: user=0.00 sys=0.00, real=0.00 secs] 
126.584: Total time for which application threads were stopped: 0.0007360 seconds, Stopping threads took: 0.0000720 seconds
126.641: Application time: 0.0574710 seconds
126.641: [GC [PSYoungGen: 14751K->1408K(15360K)] 25101K->11806K(49664K), 0.0005680 secs] [Times: user=0.01 sys=0.00, real=0.00 secs] 
126.642: Total time for which application threads were stopped: 0.0006910 seconds, Stopping threads took: 0.0000560 seconds
126.698: Application time: 0.0559950 seconds
126.698: [GC [PSYoungGen: 14715K->1392K(15360K)] 25114K->11790K(49664K), 0.0005910 secs] [Times: user=0.00 sys=0.00, real=0.00 secs] 
126.699: Total time for which application threads were stopped: 0.0007040 seconds, Stopping threads took: 0.0000540 seconds
126.759: Application time: 0.0597400 seconds
126.759: [GC [PSYoungGen: 14701K->1392K(15360K)] 25099K->11838K(49664K), 0.0005600 secs] [Times: user=0.00 sys=0.00, real=0.00 secs] 
126.759: Total time for which application threads were stopped: 0.0006850 seconds, Stopping threads took: 0.0000680 seconds
126.820: Application time: 0.0607760 seconds
126.820: [GC [PSYoungGen: 14704K->1328K(15360K)] 25150K->11774K(49664K), 0.0005230 secs] [Times: user=0.00 sys=0.00, real=0.01 secs] 
126.821: Total time for which application threads were stopped: 0.0006260 seconds, Stopping threads took: 0.0000500 seconds
126.880: Application time: 0.0595810 seconds
126.880: [GC [PSYoungGen: 14637K->1344K(15360K)] 25083K->11790K(49664K), 0.0006610 secs] [Times: user=0.00 sys=0.00, real=0.00 secs] 
126.881: Total time for which application threads were stopped: 0.0007750 seconds, Stopping threads took: 0.0000580 seconds
126.940: Application time: 0.0588460 seconds
126.940: [GC [PSYoungGen: 14653K->1328K(15360K)] 25099K->11822K(49664K), 0.0005640 secs] [Times: user=0.00 sys=0.00, real=0.01 secs] 
126.940: Total time for which application threads were stopped: 0.0006780 seconds, Stopping threads took: 0.0000580 seconds
126.999: Application time: 0.0587520 seconds
126.999: [GC [PSYoungGen: 14637K->1360K(15360K)] 25131K->11854K(49664K), 0.0005370 secs] [Times: user=0.00 sys=0.00, real=0.00 secs] 
127.000: Total time for which application threads were stopped: 0.0006530 seconds, Stopping threads took: 0.0000620 seconds
127.050: Application time: 0.0504820 seconds
127.050: [GC [PSYoungGen: 14668K->1568K(15360K)] 25163K->12266K(49664K), 0.0006650 secs] [Times: user=0.00 sys=0.00, real=0.00 secs] 
127.051: Total time for which application threads were stopped: 0.0007780 seconds, Stopping threads took: 0.0000550 seconds
127.084: Application time: 0.0331100 seconds
127.084: [GC [PSYoungGen: 14879K->1056K(15360K)] 25578K->12215K(49664K), 0.0006280 secs] [Times: user=0.01 sys=0.00, real=0.00 secs] 
127.085: Total time for which application threads were stopped: 0.0007590 seconds, Stopping threads took: 0.0000730 seconds
127.137: Application time: 0.0518710 seconds
127.137: [GC [PSYoungGen: 14367K->1088K(15360K)] 25526K->12247K(49664K), 0.0005040 secs] [Times: user=0.00 sys=0.00, real=0.00 secs] 
127.138: Total time for which application threads were stopped: 0.0006040 seconds, Stopping threads took: 0.0000460 seconds
127.194: Application time: 0.0566860 seconds
127.194: [GC [PSYoungGen: 14396K->1120K(15360K)] 25556K->12279K(49664K), 0.0005100 secs] [Times: user=0.00 sys=0.00, real=0.00 secs] 
127.195: Total time for which application threads were stopped: 0.0006260 seconds, Stopping threads took: 0.0000520 seconds
127.254: Application time: 0.0590520 seconds
127.256: [GC [PSYoungGen: 14429K->1120K(15360K)] 25588K->12279K(49664K), 0.0005390 secs] [Times: user=0.00 sys=0.00, real=0.00 secs] 
127.257: Total time for which application threads were stopped: 0.0030320 seconds, Stopping threads took: 0.0024330 seconds
127.316: Application time: 0.0589680 seconds
127.316: [GC [PSYoungGen: 14429K->1120K(15360K)] 25588K->12279K(49664K), 0.0005810 secs] [Times: user=0.00 sys=0.00, real=0.00 secs] 
127.317: Total time for which application threads were stopped: 0.0007140 seconds, Stopping threads took: 0.0000760 seconds
127.375: Application time: 0.0588440 seconds
127.376: [GC [PSYoungGen: 14429K->864K(15360K)] 25588K->12220K(49664K), 0.0005960 secs] [Times: user=0.00 sys=0.00, real=0.00 secs] 
127.376: Total time for which application threads were stopped: 0.0007050 seconds, Stopping threads took: 0.0000560 seconds
127.434: Application time: 0.0579880 seconds
127.434: [GC [PSYoungGen: 14173K->896K(15360K)] 25529K->12252K(49664K), 0.0004760 secs] [Times: user=0.00 sys=0.00, real=0.00 secs] 
127.435: Total time for which application threads were stopped: 0.0005950 seconds, Stopping threads took: 0.0000600 seconds
127.484: Application time: 0.0493860 seconds
127.484: [GC [PSYoungGen: 14146K->992K(15360K)] 25502K->12348K(49664K), 0.0005540 secs] [Times: user=0.00 sys=0.00, real=0.00 secs] 
127.485: Total time for which application threads were stopped: 0.0006710 seconds, Stopping threads took: 0.0000600 seconds
127.514: Application time: 0.0288920 seconds
127.514: [GC [PSYoungGen: 14301K->1248K(15360K)] 25657K->13021K(49664K), 0.0006020 secs] [Times: user=0.00 sys=0.00, real=0.00 secs] 
127.514: Total time for which application threads were stopped: 0.0007060 seconds, Stopping threads took: 0.0000490 seconds
127.549: Application time: 0.0347440 seconds
127.549: [GC [PSYoungGen: 14559K->1072K(15360K)] 26332K->12845K(49664K), 0.0005310 secs] [Times: user=0.00 sys=0.00, real=0.00 secs] 
127.550: Total time for which application threads were stopped: 0.0006400 seconds, Stopping threads took: 0.0000540 seconds
127.605: Application time: 0.0547540 seconds
127.605: [GC [PSYoungGen: 14380K->1216K(15360K)] 26153K->12989K(49664K), 0.0005800 secs] [Times: user=0.00 sys=0.00, real=0.00 secs] 
127.605: Total time for which application threads were stopped: 0.0007120 seconds, Stopping threads took: 0.0000770 seconds
127.661: Application time: 0.0560130 seconds
127.661: [GC [PSYoungGen: 14525K->1280K(15360K)] 26298K->13053K(49664K), 0.0005410 secs] [Times: user=0.01 sys=0.00, real=0.00 secs] 
127.662: Total time for which application threads were stopped: 0.0006580 seconds, Stopping threads took: 0.0000610 seconds
127.721: Application time: 0.0590820 seconds
127.721: [GC [PSYoungGen: 14589K->1248K(15360K)] 26362K->13021K(49664K), 0.0006000 secs] [Times: user=0.00 sys=0.00, real=0.00 secs] 
127.722: Total time for which application threads were stopped: 0.0007090 seconds, Stopping threads took: 0.0000440 seconds
127.775: Application time: 0.0530240 seconds
127.775: [GC [PSYoungGen: 14556K->1456K(15360K)] 26329K->13229K(49664K), 0.0005940 secs] [Times: user=0.01 sys=0.00, real=0.00 secs] 
127.775: Total time for which application threads were stopped: 0.0007010 seconds, Stopping threads took: 0.0000500 seconds
127.819: Application time: 0.0435200 seconds
127.819: [GC [PSYoungGen: 14767K->1504K(15360K)] 26541K->13277K(49664K), 0.0005760 secs] [Times: user=0.00 sys=0.00, real=0.00 secs] 
127.820: Total time for which application threads were stopped: 0.0006990 seconds, Stopping threads took: 0.0000660 seconds
127.876: Application time: 0.0560650 seconds
127.876: [GC [PSYoungGen: 14815K->1536K(15360K)] 26588K->13309K(49664K), 0.0006000 secs] [Times: user=0.00 sys=0.00, real=0.00 secs] 
127.876: Total time for which application threads were stopped: 0.0007170 seconds, Stopping threads took: 0.0000590 seconds
127.932: Application time: 0.0556940 seconds
127.932: [GC [PSYoungGen: 14844K->1504K(15360K)] 26617K->13277K(49664K), 0.0005920 secs] [Times: user=0.00 sys=0.00, real=0.00 secs] 
127.933: Total time for which application threads were stopped: 0.0007090 seconds, Stopping threads took: 0.0000590 seconds
127.973: Application time: 0.0398440 seconds
127.973: [GC [PSYoungGen: 14812K->1856K(15360K)] 26585K->13629K(49664K), 0.0006880 secs] [Times: user=0.01 sys=0.00, real=0.00 secs] 
127.973: Total time for which application threads were stopped: 0.0007830 seconds, Stopping threads took: 0.0000400 seconds
128.010: Application time: 0.0368480 seconds
128.010: [GC [PSYoungGen: 15164K->1968K(15360K)] 26937K->13741K(49664K), 0.0006760 secs] [Times: user=0.00 sys=0.00, real=0.00 secs] 
128.011: Total time for which application threads were stopped: 0.0008140 seconds, Stopping threads took: 0.0000810 seconds
128.065: Application time: 0.0539890 seconds
128.065: [GC [PSYoungGen: 15276K->1968K(15360K)] 27049K->13741K(49664K), 0.0006770 secs] [Times: user=0.01 sys=0.00, real=0.00 secs] 
128.066: Total time for which application threads were stopped: 0.0007910 seconds, Stopping threads took: 0.0000580 seconds
128.123: Application time: 0.0570200 seconds
128.123: [GC [PSYoungGen: 15277K->1920K(15360K)] 27050K->13693K(49664K), 0.0006470 secs] [Times: user=0.00 sys=0.00, real=0.00 secs] 
128.124: Total time for which application threads were stopped: 0.0007570 seconds, Stopping threads took: 0.0000550 seconds
128.181: Application time: 0.0575340 seconds
128.181: [GC [PSYoungGen: 15229K->1888K(15360K)] 27002K->13661K(49664K), 0.0007100 secs] [Times: user=0.00 sys=0.00, real=0.00 secs] 
128.183: Total time for which application threads were stopped: 0.0016570 seconds, Stopping threads took: 0.0000620 seconds
128.240: Application time: 0.0566080 seconds
128.240: [GC [PSYoungGen: 15196K->1696K(15360K)] 26969K->13753K(49664K), 0.0007470 secs] [Times: user=0.00 sys=0.00, real=0.01 secs] 
128.240: Total time for which application threads were stopped: 0.0009260 seconds, Stopping threads took: 0.0001080 seconds
128.299: Application time: 0.0580860 seconds
128.299: [GC [PSYoungGen: 15005K->1408K(15360K)] 27063K->13706K(49664K), 0.0006670 secs] [Times: user=0.01 sys=0.00, real=0.00 secs] 
128.299: Total time for which application threads were stopped: 0.0007960 seconds, Stopping threads took: 0.0000720 seconds
128.359: Application time: 0.0594900 seconds
128.359: [GC [PSYoungGen: 14719K->1392K(15360K)] 27017K->13698K(49664K), 0.0005770 secs] [Times: user=0.00 sys=0.00, real=0.00 secs] 
128.360: Total time for which application threads were stopped: 0.0006930 seconds, Stopping threads took: 0.0000610 seconds
128.414: Application time: 0.0548290 seconds
128.414: [GC [PSYoungGen: 14699K->1424K(15360K)] 27006K->13778K(49664K), 0.0006480 secs] [Times: user=0.01 sys=0.00, real=0.00 secs] 
128.415: Total time for which application threads were stopped: 0.0007630 seconds, Stopping threads took: 0.0000550 seconds
128.474: Application time: 0.0589050 seconds
128.474: [GC [PSYoungGen: 14733K->1328K(15360K)] 27087K->13722K(49664K), 0.0005540 secs] [Times: user=0.00 sys=0.00, real=0.00 secs] 
128.475: Total time for which application threads were stopped: 0.0006610 seconds, Stopping threads took: 0.0000480 seconds
128.534: Application time: 0.0593730 seconds
128.534: [GC [PSYoungGen: 14637K->1344K(15360K)] 27031K->13738K(49664K), 0.0005480 secs] [Times: user=0.01 sys=0.00, real=0.00 secs] 
128.535: Total time for which application threads were stopped: 0.0006590 seconds, Stopping threads took: 0.0000540 seconds
128.595: Application time: 0.0598930 seconds
128.595: [GC [PSYoungGen: 14653K->1344K(15360K)] 27047K->13738K(49664K), 0.0006280 secs] [Times: user=0.00 sys=0.00, real=0.00 secs] 
128.595: Total time for which application threads were stopped: 0.0007670 seconds, Stopping threads took: 0.0000790 seconds
128.654: Application time: 0.0588700 seconds
128.654: [GC [PSYoungGen: 14653K->1296K(15360K)] 27047K->13730K(49664K), 0.0005760 secs] [Times: user=0.00 sys=0.00, real=0.00 secs] 
128.655: Total time for which application threads were stopped: 0.0007090 seconds, Stopping threads took: 0.0000770 seconds
128.716: Application time: 0.0605570 seconds
128.716: [GC [PSYoungGen: 14607K->1312K(15360K)] 27041K->13746K(49664K), 0.0005470 secs] [Times: user=0.00 sys=0.00, real=0.00 secs] 
128.716: Total time for which application threads were stopped: 0.0006800 seconds, Stopping threads took: 0.0000780 seconds
128.771: Application time: 0.0549650 seconds
128.771: [GC [PSYoungGen: 14620K->1312K(15360K)] 27055K->13951K(49664K), 0.0006100 secs] [Times: user=0.00 sys=0.00, real=0.00 secs] 
128.772: Total time for which application threads were stopped: 0.0007330 seconds, Stopping threads took: 0.0000590 seconds
128.805: Application time: 0.0326910 seconds
128.805: [GC [PSYoungGen: 14622K->1152K(15360K)] 27261K->14240K(49664K), 0.0006210 secs] [Times: user=0.01 sys=0.00, real=0.00 secs] 
128.805: Total time for which application threads were stopped: 0.0007450 seconds, Stopping threads took: 0.0000660 seconds
128.854: Application time: 0.0485040 seconds
128.854: [GC [PSYoungGen: 14464K->1056K(15360K)] 27552K->14184K(49664K), 0.0005610 secs] [Times: user=0.00 sys=0.00, real=0.00 secs] 
128.855: Total time for which application threads were stopped: 0.0006720 seconds, Stopping threads took: 0.0000580 seconds
128.911: Application time: 0.0562190 seconds
128.911: [GC [PSYoungGen: 14364K->1152K(15360K)] 27492K->14280K(49664K), 0.0005500 secs] [Times: user=0.00 sys=0.00, real=0.00 secs] 
128.911: Total time for which application threads were stopped: 0.0006580 seconds, Stopping threads took: 0.0000530 seconds
128.971: Application time: 0.0595220 seconds
128.971: [GC [PSYoungGen: 14461K->1088K(15360K)] 27589K->14216K(49664K), 0.0004810 secs] [Times: user=0.00 sys=0.00, real=0.00 secs] 
128.972: Total time for which application threads were stopped: 0.0006360 seconds, Stopping threads took: 0.0001010 seconds
129.030: Application time: 0.0588110 seconds
129.030: [GC [PSYoungGen: 14397K->1088K(15360K)] 27525K->14216K(49664K), 0.0005140 secs] [Times: user=0.00 sys=0.00, real=0.00 secs] 
129.031: Total time for which application threads were stopped: 0.0006260 seconds, Stopping threads took: 0.0000550 seconds
129.090: Application time: 0.0590970 seconds
129.092: [GC [PSYoungGen: 14397K->1120K(15360K)] 27525K->14460K(49664K), 0.0005530 secs] [Times: user=0.00 sys=0.00, real=0.00 secs] 
129.093: Total time for which application threads were stopped: 0.0027730 seconds, Stopping threads took: 0.0021590 seconds
129.151: Application time: 0.0584230 seconds
129.151: [GC [PSYoungGen: 14429K->896K(15360K)] 27770K->14236K(49664K), 0.0004660 secs] [Times: user=0.00 sys=0.00, real=0.00 secs] 
129.152: Total time for which application threads were stopped: 0.0005840 seconds, Stopping threads took: 0.0000630 seconds
129.194: Application time: 0.0424110 seconds
129.194: [GC [PSYoungGen: 14206K->1184K(15360K)] 27547K->14524K(49664K), 0.0005120 secs] [Times: user=0.00 sys=0.00, real=0.00 secs] 
129.195: Total time for which application threads were stopped: 0.0006130 seconds, Stopping threads took: 0.0000440 seconds
129.232: Application time: 0.0372720 seconds
129.232: [GC [PSYoungGen: 14491K->1152K(15360K)] 27832K->14917K(49664K), 0.0006150 secs] [Times: user=0.00 sys=0.00, real=0.00 secs] 
129.233: Total time for which application threads were stopped: 0.0007210 seconds, Stopping threads took: 0.0000500 seconds
129.265: Application time: 0.0319290 seconds
129.265: [GC [PSYoungGen: 14459K->1200K(15360K)] 28225K->14965K(49664K), 0.0005290 secs] [Times: user=0.01 sys=0.00, real=0.00 secs] 
129.266: Total time for which application threads were stopped: 0.0006560 seconds, Stopping threads took: 0.0000670 seconds
129.321: Application time: 0.0558540 seconds
129.321: [GC [PSYoungGen: 14510K->1216K(15360K)] 28276K->14981K(49664K), 0.0005560 secs] [Times: user=0.01 sys=0.00, real=0.00 secs] 
129.322: Total time for which application threads were stopped: 0.0006830 seconds, Stopping threads took: 0.0000540 seconds
129.378: Application time: 0.0559860 seconds
129.378: [GC [PSYoungGen: 14526K->1232K(15360K)] 28292K->14997K(49664K), 0.0005630 secs] [Times: user=0.01 sys=0.00, real=0.00 secs] 
129.379: Total time for which application threads were stopped: 0.0006790 seconds, Stopping threads took: 0.0000610 seconds
129.437: Application time: 0.0583820 seconds
129.437: [GC [PSYoungGen: 14543K->1216K(15360K)] 28309K->14981K(49664K), 0.0006140 secs] [Times: user=0.00 sys=0.00, real=0.00 secs] 
129.438: Total time for which application threads were stopped: 0.0007220 seconds, Stopping threads took: 0.0000530 seconds
129.492: Application time: 0.0537010 seconds
129.492: [GC [PSYoungGen: 14524K->1472K(15360K)] 28290K->15237K(49664K), 0.0006240 secs] [Times: user=0.01 sys=0.00, real=0.00 secs] 
129.492: Total time for which application threads were stopped: 0.0007580 seconds, Stopping threads took: 0.0000760 seconds
129.535: Application time: 0.0429040 seconds
129.535: [GC [PSYoungGen: 14783K->1472K(15360K)] 28549K->15237K(49664K), 0.0005860 secs] [Times: user=0.00 sys=0.00, real=0.00 secs] 
129.536: Total time for which application threads were stopped: 0.0006950 seconds, Stopping threads took: 0.0000560 seconds
129.592: Application time: 0.0566080 seconds
129.593: [GC [PSYoungGen: 14782K->1520K(15360K)] 28548K->15285K(49664K), 0.0005900 secs] [Times: user=0.00 sys=0.00, real=0.00 secs] 
129.593: Total time for which application threads were stopped: 0.0007360 seconds, Stopping threads took: 0.0000880 seconds
129.647: Application time: 0.0539570 seconds
129.647: [GC [PSYoungGen: 14831K->1360K(15360K)] 28597K->15125K(49664K), 0.0006120 secs] [Times: user=0.00 sys=0.00, real=0.00 secs] 
129.648: Total time for which application threads were stopped: 0.0007210 seconds, Stopping threads took: 0.0000540 seconds
129.695: Application time: 0.0471530 seconds
129.695: [GC [PSYoungGen: 14668K->1904K(15360K)] 28433K->15669K(49664K), 0.0006690 secs] [Times: user=0.00 sys=0.00, real=0.00 secs] 
129.696: Total time for which application threads were stopped: 0.0007800 seconds, Stopping threads took: 0.0000510 seconds
129.728: Application time: 0.0325860 seconds
129.729: [GC [PSYoungGen: 15211K->1888K(15360K)] 28977K->15653K(49664K), 0.0006770 secs] [Times: user=0.00 sys=0.00, real=0.00 secs] 
129.729: Total time for which application threads were stopped: 0.0007850 seconds, Stopping threads took: 0.0000510 seconds
129.782: Application time: 0.0525240 seconds
129.782: [GC [PSYoungGen: 15199K->1920K(15360K)] 28965K->15685K(49664K), 0.0006810 secs] [Times: user=0.00 sys=0.00, real=0.00 secs] 
129.783: Total time for which application threads were stopped: 0.0008150 seconds, Stopping threads took: 0.0000770 seconds
129.840: Application time: 0.0570410 seconds
129.840: [GC [PSYoungGen: 15228K->1904K(15360K)] 28994K->15669K(49664K), 0.0006400 secs] [Times: user=0.00 sys=0.00, real=0.01 secs] 
129.840: Total time for which application threads were stopped: 0.0007450 seconds, Stopping threads took: 0.0000460 seconds
129.898: Application time: 0.0579220 seconds
129.898: [GC [PSYoungGen: 15213K->1920K(15360K)] 28979K->15685K(49664K), 0.0007450 secs] [Times: user=0.01 sys=0.00, real=0.00 secs] 
129.899: Total time for which application threads were stopped: 0.0008510 seconds, Stopping threads took: 0.0000490 seconds
129.956: Application time: 0.0564310 seconds
129.956: [GC [PSYoungGen: 15228K->1872K(15360K)] 28994K->15725K(49664K), 0.0006780 secs] [Times: user=0.00 sys=0.00, real=0.00 secs] 
129.956: Total time for which application threads were stopped: 0.0007980 seconds, Stopping threads took: 0.0000590 seconds
130.016: Application time: 0.0591400 seconds
130.016: [GC [PSYoungGen: 15183K->1392K(15360K)] 29037K->15690K(49664K), 0.0006890 secs] [Times: user=0.01 sys=0.00, real=0.00 secs] 
130.016: Total time for which application threads were stopped: 0.0008130 seconds, Stopping threads took: 0.0000620 seconds
130.076: Application time: 0.0592180 seconds
130.076: [GC [PSYoungGen: 14703K->1360K(15360K)] 29001K->15706K(49664K), 0.0006060 secs] [Times: user=0.00 sys=0.00, real=0.00 secs] 
130.076: Total time for which application threads were stopped: 0.0007210 seconds, Stopping threads took: 0.0000600 seconds
130.132: Application time: 0.0558770 seconds
130.132: [GC [PSYoungGen: 14670K->1408K(15360K)] 29017K->15754K(49664K), 0.0006090 secs] [Times: user=0.00 sys=0.00, real=0.00 secs] 
130.133: Total time for which application threads were stopped: 0.0007080 seconds, Stopping threads took: 0.0000460 seconds
130.191: Application time: 0.0578170 seconds
130.191: [GC [PSYoungGen: 14716K->1472K(15360K)] 29062K->15866K(49664K), 0.0006010 secs] [Times: user=0.01 sys=0.00, real=0.00 secs] 
130.191: Total time for which application threads were stopped: 0.0007070 seconds, Stopping threads took: 0.0000510 seconds
130.252: Application time: 0.0601440 seconds
130.252: [GC [PSYoungGen: 14781K->1408K(15360K)] 29176K->15802K(49664K), 0.0005990 secs] [Times: user=0.00 sys=0.00, real=0.00 secs] 
130.252: Total time for which application threads were stopped: 0.0006940 seconds, Stopping threads took: 0.0000390 seconds
130.312: Application time: 0.0594020 seconds
130.312: [GC [PSYoungGen: 14717K->1344K(15360K)] 29112K->15738K(49664K), 0.0005830 secs] [Times: user=0.00 sys=0.00, real=0.00 secs] 
130.312: Total time for which application threads were stopped: 0.0007050 seconds, Stopping threads took: 0.0000660 seconds
130.371: Application time: 0.0590720 seconds
130.372: [GC [PSYoungGen: 14653K->1408K(15360K)] 29048K->15842K(49664K), 0.0006120 secs] [Times: user=0.00 sys=0.00, real=0.00 secs] 
130.372: Total time for which application threads were stopped: 0.0007330 seconds, Stopping threads took: 0.0000540 seconds
130.431: Application time: 0.0589860 seconds
130.431: [GC [PSYoungGen: 14717K->1312K(15360K)] 29152K->15746K(49664K), 0.0005910 secs] [Times: user=0.00 sys=0.00, real=0.00 secs] 
130.432: Total time for which application threads were stopped: 0.0007380 seconds, Stopping threads took: 0.0000900 seconds
130.485: Application time: 0.0532010 seconds
130.485: [GC [PSYoungGen: 14621K->1376K(15360K)] 29055K->16043K(49664K), 0.0005760 secs] [Times: user=0.01 sys=0.00, real=0.00 secs] 
130.486: Total time for which application threads were stopped: 0.0006920 seconds, Stopping threads took: 0.0000590 seconds
130.522: Application time: 0.0367030 seconds
130.523: [GC [PSYoungGen: 14684K->1120K(15360K)] 29351K->16208K(49664K), 0.0005940 secs] [Times: user=0.00 sys=0.00, real=0.00 secs] 
130.523: Total time for which application threads were stopped: 0.0007050 seconds, Stopping threads took: 0.0000560 seconds
130.570: Application time: 0.0471630 seconds
130.570: [GC [PSYoungGen: 14431K->1088K(15360K)] 29519K->16224K(49664K), 0.0005190 secs] [Times: user=0.00 sys=0.00, real=0.00 secs] 
130.571: Total time for which application threads were stopped: 0.0006330 seconds, Stopping threads took: 0.0000600 seconds
130.627: Application time: 0.0559620 seconds
130.627: [GC [PSYoungGen: 14398K->1120K(15360K)] 29534K->16256K(49664K), 0.0005480 secs] [Times: user=0.00 sys=0.00, real=0.00 secs] 
130.628: Total time for which application threads were stopped: 0.0006750 seconds, Stopping threads took: 0.0000700 seconds
130.686: Application time: 0.0586950 seconds
130.686: [GC [PSYoungGen: 14429K->1120K(15360K)] 29565K->16256K(49664K), 0.0005150 secs] [Times: user=0.00 sys=0.00, real=0.00 secs] 
130.687: Total time for which application threads were stopped: 0.0006200 seconds, Stopping threads took: 0.0000540 seconds
130.746: Application time: 0.0589820 seconds
130.746: [GC [PSYoungGen: 14429K->1056K(15360K)] 29565K->16192K(49664K), 0.0005070 secs] [Times: user=0.00 sys=0.00, real=0.00 secs] 
130.747: Total time for which application threads were stopped: 0.0006060 seconds, Stopping threads took: 0.0000450 seconds
130.806: Application time: 0.0589810 seconds
130.806: [GC [PSYoungGen: 14365K->928K(15360K)] 29501K->16276K(49664K), 0.0005610 secs] [Times: user=0.00 sys=0.00, real=0.00 secs] 
130.806: Total time for which application threads were stopped: 0.0006850 seconds, Stopping threads took: 0.0000570 seconds
130.865: Application time: 0.0583480 seconds
130.865: [GC [PSYoungGen: 14237K->928K(15360K)] 29586K->16276K(49664K), 0.0004690 secs] [Times: user=0.00 sys=0.00, real=0.00 secs] 
130.865: Total time for which application threads were stopped: 0.0006210 seconds, Stopping threads took: 0.0000940 seconds
130.909: Application time: 0.0438590 seconds
130.909: [GC [PSYoungGen: 14238K->1184K(15360K)] 29587K->16532K(49664K), 0.0005140 secs] [Times: user=0.00 sys=0.00, real=0.00 secs] 
130.910: Total time for which application threads were stopped: 0.0006330 seconds, Stopping threads took: 0.0000530 seconds
130.941: Application time: 0.0308840 seconds
130.941: [GC [PSYoungGen: 14494K->1344K(15360K)] 29843K->16897K(49664K), 0.0005800 secs] [Times: user=0.00 sys=0.00, real=0.00 secs] 
130.941: Total time for which application threads were stopped: 0.0006950 seconds, Stopping threads took: 0.0000610 seconds
130.977: Application time: 0.0357480 seconds
130.977: [GC [PSYoungGen: 14651K->1216K(15360K)] 30205K->16989K(49664K), 0.0006290 secs] [Times: user=0.00 sys=0.00, real=0.00 secs] 
130.978: Total time for which application threads were stopped: 0.0007410 seconds, Stopping threads took: 0.0000550 seconds
131.032: Application time: 0.0545450 seconds
131.032: [GC [PSYoungGen: 14527K->1216K(15360K)] 30301K->16989K(49664K), 0.0005980 secs] [Times: user=0.00 sys=0.00, real=0.00 secs] 
131.033: Total time for which application threads were stopped: 0.0006890 seconds, Stopping threads took: 0.0000350 seconds
131.090: Application time: 0.0571780 seconds
131.090: [GC [PSYoungGen: 14527K->1248K(15360K)] 30301K->17021K(49664K), 0.0005420 secs] [Times: user=0.00 sys=0.00, real=0.00 secs] 
131.091: Total time for which application threads were stopped: 0.0006550 seconds, Stopping threads took: 0.0000570 seconds
131.150: Application time: 0.0587120 seconds
131.150: [GC [PSYoungGen: 14557K->1248K(15360K)] 30331K->17021K(49664K), 0.0005700 secs] [Times: user=0.00 sys=0.00, real=0.00 secs] 
131.150: Total time for which application threads were stopped: 0.0006950 seconds, Stopping threads took: 0.0000690 seconds
131.206: Application time: 0.0555750 seconds
131.206: [GC [PSYoungGen: 14559K->1424K(15360K)] 30332K->17197K(49664K), 0.0005820 secs] [Times: user=0.00 sys=0.00, real=0.00 secs] 
131.206: Total time for which application threads were stopped: 0.0006860 seconds, Stopping threads took: 0.0000480 seconds
131.247: Application time: 0.0406040 seconds
131.247: [GC [PSYoungGen: 14731K->1456K(15360K)] 30505K->17229K(49664K), 0.0005820 secs] [Times: user=0.00 sys=0.00, real=0.00 secs] 
131.248: Total time for which application threads were stopped: 0.0006960 seconds, Stopping threads took: 0.0000590 seconds
131.304: Application time: 0.0563740 seconds
131.304: [GC [PSYoungGen: 14764K->1504K(15360K)] 30538K->17277K(49664K), 0.0005690 secs] [Times: user=0.00 sys=0.00, real=0.00 secs] 
131.305: Total time for which application threads were stopped: 0.0006880 seconds, Stopping threads took: 0.0000600 seconds
131.359: Application time: 0.0545910 seconds
131.360: [GC [PSYoungGen: 14813K->1520K(15360K)] 30587K->17293K(49664K), 0.0005480 secs] [Times: user=0.01 sys=0.00, real=0.00 secs] 
131.360: Total time for which application threads were stopped: 0.0006580 seconds, Stopping threads took: 0.0000560 seconds
131.413: Application time: 0.0533880 seconds
131.414: [GC [PSYoungGen: 14831K->1648K(15360K)] 30605K->17422K(49664K), 0.0006430 secs] [Times: user=0.01 sys=0.00, real=0.00 secs] 
131.414: Total time for which application threads were stopped: 0.0007630 seconds, Stopping threads took: 0.0000540 seconds
131.448: Application time: 0.0339540 seconds
131.448: [GC [PSYoungGen: 14956K->1936K(15360K)] 30729K->17709K(49664K), 0.0006950 secs] [Times: user=0.00 sys=0.00, real=0.00 secs] 
131.449: Total time for which application threads were stopped: 0.0008130 seconds, Stopping threads took: 0.0000640 seconds
131.495: Application time: 0.0464050 seconds
131.496: [GC [PSYoungGen: 15245K->1920K(15360K)] 31019K->17694K(49664K), 0.0007050 secs] [Times: user=0.00 sys=0.00, real=0.00 secs] 
131.496: Total time for which application threads were stopped: 0.0008210 seconds, Stopping threads took: 0.0000540 seconds
131.552: Application time: 0.0554360 seconds
131.552: [GC [PSYoungGen: 15230K->1984K(15360K)] 31004K->17757K(49664K), 0.0007220 secs] [Times: user=0.00 sys=0.00, real=0.00 secs] 
131.553: Total time for which application threads were stopped: 0.0008250 seconds, Stopping threads took: 0.0000460 seconds
131.611: Application time: 0.0583470 seconds
131.611: [GC [PSYoungGen: 15293K->1888K(15360K)] 31067K->17662K(49664K), 0.0007070 secs] [Times: user=0.00 sys=0.00, real=0.00 secs] 
131.612: Total time for which application threads were stopped: 0.0008290 seconds, Stopping threads took: 0.0000640 seconds
131.668: Application time: 0.0561680 seconds
131.668: [GC [PSYoungGen: 15196K->1824K(15360K)] 30970K->17686K(49664K), 0.0006920 secs] [Times: user=0.00 sys=0.00, real=0.01 secs] 
131.669: Total time for which application threads were stopped: 0.0008100 seconds, Stopping threads took: 0.0000580 seconds
131.727: Application time: 0.0585420 seconds
131.727: [GC [PSYoungGen: 15135K->1616K(15360K)] 30997K->17674K(49664K), 0.0006670 secs] [Times: user=0.01 sys=0.00, real=0.00 secs] 
131.728: Total time for which application threads were stopped: 0.0008010 seconds, Stopping threads took: 0.0000770 seconds
131.786: Application time: 0.0583290 seconds
131.786: [GC [PSYoungGen: 14925K->1360K(15360K)] 30984K->17711K(49664K), 0.0006320 secs] [Times: user=0.01 sys=0.00, real=0.00 secs] 
131.787: Total time for which application threads were stopped: 0.0007400 seconds, Stopping threads took: 0.0000500 seconds
131.844: Application time: 0.0572550 seconds
131.844: [GC [PSYoungGen: 14671K->1344K(15360K)] 31022K->17735K(49664K), 0.0005820 secs] [Times: user=0.00 sys=0.00, real=0.00 secs] 
131.845: Total time for which application threads were stopped: 0.0006940 seconds, Stopping threads took: 0.0000540 seconds
131.901: Application time: 0.0560510 seconds
131.901: [GC [PSYoungGen: 14655K->1376K(15360K)] 31046K->17767K(49664K), 0.0005720 secs] [Times: user=0.01 sys=0.00, real=0.00 secs] 
131.902: Total time for which application threads were stopped: 0.0006980 seconds, Stopping threads took: 0.0000670 seconds
131.962: Application time: 0.0599540 seconds
131.962: [GC [PSYoungGen: 14685K->1312K(15360K)] 31076K->17703K(49664K), 0.0005750 secs] [Times: user=0.00 sys=0.00, real=0.00 secs] 
131.962: Total time for which application threads were stopped: 0.0006880 seconds, Stopping threads took: 0.0000440 seconds
132.022: Application time: 0.0591550 seconds
132.022: [GC [PSYoungGen: 14621K->1344K(15360K)] 31012K->17735K(49664K), 0.0006240 secs] [Times: user=0.01 sys=0.00, real=0.00 secs] 
132.022: Total time for which application threads were stopped: 0.0007640 seconds, Stopping threads took: 0.0000850 seconds
132.081: Application time: 0.0588370 seconds
132.081: [GC [PSYoungGen: 14653K->1376K(15360K)] 31044K->17815K(49664K), 0.0005620 secs] [Times: user=0.00 sys=0.00, real=0.00 secs] 
132.082: Total time for which application threads were stopped: 0.0006710 seconds, Stopping threads took: 0.0000540 seconds
132.141: Application time: 0.0590720 seconds
132.141: [GC [PSYoungGen: 14685K->1344K(15360K)] 31124K->17783K(49664K), 0.0005600 secs] [Times: user=0.00 sys=0.00, real=0.00 secs] 
132.142: Total time for which application threads were stopped: 0.0006680 seconds, Stopping threads took: 0.0000500 seconds
132.192: Application time: 0.0507550 seconds
132.196: [GC [PSYoungGen: 14651K->1184K(15360K)] 31091K->18035K(49664K), 0.0006470 secs] [Times: user=0.00 sys=0.00, real=0.00 secs] 
132.197: Total time for which application threads were stopped: 0.0045910 seconds, Stopping threads took: 0.0038850 seconds
132.241: Application time: 0.0439350 seconds
132.241: [GC [PSYoungGen: 14495K->1120K(15360K)] 31347K->18224K(49664K), 0.0005680 secs] [Times: user=0.00 sys=0.00, real=0.00 secs] 
132.242: Total time for which application threads were stopped: 0.0006880 seconds, Stopping threads took: 0.0000550 seconds
132.285: Application time: 0.0430640 seconds
132.285: [GC [PSYoungGen: 14429K->1120K(15360K)] 31533K->18280K(49664K), 0.0005190 secs] [Times: user=0.00 sys=0.00, real=0.00 secs] 
132.285: Total time for which application threads were stopped: 0.0006280 seconds, Stopping threads took: 0.0000520 seconds
132.342: Application time: 0.0570460 seconds
132.342: [GC [PSYoungGen: 14430K->928K(15360K)] 31590K->18088K(49664K), 0.0004640 secs] [Times: user=0.01 sys=0.00, real=0.00 secs] 
132.343: Total time for which application threads were stopped: 0.0005660 seconds, Stopping threads took: 0.0000490 seconds
132.401: Application time: 0.0577980 seconds
132.401: [GC [PSYoungGen: 14237K->1056K(15360K)] 31397K->18216K(49664K), 0.0005270 secs] [Times: user=0.00 sys=0.00, real=0.00 secs] 
132.401: Total time for which application threads were stopped: 0.0006380 seconds, Stopping threads took: 0.0000570 seconds
132.460: Application time: 0.0589750 seconds
132.460: [GC [PSYoungGen: 14365K->1120K(15360K)] 31525K->18280K(49664K), 0.0005030 secs] [Times: user=0.01 sys=0.00, real=0.00 secs] 
132.461: Total time for which application threads were stopped: 0.0006220 seconds, Stopping threads took: 0.0000650 seconds
132.520: Application time: 0.0592270 seconds
132.520: [GC [PSYoungGen: 14429K->896K(15360K)] 31589K->18260K(49664K), 0.0005030 secs] [Times: user=0.00 sys=0.00, real=0.00 secs] 
132.521: Total time for which application threads were stopped: 0.0006310 seconds, Stopping threads took: 0.0000600 seconds
132.580: Application time: 0.0591290 seconds
132.580: [GC [PSYoungGen: 14205K->928K(15360K)] 31570K->18292K(49664K), 0.0005080 secs] [Times: user=0.00 sys=0.00, real=0.01 secs] 
132.581: Total time for which application threads were stopped: 0.0006140 seconds, Stopping threads took: 0.0000510 seconds
132.629: Application time: 0.0485890 seconds
132.629: [GC [PSYoungGen: 14238K->1152K(15360K)] 31603K->18516K(49664K), 0.0005220 secs] [Times: user=0.00 sys=0.00, real=0.00 secs] 
132.630: Total time for which application threads were stopped: 0.0006430 seconds, Stopping threads took: 0.0000640 seconds
132.659: Application time: 0.0292540 seconds
132.659: [GC [PSYoungGen: 14462K->1408K(15360K)] 31826K->18772K(49664K), 0.0006220 secs] [Times: user=0.01 sys=0.00, real=0.00 secs] 
132.660: Total time for which application threads were stopped: 0.0007220 seconds, Stopping threads took: 0.0000470 seconds
132.693: Application time: 0.0335830 seconds
132.693: [GC [PSYoungGen: 14716K->1248K(15360K)] 32081K->19017K(49664K), 0.0005910 secs] [Times: user=0.00 sys=0.00, real=0.00 secs] 
132.694: Total time for which application threads were stopped: 0.0007340 seconds, Stopping threads took: 0.0000880 seconds
132.749: Application time: 0.0550230 seconds
132.749: [GC [PSYoungGen: 14436K->1120K(15360K)] 32206K->18889K(49664K), 0.0005630 secs] [Times: user=0.00 sys=0.00, real=0.00 secs] 
132.750: Total time for which application threads were stopped: 0.0006820 seconds, Stopping threads took: 0.0000630 seconds
132.806: Application time: 0.0562950 seconds
132.806: [GC [PSYoungGen: 14430K->1280K(15360K)] 32200K->19049K(49664K), 0.0005620 secs] [Times: user=0.01 sys=0.00, real=0.00 secs] 
132.807: Total time for which application threads were stopped: 0.0006700 seconds, Stopping threads took: 0.0000510 seconds
132.867: Application time: 0.0600730 seconds
132.867: [GC [PSYoungGen: 14589K->1216K(15360K)] 32358K->18985K(49664K), 0.0005240 secs] [Times: user=0.01 sys=0.00, real=0.00 secs] 
132.867: Total time for which application threads were stopped: 0.0006350 seconds, Stopping threads took: 0.0000560 seconds
132.923: Application time: 0.0554760 seconds
132.923: [GC [PSYoungGen: 14525K->1424K(15360K)] 32294K->19193K(49664K), 0.0006520 secs] [Times: user=0.00 sys=0.00, real=0.00 secs] 
132.924: Total time for which application threads were stopped: 0.0007490 seconds, Stopping threads took: 0.0000400 seconds
132.965: Application time: 0.0411820 seconds
132.965: [GC [PSYoungGen: 14733K->1440K(15360K)] 32503K->19209K(49664K), 0.0005900 secs] [Times: user=0.00 sys=0.00, real=0.00 secs] 
132.966: Total time for which application threads were stopped: 0.0007140 seconds, Stopping threads took: 0.0000670 seconds
133.023: Application time: 0.0576950 seconds
133.023: [GC [PSYoungGen: 14751K->1488K(15360K)] 32521K->19257K(49664K), 0.0005960 secs] [Times: user=0.00 sys=0.00, real=0.00 secs] 
133.024: Total time for which application threads were stopped: 0.0007080 seconds, Stopping threads took: 0.0000470 seconds
133.076: Application time: 0.0524350 seconds
133.077: [GC [PSYoungGen: 14797K->1504K(15360K)] 32566K->19273K(49664K), 0.0006040 secs] [Times: user=0.00 sys=0.00, real=0.00 secs] 
133.077: Total time for which application threads were stopped: 0.0007180 seconds, Stopping threads took: 0.0000600 seconds
133.133: Application time: 0.0555080 seconds
133.133: [GC [PSYoungGen: 14811K->1712K(15360K)] 32581K->19481K(49664K), 0.0006940 secs] [Times: user=0.00 sys=0.00, real=0.00 secs] 
133.133: Total time for which application threads were stopped: 0.0008020 seconds, Stopping threads took: 0.0000530 seconds
133.167: Application time: 0.0332020 seconds
133.167: [GC [PSYoungGen: 15020K->1968K(15360K)] 32789K->19737K(49664K), 0.0007010 secs] [Times: user=0.00 sys=0.00, real=0.00 secs] 
133.168: Total time for which application threads were stopped: 0.0008110 seconds, Stopping threads took: 0.0000550 seconds
133.214: Application time: 0.0461730 seconds
133.214: [GC [PSYoungGen: 15279K->2000K(15360K)] 33049K->19769K(49664K), 0.0007260 secs] [Times: user=0.00 sys=0.00, real=0.00 secs] 
133.215: Total time for which application threads were stopped: 0.0017050 seconds, Stopping threads took: 0.0000600 seconds
133.271: Application time: 0.0552840 seconds
133.271: [GC [PSYoungGen: 15308K->1952K(15360K)] 33078K->19721K(49664K), 0.0006970 secs] [Times: user=0.00 sys=0.00, real=0.00 secs] 
133.271: Total time for which application threads were stopped: 0.0008180 seconds, Stopping threads took: 0.0000650 seconds
133.330: Application time: 0.0580670 seconds
133.330: [GC [PSYoungGen: 15261K->1920K(15360K)] 33031K->19689K(49664K), 0.0006920 secs] [Times: user=0.00 sys=0.00, real=0.00 secs] 
133.330: Total time for which application threads were stopped: 0.0008240 seconds, Stopping threads took: 0.0000730 seconds
133.386: Application time: 0.0561020 seconds
133.387: [GC [PSYoungGen: 15228K->1632K(15360K)] 32998K->19686K(49664K), 0.0007030 secs] [Times: user=0.00 sys=0.00, real=0.00 secs] 
133.387: Total time for which application threads were stopped: 0.0008170 seconds, Stopping threads took: 0.0000590 seconds
133.445: Application time: 0.0578160 seconds
133.445: [GC [PSYoungGen: 14941K->1600K(15360K)] 32995K->19654K(49664K), 0.0007040 secs] [Times: user=0.01 sys=0.00, real=0.00 secs] 
133.446: Total time for which application threads were stopped: 0.0008390 seconds, Stopping threads took: 0.0000780 seconds
133.504: Application time: 0.0581160 seconds
133.504: [GC [PSYoungGen: 14909K->1376K(15360K)] 32963K->19702K(49664K), 0.0006360 secs] [Times: user=0.01 sys=0.00, real=0.00 secs] 
133.505: Total time for which application threads were stopped: 0.0007490 seconds, Stopping threads took: 0.0000530 seconds
133.563: Application time: 0.0580840 seconds
133.563: Total time for which application threads were stopped: 0.0000880 seconds, Stopping threads took: 0.0000570 seconds
133.563: Application time: 0.0000400 seconds
133.563: [GC [PSYoungGen: 14681K->1312K(15360K)] 33135K->19766K(49664K), 0.0005670 secs] [Times: user=0.00 sys=0.00, real=0.00 secs] 
133.564: Total time for which application threads were stopped: 0.0006460 seconds, Stopping threads took: 0.0000350 seconds
133.621: Application time: 0.0574430 seconds
133.621: [GC [PSYoungGen: 14622K->1408K(15360K)] 33361K->20194K(49664K), 0.0005990 secs] [Times: user=0.01 sys=0.00, real=0.00 secs] 
133.622: Total time for which application threads were stopped: 0.0007240 seconds, Stopping threads took: 0.0000670 seconds
133.682: Application time: 0.0599690 seconds
133.682: [GC [PSYoungGen: 14717K->1376K(15360K)] 33503K->20162K(49664K), 0.0005810 secs] [Times: user=0.01 sys=0.00, real=0.00 secs] 
133.683: Total time for which application threads were stopped: 0.0007020 seconds, Stopping threads took: 0.0000660 seconds
133.742: Application time: 0.0596840 seconds
133.744: [GC [PSYoungGen: 14685K->1344K(15360K)] 33472K->20130K(49664K), 0.0005980 secs] [Times: user=0.01 sys=0.00, real=0.00 secs] 
133.745: Total time for which application threads were stopped: 0.0027020 seconds, Stopping threads took: 0.0020480 seconds
133.804: Application time: 0.0591500 seconds
133.804: [GC [PSYoungGen: 14653K->1344K(15360K)] 33440K->20178K(49664K), 0.0005890 secs] [Times: user=0.00 sys=0.00, real=0.00 secs] 
133.805: Total time for which application threads were stopped: 0.0006950 seconds, Stopping threads took: 0.0000510 seconds
133.864: Application time: 0.0587210 seconds
133.864: [GC [PSYoungGen: 14653K->1344K(15360K)] 33488K->20178K(49664K), 0.0006170 secs] [Times: user=0.01 sys=0.00, real=0.00 secs] 
133.864: Total time for which application threads were stopped: 0.0007380 seconds, Stopping threads took: 0.0000600 seconds
133.914: Application time: 0.0494370 seconds
133.914: [GC [PSYoungGen: 14652K->1120K(15360K)] 33487K->20355K(49664K), 0.0006340 secs] [Times: user=0.01 sys=0.00, real=0.00 secs] 
133.914: Total time for which application threads were stopped: 0.0007480 seconds, Stopping threads took: 0.0000540 seconds
133.957: Application time: 0.0421750 seconds
133.957: [GC [PSYoungGen: 14431K->1136K(15360K)] 33667K->20616K(49664K), 0.0005400 secs] [Times: user=0.01 sys=0.00, real=0.00 secs] 
133.957: Total time for which application threads were stopped: 0.0006450 seconds, Stopping threads took: 0.0000490 seconds
134.002: Application time: 0.0442410 seconds
134.002: [GC [PSYoungGen: 14447K->1120K(15360K)] 33927K->20648K(49664K), 0.0005200 secs] [Times: user=0.00 sys=0.00, real=0.00 secs] 
134.002: Total time for which application threads were stopped: 0.0006270 seconds, Stopping threads took: 0.0000500 seconds
134.059: Application time: 0.0569620 seconds
134.059: [GC [PSYoungGen: 14428K->1120K(15360K)] 33956K->20648K(49664K), 0.0005160 secs] [Times: user=0.01 sys=0.00, real=0.00 secs] 
134.060: Total time for which application threads were stopped: 0.0006410 seconds, Stopping threads took: 0.0000680 seconds
134.118: Application time: 0.0580130 seconds
134.118: [GC [PSYoungGen: 14428K->1120K(15360K)] 33956K->20648K(49664K), 0.0004960 secs] [Times: user=0.00 sys=0.00, real=0.00 secs] 
134.118: Total time for which application threads were stopped: 0.0006250 seconds, Stopping threads took: 0.0000640 seconds
134.178: Application time: 0.0591620 seconds
134.178: [GC [PSYoungGen: 14429K->1088K(15360K)] 33957K->20616K(49664K), 0.0005260 secs] [Times: user=0.00 sys=0.00, real=0.00 secs] 
134.178: Total time for which application threads were stopped: 0.0006470 seconds, Stopping threads took: 0.0000630 seconds
134.237: Application time: 0.0588870 seconds
134.237: [GC [PSYoungGen: 14397K->896K(15360K)] 33925K->20629K(49664K), 0.0005180 secs] [Times: user=0.01 sys=0.00, real=0.00 secs] 
134.238: Total time for which application threads were stopped: 0.0006350 seconds, Stopping threads took: 0.0000610 seconds
134.296: Application time: 0.0585360 seconds
134.296: [GC [PSYoungGen: 14205K->928K(15360K)] 33938K->20661K(49664K), 0.0004740 secs] [Times: user=0.00 sys=0.00, real=0.00 secs] 
134.297: Total time for which application threads were stopped: 0.0005890 seconds, Stopping threads took: 0.0000630 seconds
134.349: Application time: 0.0521200 seconds
134.349: [GC [PSYoungGen: 14237K->1344K(15360K)] 33970K->21077K(49664K), 0.0005540 secs] [Times: user=0.00 sys=0.00, real=0.00 secs] 
134.350: Total time for which application threads were stopped: 0.0006500 seconds, Stopping threads took: 0.0000410 seconds
134.377: Application time: 0.0278320 seconds
134.378: [GC [PSYoungGen: 14655K->1536K(15360K)] 34388K->21269K(49664K), 0.0006090 secs] [Times: user=0.00 sys=0.00, real=0.00 secs] 
134.378: Total time for which application threads were stopped: 0.0007210 seconds, Stopping threads took: 0.0000460 seconds
134.411: Application time: 0.0329090 seconds
134.411: [GC [PSYoungGen: 14846K->1280K(15360K)] 34579K->21422K(49664K), 0.0006760 secs] [Times: user=0.00 sys=0.00, real=0.00 secs] 
134.412: Total time for which application threads were stopped: 0.0007810 seconds, Stopping threads took: 0.0000480 seconds
134.467: Application time: 0.0546740 seconds
134.467: [GC [PSYoungGen: 14588K->1248K(15360K)] 34730K->21390K(49664K), 0.0005470 secs] [Times: user=0.00 sys=0.00, real=0.00 secs] 
134.467: Total time for which application threads were stopped: 0.0006550 seconds, Stopping threads took: 0.0000510 seconds
134.524: Application time: 0.0567120 seconds
134.524: [GC [PSYoungGen: 14559K->1312K(15360K)] 34701K->21454K(49664K), 0.0005630 secs] [Times: user=0.00 sys=0.00, real=0.00 secs] 
134.525: Total time for which application threads were stopped: 0.0006680 seconds, Stopping threads took: 0.0000530 seconds
134.583: Application time: 0.0583670 seconds
134.583: [GC [PSYoungGen: 14623K->1232K(15360K)] 34765K->21374K(49664K), 0.0005860 secs] [Times: user=0.00 sys=0.00, real=0.00 secs] 
134.584: Total time for which application threads were stopped: 0.0006930 seconds, Stopping threads took: 0.0000510 seconds
134.636: Application time: 0.0528260 seconds
134.637: [GC [PSYoungGen: 14541K->1504K(15360K)] 34683K->21646K(49664K), 0.0006170 secs] [Times: user=0.01 sys=0.00, real=0.00 secs] 
134.637: Total time for which application threads were stopped: 0.0007510 seconds, Stopping threads took: 0.0000620 seconds
134.681: Application time: 0.0439450 seconds
134.681: [GC [PSYoungGen: 14815K->1488K(15360K)] 34957K->21630K(49664K), 0.0005910 secs] [Times: user=0.00 sys=0.00, real=0.00 secs] 
134.682: Total time for which application threads were stopped: 0.0007010 seconds, Stopping threads took: 0.0000560 seconds
134.738: Application time: 0.0565800 seconds
134.739: [GC [PSYoungGen: 14799K->1536K(15360K)] 34941K->21678K(49664K), 0.0006040 secs] [Times: user=0.01 sys=0.00, real=0.00 secs] 
134.739: Total time for which application threads were stopped: 0.0007040 seconds, Stopping threads took: 0.0000450 seconds
134.792: Application time: 0.0532520 seconds
134.793: [GC [PSYoungGen: 14844K->1472K(15360K)] 34986K->21614K(49664K), 0.0006670 secs] [Times: user=0.01 sys=0.00, real=0.00 secs] 
134.793: Total time for which application threads were stopped: 0.0007760 seconds, Stopping threads took: 0.0000530 seconds
134.850: Application time: 0.0572320 seconds
134.851: [GC [PSYoungGen: 14783K->1488K(15360K)] 34925K->21630K(49664K), 0.0007220 secs] [Times: user=0.01 sys=0.00, real=0.00 secs] 
134.851: Total time for which application threads were stopped: 0.0008360 seconds, Stopping threads took: 0.0000540 seconds
134.888: Application time: 0.0372050 seconds
134.889: [GC [PSYoungGen: 14797K->1952K(15360K)] 34939K->22094K(49664K), 0.0007470 secs] [Times: user=0.00 sys=0.00, real=0.00 secs] 
134.889: Total time for which application threads were stopped: 0.0008520 seconds, Stopping threads took: 0.0000520 seconds
134.929: Application time: 0.0400420 seconds
134.929: [GC [PSYoungGen: 15264K->1920K(15360K)] 35406K->22062K(49664K), 0.0007010 secs] [Times: user=0.01 sys=0.00, real=0.00 secs] 
134.930: Total time for which application threads were stopped: 0.0008210 seconds, Stopping threads took: 0.0000630 seconds
134.986: Application time: 0.0555490 seconds
134.986: [GC [PSYoungGen: 15230K->1904K(15360K)] 35372K->22046K(49664K), 0.0006900 secs] [Times: user=0.00 sys=0.00, real=0.00 secs] 
134.987: Total time for which application threads were stopped: 0.0007910 seconds, Stopping threads took: 0.0000470 seconds
135.044: Application time: 0.0575360 seconds
135.044: [GC [PSYoungGen: 15213K->1952K(15360K)] 35355K->22094K(49664K), 0.0006890 secs] [Times: user=0.00 sys=0.00, real=0.00 secs] 
135.045: Total time for which application threads were stopped: 0.0007930 seconds, Stopping threads took: 0.0000460 seconds
135.101: Application time: 0.0564810 seconds
135.101: [GC [PSYoungGen: 15260K->1680K(15360K)] 35402K->22078K(49664K), 0.0006510 secs] [Times: user=0.01 sys=0.00, real=0.00 secs] 
135.102: Total time for which application threads were stopped: 0.0007600 seconds, Stopping threads took: 0.0000530 seconds
135.160: Application time: 0.0582150 seconds
135.160: [GC [PSYoungGen: 14989K->1696K(15360K)] 35387K->22142K(49664K), 0.0006660 secs] [Times: user=0.00 sys=0.00, real=0.00 secs] 
135.161: Total time for which application threads were stopped: 0.0007950 seconds, Stopping threads took: 0.0000590 seconds
135.219: Application time: 0.0578680 seconds
135.219: [GC [PSYoungGen: 15005K->1440K(15360K)] 35451K->22162K(49664K), 0.0006370 secs] [Times: user=0.00 sys=0.00, real=0.00 secs] 
135.220: Total time for which application threads were stopped: 0.0007590 seconds, Stopping threads took: 0.0000640 seconds
135.277: Application time: 0.0575540 seconds
135.277: [GC [PSYoungGen: 14751K->1472K(15360K)] 35474K->22194K(49664K), 0.0005910 secs] [Times: user=0.00 sys=0.00, real=0.00 secs] 
135.278: Total time for which application threads were stopped: 0.0007110 seconds, Stopping threads took: 0.0000630 seconds
135.334: Application time: 0.0560220 seconds
135.334: [GC [PSYoungGen: 14782K->1392K(15360K)] 35504K->22154K(49664K), 0.0006240 secs] [Times: user=0.00 sys=0.00, real=0.00 secs] 
135.335: Total time for which application threads were stopped: 0.0007450 seconds, Stopping threads took: 0.0000640 seconds
135.394: Application time: 0.0589690 seconds
135.394: [GC [PSYoungGen: 14701K->1376K(15360K)] 35464K->22138K(49664K), 0.0006150 secs] [Times: user=0.01 sys=0.00, real=0.00 secs] 
135.394: Total time for which application threads were stopped: 0.0007270 seconds, Stopping threads took: 0.0000530 seconds
135.454: Application time: 0.0590350 seconds
135.454: [GC [PSYoungGen: 14685K->1344K(15360K)] 35448K->22106K(49664K), 0.0005620 secs] [Times: user=0.00 sys=0.00, real=0.00 secs] 
135.454: Total time for which application threads were stopped: 0.0006700 seconds, Stopping threads took: 0.0000510 seconds
135.513: Application time: 0.0589490 seconds
135.513: [GC [PSYoungGen: 14653K->1312K(15360K)] 35416K->22114K(49664K), 0.0005750 secs] [Times: user=0.00 sys=0.00, real=0.00 secs] 
135.514: Total time for which application threads were stopped: 0.0006940 seconds, Stopping threads took: 0.0000630 seconds
135.573: Application time: 0.0594440 seconds
135.573: [GC [PSYoungGen: 14621K->1312K(15360K)] 35424K->22114K(49664K), 0.0005630 secs] [Times: user=0.00 sys=0.00, real=0.00 secs] 
135.574: Total time for which application threads were stopped: 0.0006860 seconds, Stopping threads took: 0.0000680 seconds
135.624: Application time: 0.0500880 seconds
135.624: [GC [PSYoungGen: 14620K->1152K(15360K)] 35422K->22355K(49664K), 0.0005910 secs] [Times: user=0.01 sys=0.00, real=0.00 secs] 
135.625: Total time for which application threads were stopped: 0.0007060 seconds, Stopping threads took: 0.0000570 seconds
135.671: Application time: 0.0460350 seconds
135.671: [GC [PSYoungGen: 14461K->1184K(15360K)] 35665K->22608K(49664K), 0.0005640 secs] [Times: user=0.01 sys=0.00, real=0.00 secs] 
135.672: Total time for which application threads were stopped: 0.0006980 seconds, Stopping threads took: 0.0000650 seconds
135.713: Application time: 0.0413780 seconds
135.713: [GC [PSYoungGen: 14491K->1120K(15360K)] 35916K->22632K(49664K), 0.0005360 secs] [Times: user=0.00 sys=0.00, real=0.00 secs] 
135.714: Total time for which application threads were stopped: 0.0006540 seconds, Stopping threads took: 0.0000620 seconds
135.769: Application time: 0.0553550 seconds
135.769: [GC [PSYoungGen: 14431K->1120K(15360K)] 35943K->22632K(49664K), 0.0005030 secs] [Times: user=0.00 sys=0.00, real=0.00 secs] 
135.770: Total time for which application threads were stopped: 0.0006240 seconds, Stopping threads took: 0.0000660 seconds
135.827: Application time: 0.0579260 seconds
135.828: [GC [PSYoungGen: 14431K->1120K(15360K)] 35943K->22632K(49664K), 0.0005230 secs] [Times: user=0.00 sys=0.00, real=0.00 secs] 
135.828: Total time for which application threads were stopped: 0.0006310 seconds, Stopping threads took: 0.0000450 seconds
135.888: Application time: 0.0599130 seconds
135.888: [GC [PSYoungGen: 14429K->1120K(15360K)] 35942K->22632K(49664K), 0.0005810 secs] [Times: user=0.00 sys=0.00, real=0.01 secs] 
135.889: Total time for which application threads were stopped: 0.0006950 seconds, Stopping threads took: 0.0000600 seconds
135.948: Application time: 0.0592890 seconds
135.948: [GC [PSYoungGen: 14429K->864K(15360K)] 35942K->22589K(49664K), 0.0005280 secs] [Times: user=0.00 sys=0.00, real=0.01 secs] 
135.949: Total time for which application threads were stopped: 0.0006290 seconds, Stopping threads took: 0.0000420 seconds
136.008: Application time: 0.0591860 seconds
136.008: [GC [PSYoungGen: 14175K->896K(15360K)] 35900K->22621K(49664K), 0.0004740 secs] [Times: user=0.00 sys=0.00, real=0.01 secs] 
136.008: Total time for which application threads were stopped: 0.0005880 seconds, Stopping threads took: 0.0000600 seconds
136.058: Application time: 0.0497340 seconds
136.058: [GC [PSYoungGen: 14206K->1312K(15360K)] 35931K->23037K(49664K), 0.0005390 secs] [Times: user=0.00 sys=0.00, real=0.00 secs] 
136.059: Total time for which application threads were stopped: 0.0006540 seconds, Stopping threads took: 0.0000590 seconds
136.088: Application time: 0.0294270 seconds
136.088: [GC [PSYoungGen: 14624K->1408K(15360K)] 36349K->23133K(49664K), 0.0005900 secs] [Times: user=0.00 sys=0.00, real=0.00 secs] 
136.089: Total time for which application threads were stopped: 0.0006920 seconds, Stopping threads took: 0.0000490 seconds
136.122: Application time: 0.0332100 seconds
136.122: [GC [PSYoungGen: 14719K->1248K(15360K)] 36444K->23398K(49664K), 0.0005920 secs] [Times: user=0.00 sys=0.00, real=0.00 secs] 
136.123: Total time for which application threads were stopped: 0.0007230 seconds, Stopping threads took: 0.0000710 seconds
136.177: Application time: 0.0536940 seconds
136.177: [GC [PSYoungGen: 14558K->1200K(15360K)] 36708K->23350K(49664K), 0.0005390 secs] [Times: user=0.00 sys=0.00, real=0.00 secs] 
136.177: Total time for which application threads were stopped: 0.0006540 seconds, Stopping threads took: 0.0000520 seconds
136.234: Application time: 0.0568800 seconds
136.234: [GC [PSYoungGen: 14511K->1280K(15360K)] 36661K->23430K(49664K), 0.0005710 secs] [Times: user=0.00 sys=0.00, real=0.00 secs] 
136.235: Total time for which application threads were stopped: 0.0007100 seconds, Stopping threads took: 0.0000840 seconds
136.293: Application time: 0.0585520 seconds
136.296: [GC [PSYoungGen: 14589K->1248K(15360K)] 36739K->23398K(49664K), 0.0005840 secs] [Times: user=0.00 sys=0.00, real=0.00 secs] 
136.297: Total time for which application threads were stopped: 0.0035680 seconds, Stopping threads took: 0.0029260 seconds
136.347: Application time: 0.0504870 seconds
136.348: [GC [PSYoungGen: 14557K->1408K(15360K)] 36708K->23558K(49664K), 0.0006110 secs] [Times: user=0.00 sys=0.00, real=0.00 secs] 
136.348: Total time for which application threads were stopped: 0.0007240 seconds, Stopping threads took: 0.0000560 seconds
136.378: Application time: 0.0294430 seconds
136.378: Total time for which application threads were stopped: 0.0000980 seconds, Stopping threads took: 0.0000750 seconds
136.396: Application time: 0.0184000 seconds
136.396: [GC [PSYoungGen: 14717K->1312K(15360K)] 36867K->23462K(49664K), 0.0005650 secs] [Times: user=0.00 sys=0.00, real=0.00 secs] 
136.397: Total time for which application threads were stopped: 0.0006550 seconds, Stopping threads took: 0.0000410 seconds
136.457: Application time: 0.0603000 seconds
136.457: [GC [PSYoungGen: 14621K->1280K(15360K)] 36771K->23430K(49664K), 0.0005610 secs] [Times: user=0.00 sys=0.00, real=0.00 secs] 
136.458: Total time for which application threads were stopped: 0.0006580 seconds, Stopping threads took: 0.0000420 seconds
136.515: Application time: 0.0577260 seconds
136.516: [GC [PSYoungGen: 14588K->1280K(15360K)] 36738K->23430K(49664K), 0.0005570 secs] [Times: user=0.01 sys=0.00, real=0.00 secs] 
136.516: Total time for which application threads were stopped: 0.0006700 seconds, Stopping threads took: 0.0000520 seconds
136.577: Application time: 0.0606290 seconds
136.577: [GC [PSYoungGen: 14589K->1248K(15360K)] 36739K->23398K(49664K), 0.0006030 secs] [Times: user=0.00 sys=0.00, real=0.00 secs] 
136.577: Total time for which application threads were stopped: 0.0007110 seconds, Stopping threads took: 0.0000510 seconds
136.600: Application time: 0.0230030 seconds
136.601: Total time for which application threads were stopped: 0.0000620 seconds, Stopping threads took: 0.0000430 seconds
136.604: Application time: 0.0038200 seconds
136.604: Total time for which application threads were stopped: 0.0000430 seconds, Stopping threads took: 0.0000350 seconds
136.639: Application time: 0.0343850 seconds
136.639: [GC [PSYoungGen: 14560K->1264K(15360K)] 36710K->23414K(49664K), 0.0006010 secs] [Times: user=0.00 sys=0.00, real=0.00 secs] 
136.639: Total time for which application threads were stopped: 0.0006830 seconds, Stopping threads took: 0.0000310 seconds
136.708: Application time: 0.0683020 seconds
136.708: [GC [PSYoungGen: 14576K->1216K(15360K)] 36726K->23366K(49664K), 0.0005620 secs] [Times: user=0.00 sys=0.00, real=0.01 secs] 
136.708: Total time for which application threads were stopped: 0.0006700 seconds, Stopping threads took: 0.0000420 seconds
136.777: Application time: 0.0684360 seconds
136.777: [GC [PSYoungGen: 14528K->1248K(15360K)] 36678K->23398K(49664K), 0.0005620 secs] [Times: user=0.00 sys=0.00, real=0.00 secs] 
136.778: Total time for which application threads were stopped: 0.0006760 seconds, Stopping threads took: 0.0000620 seconds
136.850: Application time: 0.0720600 seconds
136.850: [GC [PSYoungGen: 14560K->1216K(15360K)] 36710K->23366K(49664K), 0.0005980 secs] [Times: user=0.00 sys=0.00, real=0.00 secs] 
136.850: Total time for which application threads were stopped: 0.0006940 seconds, Stopping threads took: 0.0000420 seconds
136.920: Application time: 0.0696270 seconds
136.920: [GC [PSYoungGen: 14525K->1152K(15360K)] 36675K->23386K(49664K), 0.0006260 secs] [Times: user=0.00 sys=0.00, real=0.01 secs] 
136.921: Total time for which application threads were stopped: 0.0007240 seconds, Stopping threads took: 0.0000420 seconds
136.990: Application time: 0.0691030 seconds
136.990: [GC [PSYoungGen: 14464K->992K(15360K)] 36698K->23438K(49664K), 0.0005630 secs] [Times: user=0.00 sys=0.00, real=0.00 secs] 
136.990: Total time for which application threads were stopped: 0.0006630 seconds, Stopping threads took: 0.0000410 seconds
137.059: Application time: 0.0687120 seconds
137.059: [GC [PSYoungGen: 14304K->768K(15360K)] 36750K->23494K(49664K), 0.0005680 secs] [Times: user=0.01 sys=0.00, real=0.00 secs] 
137.060: Total time for which application threads were stopped: 0.0006670 seconds, Stopping threads took: 0.0000400 seconds
137.109: Application time: 0.0496590 seconds
137.110: [GC [PSYoungGen: 14076K->992K(15360K)] 36803K->23718K(49664K), 0.0004640 secs] [Times: user=0.00 sys=0.00, real=0.00 secs] 
137.110: Total time for which application threads were stopped: 0.0005630 seconds, Stopping threads took: 0.0000430 seconds
137.177: Application time: 0.0674300 seconds
137.178: [GC [PSYoungGen: 14301K->896K(15360K)] 37028K->23670K(49664K), 0.0005330 secs] [Times: user=0.01 sys=0.00, real=0.00 secs] 
137.178: Total time for which application threads were stopped: 0.0006420 seconds, Stopping threads took: 0.0000500 seconds
137.247: Application time: 0.0687240 seconds
137.247: [GC [PSYoungGen: 14205K->928K(15360K)] 36980K->23702K(49664K), 0.0005090 secs] [Times: user=0.00 sys=0.00, real=0.00 secs] 
137.247: Total time for which application threads were stopped: 0.0006210 seconds, Stopping threads took: 0.0000490 seconds
137.316: Application time: 0.0681360 seconds
137.316: [GC [PSYoungGen: 14237K->896K(15360K)] 37012K->23670K(49664K), 0.0004800 secs] [Times: user=0.01 sys=0.00, real=0.00 secs] 
137.316: Total time for which application threads were stopped: 0.0005940 seconds, Stopping threads took: 0.0000600 seconds
137.351: Application time: 0.0352780 seconds
137.352: Total time for which application threads were stopped: 0.0000570 seconds, Stopping threads took: 0.0000360 seconds
137.368: Application time: 0.0166250 seconds
137.368: [GC [PSYoungGen: 14207K->896K(15360K)] 36982K->23678K(49664K), 0.0005240 secs] [Times: user=0.00 sys=0.00, real=0.01 secs] 
137.369: Total time for which application threads were stopped: 0.0006120 seconds, Stopping threads took: 0.0000360 seconds
137.436: Application time: 0.0670130 seconds
137.436: [GC [PSYoungGen: 14204K->704K(15360K)] 36987K->23486K(49664K), 0.0004780 secs] [Times: user=0.00 sys=0.00, real=0.00 secs] 
137.436: Total time for which application threads were stopped: 0.0005710 seconds, Stopping threads took: 0.0000350 seconds
137.509: Application time: 0.0724760 seconds
137.509: [GC [PSYoungGen: 14015K->512K(15360K)] 36798K->23294K(49664K), 0.0004490 secs] [Times: user=0.01 sys=0.00, real=0.00 secs] 
137.509: Total time for which application threads were stopped: 0.0005380 seconds, Stopping threads took: 0.0000340 seconds
137.637: Application time: 0.1280750 seconds
137.637: Total time for which application threads were stopped: 0.0000460 seconds, Stopping threads took: 0.0000190 seconds
137.647: Application time: 0.0099370 seconds
137.648: [GC [PSYoungGen: 13823K->1968K(15360K)] 36606K->24751K(49664K), 0.0006940 secs] [Times: user=0.01 sys=0.00, real=0.00 secs] 
137.648: Total time for which application threads were stopped: 0.0007960 seconds, Stopping threads took: 0.0000490 seconds
137.674: Application time: 0.0258560 seconds
137.674: Total time for which application threads were stopped: 0.0000720 seconds, Stopping threads took: 0.0000510 seconds
137.674: Application time: 0.0000280 seconds
137.674: [GC [PSYoungGen: 15280K->2000K(15360K)] 38067K->24795K(49664K), 0.0006990 secs] [Times: user=0.01 sys=0.00, real=0.00 secs] 
137.675: Total time for which application threads were stopped: 0.0007650 seconds, Stopping threads took: 0.0000200 seconds
137.723: Application time: 0.0483970 seconds
137.723: [GC [PSYoungGen: 15312K->2000K(15360K)] 38392K->25080K(49664K), 0.0007250 secs] [Times: user=0.01 sys=0.00, real=0.00 secs] 
137.724: Total time for which application threads were stopped: 0.0008420 seconds, Stopping threads took: 0.0000610 seconds
137.778: Application time: 0.0535860 seconds
137.778: [GC [PSYoungGen: 15310K->1968K(15360K)] 38390K->25048K(49664K), 0.0007260 secs] [Times: user=0.00 sys=0.00, real=0.00 secs] 
137.779: Total time for which application threads were stopped: 0.0008640 seconds, Stopping threads took: 0.0000640 seconds
137.836: Application time: 0.0570720 seconds
137.836: [GC [PSYoungGen: 15278K->1968K(15360K)] 38358K->25048K(49664K), 0.0007390 secs] [Times: user=0.00 sys=0.00, real=0.00 secs] 
137.837: Total time for which application threads were stopped: 0.0008560 seconds, Stopping threads took: 0.0000590 seconds
137.893: Application time: 0.0569210 seconds
137.894: [GC [PSYoungGen: 15280K->1952K(15360K)] 38360K->25032K(49664K), 0.0007160 secs] [Times: user=0.00 sys=0.00, real=0.00 secs] 
137.894: Total time for which application threads were stopped: 0.0008370 seconds, Stopping threads took: 0.0000640 seconds
137.951: Application time: 0.0563030 seconds
137.951: Total time for which application threads were stopped: 0.0000820 seconds, Stopping threads took: 0.0000620 seconds
137.951: Application time: 0.0000560 seconds
137.951: [GC [PSYoungGen: 15213K->1856K(15360K)] 38421K->25064K(49664K), 0.0007020 secs] [Times: user=0.00 sys=0.00, real=0.00 secs] 
137.952: Total time for which application threads were stopped: 0.0007900 seconds, Stopping threads took: 0.0000420 seconds
138.009: Application time: 0.0575250 seconds
138.012: [GC [PSYoungGen: 15166K->1952K(15360K)] 38659K->25444K(49664K), 0.0007770 secs] [Times: user=0.01 sys=0.00, real=0.00 secs] 
138.013: Total time for which application threads were stopped: 0.0040090 seconds, Stopping threads took: 0.0031750 seconds
138.065: Application time: 0.0516280 seconds
138.065: [GC [PSYoungGen: 15260K->1968K(15360K)] 38753K->25460K(49664K), 0.0007490 secs] [Times: user=0.01 sys=0.00, real=0.00 secs] 
138.066: Total time for which application threads were stopped: 0.0008610 seconds, Stopping threads took: 0.0000570 seconds
138.122: Application time: 0.0566690 seconds
138.122: [GC [PSYoungGen: 15277K->2000K(15360K)] 38769K->25492K(49664K), 0.0007240 secs] [Times: user=0.00 sys=0.00, real=0.00 secs] 
138.123: Total time for which application threads were stopped: 0.0008300 seconds, Stopping threads took: 0.0000490 seconds
138.185: Application time: 0.0619520 seconds
138.185: [GC [PSYoungGen: 15310K->1952K(15360K)] 38802K->25444K(49664K), 0.0007280 secs] [Times: user=0.00 sys=0.00, real=0.00 secs] 
138.186: Total time for which application threads were stopped: 0.0008490 seconds, Stopping threads took: 0.0000610 seconds
138.245: Application time: 0.0590690 seconds
138.245: [GC [PSYoungGen: 15261K->1952K(15360K)] 38753K->25444K(49664K), 0.0007610 secs] [Times: user=0.01 sys=0.00, real=0.00 secs] 
138.247: Total time for which application threads were stopped: 0.0016270 seconds, Stopping threads took: 0.0000550 seconds
138.305: Application time: 0.0586170 seconds
138.305: [GC [PSYoungGen: 15261K->1936K(15360K)] 38754K->25436K(49664K), 0.0007620 secs] [Times: user=0.00 sys=0.00, real=0.00 secs] 
138.306: Total time for which application threads were stopped: 0.0009240 seconds, Stopping threads took: 0.0000900 seconds
138.365: Application time: 0.0588500 seconds
138.365: [GC [PSYoungGen: 15245K->1984K(15360K)] 38746K->25492K(49664K), 0.0007130 secs] [Times: user=0.01 sys=0.00, real=0.00 secs] 
138.366: Total time for which application threads were stopped: 0.0008480 seconds, Stopping threads took: 0.0000760 seconds
138.425: Application time: 0.0588680 seconds
138.425: [GC [PSYoungGen: 15293K->1952K(15360K)] 38802K->25468K(49664K), 0.0007110 secs] [Times: user=0.00 sys=0.00, real=0.00 secs] 
138.426: Total time for which application threads were stopped: 0.0008420 seconds, Stopping threads took: 0.0000730 seconds
138.484: Application time: 0.0586890 seconds
138.484: [GC [PSYoungGen: 15261K->1472K(15360K)] 38778K->25481K(49664K), 0.0007590 secs] [Times: user=0.00 sys=0.00, real=0.00 secs] 
138.485: Total time for which application threads were stopped: 0.0008610 seconds, Stopping threads took: 0.0000430 seconds
138.544: Application time: 0.0590470 seconds
138.544: [GC [PSYoungGen: 14781K->1216K(15360K)] 38790K->25437K(49664K), 0.0006510 secs] [Times: user=0.00 sys=0.00, real=0.00 secs] 
138.545: Total time for which application threads were stopped: 0.0007710 seconds, Stopping threads took: 0.0000590 seconds
138.604: Application time: 0.0592510 seconds
138.604: [GC [PSYoungGen: 14525K->1280K(15360K)] 38747K->25501K(49664K), 0.0005330 secs] [Times: user=0.01 sys=0.00, real=0.00 secs] 
138.605: Total time for which application threads were stopped: 0.0006520 seconds, Stopping threads took: 0.0000640 seconds
138.664: Application time: 0.0595820 seconds
138.665: [GC [PSYoungGen: 14589K->1216K(15360K)] 38811K->25437K(49664K), 0.0006140 secs] [Times: user=0.01 sys=0.00, real=0.00 secs] 
138.666: Total time for which application threads were stopped: 0.0014330 seconds, Stopping threads took: 0.0007650 seconds
138.725: Application time: 0.0589460 seconds
138.725: [GC [PSYoungGen: 14525K->1216K(15360K)] 38747K->25437K(49664K), 0.0005360 secs] [Times: user=0.00 sys=0.00, real=0.00 secs] 
138.725: Total time for which application threads were stopped: 0.0006520 seconds, Stopping threads took: 0.0000620 seconds
138.785: Application time: 0.0595990 seconds
138.785: [GC [PSYoungGen: 14525K->1312K(15360K)] 38747K->25533K(49664K), 0.0005560 secs] [Times: user=0.00 sys=0.00, real=0.00 secs] 
138.786: Total time for which application threads were stopped: 0.0006820 seconds, Stopping threads took: 0.0000710 seconds
138.846: Application time: 0.0597790 seconds
138.846: [GC [PSYoungGen: 14621K->1248K(15360K)] 38843K->25469K(49664K), 0.0005870 secs] [Times: user=0.00 sys=0.00, real=0.00 secs] 
138.846: Total time for which application threads were stopped: 0.0007260 seconds, Stopping threads took: 0.0000630 seconds
138.907: Application time: 0.0605270 seconds
138.907: [GC [PSYoungGen: 14557K->1120K(15360K)] 38779K->25562K(49664K), 0.0005330 secs] [Times: user=0.00 sys=0.00, real=0.00 secs] 
138.907: Total time for which application threads were stopped: 0.0006330 seconds, Stopping threads took: 0.0000490 seconds
138.949: Application time: 0.0420470 seconds
138.950: [GC [PSYoungGen: 14430K->928K(15360K)] 38872K->25968K(49664K), 0.0005580 secs] [Times: user=0.00 sys=0.00, real=0.00 secs] 
138.950: Total time for which application threads were stopped: 0.0006450 seconds, Stopping threads took: 0.0000340 seconds
138.987: Application time: 0.0370060 seconds
138.988: [GC [PSYoungGen: 14237K->448K(15360K)] 39277K->25889K(49664K), 0.0007290 secs] [Times: user=0.00 sys=0.00, real=0.00 secs] 
138.989: Total time for which application threads were stopped: 0.0019930 seconds, Stopping threads took: 0.0011530 seconds
139.052: Application time: 0.0624960 seconds
139.052: [GC [PSYoungGen: 13756K->544K(15360K)] 39197K->25985K(49664K), 0.0004210 secs] [Times: user=0.01 sys=0.00, real=0.00 secs] 
139.052: Total time for which application threads were stopped: 0.0005460 seconds, Stopping threads took: 0.0000700 seconds
139.110: Application time: 0.0579910 seconds
139.110: [GC [PSYoungGen: 13852K->512K(15360K)] 39293K->25953K(49664K), 0.0003920 secs] [Times: user=0.00 sys=0.00, real=0.00 secs] 
139.111: Total time for which application threads were stopped: 0.0005100 seconds, Stopping threads took: 0.0000620 seconds
139.169: Application time: 0.0587470 seconds
139.170: [GC [PSYoungGen: 13821K->480K(15360K)] 39262K->25921K(49664K), 0.0004580 secs] [Times: user=0.00 sys=0.00, real=0.00 secs] 
139.170: Total time for which application threads were stopped: 0.0005690 seconds, Stopping threads took: 0.0000520 seconds
139.229: Application time: 0.0589490 seconds
139.229: [GC [PSYoungGen: 13789K->480K(15360K)] 39230K->25921K(49664K), 0.0004310 secs] [Times: user=0.00 sys=0.00, real=0.00 secs] 
139.230: Total time for which application threads were stopped: 0.0005520 seconds, Stopping threads took: 0.0000640 seconds
139.282: Application time: 0.0522620 seconds
139.282: [GC [PSYoungGen: 13789K->704K(15360K)] 39230K->26145K(49664K), 0.0004480 secs] [Times: user=0.00 sys=0.00, real=0.00 secs] 
139.282: Total time for which application threads were stopped: 0.0005520 seconds, Stopping threads took: 0.0000500 seconds
139.325: Application time: 0.0430740 seconds
139.325: [GC [PSYoungGen: 14015K->960K(15360K)] 39456K->26401K(49664K), 0.0004820 secs] [Times: user=0.00 sys=0.00, real=0.00 secs] 
139.326: Total time for which application threads were stopped: 0.0005820 seconds, Stopping threads took: 0.0000430 seconds
139.355: Application time: 0.0292270 seconds
139.355: [GC [PSYoungGen: 14270K->1472K(15360K)] 39711K->26913K(49664K), 0.0005930 secs] [Times: user=0.00 sys=0.00, real=0.00 secs] 
139.356: Total time for which application threads were stopped: 0.0007230 seconds, Stopping threads took: 0.0000620 seconds
139.376: Application time: 0.0198800 seconds
139.376: [GC [PSYoungGen: 14784K->1808K(15360K)] 40225K->27249K(49664K), 0.0007310 secs] [Times: user=0.00 sys=0.00, real=0.00 secs] 
139.377: Total time for which application threads were stopped: 0.0008310 seconds, Stopping threads took: 0.0000450 seconds
139.404: Application time: 0.0271190 seconds
139.404: [GC [PSYoungGen: 15116K->1968K(15360K)] 40557K->27409K(49664K), 0.0007850 secs] [Times: user=0.00 sys=0.00, real=0.00 secs] 
139.405: Total time for which application threads were stopped: 0.0008970 seconds, Stopping threads took: 0.0000540 seconds
139.453: Application time: 0.0479720 seconds
139.453: [GC [PSYoungGen: 15279K->1936K(15360K)] 40720K->27377K(49664K), 0.0008210 secs] [Times: user=0.00 sys=0.00, real=0.00 secs] 
139.454: Total time for which application threads were stopped: 0.0009260 seconds, Stopping threads took: 0.0000480 seconds
139.508: Application time: 0.0539850 seconds
139.508: [GC [PSYoungGen: 15246K->1920K(15360K)] 40687K->27361K(49664K), 0.0007130 secs] [Times: user=0.01 sys=0.00, real=0.01 secs] 
139.508: Total time for which application threads were stopped: 0.0008370 seconds, Stopping threads took: 0.0000640 seconds
139.565: Application time: 0.0569100 seconds
139.565: [GC [PSYoungGen: 15229K->1952K(15360K)] 40670K->27393K(49664K), 0.0007020 secs] [Times: user=0.01 sys=0.00, real=0.00 secs] 
139.566: Total time for which application threads were stopped: 0.0008030 seconds, Stopping threads took: 0.0000430 seconds
139.623: Application time: 0.0568370 seconds
139.623: [GC [PSYoungGen: 15261K->1952K(15360K)] 40702K->27393K(49664K), 0.0006960 secs] [Times: user=0.00 sys=0.00, real=0.00 secs] 
139.624: Total time for which application threads were stopped: 0.0008190 seconds, Stopping threads took: 0.0000670 seconds
139.681: Application time: 0.0569260 seconds
139.681: [GC [PSYoungGen: 15261K->1872K(15360K)] 40702K->27313K(49664K), 0.0007050 secs] [Times: user=0.00 sys=0.00, real=0.00 secs] 
139.682: Total time for which application threads were stopped: 0.0008090 seconds, Stopping threads took: 0.0000460 seconds
139.737: Application time: 0.0553050 seconds
139.737: [GC [PSYoungGen: 15180K->1936K(15360K)] 40622K->27377K(49664K), 0.0007050 secs] [Times: user=0.00 sys=0.00, real=0.00 secs] 
139.738: Total time for which application threads were stopped: 0.0008220 seconds, Stopping threads took: 0.0000590 seconds
139.788: Application time: 0.0505170 seconds
139.788: [GC [PSYoungGen: 15246K->1904K(15360K)] 40687K->27345K(49664K), 0.0007000 secs] [Times: user=0.01 sys=0.00, real=0.00 secs] 
139.789: Total time for which application threads were stopped: 0.0008250 seconds, Stopping threads took: 0.0000620 seconds
139.846: Application time: 0.0568650 seconds
139.846: [GC [PSYoungGen: 15214K->1984K(15360K)] 40655K->27425K(49664K), 0.0007870 secs] [Times: user=0.00 sys=0.00, real=0.00 secs] 
139.847: Total time for which application threads were stopped: 0.0008850 seconds, Stopping threads took: 0.0000400 seconds
139.906: Application time: 0.0590540 seconds
139.906: [GC [PSYoungGen: 15293K->1936K(15360K)] 40734K->27377K(49664K), 0.0007000 secs] [Times: user=0.01 sys=0.00, real=0.00 secs] 
139.907: Total time for which application threads were stopped: 0.0008200 seconds, Stopping threads took: 0.0000530 seconds
139.966: Application time: 0.0592420 seconds
139.966: [GC [PSYoungGen: 15247K->1920K(15360K)] 40688K->27361K(49664K), 0.0007540 secs] [Times: user=0.00 sys=0.00, real=0.00 secs] 
139.967: Total time for which application threads were stopped: 0.0008680 seconds, Stopping threads took: 0.0000570 seconds
140.026: Application time: 0.0591260 seconds
140.026: [GC [PSYoungGen: 15229K->1872K(15360K)] 40670K->27313K(49664K), 0.0007160 secs] [Times: user=0.01 sys=0.00, real=0.00 secs] 
140.027: Total time for which application threads were stopped: 0.0008200 seconds, Stopping threads took: 0.0000460 seconds
140.085: Application time: 0.0585640 seconds
140.085: [GC [PSYoungGen: 15181K->1856K(15360K)] 40622K->27297K(49664K), 0.0007050 secs] [Times: user=0.00 sys=0.00, real=0.00 secs] 
140.086: Total time for which application threads were stopped: 0.0008260 seconds, Stopping threads took: 0.0000640 seconds
140.146: Application time: 0.0594660 seconds
140.146: [GC [PSYoungGen: 15165K->1840K(15360K)] 40606K->27329K(49664K), 0.0007010 secs] [Times: user=0.00 sys=0.00, real=0.00 secs] 
140.146: Total time for which application threads were stopped: 0.0008140 seconds, Stopping threads took: 0.0000570 seconds
140.205: Application time: 0.0586130 seconds
140.205: [GC [PSYoungGen: 15149K->1504K(15360K)] 40638K->27333K(49664K), 0.0006990 secs] [Times: user=0.01 sys=0.00, real=0.00 secs] 
140.206: Total time for which application threads were stopped: 0.0008120 seconds, Stopping threads took: 0.0000580 seconds
140.265: Application time: 0.0587710 seconds
140.265: [GC [PSYoungGen: 14813K->1280K(15360K)] 40643K->27414K(49664K), 0.0006100 secs] [Times: user=0.00 sys=0.00, real=0.00 secs] 
140.265: Total time for which application threads were stopped: 0.0007110 seconds, Stopping threads took: 0.0000440 seconds
140.324: Application time: 0.0590560 seconds
140.324: [GC [PSYoungGen: 14589K->1408K(15360K)] 40723K->27542K(49664K), 0.0006510 secs] [Times: user=0.01 sys=0.00, real=0.00 secs] 
140.325: Total time for which application threads were stopped: 0.0007780 seconds, Stopping threads took: 0.0000720 seconds
140.384: Application time: 0.0593940 seconds
140.385: [GC [PSYoungGen: 14717K->1312K(15360K)] 40851K->27446K(49664K), 0.0005600 secs] [Times: user=0.00 sys=0.00, real=0.00 secs] 
140.385: Total time for which application threads were stopped: 0.0006710 seconds, Stopping threads took: 0.0000540 seconds
140.446: Application time: 0.0610450 seconds
140.446: [GC [PSYoungGen: 14624K->1280K(15360K)] 40758K->27414K(49664K), 0.0006130 secs] [Times: user=0.00 sys=0.00, real=0.00 secs] 
140.447: Total time for which application threads were stopped: 0.0007430 seconds, Stopping threads took: 0.0000640 seconds
140.506: Application time: 0.0594710 seconds
140.507: [GC [PSYoungGen: 14589K->1280K(15360K)] 40723K->27414K(49664K), 0.0005620 secs] [Times: user=0.00 sys=0.00, real=0.00 secs] 
140.507: Total time for which application threads were stopped: 0.0006820 seconds, Stopping threads took: 0.0000650 seconds
140.567: Application time: 0.0603290 seconds
140.568: [GC [PSYoungGen: 14589K->1280K(15360K)] 40723K->27414K(49664K), 0.0005520 secs] [Times: user=0.01 sys=0.00, real=0.00 secs] 
140.569: Total time for which application threads were stopped: 0.0014380 seconds, Stopping threads took: 0.0008300 seconds
140.628: Application time: 0.0592100 seconds
140.628: [GC [PSYoungGen: 14589K->1088K(15360K)] 40723K->27427K(49664K), 0.0005430 secs] [Times: user=0.00 sys=0.00, real=0.01 secs] 
140.629: Total time for which application threads were stopped: 0.0006550 seconds, Stopping threads took: 0.0000550 seconds
140.667: Application time: 0.0377770 seconds
140.667: [GC [PSYoungGen: 14396K->960K(15360K)] 40735K->27900K(49664K), 0.0006270 secs] [Times: user=0.00 sys=0.00, real=0.00 secs] 
140.667: Total time for which application threads were stopped: 0.0007660 seconds, Stopping threads took: 0.0000840 seconds
140.708: Application time: 0.0408800 seconds
140.708: [GC [PSYoungGen: 14271K->576K(15360K)] 41212K->27920K(49664K), 0.0005370 secs] [Times: user=0.00 sys=0.00, real=0.00 secs] 
140.709: Total time for which application threads were stopped: 0.0006530 seconds, Stopping threads took: 0.0000620 seconds
140.765: Application time: 0.0560430 seconds
140.765: [GC [PSYoungGen: 13884K->512K(15360K)] 41229K->27856K(49664K), 0.0004240 secs] [Times: user=0.00 sys=0.00, real=0.00 secs] 
140.765: Total time for which application threads were stopped: 0.0005290 seconds, Stopping threads took: 0.0000480 seconds
140.824: Application time: 0.0589350 seconds
140.824: [GC [PSYoungGen: 13821K->480K(15360K)] 41166K->27824K(49664K), 0.0004980 secs] [Times: user=0.01 sys=0.00, real=0.00 secs] 
140.825: Total time for which application threads were stopped: 0.0006060 seconds, Stopping threads took: 0.0000570 seconds
140.884: Application time: 0.0587650 seconds
140.884: [GC [PSYoungGen: 13789K->544K(15360K)] 41134K->27888K(49664K), 0.0004330 secs] [Times: user=0.00 sys=0.00, real=0.00 secs] 
140.884: Total time for which application threads were stopped: 0.0005590 seconds, Stopping threads took: 0.0000730 seconds
140.943: Application time: 0.0589090 seconds
140.943: [GC [PSYoungGen: 13853K->512K(15360K)] 41198K->27856K(49664K), 0.0004320 secs] [Times: user=0.00 sys=0.00, real=0.00 secs] 
140.944: Total time for which application threads were stopped: 0.0005500 seconds, Stopping threads took: 0.0000640 seconds
140.997: Application time: 0.0535370 seconds
140.997: [GC [PSYoungGen: 13823K->672K(15360K)] 41167K->28016K(49664K), 0.0005170 secs] [Times: user=0.00 sys=0.00, real=0.00 secs] 
140.998: Total time for which application threads were stopped: 0.0006380 seconds, Stopping threads took: 0.0000560 seconds
141.041: Application time: 0.0432990 seconds
141.041: [GC [PSYoungGen: 13981K->864K(15360K)] 41326K->28208K(49664K), 0.0005150 secs] [Times: user=0.00 sys=0.00, real=0.00 secs] 
141.042: Total time for which application threads were stopped: 0.0006370 seconds, Stopping threads took: 0.0000650 seconds
141.074: Application time: 0.0324910 seconds
141.074: [GC [PSYoungGen: 14174K->1312K(15360K)] 41518K->28656K(49664K), 0.0006320 secs] [Times: user=0.00 sys=0.00, real=0.00 secs] 
141.075: Total time for which application threads were stopped: 0.0007300 seconds, Stopping threads took: 0.0000440 seconds
141.097: Application time: 0.0215610 seconds
141.098: [GC [PSYoungGen: 14621K->1472K(15360K)] 41966K->28816K(49664K), 0.0007530 secs] [Times: user=0.01 sys=0.00, real=0.00 secs] 
141.099: Total time for which application threads were stopped: 0.0019900 seconds, Stopping threads took: 0.0011730 seconds
141.124: Application time: 0.0253240 seconds
141.124: [GC [PSYoungGen: 14783K->1952K(15360K)] 42128K->29296K(49664K), 0.0007160 secs] [Times: user=0.00 sys=0.00, real=0.00 secs] 
141.125: Total time for which application threads were stopped: 0.0008320 seconds, Stopping threads took: 0.0000590 seconds
141.168: Application time: 0.0433340 seconds
141.168: [GC [PSYoungGen: 15262K->2016K(15360K)] 42607K->29360K(49664K), 0.0007100 secs] [Times: user=0.00 sys=0.00, real=0.01 secs] 
141.169: Total time for which application threads were stopped: 0.0008320 seconds, Stopping threads took: 0.0000610 seconds
141.223: Application time: 0.0536570 seconds
141.223: [GC [PSYoungGen: 15326K->1920K(15360K)] 42671K->29264K(49664K), 0.0006970 secs] [Times: user=0.01 sys=0.00, real=0.00 secs] 
141.223: Total time for which application threads were stopped: 0.0008160 seconds, Stopping threads took: 0.0000620 seconds
141.281: Application time: 0.0571580 seconds
141.281: [GC [PSYoungGen: 15229K->1888K(15360K)] 42574K->29232K(49664K), 0.0007280 secs] [Times: user=0.01 sys=0.00, real=0.00 secs] 
141.281: Total time for which application threads were stopped: 0.0008320 seconds, Stopping threads took: 0.0000460 seconds
141.338: Application time: 0.0570220 seconds
141.339: [GC [PSYoungGen: 15197K->1920K(15360K)] 42542K->29264K(49664K), 0.0007540 secs] [Times: user=0.01 sys=0.00, real=0.00 secs] 
141.339: Total time for which application threads were stopped: 0.0008630 seconds, Stopping threads took: 0.0000490 seconds
141.397: Application time: 0.0572790 seconds
141.397: [GC [PSYoungGen: 15229K->1888K(15360K)] 42574K->29232K(49664K), 0.0006980 secs] [Times: user=0.01 sys=0.00, real=0.00 secs] 
141.397: Total time for which application threads were stopped: 0.0008190 seconds, Stopping threads took: 0.0000630 seconds
141.453: Application time: 0.0558420 seconds
141.453: [GC [PSYoungGen: 15196K->1936K(15360K)] 42541K->29280K(49664K), 0.0006900 secs] [Times: user=0.00 sys=0.00, real=0.00 secs] 
141.454: Total time for which application threads were stopped: 0.0008100 seconds, Stopping threads took: 0.0000630 seconds
141.506: Application time: 0.0521070 seconds
141.506: [GC [PSYoungGen: 15248K->1920K(15360K)] 42592K->29264K(49664K), 0.0007070 secs] [Times: user=0.00 sys=0.00, real=0.00 secs] 
141.507: Total time for which application threads were stopped: 0.0008360 seconds, Stopping threads took: 0.0000600 seconds
141.562: Application time: 0.0547100 seconds
141.562: [GC [PSYoungGen: 15229K->1968K(15360K)] 42574K->29312K(49664K), 0.0006860 secs] [Times: user=0.00 sys=0.00, real=0.00 secs] 
141.563: Total time for which application threads were stopped: 0.0007960 seconds, Stopping threads took: 0.0000530 seconds
141.622: Application time: 0.0593430 seconds
141.622: [GC [PSYoungGen: 15277K->1920K(15360K)] 42622K->29264K(49664K), 0.0007890 secs] [Times: user=0.00 sys=0.00, real=0.00 secs] 
141.623: Total time for which application threads were stopped: 0.0009060 seconds, Stopping threads took: 0.0000610 seconds
141.682: Application time: 0.0592170 seconds
141.682: [GC [PSYoungGen: 15229K->1920K(15360K)] 42574K->29264K(49664K), 0.0007140 secs] [Times: user=0.01 sys=0.00, real=0.00 secs] 
141.683: Total time for which application threads were stopped: 0.0008340 seconds, Stopping threads took: 0.0000600 seconds
141.742: Application time: 0.0588220 seconds
141.742: [GC [PSYoungGen: 15229K->1888K(15360K)] 42574K->29232K(49664K), 0.0007240 secs] [Times: user=0.00 sys=0.00, real=0.00 secs] 
141.743: Total time for which application threads were stopped: 0.0008500 seconds, Stopping threads took: 0.0000650 seconds
141.801: Application time: 0.0584900 seconds
141.801: [GC [PSYoungGen: 15197K->1888K(15360K)] 42542K->29232K(49664K), 0.0007000 secs] [Times: user=0.00 sys=0.00, real=0.00 secs] 
141.802: Total time for which application threads were stopped: 0.0008190 seconds, Stopping threads took: 0.0000620 seconds
141.861: Application time: 0.0590130 seconds
141.861: [GC [PSYoungGen: 15199K->1824K(15360K)] 42544K->29208K(49664K), 0.0007450 secs] [Times: user=0.00 sys=0.00, real=0.00 secs] 
141.862: Total time for which application threads were stopped: 0.0008730 seconds, Stopping threads took: 0.0000700 seconds
141.922: Application time: 0.0598960 seconds
141.922: [GC [PSYoungGen: 15136K->1344K(15360K)] 42520K->29258K(49664K), 0.0006960 secs] [Times: user=0.00 sys=0.00, real=0.00 secs] 
141.922: Total time for which application threads were stopped: 0.0007960 seconds, Stopping threads took: 0.0000460 seconds
141.981: Application time: 0.0589180 seconds
141.981: [GC [PSYoungGen: 14653K->1280K(15360K)] 42567K->29314K(49664K), 0.0005840 secs] [Times: user=0.00 sys=0.00, real=0.00 secs] 
141.982: Total time for which application threads were stopped: 0.0006970 seconds, Stopping threads took: 0.0000580 seconds
142.041: Application time: 0.0594610 seconds
142.042: [GC [PSYoungGen: 14589K->1280K(15360K)] 42623K->29314K(49664K), 0.0005440 secs] [Times: user=0.00 sys=0.00, real=0.00 secs] 
142.042: Total time for which application threads were stopped: 0.0006970 seconds, Stopping threads took: 0.0000840 seconds
142.102: Application time: 0.0602320 seconds
142.103: [GC [PSYoungGen: 14589K->1280K(15360K)] 42623K->29314K(49664K), 0.0005000 secs] [Times: user=0.00 sys=0.00, real=0.00 secs] 
142.103: Total time for which application threads were stopped: 0.0006110 seconds, Stopping threads took: 0.0000540 seconds
142.162: Application time: 0.0593290 seconds
142.162: [GC [PSYoungGen: 14589K->1312K(15360K)] 42623K->29346K(49664K), 0.0005620 secs] [Times: user=0.01 sys=0.00, real=0.00 secs] 
142.163: Total time for which application threads were stopped: 0.0006710 seconds, Stopping threads took: 0.0000530 seconds
142.223: Application time: 0.0597760 seconds
142.223: [GC [PSYoungGen: 14621K->1248K(15360K)] 42655K->29282K(49664K), 0.0006200 secs] [Times: user=0.00 sys=0.00, real=0.00 secs] 
142.224: Total time for which application threads were stopped: 0.0007280 seconds, Stopping threads took: 0.0000520 seconds
142.283: Application time: 0.0593860 seconds
142.283: [GC [PSYoungGen: 14557K->1280K(15360K)] 42591K->29314K(49664K), 0.0005610 secs] [Times: user=0.01 sys=0.00, real=0.00 secs] 
142.284: Total time for which application threads were stopped: 0.0006750 seconds, Stopping threads took: 0.0000580 seconds
142.343: Application time: 0.0590930 seconds
142.343: [GC [PSYoungGen: 14589K->1120K(15360K)] 42623K->29366K(49664K), 0.0005680 secs] [Times: user=0.00 sys=0.00, real=0.00 secs] 
142.343: Total time for which application threads were stopped: 0.0006750 seconds, Stopping threads took: 0.0000520 seconds
142.384: Application time: 0.0406600 seconds
142.384: [GC [PSYoungGen: 14429K->1088K(15360K)] 42675K->29751K(49664K), 0.0006090 secs] [Times: user=0.00 sys=0.00, real=0.00 secs] 
142.385: Total time for which application threads were stopped: 0.0007110 seconds, Stopping threads took: 0.0000480 seconds
142.424: Application time: 0.0393280 seconds
142.424: [GC [PSYoungGen: 14397K->480K(15360K)] 43061K->29744K(49664K), 0.0005370 secs] [Times: user=0.00 sys=0.00, real=0.00 secs] 
142.425: Total time for which application threads were stopped: 0.0006420 seconds, Stopping threads took: 0.0000480 seconds
142.480: Application time: 0.0555390 seconds
142.480: [GC [PSYoungGen: 13791K->544K(15360K)] 43055K->29808K(49664K), 0.0004780 secs] [Times: user=0.00 sys=0.00, real=0.00 secs] 
142.481: Total time for which application threads were stopped: 0.0005870 seconds, Stopping threads took: 0.0000450 seconds
142.539: Application time: 0.0577590 seconds
142.539: [GC [PSYoungGen: 13855K->512K(15360K)] 43120K->29776K(49664K), 0.0004360 secs] [Times: user=0.00 sys=0.00, real=0.00 secs] 
142.539: Total time for which application threads were stopped: 0.0005520 seconds, Stopping threads took: 0.0000570 seconds
142.598: Application time: 0.0585470 seconds
142.598: [GC [PSYoungGen: 13821K->512K(15360K)] 43086K->29776K(49664K), 0.0004270 secs] [Times: user=0.00 sys=0.00, real=0.00 secs] 
142.598: Total time for which application threads were stopped: 0.0005470 seconds, Stopping threads took: 0.0000560 seconds
142.657: Application time: 0.0586240 seconds
142.657: [GC [PSYoungGen: 13821K->544K(15360K)] 43086K->29808K(49664K), 0.0004300 secs] [Times: user=0.00 sys=0.00, real=0.00 secs] 
142.657: Total time for which application threads were stopped: 0.0005380 seconds, Stopping threads took: 0.0000510 seconds
142.709: Application time: 0.0511100 seconds
142.709: [GC [PSYoungGen: 13855K->736K(15360K)] 43120K->30000K(49664K), 0.0004560 secs] [Times: user=0.00 sys=0.00, real=0.00 secs] 
142.709: Total time for which application threads were stopped: 0.0005670 seconds, Stopping threads took: 0.0000560 seconds
142.755: Application time: 0.0462390 seconds
142.756: [GC [PSYoungGen: 14045K->896K(15360K)] 43310K->30160K(49664K), 0.0005220 secs] [Times: user=0.01 sys=0.00, real=0.00 secs] 
142.757: Total time for which application threads were stopped: 0.0014940 seconds, Stopping threads took: 0.0009170 seconds
142.790: Application time: 0.0331840 seconds
142.790: [GC [PSYoungGen: 14205K->1504K(15360K)] 43470K->30768K(49664K), 0.0005810 secs] [Times: user=0.00 sys=0.00, real=0.00 secs] 
142.791: Total time for which application threads were stopped: 0.0006780 seconds, Stopping threads took: 0.0000390 seconds
142.812: Application time: 0.0212110 seconds
142.812: [GC [PSYoungGen: 14718K->1488K(15360K)] 43983K->30752K(49664K), 0.0006300 secs] [Times: user=0.00 sys=0.00, real=0.00 secs] 
142.813: Total time for which application threads were stopped: 0.0007550 seconds, Stopping threads took: 0.0000690 seconds
142.839: Application time: 0.0263460 seconds
142.840: [GC [PSYoungGen: 14796K->1904K(15360K)] 44061K->31168K(49664K), 0.0007120 secs] [Times: user=0.01 sys=0.00, real=0.00 secs] 
142.841: Total time for which application threads were stopped: 0.0020190 seconds, Stopping threads took: 0.0012500 seconds
142.883: Application time: 0.0422440 seconds
142.883: [GC [PSYoungGen: 15215K->1984K(15360K)] 44480K->31248K(49664K), 0.0007200 secs] [Times: user=0.00 sys=0.00, real=0.00 secs] 
142.884: Total time for which application threads were stopped: 0.0008520 seconds, Stopping threads took: 0.0000770 seconds
142.938: Application time: 0.0539380 seconds
142.938: [GC [PSYoungGen: 15294K->1984K(15360K)] 44559K->31248K(49664K), 0.0007300 secs] [Times: user=0.00 sys=0.00, real=0.00 secs] 
142.939: Total time for which application threads were stopped: 0.0008510 seconds, Stopping threads took: 0.0000600 seconds
142.995: Application time: 0.0562810 seconds
142.995: [GC [PSYoungGen: 15295K->1968K(15360K)] 44560K->31232K(49664K), 0.0007100 secs] [Times: user=0.01 sys=0.00, real=0.00 secs] 
142.996: Total time for which application threads were stopped: 0.0008400 seconds, Stopping threads took: 0.0000700 seconds
143.053: Application time: 0.0569950 seconds
143.053: [GC [PSYoungGen: 15277K->1920K(15360K)] 44542K->31185K(49664K), 0.0007020 secs] [Times: user=0.00 sys=0.00, real=0.00 secs] 
143.054: Total time for which application threads were stopped: 0.0008130 seconds, Stopping threads took: 0.0000510 seconds
143.111: Application time: 0.0572530 seconds
143.111: [GC [PSYoungGen: 15229K->1920K(15360K)] 44494K->31184K(49664K), 0.0006750 secs] [Times: user=0.00 sys=0.00, real=0.00 secs] 
143.112: Total time for which application threads were stopped: 0.0007990 seconds, Stopping threads took: 0.0000550 seconds
143.167: Application time: 0.0555310 seconds
143.168: [GC [PSYoungGen: 15228K->1984K(15360K)] 44493K->31248K(49664K), 0.0007110 secs] [Times: user=0.01 sys=0.00, real=0.01 secs] 
143.168: Total time for which application threads were stopped: 0.0008510 seconds, Stopping threads took: 0.0000810 seconds
143.220: Application time: 0.0518590 seconds
143.220: [GC [PSYoungGen: 15293K->1952K(15360K)] 44558K->31216K(49664K), 0.0007170 secs] [Times: user=0.00 sys=0.00, real=0.00 secs] 
143.221: Total time for which application threads were stopped: 0.0008400 seconds, Stopping threads took: 0.0000640 seconds
143.276: Application time: 0.0553340 seconds
143.276: [GC [PSYoungGen: 15262K->1984K(15360K)] 44527K->31248K(49664K), 0.0007570 secs] [Times: user=0.01 sys=0.00, real=0.00 secs] 
143.278: Total time for which application threads were stopped: 0.0016730 seconds, Stopping threads took: 0.0000700 seconds
143.338: Application time: 0.0595930 seconds
143.338: [GC [PSYoungGen: 15293K->1888K(15360K)] 44558K->31153K(49664K), 0.0006900 secs] [Times: user=0.01 sys=0.00, real=0.00 secs] 
143.338: Total time for which application threads were stopped: 0.0008150 seconds, Stopping threads took: 0.0000660 seconds
143.398: Application time: 0.0590670 seconds
143.398: [GC [PSYoungGen: 15197K->1920K(15360K)] 44462K->31184K(49664K), 0.0007330 secs] [Times: user=0.00 sys=0.00, real=0.00 secs] 
143.398: Total time for which application threads were stopped: 0.0008720 seconds, Stopping threads took: 0.0000850 seconds
143.458: Application time: 0.0598620 seconds
143.458: [GC [PSYoungGen: 15232K->1904K(15360K)] 44496K->31169K(49664K), 0.0007170 secs] [Times: user=0.01 sys=0.00, real=0.00 secs] 
143.459: Total time for which application threads were stopped: 0.0008260 seconds, Stopping threads took: 0.0000500 seconds
143.518: Application time: 0.0588380 seconds
143.518: [GC [PSYoungGen: 15213K->1952K(15360K)] 44478K->31216K(49664K), 0.0007140 secs] [Times: user=0.01 sys=0.00, real=0.00 secs] 
143.519: Total time for which application threads were stopped: 0.0008250 seconds, Stopping threads took: 0.0000530 seconds
143.578: Application time: 0.0588760 seconds
143.578: [GC [PSYoungGen: 15261K->1920K(15360K)] 44526K->31224K(49664K), 0.0007720 secs] [Times: user=0.00 sys=0.00, real=0.00 secs] 
143.579: Total time for which application threads were stopped: 0.0008920 seconds, Stopping threads took: 0.0000630 seconds
143.638: Application time: 0.0593770 seconds
143.638: [GC [PSYoungGen: 15229K->1584K(15360K)] 44534K->31221K(49664K), 0.0007130 secs] [Times: user=0.00 sys=0.00, real=0.00 secs] 
143.639: Total time for which application threads were stopped: 0.0008420 seconds, Stopping threads took: 0.0000550 seconds
143.698: Application time: 0.0589540 seconds
143.698: [GC [PSYoungGen: 14893K->1248K(15360K)] 44531K->31202K(49664K), 0.0006830 secs] [Times: user=0.01 sys=0.00, real=0.00 secs] 
143.699: Total time for which application threads were stopped: 0.0008100 seconds, Stopping threads took: 0.0000710 seconds
143.758: Application time: 0.0589820 seconds
143.758: [GC [PSYoungGen: 14557K->1280K(15360K)] 44511K->31234K(49664K), 0.0005660 secs] [Times: user=0.00 sys=0.00, real=0.00 secs] 
143.758: Total time for which application threads were stopped: 0.0006770 seconds, Stopping threads took: 0.0000570 seconds
143.818: Application time: 0.0598210 seconds
143.818: [GC [PSYoungGen: 14589K->1248K(15360K)] 44543K->31202K(49664K), 0.0006250 secs] [Times: user=0.00 sys=0.00, real=0.00 secs] 
143.819: Total time for which application threads were stopped: 0.0007410 seconds, Stopping threads took: 0.0000590 seconds
143.878: Application time: 0.0590140 seconds
143.878: [GC [PSYoungGen: 14557K->1280K(15360K)] 44511K->31234K(49664K), 0.0005800 secs] [Times: user=0.01 sys=0.00, real=0.00 secs] 
143.878: Total time for which application threads were stopped: 0.0007060 seconds, Stopping threads took: 0.0000660 seconds
143.938: Application time: 0.0592150 seconds
143.938: [GC [PSYoungGen: 14589K->1280K(15360K)] 44543K->31234K(49664K), 0.0005560 secs] [Times: user=0.00 sys=0.00, real=0.00 secs] 
143.938: Total time for which application threads were stopped: 0.0006870 seconds, Stopping threads took: 0.0000640 seconds
143.997: Application time: 0.0591040 seconds
143.998: [GC [PSYoungGen: 14589K->1280K(15360K)] 44543K->31234K(49664K), 0.0006010 secs] [Times: user=0.00 sys=0.00, real=0.00 secs] 
143.998: Total time for which application threads were stopped: 0.0007090 seconds, Stopping threads took: 0.0000530 seconds
144.057: Application time: 0.0592820 seconds
144.058: [GC [PSYoungGen: 14589K->1088K(15360K)] 44543K->31238K(49664K), 0.0006200 secs] [Times: user=0.01 sys=0.00, real=0.00 secs] 
144.058: Total time for which application threads were stopped: 0.0007560 seconds, Stopping threads took: 0.0000810 seconds
144.103: Application time: 0.0452570 seconds
144.104: [GC [PSYoungGen: 14399K->768K(15360K)] 44550K->31532K(49664K), 0.0005190 secs] [Times: user=0.00 sys=0.00, real=0.00 secs] 
144.104: Total time for which application threads were stopped: 0.0006190 seconds, Stopping threads took: 0.0000440 seconds
144.143: Application time: 0.0386090 seconds
144.143: [GC [PSYoungGen: 14076K->512K(15360K)] 44840K->31685K(49664K), 0.0005060 secs] [Times: user=0.00 sys=0.00, real=0.00 secs] 
144.143: Total time for which application threads were stopped: 0.0006110 seconds, Stopping threads took: 0.0000370 seconds
144.194: Application time: 0.0509520 seconds
144.194: [GC [PSYoungGen: 13821K->544K(15360K)] 44994K->31717K(49664K), 0.0004320 secs] [Times: user=0.00 sys=0.00, real=0.00 secs] 
144.195: Total time for which application threads were stopped: 0.0005380 seconds, Stopping threads took: 0.0000480 seconds
144.253: Application time: 0.0580310 seconds
144.253: [GC [PSYoungGen: 13855K->544K(15360K)] 45028K->31717K(49664K), 0.0004440 secs] [Times: user=0.01 sys=0.00, real=0.00 secs] 
144.253: Total time for which application threads were stopped: 0.0005800 seconds, Stopping threads took: 0.0000790 seconds
144.313: Application time: 0.0591790 seconds
144.313: [GC [PSYoungGen: 13853K->480K(15360K)] 45026K->31653K(49664K), 0.0004860 secs] [Times: user=0.00 sys=0.00, real=0.00 secs] 
144.313: Total time for which application threads were stopped: 0.0006200 seconds, Stopping threads took: 0.0000800 seconds
144.372: Application time: 0.0585710 seconds
144.372: [GC [PSYoungGen: 13789K->480K(15360K)] 44962K->31653K(49664K), 0.0004520 secs] [Times: user=0.00 sys=0.00, real=0.00 secs] 
144.372: Total time for which application threads were stopped: 0.0005700 seconds, Stopping threads took: 0.0000590 seconds
144.421: Application time: 0.0485570 seconds
144.421: [GC [PSYoungGen: 13790K->704K(15360K)] 44963K->31877K(49664K), 0.0004860 secs] [Times: user=0.00 sys=0.00, real=0.00 secs] 
144.422: Total time for which application threads were stopped: 0.0005910 seconds, Stopping threads took: 0.0000500 seconds
144.470: Application time: 0.0480730 seconds
144.470: [GC [PSYoungGen: 14015K->864K(15360K)] 45189K->32037K(49664K), 0.0004730 secs] [Times: user=0.01 sys=0.00, real=0.00 secs] 
144.470: Total time for which application threads were stopped: 0.0005860 seconds, Stopping threads took: 0.0000590 seconds
144.506: Application time: 0.0359310 seconds
144.506: [GC [PSYoungGen: 14172K->1504K(15360K)] 45346K->32677K(49664K), 0.0005900 secs] [Times: user=0.01 sys=0.00, real=0.00 secs] 
144.507: Total time for which application threads were stopped: 0.0006820 seconds, Stopping threads took: 0.0000390 seconds
144.528: Application time: 0.0210840 seconds
144.528: [GC [PSYoungGen: 14815K->1600K(15360K)] 45988K->32773K(49664K), 0.0006640 secs] [Times: user=0.01 sys=0.00, real=0.01 secs] 
144.529: Total time for which application threads were stopped: 0.0007780 seconds, Stopping threads took: 0.0000580 seconds
144.557: Application time: 0.0283960 seconds
144.557: [GC [PSYoungGen: 14909K->1888K(15360K)] 46082K->33061K(49664K), 0.0007000 secs] [Times: user=0.01 sys=0.00, real=0.00 secs] 
144.558: Total time for which application threads were stopped: 0.0008040 seconds, Stopping threads took: 0.0000440 seconds
144.597: Application time: 0.0387810 seconds
144.597: [GC [PSYoungGen: 15175K->1776K(15360K)] 46348K->32949K(49664K), 0.0007160 secs] [Times: user=0.00 sys=0.00, real=0.00 secs] 
144.598: Total time for which application threads were stopped: 0.0008280 seconds, Stopping threads took: 0.0000560 seconds
144.650: Application time: 0.0527600 seconds
144.650: [GC [PSYoungGen: 15087K->1920K(15360K)] 46261K->33093K(49664K), 0.0007100 secs] [Times: user=0.00 sys=0.00, real=0.00 secs] 
144.651: Total time for which application threads were stopped: 0.0008380 seconds, Stopping threads took: 0.0000590 seconds
144.707: Application time: 0.0560640 seconds
144.707: [GC [PSYoungGen: 15228K->1920K(15360K)] 46402K->33093K(49664K), 0.0007010 secs] [Times: user=0.00 sys=0.00, real=0.00 secs] 
144.708: Total time for which application threads were stopped: 0.0008140 seconds, Stopping threads took: 0.0000570 seconds
144.765: Application time: 0.0568860 seconds
144.765: [GC [PSYoungGen: 15229K->1920K(15360K)] 46403K->33093K(49664K), 0.0007440 secs] [Times: user=0.00 sys=0.00, real=0.00 secs] 
144.766: Total time for which application threads were stopped: 0.0008530 seconds, Stopping threads took: 0.0000510 seconds
144.822: Application time: 0.0564830 seconds
144.822: [GC [PSYoungGen: 15231K->1920K(15360K)] 46404K->33093K(49664K), 0.0007280 secs] [Times: user=0.01 sys=0.00, real=0.00 secs] 
144.823: Total time for which application threads were stopped: 0.0008390 seconds, Stopping threads took: 0.0000570 seconds
144.879: Application time: 0.0562930 seconds
144.879: [GC [PSYoungGen: 15231K->1984K(15360K)] 46404K->33157K(49664K), 0.0007240 secs] [Times: user=0.00 sys=0.00, real=0.00 secs] 
144.880: Total time for which application threads were stopped: 0.0008420 seconds, Stopping threads took: 0.0000600 seconds
144.934: Application time: 0.0534590 seconds
144.934: [GC [PSYoungGen: 15296K->1984K(15360K)] 46469K->33157K(49664K), 0.0006780 secs] [Times: user=0.00 sys=0.00, real=0.00 secs] 
144.934: Total time for which application threads were stopped: 0.0007990 seconds, Stopping threads took: 0.0000650 seconds
144.990: Application time: 0.0554480 seconds
144.990: [GC [PSYoungGen: 15292K->1872K(15360K)] 46465K->33045K(49664K), 0.0007200 secs] [Times: user=0.01 sys=0.00, real=0.00 secs] 
144.991: Total time for which application threads were stopped: 0.0008510 seconds, Stopping threads took: 0.0000750 seconds
145.049: Application time: 0.0578970 seconds
145.049: [GC [PSYoungGen: 15183K->1968K(15360K)] 46356K->33141K(49664K), 0.0007400 secs] [Times: user=0.01 sys=0.00, real=0.00 secs] 
145.050: Total time for which application threads were stopped: 0.0008700 seconds, Stopping threads took: 0.0000730 seconds
145.109: Application time: 0.0592490 seconds
145.109: [GC [PSYoungGen: 15277K->1936K(15360K)] 46451K->33109K(49664K), 0.0006520 secs] [Times: user=0.00 sys=0.00, real=0.00 secs] 
145.110: Total time for which application threads were stopped: 0.0007860 seconds, Stopping threads took: 0.0000720 seconds
145.168: Application time: 0.0586770 seconds
145.168: [GC [PSYoungGen: 15245K->1888K(15360K)] 46419K->33061K(49664K), 0.0007120 secs] [Times: user=0.00 sys=0.00, real=0.00 secs] 
145.169: Total time for which application threads were stopped: 0.0008330 seconds, Stopping threads took: 0.0000520 seconds
145.228: Application time: 0.0588120 seconds
145.228: [GC [PSYoungGen: 15197K->1872K(15360K)] 46371K->33045K(49664K), 0.0007340 secs] [Times: user=0.01 sys=0.00, real=0.01 secs] 
145.229: Total time for which application threads were stopped: 0.0008530 seconds, Stopping threads took: 0.0000580 seconds
145.287: Application time: 0.0587060 seconds
145.288: [GC [PSYoungGen: 15181K->1872K(15360K)] 46355K->33093K(49664K), 0.0007140 secs] [Times: user=0.01 sys=0.00, real=0.01 secs] 
145.288: Total time for which application threads were stopped: 0.0008230 seconds, Stopping threads took: 0.0000510 seconds
145.347: Application time: 0.0585860 seconds
145.347: [GC [PSYoungGen: 15181K->1632K(15360K)] 46403K->33170K(49664K), 0.0007170 secs] [Times: user=0.01 sys=0.00, real=0.00 secs] 
145.348: Total time for which application threads were stopped: 0.0008420 seconds, Stopping threads took: 0.0000620 seconds
145.406: Application time: 0.0587380 seconds
145.407: [GC [PSYoungGen: 14941K->1280K(15360K)] 46479K->33154K(49664K), 0.0006600 secs] [Times: user=0.00 sys=0.00, real=0.00 secs] 
145.407: Total time for which application threads were stopped: 0.0007820 seconds, Stopping threads took: 0.0000650 seconds
145.466: Application time: 0.0588630 seconds
145.466: [GC [PSYoungGen: 14589K->1280K(15360K)] 46464K->33154K(49664K), 0.0005950 secs] [Times: user=0.01 sys=0.00, real=0.00 secs] 
145.467: Total time for which application threads were stopped: 0.0007100 seconds, Stopping threads took: 0.0000570 seconds
145.527: Application time: 0.0598020 seconds
145.527: [GC [PSYoungGen: 14589K->1248K(15360K)] 46464K->33122K(49664K), 0.0006090 secs] [Times: user=0.00 sys=0.00, real=0.00 secs] 
145.527: Total time for which application threads were stopped: 0.0007210 seconds, Stopping threads took: 0.0000560 seconds
145.586: Application time: 0.0590370 seconds
145.586: [GC [PSYoungGen: 14557K->1248K(15360K)] 46432K->33122K(49664K), 0.0006250 secs] [Times: user=0.01 sys=0.00, real=0.00 secs] 
145.587: Total time for which application threads were stopped: 0.0007490 seconds, Stopping threads took: 0.0000640 seconds
145.646: Application time: 0.0590020 seconds
145.646: [GC [PSYoungGen: 14557K->1312K(15360K)] 46432K->33186K(49664K), 0.0005580 secs] [Times: user=0.00 sys=0.00, real=0.00 secs] 
145.647: Total time for which application threads were stopped: 0.0006640 seconds, Stopping threads took: 0.0000490 seconds
145.706: Application time: 0.0590100 seconds
145.706: [GC [PSYoungGen: 14621K->1280K(15360K)] 46496K->33154K(49664K), 0.0006080 secs] [Times: user=0.01 sys=0.00, real=0.00 secs] 
145.707: Total time for which application threads were stopped: 0.0007360 seconds, Stopping threads took: 0.0000580 seconds
145.765: Application time: 0.0588680 seconds
145.766: [GC [PSYoungGen: 14589K->1088K(15360K)] 46464K->33170K(49664K), 0.0005750 secs] [Times: user=0.00 sys=0.00, real=0.00 secs] 
145.766: Total time for which application threads were stopped: 0.0006890 seconds, Stopping threads took: 0.0000620 seconds
145.810: Application time: 0.0441680 seconds
145.810: [GC [PSYoungGen: 14397K->960K(15360K)] 46479K->33451K(49664K), 0.0006250 secs] [Times: user=0.01 sys=0.00, real=0.00 secs] 
145.811: Total time for which application threads were stopped: 0.0007390 seconds, Stopping threads took: 0.0000580 seconds
145.851: Application time: 0.0397090 seconds
145.851: [GC [PSYoungGen: 14270K->736K(15360K)] 46762K->33773K(49664K), 0.0005600 secs] [Times: user=0.01 sys=0.00, real=0.00 secs] 
145.851: Total time for which application threads were stopped: 0.0006780 seconds, Stopping threads took: 0.0000600 seconds
145.902: Application time: 0.0508540 seconds
145.902: [GC [PSYoungGen: 14045K->512K(15360K)] 47082K->33753K(49664K), 0.0005170 secs] [Times: user=0.01 sys=0.00, real=0.00 secs] 
145.903: Total time for which application threads were stopped: 0.0006520 seconds, Stopping threads took: 0.0000780 seconds
145.960: Application time: 0.0574300 seconds
145.960: [GC [PSYoungGen: 13823K->544K(15360K)] 47064K->33785K(49664K), 0.0004320 secs] [Times: user=0.01 sys=0.00, real=0.00 secs] 
145.961: Total time for which application threads were stopped: 0.0005370 seconds, Stopping threads took: 0.0000490 seconds
146.020: Application time: 0.0587040 seconds
146.020: [GC [PSYoungGen: 13853K->480K(15360K)] 47095K->33721K(49664K), 0.0004820 secs] [Times: user=0.00 sys=0.00, real=0.00 secs] 
146.020: Total time for which application threads were stopped: 0.0005960 seconds, Stopping threads took: 0.0000590 seconds
146.078: Application time: 0.0583040 seconds
146.079: [GC [PSYoungGen: 13789K->512K(15360K)] 47031K->33753K(49664K), 0.0004360 secs] [Times: user=0.01 sys=0.00, real=0.00 secs] 
146.079: Total time for which application threads were stopped: 0.0005450 seconds, Stopping threads took: 0.0000550 seconds
146.127: Application time: 0.0475760 seconds
146.127: [GC [PSYoungGen: 13819K->704K(15360K)] 47061K->33945K(49664K), 0.0004690 secs] [Times: user=0.01 sys=0.00, real=0.00 secs] 
146.127: Total time for which application threads were stopped: 0.0005890 seconds, Stopping threads took: 0.0000640 seconds
146.176: Application time: 0.0490470 seconds
146.176: [GC [PSYoungGen: 14013K->896K(15360K)] 47255K->34137K(49664K), 0.0005090 secs] [Times: user=0.00 sys=0.00, real=0.00 secs] 
146.177: Total time for which application threads were stopped: 0.0006150 seconds, Stopping threads took: 0.0000500 seconds
146.214: Application time: 0.0371420 seconds
146.214: [GC [PSYoungGen: 14207K->1376K(15360K)] 47449K->34617K(49664K), 0.0005820 secs] [Times: user=0.01 sys=0.00, real=0.00 secs] 
146.215: Total time for which application threads were stopped: 0.0006950 seconds, Stopping threads took: 0.0000510 seconds
146.237: Application time: 0.0223580 seconds
146.237: [GC [PSYoungGen: 14687K->1568K(15360K)] 47929K->34809K(49664K), 0.0006630 secs] [Times: user=0.00 sys=0.00, real=0.00 secs] 
146.238: Total time for which application threads were stopped: 0.0007950 seconds, Stopping threads took: 0.0000750 seconds
146.268: Application time: 0.0302440 seconds
146.268: [GC [PSYoungGen: 14875K->1632K(15360K)] 48117K->34873K(49664K), 0.0007240 secs] [Times: user=0.00 sys=0.01, real=0.01 secs] 
146.269: Total time for which application threads were stopped: 0.0008340 seconds, Stopping threads took: 0.0000540 seconds
146.310: Application time: 0.0406910 seconds
146.310: [GC [PSYoungGen: 14940K->1920K(15360K)] 48182K->35161K(49664K), 0.0007270 secs] [Times: user=0.01 sys=0.00, real=0.00 secs] 
146.310: Total time for which application threads were stopped: 0.0008420 seconds, Stopping threads took: 0.0000580 seconds
146.358: Application time: 0.0472460 seconds
146.358: [GC [PSYoungGen: 15231K->1904K(15360K)] 48473K->35145K(49664K), 0.0007140 secs] [Times: user=0.00 sys=0.00, real=0.00 secs] 
146.359: Total time for which application threads were stopped: 0.0008160 seconds, Stopping threads took: 0.0000440 seconds
146.415: Application time: 0.0564150 seconds
146.415: [GC [PSYoungGen: 15213K->1936K(15360K)] 48454K->35177K(49664K), 0.0007120 secs] [Times: user=0.00 sys=0.00, real=0.00 secs] 
146.416: Total time for which application threads were stopped: 0.0008260 seconds, Stopping threads took: 0.0000550 seconds
146.474: Application time: 0.0583660 seconds
146.474: [GC [PSYoungGen: 15248K->1904K(15360K)] 48489K->35145K(49664K), 0.0006910 secs] [Times: user=0.01 sys=0.00, real=0.00 secs] 
146.475: Total time for which application threads were stopped: 0.0007990 seconds, Stopping threads took: 0.0000490 seconds
146.530: Application time: 0.0551620 seconds
146.530: [GC [PSYoungGen: 15212K->1920K(15360K)] 48454K->35161K(49664K), 0.0006870 secs] [Times: user=0.00 sys=0.00, real=0.00 secs] 
146.531: Total time for which application threads were stopped: 0.0008060 seconds, Stopping threads took: 0.0000600 seconds
146.588: Application time: 0.0571280 seconds
146.588: [GC [PSYoungGen: 15229K->1936K(15360K)] 48471K->35177K(49664K), 0.0007470 secs] [Times: user=0.00 sys=0.00, real=0.01 secs] 
146.589: Total time for which application threads were stopped: 0.0008840 seconds, Stopping threads took: 0.0000810 seconds
146.642: Application time: 0.0530820 seconds
146.642: [GC [PSYoungGen: 15247K->1920K(15360K)] 48489K->35161K(49664K), 0.0007690 secs] [Times: user=0.00 sys=0.00, real=0.00 secs] 
146.643: Total time for which application threads were stopped: 0.0008800 seconds, Stopping threads took: 0.0000570 seconds
146.698: Application time: 0.0551580 seconds
146.698: [GC [PSYoungGen: 15230K->1984K(15360K)] 48471K->35225K(49664K), 0.0007660 secs] [Times: user=0.01 sys=0.00, real=0.00 secs] 
146.699: Total time for which application threads were stopped: 0.0008830 seconds, Stopping threads took: 0.0000610 seconds
146.756: Application time: 0.0572980 seconds
146.756: [GC [PSYoungGen: 15295K->1840K(15360K)] 48537K->35081K(49664K), 0.0007390 secs] [Times: user=0.00 sys=0.00, real=0.00 secs] 
146.757: Total time for which application threads were stopped: 0.0008580 seconds, Stopping threads took: 0.0000450 seconds
146.817: Application time: 0.0595860 seconds
146.820: [GC [PSYoungGen: 15149K->1952K(15360K)] 48391K->35193K(49664K), 0.0007790 secs] [Times: user=0.01 sys=0.00, real=0.00 secs] 
146.821: Total time for which application threads were stopped: 0.0044340 seconds, Stopping threads took: 0.0035990 seconds
146.880: Application time: 0.0587680 seconds
146.880: [GC [PSYoungGen: 15261K->1936K(15360K)] 48503K->35177K(49664K), 0.0007420 secs] [Times: user=0.00 sys=0.00, real=0.01 secs] 
146.881: Total time for which application threads were stopped: 0.0008590 seconds, Stopping threads took: 0.0000600 seconds
146.940: Application time: 0.0591960 seconds
146.940: [GC [PSYoungGen: 15245K->1920K(15360K)] 48487K->35161K(49664K), 0.0007320 secs] [Times: user=0.00 sys=0.00, real=0.01 secs] 
146.941: Total time for which application threads were stopped: 0.0008570 seconds, Stopping threads took: 0.0000660 seconds
147.000: Application time: 0.0589830 seconds
147.000: [GC [PSYoungGen: 15231K->1824K(15360K)] 48473K->35137K(49664K), 0.0007250 secs] [Times: user=0.00 sys=0.00, real=0.01 secs] 
147.001: Total time for which application threads were stopped: 0.0008340 seconds, Stopping threads took: 0.0000490 seconds
147.059: Application time: 0.0588510 seconds
147.060: [GC [PSYoungGen: 15133K->1568K(15360K)] 48447K->35158K(49664K), 0.0007210 secs] [Times: user=0.00 sys=0.00, real=0.01 secs] 
147.060: Total time for which application threads were stopped: 0.0008470 seconds, Stopping threads took: 0.0000680 seconds
147.120: Application time: 0.0592420 seconds
147.120: [GC [PSYoungGen: 14877K->1312K(15360K)] 48467K->35186K(49664K), 0.0006010 secs] [Times: user=0.01 sys=0.00, real=0.01 secs] 
147.120: Total time for which application threads were stopped: 0.0007070 seconds, Stopping threads took: 0.0000500 seconds
147.179: Application time: 0.0589100 seconds
147.179: [GC [PSYoungGen: 14621K->1312K(15360K)] 48496K->35267K(49664K), 0.0005770 secs] [Times: user=0.00 sys=0.00, real=0.00 secs] 
147.180: Total time for which application threads were stopped: 0.0007200 seconds, Stopping threads took: 0.0000860 seconds
147.239: Application time: 0.0594190 seconds
147.239: [GC [PSYoungGen: 14621K->1248K(15360K)] 48576K->35203K(49664K), 0.0006830 secs] [Times: user=0.01 sys=0.00, real=0.00 secs] 
147.240: Total time for which application threads were stopped: 0.0007850 seconds, Stopping threads took: 0.0000450 seconds
147.299: Application time: 0.0589870 seconds
147.299: [GC [PSYoungGen: 14557K->1280K(15360K)] 48512K->35235K(49664K), 0.0006330 secs] [Times: user=0.00 sys=0.00, real=0.00 secs] 
147.300: Total time for which application threads were stopped: 0.0007720 seconds, Stopping threads took: 0.0000730 seconds
147.359: Application time: 0.0590250 seconds
147.359: [GC [PSYoungGen: 14589K->1280K(15360K)] 48544K->35235K(49664K), 0.0006110 secs] [Times: user=0.01 sys=0.00, real=0.00 secs] 
147.360: Total time for which application threads were stopped: 0.0007350 seconds, Stopping threads took: 0.0000690 seconds
147.419: Application time: 0.0594830 seconds
147.419: [GC [PSYoungGen: 14589K->1120K(15360K)] 48544K->35295K(49664K), 0.0005780 secs] [Times: user=0.00 sys=0.00, real=0.00 secs] 
147.420: [Full GC [PSYoungGen: 1120K->0K(15360K)] [ParOldGen: 34175K->3524K(34304K)] 35295K->3524K(49664K) [PSPermGen: 5579K->5579K(21504K)], 0.0059550 secs] [Times: user=0.03 sys=0.00, real=0.01 secs] 
147.426: Total time for which application threads were stopped: 0.0067060 seconds, Stopping threads took: 0.0000650 seconds
147.485: Application time: 0.0592170 seconds
147.485: [GC [PSYoungGen: 13309K->0K(15360K)] 16833K->3524K(49664K), 0.0003590 secs] [Times: user=0.00 sys=0.00, real=0.00 secs] 
147.486: Total time for which application threads were stopped: 0.0004640 seconds, Stopping threads took: 0.0000500 seconds
147.532: Application time: 0.0467270 seconds
147.532: [GC [PSYoungGen: 13307K->352K(15360K)] 16832K->3876K(49664K), 0.0003570 secs] [Times: user=0.01 sys=0.00, real=0.00 secs] 
147.533: Total time for which application threads were stopped: 0.0004730 seconds, Stopping threads took: 0.0000530 seconds
147.576: Application time: 0.0428880 seconds
147.576: [GC [PSYoungGen: 13662K->480K(15360K)] 17186K->4004K(49664K), 0.0004410 secs] [Times: user=0.00 sys=0.00, real=0.00 secs] 
147.576: Total time for which application threads were stopped: 0.0005510 seconds, Stopping threads took: 0.0000550 seconds
147.624: Application time: 0.0473190 seconds
147.624: [GC [PSYoungGen: 13789K->512K(15360K)] 17313K->4036K(49664K), 0.0003700 secs] [Times: user=0.00 sys=0.00, real=0.00 secs] 
147.624: Total time for which application threads were stopped: 0.0004720 seconds, Stopping threads took: 0.0000460 seconds
147.682: Application time: 0.0581660 seconds
147.682: [GC [PSYoungGen: 13820K->512K(15360K)] 17345K->4036K(49664K), 0.0004410 secs] [Times: user=0.00 sys=0.00, real=0.00 secs] 
147.683: Total time for which application threads were stopped: 0.0005430 seconds, Stopping threads took: 0.0000460 seconds
147.742: Application time: 0.0592550 seconds
147.742: [GC [PSYoungGen: 13821K->512K(15360K)] 17345K->4036K(49664K), 0.0004010 secs] [Times: user=0.00 sys=0.00, real=0.00 secs] 
147.742: Total time for which application threads were stopped: 0.0005180 seconds, Stopping threads took: 0.0000620 seconds
147.802: Application time: 0.0590810 seconds
147.802: [GC [PSYoungGen: 13821K->512K(15360K)] 17345K->4036K(49664K), 0.0003970 secs] [Times: user=0.00 sys=0.00, real=0.00 secs] 
147.802: Total time for which application threads were stopped: 0.0005230 seconds, Stopping threads took: 0.0000590 seconds
147.850: Application time: 0.0477130 seconds
147.850: [GC [PSYoungGen: 13819K->736K(15360K)] 17344K->4260K(49664K), 0.0004260 secs] [Times: user=0.00 sys=0.00, real=0.00 secs] 
147.850: Total time for which application threads were stopped: 0.0005250 seconds, Stopping threads took: 0.0000440 seconds
147.900: Application time: 0.0501350 seconds
147.901: [GC [PSYoungGen: 14047K->704K(15360K)] 17571K->4228K(49664K), 0.0004090 secs] [Times: user=0.00 sys=0.00, real=0.00 secs] 
147.901: Total time for which application threads were stopped: 0.0005220 seconds, Stopping threads took: 0.0000570 seconds
147.942: Application time: 0.0412530 seconds
147.944: [GC [PSYoungGen: 13923K->1328K(15360K)] 17447K->4852K(49664K), 0.0006010 secs] [Times: user=0.00 sys=0.00, real=0.00 secs] 
147.945: Total time for which application threads were stopped: 0.0027320 seconds, Stopping threads took: 0.0020710 seconds
147.969: Application time: 0.0237510 seconds
147.969: [GC [PSYoungGen: 14635K->1600K(15360K)] 18160K->5124K(49664K), 0.0005910 secs] [Times: user=0.00 sys=0.00, real=0.00 secs] 
147.969: Total time for which application threads were stopped: 0.0007040 seconds, Stopping threads took: 0.0000550 seconds
147.996: Application time: 0.0267270 seconds
147.996: [GC [PSYoungGen: 14907K->1760K(15360K)] 18431K->5284K(49664K), 0.0006200 secs] [Times: user=0.00 sys=0.00, real=0.00 secs] 
147.997: Total time for which application threads were stopped: 0.0007450 seconds, Stopping threads took: 0.0000600 seconds
148.040: Application time: 0.0426210 seconds
148.040: [GC [PSYoungGen: 15071K->1712K(15360K)] 18595K->5236K(49664K), 0.0006810 secs] [Times: user=0.00 sys=0.00, real=0.01 secs] 
148.040: Total time for which application threads were stopped: 0.0007880 seconds, Stopping threads took: 0.0000480 seconds
148.086: Application time: 0.0453930 seconds
148.086: [GC [PSYoungGen: 15020K->1904K(15360K)] 18544K->5428K(49664K), 0.0006670 secs] [Times: user=0.01 sys=0.00, real=0.00 secs] 
148.087: Total time for which application threads were stopped: 0.0007880 seconds, Stopping threads took: 0.0000640 seconds
148.143: Application time: 0.0561270 seconds
148.143: [GC [PSYoungGen: 15215K->1856K(15360K)] 18739K->5380K(49664K), 0.0006440 secs] [Times: user=0.01 sys=0.00, real=0.00 secs] 
148.143: Total time for which application threads were stopped: 0.0007610 seconds, Stopping threads took: 0.0000600 seconds
148.200: Application time: 0.0568990 seconds
148.200: [GC [PSYoungGen: 15165K->1904K(15360K)] 18689K->5428K(49664K), 0.0006840 secs] [Times: user=0.00 sys=0.00, real=0.00 secs] 
148.201: Total time for which application threads were stopped: 0.0008550 seconds, Stopping threads took: 0.0001120 seconds
148.256: Application time: 0.0553170 seconds
148.257: [GC [PSYoungGen: 15212K->1904K(15360K)] 18737K->5428K(49664K), 0.0007230 secs] [Times: user=0.00 sys=0.00, real=0.00 secs] 
148.257: Total time for which application threads were stopped: 0.0008530 seconds, Stopping threads took: 0.0000730 seconds
148.315: Application time: 0.0572970 seconds
148.315: [GC [PSYoungGen: 15213K->1952K(15360K)] 18737K->5476K(49664K), 0.0007470 secs] [Times: user=0.00 sys=0.00, real=0.00 secs] 
148.316: Total time for which application threads were stopped: 0.0017020 seconds, Stopping threads took: 0.0000620 seconds
148.370: Application time: 0.0541500 seconds
148.371: [GC [PSYoungGen: 15263K->1984K(15360K)] 18788K->5508K(49664K), 0.0006610 secs] [Times: user=0.01 sys=0.00, real=0.00 secs] 
148.371: Total time for which application threads were stopped: 0.0007620 seconds, Stopping threads took: 0.0000430 seconds
148.426: Application time: 0.0549150 seconds
148.426: [GC [PSYoungGen: 15294K->1952K(15360K)] 18818K->5476K(49664K), 0.0007160 secs] [Times: user=0.01 sys=0.00, real=0.00 secs] 
148.427: Total time for which application threads were stopped: 0.0008530 seconds, Stopping threads took: 0.0000770 seconds
148.484: Application time: 0.0568010 seconds
148.484: [GC [PSYoungGen: 15260K->1936K(15360K)] 18785K->5460K(49664K), 0.0006750 secs] [Times: user=0.01 sys=0.00, real=0.00 secs] 
148.485: Total time for which application threads were stopped: 0.0007990 seconds, Stopping threads took: 0.0000680 seconds
148.544: Application time: 0.0590850 seconds
148.544: [GC [PSYoungGen: 15245K->1904K(15360K)] 18769K->5428K(49664K), 0.0006760 secs] [Times: user=0.00 sys=0.00, real=0.00 secs] 
148.544: Total time for which application threads were stopped: 0.0007900 seconds, Stopping threads took: 0.0000560 seconds
148.603: Application time: 0.0586510 seconds
148.603: [GC [PSYoungGen: 15213K->1968K(15360K)] 18737K->5492K(49664K), 0.0006750 secs] [Times: user=0.01 sys=0.00, real=0.00 secs] 
148.604: Total time for which application threads were stopped: 0.0007880 seconds, Stopping threads took: 0.0000540 seconds
148.662: Application time: 0.0584720 seconds
148.663: [GC [PSYoungGen: 15277K->1872K(15360K)] 18801K->5396K(49664K), 0.0006700 secs] [Times: user=0.01 sys=0.00, real=0.00 secs] 
148.663: Total time for which application threads were stopped: 0.0007790 seconds, Stopping threads took: 0.0000540 seconds
148.722: Application time: 0.0585880 seconds
148.722: [GC [PSYoungGen: 15181K->1584K(15360K)] 18705K->5432K(49664K), 0.0006650 secs] [Times: user=0.00 sys=0.00, real=0.00 secs] 
148.723: Total time for which application threads were stopped: 0.0007820 seconds, Stopping threads took: 0.0000610 seconds
148.781: Application time: 0.0586120 seconds
148.781: [GC [PSYoungGen: 14893K->1536K(15360K)] 18742K->5424K(49664K), 0.0006760 secs] [Times: user=0.00 sys=0.00, real=0.00 secs] 
148.782: Total time for which application threads were stopped: 0.0007930 seconds, Stopping threads took: 0.0000600 seconds
148.841: Application time: 0.0590900 seconds
148.841: [GC [PSYoungGen: 14845K->1536K(15360K)] 18734K->5509K(49664K), 0.0005970 secs] [Times: user=0.01 sys=0.00, real=0.00 secs] 
148.842: Total time for which application threads were stopped: 0.0007170 seconds, Stopping threads took: 0.0000580 seconds
148.901: Application time: 0.0592030 seconds
148.901: [GC [PSYoungGen: 14845K->1312K(15360K)] 18818K->5565K(49664K), 0.0005760 secs] [Times: user=0.00 sys=0.00, real=0.00 secs] 
148.902: Total time for which application threads were stopped: 0.0006920 seconds, Stopping threads took: 0.0000600 seconds
148.961: Application time: 0.0590480 seconds
148.961: [GC [PSYoungGen: 14621K->1280K(15360K)] 18874K->5533K(49664K), 0.0005020 secs] [Times: user=0.00 sys=0.00, real=0.00 secs] 
148.961: Total time for which application threads were stopped: 0.0006270 seconds, Stopping threads took: 0.0000630 seconds
149.021: Application time: 0.0592550 seconds
149.021: [GC [PSYoungGen: 14589K->1248K(15360K)] 18842K->5501K(49664K), 0.0005620 secs] [Times: user=0.00 sys=0.00, real=0.00 secs] 
149.021: Total time for which application threads were stopped: 0.0006860 seconds, Stopping threads took: 0.0000680 seconds
149.081: Application time: 0.0592600 seconds
149.081: [GC [PSYoungGen: 14557K->1344K(15360K)] 18810K->5597K(49664K), 0.0005440 secs] [Times: user=0.00 sys=0.00, real=0.00 secs] 
149.081: Total time for which application threads were stopped: 0.0006540 seconds, Stopping threads took: 0.0000520 seconds
149.141: Application time: 0.0596370 seconds
149.141: [GC [PSYoungGen: 14653K->1088K(15360K)] 18906K->5553K(49664K), 0.0005400 secs] [Times: user=0.01 sys=0.00, real=0.00 secs] 
149.142: Total time for which application threads were stopped: 0.0006600 seconds, Stopping threads took: 0.0000650 seconds
149.200: Application time: 0.0588760 seconds
149.200: [GC [PSYoungGen: 14397K->1056K(15360K)] 18863K->5521K(49664K), 0.0004910 secs] [Times: user=0.01 sys=0.00, real=0.00 secs] 
149.201: Total time for which application threads were stopped: 0.0006000 seconds, Stopping threads took: 0.0000530 seconds
149.244: Application time: 0.0426610 seconds
149.244: [GC [PSYoungGen: 14365K->1120K(15360K)] 18831K->5825K(49664K), 0.0005360 secs] [Times: user=0.00 sys=0.00, real=0.00 secs] 
149.244: Total time for which application threads were stopped: 0.0006550 seconds, Stopping threads took: 0.0000630 seconds
149.291: Application time: 0.0471080 seconds
149.292: [GC [PSYoungGen: 14427K->704K(15360K)] 19133K->6015K(49664K), 0.0005170 secs] [Times: user=0.00 sys=0.00, real=0.00 secs] 
149.292: Total time for which application threads were stopped: 0.0006240 seconds, Stopping threads took: 0.0000510 seconds
149.337: Application time: 0.0449640 seconds
149.337: [GC [PSYoungGen: 14015K->672K(15360K)] 19326K->6195K(49664K), 0.0004590 secs] [Times: user=0.00 sys=0.00, real=0.00 secs] 
149.338: Total time for which application threads were stopped: 0.0005770 seconds, Stopping threads took: 0.0000640 seconds
149.395: Application time: 0.0570480 seconds
149.395: [GC [PSYoungGen: 13980K->544K(15360K)] 19504K->6067K(49664K), 0.0003920 secs] [Times: user=0.00 sys=0.00, real=0.00 secs] 
149.395: Total time for which application threads were stopped: 0.0005070 seconds, Stopping threads took: 0.0000520 seconds
149.455: Application time: 0.0597730 seconds
149.455: [GC [PSYoungGen: 13855K->448K(15360K)] 19379K->5971K(49664K), 0.0004550 secs] [Times: user=0.00 sys=0.00, real=0.00 secs] 
149.456: Total time for which application threads were stopped: 0.0005910 seconds, Stopping threads took: 0.0000810 seconds
149.514: Application time: 0.0585840 seconds
149.514: [GC [PSYoungGen: 13757K->480K(15360K)] 19281K->6003K(49664K), 0.0004060 secs] [Times: user=0.00 sys=0.00, real=0.00 secs] 
149.515: Total time for which application threads were stopped: 0.0005220 seconds, Stopping threads took: 0.0000600 seconds
149.560: Application time: 0.0451430 seconds
149.560: [GC [PSYoungGen: 13791K->704K(15360K)] 19315K->6227K(49664K), 0.0004100 secs] [Times: user=0.00 sys=0.00, real=0.01 secs] 
149.560: Total time for which application threads were stopped: 0.0005270 seconds, Stopping threads took: 0.0000610 seconds
149.612: Application time: 0.0517120 seconds
149.612: [GC [PSYoungGen: 14015K->736K(15360K)] 19539K->6259K(49664K), 0.0004540 secs] [Times: user=0.01 sys=0.00, real=0.00 secs] 
149.613: Total time for which application threads were stopped: 0.0005760 seconds, Stopping threads took: 0.0000670 seconds
149.655: Application time: 0.0419140 seconds
149.655: [GC [PSYoungGen: 14046K->1184K(15360K)] 19570K->6707K(49664K), 0.0005160 secs] [Times: user=0.00 sys=0.00, real=0.00 secs] 
149.655: Total time for which application threads were stopped: 0.0006220 seconds, Stopping threads took: 0.0000490 seconds
149.681: Application time: 0.0262260 seconds
149.681: [GC [PSYoungGen: 14491K->1600K(15360K)] 20015K->7123K(49664K), 0.0005930 secs] [Times: user=0.01 sys=0.00, real=0.00 secs] 
149.682: Total time for which application threads were stopped: 0.0007180 seconds, Stopping threads took: 0.0000690 seconds
149.711: Application time: 0.0285110 seconds
149.711: [GC [PSYoungGen: 14911K->1728K(15360K)] 20435K->7251K(49664K), 0.0006020 secs] [Times: user=0.00 sys=0.00, real=0.00 secs] 
149.711: Total time for which application threads were stopped: 0.0007030 seconds, Stopping threads took: 0.0000440 seconds
149.750: Application time: 0.0385520 seconds
149.750: [GC [PSYoungGen: 15038K->1904K(15360K)] 20562K->7427K(49664K), 0.0006490 secs] [Times: user=0.01 sys=0.00, real=0.00 secs] 
149.751: Total time for which application threads were stopped: 0.0007730 seconds, Stopping threads took: 0.0000680 seconds
149.794: Application time: 0.0430680 seconds
149.796: [GC [PSYoungGen: 15212K->1920K(15360K)] 20735K->7443K(49664K), 0.0007060 secs] [Times: user=0.01 sys=0.00, real=0.00 secs] 
149.797: Total time for which application threads were stopped: 0.0033490 seconds, Stopping threads took: 0.0025850 seconds
149.853: Application time: 0.0559900 seconds
149.853: [GC [PSYoungGen: 15230K->1936K(15360K)] 20754K->7459K(49664K), 0.0006740 secs] [Times: user=0.00 sys=0.00, real=0.00 secs] 
149.854: Total time for which application threads were stopped: 0.0007880 seconds, Stopping threads took: 0.0000540 seconds
149.911: Application time: 0.0567800 seconds
149.911: [GC [PSYoungGen: 15245K->1920K(15360K)] 20769K->7443K(49664K), 0.0006720 secs] [Times: user=0.00 sys=0.00, real=0.00 secs] 
149.911: Total time for which application threads were stopped: 0.0007970 seconds, Stopping threads took: 0.0000600 seconds
149.968: Application time: 0.0560960 seconds
149.968: [GC [PSYoungGen: 15231K->1936K(15360K)] 20755K->7459K(49664K), 0.0006530 secs] [Times: user=0.00 sys=0.00, real=0.01 secs] 
149.968: Total time for which application threads were stopped: 0.0007560 seconds, Stopping threads took: 0.0000430 seconds
150.025: Application time: 0.0566450 seconds
150.025: [GC [PSYoungGen: 15247K->1888K(15360K)] 20771K->7411K(49664K), 0.0006880 secs] [Times: user=0.01 sys=0.00, real=0.00 secs] 
150.026: Total time for which application threads were stopped: 0.0008200 seconds, Stopping threads took: 0.0000730 seconds
150.080: Application time: 0.0545900 seconds
150.080: [GC [PSYoungGen: 15198K->1936K(15360K)] 20722K->7459K(49664K), 0.0006930 secs] [Times: user=0.00 sys=0.00, real=0.00 secs] 
150.081: Total time for which application threads were stopped: 0.0008030 seconds, Stopping threads took: 0.0000570 seconds
150.135: Application time: 0.0541570 seconds
150.135: [GC [PSYoungGen: 15245K->1904K(15360K)] 20769K->7427K(49664K), 0.0006540 secs] [Times: user=0.00 sys=0.00, real=0.00 secs] 
150.136: Total time for which application threads were stopped: 0.0007720 seconds, Stopping threads took: 0.0000610 seconds
150.192: Application time: 0.0563830 seconds
150.193: [GC [PSYoungGen: 15212K->1920K(15360K)] 20736K->7443K(49664K), 0.0006710 secs] [Times: user=0.00 sys=0.00, real=0.00 secs] 
150.193: Total time for which application threads were stopped: 0.0007940 seconds, Stopping threads took: 0.0000690 seconds
150.252: Application time: 0.0587810 seconds
150.252: [GC [PSYoungGen: 15229K->1920K(15360K)] 20753K->7443K(49664K), 0.0006830 secs] [Times: user=0.00 sys=0.00, real=0.00 secs] 
150.253: Total time for which application threads were stopped: 0.0007970 seconds, Stopping threads took: 0.0000560 seconds
150.311: Application time: 0.0586650 seconds
150.312: [GC [PSYoungGen: 15229K->1920K(15360K)] 20753K->7443K(49664K), 0.0007510 secs] [Times: user=0.00 sys=0.00, real=0.00 secs] 
150.312: Total time for which application threads were stopped: 0.0008660 seconds, Stopping threads took: 0.0000550 seconds
150.372: Application time: 0.0591430 seconds
150.372: [GC [PSYoungGen: 15229K->1904K(15360K)] 20753K->7427K(49664K), 0.0006510 secs] [Times: user=0.00 sys=0.00, real=0.00 secs] 
150.372: Total time for which application threads were stopped: 0.0007750 seconds, Stopping threads took: 0.0000570 seconds
150.431: Application time: 0.0588210 seconds
150.431: [GC [PSYoungGen: 15213K->1648K(15360K)] 20737K->7460K(49664K), 0.0007290 secs] [Times: user=0.00 sys=0.00, real=0.00 secs] 
150.432: Total time for which application threads were stopped: 0.0008520 seconds, Stopping threads took: 0.0000570 seconds
150.491: Application time: 0.0587700 seconds
150.491: [GC [PSYoungGen: 14957K->1616K(15360K)] 20770K->7428K(49664K), 0.0005920 secs] [Times: user=0.00 sys=0.00, real=0.00 secs] 
150.491: Total time for which application threads were stopped: 0.0007150 seconds, Stopping threads took: 0.0000680 seconds
150.551: Application time: 0.0593060 seconds
150.551: [GC [PSYoungGen: 14925K->1520K(15360K)] 20738K->7436K(49664K), 0.0006110 secs] [Times: user=0.01 sys=0.00, real=0.00 secs] 
150.551: Total time for which application threads were stopped: 0.0007210 seconds, Stopping threads took: 0.0000530 seconds
150.611: Application time: 0.0590850 seconds
150.611: [GC [PSYoungGen: 14829K->1248K(15360K)] 20746K->7444K(49664K), 0.0006060 secs] [Times: user=0.00 sys=0.00, real=0.00 secs] 
150.611: Total time for which application threads were stopped: 0.0007330 seconds, Stopping threads took: 0.0000680 seconds
150.671: Application time: 0.0592410 seconds
150.671: [GC [PSYoungGen: 14557K->1280K(15360K)] 20754K->7476K(49664K), 0.0005380 secs] [Times: user=0.01 sys=0.00, real=0.00 secs] 
150.671: Total time for which application threads were stopped: 0.0006610 seconds, Stopping threads took: 0.0000690 seconds
150.731: Application time: 0.0595710 seconds
150.731: [GC [PSYoungGen: 14589K->1280K(15360K)] 20786K->7476K(49664K), 0.0005230 secs] [Times: user=0.01 sys=0.00, real=0.00 secs] 
150.731: Total time for which application threads were stopped: 0.0006380 seconds, Stopping threads took: 0.0000600 seconds
150.791: Application time: 0.0593470 seconds
150.791: [GC [PSYoungGen: 14589K->1248K(15360K)] 20786K->7444K(49664K), 0.0005250 secs] [Times: user=0.00 sys=0.00, real=0.00 secs] 
150.791: Total time for which application threads were stopped: 0.0006550 seconds, Stopping threads took: 0.0000700 seconds
150.851: Application time: 0.0595350 seconds
150.851: [GC [PSYoungGen: 14557K->1280K(15360K)] 20754K->7476K(49664K), 0.0005410 secs] [Times: user=0.00 sys=0.00, real=0.00 secs] 
150.852: Total time for which application threads were stopped: 0.0006530 seconds, Stopping threads took: 0.0000570 seconds
150.910: Application time: 0.0584860 seconds
150.910: Total time for which application threads were stopped: 0.0000800 seconds, Stopping threads took: 0.0000600 seconds
150.910: Application time: 0.0000620 seconds
150.910: [GC [PSYoungGen: 14554K->1152K(15360K)] 20878K->7684K(49664K), 0.0005420 secs] [Times: user=0.00 sys=0.00, real=0.00 secs] 
150.911: Total time for which application threads were stopped: 0.0006180 seconds, Stopping threads took: 0.0000310 seconds
150.953: Application time: 0.0425920 seconds
150.954: [GC [PSYoungGen: 14461K->1120K(15360K)] 21278K->8141K(49664K), 0.0005780 secs] [Times: user=0.00 sys=0.00, real=0.00 secs] 
150.954: Total time for which application threads were stopped: 0.0006880 seconds, Stopping threads took: 0.0000450 seconds
151.005: Application time: 0.0504750 seconds
151.005: [GC [PSYoungGen: 14428K->768K(15360K)] 21450K->8398K(49664K), 0.0005730 secs] [Times: user=0.00 sys=0.00, real=0.00 secs] 
151.005: Total time for which application threads were stopped: 0.0006790 seconds, Stopping threads took: 0.0000470 seconds
151.050: Application time: 0.0446710 seconds
151.052: [GC [PSYoungGen: 14076K->576K(15360K)] 21707K->8438K(49664K), 0.0004290 secs] [Times: user=0.00 sys=0.00, real=0.00 secs] 
151.053: Total time for which application threads were stopped: 0.0027780 seconds, Stopping threads took: 0.0022930 seconds
151.110: Application time: 0.0572700 seconds
151.110: [GC [PSYoungGen: 13884K->512K(15360K)] 21747K->8374K(49664K), 0.0003990 secs] [Times: user=0.00 sys=0.00, real=0.00 secs] 
151.111: Total time for which application threads were stopped: 0.0005220 seconds, Stopping threads took: 0.0000630 seconds
151.169: Application time: 0.0584020 seconds
151.169: [GC [PSYoungGen: 13821K->480K(15360K)] 21684K->8342K(49664K), 0.0003990 secs] [Times: user=0.00 sys=0.00, real=0.00 secs] 
151.169: Total time for which application threads were stopped: 0.0005160 seconds, Stopping threads took: 0.0000610 seconds
151.228: Application time: 0.0583330 seconds
151.228: [GC [PSYoungGen: 13789K->480K(15360K)] 21652K->8342K(49664K), 0.0004000 secs] [Times: user=0.00 sys=0.00, real=0.01 secs] 
151.228: Total time for which application threads were stopped: 0.0005160 seconds, Stopping threads took: 0.0000590 seconds
151.275: Application time: 0.0470830 seconds
151.276: [GC [PSYoungGen: 13787K->704K(15360K)] 21650K->8566K(49664K), 0.0004180 secs] [Times: user=0.00 sys=0.00, real=0.00 secs] 
151.276: Total time for which application threads were stopped: 0.0005300 seconds, Stopping threads took: 0.0000570 seconds
151.326: Application time: 0.0495900 seconds
151.326: [GC [PSYoungGen: 14011K->736K(15360K)] 21874K->8598K(49664K), 0.0004340 secs] [Times: user=0.00 sys=0.00, real=0.00 secs] 
151.326: Total time for which application threads were stopped: 0.0005420 seconds, Stopping threads took: 0.0000510 seconds
151.367: Application time: 0.0408370 seconds
151.367: [GC [PSYoungGen: 14046K->1232K(15360K)] 21909K->9094K(49664K), 0.0005070 secs] [Times: user=0.01 sys=0.00, real=0.00 secs] 
151.368: Total time for which application threads were stopped: 0.0006160 seconds, Stopping threads took: 0.0000540 seconds
151.396: Application time: 0.0286850 seconds
151.396: [GC [PSYoungGen: 14543K->1376K(15360K)] 22406K->9238K(49664K), 0.0005640 secs] [Times: user=0.00 sys=0.00, real=0.00 secs] 
151.397: Total time for which application threads were stopped: 0.0006890 seconds, Stopping threads took: 0.0000680 seconds
151.428: Application time: 0.0315180 seconds
151.429: [GC [PSYoungGen: 14684K->1728K(15360K)] 22547K->9591K(49664K), 0.0006130 secs] [Times: user=0.00 sys=0.00, real=0.00 secs] 
151.429: Total time for which application threads were stopped: 0.0007260 seconds, Stopping threads took: 0.0000580 seconds
151.463: Application time: 0.0341490 seconds
151.463: [GC [PSYoungGen: 15038K->1936K(15360K)] 22901K->9799K(49664K), 0.0006770 secs] [Times: user=0.00 sys=0.00, real=0.00 secs] 
151.464: Total time for which application threads were stopped: 0.0007840 seconds, Stopping threads took: 0.0000440 seconds
151.508: Application time: 0.0436370 seconds
151.508: [GC [PSYoungGen: 15247K->1936K(15360K)] 23110K->9799K(49664K), 0.0007410 secs] [Times: user=0.00 sys=0.00, real=0.01 secs] 
151.509: Total time for which application threads were stopped: 0.0008500 seconds, Stopping threads took: 0.0000540 seconds
151.563: Application time: 0.0545790 seconds
151.563: [GC [PSYoungGen: 15246K->1888K(15360K)] 23109K->9750K(49664K), 0.0006700 secs] [Times: user=0.00 sys=0.00, real=0.00 secs] 
151.564: Total time for which application threads were stopped: 0.0007800 seconds, Stopping threads took: 0.0000540 seconds
151.621: Application time: 0.0570530 seconds
151.621: [GC [PSYoungGen: 15197K->1888K(15360K)] 23060K->9751K(49664K), 0.0006700 secs] [Times: user=0.00 sys=0.00, real=0.00 secs] 
151.622: Total time for which application threads were stopped: 0.0007710 seconds, Stopping threads took: 0.0000470 seconds
151.678: Application time: 0.0560390 seconds
151.678: [GC [PSYoungGen: 15199K->1984K(15360K)] 23062K->9846K(49664K), 0.0007430 secs] [Times: user=0.01 sys=0.00, real=0.00 secs] 
151.679: Total time for which application threads were stopped: 0.0008530 seconds, Stopping threads took: 0.0000510 seconds
151.735: Application time: 0.0567600 seconds
151.736: [GC [PSYoungGen: 15295K->1904K(15360K)] 23158K->9767K(49664K), 0.0006990 secs] [Times: user=0.00 sys=0.00, real=0.00 secs] 
151.736: Total time for which application threads were stopped: 0.0008070 seconds, Stopping threads took: 0.0000500 seconds
151.792: Application time: 0.0556570 seconds
151.792: [GC [PSYoungGen: 15212K->1904K(15360K)] 23075K->9767K(49664K), 0.0006960 secs] [Times: user=0.00 sys=0.00, real=0.00 secs] 
151.793: Total time for which application threads were stopped: 0.0008130 seconds, Stopping threads took: 0.0000620 seconds
151.846: Application time: 0.0529640 seconds
151.846: [GC [PSYoungGen: 15190K->1744K(15360K)] 23052K->9606K(49664K), 0.0006380 secs] [Times: user=0.01 sys=0.00, real=0.00 secs] 
151.846: Total time for which application threads were stopped: 0.0007600 seconds, Stopping threads took: 0.0000670 seconds
151.903: Application time: 0.0561510 seconds
151.903: [GC [PSYoungGen: 15054K->1936K(15360K)] 22917K->9799K(49664K), 0.0006720 secs] [Times: user=0.01 sys=0.00, real=0.00 secs] 
151.903: Total time for which application threads were stopped: 0.0007770 seconds, Stopping threads took: 0.0000490 seconds
151.962: Application time: 0.0588500 seconds
151.962: [GC [PSYoungGen: 15245K->1920K(15360K)] 23108K->9783K(49664K), 0.0007030 secs] [Times: user=0.00 sys=0.00, real=0.00 secs] 
151.963: Total time for which application threads were stopped: 0.0008070 seconds, Stopping threads took: 0.0000480 seconds
152.022: Application time: 0.0590570 seconds
152.024: [GC [PSYoungGen: 15229K->1872K(15360K)] 23092K->9735K(49664K), 0.0007300 secs] [Times: user=0.01 sys=0.00, real=0.00 secs] 
152.025: Total time for which application threads were stopped: 0.0030060 seconds, Stopping threads took: 0.0022070 seconds
152.084: Application time: 0.0586860 seconds
152.084: [GC [PSYoungGen: 15181K->1872K(15360K)] 23044K->9735K(49664K), 0.0006990 secs] [Times: user=0.01 sys=0.00, real=0.00 secs] 
152.085: Total time for which application threads were stopped: 0.0008170 seconds, Stopping threads took: 0.0000580 seconds
152.143: Application time: 0.0588040 seconds
152.144: [GC [PSYoungGen: 15181K->1648K(15360K)] 23044K->9819K(49664K), 0.0007440 secs] [Times: user=0.00 sys=0.00, real=0.00 secs] 
152.144: Total time for which application threads were stopped: 0.0008630 seconds, Stopping threads took: 0.0000600 seconds
152.203: Application time: 0.0589610 seconds
152.203: [GC [PSYoungGen: 14957K->1632K(15360K)] 23129K->9803K(49664K), 0.0006710 secs] [Times: user=0.01 sys=0.00, real=0.00 secs] 
152.204: Total time for which application threads were stopped: 0.0007980 seconds, Stopping threads took: 0.0000710 seconds
152.263: Application time: 0.0591620 seconds
152.263: [GC [PSYoungGen: 14941K->1568K(15360K)] 23113K->9851K(49664K), 0.0006210 secs] [Times: user=0.00 sys=0.00, real=0.00 secs] 
152.264: Total time for which application threads were stopped: 0.0007400 seconds, Stopping threads took: 0.0000600 seconds
152.323: Application time: 0.0588960 seconds
152.323: [GC [PSYoungGen: 14877K->1280K(15360K)] 23161K->9848K(49664K), 0.0006440 secs] [Times: user=0.01 sys=0.00, real=0.00 secs] 
152.324: Total time for which application threads were stopped: 0.0007450 seconds, Stopping threads took: 0.0000460 seconds
152.383: Application time: 0.0594880 seconds
152.383: [GC [PSYoungGen: 14589K->1216K(15360K)] 23157K->9784K(49664K), 0.0005410 secs] [Times: user=0.00 sys=0.00, real=0.00 secs] 
152.384: Total time for which application threads were stopped: 0.0006560 seconds, Stopping threads took: 0.0000610 seconds
152.443: Application time: 0.0593830 seconds
152.443: [GC [PSYoungGen: 14525K->1280K(15360K)] 23093K->9848K(49664K), 0.0005180 secs] [Times: user=0.00 sys=0.00, real=0.00 secs] 
152.444: Total time for which application threads were stopped: 0.0006340 seconds, Stopping threads took: 0.0000600 seconds
152.506: Application time: 0.0617500 seconds
152.506: [GC [PSYoungGen: 14589K->1312K(15360K)] 23157K->9880K(49664K), 0.0005230 secs] [Times: user=0.00 sys=0.00, real=0.00 secs] 
152.506: Total time for which application threads were stopped: 0.0006450 seconds, Stopping threads took: 0.0000690 seconds
152.565: Application time: 0.0593180 seconds
152.568: [GC [PSYoungGen: 14621K->1280K(15360K)] 23189K->9848K(49664K), 0.0005200 secs] [Times: user=0.01 sys=0.00, real=0.00 secs] 
152.569: Total time for which application threads were stopped: 0.0034010 seconds, Stopping threads took: 0.0028130 seconds
152.626: Application time: 0.0569330 seconds
152.626: [GC [PSYoungGen: 14589K->1184K(15360K)] 23157K->9956K(49664K), 0.0006000 secs] [Times: user=0.00 sys=0.00, real=0.00 secs] 
152.627: Total time for which application threads were stopped: 0.0007170 seconds, Stopping threads took: 0.0000590 seconds
152.668: Application time: 0.0413940 seconds
152.668: [GC [PSYoungGen: 14491K->1280K(15360K)] 23264K->10292K(49664K), 0.0005710 secs] [Times: user=0.00 sys=0.00, real=0.01 secs] 
152.669: Total time for which application threads were stopped: 0.0006910 seconds, Stopping threads took: 0.0000650 seconds
152.718: Application time: 0.0489300 seconds
152.718: [GC [PSYoungGen: 14591K->864K(15360K)] 23604K->10346K(49664K), 0.0005250 secs] [Times: user=0.00 sys=0.00, real=0.00 secs] 
152.718: Total time for which application threads were stopped: 0.0006420 seconds, Stopping threads took: 0.0000590 seconds
152.765: Application time: 0.0463380 seconds
152.765: [GC [PSYoungGen: 14173K->544K(15360K)] 23655K->10383K(49664K), 0.0004470 secs] [Times: user=0.00 sys=0.00, real=0.00 secs] 
152.765: Total time for which application threads were stopped: 0.0005650 seconds, Stopping threads took: 0.0000600 seconds
152.822: Application time: 0.0573660 seconds
152.823: [GC [PSYoungGen: 13855K->512K(15360K)] 23694K->10351K(49664K), 0.0004180 secs] [Times: user=0.00 sys=0.00, real=0.00 secs] 
152.823: Total time for which application threads were stopped: 0.0005330 seconds, Stopping threads took: 0.0000590 seconds
152.882: Application time: 0.0587400 seconds
152.884: [GC [PSYoungGen: 13821K->544K(15360K)] 23660K->10383K(49664K), 0.0004400 secs] [Times: user=0.00 sys=0.00, real=0.00 secs] 
152.885: Total time for which application threads were stopped: 0.0030270 seconds, Stopping threads took: 0.0025320 seconds
152.944: Application time: 0.0588280 seconds
152.944: [GC [PSYoungGen: 13853K->512K(15360K)] 23692K->10351K(49664K), 0.0004070 secs] [Times: user=0.00 sys=0.00, real=0.00 secs] 
152.944: Total time for which application threads were stopped: 0.0005170 seconds, Stopping threads took: 0.0000580 seconds
152.991: Application time: 0.0467840 seconds
152.991: [GC [PSYoungGen: 13819K->704K(15360K)] 23658K->10543K(49664K), 0.0004490 secs] [Times: user=0.01 sys=0.00, real=0.00 secs] 
152.991: Total time for which application threads were stopped: 0.0005530 seconds, Stopping threads took: 0.0000490 seconds
153.042: Application time: 0.0504610 seconds
153.042: [GC [PSYoungGen: 14015K->864K(15360K)] 23854K->10703K(49664K), 0.0004470 secs] [Times: user=0.00 sys=0.00, real=0.00 secs] 
153.043: Total time for which application threads were stopped: 0.0005870 seconds, Stopping threads took: 0.0000830 seconds
153.085: Application time: 0.0421510 seconds
153.085: [GC [PSYoungGen: 14171K->960K(15360K)] 24010K->10799K(49664K), 0.0004790 secs] [Times: user=0.00 sys=0.00, real=0.00 secs] 
153.085: Total time for which application threads were stopped: 0.0005980 seconds, Stopping threads took: 0.0000560 seconds
153.121: Application time: 0.0352580 seconds
153.121: [GC [PSYoungGen: 14271K->1536K(15360K)] 24110K->11375K(49664K), 0.0005980 secs] [Times: user=0.00 sys=0.00, real=0.00 secs] 
153.121: Total time for which application threads were stopped: 0.0007550 seconds, Stopping threads took: 0.0000970 seconds
153.151: Application time: 0.0301570 seconds
153.152: [GC [PSYoungGen: 14846K->1632K(15360K)] 24684K->11471K(49664K), 0.0006130 secs] [Times: user=0.00 sys=0.00, real=0.00 secs] 
153.152: Total time for which application threads were stopped: 0.0007270 seconds, Stopping threads took: 0.0000560 seconds
153.184: Application time: 0.0321260 seconds
153.184: [GC [PSYoungGen: 14941K->1904K(15360K)] 24780K->11743K(49664K), 0.0006870 secs] [Times: user=0.00 sys=0.00, real=0.00 secs] 
153.185: Total time for which application threads were stopped: 0.0008080 seconds, Stopping threads took: 0.0000650 seconds
153.225: Application time: 0.0401580 seconds
153.225: [GC [PSYoungGen: 15212K->1920K(15360K)] 25051K->11759K(49664K), 0.0007060 secs] [Times: user=0.01 sys=0.00, real=0.00 secs] 
153.226: Total time for which application threads were stopped: 0.0008250 seconds, Stopping threads took: 0.0000520 seconds
153.280: Application time: 0.0543320 seconds
153.281: [GC [PSYoungGen: 15230K->1904K(15360K)] 25069K->11743K(49664K), 0.0007260 secs] [Times: user=0.01 sys=0.00, real=0.00 secs] 
153.281: Total time for which application threads were stopped: 0.0008390 seconds, Stopping threads took: 0.0000540 seconds
153.338: Application time: 0.0571710 seconds
153.339: [GC [PSYoungGen: 15213K->1888K(15360K)] 25052K->11727K(49664K), 0.0006870 secs] [Times: user=0.00 sys=0.00, real=0.00 secs] 
153.340: Total time for which application threads were stopped: 0.0016320 seconds, Stopping threads took: 0.0000520 seconds
153.396: Application time: 0.0561380 seconds
153.396: [GC [PSYoungGen: 15199K->1904K(15360K)] 25038K->11743K(49664K), 0.0006870 secs] [Times: user=0.00 sys=0.00, real=0.00 secs] 
153.397: Total time for which application threads were stopped: 0.0007990 seconds, Stopping threads took: 0.0000580 seconds
153.454: Application time: 0.0564950 seconds
153.454: [GC [PSYoungGen: 15212K->1952K(15360K)] 25051K->11791K(49664K), 0.0007150 secs] [Times: user=0.00 sys=0.00, real=0.00 secs] 
153.454: Total time for which application threads were stopped: 0.0008370 seconds, Stopping threads took: 0.0000650 seconds
153.510: Application time: 0.0560990 seconds
153.511: [GC [PSYoungGen: 15260K->1904K(15360K)] 25099K->11743K(49664K), 0.0006880 secs] [Times: user=0.01 sys=0.00, real=0.00 secs] 
153.511: Total time for which application threads were stopped: 0.0008030 seconds, Stopping threads took: 0.0000590 seconds
153.565: Application time: 0.0533530 seconds
153.565: [GC [PSYoungGen: 15216K->1936K(15360K)] 25054K->11775K(49664K), 0.0006810 secs] [Times: user=0.01 sys=0.00, real=0.00 secs] 
153.565: Total time for which application threads were stopped: 0.0007930 seconds, Stopping threads took: 0.0000550 seconds
153.621: Application time: 0.0554940 seconds
153.621: [GC [PSYoungGen: 15246K->1920K(15360K)] 25085K->11759K(49664K), 0.0006770 secs] [Times: user=0.00 sys=0.00, real=0.00 secs] 
153.622: Total time for which application threads were stopped: 0.0008030 seconds, Stopping threads took: 0.0000590 seconds
153.680: Application time: 0.0587020 seconds
153.681: [GC [PSYoungGen: 15229K->1904K(15360K)] 25068K->11743K(49664K), 0.0007310 secs] [Times: user=0.01 sys=0.00, real=0.00 secs] 
153.681: Total time for which application threads were stopped: 0.0008500 seconds, Stopping threads took: 0.0000620 seconds
153.740: Application time: 0.0590540 seconds
153.744: [GC [PSYoungGen: 15213K->1888K(15360K)] 25052K->11727K(49664K), 0.0007200 secs] [Times: user=0.00 sys=0.00, real=0.00 secs] 
153.745: Total time for which application threads were stopped: 0.0047440 seconds, Stopping threads took: 0.0039700 seconds
153.804: Application time: 0.0586510 seconds
153.804: [GC [PSYoungGen: 15197K->1920K(15360K)] 25036K->11759K(49664K), 0.0007300 secs] [Times: user=0.01 sys=0.00, real=0.00 secs] 
153.805: Total time for which application threads were stopped: 0.0008730 seconds, Stopping threads took: 0.0000810 seconds
153.863: Application time: 0.0586090 seconds
153.863: [GC [PSYoungGen: 15229K->1632K(15360K)] 25068K->11771K(49664K), 0.0006720 secs] [Times: user=0.01 sys=0.00, real=0.00 secs] 
153.864: Total time for which application threads were stopped: 0.0007770 seconds, Stopping threads took: 0.0000470 seconds
153.923: Application time: 0.0585920 seconds
153.923: [GC [PSYoungGen: 14941K->1600K(15360K)] 25081K->11739K(49664K), 0.0006190 secs] [Times: user=0.00 sys=0.00, real=0.00 secs] 
153.923: Total time for which application threads were stopped: 0.0007290 seconds, Stopping threads took: 0.0000540 seconds
153.982: Application time: 0.0589060 seconds
153.984: [GC [PSYoungGen: 14909K->1360K(15360K)] 25049K->11779K(49664K), 0.0006380 secs] [Times: user=0.00 sys=0.00, real=0.00 secs] 
153.985: Total time for which application threads were stopped: 0.0027570 seconds, Stopping threads took: 0.0020630 seconds
154.044: Application time: 0.0591480 seconds
154.044: [GC [PSYoungGen: 14669K->1248K(15360K)] 25089K->11771K(49664K), 0.0008190 secs] [Times: user=0.00 sys=0.00, real=0.00 secs] 
154.045: Total time for which application threads were stopped: 0.0009430 seconds, Stopping threads took: 0.0000660 seconds
154.105: Application time: 0.0594540 seconds
154.105: [GC [PSYoungGen: 14557K->1280K(15360K)] 25081K->11803K(49664K), 0.0004700 secs] [Times: user=0.00 sys=0.00, real=0.00 secs] 
154.105: Total time for which application threads were stopped: 0.0005860 seconds, Stopping threads took: 0.0000620 seconds
154.165: Application time: 0.0595240 seconds
154.165: [GC [PSYoungGen: 14589K->1312K(15360K)] 25113K->11835K(49664K), 0.0005750 secs] [Times: user=0.00 sys=0.00, real=0.00 secs] 
154.165: Total time for which application threads were stopped: 0.0007190 seconds, Stopping threads took: 0.0000750 seconds
154.225: Application time: 0.0592190 seconds
154.225: [GC [PSYoungGen: 14621K->1280K(15360K)] 25145K->11803K(49664K), 0.0005550 secs] [Times: user=0.00 sys=0.00, real=0.00 secs] 
154.225: Total time for which application threads were stopped: 0.0006800 seconds, Stopping threads took: 0.0000710 seconds
154.285: Application time: 0.0598660 seconds
154.285: [GC [PSYoungGen: 14589K->1280K(15360K)] 25113K->11803K(49664K), 0.0005390 secs] [Times: user=0.01 sys=0.00, real=0.00 secs] 
154.286: Total time for which application threads were stopped: 0.0006590 seconds, Stopping threads took: 0.0000620 seconds
154.345: Application time: 0.0591740 seconds
154.345: [GC [PSYoungGen: 14589K->1056K(15360K)] 25113K->11776K(49664K), 0.0005820 secs] [Times: user=0.00 sys=0.00, real=0.00 secs] 
154.346: Total time for which application threads were stopped: 0.0007000 seconds, Stopping threads took: 0.0000640 seconds
154.388: Application time: 0.0424250 seconds
154.388: [GC [PSYoungGen: 14367K->1056K(15360K)] 25088K->11980K(49664K), 0.0005930 secs] [Times: user=0.00 sys=0.00, real=0.01 secs] 
154.389: Total time for which application threads were stopped: 0.0007180 seconds, Stopping threads took: 0.0000680 seconds
154.433: Application time: 0.0444660 seconds
154.433: [GC [PSYoungGen: 14365K->928K(15360K)] 25290K->12273K(49664K), 0.0005310 secs] [Times: user=0.00 sys=0.00, real=0.00 secs] 
154.434: Total time for which application threads were stopped: 0.0006530 seconds, Stopping threads took: 0.0000650 seconds
154.482: Application time: 0.0478530 seconds
154.484: [GC [PSYoungGen: 14239K->544K(15360K)] 25585K->12306K(49664K), 0.0005010 secs] [Times: user=0.00 sys=0.00, real=0.00 secs] 
154.485: Total time for which application threads were stopped: 0.0030500 seconds, Stopping threads took: 0.0024950 seconds
154.542: Application time: 0.0572680 seconds
154.542: [GC [PSYoungGen: 13852K->544K(15360K)] 25615K->12306K(49664K), 0.0004440 secs] [Times: user=0.00 sys=0.00, real=0.00 secs] 
154.543: Total time for which application threads were stopped: 0.0005440 seconds, Stopping threads took: 0.0000440 seconds
154.601: Application time: 0.0585370 seconds
154.604: [GC [PSYoungGen: 13853K->512K(15360K)] 25616K->12274K(49664K), 0.0003840 secs] [Times: user=0.00 sys=0.00, real=0.00 secs] 
154.605: Total time for which application threads were stopped: 0.0035220 seconds, Stopping threads took: 0.0030830 seconds
154.663: Application time: 0.0587810 seconds
154.664: [GC [PSYoungGen: 13823K->512K(15360K)] 25586K->12274K(49664K), 0.0004540 secs] [Times: user=0.01 sys=0.00, real=0.00 secs] 
154.665: Total time for which application threads were stopped: 0.0012960 seconds, Stopping threads took: 0.0007870 seconds
154.711: Application time: 0.0457940 seconds
154.711: [GC [PSYoungGen: 13821K->768K(15360K)] 25584K->12530K(49664K), 0.0004510 secs] [Times: user=0.00 sys=0.00, real=0.00 secs] 
154.711: Total time for which application threads were stopped: 0.0005720 seconds, Stopping threads took: 0.0000550 seconds
154.762: Application time: 0.0506920 seconds
154.762: [GC [PSYoungGen: 14077K->896K(15360K)] 25839K->12658K(49664K), 0.0004640 secs] [Times: user=0.00 sys=0.00, real=0.00 secs] 
154.762: Total time for which application threads were stopped: 0.0005830 seconds, Stopping threads took: 0.0000550 seconds
154.803: Application time: 0.0403670 seconds
154.803: [GC [PSYoungGen: 14204K->992K(15360K)] 25967K->12754K(49664K), 0.0005400 secs] [Times: user=0.00 sys=0.00, real=0.00 secs] 
154.803: Total time for which application threads were stopped: 0.0006570 seconds, Stopping threads took: 0.0000610 seconds
154.844: Application time: 0.0400590 seconds
154.844: [GC [PSYoungGen: 14299K->1312K(15360K)] 26062K->13074K(49664K), 0.0005590 secs] [Times: user=0.01 sys=0.00, real=0.00 secs] 
154.844: Total time for which application threads were stopped: 0.0006560 seconds, Stopping threads took: 0.0000390 seconds
154.874: Application time: 0.0296020 seconds
154.874: [GC [PSYoungGen: 14620K->1664K(15360K)] 26383K->13426K(49664K), 0.0006150 secs] [Times: user=0.00 sys=0.00, real=0.00 secs] 
154.875: Total time for which application threads were stopped: 0.0007430 seconds, Stopping threads took: 0.0000720 seconds
154.906: Application time: 0.0314700 seconds
154.906: [GC [PSYoungGen: 14972K->1920K(15360K)] 26735K->13682K(49664K), 0.0006810 secs] [Times: user=0.01 sys=0.00, real=0.00 secs] 
154.907: Total time for which application threads were stopped: 0.0007820 seconds, Stopping threads took: 0.0000450 seconds
154.946: Application time: 0.0391210 seconds
154.946: [GC [PSYoungGen: 15229K->1920K(15360K)] 26991K->13682K(49664K), 0.0006780 secs] [Times: user=0.00 sys=0.00, real=0.00 secs] 
154.947: Total time for which application threads were stopped: 0.0007880 seconds, Stopping threads took: 0.0000560 seconds
155.001: Application time: 0.0539400 seconds
155.001: [GC [PSYoungGen: 15232K->1856K(15360K)] 26994K->13618K(49664K), 0.0007290 secs] [Times: user=0.01 sys=0.00, real=0.00 secs] 
155.001: Total time for which application threads were stopped: 0.0008370 seconds, Stopping threads took: 0.0000520 seconds
155.059: Application time: 0.0571260 seconds
155.059: [GC [PSYoungGen: 15164K->1888K(15360K)] 26927K->13650K(49664K), 0.0007010 secs] [Times: user=0.01 sys=0.00, real=0.00 secs] 
155.059: Total time for which application threads were stopped: 0.0008240 seconds, Stopping threads took: 0.0000640 seconds
155.116: Application time: 0.0563290 seconds
155.116: [GC [PSYoungGen: 15199K->1920K(15360K)] 26962K->13682K(49664K), 0.0006340 secs] [Times: user=0.00 sys=0.00, real=0.00 secs] 
155.117: Total time for which application threads were stopped: 0.0007430 seconds, Stopping threads took: 0.0000540 seconds
155.173: Application time: 0.0562370 seconds
155.173: [GC [PSYoungGen: 15231K->1968K(15360K)] 26994K->13730K(49664K), 0.0006970 secs] [Times: user=0.00 sys=0.00, real=0.00 secs] 
155.174: Total time for which application threads were stopped: 0.0008120 seconds, Stopping threads took: 0.0000580 seconds
155.229: Application time: 0.0558190 seconds
155.229: [GC [PSYoungGen: 15276K->1920K(15360K)] 27039K->13682K(49664K), 0.0006920 secs] [Times: user=0.01 sys=0.00, real=0.00 secs] 
155.230: Total time for which application threads were stopped: 0.0008080 seconds, Stopping threads took: 0.0000480 seconds
155.284: Application time: 0.0542040 seconds
155.285: [GC [PSYoungGen: 15230K->1904K(15360K)] 26992K->13666K(49664K), 0.0006790 secs] [Times: user=0.01 sys=0.00, real=0.00 secs] 
155.285: Total time for which application threads were stopped: 0.0008020 seconds, Stopping threads took: 0.0000680 seconds
155.340: Application time: 0.0546850 seconds
155.340: [GC [PSYoungGen: 15214K->1936K(15360K)] 26977K->13698K(49664K), 0.0007020 secs] [Times: user=0.00 sys=0.00, real=0.01 secs] 
155.341: Total time for which application threads were stopped: 0.0008120 seconds, Stopping threads took: 0.0000520 seconds
155.399: Application time: 0.0585310 seconds
155.399: [GC [PSYoungGen: 15245K->1920K(15360K)] 27008K->13682K(49664K), 0.0007530 secs] [Times: user=0.00 sys=0.00, real=0.00 secs] 
155.400: Total time for which application threads were stopped: 0.0008710 seconds, Stopping threads took: 0.0000640 seconds
155.459: Application time: 0.0592540 seconds
155.459: [GC [PSYoungGen: 15229K->1856K(15360K)] 26992K->13618K(49664K), 0.0006910 secs] [Times: user=0.00 sys=0.00, real=0.00 secs] 
155.460: Total time for which application threads were stopped: 0.0008270 seconds, Stopping threads took: 0.0000780 seconds
155.520: Application time: 0.0598290 seconds
155.520: [GC [PSYoungGen: 15168K->1936K(15360K)] 26930K->13698K(49664K), 0.0009120 secs] [Times: user=0.01 sys=0.00, real=0.01 secs] 
155.521: Total time for which application threads were stopped: 0.0010200 seconds, Stopping threads took: 0.0000540 seconds
155.580: Application time: 0.0588380 seconds
155.580: [GC [PSYoungGen: 15245K->1616K(15360K)] 27008K->13687K(49664K), 0.0006730 secs] [Times: user=0.00 sys=0.00, real=0.01 secs] 
155.581: Total time for which application threads were stopped: 0.0007860 seconds, Stopping threads took: 0.0000550 seconds
155.640: Application time: 0.0589360 seconds
155.640: [GC [PSYoungGen: 14925K->1616K(15360K)] 26996K->13687K(49664K), 0.0006760 secs] [Times: user=0.00 sys=0.00, real=0.01 secs] 
155.640: Total time for which application threads were stopped: 0.0008080 seconds, Stopping threads took: 0.0000710 seconds
155.700: Application time: 0.0594010 seconds
155.700: [GC [PSYoungGen: 14925K->1312K(15360K)] 26996K->13667K(49664K), 0.0006250 secs] [Times: user=0.01 sys=0.00, real=0.01 secs] 
155.701: Total time for which application threads were stopped: 0.0007400 seconds, Stopping threads took: 0.0000580 seconds
155.759: Application time: 0.0587770 seconds
155.759: [GC [PSYoungGen: 14621K->1280K(15360K)] 26977K->13748K(49664K), 0.0005460 secs] [Times: user=0.00 sys=0.00, real=0.00 secs] 
155.760: Total time for which application threads were stopped: 0.0006840 seconds, Stopping threads took: 0.0000710 seconds
155.821: Application time: 0.0606360 seconds
155.821: [GC [PSYoungGen: 14589K->1312K(15360K)] 27057K->13780K(49664K), 0.0005890 secs] [Times: user=0.01 sys=0.00, real=0.00 secs] 
155.821: Total time for which application threads were stopped: 0.0007090 seconds, Stopping threads took: 0.0000640 seconds
155.881: Application time: 0.0594220 seconds
155.881: [GC [PSYoungGen: 14623K->1312K(15360K)] 27091K->13780K(49664K), 0.0006280 secs] [Times: user=0.00 sys=0.00, real=0.00 secs] 
155.882: Total time for which application threads were stopped: 0.0007480 seconds, Stopping threads took: 0.0000640 seconds
155.942: Application time: 0.0599940 seconds
155.942: [GC [PSYoungGen: 14621K->1312K(15360K)] 27089K->13780K(49664K), 0.0005380 secs] [Times: user=0.01 sys=0.00, real=0.00 secs] 
155.942: Total time for which application threads were stopped: 0.0006550 seconds, Stopping threads took: 0.0000590 seconds
156.001: Application time: 0.0592050 seconds
156.002: [GC [PSYoungGen: 14621K->1280K(15360K)] 27089K->13748K(49664K), 0.0005500 secs] [Times: user=0.00 sys=0.00, real=0.00 secs] 
156.002: Total time for which application threads were stopped: 0.0006640 seconds, Stopping threads took: 0.0000590 seconds
156.061: Application time: 0.0589880 seconds
156.061: [GC [PSYoungGen: 14589K->1056K(15360K)] 27057K->13744K(49664K), 0.0005860 secs] [Times: user=0.00 sys=0.00, real=0.00 secs] 
156.062: Total time for which application threads were stopped: 0.0007050 seconds, Stopping threads took: 0.0000630 seconds
156.109: Application time: 0.0476060 seconds
156.109: [GC [PSYoungGen: 14368K->1120K(15360K)] 27056K->14029K(49664K), 0.0005120 secs] [Times: user=0.00 sys=0.00, real=0.00 secs] 
156.110: Total time for which application threads were stopped: 0.0006250 seconds, Stopping threads took: 0.0000600 seconds
156.151: Application time: 0.0414270 seconds
156.152: [GC [PSYoungGen: 14432K->896K(15360K)] 27341K->14214K(49664K), 0.0005770 secs] [Times: user=0.00 sys=0.00, real=0.00 secs] 
156.152: Total time for which application threads were stopped: 0.0007030 seconds, Stopping threads took: 0.0000700 seconds
156.198: Application time: 0.0459660 seconds
156.198: [GC [PSYoungGen: 14205K->544K(15360K)] 27523K->14279K(49664K), 0.0004740 secs] [Times: user=0.00 sys=0.00, real=0.00 secs] 
156.199: Total time for which application threads were stopped: 0.0005940 seconds, Stopping threads took: 0.0000580 seconds
156.256: Application time: 0.0572910 seconds
156.256: [GC [PSYoungGen: 13855K->544K(15360K)] 27590K->14279K(49664K), 0.0004200 secs] [Times: user=0.00 sys=0.00, real=0.00 secs] 
156.257: Total time for which application threads were stopped: 0.0005460 seconds, Stopping threads took: 0.0000690 seconds
156.315: Application time: 0.0588060 seconds
156.315: [GC [PSYoungGen: 13853K->512K(15360K)] 27588K->14247K(49664K), 0.0004140 secs] [Times: user=0.00 sys=0.00, real=0.00 secs] 
156.316: Total time for which application threads were stopped: 0.0005350 seconds, Stopping threads took: 0.0000600 seconds
156.375: Application time: 0.0587500 seconds
156.375: [GC [PSYoungGen: 13821K->512K(15360K)] 27556K->14247K(49664K), 0.0004170 secs] [Times: user=0.00 sys=0.00, real=0.00 secs] 
156.375: Total time for which application threads were stopped: 0.0005310 seconds, Stopping threads took: 0.0000600 seconds
156.423: Application time: 0.0481240 seconds
156.423: [GC [PSYoungGen: 13819K->704K(15360K)] 27555K->14439K(49664K), 0.0004260 secs] [Times: user=0.00 sys=0.00, real=0.00 secs] 
156.424: Total time for which application threads were stopped: 0.0005360 seconds, Stopping threads took: 0.0000540 seconds
156.470: Application time: 0.0458800 seconds
156.470: [GC [PSYoungGen: 14013K->864K(15360K)] 27748K->14599K(49664K), 0.0004710 secs] [Times: user=0.00 sys=0.00, real=0.00 secs] 
156.470: Total time for which application threads were stopped: 0.0005730 seconds, Stopping threads took: 0.0000450 seconds
156.511: Application time: 0.0402370 seconds
156.511: [GC [PSYoungGen: 14175K->832K(15360K)] 27910K->14567K(49664K), 0.0004750 secs] [Times: user=0.00 sys=0.00, real=0.00 secs] 
156.511: Total time for which application threads were stopped: 0.0006010 seconds, Stopping threads took: 0.0000690 seconds
156.556: Application time: 0.0448730 seconds
156.556: [GC [PSYoungGen: 14140K->1440K(15360K)] 27875K->15175K(49664K), 0.0005810 secs] [Times: user=0.01 sys=0.00, real=0.00 secs] 
156.557: Total time for which application threads were stopped: 0.0006920 seconds, Stopping threads took: 0.0000560 seconds
156.587: Application time: 0.0303010 seconds
156.587: [GC [PSYoungGen: 14748K->1440K(15360K)] 28483K->15175K(49664K), 0.0006010 secs] [Times: user=0.00 sys=0.00, real=0.00 secs] 
156.588: Total time for which application threads were stopped: 0.0007130 seconds, Stopping threads took: 0.0000560 seconds
156.619: Application time: 0.0316250 seconds
156.619: [GC [PSYoungGen: 14750K->1936K(15360K)] 28485K->15671K(49664K), 0.0006820 secs] [Times: user=0.00 sys=0.00, real=0.00 secs] 
156.620: Total time for which application threads were stopped: 0.0007940 seconds, Stopping threads took: 0.0000560 seconds
156.657: Application time: 0.0371130 seconds
156.657: [GC [PSYoungGen: 15245K->1968K(15360K)] 28980K->15703K(49664K), 0.0006840 secs] [Times: user=0.01 sys=0.00, real=0.00 secs] 
156.658: Total time for which application threads were stopped: 0.0008040 seconds, Stopping threads took: 0.0000630 seconds
156.712: Application time: 0.0540420 seconds
156.712: [GC [PSYoungGen: 15276K->1936K(15360K)] 29012K->15671K(49664K), 0.0006930 secs] [Times: user=0.00 sys=0.01, real=0.00 secs] 
156.713: Total time for which application threads were stopped: 0.0008150 seconds, Stopping threads took: 0.0000660 seconds
156.769: Application time: 0.0560250 seconds
156.769: [GC [PSYoungGen: 15247K->1952K(15360K)] 28982K->15687K(49664K), 0.0007480 secs] [Times: user=0.01 sys=0.00, real=0.00 secs] 
156.770: Total time for which application threads were stopped: 0.0008660 seconds, Stopping threads took: 0.0000610 seconds
156.827: Application time: 0.0573160 seconds
156.827: [GC [PSYoungGen: 15261K->1856K(15360K)] 28996K->15591K(49664K), 0.0006740 secs] [Times: user=0.01 sys=0.00, real=0.00 secs] 
156.828: Total time for which application threads were stopped: 0.0008040 seconds, Stopping threads took: 0.0000630 seconds
156.882: Application time: 0.0545080 seconds
156.883: [GC [PSYoungGen: 15166K->1904K(15360K)] 28901K->15639K(49664K), 0.0007270 secs] [Times: user=0.01 sys=0.00, real=0.00 secs] 
156.883: Total time for which application threads were stopped: 0.0008480 seconds, Stopping threads took: 0.0000610 seconds
156.940: Application time: 0.0568980 seconds
156.940: [GC [PSYoungGen: 15215K->1936K(15360K)] 28950K->15671K(49664K), 0.0006930 secs] [Times: user=0.01 sys=0.00, real=0.00 secs] 
156.941: Total time for which application threads were stopped: 0.0008070 seconds, Stopping threads took: 0.0000550 seconds
156.995: Application time: 0.0541840 seconds
156.996: [GC [PSYoungGen: 15147K->1824K(15360K)] 28882K->15559K(49664K), 0.0006750 secs] [Times: user=0.01 sys=0.00, real=0.00 secs] 
156.997: Total time for which application threads were stopped: 0.0018100 seconds, Stopping threads took: 0.0010780 seconds
157.052: Application time: 0.0551570 seconds
157.052: [GC [PSYoungGen: 15131K->1984K(15360K)] 28866K->15719K(49664K), 0.0007250 secs] [Times: user=0.00 sys=0.00, real=0.00 secs] 
157.053: Total time for which application threads were stopped: 0.0008340 seconds, Stopping threads took: 0.0000450 seconds
157.113: Application time: 0.0595740 seconds
157.113: [GC [PSYoungGen: 15293K->1920K(15360K)] 29028K->15655K(49664K), 0.0006380 secs] [Times: user=0.00 sys=0.00, real=0.00 secs] 
157.113: Total time for which application threads were stopped: 0.0007610 seconds, Stopping threads took: 0.0000670 seconds
157.172: Application time: 0.0588660 seconds
157.172: [GC [PSYoungGen: 15229K->1872K(15360K)] 28964K->15607K(49664K), 0.0006890 secs] [Times: user=0.00 sys=0.00, real=0.00 secs] 
157.173: Total time for which application threads were stopped: 0.0008060 seconds, Stopping threads took: 0.0000600 seconds
157.232: Application time: 0.0585890 seconds
157.232: [GC [PSYoungGen: 15181K->1936K(15360K)] 28916K->15671K(49664K), 0.0006970 secs] [Times: user=0.00 sys=0.00, real=0.00 secs] 
157.232: Total time for which application threads were stopped: 0.0008070 seconds, Stopping threads took: 0.0000530 seconds
157.291: Application time: 0.0585890 seconds
157.291: [GC [PSYoungGen: 15245K->1840K(15360K)] 28980K->15655K(49664K), 0.0007570 secs] [Times: user=0.01 sys=0.00, real=0.00 secs] 
157.292: Total time for which application threads were stopped: 0.0008870 seconds, Stopping threads took: 0.0000710 seconds
157.350: Application time: 0.0585920 seconds
157.351: [GC [PSYoungGen: 15149K->1632K(15360K)] 28964K->15695K(49664K), 0.0006830 secs] [Times: user=0.01 sys=0.00, real=0.00 secs] 
157.351: Total time for which application threads were stopped: 0.0008200 seconds, Stopping threads took: 0.0000670 seconds
157.410: Application time: 0.0586670 seconds
157.410: [GC [PSYoungGen: 14941K->1440K(15360K)] 29004K->15747K(49664K), 0.0006310 secs] [Times: user=0.00 sys=0.00, real=0.00 secs] 
157.411: Total time for which application threads were stopped: 0.0007600 seconds, Stopping threads took: 0.0000700 seconds
157.470: Application time: 0.0588030 seconds
157.470: [GC [PSYoungGen: 14749K->1248K(15360K)] 29057K->15688K(49664K), 0.0006850 secs] [Times: user=0.00 sys=0.00, real=0.00 secs] 
157.470: Total time for which application threads were stopped: 0.0007990 seconds, Stopping threads took: 0.0000550 seconds
157.530: Application time: 0.0593770 seconds
157.530: [GC [PSYoungGen: 14557K->1312K(15360K)] 28997K->15752K(49664K), 0.0005480 secs] [Times: user=0.01 sys=0.00, real=0.00 secs] 
157.530: Total time for which application threads were stopped: 0.0006770 seconds, Stopping threads took: 0.0000750 seconds
157.590: Application time: 0.0592740 seconds
157.590: [GC [PSYoungGen: 14621K->1312K(15360K)] 29061K->15752K(49664K), 0.0005490 secs] [Times: user=0.00 sys=0.00, real=0.00 secs] 
157.590: Total time for which application threads were stopped: 0.0006690 seconds, Stopping threads took: 0.0000640 seconds
157.650: Application time: 0.0594240 seconds
157.650: [GC [PSYoungGen: 14621K->1312K(15360K)] 29061K->15752K(49664K), 0.0005500 secs] [Times: user=0.00 sys=0.00, real=0.00 secs] 
157.650: Total time for which application threads were stopped: 0.0006720 seconds, Stopping threads took: 0.0000550 seconds
157.710: Application time: 0.0596180 seconds
157.710: [GC [PSYoungGen: 14621K->1344K(15360K)] 29061K->15784K(49664K), 0.0005420 secs] [Times: user=0.00 sys=0.00, real=0.00 secs] 
157.711: Total time for which application threads were stopped: 0.0006570 seconds, Stopping threads took: 0.0000590 seconds
157.770: Application time: 0.0589770 seconds
157.770: [GC [PSYoungGen: 14653K->1088K(15360K)] 29093K->15756K(49664K), 0.0005430 secs] [Times: user=0.00 sys=0.00, real=0.00 secs] 
157.770: Total time for which application threads were stopped: 0.0006660 seconds, Stopping threads took: 0.0000630 seconds
157.818: Application time: 0.0481110 seconds
157.819: [GC [PSYoungGen: 14395K->1152K(15360K)] 29064K->16033K(49664K), 0.0005370 secs] [Times: user=0.00 sys=0.00, real=0.00 secs] 
157.819: Total time for which application threads were stopped: 0.0006620 seconds, Stopping threads took: 0.0000660 seconds
157.866: Application time: 0.0467010 seconds
157.866: [GC [PSYoungGen: 14459K->1024K(15360K)] 29340K->16178K(49664K), 0.0005180 secs] [Times: user=0.01 sys=0.00, real=0.00 secs] 
157.866: Total time for which application threads were stopped: 0.0006380 seconds, Stopping threads took: 0.0000550 seconds
157.908: Application time: 0.0412170 seconds
157.908: [GC [PSYoungGen: 14333K->512K(15360K)] 29488K->16219K(49664K), 0.0005060 secs] [Times: user=0.01 sys=0.00, real=0.01 secs] 
157.908: Total time for which application threads were stopped: 0.0006330 seconds, Stopping threads took: 0.0000690 seconds
157.966: Application time: 0.0579580 seconds
157.968: [GC [PSYoungGen: 13823K->512K(15360K)] 29530K->16219K(49664K), 0.0004280 secs] [Times: user=0.01 sys=0.00, real=0.00 secs] 
157.969: Total time for which application threads were stopped: 0.0024920 seconds, Stopping threads took: 0.0020100 seconds
158.027: Application time: 0.0579750 seconds
158.027: [GC [PSYoungGen: 13820K->512K(15360K)] 29527K->16219K(49664K), 0.0003990 secs] [Times: user=0.00 sys=0.00, real=0.00 secs] 
158.027: Total time for which application threads were stopped: 0.0005350 seconds, Stopping threads took: 0.0000810 seconds
158.086: Application time: 0.0584420 seconds
158.086: [GC [PSYoungGen: 13821K->512K(15360K)] 29528K->16219K(49664K), 0.0004190 secs] [Times: user=0.00 sys=0.00, real=0.00 secs] 
158.086: Total time for which application threads were stopped: 0.0005220 seconds, Stopping threads took: 0.0000490 seconds
158.138: Application time: 0.0515750 seconds
158.138: [GC [PSYoungGen: 13819K->704K(15360K)] 29527K->16411K(49664K), 0.0004150 secs] [Times: user=0.01 sys=0.00, real=0.00 secs] 
158.138: Total time for which application threads were stopped: 0.0005340 seconds, Stopping threads took: 0.0000640 seconds
158.176: Application time: 0.0376420 seconds
158.176: [GC [PSYoungGen: 14013K->1056K(15360K)] 29721K->16763K(49664K), 0.0004880 secs] [Times: user=0.00 sys=0.00, real=0.00 secs] 
158.177: Total time for which application threads were stopped: 0.0006040 seconds, Stopping threads took: 0.0000600 seconds
158.221: Application time: 0.0446940 seconds
158.221: [GC [PSYoungGen: 14367K->960K(15360K)] 30074K->16667K(49664K), 0.0004870 secs] [Times: user=0.00 sys=0.00, real=0.00 secs] 
158.222: Total time for which application threads were stopped: 0.0005790 seconds, Stopping threads took: 0.0000370 seconds
158.270: Application time: 0.0479760 seconds
158.270: [GC [PSYoungGen: 14271K->1200K(15360K)] 29979K->16907K(49664K), 0.0005430 secs] [Times: user=0.00 sys=0.00, real=0.00 secs] 
158.271: Total time for which application threads were stopped: 0.0006360 seconds, Stopping threads took: 0.0000420 seconds
158.302: Application time: 0.0318580 seconds
158.302: [GC [PSYoungGen: 14510K->1472K(15360K)] 30217K->17179K(49664K), 0.0005710 secs] [Times: user=0.00 sys=0.00, real=0.00 secs] 
158.303: Total time for which application threads were stopped: 0.0006710 seconds, Stopping threads took: 0.0000460 seconds
158.335: Application time: 0.0315190 seconds
158.335: [GC [PSYoungGen: 14781K->1936K(15360K)] 30488K->17643K(49664K), 0.0006940 secs] [Times: user=0.00 sys=0.00, real=0.00 secs] 
158.335: Total time for which application threads were stopped: 0.0007900 seconds, Stopping threads took: 0.0000410 seconds
158.370: Application time: 0.0348190 seconds
158.370: [GC [PSYoungGen: 15244K->1952K(15360K)] 30951K->17659K(49664K), 0.0007530 secs] [Times: user=0.00 sys=0.00, real=0.00 secs] 
158.372: Total time for which application threads were stopped: 0.0016260 seconds, Stopping threads took: 0.0000720 seconds
158.424: Application time: 0.0523720 seconds
158.424: [GC [PSYoungGen: 15263K->1904K(15360K)] 30971K->17611K(49664K), 0.0007420 secs] [Times: user=0.01 sys=0.00, real=0.00 secs] 
158.425: Total time for which application threads were stopped: 0.0008740 seconds, Stopping threads took: 0.0000740 seconds
158.481: Application time: 0.0558240 seconds
158.481: [GC [PSYoungGen: 15213K->1920K(15360K)] 30920K->17627K(49664K), 0.0006890 secs] [Times: user=0.00 sys=0.00, real=0.00 secs] 
158.482: Total time for which application threads were stopped: 0.0008050 seconds, Stopping threads took: 0.0000590 seconds
158.540: Application time: 0.0582970 seconds
158.545: [GC [PSYoungGen: 15229K->1888K(15360K)] 30936K->17595K(49664K), 0.0006990 secs] [Times: user=0.00 sys=0.00, real=0.00 secs] 
158.545: Total time for which application threads were stopped: 0.0052580 seconds, Stopping threads took: 0.0045030 seconds
158.599: Application time: 0.0540550 seconds
158.599: [GC [PSYoungGen: 15196K->1936K(15360K)] 30903K->17643K(49664K), 0.0007500 secs] [Times: user=0.00 sys=0.00, real=0.00 secs] 
158.600: Total time for which application threads were stopped: 0.0009040 seconds, Stopping threads took: 0.0000970 seconds
158.659: Application time: 0.0583540 seconds
158.659: [GC [PSYoungGen: 15247K->1872K(15360K)] 30954K->17579K(49664K), 0.0007020 secs] [Times: user=0.00 sys=0.00, real=0.00 secs] 
158.659: Total time for which application threads were stopped: 0.0008270 seconds, Stopping threads took: 0.0000680 seconds
158.714: Application time: 0.0541740 seconds
158.714: [GC [PSYoungGen: 15180K->1936K(15360K)] 30887K->17643K(49664K), 0.0006640 secs] [Times: user=0.00 sys=0.00, real=0.00 secs] 
158.714: Total time for which application threads were stopped: 0.0007630 seconds, Stopping threads took: 0.0000460 seconds
158.769: Application time: 0.0545200 seconds
158.769: [GC [PSYoungGen: 15247K->1936K(15360K)] 30955K->17643K(49664K), 0.0006830 secs] [Times: user=0.00 sys=0.00, real=0.00 secs] 
158.770: Total time for which application threads were stopped: 0.0007990 seconds, Stopping threads took: 0.0000620 seconds
158.828: Application time: 0.0586340 seconds
158.828: [GC [PSYoungGen: 15245K->1888K(15360K)] 30952K->17595K(49664K), 0.0007050 secs] [Times: user=0.00 sys=0.00, real=0.00 secs] 
158.829: Total time for which application threads were stopped: 0.0008140 seconds, Stopping threads took: 0.0000540 seconds
158.888: Application time: 0.0589390 seconds
158.888: [GC [PSYoungGen: 15197K->1872K(15360K)] 30905K->17579K(49664K), 0.0006780 secs] [Times: user=0.01 sys=0.00, real=0.01 secs] 
158.889: Total time for which application threads were stopped: 0.0007890 seconds, Stopping threads took: 0.0000470 seconds
158.947: Application time: 0.0586010 seconds
158.948: [GC [PSYoungGen: 15181K->1904K(15360K)] 30888K->17659K(49664K), 0.0007060 secs] [Times: user=0.01 sys=0.00, real=0.01 secs] 
158.948: Total time for which application threads were stopped: 0.0008190 seconds, Stopping threads took: 0.0000560 seconds
159.007: Application time: 0.0584830 seconds
159.007: [GC [PSYoungGen: 15213K->1888K(15360K)] 30969K->17699K(49664K), 0.0006690 secs] [Times: user=0.00 sys=0.00, real=0.00 secs] 
159.008: Total time for which application threads were stopped: 0.0007750 seconds, Stopping threads took: 0.0000510 seconds
159.066: Application time: 0.0586600 seconds
159.066: [GC [PSYoungGen: 15197K->1664K(15360K)] 31009K->17728K(49664K), 0.0006910 secs] [Times: user=0.00 sys=0.00, real=0.00 secs] 
159.067: Total time for which application threads were stopped: 0.0008170 seconds, Stopping threads took: 0.0000620 seconds
159.127: Application time: 0.0596760 seconds
159.127: [GC [PSYoungGen: 14973K->1440K(15360K)] 31037K->17748K(49664K), 0.0006700 secs] [Times: user=0.00 sys=0.00, real=0.00 secs] 
159.127: Total time for which application threads were stopped: 0.0007850 seconds, Stopping threads took: 0.0000610 seconds
159.187: Application time: 0.0591580 seconds
159.187: [GC [PSYoungGen: 14749K->1280K(15360K)] 31057K->17744K(49664K), 0.0006170 secs] [Times: user=0.00 sys=0.00, real=0.00 secs] 
159.187: Total time for which application threads were stopped: 0.0007330 seconds, Stopping threads took: 0.0000600 seconds
159.247: Application time: 0.0593360 seconds
159.247: [GC [PSYoungGen: 14589K->1280K(15360K)] 31053K->17744K(49664K), 0.0005550 secs] [Times: user=0.00 sys=0.00, real=0.00 secs] 
159.247: Total time for which application threads were stopped: 0.0006830 seconds, Stopping threads took: 0.0000710 seconds
159.307: Application time: 0.0599300 seconds
159.307: [GC [PSYoungGen: 14589K->1280K(15360K)] 31053K->17744K(49664K), 0.0005350 secs] [Times: user=0.00 sys=0.00, real=0.00 secs] 
159.308: Total time for which application threads were stopped: 0.0006540 seconds, Stopping threads took: 0.0000620 seconds
159.368: Application time: 0.0598280 seconds
159.368: [GC [PSYoungGen: 14589K->1248K(15360K)] 31053K->17712K(49664K), 0.0005540 secs] [Times: user=0.00 sys=0.00, real=0.01 secs] 
159.369: Total time for which application threads were stopped: 0.0006850 seconds, Stopping threads took: 0.0000760 seconds
159.428: Application time: 0.0592110 seconds
159.428: [GC [PSYoungGen: 14557K->1248K(15360K)] 31021K->17712K(49664K), 0.0005660 secs] [Times: user=0.01 sys=0.00, real=0.01 secs] 
159.428: Total time for which application threads were stopped: 0.0006890 seconds, Stopping threads took: 0.0000560 seconds
159.488: Application time: 0.0591750 seconds
159.488: [GC [PSYoungGen: 14557K->928K(15360K)] 31021K->17793K(49664K), 0.0005850 secs] [Times: user=0.00 sys=0.00, real=0.01 secs] 
159.488: Total time for which application threads were stopped: 0.0006900 seconds, Stopping threads took: 0.0000500 seconds
159.542: Application time: 0.0541650 seconds
159.543: [GC [PSYoungGen: 14236K->1056K(15360K)] 31102K->17921K(49664K), 0.0005010 secs] [Times: user=0.01 sys=0.00, real=0.00 secs] 
159.543: Total time for which application threads were stopped: 0.0006240 seconds, Stopping threads took: 0.0000670 seconds
159.582: Application time: 0.0388980 seconds
159.582: Total time for which application threads were stopped: 0.0000820 seconds, Stopping threads took: 0.0000600 seconds
159.582: Application time: 0.0000390 seconds
159.582: [GC [PSYoungGen: 14326K->800K(15360K)] 31320K->18202K(49664K), 0.0005390 secs] [Times: user=0.00 sys=0.00, real=0.00 secs] 
159.583: Total time for which application threads were stopped: 0.0006150 seconds, Stopping threads took: 0.0000360 seconds
159.628: Application time: 0.0453610 seconds
159.632: [GC [PSYoungGen: 14111K->544K(15360K)] 31798K->18647K(49664K), 0.0005440 secs] [Times: user=0.00 sys=0.00, real=0.00 secs] 
159.633: Total time for which application threads were stopped: 0.0048240 seconds, Stopping threads took: 0.0042240 seconds
159.689: Application time: 0.0560100 seconds
159.689: [GC [PSYoungGen: 13852K->544K(15360K)] 31956K->18647K(49664K), 0.0004080 secs] [Times: user=0.00 sys=0.00, real=0.00 secs] 
159.689: Total time for which application threads were stopped: 0.0005060 seconds, Stopping threads took: 0.0000430 seconds
159.748: Application time: 0.0584950 seconds
159.748: [GC [PSYoungGen: 13853K->512K(15360K)] 31957K->18615K(49664K), 0.0004870 secs] [Times: user=0.01 sys=0.00, real=0.01 secs] 
159.749: Total time for which application threads were stopped: 0.0006010 seconds, Stopping threads took: 0.0000550 seconds
159.807: Application time: 0.0581610 seconds
159.807: [GC [PSYoungGen: 13821K->512K(15360K)] 31925K->18615K(49664K), 0.0004200 secs] [Times: user=0.00 sys=0.00, real=0.00 secs] 
159.807: Total time for which application threads were stopped: 0.0005490 seconds, Stopping threads took: 0.0000670 seconds
159.859: Application time: 0.0514170 seconds
159.859: [GC [PSYoungGen: 13819K->768K(15360K)] 31923K->18872K(49664K), 0.0004570 secs] [Times: user=0.00 sys=0.00, real=0.00 secs] 
159.859: Total time for which application threads were stopped: 0.0005800 seconds, Stopping threads took: 0.0000650 seconds
159.895: Application time: 0.0354150 seconds
159.895: [GC [PSYoungGen: 14075K->960K(15360K)] 32179K->19064K(49664K), 0.0004670 secs] [Times: user=0.00 sys=0.00, real=0.00 secs] 
159.895: Total time for which application threads were stopped: 0.0005760 seconds, Stopping threads took: 0.0000520 seconds
159.943: Application time: 0.0479720 seconds
159.943: [GC [PSYoungGen: 14271K->896K(15360K)] 32375K->19000K(49664K), 0.0005190 secs] [Times: user=0.00 sys=0.00, real=0.00 secs] 
159.944: Total time for which application threads were stopped: 0.0006360 seconds, Stopping threads took: 0.0000540 seconds
159.991: Application time: 0.0473570 seconds
159.991: [GC [PSYoungGen: 14205K->1408K(15360K)] 32309K->19512K(49664K), 0.0005710 secs] [Times: user=0.01 sys=0.00, real=0.00 secs] 
159.992: Total time for which application threads were stopped: 0.0006790 seconds, Stopping threads took: 0.0000540 seconds
160.023: Application time: 0.0310300 seconds
160.024: [GC [PSYoungGen: 14716K->1408K(15360K)] 32820K->19512K(49664K), 0.0007320 secs] [Times: user=0.00 sys=0.00, real=0.00 secs] 
160.025: Total time for which application threads were stopped: 0.0021870 seconds, Stopping threads took: 0.0013880 seconds
160.062: Application time: 0.0366160 seconds
160.062: [GC [PSYoungGen: 14718K->1888K(15360K)] 32822K->19992K(49664K), 0.0006870 secs] [Times: user=0.01 sys=0.00, real=0.00 secs] 
160.063: Total time for which application threads were stopped: 0.0008090 seconds, Stopping threads took: 0.0000640 seconds
160.095: Application time: 0.0319880 seconds
160.095: [GC [PSYoungGen: 15199K->1920K(15360K)] 33303K->20024K(49664K), 0.0007350 secs] [Times: user=0.01 sys=0.00, real=0.00 secs] 
160.095: Total time for which application threads were stopped: 0.0008520 seconds, Stopping threads took: 0.0000590 seconds
160.149: Application time: 0.0534510 seconds
160.149: [GC [PSYoungGen: 15227K->1920K(15360K)] 33331K->20024K(49664K), 0.0007640 secs] [Times: user=0.00 sys=0.00, real=0.00 secs] 
160.150: Total time for which application threads were stopped: 0.0008820 seconds, Stopping threads took: 0.0000640 seconds
160.205: Application time: 0.0552010 seconds
160.205: [GC [PSYoungGen: 15230K->1920K(15360K)] 33334K->20024K(49664K), 0.0006970 secs] [Times: user=0.00 sys=0.00, real=0.00 secs] 
160.206: Total time for which application threads were stopped: 0.0008050 seconds, Stopping threads took: 0.0000520 seconds
160.263: Application time: 0.0574500 seconds
160.263: [GC [PSYoungGen: 15229K->1968K(15360K)] 33333K->20072K(49664K), 0.0007310 secs] [Times: user=0.00 sys=0.00, real=0.00 secs] 
160.264: Total time for which application threads were stopped: 0.0008330 seconds, Stopping threads took: 0.0000480 seconds
160.318: Application time: 0.0542780 seconds
160.318: [GC [PSYoungGen: 15276K->1904K(15360K)] 33380K->20008K(49664K), 0.0006910 secs] [Times: user=0.01 sys=0.00, real=0.00 secs] 
160.319: Total time for which application threads were stopped: 0.0008060 seconds, Stopping threads took: 0.0000600 seconds
160.376: Application time: 0.0572640 seconds
160.376: [GC [PSYoungGen: 15213K->1856K(15360K)] 33317K->19960K(49664K), 0.0006900 secs] [Times: user=0.00 sys=0.00, real=0.00 secs] 
160.377: Total time for which application threads were stopped: 0.0007990 seconds, Stopping threads took: 0.0000540 seconds
160.432: Application time: 0.0545270 seconds
160.432: [GC [PSYoungGen: 15117K->1808K(15360K)] 33221K->19912K(49664K), 0.0006750 secs] [Times: user=0.00 sys=0.00, real=0.00 secs] 
160.432: Total time for which application threads were stopped: 0.0007890 seconds, Stopping threads took: 0.0000570 seconds
160.489: Application time: 0.0567930 seconds
160.489: [GC [PSYoungGen: 15117K->1872K(15360K)] 33221K->19976K(49664K), 0.0007010 secs] [Times: user=0.01 sys=0.00, real=0.00 secs] 
160.490: Total time for which application threads were stopped: 0.0008310 seconds, Stopping threads took: 0.0000620 seconds
160.548: Application time: 0.0574800 seconds
160.548: [GC [PSYoungGen: 15183K->1936K(15360K)] 33287K->20040K(49664K), 0.0006830 secs] [Times: user=0.01 sys=0.00, real=0.01 secs] 
160.548: Total time for which application threads were stopped: 0.0008100 seconds, Stopping threads took: 0.0000680 seconds
160.607: Application time: 0.0590860 seconds
160.608: [GC [PSYoungGen: 15245K->1856K(15360K)] 33349K->19960K(49664K), 0.0006980 secs] [Times: user=0.00 sys=0.00, real=0.01 secs] 
160.608: Total time for which application threads were stopped: 0.0008080 seconds, Stopping threads took: 0.0000550 seconds
160.667: Application time: 0.0587270 seconds
160.668: [GC [PSYoungGen: 15165K->1824K(15360K)] 33269K->19976K(49664K), 0.0007110 secs] [Times: user=0.00 sys=0.00, real=0.00 secs] 
160.669: Total time for which application threads were stopped: 0.0020410 seconds, Stopping threads took: 0.0012710 seconds
160.728: Application time: 0.0586700 seconds
160.728: [GC [PSYoungGen: 15133K->1824K(15360K)] 33285K->19976K(49664K), 0.0006800 secs] [Times: user=0.01 sys=0.00, real=0.01 secs] 
160.729: Total time for which application threads were stopped: 0.0007900 seconds, Stopping threads took: 0.0000540 seconds
160.787: Application time: 0.0587250 seconds
160.787: [GC [PSYoungGen: 15133K->1600K(15360K)] 33285K->20044K(49664K), 0.0006840 secs] [Times: user=0.00 sys=0.00, real=0.00 secs] 
160.788: Total time for which application threads were stopped: 0.0008060 seconds, Stopping threads took: 0.0000640 seconds
160.847: Application time: 0.0585700 seconds
160.847: [GC [PSYoungGen: 14909K->1392K(15360K)] 33354K->20068K(49664K), 0.0006420 secs] [Times: user=0.00 sys=0.00, real=0.00 secs] 
160.847: Total time for which application threads were stopped: 0.0007600 seconds, Stopping threads took: 0.0000610 seconds
160.906: Application time: 0.0587080 seconds
160.906: [GC [PSYoungGen: 14701K->1216K(15360K)] 33378K->20036K(49664K), 0.0005890 secs] [Times: user=0.01 sys=0.00, real=0.00 secs] 
160.907: Total time for which application threads were stopped: 0.0007120 seconds, Stopping threads took: 0.0000650 seconds
160.966: Application time: 0.0589950 seconds
160.966: [GC [PSYoungGen: 14525K->1248K(15360K)] 33346K->20068K(49664K), 0.0005350 secs] [Times: user=0.00 sys=0.00, real=0.00 secs] 
160.966: Total time for which application threads were stopped: 0.0006550 seconds, Stopping threads took: 0.0000650 seconds
161.026: Application time: 0.0597400 seconds
161.026: [GC [PSYoungGen: 14557K->1280K(15360K)] 33378K->20100K(49664K), 0.0005830 secs] [Times: user=0.00 sys=0.00, real=0.00 secs] 
161.027: Total time for which application threads were stopped: 0.0007110 seconds, Stopping threads took: 0.0000580 seconds
161.086: Application time: 0.0589500 seconds
161.086: [GC [PSYoungGen: 14589K->1248K(15360K)] 33410K->20068K(49664K), 0.0005580 secs] [Times: user=0.01 sys=0.00, real=0.00 secs] 
161.087: Total time for which application threads were stopped: 0.0006830 seconds, Stopping threads took: 0.0000690 seconds
161.146: Application time: 0.0598950 seconds
161.147: [GC [PSYoungGen: 14557K->1184K(15360K)] 33378K->20004K(49664K), 0.0006110 secs] [Times: user=0.00 sys=0.00, real=0.00 secs] 
161.147: Total time for which application threads were stopped: 0.0007370 seconds, Stopping threads took: 0.0000700 seconds
161.206: Application time: 0.0587280 seconds
161.206: [GC [PSYoungGen: 14493K->832K(15360K)] 33314K->20053K(49664K), 0.0005920 secs] [Times: user=0.00 sys=0.00, real=0.00 secs] 
161.207: Total time for which application threads were stopped: 0.0007190 seconds, Stopping threads took: 0.0000710 seconds
161.259: Application time: 0.0522710 seconds
161.259: [GC [PSYoungGen: 14143K->1184K(15360K)] 33365K->20405K(49664K), 0.0005040 secs] [Times: user=0.00 sys=0.00, real=0.00 secs] 
161.260: Total time for which application threads were stopped: 0.0006250 seconds, Stopping threads took: 0.0000570 seconds
161.298: Application time: 0.0383100 seconds
161.298: [GC [PSYoungGen: 14492K->1088K(15360K)] 33714K->20583K(49664K), 0.0005500 secs] [Times: user=0.00 sys=0.00, real=0.00 secs] 
161.299: Total time for which application threads were stopped: 0.0006770 seconds, Stopping threads took: 0.0000710 seconds
161.344: Application time: 0.0458470 seconds
161.344: [GC [PSYoungGen: 14399K->704K(15360K)] 33894K->20547K(49664K), 0.0004850 secs] [Times: user=0.00 sys=0.00, real=0.00 secs] 
161.345: Total time for which application threads were stopped: 0.0005870 seconds, Stopping threads took: 0.0000500 seconds
161.401: Application time: 0.0560580 seconds
161.401: [GC [PSYoungGen: 14014K->576K(15360K)] 33857K->20640K(49664K), 0.0004380 secs] [Times: user=0.00 sys=0.00, real=0.00 secs] 
161.402: Total time for which application threads were stopped: 0.0005520 seconds, Stopping threads took: 0.0000590 seconds
161.460: Application time: 0.0588640 seconds
161.461: [GC [PSYoungGen: 13885K->480K(15360K)] 33949K->20544K(49664K), 0.0004240 secs] [Times: user=0.00 sys=0.00, real=0.00 secs] 
161.461: Total time for which application threads were stopped: 0.0005460 seconds, Stopping threads took: 0.0000670 seconds
161.519: Application time: 0.0583180 seconds
161.519: [GC [PSYoungGen: 13789K->608K(15360K)] 33853K->20672K(49664K), 0.0004350 secs] [Times: user=0.00 sys=0.00, real=0.00 secs] 
161.520: Total time for which application threads were stopped: 0.0005510 seconds, Stopping threads took: 0.0000620 seconds
161.574: Application time: 0.0545860 seconds
161.575: [GC [PSYoungGen: 13919K->704K(15360K)] 33983K->20768K(49664K), 0.0004390 secs] [Times: user=0.00 sys=0.00, real=0.00 secs] 
161.575: Total time for which application threads were stopped: 0.0005510 seconds, Stopping threads took: 0.0000500 seconds
161.607: Application time: 0.0316370 seconds
161.607: [GC [PSYoungGen: 14015K->992K(15360K)] 34079K->21056K(49664K), 0.0004960 secs] [Times: user=0.01 sys=0.00, real=0.00 secs] 
161.607: Total time for which application threads were stopped: 0.0006340 seconds, Stopping threads took: 0.0000840 seconds
161.656: Application time: 0.0486710 seconds
161.656: [GC [PSYoungGen: 14303K->960K(15360K)] 34368K->21024K(49664K), 0.0005000 secs] [Times: user=0.00 sys=0.00, real=0.00 secs] 
161.657: Total time for which application threads were stopped: 0.0006120 seconds, Stopping threads took: 0.0000560 seconds
161.708: Application time: 0.0513020 seconds
161.708: [GC [PSYoungGen: 14271K->1200K(15360K)] 34335K->21264K(49664K), 0.0005480 secs] [Times: user=0.00 sys=0.00, real=0.01 secs] 
161.709: Total time for which application threads were stopped: 0.0006570 seconds, Stopping threads took: 0.0000520 seconds
161.739: Application time: 0.0307490 seconds
161.739: [GC [PSYoungGen: 14510K->1408K(15360K)] 34574K->21472K(49664K), 0.0006460 secs] [Times: user=0.00 sys=0.00, real=0.00 secs] 
161.740: Total time for which application threads were stopped: 0.0007530 seconds, Stopping threads took: 0.0000540 seconds
161.776: Application time: 0.0358650 seconds
161.776: [GC [PSYoungGen: 14716K->1712K(15360K)] 34780K->21776K(49664K), 0.0006510 secs] [Times: user=0.00 sys=0.00, real=0.00 secs] 
161.777: Total time for which application threads were stopped: 0.0007590 seconds, Stopping threads took: 0.0000520 seconds
161.811: Application time: 0.0344020 seconds
161.811: [GC [PSYoungGen: 15022K->1904K(15360K)] 35086K->21968K(49664K), 0.0007080 secs] [Times: user=0.00 sys=0.00, real=0.00 secs] 
161.812: Total time for which application threads were stopped: 0.0008160 seconds, Stopping threads took: 0.0000510 seconds
161.858: Application time: 0.0463570 seconds
161.858: [GC [PSYoungGen: 15213K->1888K(15360K)] 35277K->21952K(49664K), 0.0007620 secs] [Times: user=0.00 sys=0.00, real=0.00 secs] 
161.859: Total time for which application threads were stopped: 0.0008810 seconds, Stopping threads took: 0.0000590 seconds
161.914: Application time: 0.0549170 seconds
161.914: [GC [PSYoungGen: 15196K->1920K(15360K)] 35260K->21984K(49664K), 0.0007590 secs] [Times: user=0.00 sys=0.00, real=0.00 secs] 
161.915: Total time for which application threads were stopped: 0.0008960 seconds, Stopping threads took: 0.0000800 seconds
161.972: Application time: 0.0572850 seconds
161.972: [GC [PSYoungGen: 15229K->1856K(15360K)] 35293K->21920K(49664K), 0.0007220 secs] [Times: user=0.00 sys=0.00, real=0.00 secs] 
161.973: Total time for which application threads were stopped: 0.0008430 seconds, Stopping threads took: 0.0000650 seconds
162.027: Application time: 0.0537060 seconds
162.027: [GC [PSYoungGen: 15164K->1920K(15360K)] 35228K->21984K(49664K), 0.0006740 secs] [Times: user=0.00 sys=0.00, real=0.00 secs] 
162.028: Total time for which application threads were stopped: 0.0007800 seconds, Stopping threads took: 0.0000480 seconds
162.085: Application time: 0.0572800 seconds
162.085: [GC [PSYoungGen: 15229K->1856K(15360K)] 35293K->21920K(49664K), 0.0007200 secs] [Times: user=0.01 sys=0.00, real=0.00 secs] 
162.086: Total time for which application threads were stopped: 0.0008650 seconds, Stopping threads took: 0.0000780 seconds
162.141: Application time: 0.0552390 seconds
162.141: [GC [PSYoungGen: 15056K->1808K(15360K)] 35120K->21872K(49664K), 0.0006720 secs] [Times: user=0.00 sys=0.00, real=0.00 secs] 
162.142: Total time for which application threads were stopped: 0.0007820 seconds, Stopping threads took: 0.0000530 seconds
162.197: Application time: 0.0548470 seconds
162.197: [GC [PSYoungGen: 15115K->1936K(15360K)] 35179K->22000K(49664K), 0.0006610 secs] [Times: user=0.00 sys=0.00, real=0.00 secs] 
162.197: Total time for which application threads were stopped: 0.0007690 seconds, Stopping threads took: 0.0000500 seconds
162.254: Application time: 0.0566530 seconds
162.254: [GC [PSYoungGen: 15246K->1936K(15360K)] 35310K->22000K(49664K), 0.0006890 secs] [Times: user=0.01 sys=0.00, real=0.00 secs] 
162.255: Total time for which application threads were stopped: 0.0008080 seconds, Stopping threads took: 0.0000620 seconds
162.314: Application time: 0.0589190 seconds
162.314: [GC [PSYoungGen: 15245K->1904K(15360K)] 35309K->21968K(49664K), 0.0007280 secs] [Times: user=0.00 sys=0.00, real=0.00 secs] 
162.315: Total time for which application threads were stopped: 0.0008320 seconds, Stopping threads took: 0.0000480 seconds
162.373: Application time: 0.0587500 seconds
162.373: [GC [PSYoungGen: 15213K->1872K(15360K)] 35277K->21984K(49664K), 0.0006980 secs] [Times: user=0.00 sys=0.00, real=0.00 secs] 
162.374: Total time for which application threads were stopped: 0.0008170 seconds, Stopping threads took: 0.0000620 seconds
162.433: Application time: 0.0586180 seconds
162.433: [GC [PSYoungGen: 15181K->1888K(15360K)] 35293K->22000K(49664K), 0.0007130 secs] [Times: user=0.01 sys=0.00, real=0.00 secs] 
162.434: Total time for which application threads were stopped: 0.0008410 seconds, Stopping threads took: 0.0000720 seconds
162.493: Application time: 0.0590390 seconds
162.493: [GC [PSYoungGen: 15197K->1632K(15360K)] 35309K->22036K(49664K), 0.0006920 secs] [Times: user=0.00 sys=0.00, real=0.00 secs] 
162.493: Total time for which application threads were stopped: 0.0008310 seconds, Stopping threads took: 0.0000780 seconds
162.553: Application time: 0.0597100 seconds
162.553: [GC [PSYoungGen: 14943K->1440K(15360K)] 35348K->22076K(49664K), 0.0006900 secs] [Times: user=0.00 sys=0.00, real=0.00 secs] 
162.554: Total time for which application threads were stopped: 0.0008180 seconds, Stopping threads took: 0.0000690 seconds
162.613: Application time: 0.0588490 seconds
162.613: [GC [PSYoungGen: 14749K->1280K(15360K)] 35386K->22028K(49664K), 0.0005740 secs] [Times: user=0.00 sys=0.00, real=0.00 secs] 
162.614: Total time for which application threads were stopped: 0.0007030 seconds, Stopping threads took: 0.0000630 seconds
162.674: Application time: 0.0602550 seconds
162.674: [GC [PSYoungGen: 14589K->1248K(15360K)] 35338K->22044K(49664K), 0.0005850 secs] [Times: user=0.00 sys=0.00, real=0.00 secs] 
162.675: Total time for which application threads were stopped: 0.0007170 seconds, Stopping threads took: 0.0000670 seconds
162.734: Application time: 0.0589870 seconds
162.734: [GC [PSYoungGen: 14557K->1280K(15360K)] 35354K->22076K(49664K), 0.0005290 secs] [Times: user=0.00 sys=0.00, real=0.00 secs] 
162.734: Total time for which application threads were stopped: 0.0006500 seconds, Stopping threads took: 0.0000650 seconds
162.793: Application time: 0.0592430 seconds
162.794: [GC [PSYoungGen: 14589K->1312K(15360K)] 35386K->22108K(49664K), 0.0005890 secs] [Times: user=0.00 sys=0.00, real=0.00 secs] 
162.794: Total time for which application threads were stopped: 0.0007170 seconds, Stopping threads took: 0.0000720 seconds
162.853: Application time: 0.0591060 seconds
162.853: [GC [PSYoungGen: 14621K->1312K(15360K)] 35418K->22108K(49664K), 0.0005550 secs] [Times: user=0.00 sys=0.00, real=0.00 secs] 
162.854: Total time for which application threads were stopped: 0.0006700 seconds, Stopping threads took: 0.0000590 seconds
162.913: Application time: 0.0593550 seconds
162.913: [GC [PSYoungGen: 14621K->864K(15360K)] 35418K->22073K(49664K), 0.0005850 secs] [Times: user=0.00 sys=0.00, real=0.00 secs] 
162.914: Total time for which application threads were stopped: 0.0007000 seconds, Stopping threads took: 0.0000580 seconds
162.964: Application time: 0.0498930 seconds
162.964: [GC [PSYoungGen: 14172K->1120K(15360K)] 35381K->22329K(49664K), 0.0005200 secs] [Times: user=0.00 sys=0.00, real=0.00 secs] 
162.965: Total time for which application threads were stopped: 0.0006300 seconds, Stopping threads took: 0.0000500 seconds
163.011: Application time: 0.0461770 seconds
163.011: [GC [PSYoungGen: 14431K->1248K(15360K)] 35640K->22526K(49664K), 0.0005550 secs] [Times: user=0.00 sys=0.00, real=0.00 secs] 
163.011: Total time for which application threads were stopped: 0.0006650 seconds, Stopping threads took: 0.0000560 seconds
163.053: Application time: 0.0415980 seconds
163.053: [GC [PSYoungGen: 14557K->704K(15360K)] 35835K->22538K(49664K), 0.0005090 secs] [Times: user=0.00 sys=0.00, real=0.00 secs] 
163.054: Total time for which application threads were stopped: 0.0006040 seconds, Stopping threads took: 0.0000440 seconds
163.112: Application time: 0.0580160 seconds
163.112: [GC [PSYoungGen: 14015K->512K(15360K)] 35850K->22575K(49664K), 0.0004230 secs] [Times: user=0.00 sys=0.00, real=0.00 secs] 
163.112: Total time for which application threads were stopped: 0.0005280 seconds, Stopping threads took: 0.0000510 seconds
163.169: Application time: 0.0572420 seconds
163.169: [GC [PSYoungGen: 13823K->544K(15360K)] 35886K->22607K(49664K), 0.0004340 secs] [Times: user=0.00 sys=0.00, real=0.00 secs] 
163.170: Total time for which application threads were stopped: 0.0005440 seconds, Stopping threads took: 0.0000470 seconds
163.228: Application time: 0.0585480 seconds
163.229: [GC [PSYoungGen: 13853K->512K(15360K)] 35916K->22575K(49664K), 0.0004220 secs] [Times: user=0.00 sys=0.00, real=0.00 secs] 
163.229: Total time for which application threads were stopped: 0.0005360 seconds, Stopping threads took: 0.0000580 seconds
163.286: Application time: 0.0568730 seconds
163.286: [GC [PSYoungGen: 13823K->672K(15360K)] 35886K->22735K(49664K), 0.0004580 secs] [Times: user=0.00 sys=0.00, real=0.00 secs] 
163.286: Total time for which application threads were stopped: 0.0005610 seconds, Stopping threads took: 0.0000500 seconds
163.320: Application time: 0.0332250 seconds
163.320: [GC [PSYoungGen: 13982K->928K(15360K)] 36045K->22991K(49664K), 0.0005210 secs] [Times: user=0.01 sys=0.00, real=0.01 secs] 
163.320: Total time for which application threads were stopped: 0.0006310 seconds, Stopping threads took: 0.0000520 seconds
163.365: Application time: 0.0444800 seconds
163.365: [GC [PSYoungGen: 14237K->896K(15360K)] 36300K->22959K(49664K), 0.0005360 secs] [Times: user=0.00 sys=0.00, real=0.00 secs] 
163.365: Total time for which application threads were stopped: 0.0006440 seconds, Stopping threads took: 0.0000500 seconds
163.417: Application time: 0.0515430 seconds
163.417: [GC [PSYoungGen: 14207K->1136K(15360K)] 36270K->23199K(49664K), 0.0021460 secs] [Times: user=0.00 sys=0.00, real=0.00 secs] 
163.419: Total time for which application threads were stopped: 0.0022830 seconds, Stopping threads took: 0.0000800 seconds
163.453: Application time: 0.0339620 seconds
163.453: [GC [PSYoungGen: 14446K->1376K(15360K)] 36509K->23439K(49664K), 0.0005860 secs] [Times: user=0.00 sys=0.00, real=0.00 secs] 
163.454: Total time for which application threads were stopped: 0.0006770 seconds, Stopping threads took: 0.0000370 seconds
163.485: Application time: 0.0316160 seconds
163.486: [GC [PSYoungGen: 14686K->1776K(15360K)] 36749K->23839K(49664K), 0.0006370 secs] [Times: user=0.01 sys=0.00, real=0.00 secs] 
163.486: Total time for which application threads were stopped: 0.0007370 seconds, Stopping threads took: 0.0000460 seconds
163.523: Application time: 0.0365990 seconds
163.523: [GC [PSYoungGen: 15086K->1968K(15360K)] 37149K->24031K(49664K), 0.0007100 secs] [Times: user=0.00 sys=0.00, real=0.00 secs] 
163.524: Total time for which application threads were stopped: 0.0008150 seconds, Stopping threads took: 0.0000490 seconds
163.569: Application time: 0.0455730 seconds
163.569: [GC [PSYoungGen: 15277K->1936K(15360K)] 37340K->23999K(49664K), 0.0006940 secs] [Times: user=0.00 sys=0.00, real=0.00 secs] 
163.570: Total time for which application threads were stopped: 0.0008060 seconds, Stopping threads took: 0.0000560 seconds
163.625: Application time: 0.0547380 seconds
163.625: [GC [PSYoungGen: 15246K->1936K(15360K)] 37310K->23999K(49664K), 0.0007080 secs] [Times: user=0.00 sys=0.00, real=0.00 secs] 
163.626: Total time for which application threads were stopped: 0.0008170 seconds, Stopping threads took: 0.0000530 seconds
163.683: Application time: 0.0572830 seconds
163.683: [GC [PSYoungGen: 15247K->1920K(15360K)] 37310K->23983K(49664K), 0.0007820 secs] [Times: user=0.00 sys=0.00, real=0.00 secs] 
163.684: Total time for which application threads were stopped: 0.0009020 seconds, Stopping threads took: 0.0000550 seconds
163.739: Application time: 0.0550970 seconds
163.739: [GC [PSYoungGen: 15230K->1920K(15360K)] 37293K->23983K(49664K), 0.0006950 secs] [Times: user=0.01 sys=0.00, real=0.00 secs] 
163.740: Total time for which application threads were stopped: 0.0008080 seconds, Stopping threads took: 0.0000580 seconds
163.796: Application time: 0.0565370 seconds
163.796: [GC [PSYoungGen: 15228K->1904K(15360K)] 37291K->23967K(49664K), 0.0006940 secs] [Times: user=0.01 sys=0.00, real=0.00 secs] 
163.797: Total time for which application threads were stopped: 0.0008100 seconds, Stopping threads took: 0.0000590 seconds
163.854: Application time: 0.0568610 seconds
163.854: [GC [PSYoungGen: 15215K->1936K(15360K)] 37278K->23999K(49664K), 0.0007160 secs] [Times: user=0.00 sys=0.00, real=0.00 secs] 
163.855: Total time for which application threads were stopped: 0.0008300 seconds, Stopping threads took: 0.0000550 seconds
163.908: Application time: 0.0535870 seconds
163.908: [GC [PSYoungGen: 15246K->1984K(15360K)] 37309K->24047K(49664K), 0.0007370 secs] [Times: user=0.00 sys=0.00, real=0.00 secs] 
163.909: Total time for which application threads were stopped: 0.0008380 seconds, Stopping threads took: 0.0000470 seconds
163.966: Application time: 0.0567690 seconds
163.966: [GC [PSYoungGen: 15292K->1952K(15360K)] 37356K->24015K(49664K), 0.0007400 secs] [Times: user=0.01 sys=0.00, real=0.00 secs] 
163.967: Total time for which application threads were stopped: 0.0008550 seconds, Stopping threads took: 0.0000580 seconds
164.027: Application time: 0.0597770 seconds
164.027: [GC [PSYoungGen: 15261K->1856K(15360K)] 37324K->23919K(49664K), 0.0006980 secs] [Times: user=0.01 sys=0.00, real=0.00 secs] 
164.027: Total time for which application threads were stopped: 0.0008140 seconds, Stopping threads took: 0.0000570 seconds
164.086: Application time: 0.0587400 seconds
164.086: [GC [PSYoungGen: 15165K->1888K(15360K)] 37228K->23999K(49664K), 0.0006950 secs] [Times: user=0.00 sys=0.00, real=0.00 secs] 
164.087: Total time for which application threads were stopped: 0.0008090 seconds, Stopping threads took: 0.0000580 seconds
164.146: Application time: 0.0587750 seconds
164.146: [GC [PSYoungGen: 15197K->1888K(15360K)] 37308K->23999K(49664K), 0.0006690 secs] [Times: user=0.00 sys=0.00, real=0.00 secs] 
164.147: Total time for which application threads were stopped: 0.0008040 seconds, Stopping threads took: 0.0000790 seconds
164.205: Application time: 0.0586990 seconds
164.205: [GC [PSYoungGen: 15197K->1616K(15360K)] 37308K->24007K(49664K), 0.0007210 secs] [Times: user=0.01 sys=0.00, real=0.00 secs] 
164.206: Total time for which application threads were stopped: 0.0008340 seconds, Stopping threads took: 0.0000470 seconds
164.265: Application time: 0.0588180 seconds
164.265: [GC [PSYoungGen: 14925K->1408K(15360K)] 37316K->24027K(49664K), 0.0006460 secs] [Times: user=0.01 sys=0.00, real=0.00 secs] 
164.266: Total time for which application threads were stopped: 0.0007620 seconds, Stopping threads took: 0.0000610 seconds
164.325: Application time: 0.0590790 seconds
164.325: [GC [PSYoungGen: 14717K->1312K(15360K)] 37337K->24052K(49664K), 0.0005900 secs] [Times: user=0.00 sys=0.00, real=0.00 secs] 
164.325: Total time for which application threads were stopped: 0.0006960 seconds, Stopping threads took: 0.0000490 seconds
164.385: Application time: 0.0597710 seconds
164.385: [GC [PSYoungGen: 14621K->1280K(15360K)] 37361K->24068K(49664K), 0.0005630 secs] [Times: user=0.00 sys=0.00, real=0.00 secs] 
164.386: Total time for which application threads were stopped: 0.0006860 seconds, Stopping threads took: 0.0000650 seconds
164.445: Application time: 0.0595180 seconds
164.446: [GC [PSYoungGen: 14589K->1312K(15360K)] 37377K->24100K(49664K), 0.0005610 secs] [Times: user=0.00 sys=0.00, real=0.00 secs] 
164.446: Total time for which application threads were stopped: 0.0006750 seconds, Stopping threads took: 0.0000600 seconds
164.506: Application time: 0.0601590 seconds
164.506: [GC [PSYoungGen: 14621K->1248K(15360K)] 37409K->24036K(49664K), 0.0005920 secs] [Times: user=0.00 sys=0.00, real=0.00 secs] 
164.507: Total time for which application threads were stopped: 0.0006990 seconds, Stopping threads took: 0.0000500 seconds
164.567: Application time: 0.0604070 seconds
164.567: [GC [PSYoungGen: 14557K->1248K(15360K)] 37345K->24036K(49664K), 0.0004930 secs] [Times: user=0.00 sys=0.00, real=0.00 secs] 
164.568: Total time for which application threads were stopped: 0.0006230 seconds, Stopping threads took: 0.0000760 seconds
164.627: Application time: 0.0589940 seconds
164.627: [GC [PSYoungGen: 14557K->1024K(15360K)] 37345K->24040K(49664K), 0.0005490 secs] [Times: user=0.00 sys=0.00, real=0.00 secs] 
164.628: Total time for which application threads were stopped: 0.0006700 seconds, Stopping threads took: 0.0000640 seconds
164.675: Application time: 0.0473920 seconds
164.675: [GC [PSYoungGen: 14333K->1120K(15360K)] 37350K->24373K(49664K), 0.0005760 secs] [Times: user=0.01 sys=0.00, real=0.00 secs] 
164.676: Total time for which application threads were stopped: 0.0006870 seconds, Stopping threads took: 0.0000550 seconds
164.721: Application time: 0.0453610 seconds
164.721: [GC [PSYoungGen: 14431K->1344K(15360K)] 37684K->24597K(49664K), 0.0006050 secs] [Times: user=0.00 sys=0.00, real=0.00 secs] 
164.722: Total time for which application threads were stopped: 0.0007260 seconds, Stopping threads took: 0.0000570 seconds
164.765: Application time: 0.0433910 seconds
164.765: [GC [PSYoungGen: 14655K->768K(15360K)] 37908K->24770K(49664K), 0.0005840 secs] [Times: user=0.00 sys=0.00, real=0.00 secs] 
164.766: Total time for which application threads were stopped: 0.0006960 seconds, Stopping threads took: 0.0000570 seconds
164.823: Application time: 0.0569080 seconds
164.823: [GC [PSYoungGen: 14079K->512K(15360K)] 38082K->24711K(49664K), 0.0005230 secs] [Times: user=0.01 sys=0.00, real=0.00 secs] 
164.823: Total time for which application threads were stopped: 0.0006480 seconds, Stopping threads took: 0.0000660 seconds
164.882: Application time: 0.0585100 seconds
164.884: [GC [PSYoungGen: 13821K->512K(15360K)] 38020K->24711K(49664K), 0.0004540 secs] [Times: user=0.01 sys=0.00, real=0.00 secs] 
164.885: Total time for which application threads were stopped: 0.0028100 seconds, Stopping threads took: 0.0023000 seconds
164.943: Application time: 0.0583940 seconds
164.943: [GC [PSYoungGen: 13821K->480K(15360K)] 38020K->24679K(49664K), 0.0004540 secs] [Times: user=0.00 sys=0.00, real=0.00 secs] 
164.944: Total time for which application threads were stopped: 0.0005610 seconds, Stopping threads took: 0.0000520 seconds
165.002: Application time: 0.0584210 seconds
165.002: [GC [PSYoungGen: 13789K->512K(15360K)] 37988K->24711K(49664K), 0.0004070 secs] [Times: user=0.00 sys=0.00, real=0.00 secs] 
165.003: Total time for which application threads were stopped: 0.0005200 seconds, Stopping threads took: 0.0000580 seconds
165.037: Application time: 0.0346530 seconds
165.037: [GC [PSYoungGen: 13823K->896K(15360K)] 38022K->25095K(49664K), 0.0005890 secs] [Times: user=0.00 sys=0.00, real=0.00 secs] 
165.038: Total time for which application threads were stopped: 0.0007110 seconds, Stopping threads took: 0.0000660 seconds
165.079: Application time: 0.0409960 seconds
165.079: [GC [PSYoungGen: 14203K->960K(15360K)] 38403K->25159K(49664K), 0.0005210 secs] [Times: user=0.00 sys=0.00, real=0.00 secs] 
165.080: Total time for which application threads were stopped: 0.0006240 seconds, Stopping threads took: 0.0000500 seconds
165.134: Application time: 0.0539660 seconds
165.134: [GC [PSYoungGen: 14270K->1008K(15360K)] 38469K->25207K(49664K), 0.0005070 secs] [Times: user=0.00 sys=0.00, real=0.00 secs] 
165.134: Total time for which application threads were stopped: 0.0006190 seconds, Stopping threads took: 0.0000560 seconds
165.173: Application time: 0.0388410 seconds
165.173: [GC [PSYoungGen: 14319K->1472K(15360K)] 38518K->25671K(49664K), 0.0006500 secs] [Times: user=0.00 sys=0.00, real=0.00 secs] 
165.174: Total time for which application threads were stopped: 0.0007590 seconds, Stopping threads took: 0.0000520 seconds
165.203: Application time: 0.0290660 seconds
165.203: [GC [PSYoungGen: 14780K->1632K(15360K)] 38979K->25831K(49664K), 0.0006430 secs] [Times: user=0.00 sys=0.00, real=0.00 secs] 
165.204: Total time for which application threads were stopped: 0.0007550 seconds, Stopping threads took: 0.0000540 seconds
165.237: Application time: 0.0331110 seconds
165.237: [GC [PSYoungGen: 14940K->1856K(15360K)] 39139K->26055K(49664K), 0.0006970 secs] [Times: user=0.00 sys=0.00, real=0.00 secs] 
165.238: Total time for which application threads were stopped: 0.0008160 seconds, Stopping threads took: 0.0000530 seconds
165.283: Application time: 0.0456960 seconds
165.283: [GC [PSYoungGen: 15165K->1904K(15360K)] 39364K->26103K(49664K), 0.0006940 secs] [Times: user=0.00 sys=0.00, real=0.00 secs] 
165.284: Total time for which application threads were stopped: 0.0007950 seconds, Stopping threads took: 0.0000460 seconds
165.339: Application time: 0.0546410 seconds
165.339: [GC [PSYoungGen: 15214K->1920K(15360K)] 39413K->26119K(49664K), 0.0006920 secs] [Times: user=0.00 sys=0.00, real=0.00 secs] 
165.340: Total time for which application threads were stopped: 0.0008030 seconds, Stopping threads took: 0.0000540 seconds
165.396: Application time: 0.0569050 seconds
165.397: [GC [PSYoungGen: 15229K->1888K(15360K)] 39428K->26087K(49664K), 0.0007090 secs] [Times: user=0.01 sys=0.00, real=0.00 secs] 
165.397: Total time for which application threads were stopped: 0.0008210 seconds, Stopping threads took: 0.0000560 seconds
165.451: Application time: 0.0536670 seconds
165.451: [GC [PSYoungGen: 15198K->1872K(15360K)] 39397K->26071K(49664K), 0.0007100 secs] [Times: user=0.01 sys=0.00, real=0.00 secs] 
165.452: Total time for which application threads were stopped: 0.0008150 seconds, Stopping threads took: 0.0000480 seconds
165.510: Application time: 0.0580100 seconds
165.510: [GC [PSYoungGen: 15183K->1840K(15360K)] 39382K->26039K(49664K), 0.0007280 secs] [Times: user=0.00 sys=0.00, real=0.00 secs] 
165.511: Total time for which application threads were stopped: 0.0008380 seconds, Stopping threads took: 0.0000540 seconds
165.568: Application time: 0.0574180 seconds
165.568: [GC [PSYoungGen: 15149K->1920K(15360K)] 39348K->26119K(49664K), 0.0007340 secs] [Times: user=0.00 sys=0.00, real=0.01 secs] 
165.569: Total time for which application threads were stopped: 0.0008400 seconds, Stopping threads took: 0.0000480 seconds
165.622: Application time: 0.0535100 seconds
165.623: [GC [PSYoungGen: 15227K->1952K(15360K)] 39427K->26151K(49664K), 0.0007110 secs] [Times: user=0.00 sys=0.00, real=0.00 secs] 
165.623: Total time for which application threads were stopped: 0.0008230 seconds, Stopping threads took: 0.0000560 seconds
165.679: Application time: 0.0555590 seconds
165.679: [GC [PSYoungGen: 15262K->1936K(15360K)] 39462K->26135K(49664K), 0.0007600 secs] [Times: user=0.00 sys=0.00, real=0.00 secs] 
165.680: Total time for which application threads were stopped: 0.0008790 seconds, Stopping threads took: 0.0000630 seconds
165.739: Application time: 0.0590360 seconds
165.739: [GC [PSYoungGen: 15245K->1872K(15360K)] 39444K->26071K(49664K), 0.0007110 secs] [Times: user=0.00 sys=0.00, real=0.00 secs] 
165.740: Total time for which application threads were stopped: 0.0008460 seconds, Stopping threads took: 0.0000660 seconds
165.798: Application time: 0.0588770 seconds
165.799: [GC [PSYoungGen: 15181K->1824K(15360K)] 39380K->26071K(49664K), 0.0007050 secs] [Times: user=0.01 sys=0.00, real=0.00 secs] 
165.799: Total time for which application threads were stopped: 0.0008320 seconds, Stopping threads took: 0.0000700 seconds
165.858: Application time: 0.0585090 seconds
165.858: [GC [PSYoungGen: 15133K->1856K(15360K)] 39380K->26151K(49664K), 0.0007340 secs] [Times: user=0.01 sys=0.00, real=0.00 secs] 
165.859: Total time for which application threads were stopped: 0.0008520 seconds, Stopping threads took: 0.0000590 seconds
165.917: Application time: 0.0587450 seconds
165.920: [GC [PSYoungGen: 15165K->1616K(15360K)] 39460K->26164K(49664K), 0.0006990 secs] [Times: user=0.00 sys=0.00, real=0.00 secs] 
165.921: Total time for which application threads were stopped: 0.0036590 seconds, Stopping threads took: 0.0029030 seconds
165.980: Application time: 0.0588870 seconds
165.984: [GC [PSYoungGen: 14925K->1376K(15360K)] 39473K->26176K(49664K), 0.0007320 secs] [Times: user=0.01 sys=0.00, real=0.00 secs] 
165.985: Total time for which application threads were stopped: 0.0051460 seconds, Stopping threads took: 0.0043570 seconds
166.044: Application time: 0.0589190 seconds
166.044: [GC [PSYoungGen: 14685K->1376K(15360K)] 39486K->26256K(49664K), 0.0006040 secs] [Times: user=0.00 sys=0.00, real=0.00 secs] 
166.045: Total time for which application threads were stopped: 0.0007070 seconds, Stopping threads took: 0.0000500 seconds
166.105: Application time: 0.0606030 seconds
166.105: [GC [PSYoungGen: 14688K->1312K(15360K)] 39568K->26280K(49664K), 0.0005420 secs] [Times: user=0.01 sys=0.00, real=0.00 secs] 
166.106: Total time for which application threads were stopped: 0.0006490 seconds, Stopping threads took: 0.0000530 seconds
166.166: Application time: 0.0604990 seconds
166.167: [GC [PSYoungGen: 14621K->1248K(15360K)] 39590K->26216K(49664K), 0.0005650 secs] [Times: user=0.00 sys=0.00, real=0.00 secs] 
166.167: Total time for which application threads were stopped: 0.0006710 seconds, Stopping threads took: 0.0000510 seconds
166.227: Application time: 0.0601020 seconds
166.227: [GC [PSYoungGen: 14557K->1280K(15360K)] 39526K->26248K(49664K), 0.0005860 secs] [Times: user=0.01 sys=0.00, real=0.00 secs] 
166.228: Total time for which application threads were stopped: 0.0007180 seconds, Stopping threads took: 0.0000790 seconds
166.287: Application time: 0.0593490 seconds
166.287: [GC [PSYoungGen: 14589K->1280K(15360K)] 39558K->26248K(49664K), 0.0005530 secs] [Times: user=0.00 sys=0.00, real=0.00 secs] 
166.288: Total time for which application threads were stopped: 0.0006750 seconds, Stopping threads took: 0.0000580 seconds
166.347: Application time: 0.0592400 seconds
166.347: [GC [PSYoungGen: 14589K->896K(15360K)] 39558K->26273K(49664K), 0.0006130 secs] [Times: user=0.00 sys=0.00, real=0.00 secs] 
166.348: Total time for which application threads were stopped: 0.0007400 seconds, Stopping threads took: 0.0000610 seconds
166.394: Application time: 0.0462150 seconds
166.394: [GC [PSYoungGen: 14205K->1056K(15360K)] 39583K->26433K(49664K), 0.0005700 secs] [Times: user=0.00 sys=0.00, real=0.00 secs] 
166.395: Total time for which application threads were stopped: 0.0006820 seconds, Stopping threads took: 0.0000540 seconds
166.445: Application time: 0.0499880 seconds
166.445: [GC [PSYoungGen: 14363K->1312K(15360K)] 39741K->26689K(49664K), 0.0005360 secs] [Times: user=0.01 sys=0.00, real=0.00 secs] 
166.446: Total time for which application threads were stopped: 0.0006380 seconds, Stopping threads took: 0.0000470 seconds
166.485: Application time: 0.0399870 seconds
166.486: [GC [PSYoungGen: 14619K->864K(15360K)] 39997K->26786K(49664K), 0.0005700 secs] [Times: user=0.00 sys=0.00, real=0.00 secs] 
166.486: Total time for which application threads were stopped: 0.0006830 seconds, Stopping threads took: 0.0000580 seconds
166.544: Application time: 0.0574270 seconds
166.544: [GC [PSYoungGen: 14175K->512K(15360K)] 40098K->26843K(49664K), 0.0005270 secs] [Times: user=0.00 sys=0.00, real=0.00 secs] 
166.544: Total time for which application threads were stopped: 0.0006480 seconds, Stopping threads took: 0.0000630 seconds
166.602: Application time: 0.0576860 seconds
166.602: [GC [PSYoungGen: 13820K->544K(15360K)] 40152K->26875K(49664K), 0.0004230 secs] [Times: user=0.00 sys=0.00, real=0.00 secs] 
166.602: Total time for which application threads were stopped: 0.0005410 seconds, Stopping threads took: 0.0000630 seconds
166.661: Application time: 0.0585000 seconds
166.661: [GC [PSYoungGen: 13853K->480K(15360K)] 40185K->26811K(49664K), 0.0004330 secs] [Times: user=0.00 sys=0.00, real=0.00 secs] 
166.662: Total time for which application threads were stopped: 0.0005490 seconds, Stopping threads took: 0.0000600 seconds
166.720: Application time: 0.0585360 seconds
166.720: [GC [PSYoungGen: 13789K->512K(15360K)] 40121K->26843K(49664K), 0.0004260 secs] [Times: user=0.00 sys=0.00, real=0.01 secs] 
166.721: Total time for which application threads were stopped: 0.0005420 seconds, Stopping threads took: 0.0000620 seconds
166.754: Application time: 0.0331660 seconds
166.754: [GC [PSYoungGen: 13822K->960K(15360K)] 40154K->27291K(49664K), 0.0004950 secs] [Times: user=0.01 sys=0.00, real=0.00 secs] 
166.754: Total time for which application threads were stopped: 0.0006150 seconds, Stopping threads took: 0.0000630 seconds
166.797: Application time: 0.0429860 seconds
166.797: [GC [PSYoungGen: 14272K->736K(15360K)] 40603K->27067K(49664K), 0.0005490 secs] [Times: user=0.00 sys=0.00, real=0.00 secs] 
166.798: Total time for which application threads were stopped: 0.0006590 seconds, Stopping threads took: 0.0000480 seconds
166.851: Application time: 0.0532350 seconds
166.851: [GC [PSYoungGen: 14045K->992K(15360K)] 40377K->27323K(49664K), 0.0005580 secs] [Times: user=0.00 sys=0.00, real=0.00 secs] 
166.852: Total time for which application threads were stopped: 0.0006700 seconds, Stopping threads took: 0.0000590 seconds
166.896: Application time: 0.0436840 seconds
166.896: [GC [PSYoungGen: 14302K->1184K(15360K)] 40634K->27515K(49664K), 0.0006770 secs] [Times: user=0.00 sys=0.00, real=0.00 secs] 
166.896: Total time for which application threads were stopped: 0.0007890 seconds, Stopping threads took: 0.0000570 seconds
166.928: Application time: 0.0312610 seconds
166.928: [GC [PSYoungGen: 14495K->1840K(15360K)] 40826K->28172K(49664K), 0.0006860 secs] [Times: user=0.00 sys=0.01, real=0.01 secs] 
166.928: Total time for which application threads were stopped: 0.0007850 seconds, Stopping threads took: 0.0000440 seconds
166.956: Application time: 0.0278760 seconds
166.956: [GC [PSYoungGen: 15151K->1888K(15360K)] 41483K->28220K(49664K), 0.0007030 secs] [Times: user=0.01 sys=0.00, real=0.00 secs] 
166.957: Total time for which application threads were stopped: 0.0008160 seconds, Stopping threads took: 0.0000540 seconds
167.002: Application time: 0.0451080 seconds
167.002: [GC [PSYoungGen: 15197K->2000K(15360K)] 41529K->28332K(49664K), 0.0007590 secs] [Times: user=0.00 sys=0.00, real=0.00 secs] 
167.003: Total time for which application threads were stopped: 0.0008630 seconds, Stopping threads took: 0.0000470 seconds
167.057: Application time: 0.0534390 seconds
167.057: [GC [PSYoungGen: 15307K->1920K(15360K)] 41639K->28252K(49664K), 0.0006940 secs] [Times: user=0.00 sys=0.00, real=0.00 secs] 
167.057: Total time for which application threads were stopped: 0.0008090 seconds, Stopping threads took: 0.0000590 seconds
167.115: Application time: 0.0571820 seconds
167.115: [GC [PSYoungGen: 15229K->1936K(15360K)] 41561K->28268K(49664K), 0.0007190 secs] [Times: user=0.00 sys=0.00, real=0.00 secs] 
167.115: Total time for which application threads were stopped: 0.0008370 seconds, Stopping threads took: 0.0000610 seconds
167.170: Application time: 0.0547560 seconds
167.170: [GC [PSYoungGen: 15243K->1936K(15360K)] 41575K->28268K(49664K), 0.0006920 secs] [Times: user=0.00 sys=0.00, real=0.00 secs] 
167.171: Total time for which application threads were stopped: 0.0008020 seconds, Stopping threads took: 0.0000510 seconds
167.228: Application time: 0.0572720 seconds
167.228: [GC [PSYoungGen: 15245K->1936K(15360K)] 41577K->28268K(49664K), 0.0007020 secs] [Times: user=0.00 sys=0.00, real=0.00 secs] 
167.229: Total time for which application threads were stopped: 0.0008270 seconds, Stopping threads took: 0.0000680 seconds
167.287: Application time: 0.0574660 seconds
167.288: [GC [PSYoungGen: 15245K->1888K(15360K)] 41577K->28220K(49664K), 0.0007400 secs] [Times: user=0.01 sys=0.00, real=0.00 secs] 
167.289: Total time for which application threads were stopped: 0.0025200 seconds, Stopping threads took: 0.0017190 seconds
167.344: Application time: 0.0550860 seconds
167.344: [GC [PSYoungGen: 15198K->1712K(15360K)] 41530K->28044K(49664K), 0.0006930 secs] [Times: user=0.00 sys=0.00, real=0.00 secs] 
167.345: Total time for which application threads were stopped: 0.0008250 seconds, Stopping threads took: 0.0000670 seconds
167.399: Application time: 0.0543440 seconds
167.399: [GC [PSYoungGen: 15019K->1888K(15360K)] 41351K->28220K(49664K), 0.0007090 secs] [Times: user=0.00 sys=0.00, real=0.00 secs] 
167.400: Total time for which application threads were stopped: 0.0008200 seconds, Stopping threads took: 0.0000550 seconds
167.459: Application time: 0.0590230 seconds
167.459: [GC [PSYoungGen: 15197K->1872K(15360K)] 41529K->28204K(49664K), 0.0007110 secs] [Times: user=0.00 sys=0.00, real=0.00 secs] 
167.460: Total time for which application threads were stopped: 0.0008160 seconds, Stopping threads took: 0.0000470 seconds
167.519: Application time: 0.0590400 seconds
167.519: [GC [PSYoungGen: 15181K->1872K(15360K)] 41513K->28260K(49664K), 0.0007490 secs] [Times: user=0.00 sys=0.00, real=0.00 secs] 
167.520: Total time for which application threads were stopped: 0.0008580 seconds, Stopping threads took: 0.0000500 seconds
167.580: Application time: 0.0599290 seconds
167.580: [GC [PSYoungGen: 15181K->1872K(15360K)] 41569K->28316K(49664K), 0.0006370 secs] [Times: user=0.00 sys=0.00, real=0.01 secs] 
167.581: Total time for which application threads were stopped: 0.0007460 seconds, Stopping threads took: 0.0000560 seconds
167.639: Application time: 0.0586050 seconds
167.639: [GC [PSYoungGen: 15181K->1664K(15360K)] 41625K->28340K(49664K), 0.0007060 secs] [Times: user=0.00 sys=0.00, real=0.00 secs] 
167.640: Total time for which application threads were stopped: 0.0008210 seconds, Stopping threads took: 0.0000590 seconds
167.699: Application time: 0.0590110 seconds
167.699: [GC [PSYoungGen: 14973K->1408K(15360K)] 41649K->28324K(49664K), 0.0006450 secs] [Times: user=0.01 sys=0.00, real=0.00 secs] 
167.700: Total time for which application threads were stopped: 0.0007600 seconds, Stopping threads took: 0.0000590 seconds
167.759: Application time: 0.0589650 seconds
167.759: [GC [PSYoungGen: 14717K->1344K(15360K)] 41633K->28340K(49664K), 0.0006670 secs] [Times: user=0.00 sys=0.00, real=0.00 secs] 
167.760: Total time for which application threads were stopped: 0.0007760 seconds, Stopping threads took: 0.0000470 seconds
167.819: Application time: 0.0590120 seconds
167.819: [GC [PSYoungGen: 14653K->1280K(15360K)] 41649K->28356K(49664K), 0.0006090 secs] [Times: user=0.00 sys=0.00, real=0.00 secs] 
167.819: Total time for which application threads were stopped: 0.0007140 seconds, Stopping threads took: 0.0000500 seconds
167.879: Application time: 0.0595180 seconds
167.879: [GC [PSYoungGen: 14589K->1280K(15360K)] 41665K->28356K(49664K), 0.0006220 secs] [Times: user=0.00 sys=0.00, real=0.00 secs] 
167.880: Total time for which application threads were stopped: 0.0007530 seconds, Stopping threads took: 0.0000670 seconds
167.939: Application time: 0.0597140 seconds
167.939: [GC [PSYoungGen: 14589K->1216K(15360K)] 41665K->28292K(49664K), 0.0006040 secs] [Times: user=0.00 sys=0.00, real=0.00 secs] 
167.940: Total time for which application threads were stopped: 0.0007260 seconds, Stopping threads took: 0.0000650 seconds
167.999: Application time: 0.0587330 seconds
167.999: [GC [PSYoungGen: 14525K->1248K(15360K)] 41601K->28324K(49664K), 0.0006500 secs] [Times: user=0.00 sys=0.00, real=0.00 secs] 
167.999: Total time for which application threads were stopped: 0.0007650 seconds, Stopping threads took: 0.0000590 seconds
168.059: Application time: 0.0595980 seconds
168.060: [GC [PSYoungGen: 14557K->864K(15360K)] 41633K->28357K(49664K), 0.0006040 secs] [Times: user=0.00 sys=0.00, real=0.00 secs] 
168.061: Total time for which application threads were stopped: 0.0018560 seconds, Stopping threads took: 0.0011960 seconds
168.108: Application time: 0.0474680 seconds
168.108: [GC [PSYoungGen: 14173K->1120K(15360K)] 41666K->28613K(49664K), 0.0005040 secs] [Times: user=0.00 sys=0.00, real=0.00 secs] 
168.109: Total time for which application threads were stopped: 0.0006070 seconds, Stopping threads took: 0.0000500 seconds
168.158: Application time: 0.0493320 seconds
168.158: [GC [PSYoungGen: 14427K->1312K(15360K)] 41920K->28805K(49664K), 0.0005390 secs] [Times: user=0.00 sys=0.00, real=0.00 secs] 
168.159: Total time for which application threads were stopped: 0.0006430 seconds, Stopping threads took: 0.0000470 seconds
168.200: Application time: 0.0409840 seconds
168.200: [GC [PSYoungGen: 14624K->1152K(15360K)] 42117K->28857K(49664K), 0.0005590 secs] [Times: user=0.00 sys=0.00, real=0.01 secs] 
168.201: Total time for which application threads were stopped: 0.0006640 seconds, Stopping threads took: 0.0000480 seconds
168.257: Application time: 0.0564160 seconds
168.257: [GC [PSYoungGen: 14461K->544K(15360K)] 42167K->28867K(49664K), 0.0005260 secs] [Times: user=0.01 sys=0.00, real=0.00 secs] 
168.258: Total time for which application threads were stopped: 0.0006380 seconds, Stopping threads took: 0.0000590 seconds
168.316: Application time: 0.0579240 seconds
168.316: [GC [PSYoungGen: 13855K->576K(15360K)] 42178K->28899K(49664K), 0.0004380 secs] [Times: user=0.00 sys=0.00, real=0.00 secs] 
168.316: Total time for which application threads were stopped: 0.0005610 seconds, Stopping threads took: 0.0000670 seconds
168.375: Application time: 0.0588380 seconds
168.375: [GC [PSYoungGen: 13885K->480K(15360K)] 42208K->28803K(49664K), 0.0004290 secs] [Times: user=0.00 sys=0.00, real=0.00 secs] 
168.376: Total time for which application threads were stopped: 0.0005510 seconds, Stopping threads took: 0.0000650 seconds
168.433: Application time: 0.0571320 seconds
168.433: [GC [PSYoungGen: 13789K->672K(15360K)] 42112K->28995K(49664K), 0.0004700 secs] [Times: user=0.00 sys=0.00, real=0.00 secs] 
168.434: Total time for which application threads were stopped: 0.0016300 seconds, Stopping threads took: 0.0000630 seconds
168.472: Application time: 0.0373840 seconds
168.472: [GC [PSYoungGen: 13980K->1024K(15360K)] 42303K->29347K(49664K), 0.0005200 secs] [Times: user=0.00 sys=0.00, real=0.00 secs] 
168.472: Total time for which application threads were stopped: 0.0006130 seconds, Stopping threads took: 0.0000360 seconds
168.513: Application time: 0.0406140 seconds
168.513: [GC [PSYoungGen: 14333K->960K(15360K)] 42656K->29283K(49664K), 0.0005070 secs] [Times: user=0.01 sys=0.00, real=0.00 secs] 
168.514: Total time for which application threads were stopped: 0.0006510 seconds, Stopping threads took: 0.0000880 seconds
168.569: Application time: 0.0558250 seconds
168.570: [GC [PSYoungGen: 14270K->960K(15360K)] 42593K->29283K(49664K), 0.0004940 secs] [Times: user=0.00 sys=0.00, real=0.00 secs] 
168.570: Total time for which application threads were stopped: 0.0006270 seconds, Stopping threads took: 0.0000790 seconds
168.609: Application time: 0.0393490 seconds
168.610: [GC [PSYoungGen: 14270K->1184K(15360K)] 42593K->29507K(49664K), 0.0006730 secs] [Times: user=0.00 sys=0.00, real=0.00 secs] 
168.610: Total time for which application threads were stopped: 0.0007830 seconds, Stopping threads took: 0.0000550 seconds
168.652: Application time: 0.0421280 seconds
168.652: [GC [PSYoungGen: 14496K->1696K(15360K)] 42819K->30019K(49664K), 0.0006620 secs] [Times: user=0.01 sys=0.00, real=0.00 secs] 
168.653: Total time for which application threads were stopped: 0.0007650 seconds, Stopping threads took: 0.0000460 seconds
168.678: Application time: 0.0253910 seconds
168.679: [GC [PSYoungGen: 15006K->1920K(15360K)] 43329K->30243K(49664K), 0.0006910 secs] [Times: user=0.00 sys=0.00, real=0.00 secs] 
168.679: Total time for which application threads were stopped: 0.0007990 seconds, Stopping threads took: 0.0000500 seconds
168.720: Application time: 0.0404710 seconds
168.720: [GC [PSYoungGen: 15227K->1952K(15360K)] 43550K->30275K(49664K), 0.0007180 secs] [Times: user=0.00 sys=0.00, real=0.01 secs] 
168.721: Total time for which application threads were stopped: 0.0008230 seconds, Stopping threads took: 0.0000490 seconds
168.774: Application time: 0.0532870 seconds
168.774: [GC [PSYoungGen: 15259K->1920K(15360K)] 43582K->30243K(49664K), 0.0007940 secs] [Times: user=0.01 sys=0.00, real=0.00 secs] 
168.775: Total time for which application threads were stopped: 0.0009150 seconds, Stopping threads took: 0.0000630 seconds
168.832: Application time: 0.0569290 seconds
168.832: [GC [PSYoungGen: 15229K->1872K(15360K)] 43552K->30195K(49664K), 0.0007220 secs] [Times: user=0.01 sys=0.00, real=0.00 secs] 
168.833: Total time for which application threads were stopped: 0.0008380 seconds, Stopping threads took: 0.0000590 seconds
168.888: Application time: 0.0551300 seconds
168.888: [GC [PSYoungGen: 15183K->1952K(15360K)] 43506K->30275K(49664K), 0.0007020 secs] [Times: user=0.01 sys=0.00, real=0.01 secs] 
168.889: Total time for which application threads were stopped: 0.0008180 seconds, Stopping threads took: 0.0000550 seconds
168.944: Application time: 0.0556870 seconds
168.944: [GC [PSYoungGen: 15260K->1920K(15360K)] 43583K->30243K(49664K), 0.0007050 secs] [Times: user=0.01 sys=0.00, real=0.00 secs] 
168.945: Total time for which application threads were stopped: 0.0008280 seconds, Stopping threads took: 0.0000550 seconds
169.002: Application time: 0.0566900 seconds
169.002: [GC [PSYoungGen: 15229K->1984K(15360K)] 43552K->30307K(49664K), 0.0006960 secs] [Times: user=0.00 sys=0.00, real=0.00 secs] 
169.003: Total time for which application threads were stopped: 0.0007990 seconds, Stopping threads took: 0.0000470 seconds
169.060: Application time: 0.0570710 seconds
169.060: [GC [PSYoungGen: 15295K->1920K(15360K)] 43618K->30243K(49664K), 0.0007150 secs] [Times: user=0.00 sys=0.00, real=0.01 secs] 
169.060: Total time for which application threads were stopped: 0.0008380 seconds, Stopping threads took: 0.0000650 seconds
169.115: Application time: 0.0544450 seconds
169.115: [GC [PSYoungGen: 15229K->1920K(15360K)] 43552K->30243K(49664K), 0.0007170 secs] [Times: user=0.00 sys=0.00, real=0.00 secs] 
169.116: Total time for which application threads were stopped: 0.0008180 seconds, Stopping threads took: 0.0000460 seconds
169.175: Application time: 0.0588640 seconds
169.175: [GC [PSYoungGen: 15229K->1888K(15360K)] 43552K->30211K(49664K), 0.0007240 secs] [Times: user=0.01 sys=0.00, real=0.00 secs] 
169.175: Total time for which application threads were stopped: 0.0008520 seconds, Stopping threads took: 0.0000630 seconds
169.234: Application time: 0.0587560 seconds
169.234: [GC [PSYoungGen: 15197K->1856K(15360K)] 43520K->30219K(49664K), 0.0007080 secs] [Times: user=0.00 sys=0.00, real=0.00 secs] 
169.235: Total time for which application threads were stopped: 0.0008230 seconds, Stopping threads took: 0.0000580 seconds
169.294: Application time: 0.0586920 seconds
169.294: [GC [PSYoungGen: 15165K->1856K(15360K)] 43528K->30267K(49664K), 0.0006830 secs] [Times: user=0.00 sys=0.00, real=0.00 secs] 
169.294: Total time for which application threads were stopped: 0.0007850 seconds, Stopping threads took: 0.0000430 seconds
169.353: Application time: 0.0585310 seconds
169.353: [GC [PSYoungGen: 15165K->1632K(15360K)] 43576K->30271K(49664K), 0.0006660 secs] [Times: user=0.00 sys=0.00, real=0.00 secs] 
169.354: Total time for which application threads were stopped: 0.0007990 seconds, Stopping threads took: 0.0000740 seconds
169.412: Application time: 0.0586570 seconds
169.413: [GC [PSYoungGen: 14941K->1376K(15360K)] 43581K->30287K(49664K), 0.0006970 secs] [Times: user=0.01 sys=0.00, real=0.00 secs] 
169.413: Total time for which application threads were stopped: 0.0008180 seconds, Stopping threads took: 0.0000640 seconds
169.472: Application time: 0.0591480 seconds
169.473: [GC [PSYoungGen: 14685K->1280K(15360K)] 43597K->30271K(49664K), 0.0005930 secs] [Times: user=0.00 sys=0.00, real=0.00 secs] 
169.473: Total time for which application threads were stopped: 0.0007140 seconds, Stopping threads took: 0.0000520 seconds
169.532: Application time: 0.0587340 seconds
169.532: [GC [PSYoungGen: 14589K->1248K(15360K)] 43581K->30287K(49664K), 0.0006720 secs] [Times: user=0.01 sys=0.00, real=0.00 secs] 
169.533: Total time for which application threads were stopped: 0.0007890 seconds, Stopping threads took: 0.0000580 seconds
169.593: Application time: 0.0599190 seconds
169.593: [GC [PSYoungGen: 14559K->1248K(15360K)] 43599K->30335K(49664K), 0.0005900 secs] [Times: user=0.00 sys=0.00, real=0.00 secs] 
169.593: Total time for which application threads were stopped: 0.0007280 seconds, Stopping threads took: 0.0000830 seconds
169.653: Application time: 0.0597240 seconds
169.653: [GC [PSYoungGen: 14557K->1248K(15360K)] 43645K->30335K(49664K), 0.0005570 secs] [Times: user=0.01 sys=0.00, real=0.00 secs] 
169.654: Total time for which application threads were stopped: 0.0006710 seconds, Stopping threads took: 0.0000590 seconds
169.713: Application time: 0.0592040 seconds
169.713: [GC [PSYoungGen: 14557K->1312K(15360K)] 43645K->30399K(49664K), 0.0005610 secs] [Times: user=0.00 sys=0.00, real=0.00 secs] 
169.714: Total time for which application threads were stopped: 0.0006800 seconds, Stopping threads took: 0.0000610 seconds
169.773: Application time: 0.0594380 seconds
169.773: [GC [PSYoungGen: 14621K->1024K(15360K)] 43709K->30332K(49664K), 0.0005620 secs] [Times: user=0.00 sys=0.00, real=0.00 secs] 
169.774: Total time for which application threads were stopped: 0.0006740 seconds, Stopping threads took: 0.0000570 seconds
169.820: Application time: 0.0462650 seconds
169.820: [GC [PSYoungGen: 14333K->1152K(15360K)] 43642K->30672K(49664K), 0.0005540 secs] [Times: user=0.00 sys=0.00, real=0.01 secs] 
169.821: Total time for which application threads were stopped: 0.0006750 seconds, Stopping threads took: 0.0000660 seconds
169.872: Application time: 0.0514880 seconds
169.872: [GC [PSYoungGen: 14461K->1120K(15360K)] 43982K->30640K(49664K), 0.0005300 secs] [Times: user=0.00 sys=0.00, real=0.00 secs] 
169.873: Total time for which application threads were stopped: 0.0006370 seconds, Stopping threads took: 0.0000490 seconds
169.914: Application time: 0.0413830 seconds
169.914: [GC [PSYoungGen: 14427K->1120K(15360K)] 43948K->30853K(49664K), 0.0005640 secs] [Times: user=0.00 sys=0.00, real=0.00 secs] 
169.915: Total time for which application threads were stopped: 0.0006770 seconds, Stopping threads took: 0.0000570 seconds
169.970: Application time: 0.0554680 seconds
169.970: [GC [PSYoungGen: 14429K->544K(15360K)] 44162K->30891K(49664K), 0.0005800 secs] [Times: user=0.00 sys=0.00, real=0.00 secs] 
169.971: Total time for which application threads were stopped: 0.0007150 seconds, Stopping threads took: 0.0000800 seconds
170.028: Application time: 0.0572480 seconds
170.028: [GC [PSYoungGen: 13855K->544K(15360K)] 44202K->30891K(49664K), 0.0004340 secs] [Times: user=0.00 sys=0.00, real=0.00 secs] 
170.029: Total time for which application threads were stopped: 0.0005670 seconds, Stopping threads took: 0.0000700 seconds
170.088: Application time: 0.0586490 seconds
170.088: [GC [PSYoungGen: 13853K->480K(15360K)] 44200K->30827K(49664K), 0.0004610 secs] [Times: user=0.01 sys=0.00, real=0.00 secs] 
170.089: Total time for which application threads were stopped: 0.0012400 seconds, Stopping threads took: 0.0007240 seconds
170.147: Application time: 0.0586180 seconds
170.147: [GC [PSYoungGen: 13789K->512K(15360K)] 44136K->30859K(49664K), 0.0004450 secs] [Times: user=0.00 sys=0.00, real=0.00 secs] 
170.148: Total time for which application threads were stopped: 0.0005570 seconds, Stopping threads took: 0.0000540 seconds
170.185: Application time: 0.0373930 seconds
170.185: [GC [PSYoungGen: 13821K->976K(15360K)] 44168K->31323K(49664K), 0.0005020 secs] [Times: user=0.01 sys=0.00, real=0.00 secs] 
170.186: Total time for which application threads were stopped: 0.0006080 seconds, Stopping threads took: 0.0000500 seconds
170.225: Application time: 0.0386490 seconds
170.225: [GC [PSYoungGen: 14285K->992K(15360K)] 44632K->31339K(49664K), 0.0005070 secs] [Times: user=0.00 sys=0.00, real=0.00 secs] 
170.225: Total time for which application threads were stopped: 0.0006060 seconds, Stopping threads took: 0.0000430 seconds
170.280: Application time: 0.0551280 seconds
170.280: [GC [PSYoungGen: 14303K->992K(15360K)] 44650K->31339K(49664K), 0.0005360 secs] [Times: user=0.01 sys=0.00, real=0.00 secs] 
170.281: Total time for which application threads were stopped: 0.0006700 seconds, Stopping threads took: 0.0000770 seconds
170.322: Application time: 0.0408260 seconds
170.322: [GC [PSYoungGen: 14302K->1216K(15360K)] 44649K->31563K(49664K), 0.0007370 secs] [Times: user=0.00 sys=0.00, real=0.00 secs] 
170.323: Total time for which application threads were stopped: 0.0008620 seconds, Stopping threads took: 0.0000700 seconds
170.367: Application time: 0.0443490 seconds
170.367: [GC [PSYoungGen: 14523K->1696K(15360K)] 44870K->32043K(49664K), 0.0006570 secs] [Times: user=0.01 sys=0.00, real=0.00 secs] 
170.368: Total time for which application threads were stopped: 0.0007560 seconds, Stopping threads took: 0.0000390 seconds
170.394: Application time: 0.0257300 seconds
170.394: [GC [PSYoungGen: 15007K->1904K(15360K)] 45354K->32251K(49664K), 0.0007160 secs] [Times: user=0.01 sys=0.00, real=0.00 secs] 
170.394: Total time for which application threads were stopped: 0.0008050 seconds, Stopping threads took: 0.0000330 seconds
170.431: Application time: 0.0364000 seconds
170.431: [GC [PSYoungGen: 15215K->1904K(15360K)] 45562K->32251K(49664K), 0.0006920 secs] [Times: user=0.01 sys=0.00, real=0.00 secs] 
170.432: Total time for which application threads were stopped: 0.0008090 seconds, Stopping threads took: 0.0000590 seconds
170.485: Application time: 0.0529890 seconds
170.485: [GC [PSYoungGen: 15211K->1952K(15360K)] 45558K->32299K(49664K), 0.0007640 secs] [Times: user=0.00 sys=0.00, real=0.00 secs] 
170.485: Total time for which application threads were stopped: 0.0008840 seconds, Stopping threads took: 0.0000620 seconds
170.543: Application time: 0.0570680 seconds
170.543: [GC [PSYoungGen: 15261K->1904K(15360K)] 45608K->32251K(49664K), 0.0007120 secs] [Times: user=0.00 sys=0.00, real=0.00 secs] 
170.543: Total time for which application threads were stopped: 0.0008360 seconds, Stopping threads took: 0.0000550 seconds
170.600: Application time: 0.0563040 seconds
170.600: [GC [PSYoungGen: 15215K->1920K(15360K)] 45562K->32267K(49664K), 0.0006350 secs] [Times: user=0.00 sys=0.00, real=0.01 secs] 
170.600: Total time for which application threads were stopped: 0.0007560 seconds, Stopping threads took: 0.0000570 seconds
170.656: Application time: 0.0557620 seconds
170.656: [GC [PSYoungGen: 15228K->1904K(15360K)] 45575K->32251K(49664K), 0.0007050 secs] [Times: user=0.01 sys=0.00, real=0.00 secs] 
170.657: Total time for which application threads were stopped: 0.0008190 seconds, Stopping threads took: 0.0000560 seconds
170.715: Application time: 0.0580210 seconds
170.715: [GC [PSYoungGen: 15213K->1888K(15360K)] 45560K->32235K(49664K), 0.0007030 secs] [Times: user=0.01 sys=0.00, real=0.00 secs] 
170.716: Total time for which application threads were stopped: 0.0008290 seconds, Stopping threads took: 0.0000670 seconds
170.772: Application time: 0.0559070 seconds
170.772: [GC [PSYoungGen: 15196K->1904K(15360K)] 45543K->32251K(49664K), 0.0007210 secs] [Times: user=0.00 sys=0.00, real=0.00 secs] 
170.773: Total time for which application threads were stopped: 0.0008620 seconds, Stopping threads took: 0.0000800 seconds
170.826: Application time: 0.0530740 seconds
170.826: [GC [PSYoungGen: 15215K->1920K(15360K)] 45562K->32267K(49664K), 0.0007120 secs] [Times: user=0.01 sys=0.00, real=0.00 secs] 
170.827: Total time for which application threads were stopped: 0.0008280 seconds, Stopping threads took: 0.0000610 seconds
170.885: Application time: 0.0584900 seconds
170.888: [GC [PSYoungGen: 15229K->1920K(15360K)] 45576K->32267K(49664K), 0.0007760 secs] [Times: user=0.00 sys=0.00, real=0.00 secs] 
170.889: Total time for which application threads were stopped: 0.0040960 seconds, Stopping threads took: 0.0032600 seconds
170.948: Application time: 0.0590050 seconds
170.948: [GC [PSYoungGen: 15229K->1856K(15360K)] 45576K->32243K(49664K), 0.0007110 secs] [Times: user=0.00 sys=0.00, real=0.01 secs] 
170.949: Total time for which application threads were stopped: 0.0008330 seconds, Stopping threads took: 0.0000630 seconds
171.008: Application time: 0.0589330 seconds
171.008: [GC [PSYoungGen: 15165K->1792K(15360K)] 45552K->32227K(49664K), 0.0007230 secs] [Times: user=0.00 sys=0.00, real=0.01 secs] 
171.009: Total time for which application threads were stopped: 0.0008590 seconds, Stopping threads took: 0.0000780 seconds
171.068: Application time: 0.0587680 seconds
171.068: [GC [PSYoungGen: 15101K->1632K(15360K)] 45536K->32271K(49664K), 0.0006940 secs] [Times: user=0.00 sys=0.00, real=0.01 secs] 
171.068: Total time for which application threads were stopped: 0.0008390 seconds, Stopping threads took: 0.0000740 seconds
171.127: Application time: 0.0589770 seconds
171.127: [GC [PSYoungGen: 14941K->1408K(15360K)] 45581K->32324K(49664K), 0.0006520 secs] [Times: user=0.00 sys=0.00, real=0.00 secs] 
171.128: Total time for which application threads were stopped: 0.0007570 seconds, Stopping threads took: 0.0000490 seconds
171.187: Application time: 0.0588330 seconds
171.187: [GC [PSYoungGen: 14717K->1360K(15360K)] 45633K->32316K(49664K), 0.0005900 secs] [Times: user=0.01 sys=0.00, real=0.00 secs] 
171.188: Total time for which application threads were stopped: 0.0006980 seconds, Stopping threads took: 0.0000510 seconds
171.247: Application time: 0.0591660 seconds
171.247: [GC [PSYoungGen: 14669K->1280K(15360K)] 45625K->32308K(49664K), 0.0006020 secs] [Times: user=0.00 sys=0.00, real=0.00 secs] 
171.248: Total time for which application threads were stopped: 0.0007200 seconds, Stopping threads took: 0.0000620 seconds
171.306: Application time: 0.0589450 seconds
171.307: [GC [PSYoungGen: 14589K->1248K(15360K)] 45617K->32316K(49664K), 0.0005720 secs] [Times: user=0.00 sys=0.00, real=0.00 secs] 
171.307: Total time for which application threads were stopped: 0.0006810 seconds, Stopping threads took: 0.0000550 seconds
171.366: Application time: 0.0591660 seconds
171.366: [GC [PSYoungGen: 14557K->1280K(15360K)] 45626K->32348K(49664K), 0.0005920 secs] [Times: user=0.00 sys=0.00, real=0.00 secs] 
171.367: Total time for which application threads were stopped: 0.0007020 seconds, Stopping threads took: 0.0000530 seconds
171.427: Application time: 0.0598610 seconds
171.427: [GC [PSYoungGen: 14591K->1312K(15360K)] 45660K->32380K(49664K), 0.0005790 secs] [Times: user=0.01 sys=0.00, real=0.00 secs] 
171.428: Total time for which application threads were stopped: 0.0006790 seconds, Stopping threads took: 0.0000440 seconds
171.487: Application time: 0.0592370 seconds
171.487: [GC [PSYoungGen: 14621K->1024K(15360K)] 45690K->32297K(49664K), 0.0005560 secs] [Times: user=0.00 sys=0.00, real=0.00 secs] 
171.487: Total time for which application threads were stopped: 0.0006660 seconds, Stopping threads took: 0.0000560 seconds
171.534: Application time: 0.0467120 seconds
171.534: [GC [PSYoungGen: 14333K->1120K(15360K)] 45606K->32609K(49664K), 0.0005680 secs] [Times: user=0.00 sys=0.00, real=0.00 secs] 
171.535: Total time for which application threads were stopped: 0.0006860 seconds, Stopping threads took: 0.0000630 seconds
171.586: Application time: 0.0514140 seconds
171.586: [GC [PSYoungGen: 14431K->1152K(15360K)] 45920K->32641K(49664K), 0.0005140 secs] [Times: user=0.00 sys=0.00, real=0.00 secs] 
171.587: Total time for which application threads were stopped: 0.0006270 seconds, Stopping threads took: 0.0000460 seconds
171.629: Application time: 0.0417930 seconds
171.629: [GC [PSYoungGen: 14463K->1088K(15360K)] 45952K->32793K(49664K), 0.0005710 secs] [Times: user=0.00 sys=0.00, real=0.00 secs] 
171.629: Total time for which application threads were stopped: 0.0006820 seconds, Stopping threads took: 0.0000540 seconds
171.684: Application time: 0.0542350 seconds
171.684: [GC [PSYoungGen: 14396K->480K(15360K)] 46101K->32786K(49664K), 0.0005690 secs] [Times: user=0.01 sys=0.00, real=0.00 secs] 
171.684: Total time for which application threads were stopped: 0.0006900 seconds, Stopping threads took: 0.0000620 seconds
171.742: Application time: 0.0573140 seconds
171.742: [GC [PSYoungGen: 13791K->512K(15360K)] 46097K->32818K(49664K), 0.0004330 secs] [Times: user=0.01 sys=0.00, real=0.00 secs] 
171.742: Total time for which application threads were stopped: 0.0005470 seconds, Stopping threads took: 0.0000600 seconds
171.801: Application time: 0.0585730 seconds
171.801: [GC [PSYoungGen: 13821K->544K(15360K)] 46127K->32850K(49664K), 0.0004570 secs] [Times: user=0.01 sys=0.00, real=0.00 secs] 
171.801: Total time for which application threads were stopped: 0.0005740 seconds, Stopping threads took: 0.0000580 seconds
171.859: Application time: 0.0575550 seconds
171.859: [GC [PSYoungGen: 13855K->704K(15360K)] 46161K->33010K(49664K), 0.0004730 secs] [Times: user=0.00 sys=0.00, real=0.00 secs] 
171.859: Total time for which application threads were stopped: 0.0005730 seconds, Stopping threads took: 0.0000450 seconds
171.899: Application time: 0.0391360 seconds
171.899: [GC [PSYoungGen: 14014K->928K(15360K)] 46320K->33234K(49664K), 0.0005460 secs] [Times: user=0.00 sys=0.00, real=0.00 secs] 
171.899: Total time for which application threads were stopped: 0.0006650 seconds, Stopping threads took: 0.0000620 seconds
171.938: Application time: 0.0388320 seconds
171.938: [GC [PSYoungGen: 14238K->992K(15360K)] 46544K->33298K(49664K), 0.0006370 secs] [Times: user=0.00 sys=0.00, real=0.00 secs] 
171.939: Total time for which application threads were stopped: 0.0007480 seconds, Stopping threads took: 0.0000530 seconds
171.993: Application time: 0.0542410 seconds
171.993: [GC [PSYoungGen: 14302K->992K(15360K)] 46608K->33298K(49664K), 0.0005330 secs] [Times: user=0.00 sys=0.00, real=0.00 secs] 
171.994: Total time for which application threads were stopped: 0.0006590 seconds, Stopping threads took: 0.0000710 seconds
172.037: Application time: 0.0432910 seconds
172.037: [GC [PSYoungGen: 14303K->1248K(15360K)] 46610K->33554K(49664K), 0.0005620 secs] [Times: user=0.01 sys=0.00, real=0.00 secs] 
172.038: Total time for which application threads were stopped: 0.0006770 seconds, Stopping threads took: 0.0000600 seconds
172.082: Application time: 0.0446600 seconds
172.083: [GC [PSYoungGen: 14559K->1696K(15360K)] 46865K->34002K(49664K), 0.0006190 secs] [Times: user=0.01 sys=0.00, real=0.00 secs] 
172.083: Total time for which application threads were stopped: 0.0007440 seconds, Stopping threads took: 0.0000590 seconds
172.111: Application time: 0.0275140 seconds
172.111: [GC [PSYoungGen: 15005K->1872K(15360K)] 47312K->34178K(49664K), 0.0006610 secs] [Times: user=0.00 sys=0.00, real=0.00 secs] 
172.111: Total time for which application threads were stopped: 0.0007800 seconds, Stopping threads took: 0.0000560 seconds
172.145: Application time: 0.0336920 seconds
172.145: [GC [PSYoungGen: 15181K->1920K(15360K)] 47487K->34226K(49664K), 0.0007050 secs] [Times: user=0.01 sys=0.00, real=0.00 secs] 
172.146: Total time for which application threads were stopped: 0.0008060 seconds, Stopping threads took: 0.0000450 seconds
172.200: Application time: 0.0539090 seconds
172.200: [GC [PSYoungGen: 15228K->1952K(15360K)] 47535K->34258K(49664K), 0.0007440 secs] [Times: user=0.00 sys=0.00, real=0.01 secs] 
172.201: Total time for which application threads were stopped: 0.0008600 seconds, Stopping threads took: 0.0000550 seconds
172.257: Application time: 0.0563590 seconds
172.257: [GC [PSYoungGen: 15261K->1952K(15360K)] 47567K->34258K(49664K), 0.0007780 secs] [Times: user=0.00 sys=0.00, real=0.00 secs] 
172.258: Total time for which application threads were stopped: 0.0008890 seconds, Stopping threads took: 0.0000550 seconds
172.314: Application time: 0.0560820 seconds
172.314: [GC [PSYoungGen: 15260K->1920K(15360K)] 47567K->34226K(49664K), 0.0007510 secs] [Times: user=0.01 sys=0.00, real=0.00 secs] 
172.315: Total time for which application threads were stopped: 0.0008590 seconds, Stopping threads took: 0.0000520 seconds
172.371: Application time: 0.0562770 seconds
172.371: [GC [PSYoungGen: 15228K->1952K(15360K)] 47535K->34258K(49664K), 0.0007570 secs] [Times: user=0.00 sys=0.00, real=0.00 secs] 
172.372: Total time for which application threads were stopped: 0.0008690 seconds, Stopping threads took: 0.0000540 seconds
172.430: Application time: 0.0576750 seconds
172.430: [GC [PSYoungGen: 15239K->1808K(15360K)] 47545K->34114K(49664K), 0.0007310 secs] [Times: user=0.01 sys=0.00, real=0.00 secs] 
172.431: Total time for which application threads were stopped: 0.0008600 seconds, Stopping threads took: 0.0000730 seconds
172.487: Application time: 0.0564540 seconds
172.487: [GC [PSYoungGen: 15116K->1936K(15360K)] 47422K->34242K(49664K), 0.0007100 secs] [Times: user=0.00 sys=0.00, real=0.00 secs] 
172.488: Total time for which application threads were stopped: 0.0008180 seconds, Stopping threads took: 0.0000510 seconds
172.541: Application time: 0.0528830 seconds
172.541: [GC [PSYoungGen: 15245K->1888K(15360K)] 47552K->34194K(49664K), 0.0007790 secs] [Times: user=0.00 sys=0.00, real=0.00 secs] 
172.542: Total time for which application threads were stopped: 0.0008950 seconds, Stopping threads took: 0.0000580 seconds
172.600: Application time: 0.0586210 seconds
172.604: [GC [PSYoungGen: 15197K->1872K(15360K)] 47503K->34178K(49664K), 0.0007480 secs] [Times: user=0.00 sys=0.00, real=0.00 secs] 
172.605: Total time for which application threads were stopped: 0.0048130 seconds, Stopping threads took: 0.0040080 seconds
172.664: Application time: 0.0592020 seconds
172.664: [GC [PSYoungGen: 15183K->1872K(15360K)] 47489K->34234K(49664K), 0.0007430 secs] [Times: user=0.01 sys=0.00, real=0.00 secs] 
172.665: Total time for which application threads were stopped: 0.0009050 seconds, Stopping threads took: 0.0000920 seconds
172.724: Application time: 0.0587520 seconds
172.724: [GC [PSYoungGen: 15181K->1824K(15360K)] 47543K->34242K(49664K), 0.0006810 secs] [Times: user=0.01 sys=0.00, real=0.00 secs] 
172.725: Total time for which application threads were stopped: 0.0007820 seconds, Stopping threads took: 0.0000430 seconds
172.783: Application time: 0.0585100 seconds
172.783: [GC [PSYoungGen: 15133K->1648K(15360K)] 47551K->34270K(49664K), 0.0007040 secs] [Times: user=0.00 sys=0.00, real=0.00 secs] 
172.784: Total time for which application threads were stopped: 0.0008170 seconds, Stopping threads took: 0.0000540 seconds
172.843: Application time: 0.0586740 seconds
172.843: [GC [PSYoungGen: 14957K->1376K(15360K)] 47580K->34279K(49664K), 0.0006750 secs] [Times: user=0.00 sys=0.00, real=0.00 secs] 
172.844: Total time for which application threads were stopped: 0.0007980 seconds, Stopping threads took: 0.0000650 seconds
172.902: Application time: 0.0587380 seconds
172.902: [GC [PSYoungGen: 14685K->1376K(15360K)] 47588K->34327K(49664K), 0.0005950 secs] [Times: user=0.01 sys=0.00, real=0.00 secs] 
172.903: Total time for which application threads were stopped: 0.0007030 seconds, Stopping threads took: 0.0000510 seconds
172.962: Application time: 0.0590680 seconds
172.962: [GC [PSYoungGen: 14685K->1312K(15360K)] 47637K->34343K(49664K), 0.0006000 secs] [Times: user=0.00 sys=0.00, real=0.00 secs] 
172.963: Total time for which application threads were stopped: 0.0007260 seconds, Stopping threads took: 0.0000690 seconds
173.022: Application time: 0.0596600 seconds
173.023: [GC [PSYoungGen: 14621K->1248K(15360K)] 47653K->34319K(49664K), 0.0005540 secs] [Times: user=0.00 sys=0.00, real=0.00 secs] 
173.023: Total time for which application threads were stopped: 0.0006660 seconds, Stopping threads took: 0.0000560 seconds
173.083: Application time: 0.0601200 seconds
173.083: [GC [PSYoungGen: 14557K->1312K(15360K)] 47629K->34383K(49664K), 0.0005690 secs] [Times: user=0.00 sys=0.00, real=0.00 secs] 
173.084: Total time for which application threads were stopped: 0.0006800 seconds, Stopping threads took: 0.0000560 seconds
173.144: Application time: 0.0603340 seconds
173.144: [GC [PSYoungGen: 14621K->1280K(15360K)] 47693K->34351K(49664K), 0.0005590 secs] [Times: user=0.01 sys=0.00, real=0.00 secs] 
173.145: Total time for which application threads were stopped: 0.0006690 seconds, Stopping threads took: 0.0000530 seconds
173.204: Application time: 0.0595060 seconds
173.205: [GC [PSYoungGen: 14589K->1056K(15360K)] 47661K->34332K(49664K), 0.0006340 secs] [Times: user=0.00 sys=0.00, real=0.00 secs] 
173.205: Total time for which application threads were stopped: 0.0007460 seconds, Stopping threads took: 0.0000480 seconds
173.249: Application time: 0.0437600 seconds
173.249: [GC [PSYoungGen: 14367K->1120K(15360K)] 47644K->34600K(49664K), 0.0006120 secs] [Times: user=0.00 sys=0.00, real=0.00 secs] 
173.250: Total time for which application threads were stopped: 0.0008380 seconds, Stopping threads took: 0.0001660 seconds
173.304: Application time: 0.0540090 seconds
173.304: [GC [PSYoungGen: 14428K->1120K(15360K)] 47909K->34600K(49664K), 0.0005970 secs] [Times: user=0.00 sys=0.00, real=0.00 secs] 
173.305: Total time for which application threads were stopped: 0.0007120 seconds, Stopping threads took: 0.0000580 seconds
173.347: Application time: 0.0429690 seconds
173.348: [GC [PSYoungGen: 14428K->1152K(15360K)] 47909K->34837K(49664K), 0.0005450 secs] [Times: user=0.00 sys=0.00, real=0.00 secs] 
173.348: Total time for which application threads were stopped: 0.0006660 seconds, Stopping threads took: 0.0000650 seconds
173.401: Application time: 0.0530360 seconds
173.401: [GC [PSYoungGen: 14462K->544K(15360K)] 48148K->34842K(49664K), 0.0005900 secs] [Times: user=0.00 sys=0.00, real=0.00 secs] 
173.402: [Full GC [PSYoungGen: 544K->0K(15360K)] [ParOldGen: 34298K->3532K(34304K)] 34842K->3532K(49664K) [PSPermGen: 5579K->5579K(21504K)], 0.0057000 secs] [Times: user=0.03 sys=0.00, real=0.00 secs] 
173.408: Total time for which application threads were stopped: 0.0064590 seconds, Stopping threads took: 0.0000620 seconds
173.465: Application time: 0.0572350 seconds
173.465: [GC [PSYoungGen: 13308K->352K(15360K)] 16841K->3884K(49664K), 0.0003850 secs] [Times: user=0.01 sys=0.00, real=0.00 secs] 
173.467: Total time for which application threads were stopped: 0.0016940 seconds, Stopping threads took: 0.0000630 seconds
173.525: Application time: 0.0583800 seconds
173.525: [GC [PSYoungGen: 13661K->352K(15360K)] 17193K->3884K(49664K), 0.0004490 secs] [Times: user=0.00 sys=0.00, real=0.00 secs] 
173.526: Total time for which application threads were stopped: 0.0005950 seconds, Stopping threads took: 0.0000890 seconds
173.583: Application time: 0.0570880 seconds
173.583: [GC [PSYoungGen: 13663K->512K(15360K)] 17196K->4044K(49664K), 0.0003960 secs] [Times: user=0.00 sys=0.00, real=0.00 secs] 
173.583: Total time for which application threads were stopped: 0.0004980 seconds, Stopping threads took: 0.0000490 seconds
173.626: Application time: 0.0428480 seconds
173.626: [GC [PSYoungGen: 13819K->704K(15360K)] 17351K->4236K(49664K), 0.0004070 secs] [Times: user=0.01 sys=0.00, real=0.00 secs] 
173.627: Total time for which application threads were stopped: 0.0004970 seconds, Stopping threads took: 0.0000400 seconds
173.663: Application time: 0.0361580 seconds
173.663: [GC [PSYoungGen: 14011K->1024K(15360K)] 17543K->4556K(49664K), 0.0004760 secs] [Times: user=0.00 sys=0.00, real=0.00 secs] 
173.663: Total time for which application threads were stopped: 0.0005860 seconds, Stopping threads took: 0.0000550 seconds
173.717: Application time: 0.0540260 seconds
173.717: [GC [PSYoungGen: 14334K->960K(15360K)] 17867K->4492K(49664K), 0.0005070 secs] [Times: user=0.00 sys=0.00, real=0.00 secs] 
173.718: Total time for which application threads were stopped: 0.0006350 seconds, Stopping threads took: 0.0000610 seconds
173.759: Application time: 0.0413270 seconds
173.759: [GC [PSYoungGen: 14270K->1184K(15360K)] 17802K->4716K(49664K), 0.0005170 secs] [Times: user=0.01 sys=0.00, real=0.00 secs] 
173.760: Total time for which application threads were stopped: 0.0006330 seconds, Stopping threads took: 0.0000600 seconds
173.808: Application time: 0.0483490 seconds
173.808: [GC [PSYoungGen: 14495K->1456K(15360K)] 18028K->4988K(49664K), 0.0006170 secs] [Times: user=0.00 sys=0.00, real=0.00 secs] 
173.809: Total time for which application threads were stopped: 0.0007270 seconds, Stopping threads took: 0.0000540 seconds
173.839: Application time: 0.0303650 seconds
173.839: [GC [PSYoungGen: 14767K->1904K(15360K)] 18299K->5436K(49664K), 0.0006670 secs] [Times: user=0.00 sys=0.00, real=0.00 secs] 
173.840: Total time for which application threads were stopped: 0.0007670 seconds, Stopping threads took: 0.0000440 seconds
173.870: Application time: 0.0299360 seconds
173.870: [GC [PSYoungGen: 15214K->1728K(15360K)] 18746K->5260K(49664K), 0.0006490 secs] [Times: user=0.01 sys=0.00, real=0.00 secs] 
173.871: Total time for which application threads were stopped: 0.0007660 seconds, Stopping threads took: 0.0000620 seconds
173.923: Application time: 0.0524320 seconds
173.923: [GC [PSYoungGen: 15038K->1904K(15360K)] 18570K->5436K(49664K), 0.0006610 secs] [Times: user=0.00 sys=0.00, real=0.00 secs] 
173.924: Total time for which application threads were stopped: 0.0007700 seconds, Stopping threads took: 0.0000510 seconds
173.979: Application time: 0.0548190 seconds
173.979: [GC [PSYoungGen: 15214K->1936K(15360K)] 18746K->5468K(49664K), 0.0007580 secs] [Times: user=0.00 sys=0.00, real=0.00 secs] 
173.980: Total time for which application threads were stopped: 0.0008880 seconds, Stopping threads took: 0.0000690 seconds
174.036: Application time: 0.0559860 seconds
174.036: [GC [PSYoungGen: 15244K->1936K(15360K)] 18777K->5468K(49664K), 0.0007720 secs] [Times: user=0.00 sys=0.00, real=0.00 secs] 
174.037: Total time for which application threads were stopped: 0.0008930 seconds, Stopping threads took: 0.0000660 seconds
174.092: Application time: 0.0556210 seconds
174.092: [GC [PSYoungGen: 15244K->1888K(15360K)] 18777K->5420K(49664K), 0.0006580 secs] [Times: user=0.00 sys=0.00, real=0.00 secs] 
174.093: Total time for which application threads were stopped: 0.0007810 seconds, Stopping threads took: 0.0000660 seconds
174.151: Application time: 0.0579270 seconds
174.151: [GC [PSYoungGen: 15197K->1952K(15360K)] 18730K->5484K(49664K), 0.0006910 secs] [Times: user=0.00 sys=0.00, real=0.00 secs] 
174.152: Total time for which application threads were stopped: 0.0008150 seconds, Stopping threads took: 0.0000650 seconds
174.208: Application time: 0.0562480 seconds
174.208: [GC [PSYoungGen: 15260K->1952K(15360K)] 18793K->5484K(49664K), 0.0006780 secs] [Times: user=0.01 sys=0.00, real=0.01 secs] 
174.209: Total time for which application threads were stopped: 0.0008000 seconds, Stopping threads took: 0.0000580 seconds
174.262: Application time: 0.0533370 seconds
174.262: Total time for which application threads were stopped: 0.0000940 seconds, Stopping threads took: 0.0000610 seconds
174.262: Application time: 0.0000400 seconds
174.262: [GC [PSYoungGen: 15225K->1760K(15360K)] 18886K->5420K(49664K), 0.0006490 secs] [Times: user=0.00 sys=0.00, real=0.00 secs] 
174.263: Total time for which application threads were stopped: 0.0007320 seconds, Stopping threads took: 0.0000390 seconds
174.323: Application time: 0.0600170 seconds
174.323: [GC [PSYoungGen: 15071K->1856K(15360K)] 19016K->5801K(49664K), 0.0007390 secs] [Times: user=0.01 sys=0.00, real=0.00 secs] 
174.324: Total time for which application threads were stopped: 0.0008570 seconds, Stopping threads took: 0.0000620 seconds
174.383: Application time: 0.0592800 seconds
174.383: [GC [PSYoungGen: 15165K->1760K(15360K)] 19110K->5753K(49664K), 0.0006520 secs] [Times: user=0.00 sys=0.00, real=0.00 secs] 
174.384: Total time for which application threads were stopped: 0.0007770 seconds, Stopping threads took: 0.0000700 seconds
174.443: Application time: 0.0587360 seconds
174.443: [GC [PSYoungGen: 15069K->1504K(15360K)] 19062K->5749K(49664K), 0.0006410 secs] [Times: user=0.01 sys=0.00, real=0.00 secs] 
174.443: Total time for which application threads were stopped: 0.0007440 seconds, Stopping threads took: 0.0000460 seconds
174.502: Application time: 0.0584770 seconds
174.502: [GC [PSYoungGen: 14813K->1568K(15360K)] 19059K->5813K(49664K), 0.0005910 secs] [Times: user=0.00 sys=0.00, real=0.00 secs] 
174.503: Total time for which application threads were stopped: 0.0007080 seconds, Stopping threads took: 0.0000630 seconds
174.562: Application time: 0.0595080 seconds
174.562: [GC [PSYoungGen: 14877K->1344K(15360K)] 19123K->5858K(49664K), 0.0006070 secs] [Times: user=0.00 sys=0.00, real=0.00 secs] 
174.563: Total time for which application threads were stopped: 0.0007170 seconds, Stopping threads took: 0.0000590 seconds
174.622: Application time: 0.0588710 seconds
174.622: [GC [PSYoungGen: 14653K->1232K(15360K)] 19167K->5786K(49664K), 0.0005900 secs] [Times: user=0.00 sys=0.00, real=0.00 secs] 
174.622: Total time for which application threads were stopped: 0.0007180 seconds, Stopping threads took: 0.0000740 seconds
174.681: Application time: 0.0588470 seconds
174.681: [GC [PSYoungGen: 14541K->1200K(15360K)] 19095K->5842K(49664K), 0.0005410 secs] [Times: user=0.00 sys=0.00, real=0.00 secs] 
174.682: Total time for which application threads were stopped: 0.0006580 seconds, Stopping threads took: 0.0000610 seconds
174.741: Application time: 0.0593000 seconds
174.741: [GC [PSYoungGen: 14509K->1152K(15360K)] 19151K->5842K(49664K), 0.0004940 secs] [Times: user=0.00 sys=0.00, real=0.00 secs] 
174.742: Total time for which application threads were stopped: 0.0006120 seconds, Stopping threads took: 0.0000640 seconds
174.802: Application time: 0.0600130 seconds
174.802: [GC [PSYoungGen: 14461K->1152K(15360K)] 19151K->5842K(49664K), 0.0004980 secs] [Times: user=0.00 sys=0.00, real=0.00 secs] 
174.803: Total time for which application threads were stopped: 0.0006240 seconds, Stopping threads took: 0.0000600 seconds
174.862: Application time: 0.0596550 seconds
174.862: [GC [PSYoungGen: 14461K->1152K(15360K)] 19151K->5842K(49664K), 0.0004950 secs] [Times: user=0.00 sys=0.00, real=0.00 secs] 
174.863: Total time for which application threads were stopped: 0.0006280 seconds, Stopping threads took: 0.0000760 seconds
174.922: Application time: 0.0589540 seconds
174.924: [GC [PSYoungGen: 14461K->928K(15360K)] 19151K->5826K(49664K), 0.0005440 secs] [Times: user=0.01 sys=0.00, real=0.00 secs] 
174.925: Total time for which application threads were stopped: 0.0031350 seconds, Stopping threads took: 0.0025340 seconds
174.967: Application time: 0.0417060 seconds
174.967: [GC [PSYoungGen: 14239K->992K(15360K)] 19137K->6094K(49664K), 0.0005090 secs] [Times: user=0.00 sys=0.00, real=0.00 secs] 
174.967: Total time for which application threads were stopped: 0.0006390 seconds, Stopping threads took: 0.0000650 seconds
175.023: Application time: 0.0554670 seconds
175.023: [GC [PSYoungGen: 14303K->992K(15360K)] 19406K->6094K(49664K), 0.0004660 secs] [Times: user=0.00 sys=0.00, real=0.00 secs] 
175.023: Total time for which application threads were stopped: 0.0005720 seconds, Stopping threads took: 0.0000510 seconds
175.065: Application time: 0.0419170 seconds
175.065: [GC [PSYoungGen: 14303K->960K(15360K)] 19406K->6267K(49664K), 0.0005360 secs] [Times: user=0.01 sys=0.00, real=0.00 secs] 
175.066: Total time for which application threads were stopped: 0.0006330 seconds, Stopping threads took: 0.0000440 seconds
175.121: Application time: 0.0549780 seconds
175.124: [GC [PSYoungGen: 14271K->480K(15360K)] 19578K->6264K(49664K), 0.0005100 secs] [Times: user=0.00 sys=0.00, real=0.00 secs] 
175.125: Total time for which application threads were stopped: 0.0040470 seconds, Stopping threads took: 0.0034790 seconds
175.182: Application time: 0.0575160 seconds
175.182: [GC [PSYoungGen: 13788K->576K(15360K)] 19573K->6384K(49664K), 0.0004010 secs] [Times: user=0.00 sys=0.00, real=0.00 secs] 
175.183: Total time for which application threads were stopped: 0.0005210 seconds, Stopping threads took: 0.0000650 seconds
175.241: Application time: 0.0586020 seconds
175.242: [GC [PSYoungGen: 13885K->480K(15360K)] 19694K->6288K(49664K), 0.0004010 secs] [Times: user=0.01 sys=0.00, real=0.00 secs] 
175.242: Total time for which application threads were stopped: 0.0005040 seconds, Stopping threads took: 0.0000470 seconds
175.300: Application time: 0.0583760 seconds
175.300: [GC [PSYoungGen: 13789K->512K(15360K)] 19598K->6320K(49664K), 0.0004070 secs] [Times: user=0.00 sys=0.00, real=0.00 secs] 
175.301: Total time for which application threads were stopped: 0.0005120 seconds, Stopping threads took: 0.0000490 seconds
175.343: Application time: 0.0421660 seconds
175.343: [GC [PSYoungGen: 13824K->736K(15360K)] 19632K->6545K(49664K), 0.0004300 secs] [Times: user=0.00 sys=0.00, real=0.00 secs] 
175.344: Total time for which application threads were stopped: 0.0005420 seconds, Stopping threads took: 0.0000450 seconds
175.383: Application time: 0.0392170 seconds
175.383: [GC [PSYoungGen: 14044K->992K(15360K)] 19853K->6801K(49664K), 0.0004910 secs] [Times: user=0.00 sys=0.00, real=0.00 secs] 
175.383: Total time for which application threads were stopped: 0.0005940 seconds, Stopping threads took: 0.0000470 seconds
175.434: Application time: 0.0502220 seconds
175.434: [GC [PSYoungGen: 14303K->992K(15360K)] 20112K->6801K(49664K), 0.0004780 secs] [Times: user=0.00 sys=0.00, real=0.00 secs] 
175.434: Total time for which application threads were stopped: 0.0005840 seconds, Stopping threads took: 0.0000540 seconds
175.476: Application time: 0.0420330 seconds
175.476: [GC [PSYoungGen: 14302K->1248K(15360K)] 20111K->7057K(49664K), 0.0005060 secs] [Times: user=0.00 sys=0.00, real=0.00 secs] 
175.477: Total time for which application threads were stopped: 0.0006080 seconds, Stopping threads took: 0.0000480 seconds
175.526: Application time: 0.0492170 seconds
175.526: [GC [PSYoungGen: 14557K->1408K(15360K)] 20366K->7217K(49664K), 0.0006130 secs] [Times: user=0.01 sys=0.00, real=0.00 secs] 
175.527: Total time for which application threads were stopped: 0.0007310 seconds, Stopping threads took: 0.0000590 seconds
175.560: Application time: 0.0332600 seconds
175.560: [GC [PSYoungGen: 14719K->1872K(15360K)] 20528K->7681K(49664K), 0.0006690 secs] [Times: user=0.01 sys=0.00, real=0.01 secs] 
175.561: Total time for which application threads were stopped: 0.0007810 seconds, Stopping threads took: 0.0000520 seconds
175.590: Application time: 0.0293800 seconds
175.590: [GC [PSYoungGen: 15182K->1920K(15360K)] 20991K->7729K(49664K), 0.0007210 secs] [Times: user=0.00 sys=0.00, real=0.00 secs] 
175.591: Total time for which application threads were stopped: 0.0008330 seconds, Stopping threads took: 0.0000530 seconds
175.641: Application time: 0.0497080 seconds
175.641: [GC [PSYoungGen: 15231K->1968K(15360K)] 21040K->7777K(49664K), 0.0006930 secs] [Times: user=0.00 sys=0.00, real=0.00 secs] 
175.642: Total time for which application threads were stopped: 0.0008080 seconds, Stopping threads took: 0.0000580 seconds
175.696: Application time: 0.0546030 seconds
175.696: [GC [PSYoungGen: 15278K->1936K(15360K)] 21087K->7745K(49664K), 0.0006760 secs] [Times: user=0.00 sys=0.00, real=0.00 secs] 
175.697: Total time for which application threads were stopped: 0.0007990 seconds, Stopping threads took: 0.0000660 seconds
175.752: Application time: 0.0553820 seconds
175.752: [GC [PSYoungGen: 15244K->1920K(15360K)] 21053K->7729K(49664K), 0.0006720 secs] [Times: user=0.00 sys=0.00, real=0.00 secs] 
175.753: Total time for which application threads were stopped: 0.0007830 seconds, Stopping threads took: 0.0000540 seconds
175.809: Application time: 0.0558990 seconds
175.809: [GC [PSYoungGen: 15228K->1888K(15360K)] 21037K->7697K(49664K), 0.0006660 secs] [Times: user=0.00 sys=0.00, real=0.00 secs] 
175.810: Total time for which application threads were stopped: 0.0007970 seconds, Stopping threads took: 0.0000720 seconds
175.867: Application time: 0.0574180 seconds
175.867: [GC [PSYoungGen: 15197K->1888K(15360K)] 21006K->7697K(49664K), 0.0006600 secs] [Times: user=0.01 sys=0.00, real=0.00 secs] 
175.868: Total time for which application threads were stopped: 0.0008000 seconds, Stopping threads took: 0.0000670 seconds
175.924: Application time: 0.0559510 seconds
175.924: [GC [PSYoungGen: 15196K->1968K(15360K)] 21005K->7777K(49664K), 0.0007240 secs] [Times: user=0.00 sys=0.00, real=0.00 secs] 
175.925: Total time for which application threads were stopped: 0.0008400 seconds, Stopping threads took: 0.0000570 seconds
175.980: Application time: 0.0555540 seconds
175.981: [GC [PSYoungGen: 15278K->1936K(15360K)] 21087K->7745K(49664K), 0.0006730 secs] [Times: user=0.01 sys=0.00, real=0.00 secs] 
175.981: Total time for which application threads were stopped: 0.0007920 seconds, Stopping threads took: 0.0000610 seconds
176.037: Application time: 0.0558100 seconds
176.037: [GC [PSYoungGen: 15246K->2000K(15360K)] 21055K->7809K(49664K), 0.0007100 secs] [Times: user=0.01 sys=0.00, real=0.00 secs] 
176.038: Total time for which application threads were stopped: 0.0008250 seconds, Stopping threads took: 0.0000580 seconds
176.097: Application time: 0.0593550 seconds
176.098: [GC [PSYoungGen: 15309K->1824K(15360K)] 21118K->7673K(49664K), 0.0007530 secs] [Times: user=0.00 sys=0.00, real=0.00 secs] 
176.099: Total time for which application threads were stopped: 0.0016760 seconds, Stopping threads took: 0.0008590 seconds
176.158: Application time: 0.0595050 seconds
176.159: [GC [PSYoungGen: 15133K->1600K(15360K)] 20982K->7689K(49664K), 0.0006880 secs] [Times: user=0.01 sys=0.00, real=0.00 secs] 
176.159: Total time for which application threads were stopped: 0.0008210 seconds, Stopping threads took: 0.0000720 seconds
176.218: Application time: 0.0586120 seconds
176.218: [GC [PSYoungGen: 14909K->1696K(15360K)] 20998K->7785K(49664K), 0.0006100 secs] [Times: user=0.00 sys=0.00, real=0.00 secs] 
176.219: Total time for which application threads were stopped: 0.0007180 seconds, Stopping threads took: 0.0000540 seconds
176.277: Application time: 0.0587570 seconds
176.277: [GC [PSYoungGen: 15005K->1424K(15360K)] 21094K->7797K(49664K), 0.0006870 secs] [Times: user=0.00 sys=0.00, real=0.00 secs] 
176.278: Total time for which application threads were stopped: 0.0007830 seconds, Stopping threads took: 0.0000390 seconds
176.337: Application time: 0.0588560 seconds
176.337: [GC [PSYoungGen: 14733K->1376K(15360K)] 21107K->7797K(49664K), 0.0005810 secs] [Times: user=0.00 sys=0.00, real=0.00 secs] 
176.338: Total time for which application threads were stopped: 0.0007070 seconds, Stopping threads took: 0.0000690 seconds
176.397: Application time: 0.0588590 seconds
176.397: [GC [PSYoungGen: 14685K->1312K(15360K)] 21107K->7821K(49664K), 0.0005580 secs] [Times: user=0.00 sys=0.00, real=0.00 secs] 
176.397: Total time for which application threads were stopped: 0.0006930 seconds, Stopping threads took: 0.0000630 seconds
176.457: Application time: 0.0592750 seconds
176.457: [GC [PSYoungGen: 14621K->1312K(15360K)] 21131K->7821K(49664K), 0.0005730 secs] [Times: user=0.00 sys=0.00, real=0.00 secs] 
176.457: Total time for which application threads were stopped: 0.0006750 seconds, Stopping threads took: 0.0000450 seconds
176.517: Application time: 0.0594630 seconds
176.517: [GC [PSYoungGen: 14621K->1280K(15360K)] 21131K->7829K(49664K), 0.0005610 secs] [Times: user=0.00 sys=0.00, real=0.00 secs] 
176.517: Total time for which application threads were stopped: 0.0006720 seconds, Stopping threads took: 0.0000550 seconds
176.577: Application time: 0.0592160 seconds
176.577: [GC [PSYoungGen: 14589K->1248K(15360K)] 21139K->7797K(49664K), 0.0005430 secs] [Times: user=0.01 sys=0.00, real=0.00 secs] 
176.577: Total time for which application threads were stopped: 0.0006590 seconds, Stopping threads took: 0.0000620 seconds
176.637: Application time: 0.0600260 seconds
176.637: [GC [PSYoungGen: 14559K->1280K(15360K)] 21109K->8050K(49664K), 0.0005580 secs] [Times: user=0.00 sys=0.00, real=0.00 secs] 
176.638: Total time for which application threads were stopped: 0.0006580 seconds, Stopping threads took: 0.0000490 seconds
176.680: Application time: 0.0419290 seconds
176.680: [GC [PSYoungGen: 14591K->1056K(15360K)] 21361K->8030K(49664K), 0.0005510 secs] [Times: user=0.00 sys=0.00, real=0.01 secs] 
176.680: Total time for which application threads were stopped: 0.0006590 seconds, Stopping threads took: 0.0000520 seconds
176.737: Application time: 0.0563710 seconds
176.737: [GC [PSYoungGen: 14367K->1120K(15360K)] 21342K->8094K(49664K), 0.0005070 secs] [Times: user=0.00 sys=0.00, real=0.00 secs] 
176.738: Total time for which application threads were stopped: 0.0006390 seconds, Stopping threads took: 0.0000790 seconds
176.783: Application time: 0.0454980 seconds
176.783: [GC [PSYoungGen: 14431K->1088K(15360K)] 21406K->8275K(49664K), 0.0005390 secs] [Times: user=0.00 sys=0.00, real=0.00 secs] 
176.784: Total time for which application threads were stopped: 0.0006480 seconds, Stopping threads took: 0.0000560 seconds
176.834: Application time: 0.0507850 seconds
176.835: [GC [PSYoungGen: 14397K->928K(15360K)] 21585K->8328K(49664K), 0.0005580 secs] [Times: user=0.01 sys=0.00, real=0.00 secs] 
176.835: Total time for which application threads were stopped: 0.0006710 seconds, Stopping threads took: 0.0000570 seconds
176.892: Application time: 0.0571010 seconds
176.892: [GC [PSYoungGen: 14236K->512K(15360K)] 21636K->8305K(49664K), 0.0005360 secs] [Times: user=0.00 sys=0.00, real=0.00 secs] 
176.893: Total time for which application threads were stopped: 0.0006560 seconds, Stopping threads took: 0.0000630 seconds
176.952: Application time: 0.0588960 seconds
176.952: [GC [PSYoungGen: 13821K->512K(15360K)] 21614K->8305K(49664K), 0.0004010 secs] [Times: user=0.00 sys=0.00, real=0.00 secs] 
176.952: Total time for which application threads were stopped: 0.0005210 seconds, Stopping threads took: 0.0000560 seconds
177.010: Application time: 0.0577190 seconds
177.010: [GC [PSYoungGen: 13766K->576K(15360K)] 21559K->8369K(49664K), 0.0004070 secs] [Times: user=0.01 sys=0.00, real=0.00 secs] 
177.011: Total time for which application threads were stopped: 0.0005270 seconds, Stopping threads took: 0.0000660 seconds
177.051: Application time: 0.0400460 seconds
177.051: [GC [PSYoungGen: 13884K->928K(15360K)] 21677K->8721K(49664K), 0.0005210 secs] [Times: user=0.00 sys=0.00, real=0.00 secs] 
177.051: Total time for which application threads were stopped: 0.0006240 seconds, Stopping threads took: 0.0000460 seconds
177.089: Application time: 0.0378040 seconds
177.089: [GC [PSYoungGen: 14236K->976K(15360K)] 22029K->8769K(49664K), 0.0005340 secs] [Times: user=0.00 sys=0.00, real=0.00 secs] 
177.090: Total time for which application threads were stopped: 0.0006420 seconds, Stopping threads took: 0.0000500 seconds
177.143: Application time: 0.0534950 seconds
177.143: [GC [PSYoungGen: 14285K->992K(15360K)] 22078K->8785K(49664K), 0.0005330 secs] [Times: user=0.00 sys=0.00, real=0.00 secs] 
177.144: Total time for which application threads were stopped: 0.0006400 seconds, Stopping threads took: 0.0000500 seconds
177.186: Application time: 0.0423270 seconds
177.186: [GC [PSYoungGen: 14303K->1200K(15360K)] 22096K->8993K(49664K), 0.0005900 secs] [Times: user=0.00 sys=0.00, real=0.00 secs] 
177.187: Total time for which application threads were stopped: 0.0007000 seconds, Stopping threads took: 0.0000540 seconds
177.237: Application time: 0.0497270 seconds
177.237: [GC [PSYoungGen: 14507K->1216K(15360K)] 22300K->9009K(49664K), 0.0005920 secs] [Times: user=0.00 sys=0.00, real=0.00 secs] 
177.237: Total time for which application threads were stopped: 0.0007160 seconds, Stopping threads took: 0.0000660 seconds
177.274: Application time: 0.0368470 seconds
177.274: [GC [PSYoungGen: 14527K->1872K(15360K)] 22320K->9665K(49664K), 0.0006760 secs] [Times: user=0.01 sys=0.00, real=0.00 secs] 
177.275: Total time for which application threads were stopped: 0.0007780 seconds, Stopping threads took: 0.0000470 seconds
177.304: Application time: 0.0292960 seconds
177.304: [GC [PSYoungGen: 15182K->1952K(15360K)] 22975K->9745K(49664K), 0.0007300 secs] [Times: user=0.01 sys=0.00, real=0.00 secs] 
177.305: Total time for which application threads were stopped: 0.0008640 seconds, Stopping threads took: 0.0000760 seconds
177.350: Application time: 0.0450320 seconds
177.350: [GC [PSYoungGen: 15264K->1936K(15360K)] 23057K->9729K(49664K), 0.0006850 secs] [Times: user=0.00 sys=0.00, real=0.00 secs] 
177.351: Total time for which application threads were stopped: 0.0008030 seconds, Stopping threads took: 0.0000620 seconds
177.405: Application time: 0.0544630 seconds
177.405: [GC [PSYoungGen: 15244K->1968K(15360K)] 23037K->9761K(49664K), 0.0006910 secs] [Times: user=0.00 sys=0.00, real=0.00 secs] 
177.406: Total time for which application threads were stopped: 0.0007940 seconds, Stopping threads took: 0.0000490 seconds
177.462: Application time: 0.0555270 seconds
177.462: [GC [PSYoungGen: 15279K->1888K(15360K)] 23072K->9681K(49664K), 0.0006850 secs] [Times: user=0.00 sys=0.00, real=0.00 secs] 
177.463: Total time for which application threads were stopped: 0.0008050 seconds, Stopping threads took: 0.0000550 seconds
177.518: Application time: 0.0557640 seconds
177.520: [GC [PSYoungGen: 15196K->1936K(15360K)] 22990K->9729K(49664K), 0.0006700 secs] [Times: user=0.01 sys=0.00, real=0.00 secs] 
177.521: Total time for which application threads were stopped: 0.0027630 seconds, Stopping threads took: 0.0020330 seconds
177.578: Application time: 0.0571090 seconds
177.578: [GC [PSYoungGen: 15245K->1888K(15360K)] 23038K->9681K(49664K), 0.0006690 secs] [Times: user=0.01 sys=0.00, real=0.00 secs] 
177.579: Total time for which application threads were stopped: 0.0007950 seconds, Stopping threads took: 0.0000690 seconds
177.636: Application time: 0.0574800 seconds
177.637: [GC [PSYoungGen: 15199K->1920K(15360K)] 22992K->9713K(49664K), 0.0006800 secs] [Times: user=0.00 sys=0.00, real=0.00 secs] 
177.637: Total time for which application threads were stopped: 0.0008200 seconds, Stopping threads took: 0.0000810 seconds
177.693: Application time: 0.0553720 seconds
177.693: [GC [PSYoungGen: 15230K->1936K(15360K)] 23023K->9729K(49664K), 0.0006850 secs] [Times: user=0.01 sys=0.00, real=0.00 secs] 
177.693: Total time for which application threads were stopped: 0.0007960 seconds, Stopping threads took: 0.0000510 seconds
177.749: Application time: 0.0559020 seconds
177.749: [GC [PSYoungGen: 15244K->1920K(15360K)] 23037K->9713K(49664K), 0.0006850 secs] [Times: user=0.01 sys=0.00, real=0.00 secs] 
177.750: Total time for which application threads were stopped: 0.0007990 seconds, Stopping threads took: 0.0000560 seconds
177.809: Application time: 0.0586850 seconds
177.809: [GC [PSYoungGen: 15229K->1904K(15360K)] 23022K->9753K(49664K), 0.0006780 secs] [Times: user=0.00 sys=0.00, real=0.00 secs] 
177.810: Total time for which application threads were stopped: 0.0008000 seconds, Stopping threads took: 0.0000650 seconds
177.869: Application time: 0.0589060 seconds
177.869: [GC [PSYoungGen: 15213K->1632K(15360K)] 23062K->9733K(49664K), 0.0006760 secs] [Times: user=0.00 sys=0.00, real=0.00 secs] 
177.869: Total time for which application threads were stopped: 0.0007990 seconds, Stopping threads took: 0.0000660 seconds
177.928: Application time: 0.0585310 seconds
177.928: [GC [PSYoungGen: 14941K->1664K(15360K)] 23043K->9765K(49664K), 0.0006210 secs] [Times: user=0.00 sys=0.00, real=0.01 secs] 
177.929: Total time for which application threads were stopped: 0.0007330 seconds, Stopping threads took: 0.0000510 seconds
177.989: Application time: 0.0599260 seconds
177.989: [GC [PSYoungGen: 14975K->1664K(15360K)] 23077K->9805K(49664K), 0.0006570 secs] [Times: user=0.00 sys=0.00, real=0.00 secs] 
177.989: Total time for which application threads were stopped: 0.0007900 seconds, Stopping threads took: 0.0000600 seconds
178.048: Application time: 0.0587280 seconds
178.052: [GC [PSYoungGen: 14973K->1344K(15360K)] 23115K->9766K(49664K), 0.0006400 secs] [Times: user=0.00 sys=0.00, real=0.00 secs] 
178.053: Total time for which application threads were stopped: 0.0049500 seconds, Stopping threads took: 0.0042520 seconds
178.112: Application time: 0.0589950 seconds
178.112: [GC [PSYoungGen: 14653K->1280K(15360K)] 23075K->9774K(49664K), 0.0005120 secs] [Times: user=0.01 sys=0.00, real=0.00 secs] 
178.113: Total time for which application threads were stopped: 0.0006490 seconds, Stopping threads took: 0.0000830 seconds
178.173: Application time: 0.0603850 seconds
178.173: [GC [PSYoungGen: 14589K->1312K(15360K)] 23083K->9806K(49664K), 0.0005320 secs] [Times: user=0.00 sys=0.00, real=0.00 secs] 
178.174: Total time for which application threads were stopped: 0.0006410 seconds, Stopping threads took: 0.0000520 seconds
178.233: Application time: 0.0595910 seconds
178.233: [GC [PSYoungGen: 14621K->1280K(15360K)] 23115K->9830K(49664K), 0.0005320 secs] [Times: user=0.00 sys=0.00, real=0.00 secs] 
178.234: Total time for which application threads were stopped: 0.0006690 seconds, Stopping threads took: 0.0000770 seconds
178.294: Application time: 0.0600550 seconds
178.294: [GC [PSYoungGen: 14589K->1280K(15360K)] 23139K->9830K(49664K), 0.0005880 secs] [Times: user=0.01 sys=0.00, real=0.00 secs] 
178.295: Total time for which application threads were stopped: 0.0007070 seconds, Stopping threads took: 0.0000650 seconds
178.354: Application time: 0.0593750 seconds
178.356: [GC [PSYoungGen: 14589K->1088K(15360K)] 23139K->9859K(49664K), 0.0006130 secs] [Times: user=0.00 sys=0.00, real=0.00 secs] 
178.357: Total time for which application threads were stopped: 0.0028950 seconds, Stopping threads took: 0.0022230 seconds
178.403: Application time: 0.0462050 seconds
178.403: [GC [PSYoungGen: 14397K->1216K(15360K)] 23168K->10215K(49664K), 0.0005350 secs] [Times: user=0.00 sys=0.00, real=0.00 secs] 
178.404: Total time for which application threads were stopped: 0.0006490 seconds, Stopping threads took: 0.0000610 seconds
178.455: Application time: 0.0514730 seconds
178.455: [GC [PSYoungGen: 14523K->1120K(15360K)] 23523K->10119K(49664K), 0.0004790 secs] [Times: user=0.00 sys=0.00, real=0.00 secs] 
178.456: Total time for which application threads were stopped: 0.0005960 seconds, Stopping threads took: 0.0000610 seconds
178.504: Application time: 0.0477180 seconds
178.504: [GC [PSYoungGen: 14427K->1088K(15360K)] 23427K->10292K(49664K), 0.0005790 secs] [Times: user=0.00 sys=0.00, real=0.00 secs] 
178.505: Total time for which application threads were stopped: 0.0016860 seconds, Stopping threads took: 0.0000510 seconds
178.554: Application time: 0.0483510 seconds
178.554: [GC [PSYoungGen: 14399K->864K(15360K)] 23603K->10280K(49664K), 0.0005480 secs] [Times: user=0.00 sys=0.00, real=0.00 secs] 
178.554: Total time for which application threads were stopped: 0.0006580 seconds, Stopping threads took: 0.0000540 seconds
178.611: Application time: 0.0570710 seconds
178.612: [GC [PSYoungGen: 14172K->608K(15360K)] 23589K->10433K(49664K), 0.0004890 secs] [Times: user=0.01 sys=0.00, real=0.00 secs] 
178.612: Total time for which application threads were stopped: 0.0006590 seconds, Stopping threads took: 0.0001050 seconds
178.670: Application time: 0.0583310 seconds
178.670: [GC [PSYoungGen: 13917K->512K(15360K)] 23743K->10337K(49664K), 0.0003930 secs] [Times: user=0.00 sys=0.00, real=0.00 secs] 
178.671: Total time for which application threads were stopped: 0.0005130 seconds, Stopping threads took: 0.0000650 seconds
178.728: Application time: 0.0566490 seconds
178.728: [GC [PSYoungGen: 13821K->704K(15360K)] 23646K->10529K(49664K), 0.0004150 secs] [Times: user=0.00 sys=0.00, real=0.00 secs] 
178.728: Total time for which application threads were stopped: 0.0005270 seconds, Stopping threads took: 0.0000580 seconds
178.768: Application time: 0.0394860 seconds
178.768: [GC [PSYoungGen: 14014K->960K(15360K)] 23840K->10785K(49664K), 0.0004840 secs] [Times: user=0.01 sys=0.00, real=0.00 secs] 
178.768: Total time for which application threads were stopped: 0.0005860 seconds, Stopping threads took: 0.0000460 seconds
178.808: Application time: 0.0402010 seconds
178.808: [GC [PSYoungGen: 14270K->992K(15360K)] 24095K->10817K(49664K), 0.0004790 secs] [Times: user=0.00 sys=0.00, real=0.00 secs] 
178.809: Total time for which application threads were stopped: 0.0006010 seconds, Stopping threads took: 0.0000670 seconds
178.862: Application time: 0.0532790 seconds
178.862: [GC [PSYoungGen: 14302K->992K(15360K)] 24128K->10817K(49664K), 0.0004860 secs] [Times: user=0.00 sys=0.00, real=0.00 secs] 
178.863: Total time for which application threads were stopped: 0.0005970 seconds, Stopping threads took: 0.0000550 seconds
178.904: Application time: 0.0410730 seconds
178.904: [GC [PSYoungGen: 14300K->1248K(15360K)] 24125K->11073K(49664K), 0.0005250 secs] [Times: user=0.00 sys=0.00, real=0.00 secs] 
178.905: Total time for which application threads were stopped: 0.0006300 seconds, Stopping threads took: 0.0000500 seconds
178.956: Application time: 0.0519020 seconds
178.957: [GC [PSYoungGen: 14557K->1280K(15360K)] 24383K->11105K(49664K), 0.0005600 secs] [Times: user=0.00 sys=0.00, real=0.00 secs] 
178.957: Total time for which application threads were stopped: 0.0006800 seconds, Stopping threads took: 0.0000660 seconds
178.999: Application time: 0.0422930 seconds
179.000: [GC [PSYoungGen: 14590K->1696K(15360K)] 24416K->11521K(49664K), 0.0006240 secs] [Times: user=0.00 sys=0.00, real=0.00 secs] 
179.000: Total time for which application threads were stopped: 0.0007330 seconds, Stopping threads took: 0.0000510 seconds
179.031: Application time: 0.0310250 seconds
179.031: [GC [PSYoungGen: 15006K->1840K(15360K)] 24832K->11665K(49664K), 0.0006520 secs] [Times: user=0.00 sys=0.00, real=0.00 secs] 
179.032: Total time for which application threads were stopped: 0.0007690 seconds, Stopping threads took: 0.0000530 seconds
179.071: Application time: 0.0390000 seconds
179.071: [GC [PSYoungGen: 15150K->1920K(15360K)] 24975K->11745K(49664K), 0.0007070 secs] [Times: user=0.01 sys=0.00, real=0.00 secs] 
179.072: Total time for which application threads were stopped: 0.0008170 seconds, Stopping threads took: 0.0000540 seconds
179.127: Application time: 0.0547460 seconds
179.127: [GC [PSYoungGen: 15230K->1984K(15360K)] 25056K->11809K(49664K), 0.0007720 secs] [Times: user=0.01 sys=0.00, real=0.00 secs] 
179.127: Total time for which application threads were stopped: 0.0008780 seconds, Stopping threads took: 0.0000480 seconds
179.182: Application time: 0.0548350 seconds
179.182: [GC [PSYoungGen: 15294K->1952K(15360K)] 25120K->11777K(49664K), 0.0007070 secs] [Times: user=0.01 sys=0.00, real=0.00 secs] 
179.183: Total time for which application threads were stopped: 0.0008390 seconds, Stopping threads took: 0.0000740 seconds
179.239: Application time: 0.0555940 seconds
179.239: [GC [PSYoungGen: 15260K->1920K(15360K)] 25086K->11745K(49664K), 0.0006970 secs] [Times: user=0.00 sys=0.00, real=0.00 secs] 
179.240: Total time for which application threads were stopped: 0.0008360 seconds, Stopping threads took: 0.0000830 seconds
179.296: Application time: 0.0566430 seconds
179.296: [GC [PSYoungGen: 15229K->1952K(15360K)] 25054K->11777K(49664K), 0.0006910 secs] [Times: user=0.00 sys=0.00, real=0.00 secs] 
179.297: Total time for which application threads were stopped: 0.0008130 seconds, Stopping threads took: 0.0000620 seconds
179.354: Application time: 0.0573970 seconds
179.354: [GC [PSYoungGen: 15263K->1920K(15360K)] 25089K->11745K(49664K), 0.0006930 secs] [Times: user=0.00 sys=0.00, real=0.00 secs] 
179.355: Total time for which application threads were stopped: 0.0008130 seconds, Stopping threads took: 0.0000630 seconds
179.411: Application time: 0.0562210 seconds
179.411: [GC [PSYoungGen: 15228K->1984K(15360K)] 25054K->11809K(49664K), 0.0007020 secs] [Times: user=0.00 sys=0.00, real=0.00 secs] 
179.412: Total time for which application threads were stopped: 0.0008150 seconds, Stopping threads took: 0.0000570 seconds
179.467: Application time: 0.0550860 seconds
179.467: [GC [PSYoungGen: 15293K->1952K(15360K)] 25118K->11777K(49664K), 0.0007040 secs] [Times: user=0.00 sys=0.00, real=0.00 secs] 
179.468: Total time for which application threads were stopped: 0.0008240 seconds, Stopping threads took: 0.0000650 seconds
179.527: Application time: 0.0588780 seconds
179.527: [GC [PSYoungGen: 15261K->1856K(15360K)] 25087K->11721K(49664K), 0.0006950 secs] [Times: user=0.01 sys=0.00, real=0.00 secs] 
179.528: Total time for which application threads were stopped: 0.0008200 seconds, Stopping threads took: 0.0000690 seconds
179.587: Application time: 0.0590800 seconds
179.587: [GC [PSYoungGen: 15165K->1808K(15360K)] 25031K->11721K(49664K), 0.0007190 secs] [Times: user=0.00 sys=0.00, real=0.00 secs] 
179.588: Total time for which application threads were stopped: 0.0008590 seconds, Stopping threads took: 0.0000710 seconds
179.646: Application time: 0.0587040 seconds
179.648: [GC [PSYoungGen: 15117K->1696K(15360K)] 25031K->11830K(49664K), 0.0007660 secs] [Times: user=0.01 sys=0.00, real=0.00 secs] 
179.649: Total time for which application threads were stopped: 0.0026350 seconds, Stopping threads took: 0.0017970 seconds
179.710: Application time: 0.0604330 seconds
179.710: [GC [PSYoungGen: 15008K->1632K(15360K)] 25142K->11814K(49664K), 0.0006250 secs] [Times: user=0.00 sys=0.00, real=0.00 secs] 
179.710: Total time for which application threads were stopped: 0.0007440 seconds, Stopping threads took: 0.0000620 seconds
179.769: Application time: 0.0587970 seconds
179.769: [GC [PSYoungGen: 14941K->1376K(15360K)] 25123K->11822K(49664K), 0.0006200 secs] [Times: user=0.01 sys=0.00, real=0.00 secs] 
179.770: Total time for which application threads were stopped: 0.0007440 seconds, Stopping threads took: 0.0000650 seconds
179.829: Application time: 0.0589430 seconds
179.829: [GC [PSYoungGen: 14685K->1280K(15360K)] 25132K->11806K(49664K), 0.0005610 secs] [Times: user=0.00 sys=0.00, real=0.00 secs] 
179.829: Total time for which application threads were stopped: 0.0006840 seconds, Stopping threads took: 0.0000650 seconds
179.889: Application time: 0.0596740 seconds
179.889: [GC [PSYoungGen: 14591K->1456K(15360K)] 25118K->11982K(49664K), 0.0005670 secs] [Times: user=0.00 sys=0.00, real=0.00 secs] 
179.890: Total time for which application threads were stopped: 0.0006870 seconds, Stopping threads took: 0.0000640 seconds
179.949: Application time: 0.0589730 seconds
179.949: [GC [PSYoungGen: 14765K->1216K(15360K)] 25292K->11782K(49664K), 0.0005330 secs] [Times: user=0.01 sys=0.00, real=0.00 secs] 
179.949: Total time for which application threads were stopped: 0.0006380 seconds, Stopping threads took: 0.0000480 seconds
180.009: Application time: 0.0598580 seconds
180.009: [GC [PSYoungGen: 14525K->1280K(15360K)] 25092K->11846K(49664K), 0.0005200 secs] [Times: user=0.01 sys=0.00, real=0.00 secs] 
180.010: Total time for which application threads were stopped: 0.0006260 seconds, Stopping threads took: 0.0000510 seconds
180.070: Application time: 0.0602230 seconds
180.070: [GC [PSYoungGen: 14591K->1088K(15360K)] 25158K->11875K(49664K), 0.0005350 secs] [Times: user=0.00 sys=0.00, real=0.00 secs] 
180.071: Total time for which application threads were stopped: 0.0006540 seconds, Stopping threads took: 0.0000560 seconds
180.118: Application time: 0.0473520 seconds
180.118: [GC [PSYoungGen: 14397K->1120K(15360K)] 25184K->12119K(49664K), 0.0004950 secs] [Times: user=0.00 sys=0.00, real=0.00 secs] 
180.119: Total time for which application threads were stopped: 0.0006110 seconds, Stopping threads took: 0.0000510 seconds
180.169: Application time: 0.0503630 seconds
180.169: [GC [PSYoungGen: 14429K->1120K(15360K)] 25429K->12119K(49664K), 0.0005640 secs] [Times: user=0.01 sys=0.00, real=0.00 secs] 
180.170: Total time for which application threads were stopped: 0.0006760 seconds, Stopping threads took: 0.0000570 seconds
180.216: Application time: 0.0465050 seconds
180.216: [GC [PSYoungGen: 14429K->1120K(15360K)] 25429K->12324K(49664K), 0.0005390 secs] [Times: user=0.00 sys=0.00, real=0.00 secs] 
180.217: Total time for which application threads were stopped: 0.0006500 seconds, Stopping threads took: 0.0000560 seconds
180.267: Application time: 0.0501530 seconds
180.267: [GC [PSYoungGen: 14427K->896K(15360K)] 25631K->12296K(49664K), 0.0005620 secs] [Times: user=0.00 sys=0.00, real=0.00 secs] 
180.268: Total time for which application threads were stopped: 0.0006680 seconds, Stopping threads took: 0.0000520 seconds
180.325: Application time: 0.0570210 seconds
180.325: [GC [PSYoungGen: 14207K->544K(15360K)] 25608K->12365K(49664K), 0.0004620 secs] [Times: user=0.00 sys=0.00, real=0.00 secs] 
180.325: Total time for which application threads were stopped: 0.0005800 seconds, Stopping threads took: 0.0000610 seconds
180.384: Application time: 0.0584100 seconds
180.384: [GC [PSYoungGen: 13853K->512K(15360K)] 25674K->12333K(49664K), 0.0004250 secs] [Times: user=0.00 sys=0.00, real=0.00 secs] 
180.384: Total time for which application threads were stopped: 0.0005310 seconds, Stopping threads took: 0.0000520 seconds
180.440: Application time: 0.0557870 seconds
180.444: [GC [PSYoungGen: 13820K->704K(15360K)] 25642K->12525K(49664K), 0.0004480 secs] [Times: user=0.00 sys=0.00, real=0.00 secs] 
180.445: Total time for which application threads were stopped: 0.0046490 seconds, Stopping threads took: 0.0041460 seconds
180.487: Application time: 0.0425830 seconds
180.488: [GC [PSYoungGen: 14013K->736K(15360K)] 25835K->12557K(49664K), 0.0004630 secs] [Times: user=0.00 sys=0.00, real=0.00 secs] 
180.488: Total time for which application threads were stopped: 0.0006070 seconds, Stopping threads took: 0.0000870 seconds
180.528: Application time: 0.0401530 seconds
180.528: [GC [PSYoungGen: 14047K->992K(15360K)] 25868K->12813K(49664K), 0.0004870 secs] [Times: user=0.01 sys=0.00, real=0.00 secs] 
180.529: Total time for which application threads were stopped: 0.0006080 seconds, Stopping threads took: 0.0000610 seconds
180.575: Application time: 0.0460990 seconds
180.576: [GC [PSYoungGen: 14303K->1120K(15360K)] 26124K->12941K(49664K), 0.0005610 secs] [Times: user=0.00 sys=0.00, real=0.00 secs] 
180.577: Total time for which application threads were stopped: 0.0020300 seconds, Stopping threads took: 0.0014090 seconds
180.618: Application time: 0.0414490 seconds
180.618: [GC [PSYoungGen: 14427K->1200K(15360K)] 26248K->13021K(49664K), 0.0005430 secs] [Times: user=0.00 sys=0.00, real=0.00 secs] 
180.619: Total time for which application threads were stopped: 0.0006620 seconds, Stopping threads took: 0.0000650 seconds
180.675: Application time: 0.0558500 seconds
180.675: [GC [PSYoungGen: 14508K->1296K(15360K)] 26330K->13117K(49664K), 0.0005470 secs] [Times: user=0.00 sys=0.00, real=0.00 secs] 
180.676: Total time for which application threads were stopped: 0.0006620 seconds, Stopping threads took: 0.0000500 seconds
180.716: Application time: 0.0409190 seconds
180.717: [GC [PSYoungGen: 14608K->1504K(15360K)] 26429K->13325K(49664K), 0.0006150 secs] [Times: user=0.00 sys=0.00, real=0.00 secs] 
180.717: Total time for which application threads were stopped: 0.0007320 seconds, Stopping threads took: 0.0000610 seconds
180.756: Application time: 0.0390170 seconds
180.756: [GC [PSYoungGen: 14815K->1856K(15360K)] 26636K->13677K(49664K), 0.0006840 secs] [Times: user=0.01 sys=0.00, real=0.00 secs] 
180.757: Total time for which application threads were stopped: 0.0007960 seconds, Stopping threads took: 0.0000550 seconds
180.792: Application time: 0.0345780 seconds
180.792: [GC [PSYoungGen: 15163K->1872K(15360K)] 26985K->13693K(49664K), 0.0007110 secs] [Times: user=0.00 sys=0.00, real=0.00 secs] 
180.792: Total time for which application threads were stopped: 0.0008230 seconds, Stopping threads took: 0.0000550 seconds
180.845: Application time: 0.0530170 seconds
180.846: [GC [PSYoungGen: 15181K->1936K(15360K)] 27002K->13757K(49664K), 0.0007040 secs] [Times: user=0.01 sys=0.00, real=0.00 secs] 
180.846: Total time for which application threads were stopped: 0.0008200 seconds, Stopping threads took: 0.0000590 seconds
180.901: Application time: 0.0543520 seconds
180.901: [GC [PSYoungGen: 15246K->1920K(15360K)] 27067K->13741K(49664K), 0.0006790 secs] [Times: user=0.00 sys=0.00, real=0.00 secs] 
180.901: Total time for which application threads were stopped: 0.0008010 seconds, Stopping threads took: 0.0000670 seconds
180.957: Application time: 0.0555690 seconds
180.957: [GC [PSYoungGen: 15228K->1936K(15360K)] 27049K->13757K(49664K), 0.0007190 secs] [Times: user=0.01 sys=0.00, real=0.00 secs] 
180.958: Total time for which application threads were stopped: 0.0008370 seconds, Stopping threads took: 0.0000590 seconds
181.014: Application time: 0.0557370 seconds
181.014: [GC [PSYoungGen: 15244K->1936K(15360K)] 27065K->13757K(49664K), 0.0007480 secs] [Times: user=0.00 sys=0.00, real=0.00 secs] 
181.014: Total time for which application threads were stopped: 0.0008630 seconds, Stopping threads took: 0.0000560 seconds
181.073: Application time: 0.0582460 seconds
181.073: [GC [PSYoungGen: 15245K->1904K(15360K)] 27066K->13725K(49664K), 0.0006840 secs] [Times: user=0.00 sys=0.00, real=0.00 secs] 
181.073: Total time for which application threads were stopped: 0.0008000 seconds, Stopping threads took: 0.0000580 seconds
181.130: Application time: 0.0566530 seconds
181.130: [GC [PSYoungGen: 15212K->1952K(15360K)] 27033K->13773K(49664K), 0.0006680 secs] [Times: user=0.01 sys=0.00, real=0.00 secs] 
181.131: Total time for which application threads were stopped: 0.0007780 seconds, Stopping threads took: 0.0000530 seconds
181.187: Application time: 0.0557580 seconds
181.187: [GC [PSYoungGen: 15262K->1936K(15360K)] 27083K->13757K(49664K), 0.0006470 secs] [Times: user=0.01 sys=0.00, real=0.00 secs] 
181.187: Total time for which application threads were stopped: 0.0007670 seconds, Stopping threads took: 0.0000580 seconds
181.246: Application time: 0.0584890 seconds
181.246: [GC [PSYoungGen: 15245K->1856K(15360K)] 27066K->13717K(49664K), 0.0006790 secs] [Times: user=0.01 sys=0.00, real=0.00 secs] 
181.247: Total time for which application threads were stopped: 0.0007990 seconds, Stopping threads took: 0.0000630 seconds
181.306: Application time: 0.0589990 seconds
181.306: [GC [PSYoungGen: 15165K->1888K(15360K)] 27026K->13797K(49664K), 0.0006670 secs] [Times: user=0.00 sys=0.00, real=0.00 secs] 
181.307: Total time for which application threads were stopped: 0.0007850 seconds, Stopping threads took: 0.0000610 seconds
181.365: Application time: 0.0586710 seconds
181.365: [GC [PSYoungGen: 15197K->1616K(15360K)] 27106K->13746K(49664K), 0.0007200 secs] [Times: user=0.00 sys=0.00, real=0.00 secs] 
181.366: Total time for which application threads were stopped: 0.0008260 seconds, Stopping threads took: 0.0000500 seconds
181.425: Application time: 0.0586960 seconds
181.425: [GC [PSYoungGen: 14925K->1568K(15360K)] 27055K->13786K(49664K), 0.0006100 secs] [Times: user=0.00 sys=0.00, real=0.00 secs] 
181.425: Total time for which application threads were stopped: 0.0007280 seconds, Stopping threads took: 0.0000610 seconds
181.485: Application time: 0.0591460 seconds
181.485: [GC [PSYoungGen: 14877K->1408K(15360K)] 27095K->13882K(49664K), 0.0006130 secs] [Times: user=0.00 sys=0.00, real=0.00 secs] 
181.485: Total time for which application threads were stopped: 0.0007350 seconds, Stopping threads took: 0.0000550 seconds
181.544: Application time: 0.0588290 seconds
181.544: [GC [PSYoungGen: 14717K->1280K(15360K)] 27191K->13802K(49664K), 0.0005800 secs] [Times: user=0.01 sys=0.00, real=0.00 secs] 
181.545: Total time for which application threads were stopped: 0.0007050 seconds, Stopping threads took: 0.0000650 seconds
181.604: Application time: 0.0592280 seconds
181.604: [GC [PSYoungGen: 14589K->1344K(15360K)] 27111K->13906K(49664K), 0.0005680 secs] [Times: user=0.00 sys=0.00, real=0.00 secs] 
181.605: Total time for which application threads were stopped: 0.0006930 seconds, Stopping threads took: 0.0000670 seconds
181.664: Application time: 0.0594180 seconds
181.664: [GC [PSYoungGen: 14653K->1344K(15360K)] 27215K->13906K(49664K), 0.0005390 secs] [Times: user=0.00 sys=0.00, real=0.00 secs] 
181.665: Total time for which application threads were stopped: 0.0006770 seconds, Stopping threads took: 0.0000820 seconds
181.726: Application time: 0.0608870 seconds
181.726: [GC [PSYoungGen: 14655K->1280K(15360K)] 27217K->13890K(49664K), 0.0005320 secs] [Times: user=0.00 sys=0.00, real=0.00 secs] 
181.726: Total time for which application threads were stopped: 0.0006730 seconds, Stopping threads took: 0.0000760 seconds
181.785: Application time: 0.0588340 seconds
181.785: [GC [PSYoungGen: 14589K->1120K(15360K)] 27199K->13942K(49664K), 0.0005990 secs] [Times: user=0.00 sys=0.00, real=0.00 secs] 
181.786: Total time for which application threads were stopped: 0.0007210 seconds, Stopping threads took: 0.0000650 seconds
181.835: Application time: 0.0487520 seconds
181.835: [GC [PSYoungGen: 14430K->1120K(15360K)] 27253K->14147K(49664K), 0.0005550 secs] [Times: user=0.00 sys=0.00, real=0.00 secs] 
181.835: Total time for which application threads were stopped: 0.0006590 seconds, Stopping threads took: 0.0000490 seconds
181.885: Application time: 0.0492470 seconds
181.885: [GC [PSYoungGen: 14429K->896K(15360K)] 27457K->14147K(49664K), 0.0004820 secs] [Times: user=0.01 sys=0.00, real=0.00 secs] 
181.885: Total time for which application threads were stopped: 0.0006060 seconds, Stopping threads took: 0.0000660 seconds
181.933: Application time: 0.0477500 seconds
181.933: [GC [PSYoungGen: 14205K->1120K(15360K)] 27456K->14371K(49664K), 0.0005210 secs] [Times: user=0.01 sys=0.00, real=0.00 secs] 
181.934: Total time for which application threads were stopped: 0.0006270 seconds, Stopping threads took: 0.0000500 seconds
181.982: Application time: 0.0485110 seconds
181.982: [GC [PSYoungGen: 14431K->928K(15360K)] 27683K->14407K(49664K), 0.0004980 secs] [Times: user=0.01 sys=0.00, real=0.00 secs] 
181.983: Total time for which application threads were stopped: 0.0006130 seconds, Stopping threads took: 0.0000600 seconds
182.040: Application time: 0.0574900 seconds
182.040: [GC [PSYoungGen: 14236K->512K(15360K)] 27716K->14400K(49664K), 0.0004690 secs] [Times: user=0.00 sys=0.00, real=0.00 secs] 
182.041: Total time for which application threads were stopped: 0.0005770 seconds, Stopping threads took: 0.0000530 seconds
182.100: Application time: 0.0586780 seconds
182.100: [GC [PSYoungGen: 13821K->480K(15360K)] 27710K->14368K(49664K), 0.0004120 secs] [Times: user=0.00 sys=0.00, real=0.00 secs] 
182.100: Total time for which application threads were stopped: 0.0005140 seconds, Stopping threads took: 0.0000480 seconds
182.158: Application time: 0.0580900 seconds
182.158: [GC [PSYoungGen: 13791K->512K(15360K)] 27680K->14400K(49664K), 0.0004220 secs] [Times: user=0.00 sys=0.00, real=0.00 secs] 
182.159: Total time for which application threads were stopped: 0.0005370 seconds, Stopping threads took: 0.0000600 seconds
182.199: Application time: 0.0408340 seconds
182.200: [GC [PSYoungGen: 13821K->736K(15360K)] 27710K->14624K(49664K), 0.0004630 secs] [Times: user=0.00 sys=0.00, real=0.00 secs] 
182.200: Total time for which application threads were stopped: 0.0005690 seconds, Stopping threads took: 0.0000550 seconds
182.242: Application time: 0.0415350 seconds
182.242: [GC [PSYoungGen: 14045K->960K(15360K)] 27934K->14848K(49664K), 0.0005190 secs] [Times: user=0.01 sys=0.00, real=0.00 secs] 
182.242: Total time for which application threads were stopped: 0.0006570 seconds, Stopping threads took: 0.0000720 seconds
182.289: Application time: 0.0463690 seconds
182.289: [GC [PSYoungGen: 14271K->1216K(15360K)] 28160K->15104K(49664K), 0.0005230 secs] [Times: user=0.00 sys=0.00, real=0.00 secs] 
182.289: Total time for which application threads were stopped: 0.0006180 seconds, Stopping threads took: 0.0000400 seconds
182.330: Application time: 0.0403160 seconds
182.330: [GC [PSYoungGen: 14523K->1184K(15360K)] 28412K->15072K(49664K), 0.0005120 secs] [Times: user=0.00 sys=0.00, real=0.00 secs] 
182.330: Total time for which application threads were stopped: 0.0006270 seconds, Stopping threads took: 0.0000610 seconds
182.384: Application time: 0.0538860 seconds
182.384: [GC [PSYoungGen: 14495K->1296K(15360K)] 28384K->15185K(49664K), 0.0005940 secs] [Times: user=0.00 sys=0.00, real=0.00 secs] 
182.385: Total time for which application threads were stopped: 0.0007300 seconds, Stopping threads took: 0.0000810 seconds
182.429: Application time: 0.0440260 seconds
182.429: [GC [PSYoungGen: 14607K->1472K(15360K)] 28496K->15360K(49664K), 0.0005970 secs] [Times: user=0.00 sys=0.00, real=0.00 secs] 
182.430: Total time for which application threads were stopped: 0.0007050 seconds, Stopping threads took: 0.0000480 seconds
182.465: Application time: 0.0355700 seconds
182.465: [GC [PSYoungGen: 14783K->1968K(15360K)] 28671K->15857K(49664K), 0.0006770 secs] [Times: user=0.00 sys=0.00, real=0.00 secs] 
182.466: Total time for which application threads were stopped: 0.0007860 seconds, Stopping threads took: 0.0000550 seconds
182.501: Application time: 0.0347110 seconds
182.501: [GC [PSYoungGen: 15278K->1936K(15360K)] 29166K->15825K(49664K), 0.0007130 secs] [Times: user=0.00 sys=0.00, real=0.00 secs] 
182.501: Total time for which application threads were stopped: 0.0008200 seconds, Stopping threads took: 0.0000520 seconds
182.554: Application time: 0.0526380 seconds
182.554: [GC [PSYoungGen: 15244K->1936K(15360K)] 29133K->15825K(49664K), 0.0007200 secs] [Times: user=0.00 sys=0.00, real=0.00 secs] 
182.555: Total time for which application threads were stopped: 0.0008320 seconds, Stopping threads took: 0.0000520 seconds
182.609: Application time: 0.0544570 seconds
182.609: [GC [PSYoungGen: 15245K->1984K(15360K)] 29134K->15873K(49664K), 0.0006680 secs] [Times: user=0.00 sys=0.00, real=0.00 secs] 
182.610: Total time for which application threads were stopped: 0.0007880 seconds, Stopping threads took: 0.0000620 seconds
182.666: Application time: 0.0555340 seconds
182.666: [GC [PSYoungGen: 15292K->1904K(15360K)] 29181K->15793K(49664K), 0.0006770 secs] [Times: user=0.00 sys=0.00, real=0.00 secs] 
182.667: Total time for which application threads were stopped: 0.0008050 seconds, Stopping threads took: 0.0000720 seconds
182.723: Application time: 0.0569060 seconds
182.724: [GC [PSYoungGen: 15215K->1952K(15360K)] 29104K->15841K(49664K), 0.0007350 secs] [Times: user=0.01 sys=0.00, real=0.00 secs] 
182.724: Total time for which application threads were stopped: 0.0008560 seconds, Stopping threads took: 0.0000620 seconds
182.783: Application time: 0.0584540 seconds
182.783: [GC [PSYoungGen: 15261K->1888K(15360K)] 29150K->15777K(49664K), 0.0007060 secs] [Times: user=0.00 sys=0.00, real=0.00 secs] 
182.784: Total time for which application threads were stopped: 0.0008380 seconds, Stopping threads took: 0.0000650 seconds
182.840: Application time: 0.0562060 seconds
182.840: [GC [PSYoungGen: 15196K->1952K(15360K)] 29085K->15841K(49664K), 0.0007060 secs] [Times: user=0.01 sys=0.00, real=0.01 secs] 
182.841: Total time for which application threads were stopped: 0.0008230 seconds, Stopping threads took: 0.0000570 seconds
182.896: Application time: 0.0551070 seconds
182.896: [GC [PSYoungGen: 15262K->1920K(15360K)] 29151K->15809K(49664K), 0.0006820 secs] [Times: user=0.01 sys=0.00, real=0.00 secs] 
182.897: Total time for which application threads were stopped: 0.0008000 seconds, Stopping threads took: 0.0000530 seconds
182.955: Application time: 0.0584880 seconds
182.955: [GC [PSYoungGen: 15229K->1840K(15360K)] 29118K->15769K(49664K), 0.0007080 secs] [Times: user=0.00 sys=0.00, real=0.00 secs] 
182.956: Total time for which application threads were stopped: 0.0008310 seconds, Stopping threads took: 0.0000650 seconds
183.015: Application time: 0.0592550 seconds
183.015: [GC [PSYoungGen: 15149K->1824K(15360K)] 29078K->15753K(49664K), 0.0006680 secs] [Times: user=0.01 sys=0.00, real=0.00 secs] 
183.016: Total time for which application threads were stopped: 0.0007830 seconds, Stopping threads took: 0.0000570 seconds
183.074: Application time: 0.0586090 seconds
183.075: [GC [PSYoungGen: 15133K->1680K(15360K)] 29062K->15853K(49664K), 0.0006660 secs] [Times: user=0.00 sys=0.00, real=0.00 secs] 
183.075: Total time for which application threads were stopped: 0.0007680 seconds, Stopping threads took: 0.0000470 seconds
183.134: Application time: 0.0588020 seconds
183.134: [GC [PSYoungGen: 14989K->1632K(15360K)] 29163K->15845K(49664K), 0.0006180 secs] [Times: user=0.00 sys=0.00, real=0.00 secs] 
183.135: Total time for which application threads were stopped: 0.0007410 seconds, Stopping threads took: 0.0000630 seconds
183.194: Application time: 0.0587990 seconds
183.194: [GC [PSYoungGen: 14941K->1328K(15360K)] 29155K->15826K(49664K), 0.0006240 secs] [Times: user=0.00 sys=0.00, real=0.00 secs] 
183.194: Total time for which application threads were stopped: 0.0007290 seconds, Stopping threads took: 0.0000510 seconds
183.253: Application time: 0.0588620 seconds
183.253: [GC [PSYoungGen: 14637K->1312K(15360K)] 29135K->15850K(49664K), 0.0005690 secs] [Times: user=0.01 sys=0.00, real=0.00 secs] 
183.254: Total time for which application threads were stopped: 0.0006690 seconds, Stopping threads took: 0.0000440 seconds
183.313: Application time: 0.0586810 seconds
183.313: [GC [PSYoungGen: 14621K->1344K(15360K)] 29159K->15930K(49664K), 0.0005450 secs] [Times: user=0.00 sys=0.00, real=0.00 secs] 
183.313: Total time for which application threads were stopped: 0.0006670 seconds, Stopping threads took: 0.0000560 seconds
183.372: Application time: 0.0591390 seconds
183.372: [GC [PSYoungGen: 14653K->1312K(15360K)] 29239K->15898K(49664K), 0.0005650 secs] [Times: user=0.00 sys=0.00, real=0.00 secs] 
183.373: Total time for which application threads were stopped: 0.0006790 seconds, Stopping threads took: 0.0000600 seconds
183.432: Application time: 0.0590110 seconds
183.432: [GC [PSYoungGen: 14621K->1280K(15360K)] 29207K->15914K(49664K), 0.0005470 secs] [Times: user=0.00 sys=0.00, real=0.00 secs] 
183.433: Total time for which application threads were stopped: 0.0006840 seconds, Stopping threads took: 0.0000810 seconds
183.494: Application time: 0.0609550 seconds
183.494: [GC [PSYoungGen: 14591K->1088K(15360K)] 29225K->15934K(49664K), 0.0005390 secs] [Times: user=0.00 sys=0.00, real=0.00 secs] 
183.494: Total time for which application threads were stopped: 0.0006720 seconds, Stopping threads took: 0.0000760 seconds
183.544: Application time: 0.0497810 seconds
183.544: [GC [PSYoungGen: 14398K->1120K(15360K)] 29244K->16179K(49664K), 0.0005610 secs] [Times: user=0.00 sys=0.00, real=0.00 secs] 
183.546: Total time for which application threads were stopped: 0.0017010 seconds, Stopping threads took: 0.0000590 seconds
183.594: Application time: 0.0482940 seconds
183.594: [GC [PSYoungGen: 14429K->928K(15360K)] 29488K->16207K(49664K), 0.0005150 secs] [Times: user=0.00 sys=0.00, real=0.00 secs] 
183.595: Total time for which application threads were stopped: 0.0006140 seconds, Stopping threads took: 0.0000460 seconds
183.646: Application time: 0.0508750 seconds
183.646: [GC [PSYoungGen: 14238K->1120K(15360K)] 29518K->16399K(49664K), 0.0004970 secs] [Times: user=0.00 sys=0.00, real=0.00 secs] 
183.646: Total time for which application threads were stopped: 0.0005900 seconds, Stopping threads took: 0.0000360 seconds
183.692: Application time: 0.0458070 seconds
183.692: [GC [PSYoungGen: 14431K->928K(15360K)] 29711K->16420K(49664K), 0.0005350 secs] [Times: user=0.01 sys=0.00, real=0.00 secs] 
183.693: Total time for which application threads were stopped: 0.0006520 seconds, Stopping threads took: 0.0000600 seconds
183.750: Application time: 0.0570390 seconds
183.750: [GC [PSYoungGen: 14236K->512K(15360K)] 29729K->16413K(49664K), 0.0005180 secs] [Times: user=0.00 sys=0.00, real=0.00 secs] 
183.750: Total time for which application threads were stopped: 0.0006210 seconds, Stopping threads took: 0.0000450 seconds
183.809: Application time: 0.0582930 seconds
183.809: [GC [PSYoungGen: 13821K->480K(15360K)] 29723K->16381K(49664K), 0.0004290 secs] [Times: user=0.00 sys=0.00, real=0.00 secs] 
183.809: Total time for which application threads were stopped: 0.0005410 seconds, Stopping threads took: 0.0000560 seconds
183.866: Application time: 0.0565650 seconds
183.866: [GC [PSYoungGen: 13791K->704K(15360K)] 29693K->16605K(49664K), 0.0004330 secs] [Times: user=0.01 sys=0.00, real=0.00 secs] 
183.866: Total time for which application threads were stopped: 0.0005510 seconds, Stopping threads took: 0.0000550 seconds
183.907: Application time: 0.0409700 seconds
183.908: [GC [PSYoungGen: 14012K->704K(15360K)] 29913K->16605K(49664K), 0.0004900 secs] [Times: user=0.01 sys=0.00, real=0.00 secs] 
183.909: Total time for which application threads were stopped: 0.0015390 seconds, Stopping threads took: 0.0009940 seconds
183.956: Application time: 0.0470390 seconds
183.956: [GC [PSYoungGen: 14012K->992K(15360K)] 29913K->16893K(49664K), 0.0004920 secs] [Times: user=0.00 sys=0.00, real=0.00 secs] 
183.956: Total time for which application threads were stopped: 0.0005910 seconds, Stopping threads took: 0.0000450 seconds
184.000: Application time: 0.0437600 seconds
184.000: [GC [PSYoungGen: 14303K->1120K(15360K)] 30204K->17021K(49664K), 0.0005590 secs] [Times: user=0.00 sys=0.00, real=0.00 secs] 
184.001: Total time for which application threads were stopped: 0.0006750 seconds, Stopping threads took: 0.0000630 seconds
184.042: Application time: 0.0411440 seconds
184.042: [GC [PSYoungGen: 14429K->1216K(15360K)] 30331K->17117K(49664K), 0.0005620 secs] [Times: user=0.01 sys=0.00, real=0.00 secs] 
184.043: Total time for which application threads were stopped: 0.0006560 seconds, Stopping threads took: 0.0000420 seconds
184.097: Application time: 0.0542200 seconds
184.098: [GC [PSYoungGen: 14527K->1264K(15360K)] 30429K->17165K(49664K), 0.0006250 secs] [Times: user=0.01 sys=0.00, real=0.00 secs] 
184.099: Total time for which application threads were stopped: 0.0016440 seconds, Stopping threads took: 0.0009500 seconds
184.142: Application time: 0.0437110 seconds
184.142: [GC [PSYoungGen: 14576K->1504K(15360K)] 30477K->17405K(49664K), 0.0006210 secs] [Times: user=0.00 sys=0.00, real=0.00 secs] 
184.143: Total time for which application threads were stopped: 0.0007180 seconds, Stopping threads took: 0.0000420 seconds
184.189: Application time: 0.0458890 seconds
184.189: [GC [PSYoungGen: 14814K->1872K(15360K)] 30716K->17773K(49664K), 0.0006220 secs] [Times: user=0.00 sys=0.00, real=0.00 secs] 
184.190: Total time for which application threads were stopped: 0.0007220 seconds, Stopping threads took: 0.0000470 seconds
184.222: Application time: 0.0321560 seconds
184.222: [GC [PSYoungGen: 15179K->1904K(15360K)] 31081K->17805K(49664K), 0.0007160 secs] [Times: user=0.01 sys=0.00, real=0.00 secs] 
184.223: Total time for which application threads were stopped: 0.0008130 seconds, Stopping threads took: 0.0000380 seconds
184.271: Application time: 0.0482110 seconds
184.272: [GC [PSYoungGen: 15215K->1888K(15360K)] 31117K->17789K(49664K), 0.0007280 secs] [Times: user=0.00 sys=0.00, real=0.00 secs] 
184.273: Total time for which application threads were stopped: 0.0022620 seconds, Stopping threads took: 0.0014780 seconds
184.326: Application time: 0.0529650 seconds
184.326: [GC [PSYoungGen: 15196K->1920K(15360K)] 31097K->17821K(49664K), 0.0006970 secs] [Times: user=0.00 sys=0.00, real=0.00 secs] 
184.327: Total time for which application threads were stopped: 0.0008340 seconds, Stopping threads took: 0.0000700 seconds
184.382: Application time: 0.0556190 seconds
184.383: [GC [PSYoungGen: 15228K->1952K(15360K)] 31130K->17853K(49664K), 0.0006880 secs] [Times: user=0.00 sys=0.00, real=0.00 secs] 
184.383: Total time for which application threads were stopped: 0.0008180 seconds, Stopping threads took: 0.0000610 seconds
184.439: Application time: 0.0557430 seconds
184.440: [GC [PSYoungGen: 15260K->1952K(15360K)] 31162K->17853K(49664K), 0.0007200 secs] [Times: user=0.00 sys=0.00, real=0.00 secs] 
184.441: Total time for which application threads were stopped: 0.0019960 seconds, Stopping threads took: 0.0012200 seconds
184.499: Application time: 0.0580830 seconds
184.499: [GC [PSYoungGen: 15263K->1984K(15360K)] 31165K->17885K(49664K), 0.0007960 secs] [Times: user=0.00 sys=0.00, real=0.00 secs] 
184.500: Total time for which application threads were stopped: 0.0009200 seconds, Stopping threads took: 0.0000650 seconds
184.556: Application time: 0.0564300 seconds
184.557: [GC [PSYoungGen: 15292K->1968K(15360K)] 31194K->17869K(49664K), 0.0006680 secs] [Times: user=0.00 sys=0.00, real=0.00 secs] 
184.557: Total time for which application threads were stopped: 0.0007910 seconds, Stopping threads took: 0.0000650 seconds
184.614: Application time: 0.0569600 seconds
184.616: [GC [PSYoungGen: 15276K->1952K(15360K)] 31178K->17853K(49664K), 0.0006680 secs] [Times: user=0.01 sys=0.00, real=0.00 secs] 
184.617: Total time for which application threads were stopped: 0.0027730 seconds, Stopping threads took: 0.0020480 seconds
184.673: Application time: 0.0558790 seconds
184.673: [GC [PSYoungGen: 15263K->1888K(15360K)] 31164K->17837K(49664K), 0.0007140 secs] [Times: user=0.00 sys=0.00, real=0.00 secs] 
184.674: Total time for which application threads were stopped: 0.0008270 seconds, Stopping threads took: 0.0000560 seconds
184.732: Application time: 0.0586310 seconds
184.732: [GC [PSYoungGen: 15197K->1792K(15360K)] 31147K->17789K(49664K), 0.0006850 secs] [Times: user=0.00 sys=0.00, real=0.00 secs] 
184.733: Total time for which application threads were stopped: 0.0008130 seconds, Stopping threads took: 0.0000710 seconds
184.792: Application time: 0.0586590 seconds
184.792: [GC [PSYoungGen: 15101K->1648K(15360K)] 31099K->17845K(49664K), 0.0006730 secs] [Times: user=0.01 sys=0.00, real=0.00 secs] 
184.793: Total time for which application threads were stopped: 0.0007750 seconds, Stopping threads took: 0.0000470 seconds
184.851: Application time: 0.0587070 seconds
184.851: [GC [PSYoungGen: 14957K->1568K(15360K)] 31155K->17813K(49664K), 0.0006610 secs] [Times: user=0.00 sys=0.00, real=0.00 secs] 
184.852: Total time for which application threads were stopped: 0.0007850 seconds, Stopping threads took: 0.0000690 seconds
184.911: Application time: 0.0586750 seconds
184.911: [GC [PSYoungGen: 14877K->1344K(15360K)] 31123K->17862K(49664K), 0.0006520 secs] [Times: user=0.00 sys=0.00, real=0.00 secs] 
184.912: Total time for which application threads were stopped: 0.0007840 seconds, Stopping threads took: 0.0000680 seconds
184.971: Application time: 0.0589860 seconds
184.971: [GC [PSYoungGen: 14653K->1344K(15360K)] 31171K->17910K(49664K), 0.0005750 secs] [Times: user=0.01 sys=0.00, real=0.00 secs] 
184.971: Total time for which application threads were stopped: 0.0006900 seconds, Stopping threads took: 0.0000590 seconds
185.031: Application time: 0.0599300 seconds
185.031: [GC [PSYoungGen: 14653K->1280K(15360K)] 31219K->17886K(49664K), 0.0006350 secs] [Times: user=0.00 sys=0.00, real=0.00 secs] 
185.032: Total time for which application threads were stopped: 0.0007360 seconds, Stopping threads took: 0.0000480 seconds
185.091: Application time: 0.0594810 seconds
185.092: [GC [PSYoungGen: 14589K->1312K(15360K)] 31195K->17918K(49664K), 0.0005510 secs] [Times: user=0.01 sys=0.00, real=0.00 secs] 
185.092: Total time for which application threads were stopped: 0.0006720 seconds, Stopping threads took: 0.0000650 seconds
185.152: Application time: 0.0603270 seconds
185.153: [GC [PSYoungGen: 14621K->1312K(15360K)] 31227K->17966K(49664K), 0.0005530 secs] [Times: user=0.00 sys=0.00, real=0.00 secs] 
185.153: Total time for which application threads were stopped: 0.0006690 seconds, Stopping threads took: 0.0000600 seconds
185.213: Application time: 0.0602530 seconds
185.213: [GC [PSYoungGen: 14621K->1120K(15360K)] 31275K->17978K(49664K), 0.0005400 secs] [Times: user=0.01 sys=0.00, real=0.00 secs] 
185.214: Total time for which application threads were stopped: 0.0006700 seconds, Stopping threads took: 0.0000720 seconds
185.266: Application time: 0.0515280 seconds
185.266: [GC [PSYoungGen: 14430K->1120K(15360K)] 31289K->18183K(49664K), 0.0005850 secs] [Times: user=0.00 sys=0.00, real=0.00 secs] 
185.266: Total time for which application threads were stopped: 0.0006970 seconds, Stopping threads took: 0.0000560 seconds
185.313: Application time: 0.0470990 seconds
185.313: [GC [PSYoungGen: 14429K->864K(15360K)] 31492K->18132K(49664K), 0.0005640 secs] [Times: user=0.01 sys=0.00, real=0.00 secs] 
185.314: Total time for which application threads were stopped: 0.0006760 seconds, Stopping threads took: 0.0000550 seconds
185.364: Application time: 0.0503530 seconds
185.368: [GC [PSYoungGen: 14173K->1152K(15360K)] 31441K->18420K(49664K), 0.0005670 secs] [Times: user=0.00 sys=0.00, real=0.00 secs] 
185.369: Total time for which application threads were stopped: 0.0045490 seconds, Stopping threads took: 0.0039220 seconds
185.415: Application time: 0.0460540 seconds
185.415: [GC [PSYoungGen: 14463K->896K(15360K)] 31731K->18392K(49664K), 0.0004990 secs] [Times: user=0.00 sys=0.00, real=0.00 secs] 
185.416: Total time for which application threads were stopped: 0.0006230 seconds, Stopping threads took: 0.0000570 seconds
185.473: Application time: 0.0572780 seconds
185.473: [GC [PSYoungGen: 14204K->928K(15360K)] 31701K->18424K(49664K), 0.0004640 secs] [Times: user=0.00 sys=0.00, real=0.00 secs] 
185.473: Total time for which application threads were stopped: 0.0005760 seconds, Stopping threads took: 0.0000570 seconds
185.532: Application time: 0.0585790 seconds
185.532: [GC [PSYoungGen: 14237K->544K(15360K)] 31734K->18449K(49664K), 0.0004950 secs] [Times: user=0.00 sys=0.00, real=0.00 secs] 
185.533: Total time for which application threads were stopped: 0.0006150 seconds, Stopping threads took: 0.0000620 seconds
185.588: Application time: 0.0551910 seconds
185.588: [GC [PSYoungGen: 13853K->800K(15360K)] 31758K->18705K(49664K), 0.0004680 secs] [Times: user=0.00 sys=0.00, real=0.01 secs] 
185.588: Total time for which application threads were stopped: 0.0005880 seconds, Stopping threads took: 0.0000640 seconds
185.630: Application time: 0.0414890 seconds
185.630: [GC [PSYoungGen: 14110K->800K(15360K)] 32015K->18705K(49664K), 0.0004450 secs] [Times: user=0.01 sys=0.00, real=0.00 secs] 
185.630: Total time for which application threads were stopped: 0.0005430 seconds, Stopping threads took: 0.0000430 seconds
185.676: Application time: 0.0455030 seconds
185.680: [GC [PSYoungGen: 14109K->960K(15360K)] 32015K->18865K(49664K), 0.0005330 secs] [Times: user=0.00 sys=0.00, real=0.00 secs] 
185.681: Total time for which application threads were stopped: 0.0048930 seconds, Stopping threads took: 0.0043070 seconds
185.725: Application time: 0.0442060 seconds
185.725: [GC [PSYoungGen: 14271K->1440K(15360K)] 32177K->19345K(49664K), 0.0005610 secs] [Times: user=0.00 sys=0.00, real=0.00 secs] 
185.726: Total time for which application threads were stopped: 0.0006950 seconds, Stopping threads took: 0.0000780 seconds
185.767: Application time: 0.0414240 seconds
185.767: [GC [PSYoungGen: 14750K->1280K(15360K)] 32655K->19185K(49664K), 0.0005410 secs] [Times: user=0.00 sys=0.00, real=0.00 secs] 
185.768: Total time for which application threads were stopped: 0.0006640 seconds, Stopping threads took: 0.0000650 seconds
185.823: Application time: 0.0552750 seconds
185.823: [GC [PSYoungGen: 14590K->1312K(15360K)] 32496K->19217K(49664K), 0.0005490 secs] [Times: user=0.00 sys=0.00, real=0.00 secs] 
185.824: Total time for which application threads were stopped: 0.0006670 seconds, Stopping threads took: 0.0000510 seconds
185.867: Application time: 0.0430490 seconds
185.867: [GC [PSYoungGen: 14620K->1488K(15360K)] 32526K->19393K(49664K), 0.0006470 secs] [Times: user=0.01 sys=0.00, real=0.00 secs] 
185.868: Total time for which application threads were stopped: 0.0007430 seconds, Stopping threads took: 0.0000420 seconds
185.919: Application time: 0.0515510 seconds
185.919: [GC [PSYoungGen: 14796K->1536K(15360K)] 32702K->19441K(49664K), 0.0006090 secs] [Times: user=0.00 sys=0.00, real=0.00 secs] 
185.920: Total time for which application threads were stopped: 0.0007180 seconds, Stopping threads took: 0.0000440 seconds
185.954: Application time: 0.0343220 seconds
185.954: [GC [PSYoungGen: 14844K->1840K(15360K)] 32750K->19745K(49664K), 0.0006920 secs] [Times: user=0.00 sys=0.00, real=0.00 secs] 
185.955: Total time for which application threads were stopped: 0.0007980 seconds, Stopping threads took: 0.0000480 seconds
185.995: Application time: 0.0400680 seconds
185.995: [GC [PSYoungGen: 15152K->1872K(15360K)] 33057K->19777K(49664K), 0.0006670 secs] [Times: user=0.00 sys=0.00, real=0.00 secs] 
185.996: Total time for which application threads were stopped: 0.0007740 seconds, Stopping threads took: 0.0000520 seconds
186.049: Application time: 0.0527730 seconds
186.049: [GC [PSYoungGen: 15179K->1968K(15360K)] 33085K->19873K(49664K), 0.0006770 secs] [Times: user=0.01 sys=0.00, real=0.00 secs] 
186.049: Total time for which application threads were stopped: 0.0008060 seconds, Stopping threads took: 0.0000720 seconds
186.105: Application time: 0.0557330 seconds
186.105: [GC [PSYoungGen: 15276K->1952K(15360K)] 33182K->19857K(49664K), 0.0006750 secs] [Times: user=0.01 sys=0.00, real=0.00 secs] 
186.106: Total time for which application threads were stopped: 0.0007840 seconds, Stopping threads took: 0.0000550 seconds
186.162: Application time: 0.0565440 seconds
186.163: [GC [PSYoungGen: 15260K->1968K(15360K)] 33166K->19873K(49664K), 0.0006850 secs] [Times: user=0.00 sys=0.00, real=0.00 secs] 
186.163: Total time for which application threads were stopped: 0.0007910 seconds, Stopping threads took: 0.0000500 seconds
186.221: Application time: 0.0577220 seconds
186.221: [GC [PSYoungGen: 15277K->1904K(15360K)] 33183K->19809K(49664K), 0.0007080 secs] [Times: user=0.00 sys=0.00, real=0.00 secs] 
186.222: Total time for which application threads were stopped: 0.0008380 seconds, Stopping threads took: 0.0000720 seconds
186.278: Application time: 0.0563910 seconds
186.278: [GC [PSYoungGen: 15212K->1904K(15360K)] 33118K->19809K(49664K), 0.0006770 secs] [Times: user=0.01 sys=0.00, real=0.00 secs] 
186.279: Total time for which application threads were stopped: 0.0007890 seconds, Stopping threads took: 0.0000510 seconds
186.337: Application time: 0.0580890 seconds
186.337: [GC [PSYoungGen: 15213K->1872K(15360K)] 33119K->19777K(49664K), 0.0007110 secs] [Times: user=0.00 sys=0.00, real=0.00 secs] 
186.338: Total time for which application threads were stopped: 0.0008350 seconds, Stopping threads took: 0.0000650 seconds
186.393: Application time: 0.0547550 seconds
186.393: [GC [PSYoungGen: 15180K->1936K(15360K)] 33085K->19897K(49664K), 0.0006860 secs] [Times: user=0.01 sys=0.00, real=0.00 secs] 
186.394: Total time for which application threads were stopped: 0.0008000 seconds, Stopping threads took: 0.0000570 seconds
186.452: Application time: 0.0586760 seconds
186.452: [GC [PSYoungGen: 15245K->1856K(15360K)] 33207K->19817K(49664K), 0.0006820 secs] [Times: user=0.00 sys=0.00, real=0.00 secs] 
186.453: Total time for which application threads were stopped: 0.0008100 seconds, Stopping threads took: 0.0000640 seconds
186.512: Application time: 0.0590140 seconds
186.512: [GC [PSYoungGen: 15167K->1616K(15360K)] 33129K->19830K(49664K), 0.0006730 secs] [Times: user=0.01 sys=0.00, real=0.00 secs] 
186.513: Total time for which application threads were stopped: 0.0007700 seconds, Stopping threads took: 0.0000400 seconds
186.571: Application time: 0.0586220 seconds
186.572: [GC [PSYoungGen: 14925K->1664K(15360K)] 33139K->19950K(49664K), 0.0006410 secs] [Times: user=0.00 sys=0.00, real=0.00 secs] 
186.572: Total time for which application threads were stopped: 0.0007520 seconds, Stopping threads took: 0.0000550 seconds
186.631: Application time: 0.0587100 seconds
186.631: [GC [PSYoungGen: 14973K->1376K(15360K)] 33259K->19930K(49664K), 0.0006310 secs] [Times: user=0.00 sys=0.00, real=0.00 secs] 
186.632: Total time for which application threads were stopped: 0.0007440 seconds, Stopping threads took: 0.0000590 seconds
186.690: Application time: 0.0587320 seconds
186.690: [GC [PSYoungGen: 14685K->1344K(15360K)] 33240K->19947K(49664K), 0.0005720 secs] [Times: user=0.01 sys=0.00, real=0.00 secs] 
186.691: Total time for which application threads were stopped: 0.0006880 seconds, Stopping threads took: 0.0000610 seconds
186.751: Application time: 0.0601720 seconds
186.751: [GC [PSYoungGen: 14653K->1312K(15360K)] 33256K->19915K(49664K), 0.0005550 secs] [Times: user=0.00 sys=0.00, real=0.00 secs] 
186.752: Total time for which application threads were stopped: 0.0006580 seconds, Stopping threads took: 0.0000500 seconds
186.812: Application time: 0.0597320 seconds
186.812: [GC [PSYoungGen: 14621K->1280K(15360K)] 33224K->19931K(49664K), 0.0005720 secs] [Times: user=0.00 sys=0.00, real=0.00 secs] 
186.812: Total time for which application threads were stopped: 0.0006920 seconds, Stopping threads took: 0.0000620 seconds
186.872: Application time: 0.0595800 seconds
186.872: [GC [PSYoungGen: 14589K->1280K(15360K)] 33240K->19979K(49664K), 0.0005580 secs] [Times: user=0.01 sys=0.00, real=0.00 secs] 
186.873: Total time for which application threads were stopped: 0.0006720 seconds, Stopping threads took: 0.0000590 seconds
186.932: Application time: 0.0592070 seconds
186.932: [GC [PSYoungGen: 14589K->1120K(15360K)] 33288K->20031K(49664K), 0.0005530 secs] [Times: user=0.00 sys=0.00, real=0.00 secs] 
186.932: Total time for which application threads were stopped: 0.0006740 seconds, Stopping threads took: 0.0000640 seconds
186.984: Application time: 0.0520060 seconds
186.985: [GC [PSYoungGen: 14427K->1120K(15360K)] 33339K->20228K(49664K), 0.0005370 secs] [Times: user=0.00 sys=0.00, real=0.00 secs] 
186.985: Total time for which application threads were stopped: 0.0006510 seconds, Stopping threads took: 0.0000480 seconds
187.032: Application time: 0.0465560 seconds
187.032: [GC [PSYoungGen: 14429K->928K(15360K)] 33537K->20240K(49664K), 0.0005050 secs] [Times: user=0.00 sys=0.00, real=0.00 secs] 
187.032: Total time for which application threads were stopped: 0.0006370 seconds, Stopping threads took: 0.0000750 seconds
187.082: Application time: 0.0497200 seconds
187.082: [GC [PSYoungGen: 14237K->1120K(15360K)] 33550K->20432K(49664K), 0.0005220 secs] [Times: user=0.01 sys=0.00, real=0.00 secs] 
187.083: Total time for which application threads were stopped: 0.0006390 seconds, Stopping threads took: 0.0000640 seconds
187.130: Application time: 0.0470690 seconds
187.130: [GC [PSYoungGen: 14429K->896K(15360K)] 33741K->20405K(49664K), 0.0005420 secs] [Times: user=0.00 sys=0.00, real=0.00 secs] 
187.130: Total time for which application threads were stopped: 0.0006360 seconds, Stopping threads took: 0.0000400 seconds
187.188: Application time: 0.0573900 seconds
187.188: [GC [PSYoungGen: 14207K->1088K(15360K)] 33716K->20597K(49664K), 0.0004980 secs] [Times: user=0.00 sys=0.00, real=0.01 secs] 
187.188: Total time for which application threads were stopped: 0.0005990 seconds, Stopping threads took: 0.0000440 seconds
187.248: Application time: 0.0599550 seconds
187.248: [GC [PSYoungGen: 14397K->480K(15360K)] 33906K->20401K(49664K), 0.0004810 secs] [Times: user=0.00 sys=0.00, real=0.00 secs] 
187.249: Total time for which application threads were stopped: 0.0006170 seconds, Stopping threads took: 0.0000780 seconds
187.304: Application time: 0.0548490 seconds
187.304: [GC [PSYoungGen: 13789K->672K(15360K)] 33711K->20593K(49664K), 0.0004390 secs] [Times: user=0.00 sys=0.00, real=0.00 secs] 
187.304: Total time for which application threads were stopped: 0.0005670 seconds, Stopping threads took: 0.0000700 seconds
187.348: Application time: 0.0436760 seconds
187.348: [GC [PSYoungGen: 13980K->704K(15360K)] 33901K->20625K(49664K), 0.0004620 secs] [Times: user=0.00 sys=0.00, real=0.01 secs] 
187.349: Total time for which application threads were stopped: 0.0005750 seconds, Stopping threads took: 0.0000550 seconds
187.394: Application time: 0.0452820 seconds
187.394: [GC [PSYoungGen: 14013K->992K(15360K)] 33935K->20913K(49664K), 0.0005030 secs] [Times: user=0.00 sys=0.00, real=0.00 secs] 
187.395: Total time for which application threads were stopped: 0.0006390 seconds, Stopping threads took: 0.0000790 seconds
187.441: Application time: 0.0464260 seconds
187.441: [GC [PSYoungGen: 14301K->1216K(15360K)] 34223K->21137K(49664K), 0.0005420 secs] [Times: user=0.00 sys=0.00, real=0.00 secs] 
187.442: Total time for which application threads were stopped: 0.0006780 seconds, Stopping threads took: 0.0000770 seconds
187.483: Application time: 0.0410160 seconds
187.483: [GC [PSYoungGen: 14523K->1216K(15360K)] 34445K->21137K(49664K), 0.0005870 secs] [Times: user=0.00 sys=0.00, real=0.00 secs] 
187.483: Total time for which application threads were stopped: 0.0007030 seconds, Stopping threads took: 0.0000610 seconds
187.536: Application time: 0.0521810 seconds
187.536: [GC [PSYoungGen: 14525K->1264K(15360K)] 34446K->21185K(49664K), 0.0005660 secs] [Times: user=0.01 sys=0.00, real=0.00 secs] 
187.536: Total time for which application threads were stopped: 0.0006980 seconds, Stopping threads took: 0.0000630 seconds
187.581: Application time: 0.0446550 seconds
187.581: [GC [PSYoungGen: 14574K->1520K(15360K)] 34495K->21441K(49664K), 0.0005920 secs] [Times: user=0.00 sys=0.00, real=0.00 secs] 
187.582: Total time for which application threads were stopped: 0.0006930 seconds, Stopping threads took: 0.0000460 seconds
187.633: Application time: 0.0512320 seconds
187.633: [GC [PSYoungGen: 14831K->1520K(15360K)] 34753K->21441K(49664K), 0.0006100 secs] [Times: user=0.01 sys=0.00, real=0.00 secs] 
187.634: Total time for which application threads were stopped: 0.0007330 seconds, Stopping threads took: 0.0000660 seconds
187.671: Application time: 0.0377380 seconds
187.671: [GC [PSYoungGen: 14832K->1808K(15360K)] 34753K->21729K(49664K), 0.0007300 secs] [Times: user=0.01 sys=0.00, real=0.00 secs] 
187.672: Total time for which application threads were stopped: 0.0008510 seconds, Stopping threads took: 0.0000650 seconds
187.710: Application time: 0.0374310 seconds
187.710: [GC [PSYoungGen: 15119K->1904K(15360K)] 35040K->21825K(49664K), 0.0006700 secs] [Times: user=0.00 sys=0.00, real=0.00 secs] 
187.710: Total time for which application threads were stopped: 0.0007840 seconds, Stopping threads took: 0.0000600 seconds
187.764: Application time: 0.0534680 seconds
187.764: [GC [PSYoungGen: 15212K->1936K(15360K)] 35134K->21857K(49664K), 0.0006930 secs] [Times: user=0.00 sys=0.00, real=0.00 secs] 
187.765: Total time for which application threads were stopped: 0.0008040 seconds, Stopping threads took: 0.0000550 seconds
187.819: Application time: 0.0544690 seconds
187.819: [GC [PSYoungGen: 15246K->1920K(15360K)] 35168K->21841K(49664K), 0.0006980 secs] [Times: user=0.00 sys=0.00, real=0.00 secs] 
187.820: Total time for which application threads were stopped: 0.0008100 seconds, Stopping threads took: 0.0000540 seconds
187.876: Application time: 0.0565260 seconds
187.877: [GC [PSYoungGen: 15231K->1920K(15360K)] 35153K->21841K(49664K), 0.0006870 secs] [Times: user=0.01 sys=0.00, real=0.00 secs] 
187.877: Total time for which application threads were stopped: 0.0008030 seconds, Stopping threads took: 0.0000580 seconds
187.934: Application time: 0.0568490 seconds
187.934: [GC [PSYoungGen: 15231K->1984K(15360K)] 35153K->21905K(49664K), 0.0006950 secs] [Times: user=0.01 sys=0.00, real=0.00 secs] 
187.935: Total time for which application threads were stopped: 0.0008140 seconds, Stopping threads took: 0.0000610 seconds
187.991: Application time: 0.0562840 seconds
187.991: [GC [PSYoungGen: 15292K->1920K(15360K)] 35214K->21841K(49664K), 0.0007320 secs] [Times: user=0.00 sys=0.00, real=0.00 secs] 
187.992: Total time for which application threads were stopped: 0.0008500 seconds, Stopping threads took: 0.0000610 seconds
188.050: Application time: 0.0582690 seconds
188.050: [GC [PSYoungGen: 15229K->1952K(15360K)] 35151K->21873K(49664K), 0.0006990 secs] [Times: user=0.00 sys=0.00, real=0.00 secs] 
188.051: Total time for which application threads were stopped: 0.0008260 seconds, Stopping threads took: 0.0000580 seconds
188.106: Application time: 0.0550840 seconds
188.106: [GC [PSYoungGen: 15259K->1888K(15360K)] 35181K->21857K(49664K), 0.0006800 secs] [Times: user=0.00 sys=0.00, real=0.00 secs] 
188.107: Total time for which application threads were stopped: 0.0007840 seconds, Stopping threads took: 0.0000500 seconds
188.166: Application time: 0.0587520 seconds
188.166: [GC [PSYoungGen: 15197K->1856K(15360K)] 35167K->21825K(49664K), 0.0006710 secs] [Times: user=0.00 sys=0.00, real=0.00 secs] 
188.167: Total time for which application threads were stopped: 0.0007810 seconds, Stopping threads took: 0.0000500 seconds
188.225: Application time: 0.0588090 seconds
188.225: [GC [PSYoungGen: 15165K->1664K(15360K)] 35135K->21874K(49664K), 0.0006850 secs] [Times: user=0.01 sys=0.00, real=0.00 secs] 
188.226: Total time for which application threads were stopped: 0.0007930 seconds, Stopping threads took: 0.0000490 seconds
188.285: Application time: 0.0587980 seconds
188.285: [GC [PSYoungGen: 14973K->1648K(15360K)] 35183K->21898K(49664K), 0.0006810 secs] [Times: user=0.00 sys=0.00, real=0.00 secs] 
188.286: Total time for which application threads were stopped: 0.0007930 seconds, Stopping threads took: 0.0000580 seconds
188.345: Application time: 0.0589870 seconds
188.345: [GC [PSYoungGen: 14957K->1392K(15360K)] 35207K->21934K(49664K), 0.0006140 secs] [Times: user=0.00 sys=0.00, real=0.00 secs] 
188.346: Total time for which application threads were stopped: 0.0007320 seconds, Stopping threads took: 0.0000630 seconds
188.405: Application time: 0.0592580 seconds
188.405: [GC [PSYoungGen: 14701K->1344K(15360K)] 35244K->21926K(49664K), 0.0005660 secs] [Times: user=0.00 sys=0.00, real=0.00 secs] 
188.405: Total time for which application threads were stopped: 0.0006750 seconds, Stopping threads took: 0.0000520 seconds
188.464: Application time: 0.0589720 seconds
188.465: [GC [PSYoungGen: 14653K->1312K(15360K)] 35236K->21894K(49664K), 0.0006060 secs] [Times: user=0.00 sys=0.00, real=0.00 secs] 
188.465: Total time for which application threads were stopped: 0.0007090 seconds, Stopping threads took: 0.0000490 seconds
188.525: Application time: 0.0596680 seconds
188.525: [GC [PSYoungGen: 14621K->1328K(15360K)] 35204K->21950K(49664K), 0.0005920 secs] [Times: user=0.01 sys=0.00, real=0.00 secs] 
188.526: Total time for which application threads were stopped: 0.0007160 seconds, Stopping threads took: 0.0000680 seconds
188.584: Application time: 0.0588760 seconds
188.584: [GC [PSYoungGen: 14637K->1312K(15360K)] 35260K->21990K(49664K), 0.0006160 secs] [Times: user=0.00 sys=0.00, real=0.00 secs] 
188.585: Total time for which application threads were stopped: 0.0007190 seconds, Stopping threads took: 0.0000380 seconds
188.644: Application time: 0.0588860 seconds
188.644: [GC [PSYoungGen: 14621K->1056K(15360K)] 35300K->21939K(49664K), 0.0005530 secs] [Times: user=0.00 sys=0.00, real=0.00 secs] 
188.645: Total time for which application threads were stopped: 0.0006620 seconds, Stopping threads took: 0.0000540 seconds
188.696: Application time: 0.0511650 seconds
188.696: [GC [PSYoungGen: 14366K->1120K(15360K)] 35249K->22227K(49664K), 0.0005410 secs] [Times: user=0.00 sys=0.00, real=0.00 secs] 
188.696: Total time for which application threads were stopped: 0.0006530 seconds, Stopping threads took: 0.0000590 seconds
188.745: Application time: 0.0487670 seconds
188.745: [GC [PSYoungGen: 14431K->1120K(15360K)] 35538K->22227K(49664K), 0.0005040 secs] [Times: user=0.00 sys=0.00, real=0.00 secs] 
188.746: Total time for which application threads were stopped: 0.0006180 seconds, Stopping threads took: 0.0000590 seconds
188.799: Application time: 0.0528320 seconds
188.799: [GC [PSYoungGen: 14428K->1120K(15360K)] 35536K->22431K(49664K), 0.0006070 secs] [Times: user=0.00 sys=0.00, real=0.00 secs] 
188.799: Total time for which application threads were stopped: 0.0007300 seconds, Stopping threads took: 0.0000680 seconds
188.843: Application time: 0.0437500 seconds
188.843: [GC [PSYoungGen: 14429K->928K(15360K)] 35741K->22444K(49664K), 0.0005240 secs] [Times: user=0.00 sys=0.00, real=0.00 secs] 
188.844: Total time for which application threads were stopped: 0.0006400 seconds, Stopping threads took: 0.0000580 seconds
188.901: Application time: 0.0572230 seconds
188.901: [GC [PSYoungGen: 14239K->960K(15360K)] 35755K->22476K(49664K), 0.0004810 secs] [Times: user=0.01 sys=0.00, real=0.00 secs] 
188.902: Total time for which application threads were stopped: 0.0006010 seconds, Stopping threads took: 0.0000640 seconds
188.961: Application time: 0.0590530 seconds
188.961: [GC [PSYoungGen: 14269K->512K(15360K)] 35785K->22445K(49664K), 0.0004920 secs] [Times: user=0.00 sys=0.00, real=0.00 secs] 
188.961: Total time for which application threads were stopped: 0.0006190 seconds, Stopping threads took: 0.0000720 seconds
189.015: Application time: 0.0539910 seconds
189.015: [GC [PSYoungGen: 13823K->704K(15360K)] 35756K->22637K(49664K), 0.0004340 secs] [Times: user=0.00 sys=0.00, real=0.00 secs] 
189.016: Total time for which application threads were stopped: 0.0005400 seconds, Stopping threads took: 0.0000500 seconds
189.058: Application time: 0.0425140 seconds
189.058: [GC [PSYoungGen: 14013K->768K(15360K)] 35946K->22701K(49664K), 0.0004540 secs] [Times: user=0.01 sys=0.00, real=0.00 secs] 
189.059: Total time for which application threads were stopped: 0.0005660 seconds, Stopping threads took: 0.0000570 seconds
189.104: Application time: 0.0454550 seconds
189.105: [GC [PSYoungGen: 14077K->960K(15360K)] 36011K->22893K(49664K), 0.0004940 secs] [Times: user=0.00 sys=0.00, real=0.00 secs] 
189.105: Total time for which application threads were stopped: 0.0006010 seconds, Stopping threads took: 0.0000480 seconds
189.153: Application time: 0.0475870 seconds
189.153: [GC [PSYoungGen: 14270K->992K(15360K)] 36204K->22925K(49664K), 0.0005830 secs] [Times: user=0.00 sys=0.00, real=0.00 secs] 
189.153: Total time for which application threads were stopped: 0.0006910 seconds, Stopping threads took: 0.0000510 seconds
189.194: Application time: 0.0411420 seconds
189.195: [GC [PSYoungGen: 14302K->1184K(15360K)] 36235K->23117K(49664K), 0.0005250 secs] [Times: user=0.00 sys=0.00, real=0.00 secs] 
189.195: Total time for which application threads were stopped: 0.0006190 seconds, Stopping threads took: 0.0000370 seconds
189.246: Application time: 0.0512250 seconds
189.246: [GC [PSYoungGen: 14496K->1296K(15360K)] 36429K->23229K(49664K), 0.0005650 secs] [Times: user=0.00 sys=0.00, real=0.00 secs] 
189.247: Total time for which application threads were stopped: 0.0007030 seconds, Stopping threads took: 0.0000820 seconds
189.288: Application time: 0.0411880 seconds
189.288: [GC [PSYoungGen: 14603K->1504K(15360K)] 36537K->23437K(49664K), 0.0006100 secs] [Times: user=0.01 sys=0.00, real=0.00 secs] 
189.289: Total time for which application threads were stopped: 0.0007210 seconds, Stopping threads took: 0.0000520 seconds
189.342: Application time: 0.0535390 seconds
189.343: [GC [PSYoungGen: 14815K->1504K(15360K)] 36748K->23437K(49664K), 0.0006500 secs] [Times: user=0.00 sys=0.00, real=0.00 secs] 
189.343: Total time for which application threads were stopped: 0.0007590 seconds, Stopping threads took: 0.0000500 seconds
189.388: Application time: 0.0447790 seconds
189.388: [GC [PSYoungGen: 14812K->1888K(15360K)] 36746K->23821K(49664K), 0.0006800 secs] [Times: user=0.01 sys=0.00, real=0.01 secs] 
189.389: Total time for which application threads were stopped: 0.0008010 seconds, Stopping threads took: 0.0000630 seconds
189.422: Application time: 0.0333410 seconds
189.422: [GC [PSYoungGen: 15199K->1776K(15360K)] 37133K->23709K(49664K), 0.0007620 secs] [Times: user=0.00 sys=0.00, real=0.00 secs] 
189.423: Total time for which application threads were stopped: 0.0008790 seconds, Stopping threads took: 0.0000530 seconds
189.475: Application time: 0.0515170 seconds
189.475: [GC [PSYoungGen: 15085K->1904K(15360K)] 37018K->23837K(49664K), 0.0007400 secs] [Times: user=0.00 sys=0.00, real=0.00 secs] 
189.475: Total time for which application threads were stopped: 0.0008560 seconds, Stopping threads took: 0.0000580 seconds
189.529: Application time: 0.0535520 seconds
189.529: [GC [PSYoungGen: 15212K->1952K(15360K)] 37145K->23885K(49664K), 0.0006980 secs] [Times: user=0.00 sys=0.00, real=0.00 secs] 
189.530: Total time for which application threads were stopped: 0.0008230 seconds, Stopping threads took: 0.0000710 seconds
189.586: Application time: 0.0566020 seconds
189.586: [GC [PSYoungGen: 15263K->1968K(15360K)] 37196K->23901K(49664K), 0.0007110 secs] [Times: user=0.00 sys=0.00, real=0.00 secs] 
189.587: Total time for which application threads were stopped: 0.0008390 seconds, Stopping threads took: 0.0000690 seconds
189.644: Application time: 0.0569560 seconds
189.644: [GC [PSYoungGen: 15279K->1952K(15360K)] 37212K->23885K(49664K), 0.0007610 secs] [Times: user=0.00 sys=0.00, real=0.00 secs] 
189.645: Total time for which application threads were stopped: 0.0008940 seconds, Stopping threads took: 0.0000630 seconds
189.701: Application time: 0.0563460 seconds
189.702: [GC [PSYoungGen: 15260K->1984K(15360K)] 37193K->23917K(49664K), 0.0007510 secs] [Times: user=0.00 sys=0.00, real=0.00 secs] 
189.702: Total time for which application threads were stopped: 0.0008750 seconds, Stopping threads took: 0.0000660 seconds
189.761: Application time: 0.0582570 seconds
189.761: [GC [PSYoungGen: 15293K->1872K(15360K)] 37226K->23805K(49664K), 0.0007200 secs] [Times: user=0.00 sys=0.00, real=0.00 secs] 
189.761: Total time for which application threads were stopped: 0.0008300 seconds, Stopping threads took: 0.0000510 seconds
189.816: Application time: 0.0547310 seconds
189.816: [GC [PSYoungGen: 15180K->1856K(15360K)] 37114K->23829K(49664K), 0.0006750 secs] [Times: user=0.01 sys=0.00, real=0.00 secs] 
189.817: Total time for which application threads were stopped: 0.0007920 seconds, Stopping threads took: 0.0000600 seconds
189.876: Application time: 0.0595590 seconds
189.877: [GC [PSYoungGen: 15167K->1872K(15360K)] 37141K->23845K(49664K), 0.0007010 secs] [Times: user=0.00 sys=0.00, real=0.00 secs] 
189.877: Total time for which application threads were stopped: 0.0008160 seconds, Stopping threads took: 0.0000580 seconds
189.936: Application time: 0.0588860 seconds
189.936: [GC [PSYoungGen: 15181K->1648K(15360K)] 37154K->23874K(49664K), 0.0006890 secs] [Times: user=0.01 sys=0.00, real=0.00 secs] 
189.937: Total time for which application threads were stopped: 0.0008020 seconds, Stopping threads took: 0.0000510 seconds
189.996: Application time: 0.0586540 seconds
189.996: [GC [PSYoungGen: 14957K->1664K(15360K)] 37183K->23930K(49664K), 0.0006560 secs] [Times: user=0.01 sys=0.00, real=0.00 secs] 
189.996: Total time for which application threads were stopped: 0.0007830 seconds, Stopping threads took: 0.0000690 seconds
190.055: Application time: 0.0588010 seconds
190.055: [GC [PSYoungGen: 14973K->1408K(15360K)] 37239K->23950K(49664K), 0.0006140 secs] [Times: user=0.00 sys=0.00, real=0.00 secs] 
190.056: Total time for which application threads were stopped: 0.0007300 seconds, Stopping threads took: 0.0000610 seconds
190.115: Application time: 0.0590440 seconds
190.115: [GC [PSYoungGen: 14717K->1344K(15360K)] 37260K->23934K(49664K), 0.0005130 secs] [Times: user=0.00 sys=0.00, real=0.00 secs] 
190.116: Total time for which application threads were stopped: 0.0006160 seconds, Stopping threads took: 0.0000500 seconds
190.175: Application time: 0.0591820 seconds
190.175: [GC [PSYoungGen: 14653K->1312K(15360K)] 37244K->23902K(49664K), 0.0005670 secs] [Times: user=0.00 sys=0.00, real=0.00 secs] 
190.175: Total time for which application threads were stopped: 0.0006890 seconds, Stopping threads took: 0.0000570 seconds
190.236: Application time: 0.0605290 seconds
190.236: [GC [PSYoungGen: 14624K->1312K(15360K)] 37214K->23950K(49664K), 0.0005680 secs] [Times: user=0.00 sys=0.00, real=0.00 secs] 
190.237: Total time for which application threads were stopped: 0.0006750 seconds, Stopping threads took: 0.0000570 seconds
190.297: Application time: 0.0599030 seconds
190.297: [GC [PSYoungGen: 14621K->1280K(15360K)] 37260K->23966K(49664K), 0.0005540 secs] [Times: user=0.00 sys=0.00, real=0.00 secs] 
190.297: Total time for which application threads were stopped: 0.0006810 seconds, Stopping threads took: 0.0000700 seconds
190.356: Application time: 0.0590430 seconds
190.356: [GC [PSYoungGen: 14589K->1056K(15360K)] 37276K->23955K(49664K), 0.0005570 secs] [Times: user=0.00 sys=0.00, real=0.00 secs] 
190.357: Total time for which application threads were stopped: 0.0006640 seconds, Stopping threads took: 0.0000510 seconds
190.408: Application time: 0.0509830 seconds
190.408: [GC [PSYoungGen: 14364K->1120K(15360K)] 37263K->24223K(49664K), 0.0005450 secs] [Times: user=0.01 sys=0.00, real=0.01 secs] 
190.409: Total time for which application threads were stopped: 0.0006760 seconds, Stopping threads took: 0.0000730 seconds
190.456: Application time: 0.0475050 seconds
190.456: [GC [PSYoungGen: 14429K->1152K(15360K)] 37533K->24255K(49664K), 0.0005780 secs] [Times: user=0.00 sys=0.00, real=0.00 secs] 
190.457: Total time for which application threads were stopped: 0.0006850 seconds, Stopping threads took: 0.0000490 seconds
190.510: Application time: 0.0532620 seconds
190.510: [GC [PSYoungGen: 14463K->1088K(15360K)] 37567K->24396K(49664K), 0.0005400 secs] [Times: user=0.00 sys=0.00, real=0.00 secs] 
190.511: Total time for which application threads were stopped: 0.0006490 seconds, Stopping threads took: 0.0000530 seconds
190.555: Application time: 0.0442810 seconds
190.555: [GC [PSYoungGen: 14399K->896K(15360K)] 37708K->24408K(49664K), 0.0005700 secs] [Times: user=0.01 sys=0.00, real=0.00 secs] 
190.556: Total time for which application threads were stopped: 0.0007030 seconds, Stopping threads took: 0.0000750 seconds
190.612: Application time: 0.0566080 seconds
190.612: [GC [PSYoungGen: 14207K->960K(15360K)] 37720K->24472K(49664K), 0.0004830 secs] [Times: user=0.00 sys=0.00, real=0.00 secs] 
190.613: Total time for which application threads were stopped: 0.0006140 seconds, Stopping threads took: 0.0000750 seconds
190.672: Application time: 0.0589390 seconds
190.672: [GC [PSYoungGen: 14269K->512K(15360K)] 37782K->24450K(49664K), 0.0004990 secs] [Times: user=0.00 sys=0.00, real=0.00 secs] 
190.673: Total time for which application threads were stopped: 0.0006260 seconds, Stopping threads took: 0.0000690 seconds
190.725: Application time: 0.0520510 seconds
190.725: [GC [PSYoungGen: 13823K->768K(15360K)] 37761K->24706K(49664K), 0.0004500 secs] [Times: user=0.00 sys=0.00, real=0.00 secs] 
190.725: Total time for which application threads were stopped: 0.0005710 seconds, Stopping threads took: 0.0000580 seconds
190.770: Application time: 0.0444550 seconds
190.770: [GC [PSYoungGen: 14079K->736K(15360K)] 38017K->24674K(49664K), 0.0004610 secs] [Times: user=0.00 sys=0.00, real=0.00 secs] 
190.770: Total time for which application threads were stopped: 0.0005680 seconds, Stopping threads took: 0.0000490 seconds
190.817: Application time: 0.0472150 seconds
190.818: [GC [PSYoungGen: 14043K->1056K(15360K)] 37981K->24994K(49664K), 0.0005590 secs] [Times: user=0.00 sys=0.00, real=0.00 secs] 
190.818: Total time for which application threads were stopped: 0.0006800 seconds, Stopping threads took: 0.0000660 seconds
190.864: Application time: 0.0456610 seconds
190.864: [GC [PSYoungGen: 14367K->960K(15360K)] 38305K->24898K(49664K), 0.0005120 secs] [Times: user=0.00 sys=0.00, real=0.00 secs] 
190.864: Total time for which application threads were stopped: 0.0006350 seconds, Stopping threads took: 0.0000680 seconds
190.907: Application time: 0.0429340 seconds
190.907: [GC [PSYoungGen: 14271K->1168K(15360K)] 38209K->25106K(49664K), 0.0005860 secs] [Times: user=0.00 sys=0.00, real=0.00 secs] 
190.908: Total time for which application threads were stopped: 0.0007040 seconds, Stopping threads took: 0.0000570 seconds
190.957: Application time: 0.0493940 seconds
190.958: [GC [PSYoungGen: 14477K->1280K(15360K)] 38415K->25218K(49664K), 0.0005390 secs] [Times: user=0.00 sys=0.00, real=0.00 secs] 
190.958: Total time for which application threads were stopped: 0.0006390 seconds, Stopping threads took: 0.0000460 seconds
191.002: Application time: 0.0437350 seconds
191.002: [GC [PSYoungGen: 14590K->1456K(15360K)] 38528K->25394K(49664K), 0.0006500 secs] [Times: user=0.00 sys=0.00, real=0.00 secs] 
191.003: Total time for which application threads were stopped: 0.0007580 seconds, Stopping threads took: 0.0000550 seconds
191.053: Application time: 0.0507750 seconds
191.053: [GC [PSYoungGen: 14767K->1440K(15360K)] 38705K->25378K(49664K), 0.0006110 secs] [Times: user=0.00 sys=0.00, real=0.00 secs] 
191.054: Total time for which application threads were stopped: 0.0007200 seconds, Stopping threads took: 0.0000540 seconds
191.105: Application time: 0.0506890 seconds
191.105: [GC [PSYoungGen: 14751K->1728K(15360K)] 38689K->25666K(49664K), 0.0006020 secs] [Times: user=0.00 sys=0.00, real=0.00 secs] 
191.105: Total time for which application threads were stopped: 0.0007170 seconds, Stopping threads took: 0.0000600 seconds
191.137: Application time: 0.0313450 seconds
191.140: [GC [PSYoungGen: 15039K->1888K(15360K)] 38977K->25826K(49664K), 0.0007100 secs] [Times: user=0.01 sys=0.00, real=0.00 secs] 
191.141: Total time for which application threads were stopped: 0.0042170 seconds, Stopping threads took: 0.0034500 seconds
191.189: Application time: 0.0479380 seconds
191.189: [GC [PSYoungGen: 15197K->1920K(15360K)] 39135K->25858K(49664K), 0.0007060 secs] [Times: user=0.00 sys=0.00, real=0.00 secs] 
191.190: Total time for which application threads were stopped: 0.0008260 seconds, Stopping threads took: 0.0000640 seconds
191.243: Application time: 0.0534460 seconds
191.243: [GC [PSYoungGen: 15227K->1952K(15360K)] 39165K->25890K(49664K), 0.0007520 secs] [Times: user=0.00 sys=0.00, real=0.00 secs] 
191.244: Total time for which application threads were stopped: 0.0008790 seconds, Stopping threads took: 0.0000580 seconds
191.301: Application time: 0.0564330 seconds
191.301: [GC [PSYoungGen: 15263K->1856K(15360K)] 39201K->25794K(49664K), 0.0007000 secs] [Times: user=0.00 sys=0.00, real=0.00 secs] 
191.301: Total time for which application threads were stopped: 0.0008060 seconds, Stopping threads took: 0.0000490 seconds
191.358: Application time: 0.0569680 seconds
191.358: [GC [PSYoungGen: 15167K->1936K(15360K)] 39105K->25874K(49664K), 0.0006860 secs] [Times: user=0.00 sys=0.00, real=0.00 secs] 
191.359: Total time for which application threads were stopped: 0.0008020 seconds, Stopping threads took: 0.0000550 seconds
191.415: Application time: 0.0562120 seconds
191.415: [GC [PSYoungGen: 15244K->1936K(15360K)] 39182K->25874K(49664K), 0.0008150 secs] [Times: user=0.00 sys=0.00, real=0.00 secs] 
191.416: Total time for which application threads were stopped: 0.0009210 seconds, Stopping threads took: 0.0000520 seconds
191.475: Application time: 0.0587200 seconds
191.475: [GC [PSYoungGen: 15245K->1840K(15360K)] 39183K->25826K(49664K), 0.0007000 secs] [Times: user=0.01 sys=0.00, real=0.00 secs] 
191.476: Total time for which application threads were stopped: 0.0008060 seconds, Stopping threads took: 0.0000490 seconds
191.532: Application time: 0.0562030 seconds
191.532: [GC [PSYoungGen: 15148K->1904K(15360K)] 39134K->25890K(49664K), 0.0006900 secs] [Times: user=0.00 sys=0.01, real=0.00 secs] 
191.533: Total time for which application threads were stopped: 0.0007960 seconds, Stopping threads took: 0.0000490 seconds
191.590: Application time: 0.0568160 seconds
191.590: [GC [PSYoungGen: 15214K->1904K(15360K)] 39200K->25890K(49664K), 0.0006910 secs] [Times: user=0.00 sys=0.00, real=0.00 secs] 
191.590: Total time for which application threads were stopped: 0.0008280 seconds, Stopping threads took: 0.0000810 seconds
191.649: Application time: 0.0588170 seconds
191.649: [GC [PSYoungGen: 15213K->1680K(15360K)] 39199K->25910K(49664K), 0.0007160 secs] [Times: user=0.01 sys=0.00, real=0.00 secs] 
191.650: Total time for which application threads were stopped: 0.0008440 seconds, Stopping threads took: 0.0000690 seconds
191.709: Application time: 0.0589210 seconds
191.709: [GC [PSYoungGen: 14989K->1600K(15360K)] 39220K->25870K(49664K), 0.0006740 secs] [Times: user=0.00 sys=0.00, real=0.00 secs] 
191.710: Total time for which application threads were stopped: 0.0007760 seconds, Stopping threads took: 0.0000490 seconds
191.770: Application time: 0.0604100 seconds
191.770: [GC [PSYoungGen: 14912K->1408K(15360K)] 39182K->25942K(49664K), 0.0006400 secs] [Times: user=0.01 sys=0.00, real=0.00 secs] 
191.771: Total time for which application threads were stopped: 0.0007620 seconds, Stopping threads took: 0.0000580 seconds
191.830: Application time: 0.0588680 seconds
191.830: [GC [PSYoungGen: 14717K->1344K(15360K)] 39252K->25926K(49664K), 0.0005910 secs] [Times: user=0.01 sys=0.00, real=0.00 secs] 
191.831: Total time for which application threads were stopped: 0.0006980 seconds, Stopping threads took: 0.0000500 seconds
191.890: Application time: 0.0593830 seconds
191.890: [GC [PSYoungGen: 14653K->1344K(15360K)] 39236K->25926K(49664K), 0.0005570 secs] [Times: user=0.01 sys=0.00, real=0.00 secs] 
191.891: Total time for which application threads were stopped: 0.0006760 seconds, Stopping threads took: 0.0000630 seconds
191.950: Application time: 0.0593620 seconds
191.950: [GC [PSYoungGen: 14653K->1312K(15360K)] 39236K->25942K(49664K), 0.0005730 secs] [Times: user=0.00 sys=0.00, real=0.00 secs] 
191.951: Total time for which application threads were stopped: 0.0006900 seconds, Stopping threads took: 0.0000610 seconds
192.010: Application time: 0.0593370 seconds
192.010: [GC [PSYoungGen: 14621K->1472K(15360K)] 39252K->26102K(49664K), 0.0005860 secs] [Times: user=0.00 sys=0.00, real=0.00 secs] 
192.011: Total time for which application threads were stopped: 0.0007060 seconds, Stopping threads took: 0.0000630 seconds
192.070: Application time: 0.0594840 seconds
192.070: [GC [PSYoungGen: 14781K->1120K(15360K)] 39412K->25987K(49664K), 0.0005460 secs] [Times: user=0.00 sys=0.00, real=0.00 secs] 
192.071: Total time for which application threads were stopped: 0.0006640 seconds, Stopping threads took: 0.0000610 seconds
192.123: Application time: 0.0520720 seconds
192.123: [GC [PSYoungGen: 14427K->1088K(15360K)] 39295K->26179K(49664K), 0.0005400 secs] [Times: user=0.00 sys=0.00, real=0.00 secs] 
192.124: Total time for which application threads were stopped: 0.0006410 seconds, Stopping threads took: 0.0000470 seconds
192.170: Application time: 0.0464440 seconds
192.170: [GC [PSYoungGen: 14397K->1120K(15360K)] 39488K->26211K(49664K), 0.0006090 secs] [Times: user=0.01 sys=0.00, real=0.00 secs] 
192.172: Total time for which application threads were stopped: 0.0016160 seconds, Stopping threads took: 0.0000560 seconds
192.224: Application time: 0.0518990 seconds
192.224: [GC [PSYoungGen: 14396K->960K(15360K)] 39487K->26263K(49664K), 0.0005370 secs] [Times: user=0.00 sys=0.00, real=0.00 secs] 
192.224: Total time for which application threads were stopped: 0.0006490 seconds, Stopping threads took: 0.0000550 seconds
192.269: Application time: 0.0446730 seconds
192.269: [GC [PSYoungGen: 14268K->896K(15360K)] 39572K->26432K(49664K), 0.0005280 secs] [Times: user=0.01 sys=0.00, real=0.00 secs] 
192.270: Total time for which application threads were stopped: 0.0006470 seconds, Stopping threads took: 0.0000590 seconds
192.327: Application time: 0.0576810 seconds
192.328: [GC [PSYoungGen: 14205K->736K(15360K)] 39741K->26272K(49664K), 0.0004980 secs] [Times: user=0.00 sys=0.00, real=0.00 secs] 
192.329: Total time for which application threads were stopped: 0.0016030 seconds, Stopping threads took: 0.0010430 seconds
192.387: Application time: 0.0577910 seconds
192.388: [GC [PSYoungGen: 14046K->864K(15360K)] 39582K->26408K(49664K), 0.0005350 secs] [Times: user=0.00 sys=0.00, real=0.00 secs] 
192.389: Total time for which application threads were stopped: 0.0022710 seconds, Stopping threads took: 0.0016730 seconds
192.442: Application time: 0.0527140 seconds
192.444: [GC [PSYoungGen: 14076K->640K(15360K)] 39620K->26585K(49664K), 0.0005780 secs] [Times: user=0.01 sys=0.00, real=0.00 secs] 
192.445: Total time for which application threads were stopped: 0.0033420 seconds, Stopping threads took: 0.0027040 seconds
192.489: Application time: 0.0440940 seconds
192.489: [GC [PSYoungGen: 13950K->736K(15360K)] 39895K->26681K(49664K), 0.0004630 secs] [Times: user=0.01 sys=0.00, real=0.00 secs] 
192.490: Total time for which application threads were stopped: 0.0005720 seconds, Stopping threads took: 0.0000540 seconds
192.537: Application time: 0.0473350 seconds
192.537: [GC [PSYoungGen: 14043K->960K(15360K)] 39988K->26905K(49664K), 0.0005000 secs] [Times: user=0.00 sys=0.00, real=0.00 secs] 
192.538: Total time for which application threads were stopped: 0.0006180 seconds, Stopping threads took: 0.0000600 seconds
192.583: Application time: 0.0454370 seconds
192.583: [GC [PSYoungGen: 14271K->912K(15360K)] 40216K->26857K(49664K), 0.0005810 secs] [Times: user=0.00 sys=0.00, real=0.00 secs] 
192.584: Total time for which application threads were stopped: 0.0006930 seconds, Stopping threads took: 0.0000560 seconds
192.626: Application time: 0.0419880 seconds
192.626: [GC [PSYoungGen: 14221K->1184K(15360K)] 40166K->27129K(49664K), 0.0006160 secs] [Times: user=0.00 sys=0.00, real=0.00 secs] 
192.626: Total time for which application threads were stopped: 0.0007140 seconds, Stopping threads took: 0.0000450 seconds
192.676: Application time: 0.0500400 seconds
192.677: [GC [PSYoungGen: 14495K->1376K(15360K)] 40440K->27321K(49664K), 0.0005880 secs] [Times: user=0.00 sys=0.00, real=0.00 secs] 
192.677: Total time for which application threads were stopped: 0.0006920 seconds, Stopping threads took: 0.0000480 seconds
192.723: Application time: 0.0456580 seconds
192.723: [GC [PSYoungGen: 14687K->1536K(15360K)] 40632K->27481K(49664K), 0.0006340 secs] [Times: user=0.01 sys=0.00, real=0.00 secs] 
192.724: Total time for which application threads were stopped: 0.0007320 seconds, Stopping threads took: 0.0000420 seconds
192.773: Application time: 0.0497450 seconds
192.773: [GC [PSYoungGen: 14845K->1504K(15360K)] 40790K->27449K(49664K), 0.0006060 secs] [Times: user=0.01 sys=0.00, real=0.00 secs] 
192.774: Total time for which application threads were stopped: 0.0007220 seconds, Stopping threads took: 0.0000600 seconds
192.827: Application time: 0.0534130 seconds
192.828: [GC [PSYoungGen: 14815K->1680K(15360K)] 40760K->27625K(49664K), 0.0006390 secs] [Times: user=0.00 sys=0.00, real=0.00 secs] 
192.828: Total time for which application threads were stopped: 0.0007380 seconds, Stopping threads took: 0.0000420 seconds
192.860: Application time: 0.0318800 seconds
192.860: [GC [PSYoungGen: 14990K->1840K(15360K)] 40935K->27785K(49664K), 0.0006960 secs] [Times: user=0.01 sys=0.00, real=0.01 secs] 
192.861: Total time for which application threads were stopped: 0.0008280 seconds, Stopping threads took: 0.0000640 seconds
192.906: Application time: 0.0446130 seconds
192.906: [GC [PSYoungGen: 15151K->1904K(15360K)] 41096K->27849K(49664K), 0.0007820 secs] [Times: user=0.01 sys=0.00, real=0.00 secs] 
192.906: Total time for which application threads were stopped: 0.0009110 seconds, Stopping threads took: 0.0000710 seconds
192.960: Application time: 0.0534950 seconds
192.960: [GC [PSYoungGen: 15214K->1952K(15360K)] 41159K->27897K(49664K), 0.0007190 secs] [Times: user=0.00 sys=0.00, real=0.01 secs] 
192.961: Total time for which application threads were stopped: 0.0008220 seconds, Stopping threads took: 0.0000480 seconds
193.018: Application time: 0.0572650 seconds
193.018: [GC [PSYoungGen: 15263K->1904K(15360K)] 41208K->27849K(49664K), 0.0006890 secs] [Times: user=0.00 sys=0.00, real=0.00 secs] 
193.019: Total time for which application threads were stopped: 0.0008010 seconds, Stopping threads took: 0.0000570 seconds
193.076: Application time: 0.0569500 seconds
193.076: [GC [PSYoungGen: 15215K->1920K(15360K)] 41160K->27865K(49664K), 0.0006940 secs] [Times: user=0.01 sys=0.00, real=0.00 secs] 
193.077: Total time for which application threads were stopped: 0.0008130 seconds, Stopping threads took: 0.0000630 seconds
193.134: Application time: 0.0574740 seconds
193.134: [GC [PSYoungGen: 15231K->1936K(15360K)] 41176K->27881K(49664K), 0.0006890 secs] [Times: user=0.00 sys=0.00, real=0.00 secs] 
193.135: Total time for which application threads were stopped: 0.0008090 seconds, Stopping threads took: 0.0000620 seconds
193.192: Application time: 0.0572000 seconds
193.192: [GC [PSYoungGen: 15244K->1920K(15360K)] 41189K->27921K(49664K), 0.0007200 secs] [Times: user=0.00 sys=0.00, real=0.00 secs] 
193.193: Total time for which application threads were stopped: 0.0008480 seconds, Stopping threads took: 0.0000720 seconds
193.252: Application time: 0.0591540 seconds
193.252: [GC [PSYoungGen: 15231K->1904K(15360K)] 41232K->27905K(49664K), 0.0006200 secs] [Times: user=0.00 sys=0.00, real=0.00 secs] 
193.253: Total time for which application threads were stopped: 0.0007220 seconds, Stopping threads took: 0.0000490 seconds
193.309: Application time: 0.0557340 seconds
193.309: [GC [PSYoungGen: 15214K->1840K(15360K)] 41215K->27841K(49664K), 0.0006840 secs] [Times: user=0.00 sys=0.00, real=0.00 secs] 
193.309: Total time for which application threads were stopped: 0.0008080 seconds, Stopping threads took: 0.0000670 seconds
193.368: Application time: 0.0588690 seconds
193.368: [GC [PSYoungGen: 15151K->1648K(15360K)] 41152K->27893K(49664K), 0.0007010 secs] [Times: user=0.01 sys=0.00, real=0.00 secs] 
193.369: Total time for which application threads were stopped: 0.0008430 seconds, Stopping threads took: 0.0000720 seconds
193.428: Application time: 0.0586920 seconds
193.428: [GC [PSYoungGen: 14957K->1600K(15360K)] 41203K->27901K(49664K), 0.0006520 secs] [Times: user=0.01 sys=0.00, real=0.01 secs] 
193.429: Total time for which application threads were stopped: 0.0007660 seconds, Stopping threads took: 0.0000580 seconds
193.487: Application time: 0.0586900 seconds
193.487: [GC [PSYoungGen: 14909K->1296K(15360K)] 41211K->27874K(49664K), 0.0006330 secs] [Times: user=0.01 sys=0.00, real=0.00 secs] 
193.488: Total time for which application threads were stopped: 0.0007530 seconds, Stopping threads took: 0.0000650 seconds
193.547: Application time: 0.0588280 seconds
193.547: [GC [PSYoungGen: 14605K->1376K(15360K)] 41183K->28002K(49664K), 0.0006530 secs] [Times: user=0.00 sys=0.00, real=0.00 secs] 
193.548: Total time for which application threads were stopped: 0.0007640 seconds, Stopping threads took: 0.0000560 seconds
193.607: Application time: 0.0590430 seconds
193.607: [GC [PSYoungGen: 14685K->1312K(15360K)] 41311K->27938K(49664K), 0.0005910 secs] [Times: user=0.00 sys=0.00, real=0.00 secs] 
193.607: Total time for which application threads were stopped: 0.0007160 seconds, Stopping threads took: 0.0000710 seconds
193.667: Application time: 0.0598820 seconds
193.667: [GC [PSYoungGen: 14621K->1312K(15360K)] 41247K->27938K(49664K), 0.0006200 secs] [Times: user=0.00 sys=0.00, real=0.00 secs] 
193.668: Total time for which application threads were stopped: 0.0007340 seconds, Stopping threads took: 0.0000570 seconds
193.727: Application time: 0.0589110 seconds
193.727: [GC [PSYoungGen: 14621K->1312K(15360K)] 41247K->27986K(49664K), 0.0005650 secs] [Times: user=0.01 sys=0.00, real=0.00 secs] 
193.728: Total time for which application threads were stopped: 0.0006790 seconds, Stopping threads took: 0.0000560 seconds
193.787: Application time: 0.0592730 seconds
193.787: [GC [PSYoungGen: 14621K->1088K(15360K)] 41295K->28015K(49664K), 0.0005770 secs] [Times: user=0.00 sys=0.00, real=0.00 secs] 
193.788: Total time for which application threads were stopped: 0.0006920 seconds, Stopping threads took: 0.0000620 seconds
193.847: Application time: 0.0593500 seconds
193.847: [GC [PSYoungGen: 14397K->928K(15360K)] 41324K->28075K(49664K), 0.0005130 secs] [Times: user=0.01 sys=0.00, real=0.00 secs] 
193.847: Total time for which application threads were stopped: 0.0006340 seconds, Stopping threads took: 0.0000560 seconds
193.890: Application time: 0.0422350 seconds
193.892: [GC [PSYoungGen: 14237K->1120K(15360K)] 41384K->28267K(49664K), 0.0005360 secs] [Times: user=0.00 sys=0.00, real=0.00 secs] 
193.893: Total time for which application threads were stopped: 0.0031730 seconds, Stopping threads took: 0.0025720 seconds
193.945: Application time: 0.0523350 seconds
193.945: [GC [PSYoungGen: 14429K->1152K(15360K)] 41577K->28520K(49664K), 0.0005600 secs] [Times: user=0.01 sys=0.00, real=0.00 secs] 
193.946: Total time for which application threads were stopped: 0.0006710 seconds, Stopping threads took: 0.0000550 seconds
193.987: Application time: 0.0414490 seconds
193.987: [GC [PSYoungGen: 14463K->1088K(15360K)] 41831K->28456K(49664K), 0.0005280 secs] [Times: user=0.00 sys=0.00, real=0.00 secs] 
193.988: Total time for which application threads were stopped: 0.0006340 seconds, Stopping threads took: 0.0000470 seconds
194.046: Application time: 0.0582820 seconds
194.046: [GC [PSYoungGen: 14399K->896K(15360K)] 41767K->28476K(49664K), 0.0005450 secs] [Times: user=0.01 sys=0.00, real=0.00 secs] 
194.047: Total time for which application threads were stopped: 0.0006540 seconds, Stopping threads took: 0.0000530 seconds
194.104: Application time: 0.0575540 seconds
194.105: [GC [PSYoungGen: 14204K->896K(15360K)] 41785K->28476K(49664K), 0.0004580 secs] [Times: user=0.00 sys=0.00, real=0.00 secs] 
194.105: Total time for which application threads were stopped: 0.0005700 seconds, Stopping threads took: 0.0000590 seconds
194.159: Application time: 0.0541920 seconds
194.159: [GC [PSYoungGen: 14207K->576K(15360K)] 41787K->28565K(49664K), 0.0004780 secs] [Times: user=0.00 sys=0.00, real=0.00 secs] 
194.160: Total time for which application threads were stopped: 0.0005990 seconds, Stopping threads took: 0.0000630 seconds
194.203: Application time: 0.0433220 seconds
194.203: [GC [PSYoungGen: 13886K->736K(15360K)] 41875K->28725K(49664K), 0.0004540 secs] [Times: user=0.00 sys=0.00, real=0.00 secs] 
194.204: Total time for which application threads were stopped: 0.0005660 seconds, Stopping threads took: 0.0000570 seconds
194.252: Application time: 0.0483310 seconds
194.252: [GC [PSYoungGen: 14043K->960K(15360K)] 42033K->28949K(49664K), 0.0005090 secs] [Times: user=0.00 sys=0.00, real=0.00 secs] 
194.253: Total time for which application threads were stopped: 0.0006330 seconds, Stopping threads took: 0.0000670 seconds
194.298: Application time: 0.0455290 seconds
194.300: [GC [PSYoungGen: 14269K->960K(15360K)] 42259K->28949K(49664K), 0.0005170 secs] [Times: user=0.00 sys=0.00, real=0.00 secs] 
194.301: Total time for which application threads were stopped: 0.0026350 seconds, Stopping threads took: 0.0020620 seconds
194.342: Application time: 0.0414400 seconds
194.342: [GC [PSYoungGen: 14267K->1216K(15360K)] 42257K->29205K(49664K), 0.0005800 secs] [Times: user=0.00 sys=0.00, real=0.00 secs] 
194.343: Total time for which application threads were stopped: 0.0006900 seconds, Stopping threads took: 0.0000540 seconds
194.394: Application time: 0.0510030 seconds
194.394: [GC [PSYoungGen: 14525K->1264K(15360K)] 42515K->29253K(49664K), 0.0005650 secs] [Times: user=0.00 sys=0.00, real=0.00 secs] 
194.395: Total time for which application threads were stopped: 0.0006760 seconds, Stopping threads took: 0.0000490 seconds
194.444: Application time: 0.0496240 seconds
194.444: [GC [PSYoungGen: 14574K->1504K(15360K)] 42564K->29493K(49664K), 0.0006280 secs] [Times: user=0.00 sys=0.00, real=0.00 secs] 
194.445: Total time for which application threads were stopped: 0.0007440 seconds, Stopping threads took: 0.0000610 seconds
194.491: Application time: 0.0456870 seconds
194.491: [GC [PSYoungGen: 14813K->1536K(15360K)] 42803K->29525K(49664K), 0.0006150 secs] [Times: user=0.00 sys=0.00, real=0.00 secs] 
194.491: Total time for which application threads were stopped: 0.0007270 seconds, Stopping threads took: 0.0000570 seconds
194.548: Application time: 0.0566440 seconds
194.548: [GC [PSYoungGen: 14844K->1504K(15360K)] 42834K->29493K(49664K), 0.0006000 secs] [Times: user=0.00 sys=0.00, real=0.01 secs] 
194.549: Total time for which application threads were stopped: 0.0007170 seconds, Stopping threads took: 0.0000620 seconds
194.582: Application time: 0.0333150 seconds
194.582: [GC [PSYoungGen: 14812K->1856K(15360K)] 42802K->29845K(49664K), 0.0007140 secs] [Times: user=0.00 sys=0.00, real=0.00 secs] 
194.583: Total time for which application threads were stopped: 0.0008200 seconds, Stopping threads took: 0.0000490 seconds
194.623: Application time: 0.0404210 seconds
194.623: [GC [PSYoungGen: 15165K->1904K(15360K)] 43155K->29893K(49664K), 0.0006820 secs] [Times: user=0.01 sys=0.00, real=0.00 secs] 
194.624: Total time for which application threads were stopped: 0.0007910 seconds, Stopping threads took: 0.0000550 seconds
194.677: Application time: 0.0529170 seconds
194.677: [GC [PSYoungGen: 15213K->1872K(15360K)] 43202K->29861K(49664K), 0.0007010 secs] [Times: user=0.01 sys=0.00, real=0.00 secs] 
194.678: Total time for which application threads were stopped: 0.0008280 seconds, Stopping threads took: 0.0000700 seconds
194.734: Application time: 0.0563740 seconds
194.734: [GC [PSYoungGen: 15180K->1936K(15360K)] 43170K->29925K(49664K), 0.0007010 secs] [Times: user=0.00 sys=0.00, real=0.00 secs] 
194.735: Total time for which application threads were stopped: 0.0008210 seconds, Stopping threads took: 0.0000600 seconds
194.793: Application time: 0.0580210 seconds
194.793: [GC [PSYoungGen: 15245K->1952K(15360K)] 43235K->29941K(49664K), 0.0007480 secs] [Times: user=0.01 sys=0.00, real=0.00 secs] 
194.794: Total time for which application threads were stopped: 0.0008710 seconds, Stopping threads took: 0.0000670 seconds
194.852: Application time: 0.0581070 seconds
194.852: Total time for which application threads were stopped: 0.0000700 seconds, Stopping threads took: 0.0000500 seconds
194.852: Application time: 0.0002160 seconds
194.852: [GC [PSYoungGen: 15252K->1792K(15360K)] 43370K->29909K(49664K), 0.0006820 secs] [Times: user=0.00 sys=0.00, real=0.00 secs] 
194.853: Total time for which application threads were stopped: 0.0007300 seconds, Stopping threads took: 0.0000050 seconds
194.912: Application time: 0.0587940 seconds
194.912: [GC [PSYoungGen: 15100K->1936K(15360K)] 43502K->30346K(49664K), 0.0007280 secs] [Times: user=0.01 sys=0.00, real=0.00 secs] 
194.913: Total time for which application threads were stopped: 0.0008500 seconds, Stopping threads took: 0.0000560 seconds
194.971: Application time: 0.0581230 seconds
194.971: [GC [PSYoungGen: 15245K->1936K(15360K)] 43655K->30386K(49664K), 0.0008040 secs] [Times: user=0.01 sys=0.00, real=0.00 secs] 
194.972: Total time for which application threads were stopped: 0.0009170 seconds, Stopping threads took: 0.0000560 seconds
195.027: Application time: 0.0549310 seconds
195.027: [GC [PSYoungGen: 15243K->1888K(15360K)] 43694K->30338K(49664K), 0.0006910 secs] [Times: user=0.00 sys=0.00, real=0.00 secs] 
195.028: Total time for which application threads were stopped: 0.0008160 seconds, Stopping threads took: 0.0000680 seconds
195.086: Application time: 0.0586650 seconds
195.086: [GC [PSYoungGen: 15197K->1680K(15360K)] 43647K->30382K(49664K), 0.0006800 secs] [Times: user=0.00 sys=0.00, real=0.00 secs] 
195.087: Total time for which application threads were stopped: 0.0008010 seconds, Stopping threads took: 0.0000630 seconds
195.146: Application time: 0.0590320 seconds
195.146: [GC [PSYoungGen: 14989K->1664K(15360K)] 43692K->30414K(49664K), 0.0006690 secs] [Times: user=0.00 sys=0.00, real=0.00 secs] 
195.147: Total time for which application threads were stopped: 0.0007800 seconds, Stopping threads took: 0.0000540 seconds
195.206: Application time: 0.0586470 seconds
195.206: [GC [PSYoungGen: 14973K->1440K(15360K)] 43724K->30467K(49664K), 0.0006400 secs] [Times: user=0.01 sys=0.00, real=0.00 secs] 
195.206: Total time for which application threads were stopped: 0.0007610 seconds, Stopping threads took: 0.0000640 seconds
195.265: Application time: 0.0587910 seconds
195.265: [GC [PSYoungGen: 14749K->1280K(15360K)] 43776K->30347K(49664K), 0.0006060 secs] [Times: user=0.01 sys=0.00, real=0.00 secs] 
195.266: Total time for which application threads were stopped: 0.0007280 seconds, Stopping threads took: 0.0000610 seconds
195.325: Application time: 0.0588120 seconds
195.325: [GC [PSYoungGen: 14589K->1344K(15360K)] 43657K->30411K(49664K), 0.0005620 secs] [Times: user=0.00 sys=0.00, real=0.00 secs] 
195.325: Total time for which application threads were stopped: 0.0006760 seconds, Stopping threads took: 0.0000590 seconds
195.385: Application time: 0.0593940 seconds
195.385: [GC [PSYoungGen: 14653K->1312K(15360K)] 43721K->30379K(49664K), 0.0005810 secs] [Times: user=0.00 sys=0.00, real=0.00 secs] 
195.385: Total time for which application threads were stopped: 0.0006910 seconds, Stopping threads took: 0.0000550 seconds
195.445: Application time: 0.0598230 seconds
195.445: [GC [PSYoungGen: 14621K->1312K(15360K)] 43689K->30435K(49664K), 0.0006060 secs] [Times: user=0.00 sys=0.00, real=0.00 secs] 
195.446: Total time for which application threads were stopped: 0.0007250 seconds, Stopping threads took: 0.0000560 seconds
195.506: Application time: 0.0597830 seconds
195.506: [GC [PSYoungGen: 14621K->1088K(15360K)] 43745K->30576K(49664K), 0.0006220 secs] [Times: user=0.00 sys=0.00, real=0.00 secs] 
195.507: Total time for which application threads were stopped: 0.0007550 seconds, Stopping threads took: 0.0000780 seconds
195.563: Application time: 0.0569360 seconds
195.564: [GC [PSYoungGen: 14397K->1120K(15360K)] 43885K->30812K(49664K), 0.0005970 secs] [Times: user=0.00 sys=0.00, real=0.00 secs] 
195.564: Total time for which application threads were stopped: 0.0007180 seconds, Stopping threads took: 0.0000640 seconds
195.606: Application time: 0.0415720 seconds
195.606: [GC [PSYoungGen: 14429K->1088K(15360K)] 44122K->30780K(49664K), 0.0005580 secs] [Times: user=0.01 sys=0.00, real=0.00 secs] 
195.606: Total time for which application threads were stopped: 0.0006650 seconds, Stopping threads took: 0.0000520 seconds
195.659: Application time: 0.0524270 seconds
195.659: [GC [PSYoungGen: 14399K->1120K(15360K)] 44092K->31025K(49664K), 0.0005850 secs] [Times: user=0.00 sys=0.00, real=0.00 secs] 
195.660: Total time for which application threads were stopped: 0.0007160 seconds, Stopping threads took: 0.0000740 seconds
195.704: Application time: 0.0441730 seconds
195.704: [GC [PSYoungGen: 14430K->1088K(15360K)] 44335K->30993K(49664K), 0.0005350 secs] [Times: user=0.00 sys=0.00, real=0.00 secs] 
195.704: Total time for which application threads were stopped: 0.0006750 seconds, Stopping threads took: 0.0000810 seconds
195.762: Application time: 0.0572170 seconds
195.762: [GC [PSYoungGen: 14399K->896K(15360K)] 44304K->31021K(49664K), 0.0005830 secs] [Times: user=0.00 sys=0.00, real=0.00 secs] 
195.762: Total time for which application threads were stopped: 0.0007020 seconds, Stopping threads took: 0.0000630 seconds
195.821: Application time: 0.0583420 seconds
195.821: [GC [PSYoungGen: 14207K->864K(15360K)] 44333K->30989K(49664K), 0.0005060 secs] [Times: user=0.00 sys=0.00, real=0.00 secs] 
195.821: Total time for which application threads were stopped: 0.0006210 seconds, Stopping threads took: 0.0000620 seconds
195.875: Application time: 0.0537240 seconds
195.875: [GC [PSYoungGen: 14175K->672K(15360K)] 44301K->31210K(49664K), 0.0005280 secs] [Times: user=0.00 sys=0.00, real=0.00 secs] 
195.876: Total time for which application threads were stopped: 0.0006370 seconds, Stopping threads took: 0.0000540 seconds
195.919: Application time: 0.0430630 seconds
195.919: [GC [PSYoungGen: 13981K->736K(15360K)] 44519K->31274K(49664K), 0.0004690 secs] [Times: user=0.01 sys=0.00, real=0.00 secs] 
195.919: Total time for which application threads were stopped: 0.0005750 seconds, Stopping threads took: 0.0000520 seconds
195.968: Application time: 0.0485830 seconds
195.968: [GC [PSYoungGen: 14046K->928K(15360K)] 44584K->31466K(49664K), 0.0005090 secs] [Times: user=0.01 sys=0.00, real=0.01 secs] 
195.969: Total time for which application threads were stopped: 0.0006360 seconds, Stopping threads took: 0.0000540 seconds
196.013: Application time: 0.0443560 seconds
196.013: [GC [PSYoungGen: 14237K->960K(15360K)] 44775K->31498K(49664K), 0.0005180 secs] [Times: user=0.00 sys=0.00, real=0.00 secs] 
196.013: Total time for which application threads were stopped: 0.0006230 seconds, Stopping threads took: 0.0000520 seconds
196.055: Application time: 0.0411900 seconds
196.055: [GC [PSYoungGen: 14269K->1200K(15360K)] 44807K->31738K(49664K), 0.0005490 secs] [Times: user=0.01 sys=0.00, real=0.00 secs] 
196.055: Total time for which application threads were stopped: 0.0006670 seconds, Stopping threads took: 0.0000610 seconds
196.107: Application time: 0.0512980 seconds
196.107: [GC [PSYoungGen: 14510K->1376K(15360K)] 45048K->31914K(49664K), 0.0005540 secs] [Times: user=0.01 sys=0.00, real=0.00 secs] 
196.107: Total time for which application threads were stopped: 0.0006690 seconds, Stopping threads took: 0.0000630 seconds
196.156: Application time: 0.0488020 seconds
196.156: [GC [PSYoungGen: 14686K->1504K(15360K)] 45224K->32042K(49664K), 0.0006300 secs] [Times: user=0.00 sys=0.00, real=0.00 secs] 
196.157: Total time for which application threads were stopped: 0.0007300 seconds, Stopping threads took: 0.0000440 seconds
196.204: Application time: 0.0466810 seconds
196.204: [GC [PSYoungGen: 14815K->1472K(15360K)] 45354K->32010K(49664K), 0.0006080 secs] [Times: user=0.00 sys=0.00, real=0.00 secs] 
196.204: Total time for which application threads were stopped: 0.0007250 seconds, Stopping threads took: 0.0000590 seconds
196.261: Application time: 0.0564130 seconds
196.264: [GC [PSYoungGen: 14780K->1520K(15360K)] 45318K->32058K(49664K), 0.0007220 secs] [Times: user=0.00 sys=0.00, real=0.00 secs] 
196.265: Total time for which application threads were stopped: 0.0043890 seconds, Stopping threads took: 0.0036100 seconds
196.305: Application time: 0.0399100 seconds
196.305: [GC [PSYoungGen: 14828K->1888K(15360K)] 45366K->32426K(49664K), 0.0006960 secs] [Times: user=0.01 sys=0.00, real=0.00 secs] 
196.306: Total time for which application threads were stopped: 0.0007990 seconds, Stopping threads took: 0.0000470 seconds
196.341: Application time: 0.0349040 seconds
196.341: [GC [PSYoungGen: 15198K->2016K(15360K)] 45736K->32562K(49664K), 0.0007730 secs] [Times: user=0.01 sys=0.00, real=0.00 secs] 
196.342: Total time for which application threads were stopped: 0.0008920 seconds, Stopping threads took: 0.0000630 seconds
196.396: Application time: 0.0541370 seconds
196.396: [GC [PSYoungGen: 15324K->1952K(15360K)] 45871K->32498K(49664K), 0.0007110 secs] [Times: user=0.00 sys=0.00, real=0.00 secs] 
196.397: Total time for which application threads were stopped: 0.0008210 seconds, Stopping threads took: 0.0000530 seconds
196.452: Application time: 0.0559260 seconds
196.453: [GC [PSYoungGen: 15262K->1888K(15360K)] 45808K->32434K(49664K), 0.0007140 secs] [Times: user=0.00 sys=0.00, real=0.00 secs] 
196.453: Total time for which application threads were stopped: 0.0008310 seconds, Stopping threads took: 0.0000560 seconds
196.510: Application time: 0.0569710 seconds
196.510: [GC [PSYoungGen: 15196K->1952K(15360K)] 45742K->32498K(49664K), 0.0007070 secs] [Times: user=0.00 sys=0.00, real=0.00 secs] 
196.511: Total time for which application threads were stopped: 0.0008330 seconds, Stopping threads took: 0.0000590 seconds
196.568: Application time: 0.0569330 seconds
196.568: [GC [PSYoungGen: 15263K->1872K(15360K)] 45809K->32418K(49664K), 0.0007280 secs] [Times: user=0.00 sys=0.00, real=0.01 secs] 
196.569: Total time for which application threads were stopped: 0.0008460 seconds, Stopping threads took: 0.0000590 seconds
196.626: Application time: 0.0572160 seconds
196.626: [GC [PSYoungGen: 15180K->1888K(15360K)] 45726K->32434K(49664K), 0.0007010 secs] [Times: user=0.01 sys=0.00, real=0.00 secs] 
196.627: Total time for which application threads were stopped: 0.0008080 seconds, Stopping threads took: 0.0000500 seconds
196.685: Application time: 0.0583720 seconds
196.685: [GC [PSYoungGen: 15197K->1952K(15360K)] 45743K->32546K(49664K), 0.0007720 secs] [Times: user=0.01 sys=0.00, real=0.00 secs] 
196.686: Total time for which application threads were stopped: 0.0008920 seconds, Stopping threads took: 0.0000600 seconds
196.742: Application time: 0.0555000 seconds
196.742: [GC [PSYoungGen: 15263K->1888K(15360K)] 45858K->32482K(49664K), 0.0007640 secs] [Times: user=0.00 sys=0.00, real=0.00 secs] 
196.743: Total time for which application threads were stopped: 0.0008890 seconds, Stopping threads took: 0.0000670 seconds
196.801: Application time: 0.0586260 seconds
196.801: [GC [PSYoungGen: 15197K->1632K(15360K)] 45791K->32471K(49664K), 0.0007060 secs] [Times: user=0.01 sys=0.00, real=0.00 secs] 
196.802: Total time for which application threads were stopped: 0.0008460 seconds, Stopping threads took: 0.0000820 seconds
196.861: Application time: 0.0586660 seconds
196.861: [GC [PSYoungGen: 14941K->1696K(15360K)] 45780K->32535K(49664K), 0.0006680 secs] [Times: user=0.00 sys=0.00, real=0.00 secs] 
196.862: Total time for which application threads were stopped: 0.0007840 seconds, Stopping threads took: 0.0000590 seconds
196.920: Application time: 0.0589120 seconds
196.921: [GC [PSYoungGen: 15005K->1376K(15360K)] 45844K->32507K(49664K), 0.0007020 secs] [Times: user=0.00 sys=0.00, real=0.00 secs] 
196.921: Total time for which application threads were stopped: 0.0008050 seconds, Stopping threads took: 0.0000500 seconds
196.980: Application time: 0.0588530 seconds
196.980: [GC [PSYoungGen: 14685K->1344K(15360K)] 45817K->32523K(49664K), 0.0005790 secs] [Times: user=0.00 sys=0.00, real=0.01 secs] 
196.981: Total time for which application threads were stopped: 0.0006990 seconds, Stopping threads took: 0.0000630 seconds
197.041: Application time: 0.0597250 seconds
197.041: [GC [PSYoungGen: 14653K->1312K(15360K)] 45833K->32491K(49664K), 0.0006490 secs] [Times: user=0.00 sys=0.00, real=0.00 secs] 
197.041: Total time for which application threads were stopped: 0.0007750 seconds, Stopping threads took: 0.0000610 seconds
197.101: Application time: 0.0592400 seconds
197.101: [GC [PSYoungGen: 14621K->1376K(15360K)] 45801K->32555K(49664K), 0.0006010 secs] [Times: user=0.01 sys=0.00, real=0.00 secs] 
197.101: Total time for which application threads were stopped: 0.0007040 seconds, Stopping threads took: 0.0000490 seconds
197.160: Application time: 0.0588340 seconds
197.160: [GC [PSYoungGen: 14685K->1088K(15360K)] 45865K->32515K(49664K), 0.0006590 secs] [Times: user=0.00 sys=0.00, real=0.01 secs] 
197.161: Total time for which application threads were stopped: 0.0007610 seconds, Stopping threads took: 0.0000450 seconds
197.220: Application time: 0.0588300 seconds
197.220: [GC [PSYoungGen: 14397K->1120K(15360K)] 45825K->32595K(49664K), 0.0005540 secs] [Times: user=0.00 sys=0.00, real=0.01 secs] 
197.221: Total time for which application threads were stopped: 0.0016060 seconds, Stopping threads took: 0.0000480 seconds
197.278: Application time: 0.0569810 seconds
197.278: [GC [PSYoungGen: 14429K->1088K(15360K)] 45905K->32792K(49664K), 0.0005810 secs] [Times: user=0.00 sys=0.00, real=0.00 secs] 
197.279: Total time for which application threads were stopped: 0.0006980 seconds, Stopping threads took: 0.0000590 seconds
197.321: Application time: 0.0416690 seconds
197.321: [GC [PSYoungGen: 14397K->1088K(15360K)] 46102K->32792K(49664K), 0.0005730 secs] [Times: user=0.00 sys=0.00, real=0.00 secs] 
197.321: Total time for which application threads were stopped: 0.0007160 seconds, Stopping threads took: 0.0000850 seconds
197.377: Application time: 0.0556080 seconds
197.377: [GC [PSYoungGen: 14396K->1088K(15360K)] 46100K->33012K(49664K), 0.0005640 secs] [Times: user=0.00 sys=0.00, real=0.00 secs] 
197.378: Total time for which application threads were stopped: 0.0006730 seconds, Stopping threads took: 0.0000550 seconds
197.418: Application time: 0.0406670 seconds
197.418: [GC [PSYoungGen: 14396K->1152K(15360K)] 46321K->33076K(49664K), 0.0005300 secs] [Times: user=0.01 sys=0.00, real=0.00 secs] 
197.419: Total time for which application threads were stopped: 0.0006440 seconds, Stopping threads took: 0.0000490 seconds
197.477: Application time: 0.0577590 seconds
197.477: [GC [PSYoungGen: 14463K->864K(15360K)] 46388K->32996K(49664K), 0.0005370 secs] [Times: user=0.00 sys=0.00, real=0.00 secs] 
197.477: Total time for which application threads were stopped: 0.0006440 seconds, Stopping threads took: 0.0000520 seconds
197.535: Application time: 0.0573050 seconds
197.535: [GC [PSYoungGen: 14175K->960K(15360K)] 46308K->33092K(49664K), 0.0005000 secs] [Times: user=0.00 sys=0.00, real=0.00 secs] 
197.535: Total time for which application threads were stopped: 0.0006100 seconds, Stopping threads took: 0.0000560 seconds
197.584: Application time: 0.0483520 seconds
197.584: [GC [PSYoungGen: 14270K->768K(15360K)] 46403K->33301K(49664K), 0.0005330 secs] [Times: user=0.00 sys=0.00, real=0.00 secs] 
197.584: Total time for which application threads were stopped: 0.0006490 seconds, Stopping threads took: 0.0000530 seconds
197.633: Application time: 0.0485100 seconds
197.633: [GC [PSYoungGen: 14077K->704K(15360K)] 46611K->33237K(49664K), 0.0005410 secs] [Times: user=0.00 sys=0.00, real=0.00 secs] 
197.633: Total time for which application threads were stopped: 0.0006460 seconds, Stopping threads took: 0.0000490 seconds
197.683: Application time: 0.0497330 seconds
197.683: [GC [PSYoungGen: 14013K->928K(15360K)] 46547K->33461K(49664K), 0.0005230 secs] [Times: user=0.00 sys=0.00, real=0.00 secs] 
197.684: Total time for which application threads were stopped: 0.0006330 seconds, Stopping threads took: 0.0000590 seconds
197.728: Application time: 0.0438580 seconds
197.728: [GC [PSYoungGen: 14236K->992K(15360K)] 46770K->33525K(49664K), 0.0005210 secs] [Times: user=0.01 sys=0.00, real=0.01 secs] 
197.728: Total time for which application threads were stopped: 0.0006290 seconds, Stopping threads took: 0.0000520 seconds
197.770: Application time: 0.0416010 seconds
197.770: [GC [PSYoungGen: 14303K->1120K(15360K)] 46837K->33653K(49664K), 0.0005870 secs] [Times: user=0.00 sys=0.00, real=0.00 secs] 
197.771: Total time for which application threads were stopped: 0.0007260 seconds, Stopping threads took: 0.0000800 seconds
197.823: Application time: 0.0525220 seconds
197.823: [GC [PSYoungGen: 14427K->1280K(15360K)] 46961K->33814K(49664K), 0.0005600 secs] [Times: user=0.00 sys=0.00, real=0.00 secs] 
197.824: Total time for which application threads were stopped: 0.0006690 seconds, Stopping threads took: 0.0000570 seconds
197.872: Application time: 0.0480700 seconds
197.872: [GC [PSYoungGen: 14590K->1536K(15360K)] 47124K->34069K(49664K), 0.0006150 secs] [Times: user=0.00 sys=0.00, real=0.00 secs] 
197.873: Total time for which application threads were stopped: 0.0007400 seconds, Stopping threads took: 0.0000710 seconds
197.921: Application time: 0.0482370 seconds
197.921: [GC [PSYoungGen: 14847K->1472K(15360K)] 47381K->34005K(49664K), 0.0006130 secs] [Times: user=0.00 sys=0.00, real=0.00 secs] 
197.922: Total time for which application threads were stopped: 0.0007090 seconds, Stopping threads took: 0.0000420 seconds
197.980: Application time: 0.0580310 seconds
197.980: [GC [PSYoungGen: 14780K->1488K(15360K)] 47314K->34022K(49664K), 0.0006290 secs] [Times: user=0.01 sys=0.00, real=0.01 secs] 
197.980: Total time for which application threads were stopped: 0.0007470 seconds, Stopping threads took: 0.0000610 seconds
198.030: Application time: 0.0493550 seconds
198.030: [GC [PSYoungGen: 14800K->1920K(15360K)] 47334K->34454K(49664K), 0.0007120 secs] [Times: user=0.00 sys=0.00, real=0.00 secs] 
198.031: Total time for which application threads were stopped: 0.0008270 seconds, Stopping threads took: 0.0000600 seconds
198.063: Application time: 0.0322270 seconds
198.063: [GC [PSYoungGen: 15227K->1952K(15360K)] 47761K->34486K(49664K), 0.0007140 secs] [Times: user=0.00 sys=0.00, real=0.00 secs] 
198.064: Total time for which application threads were stopped: 0.0008370 seconds, Stopping threads took: 0.0000660 seconds
198.113: Application time: 0.0489290 seconds
198.113: [GC [PSYoungGen: 15263K->1968K(15360K)] 47797K->34502K(49664K), 0.0007130 secs] [Times: user=0.00 sys=0.00, real=0.00 secs] 
198.113: Total time for which application threads were stopped: 0.0008410 seconds, Stopping threads took: 0.0000630 seconds
198.169: Application time: 0.0553330 seconds
198.169: [GC [PSYoungGen: 15278K->1936K(15360K)] 47812K->34470K(49664K), 0.0007170 secs] [Times: user=0.01 sys=0.00, real=0.00 secs] 
198.170: Total time for which application threads were stopped: 0.0008440 seconds, Stopping threads took: 0.0000680 seconds
198.226: Application time: 0.0563900 seconds
198.226: [GC [PSYoungGen: 15244K->1968K(15360K)] 47778K->34502K(49664K), 0.0007630 secs] [Times: user=0.00 sys=0.00, real=0.00 secs] 
198.227: Total time for which application threads were stopped: 0.0008700 seconds, Stopping threads took: 0.0000520 seconds
198.284: Application time: 0.0575090 seconds
198.284: [GC [PSYoungGen: 15279K->1936K(15360K)] 47813K->34470K(49664K), 0.0007240 secs] [Times: user=0.00 sys=0.00, real=0.00 secs] 
198.285: Total time for which application threads were stopped: 0.0008470 seconds, Stopping threads took: 0.0000660 seconds
198.342: Application time: 0.0572940 seconds
198.343: [GC [PSYoungGen: 15247K->1856K(15360K)] 47781K->34438K(49664K), 0.0007070 secs] [Times: user=0.01 sys=0.00, real=0.00 secs] 
198.343: Total time for which application threads were stopped: 0.0008360 seconds, Stopping threads took: 0.0000720 seconds
198.402: Application time: 0.0584570 seconds
198.402: [GC [PSYoungGen: 15167K->1872K(15360K)] 47749K->34454K(49664K), 0.0007130 secs] [Times: user=0.00 sys=0.00, real=0.00 secs] 
198.403: Total time for which application threads were stopped: 0.0008350 seconds, Stopping threads took: 0.0000650 seconds
198.459: Application time: 0.0562750 seconds
198.459: [GC [PSYoungGen: 15182K->1920K(15360K)] 47764K->34502K(49664K), 0.0007110 secs] [Times: user=0.01 sys=0.00, real=0.00 secs] 
198.460: Total time for which application threads were stopped: 0.0008250 seconds, Stopping threads took: 0.0000580 seconds
198.517: Application time: 0.0575220 seconds
198.517: [GC [PSYoungGen: 15228K->1648K(15360K)] 47810K->34470K(49664K), 0.0006950 secs] [Times: user=0.01 sys=0.00, real=0.00 secs] 
198.518: Total time for which application threads were stopped: 0.0008060 seconds, Stopping threads took: 0.0000560 seconds
198.577: Application time: 0.0592410 seconds
198.577: [GC [PSYoungGen: 14957K->1696K(15360K)] 47779K->34518K(49664K), 0.0006860 secs] [Times: user=0.00 sys=0.00, real=0.00 secs] 
198.578: Total time for which application threads were stopped: 0.0008150 seconds, Stopping threads took: 0.0000730 seconds
198.637: Application time: 0.0593490 seconds
198.638: [GC [PSYoungGen: 15005K->1344K(15360K)] 47827K->34462K(49664K), 0.0006510 secs] [Times: user=0.01 sys=0.00, real=0.00 secs] 
198.638: Total time for which application threads were stopped: 0.0007790 seconds, Stopping threads took: 0.0000590 seconds
198.698: Application time: 0.0593720 seconds
198.698: [GC [PSYoungGen: 14653K->1344K(15360K)] 47771K->34518K(49664K), 0.0005950 secs] [Times: user=0.00 sys=0.00, real=0.00 secs] 
198.698: Total time for which application threads were stopped: 0.0007090 seconds, Stopping threads took: 0.0000590 seconds
198.758: Application time: 0.0594460 seconds
198.758: [GC [PSYoungGen: 14653K->1280K(15360K)] 47827K->34454K(49664K), 0.0006060 secs] [Times: user=0.00 sys=0.00, real=0.00 secs] 
198.758: Total time for which application threads were stopped: 0.0007070 seconds, Stopping threads took: 0.0000460 seconds
198.818: Application time: 0.0594390 seconds
198.818: [GC [PSYoungGen: 14589K->1344K(15360K)] 47763K->34518K(49664K), 0.0005790 secs] [Times: user=0.00 sys=0.00, real=0.00 secs] 
198.819: Total time for which application threads were stopped: 0.0007080 seconds, Stopping threads took: 0.0000680 seconds
198.878: Application time: 0.0593930 seconds
198.878: [GC [PSYoungGen: 14653K->1120K(15360K)] 47827K->34530K(49664K), 0.0006000 secs] [Times: user=0.01 sys=0.00, real=0.00 secs] 
198.879: Total time for which application threads were stopped: 0.0007070 seconds, Stopping threads took: 0.0000450 seconds
198.938: Application time: 0.0595500 seconds
198.938: [GC [PSYoungGen: 14429K->1120K(15360K)] 47840K->34530K(49664K), 0.0005450 secs] [Times: user=0.00 sys=0.00, real=0.00 secs] 
198.939: Total time for which application threads were stopped: 0.0006600 seconds, Stopping threads took: 0.0000580 seconds
198.995: Application time: 0.0561050 seconds
198.995: [GC [PSYoungGen: 14430K->1056K(15360K)] 47841K->34703K(49664K), 0.0005780 secs] [Times: user=0.00 sys=0.00, real=0.00 secs] 
198.996: Total time for which application threads were stopped: 0.0007010 seconds, Stopping threads took: 0.0000680 seconds
199.038: Application time: 0.0421620 seconds
199.038: [GC [PSYoungGen: 14365K->1120K(15360K)] 48012K->34767K(49664K), 0.0005280 secs] [Times: user=0.00 sys=0.00, real=0.00 secs] 
199.039: Total time for which application threads were stopped: 0.0006470 seconds, Stopping threads took: 0.0000610 seconds
199.089: Application time: 0.0501800 seconds
199.089: [GC [PSYoungGen: 14427K->1088K(15360K)] 48075K->34943K(49664K), 0.0006120 secs] [Times: user=0.00 sys=0.00, real=0.00 secs] 
199.089: Total time for which application threads were stopped: 0.0007280 seconds, Stopping threads took: 0.0000610 seconds
199.136: Application time: 0.0467010 seconds
199.136: [GC [PSYoungGen: 14397K->1152K(15360K)] 48252K->35007K(49664K), 0.0005280 secs] [Times: user=0.00 sys=0.00, real=0.00 secs] 
199.137: Total time for which application threads were stopped: 0.0006510 seconds, Stopping threads took: 0.0000660 seconds
199.195: Application time: 0.0580200 seconds
199.195: [GC [PSYoungGen: 14462K->896K(15360K)] 48318K->34983K(49664K), 0.0005200 secs] [Times: user=0.00 sys=0.00, real=0.00 secs] 
199.196: [Full GC [PSYoungGen: 896K->0K(15360K)] [ParOldGen: 34087K->3508K(34304K)] 34983K->3508K(49664K) [PSPermGen: 5579K->5579K(21504K)], 0.0055180 secs] [Times: user=0.02 sys=0.00, real=0.01 secs] 
199.201: Total time for which application threads were stopped: 0.0062180 seconds, Stopping threads took: 0.0000570 seconds
199.260: Application time: 0.0586350 seconds
199.260: [GC [PSYoungGen: 13309K->0K(15360K)] 16817K->3508K(49664K), 0.0003440 secs] [Times: user=0.00 sys=0.00, real=0.00 secs] 
199.260: Total time for which application threads were stopped: 0.0004740 seconds, Stopping threads took: 0.0000730 seconds
199.312: Application time: 0.0515910 seconds
199.312: [GC [PSYoungGen: 13307K->384K(15360K)] 16815K->3892K(49664K), 0.0003740 secs] [Times: user=0.00 sys=0.00, real=0.00 secs] 
199.312: Total time for which application threads were stopped: 0.0004930 seconds, Stopping threads took: 0.0000660 seconds
199.359: Application time: 0.0464180 seconds
199.359: [GC [PSYoungGen: 13693K->352K(15360K)] 17201K->3860K(49664K), 0.0004260 secs] [Times: user=0.00 sys=0.00, real=0.00 secs] 
199.359: Total time for which application threads were stopped: 0.0005380 seconds, Stopping threads took: 0.0000550 seconds
199.409: Application time: 0.0496620 seconds
199.409: [GC [PSYoungGen: 13660K->800K(15360K)] 17168K->4308K(49664K), 0.0004470 secs] [Times: user=0.00 sys=0.00, real=0.00 secs] 
199.409: Total time for which application threads were stopped: 0.0005610 seconds, Stopping threads took: 0.0000600 seconds
199.454: Application time: 0.0442500 seconds
199.454: [GC [PSYoungGen: 14109K->928K(15360K)] 17617K->4436K(49664K), 0.0004610 secs] [Times: user=0.01 sys=0.00, real=0.00 secs] 
199.454: Total time for which application threads were stopped: 0.0005780 seconds, Stopping threads took: 0.0000610 seconds
199.508: Application time: 0.0537530 seconds
199.508: [GC [PSYoungGen: 14238K->1232K(15360K)] 17746K->4740K(49664K), 0.0004970 secs] [Times: user=0.00 sys=0.00, real=0.01 secs] 
199.509: Total time for which application threads were stopped: 0.0006000 seconds, Stopping threads took: 0.0000440 seconds
199.550: Application time: 0.0408760 seconds
199.550: [GC [PSYoungGen: 14542K->1392K(15360K)] 18050K->4900K(49664K), 0.0005420 secs] [Times: user=0.00 sys=0.00, real=0.00 secs] 
199.550: Total time for which application threads were stopped: 0.0006570 seconds, Stopping threads took: 0.0000500 seconds
199.594: Application time: 0.0437910 seconds
199.594: [GC [PSYoungGen: 14701K->1568K(15360K)] 18210K->5076K(49664K), 0.0005840 secs] [Times: user=0.00 sys=0.00, real=0.00 secs] 
199.595: Total time for which application threads were stopped: 0.0006970 seconds, Stopping threads took: 0.0000590 seconds
199.644: Application time: 0.0493030 seconds
199.644: [GC [PSYoungGen: 14877K->1504K(15360K)] 18385K->5012K(49664K), 0.0005790 secs] [Times: user=0.00 sys=0.00, real=0.00 secs] 
199.645: Total time for which application threads were stopped: 0.0007050 seconds, Stopping threads took: 0.0000700 seconds
199.702: Application time: 0.0569920 seconds
199.702: [GC [PSYoungGen: 14812K->1552K(15360K)] 18320K->5060K(49664K), 0.0005540 secs] [Times: user=0.00 sys=0.00, real=0.00 secs] 
199.702: Total time for which application threads were stopped: 0.0006920 seconds, Stopping threads took: 0.0000680 seconds
199.755: Application time: 0.0526730 seconds
199.755: [GC [PSYoungGen: 14861K->1744K(15360K)] 18369K->5252K(49664K), 0.0006270 secs] [Times: user=0.00 sys=0.00, real=0.00 secs] 
199.756: Total time for which application threads were stopped: 0.0007570 seconds, Stopping threads took: 0.0000740 seconds
199.787: Application time: 0.0315080 seconds
199.787: [GC [PSYoungGen: 15055K->1872K(15360K)] 18563K->5380K(49664K), 0.0006510 secs] [Times: user=0.01 sys=0.00, real=0.00 secs] 
199.788: Total time for which application threads were stopped: 0.0007770 seconds, Stopping threads took: 0.0000670 seconds
199.834: Application time: 0.0460950 seconds
199.834: [GC [PSYoungGen: 15184K->1776K(15360K)] 18692K->5284K(49664K), 0.0006570 secs] [Times: user=0.01 sys=0.00, real=0.00 secs] 
199.835: Total time for which application threads were stopped: 0.0007660 seconds, Stopping threads took: 0.0000550 seconds
199.889: Application time: 0.0544690 seconds
199.890: [GC [PSYoungGen: 15086K->1936K(15360K)] 18594K->5444K(49664K), 0.0006660 secs] [Times: user=0.00 sys=0.00, real=0.00 secs] 
199.890: Total time for which application threads were stopped: 0.0007830 seconds, Stopping threads took: 0.0000610 seconds
199.946: Application time: 0.0560370 seconds
199.946: [GC [PSYoungGen: 15244K->1904K(15360K)] 18752K->5412K(49664K), 0.0006500 secs] [Times: user=0.00 sys=0.00, real=0.00 secs] 
199.947: Total time for which application threads were stopped: 0.0007550 seconds, Stopping threads took: 0.0000470 seconds
200.003: Application time: 0.0559970 seconds
200.003: [GC [PSYoungGen: 15212K->1920K(15360K)] 18720K->5428K(49664K), 0.0006890 secs] [Times: user=0.00 sys=0.00, real=0.00 secs] 
200.004: Total time for which application threads were stopped: 0.0008020 seconds, Stopping threads took: 0.0000550 seconds
200.062: Application time: 0.0580070 seconds
200.062: [GC [PSYoungGen: 15229K->1872K(15360K)] 18737K->5436K(49664K), 0.0006960 secs] [Times: user=0.00 sys=0.00, real=0.00 secs] 
200.063: Total time for which application threads were stopped: 0.0008280 seconds, Stopping threads took: 0.0000760 seconds
200.121: Application time: 0.0585760 seconds
200.121: [GC [PSYoungGen: 15181K->1856K(15360K)] 18745K->5420K(49664K), 0.0006490 secs] [Times: user=0.00 sys=0.00, real=0.00 secs] 
200.122: Total time for which application threads were stopped: 0.0007590 seconds, Stopping threads took: 0.0000560 seconds
200.180: Application time: 0.0577860 seconds
200.180: [GC [PSYoungGen: 15164K->1920K(15360K)] 18728K->5532K(49664K), 0.0006560 secs] [Times: user=0.00 sys=0.00, real=0.01 secs] 
200.181: Total time for which application threads were stopped: 0.0007760 seconds, Stopping threads took: 0.0000620 seconds
200.237: Application time: 0.0561410 seconds
200.237: [GC [PSYoungGen: 15230K->1600K(15360K)] 18842K->5448K(49664K), 0.0006550 secs] [Times: user=0.00 sys=0.00, real=0.00 secs] 
200.237: Total time for which application threads were stopped: 0.0007680 seconds, Stopping threads took: 0.0000460 seconds
200.296: Application time: 0.0586230 seconds
200.296: [GC [PSYoungGen: 14909K->1616K(15360K)] 18758K->5504K(49664K), 0.0006630 secs] [Times: user=0.01 sys=0.00, real=0.00 secs] 
200.297: Total time for which application threads were stopped: 0.0007930 seconds, Stopping threads took: 0.0000730 seconds
200.356: Application time: 0.0588720 seconds
200.356: [GC [PSYoungGen: 14925K->1408K(15360K)] 18814K->5528K(49664K), 0.0006450 secs] [Times: user=0.00 sys=0.00, real=0.00 secs] 
200.357: Total time for which application threads were stopped: 0.0007610 seconds, Stopping threads took: 0.0000600 seconds
200.416: Application time: 0.0591400 seconds
200.416: [GC [PSYoungGen: 14717K->1312K(15360K)] 18838K->5520K(49664K), 0.0005690 secs] [Times: user=0.00 sys=0.00, real=0.00 secs] 
200.416: Total time for which application threads were stopped: 0.0006830 seconds, Stopping threads took: 0.0000570 seconds
200.476: Application time: 0.0597920 seconds
200.476: [GC [PSYoungGen: 14621K->1344K(15360K)] 18829K->5552K(49664K), 0.0005490 secs] [Times: user=0.00 sys=0.00, real=0.00 secs] 
200.477: Total time for which application threads were stopped: 0.0006720 seconds, Stopping threads took: 0.0000630 seconds
200.538: Application time: 0.0607650 seconds
200.538: [GC [PSYoungGen: 14653K->1312K(15360K)] 18862K->5520K(49664K), 0.0005900 secs] [Times: user=0.00 sys=0.00, real=0.00 secs] 
200.538: Total time for which application threads were stopped: 0.0007210 seconds, Stopping threads took: 0.0000750 seconds
200.598: Application time: 0.0594590 seconds
200.598: [GC [PSYoungGen: 14621K->1120K(15360K)] 18830K->5581K(49664K), 0.0005420 secs] [Times: user=0.01 sys=0.00, real=0.00 secs] 
200.598: Total time for which application threads were stopped: 0.0006570 seconds, Stopping threads took: 0.0000590 seconds
200.657: Application time: 0.0588850 seconds
200.657: [GC [PSYoungGen: 14429K->1088K(15360K)] 18890K->5549K(49664K), 0.0005030 secs] [Times: user=0.00 sys=0.00, real=0.00 secs] 
200.658: Total time for which application threads were stopped: 0.0006150 seconds, Stopping threads took: 0.0000580 seconds
200.708: Application time: 0.0503640 seconds
200.708: [GC [PSYoungGen: 14396K->1280K(15360K)] 18857K->5842K(49664K), 0.0005230 secs] [Times: user=0.01 sys=0.00, real=0.00 secs] 
200.709: Total time for which application threads were stopped: 0.0006360 seconds, Stopping threads took: 0.0000580 seconds
200.757: Application time: 0.0477040 seconds
200.757: [GC [PSYoungGen: 14591K->1120K(15360K)] 19153K->5842K(49664K), 0.0005300 secs] [Times: user=0.00 sys=0.00, real=0.00 secs] 
200.757: Total time for which application threads were stopped: 0.0006400 seconds, Stopping threads took: 0.0000480 seconds
200.811: Application time: 0.0532640 seconds
200.811: [GC [PSYoungGen: 14431K->1088K(15360K)] 19153K->6018K(49664K), 0.0004850 secs] [Times: user=0.01 sys=0.00, real=0.00 secs] 
200.811: Total time for which application threads were stopped: 0.0005870 seconds, Stopping threads took: 0.0000490 seconds
200.856: Application time: 0.0448740 seconds
200.856: [GC [PSYoungGen: 14399K->960K(15360K)] 19329K->6094K(49664K), 0.0004820 secs] [Times: user=0.01 sys=0.00, real=0.00 secs] 
200.857: Total time for which application threads were stopped: 0.0005940 seconds, Stopping threads took: 0.0000590 seconds
200.914: Application time: 0.0571470 seconds
200.914: [GC [PSYoungGen: 14271K->960K(15360K)] 19405K->6094K(49664K), 0.0004510 secs] [Times: user=0.01 sys=0.00, real=0.00 secs] 
200.914: Total time for which application threads were stopped: 0.0005570 seconds, Stopping threads took: 0.0000510 seconds
200.973: Application time: 0.0584700 seconds
200.973: [GC [PSYoungGen: 14269K->864K(15360K)] 19404K->5998K(49664K), 0.0004470 secs] [Times: user=0.00 sys=0.00, real=0.00 secs] 
200.973: Total time for which application threads were stopped: 0.0005740 seconds, Stopping threads took: 0.0000690 seconds
201.025: Application time: 0.0519560 seconds
201.025: [GC [PSYoungGen: 14174K->1136K(15360K)] 19308K->6270K(49664K), 0.0005010 secs] [Times: user=0.00 sys=0.00, real=0.00 secs] 
201.026: Total time for which application threads were stopped: 0.0006020 seconds, Stopping threads took: 0.0000410 seconds
201.071: Application time: 0.0447340 seconds
201.071: [GC [PSYoungGen: 14447K->736K(15360K)] 19581K->6279K(49664K), 0.0005920 secs] [Times: user=0.00 sys=0.00, real=0.00 secs] 
201.071: Total time for which application threads were stopped: 0.0007030 seconds, Stopping threads took: 0.0000550 seconds
201.119: Application time: 0.0476940 seconds
201.119: [GC [PSYoungGen: 14046K->992K(15360K)] 19590K->6535K(49664K), 0.0004670 secs] [Times: user=0.00 sys=0.00, real=0.00 secs] 
201.120: Total time for which application threads were stopped: 0.0005610 seconds, Stopping threads took: 0.0000390 seconds
201.166: Application time: 0.0468660 seconds
201.167: [GC [PSYoungGen: 14303K->992K(15360K)] 19847K->6535K(49664K), 0.0005850 secs] [Times: user=0.01 sys=0.00, real=0.00 secs] 
201.167: Total time for which application threads were stopped: 0.0007940 seconds, Stopping threads took: 0.0001410 seconds
201.219: Application time: 0.0514800 seconds
201.219: [GC [PSYoungGen: 14302K->1184K(15360K)] 19845K->6727K(49664K), 0.0005150 secs] [Times: user=0.00 sys=0.00, real=0.00 secs] 
201.219: Total time for which application threads were stopped: 0.0006220 seconds, Stopping threads took: 0.0000530 seconds
201.262: Application time: 0.0427290 seconds
201.262: [GC [PSYoungGen: 14495K->1248K(15360K)] 20039K->6791K(49664K), 0.0005380 secs] [Times: user=0.00 sys=0.00, real=0.00 secs] 
201.263: Total time for which application threads were stopped: 0.0006810 seconds, Stopping threads took: 0.0000750 seconds
201.309: Application time: 0.0463440 seconds
201.309: [GC [PSYoungGen: 14557K->1440K(15360K)] 20101K->6983K(49664K), 0.0006370 secs] [Times: user=0.00 sys=0.00, real=0.00 secs] 
201.310: Total time for which application threads were stopped: 0.0007420 seconds, Stopping threads took: 0.0000510 seconds
201.358: Application time: 0.0483990 seconds
201.358: [GC [PSYoungGen: 14749K->1536K(15360K)] 20293K->7079K(49664K), 0.0006290 secs] [Times: user=0.00 sys=0.00, real=0.00 secs] 
201.359: Total time for which application threads were stopped: 0.0007450 seconds, Stopping threads took: 0.0000590 seconds
201.416: Application time: 0.0564630 seconds
201.416: [GC [PSYoungGen: 14847K->1488K(15360K)] 20391K->7031K(49664K), 0.0005780 secs] [Times: user=0.01 sys=0.00, real=0.00 secs] 
201.416: Total time for which application threads were stopped: 0.0007050 seconds, Stopping threads took: 0.0000710 seconds
201.472: Application time: 0.0560510 seconds
201.472: [GC [PSYoungGen: 14796K->1520K(15360K)] 20340K->7063K(49664K), 0.0005880 secs] [Times: user=0.00 sys=0.00, real=0.00 secs] 
201.473: Total time for which application threads were stopped: 0.0007030 seconds, Stopping threads took: 0.0000600 seconds
201.509: Application time: 0.0356450 seconds
201.509: [GC [PSYoungGen: 14831K->1904K(15360K)] 20375K->7447K(49664K), 0.0007000 secs] [Times: user=0.01 sys=0.00, real=0.00 secs] 
201.509: Total time for which application threads were stopped: 0.0007970 seconds, Stopping threads took: 0.0000410 seconds
201.548: Application time: 0.0389580 seconds
201.548: [GC [PSYoungGen: 15213K->1936K(15360K)] 20757K->7479K(49664K), 0.0006580 secs] [Times: user=0.00 sys=0.00, real=0.00 secs] 
201.549: Total time for which application threads were stopped: 0.0007710 seconds, Stopping threads took: 0.0000580 seconds
201.605: Application time: 0.0557190 seconds
201.605: [GC [PSYoungGen: 15246K->1888K(15360K)] 20789K->7431K(49664K), 0.0006990 secs] [Times: user=0.00 sys=0.00, real=0.00 secs] 
201.606: Total time for which application threads were stopped: 0.0008130 seconds, Stopping threads took: 0.0000600 seconds
201.662: Application time: 0.0561650 seconds
201.662: [GC [PSYoungGen: 15196K->1920K(15360K)] 20740K->7463K(49664K), 0.0006740 secs] [Times: user=0.00 sys=0.00, real=0.00 secs] 
201.663: Total time for which application threads were stopped: 0.0007830 seconds, Stopping threads took: 0.0000510 seconds
201.719: Application time: 0.0561430 seconds
201.719: [GC [PSYoungGen: 15228K->1904K(15360K)] 20772K->7447K(49664K), 0.0006880 secs] [Times: user=0.01 sys=0.00, real=0.00 secs] 
201.720: Total time for which application threads were stopped: 0.0007870 seconds, Stopping threads took: 0.0000410 seconds
201.778: Application time: 0.0579410 seconds
201.778: [GC [PSYoungGen: 15213K->1840K(15360K)] 20757K->7431K(49664K), 0.0006730 secs] [Times: user=0.00 sys=0.00, real=0.00 secs] 
201.778: Total time for which application threads were stopped: 0.0008020 seconds, Stopping threads took: 0.0000590 seconds
201.837: Application time: 0.0589140 seconds
201.837: [GC [PSYoungGen: 15149K->1856K(15360K)] 20741K->7447K(49664K), 0.0006460 secs] [Times: user=0.01 sys=0.00, real=0.00 secs] 
201.838: Total time for which application threads were stopped: 0.0007570 seconds, Stopping threads took: 0.0000540 seconds
201.896: Application time: 0.0580420 seconds
201.900: [GC [PSYoungGen: 15165K->1840K(15360K)] 20757K->7479K(49664K), 0.0006750 secs] [Times: user=0.00 sys=0.00, real=0.00 secs] 
201.901: Total time for which application threads were stopped: 0.0049980 seconds, Stopping threads took: 0.0042710 seconds
201.956: Application time: 0.0554340 seconds
201.957: [GC [PSYoungGen: 15150K->1728K(15360K)] 20790K->7572K(49664K), 0.0006680 secs] [Times: user=0.00 sys=0.00, real=0.00 secs] 
201.957: Total time for which application threads were stopped: 0.0007810 seconds, Stopping threads took: 0.0000570 seconds
202.016: Application time: 0.0591480 seconds
202.020: [GC [PSYoungGen: 15037K->1600K(15360K)] 20881K->7484K(49664K), 0.0007610 secs] [Times: user=0.01 sys=0.00, real=0.00 secs] 
202.021: Total time for which application threads were stopped: 0.0048520 seconds, Stopping threads took: 0.0039900 seconds
202.082: Application time: 0.0603360 seconds
202.082: [GC [PSYoungGen: 14912K->1440K(15360K)] 20796K->7608K(49664K), 0.0006170 secs] [Times: user=0.00 sys=0.00, real=0.00 secs] 
202.082: Total time for which application threads were stopped: 0.0007440 seconds, Stopping threads took: 0.0000720 seconds
202.141: Application time: 0.0590800 seconds
202.142: [GC [PSYoungGen: 14749K->1376K(15360K)] 20918K->7592K(49664K), 0.0005450 secs] [Times: user=0.00 sys=0.00, real=0.00 secs] 
202.142: Total time for which application threads were stopped: 0.0006560 seconds, Stopping threads took: 0.0000550 seconds
202.201: Application time: 0.0592630 seconds
202.201: [GC [PSYoungGen: 14685K->1376K(15360K)] 20902K->7592K(49664K), 0.0005440 secs] [Times: user=0.00 sys=0.00, real=0.00 secs] 
202.202: Total time for which application threads were stopped: 0.0006550 seconds, Stopping threads took: 0.0000530 seconds
202.262: Application time: 0.0596210 seconds
202.262: [GC [PSYoungGen: 14685K->1312K(15360K)] 20902K->7528K(49664K), 0.0005890 secs] [Times: user=0.00 sys=0.00, real=0.00 secs] 
202.263: Total time for which application threads were stopped: 0.0016040 seconds, Stopping threads took: 0.0000660 seconds
202.323: Application time: 0.0600510 seconds
202.323: [GC [PSYoungGen: 14624K->1120K(15360K)] 20840K->7569K(49664K), 0.0005410 secs] [Times: user=0.00 sys=0.00, real=0.00 secs] 
202.324: Total time for which application threads were stopped: 0.0006520 seconds, Stopping threads took: 0.0000480 seconds
202.383: Application time: 0.0589580 seconds
202.383: [GC [PSYoungGen: 14429K->1088K(15360K)] 20878K->7577K(49664K), 0.0005950 secs] [Times: user=0.00 sys=0.00, real=0.00 secs] 
202.384: Total time for which application threads were stopped: 0.0006970 seconds, Stopping threads took: 0.0000460 seconds
202.432: Application time: 0.0484480 seconds
202.432: [GC [PSYoungGen: 14395K->1088K(15360K)] 20884K->7821K(49664K), 0.0005180 secs] [Times: user=0.00 sys=0.00, real=0.00 secs] 
202.433: Total time for which application threads were stopped: 0.0006240 seconds, Stopping threads took: 0.0000480 seconds
202.482: Application time: 0.0496880 seconds
202.482: [GC [PSYoungGen: 14397K->1120K(15360K)] 21131K->7853K(49664K), 0.0004910 secs] [Times: user=0.00 sys=0.00, real=0.00 secs] 
202.483: Total time for which application threads were stopped: 0.0005840 seconds, Stopping threads took: 0.0000350 seconds
202.541: Application time: 0.0578210 seconds
202.541: [GC [PSYoungGen: 14431K->928K(15360K)] 21164K->7874K(49664K), 0.0005530 secs] [Times: user=0.00 sys=0.00, real=0.00 secs] 
202.541: Total time for which application threads were stopped: 0.0006770 seconds, Stopping threads took: 0.0000690 seconds
202.586: Application time: 0.0449600 seconds
202.586: [GC [PSYoungGen: 14239K->896K(15360K)] 21186K->8046K(49664K), 0.0005290 secs] [Times: user=0.00 sys=0.00, real=0.00 secs] 
202.587: Total time for which application threads were stopped: 0.0006420 seconds, Stopping threads took: 0.0000570 seconds
202.639: Application time: 0.0520980 seconds
202.639: [GC [PSYoungGen: 14204K->960K(15360K)] 21355K->8110K(49664K), 0.0004480 secs] [Times: user=0.00 sys=0.00, real=0.00 secs] 
202.640: Total time for which application threads were stopped: 0.0005640 seconds, Stopping threads took: 0.0000610 seconds
202.697: Application time: 0.0572160 seconds
202.697: [GC [PSYoungGen: 14271K->928K(15360K)] 21422K->8078K(49664K), 0.0004980 secs] [Times: user=0.00 sys=0.00, real=0.00 secs] 
202.698: Total time for which application threads were stopped: 0.0006100 seconds, Stopping threads took: 0.0000550 seconds
202.749: Application time: 0.0515060 seconds
202.749: [GC [PSYoungGen: 14238K->1120K(15360K)] 21389K->8270K(49664K), 0.0005390 secs] [Times: user=0.01 sys=0.00, real=0.00 secs] 
202.750: Total time for which application threads were stopped: 0.0006510 seconds, Stopping threads took: 0.0000570 seconds
202.795: Application time: 0.0456560 seconds
202.795: [GC [PSYoungGen: 14431K->736K(15360K)] 21581K->8291K(49664K), 0.0005050 secs] [Times: user=0.00 sys=0.00, real=0.00 secs] 
202.796: Total time for which application threads were stopped: 0.0006190 seconds, Stopping threads took: 0.0000560 seconds
202.844: Application time: 0.0483010 seconds
202.844: [GC [PSYoungGen: 14044K->960K(15360K)] 21599K->8515K(49664K), 0.0005520 secs] [Times: user=0.00 sys=0.00, real=0.00 secs] 
202.845: Total time for which application threads were stopped: 0.0006650 seconds, Stopping threads took: 0.0000490 seconds
202.890: Application time: 0.0449750 seconds
202.890: [GC [PSYoungGen: 14271K->960K(15360K)] 21826K->8515K(49664K), 0.0004810 secs] [Times: user=0.00 sys=0.00, real=0.00 secs] 
202.891: Total time for which application threads were stopped: 0.0006030 seconds, Stopping threads took: 0.0000670 seconds
202.937: Application time: 0.0465000 seconds
202.937: [GC [PSYoungGen: 14270K->1184K(15360K)] 21825K->8739K(49664K), 0.0005240 secs] [Times: user=0.01 sys=0.00, real=0.00 secs] 
202.938: Total time for which application threads were stopped: 0.0006600 seconds, Stopping threads took: 0.0000800 seconds
202.985: Application time: 0.0476370 seconds
202.985: [GC [PSYoungGen: 14495K->1216K(15360K)] 22051K->8771K(49664K), 0.0005260 secs] [Times: user=0.00 sys=0.00, real=0.00 secs] 
202.986: Total time for which application threads were stopped: 0.0006330 seconds, Stopping threads took: 0.0000530 seconds
203.033: Application time: 0.0471280 seconds
203.033: [GC [PSYoungGen: 14524K->1504K(15360K)] 22080K->9059K(49664K), 0.0006130 secs] [Times: user=0.00 sys=0.00, real=0.00 secs] 
203.034: Total time for which application threads were stopped: 0.0007160 seconds, Stopping threads took: 0.0000470 seconds
203.081: Application time: 0.0473030 seconds
203.081: [GC [PSYoungGen: 14813K->1536K(15360K)] 22368K->9091K(49664K), 0.0005620 secs] [Times: user=0.00 sys=0.00, real=0.00 secs] 
203.082: Total time for which application threads were stopped: 0.0006800 seconds, Stopping threads took: 0.0000650 seconds
203.139: Application time: 0.0568500 seconds
203.139: [GC [PSYoungGen: 14844K->1472K(15360K)] 22399K->9027K(49664K), 0.0005720 secs] [Times: user=0.01 sys=0.00, real=0.00 secs] 
203.139: Total time for which application threads were stopped: 0.0006760 seconds, Stopping threads took: 0.0000500 seconds
203.195: Application time: 0.0558270 seconds
203.195: [GC [PSYoungGen: 14780K->1456K(15360K)] 22336K->9011K(49664K), 0.0006210 secs] [Times: user=0.00 sys=0.00, real=0.00 secs] 
203.196: Total time for which application threads were stopped: 0.0007390 seconds, Stopping threads took: 0.0000560 seconds
203.236: Application time: 0.0397350 seconds
203.236: [GC [PSYoungGen: 14768K->1920K(15360K)] 22323K->9475K(49664K), 0.0006740 secs] [Times: user=0.01 sys=0.00, real=0.00 secs] 
203.236: Total time for which application threads were stopped: 0.0007930 seconds, Stopping threads took: 0.0000620 seconds
203.272: Application time: 0.0352400 seconds
203.272: [GC [PSYoungGen: 15231K->1904K(15360K)] 22786K->9459K(49664K), 0.0006610 secs] [Times: user=0.00 sys=0.00, real=0.00 secs] 
203.272: Total time for which application threads were stopped: 0.0007760 seconds, Stopping threads took: 0.0000560 seconds
203.328: Application time: 0.0554270 seconds
203.328: [GC [PSYoungGen: 15213K->1936K(15360K)] 22768K->9491K(49664K), 0.0006640 secs] [Times: user=0.00 sys=0.00, real=0.01 secs] 
203.329: Total time for which application threads were stopped: 0.0007650 seconds, Stopping threads took: 0.0000460 seconds
203.384: Application time: 0.0550820 seconds
203.384: [GC [PSYoungGen: 15246K->1888K(15360K)] 22801K->9443K(49664K), 0.0006750 secs] [Times: user=0.00 sys=0.00, real=0.00 secs] 
203.385: Total time for which application threads were stopped: 0.0008060 seconds, Stopping threads took: 0.0000620 seconds
203.442: Application time: 0.0576040 seconds
203.442: [GC [PSYoungGen: 15197K->1936K(15360K)] 22752K->9491K(49664K), 0.0007530 secs] [Times: user=0.00 sys=0.00, real=0.00 secs] 
203.443: Total time for which application threads were stopped: 0.0008690 seconds, Stopping threads took: 0.0000580 seconds
203.500: Application time: 0.0565640 seconds
203.500: [GC [PSYoungGen: 15247K->1936K(15360K)] 22802K->9531K(49664K), 0.0006910 secs] [Times: user=0.00 sys=0.00, real=0.01 secs] 
203.500: Total time for which application threads were stopped: 0.0008050 seconds, Stopping threads took: 0.0000570 seconds
203.558: Application time: 0.0580400 seconds
203.559: [GC [PSYoungGen: 15245K->1824K(15360K)] 22840K->9419K(49664K), 0.0006940 secs] [Times: user=0.00 sys=0.00, real=0.00 secs] 
203.559: Total time for which application threads were stopped: 0.0008100 seconds, Stopping threads took: 0.0000590 seconds
203.617: Application time: 0.0581110 seconds
203.617: [GC [PSYoungGen: 15133K->1856K(15360K)] 22728K->9499K(49664K), 0.0006700 secs] [Times: user=0.01 sys=0.00, real=0.00 secs] 
203.618: Total time for which application threads were stopped: 0.0007970 seconds, Stopping threads took: 0.0000680 seconds
203.673: Application time: 0.0548210 seconds
203.673: [GC [PSYoungGen: 15166K->1696K(15360K)] 22809K->9543K(49664K), 0.0006240 secs] [Times: user=0.00 sys=0.00, real=0.00 secs] 
203.674: Total time for which application threads were stopped: 0.0007460 seconds, Stopping threads took: 0.0000670 seconds
203.732: Application time: 0.0586070 seconds
203.732: [GC [PSYoungGen: 15005K->1712K(15360K)] 22853K->9559K(49664K), 0.0006250 secs] [Times: user=0.00 sys=0.00, real=0.00 secs] 
203.733: Total time for which application threads were stopped: 0.0007390 seconds, Stopping threads took: 0.0000570 seconds
203.792: Application time: 0.0587290 seconds
203.792: [GC [PSYoungGen: 15021K->1568K(15360K)] 22869K->9504K(49664K), 0.0006140 secs] [Times: user=0.00 sys=0.00, real=0.00 secs] 
203.793: Total time for which application threads were stopped: 0.0007410 seconds, Stopping threads took: 0.0000690 seconds
203.853: Application time: 0.0600290 seconds
203.853: [GC [PSYoungGen: 14880K->1344K(15360K)] 22815K->9564K(49664K), 0.0006330 secs] [Times: user=0.01 sys=0.00, real=0.00 secs] 
203.853: Total time for which application threads were stopped: 0.0007510 seconds, Stopping threads took: 0.0000610 seconds
203.912: Application time: 0.0590020 seconds
203.912: [GC [PSYoungGen: 14653K->1344K(15360K)] 22874K->9564K(49664K), 0.0006030 secs] [Times: user=0.00 sys=0.00, real=0.00 secs] 
203.913: Total time for which application threads were stopped: 0.0007240 seconds, Stopping threads took: 0.0000540 seconds
203.972: Application time: 0.0590630 seconds
203.972: [GC [PSYoungGen: 14653K->1344K(15360K)] 22874K->9564K(49664K), 0.0005580 secs] [Times: user=0.00 sys=0.00, real=0.00 secs] 
203.973: Total time for which application threads were stopped: 0.0006850 seconds, Stopping threads took: 0.0000670 seconds
204.032: Application time: 0.0595250 seconds
204.032: [GC [PSYoungGen: 14653K->1152K(15360K)] 22874K->9601K(49664K), 0.0006120 secs] [Times: user=0.00 sys=0.00, real=0.00 secs] 
204.033: Total time for which application threads were stopped: 0.0007240 seconds, Stopping threads took: 0.0000550 seconds
204.092: Application time: 0.0587920 seconds
204.096: [GC [PSYoungGen: 14461K->1088K(15360K)] 22910K->9577K(49664K), 0.0007310 secs] [Times: user=0.00 sys=0.00, real=0.00 secs] 
204.097: Total time for which application threads were stopped: 0.0052350 seconds, Stopping threads took: 0.0044220 seconds
204.149: Application time: 0.0517030 seconds
204.149: [GC [PSYoungGen: 14395K->1088K(15360K)] 22885K->9813K(49664K), 0.0005530 secs] [Times: user=0.01 sys=0.00, real=0.00 secs] 
204.149: Total time for which application threads were stopped: 0.0006480 seconds, Stopping threads took: 0.0000410 seconds
204.196: Application time: 0.0469060 seconds
204.196: [GC [PSYoungGen: 14397K->1088K(15360K)] 23122K->9813K(49664K), 0.0005220 secs] [Times: user=0.00 sys=0.00, real=0.00 secs] 
204.197: Total time for which application threads were stopped: 0.0006430 seconds, Stopping threads took: 0.0000650 seconds
204.254: Application time: 0.0572050 seconds
204.254: [GC [PSYoungGen: 14396K->896K(15360K)] 23122K->9818K(49664K), 0.0004770 secs] [Times: user=0.01 sys=0.00, real=0.00 secs] 
204.255: Total time for which application threads were stopped: 0.0005930 seconds, Stopping threads took: 0.0000600 seconds
204.300: Application time: 0.0450700 seconds
204.300: [GC [PSYoungGen: 14205K->1120K(15360K)] 23127K->10042K(49664K), 0.0005430 secs] [Times: user=0.00 sys=0.00, real=0.01 secs] 
204.301: Total time for which application threads were stopped: 0.0006540 seconds, Stopping threads took: 0.0000550 seconds
204.353: Application time: 0.0528310 seconds
204.353: [GC [PSYoungGen: 14430K->960K(15360K)] 23353K->10094K(49664K), 0.0005040 secs] [Times: user=0.00 sys=0.00, real=0.00 secs] 
204.354: Total time for which application threads were stopped: 0.0006170 seconds, Stopping threads took: 0.0000550 seconds
204.412: Application time: 0.0575690 seconds
204.412: [GC [PSYoungGen: 14268K->896K(15360K)] 23403K->10030K(49664K), 0.0004970 secs] [Times: user=0.00 sys=0.00, real=0.00 secs] 
204.412: Total time for which application threads were stopped: 0.0006140 seconds, Stopping threads took: 0.0000610 seconds
204.463: Application time: 0.0507680 seconds
204.463: [GC [PSYoungGen: 14206K->1184K(15360K)] 23341K->10318K(49664K), 0.0005070 secs] [Times: user=0.00 sys=0.00, real=0.00 secs] 
204.464: Total time for which application threads were stopped: 0.0006220 seconds, Stopping threads took: 0.0000480 seconds
204.510: Application time: 0.0462600 seconds
204.510: [GC [PSYoungGen: 14493K->768K(15360K)] 23628K->10319K(49664K), 0.0005030 secs] [Times: user=0.00 sys=0.00, real=0.00 secs] 
204.510: Total time for which application threads were stopped: 0.0006190 seconds, Stopping threads took: 0.0000600 seconds
204.559: Application time: 0.0482300 seconds
204.559: [GC [PSYoungGen: 14078K->960K(15360K)] 23630K->10511K(49664K), 0.0004850 secs] [Times: user=0.01 sys=0.00, real=0.00 secs] 
204.559: Total time for which application threads were stopped: 0.0006060 seconds, Stopping threads took: 0.0000660 seconds
204.604: Application time: 0.0445840 seconds
204.604: [GC [PSYoungGen: 14270K->912K(15360K)] 23822K->10463K(49664K), 0.0004870 secs] [Times: user=0.00 sys=0.00, real=0.00 secs] 
204.604: Total time for which application threads were stopped: 0.0005950 seconds, Stopping threads took: 0.0000540 seconds
204.649: Application time: 0.0449600 seconds
204.650: [GC [PSYoungGen: 14222K->1216K(15360K)] 23773K->10767K(49664K), 0.0005240 secs] [Times: user=0.00 sys=0.00, real=0.00 secs] 
204.650: Total time for which application threads were stopped: 0.0006510 seconds, Stopping threads took: 0.0000650 seconds
204.699: Application time: 0.0485620 seconds
204.699: [GC [PSYoungGen: 14525K->1216K(15360K)] 24077K->10767K(49664K), 0.0005790 secs] [Times: user=0.00 sys=0.00, real=0.00 secs] 
204.699: Total time for which application threads were stopped: 0.0006950 seconds, Stopping threads took: 0.0000610 seconds
204.751: Application time: 0.0517180 seconds
204.751: [GC [PSYoungGen: 14527K->1472K(15360K)] 24079K->11023K(49664K), 0.0005790 secs] [Times: user=0.00 sys=0.00, real=0.00 secs] 
204.752: Total time for which application threads were stopped: 0.0006930 seconds, Stopping threads took: 0.0000550 seconds
204.794: Application time: 0.0424520 seconds
204.796: [GC [PSYoungGen: 14781K->1488K(15360K)] 24333K->11039K(49664K), 0.0006130 secs] [Times: user=0.01 sys=0.00, real=0.00 secs] 
204.797: Total time for which application threads were stopped: 0.0027440 seconds, Stopping threads took: 0.0020710 seconds
204.855: Application time: 0.0577430 seconds
204.855: [GC [PSYoungGen: 14797K->1440K(15360K)] 24348K->10991K(49664K), 0.0006010 secs] [Times: user=0.00 sys=0.00, real=0.00 secs] 
204.855: Total time for which application threads were stopped: 0.0007160 seconds, Stopping threads took: 0.0000610 seconds
204.910: Application time: 0.0548480 seconds
204.910: [GC [PSYoungGen: 14748K->1504K(15360K)] 24300K->11055K(49664K), 0.0005680 secs] [Times: user=0.01 sys=0.00, real=0.00 secs] 
204.911: Total time for which application threads were stopped: 0.0006750 seconds, Stopping threads took: 0.0000500 seconds
204.954: Application time: 0.0427670 seconds
204.954: [GC [PSYoungGen: 14813K->1888K(15360K)] 24365K->11440K(49664K), 0.0007700 secs] [Times: user=0.00 sys=0.00, real=0.00 secs] 
204.955: Total time for which application threads were stopped: 0.0008600 seconds, Stopping threads took: 0.0000350 seconds
204.987: Application time: 0.0328690 seconds
204.988: [GC [PSYoungGen: 15193K->1728K(15360K)] 24745K->11279K(49664K), 0.0006620 secs] [Times: user=0.00 sys=0.00, real=0.00 secs] 
204.988: Total time for which application threads were stopped: 0.0007870 seconds, Stopping threads took: 0.0000610 seconds
205.044: Application time: 0.0554680 seconds
205.044: [GC [PSYoungGen: 15036K->1984K(15360K)] 24588K->11535K(49664K), 0.0006980 secs] [Times: user=0.00 sys=0.01, real=0.00 secs] 
205.044: Total time for which application threads were stopped: 0.0007920 seconds, Stopping threads took: 0.0000360 seconds
205.100: Application time: 0.0556430 seconds
205.100: [GC [PSYoungGen: 15294K->1920K(15360K)] 24846K->11472K(49664K), 0.0007020 secs] [Times: user=0.00 sys=0.00, real=0.01 secs] 
205.101: Total time for which application threads were stopped: 0.0008090 seconds, Stopping threads took: 0.0000500 seconds
205.159: Application time: 0.0578080 seconds
205.159: [GC [PSYoungGen: 15229K->1968K(15360K)] 24781K->11520K(49664K), 0.0006660 secs] [Times: user=0.00 sys=0.00, real=0.00 secs] 
205.160: Total time for which application threads were stopped: 0.0007960 seconds, Stopping threads took: 0.0000700 seconds
205.216: Application time: 0.0563620 seconds
205.216: [GC [PSYoungGen: 15276K->1872K(15360K)] 24828K->11456K(49664K), 0.0006740 secs] [Times: user=0.00 sys=0.00, real=0.00 secs] 
205.217: Total time for which application threads were stopped: 0.0007950 seconds, Stopping threads took: 0.0000650 seconds
205.275: Application time: 0.0580500 seconds
205.275: [GC [PSYoungGen: 15181K->1904K(15360K)] 24765K->11488K(49664K), 0.0006770 secs] [Times: user=0.00 sys=0.00, real=0.00 secs] 
205.276: Total time for which application threads were stopped: 0.0007880 seconds, Stopping threads took: 0.0000540 seconds
205.335: Application time: 0.0590870 seconds
205.335: [GC [PSYoungGen: 15213K->1888K(15360K)] 24797K->11472K(49664K), 0.0006020 secs] [Times: user=0.00 sys=0.00, real=0.00 secs] 
205.335: Total time for which application threads were stopped: 0.0006940 seconds, Stopping threads took: 0.0000410 seconds
205.390: Application time: 0.0548910 seconds
205.390: [GC [PSYoungGen: 15196K->1664K(15360K)] 24780K->11500K(49664K), 0.0006630 secs] [Times: user=0.00 sys=0.00, real=0.00 secs] 
205.391: Total time for which application threads were stopped: 0.0007630 seconds, Stopping threads took: 0.0000430 seconds
205.450: Application time: 0.0589490 seconds
205.450: [GC [PSYoungGen: 14973K->1584K(15360K)] 24810K->11468K(49664K), 0.0006300 secs] [Times: user=0.00 sys=0.00, real=0.00 secs] 
205.451: Total time for which application threads were stopped: 0.0007550 seconds, Stopping threads took: 0.0000670 seconds
205.510: Application time: 0.0588340 seconds
205.510: [GC [PSYoungGen: 14893K->1584K(15360K)] 24778K->11524K(49664K), 0.0006170 secs] [Times: user=0.01 sys=0.00, real=0.00 secs] 
205.510: Total time for which application threads were stopped: 0.0007360 seconds, Stopping threads took: 0.0000500 seconds
205.569: Application time: 0.0588660 seconds
205.569: [GC [PSYoungGen: 14893K->1392K(15360K)] 24834K->11580K(49664K), 0.0005840 secs] [Times: user=0.00 sys=0.00, real=0.00 secs] 
205.570: Total time for which application threads were stopped: 0.0007080 seconds, Stopping threads took: 0.0000680 seconds
205.629: Application time: 0.0588420 seconds
205.629: [GC [PSYoungGen: 14701K->1344K(15360K)] 24890K->11580K(49664K), 0.0005660 secs] [Times: user=0.01 sys=0.00, real=0.00 secs] 
205.629: Total time for which application threads were stopped: 0.0006710 seconds, Stopping threads took: 0.0000480 seconds
205.689: Application time: 0.0600200 seconds
205.689: [GC [PSYoungGen: 14653K->1280K(15360K)] 24890K->11516K(49664K), 0.0005530 secs] [Times: user=0.00 sys=0.00, real=0.00 secs] 
205.690: Total time for which application threads were stopped: 0.0006710 seconds, Stopping threads took: 0.0000640 seconds
205.750: Application time: 0.0604050 seconds
205.751: [GC [PSYoungGen: 14589K->1152K(15360K)] 24826K->11601K(49664K), 0.0005610 secs] [Times: user=0.00 sys=0.00, real=0.00 secs] 
205.751: Total time for which application threads were stopped: 0.0006740 seconds, Stopping threads took: 0.0000570 seconds
205.812: Application time: 0.0604310 seconds
205.812: [GC [PSYoungGen: 14463K->1152K(15360K)] 24912K->11649K(49664K), 0.0005110 secs] [Times: user=0.00 sys=0.00, real=0.00 secs] 
205.812: Total time for which application threads were stopped: 0.0006390 seconds, Stopping threads took: 0.0000720 seconds
205.866: Application time: 0.0540200 seconds
205.866: [GC [PSYoungGen: 14461K->1120K(15360K)] 24959K->11849K(49664K), 0.0005420 secs] [Times: user=0.00 sys=0.00, real=0.00 secs] 
205.867: Total time for which application threads were stopped: 0.0006580 seconds, Stopping threads took: 0.0000590 seconds
205.912: Application time: 0.0455420 seconds
205.913: [GC [PSYoungGen: 14431K->1088K(15360K)] 25160K->11841K(49664K), 0.0004880 secs] [Times: user=0.01 sys=0.00, real=0.00 secs] 
205.913: Total time for which application threads were stopped: 0.0005920 seconds, Stopping threads took: 0.0000480 seconds
205.971: Application time: 0.0574850 seconds
205.971: [GC [PSYoungGen: 14396K->960K(15360K)] 25150K->11917K(49664K), 0.0005030 secs] [Times: user=0.01 sys=0.00, real=0.00 secs] 
205.971: Total time for which application threads were stopped: 0.0006050 seconds, Stopping threads took: 0.0000480 seconds
206.016: Application time: 0.0444660 seconds
206.016: [GC [PSYoungGen: 14269K->1120K(15360K)] 25226K->12077K(49664K), 0.0005400 secs] [Times: user=0.00 sys=0.00, real=0.00 secs] 
206.016: Total time for which application threads were stopped: 0.0006600 seconds, Stopping threads took: 0.0000510 seconds
206.070: Application time: 0.0539490 seconds
206.070: [GC [PSYoungGen: 14431K->928K(15360K)] 25389K->12109K(49664K), 0.0005090 secs] [Times: user=0.00 sys=0.00, real=0.00 secs] 
206.071: Total time for which application threads were stopped: 0.0006300 seconds, Stopping threads took: 0.0000660 seconds
206.128: Application time: 0.0576400 seconds
206.129: [GC [PSYoungGen: 14236K->960K(15360K)] 25418K->12141K(49664K), 0.0004600 secs] [Times: user=0.00 sys=0.00, real=0.00 secs] 
206.129: Total time for which application threads were stopped: 0.0005700 seconds, Stopping threads took: 0.0000500 seconds
206.183: Application time: 0.0537670 seconds
206.183: [GC [PSYoungGen: 14268K->1120K(15360K)] 25450K->12301K(49664K), 0.0004860 secs] [Times: user=0.00 sys=0.00, real=0.00 secs] 
206.183: Total time for which application threads were stopped: 0.0006090 seconds, Stopping threads took: 0.0000680 seconds
206.226: Application time: 0.0427200 seconds
206.226: [GC [PSYoungGen: 14429K->736K(15360K)] 25611K->12326K(49664K), 0.0005010 secs] [Times: user=0.01 sys=0.00, real=0.00 secs] 
206.227: Total time for which application threads were stopped: 0.0006160 seconds, Stopping threads took: 0.0000600 seconds
206.276: Application time: 0.0494120 seconds
206.276: [GC [PSYoungGen: 14046K->928K(15360K)] 25636K->12518K(49664K), 0.0004660 secs] [Times: user=0.00 sys=0.00, real=0.00 secs] 
206.277: Total time for which application threads were stopped: 0.0005850 seconds, Stopping threads took: 0.0000650 seconds
206.320: Application time: 0.0434090 seconds
206.320: [GC [PSYoungGen: 14236K->944K(15360K)] 25827K->12534K(49664K), 0.0005030 secs] [Times: user=0.01 sys=0.00, real=0.00 secs] 
206.321: Total time for which application threads were stopped: 0.0006270 seconds, Stopping threads took: 0.0000690 seconds
206.371: Application time: 0.0504650 seconds
206.371: [GC [PSYoungGen: 14251K->1152K(15360K)] 25842K->12743K(49664K), 0.0006010 secs] [Times: user=0.01 sys=0.00, real=0.00 secs] 
206.372: Total time for which application threads were stopped: 0.0007070 seconds, Stopping threads took: 0.0000510 seconds
206.415: Application time: 0.0432860 seconds
206.415: [GC [PSYoungGen: 14462K->1232K(15360K)] 26053K->12823K(49664K), 0.0005340 secs] [Times: user=0.01 sys=0.00, real=0.00 secs] 
206.416: Total time for which application threads were stopped: 0.0006360 seconds, Stopping threads took: 0.0000460 seconds
206.471: Application time: 0.0553510 seconds
206.471: [GC [PSYoungGen: 14543K->1264K(15360K)] 26134K->12855K(49664K), 0.0005980 secs] [Times: user=0.00 sys=0.00, real=0.00 secs] 
206.472: Total time for which application threads were stopped: 0.0007180 seconds, Stopping threads took: 0.0000640 seconds
206.518: Application time: 0.0457820 seconds
206.518: [GC [PSYoungGen: 14572K->1472K(15360K)] 26163K->13063K(49664K), 0.0006160 secs] [Times: user=0.00 sys=0.00, real=0.00 secs] 
206.519: Total time for which application threads were stopped: 0.0007560 seconds, Stopping threads took: 0.0000740 seconds
206.569: Application time: 0.0501650 seconds
206.569: [GC [PSYoungGen: 14781K->1472K(15360K)] 26372K->13063K(49664K), 0.0005560 secs] [Times: user=0.00 sys=0.00, real=0.00 secs] 
206.569: Total time for which application threads were stopped: 0.0006880 seconds, Stopping threads took: 0.0000750 seconds
206.624: Application time: 0.0543730 seconds
206.624: [GC [PSYoungGen: 14782K->1568K(15360K)] 26373K->13159K(49664K), 0.0006040 secs] [Times: user=0.00 sys=0.00, real=0.00 secs] 
206.624: Total time for which application threads were stopped: 0.0007100 seconds, Stopping threads took: 0.0000480 seconds
206.664: Application time: 0.0391500 seconds
206.664: [GC [PSYoungGen: 14879K->1904K(15360K)] 26470K->13495K(49664K), 0.0006770 secs] [Times: user=0.01 sys=0.00, real=0.00 secs] 
206.664: Total time for which application threads were stopped: 0.0007890 seconds, Stopping threads took: 0.0000520 seconds
206.702: Application time: 0.0377660 seconds
206.702: [GC [PSYoungGen: 15211K->1920K(15360K)] 26802K->13511K(49664K), 0.0007380 secs] [Times: user=0.00 sys=0.00, real=0.00 secs] 
206.703: Total time for which application threads were stopped: 0.0008380 seconds, Stopping threads took: 0.0000420 seconds
206.757: Application time: 0.0536450 seconds
206.757: [GC [PSYoungGen: 15231K->1920K(15360K)] 26822K->13511K(49664K), 0.0006860 secs] [Times: user=0.01 sys=0.00, real=0.00 secs] 
206.757: Total time for which application threads were stopped: 0.0008100 seconds, Stopping threads took: 0.0000650 seconds
206.812: Application time: 0.0548520 seconds
206.812: [GC [PSYoungGen: 15230K->1952K(15360K)] 26821K->13543K(49664K), 0.0007070 secs] [Times: user=0.00 sys=0.00, real=0.00 secs] 
206.813: Total time for which application threads were stopped: 0.0008360 seconds, Stopping threads took: 0.0000710 seconds
206.872: Application time: 0.0588580 seconds
206.872: [GC [PSYoungGen: 15261K->1888K(15360K)] 26852K->13479K(49664K), 0.0006720 secs] [Times: user=0.00 sys=0.01, real=0.00 secs] 
206.873: Total time for which application threads were stopped: 0.0007900 seconds, Stopping threads took: 0.0000620 seconds
206.930: Application time: 0.0569190 seconds
206.930: [GC [PSYoungGen: 15197K->1904K(15360K)] 26787K->13495K(49664K), 0.0006580 secs] [Times: user=0.01 sys=0.00, real=0.00 secs] 
206.931: Total time for which application threads were stopped: 0.0007720 seconds, Stopping threads took: 0.0000560 seconds
206.988: Application time: 0.0576970 seconds
206.988: [GC [PSYoungGen: 15215K->1936K(15360K)] 26806K->13575K(49664K), 0.0007680 secs] [Times: user=0.00 sys=0.00, real=0.00 secs] 
206.989: Total time for which application threads were stopped: 0.0009010 seconds, Stopping threads took: 0.0000760 seconds
207.048: Application time: 0.0585600 seconds
207.048: [GC [PSYoungGen: 15245K->1840K(15360K)] 26884K->13479K(49664K), 0.0006750 secs] [Times: user=0.00 sys=0.00, real=0.01 secs] 
207.048: Total time for which application threads were stopped: 0.0007980 seconds, Stopping threads took: 0.0000580 seconds
207.104: Application time: 0.0550930 seconds
207.104: [GC [PSYoungGen: 15148K->1648K(15360K)] 26787K->13551K(49664K), 0.0006250 secs] [Times: user=0.00 sys=0.00, real=0.00 secs] 
207.104: Total time for which application threads were stopped: 0.0007380 seconds, Stopping threads took: 0.0000530 seconds
207.163: Application time: 0.0586490 seconds
207.163: [GC [PSYoungGen: 14957K->1632K(15360K)] 26860K->13575K(49664K), 0.0006740 secs] [Times: user=0.00 sys=0.00, real=0.00 secs] 
207.164: Total time for which application threads were stopped: 0.0007890 seconds, Stopping threads took: 0.0000550 seconds
207.222: Application time: 0.0586070 seconds
207.222: [GC [PSYoungGen: 14941K->1584K(15360K)] 26884K->13575K(49664K), 0.0006180 secs] [Times: user=0.01 sys=0.00, real=0.00 secs] 
207.223: Total time for which application threads were stopped: 0.0007280 seconds, Stopping threads took: 0.0000530 seconds
207.282: Application time: 0.0590210 seconds
207.282: [GC [PSYoungGen: 14893K->1296K(15360K)] 26884K->13527K(49664K), 0.0006830 secs] [Times: user=0.00 sys=0.00, real=0.00 secs] 
207.284: Total time for which application threads were stopped: 0.0016840 seconds, Stopping threads took: 0.0000540 seconds
207.343: Application time: 0.0587590 seconds
207.343: [GC [PSYoungGen: 14605K->1344K(15360K)] 26837K->13623K(49664K), 0.0006020 secs] [Times: user=0.00 sys=0.00, real=0.00 secs] 
207.343: Total time for which application threads were stopped: 0.0007110 seconds, Stopping threads took: 0.0000570 seconds
207.404: Application time: 0.0607780 seconds
207.404: [GC [PSYoungGen: 14653K->1360K(15360K)] 26933K->13639K(49664K), 0.0006080 secs] [Times: user=0.00 sys=0.01, real=0.00 secs] 
207.405: Total time for which application threads were stopped: 0.0007180 seconds, Stopping threads took: 0.0000530 seconds
207.464: Application time: 0.0591800 seconds
207.468: [GC [PSYoungGen: 14669K->1168K(15360K)] 26949K->13660K(49664K), 0.0005870 secs] [Times: user=0.01 sys=0.00, real=0.00 secs] 
207.469: Total time for which application threads were stopped: 0.0049520 seconds, Stopping threads took: 0.0043100 seconds
207.528: Application time: 0.0591300 seconds
207.528: [GC [PSYoungGen: 14477K->1088K(15360K)] 26969K->13628K(49664K), 0.0005290 secs] [Times: user=0.00 sys=0.00, real=0.01 secs] 
207.529: Total time for which application threads were stopped: 0.0006480 seconds, Stopping threads took: 0.0000650 seconds
207.584: Application time: 0.0549430 seconds
207.584: [GC [PSYoungGen: 14399K->1088K(15360K)] 26939K->13840K(49664K), 0.0005370 secs] [Times: user=0.00 sys=0.00, real=0.00 secs] 
207.584: Total time for which application threads were stopped: 0.0006530 seconds, Stopping threads took: 0.0000450 seconds
207.628: Application time: 0.0433080 seconds
207.628: [GC [PSYoungGen: 14397K->1120K(15360K)] 27150K->13920K(49664K), 0.0005000 secs] [Times: user=0.00 sys=0.00, real=0.00 secs] 
207.628: Total time for which application threads were stopped: 0.0006080 seconds, Stopping threads took: 0.0000500 seconds
207.686: Application time: 0.0574990 seconds
207.686: [GC [PSYoungGen: 14428K->928K(15360K)] 27229K->14061K(49664K), 0.0005500 secs] [Times: user=0.00 sys=0.00, real=0.00 secs] 
207.686: Total time for which application threads were stopped: 0.0006600 seconds, Stopping threads took: 0.0000570 seconds
207.733: Application time: 0.0470250 seconds
207.733: [GC [PSYoungGen: 14235K->1120K(15360K)] 27369K->14253K(49664K), 0.0004940 secs] [Times: user=0.00 sys=0.00, real=0.00 secs] 
207.734: Total time for which application threads were stopped: 0.0006090 seconds, Stopping threads took: 0.0000610 seconds
207.785: Application time: 0.0512050 seconds
207.785: [GC [PSYoungGen: 14431K->1152K(15360K)] 27565K->14285K(49664K), 0.0005100 secs] [Times: user=0.00 sys=0.00, real=0.00 secs] 
207.786: Total time for which application threads were stopped: 0.0006410 seconds, Stopping threads took: 0.0000740 seconds
207.844: Application time: 0.0577250 seconds
207.844: [GC [PSYoungGen: 14460K->960K(15360K)] 27594K->14298K(49664K), 0.0005030 secs] [Times: user=0.01 sys=0.00, real=0.00 secs] 
207.844: Total time for which application threads were stopped: 0.0006220 seconds, Stopping threads took: 0.0000650 seconds
207.895: Application time: 0.0504920 seconds
207.895: [GC [PSYoungGen: 14270K->1152K(15360K)] 27608K->14490K(49664K), 0.0005120 secs] [Times: user=0.00 sys=0.00, real=0.00 secs] 
207.895: Total time for which application threads were stopped: 0.0006040 seconds, Stopping threads took: 0.0000370 seconds
207.943: Application time: 0.0481860 seconds
207.944: [GC [PSYoungGen: 14463K->768K(15360K)] 27801K->14518K(49664K), 0.0005600 secs] [Times: user=0.00 sys=0.00, real=0.00 secs] 
207.944: Total time for which application threads were stopped: 0.0006950 seconds, Stopping threads took: 0.0000790 seconds
207.992: Application time: 0.0477850 seconds
207.992: [GC [PSYoungGen: 14075K->912K(15360K)] 27826K->14662K(49664K), 0.0004640 secs] [Times: user=0.00 sys=0.00, real=0.00 secs] 
207.993: Total time for which application threads were stopped: 0.0005750 seconds, Stopping threads took: 0.0000540 seconds
208.038: Application time: 0.0453430 seconds
208.038: [GC [PSYoungGen: 14221K->928K(15360K)] 27972K->14678K(49664K), 0.0005460 secs] [Times: user=0.00 sys=0.00, real=0.00 secs] 
208.039: Total time for which application threads were stopped: 0.0006610 seconds, Stopping threads took: 0.0000600 seconds
208.090: Application time: 0.0513540 seconds
208.090: Total time for which application threads were stopped: 0.0000920 seconds, Stopping threads took: 0.0000590 seconds
208.090: Application time: 0.0000430 seconds
208.090: [GC [PSYoungGen: 14236K->1024K(15360K)] 28115K->14902K(49664K), 0.0005320 secs] [Times: user=0.00 sys=0.00, real=0.00 secs] 
208.091: Total time for which application threads were stopped: 0.0006170 seconds, Stopping threads took: 0.0000380 seconds
208.137: Application time: 0.0459750 seconds
208.137: [GC [PSYoungGen: 14335K->1152K(15360K)] 28498K->15315K(49664K), 0.0005770 secs] [Times: user=0.00 sys=0.00, real=0.00 secs] 
208.137: Total time for which application threads were stopped: 0.0006830 seconds, Stopping threads took: 0.0000490 seconds
208.192: Application time: 0.0545370 seconds
208.192: [GC [PSYoungGen: 14463K->1296K(15360K)] 28626K->15459K(49664K), 0.0005570 secs] [Times: user=0.00 sys=0.00, real=0.00 secs] 
208.193: Total time for which application threads were stopped: 0.0006600 seconds, Stopping threads took: 0.0000490 seconds
208.244: Application time: 0.0515640 seconds
208.244: [GC [PSYoungGen: 14606K->1536K(15360K)] 28769K->15699K(49664K), 0.0005840 secs] [Times: user=0.00 sys=0.01, real=0.00 secs] 
208.245: Total time for which application threads were stopped: 0.0007070 seconds, Stopping threads took: 0.0000580 seconds
208.290: Application time: 0.0453540 seconds
208.290: [GC [PSYoungGen: 14848K->1536K(15360K)] 29011K->15699K(49664K), 0.0006320 secs] [Times: user=0.00 sys=0.00, real=0.00 secs] 
208.291: Total time for which application threads were stopped: 0.0007460 seconds, Stopping threads took: 0.0000590 seconds
208.348: Application time: 0.0567540 seconds
208.348: [GC [PSYoungGen: 14844K->1472K(15360K)] 29007K->15635K(49664K), 0.0005580 secs] [Times: user=0.01 sys=0.00, real=0.01 secs] 
208.348: Total time for which application threads were stopped: 0.0006940 seconds, Stopping threads took: 0.0000750 seconds
208.388: Application time: 0.0398760 seconds
208.388: [GC [PSYoungGen: 14780K->1568K(15360K)] 28943K->15731K(49664K), 0.0006110 secs] [Times: user=0.01 sys=0.00, real=0.00 secs] 
208.389: Total time for which application threads were stopped: 0.0007310 seconds, Stopping threads took: 0.0000620 seconds
208.428: Application time: 0.0385230 seconds
208.428: [GC [PSYoungGen: 14879K->1872K(15360K)] 29042K->16035K(49664K), 0.0006680 secs] [Times: user=0.01 sys=0.00, real=0.01 secs] 
208.428: Total time for which application threads were stopped: 0.0007950 seconds, Stopping threads took: 0.0000680 seconds
208.480: Application time: 0.0514500 seconds
208.480: [GC [PSYoungGen: 15181K->1968K(15360K)] 29344K->16131K(49664K), 0.0006830 secs] [Times: user=0.01 sys=0.00, real=0.01 secs] 
208.481: Total time for which application threads were stopped: 0.0007860 seconds, Stopping threads took: 0.0000480 seconds
208.535: Application time: 0.0548940 seconds
208.536: [GC [PSYoungGen: 15276K->1936K(15360K)] 29439K->16099K(49664K), 0.0007160 secs] [Times: user=0.00 sys=0.00, real=0.00 secs] 
208.536: Total time for which application threads were stopped: 0.0008350 seconds, Stopping threads took: 0.0000590 seconds
208.594: Application time: 0.0578780 seconds
208.594: [GC [PSYoungGen: 15245K->1872K(15360K)] 29408K->16035K(49664K), 0.0007170 secs] [Times: user=0.00 sys=0.00, real=0.00 secs] 
208.595: Total time for which application threads were stopped: 0.0008450 seconds, Stopping threads took: 0.0000580 seconds
208.653: Application time: 0.0582890 seconds
208.653: [GC [PSYoungGen: 15183K->1904K(15360K)] 29346K->16107K(49664K), 0.0006760 secs] [Times: user=0.00 sys=0.00, real=0.00 secs] 
208.654: Total time for which application threads were stopped: 0.0007860 seconds, Stopping threads took: 0.0000530 seconds
208.710: Application time: 0.0561470 seconds
208.710: [GC [PSYoungGen: 15212K->1904K(15360K)] 29416K->16107K(49664K), 0.0006820 secs] [Times: user=0.01 sys=0.00, real=0.00 secs] 
208.711: Total time for which application threads were stopped: 0.0007850 seconds, Stopping threads took: 0.0000470 seconds
208.769: Application time: 0.0579900 seconds
208.769: [GC [PSYoungGen: 15213K->1840K(15360K)] 29416K->16043K(49664K), 0.0006780 secs] [Times: user=0.00 sys=0.00, real=0.00 secs] 
208.770: Total time for which application threads were stopped: 0.0008030 seconds, Stopping threads took: 0.0000650 seconds
208.825: Application time: 0.0556010 seconds
208.826: [GC [PSYoungGen: 15150K->1696K(15360K)] 29353K->16151K(49664K), 0.0006690 secs] [Times: user=0.00 sys=0.00, real=0.00 secs] 
208.826: Total time for which application threads were stopped: 0.0007990 seconds, Stopping threads took: 0.0000740 seconds
208.884: Application time: 0.0579310 seconds
208.884: [GC [PSYoungGen: 15007K->1600K(15360K)] 29463K->16111K(49664K), 0.0007030 secs] [Times: user=0.00 sys=0.00, real=0.00 secs] 
208.885: Total time for which application threads were stopped: 0.0008170 seconds, Stopping threads took: 0.0000560 seconds
208.943: Application time: 0.0584960 seconds
208.944: [GC [PSYoungGen: 14909K->1552K(15360K)] 29421K->16111K(49664K), 0.0006150 secs] [Times: user=0.00 sys=0.00, real=0.00 secs] 
208.944: Total time for which application threads were stopped: 0.0007250 seconds, Stopping threads took: 0.0000520 seconds
209.003: Application time: 0.0590470 seconds
209.003: [GC [PSYoungGen: 14861K->1376K(15360K)] 29421K->16175K(49664K), 0.0006320 secs] [Times: user=0.00 sys=0.00, real=0.00 secs] 
209.004: Total time for which application threads were stopped: 0.0007480 seconds, Stopping threads took: 0.0000620 seconds
209.063: Application time: 0.0593310 seconds
209.063: [GC [PSYoungGen: 14685K->1328K(15360K)] 29485K->16175K(49664K), 0.0005790 secs] [Times: user=0.01 sys=0.00, real=0.00 secs] 
209.064: Total time for which application threads were stopped: 0.0006930 seconds, Stopping threads took: 0.0000530 seconds
209.123: Application time: 0.0592890 seconds
209.123: [GC [PSYoungGen: 14637K->1328K(15360K)] 29485K->16175K(49664K), 0.0005600 secs] [Times: user=0.00 sys=0.00, real=0.00 secs] 
209.124: Total time for which application threads were stopped: 0.0006790 seconds, Stopping threads took: 0.0000600 seconds
209.183: Application time: 0.0591140 seconds
209.183: [GC [PSYoungGen: 14637K->1152K(15360K)] 29485K->16340K(49664K), 0.0005660 secs] [Times: user=0.00 sys=0.00, real=0.00 secs] 
209.184: Total time for which application threads were stopped: 0.0006830 seconds, Stopping threads took: 0.0000600 seconds
209.244: Application time: 0.0600190 seconds
209.248: [GC [PSYoungGen: 14461K->1120K(15360K)] 29649K->16348K(49664K), 0.0006890 secs] [Times: user=0.00 sys=0.00, real=0.00 secs] 
209.249: Total time for which application threads were stopped: 0.0052380 seconds, Stopping threads took: 0.0044930 seconds
209.307: Application time: 0.0577440 seconds
209.307: [GC [PSYoungGen: 14429K->1120K(15360K)] 29657K->16553K(49664K), 0.0005480 secs] [Times: user=0.01 sys=0.00, real=0.00 secs] 
209.307: Total time for which application threads were stopped: 0.0006670 seconds, Stopping threads took: 0.0000620 seconds
209.349: Application time: 0.0415030 seconds
209.349: [GC [PSYoungGen: 14429K->1088K(15360K)] 29862K->16569K(49664K), 0.0005560 secs] [Times: user=0.01 sys=0.00, real=0.00 secs] 
209.350: Total time for which application threads were stopped: 0.0006680 seconds, Stopping threads took: 0.0000550 seconds
209.408: Application time: 0.0584740 seconds
209.412: [GC [PSYoungGen: 14397K->896K(15360K)] 29878K->16589K(49664K), 0.0005190 secs] [Times: user=0.00 sys=0.00, real=0.00 secs] 
209.413: Total time for which application threads were stopped: 0.0047430 seconds, Stopping threads took: 0.0041680 seconds
209.464: Application time: 0.0512220 seconds
209.464: [GC [PSYoungGen: 14205K->1152K(15360K)] 29899K->16845K(49664K), 0.0005070 secs] [Times: user=0.00 sys=0.00, real=0.00 secs] 
209.465: Total time for which application threads were stopped: 0.0006010 seconds, Stopping threads took: 0.0000380 seconds
209.511: Application time: 0.0460170 seconds
209.511: [GC [PSYoungGen: 14463K->1152K(15360K)] 30156K->16845K(49664K), 0.0004910 secs] [Times: user=0.01 sys=0.00, real=0.00 secs] 
209.511: Total time for which application threads were stopped: 0.0006070 seconds, Stopping threads took: 0.0000590 seconds
209.569: Application time: 0.0572410 seconds
209.569: [GC [PSYoungGen: 14460K->928K(15360K)] 30154K->16826K(49664K), 0.0004970 secs] [Times: user=0.01 sys=0.00, real=0.00 secs] 
209.569: Total time for which application threads were stopped: 0.0006010 seconds, Stopping threads took: 0.0000480 seconds
209.612: Application time: 0.0431500 seconds
209.612: [GC [PSYoungGen: 14238K->1216K(15360K)] 30136K->17114K(49664K), 0.0005360 secs] [Times: user=0.00 sys=0.00, real=0.00 secs] 
209.613: Total time for which application threads were stopped: 0.0006510 seconds, Stopping threads took: 0.0000570 seconds
209.666: Application time: 0.0531900 seconds
209.666: [GC [PSYoungGen: 14524K->896K(15360K)] 30422K->17018K(49664K), 0.0005620 secs] [Times: user=0.01 sys=0.00, real=0.00 secs] 
209.667: Total time for which application threads were stopped: 0.0006850 seconds, Stopping threads took: 0.0000600 seconds
209.711: Application time: 0.0442030 seconds
209.711: [GC [PSYoungGen: 14204K->976K(15360K)] 30327K->17302K(49664K), 0.0005120 secs] [Times: user=0.00 sys=0.00, real=0.00 secs] 
209.712: Total time for which application threads were stopped: 0.0006230 seconds, Stopping threads took: 0.0000450 seconds
209.760: Application time: 0.0487820 seconds
209.761: [GC [PSYoungGen: 14288K->1120K(15360K)] 30614K->17446K(49664K), 0.0005110 secs] [Times: user=0.00 sys=0.00, real=0.00 secs] 
209.761: Total time for which application threads were stopped: 0.0006350 seconds, Stopping threads took: 0.0000650 seconds
209.814: Application time: 0.0533280 seconds
209.815: [GC [PSYoungGen: 14431K->1184K(15360K)] 30758K->17510K(49664K), 0.0005250 secs] [Times: user=0.00 sys=0.00, real=0.00 secs] 
209.815: Total time for which application threads were stopped: 0.0006260 seconds, Stopping threads took: 0.0000460 seconds
209.858: Application time: 0.0425660 seconds
209.858: [GC [PSYoungGen: 14495K->1216K(15360K)] 30822K->17542K(49664K), 0.0004760 secs] [Times: user=0.00 sys=0.00, real=0.00 secs] 
209.858: Total time for which application threads were stopped: 0.0005680 seconds, Stopping threads took: 0.0000430 seconds
209.914: Application time: 0.0558150 seconds
209.914: [GC [PSYoungGen: 14525K->1280K(15360K)] 30851K->17606K(49664K), 0.0005700 secs] [Times: user=0.01 sys=0.00, real=0.00 secs] 
209.915: Total time for which application threads were stopped: 0.0006780 seconds, Stopping threads took: 0.0000520 seconds
209.970: Application time: 0.0548220 seconds
209.970: [GC [PSYoungGen: 14590K->1488K(15360K)] 30917K->17814K(49664K), 0.0005660 secs] [Times: user=0.01 sys=0.00, real=0.00 secs] 
209.970: Total time for which application threads were stopped: 0.0006660 seconds, Stopping threads took: 0.0000460 seconds
210.010: Application time: 0.0401400 seconds
210.010: [GC [PSYoungGen: 14795K->1536K(15360K)] 31122K->17862K(49664K), 0.0006110 secs] [Times: user=0.00 sys=0.00, real=0.00 secs] 
210.011: Total time for which application threads were stopped: 0.0007250 seconds, Stopping threads took: 0.0000580 seconds
210.067: Application time: 0.0559740 seconds
210.067: [GC [PSYoungGen: 14845K->1440K(15360K)] 31171K->17766K(49664K), 0.0005940 secs] [Times: user=0.01 sys=0.00, real=0.00 secs] 
210.068: Total time for which application threads were stopped: 0.0007050 seconds, Stopping threads took: 0.0000540 seconds
210.112: Application time: 0.0441360 seconds
210.112: [GC [PSYoungGen: 14748K->1936K(15360K)] 31074K->18262K(49664K), 0.0006540 secs] [Times: user=0.01 sys=0.00, real=0.00 secs] 
210.113: Total time for which application threads were stopped: 0.0007760 seconds, Stopping threads took: 0.0000670 seconds
210.147: Application time: 0.0344310 seconds
210.147: [GC [PSYoungGen: 15247K->1856K(15360K)] 31574K->18182K(49664K), 0.0007090 secs] [Times: user=0.01 sys=0.00, real=0.00 secs] 
210.148: Total time for which application threads were stopped: 0.0008130 seconds, Stopping threads took: 0.0000490 seconds
210.199: Application time: 0.0508960 seconds
210.199: [GC [PSYoungGen: 15164K->1936K(15360K)] 31491K->18262K(49664K), 0.0006810 secs] [Times: user=0.01 sys=0.00, real=0.00 secs] 
210.200: Total time for which application threads were stopped: 0.0008080 seconds, Stopping threads took: 0.0000570 seconds
210.254: Application time: 0.0547470 seconds
210.254: [GC [PSYoungGen: 15246K->1888K(15360K)] 31573K->18214K(49664K), 0.0006870 secs] [Times: user=0.00 sys=0.00, real=0.00 secs] 
210.255: Total time for which application threads were stopped: 0.0007950 seconds, Stopping threads took: 0.0000490 seconds
210.313: Application time: 0.0576400 seconds
210.313: [GC [PSYoungGen: 15197K->1984K(15360K)] 31524K->18310K(49664K), 0.0007470 secs] [Times: user=0.00 sys=0.00, real=0.00 secs] 
210.314: Total time for which application threads were stopped: 0.0008650 seconds, Stopping threads took: 0.0000610 seconds
210.372: Application time: 0.0580700 seconds
210.372: [GC [PSYoungGen: 15293K->1824K(15360K)] 31620K->18206K(49664K), 0.0007030 secs] [Times: user=0.00 sys=0.00, real=0.00 secs] 
210.373: Total time for which application threads were stopped: 0.0008110 seconds, Stopping threads took: 0.0000510 seconds
210.429: Application time: 0.0561320 seconds
210.429: [GC [PSYoungGen: 15132K->1856K(15360K)] 31515K->18238K(49664K), 0.0006850 secs] [Times: user=0.00 sys=0.00, real=0.00 secs] 
210.429: Total time for which application threads were stopped: 0.0008060 seconds, Stopping threads took: 0.0000620 seconds
210.488: Application time: 0.0584200 seconds
210.488: [GC [PSYoungGen: 15165K->1808K(15360K)] 31548K->18190K(49664K), 0.0006960 secs] [Times: user=0.01 sys=0.00, real=0.01 secs] 
210.489: Total time for which application threads were stopped: 0.0008170 seconds, Stopping threads took: 0.0000630 seconds
210.544: Application time: 0.0555330 seconds
210.544: [GC [PSYoungGen: 15118K->1664K(15360K)] 31500K->18307K(49664K), 0.0006630 secs] [Times: user=0.01 sys=0.00, real=0.00 secs] 
210.545: Total time for which application threads were stopped: 0.0007840 seconds, Stopping threads took: 0.0000620 seconds
210.603: Application time: 0.0574860 seconds
210.603: [GC [PSYoungGen: 14972K->1648K(15360K)] 31615K->18355K(49664K), 0.0007000 secs] [Times: user=0.00 sys=0.00, real=0.00 secs] 
210.603: Total time for which application threads were stopped: 0.0008230 seconds, Stopping threads took: 0.0000650 seconds
210.662: Application time: 0.0588740 seconds
210.662: [GC [PSYoungGen: 14957K->1632K(15360K)] 31664K->18387K(49664K), 0.0006310 secs] [Times: user=0.00 sys=0.00, real=0.00 secs] 
210.663: Total time for which application threads were stopped: 0.0007600 seconds, Stopping threads took: 0.0000710 seconds
210.722: Application time: 0.0591540 seconds
210.722: [GC [PSYoungGen: 14941K->1280K(15360K)] 31696K->18287K(49664K), 0.0006140 secs] [Times: user=0.01 sys=0.00, real=0.00 secs] 
210.723: Total time for which application threads were stopped: 0.0007410 seconds, Stopping threads took: 0.0000600 seconds
210.782: Application time: 0.0588910 seconds
210.782: [GC [PSYoungGen: 14589K->1344K(15360K)] 31597K->18351K(49664K), 0.0006140 secs] [Times: user=0.00 sys=0.00, real=0.00 secs] 
210.783: Total time for which application threads were stopped: 0.0007300 seconds, Stopping threads took: 0.0000610 seconds
210.842: Application time: 0.0593710 seconds
210.842: [GC [PSYoungGen: 14653K->1104K(15360K)] 31661K->18348K(49664K), 0.0006020 secs] [Times: user=0.00 sys=0.00, real=0.00 secs] 
210.843: Total time for which application threads were stopped: 0.0007060 seconds, Stopping threads took: 0.0000490 seconds
210.902: Application time: 0.0590330 seconds
210.902: [GC [PSYoungGen: 14413K->1120K(15360K)] 31658K->18364K(49664K), 0.0005290 secs] [Times: user=0.00 sys=0.00, real=0.00 secs] 
210.902: Total time for which application threads were stopped: 0.0006400 seconds, Stopping threads took: 0.0000530 seconds
210.962: Application time: 0.0596030 seconds
210.962: [GC [PSYoungGen: 14429K->1088K(15360K)] 31674K->18380K(49664K), 0.0005270 secs] [Times: user=0.00 sys=0.00, real=0.00 secs] 
210.963: Total time for which application threads were stopped: 0.0006380 seconds, Stopping threads took: 0.0000520 seconds
211.022: Application time: 0.0591900 seconds
211.022: [GC [PSYoungGen: 14398K->944K(15360K)] 31691K->18444K(49664K), 0.0005320 secs] [Times: user=0.01 sys=0.00, real=0.00 secs] 
211.022: Total time for which application threads were stopped: 0.0006290 seconds, Stopping threads took: 0.0000410 seconds
211.064: Application time: 0.0413490 seconds
211.064: [GC [PSYoungGen: 14254K->1088K(15360K)] 31755K->18628K(49664K), 0.0005640 secs] [Times: user=0.00 sys=0.00, real=0.00 secs] 
211.064: Total time for which application threads were stopped: 0.0006720 seconds, Stopping threads took: 0.0000520 seconds
211.121: Application time: 0.0564530 seconds
211.121: [GC [PSYoungGen: 14397K->928K(15360K)] 31937K->18684K(49664K), 0.0005090 secs] [Times: user=0.00 sys=0.00, real=0.00 secs] 
211.121: Total time for which application threads were stopped: 0.0006130 seconds, Stopping threads took: 0.0000490 seconds
211.171: Application time: 0.0500310 seconds
211.172: [GC [PSYoungGen: 14238K->1088K(15360K)] 31994K->18844K(49664K), 0.0005600 secs] [Times: user=0.00 sys=0.00, real=0.00 secs] 
211.172: Total time for which application threads were stopped: 0.0006630 seconds, Stopping threads took: 0.0000360 seconds
211.219: Application time: 0.0464080 seconds
211.219: [GC [PSYoungGen: 14397K->1152K(15360K)] 32153K->18908K(49664K), 0.0005230 secs] [Times: user=0.00 sys=0.00, real=0.00 secs] 
211.219: Total time for which application threads were stopped: 0.0006320 seconds, Stopping threads took: 0.0000520 seconds
211.274: Application time: 0.0548800 seconds
211.274: [GC [PSYoungGen: 14460K->1088K(15360K)] 32216K->19057K(49664K), 0.0005880 secs] [Times: user=0.00 sys=0.00, real=0.00 secs] 
211.275: Total time for which application threads were stopped: 0.0006950 seconds, Stopping threads took: 0.0000440 seconds
211.317: Application time: 0.0420710 seconds
211.317: [GC [PSYoungGen: 14398K->1184K(15360K)] 32367K->19153K(49664K), 0.0005390 secs] [Times: user=0.01 sys=0.00, real=0.00 secs] 
211.317: Total time for which application threads were stopped: 0.0006570 seconds, Stopping threads took: 0.0000630 seconds
211.376: Application time: 0.0588670 seconds
211.376: [GC [PSYoungGen: 14466K->800K(15360K)] 32435K->18985K(49664K), 0.0004670 secs] [Times: user=0.01 sys=0.00, real=0.00 secs] 
211.377: Total time for which application threads were stopped: 0.0005760 seconds, Stopping threads took: 0.0000580 seconds
211.427: Application time: 0.0498140 seconds
211.427: [GC [PSYoungGen: 14112K->992K(15360K)] 32297K->19381K(49664K), 0.0005140 secs] [Times: user=0.00 sys=0.00, real=0.00 secs] 
211.427: Total time for which application threads were stopped: 0.0006150 seconds, Stopping threads took: 0.0000460 seconds
211.473: Application time: 0.0451770 seconds
211.473: [GC [PSYoungGen: 14303K->1024K(15360K)] 32693K->19413K(49664K), 0.0004650 secs] [Times: user=0.01 sys=0.00, real=0.00 secs] 
211.473: Total time for which application threads were stopped: 0.0005630 seconds, Stopping threads took: 0.0000430 seconds
211.529: Application time: 0.0555350 seconds
211.529: [GC [PSYoungGen: 14334K->1008K(15360K)] 32724K->19397K(49664K), 0.0004870 secs] [Times: user=0.00 sys=0.00, real=0.00 secs] 
211.529: Total time for which application threads were stopped: 0.0005890 seconds, Stopping threads took: 0.0000480 seconds
211.571: Application time: 0.0419750 seconds
211.571: [GC [PSYoungGen: 14317K->1184K(15360K)] 32707K->19573K(49664K), 0.0005630 secs] [Times: user=0.00 sys=0.00, real=0.00 secs] 
211.572: Total time for which application threads were stopped: 0.0006750 seconds, Stopping threads took: 0.0000570 seconds
211.624: Application time: 0.0519270 seconds
211.624: [GC [PSYoungGen: 14495K->1232K(15360K)] 32885K->19621K(49664K), 0.0005810 secs] [Times: user=0.00 sys=0.00, real=0.00 secs] 
211.625: Total time for which application threads were stopped: 0.0006970 seconds, Stopping threads took: 0.0000610 seconds
211.681: Application time: 0.0565000 seconds
211.681: [GC [PSYoungGen: 14543K->1280K(15360K)] 32933K->19669K(49664K), 0.0006400 secs] [Times: user=0.00 sys=0.00, real=0.00 secs] 
211.682: Total time for which application threads were stopped: 0.0007430 seconds, Stopping threads took: 0.0000460 seconds
211.722: Application time: 0.0403970 seconds
211.722: [GC [PSYoungGen: 14589K->1488K(15360K)] 32979K->19877K(49664K), 0.0006100 secs] [Times: user=0.00 sys=0.00, real=0.00 secs] 
211.723: Total time for which application threads were stopped: 0.0007320 seconds, Stopping threads took: 0.0000670 seconds
211.777: Application time: 0.0537990 seconds
211.777: [GC [PSYoungGen: 14799K->1536K(15360K)] 33189K->19925K(49664K), 0.0006070 secs] [Times: user=0.01 sys=0.00, real=0.00 secs] 
211.777: Total time for which application threads were stopped: 0.0007370 seconds, Stopping threads took: 0.0000680 seconds
211.825: Application time: 0.0480730 seconds
211.826: [GC [PSYoungGen: 14844K->1888K(15360K)] 33234K->20277K(49664K), 0.0006820 secs] [Times: user=0.01 sys=0.00, real=0.00 secs] 
211.826: Total time for which application threads were stopped: 0.0007940 seconds, Stopping threads took: 0.0000520 seconds
211.858: Application time: 0.0315250 seconds
211.858: [GC [PSYoungGen: 15196K->1920K(15360K)] 33586K->20309K(49664K), 0.0007570 secs] [Times: user=0.00 sys=0.00, real=0.00 secs] 
211.859: Total time for which application threads were stopped: 0.0008640 seconds, Stopping threads took: 0.0000500 seconds
211.911: Application time: 0.0519650 seconds
211.911: [GC [PSYoungGen: 15229K->1920K(15360K)] 33619K->20309K(49664K), 0.0006810 secs] [Times: user=0.00 sys=0.00, real=0.00 secs] 
211.911: Total time for which application threads were stopped: 0.0008070 seconds, Stopping threads took: 0.0000700 seconds
211.965: Application time: 0.0539110 seconds
211.965: [GC [PSYoungGen: 15231K->1872K(15360K)] 33621K->20261K(49664K), 0.0006900 secs] [Times: user=0.01 sys=0.00, real=0.00 secs] 
211.966: Total time for which application threads were stopped: 0.0008050 seconds, Stopping threads took: 0.0000580 seconds
212.024: Application time: 0.0577460 seconds
212.024: [GC [PSYoungGen: 15181K->1856K(15360K)] 33571K->20245K(49664K), 0.0007970 secs] [Times: user=0.00 sys=0.00, real=0.00 secs] 
212.025: Total time for which application threads were stopped: 0.0009150 seconds, Stopping threads took: 0.0000600 seconds
212.083: Application time: 0.0579640 seconds
212.083: [GC [PSYoungGen: 15165K->1920K(15360K)] 33555K->20357K(49664K), 0.0006910 secs] [Times: user=0.00 sys=0.00, real=0.00 secs] 
212.084: Total time for which application threads were stopped: 0.0007990 seconds, Stopping threads took: 0.0000530 seconds
212.140: Application time: 0.0562730 seconds
212.140: [GC [PSYoungGen: 15228K->1840K(15360K)] 33666K->20277K(49664K), 0.0007140 secs] [Times: user=0.00 sys=0.00, real=0.01 secs] 
212.141: Total time for which application threads were stopped: 0.0008170 seconds, Stopping threads took: 0.0000450 seconds
212.199: Application time: 0.0579480 seconds
212.199: [GC [PSYoungGen: 15149K->1888K(15360K)] 33587K->20325K(49664K), 0.0006850 secs] [Times: user=0.00 sys=0.00, real=0.00 secs] 
212.199: Total time for which application threads were stopped: 0.0007830 seconds, Stopping threads took: 0.0000400 seconds
212.255: Application time: 0.0556130 seconds
212.256: [GC [PSYoungGen: 15198K->1872K(15360K)] 33636K->20365K(49664K), 0.0007200 secs] [Times: user=0.00 sys=0.00, real=0.00 secs] 
212.257: Total time for which application threads were stopped: 0.0020400 seconds, Stopping threads took: 0.0012580 seconds
212.315: Application time: 0.0577900 seconds
212.315: [GC [PSYoungGen: 15180K->1632K(15360K)] 33674K->20354K(49664K), 0.0007620 secs] [Times: user=0.00 sys=0.00, real=0.00 secs] 
212.316: Total time for which application threads were stopped: 0.0008890 seconds, Stopping threads took: 0.0000630 seconds
212.375: Application time: 0.0587320 seconds
212.375: [GC [PSYoungGen: 14941K->1712K(15360K)] 33663K->20434K(49664K), 0.0006270 secs] [Times: user=0.00 sys=0.00, real=0.00 secs] 
212.375: Total time for which application threads were stopped: 0.0007280 seconds, Stopping threads took: 0.0000430 seconds
212.434: Application time: 0.0588340 seconds
212.434: [GC [PSYoungGen: 15021K->1408K(15360K)] 33743K->20394K(49664K), 0.0006460 secs] [Times: user=0.01 sys=0.00, real=0.00 secs] 
212.435: Total time for which application threads were stopped: 0.0007700 seconds, Stopping threads took: 0.0000690 seconds
212.493: Application time: 0.0585790 seconds
212.494: [GC [PSYoungGen: 14717K->1376K(15360K)] 33704K->20362K(49664K), 0.0006220 secs] [Times: user=0.00 sys=0.00, real=0.00 secs] 
212.494: Total time for which application threads were stopped: 0.0007440 seconds, Stopping threads took: 0.0000660 seconds
212.554: Application time: 0.0593940 seconds
212.554: [GC [PSYoungGen: 14685K->1152K(15360K)] 33672K->20382K(49664K), 0.0006390 secs] [Times: user=0.00 sys=0.00, real=0.00 secs] 
212.554: Total time for which application threads were stopped: 0.0007430 seconds, Stopping threads took: 0.0000520 seconds
212.614: Application time: 0.0596330 seconds
212.614: [GC [PSYoungGen: 14461K->1120K(15360K)] 33692K->20350K(49664K), 0.0005570 secs] [Times: user=0.00 sys=0.00, real=0.00 secs] 
212.615: Total time for which application threads were stopped: 0.0006820 seconds, Stopping threads took: 0.0000580 seconds
212.674: Application time: 0.0590370 seconds
212.674: [GC [PSYoungGen: 14429K->1152K(15360K)] 33660K->20430K(49664K), 0.0005170 secs] [Times: user=0.00 sys=0.00, real=0.00 secs] 
212.674: Total time for which application threads were stopped: 0.0006320 seconds, Stopping threads took: 0.0000600 seconds
212.734: Application time: 0.0593240 seconds
212.734: [GC [PSYoungGen: 14461K->896K(15360K)] 33740K->20379K(49664K), 0.0005340 secs] [Times: user=0.01 sys=0.00, real=0.00 secs] 
212.734: Total time for which application threads were stopped: 0.0006590 seconds, Stopping threads took: 0.0000660 seconds
212.778: Application time: 0.0433970 seconds
212.778: [GC [PSYoungGen: 14205K->1120K(15360K)] 33688K->20643K(49664K), 0.0005120 secs] [Times: user=0.01 sys=0.00, real=0.00 secs] 
212.778: Total time for which application threads were stopped: 0.0006180 seconds, Stopping threads took: 0.0000510 seconds
212.832: Application time: 0.0541830 seconds
212.833: [GC [PSYoungGen: 14431K->928K(15360K)] 33954K->20675K(49664K), 0.0005360 secs] [Times: user=0.01 sys=0.00, real=0.00 secs] 
212.833: Total time for which application threads were stopped: 0.0006630 seconds, Stopping threads took: 0.0000620 seconds
212.887: Application time: 0.0539800 seconds
212.887: [GC [PSYoungGen: 14239K->1056K(15360K)] 33986K->20803K(49664K), 0.0005250 secs] [Times: user=0.00 sys=0.00, real=0.00 secs] 
212.888: Total time for which application threads were stopped: 0.0006400 seconds, Stopping threads took: 0.0000610 seconds
212.931: Application time: 0.0435230 seconds
212.931: [GC [PSYoungGen: 14365K->1152K(15360K)] 34112K->20899K(49664K), 0.0005020 secs] [Times: user=0.00 sys=0.00, real=0.00 secs] 
212.932: Total time for which application threads were stopped: 0.0006180 seconds, Stopping threads took: 0.0000610 seconds
212.983: Application time: 0.0515280 seconds
212.984: [GC [PSYoungGen: 14462K->1152K(15360K)] 34209K->21107K(49664K), 0.0006440 secs] [Times: user=0.00 sys=0.00, real=0.00 secs] 
212.984: Total time for which application threads were stopped: 0.0007450 seconds, Stopping threads took: 0.0000480 seconds
213.028: Application time: 0.0442900 seconds
213.029: [GC [PSYoungGen: 14463K->1136K(15360K)] 34418K->21091K(49664K), 0.0005360 secs] [Times: user=0.01 sys=0.00, real=0.00 secs] 
213.029: Total time for which application threads were stopped: 0.0006380 seconds, Stopping threads took: 0.0000480 seconds
213.086: Application time: 0.0568420 seconds
213.086: [GC [PSYoungGen: 14444K->992K(15360K)] 34400K->21175K(49664K), 0.0005730 secs] [Times: user=0.00 sys=0.00, real=0.00 secs] 
213.087: Total time for which application threads were stopped: 0.0006800 seconds, Stopping threads took: 0.0000500 seconds
213.142: Application time: 0.0553930 seconds
213.142: [GC [PSYoungGen: 14301K->896K(15360K)] 34485K->21292K(49664K), 0.0005160 secs] [Times: user=0.00 sys=0.00, real=0.00 secs] 
213.143: Total time for which application threads were stopped: 0.0006310 seconds, Stopping threads took: 0.0000610 seconds
213.183: Application time: 0.0400040 seconds
213.183: [GC [PSYoungGen: 14177K->960K(15360K)] 34574K->21356K(49664K), 0.0005200 secs] [Times: user=0.00 sys=0.00, real=0.00 secs] 
213.183: Total time for which application threads were stopped: 0.0006390 seconds, Stopping threads took: 0.0000640 seconds
213.239: Application time: 0.0554390 seconds
213.239: [GC [PSYoungGen: 14270K->1184K(15360K)] 34667K->21580K(49664K), 0.0005250 secs] [Times: user=0.00 sys=0.00, real=0.00 secs] 
213.239: Total time for which application threads were stopped: 0.0006300 seconds, Stopping threads took: 0.0000480 seconds
213.280: Application time: 0.0407830 seconds
213.280: [GC [PSYoungGen: 14492K->1248K(15360K)] 34888K->21644K(49664K), 0.0005720 secs] [Times: user=0.01 sys=0.00, real=0.00 secs] 
213.281: Total time for which application threads were stopped: 0.0006690 seconds, Stopping threads took: 0.0000380 seconds
213.334: Application time: 0.0534930 seconds
213.334: [GC [PSYoungGen: 14557K->1248K(15360K)] 34953K->21644K(49664K), 0.0005850 secs] [Times: user=0.01 sys=0.00, real=0.00 secs] 
213.335: Total time for which application threads were stopped: 0.0007010 seconds, Stopping threads took: 0.0000540 seconds
213.391: Application time: 0.0562210 seconds
213.391: [GC [PSYoungGen: 14557K->1488K(15360K)] 34953K->21884K(49664K), 0.0005990 secs] [Times: user=0.01 sys=0.00, real=0.00 secs] 
213.392: Total time for which application threads were stopped: 0.0007050 seconds, Stopping threads took: 0.0000510 seconds
213.432: Application time: 0.0402100 seconds
213.432: [GC [PSYoungGen: 14795K->1472K(15360K)] 35191K->21868K(49664K), 0.0005940 secs] [Times: user=0.00 sys=0.00, real=0.00 secs] 
213.433: Total time for which application threads were stopped: 0.0007060 seconds, Stopping threads took: 0.0000540 seconds
213.488: Application time: 0.0548500 seconds
213.488: [GC [PSYoungGen: 14781K->1504K(15360K)] 35177K->21900K(49664K), 0.0006230 secs] [Times: user=0.01 sys=0.00, real=0.01 secs] 
213.488: Total time for which application threads were stopped: 0.0007360 seconds, Stopping threads took: 0.0000570 seconds
213.539: Application time: 0.0506870 seconds
213.539: [GC [PSYoungGen: 14814K->1920K(15360K)] 35210K->22316K(49664K), 0.0007080 secs] [Times: user=0.00 sys=0.00, real=0.00 secs] 
213.540: Total time for which application threads were stopped: 0.0008200 seconds, Stopping threads took: 0.0000560 seconds
213.571: Application time: 0.0313330 seconds
213.571: [GC [PSYoungGen: 15229K->1856K(15360K)] 35626K->22252K(49664K), 0.0007310 secs] [Times: user=0.00 sys=0.00, real=0.00 secs] 
213.572: Total time for which application threads were stopped: 0.0008350 seconds, Stopping threads took: 0.0000500 seconds
213.621: Application time: 0.0487900 seconds
213.621: [GC [PSYoungGen: 15168K->1888K(15360K)] 35564K->22284K(49664K), 0.0006920 secs] [Times: user=0.00 sys=0.00, real=0.00 secs] 
213.622: Total time for which application threads were stopped: 0.0008030 seconds, Stopping threads took: 0.0000530 seconds
213.675: Application time: 0.0536820 seconds
213.676: [GC [PSYoungGen: 15198K->1872K(15360K)] 35594K->22268K(49664K), 0.0006880 secs] [Times: user=0.00 sys=0.00, real=0.00 secs] 
213.676: Total time for which application threads were stopped: 0.0008080 seconds, Stopping threads took: 0.0000540 seconds
213.734: Application time: 0.0576530 seconds
213.734: [GC [PSYoungGen: 15181K->1904K(15360K)] 35577K->22348K(49664K), 0.0007150 secs] [Times: user=0.01 sys=0.00, real=0.00 secs] 
213.735: Total time for which application threads were stopped: 0.0008270 seconds, Stopping threads took: 0.0000570 seconds
213.793: Application time: 0.0578550 seconds
213.793: [GC [PSYoungGen: 15213K->1872K(15360K)] 35658K->22316K(49664K), 0.0006640 secs] [Times: user=0.00 sys=0.00, real=0.00 secs] 
213.793: Total time for which application threads were stopped: 0.0007890 seconds, Stopping threads took: 0.0000690 seconds
213.850: Application time: 0.0562040 seconds
213.850: [GC [PSYoungGen: 15180K->1904K(15360K)] 35625K->22348K(49664K), 0.0007490 secs] [Times: user=0.00 sys=0.00, real=0.00 secs] 
213.850: Total time for which application threads were stopped: 0.0008820 seconds, Stopping threads took: 0.0000670 seconds
213.909: Application time: 0.0585410 seconds
213.909: [GC [PSYoungGen: 15213K->1792K(15360K)] 35657K->22236K(49664K), 0.0007060 secs] [Times: user=0.00 sys=0.00, real=0.00 secs] 
213.910: Total time for which application threads were stopped: 0.0008330 seconds, Stopping threads took: 0.0000700 seconds
213.966: Application time: 0.0564090 seconds
213.966: [GC [PSYoungGen: 15100K->1776K(15360K)] 35545K->22356K(49664K), 0.0006780 secs] [Times: user=0.01 sys=0.00, real=0.00 secs] 
213.967: Total time for which application threads were stopped: 0.0007970 seconds, Stopping threads took: 0.0000630 seconds
214.024: Application time: 0.0567070 seconds
214.024: [GC [PSYoungGen: 15084K->1712K(15360K)] 35665K->22428K(49664K), 0.0006730 secs] [Times: user=0.00 sys=0.00, real=0.00 secs] 
214.025: Total time for which application threads were stopped: 0.0007870 seconds, Stopping threads took: 0.0000550 seconds
214.083: Application time: 0.0589030 seconds
214.084: [GC [PSYoungGen: 15021K->1616K(15360K)] 35738K->22372K(49664K), 0.0006750 secs] [Times: user=0.00 sys=0.00, real=0.00 secs] 
214.084: Total time for which application threads were stopped: 0.0007970 seconds, Stopping threads took: 0.0000620 seconds
214.144: Application time: 0.0593000 seconds
214.144: [GC [PSYoungGen: 14925K->1360K(15360K)] 35682K->22393K(49664K), 0.0006610 secs] [Times: user=0.01 sys=0.00, real=0.00 secs] 
214.144: Total time for which application threads were stopped: 0.0007850 seconds, Stopping threads took: 0.0000670 seconds
214.203: Application time: 0.0589200 seconds
214.203: [GC [PSYoungGen: 14669K->1344K(15360K)] 35702K->22377K(49664K), 0.0006020 secs] [Times: user=0.00 sys=0.00, real=0.00 secs] 
214.204: Total time for which application threads were stopped: 0.0007110 seconds, Stopping threads took: 0.0000530 seconds
214.263: Application time: 0.0591440 seconds
214.263: [GC [PSYoungGen: 14653K->1120K(15360K)] 35686K->22417K(49664K), 0.0005860 secs] [Times: user=0.01 sys=0.00, real=0.00 secs] 
214.264: Total time for which application threads were stopped: 0.0007000 seconds, Stopping threads took: 0.0000560 seconds
214.324: Application time: 0.0598540 seconds
214.324: [GC [PSYoungGen: 14429K->1152K(15360K)] 35726K->22449K(49664K), 0.0005230 secs] [Times: user=0.00 sys=0.00, real=0.00 secs] 
214.324: Total time for which application threads were stopped: 0.0006260 seconds, Stopping threads took: 0.0000490 seconds
214.385: Application time: 0.0608010 seconds
214.387: [GC [PSYoungGen: 14461K->1088K(15360K)] 35758K->22425K(49664K), 0.0005250 secs] [Times: user=0.00 sys=0.00, real=0.00 secs] 
214.388: Total time for which application threads were stopped: 0.0024020 seconds, Stopping threads took: 0.0018090 seconds
214.447: Application time: 0.0593680 seconds
214.447: [GC [PSYoungGen: 14397K->1136K(15360K)] 35734K->22473K(49664K), 0.0005130 secs] [Times: user=0.00 sys=0.00, real=0.00 secs] 
214.448: Total time for which application threads were stopped: 0.0006680 seconds, Stopping threads took: 0.0000960 seconds
214.492: Application time: 0.0441440 seconds
214.492: [GC [PSYoungGen: 14447K->1120K(15360K)] 35785K->22709K(49664K), 0.0005690 secs] [Times: user=0.01 sys=0.00, real=0.00 secs] 
214.492: Total time for which application threads were stopped: 0.0007050 seconds, Stopping threads took: 0.0000770 seconds
214.547: Application time: 0.0542880 seconds
214.547: [GC [PSYoungGen: 14431K->928K(15360K)] 36021K->22746K(49664K), 0.0005780 secs] [Times: user=0.00 sys=0.00, real=0.00 secs] 
214.547: Total time for which application threads were stopped: 0.0006910 seconds, Stopping threads took: 0.0000580 seconds
214.601: Application time: 0.0537860 seconds
214.601: [GC [PSYoungGen: 14236K->1120K(15360K)] 36054K->22938K(49664K), 0.0005040 secs] [Times: user=0.00 sys=0.00, real=0.00 secs] 
214.602: Total time for which application threads were stopped: 0.0006160 seconds, Stopping threads took: 0.0000590 seconds
214.644: Application time: 0.0426780 seconds
214.645: [GC [PSYoungGen: 14429K->1088K(15360K)] 36247K->22906K(49664K), 0.0005200 secs] [Times: user=0.00 sys=0.00, real=0.00 secs] 
214.645: Total time for which application threads were stopped: 0.0006390 seconds, Stopping threads took: 0.0000610 seconds
214.701: Application time: 0.0555170 seconds
214.701: [GC [PSYoungGen: 14396K->1056K(15360K)] 36214K->23078K(49664K), 0.0005600 secs] [Times: user=0.00 sys=0.00, real=0.00 secs] 
214.701: Total time for which application threads were stopped: 0.0006690 seconds, Stopping threads took: 0.0000520 seconds
214.742: Application time: 0.0402010 seconds
214.742: [GC [PSYoungGen: 14363K->1120K(15360K)] 36386K->23142K(49664K), 0.0005280 secs] [Times: user=0.00 sys=0.00, real=0.00 secs] 
214.742: Total time for which application threads were stopped: 0.0006380 seconds, Stopping threads took: 0.0000550 seconds
214.800: Application time: 0.0576040 seconds
214.800: [GC [PSYoungGen: 14431K->1088K(15360K)] 36454K->23118K(49664K), 0.0005460 secs] [Times: user=0.00 sys=0.00, real=0.01 secs] 
214.800: Total time for which application threads were stopped: 0.0006650 seconds, Stopping threads took: 0.0000620 seconds
214.853: Application time: 0.0527790 seconds
214.853: [GC [PSYoungGen: 14396K->992K(15360K)] 36427K->23431K(49664K), 0.0005620 secs] [Times: user=0.00 sys=0.00, real=0.00 secs] 
214.854: Total time for which application threads were stopped: 0.0006690 seconds, Stopping threads took: 0.0000530 seconds
214.895: Application time: 0.0412520 seconds
214.895: [GC [PSYoungGen: 14301K->992K(15360K)] 36741K->23431K(49664K), 0.0005190 secs] [Times: user=0.00 sys=0.00, real=0.00 secs] 
214.896: Total time for which application threads were stopped: 0.0006290 seconds, Stopping threads took: 0.0000490 seconds
214.954: Application time: 0.0586410 seconds
214.955: [GC [PSYoungGen: 14303K->928K(15360K)] 36743K->23367K(49664K), 0.0005100 secs] [Times: user=0.00 sys=0.00, real=0.00 secs] 
214.955: Total time for which application threads were stopped: 0.0006170 seconds, Stopping threads took: 0.0000530 seconds
214.995: Application time: 0.0400230 seconds
214.995: [GC [PSYoungGen: 14235K->1152K(15360K)] 36675K->23591K(49664K), 0.0005640 secs] [Times: user=0.00 sys=0.00, real=0.00 secs] 
214.996: Total time for which application threads were stopped: 0.0006690 seconds, Stopping threads took: 0.0000500 seconds
215.048: Application time: 0.0527520 seconds
215.049: [GC [PSYoungGen: 14461K->1264K(15360K)] 36901K->23703K(49664K), 0.0005340 secs] [Times: user=0.00 sys=0.00, real=0.00 secs] 
215.049: Total time for which application threads were stopped: 0.0006400 seconds, Stopping threads took: 0.0000490 seconds
215.107: Application time: 0.0577470 seconds
215.107: [GC [PSYoungGen: 14575K->1264K(15360K)] 37015K->23703K(49664K), 0.0005150 secs] [Times: user=0.00 sys=0.00, real=0.00 secs] 
215.108: Total time for which application threads were stopped: 0.0006330 seconds, Stopping threads took: 0.0000650 seconds
215.150: Application time: 0.0424270 seconds
215.150: [GC [PSYoungGen: 14575K->1520K(15360K)] 37015K->23960K(49664K), 0.0006060 secs] [Times: user=0.01 sys=0.00, real=0.00 secs] 
215.151: Total time for which application threads were stopped: 0.0007140 seconds, Stopping threads took: 0.0000530 seconds
215.203: Application time: 0.0521660 seconds
215.203: [GC [PSYoungGen: 14829K->1488K(15360K)] 37269K->23928K(49664K), 0.0006410 secs] [Times: user=0.01 sys=0.00, real=0.00 secs] 
215.204: Total time for which application threads were stopped: 0.0007490 seconds, Stopping threads took: 0.0000530 seconds
215.259: Application time: 0.0556480 seconds
215.259: [GC [PSYoungGen: 14797K->1728K(15360K)] 37237K->24168K(49664K), 0.0006310 secs] [Times: user=0.00 sys=0.00, real=0.00 secs] 
215.260: Total time for which application threads were stopped: 0.0007370 seconds, Stopping threads took: 0.0000510 seconds
215.290: Application time: 0.0303970 seconds
215.290: [GC [PSYoungGen: 15037K->1904K(15360K)] 37477K->24344K(49664K), 0.0007010 secs] [Times: user=0.00 sys=0.00, real=0.00 secs] 
215.291: Total time for which application threads were stopped: 0.0008250 seconds, Stopping threads took: 0.0000650 seconds
215.336: Application time: 0.0445270 seconds
215.336: [GC [PSYoungGen: 15213K->1984K(15360K)] 37653K->24424K(49664K), 0.0007000 secs] [Times: user=0.00 sys=0.00, real=0.00 secs] 
215.337: Total time for which application threads were stopped: 0.0008120 seconds, Stopping threads took: 0.0000550 seconds
215.391: Application time: 0.0542560 seconds
215.391: [GC [PSYoungGen: 15294K->1760K(15360K)] 37734K->24200K(49664K), 0.0006650 secs] [Times: user=0.01 sys=0.00, real=0.00 secs] 
215.392: Total time for which application threads were stopped: 0.0007890 seconds, Stopping threads took: 0.0000670 seconds
215.448: Application time: 0.0567910 seconds
215.448: [GC [PSYoungGen: 15070K->1888K(15360K)] 37510K->24328K(49664K), 0.0006720 secs] [Times: user=0.00 sys=0.00, real=0.00 secs] 
215.449: Total time for which application threads were stopped: 0.0007840 seconds, Stopping threads took: 0.0000450 seconds
215.507: Application time: 0.0578930 seconds
215.507: [GC [PSYoungGen: 15197K->1856K(15360K)] 37637K->24344K(49664K), 0.0007840 secs] [Times: user=0.00 sys=0.00, real=0.00 secs] 
215.508: Total time for which application threads were stopped: 0.0009060 seconds, Stopping threads took: 0.0000600 seconds
215.565: Application time: 0.0567250 seconds
215.565: [GC [PSYoungGen: 15164K->1888K(15360K)] 37652K->24376K(49664K), 0.0007380 secs] [Times: user=0.00 sys=0.00, real=0.00 secs] 
215.566: Total time for which application threads were stopped: 0.0008460 seconds, Stopping threads took: 0.0000520 seconds
215.624: Application time: 0.0581950 seconds
215.624: [GC [PSYoungGen: 15197K->1872K(15360K)] 37685K->24360K(49664K), 0.0006980 secs] [Times: user=0.00 sys=0.00, real=0.00 secs] 
215.625: Total time for which application threads were stopped: 0.0008130 seconds, Stopping threads took: 0.0000560 seconds
215.683: Application time: 0.0583160 seconds
215.683: [GC [PSYoungGen: 15183K->1680K(15360K)] 37671K->24408K(49664K), 0.0006900 secs] [Times: user=0.01 sys=0.00, real=0.00 secs] 
215.684: Total time for which application threads were stopped: 0.0008130 seconds, Stopping threads took: 0.0000670 seconds
215.740: Application time: 0.0559040 seconds
215.740: [GC [PSYoungGen: 14987K->1680K(15360K)] 37715K->24408K(49664K), 0.0006580 secs] [Times: user=0.01 sys=0.00, real=0.01 secs] 
215.740: Total time for which application threads were stopped: 0.0007840 seconds, Stopping threads took: 0.0000690 seconds
215.799: Application time: 0.0589960 seconds
215.799: [GC [PSYoungGen: 14989K->1648K(15360K)] 37717K->24416K(49664K), 0.0006600 secs] [Times: user=0.00 sys=0.00, real=0.00 secs] 
215.800: Total time for which application threads were stopped: 0.0007770 seconds, Stopping threads took: 0.0000590 seconds
215.859: Application time: 0.0588180 seconds
215.859: [GC [PSYoungGen: 14957K->1392K(15360K)] 37725K->24448K(49664K), 0.0006340 secs] [Times: user=0.00 sys=0.00, real=0.00 secs] 
215.860: Total time for which application threads were stopped: 0.0007500 seconds, Stopping threads took: 0.0000610 seconds
215.920: Application time: 0.0598170 seconds
215.920: [GC [PSYoungGen: 14704K->1360K(15360K)] 37760K->24416K(49664K), 0.0005600 secs] [Times: user=0.00 sys=0.00, real=0.00 secs] 
215.920: Total time for which application threads were stopped: 0.0006800 seconds, Stopping threads took: 0.0000690 seconds
215.980: Application time: 0.0600410 seconds
215.980: [GC [PSYoungGen: 14669K->1088K(15360K)] 37725K->24372K(49664K), 0.0006010 secs] [Times: user=0.00 sys=0.00, real=0.00 secs] 
215.981: Total time for which application threads were stopped: 0.0007270 seconds, Stopping threads took: 0.0000610 seconds
216.040: Application time: 0.0591060 seconds
216.040: [GC [PSYoungGen: 14397K->1120K(15360K)] 37682K->24404K(49664K), 0.0005630 secs] [Times: user=0.01 sys=0.00, real=0.01 secs] 
216.041: Total time for which application threads were stopped: 0.0006760 seconds, Stopping threads took: 0.0000540 seconds
216.100: Application time: 0.0595950 seconds
216.100: [GC [PSYoungGen: 14429K->1104K(15360K)] 37714K->24388K(49664K), 0.0005100 secs] [Times: user=0.00 sys=0.00, real=0.00 secs] 
216.101: Total time for which application threads were stopped: 0.0006180 seconds, Stopping threads took: 0.0000530 seconds
216.160: Application time: 0.0588820 seconds
216.164: [GC [PSYoungGen: 14413K->928K(15360K)] 37698K->24457K(49664K), 0.0005790 secs] [Times: user=0.00 sys=0.00, real=0.00 secs] 
216.165: Total time for which application threads were stopped: 0.0050670 seconds, Stopping threads took: 0.0044290 seconds
216.214: Application time: 0.0495510 seconds
216.216: [GC [PSYoungGen: 14238K->1120K(15360K)] 37767K->24697K(49664K), 0.0006420 secs] [Times: user=0.00 sys=0.00, real=0.00 secs] 
216.217: Total time for which application threads were stopped: 0.0024970 seconds, Stopping threads took: 0.0017950 seconds
216.266: Application time: 0.0488930 seconds
216.266: [GC [PSYoungGen: 14431K->1120K(15360K)] 38009K->24713K(49664K), 0.0005260 secs] [Times: user=0.00 sys=0.00, real=0.00 secs] 
216.267: Total time for which application threads were stopped: 0.0006520 seconds, Stopping threads took: 0.0000690 seconds
216.320: Application time: 0.0533730 seconds
216.320: [GC [PSYoungGen: 14428K->1184K(15360K)] 38022K->25001K(49664K), 0.0005540 secs] [Times: user=0.01 sys=0.00, real=0.01 secs] 
216.321: Total time for which application threads were stopped: 0.0006690 seconds, Stopping threads took: 0.0000570 seconds
216.364: Application time: 0.0431350 seconds
216.364: [GC [PSYoungGen: 14493K->1120K(15360K)] 38310K->24937K(49664K), 0.0005630 secs] [Times: user=0.00 sys=0.00, real=0.00 secs] 
216.364: Total time for which application threads were stopped: 0.0006800 seconds, Stopping threads took: 0.0000590 seconds
216.419: Application time: 0.0544620 seconds
216.419: [GC [PSYoungGen: 14431K->1120K(15360K)] 38248K->25157K(49664K), 0.0005490 secs] [Times: user=0.00 sys=0.00, real=0.00 secs] 
216.420: Total time for which application threads were stopped: 0.0006480 seconds, Stopping threads took: 0.0000420 seconds
216.461: Application time: 0.0411610 seconds
216.461: [GC [PSYoungGen: 14431K->1088K(15360K)] 38469K->25125K(49664K), 0.0005910 secs] [Times: user=0.00 sys=0.00, real=0.00 secs] 
216.461: Total time for which application threads were stopped: 0.0007200 seconds, Stopping threads took: 0.0000700 seconds
216.519: Application time: 0.0575860 seconds
216.519: [GC [PSYoungGen: 14399K->1104K(15360K)] 38437K->25141K(49664K), 0.0005380 secs] [Times: user=0.01 sys=0.00, real=0.00 secs] 
216.520: Total time for which application threads were stopped: 0.0006540 seconds, Stopping threads took: 0.0000520 seconds
216.571: Application time: 0.0518060 seconds
216.572: [GC [PSYoungGen: 14402K->864K(15360K)] 38440K->25311K(49664K), 0.0005390 secs] [Times: user=0.00 sys=0.00, real=0.00 secs] 
216.572: Total time for which application threads were stopped: 0.0006590 seconds, Stopping threads took: 0.0000640 seconds
216.616: Application time: 0.0439250 seconds
216.616: [GC [PSYoungGen: 14172K->992K(15360K)] 38619K->25439K(49664K), 0.0004950 secs] [Times: user=0.01 sys=0.00, real=0.00 secs] 
216.617: Total time for which application threads were stopped: 0.0006070 seconds, Stopping threads took: 0.0000560 seconds
216.671: Application time: 0.0543720 seconds
216.671: [GC [PSYoungGen: 14301K->1152K(15360K)] 38748K->25599K(49664K), 0.0005530 secs] [Times: user=0.00 sys=0.00, real=0.00 secs] 
216.672: Total time for which application threads were stopped: 0.0006720 seconds, Stopping threads took: 0.0000640 seconds
216.712: Application time: 0.0405020 seconds
216.712: [GC [PSYoungGen: 14461K->1248K(15360K)] 38908K->25695K(49664K), 0.0005550 secs] [Times: user=0.00 sys=0.00, real=0.00 secs] 
216.713: Total time for which application threads were stopped: 0.0006640 seconds, Stopping threads took: 0.0000510 seconds
216.767: Application time: 0.0542420 seconds
216.767: [GC [PSYoungGen: 14559K->1312K(15360K)] 39006K->25759K(49664K), 0.0005500 secs] [Times: user=0.01 sys=0.00, real=0.00 secs] 
216.768: Total time for which application threads were stopped: 0.0006770 seconds, Stopping threads took: 0.0000700 seconds
216.825: Application time: 0.0571280 seconds
216.825: [GC [PSYoungGen: 14620K->1232K(15360K)] 39067K->25679K(49664K), 0.0005620 secs] [Times: user=0.01 sys=0.00, real=0.00 secs] 
216.826: Total time for which application threads were stopped: 0.0006790 seconds, Stopping threads took: 0.0000590 seconds
216.868: Application time: 0.0421840 seconds
216.868: [GC [PSYoungGen: 14542K->1440K(15360K)] 38989K->25887K(49664K), 0.0006060 secs] [Times: user=0.01 sys=0.00, real=0.01 secs] 
216.869: Total time for which application threads were stopped: 0.0007220 seconds, Stopping threads took: 0.0000620 seconds
216.920: Application time: 0.0519700 seconds
216.921: [GC [PSYoungGen: 14748K->1504K(15360K)] 39195K->25951K(49664K), 0.0007170 secs] [Times: user=0.01 sys=0.00, real=0.00 secs] 
216.921: Total time for which application threads were stopped: 0.0008200 seconds, Stopping threads took: 0.0000480 seconds
216.978: Application time: 0.0566520 seconds
216.978: [GC [PSYoungGen: 14812K->1456K(15360K)] 39259K->25903K(49664K), 0.0006710 secs] [Times: user=0.00 sys=0.00, real=0.00 secs] 
216.979: Total time for which application threads were stopped: 0.0007990 seconds, Stopping threads took: 0.0000710 seconds
217.013: Application time: 0.0340450 seconds
217.013: [GC [PSYoungGen: 14764K->1856K(15360K)] 39211K->26303K(49664K), 0.0006800 secs] [Times: user=0.00 sys=0.00, real=0.00 secs] 
217.014: Total time for which application threads were stopped: 0.0007910 seconds, Stopping threads took: 0.0000550 seconds
217.054: Application time: 0.0403140 seconds
217.054: [GC [PSYoungGen: 15165K->1984K(15360K)] 39612K->26431K(49664K), 0.0007070 secs] [Times: user=0.00 sys=0.00, real=0.00 secs] 
217.055: Total time for which application threads were stopped: 0.0008430 seconds, Stopping threads took: 0.0000710 seconds
217.108: Application time: 0.0535190 seconds
217.108: [GC [PSYoungGen: 15294K->1952K(15360K)] 39741K->26399K(49664K), 0.0006180 secs] [Times: user=0.00 sys=0.00, real=0.00 secs] 
217.109: Total time for which application threads were stopped: 0.0007170 seconds, Stopping threads took: 0.0000450 seconds
217.167: Application time: 0.0575710 seconds
217.167: [GC [PSYoungGen: 15261K->1856K(15360K)] 39708K->26303K(49664K), 0.0008200 secs] [Times: user=0.01 sys=0.00, real=0.00 secs] 
217.168: Total time for which application threads were stopped: 0.0009450 seconds, Stopping threads took: 0.0000640 seconds
217.226: Application time: 0.0584930 seconds
217.226: [GC [PSYoungGen: 15165K->1872K(15360K)] 39612K->26367K(49664K), 0.0007120 secs] [Times: user=0.01 sys=0.00, real=0.00 secs] 
217.227: Total time for which application threads were stopped: 0.0008280 seconds, Stopping threads took: 0.0000590 seconds
217.283: Application time: 0.0562760 seconds
217.283: [GC [PSYoungGen: 15180K->1872K(15360K)] 39675K->26367K(49664K), 0.0006800 secs] [Times: user=0.00 sys=0.00, real=0.00 secs] 
217.284: Total time for which application threads were stopped: 0.0007970 seconds, Stopping threads took: 0.0000620 seconds
217.342: Application time: 0.0580460 seconds
217.342: [GC [PSYoungGen: 15181K->1936K(15360K)] 39676K->26431K(49664K), 0.0007730 secs] [Times: user=0.00 sys=0.00, real=0.00 secs] 
217.344: Total time for which application threads were stopped: 0.0016360 seconds, Stopping threads took: 0.0000580 seconds
217.402: Application time: 0.0585820 seconds
217.404: [GC [PSYoungGen: 15245K->1840K(15360K)] 39740K->26335K(49664K), 0.0007460 secs] [Times: user=0.00 sys=0.00, real=0.00 secs] 
217.405: Total time for which application threads were stopped: 0.0029530 seconds, Stopping threads took: 0.0021490 seconds
217.461: Application time: 0.0554480 seconds
217.461: [GC [PSYoungGen: 15150K->1632K(15360K)] 39645K->26363K(49664K), 0.0007100 secs] [Times: user=0.00 sys=0.00, real=0.00 secs] 
217.461: Total time for which application threads were stopped: 0.0008190 seconds, Stopping threads took: 0.0000540 seconds
217.520: Application time: 0.0586860 seconds
217.520: [GC [PSYoungGen: 14941K->1616K(15360K)] 39673K->26387K(49664K), 0.0006390 secs] [Times: user=0.00 sys=0.01, real=0.01 secs] 
217.521: Total time for which application threads were stopped: 0.0007570 seconds, Stopping threads took: 0.0000600 seconds
217.580: Application time: 0.0588820 seconds
217.580: [GC [PSYoungGen: 14925K->1376K(15360K)] 39697K->26420K(49664K), 0.0006450 secs] [Times: user=0.01 sys=0.00, real=0.01 secs] 
217.580: Total time for which application threads were stopped: 0.0007630 seconds, Stopping threads took: 0.0000540 seconds
217.639: Application time: 0.0588770 seconds
217.639: [GC [PSYoungGen: 14685K->1344K(15360K)] 39729K->26388K(49664K), 0.0005850 secs] [Times: user=0.00 sys=0.00, real=0.00 secs] 
217.640: Total time for which application threads were stopped: 0.0007080 seconds, Stopping threads took: 0.0000670 seconds
217.699: Application time: 0.0592410 seconds
217.699: [GC [PSYoungGen: 14653K->1152K(15360K)] 39697K->26444K(49664K), 0.0006510 secs] [Times: user=0.01 sys=0.00, real=0.00 secs] 
217.700: Total time for which application threads were stopped: 0.0007860 seconds, Stopping threads took: 0.0000710 seconds
217.760: Application time: 0.0596340 seconds
217.760: [GC [PSYoungGen: 14461K->1184K(15360K)] 39753K->26476K(49664K), 0.0005340 secs] [Times: user=0.01 sys=0.00, real=0.01 secs] 
217.760: Total time for which application threads were stopped: 0.0006530 seconds, Stopping threads took: 0.0000600 seconds
217.819: Application time: 0.0589720 seconds
217.819: [GC [PSYoungGen: 14493K->1104K(15360K)] 39785K->26396K(49664K), 0.0005950 secs] [Times: user=0.00 sys=0.00, real=0.00 secs] 
217.820: Total time for which application threads were stopped: 0.0007030 seconds, Stopping threads took: 0.0000520 seconds
217.880: Application time: 0.0594590 seconds
217.880: [GC [PSYoungGen: 14413K->928K(15360K)] 39705K->26476K(49664K), 0.0005350 secs] [Times: user=0.00 sys=0.00, real=0.00 secs] 
217.880: Total time for which application threads were stopped: 0.0006610 seconds, Stopping threads took: 0.0000670 seconds
217.930: Application time: 0.0500550 seconds
217.930: [GC [PSYoungGen: 14238K->1120K(15360K)] 39786K->26709K(49664K), 0.0005550 secs] [Times: user=0.01 sys=0.00, real=0.00 secs] 
217.931: Total time for which application threads were stopped: 0.0006740 seconds, Stopping threads took: 0.0000610 seconds
217.979: Application time: 0.0479250 seconds
217.979: [GC [PSYoungGen: 14431K->928K(15360K)] 40020K->26721K(49664K), 0.0005380 secs] [Times: user=0.00 sys=0.00, real=0.00 secs] 
217.980: Total time for which application threads were stopped: 0.0006490 seconds, Stopping threads took: 0.0000560 seconds
218.037: Application time: 0.0572980 seconds
218.040: [GC [PSYoungGen: 14236K->896K(15360K)] 40030K->26689K(49664K), 0.0004810 secs] [Times: user=0.01 sys=0.00, real=0.00 secs] 
218.041: Total time for which application threads were stopped: 0.0040170 seconds, Stopping threads took: 0.0034800 seconds
218.082: Application time: 0.0416580 seconds
218.083: [GC [PSYoungGen: 14207K->1120K(15360K)] 40001K->26913K(49664K), 0.0005260 secs] [Times: user=0.00 sys=0.00, real=0.00 secs] 
218.083: Total time for which application threads were stopped: 0.0006620 seconds, Stopping threads took: 0.0000690 seconds
218.134: Application time: 0.0512230 seconds
218.134: [GC [PSYoungGen: 14431K->928K(15360K)] 40225K->26934K(49664K), 0.0005760 secs] [Times: user=0.00 sys=0.00, real=0.00 secs] 
218.135: Total time for which application threads were stopped: 0.0007050 seconds, Stopping threads took: 0.0000700 seconds
218.177: Application time: 0.0422310 seconds
218.177: [GC [PSYoungGen: 14239K->1120K(15360K)] 40245K->27126K(49664K), 0.0005140 secs] [Times: user=0.00 sys=0.00, real=0.00 secs] 
218.178: Total time for which application threads were stopped: 0.0006160 seconds, Stopping threads took: 0.0000470 seconds
218.235: Application time: 0.0570840 seconds
218.235: [GC [PSYoungGen: 14428K->1152K(15360K)] 40434K->27158K(49664K), 0.0005510 secs] [Times: user=0.01 sys=0.00, real=0.00 secs] 
218.236: Total time for which application threads were stopped: 0.0006710 seconds, Stopping threads took: 0.0000600 seconds
218.292: Application time: 0.0558220 seconds
218.292: [GC [PSYoungGen: 14463K->896K(15360K)] 40469K->27327K(49664K), 0.0005870 secs] [Times: user=0.00 sys=0.00, real=0.00 secs] 
218.292: Total time for which application threads were stopped: 0.0007060 seconds, Stopping threads took: 0.0000640 seconds
218.333: Application time: 0.0408270 seconds
218.333: [GC [PSYoungGen: 14205K->1120K(15360K)] 40637K->27551K(49664K), 0.0005260 secs] [Times: user=0.00 sys=0.00, real=0.00 secs] 
218.334: Total time for which application threads were stopped: 0.0006470 seconds, Stopping threads took: 0.0000650 seconds
218.387: Application time: 0.0534270 seconds
218.387: [GC [PSYoungGen: 14431K->1168K(15360K)] 40862K->27599K(49664K), 0.0005290 secs] [Times: user=0.00 sys=0.00, real=0.00 secs] 
218.388: Total time for which application threads were stopped: 0.0006460 seconds, Stopping threads took: 0.0000620 seconds
218.428: Application time: 0.0403950 seconds
218.428: [GC [PSYoungGen: 14475K->1216K(15360K)] 40906K->27647K(49664K), 0.0006380 secs] [Times: user=0.00 sys=0.00, real=0.00 secs] 
218.429: Total time for which application threads were stopped: 0.0007500 seconds, Stopping threads took: 0.0000500 seconds
218.484: Application time: 0.0549710 seconds
218.484: [GC [PSYoungGen: 14526K->1280K(15360K)] 40957K->27711K(49664K), 0.0006070 secs] [Times: user=0.01 sys=0.00, real=0.00 secs] 
218.485: Total time for which application threads were stopped: 0.0007160 seconds, Stopping threads took: 0.0000510 seconds
218.540: Application time: 0.0557460 seconds
218.540: [GC [PSYoungGen: 14590K->1296K(15360K)] 41022K->27727K(49664K), 0.0005760 secs] [Times: user=0.00 sys=0.00, real=0.00 secs] 
218.541: Total time for which application threads were stopped: 0.0006910 seconds, Stopping threads took: 0.0000590 seconds
218.582: Application time: 0.0412750 seconds
218.584: [GC [PSYoungGen: 14603K->1504K(15360K)] 41034K->27935K(49664K), 0.0006440 secs] [Times: user=0.00 sys=0.00, real=0.00 secs] 
218.585: Total time for which application threads were stopped: 0.0026990 seconds, Stopping threads took: 0.0019900 seconds
218.639: Application time: 0.0543620 seconds
218.640: [GC [PSYoungGen: 14813K->1488K(15360K)] 41244K->27919K(49664K), 0.0006730 secs] [Times: user=0.00 sys=0.00, real=0.00 secs] 
218.640: Total time for which application threads were stopped: 0.0008120 seconds, Stopping threads took: 0.0000780 seconds
218.697: Application time: 0.0568420 seconds
218.697: [GC [PSYoungGen: 14799K->1520K(15360K)] 41230K->27951K(49664K), 0.0005940 secs] [Times: user=0.00 sys=0.00, real=0.00 secs] 
218.698: Total time for which application threads were stopped: 0.0007050 seconds, Stopping threads took: 0.0000560 seconds
218.739: Application time: 0.0412010 seconds
218.739: [GC [PSYoungGen: 14832K->1856K(15360K)] 41263K->28287K(49664K), 0.0007120 secs] [Times: user=0.01 sys=0.00, real=0.00 secs] 
218.740: Total time for which application threads were stopped: 0.0008230 seconds, Stopping threads took: 0.0000550 seconds
218.773: Application time: 0.0336510 seconds
218.774: [GC [PSYoungGen: 15095K->1856K(15360K)] 41527K->28287K(49664K), 0.0006730 secs] [Times: user=0.01 sys=0.00, real=0.00 secs] 
218.774: Total time for which application threads were stopped: 0.0007950 seconds, Stopping threads took: 0.0000670 seconds
218.828: Application time: 0.0541620 seconds
218.828: [GC [PSYoungGen: 15164K->1936K(15360K)] 41595K->28367K(49664K), 0.0007040 secs] [Times: user=0.00 sys=0.00, real=0.00 secs] 
218.829: Total time for which application threads were stopped: 0.0008100 seconds, Stopping threads took: 0.0000500 seconds
218.885: Application time: 0.0560290 seconds
218.887: [GC [PSYoungGen: 15245K->1936K(15360K)] 41676K->28367K(49664K), 0.0006720 secs] [Times: user=0.00 sys=0.00, real=0.00 secs] 
218.888: Total time for which application threads were stopped: 0.0024320 seconds, Stopping threads took: 0.0016980 seconds
218.947: Application time: 0.0591000 seconds
218.947: [GC [PSYoungGen: 15248K->1856K(15360K)] 41679K->28335K(49664K), 0.0006920 secs] [Times: user=0.00 sys=0.00, real=0.00 secs] 
218.948: Total time for which application threads were stopped: 0.0008070 seconds, Stopping threads took: 0.0000590 seconds
219.004: Application time: 0.0563200 seconds
219.004: [GC [PSYoungGen: 15164K->1936K(15360K)] 41644K->28415K(49664K), 0.0006960 secs] [Times: user=0.00 sys=0.00, real=0.00 secs] 
219.005: Total time for which application threads were stopped: 0.0008130 seconds, Stopping threads took: 0.0000600 seconds
219.063: Application time: 0.0582160 seconds
219.063: [GC [PSYoungGen: 15247K->1840K(15360K)] 41726K->28319K(49664K), 0.0006650 secs] [Times: user=0.00 sys=0.00, real=0.00 secs] 
219.064: Total time for which application threads were stopped: 0.0007850 seconds, Stopping threads took: 0.0000650 seconds
219.122: Application time: 0.0581980 seconds
219.122: [GC [PSYoungGen: 15149K->1856K(15360K)] 41628K->28335K(49664K), 0.0006620 secs] [Times: user=0.01 sys=0.00, real=0.00 secs] 
219.123: Total time for which application threads were stopped: 0.0007810 seconds, Stopping threads took: 0.0000510 seconds
219.178: Application time: 0.0547950 seconds
219.178: [GC [PSYoungGen: 15164K->1696K(15360K)] 41643K->28415K(49664K), 0.0007480 secs] [Times: user=0.00 sys=0.00, real=0.00 secs] 
219.178: Total time for which application threads were stopped: 0.0008720 seconds, Stopping threads took: 0.0000640 seconds
219.237: Application time: 0.0586820 seconds
219.237: [GC [PSYoungGen: 15005K->1664K(15360K)] 41724K->28431K(49664K), 0.0006660 secs] [Times: user=0.00 sys=0.00, real=0.00 secs] 
219.238: Total time for which application threads were stopped: 0.0007870 seconds, Stopping threads took: 0.0000620 seconds
219.297: Application time: 0.0592730 seconds
219.297: [GC [PSYoungGen: 14973K->1584K(15360K)] 41740K->28391K(49664K), 0.0006470 secs] [Times: user=0.01 sys=0.00, real=0.00 secs] 
219.298: Total time for which application threads were stopped: 0.0007570 seconds, Stopping threads took: 0.0000530 seconds
219.357: Application time: 0.0587680 seconds
219.357: [GC [PSYoungGen: 14893K->1408K(15360K)] 41700K->28451K(49664K), 0.0006980 secs] [Times: user=0.00 sys=0.00, real=0.00 secs] 
219.357: Total time for which application threads were stopped: 0.0008120 seconds, Stopping threads took: 0.0000590 seconds
219.416: Application time: 0.0587060 seconds
219.416: [GC [PSYoungGen: 14717K->1120K(15360K)] 41761K->28400K(49664K), 0.0007000 secs] [Times: user=0.00 sys=0.00, real=0.00 secs] 
219.417: Total time for which application threads were stopped: 0.0008190 seconds, Stopping threads took: 0.0000630 seconds
219.476: Application time: 0.0591700 seconds
219.476: [GC [PSYoungGen: 14429K->1184K(15360K)] 41709K->28464K(49664K), 0.0005350 secs] [Times: user=0.01 sys=0.00, real=0.00 secs] 
219.477: Total time for which application threads were stopped: 0.0006510 seconds, Stopping threads took: 0.0000570 seconds
219.536: Application time: 0.0594750 seconds
219.536: [GC [PSYoungGen: 14493K->1184K(15360K)] 41773K->28464K(49664K), 0.0005230 secs] [Times: user=0.00 sys=0.00, real=0.00 secs] 
219.537: Total time for which application threads were stopped: 0.0006360 seconds, Stopping threads took: 0.0000590 seconds
219.596: Application time: 0.0592690 seconds
219.596: [GC [PSYoungGen: 14493K->880K(15360K)] 41773K->28405K(49664K), 0.0005560 secs] [Times: user=0.00 sys=0.00, real=0.00 secs] 
219.597: Total time for which application threads were stopped: 0.0006860 seconds, Stopping threads took: 0.0000750 seconds
219.646: Application time: 0.0489000 seconds
219.646: [GC [PSYoungGen: 14190K->1152K(15360K)] 41715K->28725K(49664K), 0.0005230 secs] [Times: user=0.00 sys=0.00, real=0.00 secs] 
219.646: Total time for which application threads were stopped: 0.0006470 seconds, Stopping threads took: 0.0000610 seconds
219.697: Application time: 0.0501340 seconds
219.697: [GC [PSYoungGen: 14461K->928K(15360K)] 42034K->28729K(49664K), 0.0005080 secs] [Times: user=0.00 sys=0.00, real=0.00 secs] 
219.697: Total time for which application threads were stopped: 0.0006140 seconds, Stopping threads took: 0.0000530 seconds
219.755: Application time: 0.0576220 seconds
219.756: [GC [PSYoungGen: 14236K->960K(15360K)] 42038K->28761K(49664K), 0.0005040 secs] [Times: user=0.00 sys=0.00, real=0.00 secs] 
219.757: Total time for which application threads were stopped: 0.0020180 seconds, Stopping threads took: 0.0014580 seconds
219.799: Application time: 0.0426520 seconds
219.800: [GC [PSYoungGen: 14271K->1120K(15360K)] 42073K->28921K(49664K), 0.0005360 secs] [Times: user=0.00 sys=0.00, real=0.00 secs] 
219.800: Total time for which application threads were stopped: 0.0006640 seconds, Stopping threads took: 0.0000710 seconds
219.846: Application time: 0.0461890 seconds
219.846: [GC [PSYoungGen: 14428K->1152K(15360K)] 42230K->29169K(49664K), 0.0006140 secs] [Times: user=0.01 sys=0.00, real=0.00 secs] 
219.847: Total time for which application threads were stopped: 0.0007250 seconds, Stopping threads took: 0.0000540 seconds
219.893: Application time: 0.0455940 seconds
219.893: [GC [PSYoungGen: 14463K->1120K(15360K)] 42480K->29137K(49664K), 0.0005360 secs] [Times: user=0.00 sys=0.00, real=0.00 secs] 
219.893: Total time for which application threads were stopped: 0.0006490 seconds, Stopping threads took: 0.0000590 seconds
219.951: Application time: 0.0576310 seconds
219.951: [GC [PSYoungGen: 14428K->1120K(15360K)] 42445K->29137K(49664K), 0.0005530 secs] [Times: user=0.01 sys=0.00, real=0.00 secs] 
219.952: Total time for which application threads were stopped: 0.0006550 seconds, Stopping threads took: 0.0000440 seconds
220.010: Application time: 0.0581250 seconds
220.010: [GC [PSYoungGen: 14429K->768K(15360K)] 42447K->29202K(49664K), 0.0005640 secs] [Times: user=0.00 sys=0.00, real=0.00 secs] 
220.010: Total time for which application threads were stopped: 0.0006840 seconds, Stopping threads took: 0.0000630 seconds
220.054: Application time: 0.0436990 seconds
220.054: [GC [PSYoungGen: 14078K->992K(15360K)] 42512K->29426K(49664K), 0.0005070 secs] [Times: user=0.01 sys=0.00, real=0.00 secs] 
220.055: Total time for which application threads were stopped: 0.0006040 seconds, Stopping threads took: 0.0000430 seconds
220.105: Application time: 0.0507230 seconds
220.106: [GC [PSYoungGen: 14301K->1024K(15360K)] 42735K->29458K(49664K), 0.0004800 secs] [Times: user=0.00 sys=0.00, real=0.00 secs] 
220.106: Total time for which application threads were stopped: 0.0005890 seconds, Stopping threads took: 0.0000540 seconds
220.147: Application time: 0.0406700 seconds
220.147: [GC [PSYoungGen: 14333K->1184K(15360K)] 42768K->29618K(49664K), 0.0005510 secs] [Times: user=0.01 sys=0.00, real=0.00 secs] 
220.147: Total time for which application threads were stopped: 0.0006590 seconds, Stopping threads took: 0.0000450 seconds
220.201: Application time: 0.0533560 seconds
220.204: [GC [PSYoungGen: 14492K->1216K(15360K)] 42927K->29650K(49664K), 0.0006590 secs] [Times: user=0.01 sys=0.00, real=0.00 secs] 
220.205: Total time for which application threads were stopped: 0.0042500 seconds, Stopping threads took: 0.0035350 seconds
220.260: Application time: 0.0549680 seconds
220.260: [GC [PSYoungGen: 14525K->1232K(15360K)] 42959K->29666K(49664K), 0.0005740 secs] [Times: user=0.00 sys=0.00, real=0.01 secs] 
220.261: Total time for which application threads were stopped: 0.0006890 seconds, Stopping threads took: 0.0000600 seconds
220.303: Application time: 0.0424120 seconds
220.303: [GC [PSYoungGen: 14543K->1504K(15360K)] 42978K->29938K(49664K), 0.0006200 secs] [Times: user=0.00 sys=0.00, real=0.00 secs] 
220.304: Total time for which application threads were stopped: 0.0007480 seconds, Stopping threads took: 0.0000700 seconds
220.357: Application time: 0.0529810 seconds
220.357: [GC [PSYoungGen: 14812K->1472K(15360K)] 43247K->29906K(49664K), 0.0006630 secs] [Times: user=0.00 sys=0.00, real=0.00 secs] 
220.358: Total time for which application threads were stopped: 0.0007780 seconds, Stopping threads took: 0.0000600 seconds
220.414: Application time: 0.0566800 seconds
220.414: [GC [PSYoungGen: 14780K->1488K(15360K)] 43215K->29922K(49664K), 0.0006100 secs] [Times: user=0.01 sys=0.00, real=0.00 secs] 
220.415: Total time for which application threads were stopped: 0.0007420 seconds, Stopping threads took: 0.0000770 seconds
220.461: Application time: 0.0456830 seconds
220.461: [GC [PSYoungGen: 14798K->1872K(15360K)] 43233K->30306K(49664K), 0.0007060 secs] [Times: user=0.00 sys=0.00, real=0.00 secs] 
220.462: Total time for which application threads were stopped: 0.0008110 seconds, Stopping threads took: 0.0000480 seconds
220.494: Application time: 0.0324690 seconds
220.494: [GC [PSYoungGen: 15090K->1776K(15360K)] 43525K->30210K(49664K), 0.0006990 secs] [Times: user=0.01 sys=0.00, real=0.00 secs] 
220.495: Total time for which application threads were stopped: 0.0008290 seconds, Stopping threads took: 0.0000740 seconds
220.547: Application time: 0.0523170 seconds
220.547: [GC [PSYoungGen: 15086K->1888K(15360K)] 43520K->30322K(49664K), 0.0006920 secs] [Times: user=0.01 sys=0.00, real=0.00 secs] 
220.548: Total time for which application threads were stopped: 0.0008020 seconds, Stopping threads took: 0.0000450 seconds
220.603: Application time: 0.0555010 seconds
220.604: [GC [PSYoungGen: 15198K->1888K(15360K)] 43633K->30362K(49664K), 0.0006960 secs] [Times: user=0.01 sys=0.00, real=0.00 secs] 
220.604: Total time for which application threads were stopped: 0.0008150 seconds, Stopping threads took: 0.0000570 seconds
220.663: Application time: 0.0591970 seconds
220.664: [GC [PSYoungGen: 15197K->1888K(15360K)] 43672K->30362K(49664K), 0.0007300 secs] [Times: user=0.00 sys=0.00, real=0.00 secs] 
220.664: Total time for which application threads were stopped: 0.0008440 seconds, Stopping threads took: 0.0000470 seconds
220.721: Application time: 0.0566290 seconds
220.721: [GC [PSYoungGen: 15196K->1872K(15360K)] 43671K->30346K(49664K), 0.0006970 secs] [Times: user=0.01 sys=0.00, real=0.00 secs] 
220.722: Total time for which application threads were stopped: 0.0007960 seconds, Stopping threads took: 0.0000430 seconds
220.780: Application time: 0.0579010 seconds
220.780: [GC [PSYoungGen: 15181K->1840K(15360K)] 43656K->30314K(49664K), 0.0007050 secs] [Times: user=0.00 sys=0.00, real=0.01 secs] 
220.780: Total time for which application threads were stopped: 0.0008270 seconds, Stopping threads took: 0.0000640 seconds
220.839: Application time: 0.0583740 seconds
220.839: [GC [PSYoungGen: 15151K->1856K(15360K)] 43626K->30370K(49664K), 0.0007220 secs] [Times: user=0.01 sys=0.00, real=0.00 secs] 
220.840: Total time for which application threads were stopped: 0.0008290 seconds, Stopping threads took: 0.0000490 seconds
220.895: Application time: 0.0556700 seconds
220.895: [GC [PSYoungGen: 15166K->1648K(15360K)] 43681K->30391K(49664K), 0.0007470 secs] [Times: user=0.01 sys=0.00, real=0.00 secs] 
220.896: Total time for which application threads were stopped: 0.0008330 seconds, Stopping threads took: 0.0000310 seconds
220.954: Application time: 0.0578450 seconds
220.954: [GC [PSYoungGen: 14956K->1632K(15360K)] 43699K->30415K(49664K), 0.0006400 secs] [Times: user=0.00 sys=0.00, real=0.00 secs] 
220.955: Total time for which application threads were stopped: 0.0007530 seconds, Stopping threads took: 0.0000590 seconds
221.014: Application time: 0.0589260 seconds
221.014: [GC [PSYoungGen: 14941K->1520K(15360K)] 43724K->30351K(49664K), 0.0006610 secs] [Times: user=0.00 sys=0.00, real=0.00 secs] 
221.014: Total time for which application threads were stopped: 0.0007830 seconds, Stopping threads took: 0.0000620 seconds
221.073: Application time: 0.0589940 seconds
221.074: [GC [PSYoungGen: 14829K->1376K(15360K)] 43661K->30452K(49664K), 0.0006570 secs] [Times: user=0.00 sys=0.00, real=0.00 secs] 
221.074: Total time for which application threads were stopped: 0.0007510 seconds, Stopping threads took: 0.0000400 seconds
221.133: Application time: 0.0590460 seconds
221.133: [GC [PSYoungGen: 14685K->1120K(15360K)] 43761K->30432K(49664K), 0.0005810 secs] [Times: user=0.00 sys=0.00, real=0.00 secs] 
221.134: Total time for which application threads were stopped: 0.0007110 seconds, Stopping threads took: 0.0000760 seconds
221.194: Application time: 0.0595240 seconds
221.194: [GC [PSYoungGen: 14431K->1088K(15360K)] 43744K->30400K(49664K), 0.0005390 secs] [Times: user=0.00 sys=0.00, real=0.00 secs] 
221.194: Total time for which application threads were stopped: 0.0006790 seconds, Stopping threads took: 0.0000720 seconds
221.254: Application time: 0.0597340 seconds
221.254: [GC [PSYoungGen: 14397K->1136K(15360K)] 43710K->30448K(49664K), 0.0005400 secs] [Times: user=0.00 sys=0.00, real=0.00 secs] 
221.255: Total time for which application threads were stopped: 0.0006590 seconds, Stopping threads took: 0.0000630 seconds
221.314: Application time: 0.0593720 seconds
221.314: [GC [PSYoungGen: 14445K->1120K(15360K)] 43758K->30488K(49664K), 0.0005530 secs] [Times: user=0.00 sys=0.00, real=0.00 secs] 
221.315: Total time for which application threads were stopped: 0.0006680 seconds, Stopping threads took: 0.0000580 seconds
221.361: Application time: 0.0464970 seconds
221.361: [GC [PSYoungGen: 14429K->1088K(15360K)] 43798K->30685K(49664K), 0.0006250 secs] [Times: user=0.00 sys=0.00, real=0.00 secs] 
221.362: Total time for which application threads were stopped: 0.0007360 seconds, Stopping threads took: 0.0000550 seconds
221.414: Application time: 0.0526200 seconds
221.415: [GC [PSYoungGen: 14397K->896K(15360K)] 43994K->30701K(49664K), 0.0005370 secs] [Times: user=0.00 sys=0.00, real=0.00 secs] 
221.415: Total time for which application threads were stopped: 0.0006610 seconds, Stopping threads took: 0.0000660 seconds
221.473: Application time: 0.0578500 seconds
221.473: [GC [PSYoungGen: 14207K->928K(15360K)] 44012K->30733K(49664K), 0.0005230 secs] [Times: user=0.00 sys=0.00, real=0.00 secs] 
221.474: Total time for which application threads were stopped: 0.0006380 seconds, Stopping threads took: 0.0000590 seconds
221.520: Application time: 0.0465580 seconds
221.520: [GC [PSYoungGen: 14237K->1152K(15360K)] 44043K->30957K(49664K), 0.0005040 secs] [Times: user=0.01 sys=0.00, real=0.00 secs] 
221.521: Total time for which application threads were stopped: 0.0006400 seconds, Stopping threads took: 0.0000800 seconds
221.567: Application time: 0.0460650 seconds
221.567: [GC [PSYoungGen: 14464K->1152K(15360K)] 44269K->31177K(49664K), 0.0005710 secs] [Times: user=0.00 sys=0.00, real=0.00 secs] 
221.568: Total time for which application threads were stopped: 0.0006730 seconds, Stopping threads took: 0.0000470 seconds
221.611: Application time: 0.0434640 seconds
221.611: [GC [PSYoungGen: 14460K->1152K(15360K)] 44486K->31177K(49664K), 0.0005330 secs] [Times: user=0.00 sys=0.00, real=0.00 secs] 
221.612: Total time for which application threads were stopped: 0.0006390 seconds, Stopping threads took: 0.0000500 seconds
221.669: Application time: 0.0573470 seconds
221.669: [GC [PSYoungGen: 14463K->1152K(15360K)] 44489K->31177K(49664K), 0.0005370 secs] [Times: user=0.00 sys=0.00, real=0.00 secs] 
221.670: Total time for which application threads were stopped: 0.0006730 seconds, Stopping threads took: 0.0000800 seconds
221.728: Application time: 0.0582540 seconds
221.728: [GC [PSYoungGen: 14461K->864K(15360K)] 44487K->31110K(49664K), 0.0005750 secs] [Times: user=0.00 sys=0.00, real=0.01 secs] 
221.729: Total time for which application threads were stopped: 0.0006950 seconds, Stopping threads took: 0.0000570 seconds
221.772: Application time: 0.0436520 seconds
221.772: [GC [PSYoungGen: 14173K->960K(15360K)] 44420K->31418K(49664K), 0.0005340 secs] [Times: user=0.00 sys=0.00, real=0.00 secs] 
221.773: Total time for which application threads were stopped: 0.0006500 seconds, Stopping threads took: 0.0000610 seconds
221.821: Application time: 0.0479350 seconds
221.821: [GC [PSYoungGen: 14269K->1184K(15360K)] 44727K->31642K(49664K), 0.0005510 secs] [Times: user=0.01 sys=0.00, real=0.00 secs] 
221.822: Total time for which application threads were stopped: 0.0006800 seconds, Stopping threads took: 0.0000730 seconds
221.861: Application time: 0.0396470 seconds
221.861: [GC [PSYoungGen: 14494K->1248K(15360K)] 44953K->31706K(49664K), 0.0005500 secs] [Times: user=0.01 sys=0.00, real=0.00 secs] 
221.862: Total time for which application threads were stopped: 0.0006600 seconds, Stopping threads took: 0.0000550 seconds
221.919: Application time: 0.0574190 seconds
221.919: [GC [PSYoungGen: 14559K->1248K(15360K)] 45018K->31706K(49664K), 0.0006120 secs] [Times: user=0.00 sys=0.00, real=0.00 secs] 
221.920: Total time for which application threads were stopped: 0.0007320 seconds, Stopping threads took: 0.0000650 seconds
221.976: Application time: 0.0563800 seconds
221.977: Total time for which application threads were stopped: 0.0002040 seconds, Stopping threads took: 0.0001840 seconds
221.977: Application time: 0.0000560 seconds
221.977: [GC [PSYoungGen: 14515K->1344K(15360K)] 45102K->31930K(49664K), 0.0005830 secs] [Times: user=0.00 sys=0.00, real=0.00 secs] 
221.977: Total time for which application threads were stopped: 0.0006620 seconds, Stopping threads took: 0.0000360 seconds
222.018: Application time: 0.0406720 seconds
222.018: [GC [PSYoungGen: 14654K->1488K(15360K)] 45525K->32359K(49664K), 0.0006290 secs] [Times: user=0.01 sys=0.00, real=0.00 secs] 
222.019: Total time for which application threads were stopped: 0.0007260 seconds, Stopping threads took: 0.0000410 seconds
222.074: Application time: 0.0556800 seconds
222.075: [GC [PSYoungGen: 14797K->1440K(15360K)] 45668K->32311K(49664K), 0.0006940 secs] [Times: user=0.00 sys=0.00, real=0.00 secs] 
222.075: Total time for which application threads were stopped: 0.0008180 seconds, Stopping threads took: 0.0000670 seconds
222.132: Application time: 0.0569600 seconds
222.132: [GC [PSYoungGen: 14748K->1504K(15360K)] 45620K->32375K(49664K), 0.0006620 secs] [Times: user=0.00 sys=0.00, real=0.00 secs] 
222.133: Total time for which application threads were stopped: 0.0007660 seconds, Stopping threads took: 0.0000460 seconds
222.187: Application time: 0.0536080 seconds
222.187: [GC [PSYoungGen: 14813K->1760K(15360K)] 45684K->32631K(49664K), 0.0006480 secs] [Times: user=0.00 sys=0.00, real=0.00 secs] 
222.187: Total time for which application threads were stopped: 0.0007460 seconds, Stopping threads took: 0.0000430 seconds
222.220: Application time: 0.0322960 seconds
222.220: [GC [PSYoungGen: 15068K->1888K(15360K)] 45939K->32759K(49664K), 0.0007220 secs] [Times: user=0.00 sys=0.00, real=0.01 secs] 
222.221: Total time for which application threads were stopped: 0.0008470 seconds, Stopping threads took: 0.0000640 seconds
222.265: Application time: 0.0441460 seconds
222.268: [GC [PSYoungGen: 15199K->1904K(15360K)] 46070K->32775K(49664K), 0.0007380 secs] [Times: user=0.00 sys=0.00, real=0.00 secs] 
222.269: Total time for which application threads were stopped: 0.0044270 seconds, Stopping threads took: 0.0036250 seconds
222.325: Application time: 0.0557350 seconds
222.325: [GC [PSYoungGen: 15212K->1920K(15360K)] 46083K->32839K(49664K), 0.0007000 secs] [Times: user=0.01 sys=0.00, real=0.00 secs] 
222.326: Total time for which application threads were stopped: 0.0008240 seconds, Stopping threads took: 0.0000650 seconds
222.384: Application time: 0.0583170 seconds
222.384: [GC [PSYoungGen: 15229K->1888K(15360K)] 46149K->32807K(49664K), 0.0007420 secs] [Times: user=0.01 sys=0.00, real=0.00 secs] 
222.386: Total time for which application threads were stopped: 0.0016760 seconds, Stopping threads took: 0.0000490 seconds
222.442: Application time: 0.0562760 seconds
222.442: [GC [PSYoungGen: 15196K->1968K(15360K)] 46116K->32887K(49664K), 0.0007080 secs] [Times: user=0.00 sys=0.00, real=0.00 secs] 
222.443: Total time for which application threads were stopped: 0.0008360 seconds, Stopping threads took: 0.0000680 seconds
222.501: Application time: 0.0580730 seconds
222.501: [GC [PSYoungGen: 15277K->1904K(15360K)] 46196K->32823K(49664K), 0.0007080 secs] [Times: user=0.01 sys=0.00, real=0.00 secs] 
222.502: Total time for which application threads were stopped: 0.0008150 seconds, Stopping threads took: 0.0000500 seconds
222.560: Application time: 0.0580860 seconds
222.560: [GC [PSYoungGen: 15213K->1840K(15360K)] 46132K->32807K(49664K), 0.0007060 secs] [Times: user=0.01 sys=0.00, real=0.01 secs] 
222.561: Total time for which application threads were stopped: 0.0008070 seconds, Stopping threads took: 0.0000410 seconds
222.617: Application time: 0.0567490 seconds
222.617: [GC [PSYoungGen: 15148K->1632K(15360K)] 46115K->32807K(49664K), 0.0006860 secs] [Times: user=0.00 sys=0.00, real=0.00 secs] 
222.618: Total time for which application threads were stopped: 0.0008150 seconds, Stopping threads took: 0.0000720 seconds
222.676: Application time: 0.0576300 seconds
222.676: [GC [PSYoungGen: 14940K->1632K(15360K)] 46116K->32895K(49664K), 0.0006540 secs] [Times: user=0.00 sys=0.00, real=0.00 secs] 
222.677: Total time for which application threads were stopped: 0.0007640 seconds, Stopping threads took: 0.0000530 seconds
222.736: Application time: 0.0596770 seconds
222.736: [GC [PSYoungGen: 14941K->1632K(15360K)] 46205K->32895K(49664K), 0.0006320 secs] [Times: user=0.00 sys=0.00, real=0.00 secs] 
222.737: Total time for which application threads were stopped: 0.0007620 seconds, Stopping threads took: 0.0000660 seconds
222.796: Application time: 0.0588930 seconds
222.796: [GC [PSYoungGen: 14941K->1376K(15360K)] 46205K->32887K(49664K), 0.0006200 secs] [Times: user=0.01 sys=0.00, real=0.00 secs] 
222.797: Total time for which application threads were stopped: 0.0007640 seconds, Stopping threads took: 0.0000750 seconds
222.855: Application time: 0.0586450 seconds
222.855: [GC [PSYoungGen: 14685K->1168K(15360K)] 46197K->32924K(49664K), 0.0005900 secs] [Times: user=0.01 sys=0.00, real=0.00 secs] 
222.856: Total time for which application threads were stopped: 0.0007060 seconds, Stopping threads took: 0.0000590 seconds
222.915: Application time: 0.0592650 seconds
222.915: [GC [PSYoungGen: 14477K->1120K(15360K)] 46233K->32876K(49664K), 0.0005450 secs] [Times: user=0.00 sys=0.00, real=0.00 secs] 
222.916: Total time for which application threads were stopped: 0.0006660 seconds, Stopping threads took: 0.0000650 seconds
222.975: Application time: 0.0591780 seconds
222.975: [GC [PSYoungGen: 14429K->1184K(15360K)] 46185K->32940K(49664K), 0.0005500 secs] [Times: user=0.00 sys=0.00, real=0.00 secs] 
222.976: Total time for which application threads were stopped: 0.0006690 seconds, Stopping threads took: 0.0000630 seconds
223.035: Application time: 0.0589500 seconds
223.035: [GC [PSYoungGen: 14493K->960K(15360K)] 46249K->32964K(49664K), 0.0005570 secs] [Times: user=0.00 sys=0.00, real=0.00 secs] 
223.035: Total time for which application threads were stopped: 0.0006690 seconds, Stopping threads took: 0.0000560 seconds
223.082: Application time: 0.0461600 seconds
223.082: [GC [PSYoungGen: 14269K->1152K(15360K)] 46274K->33156K(49664K), 0.0005230 secs] [Times: user=0.00 sys=0.00, real=0.00 secs] 
223.082: Total time for which application threads were stopped: 0.0006520 seconds, Stopping threads took: 0.0000710 seconds
223.134: Application time: 0.0522890 seconds
223.135: [GC [PSYoungGen: 14463K->960K(15360K)] 46468K->33209K(49664K), 0.0005910 secs] [Times: user=0.00 sys=0.00, real=0.00 secs] 
223.135: Total time for which application threads were stopped: 0.0006850 seconds, Stopping threads took: 0.0000380 seconds
223.192: Application time: 0.0571990 seconds
223.192: [GC [PSYoungGen: 14271K->896K(15360K)] 46520K->33145K(49664K), 0.0005150 secs] [Times: user=0.00 sys=0.00, real=0.00 secs] 
223.193: Total time for which application threads were stopped: 0.0006350 seconds, Stopping threads took: 0.0000650 seconds
223.238: Application time: 0.0447210 seconds
223.238: [GC [PSYoungGen: 14205K->1088K(15360K)] 46454K->33337K(49664K), 0.0005830 secs] [Times: user=0.01 sys=0.00, real=0.00 secs] 
223.238: Total time for which application threads were stopped: 0.0006930 seconds, Stopping threads took: 0.0000560 seconds
223.292: Application time: 0.0533610 seconds
223.292: [GC [PSYoungGen: 14399K->928K(15360K)] 46648K->33405K(49664K), 0.0005440 secs] [Times: user=0.00 sys=0.00, real=0.00 secs] 
223.292: Total time for which application threads were stopped: 0.0006580 seconds, Stopping threads took: 0.0000560 seconds
223.334: Application time: 0.0410870 seconds
223.334: [GC [PSYoungGen: 14235K->1120K(15360K)] 46713K->33597K(49664K), 0.0005450 secs] [Times: user=0.01 sys=0.00, real=0.00 secs] 
223.334: Total time for which application threads were stopped: 0.0006790 seconds, Stopping threads took: 0.0000690 seconds
223.389: Application time: 0.0546680 seconds
223.389: [GC [PSYoungGen: 14431K->1312K(15360K)] 46909K->33789K(49664K), 0.0005560 secs] [Times: user=0.01 sys=0.00, real=0.00 secs] 
223.390: Total time for which application threads were stopped: 0.0006690 seconds, Stopping threads took: 0.0000580 seconds
223.448: Application time: 0.0583990 seconds
223.448: [GC [PSYoungGen: 14621K->992K(15360K)] 47099K->33690K(49664K), 0.0005000 secs] [Times: user=0.01 sys=0.00, real=0.01 secs] 
223.449: Total time for which application threads were stopped: 0.0006140 seconds, Stopping threads took: 0.0000610 seconds
223.494: Application time: 0.0454680 seconds
223.494: [GC [PSYoungGen: 14302K->1024K(15360K)] 47000K->33954K(49664K), 0.0005640 secs] [Times: user=0.00 sys=0.00, real=0.00 secs] 
223.495: Total time for which application threads were stopped: 0.0006690 seconds, Stopping threads took: 0.0000490 seconds
223.544: Application time: 0.0491000 seconds
223.544: [GC [PSYoungGen: 14335K->1024K(15360K)] 47266K->33954K(49664K), 0.0005120 secs] [Times: user=0.00 sys=0.00, real=0.00 secs] 
223.544: Total time for which application threads were stopped: 0.0006250 seconds, Stopping threads took: 0.0000560 seconds
223.585: Application time: 0.0407660 seconds
223.585: [GC [PSYoungGen: 14332K->1216K(15360K)] 47262K->34146K(49664K), 0.0005510 secs] [Times: user=0.00 sys=0.00, real=0.00 secs] 
223.586: Total time for which application threads were stopped: 0.0006460 seconds, Stopping threads took: 0.0000410 seconds
223.640: Application time: 0.0536690 seconds
223.640: [GC [PSYoungGen: 14527K->1216K(15360K)] 47457K->34146K(49664K), 0.0006170 secs] [Times: user=0.00 sys=0.00, real=0.00 secs] 
223.640: Total time for which application threads were stopped: 0.0007400 seconds, Stopping threads took: 0.0000620 seconds
223.696: Application time: 0.0557660 seconds
223.696: [GC [PSYoungGen: 14525K->1248K(15360K)] 47455K->34178K(49664K), 0.0005780 secs] [Times: user=0.01 sys=0.00, real=0.00 secs] 
223.697: Total time for which application threads were stopped: 0.0007050 seconds, Stopping threads took: 0.0000700 seconds
223.738: Application time: 0.0407780 seconds
223.738: [GC [PSYoungGen: 14556K->1456K(15360K)] 47486K->34386K(49664K), 0.0006180 secs] [Times: user=0.01 sys=0.00, real=0.00 secs] 
223.738: Total time for which application threads were stopped: 0.0007370 seconds, Stopping threads took: 0.0000630 seconds
223.792: Application time: 0.0537180 seconds
223.792: [GC [PSYoungGen: 14764K->1536K(15360K)] 47695K->34466K(49664K), 0.0006570 secs] [Times: user=0.01 sys=0.00, real=0.00 secs] 
223.793: Total time for which application threads were stopped: 0.0007670 seconds, Stopping threads took: 0.0000510 seconds
223.850: Application time: 0.0574080 seconds
223.850: [GC [PSYoungGen: 14847K->1504K(15360K)] 47777K->34434K(49664K), 0.0006440 secs] [Times: user=0.01 sys=0.00, real=0.00 secs] 
223.851: Total time for which application threads were stopped: 0.0007700 seconds, Stopping threads took: 0.0000580 seconds
223.898: Application time: 0.0468750 seconds
223.898: [GC [PSYoungGen: 14812K->1728K(15360K)] 47742K->34658K(49664K), 0.0006730 secs] [Times: user=0.00 sys=0.00, real=0.00 secs] 
223.899: Total time for which application threads were stopped: 0.0007420 seconds, Stopping threads took: 0.0000130 seconds
223.940: Application time: 0.0410620 seconds
223.940: [GC [PSYoungGen: 15037K->1904K(15360K)] 47967K->34834K(49664K), 0.0007090 secs] [Times: user=0.00 sys=0.01, real=0.01 secs] 
223.940: Total time for which application threads were stopped: 0.0008440 seconds, Stopping threads took: 0.0000760 seconds
223.982: Application time: 0.0420160 seconds
223.983: [GC [PSYoungGen: 15212K->1968K(15360K)] 48142K->34898K(49664K), 0.0007310 secs] [Times: user=0.00 sys=0.00, real=0.00 secs] 
223.983: Total time for which application threads were stopped: 0.0008530 seconds, Stopping threads took: 0.0000640 seconds
224.039: Application time: 0.0554790 seconds
224.039: [GC [PSYoungGen: 15276K->1920K(15360K)] 48207K->34850K(49664K), 0.0007220 secs] [Times: user=0.00 sys=0.00, real=0.00 secs] 
224.040: Total time for which application threads were stopped: 0.0008360 seconds, Stopping threads took: 0.0000570 seconds
224.098: Application time: 0.0582400 seconds
224.098: [GC [PSYoungGen: 15229K->1888K(15360K)] 48160K->34866K(49664K), 0.0007530 secs] [Times: user=0.00 sys=0.00, real=0.00 secs] 
224.099: Total time for which application threads were stopped: 0.0011170 seconds, Stopping threads took: 0.0003000 seconds
224.155: Application time: 0.0562480 seconds
224.155: [GC [PSYoungGen: 15196K->1872K(15360K)] 48175K->34850K(49664K), 0.0006950 secs] [Times: user=0.00 sys=0.00, real=0.00 secs] 
224.156: Total time for which application threads were stopped: 0.0008270 seconds, Stopping threads took: 0.0000640 seconds
224.214: Application time: 0.0579880 seconds
224.214: [GC [PSYoungGen: 15181K->1840K(15360K)] 48160K->34818K(49664K), 0.0007310 secs] [Times: user=0.00 sys=0.00, real=0.00 secs] 
224.215: Total time for which application threads were stopped: 0.0008540 seconds, Stopping threads took: 0.0000640 seconds
224.273: Application time: 0.0582370 seconds
224.273: [GC [PSYoungGen: 15149K->1856K(15360K)] 48128K->34890K(49664K), 0.0007030 secs] [Times: user=0.00 sys=0.00, real=0.00 secs] 
224.274: Total time for which application threads were stopped: 0.0008380 seconds, Stopping threads took: 0.0000750 seconds
224.330: Application time: 0.0564720 seconds
224.331: [GC [PSYoungGen: 15164K->1664K(15360K)] 48199K->34903K(49664K), 0.0006810 secs] [Times: user=0.01 sys=0.00, real=0.00 secs] 
224.331: Total time for which application threads were stopped: 0.0007760 seconds, Stopping threads took: 0.0000380 seconds
224.388: Application time: 0.0565500 seconds
224.388: [GC [PSYoungGen: 14972K->1680K(15360K)] 48211K->34967K(49664K), 0.0007030 secs] [Times: user=0.00 sys=0.00, real=0.01 secs] 
224.389: Total time for which application threads were stopped: 0.0008240 seconds, Stopping threads took: 0.0000570 seconds
224.448: Application time: 0.0591160 seconds
224.448: [GC [PSYoungGen: 14989K->1632K(15360K)] 48276K->34959K(49664K), 0.0006470 secs] [Times: user=0.01 sys=0.00, real=0.01 secs] 
224.449: Total time for which application threads were stopped: 0.0007610 seconds, Stopping threads took: 0.0000570 seconds
224.507: Application time: 0.0588420 seconds
224.507: [GC [PSYoungGen: 14941K->1376K(15360K)] 48268K->34943K(49664K), 0.0007090 secs] [Times: user=0.00 sys=0.00, real=0.00 secs] 
224.508: Total time for which application threads were stopped: 0.0008400 seconds, Stopping threads took: 0.0000780 seconds
224.567: Application time: 0.0588250 seconds
224.567: [GC [PSYoungGen: 14685K->1120K(15360K)] 48252K->34927K(49664K), 0.0005910 secs] [Times: user=0.00 sys=0.00, real=0.00 secs] 
224.568: Total time for which application threads were stopped: 0.0007060 seconds, Stopping threads took: 0.0000600 seconds
224.627: Application time: 0.0596520 seconds
224.627: [GC [PSYoungGen: 14429K->1184K(15360K)] 48236K->34991K(49664K), 0.0005530 secs] [Times: user=0.00 sys=0.00, real=0.00 secs] 
224.628: Total time for which application threads were stopped: 0.0006770 seconds, Stopping threads took: 0.0000690 seconds
224.688: Application time: 0.0595700 seconds
224.688: [GC [PSYoungGen: 14493K->1152K(15360K)] 48300K->34959K(49664K), 0.0005480 secs] [Times: user=0.00 sys=0.00, real=0.01 secs] 
224.688: Total time for which application threads were stopped: 0.0006530 seconds, Stopping threads took: 0.0000480 seconds
224.747: Application time: 0.0587760 seconds
224.747: [GC [PSYoungGen: 14461K->1088K(15360K)] 48268K->34943K(49664K), 0.0005660 secs] [Times: user=0.01 sys=0.00, real=0.00 secs] 
224.748: Total time for which application threads were stopped: 0.0006720 seconds, Stopping threads took: 0.0000490 seconds
224.795: Application time: 0.0472230 seconds
224.795: [GC [PSYoungGen: 14397K->1152K(15360K)] 48252K->35215K(49664K), 0.0005660 secs] [Times: user=0.01 sys=0.00, real=0.00 secs] 
224.796: [Full GC [PSYoungGen: 1152K->0K(15360K)] [ParOldGen: 34063K->3511K(34304K)] 35215K->3511K(49664K) [PSPermGen: 5581K->5581K(21504K)], 0.0056160 secs] [Times: user=0.02 sys=0.00, real=0.01 secs] 
224.801: Total time for which application threads were stopped: 0.0063460 seconds, Stopping threads took: 0.0000560 seconds
224.852: Application time: 0.0508360 seconds
224.852: [GC [PSYoungGen: 13309K->352K(15360K)] 16821K->3863K(49664K), 0.0003820 secs] [Times: user=0.00 sys=0.00, real=0.00 secs] 
224.853: Total time for which application threads were stopped: 0.0004860 seconds, Stopping threads took: 0.0000480 seconds
224.910: Application time: 0.0571680 seconds
224.910: [GC [PSYoungGen: 13663K->384K(15360K)] 17175K->3895K(49664K), 0.0003880 secs] [Times: user=0.00 sys=0.00, real=0.00 secs] 
224.910: Total time for which application threads were stopped: 0.0005200 seconds, Stopping threads took: 0.0000600 seconds
224.956: Application time: 0.0456640 seconds
224.956: [GC [PSYoungGen: 13693K->480K(15360K)] 17205K->3991K(49664K), 0.0004510 secs] [Times: user=0.00 sys=0.00, real=0.00 secs] 
224.957: Total time for which application threads were stopped: 0.0005670 seconds, Stopping threads took: 0.0000590 seconds
225.009: Application time: 0.0521910 seconds
225.009: [GC [PSYoungGen: 13790K->544K(15360K)] 17302K->4055K(49664K), 0.0003990 secs] [Times: user=0.00 sys=0.00, real=0.00 secs] 
225.009: Total time for which application threads were stopped: 0.0005150 seconds, Stopping threads took: 0.0000570 seconds
225.050: Application time: 0.0407740 seconds
225.050: [GC [PSYoungGen: 13852K->800K(15360K)] 17364K->4311K(49664K), 0.0004330 secs] [Times: user=0.01 sys=0.00, real=0.00 secs] 
225.051: Total time for which application threads were stopped: 0.0005480 seconds, Stopping threads took: 0.0000590 seconds
225.105: Application time: 0.0547970 seconds
225.105: [GC [PSYoungGen: 14109K->768K(15360K)] 17620K->4279K(49664K), 0.0004350 secs] [Times: user=0.00 sys=0.00, real=0.00 secs] 
225.106: Total time for which application threads were stopped: 0.0005420 seconds, Stopping threads took: 0.0000520 seconds
225.163: Application time: 0.0568890 seconds
225.163: [GC [PSYoungGen: 14079K->736K(15360K)] 17591K->4247K(49664K), 0.0004210 secs] [Times: user=0.01 sys=0.00, real=0.00 secs] 
225.163: Total time for which application threads were stopped: 0.0005530 seconds, Stopping threads took: 0.0000730 seconds
225.210: Application time: 0.0467220 seconds
225.210: [GC [PSYoungGen: 14044K->928K(15360K)] 17555K->4439K(49664K), 0.0004520 secs] [Times: user=0.00 sys=0.00, real=0.00 secs] 
225.211: Total time for which application threads were stopped: 0.0005650 seconds, Stopping threads took: 0.0000560 seconds
225.257: Application time: 0.0463670 seconds
225.257: [GC [PSYoungGen: 14239K->1344K(15360K)] 17750K->4855K(49664K), 0.0005350 secs] [Times: user=0.01 sys=0.00, real=0.00 secs] 
225.258: Total time for which application threads were stopped: 0.0006500 seconds, Stopping threads took: 0.0000610 seconds
225.301: Application time: 0.0434450 seconds
225.301: [GC [PSYoungGen: 14655K->1200K(15360K)] 18167K->4711K(49664K), 0.0005640 secs] [Times: user=0.00 sys=0.00, real=0.00 secs] 
225.302: Total time for which application threads were stopped: 0.0006680 seconds, Stopping threads took: 0.0000480 seconds
225.354: Application time: 0.0519110 seconds
225.354: [GC [PSYoungGen: 14508K->1216K(15360K)] 18020K->4727K(49664K), 0.0005090 secs] [Times: user=0.00 sys=0.00, real=0.00 secs] 
225.354: Total time for which application threads were stopped: 0.0006320 seconds, Stopping threads took: 0.0000670 seconds
225.410: Application time: 0.0558660 seconds
225.410: [GC [PSYoungGen: 14525K->1280K(15360K)] 18037K->4791K(49664K), 0.0005420 secs] [Times: user=0.00 sys=0.00, real=0.00 secs] 
225.411: Total time for which application threads were stopped: 0.0006590 seconds, Stopping threads took: 0.0000520 seconds
225.455: Application time: 0.0441530 seconds
225.455: [GC [PSYoungGen: 14589K->1520K(15360K)] 18101K->5031K(49664K), 0.0005800 secs] [Times: user=0.01 sys=0.00, real=0.00 secs] 
225.456: Total time for which application threads were stopped: 0.0007040 seconds, Stopping threads took: 0.0000680 seconds
225.507: Application time: 0.0509740 seconds
225.507: [GC [PSYoungGen: 14831K->1504K(15360K)] 18343K->5015K(49664K), 0.0006630 secs] [Times: user=0.01 sys=0.00, real=0.00 secs] 
225.508: Total time for which application threads were stopped: 0.0007850 seconds, Stopping threads took: 0.0000620 seconds
225.564: Application time: 0.0566810 seconds
225.564: [GC [PSYoungGen: 14812K->1504K(15360K)] 18324K->5015K(49664K), 0.0005790 secs] [Times: user=0.00 sys=0.00, real=0.00 secs] 
225.565: Total time for which application threads were stopped: 0.0006890 seconds, Stopping threads took: 0.0000510 seconds
225.615: Application time: 0.0504900 seconds
225.615: [GC [PSYoungGen: 14814K->1664K(15360K)] 18326K->5175K(49664K), 0.0006220 secs] [Times: user=0.00 sys=0.00, real=0.00 secs] 
225.616: Total time for which application threads were stopped: 0.0007400 seconds, Stopping threads took: 0.0000640 seconds
225.654: Application time: 0.0377520 seconds
225.654: [GC [PSYoungGen: 14974K->1872K(15360K)] 18485K->5383K(49664K), 0.0006540 secs] [Times: user=0.00 sys=0.00, real=0.00 secs] 
225.655: Total time for which application threads were stopped: 0.0007690 seconds, Stopping threads took: 0.0000590 seconds
225.698: Application time: 0.0431130 seconds
225.698: [GC [PSYoungGen: 15182K->1744K(15360K)] 18694K->5255K(49664K), 0.0006200 secs] [Times: user=0.00 sys=0.00, real=0.00 secs] 
225.698: Total time for which application threads were stopped: 0.0007310 seconds, Stopping threads took: 0.0000550 seconds
225.753: Application time: 0.0544450 seconds
225.753: [GC [PSYoungGen: 15054K->1904K(15360K)] 18565K->5415K(49664K), 0.0006680 secs] [Times: user=0.00 sys=0.00, real=0.00 secs] 
225.754: Total time for which application threads were stopped: 0.0007840 seconds, Stopping threads took: 0.0000600 seconds
225.812: Application time: 0.0578600 seconds
225.812: [GC [PSYoungGen: 15213K->1872K(15360K)] 18725K->5431K(49664K), 0.0007300 secs] [Times: user=0.01 sys=0.00, real=0.00 secs] 
225.812: Total time for which application threads were stopped: 0.0008390 seconds, Stopping threads took: 0.0000510 seconds
225.869: Application time: 0.0570730 seconds
225.870: [GC [PSYoungGen: 15183K->1840K(15360K)] 18743K->5399K(49664K), 0.0006510 secs] [Times: user=0.01 sys=0.00, real=0.00 secs] 
225.870: Total time for which application threads were stopped: 0.0007530 seconds, Stopping threads took: 0.0000460 seconds
225.927: Application time: 0.0571850 seconds
225.928: [GC [PSYoungGen: 15151K->1888K(15360K)] 18711K->5447K(49664K), 0.0006520 secs] [Times: user=0.01 sys=0.00, real=0.00 secs] 
225.928: Total time for which application threads were stopped: 0.0007820 seconds, Stopping threads took: 0.0000620 seconds
225.987: Application time: 0.0584110 seconds
225.987: [GC [PSYoungGen: 15197K->1872K(15360K)] 18757K->5487K(49664K), 0.0006810 secs] [Times: user=0.00 sys=0.00, real=0.00 secs] 
225.987: Total time for which application threads were stopped: 0.0008070 seconds, Stopping threads took: 0.0000690 seconds
226.044: Application time: 0.0564080 seconds
226.044: [GC [PSYoungGen: 15180K->1664K(15360K)] 18796K->5484K(49664K), 0.0006850 secs] [Times: user=0.00 sys=0.00, real=0.00 secs] 
226.045: Total time for which application threads were stopped: 0.0007980 seconds, Stopping threads took: 0.0000550 seconds
226.102: Application time: 0.0571440 seconds
226.102: [GC [PSYoungGen: 14972K->1664K(15360K)] 18793K->5532K(49664K), 0.0005930 secs] [Times: user=0.00 sys=0.00, real=0.00 secs] 
226.103: Total time for which application threads were stopped: 0.0007090 seconds, Stopping threads took: 0.0000600 seconds
226.162: Application time: 0.0591020 seconds
226.164: [GC [PSYoungGen: 14973K->1568K(15360K)] 18841K->5484K(49664K), 0.0006460 secs] [Times: user=0.00 sys=0.00, real=0.00 secs] 
226.165: Total time for which application threads were stopped: 0.0033720 seconds, Stopping threads took: 0.0026680 seconds
226.224: Application time: 0.0590800 seconds
226.224: [GC [PSYoungGen: 14877K->1408K(15360K)] 18793K->5577K(49664K), 0.0005880 secs] [Times: user=0.00 sys=0.00, real=0.00 secs] 
226.225: Total time for which application threads were stopped: 0.0007100 seconds, Stopping threads took: 0.0000650 seconds
226.284: Application time: 0.0590360 seconds
226.284: [GC [PSYoungGen: 14717K->1184K(15360K)] 18886K->5605K(49664K), 0.0005370 secs] [Times: user=0.00 sys=0.01, real=0.00 secs] 
226.284: Total time for which application threads were stopped: 0.0006540 seconds, Stopping threads took: 0.0000600 seconds
226.344: Application time: 0.0592000 seconds
226.344: [GC [PSYoungGen: 14495K->1152K(15360K)] 18917K->5573K(49664K), 0.0005100 secs] [Times: user=0.00 sys=0.00, real=0.00 secs] 
226.344: Total time for which application threads were stopped: 0.0006360 seconds, Stopping threads took: 0.0000610 seconds
226.404: Application time: 0.0593800 seconds
226.404: [GC [PSYoungGen: 14461K->1136K(15360K)] 18883K->5557K(49664K), 0.0005130 secs] [Times: user=0.00 sys=0.00, real=0.00 secs] 
226.404: Total time for which application threads were stopped: 0.0006430 seconds, Stopping threads took: 0.0000770 seconds
226.465: Application time: 0.0604850 seconds
226.467: [GC [PSYoungGen: 14447K->1120K(15360K)] 18869K->5589K(49664K), 0.0004720 secs] [Times: user=0.01 sys=0.00, real=0.00 secs] 
226.467: Total time for which application threads were stopped: 0.0025230 seconds, Stopping threads took: 0.0019850 seconds
226.513: Application time: 0.0458510 seconds
226.513: [GC [PSYoungGen: 14431K->1136K(15360K)] 18901K->5834K(49664K), 0.0004870 secs] [Times: user=0.00 sys=0.00, real=0.00 secs] 
226.514: Total time for which application threads were stopped: 0.0006560 seconds, Stopping threads took: 0.0001150 seconds
226.567: Application time: 0.0534930 seconds
226.567: [GC [PSYoungGen: 14447K->1120K(15360K)] 19145K->5882K(49664K), 0.0005050 secs] [Times: user=0.00 sys=0.00, real=0.00 secs] 
226.568: Total time for which application threads were stopped: 0.0006170 seconds, Stopping threads took: 0.0000540 seconds
226.626: Application time: 0.0576650 seconds
226.626: [GC [PSYoungGen: 14428K->928K(15360K)] 19191K->5894K(49664K), 0.0005340 secs] [Times: user=0.01 sys=0.00, real=0.00 secs] 
226.626: Total time for which application threads were stopped: 0.0006410 seconds, Stopping threads took: 0.0000510 seconds
226.668: Application time: 0.0421620 seconds
226.669: [GC [PSYoungGen: 14237K->1120K(15360K)] 19204K->6086K(49664K), 0.0005480 secs] [Times: user=0.00 sys=0.00, real=0.00 secs] 
226.669: Total time for which application threads were stopped: 0.0006580 seconds, Stopping threads took: 0.0000520 seconds
226.724: Application time: 0.0548530 seconds
226.724: [GC [PSYoungGen: 14428K->1120K(15360K)] 19395K->6086K(49664K), 0.0004860 secs] [Times: user=0.00 sys=0.00, real=0.00 secs] 
226.725: Total time for which application threads were stopped: 0.0005990 seconds, Stopping threads took: 0.0000560 seconds
226.766: Application time: 0.0414670 seconds
226.766: [GC [PSYoungGen: 14431K->1120K(15360K)] 19398K->6286K(49664K), 0.0005390 secs] [Times: user=0.01 sys=0.00, real=0.00 secs] 
226.767: Total time for which application threads were stopped: 0.0006520 seconds, Stopping threads took: 0.0000570 seconds
226.820: Application time: 0.0537310 seconds
226.824: [GC [PSYoungGen: 14428K->1120K(15360K)] 19595K->6286K(49664K), 0.0005120 secs] [Times: user=0.00 sys=0.00, real=0.00 secs] 
226.825: Total time for which application threads were stopped: 0.0044340 seconds, Stopping threads took: 0.0038650 seconds
226.883: Application time: 0.0578980 seconds
226.883: [GC [PSYoungGen: 14428K->960K(15360K)] 19595K->6331K(49664K), 0.0004900 secs] [Times: user=0.00 sys=0.00, real=0.00 secs] 
226.883: Total time for which application threads were stopped: 0.0006050 seconds, Stopping threads took: 0.0000570 seconds
226.931: Application time: 0.0475920 seconds
226.931: [GC [PSYoungGen: 14268K->960K(15360K)] 19639K->6539K(49664K), 0.0005080 secs] [Times: user=0.01 sys=0.00, real=0.00 secs] 
226.932: Total time for which application threads were stopped: 0.0006170 seconds, Stopping threads took: 0.0000550 seconds
226.978: Application time: 0.0463300 seconds
226.978: [GC [PSYoungGen: 14269K->1152K(15360K)] 19848K->6731K(49664K), 0.0004840 secs] [Times: user=0.00 sys=0.00, real=0.00 secs] 
226.979: Total time for which application threads were stopped: 0.0005950 seconds, Stopping threads took: 0.0000460 seconds
227.020: Application time: 0.0415860 seconds
227.020: [GC [PSYoungGen: 14461K->1216K(15360K)] 20040K->6795K(49664K), 0.0005660 secs] [Times: user=0.00 sys=0.00, real=0.01 secs] 
227.021: Total time for which application threads were stopped: 0.0006720 seconds, Stopping threads took: 0.0000500 seconds
227.072: Application time: 0.0516840 seconds
227.073: [GC [PSYoungGen: 14527K->1280K(15360K)] 20107K->6859K(49664K), 0.0005480 secs] [Times: user=0.00 sys=0.00, real=0.00 secs] 
227.073: Total time for which application threads were stopped: 0.0006500 seconds, Stopping threads took: 0.0000460 seconds
227.130: Application time: 0.0568250 seconds
227.130: [GC [PSYoungGen: 14588K->1280K(15360K)] 20167K->6859K(49664K), 0.0005720 secs] [Times: user=0.00 sys=0.00, real=0.00 secs] 
227.131: Total time for which application threads were stopped: 0.0006710 seconds, Stopping threads took: 0.0000450 seconds
227.180: Application time: 0.0491220 seconds
227.180: [GC [PSYoungGen: 14590K->1504K(15360K)] 20169K->7083K(49664K), 0.0005750 secs] [Times: user=0.00 sys=0.00, real=0.01 secs] 
227.180: Total time for which application threads were stopped: 0.0006760 seconds, Stopping threads took: 0.0000450 seconds
227.226: Application time: 0.0456860 seconds
227.226: [GC [PSYoungGen: 14815K->1520K(15360K)] 20394K->7099K(49664K), 0.0005630 secs] [Times: user=0.00 sys=0.00, real=0.00 secs] 
227.227: Total time for which application threads were stopped: 0.0006860 seconds, Stopping threads took: 0.0000670 seconds
227.284: Application time: 0.0568010 seconds
227.284: [GC [PSYoungGen: 14828K->1504K(15360K)] 20407K->7083K(49664K), 0.0005830 secs] [Times: user=0.00 sys=0.00, real=0.00 secs] 
227.284: Total time for which application threads were stopped: 0.0007030 seconds, Stopping threads took: 0.0000620 seconds
227.338: Application time: 0.0534380 seconds
227.338: [GC [PSYoungGen: 14815K->1696K(15360K)] 20395K->7275K(49664K), 0.0006160 secs] [Times: user=0.00 sys=0.00, real=0.00 secs] 
227.338: Total time for which application threads were stopped: 0.0007230 seconds, Stopping threads took: 0.0000510 seconds
227.378: Application time: 0.0399200 seconds
227.378: [GC [PSYoungGen: 15007K->1904K(15360K)] 20586K->7483K(49664K), 0.0006700 secs] [Times: user=0.00 sys=0.00, real=0.00 secs] 
227.379: Total time for which application threads were stopped: 0.0007710 seconds, Stopping threads took: 0.0000450 seconds
227.418: Application time: 0.0389370 seconds
227.418: [GC [PSYoungGen: 15211K->1936K(15360K)] 20791K->7515K(49664K), 0.0007050 secs] [Times: user=0.01 sys=0.00, real=0.00 secs] 
227.420: Total time for which application threads were stopped: 0.0017250 seconds, Stopping threads took: 0.0000580 seconds
227.473: Application time: 0.0536550 seconds
227.474: [GC [PSYoungGen: 15244K->1904K(15360K)] 20824K->7483K(49664K), 0.0007330 secs] [Times: user=0.00 sys=0.00, real=0.00 secs] 
227.474: Total time for which application threads were stopped: 0.0008740 seconds, Stopping threads took: 0.0000800 seconds
227.531: Application time: 0.0569220 seconds
227.531: [GC [PSYoungGen: 15213K->1904K(15360K)] 20792K->7531K(49664K), 0.0007050 secs] [Times: user=0.01 sys=0.00, real=0.00 secs] 
227.532: Total time for which application threads were stopped: 0.0008450 seconds, Stopping threads took: 0.0000730 seconds
227.589: Application time: 0.0568310 seconds
227.589: [GC [PSYoungGen: 15215K->1952K(15360K)] 20842K->7579K(49664K), 0.0006970 secs] [Times: user=0.01 sys=0.00, real=0.00 secs] 
227.590: Total time for which application threads were stopped: 0.0008010 seconds, Stopping threads took: 0.0000490 seconds
227.648: Application time: 0.0578550 seconds
227.648: [GC [PSYoungGen: 15263K->1840K(15360K)] 20890K->7467K(49664K), 0.0007070 secs] [Times: user=0.00 sys=0.00, real=0.01 secs] 
227.648: Total time for which application threads were stopped: 0.0008160 seconds, Stopping threads took: 0.0000540 seconds
227.707: Application time: 0.0581530 seconds
227.708: [GC [PSYoungGen: 15149K->1616K(15360K)] 20776K->7483K(49664K), 0.0006860 secs] [Times: user=0.01 sys=0.00, real=0.00 secs] 
227.709: Total time for which application threads were stopped: 0.0024470 seconds, Stopping threads took: 0.0017010 seconds
227.766: Application time: 0.0572730 seconds
227.766: [GC [PSYoungGen: 14925K->1744K(15360K)] 20792K->7611K(49664K), 0.0006010 secs] [Times: user=0.01 sys=0.00, real=0.00 secs] 
227.767: Total time for which application threads were stopped: 0.0007130 seconds, Stopping threads took: 0.0000510 seconds
227.823: Application time: 0.0557740 seconds
227.823: [GC [PSYoungGen: 15054K->1632K(15360K)] 20922K->7499K(49664K), 0.0006490 secs] [Times: user=0.00 sys=0.00, real=0.00 secs] 
227.824: Total time for which application threads were stopped: 0.0007620 seconds, Stopping threads took: 0.0000580 seconds
227.882: Application time: 0.0583060 seconds
227.882: [GC [PSYoungGen: 14941K->1408K(15360K)] 20809K->7576K(49664K), 0.0006380 secs] [Times: user=0.00 sys=0.00, real=0.00 secs] 
227.883: Total time for which application threads were stopped: 0.0007600 seconds, Stopping threads took: 0.0000670 seconds
227.941: Application time: 0.0587950 seconds
227.942: [GC [PSYoungGen: 14717K->1376K(15360K)] 20885K->7544K(49664K), 0.0005600 secs] [Times: user=0.00 sys=0.00, real=0.00 secs] 
227.942: Total time for which application threads were stopped: 0.0006850 seconds, Stopping threads took: 0.0000650 seconds
228.003: Application time: 0.0606510 seconds
228.003: [GC [PSYoungGen: 14685K->1120K(15360K)] 20853K->7532K(49664K), 0.0005370 secs] [Times: user=0.00 sys=0.00, real=0.00 secs] 
228.003: Total time for which application threads were stopped: 0.0006470 seconds, Stopping threads took: 0.0000560 seconds
228.062: Application time: 0.0587440 seconds
228.062: [GC [PSYoungGen: 14429K->1120K(15360K)] 20842K->7532K(49664K), 0.0004890 secs] [Times: user=0.00 sys=0.00, real=0.00 secs] 
228.063: Total time for which application threads were stopped: 0.0006110 seconds, Stopping threads took: 0.0000550 seconds
228.122: Application time: 0.0596280 seconds
228.124: [GC [PSYoungGen: 14429K->1104K(15360K)] 20842K->7516K(49664K), 0.0005090 secs] [Times: user=0.01 sys=0.00, real=0.00 secs] 
228.125: Total time for which application threads were stopped: 0.0024510 seconds, Stopping threads took: 0.0018860 seconds
228.184: Application time: 0.0594540 seconds
228.184: [GC [PSYoungGen: 14413K->1120K(15360K)] 20826K->7588K(49664K), 0.0005060 secs] [Times: user=0.00 sys=0.00, real=0.00 secs] 
228.185: Total time for which application threads were stopped: 0.0006100 seconds, Stopping threads took: 0.0000500 seconds
228.234: Application time: 0.0494730 seconds
228.234: [GC [PSYoungGen: 14428K->1120K(15360K)] 20897K->7801K(49664K), 0.0005390 secs] [Times: user=0.00 sys=0.00, real=0.00 secs] 
228.235: Total time for which application threads were stopped: 0.0006490 seconds, Stopping threads took: 0.0000570 seconds
228.284: Application time: 0.0485430 seconds
228.284: [GC [PSYoungGen: 14431K->960K(15360K)] 21113K->7861K(49664K), 0.0004900 secs] [Times: user=0.00 sys=0.00, real=0.00 secs] 
228.284: Total time for which application threads were stopped: 0.0006110 seconds, Stopping threads took: 0.0000670 seconds
228.341: Application time: 0.0569450 seconds
228.341: [GC [PSYoungGen: 14271K->928K(15360K)] 21173K->7885K(49664K), 0.0004830 secs] [Times: user=0.00 sys=0.00, real=0.00 secs] 
228.342: Total time for which application threads were stopped: 0.0006040 seconds, Stopping threads took: 0.0000600 seconds
228.383: Application time: 0.0412700 seconds
228.383: [GC [PSYoungGen: 14240K->1088K(15360K)] 21197K->8045K(49664K), 0.0005590 secs] [Times: user=0.00 sys=0.00, real=0.00 secs] 
228.384: Total time for which application threads were stopped: 0.0006710 seconds, Stopping threads took: 0.0000590 seconds
228.439: Application time: 0.0557270 seconds
228.440: [GC [PSYoungGen: 14399K->1120K(15360K)] 21357K->8077K(49664K), 0.0005370 secs] [Times: user=0.00 sys=0.00, real=0.00 secs] 
228.440: Total time for which application threads were stopped: 0.0006770 seconds, Stopping threads took: 0.0000850 seconds
228.481: Application time: 0.0412540 seconds
228.481: [GC [PSYoungGen: 14429K->1120K(15360K)] 21387K->8298K(49664K), 0.0005570 secs] [Times: user=0.00 sys=0.00, real=0.00 secs] 
228.482: Total time for which application threads were stopped: 0.0006690 seconds, Stopping threads took: 0.0000530 seconds
228.536: Application time: 0.0535030 seconds
228.536: [GC [PSYoungGen: 14428K->1152K(15360K)] 21607K->8330K(49664K), 0.0005230 secs] [Times: user=0.00 sys=0.00, real=0.00 secs] 
228.536: Total time for which application threads were stopped: 0.0006370 seconds, Stopping threads took: 0.0000580 seconds
228.593: Application time: 0.0571630 seconds
228.593: [GC [PSYoungGen: 14463K->1184K(15360K)] 21641K->8362K(49664K), 0.0005530 secs] [Times: user=0.01 sys=0.00, real=0.00 secs] 
228.594: Total time for which application threads were stopped: 0.0006670 seconds, Stopping threads took: 0.0000470 seconds
228.645: Application time: 0.0506020 seconds
228.645: [GC [PSYoungGen: 14492K->960K(15360K)] 21670K->8566K(49664K), 0.0005420 secs] [Times: user=0.00 sys=0.00, real=0.00 secs] 
228.645: Total time for which application threads were stopped: 0.0006520 seconds, Stopping threads took: 0.0000530 seconds
228.689: Application time: 0.0436520 seconds
228.689: [GC [PSYoungGen: 14270K->928K(15360K)] 21877K->8534K(49664K), 0.0005150 secs] [Times: user=0.00 sys=0.00, real=0.00 secs] 
228.690: Total time for which application threads were stopped: 0.0006420 seconds, Stopping threads took: 0.0000730 seconds
228.730: Application time: 0.0406850 seconds
228.730: [GC [PSYoungGen: 14240K->1184K(15360K)] 21846K->8790K(49664K), 0.0005260 secs] [Times: user=0.01 sys=0.00, real=0.00 secs] 
228.731: Total time for which application threads were stopped: 0.0006410 seconds, Stopping threads took: 0.0000600 seconds
228.782: Application time: 0.0515200 seconds
228.782: [GC [PSYoungGen: 14495K->1248K(15360K)] 22102K->8854K(49664K), 0.0005550 secs] [Times: user=0.00 sys=0.00, real=0.00 secs] 
228.783: Total time for which application threads were stopped: 0.0006600 seconds, Stopping threads took: 0.0000490 seconds
228.840: Application time: 0.0567480 seconds
228.840: [GC [PSYoungGen: 14559K->1280K(15360K)] 22166K->8886K(49664K), 0.0005500 secs] [Times: user=0.00 sys=0.00, real=0.01 secs] 
228.840: Total time for which application threads were stopped: 0.0006460 seconds, Stopping threads took: 0.0000400 seconds
228.889: Application time: 0.0480470 seconds
228.889: [GC [PSYoungGen: 14587K->1504K(15360K)] 22194K->9111K(49664K), 0.0005980 secs] [Times: user=0.00 sys=0.00, real=0.00 secs] 
228.889: Total time for which application threads were stopped: 0.0006950 seconds, Stopping threads took: 0.0000410 seconds
228.937: Application time: 0.0475530 seconds
228.937: [GC [PSYoungGen: 14815K->1424K(15360K)] 22422K->9031K(49664K), 0.0005830 secs] [Times: user=0.00 sys=0.00, real=0.00 secs] 
228.937: Total time for which application threads were stopped: 0.0006920 seconds, Stopping threads took: 0.0000530 seconds
228.995: Application time: 0.0573930 seconds
228.995: [GC [PSYoungGen: 14732K->1552K(15360K)] 22339K->9159K(49664K), 0.0005580 secs] [Times: user=0.00 sys=0.00, real=0.00 secs] 
228.996: Total time for which application threads were stopped: 0.0006720 seconds, Stopping threads took: 0.0000590 seconds
229.052: Application time: 0.0562180 seconds
229.052: [GC [PSYoungGen: 14859K->1696K(15360K)] 22466K->9303K(49664K), 0.0006170 secs] [Times: user=0.00 sys=0.00, real=0.00 secs] 
229.052: Total time for which application threads were stopped: 0.0007280 seconds, Stopping threads took: 0.0000500 seconds
229.092: Application time: 0.0390950 seconds
229.092: [GC [PSYoungGen: 15006K->1840K(15360K)] 22613K->9447K(49664K), 0.0006870 secs] [Times: user=0.00 sys=0.00, real=0.00 secs] 
229.092: Total time for which application threads were stopped: 0.0007970 seconds, Stopping threads took: 0.0000520 seconds
229.132: Application time: 0.0394560 seconds
229.132: [GC [PSYoungGen: 15150K->1728K(15360K)] 22757K->9335K(49664K), 0.0006760 secs] [Times: user=0.01 sys=0.00, real=0.00 secs] 
229.133: Total time for which application threads were stopped: 0.0008050 seconds, Stopping threads took: 0.0000630 seconds
229.185: Application time: 0.0521400 seconds
229.185: [GC [PSYoungGen: 15039K->1936K(15360K)] 22646K->9543K(49664K), 0.0006740 secs] [Times: user=0.01 sys=0.00, real=0.00 secs] 
229.186: Total time for which application threads were stopped: 0.0007950 seconds, Stopping threads took: 0.0000600 seconds
229.243: Application time: 0.0576830 seconds
229.244: [GC [PSYoungGen: 15247K->1872K(15360K)] 22854K->9527K(49664K), 0.0006970 secs] [Times: user=0.00 sys=0.00, real=0.00 secs] 
229.245: Total time for which application threads were stopped: 0.0017650 seconds, Stopping threads took: 0.0010110 seconds
229.302: Application time: 0.0572570 seconds
229.302: [GC [PSYoungGen: 15181K->1904K(15360K)] 22836K->9559K(49664K), 0.0006540 secs] [Times: user=0.01 sys=0.00, real=0.00 secs] 
229.303: Total time for which application threads were stopped: 0.0007720 seconds, Stopping threads took: 0.0000610 seconds
229.360: Application time: 0.0570760 seconds
229.360: [GC [PSYoungGen: 15215K->1840K(15360K)] 22870K->9495K(49664K), 0.0006630 secs] [Times: user=0.01 sys=0.00, real=0.00 secs] 
229.361: Total time for which application threads were stopped: 0.0007920 seconds, Stopping threads took: 0.0000670 seconds
229.419: Application time: 0.0582420 seconds
229.419: [GC [PSYoungGen: 15149K->1824K(15360K)] 22804K->9535K(49664K), 0.0006450 secs] [Times: user=0.01 sys=0.00, real=0.00 secs] 
229.420: Total time for which application threads were stopped: 0.0007590 seconds, Stopping threads took: 0.0000580 seconds
229.477: Application time: 0.0570860 seconds
229.477: [GC [PSYoungGen: 15135K->1648K(15360K)] 22846K->9563K(49664K), 0.0006630 secs] [Times: user=0.01 sys=0.00, real=0.00 secs] 
229.478: Total time for which application threads were stopped: 0.0007950 seconds, Stopping threads took: 0.0000720 seconds
229.535: Application time: 0.0568550 seconds
229.535: [GC [PSYoungGen: 14956K->1664K(15360K)] 22872K->9579K(49664K), 0.0005940 secs] [Times: user=0.01 sys=0.00, real=0.00 secs] 
229.535: Total time for which application threads were stopped: 0.0007080 seconds, Stopping threads took: 0.0000560 seconds
229.594: Application time: 0.0587190 seconds
229.594: [GC [PSYoungGen: 14973K->1392K(15360K)] 22889K->9600K(49664K), 0.0006390 secs] [Times: user=0.01 sys=0.00, real=0.00 secs] 
229.595: Total time for which application threads were stopped: 0.0007540 seconds, Stopping threads took: 0.0000580 seconds
229.654: Application time: 0.0591790 seconds
229.654: [GC [PSYoungGen: 14701K->1376K(15360K)] 22909K->9584K(49664K), 0.0005430 secs] [Times: user=0.00 sys=0.00, real=0.00 secs] 
229.655: Total time for which application threads were stopped: 0.0006700 seconds, Stopping threads took: 0.0000560 seconds
229.714: Application time: 0.0596060 seconds
229.714: [GC [PSYoungGen: 14685K->1152K(15360K)] 22893K->9612K(49664K), 0.0005620 secs] [Times: user=0.00 sys=0.00, real=0.00 secs] 
229.715: Total time for which application threads were stopped: 0.0006830 seconds, Stopping threads took: 0.0000650 seconds
229.775: Application time: 0.0597550 seconds
229.775: [GC [PSYoungGen: 14461K->1152K(15360K)] 22922K->9612K(49664K), 0.0005560 secs] [Times: user=0.00 sys=0.00, real=0.00 secs] 
229.775: Total time for which application threads were stopped: 0.0006740 seconds, Stopping threads took: 0.0000640 seconds
229.835: Application time: 0.0597360 seconds
229.835: [GC [PSYoungGen: 14461K->1184K(15360K)] 22922K->9644K(49664K), 0.0005140 secs] [Times: user=0.00 sys=0.00, real=0.00 secs] 
229.836: Total time for which application threads were stopped: 0.0006310 seconds, Stopping threads took: 0.0000580 seconds
229.895: Application time: 0.0595220 seconds
229.895: [GC [PSYoungGen: 14493K->1088K(15360K)] 22954K->9596K(49664K), 0.0006050 secs] [Times: user=0.00 sys=0.00, real=0.00 secs] 
229.896: Total time for which application threads were stopped: 0.0007390 seconds, Stopping threads took: 0.0000760 seconds
229.949: Application time: 0.0525940 seconds
229.949: [GC [PSYoungGen: 14399K->1184K(15360K)] 22907K->9908K(49664K), 0.0005480 secs] [Times: user=0.01 sys=0.00, real=0.00 secs] 
229.949: Total time for which application threads were stopped: 0.0006460 seconds, Stopping threads took: 0.0000390 seconds
229.995: Application time: 0.0452180 seconds
229.995: [GC [PSYoungGen: 14492K->1120K(15360K)] 23217K->9844K(49664K), 0.0004940 secs] [Times: user=0.01 sys=0.00, real=0.00 secs] 
229.995: Total time for which application threads were stopped: 0.0006150 seconds, Stopping threads took: 0.0000580 seconds
230.053: Application time: 0.0574000 seconds
230.053: [GC [PSYoungGen: 14428K->896K(15360K)] 23153K->9852K(49664K), 0.0005690 secs] [Times: user=0.01 sys=0.00, real=0.00 secs] 
230.053: Total time for which application threads were stopped: 0.0006990 seconds, Stopping threads took: 0.0000750 seconds
230.098: Application time: 0.0444670 seconds
230.098: [GC [PSYoungGen: 14207K->1152K(15360K)] 23164K->10108K(49664K), 0.0005580 secs] [Times: user=0.01 sys=0.00, real=0.00 secs] 
230.099: Total time for which application threads were stopped: 0.0009580 seconds, Stopping threads took: 0.0003390 seconds
230.149: Application time: 0.0499000 seconds
230.149: [GC [PSYoungGen: 14459K->1344K(15360K)] 23416K->10300K(49664K), 0.0005350 secs] [Times: user=0.01 sys=0.00, real=0.00 secs] 
230.149: Total time for which application threads were stopped: 0.0006460 seconds, Stopping threads took: 0.0000550 seconds
230.190: Application time: 0.0405910 seconds
230.190: [GC [PSYoungGen: 14654K->1152K(15360K)] 23611K->10313K(49664K), 0.0005330 secs] [Times: user=0.00 sys=0.00, real=0.00 secs] 
230.190: Total time for which application threads were stopped: 0.0006540 seconds, Stopping threads took: 0.0000570 seconds
230.248: Application time: 0.0579700 seconds
230.252: [GC [PSYoungGen: 14463K->1152K(15360K)] 23624K->10313K(49664K), 0.0005410 secs] [Times: user=0.00 sys=0.00, real=0.00 secs] 
230.253: Total time for which application threads were stopped: 0.0044450 seconds, Stopping threads took: 0.0038460 seconds
230.310: Application time: 0.0569740 seconds
230.310: [GC [PSYoungGen: 14463K->1152K(15360K)] 23624K->10313K(49664K), 0.0004940 secs] [Times: user=0.00 sys=0.00, real=0.00 secs] 
230.311: Total time for which application threads were stopped: 0.0006140 seconds, Stopping threads took: 0.0000660 seconds
230.365: Application time: 0.0542310 seconds
230.365: [GC [PSYoungGen: 14455K->896K(15360K)] 23616K->10482K(49664K), 0.0005300 secs] [Times: user=0.00 sys=0.00, real=0.00 secs] 
230.365: Total time for which application threads were stopped: 0.0006460 seconds, Stopping threads took: 0.0000600 seconds
230.407: Application time: 0.0411540 seconds
230.407: [GC [PSYoungGen: 14204K->960K(15360K)] 23791K->10546K(49664K), 0.0005540 secs] [Times: user=0.00 sys=0.00, real=0.00 secs] 
230.407: Total time for which application threads were stopped: 0.0006690 seconds, Stopping threads took: 0.0000580 seconds
230.451: Application time: 0.0442340 seconds
230.452: [GC [PSYoungGen: 14271K->1184K(15360K)] 23858K->10770K(49664K), 0.0005120 secs] [Times: user=0.00 sys=0.00, real=0.00 secs] 
230.452: Total time for which application threads were stopped: 0.0006170 seconds, Stopping threads took: 0.0000490 seconds
230.501: Application time: 0.0489220 seconds
230.501: [GC [PSYoungGen: 14493K->1248K(15360K)] 24080K->10834K(49664K), 0.0005320 secs] [Times: user=0.00 sys=0.00, real=0.00 secs] 
230.502: Total time for which application threads were stopped: 0.0006430 seconds, Stopping threads took: 0.0000550 seconds
230.557: Application time: 0.0557680 seconds
230.557: [GC [PSYoungGen: 14558K->1248K(15360K)] 24145K->10834K(49664K), 0.0005280 secs] [Times: user=0.00 sys=0.00, real=0.00 secs] 
230.558: Total time for which application threads were stopped: 0.0006300 seconds, Stopping threads took: 0.0000450 seconds
230.605: Application time: 0.0467410 seconds
230.605: [GC [PSYoungGen: 14557K->1440K(15360K)] 24144K->11026K(49664K), 0.0005920 secs] [Times: user=0.00 sys=0.00, real=0.00 secs] 
230.605: Total time for which application threads were stopped: 0.0006890 seconds, Stopping threads took: 0.0000420 seconds
230.654: Application time: 0.0481700 seconds
230.654: [GC [PSYoungGen: 14751K->1440K(15360K)] 24338K->11026K(49664K), 0.0005930 secs] [Times: user=0.01 sys=0.00, real=0.00 secs] 
230.654: Total time for which application threads were stopped: 0.0007010 seconds, Stopping threads took: 0.0000530 seconds
230.711: Application time: 0.0569640 seconds
230.711: [GC [PSYoungGen: 14748K->1440K(15360K)] 24335K->11026K(49664K), 0.0005880 secs] [Times: user=0.00 sys=0.00, real=0.00 secs] 
230.712: Total time for which application threads were stopped: 0.0007090 seconds, Stopping threads took: 0.0000560 seconds
230.768: Application time: 0.0564150 seconds
230.769: [GC [PSYoungGen: 14747K->1696K(15360K)] 24334K->11282K(49664K), 0.0006260 secs] [Times: user=0.00 sys=0.00, real=0.00 secs] 
230.769: Total time for which application threads were stopped: 0.0007470 seconds, Stopping threads took: 0.0000650 seconds
230.809: Application time: 0.0401310 seconds
230.809: [GC [PSYoungGen: 15005K->1648K(15360K)] 24591K->11234K(49664K), 0.0006730 secs] [Times: user=0.01 sys=0.00, real=0.00 secs] 
230.810: Total time for which application threads were stopped: 0.0007850 seconds, Stopping threads took: 0.0000550 seconds
230.850: Application time: 0.0399420 seconds
230.850: [GC [PSYoungGen: 14956K->1904K(15360K)] 24542K->11490K(49664K), 0.0007490 secs] [Times: user=0.00 sys=0.00, real=0.00 secs] 
230.851: Total time for which application threads were stopped: 0.0008710 seconds, Stopping threads took: 0.0000630 seconds
230.901: Application time: 0.0501840 seconds
230.901: [GC [PSYoungGen: 15212K->1920K(15360K)] 24798K->11506K(49664K), 0.0006910 secs] [Times: user=0.00 sys=0.00, real=0.00 secs] 
230.902: Total time for which application threads were stopped: 0.0008050 seconds, Stopping threads took: 0.0000560 seconds
230.958: Application time: 0.0565480 seconds
230.959: [GC [PSYoungGen: 15231K->1824K(15360K)] 24818K->11458K(49664K), 0.0006890 secs] [Times: user=0.01 sys=0.00, real=0.00 secs] 
230.959: Total time for which application threads were stopped: 0.0008090 seconds, Stopping threads took: 0.0000640 seconds
231.017: Application time: 0.0572550 seconds
231.017: [GC [PSYoungGen: 15135K->1856K(15360K)] 24769K->11490K(49664K), 0.0006240 secs] [Times: user=0.00 sys=0.00, real=0.00 secs] 
231.017: Total time for which application threads were stopped: 0.0007340 seconds, Stopping threads took: 0.0000550 seconds
231.075: Application time: 0.0579840 seconds
231.075: [GC [PSYoungGen: 15165K->1872K(15360K)] 24800K->11506K(49664K), 0.0006640 secs] [Times: user=0.01 sys=0.00, real=0.00 secs] 
231.076: Total time for which application threads were stopped: 0.0007720 seconds, Stopping threads took: 0.0000510 seconds
231.134: Application time: 0.0583320 seconds
231.136: [GC [PSYoungGen: 15181K->1856K(15360K)] 24816K->11538K(49664K), 0.0006840 secs] [Times: user=0.00 sys=0.00, real=0.00 secs] 
231.137: Total time for which application threads were stopped: 0.0026640 seconds, Stopping threads took: 0.0019230 seconds
231.194: Application time: 0.0571750 seconds
231.194: [GC [PSYoungGen: 15167K->1632K(15360K)] 24850K->11519K(49664K), 0.0006570 secs] [Times: user=0.00 sys=0.00, real=0.00 secs] 
231.195: Total time for which application threads were stopped: 0.0007760 seconds, Stopping threads took: 0.0000630 seconds
231.252: Application time: 0.0565780 seconds
231.252: [GC [PSYoungGen: 14940K->1680K(15360K)] 24828K->11567K(49664K), 0.0006130 secs] [Times: user=0.00 sys=0.00, real=0.00 secs] 
231.252: Total time for which application threads were stopped: 0.0007340 seconds, Stopping threads took: 0.0000540 seconds
231.311: Application time: 0.0589150 seconds
231.311: [GC [PSYoungGen: 14988K->1648K(15360K)] 24875K->11607K(49664K), 0.0006090 secs] [Times: user=0.01 sys=0.00, real=0.00 secs] 
231.312: Total time for which application threads were stopped: 0.0007210 seconds, Stopping threads took: 0.0000550 seconds
231.371: Application time: 0.0587010 seconds
231.371: [GC [PSYoungGen: 14957K->1392K(15360K)] 24916K->11587K(49664K), 0.0005990 secs] [Times: user=0.00 sys=0.00, real=0.00 secs] 
231.371: Total time for which application threads were stopped: 0.0007200 seconds, Stopping threads took: 0.0000620 seconds
231.430: Application time: 0.0590780 seconds
231.431: [GC [PSYoungGen: 14701K->1152K(15360K)] 24897K->11584K(49664K), 0.0005800 secs] [Times: user=0.00 sys=0.00, real=0.00 secs] 
231.431: Total time for which application threads were stopped: 0.0006960 seconds, Stopping threads took: 0.0000520 seconds
231.490: Application time: 0.0590010 seconds
231.490: [GC [PSYoungGen: 14461K->1120K(15360K)] 24893K->11552K(49664K), 0.0005380 secs] [Times: user=0.00 sys=0.00, real=0.00 secs] 
231.491: Total time for which application threads were stopped: 0.0006510 seconds, Stopping threads took: 0.0000550 seconds
231.550: Application time: 0.0591310 seconds
231.552: [GC [PSYoungGen: 14429K->1152K(15360K)] 24861K->11584K(49664K), 0.0005610 secs] [Times: user=0.00 sys=0.00, real=0.00 secs] 
231.553: Total time for which application threads were stopped: 0.0029740 seconds, Stopping threads took: 0.0023560 seconds
231.612: Application time: 0.0592350 seconds
231.612: [GC [PSYoungGen: 14461K->1088K(15360K)] 24893K->11560K(49664K), 0.0005380 secs] [Times: user=0.00 sys=0.00, real=0.00 secs] 
231.613: Total time for which application threads were stopped: 0.0006550 seconds, Stopping threads took: 0.0000580 seconds
231.669: Application time: 0.0563770 seconds
231.669: [GC [PSYoungGen: 14396K->1120K(15360K)] 24869K->11804K(49664K), 0.0005270 secs] [Times: user=0.00 sys=0.00, real=0.00 secs] 
231.670: Total time for which application threads were stopped: 0.0006380 seconds, Stopping threads took: 0.0000580 seconds
231.711: Application time: 0.0414840 seconds
231.711: [GC [PSYoungGen: 14431K->1152K(15360K)] 25116K->11836K(49664K), 0.0005200 secs] [Times: user=0.00 sys=0.00, real=0.00 secs] 
231.712: Total time for which application threads were stopped: 0.0006510 seconds, Stopping threads took: 0.0000730 seconds
231.770: Application time: 0.0579250 seconds
231.770: [GC [PSYoungGen: 14463K->896K(15360K)] 25148K->11817K(49664K), 0.0005470 secs] [Times: user=0.00 sys=0.00, real=0.00 secs] 
231.771: Total time for which application threads were stopped: 0.0006800 seconds, Stopping threads took: 0.0000640 seconds
231.812: Application time: 0.0415170 seconds
231.812: [GC [PSYoungGen: 14207K->1120K(15360K)] 25129K->12041K(49664K), 0.0005080 secs] [Times: user=0.00 sys=0.00, real=0.00 secs] 
231.813: Total time for which application threads were stopped: 0.0006110 seconds, Stopping threads took: 0.0000480 seconds
231.866: Application time: 0.0533650 seconds
231.866: [GC [PSYoungGen: 14428K->1120K(15360K)] 25349K->12254K(49664K), 0.0005350 secs] [Times: user=0.00 sys=0.00, real=0.00 secs] 
231.867: Total time for which application threads were stopped: 0.0006440 seconds, Stopping threads took: 0.0000550 seconds
231.907: Application time: 0.0405460 seconds
231.907: [GC [PSYoungGen: 14430K->1152K(15360K)] 25564K->12286K(49664K), 0.0005170 secs] [Times: user=0.01 sys=0.00, real=0.00 secs] 
231.908: Total time for which application threads were stopped: 0.0006280 seconds, Stopping threads took: 0.0000550 seconds
231.963: Application time: 0.0556140 seconds
231.964: [GC [PSYoungGen: 14463K->1152K(15360K)] 25597K->12286K(49664K), 0.0005540 secs] [Times: user=0.00 sys=0.00, real=0.00 secs] 
231.964: Total time for which application threads were stopped: 0.0006720 seconds, Stopping threads took: 0.0000600 seconds
232.021: Application time: 0.0571270 seconds
232.021: [GC [PSYoungGen: 14460K->1120K(15360K)] 25594K->12254K(49664K), 0.0005850 secs] [Times: user=0.00 sys=0.00, real=0.00 secs] 
232.022: Total time for which application threads were stopped: 0.0006940 seconds, Stopping threads took: 0.0000520 seconds
232.080: Application time: 0.0576090 seconds
232.080: [GC [PSYoungGen: 14401K->896K(15360K)] 25535K->12250K(49664K), 0.0005290 secs] [Times: user=0.01 sys=0.00, real=0.00 secs] 
232.080: Total time for which application threads were stopped: 0.0006500 seconds, Stopping threads took: 0.0000570 seconds
232.120: Application time: 0.0395620 seconds
232.120: [GC [PSYoungGen: 14205K->960K(15360K)] 25560K->12543K(49664K), 0.0005110 secs] [Times: user=0.00 sys=0.00, real=0.01 secs] 
232.120: Total time for which application threads were stopped: 0.0006220 seconds, Stopping threads took: 0.0000560 seconds
232.163: Application time: 0.0430300 seconds
232.164: [GC [PSYoungGen: 14267K->1216K(15360K)] 25850K->12799K(49664K), 0.0005410 secs] [Times: user=0.00 sys=0.00, real=0.00 secs] 
232.164: Total time for which application threads were stopped: 0.0006540 seconds, Stopping threads took: 0.0000550 seconds
232.212: Application time: 0.0474820 seconds
232.212: [GC [PSYoungGen: 14525K->1024K(15360K)] 26108K->12607K(49664K), 0.0005280 secs] [Times: user=0.00 sys=0.00, real=0.00 secs] 
232.212: Total time for which application threads were stopped: 0.0006290 seconds, Stopping threads took: 0.0000420 seconds
232.268: Application time: 0.0556750 seconds
232.268: [GC [PSYoungGen: 14335K->1312K(15360K)] 25918K->12895K(49664K), 0.0005720 secs] [Times: user=0.00 sys=0.00, real=0.01 secs] 
232.269: Total time for which application threads were stopped: 0.0006810 seconds, Stopping threads took: 0.0000500 seconds
232.318: Application time: 0.0492040 seconds
232.318: [GC [PSYoungGen: 14622K->1440K(15360K)] 26205K->13023K(49664K), 0.0006470 secs] [Times: user=0.01 sys=0.00, real=0.00 secs] 
232.319: Total time for which application threads were stopped: 0.0007590 seconds, Stopping threads took: 0.0000480 seconds
232.364: Application time: 0.0459040 seconds
232.365: [GC [PSYoungGen: 14749K->1504K(15360K)] 26332K->13087K(49664K), 0.0005950 secs] [Times: user=0.01 sys=0.00, real=0.00 secs] 
232.365: Total time for which application threads were stopped: 0.0007310 seconds, Stopping threads took: 0.0000760 seconds
232.422: Application time: 0.0568660 seconds
232.422: [GC [PSYoungGen: 14812K->1472K(15360K)] 26395K->13055K(49664K), 0.0005980 secs] [Times: user=0.00 sys=0.00, real=0.00 secs] 
232.424: Total time for which application threads were stopped: 0.0016160 seconds, Stopping threads took: 0.0000720 seconds
232.481: Application time: 0.0569970 seconds
232.481: [GC [PSYoungGen: 14735K->1504K(15360K)] 26318K->13087K(49664K), 0.0006160 secs] [Times: user=0.00 sys=0.00, real=0.00 secs] 
232.481: Total time for which application threads were stopped: 0.0007780 seconds, Stopping threads took: 0.0001040 seconds
232.522: Application time: 0.0401960 seconds
232.522: [GC [PSYoungGen: 14815K->1792K(15360K)] 26398K->13375K(49664K), 0.0005810 secs] [Times: user=0.00 sys=0.00, real=0.00 secs] 
232.522: Total time for which application threads were stopped: 0.0006920 seconds, Stopping threads took: 0.0000560 seconds
232.562: Application time: 0.0398750 seconds
232.562: [GC [PSYoungGen: 14989K->1824K(15360K)] 26573K->13407K(49664K), 0.0006600 secs] [Times: user=0.01 sys=0.00, real=0.00 secs] 
232.563: Total time for which application threads were stopped: 0.0007750 seconds, Stopping threads took: 0.0000580 seconds
232.613: Application time: 0.0499710 seconds
232.613: [GC [PSYoungGen: 15135K->1920K(15360K)] 26718K->13503K(49664K), 0.0006800 secs] [Times: user=0.01 sys=0.00, real=0.00 secs] 
232.614: Total time for which application threads were stopped: 0.0008050 seconds, Stopping threads took: 0.0000690 seconds
232.670: Application time: 0.0566840 seconds
232.671: [GC [PSYoungGen: 15231K->1888K(15360K)] 26814K->13511K(49664K), 0.0006820 secs] [Times: user=0.01 sys=0.00, real=0.00 secs] 
232.671: Total time for which application threads were stopped: 0.0007960 seconds, Stopping threads took: 0.0000570 seconds
232.728: Application time: 0.0571100 seconds
232.728: [GC [PSYoungGen: 15199K->1888K(15360K)] 26822K->13511K(49664K), 0.0007310 secs] [Times: user=0.00 sys=0.00, real=0.00 secs] 
232.729: Total time for which application threads were stopped: 0.0008430 seconds, Stopping threads took: 0.0000550 seconds
232.787: Application time: 0.0574620 seconds
232.787: [GC [PSYoungGen: 15199K->1936K(15360K)] 26822K->13559K(49664K), 0.0007230 secs] [Times: user=0.00 sys=0.00, real=0.00 secs] 
232.788: Total time for which application threads were stopped: 0.0008340 seconds, Stopping threads took: 0.0000570 seconds
232.847: Application time: 0.0592450 seconds
232.847: [GC [PSYoungGen: 15247K->1824K(15360K)] 26870K->13447K(49664K), 0.0007440 secs] [Times: user=0.00 sys=0.00, real=0.00 secs] 
232.848: Total time for which application threads were stopped: 0.0008770 seconds, Stopping threads took: 0.0000600 seconds
232.905: Application time: 0.0575050 seconds
232.908: [GC [PSYoungGen: 15102K->1616K(15360K)] 26725K->13483K(49664K), 0.0006930 secs] [Times: user=0.01 sys=0.00, real=0.00 secs] 
232.909: Total time for which application threads were stopped: 0.0038740 seconds, Stopping threads took: 0.0031230 seconds
232.964: Application time: 0.0554250 seconds
232.965: [GC [PSYoungGen: 14923K->1696K(15360K)] 26791K->13563K(49664K), 0.0006840 secs] [Times: user=0.00 sys=0.00, real=0.00 secs] 
232.965: Total time for which application threads were stopped: 0.0008150 seconds, Stopping threads took: 0.0000690 seconds
233.024: Application time: 0.0585640 seconds
233.024: [GC [PSYoungGen: 15005K->1568K(15360K)] 26873K->13515K(49664K), 0.0006420 secs] [Times: user=0.00 sys=0.00, real=0.00 secs] 
233.025: Total time for which application threads were stopped: 0.0007720 seconds, Stopping threads took: 0.0000740 seconds
233.084: Application time: 0.0590740 seconds
233.084: [GC [PSYoungGen: 14877K->1424K(15360K)] 26825K->13632K(49664K), 0.0006050 secs] [Times: user=0.00 sys=0.00, real=0.00 secs] 
233.084: Total time for which application threads were stopped: 0.0007450 seconds, Stopping threads took: 0.0000820 seconds
233.144: Application time: 0.0596820 seconds
233.144: [GC [PSYoungGen: 14735K->1104K(15360K)] 26943K->13549K(49664K), 0.0006220 secs] [Times: user=0.00 sys=0.00, real=0.00 secs] 
233.145: Total time for which application threads were stopped: 0.0007390 seconds, Stopping threads took: 0.0000580 seconds
233.203: Application time: 0.0585990 seconds
233.204: [GC [PSYoungGen: 14413K->1120K(15360K)] 26858K->13565K(49664K), 0.0005250 secs] [Times: user=0.00 sys=0.00, real=0.00 secs] 
233.205: Total time for which application threads were stopped: 0.0013970 seconds, Stopping threads took: 0.0008170 seconds
233.265: Application time: 0.0597580 seconds
233.265: [GC [PSYoungGen: 14429K->1120K(15360K)] 26874K->13565K(49664K), 0.0005140 secs] [Times: user=0.00 sys=0.00, real=0.00 secs] 
233.265: Total time for which application threads were stopped: 0.0006180 seconds, Stopping threads took: 0.0000500 seconds
233.325: Application time: 0.0597210 seconds
233.325: [GC [PSYoungGen: 14431K->1088K(15360K)] 26876K->13581K(49664K), 0.0005140 secs] [Times: user=0.00 sys=0.00, real=0.00 secs] 
233.326: Total time for which application threads were stopped: 0.0006340 seconds, Stopping threads took: 0.0000640 seconds
233.385: Application time: 0.0594460 seconds
233.385: [GC [PSYoungGen: 14397K->928K(15360K)] 26890K->13617K(49664K), 0.0005780 secs] [Times: user=0.00 sys=0.00, real=0.00 secs] 
233.386: Total time for which application threads were stopped: 0.0007090 seconds, Stopping threads took: 0.0000630 seconds
233.428: Application time: 0.0422460 seconds
233.428: [GC [PSYoungGen: 14239K->1120K(15360K)] 26928K->13809K(49664K), 0.0005420 secs] [Times: user=0.00 sys=0.00, real=0.01 secs] 
233.429: Total time for which application threads were stopped: 0.0006500 seconds, Stopping threads took: 0.0000510 seconds
233.483: Application time: 0.0547760 seconds
233.484: [GC [PSYoungGen: 14431K->896K(15360K)] 27120K->13830K(49664K), 0.0004950 secs] [Times: user=0.00 sys=0.00, real=0.00 secs] 
233.484: Total time for which application threads were stopped: 0.0006030 seconds, Stopping threads took: 0.0000540 seconds
233.525: Application time: 0.0405040 seconds
233.525: [GC [PSYoungGen: 14205K->1120K(15360K)] 27140K->14054K(49664K), 0.0005100 secs] [Times: user=0.01 sys=0.00, real=0.00 secs] 
233.525: Total time for which application threads were stopped: 0.0006210 seconds, Stopping threads took: 0.0000550 seconds
233.580: Application time: 0.0548330 seconds
233.580: [GC [PSYoungGen: 14431K->1120K(15360K)] 27365K->14054K(49664K), 0.0005150 secs] [Times: user=0.00 sys=0.00, real=0.01 secs] 
233.581: Total time for which application threads were stopped: 0.0006370 seconds, Stopping threads took: 0.0000660 seconds
233.622: Application time: 0.0416710 seconds
233.624: [GC [PSYoungGen: 14432K->1120K(15360K)] 27366K->14274K(49664K), 0.0005560 secs] [Times: user=0.00 sys=0.00, real=0.00 secs] 
233.625: Total time for which application threads were stopped: 0.0025560 seconds, Stopping threads took: 0.0019440 seconds
233.678: Application time: 0.0536210 seconds
233.679: [GC [PSYoungGen: 14428K->1120K(15360K)] 27583K->14274K(49664K), 0.0004990 secs] [Times: user=0.00 sys=0.00, real=0.00 secs] 
233.679: Total time for which application threads were stopped: 0.0006200 seconds, Stopping threads took: 0.0000660 seconds
233.736: Application time: 0.0573040 seconds
233.737: [GC [PSYoungGen: 14431K->1120K(15360K)] 27586K->14274K(49664K), 0.0005180 secs] [Times: user=0.01 sys=0.00, real=0.00 secs] 
233.737: Total time for which application threads were stopped: 0.0006290 seconds, Stopping threads took: 0.0000550 seconds
233.795: Application time: 0.0583910 seconds
233.796: [GC [PSYoungGen: 14429K->736K(15360K)] 27584K->14299K(49664K), 0.0005200 secs] [Times: user=0.00 sys=0.00, real=0.00 secs] 
233.796: Total time for which application threads were stopped: 0.0006430 seconds, Stopping threads took: 0.0000680 seconds
233.837: Application time: 0.0413890 seconds
233.838: [GC [PSYoungGen: 14046K->976K(15360K)] 27609K->14539K(49664K), 0.0004880 secs] [Times: user=0.00 sys=0.00, real=0.00 secs] 
233.838: Total time for which application threads were stopped: 0.0006120 seconds, Stopping threads took: 0.0000670 seconds
233.880: Application time: 0.0417560 seconds
233.884: [GC [PSYoungGen: 14283K->1168K(15360K)] 27847K->14731K(49664K), 0.0005740 secs] [Times: user=0.00 sys=0.00, real=0.00 secs] 
233.885: Total time for which application threads were stopped: 0.0050500 seconds, Stopping threads took: 0.0044190 seconds
233.931: Application time: 0.0462750 seconds
233.931: [GC [PSYoungGen: 14479K->1264K(15360K)] 28043K->14827K(49664K), 0.0005420 secs] [Times: user=0.00 sys=0.00, real=0.00 secs] 
233.932: Total time for which application threads were stopped: 0.0006770 seconds, Stopping threads took: 0.0000690 seconds
233.989: Application time: 0.0575370 seconds
233.989: [GC [PSYoungGen: 14572K->1248K(15360K)] 28136K->14811K(49664K), 0.0005650 secs] [Times: user=0.00 sys=0.00, real=0.00 secs] 
233.990: Total time for which application threads were stopped: 0.0006660 seconds, Stopping threads took: 0.0000440 seconds
234.042: Application time: 0.0517830 seconds
234.044: [GC [PSYoungGen: 14557K->1504K(15360K)] 28121K->15067K(49664K), 0.0006450 secs] [Times: user=0.00 sys=0.00, real=0.00 secs] 
234.045: Total time for which application threads were stopped: 0.0032600 seconds, Stopping threads took: 0.0025610 seconds
234.090: Application time: 0.0452600 seconds
234.090: [GC [PSYoungGen: 14815K->1504K(15360K)] 28379K->15067K(49664K), 0.0006040 secs] [Times: user=0.00 sys=0.00, real=0.00 secs] 
234.091: Total time for which application threads were stopped: 0.0007350 seconds, Stopping threads took: 0.0000750 seconds
234.149: Application time: 0.0575230 seconds
234.149: [GC [PSYoungGen: 14812K->1504K(15360K)] 28376K->15067K(49664K), 0.0006390 secs] [Times: user=0.01 sys=0.00, real=0.00 secs] 
234.149: Total time for which application threads were stopped: 0.0007590 seconds, Stopping threads took: 0.0000620 seconds
234.208: Application time: 0.0589930 seconds
234.208: [GC [PSYoungGen: 14813K->1472K(15360K)] 28377K->15035K(49664K), 0.0005980 secs] [Times: user=0.00 sys=0.00, real=0.00 secs] 
234.209: Total time for which application threads were stopped: 0.0007190 seconds, Stopping threads took: 0.0000650 seconds
234.251: Application time: 0.0423450 seconds
234.252: [GC [PSYoungGen: 14781K->1744K(15360K)] 28345K->15307K(49664K), 0.0006910 secs] [Times: user=0.00 sys=0.00, real=0.00 secs] 
234.252: Total time for which application threads were stopped: 0.0008210 seconds, Stopping threads took: 0.0000650 seconds
234.295: Application time: 0.0422640 seconds
234.295: [GC [PSYoungGen: 15055K->1872K(15360K)] 28619K->15435K(49664K), 0.0006690 secs] [Times: user=0.01 sys=0.00, real=0.00 secs] 
234.295: Total time for which application threads were stopped: 0.0007810 seconds, Stopping threads took: 0.0000460 seconds
234.340: Application time: 0.0444700 seconds
234.340: [GC [PSYoungGen: 15181K->1904K(15360K)] 28744K->15467K(49664K), 0.0006810 secs] [Times: user=0.01 sys=0.00, real=0.01 secs] 
234.341: Total time for which application threads were stopped: 0.0007930 seconds, Stopping threads took: 0.0000570 seconds
234.397: Application time: 0.0565230 seconds
234.397: [GC [PSYoungGen: 15215K->1888K(15360K)] 28779K->15491K(49664K), 0.0006740 secs] [Times: user=0.00 sys=0.00, real=0.00 secs] 
234.398: Total time for which application threads were stopped: 0.0007910 seconds, Stopping threads took: 0.0000590 seconds
234.455: Application time: 0.0569810 seconds
234.455: [GC [PSYoungGen: 15199K->1920K(15360K)] 28803K->15523K(49664K), 0.0006990 secs] [Times: user=0.00 sys=0.00, real=0.00 secs] 
234.456: Total time for which application threads were stopped: 0.0008350 seconds, Stopping threads took: 0.0000650 seconds
234.513: Application time: 0.0571240 seconds
234.513: [GC [PSYoungGen: 15228K->1824K(15360K)] 28832K->15427K(49664K), 0.0006720 secs] [Times: user=0.00 sys=0.00, real=0.00 secs] 
234.514: Total time for which application threads were stopped: 0.0007970 seconds, Stopping threads took: 0.0000700 seconds
234.572: Application time: 0.0587290 seconds
234.572: [GC [PSYoungGen: 15133K->1856K(15360K)] 28737K->15459K(49664K), 0.0006790 secs] [Times: user=0.00 sys=0.00, real=0.00 secs] 
234.573: Total time for which application threads were stopped: 0.0007910 seconds, Stopping threads took: 0.0000570 seconds
234.631: Application time: 0.0581460 seconds
234.631: [GC [PSYoungGen: 15165K->1648K(15360K)] 28769K->15496K(49664K), 0.0006710 secs] [Times: user=0.00 sys=0.00, real=0.00 secs] 
234.632: Total time for which application threads were stopped: 0.0007790 seconds, Stopping threads took: 0.0000500 seconds
234.688: Application time: 0.0556480 seconds
234.688: [GC [PSYoungGen: 14958K->1664K(15360K)] 28806K->15512K(49664K), 0.0006280 secs] [Times: user=0.00 sys=0.00, real=0.01 secs] 
234.689: Total time for which application threads were stopped: 0.0007320 seconds, Stopping threads took: 0.0000480 seconds
234.746: Application time: 0.0574570 seconds
234.746: [GC [PSYoungGen: 14972K->1376K(15360K)] 28821K->15541K(49664K), 0.0006870 secs] [Times: user=0.00 sys=0.00, real=0.00 secs] 
234.747: Total time for which application threads were stopped: 0.0007990 seconds, Stopping threads took: 0.0000560 seconds
234.806: Application time: 0.0587450 seconds
234.806: [GC [PSYoungGen: 14685K->1312K(15360K)] 28850K->15477K(49664K), 0.0005560 secs] [Times: user=0.01 sys=0.00, real=0.00 secs] 
234.806: Total time for which application threads were stopped: 0.0006740 seconds, Stopping threads took: 0.0000630 seconds
234.867: Application time: 0.0605500 seconds
234.867: [GC [PSYoungGen: 14623K->1104K(15360K)] 28788K->15521K(49664K), 0.0005890 secs] [Times: user=0.00 sys=0.00, real=0.00 secs] 
234.867: Total time for which application threads were stopped: 0.0007100 seconds, Stopping threads took: 0.0000640 seconds
234.926: Application time: 0.0588150 seconds
234.926: [GC [PSYoungGen: 14413K->1104K(15360K)] 28831K->15521K(49664K), 0.0005370 secs] [Times: user=0.01 sys=0.00, real=0.00 secs] 
234.927: Total time for which application threads were stopped: 0.0006470 seconds, Stopping threads took: 0.0000540 seconds
234.986: Application time: 0.0594310 seconds
234.986: [GC [PSYoungGen: 14413K->1120K(15360K)] 28831K->15537K(49664K), 0.0005430 secs] [Times: user=0.00 sys=0.00, real=0.00 secs] 
234.987: Total time for which application threads were stopped: 0.0006670 seconds, Stopping threads took: 0.0000580 seconds
235.046: Application time: 0.0594520 seconds
235.047: [GC [PSYoungGen: 14429K->1184K(15360K)] 28847K->15601K(49664K), 0.0005470 secs] [Times: user=0.00 sys=0.00, real=0.00 secs] 
235.047: Total time for which application threads were stopped: 0.0006710 seconds, Stopping threads took: 0.0000660 seconds
235.107: Application time: 0.0595500 seconds
235.107: [GC [PSYoungGen: 14401K->1184K(15360K)] 28819K->15649K(49664K), 0.0005460 secs] [Times: user=0.00 sys=0.00, real=0.00 secs] 
235.107: Total time for which application threads were stopped: 0.0006620 seconds, Stopping threads took: 0.0000610 seconds
235.149: Application time: 0.0415480 seconds
235.149: [GC [PSYoungGen: 14493K->1152K(15360K)] 28958K->15838K(49664K), 0.0005470 secs] [Times: user=0.00 sys=0.00, real=0.00 secs] 
235.150: Total time for which application threads were stopped: 0.0006400 seconds, Stopping threads took: 0.0000380 seconds
235.205: Application time: 0.0552860 seconds
235.205: [GC [PSYoungGen: 14463K->1152K(15360K)] 29149K->16074K(49664K), 0.0005550 secs] [Times: user=0.01 sys=0.00, real=0.00 secs] 
235.206: Total time for which application threads were stopped: 0.0006770 seconds, Stopping threads took: 0.0000670 seconds
235.247: Application time: 0.0417420 seconds
235.247: [GC [PSYoungGen: 14463K->1120K(15360K)] 29385K->16042K(49664K), 0.0005030 secs] [Times: user=0.00 sys=0.00, real=0.00 secs] 
235.248: Total time for which application threads were stopped: 0.0006290 seconds, Stopping threads took: 0.0000690 seconds
235.300: Application time: 0.0519880 seconds
235.300: [GC [PSYoungGen: 14427K->1312K(15360K)] 29350K->16234K(49664K), 0.0005490 secs] [Times: user=0.00 sys=0.00, real=0.01 secs] 
235.301: Total time for which application threads were stopped: 0.0006640 seconds, Stopping threads took: 0.0000550 seconds
235.343: Application time: 0.0421270 seconds
235.343: [GC [PSYoungGen: 14621K->1152K(15360K)] 29544K->16279K(49664K), 0.0006160 secs] [Times: user=0.00 sys=0.00, real=0.00 secs] 
235.343: Total time for which application threads were stopped: 0.0007140 seconds, Stopping threads took: 0.0000420 seconds
235.401: Application time: 0.0574350 seconds
235.401: [GC [PSYoungGen: 14463K->1120K(15360K)] 29590K->16247K(49664K), 0.0005710 secs] [Times: user=0.01 sys=0.00, real=0.00 secs] 
235.402: Total time for which application threads were stopped: 0.0006950 seconds, Stopping threads took: 0.0000670 seconds
235.459: Application time: 0.0573570 seconds
235.459: [GC [PSYoungGen: 14428K->1152K(15360K)] 29556K->16279K(49664K), 0.0005060 secs] [Times: user=0.00 sys=0.00, real=0.00 secs] 
235.460: Total time for which application threads were stopped: 0.0006270 seconds, Stopping threads took: 0.0000650 seconds
235.518: Application time: 0.0586050 seconds
235.518: [GC [PSYoungGen: 14461K->864K(15360K)] 29588K->16223K(49664K), 0.0005110 secs] [Times: user=0.00 sys=0.00, real=0.00 secs] 
235.519: Total time for which application threads were stopped: 0.0006440 seconds, Stopping threads took: 0.0000650 seconds
235.563: Application time: 0.0446520 seconds
235.563: [GC [PSYoungGen: 14172K->992K(15360K)] 29531K->16571K(49664K), 0.0005700 secs] [Times: user=0.00 sys=0.00, real=0.00 secs] 
235.564: Total time for which application threads were stopped: 0.0006700 seconds, Stopping threads took: 0.0000440 seconds
235.606: Application time: 0.0414850 seconds
235.606: [GC [PSYoungGen: 14301K->1184K(15360K)] 29881K->16763K(49664K), 0.0005700 secs] [Times: user=0.00 sys=0.00, real=0.00 secs] 
235.606: Total time for which application threads were stopped: 0.0006830 seconds, Stopping threads took: 0.0000560 seconds
235.651: Application time: 0.0446350 seconds
235.651: [GC [PSYoungGen: 14495K->1248K(15360K)] 30075K->16827K(49664K), 0.0005330 secs] [Times: user=0.00 sys=0.00, real=0.00 secs] 
235.652: Total time for which application threads were stopped: 0.0006550 seconds, Stopping threads took: 0.0000660 seconds
235.709: Application time: 0.0576120 seconds
235.709: [GC [PSYoungGen: 14559K->1296K(15360K)] 30139K->16875K(49664K), 0.0005630 secs] [Times: user=0.01 sys=0.00, real=0.00 secs] 
235.710: Total time for which application threads were stopped: 0.0006870 seconds, Stopping threads took: 0.0000690 seconds
235.762: Application time: 0.0523470 seconds
235.762: [GC [PSYoungGen: 14607K->1488K(15360K)] 30187K->17067K(49664K), 0.0005940 secs] [Times: user=0.01 sys=0.00, real=0.00 secs] 
235.763: Total time for which application threads were stopped: 0.0007000 seconds, Stopping threads took: 0.0000440 seconds
235.806: Application time: 0.0426490 seconds
235.806: [GC [PSYoungGen: 14797K->1456K(15360K)] 30377K->17035K(49664K), 0.0006560 secs] [Times: user=0.00 sys=0.00, real=0.00 secs] 
235.806: Total time for which application threads were stopped: 0.0007700 seconds, Stopping threads took: 0.0000580 seconds
235.864: Application time: 0.0572570 seconds
235.864: [GC [PSYoungGen: 14767K->1392K(15360K)] 30347K->16971K(49664K), 0.0006690 secs] [Times: user=0.01 sys=0.00, real=0.00 secs] 
235.864: Total time for which application threads were stopped: 0.0007870 seconds, Stopping threads took: 0.0000620 seconds
235.921: Application time: 0.0567480 seconds
235.921: [GC [PSYoungGen: 14700K->1536K(15360K)] 30280K->17115K(49664K), 0.0005900 secs] [Times: user=0.00 sys=0.00, real=0.00 secs] 
235.922: Total time for which application threads were stopped: 0.0007050 seconds, Stopping threads took: 0.0000600 seconds
235.967: Application time: 0.0456480 seconds
235.968: [GC [PSYoungGen: 14846K->1696K(15360K)] 30426K->17276K(49664K), 0.0006890 secs] [Times: user=0.00 sys=0.00, real=0.01 secs] 
235.968: Total time for which application threads were stopped: 0.0008000 seconds, Stopping threads took: 0.0000480 seconds
236.009: Application time: 0.0410870 seconds
236.009: [GC [PSYoungGen: 15006K->1840K(15360K)] 30585K->17420K(49664K), 0.0007130 secs] [Times: user=0.00 sys=0.00, real=0.00 secs] 
236.010: Total time for which application threads were stopped: 0.0008120 seconds, Stopping threads took: 0.0000420 seconds
236.053: Application time: 0.0426940 seconds
236.053: [GC [PSYoungGen: 15063K->1792K(15360K)] 30643K->17371K(49664K), 0.0007020 secs] [Times: user=0.00 sys=0.00, real=0.00 secs] 
236.054: Total time for which application threads were stopped: 0.0008370 seconds, Stopping threads took: 0.0000670 seconds
236.110: Application time: 0.0562080 seconds
236.110: [GC [PSYoungGen: 15102K->1872K(15360K)] 30682K->17500K(49664K), 0.0006270 secs] [Times: user=0.00 sys=0.00, real=0.00 secs] 
236.111: Total time for which application threads were stopped: 0.0007470 seconds, Stopping threads took: 0.0000630 seconds
236.169: Application time: 0.0578960 seconds
236.169: [GC [PSYoungGen: 15181K->1920K(15360K)] 30809K->17548K(49664K), 0.0007430 secs] [Times: user=0.00 sys=0.00, real=0.00 secs] 
236.169: Total time for which application threads were stopped: 0.0008650 seconds, Stopping threads took: 0.0000630 seconds
236.226: Application time: 0.0563150 seconds
236.226: [GC [PSYoungGen: 15228K->1904K(15360K)] 30856K->17532K(49664K), 0.0007090 secs] [Times: user=0.00 sys=0.00, real=0.00 secs] 
236.227: Total time for which application threads were stopped: 0.0008180 seconds, Stopping threads took: 0.0000520 seconds
236.285: Application time: 0.0581930 seconds
236.285: [GC [PSYoungGen: 15213K->1856K(15360K)] 30841K->17484K(49664K), 0.0007350 secs] [Times: user=0.00 sys=0.00, real=0.00 secs] 
236.286: Total time for which application threads were stopped: 0.0008530 seconds, Stopping threads took: 0.0000610 seconds
236.344: Application time: 0.0582720 seconds
236.344: [GC [PSYoungGen: 15165K->1616K(15360K)] 30793K->17484K(49664K), 0.0006790 secs] [Times: user=0.00 sys=0.00, real=0.00 secs] 
236.345: Total time for which application threads were stopped: 0.0007940 seconds, Stopping threads took: 0.0000600 seconds
236.401: Application time: 0.0567860 seconds
236.402: [GC [PSYoungGen: 14924K->1696K(15360K)] 30792K->17564K(49664K), 0.0005960 secs] [Times: user=0.00 sys=0.00, real=0.00 secs] 
236.402: Total time for which application threads were stopped: 0.0007260 seconds, Stopping threads took: 0.0000710 seconds
236.459: Application time: 0.0572270 seconds
236.460: [GC [PSYoungGen: 15004K->1408K(15360K)] 30872K->17584K(49664K), 0.0006790 secs] [Times: user=0.00 sys=0.00, real=0.00 secs] 
236.460: Total time for which application threads were stopped: 0.0008050 seconds, Stopping threads took: 0.0000650 seconds
236.520: Application time: 0.0594720 seconds
236.520: [GC [PSYoungGen: 14717K->1344K(15360K)] 30893K->17520K(49664K), 0.0005780 secs] [Times: user=0.00 sys=0.00, real=0.01 secs] 
236.520: Total time for which application threads were stopped: 0.0007040 seconds, Stopping threads took: 0.0000690 seconds
236.580: Application time: 0.0600730 seconds
236.581: [GC [PSYoungGen: 14653K->1200K(15360K)] 30829K->17588K(49664K), 0.0005660 secs] [Times: user=0.00 sys=0.00, real=0.00 secs] 
236.581: Total time for which application threads were stopped: 0.0006960 seconds, Stopping threads took: 0.0000640 seconds
236.640: Application time: 0.0588620 seconds
236.640: [GC [PSYoungGen: 14509K->1120K(15360K)] 30898K->17564K(49664K), 0.0005260 secs] [Times: user=0.00 sys=0.00, real=0.01 secs] 
236.641: Total time for which application threads were stopped: 0.0006460 seconds, Stopping threads took: 0.0000650 seconds
236.701: Application time: 0.0598580 seconds
236.701: [GC [PSYoungGen: 14429K->1152K(15360K)] 30874K->17596K(49664K), 0.0005350 secs] [Times: user=0.00 sys=0.00, real=0.00 secs] 
236.701: Total time for which application threads were stopped: 0.0006550 seconds, Stopping threads took: 0.0000640 seconds
236.761: Application time: 0.0594640 seconds
236.761: [GC [PSYoungGen: 14461K->1120K(15360K)] 30906K->17564K(49664K), 0.0005270 secs] [Times: user=0.00 sys=0.00, real=0.00 secs] 
236.761: Total time for which application threads were stopped: 0.0006430 seconds, Stopping threads took: 0.0000570 seconds
236.820: Application time: 0.0590200 seconds
236.820: [GC [PSYoungGen: 14429K->1088K(15360K)] 30874K->17580K(49664K), 0.0005080 secs] [Times: user=0.00 sys=0.00, real=0.00 secs] 
236.821: Total time for which application threads were stopped: 0.0006240 seconds, Stopping threads took: 0.0000570 seconds
236.863: Application time: 0.0422550 seconds
236.863: [GC [PSYoungGen: 14399K->1120K(15360K)] 30892K->17817K(49664K), 0.0006070 secs] [Times: user=0.00 sys=0.00, real=0.00 secs] 
236.864: Total time for which application threads were stopped: 0.0007120 seconds, Stopping threads took: 0.0000500 seconds
236.919: Application time: 0.0546900 seconds
236.919: [GC [PSYoungGen: 14431K->928K(15360K)] 31128K->17885K(49664K), 0.0005200 secs] [Times: user=0.00 sys=0.00, real=0.00 secs] 
236.919: Total time for which application threads were stopped: 0.0006570 seconds, Stopping threads took: 0.0000810 seconds
236.960: Application time: 0.0406940 seconds
236.960: [GC [PSYoungGen: 14237K->1152K(15360K)] 31195K->18109K(49664K), 0.0005080 secs] [Times: user=0.01 sys=0.00, real=0.01 secs] 
236.961: Total time for which application threads were stopped: 0.0005960 seconds, Stopping threads took: 0.0000320 seconds
237.016: Application time: 0.0552590 seconds
237.016: [GC [PSYoungGen: 14463K->1152K(15360K)] 31421K->18109K(49664K), 0.0005520 secs] [Times: user=0.00 sys=0.00, real=0.00 secs] 
237.017: Total time for which application threads were stopped: 0.0006680 seconds, Stopping threads took: 0.0000600 seconds
237.059: Application time: 0.0427130 seconds
237.059: [GC [PSYoungGen: 14464K->1152K(15360K)] 31421K->18314K(49664K), 0.0005780 secs] [Times: user=0.00 sys=0.00, real=0.00 secs] 
237.060: Total time for which application threads were stopped: 0.0007190 seconds, Stopping threads took: 0.0000850 seconds
237.115: Application time: 0.0546130 seconds
237.115: [GC [PSYoungGen: 14463K->1152K(15360K)] 31625K->18314K(49664K), 0.0004810 secs] [Times: user=0.00 sys=0.00, real=0.00 secs] 
237.115: Total time for which application threads were stopped: 0.0006020 seconds, Stopping threads took: 0.0000570 seconds
237.172: Application time: 0.0571120 seconds
237.172: [GC [PSYoungGen: 14460K->1152K(15360K)] 31622K->18314K(49664K), 0.0005390 secs] [Times: user=0.00 sys=0.00, real=0.00 secs] 
237.173: Total time for which application threads were stopped: 0.0006500 seconds, Stopping threads took: 0.0000580 seconds
237.231: Application time: 0.0582160 seconds
237.231: [GC [PSYoungGen: 14461K->928K(15360K)] 31623K->18298K(49664K), 0.0005150 secs] [Times: user=0.00 sys=0.00, real=0.00 secs] 
237.232: Total time for which application threads were stopped: 0.0006320 seconds, Stopping threads took: 0.0000550 seconds
237.280: Application time: 0.0477250 seconds
237.280: [GC [PSYoungGen: 14237K->976K(15360K)] 31608K->18551K(49664K), 0.0005080 secs] [Times: user=0.00 sys=0.00, real=0.00 secs] 
237.280: Total time for which application threads were stopped: 0.0006060 seconds, Stopping threads took: 0.0000400 seconds
237.321: Application time: 0.0409400 seconds
237.321: [GC [PSYoungGen: 14286K->1312K(15360K)] 31861K->18887K(49664K), 0.0005660 secs] [Times: user=0.00 sys=0.00, real=0.00 secs] 
237.322: Total time for which application threads were stopped: 0.0006650 seconds, Stopping threads took: 0.0000440 seconds
237.364: Application time: 0.0423370 seconds
237.364: [GC [PSYoungGen: 14621K->1264K(15360K)] 32196K->18839K(49664K), 0.0005540 secs] [Times: user=0.00 sys=0.00, real=0.00 secs] 
237.365: Total time for which application threads were stopped: 0.0006660 seconds, Stopping threads took: 0.0000570 seconds
237.420: Application time: 0.0552640 seconds
237.420: [GC [PSYoungGen: 14573K->1216K(15360K)] 32148K->18791K(49664K), 0.0005550 secs] [Times: user=0.00 sys=0.00, real=0.01 secs] 
237.421: Total time for which application threads were stopped: 0.0006810 seconds, Stopping threads took: 0.0000600 seconds
237.466: Application time: 0.0456940 seconds
237.468: [GC [PSYoungGen: 14525K->1536K(15360K)] 32100K->19111K(49664K), 0.0006120 secs] [Times: user=0.01 sys=0.00, real=0.00 secs] 
237.469: Total time for which application threads were stopped: 0.0025670 seconds, Stopping threads took: 0.0018980 seconds
237.519: Application time: 0.0497830 seconds
237.519: [GC [PSYoungGen: 14847K->1536K(15360K)] 32422K->19111K(49664K), 0.0005870 secs] [Times: user=0.01 sys=0.00, real=0.00 secs] 
237.519: Total time for which application threads were stopped: 0.0007090 seconds, Stopping threads took: 0.0000660 seconds
237.576: Application time: 0.0567870 seconds
237.576: [GC [PSYoungGen: 14844K->1504K(15360K)] 32419K->19079K(49664K), 0.0005890 secs] [Times: user=0.00 sys=0.00, real=0.00 secs] 
237.577: Total time for which application threads were stopped: 0.0007030 seconds, Stopping threads took: 0.0000570 seconds
237.636: Application time: 0.0593340 seconds
237.636: [GC [PSYoungGen: 14813K->1456K(15360K)] 32388K->19031K(49664K), 0.0005920 secs] [Times: user=0.00 sys=0.00, real=0.00 secs] 
237.637: Total time for which application threads were stopped: 0.0007200 seconds, Stopping threads took: 0.0000630 seconds
237.684: Application time: 0.0470160 seconds
237.684: [GC [PSYoungGen: 14764K->1728K(15360K)] 32339K->19303K(49664K), 0.0006210 secs] [Times: user=0.00 sys=0.00, real=0.00 secs] 
237.685: Total time for which application threads were stopped: 0.0007270 seconds, Stopping threads took: 0.0000490 seconds
237.724: Application time: 0.0396020 seconds
237.724: [GC [PSYoungGen: 15039K->1872K(15360K)] 32614K->19447K(49664K), 0.0006940 secs] [Times: user=0.01 sys=0.00, real=0.00 secs] 
237.725: Total time for which application threads were stopped: 0.0007940 seconds, Stopping threads took: 0.0000440 seconds
237.769: Application time: 0.0437130 seconds
237.769: [GC [PSYoungGen: 15183K->1888K(15360K)] 32758K->19463K(49664K), 0.0006790 secs] [Times: user=0.01 sys=0.00, real=0.00 secs] 
237.770: Total time for which application threads were stopped: 0.0007840 seconds, Stopping threads took: 0.0000470 seconds
237.825: Application time: 0.0555560 seconds
237.825: [GC [PSYoungGen: 15198K->1936K(15360K)] 32773K->19551K(49664K), 0.0007730 secs] [Times: user=0.00 sys=0.00, real=0.00 secs] 
237.826: Total time for which application threads were stopped: 0.0008840 seconds, Stopping threads took: 0.0000530 seconds
237.883: Application time: 0.0572910 seconds
237.883: [GC [PSYoungGen: 15247K->1856K(15360K)] 32862K->19471K(49664K), 0.0006730 secs] [Times: user=0.00 sys=0.00, real=0.00 secs] 
237.884: Total time for which application threads were stopped: 0.0007770 seconds, Stopping threads took: 0.0000420 seconds
237.942: Application time: 0.0574350 seconds
237.942: [GC [PSYoungGen: 15166K->1888K(15360K)] 32781K->19503K(49664K), 0.0006850 secs] [Times: user=0.00 sys=0.00, real=0.00 secs] 
237.942: Total time for which application threads were stopped: 0.0007890 seconds, Stopping threads took: 0.0000490 seconds
238.001: Application time: 0.0581710 seconds
238.001: [GC [PSYoungGen: 15197K->1808K(15360K)] 32812K->19423K(49664K), 0.0006640 secs] [Times: user=0.00 sys=0.00, real=0.00 secs] 
238.001: Total time for which application threads were stopped: 0.0007810 seconds, Stopping threads took: 0.0000590 seconds
238.060: Application time: 0.0582360 seconds
238.060: [GC [PSYoungGen: 15117K->1616K(15360K)] 32732K->19467K(49664K), 0.0006930 secs] [Times: user=0.00 sys=0.00, real=0.01 secs] 
238.060: Total time for which application threads were stopped: 0.0008090 seconds, Stopping threads took: 0.0000610 seconds
238.117: Application time: 0.0567730 seconds
238.117: [GC [PSYoungGen: 14924K->1696K(15360K)] 32776K->19547K(49664K), 0.0005890 secs] [Times: user=0.00 sys=0.00, real=0.00 secs] 
238.118: Total time for which application threads were stopped: 0.0006980 seconds, Stopping threads took: 0.0000540 seconds
238.175: Application time: 0.0567160 seconds
238.175: [GC [PSYoungGen: 15004K->1424K(15360K)] 32856K->19551K(49664K), 0.0006870 secs] [Times: user=0.00 sys=0.00, real=0.00 secs] 
238.175: Total time for which application threads were stopped: 0.0008090 seconds, Stopping threads took: 0.0000540 seconds
238.235: Application time: 0.0592220 seconds
238.235: [GC [PSYoungGen: 14733K->1376K(15360K)] 32861K->19551K(49664K), 0.0006330 secs] [Times: user=0.00 sys=0.00, real=0.00 secs] 
238.235: Total time for which application threads were stopped: 0.0007450 seconds, Stopping threads took: 0.0000570 seconds
238.295: Application time: 0.0591680 seconds
238.295: [GC [PSYoungGen: 14685K->1152K(15360K)] 32861K->19564K(49664K), 0.0005540 secs] [Times: user=0.00 sys=0.00, real=0.00 secs] 
238.295: Total time for which application threads were stopped: 0.0006550 seconds, Stopping threads took: 0.0000450 seconds
238.354: Application time: 0.0592620 seconds
238.355: [GC [PSYoungGen: 14461K->1280K(15360K)] 32873K->19692K(49664K), 0.0005390 secs] [Times: user=0.01 sys=0.00, real=0.00 secs] 
238.355: Total time for which application threads were stopped: 0.0006760 seconds, Stopping threads took: 0.0000810 seconds
238.414: Application time: 0.0593510 seconds
238.415: [GC [PSYoungGen: 14589K->1120K(15360K)] 33001K->19532K(49664K), 0.0005160 secs] [Times: user=0.00 sys=0.00, real=0.00 secs] 
238.415: Total time for which application threads were stopped: 0.0006360 seconds, Stopping threads took: 0.0000640 seconds
238.474: Application time: 0.0591340 seconds
238.474: [GC [PSYoungGen: 14429K->1152K(15360K)] 32841K->19564K(49664K), 0.0005240 secs] [Times: user=0.00 sys=0.00, real=0.00 secs] 
238.475: Total time for which application threads were stopped: 0.0006380 seconds, Stopping threads took: 0.0000590 seconds
238.534: Application time: 0.0590580 seconds
238.534: [GC [PSYoungGen: 14461K->1120K(15360K)] 32873K->19580K(49664K), 0.0005730 secs] [Times: user=0.00 sys=0.00, real=0.00 secs] 
238.535: Total time for which application threads were stopped: 0.0006850 seconds, Stopping threads took: 0.0000570 seconds
238.583: Application time: 0.0484050 seconds
238.583: [GC [PSYoungGen: 14429K->1184K(15360K)] 32889K->19856K(49664K), 0.0005440 secs] [Times: user=0.00 sys=0.00, real=0.00 secs] 
238.584: Total time for which application threads were stopped: 0.0006530 seconds, Stopping threads took: 0.0000550 seconds
238.634: Application time: 0.0498690 seconds
238.634: [GC [PSYoungGen: 14494K->1120K(15360K)] 33166K->20045K(49664K), 0.0006080 secs] [Times: user=0.01 sys=0.00, real=0.00 secs] 
238.634: Total time for which application threads were stopped: 0.0007160 seconds, Stopping threads took: 0.0000530 seconds
238.675: Application time: 0.0408340 seconds
238.675: [GC [PSYoungGen: 14428K->1152K(15360K)] 33353K->20077K(49664K), 0.0004890 secs] [Times: user=0.01 sys=0.00, real=0.00 secs] 
238.676: Total time for which application threads were stopped: 0.0006080 seconds, Stopping threads took: 0.0000550 seconds
238.732: Application time: 0.0563970 seconds
238.732: [GC [PSYoungGen: 14461K->1152K(15360K)] 33386K->20077K(49664K), 0.0005320 secs] [Times: user=0.00 sys=0.01, real=0.00 secs] 
238.733: Total time for which application threads were stopped: 0.0006570 seconds, Stopping threads took: 0.0000600 seconds
238.774: Application time: 0.0416060 seconds
238.774: [GC [PSYoungGen: 14463K->1120K(15360K)] 33388K->20282K(49664K), 0.0005580 secs] [Times: user=0.00 sys=0.00, real=0.00 secs] 
238.775: Total time for which application threads were stopped: 0.0006640 seconds, Stopping threads took: 0.0000510 seconds
238.829: Application time: 0.0539750 seconds
238.829: [GC [PSYoungGen: 14429K->1152K(15360K)] 33591K->20314K(49664K), 0.0005230 secs] [Times: user=0.00 sys=0.00, real=0.00 secs] 
238.830: Total time for which application threads were stopped: 0.0006340 seconds, Stopping threads took: 0.0000550 seconds
238.887: Application time: 0.0573480 seconds
238.887: [GC [PSYoungGen: 14463K->1120K(15360K)] 33625K->20282K(49664K), 0.0005840 secs] [Times: user=0.00 sys=0.00, real=0.00 secs] 
238.888: Total time for which application threads were stopped: 0.0006970 seconds, Stopping threads took: 0.0000590 seconds
238.946: Application time: 0.0581310 seconds
238.948: [GC [PSYoungGen: 14429K->896K(15360K)] 33591K->20270K(49664K), 0.0005310 secs] [Times: user=0.00 sys=0.00, real=0.00 secs] 
238.949: Total time for which application threads were stopped: 0.0030170 seconds, Stopping threads took: 0.0024280 seconds
238.998: Application time: 0.0486750 seconds
238.998: [GC [PSYoungGen: 14206K->1024K(15360K)] 33581K->20611K(49664K), 0.0005260 secs] [Times: user=0.00 sys=0.00, real=0.00 secs] 
238.998: Total time for which application threads were stopped: 0.0006190 seconds, Stopping threads took: 0.0000400 seconds
239.040: Application time: 0.0418890 seconds
239.044: [GC [PSYoungGen: 14333K->1216K(15360K)] 33920K->20803K(49664K), 0.0005500 secs] [Times: user=0.00 sys=0.00, real=0.00 secs] 
239.045: Total time for which application threads were stopped: 0.0048320 seconds, Stopping threads took: 0.0042290 seconds
239.087: Application time: 0.0419300 seconds
239.087: [GC [PSYoungGen: 14527K->1360K(15360K)] 34115K->20947K(49664K), 0.0005690 secs] [Times: user=0.00 sys=0.00, real=0.00 secs] 
239.087: Total time for which application threads were stopped: 0.0006680 seconds, Stopping threads took: 0.0000450 seconds
239.142: Application time: 0.0546180 seconds
239.142: [GC [PSYoungGen: 14671K->1280K(15360K)] 34258K->20867K(49664K), 0.0005660 secs] [Times: user=0.01 sys=0.00, real=0.00 secs] 
239.143: Total time for which application threads were stopped: 0.0006730 seconds, Stopping threads took: 0.0000490 seconds
239.187: Application time: 0.0444300 seconds
239.187: [GC [PSYoungGen: 14588K->1504K(15360K)] 34175K->21091K(49664K), 0.0006000 secs] [Times: user=0.01 sys=0.00, real=0.00 secs] 
239.188: Total time for which application threads were stopped: 0.0006980 seconds, Stopping threads took: 0.0000380 seconds
239.237: Application time: 0.0491640 seconds
239.237: [GC [PSYoungGen: 14811K->1536K(15360K)] 34398K->21123K(49664K), 0.0006790 secs] [Times: user=0.00 sys=0.00, real=0.00 secs] 
239.238: Total time for which application threads were stopped: 0.0007940 seconds, Stopping threads took: 0.0000540 seconds
239.295: Application time: 0.0568870 seconds
239.295: [GC [PSYoungGen: 14847K->1488K(15360K)] 34434K->21075K(49664K), 0.0005900 secs] [Times: user=0.00 sys=0.00, real=0.00 secs] 
239.295: Total time for which application threads were stopped: 0.0007100 seconds, Stopping threads took: 0.0000660 seconds
239.354: Application time: 0.0583770 seconds
239.354: [GC [PSYoungGen: 14797K->1488K(15360K)] 34384K->21075K(49664K), 0.0006100 secs] [Times: user=0.00 sys=0.00, real=0.00 secs] 
239.355: Total time for which application threads were stopped: 0.0007210 seconds, Stopping threads took: 0.0000550 seconds
239.404: Application time: 0.0496210 seconds
239.404: [GC [PSYoungGen: 14798K->1744K(15360K)] 34386K->21331K(49664K), 0.0006580 secs] [Times: user=0.00 sys=0.00, real=0.00 secs] 
239.405: Total time for which application threads were stopped: 0.0007710 seconds, Stopping threads took: 0.0000560 seconds
239.446: Application time: 0.0410420 seconds
239.446: [GC [PSYoungGen: 15054K->1904K(15360K)] 34641K->21491K(49664K), 0.0006770 secs] [Times: user=0.00 sys=0.00, real=0.00 secs] 
239.447: Total time for which application threads were stopped: 0.0007910 seconds, Stopping threads took: 0.0000570 seconds
239.486: Application time: 0.0393240 seconds
239.486: [GC [PSYoungGen: 15214K->1904K(15360K)] 34801K->21491K(49664K), 0.0006880 secs] [Times: user=0.01 sys=0.00, real=0.00 secs] 
239.487: Total time for which application threads were stopped: 0.0007940 seconds, Stopping threads took: 0.0000510 seconds
239.543: Application time: 0.0562930 seconds
239.543: [GC [PSYoungGen: 15214K->1872K(15360K)] 34801K->21507K(49664K), 0.0006980 secs] [Times: user=0.01 sys=0.00, real=0.00 secs] 
239.544: Total time for which application threads were stopped: 0.0008280 seconds, Stopping threads took: 0.0000730 seconds
239.599: Application time: 0.0553690 seconds
239.600: [GC [PSYoungGen: 15182K->1840K(15360K)] 34817K->21475K(49664K), 0.0006730 secs] [Times: user=0.00 sys=0.00, real=0.00 secs] 
239.600: Total time for which application threads were stopped: 0.0007920 seconds, Stopping threads took: 0.0000590 seconds
239.659: Application time: 0.0583270 seconds
239.659: [GC [PSYoungGen: 15149K->1872K(15360K)] 34784K->21507K(49664K), 0.0006820 secs] [Times: user=0.00 sys=0.00, real=0.00 secs] 
239.659: Total time for which application threads were stopped: 0.0007800 seconds, Stopping threads took: 0.0000430 seconds
239.717: Application time: 0.0581040 seconds
239.720: [GC [PSYoungGen: 15181K->1824K(15360K)] 34816K->21459K(49664K), 0.0006690 secs] [Times: user=0.00 sys=0.00, real=0.00 secs] 
239.721: Total time for which application threads were stopped: 0.0035820 seconds, Stopping threads took: 0.0028540 seconds
239.779: Application time: 0.0582710 seconds
239.779: [GC [PSYoungGen: 15133K->1632K(15360K)] 34768K->21511K(49664K), 0.0007090 secs] [Times: user=0.00 sys=0.00, real=0.00 secs] 
239.780: Total time for which application threads were stopped: 0.0008220 seconds, Stopping threads took: 0.0000440 seconds
239.836: Application time: 0.0563740 seconds
239.837: [GC [PSYoungGen: 14940K->1632K(15360K)] 34820K->21511K(49664K), 0.0006220 secs] [Times: user=0.00 sys=0.00, real=0.00 secs] 
239.837: Total time for which application threads were stopped: 0.0007320 seconds, Stopping threads took: 0.0000540 seconds
239.894: Application time: 0.0567500 seconds
239.894: [GC [PSYoungGen: 14940K->1536K(15360K)] 34820K->21652K(49664K), 0.0006470 secs] [Times: user=0.01 sys=0.00, real=0.00 secs] 
239.895: Total time for which application threads were stopped: 0.0007600 seconds, Stopping threads took: 0.0000520 seconds
239.953: Application time: 0.0586700 seconds
239.954: [GC [PSYoungGen: 14845K->1344K(15360K)] 34961K->21544K(49664K), 0.0005900 secs] [Times: user=0.00 sys=0.00, real=0.00 secs] 
239.954: Total time for which application threads were stopped: 0.0007100 seconds, Stopping threads took: 0.0000640 seconds
240.014: Application time: 0.0600500 seconds
240.014: [GC [PSYoungGen: 14653K->1152K(15360K)] 34853K->21593K(49664K), 0.0006310 secs] [Times: user=0.01 sys=0.00, real=0.00 secs] 
240.015: Total time for which application threads were stopped: 0.0007460 seconds, Stopping threads took: 0.0000580 seconds
240.076: Application time: 0.0606940 seconds
240.076: [GC [PSYoungGen: 14464K->1152K(15360K)] 34904K->21593K(49664K), 0.0005020 secs] [Times: user=0.00 sys=0.00, real=0.00 secs] 
240.076: Total time for which application threads were stopped: 0.0006180 seconds, Stopping threads took: 0.0000580 seconds
240.137: Application time: 0.0607070 seconds
240.137: [GC [PSYoungGen: 14461K->1120K(15360K)] 34902K->21561K(49664K), 0.0005180 secs] [Times: user=0.00 sys=0.00, real=0.00 secs] 
240.138: Total time for which application threads were stopped: 0.0006370 seconds, Stopping threads took: 0.0000540 seconds
240.197: Application time: 0.0596340 seconds
240.197: [GC [PSYoungGen: 14429K->1168K(15360K)] 34870K->21609K(49664K), 0.0005600 secs] [Times: user=0.00 sys=0.00, real=0.00 secs] 
240.198: Total time for which application threads were stopped: 0.0006710 seconds, Stopping threads took: 0.0000560 seconds
240.257: Application time: 0.0593570 seconds
240.257: [GC [PSYoungGen: 14477K->1120K(15360K)] 34918K->21601K(49664K), 0.0005670 secs] [Times: user=0.00 sys=0.00, real=0.00 secs] 
240.258: Total time for which application threads were stopped: 0.0006780 seconds, Stopping threads took: 0.0000550 seconds
240.305: Application time: 0.0471180 seconds
240.305: [GC [PSYoungGen: 14429K->1120K(15360K)] 34910K->21813K(49664K), 0.0005470 secs] [Times: user=0.01 sys=0.00, real=0.00 secs] 
240.306: Total time for which application threads were stopped: 0.0006810 seconds, Stopping threads took: 0.0000660 seconds
240.355: Application time: 0.0494450 seconds
240.355: [GC [PSYoungGen: 14430K->1088K(15360K)] 35123K->22026K(49664K), 0.0005500 secs] [Times: user=0.01 sys=0.00, real=0.00 secs] 
240.356: Total time for which application threads were stopped: 0.0006540 seconds, Stopping threads took: 0.0000490 seconds
240.397: Application time: 0.0408600 seconds
240.397: [GC [PSYoungGen: 14398K->1152K(15360K)] 35336K->22090K(49664K), 0.0005170 secs] [Times: user=0.01 sys=0.00, real=0.00 secs] 
240.397: Total time for which application threads were stopped: 0.0006260 seconds, Stopping threads took: 0.0000540 seconds
240.454: Application time: 0.0564090 seconds
240.454: [GC [PSYoungGen: 14463K->864K(15360K)] 35401K->22006K(49664K), 0.0005130 secs] [Times: user=0.00 sys=0.00, real=0.00 secs] 
240.454: Total time for which application threads were stopped: 0.0006300 seconds, Stopping threads took: 0.0000630 seconds
240.497: Application time: 0.0426590 seconds
240.497: [GC [PSYoungGen: 14176K->1152K(15360K)] 35318K->22294K(49664K), 0.0005270 secs] [Times: user=0.01 sys=0.00, real=0.00 secs] 
240.498: Total time for which application threads were stopped: 0.0006400 seconds, Stopping threads took: 0.0000560 seconds
240.551: Application time: 0.0529440 seconds
240.551: [GC [PSYoungGen: 14462K->1120K(15360K)] 35605K->22262K(49664K), 0.0005720 secs] [Times: user=0.00 sys=0.00, real=0.00 secs] 
240.551: Total time for which application threads were stopped: 0.0006720 seconds, Stopping threads took: 0.0000450 seconds
240.608: Application time: 0.0567120 seconds
240.608: [GC [PSYoungGen: 14428K->1120K(15360K)] 35571K->22262K(49664K), 0.0005290 secs] [Times: user=0.00 sys=0.00, real=0.01 secs] 
240.609: Total time for which application threads were stopped: 0.0006620 seconds, Stopping threads took: 0.0000750 seconds
240.668: Application time: 0.0589330 seconds
240.668: [GC [PSYoungGen: 14429K->960K(15360K)] 35572K->22315K(49664K), 0.0005360 secs] [Times: user=0.00 sys=0.00, real=0.00 secs] 
240.668: Total time for which application threads were stopped: 0.0006510 seconds, Stopping threads took: 0.0000540 seconds
240.720: Application time: 0.0521650 seconds
240.721: [GC [PSYoungGen: 14271K->960K(15360K)] 35626K->22519K(49664K), 0.0005870 secs] [Times: user=0.00 sys=0.00, real=0.00 secs] 
240.721: Total time for which application threads were stopped: 0.0007120 seconds, Stopping threads took: 0.0000690 seconds
240.760: Application time: 0.0388760 seconds
240.760: [GC [PSYoungGen: 14270K->1152K(15360K)] 35830K->22711K(49664K), 0.0005220 secs] [Times: user=0.00 sys=0.00, real=0.01 secs] 
240.761: Total time for which application threads were stopped: 0.0006410 seconds, Stopping threads took: 0.0000630 seconds
240.801: Application time: 0.0398600 seconds
240.801: [GC [PSYoungGen: 14460K->1232K(15360K)] 36020K->22791K(49664K), 0.0005420 secs] [Times: user=0.01 sys=0.00, real=0.00 secs] 
240.801: Total time for which application threads were stopped: 0.0006520 seconds, Stopping threads took: 0.0000560 seconds
240.857: Application time: 0.0557720 seconds
240.857: [GC [PSYoungGen: 14541K->1264K(15360K)] 36100K->22823K(49664K), 0.0005560 secs] [Times: user=0.00 sys=0.00, real=0.00 secs] 
240.858: Total time for which application threads were stopped: 0.0006770 seconds, Stopping threads took: 0.0000560 seconds
240.904: Application time: 0.0464650 seconds
240.904: [GC [PSYoungGen: 14573K->1472K(15360K)] 36133K->23031K(49664K), 0.0006010 secs] [Times: user=0.00 sys=0.00, real=0.00 secs] 
240.905: Total time for which application threads were stopped: 0.0006940 seconds, Stopping threads took: 0.0000370 seconds
240.952: Application time: 0.0473140 seconds
240.952: [GC [PSYoungGen: 14783K->1488K(15360K)] 36343K->23047K(49664K), 0.0005960 secs] [Times: user=0.00 sys=0.00, real=0.00 secs] 
240.953: Total time for which application threads were stopped: 0.0007110 seconds, Stopping threads took: 0.0000600 seconds
241.010: Application time: 0.0570860 seconds
241.010: [GC [PSYoungGen: 14796K->1456K(15360K)] 36356K->23015K(49664K), 0.0005920 secs] [Times: user=0.01 sys=0.00, real=0.00 secs] 
241.011: Total time for which application threads were stopped: 0.0006940 seconds, Stopping threads took: 0.0000480 seconds
241.069: Application time: 0.0580130 seconds
241.069: [GC [PSYoungGen: 14765K->1376K(15360K)] 36325K->22935K(49664K), 0.0005930 secs] [Times: user=0.00 sys=0.00, real=0.00 secs] 
241.069: Total time for which application threads were stopped: 0.0007060 seconds, Stopping threads took: 0.0000560 seconds
241.122: Application time: 0.0523330 seconds
241.122: [GC [PSYoungGen: 14635K->1568K(15360K)] 36194K->23127K(49664K), 0.0006530 secs] [Times: user=0.00 sys=0.00, real=0.00 secs] 
241.122: Total time for which application threads were stopped: 0.0007730 seconds, Stopping threads took: 0.0000650 seconds
241.163: Application time: 0.0402240 seconds
241.163: [GC [PSYoungGen: 14876K->1840K(15360K)] 36436K->23399K(49664K), 0.0007500 secs] [Times: user=0.01 sys=0.00, real=0.00 secs] 
241.163: Total time for which application threads were stopped: 0.0008450 seconds, Stopping threads took: 0.0000380 seconds
241.203: Application time: 0.0398770 seconds
241.203: [GC [PSYoungGen: 15152K->1904K(15360K)] 36711K->23463K(49664K), 0.0007260 secs] [Times: user=0.00 sys=0.00, real=0.00 secs] 
241.204: Total time for which application threads were stopped: 0.0008280 seconds, Stopping threads took: 0.0000480 seconds
241.258: Application time: 0.0537890 seconds
241.258: [GC [PSYoungGen: 15212K->1872K(15360K)] 36772K->23487K(49664K), 0.0007140 secs] [Times: user=0.00 sys=0.00, real=0.00 secs] 
241.259: Total time for which application threads were stopped: 0.0008500 seconds, Stopping threads took: 0.0000790 seconds
241.315: Application time: 0.0559580 seconds
241.315: [GC [PSYoungGen: 15180K->1872K(15360K)] 36796K->23487K(49664K), 0.0006530 secs] [Times: user=0.00 sys=0.00, real=0.00 secs] 
241.316: Total time for which application threads were stopped: 0.0007780 seconds, Stopping threads took: 0.0000670 seconds
241.373: Application time: 0.0571960 seconds
241.373: [GC [PSYoungGen: 15183K->1984K(15360K)] 36799K->23599K(49664K), 0.0007390 secs] [Times: user=0.00 sys=0.00, real=0.00 secs] 
241.374: Total time for which application threads were stopped: 0.0008540 seconds, Stopping threads took: 0.0000500 seconds
241.432: Application time: 0.0584390 seconds
241.432: [GC [PSYoungGen: 15293K->1824K(15360K)] 36909K->23439K(49664K), 0.0007090 secs] [Times: user=0.00 sys=0.00, real=0.00 secs] 
241.433: Total time for which application threads were stopped: 0.0008280 seconds, Stopping threads took: 0.0000610 seconds
241.491: Application time: 0.0582050 seconds
241.491: [GC [PSYoungGen: 15133K->1664K(15360K)] 36749K->23532K(49664K), 0.0006870 secs] [Times: user=0.00 sys=0.00, real=0.00 secs] 
241.492: Total time for which application threads were stopped: 0.0007940 seconds, Stopping threads took: 0.0000520 seconds
241.548: Application time: 0.0563650 seconds
241.548: [GC [PSYoungGen: 14972K->1680K(15360K)] 36840K->23548K(49664K), 0.0006430 secs] [Times: user=0.01 sys=0.00, real=0.00 secs] 
241.549: Total time for which application threads were stopped: 0.0007500 seconds, Stopping threads took: 0.0000530 seconds
241.607: Application time: 0.0579360 seconds
241.607: [GC [PSYoungGen: 14991K->1408K(15360K)] 36859K->23556K(49664K), 0.0007110 secs] [Times: user=0.00 sys=0.00, real=0.00 secs] 
241.608: Total time for which application threads were stopped: 0.0008240 seconds, Stopping threads took: 0.0000570 seconds
241.667: Application time: 0.0587950 seconds
241.667: [GC [PSYoungGen: 14717K->1408K(15360K)] 36865K->23612K(49664K), 0.0006380 secs] [Times: user=0.00 sys=0.00, real=0.00 secs] 
241.667: Total time for which application threads were stopped: 0.0007450 seconds, Stopping threads took: 0.0000490 seconds
241.727: Application time: 0.0594890 seconds
241.727: [GC [PSYoungGen: 14717K->1152K(15360K)] 36922K->23593K(49664K), 0.0005780 secs] [Times: user=0.00 sys=0.00, real=0.00 secs] 
241.728: Total time for which application threads were stopped: 0.0006940 seconds, Stopping threads took: 0.0000610 seconds
241.787: Application time: 0.0594290 seconds
241.787: [GC [PSYoungGen: 14461K->1120K(15360K)] 36902K->23561K(49664K), 0.0005470 secs] [Times: user=0.01 sys=0.00, real=0.00 secs] 
241.788: Total time for which application threads were stopped: 0.0006900 seconds, Stopping threads took: 0.0000870 seconds
241.847: Application time: 0.0592020 seconds
241.847: [GC [PSYoungGen: 14429K->1120K(15360K)] 36870K->23561K(49664K), 0.0005960 secs] [Times: user=0.00 sys=0.00, real=0.00 secs] 
241.848: Total time for which application threads were stopped: 0.0007120 seconds, Stopping threads took: 0.0000610 seconds
241.907: Application time: 0.0594780 seconds
241.907: [GC [PSYoungGen: 14429K->1184K(15360K)] 36870K->23625K(49664K), 0.0005470 secs] [Times: user=0.00 sys=0.00, real=0.00 secs] 
241.908: Total time for which application threads were stopped: 0.0006630 seconds, Stopping threads took: 0.0000510 seconds
241.968: Application time: 0.0601350 seconds
241.968: [GC [PSYoungGen: 14495K->1120K(15360K)] 36936K->23609K(49664K), 0.0005570 secs] [Times: user=0.01 sys=0.00, real=0.01 secs] 
241.969: Total time for which application threads were stopped: 0.0006580 seconds, Stopping threads took: 0.0000450 seconds
242.017: Application time: 0.0487280 seconds
242.017: [GC [PSYoungGen: 14430K->1120K(15360K)] 36919K->23829K(49664K), 0.0005630 secs] [Times: user=0.00 sys=0.00, real=0.00 secs] 
242.018: Total time for which application threads were stopped: 0.0006690 seconds, Stopping threads took: 0.0000460 seconds
242.065: Application time: 0.0468290 seconds
242.065: [GC [PSYoungGen: 14431K->1088K(15360K)] 37140K->24010K(49664K), 0.0006060 secs] [Times: user=0.01 sys=0.00, real=0.00 secs] 
242.065: Total time for which application threads were stopped: 0.0007080 seconds, Stopping threads took: 0.0000460 seconds
242.106: Application time: 0.0408360 seconds
242.106: [GC [PSYoungGen: 14395K->1152K(15360K)] 37317K->24130K(49664K), 0.0004790 secs] [Times: user=0.00 sys=0.00, real=0.00 secs] 
242.107: Total time for which application threads were stopped: 0.0005860 seconds, Stopping threads took: 0.0000540 seconds
242.165: Application time: 0.0578740 seconds
242.165: [GC [PSYoungGen: 14463K->1056K(15360K)] 37441K->24034K(49664K), 0.0005090 secs] [Times: user=0.00 sys=0.00, real=0.00 secs] 
242.165: Total time for which application threads were stopped: 0.0006460 seconds, Stopping threads took: 0.0000820 seconds
242.211: Application time: 0.0451310 seconds
242.211: [GC [PSYoungGen: 14365K->1088K(15360K)] 37344K->24290K(49664K), 0.0005970 secs] [Times: user=0.00 sys=0.00, real=0.00 secs] 
242.211: Total time for which application threads were stopped: 0.0007030 seconds, Stopping threads took: 0.0000490 seconds
242.262: Application time: 0.0505550 seconds
242.262: [GC [PSYoungGen: 14399K->1152K(15360K)] 37602K->24354K(49664K), 0.0005110 secs] [Times: user=0.00 sys=0.00, real=0.00 secs] 
242.262: Total time for which application threads were stopped: 0.0006410 seconds, Stopping threads took: 0.0000740 seconds
242.319: Application time: 0.0570540 seconds
242.320: [GC [PSYoungGen: 14460K->1152K(15360K)] 37662K->24354K(49664K), 0.0005930 secs] [Times: user=0.01 sys=0.00, real=0.00 secs] 
242.320: Total time for which application threads were stopped: 0.0007000 seconds, Stopping threads took: 0.0000510 seconds
242.379: Application time: 0.0583190 seconds
242.379: [GC [PSYoungGen: 14461K->928K(15360K)] 37663K->24334K(49664K), 0.0005290 secs] [Times: user=0.01 sys=0.00, real=0.00 secs] 
242.379: Total time for which application threads were stopped: 0.0006470 seconds, Stopping threads took: 0.0000630 seconds
242.433: Application time: 0.0540540 seconds
242.433: [GC [PSYoungGen: 14135K->864K(15360K)] 37542K->24499K(49664K), 0.0005190 secs] [Times: user=0.00 sys=0.00, real=0.00 secs] 
242.434: Total time for which application threads were stopped: 0.0006440 seconds, Stopping threads took: 0.0000620 seconds
242.473: Application time: 0.0393420 seconds
242.473: [GC [PSYoungGen: 14173K->1184K(15360K)] 37808K->24819K(49664K), 0.0005260 secs] [Times: user=0.00 sys=0.00, real=0.00 secs] 
242.474: Total time for which application threads were stopped: 0.0006560 seconds, Stopping threads took: 0.0000720 seconds
242.511: Application time: 0.0375540 seconds
242.512: [GC [PSYoungGen: 14496K->1056K(15360K)] 38131K->24691K(49664K), 0.0005140 secs] [Times: user=0.00 sys=0.00, real=0.00 secs] 
242.513: Total time for which application threads were stopped: 0.0014320 seconds, Stopping threads took: 0.0008610 seconds
242.568: Application time: 0.0553330 seconds
242.568: [GC [PSYoungGen: 14366K->1248K(15360K)] 38002K->24883K(49664K), 0.0006070 secs] [Times: user=0.00 sys=0.00, real=0.00 secs] 
242.569: Total time for which application threads were stopped: 0.0007240 seconds, Stopping threads took: 0.0000610 seconds
242.617: Application time: 0.0479910 seconds
242.617: [GC [PSYoungGen: 14557K->1440K(15360K)] 38192K->25075K(49664K), 0.0006000 secs] [Times: user=0.00 sys=0.00, real=0.00 secs] 
242.618: Total time for which application threads were stopped: 0.0007080 seconds, Stopping threads took: 0.0000530 seconds
242.663: Application time: 0.0454110 seconds
242.663: [GC [PSYoungGen: 14751K->1392K(15360K)] 38386K->25027K(49664K), 0.0005960 secs] [Times: user=0.00 sys=0.00, real=0.00 secs] 
242.664: Total time for which application threads were stopped: 0.0007080 seconds, Stopping threads took: 0.0000570 seconds
242.720: Application time: 0.0565710 seconds
242.720: [GC [PSYoungGen: 14700K->1488K(15360K)] 38335K->25123K(49664K), 0.0006150 secs] [Times: user=0.00 sys=0.00, real=0.00 secs] 
242.721: Total time for which application threads were stopped: 0.0007150 seconds, Stopping threads took: 0.0000450 seconds
242.779: Application time: 0.0581010 seconds
242.779: [GC [PSYoungGen: 14797K->1408K(15360K)] 38432K->25043K(49664K), 0.0006250 secs] [Times: user=0.00 sys=0.00, real=0.00 secs] 
242.780: Total time for which application threads were stopped: 0.0007260 seconds, Stopping threads took: 0.0000470 seconds
242.834: Application time: 0.0542830 seconds
242.834: [GC [PSYoungGen: 14717K->1632K(15360K)] 38353K->25267K(49664K), 0.0006760 secs] [Times: user=0.00 sys=0.00, real=0.00 secs] 
242.835: Total time for which application threads were stopped: 0.0007860 seconds, Stopping threads took: 0.0000520 seconds
242.874: Application time: 0.0394860 seconds
242.875: [GC [PSYoungGen: 14940K->1856K(15360K)] 38575K->25491K(49664K), 0.0007110 secs] [Times: user=0.01 sys=0.00, real=0.00 secs] 
242.875: Total time for which application threads were stopped: 0.0008470 seconds, Stopping threads took: 0.0000750 seconds
242.915: Application time: 0.0399600 seconds
242.915: [GC [PSYoungGen: 15166K->1920K(15360K)] 38801K->25555K(49664K), 0.0006920 secs] [Times: user=0.00 sys=0.00, real=0.00 secs] 
242.916: Total time for which application threads were stopped: 0.0008100 seconds, Stopping threads took: 0.0000620 seconds
242.970: Application time: 0.0537100 seconds
242.970: [GC [PSYoungGen: 15231K->1920K(15360K)] 38866K->25595K(49664K), 0.0007110 secs] [Times: user=0.00 sys=0.00, real=0.00 secs] 
242.971: Total time for which application threads were stopped: 0.0008380 seconds, Stopping threads took: 0.0000610 seconds
243.027: Application time: 0.0561180 seconds
243.027: [GC [PSYoungGen: 15228K->1936K(15360K)] 38904K->25611K(49664K), 0.0007610 secs] [Times: user=0.00 sys=0.00, real=0.00 secs] 
243.028: Total time for which application threads were stopped: 0.0008810 seconds, Stopping threads took: 0.0000640 seconds
243.087: Application time: 0.0590970 seconds
243.087: [GC [PSYoungGen: 15245K->1904K(15360K)] 38920K->25579K(49664K), 0.0006380 secs] [Times: user=0.00 sys=0.00, real=0.00 secs] 
243.087: Total time for which application threads were stopped: 0.0007410 seconds, Stopping threads took: 0.0000480 seconds
243.146: Application time: 0.0584700 seconds
243.146: [GC [PSYoungGen: 15213K->1856K(15360K)] 38888K->25531K(49664K), 0.0006670 secs] [Times: user=0.01 sys=0.00, real=0.00 secs] 
243.147: Total time for which application threads were stopped: 0.0007820 seconds, Stopping threads took: 0.0000570 seconds
243.205: Application time: 0.0580910 seconds
243.205: [GC [PSYoungGen: 15165K->1808K(15360K)] 38841K->25596K(49664K), 0.0007050 secs] [Times: user=0.01 sys=0.00, real=0.00 secs] 
243.206: Total time for which application threads were stopped: 0.0008470 seconds, Stopping threads took: 0.0000850 seconds
243.263: Application time: 0.0571080 seconds
243.263: [GC [PSYoungGen: 15119K->1648K(15360K)] 38907K->25572K(49664K), 0.0006540 secs] [Times: user=0.01 sys=0.00, real=0.00 secs] 
243.264: Total time for which application threads were stopped: 0.0007590 seconds, Stopping threads took: 0.0000470 seconds
243.319: Application time: 0.0558010 seconds
243.319: [GC [PSYoungGen: 14956K->1472K(15360K)] 38880K->25664K(49664K), 0.0006190 secs] [Times: user=0.00 sys=0.00, real=0.00 secs] 
243.320: Total time for which application threads were stopped: 0.0007420 seconds, Stopping threads took: 0.0000680 seconds
243.379: Application time: 0.0587470 seconds
243.379: [GC [PSYoungGen: 14781K->1392K(15360K)] 38974K->25632K(49664K), 0.0005740 secs] [Times: user=0.00 sys=0.00, real=0.00 secs] 
243.379: Total time for which application threads were stopped: 0.0006950 seconds, Stopping threads took: 0.0000620 seconds
243.439: Application time: 0.0597880 seconds
243.439: [GC [PSYoungGen: 14701K->1344K(15360K)] 38942K->25632K(49664K), 0.0006000 secs] [Times: user=0.01 sys=0.00, real=0.00 secs] 
243.440: Total time for which application threads were stopped: 0.0007100 seconds, Stopping threads took: 0.0000570 seconds
243.499: Application time: 0.0593770 seconds
243.499: [GC [PSYoungGen: 14653K->1120K(15360K)] 38942K->25637K(49664K), 0.0005800 secs] [Times: user=0.01 sys=0.00, real=0.00 secs] 
243.500: Total time for which application threads were stopped: 0.0007150 seconds, Stopping threads took: 0.0000700 seconds
243.559: Application time: 0.0589430 seconds
243.559: [GC [PSYoungGen: 14429K->1152K(15360K)] 38946K->25669K(49664K), 0.0005360 secs] [Times: user=0.00 sys=0.00, real=0.00 secs] 
243.560: Total time for which application threads were stopped: 0.0006550 seconds, Stopping threads took: 0.0000650 seconds
243.619: Application time: 0.0590840 seconds
243.619: [GC [PSYoungGen: 14461K->1152K(15360K)] 38978K->25669K(49664K), 0.0005620 secs] [Times: user=0.01 sys=0.00, real=0.00 secs] 
243.619: Total time for which application threads were stopped: 0.0006860 seconds, Stopping threads took: 0.0000690 seconds
243.678: Application time: 0.0589470 seconds
243.679: [GC [PSYoungGen: 14461K->1088K(15360K)] 38978K->25653K(49664K), 0.0005290 secs] [Times: user=0.00 sys=0.00, real=0.00 secs] 
243.679: Total time for which application threads were stopped: 0.0006500 seconds, Stopping threads took: 0.0000660 seconds
243.729: Application time: 0.0497110 seconds
243.729: [GC [PSYoungGen: 14397K->1152K(15360K)] 38963K->25937K(49664K), 0.0005620 secs] [Times: user=0.00 sys=0.00, real=0.00 secs] 
243.729: Total time for which application threads were stopped: 0.0006780 seconds, Stopping threads took: 0.0000620 seconds
243.775: Application time: 0.0452790 seconds
243.775: [GC [PSYoungGen: 14461K->1168K(15360K)] 39247K->26174K(49664K), 0.0005440 secs] [Times: user=0.00 sys=0.00, real=0.00 secs] 
243.775: Total time for which application threads were stopped: 0.0006520 seconds, Stopping threads took: 0.0000540 seconds
243.818: Application time: 0.0425270 seconds
243.818: [GC [PSYoungGen: 14477K->1120K(15360K)] 39483K->26174K(49664K), 0.0005260 secs] [Times: user=0.00 sys=0.00, real=0.00 secs] 
243.819: Total time for which application threads were stopped: 0.0006480 seconds, Stopping threads took: 0.0000650 seconds
243.874: Application time: 0.0557080 seconds
243.874: [GC [PSYoungGen: 14428K->1120K(15360K)] 39482K->26174K(49664K), 0.0005230 secs] [Times: user=0.01 sys=0.00, real=0.00 secs] 
243.875: Total time for which application threads were stopped: 0.0006480 seconds, Stopping threads took: 0.0000700 seconds
243.919: Application time: 0.0443450 seconds
243.919: [GC [PSYoungGen: 14432K->1120K(15360K)] 39486K->26398K(49664K), 0.0005940 secs] [Times: user=0.00 sys=0.00, real=0.00 secs] 
243.920: Total time for which application threads were stopped: 0.0006880 seconds, Stopping threads took: 0.0000370 seconds
243.971: Application time: 0.0512180 seconds
243.971: [GC [PSYoungGen: 14431K->1120K(15360K)] 39710K->26398K(49664K), 0.0006060 secs] [Times: user=0.00 sys=0.00, real=0.00 secs] 
243.972: Total time for which application threads were stopped: 0.0007240 seconds, Stopping threads took: 0.0000620 seconds
244.030: Application time: 0.0578870 seconds
244.030: [GC [PSYoungGen: 14431K->1088K(15360K)] 39709K->26366K(49664K), 0.0005950 secs] [Times: user=0.00 sys=0.00, real=0.00 secs] 
244.031: Total time for which application threads were stopped: 0.0007010 seconds, Stopping threads took: 0.0000410 seconds
244.089: Application time: 0.0582250 seconds
244.089: [GC [PSYoungGen: 14397K->1120K(15360K)] 39675K->26398K(49664K), 0.0005250 secs] [Times: user=0.01 sys=0.00, real=0.00 secs] 
244.089: Total time for which application threads were stopped: 0.0006520 seconds, Stopping threads took: 0.0000730 seconds
244.146: Application time: 0.0569970 seconds
244.146: [GC [PSYoungGen: 14429K->768K(15360K)] 39708K->26458K(49664K), 0.0005230 secs] [Times: user=0.00 sys=0.00, real=0.00 secs] 
244.147: Total time for which application threads were stopped: 0.0006280 seconds, Stopping threads took: 0.0000520 seconds
244.188: Application time: 0.0408210 seconds
244.188: [GC [PSYoungGen: 14079K->992K(15360K)] 39770K->26682K(49664K), 0.0005080 secs] [Times: user=0.00 sys=0.00, real=0.01 secs] 
244.188: Total time for which application threads were stopped: 0.0006220 seconds, Stopping threads took: 0.0000540 seconds
244.227: Application time: 0.0389320 seconds
244.227: [GC [PSYoungGen: 14300K->1200K(15360K)] 39991K->26891K(49664K), 0.0005570 secs] [Times: user=0.00 sys=0.00, real=0.00 secs] 
244.228: Total time for which application threads were stopped: 0.0006740 seconds, Stopping threads took: 0.0000620 seconds
244.278: Application time: 0.0501070 seconds
244.278: [GC [PSYoungGen: 14509K->1248K(15360K)] 40200K->26939K(49664K), 0.0006080 secs] [Times: user=0.00 sys=0.00, real=0.00 secs] 
244.279: Total time for which application threads were stopped: 0.0007180 seconds, Stopping threads took: 0.0000530 seconds
244.326: Application time: 0.0474340 seconds
244.326: [GC [PSYoungGen: 14560K->1376K(15360K)] 40251K->27067K(49664K), 0.0005730 secs] [Times: user=0.01 sys=0.00, real=0.00 secs] 
244.327: Total time for which application threads were stopped: 0.0006810 seconds, Stopping threads took: 0.0000530 seconds
244.373: Application time: 0.0461600 seconds
244.373: [GC [PSYoungGen: 14687K->1488K(15360K)] 40378K->27179K(49664K), 0.0006420 secs] [Times: user=0.00 sys=0.00, real=0.00 secs] 
244.374: Total time for which application threads were stopped: 0.0007520 seconds, Stopping threads took: 0.0000560 seconds
244.431: Application time: 0.0567780 seconds
244.431: [GC [PSYoungGen: 14796K->1504K(15360K)] 40487K->27195K(49664K), 0.0006010 secs] [Times: user=0.00 sys=0.00, real=0.00 secs] 
244.431: Total time for which application threads were stopped: 0.0007130 seconds, Stopping threads took: 0.0000540 seconds
244.489: Application time: 0.0576580 seconds
244.489: [GC [PSYoungGen: 14813K->1472K(15360K)] 40504K->27163K(49664K), 0.0006100 secs] [Times: user=0.01 sys=0.00, real=0.00 secs] 
244.490: Total time for which application threads were stopped: 0.0007180 seconds, Stopping threads took: 0.0000530 seconds
244.547: Application time: 0.0572240 seconds
244.547: Total time for which application threads were stopped: 0.0000810 seconds, Stopping threads took: 0.0000510 seconds
244.547: Application time: 0.0000490 seconds
244.547: [GC [PSYoungGen: 14731K->1552K(15360K)] 40550K->27371K(49664K), 0.0006610 secs] [Times: user=0.00 sys=0.00, real=0.00 secs] 
244.548: Total time for which application threads were stopped: 0.0007430 seconds, Stopping threads took: 0.0000370 seconds
244.590: Application time: 0.0418780 seconds
244.590: [GC [PSYoungGen: 14864K->1776K(15360K)] 40967K->27879K(49664K), 0.0005690 secs] [Times: user=0.00 sys=0.00, real=0.00 secs] 
244.590: Total time for which application threads were stopped: 0.0006650 seconds, Stopping threads took: 0.0000450 seconds
244.631: Application time: 0.0402340 seconds
244.631: [GC [PSYoungGen: 15087K->1920K(15360K)] 41191K->28023K(49664K), 0.0007280 secs] [Times: user=0.01 sys=0.00, real=0.00 secs] 
244.632: Total time for which application threads were stopped: 0.0008380 seconds, Stopping threads took: 0.0000540 seconds
244.682: Application time: 0.0505710 seconds
244.682: [GC [PSYoungGen: 15230K->1840K(15360K)] 41334K->27983K(49664K), 0.0007280 secs] [Times: user=0.00 sys=0.00, real=0.00 secs] 
244.683: Total time for which application threads were stopped: 0.0008390 seconds, Stopping threads took: 0.0000540 seconds
244.739: Application time: 0.0558890 seconds
244.739: [GC [PSYoungGen: 15150K->1856K(15360K)] 41293K->27999K(49664K), 0.0006760 secs] [Times: user=0.01 sys=0.00, real=0.00 secs] 
244.740: Total time for which application threads were stopped: 0.0007950 seconds, Stopping threads took: 0.0000630 seconds
244.797: Application time: 0.0575910 seconds
244.797: [GC [PSYoungGen: 15167K->1904K(15360K)] 41310K->28047K(49664K), 0.0006980 secs] [Times: user=0.00 sys=0.00, real=0.00 secs] 
244.798: Total time for which application threads were stopped: 0.0008220 seconds, Stopping threads took: 0.0000660 seconds
244.856: Application time: 0.0581530 seconds
244.856: [GC [PSYoungGen: 15213K->1888K(15360K)] 41357K->28031K(49664K), 0.0006970 secs] [Times: user=0.00 sys=0.00, real=0.00 secs] 
244.857: Total time for which application threads were stopped: 0.0008180 seconds, Stopping threads took: 0.0000650 seconds
244.915: Application time: 0.0581320 seconds
244.915: [GC [PSYoungGen: 15197K->1872K(15360K)] 41341K->28063K(49664K), 0.0007380 secs] [Times: user=0.00 sys=0.00, real=0.00 secs] 
244.916: Total time for which application threads were stopped: 0.0008460 seconds, Stopping threads took: 0.0000530 seconds
244.974: Application time: 0.0583210 seconds
244.974: [GC [PSYoungGen: 15181K->1632K(15360K)] 41373K->28028K(49664K), 0.0007180 secs] [Times: user=0.01 sys=0.00, real=0.00 secs] 
244.975: Total time for which application threads were stopped: 0.0008460 seconds, Stopping threads took: 0.0000700 seconds
245.031: Application time: 0.0555350 seconds
245.031: [GC [PSYoungGen: 14942K->1488K(15360K)] 41338K->28140K(49664K), 0.0006410 secs] [Times: user=0.00 sys=0.00, real=0.00 secs] 
245.031: Total time for which application threads were stopped: 0.0007490 seconds, Stopping threads took: 0.0000520 seconds
245.089: Application time: 0.0576670 seconds
245.089: [GC [PSYoungGen: 14796K->1392K(15360K)] 41448K->28132K(49664K), 0.0005830 secs] [Times: user=0.01 sys=0.00, real=0.00 secs] 
245.090: Total time for which application threads were stopped: 0.0007150 seconds, Stopping threads took: 0.0000600 seconds
245.150: Application time: 0.0601160 seconds
245.150: [GC [PSYoungGen: 14701K->1280K(15360K)] 41441K->28140K(49664K), 0.0005840 secs] [Times: user=0.00 sys=0.00, real=0.00 secs] 
245.151: Total time for which application threads were stopped: 0.0006970 seconds, Stopping threads took: 0.0000590 seconds
245.210: Application time: 0.0596840 seconds
245.212: [GC [PSYoungGen: 14589K->1152K(15360K)] 41449K->28164K(49664K), 0.0005850 secs] [Times: user=0.00 sys=0.00, real=0.00 secs] 
245.213: Total time for which application threads were stopped: 0.0025760 seconds, Stopping threads took: 0.0019300 seconds
245.272: Application time: 0.0591950 seconds
245.272: [GC [PSYoungGen: 14461K->1152K(15360K)] 41473K->28164K(49664K), 0.0005210 secs] [Times: user=0.01 sys=0.00, real=0.00 secs] 
245.273: Total time for which application threads were stopped: 0.0006310 seconds, Stopping threads took: 0.0000500 seconds
245.332: Application time: 0.0593390 seconds
245.332: [GC [PSYoungGen: 14461K->1280K(15360K)] 41473K->28292K(49664K), 0.0005770 secs] [Times: user=0.00 sys=0.00, real=0.00 secs] 
245.333: Total time for which application threads were stopped: 0.0006840 seconds, Stopping threads took: 0.0000520 seconds
245.392: Application time: 0.0590240 seconds
245.392: [GC [PSYoungGen: 14589K->1120K(15360K)] 41601K->28172K(49664K), 0.0005490 secs] [Times: user=0.00 sys=0.00, real=0.00 secs] 
245.392: Total time for which application threads were stopped: 0.0006660 seconds, Stopping threads took: 0.0000620 seconds
245.441: Application time: 0.0481740 seconds
245.441: [GC [PSYoungGen: 14427K->1168K(15360K)] 41480K->28428K(49664K), 0.0006370 secs] [Times: user=0.00 sys=0.00, real=0.00 secs] 
245.441: Total time for which application threads were stopped: 0.0007500 seconds, Stopping threads took: 0.0000600 seconds
245.488: Application time: 0.0463120 seconds
245.488: [GC [PSYoungGen: 14479K->1344K(15360K)] 41739K->28604K(49664K), 0.0005740 secs] [Times: user=0.01 sys=0.00, real=0.01 secs] 
245.488: Total time for which application threads were stopped: 0.0006880 seconds, Stopping threads took: 0.0000540 seconds
245.530: Application time: 0.0416730 seconds
245.530: [GC [PSYoungGen: 14655K->1120K(15360K)] 41915K->28620K(49664K), 0.0005830 secs] [Times: user=0.00 sys=0.00, real=0.00 secs] 
245.531: Total time for which application threads were stopped: 0.0007040 seconds, Stopping threads took: 0.0000660 seconds
245.588: Application time: 0.0576400 seconds
245.589: [GC [PSYoungGen: 14431K->1216K(15360K)] 41931K->28716K(49664K), 0.0005460 secs] [Times: user=0.01 sys=0.00, real=0.00 secs] 
245.589: Total time for which application threads were stopped: 0.0006680 seconds, Stopping threads took: 0.0000660 seconds
245.633: Application time: 0.0442550 seconds
245.633: [GC [PSYoungGen: 14527K->1152K(15360K)] 42028K->28876K(49664K), 0.0005500 secs] [Times: user=0.00 sys=0.00, real=0.00 secs] 
245.634: Total time for which application threads were stopped: 0.0006680 seconds, Stopping threads took: 0.0000470 seconds
245.685: Application time: 0.0513420 seconds
245.685: [GC [PSYoungGen: 14461K->1120K(15360K)] 42185K->28844K(49664K), 0.0005270 secs] [Times: user=0.01 sys=0.00, real=0.00 secs] 
245.686: Total time for which application threads were stopped: 0.0006400 seconds, Stopping threads took: 0.0000560 seconds
245.744: Application time: 0.0578460 seconds
245.744: [GC [PSYoungGen: 14428K->1120K(15360K)] 42152K->28844K(49664K), 0.0005290 secs] [Times: user=0.00 sys=0.00, real=0.00 secs] 
245.745: Total time for which application threads were stopped: 0.0006560 seconds, Stopping threads took: 0.0000710 seconds
245.802: Application time: 0.0579280 seconds
245.804: [GC [PSYoungGen: 14429K->1120K(15360K)] 42153K->28844K(49664K), 0.0005330 secs] [Times: user=0.00 sys=0.00, real=0.00 secs] 
245.805: Total time for which application threads were stopped: 0.0024370 seconds, Stopping threads took: 0.0018470 seconds
245.861: Application time: 0.0561920 seconds
245.861: [GC [PSYoungGen: 14431K->992K(15360K)] 42156K->28920K(49664K), 0.0005280 secs] [Times: user=0.01 sys=0.00, real=0.00 secs] 
245.862: Total time for which application threads were stopped: 0.0006410 seconds, Stopping threads took: 0.0000590 seconds
245.902: Application time: 0.0406340 seconds
245.902: [GC [PSYoungGen: 14303K->1024K(15360K)] 42232K->29169K(49664K), 0.0005410 secs] [Times: user=0.00 sys=0.00, real=0.00 secs] 
245.903: Total time for which application threads were stopped: 0.0006380 seconds, Stopping threads took: 0.0000410 seconds
245.946: Application time: 0.0429950 seconds
245.946: [GC [PSYoungGen: 14334K->1248K(15360K)] 42479K->29393K(49664K), 0.0005750 secs] [Times: user=0.01 sys=0.00, real=0.00 secs] 
245.947: Total time for which application threads were stopped: 0.0006870 seconds, Stopping threads took: 0.0000580 seconds
245.994: Application time: 0.0471870 seconds
245.994: [GC [PSYoungGen: 14559K->1248K(15360K)] 42704K->29393K(49664K), 0.0005610 secs] [Times: user=0.01 sys=0.00, real=0.00 secs] 
245.995: Total time for which application threads were stopped: 0.0006780 seconds, Stopping threads took: 0.0000590 seconds
246.043: Application time: 0.0485820 seconds
246.043: [GC [PSYoungGen: 14559K->1456K(15360K)] 42704K->29601K(49664K), 0.0006080 secs] [Times: user=0.01 sys=0.00, real=0.00 secs] 
246.044: Total time for which application threads were stopped: 0.0007200 seconds, Stopping threads took: 0.0000540 seconds
246.089: Application time: 0.0450940 seconds
246.092: [GC [PSYoungGen: 14764K->1472K(15360K)] 42909K->29617K(49664K), 0.0006460 secs] [Times: user=0.00 sys=0.00, real=0.00 secs] 
246.093: Total time for which application threads were stopped: 0.0040580 seconds, Stopping threads took: 0.0033530 seconds
246.150: Application time: 0.0574000 seconds
246.151: [GC [PSYoungGen: 14783K->1472K(15360K)] 42928K->29617K(49664K), 0.0006150 secs] [Times: user=0.01 sys=0.00, real=0.00 secs] 
246.151: Total time for which application threads were stopped: 0.0007570 seconds, Stopping threads took: 0.0000710 seconds
246.209: Application time: 0.0581370 seconds
246.209: [GC [PSYoungGen: 14781K->1488K(15360K)] 42926K->29633K(49664K), 0.0006910 secs] [Times: user=0.00 sys=0.00, real=0.00 secs] 
246.210: Total time for which application threads were stopped: 0.0008070 seconds, Stopping threads took: 0.0000600 seconds
246.269: Application time: 0.0586000 seconds
246.269: [GC [PSYoungGen: 14797K->1440K(15360K)] 42942K->29585K(49664K), 0.0006060 secs] [Times: user=0.00 sys=0.00, real=0.00 secs] 
246.269: Total time for which application threads were stopped: 0.0007220 seconds, Stopping threads took: 0.0000600 seconds
246.313: Application time: 0.0433610 seconds
246.313: [GC [PSYoungGen: 14749K->1888K(15360K)] 42894K->30033K(49664K), 0.0007430 secs] [Times: user=0.00 sys=0.00, real=0.00 secs] 
246.314: Total time for which application threads were stopped: 0.0008570 seconds, Stopping threads took: 0.0000560 seconds
246.349: Application time: 0.0352890 seconds
246.349: [GC [PSYoungGen: 15199K->1872K(15360K)] 43344K->30017K(49664K), 0.0007030 secs] [Times: user=0.00 sys=0.00, real=0.00 secs] 
246.350: Total time for which application threads were stopped: 0.0008220 seconds, Stopping threads took: 0.0000600 seconds
246.401: Application time: 0.0507320 seconds
246.401: [GC [PSYoungGen: 15180K->1920K(15360K)] 43325K->30113K(49664K), 0.0006980 secs] [Times: user=0.00 sys=0.00, real=0.00 secs] 
246.401: Total time for which application threads were stopped: 0.0008070 seconds, Stopping threads took: 0.0000530 seconds
246.458: Application time: 0.0569280 seconds
246.458: [GC [PSYoungGen: 15228K->1888K(15360K)] 43421K->30081K(49664K), 0.0006990 secs] [Times: user=0.01 sys=0.00, real=0.00 secs] 
246.459: Total time for which application threads were stopped: 0.0008040 seconds, Stopping threads took: 0.0000490 seconds
246.515: Application time: 0.0564170 seconds
246.516: [GC [PSYoungGen: 15196K->1920K(15360K)] 43389K->30113K(49664K), 0.0007190 secs] [Times: user=0.00 sys=0.00, real=0.00 secs] 
246.516: Total time for which application threads were stopped: 0.0008390 seconds, Stopping threads took: 0.0000620 seconds
246.575: Application time: 0.0588330 seconds
246.575: [GC [PSYoungGen: 15229K->1920K(15360K)] 43422K->30113K(49664K), 0.0007580 secs] [Times: user=0.01 sys=0.00, real=0.00 secs] 
246.576: Total time for which application threads were stopped: 0.0008560 seconds, Stopping threads took: 0.0000410 seconds
246.634: Application time: 0.0583230 seconds
246.634: [GC [PSYoungGen: 15229K->1632K(15360K)] 43422K->30061K(49664K), 0.0007220 secs] [Times: user=0.01 sys=0.00, real=0.00 secs] 
246.635: Total time for which application threads were stopped: 0.0008330 seconds, Stopping threads took: 0.0000530 seconds
246.693: Application time: 0.0580200 seconds
246.693: [GC [PSYoungGen: 14941K->1680K(15360K)] 43371K->30109K(49664K), 0.0006370 secs] [Times: user=0.00 sys=0.00, real=0.00 secs] 
246.694: Total time for which application threads were stopped: 0.0007550 seconds, Stopping threads took: 0.0000550 seconds
246.749: Application time: 0.0548110 seconds
246.749: [GC [PSYoungGen: 14987K->1440K(15360K)] 43417K->30138K(49664K), 0.0006430 secs] [Times: user=0.01 sys=0.00, real=0.00 secs] 
246.750: Total time for which application threads were stopped: 0.0007500 seconds, Stopping threads took: 0.0000520 seconds
246.809: Application time: 0.0592060 seconds
246.809: [GC [PSYoungGen: 14749K->1344K(15360K)] 43447K->30122K(49664K), 0.0006080 secs] [Times: user=0.00 sys=0.00, real=0.00 secs] 
246.809: Total time for which application threads were stopped: 0.0007420 seconds, Stopping threads took: 0.0000770 seconds
246.869: Application time: 0.0593810 seconds
246.869: [GC [PSYoungGen: 14653K->1344K(15360K)] 43431K->30162K(49664K), 0.0005650 secs] [Times: user=0.01 sys=0.00, real=0.00 secs] 
246.870: Total time for which application threads were stopped: 0.0006780 seconds, Stopping threads took: 0.0000570 seconds
246.929: Application time: 0.0591960 seconds
246.929: [GC [PSYoungGen: 14653K->1120K(15360K)] 43471K->30142K(49664K), 0.0005610 secs] [Times: user=0.00 sys=0.00, real=0.00 secs] 
246.929: Total time for which application threads were stopped: 0.0006810 seconds, Stopping threads took: 0.0000640 seconds
246.989: Application time: 0.0591940 seconds
246.989: [GC [PSYoungGen: 14429K->1088K(15360K)] 43452K->30110K(49664K), 0.0005450 secs] [Times: user=0.00 sys=0.00, real=0.00 secs] 
246.989: Total time for which application threads were stopped: 0.0006520 seconds, Stopping threads took: 0.0000490 seconds
247.049: Application time: 0.0600870 seconds
247.049: [GC [PSYoungGen: 14397K->1152K(15360K)] 43420K->30174K(49664K), 0.0005530 secs] [Times: user=0.00 sys=0.00, real=0.00 secs] 
247.050: Total time for which application threads were stopped: 0.0006700 seconds, Stopping threads took: 0.0000630 seconds
247.109: Application time: 0.0594440 seconds
247.110: [GC [PSYoungGen: 14461K->1152K(15360K)] 43484K->30174K(49664K), 0.0005490 secs] [Times: user=0.00 sys=0.00, real=0.00 secs] 
247.110: Total time for which application threads were stopped: 0.0006710 seconds, Stopping threads took: 0.0000670 seconds
247.162: Application time: 0.0514650 seconds
247.162: [GC [PSYoungGen: 14462K->1168K(15360K)] 43485K->30443K(49664K), 0.0006060 secs] [Times: user=0.00 sys=0.00, real=0.00 secs] 
247.162: Total time for which application threads were stopped: 0.0007060 seconds, Stopping threads took: 0.0000460 seconds
247.204: Application time: 0.0413830 seconds
247.204: [GC [PSYoungGen: 14478K->1120K(15360K)] 43753K->30395K(49664K), 0.0005310 secs] [Times: user=0.01 sys=0.00, real=0.00 secs] 
247.204: Total time for which application threads were stopped: 0.0006600 seconds, Stopping threads took: 0.0000640 seconds
247.248: Application time: 0.0435470 seconds
247.252: [GC [PSYoungGen: 14427K->1152K(15360K)] 43703K->30688K(49664K), 0.0006290 secs] [Times: user=0.00 sys=0.00, real=0.00 secs] 
247.253: Total time for which application threads were stopped: 0.0050970 seconds, Stopping threads took: 0.0044100 seconds
247.309: Application time: 0.0558960 seconds
247.309: [GC [PSYoungGen: 14460K->1088K(15360K)] 43996K->30624K(49664K), 0.0006990 secs] [Times: user=0.00 sys=0.00, real=0.00 secs] 
247.310: Total time for which application threads were stopped: 0.0008090 seconds, Stopping threads took: 0.0000500 seconds
247.353: Application time: 0.0430600 seconds
247.353: [GC [PSYoungGen: 14395K->1216K(15360K)] 43931K->30964K(49664K), 0.0005800 secs] [Times: user=0.01 sys=0.00, real=0.00 secs] 
247.353: Total time for which application threads were stopped: 0.0007180 seconds, Stopping threads took: 0.0000730 seconds
247.407: Application time: 0.0533930 seconds
247.407: [GC [PSYoungGen: 14524K->1120K(15360K)] 44273K->30868K(49664K), 0.0005420 secs] [Times: user=0.01 sys=0.00, real=0.00 secs] 
247.408: Total time for which application threads were stopped: 0.0006610 seconds, Stopping threads took: 0.0000610 seconds
247.465: Application time: 0.0571170 seconds
247.465: [GC [PSYoungGen: 14428K->1184K(15360K)] 44177K->30932K(49664K), 0.0005900 secs] [Times: user=0.00 sys=0.00, real=0.00 secs] 
247.466: Total time for which application threads were stopped: 0.0016280 seconds, Stopping threads took: 0.0000600 seconds
247.525: Application time: 0.0585460 seconds
247.525: [GC [PSYoungGen: 14493K->1120K(15360K)] 44242K->30868K(49664K), 0.0005650 secs] [Times: user=0.01 sys=0.00, real=0.00 secs] 
247.526: Total time for which application threads were stopped: 0.0006770 seconds, Stopping threads took: 0.0000540 seconds
247.583: Application time: 0.0574410 seconds
247.583: [GC [PSYoungGen: 14431K->800K(15360K)] 44180K->30957K(49664K), 0.0005140 secs] [Times: user=0.00 sys=0.00, real=0.00 secs] 
247.584: Total time for which application threads were stopped: 0.0006360 seconds, Stopping threads took: 0.0000680 seconds
247.625: Application time: 0.0416410 seconds
247.625: [GC [PSYoungGen: 14108K->960K(15360K)] 44266K->31117K(49664K), 0.0005180 secs] [Times: user=0.00 sys=0.00, real=0.00 secs] 
247.626: Total time for which application threads were stopped: 0.0006270 seconds, Stopping threads took: 0.0000540 seconds
247.667: Application time: 0.0413360 seconds
247.667: [GC [PSYoungGen: 14272K->1248K(15360K)] 44429K->31405K(49664K), 0.0005810 secs] [Times: user=0.01 sys=0.00, real=0.00 secs] 
247.668: Total time for which application threads were stopped: 0.0006990 seconds, Stopping threads took: 0.0000620 seconds
247.716: Application time: 0.0483110 seconds
247.716: [GC [PSYoungGen: 14557K->1216K(15360K)] 44715K->31373K(49664K), 0.0005620 secs] [Times: user=0.01 sys=0.00, real=0.00 secs] 
247.717: Total time for which application threads were stopped: 0.0006920 seconds, Stopping threads took: 0.0000670 seconds
247.766: Application time: 0.0493420 seconds
247.766: [GC [PSYoungGen: 14523K->1472K(15360K)] 44681K->31629K(49664K), 0.0006170 secs] [Times: user=0.00 sys=0.00, real=0.00 secs] 
247.767: Total time for which application threads were stopped: 0.0007310 seconds, Stopping threads took: 0.0000600 seconds
247.812: Application time: 0.0447250 seconds
247.812: [GC [PSYoungGen: 14783K->1504K(15360K)] 44940K->31661K(49664K), 0.0005960 secs] [Times: user=0.01 sys=0.00, real=0.00 secs] 
247.812: Total time for which application threads were stopped: 0.0007150 seconds, Stopping threads took: 0.0000620 seconds
247.869: Application time: 0.0569380 seconds
247.869: [GC [PSYoungGen: 14812K->1568K(15360K)] 44970K->31725K(49664K), 0.0006210 secs] [Times: user=0.01 sys=0.00, real=0.00 secs] 
247.870: Total time for which application threads were stopped: 0.0007340 seconds, Stopping threads took: 0.0000550 seconds
247.930: Application time: 0.0594590 seconds
247.930: [GC [PSYoungGen: 14877K->1472K(15360K)] 45035K->31629K(49664K), 0.0006050 secs] [Times: user=0.00 sys=0.00, real=0.00 secs] 
247.930: Total time for which application threads were stopped: 0.0007190 seconds, Stopping threads took: 0.0000590 seconds
247.988: Application time: 0.0581160 seconds
247.989: [GC [PSYoungGen: 14781K->1472K(15360K)] 44939K->31629K(49664K), 0.0006110 secs] [Times: user=0.00 sys=0.00, real=0.00 secs] 
247.989: Total time for which application threads were stopped: 0.0007260 seconds, Stopping threads took: 0.0000590 seconds
248.037: Application time: 0.0483210 seconds
248.038: [GC [PSYoungGen: 14782K->1760K(15360K)] 44940K->31917K(49664K), 0.0007080 secs] [Times: user=0.00 sys=0.00, real=0.00 secs] 
248.038: Total time for which application threads were stopped: 0.0008150 seconds, Stopping threads took: 0.0000520 seconds
248.072: Application time: 0.0333320 seconds
248.072: [GC [PSYoungGen: 15069K->1888K(15360K)] 45227K->32045K(49664K), 0.0007200 secs] [Times: user=0.01 sys=0.00, real=0.00 secs] 
248.072: Total time for which application threads were stopped: 0.0008440 seconds, Stopping threads took: 0.0000660 seconds
248.122: Application time: 0.0493620 seconds
248.122: [GC [PSYoungGen: 15199K->1952K(15360K)] 45357K->32149K(49664K), 0.0007470 secs] [Times: user=0.00 sys=0.00, real=0.00 secs] 
248.123: Total time for which application threads were stopped: 0.0008690 seconds, Stopping threads took: 0.0000660 seconds
248.178: Application time: 0.0557580 seconds
248.179: [GC [PSYoungGen: 15262K->1904K(15360K)] 45460K->32101K(49664K), 0.0006980 secs] [Times: user=0.00 sys=0.00, real=0.00 secs] 
248.179: Total time for which application threads were stopped: 0.0008210 seconds, Stopping threads took: 0.0000670 seconds
248.236: Application time: 0.0564360 seconds
248.236: [GC [PSYoungGen: 15212K->1936K(15360K)] 45410K->32133K(49664K), 0.0007510 secs] [Times: user=0.01 sys=0.00, real=0.00 secs] 
248.237: Total time for which application threads were stopped: 0.0008770 seconds, Stopping threads took: 0.0000550 seconds
248.295: Application time: 0.0587750 seconds
248.295: [GC [PSYoungGen: 15245K->1920K(15360K)] 45443K->32117K(49664K), 0.0006930 secs] [Times: user=0.01 sys=0.00, real=0.00 secs] 
248.296: Total time for which application threads were stopped: 0.0008020 seconds, Stopping threads took: 0.0000540 seconds
248.354: Application time: 0.0580700 seconds
248.354: [GC [PSYoungGen: 15229K->1856K(15360K)] 45427K->32101K(49664K), 0.0007150 secs] [Times: user=0.01 sys=0.00, real=0.00 secs] 
248.355: Total time for which application threads were stopped: 0.0008280 seconds, Stopping threads took: 0.0000530 seconds
248.413: Application time: 0.0582450 seconds
248.413: [GC [PSYoungGen: 15165K->1664K(15360K)] 45411K->32114K(49664K), 0.0006950 secs] [Times: user=0.00 sys=0.00, real=0.00 secs] 
248.414: Total time for which application threads were stopped: 0.0008170 seconds, Stopping threads took: 0.0000640 seconds
248.470: Application time: 0.0554400 seconds
248.470: [GC [PSYoungGen: 14974K->1408K(15360K)] 45424K->32118K(49664K), 0.0006630 secs] [Times: user=0.00 sys=0.00, real=0.00 secs] 
248.470: Total time for which application threads were stopped: 0.0007760 seconds, Stopping threads took: 0.0000580 seconds
248.528: Application time: 0.0575970 seconds
248.528: [GC [PSYoungGen: 14719K->1424K(15360K)] 45430K->32214K(49664K), 0.0006190 secs] [Times: user=0.00 sys=0.00, real=0.01 secs] 
248.529: Total time for which application threads were stopped: 0.0007460 seconds, Stopping threads took: 0.0000710 seconds
248.588: Application time: 0.0591380 seconds
248.588: [GC [PSYoungGen: 14733K->1120K(15360K)] 45524K->32139K(49664K), 0.0005820 secs] [Times: user=0.01 sys=0.00, real=0.01 secs] 
248.589: Total time for which application threads were stopped: 0.0007000 seconds, Stopping threads took: 0.0000620 seconds
248.647: Application time: 0.0589570 seconds
248.648: [GC [PSYoungGen: 14429K->1136K(15360K)] 45448K->32155K(49664K), 0.0005360 secs] [Times: user=0.00 sys=0.00, real=0.00 secs] 
248.648: Total time for which application threads were stopped: 0.0006380 seconds, Stopping threads took: 0.0000480 seconds
248.707: Application time: 0.0591200 seconds
248.707: [GC [PSYoungGen: 14445K->1088K(15360K)] 45464K->32107K(49664K), 0.0005740 secs] [Times: user=0.01 sys=0.00, real=0.00 secs] 
248.708: Total time for which application threads were stopped: 0.0007070 seconds, Stopping threads took: 0.0000750 seconds
248.767: Application time: 0.0588270 seconds
248.768: [GC [PSYoungGen: 14397K->1152K(15360K)] 45416K->32171K(49664K), 0.0005510 secs] [Times: user=0.01 sys=0.00, real=0.00 secs] 
248.769: Total time for which application threads were stopped: 0.0021080 seconds, Stopping threads took: 0.0014930 seconds
248.828: Application time: 0.0592980 seconds
248.828: [GC [PSYoungGen: 14461K->1152K(15360K)] 45480K->32171K(49664K), 0.0005860 secs] [Times: user=0.01 sys=0.00, real=0.00 secs] 
248.829: Total time for which application threads were stopped: 0.0007080 seconds, Stopping threads took: 0.0000600 seconds
248.885: Application time: 0.0561220 seconds
248.885: [GC [PSYoungGen: 14463K->1120K(15360K)] 45482K->32504K(49664K), 0.0005960 secs] [Times: user=0.00 sys=0.00, real=0.00 secs] 
248.886: Total time for which application threads were stopped: 0.0007160 seconds, Stopping threads took: 0.0000660 seconds
248.924: Application time: 0.0379880 seconds
248.924: [GC [PSYoungGen: 14431K->1184K(15360K)] 45815K->32568K(49664K), 0.0005570 secs] [Times: user=0.00 sys=0.00, real=0.00 secs] 
248.924: Total time for which application threads were stopped: 0.0006750 seconds, Stopping threads took: 0.0000620 seconds
248.967: Application time: 0.0424170 seconds
248.967: [GC [PSYoungGen: 14492K->1120K(15360K)] 45876K->32744K(49664K), 0.0006150 secs] [Times: user=0.00 sys=0.00, real=0.00 secs] 
248.968: Total time for which application threads were stopped: 0.0007270 seconds, Stopping threads took: 0.0000560 seconds
249.024: Application time: 0.0565260 seconds
249.024: [GC [PSYoungGen: 14430K->928K(15360K)] 46055K->32552K(49664K), 0.0004890 secs] [Times: user=0.00 sys=0.00, real=0.00 secs] 
249.025: Total time for which application threads were stopped: 0.0005960 seconds, Stopping threads took: 0.0000490 seconds
249.067: Application time: 0.0420990 seconds
249.067: [GC [PSYoungGen: 14237K->1120K(15360K)] 45862K->32965K(49664K), 0.0006240 secs] [Times: user=0.00 sys=0.00, real=0.00 secs] 
249.068: Total time for which application threads were stopped: 0.0007420 seconds, Stopping threads took: 0.0000600 seconds
249.122: Application time: 0.0546000 seconds
249.122: [GC [PSYoungGen: 14431K->1104K(15360K)] 46276K->32949K(49664K), 0.0005050 secs] [Times: user=0.00 sys=0.00, real=0.00 secs] 
249.123: Total time for which application threads were stopped: 0.0006070 seconds, Stopping threads took: 0.0000500 seconds
249.180: Application time: 0.0576900 seconds
249.181: [GC [PSYoungGen: 14412K->1120K(15360K)] 46257K->32965K(49664K), 0.0005340 secs] [Times: user=0.01 sys=0.00, real=0.00 secs] 
249.181: Total time for which application threads were stopped: 0.0006440 seconds, Stopping threads took: 0.0000540 seconds
249.239: Application time: 0.0582950 seconds
249.239: [GC [PSYoungGen: 14429K->1248K(15360K)] 46274K->33093K(49664K), 0.0005530 secs] [Times: user=0.01 sys=0.00, real=0.00 secs] 
249.240: Total time for which application threads were stopped: 0.0006700 seconds, Stopping threads took: 0.0000610 seconds
249.298: Application time: 0.0575630 seconds
249.298: [GC [PSYoungGen: 14557K->960K(15360K)] 46402K->33021K(49664K), 0.0005710 secs] [Times: user=0.00 sys=0.00, real=0.00 secs] 
249.298: Total time for which application threads were stopped: 0.0006980 seconds, Stopping threads took: 0.0000620 seconds
249.338: Application time: 0.0397100 seconds
249.338: [GC [PSYoungGen: 14269K->992K(15360K)] 46330K->33261K(49664K), 0.0006010 secs] [Times: user=0.00 sys=0.00, real=0.00 secs] 
249.339: Total time for which application threads were stopped: 0.0007190 seconds, Stopping threads took: 0.0000620 seconds
249.379: Application time: 0.0399840 seconds
249.379: [GC [PSYoungGen: 14299K->1296K(15360K)] 46568K->33565K(49664K), 0.0005710 secs] [Times: user=0.00 sys=0.00, real=0.00 secs] 
249.379: Total time for which application threads were stopped: 0.0006880 seconds, Stopping threads took: 0.0000600 seconds
249.428: Application time: 0.0485960 seconds
249.428: [GC [PSYoungGen: 14603K->1296K(15360K)] 46873K->33565K(49664K), 0.0006090 secs] [Times: user=0.01 sys=0.00, real=0.01 secs] 
249.429: Total time for which application threads were stopped: 0.0007270 seconds, Stopping threads took: 0.0000630 seconds
249.480: Application time: 0.0511660 seconds
249.480: [GC [PSYoungGen: 14607K->1440K(15360K)] 46876K->33709K(49664K), 0.0006000 secs] [Times: user=0.01 sys=0.00, real=0.01 secs] 
249.481: Total time for which application threads were stopped: 0.0007150 seconds, Stopping threads took: 0.0000560 seconds
249.523: Application time: 0.0422740 seconds
249.523: [GC [PSYoungGen: 14747K->1504K(15360K)] 47016K->33773K(49664K), 0.0006610 secs] [Times: user=0.00 sys=0.00, real=0.00 secs] 
249.524: Total time for which application threads were stopped: 0.0007680 seconds, Stopping threads took: 0.0000510 seconds
249.581: Application time: 0.0573790 seconds
249.581: [GC [PSYoungGen: 14815K->1488K(15360K)] 47084K->33757K(49664K), 0.0006330 secs] [Times: user=0.00 sys=0.00, real=0.00 secs] 
249.582: Total time for which application threads were stopped: 0.0007530 seconds, Stopping threads took: 0.0000650 seconds
249.639: Application time: 0.0575540 seconds
249.639: [GC [PSYoungGen: 14796K->1504K(15360K)] 47065K->33773K(49664K), 0.0006480 secs] [Times: user=0.01 sys=0.00, real=0.00 secs] 
249.640: Total time for which application threads were stopped: 0.0007610 seconds, Stopping threads took: 0.0000570 seconds
249.699: Application time: 0.0584480 seconds
249.699: [GC [PSYoungGen: 14813K->1504K(15360K)] 47082K->33773K(49664K), 0.0006310 secs] [Times: user=0.00 sys=0.00, real=0.00 secs] 
249.699: Total time for which application threads were stopped: 0.0007400 seconds, Stopping threads took: 0.0000520 seconds
249.751: Application time: 0.0511730 seconds
249.751: [GC [PSYoungGen: 14811K->1648K(15360K)] 47080K->33917K(49664K), 0.0006420 secs] [Times: user=0.00 sys=0.00, real=0.00 secs] 
249.751: Total time for which application threads were stopped: 0.0007710 seconds, Stopping threads took: 0.0000720 seconds
249.784: Application time: 0.0323350 seconds
249.784: [GC [PSYoungGen: 14958K->1936K(15360K)] 47227K->34205K(49664K), 0.0007690 secs] [Times: user=0.00 sys=0.00, real=0.00 secs] 
249.785: Total time for which application threads were stopped: 0.0008920 seconds, Stopping threads took: 0.0000650 seconds
249.831: Application time: 0.0468940 seconds
249.832: [GC [PSYoungGen: 15245K->1840K(15360K)] 47514K->34157K(49664K), 0.0007070 secs] [Times: user=0.01 sys=0.00, real=0.00 secs] 
249.832: Total time for which application threads were stopped: 0.0008260 seconds, Stopping threads took: 0.0000540 seconds
249.888: Application time: 0.0555860 seconds
249.888: [GC [PSYoungGen: 15148K->1856K(15360K)] 47466K->34173K(49664K), 0.0006890 secs] [Times: user=0.00 sys=0.00, real=0.01 secs] 
249.889: Total time for which application threads were stopped: 0.0008010 seconds, Stopping threads took: 0.0000530 seconds
249.945: Application time: 0.0563270 seconds
249.945: [GC [PSYoungGen: 15164K->1920K(15360K)] 47482K->34237K(49664K), 0.0007220 secs] [Times: user=0.00 sys=0.00, real=0.00 secs] 
249.946: Total time for which application threads were stopped: 0.0008380 seconds, Stopping threads took: 0.0000600 seconds
250.004: Application time: 0.0585240 seconds
250.008: [GC [PSYoungGen: 15229K->1904K(15360K)] 47546K->34221K(49664K), 0.0007420 secs] [Times: user=0.00 sys=0.00, real=0.00 secs] 
250.009: Total time for which application threads were stopped: 0.0047610 seconds, Stopping threads took: 0.0039610 seconds
250.068: Application time: 0.0585080 seconds
250.068: [GC [PSYoungGen: 15213K->1856K(15360K)] 47530K->34173K(49664K), 0.0007080 secs] [Times: user=0.00 sys=0.00, real=0.01 secs] 
250.068: Total time for which application threads were stopped: 0.0008250 seconds, Stopping threads took: 0.0000600 seconds
250.127: Application time: 0.0583100 seconds
250.127: [GC [PSYoungGen: 15165K->1648K(15360K)] 47482K->34209K(49664K), 0.0007140 secs] [Times: user=0.00 sys=0.00, real=0.00 secs] 
250.128: Total time for which application threads were stopped: 0.0008220 seconds, Stopping threads took: 0.0000530 seconds
250.184: Application time: 0.0563350 seconds
250.184: [GC [PSYoungGen: 14894K->1152K(15360K)] 47456K->33958K(49664K), 0.0006260 secs] [Times: user=0.00 sys=0.00, real=0.00 secs] 
250.185: Total time for which application threads were stopped: 0.0007500 seconds, Stopping threads took: 0.0000650 seconds
250.242: Application time: 0.0575340 seconds
250.242: [GC [PSYoungGen: 14462K->1440K(15360K)] 47268K->34318K(49664K), 0.0006770 secs] [Times: user=0.00 sys=0.00, real=0.00 secs] 
250.243: Total time for which application threads were stopped: 0.0008180 seconds, Stopping threads took: 0.0000760 seconds
250.302: Application time: 0.0591330 seconds
250.302: [GC [PSYoungGen: 14749K->1152K(15360K)] 47628K->34251K(49664K), 0.0006280 secs] [Times: user=0.01 sys=0.00, real=0.00 secs] 
250.303: Total time for which application threads were stopped: 0.0007430 seconds, Stopping threads took: 0.0000580 seconds
250.362: Application time: 0.0594780 seconds
250.362: [GC [PSYoungGen: 14461K->1152K(15360K)] 47560K->34307K(49664K), 0.0005600 secs] [Times: user=0.01 sys=0.00, real=0.00 secs] 
250.363: Total time for which application threads were stopped: 0.0006800 seconds, Stopping threads took: 0.0000560 seconds
250.422: Application time: 0.0592580 seconds
250.422: [GC [PSYoungGen: 14461K->1184K(15360K)] 47616K->34339K(49664K), 0.0005400 secs] [Times: user=0.00 sys=0.00, real=0.00 secs] 
250.423: Total time for which application threads were stopped: 0.0006580 seconds, Stopping threads took: 0.0000610 seconds
250.482: Application time: 0.0591860 seconds
250.482: [GC [PSYoungGen: 14493K->1184K(15360K)] 47648K->34339K(49664K), 0.0005550 secs] [Times: user=0.00 sys=0.00, real=0.00 secs] 
250.483: Total time for which application threads were stopped: 0.0006690 seconds, Stopping threads took: 0.0000580 seconds
250.541: Application time: 0.0586700 seconds
250.542: [GC [PSYoungGen: 14493K->1152K(15360K)] 47648K->34307K(49664K), 0.0005510 secs] [Times: user=0.00 sys=0.00, real=0.00 secs] 
250.542: Total time for which application threads were stopped: 0.0006560 seconds, Stopping threads took: 0.0000490 seconds
250.594: Application time: 0.0517760 seconds
250.594: [GC [PSYoungGen: 14461K->1088K(15360K)] 47616K->34479K(49664K), 0.0006430 secs] [Times: user=0.01 sys=0.00, real=0.00 secs] 
250.595: Total time for which application threads were stopped: 0.0007460 seconds, Stopping threads took: 0.0000450 seconds
250.638: Application time: 0.0436150 seconds
250.638: [GC [PSYoungGen: 14397K->1280K(15360K)] 47788K->34671K(49664K), 0.0005860 secs] [Times: user=0.00 sys=0.00, real=0.00 secs] 
250.639: Total time for which application threads were stopped: 0.0006970 seconds, Stopping threads took: 0.0000610 seconds
250.681: Application time: 0.0424710 seconds
250.682: [GC [PSYoungGen: 14589K->1056K(15360K)] 47981K->34692K(49664K), 0.0005700 secs] [Times: user=0.00 sys=0.00, real=0.00 secs] 
250.682: Total time for which application threads were stopped: 0.0006760 seconds, Stopping threads took: 0.0000490 seconds
250.739: Application time: 0.0564850 seconds
250.739: [GC [PSYoungGen: 14364K->1120K(15360K)] 48001K->34756K(49664K), 0.0005440 secs] [Times: user=0.00 sys=0.00, real=0.00 secs] 
250.739: Total time for which application threads were stopped: 0.0006630 seconds, Stopping threads took: 0.0000630 seconds
250.787: Application time: 0.0477490 seconds
250.787: [GC [PSYoungGen: 14427K->1120K(15360K)] 48063K->34960K(49664K), 0.0005940 secs] [Times: user=0.00 sys=0.00, real=0.00 secs] 
250.788: Total time for which application threads were stopped: 0.0007300 seconds, Stopping threads took: 0.0000760 seconds
250.836: Application time: 0.0483660 seconds
250.836: [GC [PSYoungGen: 14431K->1136K(15360K)] 48272K->34976K(49664K), 0.0006000 secs] [Times: user=0.00 sys=0.00, real=0.00 secs] 
250.837: Total time for which application threads were stopped: 0.0007110 seconds, Stopping threads took: 0.0000580 seconds
250.894: Application time: 0.0570360 seconds
250.894: [GC [PSYoungGen: 14444K->1152K(15360K)] 48285K->34992K(49664K), 0.0005630 secs] [Times: user=0.00 sys=0.00, real=0.00 secs] 
250.895: Total time for which application threads were stopped: 0.0006870 seconds, Stopping threads took: 0.0000570 seconds
250.953: Application time: 0.0586140 seconds
250.953: [GC [PSYoungGen: 14461K->1056K(15360K)] 48302K->34896K(49664K), 0.0006060 secs] [Times: user=0.00 sys=0.00, real=0.00 secs] 
250.954: Total time for which application threads were stopped: 0.0007180 seconds, Stopping threads took: 0.0000560 seconds
251.011: Application time: 0.0566810 seconds
251.011: [GC [PSYoungGen: 14367K->1120K(15360K)] 48208K->35045K(49664K), 0.0005890 secs] [Times: user=0.00 sys=0.00, real=0.00 secs] 
251.011: Total time for which application threads were stopped: 0.0006960 seconds, Stopping threads took: 0.0000520 seconds
251.054: Application time: 0.0426960 seconds
251.054: [GC [PSYoungGen: 14431K->960K(15360K)] 48356K->35249K(49664K), 0.0006180 secs] [Times: user=0.01 sys=0.00, real=0.00 secs] 
251.055: [Full GC [PSYoungGen: 960K->0K(15360K)] [ParOldGen: 34289K->3521K(34304K)] 35249K->3521K(49664K) [PSPermGen: 5581K->5581K(21504K)], 0.0055550 secs] [Times: user=0.02 sys=0.00, real=0.01 secs] 
251.060: Total time for which application threads were stopped: 0.0063580 seconds, Stopping threads took: 0.0000760 seconds
251.100: Application time: 0.0398270 seconds
251.100: [GC [PSYoungGen: 13308K->800K(15360K)] 16829K->4321K(49664K), 0.0004270 secs] [Times: user=0.00 sys=0.00, real=0.00 secs] 
251.101: Total time for which application threads were stopped: 0.0005450 seconds, Stopping threads took: 0.0000540 seconds
251.149: Application time: 0.0478320 seconds
251.149: [GC [PSYoungGen: 14109K->800K(15360K)] 17631K->4321K(49664K), 0.0004320 secs] [Times: user=0.00 sys=0.00, real=0.00 secs] 
251.149: Total time for which application threads were stopped: 0.0005290 seconds, Stopping threads took: 0.0000440 seconds
251.206: Application time: 0.0566200 seconds
251.206: [GC [PSYoungGen: 14108K->976K(15360K)] 17630K->4497K(49664K), 0.0004970 secs] [Times: user=0.00 sys=0.00, real=0.00 secs] 
251.206: Total time for which application threads were stopped: 0.0006300 seconds, Stopping threads took: 0.0000780 seconds
251.247: Application time: 0.0403170 seconds
251.247: [GC [PSYoungGen: 14285K->1184K(15360K)] 17806K->4705K(49664K), 0.0005280 secs] [Times: user=0.01 sys=0.00, real=0.00 secs] 
251.247: Total time for which application threads were stopped: 0.0006570 seconds, Stopping threads took: 0.0000690 seconds
251.302: Application time: 0.0546650 seconds
251.302: [GC [PSYoungGen: 14495K->1216K(15360K)] 18016K->4737K(49664K), 0.0005870 secs] [Times: user=0.01 sys=0.00, real=0.00 secs] 
251.303: Total time for which application threads were stopped: 0.0007000 seconds, Stopping threads took: 0.0000580 seconds
251.360: Application time: 0.0569400 seconds
251.360: [GC [PSYoungGen: 14527K->1392K(15360K)] 18048K->4913K(49664K), 0.0005620 secs] [Times: user=0.00 sys=0.00, real=0.01 secs] 
251.360: Total time for which application threads were stopped: 0.0006820 seconds, Stopping threads took: 0.0000620 seconds
251.418: Application time: 0.0580860 seconds
251.418: [GC [PSYoungGen: 14701K->1216K(15360K)] 18222K->4737K(49664K), 0.0005180 secs] [Times: user=0.00 sys=0.00, real=0.00 secs] 
251.419: Total time for which application threads were stopped: 0.0006330 seconds, Stopping threads took: 0.0000490 seconds
251.472: Application time: 0.0525550 seconds
251.472: [GC [PSYoungGen: 14523K->1440K(15360K)] 18044K->4961K(49664K), 0.0005630 secs] [Times: user=0.00 sys=0.00, real=0.00 secs] 
251.472: Total time for which application threads were stopped: 0.0006880 seconds, Stopping threads took: 0.0000670 seconds
251.504: Application time: 0.0312360 seconds
251.504: [GC [PSYoungGen: 14751K->1648K(15360K)] 18272K->5169K(49664K), 0.0006390 secs] [Times: user=0.00 sys=0.00, real=0.00 secs] 
251.504: Total time for which application threads were stopped: 0.0007440 seconds, Stopping threads took: 0.0000420 seconds
251.551: Application time: 0.0469490 seconds
251.551: [GC [PSYoungGen: 14957K->1680K(15360K)] 18478K->5201K(49664K), 0.0006560 secs] [Times: user=0.00 sys=0.00, real=0.00 secs] 
251.552: Total time for which application threads were stopped: 0.0007690 seconds, Stopping threads took: 0.0000550 seconds
251.608: Application time: 0.0559230 seconds
251.608: [GC [PSYoungGen: 14988K->1728K(15360K)] 18509K->5249K(49664K), 0.0006320 secs] [Times: user=0.00 sys=0.00, real=0.01 secs] 
251.609: Total time for which application threads were stopped: 0.0007500 seconds, Stopping threads took: 0.0000630 seconds
251.665: Application time: 0.0562120 seconds
251.665: [GC [PSYoungGen: 15036K->1680K(15360K)] 18557K->5201K(49664K), 0.0005960 secs] [Times: user=0.00 sys=0.00, real=0.00 secs] 
251.666: Total time for which application threads were stopped: 0.0007090 seconds, Stopping threads took: 0.0000560 seconds
251.724: Application time: 0.0581060 seconds
251.724: [GC [PSYoungGen: 14989K->1696K(15360K)] 18510K->5217K(49664K), 0.0006310 secs] [Times: user=0.00 sys=0.00, real=0.00 secs] 
251.724: Total time for which application threads were stopped: 0.0007470 seconds, Stopping threads took: 0.0000590 seconds
251.783: Application time: 0.0581480 seconds
251.783: [GC [PSYoungGen: 15005K->1648K(15360K)] 18526K->5169K(49664K), 0.0006120 secs] [Times: user=0.00 sys=0.00, real=0.00 secs] 
251.783: Total time for which application threads were stopped: 0.0007340 seconds, Stopping threads took: 0.0000650 seconds
251.842: Application time: 0.0582530 seconds
251.842: [GC [PSYoungGen: 14957K->1632K(15360K)] 18478K->5153K(49664K), 0.0006520 secs] [Times: user=0.00 sys=0.00, real=0.00 secs] 
251.842: Total time for which application threads were stopped: 0.0007670 seconds, Stopping threads took: 0.0000590 seconds
251.899: Application time: 0.0562610 seconds
251.900: [GC [PSYoungGen: 14942K->1424K(15360K)] 18463K->5193K(49664K), 0.0005910 secs] [Times: user=0.00 sys=0.00, real=0.00 secs] 
251.901: Total time for which application threads were stopped: 0.0023210 seconds, Stopping threads took: 0.0016750 seconds
251.958: Application time: 0.0568340 seconds
251.958: [GC [PSYoungGen: 14732K->1376K(15360K)] 18502K->5233K(49664K), 0.0005810 secs] [Times: user=0.01 sys=0.00, real=0.00 secs] 
251.959: Total time for which application threads were stopped: 0.0007510 seconds, Stopping threads took: 0.0001080 seconds
252.018: Application time: 0.0594090 seconds
252.018: [GC [PSYoungGen: 14685K->1344K(15360K)] 18542K->5201K(49664K), 0.0005520 secs] [Times: user=0.00 sys=0.00, real=0.00 secs] 
252.019: Total time for which application threads were stopped: 0.0006660 seconds, Stopping threads took: 0.0000570 seconds
252.078: Application time: 0.0592320 seconds
252.078: [GC [PSYoungGen: 14653K->1216K(15360K)] 18510K->5318K(49664K), 0.0005680 secs] [Times: user=0.00 sys=0.00, real=0.00 secs] 
252.079: Total time for which application threads were stopped: 0.0006790 seconds, Stopping threads took: 0.0000590 seconds
252.139: Application time: 0.0606870 seconds
252.139: [GC [PSYoungGen: 14528K->1088K(15360K)] 18630K->5190K(49664K), 0.0004590 secs] [Times: user=0.00 sys=0.00, real=0.00 secs] 
252.140: Total time for which application threads were stopped: 0.0005670 seconds, Stopping threads took: 0.0000570 seconds
252.199: Application time: 0.0595160 seconds
252.199: [GC [PSYoungGen: 14397K->1120K(15360K)] 18499K->5222K(49664K), 0.0005190 secs] [Times: user=0.00 sys=0.00, real=0.00 secs] 
252.200: Total time for which application threads were stopped: 0.0006460 seconds, Stopping threads took: 0.0000710 seconds
252.259: Application time: 0.0595060 seconds
252.260: [GC [PSYoungGen: 14429K->1152K(15360K)] 18531K->5254K(49664K), 0.0005660 secs] [Times: user=0.01 sys=0.00, real=0.00 secs] 
252.260: Total time for which application threads were stopped: 0.0006810 seconds, Stopping threads took: 0.0000620 seconds
252.308: Application time: 0.0481030 seconds
252.308: [GC [PSYoungGen: 14459K->1264K(15360K)] 18561K->5618K(49664K), 0.0005690 secs] [Times: user=0.01 sys=0.00, real=0.00 secs] 
252.309: Total time for which application threads were stopped: 0.0006780 seconds, Stopping threads took: 0.0000550 seconds
252.358: Application time: 0.0493750 seconds
252.358: [GC [PSYoungGen: 14573K->1152K(15360K)] 18928K->5506K(49664K), 0.0004810 secs] [Times: user=0.00 sys=0.00, real=0.00 secs] 
252.359: Total time for which application threads were stopped: 0.0005920 seconds, Stopping threads took: 0.0000570 seconds
252.400: Application time: 0.0408910 seconds
252.400: [GC [PSYoungGen: 14463K->1088K(15360K)] 18818K->5695K(49664K), 0.0005410 secs] [Times: user=0.00 sys=0.00, real=0.01 secs] 
252.400: Total time for which application threads were stopped: 0.0006620 seconds, Stopping threads took: 0.0000550 seconds
252.455: Application time: 0.0546870 seconds
252.456: [GC [PSYoungGen: 14399K->1120K(15360K)] 19006K->5727K(49664K), 0.0004920 secs] [Times: user=0.01 sys=0.00, real=0.00 secs] 
252.457: Total time for which application threads were stopped: 0.0017150 seconds, Stopping threads took: 0.0011690 seconds
252.505: Application time: 0.0484560 seconds
252.505: [GC [PSYoungGen: 14427K->1120K(15360K)] 19035K->5955K(49664K), 0.0005330 secs] [Times: user=0.00 sys=0.00, real=0.00 secs] 
252.507: Total time for which application threads were stopped: 0.0016220 seconds, Stopping threads took: 0.0000590 seconds
252.555: Application time: 0.0478470 seconds
252.555: [GC [PSYoungGen: 14431K->1152K(15360K)] 19267K->5987K(49664K), 0.0004980 secs] [Times: user=0.00 sys=0.00, real=0.00 secs] 
252.555: Total time for which application threads were stopped: 0.0006420 seconds, Stopping threads took: 0.0000880 seconds
252.613: Application time: 0.0571810 seconds
252.613: [GC [PSYoungGen: 14460K->1152K(15360K)] 19296K->5987K(49664K), 0.0004920 secs] [Times: user=0.00 sys=0.00, real=0.00 secs] 
252.613: Total time for which application threads were stopped: 0.0006070 seconds, Stopping threads took: 0.0000610 seconds
252.672: Application time: 0.0585420 seconds
252.672: [GC [PSYoungGen: 14461K->1088K(15360K)] 19297K->5923K(49664K), 0.0005090 secs] [Times: user=0.00 sys=0.00, real=0.00 secs] 
252.672: Total time for which application threads were stopped: 0.0006340 seconds, Stopping threads took: 0.0000660 seconds
252.729: Application time: 0.0564380 seconds
252.732: [GC [PSYoungGen: 14395K->1056K(15360K)] 19231K->5891K(49664K), 0.0005140 secs] [Times: user=0.00 sys=0.00, real=0.00 secs] 
252.733: Total time for which application threads were stopped: 0.0040100 seconds, Stopping threads took: 0.0034410 seconds
252.778: Application time: 0.0448880 seconds
252.778: [GC [PSYoungGen: 14367K->1040K(15360K)] 19203K->6276K(49664K), 0.0005370 secs] [Times: user=0.00 sys=0.00, real=0.00 secs] 
252.778: Total time for which application threads were stopped: 0.0006680 seconds, Stopping threads took: 0.0000750 seconds
252.818: Application time: 0.0392310 seconds
252.818: [GC [PSYoungGen: 14347K->1184K(15360K)] 19584K->6420K(49664K), 0.0005270 secs] [Times: user=0.01 sys=0.00, real=0.00 secs] 
252.818: Total time for which application threads were stopped: 0.0006390 seconds, Stopping threads took: 0.0000590 seconds
252.865: Application time: 0.0466430 seconds
252.865: [GC [PSYoungGen: 14491K->1408K(15360K)] 19728K->6644K(49664K), 0.0005450 secs] [Times: user=0.01 sys=0.00, real=0.00 secs] 
252.866: Total time for which application threads were stopped: 0.0006590 seconds, Stopping threads took: 0.0000600 seconds
252.920: Application time: 0.0540180 seconds
252.920: [GC [PSYoungGen: 14717K->1440K(15360K)] 19954K->6676K(49664K), 0.0005930 secs] [Times: user=0.00 sys=0.00, real=0.00 secs] 
252.921: Total time for which application threads were stopped: 0.0013250 seconds, Stopping threads took: 0.0006760 seconds
252.962: Application time: 0.0408250 seconds
252.962: [GC [PSYoungGen: 14747K->1488K(15360K)] 19984K->6724K(49664K), 0.0005710 secs] [Times: user=0.00 sys=0.00, real=0.00 secs] 
252.962: Total time for which application threads were stopped: 0.0006850 seconds, Stopping threads took: 0.0000550 seconds
253.019: Application time: 0.0563310 seconds
253.019: [GC [PSYoungGen: 14797K->1472K(15360K)] 20034K->6708K(49664K), 0.0006170 secs] [Times: user=0.01 sys=0.00, real=0.00 secs] 
253.020: Total time for which application threads were stopped: 0.0007410 seconds, Stopping threads took: 0.0000590 seconds
253.077: Application time: 0.0571950 seconds
253.077: [GC [PSYoungGen: 14783K->1456K(15360K)] 20020K->6692K(49664K), 0.0006340 secs] [Times: user=0.01 sys=0.00, real=0.00 secs] 
253.077: Total time for which application threads were stopped: 0.0007510 seconds, Stopping threads took: 0.0000600 seconds
253.136: Application time: 0.0580960 seconds
253.136: [GC [PSYoungGen: 14765K->1424K(15360K)] 20002K->6660K(49664K), 0.0005860 secs] [Times: user=0.00 sys=0.00, real=0.00 secs] 
253.136: Total time for which application threads were stopped: 0.0007010 seconds, Stopping threads took: 0.0000520 seconds
253.192: Application time: 0.0561580 seconds
253.193: [GC [PSYoungGen: 14733K->1488K(15360K)] 19970K->6724K(49664K), 0.0006040 secs] [Times: user=0.00 sys=0.00, real=0.00 secs] 
253.193: Total time for which application threads were stopped: 0.0007020 seconds, Stopping threads took: 0.0000430 seconds
253.225: Application time: 0.0318580 seconds
253.225: [GC [PSYoungGen: 14799K->1888K(15360K)] 20036K->7124K(49664K), 0.0006980 secs] [Times: user=0.00 sys=0.00, real=0.00 secs] 
253.226: Total time for which application threads were stopped: 0.0008180 seconds, Stopping threads took: 0.0000630 seconds
253.268: Application time: 0.0426910 seconds
253.269: [GC [PSYoungGen: 15199K->1872K(15360K)] 20435K->7148K(49664K), 0.0007140 secs] [Times: user=0.00 sys=0.00, real=0.00 secs] 
253.269: Total time for which application threads were stopped: 0.0008200 seconds, Stopping threads took: 0.0000500 seconds
253.325: Application time: 0.0554710 seconds
253.325: [GC [PSYoungGen: 15182K->1936K(15360K)] 20459K->7212K(49664K), 0.0007490 secs] [Times: user=0.00 sys=0.00, real=0.00 secs] 
253.326: Total time for which application threads were stopped: 0.0008640 seconds, Stopping threads took: 0.0000590 seconds
253.382: Application time: 0.0566870 seconds
253.382: [GC [PSYoungGen: 15244K->1920K(15360K)] 20521K->7196K(49664K), 0.0007070 secs] [Times: user=0.01 sys=0.00, real=0.00 secs] 
253.383: Total time for which application threads were stopped: 0.0008100 seconds, Stopping threads took: 0.0000480 seconds
253.441: Application time: 0.0581060 seconds
253.441: [GC [PSYoungGen: 15229K->1920K(15360K)] 20506K->7196K(49664K), 0.0007050 secs] [Times: user=0.00 sys=0.00, real=0.00 secs] 
253.442: Total time for which application threads were stopped: 0.0008240 seconds, Stopping threads took: 0.0000600 seconds
253.500: Application time: 0.0582020 seconds
253.500: [GC [PSYoungGen: 15229K->1776K(15360K)] 20506K->7169K(49664K), 0.0006560 secs] [Times: user=0.00 sys=0.00, real=0.00 secs] 
253.501: Total time for which application threads were stopped: 0.0007710 seconds, Stopping threads took: 0.0000580 seconds
253.559: Application time: 0.0581440 seconds
253.559: [GC [PSYoungGen: 15085K->1632K(15360K)] 20478K->7161K(49664K), 0.0006270 secs] [Times: user=0.01 sys=0.00, real=0.00 secs] 
253.560: Total time for which application threads were stopped: 0.0007530 seconds, Stopping threads took: 0.0000590 seconds
253.618: Application time: 0.0579750 seconds
253.618: [GC [PSYoungGen: 14941K->1616K(15360K)] 20470K->7145K(49664K), 0.0006590 secs] [Times: user=0.00 sys=0.00, real=0.00 secs] 
253.619: Total time for which application threads were stopped: 0.0007680 seconds, Stopping threads took: 0.0000540 seconds
253.675: Application time: 0.0562760 seconds
253.676: [GC [PSYoungGen: 14926K->1408K(15360K)] 20455K->7246K(49664K), 0.0006260 secs] [Times: user=0.01 sys=0.00, real=0.00 secs] 
253.677: Total time for which application threads were stopped: 0.0019690 seconds, Stopping threads took: 0.0012890 seconds
253.737: Application time: 0.0596930 seconds
253.737: [GC [PSYoungGen: 14717K->1344K(15360K)] 20555K->7182K(49664K), 0.0005700 secs] [Times: user=0.00 sys=0.00, real=0.00 secs] 
253.737: Total time for which application threads were stopped: 0.0006920 seconds, Stopping threads took: 0.0000640 seconds
253.797: Application time: 0.0592480 seconds
253.800: [GC [PSYoungGen: 14653K->1152K(15360K)] 20491K->7226K(49664K), 0.0005460 secs] [Times: user=0.01 sys=0.00, real=0.00 secs] 
253.801: Total time for which application threads were stopped: 0.0042760 seconds, Stopping threads took: 0.0036720 seconds
253.861: Application time: 0.0601570 seconds
253.861: [GC [PSYoungGen: 14461K->1136K(15360K)] 20535K->7210K(49664K), 0.0005130 secs] [Times: user=0.00 sys=0.00, real=0.00 secs] 
253.862: Total time for which application threads were stopped: 0.0006290 seconds, Stopping threads took: 0.0000520 seconds
253.921: Application time: 0.0595910 seconds
253.921: [GC [PSYoungGen: 14445K->1120K(15360K)] 20520K->7194K(49664K), 0.0005200 secs] [Times: user=0.00 sys=0.00, real=0.00 secs] 
253.922: Total time for which application threads were stopped: 0.0006360 seconds, Stopping threads took: 0.0000620 seconds
253.981: Application time: 0.0591810 seconds
253.981: [GC [PSYoungGen: 14429K->1120K(15360K)] 20504K->7194K(49664K), 0.0004840 secs] [Times: user=0.00 sys=0.00, real=0.00 secs] 
253.982: Total time for which application threads were stopped: 0.0006050 seconds, Stopping threads took: 0.0000670 seconds
254.030: Application time: 0.0481540 seconds
254.030: [GC [PSYoungGen: 14427K->1152K(15360K)] 20502K->7431K(49664K), 0.0005970 secs] [Times: user=0.00 sys=0.00, real=0.00 secs] 
254.031: Total time for which application threads were stopped: 0.0007100 seconds, Stopping threads took: 0.0000570 seconds
254.080: Application time: 0.0495350 seconds
254.080: [GC [PSYoungGen: 14461K->1152K(15360K)] 20740K->7471K(49664K), 0.0005550 secs] [Times: user=0.00 sys=0.00, real=0.01 secs] 
254.081: Total time for which application threads were stopped: 0.0006810 seconds, Stopping threads took: 0.0000530 seconds
254.125: Application time: 0.0443770 seconds
254.125: [GC [PSYoungGen: 14463K->1248K(15360K)] 20783K->7819K(49664K), 0.0005560 secs] [Times: user=0.00 sys=0.00, real=0.00 secs] 
254.126: Total time for which application threads were stopped: 0.0006870 seconds, Stopping threads took: 0.0000760 seconds
254.178: Application time: 0.0520560 seconds
254.178: [GC [PSYoungGen: 14558K->1152K(15360K)] 21130K->7723K(49664K), 0.0004880 secs] [Times: user=0.00 sys=0.00, real=0.00 secs] 
254.179: Total time for which application threads were stopped: 0.0006090 seconds, Stopping threads took: 0.0000650 seconds
254.230: Application time: 0.0516380 seconds
254.230: [GC [PSYoungGen: 14356K->960K(15360K)] 20928K->7736K(49664K), 0.0005170 secs] [Times: user=0.01 sys=0.00, real=0.00 secs] 
254.231: Total time for which application threads were stopped: 0.0006370 seconds, Stopping threads took: 0.0000640 seconds
254.275: Application time: 0.0439910 seconds
254.275: [GC [PSYoungGen: 14268K->1120K(15360K)] 21044K->7896K(49664K), 0.0004970 secs] [Times: user=0.00 sys=0.00, real=0.00 secs] 
254.275: Total time for which application threads were stopped: 0.0006140 seconds, Stopping threads took: 0.0000590 seconds
254.333: Application time: 0.0572320 seconds
254.333: [GC [PSYoungGen: 14431K->1152K(15360K)] 21207K->7928K(49664K), 0.0005150 secs] [Times: user=0.00 sys=0.00, real=0.00 secs] 
254.333: Total time for which application threads were stopped: 0.0006410 seconds, Stopping threads took: 0.0000700 seconds
254.392: Application time: 0.0582450 seconds
254.392: [GC [PSYoungGen: 14461K->1120K(15360K)] 21237K->7896K(49664K), 0.0005560 secs] [Times: user=0.00 sys=0.00, real=0.00 secs] 
254.393: Total time for which application threads were stopped: 0.0013630 seconds, Stopping threads took: 0.0007540 seconds
254.449: Application time: 0.0562870 seconds
254.449: [GC [PSYoungGen: 14431K->1184K(15360K)] 21208K->7960K(49664K), 0.0005690 secs] [Times: user=0.00 sys=0.00, real=0.00 secs] 
254.450: Total time for which application threads were stopped: 0.0006710 seconds, Stopping threads took: 0.0000470 seconds
254.494: Application time: 0.0440640 seconds
254.494: [GC [PSYoungGen: 14495K->928K(15360K)] 21271K->8121K(49664K), 0.0006140 secs] [Times: user=0.01 sys=0.00, real=0.00 secs] 
254.495: Total time for which application threads were stopped: 0.0007220 seconds, Stopping threads took: 0.0000540 seconds
254.538: Application time: 0.0431910 seconds
254.538: [GC [PSYoungGen: 14238K->1184K(15360K)] 21431K->8377K(49664K), 0.0005070 secs] [Times: user=0.00 sys=0.00, real=0.00 secs] 
254.538: Total time for which application threads were stopped: 0.0006210 seconds, Stopping threads took: 0.0000600 seconds
254.582: Application time: 0.0438100 seconds
254.582: [GC [PSYoungGen: 14495K->1248K(15360K)] 21688K->8441K(49664K), 0.0005690 secs] [Times: user=0.00 sys=0.00, real=0.00 secs] 
254.583: Total time for which application threads were stopped: 0.0006910 seconds, Stopping threads took: 0.0000590 seconds
254.633: Application time: 0.0497620 seconds
254.633: Total time for which application threads were stopped: 0.0000740 seconds, Stopping threads took: 0.0000550 seconds
254.633: Application time: 0.0000970 seconds
254.633: [GC [PSYoungGen: 14549K->1392K(15360K)] 21871K->8713K(49664K), 0.0005430 secs] [Times: user=0.00 sys=0.00, real=0.00 secs] 
254.634: Total time for which application threads were stopped: 0.0006150 seconds, Stopping threads took: 0.0000290 seconds
254.680: Application time: 0.0461850 seconds
254.680: [GC [PSYoungGen: 14700K->1392K(15360K)] 22306K->8997K(49664K), 0.0005900 secs] [Times: user=0.00 sys=0.00, real=0.01 secs] 
254.680: Total time for which application threads were stopped: 0.0007080 seconds, Stopping threads took: 0.0000600 seconds
254.738: Application time: 0.0575530 seconds
254.738: [GC [PSYoungGen: 14702K->1344K(15360K)] 22308K->8949K(49664K), 0.0005480 secs] [Times: user=0.00 sys=0.00, real=0.00 secs] 
254.739: Total time for which application threads were stopped: 0.0006560 seconds, Stopping threads took: 0.0000530 seconds
254.798: Application time: 0.0591890 seconds
254.798: [GC [PSYoungGen: 14655K->1248K(15360K)] 22261K->8853K(49664K), 0.0005710 secs] [Times: user=0.00 sys=0.00, real=0.00 secs] 
254.799: Total time for which application threads were stopped: 0.0007160 seconds, Stopping threads took: 0.0000880 seconds
254.857: Application time: 0.0589080 seconds
254.858: [GC [PSYoungGen: 14559K->1328K(15360K)] 22165K->8934K(49664K), 0.0006190 secs] [Times: user=0.00 sys=0.00, real=0.00 secs] 
254.858: Total time for which application threads were stopped: 0.0007440 seconds, Stopping threads took: 0.0000710 seconds
254.914: Application time: 0.0561090 seconds
254.914: [GC [PSYoungGen: 14636K->1312K(15360K)] 22242K->8917K(49664K), 0.0005460 secs] [Times: user=0.00 sys=0.00, real=0.00 secs] 
254.915: Total time for which application threads were stopped: 0.0006670 seconds, Stopping threads took: 0.0000640 seconds
254.956: Application time: 0.0410560 seconds
254.956: [GC [PSYoungGen: 14623K->1984K(15360K)] 22229K->9590K(49664K), 0.0007020 secs] [Times: user=0.00 sys=0.00, real=0.00 secs] 
254.957: Total time for which application threads were stopped: 0.0008190 seconds, Stopping threads took: 0.0000590 seconds
254.992: Application time: 0.0354880 seconds
254.992: [GC [PSYoungGen: 15295K->1856K(15360K)] 22901K->9510K(49664K), 0.0006710 secs] [Times: user=0.00 sys=0.00, real=0.00 secs] 
254.993: Total time for which application threads were stopped: 0.0008090 seconds, Stopping threads took: 0.0000800 seconds
255.049: Application time: 0.0558250 seconds
255.049: [GC [PSYoungGen: 15166K->1968K(15360K)] 22820K->9622K(49664K), 0.0007110 secs] [Times: user=0.00 sys=0.00, real=0.00 secs] 
255.050: Total time for which application threads were stopped: 0.0008120 seconds, Stopping threads took: 0.0000430 seconds
255.106: Application time: 0.0559340 seconds
255.106: [GC [PSYoungGen: 15276K->1872K(15360K)] 22930K->9526K(49664K), 0.0006220 secs] [Times: user=0.00 sys=0.00, real=0.00 secs] 
255.106: Total time for which application threads were stopped: 0.0007380 seconds, Stopping threads took: 0.0000530 seconds
255.166: Application time: 0.0591000 seconds
255.166: [GC [PSYoungGen: 15181K->1824K(15360K)] 22835K->9478K(49664K), 0.0006050 secs] [Times: user=0.00 sys=0.00, real=0.00 secs] 
255.166: Total time for which application threads were stopped: 0.0007150 seconds, Stopping threads took: 0.0000560 seconds
255.224: Application time: 0.0580810 seconds
255.224: [GC [PSYoungGen: 15133K->1664K(15360K)] 22787K->9574K(49664K), 0.0007310 secs] [Times: user=0.01 sys=0.00, real=0.00 secs] 
255.225: Total time for which application threads were stopped: 0.0008410 seconds, Stopping threads took: 0.0000540 seconds
255.284: Application time: 0.0585300 seconds
255.284: [GC [PSYoungGen: 14973K->1664K(15360K)] 22883K->9574K(49664K), 0.0006570 secs] [Times: user=0.01 sys=0.00, real=0.00 secs] 
255.285: Total time for which application threads were stopped: 0.0007720 seconds, Stopping threads took: 0.0000560 seconds
255.342: Application time: 0.0579330 seconds
255.343: [GC [PSYoungGen: 14973K->1440K(15360K)] 22883K->9610K(49664K), 0.0006360 secs] [Times: user=0.00 sys=0.00, real=0.00 secs] 
255.343: Total time for which application threads were stopped: 0.0007600 seconds, Stopping threads took: 0.0000660 seconds
255.398: Application time: 0.0549870 seconds
255.398: [GC [PSYoungGen: 14750K->1376K(15360K)] 22921K->9626K(49664K), 0.0005740 secs] [Times: user=0.00 sys=0.00, real=0.00 secs] 
255.399: Total time for which application threads were stopped: 0.0006840 seconds, Stopping threads took: 0.0000550 seconds
255.457: Application time: 0.0585230 seconds
255.457: [GC [PSYoungGen: 14685K->1312K(15360K)] 22936K->9610K(49664K), 0.0006010 secs] [Times: user=0.00 sys=0.00, real=0.00 secs] 
255.458: Total time for which application threads were stopped: 0.0007080 seconds, Stopping threads took: 0.0000520 seconds
255.517: Application time: 0.0591080 seconds
255.517: [GC [PSYoungGen: 14621K->1120K(15360K)] 22920K->9631K(49664K), 0.0005680 secs] [Times: user=0.00 sys=0.00, real=0.00 secs] 
255.518: Total time for which application threads were stopped: 0.0006860 seconds, Stopping threads took: 0.0000630 seconds
255.578: Application time: 0.0596390 seconds
255.578: [GC [PSYoungGen: 14429K->1120K(15360K)] 22940K->9631K(49664K), 0.0005620 secs] [Times: user=0.00 sys=0.00, real=0.00 secs] 
255.578: Total time for which application threads were stopped: 0.0006640 seconds, Stopping threads took: 0.0000490 seconds
255.638: Application time: 0.0594560 seconds
255.638: [GC [PSYoungGen: 14429K->1136K(15360K)] 22940K->9647K(49664K), 0.0005060 secs] [Times: user=0.00 sys=0.00, real=0.00 secs] 
255.638: Total time for which application threads were stopped: 0.0006220 seconds, Stopping threads took: 0.0000520 seconds
255.697: Application time: 0.0587790 seconds
255.697: [GC [PSYoungGen: 14445K->1120K(15360K)] 22956K->9631K(49664K), 0.0005690 secs] [Times: user=0.00 sys=0.00, real=0.00 secs] 
255.698: Total time for which application threads were stopped: 0.0006780 seconds, Stopping threads took: 0.0000550 seconds
255.747: Application time: 0.0490010 seconds
255.747: [GC [PSYoungGen: 14430K->1184K(15360K)] 22941K->9907K(49664K), 0.0005730 secs] [Times: user=0.00 sys=0.00, real=0.00 secs] 
255.747: Total time for which application threads were stopped: 0.0006800 seconds, Stopping threads took: 0.0000540 seconds
255.796: Application time: 0.0487570 seconds
255.796: [GC [PSYoungGen: 14493K->880K(15360K)] 23217K->9855K(49664K), 0.0005810 secs] [Times: user=0.01 sys=0.00, real=0.00 secs] 
255.797: Total time for which application threads were stopped: 0.0007030 seconds, Stopping threads took: 0.0000650 seconds
255.841: Application time: 0.0444460 seconds
255.841: [GC [PSYoungGen: 14188K->1120K(15360K)] 23164K->10143K(49664K), 0.0005400 secs] [Times: user=0.00 sys=0.00, real=0.00 secs] 
255.842: Total time for which application threads were stopped: 0.0006530 seconds, Stopping threads took: 0.0000570 seconds
255.894: Application time: 0.0515400 seconds
255.894: [GC [PSYoungGen: 14428K->1152K(15360K)] 23452K->10175K(49664K), 0.0004840 secs] [Times: user=0.00 sys=0.00, real=0.00 secs] 
255.894: Total time for which application threads were stopped: 0.0005980 seconds, Stopping threads took: 0.0000590 seconds
255.945: Application time: 0.0506360 seconds
255.945: [GC [PSYoungGen: 14462K->1104K(15360K)] 23486K->10332K(49664K), 0.0005680 secs] [Times: user=0.00 sys=0.00, real=0.00 secs] 
255.945: Total time for which application threads were stopped: 0.0006850 seconds, Stopping threads took: 0.0000620 seconds
255.990: Application time: 0.0450120 seconds
255.991: [GC [PSYoungGen: 14413K->1088K(15360K)] 23641K->10316K(49664K), 0.0006340 secs] [Times: user=0.00 sys=0.00, real=0.00 secs] 
255.991: Total time for which application threads were stopped: 0.0007630 seconds, Stopping threads took: 0.0000640 seconds
256.048: Application time: 0.0570900 seconds
256.048: [GC [PSYoungGen: 14400K->1120K(15360K)] 23628K->10348K(49664K), 0.0005330 secs] [Times: user=0.00 sys=0.00, real=0.00 secs] 
256.049: Total time for which application threads were stopped: 0.0006350 seconds, Stopping threads took: 0.0000460 seconds
256.107: Application time: 0.0585090 seconds
256.108: [GC [PSYoungGen: 14429K->1088K(15360K)] 23657K->10316K(49664K), 0.0005330 secs] [Times: user=0.00 sys=0.00, real=0.00 secs] 
256.108: Total time for which application threads were stopped: 0.0006510 seconds, Stopping threads took: 0.0000670 seconds
256.164: Application time: 0.0557610 seconds
256.164: [GC [PSYoungGen: 14399K->1104K(15360K)] 23628K->10332K(49664K), 0.0005260 secs] [Times: user=0.01 sys=0.00, real=0.00 secs] 
256.165: Total time for which application threads were stopped: 0.0006540 seconds, Stopping threads took: 0.0000650 seconds
256.208: Application time: 0.0431240 seconds
256.208: [GC [PSYoungGen: 14415K->992K(15360K)] 23644K->10637K(49664K), 0.0006060 secs] [Times: user=0.01 sys=0.00, real=0.01 secs] 
256.208: Total time for which application threads were stopped: 0.0007300 seconds, Stopping threads took: 0.0000660 seconds
256.251: Application time: 0.0422880 seconds
256.251: [GC [PSYoungGen: 14299K->1168K(15360K)] 23945K->10813K(49664K), 0.0005100 secs] [Times: user=0.01 sys=0.00, real=0.00 secs] 
256.251: Total time for which application threads were stopped: 0.0006070 seconds, Stopping threads took: 0.0000430 seconds
256.297: Application time: 0.0455660 seconds
256.297: [GC [PSYoungGen: 14475K->1264K(15360K)] 24121K->10909K(49664K), 0.0005700 secs] [Times: user=0.00 sys=0.00, real=0.00 secs] 
256.298: Total time for which application threads were stopped: 0.0006590 seconds, Stopping threads took: 0.0000360 seconds
256.354: Application time: 0.0568860 seconds
256.355: [GC [PSYoungGen: 14572K->1280K(15360K)] 24218K->10925K(49664K), 0.0005760 secs] [Times: user=0.00 sys=0.00, real=0.00 secs] 
256.355: Total time for which application threads were stopped: 0.0007000 seconds, Stopping threads took: 0.0000670 seconds
256.397: Application time: 0.0417090 seconds
256.397: [GC [PSYoungGen: 14589K->1472K(15360K)] 24235K->11117K(49664K), 0.0006350 secs] [Times: user=0.00 sys=0.00, real=0.00 secs] 
256.398: Total time for which application threads were stopped: 0.0007440 seconds, Stopping threads took: 0.0000530 seconds
256.451: Application time: 0.0533660 seconds
256.451: [GC [PSYoungGen: 14781K->1488K(15360K)] 24426K->11133K(49664K), 0.0006340 secs] [Times: user=0.00 sys=0.00, real=0.00 secs] 
256.452: Total time for which application threads were stopped: 0.0007530 seconds, Stopping threads took: 0.0000640 seconds
256.509: Application time: 0.0572840 seconds
256.509: [GC [PSYoungGen: 14796K->1472K(15360K)] 24442K->11117K(49664K), 0.0005890 secs] [Times: user=0.00 sys=0.00, real=0.00 secs] 
256.510: Total time for which application threads were stopped: 0.0007080 seconds, Stopping threads took: 0.0000620 seconds
256.569: Application time: 0.0589130 seconds
256.569: [GC [PSYoungGen: 14781K->1456K(15360K)] 24427K->11101K(49664K), 0.0005720 secs] [Times: user=0.00 sys=0.00, real=0.00 secs] 
256.569: Total time for which application threads were stopped: 0.0006930 seconds, Stopping threads took: 0.0000610 seconds
256.626: Application time: 0.0569240 seconds
256.626: [GC [PSYoungGen: 14764K->1472K(15360K)] 24410K->11117K(49664K), 0.0006410 secs] [Times: user=0.00 sys=0.00, real=0.00 secs] 
256.627: Total time for which application threads were stopped: 0.0007650 seconds, Stopping threads took: 0.0000700 seconds
256.675: Application time: 0.0477070 seconds
256.675: [GC [PSYoungGen: 14784K->1760K(15360K)] 24429K->11405K(49664K), 0.0007030 secs] [Times: user=0.01 sys=0.00, real=0.00 secs] 
256.676: Total time for which application threads were stopped: 0.0008130 seconds, Stopping threads took: 0.0000440 seconds
256.708: Application time: 0.0320420 seconds
256.708: [GC [PSYoungGen: 15070K->1888K(15360K)] 24715K->11581K(49664K), 0.0007080 secs] [Times: user=0.00 sys=0.00, real=0.01 secs] 
256.708: Total time for which application threads were stopped: 0.0008220 seconds, Stopping threads took: 0.0000570 seconds
256.762: Application time: 0.0540950 seconds
256.763: [GC [PSYoungGen: 15197K->1920K(15360K)] 24890K->11613K(49664K), 0.0006730 secs] [Times: user=0.01 sys=0.00, real=0.00 secs] 
256.763: Total time for which application threads were stopped: 0.0007840 seconds, Stopping threads took: 0.0000550 seconds
256.818: Application time: 0.0547790 seconds
256.818: [GC [PSYoungGen: 15227K->1872K(15360K)] 24921K->11565K(49664K), 0.0006920 secs] [Times: user=0.01 sys=0.00, real=0.00 secs] 
256.819: Total time for which application threads were stopped: 0.0008110 seconds, Stopping threads took: 0.0000660 seconds
256.877: Application time: 0.0585550 seconds
256.878: [GC [PSYoungGen: 15181K->1856K(15360K)] 24875K->11549K(49664K), 0.0006800 secs] [Times: user=0.00 sys=0.00, real=0.00 secs] 
256.878: Total time for which application threads were stopped: 0.0007950 seconds, Stopping threads took: 0.0000540 seconds
256.937: Application time: 0.0588000 seconds
256.937: [GC [PSYoungGen: 15165K->1632K(15360K)] 24859K->11562K(49664K), 0.0007270 secs] [Times: user=0.00 sys=0.00, real=0.00 secs] 
256.938: Total time for which application threads were stopped: 0.0008350 seconds, Stopping threads took: 0.0000510 seconds
256.996: Application time: 0.0584820 seconds
256.996: [GC [PSYoungGen: 14941K->1648K(15360K)] 24871K->11578K(49664K), 0.0006250 secs] [Times: user=0.00 sys=0.00, real=0.00 secs] 
256.997: Total time for which application threads were stopped: 0.0007430 seconds, Stopping threads took: 0.0000640 seconds
257.055: Application time: 0.0582240 seconds
257.055: [GC [PSYoungGen: 14957K->1664K(15360K)] 24887K->11594K(49664K), 0.0006300 secs] [Times: user=0.00 sys=0.00, real=0.00 secs] 
257.056: Total time for which application threads were stopped: 0.0007390 seconds, Stopping threads took: 0.0000550 seconds
257.111: Application time: 0.0550800 seconds
257.111: [GC [PSYoungGen: 14974K->1344K(15360K)] 24904K->11578K(49664K), 0.0006200 secs] [Times: user=0.00 sys=0.00, real=0.00 secs] 
257.112: Total time for which application threads were stopped: 0.0007160 seconds, Stopping threads took: 0.0000410 seconds
257.170: Application time: 0.0584880 seconds
257.170: [GC [PSYoungGen: 14653K->1376K(15360K)] 24888K->11610K(49664K), 0.0005810 secs] [Times: user=0.00 sys=0.00, real=0.00 secs] 
257.171: Total time for which application threads were stopped: 0.0006810 seconds, Stopping threads took: 0.0000430 seconds
257.230: Application time: 0.0592770 seconds
257.230: [GC [PSYoungGen: 14685K->1120K(15360K)] 24920K->11599K(49664K), 0.0005640 secs] [Times: user=0.00 sys=0.00, real=0.00 secs] 
257.231: Total time for which application threads were stopped: 0.0006940 seconds, Stopping threads took: 0.0000650 seconds
257.290: Application time: 0.0594650 seconds
257.292: [GC [PSYoungGen: 14429K->1184K(15360K)] 24908K->11663K(49664K), 0.0005270 secs] [Times: user=0.00 sys=0.00, real=0.00 secs] 
257.293: Total time for which application threads were stopped: 0.0024000 seconds, Stopping threads took: 0.0018140 seconds
257.352: Application time: 0.0592830 seconds
257.352: [GC [PSYoungGen: 14493K->1152K(15360K)] 24972K->11631K(49664K), 0.0005590 secs] [Times: user=0.00 sys=0.00, real=0.00 secs] 
257.353: Total time for which application threads were stopped: 0.0006750 seconds, Stopping threads took: 0.0000550 seconds
257.411: Application time: 0.0585820 seconds
257.412: [GC [PSYoungGen: 14461K->1088K(15360K)] 24940K->11567K(49664K), 0.0005120 secs] [Times: user=0.01 sys=0.00, real=0.00 secs] 
257.412: Total time for which application threads were stopped: 0.0006230 seconds, Stopping threads took: 0.0000540 seconds
257.462: Application time: 0.0496140 seconds
257.462: [GC [PSYoungGen: 14395K->1184K(15360K)] 24874K->11867K(49664K), 0.0005470 secs] [Times: user=0.00 sys=0.00, real=0.00 secs] 
257.462: Total time for which application threads were stopped: 0.0006530 seconds, Stopping threads took: 0.0000400 seconds
257.512: Application time: 0.0495700 seconds
257.516: [GC [PSYoungGen: 14493K->960K(15360K)] 25177K->11880K(49664K), 0.0005760 secs] [Times: user=0.00 sys=0.00, real=0.00 secs] 
257.518: Total time for which application threads were stopped: 0.0059130 seconds, Stopping threads took: 0.0044090 seconds
257.565: Application time: 0.0469410 seconds
257.565: [GC [PSYoungGen: 14269K->1152K(15360K)] 25190K->12072K(49664K), 0.0005050 secs] [Times: user=0.00 sys=0.00, real=0.00 secs] 
257.565: Total time for which application threads were stopped: 0.0006080 seconds, Stopping threads took: 0.0000470 seconds
257.615: Application time: 0.0491490 seconds
257.615: [GC [PSYoungGen: 14461K->1120K(15360K)] 25382K->12080K(49664K), 0.0005690 secs] [Times: user=0.00 sys=0.00, real=0.00 secs] 
257.615: Total time for which application threads were stopped: 0.0007010 seconds, Stopping threads took: 0.0000750 seconds
257.665: Application time: 0.0498010 seconds
257.665: [GC [PSYoungGen: 14428K->1120K(15360K)] 25388K->12304K(49664K), 0.0005260 secs] [Times: user=0.00 sys=0.00, real=0.00 secs] 
257.666: Total time for which application threads were stopped: 0.0006290 seconds, Stopping threads took: 0.0000500 seconds
257.712: Application time: 0.0460090 seconds
257.712: [GC [PSYoungGen: 14431K->1184K(15360K)] 25616K->12368K(49664K), 0.0005250 secs] [Times: user=0.00 sys=0.00, real=0.00 secs] 
257.712: Total time for which application threads were stopped: 0.0006460 seconds, Stopping threads took: 0.0000650 seconds
257.769: Application time: 0.0571710 seconds
257.770: [GC [PSYoungGen: 14495K->1152K(15360K)] 25679K->12336K(49664K), 0.0005640 secs] [Times: user=0.00 sys=0.00, real=0.00 secs] 
257.770: Total time for which application threads were stopped: 0.0006940 seconds, Stopping threads took: 0.0000640 seconds
257.829: Application time: 0.0589210 seconds
257.829: [GC [PSYoungGen: 14461K->1120K(15360K)] 25646K->12304K(49664K), 0.0005560 secs] [Times: user=0.00 sys=0.00, real=0.00 secs] 
257.830: Total time for which application threads were stopped: 0.0006720 seconds, Stopping threads took: 0.0000580 seconds
257.884: Application time: 0.0538810 seconds
257.884: [GC [PSYoungGen: 14431K->1344K(15360K)] 25616K->12528K(49664K), 0.0005490 secs] [Times: user=0.00 sys=0.00, real=0.00 secs] 
257.884: Total time for which application threads were stopped: 0.0006700 seconds, Stopping threads took: 0.0000640 seconds
257.925: Application time: 0.0410030 seconds
257.925: [GC [PSYoungGen: 14653K->992K(15360K)] 25838K->12577K(49664K), 0.0005390 secs] [Times: user=0.00 sys=0.00, real=0.00 secs] 
257.926: Total time for which application threads were stopped: 0.0006560 seconds, Stopping threads took: 0.0000620 seconds
257.970: Application time: 0.0444880 seconds
257.971: [GC [PSYoungGen: 14303K->1216K(15360K)] 25889K->12801K(49664K), 0.0005280 secs] [Times: user=0.00 sys=0.00, real=0.00 secs] 
257.971: Total time for which application threads were stopped: 0.0006260 seconds, Stopping threads took: 0.0000430 seconds
258.019: Application time: 0.0482100 seconds
258.019: [GC [PSYoungGen: 14527K->1280K(15360K)] 26113K->12865K(49664K), 0.0005400 secs] [Times: user=0.00 sys=0.00, real=0.00 secs] 
258.020: Total time for which application threads were stopped: 0.0006440 seconds, Stopping threads took: 0.0000500 seconds
258.076: Application time: 0.0565430 seconds
258.077: [GC [PSYoungGen: 14588K->1248K(15360K)] 26174K->12833K(49664K), 0.0005690 secs] [Times: user=0.00 sys=0.00, real=0.00 secs] 
258.077: Total time for which application threads were stopped: 0.0006740 seconds, Stopping threads took: 0.0000500 seconds
258.118: Application time: 0.0413200 seconds
258.119: [GC [PSYoungGen: 14559K->1424K(15360K)] 26145K->13009K(49664K), 0.0006160 secs] [Times: user=0.00 sys=0.00, real=0.00 secs] 
258.119: Total time for which application threads were stopped: 0.0007300 seconds, Stopping threads took: 0.0000550 seconds
258.173: Application time: 0.0539710 seconds
258.175: [GC [PSYoungGen: 14735K->1472K(15360K)] 26321K->13057K(49664K), 0.0005860 secs] [Times: user=0.00 sys=0.00, real=0.00 secs] 
258.176: Total time for which application threads were stopped: 0.0024890 seconds, Stopping threads took: 0.0018480 seconds
258.232: Application time: 0.0567250 seconds
258.233: [GC [PSYoungGen: 14783K->1456K(15360K)] 26369K->13041K(49664K), 0.0005990 secs] [Times: user=0.00 sys=0.00, real=0.00 secs] 
258.233: Total time for which application threads were stopped: 0.0007320 seconds, Stopping threads took: 0.0000770 seconds
258.292: Application time: 0.0584540 seconds
258.292: [GC [PSYoungGen: 14765K->1472K(15360K)] 26351K->13057K(49664K), 0.0006300 secs] [Times: user=0.01 sys=0.00, real=0.00 secs] 
258.292: Total time for which application threads were stopped: 0.0007530 seconds, Stopping threads took: 0.0000580 seconds
258.348: Application time: 0.0561250 seconds
258.349: [GC [PSYoungGen: 14783K->1488K(15360K)] 26368K->13073K(49664K), 0.0005880 secs] [Times: user=0.00 sys=0.00, real=0.00 secs] 
258.349: Total time for which application threads were stopped: 0.0006980 seconds, Stopping threads took: 0.0000540 seconds
258.398: Application time: 0.0489030 seconds
258.398: [GC [PSYoungGen: 14797K->1712K(15360K)] 26383K->13297K(49664K), 0.0006980 secs] [Times: user=0.00 sys=0.00, real=0.00 secs] 
258.399: Total time for which application threads were stopped: 0.0008320 seconds, Stopping threads took: 0.0000760 seconds
258.431: Application time: 0.0324900 seconds
258.432: [GC [PSYoungGen: 15020K->1888K(15360K)] 26605K->13521K(49664K), 0.0006800 secs] [Times: user=0.00 sys=0.00, real=0.00 secs] 
258.432: Total time for which application threads were stopped: 0.0007940 seconds, Stopping threads took: 0.0000580 seconds
258.483: Application time: 0.0509090 seconds
258.483: [GC [PSYoungGen: 15199K->1856K(15360K)] 26833K->13489K(49664K), 0.0006660 secs] [Times: user=0.00 sys=0.00, real=0.00 secs] 
258.484: Total time for which application threads were stopped: 0.0007920 seconds, Stopping threads took: 0.0000680 seconds
258.538: Application time: 0.0540660 seconds
258.538: [GC [PSYoungGen: 15164K->1872K(15360K)] 26797K->13505K(49664K), 0.0007190 secs] [Times: user=0.01 sys=0.00, real=0.00 secs] 
258.539: Total time for which application threads were stopped: 0.0008480 seconds, Stopping threads took: 0.0000690 seconds
258.597: Application time: 0.0585320 seconds
258.597: [GC [PSYoungGen: 15181K->1904K(15360K)] 26815K->13537K(49664K), 0.0007130 secs] [Times: user=0.01 sys=0.00, real=0.00 secs] 
258.598: Total time for which application threads were stopped: 0.0008340 seconds, Stopping threads took: 0.0000660 seconds
258.657: Application time: 0.0587180 seconds
258.657: [GC [PSYoungGen: 15215K->1808K(15360K)] 26849K->13489K(49664K), 0.0006780 secs] [Times: user=0.00 sys=0.00, real=0.00 secs] 
258.658: Total time for which application threads were stopped: 0.0007890 seconds, Stopping threads took: 0.0000510 seconds
258.716: Application time: 0.0581790 seconds
258.716: [GC [PSYoungGen: 15117K->1632K(15360K)] 26799K->13526K(49664K), 0.0006640 secs] [Times: user=0.01 sys=0.00, real=0.00 secs] 
258.717: Total time for which application threads were stopped: 0.0007610 seconds, Stopping threads took: 0.0000400 seconds
258.775: Application time: 0.0579800 seconds
258.775: [GC [PSYoungGen: 14941K->1632K(15360K)] 26835K->13526K(49664K), 0.0006280 secs] [Times: user=0.00 sys=0.00, real=0.00 secs] 
258.775: Total time for which application threads were stopped: 0.0007610 seconds, Stopping threads took: 0.0000740 seconds
258.831: Application time: 0.0556000 seconds
258.831: [GC [PSYoungGen: 14942K->1456K(15360K)] 26836K->13658K(49664K), 0.0006410 secs] [Times: user=0.00 sys=0.00, real=0.00 secs] 
258.832: Total time for which application threads were stopped: 0.0007590 seconds, Stopping threads took: 0.0000530 seconds
258.890: Application time: 0.0579060 seconds
258.890: [GC [PSYoungGen: 14764K->1376K(15360K)] 26967K->13578K(49664K), 0.0005570 secs] [Times: user=0.00 sys=0.00, real=0.00 secs] 
258.890: Total time for which application threads were stopped: 0.0006720 seconds, Stopping threads took: 0.0000570 seconds
258.950: Application time: 0.0600060 seconds
258.950: [GC [PSYoungGen: 14685K->1104K(15360K)] 26888K->13559K(49664K), 0.0006140 secs] [Times: user=0.00 sys=0.00, real=0.00 secs] 
258.951: Total time for which application threads were stopped: 0.0007310 seconds, Stopping threads took: 0.0000610 seconds
259.010: Application time: 0.0590710 seconds
259.010: [GC [PSYoungGen: 14413K->1104K(15360K)] 26869K->13559K(49664K), 0.0005380 secs] [Times: user=0.00 sys=0.00, real=0.00 secs] 
259.011: Total time for which application threads were stopped: 0.0006580 seconds, Stopping threads took: 0.0000660 seconds
259.070: Application time: 0.0591240 seconds
259.070: [GC [PSYoungGen: 14413K->1152K(15360K)] 26869K->13607K(49664K), 0.0005170 secs] [Times: user=0.00 sys=0.00, real=0.00 secs] 
259.071: Total time for which application threads were stopped: 0.0006420 seconds, Stopping threads took: 0.0000670 seconds
259.131: Application time: 0.0599210 seconds
259.131: [GC [PSYoungGen: 14461K->1088K(15360K)] 26916K->13543K(49664K), 0.0005220 secs] [Times: user=0.00 sys=0.00, real=0.00 secs] 
259.131: Total time for which application threads were stopped: 0.0006350 seconds, Stopping threads took: 0.0000600 seconds
259.182: Application time: 0.0504530 seconds
259.182: [GC [PSYoungGen: 14395K->1184K(15360K)] 26851K->13852K(49664K), 0.0005510 secs] [Times: user=0.00 sys=0.00, real=0.00 secs] 
259.182: Total time for which application threads were stopped: 0.0006660 seconds, Stopping threads took: 0.0000570 seconds
259.229: Application time: 0.0472190 seconds
259.230: [GC [PSYoungGen: 14495K->960K(15360K)] 27163K->13824K(49664K), 0.0005280 secs] [Times: user=0.00 sys=0.00, real=0.00 secs] 
259.230: Total time for which application threads were stopped: 0.0006320 seconds, Stopping threads took: 0.0000480 seconds
259.283: Application time: 0.0523920 seconds
259.283: [GC [PSYoungGen: 14268K->1088K(15360K)] 27132K->14032K(49664K), 0.0005210 secs] [Times: user=0.00 sys=0.00, real=0.00 secs] 
259.283: Total time for which application threads were stopped: 0.0006290 seconds, Stopping threads took: 0.0000530 seconds
259.327: Application time: 0.0437380 seconds
259.327: [GC [PSYoungGen: 14397K->1088K(15360K)] 27342K->14032K(49664K), 0.0004870 secs] [Times: user=0.00 sys=0.00, real=0.00 secs] 
259.327: Total time for which application threads were stopped: 0.0005900 seconds, Stopping threads took: 0.0000500 seconds
259.382: Application time: 0.0542000 seconds
259.382: [GC [PSYoungGen: 14399K->1056K(15360K)] 27343K->14221K(49664K), 0.0005300 secs] [Times: user=0.00 sys=0.00, real=0.00 secs] 
259.382: Total time for which application threads were stopped: 0.0006470 seconds, Stopping threads took: 0.0000520 seconds
259.424: Application time: 0.0415860 seconds
259.424: [GC [PSYoungGen: 14367K->1184K(15360K)] 27532K->14349K(49664K), 0.0005060 secs] [Times: user=0.01 sys=0.00, real=0.00 secs] 
259.425: Total time for which application threads were stopped: 0.0006070 seconds, Stopping threads took: 0.0000480 seconds
259.482: Application time: 0.0579020 seconds
259.483: [GC [PSYoungGen: 14495K->1120K(15360K)] 27660K->14285K(49664K), 0.0005830 secs] [Times: user=0.00 sys=0.00, real=0.00 secs] 
259.483: Total time for which application threads were stopped: 0.0007000 seconds, Stopping threads took: 0.0000600 seconds
259.541: Application time: 0.0573870 seconds
259.541: [GC [PSYoungGen: 14428K->1152K(15360K)] 27593K->14317K(49664K), 0.0005340 secs] [Times: user=0.00 sys=0.00, real=0.00 secs] 
259.541: Total time for which application threads were stopped: 0.0006570 seconds, Stopping threads took: 0.0000660 seconds
259.597: Application time: 0.0556120 seconds
259.597: [GC [PSYoungGen: 14463K->1344K(15360K)] 27628K->14509K(49664K), 0.0005400 secs] [Times: user=0.00 sys=0.00, real=0.00 secs] 
259.597: Total time for which application threads were stopped: 0.0006470 seconds, Stopping threads took: 0.0000510 seconds
259.638: Application time: 0.0409160 seconds
259.638: [GC [PSYoungGen: 14656K->1152K(15360K)] 27821K->14521K(49664K), 0.0006480 secs] [Times: user=0.00 sys=0.00, real=0.00 secs] 
259.639: Total time for which application threads were stopped: 0.0007620 seconds, Stopping threads took: 0.0000590 seconds
259.686: Application time: 0.0467100 seconds
259.686: [GC [PSYoungGen: 14460K->1216K(15360K)] 27829K->14790K(49664K), 0.0004970 secs] [Times: user=0.00 sys=0.00, real=0.00 secs] 
259.686: Total time for which application threads were stopped: 0.0005990 seconds, Stopping threads took: 0.0000500 seconds
259.731: Application time: 0.0445070 seconds
259.731: [GC [PSYoungGen: 14523K->1248K(15360K)] 28097K->14822K(49664K), 0.0005720 secs] [Times: user=0.00 sys=0.00, real=0.00 secs] 
259.732: Total time for which application threads were stopped: 0.0006880 seconds, Stopping threads took: 0.0000620 seconds
259.788: Application time: 0.0563660 seconds
259.792: [GC [PSYoungGen: 14559K->1264K(15360K)] 28133K->14838K(49664K), 0.0006320 secs] [Times: user=0.01 sys=0.00, real=0.00 secs] 
259.793: Total time for which application threads were stopped: 0.0050100 seconds, Stopping threads took: 0.0043200 seconds
259.834: Application time: 0.0412670 seconds
259.834: [GC [PSYoungGen: 14573K->1536K(15360K)] 28148K->15110K(49664K), 0.0005820 secs] [Times: user=0.00 sys=0.00, real=0.00 secs] 
259.835: Total time for which application threads were stopped: 0.0007030 seconds, Stopping threads took: 0.0000650 seconds
259.888: Application time: 0.0532050 seconds
259.888: [GC [PSYoungGen: 14844K->1536K(15360K)] 28419K->15110K(49664K), 0.0005750 secs] [Times: user=0.00 sys=0.00, real=0.00 secs] 
259.889: Total time for which application threads were stopped: 0.0007070 seconds, Stopping threads took: 0.0000600 seconds
259.946: Application time: 0.0575460 seconds
259.947: [GC [PSYoungGen: 14844K->1504K(15360K)] 28418K->15078K(49664K), 0.0006720 secs] [Times: user=0.00 sys=0.00, real=0.00 secs] 
259.947: Total time for which application threads were stopped: 0.0007840 seconds, Stopping threads took: 0.0000560 seconds
260.005: Application time: 0.0579540 seconds
260.005: [GC [PSYoungGen: 14813K->1392K(15360K)] 28387K->14966K(49664K), 0.0005940 secs] [Times: user=0.00 sys=0.00, real=0.00 secs] 
260.006: Total time for which application threads were stopped: 0.0007210 seconds, Stopping threads took: 0.0000720 seconds
260.062: Application time: 0.0559670 seconds
260.062: [GC [PSYoungGen: 14700K->1520K(15360K)] 28275K->15094K(49664K), 0.0005720 secs] [Times: user=0.00 sys=0.00, real=0.00 secs] 
260.063: Total time for which application threads were stopped: 0.0006790 seconds, Stopping threads took: 0.0000510 seconds
260.112: Application time: 0.0498950 seconds
260.113: [GC [PSYoungGen: 14830K->1904K(15360K)] 28404K->15478K(49664K), 0.0006370 secs] [Times: user=0.00 sys=0.00, real=0.00 secs] 
260.113: Total time for which application threads were stopped: 0.0007340 seconds, Stopping threads took: 0.0000420 seconds
260.144: Application time: 0.0311970 seconds
260.144: [GC [PSYoungGen: 15213K->1856K(15360K)] 28787K->15430K(49664K), 0.0006920 secs] [Times: user=0.00 sys=0.00, real=0.00 secs] 
260.145: Total time for which application threads were stopped: 0.0008100 seconds, Stopping threads took: 0.0000600 seconds
260.196: Application time: 0.0509840 seconds
260.196: [GC [PSYoungGen: 15168K->1888K(15360K)] 28742K->15510K(49664K), 0.0006790 secs] [Times: user=0.00 sys=0.00, real=0.00 secs] 
260.197: Total time for which application threads were stopped: 0.0008070 seconds, Stopping threads took: 0.0000700 seconds
260.251: Application time: 0.0540960 seconds
260.251: [GC [PSYoungGen: 15197K->1808K(15360K)] 28820K->15430K(49664K), 0.0006600 secs] [Times: user=0.01 sys=0.00, real=0.00 secs] 
260.252: Total time for which application threads were stopped: 0.0007690 seconds, Stopping threads took: 0.0000530 seconds
260.310: Application time: 0.0583470 seconds
260.310: [GC [PSYoungGen: 15117K->1824K(15360K)] 28739K->15446K(49664K), 0.0006840 secs] [Times: user=0.01 sys=0.00, real=0.00 secs] 
260.311: Total time for which application threads were stopped: 0.0008030 seconds, Stopping threads took: 0.0000630 seconds
260.369: Application time: 0.0581280 seconds
260.369: [GC [PSYoungGen: 15133K->1792K(15360K)] 28755K->15462K(49664K), 0.0006910 secs] [Times: user=0.01 sys=0.00, real=0.00 secs] 
260.370: Total time for which application threads were stopped: 0.0008010 seconds, Stopping threads took: 0.0000550 seconds
260.428: Application time: 0.0580650 seconds
260.428: [GC [PSYoungGen: 15101K->1600K(15360K)] 28771K->15482K(49664K), 0.0006750 secs] [Times: user=0.01 sys=0.00, real=0.01 secs] 
260.429: Total time for which application threads were stopped: 0.0007920 seconds, Stopping threads took: 0.0000500 seconds
260.487: Application time: 0.0581060 seconds
260.487: [GC [PSYoungGen: 14909K->1664K(15360K)] 28792K->15546K(49664K), 0.0006280 secs] [Times: user=0.00 sys=0.00, real=0.00 secs] 
260.488: Total time for which application threads were stopped: 0.0007400 seconds, Stopping threads took: 0.0000560 seconds
260.543: Application time: 0.0549030 seconds
260.543: [GC [PSYoungGen: 14971K->1424K(15360K)] 28854K->15623K(49664K), 0.0006190 secs] [Times: user=0.00 sys=0.00, real=0.00 secs] 
260.543: Total time for which application threads were stopped: 0.0007190 seconds, Stopping threads took: 0.0000440 seconds
260.602: Application time: 0.0585270 seconds
260.602: [GC [PSYoungGen: 14733K->1344K(15360K)] 28933K->15543K(49664K), 0.0005760 secs] [Times: user=0.01 sys=0.00, real=0.00 secs] 
260.603: Total time for which application threads were stopped: 0.0006880 seconds, Stopping threads took: 0.0000580 seconds
260.662: Application time: 0.0590540 seconds
260.662: [GC [PSYoungGen: 14653K->1152K(15360K)] 28853K->15604K(49664K), 0.0005460 secs] [Times: user=0.00 sys=0.00, real=0.00 secs] 
260.662: Total time for which application threads were stopped: 0.0006680 seconds, Stopping threads took: 0.0000650 seconds
260.722: Application time: 0.0597260 seconds
260.722: [GC [PSYoungGen: 14461K->1152K(15360K)] 28913K->15604K(49664K), 0.0005350 secs] [Times: user=0.00 sys=0.00, real=0.00 secs] 
260.723: Total time for which application threads were stopped: 0.0006530 seconds, Stopping threads took: 0.0000580 seconds
260.782: Application time: 0.0589780 seconds
260.782: [GC [PSYoungGen: 14461K->1152K(15360K)] 28913K->15604K(49664K), 0.0005320 secs] [Times: user=0.01 sys=0.00, real=0.00 secs] 
260.782: Total time for which application threads were stopped: 0.0006640 seconds, Stopping threads took: 0.0000750 seconds
260.842: Application time: 0.0600660 seconds
260.842: [GC [PSYoungGen: 14461K->1184K(15360K)] 28913K->15636K(49664K), 0.0005290 secs] [Times: user=0.00 sys=0.00, real=0.00 secs] 
260.843: Total time for which application threads were stopped: 0.0006700 seconds, Stopping threads took: 0.0000860 seconds
260.896: Application time: 0.0528980 seconds
260.896: [GC [PSYoungGen: 14493K->1120K(15360K)] 28946K->15792K(49664K), 0.0005530 secs] [Times: user=0.00 sys=0.00, real=0.00 secs] 
260.897: Total time for which application threads were stopped: 0.0006700 seconds, Stopping threads took: 0.0000580 seconds
260.942: Application time: 0.0456850 seconds
260.942: [GC [PSYoungGen: 14431K->1120K(15360K)] 29103K->15840K(49664K), 0.0005780 secs] [Times: user=0.00 sys=0.00, real=0.00 secs] 
260.943: Total time for which application threads were stopped: 0.0007030 seconds, Stopping threads took: 0.0000610 seconds
260.996: Application time: 0.0530130 seconds
260.996: [GC [PSYoungGen: 14431K->1152K(15360K)] 29151K->16077K(49664K), 0.0005690 secs] [Times: user=0.00 sys=0.00, real=0.00 secs] 
260.997: Total time for which application threads were stopped: 0.0006730 seconds, Stopping threads took: 0.0000470 seconds
261.040: Application time: 0.0433920 seconds
261.040: [GC [PSYoungGen: 14461K->1152K(15360K)] 29386K->16125K(49664K), 0.0005360 secs] [Times: user=0.00 sys=0.00, real=0.01 secs] 
261.041: Total time for which application threads were stopped: 0.0006620 seconds, Stopping threads took: 0.0000670 seconds
261.091: Application time: 0.0506720 seconds
261.091: [GC [PSYoungGen: 14462K->1120K(15360K)] 29435K->16305K(49664K), 0.0006020 secs] [Times: user=0.01 sys=0.00, real=0.00 secs] 
261.092: Total time for which application threads were stopped: 0.0007130 seconds, Stopping threads took: 0.0000570 seconds
261.137: Application time: 0.0450100 seconds
261.137: [GC [PSYoungGen: 14431K->1120K(15360K)] 29616K->16305K(49664K), 0.0005170 secs] [Times: user=0.01 sys=0.00, real=0.00 secs] 
261.138: Total time for which application threads were stopped: 0.0006310 seconds, Stopping threads took: 0.0000580 seconds
261.196: Application time: 0.0581790 seconds
261.196: [GC [PSYoungGen: 14431K->1152K(15360K)] 29617K->16337K(49664K), 0.0004680 secs] [Times: user=0.01 sys=0.00, real=0.00 secs] 
261.197: Total time for which application threads were stopped: 0.0005690 seconds, Stopping threads took: 0.0000510 seconds
261.255: Application time: 0.0585970 seconds
261.255: [GC [PSYoungGen: 14461K->1088K(15360K)] 29647K->16273K(49664K), 0.0005190 secs] [Times: user=0.01 sys=0.00, real=0.00 secs] 
261.256: Total time for which application threads were stopped: 0.0006340 seconds, Stopping threads took: 0.0000590 seconds
261.313: Application time: 0.0572420 seconds
261.313: [GC [PSYoungGen: 14399K->1184K(15360K)] 29585K->16369K(49664K), 0.0005220 secs] [Times: user=0.00 sys=0.00, real=0.00 secs] 
261.314: Total time for which application threads were stopped: 0.0006270 seconds, Stopping threads took: 0.0000510 seconds
261.354: Application time: 0.0402200 seconds
261.354: [GC [PSYoungGen: 14493K->992K(15360K)] 29679K->16590K(49664K), 0.0005640 secs] [Times: user=0.01 sys=0.00, real=0.00 secs] 
261.355: Total time for which application threads were stopped: 0.0006850 seconds, Stopping threads took: 0.0000660 seconds
261.408: Application time: 0.0538190 seconds
261.408: [GC [PSYoungGen: 14303K->1184K(15360K)] 29901K->16782K(49664K), 0.0005160 secs] [Times: user=0.00 sys=0.00, real=0.00 secs] 
261.409: Total time for which application threads were stopped: 0.0006240 seconds, Stopping threads took: 0.0000540 seconds
261.449: Application time: 0.0398570 seconds
261.452: [GC [PSYoungGen: 14491K->1184K(15360K)] 30090K->16782K(49664K), 0.0005820 secs] [Times: user=0.01 sys=0.00, real=0.00 secs] 
261.453: Total time for which application threads were stopped: 0.0041170 seconds, Stopping threads took: 0.0034690 seconds
261.507: Application time: 0.0541040 seconds
261.507: [GC [PSYoungGen: 14495K->1280K(15360K)] 30093K->16878K(49664K), 0.0006000 secs] [Times: user=0.00 sys=0.00, real=0.00 secs] 
261.508: Total time for which application threads were stopped: 0.0007260 seconds, Stopping threads took: 0.0000700 seconds
261.549: Application time: 0.0413800 seconds
261.549: [GC [PSYoungGen: 14589K->1536K(15360K)] 30188K->17134K(49664K), 0.0005910 secs] [Times: user=0.00 sys=0.00, real=0.00 secs] 
261.550: Total time for which application threads were stopped: 0.0007230 seconds, Stopping threads took: 0.0000750 seconds
261.602: Application time: 0.0523140 seconds
261.602: [GC [PSYoungGen: 14847K->1504K(15360K)] 30445K->17102K(49664K), 0.0006230 secs] [Times: user=0.00 sys=0.00, real=0.00 secs] 
261.603: Total time for which application threads were stopped: 0.0007350 seconds, Stopping threads took: 0.0000560 seconds
261.661: Application time: 0.0576520 seconds
261.661: [GC [PSYoungGen: 14815K->1552K(15360K)] 30413K->17150K(49664K), 0.0005810 secs] [Times: user=0.00 sys=0.00, real=0.00 secs] 
261.661: Total time for which application threads were stopped: 0.0006950 seconds, Stopping threads took: 0.0000590 seconds
261.720: Application time: 0.0582670 seconds
261.720: [GC [PSYoungGen: 14861K->1472K(15360K)] 30459K->17070K(49664K), 0.0006140 secs] [Times: user=0.00 sys=0.00, real=0.01 secs] 
261.720: Total time for which application threads were stopped: 0.0007450 seconds, Stopping threads took: 0.0000750 seconds
261.777: Application time: 0.0567070 seconds
261.777: [GC [PSYoungGen: 14780K->1504K(15360K)] 30379K->17102K(49664K), 0.0005860 secs] [Times: user=0.00 sys=0.00, real=0.00 secs] 
261.778: Total time for which application threads were stopped: 0.0006910 seconds, Stopping threads took: 0.0000490 seconds
261.829: Application time: 0.0516770 seconds
261.829: [GC [PSYoungGen: 14814K->1904K(15360K)] 30412K->17502K(49664K), 0.0006890 secs] [Times: user=0.00 sys=0.00, real=0.00 secs] 
261.830: Total time for which application threads were stopped: 0.0008020 seconds, Stopping threads took: 0.0000580 seconds
261.862: Application time: 0.0315180 seconds
261.864: [GC [PSYoungGen: 15215K->1872K(15360K)] 30813K->17518K(49664K), 0.0006910 secs] [Times: user=0.00 sys=0.00, real=0.00 secs] 
261.865: Total time for which application threads were stopped: 0.0033470 seconds, Stopping threads took: 0.0025980 seconds
261.917: Application time: 0.0515640 seconds
261.917: [GC [PSYoungGen: 15181K->1888K(15360K)] 30827K->17534K(49664K), 0.0006860 secs] [Times: user=0.01 sys=0.00, real=0.00 secs] 
261.917: Total time for which application threads were stopped: 0.0008180 seconds, Stopping threads took: 0.0000710 seconds
261.971: Application time: 0.0537630 seconds
261.971: [GC [PSYoungGen: 15196K->1920K(15360K)] 30842K->17566K(49664K), 0.0006710 secs] [Times: user=0.00 sys=0.00, real=0.00 secs] 
261.972: Total time for which application threads were stopped: 0.0008020 seconds, Stopping threads took: 0.0000640 seconds
262.030: Application time: 0.0579930 seconds
262.030: [GC [PSYoungGen: 15229K->1904K(15360K)] 30876K->17550K(49664K), 0.0006990 secs] [Times: user=0.00 sys=0.01, real=0.00 secs] 
262.031: Total time for which application threads were stopped: 0.0008310 seconds, Stopping threads took: 0.0000710 seconds
262.089: Application time: 0.0580870 seconds
262.089: [GC [PSYoungGen: 15213K->1824K(15360K)] 30859K->17518K(49664K), 0.0007220 secs] [Times: user=0.00 sys=0.00, real=0.00 secs] 
262.090: Total time for which application threads were stopped: 0.0008410 seconds, Stopping threads took: 0.0000630 seconds
262.148: Application time: 0.0582910 seconds
262.148: [GC [PSYoungGen: 15133K->1600K(15360K)] 30828K->17523K(49664K), 0.0006880 secs] [Times: user=0.00 sys=0.00, real=0.01 secs] 
262.149: Total time for which application threads were stopped: 0.0008070 seconds, Stopping threads took: 0.0000610 seconds
262.207: Application time: 0.0580120 seconds
262.207: [GC [PSYoungGen: 14909K->1648K(15360K)] 30832K->17571K(49664K), 0.0006130 secs] [Times: user=0.00 sys=0.00, real=0.00 secs] 
262.208: Total time for which application threads were stopped: 0.0007270 seconds, Stopping threads took: 0.0000550 seconds
262.264: Application time: 0.0562220 seconds
262.264: [GC [PSYoungGen: 14958K->1232K(15360K)] 30881K->17431K(49664K), 0.0005750 secs] [Times: user=0.00 sys=0.00, real=0.00 secs] 
262.265: Total time for which application threads were stopped: 0.0006880 seconds, Stopping threads took: 0.0000590 seconds
262.321: Application time: 0.0568410 seconds
262.321: [GC [PSYoungGen: 14539K->1376K(15360K)] 30739K->17623K(49664K), 0.0006330 secs] [Times: user=0.00 sys=0.00, real=0.00 secs] 
262.322: Total time for which application threads were stopped: 0.0007530 seconds, Stopping threads took: 0.0000640 seconds
262.381: Application time: 0.0587330 seconds
262.381: [GC [PSYoungGen: 14685K->1120K(15360K)] 30933K->17612K(49664K), 0.0006040 secs] [Times: user=0.00 sys=0.00, real=0.00 secs] 
262.382: Total time for which application threads were stopped: 0.0007190 seconds, Stopping threads took: 0.0000610 seconds
262.440: Application time: 0.0589230 seconds
262.441: [GC [PSYoungGen: 14429K->1104K(15360K)] 30921K->17596K(49664K), 0.0006410 secs] [Times: user=0.00 sys=0.00, real=0.00 secs] 
262.441: Total time for which application threads were stopped: 0.0007640 seconds, Stopping threads took: 0.0000670 seconds
262.500: Application time: 0.0591140 seconds
262.500: [GC [PSYoungGen: 14413K->1184K(15360K)] 30905K->17676K(49664K), 0.0005200 secs] [Times: user=0.00 sys=0.00, real=0.00 secs] 
262.501: Total time for which application threads were stopped: 0.0006600 seconds, Stopping threads took: 0.0000730 seconds
262.560: Application time: 0.0589390 seconds
262.560: [GC [PSYoungGen: 14493K->1104K(15360K)] 30985K->17596K(49664K), 0.0005770 secs] [Times: user=0.00 sys=0.00, real=0.01 secs] 
262.562: Total time for which application threads were stopped: 0.0016700 seconds, Stopping threads took: 0.0000490 seconds
262.617: Application time: 0.0548760 seconds
262.617: [GC [PSYoungGen: 14415K->1184K(15360K)] 30907K->17888K(49664K), 0.0005470 secs] [Times: user=0.00 sys=0.00, real=0.00 secs] 
262.617: Total time for which application threads were stopped: 0.0006780 seconds, Stopping threads took: 0.0000770 seconds
262.660: Application time: 0.0431410 seconds
262.660: [GC [PSYoungGen: 14493K->1184K(15360K)] 31198K->17936K(49664K), 0.0005390 secs] [Times: user=0.00 sys=0.00, real=0.00 secs] 
262.661: Total time for which application threads were stopped: 0.0006370 seconds, Stopping threads took: 0.0000400 seconds
262.716: Application time: 0.0546680 seconds
262.716: [GC [PSYoungGen: 14449K->960K(15360K)] 31201K->17933K(49664K), 0.0005150 secs] [Times: user=0.00 sys=0.00, real=0.00 secs] 
262.716: Total time for which application threads were stopped: 0.0006310 seconds, Stopping threads took: 0.0000610 seconds
262.759: Application time: 0.0431020 seconds
262.760: [GC [PSYoungGen: 14268K->1216K(15360K)] 31241K->18237K(49664K), 0.0005940 secs] [Times: user=0.01 sys=0.00, real=0.00 secs] 
262.760: Total time for which application threads were stopped: 0.0007160 seconds, Stopping threads took: 0.0000680 seconds
262.811: Application time: 0.0511450 seconds
262.811: [GC [PSYoungGen: 14524K->1152K(15360K)] 31545K->18401K(49664K), 0.0005580 secs] [Times: user=0.01 sys=0.00, real=0.00 secs] 
262.812: Total time for which application threads were stopped: 0.0006740 seconds, Stopping threads took: 0.0000610 seconds
262.856: Application time: 0.0441060 seconds
262.856: [GC [PSYoungGen: 14463K->1088K(15360K)] 31713K->18337K(49664K), 0.0005180 secs] [Times: user=0.00 sys=0.00, real=0.00 secs] 
262.857: Total time for which application threads were stopped: 0.0006340 seconds, Stopping threads took: 0.0000590 seconds
262.914: Application time: 0.0571650 seconds
262.914: [GC [PSYoungGen: 14396K->1120K(15360K)] 31646K->18369K(49664K), 0.0005140 secs] [Times: user=0.00 sys=0.00, real=0.00 secs] 
262.914: Total time for which application threads were stopped: 0.0006160 seconds, Stopping threads took: 0.0000450 seconds
262.973: Application time: 0.0589380 seconds
262.973: [GC [PSYoungGen: 14429K->1088K(15360K)] 31679K->18337K(49664K), 0.0005060 secs] [Times: user=0.00 sys=0.00, real=0.00 secs] 
262.974: Total time for which application threads were stopped: 0.0006230 seconds, Stopping threads took: 0.0000590 seconds
263.029: Application time: 0.0550150 seconds
263.029: [GC [PSYoungGen: 14399K->1312K(15360K)] 31649K->18561K(49664K), 0.0005540 secs] [Times: user=0.00 sys=0.00, real=0.00 secs] 
263.030: Total time for which application threads were stopped: 0.0006970 seconds, Stopping threads took: 0.0000760 seconds
263.070: Application time: 0.0400390 seconds
263.070: [GC [PSYoungGen: 14622K->1184K(15360K)] 31871K->18662K(49664K), 0.0006440 secs] [Times: user=0.01 sys=0.00, real=0.00 secs] 
263.071: Total time for which application threads were stopped: 0.0007540 seconds, Stopping threads took: 0.0000550 seconds
263.128: Application time: 0.0574340 seconds
263.128: [GC [PSYoungGen: 14495K->976K(15360K)] 31973K->18675K(49664K), 0.0005590 secs] [Times: user=0.00 sys=0.00, real=0.01 secs] 
263.129: Total time for which application threads were stopped: 0.0006580 seconds, Stopping threads took: 0.0000440 seconds
263.168: Application time: 0.0396940 seconds
263.168: [GC [PSYoungGen: 14284K->1248K(15360K)] 31983K->18947K(49664K), 0.0005550 secs] [Times: user=0.01 sys=0.00, real=0.00 secs] 
263.169: Total time for which application threads were stopped: 0.0006590 seconds, Stopping threads took: 0.0000450 seconds
263.222: Application time: 0.0526780 seconds
263.222: [GC [PSYoungGen: 14559K->1232K(15360K)] 32258K->18931K(49664K), 0.0005750 secs] [Times: user=0.01 sys=0.00, real=0.00 secs] 
263.222: Total time for which application threads were stopped: 0.0006990 seconds, Stopping threads took: 0.0000660 seconds
263.263: Application time: 0.0405720 seconds
263.263: [GC [PSYoungGen: 14542K->1552K(15360K)] 32241K->19251K(49664K), 0.0006130 secs] [Times: user=0.00 sys=0.00, real=0.00 secs] 
263.264: Total time for which application threads were stopped: 0.0007210 seconds, Stopping threads took: 0.0000500 seconds
263.317: Application time: 0.0528670 seconds
263.317: [GC [PSYoungGen: 14860K->1472K(15360K)] 32559K->19171K(49664K), 0.0006080 secs] [Times: user=0.00 sys=0.00, real=0.00 secs] 
263.317: Total time for which application threads were stopped: 0.0007260 seconds, Stopping threads took: 0.0000590 seconds
263.374: Application time: 0.0570340 seconds
263.374: [GC [PSYoungGen: 14783K->1520K(15360K)] 32482K->19219K(49664K), 0.0005860 secs] [Times: user=0.00 sys=0.00, real=0.00 secs] 
263.375: Total time for which application threads were stopped: 0.0006890 seconds, Stopping threads took: 0.0000480 seconds
263.433: Application time: 0.0583430 seconds
263.433: [GC [PSYoungGen: 14831K->1440K(15360K)] 32530K->19139K(49664K), 0.0006140 secs] [Times: user=0.01 sys=0.00, real=0.00 secs] 
263.434: Total time for which application threads were stopped: 0.0007280 seconds, Stopping threads took: 0.0000590 seconds
263.490: Application time: 0.0562700 seconds
263.490: [GC [PSYoungGen: 14748K->1424K(15360K)] 32447K->19123K(49664K), 0.0005790 secs] [Times: user=0.00 sys=0.00, real=0.00 secs] 
263.491: Total time for which application threads were stopped: 0.0006830 seconds, Stopping threads took: 0.0000470 seconds
263.546: Application time: 0.0553910 seconds
263.547: [GC [PSYoungGen: 14733K->1696K(15360K)] 32431K->19395K(49664K), 0.0006100 secs] [Times: user=0.01 sys=0.00, real=0.00 secs] 
263.547: Total time for which application threads were stopped: 0.0007440 seconds, Stopping threads took: 0.0000670 seconds
263.580: Application time: 0.0325640 seconds
263.580: [GC [PSYoungGen: 15004K->1808K(15360K)] 32703K->19547K(49664K), 0.0006880 secs] [Times: user=0.00 sys=0.00, real=0.01 secs] 
263.581: Total time for which application threads were stopped: 0.0007950 seconds, Stopping threads took: 0.0000490 seconds
263.624: Application time: 0.0438470 seconds
263.624: [GC [PSYoungGen: 15119K->1952K(15360K)] 32858K->19691K(49664K), 0.0006740 secs] [Times: user=0.00 sys=0.00, real=0.00 secs] 
263.625: Total time for which application threads were stopped: 0.0007820 seconds, Stopping threads took: 0.0000500 seconds
263.679: Application time: 0.0538260 seconds
263.679: [GC [PSYoungGen: 15263K->1872K(15360K)] 33002K->19611K(49664K), 0.0006760 secs] [Times: user=0.01 sys=0.00, real=0.00 secs] 
263.680: Total time for which application threads were stopped: 0.0007800 seconds, Stopping threads took: 0.0000490 seconds
263.738: Application time: 0.0580310 seconds
263.738: [GC [PSYoungGen: 15181K->1920K(15360K)] 32920K->19659K(49664K), 0.0007050 secs] [Times: user=0.00 sys=0.00, real=0.00 secs] 
263.739: Total time for which application threads were stopped: 0.0008300 seconds, Stopping threads took: 0.0000660 seconds
263.797: Application time: 0.0583000 seconds
263.797: [GC [PSYoungGen: 15229K->1808K(15360K)] 32968K->19547K(49664K), 0.0006790 secs] [Times: user=0.00 sys=0.00, real=0.00 secs] 
263.798: Total time for which application threads were stopped: 0.0007890 seconds, Stopping threads took: 0.0000550 seconds
263.856: Application time: 0.0579450 seconds
263.856: [GC [PSYoungGen: 15117K->1600K(15360K)] 32856K->19579K(49664K), 0.0007410 secs] [Times: user=0.00 sys=0.00, real=0.00 secs] 
263.857: Total time for which application threads were stopped: 0.0008410 seconds, Stopping threads took: 0.0000420 seconds
263.915: Application time: 0.0584040 seconds
263.915: [GC [PSYoungGen: 14909K->1712K(15360K)] 32888K->19691K(49664K), 0.0006930 secs] [Times: user=0.00 sys=0.00, real=0.00 secs] 
263.916: Total time for which application threads were stopped: 0.0008130 seconds, Stopping threads took: 0.0000650 seconds
263.973: Application time: 0.0573730 seconds
263.973: [GC [PSYoungGen: 15023K->1456K(15360K)] 33002K->19699K(49664K), 0.0006400 secs] [Times: user=0.00 sys=0.00, real=0.00 secs] 
263.974: Total time for which application threads were stopped: 0.0007550 seconds, Stopping threads took: 0.0000530 seconds
264.030: Application time: 0.0559720 seconds
264.030: [GC [PSYoungGen: 14766K->1392K(15360K)] 33009K->19675K(49664K), 0.0006240 secs] [Times: user=0.00 sys=0.00, real=0.00 secs] 
264.031: Total time for which application threads were stopped: 0.0007400 seconds, Stopping threads took: 0.0000610 seconds
264.089: Application time: 0.0585340 seconds
264.089: [GC [PSYoungGen: 14701K->1152K(15360K)] 32984K->19671K(49664K), 0.0005680 secs] [Times: user=0.00 sys=0.00, real=0.00 secs] 
264.090: Total time for which application threads were stopped: 0.0006840 seconds, Stopping threads took: 0.0000480 seconds
264.152: Application time: 0.0622330 seconds
264.152: [GC [PSYoungGen: 14463K->1248K(15360K)] 32983K->19767K(49664K), 0.0005580 secs] [Times: user=0.01 sys=0.00, real=0.00 secs] 
264.153: Total time for which application threads were stopped: 0.0006700 seconds, Stopping threads took: 0.0000570 seconds
264.213: Application time: 0.0599360 seconds
264.213: [GC [PSYoungGen: 14557K->1184K(15360K)] 33077K->19703K(49664K), 0.0005570 secs] [Times: user=0.01 sys=0.00, real=0.00 secs] 
264.213: Total time for which application threads were stopped: 0.0006720 seconds, Stopping threads took: 0.0000580 seconds
264.274: Application time: 0.0602550 seconds
264.274: [GC [PSYoungGen: 14493K->1120K(15360K)] 33013K->19639K(49664K), 0.0006460 secs] [Times: user=0.01 sys=0.00, real=0.00 secs] 
264.274: Total time for which application threads were stopped: 0.0007660 seconds, Stopping threads took: 0.0000640 seconds
264.331: Application time: 0.0567060 seconds
264.331: [GC [PSYoungGen: 14429K->1136K(15360K)] 32949K->19876K(49664K), 0.0005410 secs] [Times: user=0.00 sys=0.00, real=0.00 secs] 
264.332: Total time for which application threads were stopped: 0.0006410 seconds, Stopping threads took: 0.0000460 seconds
264.373: Application time: 0.0411050 seconds
264.373: [GC [PSYoungGen: 14446K->1120K(15360K)] 33186K->19860K(49664K), 0.0005360 secs] [Times: user=0.00 sys=0.00, real=0.00 secs] 
264.373: Total time for which application threads were stopped: 0.0006580 seconds, Stopping threads took: 0.0000640 seconds
264.432: Application time: 0.0583400 seconds
264.432: [GC [PSYoungGen: 14431K->896K(15360K)] 33171K->19892K(49664K), 0.0006100 secs] [Times: user=0.01 sys=0.00, real=0.00 secs] 
264.433: Total time for which application threads were stopped: 0.0007180 seconds, Stopping threads took: 0.0000540 seconds
264.473: Application time: 0.0409440 seconds
264.474: [GC [PSYoungGen: 14207K->1248K(15360K)] 33204K->20300K(49664K), 0.0005480 secs] [Times: user=0.01 sys=0.00, real=0.00 secs] 
264.474: Total time for which application threads were stopped: 0.0006640 seconds, Stopping threads took: 0.0000590 seconds
264.521: Application time: 0.0467780 seconds
264.521: [GC [PSYoungGen: 14556K->1120K(15360K)] 33608K->20388K(49664K), 0.0006080 secs] [Times: user=0.00 sys=0.00, real=0.00 secs] 
264.522: Total time for which application threads were stopped: 0.0009510 seconds, Stopping threads took: 0.0002880 seconds
264.567: Application time: 0.0453460 seconds
264.567: [GC [PSYoungGen: 14429K->1120K(15360K)] 33697K->20388K(49664K), 0.0005140 secs] [Times: user=0.00 sys=0.00, real=0.00 secs] 
264.568: Total time for which application threads were stopped: 0.0006390 seconds, Stopping threads took: 0.0000700 seconds
264.626: Application time: 0.0576630 seconds
264.626: [GC [PSYoungGen: 14428K->1152K(15360K)] 33696K->20420K(49664K), 0.0005000 secs] [Times: user=0.01 sys=0.00, real=0.00 secs] 
264.626: Total time for which application threads were stopped: 0.0006360 seconds, Stopping threads took: 0.0000660 seconds
264.685: Application time: 0.0584080 seconds
264.685: [GC [PSYoungGen: 14461K->1088K(15360K)] 33729K->20356K(49664K), 0.0005140 secs] [Times: user=0.00 sys=0.00, real=0.00 secs] 
264.685: Total time for which application threads were stopped: 0.0006320 seconds, Stopping threads took: 0.0000610 seconds
264.744: Application time: 0.0589680 seconds
264.744: [GC [PSYoungGen: 14397K->1088K(15360K)] 33665K->20356K(49664K), 0.0005880 secs] [Times: user=0.00 sys=0.00, real=0.00 secs] 
264.745: Total time for which application threads were stopped: 0.0007160 seconds, Stopping threads took: 0.0000650 seconds
264.785: Application time: 0.0399360 seconds
264.785: [GC [PSYoungGen: 14398K->1392K(15360K)] 33666K->20660K(49664K), 0.0005480 secs] [Times: user=0.00 sys=0.00, real=0.00 secs] 
264.785: Total time for which application threads were stopped: 0.0006640 seconds, Stopping threads took: 0.0000600 seconds
264.837: Application time: 0.0517290 seconds
264.840: [GC [PSYoungGen: 14701K->1280K(15360K)] 33969K->20965K(49664K), 0.0006820 secs] [Times: user=0.01 sys=0.00, real=0.00 secs] 
264.841: Total time for which application threads were stopped: 0.0037970 seconds, Stopping threads took: 0.0030590 seconds
264.880: Application time: 0.0394360 seconds
264.881: [GC [PSYoungGen: 14588K->1248K(15360K)] 34274K->20933K(49664K), 0.0005790 secs] [Times: user=0.00 sys=0.00, real=0.00 secs] 
264.881: Total time for which application threads were stopped: 0.0006990 seconds, Stopping threads took: 0.0000650 seconds
264.937: Application time: 0.0558540 seconds
264.937: [GC [PSYoungGen: 14557K->1312K(15360K)] 34242K->20997K(49664K), 0.0005770 secs] [Times: user=0.00 sys=0.00, real=0.00 secs] 
264.938: Total time for which application threads were stopped: 0.0006840 seconds, Stopping threads took: 0.0000520 seconds
264.982: Application time: 0.0446250 seconds
264.984: [GC [PSYoungGen: 14623K->1440K(15360K)] 34309K->21125K(49664K), 0.0007700 secs] [Times: user=0.00 sys=0.00, real=0.00 secs] 
264.985: Total time for which application threads were stopped: 0.0029090 seconds, Stopping threads took: 0.0020520 seconds
265.036: Application time: 0.0506580 seconds
265.036: [GC [PSYoungGen: 14749K->1440K(15360K)] 34434K->21125K(49664K), 0.0006080 secs] [Times: user=0.00 sys=0.00, real=0.00 secs] 
265.037: Total time for which application threads were stopped: 0.0007320 seconds, Stopping threads took: 0.0000680 seconds
265.094: Application time: 0.0573910 seconds
265.094: [GC [PSYoungGen: 14751K->1536K(15360K)] 34437K->21221K(49664K), 0.0005800 secs] [Times: user=0.00 sys=0.00, real=0.00 secs] 
265.095: Total time for which application threads were stopped: 0.0006990 seconds, Stopping threads took: 0.0000630 seconds
265.153: Application time: 0.0584340 seconds
265.153: [GC [PSYoungGen: 14845K->1408K(15360K)] 34531K->21093K(49664K), 0.0006120 secs] [Times: user=0.01 sys=0.00, real=0.00 secs] 
265.154: Total time for which application threads were stopped: 0.0007510 seconds, Stopping threads took: 0.0000730 seconds
265.211: Application time: 0.0569890 seconds
265.211: [GC [PSYoungGen: 14716K->1440K(15360K)] 34402K->21125K(49664K), 0.0005950 secs] [Times: user=0.00 sys=0.00, real=0.00 secs] 
265.212: Total time for which application threads were stopped: 0.0007040 seconds, Stopping threads took: 0.0000530 seconds
265.268: Application time: 0.0564140 seconds
265.268: [GC [PSYoungGen: 14748K->1504K(15360K)] 34434K->21189K(49664K), 0.0005970 secs] [Times: user=0.01 sys=0.00, real=0.01 secs] 
265.269: Total time for which application threads were stopped: 0.0006910 seconds, Stopping threads took: 0.0000370 seconds
265.305: Application time: 0.0366050 seconds
265.305: [GC [PSYoungGen: 14815K->1856K(15360K)] 34500K->21589K(49664K), 0.0006980 secs] [Times: user=0.00 sys=0.00, real=0.00 secs] 
265.306: Total time for which application threads were stopped: 0.0008030 seconds, Stopping threads took: 0.0000480 seconds
265.348: Application time: 0.0418700 seconds
265.348: [GC [PSYoungGen: 15167K->1888K(15360K)] 34901K->21621K(49664K), 0.0006550 secs] [Times: user=0.00 sys=0.00, real=0.01 secs] 
265.349: Total time for which application threads were stopped: 0.0007570 seconds, Stopping threads took: 0.0000450 seconds
265.404: Application time: 0.0548530 seconds
265.404: [GC [PSYoungGen: 15195K->1936K(15360K)] 34929K->21669K(49664K), 0.0006820 secs] [Times: user=0.00 sys=0.00, real=0.00 secs] 
265.404: Total time for which application threads were stopped: 0.0008020 seconds, Stopping threads took: 0.0000550 seconds
265.462: Application time: 0.0575260 seconds
265.462: [GC [PSYoungGen: 15247K->1936K(15360K)] 34980K->21669K(49664K), 0.0006820 secs] [Times: user=0.00 sys=0.00, real=0.00 secs] 
265.463: Total time for which application threads were stopped: 0.0007860 seconds, Stopping threads took: 0.0000470 seconds
265.521: Application time: 0.0582530 seconds
265.521: [GC [PSYoungGen: 15245K->1904K(15360K)] 34979K->21637K(49664K), 0.0007600 secs] [Times: user=0.00 sys=0.00, real=0.00 secs] 
265.522: Total time for which application threads were stopped: 0.0008930 seconds, Stopping threads took: 0.0000770 seconds
265.580: Application time: 0.0583760 seconds
265.580: [GC [PSYoungGen: 15213K->1632K(15360K)] 34947K->21618K(49664K), 0.0006750 secs] [Times: user=0.01 sys=0.00, real=0.00 secs] 
265.581: Total time for which application threads were stopped: 0.0007990 seconds, Stopping threads took: 0.0000680 seconds
265.639: Application time: 0.0579780 seconds
265.639: [GC [PSYoungGen: 14941K->1696K(15360K)] 34927K->21682K(49664K), 0.0006390 secs] [Times: user=0.01 sys=0.00, real=0.00 secs] 
265.640: Total time for which application threads were stopped: 0.0007530 seconds, Stopping threads took: 0.0000580 seconds
265.698: Application time: 0.0582420 seconds
265.698: [GC [PSYoungGen: 15005K->1584K(15360K)] 34991K->21642K(49664K), 0.0006810 secs] [Times: user=0.00 sys=0.00, real=0.00 secs] 
265.699: Total time for which application threads were stopped: 0.0008120 seconds, Stopping threads took: 0.0000670 seconds
265.755: Application time: 0.0564440 seconds
265.755: [GC [PSYoungGen: 14894K->1424K(15360K)] 34952K->21710K(49664K), 0.0006490 secs] [Times: user=0.00 sys=0.00, real=0.00 secs] 
265.756: Total time for which application threads were stopped: 0.0007720 seconds, Stopping threads took: 0.0000630 seconds
265.815: Application time: 0.0592670 seconds
265.815: [GC [PSYoungGen: 14735K->1184K(15360K)] 35022K->21739K(49664K), 0.0005680 secs] [Times: user=0.00 sys=0.00, real=0.00 secs] 
265.816: Total time for which application threads were stopped: 0.0007280 seconds, Stopping threads took: 0.0001020 seconds
265.875: Application time: 0.0591640 seconds
265.875: [GC [PSYoungGen: 14493K->1120K(15360K)] 35048K->21675K(49664K), 0.0006180 secs] [Times: user=0.00 sys=0.00, real=0.00 secs] 
265.876: Total time for which application threads were stopped: 0.0007450 seconds, Stopping threads took: 0.0000700 seconds
265.935: Application time: 0.0594280 seconds
265.936: [GC [PSYoungGen: 14429K->1152K(15360K)] 34984K->21707K(49664K), 0.0005590 secs] [Times: user=0.00 sys=0.00, real=0.00 secs] 
265.936: Total time for which application threads were stopped: 0.0006740 seconds, Stopping threads took: 0.0000600 seconds
265.996: Application time: 0.0597150 seconds
265.996: [GC [PSYoungGen: 14461K->1088K(15360K)] 35016K->21643K(49664K), 0.0005750 secs] [Times: user=0.00 sys=0.00, real=0.00 secs] 
265.997: Total time for which application threads were stopped: 0.0006950 seconds, Stopping threads took: 0.0000640 seconds
266.053: Application time: 0.0560620 seconds
266.053: [GC [PSYoungGen: 14398K->1088K(15360K)] 34954K->21875K(49664K), 0.0005450 secs] [Times: user=0.00 sys=0.00, real=0.00 secs] 
266.053: Total time for which application threads were stopped: 0.0006670 seconds, Stopping threads took: 0.0000660 seconds
266.095: Application time: 0.0417240 seconds
266.095: [GC [PSYoungGen: 14399K->1024K(15360K)] 35186K->22027K(49664K), 0.0005200 secs] [Times: user=0.01 sys=0.00, real=0.00 secs] 
266.096: Total time for which application threads were stopped: 0.0006340 seconds, Stopping threads took: 0.0000560 seconds
266.154: Application time: 0.0582220 seconds
266.154: [GC [PSYoungGen: 14335K->896K(15360K)] 35338K->21947K(49664K), 0.0005150 secs] [Times: user=0.00 sys=0.00, real=0.00 secs] 
266.154: Total time for which application threads were stopped: 0.0006390 seconds, Stopping threads took: 0.0000670 seconds
266.199: Application time: 0.0444810 seconds
266.199: [GC [PSYoungGen: 14207K->1120K(15360K)] 35259K->22227K(49664K), 0.0005220 secs] [Times: user=0.00 sys=0.00, real=0.00 secs] 
266.200: Total time for which application threads were stopped: 0.0006430 seconds, Stopping threads took: 0.0000560 seconds
266.243: Application time: 0.0430410 seconds
266.243: [GC [PSYoungGen: 14427K->1344K(15360K)] 35535K->22451K(49664K), 0.0005240 secs] [Times: user=0.00 sys=0.00, real=0.00 secs] 
266.243: Total time for which application threads were stopped: 0.0006260 seconds, Stopping threads took: 0.0000480 seconds
266.289: Application time: 0.0458860 seconds
266.289: [GC [PSYoungGen: 14653K->1136K(15360K)] 35760K->22456K(49664K), 0.0005560 secs] [Times: user=0.00 sys=0.00, real=0.00 secs] 
266.290: Total time for which application threads were stopped: 0.0006640 seconds, Stopping threads took: 0.0000500 seconds
266.346: Application time: 0.0566840 seconds
266.347: [GC [PSYoungGen: 14444K->1120K(15360K)] 35764K->22440K(49664K), 0.0005250 secs] [Times: user=0.01 sys=0.00, real=0.00 secs] 
266.347: Total time for which application threads were stopped: 0.0006350 seconds, Stopping threads took: 0.0000550 seconds
266.407: Application time: 0.0599900 seconds
266.408: [GC [PSYoungGen: 14429K->1120K(15360K)] 35749K->22440K(49664K), 0.0005420 secs] [Times: user=0.01 sys=0.00, real=0.00 secs] 
266.409: Total time for which application threads were stopped: 0.0017650 seconds, Stopping threads took: 0.0011660 seconds
266.466: Application time: 0.0567110 seconds
266.466: [GC [PSYoungGen: 14431K->1312K(15360K)] 35751K->22632K(49664K), 0.0005510 secs] [Times: user=0.00 sys=0.00, real=0.00 secs] 
266.466: Total time for which application threads were stopped: 0.0006590 seconds, Stopping threads took: 0.0000530 seconds
266.506: Application time: 0.0399920 seconds
266.506: [GC [PSYoungGen: 14619K->1344K(15360K)] 35939K->22664K(49664K), 0.0005700 secs] [Times: user=0.00 sys=0.00, real=0.00 secs] 
266.507: Total time for which application threads were stopped: 0.0006750 seconds, Stopping threads took: 0.0000490 seconds
266.554: Application time: 0.0475540 seconds
266.555: [GC [PSYoungGen: 14653K->1184K(15360K)] 35973K->22921K(49664K), 0.0006060 secs] [Times: user=0.01 sys=0.00, real=0.00 secs] 
266.555: Total time for which application threads were stopped: 0.0007250 seconds, Stopping threads took: 0.0000620 seconds
266.599: Application time: 0.0433140 seconds
266.599: [GC [PSYoungGen: 14492K->1216K(15360K)] 36229K->22953K(49664K), 0.0005330 secs] [Times: user=0.00 sys=0.00, real=0.00 secs] 
266.599: Total time for which application threads were stopped: 0.0006390 seconds, Stopping threads took: 0.0000520 seconds
266.655: Application time: 0.0558930 seconds
266.655: [GC [PSYoungGen: 14525K->1264K(15360K)] 36262K->23001K(49664K), 0.0006420 secs] [Times: user=0.00 sys=0.00, real=0.00 secs] 
266.656: Total time for which application threads were stopped: 0.0007550 seconds, Stopping threads took: 0.0000610 seconds
266.706: Application time: 0.0498160 seconds
266.706: [GC [PSYoungGen: 14573K->1504K(15360K)] 36310K->23241K(49664K), 0.0005820 secs] [Times: user=0.01 sys=0.00, real=0.00 secs] 
266.706: Total time for which application threads were stopped: 0.0007050 seconds, Stopping threads took: 0.0000600 seconds
266.752: Application time: 0.0456360 seconds
266.752: [GC [PSYoungGen: 14815K->1504K(15360K)] 36552K->23241K(49664K), 0.0006320 secs] [Times: user=0.00 sys=0.00, real=0.00 secs] 
266.753: Total time for which application threads were stopped: 0.0007820 seconds, Stopping threads took: 0.0000920 seconds
266.810: Application time: 0.0572030 seconds
266.812: [GC [PSYoungGen: 14812K->1504K(15360K)] 36550K->23241K(49664K), 0.0007280 secs] [Times: user=0.00 sys=0.00, real=0.00 secs] 
266.813: Total time for which application threads were stopped: 0.0030940 seconds, Stopping threads took: 0.0023090 seconds
266.871: Application time: 0.0583630 seconds
266.872: [GC [PSYoungGen: 14813K->1536K(15360K)] 36550K->23273K(49664K), 0.0005970 secs] [Times: user=0.01 sys=0.00, real=0.00 secs] 
266.872: Total time for which application threads were stopped: 0.0007270 seconds, Stopping threads took: 0.0000660 seconds
266.929: Application time: 0.0566770 seconds
266.929: [GC [PSYoungGen: 14844K->1472K(15360K)] 36581K->23209K(49664K), 0.0006030 secs] [Times: user=0.00 sys=0.00, real=0.00 secs] 
266.930: Total time for which application threads were stopped: 0.0007060 seconds, Stopping threads took: 0.0000490 seconds
266.986: Application time: 0.0561840 seconds
266.988: [GC [PSYoungGen: 14780K->1536K(15360K)] 36518K->23273K(49664K), 0.0006020 secs] [Times: user=0.01 sys=0.00, real=0.00 secs] 
266.989: Total time for which application threads were stopped: 0.0032400 seconds, Stopping threads took: 0.0025770 seconds
267.031: Application time: 0.0418480 seconds
267.031: [GC [PSYoungGen: 14846K->1888K(15360K)] 36583K->23665K(49664K), 0.0007150 secs] [Times: user=0.00 sys=0.00, real=0.00 secs] 
267.032: Total time for which application threads were stopped: 0.0008200 seconds, Stopping threads took: 0.0000480 seconds
267.070: Application time: 0.0381430 seconds
267.070: [GC [PSYoungGen: 15196K->1872K(15360K)] 36973K->23649K(49664K), 0.0006650 secs] [Times: user=0.00 sys=0.00, real=0.00 secs] 
267.071: Total time for which application threads were stopped: 0.0007710 seconds, Stopping threads took: 0.0000500 seconds
267.123: Application time: 0.0526710 seconds
267.123: [GC [PSYoungGen: 15182K->1904K(15360K)] 36959K->23681K(49664K), 0.0006640 secs] [Times: user=0.00 sys=0.00, real=0.00 secs] 
267.124: Total time for which application threads were stopped: 0.0007710 seconds, Stopping threads took: 0.0000470 seconds
267.180: Application time: 0.0561370 seconds
267.180: [GC [PSYoungGen: 15212K->1888K(15360K)] 36990K->23665K(49664K), 0.0006800 secs] [Times: user=0.01 sys=0.00, real=0.00 secs] 
267.181: Total time for which application threads were stopped: 0.0008030 seconds, Stopping threads took: 0.0000620 seconds
267.240: Application time: 0.0592240 seconds
267.240: [GC [PSYoungGen: 15197K->1872K(15360K)] 36974K->23649K(49664K), 0.0006130 secs] [Times: user=0.00 sys=0.00, real=0.00 secs] 
267.241: Total time for which application threads were stopped: 0.0007320 seconds, Stopping threads took: 0.0000560 seconds
267.299: Application time: 0.0581600 seconds
267.299: [GC [PSYoungGen: 15181K->1648K(15360K)] 36958K->23661K(49664K), 0.0006890 secs] [Times: user=0.00 sys=0.00, real=0.00 secs] 
267.300: Total time for which application threads were stopped: 0.0008090 seconds, Stopping threads took: 0.0000640 seconds
267.358: Application time: 0.0580440 seconds
267.358: [GC [PSYoungGen: 14957K->1600K(15360K)] 36971K->23613K(49664K), 0.0006150 secs] [Times: user=0.00 sys=0.00, real=0.00 secs] 
267.359: Total time for which application threads were stopped: 0.0007240 seconds, Stopping threads took: 0.0000540 seconds
267.417: Application time: 0.0579910 seconds
267.417: [GC [PSYoungGen: 14909K->1616K(15360K)] 36923K->23709K(49664K), 0.0006680 secs] [Times: user=0.00 sys=0.00, real=0.00 secs] 
267.417: Total time for which application threads were stopped: 0.0007880 seconds, Stopping threads took: 0.0000630 seconds
267.472: Application time: 0.0549260 seconds
267.472: [GC [PSYoungGen: 14924K->1440K(15360K)] 37017K->23778K(49664K), 0.0006090 secs] [Times: user=0.00 sys=0.00, real=0.00 secs] 
267.473: Total time for which application threads were stopped: 0.0007230 seconds, Stopping threads took: 0.0000570 seconds
267.532: Application time: 0.0588850 seconds
267.532: [GC [PSYoungGen: 14749K->1184K(15360K)] 37087K->23759K(49664K), 0.0005910 secs] [Times: user=0.00 sys=0.00, real=0.00 secs] 
267.533: Total time for which application threads were stopped: 0.0007120 seconds, Stopping threads took: 0.0000650 seconds
267.592: Application time: 0.0595930 seconds
267.592: [GC [PSYoungGen: 14493K->1088K(15360K)] 37068K->23663K(49664K), 0.0006190 secs] [Times: user=0.00 sys=0.00, real=0.00 secs] 
267.594: Total time for which application threads were stopped: 0.0016940 seconds, Stopping threads took: 0.0000520 seconds
267.653: Application time: 0.0589030 seconds
267.653: [GC [PSYoungGen: 14397K->1136K(15360K)] 36972K->23711K(49664K), 0.0005970 secs] [Times: user=0.00 sys=0.00, real=0.00 secs] 
267.654: Total time for which application threads were stopped: 0.0007050 seconds, Stopping threads took: 0.0000540 seconds
267.713: Application time: 0.0589440 seconds
267.713: [GC [PSYoungGen: 14445K->1280K(15360K)] 37020K->23855K(49664K), 0.0005510 secs] [Times: user=0.00 sys=0.00, real=0.00 secs] 
267.713: Total time for which application threads were stopped: 0.0006700 seconds, Stopping threads took: 0.0000640 seconds
267.773: Application time: 0.0595990 seconds
267.773: [GC [PSYoungGen: 14589K->928K(15360K)] 37164K->23731K(49664K), 0.0005190 secs] [Times: user=0.00 sys=0.00, real=0.00 secs] 
267.773: Total time for which application threads were stopped: 0.0006350 seconds, Stopping threads took: 0.0000540 seconds
267.815: Application time: 0.0414150 seconds
267.815: [GC [PSYoungGen: 14239K->1024K(15360K)] 37042K->24032K(49664K), 0.0005350 secs] [Times: user=0.01 sys=0.00, real=0.00 secs] 
267.816: Total time for which application threads were stopped: 0.0006590 seconds, Stopping threads took: 0.0000660 seconds
267.872: Application time: 0.0560180 seconds
267.872: [GC [PSYoungGen: 14335K->992K(15360K)] 37343K->24056K(49664K), 0.0005030 secs] [Times: user=0.01 sys=0.00, real=0.00 secs] 
267.872: Total time for which application threads were stopped: 0.0006330 seconds, Stopping threads took: 0.0000720 seconds
267.917: Application time: 0.0449020 seconds
267.917: [GC [PSYoungGen: 14300K->1088K(15360K)] 37365K->24200K(49664K), 0.0005180 secs] [Times: user=0.00 sys=0.00, real=0.00 secs] 
267.918: Total time for which application threads were stopped: 0.0006370 seconds, Stopping threads took: 0.0000630 seconds
267.960: Application time: 0.0426730 seconds
267.960: [GC [PSYoungGen: 14397K->1472K(15360K)] 37510K->24584K(49664K), 0.0005630 secs] [Times: user=0.00 sys=0.00, real=0.00 secs] 
267.961: Total time for which application threads were stopped: 0.0006750 seconds, Stopping threads took: 0.0000550 seconds
268.007: Application time: 0.0456510 seconds
268.007: [GC [PSYoungGen: 14782K->1120K(15360K)] 37895K->24472K(49664K), 0.0005370 secs] [Times: user=0.01 sys=0.00, real=0.00 secs] 
268.007: Total time for which application threads were stopped: 0.0006570 seconds, Stopping threads took: 0.0000570 seconds
268.064: Application time: 0.0567770 seconds
268.064: [GC [PSYoungGen: 14431K->1152K(15360K)] 37783K->24504K(49664K), 0.0005280 secs] [Times: user=0.00 sys=0.00, real=0.00 secs] 
268.065: Total time for which application threads were stopped: 0.0006470 seconds, Stopping threads took: 0.0000610 seconds
268.124: Application time: 0.0587830 seconds
268.124: [GC [PSYoungGen: 14463K->1056K(15360K)] 37815K->24408K(49664K), 0.0005100 secs] [Times: user=0.01 sys=0.00, real=0.00 secs] 
268.124: Total time for which application threads were stopped: 0.0006140 seconds, Stopping threads took: 0.0000480 seconds
268.182: Application time: 0.0581910 seconds
268.184: [GC [PSYoungGen: 14365K->1216K(15360K)] 37717K->24568K(49664K), 0.0005980 secs] [Times: user=0.01 sys=0.00, real=0.00 secs] 
268.185: Total time for which application threads were stopped: 0.0025610 seconds, Stopping threads took: 0.0019030 seconds
268.225: Application time: 0.0404870 seconds
268.226: [GC [PSYoungGen: 14524K->1376K(15360K)] 37876K->24728K(49664K), 0.0006760 secs] [Times: user=0.00 sys=0.00, real=0.00 secs] 
268.226: Total time for which application threads were stopped: 0.0007720 seconds, Stopping threads took: 0.0000400 seconds
268.276: Application time: 0.0492980 seconds
268.276: [GC [PSYoungGen: 14683K->1136K(15360K)] 38035K->24905K(49664K), 0.0005870 secs] [Times: user=0.01 sys=0.00, real=0.00 secs] 
268.276: Total time for which application threads were stopped: 0.0007250 seconds, Stopping threads took: 0.0000640 seconds
268.317: Application time: 0.0403840 seconds
268.317: [GC [PSYoungGen: 14446K->1248K(15360K)] 38215K->25017K(49664K), 0.0005700 secs] [Times: user=0.01 sys=0.00, real=0.00 secs] 
268.317: Total time for which application threads were stopped: 0.0006960 seconds, Stopping threads took: 0.0000590 seconds
268.373: Application time: 0.0553030 seconds
268.373: [GC [PSYoungGen: 14559K->1248K(15360K)] 38328K->25017K(49664K), 0.0005610 secs] [Times: user=0.00 sys=0.00, real=0.00 secs] 
268.373: Total time for which application threads were stopped: 0.0006940 seconds, Stopping threads took: 0.0000780 seconds
268.422: Application time: 0.0489490 seconds
268.422: [GC [PSYoungGen: 14555K->1504K(15360K)] 38325K->25273K(49664K), 0.0005990 secs] [Times: user=0.01 sys=0.00, real=0.00 secs] 
268.423: Total time for which application threads were stopped: 0.0007220 seconds, Stopping threads took: 0.0000630 seconds
268.469: Application time: 0.0464310 seconds
268.470: [GC [PSYoungGen: 14813K->1472K(15360K)] 38582K->25241K(49664K), 0.0006200 secs] [Times: user=0.00 sys=0.00, real=0.00 secs] 
268.470: Total time for which application threads were stopped: 0.0007360 seconds, Stopping threads took: 0.0000600 seconds
268.527: Application time: 0.0571390 seconds
268.527: [GC [PSYoungGen: 14780K->1440K(15360K)] 38550K->25209K(49664K), 0.0006520 secs] [Times: user=0.00 sys=0.00, real=0.00 secs] 
268.528: Total time for which application threads were stopped: 0.0007630 seconds, Stopping threads took: 0.0000560 seconds
268.586: Application time: 0.0577430 seconds
268.586: [GC [PSYoungGen: 14749K->1472K(15360K)] 38518K->25241K(49664K), 0.0005920 secs] [Times: user=0.01 sys=0.00, real=0.00 secs] 
268.587: Total time for which application threads were stopped: 0.0007000 seconds, Stopping threads took: 0.0000490 seconds
268.643: Application time: 0.0563720 seconds
268.643: [GC [PSYoungGen: 14780K->1488K(15360K)] 38550K->25257K(49664K), 0.0006010 secs] [Times: user=0.00 sys=0.00, real=0.00 secs] 
268.644: Total time for which application threads were stopped: 0.0007420 seconds, Stopping threads took: 0.0000860 seconds
268.702: Application time: 0.0581170 seconds
268.702: [GC [PSYoungGen: 14797K->1504K(15360K)] 38566K->25273K(49664K), 0.0005900 secs] [Times: user=0.01 sys=0.00, real=0.00 secs] 
268.702: Total time for which application threads were stopped: 0.0007160 seconds, Stopping threads took: 0.0000670 seconds
268.749: Application time: 0.0465940 seconds
268.749: [GC [PSYoungGen: 14815K->1664K(15360K)] 38584K->25481K(49664K), 0.0005790 secs] [Times: user=0.00 sys=0.00, real=0.00 secs] 
268.750: Total time for which application threads were stopped: 0.0006860 seconds, Stopping threads took: 0.0000550 seconds
268.786: Application time: 0.0363940 seconds
268.786: [GC [PSYoungGen: 14972K->1872K(15360K)] 38790K->25689K(49664K), 0.0007060 secs] [Times: user=0.01 sys=0.00, real=0.00 secs] 
268.787: Total time for which application threads were stopped: 0.0008470 seconds, Stopping threads took: 0.0000740 seconds
268.836: Application time: 0.0491480 seconds
268.836: [GC [PSYoungGen: 15183K->1920K(15360K)] 39000K->25737K(49664K), 0.0006820 secs] [Times: user=0.00 sys=0.00, real=0.00 secs] 
268.837: Total time for which application threads were stopped: 0.0007930 seconds, Stopping threads took: 0.0000490 seconds
268.893: Application time: 0.0563540 seconds
268.893: [GC [PSYoungGen: 15230K->1872K(15360K)] 39047K->25689K(49664K), 0.0006770 secs] [Times: user=0.01 sys=0.00, real=0.00 secs] 
268.894: Total time for which application threads were stopped: 0.0007970 seconds, Stopping threads took: 0.0000620 seconds
268.952: Application time: 0.0581920 seconds
268.952: [GC [PSYoungGen: 15181K->1872K(15360K)] 38998K->25689K(49664K), 0.0007100 secs] [Times: user=0.01 sys=0.00, real=0.00 secs] 
268.953: Total time for which application threads were stopped: 0.0008160 seconds, Stopping threads took: 0.0000470 seconds
269.011: Application time: 0.0580720 seconds
269.011: [GC [PSYoungGen: 15181K->1664K(15360K)] 38998K->25733K(49664K), 0.0006930 secs] [Times: user=0.00 sys=0.00, real=0.00 secs] 
269.012: Total time for which application threads were stopped: 0.0008070 seconds, Stopping threads took: 0.0000580 seconds
269.070: Application time: 0.0581010 seconds
269.070: [GC [PSYoungGen: 14973K->1680K(15360K)] 39043K->25749K(49664K), 0.0006700 secs] [Times: user=0.00 sys=0.00, real=0.00 secs] 
269.071: Total time for which application threads were stopped: 0.0007890 seconds, Stopping threads took: 0.0000600 seconds
269.129: Application time: 0.0584710 seconds
269.129: [GC [PSYoungGen: 14991K->1600K(15360K)] 39061K->25750K(49664K), 0.0006580 secs] [Times: user=0.00 sys=0.00, real=0.00 secs] 
269.130: Total time for which application threads were stopped: 0.0007830 seconds, Stopping threads took: 0.0000720 seconds
269.186: Application time: 0.0558820 seconds
269.186: [GC [PSYoungGen: 14910K->1376K(15360K)] 39060K->25762K(49664K), 0.0006190 secs] [Times: user=0.00 sys=0.00, real=0.00 secs] 
269.187: Total time for which application threads were stopped: 0.0007310 seconds, Stopping threads took: 0.0000540 seconds
269.245: Application time: 0.0581520 seconds
269.245: [GC [PSYoungGen: 14687K->1152K(15360K)] 39073K->25775K(49664K), 0.0005760 secs] [Times: user=0.01 sys=0.00, real=0.00 secs] 
269.246: Total time for which application threads were stopped: 0.0007040 seconds, Stopping threads took: 0.0000720 seconds
269.305: Application time: 0.0593370 seconds
269.305: [GC [PSYoungGen: 14461K->1152K(15360K)] 39084K->25775K(49664K), 0.0005600 secs] [Times: user=0.00 sys=0.00, real=0.00 secs] 
269.306: Total time for which application threads were stopped: 0.0006840 seconds, Stopping threads took: 0.0000610 seconds
269.365: Application time: 0.0593950 seconds
269.365: [GC [PSYoungGen: 14461K->1088K(15360K)] 39084K->25711K(49664K), 0.0005390 secs] [Times: user=0.00 sys=0.00, real=0.00 secs] 
269.366: Total time for which application threads were stopped: 0.0006640 seconds, Stopping threads took: 0.0000650 seconds
269.425: Application time: 0.0589090 seconds
269.425: [GC [PSYoungGen: 14397K->1056K(15360K)] 39020K->25679K(49664K), 0.0005460 secs] [Times: user=0.00 sys=0.00, real=0.00 secs] 
269.425: Total time for which application threads were stopped: 0.0006650 seconds, Stopping threads took: 0.0000630 seconds
269.479: Application time: 0.0537410 seconds
269.479: [GC [PSYoungGen: 14332K->1120K(15360K)] 38955K->25955K(49664K), 0.0006030 secs] [Times: user=0.01 sys=0.00, real=0.00 secs] 
269.480: Total time for which application threads were stopped: 0.0007160 seconds, Stopping threads took: 0.0000570 seconds
269.524: Application time: 0.0441740 seconds
269.524: [GC [PSYoungGen: 14428K->1248K(15360K)] 39264K->26083K(49664K), 0.0005410 secs] [Times: user=0.00 sys=0.00, real=0.00 secs] 
269.525: Total time for which application threads were stopped: 0.0006640 seconds, Stopping threads took: 0.0000670 seconds
269.582: Application time: 0.0573380 seconds
269.582: [GC [PSYoungGen: 14559K->960K(15360K)] 39395K->26008K(49664K), 0.0005480 secs] [Times: user=0.00 sys=0.00, real=0.00 secs] 
269.583: Total time for which application threads were stopped: 0.0006490 seconds, Stopping threads took: 0.0000460 seconds
269.632: Application time: 0.0496910 seconds
269.632: [GC [PSYoungGen: 14270K->1120K(15360K)] 39318K->26252K(49664K), 0.0005670 secs] [Times: user=0.00 sys=0.00, real=0.00 secs] 
269.633: Total time for which application threads were stopped: 0.0006770 seconds, Stopping threads took: 0.0000530 seconds
269.668: Application time: 0.0354940 seconds
269.669: [GC [PSYoungGen: 14430K->1376K(15360K)] 39562K->26508K(49664K), 0.0006100 secs] [Times: user=0.00 sys=0.00, real=0.00 secs] 
269.669: Total time for which application threads were stopped: 0.0007140 seconds, Stopping threads took: 0.0000460 seconds
269.719: Application time: 0.0502360 seconds
269.720: [GC [PSYoungGen: 14687K->1120K(15360K)] 39820K->26464K(49664K), 0.0005870 secs] [Times: user=0.01 sys=0.00, real=0.00 secs] 
269.720: Total time for which application threads were stopped: 0.0007140 seconds, Stopping threads took: 0.0000710 seconds
269.776: Application time: 0.0561280 seconds
269.776: [GC [PSYoungGen: 14428K->1120K(15360K)] 39773K->26464K(49664K), 0.0005880 secs] [Times: user=0.00 sys=0.00, real=0.00 secs] 
269.777: Total time for which application threads were stopped: 0.0007070 seconds, Stopping threads took: 0.0000570 seconds
269.836: Application time: 0.0588610 seconds
269.836: [GC [PSYoungGen: 14429K->1120K(15360K)] 39774K->26464K(49664K), 0.0005300 secs] [Times: user=0.00 sys=0.01, real=0.00 secs] 
269.836: Total time for which application threads were stopped: 0.0006480 seconds, Stopping threads took: 0.0000550 seconds
269.895: Application time: 0.0581230 seconds
269.895: [GC [PSYoungGen: 14431K->1152K(15360K)] 39776K->26496K(49664K), 0.0005270 secs] [Times: user=0.00 sys=0.00, real=0.00 secs] 
269.895: Total time for which application threads were stopped: 0.0006330 seconds, Stopping threads took: 0.0000530 seconds
269.942: Application time: 0.0468640 seconds
269.942: [GC [PSYoungGen: 14461K->1360K(15360K)] 39806K->26704K(49664K), 0.0005750 secs] [Times: user=0.00 sys=0.00, real=0.00 secs] 
269.943: Total time for which application threads were stopped: 0.0006910 seconds, Stopping threads took: 0.0000590 seconds
269.990: Application time: 0.0470670 seconds
269.990: [GC [PSYoungGen: 14667K->1376K(15360K)] 40012K->26925K(49664K), 0.0005800 secs] [Times: user=0.01 sys=0.00, real=0.00 secs] 
269.991: Total time for which application threads were stopped: 0.0006980 seconds, Stopping threads took: 0.0000610 seconds
270.031: Application time: 0.0401250 seconds
270.031: [GC [PSYoungGen: 14683K->1248K(15360K)] 40233K->27017K(49664K), 0.0005930 secs] [Times: user=0.00 sys=0.00, real=0.00 secs] 
270.031: Total time for which application threads were stopped: 0.0007030 seconds, Stopping threads took: 0.0000550 seconds
270.083: Application time: 0.0513990 seconds
270.083: [GC [PSYoungGen: 14559K->1280K(15360K)] 40329K->27049K(49664K), 0.0005690 secs] [Times: user=0.00 sys=0.00, real=0.00 secs] 
270.083: Total time for which application threads were stopped: 0.0006790 seconds, Stopping threads took: 0.0000530 seconds
270.133: Application time: 0.0494850 seconds
270.133: [GC [PSYoungGen: 14589K->1472K(15360K)] 40359K->27242K(49664K), 0.0006770 secs] [Times: user=0.00 sys=0.00, real=0.00 secs] 
270.134: Total time for which application threads were stopped: 0.0007940 seconds, Stopping threads took: 0.0000600 seconds
270.180: Application time: 0.0462560 seconds
270.180: [GC [PSYoungGen: 14781K->1472K(15360K)] 40551K->27241K(49664K), 0.0006220 secs] [Times: user=0.00 sys=0.00, real=0.01 secs] 
270.181: Total time for which application threads were stopped: 0.0007290 seconds, Stopping threads took: 0.0000500 seconds
270.239: Application time: 0.0579440 seconds
270.239: [GC [PSYoungGen: 14780K->1408K(15360K)] 40550K->27178K(49664K), 0.0005940 secs] [Times: user=0.01 sys=0.00, real=0.00 secs] 
270.239: Total time for which application threads were stopped: 0.0007020 seconds, Stopping threads took: 0.0000520 seconds
270.299: Application time: 0.0595530 seconds
270.299: [GC [PSYoungGen: 14717K->1504K(15360K)] 40487K->27273K(49664K), 0.0006830 secs] [Times: user=0.01 sys=0.00, real=0.00 secs] 
270.300: Total time for which application threads were stopped: 0.0007930 seconds, Stopping threads took: 0.0000530 seconds
270.357: Application time: 0.0568700 seconds
270.357: [GC [PSYoungGen: 14815K->1504K(15360K)] 40585K->27273K(49664K), 0.0006000 secs] [Times: user=0.00 sys=0.00, real=0.00 secs] 
270.357: Total time for which application threads were stopped: 0.0007150 seconds, Stopping threads took: 0.0000490 seconds
270.414: Application time: 0.0569200 seconds
270.414: [GC [PSYoungGen: 14812K->1568K(15360K)] 40582K->27337K(49664K), 0.0005920 secs] [Times: user=0.00 sys=0.00, real=0.00 secs] 
270.415: Total time for which application threads were stopped: 0.0006960 seconds, Stopping threads took: 0.0000460 seconds
270.464: Application time: 0.0485910 seconds
270.464: [GC [PSYoungGen: 14878K->1632K(15360K)] 40648K->27442K(49664K), 0.0006550 secs] [Times: user=0.00 sys=0.00, real=0.00 secs] 
270.464: Total time for which application threads were stopped: 0.0007550 seconds, Stopping threads took: 0.0000430 seconds
270.501: Application time: 0.0365450 seconds
270.501: [GC [PSYoungGen: 14942K->1968K(15360K)] 40752K->27778K(49664K), 0.0006800 secs] [Times: user=0.00 sys=0.00, real=0.00 secs] 
270.502: Total time for which application threads were stopped: 0.0007770 seconds, Stopping threads took: 0.0000390 seconds
270.549: Application time: 0.0475360 seconds
270.549: [GC [PSYoungGen: 15277K->1888K(15360K)] 41087K->27698K(49664K), 0.0007210 secs] [Times: user=0.01 sys=0.00, real=0.00 secs] 
270.550: Total time for which application threads were stopped: 0.0008400 seconds, Stopping threads took: 0.0000660 seconds
270.605: Application time: 0.0550660 seconds
270.605: [GC [PSYoungGen: 15197K->1904K(15360K)] 41007K->27714K(49664K), 0.0006920 secs] [Times: user=0.00 sys=0.00, real=0.00 secs] 
270.606: Total time for which application threads were stopped: 0.0008010 seconds, Stopping threads took: 0.0000500 seconds
270.664: Application time: 0.0580580 seconds
270.664: [GC [PSYoungGen: 15213K->1872K(15360K)] 41023K->27730K(49664K), 0.0007050 secs] [Times: user=0.00 sys=0.00, real=0.00 secs] 
270.665: Total time for which application threads were stopped: 0.0008220 seconds, Stopping threads took: 0.0000580 seconds
270.723: Application time: 0.0584230 seconds
270.723: [GC [PSYoungGen: 15181K->1616K(15360K)] 41039K->27678K(49664K), 0.0007090 secs] [Times: user=0.00 sys=0.00, real=0.00 secs] 
270.724: Total time for which application threads were stopped: 0.0008190 seconds, Stopping threads took: 0.0000530 seconds
270.782: Application time: 0.0580640 seconds
270.782: [GC [PSYoungGen: 14925K->1664K(15360K)] 40988K->27726K(49664K), 0.0006820 secs] [Times: user=0.01 sys=0.00, real=0.00 secs] 
270.783: Total time for which application threads were stopped: 0.0007790 seconds, Stopping threads took: 0.0000440 seconds
270.842: Application time: 0.0593860 seconds
270.842: [GC [PSYoungGen: 14973K->1632K(15360K)] 41036K->27734K(49664K), 0.0007190 secs] [Times: user=0.01 sys=0.00, real=0.00 secs] 
270.843: Total time for which application threads were stopped: 0.0008370 seconds, Stopping threads took: 0.0000590 seconds
270.906: Application time: 0.0624340 seconds
270.906: [GC [PSYoungGen: 14940K->1184K(15360K)] 41043K->27759K(49664K), 0.0006390 secs] [Times: user=0.00 sys=0.00, real=0.00 secs] 
270.906: Total time for which application threads were stopped: 0.0007730 seconds, Stopping threads took: 0.0000650 seconds
270.969: Application time: 0.0630710 seconds
270.969: [GC [PSYoungGen: 14492K->1360K(15360K)] 41067K->27975K(49664K), 0.0005940 secs] [Times: user=0.00 sys=0.00, real=0.00 secs] 
270.970: Total time for which application threads were stopped: 0.0007100 seconds, Stopping threads took: 0.0000590 seconds
271.036: Application time: 0.0654980 seconds
271.036: [GC [PSYoungGen: 14669K->1136K(15360K)] 41285K->27751K(49664K), 0.0005610 secs] [Times: user=0.00 sys=0.00, real=0.00 secs] 
271.036: Total time for which application threads were stopped: 0.0006870 seconds, Stopping threads took: 0.0000640 seconds
271.102: Application time: 0.0656430 seconds
271.102: [GC [PSYoungGen: 14445K->1152K(15360K)] 41061K->27767K(49664K), 0.0005840 secs] [Times: user=0.01 sys=0.00, real=0.00 secs] 
271.103: Total time for which application threads were stopped: 0.0007030 seconds, Stopping threads took: 0.0000630 seconds
271.168: Application time: 0.0654510 seconds
271.168: [GC [PSYoungGen: 14461K->1264K(15360K)] 41077K->27879K(49664K), 0.0005710 secs] [Times: user=0.00 sys=0.00, real=0.01 secs] 
271.169: Total time for which application threads were stopped: 0.0006920 seconds, Stopping threads took: 0.0000630 seconds
271.225: Application time: 0.0557890 seconds
271.225: [GC [PSYoungGen: 14572K->1360K(15360K)] 41188K->27975K(49664K), 0.0005630 secs] [Times: user=0.00 sys=0.00, real=0.00 secs] 
271.225: Total time for which application threads were stopped: 0.0006810 seconds, Stopping threads took: 0.0000570 seconds
271.278: Application time: 0.0526560 seconds
271.278: [GC [PSYoungGen: 14671K->1168K(15360K)] 41287K->27996K(49664K), 0.0006050 secs] [Times: user=0.00 sys=0.00, real=0.00 secs] 
271.279: Total time for which application threads were stopped: 0.0007220 seconds, Stopping threads took: 0.0000540 seconds
271.342: Application time: 0.0629300 seconds
271.342: [GC [PSYoungGen: 14479K->976K(15360K)] 41307K->28020K(49664K), 0.0006690 secs] [Times: user=0.01 sys=0.00, real=0.00 secs] 
271.342: Total time for which application threads were stopped: 0.0007700 seconds, Stopping threads took: 0.0000450 seconds
271.399: Application time: 0.0569420 seconds
271.399: [GC [PSYoungGen: 14285K->1088K(15360K)] 41330K->28220K(49664K), 0.0005600 secs] [Times: user=0.00 sys=0.00, real=0.00 secs] 
271.400: Total time for which application threads were stopped: 0.0006800 seconds, Stopping threads took: 0.0000620 seconds
271.437: Application time: 0.0368240 seconds
271.437: [GC [PSYoungGen: 14395K->1376K(15360K)] 41528K->28508K(49664K), 0.0006010 secs] [Times: user=0.00 sys=0.00, real=0.00 secs] 
271.438: Total time for which application threads were stopped: 0.0007420 seconds, Stopping threads took: 0.0000730 seconds
271.493: Application time: 0.0551350 seconds
271.493: [GC [PSYoungGen: 14687K->1168K(15360K)] 41820K->28520K(49664K), 0.0005670 secs] [Times: user=0.00 sys=0.00, real=0.00 secs] 
271.493: Total time for which application threads were stopped: 0.0006770 seconds, Stopping threads took: 0.0000470 seconds
271.555: Application time: 0.0615160 seconds
271.555: [GC [PSYoungGen: 14478K->1184K(15360K)] 41831K->28536K(49664K), 0.0005200 secs] [Times: user=0.00 sys=0.00, real=0.00 secs] 
271.555: Total time for which application threads were stopped: 0.0006350 seconds, Stopping threads took: 0.0000560 seconds
271.620: Application time: 0.0641120 seconds
271.620: [GC [PSYoungGen: 14493K->1040K(15360K)] 41846K->28392K(49664K), 0.0006780 secs] [Times: user=0.01 sys=0.00, real=0.01 secs] 
271.620: Total time for which application threads were stopped: 0.0008210 seconds, Stopping threads took: 0.0000820 seconds
271.682: Application time: 0.0620400 seconds
271.684: [GC [PSYoungGen: 14351K->1216K(15360K)] 41704K->28568K(49664K), 0.0005520 secs] [Times: user=0.00 sys=0.00, real=0.00 secs] 
271.685: Total time for which application threads were stopped: 0.0024370 seconds, Stopping threads took: 0.0018280 seconds
271.740: Application time: 0.0554180 seconds
271.740: [GC [PSYoungGen: 14528K->1344K(15360K)] 41880K->28696K(49664K), 0.0005770 secs] [Times: user=0.00 sys=0.00, real=0.00 secs] 
271.741: Total time for which application threads were stopped: 0.0007110 seconds, Stopping threads took: 0.0000750 seconds
271.790: Application time: 0.0485560 seconds
271.790: [GC [PSYoungGen: 14653K->1408K(15360K)] 42005K->28965K(49664K), 0.0006080 secs] [Times: user=0.00 sys=0.00, real=0.00 secs] 
271.790: Total time for which application threads were stopped: 0.0007230 seconds, Stopping threads took: 0.0000580 seconds
271.836: Application time: 0.0453040 seconds
271.836: [GC [PSYoungGen: 14719K->1216K(15360K)] 42277K->28989K(49664K), 0.0005790 secs] [Times: user=0.01 sys=0.00, real=0.00 secs] 
271.836: Total time for which application threads were stopped: 0.0007180 seconds, Stopping threads took: 0.0000780 seconds
271.893: Application time: 0.0569800 seconds
271.893: [GC [PSYoungGen: 14524K->1264K(15360K)] 42298K->29037K(49664K), 0.0006280 secs] [Times: user=0.01 sys=0.00, real=0.00 secs] 
271.894: Total time for which application threads were stopped: 0.0007420 seconds, Stopping threads took: 0.0000550 seconds
271.949: Application time: 0.0553530 seconds
271.950: [GC [PSYoungGen: 14572K->1520K(15360K)] 42345K->29293K(49664K), 0.0006160 secs] [Times: user=0.00 sys=0.00, real=0.00 secs] 
271.950: Total time for which application threads were stopped: 0.0007550 seconds, Stopping threads took: 0.0000710 seconds
272.001: Application time: 0.0508030 seconds
272.001: [GC [PSYoungGen: 14831K->1472K(15360K)] 42604K->29245K(49664K), 0.0006440 secs] [Times: user=0.01 sys=0.00, real=0.00 secs] 
272.002: Total time for which application threads were stopped: 0.0007530 seconds, Stopping threads took: 0.0000500 seconds
272.064: Application time: 0.0623400 seconds
272.064: [GC [PSYoungGen: 14781K->1424K(15360K)] 42554K->29197K(49664K), 0.0006460 secs] [Times: user=0.00 sys=0.01, real=0.00 secs] 
272.065: Total time for which application threads were stopped: 0.0007660 seconds, Stopping threads took: 0.0000600 seconds
272.130: Application time: 0.0647440 seconds
272.130: [GC [PSYoungGen: 14733K->1504K(15360K)] 42507K->29277K(49664K), 0.0006800 secs] [Times: user=0.00 sys=0.00, real=0.00 secs] 
272.130: Total time for which application threads were stopped: 0.0007930 seconds, Stopping threads took: 0.0000550 seconds
272.194: Application time: 0.0638150 seconds
272.194: [GC [PSYoungGen: 14813K->1504K(15360K)] 42587K->29277K(49664K), 0.0006290 secs] [Times: user=0.01 sys=0.00, real=0.00 secs] 
272.195: Total time for which application threads were stopped: 0.0007490 seconds, Stopping threads took: 0.0000590 seconds
272.256: Application time: 0.0608110 seconds
272.256: [GC [PSYoungGen: 14812K->1536K(15360K)] 42586K->29309K(49664K), 0.0006940 secs] [Times: user=0.01 sys=0.00, real=0.00 secs] 
272.257: Total time for which application threads were stopped: 0.0008150 seconds, Stopping threads took: 0.0000610 seconds
272.312: Application time: 0.0550670 seconds
272.312: [GC [PSYoungGen: 14848K->1648K(15360K)] 42621K->29469K(49664K), 0.0006530 secs] [Times: user=0.00 sys=0.00, real=0.00 secs] 
272.312: Total time for which application threads were stopped: 0.0007780 seconds, Stopping threads took: 0.0000660 seconds
272.350: Application time: 0.0374480 seconds
272.350: [GC [PSYoungGen: 14958K->1936K(15360K)] 42780K->29757K(49664K), 0.0006930 secs] [Times: user=0.01 sys=0.00, real=0.00 secs] 
272.351: Total time for which application threads were stopped: 0.0008080 seconds, Stopping threads took: 0.0000560 seconds
272.404: Application time: 0.0537730 seconds
272.405: [GC [PSYoungGen: 15245K->1904K(15360K)] 43067K->29725K(49664K), 0.0007020 secs] [Times: user=0.00 sys=0.00, real=0.00 secs] 
272.405: Total time for which application threads were stopped: 0.0008160 seconds, Stopping threads took: 0.0000520 seconds
272.466: Application time: 0.0607650 seconds
272.466: [GC [PSYoungGen: 15215K->1888K(15360K)] 43037K->29709K(49664K), 0.0007050 secs] [Times: user=0.01 sys=0.00, real=0.00 secs] 
272.467: Total time for which application threads were stopped: 0.0008490 seconds, Stopping threads took: 0.0000770 seconds
272.531: Application time: 0.0638330 seconds
272.531: [GC [PSYoungGen: 15197K->1792K(15360K)] 43019K->29653K(49664K), 0.0006820 secs] [Times: user=0.00 sys=0.00, real=0.00 secs] 
272.532: Total time for which application threads were stopped: 0.0008110 seconds, Stopping threads took: 0.0000670 seconds
272.595: Application time: 0.0639170 seconds
272.596: [GC [PSYoungGen: 15101K->1648K(15360K)] 42963K->29722K(49664K), 0.0007630 secs] [Times: user=0.01 sys=0.00, real=0.00 secs] 
272.597: Total time for which application threads were stopped: 0.0017500 seconds, Stopping threads took: 0.0000610 seconds
272.661: Application time: 0.0640990 seconds
272.661: [GC [PSYoungGen: 14957K->1648K(15360K)] 43031K->29722K(49664K), 0.0007070 secs] [Times: user=0.00 sys=0.00, real=0.00 secs] 
272.662: Total time for which application threads were stopped: 0.0008470 seconds, Stopping threads took: 0.0000830 seconds
272.726: Application time: 0.0637850 seconds
272.726: [GC [PSYoungGen: 14957K->1664K(15360K)] 43031K->29786K(49664K), 0.0006400 secs] [Times: user=0.01 sys=0.00, real=0.00 secs] 
272.727: Total time for which application threads were stopped: 0.0007610 seconds, Stopping threads took: 0.0000630 seconds
272.789: Application time: 0.0621890 seconds
272.789: [GC [PSYoungGen: 14972K->1184K(15360K)] 43094K->29771K(49664K), 0.0006480 secs] [Times: user=0.01 sys=0.00, real=0.00 secs] 
272.790: Total time for which application threads were stopped: 0.0007720 seconds, Stopping threads took: 0.0000640 seconds
272.852: Application time: 0.0621760 seconds
272.852: [GC [PSYoungGen: 14492K->1152K(15360K)] 43079K->29795K(49664K), 0.0005850 secs] [Times: user=0.01 sys=0.00, real=0.00 secs] 
272.853: Total time for which application threads were stopped: 0.0007110 seconds, Stopping threads took: 0.0000580 seconds
272.918: Application time: 0.0652260 seconds
272.918: [GC [PSYoungGen: 14461K->1152K(15360K)] 43104K->29795K(49664K), 0.0005450 secs] [Times: user=0.00 sys=0.00, real=0.00 secs] 
272.918: Total time for which application threads were stopped: 0.0006670 seconds, Stopping threads took: 0.0000650 seconds
272.984: Application time: 0.0657430 seconds
272.984: [GC [PSYoungGen: 14461K->1152K(15360K)] 43104K->29795K(49664K), 0.0005980 secs] [Times: user=0.00 sys=0.00, real=0.00 secs] 
272.985: Total time for which application threads were stopped: 0.0007190 seconds, Stopping threads took: 0.0000520 seconds
273.050: Application time: 0.0653780 seconds
273.050: [GC [PSYoungGen: 14461K->1152K(15360K)] 43104K->29795K(49664K), 0.0005630 secs] [Times: user=0.01 sys=0.00, real=0.00 secs] 
273.051: Total time for which application threads were stopped: 0.0006820 seconds, Stopping threads took: 0.0000620 seconds
273.107: Application time: 0.0564530 seconds
273.108: [GC [PSYoungGen: 14459K->1344K(15360K)] 43103K->29987K(49664K), 0.0006340 secs] [Times: user=0.00 sys=0.00, real=0.00 secs] 
273.108: Total time for which application threads were stopped: 0.0007510 seconds, Stopping threads took: 0.0000550 seconds
273.160: Application time: 0.0518940 seconds
273.160: [GC [PSYoungGen: 14653K->1152K(15360K)] 43296K->30011K(49664K), 0.0005820 secs] [Times: user=0.00 sys=0.00, real=0.01 secs] 
273.161: Total time for which application threads were stopped: 0.0007040 seconds, Stopping threads took: 0.0000630 seconds
273.224: Application time: 0.0628930 seconds
273.224: [GC [PSYoungGen: 14463K->1024K(15360K)] 43322K->30103K(49664K), 0.0005540 secs] [Times: user=0.00 sys=0.00, real=0.00 secs] 
273.224: Total time for which application threads were stopped: 0.0006740 seconds, Stopping threads took: 0.0000590 seconds
273.282: Application time: 0.0578690 seconds
273.282: [GC [PSYoungGen: 14335K->1088K(15360K)] 43415K->30248K(49664K), 0.0006000 secs] [Times: user=0.00 sys=0.00, real=0.00 secs] 
273.283: Total time for which application threads were stopped: 0.0006990 seconds, Stopping threads took: 0.0000480 seconds
273.318: Application time: 0.0352540 seconds
273.318: [GC [PSYoungGen: 14399K->1344K(15360K)] 43559K->30504K(49664K), 0.0006300 secs] [Times: user=0.00 sys=0.00, real=0.00 secs] 
273.319: Total time for which application threads were stopped: 0.0007440 seconds, Stopping threads took: 0.0000560 seconds
273.375: Application time: 0.0565280 seconds
273.376: [GC [PSYoungGen: 14655K->1120K(15360K)] 43815K->30500K(49664K), 0.0005770 secs] [Times: user=0.00 sys=0.00, real=0.00 secs] 
273.376: Total time for which application threads were stopped: 0.0006790 seconds, Stopping threads took: 0.0000410 seconds
273.438: Application time: 0.0615940 seconds
273.438: [GC [PSYoungGen: 14430K->1120K(15360K)] 43810K->30500K(49664K), 0.0005360 secs] [Times: user=0.00 sys=0.00, real=0.00 secs] 
273.438: Total time for which application threads were stopped: 0.0006450 seconds, Stopping threads took: 0.0000520 seconds
273.503: Application time: 0.0643090 seconds
273.503: [GC [PSYoungGen: 14429K->1088K(15360K)] 43810K->30468K(49664K), 0.0005880 secs] [Times: user=0.01 sys=0.00, real=0.00 secs] 
273.503: Total time for which application threads were stopped: 0.0007230 seconds, Stopping threads took: 0.0000660 seconds
273.566: Application time: 0.0625710 seconds
273.566: [GC [PSYoungGen: 14399K->1152K(15360K)] 43780K->30532K(49664K), 0.0006120 secs] [Times: user=0.00 sys=0.00, real=0.00 secs] 
273.567: Total time for which application threads were stopped: 0.0007340 seconds, Stopping threads took: 0.0000630 seconds
273.625: Application time: 0.0578020 seconds
273.625: [GC [PSYoungGen: 14462K->1360K(15360K)] 43843K->30740K(49664K), 0.0005940 secs] [Times: user=0.01 sys=0.00, real=0.00 secs] 
273.625: Total time for which application threads were stopped: 0.0006960 seconds, Stopping threads took: 0.0000410 seconds
273.672: Application time: 0.0463600 seconds
273.672: [GC [PSYoungGen: 14671K->1408K(15360K)] 44052K->31001K(49664K), 0.0006560 secs] [Times: user=0.01 sys=0.00, real=0.00 secs] 
273.672: Total time for which application threads were stopped: 0.0007890 seconds, Stopping threads took: 0.0000750 seconds
273.718: Application time: 0.0451440 seconds
273.718: [GC [PSYoungGen: 14715K->1184K(15360K)] 44308K->30981K(49664K), 0.0005810 secs] [Times: user=0.00 sys=0.00, real=0.00 secs] 
273.718: Total time for which application threads were stopped: 0.0007100 seconds, Stopping threads took: 0.0000720 seconds
273.773: Application time: 0.0551520 seconds
273.774: [GC [PSYoungGen: 14493K->1200K(15360K)] 44291K->30997K(49664K), 0.0005950 secs] [Times: user=0.00 sys=0.00, real=0.00 secs] 
273.774: Total time for which application threads were stopped: 0.0007060 seconds, Stopping threads took: 0.0000530 seconds
273.835: Application time: 0.0604630 seconds
273.835: [GC [PSYoungGen: 14510K->1440K(15360K)] 44308K->31237K(49664K), 0.0006140 secs] [Times: user=0.00 sys=0.00, real=0.00 secs] 
273.835: Total time for which application threads were stopped: 0.0007220 seconds, Stopping threads took: 0.0000500 seconds
273.880: Application time: 0.0451400 seconds
273.881: [GC [PSYoungGen: 14750K->1616K(15360K)] 44548K->31413K(49664K), 0.0006450 secs] [Times: user=0.01 sys=0.00, real=0.00 secs] 
273.881: Total time for which application threads were stopped: 0.0008000 seconds, Stopping threads took: 0.0000950 seconds
273.945: Application time: 0.0633640 seconds
273.945: [GC [PSYoungGen: 14925K->1456K(15360K)] 44723K->31253K(49664K), 0.0006190 secs] [Times: user=0.00 sys=0.00, real=0.00 secs] 
273.945: Total time for which application threads were stopped: 0.0007390 seconds, Stopping threads took: 0.0000610 seconds
274.008: Application time: 0.0629900 seconds
274.008: [GC [PSYoungGen: 14767K->1552K(15360K)] 44565K->31349K(49664K), 0.0006350 secs] [Times: user=0.00 sys=0.00, real=0.00 secs] 
274.009: Total time for which application threads were stopped: 0.0007770 seconds, Stopping threads took: 0.0000720 seconds
274.073: Application time: 0.0637970 seconds
274.073: [GC [PSYoungGen: 14861K->1488K(15360K)] 44659K->31285K(49664K), 0.0006520 secs] [Times: user=0.00 sys=0.00, real=0.00 secs] 
274.074: Total time for which application threads were stopped: 0.0007750 seconds, Stopping threads took: 0.0000640 seconds
274.136: Application time: 0.0620560 seconds
274.136: [GC [PSYoungGen: 14796K->1616K(15360K)] 44594K->31413K(49664K), 0.0006500 secs] [Times: user=0.01 sys=0.00, real=0.00 secs] 
274.137: Total time for which application threads were stopped: 0.0007650 seconds, Stopping threads took: 0.0000550 seconds
274.199: Application time: 0.0619950 seconds
274.199: [GC [PSYoungGen: 14927K->1440K(15360K)] 44725K->31293K(49664K), 0.0007050 secs] [Times: user=0.01 sys=0.00, real=0.00 secs] 
274.199: Total time for which application threads were stopped: 0.0008270 seconds, Stopping threads took: 0.0000600 seconds
274.239: Application time: 0.0391580 seconds
274.239: [GC [PSYoungGen: 14751K->1888K(15360K)] 44605K->31741K(49664K), 0.0006890 secs] [Times: user=0.00 sys=0.00, real=0.00 secs] 
274.239: Total time for which application threads were stopped: 0.0008050 seconds, Stopping threads took: 0.0000570 seconds
274.284: Application time: 0.0448950 seconds
274.284: [GC [PSYoungGen: 15200K->1904K(15360K)] 45053K->31757K(49664K), 0.0007120 secs] [Times: user=0.00 sys=0.00, real=0.00 secs] 
274.285: Total time for which application threads were stopped: 0.0008370 seconds, Stopping threads took: 0.0000660 seconds
274.344: Application time: 0.0590370 seconds
274.344: [GC [PSYoungGen: 15214K->1904K(15360K)] 45067K->31757K(49664K), 0.0007390 secs] [Times: user=0.01 sys=0.00, real=0.00 secs] 
274.345: Total time for which application threads were stopped: 0.0008470 seconds, Stopping threads took: 0.0000500 seconds
274.409: Application time: 0.0639620 seconds
274.409: [GC [PSYoungGen: 15213K->1792K(15360K)] 45067K->31701K(49664K), 0.0007150 secs] [Times: user=0.00 sys=0.00, real=0.00 secs] 
274.410: Total time for which application threads were stopped: 0.0008480 seconds, Stopping threads took: 0.0000660 seconds
274.474: Application time: 0.0638720 seconds
274.474: [GC [PSYoungGen: 15101K->1584K(15360K)] 45011K->31701K(49664K), 0.0007110 secs] [Times: user=0.01 sys=0.00, real=0.00 secs] 
274.474: Total time for which application threads were stopped: 0.0008320 seconds, Stopping threads took: 0.0000600 seconds
274.538: Application time: 0.0639380 seconds
274.538: [GC [PSYoungGen: 14893K->1696K(15360K)] 45011K->31813K(49664K), 0.0006750 secs] [Times: user=0.00 sys=0.00, real=0.00 secs] 
274.539: Total time for which application threads were stopped: 0.0007890 seconds, Stopping threads took: 0.0000450 seconds
274.603: Application time: 0.0637800 seconds
274.603: [GC [PSYoungGen: 15005K->1696K(15360K)] 45123K->31813K(49664K), 0.0006910 secs] [Times: user=0.00 sys=0.00, real=0.00 secs] 
274.604: Total time for which application threads were stopped: 0.0008040 seconds, Stopping threads took: 0.0000520 seconds
274.667: Application time: 0.0628950 seconds
274.667: [GC [PSYoungGen: 15007K->1264K(15360K)] 45125K->31889K(49664K), 0.0006860 secs] [Times: user=0.00 sys=0.00, real=0.00 secs] 
274.667: Total time for which application threads were stopped: 0.0007920 seconds, Stopping threads took: 0.0000480 seconds
274.729: Application time: 0.0616170 seconds
274.729: [GC [PSYoungGen: 14572K->1344K(15360K)] 45198K->31969K(49664K), 0.0007000 secs] [Times: user=0.01 sys=0.00, real=0.00 secs] 
274.730: Total time for which application threads were stopped: 0.0008210 seconds, Stopping threads took: 0.0000630 seconds
274.796: Application time: 0.0665240 seconds
274.797: [GC [PSYoungGen: 14653K->1136K(15360K)] 45279K->31809K(49664K), 0.0005100 secs] [Times: user=0.01 sys=0.00, real=0.00 secs] 
274.797: Total time for which application threads were stopped: 0.0006340 seconds, Stopping threads took: 0.0000700 seconds
274.859: Application time: 0.0622920 seconds
274.859: [GC [PSYoungGen: 14445K->1136K(15360K)] 45119K->31809K(49664K), 0.0005330 secs] [Times: user=0.00 sys=0.00, real=0.00 secs] 
274.860: Total time for which application threads were stopped: 0.0006450 seconds, Stopping threads took: 0.0000570 seconds
274.919: Application time: 0.0590030 seconds
274.919: [GC [PSYoungGen: 14445K->1104K(15360K)] 45119K->31777K(49664K), 0.0005490 secs] [Times: user=0.01 sys=0.00, real=0.00 secs] 
274.920: Total time for which application threads were stopped: 0.0006660 seconds, Stopping threads took: 0.0000610 seconds
274.976: Application time: 0.0562970 seconds
274.976: [GC [PSYoungGen: 14414K->1312K(15360K)] 45088K->31985K(49664K), 0.0005600 secs] [Times: user=0.00 sys=0.00, real=0.00 secs] 
274.977: Total time for which application threads were stopped: 0.0006740 seconds, Stopping threads took: 0.0000570 seconds
275.019: Application time: 0.0422870 seconds
275.019: [GC [PSYoungGen: 14623K->1184K(15360K)] 45297K->32081K(49664K), 0.0005960 secs] [Times: user=0.00 sys=0.00, real=0.00 secs] 
275.020: Total time for which application threads were stopped: 0.0007070 seconds, Stopping threads took: 0.0000580 seconds
275.078: Application time: 0.0578940 seconds
275.078: [GC [PSYoungGen: 14495K->896K(15360K)] 45393K->31998K(49664K), 0.0005440 secs] [Times: user=0.01 sys=0.00, real=0.00 secs] 
275.078: Total time for which application threads were stopped: 0.0006560 seconds, Stopping threads took: 0.0000450 seconds
275.128: Application time: 0.0502200 seconds
275.129: [GC [PSYoungGen: 14208K->1152K(15360K)] 45310K->32302K(49664K), 0.0005350 secs] [Times: user=0.00 sys=0.00, real=0.00 secs] 
275.129: Total time for which application threads were stopped: 0.0006430 seconds, Stopping threads took: 0.0000530 seconds
275.164: Application time: 0.0345260 seconds
275.164: [GC [PSYoungGen: 14459K->1312K(15360K)] 45610K->32502K(49664K), 0.0006670 secs] [Times: user=0.01 sys=0.00, real=0.00 secs] 
275.164: Total time for which application threads were stopped: 0.0007640 seconds, Stopping threads took: 0.0000430 seconds
275.214: Application time: 0.0494830 seconds
275.214: [GC [PSYoungGen: 14623K->1152K(15360K)] 45814K->32563K(49664K), 0.0005810 secs] [Times: user=0.00 sys=0.00, real=0.00 secs] 
275.215: Total time for which application threads were stopped: 0.0007040 seconds, Stopping threads took: 0.0000660 seconds
275.270: Application time: 0.0558170 seconds
275.270: [GC [PSYoungGen: 14460K->1120K(15360K)] 45871K->32531K(49664K), 0.0005370 secs] [Times: user=0.01 sys=0.00, real=0.00 secs] 
275.271: Total time for which application threads were stopped: 0.0006550 seconds, Stopping threads took: 0.0000620 seconds
275.330: Application time: 0.0589930 seconds
275.330: [GC [PSYoungGen: 14429K->1152K(15360K)] 45840K->32563K(49664K), 0.0005220 secs] [Times: user=0.00 sys=0.00, real=0.00 secs] 
275.331: Total time for which application threads were stopped: 0.0006590 seconds, Stopping threads took: 0.0000820 seconds
275.389: Application time: 0.0585090 seconds
275.389: [GC [PSYoungGen: 14461K->1120K(15360K)] 45872K->32531K(49664K), 0.0005400 secs] [Times: user=0.00 sys=0.00, real=0.00 secs] 
275.390: Total time for which application threads were stopped: 0.0006510 seconds, Stopping threads took: 0.0000560 seconds
275.441: Application time: 0.0508240 seconds
275.441: [GC [PSYoungGen: 14385K->1264K(15360K)] 45796K->32675K(49664K), 0.0006140 secs] [Times: user=0.00 sys=0.00, real=0.00 secs] 
275.441: Total time for which application threads were stopped: 0.0007700 seconds, Stopping threads took: 0.0000980 seconds
275.484: Application time: 0.0430460 seconds
275.485: [GC [PSYoungGen: 14574K->1568K(15360K)] 45985K->32979K(49664K), 0.0006440 secs] [Times: user=0.00 sys=0.00, real=0.00 secs] 
275.485: Total time for which application threads were stopped: 0.0007670 seconds, Stopping threads took: 0.0000630 seconds
275.527: Application time: 0.0412430 seconds
275.527: [GC [PSYoungGen: 14877K->1184K(15360K)] 46288K->32996K(49664K), 0.0006050 secs] [Times: user=0.00 sys=0.00, real=0.00 secs] 
275.527: Total time for which application threads were stopped: 0.0007140 seconds, Stopping threads took: 0.0000530 seconds
275.578: Application time: 0.0508720 seconds
275.578: [GC [PSYoungGen: 14495K->1328K(15360K)] 46307K->33140K(49664K), 0.0005660 secs] [Times: user=0.00 sys=0.00, real=0.00 secs] 
275.579: Total time for which application threads were stopped: 0.0006910 seconds, Stopping threads took: 0.0000700 seconds
275.634: Application time: 0.0549110 seconds
275.634: [GC [PSYoungGen: 14638K->1440K(15360K)] 46450K->33252K(49664K), 0.0006060 secs] [Times: user=0.00 sys=0.00, real=0.00 secs] 
275.634: Total time for which application threads were stopped: 0.0007250 seconds, Stopping threads took: 0.0000530 seconds
275.676: Application time: 0.0412120 seconds
275.676: [GC [PSYoungGen: 14747K->1536K(15360K)] 46560K->33348K(49664K), 0.0006250 secs] [Times: user=0.00 sys=0.00, real=0.00 secs] 
275.676: Total time for which application threads were stopped: 0.0007230 seconds, Stopping threads took: 0.0000440 seconds
275.732: Application time: 0.0559170 seconds
275.732: [GC [PSYoungGen: 14845K->1504K(15360K)] 46657K->33316K(49664K), 0.0006580 secs] [Times: user=0.00 sys=0.00, real=0.00 secs] 
275.733: Total time for which application threads were stopped: 0.0007770 seconds, Stopping threads took: 0.0000610 seconds
275.790: Application time: 0.0572710 seconds
275.790: [GC [PSYoungGen: 14812K->1536K(15360K)] 46624K->33348K(49664K), 0.0006310 secs] [Times: user=0.00 sys=0.00, real=0.00 secs] 
275.791: Total time for which application threads were stopped: 0.0007460 seconds, Stopping threads took: 0.0000580 seconds
275.850: Application time: 0.0590030 seconds
275.850: [GC [PSYoungGen: 14845K->1408K(15360K)] 46657K->33220K(49664K), 0.0006010 secs] [Times: user=0.01 sys=0.00, real=0.00 secs] 
275.851: Total time for which application threads were stopped: 0.0007190 seconds, Stopping threads took: 0.0000620 seconds
275.908: Application time: 0.0570050 seconds
275.908: [GC [PSYoungGen: 14716K->1536K(15360K)] 46529K->33348K(49664K), 0.0006470 secs] [Times: user=0.00 sys=0.00, real=0.01 secs] 
275.909: Total time for which application threads were stopped: 0.0007700 seconds, Stopping threads took: 0.0000600 seconds
275.966: Application time: 0.0572450 seconds
275.966: [GC [PSYoungGen: 14844K->1440K(15360K)] 46657K->33292K(49664K), 0.0006090 secs] [Times: user=0.00 sys=0.00, real=0.00 secs] 
275.967: Total time for which application threads were stopped: 0.0007210 seconds, Stopping threads took: 0.0000550 seconds
276.000: Application time: 0.0337080 seconds
276.000: [GC [PSYoungGen: 14748K->1872K(15360K)] 46601K->33724K(49664K), 0.0007100 secs] [Times: user=0.01 sys=0.00, real=0.00 secs] 
276.001: Total time for which application threads were stopped: 0.0008330 seconds, Stopping threads took: 0.0000660 seconds
276.044: Application time: 0.0425030 seconds
276.044: [GC [PSYoungGen: 15181K->1904K(15360K)] 47033K->33756K(49664K), 0.0006790 secs] [Times: user=0.00 sys=0.00, real=0.00 secs] 
276.044: Total time for which application threads were stopped: 0.0007940 seconds, Stopping threads took: 0.0000560 seconds
276.099: Application time: 0.0541050 seconds
276.099: [GC [PSYoungGen: 15214K->1856K(15360K)] 47066K->33708K(49664K), 0.0006600 secs] [Times: user=0.00 sys=0.00, real=0.00 secs] 
276.099: Total time for which application threads were stopped: 0.0007720 seconds, Stopping threads took: 0.0000550 seconds
276.157: Application time: 0.0579810 seconds
276.157: [GC [PSYoungGen: 15165K->1856K(15360K)] 47017K->33708K(49664K), 0.0007410 secs] [Times: user=0.01 sys=0.00, real=0.00 secs] 
276.158: Total time for which application threads were stopped: 0.0008750 seconds, Stopping threads took: 0.0000650 seconds
276.217: Application time: 0.0584460 seconds
276.217: [GC [PSYoungGen: 15165K->1648K(15360K)] 47017K->33760K(49664K), 0.0007520 secs] [Times: user=0.00 sys=0.00, real=0.00 secs] 
276.217: Total time for which application threads were stopped: 0.0008760 seconds, Stopping threads took: 0.0000640 seconds
276.276: Application time: 0.0585010 seconds
276.276: [GC [PSYoungGen: 14957K->1696K(15360K)] 47070K->33808K(49664K), 0.0006670 secs] [Times: user=0.00 sys=0.00, real=0.00 secs] 
276.277: Total time for which application threads were stopped: 0.0007950 seconds, Stopping threads took: 0.0000710 seconds
276.336: Application time: 0.0592510 seconds
276.336: [GC [PSYoungGen: 15005K->1632K(15360K)] 47118K->33744K(49664K), 0.0006750 secs] [Times: user=0.00 sys=0.00, real=0.00 secs] 
276.337: Total time for which application threads were stopped: 0.0007860 seconds, Stopping threads took: 0.0000550 seconds
276.394: Application time: 0.0575040 seconds
276.394: [GC [PSYoungGen: 14941K->1360K(15360K)] 47053K->33781K(49664K), 0.0006910 secs] [Times: user=0.00 sys=0.00, real=0.00 secs] 
276.395: Total time for which application threads were stopped: 0.0008140 seconds, Stopping threads took: 0.0000680 seconds
276.451: Application time: 0.0558290 seconds
276.451: [GC [PSYoungGen: 14670K->1216K(15360K)] 47092K->33842K(49664K), 0.0005970 secs] [Times: user=0.01 sys=0.00, real=0.00 secs] 
276.452: Total time for which application threads were stopped: 0.0007080 seconds, Stopping threads took: 0.0000550 seconds
276.511: Application time: 0.0592940 seconds
276.511: [GC [PSYoungGen: 14525K->1120K(15360K)] 47151K->33794K(49664K), 0.0005590 secs] [Times: user=0.00 sys=0.00, real=0.00 secs] 
276.512: Total time for which application threads were stopped: 0.0006730 seconds, Stopping threads took: 0.0000600 seconds
276.571: Application time: 0.0598260 seconds
276.572: [GC [PSYoungGen: 14429K->1216K(15360K)] 47103K->33890K(49664K), 0.0005690 secs] [Times: user=0.01 sys=0.00, real=0.00 secs] 
276.572: Total time for which application threads were stopped: 0.0006970 seconds, Stopping threads took: 0.0000720 seconds
276.631: Application time: 0.0592080 seconds
276.631: [GC [PSYoungGen: 14525K->1168K(15360K)] 47199K->33842K(49664K), 0.0006220 secs] [Times: user=0.00 sys=0.00, real=0.00 secs] 
276.632: Total time for which application threads were stopped: 0.0007300 seconds, Stopping threads took: 0.0000510 seconds
276.689: Application time: 0.0567440 seconds
276.689: [GC [PSYoungGen: 14477K->1312K(15360K)] 47151K->33986K(49664K), 0.0006540 secs] [Times: user=0.00 sys=0.00, real=0.00 secs] 
276.690: Total time for which application threads were stopped: 0.0007730 seconds, Stopping threads took: 0.0000580 seconds
276.731: Application time: 0.0414290 seconds
276.731: [GC [PSYoungGen: 14621K->1152K(15360K)] 47295K->34030K(49664K), 0.0005850 secs] [Times: user=0.00 sys=0.00, real=0.00 secs] 
276.732: Total time for which application threads were stopped: 0.0007030 seconds, Stopping threads took: 0.0000610 seconds
276.790: Application time: 0.0583760 seconds
276.790: [GC [PSYoungGen: 14463K->928K(15360K)] 47342K->34019K(49664K), 0.0005560 secs] [Times: user=0.00 sys=0.00, real=0.00 secs] 
276.791: Total time for which application threads were stopped: 0.0006780 seconds, Stopping threads took: 0.0000660 seconds
276.842: Application time: 0.0516400 seconds
276.843: [GC [PSYoungGen: 14237K->1344K(15360K)] 47328K->34475K(49664K), 0.0005870 secs] [Times: user=0.00 sys=0.00, real=0.00 secs] 
276.843: Total time for which application threads were stopped: 0.0006910 seconds, Stopping threads took: 0.0000490 seconds
276.877: Application time: 0.0340900 seconds
276.877: [GC [PSYoungGen: 14654K->1360K(15360K)] 47785K->34539K(49664K), 0.0005860 secs] [Times: user=0.00 sys=0.00, real=0.00 secs] 
276.878: Total time for which application threads were stopped: 0.0006880 seconds, Stopping threads took: 0.0000460 seconds
276.927: Application time: 0.0486220 seconds
276.927: [GC [PSYoungGen: 14670K->1120K(15360K)] 47849K->34511K(49664K), 0.0005660 secs] [Times: user=0.00 sys=0.00, real=0.00 secs] 
276.927: Total time for which application threads were stopped: 0.0006970 seconds, Stopping threads took: 0.0000750 seconds
276.983: Application time: 0.0557860 seconds
276.983: [GC [PSYoungGen: 14428K->1088K(15360K)] 47820K->34479K(49664K), 0.0005990 secs] [Times: user=0.00 sys=0.00, real=0.00 secs] 
276.984: Total time for which application threads were stopped: 0.0007190 seconds, Stopping threads took: 0.0000650 seconds
277.042: Application time: 0.0582050 seconds
277.042: [GC [PSYoungGen: 14397K->1184K(15360K)] 47789K->34575K(49664K), 0.0005610 secs] [Times: user=0.00 sys=0.00, real=0.00 secs] 
277.043: Total time for which application threads were stopped: 0.0007230 seconds, Stopping threads took: 0.0001040 seconds
277.102: Application time: 0.0588330 seconds
277.102: [GC [PSYoungGen: 14493K->1120K(15360K)] 47885K->34511K(49664K), 0.0005080 secs] [Times: user=0.00 sys=0.00, real=0.00 secs] 
277.102: Total time for which application threads were stopped: 0.0006270 seconds, Stopping threads took: 0.0000610 seconds
277.154: Application time: 0.0523140 seconds
277.155: [GC [PSYoungGen: 14430K->1376K(15360K)] 47822K->34767K(49664K), 0.0006000 secs] [Times: user=0.00 sys=0.00, real=0.00 secs] 
277.155: Total time for which application threads were stopped: 0.0007000 seconds, Stopping threads took: 0.0000440 seconds
277.198: Application time: 0.0423620 seconds
277.198: [GC [PSYoungGen: 14685K->1360K(15360K)] 48077K->34751K(49664K), 0.0005760 secs] [Times: user=0.00 sys=0.00, real=0.00 secs] 
277.198: Total time for which application threads were stopped: 0.0007070 seconds, Stopping threads took: 0.0000600 seconds
277.239: Application time: 0.0406940 seconds
277.239: [GC [PSYoungGen: 14667K->1152K(15360K)] 48059K->34960K(49664K), 0.0006400 secs] [Times: user=0.01 sys=0.00, real=0.00 secs] 
277.240: Total time for which application threads were stopped: 0.0007720 seconds, Stopping threads took: 0.0000740 seconds
277.289: Application time: 0.0494660 seconds
277.289: [GC [PSYoungGen: 14459K->1392K(15360K)] 48268K->35200K(49664K), 0.0006080 secs] [Times: user=0.01 sys=0.00, real=0.00 secs] 
277.290: Total time for which application threads were stopped: 0.0007240 seconds, Stopping threads took: 0.0000590 seconds
277.347: Application time: 0.0568310 seconds
277.347: [GC [PSYoungGen: 14700K->1200K(15360K)] 48509K->35008K(49664K), 0.0006300 secs] [Times: user=0.00 sys=0.00, real=0.00 secs] 
277.348: Total time for which application threads were stopped: 0.0007680 seconds, Stopping threads took: 0.0000800 seconds
277.392: Application time: 0.0448370 seconds
277.392: [GC [PSYoungGen: 14510K->1472K(15360K)] 48318K->35280K(49664K), 0.0006890 secs] [Times: user=0.00 sys=0.00, real=0.00 secs] 
277.393: Total time for which application threads were stopped: 0.0008050 seconds, Stopping threads took: 0.0000600 seconds
277.445: Application time: 0.0517460 seconds
277.445: [GC [PSYoungGen: 14781K->1456K(15360K)] 48590K->35264K(49664K), 0.0006660 secs] [Times: user=0.00 sys=0.00, real=0.00 secs] 
277.446: Total time for which application threads were stopped: 0.0007980 seconds, Stopping threads took: 0.0000750 seconds
277.503: Application time: 0.0572720 seconds
277.503: [GC [PSYoungGen: 14767K->1472K(15360K)] 48576K->35280K(49664K), 0.0006420 secs] [Times: user=0.00 sys=0.00, real=0.00 secs] 
277.504: Total time for which application threads were stopped: 0.0007630 seconds, Stopping threads took: 0.0000660 seconds
277.562: Application time: 0.0582520 seconds
277.562: [GC [PSYoungGen: 14781K->1472K(15360K)] 48590K->35280K(49664K), 0.0006280 secs] [Times: user=0.01 sys=0.00, real=0.00 secs] 
277.563: Total time for which application threads were stopped: 0.0007460 seconds, Stopping threads took: 0.0000610 seconds
277.619: Application time: 0.0564560 seconds
277.620: [GC [PSYoungGen: 14780K->1568K(15360K)] 48589K->35376K(49664K), 0.0006310 secs] [Times: user=0.00 sys=0.00, real=0.00 secs] 
277.622: Total time for which application threads were stopped: 0.0026490 seconds, Stopping threads took: 0.0010710 seconds
277.679: Application time: 0.0572750 seconds
277.679: [GC [PSYoungGen: 14876K->1456K(15360K)] 48685K->35312K(49664K), 0.0006720 secs] [Times: user=0.00 sys=0.00, real=0.00 secs] 
277.680: Total time for which application threads were stopped: 0.0007980 seconds, Stopping threads took: 0.0000730 seconds
277.718: Application time: 0.0376280 seconds
277.718: [GC [PSYoungGen: 14765K->1872K(15360K)] 48622K->35728K(49664K), 0.0007150 secs] [Times: user=0.00 sys=0.00, real=0.00 secs] 
277.718: Total time for which application threads were stopped: 0.0008270 seconds, Stopping threads took: 0.0000470 seconds
277.757: Application time: 0.0388960 seconds
277.757: [GC [PSYoungGen: 15184K->1888K(15360K)] 49040K->35745K(49664K), 0.0006980 secs] [Times: user=0.00 sys=0.00, real=0.00 secs] 
277.758: Total time for which application threads were stopped: 0.0008210 seconds, Stopping threads took: 0.0000650 seconds
277.813: Application time: 0.0552300 seconds
277.813: Total time for which application threads were stopped: 0.0000790 seconds, Stopping threads took: 0.0000610 seconds
277.813: Application time: 0.0000430 seconds
277.814: [GC [PSYoungGen: 15160K->1744K(15360K)] 49144K->35728K(49664K), 0.0006140 secs] [Times: user=0.00 sys=0.00, real=0.00 secs] 
277.814: Total time for which application threads were stopped: 0.0006950 seconds, Stopping threads took: 0.0000380 seconds
277.874: Application time: 0.0597730 seconds
277.874: [Full GC [PSYoungGen: 15055K->0K(15360K)] [ParOldGen: 34269K->3534K(34304K)] 49324K->3534K(49664K) [PSPermGen: 5582K->5582K(21504K)], 0.0059060 secs] [Times: user=0.02 sys=0.00, real=0.00 secs] 
277.880: Total time for which application threads were stopped: 0.0060640 seconds, Stopping threads took: 0.0000740 seconds
277.938: Application time: 0.0581630 seconds
277.938: [GC [PSYoungGen: 13309K->0K(15360K)] 16844K->3534K(49664K), 0.0003570 secs] [Times: user=0.00 sys=0.00, real=0.00 secs] 
277.939: Total time for which application threads were stopped: 0.0004710 seconds, Stopping threads took: 0.0000600 seconds
277.997: Application time: 0.0581660 seconds
277.997: [GC [PSYoungGen: 13309K->0K(15360K)] 16844K->3534K(49664K), 0.0003080 secs] [Times: user=0.00 sys=0.00, real=0.00 secs] 
277.997: Total time for which application threads were stopped: 0.0004090 seconds, Stopping threads took: 0.0000460 seconds
278.055: Application time: 0.0580570 seconds
278.055: [GC [PSYoungGen: 13309K->0K(15360K)] 16844K->3534K(49664K), 0.0003220 secs] [Times: user=0.00 sys=0.00, real=0.00 secs] 
278.056: Total time for which application threads were stopped: 0.0004530 seconds, Stopping threads took: 0.0000700 seconds
278.114: Application time: 0.0583040 seconds
278.114: [GC [PSYoungGen: 13309K->0K(15360K)] 16844K->3534K(49664K), 0.0003110 secs] [Times: user=0.00 sys=0.00, real=0.00 secs] 
278.114: Total time for which application threads were stopped: 0.0004250 seconds, Stopping threads took: 0.0000610 seconds
278.169: Application time: 0.0549140 seconds
278.169: [GC [PSYoungGen: 13310K->544K(15360K)] 16845K->4078K(49664K), 0.0003890 secs] [Times: user=0.00 sys=0.00, real=0.00 secs] 
278.170: Total time for which application threads were stopped: 0.0004900 seconds, Stopping threads took: 0.0000500 seconds
278.229: Application time: 0.0586660 seconds
278.229: [GC [PSYoungGen: 13853K->512K(15360K)] 17388K->4046K(49664K), 0.0003910 secs] [Times: user=0.00 sys=0.00, real=0.00 secs] 
278.229: Total time for which application threads were stopped: 0.0005280 seconds, Stopping threads took: 0.0000690 seconds
278.288: Application time: 0.0593210 seconds
278.288: [GC [PSYoungGen: 13821K->448K(15360K)] 17356K->3982K(49664K), 0.0004460 secs] [Times: user=0.00 sys=0.00, real=0.00 secs] 
278.289: Total time for which application threads were stopped: 0.0005650 seconds, Stopping threads took: 0.0000600 seconds
278.348: Application time: 0.0589290 seconds
278.348: [GC [PSYoungGen: 13757K->512K(15360K)] 17292K->4046K(49664K), 0.0004040 secs] [Times: user=0.00 sys=0.00, real=0.01 secs] 
278.348: Total time for which application threads were stopped: 0.0005050 seconds, Stopping threads took: 0.0000480 seconds
278.404: Application time: 0.0559710 seconds
278.404: [GC [PSYoungGen: 13822K->704K(15360K)] 17357K->4238K(49664K), 0.0004320 secs] [Times: user=0.00 sys=0.00, real=0.00 secs] 
278.405: Total time for which application threads were stopped: 0.0005490 seconds, Stopping threads took: 0.0000590 seconds
278.447: Application time: 0.0418430 seconds
278.447: [GC [PSYoungGen: 14013K->736K(15360K)] 17548K->4270K(49664K), 0.0004120 secs] [Times: user=0.00 sys=0.00, real=0.00 secs] 
278.447: Total time for which application threads were stopped: 0.0005300 seconds, Stopping threads took: 0.0000600 seconds
278.505: Application time: 0.0576560 seconds
278.505: [GC [PSYoungGen: 14047K->736K(15360K)] 17582K->4270K(49664K), 0.0004130 secs] [Times: user=0.01 sys=0.00, real=0.00 secs] 
278.505: Total time for which application threads were stopped: 0.0005250 seconds, Stopping threads took: 0.0000560 seconds
278.559: Application time: 0.0532840 seconds
278.559: [GC [PSYoungGen: 14047K->896K(15360K)] 17582K->4430K(49664K), 0.0004440 secs] [Times: user=0.00 sys=0.00, real=0.00 secs] 
278.559: Total time for which application threads were stopped: 0.0005560 seconds, Stopping threads took: 0.0000550 seconds
278.592: Application time: 0.0323530 seconds
278.592: [GC [PSYoungGen: 14204K->1120K(15360K)] 17739K->4654K(49664K), 0.0005370 secs] [Times: user=0.00 sys=0.00, real=0.00 secs] 
278.592: Total time for which application threads were stopped: 0.0006540 seconds, Stopping threads took: 0.0000630 seconds
278.640: Application time: 0.0480850 seconds
278.641: [GC [PSYoungGen: 14429K->1120K(15360K)] 17964K->4654K(49664K), 0.0005100 secs] [Times: user=0.01 sys=0.00, real=0.00 secs] 
278.641: Total time for which application threads were stopped: 0.0006210 seconds, Stopping threads took: 0.0000560 seconds
278.697: Application time: 0.0559930 seconds
278.697: [GC [PSYoungGen: 14430K->1152K(15360K)] 17965K->4686K(49664K), 0.0004900 secs] [Times: user=0.00 sys=0.00, real=0.00 secs] 
278.698: Total time for which application threads were stopped: 0.0006110 seconds, Stopping threads took: 0.0000650 seconds
278.756: Application time: 0.0585330 seconds
278.756: [GC [PSYoungGen: 14461K->1088K(15360K)] 17996K->4622K(49664K), 0.0004950 secs] [Times: user=0.00 sys=0.00, real=0.00 secs] 
278.757: Total time for which application threads were stopped: 0.0006260 seconds, Stopping threads took: 0.0000660 seconds
278.815: Application time: 0.0580630 seconds
278.815: [GC [PSYoungGen: 14397K->1088K(15360K)] 17932K->4622K(49664K), 0.0005470 secs] [Times: user=0.00 sys=0.00, real=0.00 secs] 
278.816: Total time for which application threads were stopped: 0.0006540 seconds, Stopping threads took: 0.0000530 seconds
278.866: Application time: 0.0503970 seconds
278.866: [GC [PSYoungGen: 14398K->1376K(15360K)] 17933K->4910K(49664K), 0.0005510 secs] [Times: user=0.01 sys=0.00, real=0.00 secs] 
278.867: Total time for which application threads were stopped: 0.0006620 seconds, Stopping threads took: 0.0000520 seconds
278.909: Application time: 0.0425570 seconds
278.909: [GC [PSYoungGen: 14685K->1536K(15360K)] 18220K->5071K(49664K), 0.0005730 secs] [Times: user=0.00 sys=0.00, real=0.00 secs] 
278.910: Total time for which application threads were stopped: 0.0006890 seconds, Stopping threads took: 0.0000610 seconds
278.951: Application time: 0.0411740 seconds
278.951: [GC [PSYoungGen: 14846K->1232K(15360K)] 18380K->5179K(49664K), 0.0005890 secs] [Times: user=0.00 sys=0.00, real=0.00 secs] 
278.952: Total time for which application threads were stopped: 0.0006930 seconds, Stopping threads took: 0.0000460 seconds
279.004: Application time: 0.0521390 seconds
279.004: [GC [PSYoungGen: 14543K->1440K(15360K)] 18490K->5387K(49664K), 0.0005580 secs] [Times: user=0.00 sys=0.00, real=0.00 secs] 
279.005: Total time for which application threads were stopped: 0.0006710 seconds, Stopping threads took: 0.0000590 seconds
279.061: Application time: 0.0569510 seconds
279.062: [GC [PSYoungGen: 14748K->1248K(15360K)] 18695K->5195K(49664K), 0.0005310 secs] [Times: user=0.00 sys=0.00, real=0.00 secs] 
279.062: Total time for which application threads were stopped: 0.0006550 seconds, Stopping threads took: 0.0000690 seconds
279.106: Application time: 0.0435480 seconds
279.106: [GC [PSYoungGen: 14555K->1536K(15360K)] 18503K->5483K(49664K), 0.0005330 secs] [Times: user=0.00 sys=0.00, real=0.00 secs] 
279.106: Total time for which application threads were stopped: 0.0006480 seconds, Stopping threads took: 0.0000620 seconds
279.160: Application time: 0.0534940 seconds
279.160: [GC [PSYoungGen: 14844K->1472K(15360K)] 18792K->5419K(49664K), 0.0006090 secs] [Times: user=0.00 sys=0.01, real=0.01 secs] 
279.161: Total time for which application threads were stopped: 0.0007130 seconds, Stopping threads took: 0.0000480 seconds
279.218: Application time: 0.0573530 seconds
279.218: [GC [PSYoungGen: 14780K->1456K(15360K)] 18728K->5403K(49664K), 0.0005800 secs] [Times: user=0.00 sys=0.00, real=0.00 secs] 
279.219: Total time for which application threads were stopped: 0.0007140 seconds, Stopping threads took: 0.0000760 seconds
279.277: Application time: 0.0581070 seconds
279.277: [GC [PSYoungGen: 14765K->1488K(15360K)] 18713K->5435K(49664K), 0.0006140 secs] [Times: user=0.00 sys=0.00, real=0.00 secs] 
279.277: Total time for which application threads were stopped: 0.0007360 seconds, Stopping threads took: 0.0000590 seconds
279.334: Application time: 0.0569650 seconds
279.335: [GC [PSYoungGen: 14799K->1504K(15360K)] 18746K->5451K(49664K), 0.0005920 secs] [Times: user=0.00 sys=0.00, real=0.00 secs] 
279.335: Total time for which application threads were stopped: 0.0006940 seconds, Stopping threads took: 0.0000490 seconds
279.393: Application time: 0.0575450 seconds
279.393: [GC [PSYoungGen: 14815K->1408K(15360K)] 18762K->5403K(49664K), 0.0005820 secs] [Times: user=0.00 sys=0.00, real=0.00 secs] 
279.393: Total time for which application threads were stopped: 0.0006990 seconds, Stopping threads took: 0.0000600 seconds
279.440: Application time: 0.0462440 seconds
279.440: [GC [PSYoungGen: 14718K->1904K(15360K)] 18714K->5899K(49664K), 0.0006970 secs] [Times: user=0.00 sys=0.00, real=0.01 secs] 
279.440: Total time for which application threads were stopped: 0.0008070 seconds, Stopping threads took: 0.0000530 seconds
279.474: Application time: 0.0335020 seconds
279.474: [GC [PSYoungGen: 15216K->1904K(15360K)] 19211K->5899K(49664K), 0.0007090 secs] [Times: user=0.00 sys=0.00, real=0.00 secs] 
279.475: Total time for which application threads were stopped: 0.0008360 seconds, Stopping threads took: 0.0000640 seconds
279.528: Application time: 0.0532030 seconds
279.528: [GC [PSYoungGen: 15214K->1872K(15360K)] 19210K->5867K(49664K), 0.0006800 secs] [Times: user=0.00 sys=0.00, real=0.01 secs] 
279.529: Total time for which application threads were stopped: 0.0007970 seconds, Stopping threads took: 0.0000590 seconds
279.585: Application time: 0.0559490 seconds
279.585: [GC [PSYoungGen: 15180K->1872K(15360K)] 19176K->5867K(49664K), 0.0006850 secs] [Times: user=0.00 sys=0.00, real=0.00 secs] 
279.586: Total time for which application threads were stopped: 0.0008060 seconds, Stopping threads took: 0.0000640 seconds
279.643: Application time: 0.0579700 seconds
279.644: [GC [PSYoungGen: 15181K->1600K(15360K)] 19177K->5827K(49664K), 0.0006720 secs] [Times: user=0.00 sys=0.00, real=0.00 secs] 
279.644: Total time for which application threads were stopped: 0.0007850 seconds, Stopping threads took: 0.0000540 seconds
279.702: Application time: 0.0578720 seconds
279.702: [GC [PSYoungGen: 14909K->1664K(15360K)] 19137K->5891K(49664K), 0.0006800 secs] [Times: user=0.01 sys=0.00, real=0.00 secs] 
279.703: Total time for which application threads were stopped: 0.0007880 seconds, Stopping threads took: 0.0000540 seconds
279.761: Application time: 0.0585380 seconds
279.762: [GC [PSYoungGen: 14973K->1632K(15360K)] 19201K->5915K(49664K), 0.0006240 secs] [Times: user=0.01 sys=0.00, real=0.00 secs] 
279.762: Total time for which application threads were stopped: 0.0007460 seconds, Stopping threads took: 0.0000670 seconds
279.821: Application time: 0.0584880 seconds
279.821: [GC [PSYoungGen: 14941K->1136K(15360K)] 19225K->5896K(49664K), 0.0006710 secs] [Times: user=0.01 sys=0.00, real=0.00 secs] 
279.822: Total time for which application threads were stopped: 0.0007870 seconds, Stopping threads took: 0.0000480 seconds
279.876: Application time: 0.0547500 seconds
279.876: [GC [PSYoungGen: 14444K->1152K(15360K)] 19204K->5912K(49664K), 0.0005270 secs] [Times: user=0.01 sys=0.00, real=0.00 secs] 
279.877: Total time for which application threads were stopped: 0.0006390 seconds, Stopping threads took: 0.0000590 seconds
279.937: Application time: 0.0596300 seconds
279.937: [GC [PSYoungGen: 14461K->1120K(15360K)] 19222K->5928K(49664K), 0.0005240 secs] [Times: user=0.00 sys=0.00, real=0.00 secs] 
279.937: Total time for which application threads were stopped: 0.0006310 seconds, Stopping threads took: 0.0000540 seconds
279.996: Application time: 0.0591520 seconds
279.996: [GC [PSYoungGen: 14429K->1120K(15360K)] 19238K->5928K(49664K), 0.0005000 secs] [Times: user=0.00 sys=0.00, real=0.00 secs] 
279.997: Total time for which application threads were stopped: 0.0006190 seconds, Stopping threads took: 0.0000630 seconds
280.057: Application time: 0.0595590 seconds
280.057: [GC [PSYoungGen: 14429K->1120K(15360K)] 19238K->5928K(49664K), 0.0005040 secs] [Times: user=0.00 sys=0.00, real=0.00 secs] 
280.057: Total time for which application threads were stopped: 0.0006250 seconds, Stopping threads took: 0.0000650 seconds
280.118: Application time: 0.0608910 seconds
280.120: [GC [PSYoungGen: 14431K->1152K(15360K)] 19240K->5960K(49664K), 0.0004820 secs] [Times: user=0.01 sys=0.00, real=0.00 secs] 
280.121: Total time for which application threads were stopped: 0.0027960 seconds, Stopping threads took: 0.0022580 seconds
280.163: Application time: 0.0418430 seconds
280.163: [GC [PSYoungGen: 14463K->1120K(15360K)] 19272K->6157K(49664K), 0.0005600 secs] [Times: user=0.00 sys=0.00, real=0.00 secs] 
280.163: Total time for which application threads were stopped: 0.0006680 seconds, Stopping threads took: 0.0000530 seconds
280.219: Application time: 0.0558250 seconds
280.219: [GC [PSYoungGen: 14431K->992K(15360K)] 19468K->6241K(49664K), 0.0005020 secs] [Times: user=0.00 sys=0.00, real=0.00 secs] 
280.220: Total time for which application threads were stopped: 0.0006240 seconds, Stopping threads took: 0.0000650 seconds
280.273: Application time: 0.0531280 seconds
280.273: [GC [PSYoungGen: 14300K->1312K(15360K)] 19550K->6617K(49664K), 0.0005400 secs] [Times: user=0.00 sys=0.00, real=0.00 secs] 
280.274: Total time for which application threads were stopped: 0.0006590 seconds, Stopping threads took: 0.0000600 seconds
280.306: Application time: 0.0320260 seconds
280.306: [GC [PSYoungGen: 14622K->1408K(15360K)] 19927K->6713K(49664K), 0.0005770 secs] [Times: user=0.00 sys=0.00, real=0.00 secs] 
280.306: Total time for which application threads were stopped: 0.0006950 seconds, Stopping threads took: 0.0000630 seconds
280.355: Application time: 0.0489080 seconds
280.355: [GC [PSYoungGen: 14717K->1152K(15360K)] 20023K->6702K(49664K), 0.0005320 secs] [Times: user=0.00 sys=0.00, real=0.00 secs] 
280.356: Total time for which application threads were stopped: 0.0006470 seconds, Stopping threads took: 0.0000490 seconds
280.411: Application time: 0.0555950 seconds
280.412: [GC [PSYoungGen: 14460K->1120K(15360K)] 20011K->6670K(49664K), 0.0004940 secs] [Times: user=0.00 sys=0.00, real=0.00 secs] 
280.412: Total time for which application threads were stopped: 0.0006090 seconds, Stopping threads took: 0.0000620 seconds
280.470: Application time: 0.0582840 seconds
280.470: [GC [PSYoungGen: 14429K->1120K(15360K)] 19980K->6670K(49664K), 0.0005060 secs] [Times: user=0.00 sys=0.00, real=0.00 secs] 
280.471: Total time for which application threads were stopped: 0.0006430 seconds, Stopping threads took: 0.0000780 seconds
280.529: Application time: 0.0582550 seconds
280.529: [GC [PSYoungGen: 14429K->1120K(15360K)] 19980K->6670K(49664K), 0.0004850 secs] [Times: user=0.00 sys=0.00, real=0.00 secs] 
280.530: Total time for which application threads were stopped: 0.0006030 seconds, Stopping threads took: 0.0000620 seconds
280.579: Application time: 0.0488920 seconds
280.579: [GC [PSYoungGen: 14430K->1376K(15360K)] 19981K->6926K(49664K), 0.0005450 secs] [Times: user=0.00 sys=0.00, real=0.00 secs] 
280.579: Total time for which application threads were stopped: 0.0006640 seconds, Stopping threads took: 0.0000620 seconds
280.625: Application time: 0.0456080 seconds
280.625: [GC [PSYoungGen: 14685K->1536K(15360K)] 20236K->7086K(49664K), 0.0006210 secs] [Times: user=0.00 sys=0.00, real=0.00 secs] 
280.626: Total time for which application threads were stopped: 0.0007350 seconds, Stopping threads took: 0.0000570 seconds
280.667: Application time: 0.0412650 seconds
280.667: [GC [PSYoungGen: 14845K->1152K(15360K)] 20396K->7111K(49664K), 0.0006740 secs] [Times: user=0.00 sys=0.00, real=0.00 secs] 
280.668: Total time for which application threads were stopped: 0.0007790 seconds, Stopping threads took: 0.0000470 seconds
280.718: Application time: 0.0500290 seconds
280.718: [GC [PSYoungGen: 14463K->1328K(15360K)] 20422K->7287K(49664K), 0.0005380 secs] [Times: user=0.00 sys=0.00, real=0.00 secs] 
280.719: Total time for which application threads were stopped: 0.0006420 seconds, Stopping threads took: 0.0000500 seconds
280.776: Application time: 0.0570710 seconds
280.776: [GC [PSYoungGen: 14639K->1216K(15360K)] 20599K->7175K(49664K), 0.0005700 secs] [Times: user=0.00 sys=0.00, real=0.00 secs] 
280.776: Total time for which application threads were stopped: 0.0007020 seconds, Stopping threads took: 0.0000720 seconds
280.824: Application time: 0.0474190 seconds
280.824: [GC [PSYoungGen: 14523K->1504K(15360K)] 20483K->7463K(49664K), 0.0006350 secs] [Times: user=0.00 sys=0.00, real=0.00 secs] 
280.824: Total time for which application threads were stopped: 0.0007620 seconds, Stopping threads took: 0.0000700 seconds
280.876: Application time: 0.0510500 seconds
280.876: [GC [PSYoungGen: 14815K->1472K(15360K)] 20775K->7431K(49664K), 0.0005750 secs] [Times: user=0.00 sys=0.00, real=0.00 secs] 
280.876: Total time for which application threads were stopped: 0.0006940 seconds, Stopping threads took: 0.0000540 seconds
280.933: Application time: 0.0564560 seconds
280.933: [GC [PSYoungGen: 14780K->1504K(15360K)] 20739K->7463K(49664K), 0.0006100 secs] [Times: user=0.00 sys=0.00, real=0.00 secs] 
280.933: Total time for which application threads were stopped: 0.0007240 seconds, Stopping threads took: 0.0000560 seconds
280.991: Application time: 0.0572970 seconds
280.991: [GC [PSYoungGen: 14705K->1296K(15360K)] 20665K->7255K(49664K), 0.0005550 secs] [Times: user=0.00 sys=0.00, real=0.00 secs] 
280.991: Total time for which application threads were stopped: 0.0006640 seconds, Stopping threads took: 0.0000520 seconds
281.048: Application time: 0.0568110 seconds
281.048: [GC [PSYoungGen: 14606K->1520K(15360K)] 20566K->7479K(49664K), 0.0005930 secs] [Times: user=0.00 sys=0.00, real=0.00 secs] 
281.049: Total time for which application threads were stopped: 0.0007080 seconds, Stopping threads took: 0.0000550 seconds
281.108: Application time: 0.0593200 seconds
281.108: [GC [PSYoungGen: 14828K->1472K(15360K)] 20788K->7479K(49664K), 0.0005960 secs] [Times: user=0.00 sys=0.00, real=0.00 secs] 
281.109: Total time for which application threads were stopped: 0.0007230 seconds, Stopping threads took: 0.0000710 seconds
281.160: Application time: 0.0514800 seconds
281.161: [GC [PSYoungGen: 14780K->1840K(15360K)] 20787K->7847K(49664K), 0.0006980 secs] [Times: user=0.01 sys=0.00, real=0.00 secs] 
281.161: Total time for which application threads were stopped: 0.0008160 seconds, Stopping threads took: 0.0000610 seconds
281.193: Application time: 0.0322050 seconds
281.194: [GC [PSYoungGen: 15149K->1888K(15360K)] 21157K->7895K(49664K), 0.0006800 secs] [Times: user=0.00 sys=0.00, real=0.00 secs] 
281.194: Total time for which application threads were stopped: 0.0007990 seconds, Stopping threads took: 0.0000610 seconds
281.244: Application time: 0.0500900 seconds
281.244: [GC [PSYoungGen: 15196K->1936K(15360K)] 21203K->7943K(49664K), 0.0006520 secs] [Times: user=0.00 sys=0.00, real=0.00 secs] 
281.245: Total time for which application threads were stopped: 0.0007770 seconds, Stopping threads took: 0.0000700 seconds
281.300: Application time: 0.0550120 seconds
281.300: [GC [PSYoungGen: 15246K->1840K(15360K)] 21254K->7847K(49664K), 0.0006590 secs] [Times: user=0.00 sys=0.00, real=0.01 secs] 
281.301: Total time for which application threads were stopped: 0.0007800 seconds, Stopping threads took: 0.0000590 seconds
281.359: Application time: 0.0584110 seconds
281.359: [GC [PSYoungGen: 15151K->1616K(15360K)] 21159K->7871K(49664K), 0.0006670 secs] [Times: user=0.00 sys=0.00, real=0.00 secs] 
281.360: Total time for which application threads were stopped: 0.0007820 seconds, Stopping threads took: 0.0000580 seconds
281.418: Application time: 0.0579590 seconds
281.418: [GC [PSYoungGen: 14925K->1664K(15360K)] 21181K->7919K(49664K), 0.0006210 secs] [Times: user=0.01 sys=0.00, real=0.00 secs] 
281.419: Total time for which application threads were stopped: 0.0007460 seconds, Stopping threads took: 0.0000590 seconds
281.478: Application time: 0.0589290 seconds
281.478: [GC [PSYoungGen: 14973K->1664K(15360K)] 21229K->7919K(49664K), 0.0006150 secs] [Times: user=0.00 sys=0.00, real=0.00 secs] 
281.478: Total time for which application threads were stopped: 0.0007290 seconds, Stopping threads took: 0.0000560 seconds
281.537: Application time: 0.0583150 seconds
281.537: [GC [PSYoungGen: 14973K->1152K(15360K)] 21229K->7896K(49664K), 0.0006940 secs] [Times: user=0.00 sys=0.00, real=0.00 secs] 
281.538: Total time for which application threads were stopped: 0.0008170 seconds, Stopping threads took: 0.0000670 seconds
281.593: Application time: 0.0556100 seconds
281.593: [GC [PSYoungGen: 14459K->1200K(15360K)] 21204K->7944K(49664K), 0.0005280 secs] [Times: user=0.00 sys=0.00, real=0.00 secs] 
281.594: Total time for which application threads were stopped: 0.0006480 seconds, Stopping threads took: 0.0000660 seconds
281.652: Application time: 0.0581750 seconds
281.652: [GC [PSYoungGen: 14511K->1184K(15360K)] 21256K->7968K(49664K), 0.0005280 secs] [Times: user=0.01 sys=0.00, real=0.00 secs] 
281.653: Total time for which application threads were stopped: 0.0006380 seconds, Stopping threads took: 0.0000550 seconds
281.713: Application time: 0.0604160 seconds
281.713: [GC [PSYoungGen: 14493K->1136K(15360K)] 21278K->7920K(49664K), 0.0004970 secs] [Times: user=0.00 sys=0.00, real=0.00 secs] 
281.714: Total time for which application threads were stopped: 0.0006280 seconds, Stopping threads took: 0.0000650 seconds
281.774: Application time: 0.0604090 seconds
281.774: [GC [PSYoungGen: 14447K->1120K(15360K)] 21232K->7904K(49664K), 0.0005460 secs] [Times: user=0.01 sys=0.00, real=0.00 secs] 
281.775: Total time for which application threads were stopped: 0.0006770 seconds, Stopping threads took: 0.0000750 seconds
281.825: Application time: 0.0503240 seconds
281.825: [GC [PSYoungGen: 14430K->1344K(15360K)] 21214K->8129K(49664K), 0.0005340 secs] [Times: user=0.00 sys=0.00, real=0.00 secs] 
281.826: Total time for which application threads were stopped: 0.0006590 seconds, Stopping threads took: 0.0000700 seconds
281.874: Application time: 0.0480330 seconds
281.874: [GC [PSYoungGen: 14655K->1216K(15360K)] 21440K->8213K(49664K), 0.0005240 secs] [Times: user=0.00 sys=0.00, real=0.00 secs] 
281.874: Total time for which application threads were stopped: 0.0006330 seconds, Stopping threads took: 0.0000530 seconds
281.932: Application time: 0.0570830 seconds
281.932: [GC [PSYoungGen: 14527K->960K(15360K)] 21524K->8162K(49664K), 0.0005770 secs] [Times: user=0.00 sys=0.00, real=0.00 secs] 
281.932: Total time for which application threads were stopped: 0.0006970 seconds, Stopping threads took: 0.0000500 seconds
281.989: Application time: 0.0567030 seconds
281.989: [GC [PSYoungGen: 14268K->1152K(15360K)] 21470K->8402K(49664K), 0.0005110 secs] [Times: user=0.00 sys=0.00, real=0.00 secs] 
281.990: Total time for which application threads were stopped: 0.0006230 seconds, Stopping threads took: 0.0000530 seconds
282.021: Application time: 0.0315750 seconds
282.021: [GC [PSYoungGen: 14462K->1328K(15360K)] 21712K->8578K(49664K), 0.0005870 secs] [Times: user=0.00 sys=0.00, real=0.00 secs] 
282.022: Total time for which application threads were stopped: 0.0006970 seconds, Stopping threads took: 0.0000520 seconds
282.070: Application time: 0.0478510 seconds
282.070: [GC [PSYoungGen: 14640K->1344K(15360K)] 21890K->8642K(49664K), 0.0005560 secs] [Times: user=0.01 sys=0.00, real=0.00 secs] 
282.070: Total time for which application threads were stopped: 0.0006610 seconds, Stopping threads took: 0.0000510 seconds
282.127: Application time: 0.0567410 seconds
282.127: [GC [PSYoungGen: 14654K->1152K(15360K)] 21952K->8662K(49664K), 0.0005090 secs] [Times: user=0.00 sys=0.00, real=0.00 secs] 
282.128: Total time for which application threads were stopped: 0.0006090 seconds, Stopping threads took: 0.0000440 seconds
282.186: Application time: 0.0587480 seconds
282.187: [GC [PSYoungGen: 14461K->1088K(15360K)] 21972K->8598K(49664K), 0.0005110 secs] [Times: user=0.00 sys=0.00, real=0.00 secs] 
282.187: Total time for which application threads were stopped: 0.0006220 seconds, Stopping threads took: 0.0000540 seconds
282.244: Application time: 0.0566290 seconds
282.244: [GC [PSYoungGen: 14395K->1024K(15360K)] 21906K->8534K(49664K), 0.0005370 secs] [Times: user=0.00 sys=0.00, real=0.00 secs] 
282.244: Total time for which application threads were stopped: 0.0006590 seconds, Stopping threads took: 0.0000650 seconds
282.295: Application time: 0.0502010 seconds
282.295: [GC [PSYoungGen: 14336K->1408K(15360K)] 21846K->8918K(49664K), 0.0005820 secs] [Times: user=0.00 sys=0.00, real=0.00 secs] 
282.295: Total time for which application threads were stopped: 0.0006890 seconds, Stopping threads took: 0.0000530 seconds
282.342: Application time: 0.0470820 seconds
282.342: [GC [PSYoungGen: 14719K->1376K(15360K)] 22230K->8886K(49664K), 0.0004630 secs] [Times: user=0.00 sys=0.00, real=0.00 secs] 
282.343: Total time for which application threads were stopped: 0.0005840 seconds, Stopping threads took: 0.0000710 seconds
282.385: Application time: 0.0416360 seconds
282.385: [GC [PSYoungGen: 14687K->1328K(15360K)] 22198K->9043K(49664K), 0.0006320 secs] [Times: user=0.00 sys=0.00, real=0.00 secs] 
282.385: Total time for which application threads were stopped: 0.0007480 seconds, Stopping threads took: 0.0000600 seconds
282.434: Application time: 0.0488820 seconds
282.434: [GC [PSYoungGen: 14636K->1200K(15360K)] 22351K->9119K(49664K), 0.0005860 secs] [Times: user=0.00 sys=0.00, real=0.00 secs] 
282.435: Total time for which application threads were stopped: 0.0007010 seconds, Stopping threads took: 0.0000530 seconds
282.491: Application time: 0.0565730 seconds
282.492: [GC [PSYoungGen: 14508K->1296K(15360K)] 22428K->9215K(49664K), 0.0005470 secs] [Times: user=0.00 sys=0.00, real=0.00 secs] 
282.492: Total time for which application threads were stopped: 0.0006670 seconds, Stopping threads took: 0.0000640 seconds
282.542: Application time: 0.0499860 seconds
282.542: [GC [PSYoungGen: 14604K->1504K(15360K)] 22524K->9423K(49664K), 0.0005980 secs] [Times: user=0.00 sys=0.00, real=0.00 secs] 
282.543: Total time for which application threads were stopped: 0.0007100 seconds, Stopping threads took: 0.0000520 seconds
282.590: Application time: 0.0472910 seconds
282.590: [GC [PSYoungGen: 14813K->1472K(15360K)] 22733K->9391K(49664K), 0.0005760 secs] [Times: user=0.00 sys=0.00, real=0.00 secs] 
282.591: Total time for which application threads were stopped: 0.0006810 seconds, Stopping threads took: 0.0000510 seconds
282.648: Application time: 0.0569240 seconds
282.648: [GC [PSYoungGen: 14783K->1552K(15360K)] 22703K->9471K(49664K), 0.0006000 secs] [Times: user=0.00 sys=0.00, real=0.01 secs] 
282.649: Total time for which application threads were stopped: 0.0016020 seconds, Stopping threads took: 0.0000570 seconds
282.707: Application time: 0.0573090 seconds
282.707: [GC [PSYoungGen: 14863K->1456K(15360K)] 22783K->9375K(49664K), 0.0006170 secs] [Times: user=0.00 sys=0.00, real=0.00 secs] 
282.707: Total time for which application threads were stopped: 0.0007520 seconds, Stopping threads took: 0.0000820 seconds
282.765: Application time: 0.0574390 seconds
282.765: [GC [PSYoungGen: 14764K->1536K(15360K)] 22684K->9455K(49664K), 0.0006330 secs] [Times: user=0.00 sys=0.00, real=0.00 secs] 
282.766: Total time for which application threads were stopped: 0.0007440 seconds, Stopping threads took: 0.0000550 seconds
282.822: Application time: 0.0565300 seconds
282.822: [GC [PSYoungGen: 14844K->1408K(15360K)] 22764K->9375K(49664K), 0.0005830 secs] [Times: user=0.01 sys=0.00, real=0.00 secs] 
282.823: Total time for which application threads were stopped: 0.0006990 seconds, Stopping threads took: 0.0000610 seconds
282.879: Application time: 0.0559940 seconds
282.879: [GC [PSYoungGen: 14717K->1696K(15360K)] 22685K->9663K(49664K), 0.0006190 secs] [Times: user=0.01 sys=0.00, real=0.00 secs] 
282.880: Total time for which application threads were stopped: 0.0007340 seconds, Stopping threads took: 0.0000600 seconds
282.913: Application time: 0.0330090 seconds
282.913: [GC [PSYoungGen: 15004K->1808K(15360K)] 22971K->9775K(49664K), 0.0006560 secs] [Times: user=0.00 sys=0.00, real=0.00 secs] 
282.913: Total time for which application threads were stopped: 0.0007710 seconds, Stopping threads took: 0.0000600 seconds
282.958: Application time: 0.0451280 seconds
282.959: [GC [PSYoungGen: 15117K->1872K(15360K)] 23085K->9839K(49664K), 0.0006940 secs] [Times: user=0.01 sys=0.00, real=0.00 secs] 
282.959: Total time for which application threads were stopped: 0.0008090 seconds, Stopping threads took: 0.0000480 seconds
283.014: Application time: 0.0547000 seconds
283.014: [GC [PSYoungGen: 15179K->1824K(15360K)] 23147K->9916K(49664K), 0.0007140 secs] [Times: user=0.00 sys=0.00, real=0.00 secs] 
283.015: Total time for which application threads were stopped: 0.0008420 seconds, Stopping threads took: 0.0000720 seconds
283.073: Application time: 0.0583080 seconds
283.073: [GC [PSYoungGen: 15133K->1616K(15360K)] 23225K->9844K(49664K), 0.0006340 secs] [Times: user=0.00 sys=0.00, real=0.00 secs] 
283.074: Total time for which application threads were stopped: 0.0007480 seconds, Stopping threads took: 0.0000580 seconds
283.132: Application time: 0.0584100 seconds
283.132: [GC [PSYoungGen: 14925K->1680K(15360K)] 23153K->9908K(49664K), 0.0006110 secs] [Times: user=0.00 sys=0.00, real=0.00 secs] 
283.133: Total time for which application threads were stopped: 0.0007380 seconds, Stopping threads took: 0.0000640 seconds
283.192: Application time: 0.0586680 seconds
283.192: [GC [PSYoungGen: 14989K->1664K(15360K)] 23217K->9892K(49664K), 0.0006840 secs] [Times: user=0.00 sys=0.00, real=0.00 secs] 
283.193: Total time for which application threads were stopped: 0.0007970 seconds, Stopping threads took: 0.0000570 seconds
283.251: Application time: 0.0588010 seconds
283.251: [GC [PSYoungGen: 14973K->1200K(15360K)] 23201K->9944K(49664K), 0.0006470 secs] [Times: user=0.00 sys=0.00, real=0.00 secs] 
283.252: Total time for which application threads were stopped: 0.0007720 seconds, Stopping threads took: 0.0000670 seconds
283.309: Application time: 0.0569020 seconds
283.309: [GC [PSYoungGen: 14508K->1152K(15360K)] 23253K->9896K(49664K), 0.0005290 secs] [Times: user=0.01 sys=0.00, real=0.00 secs] 
283.310: Total time for which application threads were stopped: 0.0006380 seconds, Stopping threads took: 0.0000530 seconds
283.367: Application time: 0.0573150 seconds
283.367: [GC [PSYoungGen: 14460K->1184K(15360K)] 23205K->9968K(49664K), 0.0005970 secs] [Times: user=0.00 sys=0.00, real=0.00 secs] 
283.368: Total time for which application threads were stopped: 0.0007130 seconds, Stopping threads took: 0.0000610 seconds
283.427: Application time: 0.0590800 seconds
283.427: [GC [PSYoungGen: 14493K->1088K(15360K)] 23278K->9872K(49664K), 0.0005940 secs] [Times: user=0.00 sys=0.00, real=0.00 secs] 
283.427: Total time for which application threads were stopped: 0.0006990 seconds, Stopping threads took: 0.0000480 seconds
283.486: Application time: 0.0590120 seconds
283.487: [GC [PSYoungGen: 14397K->1104K(15360K)] 23182K->9888K(49664K), 0.0004980 secs] [Times: user=0.01 sys=0.00, real=0.00 secs] 
283.487: Total time for which application threads were stopped: 0.0006230 seconds, Stopping threads took: 0.0000530 seconds
283.538: Application time: 0.0512910 seconds
283.538: [GC [PSYoungGen: 14412K->1376K(15360K)] 23196K->10160K(49664K), 0.0005470 secs] [Times: user=0.00 sys=0.00, real=0.00 secs] 
283.539: Total time for which application threads were stopped: 0.0006640 seconds, Stopping threads took: 0.0000600 seconds
283.587: Application time: 0.0481500 seconds
283.587: [GC [PSYoungGen: 14687K->1216K(15360K)] 23472K->10221K(49664K), 0.0005260 secs] [Times: user=0.01 sys=0.00, real=0.00 secs] 
283.588: Total time for which application threads were stopped: 0.0006220 seconds, Stopping threads took: 0.0000430 seconds
283.646: Application time: 0.0580120 seconds
283.646: [GC [PSYoungGen: 14527K->960K(15360K)] 23532K->10181K(49664K), 0.0005540 secs] [Times: user=0.00 sys=0.00, real=0.00 secs] 
283.647: Total time for which application threads were stopped: 0.0006630 seconds, Stopping threads took: 0.0000550 seconds
283.706: Application time: 0.0590720 seconds
283.706: [GC [PSYoungGen: 14269K->928K(15360K)] 23490K->10197K(49664K), 0.0004880 secs] [Times: user=0.00 sys=0.00, real=0.00 secs] 
283.706: Total time for which application threads were stopped: 0.0005920 seconds, Stopping threads took: 0.0000510 seconds
283.740: Application time: 0.0342400 seconds
283.741: [GC [PSYoungGen: 14239K->1344K(15360K)] 23508K->10613K(49664K), 0.0005350 secs] [Times: user=0.01 sys=0.00, real=0.00 secs] 
283.741: Total time for which application threads were stopped: 0.0006380 seconds, Stopping threads took: 0.0000460 seconds
283.784: Application time: 0.0427110 seconds
283.784: [GC [PSYoungGen: 14653K->1280K(15360K)] 23922K->10589K(49664K), 0.0005470 secs] [Times: user=0.01 sys=0.00, real=0.00 secs] 
283.784: Total time for which application threads were stopped: 0.0006680 seconds, Stopping threads took: 0.0000600 seconds
283.840: Application time: 0.0560040 seconds
283.844: [GC [PSYoungGen: 14588K->1184K(15360K)] 23897K->10697K(49664K), 0.0005510 secs] [Times: user=0.01 sys=0.00, real=0.00 secs] 
283.845: Total time for which application threads were stopped: 0.0044470 seconds, Stopping threads took: 0.0038380 seconds
283.903: Application time: 0.0584370 seconds
283.903: [GC [PSYoungGen: 14493K->1088K(15360K)] 24007K->10601K(49664K), 0.0005160 secs] [Times: user=0.00 sys=0.00, real=0.00 secs] 
283.904: Total time for which application threads were stopped: 0.0006380 seconds, Stopping threads took: 0.0000670 seconds
283.961: Application time: 0.0570350 seconds
283.961: [GC [PSYoungGen: 14399K->1120K(15360K)] 23913K->10633K(49664K), 0.0005140 secs] [Times: user=0.00 sys=0.00, real=0.00 secs] 
283.962: Total time for which application threads were stopped: 0.0006300 seconds, Stopping threads took: 0.0000580 seconds
284.009: Application time: 0.0476570 seconds
284.009: [GC [PSYoungGen: 14427K->1328K(15360K)] 23941K->10841K(49664K), 0.0005620 secs] [Times: user=0.00 sys=0.00, real=0.00 secs] 
284.010: Total time for which application threads were stopped: 0.0006790 seconds, Stopping threads took: 0.0000530 seconds
284.059: Application time: 0.0486730 seconds
284.059: [GC [PSYoungGen: 14637K->1312K(15360K)] 24151K->10825K(49664K), 0.0005630 secs] [Times: user=0.00 sys=0.00, real=0.00 secs] 
284.059: Total time for which application threads were stopped: 0.0006820 seconds, Stopping threads took: 0.0000640 seconds
284.101: Application time: 0.0412560 seconds
284.104: [GC [PSYoungGen: 14621K->1440K(15360K)] 24135K->11158K(49664K), 0.0005590 secs] [Times: user=0.00 sys=0.00, real=0.00 secs] 
284.105: Total time for which application threads were stopped: 0.0043090 seconds, Stopping threads took: 0.0036920 seconds
284.157: Application time: 0.0525270 seconds
284.158: [GC [PSYoungGen: 14748K->1232K(15360K)] 24466K->11146K(49664K), 0.0005750 secs] [Times: user=0.00 sys=0.00, real=0.00 secs] 
284.158: Total time for which application threads were stopped: 0.0007050 seconds, Stopping threads took: 0.0000710 seconds
284.213: Application time: 0.0544580 seconds
284.213: [GC [PSYoungGen: 14539K->1296K(15360K)] 24454K->11210K(49664K), 0.0005490 secs] [Times: user=0.00 sys=0.00, real=0.00 secs] 
284.213: Total time for which application threads were stopped: 0.0006670 seconds, Stopping threads took: 0.0000640 seconds
284.266: Application time: 0.0527790 seconds
284.266: [GC [PSYoungGen: 14607K->1472K(15360K)] 24522K->11386K(49664K), 0.0006150 secs] [Times: user=0.00 sys=0.00, real=0.00 secs] 
284.267: Total time for which application threads were stopped: 0.0007140 seconds, Stopping threads took: 0.0000450 seconds
284.312: Application time: 0.0447970 seconds
284.312: [GC [PSYoungGen: 14783K->1504K(15360K)] 24698K->11418K(49664K), 0.0006050 secs] [Times: user=0.01 sys=0.00, real=0.00 secs] 
284.312: Total time for which application threads were stopped: 0.0007120 seconds, Stopping threads took: 0.0000500 seconds
284.370: Application time: 0.0579630 seconds
284.370: [GC [PSYoungGen: 14768K->1376K(15360K)] 24683K->11290K(49664K), 0.0005760 secs] [Times: user=0.00 sys=0.00, real=0.00 secs] 
284.371: Total time for which application threads were stopped: 0.0006870 seconds, Stopping threads took: 0.0000520 seconds
284.428: Application time: 0.0573920 seconds
284.428: [GC [PSYoungGen: 14686K->1472K(15360K)] 24601K->11386K(49664K), 0.0006300 secs] [Times: user=0.00 sys=0.00, real=0.00 secs] 
284.429: Total time for which application threads were stopped: 0.0007790 seconds, Stopping threads took: 0.0000960 seconds
284.486: Application time: 0.0573460 seconds
284.487: [GC [PSYoungGen: 14780K->1472K(15360K)] 24695K->11386K(49664K), 0.0005880 secs] [Times: user=0.00 sys=0.00, real=0.00 secs] 
284.487: Total time for which application threads were stopped: 0.0007100 seconds, Stopping threads took: 0.0000650 seconds
284.544: Application time: 0.0566990 seconds
284.544: [GC [PSYoungGen: 14780K->1472K(15360K)] 24695K->11434K(49664K), 0.0006090 secs] [Times: user=0.01 sys=0.00, real=0.00 secs] 
284.545: Total time for which application threads were stopped: 0.0007320 seconds, Stopping threads took: 0.0000590 seconds
284.599: Application time: 0.0541240 seconds
284.599: [GC [PSYoungGen: 14781K->1632K(15360K)] 24744K->11594K(49664K), 0.0006130 secs] [Times: user=0.00 sys=0.00, real=0.00 secs] 
284.599: Total time for which application threads were stopped: 0.0007360 seconds, Stopping threads took: 0.0000600 seconds
284.638: Application time: 0.0381600 seconds
284.638: [GC [PSYoungGen: 14896K->1760K(15360K)] 24859K->11722K(49664K), 0.0006280 secs] [Times: user=0.00 sys=0.00, real=0.00 secs] 
284.638: Total time for which application threads were stopped: 0.0007450 seconds, Stopping threads took: 0.0000600 seconds
284.682: Application time: 0.0432310 seconds
284.682: [GC [PSYoungGen: 15068K->1904K(15360K)] 25031K->11866K(49664K), 0.0006650 secs] [Times: user=0.01 sys=0.00, real=0.00 secs] 
284.682: Total time for which application threads were stopped: 0.0007750 seconds, Stopping threads took: 0.0000490 seconds
284.737: Application time: 0.0543520 seconds
284.740: [GC [PSYoungGen: 15215K->1696K(15360K)] 25178K->11698K(49664K), 0.0006820 secs] [Times: user=0.00 sys=0.00, real=0.00 secs] 
284.741: Total time for which application threads were stopped: 0.0042800 seconds, Stopping threads took: 0.0035390 seconds
284.798: Application time: 0.0572370 seconds
284.798: [GC [PSYoungGen: 15003K->1680K(15360K)] 25006K->11895K(49664K), 0.0006550 secs] [Times: user=0.01 sys=0.00, real=0.00 secs] 
284.799: Total time for which application threads were stopped: 0.0007710 seconds, Stopping threads took: 0.0000600 seconds
284.857: Application time: 0.0580480 seconds
284.857: [GC [PSYoungGen: 14989K->1664K(15360K)] 25204K->11879K(49664K), 0.0006140 secs] [Times: user=0.00 sys=0.00, real=0.00 secs] 
284.858: Total time for which application threads were stopped: 0.0007240 seconds, Stopping threads took: 0.0000560 seconds
284.916: Application time: 0.0584120 seconds
284.916: [GC [PSYoungGen: 14973K->1664K(15360K)] 25188K->11927K(49664K), 0.0006170 secs] [Times: user=0.00 sys=0.00, real=0.00 secs] 
284.917: Total time for which application threads were stopped: 0.0007370 seconds, Stopping threads took: 0.0000620 seconds
284.976: Application time: 0.0586650 seconds
284.976: [GC [PSYoungGen: 14973K->1568K(15360K)] 25236K->11871K(49664K), 0.0006700 secs] [Times: user=0.00 sys=0.00, real=0.00 secs] 
284.976: Total time for which application threads were stopped: 0.0007780 seconds, Stopping threads took: 0.0000480 seconds
285.033: Application time: 0.0566440 seconds
285.033: [GC [PSYoungGen: 14876K->1232K(15360K)] 25180K->11968K(49664K), 0.0006470 secs] [Times: user=0.01 sys=0.00, real=0.00 secs] 
285.034: Total time for which application threads were stopped: 0.0007560 seconds, Stopping threads took: 0.0000540 seconds
285.091: Application time: 0.0574180 seconds
285.091: [GC [PSYoungGen: 14540K->1152K(15360K)] 25277K->11936K(49664K), 0.0005300 secs] [Times: user=0.01 sys=0.00, real=0.00 secs] 
285.092: Total time for which application threads were stopped: 0.0006630 seconds, Stopping threads took: 0.0000640 seconds
285.151: Application time: 0.0595730 seconds
285.152: [GC [PSYoungGen: 14461K->1152K(15360K)] 25246K->11936K(49664K), 0.0005360 secs] [Times: user=0.00 sys=0.00, real=0.00 secs] 
285.152: Total time for which application threads were stopped: 0.0006540 seconds, Stopping threads took: 0.0000630 seconds
285.211: Application time: 0.0591730 seconds
285.211: [GC [PSYoungGen: 14461K->1168K(15360K)] 25246K->11952K(49664K), 0.0005130 secs] [Times: user=0.00 sys=0.00, real=0.00 secs] 
285.212: Total time for which application threads were stopped: 0.0006390 seconds, Stopping threads took: 0.0000720 seconds
285.265: Application time: 0.0525790 seconds
285.265: [GC [PSYoungGen: 14479K->1408K(15360K)] 25264K->12192K(49664K), 0.0005840 secs] [Times: user=0.00 sys=0.00, real=0.00 secs] 
285.265: Total time for which application threads were stopped: 0.0006950 seconds, Stopping threads took: 0.0000550 seconds
285.311: Application time: 0.0455800 seconds
285.311: [GC [PSYoungGen: 14717K->1152K(15360K)] 25501K->12141K(49664K), 0.0006190 secs] [Times: user=0.01 sys=0.00, real=0.00 secs] 
285.312: Total time for which application threads were stopped: 0.0007240 seconds, Stopping threads took: 0.0000500 seconds
285.370: Application time: 0.0582220 seconds
285.372: [GC [PSYoungGen: 14463K->960K(15360K)] 25452K->12161K(49664K), 0.0004980 secs] [Times: user=0.00 sys=0.00, real=0.00 secs] 
285.373: Total time for which application threads were stopped: 0.0030740 seconds, Stopping threads took: 0.0025240 seconds
285.431: Application time: 0.0585890 seconds
285.432: [GC [PSYoungGen: 14271K->1216K(15360K)] 25473K->12473K(49664K), 0.0005430 secs] [Times: user=0.00 sys=0.00, real=0.00 secs] 
285.432: Total time for which application threads were stopped: 0.0006630 seconds, Stopping threads took: 0.0000640 seconds
285.467: Application time: 0.0349520 seconds
285.467: [GC [PSYoungGen: 14524K->1328K(15360K)] 25782K->12585K(49664K), 0.0005500 secs] [Times: user=0.00 sys=0.00, real=0.00 secs] 
285.468: Total time for which application threads were stopped: 0.0006490 seconds, Stopping threads took: 0.0000440 seconds
285.510: Application time: 0.0418660 seconds
285.510: [GC [PSYoungGen: 14639K->1344K(15360K)] 25896K->12649K(49664K), 0.0006030 secs] [Times: user=0.00 sys=0.00, real=0.00 secs] 
285.510: Total time for which application threads were stopped: 0.0007310 seconds, Stopping threads took: 0.0000700 seconds
285.566: Application time: 0.0553120 seconds
285.566: [GC [PSYoungGen: 14652K->1152K(15360K)] 25958K->12662K(49664K), 0.0005370 secs] [Times: user=0.01 sys=0.00, real=0.00 secs] 
285.566: Total time for which application threads were stopped: 0.0006470 seconds, Stopping threads took: 0.0000560 seconds
285.625: Application time: 0.0585690 seconds
285.625: [GC [PSYoungGen: 14461K->1152K(15360K)] 25971K->12662K(49664K), 0.0005100 secs] [Times: user=0.00 sys=0.00, real=0.00 secs] 
285.625: Total time for which application threads were stopped: 0.0006280 seconds, Stopping threads took: 0.0000560 seconds
285.684: Application time: 0.0586360 seconds
285.684: [GC [PSYoungGen: 14461K->1088K(15360K)] 25971K->12598K(49664K), 0.0005510 secs] [Times: user=0.01 sys=0.00, real=0.00 secs] 
285.685: Total time for which application threads were stopped: 0.0006590 seconds, Stopping threads took: 0.0000520 seconds
285.730: Application time: 0.0452940 seconds
285.730: [GC [PSYoungGen: 14395K->1344K(15360K)] 25906K->12854K(49664K), 0.0005690 secs] [Times: user=0.00 sys=0.00, real=0.00 secs] 
285.731: Total time for which application threads were stopped: 0.0006900 seconds, Stopping threads took: 0.0000600 seconds
285.780: Application time: 0.0491420 seconds
285.780: [GC [PSYoungGen: 14651K->1408K(15360K)] 26162K->12918K(49664K), 0.0005910 secs] [Times: user=0.00 sys=0.00, real=0.01 secs] 
285.781: Total time for which application threads were stopped: 0.0007110 seconds, Stopping threads took: 0.0000640 seconds
285.823: Application time: 0.0427610 seconds
285.823: [GC [PSYoungGen: 14717K->1360K(15360K)] 26227K->13082K(49664K), 0.0005890 secs] [Times: user=0.00 sys=0.00, real=0.00 secs] 
285.824: Total time for which application threads were stopped: 0.0007050 seconds, Stopping threads took: 0.0000600 seconds
285.874: Application time: 0.0498210 seconds
285.874: [GC [PSYoungGen: 14668K->1248K(15360K)] 26391K->13175K(49664K), 0.0005670 secs] [Times: user=0.00 sys=0.00, real=0.00 secs] 
285.875: Total time for which application threads were stopped: 0.0006820 seconds, Stopping threads took: 0.0000580 seconds
285.930: Application time: 0.0549940 seconds
285.930: [GC [PSYoungGen: 14558K->1216K(15360K)] 26486K->13143K(49664K), 0.0005490 secs] [Times: user=0.00 sys=0.00, real=0.00 secs] 
285.930: Total time for which application threads were stopped: 0.0006690 seconds, Stopping threads took: 0.0000640 seconds
285.984: Application time: 0.0541460 seconds
285.984: [GC [PSYoungGen: 14524K->1440K(15360K)] 26452K->13367K(49664K), 0.0005740 secs] [Times: user=0.00 sys=0.00, real=0.00 secs] 
285.985: Total time for which application threads were stopped: 0.0006990 seconds, Stopping threads took: 0.0000690 seconds
286.028: Application time: 0.0429430 seconds
286.028: [GC [PSYoungGen: 14749K->1488K(15360K)] 26677K->13415K(49664K), 0.0006060 secs] [Times: user=0.01 sys=0.00, real=0.01 secs] 
286.029: Total time for which application threads were stopped: 0.0007230 seconds, Stopping threads took: 0.0000540 seconds
286.086: Application time: 0.0571610 seconds
286.086: [GC [PSYoungGen: 14796K->1472K(15360K)] 26724K->13399K(49664K), 0.0006290 secs] [Times: user=0.00 sys=0.00, real=0.00 secs] 
286.087: Total time for which application threads were stopped: 0.0007350 seconds, Stopping threads took: 0.0000470 seconds
286.144: Application time: 0.0571140 seconds
286.144: [GC [PSYoungGen: 14783K->1568K(15360K)] 26710K->13495K(49664K), 0.0005740 secs] [Times: user=0.00 sys=0.01, real=0.00 secs] 
286.144: Total time for which application threads were stopped: 0.0006930 seconds, Stopping threads took: 0.0000570 seconds
286.202: Application time: 0.0573160 seconds
286.202: [GC [PSYoungGen: 14879K->1488K(15360K)] 26806K->13415K(49664K), 0.0005940 secs] [Times: user=0.00 sys=0.00, real=0.00 secs] 
286.202: Total time for which application threads were stopped: 0.0007180 seconds, Stopping threads took: 0.0000640 seconds
286.259: Application time: 0.0568530 seconds
286.259: [GC [PSYoungGen: 14796K->1472K(15360K)] 26724K->13455K(49664K), 0.0006100 secs] [Times: user=0.00 sys=0.00, real=0.00 secs] 
286.260: Total time for which application threads were stopped: 0.0007210 seconds, Stopping threads took: 0.0000520 seconds
286.314: Application time: 0.0542520 seconds
286.316: [GC [PSYoungGen: 14783K->1664K(15360K)] 26767K->13647K(49664K), 0.0006660 secs] [Times: user=0.00 sys=0.00, real=0.00 secs] 
286.317: Total time for which application threads were stopped: 0.0026720 seconds, Stopping threads took: 0.0019520 seconds
286.358: Application time: 0.0405870 seconds
286.358: [GC [PSYoungGen: 14974K->1888K(15360K)] 26958K->13871K(49664K), 0.0006720 secs] [Times: user=0.01 sys=0.00, real=0.00 secs] 
286.358: Total time for which application threads were stopped: 0.0007840 seconds, Stopping threads took: 0.0000560 seconds
286.399: Application time: 0.0407230 seconds
286.399: [GC [PSYoungGen: 15142K->1744K(15360K)] 27125K->13727K(49664K), 0.0006730 secs] [Times: user=0.00 sys=0.00, real=0.00 secs] 
286.400: Total time for which application threads were stopped: 0.0007950 seconds, Stopping threads took: 0.0000660 seconds
286.454: Application time: 0.0536890 seconds
286.454: [GC [PSYoungGen: 15054K->1904K(15360K)] 27038K->13887K(49664K), 0.0006800 secs] [Times: user=0.00 sys=0.00, real=0.00 secs] 
286.454: Total time for which application threads were stopped: 0.0007900 seconds, Stopping threads took: 0.0000540 seconds
286.511: Application time: 0.0570860 seconds
286.512: [GC [PSYoungGen: 15212K->1648K(15360K)] 27196K->13868K(49664K), 0.0006720 secs] [Times: user=0.00 sys=0.01, real=0.00 secs] 
286.512: Total time for which application threads were stopped: 0.0007960 seconds, Stopping threads took: 0.0000630 seconds
286.570: Application time: 0.0581780 seconds
286.571: [GC [PSYoungGen: 14957K->1664K(15360K)] 27177K->13884K(49664K), 0.0007500 secs] [Times: user=0.00 sys=0.00, real=0.00 secs] 
286.571: Total time for which application threads were stopped: 0.0008750 seconds, Stopping threads took: 0.0000650 seconds
286.630: Application time: 0.0590040 seconds
286.630: [GC [PSYoungGen: 14975K->1648K(15360K)] 27195K->13908K(49664K), 0.0006080 secs] [Times: user=0.01 sys=0.00, real=0.00 secs] 
286.631: Total time for which application threads were stopped: 0.0007240 seconds, Stopping threads took: 0.0000580 seconds
286.689: Application time: 0.0581070 seconds
286.689: [GC [PSYoungGen: 14957K->1456K(15360K)] 27217K->13960K(49664K), 0.0006760 secs] [Times: user=0.00 sys=0.00, real=0.00 secs] 
286.690: Total time for which application threads were stopped: 0.0008000 seconds, Stopping threads took: 0.0000590 seconds
286.747: Application time: 0.0566020 seconds
286.747: [GC [PSYoungGen: 14764K->1216K(15360K)] 27269K->13965K(49664K), 0.0005610 secs] [Times: user=0.00 sys=0.00, real=0.00 secs] 
286.747: Total time for which application threads were stopped: 0.0006750 seconds, Stopping threads took: 0.0000600 seconds
286.805: Application time: 0.0575280 seconds
286.805: [GC [PSYoungGen: 14526K->1184K(15360K)] 27275K->13933K(49664K), 0.0005410 secs] [Times: user=0.00 sys=0.00, real=0.00 secs] 
286.805: Total time for which application threads were stopped: 0.0006550 seconds, Stopping threads took: 0.0000580 seconds
286.866: Application time: 0.0605400 seconds
286.867: [GC [PSYoungGen: 14493K->1120K(15360K)] 27242K->13917K(49664K), 0.0005120 secs] [Times: user=0.00 sys=0.00, real=0.00 secs] 
286.868: Total time for which application threads were stopped: 0.0018560 seconds, Stopping threads took: 0.0012860 seconds
286.927: Application time: 0.0596480 seconds
286.928: [GC [PSYoungGen: 14429K->1088K(15360K)] 27226K->13885K(49664K), 0.0005190 secs] [Times: user=0.00 sys=0.00, real=0.00 secs] 
286.928: Total time for which application threads were stopped: 0.0006390 seconds, Stopping threads took: 0.0000640 seconds
286.984: Application time: 0.0562020 seconds
286.984: [GC [PSYoungGen: 14398K->1376K(15360K)] 27196K->14173K(49664K), 0.0005630 secs] [Times: user=0.00 sys=0.00, real=0.00 secs] 
286.985: Total time for which application threads were stopped: 0.0006760 seconds, Stopping threads took: 0.0000580 seconds
287.027: Application time: 0.0420030 seconds
287.027: [GC [PSYoungGen: 14687K->1120K(15360K)] 27484K->14153K(49664K), 0.0005950 secs] [Times: user=0.00 sys=0.00, real=0.00 secs] 
287.028: Total time for which application threads were stopped: 0.0006980 seconds, Stopping threads took: 0.0000480 seconds
287.086: Application time: 0.0581480 seconds
287.086: [GC [PSYoungGen: 14431K->960K(15360K)] 27465K->14206K(49664K), 0.0005240 secs] [Times: user=0.00 sys=0.00, real=0.00 secs] 
287.086: Total time for which application threads were stopped: 0.0006370 seconds, Stopping threads took: 0.0000550 seconds
287.144: Application time: 0.0579480 seconds
287.145: [GC [PSYoungGen: 14268K->928K(15360K)] 27514K->14222K(49664K), 0.0004860 secs] [Times: user=0.00 sys=0.00, real=0.00 secs] 
287.145: Total time for which application threads were stopped: 0.0006020 seconds, Stopping threads took: 0.0000590 seconds
287.184: Application time: 0.0388390 seconds
287.184: [GC [PSYoungGen: 14238K->1392K(15360K)] 27533K->14686K(49664K), 0.0005490 secs] [Times: user=0.00 sys=0.00, real=0.00 secs] 
287.185: Total time for which application threads were stopped: 0.0006720 seconds, Stopping threads took: 0.0000660 seconds
287.223: Application time: 0.0388400 seconds
287.224: [GC [PSYoungGen: 14700K->1344K(15360K)] 27994K->14638K(49664K), 0.0005490 secs] [Times: user=0.01 sys=0.00, real=0.00 secs] 
287.224: Total time for which application threads were stopped: 0.0006760 seconds, Stopping threads took: 0.0000640 seconds
287.281: Application time: 0.0570230 seconds
287.281: [GC [PSYoungGen: 14652K->1088K(15360K)] 27947K->14635K(49664K), 0.0006020 secs] [Times: user=0.01 sys=0.00, real=0.00 secs] 
287.282: Total time for which application threads were stopped: 0.0007140 seconds, Stopping threads took: 0.0000580 seconds
287.339: Application time: 0.0574830 seconds
287.340: [GC [PSYoungGen: 14396K->1184K(15360K)] 27943K->14731K(49664K), 0.0005190 secs] [Times: user=0.00 sys=0.00, real=0.00 secs] 
287.341: Total time for which application threads were stopped: 0.0015620 seconds, Stopping threads took: 0.0009870 seconds
287.400: Application time: 0.0588690 seconds
287.400: [GC [PSYoungGen: 14495K->1088K(15360K)] 28042K->14635K(49664K), 0.0005160 secs] [Times: user=0.00 sys=0.00, real=0.01 secs] 
287.400: Total time for which application threads were stopped: 0.0006240 seconds, Stopping threads took: 0.0000530 seconds
287.448: Application time: 0.0480510 seconds
287.448: [GC [PSYoungGen: 14396K->1392K(15360K)] 27943K->14939K(49664K), 0.0005990 secs] [Times: user=0.00 sys=0.00, real=0.00 secs] 
287.449: Total time for which application threads were stopped: 0.0007020 seconds, Stopping threads took: 0.0000460 seconds
287.497: Application time: 0.0475230 seconds
287.497: [GC [PSYoungGen: 14703K->1328K(15360K)] 28250K->14875K(49664K), 0.0006170 secs] [Times: user=0.00 sys=0.00, real=0.00 secs] 
287.497: Total time for which application threads were stopped: 0.0007320 seconds, Stopping threads took: 0.0000530 seconds
287.540: Application time: 0.0430810 seconds
287.541: [GC [PSYoungGen: 14640K->1392K(15360K)] 28186K->15151K(49664K), 0.0006050 secs] [Times: user=0.00 sys=0.00, real=0.00 secs] 
287.541: Total time for which application threads were stopped: 0.0007200 seconds, Stopping threads took: 0.0000600 seconds
287.591: Application time: 0.0493380 seconds
287.591: [GC [PSYoungGen: 14703K->1280K(15360K)] 28463K->15252K(49664K), 0.0005780 secs] [Times: user=0.00 sys=0.00, real=0.00 secs] 
287.591: Total time for which application threads were stopped: 0.0007080 seconds, Stopping threads took: 0.0000710 seconds
287.646: Application time: 0.0545640 seconds
287.646: [GC [PSYoungGen: 14589K->1280K(15360K)] 28561K->15252K(49664K), 0.0005520 secs] [Times: user=0.00 sys=0.00, real=0.00 secs] 
287.646: Total time for which application threads were stopped: 0.0006640 seconds, Stopping threads took: 0.0000540 seconds
287.701: Application time: 0.0543930 seconds
287.701: [GC [PSYoungGen: 14588K->1408K(15360K)] 28560K->15380K(49664K), 0.0006160 secs] [Times: user=0.00 sys=0.00, real=0.00 secs] 
287.704: Total time for which application threads were stopped: 0.0030760 seconds, Stopping threads took: 0.0000590 seconds
287.747: Application time: 0.0429130 seconds
287.747: [GC [PSYoungGen: 14717K->1488K(15360K)] 28689K->15460K(49664K), 0.0006180 secs] [Times: user=0.01 sys=0.00, real=0.00 secs] 
287.748: Total time for which application threads were stopped: 0.0007930 seconds, Stopping threads took: 0.0001130 seconds
287.805: Application time: 0.0572390 seconds
287.805: [GC [PSYoungGen: 14796K->1472K(15360K)] 28768K->15444K(49664K), 0.0005950 secs] [Times: user=0.01 sys=0.00, real=0.00 secs] 
287.806: Total time for which application threads were stopped: 0.0007110 seconds, Stopping threads took: 0.0000590 seconds
287.863: Application time: 0.0572340 seconds
287.863: [GC [PSYoungGen: 14783K->1520K(15360K)] 28755K->15492K(49664K), 0.0005820 secs] [Times: user=0.01 sys=0.00, real=0.00 secs] 
287.864: Total time for which application threads were stopped: 0.0007060 seconds, Stopping threads took: 0.0000680 seconds
287.921: Application time: 0.0575600 seconds
287.921: [GC [PSYoungGen: 14828K->1504K(15360K)] 28800K->15476K(49664K), 0.0006590 secs] [Times: user=0.00 sys=0.00, real=0.00 secs] 
287.922: Total time for which application threads were stopped: 0.0007680 seconds, Stopping threads took: 0.0000540 seconds
287.979: Application time: 0.0566590 seconds
287.979: [GC [PSYoungGen: 14812K->1472K(15360K)] 28784K->15492K(49664K), 0.0006050 secs] [Times: user=0.01 sys=0.00, real=0.00 secs] 
287.979: Total time for which application threads were stopped: 0.0007100 seconds, Stopping threads took: 0.0000490 seconds
288.033: Application time: 0.0534950 seconds
288.033: [GC [PSYoungGen: 14781K->1680K(15360K)] 28801K->15700K(49664K), 0.0006260 secs] [Times: user=0.00 sys=0.00, real=0.00 secs] 
288.033: Total time for which application threads were stopped: 0.0007410 seconds, Stopping threads took: 0.0000620 seconds
288.074: Application time: 0.0409080 seconds
288.074: [GC [PSYoungGen: 14990K->1872K(15360K)] 29010K->15892K(49664K), 0.0006640 secs] [Times: user=0.00 sys=0.00, real=0.00 secs] 
288.075: Total time for which application threads were stopped: 0.0007720 seconds, Stopping threads took: 0.0000530 seconds
288.116: Application time: 0.0405800 seconds
288.116: [GC [PSYoungGen: 15180K->1888K(15360K)] 29200K->15908K(49664K), 0.0006390 secs] [Times: user=0.01 sys=0.00, real=0.00 secs] 
288.117: Total time for which application threads were stopped: 0.0007500 seconds, Stopping threads took: 0.0000570 seconds
288.171: Application time: 0.0545660 seconds
288.171: [GC [PSYoungGen: 15196K->1920K(15360K)] 29216K->15940K(49664K), 0.0007030 secs] [Times: user=0.01 sys=0.00, real=0.00 secs] 
288.172: Total time for which application threads were stopped: 0.0008210 seconds, Stopping threads took: 0.0000600 seconds
288.229: Application time: 0.0571430 seconds
288.229: [GC [PSYoungGen: 15231K->1696K(15360K)] 29251K->15952K(49664K), 0.0007350 secs] [Times: user=0.01 sys=0.00, real=0.00 secs] 
288.230: Total time for which application threads were stopped: 0.0008630 seconds, Stopping threads took: 0.0000700 seconds
288.288: Application time: 0.0582240 seconds
288.288: [GC [PSYoungGen: 15005K->1664K(15360K)] 29262K->15920K(49664K), 0.0006950 secs] [Times: user=0.00 sys=0.00, real=0.01 secs] 
288.289: Total time for which application threads were stopped: 0.0008270 seconds, Stopping threads took: 0.0000640 seconds
288.347: Application time: 0.0582640 seconds
288.347: [GC [PSYoungGen: 14973K->1664K(15360K)] 29230K->15920K(49664K), 0.0006470 secs] [Times: user=0.00 sys=0.00, real=0.00 secs] 
288.348: Total time for which application threads were stopped: 0.0007750 seconds, Stopping threads took: 0.0000730 seconds
288.407: Application time: 0.0590590 seconds
288.407: [GC [PSYoungGen: 14976K->1392K(15360K)] 29232K->15925K(49664K), 0.0006230 secs] [Times: user=0.01 sys=0.00, real=0.00 secs] 
288.408: Total time for which application threads were stopped: 0.0007600 seconds, Stopping threads took: 0.0000780 seconds
288.465: Application time: 0.0572580 seconds
288.465: [GC [PSYoungGen: 14700K->1200K(15360K)] 29234K->15973K(49664K), 0.0005460 secs] [Times: user=0.00 sys=0.00, real=0.00 secs] 
288.466: Total time for which application threads were stopped: 0.0006600 seconds, Stopping threads took: 0.0000570 seconds
288.523: Application time: 0.0570990 seconds
288.523: [GC [PSYoungGen: 14508K->1152K(15360K)] 29281K->15925K(49664K), 0.0005900 secs] [Times: user=0.00 sys=0.00, real=0.00 secs] 
288.524: Total time for which application threads were stopped: 0.0006910 seconds, Stopping threads took: 0.0000480 seconds
288.582: Application time: 0.0587430 seconds
288.582: [GC [PSYoungGen: 14461K->1088K(15360K)] 29234K->15909K(49664K), 0.0005240 secs] [Times: user=0.00 sys=0.00, real=0.00 secs] 
288.583: Total time for which application threads were stopped: 0.0006410 seconds, Stopping threads took: 0.0000600 seconds
288.642: Application time: 0.0592920 seconds
288.642: [GC [PSYoungGen: 14397K->1184K(15360K)] 29218K->16005K(49664K), 0.0005660 secs] [Times: user=0.00 sys=0.00, real=0.00 secs] 
288.643: Total time for which application threads were stopped: 0.0007100 seconds, Stopping threads took: 0.0000870 seconds
288.701: Application time: 0.0578770 seconds
288.701: [GC [PSYoungGen: 14495K->1376K(15360K)] 29317K->16197K(49664K), 0.0005980 secs] [Times: user=0.00 sys=0.00, real=0.00 secs] 
288.702: Total time for which application threads were stopped: 0.0006990 seconds, Stopping threads took: 0.0000470 seconds
288.744: Application time: 0.0424000 seconds
288.744: [GC [PSYoungGen: 14685K->1152K(15360K)] 29507K->16169K(49664K), 0.0005530 secs] [Times: user=0.00 sys=0.00, real=0.00 secs] 
288.745: Total time for which application threads were stopped: 0.0006750 seconds, Stopping threads took: 0.0000660 seconds
288.802: Application time: 0.0570180 seconds
288.802: [GC [PSYoungGen: 14461K->1088K(15360K)] 29479K->16326K(49664K), 0.0005730 secs] [Times: user=0.01 sys=0.00, real=0.00 secs] 
288.802: Total time for which application threads were stopped: 0.0007050 seconds, Stopping threads took: 0.0000670 seconds
288.860: Application time: 0.0572620 seconds
288.860: [GC [PSYoungGen: 14396K->864K(15360K)] 29635K->16150K(49664K), 0.0005290 secs] [Times: user=0.00 sys=0.00, real=0.00 secs] 
288.860: Total time for which application threads were stopped: 0.0006430 seconds, Stopping threads took: 0.0000560 seconds
288.904: Application time: 0.0438420 seconds
288.904: [GC [PSYoungGen: 14174K->1152K(15360K)] 29460K->16438K(49664K), 0.0005980 secs] [Times: user=0.00 sys=0.01, real=0.00 secs] 
288.905: Total time for which application threads were stopped: 0.0006960 seconds, Stopping threads took: 0.0000430 seconds
288.944: Application time: 0.0387760 seconds
288.944: [GC [PSYoungGen: 14462K->1344K(15360K)] 29748K->16678K(49664K), 0.0005720 secs] [Times: user=0.01 sys=0.00, real=0.00 secs] 
288.944: Total time for which application threads were stopped: 0.0006850 seconds, Stopping threads took: 0.0000490 seconds
288.997: Application time: 0.0526730 seconds
288.997: [GC [PSYoungGen: 14653K->1120K(15360K)] 29987K->16667K(49664K), 0.0005380 secs] [Times: user=0.01 sys=0.00, real=0.00 secs] 
288.998: Total time for which application threads were stopped: 0.0006520 seconds, Stopping threads took: 0.0000590 seconds
289.055: Application time: 0.0577290 seconds
289.055: [GC [PSYoungGen: 14431K->1152K(15360K)] 29978K->16699K(49664K), 0.0005300 secs] [Times: user=0.00 sys=0.00, real=0.00 secs] 
289.056: Total time for which application threads were stopped: 0.0006320 seconds, Stopping threads took: 0.0000460 seconds
289.115: Application time: 0.0586020 seconds
289.115: [GC [PSYoungGen: 14461K->1152K(15360K)] 30008K->16699K(49664K), 0.0004880 secs] [Times: user=0.00 sys=0.00, real=0.00 secs] 
289.115: Total time for which application threads were stopped: 0.0006030 seconds, Stopping threads took: 0.0000630 seconds
289.166: Application time: 0.0512330 seconds
289.166: [GC [PSYoungGen: 14461K->1408K(15360K)] 30008K->16955K(49664K), 0.0006390 secs] [Times: user=0.01 sys=0.00, real=0.00 secs] 
289.167: Total time for which application threads were stopped: 0.0007490 seconds, Stopping threads took: 0.0000550 seconds
289.211: Application time: 0.0440770 seconds
289.211: [GC [PSYoungGen: 14717K->1344K(15360K)] 30264K->16891K(49664K), 0.0005660 secs] [Times: user=0.00 sys=0.00, real=0.00 secs] 
289.212: Total time for which application threads were stopped: 0.0006660 seconds, Stopping threads took: 0.0000450 seconds
289.255: Application time: 0.0427550 seconds
289.255: [GC [PSYoungGen: 14655K->1328K(15360K)] 30202K->17091K(49664K), 0.0006640 secs] [Times: user=0.00 sys=0.00, real=0.00 secs] 
289.255: Total time for which application threads were stopped: 0.0007820 seconds, Stopping threads took: 0.0000600 seconds
289.306: Application time: 0.0507890 seconds
289.306: [GC [PSYoungGen: 14639K->1216K(15360K)] 30402K->17207K(49664K), 0.0005710 secs] [Times: user=0.00 sys=0.00, real=0.00 secs] 
289.307: Total time for which application threads were stopped: 0.0006960 seconds, Stopping threads took: 0.0000550 seconds
289.361: Application time: 0.0537920 seconds
289.361: [GC [PSYoungGen: 14527K->1280K(15360K)] 30518K->17271K(49664K), 0.0005300 secs] [Times: user=0.00 sys=0.00, real=0.00 secs] 
289.361: Total time for which application threads were stopped: 0.0006370 seconds, Stopping threads took: 0.0000520 seconds
289.417: Application time: 0.0558590 seconds
289.417: [GC [PSYoungGen: 14590K->1440K(15360K)] 30582K->17431K(49664K), 0.0005860 secs] [Times: user=0.00 sys=0.00, real=0.00 secs] 
289.418: Total time for which application threads were stopped: 0.0007190 seconds, Stopping threads took: 0.0000770 seconds
289.460: Application time: 0.0424850 seconds
289.460: [GC [PSYoungGen: 14748K->1488K(15360K)] 30739K->17479K(49664K), 0.0006670 secs] [Times: user=0.00 sys=0.00, real=0.00 secs] 
289.461: Total time for which application threads were stopped: 0.0007820 seconds, Stopping threads took: 0.0000560 seconds
289.519: Application time: 0.0574930 seconds
289.519: [GC [PSYoungGen: 14799K->1392K(15360K)] 30791K->17383K(49664K), 0.0006230 secs] [Times: user=0.00 sys=0.00, real=0.00 secs] 
289.519: Total time for which application threads were stopped: 0.0007300 seconds, Stopping threads took: 0.0000510 seconds
289.577: Application time: 0.0576160 seconds
289.577: [GC [PSYoungGen: 14701K->1504K(15360K)] 30692K->17495K(49664K), 0.0005980 secs] [Times: user=0.00 sys=0.00, real=0.00 secs] 
289.578: Total time for which application threads were stopped: 0.0007120 seconds, Stopping threads took: 0.0000570 seconds
289.635: Application time: 0.0572410 seconds
289.635: [GC [PSYoungGen: 14812K->1504K(15360K)] 30804K->17495K(49664K), 0.0006310 secs] [Times: user=0.00 sys=0.00, real=0.00 secs] 
289.636: Total time for which application threads were stopped: 0.0007420 seconds, Stopping threads took: 0.0000560 seconds
289.692: Application time: 0.0564910 seconds
289.692: [GC [PSYoungGen: 14812K->1504K(15360K)] 30804K->17543K(49664K), 0.0005880 secs] [Times: user=0.00 sys=0.00, real=0.00 secs] 
289.693: Total time for which application threads were stopped: 0.0006970 seconds, Stopping threads took: 0.0000510 seconds
289.752: Application time: 0.0586700 seconds
289.752: [GC [PSYoungGen: 14813K->1408K(15360K)] 30853K->17447K(49664K), 0.0006570 secs] [Times: user=0.00 sys=0.00, real=0.00 secs] 
289.752: Total time for which application threads were stopped: 0.0007840 seconds, Stopping threads took: 0.0000720 seconds
289.791: Application time: 0.0385440 seconds
289.791: [GC [PSYoungGen: 14719K->1824K(15360K)] 30758K->17863K(49664K), 0.0006660 secs] [Times: user=0.00 sys=0.00, real=0.00 secs] 
289.792: Total time for which application threads were stopped: 0.0007980 seconds, Stopping threads took: 0.0000760 seconds
289.830: Application time: 0.0380840 seconds
289.830: [GC [PSYoungGen: 15132K->1904K(15360K)] 31171K->17943K(49664K), 0.0006580 secs] [Times: user=0.01 sys=0.00, real=0.00 secs] 
289.831: Total time for which application threads were stopped: 0.0007860 seconds, Stopping threads took: 0.0000590 seconds
289.886: Application time: 0.0554600 seconds
289.887: [GC [PSYoungGen: 15212K->1856K(15360K)] 31252K->17895K(49664K), 0.0006320 secs] [Times: user=0.01 sys=0.00, real=0.00 secs] 
289.888: Total time for which application threads were stopped: 0.0019260 seconds, Stopping threads took: 0.0012380 seconds
289.945: Application time: 0.0571450 seconds
289.948: [GC [PSYoungGen: 15165K->1632K(15360K)] 31204K->17927K(49664K), 0.0008150 secs] [Times: user=0.00 sys=0.00, real=0.00 secs] 
289.949: Total time for which application threads were stopped: 0.0041300 seconds, Stopping threads took: 0.0032560 seconds
290.007: Application time: 0.0580780 seconds
290.007: [GC [PSYoungGen: 14941K->1696K(15360K)] 31237K->17991K(49664K), 0.0007210 secs] [Times: user=0.01 sys=0.00, real=0.00 secs] 
290.008: Total time for which application threads were stopped: 0.0008690 seconds, Stopping threads took: 0.0000870 seconds
290.067: Application time: 0.0583460 seconds
290.067: [GC [PSYoungGen: 15005K->1680K(15360K)] 31301K->17975K(49664K), 0.0006340 secs] [Times: user=0.01 sys=0.00, real=0.00 secs] 
290.067: Total time for which application threads were stopped: 0.0007460 seconds, Stopping threads took: 0.0000570 seconds
290.126: Application time: 0.0582930 seconds
290.126: [GC [PSYoungGen: 14989K->1600K(15360K)] 31285K->17967K(49664K), 0.0005990 secs] [Times: user=0.01 sys=0.00, real=0.00 secs] 
290.126: Total time for which application threads were stopped: 0.0007210 seconds, Stopping threads took: 0.0000650 seconds
290.184: Application time: 0.0571980 seconds
290.184: [GC [PSYoungGen: 14911K->1184K(15360K)] 31279K->17996K(49664K), 0.0005920 secs] [Times: user=0.01 sys=0.00, real=0.00 secs] 
290.184: Total time for which application threads were stopped: 0.0007130 seconds, Stopping threads took: 0.0000650 seconds
290.240: Application time: 0.0558860 seconds
290.244: [GC [PSYoungGen: 14494K->1200K(15360K)] 31306K->18012K(49664K), 0.0005380 secs] [Times: user=0.00 sys=0.00, real=0.00 secs] 
290.245: Total time for which application threads were stopped: 0.0047480 seconds, Stopping threads took: 0.0041550 seconds
290.304: Application time: 0.0593500 seconds
290.304: [GC [PSYoungGen: 14509K->1152K(15360K)] 31321K->18012K(49664K), 0.0005490 secs] [Times: user=0.00 sys=0.00, real=0.00 secs] 
290.305: Total time for which application threads were stopped: 0.0006940 seconds, Stopping threads took: 0.0000880 seconds
290.364: Application time: 0.0588650 seconds
290.364: [GC [PSYoungGen: 14461K->1152K(15360K)] 31321K->18012K(49664K), 0.0005330 secs] [Times: user=0.00 sys=0.00, real=0.00 secs] 
290.364: Total time for which application threads were stopped: 0.0006560 seconds, Stopping threads took: 0.0000550 seconds
290.424: Application time: 0.0593720 seconds
290.424: [GC [PSYoungGen: 14461K->1184K(15360K)] 31321K->18044K(49664K), 0.0005310 secs] [Times: user=0.00 sys=0.00, real=0.00 secs] 
290.424: Total time for which application threads were stopped: 0.0006470 seconds, Stopping threads took: 0.0000510 seconds
290.468: Application time: 0.0439510 seconds
290.469: [GC [PSYoungGen: 14495K->1168K(15360K)] 31356K->18233K(49664K), 0.0005700 secs] [Times: user=0.01 sys=0.00, real=0.00 secs] 
290.469: Total time for which application threads were stopped: 0.0006840 seconds, Stopping threads took: 0.0000550 seconds
290.522: Application time: 0.0533250 seconds
290.523: [GC [PSYoungGen: 14476K->1024K(15360K)] 31541K->18309K(49664K), 0.0005270 secs] [Times: user=0.01 sys=0.00, real=0.00 secs] 
290.523: Total time for which application threads were stopped: 0.0006340 seconds, Stopping threads took: 0.0000500 seconds
290.581: Application time: 0.0575860 seconds
290.581: [GC [PSYoungGen: 14332K->976K(15360K)] 31618K->18261K(49664K), 0.0005110 secs] [Times: user=0.00 sys=0.00, real=0.00 secs] 
290.581: Total time for which application threads were stopped: 0.0006120 seconds, Stopping threads took: 0.0000460 seconds
290.625: Application time: 0.0438530 seconds
290.625: [GC [PSYoungGen: 14286K->1184K(15360K)] 31571K->18509K(49664K), 0.0006090 secs] [Times: user=0.00 sys=0.00, real=0.00 secs] 
290.626: Total time for which application threads were stopped: 0.0007250 seconds, Stopping threads took: 0.0000590 seconds
290.665: Application time: 0.0389190 seconds
290.665: [GC [PSYoungGen: 14492K->1344K(15360K)] 31817K->18717K(49664K), 0.0005660 secs] [Times: user=0.00 sys=0.00, real=0.00 secs] 
290.665: Total time for which application threads were stopped: 0.0006780 seconds, Stopping threads took: 0.0000570 seconds
290.718: Application time: 0.0522740 seconds
290.718: [GC [PSYoungGen: 14655K->1184K(15360K)] 32028K->18762K(49664K), 0.0005810 secs] [Times: user=0.01 sys=0.00, real=0.00 secs] 
290.718: Total time for which application threads were stopped: 0.0006800 seconds, Stopping threads took: 0.0000450 seconds
290.776: Application time: 0.0580450 seconds
290.777: [GC [PSYoungGen: 14492K->1152K(15360K)] 32071K->18730K(49664K), 0.0005110 secs] [Times: user=0.00 sys=0.00, real=0.00 secs] 
290.777: Total time for which application threads were stopped: 0.0006340 seconds, Stopping threads took: 0.0000680 seconds
290.836: Application time: 0.0585970 seconds
290.836: [GC [PSYoungGen: 14461K->1152K(15360K)] 32039K->18730K(49664K), 0.0005690 secs] [Times: user=0.00 sys=0.00, real=0.00 secs] 
290.836: Total time for which application threads were stopped: 0.0006850 seconds, Stopping threads took: 0.0000570 seconds
290.889: Application time: 0.0524930 seconds
290.889: [GC [PSYoungGen: 14462K->1344K(15360K)] 32040K->18922K(49664K), 0.0005550 secs] [Times: user=0.00 sys=0.00, real=0.00 secs] 
290.890: Total time for which application threads were stopped: 0.0006730 seconds, Stopping threads took: 0.0000550 seconds
290.932: Application time: 0.0425330 seconds
290.932: [GC [PSYoungGen: 14655K->1376K(15360K)] 32234K->18954K(49664K), 0.0005670 secs] [Times: user=0.00 sys=0.00, real=0.00 secs] 
290.933: Total time for which application threads were stopped: 0.0006860 seconds, Stopping threads took: 0.0000610 seconds
290.974: Application time: 0.0411880 seconds
290.974: [GC [PSYoungGen: 14687K->1568K(15360K)] 32265K->19146K(49664K), 0.0006170 secs] [Times: user=0.00 sys=0.00, real=0.00 secs] 
290.975: Total time for which application threads were stopped: 0.0007390 seconds, Stopping threads took: 0.0000640 seconds
291.027: Application time: 0.0526460 seconds
291.027: [GC [PSYoungGen: 14879K->1280K(15360K)] 32457K->19262K(49664K), 0.0006040 secs] [Times: user=0.01 sys=0.00, real=0.00 secs] 
291.028: Total time for which application threads were stopped: 0.0007090 seconds, Stopping threads took: 0.0000510 seconds
291.082: Application time: 0.0540310 seconds
291.082: [GC [PSYoungGen: 14590K->1264K(15360K)] 32573K->19246K(49664K), 0.0005450 secs] [Times: user=0.00 sys=0.00, real=0.00 secs] 
291.083: Total time for which application threads were stopped: 0.0006910 seconds, Stopping threads took: 0.0000900 seconds
291.138: Application time: 0.0550550 seconds
291.138: [GC [PSYoungGen: 14575K->1440K(15360K)] 32558K->19422K(49664K), 0.0005730 secs] [Times: user=0.00 sys=0.00, real=0.00 secs] 
291.139: Total time for which application threads were stopped: 0.0006720 seconds, Stopping threads took: 0.0000430 seconds
291.180: Application time: 0.0419920 seconds
291.181: [GC [PSYoungGen: 14751K->1504K(15360K)] 32734K->19486K(49664K), 0.0006610 secs] [Times: user=0.01 sys=0.00, real=0.00 secs] 
291.181: Total time for which application threads were stopped: 0.0007770 seconds, Stopping threads took: 0.0000570 seconds
291.239: Application time: 0.0577710 seconds
291.239: [GC [PSYoungGen: 14815K->1440K(15360K)] 32798K->19422K(49664K), 0.0007210 secs] [Times: user=0.00 sys=0.00, real=0.00 secs] 
291.240: Total time for which application threads were stopped: 0.0008410 seconds, Stopping threads took: 0.0000650 seconds
291.297: Application time: 0.0568400 seconds
291.297: [GC [PSYoungGen: 14748K->1504K(15360K)] 32731K->19486K(49664K), 0.0006110 secs] [Times: user=0.01 sys=0.00, real=0.00 secs] 
291.297: Total time for which application threads were stopped: 0.0007230 seconds, Stopping threads took: 0.0000570 seconds
291.354: Application time: 0.0570220 seconds
291.355: [GC [PSYoungGen: 14812K->1536K(15360K)] 32795K->19518K(49664K), 0.0005860 secs] [Times: user=0.00 sys=0.00, real=0.00 secs] 
291.355: Total time for which application threads were stopped: 0.0007080 seconds, Stopping threads took: 0.0000660 seconds
291.413: Application time: 0.0580980 seconds
291.416: [GC [PSYoungGen: 14844K->1472K(15360K)] 32826K->19510K(49664K), 0.0005870 secs] [Times: user=0.01 sys=0.00, real=0.00 secs] 
291.417: Total time for which application threads were stopped: 0.0036340 seconds, Stopping threads took: 0.0029840 seconds
291.477: Application time: 0.0601310 seconds
291.477: [GC [PSYoungGen: 14783K->1408K(15360K)] 32822K->19446K(49664K), 0.0006270 secs] [Times: user=0.00 sys=0.00, real=0.00 secs] 
291.478: Total time for which application threads were stopped: 0.0007710 seconds, Stopping threads took: 0.0000850 seconds
291.520: Application time: 0.0423530 seconds
291.520: [GC [PSYoungGen: 14718K->1824K(15360K)] 32757K->19862K(49664K), 0.0006690 secs] [Times: user=0.00 sys=0.00, real=0.00 secs] 
291.521: Total time for which application threads were stopped: 0.0007950 seconds, Stopping threads took: 0.0000690 seconds
291.559: Application time: 0.0384850 seconds
291.560: [GC [PSYoungGen: 15132K->1872K(15360K)] 33170K->19910K(49664K), 0.0007050 secs] [Times: user=0.00 sys=0.00, real=0.01 secs] 
291.560: Total time for which application threads were stopped: 0.0008250 seconds, Stopping threads took: 0.0000640 seconds
291.612: Application time: 0.0516260 seconds
291.612: [GC [PSYoungGen: 15183K->1952K(15360K)] 33221K->19990K(49664K), 0.0007480 secs] [Times: user=0.00 sys=0.00, real=0.00 secs] 
291.613: Total time for which application threads were stopped: 0.0008570 seconds, Stopping threads took: 0.0000520 seconds
291.671: Application time: 0.0580610 seconds
291.671: [GC [PSYoungGen: 15263K->1664K(15360K)] 33302K->19955K(49664K), 0.0006990 secs] [Times: user=0.01 sys=0.00, real=0.00 secs] 
291.672: Total time for which application threads were stopped: 0.0008170 seconds, Stopping threads took: 0.0000610 seconds
291.730: Application time: 0.0581790 seconds
291.730: [GC [PSYoungGen: 14973K->1664K(15360K)] 33264K->19955K(49664K), 0.0006230 secs] [Times: user=0.00 sys=0.00, real=0.00 secs] 
291.731: Total time for which application threads were stopped: 0.0007460 seconds, Stopping threads took: 0.0000680 seconds
291.789: Application time: 0.0584340 seconds
291.789: [GC [PSYoungGen: 14973K->1616K(15360K)] 33264K->19907K(49664K), 0.0006950 secs] [Times: user=0.01 sys=0.00, real=0.00 secs] 
291.790: Total time for which application threads were stopped: 0.0008100 seconds, Stopping threads took: 0.0000570 seconds
291.848: Application time: 0.0581850 seconds
291.852: [GC [PSYoungGen: 14925K->1568K(15360K)] 33216K->19939K(49664K), 0.0006540 secs] [Times: user=0.00 sys=0.00, real=0.00 secs] 
291.853: Total time for which application threads were stopped: 0.0050230 seconds, Stopping threads took: 0.0043150 seconds
291.910: Application time: 0.0573980 seconds
291.911: [GC [PSYoungGen: 14879K->1216K(15360K)] 33250K->20024K(49664K), 0.0006380 secs] [Times: user=0.01 sys=0.00, real=0.00 secs] 
291.911: Total time for which application threads were stopped: 0.0007730 seconds, Stopping threads took: 0.0000760 seconds
291.967: Application time: 0.0556640 seconds
291.967: [GC [PSYoungGen: 14524K->1184K(15360K)] 33332K->19992K(49664K), 0.0005160 secs] [Times: user=0.00 sys=0.00, real=0.00 secs] 
291.968: Total time for which application threads were stopped: 0.0006270 seconds, Stopping threads took: 0.0000470 seconds
292.027: Application time: 0.0595690 seconds
292.027: [GC [PSYoungGen: 14493K->1184K(15360K)] 33301K->20040K(49664K), 0.0005400 secs] [Times: user=0.00 sys=0.00, real=0.00 secs] 
292.028: Total time for which application threads were stopped: 0.0006480 seconds, Stopping threads took: 0.0000490 seconds
292.087: Application time: 0.0593270 seconds
292.087: [GC [PSYoungGen: 14493K->1152K(15360K)] 33349K->20008K(49664K), 0.0005320 secs] [Times: user=0.00 sys=0.00, real=0.00 secs] 
292.088: Total time for which application threads were stopped: 0.0006720 seconds, Stopping threads took: 0.0000860 seconds
292.147: Application time: 0.0592660 seconds
292.147: [GC [PSYoungGen: 14461K->1104K(15360K)] 33317K->19960K(49664K), 0.0005370 secs] [Times: user=0.00 sys=0.00, real=0.00 secs] 
292.148: Total time for which application threads were stopped: 0.0006370 seconds, Stopping threads took: 0.0000440 seconds
292.196: Application time: 0.0485770 seconds
292.196: [GC [PSYoungGen: 14411K->1184K(15360K)] 33267K->20244K(49664K), 0.0005630 secs] [Times: user=0.00 sys=0.00, real=0.00 secs] 
292.197: Total time for which application threads were stopped: 0.0006690 seconds, Stopping threads took: 0.0000510 seconds
292.247: Application time: 0.0505040 seconds
292.248: [GC [PSYoungGen: 14495K->976K(15360K)] 33555K->20241K(49664K), 0.0005110 secs] [Times: user=0.01 sys=0.00, real=0.00 secs] 
292.248: Total time for which application threads were stopped: 0.0006230 seconds, Stopping threads took: 0.0000580 seconds
292.305: Application time: 0.0572630 seconds
292.305: [GC [PSYoungGen: 14284K->1024K(15360K)] 33550K->20289K(49664K), 0.0004990 secs] [Times: user=0.01 sys=0.00, real=0.00 secs] 
292.306: Total time for which application threads were stopped: 0.0006150 seconds, Stopping threads took: 0.0000610 seconds
292.351: Application time: 0.0452540 seconds
292.351: [GC [PSYoungGen: 14334K->1184K(15360K)] 33599K->20497K(49664K), 0.0005260 secs] [Times: user=0.00 sys=0.00, real=0.00 secs] 
292.352: Total time for which application threads were stopped: 0.0006360 seconds, Stopping threads took: 0.0000550 seconds
292.392: Application time: 0.0398330 seconds
292.392: [GC [PSYoungGen: 14494K->1376K(15360K)] 33807K->20689K(49664K), 0.0005690 secs] [Times: user=0.00 sys=0.00, real=0.00 secs] 
292.392: Total time for which application threads were stopped: 0.0006780 seconds, Stopping threads took: 0.0000510 seconds
292.442: Application time: 0.0493230 seconds
292.442: [GC [PSYoungGen: 14687K->1120K(15360K)] 34000K->20669K(49664K), 0.0005410 secs] [Times: user=0.01 sys=0.00, real=0.00 secs] 
292.442: Total time for which application threads were stopped: 0.0006700 seconds, Stopping threads took: 0.0000700 seconds
292.499: Application time: 0.0569500 seconds
292.499: [GC [PSYoungGen: 14431K->1120K(15360K)] 33981K->20669K(49664K), 0.0005170 secs] [Times: user=0.00 sys=0.00, real=0.00 secs] 
292.500: Total time for which application threads were stopped: 0.0006460 seconds, Stopping threads took: 0.0000600 seconds
292.558: Application time: 0.0585700 seconds
292.559: [GC [PSYoungGen: 14429K->1088K(15360K)] 33979K->20637K(49664K), 0.0005790 secs] [Times: user=0.01 sys=0.00, real=0.00 secs] 
292.559: Total time for which application threads were stopped: 0.0007120 seconds, Stopping threads took: 0.0000740 seconds
292.616: Application time: 0.0563680 seconds
292.616: [GC [PSYoungGen: 14397K->1152K(15360K)] 33946K->20701K(49664K), 0.0005210 secs] [Times: user=0.00 sys=0.00, real=0.00 secs] 
292.616: Total time for which application threads were stopped: 0.0006270 seconds, Stopping threads took: 0.0000470 seconds
292.655: Application time: 0.0383690 seconds
292.655: [GC [PSYoungGen: 14462K->1536K(15360K)] 34011K->21085K(49664K), 0.0006780 secs] [Times: user=0.00 sys=0.00, real=0.00 secs] 
292.655: Total time for which application threads were stopped: 0.0007790 seconds, Stopping threads took: 0.0000440 seconds
292.695: Application time: 0.0391570 seconds
292.695: [GC [PSYoungGen: 14843K->1616K(15360K)] 34393K->21165K(49664K), 0.0005790 secs] [Times: user=0.00 sys=0.00, real=0.00 secs] 
292.695: Total time for which application threads were stopped: 0.0007020 seconds, Stopping threads took: 0.0000670 seconds
292.749: Application time: 0.0540910 seconds
292.752: [GC [PSYoungGen: 14927K->1200K(15360K)] 34476K->21170K(49664K), 0.0006590 secs] [Times: user=0.00 sys=0.00, real=0.00 secs] 
292.754: Total time for which application threads were stopped: 0.0046440 seconds, Stopping threads took: 0.0029760 seconds
292.810: Application time: 0.0563630 seconds
292.810: [GC [PSYoungGen: 14508K->1216K(15360K)] 34479K->21186K(49664K), 0.0006070 secs] [Times: user=0.00 sys=0.00, real=0.00 secs] 
292.811: Total time for which application threads were stopped: 0.0007220 seconds, Stopping threads took: 0.0000610 seconds
292.864: Application time: 0.0528780 seconds
292.864: [GC [PSYoungGen: 14527K->1440K(15360K)] 34498K->21410K(49664K), 0.0006020 secs] [Times: user=0.00 sys=0.00, real=0.00 secs] 
292.865: Total time for which application threads were stopped: 0.0007230 seconds, Stopping threads took: 0.0000640 seconds
292.909: Application time: 0.0443240 seconds
292.909: [GC [PSYoungGen: 14747K->1488K(15360K)] 34717K->21458K(49664K), 0.0005350 secs] [Times: user=0.01 sys=0.00, real=0.00 secs] 
292.910: Total time for which application threads were stopped: 0.0006470 seconds, Stopping threads took: 0.0000570 seconds
292.967: Application time: 0.0575690 seconds
292.967: [GC [PSYoungGen: 14798K->1296K(15360K)] 34768K->21266K(49664K), 0.0005940 secs] [Times: user=0.01 sys=0.00, real=0.00 secs] 
292.968: Total time for which application threads were stopped: 0.0006900 seconds, Stopping threads took: 0.0000390 seconds
293.026: Application time: 0.0579410 seconds
293.026: [GC [PSYoungGen: 14603K->1488K(15360K)] 34574K->21458K(49664K), 0.0006120 secs] [Times: user=0.00 sys=0.00, real=0.00 secs] 
293.027: Total time for which application threads were stopped: 0.0007430 seconds, Stopping threads took: 0.0000640 seconds
293.082: Application time: 0.0550230 seconds
293.082: [GC [PSYoungGen: 14795K->1472K(15360K)] 34766K->21442K(49664K), 0.0006550 secs] [Times: user=0.01 sys=0.00, real=0.00 secs] 
293.082: Total time for which application threads were stopped: 0.0007630 seconds, Stopping threads took: 0.0000510 seconds
293.141: Application time: 0.0589810 seconds
293.141: [GC [PSYoungGen: 14781K->1408K(15360K)] 34751K->21418K(49664K), 0.0006990 secs] [Times: user=0.01 sys=0.00, real=0.00 secs] 
293.142: Total time for which application threads were stopped: 0.0008400 seconds, Stopping threads took: 0.0000820 seconds
293.201: Application time: 0.0585770 seconds
293.201: [GC [PSYoungGen: 14717K->1408K(15360K)] 34727K->21418K(49664K), 0.0006370 secs] [Times: user=0.01 sys=0.00, real=0.00 secs] 
293.202: Total time for which application threads were stopped: 0.0007560 seconds, Stopping threads took: 0.0000600 seconds
293.247: Application time: 0.0458210 seconds
293.247: [GC [PSYoungGen: 14718K->1856K(15360K)] 34729K->21866K(49664K), 0.0007020 secs] [Times: user=0.01 sys=0.00, real=0.00 secs] 
293.248: Total time for which application threads were stopped: 0.0008150 seconds, Stopping threads took: 0.0000570 seconds
293.283: Application time: 0.0344300 seconds
293.283: [GC [PSYoungGen: 15165K->1904K(15360K)] 35176K->21914K(49664K), 0.0006720 secs] [Times: user=0.01 sys=0.00, real=0.00 secs] 
293.283: Total time for which application threads were stopped: 0.0007860 seconds, Stopping threads took: 0.0000550 seconds
293.337: Application time: 0.0533190 seconds
293.337: [GC [PSYoungGen: 15214K->1936K(15360K)] 35225K->21946K(49664K), 0.0007070 secs] [Times: user=0.01 sys=0.00, real=0.00 secs] 
293.338: Total time for which application threads were stopped: 0.0008460 seconds, Stopping threads took: 0.0000830 seconds
293.394: Application time: 0.0561430 seconds
293.396: [GC [PSYoungGen: 15244K->1680K(15360K)] 35255K->21922K(49664K), 0.0007740 secs] [Times: user=0.01 sys=0.00, real=0.00 secs] 
293.397: Total time for which application threads were stopped: 0.0034430 seconds, Stopping threads took: 0.0026090 seconds
293.455: Application time: 0.0581250 seconds
293.455: [GC [PSYoungGen: 14989K->1680K(15360K)] 35232K->21922K(49664K), 0.0006710 secs] [Times: user=0.01 sys=0.00, real=0.00 secs] 
293.456: Total time for which application threads were stopped: 0.0007900 seconds, Stopping threads took: 0.0000630 seconds
293.514: Application time: 0.0580980 seconds
293.514: [GC [PSYoungGen: 14989K->1584K(15360K)] 35231K->21866K(49664K), 0.0007020 secs] [Times: user=0.00 sys=0.00, real=0.00 secs] 
293.515: Total time for which application threads were stopped: 0.0008280 seconds, Stopping threads took: 0.0000660 seconds
293.573: Application time: 0.0580380 seconds
293.573: [GC [PSYoungGen: 14893K->1648K(15360K)] 35176K->21970K(49664K), 0.0006340 secs] [Times: user=0.00 sys=0.00, real=0.00 secs] 
293.574: Total time for which application threads were stopped: 0.0007480 seconds, Stopping threads took: 0.0000450 seconds
293.632: Application time: 0.0585070 seconds
293.632: [GC [PSYoungGen: 14957K->1424K(15360K)] 35280K->21951K(49664K), 0.0006410 secs] [Times: user=0.00 sys=0.00, real=0.00 secs] 
293.633: Total time for which application threads were stopped: 0.0007560 seconds, Stopping threads took: 0.0000570 seconds
293.688: Application time: 0.0554160 seconds
293.689: [GC [PSYoungGen: 14731K->1168K(15360K)] 35258K->21947K(49664K), 0.0006360 secs] [Times: user=0.00 sys=0.00, real=0.00 secs] 
293.689: Total time for which application threads were stopped: 0.0007780 seconds, Stopping threads took: 0.0000850 seconds
293.748: Application time: 0.0586500 seconds
293.748: [GC [PSYoungGen: 14477K->1152K(15360K)] 35256K->21979K(49664K), 0.0005310 secs] [Times: user=0.00 sys=0.00, real=0.01 secs] 
293.749: Total time for which application threads were stopped: 0.0006400 seconds, Stopping threads took: 0.0000550 seconds
293.808: Application time: 0.0592270 seconds
293.808: [GC [PSYoungGen: 14461K->1264K(15360K)] 35288K->22091K(49664K), 0.0005660 secs] [Times: user=0.00 sys=0.00, real=0.01 secs] 
293.808: Total time for which application threads were stopped: 0.0006750 seconds, Stopping threads took: 0.0000520 seconds
293.867: Application time: 0.0588650 seconds
293.868: [GC [PSYoungGen: 14573K->1152K(15360K)] 35400K->21979K(49664K), 0.0005190 secs] [Times: user=0.00 sys=0.00, real=0.00 secs] 
293.869: Total time for which application threads were stopped: 0.0015510 seconds, Stopping threads took: 0.0009750 seconds
293.916: Application time: 0.0468740 seconds
293.916: [GC [PSYoungGen: 14461K->992K(15360K)] 35289K->22220K(49664K), 0.0005970 secs] [Times: user=0.00 sys=0.00, real=0.00 secs] 
293.916: Total time for which application threads were stopped: 0.0007120 seconds, Stopping threads took: 0.0000570 seconds
293.968: Application time: 0.0514820 seconds
293.968: [GC [PSYoungGen: 14301K->1024K(15360K)] 35529K->22252K(49664K), 0.0005440 secs] [Times: user=0.00 sys=0.00, real=0.01 secs] 
293.969: Total time for which application threads were stopped: 0.0006590 seconds, Stopping threads took: 0.0000560 seconds
294.026: Application time: 0.0574830 seconds
294.028: [GC [PSYoungGen: 14332K->1088K(15360K)] 35560K->22316K(49664K), 0.0005140 secs] [Times: user=0.00 sys=0.00, real=0.00 secs] 
294.029: Total time for which application threads were stopped: 0.0028090 seconds, Stopping threads took: 0.0022410 seconds
294.074: Application time: 0.0456170 seconds
294.075: [GC [PSYoungGen: 14396K->1152K(15360K)] 35624K->22428K(49664K), 0.0005720 secs] [Times: user=0.00 sys=0.00, real=0.00 secs] 
294.075: Total time for which application threads were stopped: 0.0006870 seconds, Stopping threads took: 0.0000480 seconds
294.123: Application time: 0.0477520 seconds
294.123: [GC [PSYoungGen: 14459K->1344K(15360K)] 35735K->22620K(49664K), 0.0005240 secs] [Times: user=0.00 sys=0.00, real=0.00 secs] 
294.124: Total time for which application threads were stopped: 0.0006360 seconds, Stopping threads took: 0.0000560 seconds
294.166: Application time: 0.0419280 seconds
294.166: [GC [PSYoungGen: 14655K->1184K(15360K)] 35931K->22704K(49664K), 0.0005780 secs] [Times: user=0.00 sys=0.00, real=0.00 secs] 
294.166: Total time for which application threads were stopped: 0.0006930 seconds, Stopping threads took: 0.0000610 seconds
294.224: Application time: 0.0579390 seconds
294.224: [GC [PSYoungGen: 14495K->1088K(15360K)] 36016K->22608K(49664K), 0.0006090 secs] [Times: user=0.00 sys=0.00, real=0.00 secs] 
294.225: Total time for which application threads were stopped: 0.0007450 seconds, Stopping threads took: 0.0000750 seconds
294.282: Application time: 0.0574240 seconds
294.282: [GC [PSYoungGen: 14396K->1248K(15360K)] 35917K->22768K(49664K), 0.0005980 secs] [Times: user=0.00 sys=0.00, real=0.00 secs] 
294.283: Total time for which application threads were stopped: 0.0007190 seconds, Stopping threads took: 0.0000600 seconds
294.339: Application time: 0.0559630 seconds
294.339: [GC [PSYoungGen: 14557K->1152K(15360K)] 36078K->22672K(49664K), 0.0005390 secs] [Times: user=0.00 sys=0.00, real=0.00 secs] 
294.340: Total time for which application threads were stopped: 0.0006590 seconds, Stopping threads took: 0.0000670 seconds
294.378: Application time: 0.0384630 seconds
294.378: [GC [PSYoungGen: 14462K->1488K(15360K)] 35983K->23008K(49664K), 0.0006430 secs] [Times: user=0.01 sys=0.00, real=0.00 secs] 
294.379: Total time for which application threads were stopped: 0.0007490 seconds, Stopping threads took: 0.0000510 seconds
294.421: Application time: 0.0416460 seconds
294.421: [GC [PSYoungGen: 14799K->1536K(15360K)] 36320K->23056K(49664K), 0.0006560 secs] [Times: user=0.00 sys=0.00, real=0.00 secs] 
294.421: Total time for which application threads were stopped: 0.0007650 seconds, Stopping threads took: 0.0000550 seconds
294.474: Application time: 0.0526370 seconds
294.474: [GC [PSYoungGen: 14844K->1216K(15360K)] 36365K->23161K(49664K), 0.0006210 secs] [Times: user=0.01 sys=0.00, real=0.00 secs] 
294.475: Total time for which application threads were stopped: 0.0007290 seconds, Stopping threads took: 0.0000510 seconds
294.531: Application time: 0.0558590 seconds
294.531: [GC [PSYoungGen: 14524K->1264K(15360K)] 36470K->23209K(49664K), 0.0006100 secs] [Times: user=0.00 sys=0.00, real=0.00 secs] 
294.531: Total time for which application threads were stopped: 0.0007320 seconds, Stopping threads took: 0.0000640 seconds
294.583: Application time: 0.0516680 seconds
294.583: [GC [PSYoungGen: 14573K->1456K(15360K)] 36519K->23402K(49664K), 0.0006450 secs] [Times: user=0.00 sys=0.00, real=0.00 secs] 
294.584: Total time for which application threads were stopped: 0.0007740 seconds, Stopping threads took: 0.0000600 seconds
294.626: Application time: 0.0424680 seconds
294.626: [GC [PSYoungGen: 14765K->1504K(15360K)] 36711K->23450K(49664K), 0.0006280 secs] [Times: user=0.01 sys=0.00, real=0.00 secs] 
294.627: Total time for which application threads were stopped: 0.0007280 seconds, Stopping threads took: 0.0000430 seconds
294.684: Application time: 0.0570210 seconds
294.684: Total time for which application threads were stopped: 0.0000820 seconds, Stopping threads took: 0.0000620 seconds
294.684: Application time: 0.0000510 seconds
294.684: [GC [PSYoungGen: 14815K->1376K(15360K)] 36889K->23449K(49664K), 0.0005860 secs] [Times: user=0.00 sys=0.00, real=0.00 secs] 
294.685: Total time for which application threads were stopped: 0.0006510 seconds, Stopping threads took: 0.0000200 seconds
294.745: Application time: 0.0602060 seconds
294.745: [GC [PSYoungGen: 14685K->1312K(15360K)] 37043K->23670K(49664K), 0.0006000 secs] [Times: user=0.00 sys=0.00, real=0.00 secs] 
294.746: Total time for which application threads were stopped: 0.0007120 seconds, Stopping threads took: 0.0000580 seconds
294.802: Application time: 0.0562180 seconds
294.802: [GC [PSYoungGen: 14620K->1376K(15360K)] 36979K->23734K(49664K), 0.0006020 secs] [Times: user=0.00 sys=0.00, real=0.00 secs] 
294.803: Total time for which application threads were stopped: 0.0007140 seconds, Stopping threads took: 0.0000590 seconds
294.859: Application time: 0.0565940 seconds
294.859: [GC [PSYoungGen: 14684K->1360K(15360K)] 37043K->23758K(49664K), 0.0005920 secs] [Times: user=0.01 sys=0.00, real=0.00 secs] 
294.860: Total time for which application threads were stopped: 0.0007320 seconds, Stopping threads took: 0.0000820 seconds
294.919: Application time: 0.0587910 seconds
294.919: [GC [PSYoungGen: 14669K->1248K(15360K)] 37067K->23646K(49664K), 0.0005700 secs] [Times: user=0.00 sys=0.00, real=0.00 secs] 
294.919: Total time for which application threads were stopped: 0.0006940 seconds, Stopping threads took: 0.0000690 seconds
294.966: Application time: 0.0462660 seconds
294.966: Total time for which application threads were stopped: 0.0000770 seconds, Stopping threads took: 0.0000570 seconds
294.966: Application time: 0.0000400 seconds
294.966: [GC [PSYoungGen: 14548K->1632K(15360K)] 37075K->24158K(49664K), 0.0006710 secs] [Times: user=0.00 sys=0.00, real=0.00 secs] 
294.967: Total time for which application threads were stopped: 0.0007380 seconds, Stopping threads took: 0.0000270 seconds
295.000: Application time: 0.0333440 seconds
295.000: [GC [PSYoungGen: 14944K->1568K(15360K)] 37647K->24271K(49664K), 0.0006530 secs] [Times: user=0.00 sys=0.00, real=0.01 secs] 
295.001: Total time for which application threads were stopped: 0.0007610 seconds, Stopping threads took: 0.0000500 seconds
295.055: Application time: 0.0545050 seconds
295.055: [GC [PSYoungGen: 14877K->1888K(15360K)] 37580K->24591K(49664K), 0.0006700 secs] [Times: user=0.01 sys=0.00, real=0.00 secs] 
295.056: Total time for which application threads were stopped: 0.0007740 seconds, Stopping threads took: 0.0000470 seconds
295.113: Application time: 0.0566300 seconds
295.113: [GC [PSYoungGen: 15198K->1760K(15360K)] 37901K->24715K(49664K), 0.0006730 secs] [Times: user=0.00 sys=0.00, real=0.00 secs] 
295.113: Total time for which application threads were stopped: 0.0007920 seconds, Stopping threads took: 0.0000540 seconds
295.172: Application time: 0.0582710 seconds
295.172: [GC [PSYoungGen: 15069K->1824K(15360K)] 38025K->24779K(49664K), 0.0007070 secs] [Times: user=0.01 sys=0.00, real=0.00 secs] 
295.172: Total time for which application threads were stopped: 0.0008280 seconds, Stopping threads took: 0.0000590 seconds
295.231: Application time: 0.0581680 seconds
295.231: [GC [PSYoungGen: 15133K->1808K(15360K)] 38089K->24763K(49664K), 0.0007130 secs] [Times: user=0.01 sys=0.00, real=0.00 secs] 
295.231: Total time for which application threads were stopped: 0.0008310 seconds, Stopping threads took: 0.0000610 seconds
295.290: Application time: 0.0582570 seconds
295.290: [GC [PSYoungGen: 15117K->1728K(15360K)] 38073K->24755K(49664K), 0.0007080 secs] [Times: user=0.01 sys=0.00, real=0.00 secs] 
295.291: Total time for which application threads were stopped: 0.0008120 seconds, Stopping threads took: 0.0000490 seconds
295.349: Application time: 0.0581600 seconds
295.349: [GC [PSYoungGen: 15037K->1568K(15360K)] 38065K->24800K(49664K), 0.0007160 secs] [Times: user=0.01 sys=0.00, real=0.00 secs] 
295.350: Total time for which application threads were stopped: 0.0008440 seconds, Stopping threads took: 0.0000690 seconds
295.405: Application time: 0.0550270 seconds
295.405: [GC [PSYoungGen: 14875K->1328K(15360K)] 38107K->24808K(49664K), 0.0006400 secs] [Times: user=0.00 sys=0.00, real=0.00 secs] 
295.405: Total time for which application threads were stopped: 0.0007440 seconds, Stopping threads took: 0.0000470 seconds
295.464: Application time: 0.0587360 seconds
295.464: [GC [PSYoungGen: 14637K->1312K(15360K)] 38117K->24848K(49664K), 0.0006230 secs] [Times: user=0.00 sys=0.00, real=0.00 secs] 
295.465: Total time for which application threads were stopped: 0.0007230 seconds, Stopping threads took: 0.0000420 seconds
295.524: Application time: 0.0588930 seconds
295.524: [GC [PSYoungGen: 14621K->1312K(15360K)] 38157K->24848K(49664K), 0.0006110 secs] [Times: user=0.00 sys=0.00, real=0.00 secs] 
295.524: Total time for which application threads were stopped: 0.0007280 seconds, Stopping threads took: 0.0000580 seconds
295.583: Application time: 0.0590250 seconds
295.583: [GC [PSYoungGen: 14621K->1312K(15360K)] 38157K->24848K(49664K), 0.0005910 secs] [Times: user=0.00 sys=0.00, real=0.00 secs] 
295.584: Total time for which application threads were stopped: 0.0007060 seconds, Stopping threads took: 0.0000610 seconds
295.631: Application time: 0.0472180 seconds
295.631: [GC [PSYoungGen: 14621K->1280K(15360K)] 38157K->25020K(49664K), 0.0006310 secs] [Times: user=0.01 sys=0.00, real=0.00 secs] 
295.632: Total time for which application threads were stopped: 0.0007370 seconds, Stopping threads took: 0.0000410 seconds
295.682: Application time: 0.0500820 seconds
295.682: [GC [PSYoungGen: 14587K->1184K(15360K)] 38328K->25137K(49664K), 0.0005880 secs] [Times: user=0.00 sys=0.00, real=0.00 secs] 
295.683: Total time for which application threads were stopped: 0.0006960 seconds, Stopping threads took: 0.0000520 seconds
295.740: Application time: 0.0574230 seconds
295.744: [GC [PSYoungGen: 14492K->1152K(15360K)] 38446K->25105K(49664K), 0.0005680 secs] [Times: user=0.00 sys=0.00, real=0.00 secs] 
295.745: Total time for which application threads were stopped: 0.0046410 seconds, Stopping threads took: 0.0040120 seconds
295.791: Application time: 0.0460230 seconds
295.791: [GC [PSYoungGen: 14460K->1280K(15360K)] 38413K->25281K(49664K), 0.0005960 secs] [Times: user=0.01 sys=0.00, real=0.00 secs] 
295.792: Total time for which application threads were stopped: 0.0007130 seconds, Stopping threads took: 0.0000610 seconds
295.838: Application time: 0.0465000 seconds
295.838: [GC [PSYoungGen: 14588K->1360K(15360K)] 38590K->25377K(49664K), 0.0006550 secs] [Times: user=0.00 sys=0.00, real=0.00 secs] 
295.839: Total time for which application threads were stopped: 0.0007740 seconds, Stopping threads took: 0.0000630 seconds
295.882: Application time: 0.0427530 seconds
295.884: [GC [PSYoungGen: 14670K->1184K(15360K)] 38687K->25606K(49664K), 0.0006250 secs] [Times: user=0.00 sys=0.00, real=0.00 secs] 
295.885: Total time for which application threads were stopped: 0.0033040 seconds, Stopping threads took: 0.0026190 seconds
295.944: Application time: 0.0586300 seconds
295.944: [GC [PSYoungGen: 14495K->1184K(15360K)] 38917K->25606K(49664K), 0.0005250 secs] [Times: user=0.01 sys=0.00, real=0.00 secs] 
295.944: Total time for which application threads were stopped: 0.0006570 seconds, Stopping threads took: 0.0000760 seconds
296.003: Application time: 0.0585260 seconds
296.004: [GC [PSYoungGen: 14493K->1120K(15360K)] 38915K->25542K(49664K), 0.0005720 secs] [Times: user=0.00 sys=0.00, real=0.00 secs] 
296.005: Total time for which application threads were stopped: 0.0021230 seconds, Stopping threads took: 0.0014940 seconds
296.061: Application time: 0.0557540 seconds
296.061: [GC [PSYoungGen: 14429K->1200K(15360K)] 38851K->25622K(49664K), 0.0005280 secs] [Times: user=0.00 sys=0.00, real=0.00 secs] 
296.061: Total time for which application threads were stopped: 0.0006420 seconds, Stopping threads took: 0.0000590 seconds
296.103: Application time: 0.0414230 seconds
296.103: [GC [PSYoungGen: 14510K->1552K(15360K)] 38932K->25974K(49664K), 0.0006190 secs] [Times: user=0.00 sys=0.00, real=0.00 secs] 
296.103: Total time for which application threads were stopped: 0.0007230 seconds, Stopping threads took: 0.0000470 seconds
296.142: Application time: 0.0388850 seconds
296.142: [GC [PSYoungGen: 14862K->1600K(15360K)] 39284K->26022K(49664K), 0.0006450 secs] [Times: user=0.00 sys=0.00, real=0.00 secs] 
296.143: Total time for which application threads were stopped: 0.0007540 seconds, Stopping threads took: 0.0000430 seconds
296.195: Application time: 0.0520930 seconds
296.195: [GC [PSYoungGen: 14909K->1232K(15360K)] 39331K->26071K(49664K), 0.0006930 secs] [Times: user=0.00 sys=0.00, real=0.00 secs] 
296.196: Total time for which application threads were stopped: 0.0008110 seconds, Stopping threads took: 0.0000630 seconds
296.252: Application time: 0.0555500 seconds
296.252: [GC [PSYoungGen: 14540K->1216K(15360K)] 39379K->26055K(49664K), 0.0006140 secs] [Times: user=0.00 sys=0.00, real=0.00 secs] 
296.252: Total time for which application threads were stopped: 0.0007210 seconds, Stopping threads took: 0.0000490 seconds
296.305: Application time: 0.0531030 seconds
296.306: [GC [PSYoungGen: 14527K->1472K(15360K)] 39366K->26311K(49664K), 0.0006470 secs] [Times: user=0.00 sys=0.00, real=0.00 secs] 
296.306: Total time for which application threads were stopped: 0.0007730 seconds, Stopping threads took: 0.0000700 seconds
296.348: Application time: 0.0415070 seconds
296.348: [GC [PSYoungGen: 14779K->1504K(15360K)] 39618K->26343K(49664K), 0.0006490 secs] [Times: user=0.01 sys=0.00, real=0.01 secs] 
296.348: Total time for which application threads were stopped: 0.0007480 seconds, Stopping threads took: 0.0000400 seconds
296.406: Application time: 0.0580000 seconds
296.407: [GC [PSYoungGen: 14813K->1440K(15360K)] 39652K->26279K(49664K), 0.0006160 secs] [Times: user=0.00 sys=0.00, real=0.00 secs] 
296.407: Total time for which application threads were stopped: 0.0007330 seconds, Stopping threads took: 0.0000570 seconds
296.464: Application time: 0.0572390 seconds
296.468: [GC [PSYoungGen: 14751K->1488K(15360K)] 39590K->26327K(49664K), 0.0005990 secs] [Times: user=0.01 sys=0.00, real=0.00 secs] 
296.469: Total time for which application threads were stopped: 0.0045040 seconds, Stopping threads took: 0.0038480 seconds
296.526: Application time: 0.0569310 seconds
296.526: [GC [PSYoungGen: 14799K->1488K(15360K)] 39638K->26327K(49664K), 0.0006290 secs] [Times: user=0.00 sys=0.00, real=0.00 secs] 
296.527: Total time for which application threads were stopped: 0.0007490 seconds, Stopping threads took: 0.0000630 seconds
296.584: Application time: 0.0573560 seconds
296.584: [GC [PSYoungGen: 14796K->1472K(15360K)] 39635K->26351K(49664K), 0.0006250 secs] [Times: user=0.00 sys=0.00, real=0.00 secs] 
296.585: Total time for which application threads were stopped: 0.0007550 seconds, Stopping threads took: 0.0000700 seconds
296.643: Application time: 0.0587600 seconds
296.644: [GC [PSYoungGen: 14781K->1408K(15360K)] 39660K->26287K(49664K), 0.0006010 secs] [Times: user=0.01 sys=0.00, real=0.00 secs] 
296.644: Total time for which application threads were stopped: 0.0007290 seconds, Stopping threads took: 0.0000620 seconds
296.692: Application time: 0.0480130 seconds
296.692: [GC [PSYoungGen: 14716K->1856K(15360K)] 39595K->26735K(49664K), 0.0006720 secs] [Times: user=0.01 sys=0.00, real=0.00 secs] 
296.693: Total time for which application threads were stopped: 0.0007810 seconds, Stopping threads took: 0.0000510 seconds
296.725: Application time: 0.0323580 seconds
296.725: [GC [PSYoungGen: 15165K->1840K(15360K)] 40044K->26719K(49664K), 0.0006640 secs] [Times: user=0.01 sys=0.00, real=0.00 secs] 
296.726: Total time for which application threads were stopped: 0.0007740 seconds, Stopping threads took: 0.0000540 seconds
296.778: Application time: 0.0521600 seconds
296.778: [GC [PSYoungGen: 15149K->1824K(15360K)] 40028K->26703K(49664K), 0.0006990 secs] [Times: user=0.00 sys=0.00, real=0.00 secs] 
296.779: Total time for which application threads were stopped: 0.0008220 seconds, Stopping threads took: 0.0000650 seconds
296.835: Application time: 0.0560140 seconds
296.836: [GC [PSYoungGen: 15134K->1648K(15360K)] 40013K->26771K(49664K), 0.0006970 secs] [Times: user=0.00 sys=0.00, real=0.00 secs] 
296.837: Total time for which application threads were stopped: 0.0018770 seconds, Stopping threads took: 0.0011220 seconds
296.895: Application time: 0.0583710 seconds
296.896: [GC [PSYoungGen: 14957K->1712K(15360K)] 40081K->26835K(49664K), 0.0006670 secs] [Times: user=0.00 sys=0.00, real=0.00 secs] 
296.896: Total time for which application threads were stopped: 0.0007860 seconds, Stopping threads took: 0.0000630 seconds
296.955: Application time: 0.0583410 seconds
296.955: [GC [PSYoungGen: 15021K->1584K(15360K)] 40145K->26707K(49664K), 0.0007320 secs] [Times: user=0.00 sys=0.00, real=0.00 secs] 
296.955: Total time for which application threads were stopped: 0.0008430 seconds, Stopping threads took: 0.0000550 seconds
297.014: Application time: 0.0585480 seconds
297.014: [GC [PSYoungGen: 14893K->1584K(15360K)] 40017K->26771K(49664K), 0.0006330 secs] [Times: user=0.00 sys=0.00, real=0.00 secs] 
297.015: Total time for which application threads were stopped: 0.0007400 seconds, Stopping threads took: 0.0000500 seconds
297.073: Application time: 0.0580010 seconds
297.073: [GC [PSYoungGen: 14893K->1424K(15360K)] 40081K->26819K(49664K), 0.0006540 secs] [Times: user=0.00 sys=0.00, real=0.00 secs] 
297.073: Total time for which application threads were stopped: 0.0007740 seconds, Stopping threads took: 0.0000620 seconds
297.129: Application time: 0.0558270 seconds
297.129: [GC [PSYoungGen: 14735K->1216K(15360K)] 40130K->26848K(49664K), 0.0005930 secs] [Times: user=0.00 sys=0.00, real=0.00 secs] 
297.130: Total time for which application threads were stopped: 0.0006970 seconds, Stopping threads took: 0.0000500 seconds
297.188: Application time: 0.0584170 seconds
297.188: [GC [PSYoungGen: 14525K->1152K(15360K)] 40157K->26840K(49664K), 0.0005570 secs] [Times: user=0.00 sys=0.00, real=0.00 secs] 
297.189: Total time for which application threads were stopped: 0.0006750 seconds, Stopping threads took: 0.0000540 seconds
297.248: Application time: 0.0593670 seconds
297.249: [GC [PSYoungGen: 14461K->1152K(15360K)] 40149K->26840K(49664K), 0.0005700 secs] [Times: user=0.00 sys=0.00, real=0.00 secs] 
297.249: Total time for which application threads were stopped: 0.0006960 seconds, Stopping threads took: 0.0000680 seconds
297.308: Application time: 0.0588310 seconds
297.308: [GC [PSYoungGen: 14461K->1184K(15360K)] 40149K->26872K(49664K), 0.0005270 secs] [Times: user=0.01 sys=0.00, real=0.01 secs] 
297.309: Total time for which application threads were stopped: 0.0006620 seconds, Stopping threads took: 0.0000770 seconds
297.357: Application time: 0.0487190 seconds
297.357: [GC [PSYoungGen: 14494K->1120K(15360K)] 40182K->27013K(49664K), 0.0006520 secs] [Times: user=0.00 sys=0.00, real=0.00 secs] 
297.358: Total time for which application threads were stopped: 0.0007650 seconds, Stopping threads took: 0.0000580 seconds
297.407: Application time: 0.0490090 seconds
297.407: [GC [PSYoungGen: 14429K->960K(15360K)] 40322K->27057K(49664K), 0.0005840 secs] [Times: user=0.00 sys=0.00, real=0.00 secs] 
297.408: Total time for which application threads were stopped: 0.0006910 seconds, Stopping threads took: 0.0000530 seconds
297.467: Application time: 0.0593920 seconds
297.467: [GC [PSYoungGen: 14269K->992K(15360K)] 40366K->27089K(49664K), 0.0005140 secs] [Times: user=0.00 sys=0.00, real=0.00 secs] 
297.468: Total time for which application threads were stopped: 0.0006260 seconds, Stopping threads took: 0.0000600 seconds
297.513: Application time: 0.0451440 seconds
297.513: [GC [PSYoungGen: 14302K->1216K(15360K)] 40399K->27361K(49664K), 0.0005840 secs] [Times: user=0.00 sys=0.00, real=0.00 secs] 
297.514: Total time for which application threads were stopped: 0.0006840 seconds, Stopping threads took: 0.0000440 seconds
297.559: Application time: 0.0452610 seconds
297.559: [GC [PSYoungGen: 14526K->1344K(15360K)] 40671K->27489K(49664K), 0.0006390 secs] [Times: user=0.01 sys=0.00, real=0.00 secs] 
297.560: Total time for which application threads were stopped: 0.0007600 seconds, Stopping threads took: 0.0000630 seconds
297.604: Application time: 0.0447090 seconds
297.605: [GC [PSYoungGen: 14655K->1120K(15360K)] 40800K->27505K(49664K), 0.0005580 secs] [Times: user=0.00 sys=0.00, real=0.00 secs] 
297.605: Total time for which application threads were stopped: 0.0006800 seconds, Stopping threads took: 0.0000660 seconds
297.663: Application time: 0.0581130 seconds
297.663: [GC [PSYoungGen: 14431K->1152K(15360K)] 40817K->27537K(49664K), 0.0005400 secs] [Times: user=0.01 sys=0.00, real=0.00 secs] 
297.664: Total time for which application threads were stopped: 0.0006550 seconds, Stopping threads took: 0.0000590 seconds
297.722: Application time: 0.0584260 seconds
297.722: [GC [PSYoungGen: 14461K->1120K(15360K)] 40847K->27505K(49664K), 0.0005150 secs] [Times: user=0.00 sys=0.00, real=0.00 secs] 
297.723: Total time for which application threads were stopped: 0.0006280 seconds, Stopping threads took: 0.0000460 seconds
297.778: Application time: 0.0554260 seconds
297.778: [GC [PSYoungGen: 14429K->1376K(15360K)] 40815K->27761K(49664K), 0.0006380 secs] [Times: user=0.01 sys=0.00, real=0.00 secs] 
297.780: Total time for which application threads were stopped: 0.0017180 seconds, Stopping threads took: 0.0000560 seconds
297.822: Application time: 0.0414760 seconds
297.822: [GC [PSYoungGen: 14687K->1376K(15360K)] 41073K->27761K(49664K), 0.0005630 secs] [Times: user=0.00 sys=0.00, real=0.00 secs] 
297.822: Total time for which application threads were stopped: 0.0006880 seconds, Stopping threads took: 0.0000700 seconds
297.863: Application time: 0.0404520 seconds
297.863: [GC [PSYoungGen: 14685K->1552K(15360K)] 41071K->27937K(49664K), 0.0005900 secs] [Times: user=0.01 sys=0.00, real=0.00 secs] 
297.863: Total time for which application threads were stopped: 0.0007100 seconds, Stopping threads took: 0.0000610 seconds
297.914: Application time: 0.0508520 seconds
297.914: [GC [PSYoungGen: 14861K->1200K(15360K)] 41247K->27978K(49664K), 0.0007040 secs] [Times: user=0.00 sys=0.00, real=0.00 secs] 
297.915: Total time for which application threads were stopped: 0.0008150 seconds, Stopping threads took: 0.0000530 seconds
297.971: Application time: 0.0560390 seconds
297.971: [GC [PSYoungGen: 14510K->1264K(15360K)] 41289K->28042K(49664K), 0.0005520 secs] [Times: user=0.01 sys=0.00, real=0.00 secs] 
297.972: Total time for which application threads were stopped: 0.0006830 seconds, Stopping threads took: 0.0000750 seconds
298.028: Application time: 0.0558020 seconds
298.028: [GC [PSYoungGen: 14575K->1312K(15360K)] 41354K->28090K(49664K), 0.0005830 secs] [Times: user=0.00 sys=0.00, real=0.01 secs] 
298.028: Total time for which application threads were stopped: 0.0006860 seconds, Stopping threads took: 0.0000500 seconds
298.073: Application time: 0.0442860 seconds
298.073: [GC [PSYoungGen: 14622K->1536K(15360K)] 41400K->28314K(49664K), 0.0006200 secs] [Times: user=0.00 sys=0.00, real=0.00 secs] 
298.073: Total time for which application threads were stopped: 0.0007490 seconds, Stopping threads took: 0.0000740 seconds
298.126: Application time: 0.0526380 seconds
298.126: [GC [PSYoungGen: 14847K->1440K(15360K)] 41626K->28218K(49664K), 0.0006530 secs] [Times: user=0.00 sys=0.00, real=0.00 secs] 
298.127: Total time for which application threads were stopped: 0.0007740 seconds, Stopping threads took: 0.0000660 seconds
298.184: Application time: 0.0569190 seconds
298.184: [GC [PSYoungGen: 14751K->1504K(15360K)] 41530K->28282K(49664K), 0.0006090 secs] [Times: user=0.00 sys=0.00, real=0.00 secs] 
298.184: Total time for which application threads were stopped: 0.0007220 seconds, Stopping threads took: 0.0000560 seconds
298.241: Application time: 0.0565360 seconds
298.241: [GC [PSYoungGen: 14812K->1488K(15360K)] 41591K->28266K(49664K), 0.0006760 secs] [Times: user=0.00 sys=0.00, real=0.00 secs] 
298.242: Total time for which application threads were stopped: 0.0008070 seconds, Stopping threads took: 0.0000580 seconds
298.298: Application time: 0.0566870 seconds
298.300: [GC [PSYoungGen: 14796K->1376K(15360K)] 41575K->28202K(49664K), 0.0006300 secs] [Times: user=0.00 sys=0.00, real=0.00 secs] 
298.301: Total time for which application threads were stopped: 0.0025780 seconds, Stopping threads took: 0.0018910 seconds
298.360: Application time: 0.0586180 seconds
298.360: [GC [PSYoungGen: 14685K->1440K(15360K)] 41512K->28266K(49664K), 0.0006100 secs] [Times: user=0.00 sys=0.00, real=0.01 secs] 
298.360: Total time for which application threads were stopped: 0.0007640 seconds, Stopping threads took: 0.0000950 seconds
298.411: Application time: 0.0507480 seconds
298.411: [GC [PSYoungGen: 14750K->1824K(15360K)] 41577K->28650K(49664K), 0.0006700 secs] [Times: user=0.01 sys=0.00, real=0.00 secs] 
298.412: Total time for which application threads were stopped: 0.0007840 seconds, Stopping threads took: 0.0000590 seconds
298.444: Application time: 0.0320540 seconds
298.444: [GC [PSYoungGen: 15133K->1856K(15360K)] 41960K->28682K(49664K), 0.0007130 secs] [Times: user=0.01 sys=0.00, real=0.00 secs] 
298.445: Total time for which application threads were stopped: 0.0008210 seconds, Stopping threads took: 0.0000500 seconds
298.495: Application time: 0.0497050 seconds
298.495: [GC [PSYoungGen: 15165K->1872K(15360K)] 41992K->28698K(49664K), 0.0007010 secs] [Times: user=0.01 sys=0.00, real=0.00 secs] 
298.495: Total time for which application threads were stopped: 0.0008030 seconds, Stopping threads took: 0.0000440 seconds
298.551: Application time: 0.0557750 seconds
298.551: [GC [PSYoungGen: 15182K->1696K(15360K)] 42009K->28783K(49664K), 0.0006810 secs] [Times: user=0.01 sys=0.00, real=0.00 secs] 
298.552: Total time for which application threads were stopped: 0.0008090 seconds, Stopping threads took: 0.0000700 seconds
298.611: Application time: 0.0586320 seconds
298.611: [GC [PSYoungGen: 15005K->1680K(15360K)] 42092K->28767K(49664K), 0.0006910 secs] [Times: user=0.01 sys=0.00, real=0.00 secs] 
298.611: Total time for which application threads were stopped: 0.0008010 seconds, Stopping threads took: 0.0000500 seconds
298.669: Application time: 0.0581140 seconds
298.670: [GC [PSYoungGen: 14989K->1632K(15360K)] 42076K->28719K(49664K), 0.0007110 secs] [Times: user=0.00 sys=0.00, real=0.00 secs] 
298.670: Total time for which application threads were stopped: 0.0008170 seconds, Stopping threads took: 0.0000490 seconds
298.728: Application time: 0.0582000 seconds
298.729: [GC [PSYoungGen: 14941K->1600K(15360K)] 42028K->28759K(49664K), 0.0006420 secs] [Times: user=0.00 sys=0.00, real=0.00 secs] 
298.729: Total time for which application threads were stopped: 0.0007640 seconds, Stopping threads took: 0.0000650 seconds
298.787: Application time: 0.0582600 seconds
298.788: [GC [PSYoungGen: 14909K->1408K(15360K)] 42068K->28772K(49664K), 0.0006960 secs] [Times: user=0.00 sys=0.00, real=0.01 secs] 
298.788: Total time for which application threads were stopped: 0.0008230 seconds, Stopping threads took: 0.0000600 seconds
298.843: Application time: 0.0550800 seconds
298.843: [GC [PSYoungGen: 14715K->1152K(15360K)] 42079K->28740K(49664K), 0.0005930 secs] [Times: user=0.00 sys=0.00, real=0.00 secs] 
298.844: Total time for which application threads were stopped: 0.0006960 seconds, Stopping threads took: 0.0000480 seconds
298.903: Application time: 0.0584640 seconds
298.903: [GC [PSYoungGen: 14461K->1120K(15360K)] 42049K->28756K(49664K), 0.0006120 secs] [Times: user=0.00 sys=0.00, real=0.00 secs] 
298.903: Total time for which application threads were stopped: 0.0007280 seconds, Stopping threads took: 0.0000620 seconds
298.963: Application time: 0.0601240 seconds
298.964: [GC [PSYoungGen: 14432K->1136K(15360K)] 42068K->28772K(49664K), 0.0005090 secs] [Times: user=0.00 sys=0.00, real=0.00 secs] 
298.964: Total time for which application threads were stopped: 0.0006660 seconds, Stopping threads took: 0.0001020 seconds
299.025: Application time: 0.0606900 seconds
299.025: [GC [PSYoungGen: 14447K->1152K(15360K)] 42083K->28788K(49664K), 0.0005510 secs] [Times: user=0.01 sys=0.00, real=0.00 secs] 
299.025: Total time for which application threads were stopped: 0.0006560 seconds, Stopping threads took: 0.0000480 seconds
299.074: Application time: 0.0481290 seconds
299.074: [GC [PSYoungGen: 14461K->1248K(15360K)] 42097K->29092K(49664K), 0.0005820 secs] [Times: user=0.01 sys=0.00, real=0.00 secs] 
299.074: Total time for which application threads were stopped: 0.0006980 seconds, Stopping threads took: 0.0000610 seconds
299.125: Application time: 0.0509090 seconds
299.125: [GC [PSYoungGen: 14557K->960K(15360K)] 42401K->29008K(49664K), 0.0005760 secs] [Times: user=0.00 sys=0.00, real=0.00 secs] 
299.126: Total time for which application threads were stopped: 0.0006800 seconds, Stopping threads took: 0.0000490 seconds
299.183: Application time: 0.0573520 seconds
299.184: [GC [PSYoungGen: 14268K->992K(15360K)] 42317K->29040K(49664K), 0.0006490 secs] [Times: user=0.00 sys=0.00, real=0.00 secs] 
299.185: Total time for which application threads were stopped: 0.0017610 seconds, Stopping threads took: 0.0010580 seconds
299.232: Application time: 0.0466140 seconds
299.232: [GC [PSYoungGen: 14300K->1152K(15360K)] 42348K->29240K(49664K), 0.0005860 secs] [Times: user=0.00 sys=0.00, real=0.00 secs] 
299.232: Total time for which application threads were stopped: 0.0006930 seconds, Stopping threads took: 0.0000510 seconds
299.278: Application time: 0.0458400 seconds
299.278: [GC [PSYoungGen: 14461K->1360K(15360K)] 42550K->29448K(49664K), 0.0005770 secs] [Times: user=0.00 sys=0.00, real=0.00 secs] 
299.279: Total time for which application threads were stopped: 0.0006890 seconds, Stopping threads took: 0.0000570 seconds
299.321: Application time: 0.0418650 seconds
299.321: [GC [PSYoungGen: 14669K->1136K(15360K)] 42757K->29472K(49664K), 0.0006040 secs] [Times: user=0.01 sys=0.00, real=0.00 secs] 
299.321: Total time for which application threads were stopped: 0.0007300 seconds, Stopping threads took: 0.0000650 seconds
299.378: Application time: 0.0570670 seconds
299.379: Total time for which application threads were stopped: 0.0000750 seconds, Stopping threads took: 0.0000540 seconds
299.379: Application time: 0.0000420 seconds
299.379: [GC [PSYoungGen: 14442K->1024K(15360K)] 42907K->29488K(49664K), 0.0005180 secs] [Times: user=0.01 sys=0.00, real=0.00 secs] 
299.379: Total time for which application threads were stopped: 0.0005930 seconds, Stopping threads took: 0.0000310 seconds
299.439: Application time: 0.0593860 seconds
299.439: [GC [PSYoungGen: 14333K->960K(15360K)] 43082K->29709K(49664K), 0.0005040 secs] [Times: user=0.00 sys=0.00, real=0.00 secs] 
299.439: Total time for which application threads were stopped: 0.0006170 seconds, Stopping threads took: 0.0000580 seconds
299.495: Application time: 0.0560420 seconds
299.495: [GC [PSYoungGen: 14269K->1056K(15360K)] 43018K->29805K(49664K), 0.0005270 secs] [Times: user=0.00 sys=0.00, real=0.00 secs] 
299.496: Total time for which application threads were stopped: 0.0006310 seconds, Stopping threads took: 0.0000480 seconds
299.537: Application time: 0.0413610 seconds
299.537: [GC [PSYoungGen: 14364K->1392K(15360K)] 43113K->30141K(49664K), 0.0006080 secs] [Times: user=0.00 sys=0.00, real=0.00 secs] 
299.538: Total time for which application threads were stopped: 0.0007050 seconds, Stopping threads took: 0.0000410 seconds
299.577: Application time: 0.0385610 seconds
299.577: [GC [PSYoungGen: 14702K->1472K(15360K)] 43451K->30221K(49664K), 0.0005990 secs] [Times: user=0.00 sys=0.00, real=0.00 secs] 
299.577: Total time for which application threads were stopped: 0.0007140 seconds, Stopping threads took: 0.0000580 seconds
299.629: Application time: 0.0519690 seconds
299.632: [GC [PSYoungGen: 14780K->1120K(15360K)] 43530K->30286K(49664K), 0.0006220 secs] [Times: user=0.00 sys=0.00, real=0.00 secs] 
299.633: Total time for which application threads were stopped: 0.0037520 seconds, Stopping threads took: 0.0030730 seconds
299.689: Application time: 0.0557830 seconds
299.689: [GC [PSYoungGen: 14430K->1216K(15360K)] 43596K->30382K(49664K), 0.0005650 secs] [Times: user=0.00 sys=0.00, real=0.00 secs] 
299.689: Total time for which application threads were stopped: 0.0006910 seconds, Stopping threads took: 0.0000700 seconds
299.745: Application time: 0.0560570 seconds
299.746: [GC [PSYoungGen: 14527K->1248K(15360K)] 43694K->30414K(49664K), 0.0006040 secs] [Times: user=0.00 sys=0.00, real=0.00 secs] 
299.746: Total time for which application threads were stopped: 0.0007260 seconds, Stopping threads took: 0.0000660 seconds
299.792: Application time: 0.0456920 seconds
299.792: [GC [PSYoungGen: 14558K->1424K(15360K)] 43724K->30590K(49664K), 0.0006280 secs] [Times: user=0.00 sys=0.00, real=0.00 secs] 
299.793: Total time for which application threads were stopped: 0.0007420 seconds, Stopping threads took: 0.0000590 seconds
299.844: Application time: 0.0511610 seconds
299.844: [GC [PSYoungGen: 14735K->1488K(15360K)] 43902K->30654K(49664K), 0.0006500 secs] [Times: user=0.00 sys=0.00, real=0.00 secs] 
299.845: Total time for which application threads were stopped: 0.0007820 seconds, Stopping threads took: 0.0000660 seconds
299.901: Application time: 0.0566140 seconds
299.901: [GC [PSYoungGen: 14799K->1408K(15360K)] 43965K->30574K(49664K), 0.0006910 secs] [Times: user=0.00 sys=0.00, real=0.00 secs] 
299.902: Total time for which application threads were stopped: 0.0008070 seconds, Stopping threads took: 0.0000580 seconds
299.958: Application time: 0.0562220 seconds
299.958: [GC [PSYoungGen: 14716K->1456K(15360K)] 43883K->30622K(49664K), 0.0006070 secs] [Times: user=0.01 sys=0.00, real=0.00 secs] 
299.959: Total time for which application threads were stopped: 0.0007340 seconds, Stopping threads took: 0.0000700 seconds
300.016: Application time: 0.0566510 seconds
300.016: [GC [PSYoungGen: 14764K->1504K(15360K)] 43931K->30718K(49664K), 0.0006090 secs] [Times: user=0.00 sys=0.00, real=0.00 secs] 
300.016: Total time for which application threads were stopped: 0.0007180 seconds, Stopping threads took: 0.0000510 seconds
300.075: Application time: 0.0586500 seconds
300.075: [GC [PSYoungGen: 14813K->1424K(15360K)] 44027K->30638K(49664K), 0.0006020 secs] [Times: user=0.00 sys=0.00, real=0.00 secs] 
300.076: Total time for which application threads were stopped: 0.0007160 seconds, Stopping threads took: 0.0000600 seconds
300.132: Application time: 0.0566980 seconds
300.133: [GC [PSYoungGen: 14733K->1632K(15360K)] 43948K->30846K(49664K), 0.0006910 secs] [Times: user=0.00 sys=0.00, real=0.00 secs] 
300.133: Total time for which application threads were stopped: 0.0007910 seconds, Stopping threads took: 0.0000450 seconds
300.165: Application time: 0.0317350 seconds
300.165: [GC [PSYoungGen: 14943K->1808K(15360K)] 44158K->31022K(49664K), 0.0007520 secs] [Times: user=0.01 sys=0.00, real=0.00 secs] 
300.166: Total time for which application threads were stopped: 0.0008550 seconds, Stopping threads took: 0.0000450 seconds
300.211: Application time: 0.0454300 seconds
300.211: [GC [PSYoungGen: 15119K->1968K(15360K)] 44333K->31182K(49664K), 0.0007040 secs] [Times: user=0.00 sys=0.00, real=0.00 secs] 
300.212: Total time for which application threads were stopped: 0.0008070 seconds, Stopping threads took: 0.0000480 seconds
300.268: Application time: 0.0556460 seconds
300.268: [GC [PSYoungGen: 15278K->1680K(15360K)] 44493K->31118K(49664K), 0.0006940 secs] [Times: user=0.00 sys=0.00, real=0.01 secs] 
300.269: Total time for which application threads were stopped: 0.0008040 seconds, Stopping threads took: 0.0000500 seconds
300.327: Application time: 0.0583010 seconds
300.327: [GC [PSYoungGen: 14989K->1584K(15360K)] 44427K->31022K(49664K), 0.0007120 secs] [Times: user=0.00 sys=0.00, real=0.00 secs] 
300.328: Total time for which application threads were stopped: 0.0008300 seconds, Stopping threads took: 0.0000620 seconds
300.386: Application time: 0.0582740 seconds
300.386: [GC [PSYoungGen: 14893K->1632K(15360K)] 44331K->31070K(49664K), 0.0006630 secs] [Times: user=0.00 sys=0.00, real=0.00 secs] 
300.387: Total time for which application threads were stopped: 0.0007970 seconds, Stopping threads took: 0.0000690 seconds
300.445: Application time: 0.0582630 seconds
300.445: [GC [PSYoungGen: 14941K->1520K(15360K)] 44380K->31046K(49664K), 0.0006510 secs] [Times: user=0.00 sys=0.00, real=0.00 secs] 
300.446: Total time for which application threads were stopped: 0.0007560 seconds, Stopping threads took: 0.0000480 seconds
300.505: Application time: 0.0591260 seconds
300.505: [GC [PSYoungGen: 14832K->1376K(15360K)] 44358K->31134K(49664K), 0.0006300 secs] [Times: user=0.01 sys=0.00, real=0.00 secs] 
300.506: Total time for which application threads were stopped: 0.0007520 seconds, Stopping threads took: 0.0000640 seconds
300.562: Application time: 0.0564410 seconds
300.562: [GC [PSYoungGen: 14684K->1232K(15360K)] 44443K->31243K(49664K), 0.0006110 secs] [Times: user=0.00 sys=0.00, real=0.00 secs] 
300.563: Total time for which application threads were stopped: 0.0007010 seconds, Stopping threads took: 0.0000360 seconds
300.620: Application time: 0.0568860 seconds
300.620: [GC [PSYoungGen: 14540K->1200K(15360K)] 44551K->31259K(49664K), 0.0005630 secs] [Times: user=0.00 sys=0.00, real=0.01 secs] 
300.620: Total time for which application threads were stopped: 0.0006810 seconds, Stopping threads took: 0.0000620 seconds
300.680: Application time: 0.0598730 seconds
300.680: [GC [PSYoungGen: 14509K->1152K(15360K)] 44568K->31211K(49664K), 0.0005500 secs] [Times: user=0.00 sys=0.00, real=0.00 secs] 
300.681: Total time for which application threads were stopped: 0.0006630 seconds, Stopping threads took: 0.0000590 seconds
300.741: Application time: 0.0597460 seconds
300.741: [GC [PSYoungGen: 14461K->1136K(15360K)] 44520K->31195K(49664K), 0.0006030 secs] [Times: user=0.00 sys=0.00, real=0.00 secs] 
300.741: Total time for which application threads were stopped: 0.0007110 seconds, Stopping threads took: 0.0000530 seconds
300.790: Application time: 0.0488910 seconds
300.790: [GC [PSYoungGen: 14446K->1152K(15360K)] 44505K->31423K(49664K), 0.0005870 secs] [Times: user=0.00 sys=0.00, real=0.00 secs] 
300.791: Total time for which application threads were stopped: 0.0006920 seconds, Stopping threads took: 0.0000440 seconds
300.840: Application time: 0.0488990 seconds
300.840: [GC [PSYoungGen: 14461K->1024K(15360K)] 44733K->31500K(49664K), 0.0005510 secs] [Times: user=0.00 sys=0.00, real=0.01 secs] 
300.841: Total time for which application threads were stopped: 0.0006900 seconds, Stopping threads took: 0.0000830 seconds
300.898: Application time: 0.0573320 seconds
300.898: [GC [PSYoungGen: 14332K->1024K(15360K)] 44809K->31500K(49664K), 0.0004990 secs] [Times: user=0.00 sys=0.00, real=0.00 secs] 
300.898: Total time for which application threads were stopped: 0.0006300 seconds, Stopping threads took: 0.0000670 seconds
300.945: Application time: 0.0467360 seconds
300.945: [GC [PSYoungGen: 14331K->1136K(15360K)] 44807K->31660K(49664K), 0.0005560 secs] [Times: user=0.00 sys=0.00, real=0.00 secs] 
300.946: Total time for which application threads were stopped: 0.0006800 seconds, Stopping threads took: 0.0000690 seconds
300.990: Application time: 0.0436150 seconds
300.990: [GC [PSYoungGen: 14445K->1312K(15360K)] 44969K->31836K(49664K), 0.0006400 secs] [Times: user=0.00 sys=0.00, real=0.00 secs] 
300.990: Total time for which application threads were stopped: 0.0007460 seconds, Stopping threads took: 0.0000520 seconds
301.034: Application time: 0.0438300 seconds
301.034: [GC [PSYoungGen: 14623K->1120K(15360K)] 45147K->31896K(49664K), 0.0006300 secs] [Times: user=0.01 sys=0.00, real=0.00 secs] 
301.035: Total time for which application threads were stopped: 0.0007360 seconds, Stopping threads took: 0.0000510 seconds
301.091: Application time: 0.0566260 seconds
301.092: [GC [PSYoungGen: 14431K->1152K(15360K)] 45208K->31928K(49664K), 0.0005240 secs] [Times: user=0.00 sys=0.00, real=0.00 secs] 
301.092: Total time for which application threads were stopped: 0.0006510 seconds, Stopping threads took: 0.0000710 seconds
301.151: Application time: 0.0588380 seconds
301.152: [GC [PSYoungGen: 14461K->1120K(15360K)] 45238K->31896K(49664K), 0.0005410 secs] [Times: user=0.00 sys=0.00, real=0.00 secs] 
301.153: Total time for which application threads were stopped: 0.0019420 seconds, Stopping threads took: 0.0013450 seconds
301.209: Application time: 0.0562380 seconds
301.209: [GC [PSYoungGen: 14429K->1280K(15360K)] 45206K->32056K(49664K), 0.0005590 secs] [Times: user=0.00 sys=0.00, real=0.00 secs] 
301.210: Total time for which application threads were stopped: 0.0006800 seconds, Stopping threads took: 0.0000660 seconds
301.252: Application time: 0.0423780 seconds
301.256: [GC [PSYoungGen: 14589K->1344K(15360K)] 45366K->32120K(49664K), 0.0006350 secs] [Times: user=0.00 sys=0.00, real=0.00 secs] 
301.257: Total time for which application threads were stopped: 0.0047690 seconds, Stopping threads took: 0.0040770 seconds
301.297: Application time: 0.0401600 seconds
301.297: [GC [PSYoungGen: 14652K->1552K(15360K)] 45428K->32328K(49664K), 0.0006240 secs] [Times: user=0.00 sys=0.00, real=0.00 secs] 
301.298: Total time for which application threads were stopped: 0.0007500 seconds, Stopping threads took: 0.0000680 seconds
301.348: Application time: 0.0499240 seconds
301.348: [GC [PSYoungGen: 14862K->1600K(15360K)] 45638K->32376K(49664K), 0.0006110 secs] [Times: user=0.00 sys=0.00, real=0.01 secs] 
301.349: Total time for which application threads were stopped: 0.0007400 seconds, Stopping threads took: 0.0000690 seconds
301.403: Application time: 0.0547850 seconds
301.403: [GC [PSYoungGen: 14910K->1184K(15360K)] 45687K->32373K(49664K), 0.0006320 secs] [Times: user=0.00 sys=0.00, real=0.00 secs] 
301.404: Total time for which application threads were stopped: 0.0007680 seconds, Stopping threads took: 0.0000680 seconds
301.460: Application time: 0.0558980 seconds
301.460: [GC [PSYoungGen: 14492K->1184K(15360K)] 45682K->32373K(49664K), 0.0006310 secs] [Times: user=0.01 sys=0.00, real=0.01 secs] 
301.461: Total time for which application threads were stopped: 0.0007520 seconds, Stopping threads took: 0.0000640 seconds
301.508: Application time: 0.0469030 seconds
301.508: [GC [PSYoungGen: 14492K->1504K(15360K)] 45681K->32693K(49664K), 0.0006610 secs] [Times: user=0.00 sys=0.00, real=0.01 secs] 
301.508: Total time for which application threads were stopped: 0.0007580 seconds, Stopping threads took: 0.0000420 seconds
301.559: Application time: 0.0504060 seconds
301.559: [GC [PSYoungGen: 14813K->1504K(15360K)] 46002K->32693K(49664K), 0.0006010 secs] [Times: user=0.01 sys=0.00, real=0.00 secs] 
301.560: Total time for which application threads were stopped: 0.0007210 seconds, Stopping threads took: 0.0000630 seconds
301.616: Application time: 0.0568790 seconds
301.617: [GC [PSYoungGen: 14812K->1504K(15360K)] 46002K->32693K(49664K), 0.0007030 secs] [Times: user=0.00 sys=0.00, real=0.00 secs] 
301.617: Total time for which application threads were stopped: 0.0008210 seconds, Stopping threads took: 0.0000600 seconds
301.674: Application time: 0.0567000 seconds
301.674: [GC [PSYoungGen: 14812K->1536K(15360K)] 46002K->32725K(49664K), 0.0006170 secs] [Times: user=0.00 sys=0.00, real=0.00 secs] 
301.675: Total time for which application threads were stopped: 0.0007270 seconds, Stopping threads took: 0.0000530 seconds
301.731: Application time: 0.0567440 seconds
301.732: [GC [PSYoungGen: 14844K->1504K(15360K)] 46034K->32741K(49664K), 0.0006190 secs] [Times: user=0.01 sys=0.00, real=0.00 secs] 
301.732: Total time for which application threads were stopped: 0.0007380 seconds, Stopping threads took: 0.0000630 seconds
301.792: Application time: 0.0598810 seconds
301.792: [GC [PSYoungGen: 14813K->1408K(15360K)] 46050K->32645K(49664K), 0.0006240 secs] [Times: user=0.00 sys=0.00, real=0.00 secs] 
301.793: Total time for which application threads were stopped: 0.0007460 seconds, Stopping threads took: 0.0000660 seconds
301.849: Application time: 0.0562170 seconds
301.849: [GC [PSYoungGen: 14717K->1600K(15360K)] 45954K->32837K(49664K), 0.0006440 secs] [Times: user=0.00 sys=0.00, real=0.00 secs] 
301.850: Total time for which application threads were stopped: 0.0007500 seconds, Stopping threads took: 0.0000480 seconds
301.881: Application time: 0.0317110 seconds
301.882: [GC [PSYoungGen: 14910K->1808K(15360K)] 46148K->33045K(49664K), 0.0007250 secs] [Times: user=0.00 sys=0.00, real=0.00 secs] 
301.882: Total time for which application threads were stopped: 0.0008280 seconds, Stopping threads took: 0.0000480 seconds
301.927: Application time: 0.0447330 seconds
301.927: [GC [PSYoungGen: 15119K->1936K(15360K)] 46356K->33173K(49664K), 0.0006910 secs] [Times: user=0.00 sys=0.00, real=0.00 secs] 
301.928: Total time for which application threads were stopped: 0.0008260 seconds, Stopping threads took: 0.0000640 seconds
301.985: Application time: 0.0567230 seconds
301.988: [GC [PSYoungGen: 15244K->1728K(15360K)] 46481K->33210K(49664K), 0.0007030 secs] [Times: user=0.00 sys=0.00, real=0.00 secs] 
301.989: Total time for which application threads were stopped: 0.0044400 seconds, Stopping threads took: 0.0036830 seconds
302.048: Application time: 0.0590920 seconds
302.048: [GC [PSYoungGen: 15039K->1696K(15360K)] 46521K->33178K(49664K), 0.0006710 secs] [Times: user=0.00 sys=0.01, real=0.01 secs] 
302.049: Total time for which application threads were stopped: 0.0007880 seconds, Stopping threads took: 0.0000560 seconds
302.107: Application time: 0.0582820 seconds
302.107: [GC [PSYoungGen: 15005K->1648K(15360K)] 46487K->33130K(49664K), 0.0006350 secs] [Times: user=0.00 sys=0.00, real=0.00 secs] 
302.108: Total time for which application threads were stopped: 0.0007510 seconds, Stopping threads took: 0.0000620 seconds
302.167: Application time: 0.0586630 seconds
302.167: [GC [PSYoungGen: 14957K->1568K(15360K)] 46439K->33142K(49664K), 0.0006670 secs] [Times: user=0.00 sys=0.00, real=0.00 secs] 
302.167: Total time for which application threads were stopped: 0.0007850 seconds, Stopping threads took: 0.0000620 seconds
302.226: Application time: 0.0586510 seconds
302.226: [GC [PSYoungGen: 14879K->1408K(15360K)] 46453K->33194K(49664K), 0.0006420 secs] [Times: user=0.00 sys=0.00, real=0.00 secs] 
302.227: Total time for which application threads were stopped: 0.0007550 seconds, Stopping threads took: 0.0000530 seconds
302.282: Application time: 0.0556330 seconds
302.283: Total time for which application threads were stopped: 0.0000820 seconds, Stopping threads took: 0.0000610 seconds
302.283: Application time: 0.0000810 seconds
302.283: [GC [PSYoungGen: 14640K->1072K(15360K)] 46555K->33226K(49664K), 0.0005880 secs] [Times: user=0.01 sys=0.00, real=0.00 secs] 
302.283: Total time for which application threads were stopped: 0.0006560 seconds, Stopping threads took: 0.0000260 seconds
302.342: Application time: 0.0589840 seconds
302.342: [GC [PSYoungGen: 14383K->1056K(15360K)] 46822K->33543K(49664K), 0.0005410 secs] [Times: user=0.00 sys=0.00, real=0.00 secs] 
302.343: Total time for which application threads were stopped: 0.0006590 seconds, Stopping threads took: 0.0000630 seconds
302.403: Application time: 0.0599670 seconds
302.403: [GC [PSYoungGen: 14365K->1152K(15360K)] 46852K->33639K(49664K), 0.0005830 secs] [Times: user=0.00 sys=0.00, real=0.00 secs] 
302.404: Total time for which application threads were stopped: 0.0007130 seconds, Stopping threads took: 0.0000710 seconds
302.462: Application time: 0.0588830 seconds
302.463: [GC [PSYoungGen: 14461K->1024K(15360K)] 46948K->33511K(49664K), 0.0005800 secs] [Times: user=0.00 sys=0.00, real=0.00 secs] 
302.463: Total time for which application threads were stopped: 0.0006950 seconds, Stopping threads took: 0.0000520 seconds
302.518: Application time: 0.0549720 seconds
302.518: [GC [PSYoungGen: 14335K->944K(15360K)] 46822K->33659K(49664K), 0.0005550 secs] [Times: user=0.01 sys=0.00, real=0.00 secs] 
302.519: Total time for which application threads were stopped: 0.0006590 seconds, Stopping threads took: 0.0000460 seconds
302.562: Application time: 0.0428420 seconds
302.562: [GC [PSYoungGen: 14255K->864K(15360K)] 46971K->33784K(49664K), 0.0005730 secs] [Times: user=0.00 sys=0.00, real=0.00 secs] 
302.562: Total time for which application threads were stopped: 0.0006770 seconds, Stopping threads took: 0.0000480 seconds
302.620: Application time: 0.0572320 seconds
302.620: Total time for which application threads were stopped: 0.0000770 seconds, Stopping threads took: 0.0000560 seconds
302.620: Application time: 0.0000400 seconds
302.620: [GC [PSYoungGen: 14112K->752K(15360K)] 47160K->33800K(49664K), 0.0004840 secs] [Times: user=0.00 sys=0.00, real=0.00 secs] 
302.620: Total time for which application threads were stopped: 0.0005540 seconds, Stopping threads took: 0.0000230 seconds
302.668: Application time: 0.0476040 seconds
302.668: [GC [PSYoungGen: 14062K->928K(15360K)] 47395K->34260K(49664K), 0.0005930 secs] [Times: user=0.00 sys=0.00, real=0.01 secs] 
302.669: Total time for which application threads were stopped: 0.0006980 seconds, Stopping threads took: 0.0000500 seconds
302.714: Application time: 0.0451570 seconds
302.714: [GC [PSYoungGen: 14235K->1120K(15360K)] 47568K->34500K(49664K), 0.0005450 secs] [Times: user=0.00 sys=0.00, real=0.00 secs] 
302.714: Total time for which application threads were stopped: 0.0006540 seconds, Stopping threads took: 0.0000490 seconds
302.758: Application time: 0.0435450 seconds
302.760: [GC [PSYoungGen: 14428K->896K(15360K)] 47809K->34521K(49664K), 0.0005700 secs] [Times: user=0.01 sys=0.00, real=0.00 secs] 
302.761: Total time for which application threads were stopped: 0.0029950 seconds, Stopping threads took: 0.0023710 seconds
302.818: Application time: 0.0574580 seconds
302.818: [GC [PSYoungGen: 14207K->880K(15360K)] 47832K->34505K(49664K), 0.0005760 secs] [Times: user=0.01 sys=0.00, real=0.00 secs] 
302.820: Total time for which application threads were stopped: 0.0017350 seconds, Stopping threads took: 0.0000440 seconds
302.878: Application time: 0.0583360 seconds
302.879: [GC [PSYoungGen: 14189K->864K(15360K)] 47814K->34489K(49664K), 0.0005170 secs] [Times: user=0.00 sys=0.00, real=0.00 secs] 
302.879: Total time for which application threads were stopped: 0.0006270 seconds, Stopping threads took: 0.0000550 seconds
302.935: Application time: 0.0563770 seconds
302.936: [GC [PSYoungGen: 14173K->1248K(15360K)] 47799K->34873K(49664K), 0.0005620 secs] [Times: user=0.00 sys=0.00, real=0.00 secs] 
302.936: Total time for which application threads were stopped: 0.0006690 seconds, Stopping threads took: 0.0000520 seconds
302.977: Application time: 0.0409330 seconds
302.980: [GC [PSYoungGen: 14559K->1280K(15360K)] 48184K->34905K(49664K), 0.0006050 secs] [Times: user=0.00 sys=0.00, real=0.00 secs] 
302.981: Total time for which application threads were stopped: 0.0038770 seconds, Stopping threads took: 0.0032060 seconds
303.026: Application time: 0.0454190 seconds
303.026: [GC [PSYoungGen: 14589K->1472K(15360K)] 48214K->35097K(49664K), 0.0006140 secs] [Times: user=0.01 sys=0.00, real=0.00 secs] 
303.027: Total time for which application threads were stopped: 0.0007140 seconds, Stopping threads took: 0.0000450 seconds
303.075: Application time: 0.0477750 seconds
303.075: [GC [PSYoungGen: 14781K->1472K(15360K)] 48407K->35198K(49664K), 0.0006020 secs] [Times: user=0.00 sys=0.00, real=0.00 secs] 
303.076: Total time for which application threads were stopped: 0.0007170 seconds, Stopping threads took: 0.0000580 seconds
303.131: Application time: 0.0550170 seconds
303.131: [GC [PSYoungGen: 14783K->1184K(15360K)] 48509K->35142K(49664K), 0.0005890 secs] [Times: user=0.00 sys=0.00, real=0.00 secs] 
303.131: Total time for which application threads were stopped: 0.0006960 seconds, Stopping threads took: 0.0000500 seconds
303.188: Application time: 0.0567920 seconds
303.188: [GC [PSYoungGen: 14495K->1280K(15360K)] 48453K->35238K(49664K), 0.0005870 secs] [Times: user=0.01 sys=0.00, real=0.01 secs] 
303.189: Total time for which application threads were stopped: 0.0006950 seconds, Stopping threads took: 0.0000510 seconds
303.237: Application time: 0.0484530 seconds
303.237: [GC [PSYoungGen: 14590K->1520K(15360K)] 48548K->35478K(49664K), 0.0006250 secs] [Times: user=0.00 sys=0.00, real=0.00 secs] 
303.238: Total time for which application threads were stopped: 0.0007260 seconds, Stopping threads took: 0.0000460 seconds
303.286: Application time: 0.0485310 seconds
303.287: [GC [PSYoungGen: 14831K->1504K(15360K)] 48789K->35462K(49664K), 0.0006260 secs] [Times: user=0.00 sys=0.00, real=0.00 secs] 
303.287: Total time for which application threads were stopped: 0.0007560 seconds, Stopping threads took: 0.0000740 seconds
303.345: Application time: 0.0574940 seconds
303.345: [GC [PSYoungGen: 14812K->1552K(15360K)] 48770K->35510K(49664K), 0.0006900 secs] [Times: user=0.01 sys=0.00, real=0.00 secs] 
303.346: Total time for which application threads were stopped: 0.0007900 seconds, Stopping threads took: 0.0000440 seconds
303.403: Application time: 0.0569710 seconds
303.403: [GC [PSYoungGen: 14860K->1536K(15360K)] 48818K->35494K(49664K), 0.0006880 secs] [Times: user=0.00 sys=0.00, real=0.00 secs] 
303.403: Total time for which application threads were stopped: 0.0008050 seconds, Stopping threads took: 0.0000610 seconds
303.460: Application time: 0.0566820 seconds
303.460: [GC [PSYoungGen: 14844K->1504K(15360K)] 48802K->35518K(49664K), 0.0006340 secs] [Times: user=0.01 sys=0.00, real=0.01 secs] 
303.461: Total time for which application threads were stopped: 0.0007480 seconds, Stopping threads took: 0.0000560 seconds
303.521: Application time: 0.0599930 seconds
303.521: [GC [PSYoungGen: 14816K->1424K(15360K)] 48830K->35438K(49664K), 0.0005830 secs] [Times: user=0.00 sys=0.00, real=0.00 secs] 
303.521: Total time for which application threads were stopped: 0.0007020 seconds, Stopping threads took: 0.0000560 seconds
303.574: Application time: 0.0521870 seconds
303.574: [GC [PSYoungGen: 14733K->1808K(15360K)] 48747K->35822K(49664K), 0.0007240 secs] [Times: user=0.00 sys=0.00, real=0.00 secs] 
303.574: Total time for which application threads were stopped: 0.0008200 seconds, Stopping threads took: 0.0000420 seconds
303.607: Application time: 0.0324770 seconds
303.607: [GC [PSYoungGen: 15117K->1824K(15360K)] 49131K->35838K(49664K), 0.0007230 secs] [Times: user=0.00 sys=0.00, real=0.00 secs] 
303.608: Total time for which application threads were stopped: 0.0008460 seconds, Stopping threads took: 0.0000640 seconds
303.657: Application time: 0.0491020 seconds
303.657: [GC [PSYoungGen: 15133K->1888K(15360K)] 49147K->35902K(49664K), 0.0007350 secs] [Times: user=0.01 sys=0.00, real=0.00 secs] 
303.658: Total time for which application threads were stopped: 0.0008500 seconds, Stopping threads took: 0.0000600 seconds
303.713: Application time: 0.0549710 seconds
303.713: [GC [PSYoungGen: 15195K->1872K(15360K)] 49209K->35950K(49664K), 0.0007150 secs] [Times: user=0.00 sys=0.00, real=0.00 secs] 
303.714: Total time for which application threads were stopped: 0.0008380 seconds, Stopping threads took: 0.0000630 seconds
303.772: Application time: 0.0589280 seconds
303.773: [GC [PSYoungGen: 15181K->1616K(15360K)] 49259K->35906K(49664K), 0.0007030 secs] [Times: user=0.01 sys=0.00, real=0.00 secs] 
303.773: [Full GC [PSYoungGen: 1616K->0K(15360K)] [ParOldGen: 34290K->3542K(34304K)] 35906K->3542K(49664K) [PSPermGen: 5582K->5582K(21504K)], 0.0054540 secs] [Times: user=0.02 sys=0.00, real=0.00 secs] 
303.779: Total time for which application threads were stopped: 0.0063410 seconds, Stopping threads took: 0.0000730 seconds
303.837: Application time: 0.0581390 seconds
303.840: [GC [PSYoungGen: 13309K->0K(15360K)] 16851K->3542K(49664K), 0.0003600 secs] [Times: user=0.00 sys=0.00, real=0.00 secs] 
303.841: Total time for which application threads were stopped: 0.0037680 seconds, Stopping threads took: 0.0033540 seconds
303.899: Application time: 0.0586950 seconds
303.900: [GC [PSYoungGen: 13309K->0K(15360K)] 16851K->3542K(49664K), 0.0003760 secs] [Times: user=0.00 sys=0.00, real=0.00 secs] 
303.900: Total time for which application threads were stopped: 0.0004960 seconds, Stopping threads took: 0.0000620 seconds
303.958: Application time: 0.0580160 seconds
303.958: [GC [PSYoungGen: 13309K->0K(15360K)] 16851K->3542K(49664K), 0.0003360 secs] [Times: user=0.00 sys=0.00, real=0.00 secs] 
303.958: Total time for which application threads were stopped: 0.0004490 seconds, Stopping threads took: 0.0000590 seconds
304.014: Application time: 0.0554300 seconds
304.014: [GC [PSYoungGen: 13307K->544K(15360K)] 16849K->4086K(49664K), 0.0003850 secs] [Times: user=0.00 sys=0.00, real=0.00 secs] 
304.014: Total time for which application threads were stopped: 0.0004930 seconds, Stopping threads took: 0.0000550 seconds
304.072: Application time: 0.0576620 seconds
304.072: [GC [PSYoungGen: 13855K->480K(15360K)] 17397K->4022K(49664K), 0.0004590 secs] [Times: user=0.01 sys=0.00, real=0.00 secs] 
304.073: Total time for which application threads were stopped: 0.0005820 seconds, Stopping threads took: 0.0000580 seconds
304.132: Application time: 0.0592790 seconds
304.132: [GC [PSYoungGen: 13789K->512K(15360K)] 17331K->4054K(49664K), 0.0004070 secs] [Times: user=0.00 sys=0.00, real=0.00 secs] 
304.132: Total time for which application threads were stopped: 0.0005220 seconds, Stopping threads took: 0.0000610 seconds
304.191: Application time: 0.0591050 seconds
304.192: [GC [PSYoungGen: 13821K->512K(15360K)] 17363K->4054K(49664K), 0.0003810 secs] [Times: user=0.00 sys=0.00, real=0.00 secs] 
304.192: Total time for which application threads were stopped: 0.0005140 seconds, Stopping threads took: 0.0000770 seconds
304.248: Application time: 0.0563590 seconds
304.248: [GC [PSYoungGen: 13820K->704K(15360K)] 17363K->4246K(49664K), 0.0004190 secs] [Times: user=0.00 sys=0.00, real=0.00 secs] 
304.249: Total time for which application threads were stopped: 0.0005380 seconds, Stopping threads took: 0.0000640 seconds
304.290: Application time: 0.0414420 seconds
304.290: [GC [PSYoungGen: 14015K->736K(15360K)] 17558K->4278K(49664K), 0.0004170 secs] [Times: user=0.00 sys=0.00, real=0.00 secs] 
304.291: Total time for which application threads were stopped: 0.0005170 seconds, Stopping threads took: 0.0000450 seconds
304.349: Application time: 0.0581480 seconds
304.349: [GC [PSYoungGen: 14047K->672K(15360K)] 17589K->4214K(49664K), 0.0004270 secs] [Times: user=0.00 sys=0.00, real=0.00 secs] 
304.350: Total time for which application threads were stopped: 0.0005440 seconds, Stopping threads took: 0.0000620 seconds
304.398: Application time: 0.0489150 seconds
304.399: [GC [PSYoungGen: 13982K->928K(15360K)] 17524K->4470K(49664K), 0.0005090 secs] [Times: user=0.00 sys=0.00, real=0.00 secs] 
304.399: Total time for which application threads were stopped: 0.0006350 seconds, Stopping threads took: 0.0000690 seconds
304.439: Application time: 0.0402800 seconds
304.439: [GC [PSYoungGen: 14238K->1152K(15360K)] 17780K->4694K(49664K), 0.0004970 secs] [Times: user=0.01 sys=0.00, real=0.00 secs] 
304.440: Total time for which application threads were stopped: 0.0006150 seconds, Stopping threads took: 0.0000580 seconds
304.485: Application time: 0.0452210 seconds
304.485: [GC [PSYoungGen: 14463K->1344K(15360K)] 18005K->4886K(49664K), 0.0005320 secs] [Times: user=0.00 sys=0.00, real=0.00 secs] 
304.486: Total time for which application threads were stopped: 0.0006360 seconds, Stopping threads took: 0.0000500 seconds
304.541: Application time: 0.0556200 seconds
304.542: [GC [PSYoungGen: 14654K->1088K(15360K)] 18196K->4630K(49664K), 0.0004940 secs] [Times: user=0.00 sys=0.01, real=0.00 secs] 
304.542: Total time for which application threads were stopped: 0.0006170 seconds, Stopping threads took: 0.0000670 seconds
304.600: Application time: 0.0582320 seconds
304.600: [GC [PSYoungGen: 14397K->1120K(15360K)] 17939K->4662K(49664K), 0.0005100 secs] [Times: user=0.00 sys=0.00, real=0.00 secs] 
304.601: Total time for which application threads were stopped: 0.0006270 seconds, Stopping threads took: 0.0000510 seconds
304.658: Application time: 0.0567600 seconds
304.658: [GC [PSYoungGen: 14429K->1312K(15360K)] 17971K->4854K(49664K), 0.0005260 secs] [Times: user=0.00 sys=0.00, real=0.00 secs] 
304.658: Total time for which application threads were stopped: 0.0006370 seconds, Stopping threads took: 0.0000540 seconds
304.698: Application time: 0.0399220 seconds
304.698: [GC [PSYoungGen: 14622K->1376K(15360K)] 18164K->4918K(49664K), 0.0005580 secs] [Times: user=0.00 sys=0.00, real=0.00 secs] 
304.699: Total time for which application threads were stopped: 0.0006870 seconds, Stopping threads took: 0.0000710 seconds
304.745: Application time: 0.0455460 seconds
304.745: [GC [PSYoungGen: 14686K->1568K(15360K)] 18228K->5110K(49664K), 0.0005910 secs] [Times: user=0.00 sys=0.00, real=0.00 secs] 
304.745: Total time for which application threads were stopped: 0.0007380 seconds, Stopping threads took: 0.0000900 seconds
304.792: Application time: 0.0464980 seconds
304.792: [GC [PSYoungGen: 14880K->1440K(15360K)] 18422K->5214K(49664K), 0.0006060 secs] [Times: user=0.00 sys=0.00, real=0.00 secs] 
304.792: Total time for which application threads were stopped: 0.0007190 seconds, Stopping threads took: 0.0000570 seconds
304.848: Application time: 0.0550170 seconds
304.848: [GC [PSYoungGen: 14750K->1216K(15360K)] 18524K->5194K(49664K), 0.0005640 secs] [Times: user=0.01 sys=0.00, real=0.00 secs] 
304.848: Total time for which application threads were stopped: 0.0007140 seconds, Stopping threads took: 0.0000950 seconds
304.904: Application time: 0.0555740 seconds
304.908: [GC [PSYoungGen: 14525K->1216K(15360K)] 18503K->5194K(49664K), 0.0005830 secs] [Times: user=0.00 sys=0.00, real=0.00 secs] 
304.909: Total time for which application threads were stopped: 0.0051080 seconds, Stopping threads took: 0.0044680 seconds
304.960: Application time: 0.0509580 seconds
304.960: [GC [PSYoungGen: 14526K->1488K(15360K)] 18505K->5466K(49664K), 0.0005490 secs] [Times: user=0.00 sys=0.00, real=0.01 secs] 
304.961: Total time for which application threads were stopped: 0.0006660 seconds, Stopping threads took: 0.0000580 seconds
305.009: Application time: 0.0481140 seconds
305.009: [GC [PSYoungGen: 14797K->1520K(15360K)] 18776K->5498K(49664K), 0.0005370 secs] [Times: user=0.00 sys=0.00, real=0.00 secs] 
305.009: Total time for which application threads were stopped: 0.0006500 seconds, Stopping threads took: 0.0000580 seconds
305.067: Application time: 0.0575440 seconds
305.067: [GC [PSYoungGen: 14831K->1456K(15360K)] 18810K->5434K(49664K), 0.0005760 secs] [Times: user=0.00 sys=0.00, real=0.00 secs] 
305.068: Total time for which application threads were stopped: 0.0007250 seconds, Stopping threads took: 0.0000880 seconds
305.124: Application time: 0.0567830 seconds
305.124: [GC [PSYoungGen: 14764K->1504K(15360K)] 18743K->5482K(49664K), 0.0005550 secs] [Times: user=0.00 sys=0.00, real=0.00 secs] 
305.125: Total time for which application threads were stopped: 0.0006920 seconds, Stopping threads took: 0.0000710 seconds
305.182: Application time: 0.0569960 seconds
305.182: [GC [PSYoungGen: 14812K->1488K(15360K)] 18791K->5506K(49664K), 0.0006110 secs] [Times: user=0.00 sys=0.00, real=0.00 secs] 
305.183: Total time for which application threads were stopped: 0.0007230 seconds, Stopping threads took: 0.0000560 seconds
305.241: Application time: 0.0584720 seconds
305.241: [GC [PSYoungGen: 14797K->1392K(15360K)] 18816K->5410K(49664K), 0.0007070 secs] [Times: user=0.00 sys=0.00, real=0.00 secs] 
305.242: Total time for which application threads were stopped: 0.0008260 seconds, Stopping threads took: 0.0000590 seconds
305.293: Application time: 0.0511020 seconds
305.293: [GC [PSYoungGen: 14702K->1664K(15360K)] 18721K->5682K(49664K), 0.0006370 secs] [Times: user=0.00 sys=0.00, real=0.00 secs] 
305.294: Total time for which application threads were stopped: 0.0007460 seconds, Stopping threads took: 0.0000530 seconds
305.331: Application time: 0.0373320 seconds
305.331: [GC [PSYoungGen: 14975K->1920K(15360K)] 18994K->5938K(49664K), 0.0006880 secs] [Times: user=0.00 sys=0.00, real=0.00 secs] 
305.332: Total time for which application threads were stopped: 0.0007930 seconds, Stopping threads took: 0.0000490 seconds
305.377: Application time: 0.0453300 seconds
305.377: [GC [PSYoungGen: 15229K->1872K(15360K)] 19248K->5890K(49664K), 0.0006700 secs] [Times: user=0.01 sys=0.00, real=0.00 secs] 
305.378: Total time for which application threads were stopped: 0.0007850 seconds, Stopping threads took: 0.0000550 seconds
305.433: Application time: 0.0547890 seconds
305.433: [GC [PSYoungGen: 15181K->1856K(15360K)] 19199K->5874K(49664K), 0.0006540 secs] [Times: user=0.01 sys=0.00, real=0.00 secs] 
305.434: Total time for which application threads were stopped: 0.0007730 seconds, Stopping threads took: 0.0000650 seconds
305.492: Application time: 0.0580000 seconds
305.492: [GC [PSYoungGen: 15165K->1616K(15360K)] 19184K->5879K(49664K), 0.0006680 secs] [Times: user=0.00 sys=0.00, real=0.00 secs] 
305.493: Total time for which application threads were stopped: 0.0007950 seconds, Stopping threads took: 0.0000570 seconds
305.551: Application time: 0.0580460 seconds
305.551: [GC [PSYoungGen: 14925K->1616K(15360K)] 19188K->5879K(49664K), 0.0006640 secs] [Times: user=0.00 sys=0.00, real=0.00 secs] 
305.551: Total time for which application threads were stopped: 0.0007890 seconds, Stopping threads took: 0.0000700 seconds
305.610: Application time: 0.0581650 seconds
305.610: [GC [PSYoungGen: 14925K->1600K(15360K)] 19188K->5943K(49664K), 0.0006580 secs] [Times: user=0.01 sys=0.00, real=0.00 secs] 
305.610: Total time for which application threads were stopped: 0.0007720 seconds, Stopping threads took: 0.0000570 seconds
305.669: Application time: 0.0586920 seconds
305.669: [GC [PSYoungGen: 14909K->1440K(15360K)] 19252K->5987K(49664K), 0.0006460 secs] [Times: user=0.00 sys=0.00, real=0.00 secs] 
305.670: Total time for which application threads were stopped: 0.0007700 seconds, Stopping threads took: 0.0000540 seconds
305.726: Application time: 0.0565910 seconds
305.726: [GC [PSYoungGen: 14748K->1152K(15360K)] 19296K->5936K(49664K), 0.0005630 secs] [Times: user=0.00 sys=0.00, real=0.00 secs] 
305.727: Total time for which application threads were stopped: 0.0006840 seconds, Stopping threads took: 0.0000660 seconds
305.784: Application time: 0.0566040 seconds
305.784: [GC [PSYoungGen: 14460K->1200K(15360K)] 19244K->6040K(49664K), 0.0005220 secs] [Times: user=0.00 sys=0.00, real=0.00 secs] 
305.785: Total time for which application threads were stopped: 0.0011900 seconds, Stopping threads took: 0.0006130 seconds
305.844: Application time: 0.0587930 seconds
305.844: [GC [PSYoungGen: 14509K->1168K(15360K)] 19350K->6008K(49664K), 0.0005060 secs] [Times: user=0.00 sys=0.00, real=0.00 secs] 
305.844: Total time for which application threads were stopped: 0.0006210 seconds, Stopping threads took: 0.0000580 seconds
305.904: Application time: 0.0592690 seconds
305.904: [GC [PSYoungGen: 14477K->1088K(15360K)] 19318K->5928K(49664K), 0.0005560 secs] [Times: user=0.00 sys=0.00, real=0.00 secs] 
305.904: Total time for which application threads were stopped: 0.0006600 seconds, Stopping threads took: 0.0000480 seconds
305.962: Application time: 0.0576440 seconds
305.962: [GC [PSYoungGen: 14399K->1120K(15360K)] 19240K->6165K(49664K), 0.0006310 secs] [Times: user=0.00 sys=0.00, real=0.00 secs] 
305.963: Total time for which application threads were stopped: 0.0007410 seconds, Stopping threads took: 0.0000550 seconds
306.005: Application time: 0.0423280 seconds
306.005: [GC [PSYoungGen: 14429K->960K(15360K)] 19474K->6225K(49664K), 0.0005770 secs] [Times: user=0.01 sys=0.00, real=0.00 secs] 
306.006: Total time for which application threads were stopped: 0.0006960 seconds, Stopping threads took: 0.0000600 seconds
306.062: Application time: 0.0564990 seconds
306.062: [GC [PSYoungGen: 14271K->944K(15360K)] 19536K->6209K(49664K), 0.0005760 secs] [Times: user=0.00 sys=0.00, real=0.00 secs] 
306.063: Total time for which application threads were stopped: 0.0007070 seconds, Stopping threads took: 0.0000760 seconds
306.111: Application time: 0.0478370 seconds
306.111: [GC [PSYoungGen: 14251K->1168K(15360K)] 19517K->6433K(49664K), 0.0004740 secs] [Times: user=0.00 sys=0.00, real=0.00 secs] 
306.111: Total time for which application threads were stopped: 0.0005840 seconds, Stopping threads took: 0.0000560 seconds
306.156: Application time: 0.0444540 seconds
306.156: [GC [PSYoungGen: 14479K->1344K(15360K)] 19745K->6689K(49664K), 0.0005540 secs] [Times: user=0.01 sys=0.00, real=0.00 secs] 
306.156: Total time for which application threads were stopped: 0.0006720 seconds, Stopping threads took: 0.0000610 seconds
306.199: Application time: 0.0424680 seconds
306.199: [GC [PSYoungGen: 14653K->1312K(15360K)] 19999K->6657K(49664K), 0.0005070 secs] [Times: user=0.00 sys=0.00, real=0.00 secs] 
306.200: Total time for which application threads were stopped: 0.0006750 seconds, Stopping threads took: 0.0001000 seconds
306.256: Application time: 0.0566670 seconds
306.256: [GC [PSYoungGen: 14622K->1088K(15360K)] 19968K->6646K(49664K), 0.0005770 secs] [Times: user=0.00 sys=0.00, real=0.00 secs] 
306.257: Total time for which application threads were stopped: 0.0007000 seconds, Stopping threads took: 0.0000650 seconds
306.314: Application time: 0.0573340 seconds
306.314: [GC [PSYoungGen: 14396K->1152K(15360K)] 19954K->6710K(49664K), 0.0005040 secs] [Times: user=0.01 sys=0.00, real=0.00 secs] 
306.315: Total time for which application threads were stopped: 0.0006220 seconds, Stopping threads took: 0.0000610 seconds
306.372: Application time: 0.0571760 seconds
306.372: [GC [PSYoungGen: 14463K->1440K(15360K)] 20022K->6998K(49664K), 0.0005520 secs] [Times: user=0.01 sys=0.00, real=0.00 secs] 
306.373: Total time for which application threads were stopped: 0.0006610 seconds, Stopping threads took: 0.0000530 seconds
306.413: Application time: 0.0399020 seconds
306.413: [GC [PSYoungGen: 14750K->1360K(15360K)] 20308K->6918K(49664K), 0.0005860 secs] [Times: user=0.00 sys=0.00, real=0.00 secs] 
306.413: Total time for which application threads were stopped: 0.0006930 seconds, Stopping threads took: 0.0000490 seconds
306.459: Application time: 0.0460340 seconds
306.459: [GC [PSYoungGen: 14670K->1552K(15360K)] 20228K->7110K(49664K), 0.0005850 secs] [Times: user=0.00 sys=0.00, real=0.00 secs] 
306.460: Total time for which application threads were stopped: 0.0006870 seconds, Stopping threads took: 0.0000440 seconds
306.508: Application time: 0.0475620 seconds
306.508: [GC [PSYoungGen: 14864K->1424K(15360K)] 20422K->7194K(49664K), 0.0005470 secs] [Times: user=0.00 sys=0.00, real=0.00 secs] 
306.509: Total time for which application threads were stopped: 0.0012980 seconds, Stopping threads took: 0.0006960 seconds
306.564: Application time: 0.0549600 seconds
306.564: [GC [PSYoungGen: 14731K->1200K(15360K)] 20502K->7175K(49664K), 0.0005620 secs] [Times: user=0.00 sys=0.00, real=0.00 secs] 
306.565: Total time for which application threads were stopped: 0.0006650 seconds, Stopping threads took: 0.0000480 seconds
306.620: Application time: 0.0559080 seconds
306.621: [GC [PSYoungGen: 14511K->1264K(15360K)] 20486K->7239K(49664K), 0.0005900 secs] [Times: user=0.00 sys=0.00, real=0.00 secs] 
306.621: Total time for which application threads were stopped: 0.0007000 seconds, Stopping threads took: 0.0000530 seconds
306.674: Application time: 0.0529580 seconds
306.674: [GC [PSYoungGen: 14574K->1216K(15360K)] 20549K->7191K(49664K), 0.0005470 secs] [Times: user=0.00 sys=0.00, real=0.00 secs] 
306.675: Total time for which application threads were stopped: 0.0006630 seconds, Stopping threads took: 0.0000600 seconds
306.718: Application time: 0.0433490 seconds
306.718: [GC [PSYoungGen: 14523K->1472K(15360K)] 20498K->7447K(49664K), 0.0006110 secs] [Times: user=0.00 sys=0.00, real=0.00 secs] 
306.719: Total time for which application threads were stopped: 0.0007270 seconds, Stopping threads took: 0.0000540 seconds
306.776: Application time: 0.0567030 seconds
306.776: [GC [PSYoungGen: 14783K->1456K(15360K)] 20758K->7431K(49664K), 0.0005690 secs] [Times: user=0.00 sys=0.00, real=0.00 secs] 
306.776: Total time for which application threads were stopped: 0.0006900 seconds, Stopping threads took: 0.0000670 seconds
306.833: Application time: 0.0569720 seconds
306.833: [GC [PSYoungGen: 14764K->1472K(15360K)] 20740K->7447K(49664K), 0.0005960 secs] [Times: user=0.01 sys=0.00, real=0.00 secs] 
306.834: Total time for which application threads were stopped: 0.0007110 seconds, Stopping threads took: 0.0000590 seconds
306.891: Application time: 0.0572610 seconds
306.891: [GC [PSYoungGen: 14780K->1440K(15360K)] 20756K->7471K(49664K), 0.0006190 secs] [Times: user=0.00 sys=0.00, real=0.00 secs] 
306.892: Total time for which application threads were stopped: 0.0007320 seconds, Stopping threads took: 0.0000560 seconds
306.950: Application time: 0.0583020 seconds
306.950: [GC [PSYoungGen: 14749K->1408K(15360K)] 20780K->7439K(49664K), 0.0005880 secs] [Times: user=0.00 sys=0.00, real=0.00 secs] 
306.951: Total time for which application threads were stopped: 0.0007110 seconds, Stopping threads took: 0.0000580 seconds
307.003: Application time: 0.0524290 seconds
307.003: [GC [PSYoungGen: 14719K->1664K(15360K)] 20750K->7695K(49664K), 0.0006280 secs] [Times: user=0.01 sys=0.00, real=0.00 secs] 
307.004: Total time for which application threads were stopped: 0.0007570 seconds, Stopping threads took: 0.0000710 seconds
307.042: Application time: 0.0376850 seconds
307.042: [GC [PSYoungGen: 14972K->1872K(15360K)] 21004K->7903K(49664K), 0.0006610 secs] [Times: user=0.01 sys=0.00, real=0.00 secs] 
307.043: Total time for which application threads were stopped: 0.0007770 seconds, Stopping threads took: 0.0000590 seconds
307.086: Application time: 0.0437910 seconds
307.086: [GC [PSYoungGen: 15183K->1888K(15360K)] 21214K->7919K(49664K), 0.0006500 secs] [Times: user=0.00 sys=0.00, real=0.00 secs] 
307.087: Total time for which application threads were stopped: 0.0007660 seconds, Stopping threads took: 0.0000570 seconds
307.142: Application time: 0.0548270 seconds
307.142: [GC [PSYoungGen: 15198K->1872K(15360K)] 21229K->7903K(49664K), 0.0006780 secs] [Times: user=0.00 sys=0.00, real=0.00 secs] 
307.143: Total time for which application threads were stopped: 0.0007870 seconds, Stopping threads took: 0.0000550 seconds
307.201: Application time: 0.0579710 seconds
307.201: [GC [PSYoungGen: 15181K->1712K(15360K)] 21212K->8012K(49664K), 0.0006560 secs] [Times: user=0.00 sys=0.00, real=0.00 secs] 
307.202: Total time for which application threads were stopped: 0.0007720 seconds, Stopping threads took: 0.0000610 seconds
307.260: Application time: 0.0581110 seconds
307.260: [GC [PSYoungGen: 15021K->1680K(15360K)] 21321K->7980K(49664K), 0.0006730 secs] [Times: user=0.00 sys=0.00, real=0.01 secs] 
307.260: Total time for which application threads were stopped: 0.0008300 seconds, Stopping threads took: 0.0000870 seconds
307.319: Application time: 0.0581320 seconds
307.319: [GC [PSYoungGen: 14989K->1632K(15360K)] 21289K->8004K(49664K), 0.0006090 secs] [Times: user=0.01 sys=0.00, real=0.00 secs] 
307.319: Total time for which application threads were stopped: 0.0007240 seconds, Stopping threads took: 0.0000590 seconds
307.377: Application time: 0.0581070 seconds
307.378: [GC [PSYoungGen: 14941K->1424K(15360K)] 21313K->8000K(49664K), 0.0005960 secs] [Times: user=0.01 sys=0.00, real=0.00 secs] 
307.378: Total time for which application threads were stopped: 0.0007120 seconds, Stopping threads took: 0.0000590 seconds
307.435: Application time: 0.0564980 seconds
307.435: [GC [PSYoungGen: 14732K->1232K(15360K)] 21309K->8052K(49664K), 0.0006530 secs] [Times: user=0.01 sys=0.00, real=0.00 secs] 
307.435: Total time for which application threads were stopped: 0.0007630 seconds, Stopping threads took: 0.0000560 seconds
307.493: Application time: 0.0572090 seconds
307.493: [GC [PSYoungGen: 14540K->1216K(15360K)] 21361K->8036K(49664K), 0.0005570 secs] [Times: user=0.01 sys=0.00, real=0.00 secs] 
307.493: Total time for which application threads were stopped: 0.0006940 seconds, Stopping threads took: 0.0000760 seconds
307.553: Application time: 0.0597880 seconds
307.553: [GC [PSYoungGen: 14527K->1152K(15360K)] 21348K->8020K(49664K), 0.0005240 secs] [Times: user=0.00 sys=0.00, real=0.00 secs] 
307.554: Total time for which application threads were stopped: 0.0006360 seconds, Stopping threads took: 0.0000520 seconds
307.613: Application time: 0.0595030 seconds
307.613: [GC [PSYoungGen: 14461K->1152K(15360K)] 21330K->8020K(49664K), 0.0005540 secs] [Times: user=0.00 sys=0.00, real=0.00 secs] 
307.614: Total time for which application threads were stopped: 0.0006730 seconds, Stopping threads took: 0.0000620 seconds
307.673: Application time: 0.0589940 seconds
307.673: [GC [PSYoungGen: 14461K->928K(15360K)] 21330K->8001K(49664K), 0.0005000 secs] [Times: user=0.00 sys=0.00, real=0.00 secs] 
307.674: Total time for which application threads were stopped: 0.0006140 seconds, Stopping threads took: 0.0000590 seconds
307.715: Application time: 0.0418120 seconds
307.715: [GC [PSYoungGen: 14239K->992K(15360K)] 21312K->8285K(49664K), 0.0005600 secs] [Times: user=0.01 sys=0.00, real=0.00 secs] 
307.716: Total time for which application threads were stopped: 0.0006760 seconds, Stopping threads took: 0.0000620 seconds
307.771: Application time: 0.0551920 seconds
307.771: [GC [PSYoungGen: 14303K->976K(15360K)] 21597K->8269K(49664K), 0.0005520 secs] [Times: user=0.00 sys=0.00, real=0.00 secs] 
307.772: Total time for which application threads were stopped: 0.0006850 seconds, Stopping threads took: 0.0000670 seconds
307.818: Application time: 0.0456600 seconds
307.818: [GC [PSYoungGen: 14283K->1232K(15360K)] 21577K->8525K(49664K), 0.0005430 secs] [Times: user=0.00 sys=0.00, real=0.00 secs] 
307.819: Total time for which application threads were stopped: 0.0016070 seconds, Stopping threads took: 0.0000500 seconds
307.870: Application time: 0.0503890 seconds
307.870: [GC [PSYoungGen: 14541K->1168K(15360K)] 21835K->8541K(49664K), 0.0005760 secs] [Times: user=0.00 sys=0.00, real=0.00 secs] 
307.870: Total time for which application threads were stopped: 0.0006840 seconds, Stopping threads took: 0.0000520 seconds
307.915: Application time: 0.0450110 seconds
307.915: [GC [PSYoungGen: 14477K->1312K(15360K)] 21851K->8685K(49664K), 0.0005410 secs] [Times: user=0.00 sys=0.00, real=0.00 secs] 
307.916: Total time for which application threads were stopped: 0.0006570 seconds, Stopping threads took: 0.0000620 seconds
307.967: Application time: 0.0508760 seconds
307.967: [GC [PSYoungGen: 14621K->1120K(15360K)] 21995K->8714K(49664K), 0.0005480 secs] [Times: user=0.00 sys=0.00, real=0.00 secs] 
307.967: Total time for which application threads were stopped: 0.0006680 seconds, Stopping threads took: 0.0000630 seconds
308.026: Application time: 0.0583480 seconds
308.026: [GC [PSYoungGen: 14431K->1152K(15360K)] 22025K->8746K(49664K), 0.0004830 secs] [Times: user=0.00 sys=0.00, real=0.00 secs] 
308.026: Total time for which application threads were stopped: 0.0005850 seconds, Stopping threads took: 0.0000500 seconds
308.083: Application time: 0.0568900 seconds
308.083: [GC [PSYoungGen: 14461K->1312K(15360K)] 22055K->8906K(49664K), 0.0005330 secs] [Times: user=0.00 sys=0.00, real=0.00 secs] 
308.084: Total time for which application threads were stopped: 0.0006580 seconds, Stopping threads took: 0.0000700 seconds
308.124: Application time: 0.0400410 seconds
308.124: [GC [PSYoungGen: 14619K->1376K(15360K)] 22214K->8970K(49664K), 0.0005500 secs] [Times: user=0.00 sys=0.00, real=0.00 secs] 
308.125: Total time for which application threads were stopped: 0.0006620 seconds, Stopping threads took: 0.0000550 seconds
308.170: Application time: 0.0453500 seconds
308.170: [GC [PSYoungGen: 14687K->1568K(15360K)] 22282K->9162K(49664K), 0.0005800 secs] [Times: user=0.00 sys=0.00, real=0.00 secs] 
308.171: Total time for which application threads were stopped: 0.0007010 seconds, Stopping threads took: 0.0000600 seconds
308.218: Application time: 0.0475570 seconds
308.218: [GC [PSYoungGen: 14878K->1456K(15360K)] 22472K->9254K(49664K), 0.0005910 secs] [Times: user=0.01 sys=0.00, real=0.00 secs] 
308.219: Total time for which application threads were stopped: 0.0007120 seconds, Stopping threads took: 0.0000670 seconds
308.275: Application time: 0.0558850 seconds
308.275: [GC [PSYoungGen: 14766K->1280K(15360K)] 22565K->9291K(49664K), 0.0005610 secs] [Times: user=0.00 sys=0.00, real=0.00 secs] 
308.276: Total time for which application threads were stopped: 0.0006790 seconds, Stopping threads took: 0.0000510 seconds
308.333: Application time: 0.0570500 seconds
308.333: [GC [PSYoungGen: 14591K->1248K(15360K)] 22602K->9259K(49664K), 0.0005410 secs] [Times: user=0.00 sys=0.00, real=0.00 secs] 
308.333: Total time for which application threads were stopped: 0.0006390 seconds, Stopping threads took: 0.0000430 seconds
308.387: Application time: 0.0535500 seconds
308.387: [GC [PSYoungGen: 14557K->1488K(15360K)] 22569K->9499K(49664K), 0.0005650 secs] [Times: user=0.01 sys=0.00, real=0.00 secs] 
308.387: Total time for which application threads were stopped: 0.0006860 seconds, Stopping threads took: 0.0000580 seconds
308.430: Application time: 0.0420320 seconds
308.430: [GC [PSYoungGen: 14799K->1472K(15360K)] 22811K->9483K(49664K), 0.0006000 secs] [Times: user=0.00 sys=0.00, real=0.00 secs] 
308.430: Total time for which application threads were stopped: 0.0007140 seconds, Stopping threads took: 0.0000550 seconds
308.488: Application time: 0.0573170 seconds
308.488: [GC [PSYoungGen: 14783K->1392K(15360K)] 22794K->9403K(49664K), 0.0005920 secs] [Times: user=0.01 sys=0.00, real=0.00 secs] 
308.488: Total time for which application threads were stopped: 0.0007120 seconds, Stopping threads took: 0.0000530 seconds
308.544: Application time: 0.0552920 seconds
308.544: [GC [PSYoungGen: 14699K->1488K(15360K)] 22711K->9499K(49664K), 0.0005800 secs] [Times: user=0.00 sys=0.00, real=0.00 secs] 
308.544: Total time for which application threads were stopped: 0.0006870 seconds, Stopping threads took: 0.0000450 seconds
308.601: Application time: 0.0567500 seconds
308.601: [GC [PSYoungGen: 14796K->1440K(15360K)] 22808K->9499K(49664K), 0.0006550 secs] [Times: user=0.00 sys=0.00, real=0.00 secs] 
308.602: Total time for which application threads were stopped: 0.0007600 seconds, Stopping threads took: 0.0000470 seconds
308.660: Application time: 0.0586150 seconds
308.660: [GC [PSYoungGen: 14749K->1424K(15360K)] 22809K->9483K(49664K), 0.0005940 secs] [Times: user=0.00 sys=0.00, real=0.00 secs] 
308.661: Total time for which application threads were stopped: 0.0007040 seconds, Stopping threads took: 0.0000540 seconds
308.719: Application time: 0.0581090 seconds
308.719: [GC [PSYoungGen: 14733K->1440K(15360K)] 22793K->9499K(49664K), 0.0005750 secs] [Times: user=0.00 sys=0.00, real=0.00 secs] 
308.720: Total time for which application threads were stopped: 0.0007010 seconds, Stopping threads took: 0.0000700 seconds
308.753: Application time: 0.0333650 seconds
308.753: [GC [PSYoungGen: 14748K->1872K(15360K)] 22808K->9931K(49664K), 0.0007180 secs] [Times: user=0.00 sys=0.00, real=0.00 secs] 
308.754: Total time for which application threads were stopped: 0.0008190 seconds, Stopping threads took: 0.0000450 seconds
308.797: Application time: 0.0433750 seconds
308.798: [GC [PSYoungGen: 15183K->1920K(15360K)] 23243K->9979K(49664K), 0.0006530 secs] [Times: user=0.00 sys=0.00, real=0.00 secs] 
308.798: Total time for which application threads were stopped: 0.0007770 seconds, Stopping threads took: 0.0000590 seconds
308.852: Application time: 0.0537080 seconds
308.852: [GC [PSYoungGen: 15229K->1872K(15360K)] 23289K->9931K(49664K), 0.0006790 secs] [Times: user=0.00 sys=0.00, real=0.00 secs] 
308.853: Total time for which application threads were stopped: 0.0008190 seconds, Stopping threads took: 0.0000810 seconds
308.911: Application time: 0.0578850 seconds
308.911: [GC [PSYoungGen: 15181K->1632K(15360K)] 23241K->9936K(49664K), 0.0006730 secs] [Times: user=0.00 sys=0.00, real=0.00 secs] 
308.911: Total time for which application threads were stopped: 0.0007970 seconds, Stopping threads took: 0.0000640 seconds
308.970: Application time: 0.0583340 seconds
308.970: [GC [PSYoungGen: 14941K->1648K(15360K)] 23245K->9952K(49664K), 0.0006070 secs] [Times: user=0.00 sys=0.00, real=0.00 secs] 
308.971: Total time for which application threads were stopped: 0.0007190 seconds, Stopping threads took: 0.0000580 seconds
309.029: Application time: 0.0582810 seconds
309.029: [GC [PSYoungGen: 14957K->1616K(15360K)] 23261K->9992K(49664K), 0.0006330 secs] [Times: user=0.00 sys=0.00, real=0.00 secs] 
309.030: Total time for which application threads were stopped: 0.0007580 seconds, Stopping threads took: 0.0000680 seconds
309.088: Application time: 0.0584310 seconds
309.088: [GC [PSYoungGen: 14925K->1392K(15360K)] 23301K->9972K(49664K), 0.0006190 secs] [Times: user=0.00 sys=0.00, real=0.01 secs] 
309.089: Total time for which application threads were stopped: 0.0007380 seconds, Stopping threads took: 0.0000620 seconds
309.146: Application time: 0.0575190 seconds
309.146: [GC [PSYoungGen: 14702K->1280K(15360K)] 23283K->9860K(49664K), 0.0005440 secs] [Times: user=0.00 sys=0.00, real=0.00 secs] 
309.147: Total time for which application threads were stopped: 0.0006660 seconds, Stopping threads took: 0.0000620 seconds
309.204: Application time: 0.0566030 seconds
309.204: [GC [PSYoungGen: 14590K->1216K(15360K)] 23171K->10033K(49664K), 0.0005840 secs] [Times: user=0.00 sys=0.00, real=0.00 secs] 
309.204: Total time for which application threads were stopped: 0.0006950 seconds, Stopping threads took: 0.0000550 seconds
309.264: Application time: 0.0595480 seconds
309.264: [GC [PSYoungGen: 14525K->1152K(15360K)] 23342K->10025K(49664K), 0.0005750 secs] [Times: user=0.00 sys=0.00, real=0.00 secs] 
309.264: Total time for which application threads were stopped: 0.0006840 seconds, Stopping threads took: 0.0000520 seconds
309.324: Application time: 0.0592300 seconds
309.324: [GC [PSYoungGen: 14461K->1168K(15360K)] 23334K->10041K(49664K), 0.0005110 secs] [Times: user=0.00 sys=0.00, real=0.00 secs] 
309.324: Total time for which application threads were stopped: 0.0006290 seconds, Stopping threads took: 0.0000540 seconds
309.383: Application time: 0.0588180 seconds
309.383: [GC [PSYoungGen: 14477K->928K(15360K)] 23350K->10005K(49664K), 0.0005080 secs] [Times: user=0.01 sys=0.00, real=0.00 secs] 
309.384: Total time for which application threads were stopped: 0.0006110 seconds, Stopping threads took: 0.0000480 seconds
309.425: Application time: 0.0414700 seconds
309.425: [GC [PSYoungGen: 14239K->960K(15360K)] 23317K->10242K(49664K), 0.0005390 secs] [Times: user=0.00 sys=0.00, real=0.00 secs] 
309.426: Total time for which application threads were stopped: 0.0006650 seconds, Stopping threads took: 0.0000680 seconds
309.482: Application time: 0.0561730 seconds
309.482: [GC [PSYoungGen: 14271K->960K(15360K)] 23553K->10242K(49664K), 0.0005290 secs] [Times: user=0.00 sys=0.00, real=0.00 secs] 
309.483: Total time for which application threads were stopped: 0.0006480 seconds, Stopping threads took: 0.0000640 seconds
309.529: Application time: 0.0461660 seconds
309.529: [GC [PSYoungGen: 14267K->1232K(15360K)] 23550K->10514K(49664K), 0.0005680 secs] [Times: user=0.00 sys=0.00, real=0.00 secs] 
309.530: Total time for which application threads were stopped: 0.0006730 seconds, Stopping threads took: 0.0000510 seconds
309.580: Application time: 0.0507280 seconds
309.580: [GC [PSYoungGen: 14543K->1184K(15360K)] 23826K->10514K(49664K), 0.0005300 secs] [Times: user=0.00 sys=0.00, real=0.00 secs] 
309.581: Total time for which application threads were stopped: 0.0006350 seconds, Stopping threads took: 0.0000500 seconds
309.635: Application time: 0.0537830 seconds
309.635: [GC [PSYoungGen: 14492K->1312K(15360K)] 23823K->10690K(49664K), 0.0005890 secs] [Times: user=0.00 sys=0.00, real=0.00 secs] 
309.635: Total time for which application threads were stopped: 0.0006940 seconds, Stopping threads took: 0.0000490 seconds
309.678: Application time: 0.0423230 seconds
309.678: [GC [PSYoungGen: 14623K->1120K(15360K)] 24001K->10711K(49664K), 0.0005490 secs] [Times: user=0.00 sys=0.00, real=0.00 secs] 
309.678: Total time for which application threads were stopped: 0.0006940 seconds, Stopping threads took: 0.0000830 seconds
309.737: Application time: 0.0584810 seconds
309.737: [GC [PSYoungGen: 14431K->1088K(15360K)] 24022K->10679K(49664K), 0.0005100 secs] [Times: user=0.01 sys=0.00, real=0.00 secs] 
309.738: Total time for which application threads were stopped: 0.0006240 seconds, Stopping threads took: 0.0000580 seconds
309.787: Application time: 0.0496060 seconds
309.787: [GC [PSYoungGen: 14399K->1344K(15360K)] 23990K->10935K(49664K), 0.0005730 secs] [Times: user=0.00 sys=0.00, real=0.00 secs] 
309.788: Total time for which application threads were stopped: 0.0006850 seconds, Stopping threads took: 0.0000560 seconds
309.832: Application time: 0.0446650 seconds
309.833: [GC [PSYoungGen: 14655K->1312K(15360K)] 24246K->10903K(49664K), 0.0006280 secs] [Times: user=0.00 sys=0.00, real=0.00 secs] 
309.833: Total time for which application threads were stopped: 0.0007500 seconds, Stopping threads took: 0.0000540 seconds
309.877: Application time: 0.0438730 seconds
309.877: [GC [PSYoungGen: 14621K->1536K(15360K)] 24212K->11127K(49664K), 0.0006250 secs] [Times: user=0.00 sys=0.00, real=0.00 secs] 
309.878: Total time for which application threads were stopped: 0.0007460 seconds, Stopping threads took: 0.0000640 seconds
309.926: Application time: 0.0484150 seconds
309.926: [GC [PSYoungGen: 14847K->1616K(15360K)] 24438K->11207K(49664K), 0.0005980 secs] [Times: user=0.00 sys=0.00, real=0.00 secs] 
309.927: Total time for which application threads were stopped: 0.0007070 seconds, Stopping threads took: 0.0000510 seconds
309.983: Application time: 0.0556500 seconds
309.983: [GC [PSYoungGen: 14926K->1248K(15360K)] 24517K->11256K(49664K), 0.0005790 secs] [Times: user=0.00 sys=0.00, real=0.00 secs] 
309.983: Total time for which application threads were stopped: 0.0007080 seconds, Stopping threads took: 0.0000690 seconds
310.041: Application time: 0.0576740 seconds
310.041: [GC [PSYoungGen: 14557K->1216K(15360K)] 24565K->11224K(49664K), 0.0005360 secs] [Times: user=0.00 sys=0.00, real=0.00 secs] 
310.042: Total time for which application threads were stopped: 0.0006570 seconds, Stopping threads took: 0.0000640 seconds
310.099: Application time: 0.0572140 seconds
310.099: [GC [PSYoungGen: 14527K->1248K(15360K)] 24535K->11256K(49664K), 0.0005410 secs] [Times: user=0.00 sys=0.00, real=0.00 secs] 
310.100: Total time for which application threads were stopped: 0.0006670 seconds, Stopping threads took: 0.0000690 seconds
310.142: Application time: 0.0419860 seconds
310.142: [GC [PSYoungGen: 14558K->1472K(15360K)] 24566K->11480K(49664K), 0.0005960 secs] [Times: user=0.01 sys=0.00, real=0.00 secs] 
310.142: Total time for which application threads were stopped: 0.0006990 seconds, Stopping threads took: 0.0000490 seconds
310.196: Application time: 0.0542280 seconds
310.197: [GC [PSYoungGen: 14783K->1488K(15360K)] 24791K->11496K(49664K), 0.0005860 secs] [Times: user=0.00 sys=0.00, real=0.00 secs] 
310.197: Total time for which application threads were stopped: 0.0007070 seconds, Stopping threads took: 0.0000640 seconds
310.253: Application time: 0.0556380 seconds
310.253: [GC [PSYoungGen: 14798K->1504K(15360K)] 24806K->11512K(49664K), 0.0005970 secs] [Times: user=0.01 sys=0.00, real=0.00 secs] 
310.254: Total time for which application threads were stopped: 0.0007020 seconds, Stopping threads took: 0.0000460 seconds
310.310: Application time: 0.0567590 seconds
310.310: [GC [PSYoungGen: 14812K->1440K(15360K)] 24820K->11488K(49664K), 0.0006170 secs] [Times: user=0.00 sys=0.00, real=0.00 secs] 
310.311: Total time for which application threads were stopped: 0.0007190 seconds, Stopping threads took: 0.0000450 seconds
310.370: Application time: 0.0587980 seconds
310.370: [GC [PSYoungGen: 14749K->1408K(15360K)] 24797K->11456K(49664K), 0.0005890 secs] [Times: user=0.00 sys=0.00, real=0.00 secs] 
310.371: Total time for which application threads were stopped: 0.0007100 seconds, Stopping threads took: 0.0000540 seconds
310.429: Application time: 0.0583590 seconds
310.429: [GC [PSYoungGen: 14717K->1440K(15360K)] 24765K->11488K(49664K), 0.0005680 secs] [Times: user=0.00 sys=0.00, real=0.00 secs] 
310.430: Total time for which application threads were stopped: 0.0006930 seconds, Stopping threads took: 0.0000690 seconds
310.466: Application time: 0.0368620 seconds
310.467: [GC [PSYoungGen: 14751K->1856K(15360K)] 24799K->11904K(49664K), 0.0006650 secs] [Times: user=0.00 sys=0.00, real=0.00 secs] 
310.467: Total time for which application threads were stopped: 0.0007670 seconds, Stopping threads took: 0.0000460 seconds
310.507: Application time: 0.0399600 seconds
310.507: [GC [PSYoungGen: 15164K->1888K(15360K)] 25212K->11936K(49664K), 0.0006980 secs] [Times: user=0.00 sys=0.00, real=0.00 secs] 
310.508: Total time for which application threads were stopped: 0.0008130 seconds, Stopping threads took: 0.0000600 seconds
310.562: Application time: 0.0537870 seconds
310.562: [GC [PSYoungGen: 15198K->1872K(15360K)] 25246K->11920K(49664K), 0.0006890 secs] [Times: user=0.00 sys=0.00, real=0.00 secs] 
310.563: Total time for which application threads were stopped: 0.0007930 seconds, Stopping threads took: 0.0000450 seconds
310.621: Application time: 0.0579890 seconds
310.621: [GC [PSYoungGen: 15181K->1872K(15360K)] 25229K->11968K(49664K), 0.0006740 secs] [Times: user=0.00 sys=0.00, real=0.00 secs] 
310.621: Total time for which application threads were stopped: 0.0007960 seconds, Stopping threads took: 0.0000680 seconds
310.680: Application time: 0.0582860 seconds
310.680: [GC [PSYoungGen: 15181K->1584K(15360K)] 25277K->11908K(49664K), 0.0006700 secs] [Times: user=0.00 sys=0.00, real=0.01 secs] 
310.680: Total time for which application threads were stopped: 0.0007820 seconds, Stopping threads took: 0.0000550 seconds
310.738: Application time: 0.0579560 seconds
310.738: [GC [PSYoungGen: 14893K->1568K(15360K)] 25218K->11964K(49664K), 0.0005980 secs] [Times: user=0.01 sys=0.00, real=0.00 secs] 
310.739: Total time for which application threads were stopped: 0.0007160 seconds, Stopping threads took: 0.0000620 seconds
310.797: Application time: 0.0581150 seconds
310.797: [GC [PSYoungGen: 14877K->1424K(15360K)] 25274K->12033K(49664K), 0.0005990 secs] [Times: user=0.00 sys=0.00, real=0.00 secs] 
310.798: Total time for which application threads were stopped: 0.0007080 seconds, Stopping threads took: 0.0000540 seconds
310.855: Application time: 0.0571080 seconds
310.855: [GC [PSYoungGen: 14735K->1552K(15360K)] 25344K->12161K(49664K), 0.0006490 secs] [Times: user=0.00 sys=0.00, real=0.00 secs] 
310.856: Total time for which application threads were stopped: 0.0007740 seconds, Stopping threads took: 0.0000690 seconds
310.912: Application time: 0.0558790 seconds
310.912: [GC [PSYoungGen: 14862K->1248K(15360K)] 25472K->12113K(49664K), 0.0005500 secs] [Times: user=0.00 sys=0.00, real=0.00 secs] 
310.912: Total time for which application threads were stopped: 0.0006690 seconds, Stopping threads took: 0.0000520 seconds
310.972: Application time: 0.0592760 seconds
310.972: [GC [PSYoungGen: 14557K->1120K(15360K)] 25422K->12033K(49664K), 0.0005260 secs] [Times: user=0.00 sys=0.00, real=0.00 secs] 
310.972: Total time for which application threads were stopped: 0.0006490 seconds, Stopping threads took: 0.0000680 seconds
311.033: Application time: 0.0611250 seconds
311.033: [GC [PSYoungGen: 14432K->1104K(15360K)] 25345K->12017K(49664K), 0.0004590 secs] [Times: user=0.00 sys=0.00, real=0.00 secs] 
311.034: Total time for which application threads were stopped: 0.0005580 seconds, Stopping threads took: 0.0000480 seconds
311.093: Application time: 0.0590240 seconds
311.093: [GC [PSYoungGen: 14413K->928K(15360K)] 25326K->12061K(49664K), 0.0005200 secs] [Times: user=0.01 sys=0.00, real=0.00 secs] 
311.094: Total time for which application threads were stopped: 0.0006280 seconds, Stopping threads took: 0.0000510 seconds
311.141: Application time: 0.0470310 seconds
311.141: [GC [PSYoungGen: 14235K->976K(15360K)] 25369K->12314K(49664K), 0.0005110 secs] [Times: user=0.00 sys=0.00, real=0.00 secs] 
311.141: Total time for which application threads were stopped: 0.0006140 seconds, Stopping threads took: 0.0000480 seconds
311.192: Application time: 0.0511160 seconds
311.193: [GC [PSYoungGen: 14288K->960K(15360K)] 25626K->12298K(49664K), 0.0005340 secs] [Times: user=0.00 sys=0.00, real=0.00 secs] 
311.193: Total time for which application threads were stopped: 0.0006550 seconds, Stopping threads took: 0.0000680 seconds
311.237: Application time: 0.0444370 seconds
311.238: [GC [PSYoungGen: 14271K->1184K(15360K)] 25610K->12522K(49664K), 0.0005100 secs] [Times: user=0.00 sys=0.00, real=0.00 secs] 
311.238: Total time for which application threads were stopped: 0.0006220 seconds, Stopping threads took: 0.0000560 seconds
311.290: Application time: 0.0517250 seconds
311.290: [GC [PSYoungGen: 14493K->1184K(15360K)] 25831K->12570K(49664K), 0.0005250 secs] [Times: user=0.01 sys=0.00, real=0.00 secs] 
311.291: Total time for which application threads were stopped: 0.0006680 seconds, Stopping threads took: 0.0000870 seconds
311.340: Application time: 0.0498700 seconds
311.340: [GC [PSYoungGen: 14495K->1312K(15360K)] 25882K->12746K(49664K), 0.0006080 secs] [Times: user=0.00 sys=0.00, real=0.00 secs] 
311.341: Total time for which application threads were stopped: 0.0007300 seconds, Stopping threads took: 0.0000670 seconds
311.388: Application time: 0.0468990 seconds
311.388: [GC [PSYoungGen: 14621K->1120K(15360K)] 26055K->12775K(49664K), 0.0005400 secs] [Times: user=0.00 sys=0.00, real=0.01 secs] 
311.389: Total time for which application threads were stopped: 0.0006660 seconds, Stopping threads took: 0.0000700 seconds
311.446: Application time: 0.0570600 seconds
311.446: [GC [PSYoungGen: 14431K->1120K(15360K)] 26086K->12775K(49664K), 0.0005680 secs] [Times: user=0.00 sys=0.00, real=0.00 secs] 
311.446: Total time for which application threads were stopped: 0.0006980 seconds, Stopping threads took: 0.0000680 seconds
311.496: Application time: 0.0498990 seconds
311.496: [GC [PSYoungGen: 14427K->1344K(15360K)] 26082K->12999K(49664K), 0.0006170 secs] [Times: user=0.01 sys=0.00, real=0.00 secs] 
311.497: Total time for which application threads were stopped: 0.0007350 seconds, Stopping threads took: 0.0000590 seconds
311.543: Application time: 0.0455580 seconds
311.543: [GC [PSYoungGen: 14655K->1472K(15360K)] 26310K->13127K(49664K), 0.0005740 secs] [Times: user=0.01 sys=0.00, real=0.00 secs] 
311.543: Total time for which application threads were stopped: 0.0006800 seconds, Stopping threads took: 0.0000460 seconds
311.583: Application time: 0.0397380 seconds
311.583: [GC [PSYoungGen: 14779K->1632K(15360K)] 26434K->13287K(49664K), 0.0005890 secs] [Times: user=0.00 sys=0.00, real=0.00 secs] 
311.584: Total time for which application threads were stopped: 0.0007370 seconds, Stopping threads took: 0.0000920 seconds
311.637: Application time: 0.0535640 seconds
311.637: [GC [PSYoungGen: 14941K->1584K(15360K)] 26596K->13239K(49664K), 0.0006130 secs] [Times: user=0.00 sys=0.00, real=0.00 secs] 
311.638: Total time for which application threads were stopped: 0.0007210 seconds, Stopping threads took: 0.0000500 seconds
311.693: Application time: 0.0551510 seconds
311.693: [GC [PSYoungGen: 14894K->1248K(15360K)] 26549K->13336K(49664K), 0.0006250 secs] [Times: user=0.00 sys=0.00, real=0.00 secs] 
311.694: Total time for which application threads were stopped: 0.0007390 seconds, Stopping threads took: 0.0000580 seconds
311.752: Application time: 0.0576990 seconds
311.752: [GC [PSYoungGen: 14557K->1152K(15360K)] 26645K->13240K(49664K), 0.0005430 secs] [Times: user=0.01 sys=0.00, real=0.00 secs] 
311.752: Total time for which application threads were stopped: 0.0006650 seconds, Stopping threads took: 0.0000630 seconds
311.809: Application time: 0.0562020 seconds
311.809: [GC [PSYoungGen: 14461K->1216K(15360K)] 26549K->13304K(49664K), 0.0005460 secs] [Times: user=0.00 sys=0.00, real=0.00 secs] 
311.809: Total time for which application threads were stopped: 0.0006630 seconds, Stopping threads took: 0.0000600 seconds
311.856: Application time: 0.0466110 seconds
311.856: [GC [PSYoungGen: 14524K->1392K(15360K)] 26612K->13480K(49664K), 0.0005900 secs] [Times: user=0.00 sys=0.00, real=0.00 secs] 
311.857: Total time for which application threads were stopped: 0.0007050 seconds, Stopping threads took: 0.0000590 seconds
311.908: Application time: 0.0518750 seconds
311.909: [GC [PSYoungGen: 14700K->1488K(15360K)] 26789K->13576K(49664K), 0.0006090 secs] [Times: user=0.00 sys=0.00, real=0.00 secs] 
311.909: Total time for which application threads were stopped: 0.0007260 seconds, Stopping threads took: 0.0000610 seconds
311.964: Application time: 0.0549720 seconds
311.964: [GC [PSYoungGen: 14799K->1328K(15360K)] 26887K->13416K(49664K), 0.0005910 secs] [Times: user=0.00 sys=0.00, real=0.00 secs] 
311.965: Total time for which application threads were stopped: 0.0007080 seconds, Stopping threads took: 0.0000550 seconds
312.022: Application time: 0.0573180 seconds
312.022: [GC [PSYoungGen: 14635K->1472K(15360K)] 26723K->13608K(49664K), 0.0005900 secs] [Times: user=0.00 sys=0.00, real=0.00 secs] 
312.023: Total time for which application threads were stopped: 0.0007090 seconds, Stopping threads took: 0.0000630 seconds
312.082: Application time: 0.0588990 seconds
312.082: [GC [PSYoungGen: 14781K->1376K(15360K)] 26917K->13512K(49664K), 0.0005920 secs] [Times: user=0.01 sys=0.00, real=0.00 secs] 
312.082: Total time for which application threads were stopped: 0.0006990 seconds, Stopping threads took: 0.0000520 seconds
312.142: Application time: 0.0596350 seconds
312.142: [GC [PSYoungGen: 14685K->1360K(15360K)] 26821K->13496K(49664K), 0.0005640 secs] [Times: user=0.00 sys=0.00, real=0.00 secs] 
312.143: Total time for which application threads were stopped: 0.0006920 seconds, Stopping threads took: 0.0000670 seconds
312.183: Application time: 0.0407010 seconds
312.184: [GC [PSYoungGen: 14671K->1792K(15360K)] 26808K->13928K(49664K), 0.0006820 secs] [Times: user=0.00 sys=0.00, real=0.00 secs] 
312.184: Total time for which application threads were stopped: 0.0007980 seconds, Stopping threads took: 0.0000580 seconds
312.221: Application time: 0.0371700 seconds
312.222: [GC [PSYoungGen: 15101K->1888K(15360K)] 27237K->14024K(49664K), 0.0007240 secs] [Times: user=0.01 sys=0.00, real=0.00 secs] 
312.222: Total time for which application threads were stopped: 0.0008290 seconds, Stopping threads took: 0.0000470 seconds
312.277: Application time: 0.0550300 seconds
312.277: [GC [PSYoungGen: 15196K->1872K(15360K)] 27332K->14008K(49664K), 0.0006650 secs] [Times: user=0.00 sys=0.00, real=0.00 secs] 
312.278: Total time for which application threads were stopped: 0.0007800 seconds, Stopping threads took: 0.0000580 seconds
312.334: Application time: 0.0562310 seconds
312.334: [GC [PSYoungGen: 15180K->1888K(15360K)] 27317K->14024K(49664K), 0.0006740 secs] [Times: user=0.01 sys=0.00, real=0.00 secs] 
312.335: Total time for which application threads were stopped: 0.0007890 seconds, Stopping threads took: 0.0000570 seconds
312.393: Application time: 0.0580970 seconds
312.393: [GC [PSYoungGen: 15197K->1568K(15360K)] 27333K->13952K(49664K), 0.0006800 secs] [Times: user=0.00 sys=0.00, real=0.00 secs] 
312.394: Total time for which application threads were stopped: 0.0008100 seconds, Stopping threads took: 0.0000740 seconds
312.452: Application time: 0.0580880 seconds
312.452: [GC [PSYoungGen: 14877K->1584K(15360K)] 27261K->14048K(49664K), 0.0006130 secs] [Times: user=0.00 sys=0.00, real=0.00 secs] 
312.453: Total time for which application threads were stopped: 0.0007200 seconds, Stopping threads took: 0.0000480 seconds
312.511: Application time: 0.0582950 seconds
312.511: [GC [PSYoungGen: 14893K->1392K(15360K)] 27357K->14076K(49664K), 0.0006370 secs] [Times: user=0.00 sys=0.00, real=0.00 secs] 
312.512: Total time for which application threads were stopped: 0.0007720 seconds, Stopping threads took: 0.0000670 seconds
312.572: Application time: 0.0595820 seconds
312.572: [GC [PSYoungGen: 14704K->1376K(15360K)] 27388K->14060K(49664K), 0.0006150 secs] [Times: user=0.00 sys=0.00, real=0.00 secs] 
312.572: Total time for which application threads were stopped: 0.0007320 seconds, Stopping threads took: 0.0000560 seconds
312.627: Application time: 0.0549940 seconds
312.627: [GC [PSYoungGen: 14686K->1200K(15360K)] 27371K->14145K(49664K), 0.0005830 secs] [Times: user=0.00 sys=0.00, real=0.00 secs] 
312.628: Total time for which application threads were stopped: 0.0006910 seconds, Stopping threads took: 0.0000490 seconds
312.687: Application time: 0.0585820 seconds
312.688: [GC [PSYoungGen: 14509K->1120K(15360K)] 27454K->14113K(49664K), 0.0005460 secs] [Times: user=0.00 sys=0.00, real=0.00 secs] 
312.689: Total time for which application threads were stopped: 0.0023600 seconds, Stopping threads took: 0.0017610 seconds
312.748: Application time: 0.0592040 seconds
312.748: [GC [PSYoungGen: 14429K->1152K(15360K)] 27423K->14145K(49664K), 0.0005790 secs] [Times: user=0.00 sys=0.00, real=0.01 secs] 
312.749: Total time for which application threads were stopped: 0.0007030 seconds, Stopping threads took: 0.0000660 seconds
312.808: Application time: 0.0589900 seconds
312.808: [GC [PSYoungGen: 14461K->992K(15360K)] 27455K->14198K(49664K), 0.0005780 secs] [Times: user=0.00 sys=0.00, real=0.01 secs] 
312.808: Total time for which application threads were stopped: 0.0006970 seconds, Stopping threads took: 0.0000630 seconds
312.858: Application time: 0.0494790 seconds
312.858: [GC [PSYoungGen: 14300K->960K(15360K)] 27506K->14378K(49664K), 0.0005410 secs] [Times: user=0.00 sys=0.00, real=0.00 secs] 
312.860: Total time for which application threads were stopped: 0.0016330 seconds, Stopping threads took: 0.0000520 seconds
312.908: Application time: 0.0480260 seconds
312.908: [GC [PSYoungGen: 14271K->992K(15360K)] 27690K->14410K(49664K), 0.0005000 secs] [Times: user=0.00 sys=0.00, real=0.00 secs] 
312.908: Total time for which application threads were stopped: 0.0006070 seconds, Stopping threads took: 0.0000530 seconds
312.951: Application time: 0.0427800 seconds
312.951: [GC [PSYoungGen: 14303K->1152K(15360K)] 27722K->14570K(49664K), 0.0005500 secs] [Times: user=0.00 sys=0.00, real=0.00 secs] 
312.952: Total time for which application threads were stopped: 0.0006650 seconds, Stopping threads took: 0.0000600 seconds
313.004: Application time: 0.0526540 seconds
313.004: [GC [PSYoungGen: 14462K->1184K(15360K)] 27881K->14650K(49664K), 0.0005690 secs] [Times: user=0.00 sys=0.00, real=0.00 secs] 
313.005: Total time for which application threads were stopped: 0.0006880 seconds, Stopping threads took: 0.0000630 seconds
313.056: Application time: 0.0510460 seconds
313.056: [GC [PSYoungGen: 14491K->1344K(15360K)] 27958K->14858K(49664K), 0.0005760 secs] [Times: user=0.00 sys=0.00, real=0.00 secs] 
313.057: Total time for which application threads were stopped: 0.0007030 seconds, Stopping threads took: 0.0000620 seconds
313.103: Application time: 0.0457830 seconds
313.103: [GC [PSYoungGen: 14655K->1344K(15360K)] 28169K->14858K(49664K), 0.0005210 secs] [Times: user=0.00 sys=0.00, real=0.00 secs] 
313.103: Total time for which application threads were stopped: 0.0006270 seconds, Stopping threads took: 0.0000510 seconds
313.160: Application time: 0.0568810 seconds
313.164: [GC [PSYoungGen: 14652K->1152K(15360K)] 28167K->14879K(49664K), 0.0005650 secs] [Times: user=0.00 sys=0.00, real=0.00 secs] 
313.165: Total time for which application threads were stopped: 0.0048460 seconds, Stopping threads took: 0.0042270 seconds
313.216: Application time: 0.0511550 seconds
313.216: [GC [PSYoungGen: 14461K->1328K(15360K)] 28189K->15055K(49664K), 0.0005780 secs] [Times: user=0.00 sys=0.00, real=0.00 secs] 
313.217: Total time for which application threads were stopped: 0.0006890 seconds, Stopping threads took: 0.0000530 seconds
313.264: Application time: 0.0467540 seconds
313.264: [GC [PSYoungGen: 14639K->1376K(15360K)] 28367K->15103K(49664K), 0.0005660 secs] [Times: user=0.00 sys=0.00, real=0.00 secs] 
313.264: Total time for which application threads were stopped: 0.0006860 seconds, Stopping threads took: 0.0000600 seconds
313.305: Application time: 0.0405410 seconds
313.305: [GC [PSYoungGen: 14686K->1520K(15360K)] 28413K->15247K(49664K), 0.0005760 secs] [Times: user=0.00 sys=0.00, real=0.00 secs] 
313.305: Total time for which application threads were stopped: 0.0006790 seconds, Stopping threads took: 0.0000460 seconds
313.356: Application time: 0.0507230 seconds
313.356: [GC [PSYoungGen: 14829K->1648K(15360K)] 28557K->15375K(49664K), 0.0006000 secs] [Times: user=0.01 sys=0.00, real=0.00 secs] 
313.357: Total time for which application threads were stopped: 0.0007240 seconds, Stopping threads took: 0.0000650 seconds
313.413: Application time: 0.0560370 seconds
313.413: [GC [PSYoungGen: 14956K->1184K(15360K)] 28684K->15328K(49664K), 0.0006610 secs] [Times: user=0.00 sys=0.00, real=0.00 secs] 
313.414: Total time for which application threads were stopped: 0.0007670 seconds, Stopping threads took: 0.0000510 seconds
313.471: Application time: 0.0575220 seconds
313.471: [GC [PSYoungGen: 14493K->1072K(15360K)] 28638K->15216K(49664K), 0.0005380 secs] [Times: user=0.01 sys=0.00, real=0.00 secs] 
313.472: Total time for which application threads were stopped: 0.0006590 seconds, Stopping threads took: 0.0000640 seconds
313.529: Application time: 0.0566820 seconds
313.529: [GC [PSYoungGen: 14381K->1248K(15360K)] 28525K->15392K(49664K), 0.0005860 secs] [Times: user=0.00 sys=0.00, real=0.00 secs] 
313.529: Total time for which application threads were stopped: 0.0007010 seconds, Stopping threads took: 0.0000570 seconds
313.581: Application time: 0.0518730 seconds
313.581: [GC [PSYoungGen: 14558K->1504K(15360K)] 28702K->15648K(49664K), 0.0006130 secs] [Times: user=0.00 sys=0.00, real=0.00 secs] 
313.582: Total time for which application threads were stopped: 0.0007430 seconds, Stopping threads took: 0.0000610 seconds
313.626: Application time: 0.0445590 seconds
313.627: [GC [PSYoungGen: 14814K->1552K(15360K)] 28959K->15696K(49664K), 0.0005820 secs] [Times: user=0.00 sys=0.00, real=0.00 secs] 
313.627: Total time for which application threads were stopped: 0.0007020 seconds, Stopping threads took: 0.0000610 seconds
313.684: Application time: 0.0566190 seconds
313.684: [GC [PSYoungGen: 14860K->1472K(15360K)] 29005K->15616K(49664K), 0.0006470 secs] [Times: user=0.01 sys=0.00, real=0.00 secs] 
313.685: Total time for which application threads were stopped: 0.0007570 seconds, Stopping threads took: 0.0000520 seconds
313.740: Application time: 0.0557750 seconds
313.740: [GC [PSYoungGen: 14780K->1440K(15360K)] 28924K->15632K(49664K), 0.0006080 secs] [Times: user=0.00 sys=0.00, real=0.00 secs] 
313.741: Total time for which application threads were stopped: 0.0007390 seconds, Stopping threads took: 0.0000720 seconds
313.800: Application time: 0.0585330 seconds
313.800: [GC [PSYoungGen: 14749K->1472K(15360K)] 28941K->15664K(49664K), 0.0006130 secs] [Times: user=0.01 sys=0.00, real=0.00 secs] 
313.801: Total time for which application threads were stopped: 0.0013630 seconds, Stopping threads took: 0.0006930 seconds
313.859: Application time: 0.0583400 seconds
313.859: [GC [PSYoungGen: 14781K->1440K(15360K)] 28973K->15632K(49664K), 0.0006220 secs] [Times: user=0.01 sys=0.00, real=0.00 secs] 
313.860: Total time for which application threads were stopped: 0.0007270 seconds, Stopping threads took: 0.0000500 seconds
313.904: Application time: 0.0441010 seconds
313.904: [GC [PSYoungGen: 14748K->1792K(15360K)] 28940K->15984K(49664K), 0.0007140 secs] [Times: user=0.00 sys=0.00, real=0.00 secs] 
313.905: Total time for which application threads were stopped: 0.0008180 seconds, Stopping threads took: 0.0000480 seconds
313.941: Application time: 0.0357620 seconds
313.941: [GC [PSYoungGen: 15101K->1872K(15360K)] 29294K->16064K(49664K), 0.0006760 secs] [Times: user=0.00 sys=0.00, real=0.00 secs] 
313.941: Total time for which application threads were stopped: 0.0007920 seconds, Stopping threads took: 0.0000620 seconds
313.995: Application time: 0.0532270 seconds
313.995: [GC [PSYoungGen: 15183K->1952K(15360K)] 29375K->16144K(49664K), 0.0007050 secs] [Times: user=0.01 sys=0.00, real=0.00 secs] 
313.996: Total time for which application threads were stopped: 0.0008240 seconds, Stopping threads took: 0.0000620 seconds
314.052: Application time: 0.0566450 seconds
314.052: [GC [PSYoungGen: 15260K->1936K(15360K)] 29453K->16128K(49664K), 0.0006040 secs] [Times: user=0.01 sys=0.00, real=0.00 secs] 
314.053: Total time for which application threads were stopped: 0.0007170 seconds, Stopping threads took: 0.0000620 seconds
314.111: Application time: 0.0584570 seconds
314.111: [GC [PSYoungGen: 15245K->1600K(15360K)] 29437K->16037K(49664K), 0.0006190 secs] [Times: user=0.00 sys=0.00, real=0.00 secs] 
314.112: Total time for which application threads were stopped: 0.0007380 seconds, Stopping threads took: 0.0000560 seconds
314.170: Application time: 0.0579840 seconds
314.170: [GC [PSYoungGen: 14909K->1616K(15360K)] 29346K->16133K(49664K), 0.0006220 secs] [Times: user=0.01 sys=0.00, real=0.00 secs] 
314.171: Total time for which application threads were stopped: 0.0007540 seconds, Stopping threads took: 0.0000710 seconds
314.229: Application time: 0.0582110 seconds
314.229: [GC [PSYoungGen: 14925K->1408K(15360K)] 29442K->16129K(49664K), 0.0006770 secs] [Times: user=0.00 sys=0.00, real=0.00 secs] 
314.230: Total time for which application threads were stopped: 0.0007980 seconds, Stopping threads took: 0.0000650 seconds
314.289: Application time: 0.0587110 seconds
314.289: [GC [PSYoungGen: 14719K->1392K(15360K)] 29441K->16113K(49664K), 0.0006440 secs] [Times: user=0.00 sys=0.00, real=0.00 secs] 
314.289: Total time for which application threads were stopped: 0.0007530 seconds, Stopping threads took: 0.0000520 seconds
314.344: Application time: 0.0550590 seconds
314.344: [GC [PSYoungGen: 14702K->1152K(15360K)] 29424K->16102K(49664K), 0.0005830 secs] [Times: user=0.00 sys=0.00, real=0.00 secs] 
314.345: Total time for which application threads were stopped: 0.0007080 seconds, Stopping threads took: 0.0000690 seconds
314.404: Application time: 0.0584100 seconds
314.404: [GC [PSYoungGen: 14461K->1152K(15360K)] 29411K->16158K(49664K), 0.0005810 secs] [Times: user=0.00 sys=0.00, real=0.00 secs] 
314.404: Total time for which application threads were stopped: 0.0006950 seconds, Stopping threads took: 0.0000580 seconds
314.463: Application time: 0.0589060 seconds
314.463: [GC [PSYoungGen: 14461K->1088K(15360K)] 29467K->16094K(49664K), 0.0005330 secs] [Times: user=0.00 sys=0.00, real=0.00 secs] 
314.464: Total time for which application threads were stopped: 0.0006480 seconds, Stopping threads took: 0.0000590 seconds
314.523: Application time: 0.0589490 seconds
314.523: [GC [PSYoungGen: 14397K->928K(15360K)] 29403K->16146K(49664K), 0.0005810 secs] [Times: user=0.00 sys=0.00, real=0.00 secs] 
314.523: Total time for which application threads were stopped: 0.0006910 seconds, Stopping threads took: 0.0000540 seconds
314.575: Application time: 0.0513380 seconds
314.575: [GC [PSYoungGen: 14235K->960K(15360K)] 29454K->16391K(49664K), 0.0005860 secs] [Times: user=0.00 sys=0.00, real=0.00 secs] 
314.575: Total time for which application threads were stopped: 0.0006980 seconds, Stopping threads took: 0.0000560 seconds
314.622: Application time: 0.0463550 seconds
314.622: [GC [PSYoungGen: 14269K->1056K(15360K)] 29700K->16487K(49664K), 0.0004870 secs] [Times: user=0.00 sys=0.00, real=0.00 secs] 
314.622: Total time for which application threads were stopped: 0.0006190 seconds, Stopping threads took: 0.0000670 seconds
314.664: Application time: 0.0415060 seconds
314.664: [GC [PSYoungGen: 14363K->1232K(15360K)] 29794K->16663K(49664K), 0.0005420 secs] [Times: user=0.00 sys=0.00, real=0.00 secs] 
314.665: Total time for which application threads were stopped: 0.0006440 seconds, Stopping threads took: 0.0000460 seconds
314.718: Application time: 0.0536480 seconds
314.718: [GC [PSYoungGen: 14543K->1152K(15360K)] 29974K->16631K(49664K), 0.0005520 secs] [Times: user=0.00 sys=0.00, real=0.00 secs] 
314.719: Total time for which application threads were stopped: 0.0006820 seconds, Stopping threads took: 0.0000750 seconds
314.768: Application time: 0.0489950 seconds
314.772: [GC [PSYoungGen: 14461K->1344K(15360K)] 29941K->16823K(49664K), 0.0005630 secs] [Times: user=0.00 sys=0.00, real=0.00 secs] 
314.773: Total time for which application threads were stopped: 0.0049810 seconds, Stopping threads took: 0.0043580 seconds
314.820: Application time: 0.0469950 seconds
314.820: [GC [PSYoungGen: 14655K->1392K(15360K)] 30135K->16927K(49664K), 0.0005570 secs] [Times: user=0.00 sys=0.00, real=0.01 secs] 
314.821: Total time for which application threads were stopped: 0.0006780 seconds, Stopping threads took: 0.0000630 seconds
314.878: Application time: 0.0577000 seconds
314.878: [GC [PSYoungGen: 14703K->1120K(15360K)] 30238K->16867K(49664K), 0.0006170 secs] [Times: user=0.00 sys=0.00, real=0.00 secs] 
314.879: Total time for which application threads were stopped: 0.0007280 seconds, Stopping threads took: 0.0000550 seconds
314.936: Application time: 0.0567580 seconds
314.936: [GC [PSYoungGen: 14429K->1376K(15360K)] 30177K->17123K(49664K), 0.0005700 secs] [Times: user=0.00 sys=0.00, real=0.00 secs] 
314.936: Total time for which application threads were stopped: 0.0007160 seconds, Stopping threads took: 0.0000730 seconds
314.986: Application time: 0.0494730 seconds
314.986: [GC [PSYoungGen: 14685K->1312K(15360K)] 30433K->17059K(49664K), 0.0006190 secs] [Times: user=0.00 sys=0.00, real=0.00 secs] 
314.987: Total time for which application threads were stopped: 0.0007440 seconds, Stopping threads took: 0.0000640 seconds
315.036: Application time: 0.0491670 seconds
315.036: [GC [PSYoungGen: 14623K->1536K(15360K)] 30371K->17283K(49664K), 0.0005950 secs] [Times: user=0.01 sys=0.00, real=0.00 secs] 
315.037: Total time for which application threads were stopped: 0.0007230 seconds, Stopping threads took: 0.0000690 seconds
315.087: Application time: 0.0506190 seconds
315.087: [GC [PSYoungGen: 14848K->1440K(15360K)] 30595K->17187K(49664K), 0.0006070 secs] [Times: user=0.00 sys=0.00, real=0.00 secs] 
315.088: Total time for which application threads were stopped: 0.0007220 seconds, Stopping threads took: 0.0000580 seconds
315.150: Application time: 0.0619900 seconds
315.150: [GC [PSYoungGen: 14749K->1216K(15360K)] 30497K->17379K(49664K), 0.0006700 secs] [Times: user=0.00 sys=0.00, real=0.00 secs] 
315.151: Total time for which application threads were stopped: 0.0007880 seconds, Stopping threads took: 0.0000510 seconds
315.214: Application time: 0.0627910 seconds
315.214: [GC [PSYoungGen: 14524K->1232K(15360K)] 30688K->17395K(49664K), 0.0005700 secs] [Times: user=0.01 sys=0.00, real=0.00 secs] 
315.214: Total time for which application threads were stopped: 0.0006810 seconds, Stopping threads took: 0.0000510 seconds
315.277: Application time: 0.0630360 seconds
315.277: [GC [PSYoungGen: 14543K->1296K(15360K)] 30707K->17459K(49664K), 0.0006240 secs] [Times: user=0.00 sys=0.00, real=0.00 secs] 
315.278: Total time for which application threads were stopped: 0.0007450 seconds, Stopping threads took: 0.0000610 seconds
315.338: Application time: 0.0601700 seconds
315.338: [GC [PSYoungGen: 14607K->1392K(15360K)] 30771K->17555K(49664K), 0.0006590 secs] [Times: user=0.00 sys=0.00, real=0.00 secs] 
315.339: Total time for which application threads were stopped: 0.0007710 seconds, Stopping threads took: 0.0000560 seconds
315.385: Application time: 0.0465440 seconds
315.386: [GC [PSYoungGen: 14701K->1504K(15360K)] 30865K->17667K(49664K), 0.0006060 secs] [Times: user=0.01 sys=0.00, real=0.00 secs] 
315.386: Total time for which application threads were stopped: 0.0007250 seconds, Stopping threads took: 0.0000610 seconds
315.448: Application time: 0.0620550 seconds
315.448: [GC [PSYoungGen: 14812K->1504K(15360K)] 30976K->17667K(49664K), 0.0006140 secs] [Times: user=0.01 sys=0.00, real=0.00 secs] 
315.449: Total time for which application threads were stopped: 0.0007440 seconds, Stopping threads took: 0.0000710 seconds
315.511: Application time: 0.0624510 seconds
315.512: [GC [PSYoungGen: 14814K->1456K(15360K)] 30978K->17667K(49664K), 0.0005990 secs] [Times: user=0.00 sys=0.00, real=0.00 secs] 
315.512: Total time for which application threads were stopped: 0.0007220 seconds, Stopping threads took: 0.0000650 seconds
315.577: Application time: 0.0652660 seconds
315.578: [GC [PSYoungGen: 14767K->1456K(15360K)] 30979K->17667K(49664K), 0.0005930 secs] [Times: user=0.00 sys=0.00, real=0.00 secs] 
315.578: Total time for which application threads were stopped: 0.0007100 seconds, Stopping threads took: 0.0000620 seconds
315.644: Application time: 0.0657010 seconds
315.648: [GC [PSYoungGen: 14765K->1408K(15360K)] 30977K->17619K(49664K), 0.0006050 secs] [Times: user=0.00 sys=0.00, real=0.00 secs] 
315.649: Total time for which application threads were stopped: 0.0051100 seconds, Stopping threads took: 0.0044400 seconds
315.703: Application time: 0.0542450 seconds
315.703: [GC [PSYoungGen: 14717K->1856K(15360K)] 30929K->18068K(49664K), 0.0006750 secs] [Times: user=0.00 sys=0.00, real=0.00 secs] 
315.704: Total time for which application threads were stopped: 0.0008340 seconds, Stopping threads took: 0.0000890 seconds
315.739: Application time: 0.0353320 seconds
315.739: [GC [PSYoungGen: 15165K->1856K(15360K)] 31377K->18068K(49664K), 0.0006870 secs] [Times: user=0.00 sys=0.00, real=0.00 secs] 
315.740: Total time for which application threads were stopped: 0.0007920 seconds, Stopping threads took: 0.0000460 seconds
315.798: Application time: 0.0574920 seconds
315.798: [GC [PSYoungGen: 15164K->1856K(15360K)] 31376K->18068K(49664K), 0.0007220 secs] [Times: user=0.01 sys=0.00, real=0.00 secs] 
315.799: Total time for which application threads were stopped: 0.0008330 seconds, Stopping threads took: 0.0000500 seconds
315.858: Application time: 0.0597030 seconds
315.858: [GC [PSYoungGen: 15167K->1872K(15360K)] 31379K->18084K(49664K), 0.0007090 secs] [Times: user=0.00 sys=0.00, real=0.00 secs] 
315.859: Total time for which application threads were stopped: 0.0008140 seconds, Stopping threads took: 0.0000470 seconds
315.923: Application time: 0.0637210 seconds
315.923: [GC [PSYoungGen: 15181K->1616K(15360K)] 31393K->18064K(49664K), 0.0007450 secs] [Times: user=0.01 sys=0.00, real=0.00 secs] 
315.924: Total time for which application threads were stopped: 0.0008610 seconds, Stopping threads took: 0.0000580 seconds
315.988: Application time: 0.0647690 seconds
315.988: [GC [PSYoungGen: 14927K->1600K(15360K)] 31376K->18173K(49664K), 0.0006550 secs] [Times: user=0.00 sys=0.00, real=0.00 secs] 
315.989: Total time for which application threads were stopped: 0.0007710 seconds, Stopping threads took: 0.0000530 seconds
316.053: Application time: 0.0639430 seconds
316.053: [GC [PSYoungGen: 14909K->1376K(15360K)] 31482K->18141K(49664K), 0.0006620 secs] [Times: user=0.00 sys=0.00, real=0.00 secs] 
316.054: Total time for which application threads were stopped: 0.0007800 seconds, Stopping threads took: 0.0000580 seconds
316.118: Application time: 0.0642440 seconds
316.118: [GC [PSYoungGen: 14685K->1376K(15360K)] 31450K->18141K(49664K), 0.0005600 secs] [Times: user=0.00 sys=0.00, real=0.00 secs] 
316.119: Total time for which application threads were stopped: 0.0006610 seconds, Stopping threads took: 0.0000450 seconds
316.179: Application time: 0.0605400 seconds
316.179: [GC [PSYoungGen: 14684K->1152K(15360K)] 31449K->18157K(49664K), 0.0006330 secs] [Times: user=0.01 sys=0.00, real=0.00 secs] 
316.180: Total time for which application threads were stopped: 0.0007660 seconds, Stopping threads took: 0.0000750 seconds
316.244: Application time: 0.0642400 seconds
316.244: [GC [PSYoungGen: 14461K->1184K(15360K)] 31466K->18189K(49664K), 0.0005740 secs] [Times: user=0.00 sys=0.00, real=0.00 secs] 
316.245: Total time for which application threads were stopped: 0.0007110 seconds, Stopping threads took: 0.0000690 seconds
316.310: Application time: 0.0652980 seconds
316.310: [GC [PSYoungGen: 14493K->1120K(15360K)] 31498K->18173K(49664K), 0.0006010 secs] [Times: user=0.00 sys=0.00, real=0.00 secs] 
316.311: Total time for which application threads were stopped: 0.0007080 seconds, Stopping threads took: 0.0000490 seconds
316.376: Application time: 0.0650650 seconds
316.376: [GC [PSYoungGen: 14429K->960K(15360K)] 31482K->18249K(49664K), 0.0005660 secs] [Times: user=0.01 sys=0.00, real=0.00 secs] 
316.377: Total time for which application threads were stopped: 0.0006960 seconds, Stopping threads took: 0.0000720 seconds
316.433: Application time: 0.0562420 seconds
316.433: [GC [PSYoungGen: 14268K->928K(15360K)] 31558K->18430K(49664K), 0.0005280 secs] [Times: user=0.00 sys=0.00, real=0.00 secs] 
316.434: Total time for which application threads were stopped: 0.0006580 seconds, Stopping threads took: 0.0000700 seconds
316.485: Application time: 0.0508190 seconds
316.485: [GC [PSYoungGen: 14237K->992K(15360K)] 31739K->18494K(49664K), 0.0004970 secs] [Times: user=0.01 sys=0.00, real=0.00 secs] 
316.485: Total time for which application threads were stopped: 0.0006070 seconds, Stopping threads took: 0.0000500 seconds
316.530: Application time: 0.0451110 seconds
316.530: [GC [PSYoungGen: 14299K->1216K(15360K)] 31802K->18718K(49664K), 0.0005470 secs] [Times: user=0.01 sys=0.00, real=0.00 secs] 
316.531: Total time for which application threads were stopped: 0.0006790 seconds, Stopping threads took: 0.0000650 seconds
316.591: Application time: 0.0599780 seconds
316.591: [GC [PSYoungGen: 14527K->1152K(15360K)] 32029K->18702K(49664K), 0.0005590 secs] [Times: user=0.00 sys=0.00, real=0.00 secs] 
316.592: Total time for which application threads were stopped: 0.0006700 seconds, Stopping threads took: 0.0000540 seconds
316.642: Application time: 0.0506820 seconds
316.642: [GC [PSYoungGen: 14461K->1376K(15360K)] 32011K->18926K(49664K), 0.0006590 secs] [Times: user=0.00 sys=0.00, real=0.00 secs] 
316.643: Total time for which application threads were stopped: 0.0007490 seconds, Stopping threads took: 0.0000340 seconds
316.698: Application time: 0.0544700 seconds
316.698: [GC [PSYoungGen: 14687K->1312K(15360K)] 32238K->18902K(49664K), 0.0005880 secs] [Times: user=0.01 sys=0.00, real=0.00 secs] 
316.698: Total time for which application threads were stopped: 0.0006940 seconds, Stopping threads took: 0.0000500 seconds
316.762: Application time: 0.0636270 seconds
316.762: [GC [PSYoungGen: 14620K->1104K(15360K)] 32211K->18898K(49664K), 0.0005650 secs] [Times: user=0.01 sys=0.00, real=0.00 secs] 
316.763: Total time for which application threads were stopped: 0.0006940 seconds, Stopping threads took: 0.0000610 seconds
316.822: Application time: 0.0599470 seconds
316.823: [GC [PSYoungGen: 14415K->1344K(15360K)] 32210K->19138K(49664K), 0.0005640 secs] [Times: user=0.01 sys=0.00, real=0.00 secs] 
316.823: Total time for which application threads were stopped: 0.0006900 seconds, Stopping threads took: 0.0000690 seconds
316.870: Application time: 0.0469150 seconds
316.870: [GC [PSYoungGen: 14653K->1344K(15360K)] 32448K->19138K(49664K), 0.0005540 secs] [Times: user=0.00 sys=0.00, real=0.00 secs] 
316.871: Total time for which application threads were stopped: 0.0006720 seconds, Stopping threads took: 0.0000580 seconds
316.924: Application time: 0.0535280 seconds
316.924: [GC [PSYoungGen: 14652K->1536K(15360K)] 32447K->19330K(49664K), 0.0006310 secs] [Times: user=0.00 sys=0.00, real=0.00 secs] 
316.925: Total time for which application threads were stopped: 0.0007490 seconds, Stopping threads took: 0.0000590 seconds
316.971: Application time: 0.0464210 seconds
316.972: [GC [PSYoungGen: 14844K->1632K(15360K)] 32639K->19427K(49664K), 0.0006990 secs] [Times: user=0.00 sys=0.00, real=0.00 secs] 
316.972: Total time for which application threads were stopped: 0.0008030 seconds, Stopping threads took: 0.0000450 seconds
317.033: Application time: 0.0612140 seconds
317.034: [GC [PSYoungGen: 14940K->1280K(15360K)] 32735K->19492K(49664K), 0.0006420 secs] [Times: user=0.01 sys=0.00, real=0.00 secs] 
317.034: Total time for which application threads were stopped: 0.0007580 seconds, Stopping threads took: 0.0000560 seconds
317.097: Application time: 0.0624820 seconds
317.098: [GC [PSYoungGen: 14591K->1232K(15360K)] 32803K->19444K(49664K), 0.0006200 secs] [Times: user=0.00 sys=0.00, real=0.00 secs] 
317.099: Total time for which application threads were stopped: 0.0019040 seconds, Stopping threads took: 0.0012130 seconds
317.163: Application time: 0.0643600 seconds
317.163: [GC [PSYoungGen: 14541K->1280K(15360K)] 32753K->19492K(49664K), 0.0006000 secs] [Times: user=0.00 sys=0.00, real=0.00 secs] 
317.164: Total time for which application threads were stopped: 0.0007320 seconds, Stopping threads took: 0.0000740 seconds
317.227: Application time: 0.0631590 seconds
317.227: [GC [PSYoungGen: 14591K->1392K(15360K)] 32803K->19604K(49664K), 0.0006120 secs] [Times: user=0.01 sys=0.00, real=0.00 secs] 
317.228: Total time for which application threads were stopped: 0.0007280 seconds, Stopping threads took: 0.0000570 seconds
317.273: Application time: 0.0453530 seconds
317.273: [GC [PSYoungGen: 14699K->1520K(15360K)] 32911K->19732K(49664K), 0.0006200 secs] [Times: user=0.00 sys=0.00, real=0.00 secs] 
317.274: Total time for which application threads were stopped: 0.0007520 seconds, Stopping threads took: 0.0000650 seconds
317.333: Application time: 0.0593250 seconds
317.333: [GC [PSYoungGen: 14828K->1504K(15360K)] 33040K->19716K(49664K), 0.0006100 secs] [Times: user=0.00 sys=0.00, real=0.00 secs] 
317.334: Total time for which application threads were stopped: 0.0007290 seconds, Stopping threads took: 0.0000610 seconds
317.395: Application time: 0.0614090 seconds
317.395: [GC [PSYoungGen: 14812K->1456K(15360K)] 33024K->19716K(49664K), 0.0006720 secs] [Times: user=0.00 sys=0.00, real=0.00 secs] 
317.396: Total time for which application threads were stopped: 0.0008010 seconds, Stopping threads took: 0.0000690 seconds
317.460: Application time: 0.0644350 seconds
317.461: [GC [PSYoungGen: 14765K->1376K(15360K)] 33025K->19636K(49664K), 0.0006020 secs] [Times: user=0.00 sys=0.00, real=0.00 secs] 
317.461: Total time for which application threads were stopped: 0.0007220 seconds, Stopping threads took: 0.0000620 seconds
317.525: Application time: 0.0643000 seconds
317.526: [GC [PSYoungGen: 14685K->1376K(15360K)] 32945K->19636K(49664K), 0.0007420 secs] [Times: user=0.01 sys=0.00, real=0.00 secs] 
317.526: Total time for which application threads were stopped: 0.0008760 seconds, Stopping threads took: 0.0000780 seconds
317.584: Application time: 0.0576380 seconds
317.584: [GC [PSYoungGen: 14661K->1568K(15360K)] 32921K->19828K(49664K), 0.0006070 secs] [Times: user=0.00 sys=0.00, real=0.00 secs] 
317.585: Total time for which application threads were stopped: 0.0007220 seconds, Stopping threads took: 0.0000580 seconds
317.621: Application time: 0.0362340 seconds
317.621: [GC [PSYoungGen: 14878K->1824K(15360K)] 33138K->20084K(49664K), 0.0006930 secs] [Times: user=0.00 sys=0.00, real=0.00 secs] 
317.622: Total time for which application threads were stopped: 0.0008230 seconds, Stopping threads took: 0.0000680 seconds
317.676: Application time: 0.0539620 seconds
317.676: [GC [PSYoungGen: 15131K->1920K(15360K)] 33391K->20180K(49664K), 0.0006950 secs] [Times: user=0.00 sys=0.00, real=0.00 secs] 
317.677: Total time for which application threads were stopped: 0.0008220 seconds, Stopping threads took: 0.0000660 seconds
317.736: Application time: 0.0591050 seconds
317.736: [GC [PSYoungGen: 15227K->1936K(15360K)] 33487K->20196K(49664K), 0.0007060 secs] [Times: user=0.01 sys=0.00, real=0.00 secs] 
317.737: Total time for which application threads were stopped: 0.0013750 seconds, Stopping threads took: 0.0006110 seconds
317.802: Application time: 0.0644990 seconds
317.804: [GC [PSYoungGen: 15247K->1568K(15360K)] 33507K->20068K(49664K), 0.0007280 secs] [Times: user=0.01 sys=0.00, real=0.00 secs] 
317.805: Total time for which application threads were stopped: 0.0035480 seconds, Stopping threads took: 0.0027470 seconds
317.869: Application time: 0.0639110 seconds
317.869: [GC [PSYoungGen: 14877K->1600K(15360K)] 33377K->20180K(49664K), 0.0007210 secs] [Times: user=0.01 sys=0.00, real=0.00 secs] 
317.871: Total time for which application threads were stopped: 0.0016420 seconds, Stopping threads took: 0.0000690 seconds
317.935: Application time: 0.0638520 seconds
317.935: [GC [PSYoungGen: 14909K->1472K(15360K)] 33489K->20264K(49664K), 0.0006360 secs] [Times: user=0.01 sys=0.00, real=0.00 secs] 
317.935: Total time for which application threads were stopped: 0.0007590 seconds, Stopping threads took: 0.0000630 seconds
318.000: Application time: 0.0643360 seconds
318.000: [GC [PSYoungGen: 14781K->1152K(15360K)] 33574K->20181K(49664K), 0.0006200 secs] [Times: user=0.00 sys=0.00, real=0.01 secs] 
318.000: Total time for which application threads were stopped: 0.0007700 seconds, Stopping threads took: 0.0000920 seconds
318.061: Application time: 0.0611030 seconds
318.062: [GC [PSYoungGen: 14462K->1216K(15360K)] 33491K->20245K(49664K), 0.0005440 secs] [Times: user=0.01 sys=0.00, real=0.00 secs] 
318.062: Total time for which application threads were stopped: 0.0006560 seconds, Stopping threads took: 0.0000540 seconds
318.127: Application time: 0.0644580 seconds
318.127: [GC [PSYoungGen: 14527K->1184K(15360K)] 33556K->20213K(49664K), 0.0006090 secs] [Times: user=0.01 sys=0.00, real=0.00 secs] 
318.127: Total time for which application threads were stopped: 0.0007440 seconds, Stopping threads took: 0.0000670 seconds
318.192: Application time: 0.0646560 seconds
318.192: [GC [PSYoungGen: 14493K->1120K(15360K)] 33522K->20197K(49664K), 0.0005500 secs] [Times: user=0.00 sys=0.00, real=0.00 secs] 
318.193: Total time for which application threads were stopped: 0.0006710 seconds, Stopping threads took: 0.0000640 seconds
318.258: Application time: 0.0651470 seconds
318.258: [GC [PSYoungGen: 14429K->960K(15360K)] 33506K->20249K(49664K), 0.0005400 secs] [Times: user=0.00 sys=0.00, real=0.00 secs] 
318.258: Total time for which application threads were stopped: 0.0006740 seconds, Stopping threads took: 0.0000770 seconds
318.319: Application time: 0.0609260 seconds
318.320: [GC [PSYoungGen: 14269K->928K(15360K)] 33559K->20438K(49664K), 0.0005300 secs] [Times: user=0.00 sys=0.00, real=0.00 secs] 
318.320: Total time for which application threads were stopped: 0.0006620 seconds, Stopping threads took: 0.0000630 seconds
318.366: Application time: 0.0461190 seconds
318.366: [GC [PSYoungGen: 14237K->960K(15360K)] 33747K->20470K(49664K), 0.0005080 secs] [Times: user=0.00 sys=0.00, real=0.00 secs] 
318.367: Total time for which application threads were stopped: 0.0006230 seconds, Stopping threads took: 0.0000540 seconds
318.416: Application time: 0.0493770 seconds
318.416: [GC [PSYoungGen: 14270K->1216K(15360K)] 33780K->20726K(49664K), 0.0006200 secs] [Times: user=0.01 sys=0.00, real=0.00 secs] 
318.417: Total time for which application threads were stopped: 0.0007380 seconds, Stopping threads took: 0.0000580 seconds
318.473: Application time: 0.0557120 seconds
318.473: [GC [PSYoungGen: 14527K->1152K(15360K)] 34038K->20718K(49664K), 0.0006460 secs] [Times: user=0.00 sys=0.00, real=0.00 secs] 
318.473: Total time for which application threads were stopped: 0.0007800 seconds, Stopping threads took: 0.0000760 seconds
318.522: Application time: 0.0486310 seconds
318.522: [GC [PSYoungGen: 14463K->1344K(15360K)] 34030K->20910K(49664K), 0.0006330 secs] [Times: user=0.01 sys=0.00, real=0.00 secs] 
318.523: Total time for which application threads were stopped: 0.0007360 seconds, Stopping threads took: 0.0000460 seconds
318.580: Application time: 0.0569030 seconds
318.580: [GC [PSYoungGen: 14654K->1312K(15360K)] 34221K->20926K(49664K), 0.0006140 secs] [Times: user=0.00 sys=0.00, real=0.00 secs] 
318.581: Total time for which application threads were stopped: 0.0012050 seconds, Stopping threads took: 0.0005280 seconds
318.644: Application time: 0.0630680 seconds
318.644: [GC [PSYoungGen: 14620K->1120K(15360K)] 34234K->20947K(49664K), 0.0005790 secs] [Times: user=0.00 sys=0.00, real=0.00 secs] 
318.645: Total time for which application threads were stopped: 0.0007030 seconds, Stopping threads took: 0.0000660 seconds
318.703: Application time: 0.0586250 seconds
318.703: [GC [PSYoungGen: 14428K->1344K(15360K)] 34255K->21171K(49664K), 0.0005730 secs] [Times: user=0.00 sys=0.00, real=0.00 secs] 
318.704: Total time for which application threads were stopped: 0.0006840 seconds, Stopping threads took: 0.0000520 seconds
318.752: Application time: 0.0476700 seconds
318.752: [GC [PSYoungGen: 14653K->1344K(15360K)] 34480K->21171K(49664K), 0.0005850 secs] [Times: user=0.01 sys=0.00, real=0.00 secs] 
318.752: Total time for which application threads were stopped: 0.0006860 seconds, Stopping threads took: 0.0000400 seconds
318.806: Application time: 0.0534160 seconds
318.806: [GC [PSYoungGen: 14654K->1536K(15360K)] 34481K->21363K(49664K), 0.0006590 secs] [Times: user=0.00 sys=0.00, real=0.00 secs] 
318.807: Total time for which application threads were stopped: 0.0007750 seconds, Stopping threads took: 0.0000580 seconds
318.855: Application time: 0.0480580 seconds
318.855: [GC [PSYoungGen: 14847K->1664K(15360K)] 34674K->21491K(49664K), 0.0006370 secs] [Times: user=0.00 sys=0.00, real=0.00 secs] 
318.855: Total time for which application threads were stopped: 0.0007560 seconds, Stopping threads took: 0.0000520 seconds
318.911: Application time: 0.0556570 seconds
318.911: [GC [PSYoungGen: 14974K->1424K(15360K)] 34801K->21447K(49664K), 0.0006240 secs] [Times: user=0.00 sys=0.00, real=0.00 secs] 
318.912: Total time for which application threads were stopped: 0.0007340 seconds, Stopping threads took: 0.0000540 seconds
318.968: Application time: 0.0559550 seconds
318.968: [GC [PSYoungGen: 14735K->1216K(15360K)] 34759K->21444K(49664K), 0.0005850 secs] [Times: user=0.00 sys=0.00, real=0.01 secs] 
318.968: Total time for which application threads were stopped: 0.0007060 seconds, Stopping threads took: 0.0000660 seconds
319.027: Application time: 0.0583220 seconds
319.027: [GC [PSYoungGen: 14525K->1232K(15360K)] 34753K->21460K(49664K), 0.0005660 secs] [Times: user=0.00 sys=0.00, real=0.00 secs] 
319.027: Total time for which application threads were stopped: 0.0006870 seconds, Stopping threads took: 0.0000650 seconds
319.086: Application time: 0.0583660 seconds
319.086: [GC [PSYoungGen: 14541K->1264K(15360K)] 34769K->21492K(49664K), 0.0005830 secs] [Times: user=0.00 sys=0.00, real=0.00 secs] 
319.087: Total time for which application threads were stopped: 0.0006900 seconds, Stopping threads took: 0.0000490 seconds
319.129: Application time: 0.0420160 seconds
319.129: [GC [PSYoungGen: 14571K->1520K(15360K)] 34799K->21748K(49664K), 0.0005970 secs] [Times: user=0.01 sys=0.00, real=0.00 secs] 
319.129: Total time for which application threads were stopped: 0.0006940 seconds, Stopping threads took: 0.0000420 seconds
319.182: Application time: 0.0530200 seconds
319.182: [GC [PSYoungGen: 14828K->1520K(15360K)] 35056K->21748K(49664K), 0.0006280 secs] [Times: user=0.00 sys=0.00, real=0.00 secs] 
319.183: Total time for which application threads were stopped: 0.0007370 seconds, Stopping threads took: 0.0000540 seconds
319.238: Application time: 0.0552730 seconds
319.238: [GC [PSYoungGen: 14830K->1472K(15360K)] 35058K->21748K(49664K), 0.0006240 secs] [Times: user=0.01 sys=0.00, real=0.00 secs] 
319.239: Total time for which application threads were stopped: 0.0007420 seconds, Stopping threads took: 0.0000590 seconds
319.298: Application time: 0.0590160 seconds
319.298: [GC [PSYoungGen: 14781K->1408K(15360K)] 35057K->21684K(49664K), 0.0005890 secs] [Times: user=0.00 sys=0.00, real=0.00 secs] 
319.299: Total time for which application threads were stopped: 0.0007210 seconds, Stopping threads took: 0.0000740 seconds
319.358: Application time: 0.0592470 seconds
319.358: [GC [PSYoungGen: 14717K->1424K(15360K)] 34993K->21700K(49664K), 0.0005970 secs] [Times: user=0.00 sys=0.00, real=0.00 secs] 
319.359: Total time for which application threads were stopped: 0.0007470 seconds, Stopping threads took: 0.0000780 seconds
319.410: Application time: 0.0509480 seconds
319.410: [GC [PSYoungGen: 14732K->1696K(15360K)] 35008K->21972K(49664K), 0.0006350 secs] [Times: user=0.01 sys=0.00, real=0.00 secs] 
319.410: Total time for which application threads were stopped: 0.0007520 seconds, Stopping threads took: 0.0000610 seconds
319.444: Application time: 0.0337230 seconds
319.444: [GC [PSYoungGen: 15003K->1856K(15360K)] 35279K->22132K(49664K), 0.0006710 secs] [Times: user=0.01 sys=0.00, real=0.00 secs] 
319.445: Total time for which application threads were stopped: 0.0007890 seconds, Stopping threads took: 0.0000600 seconds
319.495: Application time: 0.0503740 seconds
319.495: [GC [PSYoungGen: 15167K->1872K(15360K)] 35443K->22148K(49664K), 0.0006760 secs] [Times: user=0.00 sys=0.00, real=0.00 secs] 
319.496: Total time for which application threads were stopped: 0.0008070 seconds, Stopping threads took: 0.0000740 seconds
319.550: Application time: 0.0538940 seconds
319.550: [GC [PSYoungGen: 15181K->1856K(15360K)] 35457K->22132K(49664K), 0.0006490 secs] [Times: user=0.01 sys=0.00, real=0.00 secs] 
319.551: Total time for which application threads were stopped: 0.0007620 seconds, Stopping threads took: 0.0000570 seconds
319.609: Application time: 0.0579070 seconds
319.609: [GC [PSYoungGen: 15165K->1680K(15360K)] 35441K->22192K(49664K), 0.0007100 secs] [Times: user=0.00 sys=0.00, real=0.00 secs] 
319.610: Total time for which application threads were stopped: 0.0008410 seconds, Stopping threads took: 0.0000620 seconds
319.668: Application time: 0.0581700 seconds
319.668: [GC [PSYoungGen: 14989K->1664K(15360K)] 35502K->22248K(49664K), 0.0006750 secs] [Times: user=0.00 sys=0.00, real=0.01 secs] 
319.669: Total time for which application threads were stopped: 0.0007780 seconds, Stopping threads took: 0.0000410 seconds
319.727: Application time: 0.0582980 seconds
319.727: [GC [PSYoungGen: 14973K->1408K(15360K)] 35558K->22213K(49664K), 0.0006320 secs] [Times: user=0.00 sys=0.00, real=0.00 secs] 
319.728: Total time for which application threads were stopped: 0.0007410 seconds, Stopping threads took: 0.0000510 seconds
319.786: Application time: 0.0582430 seconds
319.786: [GC [PSYoungGen: 14717K->1136K(15360K)] 35522K->22177K(49664K), 0.0006390 secs] [Times: user=0.00 sys=0.00, real=0.00 secs] 
319.787: Total time for which application threads were stopped: 0.0007480 seconds, Stopping threads took: 0.0000540 seconds
319.842: Application time: 0.0556610 seconds
319.842: [GC [PSYoungGen: 14444K->1216K(15360K)] 35486K->22257K(49664K), 0.0005250 secs] [Times: user=0.01 sys=0.00, real=0.00 secs] 
319.843: Total time for which application threads were stopped: 0.0006230 seconds, Stopping threads took: 0.0000440 seconds
319.901: Application time: 0.0580540 seconds
319.901: [GC [PSYoungGen: 14527K->1184K(15360K)] 35569K->22225K(49664K), 0.0005470 secs] [Times: user=0.00 sys=0.00, real=0.00 secs] 
319.902: Total time for which application threads were stopped: 0.0006710 seconds, Stopping threads took: 0.0000580 seconds
319.961: Application time: 0.0592950 seconds
319.961: [GC [PSYoungGen: 14493K->1152K(15360K)] 35535K->22233K(49664K), 0.0006050 secs] [Times: user=0.00 sys=0.00, real=0.00 secs] 
319.962: Total time for which application threads were stopped: 0.0007210 seconds, Stopping threads took: 0.0000610 seconds
320.021: Application time: 0.0590800 seconds
320.021: [GC [PSYoungGen: 14461K->1104K(15360K)] 35543K->22398K(49664K), 0.0005670 secs] [Times: user=0.00 sys=0.00, real=0.00 secs] 
320.021: Total time for which application threads were stopped: 0.0006790 seconds, Stopping threads took: 0.0000570 seconds
320.077: Application time: 0.0551940 seconds
320.077: [GC [PSYoungGen: 14415K->928K(15360K)] 35709K->22427K(49664K), 0.0005350 secs] [Times: user=0.00 sys=0.00, real=0.00 secs] 
320.077: Total time for which application threads were stopped: 0.0006410 seconds, Stopping threads took: 0.0000510 seconds
320.122: Application time: 0.0443880 seconds
320.122: [GC [PSYoungGen: 14239K->992K(15360K)] 35738K->22491K(49664K), 0.0004820 secs] [Times: user=0.01 sys=0.00, real=0.00 secs] 
320.122: Total time for which application threads were stopped: 0.0005790 seconds, Stopping threads took: 0.0000420 seconds
320.171: Application time: 0.0488010 seconds
320.171: [GC [PSYoungGen: 14302K->1232K(15360K)] 35801K->22731K(49664K), 0.0005420 secs] [Times: user=0.01 sys=0.00, real=0.00 secs] 
320.172: Total time for which application threads were stopped: 0.0006740 seconds, Stopping threads took: 0.0000760 seconds
320.218: Application time: 0.0466870 seconds
320.218: [GC [PSYoungGen: 14543K->1152K(15360K)] 36042K->22707K(49664K), 0.0005330 secs] [Times: user=0.00 sys=0.00, real=0.00 secs] 
320.219: Total time for which application threads were stopped: 0.0006600 seconds, Stopping threads took: 0.0000700 seconds
320.266: Application time: 0.0473080 seconds
320.266: [GC [PSYoungGen: 14461K->1360K(15360K)] 36016K->22915K(49664K), 0.0005660 secs] [Times: user=0.00 sys=0.00, real=0.00 secs] 
320.267: Total time for which application threads were stopped: 0.0006800 seconds, Stopping threads took: 0.0000580 seconds
320.315: Application time: 0.0483440 seconds
320.315: [GC [PSYoungGen: 14671K->1312K(15360K)] 36226K->22907K(49664K), 0.0006020 secs] [Times: user=0.00 sys=0.00, real=0.00 secs] 
320.316: Total time for which application threads were stopped: 0.0007150 seconds, Stopping threads took: 0.0000580 seconds
320.373: Application time: 0.0567790 seconds
320.373: [GC [PSYoungGen: 14620K->1152K(15360K)] 36216K->22959K(49664K), 0.0005790 secs] [Times: user=0.00 sys=0.00, real=0.00 secs] 
320.374: Total time for which application threads were stopped: 0.0007040 seconds, Stopping threads took: 0.0000700 seconds
320.427: Application time: 0.0538660 seconds
320.428: [GC [PSYoungGen: 14463K->1312K(15360K)] 36270K->23119K(49664K), 0.0005770 secs] [Times: user=0.00 sys=0.00, real=0.00 secs] 
320.428: Total time for which application threads were stopped: 0.0007100 seconds, Stopping threads took: 0.0000630 seconds
320.471: Application time: 0.0426830 seconds
320.471: [GC [PSYoungGen: 14621K->1312K(15360K)] 36429K->23119K(49664K), 0.0005630 secs] [Times: user=0.01 sys=0.00, real=0.00 secs] 
320.471: Total time for which application threads were stopped: 0.0006840 seconds, Stopping threads took: 0.0000650 seconds
320.524: Application time: 0.0529460 seconds
320.525: [GC [PSYoungGen: 14621K->1568K(15360K)] 36428K->23375K(49664K), 0.0006700 secs] [Times: user=0.00 sys=0.00, real=0.00 secs] 
320.525: Total time for which application threads were stopped: 0.0007720 seconds, Stopping threads took: 0.0000450 seconds
320.565: Application time: 0.0399400 seconds
320.565: [GC [PSYoungGen: 14878K->1568K(15360K)] 36686K->23375K(49664K), 0.0007070 secs] [Times: user=0.00 sys=0.00, real=0.00 secs] 
320.566: Total time for which application threads were stopped: 0.0008110 seconds, Stopping threads took: 0.0000490 seconds
320.621: Application time: 0.0555450 seconds
320.622: [GC [PSYoungGen: 14878K->1472K(15360K)] 36686K->23503K(49664K), 0.0006110 secs] [Times: user=0.01 sys=0.00, real=0.00 secs] 
320.622: Total time for which application threads were stopped: 0.0007170 seconds, Stopping threads took: 0.0000510 seconds
320.678: Application time: 0.0558790 seconds
320.678: [GC [PSYoungGen: 14782K->1232K(15360K)] 36813K->23468K(49664K), 0.0006010 secs] [Times: user=0.01 sys=0.00, real=0.00 secs] 
320.679: Total time for which application threads were stopped: 0.0007170 seconds, Stopping threads took: 0.0000620 seconds
320.736: Application time: 0.0570630 seconds
320.736: [GC [PSYoungGen: 14543K->1264K(15360K)] 36780K->23500K(49664K), 0.0005650 secs] [Times: user=0.00 sys=0.00, real=0.00 secs] 
320.737: Total time for which application threads were stopped: 0.0006750 seconds, Stopping threads took: 0.0000530 seconds
320.795: Application time: 0.0587810 seconds
320.795: [GC [PSYoungGen: 14575K->1184K(15360K)] 36811K->23420K(49664K), 0.0005660 secs] [Times: user=0.00 sys=0.00, real=0.00 secs] 
320.796: Total time for which application threads were stopped: 0.0006800 seconds, Stopping threads took: 0.0000570 seconds
320.840: Application time: 0.0436610 seconds
320.840: [GC [PSYoungGen: 14492K->1504K(15360K)] 36729K->23740K(49664K), 0.0006130 secs] [Times: user=0.00 sys=0.00, real=0.01 secs] 
320.840: Total time for which application threads were stopped: 0.0007260 seconds, Stopping threads took: 0.0000560 seconds
320.892: Application time: 0.0516670 seconds
320.892: [GC [PSYoungGen: 14816K->1488K(15360K)] 37052K->23724K(49664K), 0.0005980 secs] [Times: user=0.00 sys=0.00, real=0.00 secs] 
320.893: Total time for which application threads were stopped: 0.0007060 seconds, Stopping threads took: 0.0000500 seconds
320.949: Application time: 0.0563490 seconds
320.949: [GC [PSYoungGen: 14796K->1440K(15360K)] 37032K->23724K(49664K), 0.0006530 secs] [Times: user=0.00 sys=0.00, real=0.00 secs] 
320.950: Total time for which application threads were stopped: 0.0007710 seconds, Stopping threads took: 0.0000550 seconds
321.008: Application time: 0.0577360 seconds
321.008: [GC [PSYoungGen: 14751K->1408K(15360K)] 37035K->23692K(49664K), 0.0006470 secs] [Times: user=0.00 sys=0.00, real=0.01 secs] 
321.008: Total time for which application threads were stopped: 0.0007750 seconds, Stopping threads took: 0.0000730 seconds
321.067: Application time: 0.0582430 seconds
321.067: [GC [PSYoungGen: 14717K->1424K(15360K)] 37001K->23708K(49664K), 0.0006040 secs] [Times: user=0.00 sys=0.00, real=0.00 secs] 
321.067: Total time for which application threads were stopped: 0.0007290 seconds, Stopping threads took: 0.0000620 seconds
321.118: Application time: 0.0501140 seconds
321.118: [GC [PSYoungGen: 14734K->1744K(15360K)] 37019K->24028K(49664K), 0.0006390 secs] [Times: user=0.00 sys=0.00, real=0.00 secs] 
321.118: Total time for which application threads were stopped: 0.0007620 seconds, Stopping threads took: 0.0000660 seconds
321.155: Application time: 0.0365840 seconds
321.155: [GC [PSYoungGen: 15052K->1888K(15360K)] 37336K->24172K(49664K), 0.0006730 secs] [Times: user=0.01 sys=0.00, real=0.00 secs] 
321.156: Total time for which application threads were stopped: 0.0007710 seconds, Stopping threads took: 0.0000400 seconds
321.203: Application time: 0.0476110 seconds
321.203: [GC [PSYoungGen: 15199K->1904K(15360K)] 37484K->24188K(49664K), 0.0006820 secs] [Times: user=0.00 sys=0.00, real=0.00 secs] 
321.204: Total time for which application threads were stopped: 0.0008080 seconds, Stopping threads took: 0.0000700 seconds
321.258: Application time: 0.0539250 seconds
321.258: [GC [PSYoungGen: 15213K->1904K(15360K)] 37498K->24188K(49664K), 0.0006810 secs] [Times: user=0.00 sys=0.00, real=0.00 secs] 
321.259: Total time for which application threads were stopped: 0.0007920 seconds, Stopping threads took: 0.0000530 seconds
321.317: Application time: 0.0580520 seconds
321.317: [GC [PSYoungGen: 15213K->1648K(15360K)] 37497K->24176K(49664K), 0.0006850 secs] [Times: user=0.00 sys=0.00, real=0.00 secs] 
321.318: Total time for which application threads were stopped: 0.0007930 seconds, Stopping threads took: 0.0000470 seconds
321.376: Application time: 0.0580020 seconds
321.376: [GC [PSYoungGen: 14957K->1600K(15360K)] 37486K->24205K(49664K), 0.0006280 secs] [Times: user=0.00 sys=0.00, real=0.00 secs] 
321.376: Total time for which application threads were stopped: 0.0007320 seconds, Stopping threads took: 0.0000470 seconds
321.435: Application time: 0.0583860 seconds
321.435: [GC [PSYoungGen: 14909K->1456K(15360K)] 37514K->24265K(49664K), 0.0006240 secs] [Times: user=0.01 sys=0.00, real=0.00 secs] 
321.435: Total time for which application threads were stopped: 0.0007330 seconds, Stopping threads took: 0.0000480 seconds
321.494: Application time: 0.0582580 seconds
321.494: [GC [PSYoungGen: 14765K->1408K(15360K)] 37575K->24217K(49664K), 0.0005690 secs] [Times: user=0.01 sys=0.00, real=0.00 secs] 
321.494: Total time for which application threads were stopped: 0.0007070 seconds, Stopping threads took: 0.0000660 seconds
321.551: Application time: 0.0569140 seconds
321.551: [GC [PSYoungGen: 14716K->1312K(15360K)] 37526K->24361K(49664K), 0.0006020 secs] [Times: user=0.00 sys=0.00, real=0.00 secs] 
321.552: Total time for which application threads were stopped: 0.0007200 seconds, Stopping threads took: 0.0000630 seconds
321.610: Application time: 0.0578670 seconds
321.610: [GC [PSYoungGen: 14623K->1184K(15360K)] 37672K->24233K(49664K), 0.0005680 secs] [Times: user=0.00 sys=0.00, real=0.00 secs] 
321.611: Total time for which application threads were stopped: 0.0006740 seconds, Stopping threads took: 0.0000510 seconds
321.670: Application time: 0.0589840 seconds
321.670: [GC [PSYoungGen: 14493K->1088K(15360K)] 37543K->24177K(49664K), 0.0005790 secs] [Times: user=0.00 sys=0.00, real=0.00 secs] 
321.670: Total time for which application threads were stopped: 0.0006930 seconds, Stopping threads took: 0.0000580 seconds
321.729: Application time: 0.0587840 seconds
321.729: [GC [PSYoungGen: 14397K->928K(15360K)] 37487K->24230K(49664K), 0.0005350 secs] [Times: user=0.01 sys=0.00, real=0.00 secs] 
321.730: Total time for which application threads were stopped: 0.0006270 seconds, Stopping threads took: 0.0000380 seconds
321.786: Application time: 0.0562530 seconds
321.786: [GC [PSYoungGen: 14238K->1120K(15360K)] 37541K->24422K(49664K), 0.0005450 secs] [Times: user=0.00 sys=0.00, real=0.00 secs] 
321.787: Total time for which application threads were stopped: 0.0006660 seconds, Stopping threads took: 0.0000640 seconds
321.829: Application time: 0.0423030 seconds
321.829: [GC [PSYoungGen: 14429K->960K(15360K)] 37731K->24482K(49664K), 0.0005850 secs] [Times: user=0.00 sys=0.00, real=0.00 secs] 
321.830: Total time for which application threads were stopped: 0.0007100 seconds, Stopping threads took: 0.0000650 seconds
321.881: Application time: 0.0513490 seconds
321.881: [GC [PSYoungGen: 14268K->1216K(15360K)] 37791K->24738K(49664K), 0.0005510 secs] [Times: user=0.00 sys=0.00, real=0.00 secs] 
321.882: Total time for which application threads were stopped: 0.0006460 seconds, Stopping threads took: 0.0000380 seconds
321.926: Application time: 0.0442780 seconds
321.926: [GC [PSYoungGen: 14526K->1120K(15360K)] 38049K->24690K(49664K), 0.0005770 secs] [Times: user=0.00 sys=0.00, real=0.00 secs] 
321.927: Total time for which application threads were stopped: 0.0006970 seconds, Stopping threads took: 0.0000630 seconds
321.978: Application time: 0.0513680 seconds
321.978: [GC [PSYoungGen: 14429K->1360K(15360K)] 38000K->24930K(49664K), 0.0005620 secs] [Times: user=0.00 sys=0.00, real=0.00 secs] 
321.979: Total time for which application threads were stopped: 0.0006850 seconds, Stopping threads took: 0.0000650 seconds
322.023: Application time: 0.0446590 seconds
322.024: [GC [PSYoungGen: 14670K->1312K(15360K)] 38241K->24922K(49664K), 0.0005750 secs] [Times: user=0.00 sys=0.00, real=0.00 secs] 
322.025: Total time for which application threads were stopped: 0.0015610 seconds, Stopping threads took: 0.0009180 seconds
322.082: Application time: 0.0569740 seconds
322.082: [GC [PSYoungGen: 14620K->1120K(15360K)] 38231K->24943K(49664K), 0.0005620 secs] [Times: user=0.00 sys=0.00, real=0.00 secs] 
322.083: Total time for which application threads were stopped: 0.0006820 seconds, Stopping threads took: 0.0000630 seconds
322.136: Application time: 0.0537070 seconds
322.136: [GC [PSYoungGen: 14428K->1312K(15360K)] 38252K->25135K(49664K), 0.0005490 secs] [Times: user=0.00 sys=0.00, real=0.00 secs] 
322.137: Total time for which application threads were stopped: 0.0006520 seconds, Stopping threads took: 0.0000450 seconds
322.180: Application time: 0.0434800 seconds
322.181: [GC [PSYoungGen: 14621K->1344K(15360K)] 38444K->25167K(49664K), 0.0005740 secs] [Times: user=0.00 sys=0.00, real=0.00 secs] 
322.181: Total time for which application threads were stopped: 0.0006740 seconds, Stopping threads took: 0.0000450 seconds
322.232: Application time: 0.0513750 seconds
322.233: [GC [PSYoungGen: 14653K->1696K(15360K)] 38476K->25519K(49664K), 0.0006720 secs] [Times: user=0.00 sys=0.00, real=0.00 secs] 
322.233: Total time for which application threads were stopped: 0.0007880 seconds, Stopping threads took: 0.0000600 seconds
322.274: Application time: 0.0411740 seconds
322.275: [GC [PSYoungGen: 15004K->1648K(15360K)] 38827K->25471K(49664K), 0.0006260 secs] [Times: user=0.00 sys=0.00, real=0.00 secs] 
322.275: Total time for which application threads were stopped: 0.0007380 seconds, Stopping threads took: 0.0000540 seconds
322.331: Application time: 0.0555280 seconds
322.331: [GC [PSYoungGen: 14956K->1376K(15360K)] 38780K->25427K(49664K), 0.0006640 secs] [Times: user=0.01 sys=0.00, real=0.00 secs] 
322.332: Total time for which application threads were stopped: 0.0007890 seconds, Stopping threads took: 0.0000680 seconds
322.388: Application time: 0.0567310 seconds
322.388: [GC [PSYoungGen: 14684K->1232K(15360K)] 38736K->25496K(49664K), 0.0005940 secs] [Times: user=0.00 sys=0.00, real=0.00 secs] 
322.389: Total time for which application threads were stopped: 0.0007040 seconds, Stopping threads took: 0.0000550 seconds
322.445: Application time: 0.0559540 seconds
322.445: [GC [PSYoungGen: 14541K->1248K(15360K)] 38805K->25512K(49664K), 0.0005730 secs] [Times: user=0.00 sys=0.00, real=0.00 secs] 
322.446: Total time for which application threads were stopped: 0.0006900 seconds, Stopping threads took: 0.0000600 seconds
322.505: Application time: 0.0592040 seconds
322.505: [GC [PSYoungGen: 14559K->1248K(15360K)] 38823K->25512K(49664K), 0.0005900 secs] [Times: user=0.00 sys=0.00, real=0.00 secs] 
322.506: Total time for which application threads were stopped: 0.0007210 seconds, Stopping threads took: 0.0000630 seconds
322.552: Application time: 0.0460130 seconds
322.552: [GC [PSYoungGen: 14556K->1472K(15360K)] 38820K->25736K(49664K), 0.0006110 secs] [Times: user=0.01 sys=0.00, real=0.00 secs] 
322.552: Total time for which application threads were stopped: 0.0007440 seconds, Stopping threads took: 0.0000670 seconds
322.601: Application time: 0.0491580 seconds
322.602: [GC [PSYoungGen: 14780K->1536K(15360K)] 39044K->25800K(49664K), 0.0006220 secs] [Times: user=0.00 sys=0.00, real=0.00 secs] 
322.602: Total time for which application threads were stopped: 0.0007350 seconds, Stopping threads took: 0.0000540 seconds
322.658: Application time: 0.0558360 seconds
322.658: [GC [PSYoungGen: 14846K->1472K(15360K)] 39110K->25776K(49664K), 0.0006190 secs] [Times: user=0.00 sys=0.00, real=0.00 secs] 
322.659: Total time for which application threads were stopped: 0.0007260 seconds, Stopping threads took: 0.0000520 seconds
322.718: Application time: 0.0592310 seconds
322.718: [GC [PSYoungGen: 14781K->1344K(15360K)] 39085K->25648K(49664K), 0.0006010 secs] [Times: user=0.00 sys=0.00, real=0.00 secs] 
322.719: Total time for which application threads were stopped: 0.0007030 seconds, Stopping threads took: 0.0000480 seconds
322.777: Application time: 0.0585760 seconds
322.777: [GC [PSYoungGen: 14653K->1440K(15360K)] 38957K->25744K(49664K), 0.0006100 secs] [Times: user=0.00 sys=0.00, real=0.00 secs] 
322.778: Total time for which application threads were stopped: 0.0007190 seconds, Stopping threads took: 0.0000540 seconds
322.829: Application time: 0.0515150 seconds
322.830: [GC [PSYoungGen: 14750K->1696K(15360K)] 39054K->26000K(49664K), 0.0006590 secs] [Times: user=0.01 sys=0.00, real=0.00 secs] 
322.830: Total time for which application threads were stopped: 0.0007640 seconds, Stopping threads took: 0.0000490 seconds
322.865: Application time: 0.0345750 seconds
322.865: [GC [PSYoungGen: 15006K->1840K(15360K)] 39310K->26144K(49664K), 0.0006810 secs] [Times: user=0.01 sys=0.00, real=0.00 secs] 
322.866: Total time for which application threads were stopped: 0.0008040 seconds, Stopping threads took: 0.0000630 seconds
322.914: Application time: 0.0485230 seconds
322.914: [GC [PSYoungGen: 15149K->1840K(15360K)] 39454K->26144K(49664K), 0.0007110 secs] [Times: user=0.01 sys=0.00, real=0.00 secs] 
322.916: Total time for which application threads were stopped: 0.0015940 seconds, Stopping threads took: 0.0000480 seconds
322.970: Application time: 0.0537780 seconds
322.970: [GC [PSYoungGen: 15147K->1872K(15360K)] 39452K->26176K(49664K), 0.0007000 secs] [Times: user=0.00 sys=0.00, real=0.00 secs] 
322.970: Total time for which application threads were stopped: 0.0008280 seconds, Stopping threads took: 0.0000700 seconds
323.028: Application time: 0.0578850 seconds
323.028: [GC [PSYoungGen: 15181K->1632K(15360K)] 39486K->26168K(49664K), 0.0007470 secs] [Times: user=0.01 sys=0.00, real=0.00 secs] 
323.029: Total time for which application threads were stopped: 0.0008680 seconds, Stopping threads took: 0.0000660 seconds
323.088: Application time: 0.0583960 seconds
323.088: [GC [PSYoungGen: 14943K->1584K(15360K)] 39480K->26192K(49664K), 0.0006880 secs] [Times: user=0.00 sys=0.00, real=0.01 secs] 
323.088: Total time for which application threads were stopped: 0.0008440 seconds, Stopping threads took: 0.0000840 seconds
323.148: Application time: 0.0597600 seconds
323.152: [GC [PSYoungGen: 14893K->1440K(15360K)] 39501K->26261K(49664K), 0.0006640 secs] [Times: user=0.01 sys=0.00, real=0.00 secs] 
323.153: Total time for which application threads were stopped: 0.0048620 seconds, Stopping threads took: 0.0041390 seconds
323.211: Application time: 0.0581190 seconds
323.211: [GC [PSYoungGen: 14749K->1360K(15360K)] 39570K->26181K(49664K), 0.0006110 secs] [Times: user=0.01 sys=0.00, real=0.00 secs] 
323.212: Total time for which application threads were stopped: 0.0007220 seconds, Stopping threads took: 0.0000510 seconds
323.268: Application time: 0.0561690 seconds
323.268: [GC [PSYoungGen: 14619K->1008K(15360K)] 39440K->26081K(49664K), 0.0005940 secs] [Times: user=0.00 sys=0.00, real=0.01 secs] 
323.269: Total time for which application threads were stopped: 0.0007230 seconds, Stopping threads took: 0.0000710 seconds
323.326: Application time: 0.0576850 seconds
323.327: [GC [PSYoungGen: 14318K->1184K(15360K)] 39392K->26257K(49664K), 0.0005460 secs] [Times: user=0.01 sys=0.00, real=0.00 secs] 
323.327: Total time for which application threads were stopped: 0.0006750 seconds, Stopping threads took: 0.0000700 seconds
323.386: Application time: 0.0592370 seconds
323.386: [GC [PSYoungGen: 14493K->1120K(15360K)] 39567K->26241K(49664K), 0.0005690 secs] [Times: user=0.00 sys=0.00, real=0.00 secs] 
323.387: Total time for which application threads were stopped: 0.0006760 seconds, Stopping threads took: 0.0000520 seconds
323.447: Application time: 0.0596630 seconds
323.447: [GC [PSYoungGen: 14429K->928K(15360K)] 39551K->26262K(49664K), 0.0005450 secs] [Times: user=0.00 sys=0.00, real=0.00 secs] 
323.447: Total time for which application threads were stopped: 0.0006510 seconds, Stopping threads took: 0.0000500 seconds
323.505: Application time: 0.0573980 seconds
323.505: [GC [PSYoungGen: 14237K->992K(15360K)] 39571K->26542K(49664K), 0.0005160 secs] [Times: user=0.00 sys=0.00, real=0.00 secs] 
323.505: Total time for which application threads were stopped: 0.0006170 seconds, Stopping threads took: 0.0000460 seconds
323.547: Application time: 0.0417150 seconds
323.547: [GC [PSYoungGen: 14301K->976K(15360K)] 39851K->26526K(49664K), 0.0005140 secs] [Times: user=0.01 sys=0.00, real=0.00 secs] 
323.548: Total time for which application threads were stopped: 0.0006350 seconds, Stopping threads took: 0.0000640 seconds
323.600: Application time: 0.0520250 seconds
323.600: [GC [PSYoungGen: 14284K->1184K(15360K)] 39835K->26734K(49664K), 0.0006040 secs] [Times: user=0.00 sys=0.00, real=0.01 secs] 
323.600: Total time for which application threads were stopped: 0.0007250 seconds, Stopping threads took: 0.0000550 seconds
323.643: Application time: 0.0423300 seconds
323.643: [GC [PSYoungGen: 14495K->1152K(15360K)] 40045K->26742K(49664K), 0.0005370 secs] [Times: user=0.01 sys=0.00, real=0.00 secs] 
323.643: Total time for which application threads were stopped: 0.0006520 seconds, Stopping threads took: 0.0000600 seconds
323.698: Application time: 0.0546600 seconds
323.698: [GC [PSYoungGen: 14463K->1376K(15360K)] 40053K->26966K(49664K), 0.0005640 secs] [Times: user=0.01 sys=0.00, real=0.00 secs] 
323.699: Total time for which application threads were stopped: 0.0006680 seconds, Stopping threads took: 0.0000470 seconds
323.740: Application time: 0.0413680 seconds
323.740: [GC [PSYoungGen: 14685K->1312K(15360K)] 40276K->26950K(49664K), 0.0005930 secs] [Times: user=0.00 sys=0.00, real=0.00 secs] 
323.741: Total time for which application threads were stopped: 0.0007210 seconds, Stopping threads took: 0.0000710 seconds
323.799: Application time: 0.0579330 seconds
323.799: [GC [PSYoungGen: 14621K->1088K(15360K)] 40259K->26930K(49664K), 0.0005720 secs] [Times: user=0.00 sys=0.00, real=0.00 secs] 
323.799: Total time for which application threads were stopped: 0.0006820 seconds, Stopping threads took: 0.0000530 seconds
323.855: Application time: 0.0556190 seconds
323.855: [GC [PSYoungGen: 14399K->1344K(15360K)] 40242K->27186K(49664K), 0.0006340 secs] [Times: user=0.00 sys=0.00, real=0.00 secs] 
323.856: Total time for which application threads were stopped: 0.0007390 seconds, Stopping threads took: 0.0000480 seconds
323.897: Application time: 0.0413280 seconds
323.897: [GC [PSYoungGen: 14655K->1376K(15360K)] 40498K->27218K(49664K), 0.0005610 secs] [Times: user=0.00 sys=0.00, real=0.00 secs] 
323.898: Total time for which application threads were stopped: 0.0006800 seconds, Stopping threads took: 0.0000620 seconds
323.948: Application time: 0.0501100 seconds
323.948: [GC [PSYoungGen: 14685K->1520K(15360K)] 40528K->27362K(49664K), 0.0006110 secs] [Times: user=0.00 sys=0.00, real=0.01 secs] 
323.949: Total time for which application threads were stopped: 0.0007380 seconds, Stopping threads took: 0.0000620 seconds
323.990: Application time: 0.0408120 seconds
323.990: [GC [PSYoungGen: 14828K->1568K(15360K)] 40670K->27410K(49664K), 0.0006530 secs] [Times: user=0.00 sys=0.00, real=0.00 secs] 
323.990: Total time for which application threads were stopped: 0.0007810 seconds, Stopping threads took: 0.0000700 seconds
324.046: Application time: 0.0560590 seconds
324.046: [GC [PSYoungGen: 14878K->1440K(15360K)] 40721K->27495K(49664K), 0.0006340 secs] [Times: user=0.00 sys=0.00, real=0.00 secs] 
324.047: Total time for which application threads were stopped: 0.0007480 seconds, Stopping threads took: 0.0000560 seconds
324.104: Application time: 0.0572360 seconds
324.104: [GC [PSYoungGen: 14748K->1264K(15360K)] 40803K->27523K(49664K), 0.0005830 secs] [Times: user=0.00 sys=0.00, real=0.00 secs] 
324.105: Total time for which application threads were stopped: 0.0006990 seconds, Stopping threads took: 0.0000530 seconds
324.161: Application time: 0.0560520 seconds
324.161: [GC [PSYoungGen: 14573K->1216K(15360K)] 40833K->27475K(49664K), 0.0006790 secs] [Times: user=0.00 sys=0.00, real=0.00 secs] 
324.162: Total time for which application threads were stopped: 0.0007850 seconds, Stopping threads took: 0.0000520 seconds
324.220: Application time: 0.0584600 seconds
324.220: [GC [PSYoungGen: 14525K->1232K(15360K)] 40785K->27491K(49664K), 0.0006080 secs] [Times: user=0.00 sys=0.00, real=0.00 secs] 
324.221: Total time for which application threads were stopped: 0.0007280 seconds, Stopping threads took: 0.0000600 seconds
324.269: Application time: 0.0479970 seconds
324.269: [GC [PSYoungGen: 14542K->1536K(15360K)] 40802K->27796K(49664K), 0.0006180 secs] [Times: user=0.00 sys=0.00, real=0.00 secs] 
324.270: Total time for which application threads were stopped: 0.0007200 seconds, Stopping threads took: 0.0000460 seconds
324.317: Application time: 0.0467710 seconds
324.317: [GC [PSYoungGen: 14847K->1456K(15360K)] 41106K->27716K(49664K), 0.0006060 secs] [Times: user=0.01 sys=0.00, real=0.00 secs] 
324.317: Total time for which application threads were stopped: 0.0007140 seconds, Stopping threads took: 0.0000490 seconds
324.373: Application time: 0.0559020 seconds
324.373: [GC [PSYoungGen: 14766K->1472K(15360K)] 41026K->27732K(49664K), 0.0006180 secs] [Times: user=0.00 sys=0.00, real=0.00 secs] 
324.374: Total time for which application threads were stopped: 0.0007230 seconds, Stopping threads took: 0.0000490 seconds
324.431: Application time: 0.0574310 seconds
324.431: [GC [PSYoungGen: 14783K->1472K(15360K)] 41043K->27780K(49664K), 0.0006160 secs] [Times: user=0.00 sys=0.00, real=0.00 secs] 
324.432: Total time for which application threads were stopped: 0.0007360 seconds, Stopping threads took: 0.0000640 seconds
324.491: Application time: 0.0587620 seconds
324.491: [GC [PSYoungGen: 14781K->1472K(15360K)] 41089K->27780K(49664K), 0.0005940 secs] [Times: user=0.00 sys=0.00, real=0.00 secs] 
324.492: Total time for which application threads were stopped: 0.0007140 seconds, Stopping threads took: 0.0000640 seconds
324.547: Application time: 0.0552480 seconds
324.547: [GC [PSYoungGen: 14781K->1632K(15360K)] 41089K->27940K(49664K), 0.0007100 secs] [Times: user=0.00 sys=0.00, real=0.00 secs] 
324.548: Total time for which application threads were stopped: 0.0008260 seconds, Stopping threads took: 0.0000590 seconds
324.582: Application time: 0.0348300 seconds
324.583: [GC [PSYoungGen: 14940K->1888K(15360K)] 41248K->28196K(49664K), 0.0007260 secs] [Times: user=0.00 sys=0.00, real=0.00 secs] 
324.583: Total time for which application threads were stopped: 0.0008330 seconds, Stopping threads took: 0.0000500 seconds
324.630: Application time: 0.0467900 seconds
324.630: [GC [PSYoungGen: 15197K->1888K(15360K)] 41505K->28196K(49664K), 0.0006420 secs] [Times: user=0.01 sys=0.00, real=0.00 secs] 
324.631: Total time for which application threads were stopped: 0.0007790 seconds, Stopping threads took: 0.0000720 seconds
324.685: Application time: 0.0539040 seconds
324.685: [GC [PSYoungGen: 15197K->1904K(15360K)] 41505K->28212K(49664K), 0.0007590 secs] [Times: user=0.00 sys=0.00, real=0.00 secs] 
324.686: Total time for which application threads were stopped: 0.0008660 seconds, Stopping threads took: 0.0000520 seconds
324.744: Application time: 0.0585720 seconds
324.748: [GC [PSYoungGen: 15213K->1632K(15360K)] 41521K->28184K(49664K), 0.0007250 secs] [Times: user=0.01 sys=0.00, real=0.00 secs] 
324.749: Total time for which application threads were stopped: 0.0048360 seconds, Stopping threads took: 0.0040520 seconds
324.807: Application time: 0.0580240 seconds
324.807: [GC [PSYoungGen: 14941K->1600K(15360K)] 41494K->28228K(49664K), 0.0006460 secs] [Times: user=0.00 sys=0.00, real=0.00 secs] 
324.808: Total time for which application threads were stopped: 0.0007900 seconds, Stopping threads took: 0.0000860 seconds
324.866: Application time: 0.0581070 seconds
324.866: [GC [PSYoungGen: 14909K->1376K(15360K)] 41538K->28212K(49664K), 0.0006300 secs] [Times: user=0.00 sys=0.00, real=0.00 secs] 
324.867: Total time for which application threads were stopped: 0.0007500 seconds, Stopping threads took: 0.0000650 seconds
324.925: Application time: 0.0581880 seconds
324.925: [GC [PSYoungGen: 14685K->1440K(15360K)] 41522K->28276K(49664K), 0.0006330 secs] [Times: user=0.00 sys=0.00, real=0.00 secs] 
324.926: Total time for which application threads were stopped: 0.0007430 seconds, Stopping threads took: 0.0000510 seconds
324.983: Application time: 0.0573040 seconds
324.983: [GC [PSYoungGen: 14748K->1216K(15360K)] 41585K->28305K(49664K), 0.0006050 secs] [Times: user=0.00 sys=0.00, real=0.00 secs] 
324.984: Total time for which application threads were stopped: 0.0007220 seconds, Stopping threads took: 0.0000590 seconds
325.040: Application time: 0.0567270 seconds
325.041: [GC [PSYoungGen: 14524K->1152K(15360K)] 41614K->28241K(49664K), 0.0005560 secs] [Times: user=0.00 sys=0.00, real=0.00 secs] 
325.041: Total time for which application threads were stopped: 0.0006720 seconds, Stopping threads took: 0.0000630 seconds
325.102: Application time: 0.0607000 seconds
325.102: [GC [PSYoungGen: 14461K->1136K(15360K)] 41550K->28265K(49664K), 0.0005950 secs] [Times: user=0.00 sys=0.00, real=0.00 secs] 
325.103: Total time for which application threads were stopped: 0.0007170 seconds, Stopping threads took: 0.0000660 seconds
325.162: Application time: 0.0598900 seconds
325.163: [GC [PSYoungGen: 14445K->896K(15360K)] 41574K->28237K(49664K), 0.0005630 secs] [Times: user=0.01 sys=0.00, real=0.00 secs] 
325.163: Total time for which application threads were stopped: 0.0007030 seconds, Stopping threads took: 0.0000730 seconds
325.219: Application time: 0.0556950 seconds
325.219: [GC [PSYoungGen: 14205K->1152K(15360K)] 41547K->28493K(49664K), 0.0005280 secs] [Times: user=0.00 sys=0.00, real=0.00 secs] 
325.219: Total time for which application threads were stopped: 0.0006390 seconds, Stopping threads took: 0.0000530 seconds
325.262: Application time: 0.0427790 seconds
325.262: [GC [PSYoungGen: 14461K->1088K(15360K)] 41803K->28634K(49664K), 0.0005890 secs] [Times: user=0.00 sys=0.00, real=0.00 secs] 
325.263: Total time for which application threads were stopped: 0.0006970 seconds, Stopping threads took: 0.0000510 seconds
325.316: Application time: 0.0533820 seconds
325.316: [GC [PSYoungGen: 14396K->1008K(15360K)] 41942K->28554K(49664K), 0.0005170 secs] [Times: user=0.01 sys=0.00, real=0.00 secs] 
325.317: Total time for which application threads were stopped: 0.0006310 seconds, Stopping threads took: 0.0000580 seconds
325.360: Application time: 0.0425890 seconds
325.360: [GC [PSYoungGen: 14317K->1184K(15360K)] 41864K->28778K(49664K), 0.0005500 secs] [Times: user=0.00 sys=0.00, real=0.00 secs] 
325.360: Total time for which application threads were stopped: 0.0006570 seconds, Stopping threads took: 0.0000480 seconds
325.416: Application time: 0.0558460 seconds
325.416: [GC [PSYoungGen: 14493K->1232K(15360K)] 42087K->28826K(49664K), 0.0006200 secs] [Times: user=0.00 sys=0.00, real=0.00 secs] 
325.417: Total time for which application threads were stopped: 0.0007470 seconds, Stopping threads took: 0.0000600 seconds
325.458: Application time: 0.0412910 seconds
325.458: [GC [PSYoungGen: 14543K->1312K(15360K)] 42137K->28946K(49664K), 0.0005800 secs] [Times: user=0.00 sys=0.00, real=0.00 secs] 
325.459: Total time for which application threads were stopped: 0.0006990 seconds, Stopping threads took: 0.0000640 seconds
325.515: Application time: 0.0565350 seconds
325.515: [GC [PSYoungGen: 14621K->1120K(15360K)] 42255K->28975K(49664K), 0.0005700 secs] [Times: user=0.00 sys=0.00, real=0.00 secs] 
325.516: Total time for which application threads were stopped: 0.0006840 seconds, Stopping threads took: 0.0000570 seconds
325.573: Application time: 0.0570510 seconds
325.573: [GC [PSYoungGen: 14431K->1088K(15360K)] 42286K->28943K(49664K), 0.0005680 secs] [Times: user=0.00 sys=0.00, real=0.00 secs] 
325.574: Total time for which application threads were stopped: 0.0006960 seconds, Stopping threads took: 0.0000720 seconds
325.617: Application time: 0.0434790 seconds
325.617: [GC [PSYoungGen: 14399K->1312K(15360K)] 42254K->29167K(49664K), 0.0006220 secs] [Times: user=0.00 sys=0.00, real=0.00 secs] 
325.618: Total time for which application threads were stopped: 0.0007260 seconds, Stopping threads took: 0.0000500 seconds
325.665: Application time: 0.0470170 seconds
325.665: [GC [PSYoungGen: 14621K->1520K(15360K)] 42476K->29375K(49664K), 0.0007150 secs] [Times: user=0.00 sys=0.00, real=0.00 secs] 
325.666: Total time for which application threads were stopped: 0.0008460 seconds, Stopping threads took: 0.0000670 seconds
325.706: Application time: 0.0403140 seconds
325.706: [GC [PSYoungGen: 14828K->1664K(15360K)] 42683K->29519K(49664K), 0.0006080 secs] [Times: user=0.00 sys=0.00, real=0.00 secs] 
325.707: Total time for which application threads were stopped: 0.0007200 seconds, Stopping threads took: 0.0000570 seconds
325.763: Application time: 0.0564270 seconds
325.763: [GC [PSYoungGen: 14974K->1440K(15360K)] 42829K->29507K(49664K), 0.0006040 secs] [Times: user=0.00 sys=0.00, real=0.00 secs] 
325.764: Total time for which application threads were stopped: 0.0007290 seconds, Stopping threads took: 0.0000730 seconds
325.821: Application time: 0.0566950 seconds
325.821: [GC [PSYoungGen: 14751K->1280K(15360K)] 42818K->29544K(49664K), 0.0006060 secs] [Times: user=0.01 sys=0.00, real=0.00 secs] 
325.821: Total time for which application threads were stopped: 0.0007230 seconds, Stopping threads took: 0.0000600 seconds
325.878: Application time: 0.0562280 seconds
325.878: [GC [PSYoungGen: 14591K->1264K(15360K)] 42855K->29528K(49664K), 0.0005620 secs] [Times: user=0.01 sys=0.00, real=0.00 secs] 
325.878: Total time for which application threads were stopped: 0.0006810 seconds, Stopping threads took: 0.0000630 seconds
325.937: Application time: 0.0583580 seconds
325.937: [GC [PSYoungGen: 14573K->1216K(15360K)] 42837K->29480K(49664K), 0.0005910 secs] [Times: user=0.00 sys=0.00, real=0.00 secs] 
325.937: Total time for which application threads were stopped: 0.0007170 seconds, Stopping threads took: 0.0000720 seconds
325.983: Application time: 0.0454170 seconds
325.983: [GC [PSYoungGen: 14526K->1504K(15360K)] 42790K->29768K(49664K), 0.0006070 secs] [Times: user=0.01 sys=0.00, real=0.00 secs] 
325.984: Total time for which application threads were stopped: 0.0007130 seconds, Stopping threads took: 0.0000500 seconds
326.033: Application time: 0.0496070 seconds
326.033: [GC [PSYoungGen: 14813K->1408K(15360K)] 43077K->29672K(49664K), 0.0006070 secs] [Times: user=0.00 sys=0.00, real=0.00 secs] 
326.034: Total time for which application threads were stopped: 0.0007280 seconds, Stopping threads took: 0.0000650 seconds
326.090: Application time: 0.0562120 seconds
326.090: [GC [PSYoungGen: 14718K->1504K(15360K)] 42982K->29792K(49664K), 0.0006200 secs] [Times: user=0.00 sys=0.00, real=0.00 secs] 
326.091: Total time for which application threads were stopped: 0.0007300 seconds, Stopping threads took: 0.0000550 seconds
326.150: Application time: 0.0595000 seconds
326.150: [GC [PSYoungGen: 14813K->1488K(15360K)] 43101K->29816K(49664K), 0.0005980 secs] [Times: user=0.01 sys=0.00, real=0.00 secs] 
326.151: Total time for which application threads were stopped: 0.0007020 seconds, Stopping threads took: 0.0000510 seconds
326.210: Application time: 0.0584710 seconds
326.210: [GC [PSYoungGen: 14797K->1408K(15360K)] 43125K->29736K(49664K), 0.0006530 secs] [Times: user=0.01 sys=0.00, real=0.00 secs] 
326.210: Total time for which application threads were stopped: 0.0007820 seconds, Stopping threads took: 0.0000640 seconds
326.267: Application time: 0.0568040 seconds
326.267: [GC [PSYoungGen: 14715K->1680K(15360K)] 43043K->30008K(49664K), 0.0006380 secs] [Times: user=0.00 sys=0.00, real=0.00 secs] 
326.268: Total time for which application threads were stopped: 0.0007480 seconds, Stopping threads took: 0.0000560 seconds
326.305: Application time: 0.0370270 seconds
326.305: [GC [PSYoungGen: 14991K->1808K(15360K)] 43319K->30136K(49664K), 0.0006900 secs] [Times: user=0.01 sys=0.00, real=0.00 secs] 
326.306: Total time for which application threads were stopped: 0.0008090 seconds, Stopping threads took: 0.0000600 seconds
326.347: Application time: 0.0409140 seconds
326.347: [GC [PSYoungGen: 15115K->1888K(15360K)] 43443K->30216K(49664K), 0.0006750 secs] [Times: user=0.01 sys=0.00, real=0.00 secs] 
326.347: Total time for which application threads were stopped: 0.0007770 seconds, Stopping threads took: 0.0000460 seconds
326.402: Application time: 0.0542410 seconds
326.402: [GC [PSYoungGen: 15195K->1888K(15360K)] 43523K->30216K(49664K), 0.0006890 secs] [Times: user=0.00 sys=0.00, real=0.00 secs] 
326.402: Total time for which application threads were stopped: 0.0008150 seconds, Stopping threads took: 0.0000690 seconds
326.460: Application time: 0.0570700 seconds
326.460: [GC [PSYoungGen: 15196K->1696K(15360K)] 43524K->30272K(49664K), 0.0007070 secs] [Times: user=0.00 sys=0.00, real=0.01 secs] 
326.460: Total time for which application threads were stopped: 0.0008300 seconds, Stopping threads took: 0.0000650 seconds
326.519: Application time: 0.0582340 seconds
326.519: [GC [PSYoungGen: 15005K->1552K(15360K)] 43582K->30208K(49664K), 0.0006550 secs] [Times: user=0.00 sys=0.00, real=0.00 secs] 
326.519: Total time for which application threads were stopped: 0.0007740 seconds, Stopping threads took: 0.0000640 seconds
326.578: Application time: 0.0581790 seconds
326.578: [GC [PSYoungGen: 14861K->1376K(15360K)] 43518K->30237K(49664K), 0.0006920 secs] [Times: user=0.00 sys=0.00, real=0.00 secs] 
326.578: Total time for which application threads were stopped: 0.0008170 seconds, Stopping threads took: 0.0000670 seconds
326.637: Application time: 0.0584980 seconds
326.637: [GC [PSYoungGen: 14685K->1408K(15360K)] 43546K->30269K(49664K), 0.0006390 secs] [Times: user=0.00 sys=0.00, real=0.00 secs] 
326.638: Total time for which application threads were stopped: 0.0007580 seconds, Stopping threads took: 0.0000610 seconds
326.695: Application time: 0.0574600 seconds
326.695: [GC [PSYoungGen: 14716K->1184K(15360K)] 43577K->30281K(49664K), 0.0005700 secs] [Times: user=0.01 sys=0.00, real=0.00 secs] 
326.696: Total time for which application threads were stopped: 0.0007050 seconds, Stopping threads took: 0.0000760 seconds
326.752: Application time: 0.0557350 seconds
326.752: [GC [PSYoungGen: 14494K->1152K(15360K)] 43592K->30249K(49664K), 0.0005600 secs] [Times: user=0.00 sys=0.00, real=0.00 secs] 
326.752: Total time for which application threads were stopped: 0.0006820 seconds, Stopping threads took: 0.0000490 seconds
326.811: Application time: 0.0590780 seconds
326.811: [GC [PSYoungGen: 14461K->1152K(15360K)] 43559K->30297K(49664K), 0.0005490 secs] [Times: user=0.01 sys=0.00, real=0.00 secs] 
326.812: Total time for which application threads were stopped: 0.0006680 seconds, Stopping threads took: 0.0000640 seconds
326.871: Application time: 0.0594210 seconds
326.872: [GC [PSYoungGen: 14461K->960K(15360K)] 43607K->30318K(49664K), 0.0005600 secs] [Times: user=0.00 sys=0.00, real=0.00 secs] 
326.872: Total time for which application threads were stopped: 0.0006770 seconds, Stopping threads took: 0.0000550 seconds
326.934: Application time: 0.0615960 seconds
326.934: [GC [PSYoungGen: 14269K->960K(15360K)] 43627K->30318K(49664K), 0.0005040 secs] [Times: user=0.00 sys=0.00, real=0.00 secs] 
326.934: Total time for which application threads were stopped: 0.0006400 seconds, Stopping threads took: 0.0000810 seconds
326.976: Application time: 0.0416030 seconds
326.976: [GC [PSYoungGen: 14269K->928K(15360K)] 43627K->30507K(49664K), 0.0006160 secs] [Times: user=0.01 sys=0.00, real=0.00 secs] 
326.977: Total time for which application threads were stopped: 0.0007280 seconds, Stopping threads took: 0.0000550 seconds
327.030: Application time: 0.0530190 seconds
327.030: [GC [PSYoungGen: 14239K->1200K(15360K)] 43818K->30779K(49664K), 0.0005440 secs] [Times: user=0.00 sys=0.00, real=0.00 secs] 
327.030: Total time for which application threads were stopped: 0.0006620 seconds, Stopping threads took: 0.0000640 seconds
327.071: Application time: 0.0403380 seconds
327.071: [GC [PSYoungGen: 14510K->1200K(15360K)] 44089K->30827K(49664K), 0.0006200 secs] [Times: user=0.00 sys=0.00, real=0.00 secs] 
327.071: Total time for which application threads were stopped: 0.0007410 seconds, Stopping threads took: 0.0000660 seconds
327.126: Application time: 0.0549080 seconds
327.126: [GC [PSYoungGen: 14508K->1360K(15360K)] 44135K->30987K(49664K), 0.0005530 secs] [Times: user=0.00 sys=0.00, real=0.00 secs] 
327.127: Total time for which application threads were stopped: 0.0006780 seconds, Stopping threads took: 0.0000720 seconds
327.170: Application time: 0.0428350 seconds
327.172: [GC [PSYoungGen: 14669K->1280K(15360K)] 44296K->30947K(49664K), 0.0007040 secs] [Times: user=0.00 sys=0.00, real=0.00 secs] 
327.173: Total time for which application threads were stopped: 0.0031790 seconds, Stopping threads took: 0.0024080 seconds
327.231: Application time: 0.0581720 seconds
327.231: [GC [PSYoungGen: 14591K->1120K(15360K)] 44258K->31003K(49664K), 0.0005930 secs] [Times: user=0.00 sys=0.00, real=0.00 secs] 
327.232: Total time for which application threads were stopped: 0.0006950 seconds, Stopping threads took: 0.0000480 seconds
327.289: Application time: 0.0568350 seconds
327.289: [GC [PSYoungGen: 14428K->1184K(15360K)] 44311K->31067K(49664K), 0.0005280 secs] [Times: user=0.01 sys=0.00, real=0.00 secs] 
327.289: Total time for which application threads were stopped: 0.0006560 seconds, Stopping threads took: 0.0000650 seconds
327.334: Application time: 0.0445040 seconds
327.334: [GC [PSYoungGen: 14495K->1328K(15360K)] 44379K->31211K(49664K), 0.0006420 secs] [Times: user=0.00 sys=0.00, real=0.00 secs] 
327.335: Total time for which application threads were stopped: 0.0007510 seconds, Stopping threads took: 0.0000540 seconds
327.382: Application time: 0.0473890 seconds
327.382: [GC [PSYoungGen: 14639K->1568K(15360K)] 44522K->31451K(49664K), 0.0006190 secs] [Times: user=0.00 sys=0.00, real=0.00 secs] 
327.383: Total time for which application threads were stopped: 0.0007290 seconds, Stopping threads took: 0.0000530 seconds
327.423: Application time: 0.0398670 seconds
327.423: [GC [PSYoungGen: 14834K->1440K(15360K)] 44717K->31323K(49664K), 0.0006090 secs] [Times: user=0.01 sys=0.00, real=0.00 secs] 
327.423: Total time for which application threads were stopped: 0.0007180 seconds, Stopping threads took: 0.0000510 seconds
327.478: Application time: 0.0547970 seconds
327.478: [GC [PSYoungGen: 14747K->1536K(15360K)] 44630K->31419K(49664K), 0.0006790 secs] [Times: user=0.01 sys=0.00, real=0.00 secs] 
327.479: Total time for which application threads were stopped: 0.0007890 seconds, Stopping threads took: 0.0000540 seconds
327.536: Application time: 0.0570380 seconds
327.540: [GC [PSYoungGen: 14847K->1248K(15360K)] 44730K->31540K(49664K), 0.0007440 secs] [Times: user=0.00 sys=0.00, real=0.00 secs] 
327.541: Total time for which application threads were stopped: 0.0051050 seconds, Stopping threads took: 0.0043030 seconds
327.599: Application time: 0.0581460 seconds
327.599: [GC [PSYoungGen: 14557K->1216K(15360K)] 44849K->31508K(49664K), 0.0005930 secs] [Times: user=0.01 sys=0.00, real=0.00 secs] 
327.600: Total time for which application threads were stopped: 0.0007410 seconds, Stopping threads took: 0.0000910 seconds
327.659: Application time: 0.0593750 seconds
327.659: [GC [PSYoungGen: 14528K->1200K(15360K)] 44820K->31492K(49664K), 0.0005440 secs] [Times: user=0.00 sys=0.00, real=0.00 secs] 
327.660: Total time for which application threads were stopped: 0.0006550 seconds, Stopping threads took: 0.0000590 seconds
327.709: Application time: 0.0492870 seconds
327.709: [GC [PSYoungGen: 14508K->1536K(15360K)] 44800K->31828K(49664K), 0.0006050 secs] [Times: user=0.00 sys=0.00, real=0.00 secs] 
327.710: Total time for which application threads were stopped: 0.0007190 seconds, Stopping threads took: 0.0000580 seconds
327.756: Application time: 0.0461950 seconds
327.756: [GC [PSYoungGen: 14845K->1488K(15360K)] 45137K->31780K(49664K), 0.0006030 secs] [Times: user=0.01 sys=0.00, real=0.00 secs] 
327.757: Total time for which application threads were stopped: 0.0007220 seconds, Stopping threads took: 0.0000630 seconds
327.813: Application time: 0.0563350 seconds
327.813: [GC [PSYoungGen: 14796K->1424K(15360K)] 45089K->31716K(49664K), 0.0005970 secs] [Times: user=0.00 sys=0.00, real=0.00 secs] 
327.814: Total time for which application threads were stopped: 0.0007260 seconds, Stopping threads took: 0.0000610 seconds
327.872: Application time: 0.0583080 seconds
327.872: [GC [PSYoungGen: 14735K->1408K(15360K)] 45027K->31740K(49664K), 0.0006020 secs] [Times: user=0.01 sys=0.00, real=0.00 secs] 
327.873: Total time for which application threads were stopped: 0.0007240 seconds, Stopping threads took: 0.0000640 seconds
327.932: Application time: 0.0585750 seconds
327.932: [GC [PSYoungGen: 14717K->1440K(15360K)] 45049K->31772K(49664K), 0.0007100 secs] [Times: user=0.01 sys=0.00, real=0.00 secs] 
327.933: Total time for which application threads were stopped: 0.0016510 seconds, Stopping threads took: 0.0000560 seconds
327.991: Application time: 0.0579770 seconds
327.991: [GC [PSYoungGen: 14747K->1664K(15360K)] 45080K->31996K(49664K), 0.0006560 secs] [Times: user=0.00 sys=0.00, real=0.00 secs] 
327.992: Total time for which application threads were stopped: 0.0008130 seconds, Stopping threads took: 0.0000980 seconds
328.033: Application time: 0.0410180 seconds
328.037: [GC [PSYoungGen: 14974K->1904K(15360K)] 45306K->32236K(49664K), 0.0010830 secs] [Times: user=0.01 sys=0.00, real=0.00 secs] 
328.038: Total time for which application threads were stopped: 0.0050620 seconds, Stopping threads took: 0.0039160 seconds
328.081: Application time: 0.0430810 seconds
328.081: [GC [PSYoungGen: 15214K->1904K(15360K)] 45546K->32236K(49664K), 0.0006950 secs] [Times: user=0.01 sys=0.00, real=0.00 secs] 
328.082: Total time for which application threads were stopped: 0.0007990 seconds, Stopping threads took: 0.0000480 seconds
328.136: Application time: 0.0543850 seconds
328.137: [GC [PSYoungGen: 15212K->1872K(15360K)] 45544K->32204K(49664K), 0.0006940 secs] [Times: user=0.00 sys=0.00, real=0.00 secs] 
328.137: Total time for which application threads were stopped: 0.0008160 seconds, Stopping threads took: 0.0000640 seconds
328.193: Application time: 0.0553370 seconds
328.193: [GC [PSYoungGen: 15179K->1680K(15360K)] 45512K->32272K(49664K), 0.0006970 secs] [Times: user=0.01 sys=0.00, real=0.00 secs] 
328.193: Total time for which application threads were stopped: 0.0008090 seconds, Stopping threads took: 0.0000550 seconds
328.251: Application time: 0.0579960 seconds
328.252: [GC [PSYoungGen: 14989K->1600K(15360K)] 45582K->32272K(49664K), 0.0006520 secs] [Times: user=0.00 sys=0.00, real=0.00 secs] 
328.252: Total time for which application threads were stopped: 0.0007710 seconds, Stopping threads took: 0.0000620 seconds
328.311: Application time: 0.0589200 seconds
328.311: [GC [PSYoungGen: 14909K->1408K(15360K)] 45582K->32285K(49664K), 0.0006600 secs] [Times: user=0.00 sys=0.00, real=0.00 secs] 
328.312: Total time for which application threads were stopped: 0.0007900 seconds, Stopping threads took: 0.0000710 seconds
328.370: Application time: 0.0584350 seconds
328.370: [GC [PSYoungGen: 14717K->1424K(15360K)] 45594K->32301K(49664K), 0.0005920 secs] [Times: user=0.00 sys=0.00, real=0.00 secs] 
328.371: Total time for which application threads were stopped: 0.0007470 seconds, Stopping threads took: 0.0000830 seconds
328.428: Application time: 0.0572270 seconds
328.428: [GC [PSYoungGen: 14732K->1168K(15360K)] 45610K->32285K(49664K), 0.0006050 secs] [Times: user=0.00 sys=0.00, real=0.00 secs] 
328.429: Total time for which application threads were stopped: 0.0007080 seconds, Stopping threads took: 0.0000480 seconds
328.486: Application time: 0.0566610 seconds
328.486: [GC [PSYoungGen: 14476K->1200K(15360K)] 45594K->32317K(49664K), 0.0005620 secs] [Times: user=0.00 sys=0.00, real=0.00 secs] 
328.486: Total time for which application threads were stopped: 0.0006770 seconds, Stopping threads took: 0.0000560 seconds
328.545: Application time: 0.0589700 seconds
328.545: [GC [PSYoungGen: 14509K->1168K(15360K)] 45626K->32341K(49664K), 0.0005490 secs] [Times: user=0.00 sys=0.00, real=0.00 secs] 
328.546: Total time for which application threads were stopped: 0.0006670 seconds, Stopping threads took: 0.0000630 seconds
328.605: Application time: 0.0592550 seconds
328.605: [GC [PSYoungGen: 14477K->896K(15360K)] 45651K->32282K(49664K), 0.0005400 secs] [Times: user=0.00 sys=0.00, real=0.00 secs] 
328.606: Total time for which application threads were stopped: 0.0006720 seconds, Stopping threads took: 0.0000720 seconds
328.665: Application time: 0.0592290 seconds
328.665: [GC [PSYoungGen: 14205K->896K(15360K)] 45591K->32282K(49664K), 0.0005170 secs] [Times: user=0.00 sys=0.00, real=0.00 secs] 
328.666: Total time for which application threads were stopped: 0.0006410 seconds, Stopping threads took: 0.0000660 seconds
328.709: Application time: 0.0436670 seconds
328.710: [GC [PSYoungGen: 14207K->960K(15360K)] 45593K->32566K(49664K), 0.0005470 secs] [Times: user=0.01 sys=0.00, real=0.00 secs] 
328.710: Total time for which application threads were stopped: 0.0006660 seconds, Stopping threads took: 0.0000620 seconds
328.762: Application time: 0.0517600 seconds
328.762: [GC [PSYoungGen: 14269K->1168K(15360K)] 45876K->32774K(49664K), 0.0005880 secs] [Times: user=0.00 sys=0.00, real=0.00 secs] 
328.763: Total time for which application threads were stopped: 0.0006860 seconds, Stopping threads took: 0.0000440 seconds
328.803: Application time: 0.0401840 seconds
328.803: [GC [PSYoungGen: 14478K->1200K(15360K)] 46084K->32854K(49664K), 0.0005530 secs] [Times: user=0.01 sys=0.00, real=0.00 secs] 
328.803: Total time for which application threads were stopped: 0.0006840 seconds, Stopping threads took: 0.0000710 seconds
328.857: Application time: 0.0533580 seconds
328.857: [GC [PSYoungGen: 14511K->1328K(15360K)] 46165K->32982K(49664K), 0.0005670 secs] [Times: user=0.01 sys=0.00, real=0.00 secs] 
328.858: Total time for which application threads were stopped: 0.0006760 seconds, Stopping threads took: 0.0000540 seconds
328.900: Application time: 0.0423450 seconds
328.900: [GC [PSYoungGen: 14639K->1376K(15360K)] 46293K->33030K(49664K), 0.0005940 secs] [Times: user=0.01 sys=0.00, real=0.01 secs] 
328.901: Total time for which application threads were stopped: 0.0007080 seconds, Stopping threads took: 0.0000450 seconds
328.958: Application time: 0.0572840 seconds
328.958: [GC [PSYoungGen: 14684K->1376K(15360K)] 46339K->33078K(49664K), 0.0005680 secs] [Times: user=0.00 sys=0.00, real=0.00 secs] 
328.959: Total time for which application threads were stopped: 0.0006830 seconds, Stopping threads took: 0.0000600 seconds
329.015: Application time: 0.0568680 seconds
329.016: [GC [PSYoungGen: 14685K->1312K(15360K)] 46387K->33251K(49664K), 0.0006080 secs] [Times: user=0.00 sys=0.00, real=0.00 secs] 
329.016: Total time for which application threads were stopped: 0.0007340 seconds, Stopping threads took: 0.0000700 seconds
329.057: Application time: 0.0411660 seconds
329.057: [GC [PSYoungGen: 14623K->1344K(15360K)] 46562K->33283K(49664K), 0.0005790 secs] [Times: user=0.00 sys=0.00, real=0.00 secs] 
329.058: Total time for which application threads were stopped: 0.0006870 seconds, Stopping threads took: 0.0000510 seconds
329.113: Application time: 0.0546440 seconds
329.113: [GC [PSYoungGen: 14655K->1296K(15360K)] 46594K->33235K(49664K), 0.0005670 secs] [Times: user=0.01 sys=0.00, real=0.00 secs] 
329.113: Total time for which application threads were stopped: 0.0006830 seconds, Stopping threads took: 0.0000590 seconds
329.156: Application time: 0.0429080 seconds
329.160: [GC [PSYoungGen: 14603K->1568K(15360K)] 46542K->33507K(49664K), 0.0006050 secs] [Times: user=0.00 sys=0.00, real=0.00 secs] 
329.161: Total time for which application threads were stopped: 0.0047060 seconds, Stopping threads took: 0.0040490 seconds
329.212: Application time: 0.0512600 seconds
329.216: [GC [PSYoungGen: 14878K->1456K(15360K)] 46817K->33615K(49664K), 0.0006230 secs] [Times: user=0.00 sys=0.00, real=0.00 secs] 
329.217: Total time for which application threads were stopped: 0.0047490 seconds, Stopping threads took: 0.0040700 seconds
329.274: Application time: 0.0569760 seconds
329.274: [GC [PSYoungGen: 14767K->1248K(15360K)] 46927K->33628K(49664K), 0.0006040 secs] [Times: user=0.00 sys=0.00, real=0.00 secs] 
329.275: Total time for which application threads were stopped: 0.0007500 seconds, Stopping threads took: 0.0000890 seconds
329.331: Application time: 0.0564680 seconds
329.331: [GC [PSYoungGen: 14556K->1216K(15360K)] 46937K->33596K(49664K), 0.0006050 secs] [Times: user=0.01 sys=0.00, real=0.00 secs] 
329.332: Total time for which application threads were stopped: 0.0007080 seconds, Stopping threads took: 0.0000490 seconds
329.390: Application time: 0.0581710 seconds
329.390: [GC [PSYoungGen: 14525K->1232K(15360K)] 46905K->33612K(49664K), 0.0005840 secs] [Times: user=0.00 sys=0.00, real=0.00 secs] 
329.391: Total time for which application threads were stopped: 0.0007080 seconds, Stopping threads took: 0.0000690 seconds
329.449: Application time: 0.0585400 seconds
329.449: [GC [PSYoungGen: 14541K->1280K(15360K)] 46921K->33660K(49664K), 0.0005580 secs] [Times: user=0.00 sys=0.00, real=0.00 secs] 
329.450: Total time for which application threads were stopped: 0.0006830 seconds, Stopping threads took: 0.0000540 seconds
329.490: Application time: 0.0399590 seconds
329.490: [GC [PSYoungGen: 14589K->1424K(15360K)] 46969K->33804K(49664K), 0.0006860 secs] [Times: user=0.01 sys=0.00, real=0.00 secs] 
329.491: Total time for which application threads were stopped: 0.0007900 seconds, Stopping threads took: 0.0000520 seconds
329.545: Application time: 0.0546660 seconds
329.545: [GC [PSYoungGen: 14735K->1504K(15360K)] 47115K->33884K(49664K), 0.0006730 secs] [Times: user=0.00 sys=0.00, real=0.00 secs] 
329.546: Total time for which application threads were stopped: 0.0007850 seconds, Stopping threads took: 0.0000560 seconds
329.602: Application time: 0.0558680 seconds
329.602: [GC [PSYoungGen: 14814K->1472K(15360K)] 47195K->33900K(49664K), 0.0006230 secs] [Times: user=0.01 sys=0.00, real=0.00 secs] 
329.603: Total time for which application threads were stopped: 0.0007310 seconds, Stopping threads took: 0.0000530 seconds
329.662: Application time: 0.0592880 seconds
329.662: [GC [PSYoungGen: 14781K->1472K(15360K)] 47209K->33900K(49664K), 0.0005970 secs] [Times: user=0.00 sys=0.00, real=0.00 secs] 
329.663: Total time for which application threads were stopped: 0.0007080 seconds, Stopping threads took: 0.0000550 seconds
329.720: Application time: 0.0574120 seconds
329.724: [GC [PSYoungGen: 14758K->1536K(15360K)] 47186K->33964K(49664K), 0.0006660 secs] [Times: user=0.00 sys=0.00, real=0.00 secs] 
329.725: Total time for which application threads were stopped: 0.0048230 seconds, Stopping threads took: 0.0041000 seconds
329.767: Application time: 0.0424570 seconds
329.768: [GC [PSYoungGen: 14845K->1728K(15360K)] 47273K->34156K(49664K), 0.0006930 secs] [Times: user=0.01 sys=0.00, real=0.01 secs] 
329.768: Total time for which application threads were stopped: 0.0008090 seconds, Stopping threads took: 0.0000580 seconds
329.809: Application time: 0.0407530 seconds
329.809: [GC [PSYoungGen: 15036K->1808K(15360K)] 47465K->34236K(49664K), 0.0007140 secs] [Times: user=0.01 sys=0.00, real=0.00 secs] 
329.810: Total time for which application threads were stopped: 0.0008370 seconds, Stopping threads took: 0.0000670 seconds
329.862: Application time: 0.0521380 seconds
329.862: [GC [PSYoungGen: 15116K->1936K(15360K)] 47545K->34364K(49664K), 0.0007530 secs] [Times: user=0.01 sys=0.00, real=0.00 secs] 
329.863: Total time for which application threads were stopped: 0.0008720 seconds, Stopping threads took: 0.0000630 seconds
329.918: Application time: 0.0551260 seconds
329.918: [GC [PSYoungGen: 15247K->1664K(15360K)] 47676K->34336K(49664K), 0.0006750 secs] [Times: user=0.00 sys=0.00, real=0.00 secs] 
329.919: Total time for which application threads were stopped: 0.0007930 seconds, Stopping threads took: 0.0000610 seconds
329.977: Application time: 0.0578490 seconds
329.980: [GC [PSYoungGen: 14973K->1616K(15360K)] 47646K->34329K(49664K), 0.0006980 secs] [Times: user=0.01 sys=0.00, real=0.00 secs] 
329.981: Total time for which application threads were stopped: 0.0044050 seconds, Stopping threads took: 0.0036390 seconds
330.039: Application time: 0.0581680 seconds
330.039: [GC [PSYoungGen: 14925K->1456K(15360K)] 47638K->34405K(49664K), 0.0006790 secs] [Times: user=0.00 sys=0.00, real=0.00 secs] 
330.040: Total time for which application threads were stopped: 0.0007970 seconds, Stopping threads took: 0.0000580 seconds
330.099: Application time: 0.0585050 seconds
330.099: [GC [PSYoungGen: 14765K->1376K(15360K)] 47715K->34325K(49664K), 0.0006090 secs] [Times: user=0.00 sys=0.00, real=0.00 secs] 
330.099: Total time for which application threads were stopped: 0.0007360 seconds, Stopping threads took: 0.0000670 seconds
330.158: Application time: 0.0583510 seconds
330.158: [GC [PSYoungGen: 14684K->1280K(15360K)] 47634K->34461K(49664K), 0.0006000 secs] [Times: user=0.00 sys=0.00, real=0.00 secs] 
330.158: Total time for which application threads were stopped: 0.0007100 seconds, Stopping threads took: 0.0000530 seconds
330.214: Application time: 0.0559730 seconds
330.214: [GC [PSYoungGen: 14591K->1200K(15360K)] 47772K->34381K(49664K), 0.0005610 secs] [Times: user=0.00 sys=0.00, real=0.00 secs] 
330.215: Total time for which application threads were stopped: 0.0006730 seconds, Stopping threads took: 0.0000550 seconds
330.275: Application time: 0.0595490 seconds
330.275: [GC [PSYoungGen: 14509K->1152K(15360K)] 47691K->34333K(49664K), 0.0005680 secs] [Times: user=0.00 sys=0.00, real=0.00 secs] 
330.275: Total time for which application threads were stopped: 0.0007110 seconds, Stopping threads took: 0.0000830 seconds
330.335: Application time: 0.0592640 seconds
330.335: [GC [PSYoungGen: 14461K->880K(15360K)] 47643K->34314K(49664K), 0.0005500 secs] [Times: user=0.01 sys=0.00, real=0.00 secs] 
330.335: Total time for which application threads were stopped: 0.0006580 seconds, Stopping threads took: 0.0000510 seconds
330.394: Application time: 0.0589730 seconds
330.394: [GC [PSYoungGen: 14189K->928K(15360K)] 47623K->34362K(49664K), 0.0005370 secs] [Times: user=0.00 sys=0.00, real=0.00 secs] 
330.395: Total time for which application threads were stopped: 0.0006450 seconds, Stopping threads took: 0.0000530 seconds
330.441: Application time: 0.0462460 seconds
330.441: [GC [PSYoungGen: 14237K->928K(15360K)] 47672K->34574K(49664K), 0.0005980 secs] [Times: user=0.00 sys=0.00, real=0.00 secs] 
330.442: Total time for which application threads were stopped: 0.0007080 seconds, Stopping threads took: 0.0000530 seconds
330.490: Application time: 0.0479030 seconds
330.490: [GC [PSYoungGen: 14239K->1152K(15360K)] 47885K->34798K(49664K), 0.0005440 secs] [Times: user=0.00 sys=0.00, real=0.00 secs] 
330.490: Total time for which application threads were stopped: 0.0006500 seconds, Stopping threads took: 0.0000470 seconds
330.532: Application time: 0.0412080 seconds
330.532: [GC [PSYoungGen: 14459K->1152K(15360K)] 48106K->34846K(49664K), 0.0005930 secs] [Times: user=0.00 sys=0.00, real=0.00 secs] 
330.532: Total time for which application threads were stopped: 0.0007000 seconds, Stopping threads took: 0.0000510 seconds
330.586: Application time: 0.0539180 seconds
330.586: [GC [PSYoungGen: 14463K->1328K(15360K)] 48157K->35022K(49664K), 0.0005860 secs] [Times: user=0.00 sys=0.00, real=0.00 secs] 
330.587: Total time for which application threads were stopped: 0.0006930 seconds, Stopping threads took: 0.0000500 seconds
330.629: Application time: 0.0420240 seconds
330.629: [GC [PSYoungGen: 14637K->1376K(15360K)] 48332K->35070K(49664K), 0.0005750 secs] [Times: user=0.00 sys=0.00, real=0.00 secs] 
330.630: Total time for which application threads were stopped: 0.0006870 seconds, Stopping threads took: 0.0000550 seconds
330.689: Application time: 0.0592290 seconds
330.689: [GC [PSYoungGen: 14687K->1312K(15360K)] 48382K->35046K(49664K), 0.0005900 secs] [Times: user=0.00 sys=0.00, real=0.00 secs] 
330.689: Total time for which application threads were stopped: 0.0007020 seconds, Stopping threads took: 0.0000570 seconds
330.746: Application time: 0.0566050 seconds
330.746: [GC [PSYoungGen: 14621K->1312K(15360K)] 48356K->35251K(49664K), 0.0005950 secs] [Times: user=0.00 sys=0.00, real=0.00 secs] 
330.747: Total time for which application threads were stopped: 0.0006970 seconds, Stopping threads took: 0.0000470 seconds
330.788: Application time: 0.0414220 seconds
330.788: [GC [PSYoungGen: 14623K->1312K(15360K)] 48562K->35251K(49664K), 0.0006030 secs] [Times: user=0.00 sys=0.00, real=0.00 secs] 
330.789: Total time for which application threads were stopped: 0.0007070 seconds, Stopping threads took: 0.0000480 seconds
330.843: Application time: 0.0536430 seconds
330.843: [GC [PSYoungGen: 14623K->1584K(15360K)] 48562K->35523K(49664K), 0.0006090 secs] [Times: user=0.01 sys=0.00, real=0.00 secs] 
330.843: Total time for which application threads were stopped: 0.0007180 seconds, Stopping threads took: 0.0000540 seconds
330.883: Application time: 0.0396690 seconds
330.883: [GC [PSYoungGen: 14894K->1696K(15360K)] 48833K->35635K(49664K), 0.0006250 secs] [Times: user=0.01 sys=0.00, real=0.00 secs] 
330.884: Total time for which application threads were stopped: 0.0007410 seconds, Stopping threads took: 0.0000580 seconds
330.937: Application time: 0.0529930 seconds
330.937: [GC [PSYoungGen: 15005K->1632K(15360K)] 48944K->35571K(49664K), 0.0006140 secs] [Times: user=0.00 sys=0.00, real=0.00 secs] 
330.937: Total time for which application threads were stopped: 0.0007120 seconds, Stopping threads took: 0.0000440 seconds
330.994: Application time: 0.0566580 seconds
330.994: [GC [PSYoungGen: 14943K->1216K(15360K)] 48882K->35596K(50688K), 0.0006810 secs] [Times: user=0.00 sys=0.00, real=0.00 secs] 
330.995: Total time for which application threads were stopped: 0.0008020 seconds, Stopping threads took: 0.0000510 seconds
331.051: Application time: 0.0559040 seconds
331.051: [GC [PSYoungGen: 14527K->1296K(15360K)] 48908K->35676K(50688K), 0.0005890 secs] [Times: user=0.00 sys=0.00, real=0.00 secs] 
331.052: Total time for which application threads were stopped: 0.0007200 seconds, Stopping threads took: 0.0000730 seconds
331.111: Application time: 0.0597840 seconds
331.111: [GC [PSYoungGen: 14607K->1184K(15360K)] 48987K->35564K(50688K), 0.0005360 secs] [Times: user=0.01 sys=0.00, real=0.00 secs] 
331.112: Total time for which application threads were stopped: 0.0006360 seconds, Stopping threads took: 0.0000480 seconds
331.170: Application time: 0.0576830 seconds
331.170: [GC [PSYoungGen: 14495K->1280K(15360K)] 48875K->35660K(50688K), 0.0006150 secs] [Times: user=0.00 sys=0.00, real=0.00 secs] 
331.170: Total time for which application threads were stopped: 0.0007160 seconds, Stopping threads took: 0.0000440 seconds
331.215: Application time: 0.0449420 seconds
331.215: [GC [PSYoungGen: 14591K->1456K(15360K)] 48971K->35836K(50688K), 0.0006510 secs] [Times: user=0.00 sys=0.00, real=0.00 secs] 
331.216: Total time for which application threads were stopped: 0.0007670 seconds, Stopping threads took: 0.0000580 seconds
331.267: Application time: 0.0505470 seconds
331.267: [GC [PSYoungGen: 14767K->1344K(15360K)] 49148K->35724K(50688K), 0.0006090 secs] [Times: user=0.00 sys=0.00, real=0.00 secs] 
331.267: Total time for which application threads were stopped: 0.0007280 seconds, Stopping threads took: 0.0000630 seconds
331.323: Application time: 0.0556400 seconds
331.323: [GC [PSYoungGen: 14654K->1392K(15360K)] 49034K->35812K(50688K), 0.0006810 secs] [Times: user=0.01 sys=0.00, real=0.00 secs] 
331.324: Total time for which application threads were stopped: 0.0007950 seconds, Stopping threads took: 0.0000550 seconds
331.382: Application time: 0.0585980 seconds
331.382: [GC [PSYoungGen: 14701K->1376K(15360K)] 49122K->35796K(50688K), 0.0006070 secs] [Times: user=0.01 sys=0.00, real=0.00 secs] 
331.383: Total time for which application threads were stopped: 0.0007290 seconds, Stopping threads took: 0.0000650 seconds
331.442: Application time: 0.0584650 seconds
331.442: [GC [PSYoungGen: 14686K->1472K(15360K)] 49106K->35892K(50688K), 0.0006540 secs] [Times: user=0.00 sys=0.00, real=0.00 secs] 
331.442: Total time for which application threads were stopped: 0.0007600 seconds, Stopping threads took: 0.0000510 seconds
331.485: Application time: 0.0424330 seconds
331.485: [GC [PSYoungGen: 14781K->1728K(15360K)] 49201K->36148K(50688K), 0.0006530 secs] [Times: user=0.01 sys=0.00, real=0.00 secs] 
331.486: Total time for which application threads were stopped: 0.0007470 seconds, Stopping threads took: 0.0000370 seconds
331.529: Application time: 0.0435390 seconds
331.529: [GC [PSYoungGen: 15037K->1920K(15360K)] 49458K->36340K(50688K), 0.0006940 secs] [Times: user=0.00 sys=0.00, real=0.00 secs] 
331.530: Total time for which application threads were stopped: 0.0008280 seconds, Stopping threads took: 0.0000690 seconds
331.578: Application time: 0.0482480 seconds
331.578: [GC [PSYoungGen: 15231K->1888K(15360K)] 49651K->36308K(50688K), 0.0007080 secs] [Times: user=0.00 sys=0.00, real=0.00 secs] 
331.579: Total time for which application threads were stopped: 0.0008120 seconds, Stopping threads took: 0.0000480 seconds
331.634: Application time: 0.0550830 seconds
331.634: [GC [PSYoungGen: 15198K->1888K(15360K)] 49619K->36348K(50688K), 0.0006890 secs] [Times: user=0.00 sys=0.00, real=0.00 secs] 
331.635: Total time for which application threads were stopped: 0.0008080 seconds, Stopping threads took: 0.0000610 seconds
331.693: Application time: 0.0579710 seconds
331.693: [GC [PSYoungGen: 15197K->1600K(15360K)] 49658K->36321K(50688K), 0.0006750 secs] [Times: user=0.01 sys=0.00, real=0.00 secs] 
331.694: Total time for which application threads were stopped: 0.0007880 seconds, Stopping threads took: 0.0000580 seconds
331.752: Application time: 0.0580230 seconds
331.752: [GC [PSYoungGen: 14909K->1328K(15360K)] 49630K->36317K(50688K), 0.0006480 secs] [Times: user=0.01 sys=0.00, real=0.00 secs] 
331.752: Total time for which application threads were stopped: 0.0007620 seconds, Stopping threads took: 0.0000570 seconds
331.811: Application time: 0.0581980 seconds
331.811: [GC [PSYoungGen: 14637K->1424K(15360K)] 49627K->36413K(50688K), 0.0006010 secs] [Times: user=0.00 sys=0.00, real=0.00 secs] 
331.811: Total time for which application threads were stopped: 0.0007180 seconds, Stopping threads took: 0.0000600 seconds
331.870: Application time: 0.0586570 seconds
331.870: [GC [PSYoungGen: 14733K->1184K(15360K)] 49723K->36421K(50688K), 0.0006490 secs] [Times: user=0.01 sys=0.00, real=0.00 secs] 
331.871: [Full GC [PSYoungGen: 1184K->0K(15360K)] [ParOldGen: 35237K->3553K(35328K)] 36421K->3553K(50688K) [PSPermGen: 5582K->5582K(21504K)], 0.0056940 secs] [Times: user=0.02 sys=0.00, real=0.00 secs] 
331.876: Total time for which application threads were stopped: 0.0065080 seconds, Stopping threads took: 0.0000580 seconds
331.933: Application time: 0.0568690 seconds
331.933: [GC [PSYoungGen: 13311K->384K(15360K)] 16864K->3937K(50688K), 0.0003900 secs] [Times: user=0.00 sys=0.00, real=0.00 secs] 
331.934: Total time for which application threads were stopped: 0.0005270 seconds, Stopping threads took: 0.0000750 seconds
331.991: Application time: 0.0568460 seconds
331.991: [GC [PSYoungGen: 13692K->544K(15360K)] 17245K->4097K(50688K), 0.0003990 secs] [Times: user=0.01 sys=0.00, real=0.00 secs] 
331.991: Total time for which application threads were stopped: 0.0005150 seconds, Stopping threads took: 0.0000600 seconds
332.050: Application time: 0.0590870 seconds
332.050: [GC [PSYoungGen: 13853K->544K(15360K)] 17406K->4097K(50688K), 0.0003880 secs] [Times: user=0.00 sys=0.00, real=0.00 secs] 
332.051: Total time for which application threads were stopped: 0.0005160 seconds, Stopping threads took: 0.0000650 seconds
332.110: Application time: 0.0590280 seconds
332.110: [GC [PSYoungGen: 13853K->512K(15360K)] 17406K->4065K(50688K), 0.0003580 secs] [Times: user=0.00 sys=0.00, real=0.00 secs] 
332.110: Total time for which application threads were stopped: 0.0004860 seconds, Stopping threads took: 0.0000710 seconds
332.162: Application time: 0.0517150 seconds
332.162: [GC [PSYoungGen: 13823K->704K(15360K)] 17376K->4257K(50688K), 0.0004760 secs] [Times: user=0.00 sys=0.00, real=0.00 secs] 
332.163: Total time for which application threads were stopped: 0.0005760 seconds, Stopping threads took: 0.0000450 seconds
332.203: Application time: 0.0406860 seconds
332.203: [GC [PSYoungGen: 14012K->960K(15360K)] 17565K->4513K(50688K), 0.0004540 secs] [Times: user=0.00 sys=0.00, real=0.00 secs] 
332.204: Total time for which application threads were stopped: 0.0005550 seconds, Stopping threads took: 0.0000460 seconds
332.249: Application time: 0.0448560 seconds
332.249: [GC [PSYoungGen: 14269K->928K(15360K)] 17822K->4481K(50688K), 0.0004610 secs] [Times: user=0.00 sys=0.00, real=0.00 secs] 
332.249: Total time for which application threads were stopped: 0.0005750 seconds, Stopping threads took: 0.0000570 seconds
332.300: Application time: 0.0507710 seconds
332.300: [GC [PSYoungGen: 14238K->1152K(15360K)] 17791K->4705K(50688K), 0.0005210 secs] [Times: user=0.00 sys=0.00, real=0.01 secs] 
332.301: Total time for which application threads were stopped: 0.0006380 seconds, Stopping threads took: 0.0000570 seconds
332.345: Application time: 0.0441970 seconds
332.345: [GC [PSYoungGen: 14460K->1120K(15360K)] 18013K->4673K(50688K), 0.0004950 secs] [Times: user=0.01 sys=0.00, real=0.00 secs] 
332.346: Total time for which application threads were stopped: 0.0006010 seconds, Stopping threads took: 0.0000500 seconds
332.402: Application time: 0.0568130 seconds
332.402: [GC [PSYoungGen: 14428K->1120K(15360K)] 17981K->4673K(50688K), 0.0004820 secs] [Times: user=0.00 sys=0.00, real=0.00 secs] 
332.403: Total time for which application threads were stopped: 0.0005960 seconds, Stopping threads took: 0.0000600 seconds
332.460: Application time: 0.0566750 seconds
332.460: [GC [PSYoungGen: 14429K->1280K(15360K)] 17982K->4833K(50688K), 0.0005260 secs] [Times: user=0.00 sys=0.00, real=0.01 secs] 
332.460: Total time for which application threads were stopped: 0.0006390 seconds, Stopping threads took: 0.0000570 seconds
332.502: Application time: 0.0422040 seconds
332.503: [GC [PSYoungGen: 14591K->1216K(15360K)] 18144K->4769K(50688K), 0.0005180 secs] [Times: user=0.00 sys=0.00, real=0.00 secs] 
332.503: Total time for which application threads were stopped: 0.0006250 seconds, Stopping threads took: 0.0000510 seconds
332.557: Application time: 0.0537780 seconds
332.557: [GC [PSYoungGen: 14524K->1520K(15360K)] 18077K->5073K(50688K), 0.0006320 secs] [Times: user=0.01 sys=0.00, real=0.00 secs] 
332.558: Total time for which application threads were stopped: 0.0007550 seconds, Stopping threads took: 0.0000600 seconds
332.597: Application time: 0.0388740 seconds
332.597: [GC [PSYoungGen: 14830K->1632K(15360K)] 18383K->5185K(50688K), 0.0005870 secs] [Times: user=0.00 sys=0.00, real=0.00 secs] 
332.597: Total time for which application threads were stopped: 0.0006890 seconds, Stopping threads took: 0.0000460 seconds
332.651: Application time: 0.0536770 seconds
332.651: [GC [PSYoungGen: 14943K->1600K(15360K)] 18496K->5153K(50688K), 0.0006140 secs] [Times: user=0.00 sys=0.00, real=0.00 secs] 
332.652: Total time for which application threads were stopped: 0.0007270 seconds, Stopping threads took: 0.0000580 seconds
332.708: Application time: 0.0568410 seconds
332.709: [GC [PSYoungGen: 14908K->1472K(15360K)] 18461K->5245K(50688K), 0.0005950 secs] [Times: user=0.00 sys=0.00, real=0.00 secs] 
332.709: Total time for which application threads were stopped: 0.0007100 seconds, Stopping threads took: 0.0000590 seconds
332.765: Application time: 0.0560350 seconds
332.765: [GC [PSYoungGen: 14783K->1216K(15360K)] 18557K->5210K(50688K), 0.0005970 secs] [Times: user=0.00 sys=0.00, real=0.00 secs] 
332.766: Total time for which application threads were stopped: 0.0007230 seconds, Stopping threads took: 0.0000670 seconds
332.824: Application time: 0.0584410 seconds
332.824: [GC [PSYoungGen: 14525K->1248K(15360K)] 18519K->5242K(50688K), 0.0005860 secs] [Times: user=0.00 sys=0.00, real=0.00 secs] 
332.825: Total time for which application threads were stopped: 0.0007180 seconds, Stopping threads took: 0.0000720 seconds
332.883: Application time: 0.0576050 seconds
332.883: [GC [PSYoungGen: 14559K->1248K(15360K)] 18553K->5242K(50688K), 0.0005940 secs] [Times: user=0.01 sys=0.00, real=0.00 secs] 
332.883: Total time for which application threads were stopped: 0.0007210 seconds, Stopping threads took: 0.0000740 seconds
332.925: Application time: 0.0413460 seconds
332.925: [GC [PSYoungGen: 14557K->1504K(15360K)] 18551K->5498K(50688K), 0.0005900 secs] [Times: user=0.00 sys=0.00, real=0.00 secs] 
332.925: Total time for which application threads were stopped: 0.0006990 seconds, Stopping threads took: 0.0000490 seconds
332.979: Application time: 0.0532350 seconds
332.979: [GC [PSYoungGen: 14815K->1440K(15360K)] 18809K->5490K(50688K), 0.0005810 secs] [Times: user=0.00 sys=0.00, real=0.00 secs] 
332.979: Total time for which application threads were stopped: 0.0006980 seconds, Stopping threads took: 0.0000620 seconds
333.036: Application time: 0.0568420 seconds
333.040: [GC [PSYoungGen: 14751K->1456K(15360K)] 18801K->5506K(50688K), 0.0006500 secs] [Times: user=0.00 sys=0.00, real=0.00 secs] 
333.042: Total time for which application threads were stopped: 0.0056810 seconds, Stopping threads took: 0.0040150 seconds
333.101: Application time: 0.0590170 seconds
333.101: [GC [PSYoungGen: 14765K->1440K(15360K)] 18815K->5490K(50688K), 0.0005270 secs] [Times: user=0.00 sys=0.00, real=0.00 secs] 
333.102: Total time for which application threads were stopped: 0.0006740 seconds, Stopping threads took: 0.0000870 seconds
333.161: Application time: 0.0589300 seconds
333.161: [GC [PSYoungGen: 14749K->1376K(15360K)] 18799K->5426K(50688K), 0.0005800 secs] [Times: user=0.01 sys=0.00, real=0.00 secs] 
333.161: Total time for which application threads were stopped: 0.0006820 seconds, Stopping threads took: 0.0000460 seconds
333.211: Application time: 0.0498980 seconds
333.211: [GC [PSYoungGen: 14687K->1712K(15360K)] 18737K->5762K(50688K), 0.0006130 secs] [Times: user=0.01 sys=0.00, real=0.00 secs] 
333.212: Total time for which application threads were stopped: 0.0007120 seconds, Stopping threads took: 0.0000410 seconds
333.250: Application time: 0.0377790 seconds
333.250: [GC [PSYoungGen: 15020K->1840K(15360K)] 19070K->5890K(50688K), 0.0006530 secs] [Times: user=0.00 sys=0.00, real=0.00 secs] 
333.250: Total time for which application threads were stopped: 0.0007720 seconds, Stopping threads took: 0.0000610 seconds
333.297: Application time: 0.0466420 seconds
333.297: [GC [PSYoungGen: 15151K->1888K(15360K)] 19202K->5938K(50688K), 0.0006430 secs] [Times: user=0.00 sys=0.00, real=0.00 secs] 
333.298: Total time for which application threads were stopped: 0.0007550 seconds, Stopping threads took: 0.0000560 seconds
333.352: Application time: 0.0538660 seconds
333.352: [GC [PSYoungGen: 15195K->1856K(15360K)] 19245K->5906K(50688K), 0.0006610 secs] [Times: user=0.00 sys=0.00, real=0.00 secs] 
333.352: Total time for which application threads were stopped: 0.0007700 seconds, Stopping threads took: 0.0000520 seconds
333.411: Application time: 0.0582650 seconds
333.411: [GC [PSYoungGen: 15165K->1632K(15360K)] 19215K->5954K(50688K), 0.0006730 secs] [Times: user=0.01 sys=0.00, real=0.00 secs] 
333.412: Total time for which application threads were stopped: 0.0007910 seconds, Stopping threads took: 0.0000580 seconds
333.470: Application time: 0.0582100 seconds
333.472: [GC [PSYoungGen: 14941K->1424K(15360K)] 19263K->6006K(50688K), 0.0007040 secs] [Times: user=0.00 sys=0.00, real=0.00 secs] 
333.473: Total time for which application threads were stopped: 0.0033330 seconds, Stopping threads took: 0.0025680 seconds
333.532: Application time: 0.0584970 seconds
333.532: [GC [PSYoungGen: 14733K->1344K(15360K)] 19316K->5926K(50688K), 0.0005420 secs] [Times: user=0.00 sys=0.00, real=0.00 secs] 
333.532: Total time for which application threads were stopped: 0.0006530 seconds, Stopping threads took: 0.0000540 seconds
333.591: Application time: 0.0586450 seconds
333.591: [GC [PSYoungGen: 14653K->1152K(15360K)] 19236K->5974K(50688K), 0.0005690 secs] [Times: user=0.00 sys=0.00, real=0.00 secs] 
333.592: Total time for which application threads were stopped: 0.0006880 seconds, Stopping threads took: 0.0000630 seconds
333.648: Application time: 0.0568270 seconds
333.648: [GC [PSYoungGen: 14460K->1216K(15360K)] 19283K->6038K(50688K), 0.0005660 secs] [Times: user=0.00 sys=0.00, real=0.00 secs] 
333.649: Total time for which application threads were stopped: 0.0006820 seconds, Stopping threads took: 0.0000520 seconds
333.709: Application time: 0.0598060 seconds
333.709: [GC [PSYoungGen: 14527K->1184K(15360K)] 19350K->6006K(50688K), 0.0005130 secs] [Times: user=0.00 sys=0.00, real=0.00 secs] 
333.710: Total time for which application threads were stopped: 0.0006280 seconds, Stopping threads took: 0.0000600 seconds
333.769: Application time: 0.0595610 seconds
333.769: [GC [PSYoungGen: 14493K->960K(15360K)] 19316K->6027K(50688K), 0.0005610 secs] [Times: user=0.00 sys=0.00, real=0.00 secs] 
333.770: Total time for which application threads were stopped: 0.0006730 seconds, Stopping threads took: 0.0000560 seconds
333.829: Application time: 0.0588560 seconds
333.829: [GC [PSYoungGen: 14269K->992K(15360K)] 19336K->6059K(50688K), 0.0005200 secs] [Times: user=0.00 sys=0.00, real=0.00 secs] 
333.829: Total time for which application threads were stopped: 0.0006290 seconds, Stopping threads took: 0.0000560 seconds
333.883: Application time: 0.0542260 seconds
333.884: [GC [PSYoungGen: 14300K->928K(15360K)] 19368K->6208K(50688K), 0.0005040 secs] [Times: user=0.00 sys=0.00, real=0.00 secs] 
333.884: Total time for which application threads were stopped: 0.0006140 seconds, Stopping threads took: 0.0000540 seconds
333.924: Application time: 0.0398650 seconds
333.924: [GC [PSYoungGen: 14235K->1184K(15360K)] 19515K->6464K(50688K), 0.0005230 secs] [Times: user=0.00 sys=0.00, real=0.00 secs] 
333.925: Total time for which application threads were stopped: 0.0006400 seconds, Stopping threads took: 0.0000620 seconds
333.966: Application time: 0.0417330 seconds
333.966: [GC [PSYoungGen: 14493K->1216K(15360K)] 19773K->6496K(50688K), 0.0005230 secs] [Times: user=0.00 sys=0.00, real=0.00 secs] 
333.967: Total time for which application threads were stopped: 0.0006450 seconds, Stopping threads took: 0.0000620 seconds
334.024: Application time: 0.0566120 seconds
334.024: [GC [PSYoungGen: 14524K->1184K(15360K)] 19804K->6512K(50688K), 0.0005300 secs] [Times: user=0.00 sys=0.00, real=0.00 secs] 
334.024: Total time for which application threads were stopped: 0.0006380 seconds, Stopping threads took: 0.0000530 seconds
334.065: Application time: 0.0408060 seconds
334.065: [GC [PSYoungGen: 14495K->1312K(15360K)] 19824K->6640K(50688K), 0.0005840 secs] [Times: user=0.01 sys=0.00, real=0.00 secs] 
334.066: Total time for which application threads were stopped: 0.0007020 seconds, Stopping threads took: 0.0000640 seconds
334.121: Application time: 0.0549340 seconds
334.121: [GC [PSYoungGen: 14623K->1376K(15360K)] 19951K->6744K(50688K), 0.0005220 secs] [Times: user=0.01 sys=0.00, real=0.00 secs] 
334.121: Total time for which application threads were stopped: 0.0006380 seconds, Stopping threads took: 0.0000550 seconds
334.178: Application time: 0.0570370 seconds
334.178: [GC [PSYoungGen: 14687K->1120K(15360K)] 20055K->6692K(50688K), 0.0006320 secs] [Times: user=0.00 sys=0.00, real=0.00 secs] 
334.179: Total time for which application threads were stopped: 0.0007650 seconds, Stopping threads took: 0.0000670 seconds
334.221: Application time: 0.0422570 seconds
334.221: [GC [PSYoungGen: 14431K->1344K(15360K)] 20004K->6916K(50688K), 0.0005420 secs] [Times: user=0.00 sys=0.00, real=0.00 secs] 
334.222: Total time for which application threads were stopped: 0.0006500 seconds, Stopping threads took: 0.0000530 seconds
334.272: Application time: 0.0495740 seconds
334.272: [GC [PSYoungGen: 14656K->1376K(15360K)] 20228K->6948K(50688K), 0.0005380 secs] [Times: user=0.00 sys=0.00, real=0.00 secs] 
334.272: Total time for which application threads were stopped: 0.0006470 seconds, Stopping threads took: 0.0000500 seconds
334.314: Application time: 0.0413940 seconds
334.314: [GC [PSYoungGen: 14687K->1536K(15360K)] 20259K->7108K(50688K), 0.0005870 secs] [Times: user=0.00 sys=0.00, real=0.00 secs] 
334.314: Total time for which application threads were stopped: 0.0006900 seconds, Stopping threads took: 0.0000480 seconds
334.369: Application time: 0.0543150 seconds
334.369: [GC [PSYoungGen: 14846K->1664K(15360K)] 20418K->7236K(50688K), 0.0006030 secs] [Times: user=0.00 sys=0.00, real=0.00 secs] 
334.369: Total time for which application threads were stopped: 0.0007110 seconds, Stopping threads took: 0.0000500 seconds
334.426: Application time: 0.0567370 seconds
334.426: [GC [PSYoungGen: 14972K->1392K(15360K)] 20545K->7188K(50688K), 0.0005800 secs] [Times: user=0.01 sys=0.00, real=0.00 secs] 
334.427: Total time for which application threads were stopped: 0.0006990 seconds, Stopping threads took: 0.0000620 seconds
334.483: Application time: 0.0558080 seconds
334.483: [GC [PSYoungGen: 14701K->1328K(15360K)] 20497K->7353K(50688K), 0.0005630 secs] [Times: user=0.00 sys=0.00, real=0.00 secs] 
334.483: Total time for which application threads were stopped: 0.0006850 seconds, Stopping threads took: 0.0000630 seconds
334.542: Application time: 0.0584490 seconds
334.542: [GC [PSYoungGen: 14637K->1232K(15360K)] 20662K->7257K(50688K), 0.0005420 secs] [Times: user=0.00 sys=0.00, real=0.00 secs] 
334.542: Total time for which application threads were stopped: 0.0006490 seconds, Stopping threads took: 0.0000530 seconds
334.601: Application time: 0.0584900 seconds
334.601: [GC [PSYoungGen: 14541K->1216K(15360K)] 20566K->7241K(50688K), 0.0005720 secs] [Times: user=0.00 sys=0.00, real=0.00 secs] 
334.602: Total time for which application threads were stopped: 0.0006840 seconds, Stopping threads took: 0.0000550 seconds
334.642: Application time: 0.0407420 seconds
334.642: [GC [PSYoungGen: 14526K->1536K(15360K)] 20551K->7561K(50688K), 0.0006460 secs] [Times: user=0.00 sys=0.00, real=0.00 secs] 
334.643: Total time for which application threads were stopped: 0.0007630 seconds, Stopping threads took: 0.0000610 seconds
334.696: Application time: 0.0526600 seconds
334.696: [GC [PSYoungGen: 14844K->1488K(15360K)] 20869K->7513K(50688K), 0.0006030 secs] [Times: user=0.00 sys=0.00, real=0.00 secs] 
334.696: Total time for which application threads were stopped: 0.0007270 seconds, Stopping threads took: 0.0000630 seconds
334.754: Application time: 0.0571930 seconds
334.754: [GC [PSYoungGen: 14796K->1456K(15360K)] 20821K->7529K(50688K), 0.0006110 secs] [Times: user=0.00 sys=0.00, real=0.00 secs] 
334.754: Total time for which application threads were stopped: 0.0007140 seconds, Stopping threads took: 0.0000470 seconds
334.813: Application time: 0.0590120 seconds
334.813: [GC [PSYoungGen: 14767K->1472K(15360K)] 20840K->7545K(50688K), 0.0005720 secs] [Times: user=0.00 sys=0.00, real=0.00 secs] 
334.814: Total time for which application threads were stopped: 0.0006850 seconds, Stopping threads took: 0.0000580 seconds
334.873: Application time: 0.0592580 seconds
334.873: [GC [PSYoungGen: 14781K->1408K(15360K)] 20854K->7481K(50688K), 0.0006000 secs] [Times: user=0.00 sys=0.00, real=0.00 secs] 
334.874: Total time for which application threads were stopped: 0.0007130 seconds, Stopping threads took: 0.0000590 seconds
334.921: Application time: 0.0468070 seconds
334.921: [GC [PSYoungGen: 14718K->1664K(15360K)] 20791K->7737K(50688K), 0.0006280 secs] [Times: user=0.00 sys=0.00, real=0.00 secs] 
334.922: Total time for which application threads were stopped: 0.0007460 seconds, Stopping threads took: 0.0000640 seconds
334.964: Application time: 0.0420420 seconds
334.964: [GC [PSYoungGen: 14971K->1840K(15360K)] 21045K->7913K(50688K), 0.0006610 secs] [Times: user=0.00 sys=0.00, real=0.00 secs] 
334.964: Total time for which application threads were stopped: 0.0007740 seconds, Stopping threads took: 0.0000570 seconds
335.009: Application time: 0.0447780 seconds
335.009: [GC [PSYoungGen: 15149K->1920K(15360K)] 21222K->7993K(50688K), 0.0006270 secs] [Times: user=0.00 sys=0.00, real=0.00 secs] 
335.010: Total time for which application threads were stopped: 0.0007460 seconds, Stopping threads took: 0.0000610 seconds
335.065: Application time: 0.0548410 seconds
335.065: [GC [PSYoungGen: 15232K->1856K(15360K)] 21305K->7929K(50688K), 0.0006500 secs] [Times: user=0.00 sys=0.00, real=0.00 secs] 
335.066: Total time for which application threads were stopped: 0.0007610 seconds, Stopping threads took: 0.0000530 seconds
335.124: Application time: 0.0584530 seconds
335.124: [GC [PSYoungGen: 15165K->1744K(15360K)] 21238K->7925K(50688K), 0.0006290 secs] [Times: user=0.00 sys=0.00, real=0.00 secs] 
335.125: Total time for which application threads were stopped: 0.0007610 seconds, Stopping threads took: 0.0000730 seconds
335.184: Application time: 0.0589810 seconds
335.184: [GC [PSYoungGen: 15053K->1408K(15360K)] 21234K->7990K(50688K), 0.0006490 secs] [Times: user=0.00 sys=0.00, real=0.00 secs] 
335.185: Total time for which application threads were stopped: 0.0012360 seconds, Stopping threads took: 0.0005260 seconds
335.245: Application time: 0.0595620 seconds
335.245: [GC [PSYoungGen: 14717K->1440K(15360K)] 21299K->8022K(50688K), 0.0006500 secs] [Times: user=0.00 sys=0.00, real=0.00 secs] 
335.245: Total time for which application threads were stopped: 0.0008030 seconds, Stopping threads took: 0.0000800 seconds
335.304: Application time: 0.0581990 seconds
335.304: [GC [PSYoungGen: 14749K->1184K(15360K)] 21331K->8035K(50688K), 0.0005650 secs] [Times: user=0.01 sys=0.00, real=0.00 secs] 
335.304: Total time for which application threads were stopped: 0.0006770 seconds, Stopping threads took: 0.0000510 seconds
335.361: Application time: 0.0568210 seconds
335.361: [GC [PSYoungGen: 14492K->1152K(15360K)] 21343K->8003K(50688K), 0.0005280 secs] [Times: user=0.00 sys=0.00, real=0.00 secs] 
335.362: Total time for which application threads were stopped: 0.0006410 seconds, Stopping threads took: 0.0000590 seconds
335.419: Application time: 0.0571960 seconds
335.419: [GC [PSYoungGen: 14460K->1168K(15360K)] 21311K->8019K(50688K), 0.0005060 secs] [Times: user=0.00 sys=0.00, real=0.00 secs] 
335.420: Total time for which application threads were stopped: 0.0006290 seconds, Stopping threads took: 0.0000650 seconds
335.479: Application time: 0.0590560 seconds
335.479: [GC [PSYoungGen: 14477K->960K(15360K)] 21328K->8043K(50688K), 0.0005900 secs] [Times: user=0.00 sys=0.00, real=0.00 secs] 
335.479: Total time for which application threads were stopped: 0.0007020 seconds, Stopping threads took: 0.0000540 seconds
335.539: Application time: 0.0597680 seconds
335.539: [GC [PSYoungGen: 14269K->704K(15360K)] 21352K->8015K(50688K), 0.0004910 secs] [Times: user=0.00 sys=0.00, real=0.00 secs] 
335.540: Total time for which application threads were stopped: 0.0006130 seconds, Stopping threads took: 0.0000670 seconds
335.598: Application time: 0.0586010 seconds
335.598: [GC [PSYoungGen: 14013K->704K(15360K)] 21325K->8015K(50688K), 0.0004530 secs] [Times: user=0.00 sys=0.00, real=0.00 secs] 
335.599: Total time for which application threads were stopped: 0.0005730 seconds, Stopping threads took: 0.0000550 seconds
335.640: Application time: 0.0408000 seconds
335.640: [GC [PSYoungGen: 14012K->1216K(15360K)] 21324K->8527K(50688K), 0.0005580 secs] [Times: user=0.01 sys=0.00, real=0.01 secs] 
335.640: Total time for which application threads were stopped: 0.0006640 seconds, Stopping threads took: 0.0000500 seconds
335.678: Application time: 0.0380690 seconds
335.678: [GC [PSYoungGen: 14524K->1184K(15360K)] 21835K->8495K(50688K), 0.0005730 secs] [Times: user=0.00 sys=0.00, real=0.00 secs] 
335.679: Total time for which application threads were stopped: 0.0006760 seconds, Stopping threads took: 0.0000460 seconds
335.735: Application time: 0.0555580 seconds
335.735: [GC [PSYoungGen: 14495K->1152K(15360K)] 21806K->8511K(50688K), 0.0005210 secs] [Times: user=0.01 sys=0.00, real=0.00 secs] 
335.735: Total time for which application threads were stopped: 0.0006320 seconds, Stopping threads took: 0.0000570 seconds
335.779: Application time: 0.0433110 seconds
335.779: [GC [PSYoungGen: 14460K->1520K(15360K)] 21820K->8879K(50688K), 0.0005590 secs] [Times: user=0.01 sys=0.00, real=0.00 secs] 
335.779: Total time for which application threads were stopped: 0.0006880 seconds, Stopping threads took: 0.0000650 seconds
335.832: Application time: 0.0524840 seconds
335.832: [GC [PSYoungGen: 14830K->1280K(15360K)] 22190K->8679K(50688K), 0.0005360 secs] [Times: user=0.00 sys=0.00, real=0.00 secs] 
335.832: Total time for which application threads were stopped: 0.0006620 seconds, Stopping threads took: 0.0000660 seconds
335.889: Application time: 0.0567940 seconds
335.889: [GC [PSYoungGen: 14588K->1152K(15360K)] 21988K->8772K(50688K), 0.0005810 secs] [Times: user=0.00 sys=0.00, real=0.00 secs] 
335.890: Total time for which application threads were stopped: 0.0006820 seconds, Stopping threads took: 0.0000460 seconds
335.931: Application time: 0.0415730 seconds
335.932: [GC [PSYoungGen: 14461K->1312K(15360K)] 22081K->8932K(50688K), 0.0005760 secs] [Times: user=0.00 sys=0.00, real=0.00 secs] 
335.932: Total time for which application threads were stopped: 0.0006960 seconds, Stopping threads took: 0.0000630 seconds
335.981: Application time: 0.0483470 seconds
335.981: [GC [PSYoungGen: 14620K->1552K(15360K)] 22240K->9172K(50688K), 0.0006140 secs] [Times: user=0.00 sys=0.00, real=0.00 secs] 
335.981: Total time for which application threads were stopped: 0.0007130 seconds, Stopping threads took: 0.0000440 seconds
336.024: Application time: 0.0427550 seconds
336.024: [GC [PSYoungGen: 14863K->1568K(15360K)] 22483K->9188K(50688K), 0.0005750 secs] [Times: user=0.00 sys=0.00, real=0.00 secs] 
336.025: Total time for which application threads were stopped: 0.0006870 seconds, Stopping threads took: 0.0000560 seconds
336.078: Application time: 0.0535980 seconds
336.078: [GC [PSYoungGen: 14879K->1664K(15360K)] 22499K->9284K(50688K), 0.0006180 secs] [Times: user=0.00 sys=0.00, real=0.00 secs] 
336.079: Total time for which application threads were stopped: 0.0007420 seconds, Stopping threads took: 0.0000690 seconds
336.136: Application time: 0.0571010 seconds
336.136: [GC [PSYoungGen: 14972K->1440K(15360K)] 22592K->9280K(50688K), 0.0006580 secs] [Times: user=0.00 sys=0.00, real=0.00 secs] 
336.137: Total time for which application threads were stopped: 0.0007710 seconds, Stopping threads took: 0.0000580 seconds
336.193: Application time: 0.0561430 seconds
336.193: [GC [PSYoungGen: 14751K->1312K(15360K)] 22592K->9357K(50688K), 0.0005610 secs] [Times: user=0.01 sys=0.00, real=0.00 secs] 
336.194: Total time for which application threads were stopped: 0.0006790 seconds, Stopping threads took: 0.0000590 seconds
336.252: Application time: 0.0586380 seconds
336.252: [GC [PSYoungGen: 14621K->1184K(15360K)] 22666K->9229K(50688K), 0.0005520 secs] [Times: user=0.00 sys=0.00, real=0.00 secs] 
336.253: Total time for which application threads were stopped: 0.0006780 seconds, Stopping threads took: 0.0000700 seconds
336.310: Application time: 0.0573370 seconds
336.310: [GC [PSYoungGen: 14400K->1104K(15360K)] 22445K->9149K(50688K), 0.0005420 secs] [Times: user=0.00 sys=0.00, real=0.00 secs] 
336.311: Total time for which application threads were stopped: 0.0006770 seconds, Stopping threads took: 0.0000620 seconds
336.353: Application time: 0.0422520 seconds
336.353: [GC [PSYoungGen: 14413K->1488K(15360K)] 22458K->9533K(50688K), 0.0006110 secs] [Times: user=0.01 sys=0.00, real=0.00 secs] 
336.354: Total time for which application threads were stopped: 0.0007210 seconds, Stopping threads took: 0.0000550 seconds
336.407: Application time: 0.0528100 seconds
336.408: [GC [PSYoungGen: 14796K->1424K(15360K)] 22841K->9469K(50688K), 0.0006070 secs] [Times: user=0.00 sys=0.00, real=0.00 secs] 
336.409: Total time for which application threads were stopped: 0.0020850 seconds, Stopping threads took: 0.0014210 seconds
336.465: Application time: 0.0562870 seconds
336.465: [GC [PSYoungGen: 14731K->1408K(15360K)] 22777K->9493K(50688K), 0.0005610 secs] [Times: user=0.00 sys=0.00, real=0.00 secs] 
336.466: Total time for which application threads were stopped: 0.0006950 seconds, Stopping threads took: 0.0000790 seconds
336.525: Application time: 0.0587730 seconds
336.525: [GC [PSYoungGen: 14717K->1440K(15360K)] 22802K->9525K(50688K), 0.0005710 secs] [Times: user=0.00 sys=0.00, real=0.00 secs] 
336.525: Total time for which application threads were stopped: 0.0006930 seconds, Stopping threads took: 0.0000680 seconds
336.585: Application time: 0.0592960 seconds
336.585: [GC [PSYoungGen: 14749K->1488K(15360K)] 22834K->9573K(50688K), 0.0005830 secs] [Times: user=0.00 sys=0.00, real=0.00 secs] 
336.585: Total time for which application threads were stopped: 0.0007070 seconds, Stopping threads took: 0.0000680 seconds
336.634: Application time: 0.0490660 seconds
336.635: [GC [PSYoungGen: 14798K->1680K(15360K)] 22884K->9765K(50688K), 0.0006470 secs] [Times: user=0.01 sys=0.00, real=0.00 secs] 
336.635: Total time for which application threads were stopped: 0.0007550 seconds, Stopping threads took: 0.0000470 seconds
336.676: Application time: 0.0411260 seconds
336.676: [GC [PSYoungGen: 14988K->1840K(15360K)] 23073K->9925K(50688K), 0.0006910 secs] [Times: user=0.00 sys=0.00, real=0.00 secs] 
336.677: Total time for which application threads were stopped: 0.0008040 seconds, Stopping threads took: 0.0000560 seconds
336.723: Application time: 0.0460000 seconds
336.723: [GC [PSYoungGen: 15151K->1920K(15360K)] 23237K->10005K(50688K), 0.0006890 secs] [Times: user=0.00 sys=0.00, real=0.00 secs] 
336.724: Total time for which application threads were stopped: 0.0008000 seconds, Stopping threads took: 0.0000540 seconds
336.778: Application time: 0.0541600 seconds
336.778: [GC [PSYoungGen: 15231K->1888K(15360K)] 23317K->9973K(50688K), 0.0006830 secs] [Times: user=0.01 sys=0.00, real=0.00 secs] 
336.779: Total time for which application threads were stopped: 0.0008000 seconds, Stopping threads took: 0.0000610 seconds
336.837: Application time: 0.0580430 seconds
336.837: [GC [PSYoungGen: 15197K->1792K(15360K)] 23283K->9957K(50688K), 0.0006960 secs] [Times: user=0.00 sys=0.00, real=0.00 secs] 
336.838: Total time for which application threads were stopped: 0.0008200 seconds, Stopping threads took: 0.0000630 seconds
336.896: Application time: 0.0582770 seconds
336.896: [GC [PSYoungGen: 15101K->1408K(15360K)] 23267K->10014K(50688K), 0.0006520 secs] [Times: user=0.00 sys=0.00, real=0.00 secs] 
336.897: Total time for which application threads were stopped: 0.0007640 seconds, Stopping threads took: 0.0000560 seconds
336.955: Application time: 0.0583970 seconds
336.955: [GC [PSYoungGen: 14717K->1376K(15360K)] 23324K->9982K(50688K), 0.0005800 secs] [Times: user=0.01 sys=0.00, real=0.00 secs] 
336.956: Total time for which application threads were stopped: 0.0006880 seconds, Stopping threads took: 0.0000510 seconds
337.014: Application time: 0.0583530 seconds
337.014: [GC [PSYoungGen: 14685K->1136K(15360K)] 23292K->9995K(50688K), 0.0005700 secs] [Times: user=0.00 sys=0.00, real=0.00 secs] 
337.015: Total time for which application threads were stopped: 0.0006890 seconds, Stopping threads took: 0.0000550 seconds
337.071: Application time: 0.0564450 seconds
337.071: [GC [PSYoungGen: 14444K->1216K(15360K)] 23303K->10075K(50688K), 0.0005920 secs] [Times: user=0.01 sys=0.00, real=0.00 secs] 
337.072: Total time for which application threads were stopped: 0.0006940 seconds, Stopping threads took: 0.0000440 seconds
337.130: Application time: 0.0575300 seconds
337.130: [GC [PSYoungGen: 14524K->1232K(15360K)] 23383K->10091K(50688K), 0.0005160 secs] [Times: user=0.00 sys=0.00, real=0.00 secs] 
337.130: Total time for which application threads were stopped: 0.0006200 seconds, Stopping threads took: 0.0000480 seconds
337.189: Application time: 0.0590990 seconds
337.189: [GC [PSYoungGen: 14541K->960K(15360K)] 23400K->10063K(50688K), 0.0005190 secs] [Times: user=0.01 sys=0.00, real=0.00 secs] 
337.190: Total time for which application threads were stopped: 0.0006350 seconds, Stopping threads took: 0.0000610 seconds
337.250: Application time: 0.0595870 seconds
337.250: [GC [PSYoungGen: 14269K->960K(15360K)] 23373K->10063K(50688K), 0.0004840 secs] [Times: user=0.00 sys=0.00, real=0.00 secs] 
337.250: Total time for which application threads were stopped: 0.0005900 seconds, Stopping threads took: 0.0000510 seconds
337.306: Application time: 0.0562410 seconds
337.307: [GC [PSYoungGen: 14270K->896K(15360K)] 23374K->10212K(50688K), 0.0005370 secs] [Times: user=0.00 sys=0.00, real=0.00 secs] 
337.307: Total time for which application threads were stopped: 0.0006400 seconds, Stopping threads took: 0.0000500 seconds
337.349: Application time: 0.0416970 seconds
337.352: [GC [PSYoungGen: 14207K->1024K(15360K)] 23524K->10340K(50688K), 0.0005270 secs] [Times: user=0.00 sys=0.00, real=0.00 secs] 
337.353: Total time for which application threads were stopped: 0.0041280 seconds, Stopping threads took: 0.0035380 seconds
337.395: Application time: 0.0423660 seconds
337.395: [GC [PSYoungGen: 14331K->1152K(15360K)] 23647K->10468K(50688K), 0.0005460 secs] [Times: user=0.00 sys=0.00, real=0.00 secs] 
337.396: Total time for which application threads were stopped: 0.0006510 seconds, Stopping threads took: 0.0000500 seconds
337.449: Application time: 0.0529490 seconds
337.449: [GC [PSYoungGen: 14462K->1184K(15360K)] 23778K->10556K(50688K), 0.0005340 secs] [Times: user=0.01 sys=0.00, real=0.00 secs] 
337.450: Total time for which application threads were stopped: 0.0006550 seconds, Stopping threads took: 0.0000640 seconds
337.497: Application time: 0.0474360 seconds
337.497: [GC [PSYoungGen: 14493K->1376K(15360K)] 23865K->10748K(50688K), 0.0005350 secs] [Times: user=0.00 sys=0.00, real=0.00 secs] 
337.498: Total time for which application threads were stopped: 0.0006470 seconds, Stopping threads took: 0.0000550 seconds
337.546: Application time: 0.0485330 seconds
337.546: [GC [PSYoungGen: 14687K->1344K(15360K)] 24060K->10756K(50688K), 0.0006060 secs] [Times: user=0.00 sys=0.00, real=0.00 secs] 
337.547: Total time for which application threads were stopped: 0.0007160 seconds, Stopping threads took: 0.0000560 seconds
337.602: Application time: 0.0551360 seconds
337.602: [GC [PSYoungGen: 14652K->1312K(15360K)] 24064K->10928K(50688K), 0.0005590 secs] [Times: user=0.00 sys=0.00, real=0.00 secs] 
337.603: Total time for which application threads were stopped: 0.0006760 seconds, Stopping threads took: 0.0000620 seconds
337.644: Application time: 0.0414790 seconds
337.644: [GC [PSYoungGen: 14621K->1344K(15360K)] 24238K->10960K(50688K), 0.0005440 secs] [Times: user=0.00 sys=0.00, real=0.00 secs] 
337.645: Total time for which application threads were stopped: 0.0006600 seconds, Stopping threads took: 0.0000570 seconds
337.699: Application time: 0.0540830 seconds
337.699: [GC [PSYoungGen: 14653K->1504K(15360K)] 24270K->11120K(50688K), 0.0005720 secs] [Times: user=0.01 sys=0.00, real=0.00 secs] 
337.700: Total time for which application threads were stopped: 0.0006870 seconds, Stopping threads took: 0.0000590 seconds
337.739: Application time: 0.0390000 seconds
337.739: [GC [PSYoungGen: 14812K->1440K(15360K)] 24428K->11056K(50688K), 0.0006190 secs] [Times: user=0.00 sys=0.00, real=0.00 secs] 
337.739: Total time for which application threads were stopped: 0.0007480 seconds, Stopping threads took: 0.0000740 seconds
337.794: Application time: 0.0549870 seconds
337.794: [GC [PSYoungGen: 14751K->1536K(15360K)] 24368K->11152K(50688K), 0.0006660 secs] [Times: user=0.00 sys=0.00, real=0.00 secs] 
337.795: Total time for which application threads were stopped: 0.0007820 seconds, Stopping threads took: 0.0000590 seconds
337.851: Application time: 0.0561770 seconds
337.851: [GC [PSYoungGen: 14844K->1408K(15360K)] 24461K->11237K(50688K), 0.0005880 secs] [Times: user=0.00 sys=0.00, real=0.00 secs] 
337.852: Total time for which application threads were stopped: 0.0007230 seconds, Stopping threads took: 0.0000790 seconds
337.909: Application time: 0.0574150 seconds
337.910: [GC [PSYoungGen: 14719K->1248K(15360K)] 24548K->11290K(50688K), 0.0005850 secs] [Times: user=0.01 sys=0.00, real=0.00 secs] 
337.910: Total time for which application threads were stopped: 0.0007020 seconds, Stopping threads took: 0.0000520 seconds
337.968: Application time: 0.0579090 seconds
337.968: [GC [PSYoungGen: 14559K->1216K(15360K)] 24601K->11258K(50688K), 0.0005590 secs] [Times: user=0.00 sys=0.00, real=0.01 secs] 
337.969: Total time for which application threads were stopped: 0.0006720 seconds, Stopping threads took: 0.0000590 seconds
338.027: Application time: 0.0583770 seconds
338.027: Total time for which application threads were stopped: 0.0000710 seconds, Stopping threads took: 0.0000500 seconds
338.027: Application time: 0.0000570 seconds
338.027: [GC [PSYoungGen: 14471K->1104K(15360K)] 24641K->11274K(50688K), 0.0005210 secs] [Times: user=0.00 sys=0.00, real=0.00 secs] 
338.028: Total time for which application threads were stopped: 0.0006130 seconds, Stopping threads took: 0.0000470 seconds
338.070: Application time: 0.0419010 seconds
338.070: [GC [PSYoungGen: 14415K->1504K(15360K)] 24870K->11958K(50688K), 0.0006650 secs] [Times: user=0.00 sys=0.00, real=0.00 secs] 
338.071: Total time for which application threads were stopped: 0.0016100 seconds, Stopping threads took: 0.0000420 seconds
338.126: Application time: 0.0547520 seconds
338.126: [GC [PSYoungGen: 14812K->1520K(15360K)] 25266K->11974K(50688K), 0.0005530 secs] [Times: user=0.00 sys=0.00, real=0.00 secs] 
338.127: Total time for which application threads were stopped: 0.0006700 seconds, Stopping threads took: 0.0000580 seconds
338.184: Application time: 0.0571900 seconds
338.184: [GC [PSYoungGen: 14830K->1504K(15360K)] 25284K->12006K(50688K), 0.0006000 secs] [Times: user=0.00 sys=0.00, real=0.00 secs] 
338.185: Total time for which application threads were stopped: 0.0007260 seconds, Stopping threads took: 0.0000700 seconds
338.245: Application time: 0.0601930 seconds
338.245: [GC [PSYoungGen: 14813K->1408K(15360K)] 25316K->11910K(50688K), 0.0005820 secs] [Times: user=0.00 sys=0.00, real=0.00 secs] 
338.246: Total time for which application threads were stopped: 0.0007000 seconds, Stopping threads took: 0.0000590 seconds
338.305: Application time: 0.0594930 seconds
338.305: [GC [PSYoungGen: 14717K->1440K(15360K)] 25220K->11942K(50688K), 0.0005900 secs] [Times: user=0.01 sys=0.00, real=0.00 secs] 
338.306: Total time for which application threads were stopped: 0.0007120 seconds, Stopping threads took: 0.0000670 seconds
338.357: Application time: 0.0515270 seconds
338.357: [GC [PSYoungGen: 14750K->1664K(15360K)] 25252K->12166K(50688K), 0.0006500 secs] [Times: user=0.00 sys=0.00, real=0.00 secs] 
338.358: Total time for which application threads were stopped: 0.0007900 seconds, Stopping threads took: 0.0000830 seconds
338.398: Application time: 0.0400640 seconds
338.398: [GC [PSYoungGen: 14974K->1840K(15360K)] 25477K->12342K(50688K), 0.0006820 secs] [Times: user=0.01 sys=0.00, real=0.00 secs] 
338.399: Total time for which application threads were stopped: 0.0007900 seconds, Stopping threads took: 0.0000500 seconds
338.443: Application time: 0.0435550 seconds
338.443: [GC [PSYoungGen: 15151K->1872K(15360K)] 25653K->12374K(50688K), 0.0006490 secs] [Times: user=0.01 sys=0.00, real=0.00 secs] 
338.443: Total time for which application threads were stopped: 0.0007600 seconds, Stopping threads took: 0.0000450 seconds
338.497: Application time: 0.0536990 seconds
338.497: [GC [PSYoungGen: 15181K->1904K(15360K)] 25683K->12406K(50688K), 0.0006560 secs] [Times: user=0.01 sys=0.00, real=0.00 secs] 
338.498: Total time for which application threads were stopped: 0.0007750 seconds, Stopping threads took: 0.0000630 seconds
338.556: Application time: 0.0583040 seconds
338.556: [GC [PSYoungGen: 15215K->1648K(15360K)] 25718K->12427K(50688K), 0.0006750 secs] [Times: user=0.00 sys=0.00, real=0.00 secs] 
338.557: Total time for which application threads were stopped: 0.0007880 seconds, Stopping threads took: 0.0000570 seconds
338.615: Application time: 0.0580880 seconds
338.615: [GC [PSYoungGen: 14957K->1600K(15360K)] 25736K->12435K(50688K), 0.0006940 secs] [Times: user=0.00 sys=0.00, real=0.00 secs] 
338.616: Total time for which application threads were stopped: 0.0008050 seconds, Stopping threads took: 0.0000550 seconds
338.675: Application time: 0.0591630 seconds
338.675: [GC [PSYoungGen: 14909K->1456K(15360K)] 25744K->12495K(50688K), 0.0005910 secs] [Times: user=0.01 sys=0.00, real=0.00 secs] 
338.676: Total time for which application threads were stopped: 0.0007130 seconds, Stopping threads took: 0.0000650 seconds
338.734: Application time: 0.0584890 seconds
338.734: [GC [PSYoungGen: 14765K->1408K(15360K)] 25805K->12447K(50688K), 0.0005810 secs] [Times: user=0.00 sys=0.00, real=0.00 secs] 
338.735: Total time for which application threads were stopped: 0.0006930 seconds, Stopping threads took: 0.0000570 seconds
338.793: Application time: 0.0578920 seconds
338.793: [GC [PSYoungGen: 14716K->1184K(15360K)] 25756K->12455K(50688K), 0.0005670 secs] [Times: user=0.00 sys=0.00, real=0.00 secs] 
338.793: Total time for which application threads were stopped: 0.0006760 seconds, Stopping threads took: 0.0000530 seconds
338.850: Application time: 0.0568830 seconds
338.850: [GC [PSYoungGen: 14495K->1152K(15360K)] 25767K->12423K(50688K), 0.0005750 secs] [Times: user=0.01 sys=0.00, real=0.00 secs] 
338.851: Total time for which application threads were stopped: 0.0006990 seconds, Stopping threads took: 0.0000680 seconds
338.910: Application time: 0.0594230 seconds
338.911: [GC [PSYoungGen: 14461K->944K(15360K)] 25733K->12448K(50688K), 0.0005950 secs] [Times: user=0.00 sys=0.00, real=0.00 secs] 
338.911: Total time for which application threads were stopped: 0.0007010 seconds, Stopping threads took: 0.0000520 seconds
338.970: Application time: 0.0588430 seconds
338.970: [GC [PSYoungGen: 14253K->928K(15360K)] 25757K->12432K(50688K), 0.0004940 secs] [Times: user=0.00 sys=0.00, real=0.00 secs] 
338.971: Total time for which application threads were stopped: 0.0006160 seconds, Stopping threads took: 0.0000560 seconds
339.025: Application time: 0.0540830 seconds
339.025: [GC [PSYoungGen: 14236K->880K(15360K)] 25741K->12600K(50688K), 0.0005170 secs] [Times: user=0.00 sys=0.00, real=0.00 secs] 
339.025: Total time for which application threads were stopped: 0.0006530 seconds, Stopping threads took: 0.0000790 seconds
339.069: Application time: 0.0438470 seconds
339.069: [GC [PSYoungGen: 14189K->960K(15360K)] 25909K->12680K(50688K), 0.0004900 secs] [Times: user=0.00 sys=0.00, real=0.00 secs] 
339.070: Total time for which application threads were stopped: 0.0005980 seconds, Stopping threads took: 0.0000510 seconds
339.113: Application time: 0.0429360 seconds
339.113: [GC [PSYoungGen: 14270K->1152K(15360K)] 25990K->12872K(50688K), 0.0004820 secs] [Times: user=0.00 sys=0.00, real=0.00 secs] 
339.113: Total time for which application threads were stopped: 0.0005910 seconds, Stopping threads took: 0.0000560 seconds
339.166: Application time: 0.0531340 seconds
339.167: [GC [PSYoungGen: 14463K->1184K(15360K)] 26183K->12960K(50688K), 0.0005780 secs] [Times: user=0.01 sys=0.00, real=0.00 secs] 
339.167: Total time for which application threads were stopped: 0.0007020 seconds, Stopping threads took: 0.0000580 seconds
339.216: Application time: 0.0488900 seconds
339.216: [GC [PSYoungGen: 14493K->1344K(15360K)] 26269K->13120K(50688K), 0.0005690 secs] [Times: user=0.00 sys=0.00, real=0.00 secs] 
339.217: Total time for which application threads were stopped: 0.0006900 seconds, Stopping threads took: 0.0000600 seconds
339.264: Application time: 0.0475880 seconds
339.264: [GC [PSYoungGen: 14655K->1280K(15360K)] 26432K->13104K(50688K), 0.0005590 secs] [Times: user=0.00 sys=0.00, real=0.00 secs] 
339.265: Total time for which application threads were stopped: 0.0006620 seconds, Stopping threads took: 0.0000460 seconds
339.322: Application time: 0.0568590 seconds
339.322: [GC [PSYoungGen: 14588K->1120K(15360K)] 26413K->13157K(50688K), 0.0005840 secs] [Times: user=0.00 sys=0.00, real=0.00 secs] 
339.323: Total time for which application threads were stopped: 0.0006910 seconds, Stopping threads took: 0.0000540 seconds
339.365: Application time: 0.0428890 seconds
339.366: [GC [PSYoungGen: 14431K->1376K(15360K)] 26468K->13413K(50688K), 0.0005650 secs] [Times: user=0.00 sys=0.00, real=0.00 secs] 
339.366: Total time for which application threads were stopped: 0.0006860 seconds, Stopping threads took: 0.0000630 seconds
339.417: Application time: 0.0510130 seconds
339.417: [GC [PSYoungGen: 14685K->1504K(15360K)] 26722K->13541K(50688K), 0.0005660 secs] [Times: user=0.00 sys=0.00, real=0.00 secs] 
339.418: Total time for which application threads were stopped: 0.0006990 seconds, Stopping threads took: 0.0000760 seconds
339.457: Application time: 0.0387010 seconds
339.457: [GC [PSYoungGen: 14816K->1536K(15360K)] 26853K->13573K(50688K), 0.0005750 secs] [Times: user=0.00 sys=0.00, real=0.00 secs] 
339.457: Total time for which application threads were stopped: 0.0006880 seconds, Stopping threads took: 0.0000570 seconds
339.513: Application time: 0.0556300 seconds
339.516: [GC [PSYoungGen: 14830K->1536K(15360K)] 26867K->13573K(50688K), 0.0006060 secs] [Times: user=0.00 sys=0.00, real=0.00 secs] 
339.517: Total time for which application threads were stopped: 0.0041110 seconds, Stopping threads took: 0.0034400 seconds
339.574: Application time: 0.0569990 seconds
339.574: [GC [PSYoungGen: 14846K->1360K(15360K)] 26883K->13609K(50688K), 0.0006470 secs] [Times: user=0.00 sys=0.00, real=0.00 secs] 
339.575: Total time for which application threads were stopped: 0.0007650 seconds, Stopping threads took: 0.0000620 seconds
339.632: Application time: 0.0569500 seconds
339.632: [GC [PSYoungGen: 14671K->1216K(15360K)] 26920K->13670K(50688K), 0.0006110 secs] [Times: user=0.01 sys=0.00, real=0.00 secs] 
339.633: Total time for which application threads were stopped: 0.0012900 seconds, Stopping threads took: 0.0006210 seconds
339.691: Application time: 0.0580570 seconds
339.691: [GC [PSYoungGen: 14527K->1376K(15360K)] 26981K->13830K(50688K), 0.0005780 secs] [Times: user=0.00 sys=0.00, real=0.00 secs] 
339.692: Total time for which application threads were stopped: 0.0006920 seconds, Stopping threads took: 0.0000570 seconds
339.751: Application time: 0.0592540 seconds
339.751: [GC [PSYoungGen: 14685K->1200K(15360K)] 27139K->13654K(50688K), 0.0005510 secs] [Times: user=0.00 sys=0.00, real=0.00 secs] 
339.752: Total time for which application threads were stopped: 0.0006640 seconds, Stopping threads took: 0.0000580 seconds
339.795: Application time: 0.0435280 seconds
339.795: [GC [PSYoungGen: 14509K->1472K(15360K)] 26963K->13926K(50688K), 0.0005970 secs] [Times: user=0.00 sys=0.00, real=0.00 secs] 
339.796: Total time for which application threads were stopped: 0.0007000 seconds, Stopping threads took: 0.0000500 seconds
339.847: Application time: 0.0515090 seconds
339.848: [GC [PSYoungGen: 14765K->1392K(15360K)] 27219K->13846K(50688K), 0.0005820 secs] [Times: user=0.00 sys=0.00, real=0.00 secs] 
339.849: Total time for which application threads were stopped: 0.0015360 seconds, Stopping threads took: 0.0008990 seconds
339.907: Application time: 0.0580640 seconds
339.907: [GC [PSYoungGen: 14702K->1488K(15360K)] 27156K->13982K(50688K), 0.0005960 secs] [Times: user=0.00 sys=0.00, real=0.00 secs] 
339.908: Total time for which application threads were stopped: 0.0007350 seconds, Stopping threads took: 0.0000830 seconds
339.967: Application time: 0.0594420 seconds
339.967: [GC [PSYoungGen: 14799K->1360K(15360K)] 27293K->13854K(50688K), 0.0006430 secs] [Times: user=0.01 sys=0.00, real=0.00 secs] 
339.968: Total time for which application threads were stopped: 0.0007600 seconds, Stopping threads took: 0.0000590 seconds
340.026: Application time: 0.0584150 seconds
340.026: [GC [PSYoungGen: 14669K->1408K(15360K)] 27163K->13902K(50688K), 0.0005630 secs] [Times: user=0.01 sys=0.00, real=0.00 secs] 
340.027: Total time for which application threads were stopped: 0.0006760 seconds, Stopping threads took: 0.0000480 seconds
340.078: Application time: 0.0509780 seconds
340.078: [GC [PSYoungGen: 14718K->1632K(15360K)] 27213K->14126K(50688K), 0.0006570 secs] [Times: user=0.00 sys=0.00, real=0.00 secs] 
340.079: Total time for which application threads were stopped: 0.0007730 seconds, Stopping threads took: 0.0000580 seconds
340.121: Application time: 0.0422360 seconds
340.121: [GC [PSYoungGen: 14941K->1888K(15360K)] 27435K->14382K(50688K), 0.0006260 secs] [Times: user=0.00 sys=0.00, real=0.00 secs] 
340.122: Total time for which application threads were stopped: 0.0007300 seconds, Stopping threads took: 0.0000500 seconds
340.166: Application time: 0.0446870 seconds
340.167: [GC [PSYoungGen: 15197K->1840K(15360K)] 27691K->14334K(50688K), 0.0007050 secs] [Times: user=0.01 sys=0.00, real=0.00 secs] 
340.167: Total time for which application threads were stopped: 0.0008370 seconds, Stopping threads took: 0.0000710 seconds
340.220: Application time: 0.0529200 seconds
340.220: [GC [PSYoungGen: 15149K->1888K(15360K)] 27643K->14382K(50688K), 0.0006630 secs] [Times: user=0.00 sys=0.00, real=0.00 secs] 
340.221: Total time for which application threads were stopped: 0.0007840 seconds, Stopping threads took: 0.0000650 seconds
340.278: Application time: 0.0569080 seconds
340.278: [GC [PSYoungGen: 15199K->1616K(15360K)] 27693K->14418K(50688K), 0.0007100 secs] [Times: user=0.00 sys=0.00, real=0.00 secs] 
340.279: Total time for which application threads were stopped: 0.0008220 seconds, Stopping threads took: 0.0000550 seconds
340.337: Application time: 0.0582330 seconds
340.337: [GC [PSYoungGen: 14925K->1520K(15360K)] 27728K->14402K(50688K), 0.0006400 secs] [Times: user=0.00 sys=0.00, real=0.00 secs] 
340.338: Total time for which application threads were stopped: 0.0007450 seconds, Stopping threads took: 0.0000510 seconds
340.396: Application time: 0.0586610 seconds
340.396: [GC [PSYoungGen: 14829K->1376K(15360K)] 27712K->14394K(50688K), 0.0005820 secs] [Times: user=0.00 sys=0.00, real=0.00 secs] 
340.397: Total time for which application threads were stopped: 0.0006850 seconds, Stopping threads took: 0.0000470 seconds
340.455: Application time: 0.0583190 seconds
340.455: [GC [PSYoungGen: 14685K->1440K(15360K)] 27704K->14458K(50688K), 0.0005860 secs] [Times: user=0.00 sys=0.00, real=0.00 secs] 
340.456: Total time for which application threads were stopped: 0.0006950 seconds, Stopping threads took: 0.0000520 seconds
340.513: Application time: 0.0570470 seconds
340.513: [GC [PSYoungGen: 14748K->1232K(15360K)] 27767K->14479K(50688K), 0.0005990 secs] [Times: user=0.00 sys=0.00, real=0.00 secs] 
340.514: Total time for which application threads were stopped: 0.0007080 seconds, Stopping threads took: 0.0000520 seconds
340.571: Application time: 0.0567440 seconds
340.571: [GC [PSYoungGen: 14540K->1184K(15360K)] 27788K->14431K(50688K), 0.0005130 secs] [Times: user=0.00 sys=0.00, real=0.00 secs] 
340.571: Total time for which application threads were stopped: 0.0006340 seconds, Stopping threads took: 0.0000550 seconds
340.631: Application time: 0.0595970 seconds
340.631: [GC [PSYoungGen: 14493K->928K(15360K)] 27740K->14420K(50688K), 0.0005310 secs] [Times: user=0.00 sys=0.00, real=0.00 secs] 
340.631: Total time for which application threads were stopped: 0.0006570 seconds, Stopping threads took: 0.0000600 seconds
340.690: Application time: 0.0588400 seconds
340.690: [GC [PSYoungGen: 14237K->960K(15360K)] 27729K->14451K(50688K), 0.0004830 secs] [Times: user=0.00 sys=0.00, real=0.00 secs] 
340.691: Total time for which application threads were stopped: 0.0005880 seconds, Stopping threads took: 0.0000500 seconds
340.742: Application time: 0.0514920 seconds
340.742: [GC [PSYoungGen: 14272K->944K(15360K)] 27763K->14648K(50688K), 0.0005450 secs] [Times: user=0.00 sys=0.00, real=0.00 secs] 
340.743: Total time for which application threads were stopped: 0.0006540 seconds, Stopping threads took: 0.0000520 seconds
340.789: Application time: 0.0460900 seconds
340.789: [GC [PSYoungGen: 14253K->992K(15360K)] 27957K->14696K(50688K), 0.0004850 secs] [Times: user=0.00 sys=0.00, real=0.00 secs] 
340.790: Total time for which application threads were stopped: 0.0006110 seconds, Stopping threads took: 0.0000700 seconds
340.833: Application time: 0.0436680 seconds
340.834: [GC [PSYoungGen: 14303K->1184K(15360K)] 28008K->14888K(50688K), 0.0005280 secs] [Times: user=0.00 sys=0.00, real=0.00 secs] 
340.834: Total time for which application threads were stopped: 0.0006370 seconds, Stopping threads took: 0.0000520 seconds
340.885: Application time: 0.0513760 seconds
340.886: [GC [PSYoungGen: 14493K->1152K(15360K)] 28197K->14904K(50688K), 0.0005730 secs] [Times: user=0.00 sys=0.00, real=0.00 secs] 
340.886: Total time for which application threads were stopped: 0.0006870 seconds, Stopping threads took: 0.0000600 seconds
340.935: Application time: 0.0485970 seconds
340.935: [GC [PSYoungGen: 14463K->1376K(15360K)] 28216K->15128K(50688K), 0.0005610 secs] [Times: user=0.01 sys=0.00, real=0.00 secs] 
340.935: Total time for which application threads were stopped: 0.0006700 seconds, Stopping threads took: 0.0000540 seconds
340.984: Application time: 0.0485200 seconds
340.984: [GC [PSYoungGen: 14687K->1344K(15360K)] 28440K->15096K(50688K), 0.0005450 secs] [Times: user=0.01 sys=0.00, real=0.00 secs] 
340.985: Total time for which application threads were stopped: 0.0006510 seconds, Stopping threads took: 0.0000500 seconds
341.042: Application time: 0.0570480 seconds
341.042: [GC [PSYoungGen: 14655K->1120K(15360K)] 28407K->15117K(50688K), 0.0005570 secs] [Times: user=0.00 sys=0.00, real=0.00 secs] 
341.042: Total time for which application threads were stopped: 0.0006630 seconds, Stopping threads took: 0.0000500 seconds
341.089: Application time: 0.0468630 seconds
341.089: [GC [PSYoungGen: 14427K->1296K(15360K)] 28424K->15293K(50688K), 0.0005330 secs] [Times: user=0.00 sys=0.00, real=0.00 secs] 
341.090: Total time for which application threads were stopped: 0.0006490 seconds, Stopping threads took: 0.0000500 seconds
341.139: Application time: 0.0496710 seconds
341.140: [GC [PSYoungGen: 14605K->1376K(15360K)] 28602K->15373K(50688K), 0.0005590 secs] [Times: user=0.00 sys=0.00, real=0.00 secs] 
341.140: Total time for which application threads were stopped: 0.0006670 seconds, Stopping threads took: 0.0000540 seconds
341.178: Application time: 0.0383250 seconds
341.179: [GC [PSYoungGen: 14686K->1568K(15360K)] 28683K->15565K(50688K), 0.0005810 secs] [Times: user=0.00 sys=0.00, real=0.00 secs] 
341.179: Total time for which application threads were stopped: 0.0006800 seconds, Stopping threads took: 0.0000420 seconds
341.233: Application time: 0.0540110 seconds
341.233: [GC [PSYoungGen: 14876K->1600K(15360K)] 28873K->15597K(50688K), 0.0005960 secs] [Times: user=0.00 sys=0.00, real=0.00 secs] 
341.234: Total time for which application threads were stopped: 0.0006970 seconds, Stopping threads took: 0.0000460 seconds
341.290: Application time: 0.0558530 seconds
341.290: [GC [PSYoungGen: 14908K->1472K(15360K)] 28905K->15665K(50688K), 0.0006000 secs] [Times: user=0.01 sys=0.00, real=0.00 secs] 
341.290: Total time for which application threads were stopped: 0.0007210 seconds, Stopping threads took: 0.0000640 seconds
341.347: Application time: 0.0568990 seconds
341.347: [GC [PSYoungGen: 14780K->1184K(15360K)] 28974K->15582K(50688K), 0.0006310 secs] [Times: user=0.00 sys=0.00, real=0.00 secs] 
341.348: Total time for which application threads were stopped: 0.0007550 seconds, Stopping threads took: 0.0000650 seconds
341.405: Application time: 0.0566470 seconds
341.405: [GC [PSYoungGen: 14493K->1280K(15360K)] 28892K->15678K(50688K), 0.0006110 secs] [Times: user=0.00 sys=0.00, real=0.00 secs] 
341.405: Total time for which application threads were stopped: 0.0007220 seconds, Stopping threads took: 0.0000540 seconds
341.464: Application time: 0.0583350 seconds
341.464: [GC [PSYoungGen: 14589K->1248K(15360K)] 28987K->15646K(50688K), 0.0005890 secs] [Times: user=0.00 sys=0.00, real=0.00 secs] 
341.464: Total time for which application threads were stopped: 0.0006780 seconds, Stopping threads took: 0.0000340 seconds
341.511: Application time: 0.0462180 seconds
341.511: [GC [PSYoungGen: 14557K->1472K(15360K)] 28956K->15870K(50688K), 0.0005850 secs] [Times: user=0.01 sys=0.00, real=0.00 secs] 
341.511: Total time for which application threads were stopped: 0.0006940 seconds, Stopping threads took: 0.0000530 seconds
341.560: Application time: 0.0481390 seconds
341.560: [GC [PSYoungGen: 14783K->1536K(15360K)] 29181K->15934K(50688K), 0.0006070 secs] [Times: user=0.01 sys=0.00, real=0.01 secs] 
341.560: Total time for which application threads were stopped: 0.0007390 seconds, Stopping threads took: 0.0000730 seconds
341.616: Application time: 0.0554070 seconds
341.616: [GC [PSYoungGen: 14847K->1440K(15360K)] 29245K->15878K(50688K), 0.0006350 secs] [Times: user=0.00 sys=0.00, real=0.00 secs] 
341.616: Total time for which application threads were stopped: 0.0007530 seconds, Stopping threads took: 0.0000520 seconds
341.676: Application time: 0.0594290 seconds
341.676: [GC [PSYoungGen: 14751K->1408K(15360K)] 29189K->15846K(50688K), 0.0005710 secs] [Times: user=0.00 sys=0.00, real=0.00 secs] 
341.677: Total time for which application threads were stopped: 0.0006900 seconds, Stopping threads took: 0.0000610 seconds
341.735: Application time: 0.0587420 seconds
341.735: [GC [PSYoungGen: 14717K->1456K(15360K)] 29155K->15894K(50688K), 0.0005940 secs] [Times: user=0.00 sys=0.00, real=0.00 secs] 
341.736: Total time for which application threads were stopped: 0.0007130 seconds, Stopping threads took: 0.0000630 seconds
341.785: Application time: 0.0493670 seconds
341.785: [GC [PSYoungGen: 14766K->1616K(15360K)] 29205K->16054K(50688K), 0.0006320 secs] [Times: user=0.01 sys=0.00, real=0.00 secs] 
341.786: Total time for which application threads were stopped: 0.0007470 seconds, Stopping threads took: 0.0000570 seconds
341.833: Application time: 0.0464180 seconds
341.833: [GC [PSYoungGen: 14925K->1872K(15360K)] 29363K->16310K(50688K), 0.0006790 secs] [Times: user=0.00 sys=0.00, real=0.00 secs] 
341.833: Total time for which application threads were stopped: 0.0007800 seconds, Stopping threads took: 0.0000440 seconds
341.875: Application time: 0.0412440 seconds
341.875: [GC [PSYoungGen: 15179K->1840K(15360K)] 29617K->16278K(50688K), 0.0006520 secs] [Times: user=0.01 sys=0.00, real=0.00 secs] 
341.875: Total time for which application threads were stopped: 0.0007730 seconds, Stopping threads took: 0.0000650 seconds
341.928: Application time: 0.0528290 seconds
341.928: [GC [PSYoungGen: 15148K->1936K(15360K)] 29586K->16374K(50688K), 0.0007010 secs] [Times: user=0.00 sys=0.00, real=0.00 secs] 
341.929: Total time for which application threads were stopped: 0.0008330 seconds, Stopping threads took: 0.0000750 seconds
341.986: Application time: 0.0568020 seconds
341.986: [GC [PSYoungGen: 15247K->1648K(15360K)] 29685K->16366K(50688K), 0.0007200 secs] [Times: user=0.00 sys=0.00, real=0.00 secs] 
341.987: Total time for which application threads were stopped: 0.0008430 seconds, Stopping threads took: 0.0000630 seconds
342.045: Application time: 0.0585340 seconds
342.045: [GC [PSYoungGen: 14957K->1632K(15360K)] 29675K->16390K(50688K), 0.0006280 secs] [Times: user=0.00 sys=0.00, real=0.00 secs] 
342.046: Total time for which application threads were stopped: 0.0007400 seconds, Stopping threads took: 0.0000560 seconds
342.105: Application time: 0.0587770 seconds
342.105: [GC [PSYoungGen: 14941K->1424K(15360K)] 29699K->16403K(50688K), 0.0005720 secs] [Times: user=0.00 sys=0.00, real=0.00 secs] 
342.105: Total time for which application threads were stopped: 0.0006840 seconds, Stopping threads took: 0.0000570 seconds
342.163: Application time: 0.0580320 seconds
342.164: [GC [PSYoungGen: 14733K->1408K(15360K)] 29712K->16386K(50688K), 0.0005770 secs] [Times: user=0.00 sys=0.00, real=0.00 secs] 
342.164: Total time for which application threads were stopped: 0.0007120 seconds, Stopping threads took: 0.0000680 seconds
342.222: Application time: 0.0574740 seconds
342.222: [GC [PSYoungGen: 14718K->1168K(15360K)] 29697K->16407K(50688K), 0.0005770 secs] [Times: user=0.00 sys=0.00, real=0.00 secs] 
342.222: Total time for which application threads were stopped: 0.0006950 seconds, Stopping threads took: 0.0000640 seconds
342.279: Application time: 0.0568920 seconds
342.279: [GC [PSYoungGen: 14476K->1200K(15360K)] 29716K->16439K(50688K), 0.0005530 secs] [Times: user=0.00 sys=0.00, real=0.00 secs] 
342.280: Total time for which application threads were stopped: 0.0006700 seconds, Stopping threads took: 0.0000600 seconds
342.340: Application time: 0.0600680 seconds
342.340: [GC [PSYoungGen: 14509K->944K(15360K)] 29749K->16436K(50688K), 0.0005510 secs] [Times: user=0.00 sys=0.00, real=0.01 secs] 
342.341: Total time for which application threads were stopped: 0.0006680 seconds, Stopping threads took: 0.0000600 seconds
342.400: Application time: 0.0597110 seconds
342.400: [GC [PSYoungGen: 14253K->928K(15360K)] 29745K->16420K(50688K), 0.0005340 secs] [Times: user=0.00 sys=0.00, real=0.00 secs] 
342.401: Total time for which application threads were stopped: 0.0006580 seconds, Stopping threads took: 0.0000680 seconds
342.450: Application time: 0.0491240 seconds
342.450: [GC [PSYoungGen: 14238K->928K(15360K)] 29730K->16624K(50688K), 0.0005020 secs] [Times: user=0.00 sys=0.00, real=0.00 secs] 
342.451: Total time for which application threads were stopped: 0.0006130 seconds, Stopping threads took: 0.0000540 seconds
342.499: Application time: 0.0486510 seconds
342.500: [GC [PSYoungGen: 14239K->960K(15360K)] 29936K->16656K(50688K), 0.0005090 secs] [Times: user=0.00 sys=0.00, real=0.00 secs] 
342.501: Total time for which application threads were stopped: 0.0014260 seconds, Stopping threads took: 0.0008630 seconds
342.547: Application time: 0.0465520 seconds
342.548: [GC [PSYoungGen: 14268K->1248K(15360K)] 29964K->16944K(50688K), 0.0005650 secs] [Times: user=0.00 sys=0.00, real=0.00 secs] 
342.548: Total time for which application threads were stopped: 0.0006910 seconds, Stopping threads took: 0.0000730 seconds
342.600: Application time: 0.0516420 seconds
342.600: [GC [PSYoungGen: 14557K->1216K(15360K)] 30253K->16960K(50688K), 0.0005480 secs] [Times: user=0.01 sys=0.00, real=0.01 secs] 
342.600: Total time for which application threads were stopped: 0.0006670 seconds, Stopping threads took: 0.0000620 seconds
342.651: Application time: 0.0508570 seconds
342.651: [GC [PSYoungGen: 14525K->1376K(15360K)] 30270K->17120K(50688K), 0.0005470 secs] [Times: user=0.00 sys=0.00, real=0.00 secs] 
342.652: Total time for which application threads were stopped: 0.0006700 seconds, Stopping threads took: 0.0000670 seconds
342.697: Application time: 0.0454370 seconds
342.697: [GC [PSYoungGen: 14687K->1344K(15360K)] 30431K->17088K(50688K), 0.0006070 secs] [Times: user=0.00 sys=0.00, real=0.00 secs] 
342.698: Total time for which application threads were stopped: 0.0007200 seconds, Stopping threads took: 0.0000480 seconds
342.756: Application time: 0.0580010 seconds
342.756: [GC [PSYoungGen: 14653K->1168K(15360K)] 30398K->17157K(50688K), 0.0005360 secs] [Times: user=0.00 sys=0.00, real=0.00 secs] 
342.757: Total time for which application threads were stopped: 0.0006530 seconds, Stopping threads took: 0.0000640 seconds
342.802: Application time: 0.0457320 seconds
342.803: [GC [PSYoungGen: 14477K->1344K(15360K)] 30467K->17333K(50688K), 0.0005590 secs] [Times: user=0.00 sys=0.00, real=0.00 secs] 
342.803: Total time for which application threads were stopped: 0.0006740 seconds, Stopping threads took: 0.0000600 seconds
342.854: Application time: 0.0505180 seconds
342.854: [GC [PSYoungGen: 14655K->1344K(15360K)] 30644K->17333K(50688K), 0.0005500 secs] [Times: user=0.00 sys=0.00, real=0.00 secs] 
342.854: Total time for which application threads were stopped: 0.0006700 seconds, Stopping threads took: 0.0000640 seconds
342.893: Application time: 0.0388800 seconds
342.893: [GC [PSYoungGen: 14654K->1600K(15360K)] 30643K->17589K(50688K), 0.0005890 secs] [Times: user=0.00 sys=0.00, real=0.00 secs] 
342.894: Total time for which application threads were stopped: 0.0007010 seconds, Stopping threads took: 0.0000580 seconds
342.946: Application time: 0.0524430 seconds
342.946: [GC [PSYoungGen: 14908K->1584K(15360K)] 30897K->17573K(50688K), 0.0006470 secs] [Times: user=0.00 sys=0.00, real=0.00 secs] 
342.947: Total time for which application threads were stopped: 0.0007540 seconds, Stopping threads took: 0.0000540 seconds
343.003: Application time: 0.0558910 seconds
343.003: [GC [PSYoungGen: 14894K->1344K(15360K)] 30883K->17561K(50688K), 0.0006270 secs] [Times: user=0.00 sys=0.00, real=0.00 secs] 
343.004: Total time for which application threads were stopped: 0.0007330 seconds, Stopping threads took: 0.0000510 seconds
343.062: Application time: 0.0587350 seconds
343.063: [GC [PSYoungGen: 14653K->1232K(15360K)] 30871K->17646K(50688K), 0.0006060 secs] [Times: user=0.00 sys=0.00, real=0.00 secs] 
343.063: Total time for which application threads were stopped: 0.0007200 seconds, Stopping threads took: 0.0000560 seconds
343.120: Application time: 0.0563940 seconds
343.120: [GC [PSYoungGen: 14543K->1216K(15360K)] 30958K->17630K(50688K), 0.0006050 secs] [Times: user=0.00 sys=0.00, real=0.01 secs] 
343.121: Total time for which application threads were stopped: 0.0016950 seconds, Stopping threads took: 0.0000540 seconds
343.179: Application time: 0.0577470 seconds
343.179: [GC [PSYoungGen: 14525K->1248K(15360K)] 30939K->17662K(50688K), 0.0005890 secs] [Times: user=0.00 sys=0.00, real=0.00 secs] 
343.180: Total time for which application threads were stopped: 0.0006990 seconds, Stopping threads took: 0.0000570 seconds
343.227: Application time: 0.0472020 seconds
343.227: [GC [PSYoungGen: 14557K->1472K(15360K)] 30972K->17886K(50688K), 0.0005900 secs] [Times: user=0.01 sys=0.00, real=0.00 secs] 
343.228: Total time for which application threads were stopped: 0.0007290 seconds, Stopping threads took: 0.0000710 seconds
343.276: Application time: 0.0483170 seconds
343.276: [GC [PSYoungGen: 14783K->1504K(15360K)] 31198K->17918K(50688K), 0.0006620 secs] [Times: user=0.00 sys=0.00, real=0.00 secs] 
343.277: Total time for which application threads were stopped: 0.0007800 seconds, Stopping threads took: 0.0000620 seconds
343.333: Application time: 0.0564260 seconds
343.333: [GC [PSYoungGen: 14812K->1472K(15360K)] 31226K->17934K(50688K), 0.0005740 secs] [Times: user=0.00 sys=0.00, real=0.00 secs] 
343.334: Total time for which application threads were stopped: 0.0006860 seconds, Stopping threads took: 0.0000570 seconds
343.393: Application time: 0.0590560 seconds
343.393: [GC [PSYoungGen: 14783K->1504K(15360K)] 31245K->17966K(50688K), 0.0005880 secs] [Times: user=0.00 sys=0.00, real=0.00 secs] 
343.394: Total time for which application threads were stopped: 0.0007110 seconds, Stopping threads took: 0.0000690 seconds
343.452: Application time: 0.0585580 seconds
343.452: [GC [PSYoungGen: 14813K->1408K(15360K)] 31275K->17870K(50688K), 0.0005970 secs] [Times: user=0.01 sys=0.00, real=0.00 secs] 
343.453: Total time for which application threads were stopped: 0.0007060 seconds, Stopping threads took: 0.0000480 seconds
343.510: Application time: 0.0575130 seconds
343.511: [GC [PSYoungGen: 14715K->1680K(15360K)] 31178K->18142K(50688K), 0.0006160 secs] [Times: user=0.01 sys=0.00, real=0.00 secs] 
343.511: Total time for which application threads were stopped: 0.0007210 seconds, Stopping threads took: 0.0000480 seconds
343.553: Application time: 0.0414340 seconds
343.553: [GC [PSYoungGen: 14989K->1696K(15360K)] 31452K->18158K(50688K), 0.0006640 secs] [Times: user=0.00 sys=0.00, real=0.00 secs] 
343.553: Total time for which application threads were stopped: 0.0007730 seconds, Stopping threads took: 0.0000520 seconds
343.594: Application time: 0.0409180 seconds
343.594: [GC [PSYoungGen: 15004K->1856K(15360K)] 31466K->18318K(50688K), 0.0006930 secs] [Times: user=0.01 sys=0.00, real=0.00 secs] 
343.595: Total time for which application threads were stopped: 0.0008070 seconds, Stopping threads took: 0.0000540 seconds
343.646: Application time: 0.0504210 seconds
343.646: [GC [PSYoungGen: 15167K->1904K(15360K)] 31629K->18366K(50688K), 0.0006740 secs] [Times: user=0.00 sys=0.00, real=0.00 secs] 
343.646: Total time for which application threads were stopped: 0.0007720 seconds, Stopping threads took: 0.0000440 seconds
343.703: Application time: 0.0569090 seconds
343.703: [GC [PSYoungGen: 15213K->1648K(15360K)] 31675K->18398K(50688K), 0.0006820 secs] [Times: user=0.00 sys=0.00, real=0.00 secs] 
343.704: Total time for which application threads were stopped: 0.0007940 seconds, Stopping threads took: 0.0000530 seconds
343.762: Application time: 0.0581150 seconds
343.762: [GC [PSYoungGen: 14957K->1616K(15360K)] 31708K->18406K(50688K), 0.0006100 secs] [Times: user=0.00 sys=0.00, real=0.00 secs] 
343.763: Total time for which application threads were stopped: 0.0007360 seconds, Stopping threads took: 0.0000580 seconds
343.822: Application time: 0.0587170 seconds
343.822: [GC [PSYoungGen: 14925K->1376K(15360K)] 31716K->18390K(50688K), 0.0005940 secs] [Times: user=0.00 sys=0.00, real=0.00 secs] 
343.822: Total time for which application threads were stopped: 0.0007230 seconds, Stopping threads took: 0.0000710 seconds
343.880: Application time: 0.0579810 seconds
343.880: [GC [PSYoungGen: 14685K->1408K(15360K)] 31700K->18422K(50688K), 0.0005690 secs] [Times: user=0.00 sys=0.00, real=0.00 secs] 
343.881: Total time for which application threads were stopped: 0.0006850 seconds, Stopping threads took: 0.0000630 seconds
343.939: Application time: 0.0581740 seconds
343.939: [GC [PSYoungGen: 14716K->1184K(15360K)] 31731K->18446K(50688K), 0.0005600 secs] [Times: user=0.00 sys=0.00, real=0.00 secs] 
343.940: Total time for which application threads were stopped: 0.0006730 seconds, Stopping threads took: 0.0000590 seconds
343.996: Application time: 0.0563130 seconds
343.996: [GC [PSYoungGen: 14494K->1216K(15360K)] 31756K->18478K(50688K), 0.0005280 secs] [Times: user=0.00 sys=0.00, real=0.00 secs] 
343.997: Total time for which application threads were stopped: 0.0006520 seconds, Stopping threads took: 0.0000600 seconds
344.057: Application time: 0.0599020 seconds
344.057: [GC [PSYoungGen: 14525K->960K(15360K)] 31788K->18467K(50688K), 0.0005390 secs] [Times: user=0.00 sys=0.00, real=0.00 secs] 
344.057: Total time for which application threads were stopped: 0.0006470 seconds, Stopping threads took: 0.0000540 seconds
344.117: Application time: 0.0592820 seconds
344.117: [GC [PSYoungGen: 14269K->960K(15360K)] 31776K->18467K(50688K), 0.0004690 secs] [Times: user=0.01 sys=0.00, real=0.00 secs] 
344.117: Total time for which application threads were stopped: 0.0005790 seconds, Stopping threads took: 0.0000520 seconds
344.174: Application time: 0.0571980 seconds
344.175: [GC [PSYoungGen: 14269K->960K(15360K)] 31776K->18679K(50688K), 0.0005130 secs] [Times: user=0.01 sys=0.00, real=0.00 secs] 
344.175: Total time for which application threads were stopped: 0.0006070 seconds, Stopping threads took: 0.0000420 seconds
344.217: Application time: 0.0417980 seconds
344.217: [GC [PSYoungGen: 14271K->960K(15360K)] 31991K->18679K(50688K), 0.0005190 secs] [Times: user=0.00 sys=0.00, real=0.00 secs] 
344.217: Total time for which application threads were stopped: 0.0006400 seconds, Stopping threads took: 0.0000630 seconds
344.262: Application time: 0.0445450 seconds
344.262: [GC [PSYoungGen: 14267K->1232K(15360K)] 31987K->18951K(50688K), 0.0004910 secs] [Times: user=0.00 sys=0.00, real=0.00 secs] 
344.263: Total time for which application threads were stopped: 0.0006020 seconds, Stopping threads took: 0.0000490 seconds
344.314: Application time: 0.0512430 seconds
344.314: [GC [PSYoungGen: 14542K->1184K(15360K)] 32262K->18951K(50688K), 0.0005320 secs] [Times: user=0.00 sys=0.00, real=0.00 secs] 
344.315: Total time for which application threads were stopped: 0.0006430 seconds, Stopping threads took: 0.0000470 seconds
344.367: Application time: 0.0528310 seconds
344.367: [GC [PSYoungGen: 14496K->1344K(15360K)] 32263K->19111K(50688K), 0.0005660 secs] [Times: user=0.01 sys=0.00, real=0.00 secs] 
344.368: Total time for which application threads were stopped: 0.0006630 seconds, Stopping threads took: 0.0000420 seconds
344.411: Application time: 0.0434340 seconds
344.412: [GC [PSYoungGen: 14653K->1344K(15360K)] 32421K->19111K(50688K), 0.0005630 secs] [Times: user=0.01 sys=0.00, real=0.00 secs] 
344.412: Total time for which application threads were stopped: 0.0006700 seconds, Stopping threads took: 0.0000520 seconds
344.469: Application time: 0.0572890 seconds
344.470: [GC [PSYoungGen: 14655K->1152K(15360K)] 32423K->19164K(50688K), 0.0005530 secs] [Times: user=0.00 sys=0.00, real=0.00 secs] 
344.470: Total time for which application threads were stopped: 0.0006600 seconds, Stopping threads took: 0.0000510 seconds
344.515: Application time: 0.0444660 seconds
344.515: [GC [PSYoungGen: 14463K->1376K(15360K)] 32476K->19388K(50688K), 0.0005740 secs] [Times: user=0.01 sys=0.00, real=0.00 secs] 
344.515: Total time for which application threads were stopped: 0.0006880 seconds, Stopping threads took: 0.0000580 seconds
344.567: Application time: 0.0517690 seconds
344.567: [GC [PSYoungGen: 14687K->1312K(15360K)] 32699K->19324K(50688K), 0.0005330 secs] [Times: user=0.00 sys=0.00, real=0.00 secs] 
344.568: Total time for which application threads were stopped: 0.0006410 seconds, Stopping threads took: 0.0000510 seconds
344.610: Application time: 0.0425090 seconds
344.610: [GC [PSYoungGen: 14619K->1536K(15360K)] 32632K->19548K(50688K), 0.0005890 secs] [Times: user=0.01 sys=0.00, real=0.00 secs] 
344.611: Total time for which application threads were stopped: 0.0006910 seconds, Stopping threads took: 0.0000480 seconds
344.660: Application time: 0.0491750 seconds
344.660: [GC [PSYoungGen: 14845K->1664K(15360K)] 32858K->19676K(50688K), 0.0006180 secs] [Times: user=0.00 sys=0.00, real=0.01 secs] 
344.661: Total time for which application threads were stopped: 0.0007260 seconds, Stopping threads took: 0.0000540 seconds
344.716: Application time: 0.0555020 seconds
344.716: [GC [PSYoungGen: 14974K->1632K(15360K)] 32987K->19644K(50688K), 0.0006190 secs] [Times: user=0.00 sys=0.00, real=0.00 secs] 
344.717: Total time for which application threads were stopped: 0.0007210 seconds, Stopping threads took: 0.0000440 seconds
344.775: Application time: 0.0580460 seconds
344.775: [GC [PSYoungGen: 14941K->1152K(15360K)] 32953K->19589K(50688K), 0.0006090 secs] [Times: user=0.00 sys=0.00, real=0.00 secs] 
344.776: Total time for which application threads were stopped: 0.0007180 seconds, Stopping threads took: 0.0000530 seconds
344.832: Application time: 0.0559140 seconds
344.832: [GC [PSYoungGen: 14463K->1216K(15360K)] 32901K->19653K(50688K), 0.0006090 secs] [Times: user=0.00 sys=0.00, real=0.00 secs] 
344.832: Total time for which application threads were stopped: 0.0007270 seconds, Stopping threads took: 0.0000530 seconds
344.891: Application time: 0.0582190 seconds
344.891: [GC [PSYoungGen: 14527K->1248K(15360K)] 32964K->19685K(50688K), 0.0005860 secs] [Times: user=0.00 sys=0.00, real=0.00 secs] 
344.891: Total time for which application threads were stopped: 0.0007290 seconds, Stopping threads took: 0.0000880 seconds
344.935: Application time: 0.0434940 seconds
344.935: [GC [PSYoungGen: 14557K->1504K(15360K)] 32994K->19941K(50688K), 0.0005930 secs] [Times: user=0.00 sys=0.00, real=0.00 secs] 
344.936: Total time for which application threads were stopped: 0.0007070 seconds, Stopping threads took: 0.0000590 seconds
344.987: Application time: 0.0512080 seconds
344.987: [GC [PSYoungGen: 14815K->1536K(15360K)] 33253K->19973K(50688K), 0.0006740 secs] [Times: user=0.00 sys=0.00, real=0.00 secs] 
344.988: Total time for which application threads were stopped: 0.0007860 seconds, Stopping threads took: 0.0000560 seconds
345.043: Application time: 0.0559470 seconds
345.044: [GC [PSYoungGen: 14848K->1440K(15360K)] 33285K->19917K(50688K), 0.0006660 secs] [Times: user=0.00 sys=0.00, real=0.00 secs] 
345.044: Total time for which application threads were stopped: 0.0007770 seconds, Stopping threads took: 0.0000530 seconds
345.104: Application time: 0.0599020 seconds
345.104: [GC [PSYoungGen: 14751K->1440K(15360K)] 33228K->19917K(50688K), 0.0006170 secs] [Times: user=0.00 sys=0.00, real=0.00 secs] 
345.105: Total time for which application threads were stopped: 0.0007230 seconds, Stopping threads took: 0.0000460 seconds
345.164: Application time: 0.0593140 seconds
345.168: [GC [PSYoungGen: 14749K->1456K(15360K)] 33226K->19933K(50688K), 0.0006530 secs] [Times: user=0.01 sys=0.00, real=0.00 secs] 
345.169: Total time for which application threads were stopped: 0.0047900 seconds, Stopping threads took: 0.0040820 seconds
345.227: Application time: 0.0584570 seconds
345.228: [GC [PSYoungGen: 14767K->1376K(15360K)] 33245K->19853K(50688K), 0.0005880 secs] [Times: user=0.01 sys=0.00, real=0.00 secs] 
345.228: Total time for which application threads were stopped: 0.0006930 seconds, Stopping threads took: 0.0000490 seconds
345.269: Application time: 0.0412640 seconds
345.270: [GC [PSYoungGen: 14687K->1696K(15360K)] 33164K->20173K(50688K), 0.0006210 secs] [Times: user=0.00 sys=0.00, real=0.00 secs] 
345.270: Total time for which application threads were stopped: 0.0007410 seconds, Stopping threads took: 0.0000630 seconds
345.310: Application time: 0.0399490 seconds
345.310: [GC [PSYoungGen: 15004K->1872K(15360K)] 33481K->20349K(50688K), 0.0006680 secs] [Times: user=0.00 sys=0.00, real=0.00 secs] 
345.311: Total time for which application threads were stopped: 0.0007740 seconds, Stopping threads took: 0.0000510 seconds
345.362: Application time: 0.0506240 seconds
345.362: [GC [PSYoungGen: 15181K->1872K(15360K)] 33658K->20349K(50688K), 0.0007080 secs] [Times: user=0.01 sys=0.00, real=0.00 secs] 
345.362: Total time for which application threads were stopped: 0.0008220 seconds, Stopping threads took: 0.0000500 seconds
345.419: Application time: 0.0568790 seconds
345.419: [GC [PSYoungGen: 15180K->1824K(15360K)] 33658K->20373K(50688K), 0.0006690 secs] [Times: user=0.01 sys=0.00, real=0.00 secs] 
345.420: Total time for which application threads were stopped: 0.0007970 seconds, Stopping threads took: 0.0000680 seconds
345.478: Application time: 0.0580390 seconds
345.478: [GC [PSYoungGen: 15133K->1568K(15360K)] 33683K->20357K(50688K), 0.0006710 secs] [Times: user=0.00 sys=0.00, real=0.00 secs] 
345.479: Total time for which application threads were stopped: 0.0007840 seconds, Stopping threads took: 0.0000530 seconds
345.537: Application time: 0.0580530 seconds
345.537: [GC [PSYoungGen: 14877K->1408K(15360K)] 33667K->20402K(50688K), 0.0006300 secs] [Times: user=0.00 sys=0.00, real=0.00 secs] 
345.538: Total time for which application threads were stopped: 0.0007370 seconds, Stopping threads took: 0.0000510 seconds
345.596: Application time: 0.0580960 seconds
345.596: [GC [PSYoungGen: 14717K->1344K(15360K)] 33711K->20338K(50688K), 0.0005820 secs] [Times: user=0.01 sys=0.00, real=0.00 secs] 
345.596: Total time for which application threads were stopped: 0.0007050 seconds, Stopping threads took: 0.0000670 seconds
345.655: Application time: 0.0585240 seconds
345.655: [GC [PSYoungGen: 14655K->1200K(15360K)] 33649K->20454K(50688K), 0.0005590 secs] [Times: user=0.01 sys=0.00, real=0.00 secs] 
345.656: Total time for which application threads were stopped: 0.0006690 seconds, Stopping threads took: 0.0000540 seconds
345.712: Application time: 0.0562220 seconds
345.712: [GC [PSYoungGen: 14508K->1184K(15360K)] 33763K->20438K(50688K), 0.0005460 secs] [Times: user=0.00 sys=0.00, real=0.00 secs] 
345.713: Total time for which application threads were stopped: 0.0006590 seconds, Stopping threads took: 0.0000480 seconds
345.773: Application time: 0.0602370 seconds
345.773: [GC [PSYoungGen: 14493K->992K(15360K)] 33748K->20491K(50688K), 0.0005870 secs] [Times: user=0.00 sys=0.00, real=0.00 secs] 
345.773: Total time for which application threads were stopped: 0.0006890 seconds, Stopping threads took: 0.0000500 seconds
345.833: Application time: 0.0592390 seconds
345.833: [GC [PSYoungGen: 14301K->960K(15360K)] 33800K->20459K(50688K), 0.0005110 secs] [Times: user=0.01 sys=0.00, real=0.00 secs] 
345.833: Total time for which application threads were stopped: 0.0006190 seconds, Stopping threads took: 0.0000520 seconds
345.892: Application time: 0.0589690 seconds
345.892: [GC [PSYoungGen: 14269K->768K(15360K)] 33768K->20471K(50688K), 0.0004980 secs] [Times: user=0.00 sys=0.00, real=0.00 secs] 
345.893: Total time for which application threads were stopped: 0.0006130 seconds, Stopping threads took: 0.0000510 seconds
345.935: Application time: 0.0420200 seconds
345.935: [GC [PSYoungGen: 14079K->976K(15360K)] 33783K->20679K(50688K), 0.0005590 secs] [Times: user=0.00 sys=0.00, real=0.00 secs] 
345.936: Total time for which application threads were stopped: 0.0006890 seconds, Stopping threads took: 0.0000730 seconds
345.979: Application time: 0.0432670 seconds
345.979: [GC [PSYoungGen: 14285K->1184K(15360K)] 33989K->20887K(50688K), 0.0005230 secs] [Times: user=0.01 sys=0.00, real=0.00 secs] 
345.980: Total time for which application threads were stopped: 0.0006320 seconds, Stopping threads took: 0.0000540 seconds
346.028: Application time: 0.0489070 seconds
346.029: [GC [PSYoungGen: 14493K->1184K(15360K)] 34197K->20887K(50688K), 0.0005350 secs] [Times: user=0.00 sys=0.00, real=0.00 secs] 
346.029: Total time for which application threads were stopped: 0.0006430 seconds, Stopping threads took: 0.0000540 seconds
346.083: Application time: 0.0537900 seconds
346.083: [GC [PSYoungGen: 14493K->1344K(15360K)] 34196K->21087K(50688K), 0.0005760 secs] [Times: user=0.01 sys=0.00, real=0.00 secs] 
346.084: Total time for which application threads were stopped: 0.0006680 seconds, Stopping threads took: 0.0000370 seconds
346.126: Application time: 0.0426410 seconds
346.126: [GC [PSYoungGen: 14653K->1376K(15360K)] 34397K->21119K(50688K), 0.0005430 secs] [Times: user=0.00 sys=0.00, real=0.00 secs] 
346.127: Total time for which application threads were stopped: 0.0006620 seconds, Stopping threads took: 0.0000620 seconds
346.185: Application time: 0.0577620 seconds
346.185: [GC [PSYoungGen: 14687K->1168K(15360K)] 34431K->21148K(50688K), 0.0006290 secs] [Times: user=0.00 sys=0.00, real=0.00 secs] 
346.185: Total time for which application threads were stopped: 0.0007520 seconds, Stopping threads took: 0.0000690 seconds
346.232: Application time: 0.0467460 seconds
346.232: [GC [PSYoungGen: 14479K->1328K(15360K)] 34459K->21308K(50688K), 0.0005300 secs] [Times: user=0.00 sys=0.00, real=0.00 secs] 
346.233: Total time for which application threads were stopped: 0.0006480 seconds, Stopping threads took: 0.0000600 seconds
346.282: Application time: 0.0494740 seconds
346.282: [GC [PSYoungGen: 14637K->1312K(15360K)] 34618K->21292K(50688K), 0.0006530 secs] [Times: user=0.00 sys=0.00, real=0.00 secs] 
346.283: Total time for which application threads were stopped: 0.0007650 seconds, Stopping threads took: 0.0000550 seconds
346.323: Application time: 0.0399080 seconds
346.323: [GC [PSYoungGen: 14622K->1584K(15360K)] 34603K->21564K(50688K), 0.0006510 secs] [Times: user=0.00 sys=0.00, real=0.00 secs] 
346.324: Total time for which application threads were stopped: 0.0007590 seconds, Stopping threads took: 0.0000520 seconds
346.376: Application time: 0.0520130 seconds
346.376: [GC [PSYoungGen: 14893K->1632K(15360K)] 34873K->21612K(50688K), 0.0006160 secs] [Times: user=0.00 sys=0.00, real=0.00 secs] 
346.377: Total time for which application threads were stopped: 0.0012780 seconds, Stopping threads took: 0.0006050 seconds
346.432: Application time: 0.0550340 seconds
346.432: [GC [PSYoungGen: 14942K->1600K(15360K)] 34923K->21580K(50688K), 0.0006530 secs] [Times: user=0.00 sys=0.00, real=0.00 secs] 
346.433: Total time for which application threads were stopped: 0.0007880 seconds, Stopping threads took: 0.0000670 seconds
346.491: Application time: 0.0583910 seconds
346.491: [GC [PSYoungGen: 14909K->1168K(15360K)] 34889K->21573K(50688K), 0.0007030 secs] [Times: user=0.01 sys=0.00, real=0.00 secs] 
346.492: Total time for which application threads were stopped: 0.0008240 seconds, Stopping threads took: 0.0000660 seconds
346.548: Application time: 0.0558580 seconds
346.548: [GC [PSYoungGen: 14479K->1232K(15360K)] 34885K->21637K(50688K), 0.0005720 secs] [Times: user=0.01 sys=0.00, real=0.01 secs] 
346.549: Total time for which application threads were stopped: 0.0006860 seconds, Stopping threads took: 0.0000580 seconds
346.607: Application time: 0.0587550 seconds
346.607: [GC [PSYoungGen: 14541K->1216K(15360K)] 34947K->21621K(50688K), 0.0005600 secs] [Times: user=0.01 sys=0.00, real=0.00 secs] 
346.608: Total time for which application threads were stopped: 0.0006830 seconds, Stopping threads took: 0.0000660 seconds
346.659: Application time: 0.0506340 seconds
346.659: [GC [PSYoungGen: 14523K->1472K(15360K)] 34929K->21877K(50688K), 0.0005920 secs] [Times: user=0.00 sys=0.00, real=0.00 secs] 
346.659: Total time for which application threads were stopped: 0.0006990 seconds, Stopping threads took: 0.0000530 seconds
346.705: Application time: 0.0453190 seconds
346.708: [GC [PSYoungGen: 14783K->1488K(15360K)] 35189K->21893K(50688K), 0.0006020 secs] [Times: user=0.00 sys=0.00, real=0.00 secs] 
346.709: Total time for which application threads were stopped: 0.0042780 seconds, Stopping threads took: 0.0036200 seconds
346.765: Application time: 0.0560380 seconds
346.765: [GC [PSYoungGen: 14798K->1456K(15360K)] 35204K->21901K(50688K), 0.0006140 secs] [Times: user=0.00 sys=0.00, real=0.00 secs] 
346.766: Total time for which application threads were stopped: 0.0007430 seconds, Stopping threads took: 0.0000720 seconds
346.824: Application time: 0.0584320 seconds
346.824: [GC [PSYoungGen: 14765K->1472K(15360K)] 35211K->21917K(50688K), 0.0005790 secs] [Times: user=0.00 sys=0.00, real=0.00 secs] 
346.825: Total time for which application threads were stopped: 0.0006850 seconds, Stopping threads took: 0.0000510 seconds
346.884: Application time: 0.0589920 seconds
346.884: [GC [PSYoungGen: 14781K->1408K(15360K)] 35227K->21853K(50688K), 0.0006350 secs] [Times: user=0.01 sys=0.00, real=0.00 secs] 
346.885: Total time for which application threads were stopped: 0.0007610 seconds, Stopping threads took: 0.0000690 seconds
346.943: Application time: 0.0584290 seconds
346.943: [GC [PSYoungGen: 14717K->1408K(15360K)] 35163K->21853K(50688K), 0.0005770 secs] [Times: user=0.01 sys=0.00, real=0.00 secs] 
346.944: Total time for which application threads were stopped: 0.0007040 seconds, Stopping threads took: 0.0000620 seconds
346.989: Application time: 0.0457450 seconds
346.990: [GC [PSYoungGen: 14718K->1712K(15360K)] 35164K->22157K(50688K), 0.0006160 secs] [Times: user=0.01 sys=0.00, real=0.00 secs] 
346.990: Total time for which application threads were stopped: 0.0007270 seconds, Stopping threads took: 0.0000570 seconds
347.026: Application time: 0.0356800 seconds
347.026: [GC [PSYoungGen: 15021K->1920K(15360K)] 35467K->22365K(50688K), 0.0007420 secs] [Times: user=0.00 sys=0.00, real=0.00 secs] 
347.027: Total time for which application threads were stopped: 0.0008680 seconds, Stopping threads took: 0.0000710 seconds
347.078: Application time: 0.0509850 seconds
347.078: [GC [PSYoungGen: 15229K->1984K(15360K)] 35675K->22429K(50688K), 0.0007220 secs] [Times: user=0.01 sys=0.00, real=0.00 secs] 
347.079: Total time for which application threads were stopped: 0.0008370 seconds, Stopping threads took: 0.0000600 seconds
347.135: Application time: 0.0564250 seconds
347.135: [GC [PSYoungGen: 15294K->1840K(15360K)] 35740K->22349K(50688K), 0.0006570 secs] [Times: user=0.00 sys=0.00, real=0.00 secs] 
347.136: Total time for which application threads were stopped: 0.0007780 seconds, Stopping threads took: 0.0000560 seconds
347.194: Application time: 0.0580940 seconds
347.194: [GC [PSYoungGen: 15149K->1568K(15360K)] 35659K->22322K(50688K), 0.0006640 secs] [Times: user=0.01 sys=0.00, real=0.00 secs] 
347.195: Total time for which application threads were stopped: 0.0007710 seconds, Stopping threads took: 0.0000500 seconds
347.253: Application time: 0.0582690 seconds
347.253: [GC [PSYoungGen: 14879K->1408K(15360K)] 35633K->22374K(50688K), 0.0006640 secs] [Times: user=0.00 sys=0.00, real=0.00 secs] 
347.254: Total time for which application threads were stopped: 0.0007830 seconds, Stopping threads took: 0.0000630 seconds
347.313: Application time: 0.0595530 seconds
347.313: [GC [PSYoungGen: 14717K->1408K(15360K)] 35684K->22374K(50688K), 0.0006430 secs] [Times: user=0.00 sys=0.00, real=0.00 secs] 
347.314: Total time for which application threads were stopped: 0.0007700 seconds, Stopping threads took: 0.0000710 seconds
347.372: Application time: 0.0581280 seconds
347.372: [GC [PSYoungGen: 14717K->1168K(15360K)] 35684K->22366K(50688K), 0.0006380 secs] [Times: user=0.00 sys=0.00, real=0.00 secs] 
347.373: Total time for which application threads were stopped: 0.0007730 seconds, Stopping threads took: 0.0000760 seconds
347.428: Application time: 0.0550110 seconds
347.428: [GC [PSYoungGen: 14476K->1216K(15360K)] 35674K->22414K(50688K), 0.0005420 secs] [Times: user=0.01 sys=0.00, real=0.01 secs] 
347.429: Total time for which application threads were stopped: 0.0006550 seconds, Stopping threads took: 0.0000540 seconds
347.488: Application time: 0.0597610 seconds
347.492: [GC [PSYoungGen: 14525K->896K(15360K)] 35724K->22331K(50688K), 0.0005840 secs] [Times: user=0.00 sys=0.00, real=0.00 secs] 
347.493: Total time for which application threads were stopped: 0.0045430 seconds, Stopping threads took: 0.0038950 seconds
347.552: Application time: 0.0591230 seconds
347.552: [GC [PSYoungGen: 14205K->960K(15360K)] 35640K->22395K(50688K), 0.0004960 secs] [Times: user=0.00 sys=0.00, real=0.00 secs] 
347.553: Total time for which application threads were stopped: 0.0006320 seconds, Stopping threads took: 0.0000760 seconds
347.612: Application time: 0.0590350 seconds
347.612: [GC [PSYoungGen: 14269K->736K(15360K)] 35704K->22383K(50688K), 0.0005050 secs] [Times: user=0.00 sys=0.00, real=0.00 secs] 
347.612: Total time for which application threads were stopped: 0.0006130 seconds, Stopping threads took: 0.0000500 seconds
347.657: Application time: 0.0444080 seconds
347.657: [GC [PSYoungGen: 14045K->960K(15360K)] 35692K->22607K(50688K), 0.0005040 secs] [Times: user=0.01 sys=0.00, real=0.00 secs] 
347.657: Total time for which application threads were stopped: 0.0006200 seconds, Stopping threads took: 0.0000580 seconds
347.700: Application time: 0.0430350 seconds
347.700: [GC [PSYoungGen: 14271K->1152K(15360K)] 35919K->22799K(50688K), 0.0005740 secs] [Times: user=0.00 sys=0.00, real=0.00 secs] 
347.701: Total time for which application threads were stopped: 0.0006760 seconds, Stopping threads took: 0.0000490 seconds
347.748: Application time: 0.0473810 seconds
347.749: [GC [PSYoungGen: 14463K->1184K(15360K)] 36111K->22831K(50688K), 0.0005490 secs] [Times: user=0.01 sys=0.00, real=0.00 secs] 
347.749: Total time for which application threads were stopped: 0.0006470 seconds, Stopping threads took: 0.0000440 seconds
347.800: Application time: 0.0513120 seconds
347.801: [GC [PSYoungGen: 14492K->1312K(15360K)] 36140K->23008K(50688K), 0.0006340 secs] [Times: user=0.01 sys=0.00, real=0.00 secs] 
347.801: Total time for which application threads were stopped: 0.0007400 seconds, Stopping threads took: 0.0000510 seconds
347.845: Application time: 0.0443240 seconds
347.846: [GC [PSYoungGen: 14623K->1376K(15360K)] 36319K->23072K(50688K), 0.0005740 secs] [Times: user=0.00 sys=0.00, real=0.00 secs] 
347.846: Total time for which application threads were stopped: 0.0006820 seconds, Stopping threads took: 0.0000520 seconds
347.903: Application time: 0.0569420 seconds
347.903: [GC [PSYoungGen: 14687K->1312K(15360K)] 36383K->23048K(50688K), 0.0005750 secs] [Times: user=0.00 sys=0.00, real=0.00 secs] 
347.904: Total time for which application threads were stopped: 0.0007020 seconds, Stopping threads took: 0.0000710 seconds
347.950: Application time: 0.0460630 seconds
347.950: [GC [PSYoungGen: 14621K->1328K(15360K)] 36357K->23260K(50688K), 0.0005920 secs] [Times: user=0.01 sys=0.00, real=0.00 secs] 
347.951: Total time for which application threads were stopped: 0.0006900 seconds, Stopping threads took: 0.0000420 seconds
348.000: Application time: 0.0495140 seconds
348.000: [GC [PSYoungGen: 14573K->1344K(15360K)] 36505K->23276K(50688K), 0.0005660 secs] [Times: user=0.00 sys=0.00, real=0.01 secs] 
348.001: Total time for which application threads were stopped: 0.0006970 seconds, Stopping threads took: 0.0000640 seconds
348.041: Application time: 0.0402730 seconds
348.041: [GC [PSYoungGen: 14653K->1504K(15360K)] 36585K->23436K(50688K), 0.0006500 secs] [Times: user=0.01 sys=0.00, real=0.00 secs] 
348.042: Total time for which application threads were stopped: 0.0007660 seconds, Stopping threads took: 0.0000600 seconds
348.095: Application time: 0.0532190 seconds
348.095: [GC [PSYoungGen: 14813K->1600K(15360K)] 36746K->23532K(50688K), 0.0006440 secs] [Times: user=0.00 sys=0.00, real=0.00 secs] 
348.096: Total time for which application threads were stopped: 0.0007600 seconds, Stopping threads took: 0.0000590 seconds
348.152: Application time: 0.0562330 seconds
348.152: [GC [PSYoungGen: 14910K->1664K(15360K)] 36843K->23596K(50688K), 0.0006560 secs] [Times: user=0.00 sys=0.00, real=0.00 secs] 
348.154: Total time for which application threads were stopped: 0.0017160 seconds, Stopping threads took: 0.0000470 seconds
348.212: Application time: 0.0581940 seconds
348.212: [GC [PSYoungGen: 14975K->1248K(15360K)] 36908K->23597K(50688K), 0.0006460 secs] [Times: user=0.00 sys=0.00, real=0.00 secs] 
348.213: Total time for which application threads were stopped: 0.0007680 seconds, Stopping threads took: 0.0000650 seconds
348.269: Application time: 0.0558870 seconds
348.269: [GC [PSYoungGen: 14557K->1296K(15360K)] 36906K->23645K(50688K), 0.0005570 secs] [Times: user=0.00 sys=0.00, real=0.00 secs] 
348.269: Total time for which application threads were stopped: 0.0006580 seconds, Stopping threads took: 0.0000470 seconds
348.328: Application time: 0.0583830 seconds
348.328: [GC [PSYoungGen: 14605K->1328K(15360K)] 36955K->23677K(50688K), 0.0006090 secs] [Times: user=0.00 sys=0.00, real=0.01 secs] 
348.328: Total time for which application threads were stopped: 0.0007470 seconds, Stopping threads took: 0.0000800 seconds
348.381: Application time: 0.0528440 seconds
348.381: [GC [PSYoungGen: 14636K->1504K(15360K)] 36985K->23853K(50688K), 0.0005760 secs] [Times: user=0.00 sys=0.00, real=0.00 secs] 
348.382: Total time for which application threads were stopped: 0.0006720 seconds, Stopping threads took: 0.0000390 seconds
348.425: Application time: 0.0427450 seconds
348.425: [GC [PSYoungGen: 14811K->1504K(15360K)] 37161K->23853K(50688K), 0.0005970 secs] [Times: user=0.01 sys=0.00, real=0.00 secs] 
348.425: Total time for which application threads were stopped: 0.0007070 seconds, Stopping threads took: 0.0000540 seconds
348.482: Application time: 0.0562680 seconds
348.482: [GC [PSYoungGen: 14816K->1328K(15360K)] 37165K->23733K(50688K), 0.0005770 secs] [Times: user=0.00 sys=0.00, real=0.00 secs] 
348.482: Total time for which application threads were stopped: 0.0006870 seconds, Stopping threads took: 0.0000500 seconds
348.540: Application time: 0.0580980 seconds
348.541: [GC [PSYoungGen: 14636K->1392K(15360K)] 37041K->23797K(50688K), 0.0005910 secs] [Times: user=0.00 sys=0.00, real=0.00 secs] 
348.541: Total time for which application threads were stopped: 0.0007230 seconds, Stopping threads took: 0.0000660 seconds
348.601: Application time: 0.0594780 seconds
348.601: [GC [PSYoungGen: 14701K->1440K(15360K)] 37107K->23845K(50688K), 0.0005930 secs] [Times: user=0.01 sys=0.00, real=0.00 secs] 
348.601: Total time for which application threads were stopped: 0.0007240 seconds, Stopping threads took: 0.0000670 seconds
348.661: Application time: 0.0593420 seconds
348.661: [GC [PSYoungGen: 14749K->1440K(15360K)] 37155K->23845K(50688K), 0.0005720 secs] [Times: user=0.01 sys=0.00, real=0.00 secs] 
348.661: Total time for which application threads were stopped: 0.0006860 seconds, Stopping threads took: 0.0000610 seconds
348.706: Application time: 0.0448640 seconds
348.706: [GC [PSYoungGen: 14747K->1696K(15360K)] 37153K->24101K(50688K), 0.0006440 secs] [Times: user=0.00 sys=0.00, real=0.00 secs] 
348.707: Total time for which application threads were stopped: 0.0007500 seconds, Stopping threads took: 0.0000480 seconds
348.745: Application time: 0.0382960 seconds
348.745: [GC [PSYoungGen: 15004K->1856K(15360K)] 37409K->24261K(50688K), 0.0006860 secs] [Times: user=0.01 sys=0.00, real=0.00 secs] 
348.746: Total time for which application threads were stopped: 0.0008160 seconds, Stopping threads took: 0.0000720 seconds
348.797: Application time: 0.0507520 seconds
348.797: [GC [PSYoungGen: 15168K->1728K(15360K)] 37573K->24133K(50688K), 0.0006300 secs] [Times: user=0.00 sys=0.00, real=0.00 secs] 
348.798: Total time for which application threads were stopped: 0.0007620 seconds, Stopping threads took: 0.0000780 seconds
348.853: Application time: 0.0554630 seconds
348.853: [GC [PSYoungGen: 15037K->1936K(15360K)] 37443K->24381K(50688K), 0.0007030 secs] [Times: user=0.00 sys=0.00, real=0.00 secs] 
348.854: Total time for which application threads were stopped: 0.0008050 seconds, Stopping threads took: 0.0000470 seconds
348.912: Application time: 0.0584580 seconds
348.912: [GC [PSYoungGen: 15245K->1600K(15360K)] 37691K->24330K(50688K), 0.0006860 secs] [Times: user=0.00 sys=0.00, real=0.00 secs] 
348.913: Total time for which application threads were stopped: 0.0008120 seconds, Stopping threads took: 0.0000680 seconds
348.971: Application time: 0.0582070 seconds
348.972: [GC [PSYoungGen: 14909K->1408K(15360K)] 37639K->24342K(50688K), 0.0006480 secs] [Times: user=0.01 sys=0.00, real=0.00 secs] 
348.972: Total time for which application threads were stopped: 0.0007730 seconds, Stopping threads took: 0.0000690 seconds
349.030: Application time: 0.0580240 seconds
349.030: [GC [PSYoungGen: 14717K->1440K(15360K)] 37652K->24374K(50688K), 0.0006180 secs] [Times: user=0.00 sys=0.00, real=0.00 secs] 
349.031: Total time for which application threads were stopped: 0.0007220 seconds, Stopping threads took: 0.0000500 seconds
349.090: Application time: 0.0590750 seconds
349.090: [GC [PSYoungGen: 14751K->1248K(15360K)] 37686K->24427K(50688K), 0.0006290 secs] [Times: user=0.00 sys=0.00, real=0.00 secs] 
349.091: Total time for which application threads were stopped: 0.0007740 seconds, Stopping threads took: 0.0000840 seconds
349.147: Application time: 0.0564950 seconds
349.147: [GC [PSYoungGen: 14558K->1184K(15360K)] 37738K->24363K(50688K), 0.0005250 secs] [Times: user=0.00 sys=0.00, real=0.00 secs] 
349.148: Total time for which application threads were stopped: 0.0006320 seconds, Stopping threads took: 0.0000480 seconds
349.206: Application time: 0.0579770 seconds
349.206: [GC [PSYoungGen: 14492K->1024K(15360K)] 37672K->24416K(50688K), 0.0005810 secs] [Times: user=0.00 sys=0.00, real=0.00 secs] 
349.207: Total time for which application threads were stopped: 0.0006950 seconds, Stopping threads took: 0.0000530 seconds
349.266: Application time: 0.0594610 seconds
349.266: [GC [PSYoungGen: 14333K->992K(15360K)] 37725K->24448K(50688K), 0.0005410 secs] [Times: user=0.01 sys=0.00, real=0.00 secs] 
349.267: Total time for which application threads were stopped: 0.0006530 seconds, Stopping threads took: 0.0000510 seconds
349.326: Application time: 0.0588210 seconds
349.326: [GC [PSYoungGen: 14301K->800K(15360K)] 37757K->24476K(50688K), 0.0005370 secs] [Times: user=0.00 sys=0.00, real=0.00 secs] 
349.326: Total time for which application threads were stopped: 0.0006520 seconds, Stopping threads took: 0.0000560 seconds
349.373: Application time: 0.0468310 seconds
349.373: [GC [PSYoungGen: 14107K->992K(15360K)] 37784K->24668K(50688K), 0.0005340 secs] [Times: user=0.00 sys=0.00, real=0.00 secs] 
349.374: Total time for which application threads were stopped: 0.0006660 seconds, Stopping threads took: 0.0000770 seconds
349.424: Application time: 0.0499730 seconds
349.424: [GC [PSYoungGen: 14300K->1184K(15360K)] 37976K->24860K(50688K), 0.0005350 secs] [Times: user=0.00 sys=0.00, real=0.00 secs] 
349.424: Total time for which application threads were stopped: 0.0006460 seconds, Stopping threads took: 0.0000540 seconds
349.465: Application time: 0.0408670 seconds
349.468: [GC [PSYoungGen: 14491K->1184K(15360K)] 38168K->24860K(50688K), 0.0005520 secs] [Times: user=0.00 sys=0.00, real=0.00 secs] 
349.469: Total time for which application threads were stopped: 0.0036990 seconds, Stopping threads took: 0.0030880 seconds
349.521: Application time: 0.0517190 seconds
349.521: [GC [PSYoungGen: 14493K->1408K(15360K)] 38170K->25132K(50688K), 0.0005630 secs] [Times: user=0.01 sys=0.00, real=0.00 secs] 
349.521: Total time for which application threads were stopped: 0.0006860 seconds, Stopping threads took: 0.0000690 seconds
349.563: Application time: 0.0421930 seconds
349.564: [GC [PSYoungGen: 14719K->1552K(15360K)] 38443K->25276K(50688K), 0.0005730 secs] [Times: user=0.01 sys=0.00, real=0.00 secs] 
349.564: Total time for which application threads were stopped: 0.0007120 seconds, Stopping threads took: 0.0000820 seconds
349.621: Application time: 0.0565560 seconds
349.621: [GC [PSYoungGen: 14860K->1312K(15360K)] 38585K->25076K(50688K), 0.0006430 secs] [Times: user=0.00 sys=0.00, real=0.00 secs] 
349.622: Total time for which application threads were stopped: 0.0007680 seconds, Stopping threads took: 0.0000580 seconds
349.671: Application time: 0.0495790 seconds
349.671: [GC [PSYoungGen: 14622K->1312K(15360K)] 38386K->25284K(50688K), 0.0005980 secs] [Times: user=0.00 sys=0.00, real=0.00 secs] 
349.672: Total time for which application threads were stopped: 0.0007220 seconds, Stopping threads took: 0.0000680 seconds
349.718: Application time: 0.0457990 seconds
349.718: [GC [PSYoungGen: 14621K->1504K(15360K)] 38594K->25476K(50688K), 0.0006670 secs] [Times: user=0.00 sys=0.00, real=0.00 secs] 
349.718: Total time for which application threads were stopped: 0.0007930 seconds, Stopping threads took: 0.0000660 seconds
349.759: Application time: 0.0409410 seconds
349.759: [GC [PSYoungGen: 14813K->1504K(15360K)] 38786K->25476K(50688K), 0.0006060 secs] [Times: user=0.00 sys=0.00, real=0.00 secs] 
349.760: Total time for which application threads were stopped: 0.0007110 seconds, Stopping threads took: 0.0000490 seconds
349.813: Application time: 0.0524980 seconds
349.813: [GC [PSYoungGen: 14815K->1664K(15360K)] 38788K->25636K(50688K), 0.0006680 secs] [Times: user=0.00 sys=0.00, real=0.00 secs] 
349.813: Total time for which application threads were stopped: 0.0007780 seconds, Stopping threads took: 0.0000550 seconds
349.869: Application time: 0.0552500 seconds
349.869: [GC [PSYoungGen: 14974K->1664K(15360K)] 38946K->25636K(50688K), 0.0006340 secs] [Times: user=0.00 sys=0.00, real=0.00 secs] 
349.869: Total time for which application threads were stopped: 0.0007580 seconds, Stopping threads took: 0.0000680 seconds
349.928: Application time: 0.0583750 seconds
349.928: [GC [PSYoungGen: 14973K->1440K(15360K)] 38946K->25617K(50688K), 0.0006310 secs] [Times: user=0.00 sys=0.00, real=0.01 secs] 
349.929: Total time for which application threads were stopped: 0.0007550 seconds, Stopping threads took: 0.0000650 seconds
349.985: Application time: 0.0560580 seconds
349.985: [GC [PSYoungGen: 14748K->1296K(15360K)] 38926K->25685K(50688K), 0.0006190 secs] [Times: user=0.00 sys=0.00, real=0.00 secs] 
349.985: Total time for which application threads were stopped: 0.0007360 seconds, Stopping threads took: 0.0000620 seconds
350.044: Application time: 0.0582770 seconds
350.044: [GC [PSYoungGen: 14607K->1248K(15360K)] 38997K->25637K(50688K), 0.0005910 secs] [Times: user=0.00 sys=0.00, real=0.00 secs] 
350.044: Total time for which application threads were stopped: 0.0007280 seconds, Stopping threads took: 0.0000720 seconds
350.101: Application time: 0.0562710 seconds
350.101: [GC [PSYoungGen: 14559K->1456K(15360K)] 38948K->25845K(50688K), 0.0005650 secs] [Times: user=0.00 sys=0.00, real=0.00 secs] 
350.101: Total time for which application threads were stopped: 0.0006920 seconds, Stopping threads took: 0.0000700 seconds
350.142: Application time: 0.0408720 seconds
350.142: [GC [PSYoungGen: 14763K->1536K(15360K)] 39153K->25925K(50688K), 0.0006570 secs] [Times: user=0.00 sys=0.00, real=0.00 secs] 
350.143: Total time for which application threads were stopped: 0.0007750 seconds, Stopping threads took: 0.0000540 seconds
350.198: Application time: 0.0549730 seconds
350.198: [GC [PSYoungGen: 14844K->1504K(15360K)] 39234K->25893K(50688K), 0.0006210 secs] [Times: user=0.00 sys=0.00, real=0.00 secs] 
350.199: Total time for which application threads were stopped: 0.0007330 seconds, Stopping threads took: 0.0000570 seconds
350.257: Application time: 0.0582400 seconds
350.257: [GC [PSYoungGen: 14812K->1472K(15360K)] 39202K->25909K(50688K), 0.0006370 secs] [Times: user=0.01 sys=0.00, real=0.00 secs] 
350.258: Total time for which application threads were stopped: 0.0007450 seconds, Stopping threads took: 0.0000480 seconds
350.318: Application time: 0.0603930 seconds
350.318: [GC [PSYoungGen: 14781K->1408K(15360K)] 39219K->25845K(50688K), 0.0005830 secs] [Times: user=0.00 sys=0.00, real=0.00 secs] 
350.319: Total time for which application threads were stopped: 0.0006920 seconds, Stopping threads took: 0.0000550 seconds
350.377: Application time: 0.0581440 seconds
350.377: [GC [PSYoungGen: 14717K->1376K(15360K)] 39155K->25813K(50688K), 0.0005800 secs] [Times: user=0.00 sys=0.00, real=0.00 secs] 
350.378: Total time for which application threads were stopped: 0.0006880 seconds, Stopping threads took: 0.0000530 seconds
350.421: Application time: 0.0430510 seconds
350.421: [GC [PSYoungGen: 14686K->1696K(15360K)] 39123K->26133K(50688K), 0.0006740 secs] [Times: user=0.00 sys=0.00, real=0.00 secs] 
350.421: Total time for which application threads were stopped: 0.0007870 seconds, Stopping threads took: 0.0000570 seconds
350.461: Application time: 0.0398440 seconds
350.461: [GC [PSYoungGen: 15006K->1904K(15360K)] 39444K->26341K(50688K), 0.0006880 secs] [Times: user=0.01 sys=0.00, real=0.00 secs] 
350.462: Total time for which application threads were stopped: 0.0008040 seconds, Stopping threads took: 0.0000570 seconds
350.512: Application time: 0.0503870 seconds
350.513: [GC [PSYoungGen: 15213K->1936K(15360K)] 39651K->26373K(50688K), 0.0007200 secs] [Times: user=0.00 sys=0.00, real=0.00 secs] 
350.513: Total time for which application threads were stopped: 0.0008200 seconds, Stopping threads took: 0.0000460 seconds
350.569: Application time: 0.0553350 seconds
350.569: [GC [PSYoungGen: 15246K->1872K(15360K)] 39684K->26309K(50688K), 0.0006790 secs] [Times: user=0.01 sys=0.00, real=0.00 secs] 
350.569: Total time for which application threads were stopped: 0.0007880 seconds, Stopping threads took: 0.0000550 seconds
350.628: Application time: 0.0581850 seconds
350.628: [GC [PSYoungGen: 15181K->1584K(15360K)] 39619K->26322K(50688K), 0.0007210 secs] [Times: user=0.00 sys=0.00, real=0.01 secs] 
350.628: Total time for which application threads were stopped: 0.0008430 seconds, Stopping threads took: 0.0000620 seconds
350.687: Application time: 0.0588440 seconds
350.687: [GC [PSYoungGen: 14895K->1408K(15360K)] 39633K->26359K(50688K), 0.0006920 secs] [Times: user=0.00 sys=0.00, real=0.00 secs] 
350.688: Total time for which application threads were stopped: 0.0008380 seconds, Stopping threads took: 0.0000740 seconds
350.747: Application time: 0.0587740 seconds
350.747: [GC [PSYoungGen: 14717K->1376K(15360K)] 39668K->26327K(50688K), 0.0005940 secs] [Times: user=0.00 sys=0.00, real=0.00 secs] 
350.748: Total time for which application threads were stopped: 0.0007260 seconds, Stopping threads took: 0.0000740 seconds
350.805: Application time: 0.0578200 seconds
350.806: [GC [PSYoungGen: 14685K->1120K(15360K)] 39636K->26307K(50688K), 0.0006720 secs] [Times: user=0.00 sys=0.00, real=0.00 secs] 
350.806: Total time for which application threads were stopped: 0.0007930 seconds, Stopping threads took: 0.0000630 seconds
350.862: Application time: 0.0560970 seconds
350.862: [GC [PSYoungGen: 14430K->1152K(15360K)] 39617K->26339K(50688K), 0.0005210 secs] [Times: user=0.00 sys=0.00, real=0.00 secs] 
350.863: Total time for which application threads were stopped: 0.0006340 seconds, Stopping threads took: 0.0000570 seconds
350.921: Application time: 0.0583490 seconds
350.921: [GC [PSYoungGen: 14460K->1024K(15360K)] 39648K->26432K(50688K), 0.0005750 secs] [Times: user=0.01 sys=0.00, real=0.00 secs] 
350.922: Total time for which application threads were stopped: 0.0007020 seconds, Stopping threads took: 0.0000720 seconds
350.981: Application time: 0.0589830 seconds
350.981: [GC [PSYoungGen: 14333K->896K(15360K)] 39741K->26352K(50688K), 0.0005300 secs] [Times: user=0.00 sys=0.00, real=0.00 secs] 
350.982: Total time for which application threads were stopped: 0.0006710 seconds, Stopping threads took: 0.0000860 seconds
351.041: Application time: 0.0588390 seconds
351.041: [GC [PSYoungGen: 14205K->736K(15360K)] 39661K->26412K(50688K), 0.0005510 secs] [Times: user=0.00 sys=0.00, real=0.00 secs] 
351.041: Total time for which application threads were stopped: 0.0006580 seconds, Stopping threads took: 0.0000520 seconds
351.088: Application time: 0.0467540 seconds
351.088: [GC [PSYoungGen: 14043K->960K(15360K)] 39720K->26636K(50688K), 0.0005090 secs] [Times: user=0.00 sys=0.00, real=0.01 secs] 
351.089: Total time for which application threads were stopped: 0.0006320 seconds, Stopping threads took: 0.0000670 seconds
351.140: Application time: 0.0512290 seconds
351.140: [GC [PSYoungGen: 14269K->960K(15360K)] 39945K->26636K(50688K), 0.0005660 secs] [Times: user=0.00 sys=0.00, real=0.01 secs] 
351.140: Total time for which application threads were stopped: 0.0006840 seconds, Stopping threads took: 0.0000610 seconds
351.182: Application time: 0.0418850 seconds
351.182: [GC [PSYoungGen: 14269K->1296K(15360K)] 39946K->26972K(50688K), 0.0005840 secs] [Times: user=0.00 sys=0.00, real=0.00 secs] 
351.183: Total time for which application threads were stopped: 0.0007170 seconds, Stopping threads took: 0.0000760 seconds
351.236: Application time: 0.0530840 seconds
351.236: [GC [PSYoungGen: 14567K->1248K(15360K)] 40244K->26972K(50688K), 0.0005570 secs] [Times: user=0.00 sys=0.00, real=0.00 secs] 
351.237: Total time for which application threads were stopped: 0.0006890 seconds, Stopping threads took: 0.0000650 seconds
351.278: Application time: 0.0408460 seconds
351.278: [GC [PSYoungGen: 14558K->1408K(15360K)] 40283K->27132K(50688K), 0.0005840 secs] [Times: user=0.00 sys=0.00, real=0.00 secs] 
351.278: Total time for which application threads were stopped: 0.0007070 seconds, Stopping threads took: 0.0000660 seconds
351.334: Application time: 0.0556630 seconds
351.334: [GC [PSYoungGen: 14719K->1296K(15360K)] 40444K->27072K(50688K), 0.0006490 secs] [Times: user=0.00 sys=0.00, real=0.00 secs] 
351.335: Total time for which application threads were stopped: 0.0007760 seconds, Stopping threads took: 0.0000690 seconds
351.385: Application time: 0.0502560 seconds
351.385: [GC [PSYoungGen: 14605K->1280K(15360K)] 40382K->27264K(50688K), 0.0006570 secs] [Times: user=0.00 sys=0.00, real=0.00 secs] 
351.386: Total time for which application threads were stopped: 0.0007750 seconds, Stopping threads took: 0.0000620 seconds
351.430: Application time: 0.0442460 seconds
351.430: [GC [PSYoungGen: 14592K->1504K(15360K)] 40576K->27488K(50688K), 0.0005840 secs] [Times: user=0.00 sys=0.00, real=0.00 secs] 
351.431: Total time for which application threads were stopped: 0.0006990 seconds, Stopping threads took: 0.0000580 seconds
351.472: Application time: 0.0410960 seconds
351.472: [GC [PSYoungGen: 14815K->1568K(15360K)] 40800K->27552K(50688K), 0.0006190 secs] [Times: user=0.00 sys=0.00, real=0.00 secs] 
351.473: Total time for which application threads were stopped: 0.0007600 seconds, Stopping threads took: 0.0000750 seconds
351.524: Application time: 0.0514170 seconds
351.524: [GC [PSYoungGen: 14879K->1600K(15360K)] 40864K->27584K(50688K), 0.0006840 secs] [Times: user=0.00 sys=0.01, real=0.00 secs] 
351.525: Total time for which application threads were stopped: 0.0008120 seconds, Stopping threads took: 0.0000680 seconds
351.581: Application time: 0.0557550 seconds
351.581: [GC [PSYoungGen: 14908K->1600K(15360K)] 40893K->27584K(50688K), 0.0006770 secs] [Times: user=0.01 sys=0.00, real=0.00 secs] 
351.581: Total time for which application threads were stopped: 0.0007840 seconds, Stopping threads took: 0.0000530 seconds
351.638: Application time: 0.0568600 seconds
351.638: [GC [PSYoungGen: 14911K->1472K(15360K)] 40896K->27661K(50688K), 0.0006050 secs] [Times: user=0.00 sys=0.00, real=0.00 secs] 
351.639: Total time for which application threads were stopped: 0.0007200 seconds, Stopping threads took: 0.0000550 seconds
351.695: Application time: 0.0558910 seconds
351.695: [GC [PSYoungGen: 14781K->1264K(15360K)] 40970K->27677K(50688K), 0.0005950 secs] [Times: user=0.00 sys=0.00, real=0.00 secs] 
351.696: Total time for which application threads were stopped: 0.0007120 seconds, Stopping threads took: 0.0000590 seconds
351.754: Application time: 0.0580020 seconds
351.754: [GC [PSYoungGen: 14573K->1216K(15360K)] 40986K->27629K(50688K), 0.0005550 secs] [Times: user=0.00 sys=0.00, real=0.00 secs] 
351.754: Total time for which application threads were stopped: 0.0006900 seconds, Stopping threads took: 0.0000710 seconds
351.810: Application time: 0.0558650 seconds
351.810: [GC [PSYoungGen: 14526K->1488K(15360K)] 40939K->27901K(50688K), 0.0005700 secs] [Times: user=0.00 sys=0.00, real=0.00 secs] 
351.811: Total time for which application threads were stopped: 0.0006780 seconds, Stopping threads took: 0.0000550 seconds
351.853: Application time: 0.0421770 seconds
351.853: [GC [PSYoungGen: 14798K->1472K(15360K)] 41211K->27885K(50688K), 0.0006500 secs] [Times: user=0.00 sys=0.00, real=0.00 secs] 
351.854: Total time for which application threads were stopped: 0.0007650 seconds, Stopping threads took: 0.0000590 seconds
351.910: Application time: 0.0562050 seconds
351.910: [GC [PSYoungGen: 14782K->1504K(15360K)] 41196K->27917K(50688K), 0.0006200 secs] [Times: user=0.00 sys=0.00, real=0.00 secs] 
351.911: Total time for which application threads were stopped: 0.0007420 seconds, Stopping threads took: 0.0000640 seconds
351.969: Application time: 0.0577710 seconds
351.969: [GC [PSYoungGen: 14812K->1472K(15360K)] 41226K->27933K(50688K), 0.0006320 secs] [Times: user=0.00 sys=0.00, real=0.00 secs] 
351.969: Total time for which application threads were stopped: 0.0007360 seconds, Stopping threads took: 0.0000470 seconds
352.028: Application time: 0.0590540 seconds
352.028: [GC [PSYoungGen: 14781K->1392K(15360K)] 41242K->27853K(50688K), 0.0006160 secs] [Times: user=0.01 sys=0.00, real=0.00 secs] 
352.029: Total time for which application threads were stopped: 0.0007350 seconds, Stopping threads took: 0.0000620 seconds
352.087: Application time: 0.0583700 seconds
352.088: [GC [PSYoungGen: 14701K->1472K(15360K)] 41162K->27933K(50688K), 0.0005990 secs] [Times: user=0.01 sys=0.00, real=0.00 secs] 
352.088: Total time for which application threads were stopped: 0.0007130 seconds, Stopping threads took: 0.0000580 seconds
352.131: Application time: 0.0430370 seconds
352.131: [GC [PSYoungGen: 14779K->1680K(15360K)] 41241K->28141K(50688K), 0.0006510 secs] [Times: user=0.00 sys=0.00, real=0.00 secs] 
352.132: Total time for which application threads were stopped: 0.0007720 seconds, Stopping threads took: 0.0000620 seconds
352.171: Application time: 0.0389360 seconds
352.171: [GC [PSYoungGen: 14990K->1888K(15360K)] 41452K->28349K(50688K), 0.0007050 secs] [Times: user=0.01 sys=0.00, real=0.00 secs] 
352.172: Total time for which application threads were stopped: 0.0008090 seconds, Stopping threads took: 0.0000460 seconds
352.223: Application time: 0.0513520 seconds
352.223: [GC [PSYoungGen: 15197K->1856K(15360K)] 41659K->28317K(50688K), 0.0006960 secs] [Times: user=0.00 sys=0.00, real=0.00 secs] 
352.224: Total time for which application threads were stopped: 0.0008120 seconds, Stopping threads took: 0.0000610 seconds
352.279: Application time: 0.0551380 seconds
352.279: [GC [PSYoungGen: 15166K->1936K(15360K)] 41628K->28397K(50688K), 0.0007130 secs] [Times: user=0.01 sys=0.00, real=0.00 secs] 
352.280: Total time for which application threads were stopped: 0.0008070 seconds, Stopping threads took: 0.0000270 seconds
352.338: Application time: 0.0585820 seconds
352.339: [GC [PSYoungGen: 15245K->1648K(15360K)] 41706K->28426K(50688K), 0.0006910 secs] [Times: user=0.01 sys=0.00, real=0.00 secs] 
352.339: Total time for which application threads were stopped: 0.0008050 seconds, Stopping threads took: 0.0000550 seconds
352.397: Application time: 0.0581320 seconds
352.397: [GC [PSYoungGen: 14957K->1584K(15360K)] 41735K->28362K(50688K), 0.0006680 secs] [Times: user=0.00 sys=0.00, real=0.00 secs] 
352.398: Total time for which application threads were stopped: 0.0007990 seconds, Stopping threads took: 0.0000740 seconds
352.458: Application time: 0.0593510 seconds
352.458: [GC [PSYoungGen: 14895K->1424K(15360K)] 41673K->28426K(50688K), 0.0006300 secs] [Times: user=0.00 sys=0.00, real=0.00 secs] 
352.458: Total time for which application threads were stopped: 0.0007400 seconds, Stopping threads took: 0.0000530 seconds
352.516: Application time: 0.0580660 seconds
352.516: [GC [PSYoungGen: 14733K->1152K(15360K)] 41735K->28410K(50688K), 0.0006140 secs] [Times: user=0.01 sys=0.00, real=0.00 secs] 
352.517: Total time for which application threads were stopped: 0.0007200 seconds, Stopping threads took: 0.0000470 seconds
352.573: Application time: 0.0554590 seconds
352.573: [GC [PSYoungGen: 14381K->1024K(15360K)] 41639K->28282K(50688K), 0.0005350 secs] [Times: user=0.00 sys=0.00, real=0.00 secs] 
352.573: Total time for which application threads were stopped: 0.0006490 seconds, Stopping threads took: 0.0000560 seconds
352.633: Application time: 0.0593930 seconds
352.633: [GC [PSYoungGen: 14332K->960K(15360K)] 41590K->28438K(50688K), 0.0005560 secs] [Times: user=0.00 sys=0.00, real=0.00 secs] 
352.633: Total time for which application threads were stopped: 0.0006760 seconds, Stopping threads took: 0.0000640 seconds
352.692: Application time: 0.0590260 seconds
352.692: [GC [PSYoungGen: 14269K->944K(15360K)] 41748K->28478K(50688K), 0.0005770 secs] [Times: user=0.00 sys=0.00, real=0.00 secs] 
352.693: Total time for which application threads were stopped: 0.0006850 seconds, Stopping threads took: 0.0000550 seconds
352.752: Application time: 0.0589400 seconds
352.752: [GC [PSYoungGen: 14253K->704K(15360K)] 41788K->28443K(50688K), 0.0005690 secs] [Times: user=0.00 sys=0.00, real=0.00 secs] 
352.753: Total time for which application threads were stopped: 0.0006810 seconds, Stopping threads took: 0.0000590 seconds
352.806: Application time: 0.0532230 seconds
352.806: [GC [PSYoungGen: 13957K->816K(15360K)] 41696K->28555K(50688K), 0.0005020 secs] [Times: user=0.00 sys=0.00, real=0.00 secs] 
352.806: Total time for which application threads were stopped: 0.0006310 seconds, Stopping threads took: 0.0000660 seconds
352.851: Application time: 0.0444230 seconds
352.851: [GC [PSYoungGen: 14124K->992K(15360K)] 41863K->28731K(50688K), 0.0005260 secs] [Times: user=0.00 sys=0.00, real=0.00 secs] 
352.852: Total time for which application threads were stopped: 0.0006400 seconds, Stopping threads took: 0.0000600 seconds
352.895: Application time: 0.0431450 seconds
352.895: [GC [PSYoungGen: 14299K->1184K(15360K)] 42038K->28923K(50688K), 0.0006650 secs] [Times: user=0.01 sys=0.00, real=0.00 secs] 
352.895: Total time for which application threads were stopped: 0.0007730 seconds, Stopping threads took: 0.0000530 seconds
352.948: Application time: 0.0520940 seconds
352.948: [GC [PSYoungGen: 14492K->1152K(15360K)] 42231K->28947K(50688K), 0.0006330 secs] [Times: user=0.01 sys=0.00, real=0.01 secs] 
352.948: Total time for which application threads were stopped: 0.0007520 seconds, Stopping threads took: 0.0000520 seconds
352.990: Application time: 0.0416320 seconds
352.990: [GC [PSYoungGen: 14463K->1344K(15360K)] 42259K->29139K(50688K), 0.0006060 secs] [Times: user=0.00 sys=0.00, real=0.00 secs] 
352.991: Total time for which application threads were stopped: 0.0007210 seconds, Stopping threads took: 0.0000590 seconds
353.044: Application time: 0.0536560 seconds
353.044: [GC [PSYoungGen: 14652K->1344K(15360K)] 42448K->29187K(50688K), 0.0006120 secs] [Times: user=0.00 sys=0.00, real=0.00 secs] 
353.045: Total time for which application threads were stopped: 0.0007180 seconds, Stopping threads took: 0.0000480 seconds
353.094: Application time: 0.0489620 seconds
353.094: [GC [PSYoungGen: 14653K->1312K(15360K)] 42497K->29375K(50688K), 0.0006160 secs] [Times: user=0.01 sys=0.00, real=0.00 secs] 
353.095: Total time for which application threads were stopped: 0.0007340 seconds, Stopping threads took: 0.0000630 seconds
353.141: Application time: 0.0467350 seconds
353.142: [GC [PSYoungGen: 14623K->1344K(15360K)] 42687K->29407K(50688K), 0.0005520 secs] [Times: user=0.00 sys=0.00, real=0.00 secs] 
353.142: Total time for which application threads were stopped: 0.0006530 seconds, Stopping threads took: 0.0000450 seconds
353.183: Application time: 0.0408600 seconds
353.183: [GC [PSYoungGen: 14653K->1456K(15360K)] 42717K->29519K(50688K), 0.0006430 secs] [Times: user=0.00 sys=0.00, real=0.00 secs] 
353.185: Total time for which application threads were stopped: 0.0016240 seconds, Stopping threads took: 0.0000690 seconds
353.236: Application time: 0.0515750 seconds
353.236: [GC [PSYoungGen: 14765K->1664K(15360K)] 42829K->29727K(50688K), 0.0006230 secs] [Times: user=0.01 sys=0.00, real=0.00 secs] 
353.237: Total time for which application threads were stopped: 0.0007440 seconds, Stopping threads took: 0.0000630 seconds
353.293: Application time: 0.0556190 seconds
353.293: [GC [PSYoungGen: 14974K->1632K(15360K)] 43038K->29695K(50688K), 0.0006400 secs] [Times: user=0.01 sys=0.00, real=0.00 secs] 
353.293: Total time for which application threads were stopped: 0.0007540 seconds, Stopping threads took: 0.0000580 seconds
353.352: Application time: 0.0587110 seconds
353.352: [GC [PSYoungGen: 14940K->1312K(15360K)] 43004K->29641K(50688K), 0.0005760 secs] [Times: user=0.01 sys=0.00, real=0.00 secs] 
353.353: Total time for which application threads were stopped: 0.0006950 seconds, Stopping threads took: 0.0000550 seconds
353.409: Application time: 0.0560180 seconds
353.409: [GC [PSYoungGen: 14623K->1280K(15360K)] 42952K->29744K(50688K), 0.0005890 secs] [Times: user=0.00 sys=0.00, real=0.00 secs] 
353.409: Total time for which application threads were stopped: 0.0006950 seconds, Stopping threads took: 0.0000500 seconds
353.468: Application time: 0.0589460 seconds
353.468: [GC [PSYoungGen: 14589K->1232K(15360K)] 43054K->29697K(50688K), 0.0005900 secs] [Times: user=0.00 sys=0.00, real=0.00 secs] 
353.469: Total time for which application threads were stopped: 0.0006980 seconds, Stopping threads took: 0.0000500 seconds
353.526: Application time: 0.0574180 seconds
353.528: [GC [PSYoungGen: 14541K->1120K(15360K)] 43006K->29584K(50688K), 0.0005600 secs] [Times: user=0.00 sys=0.00, real=0.00 secs] 
353.529: Total time for which application threads were stopped: 0.0024000 seconds, Stopping threads took: 0.0017820 seconds
353.569: Application time: 0.0404910 seconds
353.569: [GC [PSYoungGen: 14429K->1424K(15360K)] 42894K->29889K(50688K), 0.0006090 secs] [Times: user=0.00 sys=0.00, real=0.00 secs] 
353.570: Total time for which application threads were stopped: 0.0007230 seconds, Stopping threads took: 0.0000540 seconds
353.624: Application time: 0.0540720 seconds
353.624: [GC [PSYoungGen: 14732K->1504K(15360K)] 43197K->29969K(50688K), 0.0006270 secs] [Times: user=0.00 sys=0.00, real=0.00 secs] 
353.625: Total time for which application threads were stopped: 0.0007550 seconds, Stopping threads took: 0.0000710 seconds
353.683: Application time: 0.0580500 seconds
353.683: [GC [PSYoungGen: 14815K->1376K(15360K)] 43280K->29889K(50688K), 0.0006150 secs] [Times: user=0.00 sys=0.00, real=0.00 secs] 
353.684: Total time for which application threads were stopped: 0.0007350 seconds, Stopping threads took: 0.0000610 seconds
353.743: Application time: 0.0588070 seconds
353.744: [GC [PSYoungGen: 14685K->1408K(15360K)] 43198K->29921K(50688K), 0.0006100 secs] [Times: user=0.01 sys=0.00, real=0.00 secs] 
353.745: Total time for which application threads were stopped: 0.0024130 seconds, Stopping threads took: 0.0017440 seconds
353.804: Application time: 0.0585920 seconds
353.804: [GC [PSYoungGen: 14717K->1440K(15360K)] 43230K->29953K(50688K), 0.0006580 secs] [Times: user=0.01 sys=0.00, real=0.00 secs] 
353.804: Total time for which application threads were stopped: 0.0007690 seconds, Stopping threads took: 0.0000550 seconds
353.847: Application time: 0.0426500 seconds
353.847: [GC [PSYoungGen: 14750K->1840K(15360K)] 43263K->30353K(50688K), 0.0007820 secs] [Times: user=0.00 sys=0.00, real=0.00 secs] 
353.848: Total time for which application threads were stopped: 0.0008870 seconds, Stopping threads took: 0.0000500 seconds
353.885: Application time: 0.0367230 seconds
353.885: [GC [PSYoungGen: 15147K->1824K(15360K)] 43660K->30337K(50688K), 0.0007420 secs] [Times: user=0.01 sys=0.00, real=0.00 secs] 
353.885: Total time for which application threads were stopped: 0.0008750 seconds, Stopping threads took: 0.0000650 seconds
353.939: Application time: 0.0537770 seconds
353.939: [GC [PSYoungGen: 15132K->1872K(15360K)] 43645K->30385K(50688K), 0.0007560 secs] [Times: user=0.01 sys=0.00, real=0.00 secs] 
353.940: Total time for which application threads were stopped: 0.0008650 seconds, Stopping threads took: 0.0000510 seconds
353.995: Application time: 0.0551410 seconds
353.995: [GC [PSYoungGen: 15180K->1872K(15360K)] 43693K->30385K(50688K), 0.0007490 secs] [Times: user=0.00 sys=0.00, real=0.00 secs] 
353.996: Total time for which application threads were stopped: 0.0008590 seconds, Stopping threads took: 0.0000530 seconds
354.054: Application time: 0.0581640 seconds
354.054: [GC [PSYoungGen: 15181K->1776K(15360K)] 43694K->30393K(50688K), 0.0007000 secs] [Times: user=0.00 sys=0.00, real=0.00 secs] 
354.055: Total time for which application threads were stopped: 0.0008050 seconds, Stopping threads took: 0.0000490 seconds
354.114: Application time: 0.0585170 seconds
354.114: [GC [PSYoungGen: 15085K->1616K(15360K)] 43702K->30445K(50688K), 0.0006000 secs] [Times: user=0.01 sys=0.00, real=0.00 secs] 
354.114: Total time for which application threads were stopped: 0.0007100 seconds, Stopping threads took: 0.0000560 seconds
354.173: Application time: 0.0583150 seconds
354.173: [GC [PSYoungGen: 14925K->1408K(15360K)] 43755K->30442K(50688K), 0.0007060 secs] [Times: user=0.01 sys=0.00, real=0.00 secs] 
354.173: Total time for which application threads were stopped: 0.0008220 seconds, Stopping threads took: 0.0000580 seconds
354.232: Application time: 0.0585460 seconds
354.232: [GC [PSYoungGen: 14717K->1232K(15360K)] 43751K->30506K(50688K), 0.0006430 secs] [Times: user=0.00 sys=0.00, real=0.00 secs] 
354.233: Total time for which application threads were stopped: 0.0007600 seconds, Stopping threads took: 0.0000600 seconds
354.288: Application time: 0.0549180 seconds
354.288: [GC [PSYoungGen: 14540K->1200K(15360K)] 43814K->30474K(50688K), 0.0005420 secs] [Times: user=0.00 sys=0.00, real=0.01 secs] 
354.288: Total time for which application threads were stopped: 0.0006630 seconds, Stopping threads took: 0.0000610 seconds
354.347: Application time: 0.0588410 seconds
354.347: [GC [PSYoungGen: 14509K->1152K(15360K)] 43783K->30518K(50688K), 0.0005590 secs] [Times: user=0.00 sys=0.00, real=0.00 secs] 
354.348: Total time for which application threads were stopped: 0.0006730 seconds, Stopping threads took: 0.0000590 seconds
354.407: Application time: 0.0589620 seconds
354.407: [GC [PSYoungGen: 14461K->992K(15360K)] 43828K->30542K(50688K), 0.0005780 secs] [Times: user=0.00 sys=0.00, real=0.00 secs] 
354.408: Total time for which application threads were stopped: 0.0006980 seconds, Stopping threads took: 0.0000470 seconds
354.467: Application time: 0.0590720 seconds
354.467: [GC [PSYoungGen: 14301K->768K(15360K)] 43852K->30523K(50688K), 0.0005460 secs] [Times: user=0.00 sys=0.00, real=0.00 secs] 
354.467: Total time for which application threads were stopped: 0.0006570 seconds, Stopping threads took: 0.0000570 seconds
354.524: Application time: 0.0569570 seconds
354.524: [GC [PSYoungGen: 14077K->896K(15360K)] 43832K->30651K(50688K), 0.0005930 secs] [Times: user=0.01 sys=0.00, real=0.00 secs] 
354.525: Total time for which application threads were stopped: 0.0007090 seconds, Stopping threads took: 0.0000620 seconds
354.567: Application time: 0.0417280 seconds
354.568: [GC [PSYoungGen: 14208K->800K(15360K)] 43963K->30555K(50688K), 0.0005390 secs] [Times: user=0.00 sys=0.00, real=0.00 secs] 
354.569: Total time for which application threads were stopped: 0.0022290 seconds, Stopping threads took: 0.0016310 seconds
354.611: Application time: 0.0425590 seconds
354.612: [GC [PSYoungGen: 14111K->1248K(15360K)] 43866K->31003K(50688K), 0.0005550 secs] [Times: user=0.00 sys=0.00, real=0.00 secs] 
354.612: Total time for which application threads were stopped: 0.0006730 seconds, Stopping threads took: 0.0000640 seconds
354.664: Application time: 0.0519160 seconds
354.664: [GC [PSYoungGen: 14558K->1152K(15360K)] 44314K->30955K(50688K), 0.0005640 secs] [Times: user=0.01 sys=0.00, real=0.00 secs] 
354.665: Total time for which application threads were stopped: 0.0006800 seconds, Stopping threads took: 0.0000620 seconds
354.711: Application time: 0.0467770 seconds
354.712: [GC [PSYoungGen: 14461K->1504K(15360K)] 44265K->31307K(50688K), 0.0006120 secs] [Times: user=0.00 sys=0.00, real=0.00 secs] 
354.712: Total time for which application threads were stopped: 0.0007240 seconds, Stopping threads took: 0.0000550 seconds
354.761: Application time: 0.0489380 seconds
354.761: [GC [PSYoungGen: 14813K->1312K(15360K)] 44617K->31171K(50688K), 0.0005730 secs] [Times: user=0.00 sys=0.00, real=0.00 secs] 
354.762: Total time for which application threads were stopped: 0.0006960 seconds, Stopping threads took: 0.0000670 seconds
354.814: Application time: 0.0526070 seconds
354.816: [GC [PSYoungGen: 14623K->1312K(15360K)] 44482K->31376K(50688K), 0.0006580 secs] [Times: user=0.00 sys=0.00, real=0.00 secs] 
354.817: Total time for which application threads were stopped: 0.0025280 seconds, Stopping threads took: 0.0018100 seconds
354.859: Application time: 0.0418080 seconds
354.859: [GC [PSYoungGen: 14619K->1504K(15360K)] 44683K->31568K(50688K), 0.0006660 secs] [Times: user=0.01 sys=0.00, real=0.00 secs] 
354.860: Total time for which application threads were stopped: 0.0007640 seconds, Stopping threads took: 0.0000400 seconds
354.900: Application time: 0.0408810 seconds
354.901: [GC [PSYoungGen: 14807K->1376K(15360K)] 44871K->31440K(50688K), 0.0005530 secs] [Times: user=0.00 sys=0.00, real=0.00 secs] 
354.901: Total time for which application threads were stopped: 0.0006640 seconds, Stopping threads took: 0.0000560 seconds
354.957: Application time: 0.0555150 seconds
354.960: [GC [PSYoungGen: 14685K->1600K(15360K)] 44749K->31664K(50688K), 0.0007160 secs] [Times: user=0.00 sys=0.00, real=0.00 secs] 
354.961: Total time for which application threads were stopped: 0.0044480 seconds, Stopping threads took: 0.0036650 seconds
355.016: Application time: 0.0548300 seconds
355.016: [GC [PSYoungGen: 14907K->1600K(15360K)] 44971K->31664K(50688K), 0.0006520 secs] [Times: user=0.01 sys=0.00, real=0.00 secs] 
355.017: Total time for which application threads were stopped: 0.0007640 seconds, Stopping threads took: 0.0000530 seconds
355.074: Application time: 0.0568780 seconds
355.074: [GC [PSYoungGen: 14911K->1200K(15360K)] 44975K->31696K(50688K), 0.0006220 secs] [Times: user=0.00 sys=0.00, real=0.00 secs] 
355.074: Total time for which application threads were stopped: 0.0007430 seconds, Stopping threads took: 0.0000640 seconds
355.132: Application time: 0.0575100 seconds
355.132: [GC [PSYoungGen: 14511K->1216K(15360K)] 45007K->31712K(50688K), 0.0005810 secs] [Times: user=0.00 sys=0.00, real=0.00 secs] 
355.133: Total time for which application threads were stopped: 0.0006960 seconds, Stopping threads took: 0.0000600 seconds
355.190: Application time: 0.0572480 seconds
355.190: [GC [PSYoungGen: 14527K->1280K(15360K)] 45023K->31776K(50688K), 0.0006220 secs] [Times: user=0.00 sys=0.00, real=0.00 secs] 
355.191: Total time for which application threads were stopped: 0.0007410 seconds, Stopping threads took: 0.0000640 seconds
355.248: Application time: 0.0575560 seconds
355.248: [GC [PSYoungGen: 14591K->1248K(15360K)] 45087K->31744K(50688K), 0.0005880 secs] [Times: user=0.00 sys=0.01, real=0.01 secs] 
355.249: Total time for which application threads were stopped: 0.0007140 seconds, Stopping threads took: 0.0000680 seconds
355.293: Application time: 0.0443230 seconds
355.293: [GC [PSYoungGen: 14559K->1488K(15360K)] 45055K->31984K(50688K), 0.0006790 secs] [Times: user=0.01 sys=0.00, real=0.00 secs] 
355.294: Total time for which application threads were stopped: 0.0007840 seconds, Stopping threads took: 0.0000510 seconds
355.344: Application time: 0.0500130 seconds
355.344: [GC [PSYoungGen: 14796K->1456K(15360K)] 45292K->31952K(50688K), 0.0006510 secs] [Times: user=0.00 sys=0.00, real=0.00 secs] 
355.345: Total time for which application threads were stopped: 0.0007660 seconds, Stopping threads took: 0.0000580 seconds
355.402: Application time: 0.0575760 seconds
355.402: [GC [PSYoungGen: 14764K->1504K(15360K)] 45260K->32048K(50688K), 0.0006000 secs] [Times: user=0.00 sys=0.00, real=0.00 secs] 
355.403: Total time for which application threads were stopped: 0.0007160 seconds, Stopping threads took: 0.0000610 seconds
355.462: Application time: 0.0590030 seconds
355.462: [GC [PSYoungGen: 14813K->1408K(15360K)] 45357K->31952K(50688K), 0.0006170 secs] [Times: user=0.00 sys=0.00, real=0.00 secs] 
355.463: Total time for which application threads were stopped: 0.0007530 seconds, Stopping threads took: 0.0000690 seconds
355.521: Application time: 0.0585220 seconds
355.521: [GC [PSYoungGen: 14717K->1408K(15360K)] 45261K->31952K(50688K), 0.0006390 secs] [Times: user=0.00 sys=0.00, real=0.00 secs] 
355.522: Total time for which application threads were stopped: 0.0007560 seconds, Stopping threads took: 0.0000590 seconds
355.565: Application time: 0.0434560 seconds
355.566: [GC [PSYoungGen: 14718K->1808K(15360K)] 45262K->32352K(50688K), 0.0006910 secs] [Times: user=0.00 sys=0.00, real=0.00 secs] 
355.566: Total time for which application threads were stopped: 0.0007950 seconds, Stopping threads took: 0.0000500 seconds
355.602: Application time: 0.0358120 seconds
355.602: [GC [PSYoungGen: 15118K->1856K(15360K)] 45662K->32400K(50688K), 0.0006840 secs] [Times: user=0.01 sys=0.00, real=0.00 secs] 
355.603: Total time for which application threads were stopped: 0.0007950 seconds, Stopping threads took: 0.0000550 seconds
355.657: Application time: 0.0536680 seconds
355.657: [GC [PSYoungGen: 15166K->1840K(15360K)] 45710K->32384K(50688K), 0.0007100 secs] [Times: user=0.00 sys=0.00, real=0.00 secs] 
355.657: Total time for which application threads were stopped: 0.0008360 seconds, Stopping threads took: 0.0000690 seconds
355.712: Application time: 0.0550960 seconds
355.713: [GC [PSYoungGen: 15150K->1856K(15360K)] 45694K->32408K(50688K), 0.0007420 secs] [Times: user=0.01 sys=0.00, real=0.00 secs] 
355.713: Total time for which application threads were stopped: 0.0008570 seconds, Stopping threads took: 0.0000580 seconds
355.772: Application time: 0.0583000 seconds
355.772: [GC [PSYoungGen: 15165K->1776K(15360K)] 45717K->32432K(50688K), 0.0007540 secs] [Times: user=0.00 sys=0.00, real=0.00 secs] 
355.773: Total time for which application threads were stopped: 0.0008790 seconds, Stopping threads took: 0.0000690 seconds
355.831: Application time: 0.0588040 seconds
355.831: [GC [PSYoungGen: 15085K->1536K(15360K)] 45741K->32396K(50688K), 0.0007360 secs] [Times: user=0.01 sys=0.00, real=0.00 secs] 
355.832: Total time for which application threads were stopped: 0.0008520 seconds, Stopping threads took: 0.0000530 seconds
355.892: Application time: 0.0594950 seconds
355.892: [GC [PSYoungGen: 14845K->1392K(15360K)] 45706K->32449K(50688K), 0.0006260 secs] [Times: user=0.00 sys=0.00, real=0.00 secs] 
355.892: Total time for which application threads were stopped: 0.0007530 seconds, Stopping threads took: 0.0000710 seconds
355.950: Application time: 0.0579170 seconds
355.950: [GC [PSYoungGen: 14701K->1376K(15360K)] 45758K->32433K(50688K), 0.0006240 secs] [Times: user=0.00 sys=0.00, real=0.00 secs] 
355.951: Total time for which application threads were stopped: 0.0007500 seconds, Stopping threads took: 0.0000650 seconds
356.006: Application time: 0.0548180 seconds
356.006: [GC [PSYoungGen: 14683K->1216K(15360K)] 45740K->32517K(50688K), 0.0006090 secs] [Times: user=0.00 sys=0.00, real=0.00 secs] 
356.007: Total time for which application threads were stopped: 0.0007390 seconds, Stopping threads took: 0.0000660 seconds
356.065: Application time: 0.0586850 seconds
356.065: [GC [PSYoungGen: 14525K->1168K(15360K)] 45827K->32469K(50688K), 0.0005690 secs] [Times: user=0.00 sys=0.00, real=0.00 secs] 
356.066: Total time for which application threads were stopped: 0.0006790 seconds, Stopping threads took: 0.0000530 seconds
356.125: Application time: 0.0593080 seconds
356.125: [GC [PSYoungGen: 14477K->960K(15360K)] 45779K->32506K(50688K), 0.0005180 secs] [Times: user=0.00 sys=0.00, real=0.00 secs] 
356.126: Total time for which application threads were stopped: 0.0006440 seconds, Stopping threads took: 0.0000700 seconds
356.185: Application time: 0.0589230 seconds
356.185: [GC [PSYoungGen: 14269K->736K(15360K)] 45815K->32502K(50688K), 0.0005660 secs] [Times: user=0.00 sys=0.00, real=0.00 secs] 
356.186: Total time for which application threads were stopped: 0.0006920 seconds, Stopping threads took: 0.0000680 seconds
356.244: Application time: 0.0581240 seconds
356.244: [GC [PSYoungGen: 14047K->896K(15360K)] 45814K->32662K(50688K), 0.0005150 secs] [Times: user=0.00 sys=0.00, real=0.00 secs] 
356.244: Total time for which application threads were stopped: 0.0006220 seconds, Stopping threads took: 0.0000510 seconds
356.286: Application time: 0.0418540 seconds
356.286: [GC [PSYoungGen: 14207K->1008K(15360K)] 45974K->32774K(50688K), 0.0005780 secs] [Times: user=0.00 sys=0.00, real=0.00 secs] 
356.287: Total time for which application threads were stopped: 0.0006910 seconds, Stopping threads took: 0.0000580 seconds
356.331: Application time: 0.0441960 seconds
356.331: [GC [PSYoungGen: 14315K->1216K(15360K)] 46082K->32982K(50688K), 0.0005100 secs] [Times: user=0.00 sys=0.00, real=0.00 secs] 
356.332: Total time for which application threads were stopped: 0.0006210 seconds, Stopping threads took: 0.0000570 seconds
356.382: Application time: 0.0499970 seconds
356.382: [GC [PSYoungGen: 14527K->1168K(15360K)] 46294K->32983K(50688K), 0.0005520 secs] [Times: user=0.00 sys=0.00, real=0.00 secs] 
356.382: Total time for which application threads were stopped: 0.0006790 seconds, Stopping threads took: 0.0000690 seconds
356.429: Application time: 0.0463360 seconds
356.429: [GC [PSYoungGen: 14478K->1312K(15360K)] 46293K->33127K(50688K), 0.0006480 secs] [Times: user=0.01 sys=0.00, real=0.00 secs] 
356.430: Total time for which application threads were stopped: 0.0007540 seconds, Stopping threads took: 0.0000510 seconds
356.479: Application time: 0.0491610 seconds
356.479: [GC [PSYoungGen: 14621K->1376K(15360K)] 46436K->33231K(50688K), 0.0006380 secs] [Times: user=0.00 sys=0.00, real=0.00 secs] 
356.479: Total time for which application threads were stopped: 0.0007440 seconds, Stopping threads took: 0.0000500 seconds
356.533: Application time: 0.0535060 seconds
356.533: [GC [PSYoungGen: 14687K->1392K(15360K)] 46542K->33451K(50688K), 0.0006620 secs] [Times: user=0.00 sys=0.00, real=0.00 secs] 
356.534: Total time for which application threads were stopped: 0.0007720 seconds, Stopping threads took: 0.0000430 seconds
356.574: Application time: 0.0407520 seconds
356.575: [GC [PSYoungGen: 14702K->1504K(15360K)] 46761K->33563K(50688K), 0.0006020 secs] [Times: user=0.00 sys=0.00, real=0.00 secs] 
356.575: Total time for which application threads were stopped: 0.0007030 seconds, Stopping threads took: 0.0000440 seconds
356.617: Application time: 0.0413820 seconds
356.617: [GC [PSYoungGen: 14815K->1536K(15360K)] 46875K->33595K(50688K), 0.0006390 secs] [Times: user=0.00 sys=0.00, real=0.00 secs] 
356.617: Total time for which application threads were stopped: 0.0007640 seconds, Stopping threads took: 0.0000690 seconds
356.670: Application time: 0.0530100 seconds
356.670: [GC [PSYoungGen: 14845K->1664K(15360K)] 46905K->33723K(50688K), 0.0006860 secs] [Times: user=0.00 sys=0.00, real=0.00 secs] 
356.671: Total time for which application threads were stopped: 0.0008010 seconds, Stopping threads took: 0.0000570 seconds
356.727: Application time: 0.0554000 seconds
356.727: [GC [PSYoungGen: 14974K->1600K(15360K)] 47034K->33659K(50688K), 0.0006830 secs] [Times: user=0.00 sys=0.00, real=0.00 secs] 
356.727: Total time for which application threads were stopped: 0.0008100 seconds, Stopping threads took: 0.0000700 seconds
356.783: Application time: 0.0560310 seconds
356.783: [GC [PSYoungGen: 14908K->1248K(15360K)] 46968K->33724K(50688K), 0.0006510 secs] [Times: user=0.01 sys=0.00, real=0.00 secs] 
356.784: Total time for which application threads were stopped: 0.0007690 seconds, Stopping threads took: 0.0000590 seconds
356.841: Application time: 0.0569960 seconds
356.841: [GC [PSYoungGen: 14559K->1248K(15360K)] 47036K->33724K(50688K), 0.0005810 secs] [Times: user=0.00 sys=0.00, real=0.00 secs] 
356.842: Total time for which application threads were stopped: 0.0006910 seconds, Stopping threads took: 0.0000550 seconds
356.899: Application time: 0.0571020 seconds
356.899: [GC [PSYoungGen: 14559K->1232K(15360K)] 47036K->33708K(50688K), 0.0006020 secs] [Times: user=0.00 sys=0.00, real=0.00 secs] 
356.900: Total time for which application threads were stopped: 0.0007260 seconds, Stopping threads took: 0.0000650 seconds
356.957: Application time: 0.0573820 seconds
356.957: [GC [PSYoungGen: 14540K->1312K(15360K)] 47017K->33788K(50688K), 0.0005870 secs] [Times: user=0.00 sys=0.00, real=0.00 secs] 
356.958: Total time for which application threads were stopped: 0.0007000 seconds, Stopping threads took: 0.0000580 seconds
357.006: Application time: 0.0482630 seconds
357.006: [GC [PSYoungGen: 14619K->1472K(15360K)] 47096K->33948K(50688K), 0.0006290 secs] [Times: user=0.00 sys=0.00, real=0.00 secs] 
357.007: Total time for which application threads were stopped: 0.0007420 seconds, Stopping threads took: 0.0000590 seconds
357.053: Application time: 0.0465470 seconds
357.053: [GC [PSYoungGen: 14781K->1536K(15360K)] 47257K->34012K(50688K), 0.0005990 secs] [Times: user=0.01 sys=0.00, real=0.00 secs] 
357.054: Total time for which application threads were stopped: 0.0007100 seconds, Stopping threads took: 0.0000450 seconds
357.112: Application time: 0.0580390 seconds
357.112: [GC [PSYoungGen: 14844K->1504K(15360K)] 47321K->34020K(50688K), 0.0006520 secs] [Times: user=0.00 sys=0.00, real=0.00 secs] 
357.113: Total time for which application threads were stopped: 0.0007690 seconds, Stopping threads took: 0.0000650 seconds
357.171: Application time: 0.0586780 seconds
357.172: [GC [PSYoungGen: 14813K->1456K(15360K)] 47330K->33972K(50688K), 0.0006080 secs] [Times: user=0.00 sys=0.00, real=0.00 secs] 
357.172: Total time for which application threads were stopped: 0.0007320 seconds, Stopping threads took: 0.0000680 seconds
357.231: Application time: 0.0585190 seconds
357.231: [GC [PSYoungGen: 14765K->1456K(15360K)] 47282K->33972K(50688K), 0.0006070 secs] [Times: user=0.00 sys=0.00, real=0.00 secs] 
357.232: Total time for which application threads were stopped: 0.0007460 seconds, Stopping threads took: 0.0000820 seconds
357.277: Application time: 0.0458530 seconds
357.277: [GC [PSYoungGen: 14766K->1840K(15360K)] 47283K->34356K(50688K), 0.0007040 secs] [Times: user=0.00 sys=0.00, real=0.00 secs] 
357.278: Total time for which application threads were stopped: 0.0008230 seconds, Stopping threads took: 0.0000630 seconds
357.313: Application time: 0.0343460 seconds
357.313: [GC [PSYoungGen: 15152K->1856K(15360K)] 47668K->34372K(50688K), 0.0007040 secs] [Times: user=0.00 sys=0.00, real=0.00 secs] 
357.313: Total time for which application threads were stopped: 0.0008150 seconds, Stopping threads took: 0.0000520 seconds
357.367: Application time: 0.0534100 seconds
357.367: [GC [PSYoungGen: 15165K->1952K(15360K)] 47681K->34468K(50688K), 0.0007400 secs] [Times: user=0.01 sys=0.00, real=0.00 secs] 
357.368: Total time for which application threads were stopped: 0.0008600 seconds, Stopping threads took: 0.0000630 seconds
357.424: Application time: 0.0565960 seconds
357.424: [GC [PSYoungGen: 15260K->1840K(15360K)] 47777K->34356K(50688K), 0.0007010 secs] [Times: user=0.00 sys=0.00, real=0.00 secs] 
357.425: Total time for which application threads were stopped: 0.0008150 seconds, Stopping threads took: 0.0000550 seconds
357.482: Application time: 0.0574330 seconds
357.483: [GC [PSYoungGen: 15151K->1792K(15360K)] 47668K->34412K(50688K), 0.0007000 secs] [Times: user=0.01 sys=0.00, real=0.00 secs] 
357.483: Total time for which application threads were stopped: 0.0008190 seconds, Stopping threads took: 0.0000640 seconds
357.541: Application time: 0.0581020 seconds
357.541: [GC [PSYoungGen: 15101K->1600K(15360K)] 47722K->34425K(50688K), 0.0007200 secs] [Times: user=0.00 sys=0.00, real=0.00 secs] 
357.542: Total time for which application threads were stopped: 0.0008360 seconds, Stopping threads took: 0.0000590 seconds
357.601: Application time: 0.0591490 seconds
357.601: [GC [PSYoungGen: 14909K->1408K(15360K)] 47734K->34437K(50688K), 0.0006590 secs] [Times: user=0.01 sys=0.00, real=0.00 secs] 
357.602: Total time for which application threads were stopped: 0.0007890 seconds, Stopping threads took: 0.0000660 seconds
357.660: Application time: 0.0580420 seconds
357.660: [GC [PSYoungGen: 14717K->1408K(15360K)] 47747K->34437K(50688K), 0.0006020 secs] [Times: user=0.00 sys=0.00, real=0.00 secs] 
357.661: Total time for which application threads were stopped: 0.0007330 seconds, Stopping threads took: 0.0000720 seconds
357.717: Application time: 0.0557690 seconds
357.717: [GC [PSYoungGen: 14716K->1216K(15360K)] 47745K->34485K(50688K), 0.0006360 secs] [Times: user=0.01 sys=0.00, real=0.00 secs] 
357.717: Total time for which application threads were stopped: 0.0007530 seconds, Stopping threads took: 0.0000610 seconds
357.777: Application time: 0.0594460 seconds
357.777: [GC [PSYoungGen: 14525K->1280K(15360K)] 47795K->34549K(50688K), 0.0006010 secs] [Times: user=0.00 sys=0.00, real=0.00 secs] 
357.778: Total time for which application threads were stopped: 0.0007260 seconds, Stopping threads took: 0.0000660 seconds
357.838: Application time: 0.0604090 seconds
357.839: [GC [PSYoungGen: 14592K->768K(15360K)] 47861K->34607K(50688K), 0.0005410 secs] [Times: user=0.00 sys=0.00, real=0.00 secs] 
357.840: Total time for which application threads were stopped: 0.0018540 seconds, Stopping threads took: 0.0012560 seconds
357.899: Application time: 0.0588210 seconds
357.899: [GC [PSYoungGen: 14077K->688K(15360K)] 47916K->34527K(50688K), 0.0005540 secs] [Times: user=0.00 sys=0.00, real=0.00 secs] 
357.899: Total time for which application threads were stopped: 0.0006620 seconds, Stopping threads took: 0.0000520 seconds
357.956: Application time: 0.0568980 seconds
357.956: [GC [PSYoungGen: 13997K->960K(15360K)] 47836K->34799K(50688K), 0.0005060 secs] [Times: user=0.00 sys=0.00, real=0.00 secs] 
357.957: Total time for which application threads were stopped: 0.0006040 seconds, Stopping threads took: 0.0000460 seconds
357.999: Application time: 0.0419030 seconds
357.999: [GC [PSYoungGen: 14269K->960K(15360K)] 48108K->34799K(50688K), 0.0005430 secs] [Times: user=0.01 sys=0.00, real=0.00 secs] 
357.999: Total time for which application threads were stopped: 0.0006740 seconds, Stopping threads took: 0.0000710 seconds
358.042: Application time: 0.0427250 seconds
358.042: [GC [PSYoungGen: 14271K->1216K(15360K)] 48110K->35055K(50688K), 0.0005720 secs] [Times: user=0.00 sys=0.00, real=0.00 secs] 
358.043: Total time for which application threads were stopped: 0.0006770 seconds, Stopping threads took: 0.0000500 seconds
358.094: Application time: 0.0515990 seconds
358.095: [GC [PSYoungGen: 14527K->1184K(15360K)] 48366K->35071K(50688K), 0.0005670 secs] [Times: user=0.00 sys=0.00, real=0.00 secs] 
358.095: Total time for which application threads were stopped: 0.0006760 seconds, Stopping threads took: 0.0000550 seconds
358.143: Application time: 0.0473400 seconds
358.143: [GC [PSYoungGen: 14493K->1376K(15360K)] 48380K->35263K(50688K), 0.0005800 secs] [Times: user=0.00 sys=0.00, real=0.00 secs] 
358.143: Total time for which application threads were stopped: 0.0006980 seconds, Stopping threads took: 0.0000550 seconds
358.193: Application time: 0.0493680 seconds
358.196: [GC [PSYoungGen: 14687K->1312K(15360K)] 48574K->35247K(50688K), 0.0006220 secs] [Times: user=0.01 sys=0.00, real=0.00 secs] 
358.198: Total time for which application threads were stopped: 0.0053500 seconds, Stopping threads took: 0.0037160 seconds
358.256: Application time: 0.0579090 seconds
358.256: [GC [PSYoungGen: 14623K->1280K(15360K)] 48558K->35215K(50688K), 0.0005790 secs] [Times: user=0.00 sys=0.00, real=0.00 secs] 
358.257: Total time for which application threads were stopped: 0.0006950 seconds, Stopping threads took: 0.0000620 seconds
358.298: Application time: 0.0416000 seconds
358.298: [GC [PSYoungGen: 14591K->1344K(15360K)] 48526K->35483K(50688K), 0.0006580 secs] [Times: user=0.01 sys=0.00, real=0.00 secs] 
358.299: Total time for which application threads were stopped: 0.0008020 seconds, Stopping threads took: 0.0000890 seconds
358.339: Application time: 0.0395580 seconds
358.339: [GC [PSYoungGen: 14654K->1536K(15360K)] 48794K->35675K(50688K), 0.0006300 secs] [Times: user=0.00 sys=0.00, real=0.00 secs] 
358.339: Total time for which application threads were stopped: 0.0007590 seconds, Stopping threads took: 0.0000740 seconds
358.390: Application time: 0.0502800 seconds
358.390: [GC [PSYoungGen: 14843K->1760K(15360K)] 48983K->35899K(50688K), 0.0007020 secs] [Times: user=0.00 sys=0.00, real=0.00 secs] 
358.390: Total time for which application threads were stopped: 0.0008170 seconds, Stopping threads took: 0.0000570 seconds
358.446: Application time: 0.0556750 seconds
358.446: [GC [PSYoungGen: 15070K->1568K(15360K)] 49210K->35707K(50688K), 0.0006330 secs] [Times: user=0.00 sys=0.00, real=0.00 secs] 
358.447: Total time for which application threads were stopped: 0.0007450 seconds, Stopping threads took: 0.0000570 seconds
358.503: Application time: 0.0561290 seconds
358.503: [GC [PSYoungGen: 14876K->1280K(15360K)] 49016K->35820K(50688K), 0.0006410 secs] [Times: user=0.00 sys=0.00, real=0.00 secs] 
358.504: Total time for which application threads were stopped: 0.0007580 seconds, Stopping threads took: 0.0000580 seconds
358.561: Application time: 0.0569220 seconds
358.561: [GC [PSYoungGen: 14591K->1248K(15360K)] 49132K->35788K(50688K), 0.0005590 secs] [Times: user=0.00 sys=0.00, real=0.00 secs] 
358.561: Total time for which application threads were stopped: 0.0006680 seconds, Stopping threads took: 0.0000540 seconds
358.618: Application time: 0.0571510 seconds
358.619: [GC [PSYoungGen: 14559K->1280K(15360K)] 49100K->35820K(50688K), 0.0005760 secs] [Times: user=0.01 sys=0.00, real=0.00 secs] 
358.619: Total time for which application threads were stopped: 0.0007030 seconds, Stopping threads took: 0.0000680 seconds
358.677: Application time: 0.0576430 seconds
358.677: [GC [PSYoungGen: 14591K->1264K(15360K)] 49132K->35804K(50688K), 0.0005680 secs] [Times: user=0.00 sys=0.00, real=0.00 secs] 
358.677: Total time for which application threads were stopped: 0.0007070 seconds, Stopping threads took: 0.0000740 seconds
358.724: Application time: 0.0462800 seconds
358.724: [GC [PSYoungGen: 14573K->1488K(15360K)] 49114K->36028K(50688K), 0.0006260 secs] [Times: user=0.01 sys=0.00, real=0.00 secs] 
358.725: Total time for which application threads were stopped: 0.0007400 seconds, Stopping threads took: 0.0000580 seconds
358.772: Application time: 0.0478210 seconds
358.772: [GC [PSYoungGen: 14796K->1520K(15360K)] 49337K->36060K(50688K), 0.0006310 secs] [Times: user=0.01 sys=0.00, real=0.00 secs] 
358.773: Total time for which application threads were stopped: 0.0007410 seconds, Stopping threads took: 0.0000540 seconds
358.831: Application time: 0.0578140 seconds
358.831: [GC [PSYoungGen: 14828K->1472K(15360K)] 49369K->36060K(50688K), 0.0006120 secs] [Times: user=0.00 sys=0.00, real=0.00 secs] 
358.832: Total time for which application threads were stopped: 0.0007240 seconds, Stopping threads took: 0.0000560 seconds
358.891: Application time: 0.0593920 seconds
358.891: [GC [PSYoungGen: 14781K->1472K(15360K)] 49370K->36060K(50688K), 0.0006470 secs] [Times: user=0.00 sys=0.00, real=0.00 secs] 
358.892: Total time for which application threads were stopped: 0.0007540 seconds, Stopping threads took: 0.0000520 seconds
358.953: Application time: 0.0616950 seconds
358.954: [GC [PSYoungGen: 14781K->1456K(15360K)] 49370K->36044K(50688K), 0.0006780 secs] [Times: user=0.01 sys=0.00, real=0.00 secs] 
358.954: Total time for which application threads were stopped: 0.0007900 seconds, Stopping threads took: 0.0000550 seconds
359.008: Application time: 0.0534960 seconds
359.008: [GC [PSYoungGen: 14767K->1888K(15360K)] 49356K->36476K(50688K), 0.0007190 secs] [Times: user=0.00 sys=0.00, real=0.01 secs] 
359.009: Total time for which application threads were stopped: 0.0008370 seconds, Stopping threads took: 0.0000600 seconds
359.045: Application time: 0.0363160 seconds
359.045: [GC [PSYoungGen: 15200K->1856K(15360K)] 49788K->36444K(50688K), 0.0007060 secs] [Times: user=0.01 sys=0.00, real=0.00 secs] 
359.046: Total time for which application threads were stopped: 0.0008210 seconds, Stopping threads took: 0.0000550 seconds
359.103: Application time: 0.0576050 seconds
359.103: [GC [PSYoungGen: 15164K->1920K(15360K)] 49753K->36508K(50688K), 0.0006640 secs] [Times: user=0.00 sys=0.00, real=0.00 secs] 
359.104: Total time for which application threads were stopped: 0.0007690 seconds, Stopping threads took: 0.0000480 seconds
359.164: Application time: 0.0594120 seconds
359.164: [GC [PSYoungGen: 15230K->1952K(15360K)] 49819K->36540K(50688K), 0.0007990 secs] [Times: user=0.00 sys=0.00, real=0.00 secs] 
359.164: Total time for which application threads were stopped: 0.0009180 seconds, Stopping threads took: 0.0000580 seconds
359.229: Application time: 0.0648020 seconds
359.229: [GC [PSYoungGen: 15261K->1776K(15360K)] 49850K->36485K(50688K), 0.0007300 secs] [Times: user=0.00 sys=0.00, real=0.00 secs] 
359.230: Total time for which application threads were stopped: 0.0008520 seconds, Stopping threads took: 0.0000520 seconds
359.294: Application time: 0.0639660 seconds
359.294: [GC [PSYoungGen: 15085K->1632K(15360K)] 49794K->36577K(50688K), 0.0007080 secs] [Times: user=0.01 sys=0.00, real=0.00 secs] 
359.295: Total time for which application threads were stopped: 0.0008210 seconds, Stopping threads took: 0.0000530 seconds
359.360: Application time: 0.0649390 seconds
359.360: [GC [PSYoungGen: 14944K->1408K(15360K)] 49889K->36590K(50688K), 0.0005990 secs] [Times: user=0.00 sys=0.00, real=0.01 secs] 
359.361: [Full GC [PSYoungGen: 1408K->0K(15360K)] [ParOldGen: 35181K->3562K(35328K)] 36590K->3562K(50688K) [PSPermGen: 5582K->5582K(21504K)], 0.0062230 secs] [Times: user=0.03 sys=0.00, real=0.00 secs] 
359.367: Total time for which application threads were stopped: 0.0069890 seconds, Stopping threads took: 0.0000570 seconds
359.431: Application time: 0.0639660 seconds
359.431: [GC [PSYoungGen: 13309K->0K(15360K)] 16871K->3562K(50688K), 0.0003870 secs] [Times: user=0.00 sys=0.00, real=0.00 secs] 
359.431: Total time for which application threads were stopped: 0.0005060 seconds, Stopping threads took: 0.0000620 seconds
359.492: Application time: 0.0603330 seconds
359.492: [GC [PSYoungGen: 13307K->512K(15360K)] 16869K->4074K(50688K), 0.0004270 secs] [Times: user=0.00 sys=0.00, real=0.00 secs] 
359.492: Total time for which application threads were stopped: 0.0005520 seconds, Stopping threads took: 0.0000570 seconds
359.557: Application time: 0.0648140 seconds
359.557: [GC [PSYoungGen: 13821K->512K(15360K)] 17383K->4074K(50688K), 0.0004150 secs] [Times: user=0.00 sys=0.00, real=0.00 secs] 
359.558: Total time for which application threads were stopped: 0.0005380 seconds, Stopping threads took: 0.0000650 seconds
359.622: Application time: 0.0648610 seconds
359.624: [GC [PSYoungGen: 13821K->480K(15360K)] 17383K->4042K(50688K), 0.0004060 secs] [Times: user=0.00 sys=0.00, real=0.00 secs] 
359.625: Total time for which application threads were stopped: 0.0023440 seconds, Stopping threads took: 0.0018770 seconds
359.690: Application time: 0.0649040 seconds
359.690: [GC [PSYoungGen: 13789K->512K(15360K)] 17351K->4074K(50688K), 0.0003970 secs] [Times: user=0.00 sys=0.00, real=0.00 secs] 
359.690: Total time for which application threads were stopped: 0.0005020 seconds, Stopping threads took: 0.0000490 seconds
359.755: Application time: 0.0647870 seconds
359.755: [GC [PSYoungGen: 13821K->512K(15360K)] 17383K->4074K(50688K), 0.0004400 secs] [Times: user=0.00 sys=0.00, real=0.00 secs] 
359.756: Total time for which application threads were stopped: 0.0005680 seconds, Stopping threads took: 0.0000570 seconds
359.805: Application time: 0.0496820 seconds
359.805: [GC [PSYoungGen: 13823K->704K(15360K)] 17385K->4266K(50688K), 0.0004340 secs] [Times: user=0.00 sys=0.00, real=0.00 secs] 
359.806: Total time for which application threads were stopped: 0.0005480 seconds, Stopping threads took: 0.0000550 seconds
359.854: Application time: 0.0481190 seconds
359.854: [GC [PSYoungGen: 14011K->960K(15360K)] 17573K->4522K(50688K), 0.0004650 secs] [Times: user=0.00 sys=0.00, real=0.00 secs] 
359.854: Total time for which application threads were stopped: 0.0005830 seconds, Stopping threads took: 0.0000610 seconds
359.905: Application time: 0.0507000 seconds
359.905: [GC [PSYoungGen: 14269K->960K(15360K)] 17831K->4522K(50688K), 0.0004700 secs] [Times: user=0.00 sys=0.00, real=0.00 secs] 
359.906: Total time for which application threads were stopped: 0.0005880 seconds, Stopping threads took: 0.0000570 seconds
359.956: Application time: 0.0503400 seconds
359.956: Total time for which application threads were stopped: 0.0000860 seconds, Stopping threads took: 0.0000660 seconds
359.956: Application time: 0.0000790 seconds
359.956: [GC [PSYoungGen: 14188K->992K(15360K)] 17878K->4682K(50688K), 0.0005420 secs] [Times: user=0.00 sys=0.00, real=0.00 secs] 
359.957: Total time for which application threads were stopped: 0.0006200 seconds, Stopping threads took: 0.0000330 seconds
360.013: Application time: 0.0561550 seconds
360.013: [GC [PSYoungGen: 14301K->1024K(15360K)] 18275K->4998K(50688K), 0.0004910 secs] [Times: user=0.00 sys=0.00, real=0.00 secs] 
360.014: Total time for which application threads were stopped: 0.0005970 seconds, Stopping threads took: 0.0000510 seconds
360.074: Application time: 0.0605540 seconds
360.074: [GC [PSYoungGen: 14334K->1216K(15360K)] 18309K->5190K(50688K), 0.0005130 secs] [Times: user=0.01 sys=0.00, real=0.00 secs] 
360.075: Total time for which application threads were stopped: 0.0006340 seconds, Stopping threads took: 0.0000590 seconds
360.121: Application time: 0.0463240 seconds
360.121: [GC [PSYoungGen: 14525K->1248K(15360K)] 18499K->5222K(50688K), 0.0005060 secs] [Times: user=0.01 sys=0.00, real=0.00 secs] 
360.122: Total time for which application threads were stopped: 0.0006240 seconds, Stopping threads took: 0.0000590 seconds
360.167: Application time: 0.0452500 seconds
360.167: [GC [PSYoungGen: 14558K->1424K(15360K)] 18532K->5398K(50688K), 0.0005250 secs] [Times: user=0.00 sys=0.00, real=0.00 secs] 
360.168: Total time for which application threads were stopped: 0.0006370 seconds, Stopping threads took: 0.0000540 seconds
360.224: Application time: 0.0559410 seconds
360.224: [GC [PSYoungGen: 14736K->1472K(15360K)] 18710K->5446K(50688K), 0.0006220 secs] [Times: user=0.00 sys=0.00, real=0.00 secs] 
360.224: Total time for which application threads were stopped: 0.0007520 seconds, Stopping threads took: 0.0000620 seconds
360.284: Application time: 0.0595760 seconds
360.284: [GC [PSYoungGen: 14783K->1536K(15360K)] 18757K->5510K(50688K), 0.0005940 secs] [Times: user=0.00 sys=0.00, real=0.00 secs] 
360.285: Total time for which application threads were stopped: 0.0007310 seconds, Stopping threads took: 0.0000700 seconds
360.346: Application time: 0.0617280 seconds
360.346: [GC [PSYoungGen: 14844K->1184K(15360K)] 18819K->5567K(50688K), 0.0005970 secs] [Times: user=0.00 sys=0.00, real=0.00 secs] 
360.347: Total time for which application threads were stopped: 0.0007060 seconds, Stopping threads took: 0.0000500 seconds
360.408: Application time: 0.0613620 seconds
360.409: [GC [PSYoungGen: 14493K->1296K(15360K)] 18876K->5679K(50688K), 0.0005530 secs] [Times: user=0.00 sys=0.00, real=0.00 secs] 
360.409: Total time for which application threads were stopped: 0.0006680 seconds, Stopping threads took: 0.0000580 seconds
360.474: Application time: 0.0644570 seconds
360.474: [GC [PSYoungGen: 14605K->1344K(15360K)] 18989K->5727K(50688K), 0.0006200 secs] [Times: user=0.00 sys=0.00, real=0.00 secs] 
360.474: Total time for which application threads were stopped: 0.0007410 seconds, Stopping threads took: 0.0000620 seconds
360.538: Application time: 0.0639110 seconds
360.538: [GC [PSYoungGen: 14653K->1328K(15360K)] 19037K->5711K(50688K), 0.0005700 secs] [Times: user=0.00 sys=0.00, real=0.00 secs] 
360.539: Total time for which application threads were stopped: 0.0006990 seconds, Stopping threads took: 0.0000690 seconds
360.589: Application time: 0.0500390 seconds
360.589: [GC [PSYoungGen: 14639K->1520K(15360K)] 19023K->5903K(50688K), 0.0006480 secs] [Times: user=0.00 sys=0.00, real=0.00 secs] 
360.590: Total time for which application threads were stopped: 0.0007870 seconds, Stopping threads took: 0.0000780 seconds
360.643: Application time: 0.0527720 seconds
360.643: [GC [PSYoungGen: 14829K->1408K(15360K)] 19212K->5791K(50688K), 0.0006020 secs] [Times: user=0.01 sys=0.00, real=0.00 secs] 
360.643: Total time for which application threads were stopped: 0.0007210 seconds, Stopping threads took: 0.0000640 seconds
360.706: Application time: 0.0631170 seconds
360.706: [GC [PSYoungGen: 14716K->1440K(15360K)] 19100K->5871K(50688K), 0.0005860 secs] [Times: user=0.00 sys=0.00, real=0.00 secs] 
360.707: Total time for which application threads were stopped: 0.0006980 seconds, Stopping threads took: 0.0000510 seconds
360.773: Application time: 0.0656680 seconds
360.773: [GC [PSYoungGen: 14749K->1472K(15360K)] 19181K->5903K(50688K), 0.0005700 secs] [Times: user=0.00 sys=0.00, real=0.00 secs] 
360.773: Total time for which application threads were stopped: 0.0006880 seconds, Stopping threads took: 0.0000600 seconds
360.838: Application time: 0.0648600 seconds
360.838: [GC [PSYoungGen: 14783K->1392K(15360K)] 19215K->5823K(50688K), 0.0005910 secs] [Times: user=0.00 sys=0.00, real=0.00 secs] 
360.839: Total time for which application threads were stopped: 0.0007190 seconds, Stopping threads took: 0.0000590 seconds
360.896: Application time: 0.0568820 seconds
360.896: [GC [PSYoungGen: 14701K->1856K(15360K)] 19133K->6287K(50688K), 0.0009410 secs] [Times: user=0.00 sys=0.00, real=0.00 secs] 
360.897: Total time for which application threads were stopped: 0.0010630 seconds, Stopping threads took: 0.0000630 seconds
360.932: Application time: 0.0352700 seconds
360.932: [GC [PSYoungGen: 15165K->1840K(15360K)] 19597K->6271K(50688K), 0.0007470 secs] [Times: user=0.00 sys=0.00, real=0.00 secs] 
360.933: Total time for which application threads were stopped: 0.0008650 seconds, Stopping threads took: 0.0000600 seconds
360.989: Application time: 0.0560910 seconds
360.989: [GC [PSYoungGen: 15150K->1872K(15360K)] 19581K->6303K(50688K), 0.0006740 secs] [Times: user=0.01 sys=0.00, real=0.00 secs] 
360.990: Total time for which application threads were stopped: 0.0008030 seconds, Stopping threads took: 0.0000680 seconds
361.049: Application time: 0.0594050 seconds
361.050: [GC [PSYoungGen: 15181K->1872K(15360K)] 19613K->6303K(50688K), 0.0006780 secs] [Times: user=0.00 sys=0.00, real=0.00 secs] 
361.050: Total time for which application threads were stopped: 0.0008120 seconds, Stopping threads took: 0.0000750 seconds
361.114: Application time: 0.0642270 seconds
361.115: [GC [PSYoungGen: 15181K->1792K(15360K)] 19613K->6303K(50688K), 0.0006210 secs] [Times: user=0.01 sys=0.00, real=0.00 secs] 
361.115: Total time for which application threads were stopped: 0.0007300 seconds, Stopping threads took: 0.0000530 seconds
361.179: Application time: 0.0638410 seconds
361.179: [GC [PSYoungGen: 15101K->1584K(15360K)] 19613K->6332K(50688K), 0.0007020 secs] [Times: user=0.00 sys=0.00, real=0.00 secs] 
361.180: Total time for which application threads were stopped: 0.0008200 seconds, Stopping threads took: 0.0000600 seconds
361.245: Application time: 0.0647340 seconds
361.245: [GC [PSYoungGen: 14893K->1456K(15360K)] 19641K->6416K(50688K), 0.0006100 secs] [Times: user=0.00 sys=0.00, real=0.00 secs] 
361.245: Total time for which application threads were stopped: 0.0007250 seconds, Stopping threads took: 0.0000560 seconds
361.309: Application time: 0.0637130 seconds
361.309: [GC [PSYoungGen: 14765K->1120K(15360K)] 19726K->6333K(50688K), 0.0005680 secs] [Times: user=0.00 sys=0.00, real=0.00 secs] 
361.310: Total time for which application threads were stopped: 0.0006920 seconds, Stopping threads took: 0.0000640 seconds
361.370: Application time: 0.0603790 seconds
361.370: [GC [PSYoungGen: 14427K->1248K(15360K)] 19641K->6461K(50688K), 0.0005400 secs] [Times: user=0.00 sys=0.00, real=0.00 secs] 
361.371: Total time for which application threads were stopped: 0.0006590 seconds, Stopping threads took: 0.0000530 seconds
361.436: Application time: 0.0648620 seconds
361.436: [GC [PSYoungGen: 14557K->1152K(15360K)] 19770K->6365K(50688K), 0.0005890 secs] [Times: user=0.00 sys=0.00, real=0.00 secs] 
361.436: Total time for which application threads were stopped: 0.0007230 seconds, Stopping threads took: 0.0000720 seconds
361.501: Application time: 0.0649950 seconds
361.501: [GC [PSYoungGen: 14461K->960K(15360K)] 19674K->6410K(50688K), 0.0005450 secs] [Times: user=0.00 sys=0.00, real=0.00 secs] 
361.502: Total time for which application threads were stopped: 0.0006610 seconds, Stopping threads took: 0.0000580 seconds
361.567: Application time: 0.0649470 seconds
361.567: [GC [PSYoungGen: 14269K->736K(15360K)] 19719K->6406K(50688K), 0.0005050 secs] [Times: user=0.01 sys=0.00, real=0.00 secs] 
361.568: Total time for which application threads were stopped: 0.0006120 seconds, Stopping threads took: 0.0000480 seconds
361.632: Application time: 0.0648040 seconds
361.633: [GC [PSYoungGen: 14045K->704K(15360K)] 19716K->6374K(50688K), 0.0005430 secs] [Times: user=0.00 sys=0.00, real=0.00 secs] 
361.633: Total time for which application threads were stopped: 0.0006620 seconds, Stopping threads took: 0.0000640 seconds
361.682: Application time: 0.0487730 seconds
361.682: [GC [PSYoungGen: 14015K->960K(15360K)] 19686K->6630K(50688K), 0.0005000 secs] [Times: user=0.00 sys=0.00, real=0.00 secs] 
361.682: Total time for which application threads were stopped: 0.0006120 seconds, Stopping threads took: 0.0000560 seconds
361.731: Application time: 0.0489900 seconds
361.732: [GC [PSYoungGen: 14270K->1168K(15360K)] 19940K->6838K(50688K), 0.0005120 secs] [Times: user=0.00 sys=0.00, real=0.00 secs] 
361.732: Total time for which application threads were stopped: 0.0006320 seconds, Stopping threads took: 0.0000570 seconds
361.782: Application time: 0.0500010 seconds
361.782: [GC [PSYoungGen: 14479K->1216K(15360K)] 20149K->6938K(50688K), 0.0005280 secs] [Times: user=0.00 sys=0.00, real=0.00 secs] 
361.783: Total time for which application threads were stopped: 0.0006290 seconds, Stopping threads took: 0.0000440 seconds
361.832: Application time: 0.0492390 seconds
361.832: [GC [PSYoungGen: 14525K->1360K(15360K)] 20248K->7082K(50688K), 0.0005730 secs] [Times: user=0.01 sys=0.00, real=0.00 secs] 
361.833: Total time for which application threads were stopped: 0.0006890 seconds, Stopping threads took: 0.0000550 seconds
361.888: Application time: 0.0554960 seconds
361.888: [GC [PSYoungGen: 14671K->1344K(15360K)] 20394K->7106K(50688K), 0.0005380 secs] [Times: user=0.00 sys=0.00, real=0.00 secs] 
361.889: Total time for which application threads were stopped: 0.0006820 seconds, Stopping threads took: 0.0000740 seconds
361.951: Application time: 0.0624020 seconds
361.951: [GC [PSYoungGen: 14652K->1184K(15360K)] 20415K->7159K(50688K), 0.0005340 secs] [Times: user=0.00 sys=0.00, real=0.00 secs] 
361.952: Total time for which application threads were stopped: 0.0006570 seconds, Stopping threads took: 0.0000650 seconds
361.997: Application time: 0.0451740 seconds
361.997: [GC [PSYoungGen: 14495K->1376K(15360K)] 20470K->7351K(50688K), 0.0005420 secs] [Times: user=0.00 sys=0.00, real=0.00 secs] 
361.998: Total time for which application threads were stopped: 0.0006640 seconds, Stopping threads took: 0.0000640 seconds
362.044: Application time: 0.0467210 seconds
362.045: [GC [PSYoungGen: 14683K->1552K(15360K)] 20658K->7527K(50688K), 0.0005940 secs] [Times: user=0.00 sys=0.00, real=0.00 secs] 
362.045: Total time for which application threads were stopped: 0.0007060 seconds, Stopping threads took: 0.0000540 seconds
362.099: Application time: 0.0535900 seconds
362.099: [GC [PSYoungGen: 14862K->1568K(15360K)] 20837K->7543K(50688K), 0.0006540 secs] [Times: user=0.00 sys=0.00, real=0.00 secs] 
362.100: Total time for which application threads were stopped: 0.0007680 seconds, Stopping threads took: 0.0000510 seconds
362.159: Application time: 0.0595550 seconds
362.159: [GC [PSYoungGen: 14879K->1648K(15360K)] 20854K->7623K(50688K), 0.0006260 secs] [Times: user=0.00 sys=0.00, real=0.00 secs] 
362.160: Total time for which application threads were stopped: 0.0007490 seconds, Stopping threads took: 0.0000660 seconds
362.221: Application time: 0.0615180 seconds
362.221: [GC [PSYoungGen: 14956K->1184K(15360K)] 20932K->7587K(50688K), 0.0006150 secs] [Times: user=0.00 sys=0.00, real=0.00 secs] 
362.222: Total time for which application threads were stopped: 0.0007280 seconds, Stopping threads took: 0.0000560 seconds
362.283: Application time: 0.0613310 seconds
362.283: [GC [PSYoungGen: 14495K->1232K(15360K)] 20899K->7635K(50688K), 0.0005590 secs] [Times: user=0.00 sys=0.00, real=0.00 secs] 
362.284: Total time for which application threads were stopped: 0.0006610 seconds, Stopping threads took: 0.0000410 seconds
362.348: Application time: 0.0642850 seconds
362.348: [GC [PSYoungGen: 14541K->1248K(15360K)] 20945K->7651K(50688K), 0.0005620 secs] [Times: user=0.00 sys=0.00, real=0.00 secs] 
362.349: Total time for which application threads were stopped: 0.0007000 seconds, Stopping threads took: 0.0000780 seconds
362.415: Application time: 0.0659020 seconds
362.415: [GC [PSYoungGen: 14557K->1248K(15360K)] 20961K->7651K(50688K), 0.0006050 secs] [Times: user=0.01 sys=0.00, real=0.00 secs] 
362.416: Total time for which application threads were stopped: 0.0007240 seconds, Stopping threads took: 0.0000530 seconds
362.470: Application time: 0.0546270 seconds
362.470: [GC [PSYoungGen: 14559K->1536K(15360K)] 20963K->7939K(50688K), 0.0005670 secs] [Times: user=0.00 sys=0.00, real=0.00 secs] 
362.471: Total time for which application threads were stopped: 0.0007000 seconds, Stopping threads took: 0.0000740 seconds
362.519: Application time: 0.0483800 seconds
362.519: [GC [PSYoungGen: 14844K->1488K(15360K)] 21248K->7891K(50688K), 0.0005960 secs] [Times: user=0.00 sys=0.00, real=0.00 secs] 
362.520: Total time for which application threads were stopped: 0.0006980 seconds, Stopping threads took: 0.0000450 seconds
362.583: Application time: 0.0633450 seconds
362.584: [GC [PSYoungGen: 14796K->1408K(15360K)] 21200K->7851K(50688K), 0.0006280 secs] [Times: user=0.00 sys=0.00, real=0.00 secs] 
362.584: Total time for which application threads were stopped: 0.0007490 seconds, Stopping threads took: 0.0000600 seconds
362.649: Application time: 0.0644350 seconds
362.649: [GC [PSYoungGen: 14717K->1440K(15360K)] 21161K->7883K(50688K), 0.0006090 secs] [Times: user=0.00 sys=0.00, real=0.00 secs] 
362.649: Total time for which application threads were stopped: 0.0007270 seconds, Stopping threads took: 0.0000490 seconds
362.714: Application time: 0.0641310 seconds
362.716: [GC [PSYoungGen: 14749K->1440K(15360K)] 21193K->7883K(50688K), 0.0006300 secs] [Times: user=0.01 sys=0.00, real=0.00 secs] 
362.717: Total time for which application threads were stopped: 0.0034810 seconds, Stopping threads took: 0.0027900 seconds
362.777: Application time: 0.0595820 seconds
362.777: [GC [PSYoungGen: 14747K->1888K(15360K)] 21191K->8331K(50688K), 0.0006880 secs] [Times: user=0.01 sys=0.00, real=0.00 secs] 
362.777: Total time for which application threads were stopped: 0.0008040 seconds, Stopping threads took: 0.0000550 seconds
362.815: Application time: 0.0378850 seconds
362.815: [GC [PSYoungGen: 15198K->1808K(15360K)] 21642K->8251K(50688K), 0.0006730 secs] [Times: user=0.00 sys=0.00, real=0.00 secs] 
362.816: Total time for which application threads were stopped: 0.0007930 seconds, Stopping threads took: 0.0000610 seconds
362.867: Application time: 0.0507460 seconds
362.867: [GC [PSYoungGen: 15117K->1920K(15360K)] 21561K->8363K(50688K), 0.0007120 secs] [Times: user=0.00 sys=0.00, real=0.00 secs] 
362.868: Total time for which application threads were stopped: 0.0008410 seconds, Stopping threads took: 0.0000710 seconds
362.926: Application time: 0.0586610 seconds
362.926: [GC [PSYoungGen: 15231K->1920K(15360K)] 21675K->8363K(50688K), 0.0006210 secs] [Times: user=0.01 sys=0.00, real=0.00 secs] 
362.927: Total time for which application threads were stopped: 0.0007480 seconds, Stopping threads took: 0.0000630 seconds
362.984: Application time: 0.0572780 seconds
362.984: [GC [PSYoungGen: 15231K->1792K(15360K)] 21675K->8307K(50688K), 0.0006660 secs] [Times: user=0.01 sys=0.00, real=0.00 secs] 
362.985: Total time for which application threads were stopped: 0.0007800 seconds, Stopping threads took: 0.0000580 seconds
363.043: Application time: 0.0580160 seconds
363.043: [GC [PSYoungGen: 15101K->1584K(15360K)] 21617K->8340K(50688K), 0.0007040 secs] [Times: user=0.00 sys=0.00, real=0.00 secs] 
363.044: Total time for which application threads were stopped: 0.0008300 seconds, Stopping threads took: 0.0000670 seconds
363.103: Application time: 0.0588810 seconds
363.103: [GC [PSYoungGen: 14893K->1440K(15360K)] 21649K->8392K(50688K), 0.0005390 secs] [Times: user=0.01 sys=0.00, real=0.00 secs] 
363.104: Total time for which application threads were stopped: 0.0006480 seconds, Stopping threads took: 0.0000580 seconds
363.162: Application time: 0.0585820 seconds
363.162: [GC [PSYoungGen: 14749K->1136K(15360K)] 21702K->8320K(50688K), 0.0005790 secs] [Times: user=0.01 sys=0.00, real=0.00 secs] 
363.163: Total time for which application threads were stopped: 0.0006870 seconds, Stopping threads took: 0.0000520 seconds
363.219: Application time: 0.0563070 seconds
363.219: [GC [PSYoungGen: 14444K->1216K(15360K)] 21629K->8400K(50688K), 0.0005350 secs] [Times: user=0.00 sys=0.00, real=0.01 secs] 
363.221: Total time for which application threads were stopped: 0.0016530 seconds, Stopping threads took: 0.0000500 seconds
363.278: Application time: 0.0570150 seconds
363.278: [GC [PSYoungGen: 14525K->1232K(15360K)] 21710K->8416K(50688K), 0.0005430 secs] [Times: user=0.01 sys=0.00, real=0.00 secs] 
363.278: Total time for which application threads were stopped: 0.0006610 seconds, Stopping threads took: 0.0000630 seconds
363.338: Application time: 0.0591810 seconds
363.338: [GC [PSYoungGen: 14541K->928K(15360K)] 21726K->8352K(50688K), 0.0006340 secs] [Times: user=0.01 sys=0.00, real=0.00 secs] 
363.338: Total time for which application threads were stopped: 0.0007600 seconds, Stopping threads took: 0.0000680 seconds
363.397: Application time: 0.0589200 seconds
363.400: [GC [PSYoungGen: 14237K->800K(15360K)] 21662K->8453K(50688K), 0.0004980 secs] [Times: user=0.00 sys=0.00, real=0.00 secs] 
363.401: Total time for which application threads were stopped: 0.0035610 seconds, Stopping threads took: 0.0030100 seconds
363.460: Application time: 0.0589520 seconds
363.460: [GC [PSYoungGen: 14111K->736K(15360K)] 21764K->8389K(50688K), 0.0005050 secs] [Times: user=0.00 sys=0.00, real=0.01 secs] 
363.460: Total time for which application threads were stopped: 0.0006450 seconds, Stopping threads took: 0.0000790 seconds
363.505: Application time: 0.0442630 seconds
363.505: [GC [PSYoungGen: 14047K->960K(15360K)] 21701K->8613K(50688K), 0.0004830 secs] [Times: user=0.01 sys=0.00, real=0.00 secs] 
363.505: Total time for which application threads were stopped: 0.0005960 seconds, Stopping threads took: 0.0000570 seconds
363.549: Application time: 0.0435780 seconds
363.549: [GC [PSYoungGen: 14267K->1248K(15360K)] 21920K->8901K(50688K), 0.0005180 secs] [Times: user=0.01 sys=0.00, real=0.00 secs] 
363.550: Total time for which application threads were stopped: 0.0006390 seconds, Stopping threads took: 0.0000640 seconds
363.597: Application time: 0.0471840 seconds
363.597: [GC [PSYoungGen: 14559K->1200K(15360K)] 22212K->8901K(50688K), 0.0005200 secs] [Times: user=0.01 sys=0.00, real=0.00 secs] 
363.597: Total time for which application threads were stopped: 0.0006390 seconds, Stopping threads took: 0.0000620 seconds
363.640: Application time: 0.0426020 seconds
363.640: [GC [PSYoungGen: 14509K->1376K(15360K)] 22210K->9077K(50688K), 0.0005660 secs] [Times: user=0.00 sys=0.00, real=0.01 secs] 
363.641: Total time for which application threads were stopped: 0.0006770 seconds, Stopping threads took: 0.0000550 seconds
363.694: Application time: 0.0529050 seconds
363.694: [GC [PSYoungGen: 14686K->1312K(15360K)] 22388K->9053K(50688K), 0.0005360 secs] [Times: user=0.01 sys=0.00, real=0.00 secs] 
363.694: Total time for which application threads were stopped: 0.0006510 seconds, Stopping threads took: 0.0000590 seconds
363.751: Application time: 0.0564580 seconds
363.751: [GC [PSYoungGen: 14620K->1344K(15360K)] 22362K->9085K(50688K), 0.0005890 secs] [Times: user=0.00 sys=0.00, real=0.00 secs] 
363.751: Total time for which application threads were stopped: 0.0006950 seconds, Stopping threads took: 0.0000510 seconds
363.794: Application time: 0.0430560 seconds
363.795: [GC [PSYoungGen: 14655K->1312K(15360K)] 22397K->9257K(50688K), 0.0005810 secs] [Times: user=0.00 sys=0.00, real=0.00 secs] 
363.795: Total time for which application threads were stopped: 0.0006930 seconds, Stopping threads took: 0.0000540 seconds
363.834: Application time: 0.0392150 seconds
363.834: [GC [PSYoungGen: 14620K->1520K(15360K)] 22566K->9465K(50688K), 0.0005540 secs] [Times: user=0.00 sys=0.00, real=0.00 secs] 
363.835: Total time for which application threads were stopped: 0.0006760 seconds, Stopping threads took: 0.0000670 seconds
363.886: Application time: 0.0508590 seconds
363.886: [GC [PSYoungGen: 14832K->1568K(15360K)] 22777K->9513K(50688K), 0.0005250 secs] [Times: user=0.01 sys=0.00, real=0.00 secs] 
363.886: Total time for which application threads were stopped: 0.0006330 seconds, Stopping threads took: 0.0000560 seconds
363.941: Application time: 0.0541470 seconds
363.941: [GC [PSYoungGen: 14877K->1568K(15360K)] 22822K->9513K(50688K), 0.0005920 secs] [Times: user=0.00 sys=0.00, real=0.00 secs] 
363.941: Total time for which application threads were stopped: 0.0006880 seconds, Stopping threads took: 0.0000390 seconds
363.997: Application time: 0.0560080 seconds
363.997: [GC [PSYoungGen: 14876K->1648K(15360K)] 22822K->9593K(50688K), 0.0006140 secs] [Times: user=0.00 sys=0.00, real=0.00 secs] 
363.998: Total time for which application threads were stopped: 0.0007270 seconds, Stopping threads took: 0.0000480 seconds
364.054: Application time: 0.0560400 seconds
364.054: [GC [PSYoungGen: 14959K->1312K(15360K)] 22905K->9670K(50688K), 0.0005810 secs] [Times: user=0.00 sys=0.00, real=0.00 secs] 
364.055: Total time for which application threads were stopped: 0.0006960 seconds, Stopping threads took: 0.0000600 seconds
364.113: Application time: 0.0584280 seconds
364.113: [GC [PSYoungGen: 14621K->1232K(15360K)] 22979K->9590K(50688K), 0.0005280 secs] [Times: user=0.00 sys=0.00, real=0.00 secs] 
364.114: Total time for which application threads were stopped: 0.0006360 seconds, Stopping threads took: 0.0000440 seconds
364.172: Application time: 0.0582700 seconds
364.172: [GC [PSYoungGen: 14541K->1264K(15360K)] 22899K->9622K(50688K), 0.0005430 secs] [Times: user=0.00 sys=0.00, real=0.00 secs] 
364.173: Total time for which application threads were stopped: 0.0006550 seconds, Stopping threads took: 0.0000550 seconds
364.228: Application time: 0.0556320 seconds
364.232: [GC [PSYoungGen: 14571K->1296K(15360K)] 22930K->9654K(50688K), 0.0005820 secs] [Times: user=0.00 sys=0.00, real=0.00 secs] 
364.233: Total time for which application threads were stopped: 0.0044880 seconds, Stopping threads took: 0.0038510 seconds
364.274: Application time: 0.0415660 seconds
364.275: [GC [PSYoungGen: 14608K->1504K(15360K)] 22966K->9862K(50688K), 0.0006080 secs] [Times: user=0.00 sys=0.00, real=0.00 secs] 
364.275: Total time for which application threads were stopped: 0.0007370 seconds, Stopping threads took: 0.0000730 seconds
364.330: Application time: 0.0551960 seconds
364.331: [GC [PSYoungGen: 14815K->1456K(15360K)] 23173K->9854K(50688K), 0.0005680 secs] [Times: user=0.01 sys=0.00, real=0.00 secs] 
364.331: Total time for which application threads were stopped: 0.0006750 seconds, Stopping threads took: 0.0000520 seconds
364.389: Application time: 0.0576820 seconds
364.389: [GC [PSYoungGen: 14767K->1440K(15360K)] 23165K->9838K(50688K), 0.0005730 secs] [Times: user=0.01 sys=0.00, real=0.00 secs] 
364.389: Total time for which application threads were stopped: 0.0006760 seconds, Stopping threads took: 0.0000450 seconds
364.449: Application time: 0.0599430 seconds
364.450: [GC [PSYoungGen: 14749K->1392K(15360K)] 23147K->9790K(50688K), 0.0005630 secs] [Times: user=0.00 sys=0.00, real=0.00 secs] 
364.450: Total time for which application threads were stopped: 0.0006830 seconds, Stopping threads took: 0.0000650 seconds
364.507: Application time: 0.0572590 seconds
364.507: [GC [PSYoungGen: 14700K->1616K(15360K)] 23099K->10014K(50688K), 0.0005820 secs] [Times: user=0.00 sys=0.00, real=0.00 secs] 
364.508: Total time for which application threads were stopped: 0.0006980 seconds, Stopping threads took: 0.0000500 seconds
364.542: Application time: 0.0341840 seconds
364.542: [GC [PSYoungGen: 14927K->1824K(15360K)] 23325K->10222K(50688K), 0.0006840 secs] [Times: user=0.00 sys=0.00, real=0.00 secs] 
364.543: Total time for which application threads were stopped: 0.0008050 seconds, Stopping threads took: 0.0000650 seconds
364.588: Application time: 0.0451330 seconds
364.588: [GC [PSYoungGen: 15135K->1856K(15360K)] 23533K->10254K(50688K), 0.0006710 secs] [Times: user=0.00 sys=0.00, real=0.00 secs] 
364.589: Total time for which application threads were stopped: 0.0007960 seconds, Stopping threads took: 0.0000700 seconds
364.644: Application time: 0.0551080 seconds
364.644: [GC [PSYoungGen: 15166K->1984K(15360K)] 23565K->10382K(50688K), 0.0006630 secs] [Times: user=0.00 sys=0.00, real=0.00 secs] 
364.645: Total time for which application threads were stopped: 0.0007810 seconds, Stopping threads took: 0.0000620 seconds
364.701: Application time: 0.0564180 seconds
364.701: [GC [PSYoungGen: 15292K->1904K(15360K)] 23691K->10390K(50688K), 0.0007450 secs] [Times: user=0.00 sys=0.00, real=0.00 secs] 
364.702: Total time for which application threads were stopped: 0.0008470 seconds, Stopping threads took: 0.0000470 seconds
364.760: Application time: 0.0582210 seconds
364.760: [GC [PSYoungGen: 15213K->1616K(15360K)] 23700K->10326K(50688K), 0.0006360 secs] [Times: user=0.01 sys=0.00, real=0.00 secs] 
364.761: Total time for which application threads were stopped: 0.0007570 seconds, Stopping threads took: 0.0000620 seconds
364.819: Application time: 0.0581460 seconds
364.819: [GC [PSYoungGen: 14925K->1440K(15360K)] 23636K->10355K(50688K), 0.0006170 secs] [Times: user=0.01 sys=0.00, real=0.00 secs] 
364.820: Total time for which application threads were stopped: 0.0007390 seconds, Stopping threads took: 0.0000670 seconds
364.878: Application time: 0.0581140 seconds
364.878: [GC [PSYoungGen: 14749K->1136K(15360K)] 23664K->10291K(50688K), 0.0005580 secs] [Times: user=0.00 sys=0.00, real=0.00 secs] 
364.879: Total time for which application threads were stopped: 0.0006780 seconds, Stopping threads took: 0.0000640 seconds
364.937: Application time: 0.0577300 seconds
364.937: [GC [PSYoungGen: 14447K->1152K(15360K)] 23602K->10307K(50688K), 0.0005250 secs] [Times: user=0.00 sys=0.00, real=0.00 secs] 
364.937: Total time for which application threads were stopped: 0.0006480 seconds, Stopping threads took: 0.0000670 seconds
364.993: Application time: 0.0560660 seconds
364.993: [GC [PSYoungGen: 14459K->1216K(15360K)] 23614K->10371K(50688K), 0.0005190 secs] [Times: user=0.00 sys=0.00, real=0.00 secs] 
364.994: Total time for which application threads were stopped: 0.0006390 seconds, Stopping threads took: 0.0000630 seconds
365.053: Application time: 0.0590780 seconds
365.053: [GC [PSYoungGen: 14525K->960K(15360K)] 23680K->10319K(50688K), 0.0005340 secs] [Times: user=0.00 sys=0.00, real=0.00 secs] 
365.054: Total time for which application threads were stopped: 0.0006540 seconds, Stopping threads took: 0.0000540 seconds
365.113: Application time: 0.0592940 seconds
365.113: [GC [PSYoungGen: 14269K->736K(15360K)] 23629K->10348K(50688K), 0.0004600 secs] [Times: user=0.00 sys=0.00, real=0.00 secs] 
365.114: Total time for which application threads were stopped: 0.0005640 seconds, Stopping threads took: 0.0000500 seconds
365.172: Application time: 0.0588910 seconds
365.172: [GC [PSYoungGen: 14045K->768K(15360K)] 23657K->10380K(50688K), 0.0004480 secs] [Times: user=0.00 sys=0.00, real=0.00 secs] 
365.173: Total time for which application threads were stopped: 0.0005460 seconds, Stopping threads took: 0.0000440 seconds
365.216: Application time: 0.0428940 seconds
365.216: [GC [PSYoungGen: 14077K->992K(15360K)] 23689K->10604K(50688K), 0.0004980 secs] [Times: user=0.00 sys=0.00, real=0.00 secs] 
365.216: Total time for which application threads were stopped: 0.0006050 seconds, Stopping threads took: 0.0000510 seconds
365.265: Application time: 0.0489850 seconds
365.266: [GC [PSYoungGen: 14256K->1024K(15360K)] 23868K->10636K(50688K), 0.0004890 secs] [Times: user=0.00 sys=0.00, real=0.00 secs] 
365.266: Total time for which application threads were stopped: 0.0006070 seconds, Stopping threads took: 0.0000610 seconds
365.309: Application time: 0.0429470 seconds
365.312: [GC [PSYoungGen: 14334K->1200K(15360K)] 23946K->10812K(50688K), 0.0005140 secs] [Times: user=0.00 sys=0.00, real=0.00 secs] 
365.313: Total time for which application threads were stopped: 0.0038500 seconds, Stopping threads took: 0.0032810 seconds
365.358: Application time: 0.0455640 seconds
365.359: [GC [PSYoungGen: 14509K->1408K(15360K)] 24122K->11060K(50688K), 0.0005650 secs] [Times: user=0.00 sys=0.00, real=0.00 secs] 
365.359: Total time for which application threads were stopped: 0.0007010 seconds, Stopping threads took: 0.0000810 seconds
365.410: Application time: 0.0507730 seconds
365.410: [GC [PSYoungGen: 14716K->1344K(15360K)] 24368K->11036K(50688K), 0.0005270 secs] [Times: user=0.01 sys=0.00, real=0.00 secs] 
365.411: Total time for which application threads were stopped: 0.0006410 seconds, Stopping threads took: 0.0000600 seconds
365.468: Application time: 0.0571860 seconds
365.468: [GC [PSYoungGen: 14652K->1344K(15360K)] 24344K->11036K(50688K), 0.0005540 secs] [Times: user=0.00 sys=0.00, real=0.00 secs] 
365.469: Total time for which application threads were stopped: 0.0011760 seconds, Stopping threads took: 0.0005640 seconds
365.513: Application time: 0.0439510 seconds
365.513: [GC [PSYoungGen: 14653K->1312K(15360K)] 24345K->11216K(50688K), 0.0006240 secs] [Times: user=0.00 sys=0.00, real=0.00 secs] 
365.514: Total time for which application threads were stopped: 0.0007320 seconds, Stopping threads took: 0.0000520 seconds
365.553: Application time: 0.0392060 seconds
365.553: [GC [PSYoungGen: 14619K->1536K(15360K)] 24524K->11440K(50688K), 0.0005550 secs] [Times: user=0.01 sys=0.00, real=0.00 secs] 
365.553: Total time for which application threads were stopped: 0.0006750 seconds, Stopping threads took: 0.0000570 seconds
365.603: Application time: 0.0499470 seconds
365.604: [GC [PSYoungGen: 14846K->1568K(15360K)] 24750K->11472K(50688K), 0.0006370 secs] [Times: user=0.01 sys=0.00, real=0.00 secs] 
365.604: Total time for which application threads were stopped: 0.0007580 seconds, Stopping threads took: 0.0000510 seconds
365.658: Application time: 0.0543230 seconds
365.659: [GC [PSYoungGen: 14879K->1696K(15360K)] 24783K->11600K(50688K), 0.0005990 secs] [Times: user=0.00 sys=0.00, real=0.00 secs] 
365.659: Total time for which application threads were stopped: 0.0007210 seconds, Stopping threads took: 0.0000640 seconds
365.715: Application time: 0.0558770 seconds
365.715: [GC [PSYoungGen: 15004K->1616K(15360K)] 24909K->11520K(50688K), 0.0006160 secs] [Times: user=0.00 sys=0.00, real=0.00 secs] 
365.716: Total time for which application threads were stopped: 0.0007370 seconds, Stopping threads took: 0.0000660 seconds
365.771: Application time: 0.0556310 seconds
365.772: [GC [PSYoungGen: 14925K->1280K(15360K)] 24829K->11616K(50688K), 0.0006100 secs] [Times: user=0.00 sys=0.00, real=0.00 secs] 
365.772: Total time for which application threads were stopped: 0.0007190 seconds, Stopping threads took: 0.0000510 seconds
365.830: Application time: 0.0580520 seconds
365.830: [GC [PSYoungGen: 14589K->1232K(15360K)] 24926K->11568K(50688K), 0.0006050 secs] [Times: user=0.00 sys=0.00, real=0.00 secs] 
365.831: Total time for which application threads were stopped: 0.0007180 seconds, Stopping threads took: 0.0000580 seconds
365.890: Application time: 0.0585750 seconds
365.890: [GC [PSYoungGen: 14541K->1184K(15360K)] 24878K->11520K(50688K), 0.0005490 secs] [Times: user=0.01 sys=0.00, real=0.00 secs] 
365.890: Total time for which application threads were stopped: 0.0006720 seconds, Stopping threads took: 0.0000690 seconds
365.941: Application time: 0.0504240 seconds
365.944: [GC [PSYoungGen: 14494K->1504K(15360K)] 24831K->11840K(50688K), 0.0005910 secs] [Times: user=0.00 sys=0.00, real=0.00 secs] 
365.945: Total time for which application threads were stopped: 0.0042830 seconds, Stopping threads took: 0.0036370 seconds
365.989: Application time: 0.0436540 seconds
365.989: [GC [PSYoungGen: 14815K->1424K(15360K)] 25151K->11761K(50688K), 0.0006280 secs] [Times: user=0.00 sys=0.00, real=0.00 secs] 
365.989: Total time for which application threads were stopped: 0.0007370 seconds, Stopping threads took: 0.0000540 seconds
366.048: Application time: 0.0583040 seconds
366.048: [GC [PSYoungGen: 14733K->1472K(15360K)] 25069K->11856K(50688K), 0.0005960 secs] [Times: user=0.00 sys=0.00, real=0.01 secs] 
366.048: Total time for which application threads were stopped: 0.0007180 seconds, Stopping threads took: 0.0000640 seconds
366.108: Application time: 0.0594530 seconds
366.108: [GC [PSYoungGen: 14783K->1456K(15360K)] 25168K->11841K(50688K), 0.0005420 secs] [Times: user=0.01 sys=0.00, real=0.01 secs] 
366.108: Total time for which application threads were stopped: 0.0006490 seconds, Stopping threads took: 0.0000460 seconds
366.167: Application time: 0.0587220 seconds
366.167: [GC [PSYoungGen: 14765K->1376K(15360K)] 25150K->11760K(50688K), 0.0005990 secs] [Times: user=0.00 sys=0.00, real=0.00 secs] 
366.168: Total time for which application threads were stopped: 0.0007230 seconds, Stopping threads took: 0.0000710 seconds
366.227: Application time: 0.0589420 seconds
366.227: [GC [PSYoungGen: 14685K->1424K(15360K)] 25070K->11809K(50688K), 0.0005930 secs] [Times: user=0.01 sys=0.00, real=0.00 secs] 
366.228: Total time for which application threads were stopped: 0.0007110 seconds, Stopping threads took: 0.0000630 seconds
366.260: Application time: 0.0329360 seconds
366.261: [GC [PSYoungGen: 14732K->1856K(15360K)] 25117K->12241K(50688K), 0.0006680 secs] [Times: user=0.01 sys=0.00, real=0.00 secs] 
366.261: Total time for which application threads were stopped: 0.0007680 seconds, Stopping threads took: 0.0000440 seconds
366.305: Application time: 0.0436010 seconds
366.305: [GC [PSYoungGen: 15165K->1856K(15360K)] 25550K->12241K(50688K), 0.0006880 secs] [Times: user=0.01 sys=0.00, real=0.00 secs] 
366.306: Total time for which application threads were stopped: 0.0007840 seconds, Stopping threads took: 0.0000420 seconds
366.360: Application time: 0.0544180 seconds
366.360: [GC [PSYoungGen: 15163K->1904K(15360K)] 25548K->12289K(50688K), 0.0006560 secs] [Times: user=0.00 sys=0.00, real=0.01 secs] 
366.361: Total time for which application threads were stopped: 0.0007670 seconds, Stopping threads took: 0.0000560 seconds
366.418: Application time: 0.0571350 seconds
366.418: [GC [PSYoungGen: 15215K->1792K(15360K)] 25600K->12257K(50688K), 0.0006560 secs] [Times: user=0.00 sys=0.00, real=0.00 secs] 
366.419: Total time for which application threads were stopped: 0.0007790 seconds, Stopping threads took: 0.0000670 seconds
366.477: Application time: 0.0581610 seconds
366.477: [GC [PSYoungGen: 15101K->1552K(15360K)] 25566K->12277K(50688K), 0.0006460 secs] [Times: user=0.01 sys=0.00, real=0.00 secs] 
366.478: Total time for which application threads were stopped: 0.0007660 seconds, Stopping threads took: 0.0000630 seconds
366.536: Application time: 0.0582290 seconds
366.536: [GC [PSYoungGen: 14861K->1376K(15360K)] 25586K->12305K(50688K), 0.0006240 secs] [Times: user=0.01 sys=0.00, real=0.00 secs] 
366.537: Total time for which application threads were stopped: 0.0007490 seconds, Stopping threads took: 0.0000680 seconds
366.595: Application time: 0.0580030 seconds
366.595: [GC [PSYoungGen: 14685K->1088K(15360K)] 25615K->12270K(50688K), 0.0005610 secs] [Times: user=0.00 sys=0.00, real=0.00 secs] 
366.595: Total time for which application threads were stopped: 0.0006740 seconds, Stopping threads took: 0.0000570 seconds
366.653: Application time: 0.0574830 seconds
366.653: [GC [PSYoungGen: 14396K->1168K(15360K)] 25578K->12350K(50688K), 0.0005890 secs] [Times: user=0.00 sys=0.00, real=0.00 secs] 
366.654: Total time for which application threads were stopped: 0.0007050 seconds, Stopping threads took: 0.0000450 seconds
366.709: Application time: 0.0559070 seconds
366.710: [GC [PSYoungGen: 14478K->1232K(15360K)] 25660K->12414K(50688K), 0.0005790 secs] [Times: user=0.00 sys=0.00, real=0.00 secs] 
366.710: Total time for which application threads were stopped: 0.0006740 seconds, Stopping threads took: 0.0000410 seconds
366.769: Application time: 0.0588840 seconds
366.769: [GC [PSYoungGen: 14541K->928K(15360K)] 25723K->12346K(50688K), 0.0005530 secs] [Times: user=0.00 sys=0.00, real=0.00 secs] 
366.770: Total time for which application threads were stopped: 0.0006550 seconds, Stopping threads took: 0.0000460 seconds
366.829: Application time: 0.0591610 seconds
366.829: [GC [PSYoungGen: 14237K->704K(15360K)] 25656K->12343K(50688K), 0.0004790 secs] [Times: user=0.00 sys=0.00, real=0.00 secs] 
366.829: Total time for which application threads were stopped: 0.0005980 seconds, Stopping threads took: 0.0000630 seconds
366.888: Application time: 0.0586420 seconds
366.888: [GC [PSYoungGen: 14013K->736K(15360K)] 25652K->12375K(50688K), 0.0004960 secs] [Times: user=0.00 sys=0.00, real=0.01 secs] 
366.889: Total time for which application threads were stopped: 0.0006070 seconds, Stopping threads took: 0.0000540 seconds
366.934: Application time: 0.0448990 seconds
366.934: [GC [PSYoungGen: 14045K->960K(15360K)] 25685K->12599K(50688K), 0.0004890 secs] [Times: user=0.00 sys=0.00, real=0.00 secs] 
366.934: Total time for which application threads were stopped: 0.0006240 seconds, Stopping threads took: 0.0000730 seconds
366.987: Application time: 0.0526370 seconds
366.987: [GC [PSYoungGen: 14269K->1168K(15360K)] 25908K->12807K(50688K), 0.0005200 secs] [Times: user=0.00 sys=0.00, real=0.00 secs] 
366.987: Total time for which application threads were stopped: 0.0006260 seconds, Stopping threads took: 0.0000500 seconds
367.028: Application time: 0.0405440 seconds
367.028: [GC [PSYoungGen: 14478K->1216K(15360K)] 26117K->12855K(50688K), 0.0005450 secs] [Times: user=0.00 sys=0.00, real=0.01 secs] 
367.029: Total time for which application threads were stopped: 0.0006700 seconds, Stopping threads took: 0.0000600 seconds
367.079: Application time: 0.0503080 seconds
367.079: [GC [PSYoungGen: 14526K->1360K(15360K)] 26166K->13047K(50688K), 0.0005790 secs] [Times: user=0.01 sys=0.00, real=0.00 secs] 
367.080: Total time for which application threads were stopped: 0.0006860 seconds, Stopping threads took: 0.0000540 seconds
367.124: Application time: 0.0439190 seconds
367.124: [GC [PSYoungGen: 14668K->1344K(15360K)] 26356K->13087K(50688K), 0.0005180 secs] [Times: user=0.01 sys=0.00, real=0.00 secs] 
367.124: Total time for which application threads were stopped: 0.0006360 seconds, Stopping threads took: 0.0000530 seconds
367.182: Application time: 0.0574280 seconds
367.182: [GC [PSYoungGen: 14655K->1328K(15360K)] 26398K->13071K(50688K), 0.0005370 secs] [Times: user=0.00 sys=0.00, real=0.00 secs] 
367.182: Total time for which application threads were stopped: 0.0006790 seconds, Stopping threads took: 0.0000770 seconds
367.231: Application time: 0.0484840 seconds
367.231: [GC [PSYoungGen: 14638K->1344K(15360K)] 26381K->13287K(50688K), 0.0006090 secs] [Times: user=0.01 sys=0.00, real=0.00 secs] 
367.232: Total time for which application threads were stopped: 0.0007180 seconds, Stopping threads took: 0.0000540 seconds
367.269: Application time: 0.0370390 seconds
367.269: [GC [PSYoungGen: 14653K->1536K(15360K)] 26597K->13479K(50688K), 0.0005770 secs] [Times: user=0.00 sys=0.00, real=0.00 secs] 
367.269: Total time for which application threads were stopped: 0.0006820 seconds, Stopping threads took: 0.0000490 seconds
367.318: Application time: 0.0487670 seconds
367.318: [GC [PSYoungGen: 14845K->1568K(15360K)] 26789K->13511K(50688K), 0.0005810 secs] [Times: user=0.00 sys=0.00, real=0.00 secs] 
367.319: Total time for which application threads were stopped: 0.0006950 seconds, Stopping threads took: 0.0000570 seconds
367.372: Application time: 0.0534030 seconds
367.372: [GC [PSYoungGen: 14876K->1696K(15360K)] 26820K->13639K(50688K), 0.0005860 secs] [Times: user=0.00 sys=0.00, real=0.00 secs] 
367.373: Total time for which application threads were stopped: 0.0007070 seconds, Stopping threads took: 0.0000630 seconds
367.429: Application time: 0.0562290 seconds
367.429: [GC [PSYoungGen: 15004K->1584K(15360K)] 26947K->13527K(50688K), 0.0006060 secs] [Times: user=0.01 sys=0.00, real=0.00 secs] 
367.430: Total time for which application threads were stopped: 0.0007090 seconds, Stopping threads took: 0.0000470 seconds
367.488: Application time: 0.0578920 seconds
367.488: [GC [PSYoungGen: 14893K->1184K(15360K)] 26837K->13528K(50688K), 0.0006110 secs] [Times: user=0.00 sys=0.00, real=0.01 secs] 
367.488: Total time for which application threads were stopped: 0.0007430 seconds, Stopping threads took: 0.0000760 seconds
367.544: Application time: 0.0559440 seconds
367.544: [GC [PSYoungGen: 14495K->1296K(15360K)] 26840K->13640K(50688K), 0.0005590 secs] [Times: user=0.00 sys=0.00, real=0.00 secs] 
367.545: Total time for which application threads were stopped: 0.0006870 seconds, Stopping threads took: 0.0000710 seconds
367.603: Application time: 0.0583230 seconds
367.604: [GC [PSYoungGen: 14605K->1232K(15360K)] 26950K->13576K(50688K), 0.0005730 secs] [Times: user=0.00 sys=0.00, real=0.00 secs] 
367.605: Total time for which application threads were stopped: 0.0015130 seconds, Stopping threads took: 0.0008850 seconds
367.655: Application time: 0.0505090 seconds
367.656: [GC [PSYoungGen: 14540K->1504K(15360K)] 26884K->13848K(50688K), 0.0005500 secs] [Times: user=0.00 sys=0.00, real=0.00 secs] 
367.657: Total time for which application threads were stopped: 0.0014660 seconds, Stopping threads took: 0.0008630 seconds
367.703: Application time: 0.0456320 seconds
367.703: [GC [PSYoungGen: 14813K->1504K(15360K)] 27157K->13848K(50688K), 0.0006620 secs] [Times: user=0.00 sys=0.00, real=0.00 secs] 
367.703: Total time for which application threads were stopped: 0.0007840 seconds, Stopping threads took: 0.0000570 seconds
367.760: Application time: 0.0570180 seconds
367.760: [GC [PSYoungGen: 14812K->1424K(15360K)] 27157K->13768K(50688K), 0.0005850 secs] [Times: user=0.01 sys=0.00, real=0.00 secs] 
367.761: Total time for which application threads were stopped: 0.0007070 seconds, Stopping threads took: 0.0000650 seconds
367.821: Application time: 0.0594850 seconds
367.821: [GC [PSYoungGen: 14733K->1376K(15360K)] 27078K->13760K(50688K), 0.0005810 secs] [Times: user=0.01 sys=0.00, real=0.00 secs] 
367.821: Total time for which application threads were stopped: 0.0006980 seconds, Stopping threads took: 0.0000610 seconds
367.880: Application time: 0.0584450 seconds
367.880: [GC [PSYoungGen: 14685K->1376K(15360K)] 27070K->13760K(50688K), 0.0006370 secs] [Times: user=0.00 sys=0.00, real=0.01 secs] 
367.880: Total time for which application threads were stopped: 0.0007460 seconds, Stopping threads took: 0.0000540 seconds
367.939: Application time: 0.0581800 seconds
367.939: [GC [PSYoungGen: 14685K->1440K(15360K)] 27070K->13824K(50688K), 0.0006170 secs] [Times: user=0.00 sys=0.00, real=0.00 secs] 
367.939: Total time for which application threads were stopped: 0.0007360 seconds, Stopping threads took: 0.0000640 seconds
367.975: Application time: 0.0360850 seconds
367.976: [GC [PSYoungGen: 14751K->1856K(15360K)] 27135K->14240K(50688K), 0.0006840 secs] [Times: user=0.00 sys=0.00, real=0.00 secs] 
367.976: Total time for which application threads were stopped: 0.0007900 seconds, Stopping threads took: 0.0000470 seconds
368.019: Application time: 0.0431970 seconds
368.020: [GC [PSYoungGen: 15167K->1920K(15360K)] 27551K->14304K(50688K), 0.0007070 secs] [Times: user=0.01 sys=0.00, real=0.00 secs] 
368.020: Total time for which application threads were stopped: 0.0008440 seconds, Stopping threads took: 0.0000720 seconds
368.078: Application time: 0.0575470 seconds
368.078: [GC [PSYoungGen: 15231K->1872K(15360K)] 27616K->14256K(50688K), 0.0007080 secs] [Times: user=0.01 sys=0.00, real=0.00 secs] 
368.079: Total time for which application threads were stopped: 0.0008160 seconds, Stopping threads took: 0.0000490 seconds
368.136: Application time: 0.0573300 seconds
368.136: [GC [PSYoungGen: 15183K->1856K(15360K)] 27568K->14288K(50688K), 0.0006970 secs] [Times: user=0.01 sys=0.00, real=0.00 secs] 
368.137: Total time for which application threads were stopped: 0.0008120 seconds, Stopping threads took: 0.0000550 seconds
368.195: Application time: 0.0585510 seconds
368.195: [GC [PSYoungGen: 15165K->1584K(15360K)] 27598K->14285K(50688K), 0.0006770 secs] [Times: user=0.00 sys=0.00, real=0.00 secs] 
368.196: Total time for which application threads were stopped: 0.0008140 seconds, Stopping threads took: 0.0000780 seconds
368.254: Application time: 0.0582390 seconds
368.255: [GC [PSYoungGen: 14893K->1408K(15360K)] 27594K->14337K(50688K), 0.0006220 secs] [Times: user=0.00 sys=0.00, real=0.00 secs] 
368.255: Total time for which application threads were stopped: 0.0007590 seconds, Stopping threads took: 0.0000700 seconds
368.313: Application time: 0.0582810 seconds
368.314: [GC [PSYoungGen: 14717K->1360K(15360K)] 27647K->14289K(50688K), 0.0005880 secs] [Times: user=0.00 sys=0.00, real=0.00 secs] 
368.314: Total time for which application threads were stopped: 0.0007000 seconds, Stopping threads took: 0.0000570 seconds
368.372: Application time: 0.0579220 seconds
368.372: [GC [PSYoungGen: 14669K->1120K(15360K)] 27599K->14306K(50688K), 0.0006310 secs] [Times: user=0.01 sys=0.00, real=0.00 secs] 
368.373: Total time for which application threads were stopped: 0.0007430 seconds, Stopping threads took: 0.0000570 seconds
368.429: Application time: 0.0564910 seconds
368.429: [GC [PSYoungGen: 14428K->1136K(15360K)] 27614K->14322K(50688K), 0.0005730 secs] [Times: user=0.00 sys=0.00, real=0.00 secs] 
368.430: Total time for which application threads were stopped: 0.0006680 seconds, Stopping threads took: 0.0000430 seconds
368.489: Application time: 0.0585840 seconds
368.489: [GC [PSYoungGen: 14445K->896K(15360K)] 27631K->14318K(50688K), 0.0005410 secs] [Times: user=0.00 sys=0.00, real=0.00 secs] 
368.489: Total time for which application threads were stopped: 0.0006700 seconds, Stopping threads took: 0.0000650 seconds
368.549: Application time: 0.0593830 seconds
368.549: [GC [PSYoungGen: 14205K->800K(15360K)] 27628K->14563K(50688K), 0.0005090 secs] [Times: user=0.00 sys=0.00, real=0.00 secs] 
368.549: Total time for which application threads were stopped: 0.0006320 seconds, Stopping threads took: 0.0000650 seconds
368.608: Application time: 0.0589340 seconds
368.608: [GC [PSYoungGen: 14109K->768K(15360K)] 27872K->14531K(50688K), 0.0004650 secs] [Times: user=0.00 sys=0.00, real=0.00 secs] 
368.609: Total time for which application threads were stopped: 0.0005780 seconds, Stopping threads took: 0.0000540 seconds
368.657: Application time: 0.0482320 seconds
368.657: [GC [PSYoungGen: 14075K->1024K(15360K)] 27839K->14787K(50688K), 0.0005020 secs] [Times: user=0.00 sys=0.00, real=0.00 secs] 
368.658: Total time for which application threads were stopped: 0.0006050 seconds, Stopping threads took: 0.0000470 seconds
368.707: Application time: 0.0493020 seconds
