Java HotSpot(TM) 64-Bit Server VM (24.80-b11) for linux-amd64 JRE (1.7.0_80-b15), built on Apr 10 2015 19:53:14 by "java_re" with gcc 4.3.0 20080428 (Red Hat 4.3.0-8)
Memory: 4k page, physical 8000092k(5565560k free), swap 8218620k(8218620k free)
CommandLine flags: -XX:+CMSParallelRemarkEnabled -XX:InitialHeapSize=564428800 -XX:MaxHeapSize=564428800 -XX:+PrintGC -XX:+PrintGCApplicationConcurrentTime -XX:+PrintGCApplicationStoppedTime -XX:+PrintGCDetails -XX:+PrintGCTimeStamps -XX:-UseAdaptiveSizePolicy -XX:+UseCompressedOops -XX:+UseParallelGC 
1.010: Application time: 0.9856930 seconds
1.010: Total time for which application threads were stopped: 0.0000420 seconds, Stopping threads took: 0.0000110 seconds
4.030: Application time: 3.0196880 seconds
4.030: Total time for which application threads were stopped: 0.0000670 seconds, Stopping threads took: 0.0000120 seconds
15.060: Application time: 11.0297360 seconds
15.060: Total time for which application threads were stopped: 0.0000230 seconds, Stopping threads took: 0.0000080 seconds
15.060: Application time: 0.0000630 seconds
15.060: Total time for which application threads were stopped: 0.0000230 seconds, Stopping threads took: 0.0000070 seconds
15.061: Application time: 0.0014500 seconds
15.061: Total time for which application threads were stopped: 0.0000110 seconds, Stopping threads took: 0.0000040 seconds
15.080: Application time: 0.0183480 seconds
15.080: Total time for which application threads were stopped: 0.0000450 seconds, Stopping threads took: 0.0000110 seconds
15.094: Application time: 0.0141300 seconds
15.094: [GC [PSYoungGen: 16829K->3297K(161280K)] 16829K->3305K(528896K), 0.0021170 secs] [Times: user=0.01 sys=0.01, real=0.00 secs] 
15.096: [Full GC [PSYoungGen: 3297K->0K(161280K)] [ParOldGen: 8K->3145K(367616K)] 3305K->3145K(528896K) [PSPermGen: 5076K->5074K(21504K)], 0.0107620 secs] [Times: user=0.02 sys=0.02, real=0.01 secs] 
15.107: Total time for which application threads were stopped: 0.0129950 seconds, Stopping threads took: 0.0000070 seconds
15.107: Application time: 0.0000530 seconds
15.107: [GC [PSYoungGen: 0K->0K(161280K)] 3145K->3145K(528896K), 0.0002800 secs] [Times: user=0.00 sys=0.00, real=0.00 secs] 
15.107: [Full GC [PSYoungGen: 0K->0K(161280K)] [ParOldGen: 3145K->3145K(367616K)] 3145K->3145K(528896K) [PSPermGen: 5074K->5074K(21504K)], 0.0039930 secs] [Times: user=0.01 sys=0.01, real=0.01 secs] 
15.111: Total time for which application threads were stopped: 0.0043800 seconds, Stopping threads took: 0.0000160 seconds
15.111: Application time: 0.0000470 seconds
15.111: Total time for which application threads were stopped: 0.0000270 seconds, Stopping threads took: 0.0000180 seconds
15.112: Application time: 0.0000370 seconds
15.112: Total time for which application threads were stopped: 0.0000210 seconds, Stopping threads took: 0.0000140 seconds
15.112: Application time: 0.0000120 seconds
15.112: Total time for which application threads were stopped: 0.0000160 seconds, Stopping threads took: 0.0000120 seconds
15.112: Application time: 0.0000100 seconds
15.112: Total time for which application threads were stopped: 0.0000160 seconds, Stopping threads took: 0.0000120 seconds
15.112: Application time: 0.0000310 seconds
15.112: Total time for which application threads were stopped: 0.0000140 seconds, Stopping threads took: 0.0000100 seconds
15.112: Application time: 0.0000150 seconds
15.112: Total time for which application threads were stopped: 0.0000190 seconds, Stopping threads took: 0.0000150 seconds
15.112: Application time: 0.0000110 seconds
15.112: Total time for which application threads were stopped: 0.0000140 seconds, Stopping threads took: 0.0000110 seconds
15.112: Application time: 0.0000110 seconds
15.112: Total time for which application threads were stopped: 0.0000150 seconds, Stopping threads took: 0.0000110 seconds
15.112: Application time: 0.0000130 seconds
15.112: Total time for which application threads were stopped: 0.0000160 seconds, Stopping threads took: 0.0000130 seconds
15.112: Application time: 0.0000110 seconds
15.112: Total time for which application threads were stopped: 0.0000180 seconds, Stopping threads took: 0.0000150 seconds
15.112: Application time: 0.0000080 seconds
15.112: Total time for which application threads were stopped: 0.0000180 seconds, Stopping threads took: 0.0000150 seconds
15.112: Application time: 0.0000090 seconds
15.112: Total time for which application threads were stopped: 0.0000150 seconds, Stopping threads took: 0.0000120 seconds
15.112: Application time: 0.0000090 seconds
15.112: Total time for which application threads were stopped: 0.0000170 seconds, Stopping threads took: 0.0000140 seconds
15.112: Application time: 0.0000090 seconds
15.112: Total time for which application threads were stopped: 0.0000150 seconds, Stopping threads took: 0.0000120 seconds
15.112: Application time: 0.0000090 seconds
15.112: Total time for which application threads were stopped: 0.0000160 seconds, Stopping threads took: 0.0000130 seconds
15.112: Application time: 0.0000230 seconds
15.112: Total time for which application threads were stopped: 0.0000140 seconds, Stopping threads took: 0.0000100 seconds
15.112: Application time: 0.0000120 seconds
15.112: Total time for which application threads were stopped: 0.0000140 seconds, Stopping threads took: 0.0000100 seconds
15.112: Application time: 0.0000110 seconds
15.112: Total time for which application threads were stopped: 0.0000140 seconds, Stopping threads took: 0.0000100 seconds
15.112: Application time: 0.0000110 seconds
15.112: Total time for which application threads were stopped: 0.0000170 seconds, Stopping threads took: 0.0000130 seconds
15.112: Application time: 0.0001090 seconds
15.112: Total time for which application threads were stopped: 0.0000240 seconds, Stopping threads took: 0.0000130 seconds
15.113: Application time: 0.0004750 seconds
15.113: Total time for which application threads were stopped: 0.0000210 seconds, Stopping threads took: 0.0000150 seconds
15.417: Application time: 0.3043690 seconds
15.417: Total time for which application threads were stopped: 0.0000670 seconds, Stopping threads took: 0.0000100 seconds
15.440: Application time: 0.0224660 seconds
15.440: Total time for which application threads were stopped: 0.0000270 seconds, Stopping threads took: 0.0000060 seconds
15.460: Application time: 0.0203770 seconds
15.460: Total time for which application threads were stopped: 0.0000210 seconds, Stopping threads took: 0.0000040 seconds
15.491: Application time: 0.0308590 seconds
15.491: Total time for which application threads were stopped: 0.0000370 seconds, Stopping threads took: 0.0000110 seconds
15.491: Application time: 0.0000170 seconds
15.491: Total time for which application threads were stopped: 0.0000220 seconds, Stopping threads took: 0.0000050 seconds
15.509: Application time: 0.0185240 seconds
15.509: Total time for which application threads were stopped: 0.0000250 seconds, Stopping threads took: 0.0000060 seconds
15.512: Application time: 0.0021950 seconds
15.512: Total time for which application threads were stopped: 0.0000440 seconds, Stopping threads took: 0.0000170 seconds
15.513: Application time: 0.0008260 seconds
15.513: Total time for which application threads were stopped: 0.0000210 seconds, Stopping threads took: 0.0000040 seconds
15.569: Application time: 0.0560990 seconds
15.569: Total time for which application threads were stopped: 0.0000520 seconds, Stopping threads took: 0.0000120 seconds
15.569: Application time: 0.0000170 seconds
15.569: Total time for which application threads were stopped: 0.0000230 seconds, Stopping threads took: 0.0000050 seconds
15.579: Application time: 0.0106950 seconds
15.579: Total time for which application threads were stopped: 0.0000290 seconds, Stopping threads took: 0.0000060 seconds
15.597: Application time: 0.0173320 seconds
15.597: Total time for which application threads were stopped: 0.0000510 seconds, Stopping threads took: 0.0000190 seconds
15.598: Application time: 0.0008800 seconds
15.598: Total time for which application threads were stopped: 0.0000220 seconds, Stopping threads took: 0.0000040 seconds
15.702: Application time: 0.1046140 seconds
15.702: Total time for which application threads were stopped: 0.0000410 seconds, Stopping threads took: 0.0000140 seconds
15.705: Application time: 0.0029400 seconds
15.705: Total time for which application threads were stopped: 0.0000250 seconds, Stopping threads took: 0.0000070 seconds
15.713: Application time: 0.0080240 seconds
15.713: Total time for which application threads were stopped: 0.0000420 seconds, Stopping threads took: 0.0000070 seconds
15.723: Application time: 0.0098140 seconds
15.723: Total time for which application threads were stopped: 0.0000260 seconds, Stopping threads took: 0.0000050 seconds
16.084: Application time: 0.3608270 seconds
16.084: Total time for which application threads were stopped: 0.0000600 seconds, Stopping threads took: 0.0000100 seconds
16.258: Application time: 0.1736720 seconds
16.258: Total time for which application threads were stopped: 0.0000890 seconds, Stopping threads took: 0.0000190 seconds
16.258: Application time: 0.0000780 seconds
16.258: Total time for which application threads were stopped: 0.0000300 seconds, Stopping threads took: 0.0000180 seconds
16.258: Application time: 0.0000700 seconds
16.258: Total time for which application threads were stopped: 0.0000300 seconds, Stopping threads took: 0.0000170 seconds
16.259: Application time: 0.0009870 seconds
16.259: Total time for which application threads were stopped: 0.0000310 seconds, Stopping threads took: 0.0000180 seconds
16.259: Application time: 0.0000780 seconds
16.259: Total time for which application threads were stopped: 0.0000350 seconds, Stopping threads took: 0.0000220 seconds
16.259: Application time: 0.0000720 seconds
16.259: Total time for which application threads were stopped: 0.0000170 seconds, Stopping threads took: 0.0000050 seconds
16.259: Application time: 0.0000100 seconds
16.259: Total time for which application threads were stopped: 0.0000130 seconds, Stopping threads took: 0.0000030 seconds
16.260: Application time: 0.0000570 seconds
16.260: Total time for which application threads were stopped: 0.0000160 seconds, Stopping threads took: 0.0000040 seconds
16.260: Application time: 0.0000170 seconds
16.260: Total time for which application threads were stopped: 0.0000120 seconds, Stopping threads took: 0.0000030 seconds
16.260: Application time: 0.0000590 seconds
16.260: Total time for which application threads were stopped: 0.0000120 seconds, Stopping threads took: 0.0000030 seconds
16.260: Application time: 0.0000110 seconds
16.260: Total time for which application threads were stopped: 0.0000120 seconds, Stopping threads took: 0.0000020 seconds
16.260: Application time: 0.0000520 seconds
16.260: Total time for which application threads were stopped: 0.0000120 seconds, Stopping threads took: 0.0000030 seconds
16.260: Application time: 0.0000440 seconds
16.260: Total time for which application threads were stopped: 0.0000120 seconds, Stopping threads took: 0.0000030 seconds
16.260: Application time: 0.0000670 seconds
16.260: Total time for which application threads were stopped: 0.0000120 seconds, Stopping threads took: 0.0000030 seconds
16.260: Application time: 0.0000510 seconds
16.260: Total time for which application threads were stopped: 0.0000120 seconds, Stopping threads took: 0.0000030 seconds
16.260: Application time: 0.0000990 seconds
16.260: Total time for which application threads were stopped: 0.0000120 seconds, Stopping threads took: 0.0000030 seconds
16.260: Application time: 0.0000580 seconds
16.260: Total time for which application threads were stopped: 0.0000120 seconds, Stopping threads took: 0.0000030 seconds
16.261: Application time: 0.0004370 seconds
16.261: Total time for which application threads were stopped: 0.0000130 seconds, Stopping threads took: 0.0000030 seconds
16.261: Application time: 0.0000500 seconds
16.261: Total time for which application threads were stopped: 0.0000120 seconds, Stopping threads took: 0.0000030 seconds
16.261: Application time: 0.0001860 seconds
16.261: Total time for which application threads were stopped: 0.0000120 seconds, Stopping threads took: 0.0000030 seconds
16.261: Application time: 0.0000210 seconds
16.261: Total time for which application threads were stopped: 0.0000120 seconds, Stopping threads took: 0.0000030 seconds
16.261: Application time: 0.0000150 seconds
16.261: Total time for which application threads were stopped: 0.0000130 seconds, Stopping threads took: 0.0000030 seconds
16.261: Application time: 0.0000320 seconds
16.261: Total time for which application threads were stopped: 0.0000160 seconds, Stopping threads took: 0.0000040 seconds
16.262: Application time: 0.0011020 seconds
16.262: Total time for which application threads were stopped: 0.0000180 seconds, Stopping threads took: 0.0000050 seconds
16.262: Application time: 0.0000680 seconds
16.262: Total time for which application threads were stopped: 0.0000160 seconds, Stopping threads took: 0.0000040 seconds
16.262: Application time: 0.0000930 seconds
16.262: Total time for which application threads were stopped: 0.0000160 seconds, Stopping threads took: 0.0000040 seconds
16.262: Application time: 0.0000490 seconds
16.262: Total time for which application threads were stopped: 0.0000130 seconds, Stopping threads took: 0.0000030 seconds
16.262: Application time: 0.0001410 seconds
16.262: Total time for which application threads were stopped: 0.0000120 seconds, Stopping threads took: 0.0000030 seconds
16.263: Application time: 0.0003480 seconds
16.263: Total time for which application threads were stopped: 0.0000140 seconds, Stopping threads took: 0.0000030 seconds
16.264: Application time: 0.0008040 seconds
16.264: Total time for which application threads were stopped: 0.0000190 seconds, Stopping threads took: 0.0000040 seconds
16.264: Application time: 0.0000960 seconds
16.264: Total time for which application threads were stopped: 0.0000170 seconds, Stopping threads took: 0.0000040 seconds
16.264: Application time: 0.0002240 seconds
16.264: Total time for which application threads were stopped: 0.0000180 seconds, Stopping threads took: 0.0000040 seconds
16.264: Application time: 0.0000370 seconds
16.264: Total time for which application threads were stopped: 0.0000170 seconds, Stopping threads took: 0.0000040 seconds
16.264: Application time: 0.0000590 seconds
16.264: Total time for which application threads were stopped: 0.0000160 seconds, Stopping threads took: 0.0000040 seconds
16.264: Application time: 0.0001070 seconds
16.264: Total time for which application threads were stopped: 0.0000170 seconds, Stopping threads took: 0.0000040 seconds
16.264: Application time: 0.0000350 seconds
16.264: Total time for which application threads were stopped: 0.0000140 seconds, Stopping threads took: 0.0000040 seconds
16.269: Application time: 0.0046220 seconds
16.269: Total time for which application threads were stopped: 0.0000280 seconds, Stopping threads took: 0.0000090 seconds
16.269: Application time: 0.0000790 seconds
16.269: Total time for which application threads were stopped: 0.0000230 seconds, Stopping threads took: 0.0000070 seconds
16.269: Application time: 0.0000210 seconds
16.269: Total time for which application threads were stopped: 0.0000190 seconds, Stopping threads took: 0.0000060 seconds
16.269: Application time: 0.0000210 seconds
16.269: Total time for which application threads were stopped: 0.0000160 seconds, Stopping threads took: 0.0000050 seconds
16.269: Application time: 0.0000210 seconds
16.269: Total time for which application threads were stopped: 0.0000150 seconds, Stopping threads took: 0.0000050 seconds
16.269: Application time: 0.0000740 seconds
16.269: Total time for which application threads were stopped: 0.0000160 seconds, Stopping threads took: 0.0000050 seconds
16.269: Application time: 0.0000180 seconds
16.269: Total time for which application threads were stopped: 0.0000150 seconds, Stopping threads took: 0.0000050 seconds
16.269: Application time: 0.0000280 seconds
16.269: Total time for which application threads were stopped: 0.0000160 seconds, Stopping threads took: 0.0000050 seconds
16.270: Application time: 0.0001140 seconds
16.270: Total time for which application threads were stopped: 0.0000180 seconds, Stopping threads took: 0.0000050 seconds
16.270: Application time: 0.0000220 seconds
16.270: Total time for which application threads were stopped: 0.0000150 seconds, Stopping threads took: 0.0000050 seconds
16.270: Application time: 0.0000530 seconds
16.270: Total time for which application threads were stopped: 0.0000180 seconds, Stopping threads took: 0.0000050 seconds
16.270: Application time: 0.0000190 seconds
16.270: Total time for which application threads were stopped: 0.0000160 seconds, Stopping threads took: 0.0000050 seconds
16.270: Application time: 0.0006460 seconds
16.270: Total time for which application threads were stopped: 0.0000170 seconds, Stopping threads took: 0.0000050 seconds
16.270: Application time: 0.0000270 seconds
16.270: Total time for which application threads were stopped: 0.0000160 seconds, Stopping threads took: 0.0000050 seconds
16.270: Application time: 0.0000160 seconds
16.270: Total time for which application threads were stopped: 0.0000160 seconds, Stopping threads took: 0.0000050 seconds
16.291: Application time: 0.0205490 seconds
16.291: Total time for which application threads were stopped: 0.0000300 seconds, Stopping threads took: 0.0000070 seconds
16.305: Application time: 0.0137510 seconds
16.305: Total time for which application threads were stopped: 0.0000410 seconds, Stopping threads took: 0.0000060 seconds
16.452: Application time: 0.1471060 seconds
16.452: Total time for which application threads were stopped: 0.0000910 seconds, Stopping threads took: 0.0000140 seconds
16.524: Application time: 0.0716120 seconds
16.524: Total time for which application threads were stopped: 0.0000740 seconds, Stopping threads took: 0.0000100 seconds
16.535: Application time: 0.0115040 seconds
16.535: Total time for which application threads were stopped: 0.0000610 seconds, Stopping threads took: 0.0000150 seconds
16.840: Application time: 0.3044160 seconds
16.840: [GC [PSYoungGen: 138752K->21743K(161280K)] 141897K->24897K(528896K), 0.0110120 secs] [Times: user=0.06 sys=0.01, real=0.01 secs] 
16.851: Total time for which application threads were stopped: 0.0112790 seconds, Stopping threads took: 0.0000100 seconds
16.851: Application time: 0.0000730 seconds
16.851: Total time for which application threads were stopped: 0.0000990 seconds, Stopping threads took: 0.0000110 seconds
16.851: Application time: 0.0000350 seconds
16.851: Total time for which application threads were stopped: 0.0000360 seconds, Stopping threads took: 0.0000180 seconds
16.851: Application time: 0.0000280 seconds
16.851: Total time for which application threads were stopped: 0.0000350 seconds, Stopping threads took: 0.0000180 seconds
16.851: Application time: 0.0000270 seconds
16.851: Total time for which application threads were stopped: 0.0000370 seconds, Stopping threads took: 0.0000210 seconds
16.851: Application time: 0.0000420 seconds
16.851: Total time for which application threads were stopped: 0.0000270 seconds, Stopping threads took: 0.0000110 seconds
16.851: Application time: 0.0000280 seconds
16.851: Total time for which application threads were stopped: 0.0000340 seconds, Stopping threads took: 0.0000180 seconds
16.851: Application time: 0.0000270 seconds
16.852: Total time for which application threads were stopped: 0.0000280 seconds, Stopping threads took: 0.0000130 seconds
16.852: Application time: 0.0000290 seconds
16.852: Total time for which application threads were stopped: 0.0000300 seconds, Stopping threads took: 0.0000140 seconds
16.852: Application time: 0.0000270 seconds
16.852: Total time for which application threads were stopped: 0.0000270 seconds, Stopping threads took: 0.0000120 seconds
16.852: Application time: 0.0000280 seconds
16.852: Total time for which application threads were stopped: 0.0000370 seconds, Stopping threads took: 0.0000210 seconds
16.852: Application time: 0.0000110 seconds
16.852: Total time for which application threads were stopped: 0.0000290 seconds, Stopping threads took: 0.0000130 seconds
16.852: Application time: 0.0000120 seconds
16.852: Total time for which application threads were stopped: 0.0000340 seconds, Stopping threads took: 0.0000170 seconds
16.852: Application time: 0.0000100 seconds
16.852: Total time for which application threads were stopped: 0.0000210 seconds, Stopping threads took: 0.0000050 seconds
16.852: Application time: 0.0000120 seconds
16.852: Total time for which application threads were stopped: 0.0000320 seconds, Stopping threads took: 0.0000150 seconds
16.852: Application time: 0.0000110 seconds
16.852: Total time for which application threads were stopped: 0.0000290 seconds, Stopping threads took: 0.0000130 seconds
16.852: Application time: 0.0000110 seconds
16.852: Total time for which application threads were stopped: 0.0000340 seconds, Stopping threads took: 0.0000180 seconds
16.852: Application time: 0.0000100 seconds
16.852: Total time for which application threads were stopped: 0.0000280 seconds, Stopping threads took: 0.0000100 seconds
16.852: Application time: 0.0000110 seconds
16.852: Total time for which application threads were stopped: 0.0000280 seconds, Stopping threads took: 0.0000110 seconds
16.852: Application time: 0.0000130 seconds
16.852: Total time for which application threads were stopped: 0.0000290 seconds, Stopping threads took: 0.0000130 seconds
16.852: Application time: 0.0000110 seconds
16.852: Total time for which application threads were stopped: 0.0000530 seconds, Stopping threads took: 0.0000100 seconds
16.854: Application time: 0.0013830 seconds
16.854: Total time for which application threads were stopped: 0.0000400 seconds, Stopping threads took: 0.0000170 seconds
16.854: Application time: 0.0004080 seconds
16.854: Total time for which application threads were stopped: 0.0000320 seconds, Stopping threads took: 0.0000130 seconds
16.957: Application time: 0.1026630 seconds
16.957: Total time for which application threads were stopped: 0.0001710 seconds, Stopping threads took: 0.0000120 seconds
17.192: Application time: 0.2349030 seconds
17.192: Total time for which application threads were stopped: 0.0002520 seconds, Stopping threads took: 0.0000130 seconds
17.404: Application time: 0.2117540 seconds
17.404: Total time for which application threads were stopped: 0.0003720 seconds, Stopping threads took: 0.0000110 seconds
17.577: Application time: 0.1727410 seconds
17.577: [GC [PSYoungGen: 160495K->22497K(161280K)] 163649K->29755K(528896K), 0.0097760 secs] [Times: user=0.05 sys=0.02, real=0.01 secs] 
17.587: Total time for which application threads were stopped: 0.0101160 seconds, Stopping threads took: 0.0000120 seconds
17.723: Application time: 0.1363950 seconds
17.724: Total time for which application threads were stopped: 0.0002760 seconds, Stopping threads took: 0.0000130 seconds
17.724: Application time: 0.0000960 seconds
17.724: Total time for which application threads were stopped: 0.0000410 seconds, Stopping threads took: 0.0000070 seconds
17.724: Application time: 0.0000260 seconds
17.724: Total time for which application threads were stopped: 0.0000430 seconds, Stopping threads took: 0.0000130 seconds
17.724: Application time: 0.0000280 seconds
17.724: Total time for which application threads were stopped: 0.0000370 seconds, Stopping threads took: 0.0000070 seconds
17.724: Application time: 0.0000280 seconds
17.724: Total time for which application threads were stopped: 0.0000360 seconds, Stopping threads took: 0.0000060 seconds
17.724: Application time: 0.0000290 seconds
17.724: Total time for which application threads were stopped: 0.0000390 seconds, Stopping threads took: 0.0000100 seconds
17.724: Application time: 0.0002920 seconds
17.724: Total time for which application threads were stopped: 0.0000450 seconds, Stopping threads took: 0.0000060 seconds
17.749: Application time: 0.0245480 seconds
17.749: Total time for which application threads were stopped: 0.0002050 seconds, Stopping threads took: 0.0000200 seconds
17.749: Application time: 0.0000970 seconds
17.749: Total time for which application threads were stopped: 0.0000350 seconds, Stopping threads took: 0.0000050 seconds
17.749: Application time: 0.0001030 seconds
17.749: Total time for which application threads were stopped: 0.0000360 seconds, Stopping threads took: 0.0000060 seconds
17.750: Application time: 0.0002280 seconds
17.750: Total time for which application threads were stopped: 0.0000590 seconds, Stopping threads took: 0.0000270 seconds
17.750: Application time: 0.0001890 seconds
17.750: Total time for which application threads were stopped: 0.0000370 seconds, Stopping threads took: 0.0000060 seconds
17.750: Application time: 0.0001190 seconds
17.750: Total time for which application threads were stopped: 0.0000360 seconds, Stopping threads took: 0.0000060 seconds
17.750: Application time: 0.0000750 seconds
17.750: Total time for which application threads were stopped: 0.0000360 seconds, Stopping threads took: 0.0000060 seconds
17.750: Application time: 0.0000960 seconds
17.750: Total time for which application threads were stopped: 0.0000370 seconds, Stopping threads took: 0.0000070 seconds
17.754: Application time: 0.0033610 seconds
17.754: Total time for which application threads were stopped: 0.0000450 seconds, Stopping threads took: 0.0000140 seconds
17.754: Application time: 0.0000990 seconds
17.754: Total time for which application threads were stopped: 0.0000380 seconds, Stopping threads took: 0.0000080 seconds
17.754: Application time: 0.0001050 seconds
17.754: Total time for which application threads were stopped: 0.0000430 seconds, Stopping threads took: 0.0000130 seconds
17.754: Application time: 0.0000350 seconds
17.754: Total time for which application threads were stopped: 0.0000340 seconds, Stopping threads took: 0.0000060 seconds
17.754: Application time: 0.0001600 seconds
17.754: Total time for which application threads were stopped: 0.0000320 seconds, Stopping threads took: 0.0000050 seconds
17.754: Application time: 0.0000330 seconds
17.754: Total time for which application threads were stopped: 0.0000320 seconds, Stopping threads took: 0.0000050 seconds
17.754: Application time: 0.0000340 seconds
17.754: Total time for which application threads were stopped: 0.0000410 seconds, Stopping threads took: 0.0000120 seconds
17.755: Application time: 0.0000340 seconds
17.755: Total time for which application threads were stopped: 0.0000330 seconds, Stopping threads took: 0.0000060 seconds
17.755: Application time: 0.0000580 seconds
17.755: Total time for which application threads were stopped: 0.0000320 seconds, Stopping threads took: 0.0000050 seconds
17.755: Application time: 0.0000320 seconds
17.755: Total time for which application threads were stopped: 0.0000330 seconds, Stopping threads took: 0.0000060 seconds
17.755: Application time: 0.0000340 seconds
17.755: Total time for which application threads were stopped: 0.0000320 seconds, Stopping threads took: 0.0000050 seconds
17.755: Application time: 0.0000460 seconds
17.755: Total time for which application threads were stopped: 0.0000370 seconds, Stopping threads took: 0.0000100 seconds
17.755: Application time: 0.0000460 seconds
17.755: Total time for which application threads were stopped: 0.0000340 seconds, Stopping threads took: 0.0000070 seconds
17.755: Application time: 0.0000320 seconds
17.755: Total time for which application threads were stopped: 0.0000390 seconds, Stopping threads took: 0.0000120 seconds
17.755: Application time: 0.0000340 seconds
17.755: Total time for which application threads were stopped: 0.0000530 seconds, Stopping threads took: 0.0000050 seconds
17.755: Application time: 0.0001560 seconds
17.755: Total time for which application threads were stopped: 0.0000330 seconds, Stopping threads took: 0.0000040 seconds
17.755: Application time: 0.0000740 seconds
17.755: Total time for which application threads were stopped: 0.0000320 seconds, Stopping threads took: 0.0000040 seconds
17.758: Application time: 0.0029010 seconds
17.758: Total time for which application threads were stopped: 0.0000350 seconds, Stopping threads took: 0.0000050 seconds
17.772: Application time: 0.0132350 seconds
17.772: Total time for which application threads were stopped: 0.0000460 seconds, Stopping threads took: 0.0000080 seconds
17.775: Application time: 0.0034940 seconds
17.775: Total time for which application threads were stopped: 0.0000500 seconds, Stopping threads took: 0.0000170 seconds
17.792: Application time: 0.0163290 seconds
17.792: Total time for which application threads were stopped: 0.0002070 seconds, Stopping threads took: 0.0000680 seconds
17.793: Application time: 0.0008830 seconds
17.793: Total time for which application threads were stopped: 0.0000390 seconds, Stopping threads took: 0.0000080 seconds
17.800: Application time: 0.0068910 seconds
17.800: Total time for which application threads were stopped: 0.0000930 seconds, Stopping threads took: 0.0000240 seconds
17.800: Application time: 0.0008360 seconds
17.801: Total time for which application threads were stopped: 0.0000430 seconds, Stopping threads took: 0.0000090 seconds
17.801: Application time: 0.0007100 seconds
17.801: Total time for which application threads were stopped: 0.0000390 seconds, Stopping threads took: 0.0000070 seconds
17.802: Application time: 0.0007200 seconds
17.802: Total time for which application threads were stopped: 0.0000420 seconds, Stopping threads took: 0.0000110 seconds
17.808: Application time: 0.0057780 seconds
17.808: Total time for which application threads were stopped: 0.0000490 seconds, Stopping threads took: 0.0000130 seconds
17.809: Application time: 0.0006710 seconds
17.809: Total time for which application threads were stopped: 0.0000390 seconds, Stopping threads took: 0.0000070 seconds
17.809: Application time: 0.0007910 seconds
17.809: Total time for which application threads were stopped: 0.0000390 seconds, Stopping threads took: 0.0000070 seconds
17.810: Application time: 0.0007250 seconds
17.810: Total time for which application threads were stopped: 0.0000440 seconds, Stopping threads took: 0.0000140 seconds
17.817: Application time: 0.0069080 seconds
17.817: Total time for which application threads were stopped: 0.0001360 seconds, Stopping threads took: 0.0000300 seconds
17.818: Application time: 0.0007270 seconds
17.818: Total time for which application threads were stopped: 0.0000370 seconds, Stopping threads took: 0.0000070 seconds
17.819: Application time: 0.0006960 seconds
17.819: Total time for which application threads were stopped: 0.0000380 seconds, Stopping threads took: 0.0000070 seconds
17.819: Application time: 0.0006910 seconds
17.819: Total time for which application threads were stopped: 0.0000740 seconds, Stopping threads took: 0.0000140 seconds
18.262: Application time: 0.4422440 seconds
18.262: [GC [PSYoungGen: 161249K->22498K(161280K)] 168507K->38399K(528896K), 0.0124970 secs] [Times: user=0.10 sys=0.00, real=0.02 secs] 
18.275: Total time for which application threads were stopped: 0.0131290 seconds, Stopping threads took: 0.0000090 seconds
18.370: Application time: 0.0950920 seconds
18.370: Total time for which application threads were stopped: 0.0003580 seconds, Stopping threads took: 0.0000210 seconds
18.370: Application time: 0.0000810 seconds
18.370: Total time for which application threads were stopped: 0.0000700 seconds, Stopping threads took: 0.0000170 seconds
18.709: Application time: 0.3380870 seconds
18.709: Total time for which application threads were stopped: 0.0005570 seconds, Stopping threads took: 0.0000120 seconds
18.791: Application time: 0.0816790 seconds
18.791: Total time for which application threads were stopped: 0.0003290 seconds, Stopping threads took: 0.0000100 seconds
18.924: Application time: 0.1330060 seconds
18.925: [GC [PSYoungGen: 161250K->22499K(161280K)] 177151K->48170K(528896K), 0.0139830 secs] [Times: user=0.11 sys=0.01, real=0.01 secs] 
18.939: Total time for which application threads were stopped: 0.0144260 seconds, Stopping threads took: 0.0000120 seconds
18.939: Application time: 0.0001120 seconds
18.939: Total time for which application threads were stopped: 0.0002850 seconds, Stopping threads took: 0.0000100 seconds
19.566: Application time: 0.6272750 seconds
19.567: [GC [PSYoungGen: 161251K->22499K(161280K)] 186922K->57271K(528896K), 0.0124900 secs] [Times: user=0.09 sys=0.00, real=0.01 secs] 
19.580: Total time for which application threads were stopped: 0.0133910 seconds, Stopping threads took: 0.0000100 seconds
19.714: Application time: 0.1339270 seconds
19.714: Total time for which application threads were stopped: 0.0004350 seconds, Stopping threads took: 0.0000090 seconds
20.225: Application time: 0.5110530 seconds
20.226: [GC [PSYoungGen: 161251K->22516K(161280K)] 196023K->67728K(528896K), 0.0138890 secs] [Times: user=0.09 sys=0.01, real=0.01 secs] 
20.240: Total time for which application threads were stopped: 0.0148000 seconds, Stopping threads took: 0.0000100 seconds
20.240: Application time: 0.0001170 seconds
20.240: Total time for which application threads were stopped: 0.0004260 seconds, Stopping threads took: 0.0000110 seconds
20.631: Application time: 0.3906000 seconds
20.632: Total time for which application threads were stopped: 0.0007270 seconds, Stopping threads took: 0.0000120 seconds
20.849: Application time: 0.2168820 seconds
20.849: Total time for which application threads were stopped: 0.0004700 seconds, Stopping threads took: 0.0000100 seconds
20.907: Application time: 0.0581010 seconds
20.908: [GC [PSYoungGen: 161268K->22499K(161280K)] 206480K->76297K(528896K), 0.0126570 secs] [Times: user=0.09 sys=0.00, real=0.01 secs] 
20.920: Total time for which application threads were stopped: 0.0130480 seconds, Stopping threads took: 0.0000100 seconds
21.565: Application time: 0.6449460 seconds
21.566: [GC [PSYoungGen: 161251K->22507K(161280K)] 215049K->86179K(528896K), 0.0136130 secs] [Times: user=0.10 sys=0.01, real=0.01 secs] 
21.580: Total time for which application threads were stopped: 0.0147760 seconds, Stopping threads took: 0.0000100 seconds
21.580: Application time: 0.0001340 seconds
21.581: Total time for which application threads were stopped: 0.0005330 seconds, Stopping threads took: 0.0000180 seconds
21.625: Application time: 0.0445140 seconds
21.626: Total time for which application threads were stopped: 0.0003410 seconds, Stopping threads took: 0.0000110 seconds
21.644: Application time: 0.0181050 seconds
21.644: Total time for which application threads were stopped: 0.0004600 seconds, Stopping threads took: 0.0000110 seconds
22.208: Application time: 0.5643020 seconds
22.209: [GC [PSYoungGen: 161259K->22518K(161280K)] 224931K->94448K(528896K), 0.0135540 secs] [Times: user=0.10 sys=0.00, real=0.01 secs] 
22.223: Total time for which application threads were stopped: 0.0143820 seconds, Stopping threads took: 0.0000120 seconds
22.683: Application time: 0.4600400 seconds
22.684: Total time for which application threads were stopped: 0.0008700 seconds, Stopping threads took: 0.0000110 seconds
22.902: Application time: 0.2187950 seconds
22.903: [GC [PSYoungGen: 161270K->22502K(161280K)] 233200K->104725K(528896K), 0.0145590 secs] [Times: user=0.11 sys=0.00, real=0.02 secs] 
22.918: Total time for which application threads were stopped: 0.0152260 seconds, Stopping threads took: 0.0000120 seconds
23.524: Application time: 0.6060840 seconds
23.525: [GC [PSYoungGen: 161254K->22502K(161280K)] 243477K->115356K(528896K), 0.0137360 secs] [Times: user=0.10 sys=0.00, real=0.01 secs] 
23.539: Total time for which application threads were stopped: 0.0149310 seconds, Stopping threads took: 0.0000110 seconds
23.595: Application time: 0.0563620 seconds
23.596: Total time for which application threads were stopped: 0.0006010 seconds, Stopping threads took: 0.0000120 seconds
24.207: Application time: 0.6109870 seconds
24.208: [GC [PSYoungGen: 161254K->22502K(161280K)] 254108K->125797K(528896K), 0.0136420 secs] [Times: user=0.10 sys=0.00, real=0.01 secs] 
24.221: Total time for which application threads were stopped: 0.0147130 seconds, Stopping threads took: 0.0000210 seconds
24.591: Application time: 0.3697070 seconds
24.592: Total time for which application threads were stopped: 0.0008110 seconds, Stopping threads took: 0.0000120 seconds
24.592: Application time: 0.0000650 seconds
24.592: Total time for which application threads were stopped: 0.0001480 seconds, Stopping threads took: 0.0000180 seconds
24.592: Application time: 0.0001430 seconds
24.592: Total time for which application threads were stopped: 0.0000960 seconds, Stopping threads took: 0.0000080 seconds
24.592: Application time: 0.0000830 seconds
24.593: Total time for which application threads were stopped: 0.0000940 seconds, Stopping threads took: 0.0000070 seconds
24.593: Application time: 0.0000960 seconds
24.593: Total time for which application threads were stopped: 0.0000960 seconds, Stopping threads took: 0.0000180 seconds
24.593: Application time: 0.0000830 seconds
24.593: Total time for which application threads were stopped: 0.0000810 seconds, Stopping threads took: 0.0000040 seconds
24.656: Application time: 0.0631210 seconds
24.657: Total time for which application threads were stopped: 0.0005610 seconds, Stopping threads took: 0.0000120 seconds
24.663: Application time: 0.0068650 seconds
24.664: Total time for which application threads were stopped: 0.0003020 seconds, Stopping threads took: 0.0000090 seconds
24.665: Application time: 0.0015550 seconds
24.666: Total time for which application threads were stopped: 0.0004390 seconds, Stopping threads took: 0.0000190 seconds
24.885: Application time: 0.2189410 seconds
24.885: [GC [PSYoungGen: 161254K->22502K(161280K)] 264549K->134645K(528896K), 0.0132330 secs] [Times: user=0.10 sys=0.00, real=0.01 secs] 
24.899: Total time for which application threads were stopped: 0.0139390 seconds, Stopping threads took: 0.0000140 seconds
25.534: Application time: 0.6353850 seconds
25.535: [GC [PSYoungGen: 161254K->22502K(161280K)] 273397K->144079K(528896K), 0.0135020 secs] [Times: user=0.11 sys=0.00, real=0.01 secs] 
25.549: Total time for which application threads were stopped: 0.0146070 seconds, Stopping threads took: 0.0000220 seconds
25.680: Application time: 0.1310360 seconds
25.680: Total time for which application threads were stopped: 0.0005830 seconds, Stopping threads took: 0.0000100 seconds
25.710: Application time: 0.0294830 seconds
25.710: Total time for which application threads were stopped: 0.0004950 seconds, Stopping threads took: 0.0000640 seconds
25.710: Application time: 0.0001660 seconds
25.711: Total time for which application threads were stopped: 0.0001220 seconds, Stopping threads took: 0.0000080 seconds
26.205: Application time: 0.4943270 seconds
26.206: [GC [PSYoungGen: 161254K->22502K(161280K)] 282831K->153919K(528896K), 0.0139390 secs] [Times: user=0.10 sys=0.00, real=0.01 secs] 
26.220: Total time for which application threads were stopped: 0.0148500 seconds, Stopping threads took: 0.0000120 seconds
26.647: Application time: 0.4276050 seconds
26.648: Total time for which application threads were stopped: 0.0007520 seconds, Stopping threads took: 0.0000100 seconds
26.893: Application time: 0.2454070 seconds
26.894: [GC [PSYoungGen: 161254K->22502K(161280K)] 292671K->164917K(528896K), 0.0142890 secs] [Times: user=0.11 sys=0.00, real=0.01 secs] 
26.909: Total time for which application threads were stopped: 0.0150640 seconds, Stopping threads took: 0.0000120 seconds
27.532: Application time: 0.6237910 seconds
27.533: [GC [PSYoungGen: 161254K->22502K(161280K)] 303669K->176363K(528896K), 0.0128330 secs] [Times: user=0.09 sys=0.00, real=0.01 secs] 
27.546: Total time for which application threads were stopped: 0.0138470 seconds, Stopping threads took: 0.0000120 seconds
27.668: Application time: 0.1222680 seconds
27.669: Total time for which application threads were stopped: 0.0005950 seconds, Stopping threads took: 0.0000110 seconds
28.230: Application time: 0.5607050 seconds
28.231: [GC [PSYoungGen: 161254K->22501K(161280K)] 315115K->187727K(528896K), 0.0132350 secs] [Times: user=0.10 sys=0.00, real=0.02 secs] 
28.244: Total time for which application threads were stopped: 0.0142690 seconds, Stopping threads took: 0.0000210 seconds
28.244: Application time: 0.0000760 seconds
28.245: Total time for which application threads were stopped: 0.0005530 seconds, Stopping threads took: 0.0000340 seconds
28.640: Application time: 0.3949840 seconds
28.641: Total time for which application threads were stopped: 0.0008560 seconds, Stopping threads took: 0.0000120 seconds
28.654: Application time: 0.0134640 seconds
28.654: Total time for which application threads were stopped: 0.0004810 seconds, Stopping threads took: 0.0000110 seconds
28.923: Application time: 0.2685190 seconds
28.924: [GC [PSYoungGen: 161253K->22500K(161280K)] 326479K->198580K(528896K), 0.0127800 secs] [Times: user=0.09 sys=0.01, real=0.01 secs] 
28.936: Total time for which application threads were stopped: 0.0134270 seconds, Stopping threads took: 0.0000100 seconds
29.583: Application time: 0.6466940 seconds
29.584: [GC [PSYoungGen: 161252K->22517K(161280K)] 337332K->210646K(528896K), 0.0135380 secs] [Times: user=0.11 sys=0.00, real=0.01 secs] 
29.598: Total time for which application threads were stopped: 0.0147290 seconds, Stopping threads took: 0.0000140 seconds
29.598: Application time: 0.0001430 seconds
29.599: Total time for which application threads were stopped: 0.0005390 seconds, Stopping threads took: 0.0000170 seconds
29.649: Application time: 0.0504300 seconds
29.649: Total time for which application threads were stopped: 0.0004960 seconds, Stopping threads took: 0.0000110 seconds
30.248: Application time: 0.5985400 seconds
30.249: [GC [PSYoungGen: 161269K->22517K(161280K)] 349398K->220723K(528896K), 0.0132580 secs] [Times: user=0.10 sys=0.00, real=0.01 secs] 
30.262: Total time for which application threads were stopped: 0.0141520 seconds, Stopping threads took: 0.0000120 seconds
30.728: Application time: 0.4653930 seconds
30.728: Total time for which application threads were stopped: 0.0008990 seconds, Stopping threads took: 0.0000200 seconds
30.927: Application time: 0.1985520 seconds
30.928: [GC [PSYoungGen: 161269K->22517K(161280K)] 359475K->232688K(528896K), 0.0140120 secs] [Times: user=0.09 sys=0.02, real=0.01 secs] 
30.942: Total time for which application threads were stopped: 0.0147500 seconds, Stopping threads took: 0.0000120 seconds
31.581: Application time: 0.6394720 seconds
31.582: [GC [PSYoungGen: 161269K->22517K(161280K)] 371440K->242818K(528896K), 0.0139710 secs] [Times: user=0.11 sys=0.00, real=0.02 secs] 
31.596: Total time for which application threads were stopped: 0.0151460 seconds, Stopping threads took: 0.0000110 seconds
31.596: Application time: 0.0001120 seconds
31.597: Total time for which application threads were stopped: 0.0005240 seconds, Stopping threads took: 0.0000120 seconds
31.658: Application time: 0.0607710 seconds
31.658: Total time for which application threads were stopped: 0.0005310 seconds, Stopping threads took: 0.0000110 seconds
32.275: Application time: 0.6170820 seconds
32.276: [GC [PSYoungGen: 161269K->22508K(161280K)] 381570K->252332K(528896K), 0.0134940 secs] [Times: user=0.09 sys=0.01, real=0.01 secs] 
32.290: Total time for which application threads were stopped: 0.0145370 seconds, Stopping threads took: 0.0000120 seconds
32.650: Application time: 0.3596540 seconds
32.650: Total time for which application threads were stopped: 0.0006360 seconds, Stopping threads took: 0.0000110 seconds
32.651: Application time: 0.0007500 seconds
32.651: Total time for which application threads were stopped: 0.0001310 seconds, Stopping threads took: 0.0000180 seconds
32.652: Application time: 0.0012720 seconds
32.653: Total time for which application threads were stopped: 0.0002010 seconds, Stopping threads took: 0.0000170 seconds
32.654: Application time: 0.0016060 seconds
32.654: Total time for which application threads were stopped: 0.0001260 seconds, Stopping threads took: 0.0000170 seconds
32.661: Application time: 0.0069260 seconds
32.662: Total time for which application threads were stopped: 0.0003100 seconds, Stopping threads took: 0.0000100 seconds
32.667: Application time: 0.0050720 seconds
32.667: Total time for which application threads were stopped: 0.0003370 seconds, Stopping threads took: 0.0000180 seconds
32.687: Application time: 0.0203340 seconds
32.688: Total time for which application threads were stopped: 0.0004790 seconds, Stopping threads took: 0.0000160 seconds
32.702: Application time: 0.0142270 seconds
32.702: Total time for which application threads were stopped: 0.0003290 seconds, Stopping threads took: 0.0000100 seconds
32.720: Application time: 0.0180090 seconds
32.721: Total time for which application threads were stopped: 0.0003220 seconds, Stopping threads took: 0.0000100 seconds
32.724: Application time: 0.0035560 seconds
32.725: Total time for which application threads were stopped: 0.0003190 seconds, Stopping threads took: 0.0000190 seconds
33.292: Application time: 0.5674290 seconds
33.292: Total time for which application threads were stopped: 0.0003600 seconds, Stopping threads took: 0.0000080 seconds
33.776: Application time: 0.4836110 seconds
33.776: Total time for which application threads were stopped: 0.0003530 seconds, Stopping threads took: 0.0000090 seconds
33.785: Application time: 0.0086480 seconds
33.785: Total time for which application threads were stopped: 0.0002350 seconds, Stopping threads took: 0.0000180 seconds
33.790: Application time: 0.0045920 seconds
33.790: Total time for which application threads were stopped: 0.0002630 seconds, Stopping threads took: 0.0000620 seconds
33.791: Application time: 0.0004030 seconds
33.791: Total time for which application threads were stopped: 0.0001520 seconds, Stopping threads took: 0.0000060 seconds
33.791: Application time: 0.0000140 seconds
33.791: Total time for which application threads were stopped: 0.0000860 seconds, Stopping threads took: 0.0000050 seconds
33.791: Application time: 0.0000430 seconds
33.791: Total time for which application threads were stopped: 0.0001100 seconds, Stopping threads took: 0.0000290 seconds
33.791: Application time: 0.0002170 seconds
33.791: Total time for which application threads were stopped: 0.0001170 seconds, Stopping threads took: 0.0000370 seconds
33.791: Application time: 0.0001190 seconds
33.792: Total time for which application threads were stopped: 0.0001250 seconds, Stopping threads took: 0.0000190 seconds
33.792: Application time: 0.0000230 seconds
33.792: Total time for which application threads were stopped: 0.0000770 seconds, Stopping threads took: 0.0000040 seconds
33.792: Application time: 0.0000240 seconds
33.792: Total time for which application threads were stopped: 0.0000840 seconds, Stopping threads took: 0.0000110 seconds
33.792: Application time: 0.0000300 seconds
33.792: Total time for which application threads were stopped: 0.0000830 seconds, Stopping threads took: 0.0000110 seconds
33.792: Application time: 0.0001190 seconds
33.792: Total time for which application threads were stopped: 0.0000940 seconds, Stopping threads took: 0.0000210 seconds
33.792: Application time: 0.0001890 seconds
33.792: Total time for which application threads were stopped: 0.0001060 seconds, Stopping threads took: 0.0000310 seconds
33.792: Application time: 0.0000850 seconds
33.793: Total time for which application threads were stopped: 0.0002180 seconds, Stopping threads took: 0.0000590 seconds
33.793: Application time: 0.0000100 seconds
33.793: Total time for which application threads were stopped: 0.0001000 seconds, Stopping threads took: 0.0000240 seconds
33.793: Application time: 0.0000810 seconds
33.793: Total time for which application threads were stopped: 0.0001330 seconds, Stopping threads took: 0.0000210 seconds
33.793: Application time: 0.0001160 seconds
33.793: Total time for which application threads were stopped: 0.0001270 seconds, Stopping threads took: 0.0000420 seconds
33.793: Application time: 0.0001250 seconds
33.793: Total time for which application threads were stopped: 0.0001380 seconds, Stopping threads took: 0.0000330 seconds
33.794: Application time: 0.0000430 seconds
33.794: Total time for which application threads were stopped: 0.0001220 seconds, Stopping threads took: 0.0000330 seconds
33.798: Application time: 0.0040480 seconds
33.798: Total time for which application threads were stopped: 0.0001940 seconds, Stopping threads took: 0.0000120 seconds
33.798: Application time: 0.0000580 seconds
33.798: Total time for which application threads were stopped: 0.0001430 seconds, Stopping threads took: 0.0000100 seconds
33.801: Application time: 0.0033820 seconds
33.802: Total time for which application threads were stopped: 0.0002260 seconds, Stopping threads took: 0.0000320 seconds
33.803: Application time: 0.0009060 seconds
33.803: Total time for which application threads were stopped: 0.0002070 seconds, Stopping threads took: 0.0000500 seconds
33.803: Application time: 0.0004520 seconds
33.803: Total time for which application threads were stopped: 0.0001480 seconds, Stopping threads took: 0.0000200 seconds
33.804: Application time: 0.0003990 seconds
33.804: Total time for which application threads were stopped: 0.0001260 seconds, Stopping threads took: 0.0000090 seconds
33.805: Application time: 0.0006230 seconds
33.805: Total time for which application threads were stopped: 0.0001350 seconds, Stopping threads took: 0.0000180 seconds
33.805: Application time: 0.0005400 seconds
33.805: Total time for which application threads were stopped: 0.0001950 seconds, Stopping threads took: 0.0000610 seconds
33.807: Application time: 0.0020240 seconds
33.808: Total time for which application threads were stopped: 0.0001900 seconds, Stopping threads took: 0.0000560 seconds
33.808: Application time: 0.0004440 seconds
33.808: Total time for which application threads were stopped: 0.0001360 seconds, Stopping threads took: 0.0000220 seconds
33.809: Application time: 0.0006220 seconds
33.809: Total time for which application threads were stopped: 0.0001260 seconds, Stopping threads took: 0.0000180 seconds
33.810: Application time: 0.0012260 seconds
33.810: Total time for which application threads were stopped: 0.0001270 seconds, Stopping threads took: 0.0000170 seconds
33.810: Application time: 0.0000350 seconds
33.810: Total time for which application threads were stopped: 0.0000960 seconds, Stopping threads took: 0.0000070 seconds
33.811: Application time: 0.0000870 seconds
33.811: Total time for which application threads were stopped: 0.0001000 seconds, Stopping threads took: 0.0000140 seconds
33.811: Application time: 0.0004760 seconds
33.811: Total time for which application threads were stopped: 0.0000960 seconds, Stopping threads took: 0.0000110 seconds
33.812: Application time: 0.0003020 seconds
33.812: Total time for which application threads were stopped: 0.0001110 seconds, Stopping threads took: 0.0000210 seconds
33.812: Application time: 0.0004400 seconds
33.812: Total time for which application threads were stopped: 0.0001120 seconds, Stopping threads took: 0.0000210 seconds
33.813: Application time: 0.0006290 seconds
33.813: Total time for which application threads were stopped: 0.0001060 seconds, Stopping threads took: 0.0000100 seconds
33.814: Application time: 0.0013410 seconds
33.814: Total time for which application threads were stopped: 0.0001060 seconds, Stopping threads took: 0.0000060 seconds
33.816: Application time: 0.0014110 seconds
33.816: Total time for which application threads were stopped: 0.0002130 seconds, Stopping threads took: 0.0000240 seconds
33.816: Application time: 0.0001360 seconds
33.816: Total time for which application threads were stopped: 0.0001960 seconds, Stopping threads took: 0.0000080 seconds
33.817: Application time: 0.0005680 seconds
33.817: Total time for which application threads were stopped: 0.0002120 seconds, Stopping threads took: 0.0000660 seconds
33.817: Application time: 0.0000660 seconds
33.817: Total time for which application threads were stopped: 0.0001980 seconds, Stopping threads took: 0.0000730 seconds
33.818: Application time: 0.0002810 seconds
33.818: Total time for which application threads were stopped: 0.0001130 seconds, Stopping threads took: 0.0000190 seconds
33.818: Application time: 0.0001970 seconds
33.818: Total time for which application threads were stopped: 0.0001040 seconds, Stopping threads took: 0.0000090 seconds
33.818: Application time: 0.0000690 seconds
33.818: Total time for which application threads were stopped: 0.0000900 seconds, Stopping threads took: 0.0000060 seconds
33.818: Application time: 0.0000610 seconds
33.818: Total time for which application threads were stopped: 0.0000860 seconds, Stopping threads took: 0.0000070 seconds
33.819: Application time: 0.0001130 seconds
33.819: Total time for which application threads were stopped: 0.0000880 seconds, Stopping threads took: 0.0000080 seconds
33.819: Application time: 0.0000610 seconds
33.819: Total time for which application threads were stopped: 0.0000980 seconds, Stopping threads took: 0.0000170 seconds
33.819: Application time: 0.0001200 seconds
33.819: Total time for which application threads were stopped: 0.0000870 seconds, Stopping threads took: 0.0000070 seconds
33.819: Application time: 0.0001510 seconds
33.819: Total time for which application threads were stopped: 0.0000850 seconds, Stopping threads took: 0.0000070 seconds
33.819: Application time: 0.0000660 seconds
33.819: Total time for which application threads were stopped: 0.0001010 seconds, Stopping threads took: 0.0000210 seconds
33.820: Application time: 0.0001970 seconds
33.820: Total time for which application threads were stopped: 0.0000970 seconds, Stopping threads took: 0.0000160 seconds
33.820: Application time: 0.0000660 seconds
33.820: Total time for which application threads were stopped: 0.0000980 seconds, Stopping threads took: 0.0000150 seconds
33.820: Application time: 0.0001950 seconds
33.820: Total time for which application threads were stopped: 0.0000990 seconds, Stopping threads took: 0.0000160 seconds
33.820: Application time: 0.0000860 seconds
33.820: Total time for which application threads were stopped: 0.0000930 seconds, Stopping threads took: 0.0000130 seconds
33.820: Application time: 0.0000210 seconds
33.820: Total time for which application threads were stopped: 0.0000900 seconds, Stopping threads took: 0.0000140 seconds
33.820: Application time: 0.0000240 seconds
33.821: Total time for which application threads were stopped: 0.0000880 seconds, Stopping threads took: 0.0000130 seconds
33.821: Application time: 0.0001790 seconds
33.821: Total time for which application threads were stopped: 0.0000900 seconds, Stopping threads took: 0.0000160 seconds
33.821: Application time: 0.0000200 seconds
33.821: Total time for which application threads were stopped: 0.0000850 seconds, Stopping threads took: 0.0000120 seconds
33.821: Application time: 0.0003090 seconds
33.821: Total time for which application threads were stopped: 0.0000910 seconds, Stopping threads took: 0.0000140 seconds
33.823: Application time: 0.0021160 seconds
33.824: Total time for which application threads were stopped: 0.0002510 seconds, Stopping threads took: 0.0000570 seconds
33.826: Application time: 0.0021820 seconds
33.826: Total time for which application threads were stopped: 0.0002220 seconds, Stopping threads took: 0.0000110 seconds
33.827: Application time: 0.0007120 seconds
33.827: Total time for which application threads were stopped: 0.0002090 seconds, Stopping threads took: 0.0000490 seconds
33.827: Application time: 0.0001000 seconds
33.827: Total time for which application threads were stopped: 0.0001450 seconds, Stopping threads took: 0.0000160 seconds
33.828: Application time: 0.0006870 seconds
33.828: Total time for which application threads were stopped: 0.0001680 seconds, Stopping threads took: 0.0000280 seconds
33.829: Application time: 0.0005720 seconds
33.829: Total time for which application threads were stopped: 0.0001800 seconds, Stopping threads took: 0.0000400 seconds
33.829: Application time: 0.0005180 seconds
33.830: Total time for which application threads were stopped: 0.0001410 seconds, Stopping threads took: 0.0000080 seconds
33.830: Application time: 0.0000220 seconds
33.830: Total time for which application threads were stopped: 0.0001610 seconds, Stopping threads took: 0.0000330 seconds
33.831: Application time: 0.0009380 seconds
33.831: Total time for which application threads were stopped: 0.0001490 seconds, Stopping threads took: 0.0000220 seconds
33.831: Application time: 0.0006130 seconds
33.832: Total time for which application threads were stopped: 0.0001260 seconds, Stopping threads took: 0.0000080 seconds
33.832: Application time: 0.0000240 seconds
33.832: Total time for which application threads were stopped: 0.0001300 seconds, Stopping threads took: 0.0000180 seconds
33.835: Application time: 0.0033410 seconds
33.835: Total time for which application threads were stopped: 0.0002440 seconds, Stopping threads took: 0.0000280 seconds
33.838: Application time: 0.0030380 seconds
33.839: Total time for which application threads were stopped: 0.0002740 seconds, Stopping threads took: 0.0000500 seconds
33.839: Application time: 0.0001350 seconds
33.839: Total time for which application threads were stopped: 0.0002060 seconds, Stopping threads took: 0.0000460 seconds
33.841: Application time: 0.0015930 seconds
33.841: Total time for which application threads were stopped: 0.0001930 seconds, Stopping threads took: 0.0000370 seconds
33.841: Application time: 0.0000870 seconds
33.841: Total time for which application threads were stopped: 0.0001360 seconds, Stopping threads took: 0.0000130 seconds
33.842: Application time: 0.0011750 seconds
33.842: Total time for which application threads were stopped: 0.0002100 seconds, Stopping threads took: 0.0000480 seconds
33.842: Application time: 0.0000790 seconds
33.843: Total time for which application threads were stopped: 0.0001210 seconds, Stopping threads took: 0.0000170 seconds
33.843: Application time: 0.0004560 seconds
33.843: Total time for which application threads were stopped: 0.0001670 seconds, Stopping threads took: 0.0000350 seconds
33.844: Application time: 0.0002620 seconds
33.844: Total time for which application threads were stopped: 0.0002660 seconds, Stopping threads took: 0.0001430 seconds
33.844: Application time: 0.0000770 seconds
33.844: Total time for which application threads were stopped: 0.0002180 seconds, Stopping threads took: 0.0001270 seconds
33.902: Application time: 0.0576760 seconds
33.902: Total time for which application threads were stopped: 0.0005970 seconds, Stopping threads took: 0.0000780 seconds
33.903: Application time: 0.0009330 seconds
33.904: Total time for which application threads were stopped: 0.0002670 seconds, Stopping threads took: 0.0000360 seconds
33.904: Application time: 0.0006420 seconds
33.912: Total time for which application threads were stopped: 0.0075210 seconds, Stopping threads took: 0.0071850 seconds
33.912: Application time: 0.0002690 seconds
33.912: Total time for which application threads were stopped: 0.0002270 seconds, Stopping threads took: 0.0000540 seconds
33.912: Application time: 0.0002290 seconds
33.913: Total time for which application threads were stopped: 0.0002590 seconds, Stopping threads took: 0.0001140 seconds
33.917: Application time: 0.0046570 seconds
33.918: Total time for which application threads were stopped: 0.0004000 seconds, Stopping threads took: 0.0001020 seconds
33.925: Application time: 0.0069110 seconds
33.925: Total time for which application threads were stopped: 0.0005460 seconds, Stopping threads took: 0.0000780 seconds
33.930: Application time: 0.0045410 seconds
33.930: Total time for which application threads were stopped: 0.0005680 seconds, Stopping threads took: 0.0001220 seconds
33.931: Application time: 0.0003680 seconds
33.931: Total time for which application threads were stopped: 0.0002280 seconds, Stopping threads took: 0.0000420 seconds
33.998: Application time: 0.0674000 seconds
33.999: [GC [PSYoungGen: 161260K->22509K(161280K)] 391084K->274495K(528896K), 0.0159810 secs] [Times: user=0.12 sys=0.00, real=0.02 secs] 
34.015: Total time for which application threads were stopped: 0.0166290 seconds, Stopping threads took: 0.0000630 seconds
34.345: Application time: 0.3299270 seconds
34.346: [GC [PSYoungGen: 161261K->22509K(161280K)] 413247K->280750K(528896K), 0.0116380 secs] [Times: user=0.09 sys=0.00, real=0.01 secs] 
34.357: Total time for which application threads were stopped: 0.0123620 seconds, Stopping threads took: 0.0000930 seconds
34.476: Application time: 0.1187710 seconds
34.477: [GC [PSYoungGen: 161261K->22509K(161280K)] 419502K->286825K(528896K), 0.0142750 secs] [Times: user=0.10 sys=0.01, real=0.01 secs] 
34.491: Total time for which application threads were stopped: 0.0150040 seconds, Stopping threads took: 0.0000800 seconds
34.535: Application time: 0.0438830 seconds
34.536: Total time for which application threads were stopped: 0.0006750 seconds, Stopping threads took: 0.0000770 seconds
34.538: Application time: 0.0024430 seconds
34.539: Total time for which application threads were stopped: 0.0006480 seconds, Stopping threads took: 0.0000630 seconds
34.545: Application time: 0.0062790 seconds
34.546: Total time for which application threads were stopped: 0.0006080 seconds, Stopping threads took: 0.0000960 seconds
34.558: Application time: 0.0121500 seconds
34.558: Total time for which application threads were stopped: 0.0006170 seconds, Stopping threads took: 0.0000720 seconds
34.560: Application time: 0.0019890 seconds
34.561: Total time for which application threads were stopped: 0.0005450 seconds, Stopping threads took: 0.0000720 seconds
34.566: Application time: 0.0055740 seconds
34.567: Total time for which application threads were stopped: 0.0005620 seconds, Stopping threads took: 0.0000750 seconds
34.575: Application time: 0.0075570 seconds
34.575: [GC [PSYoungGen: 161261K->22509K(161280K)] 425577K->292910K(528896K), 0.0117140 secs] [Times: user=0.08 sys=0.01, real=0.01 secs] 
34.587: Total time for which application threads were stopped: 0.0124340 seconds, Stopping threads took: 0.0001490 seconds
34.648: Application time: 0.0609380 seconds
34.649: [GC [PSYoungGen: 161261K->22525K(161280K)] 431662K->298788K(528896K), 0.0125030 secs] [Times: user=0.07 sys=0.00, real=0.01 secs] 
34.661: Total time for which application threads were stopped: 0.0132360 seconds, Stopping threads took: 0.0000670 seconds
34.711: Application time: 0.0500740 seconds
34.712: [GC [PSYoungGen: 161277K->22525K(161280K)] 437540K->305264K(528896K), 0.0114680 secs] [Times: user=0.08 sys=0.01, real=0.01 secs] 
34.723: Total time for which application threads were stopped: 0.0121790 seconds, Stopping threads took: 0.0000860 seconds
34.759: Application time: 0.0355380 seconds
34.760: [GC [PSYoungGen: 161277K->22509K(161280K)] 444016K->311881K(528896K), 0.0119070 secs] [Times: user=0.09 sys=0.01, real=0.02 secs] 
34.772: Total time for which application threads were stopped: 0.0125240 seconds, Stopping threads took: 0.0000620 seconds
34.807: Application time: 0.0356470 seconds
34.808: [GC [PSYoungGen: 161261K->22509K(161280K)] 450633K->317932K(528896K), 0.0115440 secs] [Times: user=0.08 sys=0.01, real=0.01 secs] 
34.819: Total time for which application threads were stopped: 0.0121730 seconds, Stopping threads took: 0.0000670 seconds
34.855: Application time: 0.0355190 seconds
34.855: [GC [PSYoungGen: 161261K->22525K(161280K)] 456684K->324234K(528896K), 0.0114310 secs] [Times: user=0.07 sys=0.01, real=0.01 secs] 
34.867: Total time for which application threads were stopped: 0.0120470 seconds, Stopping threads took: 0.0000480 seconds
34.901: Application time: 0.0342710 seconds
34.902: [GC [PSYoungGen: 161277K->22509K(161280K)] 462986K->330660K(528896K), 0.0117010 secs] [Times: user=0.09 sys=0.00, real=0.02 secs] 
34.914: Total time for which application threads were stopped: 0.0123590 seconds, Stopping threads took: 0.0000550 seconds
34.949: Application time: 0.0350550 seconds
34.949: [GC [PSYoungGen: 161261K->22525K(161280K)] 469412K->337234K(528896K), 0.0122270 secs] [Times: user=0.07 sys=0.02, real=0.01 secs] 
34.961: Total time for which application threads were stopped: 0.0128420 seconds, Stopping threads took: 0.0000600 seconds
35.003: Application time: 0.0414490 seconds
35.004: [GC [PSYoungGen: 161277K->22509K(161280K)] 475986K->342014K(528896K), 0.0122660 secs] [Times: user=0.09 sys=0.00, real=0.01 secs] 
35.016: Total time for which application threads were stopped: 0.0129950 seconds, Stopping threads took: 0.0000860 seconds
35.060: Application time: 0.0443980 seconds
35.061: [GC [PSYoungGen: 161261K->22509K(161280K)] 480766K->347627K(528896K), 0.0124230 secs] [Times: user=0.09 sys=0.00, real=0.02 secs] 
35.074: Total time for which application threads were stopped: 0.0131860 seconds, Stopping threads took: 0.0001000 seconds
35.111: Application time: 0.0376260 seconds
35.112: [GC [PSYoungGen: 161261K->22525K(161280K)] 486379K->355548K(528896K), 0.0126910 secs] [Times: user=0.07 sys=0.02, real=0.01 secs] 
35.125: Total time for which application threads were stopped: 0.0133430 seconds, Stopping threads took: 0.0000880 seconds
35.161: Application time: 0.0362040 seconds
35.161: [GC [PSYoungGen: 161277K->22517K(161280K)] 494300K->361492K(528896K), 0.0142910 secs] [Times: user=0.09 sys=0.00, real=0.02 secs] 
35.176: Total time for which application threads were stopped: 0.0150140 seconds, Stopping threads took: 0.0000790 seconds
35.210: Application time: 0.0342590 seconds
35.211: [GC [PSYoungGen: 161269K->22502K(161280K)] 500244K->367716K(528896K), 0.0123970 secs] [Times: user=0.08 sys=0.00, real=0.01 secs] 
35.223: Total time for which application threads were stopped: 0.0130010 seconds, Stopping threads took: 0.0000580 seconds
35.259: Application time: 0.0356720 seconds
35.259: [GC [PSYoungGen: 161254K->22502K(161280K)] 506468K->377325K(528896K), 0.0124150 secs] [Times: user=0.09 sys=0.01, real=0.02 secs] 
35.272: [Full GC [PSYoungGen: 22502K->0K(161280K)] [ParOldGen: 354822K->335092K(367616K)] 377325K->335092K(528896K) [PSPermGen: 13536K->13527K(24576K)], 0.1938390 secs] [Times: user=1.41 sys=0.00, real=0.19 secs] 
35.466: Total time for which application threads were stopped: 0.2069560 seconds, Stopping threads took: 0.0000890 seconds
35.469: Application time: 0.0035740 seconds
35.470: Total time for which application threads were stopped: 0.0006320 seconds, Stopping threads took: 0.0000660 seconds
35.500: Application time: 0.0305880 seconds
35.501: Total time for which application threads were stopped: 0.0005220 seconds, Stopping threads took: 0.0000450 seconds
35.501: Application time: 0.0000440 seconds
35.501: [GC [PSYoungGen: 138752K->6786K(161280K)] 473844K->341878K(528896K), 0.0035500 secs] [Times: user=0.03 sys=0.00, real=0.01 secs] 
35.505: Total time for which application threads were stopped: 0.0038890 seconds, Stopping threads took: 0.0000380 seconds
35.538: Application time: 0.0332470 seconds
35.539: [GC [PSYoungGen: 145538K->14661K(161280K)] 480632K->349755K(528896K), 0.0059640 secs] [Times: user=0.05 sys=0.00, real=0.01 secs] 
35.545: Total time for which application threads were stopped: 0.0065560 seconds, Stopping threads took: 0.0000550 seconds
35.583: Application time: 0.0387900 seconds
35.584: [GC [PSYoungGen: 153413K->20615K(161280K)] 488507K->355709K(528896K), 0.0077600 secs] [Times: user=0.05 sys=0.00, real=0.01 secs] 
35.592: Total time for which application threads were stopped: 0.0084390 seconds, Stopping threads took: 0.0000550 seconds
35.627: Application time: 0.0348000 seconds
35.627: Total time for which application threads were stopped: 0.0005450 seconds, Stopping threads took: 0.0000580 seconds
35.627: Application time: 0.0000610 seconds
35.628: [GC [PSYoungGen: 159367K->22504K(161280K)] 494462K->362072K(528896K), 0.0098490 secs] [Times: user=0.07 sys=0.00, real=0.01 secs] 
35.638: Total time for which application threads were stopped: 0.0101600 seconds, Stopping threads took: 0.0000400 seconds
35.672: Application time: 0.0347420 seconds
35.673: [GC [PSYoungGen: 161256K->22504K(161280K)] 500826K->372339K(528896K), 0.0109770 secs] [Times: user=0.08 sys=0.00, real=0.01 secs] 
35.684: Total time for which application threads were stopped: 0.0116130 seconds, Stopping threads took: 0.0000420 seconds
35.718: Application time: 0.0337670 seconds
35.718: Total time for which application threads were stopped: 0.0005200 seconds, Stopping threads took: 0.0000500 seconds
35.718: Application time: 0.0000420 seconds
35.718: [GC [PSYoungGen: 161256K->22503K(161280K)] 511092K->378495K(528896K), 0.0101870 secs] [Times: user=0.08 sys=0.00, real=0.01 secs] 
35.729: [Full GC [PSYoungGen: 22503K->2431K(161280K)] [ParOldGen: 355992K->367501K(367616K)] 378495K->369932K(528896K) [PSPermGen: 13536K->13536K(24576K)], 0.2239490 secs] [Times: user=1.68 sys=0.01, real=0.23 secs] 
35.953: Total time for which application threads were stopped: 0.2345180 seconds, Stopping threads took: 0.0000240 seconds
35.980: Application time: 0.0277510 seconds
35.981: Total time for which application threads were stopped: 0.0007230 seconds, Stopping threads took: 0.0000730 seconds
35.989: Application time: 0.0078720 seconds
35.990: [Full GC [PSYoungGen: 141183K->7848K(161280K)] [ParOldGen: 367502K->367615K(367616K)] 508685K->375464K(528896K) [PSPermGen: 13549K->13549K(24064K)], 0.2204090 secs] [Times: user=1.63 sys=0.01, real=0.22 secs] 
36.210: Total time for which application threads were stopped: 0.2210710 seconds, Stopping threads took: 0.0000590 seconds
36.227: Application time: 0.0171190 seconds
36.228: Total time for which application threads were stopped: 0.0006290 seconds, Stopping threads took: 0.0000770 seconds
36.243: Application time: 0.0151590 seconds
36.244: [Full GC [PSYoungGen: 138752K->13338K(161280K)] [ParOldGen: 367615K->367585K(367616K)] 506367K->380923K(528896K) [PSPermGen: 13555K->13555K(23040K)], 0.2021050 secs] [Times: user=1.49 sys=0.02, real=0.20 secs] 
36.446: Total time for which application threads were stopped: 0.2028180 seconds, Stopping threads took: 0.0000730 seconds
36.478: Application time: 0.0320310 seconds
36.479: [Full GC [PSYoungGen: 138752K->18910K(161280K)] [ParOldGen: 367585K->367561K(367616K)] 506337K->386472K(528896K) [PSPermGen: 13561K->13561K(22528K)], 0.1999800 secs] [Times: user=1.49 sys=0.00, real=0.20 secs] 
36.679: Total time for which application threads were stopped: 0.2006600 seconds, Stopping threads took: 0.0000640 seconds
36.694: Application time: 0.0152130 seconds
36.694: Total time for which application threads were stopped: 0.0006430 seconds, Stopping threads took: 0.0000810 seconds
36.698: Application time: 0.0032170 seconds
36.698: Total time for which application threads were stopped: 0.0005980 seconds, Stopping threads took: 0.0000530 seconds
36.710: Application time: 0.0118300 seconds
36.711: [Full GC [PSYoungGen: 138752K->23646K(161280K)] [ParOldGen: 367561K->367543K(367616K)] 506313K->391189K(528896K) [PSPermGen: 13561K->13561K(21504K)], 0.2022560 secs] [Times: user=1.51 sys=0.00, real=0.21 secs] 
36.913: Total time for which application threads were stopped: 0.2029210 seconds, Stopping threads took: 0.0000520 seconds
36.941: Application time: 0.0276720 seconds
36.941: [Full GC [PSYoungGen: 138752K->27857K(161280K)] [ParOldGen: 367543K->367517K(367616K)] 506295K->395375K(528896K) [PSPermGen: 13561K->13561K(21504K)], 0.1992010 secs] [Times: user=1.48 sys=0.00, real=0.20 secs] 
37.141: Total time for which application threads were stopped: 0.1999270 seconds, Stopping threads took: 0.0000700 seconds
37.169: Application time: 0.0280840 seconds
37.169: [Full GC [PSYoungGen: 138752K->30095K(161280K)] [ParOldGen: 367517K->367440K(367616K)] 506269K->397535K(528896K) [PSPermGen: 13561K->13561K(21504K)], 0.2211890 secs] [Times: user=1.65 sys=0.01, real=0.22 secs] 
37.391: Total time for which application threads were stopped: 0.2219260 seconds, Stopping threads took: 0.0000870 seconds
37.392: Application time: 0.0010250 seconds
37.392: Total time for which application threads were stopped: 0.0006100 seconds, Stopping threads took: 0.0000760 seconds
37.436: Application time: 0.0433830 seconds
37.436: [Full GC [PSYoungGen: 138752K->31866K(161280K)] [ParOldGen: 367440K->367178K(367616K)] 506192K->399044K(528896K) [PSPermGen: 13567K->13567K(21504K)], 0.2306690 secs] [Times: user=1.73 sys=0.00, real=0.23 secs] 
37.667: Total time for which application threads were stopped: 0.2313240 seconds, Stopping threads took: 0.0000610 seconds
37.706: Application time: 0.0392960 seconds
37.707: [Full GC [PSYoungGen: 138752K->32966K(161280K)] [ParOldGen: 367178K->367603K(367616K)] 505930K->400569K(528896K) [PSPermGen: 13567K->13567K(21504K)], 0.2726760 secs] [Times: user=2.04 sys=0.01, real=0.27 secs] 
37.980: Total time for which application threads were stopped: 0.2734300 seconds, Stopping threads took: 0.0000850 seconds
37.996: Application time: 0.0162960 seconds
37.997: Total time for which application threads were stopped: 0.0006540 seconds, Stopping threads took: 0.0000700 seconds
38.018: Application time: 0.0211720 seconds
38.019: [Full GC [PSYoungGen: 138752K->34006K(161280K)] [ParOldGen: 367603K->367507K(367616K)] 506355K->401513K(528896K) [PSPermGen: 13567K->13567K(21504K)], 0.1512280 secs] [Times: user=1.13 sys=0.00, real=0.15 secs] 
38.170: Total time for which application threads were stopped: 0.1520360 seconds, Stopping threads took: 0.0000960 seconds
38.171: Application time: 0.0006960 seconds
38.171: Total time for which application threads were stopped: 0.0007320 seconds, Stopping threads took: 0.0001170 seconds
38.201: Application time: 0.0300130 seconds
38.202: [Full GC [PSYoungGen: 138752K->34414K(161280K)] [ParOldGen: 367507K->367217K(367616K)] 506259K->401631K(528896K) [PSPermGen: 13568K->13568K(21504K)], 0.1614630 secs] [Times: user=1.19 sys=0.01, real=0.17 secs] 
38.364: Total time for which application threads were stopped: 0.1622730 seconds, Stopping threads took: 0.0000200 seconds
38.368: Application time: 0.0044460 seconds
38.369: Total time for which application threads were stopped: 0.0007560 seconds, Stopping threads took: 0.0000940 seconds
38.369: Application time: 0.0000360 seconds
38.369: Total time for which application threads were stopped: 0.0002050 seconds, Stopping threads took: 0.0000650 seconds
38.369: Application time: 0.0000300 seconds
38.369: Total time for which application threads were stopped: 0.0001450 seconds, Stopping threads took: 0.0000520 seconds
38.393: Application time: 0.0242100 seconds
38.394: [Full GC [PSYoungGen: 138752K->34427K(161280K)] [ParOldGen: 367217K->367173K(367616K)] 505969K->401600K(528896K) [PSPermGen: 13568K->13568K(21504K)], 0.1478730 secs] [Times: user=1.09 sys=0.01, real=0.14 secs] 
38.542: Total time for which application threads were stopped: 0.1485460 seconds, Stopping threads took: 0.0000910 seconds
38.569: Application time: 0.0265880 seconds
38.569: [Full GC [PSYoungGen: 138752K->34441K(161280K)] [ParOldGen: 367173K->367170K(367616K)] 505925K->401611K(528896K) [PSPermGen: 13568K->13568K(21504K)], 0.1152510 secs] [Times: user=0.84 sys=0.00, real=0.12 secs] 
38.685: Total time for which application threads were stopped: 0.1159100 seconds, Stopping threads took: 0.0000890 seconds
38.711: Application time: 0.0261430 seconds
38.711: [Full GC [PSYoungGen: 138752K->34460K(161280K)] [ParOldGen: 367170K->367168K(367616K)] 505922K->401628K(528896K) [PSPermGen: 13568K->13568K(21504K)], 0.1134690 secs] [Times: user=0.83 sys=0.00, real=0.12 secs] 
38.825: Total time for which application threads were stopped: 0.1141260 seconds, Stopping threads took: 0.0000910 seconds
38.850: Application time: 0.0253450 seconds
38.851: [Full GC [PSYoungGen: 138752K->34475K(161280K)] [ParOldGen: 367168K->367165K(367616K)] 505920K->401640K(528896K) [PSPermGen: 13569K->13569K(21504K)], 0.1143000 secs] [Times: user=0.83 sys=0.00, real=0.12 secs] 
38.965: Total time for which application threads were stopped: 0.1148940 seconds, Stopping threads took: 0.0000520 seconds
38.991: Application time: 0.0257510 seconds
38.991: [Full GC [PSYoungGen: 138752K->34497K(161280K)] [ParOldGen: 367165K->367163K(367616K)] 505917K->401660K(528896K) [PSPermGen: 13569K->13569K(21504K)], 0.1134510 secs] [Times: user=0.83 sys=0.00, real=0.11 secs] 
39.105: Total time for which application threads were stopped: 0.1141390 seconds, Stopping threads took: 0.0001280 seconds
39.130: Application time: 0.0253080 seconds
39.131: [Full GC [PSYoungGen: 138752K->34512K(161280K)] [ParOldGen: 367163K->367160K(367616K)] 505915K->401673K(528896K) [PSPermGen: 13569K->13569K(21504K)], 0.1080880 secs] [Times: user=0.78 sys=0.00, real=0.11 secs] 
39.239: Total time for which application threads were stopped: 0.1087580 seconds, Stopping threads took: 0.0000570 seconds
39.264: Application time: 0.0254300 seconds
39.265: [Full GC [PSYoungGen: 138752K->34532K(161280K)] [ParOldGen: 367160K->367158K(367616K)] 505912K->401690K(528896K) [PSPermGen: 13569K->13569K(21504K)], 0.1077400 secs] [Times: user=0.78 sys=0.00, real=0.11 secs] 
39.373: Total time for which application threads were stopped: 0.1084350 seconds, Stopping threads took: 0.0000750 seconds
39.403: Application time: 0.0298810 seconds
39.403: [Full GC [PSYoungGen: 138752K->34544K(161280K)] [ParOldGen: 367158K->367155K(367616K)] 505910K->401700K(528896K) [PSPermGen: 13569K->13569K(21504K)], 0.0863620 secs] [Times: user=0.61 sys=0.00, real=0.08 secs] 
39.490: Total time for which application threads were stopped: 0.0870830 seconds, Stopping threads took: 0.0000880 seconds
39.516: Application time: 0.0260460 seconds
39.516: [Full GC [PSYoungGen: 138752K->34562K(161280K)] [ParOldGen: 367155K->367153K(367616K)] 505907K->401715K(528896K) [PSPermGen: 13569K->13569K(21504K)], 0.0948440 secs] [Times: user=0.65 sys=0.00, real=0.10 secs] 
39.611: Total time for which application threads were stopped: 0.0955170 seconds, Stopping threads took: 0.0000950 seconds
39.636: Application time: 0.0250970 seconds
39.637: [Full GC [PSYoungGen: 138752K->34582K(161280K)] [ParOldGen: 367153K->367150K(367616K)] 505905K->401732K(528896K) [PSPermGen: 13569K->13569K(21504K)], 0.0845000 secs] [Times: user=0.59 sys=0.00, real=0.08 secs] 
39.722: Total time for which application threads were stopped: 0.0852210 seconds, Stopping threads took: 0.0000710 seconds
39.748: Application time: 0.0259080 seconds
39.748: [Full GC [PSYoungGen: 138752K->34589K(161280K)] [ParOldGen: 367150K->367148K(367616K)] 505902K->401737K(528896K) [PSPermGen: 13569K->13569K(21504K)], 0.0847240 secs] [Times: user=0.61 sys=0.01, real=0.09 secs] 
39.833: Total time for which application threads were stopped: 0.0853620 seconds, Stopping threads took: 0.0000740 seconds
39.859: Application time: 0.0255350 seconds
39.859: [Full GC [PSYoungGen: 138752K->34617K(161280K)] [ParOldGen: 367148K->367145K(367616K)] 505900K->401763K(528896K) [PSPermGen: 13569K->13569K(21504K)], 0.0845200 secs] [Times: user=0.60 sys=0.00, real=0.09 secs] 
39.944: Total time for which application threads were stopped: 0.0851300 seconds, Stopping threads took: 0.0000450 seconds
39.969: Application time: 0.0254910 seconds
39.970: [Full GC [PSYoungGen: 138752K->34634K(161280K)] [ParOldGen: 367145K->367143K(367616K)] 505897K->401778K(528896K) [PSPermGen: 13569K->13569K(21504K)], 0.0847690 secs] [Times: user=0.60 sys=0.00, real=0.09 secs] 
40.055: Total time for which application threads were stopped: 0.0853850 seconds, Stopping threads took: 0.0000440 seconds
40.080: Application time: 0.0250090 seconds
40.080: [Full GC [PSYoungGen: 138752K->34652K(161280K)] [ParOldGen: 367143K->367140K(367616K)] 505895K->401792K(528896K) [PSPermGen: 13569K->13569K(21504K)], 0.0855700 secs] [Times: user=0.61 sys=0.00, real=0.09 secs] 
40.166: Total time for which application threads were stopped: 0.0861900 seconds, Stopping threads took: 0.0000490 seconds
40.192: Application time: 0.0266280 seconds
40.193: [Full GC [PSYoungGen: 138752K->34667K(161280K)] [ParOldGen: 367140K->367138K(367616K)] 505892K->401806K(528896K) [PSPermGen: 13569K->13569K(21504K)], 0.0848150 secs] [Times: user=0.59 sys=0.00, real=0.08 secs] 
40.278: Total time for which application threads were stopped: 0.0855560 seconds, Stopping threads took: 0.0000630 seconds
40.310: Application time: 0.0322710 seconds
40.311: [Full GC [PSYoungGen: 138752K->34688K(161280K)] [ParOldGen: 367138K->367135K(367616K)] 505890K->401824K(528896K) [PSPermGen: 13569K->13569K(21504K)], 0.0864130 secs] [Times: user=0.63 sys=0.00, real=0.09 secs] 
40.397: Total time for which application threads were stopped: 0.0871720 seconds, Stopping threads took: 0.0000950 seconds
40.428: Application time: 0.0308880 seconds
40.429: [Full GC [PSYoungGen: 138752K->34697K(161280K)] [ParOldGen: 367135K->367133K(367616K)] 505887K->401831K(528896K) [PSPermGen: 13569K->13569K(21504K)], 0.0845030 secs] [Times: user=0.61 sys=0.00, real=0.09 secs] 
40.513: Total time for which application threads were stopped: 0.0851960 seconds, Stopping threads took: 0.0000950 seconds
40.540: Application time: 0.0260600 seconds
40.540: [Full GC [PSYoungGen: 138752K->34716K(161280K)] [ParOldGen: 367133K->367130K(367616K)] 505885K->401847K(528896K) [PSPermGen: 13569K->13569K(21504K)], 0.0843510 secs] [Times: user=0.60 sys=0.00, real=0.09 secs] 
40.625: Total time for which application threads were stopped: 0.0850330 seconds, Stopping threads took: 0.0000640 seconds
40.650: Application time: 0.0252650 seconds
40.650: [Full GC [PSYoungGen: 138752K->34736K(161280K)] [ParOldGen: 367130K->367128K(367616K)] 505882K->401864K(528896K) [PSPermGen: 13569K->13569K(21504K)], 0.0921820 secs] [Times: user=0.66 sys=0.00, real=0.09 secs] 
40.743: Total time for which application threads were stopped: 0.0928410 seconds, Stopping threads took: 0.0000860 seconds
40.768: Application time: 0.0256560 seconds
40.769: [Full GC [PSYoungGen: 138752K->34753K(161280K)] [ParOldGen: 367128K->367125K(367616K)] 505880K->401879K(528896K) [PSPermGen: 13569K->13569K(21504K)], 0.0841450 secs] [Times: user=0.61 sys=0.00, real=0.09 secs] 
40.853: Total time for which application threads were stopped: 0.0848800 seconds, Stopping threads took: 0.0000920 seconds
40.878: Application time: 0.0249780 seconds
40.879: [Full GC [PSYoungGen: 138752K->34775K(161280K)] [ParOldGen: 367125K->367123K(367616K)] 505877K->401898K(528896K) [PSPermGen: 13569K->13569K(21504K)], 0.0755720 secs] [Times: user=0.54 sys=0.00, real=0.08 secs] 
40.955: Total time for which application threads were stopped: 0.0762830 seconds, Stopping threads took: 0.0000800 seconds
40.980: Application time: 0.0255920 seconds
40.981: [Full GC [PSYoungGen: 138752K->34789K(161280K)] [ParOldGen: 367123K->367121K(367616K)] 505875K->401910K(528896K) [PSPermGen: 13569K->13569K(21504K)], 0.0764240 secs] [Times: user=0.55 sys=0.00, real=0.08 secs] 
41.057: Total time for which application threads were stopped: 0.0771350 seconds, Stopping threads took: 0.0000790 seconds
41.087: Application time: 0.0297420 seconds
41.088: [Full GC [PSYoungGen: 138752K->34808K(161280K)] [ParOldGen: 367121K->367118K(367616K)] 505873K->401927K(528896K) [PSPermGen: 13571K->13571K(21504K)], 0.0773850 secs] [Times: user=0.55 sys=0.00, real=0.08 secs] 
41.165: Total time for which application threads were stopped: 0.0781470 seconds, Stopping threads took: 0.0000260 seconds
41.195: Application time: 0.0295760 seconds
41.195: [Full GC [PSYoungGen: 138752K->34820K(161280K)] [ParOldGen: 367118K->367116K(367616K)] 505870K->401937K(528896K) [PSPermGen: 13588K->13588K(21504K)], 0.0768900 secs] [Times: user=0.53 sys=0.00, real=0.08 secs] 
41.272: Total time for which application threads were stopped: 0.0775980 seconds, Stopping threads took: 0.0001100 seconds
41.303: Application time: 0.0303280 seconds
41.303: [Full GC [PSYoungGen: 138752K->34841K(161280K)] [ParOldGen: 367116K->367113K(367616K)] 505868K->401955K(528896K) [PSPermGen: 13588K->13588K(21504K)], 0.0833570 secs] [Times: user=0.58 sys=0.02, real=0.09 secs] 
41.387: Total time for which application threads were stopped: 0.0841080 seconds, Stopping threads took: 0.0001270 seconds
41.413: Application time: 0.0264480 seconds
41.414: [Full GC [PSYoungGen: 138752K->34860K(161280K)] [ParOldGen: 367113K->367111K(367616K)] 505865K->401971K(528896K) [PSPermGen: 13588K->13588K(21504K)], 0.0831170 secs] [Times: user=0.60 sys=0.00, real=0.08 secs] 
41.497: Total time for which application threads were stopped: 0.0837570 seconds, Stopping threads took: 0.0000580 seconds
41.522: Application time: 0.0248460 seconds
41.522: [Full GC [PSYoungGen: 138752K->34873K(161280K)] [ParOldGen: 367111K->367109K(367616K)] 505863K->401983K(528896K) [PSPermGen: 13588K->13588K(21504K)], 0.0926960 secs] [Times: user=0.68 sys=0.00, real=0.10 secs] 
41.615: Total time for which application threads were stopped: 0.0933750 seconds, Stopping threads took: 0.0000560 seconds
41.640: Application time: 0.0246310 seconds
41.641: [Full GC [PSYoungGen: 138752K->34889K(161280K)] [ParOldGen: 367109K->367108K(367616K)] 505861K->401997K(528896K) [PSPermGen: 13588K->13588K(21504K)], 0.0982720 secs] [Times: user=0.71 sys=0.00, real=0.10 secs] 
41.739: Total time for which application threads were stopped: 0.0990280 seconds, Stopping threads took: 0.0000610 seconds
41.763: Application time: 0.0245320 seconds
41.764: [Full GC [PSYoungGen: 138752K->34906K(161280K)] [ParOldGen: 367108K->367108K(367616K)] 505860K->402015K(528896K) [PSPermGen: 13588K->13588K(21504K)], 0.1007920 secs] [Times: user=0.72 sys=0.00, real=0.10 secs] 
41.865: Total time for which application threads were stopped: 0.1014420 seconds, Stopping threads took: 0.0000500 seconds
41.889: Application time: 0.0243760 seconds
41.890: [Full GC [PSYoungGen: 138752K->34922K(161280K)] [ParOldGen: 367108K->367108K(367616K)] 505860K->402031K(528896K) [PSPermGen: 13588K->13588K(21504K)], 0.0909850 secs] [Times: user=0.65 sys=0.00, real=0.09 secs] 
41.981: Total time for which application threads were stopped: 0.0916390 seconds, Stopping threads took: 0.0000470 seconds
42.006: Application time: 0.0249340 seconds
42.006: [Full GC [PSYoungGen: 138752K->34941K(161280K)] [ParOldGen: 367108K->367108K(367616K)] 505860K->402050K(528896K) [PSPermGen: 13588K->13588K(21504K)], 0.0879100 secs] [Times: user=0.64 sys=0.00, real=0.09 secs] 
42.094: Total time for which application threads were stopped: 0.0885910 seconds, Stopping threads took: 0.0000530 seconds
42.119: Application time: 0.0247710 seconds
42.120: [Full GC [PSYoungGen: 138752K->34956K(161280K)] [ParOldGen: 367108K->367108K(367616K)] 505860K->402064K(528896K) [PSPermGen: 13588K->13588K(21504K)], 0.0853300 secs] [Times: user=0.62 sys=0.00, real=0.09 secs] 
42.205: Total time for which application threads were stopped: 0.0859890 seconds, Stopping threads took: 0.0000660 seconds
42.230: Application time: 0.0247020 seconds
42.230: [Full GC [PSYoungGen: 138752K->34969K(161280K)] [ParOldGen: 367108K->367108K(367616K)] 505860K->402077K(528896K) [PSPermGen: 13588K->13588K(21504K)], 0.0852240 secs] [Times: user=0.60 sys=0.00, real=0.09 secs] 
42.316: Total time for which application threads were stopped: 0.0858260 seconds, Stopping threads took: 0.0000310 seconds
42.340: Application time: 0.0241650 seconds
42.340: [Full GC [PSYoungGen: 138752K->34984K(161280K)] [ParOldGen: 367108K->367108K(367616K)] 505860K->402092K(528896K) [PSPermGen: 13588K->13588K(21504K)], 0.0808320 secs] [Times: user=0.57 sys=0.00, real=0.08 secs] 
42.421: Total time for which application threads were stopped: 0.0814920 seconds, Stopping threads took: 0.0000450 seconds
42.449: Application time: 0.0276150 seconds
42.450: [Full GC [PSYoungGen: 138752K->34882K(161280K)] [ParOldGen: 367108K->367108K(367616K)] 505860K->401990K(528896K) [PSPermGen: 13588K->13588K(21504K)], 0.0758680 secs] [Times: user=0.53 sys=0.00, real=0.08 secs] 
42.526: Total time for which application threads were stopped: 0.0765660 seconds, Stopping threads took: 0.0000610 seconds
42.529: Application time: 0.0035630 seconds
42.530: Total time for which application threads were stopped: 0.0006230 seconds, Stopping threads took: 0.0000830 seconds
42.530: Application time: 0.0000410 seconds
42.530: Total time for which application threads were stopped: 0.0002110 seconds, Stopping threads took: 0.0000540 seconds
42.554: Application time: 0.0241560 seconds
42.555: [Full GC [PSYoungGen: 138752K->34636K(161280K)] [ParOldGen: 367108K->367108K(367616K)] 505860K->401744K(528896K) [PSPermGen: 13588K->13588K(21504K)], 0.0728490 secs] [Times: user=0.52 sys=0.00, real=0.07 secs] 
42.628: Total time for which application threads were stopped: 0.0736180 seconds, Stopping threads took: 0.0001030 seconds
42.629: Application time: 0.0010240 seconds
42.629: Total time for which application threads were stopped: 0.0006830 seconds, Stopping threads took: 0.0000550 seconds
42.630: Application time: 0.0000360 seconds
42.630: Total time for which application threads were stopped: 0.0002150 seconds, Stopping threads took: 0.0000450 seconds
42.630: Application time: 0.0000470 seconds
42.630: Total time for which application threads were stopped: 0.0001710 seconds, Stopping threads took: 0.0000710 seconds
42.630: Application time: 0.0001840 seconds
42.630: Total time for which application threads were stopped: 0.0001530 seconds, Stopping threads took: 0.0000590 seconds
42.654: Application time: 0.0239990 seconds
42.655: [Full GC [PSYoungGen: 138752K->34545K(161280K)] [ParOldGen: 367108K->367108K(367616K)] 505860K->401654K(528896K) [PSPermGen: 13588K->13588K(21504K)], 0.0729910 secs] [Times: user=0.52 sys=0.00, real=0.07 secs] 
42.728: Total time for which application threads were stopped: 0.0736540 seconds, Stopping threads took: 0.0000490 seconds
42.728: Application time: 0.0002370 seconds
42.729: Total time for which application threads were stopped: 0.0006700 seconds, Stopping threads took: 0.0000950 seconds
42.729: Application time: 0.0000160 seconds
42.729: Total time for which application threads were stopped: 0.0001080 seconds, Stopping threads took: 0.0000150 seconds
42.754: Application time: 0.0254960 seconds
42.755: [Full GC [PSYoungGen: 138752K->34495K(161280K)] [ParOldGen: 367108K->367108K(367616K)] 505860K->401603K(528896K) [PSPermGen: 13588K->13588K(21504K)], 0.0739760 secs] [Times: user=0.52 sys=0.00, real=0.07 secs] 
42.829: Total time for which application threads were stopped: 0.0746690 seconds, Stopping threads took: 0.0000620 seconds
42.829: Application time: 0.0002520 seconds
42.830: Total time for which application threads were stopped: 0.0006410 seconds, Stopping threads took: 0.0000630 seconds
42.854: Application time: 0.0237070 seconds
42.854: [Full GC [PSYoungGen: 138752K->34493K(161280K)] [ParOldGen: 367108K->367108K(367616K)] 505860K->401601K(528896K) [PSPermGen: 13588K->13588K(21504K)], 0.0753520 secs] [Times: user=0.54 sys=0.00, real=0.07 secs] 
42.930: Total time for which application threads were stopped: 0.0759940 seconds, Stopping threads took: 0.0000660 seconds
42.954: Application time: 0.0243500 seconds
42.955: [Full GC [PSYoungGen: 138752K->34510K(161280K)] [ParOldGen: 367108K->367108K(367616K)] 505860K->401618K(528896K) [PSPermGen: 13588K->13588K(21504K)], 0.0730980 secs] [Times: user=0.52 sys=0.00, real=0.07 secs] 
43.028: Total time for which application threads were stopped: 0.0737970 seconds, Stopping threads took: 0.0000580 seconds
43.052: Application time: 0.0242670 seconds
43.053: [Full GC [PSYoungGen: 138752K->34526K(161280K)] [ParOldGen: 367108K->367108K(367616K)] 505860K->401634K(528896K) [PSPermGen: 13588K->13588K(21504K)], 0.0726010 secs] [Times: user=0.51 sys=0.00, real=0.07 secs] 
43.125: Total time for which application threads were stopped: 0.0732920 seconds, Stopping threads took: 0.0000480 seconds
43.150: Application time: 0.0244280 seconds
43.150: [Full GC [PSYoungGen: 138752K->34540K(161280K)] [ParOldGen: 367108K->367108K(367616K)] 505860K->401648K(528896K) [PSPermGen: 13588K->13588K(21504K)], 0.0729310 secs] [Times: user=0.52 sys=0.00, real=0.08 secs] 
43.223: Total time for which application threads were stopped: 0.0735630 seconds, Stopping threads took: 0.0000680 seconds
43.249: Application time: 0.0258940 seconds
43.250: [Full GC [PSYoungGen: 138752K->34555K(161280K)] [ParOldGen: 367108K->367108K(367616K)] 505860K->401664K(528896K) [PSPermGen: 13588K->13588K(21504K)], 0.0730400 secs] [Times: user=0.52 sys=0.00, real=0.07 secs] 
43.323: Total time for which application threads were stopped: 0.0737190 seconds, Stopping threads took: 0.0001150 seconds
43.323: Application time: 0.0001050 seconds
43.324: Total time for which application threads were stopped: 0.0006290 seconds, Stopping threads took: 0.0000630 seconds
43.348: Application time: 0.0241660 seconds
43.349: [Full GC [PSYoungGen: 138752K->34567K(161280K)] [ParOldGen: 367108K->367108K(367616K)] 505860K->401676K(528896K) [PSPermGen: 13588K->13588K(21504K)], 0.0730450 secs] [Times: user=0.52 sys=0.00, real=0.07 secs] 
43.422: Total time for which application threads were stopped: 0.0737050 seconds, Stopping threads took: 0.0000820 seconds
43.446: Application time: 0.0242640 seconds
43.447: [Full GC [PSYoungGen: 138752K->34583K(161280K)] [ParOldGen: 367108K->367108K(367616K)] 505860K->401692K(528896K) [PSPermGen: 13590K->13590K(21504K)], 0.0732650 secs] [Times: user=0.52 sys=0.00, real=0.07 secs] 
43.520: Total time for which application threads were stopped: 0.0739130 seconds, Stopping threads took: 0.0000660 seconds
43.544: Application time: 0.0245060 seconds
43.545: [Full GC [PSYoungGen: 138752K->34598K(161280K)] [ParOldGen: 367108K->367108K(367616K)] 505860K->401706K(528896K) [PSPermGen: 13590K->13590K(21504K)], 0.0733280 secs] [Times: user=0.51 sys=0.00, real=0.07 secs] 
43.618: Total time for which application threads were stopped: 0.0740040 seconds, Stopping threads took: 0.0000660 seconds
43.643: Application time: 0.0250450 seconds
43.644: [Full GC [PSYoungGen: 138752K->34615K(161280K)] [ParOldGen: 367108K->367108K(367616K)] 505860K->401723K(528896K) [PSPermGen: 13591K->13591K(21504K)], 0.0729370 secs] [Times: user=0.52 sys=0.00, real=0.07 secs] 
43.717: Total time for which application threads were stopped: 0.0738960 seconds, Stopping threads took: 0.0003310 seconds
43.742: Application time: 0.0243650 seconds
43.742: [Full GC [PSYoungGen: 138752K->34629K(161280K)] [ParOldGen: 367108K->367108K(367616K)] 505860K->401738K(528896K) [PSPermGen: 13591K->13591K(21504K)], 0.0747250 secs] [Times: user=0.51 sys=0.00, real=0.08 secs] 
43.817: Total time for which application threads were stopped: 0.0753220 seconds, Stopping threads took: 0.0000310 seconds
43.841: Application time: 0.0241270 seconds
43.842: [Full GC [PSYoungGen: 138752K->34644K(161280K)] [ParOldGen: 367108K->367108K(367616K)] 505860K->401753K(528896K) [PSPermGen: 13591K->13591K(21504K)], 0.0727810 secs] [Times: user=0.51 sys=0.00, real=0.08 secs] 
43.915: Total time for which application threads were stopped: 0.0734110 seconds, Stopping threads took: 0.0000560 seconds
43.939: Application time: 0.0242360 seconds
43.939: [Full GC [PSYoungGen: 138752K->34658K(161280K)] [ParOldGen: 367108K->367108K(367616K)] 505860K->401767K(528896K) [PSPermGen: 13591K->13591K(21504K)], 0.0733980 secs] [Times: user=0.51 sys=0.00, real=0.08 secs] 
44.013: Total time for which application threads were stopped: 0.0740410 seconds, Stopping threads took: 0.0000710 seconds
44.037: Application time: 0.0240020 seconds
44.037: [Full GC [PSYoungGen: 138752K->34670K(161280K)] [ParOldGen: 367108K->367108K(367616K)] 505860K->401779K(528896K) [PSPermGen: 13591K->13591K(21504K)], 0.0728790 secs] [Times: user=0.52 sys=0.00, real=0.07 secs] 
44.110: Total time for which application threads were stopped: 0.0735100 seconds, Stopping threads took: 0.0000530 seconds
44.134: Application time: 0.0240450 seconds
44.135: [Full GC [PSYoungGen: 138752K->34687K(161280K)] [ParOldGen: 367108K->367108K(367616K)] 505860K->401796K(528896K) [PSPermGen: 13591K->13591K(21504K)], 0.0736910 secs] [Times: user=0.51 sys=0.00, real=0.07 secs] 
44.209: Total time for which application threads were stopped: 0.0743710 seconds, Stopping threads took: 0.0000600 seconds
44.233: Application time: 0.0237720 seconds
44.233: [Full GC [PSYoungGen: 138752K->34702K(161280K)] [ParOldGen: 367108K->367108K(367616K)] 505860K->401811K(528896K) [PSPermGen: 13591K->13591K(21504K)], 0.0749850 secs] [Times: user=0.52 sys=0.00, real=0.07 secs] 
44.308: Total time for which application threads were stopped: 0.0756880 seconds, Stopping threads took: 0.0000530 seconds
44.333: Application time: 0.0244530 seconds
44.333: [Full GC [PSYoungGen: 138752K->34715K(161280K)] [ParOldGen: 367108K->367108K(367616K)] 505860K->401824K(528896K) [PSPermGen: 13591K->13591K(21504K)], 0.0742620 secs] [Times: user=0.51 sys=0.00, real=0.07 secs] 
44.408: Total time for which application threads were stopped: 0.0748900 seconds, Stopping threads took: 0.0000520 seconds
44.433: Application time: 0.0249500 seconds
44.433: [Full GC [PSYoungGen: 138752K->34731K(161280K)] [ParOldGen: 367108K->367108K(367616K)] 505860K->401840K(528896K) [PSPermGen: 13591K->13591K(21504K)], 0.0734800 secs] [Times: user=0.52 sys=0.00, real=0.07 secs] 
44.507: Total time for which application threads were stopped: 0.0741910 seconds, Stopping threads took: 0.0000760 seconds
44.534: Application time: 0.0267590 seconds
44.534: [Full GC [PSYoungGen: 138752K->34751K(161280K)] [ParOldGen: 367108K->367108K(367616K)] 505860K->401860K(528896K) [PSPermGen: 13591K->13591K(21504K)], 0.0735200 secs] [Times: user=0.52 sys=0.00, real=0.07 secs] 
44.608: Total time for which application threads were stopped: 0.0742250 seconds, Stopping threads took: 0.0000720 seconds
44.634: Application time: 0.0259000 seconds
44.634: [Full GC [PSYoungGen: 138752K->34763K(161280K)] [ParOldGen: 367108K->367108K(367616K)] 505860K->401872K(528896K) [PSPermGen: 13591K->13591K(21504K)], 0.0738030 secs] [Times: user=0.52 sys=0.00, real=0.07 secs] 
44.708: Total time for which application threads were stopped: 0.0744460 seconds, Stopping threads took: 0.0000760 seconds
44.732: Application time: 0.0240620 seconds
44.733: [Full GC [PSYoungGen: 138752K->34779K(161280K)] [ParOldGen: 367108K->367108K(367616K)] 505860K->401887K(528896K) [PSPermGen: 13591K->13591K(21504K)], 0.0742870 secs] [Times: user=0.52 sys=0.00, real=0.07 secs] 
44.807: Total time for which application threads were stopped: 0.0750140 seconds, Stopping threads took: 0.0000610 seconds
44.831: Application time: 0.0238290 seconds
44.832: [Full GC [PSYoungGen: 138752K->34792K(161280K)] [ParOldGen: 367108K->367108K(367616K)] 505860K->401900K(528896K) [PSPermGen: 13591K->13591K(21504K)], 0.0738700 secs] [Times: user=0.52 sys=0.00, real=0.07 secs] 
44.906: Total time for which application threads were stopped: 0.0745180 seconds, Stopping threads took: 0.0000560 seconds
44.929: Application time: 0.0236410 seconds
44.930: [Full GC [PSYoungGen: 138752K->34806K(161280K)] [ParOldGen: 367108K->367108K(367616K)] 505860K->401914K(528896K) [PSPermGen: 13591K->13591K(21504K)], 0.0734670 secs] [Times: user=0.52 sys=0.00, real=0.07 secs] 
45.003: Total time for which application threads were stopped: 0.0741010 seconds, Stopping threads took: 0.0000620 seconds
45.027: Application time: 0.0241370 seconds
45.028: [Full GC [PSYoungGen: 138752K->34821K(161280K)] [ParOldGen: 367108K->367108K(367616K)] 505860K->401930K(528896K) [PSPermGen: 13591K->13591K(21504K)], 0.0734300 secs] [Times: user=0.52 sys=0.00, real=0.07 secs] 
45.102: Total time for which application threads were stopped: 0.0741090 seconds, Stopping threads took: 0.0000430 seconds
45.126: Application time: 0.0241370 seconds
45.126: [Full GC [PSYoungGen: 138752K->34837K(161280K)] [ParOldGen: 367108K->367108K(367616K)] 505860K->401945K(528896K) [PSPermGen: 13591K->13591K(21504K)], 0.0728850 secs] [Times: user=0.51 sys=0.00, real=0.07 secs] 
45.199: Total time for which application threads were stopped: 0.0734900 seconds, Stopping threads took: 0.0000380 seconds
45.223: Application time: 0.0239990 seconds
45.224: [Full GC [PSYoungGen: 138752K->34849K(161280K)] [ParOldGen: 367108K->367108K(367616K)] 505860K->401958K(528896K) [PSPermGen: 13591K->13591K(21504K)], 0.0759060 secs] [Times: user=0.52 sys=0.00, real=0.07 secs] 
45.300: Total time for which application threads were stopped: 0.0765930 seconds, Stopping threads took: 0.0000440 seconds
45.324: Application time: 0.0238470 seconds
45.324: [Full GC [PSYoungGen: 138752K->34863K(161280K)] [ParOldGen: 367108K->367108K(367616K)] 505860K->401972K(528896K) [PSPermGen: 13591K->13591K(21504K)], 0.0735810 secs] [Times: user=0.52 sys=0.00, real=0.07 secs] 
45.398: Total time for which application threads were stopped: 0.0742960 seconds, Stopping threads took: 0.0000630 seconds
45.422: Application time: 0.0239750 seconds
45.422: [Full GC [PSYoungGen: 138752K->34881K(161280K)] [ParOldGen: 367108K->367108K(367616K)] 505860K->401989K(528896K) [PSPermGen: 13591K->13591K(21504K)], 0.0739080 secs] [Times: user=0.52 sys=0.00, real=0.08 secs] 
45.496: Total time for which application threads were stopped: 0.0745120 seconds, Stopping threads took: 0.0000520 seconds
45.520: Application time: 0.0239860 seconds
45.521: [Full GC [PSYoungGen: 138752K->34894K(161280K)] [ParOldGen: 367108K->367108K(367616K)] 505860K->402003K(528896K) [PSPermGen: 13591K->13591K(21504K)], 0.0737630 secs] [Times: user=0.51 sys=0.00, real=0.08 secs] 
45.595: Total time for which application threads were stopped: 0.0744560 seconds, Stopping threads took: 0.0000610 seconds
45.619: Application time: 0.0239650 seconds
45.619: [Full GC [PSYoungGen: 138752K->34911K(161280K)] [ParOldGen: 367108K->367108K(367616K)] 505860K->402019K(528896K) [PSPermGen: 13591K->13591K(21504K)], 0.0740620 secs] [Times: user=0.52 sys=0.00, real=0.08 secs] 
45.694: Total time for which application threads were stopped: 0.0746760 seconds, Stopping threads took: 0.0000410 seconds
45.718: Application time: 0.0240110 seconds
45.718: [Full GC [PSYoungGen: 138752K->34924K(161280K)] [ParOldGen: 367108K->367108K(367616K)] 505860K->402032K(528896K) [PSPermGen: 13591K->13591K(21504K)], 0.0826520 secs] [Times: user=0.59 sys=0.00, real=0.08 secs] 
45.801: Total time for which application threads were stopped: 0.0832810 seconds, Stopping threads took: 0.0000660 seconds
45.825: Application time: 0.0239780 seconds
45.825: [Full GC [PSYoungGen: 138752K->34944K(161280K)] [ParOldGen: 367108K->367108K(367616K)] 505860K->402053K(528896K) [PSPermGen: 13591K->13591K(21504K)], 0.0738480 secs] [Times: user=0.52 sys=0.00, real=0.07 secs] 
45.899: Total time for which application threads were stopped: 0.0745910 seconds, Stopping threads took: 0.0000780 seconds
45.923: Application time: 0.0239800 seconds
45.924: [Full GC [PSYoungGen: 138752K->34957K(161280K)] [ParOldGen: 367108K->367108K(367616K)] 505860K->402066K(528896K) [PSPermGen: 13591K->13591K(21504K)], 0.0733400 secs] [Times: user=0.52 sys=0.00, real=0.07 secs] 
45.997: Total time for which application threads were stopped: 0.0739540 seconds, Stopping threads took: 0.0000460 seconds
46.022: Application time: 0.0241770 seconds
46.022: [Full GC [PSYoungGen: 138752K->34970K(161280K)] [ParOldGen: 367108K->367108K(367616K)] 505860K->402079K(528896K) [PSPermGen: 13591K->13591K(21504K)], 0.0731650 secs] [Times: user=0.51 sys=0.00, real=0.08 secs] 
46.095: Total time for which application threads were stopped: 0.0738650 seconds, Stopping threads took: 0.0000560 seconds
46.120: Application time: 0.0242750 seconds
46.120: [Full GC [PSYoungGen: 138752K->34979K(161280K)] [ParOldGen: 367108K->367108K(367616K)] 505860K->402087K(528896K) [PSPermGen: 13591K->13591K(21504K)], 0.0726430 secs] [Times: user=0.51 sys=0.00, real=0.08 secs] 
46.193: Total time for which application threads were stopped: 0.0733140 seconds, Stopping threads took: 0.0000490 seconds
46.208: Application time: 0.0146640 seconds
46.208: Total time for which application threads were stopped: 0.0005440 seconds, Stopping threads took: 0.0000700 seconds
46.218: Application time: 0.0097900 seconds
46.219: [Full GC [PSYoungGen: 138752K->34893K(161280K)] [ParOldGen: 367108K->367108K(367616K)] 505860K->402002K(528896K) [PSPermGen: 13592K->13592K(21504K)], 0.0728560 secs] [Times: user=0.51 sys=0.00, real=0.08 secs] 
46.292: Total time for which application threads were stopped: 0.0735240 seconds, Stopping threads took: 0.0000610 seconds
46.292: Application time: 0.0003060 seconds
46.293: Total time for which application threads were stopped: 0.0006880 seconds, Stopping threads took: 0.0000410 seconds
46.317: Application time: 0.0240770 seconds
46.317: Total time for which application threads were stopped: 0.0005390 seconds, Stopping threads took: 0.0000570 seconds
46.318: Application time: 0.0007090 seconds
46.318: [Full GC [PSYoungGen: 138752K->34595K(161280K)] [ParOldGen: 367108K->367108K(367616K)] 505860K->401704K(528896K) [PSPermGen: 13601K->13601K(21504K)], 0.0895220 secs] [Times: user=0.64 sys=0.00, real=0.09 secs] 
46.408: Total time for which application threads were stopped: 0.0900030 seconds, Stopping threads took: 0.0000970 seconds
46.409: Application time: 0.0014710 seconds
46.410: Total time for which application threads were stopped: 0.0005560 seconds, Stopping threads took: 0.0000760 seconds
46.410: Application time: 0.0000370 seconds
46.410: Total time for which application threads were stopped: 0.0002970 seconds, Stopping threads took: 0.0000640 seconds
46.410: Application time: 0.0000380 seconds
46.410: Total time for which application threads were stopped: 0.0001660 seconds, Stopping threads took: 0.0000580 seconds
46.410: Application time: 0.0000400 seconds
46.411: Total time for which application threads were stopped: 0.0001490 seconds, Stopping threads took: 0.0000660 seconds
46.411: Application time: 0.0000160 seconds
46.411: Total time for which application threads were stopped: 0.0000830 seconds, Stopping threads took: 0.0000050 seconds
46.437: Application time: 0.0260130 seconds
46.440: [Full GC [PSYoungGen: 138752K->34484K(161280K)] [ParOldGen: 367108K->367108K(367616K)] 505860K->401592K(528896K) [PSPermGen: 13610K->13610K(21504K)], 0.0900900 secs] [Times: user=0.65 sys=0.01, real=0.09 secs] 
46.530: Total time for which application threads were stopped: 0.0931640 seconds, Stopping threads took: 0.0024730 seconds
46.531: Application time: 0.0012870 seconds
46.532: Total time for which application threads were stopped: 0.0006080 seconds, Stopping threads took: 0.0000740 seconds
46.555: Application time: 0.0235020 seconds
46.556: [Full GC [PSYoungGen: 138752K->34487K(161280K)] [ParOldGen: 367108K->367108K(367616K)] 505860K->401595K(528896K) [PSPermGen: 13610K->13610K(21504K)], 0.0734290 secs] [Times: user=0.52 sys=0.00, real=0.07 secs] 
46.629: Total time for which application threads were stopped: 0.0740950 seconds, Stopping threads took: 0.0000880 seconds
46.654: Application time: 0.0248400 seconds
46.655: [Full GC [PSYoungGen: 138752K->34506K(161280K)] [ParOldGen: 367108K->367108K(367616K)] 505860K->401615K(528896K) [PSPermGen: 13610K->13610K(21504K)], 0.0726040 secs] [Times: user=0.52 sys=0.00, real=0.07 secs] 
46.728: Total time for which application threads were stopped: 0.0732930 seconds, Stopping threads took: 0.0000620 seconds
46.752: Application time: 0.0240330 seconds
46.752: [Full GC [PSYoungGen: 138752K->34521K(161280K)] [ParOldGen: 367108K->367108K(367616K)] 505860K->401629K(528896K) [PSPermGen: 13610K->13610K(21504K)], 0.0741380 secs] [Times: user=0.51 sys=0.00, real=0.07 secs] 
46.826: Total time for which application threads were stopped: 0.0747710 seconds, Stopping threads took: 0.0000550 seconds
46.850: Application time: 0.0237240 seconds
46.851: [Full GC [PSYoungGen: 138752K->34535K(161280K)] [ParOldGen: 367108K->367108K(367616K)] 505860K->401643K(528896K) [PSPermGen: 13610K->13610K(21504K)], 0.0731370 secs] [Times: user=0.52 sys=0.00, real=0.08 secs] 
46.924: Total time for which application threads were stopped: 0.0738320 seconds, Stopping threads took: 0.0000650 seconds
46.948: Application time: 0.0238190 seconds
46.948: [Full GC [PSYoungGen: 138752K->34549K(161280K)] [ParOldGen: 367108K->367108K(367616K)] 505860K->401658K(528896K) [PSPermGen: 13610K->13610K(21504K)], 0.0733360 secs] [Times: user=0.50 sys=0.00, real=0.07 secs] 
47.022: Total time for which application threads were stopped: 0.0739880 seconds, Stopping threads took: 0.0000510 seconds
47.045: Application time: 0.0237730 seconds
47.046: [Full GC [PSYoungGen: 138752K->34564K(161280K)] [ParOldGen: 367108K->367108K(367616K)] 505860K->401673K(528896K) [PSPermGen: 13610K->13610K(21504K)], 0.0735240 secs] [Times: user=0.51 sys=0.00, real=0.07 secs] 
47.120: Total time for which application threads were stopped: 0.0741510 seconds, Stopping threads took: 0.0000450 seconds
47.144: Application time: 0.0240840 seconds
47.144: [Full GC [PSYoungGen: 138752K->34582K(161280K)] [ParOldGen: 367108K->367108K(367616K)] 505860K->401690K(528896K) [PSPermGen: 13610K->13610K(21504K)], 0.0734210 secs] [Times: user=0.52 sys=0.00, real=0.07 secs] 
47.218: Total time for which application threads were stopped: 0.0740470 seconds, Stopping threads took: 0.0000410 seconds
47.242: Application time: 0.0238280 seconds
47.242: [Full GC [PSYoungGen: 138752K->34595K(161280K)] [ParOldGen: 367108K->367108K(367616K)] 505860K->401703K(528896K) [PSPermGen: 13610K->13610K(21504K)], 0.0741870 secs] [Times: user=0.51 sys=0.00, real=0.08 secs] 
47.316: Total time for which application threads were stopped: 0.0748150 seconds, Stopping threads took: 0.0000450 seconds
47.340: Application time: 0.0239840 seconds
47.341: [Full GC [PSYoungGen: 138752K->34611K(161280K)] [ParOldGen: 367108K->367108K(367616K)] 505860K->401719K(528896K) [PSPermGen: 13610K->13610K(21504K)], 0.0731090 secs] [Times: user=0.52 sys=0.00, real=0.08 secs] 
47.414: Total time for which application threads were stopped: 0.0737250 seconds, Stopping threads took: 0.0000430 seconds
47.438: Application time: 0.0239270 seconds
47.439: [Full GC [PSYoungGen: 138752K->34626K(161280K)] [ParOldGen: 367108K->367108K(367616K)] 505860K->401735K(528896K) [PSPermGen: 13612K->13612K(21504K)], 0.0736250 secs] [Times: user=0.52 sys=0.00, real=0.08 secs] 
47.512: Total time for which application threads were stopped: 0.0743280 seconds, Stopping threads took: 0.0000520 seconds
47.537: Application time: 0.0249880 seconds
47.538: [Full GC [PSYoungGen: 138752K->34638K(161280K)] [ParOldGen: 367108K->367108K(367616K)] 505860K->401747K(528896K) [PSPermGen: 13615K->13615K(21504K)], 0.0731250 secs] [Times: user=0.52 sys=0.00, real=0.07 secs] 
47.611: Total time for which application threads were stopped: 0.0737970 seconds, Stopping threads took: 0.0000650 seconds
47.635: Application time: 0.0242690 seconds
47.636: [Full GC [PSYoungGen: 138752K->34647K(161280K)] [ParOldGen: 367108K->367108K(367616K)] 505860K->401756K(528896K) [PSPermGen: 13618K->13618K(21504K)], 0.0735180 secs] [Times: user=0.52 sys=0.00, real=0.07 secs] 
47.710: Total time for which application threads were stopped: 0.0742090 seconds, Stopping threads took: 0.0000490 seconds
47.734: Application time: 0.0240550 seconds
47.734: [Full GC [PSYoungGen: 138752K->34664K(161280K)] [ParOldGen: 367108K->367108K(367616K)] 505860K->401773K(528896K) [PSPermGen: 13618K->13618K(21504K)], 0.0735560 secs] [Times: user=0.51 sys=0.00, real=0.07 secs] 
47.808: Total time for which application threads were stopped: 0.0741760 seconds, Stopping threads took: 0.0000470 seconds
47.832: Application time: 0.0238080 seconds
47.832: [Full GC [PSYoungGen: 138752K->34682K(161280K)] [ParOldGen: 367108K->367108K(367616K)] 505860K->401791K(528896K) [PSPermGen: 13618K->13618K(21504K)], 0.0735790 secs] [Times: user=0.52 sys=0.00, real=0.07 secs] 
47.906: Total time for which application threads were stopped: 0.0742060 seconds, Stopping threads took: 0.0000470 seconds
47.930: Application time: 0.0240140 seconds
47.931: [Full GC [PSYoungGen: 138752K->34695K(161280K)] [ParOldGen: 367108K->367108K(367616K)] 505860K->401804K(528896K) [PSPermGen: 13618K->13618K(21504K)], 0.0731960 secs] [Times: user=0.52 sys=0.00, real=0.08 secs] 
48.004: Total time for which application threads were stopped: 0.0738520 seconds, Stopping threads took: 0.0000760 seconds
48.027: Application time: 0.0235250 seconds
48.028: [Full GC [PSYoungGen: 138752K->34712K(161280K)] [ParOldGen: 367108K->367108K(367616K)] 505860K->401821K(528896K) [PSPermGen: 13618K->13618K(21504K)], 0.0732520 secs] [Times: user=0.52 sys=0.00, real=0.07 secs] 
48.101: Total time for which application threads were stopped: 0.0739390 seconds, Stopping threads took: 0.0000500 seconds
48.125: Application time: 0.0234920 seconds
48.125: [Full GC [PSYoungGen: 138752K->34725K(161280K)] [ParOldGen: 367108K->367108K(367616K)] 505860K->401834K(528896K) [PSPermGen: 13618K->13618K(21504K)], 0.0741320 secs] [Times: user=0.51 sys=0.00, real=0.07 secs] 
48.200: Total time for which application threads were stopped: 0.0747820 seconds, Stopping threads took: 0.0000680 seconds
48.223: Application time: 0.0235980 seconds
48.224: [Full GC [PSYoungGen: 138752K->34744K(161280K)] [ParOldGen: 367108K->367108K(367616K)] 505860K->401853K(528896K) [PSPermGen: 13618K->13618K(21504K)], 0.0742110 secs] [Times: user=0.50 sys=0.00, real=0.07 secs] 
48.298: Total time for which application threads were stopped: 0.0749010 seconds, Stopping threads took: 0.0000520 seconds
48.322: Application time: 0.0237640 seconds
48.322: [Full GC [PSYoungGen: 138752K->34758K(161280K)] [ParOldGen: 367108K->367108K(367616K)] 505860K->401867K(528896K) [PSPermGen: 13618K->13618K(21504K)], 0.0730060 secs] [Times: user=0.52 sys=0.00, real=0.08 secs] 
48.395: Total time for which application threads were stopped: 0.0736120 seconds, Stopping threads took: 0.0000350 seconds
48.419: Application time: 0.0240380 seconds
48.420: [Full GC [PSYoungGen: 138752K->34770K(161280K)] [ParOldGen: 367108K->367108K(367616K)] 505860K->401879K(528896K) [PSPermGen: 13618K->13618K(21504K)], 0.0731380 secs] [Times: user=0.51 sys=0.00, real=0.08 secs] 
48.493: Total time for which application threads were stopped: 0.0737650 seconds, Stopping threads took: 0.0000490 seconds
48.517: Application time: 0.0235800 seconds
48.517: [Full GC [PSYoungGen: 138752K->34787K(161280K)] [ParOldGen: 367108K->367108K(367616K)] 505860K->401896K(528896K) [PSPermGen: 13618K->13618K(21504K)], 0.0737800 secs] [Times: user=0.52 sys=0.00, real=0.07 secs] 
48.591: Total time for which application threads were stopped: 0.0743910 seconds, Stopping threads took: 0.0000420 seconds
48.615: Application time: 0.0236030 seconds
48.615: [Full GC [PSYoungGen: 138752K->34804K(161280K)] [ParOldGen: 367108K->367108K(367616K)] 505860K->401912K(528896K) [PSPermGen: 13618K->13618K(21504K)], 0.0746280 secs] [Times: user=0.51 sys=0.00, real=0.07 secs] 
48.690: Total time for which application threads were stopped: 0.0752730 seconds, Stopping threads took: 0.0000530 seconds
48.714: Application time: 0.0238780 seconds
48.715: [Full GC [PSYoungGen: 138752K->34814K(161280K)] [ParOldGen: 367108K->367108K(367616K)] 505860K->401922K(528896K) [PSPermGen: 13618K->13618K(21504K)], 0.0782700 secs] [Times: user=0.54 sys=0.00, real=0.08 secs] 
48.793: Total time for which application threads were stopped: 0.0789580 seconds, Stopping threads took: 0.0000400 seconds
48.817: Application time: 0.0236290 seconds
48.817: [Full GC [PSYoungGen: 138752K->34830K(161280K)] [ParOldGen: 367108K->367108K(367616K)] 505860K->401939K(528896K) [PSPermGen: 13618K->13618K(21504K)], 0.0733360 secs] [Times: user=0.52 sys=0.00, real=0.07 secs] 
48.891: Total time for which application threads were stopped: 0.0740110 seconds, Stopping threads took: 0.0000510 seconds
48.914: Application time: 0.0237280 seconds
48.915: [Full GC [PSYoungGen: 138752K->34846K(161280K)] [ParOldGen: 367108K->367108K(367616K)] 505860K->401954K(528896K) [PSPermGen: 13618K->13618K(21504K)], 0.0735280 secs] [Times: user=0.52 sys=0.00, real=0.07 secs] 
48.989: Total time for which application threads were stopped: 0.0742100 seconds, Stopping threads took: 0.0000500 seconds
49.012: Application time: 0.0236290 seconds
49.013: [Full GC [PSYoungGen: 138752K->34859K(161280K)] [ParOldGen: 367108K->367108K(367616K)] 505860K->401967K(528896K) [PSPermGen: 13618K->13618K(21504K)], 0.0735230 secs] [Times: user=0.52 sys=0.00, real=0.07 secs] 
49.086: Total time for which application threads were stopped: 0.0742110 seconds, Stopping threads took: 0.0000500 seconds
49.110: Application time: 0.0238060 seconds
49.111: [Full GC [PSYoungGen: 138752K->34876K(161280K)] [ParOldGen: 367108K->367108K(367616K)] 505860K->401984K(528896K) [PSPermGen: 13618K->13618K(21504K)], 0.0749410 secs] [Times: user=0.51 sys=0.00, real=0.08 secs] 
49.186: Total time for which application threads were stopped: 0.0755710 seconds, Stopping threads took: 0.0000580 seconds
49.210: Application time: 0.0243430 seconds
49.211: [Full GC [PSYoungGen: 138752K->34889K(161280K)] [ParOldGen: 367108K->367108K(367616K)] 505860K->401997K(528896K) [PSPermGen: 13618K->13618K(21504K)], 0.0741670 secs] [Times: user=0.51 sys=0.01, real=0.08 secs] 
49.285: Total time for which application threads were stopped: 0.0747860 seconds, Stopping threads took: 0.0000470 seconds
49.308: Application time: 0.0234990 seconds
49.309: [Full GC [PSYoungGen: 138752K->34902K(161280K)] [ParOldGen: 367108K->367108K(367616K)] 505860K->402011K(528896K) [PSPermGen: 13618K->13618K(21504K)], 0.0732340 secs] [Times: user=0.52 sys=0.00, real=0.07 secs] 
49.382: Total time for which application threads were stopped: 0.0739480 seconds, Stopping threads took: 0.0000500 seconds
49.406: Application time: 0.0237960 seconds
49.407: [Full GC [PSYoungGen: 138752K->34921K(161280K)] [ParOldGen: 367108K->367108K(367616K)] 505860K->402030K(528896K) [PSPermGen: 13618K->13618K(21504K)], 0.0732740 secs] [Times: user=0.52 sys=0.00, real=0.07 secs] 
49.480: Total time for which application threads were stopped: 0.0739430 seconds, Stopping threads took: 0.0000410 seconds
49.504: Application time: 0.0237910 seconds
49.504: [Full GC [PSYoungGen: 138752K->34937K(161280K)] [ParOldGen: 367108K->367108K(367616K)] 505860K->402046K(528896K) [PSPermGen: 13618K->13618K(21504K)], 0.0734800 secs] [Times: user=0.52 sys=0.00, real=0.07 secs] 
49.578: Total time for which application threads were stopped: 0.0740950 seconds, Stopping threads took: 0.0000430 seconds
49.602: Application time: 0.0240940 seconds
49.603: [Full GC [PSYoungGen: 138752K->34955K(161280K)] [ParOldGen: 367108K->367108K(367616K)] 505860K->402063K(528896K) [PSPermGen: 13618K->13618K(21504K)], 0.0751350 secs] [Times: user=0.53 sys=0.00, real=0.08 secs] 
49.678: Total time for which application threads were stopped: 0.0758310 seconds, Stopping threads took: 0.0000580 seconds
49.702: Application time: 0.0240340 seconds
49.703: [Full GC [PSYoungGen: 138752K->34968K(161280K)] [ParOldGen: 367108K->367108K(367616K)] 505860K->402077K(528896K) [PSPermGen: 13618K->13618K(21504K)], 0.0730260 secs] [Times: user=0.52 sys=0.00, real=0.08 secs] 
49.776: Total time for which application threads were stopped: 0.0736420 seconds, Stopping threads took: 0.0000520 seconds
49.801: Application time: 0.0250040 seconds
49.801: [Full GC [PSYoungGen: 138752K->34984K(161280K)] [ParOldGen: 367108K->367108K(367616K)] 505860K->402093K(528896K) [PSPermGen: 13618K->13618K(21504K)], 0.0740140 secs] [Times: user=0.52 sys=0.00, real=0.08 secs] 
49.875: Total time for which application threads were stopped: 0.0746850 seconds, Stopping threads took: 0.0000670 seconds
49.899: Application time: 0.0238750 seconds
49.900: [Full GC [PSYoungGen: 138752K->34998K(161280K)] [ParOldGen: 367108K->367108K(367616K)] 505860K->402106K(528896K) [PSPermGen: 13618K->13618K(21504K)], 0.0738250 secs] [Times: user=0.52 sys=0.00, real=0.08 secs] 
49.974: Total time for which application threads were stopped: 0.0745130 seconds, Stopping threads took: 0.0000800 seconds
49.999: Application time: 0.0254760 seconds
50.000: [Full GC [PSYoungGen: 138752K->34784K(161280K)] [ParOldGen: 367108K->367108K(367616K)] 505860K->401893K(528896K) [PSPermGen: 13618K->13618K(21504K)], 0.0731280 secs] [Times: user=0.51 sys=0.01, real=0.08 secs] 
50.073: Total time for which application threads were stopped: 0.0738190 seconds, Stopping threads took: 0.0000510 seconds
50.073: Application time: 0.0001040 seconds
50.074: Total time for which application threads were stopped: 0.0006650 seconds, Stopping threads took: 0.0000800 seconds
50.074: Application time: 0.0000180 seconds
50.074: Total time for which application threads were stopped: 0.0001280 seconds, Stopping threads took: 0.0000360 seconds
50.074: Application time: 0.0000320 seconds
50.074: Total time for which application threads were stopped: 0.0001880 seconds, Stopping threads took: 0.0000720 seconds
50.074: Application time: 0.0000370 seconds
50.074: Total time for which application threads were stopped: 0.0001450 seconds, Stopping threads took: 0.0000630 seconds
50.099: Application time: 0.0248330 seconds
50.100: [Full GC [PSYoungGen: 138752K->34690K(161280K)] [ParOldGen: 367108K->367108K(367616K)] 505860K->401798K(528896K) [PSPermGen: 13618K->13618K(21504K)], 0.0727620 secs] [Times: user=0.51 sys=0.00, real=0.08 secs] 
50.173: Total time for which application threads were stopped: 0.0734760 seconds, Stopping threads took: 0.0000600 seconds
50.173: Application time: 0.0003130 seconds
50.174: Total time for which application threads were stopped: 0.0006550 seconds, Stopping threads took: 0.0000810 seconds
50.197: Application time: 0.0234820 seconds
50.198: [Full GC [PSYoungGen: 138752K->34580K(161280K)] [ParOldGen: 367108K->367108K(367616K)] 505860K->401689K(528896K) [PSPermGen: 13618K->13618K(21504K)], 0.0732830 secs] [Times: user=0.52 sys=0.00, real=0.07 secs] 
50.271: Total time for which application threads were stopped: 0.0739910 seconds, Stopping threads took: 0.0000760 seconds
50.271: Application time: 0.0002090 seconds
50.272: Total time for which application threads were stopped: 0.0006670 seconds, Stopping threads took: 0.0000870 seconds
50.272: Application time: 0.0000380 seconds
50.272: Total time for which application threads were stopped: 0.0002030 seconds, Stopping threads took: 0.0000800 seconds
50.296: Application time: 0.0238910 seconds
50.300: [Full GC [PSYoungGen: 138752K->34490K(161280K)] [ParOldGen: 367108K->367108K(367616K)] 505860K->401599K(528896K) [PSPermGen: 13618K->13618K(21504K)], 0.0733710 secs] [Times: user=0.52 sys=0.01, real=0.08 secs] 
50.373: Total time for which application threads were stopped: 0.0772720 seconds, Stopping threads took: 0.0032640 seconds
50.374: Application time: 0.0006920 seconds
50.375: Total time for which application threads were stopped: 0.0006270 seconds, Stopping threads took: 0.0000730 seconds
50.398: Application time: 0.0229430 seconds
50.398: [Full GC [PSYoungGen: 138752K->34507K(161280K)] [ParOldGen: 367108K->367108K(367616K)] 505860K->401616K(528896K) [PSPermGen: 13618K->13618K(21504K)], 0.0727670 secs] [Times: user=0.52 sys=0.00, real=0.07 secs] 
50.471: Total time for which application threads were stopped: 0.0734570 seconds, Stopping threads took: 0.0000670 seconds
50.495: Application time: 0.0239100 seconds
50.496: [Full GC [PSYoungGen: 138752K->34523K(161280K)] [ParOldGen: 367108K->367108K(367616K)] 505860K->401631K(528896K) [PSPermGen: 13618K->13618K(21504K)], 0.0727540 secs] [Times: user=0.51 sys=0.00, real=0.07 secs] 
50.569: Total time for which application threads were stopped: 0.0734800 seconds, Stopping threads took: 0.0000630 seconds
50.592: Application time: 0.0238440 seconds
50.593: [Full GC [PSYoungGen: 138752K->34531K(161280K)] [ParOldGen: 367108K->367108K(367616K)] 505860K->401640K(528896K) [PSPermGen: 13618K->13618K(21504K)], 0.0739220 secs] [Times: user=0.52 sys=0.00, real=0.07 secs] 
50.667: Total time for which application threads were stopped: 0.0745460 seconds, Stopping threads took: 0.0000570 seconds
50.691: Application time: 0.0238210 seconds
50.691: [Full GC [PSYoungGen: 138752K->34554K(161280K)] [ParOldGen: 367108K->367108K(367616K)] 505860K->401662K(528896K) [PSPermGen: 13618K->13618K(21504K)], 0.0737560 secs] [Times: user=0.52 sys=0.01, real=0.08 secs] 
50.765: Total time for which application threads were stopped: 0.0743780 seconds, Stopping threads took: 0.0000560 seconds
50.789: Application time: 0.0241650 seconds
50.790: [Full GC [PSYoungGen: 138752K->34569K(161280K)] [ParOldGen: 367108K->367108K(367616K)] 505860K->401678K(528896K) [PSPermGen: 13618K->13618K(21504K)], 0.0731710 secs] [Times: user=0.51 sys=0.00, real=0.07 secs] 
50.863: Total time for which application threads were stopped: 0.0738070 seconds, Stopping threads took: 0.0000570 seconds
50.887: Application time: 0.0241430 seconds
50.888: [Full GC [PSYoungGen: 138752K->34583K(161280K)] [ParOldGen: 367108K->367108K(367616K)] 505860K->401691K(528896K) [PSPermGen: 13618K->13618K(21504K)], 0.0725840 secs] [Times: user=0.52 sys=0.00, real=0.07 secs] 
50.960: Total time for which application threads were stopped: 0.0732290 seconds, Stopping threads took: 0.0000580 seconds
50.985: Application time: 0.0241270 seconds
50.985: [Full GC [PSYoungGen: 138752K->34597K(161280K)] [ParOldGen: 367108K->367108K(367616K)] 505860K->401706K(528896K) [PSPermGen: 13618K->13618K(21504K)], 0.0738170 secs] [Times: user=0.51 sys=0.00, real=0.07 secs] 
51.059: Total time for which application threads were stopped: 0.0744430 seconds, Stopping threads took: 0.0000440 seconds
51.083: Application time: 0.0237970 seconds
51.083: [Full GC [PSYoungGen: 138752K->34612K(161280K)] [ParOldGen: 367108K->367108K(367616K)] 505860K->401721K(528896K) [PSPermGen: 13618K->13618K(21504K)], 0.0734670 secs] [Times: user=0.52 sys=0.00, real=0.07 secs] 
51.157: Total time for which application threads were stopped: 0.0741780 seconds, Stopping threads took: 0.0000390 seconds
51.181: Application time: 0.0238710 seconds
51.181: [Full GC [PSYoungGen: 138752K->34626K(161280K)] [ParOldGen: 367108K->367108K(367616K)] 505860K->401734K(528896K) [PSPermGen: 13618K->13618K(21504K)], 0.0729780 secs] [Times: user=0.51 sys=0.00, real=0.08 secs] 
51.255: Total time for which application threads were stopped: 0.0736220 seconds, Stopping threads took: 0.0000620 seconds
51.278: Application time: 0.0237400 seconds
51.279: [Full GC [PSYoungGen: 138752K->34642K(161280K)] [ParOldGen: 367108K->367108K(367616K)] 505860K->401751K(528896K) [PSPermGen: 13618K->13618K(21504K)], 0.0744420 secs] [Times: user=0.52 sys=0.00, real=0.08 secs] 
51.353: Total time for which application threads were stopped: 0.0751150 seconds, Stopping threads took: 0.0000530 seconds
51.378: Application time: 0.0244600 seconds
51.378: [Full GC [PSYoungGen: 138752K->34655K(161280K)] [ParOldGen: 367108K->367108K(367616K)] 505860K->401764K(528896K) [PSPermGen: 13618K->13618K(21504K)], 0.0732860 secs] [Times: user=0.52 sys=0.00, real=0.08 secs] 
51.452: Total time for which application threads were stopped: 0.0739150 seconds, Stopping threads took: 0.0000510 seconds
51.475: Application time: 0.0236790 seconds
51.476: [Full GC [PSYoungGen: 138752K->34669K(161280K)] [ParOldGen: 367108K->367108K(367616K)] 505860K->401778K(528896K) [PSPermGen: 13618K->13618K(21504K)], 0.0730320 secs] [Times: user=0.51 sys=0.01, real=0.07 secs] 
51.549: Total time for which application threads were stopped: 0.0736890 seconds, Stopping threads took: 0.0000390 seconds
51.573: Application time: 0.0242890 seconds
51.574: [Full GC [PSYoungGen: 138752K->34687K(161280K)] [ParOldGen: 367108K->367108K(367616K)] 505860K->401796K(528896K) [PSPermGen: 13618K->13618K(21504K)], 0.0757160 secs] [Times: user=0.54 sys=0.00, real=0.07 secs] 
51.650: Total time for which application threads were stopped: 0.0763610 seconds, Stopping threads took: 0.0000650 seconds
51.674: Application time: 0.0239160 seconds
51.674: [Full GC [PSYoungGen: 138752K->34700K(161280K)] [ParOldGen: 367108K->367108K(367616K)] 505860K->401809K(528896K) [PSPermGen: 13620K->13620K(21504K)], 0.0737430 secs] [Times: user=0.52 sys=0.00, real=0.07 secs] 
51.748: Total time for which application threads were stopped: 0.0744240 seconds, Stopping threads took: 0.0000530 seconds
51.772: Application time: 0.0241920 seconds
51.773: [Full GC [PSYoungGen: 138752K->34716K(161280K)] [ParOldGen: 367108K->367108K(367616K)] 505860K->401825K(528896K) [PSPermGen: 13620K->13620K(21504K)], 0.0746990 secs] [Times: user=0.51 sys=0.00, real=0.07 secs] 
51.848: Total time for which application threads were stopped: 0.0753360 seconds, Stopping threads took: 0.0000550 seconds
51.871: Application time: 0.0235290 seconds
51.872: [Full GC [PSYoungGen: 138752K->34733K(161280K)] [ParOldGen: 367108K->367108K(367616K)] 505860K->401842K(528896K) [PSPermGen: 13620K->13620K(21504K)], 0.0732880 secs] [Times: user=0.51 sys=0.00, real=0.07 secs] 
51.945: Total time for which application threads were stopped: 0.0739210 seconds, Stopping threads took: 0.0000450 seconds
51.969: Application time: 0.0238350 seconds
51.970: [Full GC [PSYoungGen: 138752K->34742K(161280K)] [ParOldGen: 367108K->367108K(367616K)] 505860K->401851K(528896K) [PSPermGen: 13620K->13620K(21504K)], 0.0756370 secs] [Times: user=0.53 sys=0.00, real=0.08 secs] 
52.045: Total time for which application threads were stopped: 0.0763430 seconds, Stopping threads took: 0.0000650 seconds
52.069: Application time: 0.0238000 seconds
52.070: [Full GC [PSYoungGen: 138752K->34761K(161280K)] [ParOldGen: 367108K->367108K(367616K)] 505860K->401869K(528896K) [PSPermGen: 13620K->13620K(21504K)], 0.0729180 secs] [Times: user=0.51 sys=0.00, real=0.07 secs] 
52.143: Total time for which application threads were stopped: 0.0735570 seconds, Stopping threads took: 0.0000600 seconds
52.166: Application time: 0.0237260 seconds
52.167: [Full GC [PSYoungGen: 138752K->34776K(161280K)] [ParOldGen: 367108K->367108K(367616K)] 505860K->401885K(528896K) [PSPermGen: 13620K->13620K(21504K)], 0.0739780 secs] [Times: user=0.52 sys=0.00, real=0.07 secs] 
52.241: Total time for which application threads were stopped: 0.0746230 seconds, Stopping threads took: 0.0000590 seconds
52.265: Application time: 0.0237680 seconds
52.265: [Full GC [PSYoungGen: 138752K->34792K(161280K)] [ParOldGen: 367108K->367108K(367616K)] 505860K->401900K(528896K) [PSPermGen: 13620K->13620K(21504K)], 0.0738740 secs] [Times: user=0.52 sys=0.00, real=0.07 secs] 
52.339: Total time for which application threads were stopped: 0.0745900 seconds, Stopping threads took: 0.0000470 seconds
52.363: Application time: 0.0239320 seconds
52.364: [Full GC [PSYoungGen: 138752K->34806K(161280K)] [ParOldGen: 367108K->367108K(367616K)] 505860K->401914K(528896K) [PSPermGen: 13620K->13620K(21504K)], 0.0734570 secs] [Times: user=0.52 sys=0.00, real=0.07 secs] 
52.437: Total time for which application threads were stopped: 0.0740710 seconds, Stopping threads took: 0.0000460 seconds
52.461: Application time: 0.0236290 seconds
52.462: [Full GC [PSYoungGen: 138752K->34820K(161280K)] [ParOldGen: 367108K->367108K(367616K)] 505860K->401929K(528896K) [PSPermGen: 13620K->13620K(21504K)], 0.0736060 secs] [Times: user=0.52 sys=0.00, real=0.08 secs] 
52.535: Total time for which application threads were stopped: 0.0742550 seconds, Stopping threads took: 0.0000660 seconds
52.559: Application time: 0.0236000 seconds
52.559: [Full GC [PSYoungGen: 138752K->34833K(161280K)] [ParOldGen: 367108K->367108K(367616K)] 505860K->401942K(528896K) [PSPermGen: 13620K->13620K(21504K)], 0.0733070 secs] [Times: user=0.51 sys=0.00, real=0.08 secs] 
52.633: Total time for which application threads were stopped: 0.0739440 seconds, Stopping threads took: 0.0000650 seconds
52.657: Application time: 0.0245050 seconds
52.658: [Full GC [PSYoungGen: 138752K->34849K(161280K)] [ParOldGen: 367108K->367108K(367616K)] 505860K->401958K(528896K) [PSPermGen: 13620K->13620K(21504K)], 0.0737600 secs] [Times: user=0.52 sys=0.00, real=0.08 secs] 
52.732: Total time for which application threads were stopped: 0.0744530 seconds, Stopping threads took: 0.0000700 seconds
52.756: Application time: 0.0237660 seconds
52.756: [Full GC [PSYoungGen: 138752K->34862K(161280K)] [ParOldGen: 367108K->367108K(367616K)] 505860K->401971K(528896K) [PSPermGen: 13620K->13620K(21504K)], 0.0796580 secs] [Times: user=0.56 sys=0.00, real=0.08 secs] 
52.836: Total time for which application threads were stopped: 0.0803170 seconds, Stopping threads took: 0.0000880 seconds
52.860: Application time: 0.0238010 seconds
52.860: [Full GC [PSYoungGen: 138752K->34876K(161280K)] [ParOldGen: 367108K->367108K(367616K)] 505860K->401984K(528896K) [PSPermGen: 13620K->13620K(21504K)], 0.0736210 secs] [Times: user=0.52 sys=0.00, real=0.08 secs] 
52.934: Total time for which application threads were stopped: 0.0744710 seconds, Stopping threads took: 0.0001920 seconds
52.958: Application time: 0.0237790 seconds
52.959: [Full GC [PSYoungGen: 138752K->34892K(161280K)] [ParOldGen: 367108K->367108K(367616K)] 505860K->402000K(528896K) [PSPermGen: 13620K->13620K(21504K)], 0.0734050 secs] [Times: user=0.52 sys=0.00, real=0.08 secs] 
53.032: Total time for which application threads were stopped: 0.0740900 seconds, Stopping threads took: 0.0000480 seconds
53.056: Application time: 0.0236610 seconds
53.056: [Full GC [PSYoungGen: 138752K->34911K(161280K)] [ParOldGen: 367108K->367108K(367616K)] 505860K->402020K(528896K) [PSPermGen: 13620K->13620K(21504K)], 0.0750130 secs] [Times: user=0.51 sys=0.00, real=0.07 secs] 
53.131: Total time for which application threads were stopped: 0.0756310 seconds, Stopping threads took: 0.0000500 seconds
53.155: Application time: 0.0237490 seconds
53.156: [Full GC [PSYoungGen: 138752K->34924K(161280K)] [ParOldGen: 367108K->367108K(367616K)] 505860K->402033K(528896K) [PSPermGen: 13620K->13620K(21504K)], 0.0732690 secs] [Times: user=0.52 sys=0.00, real=0.07 secs] 
53.229: Total time for which application threads were stopped: 0.0739620 seconds, Stopping threads took: 0.0000480 seconds
53.253: Application time: 0.0239050 seconds
53.254: [Full GC [PSYoungGen: 138752K->34940K(161280K)] [ParOldGen: 367108K->367108K(367616K)] 505860K->402049K(528896K) [PSPermGen: 13620K->13620K(21504K)], 0.0782820 secs] [Times: user=0.54 sys=0.00, real=0.08 secs] 
53.332: Total time for which application threads were stopped: 0.0788800 seconds, Stopping threads took: 0.0000480 seconds
53.356: Application time: 0.0240450 seconds
53.356: [Full GC [PSYoungGen: 138752K->34954K(161280K)] [ParOldGen: 367108K->367108K(367616K)] 505860K->402062K(528896K) [PSPermGen: 13620K->13620K(21504K)], 0.0736620 secs] [Times: user=0.52 sys=0.00, real=0.07 secs] 
53.430: Total time for which application threads were stopped: 0.0742640 seconds, Stopping threads took: 0.0000450 seconds
53.454: Application time: 0.0242450 seconds
53.455: [Full GC [PSYoungGen: 138752K->34967K(161280K)] [ParOldGen: 367108K->367108K(367616K)] 505860K->402076K(528896K) [PSPermGen: 13620K->13620K(21504K)], 0.0743760 secs] [Times: user=0.52 sys=0.00, real=0.07 secs] 
53.529: Total time for which application threads were stopped: 0.0750330 seconds, Stopping threads took: 0.0000660 seconds
53.555: Application time: 0.0254030 seconds
53.556: [Full GC [PSYoungGen: 138752K->34858K(161280K)] [ParOldGen: 367108K->367108K(367616K)] 505860K->401966K(528896K) [PSPermGen: 13620K->13620K(21504K)], 0.0738100 secs] [Times: user=0.52 sys=0.00, real=0.07 secs] 
53.629: Total time for which application threads were stopped: 0.0745040 seconds, Stopping threads took: 0.0000590 seconds
53.630: Application time: 0.0009120 seconds
53.631: Total time for which application threads were stopped: 0.0006100 seconds, Stopping threads took: 0.0000720 seconds
53.631: Application time: 0.0000400 seconds
53.631: Total time for which application threads were stopped: 0.0001770 seconds, Stopping threads took: 0.0000340 seconds
53.655: Application time: 0.0243180 seconds
53.656: [Full GC [PSYoungGen: 138752K->34750K(161280K)] [ParOldGen: 367108K->367108K(367616K)] 505860K->401858K(528896K) [PSPermGen: 13620K->13620K(21504K)], 0.0736630 secs] [Times: user=0.52 sys=0.00, real=0.07 secs] 
53.730: Total time for which application threads were stopped: 0.0743510 seconds, Stopping threads took: 0.0000690 seconds
53.730: Application time: 0.0001790 seconds
53.731: Total time for which application threads were stopped: 0.0006750 seconds, Stopping threads took: 0.0000740 seconds
53.731: Application time: 0.0000330 seconds
53.731: Total time for which application threads were stopped: 0.0001180 seconds, Stopping threads took: 0.0000190 seconds
53.754: Application time: 0.0233410 seconds
53.755: [Full GC [PSYoungGen: 138752K->34732K(161280K)] [ParOldGen: 367108K->367108K(367616K)] 505860K->401840K(528896K) [PSPermGen: 13620K->13620K(21504K)], 0.0731670 secs] [Times: user=0.52 sys=0.00, real=0.07 secs] 
53.828: Total time for which application threads were stopped: 0.0738570 seconds, Stopping threads took: 0.0000650 seconds
53.852: Application time: 0.0237210 seconds
53.852: [Full GC [PSYoungGen: 138752K->34746K(161280K)] [ParOldGen: 367108K->367108K(367616K)] 505860K->401855K(528896K) [PSPermGen: 13620K->13620K(21504K)], 0.0730710 secs] [Times: user=0.51 sys=0.00, real=0.07 secs] 
53.925: Total time for which application threads were stopped: 0.0736850 seconds, Stopping threads took: 0.0000460 seconds
53.951: Application time: 0.0255380 seconds
53.952: [Full GC [PSYoungGen: 138752K->34649K(161280K)] [ParOldGen: 367108K->367108K(367616K)] 505860K->401758K(528896K) [PSPermGen: 13620K->13620K(21504K)], 0.0727670 secs] [Times: user=0.52 sys=0.00, real=0.07 secs] 
54.024: Total time for which application threads were stopped: 0.0734360 seconds, Stopping threads took: 0.0000650 seconds
54.025: Application time: 0.0001320 seconds
54.025: Total time for which application threads were stopped: 0.0006620 seconds, Stopping threads took: 0.0000570 seconds
54.025: Application time: 0.0000170 seconds
54.025: Total time for which application threads were stopped: 0.0001940 seconds, Stopping threads took: 0.0000300 seconds
54.050: Application time: 0.0246930 seconds
54.051: [Full GC [PSYoungGen: 138752K->34583K(161280K)] [ParOldGen: 367108K->367108K(367616K)] 505860K->401691K(528896K) [PSPermGen: 13620K->13620K(21504K)], 0.0726300 secs] [Times: user=0.52 sys=0.00, real=0.08 secs] 
54.123: Total time for which application threads were stopped: 0.0733260 seconds, Stopping threads took: 0.0000670 seconds
54.148: Application time: 0.0244960 seconds
54.148: [Full GC [PSYoungGen: 138752K->34580K(161280K)] [ParOldGen: 367108K->367108K(367616K)] 505860K->401689K(528896K) [PSPermGen: 13620K->13620K(21504K)], 0.0735530 secs] [Times: user=0.52 sys=0.00, real=0.07 secs] 
54.222: Total time for which application threads were stopped: 0.0741820 seconds, Stopping threads took: 0.0000570 seconds
54.246: Application time: 0.0240300 seconds
54.247: [Full GC [PSYoungGen: 138752K->34539K(161280K)] [ParOldGen: 367108K->367108K(367616K)] 505860K->401647K(528896K) [PSPermGen: 13621K->13621K(21504K)], 0.0733050 secs] [Times: user=0.51 sys=0.00, real=0.07 secs] 
54.320: Total time for which application threads were stopped: 0.0739960 seconds, Stopping threads took: 0.0000610 seconds
54.345: Application time: 0.0245470 seconds
54.346: [Full GC [PSYoungGen: 138752K->34540K(161280K)] [ParOldGen: 367108K->367108K(367616K)] 505860K->401649K(528896K) [PSPermGen: 13621K->13621K(21504K)], 0.0732430 secs] [Times: user=0.52 sys=0.00, real=0.07 secs] 
54.420: Total time for which application threads were stopped: 0.0749430 seconds, Stopping threads took: 0.0011540 seconds
54.444: Application time: 0.0241170 seconds
54.444: [Full GC [PSYoungGen: 138752K->34552K(161280K)] [ParOldGen: 367108K->367108K(367616K)] 505860K->401661K(528896K) [PSPermGen: 13621K->13621K(21504K)], 0.0733100 secs] [Times: user=0.52 sys=0.00, real=0.07 secs] 
54.518: Total time for which application threads were stopped: 0.0739570 seconds, Stopping threads took: 0.0000650 seconds
54.542: Application time: 0.0242380 seconds
54.543: [Full GC [PSYoungGen: 138752K->34572K(161280K)] [ParOldGen: 367108K->367108K(367616K)] 505860K->401680K(528896K) [PSPermGen: 13621K->13621K(21504K)], 0.0730690 secs] [Times: user=0.52 sys=0.00, real=0.08 secs] 
54.616: Total time for which application threads were stopped: 0.0737110 seconds, Stopping threads took: 0.0000500 seconds
54.640: Application time: 0.0242880 seconds
54.641: [Full GC [PSYoungGen: 138752K->34583K(161280K)] [ParOldGen: 367108K->367108K(367616K)] 505860K->401692K(528896K) [PSPermGen: 13621K->13621K(21504K)], 0.0736490 secs] [Times: user=0.52 sys=0.00, real=0.08 secs] 
54.714: Total time for which application threads were stopped: 0.0744670 seconds, Stopping threads took: 0.0000990 seconds
54.738: Application time: 0.0240150 seconds
54.739: [Full GC [PSYoungGen: 138752K->34600K(161280K)] [ParOldGen: 367108K->367108K(367616K)] 505860K->401708K(528896K) [PSPermGen: 13621K->13621K(21504K)], 0.0731080 secs] [Times: user=0.52 sys=0.00, real=0.08 secs] 
54.812: Total time for which application threads were stopped: 0.0738000 seconds, Stopping threads took: 0.0000550 seconds
54.837: Application time: 0.0247910 seconds
54.838: [Full GC [PSYoungGen: 138752K->34611K(161280K)] [ParOldGen: 367108K->367108K(367616K)] 505860K->401719K(528896K) [PSPermGen: 13621K->13621K(21504K)], 0.0766980 secs] [Times: user=0.54 sys=0.01, real=0.08 secs] 
54.914: Total time for which application threads were stopped: 0.0774200 seconds, Stopping threads took: 0.0000600 seconds
54.938: Application time: 0.0238900 seconds
54.939: [Full GC [PSYoungGen: 138752K->34630K(161280K)] [ParOldGen: 367108K->367108K(367616K)] 505860K->401738K(528896K) [PSPermGen: 13621K->13621K(21504K)], 0.0737080 secs] [Times: user=0.53 sys=0.00, real=0.08 secs] 
55.013: Total time for which application threads were stopped: 0.0743360 seconds, Stopping threads took: 0.0000530 seconds
55.037: Application time: 0.0239830 seconds
55.037: [Full GC [PSYoungGen: 138752K->34641K(161280K)] [ParOldGen: 367108K->367108K(367616K)] 505860K->401750K(528896K) [PSPermGen: 13621K->13621K(21504K)], 0.0732220 secs] [Times: user=0.51 sys=0.00, real=0.07 secs] 
55.111: Total time for which application threads were stopped: 0.0738650 seconds, Stopping threads took: 0.0000750 seconds
55.135: Application time: 0.0240840 seconds
55.135: [Full GC [PSYoungGen: 138752K->34660K(161280K)] [ParOldGen: 367108K->367108K(367616K)] 505860K->401768K(528896K) [PSPermGen: 13622K->13622K(21504K)], 0.0742790 secs] [Times: user=0.52 sys=0.00, real=0.07 secs] 
55.210: Total time for which application threads were stopped: 0.0749200 seconds, Stopping threads took: 0.0000500 seconds
55.234: Application time: 0.0240550 seconds
55.234: [Full GC [PSYoungGen: 138752K->34674K(161280K)] [ParOldGen: 367108K->367108K(367616K)] 505860K->401783K(528896K) [PSPermGen: 13622K->13622K(21504K)], 0.0735610 secs] [Times: user=0.51 sys=0.00, real=0.07 secs] 
55.308: Total time for which application threads were stopped: 0.0741800 seconds, Stopping threads took: 0.0000400 seconds
55.332: Application time: 0.0239880 seconds
55.332: [Full GC [PSYoungGen: 138752K->34689K(161280K)] [ParOldGen: 367108K->367108K(367616K)] 505860K->401797K(528896K) [PSPermGen: 13622K->13622K(21504K)], 0.0735250 secs] [Times: user=0.51 sys=0.00, real=0.07 secs] 
55.406: Total time for which application threads were stopped: 0.0742140 seconds, Stopping threads took: 0.0000590 seconds
55.430: Application time: 0.0238920 seconds
55.430: [Full GC [PSYoungGen: 138752K->34703K(161280K)] [ParOldGen: 367108K->367108K(367616K)] 505860K->401812K(528896K) [PSPermGen: 13622K->13622K(21504K)], 0.0737660 secs] [Times: user=0.51 sys=0.00, real=0.08 secs] 
55.504: Total time for which application threads were stopped: 0.0743960 seconds, Stopping threads took: 0.0000610 seconds
55.528: Application time: 0.0241520 seconds
55.529: [Full GC [PSYoungGen: 138752K->34719K(161280K)] [ParOldGen: 367108K->367108K(367616K)] 505860K->401828K(528896K) [PSPermGen: 13622K->13622K(21504K)], 0.0737160 secs] [Times: user=0.52 sys=0.00, real=0.07 secs] 
55.603: Total time for which application threads were stopped: 0.0743630 seconds, Stopping threads took: 0.0000510 seconds
55.627: Application time: 0.0240060 seconds
55.628: [Full GC [PSYoungGen: 138752K->34734K(161280K)] [ParOldGen: 367108K->367108K(367616K)] 505860K->401843K(528896K) [PSPermGen: 13622K->13622K(21504K)], 0.0738700 secs] [Times: user=0.52 sys=0.00, real=0.07 secs] 
55.701: Total time for which application threads were stopped: 0.0745880 seconds, Stopping threads took: 0.0000630 seconds
55.725: Application time: 0.0237220 seconds
55.726: [Full GC [PSYoungGen: 138752K->34749K(161280K)] [ParOldGen: 367108K->367108K(367616K)] 505860K->401858K(528896K) [PSPermGen: 13622K->13622K(21504K)], 0.0729690 secs] [Times: user=0.51 sys=0.00, real=0.07 secs] 
55.799: Total time for which application threads were stopped: 0.0736190 seconds, Stopping threads took: 0.0000500 seconds
55.823: Application time: 0.0240150 seconds
55.823: [Full GC [PSYoungGen: 138752K->34765K(161280K)] [ParOldGen: 367108K->367108K(367616K)] 505860K->401873K(528896K) [PSPermGen: 13622K->13622K(21504K)], 0.0747120 secs] [Times: user=0.52 sys=0.00, real=0.07 secs] 
55.898: Total time for which application threads were stopped: 0.0753470 seconds, Stopping threads took: 0.0000490 seconds
55.922: Application time: 0.0241790 seconds
55.923: [Full GC [PSYoungGen: 138752K->34778K(161280K)] [ParOldGen: 367108K->367108K(367616K)] 505860K->401887K(528896K) [PSPermGen: 13622K->13622K(21504K)], 0.0734250 secs] [Times: user=0.52 sys=0.00, real=0.08 secs] 
55.996: Total time for which application threads were stopped: 0.0740630 seconds, Stopping threads took: 0.0000760 seconds
56.020: Application time: 0.0238800 seconds
56.021: [Full GC [PSYoungGen: 138752K->34792K(161280K)] [ParOldGen: 367108K->367108K(367616K)] 505860K->401901K(528896K) [PSPermGen: 13622K->13622K(21504K)], 0.0753960 secs] [Times: user=0.53 sys=0.00, real=0.08 secs] 
56.096: Total time for which application threads were stopped: 0.0760800 seconds, Stopping threads took: 0.0000520 seconds
56.120: Application time: 0.0239280 seconds
56.121: [Full GC [PSYoungGen: 138752K->34804K(161280K)] [ParOldGen: 367108K->367108K(367616K)] 505860K->401913K(528896K) [PSPermGen: 13622K->13622K(21504K)], 0.0733350 secs] [Times: user=0.52 sys=0.00, real=0.08 secs] 
56.194: Total time for which application threads were stopped: 0.0739820 seconds, Stopping threads took: 0.0000770 seconds
56.218: Application time: 0.0235170 seconds
56.218: [Full GC [PSYoungGen: 138752K->34822K(161280K)] [ParOldGen: 367108K->367108K(367616K)] 505860K->401931K(528896K) [PSPermGen: 13622K->13622K(21504K)], 0.0733920 secs] [Times: user=0.52 sys=0.00, real=0.08 secs] 
56.292: Total time for which application threads were stopped: 0.0740670 seconds, Stopping threads took: 0.0000490 seconds
56.316: Application time: 0.0237150 seconds
56.316: [Full GC [PSYoungGen: 138752K->34836K(161280K)] [ParOldGen: 367108K->367108K(367616K)] 505860K->401945K(528896K) [PSPermGen: 13622K->13622K(21504K)], 0.0754270 secs] [Times: user=0.52 sys=0.00, real=0.08 secs] 
56.392: Total time for which application threads were stopped: 0.0761160 seconds, Stopping threads took: 0.0000570 seconds
56.416: Application time: 0.0238180 seconds
56.416: [Full GC [PSYoungGen: 138752K->34852K(161280K)] [ParOldGen: 367108K->367108K(367616K)] 505860K->401960K(528896K) [PSPermGen: 13622K->13622K(21504K)], 0.0738280 secs] [Times: user=0.52 sys=0.00, real=0.07 secs] 
56.490: Total time for which application threads were stopped: 0.0744670 seconds, Stopping threads took: 0.0000550 seconds
56.514: Application time: 0.0238240 seconds
56.514: [Full GC [PSYoungGen: 138752K->34866K(161280K)] [ParOldGen: 367108K->367108K(367616K)] 505860K->401975K(528896K) [PSPermGen: 13622K->13622K(21504K)], 0.0736860 secs] [Times: user=0.52 sys=0.00, real=0.07 secs] 
56.588: Total time for which application threads were stopped: 0.0743690 seconds, Stopping threads took: 0.0000400 seconds
56.612: Application time: 0.0238070 seconds
56.613: [Full GC [PSYoungGen: 138752K->34884K(161280K)] [ParOldGen: 367108K->367108K(367616K)] 505860K->401992K(528896K) [PSPermGen: 13622K->13622K(21504K)], 0.0737960 secs] [Times: user=0.52 sys=0.00, real=0.07 secs] 
56.687: Total time for which application threads were stopped: 0.0744960 seconds, Stopping threads took: 0.0000480 seconds
56.710: Application time: 0.0236160 seconds
56.711: [Full GC [PSYoungGen: 138752K->34898K(161280K)] [ParOldGen: 367108K->367108K(367616K)] 505860K->402006K(528896K) [PSPermGen: 13622K->13622K(21504K)], 0.0739580 secs] [Times: user=0.53 sys=0.00, real=0.08 secs] 
56.785: Total time for which application threads were stopped: 0.0746430 seconds, Stopping threads took: 0.0000560 seconds
56.809: Application time: 0.0237710 seconds
56.809: [Full GC [PSYoungGen: 138752K->34913K(161280K)] [ParOldGen: 367108K->367108K(367616K)] 505860K->402022K(528896K) [PSPermGen: 13622K->13622K(21504K)], 0.0738730 secs] [Times: user=0.52 sys=0.00, real=0.07 secs] 
56.883: Total time for which application threads were stopped: 0.0745520 seconds, Stopping threads took: 0.0000590 seconds
56.907: Application time: 0.0234180 seconds
56.907: [Full GC [PSYoungGen: 138752K->34929K(161280K)] [ParOldGen: 367108K->367108K(367616K)] 505860K->402037K(528896K) [PSPermGen: 13622K->13622K(21504K)], 0.0731720 secs] [Times: user=0.52 sys=0.00, real=0.07 secs] 
56.980: Total time for which application threads were stopped: 0.0738890 seconds, Stopping threads took: 0.0000560 seconds
57.004: Application time: 0.0238690 seconds
57.005: [Full GC [PSYoungGen: 138752K->34940K(161280K)] [ParOldGen: 367108K->367108K(367616K)] 505860K->402049K(528896K) [PSPermGen: 13622K->13622K(21504K)], 0.0737810 secs] [Times: user=0.51 sys=0.00, real=0.07 secs] 
57.079: Total time for which application threads were stopped: 0.0744530 seconds, Stopping threads took: 0.0000500 seconds
57.103: Application time: 0.0241570 seconds
57.103: [Full GC [PSYoungGen: 138752K->34958K(161280K)] [ParOldGen: 367108K->367108K(367616K)] 505860K->402066K(528896K) [PSPermGen: 13622K->13622K(21504K)], 0.0739030 secs] [Times: user=0.52 sys=0.00, real=0.07 secs] 
57.177: Total time for which application threads were stopped: 0.0745500 seconds, Stopping threads took: 0.0000500 seconds
57.202: Application time: 0.0248300 seconds
57.203: [Full GC [PSYoungGen: 138752K->34918K(161280K)] [ParOldGen: 367108K->367108K(367616K)] 505860K->402027K(528896K) [PSPermGen: 13622K->13622K(21504K)], 0.0741920 secs] [Times: user=0.52 sys=0.00, real=0.08 secs] 
57.277: Total time for which application threads were stopped: 0.0748840 seconds, Stopping threads took: 0.0000670 seconds
57.302: Application time: 0.0246500 seconds
57.302: [Full GC [PSYoungGen: 138752K->34752K(161280K)] [ParOldGen: 367108K->367108K(367616K)] 505860K->401861K(528896K) [PSPermGen: 13622K->13622K(21504K)], 0.0766260 secs] [Times: user=0.52 sys=0.00, real=0.08 secs] 
57.379: Total time for which application threads were stopped: 0.0772860 seconds, Stopping threads took: 0.0000980 seconds
57.404: Application time: 0.0245640 seconds
57.404: [Full GC [PSYoungGen: 138752K->34721K(161280K)] [ParOldGen: 367108K->367108K(367616K)] 505860K->401830K(528896K) [PSPermGen: 13622K->13622K(21504K)], 0.0730690 secs] [Times: user=0.52 sys=0.00, real=0.07 secs] 
57.477: Total time for which application threads were stopped: 0.0736890 seconds, Stopping threads took: 0.0000480 seconds
57.502: Application time: 0.0243050 seconds
57.502: [Full GC [PSYoungGen: 138752K->34738K(161280K)] [ParOldGen: 367108K->367108K(367616K)] 505860K->401847K(528896K) [PSPermGen: 13622K->13622K(21504K)], 0.0728550 secs] [Times: user=0.49 sys=0.02, real=0.08 secs] 
57.575: Total time for which application threads were stopped: 0.0734940 seconds, Stopping threads took: 0.0000540 seconds
57.600: Application time: 0.0251240 seconds
57.601: [Full GC [PSYoungGen: 138752K->34751K(161280K)] [ParOldGen: 367108K->367108K(367616K)] 505860K->401860K(528896K) [PSPermGen: 13622K->13622K(21504K)], 0.0726480 secs] [Times: user=0.51 sys=0.00, real=0.08 secs] 
57.674: Total time for which application threads were stopped: 0.0733140 seconds, Stopping threads took: 0.0000530 seconds
57.699: Application time: 0.0254270 seconds
57.700: [Full GC [PSYoungGen: 138752K->34709K(161280K)] [ParOldGen: 367108K->367108K(367616K)] 505860K->401817K(528896K) [PSPermGen: 13622K->13622K(21504K)], 0.0729320 secs] [Times: user=0.51 sys=0.00, real=0.08 secs] 
57.773: Total time for which application threads were stopped: 0.0736540 seconds, Stopping threads took: 0.0000930 seconds
57.797: Application time: 0.0240880 seconds
57.797: [Full GC [PSYoungGen: 138752K->34655K(161280K)] [ParOldGen: 367108K->367108K(367616K)] 505860K->401764K(528896K) [PSPermGen: 13622K->13622K(21504K)], 0.0778230 secs] [Times: user=0.54 sys=0.00, real=0.08 secs] 
57.875: Total time for which application threads were stopped: 0.0784690 seconds, Stopping threads took: 0.0000710 seconds
57.899: Application time: 0.0240980 seconds
57.900: [Full GC [PSYoungGen: 138752K->34599K(161280K)] [ParOldGen: 367108K->367108K(367616K)] 505860K->401708K(528896K) [PSPermGen: 13622K->13622K(21504K)], 0.0735990 secs] [Times: user=0.51 sys=0.00, real=0.08 secs] 
57.974: Total time for which application threads were stopped: 0.0742270 seconds, Stopping threads took: 0.0000530 seconds
57.998: Application time: 0.0242630 seconds
57.999: [Full GC [PSYoungGen: 138752K->34600K(161280K)] [ParOldGen: 367108K->367108K(367616K)] 505860K->401709K(528896K) [PSPermGen: 13622K->13622K(21504K)], 0.0736090 secs] [Times: user=0.53 sys=0.00, real=0.08 secs] 
58.072: Total time for which application threads were stopped: 0.0742740 seconds, Stopping threads took: 0.0000960 seconds
58.097: Application time: 0.0243660 seconds
58.097: [Full GC [PSYoungGen: 138752K->34559K(161280K)] [ParOldGen: 367108K->367108K(367616K)] 505860K->401668K(528896K) [PSPermGen: 13622K->13622K(21504K)], 0.0735140 secs] [Times: user=0.52 sys=0.00, real=0.07 secs] 
58.171: Total time for which application threads were stopped: 0.0741710 seconds, Stopping threads took: 0.0000600 seconds
58.195: Application time: 0.0240020 seconds
58.195: [Full GC [PSYoungGen: 138752K->34560K(161280K)] [ParOldGen: 367108K->367108K(367616K)] 505860K->401669K(528896K) [PSPermGen: 13622K->13622K(21504K)], 0.0733530 secs] [Times: user=0.51 sys=0.01, real=0.07 secs] 
58.269: Total time for which application threads were stopped: 0.0739860 seconds, Stopping threads took: 0.0000650 seconds
58.293: Application time: 0.0239160 seconds
58.293: [Full GC [PSYoungGen: 138752K->34576K(161280K)] [ParOldGen: 367108K->367108K(367616K)] 505860K->401684K(528896K) [PSPermGen: 13622K->13622K(21504K)], 0.0731130 secs] [Times: user=0.52 sys=0.00, real=0.07 secs] 
58.366: Total time for which application threads were stopped: 0.0738020 seconds, Stopping threads took: 0.0000460 seconds
58.390: Application time: 0.0238320 seconds
58.391: [Full GC [PSYoungGen: 138752K->34588K(161280K)] [ParOldGen: 367108K->367108K(367616K)] 505860K->401697K(528896K) [PSPermGen: 13622K->13622K(21504K)], 0.0733920 secs] [Times: user=0.51 sys=0.00, real=0.08 secs] 
58.464: Total time for which application threads were stopped: 0.0740320 seconds, Stopping threads took: 0.0000760 seconds
58.489: Application time: 0.0243620 seconds
58.489: [Full GC [PSYoungGen: 138752K->34602K(161280K)] [ParOldGen: 367108K->367108K(367616K)] 505860K->401711K(528896K) [PSPermGen: 13622K->13622K(21504K)], 0.0730930 secs] [Times: user=0.52 sys=0.00, real=0.07 secs] 
58.562: Total time for which application threads were stopped: 0.0737110 seconds, Stopping threads took: 0.0000420 seconds
58.587: Application time: 0.0245570 seconds
58.588: [Full GC [PSYoungGen: 138752K->34619K(161280K)] [ParOldGen: 367108K->367108K(367616K)] 505860K->401728K(528896K) [PSPermGen: 13622K->13622K(21504K)], 0.0742250 secs] [Times: user=0.51 sys=0.01, real=0.07 secs] 
58.662: Total time for which application threads were stopped: 0.0748870 seconds, Stopping threads took: 0.0000630 seconds
58.686: Application time: 0.0241310 seconds
58.687: [Full GC [PSYoungGen: 138752K->34632K(161280K)] [ParOldGen: 367108K->367108K(367616K)] 505860K->401741K(528896K) [PSPermGen: 13622K->13622K(21504K)], 0.0738650 secs] [Times: user=0.52 sys=0.01, real=0.07 secs] 
58.760: Total time for which application threads were stopped: 0.0745230 seconds, Stopping threads took: 0.0000570 seconds
58.785: Application time: 0.0242690 seconds
58.785: [Full GC [PSYoungGen: 138752K->34648K(161280K)] [ParOldGen: 367108K->367108K(367616K)] 505860K->401757K(528896K) [PSPermGen: 13622K->13622K(21504K)], 0.0731590 secs] [Times: user=0.52 sys=0.00, real=0.07 secs] 
58.859: Total time for which application threads were stopped: 0.0737940 seconds, Stopping threads took: 0.0000600 seconds
58.883: Application time: 0.0244470 seconds
58.884: [Full GC [PSYoungGen: 138752K->34658K(161280K)] [ParOldGen: 367108K->367108K(367616K)] 505860K->401767K(528896K) [PSPermGen: 13622K->13622K(21504K)], 0.0748610 secs] [Times: user=0.52 sys=0.01, real=0.07 secs] 
58.959: Total time for which application threads were stopped: 0.0755400 seconds, Stopping threads took: 0.0000510 seconds
58.982: Application time: 0.0239270 seconds
58.983: [Full GC [PSYoungGen: 138752K->34677K(161280K)] [ParOldGen: 367108K->367108K(367616K)] 505860K->401786K(528896K) [PSPermGen: 13622K->13622K(21504K)], 0.0734460 secs] [Times: user=0.51 sys=0.00, real=0.08 secs] 
59.057: Total time for which application threads were stopped: 0.0742060 seconds, Stopping threads took: 0.0000500 seconds
59.081: Application time: 0.0242440 seconds
59.082: [Full GC [PSYoungGen: 138752K->34693K(161280K)] [ParOldGen: 367108K->367108K(367616K)] 505860K->401802K(528896K) [PSPermGen: 13622K->13622K(21504K)], 0.0734820 secs] [Times: user=0.52 sys=0.00, real=0.08 secs] 
59.155: Total time for which application threads were stopped: 0.0741190 seconds, Stopping threads took: 0.0000580 seconds
59.179: Application time: 0.0236550 seconds
59.179: [Full GC [PSYoungGen: 138752K->34695K(161280K)] [ParOldGen: 367108K->367108K(367616K)] 505860K->401804K(528896K) [PSPermGen: 13622K->13622K(21504K)], 0.0731420 secs] [Times: user=0.51 sys=0.00, real=0.08 secs] 
59.252: Total time for which application threads were stopped: 0.0737640 seconds, Stopping threads took: 0.0000370 seconds
59.277: Application time: 0.0242160 seconds
59.277: [Full GC [PSYoungGen: 138752K->34722K(161280K)] [ParOldGen: 367108K->367108K(367616K)] 505860K->401831K(528896K) [PSPermGen: 13622K->13622K(21504K)], 0.0737890 secs] [Times: user=0.51 sys=0.00, real=0.07 secs] 
59.351: Total time for which application threads were stopped: 0.0744490 seconds, Stopping threads took: 0.0000500 seconds
59.375: Application time: 0.0239080 seconds
59.376: [Full GC [PSYoungGen: 138752K->34738K(161280K)] [ParOldGen: 367108K->367108K(367616K)] 505860K->401847K(528896K) [PSPermGen: 13622K->13622K(21504K)], 0.0734950 secs] [Times: user=0.51 sys=0.01, real=0.07 secs] 
59.450: Total time for which application threads were stopped: 0.0744550 seconds, Stopping threads took: 0.0003110 seconds
59.473: Application time: 0.0239210 seconds
59.474: [Full GC [PSYoungGen: 138752K->34753K(161280K)] [ParOldGen: 367108K->367108K(367616K)] 505860K->401861K(528896K) [PSPermGen: 13622K->13622K(21504K)], 0.0730710 secs] [Times: user=0.51 sys=0.00, real=0.07 secs] 
59.547: Total time for which application threads were stopped: 0.0737090 seconds, Stopping threads took: 0.0000570 seconds
59.571: Application time: 0.0239210 seconds
59.572: [Full GC [PSYoungGen: 138752K->34765K(161280K)] [ParOldGen: 367108K->367108K(367616K)] 505860K->401874K(528896K) [PSPermGen: 13622K->13622K(21504K)], 0.0748570 secs] [Times: user=0.52 sys=0.00, real=0.07 secs] 
59.647: Total time for which application threads were stopped: 0.0755820 seconds, Stopping threads took: 0.0000800 seconds
59.670: Application time: 0.0236010 seconds
59.671: [Full GC [PSYoungGen: 138752K->34780K(161280K)] [ParOldGen: 367108K->367108K(367616K)] 505860K->401889K(528896K) [PSPermGen: 13622K->13622K(21504K)], 0.0732540 secs] [Times: user=0.52 sys=0.00, real=0.08 secs] 
59.744: Total time for which application threads were stopped: 0.0738670 seconds, Stopping threads took: 0.0000460 seconds
59.768: Application time: 0.0238010 seconds
59.768: [Full GC [PSYoungGen: 138752K->34795K(161280K)] [ParOldGen: 367108K->367108K(367616K)] 505860K->401904K(528896K) [PSPermGen: 13622K->13622K(21504K)], 0.0743630 secs] [Times: user=0.51 sys=0.00, real=0.07 secs] 
59.843: Total time for which application threads were stopped: 0.0749640 seconds, Stopping threads took: 0.0000540 seconds
59.869: Application time: 0.0264670 seconds
59.870: [Full GC [PSYoungGen: 138752K->34809K(161280K)] [ParOldGen: 367108K->367108K(367616K)] 505860K->401918K(528896K) [PSPermGen: 13622K->13622K(21504K)], 0.0729990 secs] [Times: user=0.52 sys=0.00, real=0.07 secs] 
59.943: Total time for which application threads were stopped: 0.0736390 seconds, Stopping threads took: 0.0000470 seconds
59.970: Application time: 0.0270440 seconds
59.971: [Full GC [PSYoungGen: 138752K->34826K(161280K)] [ParOldGen: 367108K->367108K(367616K)] 505860K->401935K(528896K) [PSPermGen: 13622K->13622K(21504K)], 0.0739440 secs] [Times: user=0.52 sys=0.00, real=0.08 secs] 
60.045: Total time for which application threads were stopped: 0.0746770 seconds, Stopping threads took: 0.0001110 seconds
60.069: Application time: 0.0246900 seconds
60.070: [Full GC [PSYoungGen: 138752K->34840K(161280K)] [ParOldGen: 367108K->367108K(367616K)] 505860K->401948K(528896K) [PSPermGen: 13622K->13622K(21504K)], 0.0737540 secs] [Times: user=0.52 sys=0.00, real=0.08 secs] 
60.144: Total time for which application threads were stopped: 0.0744010 seconds, Stopping threads took: 0.0000800 seconds
60.167: Application time: 0.0233830 seconds
60.168: [Full GC [PSYoungGen: 138752K->34853K(161280K)] [ParOldGen: 367108K->367108K(367616K)] 505860K->401962K(528896K) [PSPermGen: 13622K->13622K(21504K)], 0.0735670 secs] [Times: user=0.52 sys=0.00, real=0.07 secs] 
60.241: Total time for which application threads were stopped: 0.0742330 seconds, Stopping threads took: 0.0000930 seconds
60.265: Application time: 0.0239390 seconds
60.268: [Full GC [PSYoungGen: 138752K->34871K(161280K)] [ParOldGen: 367108K->367108K(367616K)] 505860K->401979K(528896K) [PSPermGen: 13622K->13622K(21504K)], 0.0736060 secs] [Times: user=0.52 sys=0.00, real=0.07 secs] 
60.342: Total time for which application threads were stopped: 0.0761820 seconds, Stopping threads took: 0.0019790 seconds
60.365: Application time: 0.0236220 seconds
60.366: [Full GC [PSYoungGen: 138752K->34888K(161280K)] [ParOldGen: 367108K->367108K(367616K)] 505860K->401997K(528896K) [PSPermGen: 13622K->13622K(21504K)], 0.0754130 secs] [Times: user=0.53 sys=0.00, real=0.07 secs] 
60.441: Total time for which application threads were stopped: 0.0760290 seconds, Stopping threads took: 0.0000500 seconds
60.465: Application time: 0.0234920 seconds
60.465: [Full GC [PSYoungGen: 138752K->34899K(161280K)] [ParOldGen: 367108K->367108K(367616K)] 505860K->402008K(528896K) [PSPermGen: 13622K->13622K(21504K)], 0.0736590 secs] [Times: user=0.52 sys=0.00, real=0.07 secs] 
60.539: Total time for which application threads were stopped: 0.0743030 seconds, Stopping threads took: 0.0000470 seconds
60.563: Application time: 0.0235850 seconds
60.563: [Full GC [PSYoungGen: 138752K->34917K(161280K)] [ParOldGen: 367108K->367108K(367616K)] 505860K->402025K(528896K) [PSPermGen: 13622K->13622K(21504K)], 0.0737050 secs] [Times: user=0.52 sys=0.00, real=0.08 secs] 
60.637: Total time for which application threads were stopped: 0.0743980 seconds, Stopping threads took: 0.0000560 seconds
60.662: Application time: 0.0244690 seconds
60.662: [Full GC [PSYoungGen: 138752K->34931K(161280K)] [ParOldGen: 367108K->367108K(367616K)] 505860K->402039K(528896K) [PSPermGen: 13622K->13622K(21504K)], 0.0730410 secs] [Times: user=0.52 sys=0.00, real=0.08 secs] 
60.735: Total time for which application threads were stopped: 0.0736590 seconds, Stopping threads took: 0.0000510 seconds
60.759: Application time: 0.0238730 seconds
60.760: [Full GC [PSYoungGen: 138752K->34946K(161280K)] [ParOldGen: 367108K->367108K(367616K)] 505860K->402054K(528896K) [PSPermGen: 13622K->13622K(21504K)], 0.0734750 secs] [Times: user=0.52 sys=0.00, real=0.08 secs] 
60.833: Total time for which application threads were stopped: 0.0741510 seconds, Stopping threads took: 0.0000470 seconds
60.857: Application time: 0.0241310 seconds
60.858: [Full GC [PSYoungGen: 138752K->34952K(161280K)] [ParOldGen: 367108K->367108K(367616K)] 505860K->402061K(528896K) [PSPermGen: 13622K->13622K(21504K)], 0.0755740 secs] [Times: user=0.53 sys=0.00, real=0.08 secs] 
60.934: Total time for which application threads were stopped: 0.0762380 seconds, Stopping threads took: 0.0000390 seconds
60.959: Application time: 0.0253950 seconds
60.960: [Full GC [PSYoungGen: 138752K->34739K(161280K)] [ParOldGen: 367108K->367108K(367616K)] 505860K->401847K(528896K) [PSPermGen: 13622K->13622K(21504K)], 0.0735860 secs] [Times: user=0.51 sys=0.01, real=0.08 secs] 
61.033: Total time for which application threads were stopped: 0.0742700 seconds, Stopping threads took: 0.0000450 seconds
61.057: Application time: 0.0237440 seconds
61.058: [Full GC [PSYoungGen: 138752K->34709K(161280K)] [ParOldGen: 367108K->367108K(367616K)] 505860K->401818K(528896K) [PSPermGen: 13622K->13622K(21504K)], 0.0728730 secs] [Times: user=0.51 sys=0.00, real=0.07 secs] 
61.131: Total time for which application threads were stopped: 0.0735460 seconds, Stopping threads took: 0.0000880 seconds
61.155: Application time: 0.0244230 seconds
61.156: [Full GC [PSYoungGen: 138752K->34726K(161280K)] [ParOldGen: 367108K->367108K(367616K)] 505860K->401834K(528896K) [PSPermGen: 13622K->13622K(21504K)], 0.0736510 secs] [Times: user=0.51 sys=0.01, real=0.07 secs] 
61.229: Total time for which application threads were stopped: 0.0742680 seconds, Stopping threads took: 0.0000360 seconds
61.253: Application time: 0.0241140 seconds
61.254: [Full GC [PSYoungGen: 138752K->34741K(161280K)] [ParOldGen: 367108K->367108K(367616K)] 505860K->401850K(528896K) [PSPermGen: 13622K->13622K(21504K)], 0.0729820 secs] [Times: user=0.51 sys=0.00, real=0.07 secs] 
61.327: Total time for which application threads were stopped: 0.0736000 seconds, Stopping threads took: 0.0000540 seconds
61.351: Application time: 0.0240470 seconds
61.352: [Full GC [PSYoungGen: 138752K->34755K(161280K)] [ParOldGen: 367108K->367108K(367616K)] 505860K->401863K(528896K) [PSPermGen: 13622K->13622K(21504K)], 0.0732780 secs] [Times: user=0.52 sys=0.00, real=0.07 secs] 
61.425: Total time for which application threads were stopped: 0.0739770 seconds, Stopping threads took: 0.0000590 seconds
61.450: Application time: 0.0247240 seconds
61.450: [Full GC [PSYoungGen: 138752K->34712K(161280K)] [ParOldGen: 367108K->367108K(367616K)] 505860K->401821K(528896K) [PSPermGen: 13622K->13622K(21504K)], 0.0735210 secs] [Times: user=0.51 sys=0.01, real=0.08 secs] 
61.524: Total time for which application threads were stopped: 0.0741370 seconds, Stopping threads took: 0.0000500 seconds
61.548: Application time: 0.0237240 seconds
61.548: [Full GC [PSYoungGen: 138752K->34650K(161280K)] [ParOldGen: 367108K->367108K(367616K)] 505860K->401759K(528896K) [PSPermGen: 13622K->13622K(21504K)], 0.0729540 secs] [Times: user=0.51 sys=0.00, real=0.07 secs] 
61.621: Total time for which application threads were stopped: 0.0735820 seconds, Stopping threads took: 0.0000680 seconds
61.646: Application time: 0.0250670 seconds
61.647: [Full GC [PSYoungGen: 138752K->34604K(161280K)] [ParOldGen: 367108K->367108K(367616K)] 505860K->401712K(528896K) [PSPermGen: 13622K->13622K(21504K)], 0.0735210 secs] [Times: user=0.51 sys=0.00, real=0.07 secs] 
61.720: Total time for which application threads were stopped: 0.0742240 seconds, Stopping threads took: 0.0000670 seconds
61.744: Application time: 0.0239440 seconds
61.745: [Full GC [PSYoungGen: 138752K->34604K(161280K)] [ParOldGen: 367108K->367108K(367616K)] 505860K->401712K(528896K) [PSPermGen: 13622K->13622K(21504K)], 0.0737930 secs] [Times: user=0.52 sys=0.00, real=0.07 secs] 
61.819: Total time for which application threads were stopped: 0.0744380 seconds, Stopping threads took: 0.0000670 seconds
61.843: Application time: 0.0242560 seconds
61.844: [Full GC [PSYoungGen: 138752K->34553K(161280K)] [ParOldGen: 367108K->367108K(367616K)] 505860K->401662K(528896K) [PSPermGen: 13622K->13622K(21504K)], 0.0737360 secs] [Times: user=0.51 sys=0.00, real=0.07 secs] 
61.917: Total time for which application threads were stopped: 0.0743600 seconds, Stopping threads took: 0.0000560 seconds
61.941: Application time: 0.0238150 seconds
61.942: [Full GC [PSYoungGen: 138752K->34564K(161280K)] [ParOldGen: 367108K->367108K(367616K)] 505860K->401672K(528896K) [PSPermGen: 13622K->13622K(21504K)], 0.0728230 secs] [Times: user=0.52 sys=0.00, real=0.08 secs] 
62.015: Total time for which application threads were stopped: 0.0735010 seconds, Stopping threads took: 0.0000540 seconds
62.039: Application time: 0.0238500 seconds
62.039: [Full GC [PSYoungGen: 138752K->34574K(161280K)] [ParOldGen: 367108K->367108K(367616K)] 505860K->401682K(528896K) [PSPermGen: 13622K->13622K(21504K)], 0.0732170 secs] [Times: user=0.52 sys=0.00, real=0.08 secs] 
62.113: Total time for which application threads were stopped: 0.0738360 seconds, Stopping threads took: 0.0000580 seconds
62.136: Application time: 0.0236960 seconds
62.137: [Full GC [PSYoungGen: 138752K->34592K(161280K)] [ParOldGen: 367108K->367108K(367616K)] 505860K->401701K(528896K) [PSPermGen: 13622K->13622K(21504K)], 0.0732760 secs] [Times: user=0.52 sys=0.00, real=0.07 secs] 
62.210: Total time for which application threads were stopped: 0.0739240 seconds, Stopping threads took: 0.0000710 seconds
62.234: Application time: 0.0240190 seconds
62.235: [Full GC [PSYoungGen: 138752K->34606K(161280K)] [ParOldGen: 367108K->367108K(367616K)] 505860K->401715K(528896K) [PSPermGen: 13622K->13622K(21504K)], 0.0729080 secs] [Times: user=0.51 sys=0.00, real=0.07 secs] 
62.308: Total time for which application threads were stopped: 0.0735640 seconds, Stopping threads took: 0.0000650 seconds
62.332: Application time: 0.0238860 seconds
62.332: [Full GC [PSYoungGen: 138752K->34621K(161280K)] [ParOldGen: 367108K->367108K(367616K)] 505860K->401730K(528896K) [PSPermGen: 13622K->13622K(21504K)], 0.0795170 secs] [Times: user=0.55 sys=0.00, real=0.08 secs] 
62.412: Total time for which application threads were stopped: 0.0801500 seconds, Stopping threads took: 0.0000480 seconds
62.436: Application time: 0.0241550 seconds
62.436: [Full GC [PSYoungGen: 138752K->34634K(161280K)] [ParOldGen: 367108K->367108K(367616K)] 505860K->401742K(528896K) [PSPermGen: 13622K->13622K(21504K)], 0.0729770 secs] [Times: user=0.51 sys=0.00, real=0.07 secs] 
62.510: Total time for which application threads were stopped: 0.0735920 seconds, Stopping threads took: 0.0000420 seconds
62.534: Application time: 0.0241920 seconds
62.534: [Full GC [PSYoungGen: 138752K->34650K(161280K)] [ParOldGen: 367108K->367108K(367616K)] 505860K->401759K(528896K) [PSPermGen: 13622K->13622K(21504K)], 0.0739580 secs] [Times: user=0.50 sys=0.00, real=0.07 secs] 
62.608: Total time for which application threads were stopped: 0.0745850 seconds, Stopping threads took: 0.0000560 seconds
62.633: Application time: 0.0246230 seconds
62.633: [Full GC [PSYoungGen: 138752K->34664K(161280K)] [ParOldGen: 367108K->367108K(367616K)] 505860K->401772K(528896K) [PSPermGen: 13622K->13622K(21504K)], 0.0736910 secs] [Times: user=0.52 sys=0.00, real=0.07 secs] 
62.707: Total time for which application threads were stopped: 0.0743190 seconds, Stopping threads took: 0.0000460 seconds
62.731: Application time: 0.0236710 seconds
62.732: [Full GC [PSYoungGen: 138752K->34680K(161280K)] [ParOldGen: 367108K->367108K(367616K)] 505860K->401788K(528896K) [PSPermGen: 13622K->13622K(21504K)], 0.0732960 secs] [Times: user=0.51 sys=0.00, real=0.07 secs] 
62.805: Total time for which application threads were stopped: 0.0739600 seconds, Stopping threads took: 0.0000550 seconds
62.829: Application time: 0.0239940 seconds
62.830: [Full GC [PSYoungGen: 138752K->34696K(161280K)] [ParOldGen: 367108K->367108K(367616K)] 505860K->401805K(528896K) [PSPermGen: 13622K->13622K(21504K)], 0.0734490 secs] [Times: user=0.52 sys=0.00, real=0.07 secs] 
62.903: Total time for which application threads were stopped: 0.0741620 seconds, Stopping threads took: 0.0000480 seconds
62.927: Application time: 0.0243550 seconds
62.928: [Full GC [PSYoungGen: 138752K->34707K(161280K)] [ParOldGen: 367108K->367108K(367616K)] 505860K->401815K(528896K) [PSPermGen: 13622K->13622K(21504K)], 0.0744770 secs] [Times: user=0.52 sys=0.00, real=0.07 secs] 
63.003: Total time for which application threads were stopped: 0.0751090 seconds, Stopping threads took: 0.0000520 seconds
63.026: Application time: 0.0238830 seconds
63.028: [Full GC [PSYoungGen: 138752K->34726K(161280K)] [ParOldGen: 367108K->367108K(367616K)] 505860K->401834K(528896K) [PSPermGen: 13622K->13622K(21504K)], 0.0732780 secs] [Times: user=0.52 sys=0.00, real=0.07 secs] 
63.101: Total time for which application threads were stopped: 0.0748910 seconds, Stopping threads took: 0.0009770 seconds
63.125: Application time: 0.0236240 seconds
63.125: [Full GC [PSYoungGen: 138752K->34741K(161280K)] [ParOldGen: 367108K->367108K(367616K)] 505860K->401849K(528896K) [PSPermGen: 13622K->13622K(21504K)], 0.0741680 secs] [Times: user=0.52 sys=0.00, real=0.07 secs] 
63.200: Total time for which application threads were stopped: 0.0748100 seconds, Stopping threads took: 0.0000590 seconds
63.224: Application time: 0.0238760 seconds
63.224: [Full GC [PSYoungGen: 138752K->34756K(161280K)] [ParOldGen: 367108K->367108K(367616K)] 505860K->401864K(528896K) [PSPermGen: 13622K->13622K(21504K)], 0.0738290 secs] [Times: user=0.51 sys=0.00, real=0.07 secs] 
63.298: Total time for which application threads were stopped: 0.0744590 seconds, Stopping threads took: 0.0000500 seconds
63.322: Application time: 0.0235650 seconds
63.322: [Full GC [PSYoungGen: 138752K->34769K(161280K)] [ParOldGen: 367108K->367108K(367616K)] 505860K->401877K(528896K) [PSPermGen: 13622K->13622K(21504K)], 0.0746690 secs] [Times: user=0.52 sys=0.00, real=0.08 secs] 
63.397: Total time for which application threads were stopped: 0.0753460 seconds, Stopping threads took: 0.0000510 seconds
63.421: Application time: 0.0238110 seconds
63.421: [Full GC [PSYoungGen: 138752K->34782K(161280K)] [ParOldGen: 367108K->367108K(367616K)] 505860K->401890K(528896K) [PSPermGen: 13622K->13622K(21504K)], 0.0742730 secs] [Times: user=0.52 sys=0.00, real=0.08 secs] 
63.496: Total time for which application threads were stopped: 0.0749370 seconds, Stopping threads took: 0.0000520 seconds
63.519: Application time: 0.0237340 seconds
63.520: [Full GC [PSYoungGen: 138752K->34800K(161280K)] [ParOldGen: 367108K->367108K(367616K)] 505860K->401908K(528896K) [PSPermGen: 13622K->13622K(21504K)], 0.0741860 secs] [Times: user=0.52 sys=0.00, real=0.08 secs] 
63.594: Total time for which application threads were stopped: 0.0748680 seconds, Stopping threads took: 0.0000370 seconds
63.618: Application time: 0.0234420 seconds
63.618: [Full GC [PSYoungGen: 138752K->34814K(161280K)] [ParOldGen: 367108K->367108K(367616K)] 505860K->401923K(528896K) [PSPermGen: 13622K->13622K(21504K)], 0.0748060 secs] [Times: user=0.51 sys=0.00, real=0.08 secs] 
63.693: Total time for which application threads were stopped: 0.0754980 seconds, Stopping threads took: 0.0000510 seconds
63.717: Application time: 0.0238550 seconds
63.718: [Full GC [PSYoungGen: 138752K->34828K(161280K)] [ParOldGen: 367108K->367108K(367616K)] 505860K->401936K(528896K) [PSPermGen: 13622K->13622K(21504K)], 0.0737800 secs] [Times: user=0.52 sys=0.00, real=0.08 secs] 
63.792: Total time for which application threads were stopped: 0.0744940 seconds, Stopping threads took: 0.0000670 seconds
63.815: Application time: 0.0236310 seconds
63.816: [Full GC [PSYoungGen: 138752K->34842K(161280K)] [ParOldGen: 367108K->367108K(367616K)] 505860K->401951K(528896K) [PSPermGen: 13622K->13622K(21504K)], 0.0734860 secs] [Times: user=0.52 sys=0.00, real=0.07 secs] 
63.889: Total time for which application threads were stopped: 0.0741890 seconds, Stopping threads took: 0.0000610 seconds
63.914: Application time: 0.0241380 seconds
63.914: [Full GC [PSYoungGen: 138752K->34859K(161280K)] [ParOldGen: 367108K->367108K(367616K)] 505860K->401967K(528896K) [PSPermGen: 13622K->13622K(21504K)], 0.0749050 secs] [Times: user=0.52 sys=0.00, real=0.07 secs] 
63.989: Total time for which application threads were stopped: 0.0756200 seconds, Stopping threads took: 0.0000560 seconds
64.013: Application time: 0.0234810 seconds
64.013: [Full GC [PSYoungGen: 138752K->34876K(161280K)] [ParOldGen: 367108K->367108K(367616K)] 505860K->401985K(528896K) [PSPermGen: 13622K->13622K(21504K)], 0.0741820 secs] [Times: user=0.52 sys=0.00, real=0.07 secs] 
64.089: Total time for which application threads were stopped: 0.0763690 seconds, Stopping threads took: 0.0000680 seconds
64.113: Application time: 0.0236310 seconds
64.113: [Full GC [PSYoungGen: 138752K->34891K(161280K)] [ParOldGen: 367108K->367108K(367616K)] 505860K->401999K(528896K) [PSPermGen: 13622K->13622K(21504K)], 0.0745180 secs] [Times: user=0.51 sys=0.01, real=0.07 secs] 
64.188: Total time for which application threads were stopped: 0.0751310 seconds, Stopping threads took: 0.0000510 seconds
64.211: Application time: 0.0235150 seconds
64.212: [Full GC [PSYoungGen: 138752K->34903K(161280K)] [ParOldGen: 367108K->367108K(367616K)] 505860K->402011K(528896K) [PSPermGen: 13622K->13622K(21504K)], 0.0740300 secs] [Times: user=0.52 sys=0.00, real=0.07 secs] 
64.286: Total time for which application threads were stopped: 0.0747380 seconds, Stopping threads took: 0.0000730 seconds
64.310: Application time: 0.0237220 seconds
64.310: [Full GC [PSYoungGen: 138752K->34920K(161280K)] [ParOldGen: 367108K->367108K(367616K)] 505860K->402028K(528896K) [PSPermGen: 13622K->13622K(21504K)], 0.0735060 secs] [Times: user=0.52 sys=0.00, real=0.08 secs] 
64.384: Total time for which application threads were stopped: 0.0741890 seconds, Stopping threads took: 0.0000490 seconds
64.408: Application time: 0.0238870 seconds
64.409: [Full GC [PSYoungGen: 138752K->34933K(161280K)] [ParOldGen: 367108K->367108K(367616K)] 505860K->402041K(528896K) [PSPermGen: 13622K->13622K(21504K)], 0.0731140 secs] [Times: user=0.51 sys=0.00, real=0.07 secs] 
64.482: Total time for which application threads were stopped: 0.0737760 seconds, Stopping threads took: 0.0000400 seconds
64.506: Application time: 0.0239600 seconds
64.506: [Full GC [PSYoungGen: 138752K->34940K(161280K)] [ParOldGen: 367108K->367108K(367616K)] 505860K->402048K(528896K) [PSPermGen: 13622K->13622K(21504K)], 0.0732950 secs] [Times: user=0.52 sys=0.00, real=0.07 secs] 
64.580: Total time for which application threads were stopped: 0.0740060 seconds, Stopping threads took: 0.0000430 seconds
64.605: Application time: 0.0252630 seconds
64.605: [Full GC [PSYoungGen: 138752K->34730K(161280K)] [ParOldGen: 367108K->367108K(367616K)] 505860K->401838K(528896K) [PSPermGen: 13623K->13623K(21504K)], 0.1251710 secs] [Times: user=0.92 sys=0.00, real=0.12 secs] 
64.731: Total time for which application threads were stopped: 0.1257880 seconds, Stopping threads took: 0.0000320 seconds
64.755: Application time: 0.0240340 seconds
64.755: [Full GC [PSYoungGen: 138752K->34698K(161280K)] [ParOldGen: 367108K->367108K(367616K)] 505860K->401806K(528896K) [PSPermGen: 13623K->13623K(21504K)], 0.0730110 secs] [Times: user=0.51 sys=0.00, real=0.07 secs] 
64.828: Total time for which application threads were stopped: 0.0737140 seconds, Stopping threads took: 0.0000500 seconds
64.853: Application time: 0.0242360 seconds
64.853: [Full GC [PSYoungGen: 138752K->34713K(161280K)] [ParOldGen: 367108K->367108K(367616K)] 505860K->401821K(528896K) [PSPermGen: 13623K->13623K(21504K)], 0.0734680 secs] [Times: user=0.52 sys=0.00, real=0.07 secs] 
64.927: Total time for which application threads were stopped: 0.0741010 seconds, Stopping threads took: 0.0000580 seconds
64.951: Application time: 0.0246340 seconds
64.952: [Full GC [PSYoungGen: 138752K->34730K(161280K)] [ParOldGen: 367108K->367108K(367616K)] 505860K->401838K(528896K) [PSPermGen: 13623K->13623K(21504K)], 0.0733630 secs] [Times: user=0.52 sys=0.00, real=0.07 secs] 
65.026: Total time for which application threads were stopped: 0.0740550 seconds, Stopping threads took: 0.0000640 seconds
65.050: Application time: 0.0240240 seconds
65.050: [Full GC [PSYoungGen: 138752K->34742K(161280K)] [ParOldGen: 367108K->367108K(367616K)] 505860K->401850K(528896K) [PSPermGen: 13623K->13623K(21504K)], 0.0731010 secs] [Times: user=0.51 sys=0.00, real=0.07 secs] 
65.123: Total time for which application threads were stopped: 0.0737410 seconds, Stopping threads took: 0.0000390 seconds
65.147: Application time: 0.0235650 seconds
65.147: [Full GC [PSYoungGen: 138752K->34759K(161280K)] [ParOldGen: 367108K->367108K(367616K)] 505860K->401867K(528896K) [PSPermGen: 13623K->13623K(21504K)], 0.0727300 secs] [Times: user=0.51 sys=0.00, real=0.07 secs] 
65.220: Total time for which application threads were stopped: 0.0734330 seconds, Stopping threads took: 0.0000470 seconds
65.245: Application time: 0.0246240 seconds
65.246: [Full GC [PSYoungGen: 138752K->34705K(161280K)] [ParOldGen: 367108K->367107K(367616K)] 505860K->401813K(528896K) [PSPermGen: 13623K->13623K(21504K)], 0.1244080 secs] [Times: user=0.91 sys=0.00, real=0.12 secs] 
65.370: Total time for which application threads were stopped: 0.1250940 seconds, Stopping threads took: 0.0000600 seconds
65.394: Application time: 0.0243770 seconds
65.395: [Full GC [PSYoungGen: 138752K->34718K(161280K)] [ParOldGen: 367107K->367107K(367616K)] 505859K->401826K(528896K) [PSPermGen: 13623K->13623K(21504K)], 0.0745240 secs] [Times: user=0.52 sys=0.00, real=0.07 secs] 
65.470: Total time for which application threads were stopped: 0.0751680 seconds, Stopping threads took: 0.0000550 seconds
65.494: Application time: 0.0247400 seconds
65.495: [Full GC [PSYoungGen: 138752K->34616K(161280K)] [ParOldGen: 367107K->367107K(367616K)] 505859K->401723K(528896K) [PSPermGen: 13623K->13623K(21504K)], 0.0739200 secs] [Times: user=0.52 sys=0.00, real=0.07 secs] 
65.569: Total time for which application threads were stopped: 0.0745510 seconds, Stopping threads took: 0.0000560 seconds
65.593: Application time: 0.0238470 seconds
65.593: [Full GC [PSYoungGen: 138752K->34608K(161280K)] [ParOldGen: 367107K->367107K(367616K)] 505859K->401715K(528896K) [PSPermGen: 13623K->13623K(21504K)], 0.0731700 secs] [Times: user=0.51 sys=0.00, real=0.07 secs] 
65.667: Total time for which application threads were stopped: 0.0738110 seconds, Stopping threads took: 0.0000480 seconds
65.690: Application time: 0.0238750 seconds
65.692: [Full GC [PSYoungGen: 138752K->34624K(161280K)] [ParOldGen: 367107K->367107K(367616K)] 505859K->401731K(528896K) [PSPermGen: 13623K->13623K(21504K)], 0.0730480 secs] [Times: user=0.51 sys=0.01, real=0.07 secs] 
65.765: Total time for which application threads were stopped: 0.0746070 seconds, Stopping threads took: 0.0009700 seconds
65.789: Application time: 0.0241510 seconds
65.790: [Full GC [PSYoungGen: 138752K->34574K(161280K)] [ParOldGen: 367107K->367107K(367616K)] 505859K->401682K(528896K) [PSPermGen: 13623K->13623K(21504K)], 0.0734600 secs] [Times: user=0.51 sys=0.00, real=0.07 secs] 
65.863: Total time for which application threads were stopped: 0.0740850 seconds, Stopping threads took: 0.0000490 seconds
65.887: Application time: 0.0237230 seconds
65.888: [Full GC [PSYoungGen: 138752K->34581K(161280K)] [ParOldGen: 367107K->367107K(367616K)] 505859K->401688K(528896K) [PSPermGen: 13623K->13623K(21504K)], 0.0728020 secs] [Times: user=0.51 sys=0.00, real=0.07 secs] 
65.961: Total time for which application threads were stopped: 0.0735210 seconds, Stopping threads took: 0.0000690 seconds
65.984: Application time: 0.0239180 seconds
65.985: [Full GC [PSYoungGen: 138752K->34595K(161280K)] [ParOldGen: 367107K->367107K(367616K)] 505859K->401703K(528896K) [PSPermGen: 13623K->13623K(21504K)], 0.0735220 secs] [Times: user=0.52 sys=0.00, real=0.07 secs] 
66.059: Total time for which application threads were stopped: 0.0741540 seconds, Stopping threads took: 0.0000570 seconds
66.082: Application time: 0.0239000 seconds
66.083: [Full GC [PSYoungGen: 138752K->34612K(161280K)] [ParOldGen: 367107K->367107K(367616K)] 505859K->401720K(528896K) [PSPermGen: 13623K->13623K(21504K)], 0.0729640 secs] [Times: user=0.51 sys=0.00, real=0.08 secs] 
66.156: Total time for which application threads were stopped: 0.0736590 seconds, Stopping threads took: 0.0000640 seconds
66.180: Application time: 0.0236080 seconds
66.180: [Full GC [PSYoungGen: 138752K->34627K(161280K)] [ParOldGen: 367107K->367107K(367616K)] 505859K->401735K(528896K) [PSPermGen: 13623K->13623K(21504K)], 0.0725350 secs] [Times: user=0.51 sys=0.00, real=0.08 secs] 
66.253: Total time for which application threads were stopped: 0.0732010 seconds, Stopping threads took: 0.0000470 seconds
66.277: Application time: 0.0240220 seconds
66.278: [Full GC [PSYoungGen: 138752K->34640K(161280K)] [ParOldGen: 367107K->367107K(367616K)] 505859K->401747K(528896K) [PSPermGen: 13623K->13623K(21504K)], 0.0730930 secs] [Times: user=0.52 sys=0.00, real=0.07 secs] 
66.351: Total time for which application threads were stopped: 0.0737570 seconds, Stopping threads took: 0.0000430 seconds
66.375: Application time: 0.0240450 seconds
66.375: [Full GC [PSYoungGen: 138752K->34657K(161280K)] [ParOldGen: 367107K->367107K(367616K)] 505859K->401764K(528896K) [PSPermGen: 13623K->13623K(21504K)], 0.0815470 secs] [Times: user=0.56 sys=0.00, real=0.08 secs] 
66.457: Total time for which application threads were stopped: 0.0821890 seconds, Stopping threads took: 0.0000600 seconds
66.481: Application time: 0.0237770 seconds
66.481: [Full GC [PSYoungGen: 138752K->34665K(161280K)] [ParOldGen: 367107K->367107K(367616K)] 505859K->401773K(528896K) [PSPermGen: 13623K->13623K(21504K)], 0.0731950 secs] [Times: user=0.52 sys=0.00, real=0.08 secs] 
66.555: Total time for which application threads were stopped: 0.0738370 seconds, Stopping threads took: 0.0000630 seconds
66.578: Application time: 0.0236660 seconds
66.580: [Full GC [PSYoungGen: 138752K->34683K(161280K)] [ParOldGen: 367107K->367107K(367616K)] 505859K->401791K(528896K) [PSPermGen: 13623K->13623K(21504K)], 0.0733500 secs] [Times: user=0.51 sys=0.00, real=0.08 secs] 
66.653: Total time for which application threads were stopped: 0.0749770 seconds, Stopping threads took: 0.0010890 seconds
66.677: Application time: 0.0236240 seconds
66.680: [Full GC [PSYoungGen: 138752K->34697K(161280K)] [ParOldGen: 367107K->367107K(367616K)] 505859K->401805K(528896K) [PSPermGen: 13623K->13623K(21504K)], 0.0732960 secs] [Times: user=0.52 sys=0.00, real=0.08 secs] 
66.753: Total time for which application threads were stopped: 0.0763470 seconds, Stopping threads took: 0.0024800 seconds
66.777: Application time: 0.0242270 seconds
66.780: [Full GC [PSYoungGen: 138752K->34716K(161280K)] [ParOldGen: 367107K->367107K(367616K)] 505859K->401823K(528896K) [PSPermGen: 13623K->13623K(21504K)], 0.0737260 secs] [Times: user=0.52 sys=0.00, real=0.08 secs] 
66.854: Total time for which application threads were stopped: 0.0762570 seconds, Stopping threads took: 0.0019270 seconds
66.877: Application time: 0.0236440 seconds
66.878: [Full GC [PSYoungGen: 138752K->34731K(161280K)] [ParOldGen: 367107K->367107K(367616K)] 505859K->401839K(528896K) [PSPermGen: 13623K->13623K(21504K)], 0.0734450 secs] [Times: user=0.50 sys=0.00, real=0.08 secs] 
66.952: Total time for which application threads were stopped: 0.0741210 seconds, Stopping threads took: 0.0000990 seconds
66.975: Application time: 0.0238690 seconds
66.976: [Full GC [PSYoungGen: 138752K->34745K(161280K)] [ParOldGen: 367107K->367107K(367616K)] 505859K->401853K(528896K) [PSPermGen: 13623K->13623K(21504K)], 0.0737650 secs] [Times: user=0.52 sys=0.00, real=0.07 secs] 
67.050: Total time for which application threads were stopped: 0.0746710 seconds, Stopping threads took: 0.0003230 seconds
67.074: Application time: 0.0237900 seconds
67.074: [Full GC [PSYoungGen: 138752K->34758K(161280K)] [ParOldGen: 367107K->367107K(367616K)] 505859K->401866K(528896K) [PSPermGen: 13623K->13623K(21504K)], 0.0739730 secs] [Times: user=0.52 sys=0.00, real=0.07 secs] 
67.148: Total time for which application threads were stopped: 0.0745800 seconds, Stopping threads took: 0.0000370 seconds
67.172: Application time: 0.0239020 seconds
67.173: [Full GC [PSYoungGen: 138752K->34775K(161280K)] [ParOldGen: 367107K->367107K(367616K)] 505859K->401882K(528896K) [PSPermGen: 13623K->13623K(21504K)], 0.0738220 secs] [Times: user=0.52 sys=0.00, real=0.07 secs] 
67.247: Total time for which application threads were stopped: 0.0744740 seconds, Stopping threads took: 0.0000580 seconds
67.271: Application time: 0.0239630 seconds
67.271: [Full GC [PSYoungGen: 138752K->34788K(161280K)] [ParOldGen: 367107K->367107K(367616K)] 505859K->401896K(528896K) [PSPermGen: 13623K->13623K(21504K)], 0.0734310 secs] [Times: user=0.52 sys=0.00, real=0.07 secs] 
67.345: Total time for which application threads were stopped: 0.0740830 seconds, Stopping threads took: 0.0000720 seconds
67.369: Application time: 0.0237470 seconds
67.369: [Full GC [PSYoungGen: 138752K->34804K(161280K)] [ParOldGen: 367107K->367107K(367616K)] 505859K->401912K(528896K) [PSPermGen: 13623K->13623K(21504K)], 0.0736940 secs] [Times: user=0.52 sys=0.01, real=0.07 secs] 
67.443: Total time for which application threads were stopped: 0.0743680 seconds, Stopping threads took: 0.0000550 seconds
67.467: Application time: 0.0239280 seconds
67.467: [Full GC [PSYoungGen: 138752K->34819K(161280K)] [ParOldGen: 367107K->367107K(367616K)] 505859K->401926K(528896K) [PSPermGen: 13623K->13623K(21504K)], 0.0743270 secs] [Times: user=0.51 sys=0.00, real=0.07 secs] 
67.542: Total time for which application threads were stopped: 0.0749480 seconds, Stopping threads took: 0.0000340 seconds
67.565: Application time: 0.0235810 seconds
67.566: [Full GC [PSYoungGen: 138752K->34833K(161280K)] [ParOldGen: 367107K->367107K(367616K)] 505859K->401941K(528896K) [PSPermGen: 13623K->13623K(21504K)], 0.0739980 secs] [Times: user=0.52 sys=0.00, real=0.07 secs] 
67.640: Total time for which application threads were stopped: 0.0746920 seconds, Stopping threads took: 0.0000410 seconds
67.665: Application time: 0.0245480 seconds
67.668: [Full GC [PSYoungGen: 138752K->34848K(161280K)] [ParOldGen: 367107K->367107K(367616K)] 505859K->401956K(528896K) [PSPermGen: 13623K->13623K(21504K)], 0.0735260 secs] [Times: user=0.52 sys=0.00, real=0.07 secs] 
67.742: Total time for which application threads were stopped: 0.0768540 seconds, Stopping threads took: 0.0026800 seconds
67.765: Application time: 0.0238860 seconds
67.766: [Full GC [PSYoungGen: 138752K->34868K(161280K)] [ParOldGen: 367107K->367107K(367616K)] 505859K->401975K(528896K) [PSPermGen: 13623K->13623K(21504K)], 0.0738350 secs] [Times: user=0.52 sys=0.00, real=0.07 secs] 
67.840: Total time for which application threads were stopped: 0.0744550 seconds, Stopping threads took: 0.0000490 seconds
67.864: Application time: 0.0239860 seconds
67.868: [Full GC [PSYoungGen: 138752K->34879K(161280K)] [ParOldGen: 367107K->367107K(367616K)] 505859K->401986K(528896K) [PSPermGen: 13623K->13623K(21504K)], 0.0739780 secs] [Times: user=0.52 sys=0.01, real=0.07 secs] 
67.942: Total time for which application threads were stopped: 0.0780390 seconds, Stopping threads took: 0.0034780 seconds
67.966: Application time: 0.0244930 seconds
67.967: [Full GC [PSYoungGen: 138752K->34893K(161280K)] [ParOldGen: 367107K->367107K(367616K)] 505859K->402000K(528896K) [PSPermGen: 13623K->13623K(21504K)], 0.0738370 secs] [Times: user=0.52 sys=0.00, real=0.07 secs] 
68.041: Total time for which application threads were stopped: 0.0745740 seconds, Stopping threads took: 0.0000370 seconds
68.065: Application time: 0.0236400 seconds
68.065: [Full GC [PSYoungGen: 138752K->34909K(161280K)] [ParOldGen: 367107K->367107K(367616K)] 505859K->402016K(528896K) [PSPermGen: 13623K->13623K(21504K)], 0.0735770 secs] [Times: user=0.52 sys=0.00, real=0.07 secs] 
68.139: Total time for which application threads were stopped: 0.0742520 seconds, Stopping threads took: 0.0000430 seconds
68.162: Application time: 0.0235500 seconds
68.163: [Full GC [PSYoungGen: 138752K->34923K(161280K)] [ParOldGen: 367107K->367107K(367616K)] 505859K->402031K(528896K) [PSPermGen: 13623K->13623K(21504K)], 0.0743600 secs] [Times: user=0.52 sys=0.00, real=0.08 secs] 
68.238: Total time for which application threads were stopped: 0.0750450 seconds, Stopping threads took: 0.0000500 seconds
68.261: Application time: 0.0236230 seconds
68.262: [Full GC [PSYoungGen: 138752K->34937K(161280K)] [ParOldGen: 367107K->367107K(367616K)] 505859K->402045K(528896K) [PSPermGen: 13623K->13623K(21504K)], 0.0740510 secs] [Times: user=0.52 sys=0.00, real=0.08 secs] 
68.336: Total time for which application threads were stopped: 0.0747210 seconds, Stopping threads took: 0.0000470 seconds
68.361: Application time: 0.0250480 seconds
68.361: [Full GC [PSYoungGen: 138752K->34732K(161280K)] [ParOldGen: 367107K->367107K(367616K)] 505859K->401840K(528896K) [PSPermGen: 13624K->13624K(21504K)], 0.0760070 secs] [Times: user=0.54 sys=0.00, real=0.08 secs] 
68.438: Total time for which application threads were stopped: 0.0766220 seconds, Stopping threads took: 0.0000420 seconds
68.462: Application time: 0.0248020 seconds
68.463: [Full GC [PSYoungGen: 138752K->34682K(161280K)] [ParOldGen: 367107K->367107K(367616K)] 505859K->401790K(528896K) [PSPermGen: 13624K->13624K(21504K)], 0.0734180 secs] [Times: user=0.51 sys=0.00, real=0.08 secs] 
68.536: Total time for which application threads were stopped: 0.0740610 seconds, Stopping threads took: 0.0000640 seconds
68.560: Application time: 0.0237090 seconds
68.561: [Full GC [PSYoungGen: 138752K->34701K(161280K)] [ParOldGen: 367107K->367107K(367616K)] 505859K->401809K(528896K) [PSPermGen: 13624K->13624K(21504K)], 0.0741260 secs] [Times: user=0.50 sys=0.00, real=0.08 secs] 
68.635: Total time for which application threads were stopped: 0.0748140 seconds, Stopping threads took: 0.0000400 seconds
68.659: Application time: 0.0244150 seconds
68.664: [Full GC [PSYoungGen: 138752K->34716K(161280K)] [ParOldGen: 367107K->367107K(367616K)] 505859K->401823K(528896K) [PSPermGen: 13624K->13624K(21504K)], 0.0734240 secs] [Times: user=0.52 sys=0.00, real=0.07 secs] 
68.737: Total time for which application threads were stopped: 0.0780030 seconds, Stopping threads took: 0.0040160 seconds
68.761: Application time: 0.0240220 seconds
68.762: [Full GC [PSYoungGen: 138752K->34732K(161280K)] [ParOldGen: 367107K->367107K(367616K)] 505859K->401839K(528896K) [PSPermGen: 13624K->13624K(21504K)], 0.0729170 secs] [Times: user=0.52 sys=0.00, real=0.08 secs] 
68.835: Total time for which application threads were stopped: 0.0735970 seconds, Stopping threads took: 0.0000450 seconds
68.859: Application time: 0.0240770 seconds
68.860: [Full GC [PSYoungGen: 138752K->34747K(161280K)] [ParOldGen: 367107K->367107K(367616K)] 505859K->401855K(528896K) [PSPermGen: 13624K->13624K(21504K)], 0.0731820 secs] [Times: user=0.52 sys=0.00, real=0.08 secs] 
68.933: Total time for which application threads were stopped: 0.0738200 seconds, Stopping threads took: 0.0000520 seconds
68.956: Application time: 0.0235570 seconds
68.957: [Full GC [PSYoungGen: 138752K->34763K(161280K)] [ParOldGen: 367107K->367107K(367616K)] 505859K->401870K(528896K) [PSPermGen: 13624K->13624K(21504K)], 0.0725730 secs] [Times: user=0.51 sys=0.00, real=0.07 secs] 
69.030: Total time for which application threads were stopped: 0.0732440 seconds, Stopping threads took: 0.0000480 seconds
69.054: Application time: 0.0239030 seconds
69.054: [Full GC [PSYoungGen: 138752K->34776K(161280K)] [ParOldGen: 367107K->367107K(367616K)] 505859K->401884K(528896K) [PSPermGen: 13624K->13624K(21504K)], 0.0729410 secs] [Times: user=0.52 sys=0.00, real=0.07 secs] 
69.127: Total time for which application threads were stopped: 0.0736540 seconds, Stopping threads took: 0.0000530 seconds
69.154: Application time: 0.0263730 seconds
69.154: [Full GC [PSYoungGen: 138752K->34322K(161280K)] [ParOldGen: 367107K->367522K(367616K)] 505859K->401845K(528896K) [PSPermGen: 13624K->13624K(21504K)], 0.1457000 secs] [Times: user=1.08 sys=0.00, real=0.14 secs] 
69.300: Total time for which application threads were stopped: 0.1463850 seconds, Stopping threads took: 0.0000960 seconds
69.324: Application time: 0.0240770 seconds
69.325: [Full GC [PSYoungGen: 138752K->34322K(161280K)] [ParOldGen: 367522K->367522K(367616K)] 506274K->401845K(528896K) [PSPermGen: 13624K->13624K(21504K)], 0.0734350 secs] [Times: user=0.52 sys=0.00, real=0.07 secs] 
69.398: Total time for which application threads were stopped: 0.0740850 seconds, Stopping threads took: 0.0000750 seconds
69.423: Application time: 0.0246020 seconds
69.423: [Full GC [PSYoungGen: 138752K->34228K(161280K)] [ParOldGen: 367522K->367522K(367616K)] 506274K->401751K(528896K) [PSPermGen: 13624K->13624K(21504K)], 0.0730150 secs] [Times: user=0.50 sys=0.00, real=0.07 secs] 
69.496: Total time for which application threads were stopped: 0.0736480 seconds, Stopping threads took: 0.0000520 seconds
69.521: Application time: 0.0244090 seconds
69.521: [Full GC [PSYoungGen: 138752K->34211K(161280K)] [ParOldGen: 367522K->367522K(367616K)] 506274K->401734K(528896K) [PSPermGen: 13624K->13624K(21504K)], 0.0732580 secs] [Times: user=0.52 sys=0.00, real=0.08 secs] 
69.595: Total time for which application threads were stopped: 0.0738780 seconds, Stopping threads took: 0.0000410 seconds
69.619: Application time: 0.0244230 seconds
69.620: [Full GC [PSYoungGen: 138752K->34223K(161280K)] [ParOldGen: 367522K->367522K(367616K)] 506274K->401746K(528896K) [PSPermGen: 13624K->13624K(21504K)], 0.0743070 secs] [Times: user=0.52 sys=0.00, real=0.08 secs] 
69.694: Total time for which application threads were stopped: 0.0749420 seconds, Stopping threads took: 0.0000490 seconds
69.719: Application time: 0.0250670 seconds
69.720: [Full GC [PSYoungGen: 138752K->34183K(161280K)] [ParOldGen: 367522K->367522K(367616K)] 506274K->401706K(528896K) [PSPermGen: 13624K->13624K(21504K)], 0.0733740 secs] [Times: user=0.51 sys=0.00, real=0.08 secs] 
69.793: Total time for which application threads were stopped: 0.0740240 seconds, Stopping threads took: 0.0000450 seconds
69.818: Application time: 0.0243450 seconds
69.820: [Full GC [PSYoungGen: 138752K->34186K(161280K)] [ParOldGen: 367522K->367522K(367616K)] 506274K->401708K(528896K) [PSPermGen: 13624K->13624K(21504K)], 0.0737440 secs] [Times: user=0.52 sys=0.00, real=0.08 secs] 
69.894: Total time for which application threads were stopped: 0.0761640 seconds, Stopping threads took: 0.0018350 seconds
69.918: Application time: 0.0244200 seconds
69.919: [Full GC [PSYoungGen: 138752K->34199K(161280K)] [ParOldGen: 367522K->367522K(367616K)] 506274K->401722K(528896K) [PSPermGen: 13624K->13624K(21504K)], 0.0746090 secs] [Times: user=0.51 sys=0.00, real=0.08 secs] 
69.993: Total time for which application threads were stopped: 0.0752740 seconds, Stopping threads took: 0.0000730 seconds
70.018: Application time: 0.0244690 seconds
70.020: [Full GC [PSYoungGen: 138752K->34215K(161280K)] [ParOldGen: 367522K->367522K(367616K)] 506274K->401738K(528896K) [PSPermGen: 13624K->13624K(21504K)], 0.0734090 secs] [Times: user=0.51 sys=0.00, real=0.08 secs] 
70.093: Total time for which application threads were stopped: 0.0755210 seconds, Stopping threads took: 0.0014850 seconds
70.118: Application time: 0.0245010 seconds
70.119: [Full GC [PSYoungGen: 138752K->34226K(161280K)] [ParOldGen: 367522K->367522K(367616K)] 506274K->401749K(528896K) [PSPermGen: 13624K->13624K(21504K)], 0.0736770 secs] [Times: user=0.52 sys=0.01, real=0.08 secs] 
70.193: Total time for which application threads were stopped: 0.0753150 seconds, Stopping threads took: 0.0010500 seconds
70.218: Application time: 0.0246570 seconds
70.218: [Full GC [PSYoungGen: 138752K->34243K(161280K)] [ParOldGen: 367522K->367522K(367616K)] 506274K->401766K(528896K) [PSPermGen: 13624K->13624K(21504K)], 0.0737410 secs] [Times: user=0.52 sys=0.00, real=0.08 secs] 
70.292: Total time for which application threads were stopped: 0.0743710 seconds, Stopping threads took: 0.0000540 seconds
70.317: Application time: 0.0247660 seconds
70.318: [Full GC [PSYoungGen: 138752K->34261K(161280K)] [ParOldGen: 367522K->367522K(367616K)] 506274K->401784K(528896K) [PSPermGen: 13624K->13624K(21504K)], 0.0739730 secs] [Times: user=0.52 sys=0.00, real=0.08 secs] 
70.392: Total time for which application threads were stopped: 0.0746140 seconds, Stopping threads took: 0.0000430 seconds
70.416: Application time: 0.0243630 seconds
70.417: [Full GC [PSYoungGen: 138752K->34275K(161280K)] [ParOldGen: 367522K->367522K(367616K)] 506274K->401797K(528896K) [PSPermGen: 13624K->13624K(21504K)], 0.0733550 secs] [Times: user=0.52 sys=0.00, real=0.07 secs] 
70.490: Total time for which application threads were stopped: 0.0739730 seconds, Stopping threads took: 0.0000510 seconds
70.515: Application time: 0.0246490 seconds
70.515: [Full GC [PSYoungGen: 138752K->34288K(161280K)] [ParOldGen: 367522K->367522K(367616K)] 506274K->401811K(528896K) [PSPermGen: 13624K->13624K(21504K)], 0.0737300 secs] [Times: user=0.52 sys=0.00, real=0.07 secs] 
70.589: Total time for which application threads were stopped: 0.0743480 seconds, Stopping threads took: 0.0000540 seconds
70.614: Application time: 0.0250180 seconds
70.615: [Full GC [PSYoungGen: 138752K->34302K(161280K)] [ParOldGen: 367522K->367522K(367616K)] 506274K->401825K(528896K) [PSPermGen: 13624K->13624K(21504K)], 0.0743360 secs] [Times: user=0.53 sys=0.00, real=0.07 secs] 
70.689: Total time for which application threads were stopped: 0.0749680 seconds, Stopping threads took: 0.0000500 seconds
70.714: Application time: 0.0246180 seconds
70.714: [Full GC [PSYoungGen: 138752K->34319K(161280K)] [ParOldGen: 367522K->367522K(367616K)] 506274K->401841K(528896K) [PSPermGen: 13624K->13624K(21504K)], 0.0736170 secs] [Times: user=0.52 sys=0.00, real=0.07 secs] 
70.788: Total time for which application threads were stopped: 0.0743000 seconds, Stopping threads took: 0.0001080 seconds
70.812: Application time: 0.0245430 seconds
70.816: [Full GC [PSYoungGen: 138752K->34334K(161280K)] [ParOldGen: 367522K->367522K(367616K)] 506274K->401856K(528896K) [PSPermGen: 13624K->13624K(21504K)], 0.0743020 secs] [Times: user=0.52 sys=0.00, real=0.07 secs] 
70.890: Total time for which application threads were stopped: 0.0778110 seconds, Stopping threads took: 0.0029180 seconds
70.914: Application time: 0.0237230 seconds
70.915: [Full GC [PSYoungGen: 138752K->34349K(161280K)] [ParOldGen: 367522K->367522K(367616K)] 506274K->401872K(528896K) [PSPermGen: 13624K->13624K(21504K)], 0.0741400 secs] [Times: user=0.51 sys=0.00, real=0.07 secs] 
70.989: Total time for which application threads were stopped: 0.0747980 seconds, Stopping threads took: 0.0000610 seconds
71.014: Application time: 0.0248920 seconds
71.014: [Full GC [PSYoungGen: 138752K->34363K(161280K)] [ParOldGen: 367522K->367522K(367616K)] 506274K->401885K(528896K) [PSPermGen: 13624K->13624K(21504K)], 0.0739510 secs] [Times: user=0.51 sys=0.00, real=0.07 secs] 
71.088: Total time for which application threads were stopped: 0.0745570 seconds, Stopping threads took: 0.0000520 seconds
71.112: Application time: 0.0239560 seconds
71.113: [Full GC [PSYoungGen: 138752K->34378K(161280K)] [ParOldGen: 367522K->367522K(367616K)] 506274K->401900K(528896K) [PSPermGen: 13624K->13624K(21504K)], 0.0738220 secs] [Times: user=0.53 sys=0.00, real=0.07 secs] 
71.187: Total time for which application threads were stopped: 0.0745100 seconds, Stopping threads took: 0.0000560 seconds
71.211: Application time: 0.0238660 seconds
71.211: [Full GC [PSYoungGen: 138752K->34388K(161280K)] [ParOldGen: 367522K->367522K(367616K)] 506274K->401910K(528896K) [PSPermGen: 13624K->13624K(21504K)], 0.0734090 secs] [Times: user=0.52 sys=0.00, real=0.08 secs] 
71.285: Total time for which application threads were stopped: 0.0740340 seconds, Stopping threads took: 0.0000490 seconds
71.309: Application time: 0.0243000 seconds
71.309: [Full GC [PSYoungGen: 138752K->34409K(161280K)] [ParOldGen: 367522K->367522K(367616K)] 506274K->401931K(528896K) [PSPermGen: 13624K->13624K(21504K)], 0.0738950 secs] [Times: user=0.52 sys=0.00, real=0.08 secs] 
71.383: Total time for which application threads were stopped: 0.0744950 seconds, Stopping threads took: 0.0000340 seconds
71.407: Application time: 0.0240340 seconds
71.408: [Full GC [PSYoungGen: 138752K->34423K(161280K)] [ParOldGen: 367522K->367522K(367616K)] 506274K->401945K(528896K) [PSPermGen: 13624K->13624K(21504K)], 0.0744370 secs] [Times: user=0.52 sys=0.00, real=0.07 secs] 
71.483: Total time for which application threads were stopped: 0.0750480 seconds, Stopping threads took: 0.0000550 seconds
71.508: Application time: 0.0255840 seconds
71.509: [Full GC [PSYoungGen: 138752K->34437K(161280K)] [ParOldGen: 367522K->367522K(367616K)] 506274K->401959K(528896K) [PSPermGen: 13624K->13624K(21504K)], 0.0741200 secs] [Times: user=0.52 sys=0.00, real=0.07 secs] 
71.583: Total time for which application threads were stopped: 0.0747680 seconds, Stopping threads took: 0.0000580 seconds
71.607: Application time: 0.0242420 seconds
71.608: [Full GC [PSYoungGen: 138752K->34455K(161280K)] [ParOldGen: 367522K->367522K(367616K)] 506274K->401978K(528896K) [PSPermGen: 13624K->13624K(21504K)], 0.0747480 secs] [Times: user=0.52 sys=0.01, real=0.07 secs] 
71.683: Total time for which application threads were stopped: 0.0753870 seconds, Stopping threads took: 0.0000530 seconds
71.707: Application time: 0.0240200 seconds
71.707: [Full GC [PSYoungGen: 138752K->34470K(161280K)] [ParOldGen: 367522K->367522K(367616K)] 506274K->401993K(528896K) [PSPermGen: 13624K->13624K(21504K)], 0.0740300 secs] [Times: user=0.53 sys=0.00, real=0.07 secs] 
71.781: Total time for which application threads were stopped: 0.0746890 seconds, Stopping threads took: 0.0000380 seconds
71.806: Application time: 0.0244850 seconds
71.806: [Full GC [PSYoungGen: 138752K->34484K(161280K)] [ParOldGen: 367522K->367522K(367616K)] 506274K->402007K(528896K) [PSPermGen: 13624K->13624K(21504K)], 0.0738470 secs] [Times: user=0.52 sys=0.00, real=0.07 secs] 
71.880: Total time for which application threads were stopped: 0.0745290 seconds, Stopping threads took: 0.0000480 seconds
71.904: Application time: 0.0238340 seconds
71.905: [Full GC [PSYoungGen: 138752K->34498K(161280K)] [ParOldGen: 367522K->367522K(367616K)] 506274K->402021K(528896K) [PSPermGen: 13624K->13624K(21504K)], 0.0733400 secs] [Times: user=0.52 sys=0.00, real=0.07 secs] 
71.978: Total time for which application threads were stopped: 0.0740230 seconds, Stopping threads took: 0.0000490 seconds
72.002: Application time: 0.0241770 seconds
72.003: [Full GC [PSYoungGen: 138752K->34512K(161280K)] [ParOldGen: 367522K->367522K(367616K)] 506274K->402035K(528896K) [PSPermGen: 13624K->13624K(21504K)], 0.0740030 secs] [Times: user=0.52 sys=0.00, real=0.08 secs] 
72.077: Total time for which application threads were stopped: 0.0746240 seconds, Stopping threads took: 0.0000510 seconds
72.102: Application time: 0.0253210 seconds
72.103: [Full GC [PSYoungGen: 138752K->34354K(161280K)] [ParOldGen: 367522K->367522K(367616K)] 506274K->401876K(528896K) [PSPermGen: 13624K->13624K(21504K)], 0.0740690 secs] [Times: user=0.51 sys=0.00, real=0.08 secs] 
72.177: Total time for which application threads were stopped: 0.0747900 seconds, Stopping threads took: 0.0000670 seconds
72.202: Application time: 0.0246240 seconds
72.202: [Full GC [PSYoungGen: 138752K->34271K(161280K)] [ParOldGen: 367522K->367522K(367616K)] 506274K->401794K(528896K) [PSPermGen: 13624K->13624K(21504K)], 0.0734680 secs] [Times: user=0.52 sys=0.00, real=0.08 secs] 
72.276: Total time for which application threads were stopped: 0.0741450 seconds, Stopping threads took: 0.0001110 seconds
72.300: Application time: 0.0244240 seconds
72.301: [Full GC [PSYoungGen: 138752K->34277K(161280K)] [ParOldGen: 367522K->367522K(367616K)] 506274K->401800K(528896K) [PSPermGen: 13624K->13624K(21504K)], 0.0739770 secs] [Times: user=0.52 sys=0.00, real=0.08 secs] 
72.375: Total time for which application threads were stopped: 0.0745990 seconds, Stopping threads took: 0.0000600 seconds
72.399: Application time: 0.0243490 seconds
72.400: [Full GC [PSYoungGen: 138752K->34291K(161280K)] [ParOldGen: 367522K->367522K(367616K)] 506274K->401813K(528896K) [PSPermGen: 13624K->13624K(21504K)], 0.0735670 secs] [Times: user=0.52 sys=0.00, real=0.08 secs] 
72.473: Total time for which application threads were stopped: 0.0742140 seconds, Stopping threads took: 0.0000670 seconds
72.498: Application time: 0.0245020 seconds
72.498: [Full GC [PSYoungGen: 138752K->34306K(161280K)] [ParOldGen: 367522K->367522K(367616K)] 506274K->401829K(528896K) [PSPermGen: 13624K->13624K(21504K)], 0.0753550 secs] [Times: user=0.52 sys=0.00, real=0.08 secs] 
72.574: Total time for which application threads were stopped: 0.0759690 seconds, Stopping threads took: 0.0000450 seconds
72.598: Application time: 0.0244580 seconds
72.599: [Full GC [PSYoungGen: 138752K->34323K(161280K)] [ParOldGen: 367522K->367522K(367616K)] 506274K->401846K(528896K) [PSPermGen: 13624K->13624K(21504K)], 0.0747490 secs] [Times: user=0.52 sys=0.00, real=0.08 secs] 
72.674: Total time for which application threads were stopped: 0.0754030 seconds, Stopping threads took: 0.0000700 seconds
72.699: Application time: 0.0248940 seconds
72.704: [Full GC [PSYoungGen: 138752K->34335K(161280K)] [ParOldGen: 367522K->367522K(367616K)] 506274K->401858K(528896K) [PSPermGen: 13624K->13624K(21504K)], 0.0743270 secs] [Times: user=0.53 sys=0.00, real=0.07 secs] 
72.778: Total time for which application threads were stopped: 0.0796410 seconds, Stopping threads took: 0.0047340 seconds
72.802: Application time: 0.0241870 seconds
72.804: [Full GC [PSYoungGen: 138752K->34352K(161280K)] [ParOldGen: 367522K->367522K(367616K)] 506274K->401874K(528896K) [PSPermGen: 13624K->13624K(21504K)], 0.0741030 secs] [Times: user=0.52 sys=0.00, real=0.07 secs] 
72.878: Total time for which application threads were stopped: 0.0755690 seconds, Stopping threads took: 0.0009120 seconds
72.903: Application time: 0.0245360 seconds
72.903: [Full GC [PSYoungGen: 138752K->34368K(161280K)] [ParOldGen: 367522K->367522K(367616K)] 506274K->401890K(528896K) [PSPermGen: 13624K->13624K(21504K)], 0.0740680 secs] [Times: user=0.53 sys=0.00, real=0.08 secs] 
72.977: Total time for which application threads were stopped: 0.0747510 seconds, Stopping threads took: 0.0000490 seconds
73.002: Application time: 0.0248770 seconds
73.003: [Full GC [PSYoungGen: 138752K->34326K(161280K)] [ParOldGen: 367522K->367522K(367616K)] 506274K->401848K(528896K) [PSPermGen: 13624K->13624K(21504K)], 0.0746220 secs] [Times: user=0.52 sys=0.00, real=0.08 secs] 
73.078: Total time for which application threads were stopped: 0.0752980 seconds, Stopping threads took: 0.0000940 seconds
73.102: Application time: 0.0245460 seconds
73.103: [Full GC [PSYoungGen: 138752K->34273K(161280K)] [ParOldGen: 367522K->367522K(367616K)] 506274K->401795K(528896K) [PSPermGen: 13624K->13624K(21504K)], 0.0740010 secs] [Times: user=0.52 sys=0.00, real=0.08 secs] 
73.177: Total time for which application threads were stopped: 0.0746830 seconds, Stopping threads took: 0.0001010 seconds
73.201: Application time: 0.0244730 seconds
73.202: [Full GC [PSYoungGen: 138752K->34200K(161280K)] [ParOldGen: 367522K->367522K(367616K)] 506274K->401722K(528896K) [PSPermGen: 13624K->13624K(21504K)], 0.0733410 secs] [Times: user=0.52 sys=0.00, real=0.08 secs] 
73.275: Total time for which application threads were stopped: 0.0740140 seconds, Stopping threads took: 0.0000990 seconds
73.300: Application time: 0.0243750 seconds
73.300: [Full GC [PSYoungGen: 138752K->34217K(161280K)] [ParOldGen: 367522K->367522K(367616K)] 506274K->401740K(528896K) [PSPermGen: 13624K->13624K(21504K)], 0.0730420 secs] [Times: user=0.51 sys=0.00, real=0.08 secs] 
73.373: Total time for which application threads were stopped: 0.0737130 seconds, Stopping threads took: 0.0000760 seconds
73.398: Application time: 0.0244720 seconds
73.398: [Full GC [PSYoungGen: 138752K->34229K(161280K)] [ParOldGen: 367522K->367522K(367616K)] 506274K->401752K(528896K) [PSPermGen: 13624K->13624K(21504K)], 0.0741120 secs] [Times: user=0.52 sys=0.00, real=0.08 secs] 
73.473: Total time for which application threads were stopped: 0.0748480 seconds, Stopping threads took: 0.0001540 seconds
73.497: Application time: 0.0241730 seconds
73.497: [Full GC [PSYoungGen: 138752K->34246K(161280K)] [ParOldGen: 367522K->367522K(367616K)] 506274K->401768K(528896K) [PSPermGen: 13624K->13624K(21504K)], 0.0730420 secs] [Times: user=0.51 sys=0.00, real=0.07 secs] 
73.571: Total time for which application threads were stopped: 0.0736600 seconds, Stopping threads took: 0.0000450 seconds
73.595: Application time: 0.0242620 seconds
73.595: [Full GC [PSYoungGen: 138752K->34258K(161280K)] [ParOldGen: 367522K->367522K(367616K)] 506274K->401780K(528896K) [PSPermGen: 13624K->13624K(21504K)], 0.0753710 secs] [Times: user=0.52 sys=0.00, real=0.07 secs] 
73.671: Total time for which application threads were stopped: 0.0760660 seconds, Stopping threads took: 0.0000460 seconds
73.696: Application time: 0.0248030 seconds
73.696: [Full GC [PSYoungGen: 138752K->34221K(161280K)] [ParOldGen: 367522K->367522K(367616K)] 506274K->401744K(528896K) [PSPermGen: 13624K->13624K(21504K)], 0.0736330 secs] [Times: user=0.52 sys=0.00, real=0.07 secs] 
73.770: Total time for which application threads were stopped: 0.0742860 seconds, Stopping threads took: 0.0000650 seconds
73.794: Application time: 0.0244520 seconds
73.795: [Full GC [PSYoungGen: 138752K->34218K(161280K)] [ParOldGen: 367522K->367522K(367616K)] 506274K->401741K(528896K) [PSPermGen: 13624K->13624K(21504K)], 0.0732240 secs] [Times: user=0.52 sys=0.00, real=0.07 secs] 
73.868: Total time for which application threads were stopped: 0.0738790 seconds, Stopping threads took: 0.0000630 seconds
73.892: Application time: 0.0240320 seconds
73.893: [Full GC [PSYoungGen: 138752K->34236K(161280K)] [ParOldGen: 367522K->367522K(367616K)] 506274K->401759K(528896K) [PSPermGen: 13624K->13624K(21504K)], 0.0730790 secs] [Times: user=0.51 sys=0.00, real=0.07 secs] 
73.966: Total time for which application threads were stopped: 0.0737420 seconds, Stopping threads took: 0.0000710 seconds
73.990: Application time: 0.0238610 seconds
73.990: [Full GC [PSYoungGen: 138752K->34249K(161280K)] [ParOldGen: 367522K->367522K(367616K)] 506274K->401772K(528896K) [PSPermGen: 13624K->13624K(21504K)], 0.0747600 secs] [Times: user=0.52 sys=0.00, real=0.08 secs] 
74.065: Total time for which application threads were stopped: 0.0753660 seconds, Stopping threads took: 0.0000530 seconds
74.090: Application time: 0.0247410 seconds
74.091: [Full GC [PSYoungGen: 138752K->34266K(161280K)] [ParOldGen: 367522K->367522K(367616K)] 506274K->401788K(528896K) [PSPermGen: 13624K->13624K(21504K)], 0.0732520 secs] [Times: user=0.51 sys=0.00, real=0.08 secs] 
74.164: Total time for which application threads were stopped: 0.0739150 seconds, Stopping threads took: 0.0000610 seconds
74.188: Application time: 0.0243840 seconds
74.189: [Full GC [PSYoungGen: 138752K->34281K(161280K)] [ParOldGen: 367522K->367522K(367616K)] 506274K->401804K(528896K) [PSPermGen: 13624K->13624K(21504K)], 0.0737970 secs] [Times: user=0.52 sys=0.00, real=0.07 secs] 
74.263: Total time for which application threads were stopped: 0.0744260 seconds, Stopping threads took: 0.0000650 seconds
74.288: Application time: 0.0248290 seconds
74.288: [Full GC [PSYoungGen: 138752K->34294K(161280K)] [ParOldGen: 367522K->367522K(367616K)] 506274K->401817K(528896K) [PSPermGen: 13624K->13624K(21504K)], 0.0731690 secs] [Times: user=0.52 sys=0.00, real=0.07 secs] 
74.361: Total time for which application threads were stopped: 0.0738090 seconds, Stopping threads took: 0.0000640 seconds
74.386: Application time: 0.0247680 seconds
74.387: [Full GC [PSYoungGen: 138752K->34309K(161280K)] [ParOldGen: 367522K->367522K(367616K)] 506274K->401831K(528896K) [PSPermGen: 13624K->13624K(21504K)], 0.0742870 secs] [Times: user=0.53 sys=0.00, real=0.07 secs] 
74.461: Total time for which application threads were stopped: 0.0749230 seconds, Stopping threads took: 0.0000520 seconds
74.486: Application time: 0.0244030 seconds
74.486: [Full GC [PSYoungGen: 138752K->34325K(161280K)] [ParOldGen: 367522K->367522K(367616K)] 506274K->401847K(528896K) [PSPermGen: 13624K->13624K(21504K)], 0.0750490 secs] [Times: user=0.53 sys=0.00, real=0.07 secs] 
74.561: Total time for which application threads were stopped: 0.0757560 seconds, Stopping threads took: 0.0000460 seconds
74.585: Application time: 0.0240680 seconds
74.586: [Full GC [PSYoungGen: 138752K->34337K(161280K)] [ParOldGen: 367522K->367522K(367616K)] 506274K->401860K(528896K) [PSPermGen: 13624K->13624K(21504K)], 0.0744950 secs] [Times: user=0.52 sys=0.00, real=0.07 secs] 
74.661: Total time for which application threads were stopped: 0.0751880 seconds, Stopping threads took: 0.0000560 seconds
74.685: Application time: 0.0240150 seconds
74.685: [Full GC [PSYoungGen: 138752K->34351K(161280K)] [ParOldGen: 367522K->367522K(367616K)] 506274K->401874K(528896K) [PSPermGen: 13624K->13624K(21504K)], 0.0742340 secs] [Times: user=0.53 sys=0.00, real=0.07 secs] 
74.759: Total time for which application threads were stopped: 0.0749030 seconds, Stopping threads took: 0.0000700 seconds
74.784: Application time: 0.0240460 seconds
74.784: [Full GC [PSYoungGen: 138752K->34368K(161280K)] [ParOldGen: 367522K->367522K(367616K)] 506274K->401890K(528896K) [PSPermGen: 13624K->13624K(21504K)], 0.0737540 secs] [Times: user=0.52 sys=0.00, real=0.07 secs] 
74.858: Total time for which application threads were stopped: 0.0744440 seconds, Stopping threads took: 0.0001160 seconds
74.882: Application time: 0.0241290 seconds
74.883: [Full GC [PSYoungGen: 138752K->34379K(161280K)] [ParOldGen: 367522K->367522K(367616K)] 506274K->401902K(528896K) [PSPermGen: 13624K->13624K(21504K)], 0.0735920 secs] [Times: user=0.52 sys=0.00, real=0.08 secs] 
74.956: Total time for which application threads were stopped: 0.0742500 seconds, Stopping threads took: 0.0000800 seconds
74.980: Application time: 0.0240670 seconds
74.981: [Full GC [PSYoungGen: 138752K->34396K(161280K)] [ParOldGen: 367522K->367522K(367616K)] 506274K->401918K(528896K) [PSPermGen: 13624K->13624K(21504K)], 0.0737560 secs] [Times: user=0.52 sys=0.00, real=0.08 secs] 
75.055: Total time for which application threads were stopped: 0.0744650 seconds, Stopping threads took: 0.0001140 seconds
75.080: Application time: 0.0247020 seconds
75.080: [Full GC [PSYoungGen: 138752K->34412K(161280K)] [ParOldGen: 367522K->367522K(367616K)] 506274K->401934K(528896K) [PSPermGen: 13624K->13624K(21504K)], 0.0731530 secs] [Times: user=0.51 sys=0.00, real=0.08 secs] 
75.153: Total time for which application threads were stopped: 0.0738270 seconds, Stopping threads took: 0.0000680 seconds
75.178: Application time: 0.0241730 seconds
75.178: [Full GC [PSYoungGen: 138752K->34431K(161280K)] [ParOldGen: 367522K->367522K(367616K)] 506274K->401953K(528896K) [PSPermGen: 13624K->13624K(21504K)], 0.0735040 secs] [Times: user=0.52 sys=0.00, real=0.08 secs] 
75.252: Total time for which application threads were stopped: 0.0742150 seconds, Stopping threads took: 0.0000840 seconds
75.276: Application time: 0.0240090 seconds
75.276: [Full GC [PSYoungGen: 138752K->34445K(161280K)] [ParOldGen: 367522K->367522K(367616K)] 506274K->401968K(528896K) [PSPermGen: 13624K->13624K(21504K)], 0.0736220 secs] [Times: user=0.52 sys=0.00, real=0.07 secs] 
75.350: Total time for which application threads were stopped: 0.0743500 seconds, Stopping threads took: 0.0000880 seconds
75.374: Application time: 0.0239960 seconds
75.375: [Full GC [PSYoungGen: 138752K->34460K(161280K)] [ParOldGen: 367522K->367522K(367616K)] 506274K->401983K(528896K) [PSPermGen: 13624K->13624K(21504K)], 0.0739050 secs] [Times: user=0.51 sys=0.00, real=0.07 secs] 
75.449: Total time for which application threads were stopped: 0.0746370 seconds, Stopping threads took: 0.0000810 seconds
75.473: Application time: 0.0241490 seconds
75.474: [Full GC [PSYoungGen: 138752K->34472K(161280K)] [ParOldGen: 367522K->367522K(367616K)] 506274K->401994K(528896K) [PSPermGen: 13624K->13624K(21504K)], 0.0740590 secs] [Times: user=0.51 sys=0.00, real=0.07 secs] 
75.548: Total time for which application threads were stopped: 0.0747620 seconds, Stopping threads took: 0.0000700 seconds
75.573: Application time: 0.0253090 seconds
75.574: [Full GC [PSYoungGen: 138752K->34490K(161280K)] [ParOldGen: 367522K->367522K(367616K)] 506274K->402012K(528896K) [PSPermGen: 13624K->13624K(21504K)], 0.0765020 secs] [Times: user=0.54 sys=0.00, real=0.07 secs] 
75.650: Total time for which application threads were stopped: 0.0771490 seconds, Stopping threads took: 0.0000650 seconds
75.675: Application time: 0.0251670 seconds
75.676: [Full GC [PSYoungGen: 138752K->34449K(161280K)] [ParOldGen: 367522K->367522K(367616K)] 506274K->401972K(528896K) [PSPermGen: 13624K->13624K(21504K)], 0.0739320 secs] [Times: user=0.52 sys=0.00, real=0.07 secs] 
75.750: Total time for which application threads were stopped: 0.0745690 seconds, Stopping threads took: 0.0000560 seconds
75.775: Application time: 0.0253550 seconds
75.776: [Full GC [PSYoungGen: 138752K->34285K(161280K)] [ParOldGen: 367522K->367522K(367616K)] 506274K->401807K(528896K) [PSPermGen: 13624K->13624K(21504K)], 0.0739080 secs] [Times: user=0.52 sys=0.00, real=0.07 secs] 
75.850: Total time for which application threads were stopped: 0.0745530 seconds, Stopping threads took: 0.0000700 seconds
75.874: Application time: 0.0245990 seconds
75.875: [Full GC [PSYoungGen: 138752K->34252K(161280K)] [ParOldGen: 367522K->367522K(367616K)] 506274K->401774K(528896K) [PSPermGen: 13624K->13624K(21504K)], 0.0740570 secs] [Times: user=0.52 sys=0.00, real=0.07 secs] 
75.949: Total time for which application threads were stopped: 0.0747290 seconds, Stopping threads took: 0.0000970 seconds
75.974: Application time: 0.0248730 seconds
75.975: [Full GC [PSYoungGen: 138752K->34267K(161280K)] [ParOldGen: 367522K->367522K(367616K)] 506274K->401789K(528896K) [PSPermGen: 13624K->13624K(21504K)], 0.0741730 secs] [Times: user=0.51 sys=0.00, real=0.07 secs] 
76.049: Total time for which application threads were stopped: 0.0747980 seconds, Stopping threads took: 0.0000540 seconds
76.073: Application time: 0.0245810 seconds
76.074: [Full GC [PSYoungGen: 138752K->34281K(161280K)] [ParOldGen: 367522K->367522K(367616K)] 506274K->401804K(528896K) [PSPermGen: 13624K->13624K(21504K)], 0.0744740 secs] [Times: user=0.52 sys=0.00, real=0.07 secs] 
76.149: Total time for which application threads were stopped: 0.0751590 seconds, Stopping threads took: 0.0000550 seconds
76.173: Application time: 0.0246400 seconds
76.174: [Full GC [PSYoungGen: 138752K->34297K(161280K)] [ParOldGen: 367522K->367522K(367616K)] 506274K->401819K(528896K) [PSPermGen: 13624K->13624K(21504K)], 0.0734780 secs] [Times: user=0.52 sys=0.00, real=0.07 secs] 
76.247: Total time for which application threads were stopped: 0.0741300 seconds, Stopping threads took: 0.0000480 seconds
76.272: Application time: 0.0246220 seconds
76.273: [Full GC [PSYoungGen: 138752K->34313K(161280K)] [ParOldGen: 367522K->367522K(367616K)] 506274K->401835K(528896K) [PSPermGen: 13624K->13624K(21504K)], 0.0736200 secs] [Times: user=0.52 sys=0.00, real=0.07 secs] 
76.346: Total time for which application threads were stopped: 0.0742650 seconds, Stopping threads took: 0.0000460 seconds
76.371: Application time: 0.0243740 seconds
76.371: [Full GC [PSYoungGen: 138752K->34322K(161280K)] [ParOldGen: 367522K->367522K(367616K)] 506274K->401844K(528896K) [PSPermGen: 13624K->13624K(21504K)], 0.0736320 secs] [Times: user=0.51 sys=0.01, real=0.08 secs] 
76.445: Total time for which application threads were stopped: 0.0742510 seconds, Stopping threads took: 0.0000440 seconds
76.469: Application time: 0.0242300 seconds
76.470: [Full GC [PSYoungGen: 138752K->34342K(161280K)] [ParOldGen: 367522K->367522K(367616K)] 506274K->401864K(528896K) [PSPermGen: 13624K->13624K(21504K)], 0.0740290 secs] [Times: user=0.51 sys=0.00, real=0.08 secs] 
76.544: Total time for which application threads were stopped: 0.0746520 seconds, Stopping threads took: 0.0000550 seconds
76.568: Application time: 0.0246400 seconds
76.569: [Full GC [PSYoungGen: 138752K->34359K(161280K)] [ParOldGen: 367522K->367522K(367616K)] 506274K->401881K(528896K) [PSPermGen: 13624K->13624K(21504K)], 0.0741340 secs] [Times: user=0.52 sys=0.00, real=0.07 secs] 
76.643: Total time for which application threads were stopped: 0.0747740 seconds, Stopping threads took: 0.0000620 seconds
76.668: Application time: 0.0244100 seconds
76.668: [Full GC [PSYoungGen: 138752K->34372K(161280K)] [ParOldGen: 367522K->367522K(367616K)] 506274K->401894K(528896K) [PSPermGen: 13624K->13624K(21504K)], 0.0734750 secs] [Times: user=0.52 sys=0.00, real=0.07 secs] 
76.742: Total time for which application threads were stopped: 0.0741960 seconds, Stopping threads took: 0.0000660 seconds
76.766: Application time: 0.0239970 seconds
76.766: [Full GC [PSYoungGen: 138752K->34384K(161280K)] [ParOldGen: 367522K->367522K(367616K)] 506274K->401906K(528896K) [PSPermGen: 13624K->13624K(21504K)], 0.0746990 secs] [Times: user=0.51 sys=0.00, real=0.07 secs] 
76.841: Total time for which application threads were stopped: 0.0753250 seconds, Stopping threads took: 0.0000570 seconds
76.866: Application time: 0.0247290 seconds
76.867: [Full GC [PSYoungGen: 138752K->34348K(161280K)] [ParOldGen: 367522K->367522K(367616K)] 506274K->401871K(528896K) [PSPermGen: 13624K->13624K(21504K)], 0.0744320 secs] [Times: user=0.53 sys=0.00, real=0.07 secs] 
76.941: Total time for which application threads were stopped: 0.0751440 seconds, Stopping threads took: 0.0000670 seconds
76.966: Application time: 0.0248080 seconds
76.966: [Full GC [PSYoungGen: 138752K->34289K(161280K)] [ParOldGen: 367522K->367522K(367616K)] 506274K->401812K(528896K) [PSPermGen: 13624K->13624K(21504K)], 0.0734830 secs] [Times: user=0.52 sys=0.00, real=0.07 secs] 
77.040: Total time for which application threads were stopped: 0.0741180 seconds, Stopping threads took: 0.0000680 seconds
77.066: Application time: 0.0263590 seconds
77.067: [Full GC [PSYoungGen: 138752K->34227K(161280K)] [ParOldGen: 367522K->367522K(367616K)] 506274K->401750K(528896K) [PSPermGen: 13625K->13625K(21504K)], 0.0737420 secs] [Times: user=0.52 sys=0.00, real=0.07 secs] 
77.141: Total time for which application threads were stopped: 0.0743730 seconds, Stopping threads took: 0.0000720 seconds
77.166: Application time: 0.0248190 seconds
77.166: [Full GC [PSYoungGen: 138752K->34236K(161280K)] [ParOldGen: 367522K->367522K(367616K)] 506274K->401759K(528896K) [PSPermGen: 13625K->13625K(21504K)], 0.0736950 secs] [Times: user=0.51 sys=0.00, real=0.07 secs] 
77.240: Total time for which application threads were stopped: 0.0743160 seconds, Stopping threads took: 0.0000550 seconds
77.264: Application time: 0.0242490 seconds
77.265: [Full GC [PSYoungGen: 138752K->34251K(161280K)] [ParOldGen: 367522K->367522K(367616K)] 506274K->401773K(528896K) [PSPermGen: 13625K->13625K(21504K)], 0.0737260 secs] [Times: user=0.52 sys=0.00, real=0.07 secs] 
77.338: Total time for which application threads were stopped: 0.0743690 seconds, Stopping threads took: 0.0000660 seconds
77.363: Application time: 0.0246200 seconds
77.364: [Full GC [PSYoungGen: 138752K->34266K(161280K)] [ParOldGen: 367522K->367522K(367616K)] 506274K->401788K(528896K) [PSPermGen: 13625K->13625K(21504K)], 0.0735290 secs] [Times: user=0.52 sys=0.00, real=0.07 secs] 
77.437: Total time for which application threads were stopped: 0.0741760 seconds, Stopping threads took: 0.0000640 seconds
77.462: Application time: 0.0248880 seconds
77.463: [Full GC [PSYoungGen: 138752K->34277K(161280K)] [ParOldGen: 367522K->367522K(367616K)] 506274K->401800K(528896K) [PSPermGen: 13625K->13625K(21504K)], 0.0737370 secs] [Times: user=0.52 sys=0.00, real=0.08 secs] 
77.537: Total time for which application threads were stopped: 0.0744850 seconds, Stopping threads took: 0.0000650 seconds
77.563: Application time: 0.0259410 seconds
77.563: [Full GC [PSYoungGen: 138752K->34227K(161280K)] [ParOldGen: 367522K->367522K(367616K)] 506274K->401750K(528896K) [PSPermGen: 13625K->13625K(21504K)], 0.0736130 secs] [Times: user=0.52 sys=0.00, real=0.08 secs] 
77.637: Total time for which application threads were stopped: 0.0742290 seconds, Stopping threads took: 0.0000640 seconds
77.663: Application time: 0.0260870 seconds
77.664: [Full GC [PSYoungGen: 138752K->34242K(161280K)] [ParOldGen: 367522K->367522K(367616K)] 506274K->401765K(528896K) [PSPermGen: 13625K->13625K(21504K)], 0.0736980 secs] [Times: user=0.52 sys=0.00, real=0.07 secs] 
77.737: Total time for which application threads were stopped: 0.0744250 seconds, Stopping threads took: 0.0000780 seconds
77.762: Application time: 0.0244320 seconds
77.762: [Full GC [PSYoungGen: 138752K->34257K(161280K)] [ParOldGen: 367522K->367522K(367616K)] 506274K->401780K(528896K) [PSPermGen: 13625K->13625K(21504K)], 0.0740930 secs] [Times: user=0.53 sys=0.00, real=0.08 secs] 
77.837: Total time for which application threads were stopped: 0.0747460 seconds, Stopping threads took: 0.0000840 seconds
77.861: Application time: 0.0244130 seconds
77.862: [Full GC [PSYoungGen: 138752K->34270K(161280K)] [ParOldGen: 367522K->367522K(367616K)] 506274K->401792K(528896K) [PSPermGen: 13625K->13625K(21504K)], 0.0737390 secs] [Times: user=0.52 sys=0.00, real=0.08 secs] 
77.935: Total time for which application threads were stopped: 0.0744340 seconds, Stopping threads took: 0.0000940 seconds
77.960: Application time: 0.0243800 seconds
77.960: [Full GC [PSYoungGen: 138752K->34284K(161280K)] [ParOldGen: 367522K->367522K(367616K)] 506274K->401807K(528896K) [PSPermGen: 13625K->13625K(21504K)], 0.0748330 secs] [Times: user=0.53 sys=0.00, real=0.08 secs] 
78.035: Total time for which application threads were stopped: 0.0755960 seconds, Stopping threads took: 0.0001100 seconds
78.060: Application time: 0.0244370 seconds
78.060: [Full GC [PSYoungGen: 138752K->34300K(161280K)] [ParOldGen: 367522K->367522K(367616K)] 506274K->401822K(528896K) [PSPermGen: 13625K->13625K(21504K)], 0.0737250 secs] [Times: user=0.52 sys=0.00, real=0.08 secs] 
78.134: Total time for which application threads were stopped: 0.0744440 seconds, Stopping threads took: 0.0000640 seconds
78.159: Application time: 0.0242930 seconds
78.159: [Full GC [PSYoungGen: 138752K->34314K(161280K)] [ParOldGen: 367522K->367522K(367616K)] 506274K->401837K(528896K) [PSPermGen: 13625K->13625K(21504K)], 0.0737980 secs] [Times: user=0.53 sys=0.00, real=0.08 secs] 
78.233: Total time for which application threads were stopped: 0.0744720 seconds, Stopping threads took: 0.0000470 seconds
78.257: Application time: 0.0241840 seconds
78.258: [Full GC [PSYoungGen: 138752K->34329K(161280K)] [ParOldGen: 367522K->367522K(367616K)] 506274K->401851K(528896K) [PSPermGen: 13625K->13625K(21504K)], 0.0744650 secs] [Times: user=0.52 sys=0.00, real=0.08 secs] 
78.332: Total time for which application threads were stopped: 0.0751250 seconds, Stopping threads took: 0.0000960 seconds
78.356: Application time: 0.0241160 seconds
78.357: [Full GC [PSYoungGen: 138752K->34344K(161280K)] [ParOldGen: 367522K->367522K(367616K)] 506274K->401866K(528896K) [PSPermGen: 13625K->13625K(21504K)], 0.0740020 secs] [Times: user=0.52 sys=0.00, real=0.07 secs] 
78.431: Total time for which application threads were stopped: 0.0747000 seconds, Stopping threads took: 0.0000630 seconds
78.455: Application time: 0.0238450 seconds
78.456: [Full GC [PSYoungGen: 138752K->34358K(161280K)] [ParOldGen: 367522K->367522K(367616K)] 506274K->401881K(528896K) [PSPermGen: 13625K->13625K(21504K)], 0.0744650 secs] [Times: user=0.53 sys=0.00, real=0.07 secs] 
78.530: Total time for which application threads were stopped: 0.0751040 seconds, Stopping threads took: 0.0000620 seconds
78.554: Application time: 0.0242730 seconds
78.555: [Full GC [PSYoungGen: 138752K->34371K(161280K)] [ParOldGen: 367522K->367522K(367616K)] 506274K->401893K(528896K) [PSPermGen: 13625K->13625K(21504K)], 0.0752930 secs] [Times: user=0.52 sys=0.00, real=0.07 secs] 
78.630: Total time for which application threads were stopped: 0.0759430 seconds, Stopping threads took: 0.0000550 seconds
78.655: Application time: 0.0250140 seconds
78.656: [Full GC [PSYoungGen: 138752K->34389K(161280K)] [ParOldGen: 367522K->367522K(367616K)] 506274K->401912K(528896K) [PSPermGen: 13625K->13625K(21504K)], 0.0751850 secs] [Times: user=0.53 sys=0.00, real=0.07 secs] 
78.731: Total time for which application threads were stopped: 0.0758570 seconds, Stopping threads took: 0.0000750 seconds
78.755: Application time: 0.0242660 seconds
78.756: [Full GC [PSYoungGen: 138752K->34406K(161280K)] [ParOldGen: 367522K->367522K(367616K)] 506274K->401928K(528896K) [PSPermGen: 13625K->13625K(21504K)], 0.0739840 secs] [Times: user=0.52 sys=0.00, real=0.07 secs] 
78.830: Total time for which application threads were stopped: 0.0746380 seconds, Stopping threads took: 0.0000680 seconds
78.855: Application time: 0.0243960 seconds
78.855: [Full GC [PSYoungGen: 138752K->34423K(161280K)] [ParOldGen: 367522K->367522K(367616K)] 506274K->401945K(528896K) [PSPermGen: 13625K->13625K(21504K)], 0.0734240 secs] [Times: user=0.52 sys=0.00, real=0.07 secs] 
78.929: Total time for which application threads were stopped: 0.0741040 seconds, Stopping threads took: 0.0000440 seconds
78.953: Application time: 0.0242820 seconds
78.953: [Full GC [PSYoungGen: 138752K->34437K(161280K)] [ParOldGen: 367522K->367522K(367616K)] 506274K->401959K(528896K) [PSPermGen: 13625K->13625K(21504K)], 0.0739550 secs] [Times: user=0.52 sys=0.00, real=0.07 secs] 
79.028: Total time for which application threads were stopped: 0.0745880 seconds, Stopping threads took: 0.0000580 seconds
79.052: Application time: 0.0242080 seconds
79.052: [Full GC [PSYoungGen: 138752K->34452K(161280K)] [ParOldGen: 367522K->367522K(367616K)] 506274K->401974K(528896K) [PSPermGen: 13625K->13625K(21504K)], 0.0746630 secs] [Times: user=0.52 sys=0.00, real=0.07 secs] 
79.127: Total time for which application threads were stopped: 0.0753490 seconds, Stopping threads took: 0.0000540 seconds
79.153: Application time: 0.0254280 seconds
79.153: [Full GC [PSYoungGen: 138752K->34466K(161280K)] [ParOldGen: 367522K->367522K(367616K)] 506274K->401988K(528896K) [PSPermGen: 13625K->13625K(21504K)], 0.0760590 secs] [Times: user=0.53 sys=0.00, real=0.07 secs] 
79.231: Total time for which application threads were stopped: 0.0782810 seconds, Stopping threads took: 0.0000590 seconds
79.259: Application time: 0.0281500 seconds
79.260: [Full GC [PSYoungGen: 138752K->34536K(161280K)] [ParOldGen: 367522K->367522K(367616K)] 506274K->402058K(528896K) [PSPermGen: 13625K->13625K(21504K)], 0.1255990 secs] [Times: user=0.92 sys=0.00, real=0.13 secs] 
79.385: Total time for which application threads were stopped: 0.1262950 seconds, Stopping threads took: 0.0000820 seconds
79.412: Application time: 0.0263950 seconds
79.412: [Full GC [PSYoungGen: 138752K->34404K(161280K)] [ParOldGen: 367522K->367425K(367616K)] 506274K->401829K(528896K) [PSPermGen: 13625K->13625K(21504K)], 0.0918680 secs] [Times: user=0.66 sys=0.01, real=0.09 secs] 
79.504: Total time for which application threads were stopped: 0.0925720 seconds, Stopping threads took: 0.0000720 seconds
79.529: Application time: 0.0246470 seconds
79.529: [Full GC [PSYoungGen: 138752K->34341K(161280K)] [ParOldGen: 367425K->367425K(367616K)] 506177K->401766K(528896K) [PSPermGen: 13625K->13625K(21504K)], 0.0736440 secs] [Times: user=0.52 sys=0.00, real=0.07 secs] 
79.603: Total time for which application threads were stopped: 0.0742520 seconds, Stopping threads took: 0.0000570 seconds
79.628: Application time: 0.0246620 seconds
79.628: [Full GC [PSYoungGen: 138752K->34338K(161280K)] [ParOldGen: 367425K->367425K(367616K)] 506177K->401764K(528896K) [PSPermGen: 13625K->13625K(21504K)], 0.0754160 secs] [Times: user=0.53 sys=0.00, real=0.08 secs] 
79.704: Total time for which application threads were stopped: 0.0760250 seconds, Stopping threads took: 0.0000510 seconds
79.728: Application time: 0.0246760 seconds
79.729: [Full GC [PSYoungGen: 138752K->34354K(161280K)] [ParOldGen: 367425K->367425K(367616K)] 506177K->401779K(528896K) [PSPermGen: 13625K->13625K(21504K)], 0.0748700 secs] [Times: user=0.53 sys=0.00, real=0.08 secs] 
79.804: Total time for which application threads were stopped: 0.0754910 seconds, Stopping threads took: 0.0000610 seconds
79.828: Application time: 0.0243560 seconds
79.829: [Full GC [PSYoungGen: 138752K->34367K(161280K)] [ParOldGen: 367425K->367425K(367616K)] 506177K->401792K(528896K) [PSPermGen: 13625K->13625K(21504K)], 0.0741830 secs] [Times: user=0.52 sys=0.00, real=0.07 secs] 
79.903: Total time for which application threads were stopped: 0.0748640 seconds, Stopping threads took: 0.0001070 seconds
79.928: Application time: 0.0246000 seconds
79.928: [Full GC [PSYoungGen: 138752K->34384K(161280K)] [ParOldGen: 367425K->367425K(367616K)] 506177K->401810K(528896K) [PSPermGen: 13625K->13625K(21504K)], 0.0738760 secs] [Times: user=0.51 sys=0.00, real=0.07 secs] 
80.002: Total time for which application threads were stopped: 0.0745230 seconds, Stopping threads took: 0.0000740 seconds
80.027: Application time: 0.0246290 seconds
80.028: [Full GC [PSYoungGen: 138752K->34398K(161280K)] [ParOldGen: 367425K->367425K(367616K)] 506177K->401823K(528896K) [PSPermGen: 13625K->13625K(21504K)], 0.0752460 secs] [Times: user=0.51 sys=0.00, real=0.07 secs] 
80.103: Total time for which application threads were stopped: 0.0758950 seconds, Stopping threads took: 0.0000750 seconds
80.128: Application time: 0.0248720 seconds
80.128: [Full GC [PSYoungGen: 138752K->34414K(161280K)] [ParOldGen: 367425K->367425K(367616K)] 506177K->401839K(528896K) [PSPermGen: 13625K->13625K(21504K)], 0.0740230 secs] [Times: user=0.52 sys=0.00, real=0.07 secs] 
80.202: Total time for which application threads were stopped: 0.0746420 seconds, Stopping threads took: 0.0000560 seconds
80.227: Application time: 0.0247310 seconds
80.228: [Full GC [PSYoungGen: 138752K->34430K(161280K)] [ParOldGen: 367425K->367425K(367616K)] 506177K->401856K(528896K) [PSPermGen: 13625K->13625K(21504K)], 0.0737940 secs] [Times: user=0.52 sys=0.00, real=0.07 secs] 
80.302: Total time for which application threads were stopped: 0.0744400 seconds, Stopping threads took: 0.0000540 seconds
80.326: Application time: 0.0243060 seconds
80.327: [Full GC [PSYoungGen: 138752K->34445K(161280K)] [ParOldGen: 367425K->367425K(367616K)] 506177K->401870K(528896K) [PSPermGen: 13625K->13625K(21504K)], 0.0736550 secs] [Times: user=0.52 sys=0.00, real=0.07 secs] 
80.400: Total time for which application threads were stopped: 0.0743300 seconds, Stopping threads took: 0.0000930 seconds
80.425: Application time: 0.0246860 seconds
80.426: [Full GC [PSYoungGen: 138752K->34459K(161280K)] [ParOldGen: 367425K->367425K(367616K)] 506177K->401884K(528896K) [PSPermGen: 13625K->13625K(21504K)], 0.0737110 secs] [Times: user=0.52 sys=0.00, real=0.07 secs] 
80.499: Total time for which application threads were stopped: 0.0744510 seconds, Stopping threads took: 0.0000680 seconds
80.524: Application time: 0.0242880 seconds
80.524: [Full GC [PSYoungGen: 138752K->34474K(161280K)] [ParOldGen: 367425K->367425K(367616K)] 506177K->401900K(528896K) [PSPermGen: 13625K->13625K(21504K)], 0.0753600 secs] [Times: user=0.51 sys=0.00, real=0.07 secs] 
80.600: Total time for which application threads were stopped: 0.0760010 seconds, Stopping threads took: 0.0000560 seconds
80.624: Application time: 0.0241600 seconds
80.624: [Full GC [PSYoungGen: 138752K->34489K(161280K)] [ParOldGen: 367425K->367425K(367616K)] 506177K->401914K(528896K) [PSPermGen: 13625K->13625K(21504K)], 0.0739210 secs] [Times: user=0.52 sys=0.00, real=0.07 secs] 
80.698: Total time for which application threads were stopped: 0.0745480 seconds, Stopping threads took: 0.0000550 seconds
80.723: Application time: 0.0243230 seconds
80.723: [Full GC [PSYoungGen: 138752K->34506K(161280K)] [ParOldGen: 367425K->367425K(367616K)] 506177K->401931K(528896K) [PSPermGen: 13625K->13625K(21504K)], 0.0741340 secs] [Times: user=0.51 sys=0.01, real=0.08 secs] 
80.797: Total time for which application threads were stopped: 0.0747580 seconds, Stopping threads took: 0.0000610 seconds
80.823: Application time: 0.0255230 seconds
80.824: [Full GC [PSYoungGen: 138752K->34409K(161280K)] [ParOldGen: 367425K->367425K(367616K)] 506177K->401835K(528896K) [PSPermGen: 13625K->13625K(21504K)], 0.0733250 secs] [Times: user=0.52 sys=0.00, real=0.07 secs] 
80.897: Total time for which application threads were stopped: 0.0740030 seconds, Stopping threads took: 0.0000880 seconds
80.921: Application time: 0.0239840 seconds
80.922: [Full GC [PSYoungGen: 138752K->34393K(161280K)] [ParOldGen: 367425K->367425K(367616K)] 506177K->401819K(528896K) [PSPermGen: 13625K->13625K(21504K)], 0.0741000 secs] [Times: user=0.52 sys=0.00, real=0.08 secs] 
80.996: Total time for which application threads were stopped: 0.0747070 seconds, Stopping threads took: 0.0000590 seconds
81.021: Application time: 0.0248540 seconds
81.021: [Full GC [PSYoungGen: 138752K->34407K(161280K)] [ParOldGen: 367425K->367425K(367616K)] 506177K->401832K(528896K) [PSPermGen: 13625K->13625K(21504K)], 0.0741200 secs] [Times: user=0.52 sys=0.00, real=0.08 secs] 
81.095: Total time for which application threads were stopped: 0.0747880 seconds, Stopping threads took: 0.0000580 seconds
81.121: Application time: 0.0252710 seconds
81.121: [Full GC [PSYoungGen: 138752K->34368K(161280K)] [ParOldGen: 367425K->367425K(367616K)] 506177K->401793K(528896K) [PSPermGen: 13625K->13625K(21504K)], 0.0739520 secs] [Times: user=0.52 sys=0.00, real=0.08 secs] 
81.195: Total time for which application threads were stopped: 0.0745970 seconds, Stopping threads took: 0.0000650 seconds
81.220: Application time: 0.0251490 seconds
81.221: [Full GC [PSYoungGen: 138752K->34369K(161280K)] [ParOldGen: 367425K->367425K(367616K)] 506177K->401794K(528896K) [PSPermGen: 13625K->13625K(21504K)], 0.0745260 secs] [Times: user=0.52 sys=0.00, real=0.08 secs] 
81.296: Total time for which application threads were stopped: 0.0751510 seconds, Stopping threads took: 0.0000540 seconds
81.320: Application time: 0.0246050 seconds
81.321: [Full GC [PSYoungGen: 138752K->34382K(161280K)] [ParOldGen: 367425K->367425K(367616K)] 506177K->401807K(528896K) [PSPermGen: 13625K->13625K(21504K)], 0.0738910 secs] [Times: user=0.51 sys=0.01, real=0.08 secs] 
81.395: Total time for which application threads were stopped: 0.0745160 seconds, Stopping threads took: 0.0000540 seconds
81.419: Application time: 0.0245290 seconds
81.420: [Full GC [PSYoungGen: 138752K->34398K(161280K)] [ParOldGen: 367425K->367425K(367616K)] 506177K->401823K(528896K) [PSPermGen: 13625K->13625K(21504K)], 0.0745880 secs] [Times: user=0.52 sys=0.01, real=0.08 secs] 
81.494: Total time for which application threads were stopped: 0.0752160 seconds, Stopping threads took: 0.0000510 seconds
81.519: Application time: 0.0247280 seconds
81.520: [Full GC [PSYoungGen: 138752K->34414K(161280K)] [ParOldGen: 367425K->367425K(367616K)] 506177K->401839K(528896K) [PSPermGen: 13625K->13625K(21504K)], 0.0810120 secs] [Times: user=0.57 sys=0.00, real=0.08 secs] 
81.601: Total time for which application threads were stopped: 0.0816590 seconds, Stopping threads took: 0.0000500 seconds
81.626: Application time: 0.0248590 seconds
81.626: [Full GC [PSYoungGen: 138752K->34365K(161280K)] [ParOldGen: 367425K->367425K(367616K)] 506177K->401791K(528896K) [PSPermGen: 13625K->13625K(21504K)], 0.0738540 secs] [Times: user=0.52 sys=0.00, real=0.07 secs] 
81.700: Total time for which application threads were stopped: 0.0745230 seconds, Stopping threads took: 0.0000790 seconds
81.725: Application time: 0.0247040 seconds
81.725: [Full GC [PSYoungGen: 138752K->34372K(161280K)] [ParOldGen: 367425K->367425K(367616K)] 506177K->401798K(528896K) [PSPermGen: 13625K->13625K(21504K)], 0.0736820 secs] [Times: user=0.52 sys=0.00, real=0.07 secs] 
81.799: Total time for which application threads were stopped: 0.0743190 seconds, Stopping threads took: 0.0000570 seconds
81.824: Application time: 0.0247220 seconds
81.825: [Full GC [PSYoungGen: 138752K->34386K(161280K)] [ParOldGen: 367425K->367425K(367616K)] 506177K->401811K(528896K) [PSPermGen: 13625K->13625K(21504K)], 0.0739940 secs] [Times: user=0.53 sys=0.00, real=0.07 secs] 
81.899: Total time for which application threads were stopped: 0.0746180 seconds, Stopping threads took: 0.0000600 seconds
81.923: Application time: 0.0247540 seconds
81.924: [Full GC [PSYoungGen: 138752K->34401K(161280K)] [ParOldGen: 367425K->367425K(367616K)] 506177K->401826K(528896K) [PSPermGen: 13625K->13625K(21504K)], 0.0737600 secs] [Times: user=0.53 sys=0.00, real=0.07 secs] 
81.998: Total time for which application threads were stopped: 0.0744190 seconds, Stopping threads took: 0.0000810 seconds
82.022: Application time: 0.0243910 seconds
82.023: [Full GC [PSYoungGen: 138752K->34417K(161280K)] [ParOldGen: 367425K->367425K(367616K)] 506177K->401842K(528896K) [PSPermGen: 13625K->13625K(21504K)], 0.0742820 secs] [Times: user=0.52 sys=0.00, real=0.08 secs] 
82.097: Total time for which application threads were stopped: 0.0748950 seconds, Stopping threads took: 0.0000610 seconds
82.122: Application time: 0.0252090 seconds
82.123: [Full GC [PSYoungGen: 138752K->34430K(161280K)] [ParOldGen: 367425K->367425K(367616K)] 506177K->401856K(528896K) [PSPermGen: 13625K->13625K(21504K)], 0.0736890 secs] [Times: user=0.52 sys=0.00, real=0.08 secs] 
82.197: Total time for which application threads were stopped: 0.0744150 seconds, Stopping threads took: 0.0000890 seconds
82.221: Application time: 0.0239400 seconds
82.221: [Full GC [PSYoungGen: 138752K->34445K(161280K)] [ParOldGen: 367425K->367425K(367616K)] 506177K->401871K(528896K) [PSPermGen: 13625K->13625K(21504K)], 0.0737700 secs] [Times: user=0.53 sys=0.00, real=0.08 secs] 
82.295: Total time for which application threads were stopped: 0.0745040 seconds, Stopping threads took: 0.0000730 seconds
82.319: Application time: 0.0240170 seconds
82.324: [Full GC [PSYoungGen: 138752K->34460K(161280K)] [ParOldGen: 367425K->367425K(367616K)] 506177K->401886K(528896K) [PSPermGen: 13625K->13625K(21504K)], 0.0995100 secs] [Times: user=0.69 sys=0.00, real=0.10 secs] 
82.424: Total time for which application threads were stopped: 0.1043830 seconds, Stopping threads took: 0.0042460 seconds
82.452: Application time: 0.0281530 seconds
82.452: [Full GC [PSYoungGen: 138752K->34477K(161280K)] [ParOldGen: 367425K->367425K(367616K)] 506177K->401902K(528896K) [PSPermGen: 13625K->13625K(21504K)], 0.0808830 secs] [Times: user=0.52 sys=0.00, real=0.08 secs] 
82.533: Total time for which application threads were stopped: 0.0816090 seconds, Stopping threads took: 0.0001120 seconds
82.560: Application time: 0.0271430 seconds
82.561: [Full GC [PSYoungGen: 138752K->34493K(161280K)] [ParOldGen: 367425K->367425K(367616K)] 506177K->401918K(528896K) [PSPermGen: 13625K->13625K(21504K)], 0.0817180 secs] [Times: user=0.50 sys=0.00, real=0.08 secs] 
82.643: Total time for which application threads were stopped: 0.0825560 seconds, Stopping threads took: 0.0001680 seconds
82.670: Application time: 0.0274380 seconds
82.671: [Full GC [PSYoungGen: 138752K->34506K(161280K)] [ParOldGen: 367425K->367425K(367616K)] 506177K->401931K(528896K) [PSPermGen: 13625K->13625K(21504K)], 0.0832550 secs] [Times: user=0.55 sys=0.00, real=0.09 secs] 
82.754: Total time for which application threads were stopped: 0.0839700 seconds, Stopping threads took: 0.0001070 seconds
82.780: Application time: 0.0260790 seconds
82.781: [Full GC [PSYoungGen: 138752K->34520K(161280K)] [ParOldGen: 367425K->367425K(367616K)] 506177K->401946K(528896K) [PSPermGen: 13625K->13625K(21504K)], 0.0743580 secs] [Times: user=0.51 sys=0.00, real=0.08 secs] 
82.856: Total time for which application threads were stopped: 0.0750950 seconds, Stopping threads took: 0.0001330 seconds
82.880: Application time: 0.0244340 seconds
82.881: [Full GC [PSYoungGen: 138752K->34535K(161280K)] [ParOldGen: 367425K->367425K(367616K)] 506177K->401960K(528896K) [PSPermGen: 13625K->13625K(21504K)], 0.0746650 secs] [Times: user=0.51 sys=0.01, real=0.08 secs] 
82.955: Total time for which application threads were stopped: 0.0753440 seconds, Stopping threads took: 0.0001230 seconds
82.980: Application time: 0.0242670 seconds
82.980: [Full GC [PSYoungGen: 138752K->34550K(161280K)] [ParOldGen: 367425K->367425K(367616K)] 506177K->401975K(528896K) [PSPermGen: 13625K->13625K(21504K)], 0.0735130 secs] [Times: user=0.52 sys=0.00, real=0.08 secs] 
83.054: Total time for which application threads were stopped: 0.0742340 seconds, Stopping threads took: 0.0000960 seconds
83.080: Application time: 0.0257780 seconds
83.080: [Full GC [PSYoungGen: 138752K->34402K(161280K)] [ParOldGen: 367425K->367425K(367616K)] 506177K->401827K(528896K) [PSPermGen: 13625K->13625K(21504K)], 0.0746610 secs] [Times: user=0.52 sys=0.00, real=0.08 secs] 
83.155: Total time for which application threads were stopped: 0.0753520 seconds, Stopping threads took: 0.0000650 seconds
83.181: Application time: 0.0263990 seconds
83.182: [Full GC [PSYoungGen: 138752K->34314K(161280K)] [ParOldGen: 367425K->367425K(367616K)] 506177K->401739K(528896K) [PSPermGen: 13625K->13625K(21504K)], 0.0782690 secs] [Times: user=0.55 sys=0.00, real=0.08 secs] 
83.260: Total time for which application threads were stopped: 0.0789940 seconds, Stopping threads took: 0.0000730 seconds
83.285: Application time: 0.0248130 seconds
83.286: [Full GC [PSYoungGen: 138752K->34315K(161280K)] [ParOldGen: 367425K->367425K(367616K)] 506177K->401740K(528896K) [PSPermGen: 13625K->13625K(21504K)], 0.0735220 secs] [Times: user=0.52 sys=0.00, real=0.07 secs] 
83.359: Total time for which application threads were stopped: 0.0741890 seconds, Stopping threads took: 0.0000720 seconds
83.384: Application time: 0.0247770 seconds
83.385: [Full GC [PSYoungGen: 138752K->34328K(161280K)] [ParOldGen: 367425K->367425K(367616K)] 506177K->401754K(528896K) [PSPermGen: 13625K->13625K(21504K)], 0.0729830 secs] [Times: user=0.52 sys=0.00, real=0.07 secs] 
83.458: Total time for which application threads were stopped: 0.0737000 seconds, Stopping threads took: 0.0000670 seconds
83.483: Application time: 0.0248550 seconds
83.483: [Full GC [PSYoungGen: 138752K->34345K(161280K)] [ParOldGen: 367425K->367425K(367616K)] 506177K->401770K(528896K) [PSPermGen: 13625K->13625K(21504K)], 0.0740820 secs] [Times: user=0.51 sys=0.00, real=0.07 secs] 
83.557: Total time for which application threads were stopped: 0.0747100 seconds, Stopping threads took: 0.0000580 seconds
83.582: Application time: 0.0245160 seconds
83.583: [Full GC [PSYoungGen: 138752K->34358K(161280K)] [ParOldGen: 367425K->367425K(367616K)] 506177K->401783K(528896K) [PSPermGen: 13625K->13625K(21504K)], 0.0758910 secs] [Times: user=0.51 sys=0.00, real=0.08 secs] 
83.659: Total time for which application threads were stopped: 0.0765370 seconds, Stopping threads took: 0.0000740 seconds
83.683: Application time: 0.0245030 seconds
83.684: [Full GC [PSYoungGen: 138752K->34373K(161280K)] [ParOldGen: 367425K->367425K(367616K)] 506177K->401799K(528896K) [PSPermGen: 13625K->13625K(21504K)], 0.0736190 secs] [Times: user=0.52 sys=0.01, real=0.07 secs] 
83.757: Total time for which application threads were stopped: 0.0742520 seconds, Stopping threads took: 0.0000530 seconds
83.782: Application time: 0.0243480 seconds
83.782: [Full GC [PSYoungGen: 138752K->34388K(161280K)] [ParOldGen: 367425K->367425K(367616K)] 506177K->401814K(528896K) [PSPermGen: 13625K->13625K(21504K)], 0.0731880 secs] [Times: user=0.51 sys=0.00, real=0.08 secs] 
83.855: Total time for which application threads were stopped: 0.0737860 seconds, Stopping threads took: 0.0000470 seconds
83.880: Application time: 0.0243940 seconds
83.880: [Full GC [PSYoungGen: 138752K->34404K(161280K)] [ParOldGen: 367425K->367425K(367616K)] 506177K->401830K(528896K) [PSPermGen: 13625K->13625K(21504K)], 0.0734500 secs] [Times: user=0.51 sys=0.00, real=0.08 secs] 
83.954: Total time for which application threads were stopped: 0.0740880 seconds, Stopping threads took: 0.0000550 seconds
83.978: Application time: 0.0245460 seconds
83.979: [Full GC [PSYoungGen: 138752K->34418K(161280K)] [ParOldGen: 367425K->367425K(367616K)] 506177K->401844K(528896K) [PSPermGen: 13625K->13625K(21504K)], 0.0742800 secs] [Times: user=0.52 sys=0.00, real=0.08 secs] 
84.053: Total time for which application threads were stopped: 0.0748950 seconds, Stopping threads took: 0.0000600 seconds
84.078: Application time: 0.0247290 seconds
84.079: [Full GC [PSYoungGen: 138752K->34433K(161280K)] [ParOldGen: 367425K->367425K(367616K)] 506177K->401858K(528896K) [PSPermGen: 13625K->13625K(21504K)], 0.0733320 secs] [Times: user=0.52 sys=0.00, real=0.08 secs] 
84.152: Total time for which application threads were stopped: 0.0740240 seconds, Stopping threads took: 0.0000590 seconds
84.177: Application time: 0.0250730 seconds
84.178: [Full GC [PSYoungGen: 138752K->34450K(161280K)] [ParOldGen: 367425K->367425K(367616K)] 506177K->401876K(528896K) [PSPermGen: 13625K->13625K(21504K)], 0.0738510 secs] [Times: user=0.52 sys=0.00, real=0.08 secs] 
84.252: Total time for which application threads were stopped: 0.0744840 seconds, Stopping threads took: 0.0000650 seconds
84.277: Application time: 0.0251820 seconds
84.277: [Full GC [PSYoungGen: 138752K->34464K(161280K)] [ParOldGen: 367425K->367425K(367616K)] 506177K->401889K(528896K) [PSPermGen: 13625K->13625K(21504K)], 0.0737790 secs] [Times: user=0.52 sys=0.00, real=0.07 secs] 
84.351: Total time for which application threads were stopped: 0.0744590 seconds, Stopping threads took: 0.0000810 seconds
84.376: Application time: 0.0247840 seconds
84.377: [Full GC [PSYoungGen: 138752K->34477K(161280K)] [ParOldGen: 367425K->367425K(367616K)] 506177K->401903K(528896K) [PSPermGen: 13625K->13625K(21504K)], 0.0742720 secs] [Times: user=0.53 sys=0.00, real=0.07 secs] 
84.451: Total time for which application threads were stopped: 0.0748870 seconds, Stopping threads took: 0.0000560 seconds
84.478: Application time: 0.0269130 seconds
84.479: [Full GC [PSYoungGen: 138752K->34492K(161280K)] [ParOldGen: 367425K->367425K(367616K)] 506177K->401917K(528896K) [PSPermGen: 13625K->13625K(21504K)], 0.0740380 secs] [Times: user=0.52 sys=0.00, real=0.08 secs] 
84.553: Total time for which application threads were stopped: 0.0746810 seconds, Stopping threads took: 0.0000780 seconds
84.579: Application time: 0.0265810 seconds
84.580: [Full GC [PSYoungGen: 138752K->34506K(161280K)] [ParOldGen: 367425K->367425K(367616K)] 506177K->401931K(528896K) [PSPermGen: 13625K->13625K(21504K)], 0.0757080 secs] [Times: user=0.52 sys=0.00, real=0.08 secs] 
84.656: Total time for which application threads were stopped: 0.0764050 seconds, Stopping threads took: 0.0000930 seconds
84.682: Application time: 0.0263180 seconds
84.683: [Full GC [PSYoungGen: 138752K->34450K(161280K)] [ParOldGen: 367425K->367425K(367616K)] 506177K->401875K(528896K) [PSPermGen: 13625K->13625K(21504K)], 0.0738260 secs] [Times: user=0.52 sys=0.00, real=0.08 secs] 
84.756: Total time for which application threads were stopped: 0.0745040 seconds, Stopping threads took: 0.0001150 seconds
84.782: Application time: 0.0251580 seconds
84.782: [Full GC [PSYoungGen: 138752K->34468K(161280K)] [ParOldGen: 367425K->367425K(367616K)] 506177K->401894K(528896K) [PSPermGen: 13625K->13625K(21504K)], 0.0745960 secs] [Times: user=0.53 sys=0.00, real=0.08 secs] 
84.857: Total time for which application threads were stopped: 0.0752610 seconds, Stopping threads took: 0.0000930 seconds
84.882: Application time: 0.0249000 seconds
84.882: [Full GC [PSYoungGen: 138752K->34430K(161280K)] [ParOldGen: 367425K->367425K(367616K)] 506177K->401855K(528896K) [PSPermGen: 13625K->13625K(21504K)], 0.0739300 secs] [Times: user=0.52 sys=0.00, real=0.08 secs] 
84.956: Total time for which application threads were stopped: 0.0746700 seconds, Stopping threads took: 0.0001060 seconds
84.982: Application time: 0.0256730 seconds
84.983: [Full GC [PSYoungGen: 138752K->34427K(161280K)] [ParOldGen: 367425K->367425K(367616K)] 506177K->401853K(528896K) [PSPermGen: 13625K->13625K(21504K)], 0.0744020 secs] [Times: user=0.52 sys=0.00, real=0.08 secs] 
85.057: Total time for which application threads were stopped: 0.0750670 seconds, Stopping threads took: 0.0000840 seconds
85.083: Application time: 0.0254620 seconds
85.083: [Full GC [PSYoungGen: 138752K->34443K(161280K)] [ParOldGen: 367425K->367425K(367616K)] 506177K->401869K(528896K) [PSPermGen: 13625K->13625K(21504K)], 0.0773010 secs] [Times: user=0.52 sys=0.00, real=0.08 secs] 
85.161: Total time for which application threads were stopped: 0.0779700 seconds, Stopping threads took: 0.0001050 seconds
85.186: Application time: 0.0250150 seconds
85.186: [Full GC [PSYoungGen: 138752K->34405K(161280K)] [ParOldGen: 367425K->367425K(367616K)] 506177K->401830K(528896K) [PSPermGen: 13625K->13625K(21504K)], 0.0744460 secs] [Times: user=0.53 sys=0.00, real=0.07 secs] 
85.261: Total time for which application threads were stopped: 0.0750770 seconds, Stopping threads took: 0.0000710 seconds
85.286: Application time: 0.0251490 seconds
85.286: [Full GC [PSYoungGen: 138752K->34403K(161280K)] [ParOldGen: 367425K->367425K(367616K)] 506177K->401829K(528896K) [PSPermGen: 13625K->13625K(21504K)], 0.0762220 secs] [Times: user=0.54 sys=0.00, real=0.07 secs] 
85.363: Total time for which application threads were stopped: 0.0768480 seconds, Stopping threads took: 0.0000520 seconds
85.388: Application time: 0.0250200 seconds
85.388: [Full GC [PSYoungGen: 138752K->34417K(161280K)] [ParOldGen: 367425K->367425K(367616K)] 506177K->401842K(528896K) [PSPermGen: 13625K->13625K(21504K)], 0.0736300 secs] [Times: user=0.52 sys=0.00, real=0.07 secs] 
85.462: Total time for which application threads were stopped: 0.0742700 seconds, Stopping threads took: 0.0000650 seconds
85.487: Application time: 0.0248600 seconds
85.487: [Full GC [PSYoungGen: 138752K->34432K(161280K)] [ParOldGen: 367425K->367425K(367616K)] 506177K->401857K(528896K) [PSPermGen: 13625K->13625K(21504K)], 0.0738890 secs] [Times: user=0.52 sys=0.00, real=0.07 secs] 
85.561: Total time for which application threads were stopped: 0.0745500 seconds, Stopping threads took: 0.0000570 seconds
85.586: Application time: 0.0248160 seconds
85.587: [Full GC [PSYoungGen: 138752K->34446K(161280K)] [ParOldGen: 367425K->367425K(367616K)] 506177K->401872K(528896K) [PSPermGen: 13625K->13625K(21504K)], 0.0760170 secs] [Times: user=0.53 sys=0.00, real=0.07 secs] 
85.663: Total time for which application threads were stopped: 0.0766310 seconds, Stopping threads took: 0.0000470 seconds
85.688: Application time: 0.0248070 seconds
85.688: [Full GC [PSYoungGen: 138752K->34407K(161280K)] [ParOldGen: 367425K->367425K(367616K)] 506177K->401832K(528896K) [PSPermGen: 13625K->13625K(21504K)], 0.0740370 secs] [Times: user=0.52 sys=0.00, real=0.07 secs] 
85.762: Total time for which application threads were stopped: 0.0746630 seconds, Stopping threads took: 0.0000740 seconds
85.787: Application time: 0.0250280 seconds
85.788: [Full GC [PSYoungGen: 138752K->34405K(161280K)] [ParOldGen: 367425K->367425K(367616K)] 506177K->401830K(528896K) [PSPermGen: 13625K->13625K(21504K)], 0.0735860 secs] [Times: user=0.52 sys=0.00, real=0.07 secs] 
85.862: Total time for which application threads were stopped: 0.0742320 seconds, Stopping threads took: 0.0000640 seconds
85.886: Application time: 0.0245650 seconds
85.887: [Full GC [PSYoungGen: 138752K->34420K(161280K)] [ParOldGen: 367425K->367425K(367616K)] 506177K->401845K(528896K) [PSPermGen: 13625K->13625K(21504K)], 0.0731450 secs] [Times: user=0.52 sys=0.00, real=0.07 secs] 
85.960: Total time for which application threads were stopped: 0.0738410 seconds, Stopping threads took: 0.0000630 seconds
85.985: Application time: 0.0244730 seconds
85.985: [Full GC [PSYoungGen: 138752K->34436K(161280K)] [ParOldGen: 367425K->367425K(367616K)] 506177K->401861K(528896K) [PSPermGen: 13625K->13625K(21504K)], 0.0732090 secs] [Times: user=0.52 sys=0.00, real=0.07 secs] 
86.058: Total time for which application threads were stopped: 0.0738210 seconds, Stopping threads took: 0.0000570 seconds
86.083: Application time: 0.0250960 seconds
86.084: [Full GC [PSYoungGen: 138752K->34449K(161280K)] [ParOldGen: 367425K->367425K(367616K)] 506177K->401875K(528896K) [PSPermGen: 13625K->13625K(21504K)], 0.0794200 secs] [Times: user=0.55 sys=0.00, real=0.08 secs] 
86.164: Total time for which application threads were stopped: 0.0801070 seconds, Stopping threads took: 0.0000630 seconds
86.188: Application time: 0.0239690 seconds
86.188: [Full GC [PSYoungGen: 138752K->34466K(161280K)] [ParOldGen: 367425K->367425K(367616K)] 506177K->401892K(528896K) [PSPermGen: 13625K->13625K(21504K)], 0.0735030 secs] [Times: user=0.52 sys=0.00, real=0.07 secs] 
86.262: Total time for which application threads were stopped: 0.0743420 seconds, Stopping threads took: 0.0002280 seconds
86.287: Application time: 0.0246770 seconds
86.287: [Full GC [PSYoungGen: 138752K->34480K(161280K)] [ParOldGen: 367425K->367425K(367616K)] 506177K->401905K(528896K) [PSPermGen: 13625K->13625K(21504K)], 0.0737920 secs] [Times: user=0.52 sys=0.00, real=0.07 secs] 
86.361: Total time for which application threads were stopped: 0.0744590 seconds, Stopping threads took: 0.0000820 seconds
86.385: Application time: 0.0242310 seconds
86.386: [Full GC [PSYoungGen: 138752K->34496K(161280K)] [ParOldGen: 367425K->367425K(367616K)] 506177K->401921K(528896K) [PSPermGen: 13625K->13625K(21504K)], 0.0739360 secs] [Times: user=0.53 sys=0.00, real=0.07 secs] 
86.460: Total time for which application threads were stopped: 0.0746260 seconds, Stopping threads took: 0.0000550 seconds
86.484: Application time: 0.0240580 seconds
86.485: [Full GC [PSYoungGen: 138752K->34507K(161280K)] [ParOldGen: 367425K->367425K(367616K)] 506177K->401933K(528896K) [PSPermGen: 13625K->13625K(21504K)], 0.0737290 secs] [Times: user=0.52 sys=0.00, real=0.07 secs] 
86.558: Total time for which application threads were stopped: 0.0743680 seconds, Stopping threads took: 0.0000630 seconds
86.583: Application time: 0.0243750 seconds
86.583: [Full GC [PSYoungGen: 138752K->34527K(161280K)] [ParOldGen: 367425K->367425K(367616K)] 506177K->401953K(528896K) [PSPermGen: 13625K->13625K(21504K)], 0.0752690 secs] [Times: user=0.50 sys=0.00, real=0.08 secs] 
86.659: Total time for which application threads were stopped: 0.0758730 seconds, Stopping threads took: 0.0000460 seconds
86.685: Application time: 0.0259650 seconds
86.685: [Full GC [PSYoungGen: 138752K->34379K(161280K)] [ParOldGen: 367425K->367425K(367616K)] 506177K->401804K(528896K) [PSPermGen: 13625K->13625K(21504K)], 0.0742200 secs] [Times: user=0.52 sys=0.00, real=0.07 secs] 
86.759: Total time for which application threads were stopped: 0.0749260 seconds, Stopping threads took: 0.0000580 seconds
86.784: Application time: 0.0244960 seconds
86.785: [Full GC [PSYoungGen: 138752K->34345K(161280K)] [ParOldGen: 367425K->367425K(367616K)] 506177K->401770K(528896K) [PSPermGen: 13625K->13625K(21504K)], 0.0735610 secs] [Times: user=0.51 sys=0.00, real=0.07 secs] 
86.858: Total time for which application threads were stopped: 0.0742390 seconds, Stopping threads took: 0.0000460 seconds
86.883: Application time: 0.0245400 seconds
86.883: [Full GC [PSYoungGen: 138752K->34359K(161280K)] [ParOldGen: 367425K->367425K(367616K)] 506177K->401785K(528896K) [PSPermGen: 13625K->13625K(21504K)], 0.0737230 secs] [Times: user=0.52 sys=0.00, real=0.07 secs] 
86.957: Total time for which application threads were stopped: 0.0744160 seconds, Stopping threads took: 0.0000530 seconds
86.982: Application time: 0.0250890 seconds
86.983: [Full GC [PSYoungGen: 138752K->34319K(161280K)] [ParOldGen: 367425K->367425K(367616K)] 506177K->401744K(528896K) [PSPermGen: 13625K->13625K(21504K)], 0.0732450 secs] [Times: user=0.52 sys=0.00, real=0.08 secs] 
87.056: Total time for which application threads were stopped: 0.0739340 seconds, Stopping threads took: 0.0000520 seconds
87.081: Application time: 0.0247830 seconds
87.082: [Full GC [PSYoungGen: 138752K->34315K(161280K)] [ParOldGen: 367425K->367425K(367616K)] 506177K->401740K(528896K) [PSPermGen: 13625K->13625K(21504K)], 0.0738670 secs] [Times: user=0.52 sys=0.00, real=0.08 secs] 
87.155: Total time for which application threads were stopped: 0.0745000 seconds, Stopping threads took: 0.0000790 seconds
87.181: Application time: 0.0253580 seconds
87.181: [Full GC [PSYoungGen: 138752K->34335K(161280K)] [ParOldGen: 367425K->367425K(367616K)] 506177K->401760K(528896K) [PSPermGen: 13625K->13625K(21504K)], 0.0742610 secs] [Times: user=0.52 sys=0.00, real=0.08 secs] 
87.256: Total time for which application threads were stopped: 0.0749030 seconds, Stopping threads took: 0.0000720 seconds
87.281: Application time: 0.0248990 seconds
87.281: [Full GC [PSYoungGen: 138752K->34349K(161280K)] [ParOldGen: 367425K->367425K(367616K)] 506177K->401774K(528896K) [PSPermGen: 13625K->13625K(21504K)], 0.0732790 secs] [Times: user=0.52 sys=0.01, real=0.08 secs] 
87.355: Total time for which application threads were stopped: 0.0739390 seconds, Stopping threads took: 0.0000590 seconds
87.380: Application time: 0.0251340 seconds
87.380: [Full GC [PSYoungGen: 138752K->34364K(161280K)] [ParOldGen: 367425K->367425K(367616K)] 506177K->401789K(528896K) [PSPermGen: 13625K->13625K(21504K)], 0.0739880 secs] [Times: user=0.53 sys=0.00, real=0.08 secs] 
87.456: Total time for which application threads were stopped: 0.0762310 seconds, Stopping threads took: 0.0000530 seconds
87.481: Application time: 0.0251500 seconds
87.482: [Full GC [PSYoungGen: 138752K->34378K(161280K)] [ParOldGen: 367425K->367425K(367616K)] 506177K->401804K(528896K) [PSPermGen: 13625K->13625K(21504K)], 0.0737070 secs] [Times: user=0.52 sys=0.01, real=0.08 secs] 
87.556: Total time for which application threads were stopped: 0.0744520 seconds, Stopping threads took: 0.0001000 seconds
87.580: Application time: 0.0247290 seconds
87.581: [Full GC [PSYoungGen: 138752K->34393K(161280K)] [ParOldGen: 367425K->367425K(367616K)] 506177K->401818K(528896K) [PSPermGen: 13625K->13625K(21504K)], 0.0764300 secs] [Times: user=0.51 sys=0.00, real=0.08 secs] 
87.657: Total time for which application threads were stopped: 0.0770520 seconds, Stopping threads took: 0.0000580 seconds
87.682: Application time: 0.0250090 seconds
87.683: [Full GC [PSYoungGen: 138752K->34407K(161280K)] [ParOldGen: 367425K->367425K(367616K)] 506177K->401832K(528896K) [PSPermGen: 13625K->13625K(21504K)], 0.0736500 secs] [Times: user=0.52 sys=0.00, real=0.08 secs] 
87.757: Total time for which application threads were stopped: 0.0742620 seconds, Stopping threads took: 0.0000550 seconds
87.782: Application time: 0.0248750 seconds
87.782: [Full GC [PSYoungGen: 138752K->34423K(161280K)] [ParOldGen: 367425K->367425K(367616K)] 506177K->401848K(528896K) [PSPermGen: 13625K->13625K(21504K)], 0.0743430 secs] [Times: user=0.52 sys=0.00, real=0.08 secs] 
87.857: Total time for which application threads were stopped: 0.0749860 seconds, Stopping threads took: 0.0000640 seconds
87.881: Application time: 0.0249180 seconds
87.882: [Full GC [PSYoungGen: 138752K->34438K(161280K)] [ParOldGen: 367425K->367425K(367616K)] 506177K->401863K(528896K) [PSPermGen: 13625K->13625K(21504K)], 0.0733460 secs] [Times: user=0.52 sys=0.00, real=0.08 secs] 
87.955: Total time for which application threads were stopped: 0.0739840 seconds, Stopping threads took: 0.0000410 seconds
87.980: Application time: 0.0248620 seconds
87.981: [Full GC [PSYoungGen: 138752K->34451K(161280K)] [ParOldGen: 367425K->367425K(367616K)] 506177K->401876K(528896K) [PSPermGen: 13625K->13625K(21504K)], 0.0736110 secs] [Times: user=0.52 sys=0.00, real=0.08 secs] 
88.055: Total time for which application threads were stopped: 0.0742350 seconds, Stopping threads took: 0.0000460 seconds
88.080: Application time: 0.0252170 seconds
88.080: [Full GC [PSYoungGen: 138752K->34467K(161280K)] [ParOldGen: 367425K->367425K(367616K)] 506177K->401893K(528896K) [PSPermGen: 13625K->13625K(21504K)], 0.0735010 secs] [Times: user=0.52 sys=0.00, real=0.08 secs] 
88.154: Total time for which application threads were stopped: 0.0741910 seconds, Stopping threads took: 0.0000510 seconds
88.180: Application time: 0.0260040 seconds
88.181: [Full GC [PSYoungGen: 138752K->34484K(161280K)] [ParOldGen: 367425K->367425K(367616K)] 506177K->401909K(528896K) [PSPermGen: 13625K->13625K(21504K)], 0.0737230 secs] [Times: user=0.52 sys=0.00, real=0.08 secs] 
88.254: Total time for which application threads were stopped: 0.0743690 seconds, Stopping threads took: 0.0000620 seconds
88.279: Application time: 0.0244580 seconds
88.279: [Full GC [PSYoungGen: 138752K->34498K(161280K)] [ParOldGen: 367425K->367425K(367616K)] 506177K->401923K(528896K) [PSPermGen: 13625K->13625K(21504K)], 0.0735320 secs] [Times: user=0.52 sys=0.00, real=0.08 secs] 
88.353: Total time for which application threads were stopped: 0.0741970 seconds, Stopping threads took: 0.0000480 seconds
88.378: Application time: 0.0250230 seconds
88.379: [Full GC [PSYoungGen: 138752K->34514K(161280K)] [ParOldGen: 367425K->367425K(367616K)] 506177K->401939K(528896K) [PSPermGen: 13625K->13625K(21504K)], 0.0762690 secs] [Times: user=0.54 sys=0.00, real=0.08 secs] 
88.455: Total time for which application threads were stopped: 0.0768970 seconds, Stopping threads took: 0.0000540 seconds
88.479: Application time: 0.0246030 seconds
88.480: [Full GC [PSYoungGen: 138752K->34528K(161280K)] [ParOldGen: 367425K->367425K(367616K)] 506177K->401954K(528896K) [PSPermGen: 13625K->13625K(21504K)], 0.0733540 secs] [Times: user=0.52 sys=0.00, real=0.08 secs] 
88.554: Total time for which application threads were stopped: 0.0739960 seconds, Stopping threads took: 0.0000670 seconds
88.579: Application time: 0.0259470 seconds
88.580: [Full GC [PSYoungGen: 138752K->34482K(161280K)] [ParOldGen: 367425K->367425K(367616K)] 506177K->401907K(528896K) [PSPermGen: 13625K->13625K(21504K)], 0.0751340 secs] [Times: user=0.52 sys=0.00, real=0.08 secs] 
88.655: Total time for which application threads were stopped: 0.0757820 seconds, Stopping threads took: 0.0000810 seconds
88.682: Application time: 0.0270140 seconds
88.683: [Full GC [PSYoungGen: 138752K->34434K(161280K)] [ParOldGen: 367425K->367425K(367616K)] 506177K->401859K(528896K) [PSPermGen: 13625K->13625K(21504K)], 0.0741160 secs] [Times: user=0.53 sys=0.00, real=0.08 secs] 
88.757: Total time for which application threads were stopped: 0.0747960 seconds, Stopping threads took: 0.0000590 seconds
88.782: Application time: 0.0248280 seconds
88.782: [Full GC [PSYoungGen: 138752K->34431K(161280K)] [ParOldGen: 367425K->367425K(367616K)] 506177K->401857K(528896K) [PSPermGen: 13625K->13625K(21504K)], 0.0742890 secs] [Times: user=0.53 sys=0.00, real=0.08 secs] 
88.857: Total time for which application threads were stopped: 0.0748980 seconds, Stopping threads took: 0.0000590 seconds
88.882: Application time: 0.0253910 seconds
88.883: [Full GC [PSYoungGen: 138752K->34448K(161280K)] [ParOldGen: 367425K->367425K(367616K)] 506177K->401874K(528896K) [PSPermGen: 13625K->13625K(21504K)], 0.0740100 secs] [Times: user=0.52 sys=0.00, real=0.08 secs] 
88.957: Total time for which application threads were stopped: 0.0746700 seconds, Stopping threads took: 0.0000690 seconds
88.981: Application time: 0.0243990 seconds
88.982: [Full GC [PSYoungGen: 138752K->34464K(161280K)] [ParOldGen: 367425K->367425K(367616K)] 506177K->401889K(528896K) [PSPermGen: 13625K->13625K(21504K)], 0.0738540 secs] [Times: user=0.52 sys=0.00, real=0.08 secs] 
89.056: Total time for which application threads were stopped: 0.0744770 seconds, Stopping threads took: 0.0000500 seconds
89.082: Application time: 0.0258250 seconds
89.082: [Full GC [PSYoungGen: 138752K->34477K(161280K)] [ParOldGen: 367425K->367425K(367616K)] 506177K->401903K(528896K) [PSPermGen: 13625K->13625K(21504K)], 0.0815080 secs] [Times: user=0.56 sys=0.00, real=0.09 secs] 
89.164: Total time for which application threads were stopped: 0.0821520 seconds, Stopping threads took: 0.0000650 seconds
89.190: Application time: 0.0263680 seconds
89.191: [Full GC [PSYoungGen: 138752K->34492K(161280K)] [ParOldGen: 367425K->367425K(367616K)] 506177K->401917K(528896K) [PSPermGen: 13625K->13625K(21504K)], 0.0744690 secs] [Times: user=0.52 sys=0.00, real=0.08 secs] 
89.265: Total time for which application threads were stopped: 0.0751230 seconds, Stopping threads took: 0.0000840 seconds
89.291: Application time: 0.0260450 seconds
89.292: [Full GC [PSYoungGen: 138752K->34452K(161280K)] [ParOldGen: 367425K->367425K(367616K)] 506177K->401877K(528896K) [PSPermGen: 13625K->13625K(21504K)], 0.0740670 secs] [Times: user=0.52 sys=0.00, real=0.07 secs] 
89.366: Total time for which application threads were stopped: 0.0746850 seconds, Stopping threads took: 0.0000640 seconds
89.390: Application time: 0.0242900 seconds
89.391: [Full GC [PSYoungGen: 138752K->34450K(161280K)] [ParOldGen: 367425K->367425K(367616K)] 506177K->401876K(528896K) [PSPermGen: 13625K->13625K(21504K)], 0.0741080 secs] [Times: user=0.52 sys=0.00, real=0.08 secs] 
89.465: Total time for which application threads were stopped: 0.0747630 seconds, Stopping threads took: 0.0000700 seconds
89.489: Application time: 0.0244550 seconds
89.490: [Full GC [PSYoungGen: 138752K->34467K(161280K)] [ParOldGen: 367425K->367425K(367616K)] 506177K->401892K(528896K) [PSPermGen: 13625K->13625K(21504K)], 0.0747150 secs] [Times: user=0.52 sys=0.01, real=0.08 secs] 
89.565: Total time for which application threads were stopped: 0.0753310 seconds, Stopping threads took: 0.0000500 seconds
89.589: Application time: 0.0243840 seconds
89.590: [Full GC [PSYoungGen: 138752K->34481K(161280K)] [ParOldGen: 367425K->367425K(367616K)] 506177K->401907K(528896K) [PSPermGen: 13625K->13625K(21504K)], 0.0738960 secs] [Times: user=0.51 sys=0.00, real=0.08 secs] 
89.664: Total time for which application threads were stopped: 0.0745450 seconds, Stopping threads took: 0.0000720 seconds
89.689: Application time: 0.0257610 seconds
89.690: [Full GC [PSYoungGen: 138752K->34434K(161280K)] [ParOldGen: 367425K->367425K(367616K)] 506177K->401859K(528896K) [PSPermGen: 13625K->13625K(21504K)], 0.0734800 secs] [Times: user=0.52 sys=0.00, real=0.08 secs] 
89.764: Total time for which application threads were stopped: 0.0741730 seconds, Stopping threads took: 0.0000630 seconds
89.788: Application time: 0.0240840 seconds
89.788: [Full GC [PSYoungGen: 138752K->34438K(161280K)] [ParOldGen: 367425K->367425K(367616K)] 506177K->401864K(528896K) [PSPermGen: 13625K->13625K(21504K)], 0.0732880 secs] [Times: user=0.52 sys=0.00, real=0.07 secs] 
89.862: Total time for which application threads were stopped: 0.0739070 seconds, Stopping threads took: 0.0000480 seconds
89.886: Application time: 0.0239440 seconds
89.886: [Full GC [PSYoungGen: 138752K->34454K(161280K)] [ParOldGen: 367425K->367425K(367616K)] 506177K->401880K(528896K) [PSPermGen: 13625K->13625K(21504K)], 0.0740080 secs] [Times: user=0.52 sys=0.00, real=0.07 secs] 
89.960: Total time for which application threads were stopped: 0.0746160 seconds, Stopping threads took: 0.0000510 seconds
89.985: Application time: 0.0243850 seconds
89.985: [Full GC [PSYoungGen: 138752K->34472K(161280K)] [ParOldGen: 367425K->367425K(367616K)] 506177K->401897K(528896K) [PSPermGen: 13625K->13625K(21504K)], 0.0738730 secs] [Times: user=0.52 sys=0.00, real=0.07 secs] 
90.059: Total time for which application threads were stopped: 0.0745020 seconds, Stopping threads took: 0.0000480 seconds
90.084: Application time: 0.0243880 seconds
90.084: [Full GC [PSYoungGen: 138752K->34487K(161280K)] [ParOldGen: 367425K->367425K(367616K)] 506177K->401912K(528896K) [PSPermGen: 13625K->13625K(21504K)], 0.0735380 secs] [Times: user=0.52 sys=0.00, real=0.07 secs] 
90.158: Total time for which application threads were stopped: 0.0742170 seconds, Stopping threads took: 0.0000430 seconds
90.183: Application time: 0.0249650 seconds
90.183: [Full GC [PSYoungGen: 138752K->34502K(161280K)] [ParOldGen: 367425K->367425K(367616K)] 506177K->401927K(528896K) [PSPermGen: 13625K->13625K(21504K)], 0.0745130 secs] [Times: user=0.52 sys=0.00, real=0.08 secs] 
90.258: Total time for which application threads were stopped: 0.0751600 seconds, Stopping threads took: 0.0000650 seconds
90.284: Application time: 0.0256660 seconds
90.284: [Full GC [PSYoungGen: 138752K->34352K(161280K)] [ParOldGen: 367425K->367425K(367616K)] 506177K->401777K(528896K) [PSPermGen: 13625K->13625K(21504K)], 0.0742830 secs] [Times: user=0.52 sys=0.00, real=0.07 secs] 
90.359: Total time for which application threads were stopped: 0.0749610 seconds, Stopping threads took: 0.0000540 seconds
90.383: Application time: 0.0245770 seconds
90.384: [Full GC [PSYoungGen: 138752K->34319K(161280K)] [ParOldGen: 367425K->367425K(367616K)] 506177K->401745K(528896K) [PSPermGen: 13625K->13625K(21504K)], 0.0737570 secs] [Times: user=0.52 sys=0.01, real=0.07 secs] 
90.458: Total time for which application threads were stopped: 0.0744040 seconds, Stopping threads took: 0.0000580 seconds
90.482: Application time: 0.0245590 seconds
90.483: [Full GC [PSYoungGen: 138752K->34336K(161280K)] [ParOldGen: 367425K->367425K(367616K)] 506177K->401762K(528896K) [PSPermGen: 13625K->13625K(21504K)], 0.0744410 secs] [Times: user=0.53 sys=0.00, real=0.08 secs] 
90.557: Total time for which application threads were stopped: 0.0750710 seconds, Stopping threads took: 0.0000660 seconds
90.582: Application time: 0.0250890 seconds
90.583: [Full GC [PSYoungGen: 138752K->34297K(161280K)] [ParOldGen: 367425K->367425K(367616K)] 506177K->401722K(528896K) [PSPermGen: 13625K->13625K(21504K)], 0.0800730 secs] [Times: user=0.55 sys=0.00, real=0.08 secs] 
90.663: Total time for which application threads were stopped: 0.0807570 seconds, Stopping threads took: 0.0000810 seconds
90.689: Application time: 0.0256330 seconds
90.689: [Full GC [PSYoungGen: 138752K->34294K(161280K)] [ParOldGen: 367425K->367425K(367616K)] 506177K->401720K(528896K) [PSPermGen: 13625K->13625K(21504K)], 0.0746210 secs] [Times: user=0.52 sys=0.00, real=0.08 secs] 
90.764: Total time for which application threads were stopped: 0.0752370 seconds, Stopping threads took: 0.0000480 seconds
90.789: Application time: 0.0247230 seconds
90.789: [Full GC [PSYoungGen: 138752K->34308K(161280K)] [ParOldGen: 367425K->367425K(367616K)] 506177K->401734K(528896K) [PSPermGen: 13625K->13625K(21504K)], 0.0727560 secs] [Times: user=0.52 sys=0.00, real=0.07 secs] 
90.862: Total time for which application threads were stopped: 0.0734510 seconds, Stopping threads took: 0.0000540 seconds
90.887: Application time: 0.0245150 seconds
90.887: [Full GC [PSYoungGen: 138752K->34325K(161280K)] [ParOldGen: 367425K->367425K(367616K)] 506177K->401750K(528896K) [PSPermGen: 13625K->13625K(21504K)], 0.0740440 secs] [Times: user=0.53 sys=0.00, real=0.07 secs] 
90.961: Total time for which application threads were stopped: 0.0746730 seconds, Stopping threads took: 0.0000610 seconds
90.986: Application time: 0.0246750 seconds
90.987: [Full GC [PSYoungGen: 138752K->34340K(161280K)] [ParOldGen: 367425K->367425K(367616K)] 506177K->401765K(528896K) [PSPermGen: 13625K->13625K(21504K)], 0.0745260 secs] [Times: user=0.53 sys=0.00, real=0.07 secs] 
91.061: Total time for which application threads were stopped: 0.0751820 seconds, Stopping threads took: 0.0000900 seconds
91.086: Application time: 0.0246040 seconds
91.086: [Full GC [PSYoungGen: 138752K->34355K(161280K)] [ParOldGen: 367425K->367425K(367616K)] 506177K->401781K(528896K) [PSPermGen: 13625K->13625K(21504K)], 0.0736380 secs] [Times: user=0.52 sys=0.00, real=0.07 secs] 
91.160: Total time for which application threads were stopped: 0.0743460 seconds, Stopping threads took: 0.0000510 seconds
91.185: Application time: 0.0251720 seconds
91.188: [Full GC [PSYoungGen: 138752K->34368K(161280K)] [ParOldGen: 367425K->367425K(367616K)] 506177K->401794K(528896K) [PSPermGen: 13625K->13625K(21504K)], 0.0739030 secs] [Times: user=0.52 sys=0.00, real=0.07 secs] 
91.262: Total time for which application threads were stopped: 0.0766610 seconds, Stopping threads took: 0.0021520 seconds
91.287: Application time: 0.0247240 seconds
91.287: [Full GC [PSYoungGen: 138752K->34384K(161280K)] [ParOldGen: 367425K->367425K(367616K)] 506177K->401810K(528896K) [PSPermGen: 13625K->13625K(21504K)], 0.0743600 secs] [Times: user=0.52 sys=0.00, real=0.07 secs] 
91.362: Total time for which application threads were stopped: 0.0750040 seconds, Stopping threads took: 0.0000740 seconds
91.387: Application time: 0.0249270 seconds
91.387: [Full GC [PSYoungGen: 138752K->34399K(161280K)] [ParOldGen: 367425K->367425K(367616K)] 506177K->401824K(528896K) [PSPermGen: 13625K->13625K(21504K)], 0.0740920 secs] [Times: user=0.52 sys=0.01, real=0.07 secs] 
91.461: Total time for which application threads were stopped: 0.0746950 seconds, Stopping threads took: 0.0000450 seconds
91.486: Application time: 0.0249690 seconds
91.487: [Full GC [PSYoungGen: 138752K->34414K(161280K)] [ParOldGen: 367425K->367425K(367616K)] 506177K->401840K(528896K) [PSPermGen: 13625K->13625K(21504K)], 0.0740770 secs] [Times: user=0.51 sys=0.00, real=0.07 secs] 
91.561: Total time for which application threads were stopped: 0.0747190 seconds, Stopping threads took: 0.0000770 seconds
91.586: Application time: 0.0249960 seconds
91.587: [Full GC [PSYoungGen: 138752K->34427K(161280K)] [ParOldGen: 367425K->367425K(367616K)] 506177K->401852K(528896K) [PSPermGen: 13625K->13625K(21504K)], 0.0745010 secs] [Times: user=0.52 sys=0.00, real=0.07 secs] 
91.661: Total time for which application threads were stopped: 0.0751780 seconds, Stopping threads took: 0.0000490 seconds
91.686: Application time: 0.0250120 seconds
91.687: [Full GC [PSYoungGen: 138752K->34443K(161280K)] [ParOldGen: 367425K->367425K(367616K)] 506177K->401868K(528896K) [PSPermGen: 13625K->13625K(21504K)], 0.0745340 secs] [Times: user=0.52 sys=0.00, real=0.07 secs] 
91.761: Total time for which application threads were stopped: 0.0751840 seconds, Stopping threads took: 0.0000700 seconds
91.786: Application time: 0.0242180 seconds
91.786: [Full GC [PSYoungGen: 138752K->34458K(161280K)] [ParOldGen: 367425K->367425K(367616K)] 506177K->401883K(528896K) [PSPermGen: 13625K->13625K(21504K)], 0.0732150 secs] [Times: user=0.52 sys=0.00, real=0.07 secs] 
91.859: Total time for which application threads were stopped: 0.0738520 seconds, Stopping threads took: 0.0000610 seconds
91.884: Application time: 0.0248900 seconds
91.885: [Full GC [PSYoungGen: 138752K->34474K(161280K)] [ParOldGen: 367425K->367425K(367616K)] 506177K->401899K(528896K) [PSPermGen: 13625K->13625K(21504K)], 0.0743210 secs] [Times: user=0.52 sys=0.00, real=0.07 secs] 
91.959: Total time for which application threads were stopped: 0.0749470 seconds, Stopping threads took: 0.0000640 seconds
91.984: Application time: 0.0248260 seconds
91.985: [Full GC [PSYoungGen: 138752K->34488K(161280K)] [ParOldGen: 367425K->367425K(367616K)] 506177K->401913K(528896K) [PSPermGen: 13625K->13625K(21504K)], 0.0740790 secs] [Times: user=0.52 sys=0.00, real=0.07 secs] 
92.059: Total time for which application threads were stopped: 0.0747320 seconds, Stopping threads took: 0.0000660 seconds
92.083: Application time: 0.0245490 seconds
92.084: [Full GC [PSYoungGen: 138752K->34505K(161280K)] [ParOldGen: 367425K->367425K(367616K)] 506177K->401931K(528896K) [PSPermGen: 13625K->13625K(21504K)], 0.0738090 secs] [Times: user=0.52 sys=0.00, real=0.07 secs] 
92.158: Total time for which application threads were stopped: 0.0744430 seconds, Stopping threads took: 0.0000760 seconds
92.183: Application time: 0.0256370 seconds
92.184: [Full GC [PSYoungGen: 138752K->34519K(161280K)] [ParOldGen: 367425K->367425K(367616K)] 506177K->401944K(528896K) [PSPermGen: 13625K->13625K(21504K)], 0.0739030 secs] [Times: user=0.52 sys=0.00, real=0.07 secs] 
92.258: Total time for which application threads were stopped: 0.0746860 seconds, Stopping threads took: 0.0000670 seconds
92.284: Application time: 0.0260270 seconds
92.285: [Full GC [PSYoungGen: 138752K->34533K(161280K)] [ParOldGen: 367425K->367425K(367616K)] 506177K->401958K(528896K) [PSPermGen: 13625K->13625K(21504K)], 0.0735510 secs] [Times: user=0.52 sys=0.00, real=0.07 secs] 
92.358: Total time for which application threads were stopped: 0.0742550 seconds, Stopping threads took: 0.0000660 seconds
92.384: Application time: 0.0251660 seconds
92.384: [Full GC [PSYoungGen: 138752K->34547K(161280K)] [ParOldGen: 367425K->367425K(367616K)] 506177K->401972K(528896K) [PSPermGen: 13625K->13625K(21504K)], 0.0739020 secs] [Times: user=0.52 sys=0.00, real=0.07 secs] 
92.458: Total time for which application threads were stopped: 0.0745450 seconds, Stopping threads took: 0.0000730 seconds
92.484: Application time: 0.0256930 seconds
92.484: [Full GC [PSYoungGen: 138752K->34508K(161280K)] [ParOldGen: 367425K->367425K(367616K)] 506177K->401933K(528896K) [PSPermGen: 13625K->13625K(21504K)], 0.0740130 secs] [Times: user=0.52 sys=0.00, real=0.07 secs] 
92.559: Total time for which application threads were stopped: 0.0746850 seconds, Stopping threads took: 0.0001120 seconds
92.584: Application time: 0.0258150 seconds
92.585: [Full GC [PSYoungGen: 138752K->34452K(161280K)] [ParOldGen: 367425K->367425K(367616K)] 506177K->401877K(528896K) [PSPermGen: 13625K->13625K(21504K)], 0.0751370 secs] [Times: user=0.52 sys=0.01, real=0.07 secs] 
92.660: Total time for which application threads were stopped: 0.0757980 seconds, Stopping threads took: 0.0000960 seconds
92.685: Application time: 0.0246880 seconds
92.685: [Full GC [PSYoungGen: 138752K->34450K(161280K)] [ParOldGen: 367425K->367425K(367616K)] 506177K->401875K(528896K) [PSPermGen: 13625K->13625K(21504K)], 0.0746250 secs] [Times: user=0.52 sys=0.00, real=0.07 secs] 
92.760: Total time for which application threads were stopped: 0.0753010 seconds, Stopping threads took: 0.0000450 seconds
92.785: Application time: 0.0249630 seconds
92.786: [Full GC [PSYoungGen: 138752K->34466K(161280K)] [ParOldGen: 367425K->367425K(367616K)] 506177K->401892K(528896K) [PSPermGen: 13625K->13625K(21504K)], 0.0736680 secs] [Times: user=0.52 sys=0.00, real=0.07 secs] 
92.859: Total time for which application threads were stopped: 0.0743490 seconds, Stopping threads took: 0.0001180 seconds
92.884: Application time: 0.0246960 seconds
92.885: [Full GC [PSYoungGen: 138752K->34481K(161280K)] [ParOldGen: 367425K->367425K(367616K)] 506177K->401906K(528896K) [PSPermGen: 13625K->13625K(21504K)], 0.0735820 secs] [Times: user=0.52 sys=0.00, real=0.07 secs] 
92.958: Total time for which application threads were stopped: 0.0742330 seconds, Stopping threads took: 0.0000770 seconds
92.984: Application time: 0.0253190 seconds
92.984: [Full GC [PSYoungGen: 138752K->34497K(161280K)] [ParOldGen: 367425K->367425K(367616K)] 506177K->401922K(528896K) [PSPermGen: 13625K->13625K(21504K)], 0.0744620 secs] [Times: user=0.53 sys=0.00, real=0.07 secs] 
93.059: Total time for which application threads were stopped: 0.0751350 seconds, Stopping threads took: 0.0001050 seconds
93.084: Application time: 0.0252300 seconds
93.085: [Full GC [PSYoungGen: 138752K->34513K(161280K)] [ParOldGen: 367425K->367425K(367616K)] 506177K->401938K(528896K) [PSPermGen: 13625K->13625K(21504K)], 0.0748150 secs] [Times: user=0.53 sys=0.00, real=0.07 secs] 
93.160: Total time for which application threads were stopped: 0.0755090 seconds, Stopping threads took: 0.0001080 seconds
93.185: Application time: 0.0249900 seconds
93.185: [Full GC [PSYoungGen: 138752K->34527K(161280K)] [ParOldGen: 367425K->367425K(367616K)] 506177K->401953K(528896K) [PSPermGen: 13625K->13625K(21504K)], 0.0744150 secs] [Times: user=0.53 sys=0.00, real=0.07 secs] 
93.260: Total time for which application threads were stopped: 0.0750590 seconds, Stopping threads took: 0.0000850 seconds
93.284: Application time: 0.0248130 seconds
93.285: [Full GC [PSYoungGen: 138752K->34543K(161280K)] [ParOldGen: 367425K->367425K(367616K)] 506177K->401968K(528896K) [PSPermGen: 13625K->13625K(21504K)], 0.0736610 secs] [Times: user=0.52 sys=0.00, real=0.07 secs] 
93.359: Total time for which application threads were stopped: 0.0743200 seconds, Stopping threads took: 0.0000690 seconds
93.384: Application time: 0.0251730 seconds
93.385: [Full GC [PSYoungGen: 138752K->34483K(161280K)] [ParOldGen: 367425K->367425K(367616K)] 506177K->401908K(528896K) [PSPermGen: 13625K->13625K(21504K)], 0.0772470 secs] [Times: user=0.54 sys=0.00, real=0.07 secs] 
93.462: Total time for which application threads were stopped: 0.0778500 seconds, Stopping threads took: 0.0000540 seconds
93.487: Application time: 0.0251190 seconds
93.488: [Full GC [PSYoungGen: 138752K->34441K(161280K)] [ParOldGen: 367425K->367425K(367616K)] 506177K->401867K(528896K) [PSPermGen: 13625K->13625K(21504K)], 0.0735970 secs] [Times: user=0.52 sys=0.00, real=0.07 secs] 
93.561: Total time for which application threads were stopped: 0.0742290 seconds, Stopping threads took: 0.0000750 seconds
93.586: Application time: 0.0249600 seconds
93.587: [Full GC [PSYoungGen: 138752K->34447K(161280K)] [ParOldGen: 367425K->367425K(367616K)] 506177K->401872K(528896K) [PSPermGen: 13625K->13625K(21504K)], 0.0746780 secs] [Times: user=0.52 sys=0.00, real=0.07 secs] 
93.661: Total time for which application threads were stopped: 0.0753110 seconds, Stopping threads took: 0.0000630 seconds
93.687: Application time: 0.0251410 seconds
93.687: [Full GC [PSYoungGen: 138752K->34388K(161280K)] [ParOldGen: 367425K->367425K(367616K)] 506177K->401813K(528896K) [PSPermGen: 13625K->13625K(21504K)], 0.0750660 secs] [Times: user=0.52 sys=0.01, real=0.07 secs] 
93.762: Total time for which application threads were stopped: 0.0757420 seconds, Stopping threads took: 0.0000570 seconds
93.788: Application time: 0.0251350 seconds
93.788: [Full GC [PSYoungGen: 138752K->34398K(161280K)] [ParOldGen: 367425K->367425K(367616K)] 506177K->401824K(528896K) [PSPermGen: 13625K->13625K(21504K)], 0.0738070 secs] [Times: user=0.52 sys=0.00, real=0.07 secs] 
93.862: Total time for which application threads were stopped: 0.0745000 seconds, Stopping threads took: 0.0000360 seconds
93.887: Application time: 0.0252210 seconds
93.888: [Full GC [PSYoungGen: 138752K->34284K(161280K)] [ParOldGen: 367425K->367425K(367616K)] 506177K->401709K(528896K) [PSPermGen: 13625K->13625K(21504K)], 0.0734910 secs] [Times: user=0.52 sys=0.00, real=0.07 secs] 
93.961: Total time for which application threads were stopped: 0.0741340 seconds, Stopping threads took: 0.0000580 seconds
93.986: Application time: 0.0245390 seconds
93.986: [Full GC [PSYoungGen: 138752K->34295K(161280K)] [ParOldGen: 367425K->367425K(367616K)] 506177K->401721K(528896K) [PSPermGen: 13625K->13625K(21504K)], 0.0740080 secs] [Times: user=0.52 sys=0.00, real=0.07 secs] 
94.061: Total time for which application threads were stopped: 0.0746430 seconds, Stopping threads took: 0.0000610 seconds
94.085: Application time: 0.0246100 seconds
94.086: [Full GC [PSYoungGen: 138752K->34307K(161280K)] [ParOldGen: 367425K->367425K(367616K)] 506177K->401732K(528896K) [PSPermGen: 13625K->13625K(21504K)], 0.0744020 secs] [Times: user=0.52 sys=0.00, real=0.07 secs] 
94.160: Total time for which application threads were stopped: 0.0750230 seconds, Stopping threads took: 0.0000600 seconds
94.185: Application time: 0.0246080 seconds
94.185: [Full GC [PSYoungGen: 138752K->34324K(161280K)] [ParOldGen: 367425K->367425K(367616K)] 506177K->401750K(528896K) [PSPermGen: 13625K->13625K(21504K)], 0.0755100 secs] [Times: user=0.52 sys=0.00, real=0.07 secs] 
94.261: Total time for which application threads were stopped: 0.0761230 seconds, Stopping threads took: 0.0000510 seconds
94.285: Application time: 0.0245580 seconds
94.286: [Full GC [PSYoungGen: 138752K->34281K(161280K)] [ParOldGen: 367425K->367425K(367616K)] 506177K->401707K(528896K) [PSPermGen: 13625K->13625K(21504K)], 0.0740190 secs] [Times: user=0.51 sys=0.00, real=0.07 secs] 
94.360: Total time for which application threads were stopped: 0.0746710 seconds, Stopping threads took: 0.0000690 seconds
94.384: Application time: 0.0242290 seconds
94.385: [Full GC [PSYoungGen: 138752K->34283K(161280K)] [ParOldGen: 367425K->367425K(367616K)] 506177K->401709K(528896K) [PSPermGen: 13625K->13625K(21504K)], 0.0747430 secs] [Times: user=0.51 sys=0.00, real=0.07 secs] 
94.460: Total time for which application threads were stopped: 0.0753870 seconds, Stopping threads took: 0.0000510 seconds
94.484: Application time: 0.0244410 seconds
94.485: [Full GC [PSYoungGen: 138752K->34299K(161280K)] [ParOldGen: 367425K->367425K(367616K)] 506177K->401724K(528896K) [PSPermGen: 13625K->13625K(21504K)], 0.0745410 secs] [Times: user=0.51 sys=0.00, real=0.07 secs] 
94.559: Total time for which application threads were stopped: 0.0751780 seconds, Stopping threads took: 0.0000550 seconds
94.584: Application time: 0.0242990 seconds
94.584: [Full GC [PSYoungGen: 138752K->34314K(161280K)] [ParOldGen: 367425K->367425K(367616K)] 506177K->401739K(528896K) [PSPermGen: 13625K->13625K(21504K)], 0.0745170 secs] [Times: user=0.52 sys=0.00, real=0.07 secs] 
94.659: Total time for which application threads were stopped: 0.0751290 seconds, Stopping threads took: 0.0000400 seconds
94.683: Application time: 0.0238800 seconds
94.683: [Full GC [PSYoungGen: 138752K->34331K(161280K)] [ParOldGen: 367425K->367425K(367616K)] 506177K->401756K(528896K) [PSPermGen: 13625K->13625K(21504K)], 0.0742460 secs] [Times: user=0.51 sys=0.01, real=0.08 secs] 
94.758: Total time for which application threads were stopped: 0.0748730 seconds, Stopping threads took: 0.0000550 seconds
94.782: Application time: 0.0242900 seconds
94.782: [Full GC [PSYoungGen: 138752K->34343K(161280K)] [ParOldGen: 367425K->367425K(367616K)] 506177K->401769K(528896K) [PSPermGen: 13625K->13625K(21504K)], 0.0743240 secs] [Times: user=0.52 sys=0.00, real=0.08 secs] 
94.857: Total time for which application threads were stopped: 0.0749480 seconds, Stopping threads took: 0.0000610 seconds
94.881: Application time: 0.0242390 seconds
94.882: [Full GC [PSYoungGen: 138752K->34357K(161280K)] [ParOldGen: 367425K->367425K(367616K)] 506177K->401782K(528896K) [PSPermGen: 13625K->13625K(21504K)], 0.0743530 secs] [Times: user=0.52 sys=0.00, real=0.08 secs] 
94.956: Total time for which application threads were stopped: 0.0749680 seconds, Stopping threads took: 0.0000440 seconds
94.981: Application time: 0.0244600 seconds
94.981: [Full GC [PSYoungGen: 138752K->34375K(161280K)] [ParOldGen: 367425K->367425K(367616K)] 506177K->401800K(528896K) [PSPermGen: 13625K->13625K(21504K)], 0.0737640 secs] [Times: user=0.52 sys=0.00, real=0.08 secs] 
95.055: Total time for which application threads were stopped: 0.0744120 seconds, Stopping threads took: 0.0000550 seconds
95.079: Application time: 0.0245490 seconds
95.080: [Full GC [PSYoungGen: 138752K->34389K(161280K)] [ParOldGen: 367425K->367425K(367616K)] 506177K->401814K(528896K) [PSPermGen: 13625K->13625K(21504K)], 0.0746080 secs] [Times: user=0.51 sys=0.00, real=0.08 secs] 
95.155: Total time for which application threads were stopped: 0.0752370 seconds, Stopping threads took: 0.0000550 seconds
95.179: Application time: 0.0245370 seconds
95.180: [Full GC [PSYoungGen: 138752K->34404K(161280K)] [ParOldGen: 367425K->367425K(367616K)] 506177K->401829K(528896K) [PSPermGen: 13625K->13625K(21504K)], 0.0741470 secs] [Times: user=0.51 sys=0.00, real=0.08 secs] 
95.254: Total time for which application threads were stopped: 0.0748010 seconds, Stopping threads took: 0.0000630 seconds
95.279: Application time: 0.0245380 seconds
95.279: [Full GC [PSYoungGen: 138752K->34418K(161280K)] [ParOldGen: 367425K->367425K(367616K)] 506177K->401843K(528896K) [PSPermGen: 13625K->13625K(21504K)], 0.0734090 secs] [Times: user=0.52 sys=0.00, real=0.08 secs] 
95.353: Total time for which application threads were stopped: 0.0740430 seconds, Stopping threads took: 0.0000600 seconds
95.378: Application time: 0.0249370 seconds
95.378: [Full GC [PSYoungGen: 138752K->34432K(161280K)] [ParOldGen: 367425K->367425K(367616K)] 506177K->401857K(528896K) [PSPermGen: 13625K->13625K(21504K)], 0.0732230 secs] [Times: user=0.52 sys=0.00, real=0.08 secs] 
95.451: Total time for which application threads were stopped: 0.0738780 seconds, Stopping threads took: 0.0000590 seconds
95.476: Application time: 0.0247180 seconds
95.477: [Full GC [PSYoungGen: 138752K->34449K(161280K)] [ParOldGen: 367425K->367425K(367616K)] 506177K->401874K(528896K) [PSPermGen: 13625K->13625K(21504K)], 0.0742710 secs] [Times: user=0.52 sys=0.00, real=0.07 secs] 
95.551: Total time for which application threads were stopped: 0.0748970 seconds, Stopping threads took: 0.0000520 seconds
95.576: Application time: 0.0245760 seconds
95.576: [Full GC [PSYoungGen: 138752K->34463K(161280K)] [ParOldGen: 367425K->367425K(367616K)] 506177K->401889K(528896K) [PSPermGen: 13625K->13625K(21504K)], 0.0749450 secs] [Times: user=0.51 sys=0.00, real=0.07 secs] 
95.651: Total time for which application threads were stopped: 0.0755840 seconds, Stopping threads took: 0.0000630 seconds
95.676: Application time: 0.0245160 seconds
95.676: [Full GC [PSYoungGen: 138752K->34477K(161280K)] [ParOldGen: 367425K->367425K(367616K)] 506177K->401903K(528896K) [PSPermGen: 13625K->13625K(21504K)], 0.0740650 secs] [Times: user=0.51 sys=0.00, real=0.07 secs] 
95.751: Total time for which application threads were stopped: 0.0747780 seconds, Stopping threads took: 0.0000560 seconds
95.775: Application time: 0.0244400 seconds
95.776: [Full GC [PSYoungGen: 138752K->34494K(161280K)] [ParOldGen: 367425K->367425K(367616K)] 506177K->401919K(528896K) [PSPermGen: 13625K->13625K(21504K)], 0.0746560 secs] [Times: user=0.51 sys=0.00, real=0.07 secs] 
95.850: Total time for which application threads were stopped: 0.0754050 seconds, Stopping threads took: 0.0000590 seconds
95.875: Application time: 0.0245200 seconds
95.876: [Full GC [PSYoungGen: 138752K->34509K(161280K)] [ParOldGen: 367425K->367425K(367616K)] 506177K->401934K(528896K) [PSPermGen: 13625K->13625K(21504K)], 0.0747430 secs] [Times: user=0.52 sys=0.00, real=0.07 secs] 
95.950: Total time for which application threads were stopped: 0.0753790 seconds, Stopping threads took: 0.0000560 seconds
95.975: Application time: 0.0250050 seconds
95.976: [Full GC [PSYoungGen: 138752K->34523K(161280K)] [ParOldGen: 367425K->367425K(367616K)] 506177K->401949K(528896K) [PSPermGen: 13625K->13625K(21504K)], 0.0743610 secs] [Times: user=0.52 sys=0.00, real=0.07 secs] 
96.050: Total time for which application threads were stopped: 0.0750010 seconds, Stopping threads took: 0.0000440 seconds
96.076: Application time: 0.0258630 seconds
96.077: [Full GC [PSYoungGen: 138752K->34539K(161280K)] [ParOldGen: 367425K->367425K(367616K)] 506177K->401964K(528896K) [PSPermGen: 13625K->13625K(21504K)], 0.0736120 secs] [Times: user=0.52 sys=0.00, real=0.07 secs] 
96.151: Total time for which application threads were stopped: 0.0743510 seconds, Stopping threads took: 0.0000830 seconds
96.175: Application time: 0.0248290 seconds
96.176: [Full GC [PSYoungGen: 138752K->34552K(161280K)] [ParOldGen: 367425K->367425K(367616K)] 506177K->401978K(528896K) [PSPermGen: 13625K->13625K(21504K)], 0.0738520 secs] [Times: user=0.52 sys=0.00, real=0.07 secs] 
96.250: Total time for which application threads were stopped: 0.0745210 seconds, Stopping threads took: 0.0000800 seconds
96.275: Application time: 0.0245960 seconds
96.275: [Full GC [PSYoungGen: 138752K->34566K(161280K)] [ParOldGen: 367425K->367425K(367616K)] 506177K->401991K(528896K) [PSPermGen: 13625K->13625K(21504K)], 0.0741470 secs] [Times: user=0.52 sys=0.00, real=0.07 secs] 
96.349: Total time for which application threads were stopped: 0.0748160 seconds, Stopping threads took: 0.0001110 seconds
96.375: Application time: 0.0252340 seconds
96.375: [Full GC [PSYoungGen: 138752K->34573K(161280K)] [ParOldGen: 367425K->367425K(367616K)] 506177K->401998K(528896K) [PSPermGen: 13625K->13625K(21504K)], 0.0742800 secs] [Times: user=0.53 sys=0.00, real=0.07 secs] 
96.449: Total time for which application threads were stopped: 0.0748870 seconds, Stopping threads took: 0.0000620 seconds
96.475: Application time: 0.0252500 seconds
96.475: [Full GC [PSYoungGen: 138752K->34473K(161280K)] [ParOldGen: 367425K->367425K(367616K)] 506177K->401898K(528896K) [PSPermGen: 13625K->13625K(21504K)], 0.0736470 secs] [Times: user=0.52 sys=0.00, real=0.07 secs] 
96.549: Total time for which application threads were stopped: 0.0743630 seconds, Stopping threads took: 0.0000860 seconds
96.574: Application time: 0.0245960 seconds
96.574: [Full GC [PSYoungGen: 138752K->34469K(161280K)] [ParOldGen: 367425K->367425K(367616K)] 506177K->401895K(528896K) [PSPermGen: 13625K->13625K(21504K)], 0.0750260 secs] [Times: user=0.52 sys=0.00, real=0.07 secs] 
96.649: Total time for which application threads were stopped: 0.0756400 seconds, Stopping threads took: 0.0000570 seconds
96.674: Application time: 0.0247060 seconds
96.675: [Full GC [PSYoungGen: 138752K->34485K(161280K)] [ParOldGen: 367425K->367425K(367616K)] 506177K->401911K(528896K) [PSPermGen: 13625K->13625K(21504K)], 0.0796520 secs] [Times: user=0.56 sys=0.00, real=0.08 secs] 
96.754: Total time for which application threads were stopped: 0.0802880 seconds, Stopping threads took: 0.0000550 seconds
96.779: Application time: 0.0248160 seconds
96.780: [Full GC [PSYoungGen: 138752K->34502K(161280K)] [ParOldGen: 367425K->367425K(367616K)] 506177K->401927K(528896K) [PSPermGen: 13625K->13625K(21504K)], 0.0744420 secs] [Times: user=0.52 sys=0.00, real=0.08 secs] 
96.854: Total time for which application threads were stopped: 0.0751060 seconds, Stopping threads took: 0.0000970 seconds
96.879: Application time: 0.0248000 seconds
96.880: [Full GC [PSYoungGen: 138752K->34517K(161280K)] [ParOldGen: 367425K->367425K(367616K)] 506177K->401943K(528896K) [PSPermGen: 13625K->13625K(21504K)], 0.0742990 secs] [Times: user=0.52 sys=0.00, real=0.08 secs] 
96.954: Total time for which application threads were stopped: 0.0749300 seconds, Stopping threads took: 0.0000460 seconds
96.979: Application time: 0.0248610 seconds
96.979: [Full GC [PSYoungGen: 138752K->34534K(161280K)] [ParOldGen: 367425K->367425K(367616K)] 506177K->401959K(528896K) [PSPermGen: 13625K->13625K(21504K)], 0.0747230 secs] [Times: user=0.52 sys=0.00, real=0.08 secs] 
97.054: Total time for which application threads were stopped: 0.0753490 seconds, Stopping threads took: 0.0000690 seconds
97.079: Application time: 0.0249060 seconds
97.080: [Full GC [PSYoungGen: 138752K->34544K(161280K)] [ParOldGen: 367425K->367425K(367616K)] 506177K->401969K(528896K) [PSPermGen: 13625K->13625K(21504K)], 0.0747480 secs] [Times: user=0.53 sys=0.00, real=0.08 secs] 
97.155: Total time for which application threads were stopped: 0.0753880 seconds, Stopping threads took: 0.0000790 seconds
97.179: Application time: 0.0246000 seconds
97.180: [Full GC [PSYoungGen: 138752K->34563K(161280K)] [ParOldGen: 367425K->367425K(367616K)] 506177K->401988K(528896K) [PSPermGen: 13625K->13625K(21504K)], 0.0745570 secs] [Times: user=0.51 sys=0.00, real=0.08 secs] 
97.254: Total time for which application threads were stopped: 0.0752660 seconds, Stopping threads took: 0.0001190 seconds
97.279: Application time: 0.0248080 seconds
97.280: [Full GC [PSYoungGen: 138752K->34577K(161280K)] [ParOldGen: 367425K->367425K(367616K)] 506177K->402003K(528896K) [PSPermGen: 13625K->13625K(21504K)], 0.0737250 secs] [Times: user=0.52 sys=0.00, real=0.08 secs] 
97.354: Total time for which application threads were stopped: 0.0743750 seconds, Stopping threads took: 0.0000580 seconds
97.380: Application time: 0.0265630 seconds
97.381: [Full GC [PSYoungGen: 138752K->34429K(161280K)] [ParOldGen: 367425K->367425K(367616K)] 506177K->401854K(528896K) [PSPermGen: 13625K->13625K(21504K)], 0.0742020 secs] [Times: user=0.52 sys=0.00, real=0.08 secs] 
97.455: Total time for which application threads were stopped: 0.0749160 seconds, Stopping threads took: 0.0000450 seconds
97.480: Application time: 0.0251730 seconds
97.481: [Full GC [PSYoungGen: 138752K->34289K(161280K)] [ParOldGen: 367425K->367425K(367616K)] 506177K->401714K(528896K) [PSPermGen: 13625K->13625K(21504K)], 0.0735700 secs] [Times: user=0.52 sys=0.00, real=0.08 secs] 
97.555: Total time for which application threads were stopped: 0.0742690 seconds, Stopping threads took: 0.0000550 seconds
97.579: Application time: 0.0241410 seconds
97.579: [Full GC [PSYoungGen: 138752K->34269K(161280K)] [ParOldGen: 367425K->367425K(367616K)] 506177K->401694K(528896K) [PSPermGen: 13625K->13625K(21504K)], 0.0744160 secs] [Times: user=0.51 sys=0.00, real=0.08 secs] 
97.654: Total time for which application threads were stopped: 0.0751180 seconds, Stopping threads took: 0.0000630 seconds
97.678: Application time: 0.0243360 seconds
97.679: [Full GC [PSYoungGen: 138752K->34285K(161280K)] [ParOldGen: 367425K->367425K(367616K)] 506177K->401711K(528896K) [PSPermGen: 13625K->13625K(21504K)], 0.0738180 secs] [Times: user=0.51 sys=0.00, real=0.08 secs] 
97.753: Total time for which application threads were stopped: 0.0744230 seconds, Stopping threads took: 0.0000450 seconds
97.777: Application time: 0.0247630 seconds
97.778: [Full GC [PSYoungGen: 138752K->34298K(161280K)] [ParOldGen: 367425K->367425K(367616K)] 506177K->401723K(528896K) [PSPermGen: 13625K->13625K(21504K)], 0.0744630 secs] [Times: user=0.52 sys=0.00, real=0.08 secs] 
97.852: Total time for which application threads were stopped: 0.0751160 seconds, Stopping threads took: 0.0000470 seconds
97.878: Application time: 0.0257060 seconds
97.879: [Full GC [PSYoungGen: 138752K->34317K(161280K)] [ParOldGen: 367425K->367425K(367616K)] 506177K->401742K(528896K) [PSPermGen: 13625K->13625K(21504K)], 0.0743020 secs] [Times: user=0.52 sys=0.00, real=0.08 secs] 
97.953: Total time for which application threads were stopped: 0.0750520 seconds, Stopping threads took: 0.0001840 seconds
97.978: Application time: 0.0249160 seconds
97.979: [Full GC [PSYoungGen: 138752K->34330K(161280K)] [ParOldGen: 367425K->367425K(367616K)] 506177K->401755K(528896K) [PSPermGen: 13625K->13625K(21504K)], 0.0739100 secs] [Times: user=0.52 sys=0.00, real=0.08 secs] 
98.053: Total time for which application threads were stopped: 0.0745740 seconds, Stopping threads took: 0.0000840 seconds
98.078: Application time: 0.0248360 seconds
98.078: [Full GC [PSYoungGen: 138752K->34287K(161280K)] [ParOldGen: 367425K->367425K(367616K)] 506177K->401712K(528896K) [PSPermGen: 13625K->13625K(21504K)], 0.0733990 secs] [Times: user=0.51 sys=0.00, real=0.08 secs] 
98.152: Total time for which application threads were stopped: 0.0740790 seconds, Stopping threads took: 0.0000530 seconds
98.176: Application time: 0.0246710 seconds
98.177: [Full GC [PSYoungGen: 138752K->34290K(161280K)] [ParOldGen: 367425K->367425K(367616K)] 506177K->401715K(528896K) [PSPermGen: 13625K->13625K(21504K)], 0.0737370 secs] [Times: user=0.51 sys=0.00, real=0.07 secs] 
98.251: Total time for which application threads were stopped: 0.0743960 seconds, Stopping threads took: 0.0000730 seconds
98.275: Application time: 0.0245990 seconds
98.276: [Full GC [PSYoungGen: 138752K->34305K(161280K)] [ParOldGen: 367425K->367425K(367616K)] 506177K->401730K(528896K) [PSPermGen: 13625K->13625K(21504K)], 0.0739130 secs] [Times: user=0.52 sys=0.00, real=0.07 secs] 
98.350: Total time for which application threads were stopped: 0.0746330 seconds, Stopping threads took: 0.0000750 seconds
98.375: Application time: 0.0247390 seconds
98.375: [Full GC [PSYoungGen: 138752K->34320K(161280K)] [ParOldGen: 367425K->367425K(367616K)] 506177K->401746K(528896K) [PSPermGen: 13625K->13625K(21504K)], 0.0738270 secs] [Times: user=0.52 sys=0.00, real=0.07 secs] 
98.449: Total time for which application threads were stopped: 0.0745170 seconds, Stopping threads took: 0.0000830 seconds
98.475: Application time: 0.0253820 seconds
98.475: [Full GC [PSYoungGen: 138752K->34335K(161280K)] [ParOldGen: 367425K->367425K(367616K)] 506177K->401760K(528896K) [PSPermGen: 13625K->13625K(21504K)], 0.0736830 secs] [Times: user=0.52 sys=0.00, real=0.07 secs] 
98.549: Total time for which application threads were stopped: 0.0743180 seconds, Stopping threads took: 0.0000760 seconds
98.573: Application time: 0.0245580 seconds
98.574: [Full GC [PSYoungGen: 138752K->34350K(161280K)] [ParOldGen: 367425K->367425K(367616K)] 506177K->401775K(528896K) [PSPermGen: 13625K->13625K(21504K)], 0.0760260 secs] [Times: user=0.53 sys=0.00, real=0.07 secs] 
98.650: Total time for which application threads were stopped: 0.0767080 seconds, Stopping threads took: 0.0000910 seconds
98.675: Application time: 0.0245290 seconds
98.675: [Full GC [PSYoungGen: 138752K->34364K(161280K)] [ParOldGen: 367425K->367425K(367616K)] 506177K->401789K(528896K) [PSPermGen: 13625K->13625K(21504K)], 0.0737500 secs] [Times: user=0.52 sys=0.00, real=0.07 secs] 
98.749: Total time for which application threads were stopped: 0.0744190 seconds, Stopping threads took: 0.0000860 seconds
98.775: Application time: 0.0262380 seconds
98.776: [Full GC [PSYoungGen: 138752K->34379K(161280K)] [ParOldGen: 367425K->367425K(367616K)] 506177K->401805K(528896K) [PSPermGen: 13625K->13625K(21504K)], 0.0769160 secs] [Times: user=0.55 sys=0.00, real=0.08 secs] 
98.853: Total time for which application threads were stopped: 0.0775960 seconds, Stopping threads took: 0.0000980 seconds
98.878: Application time: 0.0248830 seconds
98.878: [Full GC [PSYoungGen: 138752K->34395K(161280K)] [ParOldGen: 367425K->367425K(367616K)] 506177K->401820K(528896K) [PSPermGen: 13625K->13625K(21504K)], 0.0740590 secs] [Times: user=0.52 sys=0.00, real=0.08 secs] 
98.953: Total time for which application threads were stopped: 0.0747500 seconds, Stopping threads took: 0.0000980 seconds
98.978: Application time: 0.0249570 seconds
98.978: [Full GC [PSYoungGen: 138752K->34408K(161280K)] [ParOldGen: 367425K->367425K(367616K)] 506177K->401833K(528896K) [PSPermGen: 13625K->13625K(21504K)], 0.0746930 secs] [Times: user=0.53 sys=0.00, real=0.08 secs] 
99.053: Total time for which application threads were stopped: 0.0753670 seconds, Stopping threads took: 0.0000810 seconds
99.078: Application time: 0.0247080 seconds
99.078: [Full GC [PSYoungGen: 138752K->34425K(161280K)] [ParOldGen: 367425K->367425K(367616K)] 506177K->401851K(528896K) [PSPermGen: 13625K->13625K(21504K)], 0.0747960 secs] [Times: user=0.53 sys=0.00, real=0.08 secs] 
99.153: Total time for which application threads were stopped: 0.0754090 seconds, Stopping threads took: 0.0000610 seconds
99.178: Application time: 0.0246570 seconds
99.178: [Full GC [PSYoungGen: 138752K->34433K(161280K)] [ParOldGen: 367425K->367425K(367616K)] 506177K->401859K(528896K) [PSPermGen: 13625K->13625K(21504K)], 0.0736670 secs] [Times: user=0.52 sys=0.00, real=0.08 secs] 
99.252: Total time for which application threads were stopped: 0.0743570 seconds, Stopping threads took: 0.0000660 seconds
99.277: Application time: 0.0247320 seconds
99.277: [Full GC [PSYoungGen: 138752K->34450K(161280K)] [ParOldGen: 367425K->367425K(367616K)] 506177K->401875K(528896K) [PSPermGen: 13625K->13625K(21504K)], 0.0737090 secs] [Times: user=0.52 sys=0.00, real=0.07 secs] 
99.351: Total time for which application threads were stopped: 0.0743780 seconds, Stopping threads took: 0.0000480 seconds
99.376: Application time: 0.0244370 seconds
99.376: [Full GC [PSYoungGen: 138752K->34467K(161280K)] [ParOldGen: 367425K->367425K(367616K)] 506177K->401893K(528896K) [PSPermGen: 13625K->13625K(21504K)], 0.0736320 secs] [Times: user=0.52 sys=0.00, real=0.07 secs] 
99.450: Total time for which application threads were stopped: 0.0743540 seconds, Stopping threads took: 0.0000790 seconds
99.474: Application time: 0.0243490 seconds
99.475: [Full GC [PSYoungGen: 138752K->34482K(161280K)] [ParOldGen: 367425K->367425K(367616K)] 506177K->401908K(528896K) [PSPermGen: 13625K->13625K(21504K)], 0.0739930 secs] [Times: user=0.53 sys=0.00, real=0.07 secs] 
99.549: Total time for which application threads were stopped: 0.0746290 seconds, Stopping threads took: 0.0000560 seconds
99.574: Application time: 0.0246300 seconds
99.574: [Full GC [PSYoungGen: 138752K->34496K(161280K)] [ParOldGen: 367425K->367425K(367616K)] 506177K->401921K(528896K) [PSPermGen: 13625K->13625K(21504K)], 0.0779510 secs] [Times: user=0.55 sys=0.00, real=0.08 secs] 
99.652: Total time for which application threads were stopped: 0.0785760 seconds, Stopping threads took: 0.0000520 seconds
99.677: Application time: 0.0248140 seconds
99.678: [Full GC [PSYoungGen: 138752K->34514K(161280K)] [ParOldGen: 367425K->367425K(367616K)] 506177K->401939K(528896K) [PSPermGen: 13625K->13625K(21504K)], 0.0781090 secs] [Times: user=0.53 sys=0.01, real=0.08 secs] 
99.756: Total time for which application threads were stopped: 0.0787940 seconds, Stopping threads took: 0.0000780 seconds
99.781: Application time: 0.0247410 seconds
99.781: [Full GC [PSYoungGen: 138752K->34528K(161280K)] [ParOldGen: 367425K->367425K(367616K)] 506177K->401953K(528896K) [PSPermGen: 13625K->13625K(21504K)], 0.0736300 secs] [Times: user=0.53 sys=0.00, real=0.08 secs] 
99.855: Total time for which application threads were stopped: 0.0743090 seconds, Stopping threads took: 0.0000930 seconds
99.880: Application time: 0.0246610 seconds
99.880: [Full GC [PSYoungGen: 138752K->34542K(161280K)] [ParOldGen: 367425K->367425K(367616K)] 506177K->401968K(528896K) [PSPermGen: 13625K->13625K(21504K)], 0.0734290 secs] [Times: user=0.52 sys=0.00, real=0.08 secs] 
99.954: Total time for which application threads were stopped: 0.0740720 seconds, Stopping threads took: 0.0000670 seconds
99.978: Application time: 0.0247880 seconds
99.979: [Full GC [PSYoungGen: 138752K->34557K(161280K)] [ParOldGen: 367425K->367425K(367616K)] 506177K->401983K(528896K) [PSPermGen: 13625K->13625K(21504K)], 0.0738190 secs] [Times: user=0.52 sys=0.00, real=0.08 secs] 
100.053: Total time for which application threads were stopped: 0.0745010 seconds, Stopping threads took: 0.0000630 seconds
100.077: Application time: 0.0243820 seconds
100.078: [Full GC [PSYoungGen: 138752K->34572K(161280K)] [ParOldGen: 367425K->367425K(367616K)] 506177K->401997K(528896K) [PSPermGen: 13625K->13625K(21504K)], 0.0749940 secs] [Times: user=0.52 sys=0.00, real=0.08 secs] 
100.153: Total time for which application threads were stopped: 0.0756040 seconds, Stopping threads took: 0.0000590 seconds
100.178: Application time: 0.0247470 seconds
100.178: [Full GC [PSYoungGen: 138752K->34584K(161280K)] [ParOldGen: 367425K->367425K(367616K)] 506177K->402009K(528896K) [PSPermGen: 13625K->13625K(21504K)], 0.0738510 secs] [Times: user=0.51 sys=0.00, real=0.08 secs] 
100.252: Total time for which application threads were stopped: 0.0744660 seconds, Stopping threads took: 0.0000460 seconds
100.278: Application time: 0.0262040 seconds
100.279: [Full GC [PSYoungGen: 138752K->34476K(161280K)] [ParOldGen: 367425K->367425K(367616K)] 506177K->401902K(528896K) [PSPermGen: 13625K->13625K(21504K)], 0.0751440 secs] [Times: user=0.53 sys=0.00, real=0.08 secs] 
100.354: Total time for which application threads were stopped: 0.0759390 seconds, Stopping threads took: 0.0000740 seconds
100.379: Application time: 0.0245320 seconds
100.379: [Full GC [PSYoungGen: 138752K->34476K(161280K)] [ParOldGen: 367425K->367425K(367616K)] 506177K->401901K(528896K) [PSPermGen: 13625K->13625K(21504K)], 0.0738210 secs] [Times: user=0.51 sys=0.00, real=0.08 secs] 
100.453: Total time for which application threads were stopped: 0.0745240 seconds, Stopping threads took: 0.0000620 seconds
100.478: Application time: 0.0245550 seconds
100.478: [Full GC [PSYoungGen: 138752K->34492K(161280K)] [ParOldGen: 367425K->367425K(367616K)] 506177K->401917K(528896K) [PSPermGen: 13625K->13625K(21504K)], 0.0736800 secs] [Times: user=0.52 sys=0.00, real=0.08 secs] 
100.552: Total time for which application threads were stopped: 0.0743590 seconds, Stopping threads took: 0.0000570 seconds
100.577: Application time: 0.0246200 seconds
100.577: [Full GC [PSYoungGen: 138752K->34507K(161280K)] [ParOldGen: 367425K->367425K(367616K)] 506177K->401933K(528896K) [PSPermGen: 13625K->13625K(21504K)], 0.0759970 secs] [Times: user=0.52 sys=0.00, real=0.08 secs] 
100.654: Total time for which application threads were stopped: 0.0766580 seconds, Stopping threads took: 0.0000780 seconds
100.679: Application time: 0.0253290 seconds
100.679: [Full GC [PSYoungGen: 138752K->34521K(161280K)] [ParOldGen: 367425K->367425K(367616K)] 506177K->401946K(528896K) [PSPermGen: 13625K->13625K(21504K)], 0.0757050 secs] [Times: user=0.53 sys=0.00, real=0.08 secs] 
100.755: Total time for which application threads were stopped: 0.0763910 seconds, Stopping threads took: 0.0000650 seconds
100.780: Application time: 0.0247020 seconds
100.781: [Full GC [PSYoungGen: 138752K->34539K(161280K)] [ParOldGen: 367425K->367425K(367616K)] 506177K->401965K(528896K) [PSPermGen: 13625K->13625K(21504K)], 0.0738200 secs] [Times: user=0.52 sys=0.00, real=0.08 secs] 
100.854: Total time for which application threads were stopped: 0.0745250 seconds, Stopping threads took: 0.0000790 seconds
100.879: Application time: 0.0246940 seconds
100.880: [Full GC [PSYoungGen: 138752K->34551K(161280K)] [ParOldGen: 367425K->367425K(367616K)] 506177K->401977K(528896K) [PSPermGen: 13625K->13625K(21504K)], 0.0734740 secs] [Times: user=0.51 sys=0.00, real=0.08 secs] 
100.953: Total time for which application threads were stopped: 0.0741210 seconds, Stopping threads took: 0.0000610 seconds
100.979: Application time: 0.0256360 seconds
100.980: [Full GC [PSYoungGen: 138752K->34502K(161280K)] [ParOldGen: 367425K->367425K(367616K)] 506177K->401927K(528896K) [PSPermGen: 13625K->13625K(21504K)], 0.0737660 secs] [Times: user=0.52 sys=0.00, real=0.08 secs] 
101.053: Total time for which application threads were stopped: 0.0744960 seconds, Stopping threads took: 0.0000910 seconds
101.078: Application time: 0.0248570 seconds
101.079: [Full GC [PSYoungGen: 138752K->34454K(161280K)] [ParOldGen: 367425K->367425K(367616K)] 506177K->401879K(528896K) [PSPermGen: 13625K->13625K(21504K)], 0.0736570 secs] [Times: user=0.52 sys=0.00, real=0.08 secs] 
101.153: Total time for which application threads were stopped: 0.0743200 seconds, Stopping threads took: 0.0000930 seconds
101.178: Application time: 0.0254250 seconds
101.179: [Full GC [PSYoungGen: 138752K->34394K(161280K)] [ParOldGen: 367425K->367425K(367616K)] 506177K->401820K(528896K) [PSPermGen: 13625K->13625K(21504K)], 0.0736100 secs] [Times: user=0.52 sys=0.01, real=0.08 secs] 
101.252: Total time for which application threads were stopped: 0.0742760 seconds, Stopping threads took: 0.0000920 seconds
101.279: Application time: 0.0269930 seconds
101.280: [Full GC [PSYoungGen: 138752K->34289K(161280K)] [ParOldGen: 367425K->367425K(367616K)] 506177K->401715K(528896K) [PSPermGen: 13625K->13625K(21504K)], 0.0746480 secs] [Times: user=0.53 sys=0.01, real=0.08 secs] 
101.355: Total time for which application threads were stopped: 0.0754030 seconds, Stopping threads took: 0.0001040 seconds
101.379: Application time: 0.0246940 seconds
101.380: [Full GC [PSYoungGen: 138752K->34276K(161280K)] [ParOldGen: 367425K->367425K(367616K)] 506177K->401702K(528896K) [PSPermGen: 13625K->13625K(21504K)], 0.0739250 secs] [Times: user=0.53 sys=0.00, real=0.08 secs] 
101.454: Total time for which application threads were stopped: 0.0745400 seconds, Stopping threads took: 0.0000630 seconds
101.479: Application time: 0.0247890 seconds
101.479: [Full GC [PSYoungGen: 138752K->34291K(161280K)] [ParOldGen: 367425K->367425K(367616K)] 506177K->401717K(528896K) [PSPermGen: 13625K->13625K(21504K)], 0.0732150 secs] [Times: user=0.52 sys=0.00, real=0.08 secs] 
101.553: Total time for which application threads were stopped: 0.0738760 seconds, Stopping threads took: 0.0000760 seconds
101.577: Application time: 0.0246340 seconds
101.578: [Full GC [PSYoungGen: 138752K->34305K(161280K)] [ParOldGen: 367425K->367425K(367616K)] 506177K->401730K(528896K) [PSPermGen: 13625K->13625K(21504K)], 0.0744850 secs] [Times: user=0.52 sys=0.00, real=0.08 secs] 
101.652: Total time for which application threads were stopped: 0.0751300 seconds, Stopping threads took: 0.0000670 seconds
101.679: Application time: 0.0261560 seconds
101.679: [Full GC [PSYoungGen: 138752K->34321K(161280K)] [ParOldGen: 367425K->367425K(367616K)] 506177K->401747K(528896K) [PSPermGen: 13625K->13625K(21504K)], 0.0740710 secs] [Times: user=0.53 sys=0.00, real=0.08 secs] 
101.753: Total time for which application threads were stopped: 0.0747460 seconds, Stopping threads took: 0.0000840 seconds
101.778: Application time: 0.0250300 seconds
101.779: [Full GC [PSYoungGen: 138752K->34337K(161280K)] [ParOldGen: 367425K->367425K(367616K)] 506177K->401763K(528896K) [PSPermGen: 13625K->13625K(21504K)], 0.0751920 secs] [Times: user=0.52 sys=0.00, real=0.08 secs] 
101.854: Total time for which application threads were stopped: 0.0758450 seconds, Stopping threads took: 0.0000890 seconds
101.879: Application time: 0.0252090 seconds
101.880: [Full GC [PSYoungGen: 138752K->34295K(161280K)] [ParOldGen: 367425K->367425K(367616K)] 506177K->401720K(528896K) [PSPermGen: 13625K->13625K(21504K)], 0.0733660 secs] [Times: user=0.52 sys=0.00, real=0.08 secs] 
101.953: Total time for which application threads were stopped: 0.0740060 seconds, Stopping threads took: 0.0000670 seconds
101.978: Application time: 0.0246930 seconds
101.979: [Full GC [PSYoungGen: 138752K->34294K(161280K)] [ParOldGen: 367425K->367425K(367616K)] 506177K->401719K(528896K) [PSPermGen: 13625K->13625K(21504K)], 0.0731370 secs] [Times: user=0.52 sys=0.00, real=0.08 secs] 
102.052: Total time for which application threads were stopped: 0.0737890 seconds, Stopping threads took: 0.0000740 seconds
102.077: Application time: 0.0247060 seconds
102.077: [Full GC [PSYoungGen: 138752K->34310K(161280K)] [ParOldGen: 367425K->367425K(367616K)] 506177K->401735K(528896K) [PSPermGen: 13625K->13625K(21504K)], 0.0739020 secs] [Times: user=0.53 sys=0.00, real=0.07 secs] 
102.151: Total time for which application threads were stopped: 0.0745480 seconds, Stopping threads took: 0.0000710 seconds
102.176: Application time: 0.0247820 seconds
102.177: [Full GC [PSYoungGen: 138752K->34322K(161280K)] [ParOldGen: 367425K->367425K(367616K)] 506177K->401747K(528896K) [PSPermGen: 13625K->13625K(21504K)], 0.0734520 secs] [Times: user=0.52 sys=0.00, real=0.07 secs] 
102.250: Total time for which application threads were stopped: 0.0741400 seconds, Stopping threads took: 0.0000570 seconds
102.275: Application time: 0.0246600 seconds
102.275: [Full GC [PSYoungGen: 138752K->34340K(161280K)] [ParOldGen: 367425K->367425K(367616K)] 506177K->401765K(528896K) [PSPermGen: 13625K->13625K(21504K)], 0.0735470 secs] [Times: user=0.52 sys=0.00, real=0.07 secs] 
102.349: Total time for which application threads were stopped: 0.0742500 seconds, Stopping threads took: 0.0000880 seconds
102.374: Application time: 0.0246440 seconds
102.374: [Full GC [PSYoungGen: 138752K->34354K(161280K)] [ParOldGen: 367425K->367425K(367616K)] 506177K->401779K(528896K) [PSPermGen: 13625K->13625K(21504K)], 0.0740170 secs] [Times: user=0.52 sys=0.00, real=0.07 secs] 
102.448: Total time for which application threads were stopped: 0.0746570 seconds, Stopping threads took: 0.0000810 seconds
102.473: Application time: 0.0247740 seconds
102.474: [Full GC [PSYoungGen: 138752K->34367K(161280K)] [ParOldGen: 367425K->367425K(367616K)] 506177K->401792K(528896K) [PSPermGen: 13625K->13625K(21504K)], 0.0795470 secs] [Times: user=0.53 sys=0.00, real=0.08 secs] 
102.553: Total time for which application threads were stopped: 0.0801660 seconds, Stopping threads took: 0.0000500 seconds
102.579: Application time: 0.0257960 seconds
102.580: [Full GC [PSYoungGen: 138752K->34383K(161280K)] [ParOldGen: 367425K->367425K(367616K)] 506177K->401809K(528896K) [PSPermGen: 13625K->13625K(21504K)], 0.0759610 secs] [Times: user=0.53 sys=0.00, real=0.08 secs] 
102.656: Total time for which application threads were stopped: 0.0766170 seconds, Stopping threads took: 0.0000600 seconds
102.681: Application time: 0.0252680 seconds
102.682: [Full GC [PSYoungGen: 138752K->34398K(161280K)] [ParOldGen: 367425K->367425K(367616K)] 506177K->401823K(528896K) [PSPermGen: 13625K->13625K(21504K)], 0.0738030 secs] [Times: user=0.51 sys=0.00, real=0.08 secs] 
102.755: Total time for which application threads were stopped: 0.0745140 seconds, Stopping threads took: 0.0000760 seconds
102.783: Application time: 0.0271930 seconds
102.783: [Full GC [PSYoungGen: 138752K->34413K(161280K)] [ParOldGen: 367425K->367425K(367616K)] 506177K->401838K(528896K) [PSPermGen: 13625K->13625K(21504K)], 0.0740710 secs] [Times: user=0.51 sys=0.01, real=0.08 secs] 
102.857: Total time for which application threads were stopped: 0.0748000 seconds, Stopping threads took: 0.0001040 seconds
102.882: Application time: 0.0249050 seconds
102.883: [Full GC [PSYoungGen: 138752K->34429K(161280K)] [ParOldGen: 367425K->367425K(367616K)] 506177K->401854K(528896K) [PSPermGen: 13625K->13625K(21504K)], 0.0770050 secs] [Times: user=0.54 sys=0.00, real=0.08 secs] 
102.960: Total time for which application threads were stopped: 0.0777480 seconds, Stopping threads took: 0.0000990 seconds
102.985: Application time: 0.0248830 seconds
102.986: [Full GC [PSYoungGen: 138752K->34444K(161280K)] [ParOldGen: 367425K->367425K(367616K)] 506177K->401869K(528896K) [PSPermGen: 13625K->13625K(21504K)], 0.0738750 secs] [Times: user=0.52 sys=0.00, real=0.07 secs] 
103.060: Total time for which application threads were stopped: 0.0746150 seconds, Stopping threads took: 0.0000960 seconds
103.084: Application time: 0.0245300 seconds
103.085: [Full GC [PSYoungGen: 138752K->34457K(161280K)] [ParOldGen: 367425K->367425K(367616K)] 506177K->401883K(528896K) [PSPermGen: 13625K->13625K(21504K)], 0.0736670 secs] [Times: user=0.52 sys=0.00, real=0.07 secs] 
103.158: Total time for which application threads were stopped: 0.0742640 seconds, Stopping threads took: 0.0000480 seconds
103.183: Application time: 0.0245580 seconds
103.184: [Full GC [PSYoungGen: 138752K->34472K(161280K)] [ParOldGen: 367425K->367425K(367616K)] 506177K->401897K(528896K) [PSPermGen: 13625K->13625K(21504K)], 0.0741090 secs] [Times: user=0.52 sys=0.00, real=0.07 secs] 
103.258: Total time for which application threads were stopped: 0.0747680 seconds, Stopping threads took: 0.0001010 seconds
103.283: Application time: 0.0247860 seconds
103.283: [Full GC [PSYoungGen: 138752K->34487K(161280K)] [ParOldGen: 367425K->367425K(367616K)] 506177K->401912K(528896K) [PSPermGen: 13625K->13625K(21504K)], 0.0756450 secs] [Times: user=0.52 sys=0.00, real=0.08 secs] 
103.359: Total time for which application threads were stopped: 0.0763060 seconds, Stopping threads took: 0.0000850 seconds
103.384: Application time: 0.0248950 seconds
103.384: [Full GC [PSYoungGen: 138752K->34502K(161280K)] [ParOldGen: 367425K->367425K(367616K)] 506177K->401928K(528896K) [PSPermGen: 13625K->13625K(21504K)], 0.0764060 secs] [Times: user=0.53 sys=0.00, real=0.07 secs] 
103.461: Total time for which application threads were stopped: 0.0770640 seconds, Stopping threads took: 0.0000670 seconds
103.486: Application time: 0.0247790 seconds
103.486: [Full GC [PSYoungGen: 138752K->34518K(161280K)] [ParOldGen: 367425K->367425K(367616K)] 506177K->401943K(528896K) [PSPermGen: 13625K->13625K(21504K)], 0.0740480 secs] [Times: user=0.52 sys=0.00, real=0.07 secs] 
103.560: Total time for which application threads were stopped: 0.0746800 seconds, Stopping threads took: 0.0000580 seconds
103.585: Application time: 0.0247090 seconds
103.586: [Full GC [PSYoungGen: 138752K->34532K(161280K)] [ParOldGen: 367425K->367425K(367616K)] 506177K->401957K(528896K) [PSPermGen: 13625K->13625K(21504K)], 0.0748210 secs] [Times: user=0.52 sys=0.00, real=0.07 secs] 
103.660: Total time for which application threads were stopped: 0.0754630 seconds, Stopping threads took: 0.0000660 seconds
103.685: Application time: 0.0245930 seconds
103.686: [Full GC [PSYoungGen: 138752K->34545K(161280K)] [ParOldGen: 367425K->367425K(367616K)] 506177K->401970K(528896K) [PSPermGen: 13625K->13625K(21504K)], 0.0738190 secs] [Times: user=0.52 sys=0.00, real=0.07 secs] 
103.760: Total time for which application threads were stopped: 0.0744430 seconds, Stopping threads took: 0.0000300 seconds
103.784: Application time: 0.0245220 seconds
103.785: [Full GC [PSYoungGen: 138752K->34563K(161280K)] [ParOldGen: 367425K->367425K(367616K)] 506177K->401988K(528896K) [PSPermGen: 13625K->13625K(21504K)], 0.0739330 secs] [Times: user=0.52 sys=0.00, real=0.07 secs] 
103.859: Total time for which application threads were stopped: 0.0745520 seconds, Stopping threads took: 0.0000560 seconds
103.883: Application time: 0.0245580 seconds
103.884: [Full GC [PSYoungGen: 138752K->34577K(161280K)] [ParOldGen: 367425K->367425K(367616K)] 506177K->402002K(528896K) [PSPermGen: 13625K->13625K(21504K)], 0.0770140 secs] [Times: user=0.55 sys=0.00, real=0.07 secs] 
103.961: Total time for which application threads were stopped: 0.0776300 seconds, Stopping threads took: 0.0000380 seconds
103.986: Application time: 0.0247410 seconds
103.986: [Full GC [PSYoungGen: 138752K->34465K(161280K)] [ParOldGen: 367425K->367425K(367616K)] 506177K->401890K(528896K) [PSPermGen: 13625K->13625K(21504K)], 0.0739720 secs] [Times: user=0.53 sys=0.00, real=0.07 secs] 
104.060: Total time for which application threads were stopped: 0.0746890 seconds, Stopping threads took: 0.0000850 seconds
104.085: Application time: 0.0245700 seconds
104.085: [Full GC [PSYoungGen: 138752K->34466K(161280K)] [ParOldGen: 367425K->367425K(367616K)] 506177K->401892K(528896K) [PSPermGen: 13625K->13625K(21504K)], 0.0735990 secs] [Times: user=0.52 sys=0.00, real=0.07 secs] 
104.159: Total time for which application threads were stopped: 0.0742310 seconds, Stopping threads took: 0.0000790 seconds
104.184: Application time: 0.0247960 seconds
104.184: [Full GC [PSYoungGen: 138752K->34483K(161280K)] [ParOldGen: 367425K->367425K(367616K)] 506177K->401908K(528896K) [PSPermGen: 13625K->13625K(21504K)], 0.0737710 secs] [Times: user=0.52 sys=0.00, real=0.07 secs] 
104.258: Total time for which application threads were stopped: 0.0743890 seconds, Stopping threads took: 0.0000610 seconds
104.283: Application time: 0.0249550 seconds
104.284: [Full GC [PSYoungGen: 138752K->34497K(161280K)] [ParOldGen: 367425K->367425K(367616K)] 506177K->401922K(528896K) [PSPermGen: 13625K->13625K(21504K)], 0.0745920 secs] [Times: user=0.52 sys=0.00, real=0.07 secs] 
104.359: Total time for which application threads were stopped: 0.0754890 seconds, Stopping threads took: 0.0002170 seconds
104.383: Application time: 0.0246320 seconds
104.384: [Full GC [PSYoungGen: 138752K->34512K(161280K)] [ParOldGen: 367425K->367425K(367616K)] 506177K->401937K(528896K) [PSPermGen: 13625K->13625K(21504K)], 0.0736970 secs] [Times: user=0.51 sys=0.00, real=0.07 secs] 
104.458: Total time for which application threads were stopped: 0.0743890 seconds, Stopping threads took: 0.0000500 seconds
104.483: Application time: 0.0256890 seconds
104.484: [Full GC [PSYoungGen: 138752K->34526K(161280K)] [ParOldGen: 367425K->367425K(367616K)] 506177K->401952K(528896K) [PSPermGen: 13625K->13625K(21504K)], 0.0739130 secs] [Times: user=0.51 sys=0.00, real=0.07 secs] 
104.558: Total time for which application threads were stopped: 0.0745500 seconds, Stopping threads took: 0.0000540 seconds
104.582: Application time: 0.0243100 seconds
104.583: [Full GC [PSYoungGen: 138752K->34543K(161280K)] [ParOldGen: 367425K->367425K(367616K)] 506177K->401968K(528896K) [PSPermGen: 13625K->13625K(21504K)], 0.0738220 secs] [Times: user=0.52 sys=0.00, real=0.08 secs] 
104.657: Total time for which application threads were stopped: 0.0745590 seconds, Stopping threads took: 0.0000760 seconds
104.682: Application time: 0.0249260 seconds
104.682: [Full GC [PSYoungGen: 138752K->34552K(161280K)] [ParOldGen: 367425K->367425K(367616K)] 506177K->401977K(528896K) [PSPermGen: 13625K->13625K(21504K)], 0.0741160 secs] [Times: user=0.52 sys=0.00, real=0.08 secs] 
104.757: Total time for which application threads were stopped: 0.0747630 seconds, Stopping threads took: 0.0000580 seconds
104.782: Application time: 0.0255890 seconds
104.783: [Full GC [PSYoungGen: 138752K->34450K(161280K)] [ParOldGen: 367425K->367425K(367616K)] 506177K->401875K(528896K) [PSPermGen: 13625K->13625K(21504K)], 0.0753280 secs] [Times: user=0.52 sys=0.00, real=0.08 secs] 
104.858: Total time for which application threads were stopped: 0.0760100 seconds, Stopping threads took: 0.0000490 seconds
104.883: Application time: 0.0246840 seconds
104.883: [Full GC [PSYoungGen: 138752K->34445K(161280K)] [ParOldGen: 367425K->367425K(367616K)] 506177K->401870K(528896K) [PSPermGen: 13625K->13625K(21504K)], 0.0742160 secs] [Times: user=0.52 sys=0.00, real=0.07 secs] 
104.958: Total time for which application threads were stopped: 0.0748870 seconds, Stopping threads took: 0.0001010 seconds
104.983: Application time: 0.0250700 seconds
104.983: [Full GC [PSYoungGen: 138752K->34407K(161280K)] [ParOldGen: 367425K->367425K(367616K)] 506177K->401832K(528896K) [PSPermGen: 13626K->13626K(21504K)], 0.0735960 secs] [Times: user=0.53 sys=0.00, real=0.08 secs] 
105.057: Total time for which application threads were stopped: 0.0742180 seconds, Stopping threads took: 0.0000490 seconds
105.082: Application time: 0.0251530 seconds
105.083: [Full GC [PSYoungGen: 138752K->34279K(161280K)] [ParOldGen: 367425K->367425K(367616K)] 506177K->401705K(528896K) [PSPermGen: 13626K->13626K(21504K)], 0.0735060 secs] [Times: user=0.52 sys=0.00, real=0.08 secs] 
105.156: Total time for which application threads were stopped: 0.0742350 seconds, Stopping threads took: 0.0000860 seconds
105.181: Application time: 0.0246840 seconds
105.182: [Full GC [PSYoungGen: 138752K->34280K(161280K)] [ParOldGen: 367425K->367425K(367616K)] 506177K->401705K(528896K) [PSPermGen: 13626K->13626K(21504K)], 0.0731010 secs] [Times: user=0.51 sys=0.00, real=0.08 secs] 
105.255: Total time for which application threads were stopped: 0.0738220 seconds, Stopping threads took: 0.0000770 seconds
105.280: Application time: 0.0246650 seconds
105.280: [Full GC [PSYoungGen: 138752K->34294K(161280K)] [ParOldGen: 367425K->367425K(367616K)] 506177K->401720K(528896K) [PSPermGen: 13626K->13626K(21504K)], 0.0739920 secs] [Times: user=0.53 sys=0.00, real=0.08 secs] 
105.354: Total time for which application threads were stopped: 0.0747120 seconds, Stopping threads took: 0.0000840 seconds
105.379: Application time: 0.0250010 seconds
105.380: [Full GC [PSYoungGen: 138752K->34311K(161280K)] [ParOldGen: 367425K->367425K(367616K)] 506177K->401736K(528896K) [PSPermGen: 13626K->13626K(21504K)], 0.0741620 secs] [Times: user=0.51 sys=0.00, real=0.08 secs] 
105.454: Total time for which application threads were stopped: 0.0748070 seconds, Stopping threads took: 0.0000580 seconds
105.479: Application time: 0.0248030 seconds
105.480: [Full GC [PSYoungGen: 138752K->34325K(161280K)] [ParOldGen: 367425K->367425K(367616K)] 506177K->401751K(528896K) [PSPermGen: 13626K->13626K(21504K)], 0.0742900 secs] [Times: user=0.51 sys=0.00, real=0.08 secs] 
105.554: Total time for which application threads were stopped: 0.0750240 seconds, Stopping threads took: 0.0000700 seconds
105.579: Application time: 0.0247740 seconds
105.579: [Full GC [PSYoungGen: 138752K->34341K(161280K)] [ParOldGen: 367425K->367425K(367616K)] 506177K->401766K(528896K) [PSPermGen: 13626K->13626K(21504K)], 0.0747710 secs] [Times: user=0.52 sys=0.00, real=0.08 secs] 
105.654: Total time for which application threads were stopped: 0.0754200 seconds, Stopping threads took: 0.0000740 seconds
105.679: Application time: 0.0250010 seconds
105.680: [Full GC [PSYoungGen: 138752K->34299K(161280K)] [ParOldGen: 367425K->367425K(367616K)] 506177K->401724K(528896K) [PSPermGen: 13626K->13626K(21504K)], 0.0733360 secs] [Times: user=0.51 sys=0.00, real=0.08 secs] 
105.753: Total time for which application threads were stopped: 0.0739700 seconds, Stopping threads took: 0.0000500 seconds
105.778: Application time: 0.0251150 seconds
105.779: [Full GC [PSYoungGen: 138752K->34299K(161280K)] [ParOldGen: 367425K->367425K(367616K)] 506177K->401724K(528896K) [PSPermGen: 13626K->13626K(21504K)], 0.0745600 secs] [Times: user=0.52 sys=0.00, real=0.08 secs] 
105.853: Total time for which application threads were stopped: 0.0752060 seconds, Stopping threads took: 0.0000430 seconds
105.878: Application time: 0.0247950 seconds
105.879: [Full GC [PSYoungGen: 138752K->34314K(161280K)] [ParOldGen: 367425K->367425K(367616K)] 506177K->401740K(528896K) [PSPermGen: 13626K->13626K(21504K)], 0.0742190 secs] [Times: user=0.52 sys=0.00, real=0.08 secs] 
105.953: Total time for which application threads were stopped: 0.0748590 seconds, Stopping threads took: 0.0000640 seconds
105.978: Application time: 0.0248970 seconds
105.979: [Full GC [PSYoungGen: 138752K->34330K(161280K)] [ParOldGen: 367425K->367425K(367616K)] 506177K->401755K(528896K) [PSPermGen: 13626K->13626K(21504K)], 0.0747060 secs] [Times: user=0.52 sys=0.00, real=0.08 secs] 
106.053: Total time for which application threads were stopped: 0.0753310 seconds, Stopping threads took: 0.0000580 seconds
106.078: Application time: 0.0248910 seconds
106.079: [Full GC [PSYoungGen: 138752K->34345K(161280K)] [ParOldGen: 367425K->367425K(367616K)] 506177K->401770K(528896K) [PSPermGen: 13626K->13626K(21504K)], 0.0741140 secs] [Times: user=0.53 sys=0.00, real=0.08 secs] 
106.153: Total time for which application threads were stopped: 0.0747420 seconds, Stopping threads took: 0.0000530 seconds
106.178: Application time: 0.0249200 seconds
106.178: [Full GC [PSYoungGen: 138752K->34360K(161280K)] [ParOldGen: 367425K->367425K(367616K)] 506177K->401785K(528896K) [PSPermGen: 13626K->13626K(21504K)], 0.0741470 secs] [Times: user=0.53 sys=0.00, real=0.08 secs] 
106.253: Total time for which application threads were stopped: 0.0747750 seconds, Stopping threads took: 0.0000460 seconds
106.277: Application time: 0.0247780 seconds
106.278: [Full GC [PSYoungGen: 138752K->34373K(161280K)] [ParOldGen: 367425K->367425K(367616K)] 506177K->401799K(528896K) [PSPermGen: 13626K->13626K(21504K)], 0.0799050 secs] [Times: user=0.56 sys=0.00, real=0.08 secs] 
106.358: Total time for which application threads were stopped: 0.0805890 seconds, Stopping threads took: 0.0000750 seconds
106.383: Application time: 0.0250830 seconds
106.384: [Full GC [PSYoungGen: 138752K->34386K(161280K)] [ParOldGen: 367425K->367425K(367616K)] 506177K->401811K(528896K) [PSPermGen: 13626K->13626K(21504K)], 0.0740030 secs] [Times: user=0.52 sys=0.00, real=0.07 secs] 
106.458: Total time for which application threads were stopped: 0.0746750 seconds, Stopping threads took: 0.0000540 seconds
106.483: Application time: 0.0249040 seconds
106.483: [Full GC [PSYoungGen: 138752K->34403K(161280K)] [ParOldGen: 367425K->367425K(367616K)] 506177K->401828K(528896K) [PSPermGen: 13626K->13626K(21504K)], 0.0737070 secs] [Times: user=0.51 sys=0.00, real=0.08 secs] 
106.557: Total time for which application threads were stopped: 0.0743990 seconds, Stopping threads took: 0.0000510 seconds
106.582: Application time: 0.0246970 seconds
106.582: [Full GC [PSYoungGen: 138752K->34418K(161280K)] [ParOldGen: 367425K->367425K(367616K)] 506177K->401843K(528896K) [PSPermGen: 13626K->13626K(21504K)], 0.0750790 secs] [Times: user=0.52 sys=0.00, real=0.08 secs] 
106.658: Total time for which application threads were stopped: 0.0757400 seconds, Stopping threads took: 0.0000670 seconds
106.683: Application time: 0.0254930 seconds
106.684: [Full GC [PSYoungGen: 138752K->34433K(161280K)] [ParOldGen: 367425K->367425K(367616K)] 506177K->401859K(528896K) [PSPermGen: 13626K->13626K(21504K)], 0.0740650 secs] [Times: user=0.52 sys=0.00, real=0.07 secs] 
106.758: Total time for which application threads were stopped: 0.0747430 seconds, Stopping threads took: 0.0000760 seconds
106.783: Application time: 0.0251270 seconds
106.784: [Full GC [PSYoungGen: 138752K->34448K(161280K)] [ParOldGen: 367425K->367425K(367616K)] 506177K->401874K(528896K) [PSPermGen: 13626K->13626K(21504K)], 0.0735770 secs] [Times: user=0.52 sys=0.01, real=0.07 secs] 
106.857: Total time for which application threads were stopped: 0.0742830 seconds, Stopping threads took: 0.0000990 seconds
106.882: Application time: 0.0246010 seconds
106.882: [Full GC [PSYoungGen: 138752K->34464K(161280K)] [ParOldGen: 367425K->367425K(367616K)] 506177K->401890K(528896K) [PSPermGen: 13626K->13626K(21504K)], 0.0736760 secs] [Times: user=0.52 sys=0.00, real=0.08 secs] 
106.956: Total time for which application threads were stopped: 0.0743470 seconds, Stopping threads took: 0.0000510 seconds
106.981: Application time: 0.0248260 seconds
106.982: [Full GC [PSYoungGen: 138752K->34477K(161280K)] [ParOldGen: 367425K->367425K(367616K)] 506177K->401902K(528896K) [PSPermGen: 13626K->13626K(21504K)], 0.0740520 secs] [Times: user=0.52 sys=0.00, real=0.08 secs] 
107.056: Total time for which application threads were stopped: 0.0747410 seconds, Stopping threads took: 0.0000850 seconds
107.081: Application time: 0.0250350 seconds
107.081: [Full GC [PSYoungGen: 138752K->34493K(161280K)] [ParOldGen: 367425K->367425K(367616K)] 506177K->401919K(528896K) [PSPermGen: 13626K->13626K(21504K)], 0.0743870 secs] [Times: user=0.53 sys=0.00, real=0.08 secs] 
107.156: Total time for which application threads were stopped: 0.0750640 seconds, Stopping threads took: 0.0001020 seconds
107.181: Application time: 0.0252000 seconds
107.182: [Full GC [PSYoungGen: 138752K->34509K(161280K)] [ParOldGen: 367425K->367425K(367616K)] 506177K->401934K(528896K) [PSPermGen: 13626K->13626K(21504K)], 0.0739950 secs] [Times: user=0.51 sys=0.00, real=0.08 secs] 
107.256: Total time for which application threads were stopped: 0.0746430 seconds, Stopping threads took: 0.0000760 seconds
107.280: Application time: 0.0247970 seconds
107.281: [Full GC [PSYoungGen: 138752K->34524K(161280K)] [ParOldGen: 367425K->367425K(367616K)] 506177K->401950K(528896K) [PSPermGen: 13626K->13626K(21504K)], 0.0752480 secs] [Times: user=0.52 sys=0.01, real=0.08 secs] 
107.356: Total time for which application threads were stopped: 0.0759560 seconds, Stopping threads took: 0.0001320 seconds
107.381: Application time: 0.0247980 seconds
107.382: [Full GC [PSYoungGen: 138752K->34537K(161280K)] [ParOldGen: 367425K->367425K(367616K)] 506177K->401962K(528896K) [PSPermGen: 13626K->13626K(21504K)], 0.0743270 secs] [Times: user=0.52 sys=0.00, real=0.08 secs] 
107.456: Total time for which application threads were stopped: 0.0749890 seconds, Stopping threads took: 0.0000790 seconds
107.481: Application time: 0.0247800 seconds
107.482: [Full GC [PSYoungGen: 138752K->34553K(161280K)] [ParOldGen: 367425K->367425K(367616K)] 506177K->401978K(528896K) [PSPermGen: 13626K->13626K(21504K)], 0.0747860 secs] [Times: user=0.52 sys=0.00, real=0.08 secs] 
107.557: Total time for which application threads were stopped: 0.0755470 seconds, Stopping threads took: 0.0000930 seconds
107.582: Application time: 0.0251220 seconds
107.582: [Full GC [PSYoungGen: 138752K->34564K(161280K)] [ParOldGen: 367425K->367425K(367616K)] 506177K->401990K(528896K) [PSPermGen: 13626K->13626K(21504K)], 0.0754050 secs] [Times: user=0.52 sys=0.00, real=0.08 secs] 
107.658: Total time for which application threads were stopped: 0.0760910 seconds, Stopping threads took: 0.0001080 seconds
107.683: Application time: 0.0247820 seconds
107.683: [Full GC [PSYoungGen: 138752K->34585K(161280K)] [ParOldGen: 367425K->367425K(367616K)] 506177K->402010K(528896K) [PSPermGen: 13626K->13626K(21504K)], 0.0737230 secs] [Times: user=0.52 sys=0.00, real=0.08 secs] 
107.757: Total time for which application threads were stopped: 0.0744580 seconds, Stopping threads took: 0.0001080 seconds
107.782: Application time: 0.0245630 seconds
107.782: [Full GC [PSYoungGen: 138752K->34598K(161280K)] [ParOldGen: 367425K->367425K(367616K)] 506177K->402024K(528896K) [PSPermGen: 13626K->13626K(21504K)], 0.0739240 secs] [Times: user=0.51 sys=0.00, real=0.08 secs] 
107.856: Total time for which application threads were stopped: 0.0745370 seconds, Stopping threads took: 0.0000590 seconds
107.882: Application time: 0.0255620 seconds
107.882: [Full GC [PSYoungGen: 138752K->34504K(161280K)] [ParOldGen: 367425K->367425K(367616K)] 506177K->401929K(528896K) [PSPermGen: 13626K->13626K(21504K)], 0.0741280 secs] [Times: user=0.52 sys=0.00, real=0.08 secs] 
107.956: Total time for which application threads were stopped: 0.0747940 seconds, Stopping threads took: 0.0001100 seconds
107.981: Application time: 0.0245680 seconds
107.982: [Full GC [PSYoungGen: 138752K->34487K(161280K)] [ParOldGen: 367425K->367425K(367616K)] 506177K->401912K(528896K) [PSPermGen: 13626K->13626K(21504K)], 0.0735530 secs] [Times: user=0.52 sys=0.00, real=0.08 secs] 
108.055: Total time for which application threads were stopped: 0.0742150 seconds, Stopping threads took: 0.0001110 seconds
108.080: Application time: 0.0246570 seconds
108.081: [Full GC [PSYoungGen: 138752K->34501K(161280K)] [ParOldGen: 367425K->367425K(367616K)] 506177K->401927K(528896K) [PSPermGen: 13626K->13626K(21504K)], 0.0733480 secs] [Times: user=0.52 sys=0.00, real=0.08 secs] 
108.154: Total time for which application threads were stopped: 0.0739870 seconds, Stopping threads took: 0.0000600 seconds
108.178: Application time: 0.0244890 seconds
108.179: [Full GC [PSYoungGen: 138752K->34518K(161280K)] [ParOldGen: 367425K->367425K(367616K)] 506177K->401943K(528896K) [PSPermGen: 13626K->13626K(21504K)], 0.0736010 secs] [Times: user=0.53 sys=0.00, real=0.08 secs] 
108.253: Total time for which application threads were stopped: 0.0743130 seconds, Stopping threads took: 0.0000530 seconds
108.278: Application time: 0.0249600 seconds
108.278: [Full GC [PSYoungGen: 138752K->34534K(161280K)] [ParOldGen: 367425K->367425K(367616K)] 506177K->401959K(528896K) [PSPermGen: 13626K->13626K(21504K)], 0.0742480 secs] [Times: user=0.52 sys=0.00, real=0.08 secs] 
108.353: Total time for which application threads were stopped: 0.0748900 seconds, Stopping threads took: 0.0000580 seconds
108.378: Application time: 0.0256970 seconds
108.379: [Full GC [PSYoungGen: 138752K->34493K(161280K)] [ParOldGen: 367425K->367425K(367616K)] 506177K->401918K(528896K) [PSPermGen: 13626K->13626K(21504K)], 0.0739980 secs] [Times: user=0.52 sys=0.00, real=0.08 secs] 
108.453: Total time for which application threads were stopped: 0.0747380 seconds, Stopping threads took: 0.0001020 seconds
108.478: Application time: 0.0251250 seconds
108.479: [Full GC [PSYoungGen: 138752K->34438K(161280K)] [ParOldGen: 367425K->367425K(367616K)] 506177K->401863K(528896K) [PSPermGen: 13627K->13627K(21504K)], 0.0736170 secs] [Times: user=0.52 sys=0.00, real=0.08 secs] 
108.552: Total time for which application threads were stopped: 0.0743390 seconds, Stopping threads took: 0.0000910 seconds
108.577: Application time: 0.0248340 seconds
108.578: [Full GC [PSYoungGen: 138752K->34374K(161280K)] [ParOldGen: 367425K->367425K(367616K)] 506177K->401799K(528896K) [PSPermGen: 13627K->13627K(21504K)], 0.0746400 secs] [Times: user=0.52 sys=0.00, real=0.08 secs] 
108.653: Total time for which application threads were stopped: 0.0752920 seconds, Stopping threads took: 0.0001020 seconds
108.677: Application time: 0.0247950 seconds
108.678: [Full GC [PSYoungGen: 138752K->34382K(161280K)] [ParOldGen: 367425K->367425K(367616K)] 506177K->401808K(528896K) [PSPermGen: 13627K->13627K(21504K)], 0.0736810 secs] [Times: user=0.52 sys=0.00, real=0.08 secs] 
108.752: Total time for which application threads were stopped: 0.0743700 seconds, Stopping threads took: 0.0000580 seconds
108.776: Application time: 0.0245240 seconds
108.777: [Full GC [PSYoungGen: 138752K->34395K(161280K)] [ParOldGen: 367425K->367425K(367616K)] 506177K->401820K(528896K) [PSPermGen: 13627K->13627K(21504K)], 0.0818910 secs] [Times: user=0.58 sys=0.00, real=0.08 secs] 
108.859: Total time for which application threads were stopped: 0.0826020 seconds, Stopping threads took: 0.0000550 seconds
108.884: Application time: 0.0253850 seconds
108.885: [Full GC [PSYoungGen: 138752K->34353K(161280K)] [ParOldGen: 367425K->367425K(367616K)] 506177K->401778K(528896K) [PSPermGen: 13627K->13627K(21504K)], 0.0738250 secs] [Times: user=0.52 sys=0.00, real=0.07 secs] 
108.959: Total time for which application threads were stopped: 0.0744870 seconds, Stopping threads took: 0.0000660 seconds
108.983: Application time: 0.0246830 seconds
108.984: [Full GC [PSYoungGen: 138752K->34287K(161280K)] [ParOldGen: 367425K->367425K(367616K)] 506177K->401713K(528896K) [PSPermGen: 13627K->13627K(21504K)], 0.0733420 secs] [Times: user=0.52 sys=0.00, real=0.07 secs] 
109.058: Total time for which application threads were stopped: 0.0740540 seconds, Stopping threads took: 0.0000700 seconds
109.082: Application time: 0.0246160 seconds
109.083: [Full GC [PSYoungGen: 138752K->34301K(161280K)] [ParOldGen: 367425K->367425K(367616K)] 506177K->401726K(528896K) [PSPermGen: 13627K->13627K(21504K)], 0.0738740 secs] [Times: user=0.52 sys=0.00, real=0.08 secs] 
109.157: Total time for which application threads were stopped: 0.0745340 seconds, Stopping threads took: 0.0000750 seconds
109.182: Application time: 0.0249250 seconds
109.182: [Full GC [PSYoungGen: 138752K->34314K(161280K)] [ParOldGen: 367425K->367425K(367616K)] 506177K->401739K(528896K) [PSPermGen: 13627K->13627K(21504K)], 0.0734730 secs] [Times: user=0.52 sys=0.00, real=0.08 secs] 
109.256: Total time for which application threads were stopped: 0.0741340 seconds, Stopping threads took: 0.0000740 seconds
109.281: Application time: 0.0250290 seconds
109.281: [Full GC [PSYoungGen: 138752K->34330K(161280K)] [ParOldGen: 367425K->367425K(367616K)] 506177K->401755K(528896K) [PSPermGen: 13627K->13627K(21504K)], 0.0748760 secs] [Times: user=0.52 sys=0.00, real=0.08 secs] 
109.356: Total time for which application threads were stopped: 0.0755560 seconds, Stopping threads took: 0.0000890 seconds
109.382: Application time: 0.0257810 seconds
109.383: [Full GC [PSYoungGen: 138752K->34345K(161280K)] [ParOldGen: 367425K->367425K(367616K)] 506177K->401770K(528896K) [PSPermGen: 13627K->13627K(21504K)], 0.0742160 secs] [Times: user=0.52 sys=0.00, real=0.08 secs] 
109.457: Total time for which application threads were stopped: 0.0748680 seconds, Stopping threads took: 0.0000660 seconds
109.482: Application time: 0.0249690 seconds
109.483: [Full GC [PSYoungGen: 138752K->34353K(161280K)] [ParOldGen: 367425K->367425K(367616K)] 506177K->401778K(528896K) [PSPermGen: 13627K->13627K(21504K)], 0.0737310 secs] [Times: user=0.52 sys=0.00, real=0.08 secs] 
109.556: Total time for which application threads were stopped: 0.0744080 seconds, Stopping threads took: 0.0000980 seconds
109.581: Application time: 0.0248190 seconds
109.582: [Full GC [PSYoungGen: 138752K->34305K(161280K)] [ParOldGen: 367425K->367425K(367616K)] 506177K->401730K(528896K) [PSPermGen: 13627K->13627K(21504K)], 0.0748220 secs] [Times: user=0.52 sys=0.00, real=0.08 secs] 
109.657: Total time for which application threads were stopped: 0.0755500 seconds, Stopping threads took: 0.0000900 seconds
109.682: Application time: 0.0250820 seconds
109.682: [Full GC [PSYoungGen: 138752K->34316K(161280K)] [ParOldGen: 367425K->367425K(367616K)] 506177K->401742K(528896K) [PSPermGen: 13627K->13627K(21504K)], 0.0738200 secs] [Times: user=0.52 sys=0.00, real=0.08 secs] 
109.756: Total time for which application threads were stopped: 0.0744780 seconds, Stopping threads took: 0.0000760 seconds
109.781: Application time: 0.0248540 seconds
109.782: [Full GC [PSYoungGen: 138752K->34334K(161280K)] [ParOldGen: 367425K->367425K(367616K)] 506177K->401759K(528896K) [PSPermGen: 13627K->13627K(21504K)], 0.0737360 secs] [Times: user=0.52 sys=0.00, real=0.08 secs] 
109.856: Total time for which application threads were stopped: 0.0744440 seconds, Stopping threads took: 0.0000660 seconds
109.881: Application time: 0.0249880 seconds
109.881: [Full GC [PSYoungGen: 138752K->34348K(161280K)] [ParOldGen: 367425K->367425K(367616K)] 506177K->401773K(528896K) [PSPermGen: 13627K->13627K(21504K)], 0.0740440 secs] [Times: user=0.53 sys=0.00, real=0.08 secs] 
109.955: Total time for which application threads were stopped: 0.0747420 seconds, Stopping threads took: 0.0000860 seconds
109.980: Application time: 0.0250970 seconds
109.981: [Full GC [PSYoungGen: 138752K->34361K(161280K)] [ParOldGen: 367425K->367425K(367616K)] 506177K->401787K(528896K) [PSPermGen: 13627K->13627K(21504K)], 0.0738690 secs] [Times: user=0.52 sys=0.00, real=0.08 secs] 
110.055: Total time for which application threads were stopped: 0.0745780 seconds, Stopping threads took: 0.0000790 seconds
110.080: Application time: 0.0249320 seconds
110.081: [Full GC [PSYoungGen: 138752K->34378K(161280K)] [ParOldGen: 367425K->367425K(367616K)] 506177K->401804K(528896K) [PSPermGen: 13627K->13627K(21504K)], 0.0735070 secs] [Times: user=0.52 sys=0.00, real=0.08 secs] 
110.154: Total time for which application threads were stopped: 0.0741710 seconds, Stopping threads took: 0.0000890 seconds
110.179: Application time: 0.0249180 seconds
110.180: [Full GC [PSYoungGen: 138752K->34392K(161280K)] [ParOldGen: 367425K->367425K(367616K)] 506177K->401818K(528896K) [PSPermGen: 13627K->13627K(21504K)], 0.0746570 secs] [Times: user=0.52 sys=0.00, real=0.08 secs] 
110.254: Total time for which application threads were stopped: 0.0753090 seconds, Stopping threads took: 0.0000690 seconds
110.280: Application time: 0.0252260 seconds
110.280: [Full GC [PSYoungGen: 138752K->34409K(161280K)] [ParOldGen: 367425K->367425K(367616K)] 506177K->401834K(528896K) [PSPermGen: 13627K->13627K(21504K)], 0.0735140 secs] [Times: user=0.51 sys=0.00, real=0.08 secs] 
110.354: Total time for which application threads were stopped: 0.0742400 seconds, Stopping threads took: 0.0000790 seconds
110.379: Application time: 0.0253700 seconds
110.380: [Full GC [PSYoungGen: 138752K->34424K(161280K)] [ParOldGen: 367425K->367425K(367616K)] 506177K->401849K(528896K) [PSPermGen: 13627K->13627K(21504K)], 0.0740090 secs] [Times: user=0.51 sys=0.01, real=0.08 secs] 
110.454: Total time for which application threads were stopped: 0.0746590 seconds, Stopping threads took: 0.0000750 seconds
110.479: Application time: 0.0252310 seconds
110.480: [Full GC [PSYoungGen: 138752K->34438K(161280K)] [ParOldGen: 367425K->367425K(367616K)] 506177K->401864K(528896K) [PSPermGen: 13627K->13627K(21504K)], 0.0734890 secs] [Times: user=0.52 sys=0.00, real=0.08 secs] 
110.553: Total time for which application threads were stopped: 0.0741720 seconds, Stopping threads took: 0.0000650 seconds
110.578: Application time: 0.0250000 seconds
110.579: [Full GC [PSYoungGen: 138752K->34451K(161280K)] [ParOldGen: 367425K->367425K(367616K)] 506177K->401876K(528896K) [PSPermGen: 13627K->13627K(21504K)], 0.0752940 secs] [Times: user=0.52 sys=0.00, real=0.08 secs] 
110.654: Total time for which application threads were stopped: 0.0759230 seconds, Stopping threads took: 0.0000710 seconds
110.680: Application time: 0.0253160 seconds
110.680: [Full GC [PSYoungGen: 138752K->34467K(161280K)] [ParOldGen: 367425K->367425K(367616K)] 506177K->401893K(528896K) [PSPermGen: 13627K->13627K(21504K)], 0.0749110 secs] [Times: user=0.53 sys=0.00, real=0.08 secs] 
110.755: Total time for which application threads were stopped: 0.0755460 seconds, Stopping threads took: 0.0000680 seconds
110.780: Application time: 0.0249820 seconds
110.781: [Full GC [PSYoungGen: 138752K->34479K(161280K)] [ParOldGen: 367425K->367425K(367616K)] 506177K->401904K(528896K) [PSPermGen: 13627K->13627K(21504K)], 0.0738080 secs] [Times: user=0.52 sys=0.00, real=0.08 secs] 
110.855: Total time for which application threads were stopped: 0.0744330 seconds, Stopping threads took: 0.0000630 seconds
110.880: Application time: 0.0259750 seconds
110.881: [Full GC [PSYoungGen: 138752K->34497K(161280K)] [ParOldGen: 367425K->367425K(367616K)] 506177K->401922K(528896K) [PSPermGen: 13627K->13627K(21504K)], 0.0751360 secs] [Times: user=0.52 sys=0.00, real=0.08 secs] 
110.956: Total time for which application threads were stopped: 0.0757270 seconds, Stopping threads took: 0.0000440 seconds
110.981: Application time: 0.0250960 seconds
110.982: [Full GC [PSYoungGen: 138752K->34510K(161280K)] [ParOldGen: 367425K->367425K(367616K)] 506177K->401936K(528896K) [PSPermGen: 13627K->13627K(21504K)], 0.0736800 secs] [Times: user=0.52 sys=0.00, real=0.08 secs] 
111.056: Total time for which application threads were stopped: 0.0743770 seconds, Stopping threads took: 0.0001040 seconds
111.081: Application time: 0.0248780 seconds
111.081: [Full GC [PSYoungGen: 138752K->34526K(161280K)] [ParOldGen: 367425K->367425K(367616K)] 506177K->401951K(528896K) [PSPermGen: 13627K->13627K(21504K)], 0.0741490 secs] [Times: user=0.52 sys=0.00, real=0.08 secs] 
111.155: Total time for which application threads were stopped: 0.0748410 seconds, Stopping threads took: 0.0001130 seconds
111.180: Application time: 0.0249030 seconds
111.181: [Full GC [PSYoungGen: 138752K->34543K(161280K)] [ParOldGen: 367425K->367425K(367616K)] 506177K->401968K(528896K) [PSPermGen: 13627K->13627K(21504K)], 0.0738070 secs] [Times: user=0.52 sys=0.00, real=0.08 secs] 
111.255: Total time for which application threads were stopped: 0.0744830 seconds, Stopping threads took: 0.0000840 seconds
111.280: Application time: 0.0246870 seconds
111.280: [Full GC [PSYoungGen: 138752K->34554K(161280K)] [ParOldGen: 367425K->367425K(367616K)] 506177K->401979K(528896K) [PSPermGen: 13627K->13627K(21504K)], 0.0745730 secs] [Times: user=0.52 sys=0.00, real=0.08 secs] 
111.355: Total time for which application threads were stopped: 0.0752060 seconds, Stopping threads took: 0.0000660 seconds
111.380: Application time: 0.0250450 seconds
111.380: [Full GC [PSYoungGen: 138752K->34573K(161280K)] [ParOldGen: 367425K->367425K(367616K)] 506177K->401999K(528896K) [PSPermGen: 13627K->13627K(21504K)], 0.0741120 secs] [Times: user=0.52 sys=0.01, real=0.08 secs] 
111.455: Total time for which application threads were stopped: 0.0748370 seconds, Stopping threads took: 0.0000790 seconds
111.480: Application time: 0.0249810 seconds
111.480: [Full GC [PSYoungGen: 138752K->34586K(161280K)] [ParOldGen: 367425K->367425K(367616K)] 506177K->402011K(528896K) [PSPermGen: 13627K->13627K(21504K)], 0.0744330 secs] [Times: user=0.51 sys=0.00, real=0.08 secs] 
111.555: Total time for which application threads were stopped: 0.0750560 seconds, Stopping threads took: 0.0000670 seconds
111.580: Application time: 0.0248790 seconds
111.580: [Full GC [PSYoungGen: 138752K->34602K(161280K)] [ParOldGen: 367425K->367425K(367616K)] 506177K->402027K(528896K) [PSPermGen: 13627K->13627K(21504K)], 0.0745700 secs] [Times: user=0.52 sys=0.00, real=0.08 secs] 
111.655: Total time for which application threads were stopped: 0.0753080 seconds, Stopping threads took: 0.0000840 seconds
111.680: Application time: 0.0249290 seconds
111.680: [Full GC [PSYoungGen: 138752K->34616K(161280K)] [ParOldGen: 367425K->367425K(367616K)] 506177K->402042K(528896K) [PSPermGen: 13627K->13627K(21504K)], 0.0737170 secs] [Times: user=0.52 sys=0.00, real=0.08 secs] 
111.754: Total time for which application threads were stopped: 0.0743640 seconds, Stopping threads took: 0.0000690 seconds
111.780: Application time: 0.0256920 seconds
111.781: [Full GC [PSYoungGen: 138752K->34522K(161280K)] [ParOldGen: 367425K->367425K(367616K)] 506177K->401948K(528896K) [PSPermGen: 13627K->13627K(21504K)], 0.0784820 secs] [Times: user=0.55 sys=0.00, real=0.08 secs] 
111.859: Total time for which application threads were stopped: 0.0793200 seconds, Stopping threads took: 0.0002700 seconds
111.884: Application time: 0.0246220 seconds
111.884: [Full GC [PSYoungGen: 138752K->34507K(161280K)] [ParOldGen: 367425K->367425K(367616K)] 506177K->401932K(528896K) [PSPermGen: 13627K->13627K(21504K)], 0.0739410 secs] [Times: user=0.53 sys=0.00, real=0.07 secs] 
111.959: Total time for which application threads were stopped: 0.0747100 seconds, Stopping threads took: 0.0001390 seconds
111.983: Application time: 0.0247580 seconds
111.984: [Full GC [PSYoungGen: 138752K->34514K(161280K)] [ParOldGen: 367425K->367425K(367616K)] 506177K->401939K(528896K) [PSPermGen: 13627K->13627K(21504K)], 0.0740990 secs] [Times: user=0.52 sys=0.00, real=0.07 secs] 
112.058: Total time for which application threads were stopped: 0.0748050 seconds, Stopping threads took: 0.0000880 seconds
112.085: Application time: 0.0265880 seconds
112.085: [Full GC [PSYoungGen: 138752K->34413K(161280K)] [ParOldGen: 367425K->367425K(367616K)] 506177K->401838K(528896K) [PSPermGen: 13627K->13627K(21504K)], 0.0738100 secs] [Times: user=0.52 sys=0.00, real=0.07 secs] 
112.159: Total time for which application threads were stopped: 0.0745330 seconds, Stopping threads took: 0.0000760 seconds
112.184: Application time: 0.0246050 seconds
112.184: [Full GC [PSYoungGen: 138752K->34412K(161280K)] [ParOldGen: 367425K->367425K(367616K)] 506177K->401838K(528896K) [PSPermGen: 13627K->13627K(21504K)], 0.0736510 secs] [Times: user=0.53 sys=0.00, real=0.07 secs] 
112.258: Total time for which application threads were stopped: 0.0743560 seconds, Stopping threads took: 0.0000650 seconds
112.283: Application time: 0.0248120 seconds
112.284: [Full GC [PSYoungGen: 138752K->34426K(161280K)] [ParOldGen: 367425K->367425K(367616K)] 506177K->401851K(528896K) [PSPermGen: 13627K->13627K(21504K)], 0.0735200 secs] [Times: user=0.51 sys=0.00, real=0.07 secs] 
112.357: Total time for which application threads were stopped: 0.0741500 seconds, Stopping threads took: 0.0000530 seconds
112.384: Application time: 0.0265160 seconds
112.384: [Full GC [PSYoungGen: 138752K->34375K(161280K)] [ParOldGen: 367425K->367425K(367616K)] 506177K->401800K(528896K) [PSPermGen: 13627K->13627K(21504K)], 0.0739460 secs] [Times: user=0.52 sys=0.00, real=0.07 secs] 
112.458: Total time for which application threads were stopped: 0.0745770 seconds, Stopping threads took: 0.0000450 seconds
112.483: Application time: 0.0249250 seconds
112.484: [Full GC [PSYoungGen: 138752K->34386K(161280K)] [ParOldGen: 367425K->367425K(367616K)] 506177K->401811K(528896K) [PSPermGen: 13627K->13627K(21504K)], 0.0731220 secs] [Times: user=0.52 sys=0.00, real=0.07 secs] 
112.557: Total time for which application threads were stopped: 0.0739990 seconds, Stopping threads took: 0.0000920 seconds
112.582: Application time: 0.0249090 seconds
112.583: [Full GC [PSYoungGen: 138752K->34402K(161280K)] [ParOldGen: 367425K->367425K(367616K)] 506177K->401828K(528896K) [PSPermGen: 13627K->13627K(21504K)], 0.0749300 secs] [Times: user=0.50 sys=0.00, real=0.08 secs] 
112.658: Total time for which application threads were stopped: 0.0756920 seconds, Stopping threads took: 0.0001230 seconds
112.683: Application time: 0.0248860 seconds
112.683: [Full GC [PSYoungGen: 138752K->34416K(161280K)] [ParOldGen: 367425K->367425K(367616K)] 506177K->401842K(528896K) [PSPermGen: 13627K->13627K(21504K)], 0.0737860 secs] [Times: user=0.52 sys=0.00, real=0.08 secs] 
112.757: Total time for which application threads were stopped: 0.0744680 seconds, Stopping threads took: 0.0001090 seconds
112.784: Application time: 0.0270320 seconds
112.785: [Full GC [PSYoungGen: 138752K->34377K(161280K)] [ParOldGen: 367425K->367425K(367616K)] 506177K->401803K(528896K) [PSPermGen: 13627K->13627K(21504K)], 0.0739830 secs] [Times: user=0.52 sys=0.00, real=0.07 secs] 
112.859: Total time for which application threads were stopped: 0.0746940 seconds, Stopping threads took: 0.0001390 seconds
112.884: Application time: 0.0252420 seconds
112.885: [Full GC [PSYoungGen: 138752K->34322K(161280K)] [ParOldGen: 367425K->367425K(367616K)] 506177K->401747K(528896K) [PSPermGen: 13627K->13627K(21504K)], 0.0740870 secs] [Times: user=0.52 sys=0.00, real=0.07 secs] 
112.959: Total time for which application threads were stopped: 0.0747100 seconds, Stopping threads took: 0.0000630 seconds
112.983: Application time: 0.0246890 seconds
112.984: [Full GC [PSYoungGen: 138752K->34321K(161280K)] [ParOldGen: 367425K->367425K(367616K)] 506177K->401746K(528896K) [PSPermGen: 13627K->13627K(21504K)], 0.0734720 secs] [Times: user=0.52 sys=0.00, real=0.07 secs] 
113.058: Total time for which application threads were stopped: 0.0741730 seconds, Stopping threads took: 0.0000640 seconds
113.083: Application time: 0.0251600 seconds
113.083: [Full GC [PSYoungGen: 138752K->34280K(161280K)] [ParOldGen: 367425K->367425K(367616K)] 506177K->401705K(528896K) [PSPermGen: 13627K->13627K(21504K)], 0.0736260 secs] [Times: user=0.52 sys=0.00, real=0.07 secs] 
113.157: Total time for which application threads were stopped: 0.0742870 seconds, Stopping threads took: 0.0000880 seconds
113.182: Application time: 0.0248080 seconds
113.183: [Full GC [PSYoungGen: 138752K->34277K(161280K)] [ParOldGen: 367425K->367425K(367616K)] 506177K->401702K(528896K) [PSPermGen: 13627K->13627K(21504K)], 0.0737690 secs] [Times: user=0.53 sys=0.00, real=0.08 secs] 
113.256: Total time for which application threads were stopped: 0.0744710 seconds, Stopping threads took: 0.0000700 seconds
113.281: Application time: 0.0250750 seconds
113.282: [Full GC [PSYoungGen: 138752K->34294K(161280K)] [ParOldGen: 367425K->367425K(367616K)] 506177K->401719K(528896K) [PSPermGen: 13627K->13627K(21504K)], 0.0739840 secs] [Times: user=0.52 sys=0.00, real=0.08 secs] 
113.356: Total time for which application threads were stopped: 0.0746680 seconds, Stopping threads took: 0.0000730 seconds
113.382: Application time: 0.0259860 seconds
113.383: [Full GC [PSYoungGen: 138752K->34310K(161280K)] [ParOldGen: 367425K->367425K(367616K)] 506177K->401735K(528896K) [PSPermGen: 13627K->13627K(21504K)], 0.0734560 secs] [Times: user=0.52 sys=0.00, real=0.08 secs] 
113.456: Total time for which application threads were stopped: 0.0741140 seconds, Stopping threads took: 0.0000880 seconds
113.481: Application time: 0.0248950 seconds
113.482: [Full GC [PSYoungGen: 138752K->34324K(161280K)] [ParOldGen: 367425K->367425K(367616K)] 506177K->401749K(528896K) [PSPermGen: 13627K->13627K(21504K)], 0.0736710 secs] [Times: user=0.51 sys=0.00, real=0.08 secs] 
113.556: Total time for which application threads were stopped: 0.0743250 seconds, Stopping threads took: 0.0000680 seconds
113.581: Application time: 0.0250730 seconds
113.581: [Full GC [PSYoungGen: 138752K->34339K(161280K)] [ParOldGen: 367425K->367425K(367616K)] 506177K->401764K(528896K) [PSPermGen: 13627K->13627K(21504K)], 0.0747510 secs] [Times: user=0.52 sys=0.00, real=0.08 secs] 
113.656: Total time for which application threads were stopped: 0.0753790 seconds, Stopping threads took: 0.0000500 seconds
113.681: Application time: 0.0250070 seconds
113.682: [Full GC [PSYoungGen: 138752K->34353K(161280K)] [ParOldGen: 367425K->367425K(367616K)] 506177K->401778K(528896K) [PSPermGen: 13627K->13627K(21504K)], 0.0744200 secs] [Times: user=0.52 sys=0.00, real=0.08 secs] 
113.756: Total time for which application threads were stopped: 0.0750840 seconds, Stopping threads took: 0.0000930 seconds
113.781: Application time: 0.0251270 seconds
113.782: [Full GC [PSYoungGen: 138752K->34367K(161280K)] [ParOldGen: 367425K->367425K(367616K)] 506177K->401793K(528896K) [PSPermGen: 13627K->13627K(21504K)], 0.0741780 secs] [Times: user=0.52 sys=0.00, real=0.08 secs] 
113.856: Total time for which application threads were stopped: 0.0748380 seconds, Stopping threads took: 0.0000770 seconds
113.881: Application time: 0.0248090 seconds
113.881: [Full GC [PSYoungGen: 138752K->34384K(161280K)] [ParOldGen: 367425K->367425K(367616K)] 506177K->401809K(528896K) [PSPermGen: 13627K->13627K(21504K)], 0.0751650 secs] [Times: user=0.52 sys=0.00, real=0.08 secs] 
113.957: Total time for which application threads were stopped: 0.0758390 seconds, Stopping threads took: 0.0000700 seconds
113.981: Application time: 0.0246070 seconds
113.982: [Full GC [PSYoungGen: 138752K->34399K(161280K)] [ParOldGen: 367425K->367425K(367616K)] 506177K->401824K(528896K) [PSPermGen: 13627K->13627K(21504K)], 0.0737140 secs] [Times: user=0.52 sys=0.00, real=0.08 secs] 
114.056: Total time for which application threads were stopped: 0.0743650 seconds, Stopping threads took: 0.0000730 seconds
114.080: Application time: 0.0243080 seconds
114.081: [Full GC [PSYoungGen: 138752K->34412K(161280K)] [ParOldGen: 367425K->367425K(367616K)] 506177K->401837K(528896K) [PSPermGen: 13627K->13627K(21504K)], 0.0740790 secs] [Times: user=0.52 sys=0.00, real=0.08 secs] 
114.155: Total time for which application threads were stopped: 0.0746890 seconds, Stopping threads took: 0.0000520 seconds
114.179: Application time: 0.0247510 seconds
114.180: [Full GC [PSYoungGen: 138752K->34428K(161280K)] [ParOldGen: 367425K->367425K(367616K)] 506177K->401853K(528896K) [PSPermGen: 13627K->13627K(21504K)], 0.0744790 secs] [Times: user=0.52 sys=0.00, real=0.08 secs] 
114.255: Total time for which application threads were stopped: 0.0751270 seconds, Stopping threads took: 0.0000650 seconds
114.279: Application time: 0.0244990 seconds
114.280: [Full GC [PSYoungGen: 138752K->34443K(161280K)] [ParOldGen: 367425K->367425K(367616K)] 506177K->401868K(528896K) [PSPermGen: 13627K->13627K(21504K)], 0.0735900 secs] [Times: user=0.52 sys=0.00, real=0.08 secs] 
114.353: Total time for which application threads were stopped: 0.0742490 seconds, Stopping threads took: 0.0000690 seconds
114.378: Application time: 0.0245400 seconds
114.378: [Full GC [PSYoungGen: 138752K->34457K(161280K)] [ParOldGen: 367425K->367425K(367616K)] 506177K->401882K(528896K) [PSPermGen: 13627K->13627K(21504K)], 0.0737530 secs] [Times: user=0.52 sys=0.00, real=0.08 secs] 
114.452: Total time for which application threads were stopped: 0.0744010 seconds, Stopping threads took: 0.0000660 seconds
114.477: Application time: 0.0248920 seconds
114.478: [Full GC [PSYoungGen: 138752K->34472K(161280K)] [ParOldGen: 367425K->367425K(367616K)] 506177K->401897K(528896K) [PSPermGen: 13627K->13627K(21504K)], 0.0753740 secs] [Times: user=0.51 sys=0.00, real=0.08 secs] 
114.553: Total time for which application threads were stopped: 0.0760110 seconds, Stopping threads took: 0.0000320 seconds
114.577: Application time: 0.0243420 seconds
114.578: [Full GC [PSYoungGen: 138752K->34487K(161280K)] [ParOldGen: 367425K->367425K(367616K)] 506177K->401912K(528896K) [PSPermGen: 13627K->13627K(21504K)], 0.0737450 secs] [Times: user=0.52 sys=0.00, real=0.08 secs] 
114.652: Total time for which application threads were stopped: 0.0743630 seconds, Stopping threads took: 0.0000490 seconds
114.676: Application time: 0.0245450 seconds
114.677: [Full GC [PSYoungGen: 138752K->34503K(161280K)] [ParOldGen: 367425K->367425K(367616K)] 506177K->401928K(528896K) [PSPermGen: 13627K->13627K(21504K)], 0.0733600 secs] [Times: user=0.52 sys=0.00, real=0.07 secs] 
114.750: Total time for which application threads were stopped: 0.0740570 seconds, Stopping threads took: 0.0000560 seconds
114.775: Application time: 0.0242200 seconds
114.775: [Full GC [PSYoungGen: 138752K->34515K(161280K)] [ParOldGen: 367425K->367425K(367616K)] 506177K->401940K(528896K) [PSPermGen: 13627K->13627K(21504K)], 0.0739730 secs] [Times: user=0.51 sys=0.00, real=0.07 secs] 
114.849: Total time for which application threads were stopped: 0.0746650 seconds, Stopping threads took: 0.0000590 seconds
114.874: Application time: 0.0246510 seconds
114.875: [Full GC [PSYoungGen: 138752K->34526K(161280K)] [ParOldGen: 367425K->367425K(367616K)] 506177K->401951K(528896K) [PSPermGen: 13627K->13627K(21504K)], 0.0748800 secs] [Times: user=0.51 sys=0.00, real=0.07 secs] 
114.950: Total time for which application threads were stopped: 0.0755140 seconds, Stopping threads took: 0.0000600 seconds
114.974: Application time: 0.0246150 seconds
114.975: [Full GC [PSYoungGen: 138752K->34550K(161280K)] [ParOldGen: 367425K->367425K(367616K)] 506177K->401975K(528896K) [PSPermGen: 13627K->13627K(21504K)], 0.0744230 secs] [Times: user=0.52 sys=0.00, real=0.07 secs] 
115.049: Total time for which application threads were stopped: 0.0750380 seconds, Stopping threads took: 0.0000580 seconds
115.074: Application time: 0.0250720 seconds
115.075: [Full GC [PSYoungGen: 138752K->34564K(161280K)] [ParOldGen: 367425K->367425K(367616K)] 506177K->401989K(528896K) [PSPermGen: 13627K->13627K(21504K)], 0.0745540 secs] [Times: user=0.53 sys=0.00, real=0.07 secs] 
115.150: Total time for which application threads were stopped: 0.0752400 seconds, Stopping threads took: 0.0000820 seconds
115.174: Application time: 0.0244980 seconds
115.175: [Full GC [PSYoungGen: 138752K->34578K(161280K)] [ParOldGen: 367425K->367425K(367616K)] 506177K->402003K(528896K) [PSPermGen: 13627K->13627K(21504K)], 0.0735600 secs] [Times: user=0.52 sys=0.00, real=0.07 secs] 
115.248: Total time for which application threads were stopped: 0.0742400 seconds, Stopping threads took: 0.0000940 seconds
115.273: Application time: 0.0244950 seconds
115.273: [Full GC [PSYoungGen: 138752K->34592K(161280K)] [ParOldGen: 367425K->367425K(367616K)] 506177K->402018K(528896K) [PSPermGen: 13627K->13627K(21504K)], 0.0738080 secs] [Times: user=0.53 sys=0.00, real=0.07 secs] 
115.347: Total time for which application threads were stopped: 0.0745130 seconds, Stopping threads took: 0.0000680 seconds
115.372: Application time: 0.0247490 seconds
115.373: [Full GC [PSYoungGen: 138752K->34607K(161280K)] [ParOldGen: 367425K->367425K(367616K)] 506177K->402033K(528896K) [PSPermGen: 13627K->13627K(21504K)], 0.0755250 secs] [Times: user=0.52 sys=0.01, real=0.07 secs] 
115.448: Total time for which application threads were stopped: 0.0761560 seconds, Stopping threads took: 0.0000590 seconds
115.473: Application time: 0.0244050 seconds
115.473: [Full GC [PSYoungGen: 138752K->34622K(161280K)] [ParOldGen: 367425K->367425K(367616K)] 506177K->402047K(528896K) [PSPermGen: 13627K->13627K(21504K)], 0.0739580 secs] [Times: user=0.53 sys=0.00, real=0.07 secs] 
115.547: Total time for which application threads were stopped: 0.0746010 seconds, Stopping threads took: 0.0000590 seconds
115.573: Application time: 0.0253810 seconds
115.573: [Full GC [PSYoungGen: 138752K->34583K(161280K)] [ParOldGen: 367425K->367425K(367616K)] 506177K->402008K(528896K) [PSPermGen: 13627K->13627K(21504K)], 0.0738400 secs] [Times: user=0.52 sys=0.00, real=0.07 secs] 
115.647: Total time for which application threads were stopped: 0.0745580 seconds, Stopping threads took: 0.0000820 seconds
115.672: Application time: 0.0252680 seconds
115.673: [Full GC [PSYoungGen: 138752K->34417K(161280K)] [ParOldGen: 367425K->367425K(367616K)] 506177K->401843K(528896K) [PSPermGen: 13627K->13627K(21504K)], 0.0740050 secs] [Times: user=0.52 sys=0.00, real=0.07 secs] 
115.747: Total time for which application threads were stopped: 0.0747070 seconds, Stopping threads took: 0.0000570 seconds
115.772: Application time: 0.0247010 seconds
115.772: [Full GC [PSYoungGen: 138752K->34385K(161280K)] [ParOldGen: 367425K->367425K(367616K)] 506177K->401810K(528896K) [PSPermGen: 13627K->13627K(21504K)], 0.0739390 secs] [Times: user=0.52 sys=0.00, real=0.07 secs] 
115.846: Total time for which application threads were stopped: 0.0746310 seconds, Stopping threads took: 0.0000540 seconds
115.871: Application time: 0.0246530 seconds
115.872: [Full GC [PSYoungGen: 138752K->34402K(161280K)] [ParOldGen: 367425K->367425K(367616K)] 506177K->401827K(528896K) [PSPermGen: 13627K->13627K(21504K)], 0.0740090 secs] [Times: user=0.52 sys=0.00, real=0.07 secs] 
115.946: Total time for which application threads were stopped: 0.0746220 seconds, Stopping threads took: 0.0000480 seconds
115.971: Application time: 0.0248630 seconds
115.971: [Full GC [PSYoungGen: 138752K->34414K(161280K)] [ParOldGen: 367425K->367425K(367616K)] 506177K->401840K(528896K) [PSPermGen: 13627K->13627K(21504K)], 0.0742310 secs] [Times: user=0.52 sys=0.00, real=0.08 secs] 
116.045: Total time for which application threads were stopped: 0.0748730 seconds, Stopping threads took: 0.0000850 seconds
116.071: Application time: 0.0253430 seconds
116.071: [Full GC [PSYoungGen: 138752K->34378K(161280K)] [ParOldGen: 367425K->367425K(367616K)] 506177K->401803K(528896K) [PSPermGen: 13627K->13627K(21504K)], 0.0742460 secs] [Times: user=0.52 sys=0.00, real=0.07 secs] 
116.146: Total time for which application threads were stopped: 0.0749070 seconds, Stopping threads took: 0.0000650 seconds
116.171: Application time: 0.0248580 seconds
116.171: [Full GC [PSYoungGen: 138752K->34376K(161280K)] [ParOldGen: 367425K->367425K(367616K)] 506177K->401801K(528896K) [PSPermGen: 13627K->13627K(21504K)], 0.0745570 secs] [Times: user=0.53 sys=0.00, real=0.08 secs] 
116.246: Total time for which application threads were stopped: 0.0751790 seconds, Stopping threads took: 0.0000550 seconds
116.271: Application time: 0.0252870 seconds
116.272: [Full GC [PSYoungGen: 138752K->34392K(161280K)] [ParOldGen: 367425K->367425K(367616K)] 506177K->401817K(528896K) [PSPermGen: 13627K->13627K(21504K)], 0.0739030 secs] [Times: user=0.52 sys=0.00, real=0.07 secs] 
116.346: Total time for which application threads were stopped: 0.0745800 seconds, Stopping threads took: 0.0000530 seconds
116.371: Application time: 0.0248940 seconds
116.371: [Full GC [PSYoungGen: 138752K->34407K(161280K)] [ParOldGen: 367425K->367425K(367616K)] 506177K->401832K(528896K) [PSPermGen: 13627K->13627K(21504K)], 0.0751410 secs] [Times: user=0.52 sys=0.00, real=0.08 secs] 
116.446: Total time for which application threads were stopped: 0.0757880 seconds, Stopping threads took: 0.0000850 seconds
116.471: Application time: 0.0250020 seconds
116.472: [Full GC [PSYoungGen: 138752K->34419K(161280K)] [ParOldGen: 367425K->367425K(367616K)] 506177K->401845K(528896K) [PSPermGen: 13627K->13627K(21504K)], 0.0743510 secs] [Times: user=0.52 sys=0.00, real=0.07 secs] 
116.546: Total time for which application threads were stopped: 0.0750390 seconds, Stopping threads took: 0.0001030 seconds
116.571: Application time: 0.0250180 seconds
116.572: [Full GC [PSYoungGen: 138752K->34435K(161280K)] [ParOldGen: 367425K->367425K(367616K)] 506177K->401860K(528896K) [PSPermGen: 13627K->13627K(21504K)], 0.0762240 secs] [Times: user=0.53 sys=0.00, real=0.07 secs] 
116.648: Total time for which application threads were stopped: 0.0769220 seconds, Stopping threads took: 0.0001280 seconds
116.674: Application time: 0.0258880 seconds
116.675: [Full GC [PSYoungGen: 138752K->34341K(161280K)] [ParOldGen: 367425K->367425K(367616K)] 506177K->401766K(528896K) [PSPermGen: 13627K->13627K(21504K)], 0.0745950 secs] [Times: user=0.52 sys=0.01, real=0.07 secs] 
116.749: Total time for which application threads were stopped: 0.0752500 seconds, Stopping threads took: 0.0000880 seconds
116.774: Application time: 0.0248410 seconds
116.775: [Full GC [PSYoungGen: 138752K->34323K(161280K)] [ParOldGen: 367425K->367425K(367616K)] 506177K->401748K(528896K) [PSPermGen: 13627K->13627K(21504K)], 0.0737720 secs] [Times: user=0.52 sys=0.00, real=0.07 secs] 
116.849: Total time for which application threads were stopped: 0.0744980 seconds, Stopping threads took: 0.0000830 seconds
116.874: Application time: 0.0248570 seconds
116.874: [Full GC [PSYoungGen: 138752K->34340K(161280K)] [ParOldGen: 367425K->367425K(367616K)] 506177K->401765K(528896K) [PSPermGen: 13627K->13627K(21504K)], 0.0779380 secs] [Times: user=0.54 sys=0.00, real=0.08 secs] 
116.952: Total time for which application threads were stopped: 0.0785940 seconds, Stopping threads took: 0.0000890 seconds
116.978: Application time: 0.0252400 seconds
116.978: [Full GC [PSYoungGen: 138752K->34299K(161280K)] [ParOldGen: 367425K->367425K(367616K)] 506177K->401724K(528896K) [PSPermGen: 13627K->13627K(21504K)], 0.0747060 secs] [Times: user=0.52 sys=0.00, real=0.08 secs] 
117.053: Total time for which application threads were stopped: 0.0753440 seconds, Stopping threads took: 0.0000730 seconds
117.078: Application time: 0.0250350 seconds
117.078: [Full GC [PSYoungGen: 138752K->34299K(161280K)] [ParOldGen: 367425K->367425K(367616K)] 506177K->401725K(528896K) [PSPermGen: 13627K->13627K(21504K)], 0.0740590 secs] [Times: user=0.52 sys=0.00, real=0.08 secs] 
117.153: Total time for which application threads were stopped: 0.0747120 seconds, Stopping threads took: 0.0000600 seconds
117.178: Application time: 0.0249250 seconds
117.178: [Full GC [PSYoungGen: 138752K->34313K(161280K)] [ParOldGen: 367425K->367425K(367616K)] 506177K->401738K(528896K) [PSPermGen: 13627K->13627K(21504K)], 0.0746790 secs] [Times: user=0.52 sys=0.00, real=0.08 secs] 
117.253: Total time for which application threads were stopped: 0.0753210 seconds, Stopping threads took: 0.0000610 seconds
117.278: Application time: 0.0247580 seconds
117.278: [Full GC [PSYoungGen: 138752K->34328K(161280K)] [ParOldGen: 367425K->367425K(367616K)] 506177K->401753K(528896K) [PSPermGen: 13627K->13627K(21504K)], 0.0749270 secs] [Times: user=0.53 sys=0.00, real=0.08 secs] 
117.353: Total time for which application threads were stopped: 0.0755900 seconds, Stopping threads took: 0.0000660 seconds
117.378: Application time: 0.0247710 seconds
117.379: [Full GC [PSYoungGen: 138752K->34342K(161280K)] [ParOldGen: 367425K->367425K(367616K)] 506177K->401768K(528896K) [PSPermGen: 13627K->13627K(21504K)], 0.0743580 secs] [Times: user=0.53 sys=0.00, real=0.08 secs] 
117.453: Total time for which application threads were stopped: 0.0750040 seconds, Stopping threads took: 0.0000750 seconds
117.478: Application time: 0.0247410 seconds
117.478: [Full GC [PSYoungGen: 138752K->34358K(161280K)] [ParOldGen: 367425K->367425K(367616K)] 506177K->401783K(528896K) [PSPermGen: 13627K->13627K(21504K)], 0.0744970 secs] [Times: user=0.52 sys=0.00, real=0.08 secs] 
117.553: Total time for which application threads were stopped: 0.0751540 seconds, Stopping threads took: 0.0000810 seconds
117.578: Application time: 0.0250890 seconds
117.579: [Full GC [PSYoungGen: 138752K->34373K(161280K)] [ParOldGen: 367425K->367425K(367616K)] 506177K->401799K(528896K) [PSPermGen: 13627K->13627K(21504K)], 0.0746260 secs] [Times: user=0.52 sys=0.00, real=0.08 secs] 
117.653: Total time for which application threads were stopped: 0.0752910 seconds, Stopping threads took: 0.0000950 seconds
117.678: Application time: 0.0248470 seconds
117.679: [Full GC [PSYoungGen: 138752K->34389K(161280K)] [ParOldGen: 367425K->367425K(367616K)] 506177K->401814K(528896K) [PSPermGen: 13627K->13627K(21504K)], 0.0740920 secs] [Times: user=0.52 sys=0.00, real=0.08 secs] 
117.753: Total time for which application threads were stopped: 0.0747410 seconds, Stopping threads took: 0.0000650 seconds
117.778: Application time: 0.0249560 seconds
117.778: [Full GC [PSYoungGen: 138752K->34404K(161280K)] [ParOldGen: 367425K->367425K(367616K)] 506177K->401830K(528896K) [PSPermGen: 13627K->13627K(21504K)], 0.0740620 secs] [Times: user=0.52 sys=0.00, real=0.08 secs] 
117.854: Total time for which application threads were stopped: 0.0763240 seconds, Stopping threads took: 0.0000610 seconds
117.879: Application time: 0.0244890 seconds
117.879: [Full GC [PSYoungGen: 138752K->34419K(161280K)] [ParOldGen: 367425K->367425K(367616K)] 506177K->401844K(528896K) [PSPermGen: 13627K->13627K(21504K)], 0.0749870 secs] [Times: user=0.52 sys=0.00, real=0.08 secs] 
117.954: Total time for which application threads were stopped: 0.0756650 seconds, Stopping threads took: 0.0001030 seconds
117.979: Application time: 0.0248440 seconds
117.980: [Full GC [PSYoungGen: 138752K->34433K(161280K)] [ParOldGen: 367425K->367425K(367616K)] 506177K->401859K(528896K) [PSPermGen: 13627K->13627K(21504K)], 0.0735420 secs] [Times: user=0.52 sys=0.00, real=0.08 secs] 
118.053: Total time for which application threads were stopped: 0.0741920 seconds, Stopping threads took: 0.0000520 seconds
118.078: Application time: 0.0248890 seconds
118.079: [Full GC [PSYoungGen: 138752K->34446K(161280K)] [ParOldGen: 367425K->367425K(367616K)] 506177K->401871K(528896K) [PSPermGen: 13627K->13627K(21504K)], 0.0746850 secs] [Times: user=0.53 sys=0.00, real=0.08 secs] 
118.154: Total time for which application threads were stopped: 0.0753120 seconds, Stopping threads took: 0.0000570 seconds
118.178: Application time: 0.0246940 seconds
118.179: [Full GC [PSYoungGen: 138752K->34462K(161280K)] [ParOldGen: 367425K->367425K(367616K)] 506177K->401887K(528896K) [PSPermGen: 13627K->13627K(21504K)], 0.0739660 secs] [Times: user=0.52 sys=0.00, real=0.08 secs] 
118.253: Total time for which application threads were stopped: 0.0745960 seconds, Stopping threads took: 0.0000640 seconds
118.277: Application time: 0.0244430 seconds
118.278: [Full GC [PSYoungGen: 138752K->34476K(161280K)] [ParOldGen: 367425K->367425K(367616K)] 506177K->401901K(528896K) [PSPermGen: 13627K->13627K(21504K)], 0.0738260 secs] [Times: user=0.52 sys=0.01, real=0.08 secs] 
118.352: Total time for which application threads were stopped: 0.0745230 seconds, Stopping threads took: 0.0000510 seconds
118.376: Application time: 0.0243050 seconds
118.377: [Full GC [PSYoungGen: 138752K->34491K(161280K)] [ParOldGen: 367425K->367425K(367616K)] 506177K->401917K(528896K) [PSPermGen: 13627K->13627K(21504K)], 0.0747680 secs] [Times: user=0.51 sys=0.00, real=0.08 secs] 
118.452: Total time for which application threads were stopped: 0.0754610 seconds, Stopping threads took: 0.0000450 seconds
118.476: Application time: 0.0245450 seconds
118.477: [Full GC [PSYoungGen: 138752K->34506K(161280K)] [ParOldGen: 367425K->367425K(367616K)] 506177K->401931K(528896K) [PSPermGen: 13627K->13627K(21504K)], 0.0732640 secs] [Times: user=0.52 sys=0.00, real=0.07 secs] 
118.550: Total time for which application threads were stopped: 0.0739700 seconds, Stopping threads took: 0.0000700 seconds
118.575: Application time: 0.0245060 seconds
118.575: [Full GC [PSYoungGen: 138752K->34521K(161280K)] [ParOldGen: 367425K->367425K(367616K)] 506177K->401946K(528896K) [PSPermGen: 13627K->13627K(21504K)], 0.0743340 secs] [Times: user=0.51 sys=0.00, real=0.07 secs] 
118.650: Total time for which application threads were stopped: 0.0749690 seconds, Stopping threads took: 0.0000650 seconds
118.675: Application time: 0.0248850 seconds
118.675: [Full GC [PSYoungGen: 138752K->34538K(161280K)] [ParOldGen: 367425K->367425K(367616K)] 506177K->401963K(528896K) [PSPermGen: 13627K->13627K(21504K)], 0.0761360 secs] [Times: user=0.54 sys=0.00, real=0.08 secs] 
118.751: Total time for which application threads were stopped: 0.0768670 seconds, Stopping threads took: 0.0000690 seconds
118.776: Application time: 0.0244690 seconds
118.776: [Full GC [PSYoungGen: 138752K->34552K(161280K)] [ParOldGen: 367425K->367425K(367616K)] 506177K->401977K(528896K) [PSPermGen: 13627K->13627K(21504K)], 0.0732740 secs] [Times: user=0.52 sys=0.00, real=0.07 secs] 
118.850: Total time for which application threads were stopped: 0.0739170 seconds, Stopping threads took: 0.0000650 seconds
118.874: Application time: 0.0245690 seconds
118.875: [Full GC [PSYoungGen: 138752K->34568K(161280K)] [ParOldGen: 367425K->367425K(367616K)] 506177K->401993K(528896K) [PSPermGen: 13627K->13627K(21504K)], 0.0733590 secs] [Times: user=0.52 sys=0.00, real=0.07 secs] 
118.948: Total time for which application threads were stopped: 0.0740260 seconds, Stopping threads took: 0.0000840 seconds
118.973: Application time: 0.0244400 seconds
118.973: [Full GC [PSYoungGen: 138752K->34584K(161280K)] [ParOldGen: 367425K->367425K(367616K)] 506177K->402009K(528896K) [PSPermGen: 13627K->13627K(21504K)], 0.0740570 secs] [Times: user=0.52 sys=0.00, real=0.07 secs] 
119.048: Total time for which application threads were stopped: 0.0747690 seconds, Stopping threads took: 0.0000570 seconds
119.072: Application time: 0.0243950 seconds
119.073: [Full GC [PSYoungGen: 138752K->34598K(161280K)] [ParOldGen: 367425K->367425K(367616K)] 506177K->402024K(528896K) [PSPermGen: 13627K->13627K(21504K)], 0.0747470 secs] [Times: user=0.52 sys=0.00, real=0.07 secs] 
119.147: Total time for which application threads were stopped: 0.0753870 seconds, Stopping threads took: 0.0000610 seconds
119.173: Application time: 0.0255420 seconds
119.174: [Full GC [PSYoungGen: 138752K->34503K(161280K)] [ParOldGen: 367425K->367425K(367616K)] 506177K->401928K(528896K) [PSPermGen: 13627K->13627K(21504K)], 0.0736320 secs] [Times: user=0.52 sys=0.00, real=0.07 secs] 
119.247: Total time for which application threads were stopped: 0.0743510 seconds, Stopping threads took: 0.0000780 seconds
119.272: Application time: 0.0245900 seconds
119.272: [Full GC [PSYoungGen: 138752K->34487K(161280K)] [ParOldGen: 367425K->367425K(367616K)] 506177K->401913K(528896K) [PSPermGen: 13627K->13627K(21504K)], 0.0747440 secs] [Times: user=0.52 sys=0.01, real=0.07 secs] 
119.347: Total time for which application threads were stopped: 0.0753630 seconds, Stopping threads took: 0.0000720 seconds
119.372: Application time: 0.0249490 seconds
119.373: [Full GC [PSYoungGen: 138752K->34502K(161280K)] [ParOldGen: 367425K->367425K(367616K)] 506177K->401928K(528896K) [PSPermGen: 13627K->13627K(21504K)], 0.0780960 secs] [Times: user=0.54 sys=0.00, real=0.07 secs] 
119.451: Total time for which application threads were stopped: 0.0787330 seconds, Stopping threads took: 0.0000620 seconds
119.477: Application time: 0.0258630 seconds
119.477: [Full GC [PSYoungGen: 138752K->34407K(161280K)] [ParOldGen: 367425K->367425K(367616K)] 506177K->401832K(528896K) [PSPermGen: 13627K->13627K(21504K)], 0.0746630 secs] [Times: user=0.53 sys=0.00, real=0.08 secs] 
119.552: Total time for which application threads were stopped: 0.0753230 seconds, Stopping threads took: 0.0000600 seconds
119.577: Application time: 0.0248880 seconds
119.578: [Full GC [PSYoungGen: 138752K->34390K(161280K)] [ParOldGen: 367425K->367425K(367616K)] 506177K->401815K(528896K) [PSPermGen: 13627K->13627K(21504K)], 0.0739450 secs] [Times: user=0.52 sys=0.00, real=0.08 secs] 
119.652: Total time for which application threads were stopped: 0.0746420 seconds, Stopping threads took: 0.0000660 seconds
119.676: Application time: 0.0243840 seconds
119.677: [Full GC [PSYoungGen: 138752K->34405K(161280K)] [ParOldGen: 367425K->367425K(367616K)] 506177K->401830K(528896K) [PSPermGen: 13627K->13627K(21504K)], 0.0734190 secs] [Times: user=0.52 sys=0.00, real=0.07 secs] 
119.750: Total time for which application threads were stopped: 0.0740950 seconds, Stopping threads took: 0.0000440 seconds
119.774: Application time: 0.0243610 seconds
119.775: [Full GC [PSYoungGen: 138752K->34420K(161280K)] [ParOldGen: 367425K->367425K(367616K)] 506177K->401846K(528896K) [PSPermGen: 13627K->13627K(21504K)], 0.0741110 secs] [Times: user=0.52 sys=0.00, real=0.07 secs] 
119.849: Total time for which application threads were stopped: 0.0748030 seconds, Stopping threads took: 0.0000490 seconds
119.876: Application time: 0.0270960 seconds
119.877: [Full GC [PSYoungGen: 138752K->34379K(161280K)] [ParOldGen: 367425K->367425K(367616K)] 506177K->401804K(528896K) [PSPermGen: 13627K->13627K(21504K)], 0.0750780 secs] [Times: user=0.51 sys=0.00, real=0.08 secs] 
119.952: Total time for which application threads were stopped: 0.0757380 seconds, Stopping threads took: 0.0000650 seconds
119.977: Application time: 0.0248670 seconds
119.978: [Full GC [PSYoungGen: 138752K->34379K(161280K)] [ParOldGen: 367425K->367425K(367616K)] 506177K->401805K(528896K) [PSPermGen: 13627K->13627K(21504K)], 0.0734910 secs] [Times: user=0.52 sys=0.00, real=0.07 secs] 
120.051: Total time for which application threads were stopped: 0.0741190 seconds, Stopping threads took: 0.0000520 seconds
120.076: Application time: 0.0249780 seconds
120.077: [Full GC [PSYoungGen: 138752K->34395K(161280K)] [ParOldGen: 367425K->367425K(367616K)] 506177K->401820K(528896K) [PSPermGen: 13627K->13627K(21504K)], 0.0740430 secs] [Times: user=0.52 sys=0.00, real=0.07 secs] 
120.151: Total time for which application threads were stopped: 0.0747030 seconds, Stopping threads took: 0.0000650 seconds
120.176: Application time: 0.0250830 seconds
120.177: [Full GC [PSYoungGen: 138752K->34407K(161280K)] [ParOldGen: 367425K->367425K(367616K)] 506177K->401832K(528896K) [PSPermGen: 13627K->13627K(21504K)], 0.0737370 secs] [Times: user=0.53 sys=0.00, real=0.07 secs] 
120.250: Total time for which application threads were stopped: 0.0743850 seconds, Stopping threads took: 0.0000750 seconds
120.275: Application time: 0.0249320 seconds
120.276: [Full GC [PSYoungGen: 138752K->34428K(161280K)] [ParOldGen: 367425K->367425K(367616K)] 506177K->401853K(528896K) [PSPermGen: 13627K->13627K(21504K)], 0.0735630 secs] [Times: user=0.53 sys=0.00, real=0.07 secs] 
120.350: Total time for which application threads were stopped: 0.0742880 seconds, Stopping threads took: 0.0000740 seconds
120.374: Application time: 0.0246640 seconds
120.375: [Full GC [PSYoungGen: 138752K->34442K(161280K)] [ParOldGen: 367425K->367425K(367616K)] 506177K->401867K(528896K) [PSPermGen: 13627K->13627K(21504K)], 0.0746360 secs] [Times: user=0.52 sys=0.00, real=0.07 secs] 
120.450: Total time for which application threads were stopped: 0.0753280 seconds, Stopping threads took: 0.0000710 seconds
120.474: Application time: 0.0249490 seconds
120.475: [Full GC [PSYoungGen: 138752K->34452K(161280K)] [ParOldGen: 367425K->367425K(367616K)] 506177K->401878K(528896K) [PSPermGen: 13627K->13627K(21504K)], 0.0737220 secs] [Times: user=0.52 sys=0.00, real=0.07 secs] 
120.549: Total time for which application threads were stopped: 0.0743660 seconds, Stopping threads took: 0.0000770 seconds
120.574: Application time: 0.0252290 seconds
120.575: [Full GC [PSYoungGen: 138752K->34347K(161280K)] [ParOldGen: 367425K->367425K(367616K)] 506177K->401772K(528896K) [PSPermGen: 13627K->13627K(21504K)], 0.0746050 secs] [Times: user=0.52 sys=0.00, real=0.07 secs] 
120.649: Total time for which application threads were stopped: 0.0752380 seconds, Stopping threads took: 0.0000680 seconds
120.674: Application time: 0.0249470 seconds
120.675: [Full GC [PSYoungGen: 138752K->34344K(161280K)] [ParOldGen: 367425K->367425K(367616K)] 506177K->401770K(528896K) [PSPermGen: 13627K->13627K(21504K)], 0.0745080 secs] [Times: user=0.52 sys=0.00, real=0.07 secs] 
120.749: Total time for which application threads were stopped: 0.0752050 seconds, Stopping threads took: 0.0000660 seconds
120.775: Application time: 0.0251360 seconds
120.775: [Full GC [PSYoungGen: 138752K->34358K(161280K)] [ParOldGen: 367425K->367425K(367616K)] 506177K->401783K(528896K) [PSPermGen: 13627K->13627K(21504K)], 0.0745720 secs] [Times: user=0.53 sys=0.00, real=0.07 secs] 
120.850: Total time for which application threads were stopped: 0.0752210 seconds, Stopping threads took: 0.0000590 seconds
120.875: Application time: 0.0249690 seconds
120.875: [Full GC [PSYoungGen: 138752K->34318K(161280K)] [ParOldGen: 367425K->367425K(367616K)] 506177K->401744K(528896K) [PSPermGen: 13627K->13627K(21504K)], 0.0732900 secs] [Times: user=0.51 sys=0.00, real=0.07 secs] 
120.949: Total time for which application threads were stopped: 0.0740310 seconds, Stopping threads took: 0.0000870 seconds
120.974: Application time: 0.0247650 seconds
120.974: [Full GC [PSYoungGen: 138752K->34320K(161280K)] [ParOldGen: 367425K->367425K(367616K)] 506177K->401745K(528896K) [PSPermGen: 13627K->13627K(21504K)], 0.0743870 secs] [Times: user=0.53 sys=0.00, real=0.07 secs] 
121.049: Total time for which application threads were stopped: 0.0750470 seconds, Stopping threads took: 0.0000930 seconds
121.074: Application time: 0.0249330 seconds
121.074: [Full GC [PSYoungGen: 138752K->34333K(161280K)] [ParOldGen: 367425K->367425K(367616K)] 506177K->401758K(528896K) [PSPermGen: 13627K->13627K(21504K)], 0.0739860 secs] [Times: user=0.52 sys=0.00, real=0.07 secs] 
121.148: Total time for which application threads were stopped: 0.0746360 seconds, Stopping threads took: 0.0000620 seconds
121.173: Application time: 0.0246540 seconds
121.173: [Full GC [PSYoungGen: 138752K->34347K(161280K)] [ParOldGen: 367425K->367425K(367616K)] 506177K->401773K(528896K) [PSPermGen: 13627K->13627K(21504K)], 0.0733920 secs] [Times: user=0.52 sys=0.00, real=0.07 secs] 
121.247: Total time for which application threads were stopped: 0.0740210 seconds, Stopping threads took: 0.0000530 seconds
121.271: Application time: 0.0245680 seconds
121.272: [Full GC [PSYoungGen: 138752K->34364K(161280K)] [ParOldGen: 367425K->367425K(367616K)] 506177K->401790K(528896K) [PSPermGen: 13627K->13627K(21504K)], 0.0738620 secs] [Times: user=0.52 sys=0.00, real=0.07 secs] 
121.346: Total time for which application threads were stopped: 0.0746080 seconds, Stopping threads took: 0.0000520 seconds
121.371: Application time: 0.0245870 seconds
121.371: [Full GC [PSYoungGen: 138752K->34380K(161280K)] [ParOldGen: 367425K->367425K(367616K)] 506177K->401805K(528896K) [PSPermGen: 13627K->13627K(21504K)], 0.0733010 secs] [Times: user=0.52 sys=0.00, real=0.07 secs] 
121.445: Total time for which application threads were stopped: 0.0740430 seconds, Stopping threads took: 0.0000640 seconds
121.470: Application time: 0.0256570 seconds
121.471: [Full GC [PSYoungGen: 138752K->34394K(161280K)] [ParOldGen: 367425K->367425K(367616K)] 506177K->401820K(528896K) [PSPermGen: 13627K->13627K(21504K)], 0.0737340 secs] [Times: user=0.52 sys=0.00, real=0.08 secs] 
121.545: Total time for which application threads were stopped: 0.0743580 seconds, Stopping threads took: 0.0000640 seconds
121.569: Application time: 0.0244270 seconds
121.570: [Full GC [PSYoungGen: 138752K->34406K(161280K)] [ParOldGen: 367425K->367425K(367616K)] 506177K->401831K(528896K) [PSPermGen: 13627K->13627K(21504K)], 0.0793000 secs] [Times: user=0.56 sys=0.00, real=0.08 secs] 
121.649: Total time for which application threads were stopped: 0.0799850 seconds, Stopping threads took: 0.0000560 seconds
121.674: Application time: 0.0246220 seconds
121.674: [Full GC [PSYoungGen: 138752K->34423K(161280K)] [ParOldGen: 367425K->367425K(367616K)] 506177K->401848K(528896K) [PSPermGen: 13627K->13627K(21504K)], 0.0740860 secs] [Times: user=0.52 sys=0.00, real=0.07 secs] 
121.749: Total time for which application threads were stopped: 0.0747180 seconds, Stopping threads took: 0.0000640 seconds
121.773: Application time: 0.0249220 seconds
121.774: [Full GC [PSYoungGen: 138752K->34439K(161280K)] [ParOldGen: 367425K->367425K(367616K)] 506177K->401864K(528896K) [PSPermGen: 13627K->13627K(21504K)], 0.0739240 secs] [Times: user=0.52 sys=0.00, real=0.07 secs] 
121.848: Total time for which application threads were stopped: 0.0745840 seconds, Stopping threads took: 0.0000500 seconds
121.873: Application time: 0.0246810 seconds
121.873: [Full GC [PSYoungGen: 138752K->34452K(161280K)] [ParOldGen: 367425K->367425K(367616K)] 506177K->401878K(528896K) [PSPermGen: 13627K->13627K(21504K)], 0.0735260 secs] [Times: user=0.51 sys=0.00, real=0.07 secs] 
121.947: Total time for which application threads were stopped: 0.0741450 seconds, Stopping threads took: 0.0000590 seconds
121.972: Application time: 0.0249760 seconds
121.972: [Full GC [PSYoungGen: 138752K->34467K(161280K)] [ParOldGen: 367425K->367425K(367616K)] 506177K->401893K(528896K) [PSPermGen: 13627K->13627K(21504K)], 0.0736650 secs] [Times: user=0.52 sys=0.00, real=0.07 secs] 
122.046: Total time for which application threads were stopped: 0.0743270 seconds, Stopping threads took: 0.0000730 seconds
122.071: Application time: 0.0244930 seconds
122.071: [Full GC [PSYoungGen: 138752K->34481K(161280K)] [ParOldGen: 367425K->367425K(367616K)] 506177K->401906K(528896K) [PSPermGen: 13627K->13627K(21504K)], 0.0737500 secs] [Times: user=0.51 sys=0.00, real=0.08 secs] 
122.145: Total time for which application threads were stopped: 0.0743680 seconds, Stopping threads took: 0.0000590 seconds
122.170: Application time: 0.0248460 seconds
122.170: [Full GC [PSYoungGen: 138752K->34496K(161280K)] [ParOldGen: 367425K->367425K(367616K)] 506177K->401921K(528896K) [PSPermGen: 13627K->13627K(21504K)], 0.0740140 secs] [Times: user=0.52 sys=0.00, real=0.08 secs] 
122.245: Total time for which application threads were stopped: 0.0746440 seconds, Stopping threads took: 0.0000550 seconds
122.269: Application time: 0.0244590 seconds
122.270: [Full GC [PSYoungGen: 138752K->34513K(161280K)] [ParOldGen: 367425K->367425K(367616K)] 506177K->401939K(528896K) [PSPermGen: 13627K->13627K(21504K)], 0.0747320 secs] [Times: user=0.51 sys=0.00, real=0.08 secs] 
122.344: Total time for which application threads were stopped: 0.0753430 seconds, Stopping threads took: 0.0000540 seconds
122.369: Application time: 0.0249290 seconds
122.370: [Full GC [PSYoungGen: 138752K->34526K(161280K)] [ParOldGen: 367425K->367425K(367616K)] 506177K->401952K(528896K) [PSPermGen: 13627K->13627K(21504K)], 0.0764340 secs] [Times: user=0.53 sys=0.00, real=0.08 secs] 
122.446: Total time for which application threads were stopped: 0.0771630 seconds, Stopping threads took: 0.0000860 seconds
122.471: Application time: 0.0249390 seconds
122.472: [Full GC [PSYoungGen: 138752K->34541K(161280K)] [ParOldGen: 367425K->367425K(367616K)] 506177K->401966K(528896K) [PSPermGen: 13627K->13627K(21504K)], 0.0747600 secs] [Times: user=0.52 sys=0.00, real=0.07 secs] 
122.547: Total time for which application threads were stopped: 0.0754370 seconds, Stopping threads took: 0.0001120 seconds
122.572: Application time: 0.0248600 seconds
122.572: [Full GC [PSYoungGen: 138752K->34559K(161280K)] [ParOldGen: 367425K->367425K(367616K)] 506177K->401984K(528896K) [PSPermGen: 13627K->13627K(21504K)], 0.0765410 secs] [Times: user=0.54 sys=0.00, real=0.07 secs] 
122.649: Total time for which application threads were stopped: 0.0771630 seconds, Stopping threads took: 0.0000630 seconds
122.673: Application time: 0.0245970 seconds
122.674: [Full GC [PSYoungGen: 138752K->34573K(161280K)] [ParOldGen: 367425K->367425K(367616K)] 506177K->401998K(528896K) [PSPermGen: 13627K->13627K(21504K)], 0.0740710 secs] [Times: user=0.53 sys=0.00, real=0.07 secs] 
122.748: Total time for which application threads were stopped: 0.0747200 seconds, Stopping threads took: 0.0000730 seconds
122.773: Application time: 0.0246860 seconds
122.773: [Full GC [PSYoungGen: 138752K->34587K(161280K)] [ParOldGen: 367425K->367425K(367616K)] 506177K->402013K(528896K) [PSPermGen: 13627K->13627K(21504K)], 0.0744800 secs] [Times: user=0.53 sys=0.00, real=0.07 secs] 
122.848: Total time for which application threads were stopped: 0.0751250 seconds, Stopping threads took: 0.0000580 seconds
122.873: Application time: 0.0250040 seconds
122.874: [Full GC [PSYoungGen: 138752K->34474K(161280K)] [ParOldGen: 367425K->367425K(367616K)] 506177K->401900K(528896K) [PSPermGen: 13627K->13627K(21504K)], 0.0759790 secs] [Times: user=0.54 sys=0.00, real=0.07 secs] 
122.950: Total time for which application threads were stopped: 0.0766200 seconds, Stopping threads took: 0.0000660 seconds
122.976: Application time: 0.0264430 seconds
122.977: [Full GC [PSYoungGen: 138752K->34479K(161280K)] [ParOldGen: 367425K->367425K(367616K)] 506177K->401904K(528896K) [PSPermGen: 13627K->13627K(21504K)], 0.0744280 secs] [Times: user=0.52 sys=0.00, real=0.07 secs] 
123.051: Total time for which application threads were stopped: 0.0751210 seconds, Stopping threads took: 0.0000140 seconds
123.076: Application time: 0.0247760 seconds
123.077: [Full GC [PSYoungGen: 138752K->34492K(161280K)] [ParOldGen: 367425K->367425K(367616K)] 506177K->401917K(528896K) [PSPermGen: 13627K->13627K(21504K)], 0.0743660 secs] [Times: user=0.52 sys=0.00, real=0.07 secs] 
123.151: Total time for which application threads were stopped: 0.0749890 seconds, Stopping threads took: 0.0000740 seconds
123.176: Application time: 0.0246980 seconds
123.176: [Full GC [PSYoungGen: 138752K->34504K(161280K)] [ParOldGen: 367425K->367425K(367616K)] 506177K->401929K(528896K) [PSPermGen: 13627K->13627K(21504K)], 0.0739160 secs] [Times: user=0.52 sys=0.00, real=0.07 secs] 
123.250: Total time for which application threads were stopped: 0.0747220 seconds, Stopping threads took: 0.0001240 seconds
123.276: Application time: 0.0253190 seconds
123.276: [Full GC [PSYoungGen: 138752K->34398K(161280K)] [ParOldGen: 367425K->367425K(367616K)] 506177K->401824K(528896K) [PSPermGen: 13627K->13627K(21504K)], 0.0741780 secs] [Times: user=0.52 sys=0.01, real=0.07 secs] 
123.351: Total time for which application threads were stopped: 0.0749400 seconds, Stopping threads took: 0.0001190 seconds
123.375: Application time: 0.0244840 seconds
123.376: [Full GC [PSYoungGen: 138752K->34393K(161280K)] [ParOldGen: 367425K->367425K(367616K)] 506177K->401819K(528896K) [PSPermGen: 13627K->13627K(21504K)], 0.0740570 secs] [Times: user=0.52 sys=0.00, real=0.07 secs] 
123.450: Total time for which application threads were stopped: 0.0747950 seconds, Stopping threads took: 0.0000780 seconds
123.475: Application time: 0.0247160 seconds
123.475: [Full GC [PSYoungGen: 138752K->34410K(161280K)] [ParOldGen: 367425K->367425K(367616K)] 506177K->401835K(528896K) [PSPermGen: 13627K->13627K(21504K)], 0.0742070 secs] [Times: user=0.52 sys=0.00, real=0.07 secs] 
123.550: Total time for which application threads were stopped: 0.0748340 seconds, Stopping threads took: 0.0000640 seconds
123.574: Application time: 0.0246850 seconds
123.575: [Full GC [PSYoungGen: 138752K->34423K(161280K)] [ParOldGen: 367425K->367425K(367616K)] 506177K->401848K(528896K) [PSPermGen: 13627K->13627K(21504K)], 0.0756380 secs] [Times: user=0.53 sys=0.00, real=0.07 secs] 
123.651: Total time for which application threads were stopped: 0.0763520 seconds, Stopping threads took: 0.0000650 seconds
123.675: Application time: 0.0248550 seconds
123.676: [Full GC [PSYoungGen: 138752K->34387K(161280K)] [ParOldGen: 367425K->367425K(367616K)] 506177K->401812K(528896K) [PSPermGen: 13627K->13627K(21504K)], 0.0736850 secs] [Times: user=0.52 sys=0.00, real=0.07 secs] 
123.750: Total time for which application threads were stopped: 0.0743740 seconds, Stopping threads took: 0.0000510 seconds
123.774: Application time: 0.0247020 seconds
123.775: [Full GC [PSYoungGen: 138752K->34386K(161280K)] [ParOldGen: 367425K->367425K(367616K)] 506177K->401811K(528896K) [PSPermGen: 13627K->13627K(21504K)], 0.0740610 secs] [Times: user=0.52 sys=0.00, real=0.07 secs] 
123.849: Total time for which application threads were stopped: 0.0747040 seconds, Stopping threads took: 0.0000720 seconds
123.874: Application time: 0.0249720 seconds
123.875: [Full GC [PSYoungGen: 138752K->34400K(161280K)] [ParOldGen: 367425K->367425K(367616K)] 506177K->401825K(528896K) [PSPermGen: 13627K->13627K(21504K)], 0.0831790 secs] [Times: user=0.58 sys=0.00, real=0.08 secs] 
123.958: Total time for which application threads were stopped: 0.0838240 seconds, Stopping threads took: 0.0000700 seconds
123.983: Application time: 0.0245980 seconds
123.983: [Full GC [PSYoungGen: 138752K->34413K(161280K)] [ParOldGen: 367425K->367425K(367616K)] 506177K->401839K(528896K) [PSPermGen: 13627K->13627K(21504K)], 0.0741310 secs] [Times: user=0.52 sys=0.00, real=0.08 secs] 
124.057: Total time for which application threads were stopped: 0.0747990 seconds, Stopping threads took: 0.0000670 seconds
124.082: Application time: 0.0243580 seconds
124.082: [Full GC [PSYoungGen: 138752K->34430K(161280K)] [ParOldGen: 367425K->367425K(367616K)] 506177K->401855K(528896K) [PSPermGen: 13627K->13627K(21504K)], 0.0740470 secs] [Times: user=0.52 sys=0.00, real=0.08 secs] 
124.156: Total time for which application threads were stopped: 0.0746580 seconds, Stopping threads took: 0.0000580 seconds
124.181: Application time: 0.0247010 seconds
124.182: [Full GC [PSYoungGen: 138752K->34445K(161280K)] [ParOldGen: 367425K->367425K(367616K)] 506177K->401870K(528896K) [PSPermGen: 13627K->13627K(21504K)], 0.0741030 secs] [Times: user=0.52 sys=0.00, real=0.08 secs] 
124.256: Total time for which application threads were stopped: 0.0747300 seconds, Stopping threads took: 0.0000660 seconds
124.281: Application time: 0.0254420 seconds
124.282: [Full GC [PSYoungGen: 138752K->34351K(161280K)] [ParOldGen: 367425K->367425K(367616K)] 506177K->401776K(528896K) [PSPermGen: 13627K->13627K(21504K)], 0.0739430 secs] [Times: user=0.52 sys=0.00, real=0.08 secs] 
124.356: Total time for which application threads were stopped: 0.0746170 seconds, Stopping threads took: 0.0000600 seconds
124.381: Application time: 0.0248560 seconds
124.381: [Full GC [PSYoungGen: 138752K->34334K(161280K)] [ParOldGen: 367425K->367425K(367616K)] 506177K->401760K(528896K) [PSPermGen: 13627K->13627K(21504K)], 0.0743620 secs] [Times: user=0.52 sys=0.00, real=0.08 secs] 
124.456: Total time for which application threads were stopped: 0.0749800 seconds, Stopping threads took: 0.0000620 seconds
124.481: Application time: 0.0251720 seconds
124.482: [Full GC [PSYoungGen: 138752K->34348K(161280K)] [ParOldGen: 367425K->367425K(367616K)] 506177K->401774K(528896K) [PSPermGen: 13627K->13627K(21504K)], 0.0747110 secs] [Times: user=0.52 sys=0.00, real=0.08 secs] 
124.556: Total time for which application threads were stopped: 0.0753550 seconds, Stopping threads took: 0.0000520 seconds
124.581: Application time: 0.0250510 seconds
124.582: [Full GC [PSYoungGen: 138752K->34361K(161280K)] [ParOldGen: 367425K->367425K(367616K)] 506177K->401787K(528896K) [PSPermGen: 13627K->13627K(21504K)], 0.0747140 secs] [Times: user=0.52 sys=0.00, real=0.08 secs] 
124.657: Total time for which application threads were stopped: 0.0754170 seconds, Stopping threads took: 0.0000640 seconds
124.682: Application time: 0.0250500 seconds
124.682: [Full GC [PSYoungGen: 138752K->34377K(161280K)] [ParOldGen: 367425K->367425K(367616K)] 506177K->401803K(528896K) [PSPermGen: 13627K->13627K(21504K)], 0.0759850 secs] [Times: user=0.53 sys=0.00, real=0.08 secs] 
124.758: Total time for which application threads were stopped: 0.0766410 seconds, Stopping threads took: 0.0000860 seconds
124.784: Application time: 0.0253190 seconds
124.784: [Full GC [PSYoungGen: 138752K->34337K(161280K)] [ParOldGen: 367425K->367425K(367616K)] 506177K->401763K(528896K) [PSPermGen: 13627K->13627K(21504K)], 0.0736260 secs] [Times: user=0.52 sys=0.00, real=0.07 secs] 
124.858: Total time for which application threads were stopped: 0.0742840 seconds, Stopping threads took: 0.0000780 seconds
124.883: Application time: 0.0248580 seconds
124.884: [Full GC [PSYoungGen: 138752K->34338K(161280K)] [ParOldGen: 367425K->367425K(367616K)] 506177K->401763K(528896K) [PSPermGen: 13627K->13627K(21504K)], 0.0737990 secs] [Times: user=0.52 sys=0.00, real=0.07 secs] 
124.957: Total time for which application threads were stopped: 0.0744720 seconds, Stopping threads took: 0.0000840 seconds
124.982: Application time: 0.0250740 seconds
124.983: [Full GC [PSYoungGen: 138752K->34353K(161280K)] [ParOldGen: 367425K->367425K(367616K)] 506177K->401778K(528896K) [PSPermGen: 13627K->13627K(21504K)], 0.0734350 secs] [Times: user=0.52 sys=0.00, real=0.08 secs] 
125.057: Total time for which application threads were stopped: 0.0742550 seconds, Stopping threads took: 0.0002320 seconds
125.082: Application time: 0.0249620 seconds
125.082: [Full GC [PSYoungGen: 138752K->34368K(161280K)] [ParOldGen: 367425K->367425K(367616K)] 506177K->401794K(528896K) [PSPermGen: 13627K->13627K(21504K)], 0.0752340 secs] [Times: user=0.53 sys=0.00, real=0.08 secs] 
125.158: Total time for which application threads were stopped: 0.0759060 seconds, Stopping threads took: 0.0000960 seconds
125.183: Application time: 0.0249610 seconds
125.183: [Full GC [PSYoungGen: 138752K->34382K(161280K)] [ParOldGen: 367425K->367425K(367616K)] 506177K->401808K(528896K) [PSPermGen: 13627K->13627K(21504K)], 0.0740760 secs] [Times: user=0.52 sys=0.00, real=0.08 secs] 
125.257: Total time for which application threads were stopped: 0.0747500 seconds, Stopping threads took: 0.0000680 seconds
125.282: Application time: 0.0248550 seconds
125.283: [Full GC [PSYoungGen: 138752K->34396K(161280K)] [ParOldGen: 367425K->367425K(367616K)] 506177K->401821K(528896K) [PSPermGen: 13627K->13627K(21504K)], 0.0739930 secs] [Times: user=0.52 sys=0.00, real=0.08 secs] 
125.357: Total time for which application threads were stopped: 0.0746290 seconds, Stopping threads took: 0.0000630 seconds
125.381: Application time: 0.0245810 seconds
125.382: [Full GC [PSYoungGen: 138752K->34414K(161280K)] [ParOldGen: 367425K->367425K(367616K)] 506177K->401839K(528896K) [PSPermGen: 13627K->13627K(21504K)], 0.0742800 secs] [Times: user=0.52 sys=0.00, real=0.08 secs] 
125.456: Total time for which application threads were stopped: 0.0749840 seconds, Stopping threads took: 0.0000700 seconds
125.482: Application time: 0.0257610 seconds
125.483: [Full GC [PSYoungGen: 138752K->34427K(161280K)] [ParOldGen: 367425K->367425K(367616K)] 506177K->401853K(528896K) [PSPermGen: 13627K->13627K(21504K)], 0.0738780 secs] [Times: user=0.52 sys=0.00, real=0.08 secs] 
125.557: Total time for which application threads were stopped: 0.0745090 seconds, Stopping threads took: 0.0000630 seconds
125.582: Application time: 0.0250760 seconds
125.582: [Full GC [PSYoungGen: 138752K->34442K(161280K)] [ParOldGen: 367425K->367425K(367616K)] 506177K->401867K(528896K) [PSPermGen: 13627K->13627K(21504K)], 0.0742520 secs] [Times: user=0.52 sys=0.00, real=0.08 secs] 
125.657: Total time for which application threads were stopped: 0.0749000 seconds, Stopping threads took: 0.0000580 seconds
125.681: Application time: 0.0248210 seconds
125.682: [Full GC [PSYoungGen: 138752K->34456K(161280K)] [ParOldGen: 367425K->367425K(367616K)] 506177K->401881K(528896K) [PSPermGen: 13627K->13627K(21504K)], 0.0740290 secs] [Times: user=0.52 sys=0.00, real=0.08 secs] 
125.756: Total time for which application threads were stopped: 0.0746610 seconds, Stopping threads took: 0.0000620 seconds
125.781: Application time: 0.0248600 seconds
125.782: [Full GC [PSYoungGen: 138752K->34470K(161280K)] [ParOldGen: 367425K->367425K(367616K)] 506177K->401896K(528896K) [PSPermGen: 13627K->13627K(21504K)], 0.0738260 secs] [Times: user=0.52 sys=0.00, real=0.08 secs] 
125.856: Total time for which application threads were stopped: 0.0745120 seconds, Stopping threads took: 0.0000760 seconds
125.880: Application time: 0.0244710 seconds
125.881: [Full GC [PSYoungGen: 138752K->34487K(161280K)] [ParOldGen: 367425K->367425K(367616K)] 506177K->401913K(528896K) [PSPermGen: 13627K->13627K(21504K)], 0.0735610 secs] [Times: user=0.52 sys=0.00, real=0.08 secs] 
125.954: Total time for which application threads were stopped: 0.0742680 seconds, Stopping threads took: 0.0000610 seconds
125.979: Application time: 0.0245440 seconds
125.979: [Full GC [PSYoungGen: 138752K->34501K(161280K)] [ParOldGen: 367425K->367425K(367616K)] 506177K->401926K(528896K) [PSPermGen: 13627K->13627K(21504K)], 0.0754760 secs] [Times: user=0.52 sys=0.00, real=0.08 secs] 
126.055: Total time for which application threads were stopped: 0.0762030 seconds, Stopping threads took: 0.0000860 seconds
126.079: Application time: 0.0244750 seconds
126.080: [Full GC [PSYoungGen: 138752K->34516K(161280K)] [ParOldGen: 367425K->367425K(367616K)] 506177K->401941K(528896K) [PSPermGen: 13627K->13627K(21504K)], 0.0737250 secs] [Times: user=0.51 sys=0.00, real=0.08 secs] 
126.154: Total time for which application threads were stopped: 0.0744110 seconds, Stopping threads took: 0.0000750 seconds
126.178: Application time: 0.0245370 seconds
126.179: [Full GC [PSYoungGen: 138752K->34533K(161280K)] [ParOldGen: 367425K->367425K(367616K)] 506177K->401958K(528896K) [PSPermGen: 13627K->13627K(21504K)], 0.0737580 secs] [Times: user=0.52 sys=0.00, real=0.08 secs] 
126.253: Total time for which application threads were stopped: 0.0744680 seconds, Stopping threads took: 0.0000750 seconds
126.278: Application time: 0.0248960 seconds
126.278: [Full GC [PSYoungGen: 138752K->34547K(161280K)] [ParOldGen: 367425K->367425K(367616K)] 506177K->401972K(528896K) [PSPermGen: 13627K->13627K(21504K)], 0.0737390 secs] [Times: user=0.52 sys=0.00, real=0.08 secs] 
126.352: Total time for which application threads were stopped: 0.0743910 seconds, Stopping threads took: 0.0000730 seconds
126.376: Application time: 0.0242940 seconds
126.377: [Full GC [PSYoungGen: 138752K->34561K(161280K)] [ParOldGen: 367425K->367425K(367616K)] 506177K->401986K(528896K) [PSPermGen: 13627K->13627K(21504K)], 0.0736550 secs] [Times: user=0.52 sys=0.00, real=0.07 secs] 
126.451: Total time for which application threads were stopped: 0.0744090 seconds, Stopping threads took: 0.0000870 seconds
126.475: Application time: 0.0245540 seconds
126.476: [Full GC [PSYoungGen: 138752K->34578K(161280K)] [ParOldGen: 367425K->367425K(367616K)] 506177K->402003K(528896K) [PSPermGen: 13627K->13627K(21504K)], 0.0748140 secs] [Times: user=0.52 sys=0.00, real=0.07 secs] 
126.551: Total time for which application threads were stopped: 0.0754380 seconds, Stopping threads took: 0.0000590 seconds
126.576: Application time: 0.0248680 seconds
126.576: [Full GC [PSYoungGen: 138752K->34517K(161280K)] [ParOldGen: 367425K->367425K(367616K)] 506177K->401943K(528896K) [PSPermGen: 13627K->13627K(21504K)], 0.0751020 secs] [Times: user=0.52 sys=0.00, real=0.08 secs] 
126.652: Total time for which application threads were stopped: 0.0757380 seconds, Stopping threads took: 0.0000580 seconds
126.677: Application time: 0.0250740 seconds
126.677: [Full GC [PSYoungGen: 138752K->34481K(161280K)] [ParOldGen: 367425K->367425K(367616K)] 506177K->401907K(528896K) [PSPermGen: 13627K->13627K(21504K)], 0.0738870 secs] [Times: user=0.52 sys=0.00, real=0.07 secs] 
126.751: Total time for which application threads were stopped: 0.0745910 seconds, Stopping threads took: 0.0000650 seconds
126.776: Application time: 0.0250690 seconds
126.777: [Full GC [PSYoungGen: 138752K->34482K(161280K)] [ParOldGen: 367425K->367425K(367616K)] 506177K->401907K(528896K) [PSPermGen: 13627K->13627K(21504K)], 0.0734900 secs] [Times: user=0.52 sys=0.00, real=0.07 secs] 
126.850: Total time for which application threads were stopped: 0.0741730 seconds, Stopping threads took: 0.0000490 seconds
126.875: Application time: 0.0245350 seconds
126.876: [Full GC [PSYoungGen: 138752K->34495K(161280K)] [ParOldGen: 367425K->367425K(367616K)] 506177K->401921K(528896K) [PSPermGen: 13627K->13627K(21504K)], 0.0736050 secs] [Times: user=0.52 sys=0.00, real=0.07 secs] 
126.949: Total time for which application threads were stopped: 0.0743130 seconds, Stopping threads took: 0.0000560 seconds
126.976: Application time: 0.0268170 seconds
126.977: [Full GC [PSYoungGen: 138752K->34392K(161280K)] [ParOldGen: 367425K->367425K(367616K)] 506177K->401818K(528896K) [PSPermGen: 13627K->13627K(21504K)], 0.0754280 secs] [Times: user=0.53 sys=0.00, real=0.08 secs] 
127.052: Total time for which application threads were stopped: 0.0760440 seconds, Stopping threads took: 0.0000130 seconds
127.077: Application time: 0.0247880 seconds
127.078: [Full GC [PSYoungGen: 138752K->34386K(161280K)] [ParOldGen: 367425K->367425K(367616K)] 506177K->401811K(528896K) [PSPermGen: 13627K->13627K(21504K)], 0.0747260 secs] [Times: user=0.53 sys=0.00, real=0.08 secs] 
127.152: Total time for which application threads were stopped: 0.0753730 seconds, Stopping threads took: 0.0000850 seconds
127.177: Application time: 0.0246620 seconds
127.178: [Full GC [PSYoungGen: 138752K->34399K(161280K)] [ParOldGen: 367425K->367425K(367616K)] 506177K->401824K(528896K) [PSPermGen: 13627K->13627K(21504K)], 0.0735480 secs] [Times: user=0.51 sys=0.00, real=0.07 secs] 
127.251: Total time for which application threads were stopped: 0.0741780 seconds, Stopping threads took: 0.0000580 seconds
127.276: Application time: 0.0250080 seconds
127.277: [Full GC [PSYoungGen: 138752K->34415K(161280K)] [ParOldGen: 367425K->367425K(367616K)] 506177K->401841K(528896K) [PSPermGen: 13627K->13627K(21504K)], 0.0740020 secs] [Times: user=0.52 sys=0.00, real=0.07 secs] 
127.351: Total time for which application threads were stopped: 0.0746990 seconds, Stopping threads took: 0.0000540 seconds
127.376: Application time: 0.0248070 seconds
127.376: [Full GC [PSYoungGen: 138752K->34430K(161280K)] [ParOldGen: 367425K->367425K(367616K)] 506177K->401856K(528896K) [PSPermGen: 13627K->13627K(21504K)], 0.0739520 secs] [Times: user=0.52 sys=0.00, real=0.07 secs] 
127.450: Total time for which application threads were stopped: 0.0745840 seconds, Stopping threads took: 0.0000710 seconds
127.476: Application time: 0.0256470 seconds
127.477: [Full GC [PSYoungGen: 138752K->34385K(161280K)] [ParOldGen: 367425K->367425K(367616K)] 506177K->401810K(528896K) [PSPermGen: 13627K->13627K(21504K)], 0.0753330 secs] [Times: user=0.52 sys=0.00, real=0.08 secs] 
127.552: Total time for which application threads were stopped: 0.0759710 seconds, Stopping threads took: 0.0000740 seconds
127.577: Application time: 0.0252690 seconds
127.578: [Full GC [PSYoungGen: 138752K->34391K(161280K)] [ParOldGen: 367425K->367425K(367616K)] 506177K->401816K(528896K) [PSPermGen: 13627K->13627K(21504K)], 0.0742700 secs] [Times: user=0.51 sys=0.01, real=0.08 secs] 
127.652: Total time for which application threads were stopped: 0.0750270 seconds, Stopping threads took: 0.0000820 seconds
127.677: Application time: 0.0251990 seconds
127.678: [Full GC [PSYoungGen: 138752K->34405K(161280K)] [ParOldGen: 367425K->367425K(367616K)] 506177K->401831K(528896K) [PSPermGen: 13627K->13627K(21504K)], 0.0744130 secs] [Times: user=0.53 sys=0.00, real=0.08 secs] 
127.752: Total time for which application threads were stopped: 0.0750550 seconds, Stopping threads took: 0.0000630 seconds
127.777: Application time: 0.0249230 seconds
127.778: [Full GC [PSYoungGen: 138752K->34421K(161280K)] [ParOldGen: 367425K->367425K(367616K)] 506177K->401846K(528896K) [PSPermGen: 13627K->13627K(21504K)], 0.0740730 secs] [Times: user=0.52 sys=0.00, real=0.08 secs] 
127.852: Total time for which application threads were stopped: 0.0747030 seconds, Stopping threads took: 0.0000610 seconds
127.877: Application time: 0.0249640 seconds
127.878: [Full GC [PSYoungGen: 138752K->34437K(161280K)] [ParOldGen: 367425K->367425K(367616K)] 506177K->401862K(528896K) [PSPermGen: 13627K->13627K(21504K)], 0.0742360 secs] [Times: user=0.52 sys=0.00, real=0.08 secs] 
127.952: Total time for which application threads were stopped: 0.0748830 seconds, Stopping threads took: 0.0000910 seconds
127.977: Application time: 0.0250880 seconds
127.978: [Full GC [PSYoungGen: 138752K->34451K(161280K)] [ParOldGen: 367425K->367425K(367616K)] 506177K->401876K(528896K) [PSPermGen: 13627K->13627K(21504K)], 0.0738090 secs] [Times: user=0.52 sys=0.00, real=0.08 secs] 
128.051: Total time for which application threads were stopped: 0.0744420 seconds, Stopping threads took: 0.0000640 seconds
128.077: Application time: 0.0255820 seconds
128.078: [Full GC [PSYoungGen: 138752K->34354K(161280K)] [ParOldGen: 367425K->367425K(367616K)] 506177K->401780K(528896K) [PSPermGen: 13627K->13627K(21504K)], 0.0744120 secs] [Times: user=0.52 sys=0.00, real=0.08 secs] 
128.152: Total time for which application threads were stopped: 0.0750680 seconds, Stopping threads took: 0.0000700 seconds
128.177: Application time: 0.0248690 seconds
128.178: [Full GC [PSYoungGen: 138752K->34340K(161280K)] [ParOldGen: 367425K->367425K(367616K)] 506177K->401765K(528896K) [PSPermGen: 13627K->13627K(21504K)], 0.0740130 secs] [Times: user=0.51 sys=0.00, real=0.08 secs] 
128.252: Total time for which application threads were stopped: 0.0746700 seconds, Stopping threads took: 0.0000790 seconds
128.277: Application time: 0.0249070 seconds
128.277: [Full GC [PSYoungGen: 138752K->34353K(161280K)] [ParOldGen: 367425K->367425K(367616K)] 506177K->401779K(528896K) [PSPermGen: 13627K->13627K(21504K)], 0.0739130 secs] [Times: user=0.52 sys=0.00, real=0.07 secs] 
128.351: Total time for which application threads were stopped: 0.0745930 seconds, Stopping threads took: 0.0000910 seconds
128.376: Application time: 0.0251300 seconds
128.377: [Full GC [PSYoungGen: 138752K->34297K(161280K)] [ParOldGen: 367425K->367425K(367616K)] 506177K->401722K(528896K) [PSPermGen: 13627K->13627K(21504K)], 0.0735400 secs] [Times: user=0.52 sys=0.00, real=0.07 secs] 
128.451: Total time for which application threads were stopped: 0.0741750 seconds, Stopping threads took: 0.0000540 seconds
128.475: Application time: 0.0246990 seconds
128.476: [Full GC [PSYoungGen: 138752K->34314K(161280K)] [ParOldGen: 367425K->367425K(367616K)] 506177K->401740K(528896K) [PSPermGen: 13627K->13627K(21504K)], 0.0754830 secs] [Times: user=0.52 sys=0.00, real=0.07 secs] 
128.551: Total time for which application threads were stopped: 0.0761620 seconds, Stopping threads took: 0.0000730 seconds
128.576: Application time: 0.0246290 seconds
128.577: [Full GC [PSYoungGen: 138752K->34329K(161280K)] [ParOldGen: 367425K->367425K(367616K)] 506177K->401754K(528896K) [PSPermGen: 13627K->13627K(21504K)], 0.0749000 secs] [Times: user=0.52 sys=0.00, real=0.08 secs] 
128.652: Total time for which application threads were stopped: 0.0756070 seconds, Stopping threads took: 0.0001160 seconds
128.676: Application time: 0.0245540 seconds
128.677: [Full GC [PSYoungGen: 138752K->34342K(161280K)] [ParOldGen: 367425K->367425K(367616K)] 506177K->401767K(528896K) [PSPermGen: 13627K->13627K(21504K)], 0.0735970 secs] [Times: user=0.52 sys=0.00, real=0.07 secs] 
128.751: Total time for which application threads were stopped: 0.0743450 seconds, Stopping threads took: 0.0000990 seconds
128.775: Application time: 0.0244200 seconds
128.776: [Full GC [PSYoungGen: 138752K->34359K(161280K)] [ParOldGen: 367425K->367425K(367616K)] 506177K->401784K(528896K) [PSPermGen: 13627K->13627K(21504K)], 0.0748580 secs] [Times: user=0.53 sys=0.00, real=0.07 secs] 
128.850: Total time for which application threads were stopped: 0.0755280 seconds, Stopping threads took: 0.0000750 seconds
128.876: Application time: 0.0252510 seconds
128.876: [Full GC [PSYoungGen: 138752K->34372K(161280K)] [ParOldGen: 367425K->367425K(367616K)] 506177K->401798K(528896K) [PSPermGen: 13627K->13627K(21504K)], 0.0747010 secs] [Times: user=0.52 sys=0.00, real=0.07 secs] 
128.951: Total time for which application threads were stopped: 0.0753800 seconds, Stopping threads took: 0.0000670 seconds
128.976: Application time: 0.0247900 seconds
128.977: [Full GC [PSYoungGen: 138752K->34387K(161280K)] [ParOldGen: 367425K->367425K(367616K)] 506177K->401812K(528896K) [PSPermGen: 13627K->13627K(21504K)], 0.0817380 secs] [Times: user=0.58 sys=0.00, real=0.08 secs] 
129.058: Total time for which application threads were stopped: 0.0824140 seconds, Stopping threads took: 0.0000810 seconds
129.083: Application time: 0.0245280 seconds
129.083: [Full GC [PSYoungGen: 138752K->34404K(161280K)] [ParOldGen: 367425K->367425K(367616K)] 506177K->401829K(528896K) [PSPermGen: 13627K->13627K(21504K)], 0.0745470 secs] [Times: user=0.52 sys=0.00, real=0.07 secs] 
129.158: Total time for which application threads were stopped: 0.0752270 seconds, Stopping threads took: 0.0000740 seconds
129.183: Application time: 0.0244800 seconds
129.183: [Full GC [PSYoungGen: 138752K->34416K(161280K)] [ParOldGen: 367425K->367425K(367616K)] 506177K->401842K(528896K) [PSPermGen: 13627K->13627K(21504K)], 0.0736440 secs] [Times: user=0.52 sys=0.00, real=0.08 secs] 
129.257: Total time for which application threads were stopped: 0.0743330 seconds, Stopping threads took: 0.0000530 seconds
129.281: Application time: 0.0243990 seconds
129.282: [Full GC [PSYoungGen: 138752K->34432K(161280K)] [ParOldGen: 367425K->367425K(367616K)] 506177K->401858K(528896K) [PSPermGen: 13627K->13627K(21504K)], 0.0735850 secs] [Times: user=0.52 sys=0.00, real=0.08 secs] 
129.356: Total time for which application threads were stopped: 0.0742350 seconds, Stopping threads took: 0.0000700 seconds
129.380: Application time: 0.0248120 seconds
129.381: [Full GC [PSYoungGen: 138752K->34446K(161280K)] [ParOldGen: 367425K->367425K(367616K)] 506177K->401872K(528896K) [PSPermGen: 13627K->13627K(21504K)], 0.0737470 secs] [Times: user=0.52 sys=0.00, real=0.08 secs] 
129.455: Total time for which application threads were stopped: 0.0744130 seconds, Stopping threads took: 0.0000710 seconds
129.479: Application time: 0.0245800 seconds
129.480: [Full GC [PSYoungGen: 138752K->34460K(161280K)] [ParOldGen: 367425K->367425K(367616K)] 506177K->401885K(528896K) [PSPermGen: 13627K->13627K(21504K)], 0.0738610 secs] [Times: user=0.51 sys=0.00, real=0.08 secs] 
129.554: Total time for which application threads were stopped: 0.0745080 seconds, Stopping threads took: 0.0000510 seconds
129.579: Application time: 0.0248030 seconds
129.579: [Full GC [PSYoungGen: 138752K->34475K(161280K)] [ParOldGen: 367425K->367425K(367616K)] 506177K->401900K(528896K) [PSPermGen: 13627K->13627K(21504K)], 0.0741480 secs] [Times: user=0.52 sys=0.00, real=0.08 secs] 
129.653: Total time for which application threads were stopped: 0.0748170 seconds, Stopping threads took: 0.0000760 seconds
129.678: Application time: 0.0248070 seconds
129.679: [Full GC [PSYoungGen: 138752K->34493K(161280K)] [ParOldGen: 367425K->367425K(367616K)] 506177K->401919K(528896K) [PSPermGen: 13627K->13627K(21504K)], 0.0735520 secs] [Times: user=0.52 sys=0.00, real=0.08 secs] 
129.753: Total time for which application threads were stopped: 0.0742680 seconds, Stopping threads took: 0.0000650 seconds
129.777: Application time: 0.0244700 seconds
129.778: [Full GC [PSYoungGen: 138752K->34508K(161280K)] [ParOldGen: 367425K->367425K(367616K)] 506177K->401934K(528896K) [PSPermGen: 13627K->13627K(21504K)], 0.0731490 secs] [Times: user=0.52 sys=0.00, real=0.07 secs] 
129.851: Total time for which application threads were stopped: 0.0738400 seconds, Stopping threads took: 0.0000500 seconds
129.876: Application time: 0.0247470 seconds
129.876: [Full GC [PSYoungGen: 138752K->34523K(161280K)] [ParOldGen: 367425K->367425K(367616K)] 506177K->401948K(528896K) [PSPermGen: 13627K->13627K(21504K)], 0.0735680 secs] [Times: user=0.52 sys=0.00, real=0.07 secs] 
129.950: Total time for which application threads were stopped: 0.0743060 seconds, Stopping threads took: 0.0000750 seconds
129.975: Application time: 0.0245640 seconds
129.975: [Full GC [PSYoungGen: 138752K->34537K(161280K)] [ParOldGen: 367425K->367425K(367616K)] 506177K->401962K(528896K) [PSPermGen: 13627K->13627K(21504K)], 0.0749870 secs] [Times: user=0.52 sys=0.00, real=0.07 secs] 
130.050: Total time for which application threads were stopped: 0.0756840 seconds, Stopping threads took: 0.0000730 seconds
130.075: Application time: 0.0247750 seconds
130.076: [Full GC [PSYoungGen: 138752K->34552K(161280K)] [ParOldGen: 367425K->367425K(367616K)] 506177K->401977K(528896K) [PSPermGen: 13627K->13627K(21504K)], 0.0737290 secs] [Times: user=0.51 sys=0.01, real=0.07 secs] 
130.149: Total time for which application threads were stopped: 0.0743640 seconds, Stopping threads took: 0.0000550 seconds
130.174: Application time: 0.0246490 seconds
130.175: [Full GC [PSYoungGen: 138752K->34565K(161280K)] [ParOldGen: 367425K->367425K(367616K)] 506177K->401991K(528896K) [PSPermGen: 13627K->13627K(21504K)], 0.0758060 secs] [Times: user=0.53 sys=0.00, real=0.07 secs] 
130.250: Total time for which application threads were stopped: 0.0764650 seconds, Stopping threads took: 0.0000650 seconds
130.276: Application time: 0.0254590 seconds
130.277: [Full GC [PSYoungGen: 138752K->34472K(161280K)] [ParOldGen: 367425K->367425K(367616K)] 506177K->401898K(528896K) [PSPermGen: 13627K->13627K(21504K)], 0.0741420 secs] [Times: user=0.52 sys=0.00, real=0.07 secs] 
130.351: Total time for which application threads were stopped: 0.0748370 seconds, Stopping threads took: 0.0000630 seconds
130.375: Application time: 0.0246060 seconds
130.376: [Full GC [PSYoungGen: 138752K->34456K(161280K)] [ParOldGen: 367425K->367425K(367616K)] 506177K->401881K(528896K) [PSPermGen: 13627K->13627K(21504K)], 0.0749250 secs] [Times: user=0.52 sys=0.00, real=0.07 secs] 
130.451: Total time for which application threads were stopped: 0.0755840 seconds, Stopping threads took: 0.0000580 seconds
130.476: Application time: 0.0251380 seconds
130.477: [Full GC [PSYoungGen: 138752K->34471K(161280K)] [ParOldGen: 367425K->367425K(367616K)] 506177K->401896K(528896K) [PSPermGen: 13627K->13627K(21504K)], 0.0749110 secs] [Times: user=0.51 sys=0.00, real=0.08 secs] 
130.552: Total time for which application threads were stopped: 0.0755680 seconds, Stopping threads took: 0.0000590 seconds
130.577: Application time: 0.0248890 seconds
130.577: [Full GC [PSYoungGen: 138752K->34487K(161280K)] [ParOldGen: 367425K->367425K(367616K)] 506177K->401912K(528896K) [PSPermGen: 13627K->13627K(21504K)], 0.0747630 secs] [Times: user=0.52 sys=0.00, real=0.08 secs] 
130.652: Total time for which application threads were stopped: 0.0753970 seconds, Stopping threads took: 0.0000890 seconds
130.677: Application time: 0.0250240 seconds
130.678: [Full GC [PSYoungGen: 138752K->34500K(161280K)] [ParOldGen: 367425K->367425K(367616K)] 506177K->401926K(528896K) [PSPermGen: 13627K->13627K(21504K)], 0.0742490 secs] [Times: user=0.52 sys=0.00, real=0.08 secs] 
130.752: Total time for which application threads were stopped: 0.0748590 seconds, Stopping threads took: 0.0000690 seconds
130.777: Application time: 0.0251480 seconds
130.778: [Full GC [PSYoungGen: 138752K->34515K(161280K)] [ParOldGen: 367425K->367425K(367616K)] 506177K->401940K(528896K) [PSPermGen: 13627K->13627K(21504K)], 0.0746540 secs] [Times: user=0.53 sys=0.00, real=0.08 secs] 
130.852: Total time for which application threads were stopped: 0.0753190 seconds, Stopping threads took: 0.0001130 seconds
130.878: Application time: 0.0256010 seconds
130.879: [Full GC [PSYoungGen: 138752K->34472K(161280K)] [ParOldGen: 367425K->367425K(367616K)] 506177K->401898K(528896K) [PSPermGen: 13627K->13627K(21504K)], 0.0741260 secs] [Times: user=0.52 sys=0.00, real=0.08 secs] 
130.953: Total time for which application threads were stopped: 0.0747830 seconds, Stopping threads took: 0.0000970 seconds
130.978: Application time: 0.0252750 seconds
130.979: [Full GC [PSYoungGen: 138752K->34420K(161280K)] [ParOldGen: 367425K->367425K(367616K)] 506177K->401845K(528896K) [PSPermGen: 13627K->13627K(21504K)], 0.0744780 secs] [Times: user=0.52 sys=0.00, real=0.08 secs] 
131.053: Total time for which application threads were stopped: 0.0751420 seconds, Stopping threads took: 0.0000770 seconds
131.078: Application time: 0.0245980 seconds
131.078: [Full GC [PSYoungGen: 138752K->34420K(161280K)] [ParOldGen: 367425K->367425K(367616K)] 506177K->401845K(528896K) [PSPermGen: 13627K->13627K(21504K)], 0.0741240 secs] [Times: user=0.52 sys=0.00, real=0.08 secs] 
131.153: Total time for which application threads were stopped: 0.0747700 seconds, Stopping threads took: 0.0000940 seconds
131.177: Application time: 0.0245520 seconds
131.178: [Full GC [PSYoungGen: 138752K->34432K(161280K)] [ParOldGen: 367425K->367425K(367616K)] 506177K->401858K(528896K) [PSPermGen: 13627K->13627K(21504K)], 0.0743970 secs] [Times: user=0.51 sys=0.00, real=0.08 secs] 
131.252: Total time for which application threads were stopped: 0.0750240 seconds, Stopping threads took: 0.0000790 seconds
131.277: Application time: 0.0249800 seconds
131.278: [Full GC [PSYoungGen: 138752K->34395K(161280K)] [ParOldGen: 367425K->367425K(367616K)] 506177K->401821K(528896K) [PSPermGen: 13627K->13627K(21504K)], 0.0739020 secs] [Times: user=0.52 sys=0.00, real=0.08 secs] 
131.352: Total time for which application threads were stopped: 0.0746170 seconds, Stopping threads took: 0.0000840 seconds
131.377: Application time: 0.0249930 seconds
131.377: [Full GC [PSYoungGen: 138752K->34397K(161280K)] [ParOldGen: 367425K->367425K(367616K)] 506177K->401822K(528896K) [PSPermGen: 13627K->13627K(21504K)], 0.0739700 secs] [Times: user=0.53 sys=0.00, real=0.07 secs] 
131.451: Total time for which application threads were stopped: 0.0746630 seconds, Stopping threads took: 0.0000850 seconds
131.476: Application time: 0.0249310 seconds
131.477: [Full GC [PSYoungGen: 138752K->34408K(161280K)] [ParOldGen: 367425K->367425K(367616K)] 506177K->401833K(528896K) [PSPermGen: 13627K->13627K(21504K)], 0.0755750 secs] [Times: user=0.52 sys=0.00, real=0.08 secs] 
131.553: Total time for which application threads were stopped: 0.0762200 seconds, Stopping threads took: 0.0000750 seconds
131.578: Application time: 0.0251490 seconds
131.578: [Full GC [PSYoungGen: 138752K->34424K(161280K)] [ParOldGen: 367425K->367425K(367616K)] 506177K->401850K(528896K) [PSPermGen: 13627K->13627K(21504K)], 0.0747240 secs] [Times: user=0.52 sys=0.00, real=0.08 secs] 
131.653: Total time for which application threads were stopped: 0.0753760 seconds, Stopping threads took: 0.0000690 seconds
131.678: Application time: 0.0249370 seconds
131.679: [Full GC [PSYoungGen: 138752K->34439K(161280K)] [ParOldGen: 367425K->367425K(367616K)] 506177K->401864K(528896K) [PSPermGen: 13627K->13627K(21504K)], 0.0743540 secs] [Times: user=0.53 sys=0.00, real=0.08 secs] 
131.753: Total time for which application threads were stopped: 0.0749750 seconds, Stopping threads took: 0.0000580 seconds
131.778: Application time: 0.0246110 seconds
131.778: [Full GC [PSYoungGen: 138752K->34455K(161280K)] [ParOldGen: 367425K->367425K(367616K)] 506177K->401881K(528896K) [PSPermGen: 13627K->13627K(21504K)], 0.0742560 secs] [Times: user=0.52 sys=0.00, real=0.08 secs] 
131.852: Total time for which application threads were stopped: 0.0748670 seconds, Stopping threads took: 0.0000530 seconds
131.878: Application time: 0.0254880 seconds
131.879: [Full GC [PSYoungGen: 138752K->34345K(161280K)] [ParOldGen: 367425K->367425K(367616K)] 506177K->401771K(528896K) [PSPermGen: 13627K->13627K(21504K)], 0.0740510 secs] [Times: user=0.52 sys=0.00, real=0.08 secs] 
131.953: Total time for which application threads were stopped: 0.0746970 seconds, Stopping threads took: 0.0000810 seconds
131.978: Application time: 0.0252000 seconds
131.978: [Full GC [PSYoungGen: 138752K->34343K(161280K)] [ParOldGen: 367425K->367425K(367616K)] 506177K->401768K(528896K) [PSPermGen: 13627K->13627K(21504K)], 0.0813570 secs] [Times: user=0.57 sys=0.00, real=0.08 secs] 
132.060: Total time for which application threads were stopped: 0.0819970 seconds, Stopping threads took: 0.0000500 seconds
132.085: Application time: 0.0247600 seconds
132.085: [Full GC [PSYoungGen: 138752K->34360K(161280K)] [ParOldGen: 367425K->367425K(367616K)] 506177K->401785K(528896K) [PSPermGen: 13627K->13627K(21504K)], 0.0741190 secs] [Times: user=0.52 sys=0.00, real=0.07 secs] 
132.159: Total time for which application threads were stopped: 0.0747830 seconds, Stopping threads took: 0.0000850 seconds
132.185: Application time: 0.0251900 seconds
132.185: [Full GC [PSYoungGen: 138752K->34372K(161280K)] [ParOldGen: 367425K->367425K(367616K)] 506177K->401798K(528896K) [PSPermGen: 13627K->13627K(21504K)], 0.0746740 secs] [Times: user=0.53 sys=0.00, real=0.07 secs] 
132.260: Total time for which application threads were stopped: 0.0753260 seconds, Stopping threads took: 0.0000800 seconds
132.285: Application time: 0.0251120 seconds
132.286: [Full GC [PSYoungGen: 138752K->34333K(161280K)] [ParOldGen: 367425K->367425K(367616K)] 506177K->401758K(528896K) [PSPermGen: 13627K->13627K(21504K)], 0.0739110 secs] [Times: user=0.51 sys=0.01, real=0.07 secs] 
132.360: Total time for which application threads were stopped: 0.0746600 seconds, Stopping threads took: 0.0001120 seconds
132.384: Application time: 0.0247550 seconds
132.385: [Full GC [PSYoungGen: 138752K->34331K(161280K)] [ParOldGen: 367425K->367425K(367616K)] 506177K->401756K(528896K) [PSPermGen: 13627K->13627K(21504K)], 0.0740570 secs] [Times: user=0.52 sys=0.00, real=0.07 secs] 
132.459: Total time for which application threads were stopped: 0.0747040 seconds, Stopping threads took: 0.0000850 seconds
132.484: Application time: 0.0246530 seconds
132.484: [Full GC [PSYoungGen: 138752K->34347K(161280K)] [ParOldGen: 367425K->367425K(367616K)] 506177K->401772K(528896K) [PSPermGen: 13627K->13627K(21504K)], 0.0736250 secs] [Times: user=0.52 sys=0.00, real=0.07 secs] 
132.558: Total time for which application threads were stopped: 0.0742780 seconds, Stopping threads took: 0.0000880 seconds
132.583: Application time: 0.0244790 seconds
132.583: [Full GC [PSYoungGen: 138752K->34362K(161280K)] [ParOldGen: 367425K->367425K(367616K)] 506177K->401788K(528896K) [PSPermGen: 13627K->13627K(21504K)], 0.0745430 secs] [Times: user=0.52 sys=0.00, real=0.08 secs] 
132.658: Total time for which application threads were stopped: 0.0752000 seconds, Stopping threads took: 0.0000690 seconds
132.682: Application time: 0.0246310 seconds
132.683: [Full GC [PSYoungGen: 138752K->34377K(161280K)] [ParOldGen: 367425K->367425K(367616K)] 506177K->401802K(528896K) [PSPermGen: 13627K->13627K(21504K)], 0.0738730 secs] [Times: user=0.53 sys=0.00, real=0.08 secs] 
132.757: Total time for which application threads were stopped: 0.0745510 seconds, Stopping threads took: 0.0000670 seconds
132.782: Application time: 0.0247760 seconds
132.782: [Full GC [PSYoungGen: 138752K->34389K(161280K)] [ParOldGen: 367425K->367425K(367616K)] 506177K->401814K(528896K) [PSPermGen: 13627K->13627K(21504K)], 0.0742820 secs] [Times: user=0.53 sys=0.00, real=0.08 secs] 
132.857: Total time for which application threads were stopped: 0.0749280 seconds, Stopping threads took: 0.0000730 seconds
132.881: Application time: 0.0243890 seconds
132.882: [Full GC [PSYoungGen: 138752K->34407K(161280K)] [ParOldGen: 367425K->367425K(367616K)] 506177K->401832K(528896K) [PSPermGen: 13627K->13627K(21504K)], 0.0734630 secs] [Times: user=0.51 sys=0.00, real=0.08 secs] 
132.955: Total time for which application threads were stopped: 0.0741030 seconds, Stopping threads took: 0.0000800 seconds
132.980: Application time: 0.0245540 seconds
132.980: [Full GC [PSYoungGen: 138752K->34422K(161280K)] [ParOldGen: 367425K->367425K(367616K)] 506177K->401847K(528896K) [PSPermGen: 13627K->13627K(21504K)], 0.0770370 secs] [Times: user=0.53 sys=0.00, real=0.08 secs] 
133.057: Total time for which application threads were stopped: 0.0776790 seconds, Stopping threads took: 0.0000780 seconds
133.082: Application time: 0.0246980 seconds
133.083: [Full GC [PSYoungGen: 138752K->34438K(161280K)] [ParOldGen: 367425K->367425K(367616K)] 506177K->401863K(528896K) [PSPermGen: 13627K->13627K(21504K)], 0.0736550 secs] [Times: user=0.52 sys=0.00, real=0.08 secs] 
133.156: Total time for which application threads were stopped: 0.0742960 seconds, Stopping threads took: 0.0000600 seconds
133.181: Application time: 0.0246710 seconds
133.182: [Full GC [PSYoungGen: 138752K->34449K(161280K)] [ParOldGen: 367425K->367425K(367616K)] 506177K->401874K(528896K) [PSPermGen: 13627K->13627K(21504K)], 0.0760150 secs] [Times: user=0.53 sys=0.00, real=0.08 secs] 
133.258: Total time for which application threads were stopped: 0.0766620 seconds, Stopping threads took: 0.0001010 seconds
133.282: Application time: 0.0247100 seconds
133.283: [Full GC [PSYoungGen: 138752K->34469K(161280K)] [ParOldGen: 367425K->367425K(367616K)] 506177K->401894K(528896K) [PSPermGen: 13627K->13627K(21504K)], 0.0742380 secs] [Times: user=0.52 sys=0.00, real=0.08 secs] 
133.357: Total time for which application threads were stopped: 0.0749110 seconds, Stopping threads took: 0.0000840 seconds
133.382: Application time: 0.0246830 seconds
133.383: [Full GC [PSYoungGen: 138752K->34482K(161280K)] [ParOldGen: 367425K->367425K(367616K)] 506177K->401907K(528896K) [PSPermGen: 13627K->13627K(21504K)], 0.0748020 secs] [Times: user=0.52 sys=0.00, real=0.08 secs] 
133.458: Total time for which application threads were stopped: 0.0754350 seconds, Stopping threads took: 0.0000740 seconds
133.482: Application time: 0.0246450 seconds
133.483: [Full GC [PSYoungGen: 138752K->34499K(161280K)] [ParOldGen: 367425K->367425K(367616K)] 506177K->401924K(528896K) [PSPermGen: 13627K->13627K(21504K)], 0.0744240 secs] [Times: user=0.52 sys=0.00, real=0.08 secs] 
133.557: Total time for which application threads were stopped: 0.0750560 seconds, Stopping threads took: 0.0000700 seconds
133.583: Application time: 0.0255830 seconds
133.584: [Full GC [PSYoungGen: 138752K->34512K(161280K)] [ParOldGen: 367425K->367425K(367616K)] 506177K->401937K(528896K) [PSPermGen: 13627K->13627K(21504K)], 0.0742380 secs] [Times: user=0.52 sys=0.00, real=0.07 secs] 
133.658: Total time for which application threads were stopped: 0.0750160 seconds, Stopping threads took: 0.0000510 seconds
133.682: Application time: 0.0245940 seconds
133.683: [Full GC [PSYoungGen: 138752K->34527K(161280K)] [ParOldGen: 367425K->367425K(367616K)] 506177K->401952K(528896K) [PSPermGen: 13627K->13627K(21504K)], 0.0739030 secs] [Times: user=0.52 sys=0.00, real=0.08 secs] 
133.757: Total time for which application threads were stopped: 0.0746410 seconds, Stopping threads took: 0.0001030 seconds
133.785: Application time: 0.0283880 seconds
133.786: [Full GC [PSYoungGen: 138752K->34539K(161280K)] [ParOldGen: 367425K->367425K(367616K)] 506177K->401964K(528896K) [PSPermGen: 13627K->13627K(21504K)], 0.0763140 secs] [Times: user=0.51 sys=0.01, real=0.07 secs] 
133.863: Total time for which application threads were stopped: 0.0771850 seconds, Stopping threads took: 0.0001360 seconds
133.888: Application time: 0.0253660 seconds
133.889: [Full GC [PSYoungGen: 138752K->34444K(161280K)] [ParOldGen: 367425K->367425K(367616K)] 506177K->401869K(528896K) [PSPermGen: 13627K->13627K(21504K)], 0.0734150 secs] [Times: user=0.52 sys=0.00, real=0.07 secs] 
133.962: Total time for which application threads were stopped: 0.0740910 seconds, Stopping threads took: 0.0000740 seconds
133.987: Application time: 0.0247560 seconds
133.987: [Full GC [PSYoungGen: 138752K->34430K(161280K)] [ParOldGen: 367425K->367425K(367616K)] 506177K->401855K(528896K) [PSPermGen: 13627K->13627K(21504K)], 0.0736630 secs] [Times: user=0.52 sys=0.00, real=0.07 secs] 
134.061: Total time for which application threads were stopped: 0.0743230 seconds, Stopping threads took: 0.0000810 seconds
134.086: Application time: 0.0247520 seconds
134.087: [Full GC [PSYoungGen: 138752K->34447K(161280K)] [ParOldGen: 367425K->367425K(367616K)] 506177K->401872K(528896K) [PSPermGen: 13627K->13627K(21504K)], 0.0738470 secs] [Times: user=0.52 sys=0.00, real=0.07 secs] 
134.161: Total time for which application threads were stopped: 0.0746050 seconds, Stopping threads took: 0.0001160 seconds
134.185: Application time: 0.0246220 seconds
134.186: [Full GC [PSYoungGen: 138752K->34459K(161280K)] [ParOldGen: 367425K->367425K(367616K)] 506177K->401885K(528896K) [PSPermGen: 13627K->13627K(21504K)], 0.0789340 secs] [Times: user=0.55 sys=0.00, real=0.08 secs] 
134.265: Total time for which application threads were stopped: 0.0796350 seconds, Stopping threads took: 0.0000670 seconds
134.289: Application time: 0.0246220 seconds
134.290: [Full GC [PSYoungGen: 138752K->34474K(161280K)] [ParOldGen: 367425K->367425K(367616K)] 506177K->401899K(528896K) [PSPermGen: 13627K->13627K(21504K)], 0.0740960 secs] [Times: user=0.52 sys=0.00, real=0.08 secs] 
134.364: Total time for which application threads were stopped: 0.0748300 seconds, Stopping threads took: 0.0000710 seconds
134.389: Application time: 0.0250440 seconds
134.390: [Full GC [PSYoungGen: 138752K->34491K(161280K)] [ParOldGen: 367425K->367425K(367616K)] 506177K->401916K(528896K) [PSPermGen: 13627K->13627K(21504K)], 0.0749570 secs] [Times: user=0.53 sys=0.00, real=0.08 secs] 
134.465: Total time for which application threads were stopped: 0.0756290 seconds, Stopping threads took: 0.0000820 seconds
134.490: Application time: 0.0247400 seconds
134.490: [Full GC [PSYoungGen: 138752K->34505K(161280K)] [ParOldGen: 367425K->367425K(367616K)] 506177K->401930K(528896K) [PSPermGen: 13627K->13627K(21504K)], 0.0776770 secs] [Times: user=0.54 sys=0.00, real=0.08 secs] 
134.568: Total time for which application threads were stopped: 0.0783270 seconds, Stopping threads took: 0.0000990 seconds
134.593: Application time: 0.0249380 seconds
134.594: [Full GC [PSYoungGen: 138752K->34521K(161280K)] [ParOldGen: 367425K->367425K(367616K)] 506177K->401947K(528896K) [PSPermGen: 13627K->13627K(21504K)], 0.0738400 secs] [Times: user=0.52 sys=0.00, real=0.07 secs] 
134.668: Total time for which application threads were stopped: 0.0745410 seconds, Stopping threads took: 0.0000730 seconds
134.693: Application time: 0.0257220 seconds
134.694: [Full GC [PSYoungGen: 138752K->34481K(161280K)] [ParOldGen: 367425K->367425K(367616K)] 506177K->401907K(528896K) [PSPermGen: 13627K->13627K(21504K)], 0.0752890 secs] [Times: user=0.52 sys=0.01, real=0.07 secs] 
134.769: Total time for which application threads were stopped: 0.0760100 seconds, Stopping threads took: 0.0000810 seconds
134.794: Application time: 0.0250290 seconds
134.795: [Full GC [PSYoungGen: 138752K->34418K(161280K)] [ParOldGen: 367425K->367425K(367616K)] 506177K->401843K(528896K) [PSPermGen: 13627K->13627K(21504K)], 0.0736580 secs] [Times: user=0.52 sys=0.00, real=0.07 secs] 
134.869: Total time for which application threads were stopped: 0.0743190 seconds, Stopping threads took: 0.0000610 seconds
134.893: Application time: 0.0246790 seconds
134.894: [Full GC [PSYoungGen: 138752K->34423K(161280K)] [ParOldGen: 367425K->367425K(367616K)] 506177K->401849K(528896K) [PSPermGen: 13627K->13627K(21504K)], 0.0739460 secs] [Times: user=0.52 sys=0.00, real=0.07 secs] 
134.968: Total time for which application threads were stopped: 0.0745920 seconds, Stopping threads took: 0.0000800 seconds
134.993: Application time: 0.0251370 seconds
134.994: [Full GC [PSYoungGen: 138752K->34438K(161280K)] [ParOldGen: 367425K->367425K(367616K)] 506177K->401864K(528896K) [PSPermGen: 13627K->13627K(21504K)], 0.0738110 secs] [Times: user=0.52 sys=0.00, real=0.07 secs] 
135.068: Total time for which application threads were stopped: 0.0745110 seconds, Stopping threads took: 0.0000620 seconds
135.094: Application time: 0.0265080 seconds
135.095: [Full GC [PSYoungGen: 138752K->34400K(161280K)] [ParOldGen: 367425K->367425K(367616K)] 506177K->401825K(528896K) [PSPermGen: 13627K->13627K(21504K)], 0.0740280 secs] [Times: user=0.52 sys=0.00, real=0.07 secs] 
135.169: Total time for which application threads were stopped: 0.0746720 seconds, Stopping threads took: 0.0000650 seconds
135.193: Application time: 0.0244580 seconds
135.194: [Full GC [PSYoungGen: 138752K->34397K(161280K)] [ParOldGen: 367425K->367425K(367616K)] 506177K->401822K(528896K) [PSPermGen: 13627K->13627K(21504K)], 0.0737330 secs] [Times: user=0.52 sys=0.00, real=0.07 secs] 
135.268: Total time for which application threads were stopped: 0.0743680 seconds, Stopping threads took: 0.0000620 seconds
135.293: Application time: 0.0250400 seconds
135.293: [Full GC [PSYoungGen: 138752K->34415K(161280K)] [ParOldGen: 367425K->367425K(367616K)] 506177K->401840K(528896K) [PSPermGen: 13627K->13627K(21504K)], 0.0737080 secs] [Times: user=0.51 sys=0.00, real=0.07 secs] 
135.367: Total time for which application threads were stopped: 0.0743620 seconds, Stopping threads took: 0.0000830 seconds
135.392: Application time: 0.0252260 seconds
135.393: [Full GC [PSYoungGen: 138752K->34430K(161280K)] [ParOldGen: 367425K->367425K(367616K)] 506177K->401855K(528896K) [PSPermGen: 13627K->13627K(21504K)], 0.0741170 secs] [Times: user=0.52 sys=0.00, real=0.07 secs] 
135.467: Total time for which application threads were stopped: 0.0747560 seconds, Stopping threads took: 0.0000570 seconds
135.492: Application time: 0.0249750 seconds
135.493: [Full GC [PSYoungGen: 138752K->34445K(161280K)] [ParOldGen: 367425K->367425K(367616K)] 506177K->401871K(528896K) [PSPermGen: 13627K->13627K(21504K)], 0.0735940 secs] [Times: user=0.52 sys=0.00, real=0.07 secs] 
135.566: Total time for which application threads were stopped: 0.0742410 seconds, Stopping threads took: 0.0000670 seconds
135.591: Application time: 0.0245060 seconds
135.591: [Full GC [PSYoungGen: 138752K->34460K(161280K)] [ParOldGen: 367425K->367425K(367616K)] 506177K->401885K(528896K) [PSPermGen: 13627K->13627K(21504K)], 0.0739430 secs] [Times: user=0.51 sys=0.00, real=0.08 secs] 
135.665: Total time for which application threads were stopped: 0.0745610 seconds, Stopping threads took: 0.0000680 seconds
135.690: Application time: 0.0248270 seconds
135.691: [Full GC [PSYoungGen: 138752K->34474K(161280K)] [ParOldGen: 367425K->367425K(367616K)] 506177K->401899K(528896K) [PSPermGen: 13627K->13627K(21504K)], 0.0745790 secs] [Times: user=0.52 sys=0.00, real=0.08 secs] 
135.765: Total time for which application threads were stopped: 0.0752130 seconds, Stopping threads took: 0.0000720 seconds
135.790: Application time: 0.0251460 seconds
135.791: [Full GC [PSYoungGen: 138752K->34380K(161280K)] [ParOldGen: 367425K->367425K(367616K)] 506177K->401805K(528896K) [PSPermGen: 13627K->13627K(21504K)], 0.0746220 secs] [Times: user=0.52 sys=0.00, real=0.08 secs] 
135.866: Total time for which application threads were stopped: 0.0752520 seconds, Stopping threads took: 0.0000720 seconds
135.891: Application time: 0.0250320 seconds
135.891: [Full GC [PSYoungGen: 138752K->34361K(161280K)] [ParOldGen: 367425K->367425K(367616K)] 506177K->401786K(528896K) [PSPermGen: 13627K->13627K(21504K)], 0.0759460 secs] [Times: user=0.53 sys=0.01, real=0.08 secs] 
135.967: Total time for which application threads were stopped: 0.0765770 seconds, Stopping threads took: 0.0000550 seconds
135.993: Application time: 0.0255040 seconds
135.993: [Full GC [PSYoungGen: 138752K->34323K(161280K)] [ParOldGen: 367425K->367425K(367616K)] 506177K->401749K(528896K) [PSPermGen: 13627K->13627K(21504K)], 0.0737770 secs] [Times: user=0.52 sys=0.00, real=0.07 secs] 
136.067: Total time for which application threads were stopped: 0.0744660 seconds, Stopping threads took: 0.0000700 seconds
136.092: Application time: 0.0248070 seconds
136.093: [Full GC [PSYoungGen: 138752K->34323K(161280K)] [ParOldGen: 367425K->367425K(367616K)] 506177K->401749K(528896K) [PSPermGen: 13627K->13627K(21504K)], 0.0738580 secs] [Times: user=0.52 sys=0.00, real=0.07 secs] 
136.167: Total time for which application threads were stopped: 0.0744820 seconds, Stopping threads took: 0.0000500 seconds
136.192: Application time: 0.0249830 seconds
136.192: [Full GC [PSYoungGen: 138752K->34338K(161280K)] [ParOldGen: 367425K->367425K(367616K)] 506177K->401763K(528896K) [PSPermGen: 13627K->13627K(21504K)], 0.0747690 secs] [Times: user=0.52 sys=0.00, real=0.07 secs] 
136.267: Total time for which application threads were stopped: 0.0754030 seconds, Stopping threads took: 0.0000550 seconds
136.292: Application time: 0.0249520 seconds
136.292: [Full GC [PSYoungGen: 138752K->34352K(161280K)] [ParOldGen: 367425K->367425K(367616K)] 506177K->401778K(528896K) [PSPermGen: 13627K->13627K(21504K)], 0.0734680 secs] [Times: user=0.52 sys=0.00, real=0.07 secs] 
136.366: Total time for which application threads were stopped: 0.0741040 seconds, Stopping threads took: 0.0000560 seconds
136.391: Application time: 0.0246440 seconds
136.391: [Full GC [PSYoungGen: 138752K->34365K(161280K)] [ParOldGen: 367425K->367425K(367616K)] 506177K->401790K(528896K) [PSPermGen: 13627K->13627K(21504K)], 0.0732630 secs] [Times: user=0.52 sys=0.00, real=0.07 secs] 
136.465: Total time for which application threads were stopped: 0.0739950 seconds, Stopping threads took: 0.0000730 seconds
136.490: Application time: 0.0249590 seconds
136.490: [Full GC [PSYoungGen: 138752K->34382K(161280K)] [ParOldGen: 367425K->367425K(367616K)] 506177K->401807K(528896K) [PSPermGen: 13627K->13627K(21504K)], 0.0747080 secs] [Times: user=0.52 sys=0.00, real=0.08 secs] 
136.565: Total time for which application threads were stopped: 0.0753910 seconds, Stopping threads took: 0.0001000 seconds
136.590: Application time: 0.0253210 seconds
136.591: [Full GC [PSYoungGen: 138752K->34397K(161280K)] [ParOldGen: 367425K->367425K(367616K)] 506177K->401823K(528896K) [PSPermGen: 13627K->13627K(21504K)], 0.0749600 secs] [Times: user=0.52 sys=0.00, real=0.08 secs] 
136.666: Total time for which application threads were stopped: 0.0756490 seconds, Stopping threads took: 0.0000750 seconds
136.691: Application time: 0.0248580 seconds
136.691: [Full GC [PSYoungGen: 138752K->34412K(161280K)] [ParOldGen: 367425K->367425K(367616K)] 506177K->401837K(528896K) [PSPermGen: 13627K->13627K(21504K)], 0.0741900 secs] [Times: user=0.51 sys=0.00, real=0.07 secs] 
136.766: Total time for which application threads were stopped: 0.0748390 seconds, Stopping threads took: 0.0000860 seconds
136.791: Application time: 0.0251220 seconds
136.791: [Full GC [PSYoungGen: 138752K->34426K(161280K)] [ParOldGen: 367425K->367425K(367616K)] 506177K->401852K(528896K) [PSPermGen: 13627K->13627K(21504K)], 0.0743330 secs] [Times: user=0.52 sys=0.00, real=0.07 secs] 
136.866: Total time for which application threads were stopped: 0.0750270 seconds, Stopping threads took: 0.0000850 seconds
136.890: Application time: 0.0245360 seconds
136.891: [Full GC [PSYoungGen: 138752K->34443K(161280K)] [ParOldGen: 367425K->367425K(367616K)] 506177K->401868K(528896K) [PSPermGen: 13627K->13627K(21504K)], 0.0740350 secs] [Times: user=0.52 sys=0.00, real=0.08 secs] 
136.965: Total time for which application threads were stopped: 0.0746640 seconds, Stopping threads took: 0.0000730 seconds
136.990: Application time: 0.0245150 seconds
136.990: [Full GC [PSYoungGen: 138752K->34458K(161280K)] [ParOldGen: 367425K->367425K(367616K)] 506177K->401883K(528896K) [PSPermGen: 13627K->13627K(21504K)], 0.0738870 secs] [Times: user=0.52 sys=0.00, real=0.08 secs] 
137.064: Total time for which application threads were stopped: 0.0745030 seconds, Stopping threads took: 0.0000680 seconds
137.089: Application time: 0.0249640 seconds
137.090: [Full GC [PSYoungGen: 138752K->34472K(161280K)] [ParOldGen: 367425K->367425K(367616K)] 506177K->401897K(528896K) [PSPermGen: 13627K->13627K(21504K)], 0.0733110 secs] [Times: user=0.51 sys=0.00, real=0.07 secs] 
137.163: Total time for which application threads were stopped: 0.0739800 seconds, Stopping threads took: 0.0000860 seconds
137.188: Application time: 0.0247390 seconds
137.188: [Full GC [PSYoungGen: 138752K->34487K(161280K)] [ParOldGen: 367425K->367425K(367616K)] 506177K->401913K(528896K) [PSPermGen: 13627K->13627K(21504K)], 0.0736590 secs] [Times: user=0.52 sys=0.00, real=0.07 secs] 
137.262: Total time for which application threads were stopped: 0.0743180 seconds, Stopping threads took: 0.0000730 seconds
137.287: Application time: 0.0247200 seconds
137.287: [Full GC [PSYoungGen: 138752K->34502K(161280K)] [ParOldGen: 367425K->367425K(367616K)] 506177K->401927K(528896K) [PSPermGen: 13627K->13627K(21504K)], 0.0737340 secs] [Times: user=0.52 sys=0.00, real=0.07 secs] 
137.361: Total time for which application threads were stopped: 0.0744570 seconds, Stopping threads took: 0.0000680 seconds
137.386: Application time: 0.0245020 seconds
137.386: [Full GC [PSYoungGen: 138752K->34513K(161280K)] [ParOldGen: 367425K->367425K(367616K)] 506177K->401938K(528896K) [PSPermGen: 13627K->13627K(21504K)], 0.0736430 secs] [Times: user=0.52 sys=0.00, real=0.07 secs] 
137.460: Total time for which application threads were stopped: 0.0742660 seconds, Stopping threads took: 0.0000680 seconds
137.485: Application time: 0.0253920 seconds
137.486: [Full GC [PSYoungGen: 138752K->34406K(161280K)] [ParOldGen: 367425K->367425K(367616K)] 506177K->401832K(528896K) [PSPermGen: 13627K->13627K(21504K)], 0.0754950 secs] [Times: user=0.52 sys=0.00, real=0.07 secs] 
137.562: Total time for which application threads were stopped: 0.0761830 seconds, Stopping threads took: 0.0000720 seconds
137.587: Application time: 0.0249500 seconds
137.587: [Full GC [PSYoungGen: 138752K->34405K(161280K)] [ParOldGen: 367425K->367425K(367616K)] 506177K->401830K(528896K) [PSPermGen: 13627K->13627K(21504K)], 0.0743220 secs] [Times: user=0.52 sys=0.00, real=0.07 secs] 
137.662: Total time for which application threads were stopped: 0.0749670 seconds, Stopping threads took: 0.0000880 seconds
137.686: Application time: 0.0248690 seconds
137.687: [Full GC [PSYoungGen: 138752K->34415K(161280K)] [ParOldGen: 367425K->367425K(367616K)] 506177K->401841K(528896K) [PSPermGen: 13627K->13627K(21504K)], 0.0733050 secs] [Times: user=0.52 sys=0.00, real=0.07 secs] 
137.760: Total time for which application threads were stopped: 0.0740300 seconds, Stopping threads took: 0.0000870 seconds
137.786: Application time: 0.0251510 seconds
137.786: [Full GC [PSYoungGen: 138752K->34434K(161280K)] [ParOldGen: 367425K->367425K(367616K)] 506177K->401859K(528896K) [PSPermGen: 13627K->13627K(21504K)], 0.0737960 secs] [Times: user=0.53 sys=0.00, real=0.07 secs] 
137.860: Total time for which application threads were stopped: 0.0744750 seconds, Stopping threads took: 0.0000720 seconds
137.885: Application time: 0.0247610 seconds
137.885: [Full GC [PSYoungGen: 138752K->34450K(161280K)] [ParOldGen: 367425K->367425K(367616K)] 506177K->401875K(528896K) [PSPermGen: 13627K->13627K(21504K)], 0.0746190 secs] [Times: user=0.51 sys=0.00, real=0.07 secs] 
137.960: Total time for which application threads were stopped: 0.0752500 seconds, Stopping threads took: 0.0000640 seconds
137.985: Application time: 0.0250230 seconds
137.986: [Full GC [PSYoungGen: 138752K->34465K(161280K)] [ParOldGen: 367425K->367425K(367616K)] 506177K->401890K(528896K) [PSPermGen: 13627K->13627K(21504K)], 0.0738980 secs] [Times: user=0.52 sys=0.00, real=0.07 secs] 
138.060: Total time for which application threads were stopped: 0.0745520 seconds, Stopping threads took: 0.0000750 seconds
138.084: Application time: 0.0246260 seconds
138.085: [Full GC [PSYoungGen: 138752K->34479K(161280K)] [ParOldGen: 367425K->367425K(367616K)] 506177K->401905K(528896K) [PSPermGen: 13627K->13627K(21504K)], 0.0750540 secs] [Times: user=0.52 sys=0.00, real=0.07 secs] 
138.160: Total time for which application threads were stopped: 0.0757570 seconds, Stopping threads took: 0.0000770 seconds
138.185: Application time: 0.0249980 seconds
138.186: [Full GC [PSYoungGen: 138752K->34494K(161280K)] [ParOldGen: 367425K->367425K(367616K)] 506177K->401920K(528896K) [PSPermGen: 13627K->13627K(21504K)], 0.0735980 secs] [Times: user=0.51 sys=0.00, real=0.07 secs] 
138.259: Total time for which application threads were stopped: 0.0742130 seconds, Stopping threads took: 0.0000670 seconds
138.284: Application time: 0.0247350 seconds
138.285: [Full GC [PSYoungGen: 138752K->34511K(161280K)] [ParOldGen: 367425K->367425K(367616K)] 506177K->401936K(528896K) [PSPermGen: 13627K->13627K(21504K)], 0.0739500 secs] [Times: user=0.52 sys=0.00, real=0.07 secs] 
138.359: Total time for which application threads were stopped: 0.0745960 seconds, Stopping threads took: 0.0000720 seconds
138.383: Application time: 0.0248370 seconds
138.384: [Full GC [PSYoungGen: 138752K->34525K(161280K)] [ParOldGen: 367425K->367425K(367616K)] 506177K->401951K(528896K) [PSPermGen: 13627K->13627K(21504K)], 0.0738950 secs] [Times: user=0.52 sys=0.00, real=0.07 secs] 
138.458: Total time for which application threads were stopped: 0.0745740 seconds, Stopping threads took: 0.0000680 seconds
138.483: Application time: 0.0249720 seconds
138.484: [Full GC [PSYoungGen: 138752K->34538K(161280K)] [ParOldGen: 367425K->367425K(367616K)] 506177K->401964K(528896K) [PSPermGen: 13627K->13627K(21504K)], 0.0737380 secs] [Times: user=0.52 sys=0.00, real=0.07 secs] 
138.558: Total time for which application threads were stopped: 0.0744670 seconds, Stopping threads took: 0.0000730 seconds
138.583: Application time: 0.0255580 seconds
138.584: [Full GC [PSYoungGen: 138752K->34499K(161280K)] [ParOldGen: 367425K->367425K(367616K)] 506177K->401925K(528896K) [PSPermGen: 13627K->13627K(21504K)], 0.0747320 secs] [Times: user=0.51 sys=0.00, real=0.07 secs] 
138.659: Total time for which application threads were stopped: 0.0754530 seconds, Stopping threads took: 0.0000560 seconds
138.683: Application time: 0.0247780 seconds
138.684: [Full GC [PSYoungGen: 138752K->34498K(161280K)] [ParOldGen: 367425K->367425K(367616K)] 506177K->401923K(528896K) [PSPermGen: 13627K->13627K(21504K)], 0.0736500 secs] [Times: user=0.52 sys=0.00, real=0.07 secs] 
138.758: Total time for which application threads were stopped: 0.0743400 seconds, Stopping threads took: 0.0000660 seconds
138.783: Application time: 0.0248920 seconds
138.783: [Full GC [PSYoungGen: 138752K->34514K(161280K)] [ParOldGen: 367425K->367425K(367616K)] 506177K->401939K(528896K) [PSPermGen: 13627K->13627K(21504K)], 0.0738800 secs] [Times: user=0.52 sys=0.00, real=0.08 secs] 
138.857: Total time for which application threads were stopped: 0.0744900 seconds, Stopping threads took: 0.0000570 seconds
138.882: Application time: 0.0250010 seconds
138.883: [Full GC [PSYoungGen: 138752K->34471K(161280K)] [ParOldGen: 367425K->367425K(367616K)] 506177K->401896K(528896K) [PSPermGen: 13627K->13627K(21504K)], 0.0737530 secs] [Times: user=0.51 sys=0.00, real=0.08 secs] 
138.956: Total time for which application threads were stopped: 0.0743680 seconds, Stopping threads took: 0.0000560 seconds
138.982: Application time: 0.0252850 seconds
138.982: [Full GC [PSYoungGen: 138752K->34405K(161280K)] [ParOldGen: 367425K->367425K(367616K)] 506177K->401830K(528896K) [PSPermGen: 13627K->13627K(21504K)], 0.0737860 secs] [Times: user=0.52 sys=0.00, real=0.08 secs] 
139.056: Total time for which application threads were stopped: 0.0744600 seconds, Stopping threads took: 0.0000850 seconds
139.082: Application time: 0.0260050 seconds
139.083: [Full GC [PSYoungGen: 138752K->34421K(161280K)] [ParOldGen: 367425K->367425K(367616K)] 506177K->401846K(528896K) [PSPermGen: 13627K->13627K(21504K)], 0.0741340 secs] [Times: user=0.52 sys=0.00, real=0.08 secs] 
139.157: Total time for which application threads were stopped: 0.0747910 seconds, Stopping threads took: 0.0001030 seconds
139.182: Application time: 0.0251600 seconds
139.183: [Full GC [PSYoungGen: 138752K->34435K(161280K)] [ParOldGen: 367425K->367425K(367616K)] 506177K->401860K(528896K) [PSPermGen: 13627K->13627K(21504K)], 0.0741490 secs] [Times: user=0.52 sys=0.00, real=0.08 secs] 
139.257: Total time for which application threads were stopped: 0.0747710 seconds, Stopping threads took: 0.0000530 seconds
139.282: Application time: 0.0253140 seconds
139.283: [Full GC [PSYoungGen: 138752K->34447K(161280K)] [ParOldGen: 367425K->367425K(367616K)] 506177K->401872K(528896K) [PSPermGen: 13627K->13627K(21504K)], 0.0751590 secs] [Times: user=0.52 sys=0.00, real=0.08 secs] 
139.358: Total time for which application threads were stopped: 0.0758090 seconds, Stopping threads took: 0.0000770 seconds
139.383: Application time: 0.0250380 seconds
139.384: [Full GC [PSYoungGen: 138752K->34466K(161280K)] [ParOldGen: 367425K->367425K(367616K)] 506177K->401891K(528896K) [PSPermGen: 13627K->13627K(21504K)], 0.0738110 secs] [Times: user=0.52 sys=0.00, real=0.07 secs] 
139.458: Total time for which application threads were stopped: 0.0745370 seconds, Stopping threads took: 0.0000710 seconds
139.483: Application time: 0.0251180 seconds
139.483: [Full GC [PSYoungGen: 138752K->34478K(161280K)] [ParOldGen: 367425K->367425K(367616K)] 506177K->401904K(528896K) [PSPermGen: 13627K->13627K(21504K)], 0.0742490 secs] [Times: user=0.52 sys=0.00, real=0.07 secs] 
139.558: Total time for which application threads were stopped: 0.0749270 seconds, Stopping threads took: 0.0000710 seconds
139.583: Application time: 0.0253110 seconds
139.584: [Full GC [PSYoungGen: 138752K->34383K(161280K)] [ParOldGen: 367425K->367425K(367616K)] 506177K->401808K(528896K) [PSPermGen: 13627K->13627K(21504K)], 0.0758860 secs] [Times: user=0.52 sys=0.00, real=0.07 secs] 
139.660: Total time for which application threads were stopped: 0.0765410 seconds, Stopping threads took: 0.0000850 seconds
139.685: Application time: 0.0254490 seconds
139.686: [Full GC [PSYoungGen: 138752K->34313K(161280K)] [ParOldGen: 367425K->367425K(367616K)] 506177K->401738K(528896K) [PSPermGen: 13627K->13627K(21504K)], 0.0733510 secs] [Times: user=0.51 sys=0.01, real=0.07 secs] 
139.759: Total time for which application threads were stopped: 0.0740030 seconds, Stopping threads took: 0.0000930 seconds
139.784: Application time: 0.0250470 seconds
139.785: [Full GC [PSYoungGen: 138752K->34312K(161280K)] [ParOldGen: 367425K->367425K(367616K)] 506177K->401737K(528896K) [PSPermGen: 13627K->13627K(21504K)], 0.0734300 secs] [Times: user=0.52 sys=0.00, real=0.07 secs] 
139.858: Total time for which application threads were stopped: 0.0740750 seconds, Stopping threads took: 0.0000800 seconds
139.883: Application time: 0.0251850 seconds
139.884: [Full GC [PSYoungGen: 138752K->34328K(161280K)] [ParOldGen: 367425K->367425K(367616K)] 506177K->401753K(528896K) [PSPermGen: 13627K->13627K(21504K)], 0.0740350 secs] [Times: user=0.52 sys=0.00, real=0.07 secs] 
139.958: Total time for which application threads were stopped: 0.0746820 seconds, Stopping threads took: 0.0000730 seconds
139.983: Application time: 0.0249470 seconds
139.984: [Full GC [PSYoungGen: 138752K->34340K(161280K)] [ParOldGen: 367425K->367425K(367616K)] 506177K->401766K(528896K) [PSPermGen: 13627K->13627K(21504K)], 0.0737870 secs] [Times: user=0.53 sys=0.00, real=0.07 secs] 
140.057: Total time for which application threads were stopped: 0.0744840 seconds, Stopping threads took: 0.0000760 seconds
140.082: Application time: 0.0245430 seconds
140.083: [Full GC [PSYoungGen: 138752K->34356K(161280K)] [ParOldGen: 367425K->367425K(367616K)] 506177K->401782K(528896K) [PSPermGen: 13627K->13627K(21504K)], 0.0731540 secs] [Times: user=0.52 sys=0.00, real=0.08 secs] 
140.156: Total time for which application threads were stopped: 0.0738980 seconds, Stopping threads took: 0.0001120 seconds
140.181: Application time: 0.0248560 seconds
140.181: [Full GC [PSYoungGen: 138752K->34371K(161280K)] [ParOldGen: 367425K->367425K(367616K)] 506177K->401796K(528896K) [PSPermGen: 13627K->13627K(21504K)], 0.0740060 secs] [Times: user=0.52 sys=0.01, real=0.08 secs] 
140.255: Total time for which application threads were stopped: 0.0746590 seconds, Stopping threads took: 0.0000690 seconds
140.280: Application time: 0.0246470 seconds
140.281: [Full GC [PSYoungGen: 138752K->34385K(161280K)] [ParOldGen: 367425K->367425K(367616K)] 506177K->401811K(528896K) [PSPermGen: 13627K->13627K(21504K)], 0.0737210 secs] [Times: user=0.52 sys=0.00, real=0.08 secs] 
140.354: Total time for which application threads were stopped: 0.0743950 seconds, Stopping threads took: 0.0000970 seconds
140.379: Application time: 0.0248720 seconds
140.380: [Full GC [PSYoungGen: 138752K->34398K(161280K)] [ParOldGen: 367425K->367425K(367616K)] 506177K->401824K(528896K) [PSPermGen: 13627K->13627K(21504K)], 0.0747440 secs] [Times: user=0.52 sys=0.00, real=0.08 secs] 
140.455: Total time for which application threads were stopped: 0.0753950 seconds, Stopping threads took: 0.0000720 seconds
140.480: Application time: 0.0248640 seconds
140.480: [Full GC [PSYoungGen: 138752K->34418K(161280K)] [ParOldGen: 367425K->367425K(367616K)] 506177K->401843K(528896K) [PSPermGen: 13627K->13627K(21504K)], 0.0738520 secs] [Times: user=0.52 sys=0.00, real=0.08 secs] 
140.554: Total time for which application threads were stopped: 0.0745070 seconds, Stopping threads took: 0.0000820 seconds
140.579: Application time: 0.0253430 seconds
140.580: [Full GC [PSYoungGen: 138752K->34433K(161280K)] [ParOldGen: 367425K->367425K(367616K)] 506177K->401858K(528896K) [PSPermGen: 13627K->13627K(21504K)], 0.0756430 secs] [Times: user=0.52 sys=0.00, real=0.08 secs] 
140.656: Total time for which application threads were stopped: 0.0763400 seconds, Stopping threads took: 0.0000580 seconds
140.681: Application time: 0.0250720 seconds
140.681: [Full GC [PSYoungGen: 138752K->34448K(161280K)] [ParOldGen: 367425K->367425K(367616K)] 506177K->401873K(528896K) [PSPermGen: 13627K->13627K(21504K)], 0.0734050 secs] [Times: user=0.52 sys=0.00, real=0.08 secs] 
140.755: Total time for which application threads were stopped: 0.0741330 seconds, Stopping threads took: 0.0000620 seconds
140.780: Application time: 0.0250070 seconds
140.781: [Full GC [PSYoungGen: 138752K->34463K(161280K)] [ParOldGen: 367425K->367425K(367616K)] 506177K->401888K(528896K) [PSPermGen: 13627K->13627K(21504K)], 0.0738040 secs] [Times: user=0.52 sys=0.00, real=0.08 secs] 
140.855: Total time for which application threads were stopped: 0.0745170 seconds, Stopping threads took: 0.0000730 seconds
140.879: Application time: 0.0247180 seconds
140.880: [Full GC [PSYoungGen: 138752K->34477K(161280K)] [ParOldGen: 367425K->367425K(367616K)] 506177K->401903K(528896K) [PSPermGen: 13627K->13627K(21504K)], 0.0736290 secs] [Times: user=0.52 sys=0.00, real=0.08 secs] 
140.954: Total time for which application threads were stopped: 0.0743270 seconds, Stopping threads took: 0.0000420 seconds
140.978: Application time: 0.0247650 seconds
140.979: [Full GC [PSYoungGen: 138752K->34492K(161280K)] [ParOldGen: 367425K->367425K(367616K)] 506177K->401917K(528896K) [PSPermGen: 13627K->13627K(21504K)], 0.0746110 secs] [Times: user=0.53 sys=0.00, real=0.08 secs] 
141.054: Total time for which application threads were stopped: 0.0752480 seconds, Stopping threads took: 0.0000810 seconds
141.079: Application time: 0.0254760 seconds
141.080: [Full GC [PSYoungGen: 138752K->34397K(161280K)] [ParOldGen: 367425K->367425K(367616K)] 506177K->401823K(528896K) [PSPermGen: 13627K->13627K(21504K)], 0.0733750 secs] [Times: user=0.51 sys=0.00, real=0.08 secs] 
141.153: Total time for which application threads were stopped: 0.0740870 seconds, Stopping threads took: 0.0000800 seconds
141.178: Application time: 0.0250280 seconds
141.179: [Full GC [PSYoungGen: 138752K->34380K(161280K)] [ParOldGen: 367425K->367425K(367616K)] 506177K->401806K(528896K) [PSPermGen: 13627K->13627K(21504K)], 0.0745150 secs] [Times: user=0.52 sys=0.00, real=0.08 secs] 
141.253: Total time for which application threads were stopped: 0.0752030 seconds, Stopping threads took: 0.0001000 seconds
141.278: Application time: 0.0246640 seconds
141.279: [Full GC [PSYoungGen: 138752K->34395K(161280K)] [ParOldGen: 367425K->367425K(367616K)] 506177K->401821K(528896K) [PSPermGen: 13627K->13627K(21504K)], 0.0738500 secs] [Times: user=0.52 sys=0.00, real=0.08 secs] 
141.353: Total time for which application threads were stopped: 0.0745440 seconds, Stopping threads took: 0.0000720 seconds
141.378: Application time: 0.0249460 seconds
141.378: [Full GC [PSYoungGen: 138752K->34409K(161280K)] [ParOldGen: 367425K->367425K(367616K)] 506177K->401834K(528896K) [PSPermGen: 13627K->13627K(21504K)], 0.0744120 secs] [Times: user=0.52 sys=0.00, real=0.08 secs] 
141.453: Total time for which application threads were stopped: 0.0750500 seconds, Stopping threads took: 0.0000720 seconds
141.477: Application time: 0.0246830 seconds
141.478: [Full GC [PSYoungGen: 138752K->34424K(161280K)] [ParOldGen: 367425K->367425K(367616K)] 506177K->401850K(528896K) [PSPermGen: 13627K->13627K(21504K)], 0.0740410 secs] [Times: user=0.52 sys=0.00, real=0.08 secs] 
141.552: Total time for which application threads were stopped: 0.0747360 seconds, Stopping threads took: 0.0000790 seconds
141.577: Application time: 0.0247440 seconds
141.577: [Full GC [PSYoungGen: 138752K->34441K(161280K)] [ParOldGen: 367425K->367425K(367616K)] 506177K->401866K(528896K) [PSPermGen: 13627K->13627K(21504K)], 0.0746570 secs] [Times: user=0.52 sys=0.00, real=0.08 secs] 
141.652: Total time for which application threads were stopped: 0.0752950 seconds, Stopping threads took: 0.0000760 seconds
141.677: Application time: 0.0246400 seconds
141.677: [Full GC [PSYoungGen: 138752K->34455K(161280K)] [ParOldGen: 367425K->367425K(367616K)] 506177K->401880K(528896K) [PSPermGen: 13627K->13627K(21504K)], 0.0741290 secs] [Times: user=0.52 sys=0.00, real=0.08 secs] 
141.751: Total time for which application threads were stopped: 0.0747460 seconds, Stopping threads took: 0.0000590 seconds
141.776: Application time: 0.0246660 seconds
141.777: [Full GC [PSYoungGen: 138752K->34469K(161280K)] [ParOldGen: 367425K->367425K(367616K)] 506177K->401895K(528896K) [PSPermGen: 13627K->13627K(21504K)], 0.0738340 secs] [Times: user=0.52 sys=0.00, real=0.07 secs] 
141.851: Total time for which application threads were stopped: 0.0745670 seconds, Stopping threads took: 0.0000750 seconds
141.875: Application time: 0.0243580 seconds
141.876: [Full GC [PSYoungGen: 138752K->34485K(161280K)] [ParOldGen: 367425K->367425K(367616K)] 506177K->401910K(528896K) [PSPermGen: 13627K->13627K(21504K)], 0.0748010 secs] [Times: user=0.52 sys=0.00, real=0.07 secs] 
141.951: Total time for which application threads were stopped: 0.0754190 seconds, Stopping threads took: 0.0000500 seconds
141.975: Application time: 0.0248570 seconds
141.976: [Full GC [PSYoungGen: 138752K->34499K(161280K)] [ParOldGen: 367425K->367425K(367616K)] 506177K->401925K(528896K) [PSPermGen: 13627K->13627K(21504K)], 0.0731600 secs] [Times: user=0.52 sys=0.00, real=0.07 secs] 
142.049: Total time for which application threads were stopped: 0.0738920 seconds, Stopping threads took: 0.0000760 seconds
142.074: Application time: 0.0247010 seconds
142.075: [Full GC [PSYoungGen: 138752K->34515K(161280K)] [ParOldGen: 367425K->367425K(367616K)] 506177K->401941K(528896K) [PSPermGen: 13627K->13627K(21504K)], 0.0754730 secs] [Times: user=0.52 sys=0.00, real=0.07 secs] 
142.150: Total time for which application threads were stopped: 0.0760920 seconds, Stopping threads took: 0.0000610 seconds
142.175: Application time: 0.0247130 seconds
142.175: [Full GC [PSYoungGen: 138752K->34531K(161280K)] [ParOldGen: 367425K->367425K(367616K)] 506177K->401956K(528896K) [PSPermGen: 13627K->13627K(21504K)], 0.0739860 secs] [Times: user=0.52 sys=0.00, real=0.07 secs] 
142.249: Total time for which application threads were stopped: 0.0746180 seconds, Stopping threads took: 0.0000640 seconds
142.274: Application time: 0.0246180 seconds
142.275: [Full GC [PSYoungGen: 138752K->34541K(161280K)] [ParOldGen: 367425K->367425K(367616K)] 506177K->401966K(528896K) [PSPermGen: 13627K->13627K(21504K)], 0.0743650 secs] [Times: user=0.53 sys=0.00, real=0.07 secs] 
142.349: Total time for which application threads were stopped: 0.0749790 seconds, Stopping threads took: 0.0000510 seconds
142.374: Application time: 0.0247110 seconds
142.374: [Full GC [PSYoungGen: 138752K->34559K(161280K)] [ParOldGen: 367425K->367425K(367616K)] 506177K->401984K(528896K) [PSPermGen: 13627K->13627K(21504K)], 0.0734220 secs] [Times: user=0.52 sys=0.00, real=0.07 secs] 
142.448: Total time for which application threads were stopped: 0.0741160 seconds, Stopping threads took: 0.0000500 seconds
142.473: Application time: 0.0253820 seconds
142.474: [Full GC [PSYoungGen: 138752K->34518K(161280K)] [ParOldGen: 367425K->367425K(367616K)] 506177K->401944K(528896K) [PSPermGen: 13627K->13627K(21504K)], 0.0736680 secs] [Times: user=0.52 sys=0.00, real=0.07 secs] 
142.548: Total time for which application threads were stopped: 0.0743600 seconds, Stopping threads took: 0.0000660 seconds
142.572: Application time: 0.0249340 seconds
142.573: [Full GC [PSYoungGen: 138752K->34518K(161280K)] [ParOldGen: 367425K->367425K(367616K)] 506177K->401944K(528896K) [PSPermGen: 13627K->13627K(21504K)], 0.0765700 secs] [Times: user=0.52 sys=0.00, real=0.07 secs] 
142.650: Total time for which application threads were stopped: 0.0771870 seconds, Stopping threads took: 0.0000590 seconds
142.675: Application time: 0.0254840 seconds
142.676: [Full GC [PSYoungGen: 138752K->34422K(161280K)] [ParOldGen: 367425K->367425K(367616K)] 506177K->401847K(528896K) [PSPermGen: 13627K->13627K(21504K)], 0.0742670 secs] [Times: user=0.52 sys=0.00, real=0.07 secs] 
142.750: Total time for which application threads were stopped: 0.0749570 seconds, Stopping threads took: 0.0000600 seconds
142.776: Application time: 0.0253770 seconds
142.776: [Full GC [PSYoungGen: 138752K->34409K(161280K)] [ParOldGen: 367425K->367425K(367616K)] 506177K->401835K(528896K) [PSPermGen: 13627K->13627K(21504K)], 0.0744320 secs] [Times: user=0.52 sys=0.00, real=0.07 secs] 
142.851: Total time for which application threads were stopped: 0.0750710 seconds, Stopping threads took: 0.0000530 seconds
142.876: Application time: 0.0250810 seconds
142.876: [Full GC [PSYoungGen: 138752K->34426K(161280K)] [ParOldGen: 367425K->367425K(367616K)] 506177K->401851K(528896K) [PSPermGen: 13627K->13627K(21504K)], 0.0740740 secs] [Times: user=0.52 sys=0.00, real=0.07 secs] 
142.950: Total time for which application threads were stopped: 0.0747720 seconds, Stopping threads took: 0.0000800 seconds
142.975: Application time: 0.0249530 seconds
142.976: [Full GC [PSYoungGen: 138752K->34440K(161280K)] [ParOldGen: 367425K->367425K(367616K)] 506177K->401865K(528896K) [PSPermGen: 13627K->13627K(21504K)], 0.0746750 secs] [Times: user=0.53 sys=0.00, real=0.07 secs] 
143.051: Total time for which application threads were stopped: 0.0753330 seconds, Stopping threads took: 0.0000840 seconds
143.076: Application time: 0.0248460 seconds
143.076: [Full GC [PSYoungGen: 138752K->34455K(161280K)] [ParOldGen: 367425K->367425K(367616K)] 506177K->401880K(528896K) [PSPermGen: 13627K->13627K(21504K)], 0.0741700 secs] [Times: user=0.52 sys=0.00, real=0.07 secs] 
143.150: Total time for which application threads were stopped: 0.0748230 seconds, Stopping threads took: 0.0000790 seconds
143.175: Application time: 0.0250010 seconds
143.176: [Full GC [PSYoungGen: 138752K->34467K(161280K)] [ParOldGen: 367425K->367425K(367616K)] 506177K->401892K(528896K) [PSPermGen: 13627K->13627K(21504K)], 0.0746740 secs] [Times: user=0.52 sys=0.00, real=0.07 secs] 
143.251: Total time for which application threads were stopped: 0.0753850 seconds, Stopping threads took: 0.0000680 seconds
143.276: Application time: 0.0248350 seconds
143.276: [Full GC [PSYoungGen: 138752K->34485K(161280K)] [ParOldGen: 367425K->367425K(367616K)] 506177K->401910K(528896K) [PSPermGen: 13627K->13627K(21504K)], 0.0734460 secs] [Times: user=0.52 sys=0.00, real=0.07 secs] 
143.350: Total time for which application threads were stopped: 0.0741730 seconds, Stopping threads took: 0.0000960 seconds
143.375: Application time: 0.0254960 seconds
143.376: [Full GC [PSYoungGen: 138752K->34386K(161280K)] [ParOldGen: 367425K->367425K(367616K)] 506177K->401811K(528896K) [PSPermGen: 13627K->13627K(21504K)], 0.0737540 secs] [Times: user=0.51 sys=0.00, real=0.07 secs] 
143.450: Total time for which application threads were stopped: 0.0744740 seconds, Stopping threads took: 0.0001070 seconds
143.475: Application time: 0.0251050 seconds
143.476: [Full GC [PSYoungGen: 138752K->34305K(161280K)] [ParOldGen: 367425K->367425K(367616K)] 506177K->401730K(528896K) [PSPermGen: 13627K->13627K(21504K)], 0.0734650 secs] [Times: user=0.52 sys=0.00, real=0.07 secs] 
143.549: Total time for which application threads were stopped: 0.0741460 seconds, Stopping threads took: 0.0000650 seconds
143.574: Application time: 0.0247160 seconds
143.574: [Full GC [PSYoungGen: 138752K->34318K(161280K)] [ParOldGen: 367425K->367425K(367616K)] 506177K->401743K(528896K) [PSPermGen: 13627K->13627K(21504K)], 0.0760860 secs] [Times: user=0.52 sys=0.00, real=0.07 secs] 
143.651: Total time for which application threads were stopped: 0.0767790 seconds, Stopping threads took: 0.0000610 seconds
143.675: Application time: 0.0247340 seconds
143.676: [Full GC [PSYoungGen: 138752K->34332K(161280K)] [ParOldGen: 367425K->367425K(367616K)] 506177K->401757K(528896K) [PSPermGen: 13627K->13627K(21504K)], 0.0743690 secs] [Times: user=0.52 sys=0.00, real=0.07 secs] 
143.750: Total time for which application threads were stopped: 0.0750060 seconds, Stopping threads took: 0.0000820 seconds
143.775: Application time: 0.0244410 seconds
143.775: [Full GC [PSYoungGen: 138752K->34348K(161280K)] [ParOldGen: 367425K->367425K(367616K)] 506177K->401773K(528896K) [PSPermGen: 13627K->13627K(21504K)], 0.0736240 secs] [Times: user=0.52 sys=0.00, real=0.07 secs] 
143.849: Total time for which application threads were stopped: 0.0743280 seconds, Stopping threads took: 0.0000750 seconds
143.874: Application time: 0.0244720 seconds
143.874: [Full GC [PSYoungGen: 138752K->34361K(161280K)] [ParOldGen: 367425K->367425K(367616K)] 506177K->401786K(528896K) [PSPermGen: 13627K->13627K(21504K)], 0.0736290 secs] [Times: user=0.52 sys=0.00, real=0.07 secs] 
143.948: Total time for which application threads were stopped: 0.0743150 seconds, Stopping threads took: 0.0000590 seconds
143.972: Application time: 0.0243890 seconds
143.973: [Full GC [PSYoungGen: 138752K->34375K(161280K)] [ParOldGen: 367425K->367425K(367616K)] 506177K->401800K(528896K) [PSPermGen: 13627K->13627K(21504K)], 0.0741880 secs] [Times: user=0.52 sys=0.00, real=0.07 secs] 
144.047: Total time for which application threads were stopped: 0.0748880 seconds, Stopping threads took: 0.0000690 seconds
144.072: Application time: 0.0248880 seconds
144.073: [Full GC [PSYoungGen: 138752K->34393K(161280K)] [ParOldGen: 367425K->367425K(367616K)] 506177K->401818K(528896K) [PSPermGen: 13627K->13627K(21504K)], 0.0737350 secs] [Times: user=0.52 sys=0.00, real=0.07 secs] 
144.146: Total time for which application threads were stopped: 0.0744090 seconds, Stopping threads took: 0.0000580 seconds
144.172: Application time: 0.0256240 seconds
144.173: [Full GC [PSYoungGen: 138752K->34408K(161280K)] [ParOldGen: 367425K->367425K(367616K)] 506177K->401833K(528896K) [PSPermGen: 13627K->13627K(21504K)], 0.0737360 secs] [Times: user=0.53 sys=0.00, real=0.07 secs] 
144.246: Total time for which application threads were stopped: 0.0743850 seconds, Stopping threads took: 0.0000640 seconds
144.271: Application time: 0.0244540 seconds
144.272: [Full GC [PSYoungGen: 138752K->34423K(161280K)] [ParOldGen: 367425K->367425K(367616K)] 506177K->401848K(528896K) [PSPermGen: 13627K->13627K(21504K)], 0.0731360 secs] [Times: user=0.52 sys=0.00, real=0.07 secs] 
144.345: Total time for which application threads were stopped: 0.0737980 seconds, Stopping threads took: 0.0000710 seconds
144.369: Application time: 0.0245500 seconds
144.370: [Full GC [PSYoungGen: 138752K->34438K(161280K)] [ParOldGen: 367425K->367425K(367616K)] 506177K->401863K(528896K) [PSPermGen: 13627K->13627K(21504K)], 0.0737340 secs] [Times: user=0.52 sys=0.00, real=0.08 secs] 
144.444: Total time for which application threads were stopped: 0.0743700 seconds, Stopping threads took: 0.0000630 seconds
144.468: Application time: 0.0245700 seconds
144.469: [Full GC [PSYoungGen: 138752K->34451K(161280K)] [ParOldGen: 367425K->367425K(367616K)] 506177K->401876K(528896K) [PSPermGen: 13627K->13627K(21504K)], 0.0737510 secs] [Times: user=0.52 sys=0.00, real=0.07 secs] 
144.543: Total time for which application threads were stopped: 0.0743890 seconds, Stopping threads took: 0.0000640 seconds
144.567: Application time: 0.0243350 seconds
144.568: [Full GC [PSYoungGen: 138752K->34467K(161280K)] [ParOldGen: 367425K->367425K(367616K)] 506177K->401893K(528896K) [PSPermGen: 13627K->13627K(21504K)], 0.0740300 secs] [Times: user=0.52 sys=0.00, real=0.07 secs] 
144.642: Total time for which application threads were stopped: 0.0747070 seconds, Stopping threads took: 0.0000310 seconds
144.666: Application time: 0.0247540 seconds
144.667: [Full GC [PSYoungGen: 138752K->34405K(161280K)] [ParOldGen: 367425K->367425K(367616K)] 506177K->401830K(528896K) [PSPermGen: 13627K->13627K(21504K)], 0.0743160 secs] [Times: user=0.53 sys=0.00, real=0.07 secs] 
144.741: Total time for which application threads were stopped: 0.0750160 seconds, Stopping threads took: 0.0000560 seconds
144.766: Application time: 0.0249990 seconds
144.767: [Full GC [PSYoungGen: 138752K->34359K(161280K)] [ParOldGen: 367425K->367425K(367616K)] 506177K->401785K(528896K) [PSPermGen: 13627K->13627K(21504K)], 0.0741200 secs] [Times: user=0.51 sys=0.00, real=0.07 secs] 
144.841: Total time for which application threads were stopped: 0.0748360 seconds, Stopping threads took: 0.0000700 seconds
144.866: Application time: 0.0248250 seconds
144.867: [Full GC [PSYoungGen: 138752K->34371K(161280K)] [ParOldGen: 367425K->367425K(367616K)] 506177K->401796K(528896K) [PSPermGen: 13627K->13627K(21504K)], 0.0741660 secs] [Times: user=0.53 sys=0.00, real=0.07 secs] 
144.941: Total time for which application threads were stopped: 0.0748330 seconds, Stopping threads took: 0.0000720 seconds
144.965: Application time: 0.0243020 seconds
144.966: [Full GC [PSYoungGen: 138752K->34386K(161280K)] [ParOldGen: 367425K->367425K(367616K)] 506177K->401811K(528896K) [PSPermGen: 13627K->13627K(21504K)], 0.0741020 secs] [Times: user=0.52 sys=0.00, real=0.07 secs] 
145.040: Total time for which application threads were stopped: 0.0747410 seconds, Stopping threads took: 0.0000620 seconds
145.064: Application time: 0.0242900 seconds
145.065: [Full GC [PSYoungGen: 138752K->34400K(161280K)] [ParOldGen: 367425K->367425K(367616K)] 506177K->401826K(528896K) [PSPermGen: 13627K->13627K(21504K)], 0.0740450 secs] [Times: user=0.51 sys=0.00, real=0.07 secs] 
145.139: Total time for which application threads were stopped: 0.0746980 seconds, Stopping threads took: 0.0000570 seconds
145.164: Application time: 0.0245680 seconds
145.164: [Full GC [PSYoungGen: 138752K->34413K(161280K)] [ParOldGen: 367425K->367425K(367616K)] 506177K->401839K(528896K) [PSPermGen: 13627K->13627K(21504K)], 0.0736690 secs] [Times: user=0.52 sys=0.00, real=0.07 secs] 
145.238: Total time for which application threads were stopped: 0.0742890 seconds, Stopping threads took: 0.0000490 seconds
145.262: Application time: 0.0242060 seconds
145.263: [Full GC [PSYoungGen: 138752K->34430K(161280K)] [ParOldGen: 367425K->367425K(367616K)] 506177K->401856K(528896K) [PSPermGen: 13627K->13627K(21504K)], 0.0734780 secs] [Times: user=0.52 sys=0.00, real=0.08 secs] 
145.336: Total time for which application threads were stopped: 0.0742000 seconds, Stopping threads took: 0.0000550 seconds
145.360: Application time: 0.0241300 seconds
145.361: [Full GC [PSYoungGen: 138752K->34445K(161280K)] [ParOldGen: 367425K->367425K(367616K)] 506177K->401870K(528896K) [PSPermGen: 13627K->13627K(21504K)], 0.0738950 secs] [Times: user=0.52 sys=0.00, real=0.08 secs] 
145.435: Total time for which application threads were stopped: 0.0746060 seconds, Stopping threads took: 0.0000630 seconds
145.459: Application time: 0.0240590 seconds
145.460: [Full GC [PSYoungGen: 138752K->34461K(161280K)] [ParOldGen: 367425K->367425K(367616K)] 506177K->401886K(528896K) [PSPermGen: 13627K->13627K(21504K)], 0.0735370 secs] [Times: user=0.52 sys=0.00, real=0.08 secs] 
145.533: Total time for which application threads were stopped: 0.0741720 seconds, Stopping threads took: 0.0000540 seconds
145.557: Application time: 0.0241750 seconds
145.558: [Full GC [PSYoungGen: 138752K->34475K(161280K)] [ParOldGen: 367425K->367425K(367616K)] 506177K->401900K(528896K) [PSPermGen: 13627K->13627K(21504K)], 0.0741390 secs] [Times: user=0.52 sys=0.00, real=0.08 secs] 
145.632: Total time for which application threads were stopped: 0.0747450 seconds, Stopping threads took: 0.0000470 seconds
145.658: Application time: 0.0254580 seconds
145.658: [Full GC [PSYoungGen: 138752K->34490K(161280K)] [ParOldGen: 367425K->367425K(367616K)] 506177K->401916K(528896K) [PSPermGen: 13627K->13627K(21504K)], 0.0747280 secs] [Times: user=0.52 sys=0.00, real=0.08 secs] 
145.733: Total time for which application threads were stopped: 0.0754430 seconds, Stopping threads took: 0.0000700 seconds
145.758: Application time: 0.0246070 seconds
145.758: [Full GC [PSYoungGen: 138752K->34507K(161280K)] [ParOldGen: 367425K->367425K(367616K)] 506177K->401932K(528896K) [PSPermGen: 13627K->13627K(21504K)], 0.0737750 secs] [Times: user=0.53 sys=0.00, real=0.08 secs] 
145.832: Total time for which application threads were stopped: 0.0744720 seconds, Stopping threads took: 0.0000520 seconds
145.857: Application time: 0.0246440 seconds
145.857: [Full GC [PSYoungGen: 138752K->34518K(161280K)] [ParOldGen: 367425K->367425K(367616K)] 506177K->401944K(528896K) [PSPermGen: 13627K->13627K(21504K)], 0.0740220 secs] [Times: user=0.52 sys=0.00, real=0.08 secs] 
145.932: Total time for which application threads were stopped: 0.0746780 seconds, Stopping threads took: 0.0000650 seconds
145.956: Application time: 0.0247610 seconds
145.957: [Full GC [PSYoungGen: 138752K->34536K(161280K)] [ParOldGen: 367425K->367425K(367616K)] 506177K->401961K(528896K) [PSPermGen: 13627K->13627K(21504K)], 0.0743090 secs] [Times: user=0.52 sys=0.00, real=0.07 secs] 
146.031: Total time for which application threads were stopped: 0.0749330 seconds, Stopping threads took: 0.0000660 seconds
146.056: Application time: 0.0251900 seconds
146.057: [Full GC [PSYoungGen: 138752K->34549K(161280K)] [ParOldGen: 367425K->367425K(367616K)] 506177K->401974K(528896K) [PSPermGen: 13627K->13627K(21504K)], 0.0733600 secs] [Times: user=0.52 sys=0.00, real=0.07 secs] 
146.130: Total time for which application threads were stopped: 0.0740260 seconds, Stopping threads took: 0.0000820 seconds
146.155: Application time: 0.0244950 seconds
146.156: [Full GC [PSYoungGen: 138752K->34563K(161280K)] [ParOldGen: 367425K->367425K(367616K)] 506177K->401989K(528896K) [PSPermGen: 13627K->13627K(21504K)], 0.0738210 secs] [Times: user=0.52 sys=0.00, real=0.07 secs] 
146.229: Total time for which application threads were stopped: 0.0745230 seconds, Stopping threads took: 0.0000600 seconds
146.254: Application time: 0.0245930 seconds
146.255: [Full GC [PSYoungGen: 138752K->34573K(161280K)] [ParOldGen: 367425K->367425K(367616K)] 506177K->401998K(528896K) [PSPermGen: 13627K->13627K(21504K)], 0.0746280 secs] [Times: user=0.52 sys=0.00, real=0.07 secs] 
146.329: Total time for which application threads were stopped: 0.0752330 seconds, Stopping threads took: 0.0000530 seconds
146.354: Application time: 0.0251650 seconds
146.355: [Full GC [PSYoungGen: 138752K->34539K(161280K)] [ParOldGen: 367425K->367425K(367616K)] 506177K->401964K(528896K) [PSPermGen: 13627K->13627K(21504K)], 0.0737830 secs] [Times: user=0.52 sys=0.00, real=0.07 secs] 
146.429: Total time for which application threads were stopped: 0.0745000 seconds, Stopping threads took: 0.0000790 seconds
146.455: Application time: 0.0256950 seconds
146.455: [Full GC [PSYoungGen: 138752K->34485K(161280K)] [ParOldGen: 367425K->367425K(367616K)] 506177K->401910K(528896K) [PSPermGen: 13627K->13627K(21504K)], 0.0741640 secs] [Times: user=0.52 sys=0.01, real=0.07 secs] 
146.529: Total time for which application threads were stopped: 0.0748380 seconds, Stopping threads took: 0.0000940 seconds
146.555: Application time: 0.0252310 seconds
146.555: [Full GC [PSYoungGen: 138752K->34430K(161280K)] [ParOldGen: 367425K->367425K(367616K)] 506177K->401855K(528896K) [PSPermGen: 13627K->13627K(21504K)], 0.0736650 secs] [Times: user=0.52 sys=0.00, real=0.07 secs] 
146.629: Total time for which application threads were stopped: 0.0743440 seconds, Stopping threads took: 0.0000740 seconds
146.656: Application time: 0.0266940 seconds
146.656: [Full GC [PSYoungGen: 138752K->34430K(161280K)] [ParOldGen: 367425K->367425K(367616K)] 506177K->401856K(528896K) [PSPermGen: 13627K->13627K(21504K)], 0.0735860 secs] [Times: user=0.52 sys=0.00, real=0.07 secs] 
146.730: Total time for which application threads were stopped: 0.0742780 seconds, Stopping threads took: 0.0000700 seconds
146.755: Application time: 0.0248320 seconds
146.755: [Full GC [PSYoungGen: 138752K->34443K(161280K)] [ParOldGen: 367425K->367425K(367616K)] 506177K->401868K(528896K) [PSPermGen: 13627K->13627K(21504K)], 0.0738840 secs] [Times: user=0.52 sys=0.00, real=0.07 secs] 
146.829: Total time for which application threads were stopped: 0.0745540 seconds, Stopping threads took: 0.0000740 seconds
146.855: Application time: 0.0251410 seconds
146.855: [Full GC [PSYoungGen: 138752K->34460K(161280K)] [ParOldGen: 367425K->367425K(367616K)] 506177K->401886K(528896K) [PSPermGen: 13627K->13627K(21504K)], 0.0733020 secs] [Times: user=0.52 sys=0.00, real=0.07 secs] 
146.929: Total time for which application threads were stopped: 0.0740270 seconds, Stopping threads took: 0.0000830 seconds
146.954: Application time: 0.0249610 seconds
146.954: [Full GC [PSYoungGen: 138752K->34474K(161280K)] [ParOldGen: 367425K->367425K(367616K)] 506177K->401899K(528896K) [PSPermGen: 13627K->13627K(21504K)], 0.0741270 secs] [Times: user=0.52 sys=0.00, real=0.07 secs] 
147.028: Total time for which application threads were stopped: 0.0747840 seconds, Stopping threads took: 0.0000870 seconds
147.053: Application time: 0.0247900 seconds
147.054: [Full GC [PSYoungGen: 138752K->34488K(161280K)] [ParOldGen: 367425K->367425K(367616K)] 506177K->401913K(528896K) [PSPermGen: 13627K->13627K(21504K)], 0.0740400 secs] [Times: user=0.52 sys=0.00, real=0.07 secs] 
147.128: Total time for which application threads were stopped: 0.0747120 seconds, Stopping threads took: 0.0000630 seconds
147.153: Application time: 0.0255050 seconds
147.154: [Full GC [PSYoungGen: 138752K->33781K(161280K)] [ParOldGen: 367425K->367552K(367616K)] 506177K->401334K(528896K) [PSPermGen: 13627K->13627K(21504K)], 0.2465790 secs] [Times: user=1.83 sys=0.00, real=0.24 secs] 
147.401: Total time for which application threads were stopped: 0.2472020 seconds, Stopping threads took: 0.0000600 seconds
147.426: Application time: 0.0252790 seconds
147.426: [Full GC [PSYoungGen: 138752K->33770K(161280K)] [ParOldGen: 367552K->367552K(367616K)] 506304K->401322K(528896K) [PSPermGen: 13627K->13627K(21504K)], 0.0731300 secs] [Times: user=0.52 sys=0.00, real=0.07 secs] 
147.500: Total time for which application threads were stopped: 0.0737690 seconds, Stopping threads took: 0.0000710 seconds
147.524: Application time: 0.0246030 seconds
147.525: [Full GC [PSYoungGen: 138752K->33785K(161280K)] [ParOldGen: 367552K->367552K(367616K)] 506304K->401338K(528896K) [PSPermGen: 13627K->13627K(21504K)], 0.0738300 secs] [Times: user=0.52 sys=0.00, real=0.07 secs] 
147.599: Total time for which application threads were stopped: 0.0745160 seconds, Stopping threads took: 0.0001020 seconds
147.623: Application time: 0.0245370 seconds
147.624: [Full GC [PSYoungGen: 138752K->33799K(161280K)] [ParOldGen: 367552K->367552K(367616K)] 506304K->401352K(528896K) [PSPermGen: 13627K->13627K(21504K)], 0.0734380 secs] [Times: user=0.52 sys=0.00, real=0.07 secs] 
147.697: Total time for which application threads were stopped: 0.0741370 seconds, Stopping threads took: 0.0000810 seconds
147.722: Application time: 0.0247140 seconds
147.723: [Full GC [PSYoungGen: 138752K->33816K(161280K)] [ParOldGen: 367552K->367552K(367616K)] 506304K->401368K(528896K) [PSPermGen: 13627K->13627K(21504K)], 0.0734470 secs] [Times: user=0.51 sys=0.00, real=0.08 secs] 
147.796: Total time for which application threads were stopped: 0.0741060 seconds, Stopping threads took: 0.0000780 seconds
147.821: Application time: 0.0247990 seconds
147.822: [Full GC [PSYoungGen: 138752K->33831K(161280K)] [ParOldGen: 367552K->367552K(367616K)] 506304K->401384K(528896K) [PSPermGen: 13627K->13627K(21504K)], 0.0734410 secs] [Times: user=0.52 sys=0.00, real=0.08 secs] 
147.895: Total time for which application threads were stopped: 0.0740980 seconds, Stopping threads took: 0.0000710 seconds
147.920: Application time: 0.0246940 seconds
147.920: [Full GC [PSYoungGen: 138752K->33845K(161280K)] [ParOldGen: 367552K->367552K(367616K)] 506304K->401398K(528896K) [PSPermGen: 13627K->13627K(21504K)], 0.0730170 secs] [Times: user=0.51 sys=0.00, real=0.08 secs] 
147.994: Total time for which application threads were stopped: 0.0736820 seconds, Stopping threads took: 0.0000800 seconds
148.018: Application time: 0.0243570 seconds
148.018: [Full GC [PSYoungGen: 138752K->33861K(161280K)] [ParOldGen: 367552K->367552K(367616K)] 506304K->401414K(528896K) [PSPermGen: 13627K->13627K(21504K)], 0.0739250 secs] [Times: user=0.51 sys=0.00, real=0.08 secs] 
148.092: Total time for which application threads were stopped: 0.0745520 seconds, Stopping threads took: 0.0000580 seconds
148.117: Application time: 0.0247230 seconds
148.118: [Full GC [PSYoungGen: 138752K->33876K(161280K)] [ParOldGen: 367552K->367552K(367616K)] 506304K->401429K(528896K) [PSPermGen: 13627K->13627K(21504K)], 0.0750580 secs] [Times: user=0.52 sys=0.00, real=0.08 secs] 
148.193: Total time for which application threads were stopped: 0.0757120 seconds, Stopping threads took: 0.0000660 seconds
148.217: Application time: 0.0244930 seconds
148.218: [Full GC [PSYoungGen: 138752K->33891K(161280K)] [ParOldGen: 367552K->367552K(367616K)] 506304K->401444K(528896K) [PSPermGen: 13627K->13627K(21504K)], 0.0729350 secs] [Times: user=0.51 sys=0.00, real=0.07 secs] 
148.291: Total time for which application threads were stopped: 0.0736150 seconds, Stopping threads took: 0.0000660 seconds
148.315: Application time: 0.0244610 seconds
148.316: [Full GC [PSYoungGen: 138752K->33906K(161280K)] [ParOldGen: 367552K->367552K(367616K)] 506304K->401459K(528896K) [PSPermGen: 13627K->13627K(21504K)], 0.0731370 secs] [Times: user=0.51 sys=0.00, real=0.07 secs] 
148.389: Total time for which application threads were stopped: 0.0738410 seconds, Stopping threads took: 0.0001170 seconds
148.415: Application time: 0.0259360 seconds
148.416: [Full GC [PSYoungGen: 138752K->33793K(161280K)] [ParOldGen: 367552K->367552K(367616K)] 506304K->401345K(528896K) [PSPermGen: 13627K->13627K(21504K)], 0.0729540 secs] [Times: user=0.52 sys=0.00, real=0.07 secs] 
148.489: Total time for which application threads were stopped: 0.0736030 seconds, Stopping threads took: 0.0000790 seconds
148.514: Application time: 0.0247250 seconds
148.514: [Full GC [PSYoungGen: 138752K->33793K(161280K)] [ParOldGen: 367552K->367552K(367616K)] 506304K->401346K(528896K) [PSPermGen: 13627K->13627K(21504K)], 0.0727750 secs] [Times: user=0.51 sys=0.00, real=0.07 secs] 
148.587: Total time for which application threads were stopped: 0.0734160 seconds, Stopping threads took: 0.0000570 seconds
148.611: Application time: 0.0241760 seconds
148.612: [Full GC [PSYoungGen: 138752K->33810K(161280K)] [ParOldGen: 367552K->367552K(367616K)] 506304K->401363K(528896K) [PSPermGen: 13627K->13627K(21504K)], 0.0732700 secs] [Times: user=0.52 sys=0.00, real=0.07 secs] 
148.685: Total time for which application threads were stopped: 0.0738990 seconds, Stopping threads took: 0.0000600 seconds
148.710: Application time: 0.0251760 seconds
148.711: [Full GC [PSYoungGen: 138752K->33825K(161280K)] [ParOldGen: 367552K->367552K(367616K)] 506304K->401378K(528896K) [PSPermGen: 13627K->13627K(21504K)], 0.0731080 secs] [Times: user=0.51 sys=0.00, real=0.08 secs] 
148.784: Total time for which application threads were stopped: 0.0737570 seconds, Stopping threads took: 0.0000840 seconds
148.809: Application time: 0.0244810 seconds
148.809: [Full GC [PSYoungGen: 138752K->33840K(161280K)] [ParOldGen: 367552K->367552K(367616K)] 506304K->401392K(528896K) [PSPermGen: 13627K->13627K(21504K)], 0.0729290 secs] [Times: user=0.51 sys=0.00, real=0.07 secs] 
148.882: Total time for which application threads were stopped: 0.0736330 seconds, Stopping threads took: 0.0000830 seconds
148.907: Application time: 0.0247320 seconds
148.907: [Full GC [PSYoungGen: 138752K->33852K(161280K)] [ParOldGen: 367552K->367552K(367616K)] 506304K->401405K(528896K) [PSPermGen: 13627K->13627K(21504K)], 0.0730010 secs] [Times: user=0.52 sys=0.00, real=0.07 secs] 
148.981: Total time for which application threads were stopped: 0.0736390 seconds, Stopping threads took: 0.0000420 seconds
149.005: Application time: 0.0244610 seconds
149.006: [Full GC [PSYoungGen: 138752K->33869K(161280K)] [ParOldGen: 367552K->367552K(367616K)] 506304K->401422K(528896K) [PSPermGen: 13627K->13627K(21504K)], 0.0726840 secs] [Times: user=0.51 sys=0.00, real=0.07 secs] 
149.078: Total time for which application threads were stopped: 0.0733090 seconds, Stopping threads took: 0.0000500 seconds
149.103: Application time: 0.0242640 seconds
149.103: [Full GC [PSYoungGen: 138752K->33885K(161280K)] [ParOldGen: 367552K->367552K(367616K)] 506304K->401437K(528896K) [PSPermGen: 13627K->13627K(21504K)], 0.0731980 secs] [Times: user=0.51 sys=0.00, real=0.08 secs] 
149.177: Total time for which application threads were stopped: 0.0739160 seconds, Stopping threads took: 0.0000820 seconds
149.201: Application time: 0.0246890 seconds
149.202: [Full GC [PSYoungGen: 138752K->33899K(161280K)] [ParOldGen: 367552K->367552K(367616K)] 506304K->401452K(528896K) [PSPermGen: 13627K->13627K(21504K)], 0.0733040 secs] [Times: user=0.52 sys=0.00, real=0.08 secs] 
149.275: Total time for which application threads were stopped: 0.0739680 seconds, Stopping threads took: 0.0000740 seconds
149.299: Application time: 0.0242890 seconds
149.300: [Full GC [PSYoungGen: 138752K->33914K(161280K)] [ParOldGen: 367552K->367552K(367616K)] 506304K->401467K(528896K) [PSPermGen: 13627K->13627K(21504K)], 0.0730820 secs] [Times: user=0.51 sys=0.00, real=0.08 secs] 
149.373: Total time for which application threads were stopped: 0.0738270 seconds, Stopping threads took: 0.0000910 seconds
149.398: Application time: 0.0245950 seconds
149.399: [Full GC [PSYoungGen: 138752K->33930K(161280K)] [ParOldGen: 367552K->367552K(367616K)] 506304K->401483K(528896K) [PSPermGen: 13627K->13627K(21504K)], 0.0732250 secs] [Times: user=0.52 sys=0.00, real=0.08 secs] 
149.472: Total time for which application threads were stopped: 0.0739600 seconds, Stopping threads took: 0.0000620 seconds
149.496: Application time: 0.0244940 seconds
149.497: [Full GC [PSYoungGen: 138752K->33942K(161280K)] [ParOldGen: 367552K->367552K(367616K)] 506304K->401495K(528896K) [PSPermGen: 13627K->13627K(21504K)], 0.0733860 secs] [Times: user=0.51 sys=0.00, real=0.07 secs] 
149.570: Total time for which application threads were stopped: 0.0740090 seconds, Stopping threads took: 0.0000450 seconds
149.595: Application time: 0.0242910 seconds
149.595: [Full GC [PSYoungGen: 138752K->33958K(161280K)] [ParOldGen: 367552K->367552K(367616K)] 506304K->401511K(528896K) [PSPermGen: 13627K->13627K(21504K)], 0.0736470 secs] [Times: user=0.50 sys=0.00, real=0.07 secs] 
149.669: Total time for which application threads were stopped: 0.0742970 seconds, Stopping threads took: 0.0000800 seconds
149.693: Application time: 0.0241230 seconds
149.694: [Full GC [PSYoungGen: 138752K->33974K(161280K)] [ParOldGen: 367552K->367552K(367616K)] 506304K->401527K(528896K) [PSPermGen: 13627K->13627K(21504K)], 0.0724850 secs] [Times: user=0.51 sys=0.00, real=0.07 secs] 
149.766: Total time for which application threads were stopped: 0.0731620 seconds, Stopping threads took: 0.0000950 seconds
149.791: Application time: 0.0243240 seconds
149.791: [Full GC [PSYoungGen: 138752K->33989K(161280K)] [ParOldGen: 367552K->367552K(367616K)] 506304K->401541K(528896K) [PSPermGen: 13627K->13627K(21504K)], 0.0737110 secs] [Times: user=0.52 sys=0.00, real=0.08 secs] 
149.865: Total time for which application threads were stopped: 0.0744100 seconds, Stopping threads took: 0.0000640 seconds
149.890: Application time: 0.0246360 seconds
149.890: [Full GC [PSYoungGen: 138752K->34004K(161280K)] [ParOldGen: 367552K->367552K(367616K)] 506304K->401557K(528896K) [PSPermGen: 13627K->13627K(21504K)], 0.0734140 secs] [Times: user=0.51 sys=0.00, real=0.08 secs] 
149.964: Total time for which application threads were stopped: 0.0740570 seconds, Stopping threads took: 0.0000470 seconds
149.988: Application time: 0.0243540 seconds
149.989: [Full GC [PSYoungGen: 138752K->34020K(161280K)] [ParOldGen: 367552K->367552K(367616K)] 506304K->401573K(528896K) [PSPermGen: 13627K->13627K(21504K)], 0.0728380 secs] [Times: user=0.52 sys=0.00, real=0.07 secs] 
150.062: Total time for which application threads were stopped: 0.0735580 seconds, Stopping threads took: 0.0000660 seconds
150.086: Application time: 0.0242610 seconds
150.086: [Full GC [PSYoungGen: 138752K->34035K(161280K)] [ParOldGen: 367552K->367552K(367616K)] 506304K->401588K(528896K) [PSPermGen: 13627K->13627K(21504K)], 0.0728290 secs] [Times: user=0.51 sys=0.01, real=0.07 secs] 
150.159: Total time for which application threads were stopped: 0.0735210 seconds, Stopping threads took: 0.0000540 seconds
150.184: Application time: 0.0248110 seconds
150.185: [Full GC [PSYoungGen: 138752K->33993K(161280K)] [ParOldGen: 367552K->367552K(367616K)] 506304K->401546K(528896K) [PSPermGen: 13627K->13627K(21504K)], 0.0743520 secs] [Times: user=0.52 sys=0.00, real=0.07 secs] 
150.259: Total time for which application threads were stopped: 0.0749790 seconds, Stopping threads took: 0.0000600 seconds
150.284: Application time: 0.0246660 seconds
150.284: [Full GC [PSYoungGen: 138752K->33993K(161280K)] [ParOldGen: 367552K->367552K(367616K)] 506304K->401546K(528896K) [PSPermGen: 13627K->13627K(21504K)], 0.0731720 secs] [Times: user=0.51 sys=0.00, real=0.07 secs] 
150.358: Total time for which application threads were stopped: 0.0738400 seconds, Stopping threads took: 0.0000680 seconds
150.383: Application time: 0.0255680 seconds
150.384: [Full GC [PSYoungGen: 138752K->33881K(161280K)] [ParOldGen: 367552K->367552K(367616K)] 506304K->401434K(528896K) [PSPermGen: 13627K->13627K(21504K)], 0.0728410 secs] [Times: user=0.51 sys=0.00, real=0.07 secs] 
150.457: Total time for which application threads were stopped: 0.0734900 seconds, Stopping threads took: 0.0000690 seconds
150.481: Application time: 0.0246060 seconds
150.482: [Full GC [PSYoungGen: 138752K->33884K(161280K)] [ParOldGen: 367552K->367552K(367616K)] 506304K->401437K(528896K) [PSPermGen: 13627K->13627K(21504K)], 0.0728490 secs] [Times: user=0.51 sys=0.00, real=0.08 secs] 
150.555: Total time for which application threads were stopped: 0.0735000 seconds, Stopping threads took: 0.0000750 seconds
150.580: Application time: 0.0247860 seconds
150.580: [Full GC [PSYoungGen: 138752K->33899K(161280K)] [ParOldGen: 367552K->367552K(367616K)] 506304K->401452K(528896K) [PSPermGen: 13627K->13627K(21504K)], 0.0738760 secs] [Times: user=0.52 sys=0.00, real=0.08 secs] 
150.654: Total time for which application threads were stopped: 0.0745500 seconds, Stopping threads took: 0.0000650 seconds
150.679: Application time: 0.0247450 seconds
150.680: [Full GC [PSYoungGen: 138752K->33913K(161280K)] [ParOldGen: 367552K->367552K(367616K)] 506304K->401466K(528896K) [PSPermGen: 13627K->13627K(21504K)], 0.0749290 secs] [Times: user=0.53 sys=0.00, real=0.08 secs] 
150.755: Total time for which application threads were stopped: 0.0755990 seconds, Stopping threads took: 0.0000690 seconds
150.779: Application time: 0.0247540 seconds
150.780: [Full GC [PSYoungGen: 138752K->33928K(161280K)] [ParOldGen: 367552K->367552K(367616K)] 506304K->401481K(528896K) [PSPermGen: 13627K->13627K(21504K)], 0.0734470 secs] [Times: user=0.52 sys=0.00, real=0.08 secs] 
150.853: Total time for which application threads were stopped: 0.0741180 seconds, Stopping threads took: 0.0000780 seconds
150.878: Application time: 0.0247880 seconds
150.879: [Full GC [PSYoungGen: 138752K->33943K(161280K)] [ParOldGen: 367552K->367552K(367616K)] 506304K->401496K(528896K) [PSPermGen: 13627K->13627K(21504K)], 0.0731140 secs] [Times: user=0.51 sys=0.00, real=0.08 secs] 
150.952: Total time for which application threads were stopped: 0.0737770 seconds, Stopping threads took: 0.0000810 seconds
150.977: Application time: 0.0252100 seconds
150.978: [Full GC [PSYoungGen: 138752K->33897K(161280K)] [ParOldGen: 367552K->367552K(367616K)] 506304K->401450K(528896K) [PSPermGen: 13627K->13627K(21504K)], 0.0733260 secs] [Times: user=0.52 sys=0.00, real=0.07 secs] 
151.051: Total time for which application threads were stopped: 0.0739790 seconds, Stopping threads took: 0.0000740 seconds
151.076: Application time: 0.0248750 seconds
151.077: [Full GC [PSYoungGen: 138752K->33903K(161280K)] [ParOldGen: 367552K->367552K(367616K)] 506304K->401456K(528896K) [PSPermGen: 13627K->13627K(21504K)], 0.0736340 secs] [Times: user=0.52 sys=0.00, real=0.07 secs] 
151.150: Total time for which application threads were stopped: 0.0742890 seconds, Stopping threads took: 0.0000600 seconds
151.176: Application time: 0.0257760 seconds
151.177: [Full GC [PSYoungGen: 138752K->33862K(161280K)] [ParOldGen: 367552K->367552K(367616K)] 506304K->401414K(528896K) [PSPermGen: 13627K->13627K(21504K)], 0.0741220 secs] [Times: user=0.52 sys=0.00, real=0.07 secs] 
151.251: Total time for which application threads were stopped: 0.0748490 seconds, Stopping threads took: 0.0000790 seconds
151.276: Application time: 0.0248070 seconds
151.276: [Full GC [PSYoungGen: 138752K->33793K(161280K)] [ParOldGen: 367552K->367552K(367616K)] 506304K->401346K(528896K) [PSPermGen: 13627K->13627K(21504K)], 0.0728050 secs] [Times: user=0.51 sys=0.00, real=0.07 secs] 
151.349: Total time for which application threads were stopped: 0.0734950 seconds, Stopping threads took: 0.0000490 seconds
151.374: Application time: 0.0247820 seconds
151.375: [Full GC [PSYoungGen: 138752K->33809K(161280K)] [ParOldGen: 367552K->367552K(367616K)] 506304K->401362K(528896K) [PSPermGen: 13627K->13627K(21504K)], 0.0734580 secs] [Times: user=0.52 sys=0.00, real=0.07 secs] 
151.448: Total time for which application threads were stopped: 0.0741080 seconds, Stopping threads took: 0.0000680 seconds
151.473: Application time: 0.0246140 seconds
151.473: [Full GC [PSYoungGen: 138752K->33825K(161280K)] [ParOldGen: 367552K->367552K(367616K)] 506304K->401378K(528896K) [PSPermGen: 13627K->13627K(21504K)], 0.0726470 secs] [Times: user=0.52 sys=0.00, real=0.07 secs] 
151.546: Total time for which application threads were stopped: 0.0732930 seconds, Stopping threads took: 0.0000620 seconds
151.571: Application time: 0.0250580 seconds
151.572: [Full GC [PSYoungGen: 138752K->33838K(161280K)] [ParOldGen: 367552K->367552K(367616K)] 506304K->401391K(528896K) [PSPermGen: 13627K->13627K(21504K)], 0.0736490 secs] [Times: user=0.52 sys=0.00, real=0.07 secs] 
151.645: Total time for which application threads were stopped: 0.0742990 seconds, Stopping threads took: 0.0000570 seconds
151.671: Application time: 0.0250800 seconds
151.671: [Full GC [PSYoungGen: 138752K->33853K(161280K)] [ParOldGen: 367552K->367552K(367616K)] 506304K->401406K(528896K) [PSPermGen: 13627K->13627K(21504K)], 0.0735830 secs] [Times: user=0.51 sys=0.00, real=0.08 secs] 
151.745: Total time for which application threads were stopped: 0.0742440 seconds, Stopping threads took: 0.0000710 seconds
151.769: Application time: 0.0246770 seconds
151.770: [Full GC [PSYoungGen: 138752K->33866K(161280K)] [ParOldGen: 367552K->367552K(367616K)] 506304K->401419K(528896K) [PSPermGen: 13627K->13627K(21504K)], 0.0729480 secs] [Times: user=0.52 sys=0.00, real=0.07 secs] 
151.843: Total time for which application threads were stopped: 0.0736190 seconds, Stopping threads took: 0.0000780 seconds
151.868: Application time: 0.0248130 seconds
151.869: [Full GC [PSYoungGen: 138752K->33885K(161280K)] [ParOldGen: 367552K->367552K(367616K)] 506304K->401438K(528896K) [PSPermGen: 13627K->13627K(21504K)], 0.0731520 secs] [Times: user=0.52 sys=0.00, real=0.07 secs] 
151.942: Total time for which application threads were stopped: 0.0737930 seconds, Stopping threads took: 0.0000620 seconds
151.966: Application time: 0.0246210 seconds
151.967: [Full GC [PSYoungGen: 138752K->33895K(161280K)] [ParOldGen: 367552K->367552K(367616K)] 506304K->401447K(528896K) [PSPermGen: 13627K->13627K(21504K)], 0.0732440 secs] [Times: user=0.51 sys=0.00, real=0.07 secs] 
152.040: Total time for which application threads were stopped: 0.0738970 seconds, Stopping threads took: 0.0000790 seconds
152.065: Application time: 0.0251860 seconds
152.066: [Full GC [PSYoungGen: 138752K->33798K(161280K)] [ParOldGen: 367552K->367552K(367616K)] 506304K->401351K(528896K) [PSPermGen: 13627K->13627K(21504K)], 0.0731140 secs] [Times: user=0.52 sys=0.00, real=0.07 secs] 
152.139: Total time for which application threads were stopped: 0.0737770 seconds, Stopping threads took: 0.0000740 seconds
152.164: Application time: 0.0247680 seconds
152.165: [Full GC [PSYoungGen: 138752K->33787K(161280K)] [ParOldGen: 367552K->367552K(367616K)] 506304K->401340K(528896K) [PSPermGen: 13627K->13627K(21504K)], 0.0733240 secs] [Times: user=0.51 sys=0.00, real=0.07 secs] 
152.238: Total time for which application threads were stopped: 0.0739790 seconds, Stopping threads took: 0.0000680 seconds
152.263: Application time: 0.0249810 seconds
152.264: [Full GC [PSYoungGen: 138752K->33803K(161280K)] [ParOldGen: 367552K->367552K(367616K)] 506304K->401355K(528896K) [PSPermGen: 13627K->13627K(21504K)], 0.0736560 secs] [Times: user=0.52 sys=0.00, real=0.07 secs] 
152.337: Total time for which application threads were stopped: 0.0743370 seconds, Stopping threads took: 0.0000870 seconds
152.362: Application time: 0.0250040 seconds
152.363: [Full GC [PSYoungGen: 138752K->33818K(161280K)] [ParOldGen: 367552K->367552K(367616K)] 506304K->401371K(528896K) [PSPermGen: 13627K->13627K(21504K)], 0.0732930 secs] [Times: user=0.52 sys=0.00, real=0.08 secs] 
152.436: Total time for which application threads were stopped: 0.0740130 seconds, Stopping threads took: 0.0000910 seconds
152.461: Application time: 0.0247220 seconds
152.462: [Full GC [PSYoungGen: 138752K->33831K(161280K)] [ParOldGen: 367552K->367552K(367616K)] 506304K->401384K(528896K) [PSPermGen: 13627K->13627K(21504K)], 0.0744750 secs] [Times: user=0.52 sys=0.00, real=0.08 secs] 
152.536: Total time for which application threads were stopped: 0.0751360 seconds, Stopping threads took: 0.0000760 seconds
152.561: Application time: 0.0246300 seconds
152.561: [Full GC [PSYoungGen: 138752K->33847K(161280K)] [ParOldGen: 367552K->367552K(367616K)] 506304K->401400K(528896K) [PSPermGen: 13627K->13627K(21504K)], 0.0731170 secs] [Times: user=0.50 sys=0.01, real=0.08 secs] 
152.635: Total time for which application threads were stopped: 0.0737560 seconds, Stopping threads took: 0.0000710 seconds
152.660: Application time: 0.0253160 seconds
152.660: [Full GC [PSYoungGen: 138752K->33860K(161280K)] [ParOldGen: 367552K->367552K(367616K)] 506304K->401413K(528896K) [PSPermGen: 13627K->13627K(21504K)], 0.0747390 secs] [Times: user=0.52 sys=0.00, real=0.08 secs] 
152.735: Total time for which application threads were stopped: 0.0753970 seconds, Stopping threads took: 0.0000740 seconds
152.760: Application time: 0.0246950 seconds
152.761: [Full GC [PSYoungGen: 138752K->33877K(161280K)] [ParOldGen: 367552K->367552K(367616K)] 506304K->401430K(528896K) [PSPermGen: 13627K->13627K(21504K)], 0.0732580 secs] [Times: user=0.51 sys=0.00, real=0.08 secs] 
152.834: Total time for which application threads were stopped: 0.0738990 seconds, Stopping threads took: 0.0000730 seconds
152.859: Application time: 0.0246310 seconds
152.859: [Full GC [PSYoungGen: 138752K->33892K(161280K)] [ParOldGen: 367552K->367552K(367616K)] 506304K->401445K(528896K) [PSPermGen: 13627K->13627K(21504K)], 0.0733420 secs] [Times: user=0.52 sys=0.00, real=0.08 secs] 
152.933: Total time for which application threads were stopped: 0.0740420 seconds, Stopping threads took: 0.0000660 seconds
152.958: Application time: 0.0250620 seconds
152.958: [Full GC [PSYoungGen: 138752K->33905K(161280K)] [ParOldGen: 367552K->367552K(367616K)] 506304K->401458K(528896K) [PSPermGen: 13627K->13627K(21504K)], 0.0738980 secs] [Times: user=0.52 sys=0.00, real=0.08 secs] 
153.032: Total time for which application threads were stopped: 0.0745720 seconds, Stopping threads took: 0.0000640 seconds
153.057: Application time: 0.0248890 seconds
153.058: [Full GC [PSYoungGen: 138752K->33922K(161280K)] [ParOldGen: 367552K->367552K(367616K)] 506304K->401475K(528896K) [PSPermGen: 13627K->13627K(21504K)], 0.0739100 secs] [Times: user=0.52 sys=0.00, real=0.08 secs] 
153.132: Total time for which application threads were stopped: 0.0745530 seconds, Stopping threads took: 0.0000630 seconds
153.156: Application time: 0.0247020 seconds
153.157: [Full GC [PSYoungGen: 138752K->33938K(161280K)] [ParOldGen: 367552K->367552K(367616K)] 506304K->401490K(528896K) [PSPermGen: 13627K->13627K(21504K)], 0.0796040 secs] [Times: user=0.56 sys=0.00, real=0.08 secs] 
153.237: Total time for which application threads were stopped: 0.0803140 seconds, Stopping threads took: 0.0000670 seconds
153.262: Application time: 0.0248500 seconds
153.262: [Full GC [PSYoungGen: 138752K->33950K(161280K)] [ParOldGen: 367552K->367552K(367616K)] 506304K->401503K(528896K) [PSPermGen: 13627K->13627K(21504K)], 0.0730430 secs] [Times: user=0.52 sys=0.00, real=0.08 secs] 
153.335: Total time for which application threads were stopped: 0.0737310 seconds, Stopping threads took: 0.0000980 seconds
153.360: Application time: 0.0249990 seconds
153.361: [Full GC [PSYoungGen: 138752K->33967K(161280K)] [ParOldGen: 367552K->367552K(367616K)] 506304K->401520K(528896K) [PSPermGen: 13627K->13627K(21504K)], 0.0728340 secs] [Times: user=0.51 sys=0.00, real=0.08 secs] 
153.434: Total time for which application threads were stopped: 0.0734680 seconds, Stopping threads took: 0.0000530 seconds
153.458: Application time: 0.0245090 seconds
153.459: [Full GC [PSYoungGen: 138752K->33982K(161280K)] [ParOldGen: 367552K->367552K(367616K)] 506304K->401535K(528896K) [PSPermGen: 13627K->13627K(21504K)], 0.0728950 secs] [Times: user=0.52 sys=0.00, real=0.08 secs] 
153.532: Total time for which application threads were stopped: 0.0735880 seconds, Stopping threads took: 0.0000430 seconds
153.556: Application time: 0.0244020 seconds
153.557: [Full GC [PSYoungGen: 138752K->33993K(161280K)] [ParOldGen: 367552K->367552K(367616K)] 506304K->401546K(528896K) [PSPermGen: 13627K->13627K(21504K)], 0.0733120 secs] [Times: user=0.52 sys=0.00, real=0.07 secs] 
153.630: Total time for which application threads were stopped: 0.0740140 seconds, Stopping threads took: 0.0000630 seconds
153.656: Application time: 0.0252890 seconds
153.656: [Full GC [PSYoungGen: 138752K->34012K(161280K)] [ParOldGen: 367552K->367552K(367616K)] 506304K->401565K(528896K) [PSPermGen: 13627K->13627K(21504K)], 0.0730780 secs] [Times: user=0.52 sys=0.00, real=0.07 secs] 
153.729: Total time for which application threads were stopped: 0.0737600 seconds, Stopping threads took: 0.0000490 seconds
153.754: Application time: 0.0242750 seconds
153.754: [Full GC [PSYoungGen: 138752K->34028K(161280K)] [ParOldGen: 367552K->367552K(367616K)] 506304K->401581K(528896K) [PSPermGen: 13627K->13627K(21504K)], 0.0724080 secs] [Times: user=0.51 sys=0.00, real=0.07 secs] 
153.827: Total time for which application threads were stopped: 0.0730590 seconds, Stopping threads took: 0.0000400 seconds
153.851: Application time: 0.0248300 seconds
153.852: [Full GC [PSYoungGen: 138752K->33987K(161280K)] [ParOldGen: 367552K->367552K(367616K)] 506304K->401540K(528896K) [PSPermGen: 13627K->13627K(21504K)], 0.0730280 secs] [Times: user=0.52 sys=0.00, real=0.07 secs] 
153.925: Total time for which application threads were stopped: 0.0736860 seconds, Stopping threads took: 0.0001000 seconds
153.950: Application time: 0.0246290 seconds
153.950: [Full GC [PSYoungGen: 138752K->33985K(161280K)] [ParOldGen: 367552K->367552K(367616K)] 506304K->401538K(528896K) [PSPermGen: 13627K->13627K(21504K)], 0.0725030 secs] [Times: user=0.52 sys=0.00, real=0.07 secs] 
154.023: Total time for which application threads were stopped: 0.0731660 seconds, Stopping threads took: 0.0000880 seconds
154.048: Application time: 0.0249040 seconds
154.048: [Full GC [PSYoungGen: 138752K->34002K(161280K)] [ParOldGen: 367552K->367552K(367616K)] 506304K->401555K(528896K) [PSPermGen: 13627K->13627K(21504K)], 0.0728350 secs] [Times: user=0.51 sys=0.00, real=0.07 secs] 
154.121: Total time for which application threads were stopped: 0.0734890 seconds, Stopping threads took: 0.0000570 seconds
154.147: Application time: 0.0257240 seconds
154.148: [Full GC [PSYoungGen: 138752K->33962K(161280K)] [ParOldGen: 367552K->367552K(367616K)] 506304K->401515K(528896K) [PSPermGen: 13627K->13627K(21504K)], 0.0736070 secs] [Times: user=0.50 sys=0.00, real=0.07 secs] 
154.221: Total time for which application threads were stopped: 0.0742970 seconds, Stopping threads took: 0.0000980 seconds
154.246: Application time: 0.0249200 seconds
154.247: [Full GC [PSYoungGen: 138752K->33907K(161280K)] [ParOldGen: 367552K->367552K(367616K)] 506304K->401460K(528896K) [PSPermGen: 13627K->13627K(21504K)], 0.0723720 secs] [Times: user=0.51 sys=0.00, real=0.07 secs] 
154.319: Total time for which application threads were stopped: 0.0730910 seconds, Stopping threads took: 0.0000890 seconds
154.344: Application time: 0.0245590 seconds
154.345: [Full GC [PSYoungGen: 138752K->33906K(161280K)] [ParOldGen: 367552K->367552K(367616K)] 506304K->401459K(528896K) [PSPermGen: 13627K->13627K(21504K)], 0.0729670 secs] [Times: user=0.52 sys=0.00, real=0.07 secs] 
154.418: Total time for which application threads were stopped: 0.0736200 seconds, Stopping threads took: 0.0000710 seconds
154.443: Application time: 0.0249580 seconds
154.443: [Full GC [PSYoungGen: 138752K->33922K(161280K)] [ParOldGen: 367552K->367552K(367616K)] 506304K->401475K(528896K) [PSPermGen: 13627K->13627K(21504K)], 0.0742810 secs] [Times: user=0.51 sys=0.00, real=0.08 secs] 
154.518: Total time for which application threads were stopped: 0.0749580 seconds, Stopping threads took: 0.0000860 seconds
154.543: Application time: 0.0250800 seconds
154.543: [Full GC [PSYoungGen: 138752K->33936K(161280K)] [ParOldGen: 367552K->367552K(367616K)] 506304K->401489K(528896K) [PSPermGen: 13627K->13627K(21504K)], 0.0731940 secs] [Times: user=0.51 sys=0.00, real=0.08 secs] 
154.617: Total time for which application threads were stopped: 0.0738910 seconds, Stopping threads took: 0.0001240 seconds
154.643: Application time: 0.0262620 seconds
154.644: [Full GC [PSYoungGen: 138752K->33898K(161280K)] [ParOldGen: 367552K->367552K(367616K)] 506304K->401451K(528896K) [PSPermGen: 13627K->13627K(21504K)], 0.0739160 secs] [Times: user=0.52 sys=0.00, real=0.07 secs] 
154.718: Total time for which application threads were stopped: 0.0747290 seconds, Stopping threads took: 0.0000820 seconds
154.744: Application time: 0.0260050 seconds
154.744: [Full GC [PSYoungGen: 138752K->33897K(161280K)] [ParOldGen: 367552K->367552K(367616K)] 506304K->401450K(528896K) [PSPermGen: 13627K->13627K(21504K)], 0.0733510 secs] [Times: user=0.51 sys=0.01, real=0.07 secs] 
154.818: Total time for which application threads were stopped: 0.0740930 seconds, Stopping threads took: 0.0000930 seconds
154.843: Application time: 0.0251120 seconds
154.843: [Full GC [PSYoungGen: 138752K->33912K(161280K)] [ParOldGen: 367552K->367552K(367616K)] 506304K->401464K(528896K) [PSPermGen: 13627K->13627K(21504K)], 0.0741820 secs] [Times: user=0.52 sys=0.00, real=0.08 secs] 
154.918: Total time for which application threads were stopped: 0.0748340 seconds, Stopping threads took: 0.0000610 seconds
154.944: Application time: 0.0263610 seconds
154.945: [Full GC [PSYoungGen: 138752K->33863K(161280K)] [ParOldGen: 367552K->367552K(367616K)] 506304K->401416K(528896K) [PSPermGen: 13627K->13627K(21504K)], 0.0738280 secs] [Times: user=0.52 sys=0.00, real=0.07 secs] 
155.018: Total time for which application threads were stopped: 0.0744840 seconds, Stopping threads took: 0.0000620 seconds
155.044: Application time: 0.0252940 seconds
155.044: [Full GC [PSYoungGen: 138752K->33817K(161280K)] [ParOldGen: 367552K->367552K(367616K)] 506304K->401370K(528896K) [PSPermGen: 13627K->13627K(21504K)], 0.0727280 secs] [Times: user=0.51 sys=0.00, real=0.07 secs] 
155.117: Total time for which application threads were stopped: 0.0733910 seconds, Stopping threads took: 0.0000650 seconds
155.142: Application time: 0.0247810 seconds
155.142: [Full GC [PSYoungGen: 138752K->33819K(161280K)] [ParOldGen: 367552K->367552K(367616K)] 506304K->401372K(528896K) [PSPermGen: 13627K->13627K(21504K)], 0.0730130 secs] [Times: user=0.52 sys=0.00, real=0.08 secs] 
155.216: Total time for which application threads were stopped: 0.0736560 seconds, Stopping threads took: 0.0000690 seconds
155.240: Application time: 0.0248820 seconds
155.241: [Full GC [PSYoungGen: 138752K->33832K(161280K)] [ParOldGen: 367552K->367552K(367616K)] 506304K->401384K(528896K) [PSPermGen: 13627K->13627K(21504K)], 0.0739320 secs] [Times: user=0.52 sys=0.00, real=0.08 secs] 
155.315: Total time for which application threads were stopped: 0.0746180 seconds, Stopping threads took: 0.0000740 seconds
155.340: Application time: 0.0249700 seconds
155.341: [Full GC [PSYoungGen: 138752K->33846K(161280K)] [ParOldGen: 367552K->367552K(367616K)] 506304K->401399K(528896K) [PSPermGen: 13627K->13627K(21504K)], 0.0730490 secs] [Times: user=0.51 sys=0.00, real=0.08 secs] 
155.414: Total time for which application threads were stopped: 0.0737660 seconds, Stopping threads took: 0.0000650 seconds
155.439: Application time: 0.0250800 seconds
155.439: [Full GC [PSYoungGen: 138752K->33861K(161280K)] [ParOldGen: 367552K->367552K(367616K)] 506304K->401413K(528896K) [PSPermGen: 13627K->13627K(21504K)], 0.0739210 secs] [Times: user=0.52 sys=0.00, real=0.08 secs] 
155.513: Total time for which application threads were stopped: 0.0745780 seconds, Stopping threads took: 0.0000630 seconds
155.538: Application time: 0.0248400 seconds
155.539: [Full GC [PSYoungGen: 138752K->33875K(161280K)] [ParOldGen: 367552K->367552K(367616K)] 506304K->401428K(528896K) [PSPermGen: 13627K->13627K(21504K)], 0.0734740 secs] [Times: user=0.52 sys=0.00, real=0.08 secs] 
155.612: Total time for which application threads were stopped: 0.0741040 seconds, Stopping threads took: 0.0000610 seconds
155.637: Application time: 0.0248490 seconds
155.638: [Full GC [PSYoungGen: 138752K->33833K(161280K)] [ParOldGen: 367552K->367552K(367616K)] 506304K->401386K(528896K) [PSPermGen: 13627K->13627K(21504K)], 0.0740300 secs] [Times: user=0.52 sys=0.00, real=0.08 secs] 
155.712: Total time for which application threads were stopped: 0.0746660 seconds, Stopping threads took: 0.0000780 seconds
155.717: Application time: 0.0052470 seconds
155.720: Total time for which application threads were stopped: 0.0027400 seconds, Stopping threads took: 0.0022320 seconds
155.741: Application time: 0.0206500 seconds
155.741: [Full GC [PSYoungGen: 138752K->33732K(161280K)] [ParOldGen: 367552K->367552K(367616K)] 506304K->401284K(528896K) [PSPermGen: 13627K->13627K(21504K)], 0.1131660 secs] [Times: user=0.83 sys=0.00, real=0.12 secs] 
155.854: Total time for which application threads were stopped: 0.1138160 seconds, Stopping threads took: 0.0000720 seconds
155.880: Application time: 0.0252950 seconds
155.880: [Full GC [PSYoungGen: 138752K->33730K(161280K)] [ParOldGen: 367552K->367552K(367616K)] 506304K->401282K(528896K) [PSPermGen: 13627K->13627K(21504K)], 0.0902770 secs] [Times: user=0.65 sys=0.00, real=0.09 secs] 
155.971: Total time for which application threads were stopped: 0.0909710 seconds, Stopping threads took: 0.0000870 seconds
155.996: Application time: 0.0250290 seconds
155.996: [Full GC [PSYoungGen: 138752K->33747K(161280K)] [ParOldGen: 367552K->367552K(367616K)] 506304K->401299K(528896K) [PSPermGen: 13627K->13627K(21504K)], 0.0738190 secs] [Times: user=0.52 sys=0.00, real=0.07 secs] 
156.070: Total time for which application threads were stopped: 0.0746740 seconds, Stopping threads took: 0.0002490 seconds
156.096: Application time: 0.0252860 seconds
156.096: [Full GC [PSYoungGen: 138752K->33759K(161280K)] [ParOldGen: 367552K->367552K(367616K)] 506304K->401312K(528896K) [PSPermGen: 13627K->13627K(21504K)], 0.0731470 secs] [Times: user=0.52 sys=0.00, real=0.07 secs] 
156.169: Total time for which application threads were stopped: 0.0738190 seconds, Stopping threads took: 0.0000970 seconds
156.194: Application time: 0.0249020 seconds
156.195: [Full GC [PSYoungGen: 138752K->33773K(161280K)] [ParOldGen: 367552K->367552K(367616K)] 506304K->401325K(528896K) [PSPermGen: 13627K->13627K(21504K)], 0.0746330 secs] [Times: user=0.51 sys=0.00, real=0.07 secs] 
156.270: Total time for which application threads were stopped: 0.0752820 seconds, Stopping threads took: 0.0000770 seconds
156.294: Application time: 0.0246800 seconds
156.295: [Full GC [PSYoungGen: 138752K->33788K(161280K)] [ParOldGen: 367552K->367552K(367616K)] 506304K->401340K(528896K) [PSPermGen: 13627K->13627K(21504K)], 0.0727440 secs] [Times: user=0.52 sys=0.00, real=0.07 secs] 
156.368: Total time for which application threads were stopped: 0.0733720 seconds, Stopping threads took: 0.0000500 seconds
156.392: Application time: 0.0245340 seconds
156.393: [Full GC [PSYoungGen: 138752K->33802K(161280K)] [ParOldGen: 367552K->367552K(367616K)] 506304K->401354K(528896K) [PSPermGen: 13627K->13627K(21504K)], 0.0735590 secs] [Times: user=0.52 sys=0.00, real=0.07 secs] 
156.467: Total time for which application threads were stopped: 0.0742300 seconds, Stopping threads took: 0.0000750 seconds
156.491: Application time: 0.0248420 seconds
156.492: [Full GC [PSYoungGen: 138752K->33820K(161280K)] [ParOldGen: 367552K->367552K(367616K)] 506304K->401372K(528896K) [PSPermGen: 13627K->13627K(21504K)], 0.0732710 secs] [Times: user=0.51 sys=0.00, real=0.07 secs] 
156.565: Total time for which application threads were stopped: 0.0739790 seconds, Stopping threads took: 0.0000600 seconds
156.590: Application time: 0.0247990 seconds
156.591: [Full GC [PSYoungGen: 138752K->33834K(161280K)] [ParOldGen: 367552K->367552K(367616K)] 506304K->401386K(528896K) [PSPermGen: 13627K->13627K(21504K)], 0.0734500 secs] [Times: user=0.51 sys=0.00, real=0.08 secs] 
156.664: Total time for which application threads were stopped: 0.0741090 seconds, Stopping threads took: 0.0000820 seconds
156.689: Application time: 0.0252020 seconds
156.690: [Full GC [PSYoungGen: 138752K->33850K(161280K)] [ParOldGen: 367552K->367552K(367616K)] 506304K->401402K(528896K) [PSPermGen: 13627K->13627K(21504K)], 0.0736270 secs] [Times: user=0.52 sys=0.00, real=0.08 secs] 
156.764: Total time for which application threads were stopped: 0.0743060 seconds, Stopping threads took: 0.0000920 seconds
156.789: Application time: 0.0254070 seconds
156.790: [Full GC [PSYoungGen: 138752K->33863K(161280K)] [ParOldGen: 367552K->367552K(367616K)] 506304K->401415K(528896K) [PSPermGen: 13627K->13627K(21504K)], 0.0738630 secs] [Times: user=0.52 sys=0.00, real=0.08 secs] 
156.864: Total time for which application threads were stopped: 0.0745050 seconds, Stopping threads took: 0.0000680 seconds
156.888: Application time: 0.0248110 seconds
156.889: [Full GC [PSYoungGen: 138752K->33879K(161280K)] [ParOldGen: 367552K->367552K(367616K)] 506304K->401432K(528896K) [PSPermGen: 13627K->13627K(21504K)], 0.0729000 secs] [Times: user=0.51 sys=0.00, real=0.07 secs] 
156.962: Total time for which application threads were stopped: 0.0735790 seconds, Stopping threads took: 0.0000800 seconds
156.987: Application time: 0.0247380 seconds
156.987: [Full GC [PSYoungGen: 138752K->33894K(161280K)] [ParOldGen: 367552K->367552K(367616K)] 506304K->401446K(528896K) [PSPermGen: 13627K->13627K(21504K)], 0.0732270 secs] [Times: user=0.51 sys=0.00, real=0.07 secs] 
157.061: Total time for which application threads were stopped: 0.0739090 seconds, Stopping threads took: 0.0000760 seconds
157.086: Application time: 0.0248460 seconds
157.086: [Full GC [PSYoungGen: 138752K->33907K(161280K)] [ParOldGen: 367552K->367552K(367616K)] 506304K->401459K(528896K) [PSPermGen: 13627K->13627K(21504K)], 0.0725040 secs] [Times: user=0.51 sys=0.00, real=0.07 secs] 
157.159: Total time for which application threads were stopped: 0.0731600 seconds, Stopping threads took: 0.0000750 seconds
157.184: Application time: 0.0247930 seconds
157.184: [Full GC [PSYoungGen: 138752K->33924K(161280K)] [ParOldGen: 367552K->367552K(367616K)] 506304K->401476K(528896K) [PSPermGen: 13627K->13627K(21504K)], 0.0736170 secs] [Times: user=0.51 sys=0.00, real=0.07 secs] 
157.258: Total time for which application threads were stopped: 0.0742580 seconds, Stopping threads took: 0.0000670 seconds
157.279: Application time: 0.0211060 seconds
157.279: Total time for which application threads were stopped: 0.0005510 seconds, Stopping threads took: 0.0000560 seconds
157.284: Application time: 0.0043120 seconds
157.284: [Full GC [PSYoungGen: 138752K->33835K(161280K)] [ParOldGen: 367552K->367551K(367616K)] 506304K->401387K(528896K) [PSPermGen: 13627K->13627K(21504K)], 0.1298360 secs] [Times: user=0.95 sys=0.00, real=0.13 secs] 
157.414: Total time for which application threads were stopped: 0.1304650 seconds, Stopping threads took: 0.0000800 seconds
157.442: Application time: 0.0276560 seconds
157.443: [Full GC [PSYoungGen: 138752K->33835K(161280K)] [ParOldGen: 367551K->367551K(367616K)] 506303K->401386K(528896K) [PSPermGen: 13627K->13627K(21504K)], 0.0906040 secs] [Times: user=0.66 sys=0.00, real=0.10 secs] 
157.533: Total time for which application threads were stopped: 0.0913750 seconds, Stopping threads took: 0.0001780 seconds
157.558: Application time: 0.0248900 seconds
157.559: [Full GC [PSYoungGen: 138752K->33850K(161280K)] [ParOldGen: 367551K->367551K(367616K)] 506303K->401402K(528896K) [PSPermGen: 13627K->13627K(21504K)], 0.0729500 secs] [Times: user=0.51 sys=0.00, real=0.08 secs] 
157.632: Total time for which application threads were stopped: 0.0735960 seconds, Stopping threads took: 0.0000820 seconds
157.657: Application time: 0.0256030 seconds
157.658: [Full GC [PSYoungGen: 138752K->33863K(161280K)] [ParOldGen: 367551K->367551K(367616K)] 506303K->401414K(528896K) [PSPermGen: 13627K->13627K(21504K)], 0.0726370 secs] [Times: user=0.51 sys=0.00, real=0.07 secs] 
157.731: Total time for which application threads were stopped: 0.0733250 seconds, Stopping threads took: 0.0000600 seconds
157.756: Application time: 0.0251700 seconds
157.756: [Full GC [PSYoungGen: 138752K->33880K(161280K)] [ParOldGen: 367551K->367551K(367616K)] 506303K->401432K(528896K) [PSPermGen: 13627K->13627K(21504K)], 0.0738010 secs] [Times: user=0.51 sys=0.00, real=0.07 secs] 
157.830: Total time for which application threads were stopped: 0.0744310 seconds, Stopping threads took: 0.0000570 seconds
157.847: Application time: 0.0164320 seconds
157.847: Total time for which application threads were stopped: 0.0005770 seconds, Stopping threads took: 0.0000390 seconds
157.848: Application time: 0.0002770 seconds
157.848: Total time for which application threads were stopped: 0.0001700 seconds, Stopping threads took: 0.0000360 seconds
157.861: Application time: 0.0133480 seconds
157.862: [Full GC [PSYoungGen: 138752K->33579K(161280K)] [ParOldGen: 367551K->367550K(367616K)] 506303K->401129K(528896K) [PSPermGen: 13627K->13627K(21504K)], 0.1293850 secs] [Times: user=0.94 sys=0.00, real=0.13 secs] 
157.991: Total time for which application threads were stopped: 0.1300500 seconds, Stopping threads took: 0.0000740 seconds
158.024: Application time: 0.0324610 seconds
158.024: [Full GC [PSYoungGen: 138752K->33548K(161280K)] [ParOldGen: 367550K->367550K(367616K)] 506302K->401098K(528896K) [PSPermGen: 13627K->13627K(21504K)], 0.0897170 secs] [Times: user=0.64 sys=0.00, real=0.09 secs] 
158.114: Total time for which application threads were stopped: 0.0903980 seconds, Stopping threads took: 0.0001070 seconds
158.138: Application time: 0.0236910 seconds
158.138: Total time for which application threads were stopped: 0.0005980 seconds, Stopping threads took: 0.0001000 seconds
158.150: Application time: 0.0120910 seconds
158.151: [Full GC [PSYoungGen: 138752K->33458K(161280K)] [ParOldGen: 367550K->367549K(367616K)] 506302K->401007K(528896K) [PSPermGen: 13627K->13627K(21504K)], 0.0901750 secs] [Times: user=0.64 sys=0.00, real=0.09 secs] 
158.241: Total time for which application threads were stopped: 0.0908240 seconds, Stopping threads took: 0.0000750 seconds
158.314: Application time: 0.0728300 seconds
158.315: Total time for which application threads were stopped: 0.0005290 seconds, Stopping threads took: 0.0000160 seconds
158.320: Application time: 0.0056320 seconds
158.321: [Full GC [PSYoungGen: 138752K->33653K(161280K)] [ParOldGen: 367549K->367546K(367616K)] 506301K->401200K(528896K) [PSPermGen: 13642K->13642K(21504K)], 0.1329340 secs] [Times: user=0.96 sys=0.00, real=0.14 secs] 
158.454: Total time for which application threads were stopped: 0.1335720 seconds, Stopping threads took: 0.0000200 seconds
158.477: Application time: 0.0232510 seconds
158.478: [Full GC [PSYoungGen: 138752K->33636K(161280K)] [ParOldGen: 367546K->367546K(367616K)] 506298K->401183K(528896K) [PSPermGen: 13642K->13642K(21504K)], 0.0892080 secs] [Times: user=0.63 sys=0.01, real=0.09 secs] 
158.567: Total time for which application threads were stopped: 0.0898300 seconds, Stopping threads took: 0.0000430 seconds
158.591: Application time: 0.0242550 seconds
158.592: [Full GC [PSYoungGen: 138752K->33654K(161280K)] [ParOldGen: 367546K->367546K(367616K)] 506298K->401200K(528896K) [PSPermGen: 13642K->13642K(21504K)], 0.0733560 secs] [Times: user=0.50 sys=0.00, real=0.07 secs] 
158.665: Total time for which application threads were stopped: 0.0739880 seconds, Stopping threads took: 0.0000430 seconds
158.689: Application time: 0.0239290 seconds
158.690: [Full GC [PSYoungGen: 138752K->33671K(161280K)] [ParOldGen: 367546K->367546K(367616K)] 506298K->401218K(528896K) [PSPermGen: 13642K->13642K(21504K)], 0.0813960 secs] [Times: user=0.57 sys=0.00, real=0.08 secs] 
158.771: Total time for which application threads were stopped: 0.0820490 seconds, Stopping threads took: 0.0000450 seconds
158.795: Application time: 0.0233810 seconds
158.795: [Full GC [PSYoungGen: 138752K->33682K(161280K)] [ParOldGen: 367546K->367546K(367616K)] 506298K->401229K(528896K) [PSPermGen: 13642K->13642K(21504K)], 0.0733550 secs] [Times: user=0.52 sys=0.00, real=0.07 secs] 
158.868: Total time for which application threads were stopped: 0.0739700 seconds, Stopping threads took: 0.0000390 seconds
158.892: Application time: 0.0233650 seconds
158.892: [Full GC [PSYoungGen: 138752K->33697K(161280K)] [ParOldGen: 367546K->367546K(367616K)] 506298K->401244K(528896K) [PSPermGen: 13642K->13642K(21504K)], 0.0733660 secs] [Times: user=0.52 sys=0.00, real=0.07 secs] 
158.966: Total time for which application threads were stopped: 0.0739850 seconds, Stopping threads took: 0.0000350 seconds
158.989: Application time: 0.0231360 seconds
158.990: [Full GC [PSYoungGen: 138752K->33713K(161280K)] [ParOldGen: 367546K->367546K(367616K)] 506298K->401260K(528896K) [PSPermGen: 13642K->13642K(21504K)], 0.0724730 secs] [Times: user=0.52 sys=0.00, real=0.07 secs] 
159.062: Total time for which application threads were stopped: 0.0731010 seconds, Stopping threads took: 0.0000470 seconds
159.085: Application time: 0.0232290 seconds
159.086: [Full GC [PSYoungGen: 138752K->33729K(161280K)] [ParOldGen: 367546K->367546K(367616K)] 506298K->401276K(528896K) [PSPermGen: 13642K->13642K(21504K)], 0.0725300 secs] [Times: user=0.52 sys=0.00, real=0.07 secs] 
159.158: Total time for which application threads were stopped: 0.0731550 seconds, Stopping threads took: 0.0000420 seconds
159.182: Application time: 0.0231450 seconds
159.182: [Full GC [PSYoungGen: 138752K->33743K(161280K)] [ParOldGen: 367546K->367546K(367616K)] 506298K->401290K(528896K) [PSPermGen: 13642K->13642K(21504K)], 0.0732510 secs] [Times: user=0.51 sys=0.00, real=0.08 secs] 
159.255: Total time for which application threads were stopped: 0.0738670 seconds, Stopping threads took: 0.0000400 seconds
159.279: Application time: 0.0233870 seconds
159.280: [Full GC [PSYoungGen: 138752K->33758K(161280K)] [ParOldGen: 367546K->367546K(367616K)] 506298K->401305K(528896K) [PSPermGen: 13642K->13642K(21504K)], 0.0745450 secs] [Times: user=0.50 sys=0.00, real=0.08 secs] 
159.355: Total time for which application threads were stopped: 0.0756690 seconds, Stopping threads took: 0.0004860 seconds
159.378: Application time: 0.0237290 seconds
159.379: [Full GC [PSYoungGen: 138752K->33770K(161280K)] [ParOldGen: 367546K->367546K(367616K)] 506298K->401317K(528896K) [PSPermGen: 13642K->13642K(21504K)], 0.0727650 secs] [Times: user=0.51 sys=0.00, real=0.08 secs] 
159.452: Total time for which application threads were stopped: 0.0733790 seconds, Stopping threads took: 0.0000400 seconds
159.475: Application time: 0.0234070 seconds
159.476: [Full GC [PSYoungGen: 138752K->33788K(161280K)] [ParOldGen: 367546K->367546K(367616K)] 506298K->401335K(528896K) [PSPermGen: 13642K->13642K(21504K)], 0.0729010 secs] [Times: user=0.52 sys=0.00, real=0.07 secs] 
159.549: Total time for which application threads were stopped: 0.0735450 seconds, Stopping threads took: 0.0000450 seconds
159.572: Application time: 0.0233560 seconds
159.573: [Full GC [PSYoungGen: 138752K->33803K(161280K)] [ParOldGen: 367546K->367546K(367616K)] 506298K->401350K(528896K) [PSPermGen: 13642K->13642K(21504K)], 0.0744930 secs] [Times: user=0.53 sys=0.00, real=0.07 secs] 
159.647: Total time for which application threads were stopped: 0.0751240 seconds, Stopping threads took: 0.0000440 seconds
159.670: Application time: 0.0230360 seconds
159.671: [Full GC [PSYoungGen: 138752K->33813K(161280K)] [ParOldGen: 367546K->367546K(367616K)] 506298K->401360K(528896K) [PSPermGen: 13642K->13642K(21504K)], 0.0732170 secs] [Times: user=0.50 sys=0.00, real=0.08 secs] 
159.744: Total time for which application threads were stopped: 0.0738400 seconds, Stopping threads took: 0.0000470 seconds
159.767: Application time: 0.0233470 seconds
159.768: [Full GC [PSYoungGen: 138752K->33832K(161280K)] [ParOldGen: 367546K->367546K(367616K)] 506298K->401379K(528896K) [PSPermGen: 13642K->13642K(21504K)], 0.0729480 secs] [Times: user=0.51 sys=0.00, real=0.07 secs] 
159.841: Total time for which application threads were stopped: 0.0735680 seconds, Stopping threads took: 0.0000350 seconds
159.864: Application time: 0.0232610 seconds
159.868: [Full GC [PSYoungGen: 138752K->33846K(161280K)] [ParOldGen: 367546K->367546K(367616K)] 506298K->401393K(528896K) [PSPermGen: 13642K->13642K(21504K)], 0.0731590 secs] [Times: user=0.52 sys=0.00, real=0.07 secs] 
159.941: Total time for which application threads were stopped: 0.0769650 seconds, Stopping threads took: 0.0031950 seconds
159.964: Application time: 0.0232730 seconds
159.965: [Full GC [PSYoungGen: 138752K->33860K(161280K)] [ParOldGen: 367546K->367546K(367616K)] 506298K->401407K(528896K) [PSPermGen: 13642K->13642K(21504K)], 0.0729990 secs] [Times: user=0.52 sys=0.00, real=0.07 secs] 
160.038: Total time for which application threads were stopped: 0.0736290 seconds, Stopping threads took: 0.0000470 seconds
160.061: Application time: 0.0230930 seconds
160.062: [Full GC [PSYoungGen: 138752K->33878K(161280K)] [ParOldGen: 367546K->367546K(367616K)] 506298K->401424K(528896K) [PSPermGen: 13642K->13642K(21504K)], 0.0726740 secs] [Times: user=0.51 sys=0.00, real=0.08 secs] 
160.134: Total time for which application threads were stopped: 0.0733030 seconds, Stopping threads took: 0.0000440 seconds
160.157: Application time: 0.0228050 seconds
160.158: [Full GC [PSYoungGen: 138752K->33892K(161280K)] [ParOldGen: 367546K->367546K(367616K)] 506298K->401439K(528896K) [PSPermGen: 13642K->13642K(21504K)], 0.0731150 secs] [Times: user=0.51 sys=0.00, real=0.07 secs] 
160.231: Total time for which application threads were stopped: 0.0737360 seconds, Stopping threads took: 0.0000410 seconds
160.254: Application time: 0.0233520 seconds
160.255: [Full GC [PSYoungGen: 138752K->33907K(161280K)] [ParOldGen: 367546K->367546K(367616K)] 506298K->401454K(528896K) [PSPermGen: 13642K->13642K(21504K)], 0.0758190 secs] [Times: user=0.50 sys=0.00, real=0.07 secs] 
160.331: Total time for which application threads were stopped: 0.0764440 seconds, Stopping threads took: 0.0000440 seconds
160.354: Application time: 0.0231920 seconds
160.355: [Full GC [PSYoungGen: 138752K->33924K(161280K)] [ParOldGen: 367546K->367546K(367616K)] 506298K->401470K(528896K) [PSPermGen: 13642K->13642K(21504K)], 0.0726130 secs] [Times: user=0.52 sys=0.00, real=0.07 secs] 
160.427: Total time for which application threads were stopped: 0.0732320 seconds, Stopping threads took: 0.0000360 seconds
160.451: Application time: 0.0232990 seconds
160.451: [Full GC [PSYoungGen: 138752K->33936K(161280K)] [ParOldGen: 367546K->367546K(367616K)] 506298K->401483K(528896K) [PSPermGen: 13642K->13642K(21504K)], 0.0728920 secs] [Times: user=0.52 sys=0.00, real=0.08 secs] 
160.524: Total time for which application threads were stopped: 0.0736050 seconds, Stopping threads took: 0.0000430 seconds
160.547: Application time: 0.0232850 seconds
160.548: [Full GC [PSYoungGen: 138752K->33953K(161280K)] [ParOldGen: 367546K->367546K(367616K)] 506298K->401500K(528896K) [PSPermGen: 13642K->13642K(21504K)], 0.0736150 secs] [Times: user=0.51 sys=0.00, real=0.07 secs] 
160.622: Total time for which application threads were stopped: 0.0742470 seconds, Stopping threads took: 0.0000440 seconds
160.646: Application time: 0.0239690 seconds
160.646: [Full GC [PSYoungGen: 138752K->33968K(161280K)] [ParOldGen: 367546K->367546K(367616K)] 506298K->401515K(528896K) [PSPermGen: 13642K->13642K(21504K)], 0.0729820 secs] [Times: user=0.51 sys=0.00, real=0.07 secs] 
160.719: Total time for which application threads were stopped: 0.0736450 seconds, Stopping threads took: 0.0000700 seconds
160.743: Application time: 0.0232590 seconds
160.743: [Full GC [PSYoungGen: 138752K->33981K(161280K)] [ParOldGen: 367546K->367546K(367616K)] 506298K->401527K(528896K) [PSPermGen: 13642K->13642K(21504K)], 0.0732740 secs] [Times: user=0.50 sys=0.00, real=0.08 secs] 
160.816: Total time for which application threads were stopped: 0.0739040 seconds, Stopping threads took: 0.0000410 seconds
160.840: Application time: 0.0234990 seconds
160.841: [Full GC [PSYoungGen: 138752K->33996K(161280K)] [ParOldGen: 367546K->367546K(367616K)] 506298K->401543K(528896K) [PSPermGen: 13642K->13642K(21504K)], 0.0735760 secs] [Times: user=0.52 sys=0.00, real=0.08 secs] 
160.914: Total time for which application threads were stopped: 0.0741920 seconds, Stopping threads took: 0.0000360 seconds
160.938: Application time: 0.0234370 seconds
160.940: [Full GC [PSYoungGen: 138752K->34010K(161280K)] [ParOldGen: 367546K->367546K(367616K)] 506298K->401557K(528896K) [PSPermGen: 13642K->13642K(21504K)], 0.0727490 secs] [Times: user=0.51 sys=0.00, real=0.08 secs] 
161.013: Total time for which application threads were stopped: 0.0751070 seconds, Stopping threads took: 0.0017730 seconds
161.036: Application time: 0.0234330 seconds
161.040: [Full GC [PSYoungGen: 138752K->34023K(161280K)] [ParOldGen: 367546K->367546K(367616K)] 506298K->401570K(528896K) [PSPermGen: 13642K->13642K(21504K)], 0.0726680 secs] [Times: user=0.51 sys=0.00, real=0.08 secs] 
161.113: Total time for which application threads were stopped: 0.0764890 seconds, Stopping threads took: 0.0032300 seconds
161.136: Application time: 0.0234510 seconds
161.140: [Full GC [PSYoungGen: 138752K->34040K(161280K)] [ParOldGen: 367546K->367546K(367616K)] 506298K->401587K(528896K) [PSPermGen: 13642K->13642K(21504K)], 0.0731170 secs] [Times: user=0.52 sys=0.00, real=0.08 secs] 
161.213: Total time for which application threads were stopped: 0.0770500 seconds, Stopping threads took: 0.0032800 seconds
161.236: Application time: 0.0232190 seconds
161.240: [Full GC [PSYoungGen: 138752K->34055K(161280K)] [ParOldGen: 367546K->367546K(367616K)] 506298K->401602K(528896K) [PSPermGen: 13642K->13642K(21504K)], 0.0747120 secs] [Times: user=0.53 sys=0.00, real=0.08 secs] 
161.315: Total time for which application threads were stopped: 0.0783690 seconds, Stopping threads took: 0.0030160 seconds
161.338: Application time: 0.0230690 seconds
161.340: [Full GC [PSYoungGen: 138752K->34069K(161280K)] [ParOldGen: 367546K->367546K(367616K)] 506298K->401616K(528896K) [PSPermGen: 13642K->13642K(21504K)], 0.0730190 secs] [Times: user=0.51 sys=0.00, real=0.08 secs] 
161.413: Total time for which application threads were stopped: 0.0751800 seconds, Stopping threads took: 0.0015860 seconds
161.436: Application time: 0.0233900 seconds
161.437: [Full GC [PSYoungGen: 138752K->34084K(161280K)] [ParOldGen: 367546K->367546K(367616K)] 506298K->401631K(528896K) [PSPermGen: 13642K->13642K(21504K)], 0.0730080 secs] [Times: user=0.51 sys=0.00, real=0.07 secs] 
161.510: Total time for which application threads were stopped: 0.0736270 seconds, Stopping threads took: 0.0000360 seconds
161.533: Application time: 0.0234050 seconds
161.534: [Full GC [PSYoungGen: 138752K->34104K(161280K)] [ParOldGen: 367546K->367546K(367616K)] 506298K->401651K(528896K) [PSPermGen: 13642K->13642K(21504K)], 0.0730700 secs] [Times: user=0.51 sys=0.00, real=0.07 secs] 
161.607: Total time for which application threads were stopped: 0.0736990 seconds, Stopping threads took: 0.0000490 seconds
161.631: Application time: 0.0235250 seconds
161.631: [Full GC [PSYoungGen: 138752K->34121K(161280K)] [ParOldGen: 367546K->367546K(367616K)] 506298K->401668K(528896K) [PSPermGen: 13642K->13642K(21504K)], 0.0738880 secs] [Times: user=0.52 sys=0.00, real=0.08 secs] 
161.705: Total time for which application threads were stopped: 0.0745340 seconds, Stopping threads took: 0.0000360 seconds
161.729: Application time: 0.0233340 seconds
161.729: [Full GC [PSYoungGen: 138752K->34134K(161280K)] [ParOldGen: 367546K->367546K(367616K)] 506298K->401681K(528896K) [PSPermGen: 13642K->13642K(21504K)], 0.0737580 secs] [Times: user=0.49 sys=0.00, real=0.07 secs] 
161.803: Total time for which application threads were stopped: 0.0743770 seconds, Stopping threads took: 0.0000430 seconds
161.826: Application time: 0.0235050 seconds
161.828: [Full GC [PSYoungGen: 138752K->34150K(161280K)] [ParOldGen: 367546K->367546K(367616K)] 506298K->401696K(528896K) [PSPermGen: 13642K->13642K(21504K)], 0.0740730 secs] [Times: user=0.52 sys=0.00, real=0.07 secs] 
161.902: Total time for which application threads were stopped: 0.0758270 seconds, Stopping threads took: 0.0011760 seconds
161.926: Application time: 0.0235950 seconds
161.928: [Full GC [PSYoungGen: 138752K->34164K(161280K)] [ParOldGen: 367546K->367546K(367616K)] 506298K->401711K(528896K) [PSPermGen: 13642K->13642K(21504K)], 0.0729630 secs] [Times: user=0.52 sys=0.00, real=0.07 secs] 
162.001: Total time for which application threads were stopped: 0.0750760 seconds, Stopping threads took: 0.0015410 seconds
162.027: Application time: 0.0261460 seconds
162.028: [Full GC [PSYoungGen: 138752K->34235K(161280K)] [ParOldGen: 367546K->367546K(367616K)] 506298K->401782K(528896K) [PSPermGen: 13642K->13642K(21504K)], 0.0730160 secs] [Times: user=0.52 sys=0.00, real=0.07 secs] 
162.101: Total time for which application threads were stopped: 0.0737080 seconds, Stopping threads took: 0.0000480 seconds
162.125: Application time: 0.0245020 seconds
162.126: [Full GC [PSYoungGen: 138752K->33739K(161280K)] [ParOldGen: 367546K->367546K(367616K)] 506298K->401286K(528896K) [PSPermGen: 13642K->13642K(21504K)], 0.0732340 secs] [Times: user=0.51 sys=0.00, real=0.07 secs] 
162.199: Total time for which application threads were stopped: 0.0739310 seconds, Stopping threads took: 0.0000550 seconds
162.222: Application time: 0.0231750 seconds
162.224: [Full GC [PSYoungGen: 138752K->33647K(161280K)] [ParOldGen: 367546K->367546K(367616K)] 506298K->401194K(528896K) [PSPermGen: 13642K->13642K(21504K)], 0.0725490 secs] [Times: user=0.51 sys=0.00, real=0.07 secs] 
162.297: Total time for which application threads were stopped: 0.0741410 seconds, Stopping threads took: 0.0009890 seconds
162.321: Application time: 0.0243070 seconds
162.321: [Full GC [PSYoungGen: 138752K->33661K(161280K)] [ParOldGen: 367546K->367546K(367616K)] 506298K->401208K(528896K) [PSPermGen: 13642K->13642K(21504K)], 0.0725100 secs] [Times: user=0.51 sys=0.00, real=0.08 secs] 
162.394: Total time for which application threads were stopped: 0.0731910 seconds, Stopping threads took: 0.0000550 seconds
162.417: Application time: 0.0231400 seconds
162.418: [Full GC [PSYoungGen: 138752K->33677K(161280K)] [ParOldGen: 367546K->367546K(367616K)] 506298K->401224K(528896K) [PSPermGen: 13642K->13642K(21504K)], 0.0725720 secs] [Times: user=0.51 sys=0.01, real=0.07 secs] 
162.490: Total time for which application threads were stopped: 0.0732070 seconds, Stopping threads took: 0.0000600 seconds
162.514: Application time: 0.0236770 seconds
162.515: [Full GC [PSYoungGen: 138752K->33693K(161280K)] [ParOldGen: 367546K->367546K(367616K)] 506298K->401240K(528896K) [PSPermGen: 13642K->13642K(21504K)], 0.0723680 secs] [Times: user=0.51 sys=0.00, real=0.07 secs] 
162.587: Total time for which application threads were stopped: 0.0729960 seconds, Stopping threads took: 0.0000460 seconds
162.611: Application time: 0.0239260 seconds
162.612: [Full GC [PSYoungGen: 138752K->33708K(161280K)] [ParOldGen: 367546K->367546K(367616K)] 506298K->401255K(528896K) [PSPermGen: 13642K->13642K(21504K)], 0.0732510 secs] [Times: user=0.51 sys=0.01, real=0.07 secs] 
162.685: Total time for which application threads were stopped: 0.0738830 seconds, Stopping threads took: 0.0000410 seconds
162.709: Application time: 0.0236920 seconds
162.709: [Full GC [PSYoungGen: 138752K->33722K(161280K)] [ParOldGen: 367546K->367546K(367616K)] 506298K->401269K(528896K) [PSPermGen: 13642K->13642K(21504K)], 0.0726300 secs] [Times: user=0.51 sys=0.01, real=0.07 secs] 
162.782: Total time for which application threads were stopped: 0.0733110 seconds, Stopping threads took: 0.0000380 seconds
162.806: Application time: 0.0237700 seconds
162.806: [Full GC [PSYoungGen: 138752K->33738K(161280K)] [ParOldGen: 367546K->367546K(367616K)] 506298K->401285K(528896K) [PSPermGen: 13642K->13642K(21504K)], 0.0731730 secs] [Times: user=0.52 sys=0.00, real=0.07 secs] 
162.879: Total time for which application threads were stopped: 0.0738220 seconds, Stopping threads took: 0.0000420 seconds
162.903: Application time: 0.0238560 seconds
162.904: [Full GC [PSYoungGen: 138752K->33754K(161280K)] [ParOldGen: 367546K->367546K(367616K)] 506298K->401301K(528896K) [PSPermGen: 13642K->13642K(21504K)], 0.0732870 secs] [Times: user=0.51 sys=0.00, real=0.07 secs] 
162.977: Total time for which application threads were stopped: 0.0739370 seconds, Stopping threads took: 0.0000530 seconds
163.001: Application time: 0.0234240 seconds
163.001: [Full GC [PSYoungGen: 138752K->33769K(161280K)] [ParOldGen: 367546K->367546K(367616K)] 506298K->401316K(528896K) [PSPermGen: 13642K->13642K(21504K)], 0.0730190 secs] [Times: user=0.51 sys=0.00, real=0.08 secs] 
163.074: Total time for which application threads were stopped: 0.0736460 seconds, Stopping threads took: 0.0000470 seconds
163.098: Application time: 0.0237230 seconds
163.100: [Full GC [PSYoungGen: 138752K->33780K(161280K)] [ParOldGen: 367546K->367546K(367616K)] 506298K->401327K(528896K) [PSPermGen: 13642K->13642K(21504K)], 0.0727930 secs] [Times: user=0.51 sys=0.00, real=0.08 secs] 
163.173: Total time for which application threads were stopped: 0.0746690 seconds, Stopping threads took: 0.0012910 seconds
163.196: Application time: 0.0235620 seconds
163.200: [Full GC [PSYoungGen: 138752K->33799K(161280K)] [ParOldGen: 367546K->367437K(367616K)] 506298K->401237K(528896K) [PSPermGen: 13642K->13642K(21504K)], 0.2318660 secs] [Times: user=1.70 sys=0.01, real=0.24 secs] 
163.432: Total time for which application threads were stopped: 0.2355060 seconds, Stopping threads took: 0.0030540 seconds
163.455: Application time: 0.0232640 seconds
163.463: [Full GC [PSYoungGen: 138752K->33812K(161280K)] [ParOldGen: 367437K->367437K(367616K)] 506189K->401249K(528896K) [PSPermGen: 13642K->13642K(21504K)], 0.0728780 secs] [Times: user=0.52 sys=0.00, real=0.08 secs] 
163.536: Total time for which application threads were stopped: 0.0807780 seconds, Stopping threads took: 0.0072490 seconds
163.560: Application time: 0.0242820 seconds
163.561: [Full GC [PSYoungGen: 138752K->33828K(161280K)] [ParOldGen: 367437K->367437K(367616K)] 506189K->401265K(528896K) [PSPermGen: 13642K->13642K(21504K)], 0.0737860 secs] [Times: user=0.51 sys=0.00, real=0.08 secs] 
163.635: Total time for which application threads were stopped: 0.0744180 seconds, Stopping threads took: 0.0000540 seconds
163.659: Application time: 0.0247030 seconds
163.660: [Full GC [PSYoungGen: 138752K->33842K(161280K)] [ParOldGen: 367437K->367437K(367616K)] 506189K->401279K(528896K) [PSPermGen: 13642K->13642K(21504K)], 0.0731800 secs] [Times: user=0.51 sys=0.00, real=0.08 secs] 
163.733: Total time for which application threads were stopped: 0.0738230 seconds, Stopping threads took: 0.0000400 seconds
163.757: Application time: 0.0238870 seconds
163.758: [Full GC [PSYoungGen: 138752K->33858K(161280K)] [ParOldGen: 367437K->367437K(367616K)] 506189K->401295K(528896K) [PSPermGen: 13642K->13642K(21504K)], 0.0795780 secs] [Times: user=0.55 sys=0.00, real=0.08 secs] 
163.837: Total time for which application threads were stopped: 0.0801970 seconds, Stopping threads took: 0.0000430 seconds
163.861: Application time: 0.0237440 seconds
163.861: [Full GC [PSYoungGen: 138752K->33872K(161280K)] [ParOldGen: 367437K->367437K(367616K)] 506189K->401310K(528896K) [PSPermGen: 13642K->13642K(21504K)], 0.0738020 secs] [Times: user=0.52 sys=0.00, real=0.08 secs] 
163.935: Total time for which application threads were stopped: 0.0744350 seconds, Stopping threads took: 0.0000350 seconds
163.959: Application time: 0.0239140 seconds
163.964: [Full GC [PSYoungGen: 138752K->33887K(161280K)] [ParOldGen: 367437K->367437K(367616K)] 506189K->401324K(528896K) [PSPermGen: 13642K->13642K(21504K)], 0.0731470 secs] [Times: user=0.52 sys=0.00, real=0.07 secs] 
164.037: Total time for which application threads were stopped: 0.0778910 seconds, Stopping threads took: 0.0040740 seconds
164.061: Application time: 0.0235090 seconds
164.061: [Full GC [PSYoungGen: 138752K->33903K(161280K)] [ParOldGen: 367437K->367437K(367616K)] 506189K->401340K(528896K) [PSPermGen: 13642K->13642K(21504K)], 0.0733590 secs] [Times: user=0.52 sys=0.00, real=0.08 secs] 
164.135: Total time for which application threads were stopped: 0.0739950 seconds, Stopping threads took: 0.0000470 seconds
164.158: Application time: 0.0232740 seconds
164.160: [Full GC [PSYoungGen: 138752K->33918K(161280K)] [ParOldGen: 367437K->367437K(367616K)] 506189K->401355K(528896K) [PSPermGen: 13642K->13642K(21504K)], 0.0738410 secs] [Times: user=0.52 sys=0.00, real=0.08 secs] 
164.234: Total time for which application threads were stopped: 0.0758020 seconds, Stopping threads took: 0.0013940 seconds
164.258: Application time: 0.0241080 seconds
164.258: [Full GC [PSYoungGen: 138752K->33933K(161280K)] [ParOldGen: 367437K->367437K(367616K)] 506189K->401371K(528896K) [PSPermGen: 13642K->13642K(21504K)], 0.0735230 secs] [Times: user=0.51 sys=0.00, real=0.08 secs] 
164.332: Total time for which application threads were stopped: 0.0741480 seconds, Stopping threads took: 0.0000490 seconds
164.356: Application time: 0.0239200 seconds
164.357: [Full GC [PSYoungGen: 138752K->33949K(161280K)] [ParOldGen: 367437K->367437K(367616K)] 506189K->401386K(528896K) [PSPermGen: 13642K->13642K(21504K)], 0.0732340 secs] [Times: user=0.52 sys=0.00, real=0.07 secs] 
164.430: Total time for which application threads were stopped: 0.0738840 seconds, Stopping threads took: 0.0000450 seconds
164.453: Application time: 0.0235560 seconds
164.454: [Full GC [PSYoungGen: 138752K->33963K(161280K)] [ParOldGen: 367437K->367437K(367616K)] 506189K->401400K(528896K) [PSPermGen: 13642K->13642K(21504K)], 0.0736130 secs] [Times: user=0.52 sys=0.00, real=0.07 secs] 
164.528: Total time for which application threads were stopped: 0.0742190 seconds, Stopping threads took: 0.0000360 seconds
164.551: Application time: 0.0234850 seconds
164.552: [Full GC [PSYoungGen: 138752K->33977K(161280K)] [ParOldGen: 367437K->367437K(367616K)] 506189K->401414K(528896K) [PSPermGen: 13642K->13642K(21504K)], 0.0733710 secs] [Times: user=0.52 sys=0.00, real=0.07 secs] 
164.625: Total time for which application threads were stopped: 0.0740360 seconds, Stopping threads took: 0.0000440 seconds
164.649: Application time: 0.0242210 seconds
164.650: [Full GC [PSYoungGen: 138752K->33990K(161280K)] [ParOldGen: 367437K->367437K(367616K)] 506189K->401427K(528896K) [PSPermGen: 13642K->13642K(21504K)], 0.0748510 secs] [Times: user=0.51 sys=0.00, real=0.08 secs] 
164.725: Total time for which application threads were stopped: 0.0754550 seconds, Stopping threads took: 0.0000410 seconds
164.748: Application time: 0.0234430 seconds
164.749: [Full GC [PSYoungGen: 138752K->34005K(161280K)] [ParOldGen: 367437K->367437K(367616K)] 506189K->401443K(528896K) [PSPermGen: 13642K->13642K(21504K)], 0.0784910 secs] [Times: user=0.52 sys=0.00, real=0.08 secs] 
164.827: Total time for which application threads were stopped: 0.0791040 seconds, Stopping threads took: 0.0000400 seconds
164.851: Application time: 0.0234610 seconds
164.852: [Full GC [PSYoungGen: 138752K->34020K(161280K)] [ParOldGen: 367437K->367437K(367616K)] 506189K->401457K(528896K) [PSPermGen: 13642K->13642K(21504K)], 0.0734590 secs] [Times: user=0.52 sys=0.00, real=0.07 secs] 
164.925: Total time for which application threads were stopped: 0.0741550 seconds, Stopping threads took: 0.0000430 seconds
164.949: Application time: 0.0239510 seconds
164.950: [Full GC [PSYoungGen: 138752K->34035K(161280K)] [ParOldGen: 367437K->367437K(367616K)] 506189K->401472K(528896K) [PSPermGen: 13642K->13642K(21504K)], 0.0736190 secs] [Times: user=0.52 sys=0.00, real=0.07 secs] 
165.023: Total time for which application threads were stopped: 0.0743030 seconds, Stopping threads took: 0.0000430 seconds
165.047: Application time: 0.0237440 seconds
165.048: [Full GC [PSYoungGen: 138752K->34051K(161280K)] [ParOldGen: 367437K->367437K(367616K)] 506189K->401488K(528896K) [PSPermGen: 13642K->13642K(21504K)], 0.0745990 secs] [Times: user=0.51 sys=0.00, real=0.07 secs] 
165.122: Total time for which application threads were stopped: 0.0752290 seconds, Stopping threads took: 0.0000520 seconds
165.146: Application time: 0.0240300 seconds
165.148: [Full GC [PSYoungGen: 138752K->34065K(161280K)] [ParOldGen: 367437K->367437K(367616K)] 506189K->401502K(528896K) [PSPermGen: 13642K->13642K(21504K)], 0.0741490 secs] [Times: user=0.52 sys=0.00, real=0.07 secs] 
165.222: Total time for which application threads were stopped: 0.0758330 seconds, Stopping threads took: 0.0010810 seconds
165.245: Application time: 0.0233390 seconds
165.246: [Full GC [PSYoungGen: 138752K->34083K(161280K)] [ParOldGen: 367437K->367437K(367616K)] 506189K->401520K(528896K) [PSPermGen: 13642K->13642K(21504K)], 0.0733210 secs] [Times: user=0.52 sys=0.00, real=0.07 secs] 
165.319: Total time for which application threads were stopped: 0.0739560 seconds, Stopping threads took: 0.0000540 seconds
165.344: Application time: 0.0247910 seconds
165.345: [Full GC [PSYoungGen: 138752K->34095K(161280K)] [ParOldGen: 367437K->367437K(367616K)] 506189K->401532K(528896K) [PSPermGen: 13642K->13642K(21504K)], 0.0752150 secs] [Times: user=0.53 sys=0.00, real=0.07 secs] 
165.420: Total time for which application threads were stopped: 0.0758860 seconds, Stopping threads took: 0.0000550 seconds
165.444: Application time: 0.0239750 seconds
165.445: [Full GC [PSYoungGen: 138752K->34113K(161280K)] [ParOldGen: 367437K->367437K(367616K)] 506189K->401550K(528896K) [PSPermGen: 13642K->13642K(21504K)], 0.0738450 secs] [Times: user=0.52 sys=0.00, real=0.07 secs] 
165.519: Total time for which application threads were stopped: 0.0744820 seconds, Stopping threads took: 0.0000460 seconds
165.546: Application time: 0.0274270 seconds
165.547: [Full GC [PSYoungGen: 138752K->34128K(161280K)] [ParOldGen: 367437K->367437K(367616K)] 506189K->401566K(528896K) [PSPermGen: 13642K->13642K(21504K)], 0.0759560 secs] [Times: user=0.51 sys=0.01, real=0.07 secs] 
165.623: Total time for which application threads were stopped: 0.0766740 seconds, Stopping threads took: 0.0000870 seconds
165.647: Application time: 0.0247930 seconds
165.648: [Full GC [PSYoungGen: 138752K->34145K(161280K)] [ParOldGen: 367437K->367437K(367616K)] 506189K->401582K(528896K) [PSPermGen: 13642K->13642K(21504K)], 0.0743210 secs] [Times: user=0.52 sys=0.00, real=0.07 secs] 
165.722: Total time for which application threads were stopped: 0.0749260 seconds, Stopping threads took: 0.0000400 seconds
165.747: Application time: 0.0244680 seconds
165.747: [Full GC [PSYoungGen: 138752K->34151K(161280K)] [ParOldGen: 367437K->367437K(367616K)] 506189K->401588K(528896K) [PSPermGen: 13642K->13642K(21504K)], 0.0730360 secs] [Times: user=0.51 sys=0.00, real=0.07 secs] 
165.821: Total time for which application threads were stopped: 0.0736640 seconds, Stopping threads took: 0.0000320 seconds
165.846: Application time: 0.0254550 seconds
165.847: [Full GC [PSYoungGen: 138752K->33941K(161280K)] [ParOldGen: 367437K->367437K(367616K)] 506189K->401379K(528896K) [PSPermGen: 13642K->13642K(21504K)], 0.0738670 secs] [Times: user=0.52 sys=0.00, real=0.07 secs] 
165.921: Total time for which application threads were stopped: 0.0745280 seconds, Stopping threads took: 0.0000930 seconds
165.944: Application time: 0.0239680 seconds
165.945: [Full GC [PSYoungGen: 138752K->33906K(161280K)] [ParOldGen: 367437K->367437K(367616K)] 506189K->401344K(528896K) [PSPermGen: 13642K->13642K(21504K)], 0.0749450 secs] [Times: user=0.49 sys=0.00, real=0.07 secs] 
166.020: Total time for which application threads were stopped: 0.0755710 seconds, Stopping threads took: 0.0000540 seconds
166.044: Application time: 0.0242330 seconds
166.045: [Full GC [PSYoungGen: 138752K->33921K(161280K)] [ParOldGen: 367437K->367437K(367616K)] 506189K->401359K(528896K) [PSPermGen: 13642K->13642K(21504K)], 0.0740080 secs] [Times: user=0.51 sys=0.00, real=0.07 secs] 
166.119: Total time for which application threads were stopped: 0.0746390 seconds, Stopping threads took: 0.0000460 seconds
166.144: Application time: 0.0250640 seconds
166.145: [Full GC [PSYoungGen: 138752K->33708K(161280K)] [ParOldGen: 367437K->367437K(367616K)] 506189K->401145K(528896K) [PSPermGen: 13642K->13642K(21504K)], 0.0747840 secs] [Times: user=0.50 sys=0.00, real=0.07 secs] 
166.219: Total time for which application threads were stopped: 0.0753970 seconds, Stopping threads took: 0.0000470 seconds
166.243: Application time: 0.0239250 seconds
166.244: [Full GC [PSYoungGen: 138752K->33670K(161280K)] [ParOldGen: 367437K->367437K(367616K)] 506189K->401107K(528896K) [PSPermGen: 13642K->13642K(21504K)], 0.0723570 secs] [Times: user=0.51 sys=0.00, real=0.07 secs] 
166.316: Total time for which application threads were stopped: 0.0730520 seconds, Stopping threads took: 0.0000410 seconds
166.341: Application time: 0.0247200 seconds
166.342: [Full GC [PSYoungGen: 138752K->33683K(161280K)] [ParOldGen: 367437K->367437K(367616K)] 506189K->401120K(528896K) [PSPermGen: 13642K->13642K(21504K)], 0.0739600 secs] [Times: user=0.51 sys=0.00, real=0.08 secs] 
166.416: Total time for which application threads were stopped: 0.0745830 seconds, Stopping threads took: 0.0000350 seconds
166.439: Application time: 0.0231600 seconds
166.439: [Full GC [PSYoungGen: 138752K->33700K(161280K)] [ParOldGen: 367437K->367437K(367616K)] 506189K->401137K(528896K) [PSPermGen: 13642K->13642K(21504K)], 0.0732210 secs] [Times: user=0.52 sys=0.00, real=0.08 secs] 
166.513: Total time for which application threads were stopped: 0.0738510 seconds, Stopping threads took: 0.0000440 seconds
166.536: Application time: 0.0234620 seconds
166.537: [Full GC [PSYoungGen: 138752K->33717K(161280K)] [ParOldGen: 367437K->367437K(367616K)] 506189K->401154K(528896K) [PSPermGen: 13642K->13642K(21504K)], 0.0732940 secs] [Times: user=0.51 sys=0.00, real=0.07 secs] 
166.610: Total time for which application threads were stopped: 0.0739270 seconds, Stopping threads took: 0.0000560 seconds
166.634: Application time: 0.0238190 seconds
166.634: [Full GC [PSYoungGen: 138752K->33730K(161280K)] [ParOldGen: 367437K->367437K(367616K)] 506189K->401167K(528896K) [PSPermGen: 13642K->13642K(21504K)], 0.0739930 secs] [Times: user=0.52 sys=0.00, real=0.07 secs] 
166.709: Total time for which application threads were stopped: 0.0746020 seconds, Stopping threads took: 0.0000340 seconds
166.732: Application time: 0.0237270 seconds
166.733: [Full GC [PSYoungGen: 138752K->33743K(161280K)] [ParOldGen: 367437K->367437K(367616K)] 506189K->401181K(528896K) [PSPermGen: 13642K->13642K(21504K)], 0.0735560 secs] [Times: user=0.52 sys=0.00, real=0.07 secs] 
166.806: Total time for which application threads were stopped: 0.0741990 seconds, Stopping threads took: 0.0000510 seconds
166.830: Application time: 0.0234920 seconds
166.831: [Full GC [PSYoungGen: 138752K->33756K(161280K)] [ParOldGen: 367437K->367437K(367616K)] 506189K->401193K(528896K) [PSPermGen: 13642K->13642K(21504K)], 0.0747010 secs] [Times: user=0.52 sys=0.00, real=0.08 secs] 
166.905: Total time for which application threads were stopped: 0.0753880 seconds, Stopping threads took: 0.0000380 seconds
166.929: Application time: 0.0233400 seconds
166.929: [Full GC [PSYoungGen: 138752K->33775K(161280K)] [ParOldGen: 367437K->367437K(367616K)] 506189K->401213K(528896K) [PSPermGen: 13642K->13642K(21504K)], 0.0732180 secs] [Times: user=0.52 sys=0.00, real=0.07 secs] 
167.003: Total time for which application threads were stopped: 0.0738780 seconds, Stopping threads took: 0.0000540 seconds
167.026: Application time: 0.0234180 seconds
167.027: [Full GC [PSYoungGen: 138752K->33790K(161280K)] [ParOldGen: 367437K->367437K(367616K)] 506189K->401227K(528896K) [PSPermGen: 13642K->13642K(21504K)], 0.0738190 secs] [Times: user=0.51 sys=0.00, real=0.07 secs] 
167.102: Total time for which application threads were stopped: 0.0759980 seconds, Stopping threads took: 0.0000390 seconds
167.125: Application time: 0.0231640 seconds
167.126: [Full GC [PSYoungGen: 138752K->33806K(161280K)] [ParOldGen: 367437K->367437K(367616K)] 506189K->401243K(528896K) [PSPermGen: 13642K->13642K(21504K)], 0.0734940 secs] [Times: user=0.52 sys=0.00, real=0.07 secs] 
167.199: Total time for which application threads were stopped: 0.0741270 seconds, Stopping threads took: 0.0000520 seconds
167.223: Application time: 0.0233140 seconds
167.223: [Full GC [PSYoungGen: 138752K->33820K(161280K)] [ParOldGen: 367437K->367437K(367616K)] 506189K->401257K(528896K) [PSPermGen: 13642K->13642K(21504K)], 0.0738540 secs] [Times: user=0.51 sys=0.00, real=0.08 secs] 
167.297: Total time for which application threads were stopped: 0.0744670 seconds, Stopping threads took: 0.0000400 seconds
167.321: Application time: 0.0235250 seconds
167.321: [Full GC [PSYoungGen: 138752K->33836K(161280K)] [ParOldGen: 367437K->367437K(367616K)] 506189K->401273K(528896K) [PSPermGen: 13642K->13642K(21504K)], 0.0729000 secs] [Times: user=0.52 sys=0.00, real=0.08 secs] 
167.394: Total time for which application threads were stopped: 0.0735180 seconds, Stopping threads took: 0.0000410 seconds
167.418: Application time: 0.0239820 seconds
167.419: [Full GC [PSYoungGen: 138752K->33850K(161280K)] [ParOldGen: 367437K->367437K(367616K)] 506189K->401287K(528896K) [PSPermGen: 13642K->13642K(21504K)], 0.0735570 secs] [Times: user=0.52 sys=0.00, real=0.08 secs] 
167.492: Total time for which application threads were stopped: 0.0741570 seconds, Stopping threads took: 0.0000340 seconds
167.516: Application time: 0.0236050 seconds
167.516: [Full GC [PSYoungGen: 138752K->33863K(161280K)] [ParOldGen: 367437K->367437K(367616K)] 506189K->401301K(528896K) [PSPermGen: 13642K->13642K(21504K)], 0.0742390 secs] [Times: user=0.53 sys=0.00, real=0.07 secs] 
167.591: Total time for which application threads were stopped: 0.0748730 seconds, Stopping threads took: 0.0000490 seconds
167.614: Application time: 0.0236400 seconds
167.615: [Full GC [PSYoungGen: 138752K->33880K(161280K)] [ParOldGen: 367437K->367437K(367616K)] 506189K->401317K(528896K) [PSPermGen: 13642K->13642K(21504K)], 0.0738930 secs] [Times: user=0.52 sys=0.00, real=0.07 secs] 
167.689: Total time for which application threads were stopped: 0.0745140 seconds, Stopping threads took: 0.0000390 seconds
167.713: Application time: 0.0236080 seconds
167.713: [Full GC [PSYoungGen: 138752K->33895K(161280K)] [ParOldGen: 367437K->367437K(367616K)] 506189K->401332K(528896K) [PSPermGen: 13642K->13642K(21504K)], 0.0735190 secs] [Times: user=0.52 sys=0.00, real=0.07 secs] 
167.787: Total time for which application threads were stopped: 0.0741450 seconds, Stopping threads took: 0.0000500 seconds
167.810: Application time: 0.0234190 seconds
167.811: [Full GC [PSYoungGen: 138752K->33910K(161280K)] [ParOldGen: 367437K->367437K(367616K)] 506189K->401348K(528896K) [PSPermGen: 13642K->13642K(21504K)], 0.0763280 secs] [Times: user=0.54 sys=0.00, real=0.08 secs] 
167.887: Total time for which application threads were stopped: 0.0769580 seconds, Stopping threads took: 0.0000490 seconds
167.911: Application time: 0.0236920 seconds
167.911: [Full GC [PSYoungGen: 138752K->33924K(161280K)] [ParOldGen: 367437K->367437K(367616K)] 506189K->401361K(528896K) [PSPermGen: 13642K->13642K(21504K)], 0.0729430 secs] [Times: user=0.51 sys=0.00, real=0.07 secs] 
167.984: Total time for which application threads were stopped: 0.0735880 seconds, Stopping threads took: 0.0000480 seconds
168.008: Application time: 0.0234990 seconds
168.008: [Full GC [PSYoungGen: 138752K->33940K(161280K)] [ParOldGen: 367437K->367437K(367616K)] 506189K->401377K(528896K) [PSPermGen: 13642K->13642K(21504K)], 0.0748930 secs] [Times: user=0.50 sys=0.01, real=0.08 secs] 
168.083: Total time for which application threads were stopped: 0.0755260 seconds, Stopping threads took: 0.0000510 seconds
168.107: Application time: 0.0234790 seconds
168.107: [Full GC [PSYoungGen: 138752K->33955K(161280K)] [ParOldGen: 367437K->367437K(367616K)] 506189K->401392K(528896K) [PSPermGen: 13642K->13642K(21504K)], 0.0742560 secs] [Times: user=0.51 sys=0.00, real=0.07 secs] 
168.182: Total time for which application threads were stopped: 0.0749070 seconds, Stopping threads took: 0.0000390 seconds
168.205: Application time: 0.0236110 seconds
168.206: [Full GC [PSYoungGen: 138752K->33965K(161280K)] [ParOldGen: 367437K->367437K(367616K)] 506189K->401402K(528896K) [PSPermGen: 13642K->13642K(21504K)], 0.0736610 secs] [Times: user=0.52 sys=0.00, real=0.07 secs] 
168.280: Total time for which application threads were stopped: 0.0743150 seconds, Stopping threads took: 0.0000560 seconds
168.303: Application time: 0.0236710 seconds
168.308: [Full GC [PSYoungGen: 138752K->33985K(161280K)] [ParOldGen: 367437K->367437K(367616K)] 506189K->401423K(528896K) [PSPermGen: 13642K->13642K(21504K)], 0.0764330 secs] [Times: user=0.52 sys=0.00, real=0.08 secs] 
168.384: Total time for which application threads were stopped: 0.0809730 seconds, Stopping threads took: 0.0039790 seconds
168.408: Application time: 0.0234640 seconds
168.408: [Full GC [PSYoungGen: 138752K->34000K(161280K)] [ParOldGen: 367437K->367437K(367616K)] 506189K->401437K(528896K) [PSPermGen: 13642K->13642K(21504K)], 0.0752010 secs] [Times: user=0.50 sys=0.00, real=0.08 secs] 
168.484: Total time for which application threads were stopped: 0.0758840 seconds, Stopping threads took: 0.0000430 seconds
168.507: Application time: 0.0233900 seconds
168.508: [Full GC [PSYoungGen: 138752K->34013K(161280K)] [ParOldGen: 367437K->367437K(367616K)] 506189K->401450K(528896K) [PSPermGen: 13642K->13642K(21504K)], 0.0732450 secs] [Times: user=0.51 sys=0.00, real=0.07 secs] 
168.581: Total time for which application threads were stopped: 0.0738730 seconds, Stopping threads took: 0.0000400 seconds
168.605: Application time: 0.0236350 seconds
168.605: [Full GC [PSYoungGen: 138752K->34028K(161280K)] [ParOldGen: 367437K->367437K(367616K)] 506189K->401465K(528896K) [PSPermGen: 13642K->13642K(21504K)], 0.0742300 secs] [Times: user=0.52 sys=0.00, real=0.07 secs] 
168.679: Total time for which application threads were stopped: 0.0748680 seconds, Stopping threads took: 0.0000440 seconds
168.703: Application time: 0.0234550 seconds
168.704: [Full GC [PSYoungGen: 138752K->34044K(161280K)] [ParOldGen: 367437K->367437K(367616K)] 506189K->401481K(528896K) [PSPermGen: 13642K->13642K(21504K)], 0.0741950 secs] [Times: user=0.52 sys=0.00, real=0.07 secs] 
168.778: Total time for which application threads were stopped: 0.0748320 seconds, Stopping threads took: 0.0000410 seconds
168.802: Application time: 0.0238310 seconds
168.802: [Full GC [PSYoungGen: 138752K->34057K(161280K)] [ParOldGen: 367437K->367437K(367616K)] 506189K->401494K(528896K) [PSPermGen: 13642K->13642K(21504K)], 0.0731750 secs] [Times: user=0.52 sys=0.00, real=0.08 secs] 
168.875: Total time for which application threads were stopped: 0.0737970 seconds, Stopping threads took: 0.0000460 seconds
168.899: Application time: 0.0234060 seconds
168.899: [Full GC [PSYoungGen: 138752K->34078K(161280K)] [ParOldGen: 367437K->367437K(367616K)] 506189K->401515K(528896K) [PSPermGen: 13642K->13642K(21504K)], 0.0736980 secs] [Times: user=0.52 sys=0.00, real=0.08 secs] 
168.973: Total time for which application threads were stopped: 0.0743460 seconds, Stopping threads took: 0.0000500 seconds
168.997: Application time: 0.0233540 seconds
168.997: [Full GC [PSYoungGen: 138752K->34090K(161280K)] [ParOldGen: 367437K->367437K(367616K)] 506189K->401528K(528896K) [PSPermGen: 13642K->13642K(21504K)], 0.0730640 secs] [Times: user=0.51 sys=0.01, real=0.07 secs] 
169.070: Total time for which application threads were stopped: 0.0737140 seconds, Stopping threads took: 0.0000660 seconds
169.094: Application time: 0.0234440 seconds
169.094: [Full GC [PSYoungGen: 138752K->34104K(161280K)] [ParOldGen: 367437K->367437K(367616K)] 506189K->401541K(528896K) [PSPermGen: 13642K->13642K(21504K)], 0.0731330 secs] [Times: user=0.52 sys=0.00, real=0.07 secs] 
169.167: Total time for which application threads were stopped: 0.0737540 seconds, Stopping threads took: 0.0000410 seconds
169.191: Application time: 0.0233630 seconds
169.191: [Full GC [PSYoungGen: 138752K->34119K(161280K)] [ParOldGen: 367437K->367437K(367616K)] 506189K->401556K(528896K) [PSPermGen: 13642K->13642K(21504K)], 0.0735910 secs] [Times: user=0.52 sys=0.00, real=0.07 secs] 
169.265: Total time for which application threads were stopped: 0.0742280 seconds, Stopping threads took: 0.0000470 seconds
169.289: Application time: 0.0236060 seconds
169.289: [Full GC [PSYoungGen: 138752K->34135K(161280K)] [ParOldGen: 367437K->367437K(367616K)] 506189K->401573K(528896K) [PSPermGen: 13642K->13642K(21504K)], 0.0796240 secs] [Times: user=0.55 sys=0.00, real=0.08 secs] 
169.369: Total time for which application threads were stopped: 0.0803670 seconds, Stopping threads took: 0.0000380 seconds
169.394: Application time: 0.0251750 seconds
169.396: [Full GC [PSYoungGen: 138752K->33877K(161280K)] [ParOldGen: 367437K->367437K(367616K)] 506189K->401314K(528896K) [PSPermGen: 13642K->13642K(21504K)], 0.0733330 secs] [Times: user=0.52 sys=0.00, real=0.07 secs] 
169.469: Total time for which application threads were stopped: 0.0751200 seconds, Stopping threads took: 0.0011590 seconds
169.493: Application time: 0.0235280 seconds
169.496: [Full GC [PSYoungGen: 138752K->33886K(161280K)] [ParOldGen: 367437K->367437K(367616K)] 506189K->401323K(528896K) [PSPermGen: 13642K->13642K(21504K)], 0.0737470 secs] [Times: user=0.52 sys=0.00, real=0.07 secs] 
169.570: Total time for which application threads were stopped: 0.0768290 seconds, Stopping threads took: 0.0025000 seconds
169.594: Application time: 0.0239350 seconds
169.596: [Full GC [PSYoungGen: 138752K->33901K(161280K)] [ParOldGen: 367437K->367437K(367616K)] 506189K->401338K(528896K) [PSPermGen: 13642K->13642K(21504K)], 0.0736990 secs] [Times: user=0.52 sys=0.00, real=0.07 secs] 
169.670: Total time for which application threads were stopped: 0.0760040 seconds, Stopping threads took: 0.0017340 seconds
169.693: Application time: 0.0234260 seconds
169.694: [Full GC [PSYoungGen: 138752K->33916K(161280K)] [ParOldGen: 367437K->367437K(367616K)] 506189K->401353K(528896K) [PSPermGen: 13642K->13642K(21504K)], 0.0736140 secs] [Times: user=0.51 sys=0.00, real=0.07 secs] 
169.767: Total time for which application threads were stopped: 0.0742220 seconds, Stopping threads took: 0.0000430 seconds
169.791: Application time: 0.0237660 seconds
169.792: [Full GC [PSYoungGen: 138752K->33932K(161280K)] [ParOldGen: 367437K->367437K(367616K)] 506189K->401369K(528896K) [PSPermGen: 13642K->13642K(21504K)], 0.0740250 secs] [Times: user=0.52 sys=0.00, real=0.07 secs] 
169.866: Total time for which application threads were stopped: 0.0746720 seconds, Stopping threads took: 0.0000510 seconds
169.890: Application time: 0.0242500 seconds
169.891: [Full GC [PSYoungGen: 138752K->33939K(161280K)] [ParOldGen: 367437K->367437K(367616K)] 506189K->401377K(528896K) [PSPermGen: 13642K->13642K(21504K)], 0.0755600 secs] [Times: user=0.51 sys=0.00, real=0.08 secs] 
169.966: Total time for which application threads were stopped: 0.0762430 seconds, Stopping threads took: 0.0000600 seconds
169.991: Application time: 0.0244500 seconds
169.991: [Full GC [PSYoungGen: 138752K->33727K(161280K)] [ParOldGen: 367437K->367437K(367616K)] 506189K->401164K(528896K) [PSPermGen: 13642K->13642K(21504K)], 0.0739360 secs] [Times: user=0.52 sys=0.00, real=0.08 secs] 
170.065: Total time for which application threads were stopped: 0.0745650 seconds, Stopping threads took: 0.0000630 seconds
170.089: Application time: 0.0233310 seconds
170.092: [Full GC [PSYoungGen: 138752K->33693K(161280K)] [ParOldGen: 367437K->367437K(367616K)] 506189K->401130K(528896K) [PSPermGen: 13642K->13642K(21504K)], 0.0731480 secs] [Times: user=0.51 sys=0.00, real=0.07 secs] 
170.165: Total time for which application threads were stopped: 0.0764940 seconds, Stopping threads took: 0.0027820 seconds
170.189: Application time: 0.0235070 seconds
170.189: [Full GC [PSYoungGen: 138752K->33708K(161280K)] [ParOldGen: 367437K->367437K(367616K)] 506189K->401145K(528896K) [PSPermGen: 13642K->13642K(21504K)], 0.0742780 secs] [Times: user=0.53 sys=0.00, real=0.08 secs] 
170.264: Total time for which application threads were stopped: 0.0749670 seconds, Stopping threads took: 0.0000460 seconds
170.287: Application time: 0.0236220 seconds
170.288: [Full GC [PSYoungGen: 138752K->33724K(161280K)] [ParOldGen: 367437K->367437K(367616K)] 506189K->401161K(528896K) [PSPermGen: 13642K->13642K(21504K)], 0.0730240 secs] [Times: user=0.52 sys=0.00, real=0.07 secs] 
170.361: Total time for which application threads were stopped: 0.0736570 seconds, Stopping threads took: 0.0000410 seconds
170.384: Application time: 0.0236230 seconds
170.388: [Full GC [PSYoungGen: 138752K->33738K(161280K)] [ParOldGen: 367437K->367437K(367616K)] 506189K->401175K(528896K) [PSPermGen: 13642K->13642K(21504K)], 0.0733740 secs] [Times: user=0.52 sys=0.00, real=0.07 secs] 
170.461: Total time for which application threads were stopped: 0.0768750 seconds, Stopping threads took: 0.0028940 seconds
170.485: Application time: 0.0232750 seconds
170.488: [Full GC [PSYoungGen: 138752K->33754K(161280K)] [ParOldGen: 367437K->367437K(367616K)] 506189K->401192K(528896K) [PSPermGen: 13642K->13642K(21504K)], 0.0732660 secs] [Times: user=0.52 sys=0.00, real=0.07 secs] 
170.561: Total time for which application threads were stopped: 0.0765980 seconds, Stopping threads took: 0.0027450 seconds
170.585: Application time: 0.0234880 seconds
170.585: [Full GC [PSYoungGen: 138752K->33767K(161280K)] [ParOldGen: 367437K->367437K(367616K)] 506189K->401204K(528896K) [PSPermGen: 13642K->13642K(21504K)], 0.0731390 secs] [Times: user=0.51 sys=0.00, real=0.07 secs] 
170.658: Total time for which application threads were stopped: 0.0737500 seconds, Stopping threads took: 0.0000280 seconds
170.682: Application time: 0.0235240 seconds
170.683: [Full GC [PSYoungGen: 138752K->33783K(161280K)] [ParOldGen: 367437K->367437K(367616K)] 506189K->401220K(528896K) [PSPermGen: 13642K->13642K(21504K)], 0.0734380 secs] [Times: user=0.52 sys=0.00, real=0.08 secs] 
170.756: Total time for which application threads were stopped: 0.0740640 seconds, Stopping threads took: 0.0000450 seconds
170.779: Application time: 0.0233650 seconds
170.780: [Full GC [PSYoungGen: 138752K->33799K(161280K)] [ParOldGen: 367437K->367437K(367616K)] 506189K->401236K(528896K) [PSPermGen: 13642K->13642K(21504K)], 0.0736090 secs] [Times: user=0.51 sys=0.00, real=0.08 secs] 
170.854: Total time for which application threads were stopped: 0.0743070 seconds, Stopping threads took: 0.0000530 seconds
170.878: Application time: 0.0247390 seconds
170.879: [Full GC [PSYoungGen: 138752K->33813K(161280K)] [ParOldGen: 367437K->367437K(367616K)] 506189K->401250K(528896K) [PSPermGen: 13642K->13642K(21504K)], 0.0737430 secs] [Times: user=0.52 sys=0.00, real=0.08 secs] 
170.953: Total time for which application threads were stopped: 0.0745280 seconds, Stopping threads took: 0.0000870 seconds
170.977: Application time: 0.0240330 seconds
170.978: [Full GC [PSYoungGen: 138752K->33827K(161280K)] [ParOldGen: 367437K->367437K(367616K)] 506189K->401264K(528896K) [PSPermGen: 13642K->13642K(21504K)], 0.0738180 secs] [Times: user=0.51 sys=0.00, real=0.08 secs] 
171.052: Total time for which application threads were stopped: 0.0744670 seconds, Stopping threads took: 0.0000580 seconds
171.076: Application time: 0.0240750 seconds
171.076: [Full GC [PSYoungGen: 138752K->33843K(161280K)] [ParOldGen: 367437K->367437K(367616K)] 506189K->401280K(528896K) [PSPermGen: 13642K->13642K(21504K)], 0.0740210 secs] [Times: user=0.51 sys=0.00, real=0.07 secs] 
171.150: Total time for which application threads were stopped: 0.0746590 seconds, Stopping threads took: 0.0000500 seconds
171.174: Application time: 0.0238190 seconds
171.175: [Full GC [PSYoungGen: 138752K->33856K(161280K)] [ParOldGen: 367437K->367437K(367616K)] 506189K->401293K(528896K) [PSPermGen: 13642K->13642K(21504K)], 0.0730900 secs] [Times: user=0.52 sys=0.00, real=0.07 secs] 
171.248: Total time for which application threads were stopped: 0.0737620 seconds, Stopping threads took: 0.0000430 seconds
171.272: Application time: 0.0239770 seconds
171.272: [Full GC [PSYoungGen: 138752K->33872K(161280K)] [ParOldGen: 367437K->367437K(367616K)] 506189K->401309K(528896K) [PSPermGen: 13642K->13642K(21504K)], 0.0737180 secs] [Times: user=0.51 sys=0.00, real=0.07 secs] 
171.346: Total time for which application threads were stopped: 0.0743300 seconds, Stopping threads took: 0.0000440 seconds
171.370: Application time: 0.0240070 seconds
171.371: [Full GC [PSYoungGen: 138752K->33886K(161280K)] [ParOldGen: 367437K->367437K(367616K)] 506189K->401323K(528896K) [PSPermGen: 13642K->13642K(21504K)], 0.0747540 secs] [Times: user=0.51 sys=0.00, real=0.08 secs] 
171.446: Total time for which application threads were stopped: 0.0754690 seconds, Stopping threads took: 0.0000570 seconds
171.469: Application time: 0.0237490 seconds
171.470: [Full GC [PSYoungGen: 138752K->33899K(161280K)] [ParOldGen: 367437K->367437K(367616K)] 506189K->401337K(528896K) [PSPermGen: 13642K->13642K(21504K)], 0.0736270 secs] [Times: user=0.51 sys=0.00, real=0.08 secs] 
171.544: Total time for which application threads were stopped: 0.0743010 seconds, Stopping threads took: 0.0000470 seconds
171.567: Application time: 0.0237540 seconds
171.568: [Full GC [PSYoungGen: 138752K->33918K(161280K)] [ParOldGen: 367437K->367437K(367616K)] 506189K->401356K(528896K) [PSPermGen: 13642K->13642K(21504K)], 0.0733920 secs] [Times: user=0.52 sys=0.00, real=0.07 secs] 
171.641: Total time for which application threads were stopped: 0.0740400 seconds, Stopping threads took: 0.0000450 seconds
171.665: Application time: 0.0237270 seconds
171.666: [Full GC [PSYoungGen: 138752K->33931K(161280K)] [ParOldGen: 367437K->367437K(367616K)] 506189K->401369K(528896K) [PSPermGen: 13642K->13642K(21504K)], 0.0739090 secs] [Times: user=0.52 sys=0.00, real=0.07 secs] 
171.740: Total time for which application threads were stopped: 0.0745500 seconds, Stopping threads took: 0.0000610 seconds
171.764: Application time: 0.0238440 seconds
171.764: [Full GC [PSYoungGen: 138752K->33947K(161280K)] [ParOldGen: 367437K->367437K(367616K)] 506189K->401384K(528896K) [PSPermGen: 13642K->13642K(21504K)], 0.0741820 secs] [Times: user=0.51 sys=0.00, real=0.07 secs] 
171.838: Total time for which application threads were stopped: 0.0748400 seconds, Stopping threads took: 0.0000620 seconds
171.862: Application time: 0.0239640 seconds
171.863: [Full GC [PSYoungGen: 138752K->33963K(161280K)] [ParOldGen: 367437K->367437K(367616K)] 506189K->401400K(528896K) [PSPermGen: 13642K->13642K(21504K)], 0.0747050 secs] [Times: user=0.53 sys=0.00, real=0.08 secs] 
171.938: Total time for which application threads were stopped: 0.0753310 seconds, Stopping threads took: 0.0000510 seconds
171.962: Application time: 0.0238590 seconds
171.962: [Full GC [PSYoungGen: 138752K->33976K(161280K)] [ParOldGen: 367437K->367437K(367616K)] 506189K->401413K(528896K) [PSPermGen: 13642K->13642K(21504K)], 0.0737590 secs] [Times: user=0.52 sys=0.01, real=0.08 secs] 
172.036: Total time for which application threads were stopped: 0.0743940 seconds, Stopping threads took: 0.0000650 seconds
172.060: Application time: 0.0234960 seconds
172.060: [Full GC [PSYoungGen: 138752K->33993K(161280K)] [ParOldGen: 367437K->367437K(367616K)] 506189K->401431K(528896K) [PSPermGen: 13642K->13642K(21504K)], 0.0737050 secs] [Times: user=0.52 sys=0.00, real=0.08 secs] 
172.134: Total time for which application threads were stopped: 0.0743720 seconds, Stopping threads took: 0.0000810 seconds
172.158: Application time: 0.0238080 seconds
172.158: [Full GC [PSYoungGen: 138752K->34005K(161280K)] [ParOldGen: 367437K->367437K(367616K)] 506189K->401442K(528896K) [PSPermGen: 13642K->13642K(21504K)], 0.0735250 secs] [Times: user=0.52 sys=0.00, real=0.08 secs] 
172.232: Total time for which application threads were stopped: 0.0741830 seconds, Stopping threads took: 0.0000590 seconds
172.255: Application time: 0.0232130 seconds
172.256: [Full GC [PSYoungGen: 138752K->34022K(161280K)] [ParOldGen: 367437K->367437K(367616K)] 506189K->401459K(528896K) [PSPermGen: 13642K->13642K(21504K)], 0.0740990 secs] [Times: user=0.52 sys=0.00, real=0.07 secs] 
172.330: Total time for which application threads were stopped: 0.0747320 seconds, Stopping threads took: 0.0000600 seconds
172.353: Application time: 0.0235680 seconds
172.354: [Full GC [PSYoungGen: 138752K->34037K(161280K)] [ParOldGen: 367437K->367437K(367616K)] 506189K->401474K(528896K) [PSPermGen: 13642K->13642K(21504K)], 0.0755940 secs] [Times: user=0.51 sys=0.00, real=0.07 secs] 
172.430: Total time for which application threads were stopped: 0.0762080 seconds, Stopping threads took: 0.0000530 seconds
172.454: Application time: 0.0240290 seconds
172.454: [Full GC [PSYoungGen: 138752K->34053K(161280K)] [ParOldGen: 367437K->367437K(367616K)] 506189K->401490K(528896K) [PSPermGen: 13642K->13642K(21504K)], 0.0740580 secs] [Times: user=0.52 sys=0.00, real=0.07 secs] 
172.528: Total time for which application threads were stopped: 0.0746970 seconds, Stopping threads took: 0.0000580 seconds
172.552: Application time: 0.0237110 seconds
172.553: [Full GC [PSYoungGen: 138752K->34067K(161280K)] [ParOldGen: 367437K->367437K(367616K)] 506189K->401504K(528896K) [PSPermGen: 13642K->13642K(21504K)], 0.0740050 secs] [Times: user=0.51 sys=0.01, real=0.07 secs] 
172.627: Total time for which application threads were stopped: 0.0746220 seconds, Stopping threads took: 0.0000440 seconds
172.651: Application time: 0.0245740 seconds
172.652: [Full GC [PSYoungGen: 138752K->34083K(161280K)] [ParOldGen: 367437K->367437K(367616K)] 506189K->401520K(528896K) [PSPermGen: 13642K->13642K(21504K)], 0.0735150 secs] [Times: user=0.51 sys=0.00, real=0.07 secs] 
172.725: Total time for which application threads were stopped: 0.0741520 seconds, Stopping threads took: 0.0000640 seconds
172.750: Application time: 0.0241170 seconds
172.750: [Full GC [PSYoungGen: 138752K->34096K(161280K)] [ParOldGen: 367437K->367437K(367616K)] 506189K->401533K(528896K) [PSPermGen: 13642K->13642K(21504K)], 0.0737270 secs] [Times: user=0.51 sys=0.00, real=0.08 secs] 
172.824: Total time for which application threads were stopped: 0.0743830 seconds, Stopping threads took: 0.0000560 seconds
172.848: Application time: 0.0240270 seconds
172.849: [Full GC [PSYoungGen: 138752K->34113K(161280K)] [ParOldGen: 367437K->367437K(367616K)] 506189K->401550K(528896K) [PSPermGen: 13642K->13642K(21504K)], 0.0778880 secs] [Times: user=0.54 sys=0.00, real=0.08 secs] 
172.926: Total time for which application threads were stopped: 0.0785000 seconds, Stopping threads took: 0.0000510 seconds
172.951: Application time: 0.0243690 seconds
172.951: [Full GC [PSYoungGen: 138752K->34120K(161280K)] [ParOldGen: 367437K->367437K(367616K)] 506189K->401557K(528896K) [PSPermGen: 13642K->13642K(21504K)], 0.0739520 secs] [Times: user=0.52 sys=0.00, real=0.07 secs] 
173.025: Total time for which application threads were stopped: 0.0745870 seconds, Stopping threads took: 0.0000340 seconds
173.051: Application time: 0.0259700 seconds
173.052: [Full GC [PSYoungGen: 138752K->33958K(161280K)] [ParOldGen: 367437K->367437K(367616K)] 506189K->401395K(528896K) [PSPermGen: 13642K->13642K(21504K)], 0.0738040 secs] [Times: user=0.52 sys=0.00, real=0.07 secs] 
173.126: Total time for which application threads were stopped: 0.0744280 seconds, Stopping threads took: 0.0000570 seconds
173.150: Application time: 0.0243980 seconds
173.151: [Full GC [PSYoungGen: 138752K->33877K(161280K)] [ParOldGen: 367437K->367437K(367616K)] 506189K->401314K(528896K) [PSPermGen: 13642K->13642K(21504K)], 0.0734820 secs] [Times: user=0.51 sys=0.00, real=0.08 secs] 
173.224: Total time for which application threads were stopped: 0.0741810 seconds, Stopping threads took: 0.0000680 seconds
173.249: Application time: 0.0242870 seconds
173.249: [Full GC [PSYoungGen: 138752K->33892K(161280K)] [ParOldGen: 367437K->367437K(367616K)] 506189K->401329K(528896K) [PSPermGen: 13642K->13642K(21504K)], 0.0731970 secs] [Times: user=0.51 sys=0.00, real=0.07 secs] 
173.323: Total time for which application threads were stopped: 0.0738950 seconds, Stopping threads took: 0.0000580 seconds
173.347: Application time: 0.0240910 seconds
173.347: [Full GC [PSYoungGen: 138752K->33908K(161280K)] [ParOldGen: 367437K->367437K(367616K)] 506189K->401345K(528896K) [PSPermGen: 13642K->13642K(21504K)], 0.0735130 secs] [Times: user=0.52 sys=0.00, real=0.07 secs] 
173.421: Total time for which application threads were stopped: 0.0741520 seconds, Stopping threads took: 0.0000460 seconds
173.445: Application time: 0.0241680 seconds
173.446: [Full GC [PSYoungGen: 138752K->33922K(161280K)] [ParOldGen: 367437K->367437K(367616K)] 506189K->401359K(528896K) [PSPermGen: 13642K->13642K(21504K)], 0.0729110 secs] [Times: user=0.51 sys=0.01, real=0.07 secs] 
173.519: Total time for which application threads were stopped: 0.0736090 seconds, Stopping threads took: 0.0000450 seconds
173.543: Application time: 0.0242770 seconds
173.543: [Full GC [PSYoungGen: 138752K->33936K(161280K)] [ParOldGen: 367437K->367437K(367616K)] 506189K->401373K(528896K) [PSPermGen: 13642K->13642K(21504K)], 0.0741390 secs] [Times: user=0.51 sys=0.00, real=0.07 secs] 
173.618: Total time for which application threads were stopped: 0.0747810 seconds, Stopping threads took: 0.0000540 seconds
173.644: Application time: 0.0260180 seconds
173.644: [Full GC [PSYoungGen: 138752K->33843K(161280K)] [ParOldGen: 367437K->367437K(367616K)] 506189K->401280K(528896K) [PSPermGen: 13642K->13642K(21504K)], 0.0735370 secs] [Times: user=0.51 sys=0.00, real=0.07 secs] 
173.718: Total time for which application threads were stopped: 0.0741570 seconds, Stopping threads took: 0.0000830 seconds
173.742: Application time: 0.0241260 seconds
173.743: [Full GC [PSYoungGen: 138752K->33827K(161280K)] [ParOldGen: 367437K->367437K(367616K)] 506189K->401264K(528896K) [PSPermGen: 13642K->13642K(21504K)], 0.0736680 secs] [Times: user=0.51 sys=0.00, real=0.08 secs] 
173.816: Total time for which application threads were stopped: 0.0742910 seconds, Stopping threads took: 0.0000540 seconds
173.840: Application time: 0.0241410 seconds
173.841: [Full GC [PSYoungGen: 138752K->33732K(161280K)] [ParOldGen: 367437K->367437K(367616K)] 506189K->401169K(528896K) [PSPermGen: 13642K->13642K(21504K)], 0.0749000 secs] [Times: user=0.51 sys=0.00, real=0.08 secs] 
173.916: Total time for which application threads were stopped: 0.0756220 seconds, Stopping threads took: 0.0000950 seconds
173.940: Application time: 0.0240300 seconds
173.941: [Full GC [PSYoungGen: 138752K->33716K(161280K)] [ParOldGen: 367437K->367437K(367616K)] 506189K->401154K(528896K) [PSPermGen: 13642K->13642K(21504K)], 0.0728970 secs] [Times: user=0.52 sys=0.00, real=0.08 secs] 
174.014: Total time for which application threads were stopped: 0.0735700 seconds, Stopping threads took: 0.0000650 seconds
174.038: Application time: 0.0240130 seconds
174.038: [Full GC [PSYoungGen: 138752K->33732K(161280K)] [ParOldGen: 367437K->367437K(367616K)] 506189K->401169K(528896K) [PSPermGen: 13642K->13642K(21504K)], 0.0732540 secs] [Times: user=0.51 sys=0.00, real=0.08 secs] 
174.112: Total time for which application threads were stopped: 0.0738910 seconds, Stopping threads took: 0.0000660 seconds
174.136: Application time: 0.0239460 seconds
174.136: [Full GC [PSYoungGen: 138752K->33745K(161280K)] [ParOldGen: 367437K->367437K(367616K)] 506189K->401183K(528896K) [PSPermGen: 13642K->13642K(21504K)], 0.0734580 secs] [Times: user=0.52 sys=0.00, real=0.07 secs] 
174.210: Total time for which application threads were stopped: 0.0740820 seconds, Stopping threads took: 0.0000530 seconds
174.234: Application time: 0.0243460 seconds
174.235: [Full GC [PSYoungGen: 138752K->33760K(161280K)] [ParOldGen: 367437K->367437K(367616K)] 506189K->401197K(528896K) [PSPermGen: 13642K->13642K(21504K)], 0.0738240 secs] [Times: user=0.52 sys=0.00, real=0.07 secs] 
174.308: Total time for which application threads were stopped: 0.0744550 seconds, Stopping threads took: 0.0000630 seconds
174.333: Application time: 0.0240950 seconds
174.333: [Full GC [PSYoungGen: 138752K->33775K(161280K)] [ParOldGen: 367437K->367437K(367616K)] 506189K->401212K(528896K) [PSPermGen: 13642K->13642K(21504K)], 0.0732550 secs] [Times: user=0.52 sys=0.00, real=0.07 secs] 
174.406: Total time for which application threads were stopped: 0.0739450 seconds, Stopping threads took: 0.0000440 seconds
174.431: Application time: 0.0245900 seconds
174.432: [Full GC [PSYoungGen: 138752K->33791K(161280K)] [ParOldGen: 367437K->367437K(367616K)] 506189K->401228K(528896K) [PSPermGen: 13642K->13642K(21504K)], 0.0739950 secs] [Times: user=0.51 sys=0.00, real=0.07 secs] 
174.506: Total time for which application threads were stopped: 0.0746820 seconds, Stopping threads took: 0.0000540 seconds
174.530: Application time: 0.0244810 seconds
174.531: [Full GC [PSYoungGen: 138752K->33805K(161280K)] [ParOldGen: 367437K->367437K(367616K)] 506189K->401242K(528896K) [PSPermGen: 13642K->13642K(21504K)], 0.0734150 secs] [Times: user=0.52 sys=0.00, real=0.08 secs] 
174.604: Total time for which application threads were stopped: 0.0740790 seconds, Stopping threads took: 0.0000690 seconds
174.628: Application time: 0.0237240 seconds
174.629: [Full GC [PSYoungGen: 138752K->33820K(161280K)] [ParOldGen: 367437K->367437K(367616K)] 506189K->401258K(528896K) [PSPermGen: 13642K->13642K(21504K)], 0.0744190 secs] [Times: user=0.51 sys=0.00, real=0.07 secs] 
174.703: Total time for which application threads were stopped: 0.0751240 seconds, Stopping threads took: 0.0000680 seconds
174.727: Application time: 0.0240150 seconds
174.728: [Full GC [PSYoungGen: 138752K->33835K(161280K)] [ParOldGen: 367437K->367437K(367616K)] 506189K->401272K(528896K) [PSPermGen: 13642K->13642K(21504K)], 0.0731950 secs] [Times: user=0.51 sys=0.00, real=0.07 secs] 
174.801: Total time for which application threads were stopped: 0.0738790 seconds, Stopping threads took: 0.0000480 seconds
174.825: Application time: 0.0240030 seconds
174.826: [Full GC [PSYoungGen: 138752K->33852K(161280K)] [ParOldGen: 367437K->367437K(367616K)] 506189K->401290K(528896K) [PSPermGen: 13642K->13642K(21504K)], 0.0740810 secs] [Times: user=0.52 sys=0.00, real=0.07 secs] 
174.900: Total time for which application threads were stopped: 0.0746880 seconds, Stopping threads took: 0.0000500 seconds
174.924: Application time: 0.0240600 seconds
174.924: [Full GC [PSYoungGen: 138752K->33865K(161280K)] [ParOldGen: 367437K->367437K(367616K)] 506189K->401303K(528896K) [PSPermGen: 13642K->13642K(21504K)], 0.0741840 secs] [Times: user=0.51 sys=0.00, real=0.07 secs] 
174.999: Total time for which application threads were stopped: 0.0747990 seconds, Stopping threads took: 0.0000410 seconds
175.023: Application time: 0.0239210 seconds
175.023: [Full GC [PSYoungGen: 138752K->33881K(161280K)] [ParOldGen: 367437K->367437K(367616K)] 506189K->401318K(528896K) [PSPermGen: 13642K->13642K(21504K)], 0.0741800 secs] [Times: user=0.52 sys=0.00, real=0.08 secs] 
175.097: Total time for which application threads were stopped: 0.0748030 seconds, Stopping threads took: 0.0000470 seconds
175.121: Application time: 0.0240100 seconds
175.122: [Full GC [PSYoungGen: 138752K->33895K(161280K)] [ParOldGen: 367437K->367437K(367616K)] 506189K->401333K(528896K) [PSPermGen: 13642K->13642K(21504K)], 0.0738610 secs] [Times: user=0.52 sys=0.00, real=0.08 secs] 
175.196: Total time for which application threads were stopped: 0.0745890 seconds, Stopping threads took: 0.0000480 seconds
175.220: Application time: 0.0239980 seconds
175.221: [Full GC [PSYoungGen: 138752K->33910K(161280K)] [ParOldGen: 367437K->367437K(367616K)] 506189K->401347K(528896K) [PSPermGen: 13642K->13642K(21504K)], 0.0734470 secs] [Times: user=0.52 sys=0.00, real=0.08 secs] 
175.294: Total time for which application threads were stopped: 0.0740430 seconds, Stopping threads took: 0.0000350 seconds
175.318: Application time: 0.0236790 seconds
175.318: [Full GC [PSYoungGen: 138752K->33925K(161280K)] [ParOldGen: 367437K->367437K(367616K)] 506189K->401362K(528896K) [PSPermGen: 13642K->13642K(21504K)], 0.0735620 secs] [Times: user=0.51 sys=0.00, real=0.08 secs] 
175.392: Total time for which application threads were stopped: 0.0741820 seconds, Stopping threads took: 0.0000600 seconds
175.416: Application time: 0.0241180 seconds
175.420: [Full GC [PSYoungGen: 138752K->33938K(161280K)] [ParOldGen: 367437K->367437K(367616K)] 506189K->401375K(528896K) [PSPermGen: 13642K->13642K(21504K)], 0.0742660 secs] [Times: user=0.52 sys=0.00, real=0.08 secs] 
175.494: Total time for which application threads were stopped: 0.0782290 seconds, Stopping threads took: 0.0033850 seconds
175.518: Application time: 0.0240580 seconds
175.519: [Full GC [PSYoungGen: 138752K->33956K(161280K)] [ParOldGen: 367437K->367437K(367616K)] 506189K->401394K(528896K) [PSPermGen: 13642K->13642K(21504K)], 0.0737280 secs] [Times: user=0.52 sys=0.00, real=0.08 secs] 
175.593: Total time for which application threads were stopped: 0.0743520 seconds, Stopping threads took: 0.0000430 seconds
175.616: Application time: 0.0236290 seconds
175.617: [Full GC [PSYoungGen: 138752K->33971K(161280K)] [ParOldGen: 367437K->367437K(367616K)] 506189K->401408K(528896K) [PSPermGen: 13642K->13642K(21504K)], 0.0737120 secs] [Times: user=0.51 sys=0.01, real=0.07 secs] 
175.691: Total time for which application threads were stopped: 0.0744050 seconds, Stopping threads took: 0.0000480 seconds
175.714: Application time: 0.0235890 seconds
175.715: [Full GC [PSYoungGen: 138752K->33984K(161280K)] [ParOldGen: 367437K->367437K(367616K)] 506189K->401421K(528896K) [PSPermGen: 13642K->13642K(21504K)], 0.0737640 secs] [Times: user=0.52 sys=0.00, real=0.07 secs] 
175.789: Total time for which application threads were stopped: 0.0743810 seconds, Stopping threads took: 0.0000390 seconds
175.813: Application time: 0.0239370 seconds
175.813: [Full GC [PSYoungGen: 138752K->33999K(161280K)] [ParOldGen: 367437K->367437K(367616K)] 506189K->401437K(528896K) [PSPermGen: 13642K->13642K(21504K)], 0.0732260 secs] [Times: user=0.52 sys=0.00, real=0.07 secs] 
175.886: Total time for which application threads were stopped: 0.0738740 seconds, Stopping threads took: 0.0000570 seconds
175.910: Application time: 0.0236900 seconds
175.911: [Full GC [PSYoungGen: 138752K->34014K(161280K)] [ParOldGen: 367437K->367437K(367616K)] 506189K->401451K(528896K) [PSPermGen: 13642K->13642K(21504K)], 0.0745830 secs] [Times: user=0.52 sys=0.00, real=0.08 secs] 
175.985: Total time for which application threads were stopped: 0.0752030 seconds, Stopping threads took: 0.0000490 seconds
176.009: Application time: 0.0238030 seconds
176.010: [Full GC [PSYoungGen: 138752K->34027K(161280K)] [ParOldGen: 367437K->367437K(367616K)] 506189K->401464K(528896K) [PSPermGen: 13642K->13642K(21504K)], 0.0738820 secs] [Times: user=0.51 sys=0.01, real=0.08 secs] 
176.084: Total time for which application threads were stopped: 0.0745230 seconds, Stopping threads took: 0.0000610 seconds
176.107: Application time: 0.0237370 seconds
176.108: [Full GC [PSYoungGen: 138752K->34044K(161280K)] [ParOldGen: 367437K->367437K(367616K)] 506189K->401481K(528896K) [PSPermGen: 13642K->13642K(21504K)], 0.0735150 secs] [Times: user=0.51 sys=0.00, real=0.07 secs] 
176.182: Total time for which application threads were stopped: 0.0741970 seconds, Stopping threads took: 0.0000420 seconds
176.206: Application time: 0.0240790 seconds
176.206: [Full GC [PSYoungGen: 138752K->34060K(161280K)] [ParOldGen: 367437K->367437K(367616K)] 506189K->401497K(528896K) [PSPermGen: 13642K->13642K(21504K)], 0.0736960 secs] [Times: user=0.52 sys=0.00, real=0.07 secs] 
176.280: Total time for which application threads were stopped: 0.0743130 seconds, Stopping threads took: 0.0000450 seconds
176.304: Application time: 0.0242650 seconds
176.305: [Full GC [PSYoungGen: 138752K->34075K(161280K)] [ParOldGen: 367437K->367437K(367616K)] 506189K->401513K(528896K) [PSPermGen: 13642K->13642K(21504K)], 0.0734830 secs] [Times: user=0.51 sys=0.00, real=0.07 secs] 
176.378: Total time for which application threads were stopped: 0.0741290 seconds, Stopping threads took: 0.0000600 seconds
176.403: Application time: 0.0241140 seconds
176.403: [Full GC [PSYoungGen: 138752K->34090K(161280K)] [ParOldGen: 367437K->367437K(367616K)] 506189K->401527K(528896K) [PSPermGen: 13642K->13642K(21504K)], 0.0734410 secs] [Times: user=0.52 sys=0.00, real=0.08 secs] 
176.477: Total time for which application threads were stopped: 0.0741310 seconds, Stopping threads took: 0.0000480 seconds
176.501: Application time: 0.0246650 seconds
176.502: [Full GC [PSYoungGen: 138752K->34105K(161280K)] [ParOldGen: 367437K->367437K(367616K)] 506189K->401542K(528896K) [PSPermGen: 13642K->13642K(21504K)], 0.0734780 secs] [Times: user=0.52 sys=0.00, real=0.08 secs] 
176.575: Total time for which application threads were stopped: 0.0741160 seconds, Stopping threads took: 0.0000570 seconds
176.601: Application time: 0.0253940 seconds
176.601: [Full GC [PSYoungGen: 138752K->33993K(161280K)] [ParOldGen: 367437K->367437K(367616K)] 506189K->401430K(528896K) [PSPermGen: 13642K->13642K(21504K)], 0.0733870 secs] [Times: user=0.51 sys=0.00, real=0.08 secs] 
176.675: Total time for which application threads were stopped: 0.0740640 seconds, Stopping threads took: 0.0000570 seconds
176.700: Application time: 0.0248990 seconds
176.700: [Full GC [PSYoungGen: 138752K->33933K(161280K)] [ParOldGen: 367437K->367437K(367616K)] 506189K->401370K(528896K) [PSPermGen: 13642K->13642K(21504K)], 0.0741780 secs] [Times: user=0.52 sys=0.00, real=0.08 secs] 
176.775: Total time for which application threads were stopped: 0.0748310 seconds, Stopping threads took: 0.0000880 seconds
176.799: Application time: 0.0244370 seconds
176.800: [Full GC [PSYoungGen: 138752K->33939K(161280K)] [ParOldGen: 367437K->367437K(367616K)] 506189K->401376K(528896K) [PSPermGen: 13642K->13642K(21504K)], 0.0737410 secs] [Times: user=0.51 sys=0.00, real=0.08 secs] 
176.874: Total time for which application threads were stopped: 0.0743860 seconds, Stopping threads took: 0.0000630 seconds
176.898: Application time: 0.0243620 seconds
176.898: [Full GC [PSYoungGen: 138752K->33892K(161280K)] [ParOldGen: 367437K->367437K(367616K)] 506189K->401329K(528896K) [PSPermGen: 13642K->13642K(21504K)], 0.0753420 secs] [Times: user=0.52 sys=0.00, real=0.08 secs] 
176.974: Total time for which application threads were stopped: 0.0759880 seconds, Stopping threads took: 0.0000710 seconds
176.999: Application time: 0.0247140 seconds
176.999: [Full GC [PSYoungGen: 138752K->33901K(161280K)] [ParOldGen: 367437K->367437K(367616K)] 506189K->401338K(528896K) [PSPermGen: 13642K->13642K(21504K)], 0.0735350 secs] [Times: user=0.52 sys=0.00, real=0.08 secs] 
177.073: Total time for which application threads were stopped: 0.0741530 seconds, Stopping threads took: 0.0000470 seconds
177.097: Application time: 0.0245600 seconds
177.098: [Full GC [PSYoungGen: 138752K->33916K(161280K)] [ParOldGen: 367437K->367437K(367616K)] 506189K->401353K(528896K) [PSPermGen: 13642K->13642K(21504K)], 0.0732750 secs] [Times: user=0.52 sys=0.00, real=0.07 secs] 
177.171: Total time for which application threads were stopped: 0.0739510 seconds, Stopping threads took: 0.0000700 seconds
177.196: Application time: 0.0243170 seconds
177.196: [Full GC [PSYoungGen: 138752K->33932K(161280K)] [ParOldGen: 367437K->367437K(367616K)] 506189K->401369K(528896K) [PSPermGen: 13642K->13642K(21504K)], 0.0725190 secs] [Times: user=0.51 sys=0.01, real=0.07 secs] 
177.269: Total time for which application threads were stopped: 0.0732250 seconds, Stopping threads took: 0.0000710 seconds
177.293: Application time: 0.0240810 seconds
177.293: [Full GC [PSYoungGen: 138752K->33943K(161280K)] [ParOldGen: 367437K->367437K(367616K)] 506189K->401380K(528896K) [PSPermGen: 13642K->13642K(21504K)], 0.0729180 secs] [Times: user=0.52 sys=0.00, real=0.07 secs] 
177.366: Total time for which application threads were stopped: 0.0735480 seconds, Stopping threads took: 0.0000590 seconds
177.391: Application time: 0.0249430 seconds
177.392: [Full GC [PSYoungGen: 138752K->33905K(161280K)] [ParOldGen: 367437K->367437K(367616K)] 506189K->401342K(528896K) [PSPermGen: 13642K->13642K(21504K)], 0.0744650 secs] [Times: user=0.51 sys=0.00, real=0.07 secs] 
177.467: Total time for which application threads were stopped: 0.0751570 seconds, Stopping threads took: 0.0000770 seconds
177.491: Application time: 0.0241660 seconds
177.491: [Full GC [PSYoungGen: 138752K->33849K(161280K)] [ParOldGen: 367437K->367437K(367616K)] 506189K->401287K(528896K) [PSPermGen: 13642K->13642K(21504K)], 0.0730100 secs] [Times: user=0.52 sys=0.00, real=0.07 secs] 
177.564: Total time for which application threads were stopped: 0.0737360 seconds, Stopping threads took: 0.0000620 seconds
177.589: Application time: 0.0242710 seconds
177.589: [Full GC [PSYoungGen: 138752K->33737K(161280K)] [ParOldGen: 367437K->367437K(367616K)] 506189K->401174K(528896K) [PSPermGen: 13642K->13642K(21504K)], 0.0735560 secs] [Times: user=0.50 sys=0.00, real=0.07 secs] 
177.663: Total time for which application threads were stopped: 0.0741930 seconds, Stopping threads took: 0.0000750 seconds
177.687: Application time: 0.0238270 seconds
177.687: [Full GC [PSYoungGen: 138752K->33724K(161280K)] [ParOldGen: 367437K->367437K(367616K)] 506189K->401161K(528896K) [PSPermGen: 13642K->13642K(21504K)], 0.0731150 secs] [Times: user=0.51 sys=0.01, real=0.07 secs] 
177.761: Total time for which application threads were stopped: 0.0737480 seconds, Stopping threads took: 0.0000560 seconds
177.785: Application time: 0.0243250 seconds
177.785: [Full GC [PSYoungGen: 138752K->33739K(161280K)] [ParOldGen: 367437K->367437K(367616K)] 506189K->401176K(528896K) [PSPermGen: 13642K->13642K(21504K)], 0.0731120 secs] [Times: user=0.51 sys=0.00, real=0.07 secs] 
177.859: Total time for which application threads were stopped: 0.0737540 seconds, Stopping threads took: 0.0000630 seconds
177.883: Application time: 0.0242740 seconds
177.884: [Full GC [PSYoungGen: 138752K->33753K(161280K)] [ParOldGen: 367437K->367437K(367616K)] 506189K->401190K(528896K) [PSPermGen: 13642K->13642K(21504K)], 0.0732450 secs] [Times: user=0.52 sys=0.00, real=0.07 secs] 
177.957: Total time for which application threads were stopped: 0.0739610 seconds, Stopping threads took: 0.0000630 seconds
177.981: Application time: 0.0240000 seconds
177.981: [Full GC [PSYoungGen: 138752K->33768K(161280K)] [ParOldGen: 367437K->367437K(367616K)] 506189K->401205K(528896K) [PSPermGen: 13642K->13642K(21504K)], 0.0733760 secs] [Times: user=0.52 sys=0.00, real=0.08 secs] 
178.055: Total time for which application threads were stopped: 0.0740210 seconds, Stopping threads took: 0.0000650 seconds
178.079: Application time: 0.0246510 seconds
178.080: [Full GC [PSYoungGen: 138752K->33783K(161280K)] [ParOldGen: 367437K->367437K(367616K)] 506189K->401220K(528896K) [PSPermGen: 13642K->13642K(21504K)], 0.0740340 secs] [Times: user=0.52 sys=0.00, real=0.08 secs] 
178.154: Total time for which application threads were stopped: 0.0746890 seconds, Stopping threads took: 0.0000640 seconds
178.179: Application time: 0.0244360 seconds
178.179: [Full GC [PSYoungGen: 138752K->33798K(161280K)] [ParOldGen: 367437K->367437K(367616K)] 506189K->401235K(528896K) [PSPermGen: 13642K->13642K(21504K)], 0.0735080 secs] [Times: user=0.52 sys=0.00, real=0.08 secs] 
178.253: Total time for which application threads were stopped: 0.0742120 seconds, Stopping threads took: 0.0000670 seconds
178.277: Application time: 0.0240900 seconds
178.278: [Full GC [PSYoungGen: 138752K->33813K(161280K)] [ParOldGen: 367437K->367437K(367616K)] 506189K->401250K(528896K) [PSPermGen: 13642K->13642K(21504K)], 0.0733990 secs] [Times: user=0.52 sys=0.00, real=0.07 secs] 
178.351: Total time for which application threads were stopped: 0.0740120 seconds, Stopping threads took: 0.0000590 seconds
178.375: Application time: 0.0241050 seconds
178.376: [Full GC [PSYoungGen: 138752K->33828K(161280K)] [ParOldGen: 367437K->367437K(367616K)] 506189K->401265K(528896K) [PSPermGen: 13642K->13642K(21504K)], 0.0737720 secs] [Times: user=0.51 sys=0.00, real=0.07 secs] 
178.450: Total time for which application threads were stopped: 0.0744670 seconds, Stopping threads took: 0.0000640 seconds
178.474: Application time: 0.0246570 seconds
178.475: [Full GC [PSYoungGen: 138752K->33843K(161280K)] [ParOldGen: 367437K->367437K(367616K)] 506189K->401280K(528896K) [PSPermGen: 13642K->13642K(21504K)], 0.0755610 secs] [Times: user=0.53 sys=0.00, real=0.07 secs] 
178.550: Total time for which application threads were stopped: 0.0762220 seconds, Stopping threads took: 0.0000300 seconds
178.575: Application time: 0.0244100 seconds
178.575: [Full GC [PSYoungGen: 138752K->33859K(161280K)] [ParOldGen: 367437K->367437K(367616K)] 506189K->401296K(528896K) [PSPermGen: 13642K->13642K(21504K)], 0.0763070 secs] [Times: user=0.54 sys=0.00, real=0.08 secs] 
178.652: Total time for which application threads were stopped: 0.0769630 seconds, Stopping threads took: 0.0000620 seconds
178.676: Application time: 0.0241680 seconds
178.677: [Full GC [PSYoungGen: 138752K->33875K(161280K)] [ParOldGen: 367437K->367437K(367616K)] 506189K->401312K(528896K) [PSPermGen: 13642K->13642K(21504K)], 0.0734380 secs] [Times: user=0.51 sys=0.00, real=0.07 secs] 
178.750: Total time for which application threads were stopped: 0.0741580 seconds, Stopping threads took: 0.0000570 seconds
178.774: Application time: 0.0239730 seconds
178.775: [Full GC [PSYoungGen: 138752K->33888K(161280K)] [ParOldGen: 367437K->367437K(367616K)] 506189K->401325K(528896K) [PSPermGen: 13642K->13642K(21504K)], 0.0732090 secs] [Times: user=0.51 sys=0.00, real=0.07 secs] 
178.848: Total time for which application threads were stopped: 0.0739010 seconds, Stopping threads took: 0.0000580 seconds
178.872: Application time: 0.0241930 seconds
178.873: [Full GC [PSYoungGen: 138752K->33903K(161280K)] [ParOldGen: 367437K->367437K(367616K)] 506189K->401340K(528896K) [PSPermGen: 13642K->13642K(21504K)], 0.0732480 secs] [Times: user=0.51 sys=0.00, real=0.07 secs] 
178.946: Total time for which application threads were stopped: 0.0738890 seconds, Stopping threads took: 0.0000640 seconds
178.970: Application time: 0.0243350 seconds
178.971: [Full GC [PSYoungGen: 138752K->33917K(161280K)] [ParOldGen: 367437K->367437K(367616K)] 506189K->401354K(528896K) [PSPermGen: 13642K->13642K(21504K)], 0.0745020 secs] [Times: user=0.52 sys=0.00, real=0.08 secs] 
179.046: Total time for which application threads were stopped: 0.0751800 seconds, Stopping threads took: 0.0000560 seconds
179.069: Application time: 0.0236200 seconds
179.070: [Full GC [PSYoungGen: 138752K->33932K(161280K)] [ParOldGen: 367437K->367437K(367616K)] 506189K->401369K(528896K) [PSPermGen: 13642K->13642K(21504K)], 0.0736310 secs] [Times: user=0.52 sys=0.00, real=0.08 secs] 
179.144: Total time for which application threads were stopped: 0.0742550 seconds, Stopping threads took: 0.0000640 seconds
179.167: Application time: 0.0239300 seconds
179.168: [Full GC [PSYoungGen: 138752K->33946K(161280K)] [ParOldGen: 367437K->367437K(367616K)] 506189K->401383K(528896K) [PSPermGen: 13642K->13642K(21504K)], 0.0753310 secs] [Times: user=0.52 sys=0.00, real=0.08 secs] 
179.243: Total time for which application threads were stopped: 0.0759390 seconds, Stopping threads took: 0.0000400 seconds
179.267: Application time: 0.0240230 seconds
179.268: [Full GC [PSYoungGen: 138752K->33963K(161280K)] [ParOldGen: 367437K->367437K(367616K)] 506189K->401400K(528896K) [PSPermGen: 13642K->13642K(21504K)], 0.0742660 secs] [Times: user=0.51 sys=0.00, real=0.07 secs] 
179.342: Total time for which application threads were stopped: 0.0749250 seconds, Stopping threads took: 0.0000680 seconds
179.366: Application time: 0.0239600 seconds
179.367: [Full GC [PSYoungGen: 138752K->33976K(161280K)] [ParOldGen: 367437K->367437K(367616K)] 506189K->401413K(528896K) [PSPermGen: 13642K->13642K(21504K)], 0.0737350 secs] [Times: user=0.52 sys=0.00, real=0.07 secs] 
179.441: Total time for which application threads were stopped: 0.0743730 seconds, Stopping threads took: 0.0000620 seconds
179.465: Application time: 0.0241440 seconds
179.465: [Full GC [PSYoungGen: 138752K->33482K(161280K)] [ParOldGen: 367437K->367295K(367616K)] 506189K->400777K(528896K) [PSPermGen: 13642K->13639K(21504K)], 0.2549470 secs] [Times: user=1.93 sys=0.01, real=0.25 secs] 
179.720: Total time for which application threads were stopped: 0.2555770 seconds, Stopping threads took: 0.0000450 seconds
179.721: Application time: 0.0002370 seconds
179.721: Total time for which application threads were stopped: 0.0006130 seconds, Stopping threads took: 0.0000530 seconds
179.744: Application time: 0.0231520 seconds
179.745: [Full GC [PSYoungGen: 138752K->33494K(161280K)] [ParOldGen: 367295K->367289K(367616K)] 506047K->400784K(528896K) [PSPermGen: 13639K->13639K(21504K)], 0.1267440 secs] [Times: user=0.91 sys=0.02, real=0.13 secs] 
179.872: Total time for which application threads were stopped: 0.1274260 seconds, Stopping threads took: 0.0000430 seconds
179.896: Application time: 0.0240360 seconds
179.896: [Full GC [PSYoungGen: 138752K->33513K(161280K)] [ParOldGen: 367289K->367289K(367616K)] 506041K->400803K(528896K) [PSPermGen: 13639K->13639K(21504K)], 0.0752620 secs] [Times: user=0.51 sys=0.00, real=0.08 secs] 
179.972: Total time for which application threads were stopped: 0.0759240 seconds, Stopping threads took: 0.0000570 seconds
179.996: Application time: 0.0244050 seconds
179.997: [Full GC [PSYoungGen: 138752K->33527K(161280K)] [ParOldGen: 367289K->367289K(367616K)] 506041K->400817K(528896K) [PSPermGen: 13639K->13639K(21504K)], 0.0729320 secs] [Times: user=0.51 sys=0.00, real=0.07 secs] 
180.070: Total time for which application threads were stopped: 0.0735410 seconds, Stopping threads took: 0.0000480 seconds
180.094: Application time: 0.0242110 seconds
180.095: [Full GC [PSYoungGen: 138752K->33542K(161280K)] [ParOldGen: 367289K->367289K(367616K)] 506041K->400832K(528896K) [PSPermGen: 13639K->13639K(21504K)], 0.0734200 secs] [Times: user=0.52 sys=0.00, real=0.07 secs] 
180.168: Total time for which application threads were stopped: 0.0740760 seconds, Stopping threads took: 0.0000700 seconds
180.192: Application time: 0.0241460 seconds
180.193: [Full GC [PSYoungGen: 138752K->33557K(161280K)] [ParOldGen: 367289K->367289K(367616K)] 506041K->400846K(528896K) [PSPermGen: 13639K->13639K(21504K)], 0.0729230 secs] [Times: user=0.51 sys=0.00, real=0.07 secs] 
180.266: Total time for which application threads were stopped: 0.0736390 seconds, Stopping threads took: 0.0000700 seconds
180.290: Application time: 0.0240480 seconds
180.290: [Full GC [PSYoungGen: 138752K->33571K(161280K)] [ParOldGen: 367289K->367289K(367616K)] 506041K->400860K(528896K) [PSPermGen: 13639K->13639K(21504K)], 0.0730440 secs] [Times: user=0.52 sys=0.00, real=0.08 secs] 
180.364: Total time for which application threads were stopped: 0.0736650 seconds, Stopping threads took: 0.0000640 seconds
180.389: Application time: 0.0256250 seconds
180.390: [Full GC [PSYoungGen: 138752K->33466K(161280K)] [ParOldGen: 367289K->367289K(367616K)] 506041K->400755K(528896K) [PSPermGen: 13639K->13639K(21504K)], 0.0734130 secs] [Times: user=0.52 sys=0.00, real=0.07 secs] 
180.463: Total time for which application threads were stopped: 0.0740560 seconds, Stopping threads took: 0.0000770 seconds
180.488: Application time: 0.0248340 seconds
180.489: [Full GC [PSYoungGen: 138752K->33460K(161280K)] [ParOldGen: 367289K->367289K(367616K)] 506041K->400750K(528896K) [PSPermGen: 13639K->13639K(21504K)], 0.0739970 secs] [Times: user=0.53 sys=0.00, real=0.07 secs] 
180.563: Total time for which application threads were stopped: 0.0747670 seconds, Stopping threads took: 0.0000710 seconds
180.588: Application time: 0.0248200 seconds
180.588: [Full GC [PSYoungGen: 138752K->33419K(161280K)] [ParOldGen: 367289K->367289K(367616K)] 506041K->400709K(528896K) [PSPermGen: 13639K->13639K(21504K)], 0.0740270 secs] [Times: user=0.51 sys=0.00, real=0.07 secs] 
180.662: Total time for which application threads were stopped: 0.0746700 seconds, Stopping threads took: 0.0000800 seconds
180.687: Application time: 0.0242490 seconds
180.687: [Full GC [PSYoungGen: 138752K->33415K(161280K)] [ParOldGen: 367289K->367289K(367616K)] 506041K->400705K(528896K) [PSPermGen: 13639K->13639K(21504K)], 0.0730590 secs] [Times: user=0.52 sys=0.00, real=0.07 secs] 
180.760: Total time for which application threads were stopped: 0.0737660 seconds, Stopping threads took: 0.0000740 seconds
180.785: Application time: 0.0243620 seconds
180.785: [Full GC [PSYoungGen: 138752K->33434K(161280K)] [ParOldGen: 367289K->367289K(367616K)] 506041K->400723K(528896K) [PSPermGen: 13639K->13639K(21504K)], 0.0759830 secs] [Times: user=0.54 sys=0.00, real=0.07 secs] 
180.861: Total time for which application threads were stopped: 0.0766390 seconds, Stopping threads took: 0.0000910 seconds
180.886: Application time: 0.0249010 seconds
180.887: [Full GC [PSYoungGen: 138752K->33449K(161280K)] [ParOldGen: 367289K->367289K(367616K)] 506041K->400739K(528896K) [PSPermGen: 13639K->13639K(21504K)], 0.0744690 secs] [Times: user=0.52 sys=0.00, real=0.07 secs] 
180.961: Total time for which application threads were stopped: 0.0751170 seconds, Stopping threads took: 0.0000490 seconds
180.986: Application time: 0.0244060 seconds
180.986: [Full GC [PSYoungGen: 138752K->33412K(161280K)] [ParOldGen: 367289K->367289K(367616K)] 506041K->400702K(528896K) [PSPermGen: 13639K->13639K(21504K)], 0.0732330 secs] [Times: user=0.52 sys=0.00, real=0.07 secs] 
181.060: Total time for which application threads were stopped: 0.0738750 seconds, Stopping threads took: 0.0000560 seconds
181.084: Application time: 0.0238950 seconds
181.084: [Full GC [PSYoungGen: 138752K->33414K(161280K)] [ParOldGen: 367289K->367289K(367616K)] 506041K->400704K(528896K) [PSPermGen: 13639K->13639K(21504K)], 0.0733500 secs] [Times: user=0.52 sys=0.00, real=0.07 secs] 
181.158: Total time for which application threads were stopped: 0.0741260 seconds, Stopping threads took: 0.0000820 seconds
181.182: Application time: 0.0240830 seconds
181.182: [Full GC [PSYoungGen: 138752K->33427K(161280K)] [ParOldGen: 367289K->367289K(367616K)] 506041K->400717K(528896K) [PSPermGen: 13639K->13639K(21504K)], 0.0729480 secs] [Times: user=0.51 sys=0.01, real=0.08 secs] 
181.255: Total time for which application threads were stopped: 0.0736030 seconds, Stopping threads took: 0.0000540 seconds
181.280: Application time: 0.0244180 seconds
181.280: [Full GC [PSYoungGen: 138752K->33441K(161280K)] [ParOldGen: 367289K->367289K(367616K)] 506041K->400731K(528896K) [PSPermGen: 13639K->13639K(21504K)], 0.0734610 secs] [Times: user=0.51 sys=0.00, real=0.08 secs] 
181.354: Total time for which application threads were stopped: 0.0740970 seconds, Stopping threads took: 0.0000760 seconds
181.380: Application time: 0.0256680 seconds
181.380: [Full GC [PSYoungGen: 138752K->33382K(161280K)] [ParOldGen: 367289K->367289K(367616K)] 506041K->400672K(528896K) [PSPermGen: 13639K->13639K(21504K)], 0.0747510 secs] [Times: user=0.52 sys=0.00, real=0.08 secs] 
181.455: Total time for which application threads were stopped: 0.0753850 seconds, Stopping threads took: 0.0000610 seconds
181.482: Application time: 0.0266520 seconds
181.482: [Full GC [PSYoungGen: 138752K->33238K(161280K)] [ParOldGen: 367289K->367289K(367616K)] 506041K->400527K(528896K) [PSPermGen: 13639K->13639K(21504K)], 0.0733070 secs] [Times: user=0.51 sys=0.00, real=0.08 secs] 
181.556: Total time for which application threads were stopped: 0.0740390 seconds, Stopping threads took: 0.0000770 seconds
181.580: Application time: 0.0243250 seconds
181.581: [Full GC [PSYoungGen: 138752K->33205K(161280K)] [ParOldGen: 367289K->367289K(367616K)] 506041K->400495K(528896K) [PSPermGen: 13639K->13639K(21504K)], 0.0742310 secs] [Times: user=0.51 sys=0.00, real=0.08 secs] 
181.655: Total time for which application threads were stopped: 0.0748600 seconds, Stopping threads took: 0.0000630 seconds
181.679: Application time: 0.0244940 seconds
181.680: [Full GC [PSYoungGen: 138752K->33220K(161280K)] [ParOldGen: 367289K->367289K(367616K)] 506041K->400510K(528896K) [PSPermGen: 13639K->13639K(21504K)], 0.0741290 secs] [Times: user=0.52 sys=0.00, real=0.08 secs] 
181.754: Total time for which application threads were stopped: 0.0747860 seconds, Stopping threads took: 0.0000570 seconds
181.779: Application time: 0.0244200 seconds
181.779: [Full GC [PSYoungGen: 138752K->33235K(161280K)] [ParOldGen: 367289K->367289K(367616K)] 506041K->400525K(528896K) [PSPermGen: 13639K->13639K(21504K)], 0.0739580 secs] [Times: user=0.52 sys=0.00, real=0.08 secs] 
181.853: Total time for which application threads were stopped: 0.0745720 seconds, Stopping threads took: 0.0000550 seconds
181.877: Application time: 0.0242150 seconds
181.878: [Full GC [PSYoungGen: 138752K->33248K(161280K)] [ParOldGen: 367289K->367289K(367616K)] 506041K->400538K(528896K) [PSPermGen: 13639K->13639K(21504K)], 0.0737520 secs] [Times: user=0.52 sys=0.00, real=0.08 secs] 
181.952: Total time for which application threads were stopped: 0.0743800 seconds, Stopping threads took: 0.0000460 seconds
181.976: Application time: 0.0245900 seconds
181.977: [Full GC [PSYoungGen: 138752K->33267K(161280K)] [ParOldGen: 367289K->367289K(367616K)] 506041K->400557K(528896K) [PSPermGen: 13639K->13639K(21504K)], 0.0750630 secs] [Times: user=0.52 sys=0.00, real=0.08 secs] 
182.052: Total time for which application threads were stopped: 0.0757070 seconds, Stopping threads took: 0.0000530 seconds
182.076: Application time: 0.0243350 seconds
182.077: [Full GC [PSYoungGen: 138752K->33281K(161280K)] [ParOldGen: 367289K->367289K(367616K)] 506041K->400570K(528896K) [PSPermGen: 13639K->13639K(21504K)], 0.0742850 secs] [Times: user=0.53 sys=0.00, real=0.07 secs] 
182.151: Total time for which application threads were stopped: 0.0749190 seconds, Stopping threads took: 0.0000530 seconds
182.176: Application time: 0.0243720 seconds
182.176: [Full GC [PSYoungGen: 138752K->33291K(161280K)] [ParOldGen: 367289K->367289K(367616K)] 506041K->400580K(528896K) [PSPermGen: 13639K->13639K(21504K)], 0.0730610 secs] [Times: user=0.51 sys=0.00, real=0.07 secs] 
182.249: Total time for which application threads were stopped: 0.0736950 seconds, Stopping threads took: 0.0000620 seconds
182.274: Application time: 0.0242040 seconds
182.274: [Full GC [PSYoungGen: 138752K->33310K(161280K)] [ParOldGen: 367289K->367289K(367616K)] 506041K->400600K(528896K) [PSPermGen: 13639K->13639K(21504K)], 0.0729080 secs] [Times: user=0.51 sys=0.00, real=0.07 secs] 
182.347: Total time for which application threads were stopped: 0.0736100 seconds, Stopping threads took: 0.0000470 seconds
182.372: Application time: 0.0245450 seconds
182.372: [Full GC [PSYoungGen: 138752K->33326K(161280K)] [ParOldGen: 367289K->367289K(367616K)] 506041K->400616K(528896K) [PSPermGen: 13639K->13639K(21504K)], 0.0740130 secs] [Times: user=0.52 sys=0.00, real=0.07 secs] 
182.446: Total time for which application threads were stopped: 0.0746490 seconds, Stopping threads took: 0.0000520 seconds
182.471: Application time: 0.0246130 seconds
182.472: [Full GC [PSYoungGen: 138752K->33343K(161280K)] [ParOldGen: 367289K->367289K(367616K)] 506041K->400632K(528896K) [PSPermGen: 13639K->13639K(21504K)], 0.0735920 secs] [Times: user=0.52 sys=0.00, real=0.07 secs] 
182.545: Total time for which application threads were stopped: 0.0742410 seconds, Stopping threads took: 0.0000560 seconds
182.570: Application time: 0.0243600 seconds
182.570: [Full GC [PSYoungGen: 138752K->33355K(161280K)] [ParOldGen: 367289K->367289K(367616K)] 506041K->400645K(528896K) [PSPermGen: 13639K->13639K(21504K)], 0.0749160 secs] [Times: user=0.53 sys=0.00, real=0.08 secs] 
182.645: Total time for which application threads were stopped: 0.0755920 seconds, Stopping threads took: 0.0000420 seconds
182.669: Application time: 0.0241320 seconds
182.670: [Full GC [PSYoungGen: 138752K->33373K(161280K)] [ParOldGen: 367289K->367289K(367616K)] 506041K->400663K(528896K) [PSPermGen: 13639K->13639K(21504K)], 0.0727110 secs] [Times: user=0.51 sys=0.00, real=0.07 secs] 
182.743: Total time for which application threads were stopped: 0.0734310 seconds, Stopping threads took: 0.0000890 seconds
182.768: Application time: 0.0248020 seconds
182.768: [Full GC [PSYoungGen: 138752K->33385K(161280K)] [ParOldGen: 367289K->367289K(367616K)] 506041K->400674K(528896K) [PSPermGen: 13639K->13639K(21504K)], 0.0747260 secs] [Times: user=0.53 sys=0.00, real=0.07 secs] 
182.843: Total time for which application threads were stopped: 0.0753630 seconds, Stopping threads took: 0.0000640 seconds
182.868: Application time: 0.0248630 seconds
182.868: [Full GC [PSYoungGen: 138752K->33400K(161280K)] [ParOldGen: 367289K->367289K(367616K)] 506041K->400690K(528896K) [PSPermGen: 13639K->13639K(21504K)], 0.0734440 secs] [Times: user=0.52 sys=0.00, real=0.07 secs] 
182.942: Total time for which application threads were stopped: 0.0741180 seconds, Stopping threads took: 0.0000650 seconds
182.966: Application time: 0.0243700 seconds
182.967: [Full GC [PSYoungGen: 138752K->33413K(161280K)] [ParOldGen: 367289K->367289K(367616K)] 506041K->400703K(528896K) [PSPermGen: 13639K->13639K(21504K)], 0.0749140 secs] [Times: user=0.51 sys=0.00, real=0.07 secs] 
183.042: Total time for which application threads were stopped: 0.0755620 seconds, Stopping threads took: 0.0000630 seconds
183.066: Application time: 0.0243680 seconds
183.067: [Full GC [PSYoungGen: 138752K->33430K(161280K)] [ParOldGen: 367289K->367289K(367616K)] 506041K->400720K(528896K) [PSPermGen: 13639K->13639K(21504K)], 0.0741750 secs] [Times: user=0.52 sys=0.00, real=0.07 secs] 
183.141: Total time for which application threads were stopped: 0.0748310 seconds, Stopping threads took: 0.0000810 seconds
183.166: Application time: 0.0244550 seconds
183.166: [Full GC [PSYoungGen: 138752K->33443K(161280K)] [ParOldGen: 367289K->367289K(367616K)] 506041K->400732K(528896K) [PSPermGen: 13639K->13639K(21504K)], 0.0731530 secs] [Times: user=0.52 sys=0.00, real=0.07 secs] 
183.239: Total time for which application threads were stopped: 0.0738120 seconds, Stopping threads took: 0.0000710 seconds
183.264: Application time: 0.0241880 seconds
183.264: [Full GC [PSYoungGen: 138752K->33458K(161280K)] [ParOldGen: 367289K->367289K(367616K)] 506041K->400747K(528896K) [PSPermGen: 13639K->13639K(21504K)], 0.0729770 secs] [Times: user=0.52 sys=0.00, real=0.07 secs] 
183.337: Total time for which application threads were stopped: 0.0736290 seconds, Stopping threads took: 0.0000740 seconds
183.361: Application time: 0.0241900 seconds
183.362: [Full GC [PSYoungGen: 138752K->33477K(161280K)] [ParOldGen: 367289K->367289K(367616K)] 506041K->400767K(528896K) [PSPermGen: 13639K->13639K(21504K)], 0.0747020 secs] [Times: user=0.52 sys=0.00, real=0.08 secs] 
183.437: Total time for which application threads were stopped: 0.0753280 seconds, Stopping threads took: 0.0000540 seconds
183.461: Application time: 0.0239470 seconds
183.461: [Full GC [PSYoungGen: 138752K->33493K(161280K)] [ParOldGen: 367289K->367289K(367616K)] 506041K->400783K(528896K) [PSPermGen: 13639K->13639K(21504K)], 0.0735340 secs] [Times: user=0.50 sys=0.00, real=0.08 secs] 
183.535: Total time for which application threads were stopped: 0.0742450 seconds, Stopping threads took: 0.0000500 seconds
183.559: Application time: 0.0240360 seconds
183.560: [Full GC [PSYoungGen: 138752K->33508K(161280K)] [ParOldGen: 367289K->367289K(367616K)] 506041K->400797K(528896K) [PSPermGen: 13639K->13639K(21504K)], 0.0727030 secs] [Times: user=0.52 sys=0.00, real=0.08 secs] 
183.632: Total time for which application threads were stopped: 0.0733410 seconds, Stopping threads took: 0.0000590 seconds
183.658: Application time: 0.0253780 seconds
183.658: [Full GC [PSYoungGen: 138752K->33524K(161280K)] [ParOldGen: 367289K->367289K(367616K)] 506041K->400814K(528896K) [PSPermGen: 13639K->13639K(21504K)], 0.0728310 secs] [Times: user=0.52 sys=0.00, real=0.07 secs] 
183.731: Total time for which application threads were stopped: 0.0734740 seconds, Stopping threads took: 0.0000570 seconds
183.755: Application time: 0.0240210 seconds
183.756: [Full GC [PSYoungGen: 138752K->33539K(161280K)] [ParOldGen: 367289K->367289K(367616K)] 506041K->400829K(528896K) [PSPermGen: 13639K->13639K(21504K)], 0.0728340 secs] [Times: user=0.51 sys=0.00, real=0.07 secs] 
183.829: Total time for which application threads were stopped: 0.0735460 seconds, Stopping threads took: 0.0000640 seconds
183.853: Application time: 0.0239790 seconds
183.853: [Full GC [PSYoungGen: 138752K->33554K(161280K)] [ParOldGen: 367289K->367289K(367616K)] 506041K->400844K(528896K) [PSPermGen: 13639K->13639K(21504K)], 0.0729180 secs] [Times: user=0.52 sys=0.00, real=0.07 secs] 
183.926: Total time for which application threads were stopped: 0.0736130 seconds, Stopping threads took: 0.0000540 seconds
183.952: Application time: 0.0253470 seconds
183.952: [Full GC [PSYoungGen: 138752K->33439K(161280K)] [ParOldGen: 367289K->367289K(367616K)] 506041K->400729K(528896K) [PSPermGen: 13639K->13639K(21504K)], 0.0734410 secs] [Times: user=0.51 sys=0.00, real=0.07 secs] 
184.026: Total time for which application threads were stopped: 0.0740320 seconds, Stopping threads took: 0.0000470 seconds
184.050: Application time: 0.0244440 seconds
184.051: [Full GC [PSYoungGen: 138752K->33440K(161280K)] [ParOldGen: 367289K->367289K(367616K)] 506041K->400729K(528896K) [PSPermGen: 13639K->13639K(21504K)], 0.0733110 secs] [Times: user=0.52 sys=0.00, real=0.08 secs] 
184.124: Total time for which application threads were stopped: 0.0740200 seconds, Stopping threads took: 0.0000470 seconds
184.149: Application time: 0.0244770 seconds
184.149: [Full GC [PSYoungGen: 138752K->33457K(161280K)] [ParOldGen: 367289K->367289K(367616K)] 506041K->400746K(528896K) [PSPermGen: 13639K->13639K(21504K)], 0.0733790 secs] [Times: user=0.52 sys=0.00, real=0.07 secs] 
184.223: Total time for which application threads were stopped: 0.0740100 seconds, Stopping threads took: 0.0000590 seconds
184.247: Application time: 0.0246180 seconds
184.248: [Full GC [PSYoungGen: 138752K->33471K(161280K)] [ParOldGen: 367289K->367289K(367616K)] 506041K->400760K(528896K) [PSPermGen: 13639K->13639K(21504K)], 0.0743590 secs] [Times: user=0.53 sys=0.00, real=0.07 secs] 
184.322: Total time for which application threads were stopped: 0.0750070 seconds, Stopping threads took: 0.0000650 seconds
184.347: Application time: 0.0250640 seconds
184.348: [Full GC [PSYoungGen: 138752K->33424K(161280K)] [ParOldGen: 367289K->367289K(367616K)] 506041K->400714K(528896K) [PSPermGen: 13639K->13639K(21504K)], 0.0741090 secs] [Times: user=0.53 sys=0.00, real=0.07 secs] 
184.422: Total time for which application threads were stopped: 0.0747440 seconds, Stopping threads took: 0.0000510 seconds
184.447: Application time: 0.0244640 seconds
184.447: [Full GC [PSYoungGen: 138752K->33430K(161280K)] [ParOldGen: 367289K->367289K(367616K)] 506041K->400720K(528896K) [PSPermGen: 13639K->13639K(21504K)], 0.0728320 secs] [Times: user=0.50 sys=0.00, real=0.07 secs] 
184.520: Total time for which application threads were stopped: 0.0734510 seconds, Stopping threads took: 0.0000490 seconds
184.545: Application time: 0.0247260 seconds
184.545: [Full GC [PSYoungGen: 138752K->33447K(161280K)] [ParOldGen: 367289K->367289K(367616K)] 506041K->400737K(528896K) [PSPermGen: 13639K->13639K(21504K)], 0.0740450 secs] [Times: user=0.52 sys=0.00, real=0.07 secs] 
184.619: Total time for which application threads were stopped: 0.0747010 seconds, Stopping threads took: 0.0000610 seconds
184.645: Application time: 0.0256910 seconds
184.646: [Full GC [PSYoungGen: 138752K->33461K(161280K)] [ParOldGen: 367289K->367289K(367616K)] 506041K->400751K(528896K) [PSPermGen: 13639K->13639K(21504K)], 0.0743660 secs] [Times: user=0.52 sys=0.00, real=0.07 secs] 
184.720: Total time for which application threads were stopped: 0.0750800 seconds, Stopping threads took: 0.0001020 seconds
184.745: Application time: 0.0250870 seconds
184.746: [Full GC [PSYoungGen: 138752K->33421K(161280K)] [ParOldGen: 367289K->367289K(367616K)] 506041K->400711K(528896K) [PSPermGen: 13639K->13639K(21504K)], 0.0743060 secs] [Times: user=0.52 sys=0.00, real=0.07 secs] 
184.820: Total time for which application threads were stopped: 0.0749410 seconds, Stopping threads took: 0.0000570 seconds
184.845: Application time: 0.0246570 seconds
184.845: [Full GC [PSYoungGen: 138752K->33424K(161280K)] [ParOldGen: 367289K->367289K(367616K)] 506041K->400713K(528896K) [PSPermGen: 13639K->13639K(21504K)], 0.0733270 secs] [Times: user=0.52 sys=0.00, real=0.07 secs] 
184.919: Total time for which application threads were stopped: 0.0739440 seconds, Stopping threads took: 0.0000490 seconds
184.944: Application time: 0.0248880 seconds
184.944: [Full GC [PSYoungGen: 138752K->33438K(161280K)] [ParOldGen: 367289K->367289K(367616K)] 506041K->400728K(528896K) [PSPermGen: 13639K->13639K(21504K)], 0.0734600 secs] [Times: user=0.52 sys=0.00, real=0.07 secs] 
185.018: Total time for which application threads were stopped: 0.0741810 seconds, Stopping threads took: 0.0000650 seconds
185.044: Application time: 0.0256800 seconds
185.044: [Full GC [PSYoungGen: 138752K->33453K(161280K)] [ParOldGen: 367289K->367289K(367616K)] 506041K->400742K(528896K) [PSPermGen: 13639K->13639K(21504K)], 0.0728800 secs] [Times: user=0.51 sys=0.00, real=0.07 secs] 
185.117: Total time for which application threads were stopped: 0.0735670 seconds, Stopping threads took: 0.0000480 seconds
185.143: Application time: 0.0262260 seconds
185.144: [Full GC [PSYoungGen: 138752K->33397K(161280K)] [ParOldGen: 367289K->367289K(367616K)] 506041K->400687K(528896K) [PSPermGen: 13639K->13639K(21504K)], 0.0728340 secs] [Times: user=0.51 sys=0.00, real=0.07 secs] 
185.217: Total time for which application threads were stopped: 0.0735480 seconds, Stopping threads took: 0.0000540 seconds
185.242: Application time: 0.0249580 seconds
185.243: [Full GC [PSYoungGen: 138752K->33208K(161280K)] [ParOldGen: 367289K->367289K(367616K)] 506041K->400497K(528896K) [PSPermGen: 13639K->13639K(21504K)], 0.0728960 secs] [Times: user=0.52 sys=0.00, real=0.08 secs] 
185.316: Total time for which application threads were stopped: 0.0735620 seconds, Stopping threads took: 0.0000500 seconds
185.340: Application time: 0.0244680 seconds
185.341: [Full GC [PSYoungGen: 138752K->33216K(161280K)] [ParOldGen: 367289K->367289K(367616K)] 506041K->400506K(528896K) [PSPermGen: 13639K->13639K(21504K)], 0.0732940 secs] [Times: user=0.51 sys=0.00, real=0.08 secs] 
185.414: Total time for which application threads were stopped: 0.0739880 seconds, Stopping threads took: 0.0000470 seconds
185.438: Application time: 0.0238680 seconds
185.438: [Full GC [PSYoungGen: 138752K->33231K(161280K)] [ParOldGen: 367289K->367289K(367616K)] 506041K->400521K(528896K) [PSPermGen: 13639K->13639K(21504K)], 0.0738370 secs] [Times: user=0.52 sys=0.00, real=0.08 secs] 
185.512: Total time for which application threads were stopped: 0.0744710 seconds, Stopping threads took: 0.0000550 seconds
185.536: Application time: 0.0237160 seconds
185.537: [Full GC [PSYoungGen: 138752K->33247K(161280K)] [ParOldGen: 367289K->367289K(367616K)] 506041K->400537K(528896K) [PSPermGen: 13639K->13639K(21504K)], 0.0726200 secs] [Times: user=0.51 sys=0.00, real=0.07 secs] 
185.609: Total time for which application threads were stopped: 0.0732330 seconds, Stopping threads took: 0.0000480 seconds
185.633: Application time: 0.0241300 seconds
185.634: [Full GC [PSYoungGen: 138752K->33260K(161280K)] [ParOldGen: 367289K->367289K(367616K)] 506041K->400550K(528896K) [PSPermGen: 13639K->13639K(21504K)], 0.0734380 secs] [Times: user=0.51 sys=0.01, real=0.07 secs] 
185.707: Total time for which application threads were stopped: 0.0740650 seconds, Stopping threads took: 0.0000500 seconds
185.731: Application time: 0.0239630 seconds
185.732: [Full GC [PSYoungGen: 138752K->33273K(161280K)] [ParOldGen: 367289K->367289K(367616K)] 506041K->400563K(528896K) [PSPermGen: 13639K->13639K(21504K)], 0.0744440 secs] [Times: user=0.51 sys=0.00, real=0.07 secs] 
185.807: Total time for which application threads were stopped: 0.0750800 seconds, Stopping threads took: 0.0000510 seconds
185.831: Application time: 0.0240720 seconds
185.831: [Full GC [PSYoungGen: 138752K->33291K(161280K)] [ParOldGen: 367289K->367289K(367616K)] 506041K->400581K(528896K) [PSPermGen: 13639K->13639K(21504K)], 0.0733480 secs] [Times: user=0.51 sys=0.00, real=0.08 secs] 
185.905: Total time for which application threads were stopped: 0.0740170 seconds, Stopping threads took: 0.0000530 seconds
185.929: Application time: 0.0241900 seconds
185.929: [Full GC [PSYoungGen: 138752K->33303K(161280K)] [ParOldGen: 367289K->367289K(367616K)] 506041K->400593K(528896K) [PSPermGen: 13639K->13639K(21504K)], 0.0727250 secs] [Times: user=0.52 sys=0.00, real=0.07 secs] 
186.002: Total time for which application threads were stopped: 0.0734350 seconds, Stopping threads took: 0.0000560 seconds
186.027: Application time: 0.0252020 seconds
186.028: [Full GC [PSYoungGen: 138752K->33322K(161280K)] [ParOldGen: 367289K->367289K(367616K)] 506041K->400611K(528896K) [PSPermGen: 13639K->13639K(21504K)], 0.0738140 secs] [Times: user=0.51 sys=0.00, real=0.07 secs] 
186.102: Total time for which application threads were stopped: 0.0745160 seconds, Stopping threads took: 0.0000520 seconds
186.126: Application time: 0.0243980 seconds
186.127: [Full GC [PSYoungGen: 138752K->33337K(161280K)] [ParOldGen: 367289K->367289K(367616K)] 506041K->400626K(528896K) [PSPermGen: 13639K->13639K(21504K)], 0.0729440 secs] [Times: user=0.51 sys=0.00, real=0.07 secs] 
186.200: Total time for which application threads were stopped: 0.0735700 seconds, Stopping threads took: 0.0000550 seconds
186.224: Application time: 0.0244100 seconds
186.228: [Full GC [PSYoungGen: 138752K->33350K(161280K)] [ParOldGen: 367289K->367289K(367616K)] 506041K->400639K(528896K) [PSPermGen: 13639K->13639K(21504K)], 0.0735240 secs] [Times: user=0.51 sys=0.00, real=0.07 secs] 
186.301: Total time for which application threads were stopped: 0.0771070 seconds, Stopping threads took: 0.0030220 seconds
186.325: Application time: 0.0239810 seconds
186.326: [Full GC [PSYoungGen: 138752K->33366K(161280K)] [ParOldGen: 367289K->367289K(367616K)] 506041K->400656K(528896K) [PSPermGen: 13639K->13639K(21504K)], 0.0729720 secs] [Times: user=0.51 sys=0.00, real=0.07 secs] 
186.399: Total time for which application threads were stopped: 0.0736550 seconds, Stopping threads took: 0.0000420 seconds
186.423: Application time: 0.0242070 seconds
186.424: [Full GC [PSYoungGen: 138752K->33380K(161280K)] [ParOldGen: 367289K->367289K(367616K)] 506041K->400669K(528896K) [PSPermGen: 13639K->13639K(21504K)], 0.0733550 secs] [Times: user=0.52 sys=0.00, real=0.07 secs] 
186.497: Total time for which application threads were stopped: 0.0740230 seconds, Stopping threads took: 0.0000690 seconds
186.522: Application time: 0.0242950 seconds
186.522: [Full GC [PSYoungGen: 138752K->33396K(161280K)] [ParOldGen: 367289K->367289K(367616K)] 506041K->400686K(528896K) [PSPermGen: 13639K->13639K(21504K)], 0.0747040 secs] [Times: user=0.51 sys=0.00, real=0.08 secs] 
186.597: Total time for which application threads were stopped: 0.0753160 seconds, Stopping threads took: 0.0000410 seconds
186.621: Application time: 0.0241520 seconds
186.622: [Full GC [PSYoungGen: 138752K->33406K(161280K)] [ParOldGen: 367289K->367289K(367616K)] 506041K->400696K(528896K) [PSPermGen: 13639K->13639K(21504K)], 0.0739660 secs] [Times: user=0.52 sys=0.00, real=0.08 secs] 
186.696: Total time for which application threads were stopped: 0.0745950 seconds, Stopping threads took: 0.0000580 seconds
186.720: Application time: 0.0241050 seconds
186.724: [Full GC [PSYoungGen: 138752K->33426K(161280K)] [ParOldGen: 367289K->367289K(367616K)] 506041K->400715K(528896K) [PSPermGen: 13639K->13639K(21504K)], 0.0742890 secs] [Times: user=0.52 sys=0.00, real=0.07 secs] 
186.798: Total time for which application threads were stopped: 0.0784390 seconds, Stopping threads took: 0.0035610 seconds
186.823: Application time: 0.0243650 seconds
186.824: [Full GC [PSYoungGen: 138752K->33440K(161280K)] [ParOldGen: 367289K->367289K(367616K)] 506041K->400729K(528896K) [PSPermGen: 13639K->13639K(21504K)], 0.0739330 secs] [Times: user=0.52 sys=0.00, real=0.07 secs] 
186.898: Total time for which application threads were stopped: 0.0752610 seconds, Stopping threads took: 0.0007570 seconds
186.922: Application time: 0.0241680 seconds
186.923: [Full GC [PSYoungGen: 138752K->33455K(161280K)] [ParOldGen: 367289K->367289K(367616K)] 506041K->400744K(528896K) [PSPermGen: 13639K->13639K(21504K)], 0.0736700 secs] [Times: user=0.52 sys=0.00, real=0.08 secs] 
186.996: Total time for which application threads were stopped: 0.0743360 seconds, Stopping threads took: 0.0000620 seconds
187.021: Application time: 0.0242590 seconds
187.024: [Full GC [PSYoungGen: 138752K->33471K(161280K)] [ParOldGen: 367289K->367289K(367616K)] 506041K->400761K(528896K) [PSPermGen: 13639K->13639K(21504K)], 0.0737140 secs] [Times: user=0.52 sys=0.00, real=0.07 secs] 
187.098: Total time for which application threads were stopped: 0.0770270 seconds, Stopping threads took: 0.0027190 seconds
187.122: Application time: 0.0239660 seconds
187.124: [Full GC [PSYoungGen: 138752K->33489K(161280K)] [ParOldGen: 367289K->367289K(367616K)] 506041K->400778K(528896K) [PSPermGen: 13639K->13639K(21504K)], 0.0734920 secs] [Times: user=0.51 sys=0.00, real=0.07 secs] 
187.197: Total time for which application threads were stopped: 0.0757930 seconds, Stopping threads took: 0.0017210 seconds
187.221: Application time: 0.0240090 seconds
187.223: [Full GC [PSYoungGen: 138752K->33502K(161280K)] [ParOldGen: 367289K->367289K(367616K)] 506041K->400792K(528896K) [PSPermGen: 13639K->13639K(21504K)], 0.0734830 secs] [Times: user=0.52 sys=0.00, real=0.08 secs] 
187.297: Total time for which application threads were stopped: 0.0751080 seconds, Stopping threads took: 0.0010750 seconds
187.321: Application time: 0.0241100 seconds
187.321: [Full GC [PSYoungGen: 138752K->33516K(161280K)] [ParOldGen: 367289K->367289K(367616K)] 506041K->400805K(528896K) [PSPermGen: 13639K->13639K(21504K)], 0.0746560 secs] [Times: user=0.52 sys=0.00, real=0.08 secs] 
187.396: Total time for which application threads were stopped: 0.0752750 seconds, Stopping threads took: 0.0000470 seconds
187.420: Application time: 0.0241940 seconds
187.421: [Full GC [PSYoungGen: 138752K->33532K(161280K)] [ParOldGen: 367289K->367289K(367616K)] 506041K->400822K(528896K) [PSPermGen: 13639K->13639K(21504K)], 0.0730800 secs] [Times: user=0.52 sys=0.00, real=0.08 secs] 
187.494: Total time for which application threads were stopped: 0.0737150 seconds, Stopping threads took: 0.0000490 seconds
187.518: Application time: 0.0239900 seconds
187.518: [Full GC [PSYoungGen: 138752K->33547K(161280K)] [ParOldGen: 367289K->367289K(367616K)] 506041K->400837K(528896K) [PSPermGen: 13639K->13639K(21504K)], 0.0747370 secs] [Times: user=0.51 sys=0.00, real=0.08 secs] 
187.593: Total time for which application threads were stopped: 0.0753500 seconds, Stopping threads took: 0.0000510 seconds
187.619: Application time: 0.0253020 seconds
187.619: [Full GC [PSYoungGen: 138752K->33440K(161280K)] [ParOldGen: 367289K->367289K(367616K)] 506041K->400729K(528896K) [PSPermGen: 13639K->13639K(21504K)], 0.0733140 secs] [Times: user=0.52 sys=0.00, real=0.08 secs] 
187.692: Total time for which application threads were stopped: 0.0739610 seconds, Stopping threads took: 0.0000530 seconds
187.717: Application time: 0.0240360 seconds
187.720: [Full GC [PSYoungGen: 138752K->33433K(161280K)] [ParOldGen: 367289K->367289K(367616K)] 506041K->400723K(528896K) [PSPermGen: 13639K->13639K(21504K)], 0.0730170 secs] [Times: user=0.51 sys=0.00, real=0.08 secs] 
187.793: Total time for which application threads were stopped: 0.0764190 seconds, Stopping threads took: 0.0028390 seconds
187.817: Application time: 0.0241700 seconds
187.820: [Full GC [PSYoungGen: 138752K->33451K(161280K)] [ParOldGen: 367289K->367289K(367616K)] 506041K->400740K(528896K) [PSPermGen: 13639K->13639K(21504K)], 0.0733930 secs] [Times: user=0.51 sys=0.00, real=0.08 secs] 
187.893: Total time for which application threads were stopped: 0.0762360 seconds, Stopping threads took: 0.0022660 seconds
187.918: Application time: 0.0242820 seconds
187.920: [Full GC [PSYoungGen: 138752K->33466K(161280K)] [ParOldGen: 367289K->367289K(367616K)] 506041K->400756K(528896K) [PSPermGen: 13639K->13639K(21504K)], 0.0748000 secs] [Times: user=0.52 sys=0.00, real=0.08 secs] 
187.995: Total time for which application threads were stopped: 0.0771730 seconds, Stopping threads took: 0.0017840 seconds
188.019: Application time: 0.0244880 seconds
188.020: [Full GC [PSYoungGen: 138752K->33481K(161280K)] [ParOldGen: 367289K->367289K(367616K)] 506041K->400771K(528896K) [PSPermGen: 13639K->13639K(21504K)], 0.0785870 secs] [Times: user=0.54 sys=0.00, real=0.08 secs] 
188.099: Total time for which application threads were stopped: 0.0792420 seconds, Stopping threads took: 0.0000700 seconds
188.123: Application time: 0.0245900 seconds
188.124: [Full GC [PSYoungGen: 138752K->33493K(161280K)] [ParOldGen: 367289K->367289K(367616K)] 506041K->400782K(528896K) [PSPermGen: 13639K->13639K(21504K)], 0.0751870 secs] [Times: user=0.52 sys=0.00, real=0.07 secs] 
188.199: Total time for which application threads were stopped: 0.0758850 seconds, Stopping threads took: 0.0000650 seconds
188.224: Application time: 0.0245370 seconds
188.228: [Full GC [PSYoungGen: 138752K->33444K(161280K)] [ParOldGen: 367289K->367289K(367616K)] 506041K->400733K(528896K) [PSPermGen: 13639K->13639K(21504K)], 0.0753040 secs] [Times: user=0.53 sys=0.00, real=0.07 secs] 
188.303: Total time for which application threads were stopped: 0.0796790 seconds, Stopping threads took: 0.0037920 seconds
188.327: Application time: 0.0241540 seconds
188.328: [Full GC [PSYoungGen: 138752K->33457K(161280K)] [ParOldGen: 367289K->367289K(367616K)] 506041K->400747K(528896K) [PSPermGen: 13639K->13639K(21504K)], 0.0735470 secs] [Times: user=0.52 sys=0.00, real=0.07 secs] 
188.402: Total time for which application threads were stopped: 0.0741570 seconds, Stopping threads took: 0.0000410 seconds
188.426: Application time: 0.0243520 seconds
188.427: [Full GC [PSYoungGen: 138752K->33473K(161280K)] [ParOldGen: 367289K->367289K(367616K)] 506041K->400763K(528896K) [PSPermGen: 13639K->13639K(21504K)], 0.0739030 secs] [Times: user=0.52 sys=0.00, real=0.07 secs] 
188.500: Total time for which application threads were stopped: 0.0745440 seconds, Stopping threads took: 0.0000620 seconds
188.525: Application time: 0.0247610 seconds
188.526: [Full GC [PSYoungGen: 138752K->33433K(161280K)] [ParOldGen: 367289K->367289K(367616K)] 506041K->400723K(528896K) [PSPermGen: 13639K->13639K(21504K)], 0.0742540 secs] [Times: user=0.52 sys=0.00, real=0.07 secs] 
188.600: Total time for which application threads were stopped: 0.0749130 seconds, Stopping threads took: 0.0000700 seconds
188.625: Application time: 0.0244510 seconds
188.625: [Full GC [PSYoungGen: 138752K->33431K(161280K)] [ParOldGen: 367289K->367289K(367616K)] 506041K->400721K(528896K) [PSPermGen: 13639K->13639K(21504K)], 0.0733240 secs] [Times: user=0.51 sys=0.00, real=0.07 secs] 
188.699: Total time for which application threads were stopped: 0.0739670 seconds, Stopping threads took: 0.0000500 seconds
188.723: Application time: 0.0243000 seconds
188.723: [Full GC [PSYoungGen: 138752K->33448K(161280K)] [ParOldGen: 367289K->367289K(367616K)] 506041K->400737K(528896K) [PSPermGen: 13639K->13639K(21504K)], 0.0735660 secs] [Times: user=0.51 sys=0.00, real=0.07 secs] 
188.797: Total time for which application threads were stopped: 0.0742080 seconds, Stopping threads took: 0.0000610 seconds
188.822: Application time: 0.0244590 seconds
188.822: [Full GC [PSYoungGen: 138752K->33460K(161280K)] [ParOldGen: 367289K->367289K(367616K)] 506041K->400749K(528896K) [PSPermGen: 13639K->13639K(21504K)], 0.0729870 secs] [Times: user=0.52 sys=0.00, real=0.08 secs] 
188.895: Total time for which application threads were stopped: 0.0736270 seconds, Stopping threads took: 0.0000470 seconds
188.920: Application time: 0.0252500 seconds
188.921: [Full GC [PSYoungGen: 138752K->33259K(161280K)] [ParOldGen: 367289K->367289K(367616K)] 506041K->400548K(528896K) [PSPermGen: 13640K->13640K(21504K)], 0.0734010 secs] [Times: user=0.52 sys=0.00, real=0.08 secs] 
188.995: Total time for which application threads were stopped: 0.0741050 seconds, Stopping threads took: 0.0000700 seconds
189.018: Application time: 0.0239380 seconds
189.019: [Full GC [PSYoungGen: 138752K->33210K(161280K)] [ParOldGen: 367289K->367289K(367616K)] 506041K->400500K(528896K) [PSPermGen: 13640K->13640K(21504K)], 0.0745910 secs] [Times: user=0.51 sys=0.00, real=0.08 secs] 
189.094: Total time for which application threads were stopped: 0.0752200 seconds, Stopping threads took: 0.0000540 seconds
189.117: Application time: 0.0237240 seconds
189.120: [Full GC [PSYoungGen: 138752K->33226K(161280K)] [ParOldGen: 367289K->367289K(367616K)] 506041K->400516K(528896K) [PSPermGen: 13640K->13640K(21504K)], 0.0732250 secs] [Times: user=0.52 sys=0.01, real=0.08 secs] 
189.193: Total time for which application threads were stopped: 0.0757380 seconds, Stopping threads took: 0.0019400 seconds
189.217: Application time: 0.0240920 seconds
189.218: [Full GC [PSYoungGen: 138752K->33241K(161280K)] [ParOldGen: 367289K->367289K(367616K)] 506041K->400531K(528896K) [PSPermGen: 13640K->13640K(21504K)], 0.0726810 secs] [Times: user=0.51 sys=0.00, real=0.07 secs] 
189.291: Total time for which application threads were stopped: 0.0733330 seconds, Stopping threads took: 0.0000480 seconds
189.315: Application time: 0.0239350 seconds
189.315: [Full GC [PSYoungGen: 138752K->33257K(161280K)] [ParOldGen: 367289K->367289K(367616K)] 506041K->400546K(528896K) [PSPermGen: 13640K->13640K(21504K)], 0.0733030 secs] [Times: user=0.52 sys=0.00, real=0.07 secs] 
189.388: Total time for which application threads were stopped: 0.0739350 seconds, Stopping threads took: 0.0000570 seconds
189.413: Application time: 0.0244330 seconds
189.413: [Full GC [PSYoungGen: 138752K->33271K(161280K)] [ParOldGen: 367289K->367289K(367616K)] 506041K->400561K(528896K) [PSPermGen: 13640K->13640K(21504K)], 0.0736130 secs] [Times: user=0.52 sys=0.00, real=0.07 secs] 
189.487: Total time for which application threads were stopped: 0.0742520 seconds, Stopping threads took: 0.0000490 seconds
189.512: Application time: 0.0245380 seconds
189.512: [Full GC [PSYoungGen: 138752K->33286K(161280K)] [ParOldGen: 367289K->367289K(367616K)] 506041K->400576K(528896K) [PSPermGen: 13640K->13640K(21504K)], 0.0753650 secs] [Times: user=0.49 sys=0.00, real=0.07 secs] 
189.588: Total time for which application threads were stopped: 0.0759920 seconds, Stopping threads took: 0.0000430 seconds
189.612: Application time: 0.0246550 seconds
189.616: [Full GC [PSYoungGen: 138752K->33303K(161280K)] [ParOldGen: 367289K->367289K(367616K)] 506041K->400593K(528896K) [PSPermGen: 13640K->13640K(21504K)], 0.0753070 secs] [Times: user=0.53 sys=0.00, real=0.07 secs] 
189.691: Total time for which application threads were stopped: 0.0789040 seconds, Stopping threads took: 0.0030010 seconds
189.715: Application time: 0.0240090 seconds
189.720: [Full GC [PSYoungGen: 138752K->33318K(161280K)] [ParOldGen: 367289K->367289K(367616K)] 506041K->400607K(528896K) [PSPermGen: 13640K->13640K(21504K)], 0.0725270 secs] [Times: user=0.51 sys=0.01, real=0.08 secs] 
189.793: Total time for which application threads were stopped: 0.0772770 seconds, Stopping threads took: 0.0040860 seconds
189.817: Application time: 0.0240050 seconds
189.817: [Full GC [PSYoungGen: 138752K->33333K(161280K)] [ParOldGen: 367289K->367289K(367616K)] 506041K->400623K(528896K) [PSPermGen: 13640K->13640K(21504K)], 0.0722720 secs] [Times: user=0.51 sys=0.00, real=0.07 secs] 
189.890: Total time for which application threads were stopped: 0.0729710 seconds, Stopping threads took: 0.0000480 seconds
189.914: Application time: 0.0241320 seconds
189.916: [Full GC [PSYoungGen: 138752K->33346K(161280K)] [ParOldGen: 367289K->367289K(367616K)] 506041K->400636K(528896K) [PSPermGen: 13640K->13640K(21504K)], 0.0731140 secs] [Times: user=0.51 sys=0.00, real=0.07 secs] 
189.989: Total time for which application threads were stopped: 0.0753590 seconds, Stopping threads took: 0.0016850 seconds
190.013: Application time: 0.0241390 seconds
190.014: [Full GC [PSYoungGen: 138752K->33359K(161280K)] [ParOldGen: 367289K->367289K(367616K)] 506041K->400649K(528896K) [PSPermGen: 13640K->13640K(21504K)], 0.0729400 secs] [Times: user=0.51 sys=0.00, real=0.07 secs] 
190.087: Total time for which application threads were stopped: 0.0735410 seconds, Stopping threads took: 0.0000490 seconds
190.111: Application time: 0.0241940 seconds
190.112: [Full GC [PSYoungGen: 138752K->33376K(161280K)] [ParOldGen: 367289K->367289K(367616K)] 506041K->400665K(528896K) [PSPermGen: 13640K->13640K(21504K)], 0.0737060 secs] [Times: user=0.51 sys=0.00, real=0.07 secs] 
190.185: Total time for which application threads were stopped: 0.0743390 seconds, Stopping threads took: 0.0000610 seconds
190.210: Application time: 0.0244990 seconds
190.210: [Full GC [PSYoungGen: 138752K->33392K(161280K)] [ParOldGen: 367289K->367289K(367616K)] 506041K->400681K(528896K) [PSPermGen: 13640K->13640K(21504K)], 0.0743610 secs] [Times: user=0.53 sys=0.00, real=0.08 secs] 
190.285: Total time for which application threads were stopped: 0.0750330 seconds, Stopping threads took: 0.0000660 seconds
190.310: Application time: 0.0247090 seconds
190.310: [Full GC [PSYoungGen: 138752K->33406K(161280K)] [ParOldGen: 367289K->367289K(367616K)] 506041K->400696K(528896K) [PSPermGen: 13640K->13640K(21504K)], 0.0738010 secs] [Times: user=0.52 sys=0.00, real=0.08 secs] 
190.384: Total time for which application threads were stopped: 0.0744520 seconds, Stopping threads took: 0.0000480 seconds
190.408: Application time: 0.0243440 seconds
190.412: [Full GC [PSYoungGen: 138752K->33421K(161280K)] [ParOldGen: 367289K->367289K(367616K)] 506041K->400711K(528896K) [PSPermGen: 13640K->13640K(21504K)], 0.0745710 secs] [Times: user=0.52 sys=0.00, real=0.07 secs] 
190.487: Total time for which application threads were stopped: 0.0781990 seconds, Stopping threads took: 0.0030560 seconds
190.511: Application time: 0.0243630 seconds
190.511: [Full GC [PSYoungGen: 138752K->33438K(161280K)] [ParOldGen: 367289K->367289K(367616K)] 506041K->400727K(528896K) [PSPermGen: 13640K->13640K(21504K)], 0.0734910 secs] [Times: user=0.51 sys=0.00, real=0.07 secs] 
190.585: Total time for which application threads were stopped: 0.0741450 seconds, Stopping threads took: 0.0000530 seconds
190.610: Application time: 0.0245080 seconds
190.610: [Full GC [PSYoungGen: 138752K->33449K(161280K)] [ParOldGen: 367289K->367289K(367616K)] 506041K->400739K(528896K) [PSPermGen: 13640K->13640K(21504K)], 0.0746920 secs] [Times: user=0.52 sys=0.00, real=0.08 secs] 
190.685: Total time for which application threads were stopped: 0.0753300 seconds, Stopping threads took: 0.0000600 seconds
190.709: Application time: 0.0243330 seconds
190.710: [Full GC [PSYoungGen: 138752K->33466K(161280K)] [ParOldGen: 367289K->367289K(367616K)] 506041K->400756K(528896K) [PSPermGen: 13640K->13640K(21504K)], 0.0739620 secs] [Times: user=0.52 sys=0.00, real=0.08 secs] 
190.784: Total time for which application threads were stopped: 0.0745870 seconds, Stopping threads took: 0.0000580 seconds
190.808: Application time: 0.0246420 seconds
190.809: [Full GC [PSYoungGen: 138752K->33484K(161280K)] [ParOldGen: 367289K->367289K(367616K)] 506041K->400773K(528896K) [PSPermGen: 13640K->13640K(21504K)], 0.0740420 secs] [Times: user=0.52 sys=0.00, real=0.07 secs] 
190.883: Total time for which application threads were stopped: 0.0746660 seconds, Stopping threads took: 0.0000470 seconds
190.907: Application time: 0.0239580 seconds
190.908: [Full GC [PSYoungGen: 138752K->33497K(161280K)] [ParOldGen: 367289K->367289K(367616K)] 506041K->400786K(528896K) [PSPermGen: 13640K->13640K(21504K)], 0.0723810 secs] [Times: user=0.51 sys=0.00, real=0.07 secs] 
190.980: Total time for which application threads were stopped: 0.0731080 seconds, Stopping threads took: 0.0000540 seconds
191.005: Application time: 0.0243260 seconds
191.005: [Full GC [PSYoungGen: 138752K->33513K(161280K)] [ParOldGen: 367289K->367289K(367616K)] 506041K->400802K(528896K) [PSPermGen: 13640K->13640K(21504K)], 0.0748180 secs] [Times: user=0.53 sys=0.00, real=0.07 secs] 
191.080: Total time for which application threads were stopped: 0.0754460 seconds, Stopping threads took: 0.0000600 seconds
191.105: Application time: 0.0254960 seconds
191.106: [Full GC [PSYoungGen: 138752K->33525K(161280K)] [ParOldGen: 367289K->367289K(367616K)] 506041K->400814K(528896K) [PSPermGen: 13640K->13640K(21504K)], 0.0731850 secs] [Times: user=0.51 sys=0.00, real=0.07 secs] 
191.179: Total time for which application threads were stopped: 0.0738980 seconds, Stopping threads took: 0.0000560 seconds
191.204: Application time: 0.0244470 seconds
191.204: [Full GC [PSYoungGen: 138752K->33533K(161280K)] [ParOldGen: 367289K->367289K(367616K)] 506041K->400822K(528896K) [PSPermGen: 13640K->13640K(21504K)], 0.0725450 secs] [Times: user=0.51 sys=0.00, real=0.07 secs] 
191.277: Total time for which application threads were stopped: 0.0732110 seconds, Stopping threads took: 0.0000260 seconds
191.302: Application time: 0.0245540 seconds
191.302: [Full GC [PSYoungGen: 138752K->33436K(161280K)] [ParOldGen: 367289K->367289K(367616K)] 506041K->400726K(528896K) [PSPermGen: 13640K->13640K(21504K)], 0.0741600 secs] [Times: user=0.52 sys=0.00, real=0.08 secs] 
191.376: Total time for which application threads were stopped: 0.0748070 seconds, Stopping threads took: 0.0000640 seconds
191.401: Application time: 0.0242260 seconds
191.401: [Full GC [PSYoungGen: 138752K->33432K(161280K)] [ParOldGen: 367289K->367289K(367616K)] 506041K->400722K(528896K) [PSPermGen: 13640K->13640K(21504K)], 0.0728560 secs] [Times: user=0.51 sys=0.00, real=0.08 secs] 
191.474: Total time for which application threads were stopped: 0.0735330 seconds, Stopping threads took: 0.0000500 seconds
191.498: Application time: 0.0242800 seconds
191.499: [Full GC [PSYoungGen: 138752K->33448K(161280K)] [ParOldGen: 367289K->367289K(367616K)] 506041K->400738K(528896K) [PSPermGen: 13640K->13640K(21504K)], 0.0740250 secs] [Times: user=0.53 sys=0.00, real=0.08 secs] 
191.573: Total time for which application threads were stopped: 0.0746900 seconds, Stopping threads took: 0.0000590 seconds
191.597: Application time: 0.0241850 seconds
191.598: [Full GC [PSYoungGen: 138752K->33457K(161280K)] [ParOldGen: 367289K->367289K(367616K)] 506041K->400747K(528896K) [PSPermGen: 13640K->13640K(21504K)], 0.0737500 secs] [Times: user=0.52 sys=0.00, real=0.08 secs] 
191.672: Total time for which application threads were stopped: 0.0744030 seconds, Stopping threads took: 0.0000740 seconds
191.696: Application time: 0.0240990 seconds
191.696: [Full GC [PSYoungGen: 138752K->33477K(161280K)] [ParOldGen: 367289K->367289K(367616K)] 506041K->400766K(528896K) [PSPermGen: 13640K->13640K(21504K)], 0.0742910 secs] [Times: user=0.52 sys=0.00, real=0.07 secs] 
191.771: Total time for which application threads were stopped: 0.0749280 seconds, Stopping threads took: 0.0000500 seconds
191.795: Application time: 0.0245410 seconds
191.796: [Full GC [PSYoungGen: 138752K->33489K(161280K)] [ParOldGen: 367289K->367289K(367616K)] 506041K->400779K(528896K) [PSPermGen: 13640K->13640K(21504K)], 0.0747320 secs] [Times: user=0.53 sys=0.00, real=0.07 secs] 
191.871: Total time for which application threads were stopped: 0.0753910 seconds, Stopping threads took: 0.0000660 seconds
191.895: Application time: 0.0243590 seconds
191.896: [Full GC [PSYoungGen: 138752K->33504K(161280K)] [ParOldGen: 367289K->367289K(367616K)] 506041K->400794K(528896K) [PSPermGen: 13640K->13640K(21504K)], 0.0738830 secs] [Times: user=0.52 sys=0.00, real=0.07 secs] 
191.970: Total time for which application threads were stopped: 0.0746190 seconds, Stopping threads took: 0.0000740 seconds
191.994: Application time: 0.0248130 seconds
191.995: [Full GC [PSYoungGen: 138752K->33470K(161280K)] [ParOldGen: 367289K->367289K(367616K)] 506041K->400760K(528896K) [PSPermGen: 13640K->13640K(21504K)], 0.0817140 secs] [Times: user=0.57 sys=0.00, real=0.08 secs] 
192.077: Total time for which application threads were stopped: 0.0823380 seconds, Stopping threads took: 0.0000560 seconds
192.101: Application time: 0.0244330 seconds
192.102: [Full GC [PSYoungGen: 138752K->33469K(161280K)] [ParOldGen: 367289K->367289K(367616K)] 506041K->400758K(528896K) [PSPermGen: 13640K->13640K(21504K)], 0.0746400 secs] [Times: user=0.53 sys=0.00, real=0.08 secs] 
192.177: Total time for which application threads were stopped: 0.0752970 seconds, Stopping threads took: 0.0000610 seconds
192.202: Application time: 0.0250740 seconds
192.202: [Full GC [PSYoungGen: 138752K->33485K(161280K)] [ParOldGen: 367289K->367289K(367616K)] 506041K->400775K(528896K) [PSPermGen: 13640K->13640K(21504K)], 0.0760580 secs] [Times: user=0.51 sys=0.00, real=0.08 secs] 
192.278: Total time for which application threads were stopped: 0.0767120 seconds, Stopping threads took: 0.0000520 seconds
192.303: Application time: 0.0247410 seconds
192.304: [Full GC [PSYoungGen: 138752K->33436K(161280K)] [ParOldGen: 367289K->367289K(367616K)] 506041K->400725K(528896K) [PSPermGen: 13640K->13640K(21504K)], 0.0728960 secs] [Times: user=0.52 sys=0.00, real=0.07 secs] 
192.377: Total time for which application threads were stopped: 0.0735520 seconds, Stopping threads took: 0.0000590 seconds
192.401: Application time: 0.0242230 seconds
192.401: [Full GC [PSYoungGen: 138752K->33444K(161280K)] [ParOldGen: 367289K->367289K(367616K)] 506041K->400733K(528896K) [PSPermGen: 13640K->13640K(21504K)], 0.0733250 secs] [Times: user=0.51 sys=0.00, real=0.08 secs] 
192.475: Total time for which application threads were stopped: 0.0739730 seconds, Stopping threads took: 0.0000500 seconds
192.499: Application time: 0.0241880 seconds
192.500: [Full GC [PSYoungGen: 138752K->33457K(161280K)] [ParOldGen: 367289K->367289K(367616K)] 506041K->400747K(528896K) [PSPermGen: 13640K->13640K(21504K)], 0.0746560 secs] [Times: user=0.52 sys=0.00, real=0.08 secs] 
192.574: Total time for which application threads were stopped: 0.0753060 seconds, Stopping threads took: 0.0000540 seconds
192.601: Application time: 0.0262780 seconds
192.601: [Full GC [PSYoungGen: 138752K->33221K(161280K)] [ParOldGen: 367289K->367289K(367616K)] 506041K->400511K(528896K) [PSPermGen: 13640K->13640K(21504K)], 0.0747180 secs] [Times: user=0.52 sys=0.00, real=0.08 secs] 
192.676: Total time for which application threads were stopped: 0.0754180 seconds, Stopping threads took: 0.0000490 seconds
192.700: Application time: 0.0241190 seconds
192.701: [Full GC [PSYoungGen: 138752K->33202K(161280K)] [ParOldGen: 367289K->367289K(367616K)] 506041K->400492K(528896K) [PSPermGen: 13640K->13640K(21504K)], 0.0739310 secs] [Times: user=0.52 sys=0.00, real=0.08 secs] 
192.775: Total time for which application threads were stopped: 0.0745760 seconds, Stopping threads took: 0.0000550 seconds
192.799: Application time: 0.0240260 seconds
192.799: [Full GC [PSYoungGen: 138752K->33222K(161280K)] [ParOldGen: 367289K->367289K(367616K)] 506041K->400512K(528896K) [PSPermGen: 13640K->13640K(21504K)], 0.0733590 secs] [Times: user=0.50 sys=0.00, real=0.08 secs] 
192.873: Total time for which application threads were stopped: 0.0740610 seconds, Stopping threads took: 0.0000430 seconds
192.897: Application time: 0.0242890 seconds
192.898: [Full GC [PSYoungGen: 138752K->33236K(161280K)] [ParOldGen: 367289K->367289K(367616K)] 506041K->400526K(528896K) [PSPermGen: 13640K->13640K(21504K)], 0.0741050 secs] [Times: user=0.53 sys=0.00, real=0.08 secs] 
192.972: Total time for which application threads were stopped: 0.0747260 seconds, Stopping threads took: 0.0000420 seconds
192.996: Application time: 0.0242790 seconds
192.997: [Full GC [PSYoungGen: 138752K->33251K(161280K)] [ParOldGen: 367289K->367289K(367616K)] 506041K->400541K(528896K) [PSPermGen: 13640K->13640K(21504K)], 0.0732260 secs] [Times: user=0.51 sys=0.00, real=0.07 secs] 
193.070: Total time for which application threads were stopped: 0.0738400 seconds, Stopping threads took: 0.0000500 seconds
193.094: Application time: 0.0242500 seconds
193.095: [Full GC [PSYoungGen: 138752K->33269K(161280K)] [ParOldGen: 367289K->367289K(367616K)] 506041K->400559K(528896K) [PSPermGen: 13640K->13640K(21504K)], 0.0742120 secs] [Times: user=0.52 sys=0.00, real=0.07 secs] 
193.169: Total time for which application threads were stopped: 0.0748310 seconds, Stopping threads took: 0.0000490 seconds
193.193: Application time: 0.0243570 seconds
193.194: [Full GC [PSYoungGen: 138752K->33281K(161280K)] [ParOldGen: 367289K->367289K(367616K)] 506041K->400570K(528896K) [PSPermGen: 13640K->13640K(21504K)], 0.0745500 secs] [Times: user=0.53 sys=0.00, real=0.07 secs] 
193.269: Total time for which application threads were stopped: 0.0751690 seconds, Stopping threads took: 0.0000500 seconds
193.293: Application time: 0.0244640 seconds
193.294: [Full GC [PSYoungGen: 138752K->33297K(161280K)] [ParOldGen: 367289K->367289K(367616K)] 506041K->400586K(528896K) [PSPermGen: 13640K->13640K(21504K)], 0.0749640 secs] [Times: user=0.53 sys=0.00, real=0.07 secs] 
193.369: Total time for which application threads were stopped: 0.0756230 seconds, Stopping threads took: 0.0000630 seconds
193.393: Application time: 0.0242160 seconds
193.394: [Full GC [PSYoungGen: 138752K->33312K(161280K)] [ParOldGen: 367289K->367289K(367616K)] 506041K->400602K(528896K) [PSPermGen: 13640K->13640K(21504K)], 0.0736690 secs] [Times: user=0.51 sys=0.00, real=0.07 secs] 
193.467: Total time for which application threads were stopped: 0.0742940 seconds, Stopping threads took: 0.0000580 seconds
193.491: Application time: 0.0240720 seconds
193.493: [Full GC [PSYoungGen: 138752K->33321K(161280K)] [ParOldGen: 367289K->367289K(367616K)] 506041K->400611K(528896K) [PSPermGen: 13640K->13640K(21504K)], 0.0729280 secs] [Times: user=0.51 sys=0.00, real=0.07 secs] 
193.566: Total time for which application threads were stopped: 0.0745470 seconds, Stopping threads took: 0.0010580 seconds
193.591: Application time: 0.0253320 seconds
193.592: [Full GC [PSYoungGen: 138752K->33342K(161280K)] [ParOldGen: 367289K->367289K(367616K)] 506041K->400632K(528896K) [PSPermGen: 13640K->13640K(21504K)], 0.0730680 secs] [Times: user=0.50 sys=0.00, real=0.07 secs] 
193.665: Total time for which application threads were stopped: 0.0737840 seconds, Stopping threads took: 0.0000630 seconds
193.689: Application time: 0.0239450 seconds
193.696: [Full GC [PSYoungGen: 138752K->33357K(161280K)] [ParOldGen: 367289K->367289K(367616K)] 506041K->400646K(528896K) [PSPermGen: 13640K->13640K(21504K)], 0.0729100 secs] [Times: user=0.51 sys=0.00, real=0.07 secs] 
193.769: Total time for which application threads were stopped: 0.0800020 seconds, Stopping threads took: 0.0064590 seconds
193.793: Application time: 0.0241380 seconds
193.794: [Full GC [PSYoungGen: 138752K->33372K(161280K)] [ParOldGen: 367289K->367289K(367616K)] 506041K->400661K(528896K) [PSPermGen: 13640K->13640K(21504K)], 0.0723170 secs] [Times: user=0.51 sys=0.00, real=0.07 secs] 
193.866: Total time for which application threads were stopped: 0.0730160 seconds, Stopping threads took: 0.0000590 seconds
193.890: Application time: 0.0243830 seconds
193.892: [Full GC [PSYoungGen: 138752K->33388K(161280K)] [ParOldGen: 367289K->367289K(367616K)] 506041K->400678K(528896K) [PSPermGen: 13640K->13640K(21504K)], 0.0741810 secs] [Times: user=0.52 sys=0.01, real=0.07 secs] 
193.966: Total time for which application threads were stopped: 0.0756800 seconds, Stopping threads took: 0.0008940 seconds
193.990: Application time: 0.0243120 seconds
193.991: [Full GC [PSYoungGen: 138752K->33402K(161280K)] [ParOldGen: 367289K->367289K(367616K)] 506041K->400692K(528896K) [PSPermGen: 13640K->13640K(21504K)], 0.0731170 secs] [Times: user=0.51 sys=0.00, real=0.08 secs] 
194.064: Total time for which application threads were stopped: 0.0737520 seconds, Stopping threads took: 0.0000570 seconds
194.088: Application time: 0.0242560 seconds
194.089: [Full GC [PSYoungGen: 138752K->33417K(161280K)] [ParOldGen: 367289K->367289K(367616K)] 506041K->400707K(528896K) [PSPermGen: 13640K->13640K(21504K)], 0.0747510 secs] [Times: user=0.51 sys=0.00, real=0.08 secs] 
194.164: Total time for which application threads were stopped: 0.0753800 seconds, Stopping threads took: 0.0000520 seconds
194.188: Application time: 0.0241690 seconds
194.192: [Full GC [PSYoungGen: 138752K->33431K(161280K)] [ParOldGen: 367289K->367289K(367616K)] 506041K->400721K(528896K) [PSPermGen: 13640K->13640K(21504K)], 0.0753530 secs] [Times: user=0.52 sys=0.00, real=0.07 secs] 
194.267: Total time for which application threads were stopped: 0.0792490 seconds, Stopping threads took: 0.0033240 seconds
194.291: Application time: 0.0242010 seconds
194.292: [Full GC [PSYoungGen: 138752K->33445K(161280K)] [ParOldGen: 367289K->367289K(367616K)] 506041K->400734K(528896K) [PSPermGen: 13640K->13640K(21504K)], 0.0752920 secs] [Times: user=0.53 sys=0.00, real=0.07 secs] 
194.367: Total time for which application threads were stopped: 0.0759190 seconds, Stopping threads took: 0.0000520 seconds
194.392: Application time: 0.0245190 seconds
194.393: [Full GC [PSYoungGen: 138752K->33463K(161280K)] [ParOldGen: 367289K->367289K(367616K)] 506041K->400753K(528896K) [PSPermGen: 13640K->13640K(21504K)], 0.0736370 secs] [Times: user=0.52 sys=0.00, real=0.07 secs] 
194.466: Total time for which application threads were stopped: 0.0742840 seconds, Stopping threads took: 0.0000490 seconds
194.491: Application time: 0.0247310 seconds
194.492: [Full GC [PSYoungGen: 138752K->33478K(161280K)] [ParOldGen: 367289K->367289K(367616K)] 506041K->400767K(528896K) [PSPermGen: 13640K->13640K(21504K)], 0.0749660 secs] [Times: user=0.52 sys=0.01, real=0.07 secs] 
194.567: Total time for which application threads were stopped: 0.0756120 seconds, Stopping threads took: 0.0000510 seconds
194.591: Application time: 0.0239650 seconds
194.591: [Full GC [PSYoungGen: 138752K->33495K(161280K)] [ParOldGen: 367289K->367289K(367616K)] 506041K->400784K(528896K) [PSPermGen: 13640K->13640K(21504K)], 0.0735800 secs] [Times: user=0.51 sys=0.00, real=0.08 secs] 
194.665: Total time for which application threads were stopped: 0.0742030 seconds, Stopping threads took: 0.0000580 seconds
194.689: Application time: 0.0239380 seconds
194.689: [Full GC [PSYoungGen: 138752K->33508K(161280K)] [ParOldGen: 367289K->367289K(367616K)] 506041K->400798K(528896K) [PSPermGen: 13640K->13640K(21504K)], 0.0745540 secs] [Times: user=0.52 sys=0.00, real=0.08 secs] 
194.764: Total time for which application threads were stopped: 0.0751760 seconds, Stopping threads took: 0.0000400 seconds
194.788: Application time: 0.0239610 seconds
194.788: [Full GC [PSYoungGen: 138752K->33521K(161280K)] [ParOldGen: 367289K->367289K(367616K)] 506041K->400811K(528896K) [PSPermGen: 13640K->13640K(21504K)], 0.0731860 secs] [Times: user=0.52 sys=0.00, real=0.07 secs] 
194.862: Total time for which application threads were stopped: 0.0738110 seconds, Stopping threads took: 0.0000530 seconds
194.887: Application time: 0.0251960 seconds
194.887: [Full GC [PSYoungGen: 138752K->33427K(161280K)] [ParOldGen: 367289K->367289K(367616K)] 506041K->400717K(528896K) [PSPermGen: 13640K->13640K(21504K)], 0.0733960 secs] [Times: user=0.52 sys=0.00, real=0.07 secs] 
194.961: Total time for which application threads were stopped: 0.0740370 seconds, Stopping threads took: 0.0000740 seconds
194.985: Application time: 0.0241890 seconds
194.986: [Full GC [PSYoungGen: 138752K->33411K(161280K)] [ParOldGen: 367289K->367289K(367616K)] 506041K->400701K(528896K) [PSPermGen: 13640K->13640K(21504K)], 0.0732500 secs] [Times: user=0.52 sys=0.00, real=0.07 secs] 
195.059: Total time for which application threads were stopped: 0.0738930 seconds, Stopping threads took: 0.0000650 seconds
195.083: Application time: 0.0244050 seconds
195.084: [Full GC [PSYoungGen: 138752K->33425K(161280K)] [ParOldGen: 367289K->367289K(367616K)] 506041K->400715K(528896K) [PSPermGen: 13640K->13640K(21504K)], 0.0735310 secs] [Times: user=0.51 sys=0.00, real=0.07 secs] 
195.158: Total time for which application threads were stopped: 0.0742030 seconds, Stopping threads took: 0.0000370 seconds
195.182: Application time: 0.0239940 seconds
195.182: [Full GC [PSYoungGen: 138752K->33441K(161280K)] [ParOldGen: 367289K->367289K(367616K)] 506041K->400731K(528896K) [PSPermGen: 13640K->13640K(21504K)], 0.0732870 secs] [Times: user=0.51 sys=0.00, real=0.08 secs] 
195.255: Total time for which application threads were stopped: 0.0739040 seconds, Stopping threads took: 0.0000510 seconds
195.280: Application time: 0.0243370 seconds
195.280: [Full GC [PSYoungGen: 138752K->33457K(161280K)] [ParOldGen: 367289K->367289K(367616K)] 506041K->400747K(528896K) [PSPermGen: 13640K->13640K(21504K)], 0.0739930 secs] [Times: user=0.52 sys=0.00, real=0.08 secs] 
195.354: Total time for which application threads were stopped: 0.0746170 seconds, Stopping threads took: 0.0000420 seconds
195.379: Application time: 0.0243570 seconds
195.379: [Full GC [PSYoungGen: 138752K->33472K(161280K)] [ParOldGen: 367289K->367289K(367616K)] 506041K->400761K(528896K) [PSPermGen: 13640K->13640K(21504K)], 0.0745330 secs] [Times: user=0.52 sys=0.00, real=0.08 secs] 
195.454: Total time for which application threads were stopped: 0.0751820 seconds, Stopping threads took: 0.0000480 seconds
195.478: Application time: 0.0243390 seconds
195.479: [Full GC [PSYoungGen: 138752K->33487K(161280K)] [ParOldGen: 367289K->367289K(367616K)] 506041K->400777K(528896K) [PSPermGen: 13640K->13640K(21504K)], 0.0764080 secs] [Times: user=0.53 sys=0.01, real=0.08 secs] 
195.555: Total time for which application threads were stopped: 0.0770480 seconds, Stopping threads took: 0.0000450 seconds
195.580: Application time: 0.0242800 seconds
195.584: [Full GC [PSYoungGen: 138752K->33502K(161280K)] [ParOldGen: 367289K->367289K(367616K)] 506041K->400792K(528896K) [PSPermGen: 13640K->13640K(21504K)], 0.0799220 secs] [Times: user=0.55 sys=0.00, real=0.08 secs] 
195.664: Total time for which application threads were stopped: 0.0842080 seconds, Stopping threads took: 0.0036990 seconds
195.688: Application time: 0.0242610 seconds
195.689: [Full GC [PSYoungGen: 138752K->33518K(161280K)] [ParOldGen: 367289K->367289K(367616K)] 506041K->400808K(528896K) [PSPermGen: 13640K->13640K(21504K)], 0.0733780 secs] [Times: user=0.52 sys=0.00, real=0.07 secs] 
195.762: Total time for which application threads were stopped: 0.0740120 seconds, Stopping threads took: 0.0000660 seconds
195.787: Application time: 0.0244740 seconds
195.787: [Full GC [PSYoungGen: 138752K->33535K(161280K)] [ParOldGen: 367289K->367289K(367616K)] 506041K->400824K(528896K) [PSPermGen: 13640K->13640K(21504K)], 0.0739780 secs] [Times: user=0.53 sys=0.00, real=0.07 secs] 
195.861: Total time for which application threads were stopped: 0.0746210 seconds, Stopping threads took: 0.0000600 seconds
195.886: Application time: 0.0246880 seconds
195.887: [Full GC [PSYoungGen: 138752K->33489K(161280K)] [ParOldGen: 367289K->367289K(367616K)] 506041K->400778K(528896K) [PSPermGen: 13640K->13640K(21504K)], 0.0748320 secs] [Times: user=0.52 sys=0.00, real=0.07 secs] 
195.961: Total time for which application threads were stopped: 0.0754600 seconds, Stopping threads took: 0.0000520 seconds
195.985: Application time: 0.0240730 seconds
195.986: [Full GC [PSYoungGen: 138752K->33492K(161280K)] [ParOldGen: 367289K->367289K(367616K)] 506041K->400782K(528896K) [PSPermGen: 13640K->13640K(21504K)], 0.0731290 secs] [Times: user=0.52 sys=0.00, real=0.07 secs] 
196.059: Total time for which application threads were stopped: 0.0737370 seconds, Stopping threads took: 0.0000480 seconds
196.084: Application time: 0.0243500 seconds
196.084: [Full GC [PSYoungGen: 138752K->33454K(161280K)] [ParOldGen: 367289K->367289K(367616K)] 506041K->400744K(528896K) [PSPermGen: 13640K->13640K(21504K)], 0.0739100 secs] [Times: user=0.51 sys=0.00, real=0.07 secs] 
196.158: Total time for which application threads were stopped: 0.0745220 seconds, Stopping threads took: 0.0000470 seconds
196.182: Application time: 0.0240810 seconds
196.183: [Full GC [PSYoungGen: 138752K->33452K(161280K)] [ParOldGen: 367289K->367289K(367616K)] 506041K->400742K(528896K) [PSPermGen: 13640K->13640K(21504K)], 0.0734750 secs] [Times: user=0.51 sys=0.00, real=0.08 secs] 
196.256: Total time for which application threads were stopped: 0.0741250 seconds, Stopping threads took: 0.0000540 seconds
196.281: Application time: 0.0248860 seconds
196.282: [Full GC [PSYoungGen: 138752K->33460K(161280K)] [ParOldGen: 367289K->367289K(367616K)] 506041K->400750K(528896K) [PSPermGen: 13640K->13640K(21504K)], 0.0733130 secs] [Times: user=0.52 sys=0.00, real=0.08 secs] 
196.355: Total time for which application threads were stopped: 0.0739380 seconds, Stopping threads took: 0.0000390 seconds
196.383: Application time: 0.0277970 seconds
196.384: [Full GC [PSYoungGen: 138752K->33246K(161280K)] [ParOldGen: 367289K->367289K(367616K)] 506041K->400536K(528896K) [PSPermGen: 13640K->13640K(21504K)], 0.0725260 secs] [Times: user=0.50 sys=0.00, real=0.07 secs] 
196.456: Total time for which application threads were stopped: 0.0732410 seconds, Stopping threads took: 0.0000730 seconds
196.480: Application time: 0.0241840 seconds
196.481: [Full GC [PSYoungGen: 138752K->33214K(161280K)] [ParOldGen: 367289K->367289K(367616K)] 506041K->400504K(528896K) [PSPermGen: 13640K->13640K(21504K)], 0.0730840 secs] [Times: user=0.51 sys=0.00, real=0.08 secs] 
196.554: Total time for which application threads were stopped: 0.0737090 seconds, Stopping threads took: 0.0000500 seconds
196.579: Application time: 0.0244720 seconds
196.579: [Full GC [PSYoungGen: 138752K->33232K(161280K)] [ParOldGen: 367289K->367289K(367616K)] 506041K->400521K(528896K) [PSPermGen: 13640K->13640K(21504K)], 0.0740120 secs] [Times: user=0.51 sys=0.00, real=0.08 secs] 
196.653: Total time for which application threads were stopped: 0.0747430 seconds, Stopping threads took: 0.0000830 seconds
196.678: Application time: 0.0242800 seconds
196.678: [Full GC [PSYoungGen: 138752K->33247K(161280K)] [ParOldGen: 367289K->367289K(367616K)] 506041K->400537K(528896K) [PSPermGen: 13640K->13640K(21504K)], 0.0731540 secs] [Times: user=0.51 sys=0.00, real=0.08 secs] 
196.751: Total time for which application threads were stopped: 0.0737990 seconds, Stopping threads took: 0.0000610 seconds
196.775: Application time: 0.0238870 seconds
196.776: [Full GC [PSYoungGen: 138752K->33260K(161280K)] [ParOldGen: 367289K->367289K(367616K)] 506041K->400550K(528896K) [PSPermGen: 13640K->13640K(21504K)], 0.0756840 secs] [Times: user=0.53 sys=0.00, real=0.08 secs] 
196.852: Total time for which application threads were stopped: 0.0763900 seconds, Stopping threads took: 0.0000330 seconds
196.876: Application time: 0.0246410 seconds
196.877: [Full GC [PSYoungGen: 138752K->33276K(161280K)] [ParOldGen: 367289K->367289K(367616K)] 506041K->400566K(528896K) [PSPermGen: 13640K->13640K(21504K)], 0.0745810 secs] [Times: user=0.53 sys=0.00, real=0.08 secs] 
196.952: Total time for which application threads were stopped: 0.0752080 seconds, Stopping threads took: 0.0000580 seconds
196.976: Application time: 0.0244220 seconds
196.977: [Full GC [PSYoungGen: 138752K->33292K(161280K)] [ParOldGen: 367289K->367289K(367616K)] 506041K->400582K(528896K) [PSPermGen: 13640K->13640K(21504K)], 0.0731620 secs] [Times: user=0.52 sys=0.00, real=0.07 secs] 
197.050: Total time for which application threads were stopped: 0.0738090 seconds, Stopping threads took: 0.0000510 seconds
197.074: Application time: 0.0240720 seconds
197.074: [Full GC [PSYoungGen: 138752K->33307K(161280K)] [ParOldGen: 367289K->367289K(367616K)] 506041K->400597K(528896K) [PSPermGen: 13640K->13640K(21504K)], 0.0748630 secs] [Times: user=0.51 sys=0.00, real=0.07 secs] 
197.149: Total time for which application threads were stopped: 0.0754810 seconds, Stopping threads took: 0.0000480 seconds
197.173: Application time: 0.0239170 seconds
197.174: [Full GC [PSYoungGen: 138752K->33323K(161280K)] [ParOldGen: 367289K->367289K(367616K)] 506041K->400613K(528896K) [PSPermGen: 13640K->13640K(21504K)], 0.0725830 secs] [Times: user=0.51 sys=0.00, real=0.07 secs] 
197.247: Total time for which application threads were stopped: 0.0732700 seconds, Stopping threads took: 0.0000530 seconds
197.271: Application time: 0.0239940 seconds
197.271: [Full GC [PSYoungGen: 138752K->33337K(161280K)] [ParOldGen: 367289K->367289K(367616K)] 506041K->400627K(528896K) [PSPermGen: 13640K->13640K(21504K)], 0.0729820 secs] [Times: user=0.52 sys=0.00, real=0.08 secs] 
197.344: Total time for which application threads were stopped: 0.0736070 seconds, Stopping threads took: 0.0000470 seconds
197.368: Application time: 0.0240220 seconds
197.369: [Full GC [PSYoungGen: 138752K->33351K(161280K)] [ParOldGen: 367289K->367289K(367616K)] 506041K->400640K(528896K) [PSPermGen: 13640K->13640K(21504K)], 0.0733790 secs] [Times: user=0.52 sys=0.01, real=0.07 secs] 
197.442: Total time for which application threads were stopped: 0.0740110 seconds, Stopping threads took: 0.0000470 seconds
197.466: Application time: 0.0238190 seconds
197.467: [Full GC [PSYoungGen: 138752K->33366K(161280K)] [ParOldGen: 367289K->367289K(367616K)] 506041K->400656K(528896K) [PSPermGen: 13640K->13640K(21504K)], 0.0734860 secs] [Times: user=0.52 sys=0.00, real=0.07 secs] 
197.540: Total time for which application threads were stopped: 0.0741030 seconds, Stopping threads took: 0.0000440 seconds
197.564: Application time: 0.0240220 seconds
197.565: [Full GC [PSYoungGen: 138752K->33376K(161280K)] [ParOldGen: 367289K->367289K(367616K)] 506041K->400665K(528896K) [PSPermGen: 13640K->13640K(21504K)], 0.0752570 secs] [Times: user=0.53 sys=0.00, real=0.07 secs] 
197.640: Total time for which application threads were stopped: 0.0758770 seconds, Stopping threads took: 0.0000470 seconds
197.665: Application time: 0.0248150 seconds
197.665: [Full GC [PSYoungGen: 138752K->33394K(161280K)] [ParOldGen: 367289K->367289K(367616K)] 506041K->400684K(528896K) [PSPermGen: 13640K->13640K(21504K)], 0.0738660 secs] [Times: user=0.52 sys=0.00, real=0.07 secs] 
197.739: Total time for which application threads were stopped: 0.0744910 seconds, Stopping threads took: 0.0000510 seconds
197.764: Application time: 0.0242610 seconds
197.764: [Full GC [PSYoungGen: 138752K->33411K(161280K)] [ParOldGen: 367289K->367289K(367616K)] 506041K->400701K(528896K) [PSPermGen: 13640K->13640K(21504K)], 0.0733470 secs] [Times: user=0.52 sys=0.00, real=0.07 secs] 
197.838: Total time for which application threads were stopped: 0.0739990 seconds, Stopping threads took: 0.0000520 seconds
197.862: Application time: 0.0239390 seconds
197.862: [Full GC [PSYoungGen: 138752K->33425K(161280K)] [ParOldGen: 367289K->367289K(367616K)] 506041K->400714K(528896K) [PSPermGen: 13640K->13640K(21504K)], 0.0743990 secs] [Times: user=0.52 sys=0.01, real=0.08 secs] 
197.937: Total time for which application threads were stopped: 0.0750300 seconds, Stopping threads took: 0.0000580 seconds
197.961: Application time: 0.0240460 seconds
197.961: [Full GC [PSYoungGen: 138752K->33444K(161280K)] [ParOldGen: 367289K->367289K(367616K)] 506041K->400733K(528896K) [PSPermGen: 13640K->13640K(21504K)], 0.0741150 secs] [Times: user=0.52 sys=0.00, real=0.08 secs] 
198.035: Total time for which application threads were stopped: 0.0747810 seconds, Stopping threads took: 0.0000500 seconds
198.059: Application time: 0.0239860 seconds
198.060: [Full GC [PSYoungGen: 138752K->33457K(161280K)] [ParOldGen: 367289K->367289K(367616K)] 506041K->400747K(528896K) [PSPermGen: 13640K->13640K(21504K)], 0.0739420 secs] [Times: user=0.50 sys=0.00, real=0.08 secs] 
198.134: Total time for which application threads were stopped: 0.0745840 seconds, Stopping threads took: 0.0000570 seconds
198.158: Application time: 0.0239300 seconds
198.158: [Full GC [PSYoungGen: 138752K->33470K(161280K)] [ParOldGen: 367289K->367289K(367616K)] 506041K->400760K(528896K) [PSPermGen: 13640K->13640K(21504K)], 0.0740150 secs] [Times: user=0.52 sys=0.00, real=0.08 secs] 
198.233: Total time for which application threads were stopped: 0.0746450 seconds, Stopping threads took: 0.0000590 seconds
198.257: Application time: 0.0240380 seconds
198.257: [Full GC [PSYoungGen: 138752K->33489K(161280K)] [ParOldGen: 367289K->367289K(367616K)] 506041K->400778K(528896K) [PSPermGen: 13640K->13640K(21504K)], 0.0749450 secs] [Times: user=0.53 sys=0.00, real=0.08 secs] 
198.332: Total time for which application threads were stopped: 0.0755890 seconds, Stopping threads took: 0.0000460 seconds
198.356: Application time: 0.0236390 seconds
198.356: [Full GC [PSYoungGen: 138752K->33500K(161280K)] [ParOldGen: 367289K->367289K(367616K)] 506041K->400790K(528896K) [PSPermGen: 13640K->13640K(21504K)], 0.0723910 secs] [Times: user=0.51 sys=0.00, real=0.07 secs] 
198.429: Total time for which application threads were stopped: 0.0730980 seconds, Stopping threads took: 0.0000430 seconds
198.453: Application time: 0.0243530 seconds
198.454: [Full GC [PSYoungGen: 138752K->33396K(161280K)] [ParOldGen: 367289K->367289K(367616K)] 506041K->400686K(528896K) [PSPermGen: 13640K->13640K(21504K)], 0.0732390 secs] [Times: user=0.51 sys=0.00, real=0.07 secs] 
198.527: Total time for which application threads were stopped: 0.0738440 seconds, Stopping threads took: 0.0000460 seconds
198.551: Application time: 0.0240770 seconds
198.552: [Full GC [PSYoungGen: 138752K->33392K(161280K)] [ParOldGen: 367289K->367289K(367616K)] 506041K->400682K(528896K) [PSPermGen: 13640K->13640K(21504K)], 0.0741380 secs] [Times: user=0.52 sys=0.00, real=0.07 secs] 
198.626: Total time for which application threads were stopped: 0.0747830 seconds, Stopping threads took: 0.0000420 seconds
198.651: Application time: 0.0253320 seconds
198.652: [Full GC [PSYoungGen: 138752K->33406K(161280K)] [ParOldGen: 367289K->367289K(367616K)] 506041K->400695K(528896K) [PSPermGen: 13640K->13640K(21504K)], 0.0747460 secs] [Times: user=0.51 sys=0.00, real=0.07 secs] 
198.727: Total time for which application threads were stopped: 0.0754210 seconds, Stopping threads took: 0.0000530 seconds
198.750: Application time: 0.0237100 seconds
198.751: [Full GC [PSYoungGen: 138752K->33422K(161280K)] [ParOldGen: 367289K->367289K(367616K)] 506041K->400711K(528896K) [PSPermGen: 13640K->13640K(21504K)], 0.0727170 secs] [Times: user=0.52 sys=0.00, real=0.08 secs] 
198.824: Total time for which application threads were stopped: 0.0733370 seconds, Stopping threads took: 0.0000450 seconds
198.847: Application time: 0.0237040 seconds
198.848: [Full GC [PSYoungGen: 138752K->33437K(161280K)] [ParOldGen: 367289K->367289K(367616K)] 506041K->400727K(528896K) [PSPermGen: 13640K->13640K(21504K)], 0.0734030 secs] [Times: user=0.51 sys=0.00, real=0.07 secs] 
198.922: Total time for which application threads were stopped: 0.0740070 seconds, Stopping threads took: 0.0000480 seconds
198.945: Application time: 0.0236100 seconds
198.946: [Full GC [PSYoungGen: 138752K->33452K(161280K)] [ParOldGen: 367289K->367289K(367616K)] 506041K->400741K(528896K) [PSPermGen: 13640K->13640K(21504K)], 0.0735770 secs] [Times: user=0.52 sys=0.00, real=0.07 secs] 
199.019: Total time for which application threads were stopped: 0.0741930 seconds, Stopping threads took: 0.0000510 seconds
199.043: Application time: 0.0238800 seconds
199.044: [Full GC [PSYoungGen: 138752K->33467K(161280K)] [ParOldGen: 367289K->367289K(367616K)] 506041K->400757K(528896K) [PSPermGen: 13640K->13640K(21504K)], 0.0746780 secs] [Times: user=0.52 sys=0.00, real=0.07 secs] 
199.119: Total time for which application threads were stopped: 0.0753230 seconds, Stopping threads took: 0.0000510 seconds
199.142: Application time: 0.0238970 seconds
199.143: [Full GC [PSYoungGen: 138752K->33483K(161280K)] [ParOldGen: 367289K->367289K(367616K)] 506041K->400773K(528896K) [PSPermGen: 13640K->13640K(21504K)], 0.0740250 secs] [Times: user=0.51 sys=0.00, real=0.08 secs] 
199.217: Total time for which application threads were stopped: 0.0746690 seconds, Stopping threads took: 0.0000470 seconds
199.241: Application time: 0.0239580 seconds
199.242: [Full GC [PSYoungGen: 138752K->33497K(161280K)] [ParOldGen: 367289K->367289K(367616K)] 506041K->400787K(528896K) [PSPermGen: 13640K->13640K(21504K)], 0.0739630 secs] [Times: user=0.50 sys=0.00, real=0.08 secs] 
199.316: Total time for which application threads were stopped: 0.0745910 seconds, Stopping threads took: 0.0000600 seconds
199.340: Application time: 0.0239240 seconds
199.340: [Full GC [PSYoungGen: 138752K->33512K(161280K)] [ParOldGen: 367289K->367289K(367616K)] 506041K->400802K(528896K) [PSPermGen: 13640K->13640K(21504K)], 0.0745540 secs] [Times: user=0.52 sys=0.00, real=0.08 secs] 
199.415: Total time for which application threads were stopped: 0.0752030 seconds, Stopping threads took: 0.0000640 seconds
199.439: Application time: 0.0241440 seconds
199.440: [Full GC [PSYoungGen: 138752K->33528K(161280K)] [ParOldGen: 367289K->367289K(367616K)] 506041K->400818K(528896K) [PSPermGen: 13640K->13640K(21504K)], 0.0738770 secs] [Times: user=0.52 sys=0.01, real=0.08 secs] 
199.513: Total time for which application threads were stopped: 0.0745170 seconds, Stopping threads took: 0.0000530 seconds
199.537: Application time: 0.0238320 seconds
199.538: [Full GC [PSYoungGen: 138752K->33546K(161280K)] [ParOldGen: 367289K->367289K(367616K)] 506041K->400836K(528896K) [PSPermGen: 13640K->13640K(21504K)], 0.0740000 secs] [Times: user=0.52 sys=0.00, real=0.08 secs] 
199.612: Total time for which application threads were stopped: 0.0746140 seconds, Stopping threads took: 0.0000450 seconds
199.637: Application time: 0.0250290 seconds
199.638: [Full GC [PSYoungGen: 138752K->33446K(161280K)] [ParOldGen: 367289K->367289K(367616K)] 506041K->400736K(528896K) [PSPermGen: 13640K->13640K(21504K)], 0.0734840 secs] [Times: user=0.52 sys=0.00, real=0.07 secs] 
199.711: Total time for which application threads were stopped: 0.0742460 seconds, Stopping threads took: 0.0000690 seconds
199.735: Application time: 0.0240450 seconds
199.736: [Full GC [PSYoungGen: 138752K->33434K(161280K)] [ParOldGen: 367289K->367289K(367616K)] 506041K->400723K(528896K) [PSPermGen: 13640K->13640K(21504K)], 0.0736850 secs] [Times: user=0.50 sys=0.00, real=0.07 secs] 
199.810: Total time for which application threads were stopped: 0.0744210 seconds, Stopping threads took: 0.0000490 seconds
199.834: Application time: 0.0238830 seconds
199.834: [Full GC [PSYoungGen: 138752K->33448K(161280K)] [ParOldGen: 367289K->367289K(367616K)] 506041K->400738K(528896K) [PSPermGen: 13640K->13640K(21504K)], 0.0734160 secs] [Times: user=0.51 sys=0.00, real=0.07 secs] 
199.908: Total time for which application threads were stopped: 0.0740170 seconds, Stopping threads took: 0.0000430 seconds
199.931: Application time: 0.0237510 seconds
199.932: [Full GC [PSYoungGen: 138752K->33464K(161280K)] [ParOldGen: 367289K->367289K(367616K)] 506041K->400754K(528896K) [PSPermGen: 13640K->13640K(21504K)], 0.0733850 secs] [Times: user=0.51 sys=0.00, real=0.07 secs] 
200.005: Total time for which application threads were stopped: 0.0740090 seconds, Stopping threads took: 0.0000580 seconds
200.029: Application time: 0.0238740 seconds
200.030: [Full GC [PSYoungGen: 138752K->33480K(161280K)] [ParOldGen: 367289K->367289K(367616K)] 506041K->400769K(528896K) [PSPermGen: 13640K->13640K(21504K)], 0.0745860 secs] [Times: user=0.51 sys=0.00, real=0.08 secs] 
200.104: Total time for which application threads were stopped: 0.0752150 seconds, Stopping threads took: 0.0000520 seconds
200.130: Application time: 0.0252820 seconds
200.130: [Full GC [PSYoungGen: 138752K->33274K(161280K)] [ParOldGen: 367289K->367289K(367616K)] 506041K->400564K(528896K) [PSPermGen: 13640K->13640K(21504K)], 0.0746250 secs] [Times: user=0.52 sys=0.00, real=0.08 secs] 
200.205: Total time for which application threads were stopped: 0.0752710 seconds, Stopping threads took: 0.0000740 seconds
200.229: Application time: 0.0239590 seconds
200.230: [Full GC [PSYoungGen: 138752K->33225K(161280K)] [ParOldGen: 367289K->367289K(367616K)] 506041K->400515K(528896K) [PSPermGen: 13640K->13640K(21504K)], 0.0729880 secs] [Times: user=0.50 sys=0.01, real=0.07 secs] 
200.303: Total time for which application threads were stopped: 0.0736780 seconds, Stopping threads took: 0.0000480 seconds
200.327: Application time: 0.0242400 seconds
200.327: [Full GC [PSYoungGen: 138752K->33242K(161280K)] [ParOldGen: 367289K->367289K(367616K)] 506041K->400532K(528896K) [PSPermGen: 13640K->13640K(21504K)], 0.0740210 secs] [Times: user=0.50 sys=0.00, real=0.07 secs] 
200.402: Total time for which application threads were stopped: 0.0746760 seconds, Stopping threads took: 0.0000370 seconds
200.426: Application time: 0.0240510 seconds
200.428: [Full GC [PSYoungGen: 138752K->33258K(161280K)] [ParOldGen: 367289K->367289K(367616K)] 506041K->400548K(528896K) [PSPermGen: 13640K->13640K(21504K)], 0.0742550 secs] [Times: user=0.52 sys=0.00, real=0.07 secs] 
200.502: Total time for which application threads were stopped: 0.0766200 seconds, Stopping threads took: 0.0017910 seconds
200.526: Application time: 0.0237880 seconds
200.527: [Full GC [PSYoungGen: 138752K->33269K(161280K)] [ParOldGen: 367289K->367289K(367616K)] 506041K->400558K(528896K) [PSPermGen: 13640K->13640K(21504K)], 0.0735220 secs] [Times: user=0.52 sys=0.00, real=0.07 secs] 
200.600: Total time for which application threads were stopped: 0.0741260 seconds, Stopping threads took: 0.0000330 seconds
200.624: Application time: 0.0241060 seconds
200.625: [Full GC [PSYoungGen: 138752K->33287K(161280K)] [ParOldGen: 367289K->367289K(367616K)] 506041K->400576K(528896K) [PSPermGen: 13640K->13640K(21504K)], 0.0740780 secs] [Times: user=0.52 sys=0.00, real=0.07 secs] 
200.699: Total time for which application threads were stopped: 0.0747010 seconds, Stopping threads took: 0.0000430 seconds
200.723: Application time: 0.0239390 seconds
200.728: [Full GC [PSYoungGen: 138752K->33301K(161280K)] [ParOldGen: 367289K->367289K(367616K)] 506041K->400590K(528896K) [PSPermGen: 13640K->13640K(21504K)], 0.0746250 secs] [Times: user=0.52 sys=0.00, real=0.07 secs] 
200.803: Total time for which application threads were stopped: 0.0797080 seconds, Stopping threads took: 0.0044830 seconds
200.827: Application time: 0.0239690 seconds
200.827: [Full GC [PSYoungGen: 138752K->33316K(161280K)] [ParOldGen: 367289K->367289K(367616K)] 506041K->400606K(528896K) [PSPermGen: 13640K->13640K(21504K)], 0.0726290 secs] [Times: user=0.52 sys=0.00, real=0.07 secs] 
200.900: Total time for which application threads were stopped: 0.0732620 seconds, Stopping threads took: 0.0000530 seconds
200.924: Application time: 0.0237500 seconds
200.924: [Full GC [PSYoungGen: 138752K->33331K(161280K)] [ParOldGen: 367289K->367289K(367616K)] 506041K->400621K(528896K) [PSPermGen: 13640K->13640K(21504K)], 0.0727940 secs] [Times: user=0.51 sys=0.00, real=0.07 secs] 
200.997: Total time for which application threads were stopped: 0.0734450 seconds, Stopping threads took: 0.0000520 seconds
201.021: Application time: 0.0240060 seconds
201.022: [Full GC [PSYoungGen: 138752K->33348K(161280K)] [ParOldGen: 367289K->367289K(367616K)] 506041K->400638K(528896K) [PSPermGen: 13640K->13640K(21504K)], 0.0735670 secs] [Times: user=0.52 sys=0.00, real=0.08 secs] 
201.095: Total time for which application threads were stopped: 0.0742150 seconds, Stopping threads took: 0.0000600 seconds
201.119: Application time: 0.0239850 seconds
201.120: [Full GC [PSYoungGen: 138752K->33362K(161280K)] [ParOldGen: 367289K->367289K(367616K)] 506041K->400652K(528896K) [PSPermGen: 13640K->13640K(21504K)], 0.0739340 secs] [Times: user=0.51 sys=0.00, real=0.08 secs] 
201.194: Total time for which application threads were stopped: 0.0746180 seconds, Stopping threads took: 0.0000800 seconds
201.218: Application time: 0.0237500 seconds
201.218: [Full GC [PSYoungGen: 138752K->33378K(161280K)] [ParOldGen: 367289K->367289K(367616K)] 506041K->400667K(528896K) [PSPermGen: 13640K->13640K(21504K)], 0.0729610 secs] [Times: user=0.52 sys=0.00, real=0.07 secs] 
201.291: Total time for which application threads were stopped: 0.0736490 seconds, Stopping threads took: 0.0000570 seconds
201.315: Application time: 0.0239700 seconds
201.316: [Full GC [PSYoungGen: 138752K->33392K(161280K)] [ParOldGen: 367289K->367289K(367616K)] 506041K->400681K(528896K) [PSPermGen: 13640K->13640K(21504K)], 0.0730330 secs] [Times: user=0.52 sys=0.00, real=0.07 secs] 
201.389: Total time for which application threads were stopped: 0.0737790 seconds, Stopping threads took: 0.0000560 seconds
201.413: Application time: 0.0244070 seconds
201.414: [Full GC [PSYoungGen: 138752K->33405K(161280K)] [ParOldGen: 367289K->367289K(367616K)] 506041K->400695K(528896K) [PSPermGen: 13640K->13640K(21504K)], 0.0742790 secs] [Times: user=0.52 sys=0.00, real=0.07 secs] 
201.488: Total time for which application threads were stopped: 0.0748980 seconds, Stopping threads took: 0.0000410 seconds
201.513: Application time: 0.0242110 seconds
201.516: [Full GC [PSYoungGen: 138752K->33423K(161280K)] [ParOldGen: 367289K->367289K(367616K)] 506041K->400712K(528896K) [PSPermGen: 13640K->13640K(21504K)], 0.0732470 secs] [Times: user=0.52 sys=0.00, real=0.07 secs] 
201.589: Total time for which application threads were stopped: 0.0766810 seconds, Stopping threads took: 0.0028300 seconds
201.614: Application time: 0.0243990 seconds
201.614: [Full GC [PSYoungGen: 138752K->33439K(161280K)] [ParOldGen: 367289K->367289K(367616K)] 506041K->400729K(528896K) [PSPermGen: 13640K->13640K(21504K)], 0.0776660 secs] [Times: user=0.52 sys=0.00, real=0.08 secs] 
201.692: Total time for which application threads were stopped: 0.0782890 seconds, Stopping threads took: 0.0000530 seconds
201.716: Application time: 0.0241640 seconds
201.717: [Full GC [PSYoungGen: 138752K->33454K(161280K)] [ParOldGen: 367289K->367289K(367616K)] 506041K->400743K(528896K) [PSPermGen: 13640K->13640K(21504K)], 0.0747460 secs] [Times: user=0.53 sys=0.00, real=0.08 secs] 
201.792: Total time for which application threads were stopped: 0.0753990 seconds, Stopping threads took: 0.0000770 seconds
201.816: Application time: 0.0245810 seconds
201.817: [Full GC [PSYoungGen: 138752K->33470K(161280K)] [ParOldGen: 367289K->367289K(367616K)] 506041K->400759K(528896K) [PSPermGen: 13640K->13640K(21504K)], 0.0740730 secs] [Times: user=0.52 sys=0.00, real=0.07 secs] 
201.891: Total time for which application threads were stopped: 0.0747280 seconds, Stopping threads took: 0.0000590 seconds
201.915: Application time: 0.0242250 seconds
201.916: [Full GC [PSYoungGen: 138752K->33482K(161280K)] [ParOldGen: 367289K->367289K(367616K)] 506041K->400772K(528896K) [PSPermGen: 13640K->13640K(21504K)], 0.0737920 secs] [Times: user=0.52 sys=0.00, real=0.07 secs] 
201.989: Total time for which application threads were stopped: 0.0744240 seconds, Stopping threads took: 0.0000560 seconds
202.014: Application time: 0.0244340 seconds
202.016: [Full GC [PSYoungGen: 138752K->33499K(161280K)] [ParOldGen: 367289K->367289K(367616K)] 506041K->400789K(528896K) [PSPermGen: 13640K->13640K(21504K)], 0.0726010 secs] [Times: user=0.51 sys=0.00, real=0.07 secs] 
202.089: Total time for which application threads were stopped: 0.0747100 seconds, Stopping threads took: 0.0014730 seconds
202.113: Application time: 0.0245700 seconds
202.114: [Full GC [PSYoungGen: 138752K->33451K(161280K)] [ParOldGen: 367289K->367289K(367616K)] 506041K->400740K(528896K) [PSPermGen: 13644K->13644K(21504K)], 0.0729860 secs] [Times: user=0.51 sys=0.00, real=0.07 secs] 
202.187: Total time for which application threads were stopped: 0.0737250 seconds, Stopping threads took: 0.0000540 seconds
202.212: Application time: 0.0255020 seconds
202.213: [Full GC [PSYoungGen: 138752K->33388K(161280K)] [ParOldGen: 367289K->367289K(367616K)] 506041K->400678K(528896K) [PSPermGen: 13644K->13644K(21504K)], 0.0724800 secs] [Times: user=0.51 sys=0.00, real=0.07 secs] 
202.286: Total time for which application threads were stopped: 0.0732000 seconds, Stopping threads took: 0.0000710 seconds
202.310: Application time: 0.0242520 seconds
202.310: [Full GC [PSYoungGen: 138752K->33399K(161280K)] [ParOldGen: 367289K->367289K(367616K)] 506041K->400689K(528896K) [PSPermGen: 13644K->13644K(21504K)], 0.0734890 secs] [Times: user=0.52 sys=0.00, real=0.08 secs] 
202.384: Total time for which application threads were stopped: 0.0741070 seconds, Stopping threads took: 0.0000390 seconds
202.408: Application time: 0.0239580 seconds
202.409: [Full GC [PSYoungGen: 138752K->33417K(161280K)] [ParOldGen: 367289K->367289K(367616K)] 506041K->400707K(528896K) [PSPermGen: 13644K->13644K(21504K)], 0.0739330 secs] [Times: user=0.52 sys=0.00, real=0.07 secs] 
202.482: Total time for which application threads were stopped: 0.0745450 seconds, Stopping threads took: 0.0000450 seconds
202.507: Application time: 0.0243070 seconds
202.507: [Full GC [PSYoungGen: 138752K->33433K(161280K)] [ParOldGen: 367289K->367289K(367616K)] 506041K->400722K(528896K) [PSPermGen: 13644K->13644K(21504K)], 0.0769160 secs] [Times: user=0.54 sys=0.00, real=0.08 secs] 
202.584: Total time for which application threads were stopped: 0.0775520 seconds, Stopping threads took: 0.0000520 seconds
202.608: Application time: 0.0240590 seconds
202.616: [Full GC [PSYoungGen: 138752K->33448K(161280K)] [ParOldGen: 367289K->367289K(367616K)] 506041K->400737K(528896K) [PSPermGen: 13644K->13644K(21504K)], 0.0807760 secs] [Times: user=0.56 sys=0.00, real=0.08 secs] 
202.697: Total time for which application threads were stopped: 0.0883100 seconds, Stopping threads took: 0.0069590 seconds
202.721: Application time: 0.0243530 seconds
202.724: [Full GC [PSYoungGen: 138752K->33462K(161280K)] [ParOldGen: 367289K->367289K(367616K)] 506041K->400752K(528896K) [PSPermGen: 13644K->13644K(21504K)], 0.0762930 secs] [Times: user=0.53 sys=0.01, real=0.07 secs] 
202.800: Total time for which application threads were stopped: 0.0791780 seconds, Stopping threads took: 0.0023140 seconds
202.825: Application time: 0.0244100 seconds
202.825: [Full GC [PSYoungGen: 138752K->33476K(161280K)] [ParOldGen: 367289K->367289K(367616K)] 506041K->400766K(528896K) [PSPermGen: 13644K->13644K(21504K)], 0.0738900 secs] [Times: user=0.51 sys=0.00, real=0.07 secs] 
202.899: Total time for which application threads were stopped: 0.0745310 seconds, Stopping threads took: 0.0000700 seconds
202.924: Application time: 0.0244230 seconds
202.924: [Full GC [PSYoungGen: 138752K->33490K(161280K)] [ParOldGen: 367289K->367289K(367616K)] 506041K->400780K(528896K) [PSPermGen: 13644K->13644K(21504K)], 0.0762600 secs] [Times: user=0.54 sys=0.00, real=0.07 secs] 
203.001: Total time for which application threads were stopped: 0.0768730 seconds, Stopping threads took: 0.0000440 seconds
203.025: Application time: 0.0245550 seconds
203.028: [Full GC [PSYoungGen: 138752K->33508K(161280K)] [ParOldGen: 367289K->367289K(367616K)] 506041K->400797K(528896K) [PSPermGen: 13644K->13644K(21504K)], 0.0734420 secs] [Times: user=0.51 sys=0.00, real=0.07 secs] 
203.101: Total time for which application threads were stopped: 0.0763960 seconds, Stopping threads took: 0.0023040 seconds
203.126: Application time: 0.0244820 seconds
203.127: [Full GC [PSYoungGen: 138752K->33523K(161280K)] [ParOldGen: 367289K->367289K(367616K)] 506041K->400812K(528896K) [PSPermGen: 13644K->13644K(21504K)], 0.0793180 secs] [Times: user=0.54 sys=0.00, real=0.08 secs] 
203.206: Total time for which application threads were stopped: 0.0799850 seconds, Stopping threads took: 0.0000650 seconds
203.230: Application time: 0.0244790 seconds
203.232: [Full GC [PSYoungGen: 138752K->33540K(161280K)] [ParOldGen: 367289K->367289K(367616K)] 506041K->400830K(528896K) [PSPermGen: 13644K->13644K(21504K)], 0.0749300 secs] [Times: user=0.53 sys=0.00, real=0.07 secs] 
203.307: Total time for which application threads were stopped: 0.0764550 seconds, Stopping threads took: 0.0009590 seconds
203.332: Application time: 0.0247030 seconds
203.332: [Full GC [PSYoungGen: 138752K->33446K(161280K)] [ParOldGen: 367289K->367289K(367616K)] 506041K->400735K(528896K) [PSPermGen: 13644K->13644K(21504K)], 0.0730130 secs] [Times: user=0.51 sys=0.00, real=0.07 secs] 
203.405: Total time for which application threads were stopped: 0.0736670 seconds, Stopping threads took: 0.0000760 seconds
203.430: Application time: 0.0244410 seconds
203.430: [Full GC [PSYoungGen: 138752K->33429K(161280K)] [ParOldGen: 367289K->367289K(367616K)] 506041K->400718K(528896K) [PSPermGen: 13644K->13644K(21504K)], 0.0731920 secs] [Times: user=0.51 sys=0.00, real=0.08 secs] 
203.504: Total time for which application threads were stopped: 0.0738050 seconds, Stopping threads took: 0.0000510 seconds
203.528: Application time: 0.0241380 seconds
203.528: [Full GC [PSYoungGen: 138752K->33445K(161280K)] [ParOldGen: 367289K->367289K(367616K)] 506041K->400734K(528896K) [PSPermGen: 13644K->13644K(21504K)], 0.0730870 secs] [Times: user=0.51 sys=0.00, real=0.07 secs] 
203.601: Total time for which application threads were stopped: 0.0738090 seconds, Stopping threads took: 0.0000740 seconds
203.626: Application time: 0.0241730 seconds
203.626: [Full GC [PSYoungGen: 138752K->33460K(161280K)] [ParOldGen: 367289K->367289K(367616K)] 506041K->400750K(528896K) [PSPermGen: 13644K->13644K(21504K)], 0.0734750 secs] [Times: user=0.52 sys=0.00, real=0.07 secs] 
203.700: Total time for which application threads were stopped: 0.0741630 seconds, Stopping threads took: 0.0000500 seconds
203.724: Application time: 0.0242250 seconds
203.725: [Full GC [PSYoungGen: 138752K->33475K(161280K)] [ParOldGen: 367289K->367289K(367616K)] 506041K->400764K(528896K) [PSPermGen: 13644K->13644K(21504K)], 0.0747790 secs] [Times: user=0.53 sys=0.00, real=0.07 secs] 
203.799: Total time for which application threads were stopped: 0.0754180 seconds, Stopping threads took: 0.0000490 seconds
203.825: Application time: 0.0251980 seconds
203.825: [Full GC [PSYoungGen: 138752K->33270K(161280K)] [ParOldGen: 367289K->367289K(367616K)] 506041K->400559K(528896K) [PSPermGen: 13644K->13644K(21504K)], 0.0729900 secs] [Times: user=0.52 sys=0.00, real=0.07 secs] 
203.898: Total time for which application threads were stopped: 0.0736900 seconds, Stopping threads took: 0.0000630 seconds
203.922: Application time: 0.0240360 seconds
203.924: [Full GC [PSYoungGen: 138752K->33223K(161280K)] [ParOldGen: 367289K->367289K(367616K)] 506041K->400513K(528896K) [PSPermGen: 13644K->13644K(21504K)], 0.0739940 secs] [Times: user=0.52 sys=0.00, real=0.07 secs] 
203.998: Total time for which application threads were stopped: 0.0756380 seconds, Stopping threads took: 0.0009890 seconds
204.022: Application time: 0.0238770 seconds
204.022: [Full GC [PSYoungGen: 138752K->33238K(161280K)] [ParOldGen: 367289K->367289K(367616K)] 506041K->400528K(528896K) [PSPermGen: 13644K->13644K(21504K)], 0.0729960 secs] [Times: user=0.51 sys=0.00, real=0.08 secs] 
204.096: Total time for which application threads were stopped: 0.0736240 seconds, Stopping threads took: 0.0000590 seconds
204.120: Application time: 0.0243100 seconds
204.120: [Full GC [PSYoungGen: 138752K->33253K(161280K)] [ParOldGen: 367289K->367289K(367616K)] 506041K->400543K(528896K) [PSPermGen: 13644K->13644K(21504K)], 0.0744020 secs] [Times: user=0.52 sys=0.00, real=0.08 secs] 
204.195: Total time for which application threads were stopped: 0.0750400 seconds, Stopping threads took: 0.0000530 seconds
204.219: Application time: 0.0242610 seconds
204.224: [Full GC [PSYoungGen: 138752K->33268K(161280K)] [ParOldGen: 367289K->367289K(367616K)] 506041K->400558K(528896K) [PSPermGen: 13644K->13644K(21504K)], 0.0727070 secs] [Times: user=0.51 sys=0.00, real=0.07 secs] 
204.297: Total time for which application threads were stopped: 0.0775890 seconds, Stopping threads took: 0.0042260 seconds
204.321: Application time: 0.0242130 seconds
204.322: [Full GC [PSYoungGen: 138752K->33284K(161280K)] [ParOldGen: 367289K->367289K(367616K)] 506041K->400573K(528896K) [PSPermGen: 13644K->13644K(21504K)], 0.0744910 secs] [Times: user=0.52 sys=0.00, real=0.08 secs] 
204.396: Total time for which application threads were stopped: 0.0751540 seconds, Stopping threads took: 0.0000560 seconds
204.421: Application time: 0.0244860 seconds
204.421: [Full GC [PSYoungGen: 138752K->33298K(161280K)] [ParOldGen: 367289K->367289K(367616K)] 506041K->400588K(528896K) [PSPermGen: 13644K->13644K(21504K)], 0.0731330 secs] [Times: user=0.52 sys=0.00, real=0.08 secs] 
204.494: Total time for which application threads were stopped: 0.0737540 seconds, Stopping threads took: 0.0000360 seconds
204.519: Application time: 0.0244500 seconds
204.520: [Full GC [PSYoungGen: 138752K->33312K(161280K)] [ParOldGen: 367289K->367289K(367616K)] 506041K->400602K(528896K) [PSPermGen: 13644K->13644K(21504K)], 0.0727650 secs] [Times: user=0.51 sys=0.00, real=0.08 secs] 
204.593: Total time for which application threads were stopped: 0.0739190 seconds, Stopping threads took: 0.0005770 seconds
204.617: Application time: 0.0241540 seconds
204.617: [Full GC [PSYoungGen: 138752K->33328K(161280K)] [ParOldGen: 367289K->367289K(367616K)] 506041K->400618K(528896K) [PSPermGen: 13644K->13644K(21504K)], 0.0735060 secs] [Times: user=0.51 sys=0.00, real=0.07 secs] 
204.691: Total time for which application threads were stopped: 0.0741230 seconds, Stopping threads took: 0.0000530 seconds
204.716: Application time: 0.0250090 seconds
204.717: [Full GC [PSYoungGen: 138752K->33344K(161280K)] [ParOldGen: 367289K->367289K(367616K)] 506041K->400634K(528896K) [PSPermGen: 13644K->13644K(21504K)], 0.0728310 secs] [Times: user=0.52 sys=0.00, real=0.07 secs] 
204.790: Total time for which application threads were stopped: 0.0736950 seconds, Stopping threads took: 0.0000750 seconds
204.814: Application time: 0.0239950 seconds
204.814: [Full GC [PSYoungGen: 138752K->33355K(161280K)] [ParOldGen: 367289K->367289K(367616K)] 506041K->400645K(528896K) [PSPermGen: 13644K->13644K(21504K)], 0.0735120 secs] [Times: user=0.51 sys=0.01, real=0.07 secs] 
204.888: Total time for which application threads were stopped: 0.0741240 seconds, Stopping threads took: 0.0000630 seconds
204.913: Application time: 0.0246670 seconds
204.913: [Full GC [PSYoungGen: 138752K->33373K(161280K)] [ParOldGen: 367289K->367289K(367616K)] 506041K->400663K(528896K) [PSPermGen: 13644K->13644K(21504K)], 0.0740140 secs] [Times: user=0.52 sys=0.00, real=0.07 secs] 
204.987: Total time for which application threads were stopped: 0.0746900 seconds, Stopping threads took: 0.0000760 seconds
205.011: Application time: 0.0241540 seconds
205.012: [Full GC [PSYoungGen: 138752K->33387K(161280K)] [ParOldGen: 367289K->367289K(367616K)] 506041K->400676K(528896K) [PSPermGen: 13644K->13644K(21504K)], 0.0728800 secs] [Times: user=0.51 sys=0.00, real=0.07 secs] 
205.085: Total time for which application threads were stopped: 0.0735770 seconds, Stopping threads took: 0.0000570 seconds
205.110: Application time: 0.0246670 seconds
205.110: [Full GC [PSYoungGen: 138752K->33402K(161280K)] [ParOldGen: 367289K->367289K(367616K)] 506041K->400692K(528896K) [PSPermGen: 13644K->13644K(21504K)], 0.0744240 secs] [Times: user=0.52 sys=0.00, real=0.08 secs] 
205.185: Total time for which application threads were stopped: 0.0750620 seconds, Stopping threads took: 0.0000620 seconds
205.209: Application time: 0.0247100 seconds
205.210: [Full GC [PSYoungGen: 138752K->33417K(161280K)] [ParOldGen: 367289K->367289K(367616K)] 506041K->400707K(528896K) [PSPermGen: 13644K->13644K(21504K)], 0.0748140 secs] [Times: user=0.53 sys=0.00, real=0.08 secs] 
205.285: Total time for which application threads were stopped: 0.0754610 seconds, Stopping threads took: 0.0000650 seconds
205.310: Application time: 0.0247330 seconds
205.310: [Full GC [PSYoungGen: 138752K->33434K(161280K)] [ParOldGen: 367289K->367289K(367616K)] 506041K->400724K(528896K) [PSPermGen: 13644K->13644K(21504K)], 0.0747730 secs] [Times: user=0.53 sys=0.00, real=0.08 secs] 
205.385: Total time for which application threads were stopped: 0.0754050 seconds, Stopping threads took: 0.0000630 seconds
205.410: Application time: 0.0247580 seconds
205.410: [Full GC [PSYoungGen: 138752K->33450K(161280K)] [ParOldGen: 367289K->367289K(367616K)] 506041K->400739K(528896K) [PSPermGen: 13644K->13644K(21504K)], 0.0746190 secs] [Times: user=0.52 sys=0.00, real=0.08 secs] 
205.485: Total time for which application threads were stopped: 0.0752740 seconds, Stopping threads took: 0.0000610 seconds
205.509: Application time: 0.0242440 seconds
205.510: [Full GC [PSYoungGen: 138752K->33461K(161280K)] [ParOldGen: 367289K->367289K(367616K)] 506041K->400751K(528896K) [PSPermGen: 13644K->13644K(21504K)], 0.0732960 secs] [Times: user=0.51 sys=0.00, real=0.07 secs] 
205.583: Total time for which application threads were stopped: 0.0739570 seconds, Stopping threads took: 0.0000610 seconds
205.608: Application time: 0.0244140 seconds
205.608: [Full GC [PSYoungGen: 138752K->33478K(161280K)] [ParOldGen: 367289K->367289K(367616K)] 506041K->400768K(528896K) [PSPermGen: 13644K->13644K(21504K)], 0.0794400 secs] [Times: user=0.55 sys=0.00, real=0.08 secs] 
205.688: Total time for which application threads were stopped: 0.0800750 seconds, Stopping threads took: 0.0000570 seconds
205.712: Application time: 0.0242810 seconds
205.713: [Full GC [PSYoungGen: 138752K->33493K(161280K)] [ParOldGen: 367289K->367289K(367616K)] 506041K->400783K(528896K) [PSPermGen: 13644K->13644K(21504K)], 0.0728790 secs] [Times: user=0.51 sys=0.00, real=0.07 secs] 
205.786: Total time for which application threads were stopped: 0.0735870 seconds, Stopping threads took: 0.0000610 seconds
205.810: Application time: 0.0240270 seconds
205.810: [Full GC [PSYoungGen: 138752K->33509K(161280K)] [ParOldGen: 367289K->367289K(367616K)] 506041K->400798K(528896K) [PSPermGen: 13644K->13644K(21504K)], 0.0733500 secs] [Times: user=0.52 sys=0.00, real=0.08 secs] 
205.884: Total time for which application threads were stopped: 0.0740020 seconds, Stopping threads took: 0.0000950 seconds
205.909: Application time: 0.0255990 seconds
205.910: [Full GC [PSYoungGen: 138752K->33470K(161280K)] [ParOldGen: 367289K->367289K(367616K)] 506041K->400759K(528896K) [PSPermGen: 13644K->13644K(21504K)], 0.0727020 secs] [Times: user=0.51 sys=0.00, real=0.07 secs] 
205.983: Total time for which application threads were stopped: 0.0734320 seconds, Stopping threads took: 0.0000850 seconds
206.007: Application time: 0.0240970 seconds
206.007: [Full GC [PSYoungGen: 138752K->33412K(161280K)] [ParOldGen: 367289K->367289K(367616K)] 506041K->400702K(528896K) [PSPermGen: 13644K->13644K(21504K)], 0.0730290 secs] [Times: user=0.51 sys=0.00, real=0.07 secs] 
206.080: Total time for which application threads were stopped: 0.0736880 seconds, Stopping threads took: 0.0000600 seconds
206.105: Application time: 0.0240500 seconds
206.105: [Full GC [PSYoungGen: 138752K->33412K(161280K)] [ParOldGen: 367289K->367289K(367616K)] 506041K->400702K(528896K) [PSPermGen: 13644K->13644K(21504K)], 0.0732330 secs] [Times: user=0.51 sys=0.01, real=0.07 secs] 
206.178: Total time for which application threads were stopped: 0.0738660 seconds, Stopping threads took: 0.0000520 seconds
206.203: Application time: 0.0244080 seconds
206.203: [Full GC [PSYoungGen: 138752K->33428K(161280K)] [ParOldGen: 367289K->367289K(367616K)] 506041K->400718K(528896K) [PSPermGen: 13644K->13644K(21504K)], 0.0753910 secs] [Times: user=0.52 sys=0.00, real=0.07 secs] 
206.279: Total time for which application threads were stopped: 0.0760370 seconds, Stopping threads took: 0.0000650 seconds
206.304: Application time: 0.0247040 seconds
206.304: [Full GC [PSYoungGen: 138752K->33443K(161280K)] [ParOldGen: 367289K->367289K(367616K)] 506041K->400732K(528896K) [PSPermGen: 13644K->13644K(21504K)], 0.0740490 secs] [Times: user=0.52 sys=0.00, real=0.07 secs] 
206.378: Total time for which application threads were stopped: 0.0747100 seconds, Stopping threads took: 0.0000850 seconds
206.402: Application time: 0.0241470 seconds
206.403: [Full GC [PSYoungGen: 138752K->33460K(161280K)] [ParOldGen: 367289K->367289K(367616K)] 506041K->400750K(528896K) [PSPermGen: 13644K->13644K(21504K)], 0.0727510 secs] [Times: user=0.52 sys=0.00, real=0.08 secs] 
206.476: Total time for which application threads were stopped: 0.0733650 seconds, Stopping threads took: 0.0000530 seconds
206.500: Application time: 0.0245960 seconds
206.501: [Full GC [PSYoungGen: 138752K->33471K(161280K)] [ParOldGen: 367289K->367289K(367616K)] 506041K->400760K(528896K) [PSPermGen: 13644K->13644K(21504K)], 0.0747260 secs] [Times: user=0.53 sys=0.00, real=0.08 secs] 
206.576: Total time for which application threads were stopped: 0.0753450 seconds, Stopping threads took: 0.0000450 seconds
206.600: Application time: 0.0247570 seconds
206.601: [Full GC [PSYoungGen: 138752K->33488K(161280K)] [ParOldGen: 367289K->367289K(367616K)] 506041K->400778K(528896K) [PSPermGen: 13644K->13644K(21504K)], 0.0735090 secs] [Times: user=0.52 sys=0.00, real=0.08 secs] 
206.675: Total time for which application threads were stopped: 0.0741380 seconds, Stopping threads took: 0.0000600 seconds
206.699: Application time: 0.0245840 seconds
206.700: [Full GC [PSYoungGen: 138752K->33504K(161280K)] [ParOldGen: 367289K->367289K(367616K)] 506041K->400794K(528896K) [PSPermGen: 13644K->13644K(21504K)], 0.0749490 secs] [Times: user=0.52 sys=0.00, real=0.08 secs] 
206.775: Total time for which application threads were stopped: 0.0756000 seconds, Stopping threads took: 0.0000540 seconds
206.799: Application time: 0.0244300 seconds
206.800: [Full GC [PSYoungGen: 138752K->33519K(161280K)] [ParOldGen: 367289K->367289K(367616K)] 506041K->400808K(528896K) [PSPermGen: 13644K->13644K(21504K)], 0.0730380 secs] [Times: user=0.51 sys=0.00, real=0.08 secs] 
206.873: Total time for which application threads were stopped: 0.0737330 seconds, Stopping threads took: 0.0000510 seconds
206.898: Application time: 0.0249660 seconds
206.899: [Full GC [PSYoungGen: 138752K->33423K(161280K)] [ParOldGen: 367289K->367289K(367616K)] 506041K->400713K(528896K) [PSPermGen: 13644K->13644K(21504K)], 0.0730080 secs] [Times: user=0.51 sys=0.00, real=0.08 secs] 
206.972: Total time for which application threads were stopped: 0.0736550 seconds, Stopping threads took: 0.0000740 seconds
206.996: Application time: 0.0245220 seconds
206.997: [Full GC [PSYoungGen: 138752K->33408K(161280K)] [ParOldGen: 367289K->367289K(367616K)] 506041K->400698K(528896K) [PSPermGen: 13644K->13644K(21504K)], 0.0747780 secs] [Times: user=0.52 sys=0.00, real=0.08 secs] 
207.072: Total time for which application threads were stopped: 0.0754100 seconds, Stopping threads took: 0.0000480 seconds
207.096: Application time: 0.0247010 seconds
207.097: [Full GC [PSYoungGen: 138752K->33424K(161280K)] [ParOldGen: 367289K->367289K(367616K)] 506041K->400714K(528896K) [PSPermGen: 13644K->13644K(21504K)], 0.0749020 secs] [Times: user=0.53 sys=0.00, real=0.08 secs] 
207.172: Total time for which application threads were stopped: 0.0755380 seconds, Stopping threads took: 0.0000590 seconds
207.198: Application time: 0.0258080 seconds
207.198: [Full GC [PSYoungGen: 138752K->33439K(161280K)] [ParOldGen: 367289K->367289K(367616K)] 506041K->400729K(528896K) [PSPermGen: 13644K->13644K(21504K)], 0.0744520 secs] [Times: user=0.51 sys=0.00, real=0.08 secs] 
207.274: Total time for which application threads were stopped: 0.0766350 seconds, Stopping threads took: 0.0000730 seconds
207.299: Application time: 0.0245350 seconds
207.299: [Full GC [PSYoungGen: 138752K->33454K(161280K)] [ParOldGen: 367289K->367289K(367616K)] 506041K->400743K(528896K) [PSPermGen: 13644K->13644K(21504K)], 0.0731860 secs] [Times: user=0.51 sys=0.00, real=0.08 secs] 
207.373: Total time for which application threads were stopped: 0.0738400 seconds, Stopping threads took: 0.0000630 seconds
207.397: Application time: 0.0243310 seconds
207.398: [Full GC [PSYoungGen: 138752K->33469K(161280K)] [ParOldGen: 367289K->367289K(367616K)] 506041K->400758K(528896K) [PSPermGen: 13644K->13644K(21504K)], 0.0731780 secs] [Times: user=0.52 sys=0.00, real=0.07 secs] 
207.471: Total time for which application threads were stopped: 0.0738610 seconds, Stopping threads took: 0.0000490 seconds
207.496: Application time: 0.0252020 seconds
207.497: [Full GC [PSYoungGen: 138752K->33401K(161280K)] [ParOldGen: 367289K->367289K(367616K)] 506041K->400690K(528896K) [PSPermGen: 13644K->13644K(21504K)], 0.0733280 secs] [Times: user=0.52 sys=0.00, real=0.07 secs] 
207.570: Total time for which application threads were stopped: 0.0740190 seconds, Stopping threads took: 0.0000520 seconds
207.595: Application time: 0.0252460 seconds
207.596: [Full GC [PSYoungGen: 138752K->33250K(161280K)] [ParOldGen: 367289K->367289K(367616K)] 506041K->400539K(528896K) [PSPermGen: 13644K->13644K(21504K)], 0.0730100 secs] [Times: user=0.51 sys=0.00, real=0.07 secs] 
207.669: Total time for which application threads were stopped: 0.0736960 seconds, Stopping threads took: 0.0000600 seconds
207.693: Application time: 0.0241870 seconds
207.694: [Full GC [PSYoungGen: 138752K->33235K(161280K)] [ParOldGen: 367289K->367289K(367616K)] 506041K->400524K(528896K) [PSPermGen: 13644K->13644K(21504K)], 0.0815310 secs] [Times: user=0.57 sys=0.00, real=0.08 secs] 
207.775: Total time for which application threads were stopped: 0.0822040 seconds, Stopping threads took: 0.0000870 seconds
207.800: Application time: 0.0241760 seconds
207.800: [Full GC [PSYoungGen: 138752K->33248K(161280K)] [ParOldGen: 367289K->367289K(367616K)] 506041K->400538K(528896K) [PSPermGen: 13644K->13644K(21504K)], 0.0744000 secs] [Times: user=0.52 sys=0.01, real=0.08 secs] 
207.875: Total time for which application threads were stopped: 0.0750390 seconds, Stopping threads took: 0.0000530 seconds
207.899: Application time: 0.0242880 seconds
207.900: [Full GC [PSYoungGen: 138752K->33260K(161280K)] [ParOldGen: 367289K->367289K(367616K)] 506041K->400550K(528896K) [PSPermGen: 13644K->13644K(21504K)], 0.0734960 secs] [Times: user=0.52 sys=0.00, real=0.08 secs] 
207.973: Total time for which application threads were stopped: 0.0741390 seconds, Stopping threads took: 0.0000450 seconds
207.997: Application time: 0.0240310 seconds
207.998: [Full GC [PSYoungGen: 138752K->33281K(161280K)] [ParOldGen: 367289K->367289K(367616K)] 506041K->400570K(528896K) [PSPermGen: 13644K->13644K(21504K)], 0.0731700 secs] [Times: user=0.51 sys=0.00, real=0.07 secs] 
208.071: Total time for which application threads were stopped: 0.0738570 seconds, Stopping threads took: 0.0000510 seconds
208.095: Application time: 0.0243090 seconds
208.096: [Full GC [PSYoungGen: 138752K->33292K(161280K)] [ParOldGen: 367289K->367289K(367616K)] 506041K->400581K(528896K) [PSPermGen: 13644K->13644K(21504K)], 0.0743110 secs] [Times: user=0.52 sys=0.00, real=0.07 secs] 
208.170: Total time for which application threads were stopped: 0.0749800 seconds, Stopping threads took: 0.0000690 seconds
208.194: Application time: 0.0242140 seconds
208.195: [Full GC [PSYoungGen: 138752K->33309K(161280K)] [ParOldGen: 367289K->367289K(367616K)] 506041K->400599K(528896K) [PSPermGen: 13644K->13644K(21504K)], 0.0730320 secs] [Times: user=0.51 sys=0.00, real=0.07 secs] 
208.268: Total time for which application threads were stopped: 0.0736690 seconds, Stopping threads took: 0.0000670 seconds
208.292: Application time: 0.0238020 seconds
208.292: [Full GC [PSYoungGen: 138752K->33323K(161280K)] [ParOldGen: 367289K->367289K(367616K)] 506041K->400612K(528896K) [PSPermGen: 13644K->13644K(21504K)], 0.0737050 secs] [Times: user=0.51 sys=0.00, real=0.07 secs] 
208.366: Total time for which application threads were stopped: 0.0743040 seconds, Stopping threads took: 0.0000440 seconds
208.390: Application time: 0.0240100 seconds
208.391: [Full GC [PSYoungGen: 138752K->33338K(161280K)] [ParOldGen: 367289K->367289K(367616K)] 506041K->400628K(528896K) [PSPermGen: 13644K->13644K(21504K)], 0.0728490 secs] [Times: user=0.51 sys=0.00, real=0.08 secs] 
208.464: Total time for which application threads were stopped: 0.0734630 seconds, Stopping threads took: 0.0000550 seconds
208.488: Application time: 0.0241240 seconds
208.489: [Full GC [PSYoungGen: 138752K->33350K(161280K)] [ParOldGen: 367289K->367289K(367616K)] 506041K->400640K(528896K) [PSPermGen: 13644K->13644K(21504K)], 0.0733000 secs] [Times: user=0.51 sys=0.00, real=0.07 secs] 
208.562: Total time for which application threads were stopped: 0.0740080 seconds, Stopping threads took: 0.0000430 seconds
208.586: Application time: 0.0240490 seconds
208.586: [Full GC [PSYoungGen: 138752K->33368K(161280K)] [ParOldGen: 367289K->367289K(367616K)] 506041K->400658K(528896K) [PSPermGen: 13644K->13644K(21504K)], 0.0737380 secs] [Times: user=0.52 sys=0.00, real=0.07 secs] 
208.660: Total time for which application threads were stopped: 0.0743690 seconds, Stopping threads took: 0.0000570 seconds
208.684: Application time: 0.0241050 seconds
208.685: [Full GC [PSYoungGen: 138752K->33384K(161280K)] [ParOldGen: 367289K->367289K(367616K)] 506041K->400673K(528896K) [PSPermGen: 13644K->13644K(21504K)], 0.0744050 secs] [Times: user=0.52 sys=0.00, real=0.07 secs] 
208.759: Total time for which application threads were stopped: 0.0750840 seconds, Stopping threads took: 0.0000450 seconds
208.784: Application time: 0.0241940 seconds
208.784: [Full GC [PSYoungGen: 138752K->33398K(161280K)] [ParOldGen: 367289K->367289K(367616K)] 506041K->400688K(528896K) [PSPermGen: 13644K->13644K(21504K)], 0.0745250 secs] [Times: user=0.52 sys=0.00, real=0.07 secs] 
208.859: Total time for which application threads were stopped: 0.0751450 seconds, Stopping threads took: 0.0000460 seconds
208.883: Application time: 0.0245400 seconds
208.884: [Full GC [PSYoungGen: 138752K->33412K(161280K)] [ParOldGen: 367289K->367289K(367616K)] 506041K->400702K(528896K) [PSPermGen: 13644K->13644K(21504K)], 0.0748770 secs] [Times: user=0.53 sys=0.00, real=0.07 secs] 
208.959: Total time for which application threads were stopped: 0.0754950 seconds, Stopping threads took: 0.0000440 seconds
208.984: Application time: 0.0247340 seconds
208.984: [Full GC [PSYoungGen: 138752K->33427K(161280K)] [ParOldGen: 367289K->367289K(367616K)] 506041K->400717K(528896K) [PSPermGen: 13644K->13644K(21504K)], 0.0751750 secs] [Times: user=0.52 sys=0.00, real=0.07 secs] 
209.059: Total time for which application threads were stopped: 0.0758050 seconds, Stopping threads took: 0.0000540 seconds
209.084: Application time: 0.0243550 seconds
209.084: [Full GC [PSYoungGen: 138752K->33445K(161280K)] [ParOldGen: 367289K->367289K(367616K)] 506041K->400734K(528896K) [PSPermGen: 13644K->13644K(21504K)], 0.0740840 secs] [Times: user=0.52 sys=0.00, real=0.07 secs] 
209.159: Total time for which application threads were stopped: 0.0747320 seconds, Stopping threads took: 0.0000440 seconds
209.182: Application time: 0.0238530 seconds
209.183: [Full GC [PSYoungGen: 138752K->33456K(161280K)] [ParOldGen: 367289K->367289K(367616K)] 506041K->400746K(528896K) [PSPermGen: 13644K->13644K(21504K)], 0.0770010 secs] [Times: user=0.53 sys=0.00, real=0.08 secs] 
209.260: Total time for which application threads were stopped: 0.0776210 seconds, Stopping threads took: 0.0000490 seconds
209.284: Application time: 0.0238730 seconds
209.284: [Full GC [PSYoungGen: 138752K->33471K(161280K)] [ParOldGen: 367289K->367289K(367616K)] 506041K->400761K(528896K) [PSPermGen: 13644K->13644K(21504K)], 0.0738720 secs] [Times: user=0.50 sys=0.00, real=0.07 secs] 
209.358: Total time for which application threads were stopped: 0.0744820 seconds, Stopping threads took: 0.0000490 seconds
209.382: Application time: 0.0240130 seconds
209.383: [Full GC [PSYoungGen: 138752K->33488K(161280K)] [ParOldGen: 367289K->367289K(367616K)] 506041K->400777K(528896K) [PSPermGen: 13644K->13644K(21504K)], 0.0731970 secs] [Times: user=0.52 sys=0.00, real=0.08 secs] 
209.456: Total time for which application threads were stopped: 0.0738400 seconds, Stopping threads took: 0.0000610 seconds
209.480: Application time: 0.0241440 seconds
209.481: [Full GC [PSYoungGen: 138752K->33506K(161280K)] [ParOldGen: 367289K->367289K(367616K)] 506041K->400796K(528896K) [PSPermGen: 13644K->13644K(21504K)], 0.0740470 secs] [Times: user=0.53 sys=0.00, real=0.08 secs] 
209.555: Total time for which application threads were stopped: 0.0746790 seconds, Stopping threads took: 0.0000550 seconds
209.579: Application time: 0.0238570 seconds
209.580: [Full GC [PSYoungGen: 138752K->33518K(161280K)] [ParOldGen: 367289K->367289K(367616K)] 506041K->400808K(528896K) [PSPermGen: 13644K->13644K(21504K)], 0.0738630 secs] [Times: user=0.52 sys=0.00, real=0.08 secs] 
209.653: Total time for which application threads were stopped: 0.0745490 seconds, Stopping threads took: 0.0000520 seconds
209.678: Application time: 0.0248210 seconds
209.679: [Full GC [PSYoungGen: 138752K->33426K(161280K)] [ParOldGen: 367289K->367289K(367616K)] 506041K->400716K(528896K) [PSPermGen: 13644K->13644K(21504K)], 0.0734340 secs] [Times: user=0.52 sys=0.00, real=0.08 secs] 
209.752: Total time for which application threads were stopped: 0.0741060 seconds, Stopping threads took: 0.0000680 seconds
209.776: Application time: 0.0240500 seconds
209.777: [Full GC [PSYoungGen: 138752K->33406K(161280K)] [ParOldGen: 367289K->367289K(367616K)] 506041K->400695K(528896K) [PSPermGen: 13644K->13644K(21504K)], 0.0745410 secs] [Times: user=0.53 sys=0.00, real=0.08 secs] 
209.852: Total time for which application threads were stopped: 0.0751900 seconds, Stopping threads took: 0.0000720 seconds
209.876: Application time: 0.0244370 seconds
209.877: [Full GC [PSYoungGen: 138752K->33424K(161280K)] [ParOldGen: 367289K->367289K(367616K)] 506041K->400714K(528896K) [PSPermGen: 13644K->13644K(21504K)], 0.0742610 secs] [Times: user=0.53 sys=0.00, real=0.07 secs] 
209.951: Total time for which application threads were stopped: 0.0748950 seconds, Stopping threads took: 0.0000530 seconds
209.975: Application time: 0.0240550 seconds
209.976: [Full GC [PSYoungGen: 138752K->33439K(161280K)] [ParOldGen: 367289K->367289K(367616K)] 506041K->400729K(528896K) [PSPermGen: 13644K->13644K(21504K)], 0.0742000 secs] [Times: user=0.52 sys=0.00, real=0.07 secs] 
210.050: Total time for which application threads were stopped: 0.0748450 seconds, Stopping threads took: 0.0000520 seconds
210.074: Application time: 0.0241840 seconds
210.075: [Full GC [PSYoungGen: 138752K->33453K(161280K)] [ParOldGen: 367289K->367289K(367616K)] 506041K->400742K(528896K) [PSPermGen: 13644K->13644K(21504K)], 0.0727570 secs] [Times: user=0.52 sys=0.00, real=0.07 secs] 
210.148: Total time for which application threads were stopped: 0.0734750 seconds, Stopping threads took: 0.0000630 seconds
210.172: Application time: 0.0241610 seconds
210.172: [Full GC [PSYoungGen: 138752K->33469K(161280K)] [ParOldGen: 367289K->367289K(367616K)] 506041K->400759K(528896K) [PSPermGen: 13644K->13644K(21504K)], 0.0729120 secs] [Times: user=0.51 sys=0.00, real=0.07 secs] 
210.245: Total time for which application threads were stopped: 0.0736100 seconds, Stopping threads took: 0.0000530 seconds
210.270: Application time: 0.0244620 seconds
210.270: [Full GC [PSYoungGen: 138752K->33485K(161280K)] [ParOldGen: 367289K->367289K(367616K)] 506041K->400775K(528896K) [PSPermGen: 13644K->13644K(21504K)], 0.0740230 secs] [Times: user=0.52 sys=0.00, real=0.08 secs] 
210.344: Total time for which application threads were stopped: 0.0746780 seconds, Stopping threads took: 0.0000580 seconds
210.369: Application time: 0.0243910 seconds
210.369: [Full GC [PSYoungGen: 138752K->33499K(161280K)] [ParOldGen: 367289K->367289K(367616K)] 506041K->400788K(528896K) [PSPermGen: 13644K->13644K(21504K)], 0.0740250 secs] [Times: user=0.52 sys=0.00, real=0.08 secs] 
210.444: Total time for which application threads were stopped: 0.0746470 seconds, Stopping threads took: 0.0000570 seconds
210.468: Application time: 0.0244090 seconds
210.468: [Full GC [PSYoungGen: 138752K->33507K(161280K)] [ParOldGen: 367289K->367289K(367616K)] 506041K->400797K(528896K) [PSPermGen: 13644K->13644K(21504K)], 0.0729990 secs] [Times: user=0.52 sys=0.00, real=0.07 secs] 
210.542: Total time for which application threads were stopped: 0.0736250 seconds, Stopping threads took: 0.0000560 seconds
210.567: Application time: 0.0250270 seconds
210.567: [Full GC [PSYoungGen: 138752K->33390K(161280K)] [ParOldGen: 367289K->367289K(367616K)] 506041K->400680K(528896K) [PSPermGen: 13644K->13644K(21504K)], 0.0734670 secs] [Times: user=0.52 sys=0.00, real=0.07 secs] 
210.641: Total time for which application threads were stopped: 0.0741810 seconds, Stopping threads took: 0.0000560 seconds
210.665: Application time: 0.0242710 seconds
210.666: [Full GC [PSYoungGen: 138752K->33405K(161280K)] [ParOldGen: 367289K->367289K(367616K)] 506041K->400695K(528896K) [PSPermGen: 13644K->13644K(21504K)], 0.0729970 secs] [Times: user=0.51 sys=0.00, real=0.07 secs] 
210.739: Total time for which application threads were stopped: 0.0736440 seconds, Stopping threads took: 0.0000630 seconds
210.764: Application time: 0.0248600 seconds
210.764: [Full GC [PSYoungGen: 138752K->33418K(161280K)] [ParOldGen: 367289K->367289K(367616K)] 506041K->400708K(528896K) [PSPermGen: 13644K->13644K(21504K)], 0.0742600 secs] [Times: user=0.52 sys=0.00, real=0.07 secs] 
210.838: Total time for which application threads were stopped: 0.0749240 seconds, Stopping threads took: 0.0000440 seconds
210.863: Application time: 0.0246450 seconds
210.864: [Full GC [PSYoungGen: 138752K->33437K(161280K)] [ParOldGen: 367289K->367289K(367616K)] 506041K->400727K(528896K) [PSPermGen: 13644K->13644K(21504K)], 0.0746480 secs] [Times: user=0.52 sys=0.00, real=0.07 secs] 
210.938: Total time for which application threads were stopped: 0.0753070 seconds, Stopping threads took: 0.0000410 seconds
210.963: Application time: 0.0244360 seconds
210.963: [Full GC [PSYoungGen: 138752K->33448K(161280K)] [ParOldGen: 367289K->367289K(367616K)] 506041K->400738K(528896K) [PSPermGen: 13644K->13644K(21504K)], 0.0736850 secs] [Times: user=0.51 sys=0.00, real=0.07 secs] 
211.037: Total time for which application threads were stopped: 0.0743330 seconds, Stopping threads took: 0.0000630 seconds
211.061: Application time: 0.0242910 seconds
211.062: [Full GC [PSYoungGen: 138752K->33456K(161280K)] [ParOldGen: 367289K->367289K(367616K)] 506041K->400746K(528896K) [PSPermGen: 13644K->13644K(21504K)], 0.0733260 secs] [Times: user=0.52 sys=0.00, real=0.08 secs] 
211.135: Total time for which application threads were stopped: 0.0739470 seconds, Stopping threads took: 0.0000600 seconds
211.160: Application time: 0.0243090 seconds
211.160: [Full GC [PSYoungGen: 138752K->33481K(161280K)] [ParOldGen: 367289K->367289K(367616K)] 506041K->400771K(528896K) [PSPermGen: 13644K->13644K(21504K)], 0.0735500 secs] [Times: user=0.51 sys=0.01, real=0.08 secs] 
211.234: Total time for which application threads were stopped: 0.0741720 seconds, Stopping threads took: 0.0000580 seconds
211.259: Application time: 0.0249970 seconds
211.260: [Full GC [PSYoungGen: 138752K->33372K(161280K)] [ParOldGen: 367289K->367289K(367616K)] 506041K->400662K(528896K) [PSPermGen: 13644K->13644K(21504K)], 0.0733980 secs] [Times: user=0.51 sys=0.00, real=0.08 secs] 
211.333: Total time for which application threads were stopped: 0.0740260 seconds, Stopping threads took: 0.0000690 seconds
211.358: Application time: 0.0254170 seconds
211.359: [Full GC [PSYoungGen: 138752K->33259K(161280K)] [ParOldGen: 367289K->367289K(367616K)] 506041K->400549K(528896K) [PSPermGen: 13644K->13644K(21504K)], 0.0737420 secs] [Times: user=0.52 sys=0.00, real=0.08 secs] 
211.433: Total time for which application threads were stopped: 0.0744650 seconds, Stopping threads took: 0.0000720 seconds
211.457: Application time: 0.0241670 seconds
211.458: [Full GC [PSYoungGen: 138752K->33244K(161280K)] [ParOldGen: 367289K->367289K(367616K)] 506041K->400534K(528896K) [PSPermGen: 13644K->13644K(21504K)], 0.0723120 secs] [Times: user=0.51 sys=0.00, real=0.07 secs] 
211.530: Total time for which application threads were stopped: 0.0730270 seconds, Stopping threads took: 0.0000540 seconds
211.554: Application time: 0.0242980 seconds
211.555: [Full GC [PSYoungGen: 138752K->33257K(161280K)] [ParOldGen: 367289K->367289K(367616K)] 506041K->400547K(528896K) [PSPermGen: 13644K->13644K(21504K)], 0.0747020 secs] [Times: user=0.51 sys=0.00, real=0.07 secs] 
211.630: Total time for which application threads were stopped: 0.0754090 seconds, Stopping threads took: 0.0000540 seconds
211.656: Application time: 0.0263810 seconds
211.657: [Full GC [PSYoungGen: 138752K->33274K(161280K)] [ParOldGen: 367289K->367289K(367616K)] 506041K->400564K(528896K) [PSPermGen: 13644K->13644K(21504K)], 0.0784470 secs] [Times: user=0.54 sys=0.00, real=0.08 secs] 
211.735: Total time for which application threads were stopped: 0.0790860 seconds, Stopping threads took: 0.0000440 seconds
211.760: Application time: 0.0243700 seconds
211.760: [Full GC [PSYoungGen: 138752K->33288K(161280K)] [ParOldGen: 367289K->367289K(367616K)] 506041K->400578K(528896K) [PSPermGen: 13644K->13644K(21504K)], 0.0730130 secs] [Times: user=0.51 sys=0.00, real=0.08 secs] 
211.833: Total time for which application threads were stopped: 0.0737120 seconds, Stopping threads took: 0.0000560 seconds
211.857: Application time: 0.0240440 seconds
211.858: [Full GC [PSYoungGen: 138752K->33301K(161280K)] [ParOldGen: 367289K->367289K(367616K)] 506041K->400591K(528896K) [PSPermGen: 13644K->13644K(21504K)], 0.0728480 secs] [Times: user=0.52 sys=0.00, real=0.07 secs] 
211.931: Total time for which application threads were stopped: 0.0734910 seconds, Stopping threads took: 0.0000610 seconds
211.955: Application time: 0.0241270 seconds
211.956: [Full GC [PSYoungGen: 138752K->33319K(161280K)] [ParOldGen: 367289K->367289K(367616K)] 506041K->400609K(528896K) [PSPermGen: 13644K->13644K(21504K)], 0.0741280 secs] [Times: user=0.52 sys=0.00, real=0.07 secs] 
212.030: Total time for which application threads were stopped: 0.0747890 seconds, Stopping threads took: 0.0000700 seconds
212.054: Application time: 0.0241010 seconds
212.055: [Full GC [PSYoungGen: 138752K->33334K(161280K)] [ParOldGen: 367289K->367289K(367616K)] 506041K->400624K(528896K) [PSPermGen: 13644K->13644K(21504K)], 0.0724940 secs] [Times: user=0.52 sys=0.00, real=0.07 secs] 
212.127: Total time for which application threads were stopped: 0.0732080 seconds, Stopping threads took: 0.0000750 seconds
212.151: Application time: 0.0239630 seconds
212.152: [Full GC [PSYoungGen: 138752K->33346K(161280K)] [ParOldGen: 367289K->367289K(367616K)] 506041K->400636K(528896K) [PSPermGen: 13644K->13644K(21504K)], 0.0730860 secs] [Times: user=0.50 sys=0.00, real=0.07 secs] 
212.225: Total time for which application threads were stopped: 0.0737840 seconds, Stopping threads took: 0.0000570 seconds
212.249: Application time: 0.0239550 seconds
212.249: [Full GC [PSYoungGen: 138752K->33358K(161280K)] [ParOldGen: 367289K->367289K(367616K)] 506041K->400648K(528896K) [PSPermGen: 13644K->13644K(21504K)], 0.0745720 secs] [Times: user=0.52 sys=0.00, real=0.08 secs] 
212.326: Total time for which application threads were stopped: 0.0767320 seconds, Stopping threads took: 0.0000550 seconds
212.350: Application time: 0.0242440 seconds
212.350: [Full GC [PSYoungGen: 138752K->33379K(161280K)] [ParOldGen: 367289K->367289K(367616K)] 506041K->400669K(528896K) [PSPermGen: 13644K->13644K(21504K)], 0.0738470 secs] [Times: user=0.52 sys=0.00, real=0.08 secs] 
212.424: Total time for which application threads were stopped: 0.0744810 seconds, Stopping threads took: 0.0000500 seconds
212.448: Application time: 0.0241820 seconds
212.449: [Full GC [PSYoungGen: 138752K->33394K(161280K)] [ParOldGen: 367289K->367289K(367616K)] 506041K->400683K(528896K) [PSPermGen: 13644K->13644K(21504K)], 0.0741540 secs] [Times: user=0.52 sys=0.00, real=0.07 secs] 
212.523: Total time for which application threads were stopped: 0.0747920 seconds, Stopping threads took: 0.0000510 seconds
212.547: Application time: 0.0239580 seconds
212.548: [Full GC [PSYoungGen: 138752K->33409K(161280K)] [ParOldGen: 367289K->367289K(367616K)] 506041K->400699K(528896K) [PSPermGen: 13644K->13644K(21504K)], 0.0741790 secs] [Times: user=0.53 sys=0.00, real=0.07 secs] 
212.622: Total time for which application threads were stopped: 0.0748180 seconds, Stopping threads took: 0.0000600 seconds
212.648: Application time: 0.0257170 seconds
212.648: [Full GC [PSYoungGen: 138752K->33424K(161280K)] [ParOldGen: 367289K->367289K(367616K)] 506041K->400713K(528896K) [PSPermGen: 13644K->13644K(21504K)], 0.0739780 secs] [Times: user=0.52 sys=0.00, real=0.07 secs] 
212.722: Total time for which application threads were stopped: 0.0746380 seconds, Stopping threads took: 0.0000650 seconds
212.747: Application time: 0.0243250 seconds
212.747: [Full GC [PSYoungGen: 138752K->33439K(161280K)] [ParOldGen: 367289K->367289K(367616K)] 506041K->400729K(528896K) [PSPermGen: 13644K->13644K(21504K)], 0.0738810 secs] [Times: user=0.51 sys=0.01, real=0.07 secs] 
212.821: Total time for which application threads were stopped: 0.0745150 seconds, Stopping threads took: 0.0000580 seconds
212.845: Application time: 0.0240840 seconds
212.846: [Full GC [PSYoungGen: 138752K->33455K(161280K)] [ParOldGen: 367289K->367289K(367616K)] 506041K->400744K(528896K) [PSPermGen: 13644K->13644K(21504K)], 0.0755160 secs] [Times: user=0.54 sys=0.00, real=0.07 secs] 
212.922: Total time for which application threads were stopped: 0.0762170 seconds, Stopping threads took: 0.0000510 seconds
212.946: Application time: 0.0241750 seconds
212.946: [Full GC [PSYoungGen: 138752K->33470K(161280K)] [ParOldGen: 367289K->367289K(367616K)] 506041K->400760K(528896K) [PSPermGen: 13644K->13644K(21504K)], 0.0750090 secs] [Times: user=0.52 sys=0.00, real=0.07 secs] 
213.021: Total time for which application threads were stopped: 0.0756370 seconds, Stopping threads took: 0.0000550 seconds
213.045: Application time: 0.0239800 seconds
213.046: [Full GC [PSYoungGen: 138752K->33484K(161280K)] [ParOldGen: 367289K->367289K(367616K)] 506041K->400774K(528896K) [PSPermGen: 13644K->13644K(21504K)], 0.0740700 secs] [Times: user=0.51 sys=0.01, real=0.07 secs] 
213.120: Total time for which application threads were stopped: 0.0747220 seconds, Stopping threads took: 0.0000760 seconds
213.144: Application time: 0.0240240 seconds
213.145: [Full GC [PSYoungGen: 138752K->33498K(161280K)] [ParOldGen: 367289K->367289K(367616K)] 506041K->400788K(528896K) [PSPermGen: 13644K->13644K(21504K)], 0.0734560 secs] [Times: user=0.52 sys=0.00, real=0.07 secs] 
213.218: Total time for which application threads were stopped: 0.0741140 seconds, Stopping threads took: 0.0000870 seconds
213.244: Application time: 0.0259740 seconds
213.245: [Full GC [PSYoungGen: 138752K->33437K(161280K)] [ParOldGen: 367289K->367289K(367616K)] 506041K->400726K(528896K) [PSPermGen: 13644K->13644K(21504K)], 0.0728320 secs] [Times: user=0.51 sys=0.00, real=0.07 secs] 
213.318: Total time for which application threads were stopped: 0.0736170 seconds, Stopping threads took: 0.0000620 seconds
213.343: Application time: 0.0250040 seconds
213.343: [Full GC [PSYoungGen: 138752K->33390K(161280K)] [ParOldGen: 367289K->367289K(367616K)] 506041K->400679K(528896K) [PSPermGen: 13644K->13644K(21504K)], 0.0732960 secs] [Times: user=0.51 sys=0.00, real=0.07 secs] 
213.417: Total time for which application threads were stopped: 0.0740090 seconds, Stopping threads took: 0.0000750 seconds
213.442: Application time: 0.0247950 seconds
213.442: [Full GC [PSYoungGen: 138752K->33401K(161280K)] [ParOldGen: 367289K->367289K(367616K)] 506041K->400691K(528896K) [PSPermGen: 13644K->13644K(21504K)], 0.0741470 secs] [Times: user=0.52 sys=0.00, real=0.08 secs] 
213.516: Total time for which application threads were stopped: 0.0748120 seconds, Stopping threads took: 0.0000860 seconds
213.541: Application time: 0.0245910 seconds
213.542: [Full GC [PSYoungGen: 138752K->33418K(161280K)] [ParOldGen: 367289K->367289K(367616K)] 506041K->400707K(528896K) [PSPermGen: 13644K->13644K(21504K)], 0.0735320 secs] [Times: user=0.52 sys=0.00, real=0.08 secs] 
213.615: Total time for which application threads were stopped: 0.0741740 seconds, Stopping threads took: 0.0000710 seconds
213.640: Application time: 0.0245520 seconds
213.641: [Full GC [PSYoungGen: 138752K->33430K(161280K)] [ParOldGen: 367289K->367289K(367616K)] 506041K->400720K(528896K) [PSPermGen: 13644K->13644K(21504K)], 0.0737160 secs] [Times: user=0.52 sys=0.00, real=0.08 secs] 
213.714: Total time for which application threads were stopped: 0.0745860 seconds, Stopping threads took: 0.0001520 seconds
213.738: Application time: 0.0240690 seconds
213.739: [Full GC [PSYoungGen: 138752K->33450K(161280K)] [ParOldGen: 367289K->367289K(367616K)] 506041K->400740K(528896K) [PSPermGen: 13644K->13644K(21504K)], 0.0740900 secs] [Times: user=0.51 sys=0.00, real=0.08 secs] 
213.813: Total time for which application threads were stopped: 0.0747630 seconds, Stopping threads took: 0.0000360 seconds
213.838: Application time: 0.0246500 seconds
213.838: [Full GC [PSYoungGen: 138752K->33463K(161280K)] [ParOldGen: 367289K->367289K(367616K)] 506041K->400752K(528896K) [PSPermGen: 13644K->13644K(21504K)], 0.0736380 secs] [Times: user=0.51 sys=0.00, real=0.08 secs] 
213.912: Total time for which application threads were stopped: 0.0742750 seconds, Stopping threads took: 0.0000470 seconds
213.936: Application time: 0.0243210 seconds
213.937: [Full GC [PSYoungGen: 138752K->33479K(161280K)] [ParOldGen: 367289K->367289K(367616K)] 506041K->400769K(528896K) [PSPermGen: 13644K->13644K(21504K)], 0.0730630 secs] [Times: user=0.52 sys=0.00, real=0.07 secs] 
214.010: Total time for which application threads were stopped: 0.0736960 seconds, Stopping threads took: 0.0000690 seconds
214.035: Application time: 0.0246340 seconds
214.035: [Full GC [PSYoungGen: 138752K->33494K(161280K)] [ParOldGen: 367289K->367289K(367616K)] 506041K->400783K(528896K) [PSPermGen: 13644K->13644K(21504K)], 0.0762720 secs] [Times: user=0.54 sys=0.00, real=0.08 secs] 
214.112: Total time for which application threads were stopped: 0.0769160 seconds, Stopping threads took: 0.0000530 seconds
214.136: Application time: 0.0247660 seconds
214.137: [Full GC [PSYoungGen: 138752K->33387K(161280K)] [ParOldGen: 367289K->367289K(367616K)] 506041K->400677K(528896K) [PSPermGen: 13644K->13644K(21504K)], 0.0737360 secs] [Times: user=0.51 sys=0.00, real=0.07 secs] 
214.211: Total time for which application threads were stopped: 0.0743520 seconds, Stopping threads took: 0.0000400 seconds
214.235: Application time: 0.0245930 seconds
214.236: [Full GC [PSYoungGen: 138752K->33383K(161280K)] [ParOldGen: 367289K->367289K(367616K)] 506041K->400673K(528896K) [PSPermGen: 13644K->13644K(21504K)], 0.0769460 secs] [Times: user=0.55 sys=0.00, real=0.08 secs] 
214.313: Total time for which application threads were stopped: 0.0775670 seconds, Stopping threads took: 0.0000540 seconds
214.338: Application time: 0.0245870 seconds
214.338: [Full GC [PSYoungGen: 138752K->33399K(161280K)] [ParOldGen: 367289K->367289K(367616K)] 506041K->400689K(528896K) [PSPermGen: 13644K->13644K(21504K)], 0.0740110 secs] [Times: user=0.52 sys=0.00, real=0.08 secs] 
214.412: Total time for which application threads were stopped: 0.0746430 seconds, Stopping threads took: 0.0000520 seconds
214.437: Application time: 0.0244780 seconds
214.437: [Full GC [PSYoungGen: 138752K->33414K(161280K)] [ParOldGen: 367289K->367289K(367616K)] 506041K->400704K(528896K) [PSPermGen: 13644K->13644K(21504K)], 0.0732990 secs] [Times: user=0.52 sys=0.00, real=0.07 secs] 
214.511: Total time for which application threads were stopped: 0.0739490 seconds, Stopping threads took: 0.0000580 seconds
214.536: Application time: 0.0248630 seconds
214.536: [Full GC [PSYoungGen: 138752K->33430K(161280K)] [ParOldGen: 367289K->367289K(367616K)] 506041K->400720K(528896K) [PSPermGen: 13644K->13644K(21504K)], 0.0759650 secs] [Times: user=0.54 sys=0.00, real=0.08 secs] 
214.612: Total time for which application threads were stopped: 0.0766030 seconds, Stopping threads took: 0.0000500 seconds
214.637: Application time: 0.0246750 seconds
214.637: [Full GC [PSYoungGen: 138752K->33446K(161280K)] [ParOldGen: 367289K->367289K(367616K)] 506041K->400736K(528896K) [PSPermGen: 13644K->13644K(21504K)], 0.0738100 secs] [Times: user=0.52 sys=0.00, real=0.07 secs] 
214.711: Total time for which application threads were stopped: 0.0744540 seconds, Stopping threads took: 0.0000610 seconds
214.736: Application time: 0.0242760 seconds
214.736: [Full GC [PSYoungGen: 138752K->33461K(161280K)] [ParOldGen: 367289K->367289K(367616K)] 506041K->400751K(528896K) [PSPermGen: 13644K->13644K(21504K)], 0.0738610 secs] [Times: user=0.52 sys=0.00, real=0.07 secs] 
214.810: Total time for which application threads were stopped: 0.0745560 seconds, Stopping threads took: 0.0000520 seconds
214.834: Application time: 0.0240500 seconds
214.835: [Full GC [PSYoungGen: 138752K->33473K(161280K)] [ParOldGen: 367289K->367289K(367616K)] 506041K->400763K(528896K) [PSPermGen: 13644K->13644K(21504K)], 0.0754790 secs] [Times: user=0.53 sys=0.00, real=0.07 secs] 
214.910: Total time for which application threads were stopped: 0.0761010 seconds, Stopping threads took: 0.0000520 seconds
214.935: Application time: 0.0243930 seconds
214.935: [Full GC [PSYoungGen: 138752K->33490K(161280K)] [ParOldGen: 367289K->367289K(367616K)] 506041K->400780K(528896K) [PSPermGen: 13644K->13644K(21504K)], 0.0721950 secs] [Times: user=0.51 sys=0.00, real=0.07 secs] 
215.008: Total time for which application threads were stopped: 0.0728760 seconds, Stopping threads took: 0.0000530 seconds
215.033: Application time: 0.0251560 seconds
215.033: [Full GC [PSYoungGen: 138752K->33396K(161280K)] [ParOldGen: 367289K->367289K(367616K)] 506041K->400685K(528896K) [PSPermGen: 13644K->13644K(21504K)], 0.0734130 secs] [Times: user=0.51 sys=0.00, real=0.07 secs] 
215.107: Total time for which application threads were stopped: 0.0740560 seconds, Stopping threads took: 0.0000730 seconds
215.131: Application time: 0.0245040 seconds
215.132: [Full GC [PSYoungGen: 138752K->33271K(161280K)] [ParOldGen: 367289K->367289K(367616K)] 506041K->400560K(528896K) [PSPermGen: 13644K->13644K(21504K)], 0.0727420 secs] [Times: user=0.51 sys=0.00, real=0.07 secs] 
215.205: Total time for which application threads were stopped: 0.0734380 seconds, Stopping threads took: 0.0000690 seconds
215.229: Application time: 0.0241410 seconds
215.229: [Full GC [PSYoungGen: 138752K->33255K(161280K)] [ParOldGen: 367289K->367289K(367616K)] 506041K->400545K(528896K) [PSPermGen: 13644K->13644K(21504K)], 0.0727140 secs] [Times: user=0.51 sys=0.00, real=0.07 secs] 
215.302: Total time for which application threads were stopped: 0.0734150 seconds, Stopping threads took: 0.0000970 seconds
215.327: Application time: 0.0251010 seconds
215.328: [Full GC [PSYoungGen: 138752K->33268K(161280K)] [ParOldGen: 367289K->367289K(367616K)] 506041K->400557K(528896K) [PSPermGen: 13644K->13644K(21504K)], 0.0731950 secs] [Times: user=0.52 sys=0.00, real=0.07 secs] 
215.401: Total time for which application threads were stopped: 0.0738400 seconds, Stopping threads took: 0.0000800 seconds
215.426: Application time: 0.0244000 seconds
215.426: [Full GC [PSYoungGen: 138752K->33284K(161280K)] [ParOldGen: 367289K->367289K(367616K)] 506041K->400574K(528896K) [PSPermGen: 13644K->13644K(21504K)], 0.0768030 secs] [Times: user=0.55 sys=0.00, real=0.07 secs] 
215.503: Total time for which application threads were stopped: 0.0774360 seconds, Stopping threads took: 0.0000390 seconds
215.527: Application time: 0.0240230 seconds
215.528: [Full GC [PSYoungGen: 138752K->33300K(161280K)] [ParOldGen: 367289K->367289K(367616K)] 506041K->400589K(528896K) [PSPermGen: 13644K->13644K(21504K)], 0.0743680 secs] [Times: user=0.51 sys=0.00, real=0.07 secs] 
215.602: Total time for which application threads were stopped: 0.0750740 seconds, Stopping threads took: 0.0000540 seconds
215.627: Application time: 0.0244400 seconds
215.627: [Full GC [PSYoungGen: 138752K->33314K(161280K)] [ParOldGen: 367289K->367289K(367616K)] 506041K->400604K(528896K) [PSPermGen: 13644K->13644K(21504K)], 0.0744580 secs] [Times: user=0.52 sys=0.00, real=0.07 secs] 
215.702: Total time for which application threads were stopped: 0.0751310 seconds, Stopping threads took: 0.0000660 seconds
215.726: Application time: 0.0243420 seconds
215.727: [Full GC [PSYoungGen: 138752K->33329K(161280K)] [ParOldGen: 367289K->367289K(367616K)] 506041K->400618K(528896K) [PSPermGen: 13644K->13644K(21504K)], 0.0736470 secs] [Times: user=0.52 sys=0.00, real=0.07 secs] 
215.800: Total time for which application threads were stopped: 0.0743050 seconds, Stopping threads took: 0.0000730 seconds
215.824: Application time: 0.0240500 seconds
215.825: [Full GC [PSYoungGen: 138752K->33342K(161280K)] [ParOldGen: 367289K->367289K(367616K)] 506041K->400632K(528896K) [PSPermGen: 13644K->13644K(21504K)], 0.0734170 secs] [Times: user=0.51 sys=0.00, real=0.07 secs] 
215.898: Total time for which application threads were stopped: 0.0740330 seconds, Stopping threads took: 0.0000520 seconds
215.923: Application time: 0.0244290 seconds
215.924: [Full GC [PSYoungGen: 138752K->33360K(161280K)] [ParOldGen: 367289K->367289K(367616K)] 506041K->400650K(528896K) [PSPermGen: 13644K->13644K(21504K)], 0.0728430 secs] [Times: user=0.51 sys=0.00, real=0.07 secs] 
215.996: Total time for which application threads were stopped: 0.0734890 seconds, Stopping threads took: 0.0000690 seconds
216.021: Application time: 0.0243610 seconds
216.021: [Full GC [PSYoungGen: 138752K->33374K(161280K)] [ParOldGen: 367289K->367289K(367616K)] 506041K->400664K(528896K) [PSPermGen: 13644K->13644K(21504K)], 0.0728250 secs] [Times: user=0.51 sys=0.00, real=0.08 secs] 
216.094: Total time for which application threads were stopped: 0.0735300 seconds, Stopping threads took: 0.0000490 seconds
216.119: Application time: 0.0243570 seconds
216.119: [Full GC [PSYoungGen: 138752K->33388K(161280K)] [ParOldGen: 367289K->367289K(367616K)] 506041K->400677K(528896K) [PSPermGen: 13644K->13644K(21504K)], 0.0747660 secs] [Times: user=0.52 sys=0.00, real=0.08 secs] 
216.194: Total time for which application threads were stopped: 0.0754110 seconds, Stopping threads took: 0.0000600 seconds
216.218: Application time: 0.0244130 seconds
216.219: [Full GC [PSYoungGen: 138752K->33403K(161280K)] [ParOldGen: 367289K->367289K(367616K)] 506041K->400693K(528896K) [PSPermGen: 13644K->13644K(21504K)], 0.0734020 secs] [Times: user=0.52 sys=0.00, real=0.08 secs] 
216.293: Total time for which application threads were stopped: 0.0740680 seconds, Stopping threads took: 0.0000570 seconds
216.317: Application time: 0.0244400 seconds
216.318: [Full GC [PSYoungGen: 138752K->33421K(161280K)] [ParOldGen: 367289K->367289K(367616K)] 506041K->400711K(528896K) [PSPermGen: 13644K->13644K(21504K)], 0.0743910 secs] [Times: user=0.52 sys=0.00, real=0.08 secs] 
216.392: Total time for which application threads were stopped: 0.0750460 seconds, Stopping threads took: 0.0000840 seconds
216.417: Application time: 0.0247710 seconds
216.417: [Full GC [PSYoungGen: 138752K->33434K(161280K)] [ParOldGen: 367289K->367289K(367616K)] 506041K->400724K(528896K) [PSPermGen: 13644K->13644K(21504K)], 0.0745310 secs] [Times: user=0.52 sys=0.00, real=0.08 secs] 
216.492: Total time for which application threads were stopped: 0.0751860 seconds, Stopping threads took: 0.0000620 seconds
216.517: Application time: 0.0245730 seconds
216.517: [Full GC [PSYoungGen: 138752K->33450K(161280K)] [ParOldGen: 367289K->367289K(367616K)] 506041K->400739K(528896K) [PSPermGen: 13644K->13644K(21504K)], 0.0743890 secs] [Times: user=0.51 sys=0.00, real=0.08 secs] 
216.592: Total time for which application threads were stopped: 0.0750280 seconds, Stopping threads took: 0.0000550 seconds
216.616: Application time: 0.0239180 seconds
216.616: [Full GC [PSYoungGen: 138752K->33464K(161280K)] [ParOldGen: 367289K->367289K(367616K)] 506041K->400754K(528896K) [PSPermGen: 13644K->13644K(21504K)], 0.0742040 secs] [Times: user=0.51 sys=0.01, real=0.07 secs] 
216.690: Total time for which application threads were stopped: 0.0748090 seconds, Stopping threads took: 0.0000420 seconds
216.715: Application time: 0.0241560 seconds
216.715: [Full GC [PSYoungGen: 138752K->33480K(161280K)] [ParOldGen: 367289K->367289K(367616K)] 506041K->400770K(528896K) [PSPermGen: 13644K->13644K(21504K)], 0.0734780 secs] [Times: user=0.52 sys=0.00, real=0.07 secs] 
216.789: Total time for which application threads were stopped: 0.0741670 seconds, Stopping threads took: 0.0000560 seconds
216.813: Application time: 0.0242110 seconds
216.814: [Full GC [PSYoungGen: 138752K->33494K(161280K)] [ParOldGen: 367289K->367289K(367616K)] 506041K->400783K(528896K) [PSPermGen: 13644K->13644K(21504K)], 0.0767450 secs] [Times: user=0.52 sys=0.00, real=0.07 secs] 
216.890: Total time for which application threads were stopped: 0.0774320 seconds, Stopping threads took: 0.0000500 seconds
216.916: Application time: 0.0255710 seconds
216.917: [Full GC [PSYoungGen: 138752K->33449K(161280K)] [ParOldGen: 367289K->367289K(367616K)] 506041K->400739K(528896K) [PSPermGen: 13644K->13644K(21504K)], 0.0732150 secs] [Times: user=0.51 sys=0.01, real=0.07 secs] 
216.990: Total time for which application threads were stopped: 0.0739290 seconds, Stopping threads took: 0.0000730 seconds
217.014: Application time: 0.0242010 seconds
217.015: [Full GC [PSYoungGen: 138752K->33379K(161280K)] [ParOldGen: 367289K->367289K(367616K)] 506041K->400669K(528896K) [PSPermGen: 13644K->13644K(21504K)], 0.0731700 secs] [Times: user=0.51 sys=0.00, real=0.07 secs] 
217.088: Total time for which application threads were stopped: 0.0738890 seconds, Stopping threads took: 0.0000690 seconds
217.112: Application time: 0.0241980 seconds
217.113: [Full GC [PSYoungGen: 138752K->33401K(161280K)] [ParOldGen: 367289K->367289K(367616K)] 506041K->400691K(528896K) [PSPermGen: 13644K->13644K(21504K)], 0.0728540 secs] [Times: user=0.52 sys=0.00, real=0.07 secs] 
217.186: Total time for which application threads were stopped: 0.0735480 seconds, Stopping threads took: 0.0000610 seconds
217.210: Application time: 0.0243510 seconds
217.211: [Full GC [PSYoungGen: 138752K->33414K(161280K)] [ParOldGen: 367289K->367289K(367616K)] 506041K->400703K(528896K) [PSPermGen: 13644K->13644K(21504K)], 0.0746740 secs] [Times: user=0.53 sys=0.00, real=0.08 secs] 
217.285: Total time for which application threads were stopped: 0.0753210 seconds, Stopping threads took: 0.0000790 seconds
217.310: Application time: 0.0246740 seconds
217.311: [Full GC [PSYoungGen: 138752K->33430K(161280K)] [ParOldGen: 367289K->367289K(367616K)] 506041K->400719K(528896K) [PSPermGen: 13644K->13644K(21504K)], 0.0749880 secs] [Times: user=0.52 sys=0.00, real=0.08 secs] 
217.386: Total time for which application threads were stopped: 0.0758160 seconds, Stopping threads took: 0.0000560 seconds
217.410: Application time: 0.0246120 seconds
217.411: [Full GC [PSYoungGen: 138752K->33446K(161280K)] [ParOldGen: 367289K->367289K(367616K)] 506041K->400735K(528896K) [PSPermGen: 13644K->13644K(21504K)], 0.0735230 secs] [Times: user=0.52 sys=0.00, real=0.08 secs] 
217.485: Total time for which application threads were stopped: 0.0741720 seconds, Stopping threads took: 0.0000640 seconds
217.509: Application time: 0.0244840 seconds
217.510: [Full GC [PSYoungGen: 138752K->33459K(161280K)] [ParOldGen: 367289K->367289K(367616K)] 506041K->400749K(528896K) [PSPermGen: 13644K->13644K(21504K)], 0.0730670 secs] [Times: user=0.51 sys=0.00, real=0.07 secs] 
217.583: Total time for which application threads were stopped: 0.0737670 seconds, Stopping threads took: 0.0000610 seconds
217.607: Application time: 0.0242390 seconds
217.608: [Full GC [PSYoungGen: 138752K->33470K(161280K)] [ParOldGen: 367289K->367289K(367616K)] 506041K->400760K(528896K) [PSPermGen: 13644K->13644K(21504K)], 0.0732040 secs] [Times: user=0.52 sys=0.00, real=0.07 secs] 
217.681: Total time for which application threads were stopped: 0.0739100 seconds, Stopping threads took: 0.0000610 seconds
217.705: Application time: 0.0243670 seconds
217.706: [Full GC [PSYoungGen: 138752K->33490K(161280K)] [ParOldGen: 367289K->367289K(367616K)] 506041K->400779K(528896K) [PSPermGen: 13644K->13644K(21504K)], 0.0788370 secs] [Times: user=0.55 sys=0.00, real=0.08 secs] 
217.785: Total time for which application threads were stopped: 0.0794880 seconds, Stopping threads took: 0.0000970 seconds
217.810: Application time: 0.0254310 seconds
217.811: [Full GC [PSYoungGen: 138752K->33393K(161280K)] [ParOldGen: 367289K->367289K(367616K)] 506041K->400682K(528896K) [PSPermGen: 13644K->13644K(21504K)], 0.0734040 secs] [Times: user=0.51 sys=0.00, real=0.08 secs] 
217.884: Total time for which application threads were stopped: 0.0740180 seconds, Stopping threads took: 0.0000570 seconds
217.909: Application time: 0.0245960 seconds
217.910: [Full GC [PSYoungGen: 138752K->33379K(161280K)] [ParOldGen: 367289K->367289K(367616K)] 506041K->400669K(528896K) [PSPermGen: 13644K->13644K(21504K)], 0.0738850 secs] [Times: user=0.51 sys=0.00, real=0.08 secs] 
217.984: Total time for which application threads were stopped: 0.0745930 seconds, Stopping threads took: 0.0000690 seconds
218.008: Application time: 0.0246010 seconds
218.009: [Full GC [PSYoungGen: 138752K->33392K(161280K)] [ParOldGen: 367289K->367289K(367616K)] 506041K->400681K(528896K) [PSPermGen: 13644K->13644K(21504K)], 0.0728980 secs] [Times: user=0.52 sys=0.00, real=0.07 secs] 
218.082: Total time for which application threads were stopped: 0.0736620 seconds, Stopping threads took: 0.0000900 seconds
218.106: Application time: 0.0245370 seconds
218.107: [Full GC [PSYoungGen: 138752K->33407K(161280K)] [ParOldGen: 367289K->367289K(367616K)] 506041K->400697K(528896K) [PSPermGen: 13645K->13645K(21504K)], 0.0732890 secs] [Times: user=0.52 sys=0.00, real=0.07 secs] 
218.180: Total time for which application threads were stopped: 0.0739020 seconds, Stopping threads took: 0.0000540 seconds
218.205: Application time: 0.0246310 seconds
218.206: [Full GC [PSYoungGen: 138752K->33423K(161280K)] [ParOldGen: 367289K->367289K(367616K)] 506041K->400713K(528896K) [PSPermGen: 13645K->13645K(21504K)], 0.0734470 secs] [Times: user=0.51 sys=0.00, real=0.07 secs] 
218.279: Total time for which application threads were stopped: 0.0740860 seconds, Stopping threads took: 0.0000700 seconds
218.304: Application time: 0.0247620 seconds
218.304: [Full GC [PSYoungGen: 138752K->33442K(161280K)] [ParOldGen: 367289K->367289K(367616K)] 506041K->400731K(528896K) [PSPermGen: 13645K->13645K(21504K)], 0.0746330 secs] [Times: user=0.51 sys=0.00, real=0.07 secs] 
218.379: Total time for which application threads were stopped: 0.0752690 seconds, Stopping threads took: 0.0000470 seconds
218.404: Application time: 0.0247650 seconds
218.404: [Full GC [PSYoungGen: 138752K->33455K(161280K)] [ParOldGen: 367289K->367289K(367616K)] 506041K->400745K(528896K) [PSPermGen: 13645K->13645K(21504K)], 0.0725780 secs] [Times: user=0.51 sys=0.00, real=0.07 secs] 
218.477: Total time for which application threads were stopped: 0.0732490 seconds, Stopping threads took: 0.0000900 seconds
218.501: Application time: 0.0241370 seconds
218.502: [Full GC [PSYoungGen: 138752K->33470K(161280K)] [ParOldGen: 367289K->367289K(367616K)] 506041K->400759K(528896K) [PSPermGen: 13645K->13645K(21504K)], 0.0728000 secs] [Times: user=0.52 sys=0.00, real=0.08 secs] 
218.575: Total time for which application threads were stopped: 0.0735230 seconds, Stopping threads took: 0.0000780 seconds
218.599: Application time: 0.0242940 seconds
218.600: [Full GC [PSYoungGen: 138752K->33485K(161280K)] [ParOldGen: 367289K->367289K(367616K)] 506041K->400775K(528896K) [PSPermGen: 13645K->13645K(21504K)], 0.0733760 secs] [Times: user=0.51 sys=0.00, real=0.08 secs] 
218.673: Total time for which application threads were stopped: 0.0740330 seconds, Stopping threads took: 0.0000800 seconds
218.698: Application time: 0.0249490 seconds
218.699: [Full GC [PSYoungGen: 138752K->33491K(161280K)] [ParOldGen: 367289K->367289K(367616K)] 506041K->400780K(528896K) [PSPermGen: 13645K->13645K(21504K)], 0.0732150 secs] [Times: user=0.52 sys=0.00, real=0.08 secs] 
218.772: Total time for which application threads were stopped: 0.0738930 seconds, Stopping threads took: 0.0000470 seconds
218.797: Application time: 0.0252490 seconds
218.798: [Full GC [PSYoungGen: 138752K->33274K(161280K)] [ParOldGen: 367289K->367289K(367616K)] 506041K->400564K(528896K) [PSPermGen: 13645K->13645K(21504K)], 0.0735540 secs] [Times: user=0.51 sys=0.00, real=0.07 secs] 
218.871: Total time for which application threads were stopped: 0.0741570 seconds, Stopping threads took: 0.0000550 seconds
218.896: Application time: 0.0246340 seconds
218.897: [Full GC [PSYoungGen: 138752K->33249K(161280K)] [ParOldGen: 367289K->367289K(367616K)] 506041K->400539K(528896K) [PSPermGen: 13645K->13645K(21504K)], 0.0734630 secs] [Times: user=0.51 sys=0.00, real=0.07 secs] 
218.970: Total time for which application threads were stopped: 0.0741280 seconds, Stopping threads took: 0.0000850 seconds
218.995: Application time: 0.0245900 seconds
218.995: [Full GC [PSYoungGen: 138752K->33263K(161280K)] [ParOldGen: 367289K->367289K(367616K)] 506041K->400553K(528896K) [PSPermGen: 13645K->13645K(21504K)], 0.0732840 secs] [Times: user=0.51 sys=0.00, real=0.07 secs] 
219.069: Total time for which application threads were stopped: 0.0740180 seconds, Stopping threads took: 0.0000730 seconds
219.093: Application time: 0.0243810 seconds
219.094: [Full GC [PSYoungGen: 138752K->33279K(161280K)] [ParOldGen: 367289K->367289K(367616K)] 506041K->400568K(528896K) [PSPermGen: 13645K->13645K(21504K)], 0.0727750 secs] [Times: user=0.51 sys=0.00, real=0.07 secs] 
219.167: Total time for which application threads were stopped: 0.0734830 seconds, Stopping threads took: 0.0000600 seconds
219.191: Application time: 0.0242760 seconds
219.192: [Full GC [PSYoungGen: 138752K->33293K(161280K)] [ParOldGen: 367289K->367289K(367616K)] 506041K->400582K(528896K) [PSPermGen: 13645K->13645K(21504K)], 0.0731060 secs] [Times: user=0.52 sys=0.00, real=0.07 secs] 
219.265: Total time for which application threads were stopped: 0.0738570 seconds, Stopping threads took: 0.0000660 seconds
219.290: Application time: 0.0249600 seconds
219.290: [Full GC [PSYoungGen: 138752K->33309K(161280K)] [ParOldGen: 367289K->367289K(367616K)] 506041K->400599K(528896K) [PSPermGen: 13645K->13645K(21504K)], 0.0742600 secs] [Times: user=0.52 sys=0.00, real=0.08 secs] 
219.365: Total time for which application threads were stopped: 0.0749370 seconds, Stopping threads took: 0.0000720 seconds
219.389: Application time: 0.0246410 seconds
219.390: [Full GC [PSYoungGen: 138752K->33325K(161280K)] [ParOldGen: 367289K->367289K(367616K)] 506041K->400615K(528896K) [PSPermGen: 13645K->13645K(21504K)], 0.0742870 secs] [Times: user=0.53 sys=0.00, real=0.08 secs] 
219.464: Total time for which application threads were stopped: 0.0749150 seconds, Stopping threads took: 0.0000600 seconds
219.489: Application time: 0.0244530 seconds
219.489: [Full GC [PSYoungGen: 138752K->33340K(161280K)] [ParOldGen: 367289K->367289K(367616K)] 506041K->400630K(528896K) [PSPermGen: 13645K->13645K(21504K)], 0.0732990 secs] [Times: user=0.50 sys=0.00, real=0.07 secs] 
219.563: Total time for which application threads were stopped: 0.0739320 seconds, Stopping threads took: 0.0000730 seconds
219.587: Application time: 0.0243120 seconds
219.588: [Full GC [PSYoungGen: 138752K->33354K(161280K)] [ParOldGen: 367289K->367289K(367616K)] 506041K->400644K(528896K) [PSPermGen: 13645K->13645K(21504K)], 0.0731810 secs] [Times: user=0.50 sys=0.00, real=0.07 secs] 
219.661: Total time for which application threads were stopped: 0.0738880 seconds, Stopping threads took: 0.0000580 seconds
219.685: Application time: 0.0241140 seconds
219.685: [Full GC [PSYoungGen: 138752K->33369K(161280K)] [ParOldGen: 367289K->367289K(367616K)] 506041K->400658K(528896K) [PSPermGen: 13645K->13645K(21504K)], 0.0731490 secs] [Times: user=0.52 sys=0.00, real=0.07 secs] 
219.759: Total time for which application threads were stopped: 0.0737650 seconds, Stopping threads took: 0.0000580 seconds
219.783: Application time: 0.0246510 seconds
219.784: [Full GC [PSYoungGen: 138752K->33386K(161280K)] [ParOldGen: 367289K->367289K(367616K)] 506041K->400675K(528896K) [PSPermGen: 13645K->13645K(21504K)], 0.0749540 secs] [Times: user=0.50 sys=0.00, real=0.07 secs] 
219.859: Total time for which application threads were stopped: 0.0756340 seconds, Stopping threads took: 0.0000660 seconds
219.883: Application time: 0.0245010 seconds
219.884: [Full GC [PSYoungGen: 138752K->33398K(161280K)] [ParOldGen: 367289K->367289K(367616K)] 506041K->400687K(528896K) [PSPermGen: 13645K->13645K(21504K)], 0.0743220 secs] [Times: user=0.53 sys=0.00, real=0.07 secs] 
219.958: Total time for which application threads were stopped: 0.0750380 seconds, Stopping threads took: 0.0001440 seconds
219.983: Application time: 0.0246980 seconds
219.984: [Full GC [PSYoungGen: 138752K->33415K(161280K)] [ParOldGen: 367289K->367289K(367616K)] 506041K->400705K(528896K) [PSPermGen: 13645K->13645K(21504K)], 0.0740880 secs] [Times: user=0.52 sys=0.00, real=0.07 secs] 
220.058: Total time for which application threads were stopped: 0.0747580 seconds, Stopping threads took: 0.0000740 seconds
220.083: Application time: 0.0250320 seconds
220.084: [Full GC [PSYoungGen: 138752K->33430K(161280K)] [ParOldGen: 367289K->367289K(367616K)] 506041K->400720K(528896K) [PSPermGen: 13645K->13645K(21504K)], 0.0755100 secs] [Times: user=0.53 sys=0.00, real=0.07 secs] 
220.159: Total time for which application threads were stopped: 0.0761640 seconds, Stopping threads took: 0.0000690 seconds
220.184: Application time: 0.0247850 seconds
220.185: [Full GC [PSYoungGen: 138752K->33444K(161280K)] [ParOldGen: 367289K->367289K(367616K)] 506041K->400733K(528896K) [PSPermGen: 13645K->13645K(21504K)], 0.0735860 secs] [Times: user=0.51 sys=0.00, real=0.07 secs] 
220.258: Total time for which application threads were stopped: 0.0742410 seconds, Stopping threads took: 0.0000890 seconds
220.283: Application time: 0.0244410 seconds
220.283: [Full GC [PSYoungGen: 138752K->33459K(161280K)] [ParOldGen: 367289K->367289K(367616K)] 506041K->400749K(528896K) [PSPermGen: 13645K->13645K(21504K)], 0.0737820 secs] [Times: user=0.52 sys=0.00, real=0.08 secs] 
220.357: Total time for which application threads were stopped: 0.0744350 seconds, Stopping threads took: 0.0000820 seconds
220.381: Application time: 0.0244020 seconds
220.382: [Full GC [PSYoungGen: 138752K->33470K(161280K)] [ParOldGen: 367289K->367289K(367616K)] 506041K->400760K(528896K) [PSPermGen: 13645K->13645K(21504K)], 0.0739250 secs] [Times: user=0.52 sys=0.00, real=0.08 secs] 
220.456: Total time for which application threads were stopped: 0.0745790 seconds, Stopping threads took: 0.0000570 seconds
220.480: Application time: 0.0242460 seconds
220.481: [Full GC [PSYoungGen: 138752K->33490K(161280K)] [ParOldGen: 367289K->367289K(367616K)] 506041K->400780K(528896K) [PSPermGen: 13645K->13645K(21504K)], 0.0738990 secs] [Times: user=0.52 sys=0.00, real=0.08 secs] 
220.555: Total time for which application threads were stopped: 0.0745260 seconds, Stopping threads took: 0.0000580 seconds
220.579: Application time: 0.0243320 seconds
220.580: [Full GC [PSYoungGen: 138752K->33502K(161280K)] [ParOldGen: 367289K->367289K(367616K)] 506041K->400792K(528896K) [PSPermGen: 13645K->13645K(21504K)], 0.0753550 secs] [Times: user=0.51 sys=0.00, real=0.08 secs] 
220.655: Total time for which application threads were stopped: 0.0759850 seconds, Stopping threads took: 0.0000490 seconds
220.680: Application time: 0.0249530 seconds
220.681: [Full GC [PSYoungGen: 138752K->33465K(161280K)] [ParOldGen: 367289K->367289K(367616K)] 506041K->400755K(528896K) [PSPermGen: 13645K->13645K(21504K)], 0.0735740 secs] [Times: user=0.52 sys=0.00, real=0.08 secs] 
220.754: Total time for which application threads were stopped: 0.0743150 seconds, Stopping threads took: 0.0000870 seconds
220.778: Application time: 0.0239970 seconds
220.779: [Full GC [PSYoungGen: 138752K->33465K(161280K)] [ParOldGen: 367289K->367289K(367616K)] 506041K->400754K(528896K) [PSPermGen: 13645K->13645K(21504K)], 0.0749090 secs] [Times: user=0.52 sys=0.00, real=0.08 secs] 
220.854: Total time for which application threads were stopped: 0.0755390 seconds, Stopping threads took: 0.0000670 seconds
220.879: Application time: 0.0245560 seconds
220.879: [Full GC [PSYoungGen: 138752K->33480K(161280K)] [ParOldGen: 367289K->367289K(367616K)] 506041K->400770K(528896K) [PSPermGen: 13645K->13645K(21504K)], 0.0741160 secs] [Times: user=0.52 sys=0.00, real=0.08 secs] 
220.953: Total time for which application threads were stopped: 0.0747640 seconds, Stopping threads took: 0.0000570 seconds
220.978: Application time: 0.0244980 seconds
220.978: [Full GC [PSYoungGen: 138752K->33441K(161280K)] [ParOldGen: 367289K->367289K(367616K)] 506041K->400731K(528896K) [PSPermGen: 13645K->13645K(21504K)], 0.0735490 secs] [Times: user=0.52 sys=0.00, real=0.08 secs] 
221.052: Total time for which application threads were stopped: 0.0742060 seconds, Stopping threads took: 0.0000620 seconds
221.076: Application time: 0.0242290 seconds
221.077: [Full GC [PSYoungGen: 138752K->33438K(161280K)] [ParOldGen: 367289K->367289K(367616K)] 506041K->400728K(528896K) [PSPermGen: 13645K->13645K(21504K)], 0.0733360 secs] [Times: user=0.51 sys=0.00, real=0.07 secs] 
221.150: Total time for which application threads were stopped: 0.0739450 seconds, Stopping threads took: 0.0000480 seconds
221.175: Application time: 0.0245430 seconds
221.175: [Full GC [PSYoungGen: 138752K->33455K(161280K)] [ParOldGen: 367289K->367289K(367616K)] 506041K->400745K(528896K) [PSPermGen: 13645K->13645K(21504K)], 0.0731080 secs] [Times: user=0.51 sys=0.01, real=0.07 secs] 
221.249: Total time for which application threads were stopped: 0.0737670 seconds, Stopping threads took: 0.0000710 seconds
221.273: Application time: 0.0242330 seconds
221.273: [Full GC [PSYoungGen: 138752K->33470K(161280K)] [ParOldGen: 367289K->367289K(367616K)] 506041K->400760K(528896K) [PSPermGen: 13645K->13645K(21504K)], 0.0726410 secs] [Times: user=0.51 sys=0.00, real=0.07 secs] 
221.346: Total time for which application threads were stopped: 0.0733250 seconds, Stopping threads took: 0.0000540 seconds
221.372: Application time: 0.0259300 seconds
221.373: [Full GC [PSYoungGen: 138752K->33484K(161280K)] [ParOldGen: 367289K->367289K(367616K)] 506041K->400774K(528896K) [PSPermGen: 13645K->13645K(21504K)], 0.0740210 secs] [Times: user=0.52 sys=0.00, real=0.07 secs] 
221.447: Total time for which application threads were stopped: 0.0746370 seconds, Stopping threads took: 0.0000620 seconds
221.472: Application time: 0.0254660 seconds
221.473: [Full GC [PSYoungGen: 138752K->33389K(161280K)] [ParOldGen: 367289K->367289K(367616K)] 506041K->400679K(528896K) [PSPermGen: 13645K->13645K(21504K)], 0.0735470 secs] [Times: user=0.52 sys=0.00, real=0.07 secs] 
221.546: Total time for which application threads were stopped: 0.0741740 seconds, Stopping threads took: 0.0000580 seconds
221.571: Application time: 0.0248240 seconds
221.572: [Full GC [PSYoungGen: 138752K->33376K(161280K)] [ParOldGen: 367289K->367289K(367616K)] 506041K->400665K(528896K) [PSPermGen: 13645K->13645K(21504K)], 0.0758940 secs] [Times: user=0.53 sys=0.00, real=0.07 secs] 
221.648: Total time for which application threads were stopped: 0.0765440 seconds, Stopping threads took: 0.0000520 seconds
221.672: Application time: 0.0247340 seconds
221.673: [Full GC [PSYoungGen: 138752K->33387K(161280K)] [ParOldGen: 367289K->367289K(367616K)] 506041K->400676K(528896K) [PSPermGen: 13645K->13645K(21504K)], 0.0731350 secs] [Times: user=0.52 sys=0.00, real=0.07 secs] 
221.746: Total time for which application threads were stopped: 0.0738640 seconds, Stopping threads took: 0.0000590 seconds
221.771: Application time: 0.0249170 seconds
221.772: [Full GC [PSYoungGen: 138752K->33405K(161280K)] [ParOldGen: 367289K->367289K(367616K)] 506041K->400694K(528896K) [PSPermGen: 13645K->13645K(21504K)], 0.0729250 secs] [Times: user=0.51 sys=0.00, real=0.07 secs] 
221.845: Total time for which application threads were stopped: 0.0735760 seconds, Stopping threads took: 0.0000670 seconds
221.869: Application time: 0.0245420 seconds
221.870: [Full GC [PSYoungGen: 138752K->33423K(161280K)] [ParOldGen: 367289K->367289K(367616K)] 506041K->400712K(528896K) [PSPermGen: 13645K->13645K(21504K)], 0.0746520 secs] [Times: user=0.52 sys=0.00, real=0.08 secs] 
221.945: Total time for which application threads were stopped: 0.0753050 seconds, Stopping threads took: 0.0000800 seconds
221.970: Application time: 0.0249930 seconds
221.970: [Full GC [PSYoungGen: 138752K->33436K(161280K)] [ParOldGen: 367289K->367289K(367616K)] 506041K->400726K(528896K) [PSPermGen: 13645K->13645K(21504K)], 0.0743600 secs] [Times: user=0.52 sys=0.00, real=0.08 secs] 
222.045: Total time for which application threads were stopped: 0.0749840 seconds, Stopping threads took: 0.0000500 seconds
222.069: Application time: 0.0243070 seconds
222.070: [Full GC [PSYoungGen: 138752K->33450K(161280K)] [ParOldGen: 367289K->367289K(367616K)] 506041K->400740K(528896K) [PSPermGen: 13645K->13645K(21504K)], 0.0723390 secs] [Times: user=0.51 sys=0.00, real=0.07 secs] 
222.142: Total time for which application threads were stopped: 0.0730540 seconds, Stopping threads took: 0.0000620 seconds
222.166: Application time: 0.0244670 seconds
222.167: [Full GC [PSYoungGen: 138752K->33467K(161280K)] [ParOldGen: 367289K->367289K(367616K)] 506041K->400757K(528896K) [PSPermGen: 13645K->13645K(21504K)], 0.0732770 secs] [Times: user=0.52 sys=0.00, real=0.07 secs] 
222.240: Total time for which application threads were stopped: 0.0739140 seconds, Stopping threads took: 0.0000370 seconds
222.264: Application time: 0.0239480 seconds
222.265: [Full GC [PSYoungGen: 138752K->33480K(161280K)] [ParOldGen: 367289K->367289K(367616K)] 506041K->400769K(528896K) [PSPermGen: 13645K->13645K(21504K)], 0.0743090 secs] [Times: user=0.51 sys=0.00, real=0.07 secs] 
222.339: Total time for which application threads were stopped: 0.0749120 seconds, Stopping threads took: 0.0000450 seconds
222.364: Application time: 0.0243410 seconds
222.364: [Full GC [PSYoungGen: 138752K->33493K(161280K)] [ParOldGen: 367289K->367289K(367616K)] 506041K->400783K(528896K) [PSPermGen: 13645K->13645K(21504K)], 0.0729190 secs] [Times: user=0.51 sys=0.00, real=0.07 secs] 
222.437: Total time for which application threads were stopped: 0.0735870 seconds, Stopping threads took: 0.0000660 seconds
222.462: Application time: 0.0250290 seconds
222.463: [Full GC [PSYoungGen: 138752K->33292K(161280K)] [ParOldGen: 367289K->367289K(367616K)] 506041K->400581K(528896K) [PSPermGen: 13645K->13645K(21504K)], 0.0734410 secs] [Times: user=0.51 sys=0.00, real=0.08 secs] 
222.536: Total time for which application threads were stopped: 0.0740640 seconds, Stopping threads took: 0.0000620 seconds
222.561: Application time: 0.0243100 seconds
222.561: [Full GC [PSYoungGen: 138752K->33244K(161280K)] [ParOldGen: 367289K->367289K(367616K)] 506041K->400534K(528896K) [PSPermGen: 13645K->13645K(21504K)], 0.0727860 secs] [Times: user=0.52 sys=0.00, real=0.08 secs] 
222.634: Total time for which application threads were stopped: 0.0734800 seconds, Stopping threads took: 0.0000590 seconds
222.659: Application time: 0.0251040 seconds
222.660: [Full GC [PSYoungGen: 138752K->33258K(161280K)] [ParOldGen: 367289K->367289K(367616K)] 506041K->400548K(528896K) [PSPermGen: 13645K->13645K(21504K)], 0.0734360 secs] [Times: user=0.51 sys=0.00, real=0.08 secs] 
222.733: Total time for which application threads were stopped: 0.0741370 seconds, Stopping threads took: 0.0000480 seconds
222.758: Application time: 0.0245190 seconds
222.758: [Full GC [PSYoungGen: 138752K->33275K(161280K)] [ParOldGen: 367289K->367289K(367616K)] 506041K->400564K(528896K) [PSPermGen: 13645K->13645K(21504K)], 0.0730990 secs] [Times: user=0.51 sys=0.01, real=0.08 secs] 
222.832: Total time for which application threads were stopped: 0.0737890 seconds, Stopping threads took: 0.0000800 seconds
222.856: Application time: 0.0241900 seconds
222.856: [Full GC [PSYoungGen: 138752K->33289K(161280K)] [ParOldGen: 367289K->367289K(367616K)] 506041K->400578K(528896K) [PSPermGen: 13645K->13645K(21504K)], 0.0733900 secs] [Times: user=0.51 sys=0.00, real=0.07 secs] 
222.930: Total time for which application threads were stopped: 0.0740740 seconds, Stopping threads took: 0.0000500 seconds
222.954: Application time: 0.0242870 seconds
222.955: [Full GC [PSYoungGen: 138752K->33305K(161280K)] [ParOldGen: 367289K->367289K(367616K)] 506041K->400594K(528896K) [PSPermGen: 13645K->13645K(21504K)], 0.0735710 secs] [Times: user=0.52 sys=0.00, real=0.07 secs] 
223.028: Total time for which application threads were stopped: 0.0741990 seconds, Stopping threads took: 0.0000550 seconds
223.053: Application time: 0.0243690 seconds
223.053: [Full GC [PSYoungGen: 138752K->33320K(161280K)] [ParOldGen: 367289K->367289K(367616K)] 506041K->400610K(528896K) [PSPermGen: 13645K->13645K(21504K)], 0.0736010 secs] [Times: user=0.52 sys=0.00, real=0.07 secs] 
223.127: Total time for which application threads were stopped: 0.0742690 seconds, Stopping threads took: 0.0000720 seconds
223.151: Application time: 0.0242930 seconds
223.152: [Full GC [PSYoungGen: 138752K->33334K(161280K)] [ParOldGen: 367289K->367289K(367616K)] 506041K->400624K(528896K) [PSPermGen: 13645K->13645K(21504K)], 0.0743100 secs] [Times: user=0.52 sys=0.00, real=0.07 secs] 
223.226: Total time for which application threads were stopped: 0.0749740 seconds, Stopping threads took: 0.0000850 seconds
223.251: Application time: 0.0247190 seconds
223.252: [Full GC [PSYoungGen: 138752K->33351K(161280K)] [ParOldGen: 367289K->367289K(367616K)] 506041K->400641K(528896K) [PSPermGen: 13645K->13645K(21504K)], 0.0732350 secs] [Times: user=0.52 sys=0.00, real=0.07 secs] 
223.325: Total time for which application threads were stopped: 0.0738680 seconds, Stopping threads took: 0.0000490 seconds
223.349: Application time: 0.0244560 seconds
223.350: [Full GC [PSYoungGen: 138752K->33364K(161280K)] [ParOldGen: 367289K->367289K(367616K)] 506041K->400654K(528896K) [PSPermGen: 13645K->13645K(21504K)], 0.0747030 secs] [Times: user=0.52 sys=0.00, real=0.08 secs] 
223.425: Total time for which application threads were stopped: 0.0753930 seconds, Stopping threads took: 0.0000920 seconds
223.449: Application time: 0.0247070 seconds
223.450: [Full GC [PSYoungGen: 138752K->33381K(161280K)] [ParOldGen: 367289K->367289K(367616K)] 506041K->400671K(528896K) [PSPermGen: 13645K->13645K(21504K)], 0.0747880 secs] [Times: user=0.51 sys=0.00, real=0.08 secs] 
223.525: Total time for which application threads were stopped: 0.0754480 seconds, Stopping threads took: 0.0000750 seconds
223.549: Application time: 0.0245790 seconds
223.550: [Full GC [PSYoungGen: 138752K->33395K(161280K)] [ParOldGen: 367289K->367289K(367616K)] 506041K->400685K(528896K) [PSPermGen: 13645K->13645K(21504K)], 0.0737710 secs] [Times: user=0.52 sys=0.00, real=0.08 secs] 
223.624: Total time for which application threads were stopped: 0.0744030 seconds, Stopping threads took: 0.0000620 seconds
223.649: Application time: 0.0256270 seconds
223.650: [Full GC [PSYoungGen: 138752K->33410K(161280K)] [ParOldGen: 367289K->367289K(367616K)] 506041K->400700K(528896K) [PSPermGen: 13645K->13645K(21504K)], 0.0742060 secs] [Times: user=0.52 sys=0.00, real=0.08 secs] 
223.724: Total time for which application threads were stopped: 0.0748510 seconds, Stopping threads took: 0.0000720 seconds
223.749: Application time: 0.0245100 seconds
223.749: [Full GC [PSYoungGen: 138752K->33425K(161280K)] [ParOldGen: 367289K->367289K(367616K)] 506041K->400714K(528896K) [PSPermGen: 13645K->13645K(21504K)], 0.0754970 secs] [Times: user=0.52 sys=0.00, real=0.08 secs] 
223.825: Total time for which application threads were stopped: 0.0761420 seconds, Stopping threads took: 0.0000700 seconds
223.850: Application time: 0.0254370 seconds
223.851: [Full GC [PSYoungGen: 138752K->33439K(161280K)] [ParOldGen: 367289K->367289K(367616K)] 506041K->400728K(528896K) [PSPermGen: 13645K->13645K(21504K)], 0.0732260 secs] [Times: user=0.52 sys=0.00, real=0.08 secs] 
223.924: Total time for which application threads were stopped: 0.0739180 seconds, Stopping threads took: 0.0000930 seconds
223.949: Application time: 0.0244790 seconds
223.949: [Full GC [PSYoungGen: 138752K->33455K(161280K)] [ParOldGen: 367289K->367289K(367616K)] 506041K->400745K(528896K) [PSPermGen: 13645K->13645K(21504K)], 0.0735930 secs] [Times: user=0.52 sys=0.00, real=0.07 secs] 
224.023: Total time for which application threads were stopped: 0.0742360 seconds, Stopping threads took: 0.0000690 seconds
224.048: Application time: 0.0245890 seconds
224.048: [Full GC [PSYoungGen: 138752K->33471K(161280K)] [ParOldGen: 367289K->367289K(367616K)] 506041K->400761K(528896K) [PSPermGen: 13645K->13645K(21504K)], 0.0735840 secs] [Times: user=0.51 sys=0.00, real=0.07 secs] 
224.122: Total time for which application threads were stopped: 0.0742330 seconds, Stopping threads took: 0.0000710 seconds
224.146: Application time: 0.0245420 seconds
224.147: [Full GC [PSYoungGen: 138752K->33486K(161280K)] [ParOldGen: 367289K->367289K(367616K)] 506041K->400776K(528896K) [PSPermGen: 13645K->13645K(21504K)], 0.0740950 secs] [Times: user=0.52 sys=0.00, real=0.07 secs] 
224.221: Total time for which application threads were stopped: 0.0747230 seconds, Stopping threads took: 0.0000500 seconds
224.246: Application time: 0.0244200 seconds
224.246: [Full GC [PSYoungGen: 138752K->33497K(161280K)] [ParOldGen: 367289K->367289K(367616K)] 506041K->400787K(528896K) [PSPermGen: 13645K->13645K(21504K)], 0.0738430 secs] [Times: user=0.51 sys=0.01, real=0.07 secs] 
224.320: Total time for which application threads were stopped: 0.0745120 seconds, Stopping threads took: 0.0000980 seconds
224.346: Application time: 0.0258700 seconds
224.347: [Full GC [PSYoungGen: 138752K->33460K(161280K)] [ParOldGen: 367289K->367289K(367616K)] 506041K->400750K(528896K) [PSPermGen: 13645K->13645K(21504K)], 0.0815450 secs] [Times: user=0.56 sys=0.01, real=0.08 secs] 
224.428: Total time for which application threads were stopped: 0.0822240 seconds, Stopping threads took: 0.0001150 seconds
224.452: Application time: 0.0242840 seconds
224.453: [Full GC [PSYoungGen: 138752K->33462K(161280K)] [ParOldGen: 367289K->367289K(367616K)] 506041K->400751K(528896K) [PSPermGen: 13645K->13645K(21504K)], 0.0730130 secs] [Times: user=0.52 sys=0.00, real=0.07 secs] 
224.526: Total time for which application threads were stopped: 0.0736550 seconds, Stopping threads took: 0.0000660 seconds
224.551: Application time: 0.0248280 seconds
224.552: [Full GC [PSYoungGen: 138752K->33477K(161280K)] [ParOldGen: 367289K->367289K(367616K)] 506041K->400766K(528896K) [PSPermGen: 13645K->13645K(21504K)], 0.0768400 secs] [Times: user=0.55 sys=0.00, real=0.07 secs] 
224.628: Total time for which application threads were stopped: 0.0774790 seconds, Stopping threads took: 0.0000410 seconds
224.654: Application time: 0.0251430 seconds
224.654: [Full GC [PSYoungGen: 138752K->33492K(161280K)] [ParOldGen: 367289K->367289K(367616K)] 506041K->400782K(528896K) [PSPermGen: 13645K->13645K(21504K)], 0.0730980 secs] [Times: user=0.51 sys=0.00, real=0.07 secs] 
224.727: Total time for which application threads were stopped: 0.0737370 seconds, Stopping threads took: 0.0000600 seconds
224.752: Application time: 0.0248690 seconds
224.753: [Full GC [PSYoungGen: 138752K->33452K(161280K)] [ParOldGen: 367289K->367289K(367616K)] 506041K->400742K(528896K) [PSPermGen: 13645K->13645K(21504K)], 0.0729490 secs] [Times: user=0.52 sys=0.00, real=0.07 secs] 
224.826: Total time for which application threads were stopped: 0.0735870 seconds, Stopping threads took: 0.0000520 seconds
224.851: Application time: 0.0247890 seconds
224.851: [Full GC [PSYoungGen: 138752K->33452K(161280K)] [ParOldGen: 367289K->367289K(367616K)] 506041K->400741K(528896K) [PSPermGen: 13645K->13645K(21504K)], 0.0741440 secs] [Times: user=0.53 sys=0.00, real=0.08 secs] 
224.925: Total time for which application threads were stopped: 0.0747800 seconds, Stopping threads took: 0.0000600 seconds
224.950: Application time: 0.0244800 seconds
224.951: [Full GC [PSYoungGen: 138752K->33465K(161280K)] [ParOldGen: 367289K->367289K(367616K)] 506041K->400754K(528896K) [PSPermGen: 13645K->13645K(21504K)], 0.0722820 secs] [Times: user=0.51 sys=0.00, real=0.07 secs] 
225.023: Total time for which application threads were stopped: 0.0729860 seconds, Stopping threads took: 0.0000650 seconds
225.048: Application time: 0.0251890 seconds
225.049: [Full GC [PSYoungGen: 138752K->33370K(161280K)] [ParOldGen: 367289K->367289K(367616K)] 506041K->400660K(528896K) [PSPermGen: 13645K->13645K(21504K)], 0.0730800 secs] [Times: user=0.52 sys=0.00, real=0.07 secs] 
225.122: Total time for which application threads were stopped: 0.0738350 seconds, Stopping threads took: 0.0001010 seconds
225.147: Application time: 0.0249290 seconds
225.147: [Full GC [PSYoungGen: 138752K->33355K(161280K)] [ParOldGen: 367289K->367289K(367616K)] 506041K->400644K(528896K) [PSPermGen: 13645K->13645K(21504K)], 0.0741340 secs] [Times: user=0.52 sys=0.00, real=0.07 secs] 
225.222: Total time for which application threads were stopped: 0.0748030 seconds, Stopping threads took: 0.0000850 seconds
225.247: Application time: 0.0250700 seconds
225.247: [Full GC [PSYoungGen: 138752K->33369K(161280K)] [ParOldGen: 367289K->367289K(367616K)] 506041K->400659K(528896K) [PSPermGen: 13645K->13645K(21504K)], 0.0741480 secs] [Times: user=0.53 sys=0.00, real=0.07 secs] 
225.322: Total time for which application threads were stopped: 0.0747990 seconds, Stopping threads took: 0.0000690 seconds
225.347: Application time: 0.0253050 seconds
225.347: [Full GC [PSYoungGen: 138752K->33385K(161280K)] [ParOldGen: 367289K->367289K(367616K)] 506041K->400675K(528896K) [PSPermGen: 13645K->13645K(21504K)], 0.0738620 secs] [Times: user=0.51 sys=0.00, real=0.07 secs] 
225.421: Total time for which application threads were stopped: 0.0745620 seconds, Stopping threads took: 0.0000760 seconds
225.446: Application time: 0.0248740 seconds
225.447: [Full GC [PSYoungGen: 138752K->33400K(161280K)] [ParOldGen: 367289K->367289K(367616K)] 506041K->400690K(528896K) [PSPermGen: 13645K->13645K(21504K)], 0.0747500 secs] [Times: user=0.52 sys=0.00, real=0.07 secs] 
225.522: Total time for which application threads were stopped: 0.0753770 seconds, Stopping threads took: 0.0000520 seconds
225.547: Application time: 0.0250540 seconds
225.547: [Full GC [PSYoungGen: 138752K->33415K(161280K)] [ParOldGen: 367289K->367289K(367616K)] 506041K->400705K(528896K) [PSPermGen: 13645K->13645K(21504K)], 0.0744280 secs] [Times: user=0.52 sys=0.00, real=0.07 secs] 
225.622: Total time for which application threads were stopped: 0.0750820 seconds, Stopping threads took: 0.0000770 seconds
225.648: Application time: 0.0257950 seconds
225.648: [Full GC [PSYoungGen: 138752K->33431K(161280K)] [ParOldGen: 367289K->367289K(367616K)] 506041K->400721K(528896K) [PSPermGen: 13645K->13645K(21504K)], 0.0730150 secs] [Times: user=0.52 sys=0.00, real=0.07 secs] 
225.721: Total time for which application threads were stopped: 0.0736500 seconds, Stopping threads took: 0.0000480 seconds
225.746: Application time: 0.0248050 seconds
225.747: [Full GC [PSYoungGen: 138752K->33447K(161280K)] [ParOldGen: 367289K->367289K(367616K)] 506041K->400736K(528896K) [PSPermGen: 13645K->13645K(21504K)], 0.0733170 secs] [Times: user=0.51 sys=0.00, real=0.07 secs] 
225.820: Total time for which application threads were stopped: 0.0739960 seconds, Stopping threads took: 0.0000760 seconds
225.845: Application time: 0.0247660 seconds
225.845: [Full GC [PSYoungGen: 138752K->33463K(161280K)] [ParOldGen: 367289K->367289K(367616K)] 506041K->400752K(528896K) [PSPermGen: 13645K->13645K(21504K)], 0.0744250 secs] [Times: user=0.51 sys=0.00, real=0.07 secs] 
225.920: Total time for which application threads were stopped: 0.0750630 seconds, Stopping threads took: 0.0000670 seconds
225.945: Application time: 0.0247980 seconds
225.945: [Full GC [PSYoungGen: 138752K->33477K(161280K)] [ParOldGen: 367289K->367289K(367616K)] 506041K->400767K(528896K) [PSPermGen: 13645K->13645K(21504K)], 0.0736840 secs] [Times: user=0.52 sys=0.00, real=0.07 secs] 
226.019: Total time for which application threads were stopped: 0.0742990 seconds, Stopping threads took: 0.0000610 seconds
226.044: Application time: 0.0246670 seconds
226.044: [Full GC [PSYoungGen: 138752K->33490K(161280K)] [ParOldGen: 367289K->367289K(367616K)] 506041K->400780K(528896K) [PSPermGen: 13645K->13645K(21504K)], 0.0730870 secs] [Times: user=0.52 sys=0.00, real=0.07 secs] 
226.117: Total time for which application threads were stopped: 0.0737910 seconds, Stopping threads took: 0.0000690 seconds
226.143: Application time: 0.0256060 seconds
226.144: [Full GC [PSYoungGen: 138752K->33385K(161280K)] [ParOldGen: 367289K->367289K(367616K)] 506041K->400674K(528896K) [PSPermGen: 13645K->13645K(21504K)], 0.0733970 secs] [Times: user=0.51 sys=0.00, real=0.07 secs] 
226.217: Total time for which application threads were stopped: 0.0740030 seconds, Stopping threads took: 0.0000400 seconds
226.242: Application time: 0.0249490 seconds
226.243: [Full GC [PSYoungGen: 138752K->33324K(161280K)] [ParOldGen: 367289K->367289K(367616K)] 506041K->400614K(528896K) [PSPermGen: 13645K->13645K(21504K)], 0.0729390 secs] [Times: user=0.52 sys=0.00, real=0.08 secs] 
226.316: Total time for which application threads were stopped: 0.0736330 seconds, Stopping threads took: 0.0000520 seconds
226.340: Application time: 0.0245940 seconds
226.341: [Full GC [PSYoungGen: 138752K->33327K(161280K)] [ParOldGen: 367289K->367289K(367616K)] 506041K->400617K(528896K) [PSPermGen: 13645K->13645K(21504K)], 0.0741050 secs] [Times: user=0.52 sys=0.00, real=0.08 secs] 
226.415: Total time for which application threads were stopped: 0.0747320 seconds, Stopping threads took: 0.0000560 seconds
226.440: Application time: 0.0247380 seconds
226.440: [Full GC [PSYoungGen: 138752K->33287K(161280K)] [ParOldGen: 367289K->367289K(367616K)] 506041K->400576K(528896K) [PSPermGen: 13645K->13645K(21504K)], 0.0730020 secs] [Times: user=0.51 sys=0.00, real=0.08 secs] 
226.513: Total time for which application threads were stopped: 0.0736230 seconds, Stopping threads took: 0.0000610 seconds
226.538: Application time: 0.0247470 seconds
226.539: [Full GC [PSYoungGen: 138752K->33287K(161280K)] [ParOldGen: 367289K->367289K(367616K)] 506041K->400576K(528896K) [PSPermGen: 13645K->13645K(21504K)], 0.0731310 secs] [Times: user=0.51 sys=0.00, real=0.08 secs] 
226.612: Total time for which application threads were stopped: 0.0737820 seconds, Stopping threads took: 0.0000680 seconds
226.636: Application time: 0.0244510 seconds
226.637: [Full GC [PSYoungGen: 138752K->33300K(161280K)] [ParOldGen: 367289K->367289K(367616K)] 506041K->400589K(528896K) [PSPermGen: 13645K->13645K(21504K)], 0.0735820 secs] [Times: user=0.51 sys=0.00, real=0.07 secs] 
226.711: Total time for which application threads were stopped: 0.0741990 seconds, Stopping threads took: 0.0000560 seconds
226.735: Application time: 0.0245240 seconds
226.736: [Full GC [PSYoungGen: 138752K->33316K(161280K)] [ParOldGen: 367289K->367289K(367616K)] 506041K->400606K(528896K) [PSPermGen: 13645K->13645K(21504K)], 0.0731870 secs] [Times: user=0.52 sys=0.00, real=0.07 secs] 
226.809: Total time for which application threads were stopped: 0.0739270 seconds, Stopping threads took: 0.0000840 seconds
226.833: Application time: 0.0242940 seconds
226.834: [Full GC [PSYoungGen: 138752K->33330K(161280K)] [ParOldGen: 367289K->367289K(367616K)] 506041K->400620K(528896K) [PSPermGen: 13645K->13645K(21504K)], 0.0741010 secs] [Times: user=0.52 sys=0.00, real=0.07 secs] 
226.908: Total time for which application threads were stopped: 0.0747500 seconds, Stopping threads took: 0.0000600 seconds
226.933: Application time: 0.0248330 seconds
226.933: [Full GC [PSYoungGen: 138752K->33346K(161280K)] [ParOldGen: 367289K->367289K(367616K)] 506041K->400636K(528896K) [PSPermGen: 13645K->13645K(21504K)], 0.0732040 secs] [Times: user=0.51 sys=0.00, real=0.07 secs] 
227.007: Total time for which application threads were stopped: 0.0738590 seconds, Stopping threads took: 0.0000650 seconds
227.031: Application time: 0.0244780 seconds
227.032: [Full GC [PSYoungGen: 138752K->33361K(161280K)] [ParOldGen: 367289K->367289K(367616K)] 506041K->400650K(528896K) [PSPermGen: 13645K->13645K(21504K)], 0.0722840 secs] [Times: user=0.51 sys=0.00, real=0.07 secs] 
227.104: Total time for which application threads were stopped: 0.0729360 seconds, Stopping threads took: 0.0000550 seconds
227.128: Application time: 0.0242590 seconds
227.129: [Full GC [PSYoungGen: 138752K->33374K(161280K)] [ParOldGen: 367289K->367289K(367616K)] 506041K->400664K(528896K) [PSPermGen: 13645K->13645K(21504K)], 0.0733320 secs] [Times: user=0.52 sys=0.00, real=0.07 secs] 
227.202: Total time for which application threads were stopped: 0.0740510 seconds, Stopping threads took: 0.0000810 seconds
227.227: Application time: 0.0247560 seconds
227.228: [Full GC [PSYoungGen: 138752K->33392K(161280K)] [ParOldGen: 367289K->367289K(367616K)] 506041K->400681K(528896K) [PSPermGen: 13645K->13645K(21504K)], 0.0735330 secs] [Times: user=0.52 sys=0.00, real=0.07 secs] 
227.301: Total time for which application threads were stopped: 0.0741940 seconds, Stopping threads took: 0.0000920 seconds
227.326: Application time: 0.0247180 seconds
227.327: [Full GC [PSYoungGen: 138752K->33406K(161280K)] [ParOldGen: 367289K->367289K(367616K)] 506041K->400696K(528896K) [PSPermGen: 13645K->13645K(21504K)], 0.0735090 secs] [Times: user=0.51 sys=0.00, real=0.07 secs] 
227.400: Total time for which application threads were stopped: 0.0741580 seconds, Stopping threads took: 0.0000770 seconds
227.426: Application time: 0.0255800 seconds
227.427: [Full GC [PSYoungGen: 138752K->33420K(161280K)] [ParOldGen: 367289K->367289K(367616K)] 506041K->400710K(528896K) [PSPermGen: 13645K->13645K(21504K)], 0.0734040 secs] [Times: user=0.50 sys=0.01, real=0.07 secs] 
227.502: Total time for which application threads were stopped: 0.0756660 seconds, Stopping threads took: 0.0000940 seconds
227.526: Application time: 0.0245130 seconds
227.527: [Full GC [PSYoungGen: 138752K->33436K(161280K)] [ParOldGen: 367289K->367289K(367616K)] 506041K->400725K(528896K) [PSPermGen: 13645K->13645K(21504K)], 0.0725310 secs] [Times: user=0.50 sys=0.01, real=0.07 secs] 
227.599: Total time for which application threads were stopped: 0.0733110 seconds, Stopping threads took: 0.0001220 seconds
227.624: Application time: 0.0244110 seconds
227.624: [Full GC [PSYoungGen: 138752K->33451K(161280K)] [ParOldGen: 367289K->367289K(367616K)] 506041K->400740K(528896K) [PSPermGen: 13645K->13645K(21504K)], 0.0921660 secs] [Times: user=0.64 sys=0.00, real=0.09 secs] 
227.717: Total time for which application threads were stopped: 0.0928130 seconds, Stopping threads took: 0.0000830 seconds
227.741: Application time: 0.0245880 seconds
227.742: [Full GC [PSYoungGen: 138752K->33466K(161280K)] [ParOldGen: 367289K->367289K(367616K)] 506041K->400755K(528896K) [PSPermGen: 13645K->13645K(21504K)], 0.0733280 secs] [Times: user=0.52 sys=0.00, real=0.08 secs] 
227.815: Total time for which application threads were stopped: 0.0740040 seconds, Stopping threads took: 0.0000850 seconds
227.840: Application time: 0.0244440 seconds
227.840: [Full GC [PSYoungGen: 138752K->33478K(161280K)] [ParOldGen: 367289K->367289K(367616K)] 506041K->400768K(528896K) [PSPermGen: 13645K->13645K(21504K)], 0.0732690 secs] [Times: user=0.52 sys=0.00, real=0.08 secs] 
227.914: Total time for which application threads were stopped: 0.0739340 seconds, Stopping threads took: 0.0000780 seconds
227.938: Application time: 0.0243690 seconds
227.939: [Full GC [PSYoungGen: 138752K->33495K(161280K)] [ParOldGen: 367289K->367289K(367616K)] 506041K->400785K(528896K) [PSPermGen: 13645K->13645K(21504K)], 0.0735940 secs] [Times: user=0.52 sys=0.00, real=0.08 secs] 
228.012: Total time for which application threads were stopped: 0.0742630 seconds, Stopping threads took: 0.0000530 seconds
228.037: Application time: 0.0251750 seconds
228.038: [Full GC [PSYoungGen: 138752K->33456K(161280K)] [ParOldGen: 367289K->367289K(367616K)] 506041K->400746K(528896K) [PSPermGen: 13645K->13645K(21504K)], 0.0746910 secs] [Times: user=0.52 sys=0.00, real=0.08 secs] 
228.113: Total time for which application threads were stopped: 0.0753680 seconds, Stopping threads took: 0.0000990 seconds
228.137: Application time: 0.0245130 seconds
228.138: [Full GC [PSYoungGen: 138752K->33457K(161280K)] [ParOldGen: 367289K->367289K(367616K)] 506041K->400747K(528896K) [PSPermGen: 13645K->13645K(21504K)], 0.0730430 secs] [Times: user=0.51 sys=0.00, real=0.07 secs] 
228.211: Total time for which application threads were stopped: 0.0738180 seconds, Stopping threads took: 0.0001220 seconds
228.235: Application time: 0.0240690 seconds
228.236: [Full GC [PSYoungGen: 138752K->33468K(161280K)] [ParOldGen: 367289K->367289K(367616K)] 506041K->400758K(528896K) [PSPermGen: 13645K->13645K(21504K)], 0.0729290 secs] [Times: user=0.51 sys=0.00, real=0.07 secs] 
228.309: Total time for which application threads were stopped: 0.0735630 seconds, Stopping threads took: 0.0000550 seconds
228.333: Application time: 0.0245660 seconds
228.334: [Full GC [PSYoungGen: 138752K->33419K(161280K)] [ParOldGen: 367289K->367289K(367616K)] 506041K->400709K(528896K) [PSPermGen: 13645K->13645K(21504K)], 0.0757040 secs] [Times: user=0.52 sys=0.00, real=0.07 secs] 
228.410: Total time for which application threads were stopped: 0.0763620 seconds, Stopping threads took: 0.0000740 seconds
228.434: Application time: 0.0241530 seconds
228.434: [Full GC [PSYoungGen: 138752K->33431K(161280K)] [ParOldGen: 367289K->367289K(367616K)] 506041K->400721K(528896K) [PSPermGen: 13645K->13645K(21504K)], 0.0730610 secs] [Times: user=0.52 sys=0.00, real=0.07 secs] 
228.508: Total time for which application threads were stopped: 0.0736980 seconds, Stopping threads took: 0.0000750 seconds
228.535: Application time: 0.0272700 seconds
228.535: [Full GC [PSYoungGen: 138752K->33448K(161280K)] [ParOldGen: 367289K->367289K(367616K)] 506041K->400738K(528896K) [PSPermGen: 13645K->13645K(21504K)], 0.0752060 secs] [Times: user=0.51 sys=0.00, real=0.07 secs] 
228.611: Total time for which application threads were stopped: 0.0758980 seconds, Stopping threads took: 0.0000670 seconds
228.635: Application time: 0.0247050 seconds
228.636: [Full GC [PSYoungGen: 138752K->33459K(161280K)] [ParOldGen: 367289K->367289K(367616K)] 506041K->400749K(528896K) [PSPermGen: 13645K->13645K(21504K)], 0.0734210 secs] [Times: user=0.52 sys=0.00, real=0.07 secs] 
228.710: Total time for which application threads were stopped: 0.0740760 seconds, Stopping threads took: 0.0000680 seconds
228.735: Application time: 0.0255740 seconds
228.736: [Full GC [PSYoungGen: 138752K->33365K(161280K)] [ParOldGen: 367289K->367289K(367616K)] 506041K->400655K(528896K) [PSPermGen: 13645K->13645K(21504K)], 0.0734700 secs] [Times: user=0.52 sys=0.00, real=0.07 secs] 
228.809: Total time for which application threads were stopped: 0.0741940 seconds, Stopping threads took: 0.0000900 seconds
228.834: Application time: 0.0251090 seconds
228.835: [Full GC [PSYoungGen: 138752K->33349K(161280K)] [ParOldGen: 367289K->367289K(367616K)] 506041K->400639K(528896K) [PSPermGen: 13645K->13645K(21504K)], 0.0735440 secs] [Times: user=0.52 sys=0.00, real=0.07 secs] 
228.909: Total time for which application threads were stopped: 0.0742010 seconds, Stopping threads took: 0.0000770 seconds
228.934: Application time: 0.0253860 seconds
228.935: [Full GC [PSYoungGen: 138752K->33366K(161280K)] [ParOldGen: 367289K->367289K(367616K)] 506041K->400655K(528896K) [PSPermGen: 13645K->13645K(21504K)], 0.0730980 secs] [Times: user=0.51 sys=0.00, real=0.07 secs] 
229.008: Total time for which application threads were stopped: 0.0737570 seconds, Stopping threads took: 0.0000810 seconds
229.033: Application time: 0.0250560 seconds
229.033: [Full GC [PSYoungGen: 138752K->33380K(161280K)] [ParOldGen: 367289K->367289K(367616K)] 506041K->400669K(528896K) [PSPermGen: 13645K->13645K(21504K)], 0.0739670 secs] [Times: user=0.52 sys=0.00, real=0.07 secs] 
229.107: Total time for which application threads were stopped: 0.0745790 seconds, Stopping threads took: 0.0000410 seconds
229.133: Application time: 0.0253860 seconds
229.133: [Full GC [PSYoungGen: 138752K->33394K(161280K)] [ParOldGen: 367289K->367289K(367616K)] 506041K->400684K(528896K) [PSPermGen: 13645K->13645K(21504K)], 0.0744560 secs] [Times: user=0.53 sys=0.00, real=0.07 secs] 
229.208: Total time for which application threads were stopped: 0.0751550 seconds, Stopping threads took: 0.0001010 seconds
229.233: Application time: 0.0252010 seconds
229.234: [Full GC [PSYoungGen: 138752K->33409K(161280K)] [ParOldGen: 367289K->367289K(367616K)] 506041K->400698K(528896K) [PSPermGen: 13645K->13645K(21504K)], 0.0730090 secs] [Times: user=0.52 sys=0.00, real=0.07 secs] 
229.307: Total time for which application threads were stopped: 0.0737400 seconds, Stopping threads took: 0.0000830 seconds
229.332: Application time: 0.0250720 seconds
229.333: [Full GC [PSYoungGen: 138752K->33425K(161280K)] [ParOldGen: 367289K->367289K(367616K)] 506041K->400714K(528896K) [PSPermGen: 13645K->13645K(21504K)], 0.0738990 secs] [Times: user=0.51 sys=0.00, real=0.07 secs] 
229.406: Total time for which application threads were stopped: 0.0745160 seconds, Stopping threads took: 0.0000480 seconds
229.431: Application time: 0.0248160 seconds
229.432: [Full GC [PSYoungGen: 138752K->33441K(161280K)] [ParOldGen: 367289K->367289K(367616K)] 506041K->400731K(528896K) [PSPermGen: 13645K->13645K(21504K)], 0.0725460 secs] [Times: user=0.50 sys=0.00, real=0.07 secs] 
229.505: Total time for which application threads were stopped: 0.0731960 seconds, Stopping threads took: 0.0000820 seconds
229.529: Application time: 0.0244390 seconds
229.530: [Full GC [PSYoungGen: 138752K->33459K(161280K)] [ParOldGen: 367289K->367289K(367616K)] 506041K->400748K(528896K) [PSPermGen: 13645K->13645K(21504K)], 0.0729390 secs] [Times: user=0.52 sys=0.00, real=0.07 secs] 
229.603: Total time for which application threads were stopped: 0.0736710 seconds, Stopping threads took: 0.0000930 seconds
229.627: Application time: 0.0246690 seconds
229.628: [Full GC [PSYoungGen: 138752K->33472K(161280K)] [ParOldGen: 367289K->367289K(367616K)] 506041K->400761K(528896K) [PSPermGen: 13645K->13645K(21504K)], 0.0735170 secs] [Times: user=0.52 sys=0.01, real=0.07 secs] 
229.701: Total time for which application threads were stopped: 0.0741590 seconds, Stopping threads took: 0.0000810 seconds
229.726: Application time: 0.0248330 seconds
229.727: [Full GC [PSYoungGen: 138752K->33487K(161280K)] [ParOldGen: 367289K->367289K(367616K)] 506041K->400776K(528896K) [PSPermGen: 13645K->13645K(21504K)], 0.0736680 secs] [Times: user=0.52 sys=0.00, real=0.07 secs] 
229.801: Total time for which application threads were stopped: 0.0743290 seconds, Stopping threads took: 0.0000840 seconds
229.826: Application time: 0.0256620 seconds
229.827: [Full GC [PSYoungGen: 138752K->33427K(161280K)] [ParOldGen: 367289K->367289K(367616K)] 506041K->400717K(528896K) [PSPermGen: 13645K->13645K(21504K)], 0.0739780 secs] [Times: user=0.50 sys=0.00, real=0.07 secs] 
229.901: Total time for which application threads were stopped: 0.0746070 seconds, Stopping threads took: 0.0000750 seconds
229.926: Application time: 0.0253220 seconds
229.927: [Full GC [PSYoungGen: 138752K->33394K(161280K)] [ParOldGen: 367289K->367289K(367616K)] 506041K->400683K(528896K) [PSPermGen: 13645K->13645K(21504K)], 0.0731900 secs] [Times: user=0.52 sys=0.00, real=0.07 secs] 
230.000: Total time for which application threads were stopped: 0.0738790 seconds, Stopping threads took: 0.0001210 seconds
230.025: Application time: 0.0247610 seconds
230.025: [Full GC [PSYoungGen: 138752K->33389K(161280K)] [ParOldGen: 367289K->367289K(367616K)] 506041K->400679K(528896K) [PSPermGen: 13645K->13645K(21504K)], 0.0735700 secs] [Times: user=0.52 sys=0.00, real=0.07 secs] 
230.099: Total time for which application threads were stopped: 0.0742180 seconds, Stopping threads took: 0.0000820 seconds
230.124: Application time: 0.0252380 seconds
230.125: [Full GC [PSYoungGen: 138752K->33251K(161280K)] [ParOldGen: 367289K->367289K(367616K)] 506041K->400541K(528896K) [PSPermGen: 13645K->13645K(21504K)], 0.0724400 secs] [Times: user=0.51 sys=0.00, real=0.07 secs] 
230.197: Total time for which application threads were stopped: 0.0731410 seconds, Stopping threads took: 0.0001010 seconds
230.223: Application time: 0.0251970 seconds
230.223: [Full GC [PSYoungGen: 138752K->33280K(161280K)] [ParOldGen: 367289K->367289K(367616K)] 506041K->400570K(528896K) [PSPermGen: 13645K->13645K(21504K)], 0.0732590 secs] [Times: user=0.51 sys=0.00, real=0.08 secs] 
230.297: Total time for which application threads were stopped: 0.0738990 seconds, Stopping threads took: 0.0000740 seconds
230.321: Application time: 0.0245660 seconds
230.322: [Full GC [PSYoungGen: 138752K->33296K(161280K)] [ParOldGen: 367289K->367289K(367616K)] 506041K->400586K(528896K) [PSPermGen: 13645K->13645K(21504K)], 0.0725100 secs] [Times: user=0.51 sys=0.00, real=0.08 secs] 
230.394: Total time for which application threads were stopped: 0.0732750 seconds, Stopping threads took: 0.0001030 seconds
230.419: Application time: 0.0249440 seconds
230.420: [Full GC [PSYoungGen: 138752K->33309K(161280K)] [ParOldGen: 367289K->367289K(367616K)] 506041K->400598K(528896K) [PSPermGen: 13645K->13645K(21504K)], 0.0760050 secs] [Times: user=0.52 sys=0.00, real=0.08 secs] 
230.496: Total time for which application threads were stopped: 0.0766580 seconds, Stopping threads took: 0.0000830 seconds
230.521: Application time: 0.0249160 seconds
230.522: [Full GC [PSYoungGen: 138752K->33324K(161280K)] [ParOldGen: 367289K->367289K(367616K)] 506041K->400614K(528896K) [PSPermGen: 13645K->13645K(21504K)], 0.0727060 secs] [Times: user=0.52 sys=0.00, real=0.08 secs] 
230.594: Total time for which application threads were stopped: 0.0733470 seconds, Stopping threads took: 0.0000690 seconds
230.619: Application time: 0.0245240 seconds
230.619: [Full GC [PSYoungGen: 138752K->33343K(161280K)] [ParOldGen: 367289K->367289K(367616K)] 506041K->400633K(528896K) [PSPermGen: 13645K->13645K(21504K)], 0.0748030 secs] [Times: user=0.52 sys=0.00, real=0.08 secs] 
230.694: Total time for which application threads were stopped: 0.0754550 seconds, Stopping threads took: 0.0000710 seconds
230.719: Application time: 0.0245500 seconds
230.719: [Full GC [PSYoungGen: 138752K->33356K(161280K)] [ParOldGen: 367289K->367289K(367616K)] 506041K->400645K(528896K) [PSPermGen: 13645K->13645K(21504K)], 0.0745150 secs] [Times: user=0.52 sys=0.00, real=0.08 secs] 
230.794: Total time for which application threads were stopped: 0.0751570 seconds, Stopping threads took: 0.0000640 seconds
230.819: Application time: 0.0246850 seconds
230.819: [Full GC [PSYoungGen: 138752K->33370K(161280K)] [ParOldGen: 367289K->367289K(367616K)] 506041K->400659K(528896K) [PSPermGen: 13645K->13645K(21504K)], 0.0739050 secs] [Times: user=0.52 sys=0.00, real=0.08 secs] 
230.893: Total time for which application threads were stopped: 0.0745310 seconds, Stopping threads took: 0.0000500 seconds
230.918: Application time: 0.0245490 seconds
230.918: [Full GC [PSYoungGen: 138752K->33386K(161280K)] [ParOldGen: 367289K->367289K(367616K)] 506041K->400675K(528896K) [PSPermGen: 13645K->13645K(21504K)], 0.0728630 secs] [Times: user=0.51 sys=0.00, real=0.07 secs] 
230.991: Total time for which application threads were stopped: 0.0735820 seconds, Stopping threads took: 0.0000680 seconds
231.016: Application time: 0.0244600 seconds
231.016: [Full GC [PSYoungGen: 138752K->33397K(161280K)] [ParOldGen: 367289K->367289K(367616K)] 506041K->400686K(528896K) [PSPermGen: 13645K->13645K(21504K)], 0.0733160 secs] [Times: user=0.51 sys=0.00, real=0.07 secs] 
231.090: Total time for which application threads were stopped: 0.0739210 seconds, Stopping threads took: 0.0000490 seconds
231.114: Application time: 0.0247440 seconds
231.115: [Full GC [PSYoungGen: 138752K->33414K(161280K)] [ParOldGen: 367289K->367289K(367616K)] 506041K->400704K(528896K) [PSPermGen: 13645K->13645K(21504K)], 0.0793500 secs] [Times: user=0.54 sys=0.00, real=0.08 secs] 
231.195: Total time for which application threads were stopped: 0.0800020 seconds, Stopping threads took: 0.0000560 seconds
231.219: Application time: 0.0248420 seconds
231.220: [Full GC [PSYoungGen: 138752K->33430K(161280K)] [ParOldGen: 367289K->367289K(367616K)] 506041K->400720K(528896K) [PSPermGen: 13645K->13645K(21504K)], 0.0737240 secs] [Times: user=0.52 sys=0.00, real=0.08 secs] 
231.294: Total time for which application threads were stopped: 0.0743610 seconds, Stopping threads took: 0.0000570 seconds
231.318: Application time: 0.0245550 seconds
231.319: [Full GC [PSYoungGen: 138752K->33446K(161280K)] [ParOldGen: 367289K->367289K(367616K)] 506041K->400736K(528896K) [PSPermGen: 13645K->13645K(21504K)], 0.0740260 secs] [Times: user=0.52 sys=0.00, real=0.08 secs] 
231.393: Total time for which application threads were stopped: 0.0746770 seconds, Stopping threads took: 0.0000800 seconds
231.419: Application time: 0.0261110 seconds
231.420: [Full GC [PSYoungGen: 138752K->33461K(161280K)] [ParOldGen: 367289K->367289K(367616K)] 506041K->400751K(528896K) [PSPermGen: 13645K->13645K(21504K)], 0.0745890 secs] [Times: user=0.52 sys=0.00, real=0.08 secs] 
231.494: Total time for which application threads were stopped: 0.0752840 seconds, Stopping threads took: 0.0000710 seconds
231.519: Application time: 0.0248580 seconds
231.520: [Full GC [PSYoungGen: 138752K->33477K(161280K)] [ParOldGen: 367289K->367289K(367616K)] 506041K->400767K(528896K) [PSPermGen: 13645K->13645K(21504K)], 0.0746890 secs] [Times: user=0.53 sys=0.00, real=0.08 secs] 
231.595: Total time for which application threads were stopped: 0.0753660 seconds, Stopping threads took: 0.0000780 seconds
231.619: Application time: 0.0245890 seconds
231.620: [Full GC [PSYoungGen: 138752K->33493K(161280K)] [ParOldGen: 367289K->367289K(367616K)] 506041K->400783K(528896K) [PSPermGen: 13645K->13645K(21504K)], 0.0740670 secs] [Times: user=0.52 sys=0.00, real=0.08 secs] 
231.694: Total time for which application threads were stopped: 0.0747510 seconds, Stopping threads took: 0.0001050 seconds
231.719: Application time: 0.0248150 seconds
231.719: [Full GC [PSYoungGen: 138752K->33504K(161280K)] [ParOldGen: 367289K->367289K(367616K)] 506041K->400794K(528896K) [PSPermGen: 13645K->13645K(21504K)], 0.0739490 secs] [Times: user=0.51 sys=0.00, real=0.08 secs] 
231.793: Total time for which application threads were stopped: 0.0745740 seconds, Stopping threads took: 0.0000590 seconds
231.819: Application time: 0.0252830 seconds
231.819: [Full GC [PSYoungGen: 138752K->33468K(161280K)] [ParOldGen: 367289K->367289K(367616K)] 506041K->400758K(528896K) [PSPermGen: 13645K->13645K(21504K)], 0.0729170 secs] [Times: user=0.52 sys=0.00, real=0.08 secs] 
231.892: Total time for which application threads were stopped: 0.0738200 seconds, Stopping threads took: 0.0002510 seconds
231.917: Application time: 0.0245790 seconds
231.918: [Full GC [PSYoungGen: 138752K->33467K(161280K)] [ParOldGen: 367289K->367289K(367616K)] 506041K->400756K(528896K) [PSPermGen: 13645K->13645K(21504K)], 0.0786600 secs] [Times: user=0.55 sys=0.00, real=0.08 secs] 
231.996: Total time for which application threads were stopped: 0.0793010 seconds, Stopping threads took: 0.0000920 seconds
232.021: Application time: 0.0250070 seconds
232.022: [Full GC [PSYoungGen: 138752K->33428K(161280K)] [ParOldGen: 367289K->367289K(367616K)] 506041K->400718K(528896K) [PSPermGen: 13645K->13645K(21504K)], 0.0731370 secs] [Times: user=0.51 sys=0.00, real=0.08 secs] 
232.095: Total time for which application threads were stopped: 0.0738860 seconds, Stopping threads took: 0.0000860 seconds
232.120: Application time: 0.0246290 seconds
232.120: [Full GC [PSYoungGen: 138752K->33423K(161280K)] [ParOldGen: 367289K->367289K(367616K)] 506041K->400713K(528896K) [PSPermGen: 13645K->13645K(21504K)], 0.0738320 secs] [Times: user=0.52 sys=0.00, real=0.08 secs] 
232.194: Total time for which application threads were stopped: 0.0744970 seconds, Stopping threads took: 0.0000900 seconds
232.219: Application time: 0.0246410 seconds
232.220: [Full GC [PSYoungGen: 138752K->33443K(161280K)] [ParOldGen: 367289K->367289K(367616K)] 506041K->400733K(528896K) [PSPermGen: 13645K->13645K(21504K)], 0.0733410 secs] [Times: user=0.52 sys=0.00, real=0.08 secs] 
232.293: Total time for which application threads were stopped: 0.0740090 seconds, Stopping threads took: 0.0000790 seconds
232.318: Application time: 0.0246620 seconds
232.318: [Full GC [PSYoungGen: 138752K->33455K(161280K)] [ParOldGen: 367289K->367289K(367616K)] 506041K->400745K(528896K) [PSPermGen: 13645K->13645K(21504K)], 0.0729890 secs] [Times: user=0.51 sys=0.00, real=0.07 secs] 
232.391: Total time for which application threads were stopped: 0.0736790 seconds, Stopping threads took: 0.0000850 seconds
232.416: Application time: 0.0249870 seconds
232.417: [Full GC [PSYoungGen: 138752K->33362K(161280K)] [ParOldGen: 367289K->367289K(367616K)] 506041K->400652K(528896K) [PSPermGen: 13645K->13645K(21504K)], 0.0734790 secs] [Times: user=0.51 sys=0.00, real=0.07 secs] 
232.490: Total time for which application threads were stopped: 0.0741130 seconds, Stopping threads took: 0.0000790 seconds
232.515: Application time: 0.0246560 seconds
232.516: [Full GC [PSYoungGen: 138752K->33346K(161280K)] [ParOldGen: 367289K->367289K(367616K)] 506041K->400636K(528896K) [PSPermGen: 13645K->13645K(21504K)], 0.0730240 secs] [Times: user=0.52 sys=0.00, real=0.07 secs] 
232.589: Total time for which application threads were stopped: 0.0737470 seconds, Stopping threads took: 0.0000860 seconds
232.614: Application time: 0.0250270 seconds
232.615: [Full GC [PSYoungGen: 138752K->33360K(161280K)] [ParOldGen: 367289K->367289K(367616K)] 506041K->400649K(528896K) [PSPermGen: 13645K->13645K(21504K)], 0.0760490 secs] [Times: user=0.53 sys=0.01, real=0.07 secs] 
232.691: Total time for which application threads were stopped: 0.0767370 seconds, Stopping threads took: 0.0000800 seconds
232.716: Application time: 0.0249070 seconds
232.716: [Full GC [PSYoungGen: 138752K->33374K(161280K)] [ParOldGen: 367289K->367289K(367616K)] 506041K->400664K(528896K) [PSPermGen: 13645K->13645K(21504K)], 0.0735900 secs] [Times: user=0.52 sys=0.00, real=0.07 secs] 
232.790: Total time for which application threads were stopped: 0.0742570 seconds, Stopping threads took: 0.0000790 seconds
232.815: Application time: 0.0249490 seconds
232.815: [Full GC [PSYoungGen: 138752K->33390K(161280K)] [ParOldGen: 367289K->367289K(367616K)] 506041K->400680K(528896K) [PSPermGen: 13645K->13645K(21504K)], 0.0742690 secs] [Times: user=0.52 sys=0.00, real=0.07 secs] 
232.890: Total time for which application threads were stopped: 0.0749260 seconds, Stopping threads took: 0.0000800 seconds
232.915: Application time: 0.0248710 seconds
232.915: [Full GC [PSYoungGen: 138752K->33404K(161280K)] [ParOldGen: 367289K->367289K(367616K)] 506041K->400694K(528896K) [PSPermGen: 13645K->13645K(21504K)], 0.0742370 secs] [Times: user=0.51 sys=0.00, real=0.07 secs] 
232.990: Total time for which application threads were stopped: 0.0749430 seconds, Stopping threads took: 0.0000730 seconds
233.014: Application time: 0.0245990 seconds
233.015: [Full GC [PSYoungGen: 138752K->33420K(161280K)] [ParOldGen: 367289K->367289K(367616K)] 506041K->400709K(528896K) [PSPermGen: 13645K->13645K(21504K)], 0.0725510 secs] [Times: user=0.52 sys=0.00, real=0.07 secs] 
233.087: Total time for which application threads were stopped: 0.0732060 seconds, Stopping threads took: 0.0000660 seconds
233.112: Application time: 0.0247190 seconds
233.113: [Full GC [PSYoungGen: 138752K->33434K(161280K)] [ParOldGen: 367289K->367289K(367616K)] 506041K->400723K(528896K) [PSPermGen: 13645K->13645K(21504K)], 0.0737990 secs] [Times: user=0.52 sys=0.00, real=0.07 secs] 
233.187: Total time for which application threads were stopped: 0.0744360 seconds, Stopping threads took: 0.0000630 seconds
233.211: Application time: 0.0245670 seconds
233.212: [Full GC [PSYoungGen: 138752K->33452K(161280K)] [ParOldGen: 367289K->367289K(367616K)] 506041K->400742K(528896K) [PSPermGen: 13645K->13645K(21504K)], 0.0728980 secs] [Times: user=0.52 sys=0.01, real=0.07 secs] 
233.285: Total time for which application threads were stopped: 0.0735280 seconds, Stopping threads took: 0.0000490 seconds
233.309: Application time: 0.0244850 seconds
233.310: [Full GC [PSYoungGen: 138752K->33467K(161280K)] [ParOldGen: 367289K->367289K(367616K)] 506041K->400757K(528896K) [PSPermGen: 13645K->13645K(21504K)], 0.0733140 secs] [Times: user=0.52 sys=0.00, real=0.07 secs] 
233.383: Total time for which application threads were stopped: 0.0739830 seconds, Stopping threads took: 0.0000880 seconds
233.408: Application time: 0.0245810 seconds
233.408: [Full GC [PSYoungGen: 138752K->33483K(161280K)] [ParOldGen: 367289K->367289K(367616K)] 506041K->400772K(528896K) [PSPermGen: 13645K->13645K(21504K)], 0.0748920 secs] [Times: user=0.51 sys=0.00, real=0.07 secs] 
233.483: Total time for which application threads were stopped: 0.0755510 seconds, Stopping threads took: 0.0000660 seconds
233.508: Application time: 0.0243580 seconds
233.508: [Full GC [PSYoungGen: 138752K->33497K(161280K)] [ParOldGen: 367289K->367289K(367616K)] 506041K->400787K(528896K) [PSPermGen: 13645K->13645K(21504K)], 0.0728630 secs] [Times: user=0.51 sys=0.00, real=0.07 secs] 
233.581: Total time for which application threads were stopped: 0.0736120 seconds, Stopping threads took: 0.0001070 seconds
233.606: Application time: 0.0245950 seconds
233.606: [Full GC [PSYoungGen: 138752K->33505K(161280K)] [ParOldGen: 367289K->367289K(367616K)] 506041K->400795K(528896K) [PSPermGen: 13645K->13645K(21504K)], 0.0737020 secs] [Times: user=0.52 sys=0.00, real=0.07 secs] 
233.680: Total time for which application threads were stopped: 0.0743220 seconds, Stopping threads took: 0.0000400 seconds
233.705: Application time: 0.0252940 seconds
233.706: [Full GC [PSYoungGen: 138752K->33459K(161280K)] [ParOldGen: 367289K->367289K(367616K)] 506041K->400749K(528896K) [PSPermGen: 13645K->13645K(21504K)], 0.0732840 secs] [Times: user=0.51 sys=0.01, real=0.07 secs] 
233.779: Total time for which application threads were stopped: 0.0740030 seconds, Stopping threads took: 0.0000890 seconds
233.805: Application time: 0.0251770 seconds
233.805: [Full GC [PSYoungGen: 138752K->33291K(161280K)] [ParOldGen: 367289K->367289K(367616K)] 506041K->400581K(528896K) [PSPermGen: 13645K->13645K(21504K)], 0.0729160 secs] [Times: user=0.51 sys=0.00, real=0.07 secs] 
233.878: Total time for which application threads were stopped: 0.0736470 seconds, Stopping threads took: 0.0000980 seconds
233.903: Application time: 0.0246480 seconds
233.904: [Full GC [PSYoungGen: 138752K->33275K(161280K)] [ParOldGen: 367289K->367289K(367616K)] 506041K->400565K(528896K) [PSPermGen: 13645K->13645K(21504K)], 0.0728860 secs] [Times: user=0.51 sys=0.00, real=0.07 secs] 
233.976: Total time for which application threads were stopped: 0.0735870 seconds, Stopping threads took: 0.0001120 seconds
234.001: Application time: 0.0244870 seconds
234.002: [Full GC [PSYoungGen: 138752K->33290K(161280K)] [ParOldGen: 367289K->367289K(367616K)] 506041K->400580K(528896K) [PSPermGen: 13645K->13645K(21504K)], 0.0723580 secs] [Times: user=0.51 sys=0.00, real=0.08 secs] 
234.074: Total time for which application threads were stopped: 0.0730670 seconds, Stopping threads took: 0.0000840 seconds
234.099: Application time: 0.0247260 seconds
234.099: [Full GC [PSYoungGen: 138752K->33303K(161280K)] [ParOldGen: 367289K->367289K(367616K)] 506041K->400593K(528896K) [PSPermGen: 13645K->13645K(21504K)], 0.0737680 secs] [Times: user=0.52 sys=0.00, real=0.08 secs] 
234.173: Total time for which application threads were stopped: 0.0744490 seconds, Stopping threads took: 0.0000860 seconds
234.197: Application time: 0.0241610 seconds
234.198: [Full GC [PSYoungGen: 138752K->33321K(161280K)] [ParOldGen: 367289K->367289K(367616K)] 506041K->400610K(528896K) [PSPermGen: 13645K->13645K(21504K)], 0.0727460 secs] [Times: user=0.51 sys=0.00, real=0.07 secs] 
234.271: Total time for which application threads were stopped: 0.0734340 seconds, Stopping threads took: 0.0000370 seconds
234.295: Application time: 0.0242990 seconds
234.296: [Full GC [PSYoungGen: 138752K->33336K(161280K)] [ParOldGen: 367289K->367289K(367616K)] 506041K->400625K(528896K) [PSPermGen: 13645K->13645K(21504K)], 0.0740760 secs] [Times: user=0.51 sys=0.00, real=0.07 secs] 
234.370: Total time for which application threads were stopped: 0.0747530 seconds, Stopping threads took: 0.0000720 seconds
234.394: Application time: 0.0244600 seconds
234.395: [Full GC [PSYoungGen: 138752K->33347K(161280K)] [ParOldGen: 367289K->367289K(367616K)] 506041K->400637K(528896K) [PSPermGen: 13645K->13645K(21504K)], 0.0775280 secs] [Times: user=0.54 sys=0.00, real=0.08 secs] 
234.473: Total time for which application threads were stopped: 0.0782000 seconds, Stopping threads took: 0.0000690 seconds
234.497: Application time: 0.0247520 seconds
234.498: [Full GC [PSYoungGen: 138752K->33365K(161280K)] [ParOldGen: 367289K->367289K(367616K)] 506041K->400654K(528896K) [PSPermGen: 13645K->13645K(21504K)], 0.0740170 secs] [Times: user=0.52 sys=0.00, real=0.08 secs] 
234.572: Total time for which application threads were stopped: 0.0746670 seconds, Stopping threads took: 0.0000740 seconds
234.596: Application time: 0.0243060 seconds
234.597: [Full GC [PSYoungGen: 138752K->33382K(161280K)] [ParOldGen: 367289K->367289K(367616K)] 506041K->400672K(528896K) [PSPermGen: 13645K->13645K(21504K)], 0.0738700 secs] [Times: user=0.52 sys=0.00, real=0.07 secs] 
234.671: Total time for which application threads were stopped: 0.0745150 seconds, Stopping threads took: 0.0000660 seconds
234.695: Application time: 0.0240650 seconds
234.695: [Full GC [PSYoungGen: 138752K->33397K(161280K)] [ParOldGen: 367289K->367289K(367616K)] 506041K->400686K(528896K) [PSPermGen: 13645K->13645K(21504K)], 0.0740520 secs] [Times: user=0.52 sys=0.00, real=0.07 secs] 
234.770: Total time for which application threads were stopped: 0.0746890 seconds, Stopping threads took: 0.0000630 seconds
234.794: Application time: 0.0243910 seconds
234.795: [Full GC [PSYoungGen: 138752K->33409K(161280K)] [ParOldGen: 367289K->367289K(367616K)] 506041K->400698K(528896K) [PSPermGen: 13645K->13645K(21504K)], 0.0733830 secs] [Times: user=0.51 sys=0.00, real=0.07 secs] 
234.868: Total time for which application threads were stopped: 0.0740570 seconds, Stopping threads took: 0.0001020 seconds
234.892: Application time: 0.0244820 seconds
234.893: [Full GC [PSYoungGen: 138752K->33424K(161280K)] [ParOldGen: 367289K->367289K(367616K)] 506041K->400713K(528896K) [PSPermGen: 13645K->13645K(21504K)], 0.0739100 secs] [Times: user=0.52 sys=0.00, real=0.07 secs] 
234.967: Total time for which application threads were stopped: 0.0745170 seconds, Stopping threads took: 0.0000390 seconds
234.992: Application time: 0.0248680 seconds
234.993: [Full GC [PSYoungGen: 138752K->33441K(161280K)] [ParOldGen: 367289K->367289K(367616K)] 506041K->400731K(528896K) [PSPermGen: 13645K->13645K(21504K)], 0.0746210 secs] [Times: user=0.52 sys=0.00, real=0.07 secs] 
235.067: Total time for which application threads were stopped: 0.0754020 seconds, Stopping threads took: 0.0000800 seconds
235.092: Application time: 0.0245300 seconds
235.092: [Full GC [PSYoungGen: 138752K->33456K(161280K)] [ParOldGen: 367289K->367289K(367616K)] 506041K->400745K(528896K) [PSPermGen: 13645K->13645K(21504K)], 0.0743590 secs] [Times: user=0.52 sys=0.00, real=0.07 secs] 
235.167: Total time for which application threads were stopped: 0.0750020 seconds, Stopping threads took: 0.0000710 seconds
235.192: Application time: 0.0248800 seconds
235.192: [Full GC [PSYoungGen: 138752K->33472K(161280K)] [ParOldGen: 367289K->367289K(367616K)] 506041K->400762K(528896K) [PSPermGen: 13645K->13645K(21504K)], 0.0753580 secs] [Times: user=0.53 sys=0.00, real=0.07 secs] 
235.268: Total time for which application threads were stopped: 0.0760250 seconds, Stopping threads took: 0.0000890 seconds
235.292: Application time: 0.0245650 seconds
235.293: [Full GC [PSYoungGen: 138752K->33487K(161280K)] [ParOldGen: 367289K->367289K(367616K)] 506041K->400777K(528896K) [PSPermGen: 13645K->13645K(21504K)], 0.0731410 secs] [Times: user=0.51 sys=0.00, real=0.07 secs] 
235.366: Total time for which application threads were stopped: 0.0737650 seconds, Stopping threads took: 0.0000520 seconds
235.391: Application time: 0.0244430 seconds
235.391: [Full GC [PSYoungGen: 138752K->33493K(161280K)] [ParOldGen: 367289K->367289K(367616K)] 506041K->400783K(528896K) [PSPermGen: 13645K->13645K(21504K)], 0.0737320 secs] [Times: user=0.51 sys=0.00, real=0.08 secs] 
235.465: Total time for which application threads were stopped: 0.0743300 seconds, Stopping threads took: 0.0000320 seconds
235.490: Application time: 0.0248980 seconds
235.490: [Full GC [PSYoungGen: 138752K->33450K(161280K)] [ParOldGen: 367289K->367289K(367616K)] 506041K->400740K(528896K) [PSPermGen: 13645K->13645K(21504K)], 0.0737180 secs] [Times: user=0.52 sys=0.00, real=0.08 secs] 
235.564: Total time for which application threads were stopped: 0.0743610 seconds, Stopping threads took: 0.0000580 seconds
235.589: Application time: 0.0246080 seconds
235.589: [Full GC [PSYoungGen: 138752K->33462K(161280K)] [ParOldGen: 367289K->367289K(367616K)] 506041K->400752K(528896K) [PSPermGen: 13645K->13645K(21504K)], 0.0742850 secs] [Times: user=0.52 sys=0.00, real=0.08 secs] 
235.664: Total time for which application threads were stopped: 0.0749380 seconds, Stopping threads took: 0.0000590 seconds
235.689: Application time: 0.0248650 seconds
235.689: [Full GC [PSYoungGen: 138752K->33478K(161280K)] [ParOldGen: 367289K->367289K(367616K)] 506041K->400768K(528896K) [PSPermGen: 13645K->13645K(21504K)], 0.0732640 secs] [Times: user=0.51 sys=0.00, real=0.07 secs] 
235.762: Total time for which application threads were stopped: 0.0738880 seconds, Stopping threads took: 0.0000500 seconds
235.787: Application time: 0.0248460 seconds
235.788: [Full GC [PSYoungGen: 138752K->33436K(161280K)] [ParOldGen: 367289K->367289K(367616K)] 506041K->400726K(528896K) [PSPermGen: 13645K->13645K(21504K)], 0.0792700 secs] [Times: user=0.51 sys=0.00, real=0.08 secs] 
235.867: Total time for which application threads were stopped: 0.0798850 seconds, Stopping threads took: 0.0000560 seconds
235.892: Application time: 0.0245280 seconds
235.892: [Full GC [PSYoungGen: 138752K->33404K(161280K)] [ParOldGen: 367289K->367289K(367616K)] 506041K->400693K(528896K) [PSPermGen: 13645K->13645K(21504K)], 0.0727020 secs] [Times: user=0.51 sys=0.00, real=0.07 secs] 
235.965: Total time for which application threads were stopped: 0.0734260 seconds, Stopping threads took: 0.0000790 seconds
235.990: Application time: 0.0245430 seconds
235.990: [Full GC [PSYoungGen: 138752K->33316K(161280K)] [ParOldGen: 367289K->367289K(367616K)] 506041K->400606K(528896K) [PSPermGen: 13645K->13645K(21504K)], 0.0737890 secs] [Times: user=0.52 sys=0.00, real=0.08 secs] 
236.064: Total time for which application threads were stopped: 0.0744380 seconds, Stopping threads took: 0.0000800 seconds
236.088: Application time: 0.0243570 seconds
236.089: [Full GC [PSYoungGen: 138752K->33325K(161280K)] [ParOldGen: 367289K->367289K(367616K)] 506041K->400615K(528896K) [PSPermGen: 13645K->13645K(21504K)], 0.0727270 secs] [Times: user=0.51 sys=0.00, real=0.07 secs] 
236.162: Total time for which application threads were stopped: 0.0733780 seconds, Stopping threads took: 0.0000740 seconds
236.186: Application time: 0.0243860 seconds
236.187: [Full GC [PSYoungGen: 138752K->33341K(161280K)] [ParOldGen: 367289K->367289K(367616K)] 506041K->400630K(528896K) [PSPermGen: 13645K->13645K(21504K)], 0.0734830 secs] [Times: user=0.52 sys=0.00, real=0.07 secs] 
236.260: Total time for which application threads were stopped: 0.0741600 seconds, Stopping threads took: 0.0000840 seconds
236.285: Application time: 0.0248360 seconds
236.286: [Full GC [PSYoungGen: 138752K->33356K(161280K)] [ParOldGen: 367289K->367289K(367616K)] 506041K->400645K(528896K) [PSPermGen: 13645K->13645K(21504K)], 0.0726080 secs] [Times: user=0.51 sys=0.00, real=0.07 secs] 
236.359: Total time for which application threads were stopped: 0.0733950 seconds, Stopping threads took: 0.0001040 seconds
236.384: Application time: 0.0250010 seconds
236.384: [Full GC [PSYoungGen: 138752K->33372K(161280K)] [ParOldGen: 367289K->367289K(367616K)] 506041K->400661K(528896K) [PSPermGen: 13645K->13645K(21504K)], 0.0744090 secs] [Times: user=0.51 sys=0.01, real=0.07 secs] 
236.459: Total time for which application threads were stopped: 0.0750390 seconds, Stopping threads took: 0.0000560 seconds
236.484: Application time: 0.0252680 seconds
236.485: [Full GC [PSYoungGen: 138752K->33383K(161280K)] [ParOldGen: 367289K->367289K(367616K)] 506041K->400672K(528896K) [PSPermGen: 13645K->13645K(21504K)], 0.0739580 secs] [Times: user=0.51 sys=0.00, real=0.07 secs] 
236.559: Total time for which application threads were stopped: 0.0746400 seconds, Stopping threads took: 0.0000810 seconds
236.584: Application time: 0.0250280 seconds
236.584: [Full GC [PSYoungGen: 138752K->33401K(161280K)] [ParOldGen: 367289K->367289K(367616K)] 506041K->400691K(528896K) [PSPermGen: 13645K->13645K(21504K)], 0.0738400 secs] [Times: user=0.51 sys=0.00, real=0.07 secs] 
236.658: Total time for which application threads were stopped: 0.0744970 seconds, Stopping threads took: 0.0000800 seconds
236.683: Application time: 0.0247310 seconds
236.683: [Full GC [PSYoungGen: 138752K->33414K(161280K)] [ParOldGen: 367289K->367289K(367616K)] 506041K->400704K(528896K) [PSPermGen: 13645K->13645K(21504K)], 0.0735280 secs] [Times: user=0.52 sys=0.00, real=0.07 secs] 
236.757: Total time for which application threads were stopped: 0.0741810 seconds, Stopping threads took: 0.0000780 seconds
236.782: Application time: 0.0247160 seconds
236.782: [Full GC [PSYoungGen: 138752K->33431K(161280K)] [ParOldGen: 367289K->367289K(367616K)] 506041K->400721K(528896K) [PSPermGen: 13645K->13645K(21504K)], 0.0733820 secs] [Times: user=0.51 sys=0.00, real=0.08 secs] 
236.856: Total time for which application threads were stopped: 0.0741290 seconds, Stopping threads took: 0.0000740 seconds
236.880: Application time: 0.0243290 seconds
236.881: [Full GC [PSYoungGen: 138752K->33447K(161280K)] [ParOldGen: 367289K->367289K(367616K)] 506041K->400737K(528896K) [PSPermGen: 13645K->13645K(21504K)], 0.0731370 secs] [Times: user=0.51 sys=0.00, real=0.08 secs] 
236.954: Total time for which application threads were stopped: 0.0738310 seconds, Stopping threads took: 0.0000650 seconds
236.979: Application time: 0.0245900 seconds
236.979: [Full GC [PSYoungGen: 138752K->33460K(161280K)] [ParOldGen: 367289K->367289K(367616K)] 506041K->400750K(528896K) [PSPermGen: 13645K->13645K(21504K)], 0.0726670 secs] [Times: user=0.51 sys=0.00, real=0.08 secs] 
237.052: Total time for which application threads were stopped: 0.0733410 seconds, Stopping threads took: 0.0000920 seconds
237.077: Application time: 0.0245930 seconds
237.077: [Full GC [PSYoungGen: 138752K->33476K(161280K)] [ParOldGen: 367289K->367289K(367616K)] 506041K->400765K(528896K) [PSPermGen: 13645K->13645K(21504K)], 0.0734540 secs] [Times: user=0.51 sys=0.00, real=0.07 secs] 
237.151: Total time for which application threads were stopped: 0.0741090 seconds, Stopping threads took: 0.0000680 seconds
237.175: Application time: 0.0245920 seconds
237.176: [Full GC [PSYoungGen: 138752K->33493K(161280K)] [ParOldGen: 367289K->367289K(367616K)] 506041K->400782K(528896K) [PSPermGen: 13645K->13645K(21504K)], 0.0743190 secs] [Times: user=0.52 sys=0.00, real=0.07 secs] 
237.250: Total time for which application threads were stopped: 0.0750660 seconds, Stopping threads took: 0.0000830 seconds
237.275: Application time: 0.0244140 seconds
237.275: [Full GC [PSYoungGen: 138752K->33508K(161280K)] [ParOldGen: 367289K->367289K(367616K)] 506041K->400798K(528896K) [PSPermGen: 13645K->13645K(21504K)], 0.0727600 secs] [Times: user=0.51 sys=0.00, real=0.07 secs] 
237.348: Total time for which application threads were stopped: 0.0734460 seconds, Stopping threads took: 0.0000480 seconds
237.372: Application time: 0.0241360 seconds
237.373: [Full GC [PSYoungGen: 138752K->33517K(161280K)] [ParOldGen: 367289K->367289K(367616K)] 506041K->400806K(528896K) [PSPermGen: 13645K->13645K(21504K)], 0.0733490 secs] [Times: user=0.51 sys=0.00, real=0.07 secs] 
237.446: Total time for which application threads were stopped: 0.0739980 seconds, Stopping threads took: 0.0000590 seconds
237.473: Application time: 0.0268800 seconds
237.474: [Full GC [PSYoungGen: 138752K->33463K(161280K)] [ParOldGen: 367289K->367289K(367616K)] 506041K->400753K(528896K) [PSPermGen: 13645K->13645K(21504K)], 0.0743290 secs] [Times: user=0.53 sys=0.00, real=0.07 secs] 
237.548: Total time for which application threads were stopped: 0.0750100 seconds, Stopping threads took: 0.0000420 seconds
237.574: Application time: 0.0254000 seconds
237.574: [Full GC [PSYoungGen: 138752K->33425K(161280K)] [ParOldGen: 367289K->367289K(367616K)] 506041K->400715K(528896K) [PSPermGen: 13645K->13645K(21504K)], 0.0758020 secs] [Times: user=0.53 sys=0.00, real=0.07 secs] 
237.650: Total time for which application threads were stopped: 0.0764380 seconds, Stopping threads took: 0.0000700 seconds
237.675: Application time: 0.0245270 seconds
237.675: [Full GC [PSYoungGen: 138752K->33373K(161280K)] [ParOldGen: 367289K->367289K(367616K)] 506041K->400662K(528896K) [PSPermGen: 13645K->13645K(21504K)], 0.0732600 secs] [Times: user=0.52 sys=0.00, real=0.07 secs] 
237.749: Total time for which application threads were stopped: 0.0738750 seconds, Stopping threads took: 0.0000590 seconds
237.773: Application time: 0.0246390 seconds
237.774: [Full GC [PSYoungGen: 138752K->33315K(161280K)] [ParOldGen: 367289K->367289K(367616K)] 506041K->400605K(528896K) [PSPermGen: 13645K->13645K(21504K)], 0.0730030 secs] [Times: user=0.52 sys=0.00, real=0.07 secs] 
237.847: Total time for which application threads were stopped: 0.0737000 seconds, Stopping threads took: 0.0000600 seconds
237.871: Application time: 0.0245240 seconds
237.872: [Full GC [PSYoungGen: 138752K->33315K(161280K)] [ParOldGen: 367289K->367289K(367616K)] 506041K->400605K(528896K) [PSPermGen: 13645K->13645K(21504K)], 0.0731720 secs] [Times: user=0.51 sys=0.00, real=0.07 secs] 
237.945: Total time for which application threads were stopped: 0.0738270 seconds, Stopping threads took: 0.0000690 seconds
237.970: Application time: 0.0243550 seconds
237.970: [Full GC [PSYoungGen: 138752K->33331K(161280K)] [ParOldGen: 367289K->367289K(367616K)] 506041K->400621K(528896K) [PSPermGen: 13645K->13645K(21504K)], 0.0806910 secs] [Times: user=0.57 sys=0.00, real=0.08 secs] 
238.051: Total time for which application threads were stopped: 0.0814190 seconds, Stopping threads took: 0.0000550 seconds
238.076: Application time: 0.0245320 seconds
238.076: [Full GC [PSYoungGen: 138752K->33346K(161280K)] [ParOldGen: 367289K->367289K(367616K)] 506041K->400636K(528896K) [PSPermGen: 13645K->13645K(21504K)], 0.0742180 secs] [Times: user=0.52 sys=0.01, real=0.07 secs] 
238.150: Total time for which application threads were stopped: 0.0748760 seconds, Stopping threads took: 0.0000650 seconds
238.175: Application time: 0.0249200 seconds
238.176: [Full GC [PSYoungGen: 138752K->33361K(161280K)] [ParOldGen: 367289K->367289K(367616K)] 506041K->400650K(528896K) [PSPermGen: 13645K->13645K(21504K)], 0.0744760 secs] [Times: user=0.52 sys=0.00, real=0.07 secs] 
238.250: Total time for which application threads were stopped: 0.0751420 seconds, Stopping threads took: 0.0000830 seconds
238.275: Application time: 0.0246980 seconds
238.276: [Full GC [PSYoungGen: 138752K->33375K(161280K)] [ParOldGen: 367289K->367289K(367616K)] 506041K->400665K(528896K) [PSPermGen: 13645K->13645K(21504K)], 0.0748490 secs] [Times: user=0.53 sys=0.00, real=0.07 secs] 
238.351: Total time for which application threads were stopped: 0.0754900 seconds, Stopping threads took: 0.0000610 seconds
238.376: Application time: 0.0249570 seconds
238.376: [Full GC [PSYoungGen: 138752K->33390K(161280K)] [ParOldGen: 367289K->367289K(367616K)] 506041K->400679K(528896K) [PSPermGen: 13645K->13645K(21504K)], 0.0741620 secs] [Times: user=0.52 sys=0.00, real=0.07 secs] 
238.450: Total time for which application threads were stopped: 0.0748150 seconds, Stopping threads took: 0.0000610 seconds
238.475: Application time: 0.0242650 seconds
238.475: [Full GC [PSYoungGen: 138752K->33406K(161280K)] [ParOldGen: 367289K->367289K(367616K)] 506041K->400696K(528896K) [PSPermGen: 13645K->13645K(21504K)], 0.0747690 secs] [Times: user=0.52 sys=0.00, real=0.07 secs] 
238.550: Total time for which application threads were stopped: 0.0754950 seconds, Stopping threads took: 0.0000610 seconds
238.575: Application time: 0.0251180 seconds
238.576: [Full GC [PSYoungGen: 138752K->33416K(161280K)] [ParOldGen: 367289K->367289K(367616K)] 506041K->400706K(528896K) [PSPermGen: 13645K->13645K(21504K)], 0.0756040 secs] [Times: user=0.53 sys=0.00, real=0.08 secs] 
238.652: Total time for which application threads were stopped: 0.0762400 seconds, Stopping threads took: 0.0000480 seconds
238.676: Application time: 0.0244450 seconds
238.677: [Full GC [PSYoungGen: 138752K->33434K(161280K)] [ParOldGen: 367289K->367289K(367616K)] 506041K->400724K(528896K) [PSPermGen: 13645K->13645K(21504K)], 0.0735090 secs] [Times: user=0.52 sys=0.00, real=0.07 secs] 
238.750: Total time for which application threads were stopped: 0.0741510 seconds, Stopping threads took: 0.0000770 seconds
238.775: Application time: 0.0247680 seconds
238.776: [Full GC [PSYoungGen: 138752K->33452K(161280K)] [ParOldGen: 367289K->367289K(367616K)] 506041K->400742K(528896K) [PSPermGen: 13645K->13645K(21504K)], 0.0729830 secs] [Times: user=0.51 sys=0.00, real=0.07 secs] 
238.849: Total time for which application threads were stopped: 0.0736240 seconds, Stopping threads took: 0.0000470 seconds
238.873: Application time: 0.0246560 seconds
238.874: [Full GC [PSYoungGen: 138752K->33470K(161280K)] [ParOldGen: 367289K->367289K(367616K)] 506041K->400760K(528896K) [PSPermGen: 13645K->13645K(21504K)], 0.0742690 secs] [Times: user=0.52 sys=0.00, real=0.07 secs] 
238.948: Total time for which application threads were stopped: 0.0748860 seconds, Stopping threads took: 0.0000460 seconds
238.973: Application time: 0.0247910 seconds
238.974: [Full GC [PSYoungGen: 138752K->33483K(161280K)] [ParOldGen: 367289K->367289K(367616K)] 506041K->400773K(528896K) [PSPermGen: 13645K->13645K(21504K)], 0.0747750 secs] [Times: user=0.52 sys=0.00, real=0.07 secs] 
239.048: Total time for which application threads were stopped: 0.0754240 seconds, Stopping threads took: 0.0000670 seconds
239.074: Application time: 0.0254080 seconds
239.074: [Full GC [PSYoungGen: 138752K->33421K(161280K)] [ParOldGen: 367289K->367289K(367616K)] 506041K->400711K(528896K) [PSPermGen: 13645K->13645K(21504K)], 0.0732800 secs] [Times: user=0.51 sys=0.00, real=0.07 secs] 
239.148: Total time for which application threads were stopped: 0.0739860 seconds, Stopping threads took: 0.0000560 seconds
239.173: Application time: 0.0247990 seconds
239.173: [Full GC [PSYoungGen: 138752K->33442K(161280K)] [ParOldGen: 367289K->367289K(367616K)] 506041K->400732K(528896K) [PSPermGen: 13645K->13645K(21504K)], 0.0743080 secs] [Times: user=0.53 sys=0.00, real=0.07 secs] 
239.248: Total time for which application threads were stopped: 0.0749550 seconds, Stopping threads took: 0.0000650 seconds
239.272: Application time: 0.0244040 seconds
239.273: [Full GC [PSYoungGen: 138752K->33456K(161280K)] [ParOldGen: 367289K->367289K(367616K)] 506041K->400746K(528896K) [PSPermGen: 13645K->13645K(21504K)], 0.0738760 secs] [Times: user=0.52 sys=0.00, real=0.07 secs] 
239.346: Total time for which application threads were stopped: 0.0745060 seconds, Stopping threads took: 0.0000590 seconds
239.371: Application time: 0.0243670 seconds
239.371: [Full GC [PSYoungGen: 138752K->33468K(161280K)] [ParOldGen: 367289K->367289K(367616K)] 506041K->400758K(528896K) [PSPermGen: 13645K->13645K(21504K)], 0.0741480 secs] [Times: user=0.52 sys=0.00, real=0.07 secs] 
239.446: Total time for which application threads were stopped: 0.0747850 seconds, Stopping threads took: 0.0000570 seconds
239.471: Application time: 0.0253090 seconds
239.471: [Full GC [PSYoungGen: 138752K->33309K(161280K)] [ParOldGen: 367289K->367289K(367616K)] 506041K->400598K(528896K) [PSPermGen: 13645K->13645K(21504K)], 0.0746310 secs] [Times: user=0.51 sys=0.00, real=0.07 secs] 
239.546: Total time for which application threads were stopped: 0.0752650 seconds, Stopping threads took: 0.0000490 seconds
239.571: Application time: 0.0244590 seconds
239.571: [Full GC [PSYoungGen: 138752K->33292K(161280K)] [ParOldGen: 367289K->367289K(367616K)] 506041K->400581K(528896K) [PSPermGen: 13645K->13645K(21504K)], 0.0748540 secs] [Times: user=0.52 sys=0.00, real=0.08 secs] 
239.646: Total time for which application threads were stopped: 0.0755450 seconds, Stopping threads took: 0.0000500 seconds
239.670: Application time: 0.0240720 seconds
239.671: [Full GC [PSYoungGen: 138752K->33308K(161280K)] [ParOldGen: 367289K->367289K(367616K)] 506041K->400597K(528896K) [PSPermGen: 13645K->13645K(21504K)], 0.0737390 secs] [Times: user=0.51 sys=0.00, real=0.08 secs] 
239.745: Total time for which application threads were stopped: 0.0744710 seconds, Stopping threads took: 0.0000600 seconds
239.769: Application time: 0.0244120 seconds
239.770: [Full GC [PSYoungGen: 138752K->33321K(161280K)] [ParOldGen: 367289K->367289K(367616K)] 506041K->400611K(528896K) [PSPermGen: 13645K->13645K(21504K)], 0.0731580 secs] [Times: user=0.52 sys=0.00, real=0.07 secs] 
239.843: Total time for which application threads were stopped: 0.0738310 seconds, Stopping threads took: 0.0000860 seconds
239.867: Application time: 0.0241340 seconds
239.868: [Full GC [PSYoungGen: 138752K->33335K(161280K)] [ParOldGen: 367289K->367289K(367616K)] 506041K->400625K(528896K) [PSPermGen: 13645K->13645K(21504K)], 0.0733560 secs] [Times: user=0.51 sys=0.01, real=0.07 secs] 
239.941: Total time for which application threads were stopped: 0.0740020 seconds, Stopping threads took: 0.0000620 seconds
239.965: Application time: 0.0242980 seconds
239.966: [Full GC [PSYoungGen: 138752K->33351K(161280K)] [ParOldGen: 367289K->367289K(367616K)] 506041K->400641K(528896K) [PSPermGen: 13645K->13645K(21504K)], 0.0735760 secs] [Times: user=0.52 sys=0.00, real=0.07 secs] 
240.040: Total time for which application threads were stopped: 0.0741960 seconds, Stopping threads took: 0.0000520 seconds
240.064: Application time: 0.0245360 seconds
240.065: [Full GC [PSYoungGen: 138752K->33366K(161280K)] [ParOldGen: 367289K->367289K(367616K)] 506041K->400655K(528896K) [PSPermGen: 13645K->13645K(21504K)], 0.0734940 secs] [Times: user=0.51 sys=0.00, real=0.07 secs] 
240.138: Total time for which application threads were stopped: 0.0741210 seconds, Stopping threads took: 0.0000540 seconds
240.163: Application time: 0.0245510 seconds
240.163: [Full GC [PSYoungGen: 138752K->33381K(161280K)] [ParOldGen: 367289K->367289K(367616K)] 506041K->400670K(528896K) [PSPermGen: 13645K->13645K(21504K)], 0.0728070 secs] [Times: user=0.51 sys=0.00, real=0.07 secs] 
240.236: Total time for which application threads were stopped: 0.0735070 seconds, Stopping threads took: 0.0000550 seconds
240.261: Application time: 0.0246670 seconds
240.262: [Full GC [PSYoungGen: 138752K->33394K(161280K)] [ParOldGen: 367289K->367289K(367616K)] 506041K->400684K(528896K) [PSPermGen: 13645K->13645K(21504K)], 0.0737590 secs] [Times: user=0.52 sys=0.00, real=0.08 secs] 
240.335: Total time for which application threads were stopped: 0.0744170 seconds, Stopping threads took: 0.0000720 seconds
240.360: Application time: 0.0247500 seconds
240.361: [Full GC [PSYoungGen: 138752K->33412K(161280K)] [ParOldGen: 367289K->367289K(367616K)] 506041K->400702K(528896K) [PSPermGen: 13645K->13645K(21504K)], 0.0741830 secs] [Times: user=0.53 sys=0.00, real=0.08 secs] 
240.435: Total time for which application threads were stopped: 0.0748310 seconds, Stopping threads took: 0.0000600 seconds
240.460: Application time: 0.0246660 seconds
240.460: [Full GC [PSYoungGen: 138752K->33424K(161280K)] [ParOldGen: 367289K->367289K(367616K)] 506041K->400714K(528896K) [PSPermGen: 13645K->13645K(21504K)], 0.0749370 secs] [Times: user=0.52 sys=0.00, real=0.08 secs] 
240.535: Total time for which application threads were stopped: 0.0755700 seconds, Stopping threads took: 0.0000570 seconds
240.560: Application time: 0.0243960 seconds
240.560: [Full GC [PSYoungGen: 138752K->33441K(161280K)] [ParOldGen: 367289K->367289K(367616K)] 506041K->400730K(528896K) [PSPermGen: 13645K->13645K(21504K)], 0.0733790 secs] [Times: user=0.50 sys=0.00, real=0.08 secs] 
240.634: Total time for which application threads were stopped: 0.0740960 seconds, Stopping threads took: 0.0000670 seconds
240.660: Application time: 0.0259460 seconds
240.660: [Full GC [PSYoungGen: 138752K->33453K(161280K)] [ParOldGen: 367289K->367289K(367616K)] 506041K->400743K(528896K) [PSPermGen: 13645K->13645K(21504K)], 0.0743140 secs] [Times: user=0.52 sys=0.00, real=0.08 secs] 
240.735: Total time for which application threads were stopped: 0.0749390 seconds, Stopping threads took: 0.0000560 seconds
240.759: Application time: 0.0246840 seconds
240.760: [Full GC [PSYoungGen: 138752K->33470K(161280K)] [ParOldGen: 367289K->367289K(367616K)] 506041K->400760K(528896K) [PSPermGen: 13645K->13645K(21504K)], 0.0733210 secs] [Times: user=0.52 sys=0.00, real=0.08 secs] 
240.833: Total time for which application threads were stopped: 0.0740410 seconds, Stopping threads took: 0.0000830 seconds
240.858: Application time: 0.0246210 seconds
240.859: [Full GC [PSYoungGen: 138752K->33488K(161280K)] [ParOldGen: 367289K->367289K(367616K)] 506041K->400777K(528896K) [PSPermGen: 13645K->13645K(21504K)], 0.0753470 secs] [Times: user=0.53 sys=0.00, real=0.08 secs] 
240.934: Total time for which application threads were stopped: 0.0760210 seconds, Stopping threads took: 0.0000770 seconds
240.959: Application time: 0.0245550 seconds
240.959: [Full GC [PSYoungGen: 138752K->33504K(161280K)] [ParOldGen: 367289K->367289K(367616K)] 506041K->400793K(528896K) [PSPermGen: 13645K->13645K(21504K)], 0.0731240 secs] [Times: user=0.52 sys=0.00, real=0.08 secs] 
241.032: Total time for which application threads were stopped: 0.0737260 seconds, Stopping threads took: 0.0000390 seconds
241.058: Application time: 0.0257760 seconds
241.059: [Full GC [PSYoungGen: 138752K->33517K(161280K)] [ParOldGen: 367289K->367289K(367616K)] 506041K->400806K(528896K) [PSPermGen: 13645K->13645K(21504K)], 0.0733060 secs] [Times: user=0.52 sys=0.00, real=0.08 secs] 
241.132: Total time for which application threads were stopped: 0.0740170 seconds, Stopping threads took: 0.0000600 seconds
241.157: Application time: 0.0245380 seconds
241.157: [Full GC [PSYoungGen: 138752K->33534K(161280K)] [ParOldGen: 367289K->367289K(367616K)] 506041K->400823K(528896K) [PSPermGen: 13645K->13645K(21504K)], 0.0727860 secs] [Times: user=0.50 sys=0.01, real=0.07 secs] 
241.230: Total time for which application threads were stopped: 0.0734450 seconds, Stopping threads took: 0.0000350 seconds
241.255: Application time: 0.0247660 seconds
241.255: [Full GC [PSYoungGen: 138752K->33548K(161280K)] [ParOldGen: 367289K->367289K(367616K)] 506041K->400838K(528896K) [PSPermGen: 13645K->13645K(21504K)], 0.0740050 secs] [Times: user=0.53 sys=0.00, real=0.07 secs] 
241.330: Total time for which application threads were stopped: 0.0746450 seconds, Stopping threads took: 0.0000560 seconds
241.355: Application time: 0.0254960 seconds
241.356: [Full GC [PSYoungGen: 138752K->33447K(161280K)] [ParOldGen: 367289K->367289K(367616K)] 506041K->400736K(528896K) [PSPermGen: 13645K->13645K(21504K)], 0.0736550 secs] [Times: user=0.51 sys=0.00, real=0.07 secs] 
241.429: Total time for which application threads were stopped: 0.0742650 seconds, Stopping threads took: 0.0000450 seconds
241.454: Application time: 0.0246430 seconds
241.455: [Full GC [PSYoungGen: 138752K->33382K(161280K)] [ParOldGen: 367289K->367289K(367616K)] 506041K->400671K(528896K) [PSPermGen: 13645K->13645K(21504K)], 0.0732620 secs] [Times: user=0.51 sys=0.01, real=0.07 secs] 
241.528: Total time for which application threads were stopped: 0.0738920 seconds, Stopping threads took: 0.0000600 seconds
241.552: Application time: 0.0244600 seconds
241.553: [Full GC [PSYoungGen: 138752K->33325K(161280K)] [ParOldGen: 367289K->367289K(367616K)] 506041K->400615K(528896K) [PSPermGen: 13645K->13645K(21504K)], 0.0731800 secs] [Times: user=0.51 sys=0.00, real=0.07 secs] 
241.626: Total time for which application threads were stopped: 0.0738040 seconds, Stopping threads took: 0.0000530 seconds
241.651: Application time: 0.0250820 seconds
241.652: [Full GC [PSYoungGen: 138752K->33327K(161280K)] [ParOldGen: 367289K->367289K(367616K)] 506041K->400617K(528896K) [PSPermGen: 13645K->13645K(21504K)], 0.0723810 secs] [Times: user=0.51 sys=0.00, real=0.07 secs] 
241.724: Total time for which application threads were stopped: 0.0730970 seconds, Stopping threads took: 0.0000720 seconds
241.748: Application time: 0.0241930 seconds
241.749: [Full GC [PSYoungGen: 138752K->33340K(161280K)] [ParOldGen: 367289K->367289K(367616K)] 506041K->400630K(528896K) [PSPermGen: 13645K->13645K(21504K)], 0.0726050 secs] [Times: user=0.52 sys=0.00, real=0.07 secs] 
241.822: Total time for which application threads were stopped: 0.0733170 seconds, Stopping threads took: 0.0000720 seconds
241.846: Application time: 0.0241770 seconds
241.847: [Full GC [PSYoungGen: 138752K->33356K(161280K)] [ParOldGen: 367289K->367289K(367616K)] 506041K->400646K(528896K) [PSPermGen: 13645K->13645K(21504K)], 0.0732730 secs] [Times: user=0.51 sys=0.00, real=0.07 secs] 
241.920: Total time for which application threads were stopped: 0.0739720 seconds, Stopping threads took: 0.0000610 seconds
241.944: Application time: 0.0240750 seconds
241.945: [Full GC [PSYoungGen: 138752K->33369K(161280K)] [ParOldGen: 367289K->367289K(367616K)] 506041K->400659K(528896K) [PSPermGen: 13645K->13645K(21504K)], 0.0730470 secs] [Times: user=0.51 sys=0.00, real=0.07 secs] 
242.018: Total time for which application threads were stopped: 0.0737260 seconds, Stopping threads took: 0.0000550 seconds
242.042: Application time: 0.0244010 seconds
242.043: [Full GC [PSYoungGen: 138752K->33386K(161280K)] [ParOldGen: 367289K->367289K(367616K)] 506041K->400676K(528896K) [PSPermGen: 13645K->13645K(21504K)], 0.0745070 secs] [Times: user=0.52 sys=0.00, real=0.08 secs] 
242.117: Total time for which application threads were stopped: 0.0751640 seconds, Stopping threads took: 0.0000660 seconds
242.142: Application time: 0.0242670 seconds
242.142: [Full GC [PSYoungGen: 138752K->33401K(161280K)] [ParOldGen: 367289K->367289K(367616K)] 506041K->400691K(528896K) [PSPermGen: 13645K->13645K(21504K)], 0.0738590 secs] [Times: user=0.52 sys=0.00, real=0.08 secs] 
242.216: Total time for which application threads were stopped: 0.0744930 seconds, Stopping threads took: 0.0000700 seconds
242.241: Application time: 0.0245390 seconds
242.241: [Full GC [PSYoungGen: 138752K->33415K(161280K)] [ParOldGen: 367289K->367289K(367616K)] 506041K->400705K(528896K) [PSPermGen: 13645K->13645K(21504K)], 0.0736810 secs] [Times: user=0.52 sys=0.00, real=0.08 secs] 
242.315: Total time for which application threads were stopped: 0.0743060 seconds, Stopping threads took: 0.0000540 seconds
242.340: Application time: 0.0246200 seconds
242.340: [Full GC [PSYoungGen: 138752K->33431K(161280K)] [ParOldGen: 367289K->367289K(367616K)] 506041K->400721K(528896K) [PSPermGen: 13645K->13645K(21504K)], 0.0752100 secs] [Times: user=0.51 sys=0.01, real=0.08 secs] 
242.415: Total time for which application threads were stopped: 0.0758830 seconds, Stopping threads took: 0.0000480 seconds
242.440: Application time: 0.0246550 seconds
242.441: [Full GC [PSYoungGen: 138752K->33448K(161280K)] [ParOldGen: 367289K->367289K(367616K)] 506041K->400737K(528896K) [PSPermGen: 13645K->13645K(21504K)], 0.0735320 secs] [Times: user=0.52 sys=0.00, real=0.08 secs] 
242.516: Total time for which application threads were stopped: 0.0757590 seconds, Stopping threads took: 0.0000810 seconds
242.540: Application time: 0.0241400 seconds
242.541: [Full GC [PSYoungGen: 138752K->33464K(161280K)] [ParOldGen: 367289K->367289K(367616K)] 506041K->400754K(528896K) [PSPermGen: 13645K->13645K(21504K)], 0.0744180 secs] [Times: user=0.52 sys=0.00, real=0.08 secs] 
242.615: Total time for which application threads were stopped: 0.0750580 seconds, Stopping threads took: 0.0000740 seconds
242.639: Application time: 0.0241230 seconds
242.640: [Full GC [PSYoungGen: 138752K->33479K(161280K)] [ParOldGen: 367289K->367289K(367616K)] 506041K->400769K(528896K) [PSPermGen: 13645K->13645K(21504K)], 0.0742710 secs] [Times: user=0.52 sys=0.00, real=0.08 secs] 
242.714: Total time for which application threads were stopped: 0.0749300 seconds, Stopping threads took: 0.0000620 seconds
242.739: Application time: 0.0243850 seconds
242.739: [Full GC [PSYoungGen: 138752K->33494K(161280K)] [ParOldGen: 367289K->367289K(367616K)] 506041K->400784K(528896K) [PSPermGen: 13645K->13645K(21504K)], 0.0739190 secs] [Times: user=0.52 sys=0.00, real=0.08 secs] 
242.813: Total time for which application threads were stopped: 0.0745580 seconds, Stopping threads took: 0.0000570 seconds
242.838: Application time: 0.0248470 seconds
242.838: [Full GC [PSYoungGen: 138752K->33499K(161280K)] [ParOldGen: 367289K->367289K(367616K)] 506041K->400789K(528896K) [PSPermGen: 13645K->13645K(21504K)], 0.0741390 secs] [Times: user=0.52 sys=0.00, real=0.08 secs] 
242.913: Total time for which application threads were stopped: 0.0747380 seconds, Stopping threads took: 0.0000270 seconds
242.939: Application time: 0.0267210 seconds
242.940: [Full GC [PSYoungGen: 138752K->33454K(161280K)] [ParOldGen: 367289K->367289K(367616K)] 506041K->400744K(528896K) [PSPermGen: 13645K->13645K(21504K)], 0.0734800 secs] [Times: user=0.52 sys=0.00, real=0.08 secs] 
243.014: Total time for which application threads were stopped: 0.0742010 seconds, Stopping threads took: 0.0000840 seconds
243.039: Application time: 0.0252220 seconds
243.039: [Full GC [PSYoungGen: 138752K->33294K(161280K)] [ParOldGen: 367289K->367289K(367616K)] 506041K->400584K(528896K) [PSPermGen: 13645K->13645K(21504K)], 0.0731250 secs] [Times: user=0.50 sys=0.01, real=0.08 secs] 
243.113: Total time for which application threads were stopped: 0.0737720 seconds, Stopping threads took: 0.0000790 seconds
243.137: Application time: 0.0242510 seconds
243.137: [Full GC [PSYoungGen: 138752K->33273K(161280K)] [ParOldGen: 367289K->367289K(367616K)] 506041K->400562K(528896K) [PSPermGen: 13645K->13645K(21504K)], 0.0746970 secs] [Times: user=0.53 sys=0.00, real=0.08 secs] 
243.212: Total time for which application threads were stopped: 0.0753830 seconds, Stopping threads took: 0.0001060 seconds
243.237: Application time: 0.0245250 seconds
243.237: [Full GC [PSYoungGen: 138752K->33286K(161280K)] [ParOldGen: 367289K->367289K(367616K)] 506041K->400576K(528896K) [PSPermGen: 13645K->13645K(21504K)], 0.0729370 secs] [Times: user=0.51 sys=0.00, real=0.07 secs] 
243.310: Total time for which application threads were stopped: 0.0736200 seconds, Stopping threads took: 0.0000730 seconds
243.335: Application time: 0.0244200 seconds
243.335: [Full GC [PSYoungGen: 138752K->33302K(161280K)] [ParOldGen: 367289K->367289K(367616K)] 506041K->400592K(528896K) [PSPermGen: 13645K->13645K(21504K)], 0.0729490 secs] [Times: user=0.52 sys=0.00, real=0.07 secs] 
243.408: Total time for which application threads were stopped: 0.0736040 seconds, Stopping threads took: 0.0000610 seconds
243.433: Application time: 0.0246790 seconds
243.434: [Full GC [PSYoungGen: 138752K->33316K(161280K)] [ParOldGen: 367289K->367289K(367616K)] 506041K->400606K(528896K) [PSPermGen: 13645K->13645K(21504K)], 0.0742230 secs] [Times: user=0.52 sys=0.00, real=0.07 secs] 
243.508: Total time for which application threads were stopped: 0.0748570 seconds, Stopping threads took: 0.0000460 seconds
243.532: Application time: 0.0240600 seconds
243.533: [Full GC [PSYoungGen: 138752K->33331K(161280K)] [ParOldGen: 367289K->367289K(367616K)] 506041K->400621K(528896K) [PSPermGen: 13645K->13645K(21504K)], 0.0737040 secs] [Times: user=0.51 sys=0.00, real=0.07 secs] 
243.606: Total time for which application threads were stopped: 0.0743390 seconds, Stopping threads took: 0.0000610 seconds
243.631: Application time: 0.0242410 seconds
243.631: [Full GC [PSYoungGen: 138752K->33345K(161280K)] [ParOldGen: 367289K->367289K(367616K)] 506041K->400635K(528896K) [PSPermGen: 13645K->13645K(21504K)], 0.0729940 secs] [Times: user=0.51 sys=0.00, real=0.08 secs] 
243.704: Total time for which application threads were stopped: 0.0737090 seconds, Stopping threads took: 0.0000540 seconds
243.728: Application time: 0.0240900 seconds
243.729: [Full GC [PSYoungGen: 138752K->33362K(161280K)] [ParOldGen: 367289K->367289K(367616K)] 506041K->400652K(528896K) [PSPermGen: 13645K->13645K(21504K)], 0.0735240 secs] [Times: user=0.51 sys=0.00, real=0.07 secs] 
243.803: Total time for which application threads were stopped: 0.0741390 seconds, Stopping threads took: 0.0000550 seconds
243.827: Application time: 0.0242890 seconds
243.827: [Full GC [PSYoungGen: 138752K->33375K(161280K)] [ParOldGen: 367289K->367289K(367616K)] 506041K->400664K(528896K) [PSPermGen: 13645K->13645K(21504K)], 0.0730180 secs] [Times: user=0.51 sys=0.00, real=0.07 secs] 
243.901: Total time for which application threads were stopped: 0.0736850 seconds, Stopping threads took: 0.0000540 seconds
243.925: Application time: 0.0241630 seconds
243.925: [Full GC [PSYoungGen: 138752K->33391K(161280K)] [ParOldGen: 367289K->367289K(367616K)] 506041K->400681K(528896K) [PSPermGen: 13645K->13645K(21504K)], 0.0735130 secs] [Times: user=0.51 sys=0.00, real=0.07 secs] 
243.999: Total time for which application threads were stopped: 0.0741410 seconds, Stopping threads took: 0.0000510 seconds
244.023: Application time: 0.0242760 seconds
244.024: [Full GC [PSYoungGen: 138752K->33405K(161280K)] [ParOldGen: 367289K->367289K(367616K)] 506041K->400695K(528896K) [PSPermGen: 13645K->13645K(21504K)], 0.0750230 secs] [Times: user=0.50 sys=0.00, real=0.07 secs] 
244.099: Total time for which application threads were stopped: 0.0756670 seconds, Stopping threads took: 0.0000640 seconds
244.123: Application time: 0.0245760 seconds
244.124: [Full GC [PSYoungGen: 138752K->33416K(161280K)] [ParOldGen: 367289K->367289K(367616K)] 506041K->400705K(528896K) [PSPermGen: 13645K->13645K(21504K)], 0.0741000 secs] [Times: user=0.52 sys=0.00, real=0.07 secs] 
244.198: Total time for which application threads were stopped: 0.0747460 seconds, Stopping threads took: 0.0000550 seconds
244.222: Application time: 0.0243510 seconds
244.223: [Full GC [PSYoungGen: 138752K->33435K(161280K)] [ParOldGen: 367289K->367289K(367616K)] 506041K->400725K(528896K) [PSPermGen: 13645K->13645K(21504K)], 0.0730930 secs] [Times: user=0.52 sys=0.00, real=0.08 secs] 
244.296: Total time for which application threads were stopped: 0.0737190 seconds, Stopping threads took: 0.0000550 seconds
244.321: Application time: 0.0245090 seconds
244.321: [Full GC [PSYoungGen: 138752K->33449K(161280K)] [ParOldGen: 367289K->367289K(367616K)] 506041K->400739K(528896K) [PSPermGen: 13645K->13645K(21504K)], 0.0742620 secs] [Times: user=0.50 sys=0.00, real=0.08 secs] 
244.396: Total time for which application threads were stopped: 0.0748780 seconds, Stopping threads took: 0.0000470 seconds
244.420: Application time: 0.0241930 seconds
244.420: [Full GC [PSYoungGen: 138752K->33467K(161280K)] [ParOldGen: 367289K->367289K(367616K)] 506041K->400757K(528896K) [PSPermGen: 13645K->13645K(21504K)], 0.0730350 secs] [Times: user=0.51 sys=0.00, real=0.08 secs] 
244.494: Total time for which application threads were stopped: 0.0737350 seconds, Stopping threads took: 0.0000420 seconds
244.518: Application time: 0.0245110 seconds
244.519: [Full GC [PSYoungGen: 138752K->33483K(161280K)] [ParOldGen: 367289K->367289K(367616K)] 506041K->400772K(528896K) [PSPermGen: 13645K->13645K(21504K)], 0.0739340 secs] [Times: user=0.52 sys=0.00, real=0.08 secs] 
244.593: Total time for which application threads were stopped: 0.0745750 seconds, Stopping threads took: 0.0000670 seconds
244.617: Application time: 0.0246800 seconds
244.618: [Full GC [PSYoungGen: 138752K->33498K(161280K)] [ParOldGen: 367289K->367289K(367616K)] 506041K->400788K(528896K) [PSPermGen: 13645K->13645K(21504K)], 0.0744430 secs] [Times: user=0.51 sys=0.00, real=0.08 secs] 
244.692: Total time for which application threads were stopped: 0.0750580 seconds, Stopping threads took: 0.0000540 seconds
244.717: Application time: 0.0245280 seconds
244.717: [Full GC [PSYoungGen: 138752K->33514K(161280K)] [ParOldGen: 367289K->367289K(367616K)] 506041K->400803K(528896K) [PSPermGen: 13645K->13645K(21504K)], 0.0733830 secs] [Times: user=0.51 sys=0.00, real=0.07 secs] 
244.791: Total time for which application threads were stopped: 0.0740190 seconds, Stopping threads took: 0.0000640 seconds
244.816: Application time: 0.0246540 seconds
244.816: [Full GC [PSYoungGen: 138752K->33529K(161280K)] [ParOldGen: 367289K->367289K(367616K)] 506041K->400819K(528896K) [PSPermGen: 13645K->13645K(21504K)], 0.0728460 secs] [Times: user=0.51 sys=0.00, real=0.07 secs] 
244.889: Total time for which application threads were stopped: 0.0734710 seconds, Stopping threads took: 0.0000410 seconds
244.913: Application time: 0.0242400 seconds
244.914: [Full GC [PSYoungGen: 138752K->33541K(161280K)] [ParOldGen: 367289K->367289K(367616K)] 506041K->400830K(528896K) [PSPermGen: 13645K->13645K(21504K)], 0.0749750 secs] [Times: user=0.53 sys=0.00, real=0.07 secs] 
244.989: Total time for which application threads were stopped: 0.0756000 seconds, Stopping threads took: 0.0000500 seconds
245.014: Application time: 0.0249100 seconds
245.014: [Full GC [PSYoungGen: 138752K->33448K(161280K)] [ParOldGen: 367289K->367289K(367616K)] 506041K->400738K(528896K) [PSPermGen: 13645K->13645K(21504K)], 0.0728100 secs] [Times: user=0.51 sys=0.00, real=0.07 secs] 
245.087: Total time for which application threads were stopped: 0.0735290 seconds, Stopping threads took: 0.0000700 seconds
245.112: Application time: 0.0246600 seconds
245.113: [Full GC [PSYoungGen: 138752K->33431K(161280K)] [ParOldGen: 367289K->367289K(367616K)] 506041K->400721K(528896K) [PSPermGen: 13645K->13645K(21504K)], 0.0739670 secs] [Times: user=0.52 sys=0.00, real=0.07 secs] 
245.187: Total time for which application threads were stopped: 0.0745990 seconds, Stopping threads took: 0.0000620 seconds
245.211: Application time: 0.0244970 seconds
245.212: [Full GC [PSYoungGen: 138752K->33394K(161280K)] [ParOldGen: 367289K->367289K(367616K)] 506041K->400683K(528896K) [PSPermGen: 13645K->13645K(21504K)], 0.0736430 secs] [Times: user=0.51 sys=0.00, real=0.07 secs] 
245.285: Total time for which application threads were stopped: 0.0743420 seconds, Stopping threads took: 0.0000540 seconds
245.310: Application time: 0.0242600 seconds
245.310: [Full GC [PSYoungGen: 138752K->33390K(161280K)] [ParOldGen: 367289K->367289K(367616K)] 506041K->400679K(528896K) [PSPermGen: 13645K->13645K(21504K)], 0.0731510 secs] [Times: user=0.51 sys=0.00, real=0.08 secs] 
245.384: Total time for which application threads were stopped: 0.0737820 seconds, Stopping threads took: 0.0000540 seconds
245.408: Application time: 0.0243780 seconds
245.408: [Full GC [PSYoungGen: 138752K->33353K(161280K)] [ParOldGen: 367289K->367289K(367616K)] 506041K->400642K(528896K) [PSPermGen: 13645K->13645K(21504K)], 0.0732100 secs] [Times: user=0.51 sys=0.00, real=0.07 secs] 
245.482: Total time for which application threads were stopped: 0.0738670 seconds, Stopping threads took: 0.0000860 seconds
245.506: Application time: 0.0240030 seconds
245.506: [Full GC [PSYoungGen: 138752K->33350K(161280K)] [ParOldGen: 367289K->367289K(367616K)] 506041K->400640K(528896K) [PSPermGen: 13645K->13645K(21504K)], 0.0737550 secs] [Times: user=0.52 sys=0.00, real=0.07 secs] 
245.580: Total time for which application threads were stopped: 0.0744330 seconds, Stopping threads took: 0.0000610 seconds
245.605: Application time: 0.0251740 seconds
245.606: [Full GC [PSYoungGen: 138752K->33364K(161280K)] [ParOldGen: 367289K->367289K(367616K)] 506041K->400654K(528896K) [PSPermGen: 13645K->13645K(21504K)], 0.0736020 secs] [Times: user=0.51 sys=0.00, real=0.07 secs] 
245.680: Total time for which application threads were stopped: 0.0743100 seconds, Stopping threads took: 0.0000620 seconds
245.704: Application time: 0.0245350 seconds
245.705: [Full GC [PSYoungGen: 138752K->33382K(161280K)] [ParOldGen: 367289K->367289K(367616K)] 506041K->400672K(528896K) [PSPermGen: 13645K->13645K(21504K)], 0.0752710 secs] [Times: user=0.53 sys=0.00, real=0.07 secs] 
245.780: Total time for which application threads were stopped: 0.0759300 seconds, Stopping threads took: 0.0000810 seconds
245.805: Application time: 0.0244120 seconds
245.805: [Full GC [PSYoungGen: 138752K->33396K(161280K)] [ParOldGen: 367289K->367289K(367616K)] 506041K->400685K(528896K) [PSPermGen: 13645K->13645K(21504K)], 0.0738110 secs] [Times: user=0.51 sys=0.00, real=0.07 secs] 
245.879: Total time for which application threads were stopped: 0.0744420 seconds, Stopping threads took: 0.0000480 seconds
245.903: Application time: 0.0243800 seconds
245.904: [Full GC [PSYoungGen: 138752K->33411K(161280K)] [ParOldGen: 367289K->367289K(367616K)] 506041K->400701K(528896K) [PSPermGen: 13645K->13645K(21504K)], 0.0743610 secs] [Times: user=0.52 sys=0.00, real=0.07 secs] 
245.978: Total time for which application threads were stopped: 0.0750190 seconds, Stopping threads took: 0.0000730 seconds
246.003: Application time: 0.0247390 seconds
246.004: [Full GC [PSYoungGen: 138752K->33428K(161280K)] [ParOldGen: 367289K->367289K(367616K)] 506041K->400717K(528896K) [PSPermGen: 13645K->13645K(21504K)], 0.0748050 secs] [Times: user=0.52 sys=0.01, real=0.07 secs] 
246.079: Total time for which application threads were stopped: 0.0754340 seconds, Stopping threads took: 0.0000520 seconds
246.104: Application time: 0.0249450 seconds
246.104: [Full GC [PSYoungGen: 138752K->33445K(161280K)] [ParOldGen: 367289K->367289K(367616K)] 506041K->400734K(528896K) [PSPermGen: 13645K->13645K(21504K)], 0.0743170 secs] [Times: user=0.52 sys=0.00, real=0.07 secs] 
246.179: Total time for which application threads were stopped: 0.0749540 seconds, Stopping threads took: 0.0000520 seconds
246.203: Application time: 0.0244770 seconds
246.204: [Full GC [PSYoungGen: 138752K->33459K(161280K)] [ParOldGen: 367289K->367289K(367616K)] 506041K->400748K(528896K) [PSPermGen: 13645K->13645K(21504K)], 0.0729190 secs] [Times: user=0.52 sys=0.00, real=0.07 secs] 
246.277: Total time for which application threads were stopped: 0.0736380 seconds, Stopping threads took: 0.0000500 seconds
246.301: Application time: 0.0245050 seconds
246.302: [Full GC [PSYoungGen: 138752K->33474K(161280K)] [ParOldGen: 367289K->367289K(367616K)] 506041K->400763K(528896K) [PSPermGen: 13645K->13645K(21504K)], 0.0744990 secs] [Times: user=0.53 sys=0.00, real=0.08 secs] 
246.376: Total time for which application threads were stopped: 0.0751410 seconds, Stopping threads took: 0.0000690 seconds
246.401: Application time: 0.0243000 seconds
246.401: [Full GC [PSYoungGen: 138752K->33487K(161280K)] [ParOldGen: 367289K->367289K(367616K)] 506041K->400777K(528896K) [PSPermGen: 13645K->13645K(21504K)], 0.0736520 secs] [Times: user=0.52 sys=0.00, real=0.08 secs] 
246.475: Total time for which application threads were stopped: 0.0742810 seconds, Stopping threads took: 0.0000640 seconds
246.499: Application time: 0.0243360 seconds
246.500: [Full GC [PSYoungGen: 138752K->33503K(161280K)] [ParOldGen: 367289K->367289K(367616K)] 506041K->400792K(528896K) [PSPermGen: 13645K->13645K(21504K)], 0.0736850 secs] [Times: user=0.52 sys=0.00, real=0.08 secs] 
246.574: Total time for which application threads were stopped: 0.0743510 seconds, Stopping threads took: 0.0000800 seconds
246.599: Application time: 0.0250370 seconds
246.599: [Full GC [PSYoungGen: 138752K->33385K(161280K)] [ParOldGen: 367289K->367289K(367616K)] 506041K->400674K(528896K) [PSPermGen: 13645K->13645K(21504K)], 0.0738530 secs] [Times: user=0.52 sys=0.00, real=0.08 secs] 
246.673: Total time for which application threads were stopped: 0.0744860 seconds, Stopping threads took: 0.0000700 seconds
246.698: Application time: 0.0247650 seconds
246.698: [Full GC [PSYoungGen: 138752K->33266K(161280K)] [ParOldGen: 367289K->367289K(367616K)] 506041K->400556K(528896K) [PSPermGen: 13645K->13645K(21504K)], 0.0734470 secs] [Times: user=0.52 sys=0.00, real=0.08 secs] 
246.772: Total time for which application threads were stopped: 0.0741030 seconds, Stopping threads took: 0.0000620 seconds
246.796: Application time: 0.0242610 seconds
246.797: [Full GC [PSYoungGen: 138752K->33266K(161280K)] [ParOldGen: 367289K->367289K(367616K)] 506041K->400556K(528896K) [PSPermGen: 13645K->13645K(21504K)], 0.0735400 secs] [Times: user=0.52 sys=0.00, real=0.07 secs] 
246.870: Total time for which application threads were stopped: 0.0742010 seconds, Stopping threads took: 0.0000550 seconds
246.895: Application time: 0.0243190 seconds
246.895: [Full GC [PSYoungGen: 138752K->33282K(161280K)] [ParOldGen: 367289K->367289K(367616K)] 506041K->400572K(528896K) [PSPermGen: 13645K->13645K(21504K)], 0.0729490 secs] [Times: user=0.52 sys=0.00, real=0.07 secs] 
246.968: Total time for which application threads were stopped: 0.0736850 seconds, Stopping threads took: 0.0000640 seconds
246.993: Application time: 0.0241380 seconds
246.993: [Full GC [PSYoungGen: 138752K->33296K(161280K)] [ParOldGen: 367289K->367289K(367616K)] 506041K->400586K(528896K) [PSPermGen: 13645K->13645K(21504K)], 0.0736680 secs] [Times: user=0.52 sys=0.00, real=0.07 secs] 
247.067: Total time for which application threads were stopped: 0.0743120 seconds, Stopping threads took: 0.0000620 seconds
247.091: Application time: 0.0239840 seconds
247.091: [Full GC [PSYoungGen: 138752K->33310K(161280K)] [ParOldGen: 367289K->367289K(367616K)] 506041K->400600K(528896K) [PSPermGen: 13645K->13645K(21504K)], 0.0748160 secs] [Times: user=0.52 sys=0.00, real=0.07 secs] 
247.166: Total time for which application threads were stopped: 0.0754310 seconds, Stopping threads took: 0.0000400 seconds
247.190: Application time: 0.0239920 seconds
247.191: [Full GC [PSYoungGen: 138752K->33327K(161280K)] [ParOldGen: 367289K->367289K(367616K)] 506041K->400616K(528896K) [PSPermGen: 13645K->13645K(21504K)], 0.0734340 secs] [Times: user=0.52 sys=0.00, real=0.08 secs] 
247.264: Total time for which application threads were stopped: 0.0740390 seconds, Stopping threads took: 0.0000410 seconds
247.288: Application time: 0.0238950 seconds
247.289: [Full GC [PSYoungGen: 138752K->33341K(161280K)] [ParOldGen: 367289K->367289K(367616K)] 506041K->400631K(528896K) [PSPermGen: 13645K->13645K(21504K)], 0.0732870 secs] [Times: user=0.51 sys=0.00, real=0.07 secs] 
247.362: Total time for which application threads were stopped: 0.0739070 seconds, Stopping threads took: 0.0000530 seconds
247.386: Application time: 0.0236850 seconds
247.387: [Full GC [PSYoungGen: 138752K->33357K(161280K)] [ParOldGen: 367289K->367289K(367616K)] 506041K->400646K(528896K) [PSPermGen: 13645K->13645K(21504K)], 0.0728600 secs] [Times: user=0.52 sys=0.00, real=0.07 secs] 
247.459: Total time for which application threads were stopped: 0.0735960 seconds, Stopping threads took: 0.0000740 seconds
247.483: Application time: 0.0239530 seconds
247.484: [Full GC [PSYoungGen: 138752K->33372K(161280K)] [ParOldGen: 367289K->367289K(367616K)] 506041K->400662K(528896K) [PSPermGen: 13645K->13645K(21504K)], 0.0733040 secs] [Times: user=0.51 sys=0.00, real=0.07 secs] 
247.557: Total time for which application threads were stopped: 0.0739240 seconds, Stopping threads took: 0.0000560 seconds
247.581: Application time: 0.0241220 seconds
247.582: [Full GC [PSYoungGen: 138752K->33387K(161280K)] [ParOldGen: 367289K->367289K(367616K)] 506041K->400677K(528896K) [PSPermGen: 13645K->13645K(21504K)], 0.0737860 secs] [Times: user=0.52 sys=0.00, real=0.08 secs] 
247.656: Total time for which application threads were stopped: 0.0744230 seconds, Stopping threads took: 0.0000470 seconds
247.680: Application time: 0.0239590 seconds
247.680: [Full GC [PSYoungGen: 138752K->33401K(161280K)] [ParOldGen: 367289K->367289K(367616K)] 506041K->400691K(528896K) [PSPermGen: 13645K->13645K(21504K)], 0.0729500 secs] [Times: user=0.51 sys=0.00, real=0.08 secs] 
247.753: Total time for which application threads were stopped: 0.0735750 seconds, Stopping threads took: 0.0000550 seconds
247.777: Application time: 0.0240280 seconds
247.778: [Full GC [PSYoungGen: 138752K->33416K(161280K)] [ParOldGen: 367289K->367289K(367616K)] 506041K->400705K(528896K) [PSPermGen: 13645K->13645K(21504K)], 0.0736390 secs] [Times: user=0.52 sys=0.00, real=0.08 secs] 
247.852: Total time for which application threads were stopped: 0.0742760 seconds, Stopping threads took: 0.0000490 seconds
247.876: Application time: 0.0239920 seconds
247.876: [Full GC [PSYoungGen: 138752K->33432K(161280K)] [ParOldGen: 367289K->367289K(367616K)] 506041K->400722K(528896K) [PSPermGen: 13645K->13645K(21504K)], 0.0732040 secs] [Times: user=0.52 sys=0.00, real=0.07 secs] 
247.950: Total time for which application threads were stopped: 0.0740590 seconds, Stopping threads took: 0.0000500 seconds
247.974: Application time: 0.0239400 seconds
247.974: [Full GC [PSYoungGen: 138752K->33445K(161280K)] [ParOldGen: 367289K->367289K(367616K)] 506041K->400734K(528896K) [PSPermGen: 13645K->13645K(21504K)], 0.0728710 secs] [Times: user=0.51 sys=0.01, real=0.07 secs] 
248.047: Total time for which application threads were stopped: 0.0734880 seconds, Stopping threads took: 0.0000470 seconds
248.072: Application time: 0.0245100 seconds
248.072: [Full GC [PSYoungGen: 138752K->33461K(161280K)] [ParOldGen: 367289K->367289K(367616K)] 506041K->400751K(528896K) [PSPermGen: 13645K->13645K(21504K)], 0.0740350 secs] [Times: user=0.52 sys=0.00, real=0.07 secs] 
248.146: Total time for which application threads were stopped: 0.0746690 seconds, Stopping threads took: 0.0000410 seconds
248.171: Application time: 0.0245790 seconds
248.172: [Full GC [PSYoungGen: 138752K->33478K(161280K)] [ParOldGen: 367289K->367289K(367616K)] 506041K->400767K(528896K) [PSPermGen: 13645K->13645K(21504K)], 0.0732300 secs] [Times: user=0.52 sys=0.00, real=0.07 secs] 
248.245: Total time for which application threads were stopped: 0.0738490 seconds, Stopping threads took: 0.0000400 seconds
248.269: Application time: 0.0244140 seconds
248.270: [Full GC [PSYoungGen: 138752K->33491K(161280K)] [ParOldGen: 367289K->367289K(367616K)] 506041K->400780K(528896K) [PSPermGen: 13645K->13645K(21504K)], 0.0744440 secs] [Times: user=0.52 sys=0.00, real=0.08 secs] 
248.344: Total time for which application threads were stopped: 0.0750520 seconds, Stopping threads took: 0.0000460 seconds
248.369: Application time: 0.0245650 seconds
248.369: [Full GC [PSYoungGen: 138752K->33507K(161280K)] [ParOldGen: 367289K->367289K(367616K)] 506041K->400797K(528896K) [PSPermGen: 13645K->13645K(21504K)], 0.0734800 secs] [Times: user=0.52 sys=0.00, real=0.07 secs] 
248.443: Total time for which application threads were stopped: 0.0741030 seconds, Stopping threads took: 0.0000530 seconds
248.468: Application time: 0.0246310 seconds
248.468: [Full GC [PSYoungGen: 138752K->33523K(161280K)] [ParOldGen: 367289K->367289K(367616K)] 506041K->400813K(528896K) [PSPermGen: 13645K->13645K(21504K)], 0.0745060 secs] [Times: user=0.52 sys=0.00, real=0.07 secs] 
248.543: Total time for which application threads were stopped: 0.0751450 seconds, Stopping threads took: 0.0000590 seconds
248.567: Application time: 0.0243470 seconds
248.568: [Full GC [PSYoungGen: 138752K->33539K(161280K)] [ParOldGen: 367289K->367289K(367616K)] 506041K->400829K(528896K) [PSPermGen: 13645K->13645K(21504K)], 0.0753850 secs] [Times: user=0.51 sys=0.00, real=0.07 secs] 
248.643: Total time for which application threads were stopped: 0.0760380 seconds, Stopping threads took: 0.0000530 seconds
248.668: Application time: 0.0253140 seconds
248.669: [Full GC [PSYoungGen: 138752K->33418K(161280K)] [ParOldGen: 367289K->367289K(367616K)] 506041K->400707K(528896K) [PSPermGen: 13645K->13645K(21504K)], 0.0742920 secs] [Times: user=0.53 sys=0.00, real=0.08 secs] 
248.743: Total time for which application threads were stopped: 0.0749460 seconds, Stopping threads took: 0.0000780 seconds
248.768: Application time: 0.0247390 seconds
248.769: [Full GC [PSYoungGen: 138752K->33427K(161280K)] [ParOldGen: 367289K->367289K(367616K)] 506041K->400716K(528896K) [PSPermGen: 13645K->13645K(21504K)], 0.0731260 secs] [Times: user=0.51 sys=0.00, real=0.07 secs] 
248.842: Total time for which application threads were stopped: 0.0737730 seconds, Stopping threads took: 0.0000620 seconds
248.866: Application time: 0.0243700 seconds
248.867: [Full GC [PSYoungGen: 138752K->33438K(161280K)] [ParOldGen: 367289K->367289K(367616K)] 506041K->400728K(528896K) [PSPermGen: 13645K->13645K(21504K)], 0.0729810 secs] [Times: user=0.51 sys=0.00, real=0.07 secs] 
248.940: Total time for which application threads were stopped: 0.0736560 seconds, Stopping threads took: 0.0000550 seconds
248.964: Application time: 0.0244660 seconds
248.965: [Full GC [PSYoungGen: 138752K->33452K(161280K)] [ParOldGen: 367289K->367289K(367616K)] 506041K->400742K(528896K) [PSPermGen: 13645K->13645K(21504K)], 0.0732890 secs] [Times: user=0.52 sys=0.00, real=0.07 secs] 
249.038: Total time for which application threads were stopped: 0.0739400 seconds, Stopping threads took: 0.0000830 seconds
249.063: Application time: 0.0245810 seconds
249.064: [Full GC [PSYoungGen: 138752K->33402K(161280K)] [ParOldGen: 367289K->367289K(367616K)] 506041K->400692K(528896K) [PSPermGen: 13645K->13645K(21504K)], 0.0732900 secs] [Times: user=0.51 sys=0.00, real=0.07 secs] 
249.137: Total time for which application threads were stopped: 0.0739150 seconds, Stopping threads took: 0.0000620 seconds
249.161: Application time: 0.0244470 seconds
249.162: [Full GC [PSYoungGen: 138752K->33356K(161280K)] [ParOldGen: 367289K->367289K(367616K)] 506041K->400645K(528896K) [PSPermGen: 13645K->13645K(21504K)], 0.0728240 secs] [Times: user=0.52 sys=0.00, real=0.08 secs] 
249.235: Total time for which application threads were stopped: 0.0735260 seconds, Stopping threads took: 0.0000450 seconds
249.259: Application time: 0.0245230 seconds
249.260: [Full GC [PSYoungGen: 138752K->33360K(161280K)] [ParOldGen: 367289K->367289K(367616K)] 506041K->400650K(528896K) [PSPermGen: 13645K->13645K(21504K)], 0.0733210 secs] [Times: user=0.51 sys=0.00, real=0.08 secs] 
249.333: Total time for which application threads were stopped: 0.0739630 seconds, Stopping threads took: 0.0000560 seconds
249.358: Application time: 0.0246200 seconds
249.359: [Full GC [PSYoungGen: 138752K->33374K(161280K)] [ParOldGen: 367289K->367289K(367616K)] 506041K->400664K(528896K) [PSPermGen: 13645K->13645K(21504K)], 0.0733340 secs] [Times: user=0.52 sys=0.00, real=0.08 secs] 
249.432: Total time for which application threads were stopped: 0.0739680 seconds, Stopping threads took: 0.0000690 seconds
249.457: Application time: 0.0246570 seconds
249.457: [Full GC [PSYoungGen: 138752K->33388K(161280K)] [ParOldGen: 367289K->367289K(367616K)] 506041K->400678K(528896K) [PSPermGen: 13645K->13645K(21504K)], 0.0731370 secs] [Times: user=0.51 sys=0.00, real=0.07 secs] 
249.530: Total time for which application threads were stopped: 0.0737730 seconds, Stopping threads took: 0.0000520 seconds
249.555: Application time: 0.0243590 seconds
249.556: [Full GC [PSYoungGen: 138752K->33408K(161280K)] [ParOldGen: 367289K->367289K(367616K)] 506041K->400697K(528896K) [PSPermGen: 13645K->13645K(21504K)], 0.0728720 secs] [Times: user=0.51 sys=0.00, real=0.07 secs] 
249.629: Total time for which application threads were stopped: 0.0741500 seconds, Stopping threads took: 0.0006240 seconds
249.654: Application time: 0.0254690 seconds
249.655: [Full GC [PSYoungGen: 138752K->33424K(161280K)] [ParOldGen: 367289K->367289K(367616K)] 506041K->400714K(528896K) [PSPermGen: 13645K->13645K(21504K)], 0.0730520 secs] [Times: user=0.52 sys=0.00, real=0.07 secs] 
249.728: Total time for which application threads were stopped: 0.0736780 seconds, Stopping threads took: 0.0000450 seconds
249.752: Application time: 0.0239930 seconds
249.753: [Full GC [PSYoungGen: 138752K->33439K(161280K)] [ParOldGen: 367289K->367289K(367616K)] 506041K->400729K(528896K) [PSPermGen: 13645K->13645K(21504K)], 0.0727400 secs] [Times: user=0.52 sys=0.00, real=0.07 secs] 
249.825: Total time for which application threads were stopped: 0.0733840 seconds, Stopping threads took: 0.0000370 seconds
249.849: Application time: 0.0238510 seconds
249.850: [Full GC [PSYoungGen: 138752K->33456K(161280K)] [ParOldGen: 367289K->367289K(367616K)] 506041K->400746K(528896K) [PSPermGen: 13645K->13645K(21504K)], 0.0725850 secs] [Times: user=0.52 sys=0.00, real=0.07 secs] 
249.923: Total time for which application threads were stopped: 0.0732830 seconds, Stopping threads took: 0.0000560 seconds
249.947: Application time: 0.0240520 seconds
249.947: [Full GC [PSYoungGen: 138752K->33465K(161280K)] [ParOldGen: 367289K->367289K(367616K)] 506041K->400755K(528896K) [PSPermGen: 13645K->13645K(21504K)], 0.0736000 secs] [Times: user=0.52 sys=0.00, real=0.07 secs] 
250.021: Total time for which application threads were stopped: 0.0742560 seconds, Stopping threads took: 0.0000780 seconds
250.045: Application time: 0.0244840 seconds
250.046: [Full GC [PSYoungGen: 138752K->33484K(161280K)] [ParOldGen: 367289K->367289K(367616K)] 506041K->400774K(528896K) [PSPermGen: 13645K->13645K(21504K)], 0.0738480 secs] [Times: user=0.51 sys=0.00, real=0.07 secs] 
250.120: Total time for which application threads were stopped: 0.0745180 seconds, Stopping threads took: 0.0000530 seconds
250.145: Application time: 0.0255130 seconds
250.146: [Full GC [PSYoungGen: 138752K->33499K(161280K)] [ParOldGen: 367289K->367289K(367616K)] 506041K->400788K(528896K) [PSPermGen: 13645K->13645K(21504K)], 0.0737250 secs] [Times: user=0.52 sys=0.01, real=0.07 secs] 
250.220: Total time for which application threads were stopped: 0.0744350 seconds, Stopping threads took: 0.0001370 seconds
250.247: Application time: 0.0269050 seconds
250.247: [Full GC [PSYoungGen: 138752K->33290K(161280K)] [ParOldGen: 367289K->367289K(367616K)] 506041K->400580K(528896K) [PSPermGen: 13645K->13645K(21504K)], 0.0730160 secs] [Times: user=0.52 sys=0.00, real=0.07 secs] 
250.320: Total time for which application threads were stopped: 0.0736830 seconds, Stopping threads took: 0.0000940 seconds
250.345: Application time: 0.0242640 seconds
250.345: [Full GC [PSYoungGen: 138752K->33246K(161280K)] [ParOldGen: 367289K->367289K(367616K)] 506041K->400536K(528896K) [PSPermGen: 13645K->13645K(21504K)], 0.0734080 secs] [Times: user=0.51 sys=0.00, real=0.07 secs] 
250.419: Total time for which application threads were stopped: 0.0740350 seconds, Stopping threads took: 0.0000390 seconds
250.443: Application time: 0.0243560 seconds
250.444: [Full GC [PSYoungGen: 138752K->33262K(161280K)] [ParOldGen: 367289K->367289K(367616K)] 506041K->400552K(528896K) [PSPermGen: 13645K->13645K(21504K)], 0.0732790 secs] [Times: user=0.52 sys=0.00, real=0.07 secs] 
250.517: Total time for which application threads were stopped: 0.0739480 seconds, Stopping threads took: 0.0000730 seconds
250.541: Application time: 0.0244100 seconds
250.542: [Full GC [PSYoungGen: 138752K->33276K(161280K)] [ParOldGen: 367289K->367289K(367616K)] 506041K->400566K(528896K) [PSPermGen: 13645K->13645K(21504K)], 0.0740990 secs] [Times: user=0.52 sys=0.00, real=0.08 secs] 
250.616: Total time for which application threads were stopped: 0.0747110 seconds, Stopping threads took: 0.0000420 seconds
250.641: Application time: 0.0251870 seconds
250.644: [Full GC [PSYoungGen: 138752K->33293K(161280K)] [ParOldGen: 367289K->367289K(367616K)] 506041K->400583K(528896K) [PSPermGen: 13645K->13645K(21504K)], 0.0746430 secs] [Times: user=0.52 sys=0.00, real=0.07 secs] 
250.718: Total time for which application threads were stopped: 0.0769320 seconds, Stopping threads took: 0.0016260 seconds
250.743: Application time: 0.0244650 seconds
250.743: [Full GC [PSYoungGen: 138752K->33307K(161280K)] [ParOldGen: 367289K->367289K(367616K)] 506041K->400596K(528896K) [PSPermGen: 13645K->13645K(21504K)], 0.0740550 secs] [Times: user=0.52 sys=0.00, real=0.07 secs] 
250.817: Total time for which application threads were stopped: 0.0746960 seconds, Stopping threads took: 0.0000660 seconds
250.842: Application time: 0.0246570 seconds
250.843: [Full GC [PSYoungGen: 138752K->33321K(161280K)] [ParOldGen: 367289K->367289K(367616K)] 506041K->400611K(528896K) [PSPermGen: 13645K->13645K(21504K)], 0.0750670 secs] [Times: user=0.53 sys=0.00, real=0.08 secs] 
250.918: Total time for which application threads were stopped: 0.0757320 seconds, Stopping threads took: 0.0000850 seconds
250.942: Application time: 0.0245950 seconds
250.943: [Full GC [PSYoungGen: 138752K->33338K(161280K)] [ParOldGen: 367289K->367289K(367616K)] 506041K->400627K(528896K) [PSPermGen: 13645K->13645K(21504K)], 0.0753260 secs] [Times: user=0.53 sys=0.00, real=0.08 secs] 
251.019: Total time for which application threads were stopped: 0.0760150 seconds, Stopping threads took: 0.0000730 seconds
251.043: Application time: 0.0240080 seconds
251.043: [Full GC [PSYoungGen: 138752K->33353K(161280K)] [ParOldGen: 367289K->367289K(367616K)] 506041K->400643K(528896K) [PSPermGen: 13645K->13645K(21504K)], 0.0745710 secs] [Times: user=0.53 sys=0.00, real=0.08 secs] 
251.118: Total time for which application threads were stopped: 0.0752270 seconds, Stopping threads took: 0.0000740 seconds
251.142: Application time: 0.0241470 seconds
251.142: [Full GC [PSYoungGen: 138752K->33368K(161280K)] [ParOldGen: 367289K->367289K(367616K)] 506041K->400658K(528896K) [PSPermGen: 13645K->13645K(21504K)], 0.0750380 secs] [Times: user=0.52 sys=0.00, real=0.08 secs] 
251.218: Total time for which application threads were stopped: 0.0756970 seconds, Stopping threads took: 0.0000860 seconds
251.242: Application time: 0.0239840 seconds
251.242: [Full GC [PSYoungGen: 138752K->33383K(161280K)] [ParOldGen: 367289K->367289K(367616K)] 506041K->400673K(528896K) [PSPermGen: 13645K->13645K(21504K)], 0.0719780 secs] [Times: user=0.50 sys=0.00, real=0.08 secs] 
251.314: Total time for which application threads were stopped: 0.0726860 seconds, Stopping threads took: 0.0000670 seconds
251.338: Application time: 0.0239830 seconds
251.339: [Full GC [PSYoungGen: 138752K->33398K(161280K)] [ParOldGen: 367289K->367289K(367616K)] 506041K->400688K(528896K) [PSPermGen: 13645K->13645K(21504K)], 0.0727720 secs] [Times: user=0.51 sys=0.00, real=0.08 secs] 
251.412: Total time for which application threads were stopped: 0.0733890 seconds, Stopping threads took: 0.0000450 seconds
251.436: Application time: 0.0240630 seconds
251.436: [Full GC [PSYoungGen: 138752K->33409K(161280K)] [ParOldGen: 367289K->367289K(367616K)] 506041K->400699K(528896K) [PSPermGen: 13645K->13645K(21504K)], 0.0735970 secs] [Times: user=0.52 sys=0.00, real=0.07 secs] 
251.510: Total time for which application threads were stopped: 0.0742310 seconds, Stopping threads took: 0.0000490 seconds
251.534: Application time: 0.0239780 seconds
251.535: [Full GC [PSYoungGen: 138752K->33427K(161280K)] [ParOldGen: 367289K->367289K(367616K)] 506041K->400716K(528896K) [PSPermGen: 13645K->13645K(21504K)], 0.0726960 secs] [Times: user=0.51 sys=0.00, real=0.07 secs] 
251.607: Total time for which application threads were stopped: 0.0733760 seconds, Stopping threads took: 0.0000530 seconds
251.631: Application time: 0.0241820 seconds
251.632: [Full GC [PSYoungGen: 138752K->33441K(161280K)] [ParOldGen: 367289K->367289K(367616K)] 506041K->400731K(528896K) [PSPermGen: 13645K->13645K(21504K)], 0.0747790 secs] [Times: user=0.52 sys=0.00, real=0.07 secs] 
251.707: Total time for which application threads were stopped: 0.0754950 seconds, Stopping threads took: 0.0000670 seconds
251.731: Application time: 0.0238380 seconds
251.731: [Full GC [PSYoungGen: 138752K->33457K(161280K)] [ParOldGen: 367289K->367289K(367616K)] 506041K->400747K(528896K) [PSPermGen: 13645K->13645K(21504K)], 0.0731320 secs] [Times: user=0.51 sys=0.00, real=0.07 secs] 
251.805: Total time for which application threads were stopped: 0.0738330 seconds, Stopping threads took: 0.0000620 seconds
251.829: Application time: 0.0238740 seconds
251.829: [Full GC [PSYoungGen: 138752K->33471K(161280K)] [ParOldGen: 367289K->367289K(367616K)] 506041K->400761K(528896K) [PSPermGen: 13645K->13645K(21504K)], 0.0727540 secs] [Times: user=0.51 sys=0.00, real=0.07 secs] 
251.902: Total time for which application threads were stopped: 0.0734020 seconds, Stopping threads took: 0.0000550 seconds
251.926: Application time: 0.0243070 seconds
251.927: [Full GC [PSYoungGen: 138752K->33488K(161280K)] [ParOldGen: 367289K->367289K(367616K)] 506041K->400777K(528896K) [PSPermGen: 13645K->13645K(21504K)], 0.0742480 secs] [Times: user=0.52 sys=0.00, real=0.07 secs] 
252.001: Total time for which application threads were stopped: 0.0749050 seconds, Stopping threads took: 0.0000710 seconds
252.025: Application time: 0.0241860 seconds
252.026: [Full GC [PSYoungGen: 138752K->33504K(161280K)] [ParOldGen: 367289K->367289K(367616K)] 506041K->400793K(528896K) [PSPermGen: 13645K->13645K(21504K)], 0.0733880 secs] [Times: user=0.51 sys=0.01, real=0.07 secs] 
252.099: Total time for which application threads were stopped: 0.0740300 seconds, Stopping threads took: 0.0000740 seconds
252.124: Application time: 0.0245960 seconds
252.125: [Full GC [PSYoungGen: 138752K->33520K(161280K)] [ParOldGen: 367289K->367289K(367616K)] 506041K->400809K(528896K) [PSPermGen: 13645K->13645K(21504K)], 0.0752660 secs] [Times: user=0.53 sys=0.00, real=0.07 secs] 
252.200: Total time for which application threads were stopped: 0.0759650 seconds, Stopping threads took: 0.0000880 seconds
252.225: Application time: 0.0245640 seconds
252.225: [Full GC [PSYoungGen: 138752K->33530K(161280K)] [ParOldGen: 367289K->367289K(367616K)] 506041K->400820K(528896K) [PSPermGen: 13645K->13645K(21504K)], 0.0741000 secs] [Times: user=0.51 sys=0.00, real=0.07 secs] 
252.299: Total time for which application threads were stopped: 0.0747330 seconds, Stopping threads took: 0.0000550 seconds
252.324: Application time: 0.0243590 seconds
252.324: [Full GC [PSYoungGen: 138752K->33549K(161280K)] [ParOldGen: 367289K->367289K(367616K)] 506041K->400838K(528896K) [PSPermGen: 13645K->13645K(21504K)], 0.0745080 secs] [Times: user=0.53 sys=0.00, real=0.07 secs] 
252.399: Total time for which application threads were stopped: 0.0751630 seconds, Stopping threads took: 0.0000680 seconds
252.423: Application time: 0.0244080 seconds
252.424: [Full GC [PSYoungGen: 138752K->33561K(161280K)] [ParOldGen: 367289K->367289K(367616K)] 506041K->400851K(528896K) [PSPermGen: 13645K->13645K(21504K)], 0.0760850 secs] [Times: user=0.52 sys=0.00, real=0.07 secs] 
252.500: Total time for which application threads were stopped: 0.0767460 seconds, Stopping threads took: 0.0000650 seconds
252.525: Application time: 0.0252720 seconds
252.526: [Full GC [PSYoungGen: 138752K->33469K(161280K)] [ParOldGen: 367289K->367289K(367616K)] 506041K->400759K(528896K) [PSPermGen: 13645K->13645K(21504K)], 0.0734550 secs] [Times: user=0.52 sys=0.00, real=0.07 secs] 
252.599: Total time for which application threads were stopped: 0.0741260 seconds, Stopping threads took: 0.0000710 seconds
252.624: Application time: 0.0243440 seconds
252.624: [Full GC [PSYoungGen: 138752K->33452K(161280K)] [ParOldGen: 367289K->367289K(367616K)] 506041K->400742K(528896K) [PSPermGen: 13645K->13645K(21504K)], 0.0741870 secs] [Times: user=0.51 sys=0.00, real=0.07 secs] 
252.699: Total time for which application threads were stopped: 0.0748190 seconds, Stopping threads took: 0.0000650 seconds
252.723: Application time: 0.0244820 seconds
252.724: [Full GC [PSYoungGen: 138752K->33467K(161280K)] [ParOldGen: 367289K->367289K(367616K)] 506041K->400756K(528896K) [PSPermGen: 13645K->13645K(21504K)], 0.0727670 secs] [Times: user=0.52 sys=0.00, real=0.07 secs] 
252.796: Total time for which application threads were stopped: 0.0734550 seconds, Stopping threads took: 0.0000420 seconds
252.821: Application time: 0.0243290 seconds
252.821: [Full GC [PSYoungGen: 138752K->33482K(161280K)] [ParOldGen: 367289K->367289K(367616K)] 506041K->400772K(528896K) [PSPermGen: 13645K->13645K(21504K)], 0.0728680 secs] [Times: user=0.52 sys=0.00, real=0.08 secs] 
252.894: Total time for which application threads were stopped: 0.0735790 seconds, Stopping threads took: 0.0000610 seconds
252.918: Application time: 0.0240920 seconds
252.919: [Full GC [PSYoungGen: 138752K->33497K(161280K)] [ParOldGen: 367289K->367289K(367616K)] 506041K->400787K(528896K) [PSPermGen: 13645K->13645K(21504K)], 0.0730990 secs] [Times: user=0.52 sys=0.00, real=0.08 secs] 
252.992: Total time for which application threads were stopped: 0.0738040 seconds, Stopping threads took: 0.0000520 seconds
253.017: Application time: 0.0244080 seconds
253.017: [Full GC [PSYoungGen: 138752K->33509K(161280K)] [ParOldGen: 367289K->367289K(367616K)] 506041K->400799K(528896K) [PSPermGen: 13645K->13645K(21504K)], 0.0739180 secs] [Times: user=0.51 sys=0.00, real=0.07 secs] 
253.091: Total time for which application threads were stopped: 0.0745450 seconds, Stopping threads took: 0.0000420 seconds
253.116: Application time: 0.0246360 seconds
253.116: [Full GC [PSYoungGen: 138752K->33405K(161280K)] [ParOldGen: 367289K->367289K(367616K)] 506041K->400695K(528896K) [PSPermGen: 13645K->13645K(21504K)], 0.0769460 secs] [Times: user=0.53 sys=0.00, real=0.08 secs] 
253.193: Total time for which application threads were stopped: 0.0775990 seconds, Stopping threads took: 0.0000690 seconds
253.218: Application time: 0.0242900 seconds
253.218: [Full GC [PSYoungGen: 138752K->33403K(161280K)] [ParOldGen: 367289K->367289K(367616K)] 506041K->400693K(528896K) [PSPermGen: 13645K->13645K(21504K)], 0.0747300 secs] [Times: user=0.52 sys=0.00, real=0.08 secs] 
253.293: Total time for which application threads were stopped: 0.0753910 seconds, Stopping threads took: 0.0000870 seconds
253.317: Application time: 0.0243140 seconds
253.318: [Full GC [PSYoungGen: 138752K->33420K(161280K)] [ParOldGen: 367289K->367289K(367616K)] 506041K->400710K(528896K) [PSPermGen: 13645K->13645K(21504K)], 0.0733640 secs] [Times: user=0.52 sys=0.00, real=0.08 secs] 
253.392: Total time for which application threads were stopped: 0.0740960 seconds, Stopping threads took: 0.0000600 seconds
253.416: Application time: 0.0240870 seconds
253.416: [Full GC [PSYoungGen: 138752K->33435K(161280K)] [ParOldGen: 367289K->367289K(367616K)] 506041K->400724K(528896K) [PSPermGen: 13645K->13645K(21504K)], 0.0737780 secs] [Times: user=0.52 sys=0.00, real=0.07 secs] 
253.490: Total time for which application threads were stopped: 0.0744590 seconds, Stopping threads took: 0.0000390 seconds
253.514: Application time: 0.0241180 seconds
253.515: [Full GC [PSYoungGen: 138752K->33450K(161280K)] [ParOldGen: 367289K->367289K(367616K)] 506041K->400740K(528896K) [PSPermGen: 13645K->13645K(21504K)], 0.0727910 secs] [Times: user=0.51 sys=0.00, real=0.07 secs] 
253.588: Total time for which application threads were stopped: 0.0734390 seconds, Stopping threads took: 0.0000610 seconds
253.612: Application time: 0.0241780 seconds
253.612: [Full GC [PSYoungGen: 138752K->33464K(161280K)] [ParOldGen: 367289K->367289K(367616K)] 506041K->400754K(528896K) [PSPermGen: 13645K->13645K(21504K)], 0.0743610 secs] [Times: user=0.52 sys=0.00, real=0.07 secs] 
253.687: Total time for which application threads were stopped: 0.0750050 seconds, Stopping threads took: 0.0000530 seconds
253.712: Application time: 0.0247440 seconds
253.712: [Full GC [PSYoungGen: 138752K->33369K(161280K)] [ParOldGen: 367289K->367289K(367616K)] 506041K->400659K(528896K) [PSPermGen: 13645K->13645K(21504K)], 0.0727960 secs] [Times: user=0.50 sys=0.00, real=0.07 secs] 
253.785: Total time for which application threads were stopped: 0.0734830 seconds, Stopping threads took: 0.0000550 seconds
253.810: Application time: 0.0248410 seconds
253.811: [Full GC [PSYoungGen: 138752K->33242K(161280K)] [ParOldGen: 367289K->367289K(367616K)] 506041K->400532K(528896K) [PSPermGen: 13645K->13645K(21504K)], 0.0734260 secs] [Times: user=0.51 sys=0.00, real=0.08 secs] 
253.884: Total time for which application threads were stopped: 0.0740730 seconds, Stopping threads took: 0.0000750 seconds
253.908: Application time: 0.0239970 seconds
253.909: [Full GC [PSYoungGen: 138752K->33227K(161280K)] [ParOldGen: 367289K->367289K(367616K)] 506041K->400517K(528896K) [PSPermGen: 13645K->13645K(21504K)], 0.0730430 secs] [Times: user=0.51 sys=0.00, real=0.07 secs] 
253.982: Total time for which application threads were stopped: 0.0737490 seconds, Stopping threads took: 0.0000820 seconds
254.006: Application time: 0.0241460 seconds
254.007: [Full GC [PSYoungGen: 138752K->33244K(161280K)] [ParOldGen: 367289K->367289K(367616K)] 506041K->400533K(528896K) [PSPermGen: 13645K->13645K(21504K)], 0.0745320 secs] [Times: user=0.53 sys=0.00, real=0.07 secs] 
254.081: Total time for which application threads were stopped: 0.0751870 seconds, Stopping threads took: 0.0000670 seconds
254.105: Application time: 0.0241840 seconds
254.106: [Full GC [PSYoungGen: 138752K->33257K(161280K)] [ParOldGen: 367289K->367289K(367616K)] 506041K->400547K(528896K) [PSPermGen: 13645K->13645K(21504K)], 0.0741890 secs] [Times: user=0.52 sys=0.00, real=0.07 secs] 
254.180: Total time for which application threads were stopped: 0.0748610 seconds, Stopping threads took: 0.0000830 seconds
254.204: Application time: 0.0243270 seconds
254.205: [Full GC [PSYoungGen: 138752K->33273K(161280K)] [ParOldGen: 367289K->367289K(367616K)] 506041K->400562K(528896K) [PSPermGen: 13645K->13645K(21504K)], 0.0747180 secs] [Times: user=0.53 sys=0.00, real=0.07 secs] 
254.280: Total time for which application threads were stopped: 0.0753560 seconds, Stopping threads took: 0.0000600 seconds
254.304: Application time: 0.0244360 seconds
254.305: [Full GC [PSYoungGen: 138752K->33285K(161280K)] [ParOldGen: 367289K->367289K(367616K)] 506041K->400575K(528896K) [PSPermGen: 13645K->13645K(21504K)], 0.0737730 secs] [Times: user=0.52 sys=0.00, real=0.07 secs] 
254.379: Total time for which application threads were stopped: 0.0744230 seconds, Stopping threads took: 0.0000780 seconds
254.403: Application time: 0.0246190 seconds
254.404: [Full GC [PSYoungGen: 138752K->33304K(161280K)] [ParOldGen: 367289K->367289K(367616K)] 506041K->400593K(528896K) [PSPermGen: 13645K->13645K(21504K)], 0.0755990 secs] [Times: user=0.52 sys=0.00, real=0.07 secs] 
254.480: Total time for which application threads were stopped: 0.0762290 seconds, Stopping threads took: 0.0000600 seconds
254.504: Application time: 0.0245630 seconds
254.505: [Full GC [PSYoungGen: 138752K->33317K(161280K)] [ParOldGen: 367289K->367289K(367616K)] 506041K->400607K(528896K) [PSPermGen: 13645K->13645K(21504K)], 0.0732540 secs] [Times: user=0.52 sys=0.00, real=0.07 secs] 
254.578: Total time for which application threads were stopped: 0.0739040 seconds, Stopping threads took: 0.0000540 seconds
254.602: Application time: 0.0242550 seconds
254.603: [Full GC [PSYoungGen: 138752K->33333K(161280K)] [ParOldGen: 367289K->367289K(367616K)] 506041K->400623K(528896K) [PSPermGen: 13645K->13645K(21504K)], 0.0786000 secs] [Times: user=0.54 sys=0.00, real=0.08 secs] 
254.682: Total time for which application threads were stopped: 0.0792580 seconds, Stopping threads took: 0.0000780 seconds
254.706: Application time: 0.0242360 seconds
254.706: [Full GC [PSYoungGen: 138752K->33348K(161280K)] [ParOldGen: 367289K->367289K(367616K)] 506041K->400637K(528896K) [PSPermGen: 13645K->13645K(21504K)], 0.0741710 secs] [Times: user=0.52 sys=0.00, real=0.07 secs] 
254.781: Total time for which application threads were stopped: 0.0748360 seconds, Stopping threads took: 0.0000940 seconds
254.805: Application time: 0.0239980 seconds
254.805: [Full GC [PSYoungGen: 138752K->33363K(161280K)] [ParOldGen: 367289K->367289K(367616K)] 506041K->400652K(528896K) [PSPermGen: 13645K->13645K(21504K)], 0.0733520 secs] [Times: user=0.51 sys=0.00, real=0.07 secs] 
254.879: Total time for which application threads were stopped: 0.0739810 seconds, Stopping threads took: 0.0000670 seconds
254.903: Application time: 0.0239400 seconds
254.903: [Full GC [PSYoungGen: 138752K->33376K(161280K)] [ParOldGen: 367289K->367289K(367616K)] 506041K->400666K(528896K) [PSPermGen: 13645K->13645K(21504K)], 0.0732030 secs] [Times: user=0.51 sys=0.00, real=0.08 secs] 
254.976: Total time for which application threads were stopped: 0.0738160 seconds, Stopping threads took: 0.0000480 seconds
255.001: Application time: 0.0245080 seconds
255.001: [Full GC [PSYoungGen: 138752K->33391K(161280K)] [ParOldGen: 367289K->367289K(367616K)] 506041K->400681K(528896K) [PSPermGen: 13645K->13645K(21504K)], 0.0737600 secs] [Times: user=0.52 sys=0.00, real=0.08 secs] 
255.075: Total time for which application threads were stopped: 0.0744030 seconds, Stopping threads took: 0.0000510 seconds
255.099: Application time: 0.0237090 seconds
255.100: [Full GC [PSYoungGen: 138752K->33403K(161280K)] [ParOldGen: 367289K->367289K(367616K)] 506041K->400693K(528896K) [PSPermGen: 13645K->13645K(21504K)], 0.0731200 secs] [Times: user=0.51 sys=0.00, real=0.08 secs] 
255.173: Total time for which application threads were stopped: 0.0738450 seconds, Stopping threads took: 0.0000510 seconds
255.197: Application time: 0.0243070 seconds
255.198: [Full GC [PSYoungGen: 138752K->33423K(161280K)] [ParOldGen: 367289K->367289K(367616K)] 506041K->400712K(528896K) [PSPermGen: 13645K->13645K(21504K)], 0.0737680 secs] [Times: user=0.52 sys=0.00, real=0.08 secs] 
255.272: Total time for which application threads were stopped: 0.0743810 seconds, Stopping threads took: 0.0000410 seconds
255.296: Application time: 0.0241480 seconds
255.296: [Full GC [PSYoungGen: 138752K->33436K(161280K)] [ParOldGen: 367289K->367289K(367616K)] 506041K->400726K(528896K) [PSPermGen: 13645K->13645K(21504K)], 0.0728780 secs] [Times: user=0.51 sys=0.00, real=0.07 secs] 
255.369: Total time for which application threads were stopped: 0.0735100 seconds, Stopping threads took: 0.0000610 seconds
255.393: Application time: 0.0240010 seconds
255.394: [Full GC [PSYoungGen: 138752K->33452K(161280K)] [ParOldGen: 367289K->367289K(367616K)] 506041K->400742K(528896K) [PSPermGen: 13645K->13645K(21504K)], 0.0735750 secs] [Times: user=0.52 sys=0.00, real=0.07 secs] 
255.467: Total time for which application threads were stopped: 0.0741990 seconds, Stopping threads took: 0.0000540 seconds
255.491: Application time: 0.0240290 seconds
255.492: [Full GC [PSYoungGen: 138752K->33465K(161280K)] [ParOldGen: 367289K->367289K(367616K)] 506041K->400754K(528896K) [PSPermGen: 13645K->13645K(21504K)], 0.0724630 secs] [Times: user=0.51 sys=0.00, real=0.07 secs] 
255.565: Total time for which application threads were stopped: 0.0731760 seconds, Stopping threads took: 0.0000710 seconds
255.589: Application time: 0.0241370 seconds
255.589: [Full GC [PSYoungGen: 138752K->33481K(161280K)] [ParOldGen: 367289K->367289K(367616K)] 506041K->400770K(528896K) [PSPermGen: 13645K->13645K(21504K)], 0.0751310 secs] [Times: user=0.51 sys=0.00, real=0.08 secs] 
255.665: Total time for which application threads were stopped: 0.0757610 seconds, Stopping threads took: 0.0000600 seconds
255.689: Application time: 0.0245090 seconds
255.690: [Full GC [PSYoungGen: 138752K->33499K(161280K)] [ParOldGen: 367289K->367289K(367616K)] 506041K->400789K(528896K) [PSPermGen: 13645K->13645K(21504K)], 0.0736520 secs] [Times: user=0.51 sys=0.00, real=0.08 secs] 
255.763: Total time for which application threads were stopped: 0.0743310 seconds, Stopping threads took: 0.0000650 seconds
255.788: Application time: 0.0242970 seconds
255.788: [Full GC [PSYoungGen: 138752K->33513K(161280K)] [ParOldGen: 367289K->367289K(367616K)] 506041K->400802K(528896K) [PSPermGen: 13645K->13645K(21504K)], 0.0744670 secs] [Times: user=0.53 sys=0.00, real=0.07 secs] 
255.863: Total time for which application threads were stopped: 0.0751070 seconds, Stopping threads took: 0.0000720 seconds
255.887: Application time: 0.0247010 seconds
255.888: [Full GC [PSYoungGen: 138752K->33527K(161280K)] [ParOldGen: 367289K->367289K(367616K)] 506041K->400816K(528896K) [PSPermGen: 13645K->13645K(21504K)], 0.0752860 secs] [Times: user=0.53 sys=0.00, real=0.08 secs] 
255.963: Total time for which application threads were stopped: 0.0759430 seconds, Stopping threads took: 0.0000700 seconds
255.988: Application time: 0.0245280 seconds
255.989: [Full GC [PSYoungGen: 138752K->33542K(161280K)] [ParOldGen: 367289K->367289K(367616K)] 506041K->400832K(528896K) [PSPermGen: 13645K->13645K(21504K)], 0.0740400 secs] [Times: user=0.52 sys=0.00, real=0.07 secs] 
256.063: Total time for which application threads were stopped: 0.0747030 seconds, Stopping threads took: 0.0000710 seconds
256.087: Application time: 0.0244530 seconds
256.088: [Full GC [PSYoungGen: 138752K->33556K(161280K)] [ParOldGen: 367289K->367289K(367616K)] 506041K->400846K(528896K) [PSPermGen: 13645K->13645K(21504K)], 0.0738370 secs] [Times: user=0.53 sys=0.00, real=0.07 secs] 
256.162: Total time for which application threads were stopped: 0.0745430 seconds, Stopping threads took: 0.0001090 seconds
256.186: Application time: 0.0247830 seconds
256.187: [Full GC [PSYoungGen: 138752K->33573K(161280K)] [ParOldGen: 367289K->367289K(367616K)] 506041K->400862K(528896K) [PSPermGen: 13645K->13645K(21504K)], 0.0746860 secs] [Times: user=0.53 sys=0.00, real=0.07 secs] 
256.262: Total time for which application threads were stopped: 0.0753760 seconds, Stopping threads took: 0.0000950 seconds
256.286: Application time: 0.0245720 seconds
256.287: [Full GC [PSYoungGen: 138752K->33588K(161280K)] [ParOldGen: 367289K->367289K(367616K)] 506041K->400877K(528896K) [PSPermGen: 13645K->13645K(21504K)], 0.0747850 secs] [Times: user=0.53 sys=0.00, real=0.07 secs] 
256.362: Total time for which application threads were stopped: 0.0754250 seconds, Stopping threads took: 0.0000420 seconds
256.387: Application time: 0.0254750 seconds
256.388: [Full GC [PSYoungGen: 138752K->33492K(161280K)] [ParOldGen: 367289K->367289K(367616K)] 506041K->400782K(528896K) [PSPermGen: 13645K->13645K(21504K)], 0.0766670 secs] [Times: user=0.54 sys=0.00, real=0.08 secs] 
256.465: Total time for which application threads were stopped: 0.0773100 seconds, Stopping threads took: 0.0000710 seconds
256.489: Application time: 0.0244300 seconds
256.490: [Full GC [PSYoungGen: 138752K->33478K(161280K)] [ParOldGen: 367289K->367289K(367616K)] 506041K->400768K(528896K) [PSPermGen: 13645K->13645K(21504K)], 0.0756130 secs] [Times: user=0.53 sys=0.00, real=0.08 secs] 
256.565: Total time for which application threads were stopped: 0.0762650 seconds, Stopping threads took: 0.0000720 seconds
256.589: Application time: 0.0239770 seconds
256.590: [Full GC [PSYoungGen: 138752K->33491K(161280K)] [ParOldGen: 367289K->367289K(367616K)] 506041K->400781K(528896K) [PSPermGen: 13645K->13645K(21504K)], 0.0738610 secs] [Times: user=0.51 sys=0.00, real=0.08 secs] 
256.664: Total time for which application threads were stopped: 0.0744830 seconds, Stopping threads took: 0.0000610 seconds
256.688: Application time: 0.0240230 seconds
256.688: [Full GC [PSYoungGen: 138752K->33511K(161280K)] [ParOldGen: 367289K->367289K(367616K)] 506041K->400800K(528896K) [PSPermGen: 13645K->13645K(21504K)], 0.0739650 secs] [Times: user=0.52 sys=0.00, real=0.07 secs] 
256.762: Total time for which application threads were stopped: 0.0745590 seconds, Stopping threads took: 0.0000500 seconds
256.787: Application time: 0.0241360 seconds
256.787: [Full GC [PSYoungGen: 138752K->33526K(161280K)] [ParOldGen: 367289K->367289K(367616K)] 506041K->400815K(528896K) [PSPermGen: 13645K->13645K(21504K)], 0.0728460 secs] [Times: user=0.51 sys=0.00, real=0.07 secs] 
256.860: Total time for which application threads were stopped: 0.0734710 seconds, Stopping threads took: 0.0000520 seconds
256.884: Application time: 0.0243850 seconds
256.885: [Full GC [PSYoungGen: 138752K->33541K(161280K)] [ParOldGen: 367289K->367289K(367616K)] 506041K->400831K(528896K) [PSPermGen: 13645K->13645K(21504K)], 0.0734860 secs] [Times: user=0.51 sys=0.00, real=0.07 secs] 
256.959: Total time for which application threads were stopped: 0.0741550 seconds, Stopping threads took: 0.0000610 seconds
256.983: Application time: 0.0243700 seconds
256.984: [Full GC [PSYoungGen: 138752K->33444K(161280K)] [ParOldGen: 367289K->367289K(367616K)] 506041K->400734K(528896K) [PSPermGen: 13645K->13645K(21504K)], 0.0726430 secs] [Times: user=0.51 sys=0.00, real=0.07 secs] 
257.056: Total time for which application threads were stopped: 0.0733630 seconds, Stopping threads took: 0.0000670 seconds
257.081: Application time: 0.0245200 seconds
257.081: [Full GC [PSYoungGen: 138752K->33429K(161280K)] [ParOldGen: 367289K->367289K(367616K)] 506041K->400718K(528896K) [PSPermGen: 13645K->13645K(21504K)], 0.0748790 secs] [Times: user=0.53 sys=0.00, real=0.08 secs] 
257.156: Total time for which application threads were stopped: 0.0755000 seconds, Stopping threads took: 0.0000490 seconds
257.182: Application time: 0.0252010 seconds
257.182: [Full GC [PSYoungGen: 138752K->33442K(161280K)] [ParOldGen: 367289K->367289K(367616K)] 506041K->400731K(528896K) [PSPermGen: 13645K->13645K(21504K)], 0.0750820 secs] [Times: user=0.52 sys=0.00, real=0.08 secs] 
257.257: Total time for which application threads were stopped: 0.0757170 seconds, Stopping threads took: 0.0000530 seconds
257.283: Application time: 0.0253510 seconds
257.283: [Full GC [PSYoungGen: 138752K->33350K(161280K)] [ParOldGen: 367289K->367289K(367616K)] 506041K->400639K(528896K) [PSPermGen: 13645K->13645K(21504K)], 0.0736740 secs] [Times: user=0.51 sys=0.01, real=0.08 secs] 
257.357: Total time for which application threads were stopped: 0.0743900 seconds, Stopping threads took: 0.0000740 seconds
257.381: Application time: 0.0243460 seconds
257.382: [Full GC [PSYoungGen: 138752K->33224K(161280K)] [ParOldGen: 367289K->367289K(367616K)] 506041K->400514K(528896K) [PSPermGen: 13645K->13645K(21504K)], 0.0737130 secs] [Times: user=0.51 sys=0.00, real=0.08 secs] 
257.456: Total time for which application threads were stopped: 0.0743270 seconds, Stopping threads took: 0.0000520 seconds
257.480: Application time: 0.0244350 seconds
257.481: [Full GC [PSYoungGen: 138752K->33208K(161280K)] [ParOldGen: 367289K->367289K(367616K)] 506041K->400498K(528896K) [PSPermGen: 13645K->13645K(21504K)], 0.0731030 secs] [Times: user=0.52 sys=0.00, real=0.08 secs] 
257.554: Total time for which application threads were stopped: 0.0737550 seconds, Stopping threads took: 0.0000540 seconds
257.578: Application time: 0.0245350 seconds
257.579: [Full GC [PSYoungGen: 138752K->33221K(161280K)] [ParOldGen: 367289K->367289K(367616K)] 506041K->400511K(528896K) [PSPermGen: 13645K->13645K(21504K)], 0.0754330 secs] [Times: user=0.52 sys=0.00, real=0.08 secs] 
257.655: Total time for which application threads were stopped: 0.0761050 seconds, Stopping threads took: 0.0000890 seconds
257.679: Application time: 0.0244120 seconds
257.680: [Full GC [PSYoungGen: 138752K->33232K(161280K)] [ParOldGen: 367289K->367289K(367616K)] 506041K->400521K(528896K) [PSPermGen: 13645K->13645K(21504K)], 0.0750480 secs] [Times: user=0.51 sys=0.00, real=0.08 secs] 
257.755: Total time for which application threads were stopped: 0.0756790 seconds, Stopping threads took: 0.0000560 seconds
257.779: Application time: 0.0243740 seconds
257.780: [Full GC [PSYoungGen: 138752K->33252K(161280K)] [ParOldGen: 367289K->367289K(367616K)] 506041K->400541K(528896K) [PSPermGen: 13645K->13645K(21504K)], 0.0730100 secs] [Times: user=0.51 sys=0.01, real=0.08 secs] 
257.853: Total time for which application threads were stopped: 0.0736400 seconds, Stopping threads took: 0.0000460 seconds
257.877: Application time: 0.0242760 seconds
257.877: [Full GC [PSYoungGen: 138752K->33268K(161280K)] [ParOldGen: 367289K->367289K(367616K)] 506041K->400558K(528896K) [PSPermGen: 13645K->13645K(21504K)], 0.0739700 secs] [Times: user=0.50 sys=0.00, real=0.08 secs] 
257.952: Total time for which application threads were stopped: 0.0745870 seconds, Stopping threads took: 0.0000440 seconds
257.976: Application time: 0.0244500 seconds
257.977: [Full GC [PSYoungGen: 138752K->33283K(161280K)] [ParOldGen: 367289K->367289K(367616K)] 506041K->400573K(528896K) [PSPermGen: 13645K->13645K(21504K)], 0.0732290 secs] [Times: user=0.52 sys=0.00, real=0.07 secs] 
258.051: Total time for which application threads were stopped: 0.0753930 seconds, Stopping threads took: 0.0000410 seconds
258.076: Application time: 0.0244220 seconds
258.076: [Full GC [PSYoungGen: 138752K->33295K(161280K)] [ParOldGen: 367289K->367289K(367616K)] 506041K->400585K(528896K) [PSPermGen: 13645K->13645K(21504K)], 0.0745310 secs] [Times: user=0.51 sys=0.00, real=0.07 secs] 
258.151: Total time for which application threads were stopped: 0.0751980 seconds, Stopping threads took: 0.0000740 seconds
258.176: Application time: 0.0247470 seconds
258.176: [Full GC [PSYoungGen: 138752K->33312K(161280K)] [ParOldGen: 367289K->367289K(367616K)] 506041K->400602K(528896K) [PSPermGen: 13645K->13645K(21504K)], 0.0736200 secs] [Times: user=0.52 sys=0.00, real=0.07 secs] 
258.250: Total time for which application threads were stopped: 0.0742360 seconds, Stopping threads took: 0.0000460 seconds
258.275: Application time: 0.0247870 seconds
258.275: [Full GC [PSYoungGen: 138752K->33329K(161280K)] [ParOldGen: 367289K->367289K(367616K)] 506041K->400618K(528896K) [PSPermGen: 13645K->13645K(21504K)], 0.0768470 secs] [Times: user=0.54 sys=0.00, real=0.08 secs] 
258.352: Total time for which application threads were stopped: 0.0775010 seconds, Stopping threads took: 0.0000670 seconds
258.377: Application time: 0.0245170 seconds
258.377: [Full GC [PSYoungGen: 138752K->33342K(161280K)] [ParOldGen: 367289K->367289K(367616K)] 506041K->400632K(528896K) [PSPermGen: 13645K->13645K(21504K)], 0.0739950 secs] [Times: user=0.52 sys=0.00, real=0.08 secs] 
258.451: Total time for which application threads were stopped: 0.0746550 seconds, Stopping threads took: 0.0000680 seconds
258.476: Application time: 0.0241740 seconds
258.476: [Full GC [PSYoungGen: 138752K->33357K(161280K)] [ParOldGen: 367289K->367289K(367616K)] 506041K->400646K(528896K) [PSPermGen: 13645K->13645K(21504K)], 0.0726970 secs] [Times: user=0.51 sys=0.00, real=0.07 secs] 
258.549: Total time for which application threads were stopped: 0.0733760 seconds, Stopping threads took: 0.0000410 seconds
258.573: Application time: 0.0244220 seconds
258.574: [Full GC [PSYoungGen: 138752K->33370K(161280K)] [ParOldGen: 367289K->367289K(367616K)] 506041K->400660K(528896K) [PSPermGen: 13645K->13645K(21504K)], 0.0751540 secs] [Times: user=0.53 sys=0.00, real=0.07 secs] 
258.649: Total time for which application threads were stopped: 0.0757940 seconds, Stopping threads took: 0.0000560 seconds
258.673: Application time: 0.0238370 seconds
258.674: [Full GC [PSYoungGen: 138752K->33386K(161280K)] [ParOldGen: 367289K->367289K(367616K)] 506041K->400675K(528896K) [PSPermGen: 13645K->13645K(21504K)], 0.0727820 secs] [Times: user=0.51 sys=0.00, real=0.07 secs] 
258.746: Total time for which application threads were stopped: 0.0734060 seconds, Stopping threads took: 0.0000450 seconds
258.771: Application time: 0.0241610 seconds
258.771: [Full GC [PSYoungGen: 138752K->33402K(161280K)] [ParOldGen: 367289K->367289K(367616K)] 506041K->400691K(528896K) [PSPermGen: 13645K->13645K(21504K)], 0.0728920 secs] [Times: user=0.51 sys=0.00, real=0.08 secs] 
258.844: Total time for which application threads were stopped: 0.0734970 seconds, Stopping threads took: 0.0000390 seconds
258.869: Application time: 0.0247680 seconds
258.869: [Full GC [PSYoungGen: 138752K->33418K(161280K)] [ParOldGen: 367289K->367289K(367616K)] 506041K->400707K(528896K) [PSPermGen: 13645K->13645K(21504K)], 0.0752210 secs] [Times: user=0.52 sys=0.00, real=0.08 secs] 
258.945: Total time for which application threads were stopped: 0.0758530 seconds, Stopping threads took: 0.0000450 seconds
258.969: Application time: 0.0240900 seconds
258.969: [Full GC [PSYoungGen: 138752K->33432K(161280K)] [ParOldGen: 367289K->367289K(367616K)] 506041K->400722K(528896K) [PSPermGen: 13645K->13645K(21504K)], 0.0730300 secs] [Times: user=0.51 sys=0.01, real=0.07 secs] 
259.043: Total time for which application threads were stopped: 0.0737260 seconds, Stopping threads took: 0.0000550 seconds
259.067: Application time: 0.0241010 seconds
259.067: [Full GC [PSYoungGen: 138752K->33449K(161280K)] [ParOldGen: 367289K->367289K(367616K)] 506041K->400739K(528896K) [PSPermGen: 13645K->13645K(21504K)], 0.0744920 secs] [Times: user=0.52 sys=0.00, real=0.07 secs] 
259.142: Total time for which application threads were stopped: 0.0751160 seconds, Stopping threads took: 0.0000400 seconds
259.166: Application time: 0.0241410 seconds
259.167: [Full GC [PSYoungGen: 138752K->33464K(161280K)] [ParOldGen: 367289K->367289K(367616K)] 506041K->400754K(528896K) [PSPermGen: 13645K->13645K(21504K)], 0.0811880 secs] [Times: user=0.57 sys=0.00, real=0.08 secs] 
259.248: Total time for which application threads were stopped: 0.0818040 seconds, Stopping threads took: 0.0000430 seconds
259.272: Application time: 0.0240980 seconds
259.272: [Full GC [PSYoungGen: 138752K->33478K(161280K)] [ParOldGen: 367289K->367289K(367616K)] 506041K->400768K(528896K) [PSPermGen: 13645K->13645K(21504K)], 0.0751610 secs] [Times: user=0.53 sys=0.00, real=0.07 secs] 
259.348: Total time for which application threads were stopped: 0.0758080 seconds, Stopping threads took: 0.0000470 seconds
259.372: Application time: 0.0242750 seconds
259.373: [Full GC [PSYoungGen: 138752K->33494K(161280K)] [ParOldGen: 367289K->367289K(367616K)] 506041K->400784K(528896K) [PSPermGen: 13645K->13645K(21504K)], 0.0736610 secs] [Times: user=0.52 sys=0.00, real=0.07 secs] 
259.446: Total time for which application threads were stopped: 0.0742880 seconds, Stopping threads took: 0.0000480 seconds
259.471: Application time: 0.0243570 seconds
259.471: [Full GC [PSYoungGen: 138752K->33507K(161280K)] [ParOldGen: 367289K->367289K(367616K)] 506041K->400796K(528896K) [PSPermGen: 13645K->13645K(21504K)], 0.0741250 secs] [Times: user=0.52 sys=0.00, real=0.08 secs] 
259.545: Total time for which application threads were stopped: 0.0747440 seconds, Stopping threads took: 0.0000470 seconds
259.570: Application time: 0.0242970 seconds
259.570: [Full GC [PSYoungGen: 138752K->33524K(161280K)] [ParOldGen: 367289K->367289K(367616K)] 506041K->400814K(528896K) [PSPermGen: 13645K->13645K(21504K)], 0.0753370 secs] [Times: user=0.52 sys=0.00, real=0.08 secs] 
259.646: Total time for which application threads were stopped: 0.0759660 seconds, Stopping threads took: 0.0000480 seconds
259.670: Application time: 0.0243950 seconds
259.671: [Full GC [PSYoungGen: 138752K->33537K(161280K)] [ParOldGen: 367289K->367289K(367616K)] 506041K->400827K(528896K) [PSPermGen: 13645K->13645K(21504K)], 0.0739620 secs] [Times: user=0.52 sys=0.00, real=0.08 secs] 
259.745: Total time for which application threads were stopped: 0.0745990 seconds, Stopping threads took: 0.0000480 seconds
259.769: Application time: 0.0244260 seconds
259.770: [Full GC [PSYoungGen: 138752K->33553K(161280K)] [ParOldGen: 367289K->367289K(367616K)] 506041K->400843K(528896K) [PSPermGen: 13645K->13645K(21504K)], 0.0724040 secs] [Times: user=0.52 sys=0.00, real=0.07 secs] 
259.842: Total time for which application threads were stopped: 0.0730900 seconds, Stopping threads took: 0.0000350 seconds
259.867: Application time: 0.0244140 seconds
259.867: [Full GC [PSYoungGen: 138752K->33564K(161280K)] [ParOldGen: 367289K->367289K(367616K)] 506041K->400854K(528896K) [PSPermGen: 13645K->13645K(21504K)], 0.0736340 secs] [Times: user=0.52 sys=0.00, real=0.07 secs] 
259.941: Total time for which application threads were stopped: 0.0742550 seconds, Stopping threads took: 0.0000360 seconds
259.965: Application time: 0.0243300 seconds
259.966: [Full GC [PSYoungGen: 138752K->33584K(161280K)] [ParOldGen: 367289K->367289K(367616K)] 506041K->400873K(528896K) [PSPermGen: 13645K->13645K(21504K)], 0.0732040 secs] [Times: user=0.51 sys=0.00, real=0.07 secs] 
260.039: Total time for which application threads were stopped: 0.0738070 seconds, Stopping threads took: 0.0000370 seconds
260.063: Application time: 0.0244000 seconds
260.064: [Full GC [PSYoungGen: 138752K->33595K(161280K)] [ParOldGen: 367289K->367289K(367616K)] 506041K->400884K(528896K) [PSPermGen: 13645K->13645K(21504K)], 0.0738880 secs] [Times: user=0.52 sys=0.00, real=0.07 secs] 
260.138: Total time for which application threads were stopped: 0.0745180 seconds, Stopping threads took: 0.0000620 seconds
260.163: Application time: 0.0254360 seconds
260.164: [Full GC [PSYoungGen: 138752K->33442K(161280K)] [ParOldGen: 367289K->367289K(367616K)] 506041K->400732K(528896K) [PSPermGen: 13645K->13645K(21504K)], 0.0745520 secs] [Times: user=0.52 sys=0.00, real=0.07 secs] 
260.239: Total time for which application threads were stopped: 0.0751770 seconds, Stopping threads took: 0.0000580 seconds
260.263: Application time: 0.0247250 seconds
260.264: [Full GC [PSYoungGen: 138752K->33489K(161280K)] [ParOldGen: 367289K->367289K(367616K)] 506041K->400779K(528896K) [PSPermGen: 13646K->13646K(21504K)], 0.0738950 secs] [Times: user=0.52 sys=0.00, real=0.07 secs] 
260.338: Total time for which application threads were stopped: 0.0745460 seconds, Stopping threads took: 0.0000480 seconds
260.362: Application time: 0.0242870 seconds
260.363: [Full GC [PSYoungGen: 138752K->33507K(161280K)] [ParOldGen: 367289K->367289K(367616K)] 506041K->400797K(528896K) [PSPermGen: 13646K->13646K(21504K)], 0.0730900 secs] [Times: user=0.51 sys=0.00, real=0.08 secs] 
260.436: Total time for which application threads were stopped: 0.0737470 seconds, Stopping threads took: 0.0000680 seconds
260.460: Application time: 0.0239640 seconds
260.460: [Full GC [PSYoungGen: 138752K->33522K(161280K)] [ParOldGen: 367289K->367289K(367616K)] 506041K->400811K(528896K) [PSPermGen: 13646K->13646K(21504K)], 0.0728220 secs] [Times: user=0.51 sys=0.00, real=0.08 secs] 
260.533: Total time for which application threads were stopped: 0.0735620 seconds, Stopping threads took: 0.0000720 seconds
260.557: Application time: 0.0237390 seconds
260.558: [Full GC [PSYoungGen: 138752K->33533K(161280K)] [ParOldGen: 367289K->367289K(367616K)] 506041K->400823K(528896K) [PSPermGen: 13646K->13646K(21504K)], 0.0731260 secs] [Times: user=0.51 sys=0.00, real=0.07 secs] 
260.631: Total time for which application threads were stopped: 0.0738340 seconds, Stopping threads took: 0.0000570 seconds
260.656: Application time: 0.0252500 seconds
260.657: [Full GC [PSYoungGen: 138752K->33552K(161280K)] [ParOldGen: 367289K->367289K(367616K)] 506041K->400841K(528896K) [PSPermGen: 13646K->13646K(21504K)], 0.0776720 secs] [Times: user=0.53 sys=0.00, real=0.08 secs] 
260.734: Total time for which application threads were stopped: 0.0782930 seconds, Stopping threads took: 0.0000620 seconds
260.759: Application time: 0.0249890 seconds
260.760: [Full GC [PSYoungGen: 138752K->33453K(161280K)] [ParOldGen: 367289K->367289K(367616K)] 506041K->400743K(528896K) [PSPermGen: 13646K->13646K(21504K)], 0.0733020 secs] [Times: user=0.51 sys=0.00, real=0.08 secs] 
260.833: Total time for which application threads were stopped: 0.0739300 seconds, Stopping threads took: 0.0000520 seconds
260.859: Application time: 0.0253590 seconds
260.859: [Full GC [PSYoungGen: 138752K->33330K(161280K)] [ParOldGen: 367289K->367289K(367616K)] 506041K->400620K(528896K) [PSPermGen: 13646K->13646K(21504K)], 0.0726030 secs] [Times: user=0.50 sys=0.02, real=0.08 secs] 
260.932: Total time for which application threads were stopped: 0.0732260 seconds, Stopping threads took: 0.0000490 seconds
260.957: Application time: 0.0249310 seconds
260.957: [Full GC [PSYoungGen: 138752K->33205K(161280K)] [ParOldGen: 367289K->367289K(367616K)] 506041K->400495K(528896K) [PSPermGen: 13646K->13646K(21504K)], 0.0725400 secs] [Times: user=0.51 sys=0.00, real=0.07 secs] 
261.030: Total time for which application threads were stopped: 0.0731650 seconds, Stopping threads took: 0.0000560 seconds
261.054: Application time: 0.0238250 seconds
261.055: [Full GC [PSYoungGen: 138752K->33189K(161280K)] [ParOldGen: 367289K->367289K(367616K)] 506041K->400479K(528896K) [PSPermGen: 13646K->13646K(21504K)], 0.0727310 secs] [Times: user=0.51 sys=0.01, real=0.07 secs] 
261.127: Total time for which application threads were stopped: 0.0734850 seconds, Stopping threads took: 0.0000860 seconds
261.152: Application time: 0.0243240 seconds
261.152: [Full GC [PSYoungGen: 138752K->33203K(161280K)] [ParOldGen: 367289K->367289K(367616K)] 506041K->400493K(528896K) [PSPermGen: 13646K->13646K(21504K)], 0.0735450 secs] [Times: user=0.51 sys=0.00, real=0.07 secs] 
261.226: Total time for which application threads were stopped: 0.0742010 seconds, Stopping threads took: 0.0000620 seconds
261.251: Application time: 0.0246120 seconds
261.251: [Full GC [PSYoungGen: 138752K->33220K(161280K)] [ParOldGen: 367289K->367289K(367616K)] 506041K->400509K(528896K) [PSPermGen: 13646K->13646K(21504K)], 0.0740150 secs] [Times: user=0.52 sys=0.00, real=0.08 secs] 
261.325: Total time for which application threads were stopped: 0.0746700 seconds, Stopping threads took: 0.0000640 seconds
261.350: Application time: 0.0244480 seconds
261.350: [Full GC [PSYoungGen: 138752K->33232K(161280K)] [ParOldGen: 367289K->367289K(367616K)] 506041K->400521K(528896K) [PSPermGen: 13646K->13646K(21504K)], 0.0729210 secs] [Times: user=0.52 sys=0.00, real=0.07 secs] 
261.423: Total time for which application threads were stopped: 0.0735800 seconds, Stopping threads took: 0.0000630 seconds
261.448: Application time: 0.0243380 seconds
261.448: [Full GC [PSYoungGen: 138752K->33249K(161280K)] [ParOldGen: 367289K->367289K(367616K)] 506041K->400538K(528896K) [PSPermGen: 13646K->13646K(21504K)], 0.0739410 secs] [Times: user=0.52 sys=0.00, real=0.07 secs] 
261.522: Total time for which application threads were stopped: 0.0746190 seconds, Stopping threads took: 0.0000890 seconds
261.547: Application time: 0.0244400 seconds
261.547: [Full GC [PSYoungGen: 138752K->33262K(161280K)] [ParOldGen: 367289K->367289K(367616K)] 506041K->400551K(528896K) [PSPermGen: 13646K->13646K(21504K)], 0.0732990 secs] [Times: user=0.51 sys=0.00, real=0.07 secs] 
261.621: Total time for which application threads were stopped: 0.0739250 seconds, Stopping threads took: 0.0000580 seconds
261.646: Application time: 0.0253570 seconds
261.647: [Full GC [PSYoungGen: 138752K->33279K(161280K)] [ParOldGen: 367289K->367289K(367616K)] 506041K->400568K(528896K) [PSPermGen: 13646K->13646K(21504K)], 0.0722870 secs] [Times: user=0.51 sys=0.00, real=0.07 secs] 
261.719: Total time for which application threads were stopped: 0.0729450 seconds, Stopping threads took: 0.0000580 seconds
261.743: Application time: 0.0241910 seconds
261.744: [Full GC [PSYoungGen: 138752K->33293K(161280K)] [ParOldGen: 367289K->367289K(367616K)] 506041K->400583K(528896K) [PSPermGen: 13646K->13646K(21504K)], 0.0739660 secs] [Times: user=0.52 sys=0.00, real=0.07 secs] 
261.818: Total time for which application threads were stopped: 0.0746360 seconds, Stopping threads took: 0.0000690 seconds
261.842: Application time: 0.0239960 seconds
261.842: [Full GC [PSYoungGen: 138752K->33310K(161280K)] [ParOldGen: 367289K->367289K(367616K)] 506041K->400599K(528896K) [PSPermGen: 13646K->13646K(21504K)], 0.0739960 secs] [Times: user=0.52 sys=0.00, real=0.08 secs] 
261.916: Total time for which application threads were stopped: 0.0746530 seconds, Stopping threads took: 0.0000630 seconds
261.941: Application time: 0.0241330 seconds
261.941: [Full GC [PSYoungGen: 138752K->33324K(161280K)] [ParOldGen: 367289K->367289K(367616K)] 506041K->400613K(528896K) [PSPermGen: 13646K->13646K(21504K)], 0.0741690 secs] [Times: user=0.52 sys=0.00, real=0.08 secs] 
262.015: Total time for which application threads were stopped: 0.0747820 seconds, Stopping threads took: 0.0000460 seconds
262.039: Application time: 0.0241250 seconds
262.040: [Full GC [PSYoungGen: 138752K->33340K(161280K)] [ParOldGen: 367289K->367289K(367616K)] 506041K->400629K(528896K) [PSPermGen: 13646K->13646K(21504K)], 0.0740200 secs] [Times: user=0.51 sys=0.00, real=0.08 secs] 
262.114: Total time for which application threads were stopped: 0.0746710 seconds, Stopping threads took: 0.0000570 seconds
262.138: Application time: 0.0242200 seconds
262.139: [Full GC [PSYoungGen: 138752K->33354K(161280K)] [ParOldGen: 367289K->367289K(367616K)] 506041K->400643K(528896K) [PSPermGen: 13646K->13646K(21504K)], 0.0745110 secs] [Times: user=0.52 sys=0.00, real=0.08 secs] 
262.213: Total time for which application threads were stopped: 0.0751480 seconds, Stopping threads took: 0.0000530 seconds
262.237: Application time: 0.0240130 seconds
262.238: [Full GC [PSYoungGen: 138752K->33367K(161280K)] [ParOldGen: 367289K->367289K(367616K)] 506041K->400657K(528896K) [PSPermGen: 13646K->13646K(21504K)], 0.0727380 secs] [Times: user=0.51 sys=0.00, real=0.07 secs] 
262.311: Total time for which application threads were stopped: 0.0734730 seconds, Stopping threads took: 0.0000520 seconds
262.335: Application time: 0.0236400 seconds
262.335: [Full GC [PSYoungGen: 138752K->33380K(161280K)] [ParOldGen: 367289K->367289K(367616K)] 506041K->400670K(528896K) [PSPermGen: 13646K->13646K(21504K)], 0.0734810 secs] [Times: user=0.52 sys=0.00, real=0.07 secs] 
262.409: Total time for which application threads were stopped: 0.0741610 seconds, Stopping threads took: 0.0000450 seconds
262.432: Application time: 0.0237010 seconds
262.433: [Full GC [PSYoungGen: 138752K->33398K(161280K)] [ParOldGen: 367289K->367289K(367616K)] 506041K->400688K(528896K) [PSPermGen: 13646K->13646K(21504K)], 0.0735360 secs] [Times: user=0.51 sys=0.00, real=0.07 secs] 
262.507: Total time for which application threads were stopped: 0.0742100 seconds, Stopping threads took: 0.0000550 seconds
262.531: Application time: 0.0238170 seconds
262.531: [Full GC [PSYoungGen: 138752K->33414K(161280K)] [ParOldGen: 367289K->367289K(367616K)] 506041K->400704K(528896K) [PSPermGen: 13646K->13646K(21504K)], 0.0724940 secs] [Times: user=0.51 sys=0.00, real=0.08 secs] 
262.604: Total time for which application threads were stopped: 0.0731960 seconds, Stopping threads took: 0.0000530 seconds
262.628: Application time: 0.0240460 seconds
262.628: [Full GC [PSYoungGen: 138752K->33429K(161280K)] [ParOldGen: 367289K->367289K(367616K)] 506041K->400718K(528896K) [PSPermGen: 13646K->13646K(21504K)], 0.0737110 secs] [Times: user=0.51 sys=0.00, real=0.07 secs] 
262.702: Total time for which application threads were stopped: 0.0743180 seconds, Stopping threads took: 0.0000430 seconds
262.726: Application time: 0.0239710 seconds
262.727: [Full GC [PSYoungGen: 138752K->33444K(161280K)] [ParOldGen: 367289K->367289K(367616K)] 506041K->400734K(528896K) [PSPermGen: 13646K->13646K(21504K)], 0.0763210 secs] [Times: user=0.54 sys=0.00, real=0.07 secs] 
262.803: Total time for which application threads were stopped: 0.0769520 seconds, Stopping threads took: 0.0000470 seconds
262.827: Application time: 0.0239090 seconds
262.828: [Full GC [PSYoungGen: 138752K->33460K(161280K)] [ParOldGen: 367289K->367289K(367616K)] 506041K->400750K(528896K) [PSPermGen: 13646K->13646K(21504K)], 0.0729930 secs] [Times: user=0.52 sys=0.00, real=0.07 secs] 
262.901: Total time for which application threads were stopped: 0.0736580 seconds, Stopping threads took: 0.0000530 seconds
262.925: Application time: 0.0240780 seconds
262.925: [Full GC [PSYoungGen: 138752K->33471K(161280K)] [ParOldGen: 367289K->367289K(367616K)] 506041K->400761K(528896K) [PSPermGen: 13646K->13646K(21504K)], 0.0750880 secs] [Times: user=0.52 sys=0.00, real=0.07 secs] 
263.000: Total time for which application threads were stopped: 0.0757150 seconds, Stopping threads took: 0.0000550 seconds
263.025: Application time: 0.0243750 seconds
263.028: [Full GC [PSYoungGen: 138752K->33489K(161280K)] [ParOldGen: 367289K->367289K(367616K)] 506041K->400779K(528896K) [PSPermGen: 13646K->13646K(21504K)], 0.0733920 secs] [Times: user=0.52 sys=0.00, real=0.07 secs] 
263.103: Total time for which application threads were stopped: 0.0780920 seconds, Stopping threads took: 0.0026030 seconds
263.127: Application time: 0.0237170 seconds
263.127: [Full GC [PSYoungGen: 138752K->33503K(161280K)] [ParOldGen: 367289K->367289K(367616K)] 506041K->400792K(528896K) [PSPermGen: 13646K->13646K(21504K)], 0.0739040 secs] [Times: user=0.52 sys=0.00, real=0.07 secs] 
263.201: Total time for which application threads were stopped: 0.0745450 seconds, Stopping threads took: 0.0000560 seconds
263.225: Application time: 0.0238890 seconds
263.226: [Full GC [PSYoungGen: 138752K->33517K(161280K)] [ParOldGen: 367289K->367289K(367616K)] 506041K->400807K(528896K) [PSPermGen: 13646K->13646K(21504K)], 0.0737850 secs] [Times: user=0.52 sys=0.00, real=0.07 secs] 
263.299: Total time for which application threads were stopped: 0.0744040 seconds, Stopping threads took: 0.0000460 seconds
263.323: Application time: 0.0238280 seconds
263.324: [Full GC [PSYoungGen: 138752K->33533K(161280K)] [ParOldGen: 367289K->367289K(367616K)] 506041K->400823K(528896K) [PSPermGen: 13646K->13646K(21504K)], 0.0736820 secs] [Times: user=0.51 sys=0.00, real=0.07 secs] 
263.398: Total time for which application threads were stopped: 0.0743640 seconds, Stopping threads took: 0.0000370 seconds
263.421: Application time: 0.0237160 seconds
263.422: [Full GC [PSYoungGen: 138752K->33550K(161280K)] [ParOldGen: 367289K->367289K(367616K)] 506041K->400839K(528896K) [PSPermGen: 13646K->13646K(21504K)], 0.0755760 secs] [Times: user=0.53 sys=0.00, real=0.08 secs] 
263.498: Total time for which application threads were stopped: 0.0762340 seconds, Stopping threads took: 0.0000470 seconds
263.521: Application time: 0.0238750 seconds
263.522: [Full GC [PSYoungGen: 138752K->33558K(161280K)] [ParOldGen: 367289K->367289K(367616K)] 506041K->400847K(528896K) [PSPermGen: 13646K->13646K(21504K)], 0.0740240 secs] [Times: user=0.52 sys=0.00, real=0.08 secs] 
263.596: Total time for which application threads were stopped: 0.0746340 seconds, Stopping threads took: 0.0000370 seconds
263.620: Application time: 0.0237470 seconds
263.620: [Full GC [PSYoungGen: 138752K->33577K(161280K)] [ParOldGen: 367289K->367289K(367616K)] 506041K->400866K(528896K) [PSPermGen: 13646K->13646K(21504K)], 0.0750710 secs] [Times: user=0.52 sys=0.00, real=0.08 secs] 
263.696: Total time for which application threads were stopped: 0.0757000 seconds, Stopping threads took: 0.0000490 seconds
263.719: Application time: 0.0234860 seconds
263.720: [Full GC [PSYoungGen: 138752K->33593K(161280K)] [ParOldGen: 367289K->367289K(367616K)] 506041K->400882K(528896K) [PSPermGen: 13646K->13646K(21504K)], 0.0744690 secs] [Times: user=0.52 sys=0.00, real=0.08 secs] 
263.794: Total time for which application threads were stopped: 0.0750880 seconds, Stopping threads took: 0.0000440 seconds
263.818: Application time: 0.0240160 seconds
263.819: [Full GC [PSYoungGen: 138752K->33610K(161280K)] [ParOldGen: 367289K->367289K(367616K)] 506041K->400900K(528896K) [PSPermGen: 13646K->13646K(21504K)], 0.0738260 secs] [Times: user=0.50 sys=0.00, real=0.08 secs] 
263.893: Total time for which application threads were stopped: 0.0744490 seconds, Stopping threads took: 0.0000480 seconds
263.916: Application time: 0.0237000 seconds
263.917: [Full GC [PSYoungGen: 138752K->33627K(161280K)] [ParOldGen: 367289K->367289K(367616K)] 506041K->400917K(528896K) [PSPermGen: 13646K->13646K(21504K)], 0.0734140 secs] [Times: user=0.52 sys=0.00, real=0.07 secs] 
263.990: Total time for which application threads were stopped: 0.0740520 seconds, Stopping threads took: 0.0000550 seconds
264.015: Application time: 0.0246700 seconds
264.016: [Full GC [PSYoungGen: 138752K->33516K(161280K)] [ParOldGen: 367289K->367289K(367616K)] 506041K->400806K(528896K) [PSPermGen: 13646K->13646K(21504K)], 0.0743820 secs] [Times: user=0.51 sys=0.00, real=0.07 secs] 
264.090: Total time for which application threads were stopped: 0.0750450 seconds, Stopping threads took: 0.0000570 seconds
264.114: Application time: 0.0240690 seconds
264.116: [Full GC [PSYoungGen: 138752K->33516K(161280K)] [ParOldGen: 367289K->367289K(367616K)] 506041K->400806K(528896K) [PSPermGen: 13646K->13646K(21504K)], 0.0734050 secs] [Times: user=0.51 sys=0.00, real=0.07 secs] 
264.189: Total time for which application threads were stopped: 0.0751900 seconds, Stopping threads took: 0.0012270 seconds
264.214: Application time: 0.0242440 seconds
264.214: [Full GC [PSYoungGen: 138752K->33528K(161280K)] [ParOldGen: 367289K->367289K(367616K)] 506041K->400818K(528896K) [PSPermGen: 13646K->13646K(21504K)], 0.0738910 secs] [Times: user=0.52 sys=0.00, real=0.07 secs] 
264.288: Total time for which application threads were stopped: 0.0745070 seconds, Stopping threads took: 0.0000480 seconds
264.312: Application time: 0.0241650 seconds
264.313: [Full GC [PSYoungGen: 138752K->33545K(161280K)] [ParOldGen: 367289K->367289K(367616K)] 506041K->400835K(528896K) [PSPermGen: 13646K->13646K(21504K)], 0.0730900 secs] [Times: user=0.52 sys=0.00, real=0.07 secs] 
264.386: Total time for which application threads were stopped: 0.0737150 seconds, Stopping threads took: 0.0000480 seconds
264.410: Application time: 0.0240430 seconds
264.411: [Full GC [PSYoungGen: 138752K->33551K(161280K)] [ParOldGen: 367289K->367289K(367616K)] 506041K->400841K(528896K) [PSPermGen: 13646K->13646K(21504K)], 0.0729860 secs] [Times: user=0.51 sys=0.01, real=0.08 secs] 
264.484: Total time for which application threads were stopped: 0.0735720 seconds, Stopping threads took: 0.0000360 seconds
264.513: Application time: 0.0289760 seconds
264.513: [Full GC [PSYoungGen: 138752K->33218K(161280K)] [ParOldGen: 367289K->367289K(367616K)] 506041K->400508K(528896K) [PSPermGen: 13646K->13646K(21504K)], 0.0729400 secs] [Times: user=0.52 sys=0.00, real=0.07 secs] 
264.586: Total time for which application threads were stopped: 0.0735950 seconds, Stopping threads took: 0.0000550 seconds
264.610: Application time: 0.0237960 seconds
264.611: [Full GC [PSYoungGen: 138752K->33167K(161280K)] [ParOldGen: 367289K->367289K(367616K)] 506041K->400456K(528896K) [PSPermGen: 13646K->13646K(21504K)], 0.0725760 secs] [Times: user=0.51 sys=0.00, real=0.07 secs] 
264.683: Total time for which application threads were stopped: 0.0732840 seconds, Stopping threads took: 0.0000520 seconds
264.707: Application time: 0.0237660 seconds
264.708: [Full GC [PSYoungGen: 138752K->33180K(161280K)] [ParOldGen: 367289K->367289K(367616K)] 506041K->400469K(528896K) [PSPermGen: 13646K->13646K(21504K)], 0.0725400 secs] [Times: user=0.51 sys=0.00, real=0.07 secs] 
264.780: Total time for which application threads were stopped: 0.0731710 seconds, Stopping threads took: 0.0000440 seconds
264.804: Application time: 0.0242790 seconds
264.805: [Full GC [PSYoungGen: 138752K->33198K(161280K)] [ParOldGen: 367289K->367289K(367616K)] 506041K->400487K(528896K) [PSPermGen: 13646K->13646K(21504K)], 0.0735900 secs] [Times: user=0.51 sys=0.00, real=0.07 secs] 
264.879: Total time for which application threads were stopped: 0.0742490 seconds, Stopping threads took: 0.0000790 seconds
264.903: Application time: 0.0244110 seconds
264.904: [Full GC [PSYoungGen: 138752K->33212K(161280K)] [ParOldGen: 367289K->367289K(367616K)] 506041K->400502K(528896K) [PSPermGen: 13646K->13646K(21504K)], 0.0735160 secs] [Times: user=0.51 sys=0.00, real=0.07 secs] 
264.977: Total time for which application threads were stopped: 0.0741600 seconds, Stopping threads took: 0.0000590 seconds
265.002: Application time: 0.0245110 seconds
265.002: [Full GC [PSYoungGen: 138752K->33228K(161280K)] [ParOldGen: 367289K->367289K(367616K)] 506041K->400518K(528896K) [PSPermGen: 13646K->13646K(21504K)], 0.0723750 secs] [Times: user=0.50 sys=0.00, real=0.08 secs] 
265.075: Total time for which application threads were stopped: 0.0729790 seconds, Stopping threads took: 0.0000470 seconds
265.099: Application time: 0.0244590 seconds
265.100: [Full GC [PSYoungGen: 138752K->33241K(161280K)] [ParOldGen: 367289K->367289K(367616K)] 506041K->400531K(528896K) [PSPermGen: 13646K->13646K(21504K)], 0.0753400 secs] [Times: user=0.53 sys=0.00, real=0.08 secs] 
265.175: Total time for which application threads were stopped: 0.0759750 seconds, Stopping threads took: 0.0000680 seconds
265.200: Application time: 0.0246610 seconds
265.200: [Full GC [PSYoungGen: 138752K->33260K(161280K)] [ParOldGen: 367289K->367289K(367616K)] 506041K->400550K(528896K) [PSPermGen: 13646K->13646K(21504K)], 0.0756270 secs] [Times: user=0.52 sys=0.00, real=0.08 secs] 
265.276: Total time for which application threads were stopped: 0.0762530 seconds, Stopping threads took: 0.0000400 seconds
265.300: Application time: 0.0243300 seconds
265.301: [Full GC [PSYoungGen: 138752K->33273K(161280K)] [ParOldGen: 367289K->367289K(367616K)] 506041K->400563K(528896K) [PSPermGen: 13646K->13646K(21504K)], 0.0742150 secs] [Times: user=0.52 sys=0.00, real=0.08 secs] 
265.375: Total time for which application threads were stopped: 0.0748660 seconds, Stopping threads took: 0.0000620 seconds
265.400: Application time: 0.0241450 seconds
265.400: [Full GC [PSYoungGen: 138752K->33290K(161280K)] [ParOldGen: 367289K->367289K(367616K)] 506041K->400579K(528896K) [PSPermGen: 13646K->13646K(21504K)], 0.0737590 secs] [Times: user=0.51 sys=0.00, real=0.08 secs] 
265.474: Total time for which application threads were stopped: 0.0743630 seconds, Stopping threads took: 0.0000480 seconds
265.498: Application time: 0.0243800 seconds
265.499: [Full GC [PSYoungGen: 138752K->33303K(161280K)] [ParOldGen: 367289K->367289K(367616K)] 506041K->400593K(528896K) [PSPermGen: 13646K->13646K(21504K)], 0.0740760 secs] [Times: user=0.51 sys=0.01, real=0.08 secs] 
265.573: Total time for which application threads were stopped: 0.0747020 seconds, Stopping threads took: 0.0000350 seconds
265.597: Application time: 0.0243410 seconds
265.598: [Full GC [PSYoungGen: 138752K->33319K(161280K)] [ParOldGen: 367289K->367289K(367616K)] 506041K->400609K(528896K) [PSPermGen: 13646K->13646K(21504K)], 0.0731480 secs] [Times: user=0.51 sys=0.00, real=0.07 secs] 
265.671: Total time for which application threads were stopped: 0.0737750 seconds, Stopping threads took: 0.0000450 seconds
265.695: Application time: 0.0243160 seconds
265.696: [Full GC [PSYoungGen: 138752K->33334K(161280K)] [ParOldGen: 367289K->367289K(367616K)] 506041K->400624K(528896K) [PSPermGen: 13646K->13646K(21504K)], 0.0742760 secs] [Times: user=0.53 sys=0.00, real=0.07 secs] 
265.770: Total time for which application threads were stopped: 0.0748970 seconds, Stopping threads took: 0.0000460 seconds
265.795: Application time: 0.0242070 seconds
265.795: [Full GC [PSYoungGen: 138752K->33347K(161280K)] [ParOldGen: 367289K->367289K(367616K)] 506041K->400636K(528896K) [PSPermGen: 13646K->13646K(21504K)], 0.0736960 secs] [Times: user=0.52 sys=0.00, real=0.07 secs] 
265.869: Total time for which application threads were stopped: 0.0743110 seconds, Stopping threads took: 0.0000400 seconds
265.893: Application time: 0.0246020 seconds
265.894: [Full GC [PSYoungGen: 138752K->33363K(161280K)] [ParOldGen: 367289K->367289K(367616K)] 506041K->400653K(528896K) [PSPermGen: 13646K->13646K(21504K)], 0.0749570 secs] [Times: user=0.51 sys=0.00, real=0.07 secs] 
265.969: Total time for which application threads were stopped: 0.0755620 seconds, Stopping threads took: 0.0000370 seconds
265.994: Application time: 0.0249000 seconds
265.994: [Full GC [PSYoungGen: 138752K->33379K(161280K)] [ParOldGen: 367289K->367289K(367616K)] 506041K->400668K(528896K) [PSPermGen: 13646K->13646K(21504K)], 0.0736970 secs] [Times: user=0.52 sys=0.00, real=0.07 secs] 
266.068: Total time for which application threads were stopped: 0.0743120 seconds, Stopping threads took: 0.0000480 seconds
266.093: Application time: 0.0243250 seconds
266.093: [Full GC [PSYoungGen: 138752K->33393K(161280K)] [ParOldGen: 367289K->367289K(367616K)] 506041K->400683K(528896K) [PSPermGen: 13646K->13646K(21504K)], 0.0725140 secs] [Times: user=0.50 sys=0.00, real=0.07 secs] 
266.166: Total time for which application threads were stopped: 0.0731930 seconds, Stopping threads took: 0.0000450 seconds
266.190: Application time: 0.0240200 seconds
266.190: [Full GC [PSYoungGen: 138752K->33408K(161280K)] [ParOldGen: 367289K->367289K(367616K)] 506041K->400698K(528896K) [PSPermGen: 13646K->13646K(21504K)], 0.0752790 secs] [Times: user=0.52 sys=0.00, real=0.08 secs] 
266.266: Total time for which application threads were stopped: 0.0759460 seconds, Stopping threads took: 0.0000750 seconds
266.290: Application time: 0.0242910 seconds
266.291: [Full GC [PSYoungGen: 138752K->33421K(161280K)] [ParOldGen: 367289K->367289K(367616K)] 506041K->400711K(528896K) [PSPermGen: 13646K->13646K(21504K)], 0.0740760 secs] [Times: user=0.52 sys=0.00, real=0.08 secs] 
266.365: Total time for which application threads were stopped: 0.0747090 seconds, Stopping threads took: 0.0000620 seconds
266.389: Application time: 0.0244680 seconds
266.390: [Full GC [PSYoungGen: 138752K->33436K(161280K)] [ParOldGen: 367289K->367289K(367616K)] 506041K->400725K(528896K) [PSPermGen: 13646K->13646K(21504K)], 0.0743180 secs] [Times: user=0.52 sys=0.01, real=0.08 secs] 
266.464: Total time for which application threads were stopped: 0.0749490 seconds, Stopping threads took: 0.0000380 seconds
266.488: Application time: 0.0242010 seconds
266.489: [Full GC [PSYoungGen: 138752K->33451K(161280K)] [ParOldGen: 367289K->367289K(367616K)] 506041K->400741K(528896K) [PSPermGen: 13646K->13646K(21504K)], 0.0742520 secs] [Times: user=0.52 sys=0.00, real=0.07 secs] 
266.563: Total time for which application threads were stopped: 0.0748720 seconds, Stopping threads took: 0.0000480 seconds
266.587: Application time: 0.0239030 seconds
266.588: [Full GC [PSYoungGen: 138752K->33468K(161280K)] [ParOldGen: 367289K->367289K(367616K)] 506041K->400758K(528896K) [PSPermGen: 13646K->13646K(21504K)], 0.0735620 secs] [Times: user=0.51 sys=0.00, real=0.07 secs] 
266.661: Total time for which application threads were stopped: 0.0742650 seconds, Stopping threads took: 0.0000600 seconds
266.686: Application time: 0.0243130 seconds
266.686: [Full GC [PSYoungGen: 138752K->33483K(161280K)] [ParOldGen: 367289K->367289K(367616K)] 506041K->400772K(528896K) [PSPermGen: 13646K->13646K(21504K)], 0.0734670 secs] [Times: user=0.52 sys=0.00, real=0.07 secs] 
266.760: Total time for which application threads were stopped: 0.0741000 seconds, Stopping threads took: 0.0000520 seconds
266.785: Application time: 0.0249720 seconds
266.785: [Full GC [PSYoungGen: 138752K->33494K(161280K)] [ParOldGen: 367289K->367289K(367616K)] 506041K->400784K(528896K) [PSPermGen: 13646K->13646K(21504K)], 0.0744040 secs] [Times: user=0.53 sys=0.00, real=0.07 secs] 
266.860: Total time for which application threads were stopped: 0.0750620 seconds, Stopping threads took: 0.0000630 seconds
266.885: Application time: 0.0249340 seconds
266.885: [Full GC [PSYoungGen: 138752K->33512K(161280K)] [ParOldGen: 367289K->367289K(367616K)] 506041K->400802K(528896K) [PSPermGen: 13646K->13646K(21504K)], 0.0741950 secs] [Times: user=0.53 sys=0.00, real=0.07 secs] 
266.960: Total time for which application threads were stopped: 0.0748510 seconds, Stopping threads took: 0.0000760 seconds
266.984: Application time: 0.0240940 seconds
266.984: [Full GC [PSYoungGen: 138752K->33527K(161280K)] [ParOldGen: 367289K->367289K(367616K)] 506041K->400817K(528896K) [PSPermGen: 13646K->13646K(21504K)], 0.0732000 secs] [Times: user=0.52 sys=0.00, real=0.07 secs] 
267.058: Total time for which application threads were stopped: 0.0738490 seconds, Stopping threads took: 0.0000650 seconds
267.082: Application time: 0.0245490 seconds
267.083: [Full GC [PSYoungGen: 138752K->33542K(161280K)] [ParOldGen: 367289K->367289K(367616K)] 506041K->400832K(528896K) [PSPermGen: 13646K->13646K(21504K)], 0.0740170 secs] [Times: user=0.52 sys=0.00, real=0.08 secs] 
267.157: Total time for which application threads were stopped: 0.0746600 seconds, Stopping threads took: 0.0000630 seconds
267.181: Application time: 0.0244120 seconds
267.182: [Full GC [PSYoungGen: 138752K->33557K(161280K)] [ParOldGen: 367289K->367289K(367616K)] 506041K->400847K(528896K) [PSPermGen: 13646K->13646K(21504K)], 0.0738280 secs] [Times: user=0.52 sys=0.01, real=0.08 secs] 
267.256: Total time for which application threads were stopped: 0.0744580 seconds, Stopping threads took: 0.0000650 seconds
267.280: Application time: 0.0245610 seconds
267.281: [Full GC [PSYoungGen: 138752K->33573K(161280K)] [ParOldGen: 367289K->367289K(367616K)] 506041K->400863K(528896K) [PSPermGen: 13646K->13646K(21504K)], 0.0740410 secs] [Times: user=0.51 sys=0.00, real=0.08 secs] 
267.355: Total time for which application threads were stopped: 0.0746860 seconds, Stopping threads took: 0.0000620 seconds
267.379: Application time: 0.0244800 seconds
267.380: [Full GC [PSYoungGen: 138752K->33589K(161280K)] [ParOldGen: 367289K->367289K(367616K)] 506041K->400878K(528896K) [PSPermGen: 13646K->13646K(21504K)], 0.0737500 secs] [Times: user=0.52 sys=0.00, real=0.08 secs] 
267.454: Total time for which application threads were stopped: 0.0743980 seconds, Stopping threads took: 0.0000580 seconds
267.478: Application time: 0.0244500 seconds
267.479: [Full GC [PSYoungGen: 138752K->33605K(161280K)] [ParOldGen: 367289K->367289K(367616K)] 506041K->400894K(528896K) [PSPermGen: 13646K->13646K(21504K)], 0.0730920 secs] [Times: user=0.52 sys=0.00, real=0.08 secs] 
267.552: Total time for which application threads were stopped: 0.0737220 seconds, Stopping threads took: 0.0000530 seconds
267.576: Application time: 0.0243680 seconds
267.577: [Full GC [PSYoungGen: 138752K->33621K(161280K)] [ParOldGen: 367289K->367289K(367616K)] 506041K->400910K(528896K) [PSPermGen: 13646K->13646K(21504K)], 0.0739990 secs] [Times: user=0.52 sys=0.00, real=0.07 secs] 
267.651: Total time for which application threads were stopped: 0.0747120 seconds, Stopping threads took: 0.0000480 seconds
267.676: Application time: 0.0246680 seconds
267.676: [Full GC [PSYoungGen: 138752K->33636K(161280K)] [ParOldGen: 367289K->367289K(367616K)] 506041K->400925K(528896K) [PSPermGen: 13646K->13646K(21504K)], 0.0736430 secs] [Times: user=0.52 sys=0.00, real=0.07 secs] 
267.750: Total time for which application threads were stopped: 0.0742810 seconds, Stopping threads took: 0.0000440 seconds
267.775: Application time: 0.0254390 seconds
267.776: [Full GC [PSYoungGen: 138752K->33535K(161280K)] [ParOldGen: 367289K->367289K(367616K)] 506041K->400825K(528896K) [PSPermGen: 13646K->13646K(21504K)], 0.0737900 secs] [Times: user=0.52 sys=0.00, real=0.07 secs] 
267.850: Total time for which application threads were stopped: 0.0744400 seconds, Stopping threads took: 0.0000720 seconds
267.875: Application time: 0.0246840 seconds
267.875: [Full GC [PSYoungGen: 138752K->33526K(161280K)] [ParOldGen: 367289K->367289K(367616K)] 506041K->400816K(528896K) [PSPermGen: 13646K->13646K(21504K)], 0.0738920 secs] [Times: user=0.53 sys=0.00, real=0.07 secs] 
267.949: Total time for which application threads were stopped: 0.0745380 seconds, Stopping threads took: 0.0000630 seconds
267.975: Application time: 0.0258710 seconds
267.976: [Full GC [PSYoungGen: 138752K->33357K(161280K)] [ParOldGen: 367289K->367289K(367616K)] 506041K->400647K(528896K) [PSPermGen: 13646K->13646K(21504K)], 0.0735110 secs] [Times: user=0.51 sys=0.00, real=0.07 secs] 
268.049: Total time for which application threads were stopped: 0.0741500 seconds, Stopping threads took: 0.0000710 seconds
268.074: Application time: 0.0250900 seconds
268.075: [Full GC [PSYoungGen: 138752K->33343K(161280K)] [ParOldGen: 367289K->367289K(367616K)] 506041K->400633K(528896K) [PSPermGen: 13646K->13646K(21504K)], 0.0744150 secs] [Times: user=0.52 sys=0.00, real=0.07 secs] 
268.151: Total time for which application threads were stopped: 0.0765520 seconds, Stopping threads took: 0.0000580 seconds
268.176: Application time: 0.0246780 seconds
268.176: [Full GC [PSYoungGen: 138752K->33304K(161280K)] [ParOldGen: 367289K->367289K(367616K)] 506041K->400594K(528896K) [PSPermGen: 13646K->13646K(21504K)], 0.0743540 secs] [Times: user=0.51 sys=0.00, real=0.07 secs] 
268.251: Total time for which application threads were stopped: 0.0750140 seconds, Stopping threads took: 0.0000720 seconds
268.275: Application time: 0.0247610 seconds
268.276: [Full GC [PSYoungGen: 138752K->33304K(161280K)] [ParOldGen: 367289K->367289K(367616K)] 506041K->400593K(528896K) [PSPermGen: 13646K->13646K(21504K)], 0.0747070 secs] [Times: user=0.52 sys=0.00, real=0.07 secs] 
268.351: Total time for which application threads were stopped: 0.0753660 seconds, Stopping threads took: 0.0000830 seconds
268.376: Application time: 0.0250360 seconds
268.376: [Full GC [PSYoungGen: 138752K->33319K(161280K)] [ParOldGen: 367289K->367289K(367616K)] 506041K->400608K(528896K) [PSPermGen: 13646K->13646K(21504K)], 0.0743350 secs] [Times: user=0.52 sys=0.00, real=0.07 secs] 
268.451: Total time for which application threads were stopped: 0.0749720 seconds, Stopping threads took: 0.0000520 seconds
268.476: Application time: 0.0248770 seconds
268.476: [Full GC [PSYoungGen: 138752K->33280K(161280K)] [ParOldGen: 367289K->367289K(367616K)] 506041K->400570K(528896K) [PSPermGen: 13646K->13646K(21504K)], 0.0739170 secs] [Times: user=0.52 sys=0.00, real=0.07 secs] 
268.550: Total time for which application threads were stopped: 0.0745370 seconds, Stopping threads took: 0.0000550 seconds
268.575: Application time: 0.0244230 seconds
268.575: [Full GC [PSYoungGen: 138752K->33204K(161280K)] [ParOldGen: 367289K->367289K(367616K)] 506041K->400493K(528896K) [PSPermGen: 13646K->13646K(21504K)], 0.0743190 secs] [Times: user=0.52 sys=0.00, real=0.07 secs] 
268.649: Total time for which application threads were stopped: 0.0749430 seconds, Stopping threads took: 0.0000670 seconds
268.674: Application time: 0.0243030 seconds
268.674: [Full GC [PSYoungGen: 138752K->33224K(161280K)] [ParOldGen: 367289K->367289K(367616K)] 506041K->400514K(528896K) [PSPermGen: 13646K->13646K(21504K)], 0.0727330 secs] [Times: user=0.51 sys=0.01, real=0.07 secs] 
268.747: Total time for which application threads were stopped: 0.0733660 seconds, Stopping threads took: 0.0000560 seconds
268.772: Application time: 0.0244230 seconds
268.772: [Full GC [PSYoungGen: 138752K->33239K(161280K)] [ParOldGen: 367289K->367289K(367616K)] 506041K->400528K(528896K) [PSPermGen: 13646K->13646K(21504K)], 0.0728180 secs] [Times: user=0.51 sys=0.00, real=0.07 secs] 
268.845: Total time for which application threads were stopped: 0.0734730 seconds, Stopping threads took: 0.0000420 seconds
268.870: Application time: 0.0247380 seconds
268.872: [Full GC [PSYoungGen: 138752K->33255K(161280K)] [ParOldGen: 367289K->367289K(367616K)] 506041K->400544K(528896K) [PSPermGen: 13646K->13646K(21504K)], 0.0727500 secs] [Times: user=0.51 sys=0.00, real=0.07 secs] 
268.945: Total time for which application threads were stopped: 0.0748990 seconds, Stopping threads took: 0.0015870 seconds
268.970: Application time: 0.0250280 seconds
268.970: [Full GC [PSYoungGen: 138752K->33268K(161280K)] [ParOldGen: 367289K->367289K(367616K)] 506041K->400558K(528896K) [PSPermGen: 13646K->13646K(21504K)], 0.0726990 secs] [Times: user=0.51 sys=0.00, real=0.07 secs] 
269.043: Total time for which application threads were stopped: 0.0733150 seconds, Stopping threads took: 0.0000370 seconds
269.068: Application time: 0.0248520 seconds
269.068: [Full GC [PSYoungGen: 138752K->33283K(161280K)] [ParOldGen: 367289K->367289K(367616K)] 506041K->400573K(528896K) [PSPermGen: 13646K->13646K(21504K)], 0.0741630 secs] [Times: user=0.52 sys=0.00, real=0.07 secs] 
269.143: Total time for which application threads were stopped: 0.0747900 seconds, Stopping threads took: 0.0000530 seconds
269.168: Application time: 0.0248890 seconds
269.172: [Full GC [PSYoungGen: 138752K->33299K(161280K)] [ParOldGen: 367289K->367289K(367616K)] 506041K->400589K(528896K) [PSPermGen: 13646K->13646K(21504K)], 0.0734720 secs] [Times: user=0.52 sys=0.00, real=0.07 secs] 
269.245: Total time for which application threads were stopped: 0.0778520 seconds, Stopping threads took: 0.0038090 seconds
269.270: Application time: 0.0248780 seconds
269.272: [Full GC [PSYoungGen: 138752K->33315K(161280K)] [ParOldGen: 367289K->367289K(367616K)] 506041K->400605K(528896K) [PSPermGen: 13646K->13646K(21504K)], 0.0729880 secs] [Times: user=0.52 sys=0.00, real=0.07 secs] 
269.345: Total time for which application threads were stopped: 0.0746490 seconds, Stopping threads took: 0.0010770 seconds
269.369: Application time: 0.0242990 seconds
269.370: [Full GC [PSYoungGen: 138752K->33328K(161280K)] [ParOldGen: 367289K->367289K(367616K)] 506041K->400618K(528896K) [PSPermGen: 13646K->13646K(21504K)], 0.0732370 secs] [Times: user=0.52 sys=0.00, real=0.07 secs] 
269.443: Total time for which application threads were stopped: 0.0739020 seconds, Stopping threads took: 0.0000690 seconds
269.468: Application time: 0.0244200 seconds
269.468: [Full GC [PSYoungGen: 138752K->33345K(161280K)] [ParOldGen: 367289K->367289K(367616K)] 506041K->400635K(528896K) [PSPermGen: 13646K->13646K(21504K)], 0.0733370 secs] [Times: user=0.52 sys=0.00, real=0.07 secs] 
269.542: Total time for which application threads were stopped: 0.0740500 seconds, Stopping threads took: 0.0000610 seconds
269.566: Application time: 0.0242360 seconds
269.566: [Full GC [PSYoungGen: 138752K->33359K(161280K)] [ParOldGen: 367289K->367289K(367616K)] 506041K->400649K(528896K) [PSPermGen: 13646K->13646K(21504K)], 0.0733460 secs] [Times: user=0.52 sys=0.00, real=0.07 secs] 
269.640: Total time for which application threads were stopped: 0.0739730 seconds, Stopping threads took: 0.0000530 seconds
269.665: Application time: 0.0255330 seconds
269.666: [Full GC [PSYoungGen: 138752K->33374K(161280K)] [ParOldGen: 367289K->367289K(367616K)] 506041K->400663K(528896K) [PSPermGen: 13646K->13646K(21504K)], 0.0725490 secs] [Times: user=0.51 sys=0.00, real=0.07 secs] 
269.739: Total time for which application threads were stopped: 0.0732160 seconds, Stopping threads took: 0.0000660 seconds
269.763: Application time: 0.0248480 seconds
269.764: [Full GC [PSYoungGen: 138752K->33390K(161280K)] [ParOldGen: 367289K->367289K(367616K)] 506041K->400680K(528896K) [PSPermGen: 13646K->13646K(21504K)], 0.0795010 secs] [Times: user=0.56 sys=0.00, real=0.08 secs] 
269.844: Total time for which application threads were stopped: 0.0801230 seconds, Stopping threads took: 0.0000510 seconds
269.869: Application time: 0.0250010 seconds
269.869: [Full GC [PSYoungGen: 138752K->33403K(161280K)] [ParOldGen: 367289K->367289K(367616K)] 506041K->400692K(528896K) [PSPermGen: 13646K->13646K(21504K)], 0.0743030 secs] [Times: user=0.52 sys=0.00, real=0.08 secs] 
269.944: Total time for which application threads were stopped: 0.0749340 seconds, Stopping threads took: 0.0000570 seconds
269.969: Application time: 0.0250370 seconds
269.972: [Full GC [PSYoungGen: 138752K->33417K(161280K)] [ParOldGen: 367289K->367289K(367616K)] 506041K->400707K(528896K) [PSPermGen: 13646K->13646K(21504K)], 0.0731460 secs] [Times: user=0.52 sys=0.00, real=0.07 secs] 
270.045: Total time for which application threads were stopped: 0.0765540 seconds, Stopping threads took: 0.0028080 seconds
270.070: Application time: 0.0247760 seconds
270.070: [Full GC [PSYoungGen: 138752K->33434K(161280K)] [ParOldGen: 367289K->367289K(367616K)] 506041K->400724K(528896K) [PSPermGen: 13646K->13646K(21504K)], 0.0742560 secs] [Times: user=0.52 sys=0.00, real=0.08 secs] 
270.145: Total time for which application threads were stopped: 0.0748590 seconds, Stopping threads took: 0.0000320 seconds
270.169: Application time: 0.0243980 seconds
270.170: [Full GC [PSYoungGen: 138752K->33449K(161280K)] [ParOldGen: 367289K->367289K(367616K)] 506041K->400738K(528896K) [PSPermGen: 13646K->13646K(21504K)], 0.0727960 secs] [Times: user=0.51 sys=0.00, real=0.07 secs] 
270.243: Total time for which application threads were stopped: 0.0734700 seconds, Stopping threads took: 0.0000610 seconds
270.267: Application time: 0.0247180 seconds
270.272: [Full GC [PSYoungGen: 138752K->33462K(161280K)] [ParOldGen: 367289K->367289K(367616K)] 506041K->400752K(528896K) [PSPermGen: 13646K->13646K(21504K)], 0.0739010 secs] [Times: user=0.52 sys=0.00, real=0.07 secs] 
270.346: Total time for which application threads were stopped: 0.0784870 seconds, Stopping threads took: 0.0040030 seconds
270.370: Application time: 0.0244180 seconds
270.371: [Full GC [PSYoungGen: 138752K->33478K(161280K)] [ParOldGen: 367289K->367289K(367616K)] 506041K->400767K(528896K) [PSPermGen: 13646K->13646K(21504K)], 0.0734510 secs] [Times: user=0.52 sys=0.00, real=0.08 secs] 
270.444: Total time for which application threads were stopped: 0.0740860 seconds, Stopping threads took: 0.0000410 seconds
270.469: Application time: 0.0246500 seconds
270.470: [Full GC [PSYoungGen: 138752K->33493K(161280K)] [ParOldGen: 367289K->367289K(367616K)] 506041K->400782K(528896K) [PSPermGen: 13646K->13646K(21504K)], 0.0740150 secs] [Times: user=0.52 sys=0.00, real=0.08 secs] 
270.544: Total time for which application threads were stopped: 0.0746530 seconds, Stopping threads took: 0.0000560 seconds
270.568: Application time: 0.0244240 seconds
270.569: [Full GC [PSYoungGen: 138752K->33509K(161280K)] [ParOldGen: 367289K->367289K(367616K)] 506041K->400798K(528896K) [PSPermGen: 13646K->13646K(21504K)], 0.0737220 secs] [Times: user=0.52 sys=0.00, real=0.07 secs] 
270.642: Total time for which application threads were stopped: 0.0743810 seconds, Stopping threads took: 0.0000560 seconds
270.667: Application time: 0.0246910 seconds
270.668: [Full GC [PSYoungGen: 138752K->33522K(161280K)] [ParOldGen: 367289K->367289K(367616K)] 506041K->400812K(528896K) [PSPermGen: 13646K->13646K(21504K)], 0.0745980 secs] [Times: user=0.52 sys=0.00, real=0.07 secs] 
270.742: Total time for which application threads were stopped: 0.0752540 seconds, Stopping threads took: 0.0000740 seconds
270.767: Application time: 0.0246750 seconds
270.768: [Full GC [PSYoungGen: 138752K->33538K(161280K)] [ParOldGen: 367289K->367289K(367616K)] 506041K->400828K(528896K) [PSPermGen: 13646K->13646K(21504K)], 0.0737060 secs] [Times: user=0.52 sys=0.00, real=0.07 secs] 
270.841: Total time for which application threads were stopped: 0.0743630 seconds, Stopping threads took: 0.0000770 seconds
270.866: Application time: 0.0245680 seconds
270.867: [Full GC [PSYoungGen: 138752K->33554K(161280K)] [ParOldGen: 367289K->367289K(367616K)] 506041K->400843K(528896K) [PSPermGen: 13646K->13646K(21504K)], 0.0737860 secs] [Times: user=0.51 sys=0.00, real=0.07 secs] 
270.940: Total time for which application threads were stopped: 0.0744090 seconds, Stopping threads took: 0.0000420 seconds
270.965: Application time: 0.0243910 seconds
270.965: [Full GC [PSYoungGen: 138752K->33571K(161280K)] [ParOldGen: 367289K->367289K(367616K)] 506041K->400861K(528896K) [PSPermGen: 13646K->13646K(21504K)], 0.0759340 secs] [Times: user=0.54 sys=0.00, real=0.07 secs] 
271.041: Total time for which application threads were stopped: 0.0765560 seconds, Stopping threads took: 0.0000560 seconds
271.066: Application time: 0.0250450 seconds
271.067: [Full GC [PSYoungGen: 138752K->33585K(161280K)] [ParOldGen: 367289K->367289K(367616K)] 506041K->400875K(528896K) [PSPermGen: 13646K->13646K(21504K)], 0.0743780 secs] [Times: user=0.52 sys=0.00, real=0.07 secs] 
271.141: Total time for which application threads were stopped: 0.0750220 seconds, Stopping threads took: 0.0000630 seconds
271.166: Application time: 0.0248300 seconds
271.167: [Full GC [PSYoungGen: 138752K->33599K(161280K)] [ParOldGen: 367289K->367289K(367616K)] 506041K->400889K(528896K) [PSPermGen: 13646K->13646K(21504K)], 0.0735170 secs] [Times: user=0.52 sys=0.00, real=0.07 secs] 
271.240: Total time for which application threads were stopped: 0.0741750 seconds, Stopping threads took: 0.0000750 seconds
271.265: Application time: 0.0246530 seconds
271.266: [Full GC [PSYoungGen: 138752K->33617K(161280K)] [ParOldGen: 367289K->367289K(367616K)] 506041K->400906K(528896K) [PSPermGen: 13646K->13646K(21504K)], 0.0746560 secs] [Times: user=0.50 sys=0.00, real=0.07 secs] 
271.340: Total time for which application threads were stopped: 0.0752740 seconds, Stopping threads took: 0.0000570 seconds
271.365: Application time: 0.0246590 seconds
271.366: [Full GC [PSYoungGen: 138752K->33631K(161280K)] [ParOldGen: 367289K->367289K(367616K)] 506041K->400921K(528896K) [PSPermGen: 13646K->13646K(21504K)], 0.0728470 secs] [Times: user=0.51 sys=0.00, real=0.07 secs] 
271.439: Total time for which application threads were stopped: 0.0735340 seconds, Stopping threads took: 0.0000600 seconds
271.464: Application time: 0.0250440 seconds
271.464: [Full GC [PSYoungGen: 138752K->33647K(161280K)] [ParOldGen: 367289K->367289K(367616K)] 506041K->400937K(528896K) [PSPermGen: 13646K->13646K(21504K)], 0.0749680 secs] [Times: user=0.52 sys=0.00, real=0.07 secs] 
271.539: Total time for which application threads were stopped: 0.0756100 seconds, Stopping threads took: 0.0000710 seconds
271.567: Application time: 0.0272700 seconds
271.567: [Full GC [PSYoungGen: 138752K->33442K(161280K)] [ParOldGen: 367289K->367289K(367616K)] 506041K->400731K(528896K) [PSPermGen: 13646K->13646K(21504K)], 0.0737980 secs] [Times: user=0.51 sys=0.00, real=0.07 secs] 
271.641: Total time for which application threads were stopped: 0.0744450 seconds, Stopping threads took: 0.0000790 seconds
271.667: Application time: 0.0257050 seconds
271.667: [Full GC [PSYoungGen: 138752K->33265K(161280K)] [ParOldGen: 367289K->367289K(367616K)] 506041K->400554K(528896K) [PSPermGen: 13646K->13646K(21504K)], 0.0728110 secs] [Times: user=0.51 sys=0.00, real=0.07 secs] 
271.740: Total time for which application threads were stopped: 0.0735620 seconds, Stopping threads took: 0.0001030 seconds
271.765: Application time: 0.0248280 seconds
271.766: [Full GC [PSYoungGen: 138752K->33269K(161280K)] [ParOldGen: 367289K->367289K(367616K)] 506041K->400559K(528896K) [PSPermGen: 13646K->13646K(21504K)], 0.0748150 secs] [Times: user=0.53 sys=0.00, real=0.07 secs] 
271.841: Total time for which application threads were stopped: 0.0754770 seconds, Stopping threads took: 0.0000770 seconds
271.865: Application time: 0.0248890 seconds
271.866: [Full GC [PSYoungGen: 138752K->33285K(161280K)] [ParOldGen: 367289K->367289K(367616K)] 506041K->400575K(528896K) [PSPermGen: 13646K->13646K(21504K)], 0.0729820 secs] [Times: user=0.51 sys=0.00, real=0.07 secs] 
271.939: Total time for which application threads were stopped: 0.0736550 seconds, Stopping threads took: 0.0000720 seconds
271.964: Application time: 0.0250030 seconds
271.965: [Full GC [PSYoungGen: 138752K->33301K(161280K)] [ParOldGen: 367289K->367289K(367616K)] 506041K->400590K(528896K) [PSPermGen: 13646K->13646K(21504K)], 0.0743180 secs] [Times: user=0.52 sys=0.01, real=0.07 secs] 
272.039: Total time for which application threads were stopped: 0.0749600 seconds, Stopping threads took: 0.0000560 seconds
272.064: Application time: 0.0249260 seconds
272.065: [Full GC [PSYoungGen: 138752K->33315K(161280K)] [ParOldGen: 367289K->367289K(367616K)] 506041K->400605K(528896K) [PSPermGen: 13646K->13646K(21504K)], 0.0736940 secs] [Times: user=0.51 sys=0.00, real=0.07 secs] 
272.138: Total time for which application threads were stopped: 0.0743580 seconds, Stopping threads took: 0.0000860 seconds
272.163: Application time: 0.0248090 seconds
272.164: [Full GC [PSYoungGen: 138752K->33330K(161280K)] [ParOldGen: 367289K->367289K(367616K)] 506041K->400620K(528896K) [PSPermGen: 13646K->13646K(21504K)], 0.0743360 secs] [Times: user=0.53 sys=0.00, real=0.07 secs] 
272.238: Total time for which application threads were stopped: 0.0749720 seconds, Stopping threads took: 0.0000600 seconds
272.263: Application time: 0.0250590 seconds
272.264: [Full GC [PSYoungGen: 138752K->33341K(161280K)] [ParOldGen: 367289K->367289K(367616K)] 506041K->400631K(528896K) [PSPermGen: 13646K->13646K(21504K)], 0.0735420 secs] [Times: user=0.52 sys=0.00, real=0.07 secs] 
272.337: Total time for which application threads were stopped: 0.0742280 seconds, Stopping threads took: 0.0000630 seconds
272.362: Application time: 0.0248880 seconds
272.363: [Full GC [PSYoungGen: 138752K->33356K(161280K)] [ParOldGen: 367289K->367289K(367616K)] 506041K->400646K(528896K) [PSPermGen: 13646K->13646K(21504K)], 0.0748620 secs] [Times: user=0.53 sys=0.00, real=0.08 secs] 
272.438: Total time for which application threads were stopped: 0.0755140 seconds, Stopping threads took: 0.0000660 seconds
272.462: Application time: 0.0246160 seconds
272.463: [Full GC [PSYoungGen: 138752K->33307K(161280K)] [ParOldGen: 367289K->367289K(367616K)] 506041K->400597K(528896K) [PSPermGen: 13646K->13646K(21504K)], 0.0731390 secs] [Times: user=0.51 sys=0.00, real=0.08 secs] 
272.536: Total time for which application threads were stopped: 0.0737730 seconds, Stopping threads took: 0.0000710 seconds
272.561: Application time: 0.0243000 seconds
272.561: [Full GC [PSYoungGen: 138752K->33319K(161280K)] [ParOldGen: 367289K->367289K(367616K)] 506041K->400609K(528896K) [PSPermGen: 13646K->13646K(21504K)], 0.0731720 secs] [Times: user=0.52 sys=0.00, real=0.08 secs] 
272.634: Total time for which application threads were stopped: 0.0737870 seconds, Stopping threads took: 0.0000580 seconds
272.660: Application time: 0.0255230 seconds
272.660: [Full GC [PSYoungGen: 138752K->33282K(161280K)] [ParOldGen: 367289K->367289K(367616K)] 506041K->400572K(528896K) [PSPermGen: 13646K->13646K(21504K)], 0.0739290 secs] [Times: user=0.52 sys=0.00, real=0.08 secs] 
272.734: Total time for which application threads were stopped: 0.0745360 seconds, Stopping threads took: 0.0000520 seconds
272.759: Application time: 0.0244670 seconds
272.759: [Full GC [PSYoungGen: 138752K->33278K(161280K)] [ParOldGen: 367289K->367289K(367616K)] 506041K->400568K(528896K) [PSPermGen: 13646K->13646K(21504K)], 0.0793050 secs] [Times: user=0.55 sys=0.00, real=0.08 secs] 
272.839: Total time for which application threads were stopped: 0.0799540 seconds, Stopping threads took: 0.0000600 seconds
272.863: Application time: 0.0246010 seconds
272.864: [Full GC [PSYoungGen: 138752K->33293K(161280K)] [ParOldGen: 367289K->367289K(367616K)] 506041K->400583K(528896K) [PSPermGen: 13646K->13646K(21504K)], 0.0733830 secs] [Times: user=0.52 sys=0.00, real=0.07 secs] 
272.937: Total time for which application threads were stopped: 0.0740120 seconds, Stopping threads took: 0.0000520 seconds
272.962: Application time: 0.0249180 seconds
272.963: [Full GC [PSYoungGen: 138752K->33309K(161280K)] [ParOldGen: 367289K->367289K(367616K)] 506041K->400599K(528896K) [PSPermGen: 13646K->13646K(21504K)], 0.0737790 secs] [Times: user=0.52 sys=0.00, real=0.08 secs] 
273.037: Total time for which application threads were stopped: 0.0744380 seconds, Stopping threads took: 0.0000830 seconds
273.062: Application time: 0.0246750 seconds
273.062: [Full GC [PSYoungGen: 138752K->33324K(161280K)] [ParOldGen: 367289K->367289K(367616K)] 506041K->400614K(528896K) [PSPermGen: 13646K->13646K(21504K)], 0.0734260 secs] [Times: user=0.52 sys=0.00, real=0.08 secs] 
273.136: Total time for which application threads were stopped: 0.0741390 seconds, Stopping threads took: 0.0000850 seconds
273.160: Application time: 0.0247760 seconds
273.161: [Full GC [PSYoungGen: 138752K->33337K(161280K)] [ParOldGen: 367289K->367289K(367616K)] 506041K->400626K(528896K) [PSPermGen: 13646K->13646K(21504K)], 0.0736720 secs] [Times: user=0.51 sys=0.00, real=0.08 secs] 
273.235: Total time for which application threads were stopped: 0.0743220 seconds, Stopping threads took: 0.0000730 seconds
273.260: Application time: 0.0248780 seconds
273.260: [Full GC [PSYoungGen: 138752K->33356K(161280K)] [ParOldGen: 367289K->367289K(367616K)] 506041K->400645K(528896K) [PSPermGen: 13646K->13646K(21504K)], 0.0752380 secs] [Times: user=0.53 sys=0.00, real=0.08 secs] 
273.336: Total time for which application threads were stopped: 0.0758860 seconds, Stopping threads took: 0.0000560 seconds
273.361: Application time: 0.0252060 seconds
273.361: [Full GC [PSYoungGen: 138752K->33369K(161280K)] [ParOldGen: 367289K->367289K(367616K)] 506041K->400659K(528896K) [PSPermGen: 13646K->13646K(21504K)], 0.0739230 secs] [Times: user=0.52 sys=0.00, real=0.08 secs] 
273.435: Total time for which application threads were stopped: 0.0745670 seconds, Stopping threads took: 0.0000590 seconds
273.460: Application time: 0.0249210 seconds
273.461: [Full GC [PSYoungGen: 138752K->33384K(161280K)] [ParOldGen: 367289K->367289K(367616K)] 506041K->400673K(528896K) [PSPermGen: 13646K->13646K(21504K)], 0.0728550 secs] [Times: user=0.52 sys=0.00, real=0.08 secs] 
273.534: Total time for which application threads were stopped: 0.0735050 seconds, Stopping threads took: 0.0000430 seconds
273.559: Application time: 0.0251730 seconds
273.560: [Full GC [PSYoungGen: 138752K->33400K(161280K)] [ParOldGen: 367289K->367289K(367616K)] 506041K->400689K(528896K) [PSPermGen: 13646K->13646K(21504K)], 0.0759870 secs] [Times: user=0.54 sys=0.00, real=0.08 secs] 
273.636: Total time for which application threads were stopped: 0.0766570 seconds, Stopping threads took: 0.0000840 seconds
273.661: Application time: 0.0257980 seconds
273.662: [Full GC [PSYoungGen: 138752K->33415K(161280K)] [ParOldGen: 367289K->367289K(367616K)] 506041K->400704K(528896K) [PSPermGen: 13646K->13646K(21504K)], 0.0733980 secs] [Times: user=0.51 sys=0.00, real=0.08 secs] 
273.735: Total time for which application threads were stopped: 0.0740150 seconds, Stopping threads took: 0.0000540 seconds
273.760: Application time: 0.0249380 seconds
273.761: [Full GC [PSYoungGen: 138752K->33430K(161280K)] [ParOldGen: 367289K->367289K(367616K)] 506041K->400720K(528896K) [PSPermGen: 13646K->13646K(21504K)], 0.0729490 secs] [Times: user=0.51 sys=0.00, real=0.08 secs] 
273.834: Total time for which application threads were stopped: 0.0735760 seconds, Stopping threads took: 0.0000620 seconds
273.858: Application time: 0.0244610 seconds
273.859: [Full GC [PSYoungGen: 138752K->33444K(161280K)] [ParOldGen: 367289K->367289K(367616K)] 506041K->400734K(528896K) [PSPermGen: 13646K->13646K(21504K)], 0.0735690 secs] [Times: user=0.51 sys=0.00, real=0.08 secs] 
273.933: Total time for which application threads were stopped: 0.0742300 seconds, Stopping threads took: 0.0000930 seconds
273.957: Application time: 0.0246170 seconds
273.958: [Full GC [PSYoungGen: 138752K->33459K(161280K)] [ParOldGen: 367289K->367289K(367616K)] 506041K->400749K(528896K) [PSPermGen: 13646K->13646K(21504K)], 0.0725350 secs] [Times: user=0.52 sys=0.00, real=0.07 secs] 
274.030: Total time for which application threads were stopped: 0.0732390 seconds, Stopping threads took: 0.0000680 seconds
274.055: Application time: 0.0244750 seconds
274.056: [Full GC [PSYoungGen: 138752K->33471K(161280K)] [ParOldGen: 367289K->367289K(367616K)] 506041K->400761K(528896K) [PSPermGen: 13646K->13646K(21504K)], 0.0734060 secs] [Times: user=0.51 sys=0.00, real=0.07 secs] 
274.129: Total time for which application threads were stopped: 0.0740650 seconds, Stopping threads took: 0.0000640 seconds
274.154: Application time: 0.0247370 seconds
274.154: [Full GC [PSYoungGen: 138752K->33488K(161280K)] [ParOldGen: 367289K->367289K(367616K)] 506041K->400777K(528896K) [PSPermGen: 13646K->13646K(21504K)], 0.0738180 secs] [Times: user=0.51 sys=0.00, real=0.07 secs] 
274.228: Total time for which application threads were stopped: 0.0744460 seconds, Stopping threads took: 0.0000660 seconds
274.253: Application time: 0.0247530 seconds
274.254: [Full GC [PSYoungGen: 138752K->33502K(161280K)] [ParOldGen: 367289K->367289K(367616K)] 506041K->400792K(528896K) [PSPermGen: 13646K->13646K(21504K)], 0.0750760 secs] [Times: user=0.53 sys=0.01, real=0.07 secs] 
274.329: Total time for which application threads were stopped: 0.0757690 seconds, Stopping threads took: 0.0000660 seconds
274.355: Application time: 0.0258380 seconds
274.355: [Full GC [PSYoungGen: 138752K->33518K(161280K)] [ParOldGen: 367289K->367289K(367616K)] 506041K->400808K(528896K) [PSPermGen: 13646K->13646K(21504K)], 0.0733100 secs] [Times: user=0.52 sys=0.00, real=0.07 secs] 
274.429: Total time for which application threads were stopped: 0.0740050 seconds, Stopping threads took: 0.0000760 seconds
274.453: Application time: 0.0247420 seconds
274.454: [Full GC [PSYoungGen: 138752K->33536K(161280K)] [ParOldGen: 367289K->367289K(367616K)] 506041K->400826K(528896K) [PSPermGen: 13646K->13646K(21504K)], 0.0729570 secs] [Times: user=0.51 sys=0.00, real=0.07 secs] 
274.527: Total time for which application threads were stopped: 0.0736760 seconds, Stopping threads took: 0.0000840 seconds
274.552: Application time: 0.0247360 seconds
274.552: [Full GC [PSYoungGen: 138752K->33549K(161280K)] [ParOldGen: 367289K->367289K(367616K)] 506041K->400839K(528896K) [PSPermGen: 13646K->13646K(21504K)], 0.0742290 secs] [Times: user=0.52 sys=0.00, real=0.07 secs] 
274.627: Total time for which application threads were stopped: 0.0749110 seconds, Stopping threads took: 0.0000930 seconds
274.653: Application time: 0.0264650 seconds
274.654: [Full GC [PSYoungGen: 138752K->33565K(161280K)] [ParOldGen: 367289K->367289K(367616K)] 506041K->400855K(528896K) [PSPermGen: 13646K->13646K(21504K)], 0.0725880 secs] [Times: user=0.51 sys=0.00, real=0.07 secs] 
274.726: Total time for which application threads were stopped: 0.0732730 seconds, Stopping threads took: 0.0000890 seconds
274.751: Application time: 0.0243680 seconds
274.751: [Full GC [PSYoungGen: 138752K->33581K(161280K)] [ParOldGen: 367289K->367289K(367616K)] 506041K->400870K(528896K) [PSPermGen: 13646K->13646K(21504K)], 0.0733520 secs] [Times: user=0.52 sys=0.00, real=0.07 secs] 
274.825: Total time for which application threads were stopped: 0.0740650 seconds, Stopping threads took: 0.0000680 seconds
274.849: Application time: 0.0246400 seconds
274.850: [Full GC [PSYoungGen: 138752K->33597K(161280K)] [ParOldGen: 367289K->367289K(367616K)] 506041K->400886K(528896K) [PSPermGen: 13646K->13646K(21504K)], 0.0738470 secs] [Times: user=0.52 sys=0.00, real=0.08 secs] 
274.924: Total time for which application threads were stopped: 0.0745150 seconds, Stopping threads took: 0.0001050 seconds
274.949: Application time: 0.0252870 seconds
274.950: [Full GC [PSYoungGen: 138752K->33608K(161280K)] [ParOldGen: 367289K->367289K(367616K)] 506041K->400898K(528896K) [PSPermGen: 13646K->13646K(21504K)], 0.0730250 secs] [Times: user=0.52 sys=0.00, real=0.07 secs] 
275.023: Total time for which application threads were stopped: 0.0736930 seconds, Stopping threads took: 0.0000660 seconds
275.049: Application time: 0.0258010 seconds
275.049: [Full GC [PSYoungGen: 138752K->33571K(161280K)] [ParOldGen: 367289K->367289K(367616K)] 506041K->400861K(528896K) [PSPermGen: 13646K->13646K(21504K)], 0.0730840 secs] [Times: user=0.52 sys=0.00, real=0.07 secs] 
275.123: Total time for which application threads were stopped: 0.0737950 seconds, Stopping threads took: 0.0000900 seconds
275.148: Application time: 0.0254870 seconds
275.149: [Full GC [PSYoungGen: 138752K->33461K(161280K)] [ParOldGen: 367289K->367289K(367616K)] 506041K->400751K(528896K) [PSPermGen: 13646K->13646K(21504K)], 0.0729620 secs] [Times: user=0.51 sys=0.00, real=0.07 secs] 
275.222: Total time for which application threads were stopped: 0.0737080 seconds, Stopping threads took: 0.0001120 seconds
275.247: Application time: 0.0249640 seconds
275.247: [Full GC [PSYoungGen: 138752K->33389K(161280K)] [ParOldGen: 367289K->367289K(367616K)] 506041K->400679K(528896K) [PSPermGen: 13646K->13646K(21504K)], 0.0726900 secs] [Times: user=0.51 sys=0.00, real=0.07 secs] 
275.320: Total time for which application threads were stopped: 0.0734560 seconds, Stopping threads took: 0.0001040 seconds
275.345: Application time: 0.0247250 seconds
275.346: [Full GC [PSYoungGen: 138752K->33392K(161280K)] [ParOldGen: 367289K->367289K(367616K)] 506041K->400682K(528896K) [PSPermGen: 13646K->13646K(21504K)], 0.0734180 secs] [Times: user=0.52 sys=0.00, real=0.07 secs] 
275.419: Total time for which application threads were stopped: 0.0740720 seconds, Stopping threads took: 0.0000820 seconds
275.444: Application time: 0.0254660 seconds
275.445: [Full GC [PSYoungGen: 138752K->33349K(161280K)] [ParOldGen: 367289K->367289K(367616K)] 506041K->400639K(528896K) [PSPermGen: 13646K->13646K(21504K)], 0.0751660 secs] [Times: user=0.51 sys=0.00, real=0.07 secs] 
275.520: Total time for which application threads were stopped: 0.0757910 seconds, Stopping threads took: 0.0000610 seconds
275.546: Application time: 0.0255000 seconds
275.546: [Full GC [PSYoungGen: 138752K->33288K(161280K)] [ParOldGen: 367289K->367289K(367616K)] 506041K->400578K(528896K) [PSPermGen: 13646K->13646K(21504K)], 0.0737960 secs] [Times: user=0.52 sys=0.00, real=0.07 secs] 
275.620: Total time for which application threads were stopped: 0.0744370 seconds, Stopping threads took: 0.0000670 seconds
275.646: Application time: 0.0261130 seconds
275.647: [Full GC [PSYoungGen: 138752K->33295K(161280K)] [ParOldGen: 367289K->367289K(367616K)] 506041K->400585K(528896K) [PSPermGen: 13646K->13646K(21504K)], 0.0725700 secs] [Times: user=0.51 sys=0.00, real=0.07 secs] 
275.720: Total time for which application threads were stopped: 0.0731750 seconds, Stopping threads took: 0.0000590 seconds
275.745: Application time: 0.0249870 seconds
275.745: [Full GC [PSYoungGen: 138752K->33309K(161280K)] [ParOldGen: 367289K->367289K(367616K)] 506041K->400599K(528896K) [PSPermGen: 13646K->13646K(21504K)], 0.0734260 secs] [Times: user=0.52 sys=0.01, real=0.07 secs] 
275.819: Total time for which application threads were stopped: 0.0740940 seconds, Stopping threads took: 0.0000880 seconds
275.843: Application time: 0.0247300 seconds
275.844: [Full GC [PSYoungGen: 138752K->33325K(161280K)] [ParOldGen: 367289K->367289K(367616K)] 506041K->400615K(528896K) [PSPermGen: 13646K->13646K(21504K)], 0.0744420 secs] [Times: user=0.51 sys=0.00, real=0.07 secs] 
275.918: Total time for which application threads were stopped: 0.0751280 seconds, Stopping threads took: 0.0000830 seconds
275.943: Application time: 0.0249160 seconds
275.944: [Full GC [PSYoungGen: 138752K->33341K(161280K)] [ParOldGen: 367289K->367289K(367616K)] 506041K->400631K(528896K) [PSPermGen: 13646K->13646K(21504K)], 0.0743480 secs] [Times: user=0.53 sys=0.00, real=0.07 secs] 
276.018: Total time for which application threads were stopped: 0.0750410 seconds, Stopping threads took: 0.0001100 seconds
276.044: Application time: 0.0251560 seconds
276.044: [Full GC [PSYoungGen: 138752K->33355K(161280K)] [ParOldGen: 367289K->367289K(367616K)] 506041K->400645K(528896K) [PSPermGen: 13646K->13646K(21504K)], 0.0741780 secs] [Times: user=0.52 sys=0.00, real=0.07 secs] 
276.118: Total time for which application threads were stopped: 0.0748550 seconds, Stopping threads took: 0.0000870 seconds
276.143: Application time: 0.0248210 seconds
276.144: [Full GC [PSYoungGen: 138752K->33372K(161280K)] [ParOldGen: 367289K->367289K(367616K)] 506041K->400661K(528896K) [PSPermGen: 13646K->13646K(21504K)], 0.0731570 secs] [Times: user=0.51 sys=0.00, real=0.07 secs] 
276.217: Total time for which application threads were stopped: 0.0738640 seconds, Stopping threads took: 0.0001220 seconds
276.242: Application time: 0.0250850 seconds
276.243: [Full GC [PSYoungGen: 138752K->33332K(161280K)] [ParOldGen: 367289K->367289K(367616K)] 506041K->400621K(528896K) [PSPermGen: 13646K->13646K(21504K)], 0.0732430 secs] [Times: user=0.52 sys=0.00, real=0.08 secs] 
276.316: Total time for which application threads were stopped: 0.0738680 seconds, Stopping threads took: 0.0000610 seconds
276.341: Application time: 0.0245850 seconds
276.341: [Full GC [PSYoungGen: 138752K->33331K(161280K)] [ParOldGen: 367289K->367289K(367616K)] 506041K->400620K(528896K) [PSPermGen: 13646K->13646K(21504K)], 0.0728990 secs] [Times: user=0.52 sys=0.00, real=0.08 secs] 
276.414: Total time for which application threads were stopped: 0.0736060 seconds, Stopping threads took: 0.0000660 seconds
276.439: Application time: 0.0244950 seconds
276.439: [Full GC [PSYoungGen: 138752K->33345K(161280K)] [ParOldGen: 367289K->367289K(367616K)] 506041K->400634K(528896K) [PSPermGen: 13646K->13646K(21504K)], 0.0728530 secs] [Times: user=0.52 sys=0.00, real=0.08 secs] 
276.512: Total time for which application threads were stopped: 0.0735380 seconds, Stopping threads took: 0.0000610 seconds
276.537: Application time: 0.0246590 seconds
276.538: [Full GC [PSYoungGen: 138752K->33304K(161280K)] [ParOldGen: 367289K->367289K(367616K)] 506041K->400593K(528896K) [PSPermGen: 13646K->13646K(21504K)], 0.0726450 secs] [Times: user=0.51 sys=0.01, real=0.07 secs] 
276.610: Total time for which application threads were stopped: 0.0733010 seconds, Stopping threads took: 0.0000970 seconds
276.635: Application time: 0.0244260 seconds
276.635: [Full GC [PSYoungGen: 138752K->33305K(161280K)] [ParOldGen: 367289K->367289K(367616K)] 506041K->400594K(528896K) [PSPermGen: 13646K->13646K(21504K)], 0.0738500 secs] [Times: user=0.51 sys=0.00, real=0.07 secs] 
276.709: Total time for which application threads were stopped: 0.0744960 seconds, Stopping threads took: 0.0000820 seconds
276.734: Application time: 0.0247510 seconds
276.735: [Full GC [PSYoungGen: 138752K->33319K(161280K)] [ParOldGen: 367289K->367289K(367616K)] 506041K->400609K(528896K) [PSPermGen: 13646K->13646K(21504K)], 0.0736250 secs] [Times: user=0.52 sys=0.00, real=0.07 secs] 
276.808: Total time for which application threads were stopped: 0.0743250 seconds, Stopping threads took: 0.0000700 seconds
276.833: Application time: 0.0249360 seconds
276.834: [Full GC [PSYoungGen: 138752K->33335K(161280K)] [ParOldGen: 367289K->367289K(367616K)] 506041K->400625K(528896K) [PSPermGen: 13646K->13646K(21504K)], 0.0731020 secs] [Times: user=0.51 sys=0.00, real=0.07 secs] 
276.907: Total time for which application threads were stopped: 0.0737200 seconds, Stopping threads took: 0.0000630 seconds
276.932: Application time: 0.0252620 seconds
276.933: [Full GC [PSYoungGen: 138752K->33347K(161280K)] [ParOldGen: 367289K->367289K(367616K)] 506041K->400637K(528896K) [PSPermGen: 13646K->13646K(21504K)], 0.0732200 secs] [Times: user=0.52 sys=0.00, real=0.07 secs] 
277.006: Total time for which application threads were stopped: 0.0738540 seconds, Stopping threads took: 0.0000530 seconds
277.031: Application time: 0.0251780 seconds
277.032: [Full GC [PSYoungGen: 138752K->33365K(161280K)] [ParOldGen: 367289K->367289K(367616K)] 506041K->400655K(528896K) [PSPermGen: 13646K->13646K(21504K)], 0.0753920 secs] [Times: user=0.53 sys=0.01, real=0.07 secs] 
277.107: Total time for which application threads were stopped: 0.0761040 seconds, Stopping threads took: 0.0000840 seconds
277.132: Application time: 0.0249740 seconds
277.133: [Full GC [PSYoungGen: 138752K->33381K(161280K)] [ParOldGen: 367289K->367289K(367616K)] 506041K->400671K(528896K) [PSPermGen: 13646K->13646K(21504K)], 0.0728300 secs] [Times: user=0.51 sys=0.00, real=0.07 secs] 
277.206: Total time for which application threads were stopped: 0.0734580 seconds, Stopping threads took: 0.0000540 seconds
277.230: Application time: 0.0246450 seconds
277.231: [Full GC [PSYoungGen: 138752K->33395K(161280K)] [ParOldGen: 367289K->367289K(367616K)] 506041K->400685K(528896K) [PSPermGen: 13646K->13646K(21504K)], 0.0734300 secs] [Times: user=0.52 sys=0.00, real=0.08 secs] 
277.305: Total time for which application threads were stopped: 0.0740930 seconds, Stopping threads took: 0.0000960 seconds
277.330: Application time: 0.0249370 seconds
277.330: [Full GC [PSYoungGen: 138752K->33410K(161280K)] [ParOldGen: 367289K->367289K(367616K)] 506041K->400700K(528896K) [PSPermGen: 13646K->13646K(21504K)], 0.0771720 secs] [Times: user=0.53 sys=0.00, real=0.08 secs] 
277.407: Total time for which application threads were stopped: 0.0778880 seconds, Stopping threads took: 0.0000610 seconds
277.432: Application time: 0.0250130 seconds
277.433: [Full GC [PSYoungGen: 138752K->33424K(161280K)] [ParOldGen: 367289K->367289K(367616K)] 506041K->400714K(528896K) [PSPermGen: 13646K->13646K(21504K)], 0.0732960 secs] [Times: user=0.52 sys=0.00, real=0.07 secs] 
277.506: Total time for which application threads were stopped: 0.0739320 seconds, Stopping threads took: 0.0000590 seconds
277.531: Application time: 0.0248000 seconds
277.532: [Full GC [PSYoungGen: 138752K->33441K(161280K)] [ParOldGen: 367289K->367289K(367616K)] 506041K->400731K(528896K) [PSPermGen: 13646K->13646K(21504K)], 0.0738480 secs] [Times: user=0.51 sys=0.00, real=0.07 secs] 
277.606: Total time for which application threads were stopped: 0.0744760 seconds, Stopping threads took: 0.0000510 seconds
277.630: Application time: 0.0246400 seconds
277.631: [Full GC [PSYoungGen: 138752K->33452K(161280K)] [ParOldGen: 367289K->367289K(367616K)] 506041K->400742K(528896K) [PSPermGen: 13646K->13646K(21504K)], 0.0736800 secs] [Times: user=0.52 sys=0.00, real=0.08 secs] 
277.705: Total time for which application threads were stopped: 0.0743410 seconds, Stopping threads took: 0.0000580 seconds
277.729: Application time: 0.0243710 seconds
277.730: [Full GC [PSYoungGen: 138752K->33470K(161280K)] [ParOldGen: 367289K->367289K(367616K)] 506041K->400760K(528896K) [PSPermGen: 13646K->13646K(21504K)], 0.0731480 secs] [Times: user=0.50 sys=0.00, real=0.07 secs] 
277.803: Total time for which application threads were stopped: 0.0738390 seconds, Stopping threads took: 0.0000540 seconds
277.828: Application time: 0.0248100 seconds
277.828: [Full GC [PSYoungGen: 138752K->33484K(161280K)] [ParOldGen: 367289K->367289K(367616K)] 506041K->400774K(528896K) [PSPermGen: 13646K->13646K(21504K)], 0.0753520 secs] [Times: user=0.53 sys=0.00, real=0.08 secs] 
277.904: Total time for which application threads were stopped: 0.0759850 seconds, Stopping threads took: 0.0000530 seconds
277.928: Application time: 0.0245560 seconds
277.929: [Full GC [PSYoungGen: 138752K->33500K(161280K)] [ParOldGen: 367289K->367289K(367616K)] 506041K->400789K(528896K) [PSPermGen: 13646K->13646K(21504K)], 0.0748180 secs] [Times: user=0.51 sys=0.00, real=0.08 secs] 
278.004: Total time for which application threads were stopped: 0.0754550 seconds, Stopping threads took: 0.0000590 seconds
278.028: Application time: 0.0246200 seconds
278.029: [Full GC [PSYoungGen: 138752K->33515K(161280K)] [ParOldGen: 367289K->367289K(367616K)] 506041K->400805K(528896K) [PSPermGen: 13646K->13646K(21504K)], 0.0739890 secs] [Times: user=0.51 sys=0.00, real=0.07 secs] 
278.103: Total time for which application threads were stopped: 0.0745970 seconds, Stopping threads took: 0.0000410 seconds
278.128: Application time: 0.0248690 seconds
278.128: [Full GC [PSYoungGen: 138752K->33528K(161280K)] [ParOldGen: 367289K->367289K(367616K)] 506041K->400818K(528896K) [PSPermGen: 13646K->13646K(21504K)], 0.0756730 secs] [Times: user=0.51 sys=0.00, real=0.08 secs] 
278.204: Total time for which application threads were stopped: 0.0763180 seconds, Stopping threads took: 0.0000620 seconds
278.229: Application time: 0.0246650 seconds
278.229: [Full GC [PSYoungGen: 138752K->33546K(161280K)] [ParOldGen: 367289K->367289K(367616K)] 506041K->400836K(528896K) [PSPermGen: 13646K->13646K(21504K)], 0.0738450 secs] [Times: user=0.52 sys=0.00, real=0.07 secs] 
278.303: Total time for which application threads were stopped: 0.0745370 seconds, Stopping threads took: 0.0001010 seconds
278.328: Application time: 0.0247630 seconds
278.329: [Full GC [PSYoungGen: 138752K->33563K(161280K)] [ParOldGen: 367289K->367289K(367616K)] 506041K->400852K(528896K) [PSPermGen: 13646K->13646K(21504K)], 0.0732220 secs] [Times: user=0.51 sys=0.00, real=0.07 secs] 
278.402: Total time for which application threads were stopped: 0.0738740 seconds, Stopping threads took: 0.0000930 seconds
278.427: Application time: 0.0246620 seconds
278.427: [Full GC [PSYoungGen: 138752K->33576K(161280K)] [ParOldGen: 367289K->367289K(367616K)] 506041K->400866K(528896K) [PSPermGen: 13646K->13646K(21504K)], 0.0735500 secs] [Times: user=0.52 sys=0.00, real=0.07 secs] 
278.501: Total time for which application threads were stopped: 0.0742060 seconds, Stopping threads took: 0.0000920 seconds
278.526: Application time: 0.0247580 seconds
278.526: [Full GC [PSYoungGen: 138752K->33590K(161280K)] [ParOldGen: 367289K->367289K(367616K)] 506041K->400880K(528896K) [PSPermGen: 13646K->13646K(21504K)], 0.0738080 secs] [Times: user=0.51 sys=0.00, real=0.07 secs] 
278.600: Total time for which application threads were stopped: 0.0745230 seconds, Stopping threads took: 0.0001300 seconds
278.626: Application time: 0.0255240 seconds
278.626: [Full GC [PSYoungGen: 138752K->33492K(161280K)] [ParOldGen: 367289K->367289K(367616K)] 506041K->400781K(528896K) [PSPermGen: 13646K->13646K(21504K)], 0.0745750 secs] [Times: user=0.51 sys=0.00, real=0.07 secs] 
278.701: Total time for which application threads were stopped: 0.0752130 seconds, Stopping threads took: 0.0000830 seconds
278.726: Application time: 0.0256470 seconds
278.727: [Full GC [PSYoungGen: 138752K->33353K(161280K)] [ParOldGen: 367289K->367289K(367616K)] 506041K->400643K(528896K) [PSPermGen: 13646K->13646K(21504K)], 0.0738190 secs] [Times: user=0.52 sys=0.00, real=0.07 secs] 
278.801: Total time for which application threads were stopped: 0.0744570 seconds, Stopping threads took: 0.0000730 seconds
278.826: Application time: 0.0251090 seconds
278.827: [Full GC [PSYoungGen: 138752K->33353K(161280K)] [ParOldGen: 367289K->367289K(367616K)] 506041K->400643K(528896K) [PSPermGen: 13646K->13646K(21504K)], 0.0746020 secs] [Times: user=0.51 sys=0.00, real=0.07 secs] 
278.901: Total time for which application threads were stopped: 0.0752610 seconds, Stopping threads took: 0.0000700 seconds
278.926: Application time: 0.0248220 seconds
278.927: [Full GC [PSYoungGen: 138752K->33371K(161280K)] [ParOldGen: 367289K->367289K(367616K)] 506041K->400661K(528896K) [PSPermGen: 13646K->13646K(21504K)], 0.0745880 secs] [Times: user=0.52 sys=0.01, real=0.07 secs] 
279.001: Total time for which application threads were stopped: 0.0752710 seconds, Stopping threads took: 0.0001080 seconds
279.027: Application time: 0.0252040 seconds
279.027: [Full GC [PSYoungGen: 138752K->33384K(161280K)] [ParOldGen: 367289K->367289K(367616K)] 506041K->400673K(528896K) [PSPermGen: 13646K->13646K(21504K)], 0.0740700 secs] [Times: user=0.51 sys=0.00, real=0.07 secs] 
279.101: Total time for which application threads were stopped: 0.0747310 seconds, Stopping threads took: 0.0000780 seconds
279.127: Application time: 0.0251720 seconds
279.127: [Full GC [PSYoungGen: 138752K->33402K(161280K)] [ParOldGen: 367289K->367289K(367616K)] 506041K->400692K(528896K) [PSPermGen: 13646K->13646K(21504K)], 0.0734610 secs] [Times: user=0.53 sys=0.00, real=0.07 secs] 
279.201: Total time for which application threads were stopped: 0.0741290 seconds, Stopping threads took: 0.0000740 seconds
279.226: Application time: 0.0249460 seconds
279.226: [Full GC [PSYoungGen: 138752K->33414K(161280K)] [ParOldGen: 367289K->367289K(367616K)] 506041K->400703K(528896K) [PSPermGen: 13646K->13646K(21504K)], 0.0736870 secs] [Times: user=0.52 sys=0.00, real=0.07 secs] 
279.300: Total time for which application threads were stopped: 0.0743410 seconds, Stopping threads took: 0.0000780 seconds
279.325: Application time: 0.0252810 seconds
279.326: [Full GC [PSYoungGen: 138752K->33421K(161280K)] [ParOldGen: 367289K->367289K(367616K)] 506041K->400711K(528896K) [PSPermGen: 13646K->13646K(21504K)], 0.0745100 secs] [Times: user=0.53 sys=0.00, real=0.07 secs] 
279.400: Total time for which application threads were stopped: 0.0751530 seconds, Stopping threads took: 0.0000600 seconds
279.426: Application time: 0.0260520 seconds
279.427: [Full GC [PSYoungGen: 138752K->33376K(161280K)] [ParOldGen: 367289K->367289K(367616K)] 506041K->400666K(528896K) [PSPermGen: 13646K->13646K(21504K)], 0.0734410 secs] [Times: user=0.51 sys=0.00, real=0.07 secs] 
279.501: Total time for which application threads were stopped: 0.0741000 seconds, Stopping threads took: 0.0000810 seconds
279.526: Application time: 0.0250730 seconds
279.526: [Full GC [PSYoungGen: 138752K->33389K(161280K)] [ParOldGen: 367289K->367289K(367616K)] 506041K->400679K(528896K) [PSPermGen: 13646K->13646K(21504K)], 0.0731510 secs] [Times: user=0.51 sys=0.00, real=0.07 secs] 
279.600: Total time for which application threads were stopped: 0.0739130 seconds, Stopping threads took: 0.0001090 seconds
279.624: Application time: 0.0248940 seconds
279.625: [Full GC [PSYoungGen: 138752K->33404K(161280K)] [ParOldGen: 367289K->367289K(367616K)] 506041K->400694K(528896K) [PSPermGen: 13646K->13646K(21504K)], 0.0736400 secs] [Times: user=0.52 sys=0.00, real=0.07 secs] 
279.699: Total time for which application threads were stopped: 0.0742970 seconds, Stopping threads took: 0.0000660 seconds
279.724: Application time: 0.0249780 seconds
279.724: [Full GC [PSYoungGen: 138752K->33363K(161280K)] [ParOldGen: 367289K->367289K(367616K)] 506041K->400652K(528896K) [PSPermGen: 13646K->13646K(21504K)], 0.0730410 secs] [Times: user=0.51 sys=0.00, real=0.07 secs] 
279.797: Total time for which application threads were stopped: 0.0736960 seconds, Stopping threads took: 0.0000860 seconds
279.822: Application time: 0.0249300 seconds
279.823: [Full GC [PSYoungGen: 138752K->33366K(161280K)] [ParOldGen: 367289K->367289K(367616K)] 506041K->400655K(528896K) [PSPermGen: 13646K->13646K(21504K)], 0.0730270 secs] [Times: user=0.51 sys=0.00, real=0.08 secs] 
279.896: Total time for which application threads were stopped: 0.0736470 seconds, Stopping threads took: 0.0000570 seconds
279.921: Application time: 0.0247990 seconds
279.921: [Full GC [PSYoungGen: 138752K->33381K(161280K)] [ParOldGen: 367289K->367289K(367616K)] 506041K->400671K(528896K) [PSPermGen: 13646K->13646K(21504K)], 0.0730780 secs] [Times: user=0.51 sys=0.00, real=0.08 secs] 
279.995: Total time for which application threads were stopped: 0.0736990 seconds, Stopping threads took: 0.0000540 seconds
280.020: Application time: 0.0251070 seconds
280.020: [Full GC [PSYoungGen: 138752K->33395K(161280K)] [ParOldGen: 367289K->367289K(367616K)] 506041K->400684K(528896K) [PSPermGen: 13646K->13646K(21504K)], 0.0727930 secs] [Times: user=0.51 sys=0.00, real=0.08 secs] 
280.093: Total time for which application threads were stopped: 0.0734380 seconds, Stopping threads took: 0.0000580 seconds
280.118: Application time: 0.0251270 seconds
280.119: [Full GC [PSYoungGen: 138752K->33408K(161280K)] [ParOldGen: 367289K->367289K(367616K)] 506041K->400697K(528896K) [PSPermGen: 13646K->13646K(21504K)], 0.0730170 secs] [Times: user=0.52 sys=0.00, real=0.08 secs] 
280.192: Total time for which application threads were stopped: 0.0736610 seconds, Stopping threads took: 0.0000770 seconds
280.217: Application time: 0.0250910 seconds
280.217: [Full GC [PSYoungGen: 138752K->33363K(161280K)] [ParOldGen: 367289K->367289K(367616K)] 506041K->400653K(528896K) [PSPermGen: 13646K->13646K(21504K)], 0.0732720 secs] [Times: user=0.51 sys=0.00, real=0.07 secs] 
280.291: Total time for which application threads were stopped: 0.0738630 seconds, Stopping threads took: 0.0000370 seconds
280.316: Application time: 0.0249710 seconds
280.316: [Full GC [PSYoungGen: 138752K->33370K(161280K)] [ParOldGen: 367289K->367289K(367616K)] 506041K->400659K(528896K) [PSPermGen: 13646K->13646K(21504K)], 0.0730760 secs] [Times: user=0.52 sys=0.00, real=0.07 secs] 
280.390: Total time for which application threads were stopped: 0.0737320 seconds, Stopping threads took: 0.0000600 seconds
280.415: Application time: 0.0258790 seconds
280.416: [Full GC [PSYoungGen: 138752K->33385K(161280K)] [ParOldGen: 367289K->367289K(367616K)] 506041K->400675K(528896K) [PSPermGen: 13646K->13646K(21504K)], 0.0746550 secs] [Times: user=0.53 sys=0.00, real=0.07 secs] 
280.491: Total time for which application threads were stopped: 0.0753510 seconds, Stopping threads took: 0.0001190 seconds
280.516: Application time: 0.0251940 seconds
280.517: [Full GC [PSYoungGen: 138752K->33346K(161280K)] [ParOldGen: 367289K->367289K(367616K)] 506041K->400636K(528896K) [PSPermGen: 13646K->13646K(21504K)], 0.0745280 secs] [Times: user=0.52 sys=0.00, real=0.07 secs] 
280.591: Total time for which application threads were stopped: 0.0751800 seconds, Stopping threads took: 0.0000750 seconds
280.616: Application time: 0.0245510 seconds
280.616: [Full GC [PSYoungGen: 138752K->33346K(161280K)] [ParOldGen: 367289K->367289K(367616K)] 506041K->400636K(528896K) [PSPermGen: 13646K->13646K(21504K)], 0.0733870 secs] [Times: user=0.51 sys=0.00, real=0.07 secs] 
280.690: Total time for which application threads were stopped: 0.0741390 seconds, Stopping threads took: 0.0001020 seconds
280.715: Application time: 0.0247390 seconds
280.715: [Full GC [PSYoungGen: 138752K->33360K(161280K)] [ParOldGen: 367289K->367289K(367616K)] 506041K->400650K(528896K) [PSPermGen: 13646K->13646K(21504K)], 0.0729410 secs] [Times: user=0.52 sys=0.00, real=0.07 secs] 
280.788: Total time for which application threads were stopped: 0.0736680 seconds, Stopping threads took: 0.0000850 seconds
280.813: Application time: 0.0246280 seconds
280.813: [Full GC [PSYoungGen: 138752K->33376K(161280K)] [ParOldGen: 367289K->367289K(367616K)] 506041K->400665K(528896K) [PSPermGen: 13646K->13646K(21504K)], 0.0734400 secs] [Times: user=0.52 sys=0.00, real=0.07 secs] 
280.887: Total time for which application threads were stopped: 0.0740690 seconds, Stopping threads took: 0.0000740 seconds
280.912: Application time: 0.0252030 seconds
280.913: [Full GC [PSYoungGen: 138752K->33388K(161280K)] [ParOldGen: 367289K->367289K(367616K)] 506041K->400678K(528896K) [PSPermGen: 13646K->13646K(21504K)], 0.0736280 secs] [Times: user=0.51 sys=0.00, real=0.07 secs] 
280.986: Total time for which application threads were stopped: 0.0743090 seconds, Stopping threads took: 0.0000730 seconds
281.011: Application time: 0.0248720 seconds
281.012: [Full GC [PSYoungGen: 138752K->33405K(161280K)] [ParOldGen: 367289K->367289K(367616K)] 506041K->400695K(528896K) [PSPermGen: 13646K->13646K(21504K)], 0.0742850 secs] [Times: user=0.52 sys=0.00, real=0.07 secs] 
281.086: Total time for which application threads were stopped: 0.0749300 seconds, Stopping threads took: 0.0000700 seconds
281.111: Application time: 0.0247730 seconds
281.112: [Full GC [PSYoungGen: 138752K->33420K(161280K)] [ParOldGen: 367289K->367289K(367616K)] 506041K->400710K(528896K) [PSPermGen: 13646K->13646K(21504K)], 0.0732000 secs] [Times: user=0.51 sys=0.00, real=0.07 secs] 
281.185: Total time for which application threads were stopped: 0.0738370 seconds, Stopping threads took: 0.0000630 seconds
281.210: Application time: 0.0247060 seconds
281.210: [Full GC [PSYoungGen: 138752K->33433K(161280K)] [ParOldGen: 367289K->367289K(367616K)] 506041K->400723K(528896K) [PSPermGen: 13646K->13646K(21504K)], 0.0734720 secs] [Times: user=0.52 sys=0.00, real=0.08 secs] 
281.284: Total time for which application threads were stopped: 0.0742110 seconds, Stopping threads took: 0.0000550 seconds
281.308: Application time: 0.0245850 seconds
281.309: [Full GC [PSYoungGen: 138752K->33448K(161280K)] [ParOldGen: 367289K->367289K(367616K)] 506041K->400738K(528896K) [PSPermGen: 13646K->13646K(21504K)], 0.0730870 secs] [Times: user=0.52 sys=0.00, real=0.07 secs] 
281.382: Total time for which application threads were stopped: 0.0737220 seconds, Stopping threads took: 0.0000620 seconds
281.407: Application time: 0.0247710 seconds
281.408: [Full GC [PSYoungGen: 138752K->33466K(161280K)] [ParOldGen: 367289K->367289K(367616K)] 506041K->400756K(528896K) [PSPermGen: 13646K->13646K(21504K)], 0.0734720 secs] [Times: user=0.52 sys=0.00, real=0.07 secs] 
281.481: Total time for which application threads were stopped: 0.0741190 seconds, Stopping threads took: 0.0000620 seconds
281.506: Application time: 0.0249590 seconds
281.507: [Full GC [PSYoungGen: 138752K->33479K(161280K)] [ParOldGen: 367289K->367289K(367616K)] 506041K->400769K(528896K) [PSPermGen: 13646K->13646K(21504K)], 0.0738760 secs] [Times: user=0.52 sys=0.00, real=0.07 secs] 
281.581: Total time for which application threads were stopped: 0.0744970 seconds, Stopping threads took: 0.0000560 seconds
281.605: Application time: 0.0245360 seconds
281.606: [Full GC [PSYoungGen: 138752K->33497K(161280K)] [ParOldGen: 367289K->367289K(367616K)] 506041K->400787K(528896K) [PSPermGen: 13646K->13646K(21504K)], 0.0743020 secs] [Times: user=0.52 sys=0.00, real=0.07 secs] 
281.680: Total time for which application threads were stopped: 0.0749280 seconds, Stopping threads took: 0.0000550 seconds
281.704: Application time: 0.0245240 seconds
281.705: [Full GC [PSYoungGen: 138752K->33512K(161280K)] [ParOldGen: 367289K->367289K(367616K)] 506041K->400801K(528896K) [PSPermGen: 13646K->13646K(21504K)], 0.0731180 secs] [Times: user=0.51 sys=0.00, real=0.07 secs] 
281.778: Total time for which application threads were stopped: 0.0738100 seconds, Stopping threads took: 0.0000500 seconds
281.803: Application time: 0.0249130 seconds
281.804: [Full GC [PSYoungGen: 138752K->33527K(161280K)] [ParOldGen: 367289K->367289K(367616K)] 506041K->400817K(528896K) [PSPermGen: 13646K->13646K(21504K)], 0.0737160 secs] [Times: user=0.52 sys=0.00, real=0.07 secs] 
281.878: Total time for which application threads were stopped: 0.0743770 seconds, Stopping threads took: 0.0000420 seconds
281.902: Application time: 0.0245980 seconds
281.903: [Full GC [PSYoungGen: 138752K->33542K(161280K)] [ParOldGen: 367289K->367289K(367616K)] 506041K->400832K(528896K) [PSPermGen: 13646K->13646K(21504K)], 0.0756540 secs] [Times: user=0.53 sys=0.00, real=0.08 secs] 
281.979: Total time for which application threads were stopped: 0.0762900 seconds, Stopping threads took: 0.0000610 seconds
282.006: Application time: 0.0272560 seconds
282.006: [Full GC [PSYoungGen: 138752K->33610K(161280K)] [ParOldGen: 367289K->367289K(367616K)] 506041K->400899K(528896K) [PSPermGen: 13646K->13646K(21504K)], 0.0735550 secs] [Times: user=0.52 sys=0.00, real=0.07 secs] 
282.080: Total time for which application threads were stopped: 0.0741880 seconds, Stopping threads took: 0.0000630 seconds
282.105: Application time: 0.0251250 seconds
282.106: [Full GC [PSYoungGen: 138752K->33435K(161280K)] [ParOldGen: 367289K->367289K(367616K)] 506041K->400725K(528896K) [PSPermGen: 13646K->13646K(21504K)], 0.0738830 secs] [Times: user=0.51 sys=0.01, real=0.07 secs] 
282.180: Total time for which application threads were stopped: 0.0745990 seconds, Stopping threads took: 0.0000770 seconds
282.205: Application time: 0.0254030 seconds
282.206: [Full GC [PSYoungGen: 138752K->33327K(161280K)] [ParOldGen: 367289K->367289K(367616K)] 506041K->400617K(528896K) [PSPermGen: 13646K->13646K(21504K)], 0.0729680 secs] [Times: user=0.52 sys=0.00, real=0.07 secs] 
282.279: Total time for which application threads were stopped: 0.0736930 seconds, Stopping threads took: 0.0001010 seconds
282.304: Application time: 0.0250390 seconds
282.304: [Full GC [PSYoungGen: 138752K->33318K(161280K)] [ParOldGen: 367289K->367289K(367616K)] 506041K->400608K(528896K) [PSPermGen: 13646K->13646K(21504K)], 0.0730980 secs] [Times: user=0.51 sys=0.01, real=0.07 secs] 
282.378: Total time for which application threads were stopped: 0.0737400 seconds, Stopping threads took: 0.0000580 seconds
282.403: Application time: 0.0250580 seconds
282.403: [Full GC [PSYoungGen: 138752K->33335K(161280K)] [ParOldGen: 367289K->367289K(367616K)] 506041K->400625K(528896K) [PSPermGen: 13646K->13646K(21504K)], 0.0742380 secs] [Times: user=0.52 sys=0.00, real=0.08 secs] 
282.478: Total time for which application threads were stopped: 0.0748880 seconds, Stopping threads took: 0.0000680 seconds
282.503: Application time: 0.0250760 seconds
282.503: [Full GC [PSYoungGen: 138752K->33350K(161280K)] [ParOldGen: 367289K->367289K(367616K)] 506041K->400640K(528896K) [PSPermGen: 13646K->13646K(21504K)], 0.0742970 secs] [Times: user=0.53 sys=0.00, real=0.08 secs] 
282.578: Total time for which application threads were stopped: 0.0749630 seconds, Stopping threads took: 0.0000920 seconds
282.602: Application time: 0.0248670 seconds
282.603: [Full GC [PSYoungGen: 138752K->33365K(161280K)] [ParOldGen: 367289K->367289K(367616K)] 506041K->400655K(528896K) [PSPermGen: 13646K->13646K(21504K)], 0.0748360 secs] [Times: user=0.52 sys=0.00, real=0.08 secs] 
282.678: Total time for which application threads were stopped: 0.0755580 seconds, Stopping threads took: 0.0000660 seconds
282.703: Application time: 0.0246730 seconds
282.703: [Full GC [PSYoungGen: 138752K->33380K(161280K)] [ParOldGen: 367289K->367289K(367616K)] 506041K->400670K(528896K) [PSPermGen: 13646K->13646K(21504K)], 0.0735620 secs] [Times: user=0.51 sys=0.01, real=0.08 secs] 
282.777: Total time for which application threads were stopped: 0.0741960 seconds, Stopping threads took: 0.0000590 seconds
282.802: Application time: 0.0250270 seconds
282.802: [Full GC [PSYoungGen: 138752K->33396K(161280K)] [ParOldGen: 367289K->367289K(367616K)] 506041K->400685K(528896K) [PSPermGen: 13646K->13646K(21504K)], 0.0737570 secs] [Times: user=0.52 sys=0.00, real=0.08 secs] 
282.876: Total time for which application threads were stopped: 0.0743960 seconds, Stopping threads took: 0.0000530 seconds
282.901: Application time: 0.0246660 seconds
282.902: [Full GC [PSYoungGen: 138752K->33411K(161280K)] [ParOldGen: 367289K->367289K(367616K)] 506041K->400700K(528896K) [PSPermGen: 13646K->13646K(21504K)], 0.0737110 secs] [Times: user=0.52 sys=0.00, real=0.08 secs] 
282.975: Total time for which application threads were stopped: 0.0743750 seconds, Stopping threads took: 0.0000600 seconds
283.000: Application time: 0.0251320 seconds
283.001: [Full GC [PSYoungGen: 138752K->33425K(161280K)] [ParOldGen: 367289K->367289K(367616K)] 506041K->400715K(528896K) [PSPermGen: 13646K->13646K(21504K)], 0.0748330 secs] [Times: user=0.52 sys=0.00, real=0.08 secs] 
283.076: Total time for which application threads were stopped: 0.0754790 seconds, Stopping threads took: 0.0000760 seconds
283.101: Application time: 0.0250840 seconds
283.102: [Full GC [PSYoungGen: 138752K->33439K(161280K)] [ParOldGen: 367289K->367289K(367616K)] 506041K->400729K(528896K) [PSPermGen: 13646K->13646K(21504K)], 0.0726820 secs] [Times: user=0.51 sys=0.00, real=0.08 secs] 
283.174: Total time for which application threads were stopped: 0.0733400 seconds, Stopping threads took: 0.0000650 seconds
283.199: Application time: 0.0249810 seconds
283.200: [Full GC [PSYoungGen: 138752K->33456K(161280K)] [ParOldGen: 367289K->367289K(367616K)] 506041K->400745K(528896K) [PSPermGen: 13646K->13646K(21504K)], 0.0732020 secs] [Times: user=0.52 sys=0.00, real=0.08 secs] 
283.273: Total time for which application threads were stopped: 0.0738170 seconds, Stopping threads took: 0.0000490 seconds
283.298: Application time: 0.0250770 seconds
283.299: [Full GC [PSYoungGen: 138752K->33471K(161280K)] [ParOldGen: 367289K->367289K(367616K)] 506041K->400760K(528896K) [PSPermGen: 13646K->13646K(21504K)], 0.0732010 secs] [Times: user=0.51 sys=0.00, real=0.08 secs] 
283.372: Total time for which application threads were stopped: 0.0738470 seconds, Stopping threads took: 0.0000750 seconds
283.397: Application time: 0.0248780 seconds
283.398: [Full GC [PSYoungGen: 138752K->33485K(161280K)] [ParOldGen: 367289K->367289K(367616K)] 506041K->400774K(528896K) [PSPermGen: 13646K->13646K(21504K)], 0.0751750 secs] [Times: user=0.51 sys=0.00, real=0.08 secs] 
283.473: Total time for which application threads were stopped: 0.0758590 seconds, Stopping threads took: 0.0000570 seconds
283.498: Application time: 0.0253990 seconds
283.499: [Full GC [PSYoungGen: 138752K->33491K(161280K)] [ParOldGen: 367289K->367289K(367616K)] 506041K->400780K(528896K) [PSPermGen: 13646K->13646K(21504K)], 0.0736720 secs] [Times: user=0.52 sys=0.00, real=0.08 secs] 
283.573: Total time for which application threads were stopped: 0.0743570 seconds, Stopping threads took: 0.0000280 seconds
283.598: Application time: 0.0258710 seconds
283.599: [Full GC [PSYoungGen: 138752K->33383K(161280K)] [ParOldGen: 367289K->367289K(367616K)] 506041K->400673K(528896K) [PSPermGen: 13646K->13646K(21504K)], 0.0738160 secs] [Times: user=0.52 sys=0.00, real=0.08 secs] 
283.673: Total time for which application threads were stopped: 0.0744550 seconds, Stopping threads took: 0.0000790 seconds
283.698: Application time: 0.0248740 seconds
283.698: [Full GC [PSYoungGen: 138752K->33390K(161280K)] [ParOldGen: 367289K->367289K(367616K)] 506041K->400680K(528896K) [PSPermGen: 13646K->13646K(21504K)], 0.0741260 secs] [Times: user=0.52 sys=0.00, real=0.08 secs] 
283.773: Total time for which application threads were stopped: 0.0747780 seconds, Stopping threads took: 0.0000880 seconds
283.797: Application time: 0.0245490 seconds
283.798: [Full GC [PSYoungGen: 138752K->33408K(161280K)] [ParOldGen: 367289K->367289K(367616K)] 506041K->400698K(528896K) [PSPermGen: 13646K->13646K(21504K)], 0.0736040 secs] [Times: user=0.51 sys=0.00, real=0.08 secs] 
283.871: Total time for which application threads were stopped: 0.0742500 seconds, Stopping threads took: 0.0000780 seconds
283.896: Application time: 0.0250710 seconds
283.897: [Full GC [PSYoungGen: 138752K->33422K(161280K)] [ParOldGen: 367289K->367289K(367616K)] 506041K->400711K(528896K) [PSPermGen: 13646K->13646K(21504K)], 0.0739410 secs] [Times: user=0.53 sys=0.00, real=0.07 secs] 
283.971: Total time for which application threads were stopped: 0.0745430 seconds, Stopping threads took: 0.0000460 seconds
283.996: Application time: 0.0250160 seconds
283.997: [Full GC [PSYoungGen: 138752K->33436K(161280K)] [ParOldGen: 367289K->367289K(367616K)] 506041K->400726K(528896K) [PSPermGen: 13646K->13646K(21504K)], 0.0731870 secs] [Times: user=0.51 sys=0.00, real=0.07 secs] 
284.070: Total time for which application threads were stopped: 0.0738160 seconds, Stopping threads took: 0.0000600 seconds
284.094: Application time: 0.0244620 seconds
284.095: [Full GC [PSYoungGen: 138752K->33451K(161280K)] [ParOldGen: 367289K->367289K(367616K)] 506041K->400741K(528896K) [PSPermGen: 13646K->13646K(21504K)], 0.0727050 secs] [Times: user=0.52 sys=0.00, real=0.07 secs] 
284.168: Total time for which application threads were stopped: 0.0734180 seconds, Stopping threads took: 0.0000620 seconds
284.193: Application time: 0.0250510 seconds
284.193: [Full GC [PSYoungGen: 138752K->33456K(161280K)] [ParOldGen: 367289K->367289K(367616K)] 506041K->400745K(528896K) [PSPermGen: 13646K->13646K(21504K)], 0.0726680 secs] [Times: user=0.51 sys=0.00, real=0.07 secs] 
284.266: Total time for which application threads were stopped: 0.0733540 seconds, Stopping threads took: 0.0001180 seconds
284.291: Application time: 0.0248490 seconds
284.292: [Full GC [PSYoungGen: 138752K->33412K(161280K)] [ParOldGen: 367289K->367289K(367616K)] 506041K->400702K(528896K) [PSPermGen: 13646K->13646K(21504K)], 0.0737900 secs] [Times: user=0.51 sys=0.00, real=0.07 secs] 
284.365: Total time for which application threads were stopped: 0.0744370 seconds, Stopping threads took: 0.0000640 seconds
284.390: Application time: 0.0249030 seconds
284.391: [Full GC [PSYoungGen: 138752K->33370K(161280K)] [ParOldGen: 367289K->367289K(367616K)] 506041K->400659K(528896K) [PSPermGen: 13646K->13646K(21504K)], 0.0728630 secs] [Times: user=0.52 sys=0.00, real=0.08 secs] 
284.464: Total time for which application threads were stopped: 0.0735670 seconds, Stopping threads took: 0.0000680 seconds
284.489: Application time: 0.0248170 seconds
284.489: [Full GC [PSYoungGen: 138752K->33370K(161280K)] [ParOldGen: 367289K->367289K(367616K)] 506041K->400660K(528896K) [PSPermGen: 13646K->13646K(21504K)], 0.0738470 secs] [Times: user=0.51 sys=0.00, real=0.07 secs] 
284.563: Total time for which application threads were stopped: 0.0744450 seconds, Stopping threads took: 0.0000400 seconds
284.588: Application time: 0.0247900 seconds
284.589: [Full GC [PSYoungGen: 138752K->33384K(161280K)] [ParOldGen: 367289K->367289K(367616K)] 506041K->400673K(528896K) [PSPermGen: 13646K->13646K(21504K)], 0.0742540 secs] [Times: user=0.51 sys=0.00, real=0.07 secs] 
284.663: Total time for which application threads were stopped: 0.0748920 seconds, Stopping threads took: 0.0000700 seconds
284.688: Application time: 0.0249260 seconds
284.688: [Full GC [PSYoungGen: 138752K->33398K(161280K)] [ParOldGen: 367289K->367289K(367616K)] 506041K->400688K(528896K) [PSPermGen: 13646K->13646K(21504K)], 0.0736420 secs] [Times: user=0.52 sys=0.00, real=0.07 secs] 
284.762: Total time for which application threads were stopped: 0.0743070 seconds, Stopping threads took: 0.0000720 seconds
284.787: Application time: 0.0249560 seconds
284.788: [Full GC [PSYoungGen: 138752K->33410K(161280K)] [ParOldGen: 367289K->367289K(367616K)] 506041K->400699K(528896K) [PSPermGen: 13646K->13646K(21504K)], 0.0735330 secs] [Times: user=0.52 sys=0.01, real=0.07 secs] 
284.861: Total time for which application threads were stopped: 0.0741970 seconds, Stopping threads took: 0.0000750 seconds
284.886: Application time: 0.0248930 seconds
284.887: [Full GC [PSYoungGen: 138752K->33429K(161280K)] [ParOldGen: 367289K->367289K(367616K)] 506041K->400719K(528896K) [PSPermGen: 13646K->13646K(21504K)], 0.0740680 secs] [Times: user=0.51 sys=0.00, real=0.07 secs] 
284.961: Total time for which application threads were stopped: 0.0747170 seconds, Stopping threads took: 0.0000820 seconds
284.986: Application time: 0.0250760 seconds
284.987: [Full GC [PSYoungGen: 138752K->33445K(161280K)] [ParOldGen: 367289K->367289K(367616K)] 506041K->400735K(528896K) [PSPermGen: 13646K->13646K(21504K)], 0.0749140 secs] [Times: user=0.52 sys=0.00, real=0.07 secs] 
285.062: Total time for which application threads were stopped: 0.0756140 seconds, Stopping threads took: 0.0001170 seconds
285.086: Application time: 0.0246300 seconds
285.087: [Full GC [PSYoungGen: 138752K->33462K(161280K)] [ParOldGen: 367289K->367289K(367616K)] 506041K->400752K(528896K) [PSPermGen: 13646K->13646K(21504K)], 0.0738860 secs] [Times: user=0.52 sys=0.00, real=0.07 secs] 
285.161: Total time for which application threads were stopped: 0.0745410 seconds, Stopping threads took: 0.0000730 seconds
285.185: Application time: 0.0243120 seconds
285.186: [Full GC [PSYoungGen: 138752K->33478K(161280K)] [ParOldGen: 367289K->367289K(367616K)] 506041K->400768K(528896K) [PSPermGen: 13646K->13646K(21504K)], 0.0738510 secs] [Times: user=0.50 sys=0.00, real=0.07 secs] 
285.260: Total time for which application threads were stopped: 0.0745310 seconds, Stopping threads took: 0.0000720 seconds
285.284: Application time: 0.0242020 seconds
285.284: [Full GC [PSYoungGen: 138752K->33493K(161280K)] [ParOldGen: 367289K->367289K(367616K)] 506041K->400782K(528896K) [PSPermGen: 13646K->13646K(21504K)], 0.0733310 secs] [Times: user=0.51 sys=0.00, real=0.07 secs] 
285.358: Total time for which application threads were stopped: 0.0739780 seconds, Stopping threads took: 0.0000610 seconds
285.383: Application time: 0.0248290 seconds
285.383: [Full GC [PSYoungGen: 138752K->33507K(161280K)] [ParOldGen: 367289K->367289K(367616K)] 506041K->400796K(528896K) [PSPermGen: 13646K->13646K(21504K)], 0.0736950 secs] [Times: user=0.52 sys=0.00, real=0.08 secs] 
285.457: Total time for which application threads were stopped: 0.0743340 seconds, Stopping threads took: 0.0000490 seconds
285.482: Application time: 0.0254850 seconds
285.483: [Full GC [PSYoungGen: 138752K->33412K(161280K)] [ParOldGen: 367289K->367289K(367616K)] 506041K->400702K(528896K) [PSPermGen: 13646K->13646K(21504K)], 0.0733060 secs] [Times: user=0.51 sys=0.00, real=0.08 secs] 
285.556: Total time for which application threads were stopped: 0.0739580 seconds, Stopping threads took: 0.0000820 seconds
285.581: Application time: 0.0247760 seconds
285.582: [Full GC [PSYoungGen: 138752K->33396K(161280K)] [ParOldGen: 367289K->367289K(367616K)] 506041K->400686K(528896K) [PSPermGen: 13646K->13646K(21504K)], 0.0743730 secs] [Times: user=0.51 sys=0.00, real=0.08 secs] 
285.656: Total time for which application threads were stopped: 0.0749950 seconds, Stopping threads took: 0.0000690 seconds
285.681: Application time: 0.0251520 seconds
285.682: [Full GC [PSYoungGen: 138752K->33301K(161280K)] [ParOldGen: 367289K->367289K(367616K)] 506041K->400591K(528896K) [PSPermGen: 13646K->13646K(21504K)], 0.0723990 secs] [Times: user=0.51 sys=0.00, real=0.08 secs] 
285.754: Total time for which application threads were stopped: 0.0731070 seconds, Stopping threads took: 0.0000760 seconds
285.779: Application time: 0.0246620 seconds
285.780: [Full GC [PSYoungGen: 138752K->33286K(161280K)] [ParOldGen: 367289K->367289K(367616K)] 506041K->400575K(528896K) [PSPermGen: 13646K->13646K(21504K)], 0.0739150 secs] [Times: user=0.52 sys=0.00, real=0.08 secs] 
285.854: Total time for which application threads were stopped: 0.0745530 seconds, Stopping threads took: 0.0000630 seconds
285.878: Application time: 0.0247420 seconds
285.879: [Full GC [PSYoungGen: 138752K->33299K(161280K)] [ParOldGen: 367289K->367289K(367616K)] 506041K->400589K(528896K) [PSPermGen: 13646K->13646K(21504K)], 0.0736580 secs] [Times: user=0.52 sys=0.00, real=0.08 secs] 
285.953: Total time for which application threads were stopped: 0.0743440 seconds, Stopping threads took: 0.0000780 seconds
285.977: Application time: 0.0244030 seconds
285.978: [Full GC [PSYoungGen: 138752K->33315K(161280K)] [ParOldGen: 367289K->367289K(367616K)] 506041K->400605K(528896K) [PSPermGen: 13646K->13646K(21504K)], 0.0741890 secs] [Times: user=0.52 sys=0.00, real=0.08 secs] 
286.052: Total time for which application threads were stopped: 0.0748300 seconds, Stopping threads took: 0.0000800 seconds
286.077: Application time: 0.0246150 seconds
286.077: [Full GC [PSYoungGen: 138752K->33330K(161280K)] [ParOldGen: 367289K->367289K(367616K)] 506041K->400619K(528896K) [PSPermGen: 13646K->13646K(21504K)], 0.0731700 secs] [Times: user=0.51 sys=0.00, real=0.07 secs] 
286.151: Total time for which application threads were stopped: 0.0738420 seconds, Stopping threads took: 0.0000830 seconds
286.175: Application time: 0.0246730 seconds
286.176: [Full GC [PSYoungGen: 138752K->33345K(161280K)] [ParOldGen: 367289K->367289K(367616K)] 506041K->400635K(528896K) [PSPermGen: 13646K->13646K(21504K)], 0.0733360 secs] [Times: user=0.52 sys=0.00, real=0.07 secs] 
286.249: Total time for which application threads were stopped: 0.0739860 seconds, Stopping threads took: 0.0000600 seconds
286.274: Application time: 0.0245840 seconds
286.274: [Full GC [PSYoungGen: 138752K->33358K(161280K)] [ParOldGen: 367289K->367289K(367616K)] 506041K->400647K(528896K) [PSPermGen: 13646K->13646K(21504K)], 0.0730950 secs] [Times: user=0.51 sys=0.00, real=0.07 secs] 
286.348: Total time for which application threads were stopped: 0.0738310 seconds, Stopping threads took: 0.0000920 seconds
286.373: Application time: 0.0249580 seconds
286.373: [Full GC [PSYoungGen: 138752K->33377K(161280K)] [ParOldGen: 367289K->367289K(367616K)] 506041K->400666K(528896K) [PSPermGen: 13646K->13646K(21504K)], 0.0740370 secs] [Times: user=0.52 sys=0.00, real=0.07 secs] 
286.447: Total time for which application threads were stopped: 0.0746980 seconds, Stopping threads took: 0.0000750 seconds
286.473: Application time: 0.0254850 seconds
286.473: [Full GC [PSYoungGen: 138752K->33390K(161280K)] [ParOldGen: 367289K->367289K(367616K)] 506041K->400679K(528896K) [PSPermGen: 13646K->13646K(21504K)], 0.0734770 secs] [Times: user=0.51 sys=0.00, real=0.07 secs] 
286.547: Total time for which application threads were stopped: 0.0741220 seconds, Stopping threads took: 0.0000580 seconds
286.572: Application time: 0.0251030 seconds
286.573: [Full GC [PSYoungGen: 138752K->33404K(161280K)] [ParOldGen: 367289K->367289K(367616K)] 506041K->400694K(528896K) [PSPermGen: 13646K->13646K(21504K)], 0.0771860 secs] [Times: user=0.53 sys=0.00, real=0.07 secs] 
286.650: Total time for which application threads were stopped: 0.0778190 seconds, Stopping threads took: 0.0000640 seconds
286.674: Application time: 0.0245170 seconds
286.675: [Full GC [PSYoungGen: 138752K->33421K(161280K)] [ParOldGen: 367289K->367289K(367616K)] 506041K->400711K(528896K) [PSPermGen: 13646K->13646K(21504K)], 0.0731740 secs] [Times: user=0.52 sys=0.00, real=0.07 secs] 
286.748: Total time for which application threads were stopped: 0.0738370 seconds, Stopping threads took: 0.0000920 seconds
286.772: Application time: 0.0243530 seconds
286.773: [Full GC [PSYoungGen: 138752K->33434K(161280K)] [ParOldGen: 367289K->367289K(367616K)] 506041K->400724K(528896K) [PSPermGen: 13646K->13646K(21504K)], 0.0725950 secs] [Times: user=0.51 sys=0.00, real=0.07 secs] 
286.846: Total time for which application threads were stopped: 0.0732660 seconds, Stopping threads took: 0.0000410 seconds
286.870: Application time: 0.0245840 seconds
286.871: [Full GC [PSYoungGen: 138752K->33453K(161280K)] [ParOldGen: 367289K->367289K(367616K)] 506041K->400742K(528896K) [PSPermGen: 13646K->13646K(21504K)], 0.0730400 secs] [Times: user=0.52 sys=0.00, real=0.08 secs] 
286.944: Total time for which application threads were stopped: 0.0737240 seconds, Stopping threads took: 0.0000590 seconds
286.969: Application time: 0.0246320 seconds
286.969: [Full GC [PSYoungGen: 138752K->33466K(161280K)] [ParOldGen: 367289K->367289K(367616K)] 506041K->400755K(528896K) [PSPermGen: 13646K->13646K(21504K)], 0.0727970 secs] [Times: user=0.52 sys=0.00, real=0.07 secs] 
287.044: Total time for which application threads were stopped: 0.0749730 seconds, Stopping threads took: 0.0000400 seconds
287.068: Application time: 0.0247470 seconds
287.069: [Full GC [PSYoungGen: 138752K->33481K(161280K)] [ParOldGen: 367289K->367289K(367616K)] 506041K->400771K(528896K) [PSPermGen: 13646K->13646K(21504K)], 0.0731370 secs] [Times: user=0.52 sys=0.00, real=0.07 secs] 
287.142: Total time for which application threads were stopped: 0.0738660 seconds, Stopping threads took: 0.0000710 seconds
287.167: Application time: 0.0248260 seconds
287.168: [Full GC [PSYoungGen: 138752K->33495K(161280K)] [ParOldGen: 367289K->367289K(367616K)] 506041K->400784K(528896K) [PSPermGen: 13646K->13646K(21504K)], 0.0740870 secs] [Times: user=0.52 sys=0.00, real=0.07 secs] 
287.242: Total time for which application threads were stopped: 0.0747190 seconds, Stopping threads took: 0.0000620 seconds
287.267: Application time: 0.0249390 seconds
287.267: [Full GC [PSYoungGen: 138752K->33511K(161280K)] [ParOldGen: 367289K->367289K(367616K)] 506041K->400801K(528896K) [PSPermGen: 13646K->13646K(21504K)], 0.0730560 secs] [Times: user=0.51 sys=0.00, real=0.07 secs] 
287.340: Total time for which application threads were stopped: 0.0736740 seconds, Stopping threads took: 0.0000500 seconds
287.366: Application time: 0.0252990 seconds
287.366: [Full GC [PSYoungGen: 138752K->33526K(161280K)] [ParOldGen: 367289K->367289K(367616K)] 506041K->400816K(528896K) [PSPermGen: 13646K->13646K(21504K)], 0.0749960 secs] [Times: user=0.52 sys=0.00, real=0.07 secs] 
287.441: Total time for which application threads were stopped: 0.0756360 seconds, Stopping threads took: 0.0000690 seconds
287.468: Application time: 0.0261460 seconds
287.468: [Full GC [PSYoungGen: 138752K->33431K(161280K)] [ParOldGen: 367289K->367289K(367616K)] 506041K->400721K(528896K) [PSPermGen: 13648K->13648K(21504K)], 0.0745280 secs] [Times: user=0.52 sys=0.00, real=0.07 secs] 
287.543: Total time for which application threads were stopped: 0.0751830 seconds, Stopping threads took: 0.0000670 seconds
287.567: Application time: 0.0247190 seconds
287.568: [Full GC [PSYoungGen: 138752K->33415K(161280K)] [ParOldGen: 367289K->367289K(367616K)] 506041K->400705K(528896K) [PSPermGen: 13648K->13648K(21504K)], 0.0748070 secs] [Times: user=0.52 sys=0.00, real=0.07 secs] 
287.643: Total time for which application threads were stopped: 0.0754430 seconds, Stopping threads took: 0.0000680 seconds
287.668: Application time: 0.0247370 seconds
287.668: [Full GC [PSYoungGen: 138752K->33429K(161280K)] [ParOldGen: 367289K->367289K(367616K)] 506041K->400719K(528896K) [PSPermGen: 13648K->13648K(21504K)], 0.0738420 secs] [Times: user=0.52 sys=0.00, real=0.07 secs] 
287.742: Total time for which application threads were stopped: 0.0745730 seconds, Stopping threads took: 0.0000730 seconds
287.767: Application time: 0.0246680 seconds
287.768: [Full GC [PSYoungGen: 138752K->33446K(161280K)] [ParOldGen: 367289K->367289K(367616K)] 506041K->400736K(528896K) [PSPermGen: 13648K->13648K(21504K)], 0.0753600 secs] [Times: user=0.53 sys=0.00, real=0.07 secs] 
287.843: Total time for which application threads were stopped: 0.0760240 seconds, Stopping threads took: 0.0000680 seconds
287.868: Application time: 0.0247840 seconds
287.868: [Full GC [PSYoungGen: 138752K->33461K(161280K)] [ParOldGen: 367289K->367289K(367616K)] 506041K->400751K(528896K) [PSPermGen: 13648K->13648K(21504K)], 0.0740130 secs] [Times: user=0.51 sys=0.00, real=0.07 secs] 
287.942: Total time for which application threads were stopped: 0.0747140 seconds, Stopping threads took: 0.0000570 seconds
287.967: Application time: 0.0249150 seconds
287.968: [Full GC [PSYoungGen: 138752K->33475K(161280K)] [ParOldGen: 367289K->367289K(367616K)] 506041K->400765K(528896K) [PSPermGen: 13648K->13648K(21504K)], 0.0745480 secs] [Times: user=0.52 sys=0.00, real=0.07 secs] 
288.043: Total time for which application threads were stopped: 0.0751510 seconds, Stopping threads took: 0.0000150 seconds
288.067: Application time: 0.0246010 seconds
288.068: [Full GC [PSYoungGen: 138752K->33490K(161280K)] [ParOldGen: 367289K->367289K(367616K)] 506041K->400780K(528896K) [PSPermGen: 13648K->13648K(21504K)], 0.0736110 secs] [Times: user=0.52 sys=0.00, real=0.07 secs] 
288.141: Total time for which application threads were stopped: 0.0742800 seconds, Stopping threads took: 0.0000820 seconds
288.166: Application time: 0.0250490 seconds
288.167: [Full GC [PSYoungGen: 138752K->33505K(161280K)] [ParOldGen: 367289K->367289K(367616K)] 506041K->400794K(528896K) [PSPermGen: 13648K->13648K(21504K)], 0.0736220 secs] [Times: user=0.52 sys=0.00, real=0.07 secs] 
288.241: Total time for which application threads were stopped: 0.0742810 seconds, Stopping threads took: 0.0000800 seconds
288.266: Application time: 0.0250350 seconds
288.266: [Full GC [PSYoungGen: 138752K->33403K(161280K)] [ParOldGen: 367289K->367289K(367616K)] 506041K->400693K(528896K) [PSPermGen: 13648K->13648K(21504K)], 0.0731140 secs] [Times: user=0.51 sys=0.00, real=0.07 secs] 
288.340: Total time for which application threads were stopped: 0.0738660 seconds, Stopping threads took: 0.0001090 seconds
288.364: Application time: 0.0244400 seconds
288.365: [Full GC [PSYoungGen: 138752K->33396K(161280K)] [ParOldGen: 367289K->367289K(367616K)] 506041K->400685K(528896K) [PSPermGen: 13648K->13648K(21504K)], 0.0733510 secs] [Times: user=0.51 sys=0.00, real=0.07 secs] 
288.438: Total time for which application threads were stopped: 0.0740070 seconds, Stopping threads took: 0.0000910 seconds
288.462: Application time: 0.0243580 seconds
288.463: [Full GC [PSYoungGen: 138752K->33411K(161280K)] [ParOldGen: 367289K->367289K(367616K)] 506041K->400700K(528896K) [PSPermGen: 13648K->13648K(21504K)], 0.0733910 secs] [Times: user=0.52 sys=0.00, real=0.08 secs] 
288.536: Total time for which application threads were stopped: 0.0740310 seconds, Stopping threads took: 0.0000620 seconds
288.561: Application time: 0.0247800 seconds
288.562: [Full GC [PSYoungGen: 138752K->33427K(161280K)] [ParOldGen: 367289K->367289K(367616K)] 506041K->400717K(528896K) [PSPermGen: 13648K->13648K(21504K)], 0.0745000 secs] [Times: user=0.53 sys=0.00, real=0.08 secs] 
288.636: Total time for which application threads were stopped: 0.0751650 seconds, Stopping threads took: 0.0000790 seconds
288.662: Application time: 0.0254760 seconds
288.662: [Full GC [PSYoungGen: 138752K->33442K(161280K)] [ParOldGen: 367289K->367289K(367616K)] 506041K->400732K(528896K) [PSPermGen: 13648K->13648K(21504K)], 0.0733170 secs] [Times: user=0.51 sys=0.00, real=0.08 secs] 
288.736: Total time for which application threads were stopped: 0.0739210 seconds, Stopping threads took: 0.0000490 seconds
288.760: Application time: 0.0243170 seconds
288.761: [Full GC [PSYoungGen: 138752K->33459K(161280K)] [ParOldGen: 367289K->367289K(367616K)] 506041K->400749K(528896K) [PSPermGen: 13648K->13648K(21504K)], 0.0724130 secs] [Times: user=0.51 sys=0.00, real=0.08 secs] 
288.833: Total time for which application threads were stopped: 0.0731160 seconds, Stopping threads took: 0.0000670 seconds
288.858: Application time: 0.0248730 seconds
288.859: [Full GC [PSYoungGen: 138752K->33471K(161280K)] [ParOldGen: 367289K->367289K(367616K)] 506041K->400760K(528896K) [PSPermGen: 13648K->13648K(21504K)], 0.0745410 secs] [Times: user=0.52 sys=0.00, real=0.08 secs] 
288.933: Total time for which application threads were stopped: 0.0751920 seconds, Stopping threads took: 0.0000460 seconds
288.959: Application time: 0.0254240 seconds
288.959: [Full GC [PSYoungGen: 138752K->33486K(161280K)] [ParOldGen: 367289K->367289K(367616K)] 506041K->400775K(528896K) [PSPermGen: 13648K->13648K(21504K)], 0.0744130 secs] [Times: user=0.52 sys=0.00, real=0.08 secs] 
289.034: Total time for which application threads were stopped: 0.0750760 seconds, Stopping threads took: 0.0000650 seconds
289.059: Application time: 0.0255650 seconds
289.060: [Full GC [PSYoungGen: 138752K->33392K(161280K)] [ParOldGen: 367289K->367289K(367616K)] 506041K->400682K(528896K) [PSPermGen: 13648K->13648K(21504K)], 0.0749880 secs] [Times: user=0.52 sys=0.00, real=0.08 secs] 
289.135: Total time for which application threads were stopped: 0.0756350 seconds, Stopping threads took: 0.0000860 seconds
289.160: Application time: 0.0248100 seconds
289.160: [Full GC [PSYoungGen: 138752K->33267K(161280K)] [ParOldGen: 367289K->367289K(367616K)] 506041K->400557K(528896K) [PSPermGen: 13648K->13648K(21504K)], 0.0729750 secs] [Times: user=0.51 sys=0.00, real=0.08 secs] 
289.234: Total time for which application threads were stopped: 0.0736420 seconds, Stopping threads took: 0.0000920 seconds
289.258: Application time: 0.0243280 seconds
289.258: [Full GC [PSYoungGen: 138752K->33248K(161280K)] [ParOldGen: 367289K->367289K(367616K)] 506041K->400538K(528896K) [PSPermGen: 13648K->13648K(21504K)], 0.0731020 secs] [Times: user=0.51 sys=0.01, real=0.08 secs] 
289.332: Total time for which application threads were stopped: 0.0737410 seconds, Stopping threads took: 0.0000650 seconds
289.356: Application time: 0.0243940 seconds
289.357: [Full GC [PSYoungGen: 138752K->33264K(161280K)] [ParOldGen: 367289K->367289K(367616K)] 506041K->400554K(528896K) [PSPermGen: 13648K->13648K(21504K)], 0.0736910 secs] [Times: user=0.52 sys=0.00, real=0.07 secs] 
289.430: Total time for which application threads were stopped: 0.0743280 seconds, Stopping threads took: 0.0000630 seconds
289.455: Application time: 0.0242770 seconds
289.455: [Full GC [PSYoungGen: 138752K->33278K(161280K)] [ParOldGen: 367289K->367289K(367616K)] 506041K->400568K(528896K) [PSPermGen: 13648K->13648K(21504K)], 0.0743280 secs] [Times: user=0.51 sys=0.00, real=0.07 secs] 
289.530: Total time for which application threads were stopped: 0.0749760 seconds, Stopping threads took: 0.0000610 seconds
289.554: Application time: 0.0248580 seconds
289.555: [Full GC [PSYoungGen: 138752K->33296K(161280K)] [ParOldGen: 367289K->367289K(367616K)] 506041K->400586K(528896K) [PSPermGen: 13648K->13648K(21504K)], 0.0731060 secs] [Times: user=0.51 sys=0.00, real=0.07 secs] 
289.628: Total time for which application threads were stopped: 0.0737680 seconds, Stopping threads took: 0.0000650 seconds
289.654: Application time: 0.0253870 seconds
289.654: [Full GC [PSYoungGen: 138752K->33312K(161280K)] [ParOldGen: 367289K->367289K(367616K)] 506041K->400601K(528896K) [PSPermGen: 13648K->13648K(21504K)], 0.0726540 secs] [Times: user=0.51 sys=0.01, real=0.07 secs] 
289.727: Total time for which application threads were stopped: 0.0733650 seconds, Stopping threads took: 0.0000690 seconds
289.751: Application time: 0.0245040 seconds
289.752: [Full GC [PSYoungGen: 138752K->33325K(161280K)] [ParOldGen: 367289K->367289K(367616K)] 506041K->400615K(528896K) [PSPermGen: 13648K->13648K(21504K)], 0.0747690 secs] [Times: user=0.53 sys=0.00, real=0.07 secs] 
289.827: Total time for which application threads were stopped: 0.0753970 seconds, Stopping threads took: 0.0000560 seconds
289.852: Application time: 0.0250320 seconds
289.853: [Full GC [PSYoungGen: 138752K->33341K(161280K)] [ParOldGen: 367289K->367289K(367616K)] 506041K->400630K(528896K) [PSPermGen: 13648K->13648K(21504K)], 0.0749180 secs] [Times: user=0.52 sys=0.00, real=0.07 secs] 
289.928: Total time for which application threads were stopped: 0.0755880 seconds, Stopping threads took: 0.0000910 seconds
289.952: Application time: 0.0248590 seconds
289.953: [Full GC [PSYoungGen: 138752K->33356K(161280K)] [ParOldGen: 367289K->367289K(367616K)] 506041K->400645K(528896K) [PSPermGen: 13648K->13648K(21504K)], 0.0739660 secs] [Times: user=0.52 sys=0.00, real=0.07 secs] 
290.027: Total time for which application threads were stopped: 0.0746430 seconds, Stopping threads took: 0.0001050 seconds
290.051: Application time: 0.0243790 seconds
290.052: [Full GC [PSYoungGen: 138752K->33369K(161280K)] [ParOldGen: 367289K->367289K(367616K)] 506041K->400659K(528896K) [PSPermGen: 13648K->13648K(21504K)], 0.0731720 secs] [Times: user=0.52 sys=0.00, real=0.07 secs] 
290.125: Total time for which application threads were stopped: 0.0738060 seconds, Stopping threads took: 0.0000500 seconds
290.150: Application time: 0.0245970 seconds
290.150: [Full GC [PSYoungGen: 138752K->33384K(161280K)] [ParOldGen: 367289K->367289K(367616K)] 506041K->400673K(528896K) [PSPermGen: 13648K->13648K(21504K)], 0.0733750 secs] [Times: user=0.52 sys=0.00, real=0.08 secs] 
290.224: Total time for which application threads were stopped: 0.0739960 seconds, Stopping threads took: 0.0000570 seconds
290.248: Application time: 0.0243010 seconds
290.249: [Full GC [PSYoungGen: 138752K->33402K(161280K)] [ParOldGen: 367289K->367289K(367616K)] 506041K->400692K(528896K) [PSPermGen: 13648K->13648K(21504K)], 0.0727690 secs] [Times: user=0.51 sys=0.00, real=0.07 secs] 
290.322: Total time for which application threads were stopped: 0.0734500 seconds, Stopping threads took: 0.0000470 seconds
290.346: Application time: 0.0241310 seconds
290.346: [Full GC [PSYoungGen: 138752K->33416K(161280K)] [ParOldGen: 367289K->367289K(367616K)] 506041K->400706K(528896K) [PSPermGen: 13648K->13648K(21504K)], 0.0732420 secs] [Times: user=0.51 sys=0.00, real=0.07 secs] 
290.420: Total time for which application threads were stopped: 0.0739290 seconds, Stopping threads took: 0.0000610 seconds
290.444: Application time: 0.0243600 seconds
290.445: [Full GC [PSYoungGen: 138752K->33430K(161280K)] [ParOldGen: 367289K->367289K(367616K)] 506041K->400720K(528896K) [PSPermGen: 13648K->13648K(21504K)], 0.0730090 secs] [Times: user=0.51 sys=0.00, real=0.07 secs] 
290.518: Total time for which application threads were stopped: 0.0736520 seconds, Stopping threads took: 0.0000680 seconds
290.542: Application time: 0.0244260 seconds
290.543: [Full GC [PSYoungGen: 138752K->33443K(161280K)] [ParOldGen: 367289K->367289K(367616K)] 506041K->400733K(528896K) [PSPermGen: 13648K->13648K(21504K)], 0.0733310 secs] [Times: user=0.52 sys=0.00, real=0.08 secs] 
290.616: Total time for which application threads were stopped: 0.0739500 seconds, Stopping threads took: 0.0000560 seconds
290.640: Application time: 0.0243360 seconds
290.641: [Full GC [PSYoungGen: 138752K->33461K(161280K)] [ParOldGen: 367289K->367289K(367616K)] 506041K->400751K(528896K) [PSPermGen: 13648K->13648K(21504K)], 0.0758120 secs] [Times: user=0.51 sys=0.00, real=0.08 secs] 
290.717: Total time for which application threads were stopped: 0.0767110 seconds, Stopping threads took: 0.0000510 seconds
290.741: Application time: 0.0243320 seconds
290.742: [Full GC [PSYoungGen: 138752K->33475K(161280K)] [ParOldGen: 367289K->367289K(367616K)] 506041K->400765K(528896K) [PSPermGen: 13648K->13648K(21504K)], 0.0733100 secs] [Times: user=0.51 sys=0.00, real=0.08 secs] 
290.815: Total time for which application threads were stopped: 0.0739780 seconds, Stopping threads took: 0.0001030 seconds
290.840: Application time: 0.0245570 seconds
290.841: [Full GC [PSYoungGen: 138752K->33492K(161280K)] [ParOldGen: 367289K->367289K(367616K)] 506041K->400782K(528896K) [PSPermGen: 13648K->13648K(21504K)], 0.0733950 secs] [Times: user=0.51 sys=0.00, real=0.08 secs] 
290.914: Total time for which application threads were stopped: 0.0740840 seconds, Stopping threads took: 0.0000940 seconds
290.939: Application time: 0.0249630 seconds
290.940: [Full GC [PSYoungGen: 138752K->33505K(161280K)] [ParOldGen: 367289K->367289K(367616K)] 506041K->400795K(528896K) [PSPermGen: 13648K->13648K(21504K)], 0.0743170 secs] [Times: user=0.51 sys=0.00, real=0.08 secs] 
291.014: Total time for which application threads were stopped: 0.0749980 seconds, Stopping threads took: 0.0000940 seconds
291.039: Application time: 0.0248540 seconds
291.039: [Full GC [PSYoungGen: 138752K->33522K(161280K)] [ParOldGen: 367289K->367289K(367616K)] 506041K->400812K(528896K) [PSPermGen: 13648K->13648K(21504K)], 0.0748260 secs] [Times: user=0.52 sys=0.00, real=0.08 secs] 
291.114: Total time for which application threads were stopped: 0.0754760 seconds, Stopping threads took: 0.0000670 seconds
291.139: Application time: 0.0246510 seconds
291.140: [Full GC [PSYoungGen: 138752K->33533K(161280K)] [ParOldGen: 367289K->367289K(367616K)] 506041K->400823K(528896K) [PSPermGen: 13648K->13648K(21504K)], 0.0737430 secs] [Times: user=0.51 sys=0.00, real=0.08 secs] 
291.213: Total time for which application threads were stopped: 0.0744500 seconds, Stopping threads took: 0.0000700 seconds
291.239: Application time: 0.0251210 seconds
291.239: [Full GC [PSYoungGen: 138752K->33550K(161280K)] [ParOldGen: 367289K->367289K(367616K)] 506041K->400840K(528896K) [PSPermGen: 13648K->13648K(21504K)], 0.0734990 secs] [Times: user=0.52 sys=0.00, real=0.08 secs] 
291.313: Total time for which application threads were stopped: 0.0741690 seconds, Stopping threads took: 0.0000730 seconds
291.338: Application time: 0.0251250 seconds
291.339: [Full GC [PSYoungGen: 138752K->33509K(161280K)] [ParOldGen: 367289K->367289K(367616K)] 506041K->400798K(528896K) [PSPermGen: 13648K->13648K(21504K)], 0.0736850 secs] [Times: user=0.52 sys=0.00, real=0.08 secs] 
291.412: Total time for which application threads were stopped: 0.0744100 seconds, Stopping threads took: 0.0000990 seconds
291.437: Application time: 0.0251830 seconds
291.438: [Full GC [PSYoungGen: 138752K->33509K(161280K)] [ParOldGen: 367289K->367289K(367616K)] 506041K->400798K(528896K) [PSPermGen: 13648K->13648K(21504K)], 0.0738470 secs] [Times: user=0.51 sys=0.00, real=0.08 secs] 
291.512: Total time for which application threads were stopped: 0.0745320 seconds, Stopping threads took: 0.0001120 seconds
291.537: Application time: 0.0248140 seconds
291.537: [Full GC [PSYoungGen: 138752K->33470K(161280K)] [ParOldGen: 367289K->367289K(367616K)] 506041K->400760K(528896K) [PSPermGen: 13648K->13648K(21504K)], 0.0865030 secs] [Times: user=0.59 sys=0.00, real=0.09 secs] 
291.624: Total time for which application threads were stopped: 0.0871870 seconds, Stopping threads took: 0.0000570 seconds
291.650: Application time: 0.0260400 seconds
291.651: [Full GC [PSYoungGen: 138752K->33472K(161280K)] [ParOldGen: 367289K->367289K(367616K)] 506041K->400762K(528896K) [PSPermGen: 13648K->13648K(21504K)], 0.0759440 secs] [Times: user=0.53 sys=0.00, real=0.08 secs] 
291.727: Total time for which application threads were stopped: 0.0765660 seconds, Stopping threads took: 0.0000510 seconds
291.751: Application time: 0.0247990 seconds
291.752: [Full GC [PSYoungGen: 138752K->33486K(161280K)] [ParOldGen: 367289K->367289K(367616K)] 506041K->400776K(528896K) [PSPermGen: 13648K->13648K(21504K)], 0.0737560 secs] [Times: user=0.51 sys=0.00, real=0.07 secs] 
291.826: Total time for which application threads were stopped: 0.0744110 seconds, Stopping threads took: 0.0000590 seconds
291.850: Application time: 0.0243160 seconds
291.851: [Full GC [PSYoungGen: 138752K->33500K(161280K)] [ParOldGen: 367289K->367289K(367616K)] 506041K->400789K(528896K) [PSPermGen: 13648K->13648K(21504K)], 0.0737360 secs] [Times: user=0.52 sys=0.00, real=0.08 secs] 
291.925: Total time for which application threads were stopped: 0.0743690 seconds, Stopping threads took: 0.0000700 seconds
291.949: Application time: 0.0244950 seconds
291.950: [Full GC [PSYoungGen: 138752K->33518K(161280K)] [ParOldGen: 367289K->367289K(367616K)] 506041K->400807K(528896K) [PSPermGen: 13648K->13648K(21504K)], 0.0730520 secs] [Times: user=0.52 sys=0.00, real=0.07 secs] 
292.023: Total time for which application threads were stopped: 0.0736930 seconds, Stopping threads took: 0.0000470 seconds
292.047: Application time: 0.0247120 seconds
292.048: [Full GC [PSYoungGen: 138752K->33531K(161280K)] [ParOldGen: 367289K->367289K(367616K)] 506041K->400821K(528896K) [PSPermGen: 13648K->13648K(21504K)], 0.0735040 secs] [Times: user=0.51 sys=0.00, real=0.07 secs] 
292.122: Total time for which application threads were stopped: 0.0741300 seconds, Stopping threads took: 0.0000710 seconds
292.146: Application time: 0.0248860 seconds
292.147: [Full GC [PSYoungGen: 138752K->33492K(161280K)] [ParOldGen: 367289K->367289K(367616K)] 506041K->400782K(528896K) [PSPermGen: 13648K->13648K(21504K)], 0.0734750 secs] [Times: user=0.52 sys=0.00, real=0.07 secs] 
292.221: Total time for which application threads were stopped: 0.0740890 seconds, Stopping threads took: 0.0000560 seconds
292.245: Application time: 0.0248400 seconds
292.246: [Full GC [PSYoungGen: 138752K->33424K(161280K)] [ParOldGen: 367289K->367289K(367616K)] 506041K->400713K(528896K) [PSPermGen: 13648K->13648K(21504K)], 0.0754590 secs] [Times: user=0.54 sys=0.00, real=0.07 secs] 
292.322: Total time for which application threads were stopped: 0.0761380 seconds, Stopping threads took: 0.0000550 seconds
292.346: Application time: 0.0247180 seconds
292.347: [Full GC [PSYoungGen: 138752K->33438K(161280K)] [ParOldGen: 367289K->367289K(367616K)] 506041K->400728K(528896K) [PSPermGen: 13648K->13648K(21504K)], 0.0742500 secs] [Times: user=0.51 sys=0.00, real=0.07 secs] 
292.421: Total time for which application threads were stopped: 0.0749100 seconds, Stopping threads took: 0.0000690 seconds
292.446: Application time: 0.0245730 seconds
292.446: [Full GC [PSYoungGen: 138752K->33454K(161280K)] [ParOldGen: 367289K->367289K(367616K)] 506041K->400744K(528896K) [PSPermGen: 13648K->13648K(21504K)], 0.0761100 secs] [Times: user=0.52 sys=0.00, real=0.07 secs] 
292.523: Total time for which application threads were stopped: 0.0767690 seconds, Stopping threads took: 0.0000760 seconds
292.547: Application time: 0.0247650 seconds
292.548: [Full GC [PSYoungGen: 138752K->33456K(161280K)] [ParOldGen: 367289K->367289K(367616K)] 506041K->400746K(528896K) [PSPermGen: 13648K->13648K(21504K)], 0.0729920 secs] [Times: user=0.51 sys=0.00, real=0.07 secs] 
292.621: Total time for which application threads were stopped: 0.0736430 seconds, Stopping threads took: 0.0000270 seconds
292.647: Application time: 0.0261940 seconds
292.648: [Full GC [PSYoungGen: 138752K->33251K(161280K)] [ParOldGen: 367289K->367289K(367616K)] 506041K->400541K(528896K) [PSPermGen: 13648K->13648K(21504K)], 0.0734420 secs] [Times: user=0.51 sys=0.00, real=0.07 secs] 
292.721: Total time for which application threads were stopped: 0.0740610 seconds, Stopping threads took: 0.0000780 seconds
292.746: Application time: 0.0247690 seconds
292.747: [Full GC [PSYoungGen: 138752K->33216K(161280K)] [ParOldGen: 367289K->367289K(367616K)] 506041K->400505K(528896K) [PSPermGen: 13648K->13648K(21504K)], 0.0731920 secs] [Times: user=0.52 sys=0.00, real=0.07 secs] 
292.820: Total time for which application threads were stopped: 0.0738570 seconds, Stopping threads took: 0.0000750 seconds
292.844: Application time: 0.0245040 seconds
292.845: [Full GC [PSYoungGen: 138752K->33233K(161280K)] [ParOldGen: 367289K->367289K(367616K)] 506041K->400522K(528896K) [PSPermGen: 13648K->13648K(21504K)], 0.0724880 secs] [Times: user=0.52 sys=0.00, real=0.07 secs] 
292.917: Total time for which application threads were stopped: 0.0731430 seconds, Stopping threads took: 0.0000810 seconds
292.942: Application time: 0.0242350 seconds
292.942: [Full GC [PSYoungGen: 138752K->33246K(161280K)] [ParOldGen: 367289K->367289K(367616K)] 506041K->400535K(528896K) [PSPermGen: 13648K->13648K(21504K)], 0.0733770 secs] [Times: user=0.51 sys=0.00, real=0.08 secs] 
293.016: Total time for which application threads were stopped: 0.0740460 seconds, Stopping threads took: 0.0000870 seconds
293.040: Application time: 0.0247240 seconds
293.041: [Full GC [PSYoungGen: 138752K->33261K(161280K)] [ParOldGen: 367289K->367289K(367616K)] 506041K->400550K(528896K) [PSPermGen: 13648K->13648K(21504K)], 0.0722160 secs] [Times: user=0.50 sys=0.00, real=0.08 secs] 
293.113: Total time for which application threads were stopped: 0.0728940 seconds, Stopping threads took: 0.0000440 seconds
293.138: Application time: 0.0242550 seconds
293.138: [Full GC [PSYoungGen: 138752K->33276K(161280K)] [ParOldGen: 367289K->367289K(367616K)] 506041K->400566K(528896K) [PSPermGen: 13648K->13648K(21504K)], 0.0732390 secs] [Times: user=0.51 sys=0.00, real=0.08 secs] 
293.212: Total time for which application threads were stopped: 0.0738810 seconds, Stopping threads took: 0.0000770 seconds
293.236: Application time: 0.0244210 seconds
293.237: [Full GC [PSYoungGen: 138752K->33292K(161280K)] [ParOldGen: 367289K->367289K(367616K)] 506041K->400582K(528896K) [PSPermGen: 13648K->13648K(21504K)], 0.0729850 secs] [Times: user=0.51 sys=0.00, real=0.07 secs] 
293.310: Total time for which application threads were stopped: 0.0736300 seconds, Stopping threads took: 0.0000610 seconds
293.334: Application time: 0.0243650 seconds
293.335: [Full GC [PSYoungGen: 138752K->33307K(161280K)] [ParOldGen: 367289K->367289K(367616K)] 506041K->400596K(528896K) [PSPermGen: 13648K->13648K(21504K)], 0.0731850 secs] [Times: user=0.52 sys=0.00, real=0.07 secs] 
293.408: Total time for which application threads were stopped: 0.0738410 seconds, Stopping threads took: 0.0000750 seconds
293.432: Application time: 0.0244000 seconds
293.433: [Full GC [PSYoungGen: 138752K->33321K(161280K)] [ParOldGen: 367289K->367289K(367616K)] 506041K->400610K(528896K) [PSPermGen: 13648K->13648K(21504K)], 0.0731750 secs] [Times: user=0.51 sys=0.00, real=0.07 secs] 
293.506: Total time for which application threads were stopped: 0.0737960 seconds, Stopping threads took: 0.0000470 seconds
293.531: Application time: 0.0247300 seconds
293.531: [Full GC [PSYoungGen: 138752K->33337K(161280K)] [ParOldGen: 367289K->367289K(367616K)] 506041K->400626K(528896K) [PSPermGen: 13648K->13648K(21504K)], 0.0737190 secs] [Times: user=0.52 sys=0.01, real=0.08 secs] 
293.605: Total time for which application threads were stopped: 0.0743700 seconds, Stopping threads took: 0.0000440 seconds
293.629: Application time: 0.0243520 seconds
293.630: [Full GC [PSYoungGen: 138752K->33351K(161280K)] [ParOldGen: 367289K->367289K(367616K)] 506041K->400640K(528896K) [PSPermGen: 13648K->13648K(21504K)], 0.0741700 secs] [Times: user=0.51 sys=0.00, real=0.08 secs] 
293.704: Total time for which application threads were stopped: 0.0747920 seconds, Stopping threads took: 0.0000500 seconds
293.729: Application time: 0.0244600 seconds
293.729: [Full GC [PSYoungGen: 138752K->33367K(161280K)] [ParOldGen: 367289K->367289K(367616K)] 506041K->400656K(528896K) [PSPermGen: 13648K->13648K(21504K)], 0.0731080 secs] [Times: user=0.51 sys=0.00, real=0.07 secs] 
293.803: Total time for which application threads were stopped: 0.0738150 seconds, Stopping threads took: 0.0000640 seconds
293.827: Application time: 0.0247430 seconds
293.828: [Full GC [PSYoungGen: 138752K->33380K(161280K)] [ParOldGen: 367289K->367289K(367616K)] 506041K->400670K(528896K) [PSPermGen: 13648K->13648K(21504K)], 0.0732860 secs] [Times: user=0.52 sys=0.00, real=0.07 secs] 
293.901: Total time for which application threads were stopped: 0.0739520 seconds, Stopping threads took: 0.0000570 seconds
293.926: Application time: 0.0243840 seconds
293.926: [Full GC [PSYoungGen: 138752K->33394K(161280K)] [ParOldGen: 367289K->367289K(367616K)] 506041K->400683K(528896K) [PSPermGen: 13648K->13648K(21504K)], 0.0727210 secs] [Times: user=0.51 sys=0.00, real=0.07 secs] 
293.999: Total time for which application threads were stopped: 0.0734220 seconds, Stopping threads took: 0.0000680 seconds
294.024: Application time: 0.0248250 seconds
294.025: [Full GC [PSYoungGen: 138752K->33410K(161280K)] [ParOldGen: 367289K->367289K(367616K)] 506041K->400700K(528896K) [PSPermGen: 13648K->13648K(21504K)], 0.0730610 secs] [Times: user=0.51 sys=0.00, real=0.07 secs] 
294.098: Total time for which application threads were stopped: 0.0737950 seconds, Stopping threads took: 0.0000670 seconds
294.122: Application time: 0.0245560 seconds
294.123: [Full GC [PSYoungGen: 138752K->33426K(161280K)] [ParOldGen: 367289K->367289K(367616K)] 506041K->400716K(528896K) [PSPermGen: 13648K->13648K(21504K)], 0.0730970 secs] [Times: user=0.51 sys=0.00, real=0.08 secs] 
294.196: Total time for which application threads were stopped: 0.0737870 seconds, Stopping threads took: 0.0000840 seconds
294.220: Application time: 0.0241760 seconds
294.221: [Full GC [PSYoungGen: 138752K->33440K(161280K)] [ParOldGen: 367289K->367289K(367616K)] 506041K->400730K(528896K) [PSPermGen: 13648K->13648K(21504K)], 0.0726650 secs] [Times: user=0.52 sys=0.00, real=0.08 secs] 
294.294: Total time for which application threads were stopped: 0.0733470 seconds, Stopping threads took: 0.0000400 seconds
294.318: Application time: 0.0246210 seconds
294.319: [Full GC [PSYoungGen: 138752K->33456K(161280K)] [ParOldGen: 367289K->367289K(367616K)] 506041K->400746K(528896K) [PSPermGen: 13648K->13648K(21504K)], 0.0738290 secs] [Times: user=0.52 sys=0.00, real=0.08 secs] 
294.393: Total time for which application threads were stopped: 0.0744540 seconds, Stopping threads took: 0.0000490 seconds
294.417: Application time: 0.0243400 seconds
294.418: [Full GC [PSYoungGen: 138752K->33472K(161280K)] [ParOldGen: 367289K->367289K(367616K)] 506041K->400761K(528896K) [PSPermGen: 13648K->13648K(21504K)], 0.0726590 secs] [Times: user=0.51 sys=0.00, real=0.07 secs] 
294.490: Total time for which application threads were stopped: 0.0733520 seconds, Stopping threads took: 0.0000560 seconds
294.515: Application time: 0.0244800 seconds
294.515: [Full GC [PSYoungGen: 138752K->33486K(161280K)] [ParOldGen: 367289K->367289K(367616K)] 506041K->400776K(528896K) [PSPermGen: 13648K->13648K(21504K)], 0.0742830 secs] [Times: user=0.51 sys=0.00, real=0.07 secs] 
294.590: Total time for which application threads were stopped: 0.0749300 seconds, Stopping threads took: 0.0000640 seconds
294.614: Application time: 0.0247180 seconds
294.615: [Full GC [PSYoungGen: 138752K->33501K(161280K)] [ParOldGen: 367289K->367289K(367616K)] 506041K->400790K(528896K) [PSPermGen: 13648K->13648K(21504K)], 0.0736760 secs] [Times: user=0.51 sys=0.00, real=0.07 secs] 
294.689: Total time for which application threads were stopped: 0.0742940 seconds, Stopping threads took: 0.0000470 seconds
294.714: Application time: 0.0249790 seconds
294.714: [Full GC [PSYoungGen: 138752K->33515K(161280K)] [ParOldGen: 367289K->367289K(367616K)] 506041K->400805K(528896K) [PSPermGen: 13648K->13648K(21504K)], 0.0747530 secs] [Times: user=0.53 sys=0.00, real=0.07 secs] 
294.789: Total time for which application threads were stopped: 0.0753960 seconds, Stopping threads took: 0.0000470 seconds
294.814: Application time: 0.0244300 seconds
294.814: [Full GC [PSYoungGen: 138752K->33533K(161280K)] [ParOldGen: 367289K->367289K(367616K)] 506041K->400822K(528896K) [PSPermGen: 13648K->13648K(21504K)], 0.0741390 secs] [Times: user=0.52 sys=0.00, real=0.07 secs] 
294.888: Total time for which application threads were stopped: 0.0747660 seconds, Stopping threads took: 0.0000550 seconds
294.913: Application time: 0.0245580 seconds
294.913: [Full GC [PSYoungGen: 138752K->33546K(161280K)] [ParOldGen: 367289K->367289K(367616K)] 506041K->400836K(528896K) [PSPermGen: 13648K->13648K(21504K)], 0.0732460 secs] [Times: user=0.52 sys=0.00, real=0.07 secs] 
294.987: Total time for which application threads were stopped: 0.0738490 seconds, Stopping threads took: 0.0000470 seconds
295.012: Application time: 0.0247530 seconds
295.012: [Full GC [PSYoungGen: 138752K->33561K(161280K)] [ParOldGen: 367289K->367289K(367616K)] 506041K->400851K(528896K) [PSPermGen: 13648K->13648K(21504K)], 0.0737610 secs] [Times: user=0.52 sys=0.00, real=0.07 secs] 
295.086: Total time for which application threads were stopped: 0.0743890 seconds, Stopping threads took: 0.0000590 seconds
295.110: Application time: 0.0244270 seconds
295.111: [Full GC [PSYoungGen: 138752K->33576K(161280K)] [ParOldGen: 367289K->367289K(367616K)] 506041K->400866K(528896K) [PSPermGen: 13648K->13648K(21504K)], 0.0736950 secs] [Times: user=0.51 sys=0.00, real=0.08 secs] 
295.185: Total time for which application threads were stopped: 0.0743030 seconds, Stopping threads took: 0.0000460 seconds
295.209: Application time: 0.0247840 seconds
295.210: [Full GC [PSYoungGen: 138752K->33590K(161280K)] [ParOldGen: 367289K->367289K(367616K)] 506041K->400880K(528896K) [PSPermGen: 13648K->13648K(21504K)], 0.0750470 secs] [Times: user=0.52 sys=0.00, real=0.08 secs] 
295.285: Total time for which application threads were stopped: 0.0756780 seconds, Stopping threads took: 0.0000570 seconds
295.310: Application time: 0.0249110 seconds
295.311: [Full GC [PSYoungGen: 138752K->33552K(161280K)] [ParOldGen: 367289K->367289K(367616K)] 506041K->400841K(528896K) [PSPermGen: 13648K->13648K(21504K)], 0.0740570 secs] [Times: user=0.52 sys=0.00, real=0.08 secs] 
295.385: Total time for which application threads were stopped: 0.0747260 seconds, Stopping threads took: 0.0000740 seconds
295.409: Application time: 0.0244860 seconds
295.410: [Full GC [PSYoungGen: 138752K->33492K(161280K)] [ParOldGen: 367289K->367289K(367616K)] 506041K->400781K(528896K) [PSPermGen: 13648K->13648K(21504K)], 0.0725070 secs] [Times: user=0.51 sys=0.00, real=0.07 secs] 
295.482: Total time for which application threads were stopped: 0.0731930 seconds, Stopping threads took: 0.0000530 seconds
295.507: Application time: 0.0245640 seconds
295.508: [Full GC [PSYoungGen: 138752K->33499K(161280K)] [ParOldGen: 367289K->367289K(367616K)] 506041K->400788K(528896K) [PSPermGen: 13648K->13648K(21504K)], 0.0751430 secs] [Times: user=0.51 sys=0.00, real=0.07 secs] 
295.583: Total time for which application threads were stopped: 0.0757840 seconds, Stopping threads took: 0.0000600 seconds
295.608: Application time: 0.0248050 seconds
295.608: [Full GC [PSYoungGen: 138752K->33515K(161280K)] [ParOldGen: 367289K->367289K(367616K)] 506041K->400805K(528896K) [PSPermGen: 13648K->13648K(21504K)], 0.0740130 secs] [Times: user=0.52 sys=0.00, real=0.07 secs] 
295.682: Total time for which application threads were stopped: 0.0746430 seconds, Stopping threads took: 0.0000560 seconds
295.707: Application time: 0.0243110 seconds
295.707: [Full GC [PSYoungGen: 138752K->33529K(161280K)] [ParOldGen: 367289K->367289K(367616K)] 506041K->400819K(528896K) [PSPermGen: 13648K->13648K(21504K)], 0.0730150 secs] [Times: user=0.52 sys=0.00, real=0.07 secs] 
295.780: Total time for which application threads were stopped: 0.0736760 seconds, Stopping threads took: 0.0000380 seconds
295.805: Application time: 0.0244950 seconds
295.805: [Full GC [PSYoungGen: 138752K->33545K(161280K)] [ParOldGen: 367289K->367289K(367616K)] 506041K->400834K(528896K) [PSPermGen: 13648K->13648K(21504K)], 0.0730570 secs] [Times: user=0.52 sys=0.00, real=0.07 secs] 
295.878: Total time for which application threads were stopped: 0.0736790 seconds, Stopping threads took: 0.0000480 seconds
295.903: Application time: 0.0246420 seconds
295.904: [Full GC [PSYoungGen: 138752K->33504K(161280K)] [ParOldGen: 367289K->367289K(367616K)] 506041K->400793K(528896K) [PSPermGen: 13648K->13648K(21504K)], 0.0733180 secs] [Times: user=0.51 sys=0.00, real=0.07 secs] 
295.977: Total time for which application threads were stopped: 0.0739600 seconds, Stopping threads took: 0.0000530 seconds
296.002: Application time: 0.0245600 seconds
296.002: [Full GC [PSYoungGen: 138752K->33503K(161280K)] [ParOldGen: 367289K->367289K(367616K)] 506041K->400793K(528896K) [PSPermGen: 13648K->13648K(21504K)], 0.0736510 secs] [Times: user=0.51 sys=0.00, real=0.08 secs] 
296.076: Total time for which application threads were stopped: 0.0742600 seconds, Stopping threads took: 0.0000520 seconds
296.101: Application time: 0.0254800 seconds
296.102: [Full GC [PSYoungGen: 138752K->33208K(161280K)] [ParOldGen: 367289K->367289K(367616K)] 506041K->400498K(528896K) [PSPermGen: 13648K->13648K(21504K)], 0.0728510 secs] [Times: user=0.51 sys=0.00, real=0.08 secs] 
296.175: Total time for which application threads were stopped: 0.0734590 seconds, Stopping threads took: 0.0000630 seconds
296.199: Application time: 0.0240540 seconds
296.199: [Full GC [PSYoungGen: 138752K->33179K(161280K)] [ParOldGen: 367289K->367289K(367616K)] 506041K->400468K(528896K) [PSPermGen: 13648K->13648K(21504K)], 0.0729930 secs] [Times: user=0.51 sys=0.00, real=0.08 secs] 
296.272: Total time for which application threads were stopped: 0.0736240 seconds, Stopping threads took: 0.0000680 seconds
296.297: Application time: 0.0243360 seconds
296.297: [Full GC [PSYoungGen: 138752K->33196K(161280K)] [ParOldGen: 367289K->367289K(367616K)] 506041K->400485K(528896K) [PSPermGen: 13648K->13648K(21504K)], 0.0736550 secs] [Times: user=0.52 sys=0.00, real=0.07 secs] 
296.371: Total time for which application threads were stopped: 0.0742900 seconds, Stopping threads took: 0.0000590 seconds
296.396: Application time: 0.0244970 seconds
296.396: [Full GC [PSYoungGen: 138752K->33211K(161280K)] [ParOldGen: 367289K->367289K(367616K)] 506041K->400501K(528896K) [PSPermGen: 13648K->13648K(21504K)], 0.0746460 secs] [Times: user=0.52 sys=0.00, real=0.07 secs] 
296.471: Total time for which application threads were stopped: 0.0752820 seconds, Stopping threads took: 0.0000730 seconds
296.496: Application time: 0.0249320 seconds
296.496: [Full GC [PSYoungGen: 138752K->33226K(161280K)] [ParOldGen: 367289K->367289K(367616K)] 506041K->400516K(528896K) [PSPermGen: 13648K->13648K(21504K)], 0.0746700 secs] [Times: user=0.53 sys=0.00, real=0.07 secs] 
296.571: Total time for which application threads were stopped: 0.0753570 seconds, Stopping threads took: 0.0000740 seconds
296.596: Application time: 0.0245410 seconds
296.596: [Full GC [PSYoungGen: 138752K->33240K(161280K)] [ParOldGen: 367289K->367289K(367616K)] 506041K->400530K(528896K) [PSPermGen: 13648K->13648K(21504K)], 0.0731370 secs] [Times: user=0.51 sys=0.00, real=0.07 secs] 
296.670: Total time for which application threads were stopped: 0.0738430 seconds, Stopping threads took: 0.0000620 seconds
296.694: Application time: 0.0248520 seconds
296.695: [Full GC [PSYoungGen: 138752K->33258K(161280K)] [ParOldGen: 367289K->367289K(367616K)] 506041K->400548K(528896K) [PSPermGen: 13648K->13648K(21504K)], 0.0748310 secs] [Times: user=0.52 sys=0.00, real=0.07 secs] 
296.770: Total time for which application threads were stopped: 0.0754580 seconds, Stopping threads took: 0.0000610 seconds
296.795: Application time: 0.0250610 seconds
296.796: [Full GC [PSYoungGen: 138752K->33271K(161280K)] [ParOldGen: 367289K->367289K(367616K)] 506041K->400561K(528896K) [PSPermGen: 13648K->13648K(21504K)], 0.0745600 secs] [Times: user=0.52 sys=0.00, real=0.07 secs] 
296.870: Total time for which application threads were stopped: 0.0751980 seconds, Stopping threads took: 0.0000570 seconds
296.895: Application time: 0.0248880 seconds
296.896: [Full GC [PSYoungGen: 138752K->33287K(161280K)] [ParOldGen: 367289K->367289K(367616K)] 506041K->400577K(528896K) [PSPermGen: 13648K->13648K(21504K)], 0.0735810 secs] [Times: user=0.51 sys=0.00, real=0.07 secs] 
296.969: Total time for which application threads were stopped: 0.0742210 seconds, Stopping threads took: 0.0000380 seconds
296.994: Application time: 0.0244570 seconds
296.994: [Full GC [PSYoungGen: 138752K->33302K(161280K)] [ParOldGen: 367289K->367289K(367616K)] 506041K->400592K(528896K) [PSPermGen: 13648K->13648K(21504K)], 0.0744680 secs] [Times: user=0.51 sys=0.00, real=0.07 secs] 
297.069: Total time for which application threads were stopped: 0.0751000 seconds, Stopping threads took: 0.0000510 seconds
297.093: Application time: 0.0243730 seconds
297.096: [Full GC [PSYoungGen: 138752K->33317K(161280K)] [ParOldGen: 367289K->367289K(367616K)] 506041K->400606K(528896K) [PSPermGen: 13648K->13648K(21504K)], 0.0723990 secs] [Times: user=0.51 sys=0.00, real=0.07 secs] 
297.168: Total time for which application threads were stopped: 0.0752350 seconds, Stopping threads took: 0.0021630 seconds
297.193: Application time: 0.0245030 seconds
297.194: [Full GC [PSYoungGen: 138752K->33330K(161280K)] [ParOldGen: 367289K->367289K(367616K)] 506041K->400620K(528896K) [PSPermGen: 13648K->13648K(21504K)], 0.0735110 secs] [Times: user=0.52 sys=0.01, real=0.07 secs] 
297.267: Total time for which application threads were stopped: 0.0741430 seconds, Stopping threads took: 0.0000550 seconds
297.292: Application time: 0.0245630 seconds
297.296: [Full GC [PSYoungGen: 138752K->33347K(161280K)] [ParOldGen: 367289K->367289K(367616K)] 506041K->400637K(528896K) [PSPermGen: 13648K->13648K(21504K)], 0.0740410 secs] [Times: user=0.53 sys=0.00, real=0.07 secs] 
297.370: Total time for which application threads were stopped: 0.0783060 seconds, Stopping threads took: 0.0036970 seconds
297.394: Application time: 0.0243040 seconds
297.395: [Full GC [PSYoungGen: 138752K->33363K(161280K)] [ParOldGen: 367289K->367289K(367616K)] 506041K->400652K(528896K) [PSPermGen: 13648K->13648K(21504K)], 0.0733800 secs] [Times: user=0.51 sys=0.00, real=0.07 secs] 
297.468: Total time for which application threads were stopped: 0.0740490 seconds, Stopping threads took: 0.0001080 seconds
297.493: Application time: 0.0242310 seconds
297.493: [Full GC [PSYoungGen: 138752K->33376K(161280K)] [ParOldGen: 367289K->367289K(367616K)] 506041K->400666K(528896K) [PSPermGen: 13648K->13648K(21504K)], 0.0734620 secs] [Times: user=0.51 sys=0.00, real=0.07 secs] 
297.567: Total time for which application threads were stopped: 0.0740670 seconds, Stopping threads took: 0.0000460 seconds
297.591: Application time: 0.0242640 seconds
297.591: [Full GC [PSYoungGen: 138752K->33387K(161280K)] [ParOldGen: 367289K->367289K(367616K)] 506041K->400677K(528896K) [PSPermGen: 13648K->13648K(21504K)], 0.0741010 secs] [Times: user=0.51 sys=0.00, real=0.07 secs] 
297.666: Total time for which application threads were stopped: 0.0747430 seconds, Stopping threads took: 0.0000530 seconds
297.690: Application time: 0.0240600 seconds
297.690: [Full GC [PSYoungGen: 138752K->33406K(161280K)] [ParOldGen: 367289K->367289K(367616K)] 506041K->400696K(528896K) [PSPermGen: 13648K->13648K(21504K)], 0.0735900 secs] [Times: user=0.52 sys=0.00, real=0.08 secs] 
297.764: Total time for which application threads were stopped: 0.0742280 seconds, Stopping threads took: 0.0000530 seconds
297.788: Application time: 0.0245040 seconds
297.792: [Full GC [PSYoungGen: 138752K->33421K(161280K)] [ParOldGen: 367289K->367289K(367616K)] 506041K->400711K(528896K) [PSPermGen: 13648K->13648K(21504K)], 0.0773570 secs] [Times: user=0.54 sys=0.00, real=0.07 secs] 
297.869: Total time for which application threads were stopped: 0.0808320 seconds, Stopping threads took: 0.0029140 seconds
297.893: Application time: 0.0240270 seconds
297.894: [Full GC [PSYoungGen: 138752K->33436K(161280K)] [ParOldGen: 367289K->367289K(367616K)] 506041K->400726K(528896K) [PSPermGen: 13648K->13648K(21504K)], 0.0724870 secs] [Times: user=0.52 sys=0.00, real=0.07 secs] 
297.966: Total time for which application threads were stopped: 0.0731730 seconds, Stopping threads took: 0.0000430 seconds
297.991: Application time: 0.0240890 seconds
297.991: [Full GC [PSYoungGen: 138752K->33452K(161280K)] [ParOldGen: 367289K->367289K(367616K)] 506041K->400741K(528896K) [PSPermGen: 13648K->13648K(21504K)], 0.0731780 secs] [Times: user=0.51 sys=0.00, real=0.08 secs] 
298.064: Total time for which application threads were stopped: 0.0737910 seconds, Stopping threads took: 0.0000540 seconds
298.089: Application time: 0.0245890 seconds
298.092: [Full GC [PSYoungGen: 138752K->33468K(161280K)] [ParOldGen: 367289K->367289K(367616K)] 506041K->400757K(528896K) [PSPermGen: 13648K->13648K(21504K)], 0.0748160 secs] [Times: user=0.51 sys=0.00, real=0.07 secs] 
298.167: Total time for which application threads were stopped: 0.0778040 seconds, Stopping threads took: 0.0024080 seconds
298.192: Application time: 0.0248970 seconds
298.192: [Full GC [PSYoungGen: 138752K->33481K(161280K)] [ParOldGen: 367289K->367289K(367616K)] 506041K->400771K(528896K) [PSPermGen: 13648K->13648K(21504K)], 0.0743100 secs] [Times: user=0.53 sys=0.00, real=0.07 secs] 
298.267: Total time for which application threads were stopped: 0.0749690 seconds, Stopping threads took: 0.0000500 seconds
298.291: Application time: 0.0245860 seconds
298.292: [Full GC [PSYoungGen: 138752K->33498K(161280K)] [ParOldGen: 367289K->367289K(367616K)] 506041K->400788K(528896K) [PSPermGen: 13648K->13648K(21504K)], 0.0742480 secs] [Times: user=0.52 sys=0.00, real=0.07 secs] 
298.366: Total time for which application threads were stopped: 0.0748850 seconds, Stopping threads took: 0.0000500 seconds
298.390: Application time: 0.0241670 seconds
298.392: [Full GC [PSYoungGen: 138752K->33510K(161280K)] [ParOldGen: 367289K->367289K(367616K)] 506041K->400800K(528896K) [PSPermGen: 13648K->13648K(21504K)], 0.0731940 secs] [Times: user=0.51 sys=0.00, real=0.07 secs] 
298.465: Total time for which application threads were stopped: 0.0748520 seconds, Stopping threads took: 0.0010900 seconds
298.489: Application time: 0.0243140 seconds
298.490: [Full GC [PSYoungGen: 138752K->33525K(161280K)] [ParOldGen: 367289K->367289K(367616K)] 506041K->400815K(528896K) [PSPermGen: 13648K->13648K(21504K)], 0.0728040 secs] [Times: user=0.52 sys=0.00, real=0.07 secs] 
298.563: Total time for which application threads were stopped: 0.0735050 seconds, Stopping threads took: 0.0000560 seconds
298.588: Application time: 0.0252070 seconds
298.589: [Full GC [PSYoungGen: 138752K->33543K(161280K)] [ParOldGen: 367289K->367289K(367616K)] 506041K->400832K(528896K) [PSPermGen: 13648K->13648K(21504K)], 0.0739970 secs] [Times: user=0.51 sys=0.00, real=0.07 secs] 
298.663: Total time for which application threads were stopped: 0.0746730 seconds, Stopping threads took: 0.0000490 seconds
298.687: Application time: 0.0244550 seconds
298.688: [Full GC [PSYoungGen: 138752K->33558K(161280K)] [ParOldGen: 367289K->367289K(367616K)] 506041K->400848K(528896K) [PSPermGen: 13648K->13648K(21504K)], 0.0755940 secs] [Times: user=0.54 sys=0.00, real=0.08 secs] 
298.764: Total time for which application threads were stopped: 0.0762900 seconds, Stopping threads took: 0.0001180 seconds
298.788: Application time: 0.0246720 seconds
298.789: [Full GC [PSYoungGen: 138752K->33571K(161280K)] [ParOldGen: 367289K->367289K(367616K)] 506041K->400861K(528896K) [PSPermGen: 13648K->13648K(21504K)], 0.0737000 secs] [Times: user=0.52 sys=0.00, real=0.07 secs] 
298.863: Total time for which application threads were stopped: 0.0744300 seconds, Stopping threads took: 0.0000660 seconds
298.887: Application time: 0.0245710 seconds
298.888: [Full GC [PSYoungGen: 138752K->33586K(161280K)] [ParOldGen: 367289K->367289K(367616K)] 506041K->400876K(528896K) [PSPermGen: 13648K->13648K(21504K)], 0.0737770 secs] [Times: user=0.52 sys=0.00, real=0.07 secs] 
298.962: Total time for which application threads were stopped: 0.0744210 seconds, Stopping threads took: 0.0000780 seconds
298.986: Application time: 0.0247240 seconds
298.988: [Full GC [PSYoungGen: 138752K->33599K(161280K)] [ParOldGen: 367289K->367289K(367616K)] 506041K->400889K(528896K) [PSPermGen: 13648K->13648K(21504K)], 0.0729750 secs] [Times: user=0.51 sys=0.00, real=0.07 secs] 
299.061: Total time for which application threads were stopped: 0.0745530 seconds, Stopping threads took: 0.0009300 seconds
299.086: Application time: 0.0249190 seconds
299.086: [Full GC [PSYoungGen: 138752K->33617K(161280K)] [ParOldGen: 367289K->367289K(367616K)] 506041K->400906K(528896K) [PSPermGen: 13648K->13648K(21504K)], 0.0741400 secs] [Times: user=0.53 sys=0.00, real=0.07 secs] 
299.161: Total time for which application threads were stopped: 0.0747700 seconds, Stopping threads took: 0.0000460 seconds
299.186: Application time: 0.0252500 seconds
299.187: [Full GC [PSYoungGen: 138752K->33525K(161280K)] [ParOldGen: 367289K->367289K(367616K)] 506041K->400815K(528896K) [PSPermGen: 13648K->13648K(21504K)], 0.0731480 secs] [Times: user=0.51 sys=0.01, real=0.07 secs] 
299.260: Total time for which application threads were stopped: 0.0738670 seconds, Stopping threads took: 0.0000800 seconds
299.284: Application time: 0.0243590 seconds
299.285: [Full GC [PSYoungGen: 138752K->33509K(161280K)] [ParOldGen: 367289K->367289K(367616K)] 506041K->400798K(528896K) [PSPermGen: 13648K->13648K(21504K)], 0.0733850 secs] [Times: user=0.51 sys=0.00, real=0.07 secs] 
299.358: Total time for which application threads were stopped: 0.0740270 seconds, Stopping threads took: 0.0000600 seconds
299.382: Application time: 0.0241530 seconds
299.383: [Full GC [PSYoungGen: 138752K->33523K(161280K)] [ParOldGen: 367289K->367289K(367616K)] 506041K->400813K(528896K) [PSPermGen: 13648K->13648K(21504K)], 0.0733320 secs] [Times: user=0.52 sys=0.00, real=0.08 secs] 
299.456: Total time for which application threads were stopped: 0.0739800 seconds, Stopping threads took: 0.0000740 seconds
299.481: Application time: 0.0246060 seconds
299.482: [Full GC [PSYoungGen: 138752K->33540K(161280K)] [ParOldGen: 367289K->367289K(367616K)] 506041K->400830K(528896K) [PSPermGen: 13648K->13648K(21504K)], 0.0736840 secs] [Times: user=0.52 sys=0.00, real=0.08 secs] 
299.555: Total time for which application threads were stopped: 0.0743410 seconds, Stopping threads took: 0.0000810 seconds
299.580: Application time: 0.0242360 seconds
299.580: [Full GC [PSYoungGen: 138752K->33555K(161280K)] [ParOldGen: 367289K->367289K(367616K)] 506041K->400844K(528896K) [PSPermGen: 13648K->13648K(21504K)], 0.0741110 secs] [Times: user=0.52 sys=0.00, real=0.08 secs] 
299.654: Total time for which application threads were stopped: 0.0748160 seconds, Stopping threads took: 0.0000630 seconds
299.680: Application time: 0.0261430 seconds
299.681: [Full GC [PSYoungGen: 138752K->33397K(161280K)] [ParOldGen: 367289K->367289K(367616K)] 506041K->400686K(528896K) [PSPermGen: 13648K->13648K(21504K)], 0.0738540 secs] [Times: user=0.52 sys=0.00, real=0.08 secs] 
299.755: Total time for which application threads were stopped: 0.0744820 seconds, Stopping threads took: 0.0000770 seconds
299.780: Application time: 0.0248070 seconds
299.780: [Full GC [PSYoungGen: 138752K->33262K(161280K)] [ParOldGen: 367289K->367289K(367616K)] 506041K->400552K(528896K) [PSPermGen: 13648K->13648K(21504K)], 0.0727880 secs] [Times: user=0.51 sys=0.00, real=0.08 secs] 
299.853: Total time for which application threads were stopped: 0.0734470 seconds, Stopping threads took: 0.0000830 seconds
299.878: Application time: 0.0243640 seconds
299.878: [Full GC [PSYoungGen: 138752K->33247K(161280K)] [ParOldGen: 367289K->367289K(367616K)] 506041K->400537K(528896K) [PSPermGen: 13648K->13648K(21504K)], 0.0729640 secs] [Times: user=0.52 sys=0.00, real=0.07 secs] 
299.951: Total time for which application threads were stopped: 0.0736720 seconds, Stopping threads took: 0.0001200 seconds
299.976: Application time: 0.0243060 seconds
299.980: [Full GC [PSYoungGen: 138752K->33262K(161280K)] [ParOldGen: 367289K->367289K(367616K)] 506041K->400551K(528896K) [PSPermGen: 13648K->13648K(21504K)], 0.0738400 secs] [Times: user=0.52 sys=0.00, real=0.08 secs] 
300.054: Total time for which application threads were stopped: 0.0782420 seconds, Stopping threads took: 0.0038070 seconds
300.079: Application time: 0.0252270 seconds
300.080: [Full GC [PSYoungGen: 138752K->33214K(161280K)] [ParOldGen: 367289K->367289K(367616K)] 506041K->400504K(528896K) [PSPermGen: 13648K->13648K(21504K)], 0.0742200 secs] [Times: user=0.51 sys=0.00, real=0.08 secs] 
300.154: Total time for which application threads were stopped: 0.0751160 seconds, Stopping threads took: 0.0003090 seconds
300.179: Application time: 0.0245930 seconds
300.179: [Full GC [PSYoungGen: 138752K->33222K(161280K)] [ParOldGen: 367289K->367289K(367616K)] 506041K->400512K(528896K) [PSPermGen: 13648K->13648K(21504K)], 0.0737560 secs] [Times: user=0.52 sys=0.00, real=0.08 secs] 
300.253: Total time for which application threads were stopped: 0.0744320 seconds, Stopping threads took: 0.0000700 seconds
300.278: Application time: 0.0244300 seconds
300.278: [Full GC [PSYoungGen: 138752K->33236K(161280K)] [ParOldGen: 367289K->367289K(367616K)] 506041K->400526K(528896K) [PSPermGen: 13648K->13648K(21504K)], 0.0721210 secs] [Times: user=0.51 sys=0.00, real=0.07 secs] 
300.351: Total time for which application threads were stopped: 0.0728390 seconds, Stopping threads took: 0.0000680 seconds
300.375: Application time: 0.0243870 seconds
300.375: [Full GC [PSYoungGen: 138752K->33255K(161280K)] [ParOldGen: 367289K->367289K(367616K)] 506041K->400544K(528896K) [PSPermGen: 13648K->13648K(21504K)], 0.0730630 secs] [Times: user=0.51 sys=0.00, real=0.07 secs] 
300.449: Total time for which application threads were stopped: 0.0736850 seconds, Stopping threads took: 0.0000480 seconds
300.474: Application time: 0.0249370 seconds
300.474: [Full GC [PSYoungGen: 138752K->33266K(161280K)] [ParOldGen: 367289K->367289K(367616K)] 506041K->400556K(528896K) [PSPermGen: 13648K->13648K(21504K)], 0.0739850 secs] [Times: user=0.52 sys=0.00, real=0.07 secs] 
300.548: Total time for which application threads were stopped: 0.0746210 seconds, Stopping threads took: 0.0000610 seconds
300.573: Application time: 0.0244990 seconds
300.573: [Full GC [PSYoungGen: 138752K->33281K(161280K)] [ParOldGen: 367289K->367289K(367616K)] 506041K->400571K(528896K) [PSPermGen: 13648K->13648K(21504K)], 0.0740570 secs] [Times: user=0.52 sys=0.00, real=0.07 secs] 
300.647: Total time for which application threads were stopped: 0.0747150 seconds, Stopping threads took: 0.0000650 seconds
300.672: Application time: 0.0246340 seconds
300.673: [Full GC [PSYoungGen: 138752K->33299K(161280K)] [ParOldGen: 367289K->367289K(367616K)] 506041K->400588K(528896K) [PSPermGen: 13648K->13648K(21504K)], 0.0754720 secs] [Times: user=0.53 sys=0.01, real=0.07 secs] 
300.748: Total time for which application threads were stopped: 0.0761160 seconds, Stopping threads took: 0.0000620 seconds
300.773: Application time: 0.0244930 seconds
300.773: [Full GC [PSYoungGen: 138752K->33311K(161280K)] [ParOldGen: 367289K->367289K(367616K)] 506041K->400600K(528896K) [PSPermGen: 13648K->13648K(21504K)], 0.0746580 secs] [Times: user=0.51 sys=0.00, real=0.07 secs] 
300.848: Total time for which application threads were stopped: 0.0753260 seconds, Stopping threads took: 0.0000750 seconds
300.872: Application time: 0.0244340 seconds
300.873: [Full GC [PSYoungGen: 138752K->33328K(161280K)] [ParOldGen: 367289K->367289K(367616K)] 506041K->400618K(528896K) [PSPermGen: 13648K->13648K(21504K)], 0.0730550 secs] [Times: user=0.51 sys=0.00, real=0.07 secs] 
300.946: Total time for which application threads were stopped: 0.0737180 seconds, Stopping threads took: 0.0000580 seconds
300.970: Application time: 0.0243880 seconds
300.971: [Full GC [PSYoungGen: 138752K->33341K(161280K)] [ParOldGen: 367289K->367289K(367616K)] 506041K->400631K(528896K) [PSPermGen: 13648K->13648K(21504K)], 0.0732330 secs] [Times: user=0.51 sys=0.00, real=0.08 secs] 
301.044: Total time for which application threads were stopped: 0.0739400 seconds, Stopping threads took: 0.0000720 seconds
301.069: Application time: 0.0249630 seconds
301.070: [Full GC [PSYoungGen: 138752K->33359K(161280K)] [ParOldGen: 367289K->367289K(367616K)] 506041K->400648K(528896K) [PSPermGen: 13648K->13648K(21504K)], 0.0738480 secs] [Times: user=0.51 sys=0.00, real=0.08 secs] 
301.144: Total time for which application threads were stopped: 0.0745140 seconds, Stopping threads took: 0.0000650 seconds
301.168: Application time: 0.0245850 seconds
301.169: [Full GC [PSYoungGen: 138752K->33372K(161280K)] [ParOldGen: 367289K->367289K(367616K)] 506041K->400661K(528896K) [PSPermGen: 13648K->13648K(21504K)], 0.0726100 secs] [Times: user=0.52 sys=0.00, real=0.07 secs] 
301.242: Total time for which application threads were stopped: 0.0733440 seconds, Stopping threads took: 0.0000750 seconds
301.267: Application time: 0.0246810 seconds
301.267: [Full GC [PSYoungGen: 138752K->33388K(161280K)] [ParOldGen: 367289K->367289K(367616K)] 506041K->400677K(528896K) [PSPermGen: 13648K->13648K(21504K)], 0.0735300 secs] [Times: user=0.51 sys=0.00, real=0.07 secs] 
301.341: Total time for which application threads were stopped: 0.0741370 seconds, Stopping threads took: 0.0000510 seconds
301.366: Application time: 0.0250660 seconds
301.366: [Full GC [PSYoungGen: 138752K->33400K(161280K)] [ParOldGen: 367289K->367289K(367616K)] 506041K->400690K(528896K) [PSPermGen: 13648K->13648K(21504K)], 0.0740840 secs] [Times: user=0.51 sys=0.00, real=0.07 secs] 
301.441: Total time for which application threads were stopped: 0.0747720 seconds, Stopping threads took: 0.0000970 seconds
301.465: Application time: 0.0242990 seconds
301.465: [Full GC [PSYoungGen: 138752K->33418K(161280K)] [ParOldGen: 367289K->367289K(367616K)] 506041K->400707K(528896K) [PSPermGen: 13648K->13648K(21504K)], 0.0721850 secs] [Times: user=0.51 sys=0.00, real=0.07 secs] 
301.538: Total time for which application threads were stopped: 0.0728800 seconds, Stopping threads took: 0.0000520 seconds
301.562: Application time: 0.0246870 seconds
301.563: [Full GC [PSYoungGen: 138752K->33431K(161280K)] [ParOldGen: 367289K->367289K(367616K)] 506041K->400721K(528896K) [PSPermGen: 13648K->13648K(21504K)], 0.0755810 secs] [Times: user=0.52 sys=0.00, real=0.08 secs] 
301.640: Total time for which application threads were stopped: 0.0777530 seconds, Stopping threads took: 0.0000640 seconds
301.666: Application time: 0.0257810 seconds
301.667: [Full GC [PSYoungGen: 138752K->33448K(161280K)] [ParOldGen: 367289K->367289K(367616K)] 506041K->400737K(528896K) [PSPermGen: 13648K->13648K(21504K)], 0.0732580 secs] [Times: user=0.51 sys=0.00, real=0.07 secs] 
301.740: Total time for which application threads were stopped: 0.0739860 seconds, Stopping threads took: 0.0000810 seconds
301.765: Application time: 0.0247010 seconds
301.765: [Full GC [PSYoungGen: 138752K->33463K(161280K)] [ParOldGen: 367289K->367289K(367616K)] 506041K->400753K(528896K) [PSPermGen: 13648K->13648K(21504K)], 0.0731330 secs] [Times: user=0.52 sys=0.00, real=0.07 secs] 
301.838: Total time for which application threads were stopped: 0.0738570 seconds, Stopping threads took: 0.0000650 seconds
301.863: Application time: 0.0247120 seconds
301.864: [Full GC [PSYoungGen: 138752K->33477K(161280K)] [ParOldGen: 367289K->367289K(367616K)] 506041K->400766K(528896K) [PSPermGen: 13648K->13648K(21504K)], 0.0735870 secs] [Times: user=0.52 sys=0.00, real=0.07 secs] 
301.937: Total time for which application threads were stopped: 0.0742230 seconds, Stopping threads took: 0.0000540 seconds
301.962: Application time: 0.0248730 seconds
301.963: [Full GC [PSYoungGen: 138752K->33492K(161280K)] [ParOldGen: 367289K->367289K(367616K)] 506041K->400781K(528896K) [PSPermGen: 13648K->13648K(21504K)], 0.0737730 secs] [Times: user=0.52 sys=0.00, real=0.08 secs] 
302.037: Total time for which application threads were stopped: 0.0744030 seconds, Stopping threads took: 0.0000610 seconds
302.062: Application time: 0.0249850 seconds
302.062: [Full GC [PSYoungGen: 138752K->33506K(161280K)] [ParOldGen: 367289K->367289K(367616K)] 506041K->400796K(528896K) [PSPermGen: 13648K->13648K(21504K)], 0.0767770 secs] [Times: user=0.54 sys=0.00, real=0.08 secs] 
302.139: Total time for which application threads were stopped: 0.0774120 seconds, Stopping threads took: 0.0000650 seconds
302.164: Application time: 0.0245770 seconds
302.164: [Full GC [PSYoungGen: 138752K->33521K(161280K)] [ParOldGen: 367289K->367289K(367616K)] 506041K->400811K(528896K) [PSPermGen: 13648K->13648K(21504K)], 0.0728110 secs] [Times: user=0.52 sys=0.00, real=0.07 secs] 
302.237: Total time for which application threads were stopped: 0.0734940 seconds, Stopping threads took: 0.0000460 seconds
302.262: Application time: 0.0247340 seconds
302.263: [Full GC [PSYoungGen: 138752K->33537K(161280K)] [ParOldGen: 367289K->367289K(367616K)] 506041K->400827K(528896K) [PSPermGen: 13648K->13648K(21504K)], 0.0745880 secs] [Times: user=0.53 sys=0.00, real=0.08 secs] 
302.337: Total time for which application threads were stopped: 0.0752860 seconds, Stopping threads took: 0.0000630 seconds
302.362: Application time: 0.0246500 seconds
302.362: [Full GC [PSYoungGen: 138752K->33553K(161280K)] [ParOldGen: 367289K->367289K(367616K)] 506041K->400843K(528896K) [PSPermGen: 13648K->13648K(21504K)], 0.0753590 secs] [Times: user=0.53 sys=0.00, real=0.08 secs] 
302.438: Total time for which application threads were stopped: 0.0760350 seconds, Stopping threads took: 0.0000710 seconds
302.462: Application time: 0.0246030 seconds
302.463: [Full GC [PSYoungGen: 138752K->33568K(161280K)] [ParOldGen: 367289K->367289K(367616K)] 506041K->400858K(528896K) [PSPermGen: 13648K->13648K(21504K)], 0.0739000 secs] [Times: user=0.52 sys=0.00, real=0.08 secs] 
302.537: Total time for which application threads were stopped: 0.0745670 seconds, Stopping threads took: 0.0000950 seconds
302.562: Application time: 0.0246990 seconds
302.562: [Full GC [PSYoungGen: 138752K->33582K(161280K)] [ParOldGen: 367289K->367289K(367616K)] 506041K->400872K(528896K) [PSPermGen: 13648K->13648K(21504K)], 0.0731160 secs] [Times: user=0.52 sys=0.00, real=0.08 secs] 
302.636: Total time for which application threads were stopped: 0.0737630 seconds, Stopping threads took: 0.0000690 seconds
302.661: Application time: 0.0250430 seconds
302.661: [Full GC [PSYoungGen: 138752K->33596K(161280K)] [ParOldGen: 367289K->367289K(367616K)] 506041K->400886K(528896K) [PSPermGen: 13648K->13648K(21504K)], 0.0732120 secs] [Times: user=0.51 sys=0.00, real=0.08 secs] 
302.734: Total time for which application threads were stopped: 0.0738510 seconds, Stopping threads took: 0.0000660 seconds
302.759: Application time: 0.0250080 seconds
302.760: [Full GC [PSYoungGen: 138752K->33614K(161280K)] [ParOldGen: 367289K->367289K(367616K)] 506041K->400904K(528896K) [PSPermGen: 13648K->13648K(21504K)], 0.0736140 secs] [Times: user=0.53 sys=0.00, real=0.08 secs] 
302.834: Total time for which application threads were stopped: 0.0742720 seconds, Stopping threads took: 0.0000720 seconds
302.858: Application time: 0.0245730 seconds
302.859: [Full GC [PSYoungGen: 138752K->33627K(161280K)] [ParOldGen: 367289K->367289K(367616K)] 506041K->400917K(528896K) [PSPermGen: 13648K->13648K(21504K)], 0.0725180 secs] [Times: user=0.52 sys=0.00, real=0.08 secs] 
302.932: Total time for which application threads were stopped: 0.0732210 seconds, Stopping threads took: 0.0000680 seconds
302.957: Application time: 0.0252900 seconds
302.957: [Full GC [PSYoungGen: 138752K->33533K(161280K)] [ParOldGen: 367289K->367289K(367616K)] 506041K->400823K(528896K) [PSPermGen: 13648K->13648K(21504K)], 0.0736400 secs] [Times: user=0.51 sys=0.00, real=0.07 secs] 
303.031: Total time for which application threads were stopped: 0.0742990 seconds, Stopping threads took: 0.0000770 seconds
303.056: Application time: 0.0248560 seconds
303.057: [Full GC [PSYoungGen: 138752K->33519K(161280K)] [ParOldGen: 367289K->367289K(367616K)] 506041K->400809K(528896K) [PSPermGen: 13648K->13648K(21504K)], 0.0734970 secs] [Times: user=0.50 sys=0.00, real=0.07 secs] 
303.130: Total time for which application threads were stopped: 0.0741460 seconds, Stopping threads took: 0.0000840 seconds
303.155: Application time: 0.0247960 seconds
303.156: [Full GC [PSYoungGen: 138752K->33525K(161280K)] [ParOldGen: 367289K->367289K(367616K)] 506041K->400814K(528896K) [PSPermGen: 13648K->13648K(21504K)], 0.0729150 secs] [Times: user=0.51 sys=0.00, real=0.07 secs] 
303.229: Total time for which application threads were stopped: 0.0736130 seconds, Stopping threads took: 0.0000550 seconds
303.254: Application time: 0.0253070 seconds
303.254: [Full GC [PSYoungGen: 138752K->33370K(161280K)] [ParOldGen: 367289K->367289K(367616K)] 506041K->400660K(528896K) [PSPermGen: 13648K->13648K(21504K)], 0.0755470 secs] [Times: user=0.54 sys=0.00, real=0.07 secs] 
303.330: Total time for which application threads were stopped: 0.0762360 seconds, Stopping threads took: 0.0000780 seconds
303.355: Application time: 0.0246070 seconds
303.355: [Full GC [PSYoungGen: 138752K->33350K(161280K)] [ParOldGen: 367289K->367289K(367616K)] 506041K->400640K(528896K) [PSPermGen: 13648K->13648K(21504K)], 0.0728830 secs] [Times: user=0.51 sys=0.01, real=0.07 secs] 
303.428: Total time for which application threads were stopped: 0.0735580 seconds, Stopping threads took: 0.0000440 seconds
303.453: Application time: 0.0252190 seconds
303.454: [Full GC [PSYoungGen: 138752K->33295K(161280K)] [ParOldGen: 367289K->367289K(367616K)] 506041K->400585K(528896K) [PSPermGen: 13648K->13648K(21504K)], 0.0739010 secs] [Times: user=0.52 sys=0.00, real=0.07 secs] 
303.528: Total time for which application threads were stopped: 0.0745530 seconds, Stopping threads took: 0.0000860 seconds
303.553: Application time: 0.0253040 seconds
303.554: [Full GC [PSYoungGen: 138752K->33313K(161280K)] [ParOldGen: 367289K->367289K(367616K)] 506041K->400603K(528896K) [PSPermGen: 13648K->13648K(21504K)], 0.0735090 secs] [Times: user=0.52 sys=0.00, real=0.07 secs] 
303.628: Total time for which application threads were stopped: 0.0742110 seconds, Stopping threads took: 0.0000970 seconds
303.654: Application time: 0.0260010 seconds
303.654: [Full GC [PSYoungGen: 138752K->33271K(161280K)] [ParOldGen: 367289K->367289K(367616K)] 506041K->400560K(528896K) [PSPermGen: 13648K->13648K(21504K)], 0.0729330 secs] [Times: user=0.51 sys=0.00, real=0.07 secs] 
303.727: Total time for which application threads were stopped: 0.0735460 seconds, Stopping threads took: 0.0000540 seconds
303.752: Application time: 0.0246240 seconds
303.752: [Full GC [PSYoungGen: 138752K->33273K(161280K)] [ParOldGen: 367289K->367289K(367616K)] 506041K->400562K(528896K) [PSPermGen: 13648K->13648K(21504K)], 0.0723600 secs] [Times: user=0.51 sys=0.00, real=0.07 secs] 
303.825: Total time for which application threads were stopped: 0.0730790 seconds, Stopping threads took: 0.0000750 seconds
303.850: Application time: 0.0249320 seconds
303.850: [Full GC [PSYoungGen: 138752K->33288K(161280K)] [ParOldGen: 367289K->367289K(367616K)] 506041K->400578K(528896K) [PSPermGen: 13648K->13648K(21504K)], 0.0731860 secs] [Times: user=0.51 sys=0.00, real=0.08 secs] 
303.924: Total time for which application threads were stopped: 0.0738260 seconds, Stopping threads took: 0.0000590 seconds
303.948: Application time: 0.0248650 seconds
303.949: [Full GC [PSYoungGen: 138752K->33302K(161280K)] [ParOldGen: 367289K->367289K(367616K)] 506041K->400592K(528896K) [PSPermGen: 13648K->13648K(21504K)], 0.0730620 secs] [Times: user=0.51 sys=0.00, real=0.07 secs] 
304.022: Total time for which application threads were stopped: 0.0736840 seconds, Stopping threads took: 0.0000470 seconds
304.047: Application time: 0.0246370 seconds
304.047: [Full GC [PSYoungGen: 138752K->33319K(161280K)] [ParOldGen: 367289K->367289K(367616K)] 506041K->400608K(528896K) [PSPermGen: 13648K->13648K(21504K)], 0.0734550 secs] [Times: user=0.51 sys=0.00, real=0.07 secs] 
304.121: Total time for which application threads were stopped: 0.0741170 seconds, Stopping threads took: 0.0000790 seconds
304.146: Application time: 0.0247240 seconds
304.146: [Full GC [PSYoungGen: 138752K->33267K(161280K)] [ParOldGen: 367289K->367289K(367616K)] 506041K->400557K(528896K) [PSPermGen: 13648K->13648K(21504K)], 0.0732730 secs] [Times: user=0.51 sys=0.00, real=0.07 secs] 
304.220: Total time for which application threads were stopped: 0.0739370 seconds, Stopping threads took: 0.0000790 seconds
304.244: Application time: 0.0249240 seconds
304.245: [Full GC [PSYoungGen: 138752K->33276K(161280K)] [ParOldGen: 367289K->367289K(367616K)] 506041K->400565K(528896K) [PSPermGen: 13648K->13648K(21504K)], 0.0733790 secs] [Times: user=0.52 sys=0.00, real=0.07 secs] 
304.319: Total time for which application threads were stopped: 0.0740110 seconds, Stopping threads took: 0.0000690 seconds
304.343: Application time: 0.0249770 seconds
304.344: [Full GC [PSYoungGen: 138752K->33288K(161280K)] [ParOldGen: 367289K->367289K(367616K)] 506041K->400577K(528896K) [PSPermGen: 13648K->13648K(21504K)], 0.0735480 secs] [Times: user=0.51 sys=0.00, real=0.07 secs] 
304.418: Total time for which application threads were stopped: 0.0742320 seconds, Stopping threads took: 0.0000430 seconds
304.442: Application time: 0.0243860 seconds
304.443: [Full GC [PSYoungGen: 138752K->33309K(161280K)] [ParOldGen: 367289K->367289K(367616K)] 506041K->400599K(528896K) [PSPermGen: 13648K->13648K(21504K)], 0.0729740 secs] [Times: user=0.51 sys=0.00, real=0.08 secs] 
304.516: Total time for which application threads were stopped: 0.0736220 seconds, Stopping threads took: 0.0000840 seconds
304.540: Application time: 0.0244370 seconds
304.541: [Full GC [PSYoungGen: 138752K->33323K(161280K)] [ParOldGen: 367289K->367289K(367616K)] 506041K->400612K(528896K) [PSPermGen: 13648K->13648K(21504K)], 0.0722980 secs] [Times: user=0.51 sys=0.00, real=0.08 secs] 
304.613: Total time for which application threads were stopped: 0.0729200 seconds, Stopping threads took: 0.0000620 seconds
304.639: Application time: 0.0256730 seconds
304.639: [Full GC [PSYoungGen: 138752K->33336K(161280K)] [ParOldGen: 367289K->367289K(367616K)] 506041K->400625K(528896K) [PSPermGen: 13648K->13648K(21504K)], 0.0743430 secs] [Times: user=0.52 sys=0.00, real=0.08 secs] 
304.714: Total time for which application threads were stopped: 0.0749640 seconds, Stopping threads took: 0.0000660 seconds
304.739: Application time: 0.0248940 seconds
304.739: [Full GC [PSYoungGen: 138752K->33351K(161280K)] [ParOldGen: 367289K->367289K(367616K)] 506041K->400641K(528896K) [PSPermGen: 13648K->13648K(21504K)], 0.0736520 secs] [Times: user=0.51 sys=0.00, real=0.08 secs] 
304.813: Total time for which application threads were stopped: 0.0743360 seconds, Stopping threads took: 0.0000560 seconds
304.838: Application time: 0.0247790 seconds
304.838: [Full GC [PSYoungGen: 138752K->33366K(161280K)] [ParOldGen: 367289K->367289K(367616K)] 506041K->400656K(528896K) [PSPermGen: 13648K->13648K(21504K)], 0.0735880 secs] [Times: user=0.52 sys=0.00, real=0.08 secs] 
304.912: Total time for which application threads were stopped: 0.0742490 seconds, Stopping threads took: 0.0000770 seconds
304.937: Application time: 0.0245910 seconds
304.937: [Full GC [PSYoungGen: 138752K->33383K(161280K)] [ParOldGen: 367289K->367289K(367616K)] 506041K->400673K(528896K) [PSPermGen: 13648K->13648K(21504K)], 0.0733950 secs] [Times: user=0.52 sys=0.00, real=0.07 secs] 
305.011: Total time for which application threads were stopped: 0.0740110 seconds, Stopping threads took: 0.0000630 seconds
305.035: Application time: 0.0246370 seconds
305.036: [Full GC [PSYoungGen: 138752K->33399K(161280K)] [ParOldGen: 367289K->367289K(367616K)] 506041K->400688K(528896K) [PSPermGen: 13648K->13648K(21504K)], 0.0734180 secs] [Times: user=0.51 sys=0.01, real=0.07 secs] 
305.109: Total time for which application threads were stopped: 0.0740690 seconds, Stopping threads took: 0.0000770 seconds
305.134: Application time: 0.0248440 seconds
305.135: [Full GC [PSYoungGen: 138752K->33413K(161280K)] [ParOldGen: 367289K->367289K(367616K)] 506041K->400703K(528896K) [PSPermGen: 13648K->13648K(21504K)], 0.0728740 secs] [Times: user=0.51 sys=0.00, real=0.07 secs] 
305.208: Total time for which application threads were stopped: 0.0735250 seconds, Stopping threads took: 0.0000750 seconds
305.233: Application time: 0.0248270 seconds
305.233: [Full GC [PSYoungGen: 138752K->33427K(161280K)] [ParOldGen: 367289K->367289K(367616K)] 506041K->400717K(528896K) [PSPermGen: 13648K->13648K(21504K)], 0.0738420 secs] [Times: user=0.52 sys=0.00, real=0.07 secs] 
305.307: Total time for which application threads were stopped: 0.0745070 seconds, Stopping threads took: 0.0000640 seconds
305.332: Application time: 0.0246980 seconds
305.332: [Full GC [PSYoungGen: 138752K->33442K(161280K)] [ParOldGen: 367289K->367289K(367616K)] 506041K->400731K(528896K) [PSPermGen: 13648K->13648K(21504K)], 0.0739860 secs] [Times: user=0.52 sys=0.00, real=0.07 secs] 
305.406: Total time for which application threads were stopped: 0.0746440 seconds, Stopping threads took: 0.0000540 seconds
305.431: Application time: 0.0248410 seconds
305.432: [Full GC [PSYoungGen: 138752K->33458K(161280K)] [ParOldGen: 367289K->367289K(367616K)] 506041K->400747K(528896K) [PSPermGen: 13648K->13648K(21504K)], 0.0732420 secs] [Times: user=0.52 sys=0.00, real=0.07 secs] 
305.505: Total time for which application threads were stopped: 0.0739150 seconds, Stopping threads took: 0.0000740 seconds
305.530: Application time: 0.0245960 seconds
305.530: [Full GC [PSYoungGen: 138752K->33471K(161280K)] [ParOldGen: 367289K->367289K(367616K)] 506041K->400761K(528896K) [PSPermGen: 13648K->13648K(21504K)], 0.0737250 secs] [Times: user=0.53 sys=0.00, real=0.08 secs] 
305.604: Total time for which application threads were stopped: 0.0743520 seconds, Stopping threads took: 0.0000650 seconds
305.629: Application time: 0.0248530 seconds
305.630: [Full GC [PSYoungGen: 138752K->33487K(161280K)] [ParOldGen: 367289K->367289K(367616K)] 506041K->400776K(528896K) [PSPermGen: 13648K->13648K(21504K)], 0.0732310 secs] [Times: user=0.52 sys=0.00, real=0.07 secs] 
305.703: Total time for which application threads were stopped: 0.0738650 seconds, Stopping threads took: 0.0000500 seconds
305.727: Application time: 0.0245260 seconds
305.728: [Full GC [PSYoungGen: 138752K->33504K(161280K)] [ParOldGen: 367289K->367289K(367616K)] 506041K->400794K(528896K) [PSPermGen: 13648K->13648K(21504K)], 0.0729500 secs] [Times: user=0.51 sys=0.00, real=0.07 secs] 
305.801: Total time for which application threads were stopped: 0.0736410 seconds, Stopping threads took: 0.0000450 seconds
305.826: Application time: 0.0247550 seconds
305.826: [Full GC [PSYoungGen: 138752K->33517K(161280K)] [ParOldGen: 367289K->367289K(367616K)] 506041K->400806K(528896K) [PSPermGen: 13648K->13648K(21504K)], 0.0773490 secs] [Times: user=0.54 sys=0.00, real=0.08 secs] 
305.904: Total time for which application threads were stopped: 0.0780000 seconds, Stopping threads took: 0.0000630 seconds
305.929: Application time: 0.0249230 seconds
305.929: [Full GC [PSYoungGen: 138752K->33530K(161280K)] [ParOldGen: 367289K->367289K(367616K)] 506041K->400820K(528896K) [PSPermGen: 13648K->13648K(21504K)], 0.0729760 secs] [Times: user=0.51 sys=0.00, real=0.07 secs] 
306.002: Total time for which application threads were stopped: 0.0736200 seconds, Stopping threads took: 0.0000470 seconds
306.027: Application time: 0.0245890 seconds
306.028: [Full GC [PSYoungGen: 138752K->33548K(161280K)] [ParOldGen: 367289K->367289K(367616K)] 506041K->400837K(528896K) [PSPermGen: 13648K->13648K(21504K)], 0.0731390 secs] [Times: user=0.51 sys=0.00, real=0.07 secs] 
306.101: Total time for which application threads were stopped: 0.0738630 seconds, Stopping threads took: 0.0000680 seconds
306.126: Application time: 0.0248690 seconds
306.126: [Full GC [PSYoungGen: 138752K->33564K(161280K)] [ParOldGen: 367289K->367289K(367616K)] 506041K->400853K(528896K) [PSPermGen: 13648K->13648K(21504K)], 0.0746100 secs] [Times: user=0.52 sys=0.00, real=0.07 secs] 
306.201: Total time for which application threads were stopped: 0.0752490 seconds, Stopping threads took: 0.0000630 seconds
306.226: Application time: 0.0246360 seconds
306.226: [Full GC [PSYoungGen: 138752K->33578K(161280K)] [ParOldGen: 367289K->367289K(367616K)] 506041K->400868K(528896K) [PSPermGen: 13648K->13648K(21504K)], 0.0734160 secs] [Times: user=0.51 sys=0.00, real=0.07 secs] 
306.300: Total time for which application threads were stopped: 0.0740810 seconds, Stopping threads took: 0.0000850 seconds
306.324: Application time: 0.0245510 seconds
306.325: [Full GC [PSYoungGen: 138752K->33595K(161280K)] [ParOldGen: 367289K->367289K(367616K)] 506041K->400884K(528896K) [PSPermGen: 13648K->13648K(21504K)], 0.2060580 secs] [Times: user=1.52 sys=0.00, real=0.20 secs] 
306.531: Total time for which application threads were stopped: 0.2067310 seconds, Stopping threads took: 0.0000890 seconds
306.556: Application time: 0.0250250 seconds
306.557: [Full GC [PSYoungGen: 138752K->33608K(161280K)] [ParOldGen: 367289K->367289K(367616K)] 506041K->400897K(528896K) [PSPermGen: 13648K->13648K(21504K)], 0.0741950 secs] [Times: user=0.52 sys=0.00, real=0.07 secs] 
306.631: Total time for which application threads were stopped: 0.0750640 seconds, Stopping threads took: 0.0002660 seconds
306.658: Application time: 0.0265140 seconds
306.658: [Full GC [PSYoungGen: 138752K->33623K(161280K)] [ParOldGen: 367289K->367289K(367616K)] 506041K->400912K(528896K) [PSPermGen: 13648K->13648K(21504K)], 0.0734530 secs] [Times: user=0.52 sys=0.00, real=0.08 secs] 
306.732: Total time for which application threads were stopped: 0.0741120 seconds, Stopping threads took: 0.0001030 seconds
306.757: Application time: 0.0251650 seconds
306.757: [Full GC [PSYoungGen: 138752K->33640K(161280K)] [ParOldGen: 367289K->367289K(367616K)] 506041K->400929K(528896K) [PSPermGen: 13648K->13648K(21504K)], 0.0744820 secs] [Times: user=0.52 sys=0.00, real=0.08 secs] 
306.832: Total time for which application threads were stopped: 0.0751440 seconds, Stopping threads took: 0.0000940 seconds
306.858: Application time: 0.0264090 seconds
306.859: [Full GC [PSYoungGen: 138752K->33433K(161280K)] [ParOldGen: 367289K->367289K(367616K)] 506041K->400722K(528896K) [PSPermGen: 13648K->13648K(21504K)], 0.0738540 secs] [Times: user=0.51 sys=0.00, real=0.08 secs] 
306.933: Total time for which application threads were stopped: 0.0746700 seconds, Stopping threads took: 0.0002390 seconds
306.958: Application time: 0.0247440 seconds
306.958: [Full GC [PSYoungGen: 138752K->33388K(161280K)] [ParOldGen: 367289K->367289K(367616K)] 506041K->400677K(528896K) [PSPermGen: 13648K->13648K(21504K)], 0.0728560 secs] [Times: user=0.51 sys=0.00, real=0.07 secs] 
307.031: Total time for which application threads were stopped: 0.0735710 seconds, Stopping threads took: 0.0000640 seconds
307.057: Application time: 0.0252640 seconds
307.057: [Full GC [PSYoungGen: 138752K->33348K(161280K)] [ParOldGen: 367289K->367289K(367616K)] 506041K->400638K(528896K) [PSPermGen: 13648K->13648K(21504K)], 0.0735550 secs] [Times: user=0.51 sys=0.00, real=0.07 secs] 
307.131: Total time for which application threads were stopped: 0.0741800 seconds, Stopping threads took: 0.0000650 seconds
307.156: Application time: 0.0252370 seconds
307.157: [Full GC [PSYoungGen: 138752K->33348K(161280K)] [ParOldGen: 367289K->367289K(367616K)] 506041K->400637K(528896K) [PSPermGen: 13648K->13648K(21504K)], 0.0748380 secs] [Times: user=0.52 sys=0.00, real=0.08 secs] 
307.232: Total time for which application threads were stopped: 0.0755320 seconds, Stopping threads took: 0.0000790 seconds
307.257: Application time: 0.0251840 seconds
307.257: [Full GC [PSYoungGen: 138752K->33309K(161280K)] [ParOldGen: 367289K->367289K(367616K)] 506041K->400599K(528896K) [PSPermGen: 13648K->13648K(21504K)], 0.0738030 secs] [Times: user=0.52 sys=0.00, real=0.07 secs] 
307.331: Total time for which application threads were stopped: 0.0744400 seconds, Stopping threads took: 0.0000680 seconds
307.356: Application time: 0.0249840 seconds
307.357: [Full GC [PSYoungGen: 138752K->33307K(161280K)] [ParOldGen: 367289K->367289K(367616K)] 506041K->400597K(528896K) [PSPermGen: 13648K->13648K(21504K)], 0.0731230 secs] [Times: user=0.51 sys=0.00, real=0.07 secs] 
307.430: Total time for which application threads were stopped: 0.0737410 seconds, Stopping threads took: 0.0000520 seconds
307.455: Application time: 0.0252490 seconds
307.456: [Full GC [PSYoungGen: 138752K->33322K(161280K)] [ParOldGen: 367289K->367289K(367616K)] 506041K->400612K(528896K) [PSPermGen: 13648K->13648K(21504K)], 0.0742340 secs] [Times: user=0.52 sys=0.01, real=0.07 secs] 
307.530: Total time for which application threads were stopped: 0.0749290 seconds, Stopping threads took: 0.0000900 seconds
307.555: Application time: 0.0252190 seconds
307.556: [Full GC [PSYoungGen: 138752K->33339K(161280K)] [ParOldGen: 367289K->367289K(367616K)] 506041K->400629K(528896K) [PSPermGen: 13648K->13648K(21504K)], 0.0743530 secs] [Times: user=0.52 sys=0.00, real=0.07 secs] 
307.630: Total time for which application threads were stopped: 0.0749920 seconds, Stopping threads took: 0.0000560 seconds
307.657: Application time: 0.0268690 seconds
307.658: [Full GC [PSYoungGen: 138752K->33354K(161280K)] [ParOldGen: 367289K->367289K(367616K)] 506041K->400644K(528896K) [PSPermGen: 13648K->13648K(21504K)], 0.0733800 secs] [Times: user=0.51 sys=0.00, real=0.07 secs] 
307.731: Total time for which application threads were stopped: 0.0740820 seconds, Stopping threads took: 0.0000730 seconds
307.756: Application time: 0.0251280 seconds
307.757: [Full GC [PSYoungGen: 138752K->33314K(161280K)] [ParOldGen: 367289K->367289K(367616K)] 506041K->400603K(528896K) [PSPermGen: 13648K->13648K(21504K)], 0.0730660 secs] [Times: user=0.51 sys=0.00, real=0.07 secs] 
307.830: Total time for which application threads were stopped: 0.0737190 seconds, Stopping threads took: 0.0000940 seconds
307.855: Application time: 0.0250060 seconds
307.856: [Full GC [PSYoungGen: 138752K->33312K(161280K)] [ParOldGen: 367289K->367289K(367616K)] 506041K->400601K(528896K) [PSPermGen: 13648K->13648K(21504K)], 0.0726390 secs] [Times: user=0.51 sys=0.00, real=0.07 secs] 
307.929: Total time for which application threads were stopped: 0.0733740 seconds, Stopping threads took: 0.0000750 seconds
307.954: Application time: 0.0249710 seconds
307.954: [Full GC [PSYoungGen: 138752K->33329K(161280K)] [ParOldGen: 367289K->367289K(367616K)] 506041K->400618K(528896K) [PSPermGen: 13648K->13648K(21504K)], 0.0726110 secs] [Times: user=0.50 sys=0.00, real=0.07 secs] 
308.027: Total time for which application threads were stopped: 0.0733250 seconds, Stopping threads took: 0.0000830 seconds
308.052: Application time: 0.0249370 seconds
308.052: [Full GC [PSYoungGen: 138752K->33342K(161280K)] [ParOldGen: 367289K->367289K(367616K)] 506041K->400631K(528896K) [PSPermGen: 13648K->13648K(21504K)], 0.0756050 secs] [Times: user=0.54 sys=0.00, real=0.07 secs] 
308.128: Total time for which application threads were stopped: 0.0762570 seconds, Stopping threads took: 0.0000850 seconds
308.153: Application time: 0.0251770 seconds
308.154: [Full GC [PSYoungGen: 138752K->33303K(161280K)] [ParOldGen: 367289K->367289K(367616K)] 506041K->400592K(528896K) [PSPermGen: 13648K->13648K(21504K)], 0.0721520 secs] [Times: user=0.50 sys=0.00, real=0.07 secs] 
308.226: Total time for which application threads were stopped: 0.0728520 seconds, Stopping threads took: 0.0000680 seconds
308.251: Application time: 0.0247140 seconds
308.251: [Full GC [PSYoungGen: 138752K->33302K(161280K)] [ParOldGen: 367289K->367289K(367616K)] 506041K->400592K(528896K) [PSPermGen: 13648K->13648K(21504K)], 0.0728500 secs] [Times: user=0.51 sys=0.00, real=0.07 secs] 
308.324: Total time for which application threads were stopped: 0.0734880 seconds, Stopping threads took: 0.0000410 seconds
308.349: Application time: 0.0249090 seconds
308.350: [Full GC [PSYoungGen: 138752K->33316K(161280K)] [ParOldGen: 367289K->367289K(367616K)] 506041K->400605K(528896K) [PSPermGen: 13648K->13648K(21504K)], 0.0730840 secs] [Times: user=0.51 sys=0.00, real=0.07 secs] 
308.423: Total time for which application threads were stopped: 0.0737160 seconds, Stopping threads took: 0.0000710 seconds
308.448: Application time: 0.0248250 seconds
308.448: [Full GC [PSYoungGen: 138752K->33333K(161280K)] [ParOldGen: 367289K->367289K(367616K)] 506041K->400622K(528896K) [PSPermGen: 13648K->13648K(21504K)], 0.0724120 secs] [Times: user=0.51 sys=0.00, real=0.07 secs] 
308.521: Total time for which application threads were stopped: 0.0731100 seconds, Stopping threads took: 0.0000660 seconds
308.546: Application time: 0.0246790 seconds
308.546: [Full GC [PSYoungGen: 138752K->33348K(161280K)] [ParOldGen: 367289K->367289K(367616K)] 506041K->400637K(528896K) [PSPermGen: 13648K->13648K(21504K)], 0.0731190 secs] [Times: user=0.50 sys=0.01, real=0.07 secs] 
308.619: Total time for which application threads were stopped: 0.0738410 seconds, Stopping threads took: 0.0000630 seconds
308.645: Application time: 0.0259000 seconds
308.646: [Full GC [PSYoungGen: 138752K->33361K(161280K)] [ParOldGen: 367289K->367289K(367616K)] 506041K->400650K(528896K) [PSPermGen: 13648K->13648K(21504K)], 0.0732540 secs] [Times: user=0.51 sys=0.00, real=0.07 secs] 
308.719: Total time for which application threads were stopped: 0.0739090 seconds, Stopping threads took: 0.0000700 seconds
308.744: Application time: 0.0250060 seconds
308.745: [Full GC [PSYoungGen: 138752K->33378K(161280K)] [ParOldGen: 367289K->367289K(367616K)] 506041K->400667K(528896K) [PSPermGen: 13648K->13648K(21504K)], 0.0731660 secs] [Times: user=0.51 sys=0.00, real=0.07 secs] 
308.818: Total time for which application threads were stopped: 0.0737920 seconds, Stopping threads took: 0.0000650 seconds
308.843: Application time: 0.0252900 seconds
308.844: [Full GC [PSYoungGen: 138752K->33393K(161280K)] [ParOldGen: 367289K->367289K(367616K)] 506041K->400682K(528896K) [PSPermGen: 13648K->13648K(21504K)], 0.0741050 secs] [Times: user=0.52 sys=0.00, real=0.07 secs] 
308.918: Total time for which application threads were stopped: 0.0748190 seconds, Stopping threads took: 0.0001090 seconds
308.943: Application time: 0.0248400 seconds
308.944: [Full GC [PSYoungGen: 138752K->33405K(161280K)] [ParOldGen: 367289K->367289K(367616K)] 506041K->400695K(528896K) [PSPermGen: 13648K->13648K(21504K)], 0.0752830 secs] [Times: user=0.53 sys=0.00, real=0.07 secs] 
309.019: Total time for which application threads were stopped: 0.0759790 seconds, Stopping threads took: 0.0000650 seconds
309.044: Application time: 0.0249820 seconds
309.044: [Full GC [PSYoungGen: 138752K->33423K(161280K)] [ParOldGen: 367289K->367289K(367616K)] 506041K->400713K(528896K) [PSPermGen: 13648K->13648K(21504K)], 0.0754760 secs] [Times: user=0.53 sys=0.00, real=0.07 secs] 
309.120: Total time for which application threads were stopped: 0.0761180 seconds, Stopping threads took: 0.0000660 seconds
309.145: Application time: 0.0252810 seconds
309.146: [Full GC [PSYoungGen: 138752K->33434K(161280K)] [ParOldGen: 367289K->367289K(367616K)] 506041K->400724K(528896K) [PSPermGen: 13648K->13648K(21504K)], 0.0750950 secs] [Times: user=0.52 sys=0.00, real=0.07 secs] 
309.221: Total time for which application threads were stopped: 0.0757930 seconds, Stopping threads took: 0.0000620 seconds
309.247: Application time: 0.0254450 seconds
309.247: [Full GC [PSYoungGen: 138752K->33453K(161280K)] [ParOldGen: 367289K->367289K(367616K)] 506041K->400742K(528896K) [PSPermGen: 13648K->13648K(21504K)], 0.0742330 secs] [Times: user=0.52 sys=0.00, real=0.07 secs] 
309.321: Total time for which application threads were stopped: 0.0749030 seconds, Stopping threads took: 0.0000980 seconds
309.346: Application time: 0.0247130 seconds
309.347: [Full GC [PSYoungGen: 138752K->33464K(161280K)] [ParOldGen: 367289K->367289K(367616K)] 506041K->400753K(528896K) [PSPermGen: 13648K->13648K(21504K)], 0.0732570 secs] [Times: user=0.51 sys=0.00, real=0.07 secs] 
309.420: Total time for which application threads were stopped: 0.0739560 seconds, Stopping threads took: 0.0000550 seconds
309.445: Application time: 0.0249060 seconds
309.446: [Full GC [PSYoungGen: 138752K->33483K(161280K)] [ParOldGen: 367289K->367289K(367616K)] 506041K->400773K(528896K) [PSPermGen: 13648K->13648K(21504K)], 0.0736000 secs] [Times: user=0.52 sys=0.00, real=0.07 secs] 
309.519: Total time for which application threads were stopped: 0.0742530 seconds, Stopping threads took: 0.0000760 seconds
309.545: Application time: 0.0252140 seconds
309.545: [Full GC [PSYoungGen: 138752K->33498K(161280K)] [ParOldGen: 367289K->367289K(367616K)] 506041K->400787K(528896K) [PSPermGen: 13648K->13648K(21504K)], 0.0730220 secs] [Times: user=0.52 sys=0.00, real=0.07 secs] 
309.618: Total time for which application threads were stopped: 0.0736580 seconds, Stopping threads took: 0.0000480 seconds
309.644: Application time: 0.0254530 seconds
309.644: [Full GC [PSYoungGen: 138752K->33508K(161280K)] [ParOldGen: 367289K->367289K(367616K)] 506041K->400798K(528896K) [PSPermGen: 13648K->13648K(21504K)], 0.0730370 secs] [Times: user=0.52 sys=0.00, real=0.07 secs] 
309.718: Total time for which application threads were stopped: 0.0738870 seconds, Stopping threads took: 0.0000860 seconds
309.743: Application time: 0.0254670 seconds
309.744: [Full GC [PSYoungGen: 138752K->33525K(161280K)] [ParOldGen: 367289K->367289K(367616K)] 506041K->400814K(528896K) [PSPermGen: 13648K->13648K(21504K)], 0.0756560 secs] [Times: user=0.53 sys=0.00, real=0.07 secs] 
309.819: Total time for which application threads were stopped: 0.0763170 seconds, Stopping threads took: 0.0000720 seconds
309.844: Application time: 0.0250290 seconds
309.845: [Full GC [PSYoungGen: 138752K->33543K(161280K)] [ParOldGen: 367289K->367289K(367616K)] 506041K->400833K(528896K) [PSPermGen: 13648K->13648K(21504K)], 0.0739390 secs] [Times: user=0.53 sys=0.00, real=0.07 secs] 
309.919: Total time for which application threads were stopped: 0.0746270 seconds, Stopping threads took: 0.0000950 seconds
309.944: Application time: 0.0250490 seconds
309.945: [Full GC [PSYoungGen: 138752K->33558K(161280K)] [ParOldGen: 367289K->367289K(367616K)] 506041K->400847K(528896K) [PSPermGen: 13648K->13648K(21504K)], 0.0729170 secs] [Times: user=0.51 sys=0.00, real=0.07 secs] 
310.018: Total time for which application threads were stopped: 0.0735910 seconds, Stopping threads took: 0.0000720 seconds
310.043: Application time: 0.0250150 seconds
310.043: [Full GC [PSYoungGen: 138752K->33569K(161280K)] [ParOldGen: 367289K->367289K(367616K)] 506041K->400858K(528896K) [PSPermGen: 13648K->13648K(21504K)], 0.0742700 secs] [Times: user=0.52 sys=0.00, real=0.08 secs] 
310.118: Total time for which application threads were stopped: 0.0749700 seconds, Stopping threads took: 0.0001110 seconds
310.143: Application time: 0.0253380 seconds
310.144: [Full GC [PSYoungGen: 138752K->33590K(161280K)] [ParOldGen: 367289K->367289K(367616K)] 506041K->400879K(528896K) [PSPermGen: 13648K->13648K(21504K)], 0.0744320 secs] [Times: user=0.52 sys=0.00, real=0.07 secs] 
310.218: Total time for which application threads were stopped: 0.0750930 seconds, Stopping threads took: 0.0000700 seconds
310.243: Application time: 0.0247640 seconds
310.243: [Full GC [PSYoungGen: 138752K->33606K(161280K)] [ParOldGen: 367289K->367289K(367616K)] 506041K->400895K(528896K) [PSPermGen: 13648K->13648K(21504K)], 0.0740250 secs] [Times: user=0.52 sys=0.00, real=0.07 secs] 
310.318: Total time for which application threads were stopped: 0.0746850 seconds, Stopping threads took: 0.0000930 seconds
310.344: Application time: 0.0265310 seconds
310.345: [Full GC [PSYoungGen: 138752K->33497K(161280K)] [ParOldGen: 367289K->367289K(367616K)] 506041K->400787K(528896K) [PSPermGen: 13648K->13648K(21504K)], 0.0726870 secs] [Times: user=0.52 sys=0.00, real=0.07 secs] 
310.417: Total time for which application threads were stopped: 0.0733450 seconds, Stopping threads took: 0.0000770 seconds
310.442: Application time: 0.0248060 seconds
310.443: [Full GC [PSYoungGen: 138752K->33494K(161280K)] [ParOldGen: 367289K->367289K(367616K)] 506041K->400784K(528896K) [PSPermGen: 13648K->13648K(21504K)], 0.0728130 secs] [Times: user=0.52 sys=0.00, real=0.08 secs] 
310.516: Total time for which application threads were stopped: 0.0734460 seconds, Stopping threads took: 0.0000620 seconds
310.540: Application time: 0.0245860 seconds
310.541: [Full GC [PSYoungGen: 138752K->33508K(161280K)] [ParOldGen: 367289K->367289K(367616K)] 506041K->400797K(528896K) [PSPermGen: 13648K->13648K(21504K)], 0.0734040 secs] [Times: user=0.52 sys=0.00, real=0.08 secs] 
310.614: Total time for which application threads were stopped: 0.0740550 seconds, Stopping threads took: 0.0000580 seconds
310.639: Application time: 0.0251510 seconds
310.640: [Full GC [PSYoungGen: 138752K->33404K(161280K)] [ParOldGen: 367289K->367289K(367616K)] 506041K->400693K(528896K) [PSPermGen: 13648K->13648K(21504K)], 0.0779660 secs] [Times: user=0.54 sys=0.00, real=0.08 secs] 
310.718: Total time for which application threads were stopped: 0.0788550 seconds, Stopping threads took: 0.0001090 seconds
310.744: Application time: 0.0253400 seconds
310.744: [Full GC [PSYoungGen: 138752K->33331K(161280K)] [ParOldGen: 367289K->367289K(367616K)] 506041K->400620K(528896K) [PSPermGen: 13648K->13648K(21504K)], 0.0736800 secs] [Times: user=0.50 sys=0.01, real=0.07 secs] 
310.818: Total time for which application threads were stopped: 0.0743620 seconds, Stopping threads took: 0.0001060 seconds
310.843: Application time: 0.0251840 seconds
310.844: [Full GC [PSYoungGen: 138752K->33285K(161280K)] [ParOldGen: 367289K->367289K(367616K)] 506041K->400574K(528896K) [PSPermGen: 13648K->13648K(21504K)], 0.0727610 secs] [Times: user=0.52 sys=0.00, real=0.07 secs] 
310.917: Total time for which application threads were stopped: 0.0734840 seconds, Stopping threads took: 0.0000790 seconds
310.942: Application time: 0.0249890 seconds
310.942: [Full GC [PSYoungGen: 138752K->33288K(161280K)] [ParOldGen: 367289K->367289K(367616K)] 506041K->400577K(528896K) [PSPermGen: 13648K->13648K(21504K)], 0.0736610 secs] [Times: user=0.51 sys=0.00, real=0.08 secs] 
311.016: Total time for which application threads were stopped: 0.0743070 seconds, Stopping threads took: 0.0000750 seconds
311.041: Application time: 0.0248400 seconds
311.041: [Full GC [PSYoungGen: 138752K->33301K(161280K)] [ParOldGen: 367289K->367289K(367616K)] 506041K->400590K(528896K) [PSPermGen: 13648K->13648K(21504K)], 0.0731860 secs] [Times: user=0.52 sys=0.00, real=0.08 secs] 
311.115: Total time for which application threads were stopped: 0.0738700 seconds, Stopping threads took: 0.0000780 seconds
311.140: Application time: 0.0248070 seconds
311.140: [Full GC [PSYoungGen: 138752K->33319K(161280K)] [ParOldGen: 367289K->367289K(367616K)] 506041K->400608K(528896K) [PSPermGen: 13648K->13648K(21504K)], 0.0741740 secs] [Times: user=0.52 sys=0.00, real=0.08 secs] 
311.214: Total time for which application threads were stopped: 0.0748260 seconds, Stopping threads took: 0.0000680 seconds
311.239: Application time: 0.0250470 seconds
311.240: [Full GC [PSYoungGen: 138752K->33334K(161280K)] [ParOldGen: 367289K->367289K(367616K)] 506041K->400623K(528896K) [PSPermGen: 13648K->13648K(21504K)], 0.0739040 secs] [Times: user=0.52 sys=0.00, real=0.08 secs] 
311.314: Total time for which application threads were stopped: 0.0745700 seconds, Stopping threads took: 0.0000810 seconds
311.339: Application time: 0.0252510 seconds
311.340: [Full GC [PSYoungGen: 138752K->33350K(161280K)] [ParOldGen: 367289K->367289K(367616K)] 506041K->400639K(528896K) [PSPermGen: 13648K->13648K(21504K)], 0.0741460 secs] [Times: user=0.52 sys=0.00, real=0.08 secs] 
311.414: Total time for which application threads were stopped: 0.0748110 seconds, Stopping threads took: 0.0000930 seconds
311.439: Application time: 0.0252970 seconds
311.440: [Full GC [PSYoungGen: 138752K->33361K(161280K)] [ParOldGen: 367289K->367289K(367616K)] 506041K->400650K(528896K) [PSPermGen: 13648K->13648K(21504K)], 0.0739110 secs] [Times: user=0.52 sys=0.00, real=0.08 secs] 
311.514: Total time for which application threads were stopped: 0.0746140 seconds, Stopping threads took: 0.0001240 seconds
311.539: Application time: 0.0252880 seconds
311.540: [Full GC [PSYoungGen: 138752K->33379K(161280K)] [ParOldGen: 367289K->367289K(367616K)] 506041K->400668K(528896K) [PSPermGen: 13648K->13648K(21504K)], 0.0733490 secs] [Times: user=0.51 sys=0.00, real=0.08 secs] 
311.613: Total time for which application threads were stopped: 0.0740710 seconds, Stopping threads took: 0.0000760 seconds
311.638: Application time: 0.0250490 seconds
311.639: [Full GC [PSYoungGen: 138752K->33394K(161280K)] [ParOldGen: 367289K->367289K(367616K)] 506041K->400684K(528896K) [PSPermGen: 13648K->13648K(21504K)], 0.0736310 secs] [Times: user=0.52 sys=0.00, real=0.08 secs] 
311.713: Total time for which application threads were stopped: 0.0743100 seconds, Stopping threads took: 0.0000910 seconds
311.738: Application time: 0.0251510 seconds
311.738: [Full GC [PSYoungGen: 138752K->33354K(161280K)] [ParOldGen: 367289K->367289K(367616K)] 506041K->400644K(528896K) [PSPermGen: 13648K->13648K(21504K)], 0.0731970 secs] [Times: user=0.52 sys=0.00, real=0.08 secs] 
311.812: Total time for which application threads were stopped: 0.0738380 seconds, Stopping threads took: 0.0000790 seconds
311.836: Application time: 0.0247940 seconds
311.837: [Full GC [PSYoungGen: 138752K->33354K(161280K)] [ParOldGen: 367289K->367289K(367616K)] 506041K->400643K(528896K) [PSPermGen: 13648K->13648K(21504K)], 0.0733660 secs] [Times: user=0.51 sys=0.00, real=0.07 secs] 
311.911: Total time for which application threads were stopped: 0.0740850 seconds, Stopping threads took: 0.0000860 seconds
311.935: Application time: 0.0245910 seconds
311.936: [Full GC [PSYoungGen: 138752K->33368K(161280K)] [ParOldGen: 367289K->367289K(367616K)] 506041K->400657K(528896K) [PSPermGen: 13648K->13648K(21504K)], 0.0726480 secs] [Times: user=0.51 sys=0.00, real=0.07 secs] 
312.009: Total time for which application threads were stopped: 0.0733570 seconds, Stopping threads took: 0.0000670 seconds
312.034: Application time: 0.0251230 seconds
312.034: [Full GC [PSYoungGen: 138752K->33328K(161280K)] [ParOldGen: 367289K->367289K(367616K)] 506041K->400617K(528896K) [PSPermGen: 13648K->13648K(21504K)], 0.0730760 secs] [Times: user=0.51 sys=0.00, real=0.07 secs] 
312.107: Total time for which application threads were stopped: 0.0737270 seconds, Stopping threads took: 0.0000720 seconds
312.133: Application time: 0.0251330 seconds
312.133: [Full GC [PSYoungGen: 138752K->33326K(161280K)] [ParOldGen: 367289K->367289K(367616K)] 506041K->400615K(528896K) [PSPermGen: 13648K->13648K(21504K)], 0.0746010 secs] [Times: user=0.51 sys=0.00, real=0.07 secs] 
312.208: Total time for which application threads were stopped: 0.0752670 seconds, Stopping threads took: 0.0000690 seconds
312.233: Application time: 0.0253010 seconds
312.234: [Full GC [PSYoungGen: 138752K->33344K(161280K)] [ParOldGen: 367289K->367289K(367616K)] 506041K->400633K(528896K) [PSPermGen: 13648K->13648K(21504K)], 0.0732690 secs] [Times: user=0.52 sys=0.00, real=0.07 secs] 
312.307: Total time for which application threads were stopped: 0.0739470 seconds, Stopping threads took: 0.0000620 seconds
312.332: Application time: 0.0249870 seconds
312.333: [Full GC [PSYoungGen: 138752K->33358K(161280K)] [ParOldGen: 367289K->367289K(367616K)] 506041K->400647K(528896K) [PSPermGen: 13648K->13648K(21504K)], 0.0735330 secs] [Times: user=0.51 sys=0.00, real=0.07 secs] 
312.406: Total time for which application threads were stopped: 0.0742120 seconds, Stopping threads took: 0.0000830 seconds
312.431: Application time: 0.0249970 seconds
312.432: [Full GC [PSYoungGen: 138752K->33373K(161280K)] [ParOldGen: 367289K->367289K(367616K)] 506041K->400662K(528896K) [PSPermGen: 13648K->13648K(21504K)], 0.0729660 secs] [Times: user=0.52 sys=0.00, real=0.07 secs] 
312.505: Total time for which application threads were stopped: 0.0736290 seconds, Stopping threads took: 0.0000830 seconds
312.530: Application time: 0.0249080 seconds
312.530: [Full GC [PSYoungGen: 138752K->33388K(161280K)] [ParOldGen: 367289K->367289K(367616K)] 506041K->400677K(528896K) [PSPermGen: 13648K->13648K(21504K)], 0.0737600 secs] [Times: user=0.52 sys=0.00, real=0.08 secs] 
312.604: Total time for which application threads were stopped: 0.0743870 seconds, Stopping threads took: 0.0000490 seconds
312.629: Application time: 0.0250810 seconds
312.630: [Full GC [PSYoungGen: 138752K->33404K(161280K)] [ParOldGen: 367289K->367289K(367616K)] 506041K->400693K(528896K) [PSPermGen: 13648K->13648K(21504K)], 0.0748300 secs] [Times: user=0.53 sys=0.00, real=0.08 secs] 
312.705: Total time for which application threads were stopped: 0.0754580 seconds, Stopping threads took: 0.0000530 seconds
312.730: Application time: 0.0248480 seconds
312.730: [Full GC [PSYoungGen: 138752K->33419K(161280K)] [ParOldGen: 367289K->367289K(367616K)] 506041K->400708K(528896K) [PSPermGen: 13648K->13648K(21504K)], 0.0729570 secs] [Times: user=0.51 sys=0.00, real=0.07 secs] 
312.803: Total time for which application threads were stopped: 0.0735840 seconds, Stopping threads took: 0.0000480 seconds
312.828: Application time: 0.0247760 seconds
312.829: [Full GC [PSYoungGen: 138752K->33434K(161280K)] [ParOldGen: 367289K->367289K(367616K)] 506041K->400723K(528896K) [PSPermGen: 13648K->13648K(21504K)], 0.0747330 secs] [Times: user=0.52 sys=0.00, real=0.07 secs] 
312.903: Total time for which application threads were stopped: 0.0753630 seconds, Stopping threads took: 0.0000490 seconds
312.928: Application time: 0.0250150 seconds
312.929: [Full GC [PSYoungGen: 138752K->33445K(161280K)] [ParOldGen: 367289K->367289K(367616K)] 506041K->400734K(528896K) [PSPermGen: 13648K->13648K(21504K)], 0.0746560 secs] [Times: user=0.52 sys=0.00, real=0.08 secs] 
313.004: Total time for which application threads were stopped: 0.0752770 seconds, Stopping threads took: 0.0000500 seconds
313.028: Application time: 0.0247250 seconds
313.029: [Full GC [PSYoungGen: 138752K->33460K(161280K)] [ParOldGen: 367289K->367289K(367616K)] 506041K->400750K(528896K) [PSPermGen: 13648K->13648K(21504K)], 0.0739980 secs] [Times: user=0.52 sys=0.00, real=0.07 secs] 
313.103: Total time for which application threads were stopped: 0.0746410 seconds, Stopping threads took: 0.0000680 seconds
313.128: Application time: 0.0250130 seconds
313.129: [Full GC [PSYoungGen: 138752K->33478K(161280K)] [ParOldGen: 367289K->367289K(367616K)] 506041K->400767K(528896K) [PSPermGen: 13648K->13648K(21504K)], 0.0744030 secs] [Times: user=0.51 sys=0.00, real=0.07 secs] 
313.203: Total time for which application threads were stopped: 0.0750500 seconds, Stopping threads took: 0.0000760 seconds
313.228: Application time: 0.0250670 seconds
313.229: [Full GC [PSYoungGen: 138752K->33493K(161280K)] [ParOldGen: 367289K->367289K(367616K)] 506041K->400782K(528896K) [PSPermGen: 13648K->13648K(21504K)], 0.0732550 secs] [Times: user=0.52 sys=0.00, real=0.07 secs] 
313.302: Total time for which application threads were stopped: 0.0738880 seconds, Stopping threads took: 0.0000630 seconds
313.327: Application time: 0.0247720 seconds
313.327: [Full GC [PSYoungGen: 138752K->33508K(161280K)] [ParOldGen: 367289K->367289K(367616K)] 506041K->400797K(528896K) [PSPermGen: 13648K->13648K(21504K)], 0.0732210 secs] [Times: user=0.51 sys=0.00, real=0.07 secs] 
313.401: Total time for which application threads were stopped: 0.0739250 seconds, Stopping threads took: 0.0000560 seconds
313.426: Application time: 0.0252900 seconds
313.427: [Full GC [PSYoungGen: 138752K->33522K(161280K)] [ParOldGen: 367289K->367289K(367616K)] 506041K->400811K(528896K) [PSPermGen: 13648K->13648K(21504K)], 0.0742510 secs] [Times: user=0.52 sys=0.00, real=0.07 secs] 
313.501: Total time for which application threads were stopped: 0.0749200 seconds, Stopping threads took: 0.0000530 seconds
313.526: Application time: 0.0251720 seconds
313.527: [Full GC [PSYoungGen: 138752K->33532K(161280K)] [ParOldGen: 367289K->367289K(367616K)] 506041K->400822K(528896K) [PSPermGen: 13648K->13648K(21504K)], 0.0743710 secs] [Times: user=0.53 sys=0.00, real=0.07 secs] 
313.601: Total time for which application threads were stopped: 0.0749930 seconds, Stopping threads took: 0.0000460 seconds
313.626: Application time: 0.0251180 seconds
313.627: [Full GC [PSYoungGen: 138752K->33552K(161280K)] [ParOldGen: 367289K->367289K(367616K)] 506041K->400841K(528896K) [PSPermGen: 13648K->13648K(21504K)], 0.0743790 secs] [Times: user=0.52 sys=0.00, real=0.07 secs] 
313.701: Total time for which application threads were stopped: 0.0750250 seconds, Stopping threads took: 0.0000550 seconds
313.727: Application time: 0.0260110 seconds
313.728: [Full GC [PSYoungGen: 138752K->33564K(161280K)] [ParOldGen: 367289K->367289K(367616K)] 506041K->400853K(528896K) [PSPermGen: 13648K->13648K(21504K)], 0.0752190 secs] [Times: user=0.53 sys=0.00, real=0.07 secs] 
313.803: Total time for which application threads were stopped: 0.0758650 seconds, Stopping threads took: 0.0000520 seconds
313.829: Application time: 0.0253830 seconds
313.829: [Full GC [PSYoungGen: 138752K->33585K(161280K)] [ParOldGen: 367289K->367289K(367616K)] 506041K->400874K(528896K) [PSPermGen: 13648K->13648K(21504K)], 0.0731680 secs] [Times: user=0.52 sys=0.00, real=0.07 secs] 
313.902: Total time for which application threads were stopped: 0.0738650 seconds, Stopping threads took: 0.0000520 seconds
313.929: Application time: 0.0263240 seconds
313.929: [Full GC [PSYoungGen: 138752K->33492K(161280K)] [ParOldGen: 367289K->367289K(367616K)] 506041K->400782K(528896K) [PSPermGen: 13648K->13648K(21504K)], 0.0734240 secs] [Times: user=0.52 sys=0.00, real=0.07 secs] 
314.003: Total time for which application threads were stopped: 0.0741130 seconds, Stopping threads took: 0.0000800 seconds
314.028: Application time: 0.0253500 seconds
314.029: [Full GC [PSYoungGen: 138752K->33476K(161280K)] [ParOldGen: 367289K->367289K(367616K)] 506041K->400765K(528896K) [PSPermGen: 13648K->13648K(21504K)], 0.0745800 secs] [Times: user=0.53 sys=0.00, real=0.08 secs] 
314.103: Total time for which application threads were stopped: 0.0752360 seconds, Stopping threads took: 0.0000700 seconds
314.129: Application time: 0.0251710 seconds
314.129: [Full GC [PSYoungGen: 138752K->33489K(161280K)] [ParOldGen: 367289K->367289K(367616K)] 506041K->400779K(528896K) [PSPermGen: 13648K->13648K(21504K)], 0.0743940 secs] [Times: user=0.52 sys=0.00, real=0.08 secs] 
314.204: Total time for which application threads were stopped: 0.0750490 seconds, Stopping threads took: 0.0000720 seconds
314.229: Application time: 0.0255290 seconds
314.230: [Full GC [PSYoungGen: 138752K->33450K(161280K)] [ParOldGen: 367289K->367289K(367616K)] 506041K->400739K(528896K) [PSPermGen: 13648K->13648K(21504K)], 0.0737360 secs] [Times: user=0.52 sys=0.00, real=0.08 secs] 
314.304: Total time for which application threads were stopped: 0.0743930 seconds, Stopping threads took: 0.0000760 seconds
314.328: Application time: 0.0245270 seconds
314.329: [Full GC [PSYoungGen: 138752K->33449K(161280K)] [ParOldGen: 367289K->367289K(367616K)] 506041K->400738K(528896K) [PSPermGen: 13648K->13648K(21504K)], 0.0729400 secs] [Times: user=0.51 sys=0.00, real=0.07 secs] 
314.402: Total time for which application threads were stopped: 0.0736370 seconds, Stopping threads took: 0.0000550 seconds
314.427: Application time: 0.0250370 seconds
314.427: [Full GC [PSYoungGen: 138752K->33405K(161280K)] [ParOldGen: 367289K->367289K(367616K)] 506041K->400695K(528896K) [PSPermGen: 13648K->13648K(21504K)], 0.0731130 secs] [Times: user=0.52 sys=0.00, real=0.07 secs] 
314.501: Total time for which application threads were stopped: 0.0737950 seconds, Stopping threads took: 0.0000580 seconds
314.526: Application time: 0.0251780 seconds
314.526: [Full GC [PSYoungGen: 138752K->33287K(161280K)] [ParOldGen: 367289K->367289K(367616K)] 506041K->400576K(528896K) [PSPermGen: 13648K->13648K(21504K)], 0.0731400 secs] [Times: user=0.52 sys=0.00, real=0.07 secs] 
314.600: Total time for which application threads were stopped: 0.0738220 seconds, Stopping threads took: 0.0001070 seconds
314.625: Application time: 0.0254070 seconds
314.626: [Full GC [PSYoungGen: 138752K->33284K(161280K)] [ParOldGen: 367289K->367289K(367616K)] 506041K->400573K(528896K) [PSPermGen: 13648K->13648K(21504K)], 0.0738820 secs] [Times: user=0.52 sys=0.00, real=0.07 secs] 
314.700: Total time for which application threads were stopped: 0.0745540 seconds, Stopping threads took: 0.0000870 seconds
314.725: Application time: 0.0249640 seconds
314.725: [Full GC [PSYoungGen: 138752K->33299K(161280K)] [ParOldGen: 367289K->367289K(367616K)] 506041K->400588K(528896K) [PSPermGen: 13648K->13648K(21504K)], 0.0731260 secs] [Times: user=0.51 sys=0.00, real=0.07 secs] 
314.798: Total time for which application threads were stopped: 0.0737570 seconds, Stopping threads took: 0.0000580 seconds
314.823: Application time: 0.0251210 seconds
314.824: [Full GC [PSYoungGen: 138752K->33310K(161280K)] [ParOldGen: 367289K->367289K(367616K)] 506041K->400600K(528896K) [PSPermGen: 13648K->13648K(21504K)], 0.0748610 secs] [Times: user=0.53 sys=0.00, real=0.07 secs] 
314.899: Total time for which application threads were stopped: 0.0755390 seconds, Stopping threads took: 0.0000790 seconds
314.924: Application time: 0.0250250 seconds
314.925: [Full GC [PSYoungGen: 138752K->33328K(161280K)] [ParOldGen: 367289K->367289K(367616K)] 506041K->400617K(528896K) [PSPermGen: 13648K->13648K(21504K)], 0.0734540 secs] [Times: user=0.52 sys=0.00, real=0.07 secs] 
314.998: Total time for which application threads were stopped: 0.0740810 seconds, Stopping threads took: 0.0000560 seconds
315.023: Application time: 0.0248170 seconds
315.023: [Full GC [PSYoungGen: 138752K->33344K(161280K)] [ParOldGen: 367289K->367289K(367616K)] 506041K->400633K(528896K) [PSPermGen: 13648K->13648K(21504K)], 0.0728600 secs] [Times: user=0.52 sys=0.00, real=0.07 secs] 
315.096: Total time for which application threads were stopped: 0.0734990 seconds, Stopping threads took: 0.0000510 seconds
315.122: Application time: 0.0251630 seconds
315.122: [Full GC [PSYoungGen: 138752K->33359K(161280K)] [ParOldGen: 367289K->367289K(367616K)] 506041K->400648K(528896K) [PSPermGen: 13648K->13648K(21504K)], 0.0740300 secs] [Times: user=0.52 sys=0.00, real=0.08 secs] 
315.196: Total time for which application threads were stopped: 0.0746800 seconds, Stopping threads took: 0.0000610 seconds
315.222: Application time: 0.0258360 seconds
315.223: [Full GC [PSYoungGen: 138752K->33375K(161280K)] [ParOldGen: 367289K->367289K(367616K)] 506041K->400664K(528896K) [PSPermGen: 13648K->13648K(21504K)], 0.0753800 secs] [Times: user=0.53 sys=0.00, real=0.08 secs] 
315.298: Total time for which application threads were stopped: 0.0760450 seconds, Stopping threads took: 0.0000630 seconds
315.324: Application time: 0.0255560 seconds
315.324: [Full GC [PSYoungGen: 138752K->33390K(161280K)] [ParOldGen: 367289K->367289K(367616K)] 506041K->400679K(528896K) [PSPermGen: 13648K->13648K(21504K)], 0.0740350 secs] [Times: user=0.52 sys=0.00, real=0.07 secs] 
315.398: Total time for which application threads were stopped: 0.0747230 seconds, Stopping threads took: 0.0000870 seconds
315.423: Application time: 0.0248130 seconds
315.424: [Full GC [PSYoungGen: 138752K->33405K(161280K)] [ParOldGen: 367289K->367289K(367616K)] 506041K->400695K(528896K) [PSPermGen: 13648K->13648K(21504K)], 0.0732440 secs] [Times: user=0.52 sys=0.00, real=0.07 secs] 
315.497: Total time for which application threads were stopped: 0.0739520 seconds, Stopping threads took: 0.0000590 seconds
315.522: Application time: 0.0246410 seconds
315.522: [Full GC [PSYoungGen: 138752K->33418K(161280K)] [ParOldGen: 367289K->367289K(367616K)] 506041K->400707K(528896K) [PSPermGen: 13648K->13648K(21504K)], 0.0738240 secs] [Times: user=0.52 sys=0.00, real=0.08 secs] 
315.596: Total time for which application threads were stopped: 0.0744700 seconds, Stopping threads took: 0.0000890 seconds
315.621: Application time: 0.0248970 seconds
315.622: [Full GC [PSYoungGen: 138752K->33435K(161280K)] [ParOldGen: 367289K->367289K(367616K)] 506041K->400724K(528896K) [PSPermGen: 13648K->13648K(21504K)], 0.0730910 secs] [Times: user=0.51 sys=0.01, real=0.08 secs] 
315.695: Total time for which application threads were stopped: 0.0737870 seconds, Stopping threads took: 0.0000630 seconds
315.720: Application time: 0.0245830 seconds
315.720: [Full GC [PSYoungGen: 138752K->33449K(161280K)] [ParOldGen: 367289K->367289K(367616K)] 506041K->400738K(528896K) [PSPermGen: 13648K->13648K(21504K)], 0.0726920 secs] [Times: user=0.52 sys=0.00, real=0.08 secs] 
315.793: Total time for which application threads were stopped: 0.0734140 seconds, Stopping threads took: 0.0000640 seconds
315.818: Application time: 0.0250300 seconds
315.819: [Full GC [PSYoungGen: 138752K->33406K(161280K)] [ParOldGen: 367289K->367289K(367616K)] 506041K->400696K(528896K) [PSPermGen: 13648K->13648K(21504K)], 0.0736550 secs] [Times: user=0.52 sys=0.00, real=0.08 secs] 
315.892: Total time for which application threads were stopped: 0.0742800 seconds, Stopping threads took: 0.0000740 seconds
315.917: Application time: 0.0251480 seconds
315.918: [Full GC [PSYoungGen: 138752K->33352K(161280K)] [ParOldGen: 367289K->367289K(367616K)] 506041K->400641K(528896K) [PSPermGen: 13648K->13648K(21504K)], 0.0732210 secs] [Times: user=0.51 sys=0.00, real=0.08 secs] 
315.991: Total time for which application threads were stopped: 0.0740200 seconds, Stopping threads took: 0.0002110 seconds
316.016: Application time: 0.0246030 seconds
316.017: [Full GC [PSYoungGen: 138752K->33353K(161280K)] [ParOldGen: 367289K->367289K(367616K)] 506041K->400642K(528896K) [PSPermGen: 13648K->13648K(21504K)], 0.0734840 secs] [Times: user=0.52 sys=0.00, real=0.07 secs] 
316.090: Total time for which application threads were stopped: 0.0741410 seconds, Stopping threads took: 0.0000720 seconds
316.115: Application time: 0.0247990 seconds
316.116: [Full GC [PSYoungGen: 138752K->33367K(161280K)] [ParOldGen: 367289K->367289K(367616K)] 506041K->400656K(528896K) [PSPermGen: 13648K->13648K(21504K)], 0.0758240 secs] [Times: user=0.54 sys=0.00, real=0.08 secs] 
316.192: Total time for which application threads were stopped: 0.0764970 seconds, Stopping threads took: 0.0000820 seconds
316.217: Application time: 0.0250790 seconds
316.217: [Full GC [PSYoungGen: 138752K->33384K(161280K)] [ParOldGen: 367289K->367289K(367616K)] 506041K->400673K(528896K) [PSPermGen: 13648K->13648K(21504K)], 0.0733970 secs] [Times: user=0.52 sys=0.00, real=0.07 secs] 
316.291: Total time for which application threads were stopped: 0.0740740 seconds, Stopping threads took: 0.0001110 seconds
316.316: Application time: 0.0249090 seconds
316.316: [Full GC [PSYoungGen: 138752K->33398K(161280K)] [ParOldGen: 367289K->367289K(367616K)] 506041K->400687K(528896K) [PSPermGen: 13648K->13648K(21504K)], 0.0720730 secs] [Times: user=0.51 sys=0.00, real=0.07 secs] 
316.388: Total time for which application threads were stopped: 0.0728130 seconds, Stopping threads took: 0.0000640 seconds
316.413: Application time: 0.0250520 seconds
316.414: [Full GC [PSYoungGen: 138752K->33413K(161280K)] [ParOldGen: 367289K->367289K(367616K)] 506041K->400702K(528896K) [PSPermGen: 13648K->13648K(21504K)], 0.0736410 secs] [Times: user=0.50 sys=0.01, real=0.07 secs] 
316.488: Total time for which application threads were stopped: 0.0742930 seconds, Stopping threads took: 0.0000740 seconds
316.513: Application time: 0.0249960 seconds
316.513: [Full GC [PSYoungGen: 138752K->33428K(161280K)] [ParOldGen: 367289K->367289K(367616K)] 506041K->400717K(528896K) [PSPermGen: 13648K->13648K(21504K)], 0.0738760 secs] [Times: user=0.52 sys=0.00, real=0.07 secs] 
316.587: Total time for which application threads were stopped: 0.0745200 seconds, Stopping threads took: 0.0000700 seconds
316.612: Application time: 0.0251980 seconds
316.613: [Full GC [PSYoungGen: 138752K->33444K(161280K)] [ParOldGen: 367289K->367289K(367616K)] 506041K->400733K(528896K) [PSPermGen: 13648K->13648K(21504K)], 0.0740860 secs] [Times: user=0.52 sys=0.00, real=0.07 secs] 
316.687: Total time for which application threads were stopped: 0.0747270 seconds, Stopping threads took: 0.0000720 seconds
316.712: Application time: 0.0250950 seconds
316.713: [Full GC [PSYoungGen: 138752K->33458K(161280K)] [ParOldGen: 367289K->367289K(367616K)] 506041K->400747K(528896K) [PSPermGen: 13648K->13648K(21504K)], 0.0753810 secs] [Times: user=0.52 sys=0.00, real=0.07 secs] 
316.788: Total time for which application threads were stopped: 0.0760430 seconds, Stopping threads took: 0.0000630 seconds
316.813: Application time: 0.0248620 seconds
316.814: [Full GC [PSYoungGen: 138752K->33473K(161280K)] [ParOldGen: 367289K->367289K(367616K)] 506041K->400762K(528896K) [PSPermGen: 13648K->13648K(21504K)], 0.0729360 secs] [Times: user=0.51 sys=0.00, real=0.07 secs] 
316.887: Total time for which application threads were stopped: 0.0735850 seconds, Stopping threads took: 0.0000790 seconds
316.912: Application time: 0.0248380 seconds
316.912: [Full GC [PSYoungGen: 138752K->33488K(161280K)] [ParOldGen: 367289K->367289K(367616K)] 506041K->400777K(528896K) [PSPermGen: 13648K->13648K(21504K)], 0.0760120 secs] [Times: user=0.54 sys=0.00, real=0.07 secs] 
316.988: Total time for which application threads were stopped: 0.0766570 seconds, Stopping threads took: 0.0000560 seconds
317.013: Application time: 0.0248390 seconds
317.014: [Full GC [PSYoungGen: 138752K->33504K(161280K)] [ParOldGen: 367289K->367289K(367616K)] 506041K->400793K(528896K) [PSPermGen: 13648K->13648K(21504K)], 0.0734520 secs] [Times: user=0.52 sys=0.00, real=0.07 secs] 
317.087: Total time for which application threads were stopped: 0.0740950 seconds, Stopping threads took: 0.0000780 seconds
317.112: Application time: 0.0249390 seconds
317.113: [Full GC [PSYoungGen: 138752K->33518K(161280K)] [ParOldGen: 367289K->367289K(367616K)] 506041K->400807K(528896K) [PSPermGen: 13648K->13648K(21504K)], 0.0731450 secs] [Times: user=0.51 sys=0.00, real=0.07 secs] 
317.186: Total time for which application threads were stopped: 0.0737780 seconds, Stopping threads took: 0.0000650 seconds
317.211: Application time: 0.0249790 seconds
317.212: [Full GC [PSYoungGen: 138752K->33534K(161280K)] [ParOldGen: 367289K->367289K(367616K)] 506041K->400824K(528896K) [PSPermGen: 13648K->13648K(21504K)], 0.0730010 secs] [Times: user=0.51 sys=0.00, real=0.07 secs] 
317.285: Total time for which application threads were stopped: 0.0736640 seconds, Stopping threads took: 0.0000710 seconds
317.310: Application time: 0.0253030 seconds
317.311: [Full GC [PSYoungGen: 138752K->33551K(161280K)] [ParOldGen: 367289K->367289K(367616K)] 506041K->400840K(528896K) [PSPermGen: 13648K->13648K(21504K)], 0.0737430 secs] [Times: user=0.52 sys=0.00, real=0.08 secs] 
317.384: Total time for which application threads were stopped: 0.0743790 seconds, Stopping threads took: 0.0000770 seconds
317.411: Application time: 0.0264130 seconds
317.411: [Full GC [PSYoungGen: 138752K->33443K(161280K)] [ParOldGen: 367289K->367289K(367616K)] 506041K->400732K(528896K) [PSPermGen: 13648K->13648K(21504K)], 0.0742830 secs] [Times: user=0.51 sys=0.01, real=0.07 secs] 
317.486: Total time for which application threads were stopped: 0.0749530 seconds, Stopping threads took: 0.0000660 seconds
317.511: Application time: 0.0251000 seconds
317.511: [Full GC [PSYoungGen: 138752K->33439K(161280K)] [ParOldGen: 367289K->367289K(367616K)] 506041K->400728K(528896K) [PSPermGen: 13648K->13648K(21504K)], 0.0725640 secs] [Times: user=0.51 sys=0.00, real=0.07 secs] 
317.584: Total time for which application threads were stopped: 0.0732420 seconds, Stopping threads took: 0.0000690 seconds
317.609: Application time: 0.0250410 seconds
317.610: [Full GC [PSYoungGen: 138752K->33453K(161280K)] [ParOldGen: 367289K->367289K(367616K)] 506041K->400742K(528896K) [PSPermGen: 13648K->13648K(21504K)], 0.0753030 secs] [Times: user=0.53 sys=0.00, real=0.08 secs] 
317.685: Total time for which application threads were stopped: 0.0759440 seconds, Stopping threads took: 0.0000560 seconds
317.710: Application time: 0.0246000 seconds
317.710: [Full GC [PSYoungGen: 138752K->33470K(161280K)] [ParOldGen: 367289K->367289K(367616K)] 506041K->400759K(528896K) [PSPermGen: 13648K->13648K(21504K)], 0.0741200 secs] [Times: user=0.53 sys=0.00, real=0.08 secs] 
317.784: Total time for which application threads were stopped: 0.0748060 seconds, Stopping threads took: 0.0000970 seconds
317.810: Application time: 0.0259050 seconds
317.811: [Full GC [PSYoungGen: 138752K->33431K(161280K)] [ParOldGen: 367289K->367289K(367616K)] 506041K->400720K(528896K) [PSPermGen: 13648K->13648K(21504K)], 0.0747060 secs] [Times: user=0.52 sys=0.00, real=0.08 secs] 
317.886: Total time for which application threads were stopped: 0.0753360 seconds, Stopping threads took: 0.0000580 seconds
317.910: Application time: 0.0247530 seconds
317.911: [Full GC [PSYoungGen: 138752K->33430K(161280K)] [ParOldGen: 367289K->367289K(367616K)] 506041K->400719K(528896K) [PSPermGen: 13648K->13648K(21504K)], 0.0725600 secs] [Times: user=0.51 sys=0.00, real=0.08 secs] 
317.984: Total time for which application threads were stopped: 0.0732630 seconds, Stopping threads took: 0.0000670 seconds
318.009: Application time: 0.0248080 seconds
318.009: [Full GC [PSYoungGen: 138752K->33445K(161280K)] [ParOldGen: 367289K->367289K(367616K)] 506041K->400734K(528896K) [PSPermGen: 13648K->13648K(21504K)], 0.0742520 secs] [Times: user=0.52 sys=0.00, real=0.08 secs] 
318.083: Total time for which application threads were stopped: 0.0748950 seconds, Stopping threads took: 0.0000720 seconds
318.108: Application time: 0.0250650 seconds
318.109: [Full GC [PSYoungGen: 138752K->33396K(161280K)] [ParOldGen: 367289K->367289K(367616K)] 506041K->400685K(528896K) [PSPermGen: 13648K->13648K(21504K)], 0.0733710 secs] [Times: user=0.51 sys=0.00, real=0.07 secs] 
318.182: Total time for which application threads were stopped: 0.0739980 seconds, Stopping threads took: 0.0000470 seconds
318.208: Application time: 0.0250700 seconds
318.208: [Full GC [PSYoungGen: 138752K->33404K(161280K)] [ParOldGen: 367289K->367289K(367616K)] 506041K->400693K(528896K) [PSPermGen: 13648K->13648K(21504K)], 0.0801740 secs] [Times: user=0.55 sys=0.00, real=0.08 secs] 
318.288: Total time for which application threads were stopped: 0.0808150 seconds, Stopping threads took: 0.0000670 seconds
318.314: Application time: 0.0255800 seconds
318.315: [Full GC [PSYoungGen: 138752K->33310K(161280K)] [ParOldGen: 367289K->367289K(367616K)] 506041K->400599K(528896K) [PSPermGen: 13648K->13648K(21504K)], 0.0740370 secs] [Times: user=0.51 sys=0.00, real=0.07 secs] 
318.389: Total time for which application threads were stopped: 0.0746950 seconds, Stopping threads took: 0.0000970 seconds
318.414: Application time: 0.0254670 seconds
318.415: [Full GC [PSYoungGen: 138752K->33293K(161280K)] [ParOldGen: 367289K->367289K(367616K)] 506041K->400582K(528896K) [PSPermGen: 13648K->13648K(21504K)], 0.0754930 secs] [Times: user=0.53 sys=0.00, real=0.07 secs] 
318.490: Total time for which application threads were stopped: 0.0761680 seconds, Stopping threads took: 0.0000880 seconds
318.516: Application time: 0.0252860 seconds
318.516: [Full GC [PSYoungGen: 138752K->33309K(161280K)] [ParOldGen: 367289K->367289K(367616K)] 506041K->400598K(528896K) [PSPermGen: 13648K->13648K(21504K)], 0.0746060 secs] [Times: user=0.52 sys=0.00, real=0.07 secs] 
318.591: Total time for which application threads were stopped: 0.0752650 seconds, Stopping threads took: 0.0000750 seconds
318.616: Application time: 0.0254080 seconds
318.617: [Full GC [PSYoungGen: 138752K->33324K(161280K)] [ParOldGen: 367289K->367289K(367616K)] 506041K->400614K(528896K) [PSPermGen: 13648K->13648K(21504K)], 0.0732660 secs] [Times: user=0.52 sys=0.00, real=0.07 secs] 
318.690: Total time for which application threads were stopped: 0.0739640 seconds, Stopping threads took: 0.0001160 seconds
318.716: Application time: 0.0254870 seconds
318.716: [Full GC [PSYoungGen: 138752K->33338K(161280K)] [ParOldGen: 367289K->367289K(367616K)] 506041K->400627K(528896K) [PSPermGen: 13648K->13648K(21504K)], 0.0743490 secs] [Times: user=0.53 sys=0.00, real=0.07 secs] 
318.791: Total time for which application threads were stopped: 0.0750490 seconds, Stopping threads took: 0.0001050 seconds
318.816: Application time: 0.0248260 seconds
318.816: [Full GC [PSYoungGen: 138752K->33352K(161280K)] [ParOldGen: 367289K->367289K(367616K)] 506041K->400642K(528896K) [PSPermGen: 13648K->13648K(21504K)], 0.0732860 secs] [Times: user=0.52 sys=0.00, real=0.07 secs] 
318.890: Total time for which application threads were stopped: 0.0739460 seconds, Stopping threads took: 0.0001000 seconds
318.915: Application time: 0.0252080 seconds
318.915: [Full GC [PSYoungGen: 138752K->33368K(161280K)] [ParOldGen: 367289K->367289K(367616K)] 506041K->400657K(528896K) [PSPermGen: 13648K->13648K(21504K)], 0.0731390 secs] [Times: user=0.51 sys=0.00, real=0.07 secs] 
318.989: Total time for which application threads were stopped: 0.0737710 seconds, Stopping threads took: 0.0000740 seconds
319.014: Application time: 0.0252010 seconds
319.014: [Full GC [PSYoungGen: 138752K->33384K(161280K)] [ParOldGen: 367289K->367289K(367616K)] 506041K->400674K(528896K) [PSPermGen: 13648K->13648K(21504K)], 0.0733170 secs] [Times: user=0.52 sys=0.00, real=0.07 secs] 
319.088: Total time for which application threads were stopped: 0.0739500 seconds, Stopping threads took: 0.0000670 seconds
319.113: Application time: 0.0251160 seconds
319.113: [Full GC [PSYoungGen: 138752K->33400K(161280K)] [ParOldGen: 367289K->367289K(367616K)] 506041K->400690K(528896K) [PSPermGen: 13648K->13648K(21504K)], 0.0742370 secs] [Times: user=0.52 sys=0.00, real=0.07 secs] 
319.188: Total time for which application threads were stopped: 0.0749290 seconds, Stopping threads took: 0.0001020 seconds
319.213: Application time: 0.0253070 seconds
319.214: [Full GC [PSYoungGen: 138752K->33415K(161280K)] [ParOldGen: 367289K->367289K(367616K)] 506041K->400704K(528896K) [PSPermGen: 13648K->13648K(21504K)], 0.0729440 secs] [Times: user=0.51 sys=0.00, real=0.07 secs] 
319.287: Total time for which application threads were stopped: 0.0736430 seconds, Stopping threads took: 0.0001060 seconds
319.312: Application time: 0.0251210 seconds
319.312: [Full GC [PSYoungGen: 138752K->33430K(161280K)] [ParOldGen: 367289K->367289K(367616K)] 506041K->400719K(528896K) [PSPermGen: 13648K->13648K(21504K)], 0.0741300 secs] [Times: user=0.52 sys=0.00, real=0.07 secs] 
319.387: Total time for which application threads were stopped: 0.0748070 seconds, Stopping threads took: 0.0001110 seconds
319.412: Application time: 0.0253030 seconds
319.413: [Full GC [PSYoungGen: 138752K->33447K(161280K)] [ParOldGen: 367289K->367289K(367616K)] 506041K->400736K(528896K) [PSPermGen: 13648K->13648K(21504K)], 0.0738700 secs] [Times: user=0.52 sys=0.00, real=0.07 secs] 
319.486: Total time for which application threads were stopped: 0.0745020 seconds, Stopping threads took: 0.0000630 seconds
319.512: Application time: 0.0250910 seconds
319.512: [Full GC [PSYoungGen: 138752K->33458K(161280K)] [ParOldGen: 367289K->367289K(367616K)] 506041K->400747K(528896K) [PSPermGen: 13648K->13648K(21504K)], 0.0752270 secs] [Times: user=0.54 sys=0.00, real=0.07 secs] 
319.587: Total time for which application threads were stopped: 0.0758720 seconds, Stopping threads took: 0.0000660 seconds
319.612: Application time: 0.0250200 seconds
319.613: [Full GC [PSYoungGen: 138752K->33411K(161280K)] [ParOldGen: 367289K->367289K(367616K)] 506041K->400701K(528896K) [PSPermGen: 13648K->13648K(21504K)], 0.0729020 secs] [Times: user=0.51 sys=0.00, real=0.07 secs] 
319.686: Total time for which application threads were stopped: 0.0736090 seconds, Stopping threads took: 0.0000770 seconds
319.712: Application time: 0.0255770 seconds
319.712: [Full GC [PSYoungGen: 138752K->33365K(161280K)] [ParOldGen: 367289K->367289K(367616K)] 506041K->400654K(528896K) [PSPermGen: 13648K->13648K(21504K)], 0.0731200 secs] [Times: user=0.51 sys=0.00, real=0.07 secs] 
319.786: Total time for which application threads were stopped: 0.0738750 seconds, Stopping threads took: 0.0001170 seconds
319.810: Application time: 0.0247910 seconds
319.811: [Full GC [PSYoungGen: 138752K->33363K(161280K)] [ParOldGen: 367289K->367289K(367616K)] 506041K->400652K(528896K) [PSPermGen: 13648K->13648K(21504K)], 0.0731240 secs] [Times: user=0.52 sys=0.00, real=0.08 secs] 
319.884: Total time for which application threads were stopped: 0.0738570 seconds, Stopping threads took: 0.0000860 seconds
319.909: Application time: 0.0250800 seconds
319.910: [Full GC [PSYoungGen: 138752K->33379K(161280K)] [ParOldGen: 367289K->367289K(367616K)] 506041K->400668K(528896K) [PSPermGen: 13648K->13648K(21504K)], 0.0727880 secs] [Times: user=0.52 sys=0.00, real=0.07 secs] 
319.983: Total time for which application threads were stopped: 0.0735290 seconds, Stopping threads took: 0.0000980 seconds
320.008: Application time: 0.0251430 seconds
320.009: [Full GC [PSYoungGen: 138752K->33394K(161280K)] [ParOldGen: 367289K->367289K(367616K)] 506041K->400683K(528896K) [PSPermGen: 13648K->13648K(21504K)], 0.0726750 secs] [Times: user=0.51 sys=0.00, real=0.07 secs] 
320.081: Total time for which application threads were stopped: 0.0733260 seconds, Stopping threads took: 0.0000640 seconds
320.106: Application time: 0.0249150 seconds
320.107: [Full GC [PSYoungGen: 138752K->33410K(161280K)] [ParOldGen: 367289K->367289K(367616K)] 506041K->400700K(528896K) [PSPermGen: 13648K->13648K(21504K)], 0.0732940 secs] [Times: user=0.52 sys=0.00, real=0.07 secs] 
320.180: Total time for which application threads were stopped: 0.0739170 seconds, Stopping threads took: 0.0000600 seconds
320.205: Application time: 0.0248460 seconds
320.206: [Full GC [PSYoungGen: 138752K->33424K(161280K)] [ParOldGen: 367289K->367289K(367616K)] 506041K->400713K(528896K) [PSPermGen: 13648K->13648K(21504K)], 0.0727550 secs] [Times: user=0.51 sys=0.00, real=0.07 secs] 
320.278: Total time for which application threads were stopped: 0.0734090 seconds, Stopping threads took: 0.0000820 seconds
320.304: Application time: 0.0254080 seconds
320.304: [Full GC [PSYoungGen: 138752K->33440K(161280K)] [ParOldGen: 367289K->367289K(367616K)] 506041K->400729K(528896K) [PSPermGen: 13648K->13648K(21504K)], 0.0745040 secs] [Times: user=0.52 sys=0.00, real=0.07 secs] 
320.379: Total time for which application threads were stopped: 0.0751360 seconds, Stopping threads took: 0.0000430 seconds
320.404: Application time: 0.0251440 seconds
320.405: [Full GC [PSYoungGen: 138752K->33456K(161280K)] [ParOldGen: 367289K->367289K(367616K)] 506041K->400745K(528896K) [PSPermGen: 13648K->13648K(21504K)], 0.0741500 secs] [Times: user=0.52 sys=0.00, real=0.07 secs] 
320.479: Total time for which application threads were stopped: 0.0748130 seconds, Stopping threads took: 0.0000680 seconds
320.504: Application time: 0.0250850 seconds
320.505: [Full GC [PSYoungGen: 138752K->33469K(161280K)] [ParOldGen: 367289K->367289K(367616K)] 506041K->400758K(528896K) [PSPermGen: 13648K->13648K(21504K)], 0.0732540 secs] [Times: user=0.52 sys=0.00, real=0.07 secs] 
320.578: Total time for which application threads were stopped: 0.0738990 seconds, Stopping threads took: 0.0000520 seconds
320.603: Application time: 0.0250950 seconds
320.604: [Full GC [PSYoungGen: 138752K->33484K(161280K)] [ParOldGen: 367289K->367289K(367616K)] 506041K->400773K(528896K) [PSPermGen: 13648K->13648K(21504K)], 0.0746270 secs] [Times: user=0.52 sys=0.00, real=0.07 secs] 
320.678: Total time for which application threads were stopped: 0.0753230 seconds, Stopping threads took: 0.0000570 seconds
320.704: Application time: 0.0252820 seconds
320.704: [Full GC [PSYoungGen: 138752K->33499K(161280K)] [ParOldGen: 367289K->367289K(367616K)] 506041K->400789K(528896K) [PSPermGen: 13648K->13648K(21504K)], 0.0729910 secs] [Times: user=0.52 sys=0.00, real=0.07 secs] 
320.777: Total time for which application threads were stopped: 0.0736630 seconds, Stopping threads took: 0.0000840 seconds
320.802: Application time: 0.0250160 seconds
320.803: [Full GC [PSYoungGen: 138752K->33514K(161280K)] [ParOldGen: 367289K->367289K(367616K)] 506041K->400803K(528896K) [PSPermGen: 13648K->13648K(21504K)], 0.0731280 secs] [Times: user=0.51 sys=0.00, real=0.08 secs] 
320.876: Total time for which application threads were stopped: 0.0737790 seconds, Stopping threads took: 0.0000700 seconds
320.901: Application time: 0.0251640 seconds
320.902: [Full GC [PSYoungGen: 138752K->33523K(161280K)] [ParOldGen: 367289K->367289K(367616K)] 506041K->400812K(528896K) [PSPermGen: 13648K->13648K(21504K)], 0.0733330 secs] [Times: user=0.52 sys=0.00, real=0.08 secs] 
320.975: Total time for which application threads were stopped: 0.0740340 seconds, Stopping threads took: 0.0000410 seconds
321.004: Application time: 0.0283410 seconds
321.004: [Full GC [PSYoungGen: 138752K->33421K(161280K)] [ParOldGen: 367289K->367289K(367616K)] 506041K->400711K(528896K) [PSPermGen: 13648K->13648K(21504K)], 0.0739250 secs] [Times: user=0.52 sys=0.00, real=0.07 secs] 
321.078: Total time for which application threads were stopped: 0.0745780 seconds, Stopping threads took: 0.0000720 seconds
321.104: Application time: 0.0254180 seconds
321.104: [Full GC [PSYoungGen: 138752K->33419K(161280K)] [ParOldGen: 367289K->367289K(367616K)] 506041K->400708K(528896K) [PSPermGen: 13648K->13648K(21504K)], 0.0734270 secs] [Times: user=0.51 sys=0.00, real=0.07 secs] 
321.178: Total time for which application threads were stopped: 0.0740420 seconds, Stopping threads took: 0.0000480 seconds
321.203: Application time: 0.0251680 seconds
321.203: [Full GC [PSYoungGen: 138752K->33434K(161280K)] [ParOldGen: 367289K->367289K(367616K)] 506041K->400723K(528896K) [PSPermGen: 13648K->13648K(21504K)], 0.0751860 secs] [Times: user=0.51 sys=0.00, real=0.07 secs] 
321.279: Total time for which application threads were stopped: 0.0758480 seconds, Stopping threads took: 0.0000520 seconds
321.304: Application time: 0.0251740 seconds
321.304: [Full GC [PSYoungGen: 138752K->33450K(161280K)] [ParOldGen: 367289K->367289K(367616K)] 506041K->400739K(528896K) [PSPermGen: 13648K->13648K(21504K)], 0.0742290 secs] [Times: user=0.52 sys=0.00, real=0.07 secs] 
321.379: Total time for which application threads were stopped: 0.0748560 seconds, Stopping threads took: 0.0000520 seconds
321.404: Application time: 0.0249880 seconds
321.404: [Full GC [PSYoungGen: 138752K->33464K(161280K)] [ParOldGen: 367289K->367289K(367616K)] 506041K->400753K(528896K) [PSPermGen: 13648K->13648K(21504K)], 0.0734950 secs] [Times: user=0.52 sys=0.00, real=0.07 secs] 
321.478: Total time for which application threads were stopped: 0.0741580 seconds, Stopping threads took: 0.0000940 seconds
321.503: Application time: 0.0254120 seconds
321.504: [Full GC [PSYoungGen: 138752K->33422K(161280K)] [ParOldGen: 367289K->367289K(367616K)] 506041K->400711K(528896K) [PSPermGen: 13648K->13648K(21504K)], 0.0738420 secs] [Times: user=0.52 sys=0.00, real=0.07 secs] 
321.578: Total time for which application threads were stopped: 0.0744930 seconds, Stopping threads took: 0.0000620 seconds
321.603: Application time: 0.0254230 seconds
321.604: [Full GC [PSYoungGen: 138752K->33426K(161280K)] [ParOldGen: 367289K->367289K(367616K)] 506041K->400715K(528896K) [PSPermGen: 13648K->13648K(21504K)], 0.0745380 secs] [Times: user=0.53 sys=0.00, real=0.07 secs] 
321.678: Total time for which application threads were stopped: 0.0752030 seconds, Stopping threads took: 0.0000610 seconds
321.704: Application time: 0.0251650 seconds
321.704: [Full GC [PSYoungGen: 138752K->33442K(161280K)] [ParOldGen: 367289K->367289K(367616K)] 506041K->400731K(528896K) [PSPermGen: 13648K->13648K(21504K)], 0.0749920 secs] [Times: user=0.52 sys=0.00, real=0.07 secs] 
321.779: Total time for which application threads were stopped: 0.0756700 seconds, Stopping threads took: 0.0001000 seconds
321.804: Application time: 0.0251050 seconds
321.805: [Full GC [PSYoungGen: 138752K->33457K(161280K)] [ParOldGen: 367289K->367289K(367616K)] 506041K->400746K(528896K) [PSPermGen: 13648K->13648K(21504K)], 0.0747930 secs] [Times: user=0.53 sys=0.00, real=0.07 secs] 
321.880: Total time for which application threads were stopped: 0.0754440 seconds, Stopping threads took: 0.0000730 seconds
321.905: Application time: 0.0253610 seconds
321.906: [Full GC [PSYoungGen: 138752K->33415K(161280K)] [ParOldGen: 367289K->367289K(367616K)] 506041K->400705K(528896K) [PSPermGen: 13648K->13648K(21504K)], 0.0741360 secs] [Times: user=0.52 sys=0.00, real=0.07 secs] 
321.980: Total time for which application threads were stopped: 0.0748080 seconds, Stopping threads took: 0.0000860 seconds
322.005: Application time: 0.0249070 seconds
322.005: [Full GC [PSYoungGen: 138752K->33414K(161280K)] [ParOldGen: 367289K->367289K(367616K)] 506041K->400703K(528896K) [PSPermGen: 13648K->13648K(21504K)], 0.0735460 secs] [Times: user=0.52 sys=0.00, real=0.07 secs] 
322.079: Total time for which application threads were stopped: 0.0742160 seconds, Stopping threads took: 0.0000830 seconds
322.105: Application time: 0.0255560 seconds
322.105: [Full GC [PSYoungGen: 138752K->33423K(161280K)] [ParOldGen: 367289K->367289K(367616K)] 506041K->400713K(528896K) [PSPermGen: 13648K->13648K(21504K)], 0.0750160 secs] [Times: user=0.52 sys=0.00, real=0.07 secs] 
322.180: Total time for which application threads were stopped: 0.0756870 seconds, Stopping threads took: 0.0000830 seconds
322.207: Application time: 0.0264320 seconds
322.207: [Full GC [PSYoungGen: 138752K->33306K(161280K)] [ParOldGen: 367289K->367289K(367616K)] 506041K->400596K(528896K) [PSPermGen: 13648K->13648K(21504K)], 0.0730850 secs] [Times: user=0.51 sys=0.00, real=0.07 secs] 
322.281: Total time for which application threads were stopped: 0.0737950 seconds, Stopping threads took: 0.0000660 seconds
322.305: Application time: 0.0249250 seconds
322.306: [Full GC [PSYoungGen: 138752K->33320K(161280K)] [ParOldGen: 367289K->367289K(367616K)] 506041K->400610K(528896K) [PSPermGen: 13648K->13648K(21504K)], 0.0730000 secs] [Times: user=0.51 sys=0.00, real=0.07 secs] 
322.379: Total time for which application threads were stopped: 0.0736070 seconds, Stopping threads took: 0.0000530 seconds
322.404: Application time: 0.0250410 seconds
322.405: [Full GC [PSYoungGen: 138752K->33333K(161280K)] [ParOldGen: 367289K->367289K(367616K)] 506041K->400622K(528896K) [PSPermGen: 13648K->13648K(21504K)], 0.0733050 secs] [Times: user=0.52 sys=0.00, real=0.07 secs] 
322.478: Total time for which application threads were stopped: 0.0740110 seconds, Stopping threads took: 0.0000900 seconds
322.503: Application time: 0.0249770 seconds
322.504: [Full GC [PSYoungGen: 138752K->33347K(161280K)] [ParOldGen: 367289K->367289K(367616K)] 506041K->400636K(528896K) [PSPermGen: 13648K->13648K(21504K)], 0.0735230 secs] [Times: user=0.51 sys=0.00, real=0.07 secs] 
322.577: Total time for which application threads were stopped: 0.0741440 seconds, Stopping threads took: 0.0000430 seconds
322.603: Application time: 0.0252280 seconds
322.603: [Full GC [PSYoungGen: 138752K->33364K(161280K)] [ParOldGen: 367289K->367289K(367616K)] 506041K->400654K(528896K) [PSPermGen: 13648K->13648K(21504K)], 0.0747260 secs] [Times: user=0.53 sys=0.00, real=0.08 secs] 
322.678: Total time for which application threads were stopped: 0.0753600 seconds, Stopping threads took: 0.0000610 seconds
322.703: Application time: 0.0247340 seconds
322.703: [Full GC [PSYoungGen: 138752K->33378K(161280K)] [ParOldGen: 367289K->367289K(367616K)] 506041K->400668K(528896K) [PSPermGen: 13648K->13648K(21504K)], 0.0731790 secs] [Times: user=0.51 sys=0.01, real=0.08 secs] 
322.777: Total time for which application threads were stopped: 0.0739250 seconds, Stopping threads took: 0.0000710 seconds
322.803: Application time: 0.0262940 seconds
322.803: [Full GC [PSYoungGen: 138752K->33393K(161280K)] [ParOldGen: 367289K->367289K(367616K)] 506041K->400683K(528896K) [PSPermGen: 13648K->13648K(21504K)], 0.0738950 secs] [Times: user=0.52 sys=0.00, real=0.07 secs] 
322.877: Total time for which application threads were stopped: 0.0745330 seconds, Stopping threads took: 0.0000680 seconds
322.903: Application time: 0.0252100 seconds
322.903: [Full GC [PSYoungGen: 138752K->33410K(161280K)] [ParOldGen: 367289K->367289K(367616K)] 506041K->400699K(528896K) [PSPermGen: 13648K->13648K(21504K)], 0.0775300 secs] [Times: user=0.55 sys=0.00, real=0.08 secs] 
322.981: Total time for which application threads were stopped: 0.0781700 seconds, Stopping threads took: 0.0000610 seconds
323.006: Application time: 0.0249200 seconds
323.006: [Full GC [PSYoungGen: 138752K->33423K(161280K)] [ParOldGen: 367289K->367289K(367616K)] 506041K->400713K(528896K) [PSPermGen: 13648K->13648K(21504K)], 0.0730590 secs] [Times: user=0.51 sys=0.01, real=0.07 secs] 
323.079: Total time for which application threads were stopped: 0.0737170 seconds, Stopping threads took: 0.0000630 seconds
323.104: Application time: 0.0250900 seconds
323.105: [Full GC [PSYoungGen: 138752K->33440K(161280K)] [ParOldGen: 367289K->367289K(367616K)] 506041K->400730K(528896K) [PSPermGen: 13648K->13648K(21504K)], 0.0731900 secs] [Times: user=0.51 sys=0.00, real=0.07 secs] 
323.178: Total time for which application threads were stopped: 0.0739090 seconds, Stopping threads took: 0.0000700 seconds
323.203: Application time: 0.0248070 seconds
323.204: [Full GC [PSYoungGen: 138752K->33456K(161280K)] [ParOldGen: 367289K->367289K(367616K)] 506041K->400745K(528896K) [PSPermGen: 13648K->13648K(21504K)], 0.0735880 secs] [Times: user=0.52 sys=0.00, real=0.07 secs] 
323.277: Total time for which application threads were stopped: 0.0742640 seconds, Stopping threads took: 0.0000690 seconds
323.302: Application time: 0.0247430 seconds
323.303: [Full GC [PSYoungGen: 138752K->33470K(161280K)] [ParOldGen: 367289K->367289K(367616K)] 506041K->400759K(528896K) [PSPermGen: 13648K->13648K(21504K)], 0.0728500 secs] [Times: user=0.51 sys=0.00, real=0.08 secs] 
323.376: Total time for which application threads were stopped: 0.0735360 seconds, Stopping threads took: 0.0000620 seconds
323.401: Application time: 0.0248560 seconds
323.401: [Full GC [PSYoungGen: 138752K->33482K(161280K)] [ParOldGen: 367289K->367289K(367616K)] 506041K->400771K(528896K) [PSPermGen: 13648K->13648K(21504K)], 0.0739750 secs] [Times: user=0.51 sys=0.00, real=0.08 secs] 
323.475: Total time for which application threads were stopped: 0.0746850 seconds, Stopping threads took: 0.0000660 seconds
323.500: Application time: 0.0248200 seconds
323.501: [Full GC [PSYoungGen: 138752K->33429K(161280K)] [ParOldGen: 367289K->367289K(367616K)] 506041K->400719K(528896K) [PSPermGen: 13648K->13648K(21504K)], 0.0730690 secs] [Times: user=0.51 sys=0.00, real=0.08 secs] 
323.574: Total time for which application threads were stopped: 0.0737680 seconds, Stopping threads took: 0.0000590 seconds
323.599: Application time: 0.0249510 seconds
323.599: [Full GC [PSYoungGen: 138752K->33390K(161280K)] [ParOldGen: 367289K->367289K(367616K)] 506041K->400679K(528896K) [PSPermGen: 13648K->13648K(21504K)], 0.0735020 secs] [Times: user=0.51 sys=0.00, real=0.08 secs] 
323.673: Total time for which application threads were stopped: 0.0741330 seconds, Stopping threads took: 0.0000680 seconds
323.698: Application time: 0.0249920 seconds
323.699: [Full GC [PSYoungGen: 138752K->33387K(161280K)] [ParOldGen: 367289K->367289K(367616K)] 506041K->400677K(528896K) [PSPermGen: 13648K->13648K(21504K)], 0.0740690 secs] [Times: user=0.52 sys=0.01, real=0.08 secs] 
323.773: Total time for which application threads were stopped: 0.0747010 seconds, Stopping threads took: 0.0000650 seconds
323.797: Application time: 0.0246260 seconds
323.798: [Full GC [PSYoungGen: 138752K->33403K(161280K)] [ParOldGen: 367289K->367289K(367616K)] 506041K->400693K(528896K) [PSPermGen: 13648K->13648K(21504K)], 0.0730770 secs] [Times: user=0.52 sys=0.00, real=0.07 secs] 
323.871: Total time for which application threads were stopped: 0.0737060 seconds, Stopping threads took: 0.0000550 seconds
323.896: Application time: 0.0249590 seconds
323.897: [Full GC [PSYoungGen: 138752K->33421K(161280K)] [ParOldGen: 367289K->367289K(367616K)] 506041K->400710K(528896K) [PSPermGen: 13648K->13648K(21504K)], 0.0746220 secs] [Times: user=0.52 sys=0.00, real=0.07 secs] 
323.971: Total time for which application threads were stopped: 0.0752600 seconds, Stopping threads took: 0.0000440 seconds
323.996: Application time: 0.0247510 seconds
323.997: [Full GC [PSYoungGen: 138752K->33435K(161280K)] [ParOldGen: 367289K->367289K(367616K)] 506041K->400724K(528896K) [PSPermGen: 13648K->13648K(21504K)], 0.0737470 secs] [Times: user=0.52 sys=0.00, real=0.07 secs] 
324.070: Total time for which application threads were stopped: 0.0744020 seconds, Stopping threads took: 0.0000780 seconds
324.095: Application time: 0.0250660 seconds
324.096: [Full GC [PSYoungGen: 138752K->33450K(161280K)] [ParOldGen: 367289K->367289K(367616K)] 506041K->400740K(528896K) [PSPermGen: 13648K->13648K(21504K)], 0.0745680 secs] [Times: user=0.52 sys=0.00, real=0.07 secs] 
324.171: Total time for which application threads were stopped: 0.0752340 seconds, Stopping threads took: 0.0000760 seconds
324.196: Application time: 0.0254040 seconds
324.197: [Full GC [PSYoungGen: 138752K->33465K(161280K)] [ParOldGen: 367289K->367289K(367616K)] 506041K->400755K(528896K) [PSPermGen: 13648K->13648K(21504K)], 0.0747640 secs] [Times: user=0.52 sys=0.00, real=0.08 secs] 
324.272: Total time for which application threads were stopped: 0.0754260 seconds, Stopping threads took: 0.0000900 seconds
324.297: Application time: 0.0255450 seconds
324.298: [Full GC [PSYoungGen: 138752K->33479K(161280K)] [ParOldGen: 367289K->367289K(367616K)] 506041K->400769K(528896K) [PSPermGen: 13648K->13648K(21504K)], 0.0740180 secs] [Times: user=0.51 sys=0.00, real=0.08 secs] 
324.372: Total time for which application threads were stopped: 0.0746180 seconds, Stopping threads took: 0.0000340 seconds
324.396: Application time: 0.0247080 seconds
324.397: [Full GC [PSYoungGen: 138752K->33495K(161280K)] [ParOldGen: 367289K->367289K(367616K)] 506041K->400784K(528896K) [PSPermGen: 13648K->13648K(21504K)], 0.0735850 secs] [Times: user=0.52 sys=0.00, real=0.07 secs] 
324.471: Total time for which application threads were stopped: 0.0742350 seconds, Stopping threads took: 0.0000660 seconds
324.495: Application time: 0.0247130 seconds
324.496: [Full GC [PSYoungGen: 138752K->33512K(161280K)] [ParOldGen: 367289K->367289K(367616K)] 506041K->400801K(528896K) [PSPermGen: 13648K->13648K(21504K)], 0.0729100 secs] [Times: user=0.52 sys=0.00, real=0.07 secs] 
324.569: Total time for which application threads were stopped: 0.0735560 seconds, Stopping threads took: 0.0000330 seconds
324.596: Application time: 0.0265910 seconds
324.596: [Full GC [PSYoungGen: 138752K->33416K(161280K)] [ParOldGen: 367289K->367289K(367616K)] 506041K->400705K(528896K) [PSPermGen: 13648K->13648K(21504K)], 0.0751730 secs] [Times: user=0.51 sys=0.00, real=0.08 secs] 
324.671: Total time for which application threads were stopped: 0.0758620 seconds, Stopping threads took: 0.0001220 seconds
324.697: Application time: 0.0252200 seconds
324.697: [Full GC [PSYoungGen: 138752K->33400K(161280K)] [ParOldGen: 367289K->367289K(367616K)] 506041K->400689K(528896K) [PSPermGen: 13648K->13648K(21504K)], 0.0743730 secs] [Times: user=0.53 sys=0.00, real=0.08 secs] 
324.772: Total time for which application threads were stopped: 0.0749920 seconds, Stopping threads took: 0.0000430 seconds
324.797: Application time: 0.0249290 seconds
324.797: [Full GC [PSYoungGen: 138752K->33414K(161280K)] [ParOldGen: 367289K->367289K(367616K)] 506041K->400703K(528896K) [PSPermGen: 13648K->13648K(21504K)], 0.0741410 secs] [Times: user=0.52 sys=0.01, real=0.07 secs] 
324.871: Total time for which application threads were stopped: 0.0747600 seconds, Stopping threads took: 0.0000600 seconds
324.896: Application time: 0.0250430 seconds
324.897: [Full GC [PSYoungGen: 138752K->33429K(161280K)] [ParOldGen: 367289K->367289K(367616K)] 506041K->400718K(528896K) [PSPermGen: 13648K->13648K(21504K)], 0.0734870 secs] [Times: user=0.51 sys=0.00, real=0.07 secs] 
324.971: Total time for which application threads were stopped: 0.0741430 seconds, Stopping threads took: 0.0000760 seconds
324.996: Application time: 0.0252060 seconds
324.996: [Full GC [PSYoungGen: 138752K->33446K(161280K)] [ParOldGen: 367289K->367289K(367616K)] 506041K->400735K(528896K) [PSPermGen: 13648K->13648K(21504K)], 0.0748470 secs] [Times: user=0.53 sys=0.00, real=0.07 secs] 
325.071: Total time for which application threads were stopped: 0.0755290 seconds, Stopping threads took: 0.0000650 seconds
325.097: Application time: 0.0253380 seconds
325.097: [Full GC [PSYoungGen: 138752K->33400K(161280K)] [ParOldGen: 367289K->367289K(367616K)] 506041K->400689K(528896K) [PSPermGen: 13648K->13648K(21504K)], 0.0741390 secs] [Times: user=0.52 sys=0.00, real=0.08 secs] 
325.171: Total time for which application threads were stopped: 0.0748390 seconds, Stopping threads took: 0.0001130 seconds
325.197: Application time: 0.0254180 seconds
325.197: [Full GC [PSYoungGen: 138752K->33405K(161280K)] [ParOldGen: 367289K->367289K(367616K)] 506041K->400694K(528896K) [PSPermGen: 13648K->13648K(21504K)], 0.0738170 secs] [Times: user=0.52 sys=0.00, real=0.07 secs] 
325.271: Total time for which application threads were stopped: 0.0744510 seconds, Stopping threads took: 0.0000610 seconds
325.297: Application time: 0.0252800 seconds
325.297: [Full GC [PSYoungGen: 138752K->33420K(161280K)] [ParOldGen: 367289K->367289K(367616K)] 506041K->400709K(528896K) [PSPermGen: 13648K->13648K(21504K)], 0.0764920 secs] [Times: user=0.54 sys=0.00, real=0.08 secs] 
325.374: Total time for which application threads were stopped: 0.0772240 seconds, Stopping threads took: 0.0000630 seconds
325.399: Application time: 0.0249630 seconds
325.399: [Full GC [PSYoungGen: 138752K->33436K(161280K)] [ParOldGen: 367289K->367289K(367616K)] 506041K->400725K(528896K) [PSPermGen: 13648K->13648K(21504K)], 0.0733580 secs] [Times: user=0.52 sys=0.00, real=0.08 secs] 
325.473: Total time for which application threads were stopped: 0.0740350 seconds, Stopping threads took: 0.0000950 seconds
325.498: Application time: 0.0253650 seconds
325.499: [Full GC [PSYoungGen: 138752K->33451K(161280K)] [ParOldGen: 367289K->367289K(367616K)] 506041K->400740K(528896K) [PSPermGen: 13648K->13648K(21504K)], 0.0750740 secs] [Times: user=0.53 sys=0.00, real=0.08 secs] 
325.574: Total time for which application threads were stopped: 0.0757810 seconds, Stopping threads took: 0.0000910 seconds
325.600: Application time: 0.0257690 seconds
325.600: [Full GC [PSYoungGen: 138752K->33466K(161280K)] [ParOldGen: 367289K->367289K(367616K)] 506041K->400756K(528896K) [PSPermGen: 13648K->13648K(21504K)], 0.0736750 secs] [Times: user=0.52 sys=0.00, real=0.08 secs] 
325.674: Total time for which application threads were stopped: 0.0743260 seconds, Stopping threads took: 0.0000800 seconds
325.700: Application time: 0.0254700 seconds
325.700: [Full GC [PSYoungGen: 138752K->33426K(161280K)] [ParOldGen: 367289K->367289K(367616K)] 506041K->400715K(528896K) [PSPermGen: 13648K->13648K(21504K)], 0.0733190 secs] [Times: user=0.52 sys=0.00, real=0.08 secs] 
325.774: Total time for which application threads were stopped: 0.0740420 seconds, Stopping threads took: 0.0000790 seconds
325.799: Application time: 0.0253080 seconds
325.800: [Full GC [PSYoungGen: 138752K->33427K(161280K)] [ParOldGen: 367289K->367289K(367616K)] 506041K->400716K(528896K) [PSPermGen: 13648K->13648K(21504K)], 0.0741370 secs] [Times: user=0.51 sys=0.00, real=0.08 secs] 
325.874: Total time for which application threads were stopped: 0.0748060 seconds, Stopping threads took: 0.0000780 seconds
325.899: Application time: 0.0253720 seconds
325.900: [Full GC [PSYoungGen: 138752K->33439K(161280K)] [ParOldGen: 367289K->367289K(367616K)] 506041K->400729K(528896K) [PSPermGen: 13648K->13648K(21504K)], 0.0723300 secs] [Times: user=0.51 sys=0.00, real=0.08 secs] 
325.972: Total time for which application threads were stopped: 0.0730680 seconds, Stopping threads took: 0.0000690 seconds
325.998: Application time: 0.0258720 seconds
325.999: [Full GC [PSYoungGen: 138752K->33400K(161280K)] [ParOldGen: 367289K->367289K(367616K)] 506041K->400689K(528896K) [PSPermGen: 13648K->13648K(21504K)], 0.0737050 secs] [Times: user=0.52 sys=0.00, real=0.08 secs] 
326.072: Total time for which application threads were stopped: 0.0743510 seconds, Stopping threads took: 0.0000880 seconds
326.098: Application time: 0.0256310 seconds
326.099: [Full GC [PSYoungGen: 138752K->33346K(161280K)] [ParOldGen: 367289K->367289K(367616K)] 506041K->400636K(528896K) [PSPermGen: 13648K->13648K(21504K)], 0.0737890 secs] [Times: user=0.52 sys=0.01, real=0.08 secs] 
326.172: Total time for which application threads were stopped: 0.0744480 seconds, Stopping threads took: 0.0000650 seconds
326.198: Application time: 0.0250640 seconds
326.198: [Full GC [PSYoungGen: 138752K->33345K(161280K)] [ParOldGen: 367289K->367289K(367616K)] 506041K->400634K(528896K) [PSPermGen: 13648K->13648K(21504K)], 0.0725920 secs] [Times: user=0.51 sys=0.00, real=0.07 secs] 
326.271: Total time for which application threads were stopped: 0.0732420 seconds, Stopping threads took: 0.0000790 seconds
326.296: Application time: 0.0249530 seconds
326.296: [Full GC [PSYoungGen: 138752K->33359K(161280K)] [ParOldGen: 367289K->367289K(367616K)] 506041K->400648K(528896K) [PSPermGen: 13648K->13648K(21504K)], 0.0729150 secs] [Times: user=0.52 sys=0.00, real=0.07 secs] 
326.369: Total time for which application threads were stopped: 0.0735640 seconds, Stopping threads took: 0.0000970 seconds
326.395: Application time: 0.0252550 seconds
326.395: [Full GC [PSYoungGen: 138752K->33374K(161280K)] [ParOldGen: 367289K->367289K(367616K)] 506041K->400663K(528896K) [PSPermGen: 13648K->13648K(21504K)], 0.0732780 secs] [Times: user=0.51 sys=0.00, real=0.07 secs] 
326.468: Total time for which application threads were stopped: 0.0738970 seconds, Stopping threads took: 0.0000710 seconds
326.494: Application time: 0.0251400 seconds
326.494: [Full GC [PSYoungGen: 138752K->33388K(161280K)] [ParOldGen: 367289K->367289K(367616K)] 506041K->400678K(528896K) [PSPermGen: 13648K->13648K(21504K)], 0.0741090 secs] [Times: user=0.53 sys=0.00, real=0.07 secs] 
326.568: Total time for which application threads were stopped: 0.0748320 seconds, Stopping threads took: 0.0000880 seconds
326.594: Application time: 0.0253920 seconds
326.594: [Full GC [PSYoungGen: 138752K->33406K(161280K)] [ParOldGen: 367289K->367289K(367616K)] 506041K->400696K(528896K) [PSPermGen: 13648K->13648K(21504K)], 0.0753810 secs] [Times: user=0.52 sys=0.00, real=0.07 secs] 
326.670: Total time for which application threads were stopped: 0.0760510 seconds, Stopping threads took: 0.0000820 seconds
326.695: Application time: 0.0252300 seconds
326.696: [Full GC [PSYoungGen: 138752K->33419K(161280K)] [ParOldGen: 367289K->367289K(367616K)] 506041K->400708K(528896K) [PSPermGen: 13648K->13648K(21504K)], 0.0738260 secs] [Times: user=0.51 sys=0.00, real=0.07 secs] 
326.770: Total time for which application threads were stopped: 0.0744990 seconds, Stopping threads took: 0.0000710 seconds
326.795: Application time: 0.0256090 seconds
326.796: [Full GC [PSYoungGen: 138752K->33435K(161280K)] [ParOldGen: 367289K->367289K(367616K)] 506041K->400724K(528896K) [PSPermGen: 13648K->13648K(21504K)], 0.0733150 secs] [Times: user=0.51 sys=0.00, real=0.07 secs] 
326.869: Total time for which application threads were stopped: 0.0739730 seconds, Stopping threads took: 0.0001010 seconds
326.894: Application time: 0.0251330 seconds
326.895: [Full GC [PSYoungGen: 138752K->33451K(161280K)] [ParOldGen: 367289K->367289K(367616K)] 506041K->400741K(528896K) [PSPermGen: 13648K->13648K(21504K)], 0.0728770 secs] [Times: user=0.52 sys=0.00, real=0.07 secs] 
326.968: Total time for which application threads were stopped: 0.0736060 seconds, Stopping threads took: 0.0001010 seconds
326.993: Application time: 0.0249560 seconds
326.993: [Full GC [PSYoungGen: 138752K->33466K(161280K)] [ParOldGen: 367289K->367289K(367616K)] 506041K->400755K(528896K) [PSPermGen: 13648K->13648K(21504K)], 0.0729290 secs] [Times: user=0.51 sys=0.00, real=0.07 secs] 
327.066: Total time for which application threads were stopped: 0.0735420 seconds, Stopping threads took: 0.0000630 seconds
327.091: Application time: 0.0248250 seconds
327.092: [Full GC [PSYoungGen: 138752K->33479K(161280K)] [ParOldGen: 367289K->367289K(367616K)] 506041K->400768K(528896K) [PSPermGen: 13648K->13648K(21504K)], 0.0728040 secs] [Times: user=0.52 sys=0.00, real=0.07 secs] 
327.165: Total time for which application threads were stopped: 0.0734550 seconds, Stopping threads took: 0.0000900 seconds
327.190: Application time: 0.0250460 seconds
327.190: [Full GC [PSYoungGen: 138752K->33439K(161280K)] [ParOldGen: 367289K->367289K(367616K)] 506041K->400729K(528896K) [PSPermGen: 13648K->13648K(21504K)], 0.0729660 secs] [Times: user=0.51 sys=0.00, real=0.08 secs] 
327.265: Total time for which application threads were stopped: 0.0751910 seconds, Stopping threads took: 0.0000660 seconds
327.290: Application time: 0.0250600 seconds
327.291: [Full GC [PSYoungGen: 138752K->33377K(161280K)] [ParOldGen: 367289K->367289K(367616K)] 506041K->400666K(528896K) [PSPermGen: 13648K->13648K(21504K)], 0.0743620 secs] [Times: user=0.51 sys=0.00, real=0.08 secs] 
327.365: Total time for which application threads were stopped: 0.0751270 seconds, Stopping threads took: 0.0001160 seconds
327.390: Application time: 0.0249510 seconds
327.391: [Full GC [PSYoungGen: 138752K->33382K(161280K)] [ParOldGen: 367289K->367289K(367616K)] 506041K->400672K(528896K) [PSPermGen: 13648K->13648K(21504K)], 0.0731280 secs] [Times: user=0.51 sys=0.00, real=0.08 secs] 
327.464: Total time for which application threads were stopped: 0.0738310 seconds, Stopping threads took: 0.0001400 seconds
327.489: Application time: 0.0254710 seconds
327.490: [Full GC [PSYoungGen: 138752K->33398K(161280K)] [ParOldGen: 367289K->367289K(367616K)] 506041K->400687K(528896K) [PSPermGen: 13648K->13648K(21504K)], 0.0730680 secs] [Times: user=0.52 sys=0.00, real=0.07 secs] 
327.563: Total time for which application threads were stopped: 0.0738430 seconds, Stopping threads took: 0.0001890 seconds
327.589: Application time: 0.0252080 seconds
327.589: [Full GC [PSYoungGen: 138752K->33415K(161280K)] [ParOldGen: 367289K->367289K(367616K)] 506041K->400704K(528896K) [PSPermGen: 13648K->13648K(21504K)], 0.0741550 secs] [Times: user=0.51 sys=0.00, real=0.07 secs] 
327.663: Total time for which application threads were stopped: 0.0748400 seconds, Stopping threads took: 0.0001110 seconds
327.689: Application time: 0.0252710 seconds
327.689: [Full GC [PSYoungGen: 138752K->33430K(161280K)] [ParOldGen: 367289K->367289K(367616K)] 506041K->400719K(528896K) [PSPermGen: 13648K->13648K(21504K)], 0.0742190 secs] [Times: user=0.53 sys=0.00, real=0.08 secs] 
327.764: Total time for which application threads were stopped: 0.0748740 seconds, Stopping threads took: 0.0000760 seconds
327.789: Application time: 0.0253340 seconds
327.789: [Full GC [PSYoungGen: 138752K->33447K(161280K)] [ParOldGen: 367289K->367289K(367616K)] 506041K->400736K(528896K) [PSPermGen: 13648K->13648K(21504K)], 0.0752470 secs] [Times: user=0.53 sys=0.00, real=0.08 secs] 
327.865: Total time for which application threads were stopped: 0.0759100 seconds, Stopping threads took: 0.0000780 seconds
327.890: Application time: 0.0256990 seconds
327.891: [Full GC [PSYoungGen: 138752K->33461K(161280K)] [ParOldGen: 367289K->367289K(367616K)] 506041K->400750K(528896K) [PSPermGen: 13648K->13648K(21504K)], 0.0736400 secs] [Times: user=0.52 sys=0.00, real=0.08 secs] 
327.965: Total time for which application threads were stopped: 0.0742900 seconds, Stopping threads took: 0.0000620 seconds
327.990: Application time: 0.0253430 seconds
327.991: [Full GC [PSYoungGen: 138752K->33477K(161280K)] [ParOldGen: 367289K->367289K(367616K)] 506041K->400766K(528896K) [PSPermGen: 13648K->13648K(21504K)], 0.0738260 secs] [Times: user=0.52 sys=0.00, real=0.08 secs] 
328.065: Total time for which application threads were stopped: 0.0744980 seconds, Stopping threads took: 0.0001090 seconds
328.090: Application time: 0.0253890 seconds
328.091: [Full GC [PSYoungGen: 138752K->33488K(161280K)] [ParOldGen: 367289K->367289K(367616K)] 506041K->400777K(528896K) [PSPermGen: 13648K->13648K(21504K)], 0.0739600 secs] [Times: user=0.52 sys=0.00, real=0.08 secs] 
328.165: Total time for which application threads were stopped: 0.0746270 seconds, Stopping threads took: 0.0000990 seconds
328.191: Application time: 0.0263760 seconds
328.192: [Full GC [PSYoungGen: 138752K->33397K(161280K)] [ParOldGen: 367289K->367289K(367616K)] 506041K->400686K(528896K) [PSPermGen: 13648K->13648K(21504K)], 0.0734070 secs] [Times: user=0.52 sys=0.00, real=0.07 secs] 
328.265: Total time for which application threads were stopped: 0.0741340 seconds, Stopping threads took: 0.0001000 seconds
328.290: Application time: 0.0252990 seconds
328.291: [Full GC [PSYoungGen: 138752K->33380K(161280K)] [ParOldGen: 367289K->367289K(367616K)] 506041K->400670K(528896K) [PSPermGen: 13648K->13648K(21504K)], 0.0733490 secs] [Times: user=0.51 sys=0.00, real=0.08 secs] 
328.365: Total time for which application threads were stopped: 0.0740700 seconds, Stopping threads took: 0.0001510 seconds
328.390: Application time: 0.0252260 seconds
328.390: [Full GC [PSYoungGen: 138752K->33396K(161280K)] [ParOldGen: 367289K->367289K(367616K)] 506041K->400685K(528896K) [PSPermGen: 13648K->13648K(21504K)], 0.0746820 secs] [Times: user=0.53 sys=0.00, real=0.08 secs] 
328.465: Total time for which application threads were stopped: 0.0753920 seconds, Stopping threads took: 0.0000810 seconds
328.490: Application time: 0.0251920 seconds
328.491: [Full GC [PSYoungGen: 138752K->33410K(161280K)] [ParOldGen: 367289K->367289K(367616K)] 506041K->400699K(528896K) [PSPermGen: 13648K->13648K(21504K)], 0.0732980 secs] [Times: user=0.52 sys=0.00, real=0.08 secs] 
328.564: Total time for which application threads were stopped: 0.0740320 seconds, Stopping threads took: 0.0000710 seconds
328.590: Application time: 0.0253930 seconds
328.590: [Full GC [PSYoungGen: 138752K->33363K(161280K)] [ParOldGen: 367289K->367289K(367616K)] 506041K->400652K(528896K) [PSPermGen: 13648K->13648K(21504K)], 0.0740790 secs] [Times: user=0.51 sys=0.00, real=0.08 secs] 
328.665: Total time for which application threads were stopped: 0.0747680 seconds, Stopping threads took: 0.0000720 seconds
328.690: Application time: 0.0254970 seconds
328.691: [Full GC [PSYoungGen: 138752K->33369K(161280K)] [ParOldGen: 367289K->367289K(367616K)] 506041K->400658K(528896K) [PSPermGen: 13648K->13648K(21504K)], 0.0749960 secs] [Times: user=0.53 sys=0.00, real=0.08 secs] 
328.766: Total time for which application threads were stopped: 0.0756350 seconds, Stopping threads took: 0.0000810 seconds
328.791: Application time: 0.0254210 seconds
328.792: [Full GC [PSYoungGen: 138752K->33383K(161280K)] [ParOldGen: 367289K->367289K(367616K)] 506041K->400672K(528896K) [PSPermGen: 13648K->13648K(21504K)], 0.0813360 secs] [Times: user=0.57 sys=0.00, real=0.08 secs] 
328.873: Total time for which application threads were stopped: 0.0820040 seconds, Stopping threads took: 0.0000920 seconds
328.898: Application time: 0.0253520 seconds
328.899: [Full GC [PSYoungGen: 138752K->33400K(161280K)] [ParOldGen: 367289K->367289K(367616K)] 506041K->400689K(528896K) [PSPermGen: 13648K->13648K(21504K)], 0.0741820 secs] [Times: user=0.52 sys=0.00, real=0.08 secs] 
328.973: Total time for which application threads were stopped: 0.0748650 seconds, Stopping threads took: 0.0001080 seconds
328.999: Application time: 0.0255060 seconds
328.999: [Full GC [PSYoungGen: 138752K->33415K(161280K)] [ParOldGen: 367289K->367289K(367616K)] 506041K->400705K(528896K) [PSPermGen: 13648K->13648K(21504K)], 0.0747420 secs] [Times: user=0.53 sys=0.00, real=0.08 secs] 
329.074: Total time for which application threads were stopped: 0.0754380 seconds, Stopping threads took: 0.0000800 seconds
329.100: Application time: 0.0256360 seconds
329.101: [Full GC [PSYoungGen: 138752K->33428K(161280K)] [ParOldGen: 367289K->367289K(367616K)] 506041K->400718K(528896K) [PSPermGen: 13648K->13648K(21504K)], 0.0753260 secs] [Times: user=0.53 sys=0.00, real=0.08 secs] 
329.176: Total time for which application threads were stopped: 0.0760330 seconds, Stopping threads took: 0.0001250 seconds
329.202: Application time: 0.0256090 seconds
329.202: [Full GC [PSYoungGen: 138752K->33447K(161280K)] [ParOldGen: 367289K->367289K(367616K)] 506041K->400736K(528896K) [PSPermGen: 13648K->13648K(21504K)], 0.0744300 secs] [Times: user=0.52 sys=0.00, real=0.08 secs] 
329.277: Total time for which application threads were stopped: 0.0750920 seconds, Stopping threads took: 0.0000910 seconds
329.302: Application time: 0.0251020 seconds
329.302: [Full GC [PSYoungGen: 138752K->33462K(161280K)] [ParOldGen: 367289K->367289K(367616K)] 506041K->400751K(528896K) [PSPermGen: 13648K->13648K(21504K)], 0.0739450 secs] [Times: user=0.52 sys=0.00, real=0.08 secs] 
329.376: Total time for which application threads were stopped: 0.0745860 seconds, Stopping threads took: 0.0000720 seconds
329.401: Application time: 0.0251500 seconds
329.402: [Full GC [PSYoungGen: 138752K->33478K(161280K)] [ParOldGen: 367289K->367289K(367616K)] 506041K->400767K(528896K) [PSPermGen: 13648K->13648K(21504K)], 0.0737360 secs] [Times: user=0.51 sys=0.00, real=0.08 secs] 
329.476: Total time for which application threads were stopped: 0.0744600 seconds, Stopping threads took: 0.0000880 seconds
329.501: Application time: 0.0253420 seconds
329.502: [Full GC [PSYoungGen: 138752K->33434K(161280K)] [ParOldGen: 367289K->367289K(367616K)] 506041K->400723K(528896K) [PSPermGen: 13648K->13648K(21504K)], 0.0732220 secs] [Times: user=0.52 sys=0.00, real=0.08 secs] 
329.575: Total time for which application threads were stopped: 0.0739780 seconds, Stopping threads took: 0.0001010 seconds
329.600: Application time: 0.0249540 seconds
329.601: [Full GC [PSYoungGen: 138752K->33437K(161280K)] [ParOldGen: 367289K->367289K(367616K)] 506041K->400726K(528896K) [PSPermGen: 13648K->13648K(21504K)], 0.0728590 secs] [Times: user=0.51 sys=0.00, real=0.08 secs] 
329.674: Total time for which application threads were stopped: 0.0735760 seconds, Stopping threads took: 0.0000800 seconds
329.699: Application time: 0.0253260 seconds
329.700: [Full GC [PSYoungGen: 138752K->33448K(161280K)] [ParOldGen: 367289K->367289K(367616K)] 506041K->400737K(528896K) [PSPermGen: 13648K->13648K(21504K)], 0.0735030 secs] [Times: user=0.52 sys=0.00, real=0.08 secs] 
329.773: Total time for which application threads were stopped: 0.0742470 seconds, Stopping threads took: 0.0000650 seconds
329.799: Application time: 0.0255410 seconds
329.800: [Full GC [PSYoungGen: 138752K->33398K(161280K)] [ParOldGen: 367289K->367289K(367616K)] 506041K->400687K(528896K) [PSPermGen: 13648K->13648K(21504K)], 0.0731060 secs] [Times: user=0.52 sys=0.00, real=0.08 secs] 
329.873: Total time for which application threads were stopped: 0.0737470 seconds, Stopping threads took: 0.0000670 seconds
329.898: Application time: 0.0253670 seconds
329.899: [Full GC [PSYoungGen: 138752K->33407K(161280K)] [ParOldGen: 367289K->367289K(367616K)] 506041K->400696K(528896K) [PSPermGen: 13648K->13648K(21504K)], 0.0736220 secs] [Times: user=0.51 sys=0.00, real=0.08 secs] 
329.972: Total time for which application threads were stopped: 0.0742500 seconds, Stopping threads took: 0.0000800 seconds
329.998: Application time: 0.0254170 seconds
329.998: [Full GC [PSYoungGen: 138752K->33356K(161280K)] [ParOldGen: 367289K->367289K(367616K)] 506041K->400645K(528896K) [PSPermGen: 13648K->13648K(21504K)], 0.0753270 secs] [Times: user=0.53 sys=0.00, real=0.08 secs] 
330.074: Total time for which application threads were stopped: 0.0760000 seconds, Stopping threads took: 0.0001260 seconds
330.099: Application time: 0.0254920 seconds
330.100: [Full GC [PSYoungGen: 138752K->33369K(161280K)] [ParOldGen: 367289K->367289K(367616K)] 506041K->400658K(528896K) [PSPermGen: 13648K->13648K(21504K)], 0.0746530 secs] [Times: user=0.52 sys=0.01, real=0.08 secs] 
330.175: Total time for which application threads were stopped: 0.0753370 seconds, Stopping threads took: 0.0000800 seconds
330.200: Application time: 0.0256370 seconds
330.201: [Full GC [PSYoungGen: 138752K->33385K(161280K)] [ParOldGen: 367289K->367289K(367616K)] 506041K->400674K(528896K) [PSPermGen: 13648K->13648K(21504K)], 0.0730860 secs] [Times: user=0.52 sys=0.00, real=0.08 secs] 
330.274: Total time for which application threads were stopped: 0.0737220 seconds, Stopping threads took: 0.0000620 seconds
330.299: Application time: 0.0255330 seconds
330.300: [Full GC [PSYoungGen: 138752K->33400K(161280K)] [ParOldGen: 367289K->367289K(367616K)] 506041K->400690K(528896K) [PSPermGen: 13648K->13648K(21504K)], 0.0768930 secs] [Times: user=0.52 sys=0.00, real=0.08 secs] 
330.377: Total time for which application threads were stopped: 0.0775460 seconds, Stopping threads took: 0.0000820 seconds
330.403: Application time: 0.0256310 seconds
330.403: [Full GC [PSYoungGen: 138752K->33415K(161280K)] [ParOldGen: 367289K->367289K(367616K)] 506041K->400704K(528896K) [PSPermGen: 13648K->13648K(21504K)], 0.0729080 secs] [Times: user=0.51 sys=0.01, real=0.08 secs] 
330.476: Total time for which application threads were stopped: 0.0735900 seconds, Stopping threads took: 0.0000950 seconds
330.502: Application time: 0.0258880 seconds
330.503: [Full GC [PSYoungGen: 138752K->33432K(161280K)] [ParOldGen: 367289K->367289K(367616K)] 506041K->400722K(528896K) [PSPermGen: 13648K->13648K(21504K)], 0.0739520 secs] [Times: user=0.52 sys=0.00, real=0.08 secs] 
330.577: Total time for which application threads were stopped: 0.0745900 seconds, Stopping threads took: 0.0000510 seconds
330.602: Application time: 0.0253030 seconds
330.603: [Full GC [PSYoungGen: 138752K->33446K(161280K)] [ParOldGen: 367289K->367289K(367616K)] 506041K->400735K(528896K) [PSPermGen: 13648K->13648K(21504K)], 0.0752580 secs] [Times: user=0.53 sys=0.00, real=0.08 secs] 
330.678: Total time for which application threads were stopped: 0.0760140 seconds, Stopping threads took: 0.0001330 seconds
330.703: Application time: 0.0252130 seconds
330.704: [Full GC [PSYoungGen: 138752K->33462K(161280K)] [ParOldGen: 367289K->367289K(367616K)] 506041K->400752K(528896K) [PSPermGen: 13648K->13648K(21504K)], 0.0730120 secs] [Times: user=0.52 sys=0.00, real=0.07 secs] 
330.777: Total time for which application threads were stopped: 0.0737100 seconds, Stopping threads took: 0.0001220 seconds
330.802: Application time: 0.0254570 seconds
330.803: [Full GC [PSYoungGen: 138752K->33476K(161280K)] [ParOldGen: 367289K->367289K(367616K)] 506041K->400765K(528896K) [PSPermGen: 13648K->13648K(21504K)], 0.0733130 secs] [Times: user=0.51 sys=0.00, real=0.08 secs] 
330.876: Total time for which application threads were stopped: 0.0739330 seconds, Stopping threads took: 0.0000610 seconds
330.901: Application time: 0.0248940 seconds
330.902: [Full GC [PSYoungGen: 138752K->33491K(161280K)] [ParOldGen: 367289K->367289K(367616K)] 506041K->400780K(528896K) [PSPermGen: 13648K->13648K(21504K)], 0.0722510 secs] [Times: user=0.51 sys=0.00, real=0.08 secs] 
330.974: Total time for which application threads were stopped: 0.0729420 seconds, Stopping threads took: 0.0000530 seconds
330.999: Application time: 0.0249280 seconds
331.000: [Full GC [PSYoungGen: 138752K->33501K(161280K)] [ParOldGen: 367289K->367289K(367616K)] 506041K->400791K(528896K) [PSPermGen: 13648K->13648K(21504K)], 0.0723150 secs] [Times: user=0.50 sys=0.00, real=0.08 secs] 
331.072: Total time for which application threads were stopped: 0.0729980 seconds, Stopping threads took: 0.0000500 seconds
331.098: Application time: 0.0256030 seconds
331.098: [Full GC [PSYoungGen: 138752K->33388K(161280K)] [ParOldGen: 367289K->367289K(367616K)] 506041K->400678K(528896K) [PSPermGen: 13648K->13648K(21504K)], 0.0729450 secs] [Times: user=0.51 sys=0.00, real=0.08 secs] 
331.171: Total time for which application threads were stopped: 0.0736310 seconds, Stopping threads took: 0.0000470 seconds
331.197: Application time: 0.0252400 seconds
331.197: [Full GC [PSYoungGen: 138752K->33395K(161280K)] [ParOldGen: 367289K->367289K(367616K)] 506041K->400684K(528896K) [PSPermGen: 13648K->13648K(21504K)], 0.0731910 secs] [Times: user=0.51 sys=0.00, real=0.07 secs] 
331.270: Total time for which application threads were stopped: 0.0738440 seconds, Stopping threads took: 0.0000740 seconds
331.296: Application time: 0.0252290 seconds
331.296: [Full GC [PSYoungGen: 138752K->33411K(161280K)] [ParOldGen: 367289K->367289K(367616K)] 506041K->400700K(528896K) [PSPermGen: 13648K->13648K(21504K)], 0.0731750 secs] [Times: user=0.51 sys=0.00, real=0.07 secs] 
331.370: Total time for which application threads were stopped: 0.0738240 seconds, Stopping threads took: 0.0000810 seconds
331.395: Application time: 0.0255800 seconds
331.396: [Full GC [PSYoungGen: 138752K->33425K(161280K)] [ParOldGen: 367289K->367289K(367616K)] 506041K->400714K(528896K) [PSPermGen: 13648K->13648K(21504K)], 0.0739220 secs] [Times: user=0.52 sys=0.00, real=0.07 secs] 
331.470: Total time for which application threads were stopped: 0.0745620 seconds, Stopping threads took: 0.0000610 seconds
331.495: Application time: 0.0251080 seconds
331.495: [Full GC [PSYoungGen: 138752K->33442K(161280K)] [ParOldGen: 367289K->367289K(367616K)] 506041K->400731K(528896K) [PSPermGen: 13648K->13648K(21504K)], 0.0739490 secs] [Times: user=0.52 sys=0.00, real=0.07 secs] 
331.569: Total time for which application threads were stopped: 0.0745900 seconds, Stopping threads took: 0.0000630 seconds
331.595: Application time: 0.0254300 seconds
331.595: [Full GC [PSYoungGen: 138752K->33456K(161280K)] [ParOldGen: 367289K->367289K(367616K)] 506041K->400746K(528896K) [PSPermGen: 13648K->13648K(21504K)], 0.0735320 secs] [Times: user=0.51 sys=0.00, real=0.07 secs] 
331.669: Total time for which application threads were stopped: 0.0741880 seconds, Stopping threads took: 0.0000640 seconds
331.694: Application time: 0.0254070 seconds
331.695: [Full GC [PSYoungGen: 138752K->33471K(161280K)] [ParOldGen: 367289K->367289K(367616K)] 506041K->400760K(528896K) [PSPermGen: 13648K->13648K(21504K)], 0.0735950 secs] [Times: user=0.52 sys=0.00, real=0.07 secs] 
331.769: Total time for which application threads were stopped: 0.0742690 seconds, Stopping threads took: 0.0000930 seconds
331.794: Application time: 0.0256990 seconds
331.795: [Full GC [PSYoungGen: 138752K->33376K(161280K)] [ParOldGen: 367289K->367289K(367616K)] 506041K->400666K(528896K) [PSPermGen: 13648K->13648K(21504K)], 0.0747690 secs] [Times: user=0.51 sys=0.00, real=0.07 secs] 
331.870: Total time for which application threads were stopped: 0.0754290 seconds, Stopping threads took: 0.0000730 seconds
331.895: Application time: 0.0249860 seconds
331.895: [Full GC [PSYoungGen: 138752K->33361K(161280K)] [ParOldGen: 367289K->367289K(367616K)] 506041K->400650K(528896K) [PSPermGen: 13648K->13648K(21504K)], 0.0731320 secs] [Times: user=0.52 sys=0.00, real=0.07 secs] 
331.969: Total time for which application threads were stopped: 0.0737510 seconds, Stopping threads took: 0.0000600 seconds
331.994: Application time: 0.0253940 seconds
331.995: [Full GC [PSYoungGen: 138752K->33376K(161280K)] [ParOldGen: 367289K->367289K(367616K)] 506041K->400665K(528896K) [PSPermGen: 13648K->13648K(21504K)], 0.0733770 secs] [Times: user=0.52 sys=0.00, real=0.07 secs] 
332.068: Total time for which application threads were stopped: 0.0740340 seconds, Stopping threads took: 0.0000770 seconds
332.093: Application time: 0.0249610 seconds
332.094: [Full GC [PSYoungGen: 138752K->33390K(161280K)] [ParOldGen: 367289K->367289K(367616K)] 506041K->400679K(528896K) [PSPermGen: 13648K->13648K(21504K)], 0.0723720 secs] [Times: user=0.51 sys=0.00, real=0.07 secs] 
332.166: Total time for which application threads were stopped: 0.0730730 seconds, Stopping threads took: 0.0000630 seconds
332.191: Application time: 0.0249390 seconds
332.192: [Full GC [PSYoungGen: 138752K->33404K(161280K)] [ParOldGen: 367289K->367289K(367616K)] 506041K->400694K(528896K) [PSPermGen: 13648K->13648K(21504K)], 0.0728860 secs] [Times: user=0.51 sys=0.01, real=0.07 secs] 
332.266: Total time for which application threads were stopped: 0.0750370 seconds, Stopping threads took: 0.0000630 seconds
332.291: Application time: 0.0254290 seconds
332.292: [Full GC [PSYoungGen: 138752K->33364K(161280K)] [ParOldGen: 367289K->367289K(367616K)] 506041K->400654K(528896K) [PSPermGen: 13648K->13648K(21504K)], 0.0735690 secs] [Times: user=0.51 sys=0.00, real=0.07 secs] 
332.366: Total time for which application threads were stopped: 0.0742040 seconds, Stopping threads took: 0.0000790 seconds
332.391: Application time: 0.0253130 seconds
332.392: [Full GC [PSYoungGen: 138752K->33365K(161280K)] [ParOldGen: 367289K->367289K(367616K)] 506041K->400654K(528896K) [PSPermGen: 13648K->13648K(21504K)], 0.0729320 secs] [Times: user=0.51 sys=0.00, real=0.07 secs] 
332.465: Total time for which application threads were stopped: 0.0736300 seconds, Stopping threads took: 0.0000830 seconds
332.490: Application time: 0.0256300 seconds
332.491: [Full GC [PSYoungGen: 138752K->33381K(161280K)] [ParOldGen: 367289K->367289K(367616K)] 506041K->400671K(528896K) [PSPermGen: 13648K->13648K(21504K)], 0.0740810 secs] [Times: user=0.52 sys=0.00, real=0.08 secs] 
332.565: Total time for which application threads were stopped: 0.0747310 seconds, Stopping threads took: 0.0000740 seconds
332.591: Application time: 0.0257010 seconds
332.591: [Full GC [PSYoungGen: 138752K->33395K(161280K)] [ParOldGen: 367289K->367289K(367616K)] 506041K->400685K(528896K) [PSPermGen: 13648K->13648K(21504K)], 0.0762720 secs] [Times: user=0.53 sys=0.00, real=0.08 secs] 
332.668: Total time for which application threads were stopped: 0.0769080 seconds, Stopping threads took: 0.0000590 seconds
332.693: Application time: 0.0251480 seconds
332.693: [Full GC [PSYoungGen: 138752K->33411K(161280K)] [ParOldGen: 367289K->367289K(367616K)] 506041K->400700K(528896K) [PSPermGen: 13648K->13648K(21504K)], 0.0734710 secs] [Times: user=0.51 sys=0.00, real=0.07 secs] 
332.767: Total time for which application threads were stopped: 0.0741270 seconds, Stopping threads took: 0.0000720 seconds
332.792: Application time: 0.0251880 seconds
332.793: [Full GC [PSYoungGen: 138752K->33427K(161280K)] [ParOldGen: 367289K->367289K(367616K)] 506041K->400716K(528896K) [PSPermGen: 13648K->13648K(21504K)], 0.0736320 secs] [Times: user=0.52 sys=0.00, real=0.07 secs] 
332.866: Total time for which application threads were stopped: 0.0742990 seconds, Stopping threads took: 0.0000870 seconds
332.892: Application time: 0.0251730 seconds
332.892: [Full GC [PSYoungGen: 138752K->33439K(161280K)] [ParOldGen: 367289K->367289K(367616K)] 506041K->400729K(528896K) [PSPermGen: 13648K->13648K(21504K)], 0.0730560 secs] [Times: user=0.51 sys=0.00, real=0.07 secs] 
332.965: Total time for which application threads were stopped: 0.0738260 seconds, Stopping threads took: 0.0001950 seconds
332.991: Application time: 0.0253880 seconds
332.991: [Full GC [PSYoungGen: 138752K->33455K(161280K)] [ParOldGen: 367289K->367289K(367616K)] 506041K->400744K(528896K) [PSPermGen: 13648K->13648K(21504K)], 0.0740310 secs] [Times: user=0.52 sys=0.00, real=0.07 secs] 
333.066: Total time for which application threads were stopped: 0.0747430 seconds, Stopping threads took: 0.0001010 seconds
333.091: Application time: 0.0252730 seconds
333.091: [Full GC [PSYoungGen: 138752K->33471K(161280K)] [ParOldGen: 367289K->367289K(367616K)] 506041K->400760K(528896K) [PSPermGen: 13648K->13648K(21504K)], 0.0736010 secs] [Times: user=0.52 sys=0.00, real=0.07 secs] 
333.165: Total time for which application threads were stopped: 0.0742340 seconds, Stopping threads took: 0.0000740 seconds
333.190: Application time: 0.0252860 seconds
333.191: [Full GC [PSYoungGen: 138752K->33431K(161280K)] [ParOldGen: 367289K->367289K(367616K)] 506041K->400720K(528896K) [PSPermGen: 13648K->13648K(21504K)], 0.0728770 secs] [Times: user=0.51 sys=0.00, real=0.08 secs] 
333.264: Total time for which application threads were stopped: 0.0735950 seconds, Stopping threads took: 0.0000890 seconds
333.289: Application time: 0.0255630 seconds
333.290: [Full GC [PSYoungGen: 138752K->33432K(161280K)] [ParOldGen: 367289K->367289K(367616K)] 506041K->400721K(528896K) [PSPermGen: 13648K->13648K(21504K)], 0.0744760 secs] [Times: user=0.52 sys=0.00, real=0.08 secs] 
333.365: Total time for which application threads were stopped: 0.0751450 seconds, Stopping threads took: 0.0000820 seconds
333.391: Application time: 0.0260950 seconds
333.391: [Full GC [PSYoungGen: 138752K->33446K(161280K)] [ParOldGen: 367289K->367289K(367616K)] 506041K->400735K(528896K) [PSPermGen: 13648K->13648K(21504K)], 0.0730730 secs] [Times: user=0.50 sys=0.01, real=0.08 secs] 
333.464: Total time for which application threads were stopped: 0.0737210 seconds, Stopping threads took: 0.0000920 seconds
333.490: Application time: 0.0257780 seconds
333.491: [Full GC [PSYoungGen: 138752K->33397K(161280K)] [ParOldGen: 367289K->367289K(367616K)] 506041K->400686K(528896K) [PSPermGen: 13648K->13648K(21504K)], 0.0734960 secs] [Times: user=0.52 sys=0.00, real=0.08 secs] 
333.564: Total time for which application threads were stopped: 0.0741200 seconds, Stopping threads took: 0.0000750 seconds
333.590: Application time: 0.0256070 seconds
333.591: [Full GC [PSYoungGen: 138752K->33406K(161280K)] [ParOldGen: 367289K->367289K(367616K)] 506041K->400695K(528896K) [PSPermGen: 13648K->13648K(21504K)], 0.0738950 secs] [Times: user=0.51 sys=0.00, real=0.08 secs] 
333.665: Total time for which application threads were stopped: 0.0745450 seconds, Stopping threads took: 0.0000630 seconds
333.690: Application time: 0.0252290 seconds
333.690: [Full GC [PSYoungGen: 138752K->33420K(161280K)] [ParOldGen: 367289K->367289K(367616K)] 506041K->400709K(528896K) [PSPermGen: 13648K->13648K(21504K)], 0.0729850 secs] [Times: user=0.51 sys=0.00, real=0.08 secs] 
333.763: Total time for which application threads were stopped: 0.0736910 seconds, Stopping threads took: 0.0000840 seconds
333.789: Application time: 0.0251170 seconds
333.789: [Full GC [PSYoungGen: 138752K->33436K(161280K)] [ParOldGen: 367289K->367289K(367616K)] 506041K->400726K(528896K) [PSPermGen: 13648K->13648K(21504K)], 0.0727440 secs] [Times: user=0.52 sys=0.00, real=0.07 secs] 
333.862: Total time for which application threads were stopped: 0.0734230 seconds, Stopping threads took: 0.0000510 seconds
333.888: Application time: 0.0257500 seconds
333.888: [Full GC [PSYoungGen: 138752K->33395K(161280K)] [ParOldGen: 367289K->367289K(367616K)] 506041K->400684K(528896K) [PSPermGen: 13648K->13648K(21504K)], 0.0740060 secs] [Times: user=0.52 sys=0.00, real=0.07 secs] 
333.962: Total time for which application threads were stopped: 0.0746980 seconds, Stopping threads took: 0.0000670 seconds
333.988: Application time: 0.0254970 seconds
333.988: [Full GC [PSYoungGen: 138752K->33395K(161280K)] [ParOldGen: 367289K->367289K(367616K)] 506041K->400685K(528896K) [PSPermGen: 13648K->13648K(21504K)], 0.0730050 secs] [Times: user=0.52 sys=0.00, real=0.07 secs] 
334.062: Total time for which application threads were stopped: 0.0736130 seconds, Stopping threads took: 0.0000550 seconds
334.087: Application time: 0.0254530 seconds
334.088: [Full GC [PSYoungGen: 138752K->33410K(161280K)] [ParOldGen: 367289K->367289K(367616K)] 506041K->400699K(528896K) [PSPermGen: 13648K->13648K(21504K)], 0.0732170 secs] [Times: user=0.51 sys=0.00, real=0.07 secs] 
334.161: Total time for which application threads were stopped: 0.0738640 seconds, Stopping threads took: 0.0000720 seconds
334.186: Application time: 0.0251690 seconds
334.187: [Full GC [PSYoungGen: 138752K->33426K(161280K)] [ParOldGen: 367289K->367289K(367616K)] 506041K->400715K(528896K) [PSPermGen: 13648K->13648K(21504K)], 0.0732030 secs] [Times: user=0.51 sys=0.00, real=0.07 secs] 
334.260: Total time for which application threads were stopped: 0.0738980 seconds, Stopping threads took: 0.0001110 seconds
334.285: Application time: 0.0253490 seconds
334.286: [Full GC [PSYoungGen: 138752K->33442K(161280K)] [ParOldGen: 367289K->367289K(367616K)] 506041K->400731K(528896K) [PSPermGen: 13648K->13648K(21504K)], 0.0732880 secs] [Times: user=0.51 sys=0.00, real=0.07 secs] 
334.359: Total time for which application threads were stopped: 0.0739860 seconds, Stopping threads took: 0.0001130 seconds
334.385: Application time: 0.0254910 seconds
334.385: [Full GC [PSYoungGen: 138752K->33456K(161280K)] [ParOldGen: 367289K->367289K(367616K)] 506041K->400745K(528896K) [PSPermGen: 13648K->13648K(21504K)], 0.0743220 secs] [Times: user=0.53 sys=0.00, real=0.07 secs] 
334.460: Total time for which application threads were stopped: 0.0749920 seconds, Stopping threads took: 0.0000830 seconds
334.485: Application time: 0.0253270 seconds
334.486: [Full GC [PSYoungGen: 138752K->33471K(161280K)] [ParOldGen: 367289K->367289K(367616K)] 506041K->400760K(528896K) [PSPermGen: 13648K->13648K(21504K)], 0.0732290 secs] [Times: user=0.52 sys=0.00, real=0.07 secs] 
334.559: Total time for which application threads were stopped: 0.0738730 seconds, Stopping threads took: 0.0000680 seconds
334.584: Application time: 0.0252710 seconds
334.585: [Full GC [PSYoungGen: 138752K->33484K(161280K)] [ParOldGen: 367289K->367289K(367616K)] 506041K->400774K(528896K) [PSPermGen: 13648K->13648K(21504K)], 0.0747210 secs] [Times: user=0.51 sys=0.00, real=0.07 secs] 
334.660: Total time for which application threads were stopped: 0.0753640 seconds, Stopping threads took: 0.0000810 seconds
334.685: Application time: 0.0249530 seconds
334.685: [Full GC [PSYoungGen: 138752K->33499K(161280K)] [ParOldGen: 367289K->367289K(367616K)] 506041K->400789K(528896K) [PSPermGen: 13648K->13648K(21504K)], 0.0734970 secs] [Times: user=0.52 sys=0.00, real=0.07 secs] 
334.759: Total time for which application threads were stopped: 0.0741780 seconds, Stopping threads took: 0.0000460 seconds
334.784: Application time: 0.0252230 seconds
334.785: [Full GC [PSYoungGen: 138752K->33462K(161280K)] [ParOldGen: 367289K->367289K(367616K)] 506041K->400752K(528896K) [PSPermGen: 13648K->13648K(21504K)], 0.0729160 secs] [Times: user=0.52 sys=0.00, real=0.07 secs] 
334.858: Total time for which application threads were stopped: 0.0736510 seconds, Stopping threads took: 0.0000690 seconds
334.883: Application time: 0.0254610 seconds
334.884: [Full GC [PSYoungGen: 138752K->33400K(161280K)] [ParOldGen: 367289K->367289K(367616K)] 506041K->400689K(528896K) [PSPermGen: 13648K->13648K(21504K)], 0.0740220 secs] [Times: user=0.50 sys=0.00, real=0.07 secs] 
334.958: Total time for which application threads were stopped: 0.0747100 seconds, Stopping threads took: 0.0000940 seconds
334.983: Application time: 0.0252740 seconds
334.984: [Full GC [PSYoungGen: 138752K->33406K(161280K)] [ParOldGen: 367289K->367289K(367616K)] 506041K->400696K(528896K) [PSPermGen: 13648K->13648K(21504K)], 0.0727780 secs] [Times: user=0.52 sys=0.00, real=0.07 secs] 
335.057: Total time for which application threads were stopped: 0.0734320 seconds, Stopping threads took: 0.0000720 seconds
335.082: Application time: 0.0253670 seconds
335.083: [Full GC [PSYoungGen: 138752K->33420K(161280K)] [ParOldGen: 367289K->367289K(367616K)] 506041K->400710K(528896K) [PSPermGen: 13648K->13648K(21504K)], 0.0737940 secs] [Times: user=0.52 sys=0.00, real=0.08 secs] 
335.156: Total time for which application threads were stopped: 0.0744610 seconds, Stopping threads took: 0.0000840 seconds
335.182: Application time: 0.0251770 seconds
335.182: [Full GC [PSYoungGen: 138752K->33437K(161280K)] [ParOldGen: 367289K->367289K(367616K)] 506041K->400726K(528896K) [PSPermGen: 13648K->13648K(21504K)], 0.0728580 secs] [Times: user=0.52 sys=0.00, real=0.08 secs] 
335.255: Total time for which application threads were stopped: 0.0735560 seconds, Stopping threads took: 0.0000650 seconds
335.281: Application time: 0.0254420 seconds
335.281: [Full GC [PSYoungGen: 138752K->33447K(161280K)] [ParOldGen: 367289K->367289K(367616K)] 506041K->400736K(528896K) [PSPermGen: 13648K->13648K(21504K)], 0.0731150 secs] [Times: user=0.52 sys=0.00, real=0.08 secs] 
335.354: Total time for which application threads were stopped: 0.0737540 seconds, Stopping threads took: 0.0000650 seconds
335.380: Application time: 0.0260010 seconds
335.381: [Full GC [PSYoungGen: 138752K->33342K(161280K)] [ParOldGen: 367289K->367289K(367616K)] 506041K->400631K(528896K) [PSPermGen: 13648K->13648K(21504K)], 0.0737580 secs] [Times: user=0.52 sys=0.00, real=0.08 secs] 
335.455: Total time for which application threads were stopped: 0.0744420 seconds, Stopping threads took: 0.0000720 seconds
335.480: Application time: 0.0254700 seconds
335.481: [Full GC [PSYoungGen: 138752K->33341K(161280K)] [ParOldGen: 367289K->367289K(367616K)] 506041K->400631K(528896K) [PSPermGen: 13648K->13648K(21504K)], 0.0731730 secs] [Times: user=0.52 sys=0.00, real=0.08 secs] 
335.554: Total time for which application threads were stopped: 0.0738150 seconds, Stopping threads took: 0.0000690 seconds
335.579: Application time: 0.0249850 seconds
335.580: [Full GC [PSYoungGen: 138752K->33354K(161280K)] [ParOldGen: 367289K->367289K(367616K)] 506041K->400643K(528896K) [PSPermGen: 13648K->13648K(21504K)], 0.0743380 secs] [Times: user=0.51 sys=0.00, real=0.08 secs] 
335.654: Total time for which application threads were stopped: 0.0750550 seconds, Stopping threads took: 0.0000690 seconds
335.679: Application time: 0.0250400 seconds
335.680: [Full GC [PSYoungGen: 138752K->33371K(161280K)] [ParOldGen: 367289K->367289K(367616K)] 506041K->400660K(528896K) [PSPermGen: 13648K->13648K(21504K)], 0.0727230 secs] [Times: user=0.51 sys=0.00, real=0.08 secs] 
335.753: Total time for which application threads were stopped: 0.0734150 seconds, Stopping threads took: 0.0000510 seconds
335.777: Application time: 0.0248840 seconds
335.778: [Full GC [PSYoungGen: 138752K->33386K(161280K)] [ParOldGen: 367289K->367289K(367616K)] 506041K->400676K(528896K) [PSPermGen: 13648K->13648K(21504K)], 0.0730250 secs] [Times: user=0.51 sys=0.00, real=0.07 secs] 
335.851: Total time for which application threads were stopped: 0.0736540 seconds, Stopping threads took: 0.0000740 seconds
335.876: Application time: 0.0252670 seconds
335.877: [Full GC [PSYoungGen: 138752K->33400K(161280K)] [ParOldGen: 367289K->367289K(367616K)] 506041K->400690K(528896K) [PSPermGen: 13648K->13648K(21504K)], 0.0721780 secs] [Times: user=0.51 sys=0.00, real=0.07 secs] 
335.949: Total time for which application threads were stopped: 0.0728760 seconds, Stopping threads took: 0.0000620 seconds
335.974: Application time: 0.0252410 seconds
335.975: [Full GC [PSYoungGen: 138752K->33362K(161280K)] [ParOldGen: 367289K->367289K(367616K)] 506041K->400651K(528896K) [PSPermGen: 13648K->13648K(21504K)], 0.0760470 secs] [Times: user=0.54 sys=0.00, real=0.07 secs] 
336.051: Total time for which application threads were stopped: 0.0767600 seconds, Stopping threads took: 0.0000640 seconds
336.077: Application time: 0.0257290 seconds
336.078: [Full GC [PSYoungGen: 138752K->33361K(161280K)] [ParOldGen: 367289K->367289K(367616K)] 506041K->400651K(528896K) [PSPermGen: 13648K->13648K(21504K)], 0.0740500 secs] [Times: user=0.52 sys=0.00, real=0.08 secs] 
336.152: Total time for which application threads were stopped: 0.0747010 seconds, Stopping threads took: 0.0000900 seconds
336.177: Application time: 0.0251160 seconds
336.177: [Full GC [PSYoungGen: 138752K->33375K(161280K)] [ParOldGen: 367289K->367289K(367616K)] 506041K->400664K(528896K) [PSPermGen: 13648K->13648K(21504K)], 0.0729700 secs] [Times: user=0.51 sys=0.00, real=0.07 secs] 
336.250: Total time for which application threads were stopped: 0.0736170 seconds, Stopping threads took: 0.0000770 seconds
336.276: Application time: 0.0254930 seconds
336.277: [Full GC [PSYoungGen: 138752K->33389K(161280K)] [ParOldGen: 367289K->367289K(367616K)] 506041K->400679K(528896K) [PSPermGen: 13648K->13648K(21504K)], 0.0756910 secs] [Times: user=0.54 sys=0.01, real=0.08 secs] 
336.352: Total time for which application threads were stopped: 0.0763470 seconds, Stopping threads took: 0.0000810 seconds
336.378: Application time: 0.0254350 seconds
336.378: [Full GC [PSYoungGen: 138752K->33405K(161280K)] [ParOldGen: 367289K->367289K(367616K)] 506041K->400695K(528896K) [PSPermGen: 13648K->13648K(21504K)], 0.0751110 secs] [Times: user=0.52 sys=0.00, real=0.08 secs] 
336.454: Total time for which application threads were stopped: 0.0758020 seconds, Stopping threads took: 0.0001190 seconds
336.479: Application time: 0.0255120 seconds
336.480: [Full GC [PSYoungGen: 138752K->33421K(161280K)] [ParOldGen: 367289K->367289K(367616K)] 506041K->400710K(528896K) [PSPermGen: 13648K->13648K(21504K)], 0.0733450 secs] [Times: user=0.52 sys=0.00, real=0.08 secs] 
336.553: Total time for which application threads were stopped: 0.0740260 seconds, Stopping threads took: 0.0000620 seconds
336.578: Application time: 0.0248560 seconds
336.578: [Full GC [PSYoungGen: 138752K->33433K(161280K)] [ParOldGen: 367289K->367289K(367616K)] 506041K->400723K(528896K) [PSPermGen: 13648K->13648K(21504K)], 0.0746110 secs] [Times: user=0.52 sys=0.00, real=0.08 secs] 
336.653: Total time for which application threads were stopped: 0.0752170 seconds, Stopping threads took: 0.0000500 seconds
336.678: Application time: 0.0252990 seconds
336.679: [Full GC [PSYoungGen: 138752K->33450K(161280K)] [ParOldGen: 367289K->367289K(367616K)] 506041K->400740K(528896K) [PSPermGen: 13648K->13648K(21504K)], 0.0729990 secs] [Times: user=0.51 sys=0.00, real=0.08 secs] 
336.752: Total time for which application threads were stopped: 0.0736470 seconds, Stopping threads took: 0.0000660 seconds
336.778: Application time: 0.0254930 seconds
336.778: [Full GC [PSYoungGen: 138752K->33469K(161280K)] [ParOldGen: 367289K->367289K(367616K)] 506041K->400758K(528896K) [PSPermGen: 13648K->13648K(21504K)], 0.0733330 secs] [Times: user=0.51 sys=0.00, real=0.08 secs] 
336.852: Total time for which application threads were stopped: 0.0740030 seconds, Stopping threads took: 0.0000990 seconds
336.877: Application time: 0.0253750 seconds
336.878: [Full GC [PSYoungGen: 138752K->33478K(161280K)] [ParOldGen: 367289K->367289K(367616K)] 506041K->400767K(528896K) [PSPermGen: 13648K->13648K(21504K)], 0.0730170 secs] [Times: user=0.52 sys=0.00, real=0.07 secs] 
336.951: Total time for which application threads were stopped: 0.0738750 seconds, Stopping threads took: 0.0002110 seconds
336.976: Application time: 0.0255810 seconds
336.977: [Full GC [PSYoungGen: 138752K->33428K(161280K)] [ParOldGen: 367289K->367289K(367616K)] 506041K->400718K(528896K) [PSPermGen: 13648K->13648K(21504K)], 0.0725440 secs] [Times: user=0.51 sys=0.00, real=0.07 secs] 
337.050: Total time for which application threads were stopped: 0.0732580 seconds, Stopping threads took: 0.0000960 seconds
337.075: Application time: 0.0252800 seconds
337.076: [Full GC [PSYoungGen: 138752K->33435K(161280K)] [ParOldGen: 367289K->367289K(367616K)] 506041K->400724K(528896K) [PSPermGen: 13648K->13648K(21504K)], 0.0729630 secs] [Times: user=0.51 sys=0.00, real=0.07 secs] 
337.149: Total time for which application threads were stopped: 0.0737140 seconds, Stopping threads took: 0.0000870 seconds
337.174: Application time: 0.0251370 seconds
337.174: [Full GC [PSYoungGen: 138752K->33456K(161280K)] [ParOldGen: 367289K->367289K(367616K)] 506041K->400745K(528896K) [PSPermGen: 13648K->13648K(21504K)], 0.0736130 secs] [Times: user=0.51 sys=0.00, real=0.07 secs] 
337.248: Total time for which application threads were stopped: 0.0742510 seconds, Stopping threads took: 0.0000780 seconds
337.274: Application time: 0.0255090 seconds
337.274: [Full GC [PSYoungGen: 138752K->33473K(161280K)] [ParOldGen: 367289K->367289K(367616K)] 506041K->400762K(528896K) [PSPermGen: 13648K->13648K(21504K)], 0.0748660 secs] [Times: user=0.53 sys=0.00, real=0.07 secs] 
337.349: Total time for which application threads were stopped: 0.0755300 seconds, Stopping threads took: 0.0000720 seconds
337.375: Application time: 0.0258180 seconds
337.376: [Full GC [PSYoungGen: 138752K->33428K(161280K)] [ParOldGen: 367289K->367289K(367616K)] 506041K->400717K(528896K) [PSPermGen: 13648K->13648K(21504K)], 0.0731350 secs] [Times: user=0.52 sys=0.00, real=0.07 secs] 
337.449: Total time for which application threads were stopped: 0.0738320 seconds, Stopping threads took: 0.0000560 seconds
337.474: Application time: 0.0248750 seconds
337.474: [Full GC [PSYoungGen: 138752K->33432K(161280K)] [ParOldGen: 367289K->367289K(367616K)] 506041K->400721K(528896K) [PSPermGen: 13648K->13648K(21504K)], 0.0732730 secs] [Times: user=0.52 sys=0.00, real=0.07 secs] 
337.548: Total time for which application threads were stopped: 0.0739310 seconds, Stopping threads took: 0.0001030 seconds
337.573: Application time: 0.0250710 seconds
337.573: [Full GC [PSYoungGen: 138752K->33446K(161280K)] [ParOldGen: 367289K->367289K(367616K)] 506041K->400735K(528896K) [PSPermGen: 13648K->13648K(21504K)], 0.0754600 secs] [Times: user=0.53 sys=0.00, real=0.07 secs] 
337.649: Total time for which application threads were stopped: 0.0761850 seconds, Stopping threads took: 0.0001020 seconds
337.674: Application time: 0.0253830 seconds
337.675: [Full GC [PSYoungGen: 138752K->33461K(161280K)] [ParOldGen: 367289K->367289K(367616K)] 506041K->400750K(528896K) [PSPermGen: 13648K->13648K(21504K)], 0.0731810 secs] [Times: user=0.51 sys=0.00, real=0.07 secs] 
337.748: Total time for which application threads were stopped: 0.0738290 seconds, Stopping threads took: 0.0000770 seconds
337.774: Application time: 0.0255180 seconds
337.774: [Full GC [PSYoungGen: 138752K->33474K(161280K)] [ParOldGen: 367289K->367289K(367616K)] 506041K->400764K(528896K) [PSPermGen: 13648K->13648K(21504K)], 0.0769270 secs] [Times: user=0.54 sys=0.00, real=0.07 secs] 
337.851: Total time for which application threads were stopped: 0.0775790 seconds, Stopping threads took: 0.0000930 seconds
337.877: Application time: 0.0259330 seconds
337.878: [Full GC [PSYoungGen: 138752K->33435K(161280K)] [ParOldGen: 367289K->367289K(367616K)] 506041K->400725K(528896K) [PSPermGen: 13648K->13648K(21504K)], 0.0743020 secs] [Times: user=0.51 sys=0.00, real=0.08 secs] 
337.952: Total time for which application threads were stopped: 0.0749250 seconds, Stopping threads took: 0.0000630 seconds
337.978: Application time: 0.0255860 seconds
337.978: [Full GC [PSYoungGen: 138752K->33435K(161280K)] [ParOldGen: 367289K->367289K(367616K)] 506041K->400725K(528896K) [PSPermGen: 13648K->13648K(21504K)], 0.0742510 secs] [Times: user=0.52 sys=0.00, real=0.08 secs] 
338.053: Total time for which application threads were stopped: 0.0749010 seconds, Stopping threads took: 0.0000780 seconds
338.078: Application time: 0.0255870 seconds
338.079: [Full GC [PSYoungGen: 138752K->33451K(161280K)] [ParOldGen: 367289K->367289K(367616K)] 506041K->400740K(528896K) [PSPermGen: 13648K->13648K(21504K)], 0.0742230 secs] [Times: user=0.52 sys=0.00, real=0.08 secs] 
338.153: Total time for which application threads were stopped: 0.0748520 seconds, Stopping threads took: 0.0000470 seconds
338.178: Application time: 0.0254870 seconds
338.179: [Full GC [PSYoungGen: 138752K->33465K(161280K)] [ParOldGen: 367289K->367289K(367616K)] 506041K->400754K(528896K) [PSPermGen: 13648K->13648K(21504K)], 0.0732240 secs] [Times: user=0.52 sys=0.00, real=0.08 secs] 
338.252: Total time for which application threads were stopped: 0.0738810 seconds, Stopping threads took: 0.0000620 seconds
338.278: Application time: 0.0251910 seconds
338.278: [Full GC [PSYoungGen: 138752K->33481K(161280K)] [ParOldGen: 367289K->367289K(367616K)] 506041K->400770K(528896K) [PSPermGen: 13648K->13648K(21504K)], 0.0735950 secs] [Times: user=0.51 sys=0.00, real=0.08 secs] 
338.352: Total time for which application threads were stopped: 0.0742240 seconds, Stopping threads took: 0.0000710 seconds
338.377: Application time: 0.0252800 seconds
338.378: [Full GC [PSYoungGen: 138752K->33498K(161280K)] [ParOldGen: 367289K->367289K(367616K)] 506041K->400787K(528896K) [PSPermGen: 13648K->13648K(21504K)], 0.0739910 secs] [Times: user=0.52 sys=0.00, real=0.08 secs] 
338.452: Total time for which application threads were stopped: 0.0746310 seconds, Stopping threads took: 0.0000750 seconds
338.477: Application time: 0.0250720 seconds
338.477: [Full GC [PSYoungGen: 138752K->33513K(161280K)] [ParOldGen: 367289K->367289K(367616K)] 506041K->400802K(528896K) [PSPermGen: 13648K->13648K(21504K)], 0.0742270 secs] [Times: user=0.52 sys=0.00, real=0.08 secs] 
338.552: Total time for which application threads were stopped: 0.0748570 seconds, Stopping threads took: 0.0000780 seconds
338.577: Application time: 0.0257000 seconds
338.578: [Full GC [PSYoungGen: 138752K->33423K(161280K)] [ParOldGen: 367289K->367289K(367616K)] 506041K->400712K(528896K) [PSPermGen: 13648K->13648K(21504K)], 0.0753710 secs] [Times: user=0.53 sys=0.00, real=0.08 secs] 
338.653: Total time for which application threads were stopped: 0.0759880 seconds, Stopping threads took: 0.0000560 seconds
338.679: Application time: 0.0257390 seconds
338.680: [Full GC [PSYoungGen: 138752K->33402K(161280K)] [ParOldGen: 367289K->367289K(367616K)] 506041K->400692K(528896K) [PSPermGen: 13648K->13648K(21504K)], 0.0731980 secs] [Times: user=0.52 sys=0.00, real=0.08 secs] 
338.753: Total time for which application threads were stopped: 0.0738640 seconds, Stopping threads took: 0.0000680 seconds
338.778: Application time: 0.0255480 seconds
338.779: [Full GC [PSYoungGen: 138752K->33417K(161280K)] [ParOldGen: 367289K->367289K(367616K)] 506041K->400707K(528896K) [PSPermGen: 13648K->13648K(21504K)], 0.0737860 secs] [Times: user=0.52 sys=0.00, real=0.08 secs] 
338.853: Total time for which application threads were stopped: 0.0744520 seconds, Stopping threads took: 0.0000860 seconds
338.878: Application time: 0.0254690 seconds
338.879: [Full GC [PSYoungGen: 138752K->33431K(161280K)] [ParOldGen: 367289K->367289K(367616K)] 506041K->400720K(528896K) [PSPermGen: 13648K->13648K(21504K)], 0.0732340 secs] [Times: user=0.52 sys=0.00, real=0.08 secs] 
338.952: Total time for which application threads were stopped: 0.0738630 seconds, Stopping threads took: 0.0000630 seconds
338.978: Application time: 0.0255180 seconds
338.978: [Full GC [PSYoungGen: 138752K->33391K(161280K)] [ParOldGen: 367289K->367289K(367616K)] 506041K->400680K(528896K) [PSPermGen: 13648K->13648K(21504K)], 0.0727340 secs] [Times: user=0.51 sys=0.00, real=0.07 secs] 
339.051: Total time for which application threads were stopped: 0.0734490 seconds, Stopping threads took: 0.0000790 seconds
339.077: Application time: 0.0256940 seconds
339.078: [Full GC [PSYoungGen: 138752K->33336K(161280K)] [ParOldGen: 367289K->367289K(367616K)] 506041K->400625K(528896K) [PSPermGen: 13648K->13648K(21504K)], 0.0729420 secs] [Times: user=0.52 sys=0.00, real=0.07 secs] 
339.151: Total time for which application threads were stopped: 0.0736030 seconds, Stopping threads took: 0.0000750 seconds
339.176: Application time: 0.0253630 seconds
339.176: [Full GC [PSYoungGen: 138752K->33337K(161280K)] [ParOldGen: 367289K->367289K(367616K)] 506041K->400626K(528896K) [PSPermGen: 13648K->13648K(21504K)], 0.0739300 secs] [Times: user=0.52 sys=0.00, real=0.07 secs] 
339.250: Total time for which application threads were stopped: 0.0745720 seconds, Stopping threads took: 0.0000640 seconds
339.275: Application time: 0.0250210 seconds
339.276: [Full GC [PSYoungGen: 138752K->33351K(161280K)] [ParOldGen: 367289K->367289K(367616K)] 506041K->400640K(528896K) [PSPermGen: 13648K->13648K(21504K)], 0.0729460 secs] [Times: user=0.51 sys=0.00, real=0.07 secs] 
339.349: Total time for which application threads were stopped: 0.0735900 seconds, Stopping threads took: 0.0000670 seconds
339.374: Application time: 0.0250900 seconds
339.375: [Full GC [PSYoungGen: 138752K->33367K(161280K)] [ParOldGen: 367289K->367289K(367616K)] 506041K->400656K(528896K) [PSPermGen: 13648K->13648K(21504K)], 0.0735820 secs] [Times: user=0.50 sys=0.00, real=0.07 secs] 
339.448: Total time for which application threads were stopped: 0.0741990 seconds, Stopping threads took: 0.0000600 seconds
339.473: Application time: 0.0250750 seconds
339.474: [Full GC [PSYoungGen: 138752K->33380K(161280K)] [ParOldGen: 367289K->367289K(367616K)] 506041K->400669K(528896K) [PSPermGen: 13648K->13648K(21504K)], 0.0738240 secs] [Times: user=0.51 sys=0.00, real=0.07 secs] 
339.548: Total time for which application threads were stopped: 0.0744720 seconds, Stopping threads took: 0.0000820 seconds
339.573: Application time: 0.0251850 seconds
339.574: [Full GC [PSYoungGen: 138752K->33397K(161280K)] [ParOldGen: 367289K->367289K(367616K)] 506041K->400686K(528896K) [PSPermGen: 13648K->13648K(21504K)], 0.0784680 secs] [Times: user=0.55 sys=0.00, real=0.08 secs] 
339.652: Total time for which application threads were stopped: 0.0790920 seconds, Stopping threads took: 0.0000720 seconds
339.678: Application time: 0.0253130 seconds
339.678: [Full GC [PSYoungGen: 138752K->33352K(161280K)] [ParOldGen: 367289K->367289K(367616K)] 506041K->400641K(528896K) [PSPermGen: 13648K->13648K(21504K)], 0.0733810 secs] [Times: user=0.52 sys=0.00, real=0.08 secs] 
339.752: Total time for which application threads were stopped: 0.0740830 seconds, Stopping threads took: 0.0000790 seconds
339.777: Application time: 0.0250680 seconds
339.777: [Full GC [PSYoungGen: 138752K->33352K(161280K)] [ParOldGen: 367289K->367289K(367616K)] 506041K->400642K(528896K) [PSPermGen: 13648K->13648K(21504K)], 0.0737990 secs] [Times: user=0.51 sys=0.00, real=0.07 secs] 
339.851: Total time for which application threads were stopped: 0.0744340 seconds, Stopping threads took: 0.0000600 seconds
339.876: Application time: 0.0252530 seconds
339.877: [Full GC [PSYoungGen: 138752K->33371K(161280K)] [ParOldGen: 367289K->367289K(367616K)] 506041K->400660K(528896K) [PSPermGen: 13648K->13648K(21504K)], 0.0732970 secs] [Times: user=0.52 sys=0.00, real=0.07 secs] 
339.950: Total time for which application threads were stopped: 0.0739310 seconds, Stopping threads took: 0.0000760 seconds
339.976: Application time: 0.0254700 seconds
339.980: [Full GC [PSYoungGen: 138752K->33386K(161280K)] [ParOldGen: 367289K->367289K(367616K)] 506041K->400676K(528896K) [PSPermGen: 13648K->13648K(21504K)], 0.0761830 secs] [Times: user=0.54 sys=0.00, real=0.08 secs] 
340.056: Total time for which application threads were stopped: 0.0803530 seconds, Stopping threads took: 0.0035970 seconds
340.082: Application time: 0.0256790 seconds
340.082: [Full GC [PSYoungGen: 138752K->33400K(161280K)] [ParOldGen: 367289K->367289K(367616K)] 506041K->400689K(528896K) [PSPermGen: 13648K->13648K(21504K)], 0.0728740 secs] [Times: user=0.52 sys=0.00, real=0.08 secs] 
340.155: Total time for which application threads were stopped: 0.0735810 seconds, Stopping threads took: 0.0001190 seconds
340.181: Application time: 0.0254630 seconds
340.181: [Full GC [PSYoungGen: 138752K->33416K(161280K)] [ParOldGen: 367289K->367289K(367616K)] 506041K->400705K(528896K) [PSPermGen: 13648K->13648K(21504K)], 0.0747060 secs] [Times: user=0.53 sys=0.00, real=0.08 secs] 
340.256: Total time for which application threads were stopped: 0.0753680 seconds, Stopping threads took: 0.0000750 seconds
340.281: Application time: 0.0252150 seconds
340.282: [Full GC [PSYoungGen: 138752K->33430K(161280K)] [ParOldGen: 367289K->367289K(367616K)] 506041K->400719K(528896K) [PSPermGen: 13648K->13648K(21504K)], 0.0726720 secs] [Times: user=0.51 sys=0.00, real=0.08 secs] 
340.355: Total time for which application threads were stopped: 0.0734440 seconds, Stopping threads took: 0.0000680 seconds
340.380: Application time: 0.0249370 seconds
340.380: [Full GC [PSYoungGen: 138752K->33442K(161280K)] [ParOldGen: 367289K->367289K(367616K)] 506041K->400731K(528896K) [PSPermGen: 13648K->13648K(21504K)], 0.0728250 secs] [Times: user=0.51 sys=0.00, real=0.08 secs] 
340.453: Total time for which application threads were stopped: 0.0735210 seconds, Stopping threads took: 0.0000620 seconds
340.479: Application time: 0.0254920 seconds
340.479: [Full GC [PSYoungGen: 138752K->33462K(161280K)] [ParOldGen: 367289K->367289K(367616K)] 506041K->400751K(528896K) [PSPermGen: 13648K->13648K(21504K)], 0.0732870 secs] [Times: user=0.51 sys=0.00, real=0.08 secs] 
340.553: Total time for which application threads were stopped: 0.0739290 seconds, Stopping threads took: 0.0000420 seconds
340.578: Application time: 0.0252330 seconds
340.580: [Full GC [PSYoungGen: 138752K->33422K(161280K)] [ParOldGen: 367289K->367289K(367616K)] 506041K->400712K(528896K) [PSPermGen: 13648K->13648K(21504K)], 0.0756160 secs] [Times: user=0.52 sys=0.00, real=0.08 secs] 
340.656: Total time for which application threads were stopped: 0.0775170 seconds, Stopping threads took: 0.0013560 seconds
340.681: Application time: 0.0250610 seconds
340.681: [Full GC [PSYoungGen: 138752K->33422K(161280K)] [ParOldGen: 367289K->367289K(367616K)] 506041K->400711K(528896K) [PSPermGen: 13648K->13648K(21504K)], 0.0737640 secs] [Times: user=0.52 sys=0.00, real=0.08 secs] 
340.755: Total time for which application threads were stopped: 0.0743820 seconds, Stopping threads took: 0.0000610 seconds
340.780: Application time: 0.0252050 seconds
340.781: [Full GC [PSYoungGen: 138752K->33434K(161280K)] [ParOldGen: 367289K->367289K(367616K)] 506041K->400723K(528896K) [PSPermGen: 13648K->13648K(21504K)], 0.0734220 secs] [Times: user=0.51 sys=0.00, real=0.08 secs] 
340.854: Total time for which application threads were stopped: 0.0740390 seconds, Stopping threads took: 0.0000550 seconds
340.879: Application time: 0.0252100 seconds
340.880: [Full GC [PSYoungGen: 138752K->33451K(161280K)] [ParOldGen: 367289K->367289K(367616K)] 506041K->400740K(528896K) [PSPermGen: 13648K->13648K(21504K)], 0.0735920 secs] [Times: user=0.50 sys=0.00, real=0.08 secs] 
340.954: Total time for which application threads were stopped: 0.0743130 seconds, Stopping threads took: 0.0000670 seconds
340.979: Application time: 0.0253680 seconds
340.980: [Full GC [PSYoungGen: 138752K->33467K(161280K)] [ParOldGen: 367289K->367289K(367616K)] 506041K->400756K(528896K) [PSPermGen: 13648K->13648K(21504K)], 0.0744890 secs] [Times: user=0.53 sys=0.00, real=0.08 secs] 
341.054: Total time for which application threads were stopped: 0.0751610 seconds, Stopping threads took: 0.0000830 seconds
341.080: Application time: 0.0257190 seconds
341.081: [Full GC [PSYoungGen: 138752K->33428K(161280K)] [ParOldGen: 367289K->367289K(367616K)] 506041K->400717K(528896K) [PSPermGen: 13648K->13648K(21504K)], 0.0727270 secs] [Times: user=0.51 sys=0.00, real=0.08 secs] 
341.154: Total time for which application threads were stopped: 0.0734590 seconds, Stopping threads took: 0.0000870 seconds
341.178: Application time: 0.0248380 seconds
341.179: [Full GC [PSYoungGen: 138752K->33424K(161280K)] [ParOldGen: 367289K->367289K(367616K)] 506041K->400714K(528896K) [PSPermGen: 13648K->13648K(21504K)], 0.0728700 secs] [Times: user=0.51 sys=0.00, real=0.08 secs] 
341.252: Total time for which application threads were stopped: 0.0735730 seconds, Stopping threads took: 0.0000780 seconds
341.277: Application time: 0.0253110 seconds
341.278: [Full GC [PSYoungGen: 138752K->33442K(161280K)] [ParOldGen: 367289K->367289K(367616K)] 506041K->400731K(528896K) [PSPermGen: 13648K->13648K(21504K)], 0.0744240 secs] [Times: user=0.52 sys=0.00, real=0.08 secs] 
341.352: Total time for which application threads were stopped: 0.0750630 seconds, Stopping threads took: 0.0000650 seconds
341.378: Application time: 0.0254710 seconds
341.378: [Full GC [PSYoungGen: 138752K->33455K(161280K)] [ParOldGen: 367289K->367289K(367616K)] 506041K->400744K(528896K) [PSPermGen: 13648K->13648K(21504K)], 0.0740460 secs] [Times: user=0.52 sys=0.00, real=0.08 secs] 
341.452: Total time for which application threads were stopped: 0.0746950 seconds, Stopping threads took: 0.0000710 seconds
341.478: Application time: 0.0250460 seconds
341.478: [Full GC [PSYoungGen: 138752K->33470K(161280K)] [ParOldGen: 367289K->367289K(367616K)] 506041K->400759K(528896K) [PSPermGen: 13648K->13648K(21504K)], 0.0731750 secs] [Times: user=0.52 sys=0.00, real=0.08 secs] 
341.551: Total time for which application threads were stopped: 0.0739040 seconds, Stopping threads took: 0.0000810 seconds
341.576: Application time: 0.0248710 seconds
341.577: [Full GC [PSYoungGen: 138752K->33486K(161280K)] [ParOldGen: 367289K->367289K(367616K)] 506041K->400775K(528896K) [PSPermGen: 13648K->13648K(21504K)], 0.0767300 secs] [Times: user=0.54 sys=0.00, real=0.08 secs] 
341.654: Total time for which application threads were stopped: 0.0774250 seconds, Stopping threads took: 0.0000760 seconds
341.679: Application time: 0.0254270 seconds
341.680: [Full GC [PSYoungGen: 138752K->33502K(161280K)] [ParOldGen: 367289K->367289K(367616K)] 506041K->400791K(528896K) [PSPermGen: 13648K->13648K(21504K)], 0.0737430 secs] [Times: user=0.52 sys=0.00, real=0.08 secs] 
341.754: Total time for which application threads were stopped: 0.0743750 seconds, Stopping threads took: 0.0000490 seconds
341.779: Application time: 0.0254650 seconds
341.780: [Full GC [PSYoungGen: 138752K->33516K(161280K)] [ParOldGen: 367289K->367289K(367616K)] 506041K->400805K(528896K) [PSPermGen: 13648K->13648K(21504K)], 0.0737530 secs] [Times: user=0.52 sys=0.00, real=0.08 secs] 
341.853: Total time for which application threads were stopped: 0.0744120 seconds, Stopping threads took: 0.0000760 seconds
341.879: Application time: 0.0252960 seconds
341.879: [Full GC [PSYoungGen: 138752K->33532K(161280K)] [ParOldGen: 367289K->367289K(367616K)] 506041K->400821K(528896K) [PSPermGen: 13648K->13648K(21504K)], 0.0741490 secs] [Times: user=0.52 sys=0.01, real=0.08 secs] 
341.954: Total time for which application threads were stopped: 0.0747790 seconds, Stopping threads took: 0.0000580 seconds
341.979: Application time: 0.0252840 seconds
341.979: [Full GC [PSYoungGen: 138752K->33492K(161280K)] [ParOldGen: 367289K->367289K(367616K)] 506041K->400781K(528896K) [PSPermGen: 13648K->13648K(21504K)], 0.0737430 secs] [Times: user=0.51 sys=0.00, real=0.08 secs] 
342.053: Total time for which application threads were stopped: 0.0744250 seconds, Stopping threads took: 0.0000980 seconds
342.078: Application time: 0.0249110 seconds
342.079: [Full GC [PSYoungGen: 138752K->33489K(161280K)] [ParOldGen: 367289K->367289K(367616K)] 506041K->400779K(528896K) [PSPermGen: 13648K->13648K(21504K)], 0.0734020 secs] [Times: user=0.52 sys=0.00, real=0.08 secs] 
342.152: Total time for which application threads were stopped: 0.0740210 seconds, Stopping threads took: 0.0000560 seconds
342.177: Application time: 0.0252210 seconds
342.178: [Full GC [PSYoungGen: 138752K->33508K(161280K)] [ParOldGen: 367289K->367289K(367616K)] 506041K->400797K(528896K) [PSPermGen: 13648K->13648K(21504K)], 0.0731080 secs] [Times: user=0.52 sys=0.00, real=0.07 secs] 
342.251: Total time for which application threads were stopped: 0.0738210 seconds, Stopping threads took: 0.0000650 seconds
342.277: Application time: 0.0255210 seconds
342.277: [Full GC [PSYoungGen: 138752K->33412K(161280K)] [ParOldGen: 367289K->367289K(367616K)] 506041K->400702K(528896K) [PSPermGen: 13648K->13648K(21504K)], 0.0733370 secs] [Times: user=0.51 sys=0.00, real=0.07 secs] 
342.351: Total time for which application threads were stopped: 0.0740440 seconds, Stopping threads took: 0.0000720 seconds
342.376: Application time: 0.0250980 seconds
342.377: [Full GC [PSYoungGen: 138752K->33395K(161280K)] [ParOldGen: 367289K->367289K(367616K)] 506041K->400684K(528896K) [PSPermGen: 13648K->13648K(21504K)], 0.0730540 secs] [Times: user=0.52 sys=0.00, real=0.07 secs] 
342.450: Total time for which application threads were stopped: 0.0737440 seconds, Stopping threads took: 0.0000540 seconds
342.476: Application time: 0.0266780 seconds
342.477: [Full GC [PSYoungGen: 138752K->33341K(161280K)] [ParOldGen: 367289K->367289K(367616K)] 506041K->400630K(528896K) [PSPermGen: 13648K->13648K(21504K)], 0.0749650 secs] [Times: user=0.53 sys=0.00, real=0.08 secs] 
342.552: Total time for which application threads were stopped: 0.0756570 seconds, Stopping threads took: 0.0000780 seconds
342.578: Application time: 0.0256250 seconds
342.578: [Full GC [PSYoungGen: 138752K->33356K(161280K)] [ParOldGen: 367289K->367289K(367616K)] 506041K->400645K(528896K) [PSPermGen: 13648K->13648K(21504K)], 0.0747420 secs] [Times: user=0.52 sys=0.00, real=0.08 secs] 
342.653: Total time for which application threads were stopped: 0.0754110 seconds, Stopping threads took: 0.0000750 seconds
342.678: Application time: 0.0253330 seconds
342.679: [Full GC [PSYoungGen: 138752K->33370K(161280K)] [ParOldGen: 367289K->367289K(367616K)] 506041K->400659K(528896K) [PSPermGen: 13648K->13648K(21504K)], 0.0735030 secs] [Times: user=0.51 sys=0.01, real=0.08 secs] 
342.753: Total time for which application threads were stopped: 0.0741780 seconds, Stopping threads took: 0.0000730 seconds
342.778: Application time: 0.0254390 seconds
342.779: [Full GC [PSYoungGen: 138752K->33325K(161280K)] [ParOldGen: 367289K->367289K(367616K)] 506041K->400614K(528896K) [PSPermGen: 13648K->13648K(21504K)], 0.0736820 secs] [Times: user=0.52 sys=0.00, real=0.08 secs] 
342.852: Total time for which application threads were stopped: 0.0743970 seconds, Stopping threads took: 0.0001270 seconds
342.878: Application time: 0.0256800 seconds
342.879: [Full GC [PSYoungGen: 138752K->33330K(161280K)] [ParOldGen: 367289K->367289K(367616K)] 506041K->400619K(528896K) [PSPermGen: 13648K->13648K(21504K)], 0.0736940 secs] [Times: user=0.52 sys=0.00, real=0.08 secs] 
342.952: Total time for which application threads were stopped: 0.0743200 seconds, Stopping threads took: 0.0000460 seconds
342.978: Application time: 0.0252740 seconds
342.978: [Full GC [PSYoungGen: 138752K->33347K(161280K)] [ParOldGen: 367289K->367289K(367616K)] 506041K->400637K(528896K) [PSPermGen: 13648K->13648K(21504K)], 0.0741340 secs] [Times: user=0.52 sys=0.00, real=0.08 secs] 
343.052: Total time for which application threads were stopped: 0.0747810 seconds, Stopping threads took: 0.0000790 seconds
343.077: Application time: 0.0249500 seconds
343.078: [Full GC [PSYoungGen: 138752K->33362K(161280K)] [ParOldGen: 367289K->367289K(367616K)] 506041K->400651K(528896K) [PSPermGen: 13648K->13648K(21504K)], 0.0730040 secs] [Times: user=0.51 sys=0.00, real=0.07 secs] 
343.151: Total time for which application threads were stopped: 0.0736480 seconds, Stopping threads took: 0.0000820 seconds
343.176: Application time: 0.0253350 seconds
343.177: [Full GC [PSYoungGen: 138752K->33376K(161280K)] [ParOldGen: 367289K->367289K(367616K)] 506041K->400666K(528896K) [PSPermGen: 13648K->13648K(21504K)], 0.0730480 secs] [Times: user=0.52 sys=0.00, real=0.07 secs] 
343.250: Total time for which application threads were stopped: 0.0737740 seconds, Stopping threads took: 0.0001090 seconds
343.275: Application time: 0.0253050 seconds
343.276: [Full GC [PSYoungGen: 138752K->33390K(161280K)] [ParOldGen: 367289K->367289K(367616K)] 506041K->400679K(528896K) [PSPermGen: 13648K->13648K(21504K)], 0.0739610 secs] [Times: user=0.53 sys=0.00, real=0.07 secs] 
343.350: Total time for which application threads were stopped: 0.0746200 seconds, Stopping threads took: 0.0000770 seconds
343.375: Application time: 0.0252520 seconds
343.376: [Full GC [PSYoungGen: 138752K->33405K(161280K)] [ParOldGen: 367289K->367289K(367616K)] 506041K->400694K(528896K) [PSPermGen: 13648K->13648K(21504K)], 0.0727530 secs] [Times: user=0.51 sys=0.00, real=0.07 secs] 
343.449: Total time for which application threads were stopped: 0.0734070 seconds, Stopping threads took: 0.0000770 seconds
343.474: Application time: 0.0251740 seconds
343.474: [Full GC [PSYoungGen: 138752K->33421K(161280K)] [ParOldGen: 367289K->367289K(367616K)] 506041K->400710K(528896K) [PSPermGen: 13648K->13648K(21504K)], 0.0733780 secs] [Times: user=0.52 sys=0.00, real=0.07 secs] 
343.548: Total time for which application threads were stopped: 0.0740000 seconds, Stopping threads took: 0.0000580 seconds
343.573: Application time: 0.0254700 seconds
343.574: [Full GC [PSYoungGen: 138752K->33383K(161280K)] [ParOldGen: 367289K->367289K(367616K)] 506041K->400672K(528896K) [PSPermGen: 13648K->13648K(21504K)], 0.0751870 secs] [Times: user=0.53 sys=0.00, real=0.07 secs] 
343.649: Total time for which application threads were stopped: 0.0758140 seconds, Stopping threads took: 0.0000670 seconds
343.674: Application time: 0.0252770 seconds
343.675: [Full GC [PSYoungGen: 138752K->33382K(161280K)] [ParOldGen: 367289K->367289K(367616K)] 506041K->400671K(528896K) [PSPermGen: 13648K->13648K(21504K)], 0.0751620 secs] [Times: user=0.53 sys=0.00, real=0.07 secs] 
343.750: Total time for which application threads were stopped: 0.0758290 seconds, Stopping threads took: 0.0000870 seconds
343.776: Application time: 0.0253730 seconds
343.776: [Full GC [PSYoungGen: 138752K->33395K(161280K)] [ParOldGen: 367289K->367289K(367616K)] 506041K->400684K(528896K) [PSPermGen: 13648K->13648K(21504K)], 0.0728620 secs] [Times: user=0.52 sys=0.00, real=0.07 secs] 
343.849: Total time for which application threads were stopped: 0.0735480 seconds, Stopping threads took: 0.0000750 seconds
343.874: Application time: 0.0252420 seconds
343.875: [Full GC [PSYoungGen: 138752K->33410K(161280K)] [ParOldGen: 367289K->367289K(367616K)] 506041K->400700K(528896K) [PSPermGen: 13648K->13648K(21504K)], 0.0726690 secs] [Times: user=0.50 sys=0.00, real=0.07 secs] 
343.948: Total time for which application threads were stopped: 0.0732670 seconds, Stopping threads took: 0.0000360 seconds
343.974: Application time: 0.0261340 seconds
343.975: [Full GC [PSYoungGen: 138752K->33426K(161280K)] [ParOldGen: 367289K->367289K(367616K)] 506041K->400715K(528896K) [PSPermGen: 13648K->13648K(21504K)], 0.0738020 secs] [Times: user=0.52 sys=0.00, real=0.07 secs] 
344.048: Total time for which application threads were stopped: 0.0744780 seconds, Stopping threads took: 0.0000630 seconds
344.073: Application time: 0.0250710 seconds
344.074: [Full GC [PSYoungGen: 138752K->33442K(161280K)] [ParOldGen: 367289K->367289K(367616K)] 506041K->400731K(528896K) [PSPermGen: 13648K->13648K(21504K)], 0.0726790 secs] [Times: user=0.51 sys=0.00, real=0.07 secs] 
344.147: Total time for which application threads were stopped: 0.0733600 seconds, Stopping threads took: 0.0000440 seconds
344.172: Application time: 0.0252800 seconds
344.173: [Full GC [PSYoungGen: 138752K->33396K(161280K)] [ParOldGen: 367289K->367289K(367616K)] 506041K->400685K(528896K) [PSPermGen: 13648K->13648K(21504K)], 0.0728310 secs] [Times: user=0.52 sys=0.00, real=0.07 secs] 
344.246: Total time for which application threads were stopped: 0.0735190 seconds, Stopping threads took: 0.0000700 seconds
344.271: Application time: 0.0250420 seconds
344.271: [Full GC [PSYoungGen: 138752K->33402K(161280K)] [ParOldGen: 367289K->367289K(367616K)] 506041K->400691K(528896K) [PSPermGen: 13648K->13648K(21504K)], 0.0734490 secs] [Times: user=0.51 sys=0.00, real=0.08 secs] 
344.345: Total time for which application threads were stopped: 0.0740800 seconds, Stopping threads took: 0.0000620 seconds
344.370: Application time: 0.0249840 seconds
344.370: [Full GC [PSYoungGen: 138752K->33417K(161280K)] [ParOldGen: 367289K->367289K(367616K)] 506041K->400706K(528896K) [PSPermGen: 13648K->13648K(21504K)], 0.0735350 secs] [Times: user=0.51 sys=0.00, real=0.08 secs] 
344.444: Total time for which application threads were stopped: 0.0742080 seconds, Stopping threads took: 0.0000850 seconds
344.469: Application time: 0.0250130 seconds
344.470: [Full GC [PSYoungGen: 138752K->33430K(161280K)] [ParOldGen: 367289K->367289K(367616K)] 506041K->400720K(528896K) [PSPermGen: 13648K->13648K(21504K)], 0.0725210 secs] [Times: user=0.51 sys=0.00, real=0.07 secs] 
344.542: Total time for which application threads were stopped: 0.0731680 seconds, Stopping threads took: 0.0000720 seconds
344.567: Application time: 0.0250030 seconds
344.568: [Full GC [PSYoungGen: 138752K->33445K(161280K)] [ParOldGen: 367289K->367289K(367616K)] 506041K->400735K(528896K) [PSPermGen: 13648K->13648K(21504K)], 0.0731960 secs] [Times: user=0.51 sys=0.00, real=0.07 secs] 
344.641: Total time for which application threads were stopped: 0.0739360 seconds, Stopping threads took: 0.0000670 seconds
344.667: Application time: 0.0255920 seconds
344.667: [Full GC [PSYoungGen: 138752K->33461K(161280K)] [ParOldGen: 367289K->367289K(367616K)] 506041K->400751K(528896K) [PSPermGen: 13648K->13648K(21504K)], 0.0733290 secs] [Times: user=0.52 sys=0.00, real=0.07 secs] 
344.741: Total time for which application threads were stopped: 0.0739680 seconds, Stopping threads took: 0.0000830 seconds
344.766: Application time: 0.0249380 seconds
344.766: [Full GC [PSYoungGen: 138752K->33476K(161280K)] [ParOldGen: 367289K->367289K(367616K)] 506041K->400765K(528896K) [PSPermGen: 13648K->13648K(21504K)], 0.0729820 secs] [Times: user=0.51 sys=0.00, real=0.07 secs] 
344.839: Total time for which application threads were stopped: 0.0736000 seconds, Stopping threads took: 0.0000630 seconds
344.866: Application time: 0.0264090 seconds
344.866: [Full GC [PSYoungGen: 138752K->33433K(161280K)] [ParOldGen: 367289K->367289K(367616K)] 506041K->400722K(528896K) [PSPermGen: 13648K->13648K(21504K)], 0.0738420 secs] [Times: user=0.52 sys=0.00, real=0.07 secs] 
344.940: Total time for which application threads were stopped: 0.0744910 seconds, Stopping threads took: 0.0000740 seconds
344.965: Application time: 0.0250370 seconds
344.966: [Full GC [PSYoungGen: 138752K->33435K(161280K)] [ParOldGen: 367289K->367289K(367616K)] 506041K->400725K(528896K) [PSPermGen: 13648K->13648K(21504K)], 0.0735020 secs] [Times: user=0.52 sys=0.00, real=0.07 secs] 
345.039: Total time for which application threads were stopped: 0.0742270 seconds, Stopping threads took: 0.0001260 seconds
345.065: Application time: 0.0253480 seconds
345.065: [Full GC [PSYoungGen: 138752K->33449K(161280K)] [ParOldGen: 367289K->367289K(367616K)] 506041K->400738K(528896K) [PSPermGen: 13648K->13648K(21504K)], 0.0731810 secs] [Times: user=0.51 sys=0.00, real=0.07 secs] 
345.139: Total time for which application threads were stopped: 0.0739000 seconds, Stopping threads took: 0.0000750 seconds
345.164: Application time: 0.0252330 seconds
345.164: [Full GC [PSYoungGen: 138752K->33466K(161280K)] [ParOldGen: 367289K->367289K(367616K)] 506041K->400755K(528896K) [PSPermGen: 13648K->13648K(21504K)], 0.0735580 secs] [Times: user=0.52 sys=0.00, real=0.07 secs] 
345.238: Total time for which application threads were stopped: 0.0741800 seconds, Stopping threads took: 0.0000620 seconds
345.263: Application time: 0.0248360 seconds
345.264: [Full GC [PSYoungGen: 138752K->33483K(161280K)] [ParOldGen: 367289K->367289K(367616K)] 506041K->400772K(528896K) [PSPermGen: 13648K->13648K(21504K)], 0.0729920 secs] [Times: user=0.51 sys=0.00, real=0.07 secs] 
345.337: Total time for which application threads were stopped: 0.0737000 seconds, Stopping threads took: 0.0000530 seconds
345.362: Application time: 0.0250830 seconds
345.362: [Full GC [PSYoungGen: 138752K->33498K(161280K)] [ParOldGen: 367289K->367289K(367616K)] 506041K->400787K(528896K) [PSPermGen: 13648K->13648K(21504K)], 0.0733140 secs] [Times: user=0.52 sys=0.00, real=0.08 secs] 
345.436: Total time for which application threads were stopped: 0.0740140 seconds, Stopping threads took: 0.0000460 seconds
345.460: Application time: 0.0247900 seconds
345.461: [Full GC [PSYoungGen: 138752K->33512K(161280K)] [ParOldGen: 367289K->367289K(367616K)] 506041K->400801K(528896K) [PSPermGen: 13648K->13648K(21504K)], 0.0745960 secs] [Times: user=0.51 sys=0.00, real=0.08 secs] 
345.536: Total time for which application threads were stopped: 0.0752930 seconds, Stopping threads took: 0.0000540 seconds
345.561: Application time: 0.0248830 seconds
345.561: [Full GC [PSYoungGen: 138752K->33528K(161280K)] [ParOldGen: 367289K->367289K(367616K)] 506041K->400817K(528896K) [PSPermGen: 13648K->13648K(21504K)], 0.0729310 secs] [Times: user=0.51 sys=0.00, real=0.08 secs] 
345.634: Total time for which application threads were stopped: 0.0735990 seconds, Stopping threads took: 0.0000960 seconds
345.660: Application time: 0.0255750 seconds
345.660: [Full GC [PSYoungGen: 138752K->33541K(161280K)] [ParOldGen: 367289K->367289K(367616K)] 506041K->400831K(528896K) [PSPermGen: 13648K->13648K(21504K)], 0.0725820 secs] [Times: user=0.52 sys=0.00, real=0.08 secs] 
345.733: Total time for which application threads were stopped: 0.0732690 seconds, Stopping threads took: 0.0000620 seconds
345.758: Application time: 0.0248810 seconds
345.759: [Full GC [PSYoungGen: 138752K->33559K(161280K)] [ParOldGen: 367289K->367289K(367616K)] 506041K->400848K(528896K) [PSPermGen: 13648K->13648K(21504K)], 0.0745070 secs] [Times: user=0.53 sys=0.00, real=0.08 secs] 
345.833: Total time for which application threads were stopped: 0.0751440 seconds, Stopping threads took: 0.0000630 seconds
345.858: Application time: 0.0252590 seconds
345.859: [Full GC [PSYoungGen: 138752K->33409K(161280K)] [ParOldGen: 367289K->367289K(367616K)] 506041K->400699K(528896K) [PSPermGen: 13648K->13648K(21504K)], 0.0731320 secs] [Times: user=0.52 sys=0.00, real=0.08 secs] 
345.932: Total time for which application threads were stopped: 0.0737710 seconds, Stopping threads took: 0.0000720 seconds
345.957: Application time: 0.0246960 seconds
345.957: [Full GC [PSYoungGen: 138752K->33377K(161280K)] [ParOldGen: 367289K->367289K(367616K)] 506041K->400666K(528896K) [PSPermGen: 13648K->13648K(21504K)], 0.0731130 secs] [Times: user=0.52 sys=0.00, real=0.07 secs] 
346.031: Total time for which application threads were stopped: 0.0737970 seconds, Stopping threads took: 0.0000730 seconds
346.056: Application time: 0.0257000 seconds
346.057: [Full GC [PSYoungGen: 138752K->33335K(161280K)] [ParOldGen: 367289K->367289K(367616K)] 506041K->400624K(528896K) [PSPermGen: 13648K->13648K(21504K)], 0.0734320 secs] [Times: user=0.51 sys=0.00, real=0.07 secs] 
346.130: Total time for which application threads were stopped: 0.0740760 seconds, Stopping threads took: 0.0000730 seconds
346.155: Application time: 0.0249700 seconds
346.156: [Full GC [PSYoungGen: 138752K->33338K(161280K)] [ParOldGen: 367289K->367289K(367616K)] 506041K->400627K(528896K) [PSPermGen: 13648K->13648K(21504K)], 0.0729400 secs] [Times: user=0.51 sys=0.00, real=0.07 secs] 
346.229: Total time for which application threads were stopped: 0.0736800 seconds, Stopping threads took: 0.0000620 seconds
346.254: Application time: 0.0249020 seconds
346.255: [Full GC [PSYoungGen: 138752K->33352K(161280K)] [ParOldGen: 367289K->367289K(367616K)] 506041K->400641K(528896K) [PSPermGen: 13648K->13648K(21504K)], 0.0733270 secs] [Times: user=0.52 sys=0.00, real=0.07 secs] 
346.328: Total time for which application threads were stopped: 0.0739350 seconds, Stopping threads took: 0.0000500 seconds
346.353: Application time: 0.0249540 seconds
346.354: [Full GC [PSYoungGen: 138752K->33369K(161280K)] [ParOldGen: 367289K->367289K(367616K)] 506041K->400658K(528896K) [PSPermGen: 13648K->13648K(21504K)], 0.0729630 secs] [Times: user=0.52 sys=0.00, real=0.07 secs] 
346.427: Total time for which application threads were stopped: 0.0736330 seconds, Stopping threads took: 0.0000750 seconds
346.451: Application time: 0.0248660 seconds
346.452: [Full GC [PSYoungGen: 138752K->33381K(161280K)] [ParOldGen: 367289K->367289K(367616K)] 506041K->400670K(528896K) [PSPermGen: 13648K->13648K(21504K)], 0.0733390 secs] [Times: user=0.52 sys=0.00, real=0.07 secs] 
346.525: Total time for which application threads were stopped: 0.0740060 seconds, Stopping threads took: 0.0000610 seconds
346.551: Application time: 0.0251600 seconds
346.551: [Full GC [PSYoungGen: 138752K->33339K(161280K)] [ParOldGen: 367289K->367289K(367616K)] 506041K->400628K(528896K) [PSPermGen: 13648K->13648K(21504K)], 0.0736230 secs] [Times: user=0.52 sys=0.00, real=0.08 secs] 
346.625: Total time for which application threads were stopped: 0.0742720 seconds, Stopping threads took: 0.0000780 seconds
346.651: Application time: 0.0258900 seconds
346.651: [Full GC [PSYoungGen: 138752K->33341K(161280K)] [ParOldGen: 367289K->367289K(367616K)] 506041K->400630K(528896K) [PSPermGen: 13648K->13648K(21504K)], 0.0730950 secs] [Times: user=0.51 sys=0.01, real=0.08 secs] 
346.724: Total time for which application threads were stopped: 0.0737060 seconds, Stopping threads took: 0.0000610 seconds
346.749: Application time: 0.0250300 seconds
346.750: [Full GC [PSYoungGen: 138752K->33357K(161280K)] [ParOldGen: 367289K->367289K(367616K)] 506041K->400646K(528896K) [PSPermGen: 13648K->13648K(21504K)], 0.0729840 secs] [Times: user=0.52 sys=0.00, real=0.07 secs] 
346.823: Total time for which application threads were stopped: 0.0736480 seconds, Stopping threads took: 0.0000680 seconds
346.848: Application time: 0.0249280 seconds
346.849: [Full GC [PSYoungGen: 138752K->33371K(161280K)] [ParOldGen: 367289K->367289K(367616K)] 506041K->400661K(528896K) [PSPermGen: 13648K->13648K(21504K)], 0.0732420 secs] [Times: user=0.52 sys=0.00, real=0.07 secs] 
346.922: Total time for which application threads were stopped: 0.0738730 seconds, Stopping threads took: 0.0000740 seconds
346.947: Application time: 0.0249660 seconds
346.948: [Full GC [PSYoungGen: 138752K->33387K(161280K)] [ParOldGen: 367289K->367289K(367616K)] 506041K->400676K(528896K) [PSPermGen: 13648K->13648K(21504K)], 0.0737720 secs] [Times: user=0.51 sys=0.00, real=0.07 secs] 
347.021: Total time for which application threads were stopped: 0.0744660 seconds, Stopping threads took: 0.0000590 seconds
347.046: Application time: 0.0246780 seconds
347.047: [Full GC [PSYoungGen: 138752K->33401K(161280K)] [ParOldGen: 367289K->367289K(367616K)] 506041K->400691K(528896K) [PSPermGen: 13648K->13648K(21504K)], 0.0727920 secs] [Times: user=0.51 sys=0.00, real=0.07 secs] 
347.120: Total time for which application threads were stopped: 0.0734180 seconds, Stopping threads took: 0.0000740 seconds
347.145: Application time: 0.0250330 seconds
347.145: [Full GC [PSYoungGen: 138752K->33413K(161280K)] [ParOldGen: 367289K->367289K(367616K)] 506041K->400703K(528896K) [PSPermGen: 13648K->13648K(21504K)], 0.0730160 secs] [Times: user=0.51 sys=0.00, real=0.07 secs] 
347.218: Total time for which application threads were stopped: 0.0736350 seconds, Stopping threads took: 0.0000520 seconds
347.243: Application time: 0.0249650 seconds
347.244: [Full GC [PSYoungGen: 138752K->33431K(161280K)] [ParOldGen: 367289K->367289K(367616K)] 506041K->400720K(528896K) [PSPermGen: 13648K->13648K(21504K)], 0.0725160 secs] [Times: user=0.51 sys=0.00, real=0.07 secs] 
347.316: Total time for which application threads were stopped: 0.0732190 seconds, Stopping threads took: 0.0000570 seconds
347.341: Application time: 0.0249030 seconds
347.342: [Full GC [PSYoungGen: 138752K->33442K(161280K)] [ParOldGen: 367289K->367289K(367616K)] 506041K->400731K(528896K) [PSPermGen: 13648K->13648K(21504K)], 0.0731230 secs] [Times: user=0.51 sys=0.00, real=0.08 secs] 
347.415: Total time for which application threads were stopped: 0.0737570 seconds, Stopping threads took: 0.0000450 seconds
347.440: Application time: 0.0249820 seconds
347.441: [Full GC [PSYoungGen: 138752K->33392K(161280K)] [ParOldGen: 367289K->367289K(367616K)] 506041K->400681K(528896K) [PSPermGen: 13648K->13648K(21504K)], 0.0735610 secs] [Times: user=0.51 sys=0.00, real=0.08 secs] 
347.514: Total time for which application threads were stopped: 0.0742150 seconds, Stopping threads took: 0.0000890 seconds
347.539: Application time: 0.0248780 seconds
347.540: [Full GC [PSYoungGen: 138752K->33408K(161280K)] [ParOldGen: 367289K->367289K(367616K)] 506041K->400697K(528896K) [PSPermGen: 13648K->13648K(21504K)], 0.0733880 secs] [Times: user=0.52 sys=0.00, real=0.08 secs] 
347.613: Total time for which application threads were stopped: 0.0740090 seconds, Stopping threads took: 0.0000530 seconds
347.638: Application time: 0.0251380 seconds
347.639: [Full GC [PSYoungGen: 138752K->33420K(161280K)] [ParOldGen: 367289K->367289K(367616K)] 506041K->400710K(528896K) [PSPermGen: 13648K->13648K(21504K)], 0.0739990 secs] [Times: user=0.51 sys=0.00, real=0.08 secs] 
347.713: Total time for which application threads were stopped: 0.0746100 seconds, Stopping threads took: 0.0000500 seconds
347.738: Application time: 0.0250670 seconds
347.739: [Full GC [PSYoungGen: 138752K->33438K(161280K)] [ParOldGen: 367289K->367289K(367616K)] 506041K->400727K(528896K) [PSPermGen: 13648K->13648K(21504K)], 0.0735160 secs] [Times: user=0.52 sys=0.00, real=0.08 secs] 
347.812: Total time for which application threads were stopped: 0.0742260 seconds, Stopping threads took: 0.0000600 seconds
347.837: Application time: 0.0247560 seconds
347.838: [Full GC [PSYoungGen: 138752K->33452K(161280K)] [ParOldGen: 367289K->367289K(367616K)] 506041K->400741K(528896K) [PSPermGen: 13648K->13648K(21504K)], 0.0728310 secs] [Times: user=0.51 sys=0.00, real=0.07 secs] 
347.911: Total time for which application threads were stopped: 0.0735640 seconds, Stopping threads took: 0.0000870 seconds
347.935: Application time: 0.0248370 seconds
347.936: [Full GC [PSYoungGen: 138752K->33466K(161280K)] [ParOldGen: 367289K->367289K(367616K)] 506041K->400755K(528896K) [PSPermGen: 13648K->13648K(21504K)], 0.0729070 secs] [Times: user=0.52 sys=0.00, real=0.07 secs] 
348.009: Total time for which application threads were stopped: 0.0735690 seconds, Stopping threads took: 0.0000630 seconds
348.034: Application time: 0.0249230 seconds
348.034: [Full GC [PSYoungGen: 138752K->33427K(161280K)] [ParOldGen: 367289K->367289K(367616K)] 506041K->400716K(528896K) [PSPermGen: 13648K->13648K(21504K)], 0.0730370 secs] [Times: user=0.52 sys=0.00, real=0.07 secs] 
348.108: Total time for which application threads were stopped: 0.0736570 seconds, Stopping threads took: 0.0000680 seconds
348.132: Application time: 0.0249040 seconds
348.133: [Full GC [PSYoungGen: 138752K->33427K(161280K)] [ParOldGen: 367289K->367289K(367616K)] 506041K->400716K(528896K) [PSPermGen: 13648K->13648K(21504K)], 0.0734400 secs] [Times: user=0.52 sys=0.00, real=0.07 secs] 
348.206: Total time for which application threads were stopped: 0.0740360 seconds, Stopping threads took: 0.0000400 seconds
348.231: Application time: 0.0248700 seconds
348.232: [Full GC [PSYoungGen: 138752K->33443K(161280K)] [ParOldGen: 367289K->367289K(367616K)] 506041K->400732K(528896K) [PSPermGen: 13648K->13648K(21504K)], 0.0726620 secs] [Times: user=0.51 sys=0.00, real=0.07 secs] 
348.305: Total time for which application threads were stopped: 0.0733700 seconds, Stopping threads took: 0.0000580 seconds
348.330: Application time: 0.0248110 seconds
348.330: [Full GC [PSYoungGen: 138752K->33455K(161280K)] [ParOldGen: 367289K->367289K(367616K)] 506041K->400744K(528896K) [PSPermGen: 13648K->13648K(21504K)], 0.0738080 secs] [Times: user=0.51 sys=0.00, real=0.08 secs] 
348.404: Total time for which application threads were stopped: 0.0744410 seconds, Stopping threads took: 0.0000620 seconds
348.429: Application time: 0.0247630 seconds
348.429: [Full GC [PSYoungGen: 138752K->33471K(161280K)] [ParOldGen: 367289K->367289K(367616K)] 506041K->400760K(528896K) [PSPermGen: 13648K->13648K(21504K)], 0.0725250 secs] [Times: user=0.51 sys=0.00, real=0.07 secs] 
348.502: Total time for which application threads were stopped: 0.0732330 seconds, Stopping threads took: 0.0000560 seconds
348.529: Application time: 0.0269960 seconds
348.530: [Full GC [PSYoungGen: 138752K->33431K(161280K)] [ParOldGen: 367289K->367289K(367616K)] 506041K->400721K(528896K) [PSPermGen: 13648K->13648K(21504K)], 0.0734030 secs] [Times: user=0.52 sys=0.00, real=0.07 secs] 
348.603: Total time for which application threads were stopped: 0.0740750 seconds, Stopping threads took: 0.0000810 seconds
348.628: Application time: 0.0251790 seconds
348.629: [Full GC [PSYoungGen: 138752K->33429K(161280K)] [ParOldGen: 367289K->367289K(367616K)] 506041K->400719K(528896K) [PSPermGen: 13648K->13648K(21504K)], 0.0739820 secs] [Times: user=0.52 sys=0.00, real=0.07 secs] 
348.703: Total time for which application threads were stopped: 0.0746130 seconds, Stopping threads took: 0.0000660 seconds
348.728: Application time: 0.0249640 seconds
348.728: [Full GC [PSYoungGen: 138752K->33445K(161280K)] [ParOldGen: 367289K->367289K(367616K)] 506041K->400734K(528896K) [PSPermGen: 13648K->13648K(21504K)], 0.0739670 secs] [Times: user=0.51 sys=0.00, real=0.07 secs] 
348.802: Total time for which application threads were stopped: 0.0745810 seconds, Stopping threads took: 0.0000540 seconds
348.827: Application time: 0.0250990 seconds
348.828: [Full GC [PSYoungGen: 138752K->33459K(161280K)] [ParOldGen: 367289K->367289K(367616K)] 506041K->400748K(528896K) [PSPermGen: 13648K->13648K(21504K)], 0.0737940 secs] [Times: user=0.52 sys=0.00, real=0.07 secs] 
348.902: Total time for which application threads were stopped: 0.0744350 seconds, Stopping threads took: 0.0000760 seconds
348.927: Application time: 0.0251600 seconds
348.928: [Full GC [PSYoungGen: 138752K->33477K(161280K)] [ParOldGen: 367289K->367289K(367616K)] 506041K->400766K(528896K) [PSPermGen: 13648K->13648K(21504K)], 0.0737370 secs] [Times: user=0.52 sys=0.00, real=0.07 secs] 
349.001: Total time for which application threads were stopped: 0.0743690 seconds, Stopping threads took: 0.0000510 seconds
349.026: Application time: 0.0249790 seconds
349.027: [Full GC [PSYoungGen: 138752K->33492K(161280K)] [ParOldGen: 367289K->367289K(367616K)] 506041K->400782K(528896K) [PSPermGen: 13648K->13648K(21504K)], 0.0728310 secs] [Times: user=0.51 sys=0.00, real=0.07 secs] 
349.100: Total time for which application threads were stopped: 0.0735290 seconds, Stopping threads took: 0.0000590 seconds
349.125: Application time: 0.0248300 seconds
349.125: [Full GC [PSYoungGen: 138752K->33508K(161280K)] [ParOldGen: 367289K->367289K(367616K)] 506041K->400797K(528896K) [PSPermGen: 13648K->13648K(21504K)], 0.0732680 secs] [Times: user=0.52 sys=0.00, real=0.07 secs] 
349.199: Total time for which application threads were stopped: 0.0740100 seconds, Stopping threads took: 0.0000690 seconds
349.224: Application time: 0.0248260 seconds
349.224: [Full GC [PSYoungGen: 138752K->33522K(161280K)] [ParOldGen: 367289K->367289K(367616K)] 506041K->400811K(528896K) [PSPermGen: 13648K->13648K(21504K)], 0.0728860 secs] [Times: user=0.52 sys=0.00, real=0.07 secs] 
349.297: Total time for which application threads were stopped: 0.0735910 seconds, Stopping threads took: 0.0000640 seconds
349.322: Application time: 0.0249250 seconds
349.323: [Full GC [PSYoungGen: 138752K->33538K(161280K)] [ParOldGen: 367289K->367289K(367616K)] 506041K->400827K(528896K) [PSPermGen: 13648K->13648K(21504K)], 0.0735070 secs] [Times: user=0.52 sys=0.00, real=0.08 secs] 
349.396: Total time for which application threads were stopped: 0.0742000 seconds, Stopping threads took: 0.0000720 seconds
349.421: Application time: 0.0250850 seconds
349.422: [Full GC [PSYoungGen: 138752K->33553K(161280K)] [ParOldGen: 367289K->367289K(367616K)] 506041K->400842K(528896K) [PSPermGen: 13648K->13648K(21504K)], 0.0739430 secs] [Times: user=0.53 sys=0.00, real=0.08 secs] 
349.496: Total time for which application threads were stopped: 0.0746390 seconds, Stopping threads took: 0.0000560 seconds
349.522: Application time: 0.0255640 seconds
349.522: [Full GC [PSYoungGen: 138752K->33403K(161280K)] [ParOldGen: 367289K->367289K(367616K)] 506041K->400693K(528896K) [PSPermGen: 13648K->13648K(21504K)], 0.0725930 secs] [Times: user=0.51 sys=0.00, real=0.08 secs] 
349.595: Total time for which application threads were stopped: 0.0732950 seconds, Stopping threads took: 0.0000620 seconds
349.620: Application time: 0.0249080 seconds
349.620: [Full GC [PSYoungGen: 138752K->33371K(161280K)] [ParOldGen: 367289K->367289K(367616K)] 506041K->400661K(528896K) [PSPermGen: 13648K->13648K(21504K)], 0.0738250 secs] [Times: user=0.52 sys=0.00, real=0.08 secs] 
349.694: Total time for which application threads were stopped: 0.0744730 seconds, Stopping threads took: 0.0000640 seconds
349.719: Application time: 0.0251320 seconds
349.720: [Full GC [PSYoungGen: 138752K->33332K(161280K)] [ParOldGen: 367289K->367289K(367616K)] 506041K->400621K(528896K) [PSPermGen: 13648K->13648K(21504K)], 0.0734460 secs] [Times: user=0.52 sys=0.00, real=0.08 secs] 
349.794: Total time for which application threads were stopped: 0.0740750 seconds, Stopping threads took: 0.0000430 seconds
349.818: Application time: 0.0247460 seconds
349.819: [Full GC [PSYoungGen: 138752K->33330K(161280K)] [ParOldGen: 367289K->367289K(367616K)] 506041K->400620K(528896K) [PSPermGen: 13648K->13648K(21504K)], 0.0731440 secs] [Times: user=0.51 sys=0.00, real=0.08 secs] 
349.892: Total time for which application threads were stopped: 0.0737490 seconds, Stopping threads took: 0.0000510 seconds
349.917: Application time: 0.0250500 seconds
349.918: [Full GC [PSYoungGen: 138752K->33346K(161280K)] [ParOldGen: 367289K->367289K(367616K)] 506041K->400635K(528896K) [PSPermGen: 13648K->13648K(21504K)], 0.0742560 secs] [Times: user=0.52 sys=0.00, real=0.08 secs] 
349.992: Total time for which application threads were stopped: 0.0748830 seconds, Stopping threads took: 0.0000590 seconds
350.017: Application time: 0.0251370 seconds
350.018: [Full GC [PSYoungGen: 138752K->33361K(161280K)] [ParOldGen: 367289K->367289K(367616K)] 506041K->400651K(528896K) [PSPermGen: 13648K->13648K(21504K)], 0.0759920 secs] [Times: user=0.53 sys=0.00, real=0.08 secs] 
350.094: Total time for which application threads were stopped: 0.0766160 seconds, Stopping threads took: 0.0000530 seconds
350.119: Application time: 0.0250860 seconds
350.119: [Full GC [PSYoungGen: 138752K->33377K(161280K)] [ParOldGen: 367289K->367289K(367616K)] 506041K->400666K(528896K) [PSPermGen: 13648K->13648K(21504K)], 0.0737140 secs] [Times: user=0.52 sys=0.00, real=0.08 secs] 
350.193: Total time for which application threads were stopped: 0.0743440 seconds, Stopping threads took: 0.0000500 seconds
350.218: Application time: 0.0251460 seconds
350.219: [Full GC [PSYoungGen: 138752K->33332K(161280K)] [ParOldGen: 367289K->367289K(367616K)] 506041K->400621K(528896K) [PSPermGen: 13648K->13648K(21504K)], 0.0733990 secs] [Times: user=0.52 sys=0.00, real=0.08 secs] 
350.292: Total time for which application threads were stopped: 0.0740930 seconds, Stopping threads took: 0.0000660 seconds
350.318: Application time: 0.0252260 seconds
350.318: [Full GC [PSYoungGen: 138752K->33337K(161280K)] [ParOldGen: 367289K->367289K(367616K)] 506041K->400626K(528896K) [PSPermGen: 13648K->13648K(21504K)], 0.0735010 secs] [Times: user=0.52 sys=0.00, real=0.08 secs] 
350.392: Total time for which application threads were stopped: 0.0741400 seconds, Stopping threads took: 0.0000490 seconds
350.417: Application time: 0.0249630 seconds
350.420: [Full GC [PSYoungGen: 138752K->33352K(161280K)] [ParOldGen: 367289K->367289K(367616K)] 506041K->400641K(528896K) [PSPermGen: 13648K->13648K(21504K)], 0.0732090 secs] [Times: user=0.52 sys=0.00, real=0.08 secs] 
350.493: Total time for which application threads were stopped: 0.0763570 seconds, Stopping threads took: 0.0025840 seconds
350.518: Application time: 0.0249370 seconds
350.519: [Full GC [PSYoungGen: 138752K->33365K(161280K)] [ParOldGen: 367289K->367289K(367616K)] 506041K->400654K(528896K) [PSPermGen: 13648K->13648K(21504K)], 0.0739110 secs] [Times: user=0.52 sys=0.00, real=0.08 secs] 
350.593: Total time for which application threads were stopped: 0.0745440 seconds, Stopping threads took: 0.0000540 seconds
350.618: Application time: 0.0249180 seconds
350.618: [Full GC [PSYoungGen: 138752K->33382K(161280K)] [ParOldGen: 367289K->367289K(367616K)] 506041K->400671K(528896K) [PSPermGen: 13648K->13648K(21504K)], 0.0736500 secs] [Times: user=0.51 sys=0.00, real=0.08 secs] 
350.692: Total time for which application threads were stopped: 0.0742690 seconds, Stopping threads took: 0.0000510 seconds
350.717: Application time: 0.0247930 seconds
350.717: [Full GC [PSYoungGen: 138752K->33398K(161280K)] [ParOldGen: 367289K->367289K(367616K)] 506041K->400688K(528896K) [PSPermGen: 13648K->13648K(21504K)], 0.0730210 secs] [Times: user=0.51 sys=0.00, real=0.07 secs] 
350.790: Total time for which application threads were stopped: 0.0736260 seconds, Stopping threads took: 0.0000510 seconds
350.816: Application time: 0.0253630 seconds
350.816: [Full GC [PSYoungGen: 138752K->33413K(161280K)] [ParOldGen: 367289K->367289K(367616K)] 506041K->400702K(528896K) [PSPermGen: 13648K->13648K(21504K)], 0.0746870 secs] [Times: user=0.53 sys=0.00, real=0.07 secs] 
350.891: Total time for which application threads were stopped: 0.0753130 seconds, Stopping threads took: 0.0000400 seconds
350.916: Application time: 0.0254020 seconds
350.917: [Full GC [PSYoungGen: 138752K->33426K(161280K)] [ParOldGen: 367289K->367289K(367616K)] 506041K->400716K(528896K) [PSPermGen: 13648K->13648K(21504K)], 0.0737420 secs] [Times: user=0.52 sys=0.00, real=0.07 secs] 
350.991: Total time for which application threads were stopped: 0.0744290 seconds, Stopping threads took: 0.0000920 seconds
351.016: Application time: 0.0249600 seconds
351.016: [Full GC [PSYoungGen: 138752K->33442K(161280K)] [ParOldGen: 367289K->367289K(367616K)] 506041K->400731K(528896K) [PSPermGen: 13648K->13648K(21504K)], 0.0729070 secs] [Times: user=0.51 sys=0.00, real=0.07 secs] 
351.089: Total time for which application threads were stopped: 0.0736630 seconds, Stopping threads took: 0.0001020 seconds
351.115: Application time: 0.0253090 seconds
351.115: [Full GC [PSYoungGen: 138752K->33395K(161280K)] [ParOldGen: 367289K->367289K(367616K)] 506041K->400684K(528896K) [PSPermGen: 13648K->13648K(21504K)], 0.0732700 secs] [Times: user=0.52 sys=0.00, real=0.07 secs] 
351.189: Total time for which application threads were stopped: 0.0740160 seconds, Stopping threads took: 0.0000920 seconds
351.214: Application time: 0.0251180 seconds
351.214: [Full GC [PSYoungGen: 138752K->33400K(161280K)] [ParOldGen: 367289K->367289K(367616K)] 506041K->400690K(528896K) [PSPermGen: 13648K->13648K(21504K)], 0.0726910 secs] [Times: user=0.51 sys=0.00, real=0.07 secs] 
351.287: Total time for which application threads were stopped: 0.0733610 seconds, Stopping threads took: 0.0000930 seconds
351.312: Application time: 0.0249310 seconds
351.313: [Full GC [PSYoungGen: 138752K->33412K(161280K)] [ParOldGen: 367289K->367289K(367616K)] 506041K->400701K(528896K) [PSPermGen: 13648K->13648K(21504K)], 0.0732430 secs] [Times: user=0.51 sys=0.00, real=0.07 secs] 
351.386: Total time for which application threads were stopped: 0.0739510 seconds, Stopping threads took: 0.0000730 seconds
351.411: Application time: 0.0247840 seconds
351.412: [Full GC [PSYoungGen: 138752K->33433K(161280K)] [ParOldGen: 367289K->367289K(367616K)] 506041K->400722K(528896K) [PSPermGen: 13648K->13648K(21504K)], 0.0729330 secs] [Times: user=0.51 sys=0.00, real=0.07 secs] 
351.485: Total time for which application threads were stopped: 0.0736750 seconds, Stopping threads took: 0.0000900 seconds
351.509: Application time: 0.0248900 seconds
351.510: [Full GC [PSYoungGen: 138752K->33447K(161280K)] [ParOldGen: 367289K->367289K(367616K)] 506041K->400736K(528896K) [PSPermGen: 13648K->13648K(21504K)], 0.0738640 secs] [Times: user=0.51 sys=0.00, real=0.08 secs] 
351.584: Total time for which application threads were stopped: 0.0745680 seconds, Stopping threads took: 0.0000590 seconds
351.609: Application time: 0.0250270 seconds
351.610: [Full GC [PSYoungGen: 138752K->33460K(161280K)] [ParOldGen: 367289K->367289K(367616K)] 506041K->400749K(528896K) [PSPermGen: 13648K->13648K(21504K)], 0.0739850 secs] [Times: user=0.52 sys=0.00, real=0.08 secs] 
351.684: Total time for which application threads were stopped: 0.0746250 seconds, Stopping threads took: 0.0000640 seconds
351.708: Application time: 0.0246920 seconds
351.709: [Full GC [PSYoungGen: 138752K->33476K(161280K)] [ParOldGen: 367289K->367289K(367616K)] 506041K->400766K(528896K) [PSPermGen: 13648K->13648K(21504K)], 0.0732750 secs] [Times: user=0.51 sys=0.00, real=0.07 secs] 
351.782: Total time for which application threads were stopped: 0.0739880 seconds, Stopping threads took: 0.0000710 seconds
351.807: Application time: 0.0249340 seconds
351.808: [Full GC [PSYoungGen: 138752K->33437K(161280K)] [ParOldGen: 367289K->367289K(367616K)] 506041K->400726K(528896K) [PSPermGen: 13648K->13648K(21504K)], 0.0737470 secs] [Times: user=0.52 sys=0.00, real=0.07 secs] 
351.882: Total time for which application threads were stopped: 0.0744570 seconds, Stopping threads took: 0.0000680 seconds
351.907: Application time: 0.0250880 seconds
351.907: [Full GC [PSYoungGen: 138752K->33431K(161280K)] [ParOldGen: 367289K->367289K(367616K)] 506041K->400720K(528896K) [PSPermGen: 13648K->13648K(21504K)], 0.0740540 secs] [Times: user=0.52 sys=0.00, real=0.07 secs] 
351.982: Total time for which application threads were stopped: 0.0747320 seconds, Stopping threads took: 0.0000930 seconds
352.006: Application time: 0.0248470 seconds
352.007: [Full GC [PSYoungGen: 138752K->33451K(161280K)] [ParOldGen: 367289K->367289K(367616K)] 506041K->400741K(528896K) [PSPermGen: 13648K->13648K(21504K)], 0.0729690 secs] [Times: user=0.51 sys=0.00, real=0.07 secs] 
352.080: Total time for which application threads were stopped: 0.0736630 seconds, Stopping threads took: 0.0000640 seconds
352.105: Application time: 0.0250720 seconds
352.106: [Full GC [PSYoungGen: 138752K->33458K(161280K)] [ParOldGen: 367289K->367289K(367616K)] 506041K->400747K(528896K) [PSPermGen: 13648K->13648K(21504K)], 0.0748810 secs] [Times: user=0.53 sys=0.00, real=0.07 secs] 
352.181: Total time for which application threads were stopped: 0.0755370 seconds, Stopping threads took: 0.0000630 seconds
352.206: Application time: 0.0254400 seconds
352.207: [Full GC [PSYoungGen: 138752K->33480K(161280K)] [ParOldGen: 367289K->367289K(367616K)] 506041K->400769K(528896K) [PSPermGen: 13648K->13648K(21504K)], 0.0731290 secs] [Times: user=0.51 sys=0.00, real=0.07 secs] 
352.280: Total time for which application threads were stopped: 0.0737630 seconds, Stopping threads took: 0.0000630 seconds
352.305: Application time: 0.0252040 seconds
352.308: [Full GC [PSYoungGen: 138752K->33497K(161280K)] [ParOldGen: 367289K->367289K(367616K)] 506041K->400786K(528896K) [PSPermGen: 13648K->13648K(21504K)], 0.0730960 secs] [Times: user=0.52 sys=0.00, real=0.07 secs] 
352.381: Total time for which application threads were stopped: 0.0759010 seconds, Stopping threads took: 0.0022250 seconds
352.406: Application time: 0.0249890 seconds
352.407: [Full GC [PSYoungGen: 138752K->33510K(161280K)] [ParOldGen: 367289K->367289K(367616K)] 506041K->400799K(528896K) [PSPermGen: 13648K->13648K(21504K)], 0.0731650 secs] [Times: user=0.51 sys=0.00, real=0.07 secs] 
352.481: Total time for which application threads were stopped: 0.0753310 seconds, Stopping threads took: 0.0000530 seconds
352.508: Application time: 0.0262300 seconds
352.508: [Full GC [PSYoungGen: 138752K->33471K(161280K)] [ParOldGen: 367289K->367289K(367616K)] 506041K->400760K(528896K) [PSPermGen: 13648K->13648K(21504K)], 0.0727280 secs] [Times: user=0.51 sys=0.01, real=0.07 secs] 
352.581: Total time for which application threads were stopped: 0.0734180 seconds, Stopping threads took: 0.0000620 seconds
352.606: Application time: 0.0250550 seconds
352.607: [Full GC [PSYoungGen: 138752K->33474K(161280K)] [ParOldGen: 367289K->367289K(367616K)] 506041K->400763K(528896K) [PSPermGen: 13648K->13648K(21504K)], 0.0741840 secs] [Times: user=0.52 sys=0.00, real=0.07 secs] 
352.681: Total time for which application threads were stopped: 0.0748700 seconds, Stopping threads took: 0.0000760 seconds
352.706: Application time: 0.0252490 seconds
352.707: [Full GC [PSYoungGen: 138752K->33487K(161280K)] [ParOldGen: 367289K->367289K(367616K)] 506041K->400776K(528896K) [PSPermGen: 13648K->13648K(21504K)], 0.0730270 secs] [Times: user=0.51 sys=0.00, real=0.07 secs] 
352.780: Total time for which application threads were stopped: 0.0737410 seconds, Stopping threads took: 0.0000690 seconds
352.805: Application time: 0.0246700 seconds
352.805: [Full GC [PSYoungGen: 138752K->33502K(161280K)] [ParOldGen: 367289K->367289K(367616K)] 506041K->400792K(528896K) [PSPermGen: 13648K->13648K(21504K)], 0.0732520 secs] [Times: user=0.51 sys=0.00, real=0.07 secs] 
352.879: Total time for which application threads were stopped: 0.0739410 seconds, Stopping threads took: 0.0000650 seconds
352.903: Application time: 0.0247520 seconds
352.904: [Full GC [PSYoungGen: 138752K->33517K(161280K)] [ParOldGen: 367289K->367289K(367616K)] 506041K->400806K(528896K) [PSPermGen: 13648K->13648K(21504K)], 0.0733920 secs] [Times: user=0.51 sys=0.00, real=0.07 secs] 
352.977: Total time for which application threads were stopped: 0.0740990 seconds, Stopping threads took: 0.0000770 seconds
353.002: Application time: 0.0250330 seconds
353.003: [Full GC [PSYoungGen: 138752K->33532K(161280K)] [ParOldGen: 367289K->367289K(367616K)] 506041K->400821K(528896K) [PSPermGen: 13648K->13648K(21504K)], 0.0739150 secs] [Times: user=0.51 sys=0.00, real=0.08 secs] 
353.077: Total time for which application threads were stopped: 0.0745460 seconds, Stopping threads took: 0.0000650 seconds
353.102: Application time: 0.0253230 seconds
353.103: [Full GC [PSYoungGen: 138752K->33547K(161280K)] [ParOldGen: 367289K->367289K(367616K)] 506041K->400836K(528896K) [PSPermGen: 13648K->13648K(21504K)], 0.0739110 secs] [Times: user=0.52 sys=0.00, real=0.08 secs] 
353.177: Total time for which application threads were stopped: 0.0745700 seconds, Stopping threads took: 0.0000890 seconds
353.203: Application time: 0.0259220 seconds
353.204: [Full GC [PSYoungGen: 138752K->33395K(161280K)] [ParOldGen: 367289K->367289K(367616K)] 506041K->400685K(528896K) [PSPermGen: 13648K->13648K(21504K)], 0.0728500 secs] [Times: user=0.52 sys=0.00, real=0.07 secs] 
353.276: Total time for which application threads were stopped: 0.0736210 seconds, Stopping threads took: 0.0000840 seconds
353.302: Application time: 0.0251120 seconds
353.302: [Full GC [PSYoungGen: 138752K->33366K(161280K)] [ParOldGen: 367289K->367289K(367616K)] 506041K->400656K(528896K) [PSPermGen: 13648K->13648K(21504K)], 0.0724940 secs] [Times: user=0.51 sys=0.00, real=0.08 secs] 
353.375: Total time for which application threads were stopped: 0.0731890 seconds, Stopping threads took: 0.0000520 seconds
353.400: Application time: 0.0251590 seconds
353.401: [Full GC [PSYoungGen: 138752K->33320K(161280K)] [ParOldGen: 367289K->367289K(367616K)] 506041K->400610K(528896K) [PSPermGen: 13648K->13648K(21504K)], 0.0752720 secs] [Times: user=0.53 sys=0.00, real=0.08 secs] 
353.476: Total time for which application threads were stopped: 0.0759440 seconds, Stopping threads took: 0.0000500 seconds
353.501: Application time: 0.0248170 seconds
353.501: [Full GC [PSYoungGen: 138752K->33327K(161280K)] [ParOldGen: 367289K->367289K(367616K)] 506041K->400617K(528896K) [PSPermGen: 13648K->13648K(21504K)], 0.0737860 secs] [Times: user=0.52 sys=0.00, real=0.08 secs] 
353.575: Total time for which application threads were stopped: 0.0744120 seconds, Stopping threads took: 0.0000570 seconds
353.600: Application time: 0.0247050 seconds
353.600: [Full GC [PSYoungGen: 138752K->33339K(161280K)] [ParOldGen: 367289K->367289K(367616K)] 506041K->400629K(528896K) [PSPermGen: 13648K->13648K(21504K)], 0.0727930 secs] [Times: user=0.51 sys=0.00, real=0.08 secs] 
353.673: Total time for which application threads were stopped: 0.0734320 seconds, Stopping threads took: 0.0000700 seconds
353.698: Application time: 0.0251120 seconds
353.699: [Full GC [PSYoungGen: 138752K->33356K(161280K)] [ParOldGen: 367289K->367289K(367616K)] 506041K->400645K(528896K) [PSPermGen: 13648K->13648K(21504K)], 0.0753600 secs] [Times: user=0.51 sys=0.00, real=0.08 secs] 
353.774: Total time for which application threads were stopped: 0.0760850 seconds, Stopping threads took: 0.0001010 seconds
353.800: Application time: 0.0255660 seconds
353.801: [Full GC [PSYoungGen: 138752K->33370K(161280K)] [ParOldGen: 367289K->367289K(367616K)] 506041K->400660K(528896K) [PSPermGen: 13648K->13648K(21504K)], 0.0744650 secs] [Times: user=0.53 sys=0.00, real=0.08 secs] 
353.875: Total time for which application threads were stopped: 0.0751270 seconds, Stopping threads took: 0.0000510 seconds
353.900: Application time: 0.0252610 seconds
353.901: [Full GC [PSYoungGen: 138752K->33332K(161280K)] [ParOldGen: 367289K->367289K(367616K)] 506041K->400621K(528896K) [PSPermGen: 13648K->13648K(21504K)], 0.0737150 secs] [Times: user=0.51 sys=0.00, real=0.08 secs] 
353.975: Total time for which application threads were stopped: 0.0743830 seconds, Stopping threads took: 0.0001000 seconds
354.000: Application time: 0.0251890 seconds
354.001: [Full GC [PSYoungGen: 138752K->33332K(161280K)] [ParOldGen: 367289K->367289K(367616K)] 506041K->400621K(528896K) [PSPermGen: 13648K->13648K(21504K)], 0.0725160 secs] [Times: user=0.52 sys=0.00, real=0.08 secs] 
354.073: Total time for which application threads were stopped: 0.0732770 seconds, Stopping threads took: 0.0001160 seconds
354.098: Application time: 0.0248910 seconds
354.099: [Full GC [PSYoungGen: 138752K->33346K(161280K)] [ParOldGen: 367289K->367289K(367616K)] 506041K->400635K(528896K) [PSPermGen: 13648K->13648K(21504K)], 0.0731990 secs] [Times: user=0.51 sys=0.00, real=0.08 secs] 
354.172: Total time for which application threads were stopped: 0.0738800 seconds, Stopping threads took: 0.0000460 seconds
354.197: Application time: 0.0249730 seconds
354.198: [Full GC [PSYoungGen: 138752K->33362K(161280K)] [ParOldGen: 367289K->367289K(367616K)] 506041K->400651K(528896K) [PSPermGen: 13648K->13648K(21504K)], 0.0733450 secs] [Times: user=0.51 sys=0.00, real=0.07 secs] 
354.271: Total time for which application threads were stopped: 0.0740350 seconds, Stopping threads took: 0.0000460 seconds
354.296: Application time: 0.0249340 seconds
354.297: [Full GC [PSYoungGen: 138752K->33376K(161280K)] [ParOldGen: 367289K->367289K(367616K)] 506041K->400665K(528896K) [PSPermGen: 13648K->13648K(21504K)], 0.0736030 secs] [Times: user=0.52 sys=0.00, real=0.07 secs] 
354.370: Total time for which application threads were stopped: 0.0742500 seconds, Stopping threads took: 0.0000700 seconds
354.395: Application time: 0.0251810 seconds
354.396: [Full GC [PSYoungGen: 138752K->33392K(161280K)] [ParOldGen: 367289K->367289K(367616K)] 506041K->400682K(528896K) [PSPermGen: 13648K->13648K(21504K)], 0.0748770 secs] [Times: user=0.52 sys=0.00, real=0.07 secs] 
354.471: Total time for which application threads were stopped: 0.0755530 seconds, Stopping threads took: 0.0000720 seconds
354.496: Application time: 0.0250610 seconds
354.497: [Full GC [PSYoungGen: 138752K->33407K(161280K)] [ParOldGen: 367289K->367289K(367616K)] 506041K->400696K(528896K) [PSPermGen: 13648K->13648K(21504K)], 0.0957340 secs] [Times: user=0.64 sys=0.00, real=0.10 secs] 
354.592: Total time for which application threads were stopped: 0.0963510 seconds, Stopping threads took: 0.0000510 seconds
354.618: Application time: 0.0253470 seconds
354.618: [Full GC [PSYoungGen: 138752K->33420K(161280K)] [ParOldGen: 367289K->367289K(367616K)] 506041K->400710K(528896K) [PSPermGen: 13648K->13648K(21504K)], 0.0738630 secs] [Times: user=0.51 sys=0.00, real=0.08 secs] 
354.692: Total time for which application threads were stopped: 0.0745260 seconds, Stopping threads took: 0.0000910 seconds
354.717: Application time: 0.0250250 seconds
354.718: [Full GC [PSYoungGen: 138752K->33437K(161280K)] [ParOldGen: 367289K->367289K(367616K)] 506041K->400726K(528896K) [PSPermGen: 13648K->13648K(21504K)], 0.0724870 secs] [Times: user=0.52 sys=0.00, real=0.07 secs] 
354.790: Total time for which application threads were stopped: 0.0731440 seconds, Stopping threads took: 0.0000670 seconds
354.815: Application time: 0.0247770 seconds
354.816: [Full GC [PSYoungGen: 138752K->33451K(161280K)] [ParOldGen: 367289K->367289K(367616K)] 506041K->400740K(528896K) [PSPermGen: 13648K->13648K(21504K)], 0.0734280 secs] [Times: user=0.51 sys=0.00, real=0.07 secs] 
354.889: Total time for which application threads were stopped: 0.0740740 seconds, Stopping threads took: 0.0000690 seconds
354.915: Application time: 0.0254040 seconds
354.915: [Full GC [PSYoungGen: 138752K->33403K(161280K)] [ParOldGen: 367289K->367289K(367616K)] 506041K->400693K(528896K) [PSPermGen: 13648K->13648K(21504K)], 0.0729450 secs] [Times: user=0.51 sys=0.01, real=0.07 secs] 
354.988: Total time for which application threads were stopped: 0.0736680 seconds, Stopping threads took: 0.0000610 seconds
355.013: Application time: 0.0249850 seconds
355.014: [Full GC [PSYoungGen: 138752K->33412K(161280K)] [ParOldGen: 367289K->367289K(367616K)] 506041K->400701K(528896K) [PSPermGen: 13648K->13648K(21504K)], 0.0728340 secs] [Times: user=0.51 sys=0.00, real=0.07 secs] 
355.087: Total time for which application threads were stopped: 0.0734670 seconds, Stopping threads took: 0.0000570 seconds
355.112: Application time: 0.0247910 seconds
355.112: [Full GC [PSYoungGen: 138752K->33428K(161280K)] [ParOldGen: 367289K->367289K(367616K)] 506041K->400717K(528896K) [PSPermGen: 13648K->13648K(21504K)], 0.0749050 secs] [Times: user=0.53 sys=0.00, real=0.07 secs] 
355.187: Total time for which application threads were stopped: 0.0755090 seconds, Stopping threads took: 0.0000450 seconds
355.212: Application time: 0.0247960 seconds
355.213: [Full GC [PSYoungGen: 138752K->33441K(161280K)] [ParOldGen: 367289K->367289K(367616K)] 506041K->400730K(528896K) [PSPermGen: 13648K->13648K(21504K)], 0.0729900 secs] [Times: user=0.51 sys=0.00, real=0.07 secs] 
355.286: Total time for which application threads were stopped: 0.0736070 seconds, Stopping threads took: 0.0000620 seconds
355.310: Application time: 0.0247790 seconds
355.311: [Full GC [PSYoungGen: 138752K->33456K(161280K)] [ParOldGen: 367289K->367289K(367616K)] 506041K->400746K(528896K) [PSPermGen: 13648K->13648K(21504K)], 0.0730400 secs] [Times: user=0.50 sys=0.00, real=0.08 secs] 
355.384: Total time for which application threads were stopped: 0.0736800 seconds, Stopping threads took: 0.0000750 seconds
355.409: Application time: 0.0246030 seconds
355.409: [Full GC [PSYoungGen: 138752K->33473K(161280K)] [ParOldGen: 367289K->367289K(367616K)] 506041K->400762K(528896K) [PSPermGen: 13648K->13648K(21504K)], 0.0731680 secs] [Times: user=0.51 sys=0.00, real=0.07 secs] 
355.483: Total time for which application threads were stopped: 0.0738640 seconds, Stopping threads took: 0.0000600 seconds
355.508: Application time: 0.0250720 seconds
355.508: [Full GC [PSYoungGen: 138752K->33432K(161280K)] [ParOldGen: 367289K->367289K(367616K)] 506041K->400721K(528896K) [PSPermGen: 13648K->13648K(21504K)], 0.0734150 secs] [Times: user=0.51 sys=0.00, real=0.07 secs] 
355.582: Total time for which application threads were stopped: 0.0740300 seconds, Stopping threads took: 0.0000420 seconds
355.607: Application time: 0.0256170 seconds
355.608: [Full GC [PSYoungGen: 138752K->33429K(161280K)] [ParOldGen: 367289K->367289K(367616K)] 506041K->400718K(528896K) [PSPermGen: 13648K->13648K(21504K)], 0.0744740 secs] [Times: user=0.52 sys=0.00, real=0.07 secs] 
355.682: Total time for which application threads were stopped: 0.0751290 seconds, Stopping threads took: 0.0000840 seconds
355.708: Application time: 0.0251830 seconds
355.708: [Full GC [PSYoungGen: 138752K->33445K(161280K)] [ParOldGen: 367289K->367289K(367616K)] 506041K->400734K(528896K) [PSPermGen: 13648K->13648K(21504K)], 0.0734660 secs] [Times: user=0.51 sys=0.00, real=0.07 secs] 
355.782: Total time for which application threads were stopped: 0.0741260 seconds, Stopping threads took: 0.0001030 seconds
355.807: Application time: 0.0254210 seconds
355.808: [Full GC [PSYoungGen: 138752K->33462K(161280K)] [ParOldGen: 367289K->367289K(367616K)] 506041K->400752K(528896K) [PSPermGen: 13648K->13648K(21504K)], 0.0734550 secs] [Times: user=0.51 sys=0.00, real=0.07 secs] 
355.881: Total time for which application threads were stopped: 0.0741280 seconds, Stopping threads took: 0.0000870 seconds
355.907: Application time: 0.0255390 seconds
355.907: [Full GC [PSYoungGen: 138752K->33477K(161280K)] [ParOldGen: 367289K->367289K(367616K)] 506041K->400766K(528896K) [PSPermGen: 13648K->13648K(21504K)], 0.0725260 secs] [Times: user=0.51 sys=0.00, real=0.07 secs] 
355.980: Total time for which application threads were stopped: 0.0732730 seconds, Stopping threads took: 0.0001100 seconds
356.005: Application time: 0.0253570 seconds
356.006: [Full GC [PSYoungGen: 138752K->33490K(161280K)] [ParOldGen: 367289K->367289K(367616K)] 506041K->400779K(528896K) [PSPermGen: 13648K->13648K(21504K)], 0.0790340 secs] [Times: user=0.55 sys=0.00, real=0.08 secs] 
356.085: Total time for which application threads were stopped: 0.0797480 seconds, Stopping threads took: 0.0000820 seconds
356.110: Application time: 0.0249370 seconds
356.111: [Full GC [PSYoungGen: 138752K->33504K(161280K)] [ParOldGen: 367289K->367289K(367616K)] 506041K->400794K(528896K) [PSPermGen: 13648K->13648K(21504K)], 0.0731990 secs] [Times: user=0.51 sys=0.00, real=0.08 secs] 
356.184: Total time for which application threads were stopped: 0.0738560 seconds, Stopping threads took: 0.0000660 seconds
356.210: Application time: 0.0257480 seconds
356.210: [Full GC [PSYoungGen: 138752K->33465K(161280K)] [ParOldGen: 367289K->367289K(367616K)] 506041K->400755K(528896K) [PSPermGen: 13648K->13648K(21504K)], 0.0737120 secs] [Times: user=0.51 sys=0.00, real=0.08 secs] 
356.284: Total time for which application threads were stopped: 0.0743740 seconds, Stopping threads took: 0.0000900 seconds
356.309: Application time: 0.0252790 seconds
356.310: [Full GC [PSYoungGen: 138752K->33468K(161280K)] [ParOldGen: 367289K->367289K(367616K)] 506041K->400757K(528896K) [PSPermGen: 13648K->13648K(21504K)], 0.0732430 secs] [Times: user=0.52 sys=0.00, real=0.07 secs] 
356.383: Total time for which application threads were stopped: 0.0738910 seconds, Stopping threads took: 0.0000550 seconds
356.408: Application time: 0.0249960 seconds
356.409: [Full GC [PSYoungGen: 138752K->33479K(161280K)] [ParOldGen: 367289K->367289K(367616K)] 506041K->400769K(528896K) [PSPermGen: 13648K->13648K(21504K)], 0.0728070 secs] [Times: user=0.52 sys=0.00, real=0.07 secs] 
356.482: Total time for which application threads were stopped: 0.0735230 seconds, Stopping threads took: 0.0000560 seconds
356.507: Application time: 0.0248150 seconds
356.507: [Full GC [PSYoungGen: 138752K->33497K(161280K)] [ParOldGen: 367289K->367289K(367616K)] 506041K->400786K(528896K) [PSPermGen: 13648K->13648K(21504K)], 0.0727810 secs] [Times: user=0.51 sys=0.00, real=0.07 secs] 
356.580: Total time for which application threads were stopped: 0.0735160 seconds, Stopping threads took: 0.0001030 seconds
356.605: Application time: 0.0249440 seconds
356.606: [Full GC [PSYoungGen: 138752K->33513K(161280K)] [ParOldGen: 367289K->367289K(367616K)] 506041K->400802K(528896K) [PSPermGen: 13648K->13648K(21504K)], 0.0730000 secs] [Times: user=0.51 sys=0.00, real=0.07 secs] 
356.679: Total time for which application threads were stopped: 0.0736470 seconds, Stopping threads took: 0.0000730 seconds
356.703: Application time: 0.0246930 seconds
356.704: [Full GC [PSYoungGen: 138752K->33528K(161280K)] [ParOldGen: 367289K->367289K(367616K)] 506041K->400817K(528896K) [PSPermGen: 13648K->13648K(21504K)], 0.0738980 secs] [Times: user=0.51 sys=0.00, real=0.07 secs] 
356.778: Total time for which application threads were stopped: 0.0745260 seconds, Stopping threads took: 0.0000470 seconds
356.803: Application time: 0.0252120 seconds
356.804: [Full GC [PSYoungGen: 138752K->33543K(161280K)] [ParOldGen: 367289K->367289K(367616K)] 506041K->400833K(528896K) [PSPermGen: 13648K->13648K(21504K)], 0.0762830 secs] [Times: user=0.54 sys=0.00, real=0.07 secs] 
356.880: Total time for which application threads were stopped: 0.0769300 seconds, Stopping threads took: 0.0000550 seconds
356.906: Application time: 0.0258750 seconds
356.907: [Full GC [PSYoungGen: 138752K->33392K(161280K)] [ParOldGen: 367289K->367289K(367616K)] 506041K->400681K(528896K) [PSPermGen: 13648K->13648K(21504K)], 0.0728740 secs] [Times: user=0.51 sys=0.00, real=0.07 secs] 
356.980: Total time for which application threads were stopped: 0.0735770 seconds, Stopping threads took: 0.0000790 seconds
357.005: Application time: 0.0251210 seconds
357.005: [Full GC [PSYoungGen: 138752K->33364K(161280K)] [ParOldGen: 367289K->367289K(367616K)] 506041K->400653K(528896K) [PSPermGen: 13648K->13648K(21504K)], 0.0746050 secs] [Times: user=0.52 sys=0.01, real=0.07 secs] 
357.080: Total time for which application threads were stopped: 0.0752720 seconds, Stopping threads took: 0.0000870 seconds
357.105: Application time: 0.0251000 seconds
357.106: [Full GC [PSYoungGen: 138752K->33374K(161280K)] [ParOldGen: 367289K->367289K(367616K)] 506041K->400664K(528896K) [PSPermGen: 13648K->13648K(21504K)], 0.0729930 secs] [Times: user=0.52 sys=0.00, real=0.07 secs] 
357.179: Total time for which application threads were stopped: 0.0736650 seconds, Stopping threads took: 0.0001020 seconds
357.204: Application time: 0.0256560 seconds
357.205: [Full GC [PSYoungGen: 138752K->33323K(161280K)] [ParOldGen: 367289K->367289K(367616K)] 506041K->400613K(528896K) [PSPermGen: 13648K->13648K(21504K)], 0.0734770 secs] [Times: user=0.52 sys=0.00, real=0.07 secs] 
357.279: Total time for which application threads were stopped: 0.0741800 seconds, Stopping threads took: 0.0001110 seconds
357.304: Application time: 0.0252640 seconds
357.305: [Full GC [PSYoungGen: 138752K->33337K(161280K)] [ParOldGen: 367289K->367289K(367616K)] 506041K->400627K(528896K) [PSPermGen: 13648K->13648K(21504K)], 0.0730600 secs] [Times: user=0.52 sys=0.00, real=0.07 secs] 
357.378: Total time for which application threads were stopped: 0.0738920 seconds, Stopping threads took: 0.0002030 seconds
357.403: Application time: 0.0253190 seconds
357.404: [Full GC [PSYoungGen: 138752K->33352K(161280K)] [ParOldGen: 367289K->367289K(367616K)] 506041K->400641K(528896K) [PSPermGen: 13648K->13648K(21504K)], 0.0740530 secs] [Times: user=0.51 sys=0.00, real=0.07 secs] 
357.478: Total time for which application threads were stopped: 0.0746920 seconds, Stopping threads took: 0.0000710 seconds
357.504: Application time: 0.0257710 seconds
357.504: [Full GC [PSYoungGen: 138752K->33367K(161280K)] [ParOldGen: 367289K->367289K(367616K)] 506041K->400656K(528896K) [PSPermGen: 13648K->13648K(21504K)], 0.0741700 secs] [Times: user=0.52 sys=0.00, real=0.07 secs] 
357.578: Total time for which application threads were stopped: 0.0748310 seconds, Stopping threads took: 0.0000900 seconds
357.605: Application time: 0.0263300 seconds
357.605: [Full GC [PSYoungGen: 138752K->33383K(161280K)] [ParOldGen: 367289K->367289K(367616K)] 506041K->400672K(528896K) [PSPermGen: 13648K->13648K(21504K)], 0.0731690 secs] [Times: user=0.51 sys=0.00, real=0.07 secs] 
357.679: Total time for which application threads were stopped: 0.0738200 seconds, Stopping threads took: 0.0000800 seconds
357.704: Application time: 0.0253940 seconds
357.705: [Full GC [PSYoungGen: 138752K->33338K(161280K)] [ParOldGen: 367289K->367289K(367616K)] 506041K->400627K(528896K) [PSPermGen: 13648K->13648K(21504K)], 0.0727450 secs] [Times: user=0.51 sys=0.00, real=0.07 secs] 
357.777: Total time for which application threads were stopped: 0.0734290 seconds, Stopping threads took: 0.0000450 seconds
357.802: Application time: 0.0251350 seconds
357.803: [Full GC [PSYoungGen: 138752K->33342K(161280K)] [ParOldGen: 367289K->367289K(367616K)] 506041K->400631K(528896K) [PSPermGen: 13648K->13648K(21504K)], 0.0733910 secs] [Times: user=0.52 sys=0.00, real=0.08 secs] 
357.877: Total time for which application threads were stopped: 0.0740850 seconds, Stopping threads took: 0.0000910 seconds
357.902: Application time: 0.0253630 seconds
357.903: [Full GC [PSYoungGen: 138752K->33357K(161280K)] [ParOldGen: 367289K->367289K(367616K)] 506041K->400646K(528896K) [PSPermGen: 13648K->13648K(21504K)], 0.0738750 secs] [Times: user=0.52 sys=0.00, real=0.08 secs] 
357.977: Total time for which application threads were stopped: 0.0745760 seconds, Stopping threads took: 0.0000560 seconds
358.002: Application time: 0.0250310 seconds
358.002: [Full GC [PSYoungGen: 138752K->33371K(161280K)] [ParOldGen: 367289K->367289K(367616K)] 506041K->400661K(528896K) [PSPermGen: 13648K->13648K(21504K)], 0.0746070 secs] [Times: user=0.52 sys=0.00, real=0.08 secs] 
358.077: Total time for which application threads were stopped: 0.0753160 seconds, Stopping threads took: 0.0000820 seconds
358.102: Application time: 0.0253570 seconds
358.103: [Full GC [PSYoungGen: 138752K->33387K(161280K)] [ParOldGen: 367289K->367289K(367616K)] 506041K->400676K(528896K) [PSPermGen: 13648K->13648K(21504K)], 0.0728980 secs] [Times: user=0.51 sys=0.00, real=0.08 secs] 
358.176: Total time for which application threads were stopped: 0.0736340 seconds, Stopping threads took: 0.0001110 seconds
358.201: Application time: 0.0250110 seconds
358.201: [Full GC [PSYoungGen: 138752K->33402K(161280K)] [ParOldGen: 367289K->367289K(367616K)] 506041K->400691K(528896K) [PSPermGen: 13648K->13648K(21504K)], 0.0732000 secs] [Times: user=0.51 sys=0.00, real=0.08 secs] 
358.275: Total time for which application threads were stopped: 0.0738300 seconds, Stopping threads took: 0.0000710 seconds
358.300: Application time: 0.0253240 seconds
358.301: [Full GC [PSYoungGen: 138752K->33417K(161280K)] [ParOldGen: 367289K->367289K(367616K)] 506041K->400707K(528896K) [PSPermGen: 13648K->13648K(21504K)], 0.0733850 secs] [Times: user=0.51 sys=0.00, real=0.08 secs] 
358.374: Total time for which application threads were stopped: 0.0740200 seconds, Stopping threads took: 0.0000640 seconds
358.399: Application time: 0.0254240 seconds
358.400: [Full GC [PSYoungGen: 138752K->33430K(161280K)] [ParOldGen: 367289K->367289K(367616K)] 506041K->400719K(528896K) [PSPermGen: 13648K->13648K(21504K)], 0.0758090 secs] [Times: user=0.53 sys=0.01, real=0.08 secs] 
358.476: Total time for which application threads were stopped: 0.0764730 seconds, Stopping threads took: 0.0000550 seconds
358.501: Application time: 0.0249310 seconds
358.501: [Full GC [PSYoungGen: 138752K->33447K(161280K)] [ParOldGen: 367289K->367289K(367616K)] 506041K->400737K(528896K) [PSPermGen: 13648K->13648K(21504K)], 0.0733100 secs] [Times: user=0.51 sys=0.00, real=0.08 secs] 
358.575: Total time for which application threads were stopped: 0.0739300 seconds, Stopping threads took: 0.0000600 seconds
358.600: Application time: 0.0251840 seconds
358.601: [Full GC [PSYoungGen: 138752K->33462K(161280K)] [ParOldGen: 367289K->367289K(367616K)] 506041K->400751K(528896K) [PSPermGen: 13648K->13648K(21504K)], 0.0734850 secs] [Times: user=0.51 sys=0.00, real=0.08 secs] 
358.674: Total time for which application threads were stopped: 0.0741080 seconds, Stopping threads took: 0.0000710 seconds
358.699: Application time: 0.0252630 seconds
358.700: [Full GC [PSYoungGen: 138752K->33423K(161280K)] [ParOldGen: 367289K->367289K(367616K)] 506041K->400712K(528896K) [PSPermGen: 13648K->13648K(21504K)], 0.0729450 secs] [Times: user=0.51 sys=0.00, real=0.08 secs] 
358.773: Total time for which application threads were stopped: 0.0736550 seconds, Stopping threads took: 0.0000790 seconds
358.798: Application time: 0.0252390 seconds
358.799: [Full GC [PSYoungGen: 138752K->33422K(161280K)] [ParOldGen: 367289K->367289K(367616K)] 506041K->400711K(528896K) [PSPermGen: 13648K->13648K(21504K)], 0.0733780 secs] [Times: user=0.52 sys=0.00, real=0.08 secs] 
358.872: Total time for which application threads were stopped: 0.0740300 seconds, Stopping threads took: 0.0000950 seconds
358.897: Application time: 0.0251050 seconds
358.898: [Full GC [PSYoungGen: 138752K->33435K(161280K)] [ParOldGen: 367289K->367289K(367616K)] 506041K->400724K(528896K) [PSPermGen: 13648K->13648K(21504K)], 0.0724370 secs] [Times: user=0.51 sys=0.01, real=0.07 secs] 
358.971: Total time for which application threads were stopped: 0.0731570 seconds, Stopping threads took: 0.0000680 seconds
358.996: Application time: 0.0251240 seconds
358.996: [Full GC [PSYoungGen: 138752K->33450K(161280K)] [ParOldGen: 367289K->367289K(367616K)] 506041K->400739K(528896K) [PSPermGen: 13648K->13648K(21504K)], 0.0726750 secs] [Times: user=0.51 sys=0.00, real=0.07 secs] 
359.069: Total time for which application threads were stopped: 0.0733400 seconds, Stopping threads took: 0.0000780 seconds
359.094: Application time: 0.0252790 seconds
359.095: [Full GC [PSYoungGen: 138752K->33465K(161280K)] [ParOldGen: 367289K->367289K(367616K)] 506041K->400754K(528896K) [PSPermGen: 13648K->13648K(21504K)], 0.0751750 secs] [Times: user=0.52 sys=0.00, real=0.07 secs] 
359.170: Total time for which application threads were stopped: 0.0758470 seconds, Stopping threads took: 0.0000940 seconds
359.195: Application time: 0.0248950 seconds
359.196: [Full GC [PSYoungGen: 138752K->33481K(161280K)] [ParOldGen: 367289K->367289K(367616K)] 506041K->400770K(528896K) [PSPermGen: 13648K->13648K(21504K)], 0.0732430 secs] [Times: user=0.52 sys=0.00, real=0.07 secs] 
359.269: Total time for which application threads were stopped: 0.0739480 seconds, Stopping threads took: 0.0000640 seconds
359.294: Application time: 0.0254440 seconds
359.295: [Full GC [PSYoungGen: 138752K->33442K(161280K)] [ParOldGen: 367289K->367289K(367616K)] 506041K->400731K(528896K) [PSPermGen: 13648K->13648K(21504K)], 0.0733560 secs] [Times: user=0.52 sys=0.01, real=0.07 secs] 
359.369: Total time for which application threads were stopped: 0.0740740 seconds, Stopping threads took: 0.0000890 seconds
359.394: Application time: 0.0250160 seconds
359.394: [Full GC [PSYoungGen: 138752K->33441K(161280K)] [ParOldGen: 367289K->367289K(367616K)] 506041K->400730K(528896K) [PSPermGen: 13648K->13648K(21504K)], 0.0727080 secs] [Times: user=0.51 sys=0.01, real=0.07 secs] 
359.467: Total time for which application threads were stopped: 0.0733900 seconds, Stopping threads took: 0.0000550 seconds
359.492: Application time: 0.0252340 seconds
359.493: [Full GC [PSYoungGen: 138752K->33457K(161280K)] [ParOldGen: 367289K->367289K(367616K)] 506041K->400746K(528896K) [PSPermGen: 13648K->13648K(21504K)], 0.0744300 secs] [Times: user=0.53 sys=0.00, real=0.07 secs] 
359.567: Total time for which application threads were stopped: 0.0750640 seconds, Stopping threads took: 0.0000540 seconds
359.592: Application time: 0.0247610 seconds
359.593: [Full GC [PSYoungGen: 138752K->33472K(161280K)] [ParOldGen: 367289K->367289K(367616K)] 506041K->400761K(528896K) [PSPermGen: 13648K->13648K(21504K)], 0.0737160 secs] [Times: user=0.51 sys=0.00, real=0.07 secs] 
359.666: Total time for which application threads were stopped: 0.0744200 seconds, Stopping threads took: 0.0000530 seconds
359.692: Application time: 0.0251420 seconds
359.692: [Full GC [PSYoungGen: 138752K->33488K(161280K)] [ParOldGen: 367289K->367289K(367616K)] 506041K->400777K(528896K) [PSPermGen: 13648K->13648K(21504K)], 0.0753050 secs] [Times: user=0.53 sys=0.00, real=0.07 secs] 
359.768: Total time for which application threads were stopped: 0.0759560 seconds, Stopping threads took: 0.0000670 seconds
359.792: Application time: 0.0247070 seconds
359.793: [Full GC [PSYoungGen: 138752K->33500K(161280K)] [ParOldGen: 367289K->367289K(367616K)] 506041K->400789K(528896K) [PSPermGen: 13648K->13648K(21504K)], 0.0728770 secs] [Times: user=0.51 sys=0.00, real=0.07 secs] 
359.866: Total time for which application threads were stopped: 0.0734890 seconds, Stopping threads took: 0.0000560 seconds
359.891: Application time: 0.0252000 seconds
359.892: [Full GC [PSYoungGen: 138752K->33516K(161280K)] [ParOldGen: 367289K->367289K(367616K)] 506041K->400805K(528896K) [PSPermGen: 13648K->13648K(21504K)], 0.0733940 secs] [Times: user=0.52 sys=0.00, real=0.07 secs] 
359.965: Total time for which application threads were stopped: 0.0740660 seconds, Stopping threads took: 0.0000850 seconds
359.991: Application time: 0.0257080 seconds
359.991: [Full GC [PSYoungGen: 138752K->33472K(161280K)] [ParOldGen: 367289K->367289K(367616K)] 506041K->400761K(528896K) [PSPermGen: 13648K->13648K(21504K)], 0.0738610 secs] [Times: user=0.52 sys=0.00, real=0.07 secs] 
360.065: Total time for which application threads were stopped: 0.0745720 seconds, Stopping threads took: 0.0000640 seconds
360.090: Application time: 0.0250720 seconds
360.091: [Full GC [PSYoungGen: 138752K->33478K(161280K)] [ParOldGen: 367289K->367289K(367616K)] 506041K->400767K(528896K) [PSPermGen: 13648K->13648K(21504K)], 0.0729860 secs] [Times: user=0.51 sys=0.00, real=0.08 secs] 
360.164: Total time for which application threads were stopped: 0.0736460 seconds, Stopping threads took: 0.0000940 seconds
360.189: Application time: 0.0250020 seconds
360.190: [Full GC [PSYoungGen: 138752K->33489K(161280K)] [ParOldGen: 367289K->367289K(367616K)] 506041K->400778K(528896K) [PSPermGen: 13648K->13648K(21504K)], 0.0726700 secs] [Times: user=0.51 sys=0.00, real=0.07 secs] 
360.262: Total time for which application threads were stopped: 0.0733750 seconds, Stopping threads took: 0.0000490 seconds
360.287: Application time: 0.0249510 seconds
360.288: [Full GC [PSYoungGen: 138752K->33504K(161280K)] [ParOldGen: 367289K->367289K(367616K)] 506041K->400794K(528896K) [PSPermGen: 13648K->13648K(21504K)], 0.0735270 secs] [Times: user=0.52 sys=0.00, real=0.07 secs] 
360.362: Total time for which application threads were stopped: 0.0741570 seconds, Stopping threads took: 0.0000570 seconds
360.386: Application time: 0.0248240 seconds
360.387: [Full GC [PSYoungGen: 138752K->33524K(161280K)] [ParOldGen: 367289K->367289K(367616K)] 506041K->400813K(528896K) [PSPermGen: 13648K->13648K(21504K)], 0.0736440 secs] [Times: user=0.52 sys=0.00, real=0.07 secs] 
360.461: Total time for which application threads were stopped: 0.0742730 seconds, Stopping threads took: 0.0000740 seconds
360.486: Application time: 0.0251920 seconds
360.486: [Full GC [PSYoungGen: 138752K->33520K(161280K)] [ParOldGen: 367289K->367289K(367616K)] 506041K->400810K(528896K) [PSPermGen: 13648K->13648K(21504K)], 0.0726630 secs] [Times: user=0.51 sys=0.00, real=0.07 secs] 
360.559: Total time for which application threads were stopped: 0.0733440 seconds, Stopping threads took: 0.0000640 seconds
360.585: Application time: 0.0257090 seconds
360.586: [Full GC [PSYoungGen: 138752K->33374K(161280K)] [ParOldGen: 367289K->367289K(367616K)] 506041K->400664K(528896K) [PSPermGen: 13648K->13648K(21504K)], 0.0758040 secs] [Times: user=0.51 sys=0.00, real=0.07 secs] 
360.661: Total time for which application threads were stopped: 0.0765000 seconds, Stopping threads took: 0.0001070 seconds
360.686: Application time: 0.0249770 seconds
360.687: [Full GC [PSYoungGen: 138752K->33356K(161280K)] [ParOldGen: 367289K->367289K(367616K)] 506041K->400645K(528896K) [PSPermGen: 13648K->13648K(21504K)], 0.0739500 secs] [Times: user=0.52 sys=0.00, real=0.07 secs] 
360.761: Total time for which application threads were stopped: 0.0746190 seconds, Stopping threads took: 0.0001020 seconds
360.786: Application time: 0.0252570 seconds
360.787: [Full GC [PSYoungGen: 138752K->33318K(161280K)] [ParOldGen: 367289K->367289K(367616K)] 506041K->400607K(528896K) [PSPermGen: 13648K->13648K(21504K)], 0.0725590 secs] [Times: user=0.51 sys=0.00, real=0.07 secs] 
360.860: Total time for which application threads were stopped: 0.0732270 seconds, Stopping threads took: 0.0000560 seconds
360.884: Application time: 0.0249350 seconds
360.885: [Full GC [PSYoungGen: 138752K->33313K(161280K)] [ParOldGen: 367289K->367289K(367616K)] 506041K->400602K(528896K) [PSPermGen: 13648K->13648K(21504K)], 0.0731760 secs] [Times: user=0.51 sys=0.00, real=0.07 secs] 
360.958: Total time for which application threads were stopped: 0.0738080 seconds, Stopping threads took: 0.0000690 seconds
360.983: Application time: 0.0249280 seconds
360.984: [Full GC [PSYoungGen: 138752K->33331K(161280K)] [ParOldGen: 367289K->367289K(367616K)] 506041K->400620K(528896K) [PSPermGen: 13648K->13648K(21504K)], 0.0728890 secs] [Times: user=0.51 sys=0.00, real=0.07 secs] 
361.057: Total time for which application threads were stopped: 0.0736210 seconds, Stopping threads took: 0.0000770 seconds
361.082: Application time: 0.0248890 seconds
361.082: [Full GC [PSYoungGen: 138752K->33347K(161280K)] [ParOldGen: 367289K->367289K(367616K)] 506041K->400636K(528896K) [PSPermGen: 13648K->13648K(21504K)], 0.0728490 secs] [Times: user=0.51 sys=0.00, real=0.08 secs] 
361.155: Total time for which application threads were stopped: 0.0734880 seconds, Stopping threads took: 0.0000870 seconds
361.180: Application time: 0.0249580 seconds
361.181: [Full GC [PSYoungGen: 138752K->33362K(161280K)] [ParOldGen: 367289K->367289K(367616K)] 506041K->400651K(528896K) [PSPermGen: 13648K->13648K(21504K)], 0.0730910 secs] [Times: user=0.52 sys=0.00, real=0.08 secs] 
361.254: Total time for which application threads were stopped: 0.0737640 seconds, Stopping threads took: 0.0000960 seconds
361.279: Application time: 0.0251220 seconds
361.280: [Full GC [PSYoungGen: 138752K->33377K(161280K)] [ParOldGen: 367289K->367289K(367616K)] 506041K->400666K(528896K) [PSPermGen: 13648K->13648K(21504K)], 0.0734970 secs] [Times: user=0.52 sys=0.00, real=0.08 secs] 
361.353: Total time for which application threads were stopped: 0.0741360 seconds, Stopping threads took: 0.0000550 seconds
361.378: Application time: 0.0251050 seconds
361.379: [Full GC [PSYoungGen: 138752K->33391K(161280K)] [ParOldGen: 367289K->367289K(367616K)] 506041K->400680K(528896K) [PSPermGen: 13648K->13648K(21504K)], 0.0727800 secs] [Times: user=0.50 sys=0.00, real=0.08 secs] 
361.452: Total time for which application threads were stopped: 0.0735020 seconds, Stopping threads took: 0.0000560 seconds
361.477: Application time: 0.0256430 seconds
361.478: [Full GC [PSYoungGen: 138752K->33343K(161280K)] [ParOldGen: 367289K->367289K(367616K)] 506041K->400632K(528896K) [PSPermGen: 13648K->13648K(21504K)], 0.0735940 secs] [Times: user=0.50 sys=0.00, real=0.08 secs] 
361.552: Total time for which application threads were stopped: 0.0743060 seconds, Stopping threads took: 0.0000950 seconds
361.577: Application time: 0.0251440 seconds
361.577: [Full GC [PSYoungGen: 138752K->33353K(161280K)] [ParOldGen: 367289K->367289K(367616K)] 506041K->400642K(528896K) [PSPermGen: 13648K->13648K(21504K)], 0.0746320 secs] [Times: user=0.52 sys=0.00, real=0.08 secs] 
361.652: Total time for which application threads were stopped: 0.0752770 seconds, Stopping threads took: 0.0000750 seconds
361.677: Application time: 0.0248420 seconds
361.678: [Full GC [PSYoungGen: 138752K->33367K(161280K)] [ParOldGen: 367289K->367289K(367616K)] 506041K->400656K(528896K) [PSPermGen: 13648K->13648K(21504K)], 0.0734910 secs] [Times: user=0.51 sys=0.00, real=0.07 secs] 
361.751: Total time for which application threads were stopped: 0.0741150 seconds, Stopping threads took: 0.0000620 seconds
361.776: Application time: 0.0250240 seconds
361.777: [Full GC [PSYoungGen: 138752K->33379K(161280K)] [ParOldGen: 367289K->367289K(367616K)] 506041K->400668K(528896K) [PSPermGen: 13648K->13648K(21504K)], 0.0727920 secs] [Times: user=0.51 sys=0.00, real=0.07 secs] 
361.850: Total time for which application threads were stopped: 0.0735080 seconds, Stopping threads took: 0.0000510 seconds
361.875: Application time: 0.0249110 seconds
361.875: [Full GC [PSYoungGen: 138752K->33398K(161280K)] [ParOldGen: 367289K->367289K(367616K)] 506041K->400687K(528896K) [PSPermGen: 13648K->13648K(21504K)], 0.0729730 secs] [Times: user=0.51 sys=0.00, real=0.07 secs] 
361.948: Total time for which application threads were stopped: 0.0736920 seconds, Stopping threads took: 0.0000540 seconds
361.973: Application time: 0.0246750 seconds
361.974: [Full GC [PSYoungGen: 138752K->33411K(161280K)] [ParOldGen: 367289K->367289K(367616K)] 506041K->400700K(528896K) [PSPermGen: 13648K->13648K(21504K)], 0.0728590 secs] [Times: user=0.51 sys=0.00, real=0.07 secs] 
362.046: Total time for which application threads were stopped: 0.0734830 seconds, Stopping threads took: 0.0000420 seconds
362.071: Application time: 0.0249090 seconds
362.072: [Full GC [PSYoungGen: 138752K->33426K(161280K)] [ParOldGen: 367289K->367289K(367616K)] 506041K->400716K(528896K) [PSPermGen: 13648K->13648K(21504K)], 0.0750780 secs] [Times: user=0.51 sys=0.00, real=0.07 secs] 
362.147: Total time for which application threads were stopped: 0.0757280 seconds, Stopping threads took: 0.0000740 seconds
362.172: Application time: 0.0248490 seconds
362.173: [Full GC [PSYoungGen: 138752K->33441K(161280K)] [ParOldGen: 367289K->367289K(367616K)] 506041K->400730K(528896K) [PSPermGen: 13648K->13648K(21504K)], 0.0728290 secs] [Times: user=0.51 sys=0.00, real=0.07 secs] 
362.245: Total time for which application threads were stopped: 0.0735390 seconds, Stopping threads took: 0.0000670 seconds
362.270: Application time: 0.0248580 seconds
362.271: [Full GC [PSYoungGen: 138752K->33456K(161280K)] [ParOldGen: 367289K->367289K(367616K)] 506041K->400746K(528896K) [PSPermGen: 13648K->13648K(21504K)], 0.0727590 secs] [Times: user=0.51 sys=0.00, real=0.08 secs] 
362.344: Total time for which application threads were stopped: 0.0734680 seconds, Stopping threads took: 0.0000610 seconds
362.369: Application time: 0.0251160 seconds
362.370: [Full GC [PSYoungGen: 138752K->33398K(161280K)] [ParOldGen: 367289K->367289K(367616K)] 506041K->400687K(528896K) [PSPermGen: 13648K->13648K(21504K)], 0.0736730 secs] [Times: user=0.51 sys=0.00, real=0.07 secs] 
362.443: Total time for which application threads were stopped: 0.0742900 seconds, Stopping threads took: 0.0000590 seconds
362.468: Application time: 0.0248190 seconds
362.469: [Full GC [PSYoungGen: 138752K->33417K(161280K)] [ParOldGen: 367289K->367289K(367616K)] 506041K->400706K(528896K) [PSPermGen: 13648K->13648K(21504K)], 0.0730580 secs] [Times: user=0.51 sys=0.00, real=0.07 secs] 
362.542: Total time for which application threads were stopped: 0.0736720 seconds, Stopping threads took: 0.0000580 seconds
362.567: Application time: 0.0252080 seconds
362.568: [Full GC [PSYoungGen: 138752K->33434K(161280K)] [ParOldGen: 367289K->367289K(367616K)] 506041K->400723K(528896K) [PSPermGen: 13648K->13648K(21504K)], 0.0739410 secs] [Times: user=0.52 sys=0.00, real=0.07 secs] 
362.642: Total time for which application threads were stopped: 0.0746210 seconds, Stopping threads took: 0.0000490 seconds
362.667: Application time: 0.0253630 seconds
362.668: [Full GC [PSYoungGen: 138752K->33447K(161280K)] [ParOldGen: 367289K->367289K(367616K)] 506041K->400736K(528896K) [PSPermGen: 13648K->13648K(21504K)], 0.0745880 secs] [Times: user=0.52 sys=0.00, real=0.07 secs] 
362.742: Total time for which application threads were stopped: 0.0752500 seconds, Stopping threads took: 0.0000750 seconds
362.767: Application time: 0.0249810 seconds
362.768: [Full GC [PSYoungGen: 138752K->33462K(161280K)] [ParOldGen: 367289K->367289K(367616K)] 506041K->400751K(528896K) [PSPermGen: 13648K->13648K(21504K)], 0.0741150 secs] [Times: user=0.52 sys=0.00, real=0.07 secs] 
362.842: Total time for which application threads were stopped: 0.0747480 seconds, Stopping threads took: 0.0000570 seconds
362.867: Application time: 0.0251080 seconds
362.868: [Full GC [PSYoungGen: 138752K->33476K(161280K)] [ParOldGen: 367289K->367289K(367616K)] 506041K->400766K(528896K) [PSPermGen: 13648K->13648K(21504K)], 0.0734710 secs] [Times: user=0.52 sys=0.00, real=0.07 secs] 
362.941: Total time for which application threads were stopped: 0.0741360 seconds, Stopping threads took: 0.0000680 seconds
362.966: Application time: 0.0249250 seconds
362.967: [Full GC [PSYoungGen: 138752K->33491K(161280K)] [ParOldGen: 367289K->367289K(367616K)] 506041K->400780K(528896K) [PSPermGen: 13648K->13648K(21504K)], 0.0730320 secs] [Times: user=0.52 sys=0.00, real=0.07 secs] 
363.040: Total time for which application threads were stopped: 0.0737250 seconds, Stopping threads took: 0.0000520 seconds
363.065: Application time: 0.0250100 seconds
363.065: [Full GC [PSYoungGen: 138752K->33444K(161280K)] [ParOldGen: 367289K->367289K(367616K)] 506041K->400733K(528896K) [PSPermGen: 13648K->13648K(21504K)], 0.0724220 secs] [Times: user=0.51 sys=0.00, real=0.07 secs] 
363.138: Total time for which application threads were stopped: 0.0731230 seconds, Stopping threads took: 0.0000700 seconds
363.163: Application time: 0.0250780 seconds
363.164: [Full GC [PSYoungGen: 138752K->33451K(161280K)] [ParOldGen: 367289K->367289K(367616K)] 506041K->400740K(528896K) [PSPermGen: 13648K->13648K(21504K)], 0.0732380 secs] [Times: user=0.51 sys=0.00, real=0.07 secs] 
363.237: Total time for which application threads were stopped: 0.0738950 seconds, Stopping threads took: 0.0000660 seconds
363.262: Application time: 0.0250420 seconds
363.263: [Full GC [PSYoungGen: 138752K->33467K(161280K)] [ParOldGen: 367289K->367289K(367616K)] 506041K->400756K(528896K) [PSPermGen: 13648K->13648K(21504K)], 0.0732010 secs] [Times: user=0.51 sys=0.00, real=0.08 secs] 
363.336: Total time for which application threads were stopped: 0.0738480 seconds, Stopping threads took: 0.0000780 seconds
363.361: Application time: 0.0253960 seconds
363.362: [Full GC [PSYoungGen: 138752K->33480K(161280K)] [ParOldGen: 367289K->367289K(367616K)] 506041K->400770K(528896K) [PSPermGen: 13648K->13648K(21504K)], 0.0739220 secs] [Times: user=0.52 sys=0.00, real=0.08 secs] 
363.436: Total time for which application threads were stopped: 0.0745590 seconds, Stopping threads took: 0.0000590 seconds
363.461: Application time: 0.0248070 seconds
363.461: [Full GC [PSYoungGen: 138752K->33498K(161280K)] [ParOldGen: 367289K->367289K(367616K)] 506041K->400787K(528896K) [PSPermGen: 13648K->13648K(21504K)], 0.0744960 secs] [Times: user=0.52 sys=0.00, real=0.08 secs] 
363.536: Total time for which application threads were stopped: 0.0751390 seconds, Stopping threads took: 0.0000750 seconds
363.561: Application time: 0.0250170 seconds
363.561: [Full GC [PSYoungGen: 138752K->33516K(161280K)] [ParOldGen: 367289K->367289K(367616K)] 506041K->400805K(528896K) [PSPermGen: 13648K->13648K(21504K)], 0.0740970 secs] [Times: user=0.52 sys=0.00, real=0.08 secs] 
363.636: Total time for which application threads were stopped: 0.0747410 seconds, Stopping threads took: 0.0000620 seconds
363.663: Application time: 0.0271250 seconds
363.663: [Full GC [PSYoungGen: 138752K->33526K(161280K)] [ParOldGen: 367289K->367289K(367616K)] 506041K->400815K(528896K) [PSPermGen: 13648K->13648K(21504K)], 0.0739560 secs] [Times: user=0.52 sys=0.00, real=0.08 secs] 
363.737: Total time for which application threads were stopped: 0.0746010 seconds, Stopping threads took: 0.0000710 seconds
363.765: Application time: 0.0277400 seconds
363.766: [Full GC [PSYoungGen: 138752K->33599K(161280K)] [ParOldGen: 367289K->367289K(367616K)] 506041K->400888K(528896K) [PSPermGen: 13648K->13648K(21504K)], 0.0733140 secs] [Times: user=0.51 sys=0.00, real=0.07 secs] 
363.839: Total time for which application threads were stopped: 0.0739990 seconds, Stopping threads took: 0.0000540 seconds
363.864: Application time: 0.0249740 seconds
363.865: [Full GC [PSYoungGen: 138752K->33488K(161280K)] [ParOldGen: 367289K->367289K(367616K)] 506041K->400777K(528896K) [PSPermGen: 13648K->13648K(21504K)], 0.0735590 secs] [Times: user=0.52 sys=0.00, real=0.07 secs] 
363.938: Total time for which application threads were stopped: 0.0741910 seconds, Stopping threads took: 0.0000730 seconds
363.963: Application time: 0.0251920 seconds
363.964: [Full GC [PSYoungGen: 138752K->33505K(161280K)] [ParOldGen: 367289K->367289K(367616K)] 506041K->400794K(528896K) [PSPermGen: 13648K->13648K(21504K)], 0.0732920 secs] [Times: user=0.52 sys=0.00, real=0.07 secs] 
364.037: Total time for which application threads were stopped: 0.0740030 seconds, Stopping threads took: 0.0000740 seconds
364.062: Application time: 0.0247850 seconds
364.063: [Full GC [PSYoungGen: 138752K->33518K(161280K)] [ParOldGen: 367289K->367289K(367616K)] 506041K->400807K(528896K) [PSPermGen: 13648K->13648K(21504K)], 0.0734010 secs] [Times: user=0.51 sys=0.00, real=0.08 secs] 
364.136: Total time for which application threads were stopped: 0.0740170 seconds, Stopping threads took: 0.0000680 seconds
364.161: Application time: 0.0252040 seconds
364.162: [Full GC [PSYoungGen: 138752K->33352K(161280K)] [ParOldGen: 367289K->367289K(367616K)] 506041K->400641K(528896K) [PSPermGen: 13648K->13648K(21504K)], 0.0730440 secs] [Times: user=0.51 sys=0.00, real=0.08 secs] 
364.235: Total time for which application threads were stopped: 0.0737360 seconds, Stopping threads took: 0.0000600 seconds
364.260: Application time: 0.0246390 seconds
364.260: [Full GC [PSYoungGen: 138752K->33334K(161280K)] [ParOldGen: 367289K->367289K(367616K)] 506041K->400624K(528896K) [PSPermGen: 13648K->13648K(21504K)], 0.0733110 secs] [Times: user=0.51 sys=0.00, real=0.08 secs] 
364.334: Total time for which application threads were stopped: 0.0739390 seconds, Stopping threads took: 0.0000720 seconds
364.358: Application time: 0.0247120 seconds
364.359: [Full GC [PSYoungGen: 138752K->33351K(161280K)] [ParOldGen: 367289K->367289K(367616K)] 506041K->400640K(528896K) [PSPermGen: 13648K->13648K(21504K)], 0.0729770 secs] [Times: user=0.51 sys=0.00, real=0.08 secs] 
364.432: Total time for which application threads were stopped: 0.0736250 seconds, Stopping threads took: 0.0000690 seconds
364.457: Application time: 0.0249270 seconds
364.458: [Full GC [PSYoungGen: 138752K->33367K(161280K)] [ParOldGen: 367289K->367289K(367616K)] 506041K->400657K(528896K) [PSPermGen: 13648K->13648K(21504K)], 0.0743920 secs] [Times: user=0.52 sys=0.00, real=0.08 secs] 
364.532: Total time for which application threads were stopped: 0.0750340 seconds, Stopping threads took: 0.0000630 seconds
364.557: Application time: 0.0250640 seconds
364.558: [Full GC [PSYoungGen: 138752K->33328K(161280K)] [ParOldGen: 367289K->367289K(367616K)] 506041K->400617K(528896K) [PSPermGen: 13648K->13648K(21504K)], 0.0738920 secs] [Times: user=0.52 sys=0.00, real=0.08 secs] 
364.632: Total time for which application threads were stopped: 0.0745120 seconds, Stopping threads took: 0.0000600 seconds
364.657: Application time: 0.0256140 seconds
364.658: [Full GC [PSYoungGen: 138752K->33328K(161280K)] [ParOldGen: 367289K->367289K(367616K)] 506041K->400617K(528896K) [PSPermGen: 13648K->13648K(21504K)], 0.0726780 secs] [Times: user=0.51 sys=0.01, real=0.07 secs] 
364.731: Total time for which application threads were stopped: 0.0734110 seconds, Stopping threads took: 0.0000970 seconds
364.756: Application time: 0.0250170 seconds
364.756: [Full GC [PSYoungGen: 138752K->33343K(161280K)] [ParOldGen: 367289K->367289K(367616K)] 506041K->400633K(528896K) [PSPermGen: 13648K->13648K(21504K)], 0.0732560 secs] [Times: user=0.52 sys=0.00, real=0.07 secs] 
364.830: Total time for which application threads were stopped: 0.0738950 seconds, Stopping threads took: 0.0000590 seconds
364.854: Application time: 0.0249490 seconds
364.855: [Full GC [PSYoungGen: 138752K->33357K(161280K)] [ParOldGen: 367289K->367289K(367616K)] 506041K->400647K(528896K) [PSPermGen: 13648K->13648K(21504K)], 0.0731420 secs] [Times: user=0.52 sys=0.00, real=0.07 secs] 
364.928: Total time for which application threads were stopped: 0.0737800 seconds, Stopping threads took: 0.0000620 seconds
364.953: Application time: 0.0247170 seconds
364.954: [Full GC [PSYoungGen: 138752K->33372K(161280K)] [ParOldGen: 367289K->367289K(367616K)] 506041K->400661K(528896K) [PSPermGen: 13648K->13648K(21504K)], 0.0727700 secs] [Times: user=0.52 sys=0.00, real=0.07 secs] 
365.026: Total time for which application threads were stopped: 0.0734830 seconds, Stopping threads took: 0.0000470 seconds
365.052: Application time: 0.0253510 seconds
365.052: [Full GC [PSYoungGen: 138752K->33387K(161280K)] [ParOldGen: 367289K->367289K(367616K)] 506041K->400677K(528896K) [PSPermGen: 13648K->13648K(21504K)], 0.0733840 secs] [Times: user=0.51 sys=0.00, real=0.07 secs] 
365.126: Total time for which application threads were stopped: 0.0740210 seconds, Stopping threads took: 0.0000640 seconds
365.151: Application time: 0.0251380 seconds
365.152: [Full GC [PSYoungGen: 138752K->33402K(161280K)] [ParOldGen: 367289K->367289K(367616K)] 506041K->400691K(528896K) [PSPermGen: 13648K->13648K(21504K)], 0.0743470 secs] [Times: user=0.51 sys=0.00, real=0.07 secs] 
365.226: Total time for which application threads were stopped: 0.0750810 seconds, Stopping threads took: 0.0000830 seconds
365.251: Application time: 0.0253170 seconds
365.252: [Full GC [PSYoungGen: 138752K->33359K(161280K)] [ParOldGen: 367289K->367289K(367616K)] 506041K->400648K(528896K) [PSPermGen: 13648K->13648K(21504K)], 0.0735370 secs] [Times: user=0.52 sys=0.00, real=0.07 secs] 
365.326: Total time for which application threads were stopped: 0.0741780 seconds, Stopping threads took: 0.0000620 seconds
365.351: Application time: 0.0249230 seconds
365.351: [Full GC [PSYoungGen: 138752K->33360K(161280K)] [ParOldGen: 367289K->367289K(367616K)] 506041K->400649K(528896K) [PSPermGen: 13648K->13648K(21504K)], 0.0732930 secs] [Times: user=0.51 sys=0.00, real=0.08 secs] 
365.424: Total time for which application threads were stopped: 0.0739590 seconds, Stopping threads took: 0.0000690 seconds
365.449: Application time: 0.0247820 seconds
365.450: [Full GC [PSYoungGen: 138752K->33375K(161280K)] [ParOldGen: 367289K->367289K(367616K)] 506041K->400664K(528896K) [PSPermGen: 13648K->13648K(21504K)], 0.0739740 secs] [Times: user=0.52 sys=0.00, real=0.08 secs] 
365.524: Total time for which application threads were stopped: 0.0746120 seconds, Stopping threads took: 0.0000630 seconds
365.548: Application time: 0.0246150 seconds
365.549: [Full GC [PSYoungGen: 138752K->33393K(161280K)] [ParOldGen: 367289K->367289K(367616K)] 506041K->400682K(528896K) [PSPermGen: 13648K->13648K(21504K)], 0.0729320 secs] [Times: user=0.52 sys=0.01, real=0.07 secs] 
365.622: Total time for which application threads were stopped: 0.0736100 seconds, Stopping threads took: 0.0000800 seconds
365.648: Application time: 0.0257390 seconds
365.648: [Full GC [PSYoungGen: 138752K->33403K(161280K)] [ParOldGen: 367289K->367289K(367616K)] 506041K->400693K(528896K) [PSPermGen: 13648K->13648K(21504K)], 0.0729260 secs] [Times: user=0.51 sys=0.00, real=0.07 secs] 
365.721: Total time for which application threads were stopped: 0.0736030 seconds, Stopping threads took: 0.0000600 seconds
365.747: Application time: 0.0251900 seconds
365.747: [Full GC [PSYoungGen: 138752K->33422K(161280K)] [ParOldGen: 367289K->367289K(367616K)] 506041K->400711K(528896K) [PSPermGen: 13648K->13648K(21504K)], 0.0736810 secs] [Times: user=0.51 sys=0.00, real=0.07 secs] 
365.821: Total time for which application threads were stopped: 0.0743250 seconds, Stopping threads took: 0.0000760 seconds
365.846: Application time: 0.0251780 seconds
365.847: [Full GC [PSYoungGen: 138752K->33435K(161280K)] [ParOldGen: 367289K->367289K(367616K)] 506041K->400724K(528896K) [PSPermGen: 13648K->13648K(21504K)], 0.0729240 secs] [Times: user=0.51 sys=0.00, real=0.07 secs] 
365.920: Total time for which application threads were stopped: 0.0736270 seconds, Stopping threads took: 0.0000550 seconds
365.945: Application time: 0.0253150 seconds
365.946: [Full GC [PSYoungGen: 138752K->33451K(161280K)] [ParOldGen: 367289K->367289K(367616K)] 506041K->400741K(528896K) [PSPermGen: 13648K->13648K(21504K)], 0.0730850 secs] [Times: user=0.51 sys=0.00, real=0.07 secs] 
366.019: Total time for which application threads were stopped: 0.0737100 seconds, Stopping threads took: 0.0000650 seconds
366.044: Application time: 0.0252040 seconds
366.045: [Full GC [PSYoungGen: 138752K->33466K(161280K)] [ParOldGen: 367289K->367289K(367616K)] 506041K->400756K(528896K) [PSPermGen: 13648K->13648K(21504K)], 0.0735470 secs] [Times: user=0.52 sys=0.00, real=0.07 secs] 
366.118: Total time for which application threads were stopped: 0.0741980 seconds, Stopping threads took: 0.0000650 seconds
366.144: Application time: 0.0252840 seconds
366.144: [Full GC [PSYoungGen: 138752K->33430K(161280K)] [ParOldGen: 367289K->367289K(367616K)] 506041K->400719K(528896K) [PSPermGen: 13648K->13648K(21504K)], 0.0728590 secs] [Times: user=0.51 sys=0.00, real=0.07 secs] 
366.217: Total time for which application threads were stopped: 0.0734910 seconds, Stopping threads took: 0.0000540 seconds
366.242: Application time: 0.0248340 seconds
366.242: [Full GC [PSYoungGen: 138752K->33427K(161280K)] [ParOldGen: 367289K->367289K(367616K)] 506041K->400716K(528896K) [PSPermGen: 13648K->13648K(21504K)], 0.0735610 secs] [Times: user=0.52 sys=0.00, real=0.08 secs] 
366.316: Total time for which application threads were stopped: 0.0741950 seconds, Stopping threads took: 0.0000680 seconds
366.341: Application time: 0.0249660 seconds
366.342: [Full GC [PSYoungGen: 138752K->33441K(161280K)] [ParOldGen: 367289K->367289K(367616K)] 506041K->400730K(528896K) [PSPermGen: 13648K->13648K(21504K)], 0.0727220 secs] [Times: user=0.51 sys=0.00, real=0.08 secs] 
366.414: Total time for which application threads were stopped: 0.0734380 seconds, Stopping threads took: 0.0000610 seconds
366.439: Application time: 0.0249560 seconds
366.440: [Full GC [PSYoungGen: 138752K->33454K(161280K)] [ParOldGen: 367289K->367289K(367616K)] 506041K->400744K(528896K) [PSPermGen: 13648K->13648K(21504K)], 0.0728860 secs] [Times: user=0.52 sys=0.00, real=0.08 secs] 
366.513: Total time for which application threads were stopped: 0.0735850 seconds, Stopping threads took: 0.0000470 seconds
366.538: Application time: 0.0246400 seconds
366.538: [Full GC [PSYoungGen: 138752K->33471K(161280K)] [ParOldGen: 367289K->367289K(367616K)] 506041K->400760K(528896K) [PSPermGen: 13648K->13648K(21504K)], 0.0730040 secs] [Times: user=0.52 sys=0.00, real=0.07 secs] 
366.611: Total time for which application threads were stopped: 0.0736200 seconds, Stopping threads took: 0.0000510 seconds
366.636: Application time: 0.0251010 seconds
366.637: [Full GC [PSYoungGen: 138752K->33486K(161280K)] [ParOldGen: 367289K->367289K(367616K)] 506041K->400775K(528896K) [PSPermGen: 13648K->13648K(21504K)], 0.0781730 secs] [Times: user=0.54 sys=0.00, real=0.08 secs] 
366.715: Total time for which application threads were stopped: 0.0787930 seconds, Stopping threads took: 0.0000490 seconds
366.740: Application time: 0.0249430 seconds
366.741: [Full GC [PSYoungGen: 138752K->33444K(161280K)] [ParOldGen: 367289K->367289K(367616K)] 506041K->400734K(528896K) [PSPermGen: 13648K->13648K(21504K)], 0.0730010 secs] [Times: user=0.51 sys=0.00, real=0.08 secs] 
366.814: Total time for which application threads were stopped: 0.0737260 seconds, Stopping threads took: 0.0000770 seconds
366.839: Application time: 0.0247330 seconds
366.839: [Full GC [PSYoungGen: 138752K->33448K(161280K)] [ParOldGen: 367289K->367289K(367616K)] 506041K->400737K(528896K) [PSPermGen: 13648K->13648K(21504K)], 0.0736480 secs] [Times: user=0.52 sys=0.00, real=0.08 secs] 
366.913: Total time for which application threads were stopped: 0.0742620 seconds, Stopping threads took: 0.0000560 seconds
366.938: Application time: 0.0248160 seconds
366.938: [Full GC [PSYoungGen: 138752K->33461K(161280K)] [ParOldGen: 367289K->367289K(367616K)] 506041K->400750K(528896K) [PSPermGen: 13648K->13648K(21504K)], 0.0728150 secs] [Times: user=0.51 sys=0.00, real=0.07 secs] 
367.011: Total time for which application threads were stopped: 0.0734700 seconds, Stopping threads took: 0.0000710 seconds
367.036: Application time: 0.0250770 seconds
367.037: [Full GC [PSYoungGen: 138752K->33475K(161280K)] [ParOldGen: 367289K->367289K(367616K)] 506041K->400764K(528896K) [PSPermGen: 13648K->13648K(21504K)], 0.0735660 secs] [Times: user=0.52 sys=0.00, real=0.07 secs] 
367.110: Total time for which application threads were stopped: 0.0742430 seconds, Stopping threads took: 0.0000890 seconds
367.136: Application time: 0.0251950 seconds
367.136: [Full GC [PSYoungGen: 138752K->33492K(161280K)] [ParOldGen: 367289K->367289K(367616K)] 506041K->400781K(528896K) [PSPermGen: 13648K->13648K(21504K)], 0.0746300 secs] [Times: user=0.53 sys=0.00, real=0.07 secs] 
367.211: Total time for which application threads were stopped: 0.0752870 seconds, Stopping threads took: 0.0000700 seconds
367.236: Application time: 0.0252170 seconds
367.237: [Full GC [PSYoungGen: 138752K->33505K(161280K)] [ParOldGen: 367289K->367289K(367616K)] 506041K->400795K(528896K) [PSPermGen: 13648K->13648K(21504K)], 0.0738710 secs] [Times: user=0.52 sys=0.00, real=0.07 secs] 
367.311: Total time for which application threads were stopped: 0.0745230 seconds, Stopping threads took: 0.0000760 seconds
367.336: Application time: 0.0250670 seconds
367.336: [Full GC [PSYoungGen: 138752K->33523K(161280K)] [ParOldGen: 367289K->367289K(367616K)] 506041K->400812K(528896K) [PSPermGen: 13648K->13648K(21504K)], 0.0740150 secs] [Times: user=0.52 sys=0.00, real=0.07 secs] 
367.410: Total time for which application threads were stopped: 0.0746690 seconds, Stopping threads took: 0.0000590 seconds
367.436: Application time: 0.0250940 seconds
367.436: [Full GC [PSYoungGen: 138752K->33538K(161280K)] [ParOldGen: 367289K->367289K(367616K)] 506041K->400827K(528896K) [PSPermGen: 13648K->13648K(21504K)], 0.0736650 secs] [Times: user=0.51 sys=0.00, real=0.07 secs] 
367.510: Total time for which application threads were stopped: 0.0742780 seconds, Stopping threads took: 0.0000500 seconds
367.537: Application time: 0.0268380 seconds
367.537: [Full GC [PSYoungGen: 138752K->33553K(161280K)] [ParOldGen: 367289K->367289K(367616K)] 506041K->400842K(528896K) [PSPermGen: 13648K->13648K(21504K)], 0.0732560 secs] [Times: user=0.51 sys=0.01, real=0.07 secs] 
367.611: Total time for which application threads were stopped: 0.0738770 seconds, Stopping threads took: 0.0000710 seconds
367.636: Application time: 0.0254640 seconds
367.637: [Full GC [PSYoungGen: 138752K->33494K(161280K)] [ParOldGen: 367289K->367289K(367616K)] 506041K->400783K(528896K) [PSPermGen: 13648K->13648K(21504K)], 0.0736600 secs] [Times: user=0.51 sys=0.00, real=0.07 secs] 
367.710: Total time for which application threads were stopped: 0.0742800 seconds, Stopping threads took: 0.0000710 seconds
367.735: Application time: 0.0251950 seconds
367.736: [Full GC [PSYoungGen: 138752K->33515K(161280K)] [ParOldGen: 367289K->367289K(367616K)] 506041K->400804K(528896K) [PSPermGen: 13648K->13648K(21504K)], 0.0732020 secs] [Times: user=0.51 sys=0.00, real=0.07 secs] 
367.809: Total time for which application threads were stopped: 0.0738200 seconds, Stopping threads took: 0.0000600 seconds
367.835: Application time: 0.0256970 seconds
367.836: [Full GC [PSYoungGen: 138752K->33417K(161280K)] [ParOldGen: 367289K->367289K(367616K)] 506041K->400706K(528896K) [PSPermGen: 13648K->13648K(21504K)], 0.0751950 secs] [Times: user=0.53 sys=0.00, real=0.07 secs] 
367.911: Total time for which application threads were stopped: 0.0759360 seconds, Stopping threads took: 0.0001010 seconds
367.936: Application time: 0.0251860 seconds
367.937: [Full GC [PSYoungGen: 138752K->33327K(161280K)] [ParOldGen: 367289K->367289K(367616K)] 506041K->400617K(528896K) [PSPermGen: 13648K->13648K(21504K)], 0.0726990 secs] [Times: user=0.51 sys=0.00, real=0.07 secs] 
368.010: Total time for which application threads were stopped: 0.0734230 seconds, Stopping threads took: 0.0000800 seconds
368.035: Application time: 0.0254120 seconds
368.036: [Full GC [PSYoungGen: 138752K->33346K(161280K)] [ParOldGen: 367289K->367289K(367616K)] 506041K->400635K(528896K) [PSPermGen: 13648K->13648K(21504K)], 0.0726490 secs] [Times: user=0.51 sys=0.00, real=0.07 secs] 
368.108: Total time for which application threads were stopped: 0.0733920 seconds, Stopping threads took: 0.0000860 seconds
368.133: Application time: 0.0249420 seconds
368.134: [Full GC [PSYoungGen: 138752K->33363K(161280K)] [ParOldGen: 367289K->367289K(367616K)] 506041K->400652K(528896K) [PSPermGen: 13648K->13648K(21504K)], 0.0741650 secs] [Times: user=0.51 sys=0.00, real=0.07 secs] 
368.208: Total time for which application threads were stopped: 0.0748690 seconds, Stopping threads took: 0.0000740 seconds
368.233: Application time: 0.0252000 seconds
368.234: [Full GC [PSYoungGen: 138752K->33310K(161280K)] [ParOldGen: 367289K->367289K(367616K)] 506041K->400600K(528896K) [PSPermGen: 13648K->13648K(21504K)], 0.0731080 secs] [Times: user=0.51 sys=0.00, real=0.07 secs] 
368.307: Total time for which application threads were stopped: 0.0738330 seconds, Stopping threads took: 0.0001060 seconds
368.333: Application time: 0.0253470 seconds
368.333: [Full GC [PSYoungGen: 138752K->33320K(161280K)] [ParOldGen: 367289K->367289K(367616K)] 506041K->400609K(528896K) [PSPermGen: 13648K->13648K(21504K)], 0.0728160 secs] [Times: user=0.52 sys=0.00, real=0.07 secs] 
368.406: Total time for which application threads were stopped: 0.0735560 seconds, Stopping threads took: 0.0000760 seconds
368.431: Application time: 0.0251170 seconds
368.432: [Full GC [PSYoungGen: 138752K->33338K(161280K)] [ParOldGen: 367289K->367289K(367616K)] 506041K->400627K(528896K) [PSPermGen: 13648K->13648K(21504K)], 0.0733670 secs] [Times: user=0.51 sys=0.00, real=0.07 secs] 
368.505: Total time for which application threads were stopped: 0.0740910 seconds, Stopping threads took: 0.0000750 seconds
368.530: Application time: 0.0251510 seconds
368.531: [Full GC [PSYoungGen: 138752K->33352K(161280K)] [ParOldGen: 367289K->367289K(367616K)] 506041K->400641K(528896K) [PSPermGen: 13648K->13648K(21504K)], 0.0732370 secs] [Times: user=0.51 sys=0.00, real=0.08 secs] 
368.605: Total time for which application threads were stopped: 0.0739960 seconds, Stopping threads took: 0.0000950 seconds
368.630: Application time: 0.0255360 seconds
368.631: [Full GC [PSYoungGen: 138752K->33367K(161280K)] [ParOldGen: 367289K->367289K(367616K)] 506041K->400657K(528896K) [PSPermGen: 13648K->13648K(21504K)], 0.0747950 secs] [Times: user=0.52 sys=0.00, real=0.08 secs] 
368.706: Total time for which application threads were stopped: 0.0755000 seconds, Stopping threads took: 0.0001220 seconds
368.730: Application time: 0.0249120 seconds
368.731: [Full GC [PSYoungGen: 138752K->33383K(161280K)] [ParOldGen: 367289K->367289K(367616K)] 506041K->400673K(528896K) [PSPermGen: 13648K->13648K(21504K)], 0.0731460 secs] [Times: user=0.51 sys=0.00, real=0.08 secs] 
368.804: Total time for which application threads were stopped: 0.0737980 seconds, Stopping threads took: 0.0000830 seconds
368.829: Application time: 0.0251920 seconds
368.830: [Full GC [PSYoungGen: 138752K->33342K(161280K)] [ParOldGen: 367289K->367289K(367616K)] 506041K->400631K(528896K) [PSPermGen: 13648K->13648K(21504K)], 0.0735190 secs] [Times: user=0.51 sys=0.01, real=0.08 secs] 
368.904: Total time for which application threads were stopped: 0.0743390 seconds, Stopping threads took: 0.0000630 seconds
368.929: Application time: 0.0248330 seconds
368.929: [Full GC [PSYoungGen: 138752K->33342K(161280K)] [ParOldGen: 367289K->367289K(367616K)] 506041K->400631K(528896K) [PSPermGen: 13648K->13648K(21504K)], 0.0729620 secs] [Times: user=0.51 sys=0.00, real=0.07 secs] 
369.002: Total time for which application threads were stopped: 0.0736250 seconds, Stopping threads took: 0.0001080 seconds
369.027: Application time: 0.0249290 seconds
369.028: [Full GC [PSYoungGen: 138752K->33356K(161280K)] [ParOldGen: 367289K->367289K(367616K)] 506041K->400646K(528896K) [PSPermGen: 13648K->13648K(21504K)], 0.0734450 secs] [Times: user=0.52 sys=0.00, real=0.07 secs] 
369.101: Total time for which application threads were stopped: 0.0741130 seconds, Stopping threads took: 0.0000920 seconds
369.127: Application time: 0.0254030 seconds
369.127: [Full GC [PSYoungGen: 138752K->33371K(161280K)] [ParOldGen: 367289K->367289K(367616K)] 506041K->400660K(528896K) [PSPermGen: 13648K->13648K(21504K)], 0.0729830 secs] [Times: user=0.51 sys=0.00, real=0.07 secs] 
369.200: Total time for which application threads were stopped: 0.0737000 seconds, Stopping threads took: 0.0000620 seconds
369.226: Application time: 0.0251610 seconds
369.226: [Full GC [PSYoungGen: 138752K->33386K(161280K)] [ParOldGen: 367289K->367289K(367616K)] 506041K->400675K(528896K) [PSPermGen: 13648K->13648K(21504K)], 0.0729610 secs] [Times: user=0.52 sys=0.00, real=0.07 secs] 
369.299: Total time for which application threads were stopped: 0.0736760 seconds, Stopping threads took: 0.0000590 seconds
369.324: Application time: 0.0248790 seconds
369.325: [Full GC [PSYoungGen: 138752K->33403K(161280K)] [ParOldGen: 367289K->367289K(367616K)] 506041K->400692K(528896K) [PSPermGen: 13648K->13648K(21504K)], 0.0731680 secs] [Times: user=0.52 sys=0.00, real=0.07 secs] 
369.398: Total time for which application threads were stopped: 0.0739510 seconds, Stopping threads took: 0.0001300 seconds
369.423: Application time: 0.0247050 seconds
369.423: [Full GC [PSYoungGen: 138752K->33416K(161280K)] [ParOldGen: 367289K->367289K(367616K)] 506041K->400705K(528896K) [PSPermGen: 13648K->13648K(21504K)], 0.0731820 secs] [Times: user=0.51 sys=0.00, real=0.07 secs] 
369.497: Total time for which application threads were stopped: 0.0738780 seconds, Stopping threads took: 0.0001230 seconds
369.521: Application time: 0.0247020 seconds
369.522: [Full GC [PSYoungGen: 138752K->33430K(161280K)] [ParOldGen: 367289K->367289K(367616K)] 506041K->400720K(528896K) [PSPermGen: 13648K->13648K(21504K)], 0.0728470 secs] [Times: user=0.51 sys=0.00, real=0.08 secs] 
369.595: Total time for which application threads were stopped: 0.0735020 seconds, Stopping threads took: 0.0000920 seconds
369.620: Application time: 0.0246520 seconds
369.620: [Full GC [PSYoungGen: 138752K->33447K(161280K)] [ParOldGen: 367289K->367289K(367616K)] 506041K->400736K(528896K) [PSPermGen: 13648K->13648K(21504K)], 0.0738370 secs] [Times: user=0.51 sys=0.00, real=0.08 secs] 
369.694: Total time for which application threads were stopped: 0.0744470 seconds, Stopping threads took: 0.0000480 seconds
369.720: Application time: 0.0258730 seconds
369.720: [Full GC [PSYoungGen: 138752K->33463K(161280K)] [ParOldGen: 367289K->367289K(367616K)] 506041K->400752K(528896K) [PSPermGen: 13648K->13648K(21504K)], 0.0736120 secs] [Times: user=0.51 sys=0.00, real=0.08 secs] 
369.794: Total time for which application threads were stopped: 0.0742700 seconds, Stopping threads took: 0.0000760 seconds
369.819: Application time: 0.0250340 seconds
369.820: [Full GC [PSYoungGen: 138752K->33422K(161280K)] [ParOldGen: 367289K->367289K(367616K)] 506041K->400711K(528896K) [PSPermGen: 13648K->13648K(21504K)], 0.0735600 secs] [Times: user=0.52 sys=0.00, real=0.08 secs] 
369.893: Total time for which application threads were stopped: 0.0741700 seconds, Stopping threads took: 0.0000500 seconds
369.919: Application time: 0.0252750 seconds
369.919: [Full GC [PSYoungGen: 138752K->33423K(161280K)] [ParOldGen: 367289K->367289K(367616K)] 506041K->400712K(528896K) [PSPermGen: 13648K->13648K(21504K)], 0.0747050 secs] [Times: user=0.53 sys=0.00, real=0.08 secs] 
369.994: Total time for which application threads were stopped: 0.0753580 seconds, Stopping threads took: 0.0000610 seconds
370.019: Application time: 0.0246360 seconds
370.019: [Full GC [PSYoungGen: 138752K->33437K(161280K)] [ParOldGen: 367289K->367289K(367616K)] 506041K->400726K(528896K) [PSPermGen: 13648K->13648K(21504K)], 0.0725410 secs] [Times: user=0.51 sys=0.00, real=0.08 secs] 
370.092: Total time for which application threads were stopped: 0.0731780 seconds, Stopping threads took: 0.0000840 seconds
370.116: Application time: 0.0246480 seconds
370.117: [Full GC [PSYoungGen: 138752K->33452K(161280K)] [ParOldGen: 367289K->367289K(367616K)] 506041K->400741K(528896K) [PSPermGen: 13648K->13648K(21504K)], 0.0730060 secs] [Times: user=0.52 sys=0.00, real=0.07 secs] 
370.190: Total time for which application threads were stopped: 0.0736360 seconds, Stopping threads took: 0.0000830 seconds
370.215: Application time: 0.0249820 seconds
370.216: [Full GC [PSYoungGen: 138752K->33468K(161280K)] [ParOldGen: 367289K->367289K(367616K)] 506041K->400758K(528896K) [PSPermGen: 13648K->13648K(21504K)], 0.0737590 secs] [Times: user=0.51 sys=0.00, real=0.07 secs] 
370.290: Total time for which application threads were stopped: 0.0744550 seconds, Stopping threads took: 0.0001140 seconds
370.314: Application time: 0.0246560 seconds
370.315: [Full GC [PSYoungGen: 138752K->33479K(161280K)] [ParOldGen: 367289K->367289K(367616K)] 506041K->400768K(528896K) [PSPermGen: 13648K->13648K(21504K)], 0.0730800 secs] [Times: user=0.52 sys=0.00, real=0.07 secs] 
370.388: Total time for which application threads were stopped: 0.0738000 seconds, Stopping threads took: 0.0000730 seconds
370.413: Application time: 0.0251590 seconds
370.414: [Full GC [PSYoungGen: 138752K->33492K(161280K)] [ParOldGen: 367289K->367289K(367616K)] 506041K->400781K(528896K) [PSPermGen: 13648K->13648K(21504K)], 0.0735500 secs] [Times: user=0.51 sys=0.01, real=0.07 secs] 
370.487: Total time for which application threads were stopped: 0.0742180 seconds, Stopping threads took: 0.0000590 seconds
370.512: Application time: 0.0251000 seconds
370.513: [Full GC [PSYoungGen: 138752K->33440K(161280K)] [ParOldGen: 367289K->367289K(367616K)] 506041K->400729K(528896K) [PSPermGen: 13648K->13648K(21504K)], 0.0740460 secs] [Times: user=0.53 sys=0.00, real=0.07 secs] 
370.587: Total time for which application threads were stopped: 0.0747330 seconds, Stopping threads took: 0.0000600 seconds
370.612: Application time: 0.0246580 seconds
370.613: [Full GC [PSYoungGen: 138752K->33456K(161280K)] [ParOldGen: 367289K->367289K(367616K)] 506041K->400745K(528896K) [PSPermGen: 13648K->13648K(21504K)], 0.0741210 secs] [Times: user=0.52 sys=0.00, real=0.07 secs] 
370.687: Total time for which application threads were stopped: 0.0747830 seconds, Stopping threads took: 0.0000460 seconds
370.712: Application time: 0.0250330 seconds
370.712: [Full GC [PSYoungGen: 138752K->33471K(161280K)] [ParOldGen: 367289K->367289K(367616K)] 506041K->400760K(528896K) [PSPermGen: 13648K->13648K(21504K)], 0.0749950 secs] [Times: user=0.52 sys=0.01, real=0.07 secs] 
370.787: Total time for which application threads were stopped: 0.0756630 seconds, Stopping threads took: 0.0000810 seconds
370.812: Application time: 0.0246450 seconds
370.813: [Full GC [PSYoungGen: 138752K->33487K(161280K)] [ParOldGen: 367289K->367289K(367616K)] 506041K->400776K(528896K) [PSPermGen: 13648K->13648K(21504K)], 0.0727220 secs] [Times: user=0.51 sys=0.00, real=0.07 secs] 
370.885: Total time for which application threads were stopped: 0.0733660 seconds, Stopping threads took: 0.0000630 seconds
370.911: Application time: 0.0251270 seconds
370.911: [Full GC [PSYoungGen: 138752K->33503K(161280K)] [ParOldGen: 367289K->367289K(367616K)] 506041K->400792K(528896K) [PSPermGen: 13648K->13648K(21504K)], 0.0745140 secs] [Times: user=0.53 sys=0.00, real=0.08 secs] 
370.986: Total time for which application threads were stopped: 0.0751660 seconds, Stopping threads took: 0.0000570 seconds
371.011: Application time: 0.0253450 seconds
371.012: [Full GC [PSYoungGen: 138752K->33517K(161280K)] [ParOldGen: 367289K->367289K(367616K)] 506041K->400806K(528896K) [PSPermGen: 13648K->13648K(21504K)], 0.0739310 secs] [Times: user=0.52 sys=0.00, real=0.07 secs] 
371.086: Total time for which application threads were stopped: 0.0747020 seconds, Stopping threads took: 0.0001050 seconds
371.111: Application time: 0.0252900 seconds
371.112: [Full GC [PSYoungGen: 138752K->33532K(161280K)] [ParOldGen: 367289K->367289K(367616K)] 506041K->400821K(528896K) [PSPermGen: 13648K->13648K(21504K)], 0.0733390 secs] [Times: user=0.51 sys=0.00, real=0.07 secs] 
371.185: Total time for which application threads were stopped: 0.0740530 seconds, Stopping threads took: 0.0000740 seconds
371.211: Application time: 0.0254810 seconds
371.212: [Full GC [PSYoungGen: 138752K->33547K(161280K)] [ParOldGen: 367289K->367289K(367616K)] 506041K->400837K(528896K) [PSPermGen: 13648K->13648K(21504K)], 0.0746880 secs] [Times: user=0.51 sys=0.00, real=0.07 secs] 
371.287: Total time for which application threads were stopped: 0.0760770 seconds, Stopping threads took: 0.0008040 seconds
371.312: Application time: 0.0249490 seconds
371.312: [Full GC [PSYoungGen: 138752K->33565K(161280K)] [ParOldGen: 367289K->367289K(367616K)] 506041K->400854K(528896K) [PSPermGen: 13648K->13648K(21504K)], 0.0733000 secs] [Times: user=0.52 sys=0.00, real=0.07 secs] 
371.386: Total time for which application threads were stopped: 0.0739390 seconds, Stopping threads took: 0.0000780 seconds
371.411: Application time: 0.0250790 seconds
371.411: [Full GC [PSYoungGen: 138752K->33579K(161280K)] [ParOldGen: 367289K->367289K(367616K)] 506041K->400868K(528896K) [PSPermGen: 13648K->13648K(21504K)], 0.0727890 secs] [Times: user=0.51 sys=0.00, real=0.08 secs] 
371.484: Total time for which application threads were stopped: 0.0734260 seconds, Stopping threads took: 0.0000570 seconds
371.511: Application time: 0.0272810 seconds
371.512: [Full GC [PSYoungGen: 138752K->33428K(161280K)] [ParOldGen: 367289K->367289K(367616K)] 506041K->400717K(528896K) [PSPermGen: 13648K->13648K(21504K)], 0.0731880 secs] [Times: user=0.51 sys=0.01, real=0.07 secs] 
371.585: Total time for which application threads were stopped: 0.0738180 seconds, Stopping threads took: 0.0000520 seconds
371.610: Application time: 0.0250170 seconds
371.611: [Full GC [PSYoungGen: 138752K->33398K(161280K)] [ParOldGen: 367289K->367289K(367616K)] 506041K->400688K(528896K) [PSPermGen: 13648K->13648K(21504K)], 0.0748440 secs] [Times: user=0.53 sys=0.00, real=0.08 secs] 
371.686: Total time for which application threads were stopped: 0.0754740 seconds, Stopping threads took: 0.0000510 seconds
371.710: Application time: 0.0246990 seconds
371.711: [Full GC [PSYoungGen: 138752K->33411K(161280K)] [ParOldGen: 367289K->367289K(367616K)] 506041K->400700K(528896K) [PSPermGen: 13648K->13648K(21504K)], 0.0734630 secs] [Times: user=0.52 sys=0.00, real=0.08 secs] 
371.784: Total time for which application threads were stopped: 0.0740920 seconds, Stopping threads took: 0.0000600 seconds
371.809: Application time: 0.0247170 seconds
371.810: [Full GC [PSYoungGen: 138752K->33420K(161280K)] [ParOldGen: 367289K->367289K(367616K)] 506041K->400710K(528896K) [PSPermGen: 13648K->13648K(21504K)], 0.0736120 secs] [Times: user=0.52 sys=0.00, real=0.08 secs] 
371.883: Total time for which application threads were stopped: 0.0742340 seconds, Stopping threads took: 0.0000620 seconds
371.908: Application time: 0.0250230 seconds
371.909: [Full GC [PSYoungGen: 138752K->33305K(161280K)] [ParOldGen: 367289K->367289K(367616K)] 506041K->400594K(528896K) [PSPermGen: 13648K->13648K(21504K)], 0.0731600 secs] [Times: user=0.52 sys=0.00, real=0.07 secs] 
371.982: Total time for which application threads were stopped: 0.0738760 seconds, Stopping threads took: 0.0000730 seconds
372.007: Application time: 0.0246970 seconds
372.008: [Full GC [PSYoungGen: 138752K->33317K(161280K)] [ParOldGen: 367289K->367289K(367616K)] 506041K->400606K(528896K) [PSPermGen: 13648K->13648K(21504K)], 0.0729620 secs] [Times: user=0.52 sys=0.00, real=0.07 secs] 
372.081: Total time for which application threads were stopped: 0.0736780 seconds, Stopping threads took: 0.0000710 seconds
372.105: Application time: 0.0244210 seconds
372.106: [Full GC [PSYoungGen: 138752K->33333K(161280K)] [ParOldGen: 367289K->367289K(367616K)] 506041K->400622K(528896K) [PSPermGen: 13648K->13648K(21504K)], 0.0735680 secs] [Times: user=0.52 sys=0.00, real=0.07 secs] 
372.179: Total time for which application threads were stopped: 0.0742340 seconds, Stopping threads took: 0.0000690 seconds
372.204: Application time: 0.0249050 seconds
372.205: [Full GC [PSYoungGen: 138752K->33347K(161280K)] [ParOldGen: 367289K->367289K(367616K)] 506041K->400636K(528896K) [PSPermGen: 13648K->13648K(21504K)], 0.0735810 secs] [Times: user=0.52 sys=0.00, real=0.07 secs] 
372.278: Total time for which application threads were stopped: 0.0741810 seconds, Stopping threads took: 0.0000490 seconds
372.303: Application time: 0.0246580 seconds
372.304: [Full GC [PSYoungGen: 138752K->33362K(161280K)] [ParOldGen: 367289K->367289K(367616K)] 506041K->400651K(528896K) [PSPermGen: 13648K->13648K(21504K)], 0.0734850 secs] [Times: user=0.52 sys=0.00, real=0.07 secs] 
372.377: Total time for which application threads were stopped: 0.0741250 seconds, Stopping threads took: 0.0000800 seconds
372.402: Application time: 0.0250250 seconds
372.403: [Full GC [PSYoungGen: 138752K->33378K(161280K)] [ParOldGen: 367289K->367289K(367616K)] 506041K->400668K(528896K) [PSPermGen: 13648K->13648K(21504K)], 0.0736800 secs] [Times: user=0.52 sys=0.00, real=0.08 secs] 
372.477: Total time for which application threads were stopped: 0.0742990 seconds, Stopping threads took: 0.0000610 seconds
372.502: Application time: 0.0254820 seconds
372.503: [Full GC [PSYoungGen: 138752K->33388K(161280K)] [ParOldGen: 367289K->367289K(367616K)] 506041K->400678K(528896K) [PSPermGen: 13648K->13648K(21504K)], 0.0752550 secs] [Times: user=0.53 sys=0.00, real=0.08 secs] 
372.578: Total time for which application threads were stopped: 0.0759290 seconds, Stopping threads took: 0.0000710 seconds
372.603: Application time: 0.0252160 seconds
372.604: [Full GC [PSYoungGen: 138752K->33339K(161280K)] [ParOldGen: 367289K->367289K(367616K)] 506041K->400628K(528896K) [PSPermGen: 13648K->13648K(21504K)], 0.0737480 secs] [Times: user=0.52 sys=0.00, real=0.07 secs] 
372.678: Total time for which application threads were stopped: 0.0743880 seconds, Stopping threads took: 0.0000630 seconds
372.702: Application time: 0.0248380 seconds
372.703: [Full GC [PSYoungGen: 138752K->33352K(161280K)] [ParOldGen: 367289K->367289K(367616K)] 506041K->400642K(528896K) [PSPermGen: 13648K->13648K(21504K)], 0.0738640 secs] [Times: user=0.51 sys=0.00, real=0.08 secs] 
372.777: Total time for which application threads were stopped: 0.0746300 seconds, Stopping threads took: 0.0001100 seconds
372.802: Application time: 0.0252650 seconds
372.803: [Full GC [PSYoungGen: 138752K->33366K(161280K)] [ParOldGen: 367289K->367289K(367616K)] 506041K->400655K(528896K) [PSPermGen: 13648K->13648K(21504K)], 0.0731020 secs] [Times: user=0.52 sys=0.00, real=0.08 secs] 
372.876: Total time for which application threads were stopped: 0.0737630 seconds, Stopping threads took: 0.0000850 seconds
372.901: Application time: 0.0249190 seconds
372.902: [Full GC [PSYoungGen: 138752K->33381K(161280K)] [ParOldGen: 367289K->367289K(367616K)] 506041K->400670K(528896K) [PSPermGen: 13648K->13648K(21504K)], 0.0737000 secs] [Times: user=0.51 sys=0.01, real=0.08 secs] 
372.975: Total time for which application threads were stopped: 0.0743680 seconds, Stopping threads took: 0.0000700 seconds
373.000: Application time: 0.0247260 seconds
373.001: [Full GC [PSYoungGen: 138752K->33396K(161280K)] [ParOldGen: 367289K->367289K(367616K)] 506041K->400685K(528896K) [PSPermGen: 13648K->13648K(21504K)], 0.0729510 secs] [Times: user=0.50 sys=0.00, real=0.08 secs] 
373.074: Total time for which application threads were stopped: 0.0735620 seconds, Stopping threads took: 0.0000490 seconds
373.099: Application time: 0.0251990 seconds
373.100: [Full GC [PSYoungGen: 138752K->33412K(161280K)] [ParOldGen: 367289K->367289K(367616K)] 506041K->400702K(528896K) [PSPermGen: 13648K->13648K(21504K)], 0.0729940 secs] [Times: user=0.51 sys=0.00, real=0.08 secs] 
373.173: Total time for which application threads were stopped: 0.0736820 seconds, Stopping threads took: 0.0000950 seconds
373.197: Application time: 0.0248080 seconds
373.198: [Full GC [PSYoungGen: 138752K->33424K(161280K)] [ParOldGen: 367289K->367289K(367616K)] 506041K->400713K(528896K) [PSPermGen: 13648K->13648K(21504K)], 0.0733060 secs] [Times: user=0.52 sys=0.00, real=0.07 secs] 
373.271: Total time for which application threads were stopped: 0.0739070 seconds, Stopping threads took: 0.0000500 seconds
373.296: Application time: 0.0247950 seconds
373.297: [Full GC [PSYoungGen: 138752K->33441K(161280K)] [ParOldGen: 367289K->367289K(367616K)] 506041K->400730K(528896K) [PSPermGen: 13648K->13648K(21504K)], 0.0725920 secs] [Times: user=0.51 sys=0.00, real=0.07 secs] 
373.369: Total time for which application threads were stopped: 0.0732370 seconds, Stopping threads took: 0.0000590 seconds
373.394: Application time: 0.0249550 seconds
373.395: [Full GC [PSYoungGen: 138752K->33382K(161280K)] [ParOldGen: 367289K->367289K(367616K)] 506041K->400671K(528896K) [PSPermGen: 13648K->13648K(21504K)], 0.0730030 secs] [Times: user=0.51 sys=0.00, real=0.07 secs] 
373.468: Total time for which application threads were stopped: 0.0736860 seconds, Stopping threads took: 0.0000600 seconds
373.493: Application time: 0.0246020 seconds
373.493: [Full GC [PSYoungGen: 138752K->33403K(161280K)] [ParOldGen: 367289K->367289K(367616K)] 506041K->400692K(528896K) [PSPermGen: 13648K->13648K(21504K)], 0.0726780 secs] [Times: user=0.51 sys=0.00, real=0.07 secs] 
373.566: Total time for which application threads were stopped: 0.0733780 seconds, Stopping threads took: 0.0000640 seconds
373.591: Application time: 0.0247820 seconds
373.591: [Full GC [PSYoungGen: 138752K->33416K(161280K)] [ParOldGen: 367289K->367289K(367616K)] 506041K->400706K(528896K) [PSPermGen: 13648K->13648K(21504K)], 0.0740180 secs] [Times: user=0.51 sys=0.00, real=0.07 secs] 
373.665: Total time for which application threads were stopped: 0.0747120 seconds, Stopping threads took: 0.0000620 seconds
373.690: Application time: 0.0247770 seconds
373.691: [Full GC [PSYoungGen: 138752K->33431K(161280K)] [ParOldGen: 367289K->367289K(367616K)] 506041K->400720K(528896K) [PSPermGen: 13648K->13648K(21504K)], 0.0727440 secs] [Times: user=0.51 sys=0.00, real=0.08 secs] 
373.764: Total time for which application threads were stopped: 0.0734030 seconds, Stopping threads took: 0.0000920 seconds
373.788: Application time: 0.0247110 seconds
373.789: [Full GC [PSYoungGen: 138752K->33447K(161280K)] [ParOldGen: 367289K->367289K(367616K)] 506041K->400736K(528896K) [PSPermGen: 13648K->13648K(21504K)], 0.0730600 secs] [Times: user=0.51 sys=0.00, real=0.07 secs] 
373.862: Total time for which application threads were stopped: 0.0736740 seconds, Stopping threads took: 0.0000530 seconds
373.887: Application time: 0.0253560 seconds
373.888: [Full GC [PSYoungGen: 138752K->33463K(161280K)] [ParOldGen: 367289K->367289K(367616K)] 506041K->400752K(528896K) [PSPermGen: 13648K->13648K(21504K)], 0.0731470 secs] [Times: user=0.51 sys=0.00, real=0.07 secs] 
373.961: Total time for which application threads were stopped: 0.0739410 seconds, Stopping threads took: 0.0000390 seconds
373.986: Application time: 0.0248420 seconds
373.987: [Full GC [PSYoungGen: 138752K->33478K(161280K)] [ParOldGen: 367289K->367289K(367616K)] 506041K->400767K(528896K) [PSPermGen: 13648K->13648K(21504K)], 0.0731690 secs] [Times: user=0.52 sys=0.00, real=0.07 secs] 
374.060: Total time for which application threads were stopped: 0.0739110 seconds, Stopping threads took: 0.0001030 seconds
374.085: Application time: 0.0251250 seconds
374.086: [Full GC [PSYoungGen: 138752K->33491K(161280K)] [ParOldGen: 367289K->367289K(367616K)] 506041K->400780K(528896K) [PSPermGen: 13648K->13648K(21504K)], 0.0725370 secs] [Times: user=0.51 sys=0.00, real=0.07 secs] 
374.158: Total time for which application threads were stopped: 0.0731820 seconds, Stopping threads took: 0.0000900 seconds
374.184: Application time: 0.0250810 seconds
374.184: [Full GC [PSYoungGen: 138752K->33503K(161280K)] [ParOldGen: 367289K->367289K(367616K)] 506041K->400792K(528896K) [PSPermGen: 13648K->13648K(21504K)], 0.0784030 secs] [Times: user=0.54 sys=0.00, real=0.07 secs] 
374.263: Total time for which application threads were stopped: 0.0791060 seconds, Stopping threads took: 0.0000660 seconds
374.288: Application time: 0.0251750 seconds
374.288: [Full GC [PSYoungGen: 138752K->33460K(161280K)] [ParOldGen: 367289K->367289K(367616K)] 506041K->400749K(528896K) [PSPermGen: 13648K->13648K(21504K)], 0.0740430 secs] [Times: user=0.52 sys=0.00, real=0.07 secs] 
374.363: Total time for which application threads were stopped: 0.0746980 seconds, Stopping threads took: 0.0000760 seconds
374.388: Application time: 0.0250670 seconds
374.388: [Full GC [PSYoungGen: 138752K->33465K(161280K)] [ParOldGen: 367289K->367289K(367616K)] 506041K->400754K(528896K) [PSPermGen: 13648K->13648K(21504K)], 0.0739200 secs] [Times: user=0.51 sys=0.00, real=0.07 secs] 
374.462: Total time for which application threads were stopped: 0.0745420 seconds, Stopping threads took: 0.0000470 seconds
374.487: Application time: 0.0249650 seconds
374.488: [Full GC [PSYoungGen: 138752K->33482K(161280K)] [ParOldGen: 367289K->367289K(367616K)] 506041K->400772K(528896K) [PSPermGen: 13648K->13648K(21504K)], 0.0726670 secs] [Times: user=0.51 sys=0.00, real=0.07 secs] 
374.560: Total time for which application threads were stopped: 0.0733230 seconds, Stopping threads took: 0.0000620 seconds
374.585: Application time: 0.0250670 seconds
374.586: [Full GC [PSYoungGen: 138752K->33498K(161280K)] [ParOldGen: 367289K->367289K(367616K)] 506041K->400788K(528896K) [PSPermGen: 13648K->13648K(21504K)], 0.0755460 secs] [Times: user=0.53 sys=0.00, real=0.07 secs] 
374.662: Total time for which application threads were stopped: 0.0762030 seconds, Stopping threads took: 0.0000680 seconds
374.687: Application time: 0.0253730 seconds
374.688: [Full GC [PSYoungGen: 138752K->33513K(161280K)] [ParOldGen: 367289K->367289K(367616K)] 506041K->400802K(528896K) [PSPermGen: 13648K->13648K(21504K)], 0.0726400 secs] [Times: user=0.51 sys=0.00, real=0.07 secs] 
374.760: Total time for which application threads were stopped: 0.0733360 seconds, Stopping threads took: 0.0000710 seconds
374.785: Application time: 0.0247900 seconds
374.786: [Full GC [PSYoungGen: 138752K->33526K(161280K)] [ParOldGen: 367289K->367289K(367616K)] 506041K->400815K(528896K) [PSPermGen: 13648K->13648K(21504K)], 0.0730790 secs] [Times: user=0.52 sys=0.00, real=0.07 secs] 
374.859: Total time for which application threads were stopped: 0.0737660 seconds, Stopping threads took: 0.0000580 seconds
374.884: Application time: 0.0247850 seconds
374.884: [Full GC [PSYoungGen: 138752K->33543K(161280K)] [ParOldGen: 367289K->367289K(367616K)] 506041K->400833K(528896K) [PSPermGen: 13648K->13648K(21504K)], 0.0734770 secs] [Times: user=0.51 sys=0.00, real=0.07 secs] 
374.958: Total time for which application threads were stopped: 0.0741180 seconds, Stopping threads took: 0.0000870 seconds
374.983: Application time: 0.0247990 seconds
374.983: [Full GC [PSYoungGen: 138752K->33556K(161280K)] [ParOldGen: 367289K->367289K(367616K)] 506041K->400845K(528896K) [PSPermGen: 13648K->13648K(21504K)], 0.0728210 secs] [Times: user=0.51 sys=0.00, real=0.08 secs] 
375.056: Total time for which application threads were stopped: 0.0735090 seconds, Stopping threads took: 0.0000540 seconds
375.081: Application time: 0.0253070 seconds
375.082: [Full GC [PSYoungGen: 138752K->33434K(161280K)] [ParOldGen: 367289K->367289K(367616K)] 506041K->400723K(528896K) [PSPermGen: 13648K->13648K(21504K)], 0.0737000 secs] [Times: user=0.51 sys=0.00, real=0.08 secs] 
375.156: Total time for which application threads were stopped: 0.0743630 seconds, Stopping threads took: 0.0000800 seconds
375.181: Application time: 0.0251630 seconds
375.182: [Full GC [PSYoungGen: 138752K->33392K(161280K)] [ParOldGen: 367289K->367289K(367616K)] 506041K->400682K(528896K) [PSPermGen: 13648K->13648K(21504K)], 0.0737490 secs] [Times: user=0.52 sys=0.00, real=0.08 secs] 
375.255: Total time for which application threads were stopped: 0.0744430 seconds, Stopping threads took: 0.0000670 seconds
375.280: Application time: 0.0247640 seconds
375.281: [Full GC [PSYoungGen: 138752K->33389K(161280K)] [ParOldGen: 367289K->367289K(367616K)] 506041K->400678K(528896K) [PSPermGen: 13648K->13648K(21504K)], 0.0731100 secs] [Times: user=0.51 sys=0.00, real=0.08 secs] 
375.354: Total time for which application threads were stopped: 0.0737430 seconds, Stopping threads took: 0.0000550 seconds
375.379: Application time: 0.0250330 seconds
375.380: [Full GC [PSYoungGen: 138752K->33405K(161280K)] [ParOldGen: 367289K->367289K(367616K)] 506041K->400695K(528896K) [PSPermGen: 13648K->13648K(21504K)], 0.0731890 secs] [Times: user=0.51 sys=0.00, real=0.08 secs] 
375.453: Total time for which application threads were stopped: 0.0738440 seconds, Stopping threads took: 0.0000570 seconds
375.478: Application time: 0.0251000 seconds
375.479: [Full GC [PSYoungGen: 138752K->33368K(161280K)] [ParOldGen: 367289K->367289K(367616K)] 506041K->400657K(528896K) [PSPermGen: 13648K->13648K(21504K)], 0.0728660 secs] [Times: user=0.51 sys=0.00, real=0.08 secs] 
375.552: Total time for which application threads were stopped: 0.0735940 seconds, Stopping threads took: 0.0000970 seconds
375.577: Application time: 0.0249500 seconds
375.577: [Full GC [PSYoungGen: 138752K->33367K(161280K)] [ParOldGen: 367289K->367289K(367616K)] 506041K->400657K(528896K) [PSPermGen: 13648K->13648K(21504K)], 0.0751740 secs] [Times: user=0.53 sys=0.00, real=0.08 secs] 
375.652: Total time for which application threads were stopped: 0.0758050 seconds, Stopping threads took: 0.0000510 seconds
375.677: Application time: 0.0251070 seconds
375.678: [Full GC [PSYoungGen: 138752K->33321K(161280K)] [ParOldGen: 367289K->367289K(367616K)] 506041K->400610K(528896K) [PSPermGen: 13648K->13648K(21504K)], 0.0729950 secs] [Times: user=0.51 sys=0.00, real=0.07 secs] 
375.751: Total time for which application threads were stopped: 0.0736680 seconds, Stopping threads took: 0.0000780 seconds
375.777: Application time: 0.0262810 seconds
375.778: [Full GC [PSYoungGen: 138752K->33328K(161280K)] [ParOldGen: 367289K->367289K(367616K)] 506041K->400618K(528896K) [PSPermGen: 13648K->13648K(21504K)], 0.0731070 secs] [Times: user=0.52 sys=0.00, real=0.07 secs] 
375.851: Total time for which application threads were stopped: 0.0738000 seconds, Stopping threads took: 0.0000560 seconds
375.876: Application time: 0.0246230 seconds
375.876: [Full GC [PSYoungGen: 138752K->33341K(161280K)] [ParOldGen: 367289K->367289K(367616K)] 506041K->400630K(528896K) [PSPermGen: 13648K->13648K(21504K)], 0.0735340 secs] [Times: user=0.52 sys=0.00, real=0.07 secs] 
375.950: Total time for which application threads were stopped: 0.0741860 seconds, Stopping threads took: 0.0000880 seconds
375.975: Application time: 0.0246520 seconds
375.975: [Full GC [PSYoungGen: 138752K->33357K(161280K)] [ParOldGen: 367289K->367289K(367616K)] 506041K->400646K(528896K) [PSPermGen: 13648K->13648K(21504K)], 0.0728700 secs] [Times: user=0.51 sys=0.00, real=0.07 secs] 
376.048: Total time for which application threads were stopped: 0.0735620 seconds, Stopping threads took: 0.0000590 seconds
376.073: Application time: 0.0248340 seconds
376.074: [Full GC [PSYoungGen: 138752K->33372K(161280K)] [ParOldGen: 367289K->367289K(367616K)] 506041K->400661K(528896K) [PSPermGen: 13648K->13648K(21504K)], 0.0737570 secs] [Times: user=0.52 sys=0.00, real=0.07 secs] 
376.147: Total time for which application threads were stopped: 0.0743820 seconds, Stopping threads took: 0.0000530 seconds
376.172: Application time: 0.0245620 seconds
376.173: [Full GC [PSYoungGen: 138752K->33388K(161280K)] [ParOldGen: 367289K->367289K(367616K)] 506041K->400677K(528896K) [PSPermGen: 13648K->13648K(21504K)], 0.0725560 secs] [Times: user=0.51 sys=0.00, real=0.07 secs] 
376.245: Total time for which application threads were stopped: 0.0732700 seconds, Stopping threads took: 0.0000850 seconds
376.270: Application time: 0.0249250 seconds
376.271: [Full GC [PSYoungGen: 138752K->33339K(161280K)] [ParOldGen: 367289K->367289K(367616K)] 506041K->400629K(528896K) [PSPermGen: 13648K->13648K(21504K)], 0.0728420 secs] [Times: user=0.51 sys=0.00, real=0.08 secs] 
376.344: Total time for which application threads were stopped: 0.0735760 seconds, Stopping threads took: 0.0000760 seconds
376.369: Application time: 0.0248940 seconds
376.369: [Full GC [PSYoungGen: 138752K->33346K(161280K)] [ParOldGen: 367289K->367289K(367616K)] 506041K->400635K(528896K) [PSPermGen: 13648K->13648K(21504K)], 0.0746530 secs] [Times: user=0.52 sys=0.00, real=0.08 secs] 
376.444: Total time for which application threads were stopped: 0.0753220 seconds, Stopping threads took: 0.0000870 seconds
376.469: Application time: 0.0249890 seconds
376.470: [Full GC [PSYoungGen: 138752K->33361K(161280K)] [ParOldGen: 367289K->367289K(367616K)] 506041K->400650K(528896K) [PSPermGen: 13648K->13648K(21504K)], 0.0733620 secs] [Times: user=0.52 sys=0.00, real=0.07 secs] 
376.543: Total time for which application threads were stopped: 0.0739910 seconds, Stopping threads took: 0.0000620 seconds
376.568: Application time: 0.0250460 seconds
376.569: [Full GC [PSYoungGen: 138752K->33375K(161280K)] [ParOldGen: 367289K->367289K(367616K)] 506041K->400665K(528896K) [PSPermGen: 13648K->13648K(21504K)], 0.0752780 secs] [Times: user=0.52 sys=0.00, real=0.08 secs] 
376.644: Total time for which application threads were stopped: 0.0759130 seconds, Stopping threads took: 0.0000690 seconds
376.669: Application time: 0.0249070 seconds
376.669: [Full GC [PSYoungGen: 138752K->33390K(161280K)] [ParOldGen: 367289K->367289K(367616K)] 506041K->400679K(528896K) [PSPermGen: 13648K->13648K(21504K)], 0.0737670 secs] [Times: user=0.53 sys=0.00, real=0.07 secs] 
376.743: Total time for which application threads were stopped: 0.0744160 seconds, Stopping threads took: 0.0000610 seconds
376.769: Application time: 0.0253780 seconds
376.769: [Full GC [PSYoungGen: 138752K->33408K(161280K)] [ParOldGen: 367289K->367289K(367616K)] 506041K->400697K(528896K) [PSPermGen: 13648K->13648K(21504K)], 0.0733210 secs] [Times: user=0.52 sys=0.00, real=0.07 secs] 
376.843: Total time for which application threads were stopped: 0.0740070 seconds, Stopping threads took: 0.0000530 seconds
376.868: Application time: 0.0255270 seconds
376.869: [Full GC [PSYoungGen: 138752K->33423K(161280K)] [ParOldGen: 367289K->367289K(367616K)] 506041K->400713K(528896K) [PSPermGen: 13648K->13648K(21504K)], 0.0734020 secs] [Times: user=0.52 sys=0.00, real=0.07 secs] 
376.942: Total time for which application threads were stopped: 0.0740910 seconds, Stopping threads took: 0.0000840 seconds
376.967: Application time: 0.0250640 seconds
376.968: [Full GC [PSYoungGen: 138752K->33437K(161280K)] [ParOldGen: 367289K->367289K(367616K)] 506041K->400726K(528896K) [PSPermGen: 13648K->13648K(21504K)], 0.0731800 secs] [Times: user=0.52 sys=0.00, real=0.07 secs] 
377.041: Total time for which application threads were stopped: 0.0738290 seconds, Stopping threads took: 0.0000810 seconds
377.066: Application time: 0.0251280 seconds
377.067: [Full GC [PSYoungGen: 138752K->33452K(161280K)] [ParOldGen: 367289K->367289K(367616K)] 506041K->400741K(528896K) [PSPermGen: 13648K->13648K(21504K)], 0.0731070 secs] [Times: user=0.51 sys=0.00, real=0.07 secs] 
377.140: Total time for which application threads were stopped: 0.0737400 seconds, Stopping threads took: 0.0000660 seconds
377.165: Application time: 0.0248400 seconds
377.166: [Full GC [PSYoungGen: 138752K->33467K(161280K)] [ParOldGen: 367289K->367289K(367616K)] 506041K->400756K(528896K) [PSPermGen: 13648K->13648K(21504K)], 0.0731710 secs] [Times: user=0.52 sys=0.00, real=0.07 secs] 
377.239: Total time for which application threads were stopped: 0.0738530 seconds, Stopping threads took: 0.0000840 seconds
377.264: Application time: 0.0252370 seconds
377.265: [Full GC [PSYoungGen: 138752K->33417K(161280K)] [ParOldGen: 367289K->367289K(367616K)] 506041K->400706K(528896K) [PSPermGen: 13648K->13648K(21504K)], 0.0743090 secs] [Times: user=0.51 sys=0.00, real=0.07 secs] 
377.339: Total time for which application threads were stopped: 0.0749960 seconds, Stopping threads took: 0.0000560 seconds
377.364: Application time: 0.0247380 seconds
377.364: [Full GC [PSYoungGen: 138752K->33428K(161280K)] [ParOldGen: 367289K->367289K(367616K)] 506041K->400717K(528896K) [PSPermGen: 13648K->13648K(21504K)], 0.0732790 secs] [Times: user=0.51 sys=0.00, real=0.07 secs] 
377.438: Total time for which application threads were stopped: 0.0738950 seconds, Stopping threads took: 0.0000550 seconds
377.462: Application time: 0.0248030 seconds
377.463: [Full GC [PSYoungGen: 138752K->33443K(161280K)] [ParOldGen: 367289K->367289K(367616K)] 506041K->400732K(528896K) [PSPermGen: 13648K->13648K(21504K)], 0.0733250 secs] [Times: user=0.51 sys=0.00, real=0.08 secs] 
377.536: Total time for which application threads were stopped: 0.0739540 seconds, Stopping threads took: 0.0000520 seconds
377.561: Application time: 0.0250580 seconds
377.562: [Full GC [PSYoungGen: 138752K->33456K(161280K)] [ParOldGen: 367289K->367289K(367616K)] 506041K->400745K(528896K) [PSPermGen: 13648K->13648K(21504K)], 0.0728790 secs] [Times: user=0.51 sys=0.00, real=0.08 secs] 
377.635: Total time for which application threads were stopped: 0.0736080 seconds, Stopping threads took: 0.0000680 seconds
377.661: Application time: 0.0255710 seconds
377.661: [Full GC [PSYoungGen: 138752K->33472K(161280K)] [ParOldGen: 367289K->367289K(367616K)] 506041K->400761K(528896K) [PSPermGen: 13648K->13648K(21504K)], 0.0735850 secs] [Times: user=0.52 sys=0.00, real=0.08 secs] 
377.735: Total time for which application threads were stopped: 0.0742720 seconds, Stopping threads took: 0.0001360 seconds
377.760: Application time: 0.0249020 seconds
377.760: [Full GC [PSYoungGen: 138752K->33485K(161280K)] [ParOldGen: 367289K->367289K(367616K)] 506041K->400774K(528896K) [PSPermGen: 13648K->13648K(21504K)], 0.0732740 secs] [Times: user=0.51 sys=0.00, real=0.08 secs] 
377.834: Total time for which application threads were stopped: 0.0739040 seconds, Stopping threads took: 0.0000640 seconds
377.859: Application time: 0.0251350 seconds
377.860: [Full GC [PSYoungGen: 138752K->33501K(161280K)] [ParOldGen: 367289K->367289K(367616K)] 506041K->400791K(528896K) [PSPermGen: 13648K->13648K(21504K)], 0.0725940 secs] [Times: user=0.51 sys=0.00, real=0.08 secs] 
377.932: Total time for which application threads were stopped: 0.0732790 seconds, Stopping threads took: 0.0000440 seconds
377.957: Application time: 0.0252680 seconds
377.958: [Full GC [PSYoungGen: 138752K->33462K(161280K)] [ParOldGen: 367289K->367289K(367616K)] 506041K->400751K(528896K) [PSPermGen: 13648K->13648K(21504K)], 0.0732190 secs] [Times: user=0.51 sys=0.01, real=0.08 secs] 
378.031: Total time for which application threads were stopped: 0.0739270 seconds, Stopping threads took: 0.0000620 seconds
378.056: Application time: 0.0250850 seconds
378.057: [Full GC [PSYoungGen: 138752K->33459K(161280K)] [ParOldGen: 367289K->367289K(367616K)] 506041K->400748K(528896K) [PSPermGen: 13648K->13648K(21504K)], 0.0732770 secs] [Times: user=0.51 sys=0.00, real=0.07 secs] 
378.130: Total time for which application threads were stopped: 0.0739000 seconds, Stopping threads took: 0.0000550 seconds
378.156: Application time: 0.0253090 seconds
378.156: [Full GC [PSYoungGen: 138752K->33477K(161280K)] [ParOldGen: 367289K->367289K(367616K)] 506041K->400766K(528896K) [PSPermGen: 13648K->13648K(21504K)], 0.0732900 secs] [Times: user=0.51 sys=0.00, real=0.07 secs] 
378.230: Total time for which application threads were stopped: 0.0739280 seconds, Stopping threads took: 0.0000600 seconds
378.255: Application time: 0.0250880 seconds
378.255: [Full GC [PSYoungGen: 138752K->33491K(161280K)] [ParOldGen: 367289K->367289K(367616K)] 506041K->400781K(528896K) [PSPermGen: 13648K->13648K(21504K)], 0.0740240 secs] [Times: user=0.52 sys=0.01, real=0.07 secs] 
378.329: Total time for which application threads were stopped: 0.0746560 seconds, Stopping threads took: 0.0000560 seconds
378.355: Application time: 0.0256420 seconds
378.356: [Full GC [PSYoungGen: 138752K->33507K(161280K)] [ParOldGen: 367289K->367289K(367616K)] 506041K->400796K(528896K) [PSPermGen: 13648K->13648K(21504K)], 0.0735240 secs] [Times: user=0.52 sys=0.00, real=0.07 secs] 
378.429: Total time for which application threads were stopped: 0.0741820 seconds, Stopping threads took: 0.0000760 seconds
378.454: Application time: 0.0250410 seconds
378.455: [Full GC [PSYoungGen: 138752K->33522K(161280K)] [ParOldGen: 367289K->367289K(367616K)] 506041K->400812K(528896K) [PSPermGen: 13648K->13648K(21504K)], 0.0727950 secs] [Times: user=0.51 sys=0.00, real=0.07 secs] 
378.528: Total time for which application threads were stopped: 0.0734800 seconds, Stopping threads took: 0.0000530 seconds
378.553: Application time: 0.0251540 seconds
378.553: [Full GC [PSYoungGen: 138752K->33537K(161280K)] [ParOldGen: 367289K->367289K(367616K)] 506041K->400827K(528896K) [PSPermGen: 13648K->13648K(21504K)], 0.0737960 secs] [Times: user=0.51 sys=0.00, real=0.07 secs] 
378.627: Total time for which application threads were stopped: 0.0744540 seconds, Stopping threads took: 0.0000570 seconds
378.653: Application time: 0.0261030 seconds
378.654: [Full GC [PSYoungGen: 138752K->33553K(161280K)] [ParOldGen: 367289K->367289K(367616K)] 506041K->400842K(528896K) [PSPermGen: 13648K->13648K(21504K)], 0.0730390 secs] [Times: user=0.52 sys=0.00, real=0.07 secs] 
378.727: Total time for which application threads were stopped: 0.0737540 seconds, Stopping threads took: 0.0000470 seconds
378.752: Application time: 0.0252850 seconds
378.753: [Full GC [PSYoungGen: 138752K->33569K(161280K)] [ParOldGen: 367289K->367289K(367616K)] 506041K->400859K(528896K) [PSPermGen: 13648K->13648K(21504K)], 0.0785690 secs] [Times: user=0.55 sys=0.00, real=0.08 secs] 
378.832: Total time for which application threads were stopped: 0.0792250 seconds, Stopping threads took: 0.0000780 seconds
378.858: Application time: 0.0258890 seconds
378.858: [Full GC [PSYoungGen: 138752K->33419K(161280K)] [ParOldGen: 367289K->367289K(367616K)] 506041K->400708K(528896K) [PSPermGen: 13648K->13648K(21504K)], 0.0733560 secs] [Times: user=0.52 sys=0.00, real=0.08 secs] 
378.932: Total time for which application threads were stopped: 0.0740410 seconds, Stopping threads took: 0.0000640 seconds
378.956: Application time: 0.0246080 seconds
378.957: [Full GC [PSYoungGen: 138752K->33387K(161280K)] [ParOldGen: 367289K->367289K(367616K)] 506041K->400676K(528896K) [PSPermGen: 13648K->13648K(21504K)], 0.0727360 secs] [Times: user=0.51 sys=0.00, real=0.07 secs] 
379.030: Total time for which application threads were stopped: 0.0735190 seconds, Stopping threads took: 0.0000710 seconds
379.055: Application time: 0.0249370 seconds
379.055: [Full GC [PSYoungGen: 138752K->33401K(161280K)] [ParOldGen: 367289K->367289K(367616K)] 506041K->400690K(528896K) [PSPermGen: 13648K->13648K(21504K)], 0.0733090 secs] [Times: user=0.52 sys=0.00, real=0.07 secs] 
379.129: Total time for which application threads were stopped: 0.0740180 seconds, Stopping threads took: 0.0000680 seconds
379.154: Application time: 0.0250680 seconds
379.154: [Full GC [PSYoungGen: 138752K->33418K(161280K)] [ParOldGen: 367289K->367289K(367616K)] 506041K->400707K(528896K) [PSPermGen: 13648K->13648K(21504K)], 0.0735080 secs] [Times: user=0.51 sys=0.00, real=0.07 secs] 
379.228: Total time for which application threads were stopped: 0.0741410 seconds, Stopping threads took: 0.0000550 seconds
379.253: Application time: 0.0248290 seconds
379.253: [Full GC [PSYoungGen: 138752K->33430K(161280K)] [ParOldGen: 367289K->367289K(367616K)] 506041K->400719K(528896K) [PSPermGen: 13648K->13648K(21504K)], 0.0736520 secs] [Times: user=0.51 sys=0.00, real=0.07 secs] 
379.327: Total time for which application threads were stopped: 0.0742710 seconds, Stopping threads took: 0.0000610 seconds
379.352: Application time: 0.0253540 seconds
379.353: [Full GC [PSYoungGen: 138752K->33339K(161280K)] [ParOldGen: 367289K->367289K(367616K)] 506041K->400628K(528896K) [PSPermGen: 13648K->13648K(21504K)], 0.0743580 secs] [Times: user=0.51 sys=0.00, real=0.07 secs] 
379.427: Total time for which application threads were stopped: 0.0750120 seconds, Stopping threads took: 0.0000850 seconds
379.452: Application time: 0.0249040 seconds
379.453: [Full GC [PSYoungGen: 138752K->33321K(161280K)] [ParOldGen: 367289K->367289K(367616K)] 506041K->400611K(528896K) [PSPermGen: 13648K->13648K(21504K)], 0.0737790 secs] [Times: user=0.52 sys=0.00, real=0.07 secs] 
379.527: Total time for which application threads were stopped: 0.0744250 seconds, Stopping threads took: 0.0000810 seconds
379.551: Application time: 0.0246950 seconds
379.552: [Full GC [PSYoungGen: 138752K->33339K(161280K)] [ParOldGen: 367289K->367289K(367616K)] 506041K->400628K(528896K) [PSPermGen: 13648K->13648K(21504K)], 0.0734150 secs] [Times: user=0.51 sys=0.00, real=0.07 secs] 
379.626: Total time for which application threads were stopped: 0.0740560 seconds, Stopping threads took: 0.0000750 seconds
379.651: Application time: 0.0258730 seconds
379.652: [Full GC [PSYoungGen: 138752K->33352K(161280K)] [ParOldGen: 367289K->367289K(367616K)] 506041K->400642K(528896K) [PSPermGen: 13648K->13648K(21504K)], 0.0735200 secs] [Times: user=0.52 sys=0.00, real=0.07 secs] 
379.726: Total time for which application threads were stopped: 0.0741410 seconds, Stopping threads took: 0.0000740 seconds
379.750: Application time: 0.0249470 seconds
379.751: [Full GC [PSYoungGen: 138752K->33367K(161280K)] [ParOldGen: 367289K->367289K(367616K)] 506041K->400656K(528896K) [PSPermGen: 13648K->13648K(21504K)], 0.0737970 secs] [Times: user=0.51 sys=0.00, real=0.08 secs] 
379.825: Total time for which application threads were stopped: 0.0744490 seconds, Stopping threads took: 0.0000760 seconds
379.850: Application time: 0.0250590 seconds
379.852: [Full GC [PSYoungGen: 138752K->33383K(161280K)] [ParOldGen: 367289K->367289K(367616K)] 506041K->400672K(528896K) [PSPermGen: 13648K->13648K(21504K)], 0.0747500 secs] [Times: user=0.53 sys=0.00, real=0.07 secs] 
379.927: Total time for which application threads were stopped: 0.0766980 seconds, Stopping threads took: 0.0013740 seconds
379.952: Application time: 0.0248930 seconds
379.952: [Full GC [PSYoungGen: 138752K->33397K(161280K)] [ParOldGen: 367289K->367289K(367616K)] 506041K->400686K(528896K) [PSPermGen: 13648K->13648K(21504K)], 0.0740530 secs] [Times: user=0.51 sys=0.00, real=0.07 secs] 
380.026: Total time for which application threads were stopped: 0.0746900 seconds, Stopping threads took: 0.0000680 seconds
380.052: Application time: 0.0253620 seconds
380.052: [Full GC [PSYoungGen: 138752K->33349K(161280K)] [ParOldGen: 367289K->367289K(367616K)] 506041K->400639K(528896K) [PSPermGen: 13648K->13648K(21504K)], 0.0735180 secs] [Times: user=0.52 sys=0.00, real=0.07 secs] 
380.126: Total time for which application threads were stopped: 0.0741300 seconds, Stopping threads took: 0.0000540 seconds
380.151: Application time: 0.0253810 seconds
380.152: [Full GC [PSYoungGen: 138752K->33356K(161280K)] [ParOldGen: 367289K->367289K(367616K)] 506041K->400646K(528896K) [PSPermGen: 13648K->13648K(21504K)], 0.0731080 secs] [Times: user=0.51 sys=0.00, real=0.07 secs] 
380.225: Total time for which application threads were stopped: 0.0737550 seconds, Stopping threads took: 0.0000490 seconds
380.250: Application time: 0.0249150 seconds
380.250: [Full GC [PSYoungGen: 138752K->33370K(161280K)] [ParOldGen: 367289K->367289K(367616K)] 506041K->400659K(528896K) [PSPermGen: 13648K->13648K(21504K)], 0.0751510 secs] [Times: user=0.51 sys=0.01, real=0.08 secs] 
380.326: Total time for which application threads were stopped: 0.0757920 seconds, Stopping threads took: 0.0000620 seconds
380.350: Application time: 0.0247990 seconds
380.351: [Full GC [PSYoungGen: 138752K->33386K(161280K)] [ParOldGen: 367289K->367289K(367616K)] 506041K->400676K(528896K) [PSPermGen: 13648K->13648K(21504K)], 0.0734170 secs] [Times: user=0.52 sys=0.00, real=0.08 secs] 
380.425: Total time for which application threads were stopped: 0.0740780 seconds, Stopping threads took: 0.0000550 seconds
380.449: Application time: 0.0245080 seconds
380.450: [Full GC [PSYoungGen: 138752K->33400K(161280K)] [ParOldGen: 367289K->367289K(367616K)] 506041K->400689K(528896K) [PSPermGen: 13648K->13648K(21504K)], 0.0737750 secs] [Times: user=0.52 sys=0.00, real=0.08 secs] 
380.523: Total time for which application threads were stopped: 0.0744030 seconds, Stopping threads took: 0.0000670 seconds
380.548: Application time: 0.0247460 seconds
380.549: [Full GC [PSYoungGen: 138752K->33415K(161280K)] [ParOldGen: 367289K->367289K(367616K)] 506041K->400704K(528896K) [PSPermGen: 13648K->13648K(21504K)], 0.0733290 secs] [Times: user=0.52 sys=0.00, real=0.07 secs] 
380.622: Total time for which application threads were stopped: 0.0739540 seconds, Stopping threads took: 0.0000710 seconds
380.648: Application time: 0.0257520 seconds
380.648: [Full GC [PSYoungGen: 138752K->33432K(161280K)] [ParOldGen: 367289K->367289K(367616K)] 506041K->400721K(528896K) [PSPermGen: 13648K->13648K(21504K)], 0.0729570 secs] [Times: user=0.51 sys=0.00, real=0.07 secs] 
380.722: Total time for which application threads were stopped: 0.0735800 seconds, Stopping threads took: 0.0000830 seconds
380.747: Application time: 0.0252010 seconds
380.747: [Full GC [PSYoungGen: 138752K->33446K(161280K)] [ParOldGen: 367289K->367289K(367616K)] 506041K->400735K(528896K) [PSPermGen: 13648K->13648K(21504K)], 0.0731590 secs] [Times: user=0.51 sys=0.00, real=0.07 secs] 
380.820: Total time for which application threads were stopped: 0.0737780 seconds, Stopping threads took: 0.0000670 seconds
380.846: Application time: 0.0250560 seconds
380.846: [Full GC [PSYoungGen: 138752K->33460K(161280K)] [ParOldGen: 367289K->367289K(367616K)] 506041K->400749K(528896K) [PSPermGen: 13648K->13648K(21504K)], 0.0732000 secs] [Times: user=0.50 sys=0.01, real=0.07 secs] 
380.919: Total time for which application threads were stopped: 0.0738470 seconds, Stopping threads took: 0.0000600 seconds
380.945: Application time: 0.0253920 seconds
380.945: [Full GC [PSYoungGen: 138752K->33409K(161280K)] [ParOldGen: 367289K->367289K(367616K)] 506041K->400698K(528896K) [PSPermGen: 13648K->13648K(21504K)], 0.0744830 secs] [Times: user=0.52 sys=0.00, real=0.07 secs] 
381.020: Total time for which application threads were stopped: 0.0751490 seconds, Stopping threads took: 0.0000670 seconds
381.045: Application time: 0.0252930 seconds
381.046: [Full GC [PSYoungGen: 138752K->33421K(161280K)] [ParOldGen: 367289K->367289K(367616K)] 506041K->400710K(528896K) [PSPermGen: 13648K->13648K(21504K)], 0.0760930 secs] [Times: user=0.54 sys=0.00, real=0.07 secs] 
381.122: Total time for which application threads were stopped: 0.0767430 seconds, Stopping threads took: 0.0000780 seconds
381.147: Application time: 0.0249820 seconds
381.148: [Full GC [PSYoungGen: 138752K->33439K(161280K)] [ParOldGen: 367289K->367289K(367616K)] 506041K->400728K(528896K) [PSPermGen: 13648K->13648K(21504K)], 0.0732660 secs] [Times: user=0.51 sys=0.00, real=0.07 secs] 
381.221: Total time for which application threads were stopped: 0.0739280 seconds, Stopping threads took: 0.0001000 seconds
381.246: Application time: 0.0250540 seconds
381.247: [Full GC [PSYoungGen: 138752K->33453K(161280K)] [ParOldGen: 367289K->367289K(367616K)] 506041K->400743K(528896K) [PSPermGen: 13648K->13648K(21504K)], 0.0736480 secs] [Times: user=0.52 sys=0.00, real=0.07 secs] 
381.320: Total time for which application threads were stopped: 0.0742970 seconds, Stopping threads took: 0.0000850 seconds
381.345: Application time: 0.0249590 seconds
381.346: [Full GC [PSYoungGen: 138752K->33467K(161280K)] [ParOldGen: 367289K->367289K(367616K)] 506041K->400756K(528896K) [PSPermGen: 13648K->13648K(21504K)], 0.0725330 secs] [Times: user=0.51 sys=0.00, real=0.07 secs] 
381.418: Total time for which application threads were stopped: 0.0732180 seconds, Stopping threads took: 0.0000470 seconds
381.443: Application time: 0.0249920 seconds
381.444: [Full GC [PSYoungGen: 138752K->33482K(161280K)] [ParOldGen: 367289K->367289K(367616K)] 506041K->400772K(528896K) [PSPermGen: 13648K->13648K(21504K)], 0.0739550 secs] [Times: user=0.51 sys=0.00, real=0.07 secs] 
381.518: Total time for which application threads were stopped: 0.0745940 seconds, Stopping threads took: 0.0000880 seconds
381.543: Application time: 0.0249400 seconds
381.544: [Full GC [PSYoungGen: 138752K->33497K(161280K)] [ParOldGen: 367289K->367289K(367616K)] 506041K->400786K(528896K) [PSPermGen: 13648K->13648K(21504K)], 0.0729730 secs] [Times: user=0.52 sys=0.00, real=0.07 secs] 
381.617: Total time for which application threads were stopped: 0.0737070 seconds, Stopping threads took: 0.0000850 seconds
381.642: Application time: 0.0253370 seconds
381.643: [Full GC [PSYoungGen: 138752K->33511K(161280K)] [ParOldGen: 367289K->367289K(367616K)] 506041K->400801K(528896K) [PSPermGen: 13648K->13648K(21504K)], 0.0736390 secs] [Times: user=0.52 sys=0.00, real=0.08 secs] 
381.716: Total time for which application threads were stopped: 0.0744280 seconds, Stopping threads took: 0.0000790 seconds
381.742: Application time: 0.0252630 seconds
381.742: [Full GC [PSYoungGen: 138752K->33473K(161280K)] [ParOldGen: 367289K->367289K(367616K)] 506041K->400762K(528896K) [PSPermGen: 13648K->13648K(21504K)], 0.0726280 secs] [Times: user=0.51 sys=0.00, real=0.08 secs] 
381.815: Total time for which application threads were stopped: 0.0733120 seconds, Stopping threads took: 0.0000650 seconds
381.841: Application time: 0.0261220 seconds
381.842: [Full GC [PSYoungGen: 138752K->33472K(161280K)] [ParOldGen: 367289K->367289K(367616K)] 506041K->400762K(528896K) [PSPermGen: 13648K->13648K(21504K)], 0.0725160 secs] [Times: user=0.51 sys=0.00, real=0.08 secs] 
381.914: Total time for which application threads were stopped: 0.0732100 seconds, Stopping threads took: 0.0000550 seconds
381.939: Application time: 0.0251250 seconds
381.940: [Full GC [PSYoungGen: 138752K->33486K(161280K)] [ParOldGen: 367289K->367289K(367616K)] 506041K->400776K(528896K) [PSPermGen: 13648K->13648K(21504K)], 0.0732750 secs] [Times: user=0.51 sys=0.00, real=0.08 secs] 
382.013: Total time for which application threads were stopped: 0.0739110 seconds, Stopping threads took: 0.0000690 seconds
382.039: Application time: 0.0255620 seconds
382.040: [Full GC [PSYoungGen: 138752K->33502K(161280K)] [ParOldGen: 367289K->367289K(367616K)] 506041K->400792K(528896K) [PSPermGen: 13648K->13648K(21504K)], 0.0739750 secs] [Times: user=0.52 sys=0.00, real=0.08 secs] 
382.114: Total time for which application threads were stopped: 0.0746330 seconds, Stopping threads took: 0.0000710 seconds
382.139: Application time: 0.0252120 seconds
382.139: [Full GC [PSYoungGen: 138752K->33518K(161280K)] [ParOldGen: 367289K->367289K(367616K)] 506041K->400808K(528896K) [PSPermGen: 13648K->13648K(21504K)], 0.0732050 secs] [Times: user=0.52 sys=0.00, real=0.08 secs] 
382.213: Total time for which application threads were stopped: 0.0739360 seconds, Stopping threads took: 0.0000630 seconds
382.238: Application time: 0.0249430 seconds
382.238: [Full GC [PSYoungGen: 138752K->33533K(161280K)] [ParOldGen: 367289K->367289K(367616K)] 506041K->400822K(528896K) [PSPermGen: 13648K->13648K(21504K)], 0.0729090 secs] [Times: user=0.52 sys=0.00, real=0.07 secs] 
382.311: Total time for which application threads were stopped: 0.0735370 seconds, Stopping threads took: 0.0000700 seconds
382.336: Application time: 0.0250890 seconds
382.337: [Full GC [PSYoungGen: 138752K->33546K(161280K)] [ParOldGen: 367289K->367289K(367616K)] 506041K->400836K(528896K) [PSPermGen: 13648K->13648K(21504K)], 0.0729860 secs] [Times: user=0.51 sys=0.00, real=0.07 secs] 
382.410: Total time for which application threads were stopped: 0.0736440 seconds, Stopping threads took: 0.0000850 seconds
382.436: Application time: 0.0257150 seconds
382.436: [Full GC [PSYoungGen: 138752K->33509K(161280K)] [ParOldGen: 367289K->367289K(367616K)] 506041K->400799K(528896K) [PSPermGen: 13648K->13648K(21504K)], 0.0737620 secs] [Times: user=0.51 sys=0.00, real=0.07 secs] 
382.510: Total time for which application threads were stopped: 0.0744190 seconds, Stopping threads took: 0.0000990 seconds
382.536: Application time: 0.0257570 seconds
382.536: [Full GC [PSYoungGen: 138752K->33398K(161280K)] [ParOldGen: 367289K->367289K(367616K)] 506041K->400688K(528896K) [PSPermGen: 13648K->13648K(21504K)], 0.0732220 secs] [Times: user=0.51 sys=0.00, real=0.07 secs] 
382.610: Total time for which application threads were stopped: 0.0738760 seconds, Stopping threads took: 0.0000890 seconds
382.635: Application time: 0.0251050 seconds
382.635: [Full GC [PSYoungGen: 138752K->33381K(161280K)] [ParOldGen: 367289K->367289K(367616K)] 506041K->400670K(528896K) [PSPermGen: 13648K->13648K(21504K)], 0.0735530 secs] [Times: user=0.52 sys=0.00, real=0.07 secs] 
382.709: Total time for which application threads were stopped: 0.0742020 seconds, Stopping threads took: 0.0000660 seconds
382.734: Application time: 0.0248540 seconds
382.735: [Full GC [PSYoungGen: 138752K->33398K(161280K)] [ParOldGen: 367289K->367289K(367616K)] 506041K->400687K(528896K) [PSPermGen: 13648K->13648K(21504K)], 0.0728960 secs] [Times: user=0.51 sys=0.00, real=0.07 secs] 
382.808: Total time for which application threads were stopped: 0.0735790 seconds, Stopping threads took: 0.0000740 seconds
382.833: Application time: 0.0252690 seconds
382.833: [Full GC [PSYoungGen: 138752K->33413K(161280K)] [ParOldGen: 367289K->367289K(367616K)] 506041K->400702K(528896K) [PSPermGen: 13648K->13648K(21504K)], 0.0730260 secs] [Times: user=0.52 sys=0.00, real=0.07 secs] 
382.907: Total time for which application threads were stopped: 0.0737040 seconds, Stopping threads took: 0.0001000 seconds
382.932: Application time: 0.0255650 seconds
382.933: [Full GC [PSYoungGen: 138752K->33313K(161280K)] [ParOldGen: 367289K->367289K(367616K)] 506041K->400602K(528896K) [PSPermGen: 13648K->13648K(21504K)], 0.0741000 secs] [Times: user=0.51 sys=0.00, real=0.07 secs] 
383.007: Total time for which application threads were stopped: 0.0747290 seconds, Stopping threads took: 0.0000800 seconds
383.032: Application time: 0.0252890 seconds
383.033: [Full GC [PSYoungGen: 138752K->33302K(161280K)] [ParOldGen: 367289K->367289K(367616K)] 506041K->400591K(528896K) [PSPermGen: 13648K->13648K(21504K)], 0.0731330 secs] [Times: user=0.52 sys=0.00, real=0.07 secs] 
383.106: Total time for which application threads were stopped: 0.0738380 seconds, Stopping threads took: 0.0001310 seconds
383.131: Application time: 0.0251480 seconds
383.132: [Full GC [PSYoungGen: 138752K->33316K(161280K)] [ParOldGen: 367289K->367289K(367616K)] 506041K->400605K(528896K) [PSPermGen: 13648K->13648K(21504K)], 0.0727240 secs] [Times: user=0.51 sys=0.00, real=0.07 secs] 
383.205: Total time for which application threads were stopped: 0.0734630 seconds, Stopping threads took: 0.0000700 seconds
383.229: Application time: 0.0248680 seconds
383.230: [Full GC [PSYoungGen: 138752K->33332K(161280K)] [ParOldGen: 367289K->367289K(367616K)] 506041K->400621K(528896K) [PSPermGen: 13648K->13648K(21504K)], 0.0729350 secs] [Times: user=0.51 sys=0.00, real=0.07 secs] 
383.303: Total time for which application threads were stopped: 0.0735480 seconds, Stopping threads took: 0.0000480 seconds
383.328: Application time: 0.0251000 seconds
383.329: [Full GC [PSYoungGen: 138752K->33344K(161280K)] [ParOldGen: 367289K->367289K(367616K)] 506041K->400634K(528896K) [PSPermGen: 13648K->13648K(21504K)], 0.0743010 secs] [Times: user=0.51 sys=0.01, real=0.07 secs] 
383.403: Total time for which application threads were stopped: 0.0749520 seconds, Stopping threads took: 0.0000550 seconds
383.428: Application time: 0.0248650 seconds
383.428: [Full GC [PSYoungGen: 138752K->33363K(161280K)] [ParOldGen: 367289K->367289K(367616K)] 506041K->400653K(528896K) [PSPermGen: 13648K->13648K(21504K)], 0.0734680 secs] [Times: user=0.52 sys=0.00, real=0.07 secs] 
383.502: Total time for which application threads were stopped: 0.0741040 seconds, Stopping threads took: 0.0000800 seconds
383.527: Application time: 0.0251170 seconds
383.528: [Full GC [PSYoungGen: 138752K->33376K(161280K)] [ParOldGen: 367289K->367289K(367616K)] 506041K->400666K(528896K) [PSPermGen: 13648K->13648K(21504K)], 0.0758580 secs] [Times: user=0.53 sys=0.00, real=0.08 secs] 
383.604: Total time for which application threads were stopped: 0.0765080 seconds, Stopping threads took: 0.0000660 seconds
383.629: Application time: 0.0251820 seconds
383.629: [Full GC [PSYoungGen: 138752K->33385K(161280K)] [ParOldGen: 367289K->367289K(367616K)] 506041K->400675K(528896K) [PSPermGen: 13648K->13648K(21504K)], 0.0739830 secs] [Times: user=0.52 sys=0.00, real=0.08 secs] 
383.704: Total time for which application threads were stopped: 0.0746820 seconds, Stopping threads took: 0.0000710 seconds
383.729: Application time: 0.0254910 seconds
383.730: [Full GC [PSYoungGen: 138752K->33409K(161280K)] [ParOldGen: 367289K->367289K(367616K)] 506041K->400698K(528896K) [PSPermGen: 13648K->13648K(21504K)], 0.0742550 secs] [Times: user=0.52 sys=0.00, real=0.08 secs] 
383.804: Total time for which application threads were stopped: 0.0748810 seconds, Stopping threads took: 0.0000460 seconds
383.829: Application time: 0.0255750 seconds
383.830: [Full GC [PSYoungGen: 138752K->33422K(161280K)] [ParOldGen: 367289K->367289K(367616K)] 506041K->400711K(528896K) [PSPermGen: 13648K->13648K(21504K)], 0.0731320 secs] [Times: user=0.51 sys=0.00, real=0.07 secs] 
383.903: Total time for which application threads were stopped: 0.0737910 seconds, Stopping threads took: 0.0000500 seconds
383.928: Application time: 0.0250160 seconds
383.929: [Full GC [PSYoungGen: 138752K->33437K(161280K)] [ParOldGen: 367289K->367289K(367616K)] 506041K->400727K(528896K) [PSPermGen: 13648K->13648K(21504K)], 0.0731940 secs] [Times: user=0.52 sys=0.00, real=0.07 secs] 
384.002: Total time for which application threads were stopped: 0.0738400 seconds, Stopping threads took: 0.0000710 seconds
384.028: Application time: 0.0255760 seconds
384.028: [Full GC [PSYoungGen: 138752K->33398K(161280K)] [ParOldGen: 367289K->367289K(367616K)] 506041K->400687K(528896K) [PSPermGen: 13648K->13648K(21504K)], 0.0739150 secs] [Times: user=0.52 sys=0.00, real=0.07 secs] 
384.102: Total time for which application threads were stopped: 0.0745710 seconds, Stopping threads took: 0.0000720 seconds
384.127: Application time: 0.0248530 seconds
384.128: [Full GC [PSYoungGen: 138752K->33396K(161280K)] [ParOldGen: 367289K->367289K(367616K)] 506041K->400686K(528896K) [PSPermGen: 13648K->13648K(21504K)], 0.0725410 secs] [Times: user=0.52 sys=0.00, real=0.07 secs] 
384.200: Total time for which application threads were stopped: 0.0732670 seconds, Stopping threads took: 0.0000830 seconds
384.225: Application time: 0.0248860 seconds
384.226: [Full GC [PSYoungGen: 138752K->33412K(161280K)] [ParOldGen: 367289K->367289K(367616K)] 506041K->400701K(528896K) [PSPermGen: 13648K->13648K(21504K)], 0.0726930 secs] [Times: user=0.50 sys=0.00, real=0.07 secs] 
384.299: Total time for which application threads were stopped: 0.0733380 seconds, Stopping threads took: 0.0000900 seconds
384.324: Application time: 0.0251360 seconds
384.324: [Full GC [PSYoungGen: 138752K->33428K(161280K)] [ParOldGen: 367289K->367289K(367616K)] 506041K->400717K(528896K) [PSPermGen: 13648K->13648K(21504K)], 0.0730400 secs] [Times: user=0.51 sys=0.00, real=0.07 secs] 
384.398: Total time for which application threads were stopped: 0.0737330 seconds, Stopping threads took: 0.0000620 seconds
384.422: Application time: 0.0247150 seconds
384.423: [Full GC [PSYoungGen: 138752K->33444K(161280K)] [ParOldGen: 367289K->367289K(367616K)] 506041K->400733K(528896K) [PSPermGen: 13648K->13648K(21504K)], 0.0729630 secs] [Times: user=0.51 sys=0.00, real=0.08 secs] 
384.496: Total time for which application threads were stopped: 0.0736140 seconds, Stopping threads took: 0.0000730 seconds
384.521: Application time: 0.0248820 seconds
384.521: [Full GC [PSYoungGen: 138752K->33456K(161280K)] [ParOldGen: 367289K->367289K(367616K)] 506041K->400745K(528896K) [PSPermGen: 13648K->13648K(21504K)], 0.0726980 secs] [Times: user=0.51 sys=0.00, real=0.08 secs] 
384.594: Total time for which application threads were stopped: 0.0733200 seconds, Stopping threads took: 0.0000590 seconds
384.619: Application time: 0.0251920 seconds
384.620: [Full GC [PSYoungGen: 138752K->33418K(161280K)] [ParOldGen: 367289K->367289K(367616K)] 506041K->400707K(528896K) [PSPermGen: 13648K->13648K(21504K)], 0.0736990 secs] [Times: user=0.51 sys=0.00, real=0.08 secs] 
384.694: Total time for which application threads were stopped: 0.0743580 seconds, Stopping threads took: 0.0000540 seconds
384.718: Application time: 0.0247000 seconds
384.719: [Full GC [PSYoungGen: 138752K->33418K(161280K)] [ParOldGen: 367289K->367289K(367616K)] 506041K->400707K(528896K) [PSPermGen: 13648K->13648K(21504K)], 0.0730430 secs] [Times: user=0.51 sys=0.00, real=0.08 secs] 
384.792: Total time for which application threads were stopped: 0.0737830 seconds, Stopping threads took: 0.0001030 seconds
384.817: Application time: 0.0247810 seconds
384.818: [Full GC [PSYoungGen: 138752K->33432K(161280K)] [ParOldGen: 367289K->367289K(367616K)] 506041K->400721K(528896K) [PSPermGen: 13648K->13648K(21504K)], 0.0781730 secs] [Times: user=0.55 sys=0.00, real=0.08 secs] 
384.896: Total time for which application threads were stopped: 0.0789110 seconds, Stopping threads took: 0.0000980 seconds
384.921: Application time: 0.0251140 seconds
384.922: [Full GC [PSYoungGen: 138752K->33448K(161280K)] [ParOldGen: 367289K->367289K(367616K)] 506041K->400737K(528896K) [PSPermGen: 13648K->13648K(21504K)], 0.0737100 secs] [Times: user=0.52 sys=0.01, real=0.08 secs] 
384.995: Total time for which application threads were stopped: 0.0743850 seconds, Stopping threads took: 0.0000880 seconds
385.020: Application time: 0.0247370 seconds
385.021: [Full GC [PSYoungGen: 138752K->33462K(161280K)] [ParOldGen: 367289K->367289K(367616K)] 506041K->400752K(528896K) [PSPermGen: 13648K->13648K(21504K)], 0.0728790 secs] [Times: user=0.51 sys=0.00, real=0.08 secs] 
385.094: Total time for which application threads were stopped: 0.0736040 seconds, Stopping threads took: 0.0000620 seconds
385.119: Application time: 0.0251020 seconds
385.119: [Full GC [PSYoungGen: 138752K->33477K(161280K)] [ParOldGen: 367289K->367289K(367616K)] 506041K->400766K(528896K) [PSPermGen: 13648K->13648K(21504K)], 0.0742000 secs] [Times: user=0.52 sys=0.00, real=0.08 secs] 
385.194: Total time for which application threads were stopped: 0.0748510 seconds, Stopping threads took: 0.0000710 seconds
385.219: Application time: 0.0252040 seconds
385.219: [Full GC [PSYoungGen: 138752K->33491K(161280K)] [ParOldGen: 367289K->367289K(367616K)] 506041K->400781K(528896K) [PSPermGen: 13648K->13648K(21504K)], 0.0734100 secs] [Times: user=0.51 sys=0.00, real=0.08 secs] 
385.293: Total time for which application threads were stopped: 0.0740300 seconds, Stopping threads took: 0.0000460 seconds
385.318: Application time: 0.0250250 seconds
385.318: [Full GC [PSYoungGen: 138752K->33508K(161280K)] [ParOldGen: 367289K->367289K(367616K)] 506041K->400797K(528896K) [PSPermGen: 13648K->13648K(21504K)], 0.0738870 secs] [Times: user=0.52 sys=0.00, real=0.08 secs] 
385.392: Total time for which application threads were stopped: 0.0745270 seconds, Stopping threads took: 0.0000610 seconds
385.417: Application time: 0.0250920 seconds
385.418: [Full GC [PSYoungGen: 138752K->33521K(161280K)] [ParOldGen: 367289K->367289K(367616K)] 506041K->400810K(528896K) [PSPermGen: 13648K->13648K(21504K)], 0.0733000 secs] [Times: user=0.52 sys=0.00, real=0.08 secs] 
385.491: Total time for which application threads were stopped: 0.0739760 seconds, Stopping threads took: 0.0000550 seconds
385.517: Application time: 0.0252550 seconds
385.517: [Full GC [PSYoungGen: 138752K->33536K(161280K)] [ParOldGen: 367289K->367289K(367616K)] 506041K->400825K(528896K) [PSPermGen: 13648K->13648K(21504K)], 0.0730950 secs] [Times: user=0.52 sys=0.00, real=0.07 secs] 
385.590: Total time for which application threads were stopped: 0.0737540 seconds, Stopping threads took: 0.0000820 seconds
385.616: Application time: 0.0255820 seconds
385.617: [Full GC [PSYoungGen: 138752K->33501K(161280K)] [ParOldGen: 367289K->367289K(367616K)] 506041K->400790K(528896K) [PSPermGen: 13648K->13648K(21504K)], 0.0739650 secs] [Times: user=0.52 sys=0.00, real=0.07 secs] 
385.691: Total time for which application threads were stopped: 0.0746050 seconds, Stopping threads took: 0.0000560 seconds
385.716: Application time: 0.0250140 seconds
385.716: [Full GC [PSYoungGen: 138752K->33496K(161280K)] [ParOldGen: 367289K->367289K(367616K)] 506041K->400785K(528896K) [PSPermGen: 13648K->13648K(21504K)], 0.0725940 secs] [Times: user=0.51 sys=0.00, real=0.07 secs] 
385.789: Total time for which application threads were stopped: 0.0732200 seconds, Stopping threads took: 0.0000550 seconds
385.814: Application time: 0.0249050 seconds
385.814: [Full GC [PSYoungGen: 138752K->33513K(161280K)] [ParOldGen: 367289K->367289K(367616K)] 506041K->400802K(528896K) [PSPermGen: 13648K->13648K(21504K)], 0.0739270 secs] [Times: user=0.52 sys=0.00, real=0.07 secs] 
385.888: Total time for which application threads were stopped: 0.0746010 seconds, Stopping threads took: 0.0000440 seconds
385.913: Application time: 0.0250230 seconds
385.914: [Full GC [PSYoungGen: 138752K->33527K(161280K)] [ParOldGen: 367289K->367289K(367616K)] 506041K->400816K(528896K) [PSPermGen: 13648K->13648K(21504K)], 0.0732450 secs] [Times: user=0.52 sys=0.00, real=0.07 secs] 
385.987: Total time for which application threads were stopped: 0.0739240 seconds, Stopping threads took: 0.0000760 seconds
386.013: Application time: 0.0251890 seconds
386.013: [Full GC [PSYoungGen: 138752K->33543K(161280K)] [ParOldGen: 367289K->367289K(367616K)] 506041K->400832K(528896K) [PSPermGen: 13648K->13648K(21504K)], 0.0725740 secs] [Times: user=0.52 sys=0.00, real=0.07 secs] 
386.086: Total time for which application threads were stopped: 0.0732990 seconds, Stopping threads took: 0.0000730 seconds
386.112: Application time: 0.0261160 seconds
386.113: [Full GC [PSYoungGen: 138752K->33549K(161280K)] [ParOldGen: 367289K->367289K(367616K)] 506041K->400838K(528896K) [PSPermGen: 13648K->13648K(21504K)], 0.0726200 secs] [Times: user=0.51 sys=0.00, real=0.07 secs] 
386.185: Total time for which application threads were stopped: 0.0732850 seconds, Stopping threads took: 0.0000770 seconds
386.211: Application time: 0.0255450 seconds
386.211: [Full GC [PSYoungGen: 138752K->33380K(161280K)] [ParOldGen: 367289K->367289K(367616K)] 506041K->400669K(528896K) [PSPermGen: 13648K->13648K(21504K)], 0.0733040 secs] [Times: user=0.52 sys=0.00, real=0.07 secs] 
386.285: Total time for which application threads were stopped: 0.0739310 seconds, Stopping threads took: 0.0000390 seconds
386.310: Application time: 0.0251500 seconds
386.310: [Full GC [PSYoungGen: 138752K->33375K(161280K)] [ParOldGen: 367289K->367289K(367616K)] 506041K->400664K(528896K) [PSPermGen: 13648K->13648K(21504K)], 0.0761540 secs] [Times: user=0.51 sys=0.00, real=0.08 secs] 
386.387: Total time for which application threads were stopped: 0.0767740 seconds, Stopping threads took: 0.0000530 seconds
386.412: Application time: 0.0252080 seconds
386.412: [Full GC [PSYoungGen: 138752K->33390K(161280K)] [ParOldGen: 367289K->367289K(367616K)] 506041K->400679K(528896K) [PSPermGen: 13648K->13648K(21504K)], 0.0741300 secs] [Times: user=0.52 sys=0.00, real=0.07 secs] 
386.487: Total time for which application threads were stopped: 0.0747610 seconds, Stopping threads took: 0.0000540 seconds
386.512: Application time: 0.0248680 seconds
386.512: [Full GC [PSYoungGen: 138752K->33340K(161280K)] [ParOldGen: 367289K->367289K(367616K)] 506041K->400629K(528896K) [PSPermGen: 13648K->13648K(21504K)], 0.0725370 secs] [Times: user=0.51 sys=0.00, real=0.07 secs] 
386.585: Total time for which application threads were stopped: 0.0732490 seconds, Stopping threads took: 0.0000660 seconds
386.610: Application time: 0.0250460 seconds
386.610: [Full GC [PSYoungGen: 138752K->33353K(161280K)] [ParOldGen: 367289K->367289K(367616K)] 506041K->400642K(528896K) [PSPermGen: 13648K->13648K(21504K)], 0.0741050 secs] [Times: user=0.52 sys=0.00, real=0.08 secs] 
386.685: Total time for which application threads were stopped: 0.0747400 seconds, Stopping threads took: 0.0000600 seconds
386.710: Application time: 0.0250000 seconds
386.710: [Full GC [PSYoungGen: 138752K->33368K(161280K)] [ParOldGen: 367289K->367289K(367616K)] 506041K->400657K(528896K) [PSPermGen: 13648K->13648K(21504K)], 0.0753810 secs] [Times: user=0.53 sys=0.00, real=0.08 secs] 
386.786: Total time for which application threads were stopped: 0.0760470 seconds, Stopping threads took: 0.0000840 seconds
386.811: Application time: 0.0251730 seconds
386.811: [Full GC [PSYoungGen: 138752K->33381K(161280K)] [ParOldGen: 367289K->367289K(367616K)] 506041K->400670K(528896K) [PSPermGen: 13648K->13648K(21504K)], 0.0752170 secs] [Times: user=0.53 sys=0.00, real=0.07 secs] 
386.887: Total time for which application threads were stopped: 0.0759150 seconds, Stopping threads took: 0.0000910 seconds
386.912: Application time: 0.0255650 seconds
386.913: [Full GC [PSYoungGen: 138752K->33344K(161280K)] [ParOldGen: 367289K->367289K(367616K)] 506041K->400633K(528896K) [PSPermGen: 13648K->13648K(21504K)], 0.0731150 secs] [Times: user=0.52 sys=0.00, real=0.07 secs] 
386.986: Total time for which application threads were stopped: 0.0738200 seconds, Stopping threads took: 0.0000700 seconds
387.011: Application time: 0.0250770 seconds
387.012: [Full GC [PSYoungGen: 138752K->33344K(161280K)] [ParOldGen: 367289K->367289K(367616K)] 506041K->400633K(528896K) [PSPermGen: 13648K->13648K(21504K)], 0.0737300 secs] [Times: user=0.52 sys=0.00, real=0.07 secs] 
387.086: Total time for which application threads were stopped: 0.0744270 seconds, Stopping threads took: 0.0000400 seconds
387.111: Application time: 0.0248770 seconds
387.111: [Full GC [PSYoungGen: 138752K->33357K(161280K)] [ParOldGen: 367289K->367289K(367616K)] 506041K->400647K(528896K) [PSPermGen: 13648K->13648K(21504K)], 0.0729230 secs] [Times: user=0.51 sys=0.00, real=0.08 secs] 
387.184: Total time for which application threads were stopped: 0.0736170 seconds, Stopping threads took: 0.0000460 seconds
387.209: Application time: 0.0247300 seconds
387.209: [Full GC [PSYoungGen: 138752K->33372K(161280K)] [ParOldGen: 367289K->367289K(367616K)] 506041K->400661K(528896K) [PSPermGen: 13648K->13648K(21504K)], 0.0731530 secs] [Times: user=0.51 sys=0.00, real=0.07 secs] 
387.283: Total time for which application threads were stopped: 0.0737850 seconds, Stopping threads took: 0.0000600 seconds
387.307: Application time: 0.0246340 seconds
387.308: [Full GC [PSYoungGen: 138752K->33387K(161280K)] [ParOldGen: 367289K->367289K(367616K)] 506041K->400676K(528896K) [PSPermGen: 13648K->13648K(21504K)], 0.0732640 secs] [Times: user=0.52 sys=0.00, real=0.07 secs] 
387.381: Total time for which application threads were stopped: 0.0738780 seconds, Stopping threads took: 0.0000590 seconds
387.406: Application time: 0.0250300 seconds
387.407: [Full GC [PSYoungGen: 138752K->33402K(161280K)] [ParOldGen: 367289K->367289K(367616K)] 506041K->400691K(528896K) [PSPermGen: 13648K->13648K(21504K)], 0.0742530 secs] [Times: user=0.52 sys=0.00, real=0.07 secs] 
387.481: Total time for which application threads were stopped: 0.0749450 seconds, Stopping threads took: 0.0000840 seconds
387.506: Application time: 0.0249850 seconds
387.507: [Full GC [PSYoungGen: 138752K->33418K(161280K)] [ParOldGen: 367289K->367289K(367616K)] 506041K->400707K(528896K) [PSPermGen: 13648K->13648K(21504K)], 0.0743840 secs] [Times: user=0.52 sys=0.00, real=0.07 secs] 
387.581: Total time for which application threads were stopped: 0.0750190 seconds, Stopping threads took: 0.0000580 seconds
387.606: Application time: 0.0250580 seconds
387.607: [Full GC [PSYoungGen: 138752K->33433K(161280K)] [ParOldGen: 367289K->367289K(367616K)] 506041K->400722K(528896K) [PSPermGen: 13648K->13648K(21504K)], 0.0741460 secs] [Times: user=0.52 sys=0.00, real=0.07 secs] 
387.681: Total time for which application threads were stopped: 0.0747990 seconds, Stopping threads took: 0.0000690 seconds
387.706: Application time: 0.0252520 seconds
387.707: [Full GC [PSYoungGen: 138752K->33385K(161280K)] [ParOldGen: 367289K->367289K(367616K)] 506041K->400675K(528896K) [PSPermGen: 13648K->13648K(21504K)], 0.0738530 secs] [Times: user=0.52 sys=0.00, real=0.07 secs] 
387.781: Total time for which application threads were stopped: 0.0744880 seconds, Stopping threads took: 0.0000660 seconds
387.806: Application time: 0.0251300 seconds
387.806: [Full GC [PSYoungGen: 138752K->33391K(161280K)] [ParOldGen: 367289K->367289K(367616K)] 506041K->400680K(528896K) [PSPermGen: 13648K->13648K(21504K)], 0.0737400 secs] [Times: user=0.52 sys=0.00, real=0.07 secs] 
387.880: Total time for which application threads were stopped: 0.0743570 seconds, Stopping threads took: 0.0000530 seconds
387.906: Application time: 0.0261370 seconds
387.907: [Full GC [PSYoungGen: 138752K->33408K(161280K)] [ParOldGen: 367289K->367289K(367616K)] 506041K->400697K(528896K) [PSPermGen: 13648K->13648K(21504K)], 0.0730080 secs] [Times: user=0.51 sys=0.00, real=0.07 secs] 
387.980: Total time for which application threads were stopped: 0.0736930 seconds, Stopping threads took: 0.0000500 seconds
388.005: Application time: 0.0250140 seconds
388.006: [Full GC [PSYoungGen: 138752K->33425K(161280K)] [ParOldGen: 367289K->367289K(367616K)] 506041K->400714K(528896K) [PSPermGen: 13648K->13648K(21504K)], 0.0737240 secs] [Times: user=0.52 sys=0.00, real=0.07 secs] 
388.079: Total time for which application threads were stopped: 0.0743620 seconds, Stopping threads took: 0.0000520 seconds
388.104: Application time: 0.0245430 seconds
388.105: [Full GC [PSYoungGen: 138752K->33438K(161280K)] [ParOldGen: 367289K->367289K(367616K)] 506041K->400727K(528896K) [PSPermGen: 13648K->13648K(21504K)], 0.0744320 secs] [Times: user=0.52 sys=0.00, real=0.07 secs] 
388.179: Total time for which application threads were stopped: 0.0751200 seconds, Stopping threads took: 0.0000540 seconds
388.204: Application time: 0.0246120 seconds
388.204: [Full GC [PSYoungGen: 138752K->33453K(161280K)] [ParOldGen: 367289K->367289K(367616K)] 506041K->400742K(528896K) [PSPermGen: 13648K->13648K(21504K)], 0.0730420 secs] [Times: user=0.51 sys=0.00, real=0.07 secs] 
388.277: Total time for which application threads were stopped: 0.0736680 seconds, Stopping threads took: 0.0000610 seconds
388.303: Application time: 0.0251860 seconds
388.303: [Full GC [PSYoungGen: 138752K->33403K(161280K)] [ParOldGen: 367289K->367289K(367616K)] 506041K->400692K(528896K) [PSPermGen: 13648K->13648K(21504K)], 0.0732910 secs] [Times: user=0.52 sys=0.00, real=0.08 secs] 
388.377: Total time for which application threads were stopped: 0.0739800 seconds, Stopping threads took: 0.0000680 seconds
388.401: Application time: 0.0248610 seconds
388.402: [Full GC [PSYoungGen: 138752K->33413K(161280K)] [ParOldGen: 367289K->367289K(367616K)] 506041K->400702K(528896K) [PSPermGen: 13648K->13648K(21504K)], 0.0728770 secs] [Times: user=0.51 sys=0.00, real=0.08 secs] 
388.475: Total time for which application threads were stopped: 0.0734840 seconds, Stopping threads took: 0.0000530 seconds
388.500: Application time: 0.0251710 seconds
388.501: [Full GC [PSYoungGen: 138752K->33427K(161280K)] [ParOldGen: 367289K->367289K(367616K)] 506041K->400716K(528896K) [PSPermGen: 13648K->13648K(21504K)], 0.0739200 secs] [Times: user=0.51 sys=0.00, real=0.08 secs] 
388.575: Total time for which application threads were stopped: 0.0745560 seconds, Stopping threads took: 0.0000480 seconds
388.600: Application time: 0.0251950 seconds
388.601: [Full GC [PSYoungGen: 138752K->33442K(161280K)] [ParOldGen: 367289K->367289K(367616K)] 506041K->400732K(528896K) [PSPermGen: 13648K->13648K(21504K)], 0.0726760 secs] [Times: user=0.51 sys=0.00, real=0.08 secs] 
388.673: Total time for which application threads were stopped: 0.0733460 seconds, Stopping threads took: 0.0000670 seconds
388.698: Application time: 0.0249760 seconds
388.699: [Full GC [PSYoungGen: 138752K->33458K(161280K)] [ParOldGen: 367289K->367289K(367616K)] 506041K->400747K(528896K) [PSPermGen: 13648K->13648K(21504K)], 0.0732870 secs] [Times: user=0.51 sys=0.00, real=0.08 secs] 
388.772: Total time for which application threads were stopped: 0.0739110 seconds, Stopping threads took: 0.0000620 seconds
388.797: Application time: 0.0250510 seconds
388.798: [Full GC [PSYoungGen: 138752K->33473K(161280K)] [ParOldGen: 367289K->367289K(367616K)] 506041K->400762K(528896K) [PSPermGen: 13648K->13648K(21504K)], 0.0733560 secs] [Times: user=0.51 sys=0.00, real=0.07 secs] 
388.871: Total time for which application threads were stopped: 0.0740060 seconds, Stopping threads took: 0.0000800 seconds
388.896: Application time: 0.0250370 seconds
388.897: [Full GC [PSYoungGen: 138752K->33485K(161280K)] [ParOldGen: 367289K->367289K(367616K)] 506041K->400774K(528896K) [PSPermGen: 13648K->13648K(21504K)], 0.0736680 secs] [Times: user=0.52 sys=0.01, real=0.07 secs] 
388.971: Total time for which application threads were stopped: 0.0743090 seconds, Stopping threads took: 0.0000820 seconds
388.995: Application time: 0.0248920 seconds
388.996: [Full GC [PSYoungGen: 138752K->33502K(161280K)] [ParOldGen: 367289K->367289K(367616K)] 506041K->400792K(528896K) [PSPermGen: 13648K->13648K(21504K)], 0.0759090 secs] [Times: user=0.53 sys=0.00, real=0.08 secs] 
389.072: Total time for which application threads were stopped: 0.0765220 seconds, Stopping threads took: 0.0000470 seconds
389.097: Application time: 0.0249710 seconds
389.098: [Full GC [PSYoungGen: 138752K->33515K(161280K)] [ParOldGen: 367289K->367289K(367616K)] 506041K->400805K(528896K) [PSPermGen: 13648K->13648K(21504K)], 0.0734650 secs] [Times: user=0.52 sys=0.00, real=0.07 secs] 
389.171: Total time for which application threads were stopped: 0.0741840 seconds, Stopping threads took: 0.0000610 seconds
389.196: Application time: 0.0251020 seconds
389.197: [Full GC [PSYoungGen: 138752K->33475K(161280K)] [ParOldGen: 367289K->367289K(367616K)] 506041K->400764K(528896K) [PSPermGen: 13648K->13648K(21504K)], 0.0729320 secs] [Times: user=0.51 sys=0.00, real=0.07 secs] 
389.270: Total time for which application threads were stopped: 0.0736540 seconds, Stopping threads took: 0.0000630 seconds
389.295: Application time: 0.0248940 seconds
389.295: [Full GC [PSYoungGen: 138752K->33480K(161280K)] [ParOldGen: 367289K->367289K(367616K)] 506041K->400770K(528896K) [PSPermGen: 13648K->13648K(21504K)], 0.0731600 secs] [Times: user=0.51 sys=0.00, real=0.07 secs] 
389.369: Total time for which application threads were stopped: 0.0737920 seconds, Stopping threads took: 0.0000540 seconds
389.393: Application time: 0.0248690 seconds
389.394: [Full GC [PSYoungGen: 138752K->33492K(161280K)] [ParOldGen: 367289K->367289K(367616K)] 506041K->400781K(528896K) [PSPermGen: 13648K->13648K(21504K)], 0.0742150 secs] [Times: user=0.51 sys=0.00, real=0.07 secs] 
389.468: Total time for which application threads were stopped: 0.0748250 seconds, Stopping threads took: 0.0000530 seconds
389.493: Application time: 0.0248040 seconds
389.494: [Full GC [PSYoungGen: 138752K->33507K(161280K)] [ParOldGen: 367289K->367289K(367616K)] 506041K->400796K(528896K) [PSPermGen: 13648K->13648K(21504K)], 0.0729390 secs] [Times: user=0.51 sys=0.00, real=0.07 secs] 
389.567: Total time for which application threads were stopped: 0.0736420 seconds, Stopping threads took: 0.0000660 seconds
389.592: Application time: 0.0250350 seconds
389.592: [Full GC [PSYoungGen: 138752K->33524K(161280K)] [ParOldGen: 367289K->367289K(367616K)] 506041K->400813K(528896K) [PSPermGen: 13648K->13648K(21504K)], 0.0749460 secs] [Times: user=0.51 sys=0.01, real=0.07 secs] 
389.667: Total time for which application threads were stopped: 0.0755910 seconds, Stopping threads took: 0.0000680 seconds
389.692: Application time: 0.0249000 seconds
389.693: [Full GC [PSYoungGen: 138752K->33538K(161280K)] [ParOldGen: 367289K->367289K(367616K)] 506041K->400827K(528896K) [PSPermGen: 13648K->13648K(21504K)], 0.0733700 secs] [Times: user=0.51 sys=0.00, real=0.07 secs] 
389.766: Total time for which application threads were stopped: 0.0739870 seconds, Stopping threads took: 0.0000540 seconds
389.792: Application time: 0.0258530 seconds
389.793: [Full GC [PSYoungGen: 138752K->33389K(161280K)] [ParOldGen: 367289K->367289K(367616K)] 506041K->400679K(528896K) [PSPermGen: 13648K->13648K(21504K)], 0.0730170 secs] [Times: user=0.52 sys=0.00, real=0.07 secs] 
389.866: Total time for which application threads were stopped: 0.0736570 seconds, Stopping threads took: 0.0000460 seconds
389.891: Application time: 0.0249130 seconds
389.891: [Full GC [PSYoungGen: 138752K->33357K(161280K)] [ParOldGen: 367289K->367289K(367616K)] 506041K->400646K(528896K) [PSPermGen: 13648K->13648K(21504K)], 0.0733580 secs] [Times: user=0.51 sys=0.00, real=0.08 secs] 
389.965: Total time for which application threads were stopped: 0.0739800 seconds, Stopping threads took: 0.0000610 seconds
389.990: Application time: 0.0249380 seconds
389.990: [Full GC [PSYoungGen: 138752K->33372K(161280K)] [ParOldGen: 367289K->367289K(367616K)] 506041K->400661K(528896K) [PSPermGen: 13648K->13648K(21504K)], 0.0730090 secs] [Times: user=0.51 sys=0.00, real=0.07 secs] 
390.063: Total time for which application threads were stopped: 0.0737100 seconds, Stopping threads took: 0.0000560 seconds
390.088: Application time: 0.0250210 seconds
390.089: [Full GC [PSYoungGen: 138752K->33388K(161280K)] [ParOldGen: 367289K->367289K(367616K)] 506041K->400677K(528896K) [PSPermGen: 13648K->13648K(21504K)], 0.0751900 secs] [Times: user=0.53 sys=0.00, real=0.08 secs] 
390.164: Total time for which application threads were stopped: 0.0758220 seconds, Stopping threads took: 0.0000570 seconds
390.189: Application time: 0.0248060 seconds
390.190: [Full GC [PSYoungGen: 138752K->33399K(161280K)] [ParOldGen: 367289K->367289K(367616K)] 506041K->400688K(528896K) [PSPermGen: 13648K->13648K(21504K)], 0.0733810 secs] [Times: user=0.52 sys=0.00, real=0.07 secs] 
390.263: Total time for which application threads were stopped: 0.0740300 seconds, Stopping threads took: 0.0000770 seconds
390.289: Application time: 0.0255180 seconds
390.289: [Full GC [PSYoungGen: 138752K->33365K(161280K)] [ParOldGen: 367289K->367289K(367616K)] 506041K->400654K(528896K) [PSPermGen: 13648K->13648K(21504K)], 0.0734650 secs] [Times: user=0.51 sys=0.00, real=0.07 secs] 
390.363: Total time for which application threads were stopped: 0.0741080 seconds, Stopping threads took: 0.0000570 seconds
390.388: Application time: 0.0252800 seconds
390.389: [Full GC [PSYoungGen: 138752K->33363K(161280K)] [ParOldGen: 367289K->367289K(367616K)] 506041K->400652K(528896K) [PSPermGen: 13648K->13648K(21504K)], 0.0739500 secs] [Times: user=0.52 sys=0.01, real=0.07 secs] 
390.463: Total time for which application threads were stopped: 0.0746160 seconds, Stopping threads took: 0.0000550 seconds
390.487: Application time: 0.0248550 seconds
390.488: [Full GC [PSYoungGen: 138752K->33373K(161280K)] [ParOldGen: 367289K->367289K(367616K)] 506041K->400662K(528896K) [PSPermGen: 13648K->13648K(21504K)], 0.0738610 secs] [Times: user=0.52 sys=0.00, real=0.07 secs] 
390.562: Total time for which application threads were stopped: 0.0744930 seconds, Stopping threads took: 0.0000610 seconds
390.587: Application time: 0.0247390 seconds
390.587: [Full GC [PSYoungGen: 138752K->33393K(161280K)] [ParOldGen: 367289K->367289K(367616K)] 506041K->400682K(528896K) [PSPermGen: 13648K->13648K(21504K)], 0.0741390 secs] [Times: user=0.51 sys=0.00, real=0.07 secs] 
390.661: Total time for which application threads were stopped: 0.0747410 seconds, Stopping threads took: 0.0000510 seconds
390.686: Application time: 0.0250550 seconds
390.687: [Full GC [PSYoungGen: 138752K->33338K(161280K)] [ParOldGen: 367289K->367289K(367616K)] 506041K->400627K(528896K) [PSPermGen: 13648K->13648K(21504K)], 0.0731220 secs] [Times: user=0.52 sys=0.00, real=0.07 secs] 
390.760: Total time for which application threads were stopped: 0.0738110 seconds, Stopping threads took: 0.0000640 seconds
390.785: Application time: 0.0248310 seconds
390.786: [Full GC [PSYoungGen: 138752K->33352K(161280K)] [ParOldGen: 367289K->367289K(367616K)] 506041K->400641K(528896K) [PSPermGen: 13648K->13648K(21504K)], 0.0742630 secs] [Times: user=0.52 sys=0.00, real=0.07 secs] 
390.860: Total time for which application threads were stopped: 0.0749360 seconds, Stopping threads took: 0.0001040 seconds
390.885: Application time: 0.0247010 seconds
390.885: [Full GC [PSYoungGen: 138752K->33366K(161280K)] [ParOldGen: 367289K->367289K(367616K)] 506041K->400655K(528896K) [PSPermGen: 13648K->13648K(21504K)], 0.0750360 secs] [Times: user=0.52 sys=0.01, real=0.07 secs] 
390.960: Total time for which application threads were stopped: 0.0756370 seconds, Stopping threads took: 0.0000460 seconds
390.985: Application time: 0.0248050 seconds
390.986: [Full GC [PSYoungGen: 138752K->33382K(161280K)] [ParOldGen: 367289K->367289K(367616K)] 506041K->400672K(528896K) [PSPermGen: 13648K->13648K(21504K)], 0.0737390 secs] [Times: user=0.52 sys=0.00, real=0.07 secs] 
391.060: Total time for which application threads were stopped: 0.0743990 seconds, Stopping threads took: 0.0000670 seconds
391.085: Application time: 0.0253820 seconds
391.086: [Full GC [PSYoungGen: 138752K->33398K(161280K)] [ParOldGen: 367289K->367289K(367616K)] 506041K->400687K(528896K) [PSPermGen: 13648K->13648K(21504K)], 0.0738530 secs] [Times: user=0.52 sys=0.00, real=0.07 secs] 
391.159: Total time for which application threads were stopped: 0.0744940 seconds, Stopping threads took: 0.0000610 seconds
391.185: Application time: 0.0252410 seconds
391.185: [Full GC [PSYoungGen: 138752K->33413K(161280K)] [ParOldGen: 367289K->367289K(367616K)] 506041K->400703K(528896K) [PSPermGen: 13648K->13648K(21504K)], 0.0749570 secs] [Times: user=0.52 sys=0.00, real=0.07 secs] 
391.260: Total time for which application threads were stopped: 0.0756200 seconds, Stopping threads took: 0.0000790 seconds
391.286: Application time: 0.0252740 seconds
391.286: [Full GC [PSYoungGen: 138752K->33429K(161280K)] [ParOldGen: 367289K->367289K(367616K)] 506041K->400718K(528896K) [PSPermGen: 13648K->13648K(21504K)], 0.0750130 secs] [Times: user=0.53 sys=0.00, real=0.07 secs] 
391.361: Total time for which application threads were stopped: 0.0756580 seconds, Stopping threads took: 0.0000740 seconds
391.387: Application time: 0.0252130 seconds
391.387: [Full GC [PSYoungGen: 138752K->33442K(161280K)] [ParOldGen: 367289K->367289K(367616K)] 506041K->400731K(528896K) [PSPermGen: 13648K->13648K(21504K)], 0.0750940 secs] [Times: user=0.52 sys=0.00, real=0.07 secs] 
391.462: Total time for which application threads were stopped: 0.0757230 seconds, Stopping threads took: 0.0000560 seconds
391.487: Application time: 0.0252190 seconds
391.488: [Full GC [PSYoungGen: 138752K->33402K(161280K)] [ParOldGen: 367289K->367289K(367616K)] 506041K->400692K(528896K) [PSPermGen: 13648K->13648K(21504K)], 0.0741160 secs] [Times: user=0.52 sys=0.00, real=0.07 secs] 
391.562: Total time for which application threads were stopped: 0.0748020 seconds, Stopping threads took: 0.0000750 seconds
391.587: Application time: 0.0246960 seconds
391.588: [Full GC [PSYoungGen: 138752K->33403K(161280K)] [ParOldGen: 367289K->367289K(367616K)] 506041K->400692K(528896K) [PSPermGen: 13648K->13648K(21504K)], 0.0743460 secs] [Times: user=0.51 sys=0.00, real=0.07 secs] 
391.662: Total time for which application threads were stopped: 0.0749640 seconds, Stopping threads took: 0.0000580 seconds
391.687: Application time: 0.0249720 seconds
391.688: [Full GC [PSYoungGen: 138752K->33418K(161280K)] [ParOldGen: 367289K->367289K(367616K)] 506041K->400707K(528896K) [PSPermGen: 13648K->13648K(21504K)], 0.0729510 secs] [Times: user=0.51 sys=0.00, real=0.07 secs] 
391.761: Total time for which application threads were stopped: 0.0736720 seconds, Stopping threads took: 0.0000660 seconds
391.785: Application time: 0.0245560 seconds
391.786: [Full GC [PSYoungGen: 138752K->33432K(161280K)] [ParOldGen: 367289K->367289K(367616K)] 506041K->400722K(528896K) [PSPermGen: 13648K->13648K(21504K)], 0.0736120 secs] [Times: user=0.51 sys=0.00, real=0.07 secs] 
391.859: Total time for which application threads were stopped: 0.0742160 seconds, Stopping threads took: 0.0000400 seconds
391.884: Application time: 0.0247150 seconds
391.885: [Full GC [PSYoungGen: 138752K->33449K(161280K)] [ParOldGen: 367289K->367289K(367616K)] 506041K->400738K(528896K) [PSPermGen: 13648K->13648K(21504K)], 0.0737180 secs] [Times: user=0.52 sys=0.00, real=0.07 secs] 
391.958: Total time for which application threads were stopped: 0.0743510 seconds, Stopping threads took: 0.0000720 seconds
391.983: Application time: 0.0247810 seconds
391.984: [Full GC [PSYoungGen: 138752K->33458K(161280K)] [ParOldGen: 367289K->367289K(367616K)] 506041K->400747K(528896K) [PSPermGen: 13648K->13648K(21504K)], 0.0732620 secs] [Times: user=0.51 sys=0.00, real=0.07 secs] 
392.057: Total time for which application threads were stopped: 0.0739060 seconds, Stopping threads took: 0.0000760 seconds
392.082: Application time: 0.0247460 seconds
392.083: [Full GC [PSYoungGen: 138752K->33474K(161280K)] [ParOldGen: 367289K->367289K(367616K)] 506041K->400764K(528896K) [PSPermGen: 13648K->13648K(21504K)], 0.0732510 secs] [Times: user=0.52 sys=0.00, real=0.08 secs] 
392.156: Total time for which application threads were stopped: 0.0739590 seconds, Stopping threads took: 0.0000620 seconds
392.181: Application time: 0.0251480 seconds
392.182: [Full GC [PSYoungGen: 138752K->33423K(161280K)] [ParOldGen: 367289K->367289K(367616K)] 506041K->400712K(528896K) [PSPermGen: 13648K->13648K(21504K)], 0.0732130 secs] [Times: user=0.51 sys=0.00, real=0.08 secs] 
392.255: Total time for which application threads were stopped: 0.0739130 seconds, Stopping threads took: 0.0000690 seconds
392.280: Application time: 0.0247010 seconds
392.280: [Full GC [PSYoungGen: 138752K->33436K(161280K)] [ParOldGen: 367289K->367289K(367616K)] 506041K->400725K(528896K) [PSPermGen: 13648K->13648K(21504K)], 0.0736880 secs] [Times: user=0.51 sys=0.00, real=0.08 secs] 
392.354: Total time for which application threads were stopped: 0.0743780 seconds, Stopping threads took: 0.0000630 seconds
392.379: Application time: 0.0249870 seconds
392.380: [Full GC [PSYoungGen: 138752K->33451K(161280K)] [ParOldGen: 367289K->367289K(367616K)] 506041K->400740K(528896K) [PSPermGen: 13648K->13648K(21504K)], 0.0746350 secs] [Times: user=0.51 sys=0.00, real=0.08 secs] 
392.454: Total time for which application threads were stopped: 0.0752950 seconds, Stopping threads took: 0.0000540 seconds
392.479: Application time: 0.0252080 seconds
392.480: [Full GC [PSYoungGen: 138752K->33467K(161280K)] [ParOldGen: 367289K->367289K(367616K)] 506041K->400757K(528896K) [PSPermGen: 13648K->13648K(21504K)], 0.0735610 secs] [Times: user=0.52 sys=0.00, real=0.08 secs] 
392.554: Total time for which application threads were stopped: 0.0742210 seconds, Stopping threads took: 0.0000850 seconds
392.579: Application time: 0.0251650 seconds
392.579: [Full GC [PSYoungGen: 138752K->33480K(161280K)] [ParOldGen: 367289K->367289K(367616K)] 506041K->400769K(528896K) [PSPermGen: 13648K->13648K(21504K)], 0.0751930 secs] [Times: user=0.53 sys=0.00, real=0.08 secs] 
392.655: Total time for which application threads were stopped: 0.0758660 seconds, Stopping threads took: 0.0000750 seconds
392.680: Application time: 0.0249410 seconds
392.680: [Full GC [PSYoungGen: 138752K->33497K(161280K)] [ParOldGen: 367289K->367289K(367616K)] 506041K->400786K(528896K) [PSPermGen: 13648K->13648K(21504K)], 0.0728860 secs] [Times: user=0.51 sys=0.00, real=0.08 secs] 
392.753: Total time for which application threads were stopped: 0.0736190 seconds, Stopping threads took: 0.0000670 seconds
392.778: Application time: 0.0247910 seconds
392.779: [Full GC [PSYoungGen: 138752K->33513K(161280K)] [ParOldGen: 367289K->367289K(367616K)] 506041K->400802K(528896K) [PSPermGen: 13648K->13648K(21504K)], 0.0731930 secs] [Times: user=0.51 sys=0.00, real=0.08 secs] 
392.852: Total time for which application threads were stopped: 0.0738360 seconds, Stopping threads took: 0.0000790 seconds
392.877: Application time: 0.0254690 seconds
392.878: [Full GC [PSYoungGen: 138752K->33473K(161280K)] [ParOldGen: 367289K->367289K(367616K)] 506041K->400763K(528896K) [PSPermGen: 13648K->13648K(21504K)], 0.0734040 secs] [Times: user=0.51 sys=0.00, real=0.08 secs] 
392.951: Total time for which application threads were stopped: 0.0740210 seconds, Stopping threads took: 0.0000460 seconds
392.977: Application time: 0.0250770 seconds
392.977: [Full GC [PSYoungGen: 138752K->33473K(161280K)] [ParOldGen: 367289K->367289K(367616K)] 506041K->400762K(528896K) [PSPermGen: 13648K->13648K(21504K)], 0.0729600 secs] [Times: user=0.52 sys=0.00, real=0.07 secs] 
393.050: Total time for which application threads were stopped: 0.0736260 seconds, Stopping threads took: 0.0000700 seconds
393.075: Application time: 0.0244850 seconds
393.075: [Full GC [PSYoungGen: 138752K->33489K(161280K)] [ParOldGen: 367289K->367289K(367616K)] 506041K->400778K(528896K) [PSPermGen: 13648K->13648K(21504K)], 0.0733950 secs] [Times: user=0.51 sys=0.00, real=0.07 secs] 
393.149: Total time for which application threads were stopped: 0.0740310 seconds, Stopping threads took: 0.0000820 seconds
393.174: Application time: 0.0249120 seconds
393.174: [Full GC [PSYoungGen: 138752K->33502K(161280K)] [ParOldGen: 367289K->367289K(367616K)] 506041K->400791K(528896K) [PSPermGen: 13648K->13648K(21504K)], 0.0728860 secs] [Times: user=0.52 sys=0.00, real=0.07 secs] 
393.247: Total time for which application threads were stopped: 0.0735760 seconds, Stopping threads took: 0.0000440 seconds
393.272: Application time: 0.0250140 seconds
393.273: [Full GC [PSYoungGen: 138752K->33520K(161280K)] [ParOldGen: 367289K->367289K(367616K)] 506041K->400809K(528896K) [PSPermGen: 13648K->13648K(21504K)], 0.0728220 secs] [Times: user=0.51 sys=0.00, real=0.07 secs] 
393.346: Total time for which application threads were stopped: 0.0735520 seconds, Stopping threads took: 0.0000610 seconds
393.370: Application time: 0.0246720 seconds
393.371: [Full GC [PSYoungGen: 138752K->33535K(161280K)] [ParOldGen: 367289K->367289K(367616K)] 506041K->400824K(528896K) [PSPermGen: 13648K->13648K(21504K)], 0.0727740 secs] [Times: user=0.51 sys=0.00, real=0.08 secs] 
393.444: Total time for which application threads were stopped: 0.0734970 seconds, Stopping threads took: 0.0000920 seconds
393.470: Application time: 0.0258390 seconds
393.470: [Full GC [PSYoungGen: 138752K->33383K(161280K)] [ParOldGen: 367289K->367289K(367616K)] 506041K->400673K(528896K) [PSPermGen: 13648K->13648K(21504K)], 0.0737150 secs] [Times: user=0.52 sys=0.00, real=0.08 secs] 
393.544: Total time for which application threads were stopped: 0.0744120 seconds, Stopping threads took: 0.0000600 seconds
393.569: Application time: 0.0250300 seconds
393.570: [Full GC [PSYoungGen: 138752K->33353K(161280K)] [ParOldGen: 367289K->367289K(367616K)] 506041K->400642K(528896K) [PSPermGen: 13648K->13648K(21504K)], 0.0742220 secs] [Times: user=0.51 sys=0.00, real=0.08 secs] 
393.644: Total time for which application threads were stopped: 0.0749120 seconds, Stopping threads took: 0.0000750 seconds
393.669: Application time: 0.0247910 seconds
393.670: [Full GC [PSYoungGen: 138752K->33368K(161280K)] [ParOldGen: 367289K->367289K(367616K)] 506041K->400658K(528896K) [PSPermGen: 13648K->13648K(21504K)], 0.0734500 secs] [Times: user=0.52 sys=0.00, real=0.07 secs] 
393.743: Total time for which application threads were stopped: 0.0741040 seconds, Stopping threads took: 0.0000930 seconds
393.768: Application time: 0.0251130 seconds
393.769: [Full GC [PSYoungGen: 138752K->33383K(161280K)] [ParOldGen: 367289K->367289K(367616K)] 506041K->400672K(528896K) [PSPermGen: 13648K->13648K(21504K)], 0.0734450 secs] [Times: user=0.51 sys=0.00, real=0.07 secs] 
393.842: Total time for which application threads were stopped: 0.0740700 seconds, Stopping threads took: 0.0000560 seconds
393.867: Application time: 0.0248990 seconds
393.868: [Full GC [PSYoungGen: 138752K->33399K(161280K)] [ParOldGen: 367289K->367289K(367616K)] 506041K->400689K(528896K) [PSPermGen: 13648K->13648K(21504K)], 0.0816200 secs] [Times: user=0.58 sys=0.00, real=0.08 secs] 
393.949: Total time for which application threads were stopped: 0.0823350 seconds, Stopping threads took: 0.0000550 seconds
393.975: Application time: 0.0251030 seconds
393.975: [Full GC [PSYoungGen: 138752K->33413K(161280K)] [ParOldGen: 367289K->367289K(367616K)] 506041K->400702K(528896K) [PSPermGen: 13648K->13648K(21504K)], 0.0730800 secs] [Times: user=0.51 sys=0.00, real=0.07 secs] 
394.048: Total time for which application threads were stopped: 0.0737820 seconds, Stopping threads took: 0.0000660 seconds
394.073: Application time: 0.0249980 seconds
394.074: [Full GC [PSYoungGen: 138752K->33426K(161280K)] [ParOldGen: 367289K->367289K(367616K)] 506041K->400715K(528896K) [PSPermGen: 13648K->13648K(21504K)], 0.0730760 secs] [Times: user=0.52 sys=0.00, real=0.07 secs] 
394.147: Total time for which application threads were stopped: 0.0737880 seconds, Stopping threads took: 0.0000580 seconds
394.173: Application time: 0.0256190 seconds
394.173: [Full GC [PSYoungGen: 138752K->33389K(161280K)] [ParOldGen: 367289K->367289K(367616K)] 506041K->400678K(528896K) [PSPermGen: 13648K->13648K(21504K)], 0.0737850 secs] [Times: user=0.51 sys=0.00, real=0.07 secs] 
394.247: Total time for which application threads were stopped: 0.0744250 seconds, Stopping threads took: 0.0000620 seconds
394.272: Application time: 0.0249290 seconds
394.273: [Full GC [PSYoungGen: 138752K->33385K(161280K)] [ParOldGen: 367289K->367289K(367616K)] 506041K->400674K(528896K) [PSPermGen: 13648K->13648K(21504K)], 0.0743610 secs] [Times: user=0.53 sys=0.00, real=0.07 secs] 
394.347: Total time for which application threads were stopped: 0.0750620 seconds, Stopping threads took: 0.0000730 seconds
394.372: Application time: 0.0249690 seconds
394.373: [Full GC [PSYoungGen: 138752K->33404K(161280K)] [ParOldGen: 367289K->367289K(367616K)] 506041K->400693K(528896K) [PSPermGen: 13648K->13648K(21504K)], 0.0734030 secs] [Times: user=0.52 sys=0.00, real=0.07 secs] 
394.446: Total time for which application threads were stopped: 0.0740490 seconds, Stopping threads took: 0.0000690 seconds
394.471: Application time: 0.0252770 seconds
394.472: [Full GC [PSYoungGen: 138752K->33417K(161280K)] [ParOldGen: 367289K->367289K(367616K)] 506041K->400706K(528896K) [PSPermGen: 13648K->13648K(21504K)], 0.0733130 secs] [Times: user=0.52 sys=0.00, real=0.07 secs] 
394.545: Total time for which application threads were stopped: 0.0739330 seconds, Stopping threads took: 0.0000550 seconds
394.571: Application time: 0.0252580 seconds
394.571: [Full GC [PSYoungGen: 138752K->33378K(161280K)] [ParOldGen: 367289K->367289K(367616K)] 506041K->400667K(528896K) [PSPermGen: 13648K->13648K(21504K)], 0.0754060 secs] [Times: user=0.52 sys=0.00, real=0.08 secs] 
394.647: Total time for which application threads were stopped: 0.0760490 seconds, Stopping threads took: 0.0000940 seconds
394.672: Application time: 0.0251360 seconds
394.673: [Full GC [PSYoungGen: 138752K->33376K(161280K)] [ParOldGen: 367289K->367289K(367616K)] 506041K->400666K(528896K) [PSPermGen: 13648K->13648K(21504K)], 0.0726040 secs] [Times: user=0.51 sys=0.00, real=0.07 secs] 
394.745: Total time for which application threads were stopped: 0.0733210 seconds, Stopping threads took: 0.0000920 seconds
394.771: Application time: 0.0253650 seconds
394.771: [Full GC [PSYoungGen: 138752K->33393K(161280K)] [ParOldGen: 367289K->367289K(367616K)] 506041K->400682K(528896K) [PSPermGen: 13648K->13648K(21504K)], 0.0739910 secs] [Times: user=0.52 sys=0.00, real=0.08 secs] 
394.845: Total time for which application threads were stopped: 0.0746270 seconds, Stopping threads took: 0.0000720 seconds
394.871: Application time: 0.0255320 seconds
394.871: [Full GC [PSYoungGen: 138752K->33408K(161280K)] [ParOldGen: 367289K->367289K(367616K)] 506041K->400697K(528896K) [PSPermGen: 13648K->13648K(21504K)], 0.0736700 secs] [Times: user=0.51 sys=0.01, real=0.08 secs] 
394.945: Total time for which application threads were stopped: 0.0743190 seconds, Stopping threads took: 0.0000830 seconds
394.970: Application time: 0.0254360 seconds
394.971: [Full GC [PSYoungGen: 138752K->33422K(161280K)] [ParOldGen: 367289K->367289K(367616K)] 506041K->400711K(528896K) [PSPermGen: 13648K->13648K(21504K)], 0.0741890 secs] [Times: user=0.52 sys=0.00, real=0.08 secs] 
395.045: Total time for which application threads were stopped: 0.0748740 seconds, Stopping threads took: 0.0000880 seconds
395.071: Application time: 0.0256290 seconds
395.072: [Full GC [PSYoungGen: 138752K->33438K(161280K)] [ParOldGen: 367289K->367289K(367616K)] 506041K->400727K(528896K) [PSPermGen: 13648K->13648K(21504K)], 0.0736220 secs] [Times: user=0.51 sys=0.00, real=0.07 secs] 
395.145: Total time for which application threads were stopped: 0.0742650 seconds, Stopping threads took: 0.0000720 seconds
395.170: Application time: 0.0252300 seconds
395.171: [Full GC [PSYoungGen: 138752K->33418K(161280K)] [ParOldGen: 367289K->367289K(367616K)] 506041K->400707K(528896K) [PSPermGen: 13648K->13648K(21504K)], 0.0731460 secs] [Times: user=0.51 sys=0.00, real=0.08 secs] 
395.244: Total time for which application threads were stopped: 0.0738080 seconds, Stopping threads took: 0.0000870 seconds
395.270: Application time: 0.0255280 seconds
395.270: [Full GC [PSYoungGen: 138752K->33396K(161280K)] [ParOldGen: 367289K->367289K(367616K)] 506041K->400686K(528896K) [PSPermGen: 13648K->13648K(21504K)], 0.0736190 secs] [Times: user=0.52 sys=0.00, real=0.08 secs] 
395.344: Total time for which application threads were stopped: 0.0742460 seconds, Stopping threads took: 0.0000650 seconds
395.370: Application time: 0.0254350 seconds
395.370: [Full GC [PSYoungGen: 138752K->33414K(161280K)] [ParOldGen: 367289K->367289K(367616K)] 506041K->400703K(528896K) [PSPermGen: 13648K->13648K(21504K)], 0.0723510 secs] [Times: user=0.51 sys=0.00, real=0.07 secs] 
395.443: Total time for which application threads were stopped: 0.0730420 seconds, Stopping threads took: 0.0000640 seconds
395.469: Application time: 0.0262990 seconds
395.470: [Full GC [PSYoungGen: 138752K->33427K(161280K)] [ParOldGen: 367289K->367289K(367616K)] 506041K->400717K(528896K) [PSPermGen: 13648K->13648K(21504K)], 0.0731490 secs] [Times: user=0.51 sys=0.00, real=0.07 secs] 
395.543: Total time for which application threads were stopped: 0.0738740 seconds, Stopping threads took: 0.0001000 seconds
395.568: Application time: 0.0249990 seconds
395.568: [Full GC [PSYoungGen: 138752K->33440K(161280K)] [ParOldGen: 367289K->367289K(367616K)] 506041K->400730K(528896K) [PSPermGen: 13648K->13648K(21504K)], 0.0735500 secs] [Times: user=0.52 sys=0.00, real=0.07 secs] 
395.642: Total time for which application threads were stopped: 0.0743560 seconds, Stopping threads took: 0.0001450 seconds
395.667: Application time: 0.0253580 seconds
395.668: [Full GC [PSYoungGen: 138752K->33403K(161280K)] [ParOldGen: 367289K->367289K(367616K)] 506041K->400692K(528896K) [PSPermGen: 13648K->13648K(21504K)], 0.0731890 secs] [Times: user=0.51 sys=0.00, real=0.07 secs] 
395.741: Total time for which application threads were stopped: 0.0738080 seconds, Stopping threads took: 0.0000660 seconds
395.766: Application time: 0.0250540 seconds
395.767: [Full GC [PSYoungGen: 138752K->33402K(161280K)] [ParOldGen: 367289K->367289K(367616K)] 506041K->400691K(528896K) [PSPermGen: 13648K->13648K(21504K)], 0.0726730 secs] [Times: user=0.51 sys=0.00, real=0.07 secs] 
395.840: Total time for which application threads were stopped: 0.0734010 seconds, Stopping threads took: 0.0000910 seconds
395.865: Application time: 0.0250910 seconds
395.865: [Full GC [PSYoungGen: 138752K->33416K(161280K)] [ParOldGen: 367289K->367289K(367616K)] 506041K->400705K(528896K) [PSPermGen: 13648K->13648K(21504K)], 0.0726260 secs] [Times: user=0.51 sys=0.00, real=0.07 secs] 
395.938: Total time for which application threads were stopped: 0.0733440 seconds, Stopping threads took: 0.0000930 seconds
395.963: Application time: 0.0251330 seconds
395.964: [Full GC [PSYoungGen: 138752K->33432K(161280K)] [ParOldGen: 367289K->367289K(367616K)] 506041K->400721K(528896K) [PSPermGen: 13648K->13648K(21504K)], 0.0725550 secs] [Times: user=0.51 sys=0.00, real=0.07 secs] 
396.037: Total time for which application threads were stopped: 0.0731960 seconds, Stopping threads took: 0.0000840 seconds
396.062: Application time: 0.0255760 seconds
396.063: [Full GC [PSYoungGen: 138752K->33450K(161280K)] [ParOldGen: 367289K->367289K(367616K)] 506041K->400739K(528896K) [PSPermGen: 13648K->13648K(21504K)], 0.0738450 secs] [Times: user=0.52 sys=0.00, real=0.08 secs] 
396.137: Total time for which application threads were stopped: 0.0745230 seconds, Stopping threads took: 0.0000960 seconds
396.162: Application time: 0.0254190 seconds
396.163: [Full GC [PSYoungGen: 138752K->33463K(161280K)] [ParOldGen: 367289K->367289K(367616K)] 506041K->400752K(528896K) [PSPermGen: 13648K->13648K(21504K)], 0.0736730 secs] [Times: user=0.52 sys=0.00, real=0.08 secs] 
396.236: Total time for which application threads were stopped: 0.0743920 seconds, Stopping threads took: 0.0000560 seconds
396.262: Application time: 0.0254630 seconds
396.263: [Full GC [PSYoungGen: 138752K->33478K(161280K)] [ParOldGen: 367289K->367289K(367616K)] 506041K->400767K(528896K) [PSPermGen: 13648K->13648K(21504K)], 0.0739940 secs] [Times: user=0.52 sys=0.00, real=0.08 secs] 
396.337: Total time for which application threads were stopped: 0.0748960 seconds, Stopping threads took: 0.0003050 seconds
396.362: Application time: 0.0252110 seconds
396.363: [Full GC [PSYoungGen: 138752K->33492K(161280K)] [ParOldGen: 367289K->367289K(367616K)] 506041K->400781K(528896K) [PSPermGen: 13648K->13648K(21504K)], 0.0741270 secs] [Times: user=0.52 sys=0.00, real=0.08 secs] 
396.437: Total time for which application threads were stopped: 0.0748100 seconds, Stopping threads took: 0.0001130 seconds
396.463: Application time: 0.0261800 seconds
396.464: [Full GC [PSYoungGen: 138752K->33509K(161280K)] [ParOldGen: 367289K->367289K(367616K)] 506041K->400798K(528896K) [PSPermGen: 13648K->13648K(21504K)], 0.0733590 secs] [Times: user=0.51 sys=0.00, real=0.07 secs] 
396.537: Total time for which application threads were stopped: 0.0739860 seconds, Stopping threads took: 0.0000620 seconds
396.562: Application time: 0.0252610 seconds
396.563: [Full GC [PSYoungGen: 138752K->33523K(161280K)] [ParOldGen: 367289K->367289K(367616K)] 506041K->400813K(528896K) [PSPermGen: 13648K->13648K(21504K)], 0.0732390 secs] [Times: user=0.51 sys=0.00, real=0.08 secs] 
396.636: Total time for which application threads were stopped: 0.0739900 seconds, Stopping threads took: 0.0001240 seconds
396.663: Application time: 0.0265640 seconds
396.663: [Full GC [PSYoungGen: 138752K->33485K(161280K)] [ParOldGen: 367289K->367289K(367616K)] 506041K->400775K(528896K) [PSPermGen: 13648K->13648K(21504K)], 0.0748310 secs] [Times: user=0.52 sys=0.00, real=0.07 secs] 
396.738: Total time for which application threads were stopped: 0.0755210 seconds, Stopping threads took: 0.0000920 seconds
396.764: Application time: 0.0254280 seconds
396.764: [Full GC [PSYoungGen: 138752K->33484K(161280K)] [ParOldGen: 367289K->367289K(367616K)] 506041K->400773K(528896K) [PSPermGen: 13648K->13648K(21504K)], 0.0729810 secs] [Times: user=0.51 sys=0.00, real=0.07 secs] 
396.837: Total time for which application threads were stopped: 0.0736720 seconds, Stopping threads took: 0.0000640 seconds
396.863: Application time: 0.0252340 seconds
396.863: [Full GC [PSYoungGen: 138752K->33499K(161280K)] [ParOldGen: 367289K->367289K(367616K)] 506041K->400788K(528896K) [PSPermGen: 13648K->13648K(21504K)], 0.0733140 secs] [Times: user=0.52 sys=0.00, real=0.08 secs] 
396.937: Total time for which application threads were stopped: 0.0739990 seconds, Stopping threads took: 0.0000670 seconds
396.962: Application time: 0.0251400 seconds
396.963: [Full GC [PSYoungGen: 138752K->33513K(161280K)] [ParOldGen: 367289K->367289K(367616K)] 506041K->400802K(528896K) [PSPermGen: 13648K->13648K(21504K)], 0.0738430 secs] [Times: user=0.51 sys=0.00, real=0.08 secs] 
397.036: Total time for which application threads were stopped: 0.0745750 seconds, Stopping threads took: 0.0000670 seconds
397.062: Application time: 0.0252080 seconds
397.062: [Full GC [PSYoungGen: 138752K->33528K(161280K)] [ParOldGen: 367289K->367289K(367616K)] 506041K->400818K(528896K) [PSPermGen: 13648K->13648K(21504K)], 0.0732150 secs] [Times: user=0.51 sys=0.01, real=0.08 secs] 
397.135: Total time for which application threads were stopped: 0.0738340 seconds, Stopping threads took: 0.0000660 seconds
397.161: Application time: 0.0259910 seconds
397.162: [Full GC [PSYoungGen: 138752K->33490K(161280K)] [ParOldGen: 367289K->367289K(367616K)] 506041K->400779K(528896K) [PSPermGen: 13648K->13648K(21504K)], 0.0732880 secs] [Times: user=0.51 sys=0.00, real=0.08 secs] 
397.235: Total time for which application threads were stopped: 0.0739080 seconds, Stopping threads took: 0.0000570 seconds
397.261: Application time: 0.0256530 seconds
397.262: [Full GC [PSYoungGen: 138752K->33380K(161280K)] [ParOldGen: 367289K->367289K(367616K)] 506041K->400669K(528896K) [PSPermGen: 13648K->13648K(21504K)], 0.0735550 secs] [Times: user=0.52 sys=0.00, real=0.08 secs] 
397.335: Total time for which application threads were stopped: 0.0742550 seconds, Stopping threads took: 0.0000600 seconds
397.361: Application time: 0.0253710 seconds
397.361: [Full GC [PSYoungGen: 138752K->33363K(161280K)] [ParOldGen: 367289K->367289K(367616K)] 506041K->400652K(528896K) [PSPermGen: 13648K->13648K(21504K)], 0.0734500 secs] [Times: user=0.52 sys=0.00, real=0.08 secs] 
397.435: Total time for which application threads were stopped: 0.0741610 seconds, Stopping threads took: 0.0000850 seconds
397.460: Application time: 0.0252160 seconds
397.461: [Full GC [PSYoungGen: 138752K->33374K(161280K)] [ParOldGen: 367289K->367289K(367616K)] 506041K->400664K(528896K) [PSPermGen: 13648K->13648K(21504K)], 0.0732380 secs] [Times: user=0.52 sys=0.00, real=0.08 secs] 
397.534: Total time for which application threads were stopped: 0.0739250 seconds, Stopping threads took: 0.0000630 seconds
397.559: Application time: 0.0249590 seconds
397.560: [Full GC [PSYoungGen: 138752K->33392K(161280K)] [ParOldGen: 367289K->367289K(367616K)] 506041K->400682K(528896K) [PSPermGen: 13648K->13648K(21504K)], 0.0729420 secs] [Times: user=0.51 sys=0.00, real=0.08 secs] 
397.633: Total time for which application threads were stopped: 0.0736370 seconds, Stopping threads took: 0.0000620 seconds
397.658: Application time: 0.0256190 seconds
397.659: [Full GC [PSYoungGen: 138752K->33407K(161280K)] [ParOldGen: 367289K->367289K(367616K)] 506041K->400696K(528896K) [PSPermGen: 13648K->13648K(21504K)], 0.0729180 secs] [Times: user=0.52 sys=0.00, real=0.08 secs] 
397.732: Total time for which application threads were stopped: 0.0736190 seconds, Stopping threads took: 0.0000600 seconds
397.757: Application time: 0.0253350 seconds
397.758: [Full GC [PSYoungGen: 138752K->33424K(161280K)] [ParOldGen: 367289K->367289K(367616K)] 506041K->400713K(528896K) [PSPermGen: 13648K->13648K(21504K)], 0.0738470 secs] [Times: user=0.52 sys=0.00, real=0.08 secs] 
397.832: Total time for which application threads were stopped: 0.0745050 seconds, Stopping threads took: 0.0000870 seconds
397.857: Application time: 0.0251600 seconds
397.857: [Full GC [PSYoungGen: 138752K->33383K(161280K)] [ParOldGen: 367289K->367289K(367616K)] 506041K->400672K(528896K) [PSPermGen: 13648K->13648K(21504K)], 0.0733600 secs] [Times: user=0.51 sys=0.00, real=0.07 secs] 
397.931: Total time for which application threads were stopped: 0.0740000 seconds, Stopping threads took: 0.0000580 seconds
397.956: Application time: 0.0247490 seconds
397.956: [Full GC [PSYoungGen: 138752K->33383K(161280K)] [ParOldGen: 367289K->367289K(367616K)] 506041K->400673K(528896K) [PSPermGen: 13648K->13648K(21504K)], 0.0733560 secs] [Times: user=0.51 sys=0.00, real=0.07 secs] 
398.030: Total time for which application threads were stopped: 0.0739810 seconds, Stopping threads took: 0.0000740 seconds
398.054: Application time: 0.0247990 seconds
398.055: [Full GC [PSYoungGen: 138752K->33399K(161280K)] [ParOldGen: 367289K->367289K(367616K)] 506041K->400688K(528896K) [PSPermGen: 13648K->13648K(21504K)], 0.0735220 secs] [Times: user=0.51 sys=0.00, real=0.07 secs] 
398.129: Total time for which application threads were stopped: 0.0741770 seconds, Stopping threads took: 0.0000910 seconds
398.153: Application time: 0.0246640 seconds
398.154: [Full GC [PSYoungGen: 138752K->33412K(161280K)] [ParOldGen: 367289K->367289K(367616K)] 506041K->400701K(528896K) [PSPermGen: 13648K->13648K(21504K)], 0.0726550 secs] [Times: user=0.50 sys=0.00, real=0.07 secs] 
398.227: Total time for which application threads were stopped: 0.0733840 seconds, Stopping threads took: 0.0001010 seconds
398.252: Application time: 0.0250360 seconds
398.252: [Full GC [PSYoungGen: 138752K->33372K(161280K)] [ParOldGen: 367289K->367289K(367616K)] 506041K->400661K(528896K) [PSPermGen: 13648K->13648K(21504K)], 0.0731170 secs] [Times: user=0.51 sys=0.00, real=0.07 secs] 
398.325: Total time for which application threads were stopped: 0.0738240 seconds, Stopping threads took: 0.0000730 seconds
398.350: Application time: 0.0247050 seconds
398.351: [Full GC [PSYoungGen: 138752K->33372K(161280K)] [ParOldGen: 367289K->367289K(367616K)] 506041K->400661K(528896K) [PSPermGen: 13648K->13648K(21504K)], 0.0728670 secs] [Times: user=0.51 sys=0.00, real=0.08 secs] 
398.424: Total time for which application threads were stopped: 0.0735630 seconds, Stopping threads took: 0.0000600 seconds
398.449: Application time: 0.0248480 seconds
398.449: [Full GC [PSYoungGen: 138752K->33389K(161280K)] [ParOldGen: 367289K->367289K(367616K)] 506041K->400678K(528896K) [PSPermGen: 13648K->13648K(21504K)], 0.0752680 secs] [Times: user=0.51 sys=0.00, real=0.08 secs] 
398.525: Total time for which application threads were stopped: 0.0759660 seconds, Stopping threads took: 0.0000870 seconds
398.550: Application time: 0.0249530 seconds
398.550: [Full GC [PSYoungGen: 138752K->33400K(161280K)] [ParOldGen: 367289K->367289K(367616K)] 506041K->400689K(528896K) [PSPermGen: 13648K->13648K(21504K)], 0.0743130 secs] [Times: user=0.52 sys=0.00, real=0.08 secs] 
398.624: Total time for which application threads were stopped: 0.0749280 seconds, Stopping threads took: 0.0000410 seconds
398.651: Application time: 0.0267250 seconds
398.652: [Full GC [PSYoungGen: 138752K->33418K(161280K)] [ParOldGen: 367289K->367289K(367616K)] 506041K->400707K(528896K) [PSPermGen: 13648K->13648K(21504K)], 0.0747020 secs] [Times: user=0.53 sys=0.00, real=0.07 secs] 
398.727: Total time for which application threads were stopped: 0.0754240 seconds, Stopping threads took: 0.0001370 seconds
398.752: Application time: 0.0253560 seconds
398.753: [Full GC [PSYoungGen: 138752K->33432K(161280K)] [ParOldGen: 367289K->367289K(367616K)] 506041K->400721K(528896K) [PSPermGen: 13648K->13648K(21504K)], 0.0771410 secs] [Times: user=0.55 sys=0.00, real=0.07 secs] 
398.830: Total time for which application threads were stopped: 0.0777910 seconds, Stopping threads took: 0.0000640 seconds
398.855: Application time: 0.0254500 seconds
398.856: [Full GC [PSYoungGen: 138752K->33447K(161280K)] [ParOldGen: 367289K->367289K(367616K)] 506041K->400737K(528896K) [PSPermGen: 13648K->13648K(21504K)], 0.0737620 secs] [Times: user=0.52 sys=0.00, real=0.07 secs] 
398.930: Total time for which application threads were stopped: 0.0744580 seconds, Stopping threads took: 0.0000910 seconds
398.956: Application time: 0.0259110 seconds
398.956: [Full GC [PSYoungGen: 138752K->33408K(161280K)] [ParOldGen: 367289K->367289K(367616K)] 506041K->400698K(528896K) [PSPermGen: 13648K->13648K(21504K)], 0.0734060 secs] [Times: user=0.52 sys=0.00, real=0.07 secs] 
399.030: Total time for which application threads were stopped: 0.0740860 seconds, Stopping threads took: 0.0000540 seconds
399.055: Application time: 0.0249690 seconds
399.055: [Full GC [PSYoungGen: 138752K->33409K(161280K)] [ParOldGen: 367289K->367289K(367616K)] 506041K->400699K(528896K) [PSPermGen: 13648K->13648K(21504K)], 0.0739810 secs] [Times: user=0.51 sys=0.00, real=0.07 secs] 
399.129: Total time for which application threads were stopped: 0.0746050 seconds, Stopping threads took: 0.0000620 seconds
399.154: Application time: 0.0248710 seconds
399.155: [Full GC [PSYoungGen: 138752K->33424K(161280K)] [ParOldGen: 367289K->367289K(367616K)] 506041K->400713K(528896K) [PSPermGen: 13648K->13648K(21504K)], 0.0731360 secs] [Times: user=0.51 sys=0.00, real=0.07 secs] 
399.228: Total time for which application threads were stopped: 0.0737940 seconds, Stopping threads took: 0.0000860 seconds
399.253: Application time: 0.0247160 seconds
399.253: [Full GC [PSYoungGen: 138752K->33438K(161280K)] [ParOldGen: 367289K->367289K(367616K)] 506041K->400727K(528896K) [PSPermGen: 13648K->13648K(21504K)], 0.0733060 secs] [Times: user=0.52 sys=0.00, real=0.07 secs] 
399.327: Total time for which application threads were stopped: 0.0739330 seconds, Stopping threads took: 0.0000650 seconds
399.352: Application time: 0.0251580 seconds
399.352: [Full GC [PSYoungGen: 138752K->33452K(161280K)] [ParOldGen: 367289K->367289K(367616K)] 506041K->400741K(528896K) [PSPermGen: 13648K->13648K(21504K)], 0.0731510 secs] [Times: user=0.51 sys=0.00, real=0.07 secs] 
399.426: Total time for which application threads were stopped: 0.0737860 seconds, Stopping threads took: 0.0000500 seconds
399.450: Application time: 0.0248690 seconds
399.451: [Full GC [PSYoungGen: 138752K->33397K(161280K)] [ParOldGen: 367289K->367289K(367616K)] 506041K->400686K(528896K) [PSPermGen: 13648K->13648K(21504K)], 0.0735600 secs] [Times: user=0.52 sys=0.00, real=0.08 secs] 
399.525: Total time for which application threads were stopped: 0.0741660 seconds, Stopping threads took: 0.0000500 seconds
399.549: Application time: 0.0249320 seconds
399.550: [Full GC [PSYoungGen: 138752K->33413K(161280K)] [ParOldGen: 367289K->367289K(367616K)] 506041K->400702K(528896K) [PSPermGen: 13648K->13648K(21504K)], 0.0739750 secs] [Times: user=0.51 sys=0.01, real=0.08 secs] 
399.624: Total time for which application threads were stopped: 0.0746100 seconds, Stopping threads took: 0.0000560 seconds
399.650: Application time: 0.0262530 seconds
399.651: [Full GC [PSYoungGen: 138752K->33426K(161280K)] [ParOldGen: 367289K->367289K(367616K)] 506041K->400716K(528896K) [PSPermGen: 13648K->13648K(21504K)], 0.0729470 secs] [Times: user=0.51 sys=0.00, real=0.08 secs] 
399.724: Total time for which application threads were stopped: 0.0735740 seconds, Stopping threads took: 0.0000700 seconds
399.749: Application time: 0.0253120 seconds
399.750: [Full GC [PSYoungGen: 138752K->33442K(161280K)] [ParOldGen: 367289K->367289K(367616K)] 506041K->400732K(528896K) [PSPermGen: 13648K->13648K(21504K)], 0.0733560 secs] [Times: user=0.51 sys=0.00, real=0.07 secs] 
399.823: Total time for which application threads were stopped: 0.0740300 seconds, Stopping threads took: 0.0001150 seconds
399.849: Application time: 0.0252790 seconds
399.849: [Full GC [PSYoungGen: 138752K->33459K(161280K)] [ParOldGen: 367289K->367289K(367616K)] 506041K->400748K(528896K) [PSPermGen: 13648K->13648K(21504K)], 0.0735550 secs] [Times: user=0.52 sys=0.00, real=0.07 secs] 
399.923: Total time for which application threads were stopped: 0.0742870 seconds, Stopping threads took: 0.0001560 seconds
399.948: Application time: 0.0252760 seconds
399.949: [Full GC [PSYoungGen: 138752K->33470K(161280K)] [ParOldGen: 367289K->367289K(367616K)] 506041K->400759K(528896K) [PSPermGen: 13648K->13648K(21504K)], 0.0803920 secs] [Times: user=0.56 sys=0.00, real=0.08 secs] 
400.029: Total time for which application threads were stopped: 0.0810760 seconds, Stopping threads took: 0.0001110 seconds
400.055: Application time: 0.0253020 seconds
400.055: [Full GC [PSYoungGen: 138752K->33487K(161280K)] [ParOldGen: 367289K->367289K(367616K)] 506041K->400776K(528896K) [PSPermGen: 13648K->13648K(21504K)], 0.0744940 secs] [Times: user=0.52 sys=0.00, real=0.07 secs] 
400.130: Total time for which application threads were stopped: 0.0751960 seconds, Stopping threads took: 0.0001030 seconds
400.155: Application time: 0.0252700 seconds
400.156: [Full GC [PSYoungGen: 138752K->33501K(161280K)] [ParOldGen: 367289K->367289K(367616K)] 506041K->400790K(528896K) [PSPermGen: 13648K->13648K(21504K)], 0.0738060 secs] [Times: user=0.52 sys=0.00, real=0.07 secs] 
400.229: Total time for which application threads were stopped: 0.0744770 seconds, Stopping threads took: 0.0000900 seconds
400.255: Application time: 0.0255550 seconds
400.256: [Full GC [PSYoungGen: 138752K->33463K(161280K)] [ParOldGen: 367289K->367289K(367616K)] 506041K->400753K(528896K) [PSPermGen: 13648K->13648K(21504K)], 0.0737420 secs] [Times: user=0.52 sys=0.00, real=0.07 secs] 
400.329: Total time for which application threads were stopped: 0.0743990 seconds, Stopping threads took: 0.0000920 seconds
400.355: Application time: 0.0251100 seconds
400.355: [Full GC [PSYoungGen: 138752K->33463K(161280K)] [ParOldGen: 367289K->367289K(367616K)] 506041K->400752K(528896K) [PSPermGen: 13648K->13648K(21504K)], 0.0734860 secs] [Times: user=0.52 sys=0.00, real=0.07 secs] 
400.429: Total time for which application threads were stopped: 0.0741130 seconds, Stopping threads took: 0.0000660 seconds
400.454: Application time: 0.0252500 seconds
400.455: [Full GC [PSYoungGen: 138752K->33474K(161280K)] [ParOldGen: 367289K->367289K(367616K)] 506041K->400764K(528896K) [PSPermGen: 13648K->13648K(21504K)], 0.0730150 secs] [Times: user=0.52 sys=0.00, real=0.07 secs] 
400.528: Total time for which application threads were stopped: 0.0737060 seconds, Stopping threads took: 0.0000640 seconds
400.553: Application time: 0.0251750 seconds
400.553: [Full GC [PSYoungGen: 138752K->33495K(161280K)] [ParOldGen: 367289K->367289K(367616K)] 506041K->400784K(528896K) [PSPermGen: 13648K->13648K(21504K)], 0.0724490 secs] [Times: user=0.51 sys=0.00, real=0.07 secs] 
400.626: Total time for which application threads were stopped: 0.0731430 seconds, Stopping threads took: 0.0000610 seconds
400.652: Application time: 0.0262390 seconds
400.653: [Full GC [PSYoungGen: 138752K->33508K(161280K)] [ParOldGen: 367289K->367289K(367616K)] 506041K->400798K(528896K) [PSPermGen: 13648K->13648K(21504K)], 0.0733870 secs] [Times: user=0.51 sys=0.00, real=0.07 secs] 
400.726: Total time for which application threads were stopped: 0.0740350 seconds, Stopping threads took: 0.0000720 seconds
400.751: Application time: 0.0249890 seconds
400.752: [Full GC [PSYoungGen: 138752K->33523K(161280K)] [ParOldGen: 367289K->367289K(367616K)] 506041K->400812K(528896K) [PSPermGen: 13648K->13648K(21504K)], 0.0726250 secs] [Times: user=0.51 sys=0.01, real=0.07 secs] 
400.824: Total time for which application threads were stopped: 0.0732490 seconds, Stopping threads took: 0.0000620 seconds
400.851: Application time: 0.0261760 seconds
400.851: [Full GC [PSYoungGen: 138752K->33426K(161280K)] [ParOldGen: 367289K->367289K(367616K)] 506041K->400715K(528896K) [PSPermGen: 13648K->13648K(21504K)], 0.0743350 secs] [Times: user=0.52 sys=0.00, real=0.08 secs] 
400.926: Total time for which application threads were stopped: 0.0750310 seconds, Stopping threads took: 0.0000680 seconds
400.951: Application time: 0.0249590 seconds
400.951: [Full GC [PSYoungGen: 138752K->33338K(161280K)] [ParOldGen: 367289K->367289K(367616K)] 506041K->400627K(528896K) [PSPermGen: 13648K->13648K(21504K)], 0.0729110 secs] [Times: user=0.51 sys=0.00, real=0.07 secs] 
401.024: Total time for which application threads were stopped: 0.0737080 seconds, Stopping threads took: 0.0002220 seconds
401.050: Application time: 0.0257370 seconds
401.051: [Full GC [PSYoungGen: 138752K->33358K(161280K)] [ParOldGen: 367289K->367289K(367616K)] 506041K->400647K(528896K) [PSPermGen: 13648K->13648K(21504K)], 0.0732660 secs] [Times: user=0.51 sys=0.00, real=0.08 secs] 
401.124: Total time for which application threads were stopped: 0.0739160 seconds, Stopping threads took: 0.0000850 seconds
401.150: Application time: 0.0257470 seconds
401.150: [Full GC [PSYoungGen: 138752K->33373K(161280K)] [ParOldGen: 367289K->367289K(367616K)] 506041K->400662K(528896K) [PSPermGen: 13648K->13648K(21504K)], 0.0737640 secs] [Times: user=0.52 sys=0.00, real=0.08 secs] 
401.224: Total time for which application threads were stopped: 0.0744240 seconds, Stopping threads took: 0.0000840 seconds
401.250: Application time: 0.0253180 seconds
401.250: [Full GC [PSYoungGen: 138752K->33388K(161280K)] [ParOldGen: 367289K->367289K(367616K)] 506041K->400677K(528896K) [PSPermGen: 13648K->13648K(21504K)], 0.0737660 secs] [Times: user=0.51 sys=0.01, real=0.08 secs] 
401.324: Total time for which application threads were stopped: 0.0744290 seconds, Stopping threads took: 0.0000860 seconds
401.350: Application time: 0.0256630 seconds
401.350: [Full GC [PSYoungGen: 138752K->33402K(161280K)] [ParOldGen: 367289K->367289K(367616K)] 506041K->400691K(528896K) [PSPermGen: 13648K->13648K(21504K)], 0.0729950 secs] [Times: user=0.52 sys=0.00, real=0.07 secs] 
401.423: Total time for which application threads were stopped: 0.0736670 seconds, Stopping threads took: 0.0000860 seconds
401.449: Application time: 0.0254300 seconds
401.449: [Full GC [PSYoungGen: 138752K->33418K(161280K)] [ParOldGen: 367289K->367289K(367616K)] 506041K->400707K(528896K) [PSPermGen: 13648K->13648K(21504K)], 0.0737540 secs] [Times: user=0.51 sys=0.00, real=0.07 secs] 
401.523: Total time for which application threads were stopped: 0.0744070 seconds, Stopping threads took: 0.0000620 seconds
401.549: Application time: 0.0254950 seconds
401.549: [Full GC [PSYoungGen: 138752K->33433K(161280K)] [ParOldGen: 367289K->367289K(367616K)] 506041K->400723K(528896K) [PSPermGen: 13648K->13648K(21504K)], 0.0741230 secs] [Times: user=0.52 sys=0.00, real=0.08 secs] 
401.623: Total time for which application threads were stopped: 0.0747690 seconds, Stopping threads took: 0.0000660 seconds
401.650: Application time: 0.0266040 seconds
401.651: [Full GC [PSYoungGen: 138752K->33391K(161280K)] [ParOldGen: 367289K->367289K(367616K)] 506041K->400680K(528896K) [PSPermGen: 13648K->13648K(21504K)], 0.0733130 secs] [Times: user=0.51 sys=0.00, real=0.08 secs] 
401.724: Total time for which application threads were stopped: 0.0739560 seconds, Stopping threads took: 0.0000890 seconds
401.749: Application time: 0.0248400 seconds
401.749: [Full GC [PSYoungGen: 138752K->33390K(161280K)] [ParOldGen: 367289K->367289K(367616K)] 506041K->400680K(528896K) [PSPermGen: 13648K->13648K(21504K)], 0.0730400 secs] [Times: user=0.51 sys=0.00, real=0.07 secs] 
401.822: Total time for which application threads were stopped: 0.0736540 seconds, Stopping threads took: 0.0000610 seconds
401.847: Application time: 0.0250220 seconds
401.848: [Full GC [PSYoungGen: 138752K->33407K(161280K)] [ParOldGen: 367289K->367289K(367616K)] 506041K->400696K(528896K) [PSPermGen: 13648K->13648K(21504K)], 0.0726160 secs] [Times: user=0.52 sys=0.00, real=0.07 secs] 
401.921: Total time for which application threads were stopped: 0.0733280 seconds, Stopping threads took: 0.0000450 seconds
401.946: Application time: 0.0247720 seconds
401.946: [Full GC [PSYoungGen: 138752K->33422K(161280K)] [ParOldGen: 367289K->367289K(367616K)] 506041K->400712K(528896K) [PSPermGen: 13648K->13648K(21504K)], 0.0731430 secs] [Times: user=0.51 sys=0.01, real=0.07 secs] 
402.019: Total time for which application threads were stopped: 0.0737700 seconds, Stopping threads took: 0.0000620 seconds
402.045: Application time: 0.0253420 seconds
402.045: [Full GC [PSYoungGen: 138752K->33438K(161280K)] [ParOldGen: 367289K->367289K(367616K)] 506041K->400727K(528896K) [PSPermGen: 13648K->13648K(21504K)], 0.0744270 secs] [Times: user=0.52 sys=0.00, real=0.07 secs] 
402.120: Total time for which application threads were stopped: 0.0750820 seconds, Stopping threads took: 0.0000730 seconds
402.124: Application time: 0.0041150 seconds
402.125: Total time for which application threads were stopped: 0.0005660 seconds, Stopping threads took: 0.0000900 seconds
402.146: Application time: 0.0211800 seconds
402.146: [Full GC [PSYoungGen: 138752K->33349K(161280K)] [ParOldGen: 367289K->367289K(367616K)] 506041K->400638K(528896K) [PSPermGen: 13648K->13648K(21504K)], 0.0735820 secs] [Times: user=0.52 sys=0.00, real=0.07 secs] 
402.220: Total time for which application threads were stopped: 0.0742250 seconds, Stopping threads took: 0.0000710 seconds
402.245: Application time: 0.0249750 seconds
402.245: [Full GC [PSYoungGen: 138752K->33345K(161280K)] [ParOldGen: 367289K->367289K(367616K)] 506041K->400634K(528896K) [PSPermGen: 13648K->13648K(21504K)], 0.0738710 secs] [Times: user=0.51 sys=0.01, real=0.07 secs] 
402.319: Total time for which application threads were stopped: 0.0745020 seconds, Stopping threads took: 0.0000580 seconds
402.345: Application time: 0.0253100 seconds
402.345: [Full GC [PSYoungGen: 138752K->33363K(161280K)] [ParOldGen: 367289K->367289K(367616K)] 506041K->400653K(528896K) [PSPermGen: 13648K->13648K(21504K)], 0.0735530 secs] [Times: user=0.51 sys=0.00, real=0.07 secs] 
402.419: Total time for which application threads were stopped: 0.0742240 seconds, Stopping threads took: 0.0000720 seconds
402.444: Application time: 0.0252570 seconds
402.445: [Full GC [PSYoungGen: 138752K->33375K(161280K)] [ParOldGen: 367289K->367289K(367616K)] 506041K->400664K(528896K) [PSPermGen: 13648K->13648K(21504K)], 0.0735570 secs] [Times: user=0.52 sys=0.00, real=0.07 secs] 
402.518: Total time for which application threads were stopped: 0.0742580 seconds, Stopping threads took: 0.0000820 seconds
402.544: Application time: 0.0256900 seconds
402.545: [Full GC [PSYoungGen: 138752K->33392K(161280K)] [ParOldGen: 367289K->367289K(367616K)] 506041K->400681K(528896K) [PSPermGen: 13648K->13648K(21504K)], 0.0742400 secs] [Times: user=0.52 sys=0.00, real=0.07 secs] 
402.619: Total time for which application threads were stopped: 0.0748760 seconds, Stopping threads took: 0.0000600 seconds
402.635: Application time: 0.0164740 seconds
402.636: Total time for which application threads were stopped: 0.0005410 seconds, Stopping threads took: 0.0000710 seconds
402.649: Application time: 0.0124970 seconds
402.649: [Full GC [PSYoungGen: 138752K->33302K(161280K)] [ParOldGen: 367289K->367289K(367616K)] 506041K->400592K(528896K) [PSPermGen: 13648K->13648K(21504K)], 0.0733340 secs] [Times: user=0.51 sys=0.00, real=0.07 secs] 
402.723: Total time for which application threads were stopped: 0.0739960 seconds, Stopping threads took: 0.0000910 seconds
402.748: Application time: 0.0251700 seconds
402.748: [Full GC [PSYoungGen: 138752K->33303K(161280K)] [ParOldGen: 367289K->367289K(367616K)] 506041K->400592K(528896K) [PSPermGen: 13648K->13648K(21504K)], 0.0728820 secs] [Times: user=0.51 sys=0.00, real=0.07 secs] 
402.821: Total time for which application threads were stopped: 0.0736410 seconds, Stopping threads took: 0.0001160 seconds
402.833: Application time: 0.0113810 seconds
402.833: Total time for which application threads were stopped: 0.0006490 seconds, Stopping threads took: 0.0001030 seconds
402.848: Application time: 0.0142210 seconds
402.848: [Full GC [PSYoungGen: 138752K->33212K(161280K)] [ParOldGen: 367289K->367289K(367616K)] 506041K->400501K(528896K) [PSPermGen: 13648K->13648K(21504K)], 0.0726870 secs] [Times: user=0.51 sys=0.00, real=0.07 secs] 
402.921: Total time for which application threads were stopped: 0.0733150 seconds, Stopping threads took: 0.0000510 seconds
402.947: Application time: 0.0257100 seconds
402.947: [Full GC [PSYoungGen: 138752K->33210K(161280K)] [ParOldGen: 367289K->367289K(367616K)] 506041K->400499K(528896K) [PSPermGen: 13648K->13648K(21504K)], 0.0733040 secs] [Times: user=0.52 sys=0.00, real=0.07 secs] 
403.021: Total time for which application threads were stopped: 0.0739690 seconds, Stopping threads took: 0.0000710 seconds
403.050: Application time: 0.0292260 seconds
403.050: [Full GC [PSYoungGen: 138752K->33224K(161280K)] [ParOldGen: 367289K->367289K(367616K)] 506041K->400513K(528896K) [PSPermGen: 13648K->13648K(21504K)], 0.0729870 secs] [Times: user=0.51 sys=0.00, real=0.08 secs] 
403.124: Total time for which application threads were stopped: 0.0736820 seconds, Stopping threads took: 0.0000560 seconds
403.149: Application time: 0.0255670 seconds
403.150: [Full GC [PSYoungGen: 138752K->33240K(161280K)] [ParOldGen: 367289K->367289K(367616K)] 506041K->400529K(528896K) [PSPermGen: 13648K->13648K(21504K)], 0.0728070 secs] [Times: user=0.51 sys=0.00, real=0.07 secs] 
403.223: Total time for which application threads were stopped: 0.0734400 seconds, Stopping threads took: 0.0000830 seconds
403.249: Application time: 0.0266350 seconds
403.250: [Full GC [PSYoungGen: 138752K->33257K(161280K)] [ParOldGen: 367289K->367289K(367616K)] 506041K->400546K(528896K) [PSPermGen: 13648K->13648K(21504K)], 0.0747760 secs] [Times: user=0.53 sys=0.00, real=0.08 secs] 
403.325: Total time for which application threads were stopped: 0.0753880 seconds, Stopping threads took: 0.0000510 seconds
403.351: Application time: 0.0265040 seconds
403.352: [Full GC [PSYoungGen: 138752K->33272K(161280K)] [ParOldGen: 367289K->367289K(367616K)] 506041K->400561K(528896K) [PSPermGen: 13648K->13648K(21504K)], 0.0739890 secs] [Times: user=0.52 sys=0.00, real=0.07 secs] 
403.426: Total time for which application threads were stopped: 0.0746080 seconds, Stopping threads took: 0.0000540 seconds
403.453: Application time: 0.0271780 seconds
403.453: [Full GC [PSYoungGen: 138752K->33286K(161280K)] [ParOldGen: 367289K->367289K(367616K)] 506041K->400575K(528896K) [PSPermGen: 13648K->13648K(21504K)], 0.0744680 secs] [Times: user=0.52 sys=0.00, real=0.07 secs] 
403.528: Total time for which application threads were stopped: 0.0751290 seconds, Stopping threads took: 0.0000700 seconds
403.541: Application time: 0.0133390 seconds
403.542: Total time for which application threads were stopped: 0.0005730 seconds, Stopping threads took: 0.0000350 seconds
403.557: Application time: 0.0154640 seconds
403.558: [Full GC [PSYoungGen: 138752K->33198K(161280K)] [ParOldGen: 367289K->367289K(367616K)] 506041K->400487K(528896K) [PSPermGen: 13648K->13648K(21504K)], 0.0755240 secs] [Times: user=0.53 sys=0.00, real=0.08 secs] 
403.634: Total time for which application threads were stopped: 0.0761410 seconds, Stopping threads took: 0.0000410 seconds
403.662: Application time: 0.0286380 seconds
403.663: Total time for which application threads were stopped: 0.0006020 seconds, Stopping threads took: 0.0001170 seconds
403.669: Application time: 0.0058830 seconds
403.669: [Full GC [PSYoungGen: 138752K->33092K(161280K)] [ParOldGen: 367289K->367289K(367616K)] 506041K->400381K(528896K) [PSPermGen: 13648K->13648K(21504K)], 0.0729300 secs] [Times: user=0.52 sys=0.00, real=0.07 secs] 
403.742: Total time for which application threads were stopped: 0.0736460 seconds, Stopping threads took: 0.0000760 seconds
403.748: Application time: 0.0053370 seconds
403.748: Total time for which application threads were stopped: 0.0005900 seconds, Stopping threads took: 0.0000430 seconds
403.789: Application time: 0.0406710 seconds
403.789: [Full GC [PSYoungGen: 138752K->32879K(161280K)] [ParOldGen: 367289K->367289K(367616K)] 506041K->400168K(528896K) [PSPermGen: 13648K->13648K(21504K)], 0.0724210 secs] [Times: user=0.52 sys=0.00, real=0.07 secs] 
403.862: Total time for which application threads were stopped: 0.0730440 seconds, Stopping threads took: 0.0000110 seconds
403.945: Application time: 0.0830500 seconds
403.946: [Full GC [PSYoungGen: 138752K->32863K(161280K)] [ParOldGen: 367289K->367289K(367616K)] 506041K->400152K(528896K) [PSPermGen: 13648K->13648K(21504K)], 0.0728800 secs] [Times: user=0.51 sys=0.00, real=0.07 secs] 
404.018: Total time for which application threads were stopped: 0.0734720 seconds, Stopping threads took: 0.0000140 seconds
404.042: Application time: 0.0234100 seconds
404.042: Total time for which application threads were stopped: 0.0005190 seconds, Stopping threads took: 0.0000190 seconds
404.042: Application time: 0.0000200 seconds
404.043: Total time for which application threads were stopped: 0.0001410 seconds, Stopping threads took: 0.0000080 seconds
404.052: Application time: 0.0089720 seconds
404.052: Total time for which application threads were stopped: 0.0002480 seconds, Stopping threads took: 0.0000190 seconds
404.052: Application time: 0.0000710 seconds
404.052: Total time for which application threads were stopped: 0.0001520 seconds, Stopping threads took: 0.0000180 seconds
404.052: Application time: 0.0000830 seconds
404.052: Total time for which application threads were stopped: 0.0001360 seconds, Stopping threads took: 0.0000190 seconds
404.052: Application time: 0.0000710 seconds
404.052: Total time for which application threads were stopped: 0.0001280 seconds, Stopping threads took: 0.0000080 seconds
404.053: Application time: 0.0000730 seconds
404.053: Total time for which application threads were stopped: 0.0001230 seconds, Stopping threads took: 0.0000180 seconds
404.053: Application time: 0.0000760 seconds
404.053: Total time for which application threads were stopped: 0.0001220 seconds, Stopping threads took: 0.0000180 seconds
404.053: Application time: 0.0000790 seconds
404.053: Total time for which application threads were stopped: 0.0001170 seconds, Stopping threads took: 0.0000180 seconds
404.053: Application time: 0.0000400 seconds
404.053: Total time for which application threads were stopped: 0.0000980 seconds, Stopping threads took: 0.0000030 seconds
404.053: Application time: 0.0000130 seconds
404.053: Total time for which application threads were stopped: 0.0000980 seconds, Stopping threads took: 0.0000030 seconds
404.053: Application time: 0.0000130 seconds
404.053: Total time for which application threads were stopped: 0.0000960 seconds, Stopping threads took: 0.0000030 seconds
404.053: Application time: 0.0000130 seconds
404.054: Total time for which application threads were stopped: 0.0000790 seconds, Stopping threads took: 0.0000030 seconds
404.054: Application time: 0.0000120 seconds
404.054: Total time for which application threads were stopped: 0.0000730 seconds, Stopping threads took: 0.0000020 seconds
404.054: Application time: 0.0000120 seconds
404.054: Total time for which application threads were stopped: 0.0000730 seconds, Stopping threads took: 0.0000030 seconds
404.054: Application time: 0.0000120 seconds
404.054: Total time for which application threads were stopped: 0.0000730 seconds, Stopping threads took: 0.0000020 seconds
404.054: Application time: 0.0000120 seconds
404.054: Total time for which application threads were stopped: 0.0000730 seconds, Stopping threads took: 0.0000020 seconds
404.054: Application time: 0.0000160 seconds
404.054: Total time for which application threads were stopped: 0.0000730 seconds, Stopping threads took: 0.0000030 seconds
404.055: Application time: 0.0012280 seconds
404.055: Total time for which application threads were stopped: 0.0001000 seconds, Stopping threads took: 0.0000140 seconds
404.063: Application time: 0.0081890 seconds
404.064: Total time for which application threads were stopped: 0.0003460 seconds, Stopping threads took: 0.0000120 seconds
404.064: Application time: 0.0000520 seconds
404.064: Total time for which application threads were stopped: 0.0001210 seconds, Stopping threads took: 0.0000090 seconds
404.064: Application time: 0.0000740 seconds
404.064: Total time for which application threads were stopped: 0.0000820 seconds, Stopping threads took: 0.0000070 seconds
404.065: Application time: 0.0013070 seconds
404.066: Total time for which application threads were stopped: 0.0001800 seconds, Stopping threads took: 0.0000090 seconds
404.117: Application time: 0.0513070 seconds
404.117: Total time for which application threads were stopped: 0.0004410 seconds, Stopping threads took: 0.0000190 seconds
404.120: Application time: 0.0024190 seconds
404.120: Total time for which application threads were stopped: 0.0003270 seconds, Stopping threads took: 0.0000190 seconds
404.128: Application time: 0.0074440 seconds
404.128: Total time for which application threads were stopped: 0.0003470 seconds, Stopping threads took: 0.0000180 seconds
404.198: Application time: 0.0698640 seconds
404.198: Total time for which application threads were stopped: 0.0004700 seconds, Stopping threads took: 0.0000090 seconds
404.265: Application time: 0.0663940 seconds
404.265: Total time for which application threads were stopped: 0.0004430 seconds, Stopping threads took: 0.0000120 seconds
404.509: Application time: 0.2441520 seconds
404.510: Total time for which application threads were stopped: 0.0004370 seconds, Stopping threads took: 0.0000120 seconds
Heap
 PSYoungGen      total 161280K, used 87732K [0x00000000f4c00000, 0x00000000fff80000, 0x0000000100000000)
  eden space 138752K, 63% used [0x00000000f4c00000,0x00000000fa1ad390,0x00000000fd380000)
  from space 22528K, 0% used [0x00000000fd380000,0x00000000fd380000,0x00000000fe980000)
  to   space 22528K, 0% used [0x00000000fe980000,0x00000000fe980000,0x00000000fff80000)
 ParOldGen       total 367616K, used 367289K [0x00000000de400000, 0x00000000f4b00000, 0x00000000f4c00000)
  object space 367616K, 99% used [0x00000000de400000,0x00000000f4aae508,0x00000000f4b00000)
 PSPermGen       total 21504K, used 20973K [0x00000000d9200000, 0x00000000da700000, 0x00000000de400000)
  object space 21504K, 97% used [0x00000000d9200000,0x00000000da67b728,0x00000000da700000)
404.510: Application time: 0.0002030 seconds
