Java HotSpot(TM) 64-Bit Server VM (24.80-b11) for linux-amd64 JRE (1.7.0_80-b15), built on Apr 10 2015 19:53:14 by "java_re" with gcc 4.3.0 20080428 (Red Hat 4.3.0-8)
Memory: 4k page, physical 8000092k(5577336k free), swap 8218620k(8218620k free)
CommandLine flags: -XX:+CMSParallelRemarkEnabled -XX:InitialHeapSize=47036416 -XX:MaxHeapSize=47036416 -XX:+PrintGC -XX:+PrintGCApplicationConcurrentTime -XX:+PrintGCApplicationStoppedTime -XX:+PrintGCDetails -XX:+PrintGCTimeStamps -XX:-UseAdaptiveSizePolicy -XX:+UseCompressedOops -XX:+UseParallelGC 
1.008: Application time: 0.9840180 seconds
1.008: Total time for which application threads were stopped: 0.0000420 seconds, Stopping threads took: 0.0000120 seconds
4.029: Application time: 3.0203230 seconds
4.029: Total time for which application threads were stopped: 0.0000670 seconds, Stopping threads took: 0.0000120 seconds
14.681: Application time: 10.6524970 seconds
14.681: Total time for which application threads were stopped: 0.0000350 seconds, Stopping threads took: 0.0000190 seconds
14.681: Application time: 0.0000640 seconds
14.681: Total time for which application threads were stopped: 0.0000230 seconds, Stopping threads took: 0.0000170 seconds
14.683: Application time: 0.0013790 seconds
14.683: Total time for which application threads were stopped: 0.0000090 seconds, Stopping threads took: 0.0000030 seconds
14.701: Application time: 0.0184860 seconds
14.701: Total time for which application threads were stopped: 0.0000370 seconds, Stopping threads took: 0.0000110 seconds
14.713: Application time: 0.0122260 seconds
14.713: [GC [PSYoungGen: 9612K->1514K(13824K)] 9612K->3198K(44544K), 0.0022180 secs] [Times: user=0.00 sys=0.00, real=0.00 secs] 
14.716: [Full GC [PSYoungGen: 1514K->0K(13824K)] [ParOldGen: 1683K->3145K(30720K)] 3198K->3145K(44544K) [PSPermGen: 5076K->5074K(21504K)], 0.0144300 secs] [Times: user=0.08 sys=0.00, real=0.02 secs] 
14.730: Total time for which application threads were stopped: 0.0167640 seconds, Stopping threads took: 0.0000060 seconds
14.730: Application time: 0.0000590 seconds
14.730: [GC [PSYoungGen: 0K->0K(13824K)] 3145K->3145K(44544K), 0.0003140 secs] [Times: user=0.00 sys=0.00, real=0.00 secs] 
14.731: [Full GC [PSYoungGen: 0K->0K(13824K)] [ParOldGen: 3145K->3145K(30720K)] 3145K->3145K(44544K) [PSPermGen: 5074K->5074K(21504K)], 0.0042030 secs] [Times: user=0.01 sys=0.00, real=0.00 secs] 
14.735: Total time for which application threads were stopped: 0.0046220 seconds, Stopping threads took: 0.0000170 seconds
14.735: Application time: 0.0000510 seconds
14.735: Total time for which application threads were stopped: 0.0000290 seconds, Stopping threads took: 0.0000200 seconds
14.735: Application time: 0.0000240 seconds
14.735: Total time for which application threads were stopped: 0.0000160 seconds, Stopping threads took: 0.0000110 seconds
14.735: Application time: 0.0000140 seconds
14.735: Total time for which application threads were stopped: 0.0000180 seconds, Stopping threads took: 0.0000140 seconds
14.735: Application time: 0.0000110 seconds
14.735: Total time for which application threads were stopped: 0.0000160 seconds, Stopping threads took: 0.0000120 seconds
14.735: Application time: 0.0000120 seconds
14.735: Total time for which application threads were stopped: 0.0000130 seconds, Stopping threads took: 0.0000090 seconds
14.735: Application time: 0.0000110 seconds
14.735: Total time for which application threads were stopped: 0.0000190 seconds, Stopping threads took: 0.0000140 seconds
14.735: Application time: 0.0000100 seconds
14.735: Total time for which application threads were stopped: 0.0000090 seconds, Stopping threads took: 0.0000050 seconds
14.735: Application time: 0.0000320 seconds
14.735: Total time for which application threads were stopped: 0.0000180 seconds, Stopping threads took: 0.0000130 seconds
14.735: Application time: 0.0000110 seconds
14.735: Total time for which application threads were stopped: 0.0000180 seconds, Stopping threads took: 0.0000140 seconds
14.735: Application time: 0.0000130 seconds
14.735: Total time for which application threads were stopped: 0.0000160 seconds, Stopping threads took: 0.0000120 seconds
14.735: Application time: 0.0000130 seconds
14.735: Total time for which application threads were stopped: 0.0000140 seconds, Stopping threads took: 0.0000100 seconds
14.735: Application time: 0.0000130 seconds
14.735: Total time for which application threads were stopped: 0.0000200 seconds, Stopping threads took: 0.0000160 seconds
14.735: Application time: 0.0000120 seconds
14.735: Total time for which application threads were stopped: 0.0000270 seconds, Stopping threads took: 0.0000230 seconds
14.735: Application time: 0.0000120 seconds
14.735: Total time for which application threads were stopped: 0.0000170 seconds, Stopping threads took: 0.0000130 seconds
14.735: Application time: 0.0000430 seconds
14.735: Total time for which application threads were stopped: 0.0000180 seconds, Stopping threads took: 0.0000130 seconds
14.736: Application time: 0.0000980 seconds
14.736: Total time for which application threads were stopped: 0.0000140 seconds, Stopping threads took: 0.0000100 seconds
14.736: Application time: 0.0000110 seconds
14.736: Total time for which application threads were stopped: 0.0000120 seconds, Stopping threads took: 0.0000090 seconds
14.736: Application time: 0.0000110 seconds
14.736: Total time for which application threads were stopped: 0.0000190 seconds, Stopping threads took: 0.0000150 seconds
14.736: Application time: 0.0000120 seconds
14.736: Total time for which application threads were stopped: 0.0000320 seconds, Stopping threads took: 0.0000160 seconds
14.736: Application time: 0.0000130 seconds
14.736: Total time for which application threads were stopped: 0.0000170 seconds, Stopping threads took: 0.0000100 seconds
14.736: Application time: 0.0003490 seconds
14.736: Total time for which application threads were stopped: 0.0000140 seconds, Stopping threads took: 0.0000100 seconds
14.738: Application time: 0.0019170 seconds
14.738: Total time for which application threads were stopped: 0.0000310 seconds, Stopping threads took: 0.0000260 seconds
14.738: Application time: 0.0000960 seconds
14.738: Total time for which application threads were stopped: 0.0000480 seconds, Stopping threads took: 0.0000400 seconds
14.739: Application time: 0.0004000 seconds
14.739: Total time for which application threads were stopped: 0.0000270 seconds, Stopping threads took: 0.0000160 seconds
14.754: Application time: 0.0155350 seconds
14.755: Total time for which application threads were stopped: 0.0004750 seconds, Stopping threads took: 0.0004390 seconds
14.858: Application time: 0.1034270 seconds
14.858: [GC [PSYoungGen: 12278K->1525K(13824K)] 15424K->10243K(44544K), 0.0015690 secs] [Times: user=0.01 sys=0.00, real=0.00 secs] 
14.860: Total time for which application threads were stopped: 0.0017390 seconds, Stopping threads took: 0.0000970 seconds
14.976: Application time: 0.1163060 seconds
15.045: [GC [PSYoungGen: 13635K->1525K(13824K)] 22353K->10438K(44544K), 0.0007210 secs] [Times: user=0.00 sys=0.00, real=0.00 secs] 
15.045: Total time for which application threads were stopped: 0.0692240 seconds, Stopping threads took: 0.0684390 seconds
15.126: Application time: 0.0806960 seconds
15.176: [GC [PSYoungGen: 13772K->646K(13824K)] 22686K->9559K(44544K), 0.0005020 secs] [Times: user=0.00 sys=0.00, real=0.00 secs] 
15.176: Total time for which application threads were stopped: 0.0503150 seconds, Stopping threads took: 0.0497410 seconds
15.255: Application time: 0.0783860 seconds
15.295: [GC [PSYoungGen: 12911K->1427K(13824K)] 21824K->10927K(44544K), 0.0009050 secs] [Times: user=0.00 sys=0.00, real=0.00 secs] 
15.296: Total time for which application threads were stopped: 0.0411980 seconds, Stopping threads took: 0.0401910 seconds
15.378: Application time: 0.0817500 seconds
15.443: [GC [PSYoungGen: 13639K->1232K(13824K)] 23139K->10731K(44544K), 0.0006470 secs] [Times: user=0.01 sys=0.00, real=0.00 secs] 
15.443: Total time for which application threads were stopped: 0.0656990 seconds, Stopping threads took: 0.0649620 seconds
15.541: Application time: 0.0973520 seconds
15.610: [GC [PSYoungGen: 13409K->451K(13824K)] 22909K->9950K(44544K), 0.0004710 secs] [Times: user=0.00 sys=0.00, real=0.00 secs] 
15.611: Total time for which application threads were stopped: 0.0699930 seconds, Stopping threads took: 0.0694570 seconds
15.694: Application time: 0.0828990 seconds
15.750: [GC [PSYoungGen: 12508K->646K(13824K)] 22007K->10145K(44544K), 0.0005210 secs] [Times: user=0.00 sys=0.00, real=0.00 secs] 
15.751: Total time for which application threads were stopped: 0.0571360 seconds, Stopping threads took: 0.0565480 seconds
15.831: Application time: 0.0798480 seconds
15.902: [GC [PSYoungGen: 12883K->1005K(13824K)] 22383K->10504K(44544K), 0.0005690 secs] [Times: user=0.00 sys=0.00, real=0.00 secs] 
15.903: Total time for which application threads were stopped: 0.0722790 seconds, Stopping threads took: 0.0716380 seconds
15.984: Application time: 0.0807350 seconds
16.048: [GC [PSYoungGen: 13213K->256K(13824K)] 22712K->9755K(44544K), 0.0005270 secs] [Times: user=0.00 sys=0.00, real=0.01 secs] 
16.049: Total time for which application threads were stopped: 0.0651020 seconds, Stopping threads took: 0.0644870 seconds
16.128: Application time: 0.0790340 seconds
16.169: [GC [PSYoungGen: 12480K->646K(13824K)] 21980K->10145K(44544K), 0.0005620 secs] [Times: user=0.00 sys=0.00, real=0.00 secs] 
16.170: Total time for which application threads were stopped: 0.0422740 seconds, Stopping threads took: 0.0416360 seconds
16.249: Application time: 0.0793440 seconds
16.290: [GC [PSYoungGen: 12559K->1525K(13824K)] 22058K->11220K(44544K), 0.0007960 secs] [Times: user=0.00 sys=0.01, real=0.00 secs] 
16.291: Total time for which application threads were stopped: 0.0416770 seconds, Stopping threads took: 0.0407920 seconds
16.385: Application time: 0.0939730 seconds
16.435: [GC [PSYoungGen: 13437K->1362K(13824K)] 23132K->11447K(44544K), 0.0009630 secs] [Times: user=0.01 sys=0.00, real=0.00 secs] 
16.436: Total time for which application threads were stopped: 0.0512270 seconds, Stopping threads took: 0.0501590 seconds
16.518: Application time: 0.0814710 seconds
16.583: [GC [PSYoungGen: 13431K->710K(13824K)] 23516K->10795K(44544K), 0.0004540 secs] [Times: user=0.00 sys=0.00, real=0.00 secs] 
16.583: Total time for which application threads were stopped: 0.0655730 seconds, Stopping threads took: 0.0650560 seconds
16.663: Application time: 0.0796180 seconds
16.703: [GC [PSYoungGen: 12994K->1376K(13824K)] 23079K->12243K(44544K), 0.0008890 secs] [Times: user=0.00 sys=0.00, real=0.00 secs] 
16.703: Total time for which application threads were stopped: 0.0405260 seconds, Stopping threads took: 0.0395760 seconds
16.785: Application time: 0.0820200 seconds
16.851: [GC [PSYoungGen: 13503K->1392K(13824K)] 24370K->12259K(44544K), 0.0006370 secs] [Times: user=0.00 sys=0.00, real=0.00 secs] 
16.851: Total time for which application threads were stopped: 0.0657860 seconds, Stopping threads took: 0.0650840 seconds
16.931: Application time: 0.0800280 seconds
16.999: [GC [PSYoungGen: 13519K->579K(13824K)] 24386K->11509K(44544K), 0.0007800 secs] [Times: user=0.00 sys=0.00, real=0.00 secs] 
17.000: Total time for which application threads were stopped: 0.0687970 seconds, Stopping threads took: 0.0679340 seconds
17.083: Application time: 0.0830800 seconds
17.138: [GC [PSYoungGen: 12608K->774K(13824K)] 23539K->11729K(44544K), 0.0008330 secs] [Times: user=0.00 sys=0.00, real=0.00 secs] 
17.139: Total time for which application threads were stopped: 0.0554750 seconds, Stopping threads took: 0.0545540 seconds
17.218: Application time: 0.0790420 seconds
17.262: [GC [PSYoungGen: 12999K->1165K(13824K)] 23953K->12119K(44544K), 0.0006920 secs] [Times: user=0.00 sys=0.00, real=0.00 secs] 
17.263: Total time for which application threads were stopped: 0.0448930 seconds, Stopping threads took: 0.0441080 seconds
17.344: Application time: 0.0811860 seconds
17.408: [GC [PSYoungGen: 13292K->336K(13824K)] 24247K->11290K(44544K), 0.0004240 secs] [Times: user=0.00 sys=0.00, real=0.00 secs] 
17.408: Total time for which application threads were stopped: 0.0643600 seconds, Stopping threads took: 0.0638690 seconds
17.492: Application time: 0.0836880 seconds
17.538: [GC [PSYoungGen: 12541K->1344K(13824K)] 23495K->12689K(44544K), 0.0010050 secs] [Times: user=0.00 sys=0.00, real=0.00 secs] 
17.539: Total time for which application threads were stopped: 0.0468130 seconds, Stopping threads took: 0.0457310 seconds
17.621: Application time: 0.0820930 seconds
17.686: [GC [PSYoungGen: 13354K->758K(13824K)] 24699K->12103K(44544K), 0.0007010 secs] [Times: user=0.01 sys=0.00, real=0.00 secs] 
17.687: Total time for which application threads were stopped: 0.0664450 seconds, Stopping threads took: 0.0656800 seconds
17.765: Application time: 0.0781770 seconds
17.808: [GC [PSYoungGen: 12983K->1149K(13824K)] 24328K->12494K(44544K), 0.0007180 secs] [Times: user=0.01 sys=0.00, real=0.01 secs] 
17.809: Total time for which application threads were stopped: 0.0433970 seconds, Stopping threads took: 0.0425860 seconds
17.897: Application time: 0.0881700 seconds
17.964: [GC [PSYoungGen: 13433K->368K(13824K)] 24778K->11713K(44544K), 0.0005030 secs] [Times: user=0.00 sys=0.00, real=0.00 secs] 
17.964: Total time for which application threads were stopped: 0.0672940 seconds, Stopping threads took: 0.0667280 seconds
18.043: Application time: 0.0791390 seconds
18.086: [GC [PSYoungGen: 12553K->531K(13824K)] 23899K->11900K(44544K), 0.0004800 secs] [Times: user=0.01 sys=0.00, real=0.00 secs] 
18.087: Total time for which application threads were stopped: 0.0434520 seconds, Stopping threads took: 0.0428920 seconds
18.173: Application time: 0.0862530 seconds
18.231: [GC [PSYoungGen: 12756K->970K(13824K)] 24125K->12339K(44544K), 0.0006180 secs] [Times: user=0.00 sys=0.00, real=0.00 secs] 
18.231: Total time for which application threads were stopped: 0.0582480 seconds, Stopping threads took: 0.0575680 seconds
18.310: Application time: 0.0786660 seconds
18.350: [GC [PSYoungGen: 13194K->1344K(13824K)] 24563K->12745K(44544K), 0.0006830 secs] [Times: user=0.00 sys=0.00, real=0.00 secs] 
18.351: Total time for which application threads were stopped: 0.0408590 seconds, Stopping threads took: 0.0401110 seconds
18.434: Application time: 0.0832540 seconds
18.501: [GC [PSYoungGen: 13550K->547K(13824K)] 24951K->11972K(44544K), 0.0007900 secs] [Times: user=0.00 sys=0.00, real=0.00 secs] 
18.502: Total time for which application threads were stopped: 0.0673720 seconds, Stopping threads took: 0.0664930 seconds
18.579: Application time: 0.0773560 seconds
18.629: [GC [PSYoungGen: 12655K->742K(13824K)] 24080K->12207K(44544K), 0.0005500 secs] [Times: user=0.00 sys=0.00, real=0.00 secs] 
18.629: Total time for which application threads were stopped: 0.0503250 seconds, Stopping threads took: 0.0496790 seconds
18.708: Application time: 0.0785740 seconds
18.750: [GC [PSYoungGen: 12967K->1117K(13824K)] 24432K->12614K(44544K), 0.0006730 secs] [Times: user=0.00 sys=0.00, real=0.00 secs] 
18.751: Total time for which application threads were stopped: 0.0427280 seconds, Stopping threads took: 0.0419740 seconds
18.832: Application time: 0.0812830 seconds
18.901: [GC [PSYoungGen: 13244K->320K(13824K)] 24741K->11817K(44544K), 0.0007160 secs] [Times: user=0.00 sys=0.00, real=0.00 secs] 
18.902: Total time for which application threads were stopped: 0.0700100 seconds, Stopping threads took: 0.0692180 seconds
18.982: Application time: 0.0798280 seconds
18.983: [GC [PSYoungGen: 12525K->1525K(13824K)] 24022K->15365K(44544K), 0.0013530 secs] [Times: user=0.01 sys=0.01, real=0.00 secs] 
18.984: Total time for which application threads were stopped: 0.0023340 seconds, Stopping threads took: 0.0009130 seconds
19.065: Application time: 0.0810380 seconds
19.131: [GC [PSYoungGen: 13457K->1524K(13824K)] 27296K->16730K(44544K), 0.0011800 secs] [Times: user=0.01 sys=0.00, real=0.00 secs] 
19.132: Total time for which application threads were stopped: 0.0669930 seconds, Stopping threads took: 0.0657270 seconds
19.225: Application time: 0.0924720 seconds
19.295: [GC [PSYoungGen: 13748K->1069K(13824K)] 28955K->16276K(44544K), 0.0005810 secs] [Times: user=0.00 sys=0.00, real=0.00 secs] 
19.296: Total time for which application threads were stopped: 0.0710210 seconds, Stopping threads took: 0.0703650 seconds
19.376: Application time: 0.0799800 seconds
19.419: [GC [PSYoungGen: 13176K->1296K(13824K)] 28383K->16503K(44544K), 0.0009180 secs] [Times: user=0.01 sys=0.00, real=0.00 secs] 
19.420: Total time for which application threads were stopped: 0.0447120 seconds, Stopping threads took: 0.0437270 seconds
19.503: Application time: 0.0827510 seconds
19.568: [GC [PSYoungGen: 13463K->288K(13824K)] 28669K->15502K(44544K), 0.0004520 secs] [Times: user=0.00 sys=0.00, real=0.00 secs] 
19.568: Total time for which application threads were stopped: 0.0652890 seconds, Stopping threads took: 0.0647510 seconds
19.648: Application time: 0.0794870 seconds
19.686: [GC [PSYoungGen: 12493K->1525K(13824K)] 27708K->18004K(44544K), 0.0010240 secs] [Times: user=0.00 sys=0.01, real=0.00 secs] 
19.687: Total time for which application threads were stopped: 0.0394270 seconds, Stopping threads took: 0.0377540 seconds
19.771: Application time: 0.0837880 seconds
19.839: [GC [PSYoungGen: 13457K->662K(13824K)] 29935K->17141K(44544K), 0.0007310 secs] [Times: user=0.00 sys=0.00, real=0.00 secs] 
19.839: Total time for which application threads were stopped: 0.0684100 seconds, Stopping threads took: 0.0675940 seconds
19.917: Application time: 0.0780740 seconds
19.958: [GC [PSYoungGen: 12887K->1037K(13824K)] 29366K->17524K(44544K), 0.0008480 secs] [Times: user=0.00 sys=0.00, real=0.00 secs] 
19.958: Total time for which application threads were stopped: 0.0408930 seconds, Stopping threads took: 0.0399550 seconds
20.038: Application time: 0.0798520 seconds
20.077: [GC [PSYoungGen: 13312K->1475K(13824K)] 29799K->17986K(44544K), 0.0008670 secs] [Times: user=0.00 sys=0.01, real=0.00 secs] 
20.078: Total time for which application threads were stopped: 0.0401090 seconds, Stopping threads took: 0.0391790 seconds
20.163: Application time: 0.0844230 seconds
20.223: [GC [PSYoungGen: 13416K->1491K(13824K)] 29927K->18002K(44544K), 0.0006240 secs] [Times: user=0.00 sys=0.00, real=0.00 secs] 
20.223: Total time for which application threads were stopped: 0.0604300 seconds, Stopping threads took: 0.0597100 seconds
20.305: Application time: 0.0821540 seconds
20.370: [GC [PSYoungGen: 13697K->710K(13824K)] 30207K->17221K(44544K), 0.0005410 secs] [Times: user=0.00 sys=0.00, real=0.00 secs] 
20.371: Total time for which application threads were stopped: 0.0656190 seconds, Stopping threads took: 0.0650150 seconds
20.452: Application time: 0.0814310 seconds
20.492: [GC [PSYoungGen: 12935K->1458K(13824K)] 29446K->18758K(44544K), 0.0009040 secs] [Times: user=0.00 sys=0.00, real=0.00 secs] 
20.492: Total time for which application threads were stopped: 0.0400280 seconds, Stopping threads took: 0.0390550 seconds
20.575: Application time: 0.0827720 seconds
20.645: [GC [PSYoungGen: 13585K->256K(13824K)] 30885K->17572K(44544K), 0.0004030 secs] [Times: user=0.01 sys=0.00, real=0.00 secs] 
20.646: Total time for which application threads were stopped: 0.0704180 seconds, Stopping threads took: 0.0699510 seconds
20.725: Application time: 0.0792640 seconds
20.768: [GC [PSYoungGen: 12363K->515K(13824K)] 29679K->17831K(44544K), 0.0004600 secs] [Times: user=0.00 sys=0.00, real=0.00 secs] 
20.768: Total time for which application threads were stopped: 0.0433430 seconds, Stopping threads took: 0.0428110 seconds
20.848: Application time: 0.0797150 seconds
20.889: [GC [PSYoungGen: 12798K->1474K(13824K)] 30114K->20353K(44544K), 0.0011950 secs] [Times: user=0.01 sys=0.00, real=0.00 secs] 
20.890: Total time for which application threads were stopped: 0.0421300 seconds, Stopping threads took: 0.0408470 seconds
20.971: Application time: 0.0810460 seconds
21.038: [GC [PSYoungGen: 13659K->1392K(13824K)] 32538K->21060K(44544K), 0.0008760 secs] [Times: user=0.00 sys=0.00, real=0.00 secs] 
21.039: Total time for which application threads were stopped: 0.0680210 seconds, Stopping threads took: 0.0670560 seconds
21.139: Application time: 0.0998750 seconds
21.211: [GC [PSYoungGen: 13617K->336K(13824K)] 33285K->20004K(44544K), 0.0004530 secs] [Times: user=0.01 sys=0.01, real=0.00 secs] 
21.211: Total time for which application threads were stopped: 0.0722330 seconds, Stopping threads took: 0.0716960 seconds
21.290: Application time: 0.0785710 seconds
21.331: [GC [PSYoungGen: 12560K->1392K(13824K)] 32228K->22623K(44544K), 0.0012230 secs] [Times: user=0.01 sys=0.00, real=0.00 secs] 
21.332: Total time for which application threads were stopped: 0.0425130 seconds, Stopping threads took: 0.0411840 seconds
21.419: Application time: 0.0865290 seconds
21.490: [GC [PSYoungGen: 13679K->1101K(13824K)] 34910K->22339K(44544K), 0.0006680 secs] [Times: user=0.01 sys=0.00, real=0.00 secs] 
21.491: Total time for which application threads were stopped: 0.0718370 seconds, Stopping threads took: 0.0711010 seconds
21.572: Application time: 0.0808660 seconds
21.638: [GC [PSYoungGen: 13244K->352K(13824K)] 34483K->21598K(44544K), 0.0004840 secs] [Times: user=0.00 sys=0.00, real=0.00 secs] 
21.639: Total time for which application threads were stopped: 0.0669120 seconds, Stopping threads took: 0.0663610 seconds
21.719: Application time: 0.0802680 seconds
21.774: [GC [PSYoungGen: 12459K->547K(13824K)] 33706K->21809K(44544K), 0.0004940 secs] [Times: user=0.01 sys=0.00, real=0.00 secs] 
21.775: Total time for which application threads were stopped: 0.0560090 seconds, Stopping threads took: 0.0554450 seconds
21.854: Application time: 0.0788240 seconds
21.899: [GC [PSYoungGen: 12654K->790K(13824K)] 33917K->22053K(44544K), 0.0005320 secs] [Times: user=0.00 sys=0.00, real=0.00 secs] 
21.900: Total time for which application threads were stopped: 0.0463160 seconds, Stopping threads took: 0.0456870 seconds
21.979: Application time: 0.0793020 seconds
22.023: [GC [PSYoungGen: 13015K->1181K(13824K)] 34278K->22443K(44544K), 0.0008880 secs] [Times: user=0.00 sys=0.00, real=0.00 secs] 
22.023: Total time for which application threads were stopped: 0.0441810 seconds, Stopping threads took: 0.0432060 seconds
22.105: Application time: 0.0811100 seconds
22.171: [GC [PSYoungGen: 13308K->384K(13824K)] 34571K->21646K(44544K), 0.0005800 secs] [Times: user=0.00 sys=0.00, real=0.00 secs] 
22.171: Total time for which application threads were stopped: 0.0667100 seconds, Stopping threads took: 0.0660420 seconds
22.253: Application time: 0.0817910 seconds
22.303: [GC [PSYoungGen: 12608K->758K(13824K)] 33871K->22045K(44544K), 0.0006510 secs] [Times: user=0.00 sys=0.00, real=0.00 secs] 
22.304: Total time for which application threads were stopped: 0.0509380 seconds, Stopping threads took: 0.0502180 seconds
22.384: Application time: 0.0798310 seconds
22.425: [GC [PSYoungGen: 13045K->1458K(13824K)] 34332K->23534K(44544K), 0.0010080 secs] [Times: user=0.01 sys=0.01, real=0.00 secs] 
22.426: Total time for which application threads were stopped: 0.0419650 seconds, Stopping threads took: 0.0408550 seconds
22.508: Application time: 0.0824890 seconds
22.574: [GC [PSYoungGen: 13657K->1360K(13824K)] 35733K->23436K(44544K), 0.0008720 secs] [Times: user=0.00 sys=0.00, real=0.00 secs] 
22.575: Total time for which application threads were stopped: 0.0662220 seconds, Stopping threads took: 0.0652610 seconds
22.678: Application time: 0.1038000 seconds
22.743: [GC [PSYoungGen: 13566K->531K(13824K)] 35641K->22607K(44544K), 0.0005700 secs] [Times: user=0.00 sys=0.00, real=0.00 secs] 
22.743: Total time for which application threads were stopped: 0.0647990 seconds, Stopping threads took: 0.0641640 seconds
22.838: Application time: 0.0943790 seconds
22.899: [GC [PSYoungGen: 12717K->758K(13824K)] 34793K->22842K(44544K), 0.0004710 secs] [Times: user=0.00 sys=0.00, real=0.00 secs] 
22.899: Total time for which application threads were stopped: 0.0614920 seconds, Stopping threads took: 0.0609620 seconds
22.978: Application time: 0.0785220 seconds
23.020: [GC [PSYoungGen: 12983K->1458K(13824K)] 35067K->24331K(44544K), 0.0009150 secs] [Times: user=0.00 sys=0.00, real=0.00 secs] 
23.021: Total time for which application threads were stopped: 0.0429800 seconds, Stopping threads took: 0.0419630 seconds
23.102: Application time: 0.0817120 seconds
23.168: [GC [PSYoungGen: 13683K->1360K(13824K)] 36556K->24437K(44544K), 0.0007520 secs] [Times: user=0.00 sys=0.01, real=0.01 secs] 
23.169: Total time for which application threads were stopped: 0.0663130 seconds, Stopping threads took: 0.0654810 seconds
23.249: Application time: 0.0807900 seconds
23.304: [GC [PSYoungGen: 13487K->758K(13824K)] 36564K->23835K(44544K), 0.0005320 secs] [Times: user=0.00 sys=0.00, real=0.00 secs] 
23.305: Total time for which application threads were stopped: 0.0555330 seconds, Stopping threads took: 0.0549380 seconds
23.387: Application time: 0.0817110 seconds
23.441: [GC [PSYoungGen: 12866K->970K(13824K)] 35942K->24046K(44544K), 0.0005740 secs] [Times: user=0.00 sys=0.00, real=0.00 secs] 
23.441: Total time for which application threads were stopped: 0.0548890 seconds, Stopping threads took: 0.0542290 seconds
23.522: Application time: 0.0808140 seconds
23.563: [GC [PSYoungGen: 13077K->1181K(13824K)] 36154K->24265K(44544K), 0.0007350 secs] [Times: user=0.00 sys=0.00, real=0.00 secs] 
23.564: Total time for which application threads were stopped: 0.0417270 seconds, Stopping threads took: 0.0408930 seconds
23.644: Application time: 0.0803940 seconds
23.710: [GC [PSYoungGen: 13308K->352K(13824K)] 36392K->23436K(44544K), 0.0007190 secs] [Times: user=0.00 sys=0.00, real=0.00 secs] 
23.711: Total time for which application threads were stopped: 0.0667540 seconds, Stopping threads took: 0.0659430 seconds
23.791: Application time: 0.0802160 seconds
23.832: [GC [PSYoungGen: 12576K->806K(13824K)] 35661K->23907K(44544K), 0.0005440 secs] [Times: user=0.00 sys=0.00, real=0.00 secs] 
23.832: Total time for which application threads were stopped: 0.0409160 seconds, Stopping threads took: 0.0402810 seconds
23.911: Application time: 0.0784250 seconds
23.954: [GC [PSYoungGen: 13012K->1474K(13824K)] 36112K->26340K(44544K), 0.0010960 secs] [Times: user=0.00 sys=0.00, real=0.00 secs] 
23.955: Total time for which application threads were stopped: 0.0439190 seconds, Stopping threads took: 0.0427560 seconds
24.034: Application time: 0.0792860 seconds
24.108: [GC [PSYoungGen: 13679K->1344K(13824K)] 38546K->26211K(44544K), 0.0007740 secs] [Times: user=0.01 sys=0.00, real=0.01 secs] 
24.108: Total time for which application threads were stopped: 0.0744710 seconds, Stopping threads took: 0.0735930 seconds
24.191: Application time: 0.0823700 seconds
24.251: [GC [PSYoungGen: 13628K->579K(13824K)] 38494K->25485K(44544K), 0.0005020 secs] [Times: user=0.00 sys=0.00, real=0.00 secs] 
24.252: Total time for which application threads were stopped: 0.0607800 seconds, Stopping threads took: 0.0602120 seconds
24.334: Application time: 0.0826710 seconds
24.403: [GC [PSYoungGen: 12686K->790K(13824K)] 37593K->25697K(44544K), 0.0005960 secs] [Times: user=0.00 sys=0.00, real=0.00 secs] 
24.404: Total time for which application threads were stopped: 0.0695930 seconds, Stopping threads took: 0.0689310 seconds
24.483: Application time: 0.0795060 seconds
24.552: [GC [PSYoungGen: 13065K->1213K(13824K)] 37971K->26127K(44544K), 0.0007570 secs] [Times: user=0.00 sys=0.00, real=0.00 secs] 
24.553: Total time for which application threads were stopped: 0.0698420 seconds, Stopping threads took: 0.0690110 seconds
24.636: Application time: 0.0824690 seconds
24.702: [GC [PSYoungGen: 13368K->368K(13824K)] 38282K->25306K(44544K), 0.0004550 secs] [Times: user=0.00 sys=0.00, real=0.00 secs] 
24.704: Total time for which application threads were stopped: 0.0678730 seconds, Stopping threads took: 0.0662760 seconds
24.784: Application time: 0.0799470 seconds
24.852: [GC [PSYoungGen: 12592K->742K(13824K)] 37531K->25697K(44544K), 0.0005740 secs] [Times: user=0.00 sys=0.00, real=0.00 secs] 
24.853: Total time for which application threads were stopped: 0.0693620 seconds, Stopping threads took: 0.0687030 seconds
24.934: Application time: 0.0809980 seconds
24.980: [GC [PSYoungGen: 12967K->1149K(13824K)] 37921K->26119K(44544K), 0.0006340 secs] [Times: user=0.00 sys=0.00, real=0.00 secs] 
24.980: Total time for which application threads were stopped: 0.0463090 seconds, Stopping threads took: 0.0455910 seconds
25.061: Application time: 0.0810000 seconds
25.127: [GC [PSYoungGen: 13354K->336K(13824K)] 38325K->25306K(44544K), 0.0005500 secs] [Times: user=0.00 sys=0.00, real=0.00 secs] 
25.127: Total time for which application threads were stopped: 0.0662170 seconds, Stopping threads took: 0.0655920 seconds
25.207: Application time: 0.0794970 seconds
25.275: [GC [PSYoungGen: 12443K->547K(13824K)] 37414K->25517K(44544K), 0.0005390 secs] [Times: user=0.00 sys=0.00, real=0.00 secs] 
25.276: Total time for which application threads were stopped: 0.0689060 seconds, Stopping threads took: 0.0682920 seconds
25.356: Application time: 0.0801800 seconds
25.417: [GC [PSYoungGen: 12654K->758K(13824K)] 37625K->25729K(44544K), 0.0005180 secs] [Times: user=0.01 sys=0.00, real=0.00 secs] 
25.417: Total time for which application threads were stopped: 0.0613850 seconds, Stopping threads took: 0.0608010 seconds
25.495: Application time: 0.0777820 seconds
25.538: [GC [PSYoungGen: 12983K->1442K(13824K)] 37953K->27202K(44544K), 0.0008760 secs] [Times: user=0.01 sys=0.00, real=0.00 secs] 
25.538: Total time for which application threads were stopped: 0.0432750 seconds, Stopping threads took: 0.0423310 seconds
25.622: Application time: 0.0833590 seconds
25.686: [GC [PSYoungGen: 13628K->1376K(13824K)] 39387K->27144K(44544K), 0.0006950 secs] [Times: user=0.00 sys=0.00, real=0.00 secs] 
25.687: Total time for which application threads were stopped: 0.0653600 seconds, Stopping threads took: 0.0646010 seconds
25.768: Application time: 0.0810190 seconds
25.813: [GC [PSYoungGen: 13484K->1392K(13824K)] 39252K->27355K(44544K), 0.0007140 secs] [Times: user=0.00 sys=0.00, real=0.00 secs] 
25.814: Total time for which application threads were stopped: 0.0458730 seconds, Stopping threads took: 0.0450780 seconds
25.898: Application time: 0.0839390 seconds
25.961: [GC [PSYoungGen: 13598K->742K(13824K)] 39561K->26705K(44544K), 0.0006030 secs] [Times: user=0.01 sys=0.00, real=0.00 secs] 
25.962: Total time for which application threads were stopped: 0.0640800 seconds, Stopping threads took: 0.0634130 seconds
26.042: Application time: 0.0801940 seconds
26.080: [GC [PSYoungGen: 12869K->1524K(13824K)] 38832K->28121K(44544K), 0.0009130 secs] [Times: user=0.01 sys=0.00, real=0.00 secs] 
26.081: Total time for which application threads were stopped: 0.0385710 seconds, Stopping threads took: 0.0375790 seconds
26.163: Application time: 0.0820110 seconds
26.227: [GC [PSYoungGen: 13729K->1296K(13824K)] 40326K->27901K(44544K), 0.0008650 secs] [Times: user=0.01 sys=0.00, real=0.00 secs] 
26.228: Total time for which application threads were stopped: 0.0651860 seconds, Stopping threads took: 0.0642280 seconds
26.316: Application time: 0.0876160 seconds
26.376: [GC [PSYoungGen: 13423K->515K(13824K)] 40028K->27144K(44544K), 0.0005910 secs] [Times: user=0.00 sys=0.00, real=0.00 secs] 
26.376: Total time for which application threads were stopped: 0.0604700 seconds, Stopping threads took: 0.0597800 seconds
26.459: Application time: 0.0826550 seconds
26.526: [GC [PSYoungGen: 12544K->710K(13824K)] 39173K->27355K(44544K), 0.0008460 secs] [Times: user=0.01 sys=0.00, real=0.00 secs] 
26.527: Total time for which application threads were stopped: 0.0681480 seconds, Stopping threads took: 0.0672160 seconds
26.606: Application time: 0.0786630 seconds
26.645: [GC [PSYoungGen: 12935K->1523K(13824K)] 39580K->29934K(44544K), 0.0013150 secs] [Times: user=0.01 sys=0.00, real=0.00 secs] 
26.646: Total time for which application threads were stopped: 0.0407290 seconds, Stopping threads took: 0.0393210 seconds
26.728: Application time: 0.0820410 seconds
26.798: [GC [PSYoungGen: 13807K->1362K(13824K)] 42218K->29781K(44544K), 0.0009400 secs] [Times: user=0.00 sys=0.00, real=0.00 secs] 
26.799: Total time for which application threads were stopped: 0.0705250 seconds, Stopping threads took: 0.0694940 seconds
26.882: Application time: 0.0827800 seconds
26.948: [GC [PSYoungGen: 13587K->742K(13824K)] 42006K->29161K(44544K), 0.0007400 secs] [Times: user=0.01 sys=0.00, real=0.01 secs] 
26.949: Total time for which application threads were stopped: 0.0671410 seconds, Stopping threads took: 0.0663000 seconds
27.029: Application time: 0.0796750 seconds
27.066: [GC [PSYoungGen: 12947K->1507K(13824K)] 41366K->30520K(44544K), 0.0011510 secs] [Times: user=0.00 sys=0.00, real=0.00 secs] 
27.067: Total time for which application threads were stopped: 0.0388200 seconds, Stopping threads took: 0.0375810 seconds
27.163: Application time: 0.0952290 seconds
27.233: [GC [PSYoungGen: 13732K->256K(13824K)] 42745K->29284K(44544K), 0.0005960 secs] [Times: user=0.01 sys=0.00, real=0.00 secs] 
27.234: Total time for which application threads were stopped: 0.0709280 seconds, Stopping threads took: 0.0702560 seconds
27.313: Application time: 0.0796160 seconds
27.354: [GC [PSYoungGen: 12441K->547K(13824K)] 41470K->29584K(44544K), 0.0006200 secs] [Times: user=0.00 sys=0.00, real=0.00 secs] 
27.354: Total time for which application threads were stopped: 0.0411500 seconds, Stopping threads took: 0.0404550 seconds
27.434: Application time: 0.0800250 seconds
27.503: [GC [PSYoungGen: 12733K->758K(13824K)] 41770K->29803K(44544K), 0.0006160 secs] [Times: user=0.00 sys=0.00, real=0.00 secs] 
27.503: Total time for which application threads were stopped: 0.0691150 seconds, Stopping threads took: 0.0684260 seconds
27.583: Application time: 0.0797650 seconds
27.640: [GC [PSYoungGen: 12983K->1165K(13824K)] 42028K->30210K(44544K), 0.0006960 secs] [Times: user=0.00 sys=0.00, real=0.00 secs] 
27.641: Total time for which application threads were stopped: 0.0577840 seconds, Stopping threads took: 0.0569920 seconds
27.721: Application time: 0.0799830 seconds
27.758: [GC-- [PSYoungGen: 13390K->13390K(13824K)] 42435K->44436K(45056K), 0.0011830 secs] [Times: user=0.01 sys=0.01, real=0.00 secs] 
27.759: [Full GC [PSYoungGen: 13390K->0K(13824K)] [ParOldGen: 31046K->5676K(31232K)] 44436K->5676K(45056K) [PSPermGen: 5109K->5109K(21504K)], 0.0116890 secs] [Times: user=0.06 sys=0.00, real=0.01 secs] 
27.771: Total time for which application threads were stopped: 0.0501670 seconds, Stopping threads took: 0.0371770 seconds
27.771: Application time: 0.0002190 seconds
27.823: Total time for which application threads were stopped: 0.0515550 seconds, Stopping threads took: 0.0515140 seconds
27.823: Application time: 0.0000590 seconds
27.823: Total time for which application threads were stopped: 0.0001790 seconds, Stopping threads took: 0.0001720 seconds
27.823: Application time: 0.0000370 seconds
27.823: Total time for which application threads were stopped: 0.0001380 seconds, Stopping threads took: 0.0001290 seconds
27.823: Application time: 0.0000440 seconds
27.823: Total time for which application threads were stopped: 0.0000310 seconds, Stopping threads took: 0.0000230 seconds
27.823: Application time: 0.0000350 seconds
27.824: Total time for which application threads were stopped: 0.0000350 seconds, Stopping threads took: 0.0000280 seconds
27.824: Application time: 0.0000110 seconds
27.824: Total time for which application threads were stopped: 0.0000070 seconds, Stopping threads took: 0.0000030 seconds
27.824: Application time: 0.0000110 seconds
27.824: Total time for which application threads were stopped: 0.0000180 seconds, Stopping threads took: 0.0000130 seconds
27.824: Application time: 0.0000270 seconds
27.824: Total time for which application threads were stopped: 0.0000410 seconds, Stopping threads took: 0.0000350 seconds
27.824: Application time: 0.0000090 seconds
27.824: Total time for which application threads were stopped: 0.0000070 seconds, Stopping threads took: 0.0000020 seconds
27.824: Application time: 0.0000100 seconds
27.824: Total time for which application threads were stopped: 0.0000300 seconds, Stopping threads took: 0.0000260 seconds
27.824: Application time: 0.0000090 seconds
27.824: Total time for which application threads were stopped: 0.0000070 seconds, Stopping threads took: 0.0000020 seconds
27.824: Application time: 0.0000120 seconds
27.863: Total time for which application threads were stopped: 0.0390660 seconds, Stopping threads took: 0.0390610 seconds
27.943: Application time: 0.0804500 seconds
27.980: [GC [PSYoungGen: 12126K->550K(13824K)] 17803K->6227K(45056K), 0.0004470 secs] [Times: user=0.00 sys=0.00, real=0.00 secs] 
27.981: Total time for which application threads were stopped: 0.0377150 seconds, Stopping threads took: 0.0372030 seconds
28.060: Application time: 0.0795460 seconds
28.117: [GC [PSYoungGen: 12463K->614K(13824K)] 18139K->6291K(45056K), 0.0006050 secs] [Times: user=0.00 sys=0.00, real=0.00 secs] 
28.118: Total time for which application threads were stopped: 0.0572140 seconds, Stopping threads took: 0.0565380 seconds
28.198: Application time: 0.0798890 seconds
28.257: [GC [PSYoungGen: 12722K->841K(13824K)] 18398K->6518K(45056K), 0.0005430 secs] [Times: user=0.00 sys=0.00, real=0.00 secs] 
28.257: Total time for which application threads were stopped: 0.0595820 seconds, Stopping threads took: 0.0589740 seconds
28.337: Application time: 0.0801280 seconds
28.378: [GC [PSYoungGen: 13066K->1493K(13824K)] 18743K->7951K(45056K), 0.0008510 secs] [Times: user=0.00 sys=0.00, real=0.00 secs] 
28.378: Total time for which application threads were stopped: 0.0411000 seconds, Stopping threads took: 0.0401840 seconds
28.486: Application time: 0.1072810 seconds
28.549: [GC [PSYoungGen: 13620K->451K(13824K)] 20078K->6909K(45056K), 0.0004160 secs] [Times: user=0.01 sys=0.00, real=0.00 secs] 
28.549: Total time for which application threads were stopped: 0.0636010 seconds, Stopping threads took: 0.0631100 seconds
28.630: Application time: 0.0809600 seconds
28.688: [GC [PSYoungGen: 12637K->614K(13824K)] 19095K->7072K(45056K), 0.0006950 secs] [Times: user=0.00 sys=0.00, real=0.01 secs] 
28.688: Total time for which application threads were stopped: 0.0582150 seconds, Stopping threads took: 0.0574280 seconds
28.768: Application time: 0.0792120 seconds
28.809: [GC [PSYoungGen: 12527K->694K(13824K)] 18984K->7152K(45056K), 0.0006290 secs] [Times: user=0.00 sys=0.00, real=0.00 secs] 
28.809: Total time for which application threads were stopped: 0.0416030 seconds, Stopping threads took: 0.0408950 seconds
28.889: Application time: 0.0795050 seconds
28.931: [GC [PSYoungGen: 12981K->1053K(13824K)] 19439K->7511K(45056K), 0.0006530 secs] [Times: user=0.00 sys=0.00, real=0.00 secs] 
28.931: Total time for which application threads were stopped: 0.0426000 seconds, Stopping threads took: 0.0418820 seconds
29.017: Application time: 0.0855470 seconds
29.058: [GC [PSYoungGen: 13001K->1523K(13824K)] 19459K->8763K(45056K), 0.0009330 secs] [Times: user=0.00 sys=0.00, real=0.00 secs] 
29.059: Total time for which application threads were stopped: 0.0417470 seconds, Stopping threads took: 0.0407200 seconds
29.149: Application time: 0.0901610 seconds
29.215: [GC [PSYoungGen: 13709K->336K(13824K)] 20948K->7575K(45056K), 0.0006410 secs] [Times: user=0.00 sys=0.00, real=0.00 secs] 
29.215: Total time for which application threads were stopped: 0.0665400 seconds, Stopping threads took: 0.0658070 seconds
29.296: Application time: 0.0803330 seconds
29.334: [GC [PSYoungGen: 12560K->1458K(13824K)] 19799K->9088K(45056K), 0.0007990 secs] [Times: user=0.01 sys=0.00, real=0.00 secs] 
29.335: Total time for which application threads were stopped: 0.0387240 seconds, Stopping threads took: 0.0378280 seconds
29.417: Application time: 0.0826170 seconds
29.482: [GC [PSYoungGen: 13683K->1197K(13824K)] 21312K->8827K(45056K), 0.0006230 secs] [Times: user=0.00 sys=0.00, real=0.00 secs] 
29.483: Total time for which application threads were stopped: 0.0654370 seconds, Stopping threads took: 0.0647420 seconds
29.563: Application time: 0.0807580 seconds
29.631: [GC [PSYoungGen: 13324K->320K(13824K)] 20954K->7949K(45056K), 0.0006880 secs] [Times: user=0.00 sys=0.00, real=0.00 secs] 
29.632: Total time for which application threads were stopped: 0.0686280 seconds, Stopping threads took: 0.0678490 seconds
29.710: Application time: 0.0785380 seconds
29.751: [GC [PSYoungGen: 12330K->1522K(13824K)] 19959K->10324K(45056K), 0.0025800 secs] [Times: user=0.01 sys=0.00, real=0.00 secs] 
29.753: Total time for which application threads were stopped: 0.0427450 seconds, Stopping threads took: 0.0400590 seconds
29.836: Application time: 0.0826780 seconds
29.907: [GC [PSYoungGen: 13727K->742K(13824K)] 22529K->9544K(45056K), 0.0006160 secs] [Times: user=0.00 sys=0.00, real=0.00 secs] 
29.908: Total time for which application threads were stopped: 0.0722120 seconds, Stopping threads took: 0.0715020 seconds
29.988: Application time: 0.0797480 seconds
30.038: [GC [PSYoungGen: 12967K->1165K(13824K)] 21769K->9991K(45056K), 0.0006660 secs] [Times: user=0.00 sys=0.00, real=0.00 secs] 
30.039: Total time for which application threads were stopped: 0.0511390 seconds, Stopping threads took: 0.0503850 seconds
30.119: Application time: 0.0803730 seconds
30.160: [GC [PSYoungGen: 13368K->1442K(13824K)] 22194K->10284K(45056K), 0.0008880 secs] [Times: user=0.00 sys=0.00, real=0.00 secs] 
30.161: Total time for which application threads were stopped: 0.0417040 seconds, Stopping threads took: 0.0407450 seconds
30.244: Application time: 0.0827620 seconds
30.309: [GC [PSYoungGen: 13628K->563K(13824K)] 22469K->9421K(45056K), 0.0004970 secs] [Times: user=0.00 sys=0.00, real=0.00 secs] 
30.310: Total time for which application threads were stopped: 0.0657390 seconds, Stopping threads took: 0.0651490 seconds
30.389: Application time: 0.0798470 seconds
30.439: [GC [PSYoungGen: 12768K->1424K(13824K)] 21626K->10868K(45056K), 0.0008090 secs] [Times: user=0.00 sys=0.00, real=0.00 secs] 
30.440: Total time for which application threads were stopped: 0.0508300 seconds, Stopping threads took: 0.0499320 seconds
30.535: Application time: 0.0946510 seconds
30.606: [GC [PSYoungGen: 13629K->1165K(13824K)] 23073K->10609K(45056K), 0.0006590 secs] [Times: user=0.00 sys=0.00, real=0.00 secs] 
30.607: Total time for which application threads were stopped: 0.0718910 seconds, Stopping threads took: 0.0711600 seconds
30.688: Application time: 0.0809630 seconds
30.755: [GC [PSYoungGen: 13370K->320K(13824K)] 22814K->9787K(45056K), 0.0004490 secs] [Times: user=0.01 sys=0.01, real=0.00 secs] 
30.755: Total time for which application threads were stopped: 0.0676030 seconds, Stopping threads took: 0.0670840 seconds
30.833: Application time: 0.0779800 seconds
30.874: [GC [PSYoungGen: 12447K->1458K(13824K)] 21914K->12309K(45056K), 0.0011290 secs] [Times: user=0.01 sys=0.01, real=0.00 secs] 
30.875: Total time for which application threads were stopped: 0.0416380 seconds, Stopping threads took: 0.0404120 seconds
30.958: Application time: 0.0827170 seconds
31.026: [GC [PSYoungGen: 13390K->742K(13824K)] 24240K->11601K(45056K), 0.0006300 secs] [Times: user=0.00 sys=0.00, real=0.00 secs] 
31.027: Total time for which application threads were stopped: 0.0692570 seconds, Stopping threads took: 0.0685400 seconds
31.107: Application time: 0.0795800 seconds
31.159: [GC [PSYoungGen: 12967K->1165K(13824K)] 23826K->12024K(45056K), 0.0006900 secs] [Times: user=0.01 sys=0.00, real=0.00 secs] 
31.159: Total time for which application threads were stopped: 0.0528490 seconds, Stopping threads took: 0.0520900 seconds
31.239: Application time: 0.0792860 seconds
31.309: [GC [PSYoungGen: 13272K->1376K(13824K)] 24131K->12251K(45056K), 0.0008230 secs] [Times: user=0.00 sys=0.00, real=0.00 secs] 
31.310: Total time for which application threads were stopped: 0.0711120 seconds, Stopping threads took: 0.0702030 seconds
31.393: Application time: 0.0828260 seconds
31.442: [GC [PSYoungGen: 13503K->1458K(13824K)] 24378K->12528K(45056K), 0.0008290 secs] [Times: user=0.00 sys=0.00, real=0.00 secs] 
31.442: Total time for which application threads were stopped: 0.0496850 seconds, Stopping threads took: 0.0487760 seconds
31.524: Application time: 0.0817040 seconds
31.591: [GC [PSYoungGen: 13565K->726K(13824K)] 24636K->11796K(45056K), 0.0005490 secs] [Times: user=0.01 sys=0.00, real=0.00 secs] 
31.591: Total time for which application threads were stopped: 0.0670400 seconds, Stopping threads took: 0.0664230 seconds
31.669: Application time: 0.0781940 seconds
31.708: [GC [PSYoungGen: 12932K->1490K(13824K)] 24002K->14318K(45056K), 0.0011370 secs] [Times: user=0.00 sys=0.00, real=0.01 secs] 
31.709: Total time for which application threads were stopped: 0.0401050 seconds, Stopping threads took: 0.0388770 seconds
31.791: Application time: 0.0818420 seconds
31.862: [GC [PSYoungGen: 13695K->1328K(13824K)] 26523K->14164K(45056K), 0.0006720 secs] [Times: user=0.00 sys=0.00, real=0.00 secs] 
31.862: Total time for which application threads were stopped: 0.0709340 seconds, Stopping threads took: 0.0701690 seconds
31.943: Application time: 0.0809870 seconds
32.000: [GC [PSYoungGen: 13612K->547K(13824K)] 26448K->13391K(45056K), 0.0004850 secs] [Times: user=0.00 sys=0.00, real=0.00 secs] 
32.000: Total time for which application threads were stopped: 0.0569030 seconds, Stopping threads took: 0.0563480 seconds
32.083: Application time: 0.0824960 seconds
32.136: [GC [PSYoungGen: 12772K->1002K(13824K)] 25616K->13846K(45056K), 0.0005780 secs] [Times: user=0.00 sys=0.00, real=0.01 secs] 
32.137: Total time for which application threads were stopped: 0.0542120 seconds, Stopping threads took: 0.0535660 seconds
32.216: Application time: 0.0787310 seconds
32.255: [GC [PSYoungGen: 13226K->1474K(13824K)] 26070K->15303K(45056K), 0.0009430 secs] [Times: user=0.01 sys=0.00, real=0.00 secs] 
32.256: Total time for which application threads were stopped: 0.0404590 seconds, Stopping threads took: 0.0394200 seconds
32.354: Application time: 0.0982610 seconds
32.420: [GC [PSYoungGen: 13679K->563K(13824K)] 27508K->14400K(45056K), 0.0005020 secs] [Times: user=0.01 sys=0.00, real=0.00 secs] 
32.420: Total time for which application threads were stopped: 0.0658770 seconds, Stopping threads took: 0.0652990 seconds
32.499: Application time: 0.0790270 seconds
32.545: [GC [PSYoungGen: 12671K->1474K(13824K)] 26507K->15709K(45056K), 0.0008110 secs] [Times: user=0.01 sys=0.01, real=0.00 secs] 
32.546: Total time for which application threads were stopped: 0.0465340 seconds, Stopping threads took: 0.0456220 seconds
32.647: Application time: 0.1012330 seconds
32.716: [GC [PSYoungGen: 13699K->1117K(13824K)] 27934K->15368K(45056K), 0.0007170 secs] [Times: user=0.00 sys=0.00, real=0.01 secs] 
32.717: Total time for which application threads were stopped: 0.0695810 seconds, Stopping threads took: 0.0687690 seconds
32.796: Application time: 0.0792570 seconds
32.834: [GC [PSYoungGen: 13224K->1458K(13824K)] 27476K->16694K(45056K), 0.0009950 secs] [Times: user=0.00 sys=0.00, real=0.00 secs] 
32.835: Total time for which application threads were stopped: 0.0392670 seconds, Stopping threads took: 0.0382010 seconds
32.916: Application time: 0.0804550 seconds
32.984: [GC [PSYoungGen: 13487K->1360K(13824K)] 28723K->16792K(45056K), 0.0007640 secs] [Times: user=0.00 sys=0.00, real=0.00 secs] 
32.985: Total time for which application threads were stopped: 0.0691080 seconds, Stopping threads took: 0.0682500 seconds
33.071: Application time: 0.0864560 seconds
33.124: [GC [PSYoungGen: 13487K->758K(13824K)] 28919K->16190K(45056K), 0.0005290 secs] [Times: user=0.00 sys=0.00, real=0.00 secs] 
33.124: Total time for which application threads were stopped: 0.0532230 seconds, Stopping threads took: 0.0526240 seconds
33.211: Application time: 0.0864150 seconds
33.253: [GC [PSYoungGen: 13042K->1392K(13824K)] 28473K->17605K(45056K), 0.0010030 secs] [Times: user=0.01 sys=0.00, real=0.00 secs] 
33.254: Total time for which application threads were stopped: 0.0429150 seconds, Stopping threads took: 0.0418200 seconds
33.335: Application time: 0.0814200 seconds
33.400: [GC [PSYoungGen: 13675K->1344K(13824K)] 29888K->17565K(45056K), 0.0007210 secs] [Times: user=0.01 sys=0.00, real=0.00 secs] 
33.401: Total time for which application threads were stopped: 0.0654260 seconds, Stopping threads took: 0.0646170 seconds
33.491: Application time: 0.0900320 seconds
33.565: [GC [PSYoungGen: 13471K->563K(13824K)] 29692K->16784K(45056K), 0.0005350 secs] [Times: user=0.00 sys=0.00, real=0.00 secs] 
33.565: Total time for which application threads were stopped: 0.0749170 seconds, Stopping threads took: 0.0742820 seconds
33.645: Application time: 0.0794700 seconds
33.684: [GC [PSYoungGen: 12671K->774K(13824K)] 28891K->17003K(45056K), 0.0006020 secs] [Times: user=0.00 sys=0.00, real=0.00 secs] 
33.685: Total time for which application threads were stopped: 0.0401690 seconds, Stopping threads took: 0.0394880 seconds
33.763: Application time: 0.0782850 seconds
33.806: [GC [PSYoungGen: 12999K->1133K(13824K)] 29228K->17370K(45056K), 0.0006360 secs] [Times: user=0.01 sys=0.00, real=0.00 secs] 
33.806: Total time for which application threads were stopped: 0.0427920 seconds, Stopping threads took: 0.0420870 seconds
33.888: Application time: 0.0815400 seconds
33.947: [GC [PSYoungGen: 13338K->368K(13824K)] 29575K->16620K(45056K), 0.0004430 secs] [Times: user=0.00 sys=0.00, real=0.00 secs] 
33.948: Total time for which application threads were stopped: 0.0599500 seconds, Stopping threads took: 0.0594410 seconds
34.028: Application time: 0.0803680 seconds
34.073: [GC [PSYoungGen: 12592K->758K(13824K)] 28845K->17019K(45056K), 0.0005260 secs] [Times: user=0.01 sys=0.00, real=0.00 secs] 
34.073: Total time for which application threads were stopped: 0.0450130 seconds, Stopping threads took: 0.0444230 seconds
34.153: Application time: 0.0800780 seconds
34.206: [GC [PSYoungGen: 12964K->1524K(13824K)] 29224K->18394K(45056K), 0.0008140 secs] [Times: user=0.00 sys=0.00, real=0.00 secs] 
34.207: Total time for which application threads were stopped: 0.0537100 seconds, Stopping threads took: 0.0528300 seconds
34.290: Application time: 0.0827320 seconds
34.356: [GC [PSYoungGen: 13728K->1360K(13824K)] 30599K->18231K(45056K), 0.0007170 secs] [Times: user=0.00 sys=0.00, real=0.00 secs] 
34.357: Total time for which application threads were stopped: 0.0675810 seconds, Stopping threads took: 0.0667790 seconds
34.440: Application time: 0.0826470 seconds
34.478: [GC [PSYoungGen: 13565K->1376K(13824K)] 30436K->19622K(45056K), 0.0009980 secs] [Times: user=0.00 sys=0.01, real=0.00 secs] 
34.479: Total time for which application threads were stopped: 0.0395760 seconds, Stopping threads took: 0.0385180 seconds
34.560: Application time: 0.0803110 seconds
34.628: [GC [PSYoungGen: 13405K->726K(13824K)] 31651K->18980K(45056K), 0.0005640 secs] [Times: user=0.00 sys=0.00, real=0.00 secs] 
34.628: Total time for which application threads were stopped: 0.0683690 seconds, Stopping threads took: 0.0677280 seconds
34.726: Application time: 0.0976720 seconds
34.783: [GC [PSYoungGen: 12951K->1133K(13824K)] 31205K->19387K(45056K), 0.0006180 secs] [Times: user=0.00 sys=0.00, real=0.00 secs] 
34.785: Total time for which application threads were stopped: 0.0590300 seconds, Stopping threads took: 0.0573690 seconds
34.865: Application time: 0.0804300 seconds
34.933: [GC [PSYoungGen: 13338K->304K(13824K)] 31592K->18566K(45056K), 0.0004100 secs] [Times: user=0.01 sys=0.00, real=0.00 secs] 
34.933: Total time for which application threads were stopped: 0.0682110 seconds, Stopping threads took: 0.0677330 seconds
35.016: Application time: 0.0822240 seconds
35.067: [GC [PSYoungGen: 12587K->1392K(13824K)] 30849K->20045K(45056K), 0.0007220 secs] [Times: user=0.00 sys=0.00, real=0.00 secs] 
35.068: Total time for which application threads were stopped: 0.0521260 seconds, Stopping threads took: 0.0513410 seconds
35.149: Application time: 0.0812100 seconds
35.214: [GC [PSYoungGen: 13402K->742K(13824K)] 32055K->19395K(45056K), 0.0005000 secs] [Times: user=0.00 sys=0.00, real=0.00 secs] 
35.215: Total time for which application threads were stopped: 0.0659010 seconds, Stopping threads took: 0.0653390 seconds
35.295: Application time: 0.0798460 seconds
35.344: [GC [PSYoungGen: 12967K->1117K(13824K)] 31620K->19777K(45056K), 0.0006390 secs] [Times: user=0.00 sys=0.00, real=0.00 secs] 
35.344: Total time for which application threads were stopped: 0.0495910 seconds, Stopping threads took: 0.0488540 seconds
35.426: Application time: 0.0816530 seconds
35.494: [GC [PSYoungGen: 13244K->304K(13824K)] 31905K->18972K(45056K), 0.0004320 secs] [Times: user=0.01 sys=0.00, real=0.00 secs] 
35.494: Total time for which application threads were stopped: 0.0682820 seconds, Stopping threads took: 0.0677640 seconds
35.575: Application time: 0.0807260 seconds
35.611: [GC [PSYoungGen: 12431K->1376K(13824K)] 31099K->20435K(45056K), 0.0007360 secs] [Times: user=0.00 sys=0.00, real=0.00 secs] 
35.612: Total time for which application threads were stopped: 0.0371640 seconds, Stopping threads took: 0.0363590 seconds
35.695: Application time: 0.0825460 seconds
35.731: [GC [PSYoungGen: 13534K->1376K(13824K)] 32593K->21029K(45056K), 0.0008560 secs] [Times: user=0.00 sys=0.00, real=0.00 secs] 
35.732: Total time for which application threads were stopped: 0.0373470 seconds, Stopping threads took: 0.0364010 seconds
35.819: Application time: 0.0864300 seconds
35.886: [GC [PSYoungGen: 13609K->1165K(13824K)] 33263K->20818K(45056K), 0.0007580 secs] [Times: user=0.01 sys=0.00, real=0.00 secs] 
35.887: Total time for which application threads were stopped: 0.0679620 seconds, Stopping threads took: 0.0671220 seconds
35.974: Application time: 0.0878550 seconds
36.042: [GC [PSYoungGen: 13370K->400K(13824K)] 33023K->20061K(45056K), 0.0005210 secs] [Times: user=0.00 sys=0.00, real=0.00 secs] 
36.042: Total time for which application threads were stopped: 0.0677610 seconds, Stopping threads took: 0.0671510 seconds
36.121: Application time: 0.0789140 seconds
36.164: [GC [PSYoungGen: 12624K->790K(13824K)] 32286K->20451K(45056K), 0.0005340 secs] [Times: user=0.00 sys=0.00, real=0.00 secs] 
36.164: Total time for which application threads were stopped: 0.0430990 seconds, Stopping threads took: 0.0424810 seconds
36.242: Application time: 0.0778010 seconds
36.285: [GC [PSYoungGen: 13015K->1490K(13824K)] 32676K->21940K(45056K), 0.0008990 secs] [Times: user=0.00 sys=0.00, real=0.00 secs] 
36.286: Total time for which application threads were stopped: 0.0438110 seconds, Stopping threads took: 0.0428440 seconds
36.370: Application time: 0.0841310 seconds
36.434: [GC [PSYoungGen: 13675K->1392K(13824K)] 34126K->21851K(45056K), 0.0006910 secs] [Times: user=0.00 sys=0.00, real=0.00 secs] 
36.435: Total time for which application threads were stopped: 0.0647930 seconds, Stopping threads took: 0.0640230 seconds
36.516: Application time: 0.0817680 seconds
36.575: [GC [PSYoungGen: 13598K->547K(13824K)] 34056K->21013K(45056K), 0.0006820 secs] [Times: user=0.01 sys=0.00, real=0.00 secs] 
36.576: Total time for which application threads were stopped: 0.0594220 seconds, Stopping threads took: 0.0586760 seconds
36.657: Application time: 0.0810250 seconds
36.697: [GC [PSYoungGen: 12576K->774K(13824K)] 33043K->21241K(45056K), 0.0007010 secs] [Times: user=0.01 sys=0.00, real=0.00 secs] 
36.698: Total time for which application threads were stopped: 0.0412920 seconds, Stopping threads took: 0.0405160 seconds
36.787: Application time: 0.0891590 seconds
36.847: [GC [PSYoungGen: 12687K->758K(13824K)] 33153K->21225K(45056K), 0.0004900 secs] [Times: user=0.00 sys=0.00, real=0.00 secs] 
36.848: Total time for which application threads were stopped: 0.0605860 seconds, Stopping threads took: 0.0600130 seconds
36.926: Application time: 0.0783840 seconds
36.967: [GC [PSYoungGen: 12983K->1197K(13824K)] 33449K->21671K(45056K), 0.0007450 secs] [Times: user=0.00 sys=0.00, real=0.00 secs] 
36.968: Total time for which application threads were stopped: 0.0411810 seconds, Stopping threads took: 0.0403320 seconds
37.050: Application time: 0.0820870 seconds
37.116: [GC [PSYoungGen: 13480K->336K(13824K)] 33955K->20818K(45056K), 0.0004910 secs] [Times: user=0.00 sys=0.00, real=0.01 secs] 
37.117: Total time for which application threads were stopped: 0.0670020 seconds, Stopping threads took: 0.0664470 seconds
37.197: Application time: 0.0806400 seconds
37.238: [GC [PSYoungGen: 12443K->563K(13824K)] 32926K->21061K(45056K), 0.0004540 secs] [Times: user=0.01 sys=0.00, real=0.00 secs] 
37.239: Total time for which application threads were stopped: 0.0415540 seconds, Stopping threads took: 0.0410410 seconds
37.325: Application time: 0.0865130 seconds
37.387: [GC [PSYoungGen: 12788K->970K(13824K)] 33286K->21468K(45056K), 0.0006430 secs] [Times: user=0.00 sys=0.00, real=0.00 secs] 
37.387: Total time for which application threads were stopped: 0.0619450 seconds, Stopping threads took: 0.0612360 seconds
37.473: Application time: 0.0853480 seconds
37.542: [GC [PSYoungGen: 13194K->1376K(13824K)] 33693K->21875K(45056K), 0.0007250 secs] [Times: user=0.00 sys=0.00, real=0.00 secs] 
37.543: Total time for which application threads were stopped: 0.0698980 seconds, Stopping threads took: 0.0690940 seconds
37.649: Application time: 0.1063200 seconds
37.711: [GC [PSYoungGen: 13503K->563K(13824K)] 34002K->21061K(45056K), 0.0004810 secs] [Times: user=0.00 sys=0.00, real=0.00 secs] 
37.711: Total time for which application threads were stopped: 0.0624940 seconds, Stopping threads took: 0.0619530 seconds
37.790: Application time: 0.0783580 seconds
37.828: [GC [PSYoungGen: 12768K->1458K(13824K)] 33267K->23527K(45056K), 0.0010670 secs] [Times: user=0.00 sys=0.00, real=0.00 secs] 
37.830: Total time for which application threads were stopped: 0.0398770 seconds, Stopping threads took: 0.0387440 seconds
37.911: Application time: 0.0814550 seconds
37.979: [GC [PSYoungGen: 13585K->1458K(13824K)] 35654K->24316K(45056K), 0.0009620 secs] [Times: user=0.00 sys=0.00, real=0.00 secs] 
37.980: Total time for which application threads were stopped: 0.0689260 seconds, Stopping threads took: 0.0678700 seconds
38.062: Application time: 0.0820990 seconds
38.129: [GC [PSYoungGen: 13663K->352K(13824K)] 36521K->23218K(45056K), 0.0005510 secs] [Times: user=0.00 sys=0.00, real=0.00 secs] 
38.130: Total time for which application threads were stopped: 0.0679390 seconds, Stopping threads took: 0.0672970 seconds
38.208: Application time: 0.0777900 seconds
38.250: [GC [PSYoungGen: 12576K->758K(13824K)] 35443K->23625K(45056K), 0.0005700 secs] [Times: user=0.01 sys=0.00, real=0.00 secs] 
38.251: Total time for which application threads were stopped: 0.0429940 seconds, Stopping threads took: 0.0423610 seconds
38.349: Application time: 0.0977740 seconds
38.398: [GC [PSYoungGen: 12799K->838K(13824K)] 35665K->23705K(45056K), 0.0008190 secs] [Times: user=0.00 sys=0.00, real=0.00 secs] 
38.399: Total time for which application threads were stopped: 0.0502320 seconds, Stopping threads took: 0.0493230 seconds
38.478: Application time: 0.0795670 seconds
38.520: [GC [PSYoungGen: 13072K->1344K(13824K)] 35938K->25000K(45056K), 0.0010970 secs] [Times: user=0.01 sys=0.00, real=0.00 secs] 
38.521: Total time for which application threads were stopped: 0.0424660 seconds, Stopping threads took: 0.0412830 seconds
38.603: Application time: 0.0818240 seconds
38.667: [GC [PSYoungGen: 13354K->1165K(13824K)] 37010K->24829K(45056K), 0.0006840 secs] [Times: user=0.00 sys=0.00, real=0.00 secs] 
38.668: Total time for which application threads were stopped: 0.0648490 seconds, Stopping threads took: 0.0640640 seconds
38.747: Application time: 0.0799360 seconds
38.799: [GC [PSYoungGen: 13370K->1376K(13824K)] 37034K->26212K(45056K), 0.0010740 secs] [Times: user=0.01 sys=0.00, real=0.00 secs] 
38.800: Total time for which application threads were stopped: 0.0521660 seconds, Stopping threads took: 0.0510230 seconds
38.880: Application time: 0.0807210 seconds
38.954: [GC [PSYoungGen: 13601K->774K(13824K)] 38436K->25618K(45056K), 0.0005440 secs] [Times: user=0.01 sys=0.00, real=0.00 secs] 
38.954: Total time for which application threads were stopped: 0.0739100 seconds, Stopping threads took: 0.0732940 seconds
39.035: Application time: 0.0802910 seconds
39.084: [GC [PSYoungGen: 12999K->1149K(13824K)] 37842K->25992K(45056K), 0.0006810 secs] [Times: user=0.01 sys=0.00, real=0.00 secs] 
39.084: Total time for which application threads were stopped: 0.0496440 seconds, Stopping threads took: 0.0488920 seconds
39.165: Application time: 0.0808550 seconds
39.232: [GC [PSYoungGen: 13276K->336K(13824K)] 38120K->25187K(45056K), 0.0004220 secs] [Times: user=0.01 sys=0.00, real=0.00 secs] 
39.233: Total time for which application threads were stopped: 0.0678490 seconds, Stopping threads took: 0.0673480 seconds
39.312: Application time: 0.0794900 seconds
39.350: [GC [PSYoungGen: 12560K->774K(13824K)] 37412K->25634K(45056K), 0.0004980 secs] [Times: user=0.01 sys=0.00, real=0.00 secs] 
39.351: Total time for which application threads were stopped: 0.0381750 seconds, Stopping threads took: 0.0376090 seconds
39.434: Application time: 0.0838730 seconds
39.501: [GC [PSYoungGen: 12882K->970K(13824K)] 37742K->25829K(45056K), 0.0007360 secs] [Times: user=0.01 sys=0.00, real=0.00 secs] 
39.502: Total time for which application threads were stopped: 0.0670460 seconds, Stopping threads took: 0.0662250 seconds
39.589: Application time: 0.0876890 seconds
39.650: [GC [PSYoungGen: 13194K->1360K(13824K)] 38054K->26220K(45056K), 0.0008940 secs] [Times: user=0.00 sys=0.00, real=0.00 secs] 
39.650: Total time for which application threads were stopped: 0.0612310 seconds, Stopping threads took: 0.0602450 seconds
39.732: Application time: 0.0813690 seconds
39.797: [GC [PSYoungGen: 13487K->531K(13824K)] 38347K->25390K(45056K), 0.0004700 secs] [Times: user=0.00 sys=0.00, real=0.00 secs] 
39.799: Total time for which application threads were stopped: 0.0669520 seconds, Stopping threads took: 0.0653320 seconds
39.895: Application time: 0.0965980 seconds
39.948: [GC [PSYoungGen: 12678K->563K(13824K)] 37538K->25438K(45056K), 0.0005540 secs] [Times: user=0.01 sys=0.00, real=0.00 secs] 
39.948: Total time for which application threads were stopped: 0.0527640 seconds, Stopping threads took: 0.0521450 seconds
40.035: Application time: 0.0871420 seconds
40.092: [GC [PSYoungGen: 12592K->758K(13824K)] 37468K->25634K(45056K), 0.0007980 secs] [Times: user=0.00 sys=0.00, real=0.00 secs] 
40.093: Total time for which application threads were stopped: 0.0579250 seconds, Stopping threads took: 0.0570490 seconds
40.177: Application time: 0.0835010 seconds
40.227: [GC [PSYoungGen: 12749K->790K(13824K)] 37625K->25674K(45056K), 0.0005270 secs] [Times: user=0.01 sys=0.00, real=0.00 secs] 
40.228: Total time for which application threads were stopped: 0.0510100 seconds, Stopping threads took: 0.0503940 seconds
40.309: Application time: 0.0815370 seconds
40.347: [GC [PSYoungGen: 12702K->774K(13824K)] 37586K->25658K(45056K), 0.0007450 secs] [Times: user=0.01 sys=0.01, real=0.00 secs] 
40.348: Total time for which application threads were stopped: 0.0388410 seconds, Stopping threads took: 0.0379990 seconds
40.427: Application time: 0.0788980 seconds
40.469: [GC [PSYoungGen: 12999K->1149K(13824K)] 37883K->26056K(45056K), 0.0013420 secs] [Times: user=0.00 sys=0.00, real=0.00 secs] 
40.471: Total time for which application threads were stopped: 0.0435060 seconds, Stopping threads took: 0.0420730 seconds
40.551: Application time: 0.0806130 seconds
40.616: [GC [PSYoungGen: 13276K->352K(13824K)] 38184K->25267K(45056K), 0.0005170 secs] [Times: user=0.00 sys=0.00, real=0.00 secs] 
40.616: Total time for which application threads were stopped: 0.0651840 seconds, Stopping threads took: 0.0645770 seconds
40.697: Application time: 0.0811480 seconds
40.764: [GC [PSYoungGen: 12576K->806K(13824K)] 37492K->25730K(45056K), 0.0005110 secs] [Times: user=0.00 sys=0.00, real=0.00 secs] 
40.764: Total time for which application threads were stopped: 0.0668800 seconds, Stopping threads took: 0.0662990 seconds
40.844: Application time: 0.0794670 seconds
40.906: [GC [PSYoungGen: 13031K->1197K(13824K)] 37954K->26128K(45056K), 0.0005920 secs] [Times: user=0.00 sys=0.00, real=0.00 secs] 
40.906: Total time for which application threads were stopped: 0.0624270 seconds, Stopping threads took: 0.0617650 seconds
40.985: Application time: 0.0791220 seconds
41.026: [GC [PSYoungGen: 13304K->1344K(13824K)] 38236K->26276K(45056K), 0.0007360 secs] [Times: user=0.00 sys=0.00, real=0.00 secs] 
41.027: Total time for which application threads were stopped: 0.0417530 seconds, Stopping threads took: 0.0409460 seconds
41.108: Application time: 0.0809800 seconds
41.174: [GC [PSYoungGen: 13471K->579K(13824K)] 38403K->25510K(45056K), 0.0005200 secs] [Times: user=0.00 sys=0.00, real=0.00 secs] 
41.174: Total time for which application threads were stopped: 0.0662150 seconds, Stopping threads took: 0.0656260 seconds
41.254: Application time: 0.0793760 seconds
41.296: [GC [PSYoungGen: 12608K->774K(13824K)] 37540K->25706K(45056K), 0.0005390 secs] [Times: user=0.00 sys=0.00, real=0.01 secs] 
41.297: Total time for which application threads were stopped: 0.0427960 seconds, Stopping threads took: 0.0421720 seconds
41.377: Application time: 0.0802890 seconds
41.414: [GC [PSYoungGen: 13058K->1376K(13824K)] 37989K->27089K(45056K), 0.0011260 secs] [Times: user=0.00 sys=0.00, real=0.00 secs] 
41.415: Total time for which application threads were stopped: 0.0385250 seconds, Stopping threads took: 0.0372980 seconds
41.497: Application time: 0.0812930 seconds
41.563: [GC [PSYoungGen: 13660K->1376K(13824K)] 39373K->27097K(45056K), 0.0009310 secs] [Times: user=0.00 sys=0.00, real=0.00 secs] 
41.564: Total time for which application threads were stopped: 0.0670040 seconds, Stopping threads took: 0.0659870 seconds
41.646: Application time: 0.0822970 seconds
41.713: [GC [PSYoungGen: 13503K->547K(13824K)] 39224K->26268K(45056K), 0.0006590 secs] [Times: user=0.00 sys=0.00, real=0.00 secs] 
41.714: Total time for which application threads were stopped: 0.0680110 seconds, Stopping threads took: 0.0672870 seconds
41.794: Application time: 0.0803460 seconds
41.834: [GC [PSYoungGen: 12811K->1474K(13824K)] 38532K->27585K(45056K), 0.0008220 secs] [Times: user=0.00 sys=0.00, real=0.00 secs] 
41.835: Total time for which application threads were stopped: 0.0407480 seconds, Stopping threads took: 0.0398560 seconds
41.918: Application time: 0.0830650 seconds
41.983: [GC [PSYoungGen: 13698K->1149K(13824K)] 39810K->27276K(45056K), 0.0006660 secs] [Times: user=0.00 sys=0.00, real=0.00 secs] 
41.983: Total time for which application threads were stopped: 0.0651790 seconds, Stopping threads took: 0.0644200 seconds
42.064: Application time: 0.0802630 seconds
42.132: [GC [PSYoungGen: 13276K->304K(13824K)] 39403K->26431K(45056K), 0.0004830 secs] [Times: user=0.00 sys=0.00, real=0.00 secs] 
42.133: Total time for which application threads were stopped: 0.0689630 seconds, Stopping threads took: 0.0683950 seconds
42.212: Application time: 0.0790280 seconds
42.251: [GC [PSYoungGen: 12528K->1392K(13824K)] 38656K->29090K(45056K), 0.0011450 secs] [Times: user=0.01 sys=0.00, real=0.00 secs] 
42.252: Total time for which application threads were stopped: 0.0404620 seconds, Stopping threads took: 0.0392450 seconds
42.334: Application time: 0.0821960 seconds
42.402: [GC [PSYoungGen: 13617K->1458K(13824K)] 41315K->29945K(45056K), 0.0009680 secs] [Times: user=0.00 sys=0.00, real=0.00 secs] 
42.403: Total time for which application threads were stopped: 0.0685480 seconds, Stopping threads took: 0.0674870 seconds
42.484: Application time: 0.0815250 seconds
42.547: [GC [PSYoungGen: 13565K->1360K(13824K)] 42053K->29848K(45056K), 0.0006550 secs] [Times: user=0.01 sys=0.00, real=0.00 secs] 
42.548: Total time for which application threads were stopped: 0.0634560 seconds, Stopping threads took: 0.0627240 seconds
42.630: Application time: 0.0821200 seconds
42.695: [GC [PSYoungGen: 13487K->531K(13824K)] 41975K->29018K(45056K), 0.0004890 secs] [Times: user=0.01 sys=0.00, real=0.00 secs] 
42.695: Total time for which application threads were stopped: 0.0652480 seconds, Stopping threads took: 0.0646970 seconds
42.775: Application time: 0.0798240 seconds
42.816: [GC [PSYoungGen: 12639K->790K(13824K)] 41126K->29278K(45056K), 0.0007510 secs] [Times: user=0.00 sys=0.00, real=0.01 secs] 
42.817: Total time for which application threads were stopped: 0.0418460 seconds, Stopping threads took: 0.0410010 seconds
42.896: Application time: 0.0787300 seconds
42.938: [GC [PSYoungGen: 12995K->1508K(13824K)] 41483K->30589K(45056K), 0.0009160 secs] [Times: user=0.01 sys=0.00, real=0.00 secs] 
42.939: Total time for which application threads were stopped: 0.0431630 seconds, Stopping threads took: 0.0421740 seconds
43.037: Application time: 0.0987490 seconds
43.102: [GC [PSYoungGen: 13791K->1296K(13824K)] 42873K->30386K(45056K), 0.0007130 secs] [Times: user=0.00 sys=0.00, real=0.00 secs] 
43.103: Total time for which application threads were stopped: 0.0653760 seconds, Stopping threads took: 0.0645850 seconds
43.185: Application time: 0.0825450 seconds
43.252: [GC [PSYoungGen: 13423K->547K(13824K)] 42513K->29636K(45056K), 0.0005560 secs] [Times: user=0.00 sys=0.00, real=0.00 secs] 
43.252: Total time for which application threads were stopped: 0.0671060 seconds, Stopping threads took: 0.0664620 seconds
43.333: Application time: 0.0805220 seconds
43.374: [GC [PSYoungGen: 12752K->1376K(13824K)] 41842K->31052K(45056K), 0.0008030 secs] [Times: user=0.00 sys=0.00, real=0.00 secs] 
43.374: Total time for which application threads were stopped: 0.0414050 seconds, Stopping threads took: 0.0405370 seconds
43.457: Application time: 0.0828940 seconds
43.522: [GC [PSYoungGen: 13581K->1149K(13824K)] 43257K->30832K(45056K), 0.0008800 secs] [Times: user=0.00 sys=0.00, real=0.00 secs] 
43.523: Total time for which application threads were stopped: 0.0658510 seconds, Stopping threads took: 0.0648850 seconds
43.603: Application time: 0.0802420 seconds
43.670: [GC [PSYoungGen: 13276K->320K(13824K)] 42959K->30011K(45056K), 0.0005830 secs] [Times: user=0.00 sys=0.01, real=0.00 secs] 
43.671: Total time for which application threads were stopped: 0.0673190 seconds, Stopping threads took: 0.0666400 seconds
43.749: Application time: 0.0787160 seconds
43.792: [GC [PSYoungGen: 12329K->1360K(13824K)] 42021K->31247K(45056K), 0.0007170 secs] [Times: user=0.01 sys=0.00, real=0.00 secs] 
43.793: Total time for which application threads were stopped: 0.0432290 seconds, Stopping threads took: 0.0424440 seconds
43.875: Application time: 0.0826370 seconds
43.942: [GC [PSYoungGen: 13565K->790K(13824K)] 43452K->30685K(45056K), 0.0007650 secs] [Times: user=0.01 sys=0.00, real=0.00 secs] 
43.943: Total time for which application threads were stopped: 0.0673170 seconds, Stopping threads took: 0.0664780 seconds
44.022: Application time: 0.0789800 seconds
44.063: [GC [PSYoungGen: 13015K->1181K(13824K)] 42910K->31076K(45056K), 0.0009560 secs] [Times: user=0.00 sys=0.00, real=0.00 secs] 
44.064: Total time for which application threads were stopped: 0.0425920 seconds, Stopping threads took: 0.0415550 seconds
44.144: Application time: 0.0794640 seconds
44.182: [GC [PSYoungGen: 13406K->1197K(13824K)] 43300K->31482K(45056K), 0.0008890 secs] [Times: user=0.01 sys=0.00, real=0.00 secs] 
44.183: [Full GC [PSYoungGen: 1197K->0K(13824K)] [ParOldGen: 30285K->2898K(31232K)] 31482K->2898K(45056K) [PSPermGen: 5111K->5111K(21504K)], 0.0054920 secs] [Times: user=0.02 sys=0.00, real=0.01 secs] 
44.189: Total time for which application threads were stopped: 0.0451800 seconds, Stopping threads took: 0.0386680 seconds
44.273: Application time: 0.0843870 seconds
44.339: [GC [PSYoungGen: 12205K->646K(13824K)] 15104K->3545K(45056K), 0.0004690 secs] [Times: user=0.00 sys=0.00, real=0.00 secs] 
44.339: Total time for which application threads were stopped: 0.0658580 seconds, Stopping threads took: 0.0653070 seconds
44.440: Application time: 0.1004330 seconds
44.489: [GC [PSYoungGen: 12637K->646K(13824K)] 15536K->3545K(45056K), 0.0004990 secs] [Times: user=0.00 sys=0.00, real=0.00 secs] 
44.490: Total time for which application threads were stopped: 0.0503430 seconds, Stopping threads took: 0.0497800 seconds
44.570: Application time: 0.0803530 seconds
44.623: [GC [PSYoungGen: 12559K->646K(13824K)] 15457K->3545K(45056K), 0.0005920 secs] [Times: user=0.00 sys=0.00, real=0.00 secs] 
44.624: Total time for which application threads were stopped: 0.0533860 seconds, Stopping threads took: 0.0527310 seconds
44.703: Application time: 0.0794820 seconds
44.707: [GC [PSYoungGen: 12871K->1525K(13824K)] 15770K->7159K(45056K), 0.0015500 secs] [Times: user=0.01 sys=0.00, real=0.00 secs] 
44.708: Total time for which application threads were stopped: 0.0051060 seconds, Stopping threads took: 0.0034630 seconds
44.807: Application time: 0.0982470 seconds
44.875: [GC [PSYoungGen: 13730K->256K(13824K)] 19364K->5889K(45056K), 0.0004400 secs] [Times: user=0.00 sys=0.00, real=0.01 secs] 
44.877: Total time for which application threads were stopped: 0.0702900 seconds, Stopping threads took: 0.0686730 seconds
44.962: Application time: 0.0852700 seconds
45.008: [GC [PSYoungGen: 12265K->1491K(13824K)] 17899K->7125K(45056K), 0.0006940 secs] [Times: user=0.00 sys=0.00, real=0.00 secs] 
45.009: Total time for which application threads were stopped: 0.0470630 seconds, Stopping threads took: 0.0462950 seconds
45.099: Application time: 0.0901650 seconds
45.171: [GC [PSYoungGen: 13619K->694K(13824K)] 19252K->6328K(45056K), 0.0005760 secs] [Times: user=0.01 sys=0.00, real=0.00 secs] 
45.171: Total time for which application threads were stopped: 0.0718810 seconds, Stopping threads took: 0.0712280 seconds
45.259: Application time: 0.0873950 seconds
45.320: [GC [PSYoungGen: 12919K->1117K(13824K)] 18552K->6750K(45056K), 0.0007830 secs] [Times: user=0.00 sys=0.00, real=0.00 secs] 
45.321: Total time for which application threads were stopped: 0.0626700 seconds, Stopping threads took: 0.0617890 seconds
45.408: Application time: 0.0871700 seconds
45.454: [GC [PSYoungGen: 13342K->1491K(13824K)] 18975K->7125K(45056K), 0.0007140 secs] [Times: user=0.00 sys=0.00, real=0.00 secs] 
45.454: Total time for which application threads were stopped: 0.0459900 seconds, Stopping threads took: 0.0451820 seconds
45.544: Application time: 0.0892400 seconds
45.616: [GC [PSYoungGen: 13775K->758K(13824K)] 19408K->6392K(45056K), 0.0004970 secs] [Times: user=0.00 sys=0.00, real=0.00 secs] 
45.616: Total time for which application threads were stopped: 0.0726690 seconds, Stopping threads took: 0.0721040 seconds
45.704: Application time: 0.0875240 seconds
45.759: [GC [PSYoungGen: 12983K->1165K(13824K)] 18616K->6798K(45056K), 0.0006070 secs] [Times: user=0.00 sys=0.00, real=0.00 secs] 
45.760: Total time for which application threads were stopped: 0.0560000 seconds, Stopping threads took: 0.0553210 seconds
45.848: Application time: 0.0877210 seconds
45.911: [GC [PSYoungGen: 13370K->352K(13824K)] 19004K->5985K(45056K), 0.0004990 secs] [Times: user=0.00 sys=0.00, real=0.00 secs] 
45.911: Total time for which application threads were stopped: 0.0634930 seconds, Stopping threads took: 0.0629160 seconds
45.997: Application time: 0.0859070 seconds
46.043: [GC [PSYoungGen: 12576K->1490K(13824K)] 18210K->7514K(45056K), 0.0008450 secs] [Times: user=0.00 sys=0.00, real=0.00 secs] 
46.044: Total time for which application threads were stopped: 0.0471390 seconds, Stopping threads took: 0.0462140 seconds
46.134: Application time: 0.0894350 seconds
46.204: [GC [PSYoungGen: 13656K->1523K(13824K)] 19680K->7978K(45056K), 0.0007380 secs] [Times: user=0.00 sys=0.00, real=0.00 secs] 
46.204: Total time for which application threads were stopped: 0.0707720 seconds, Stopping threads took: 0.0699590 seconds
46.305: Application time: 0.1008900 seconds
46.384: [GC [PSYoungGen: 13650K->1085K(13824K)] 20105K->7540K(45056K), 0.0006280 secs] [Times: user=0.00 sys=0.00, real=0.00 secs] 
46.384: Total time for which application threads were stopped: 0.0791430 seconds, Stopping threads took: 0.0784160 seconds
46.472: Application time: 0.0873370 seconds
46.547: [GC [PSYoungGen: 13290K->320K(13824K)] 19745K->6806K(45056K), 0.0006160 secs] [Times: user=0.00 sys=0.00, real=0.00 secs] 
46.548: Total time for which application threads were stopped: 0.0759530 seconds, Stopping threads took: 0.0752420 seconds
46.633: Application time: 0.0855410 seconds
46.680: [GC [PSYoungGen: 12251K->1524K(13824K)] 18738K->8026K(45056K), 0.0006460 secs] [Times: user=0.00 sys=0.00, real=0.00 secs] 
46.680: Total time for which application threads were stopped: 0.0470490 seconds, Stopping threads took: 0.0463170 seconds
46.771: Application time: 0.0911140 seconds
46.837: [GC [PSYoungGen: 13729K->694K(13824K)] 20231K->7213K(45056K), 0.0004950 secs] [Times: user=0.00 sys=0.00, real=0.00 secs] 
46.837: Total time for which application threads were stopped: 0.0660370 seconds, Stopping threads took: 0.0654660 seconds
46.923: Application time: 0.0858870 seconds
46.997: [GC [PSYoungGen: 12724K->906K(13824K)] 19242K->7424K(45056K), 0.0005930 secs] [Times: user=0.00 sys=0.00, real=0.00 secs] 
46.998: Total time for which application threads were stopped: 0.0743250 seconds, Stopping threads took: 0.0736590 seconds
47.096: Application time: 0.0983000 seconds
47.166: [GC [PSYoungGen: 13130K->1280K(13824K)] 19649K->7823K(45056K), 0.0007400 secs] [Times: user=0.01 sys=0.00, real=0.00 secs] 
47.167: Total time for which application threads were stopped: 0.0712740 seconds, Stopping threads took: 0.0704480 seconds
47.263: Application time: 0.0955880 seconds
47.337: [GC [PSYoungGen: 13486K->547K(13824K)] 20028K->7106K(45056K), 0.0004570 secs] [Times: user=0.00 sys=0.00, real=0.00 secs] 
47.338: Total time for which application threads were stopped: 0.0747850 seconds, Stopping threads took: 0.0742610 seconds
47.425: Application time: 0.0870480 seconds
47.495: [GC [PSYoungGen: 12576K->710K(13824K)] 19135K->7269K(45056K), 0.0007900 secs] [Times: user=0.00 sys=0.00, real=0.00 secs] 
47.496: Total time for which application threads were stopped: 0.0709480 seconds, Stopping threads took: 0.0700690 seconds
47.582: Application time: 0.0860460 seconds
47.623: [GC [PSYoungGen: 12701K->1474K(13824K)] 19260K->8423K(45056K), 0.0009610 secs] [Times: user=0.00 sys=0.00, real=0.00 secs] 
47.624: Total time for which application threads were stopped: 0.0423700 seconds, Stopping threads took: 0.0413350 seconds
47.711: Application time: 0.0873800 seconds
47.783: [GC [PSYoungGen: 13386K->742K(13824K)] 20335K->7692K(45056K), 0.0004800 secs] [Times: user=0.00 sys=0.00, real=0.00 secs] 
47.784: Total time for which application threads were stopped: 0.0725440 seconds, Stopping threads took: 0.0719830 seconds
47.870: Application time: 0.0859470 seconds
47.948: [GC [PSYoungGen: 12654K->742K(13824K)] 19604K->7716K(45056K), 0.0005700 secs] [Times: user=0.00 sys=0.01, real=0.01 secs] 
47.949: Total time for which application threads were stopped: 0.0785890 seconds, Stopping threads took: 0.0779510 seconds
48.043: Application time: 0.0943090 seconds
48.088: [GC [PSYoungGen: 12948K->1344K(13824K)] 19921K->9099K(45056K), 0.0008360 secs] [Times: user=0.00 sys=0.00, real=0.01 secs] 
48.089: Total time for which application threads were stopped: 0.0459750 seconds, Stopping threads took: 0.0450690 seconds
48.191: Application time: 0.1025120 seconds
48.269: [GC [PSYoungGen: 13569K->304K(13824K)] 21324K->8066K(45056K), 0.0005380 secs] [Times: user=0.00 sys=0.00, real=0.00 secs] 
48.269: Total time for which application threads were stopped: 0.0780160 seconds, Stopping threads took: 0.0774130 seconds
48.356: Application time: 0.0865860 seconds
48.401: [GC [PSYoungGen: 12411K->1458K(13824K)] 20174K->9416K(45056K), 0.0007260 secs] [Times: user=0.00 sys=0.00, real=0.00 secs] 
48.401: Total time for which application threads were stopped: 0.0453920 seconds, Stopping threads took: 0.0445850 seconds
48.489: Application time: 0.0879120 seconds
48.564: [GC [PSYoungGen: 13566K->790K(13824K)] 21524K->8764K(45056K), 0.0007900 secs] [Times: user=0.00 sys=0.01, real=0.00 secs] 
48.565: Total time for which application threads were stopped: 0.0755860 seconds, Stopping threads took: 0.0747010 seconds
48.651: Application time: 0.0864700 seconds
48.693: [GC [PSYoungGen: 13015K->1392K(13824K)] 20989K->11320K(45056K), 0.0012770 secs] [Times: user=0.00 sys=0.00, real=0.00 secs] 
48.695: Total time for which application threads were stopped: 0.0432170 seconds, Stopping threads took: 0.0418630 seconds
48.806: Application time: 0.1113960 seconds
48.878: [GC [PSYoungGen: 13519K->304K(13824K)] 23447K->10239K(45056K), 0.0006330 secs] [Times: user=0.00 sys=0.00, real=0.00 secs] 
48.879: Total time for which application threads were stopped: 0.0729550 seconds, Stopping threads took: 0.0722380 seconds
48.958: Application time: 0.0789890 seconds
49.001: [GC [PSYoungGen: 12314K->1376K(13824K)] 22249K->11507K(45056K), 0.0006940 secs] [Times: user=0.00 sys=0.00, real=0.00 secs] 
49.002: Total time for which application threads were stopped: 0.0437970 seconds, Stopping threads took: 0.0430000 seconds
49.082: Application time: 0.0804770 seconds
49.149: [GC [PSYoungGen: 13503K->774K(13824K)] 23634K->10913K(45056K), 0.0005080 secs] [Times: user=0.00 sys=0.00, real=0.00 secs] 
49.150: Total time for which application threads were stopped: 0.0673350 seconds, Stopping threads took: 0.0667430 seconds
49.230: Application time: 0.0805170 seconds
49.271: [GC [PSYoungGen: 12999K->1165K(13824K)] 23138K->11303K(45056K), 0.0007030 secs] [Times: user=0.01 sys=0.00, real=0.00 secs] 
49.272: Total time for which application threads were stopped: 0.0418170 seconds, Stopping threads took: 0.0410280 seconds
49.361: Application time: 0.0895980 seconds
49.415: [GC [PSYoungGen: 13449K->1360K(13824K)] 23587K->12671K(45056K), 0.0009960 secs] [Times: user=0.01 sys=0.00, real=0.00 secs] 
49.416: Total time for which application threads were stopped: 0.0542200 seconds, Stopping threads took: 0.0531520 seconds
49.504: Application time: 0.0886790 seconds
49.578: [GC [PSYoungGen: 13546K->595K(13824K)] 24857K->11913K(45056K), 0.0004560 secs] [Times: user=0.00 sys=0.00, real=0.00 secs] 
49.579: Total time for which application threads were stopped: 0.0743670 seconds, Stopping threads took: 0.0738330 seconds
49.658: Application time: 0.0795780 seconds
49.697: [GC [PSYoungGen: 12703K->774K(13824K)] 24021K->12093K(45056K), 0.0005590 secs] [Times: user=0.00 sys=0.00, real=0.00 secs] 
49.698: Total time for which application threads were stopped: 0.0395310 seconds, Stopping threads took: 0.0388850 seconds
49.777: Application time: 0.0794160 seconds
49.818: [GC [PSYoungGen: 12999K->1474K(13824K)] 24318K->13582K(45056K), 0.0008840 secs] [Times: user=0.00 sys=0.00, real=0.00 secs] 
49.819: Total time for which application threads were stopped: 0.0417070 seconds, Stopping threads took: 0.0407550 seconds
49.923: Application time: 0.1042210 seconds
49.988: [GC [PSYoungGen: 13601K->304K(13824K)] 25709K->12419K(45056K), 0.0005010 secs] [Times: user=0.00 sys=0.00, real=0.01 secs] 
49.990: Total time for which application threads were stopped: 0.0664130 seconds, Stopping threads took: 0.0648070 seconds
50.068: Application time: 0.0784730 seconds
50.108: [GC [PSYoungGen: 12509K->1474K(13824K)] 24625K->14965K(45056K), 0.0010400 secs] [Times: user=0.00 sys=0.00, real=0.01 secs] 
50.109: Total time for which application threads were stopped: 0.0406890 seconds, Stopping threads took: 0.0395410 seconds
50.193: Application time: 0.0842540 seconds
50.267: [GC [PSYoungGen: 13484K->726K(13824K)] 26975K->14225K(45056K), 0.0006930 secs] [Times: user=0.00 sys=0.00, real=0.00 secs] 
50.268: Total time for which application threads were stopped: 0.0745990 seconds, Stopping threads took: 0.0738220 seconds
50.348: Application time: 0.0806100 seconds
50.387: [GC [PSYoungGen: 12951K->1165K(13824K)] 26450K->14664K(45056K), 0.0006280 secs] [Times: user=0.01 sys=0.00, real=0.00 secs] 
50.388: Total time for which application threads were stopped: 0.0394500 seconds, Stopping threads took: 0.0387510 seconds
50.469: Application time: 0.0818090 seconds
50.537: [GC [PSYoungGen: 13292K->304K(13824K)] 26791K->13811K(45056K), 0.0004680 secs] [Times: user=0.00 sys=0.00, real=0.00 secs] 
50.537: Total time for which application threads were stopped: 0.0678080 seconds, Stopping threads took: 0.0672730 seconds
50.617: Application time: 0.0800190 seconds
50.662: [GC [PSYoungGen: 12314K->1392K(13824K)] 25821K->15103K(45056K), 0.0007140 secs] [Times: user=0.01 sys=0.00, real=0.00 secs] 
50.663: Total time for which application threads were stopped: 0.0456490 seconds, Stopping threads took: 0.0448620 seconds
50.746: Application time: 0.0830230 seconds
50.810: [GC [PSYoungGen: 13519K->774K(13824K)] 27230K->14485K(45056K), 0.0005410 secs] [Times: user=0.01 sys=0.00, real=0.00 secs] 
50.811: Total time for which application threads were stopped: 0.0648960 seconds, Stopping threads took: 0.0642870 seconds
50.891: Application time: 0.0802320 seconds
50.931: [GC [PSYoungGen: 12687K->1474K(13824K)] 26397K->15575K(45056K), 0.0008370 secs] [Times: user=0.01 sys=0.00, real=0.00 secs] 
50.931: Total time for which application threads were stopped: 0.0402480 seconds, Stopping threads took: 0.0393390 seconds
51.034: Application time: 0.1024540 seconds
51.103: [GC [PSYoungGen: 13542K->774K(13824K)] 27644K->14883K(45056K), 0.0005140 secs] [Times: user=0.00 sys=0.00, real=0.00 secs] 
51.103: Total time for which application threads were stopped: 0.0695680 seconds, Stopping threads took: 0.0689910 seconds
51.184: Application time: 0.0809040 seconds
51.225: [GC [PSYoungGen: 12999K->1165K(13824K)] 27108K->15274K(45056K), 0.0005750 secs] [Times: user=0.01 sys=0.00, real=0.00 secs] 
51.226: Total time for which application threads were stopped: 0.0412100 seconds, Stopping threads took: 0.0405590 seconds
51.307: Application time: 0.0810190 seconds
51.374: [GC [PSYoungGen: 13370K->320K(13824K)] 27479K->14429K(45056K), 0.0005180 secs] [Times: user=0.00 sys=0.00, real=0.00 secs] 
51.375: Total time for which application threads were stopped: 0.0683630 seconds, Stopping threads took: 0.0677730 seconds
51.454: Application time: 0.0787000 seconds
51.496: [GC [PSYoungGen: 12251K->1458K(13824K)] 26360K->16747K(45056K), 0.0010770 secs] [Times: user=0.00 sys=0.01, real=0.01 secs] 
51.497: Total time for which application threads were stopped: 0.0430950 seconds, Stopping threads took: 0.0419420 seconds
51.595: Application time: 0.0983570 seconds
51.664: [GC [PSYoungGen: 13585K->758K(13824K)] 28874K->16055K(45056K), 0.0005450 secs] [Times: user=0.01 sys=0.00, real=0.00 secs] 
51.665: Total time for which application threads were stopped: 0.0697140 seconds, Stopping threads took: 0.0691010 seconds
51.747: Application time: 0.0826250 seconds
51.800: [GC [PSYoungGen: 12749K->758K(13824K)] 28046K->16063K(45056K), 0.0005530 secs] [Times: user=0.00 sys=0.00, real=0.00 secs] 
51.800: Total time for which application threads were stopped: 0.0528700 seconds, Stopping threads took: 0.0522200 seconds
51.879: Application time: 0.0790250 seconds
51.920: [GC [PSYoungGen: 12671K->774K(13824K)] 27976K->16079K(45056K), 0.0005050 secs] [Times: user=0.00 sys=0.00, real=0.00 secs] 
51.920: Total time for which application threads were stopped: 0.0408520 seconds, Stopping threads took: 0.0402800 seconds
52.000: Application time: 0.0797470 seconds
52.048: [GC [PSYoungGen: 12999K->1149K(13824K)] 28304K->16454K(45056K), 0.0006690 secs] [Times: user=0.00 sys=0.00, real=0.01 secs] 
52.049: Total time for which application threads were stopped: 0.0488590 seconds, Stopping threads took: 0.0480980 seconds
52.141: Application time: 0.0925710 seconds
52.210: [GC [PSYoungGen: 13276K->288K(13824K)] 28581K->15601K(45056K), 0.0004580 secs] [Times: user=0.01 sys=0.00, real=0.00 secs] 
52.210: Total time for which application threads were stopped: 0.0689050 seconds, Stopping threads took: 0.0683810 seconds
52.291: Application time: 0.0809580 seconds
52.333: [GC [PSYoungGen: 12512K->774K(13824K)] 27825K->16095K(45056K), 0.0006660 secs] [Times: user=0.00 sys=0.00, real=0.00 secs] 
52.333: Total time for which application threads were stopped: 0.0421150 seconds, Stopping threads took: 0.0413540 seconds
52.413: Application time: 0.0794390 seconds
52.464: [GC [PSYoungGen: 12901K->1376K(13824K)] 28222K->17478K(45056K), 0.0010600 secs] [Times: user=0.01 sys=0.00, real=0.00 secs] 
52.465: Total time for which application threads were stopped: 0.0520210 seconds, Stopping threads took: 0.0508900 seconds
52.548: Application time: 0.0830900 seconds
52.613: [GC [PSYoungGen: 13581K->1360K(13824K)] 29683K->17462K(45056K), 0.0007130 secs] [Times: user=0.00 sys=0.00, real=0.00 secs] 
52.614: Total time for which application threads were stopped: 0.0658590 seconds, Stopping threads took: 0.0650580 seconds
52.696: Application time: 0.0817610 seconds
52.754: [GC [PSYoungGen: 13527K->352K(13824K)] 29629K->16462K(45056K), 0.0004190 secs] [Times: user=0.00 sys=0.00, real=0.00 secs] 
52.755: Total time for which application threads were stopped: 0.0591120 seconds, Stopping threads took: 0.0586170 seconds
52.839: Application time: 0.0844340 seconds
52.894: [GC [PSYoungGen: 12459K->547K(13824K)] 28570K->16657K(45056K), 0.0005820 secs] [Times: user=0.00 sys=0.00, real=0.00 secs] 
52.895: Total time for which application threads were stopped: 0.0554860 seconds, Stopping threads took: 0.0548060 seconds
52.981: Application time: 0.0868730 seconds
53.034: [GC [PSYoungGen: 12655K->774K(13824K)] 28765K->16893K(45056K), 0.0006080 secs] [Times: user=0.00 sys=0.01, real=0.00 secs] 
53.035: Total time for which application threads were stopped: 0.0533740 seconds, Stopping threads took: 0.0526750 seconds
53.114: Application time: 0.0791820 seconds
53.155: [GC [PSYoungGen: 12999K->1165K(13824K)] 29117K->17291K(45056K), 0.0006340 secs] [Times: user=0.01 sys=0.00, real=0.00 secs] 
53.156: Total time for which application threads were stopped: 0.0419340 seconds, Stopping threads took: 0.0412100 seconds
53.238: Application time: 0.0818940 seconds
53.303: [GC [PSYoungGen: 13292K->320K(13824K)] 29418K->16446K(45056K), 0.0004690 secs] [Times: user=0.00 sys=0.00, real=0.00 secs] 
53.304: Total time for which application threads were stopped: 0.0658470 seconds, Stopping threads took: 0.0652910 seconds
53.384: Application time: 0.0801170 seconds
53.452: [GC [PSYoungGen: 12544K->710K(13824K)] 28671K->16845K(45056K), 0.0005290 secs] [Times: user=0.00 sys=0.00, real=0.00 secs] 
53.452: Total time for which application threads were stopped: 0.0685250 seconds, Stopping threads took: 0.0679220 seconds
53.543: Application time: 0.0907690 seconds
53.612: [GC [PSYoungGen: 12701K->774K(13824K)] 28835K->16909K(45056K), 0.0004970 secs] [Times: user=0.01 sys=0.00, real=0.00 secs] 
53.613: Total time for which application threads were stopped: 0.0694160 seconds, Stopping threads took: 0.0688560 seconds
53.694: Application time: 0.0812600 seconds
53.759: [GC [PSYoungGen: 12999K->1149K(13824K)] 29133K->17283K(45056K), 0.0006080 secs] [Times: user=0.01 sys=0.00, real=0.00 secs] 
53.760: Total time for which application threads were stopped: 0.0659380 seconds, Stopping threads took: 0.0652600 seconds
53.839: Application time: 0.0794800 seconds
53.880: [GC [PSYoungGen: 13374K->1490K(13824K)] 29508K->18804K(45056K), 0.0010180 secs] [Times: user=0.00 sys=0.00, real=0.00 secs] 
53.881: Total time for which application threads were stopped: 0.0419590 seconds, Stopping threads took: 0.0408690 seconds
53.965: Application time: 0.0839610 seconds
54.033: [GC [PSYoungGen: 13617K->758K(13824K)] 30931K->18080K(45056K), 0.0005520 secs] [Times: user=0.00 sys=0.00, real=0.00 secs] 
54.033: Total time for which application threads were stopped: 0.0680490 seconds, Stopping threads took: 0.0674210 seconds
54.120: Application time: 0.0872410 seconds
54.190: [GC [PSYoungGen: 12749K->758K(13824K)] 30071K->18080K(45056K), 0.0007460 secs] [Times: user=0.00 sys=0.00, real=0.00 secs] 
54.191: Total time for which application threads were stopped: 0.0704860 seconds, Stopping threads took: 0.0696570 seconds
54.270: Application time: 0.0785770 seconds
54.311: [GC [PSYoungGen: 12671K->790K(13824K)] 29993K->18112K(45056K), 0.0007820 secs] [Times: user=0.00 sys=0.00, real=0.00 secs] 
54.312: Total time for which application threads were stopped: 0.0427170 seconds, Stopping threads took: 0.0418580 seconds
54.394: Application time: 0.0819360 seconds
54.432: [GC [PSYoungGen: 12703K->774K(13824K)] 30025K->18096K(45056K), 0.0007210 secs] [Times: user=0.00 sys=0.01, real=0.00 secs] 
54.433: Total time for which application threads were stopped: 0.0386250 seconds, Stopping threads took: 0.0378140 seconds
54.513: Application time: 0.0805380 seconds
54.555: [GC [PSYoungGen: 12999K->1117K(13824K)] 30321K->18439K(45056K), 0.0007920 secs] [Times: user=0.00 sys=0.00, real=0.00 secs] 
54.556: Total time for which application threads were stopped: 0.0429320 seconds, Stopping threads took: 0.0420380 seconds
54.639: Application time: 0.0827340 seconds
54.707: [GC [PSYoungGen: 13400K->320K(13824K)] 30723K->17650K(45056K), 0.0006330 secs] [Times: user=0.00 sys=0.00, real=0.00 secs] 
54.708: Total time for which application threads were stopped: 0.0690390 seconds, Stopping threads took: 0.0683140 seconds
54.786: Application time: 0.0782060 seconds
54.825: [GC [PSYoungGen: 12251K->1490K(13824K)] 29582K->20000K(45056K), 0.0010750 secs] [Times: user=0.01 sys=0.00, real=0.00 secs] 
54.827: Total time for which application threads were stopped: 0.0403160 seconds, Stopping threads took: 0.0391510 seconds
54.924: Application time: 0.0974810 seconds
54.994: [GC [PSYoungGen: 13617K->742K(13824K)] 32127K->19260K(45056K), 0.0005470 secs] [Times: user=0.00 sys=0.00, real=0.00 secs] 
54.995: Total time for which application threads were stopped: 0.0712040 seconds, Stopping threads took: 0.0694940 seconds
55.075: Application time: 0.0797120 seconds
55.116: [GC [PSYoungGen: 12733K->742K(13824K)] 31251K->19276K(45056K), 0.0005300 secs] [Times: user=0.01 sys=0.00, real=0.01 secs] 
55.116: Total time for which application threads were stopped: 0.0414540 seconds, Stopping threads took: 0.0408360 seconds
55.195: Application time: 0.0787050 seconds
55.237: [GC [PSYoungGen: 12967K->1149K(13824K)] 31501K->19683K(45056K), 0.0007560 secs] [Times: user=0.01 sys=0.00, real=0.00 secs] 
55.238: Total time for which application threads were stopped: 0.0430480 seconds, Stopping threads took: 0.0422100 seconds
55.317: Application time: 0.0792630 seconds
55.318: [GC [PSYoungGen: 13374K->1525K(13824K)] 31908K->23337K(45056K), 0.0014810 secs] [Times: user=0.01 sys=0.00, real=0.00 secs] 
55.319: Total time for which application threads were stopped: 0.0016300 seconds, Stopping threads took: 0.0000780 seconds
55.422: Application time: 0.1030210 seconds
55.493: [GC [PSYoungGen: 13730K->646K(13824K)] 35542K->22458K(45056K), 0.0004700 secs] [Times: user=0.00 sys=0.00, real=0.00 secs] 
55.493: Total time for which application threads were stopped: 0.0713230 seconds, Stopping threads took: 0.0707880 seconds
55.572: Application time: 0.0784550 seconds
55.615: [GC [PSYoungGen: 12558K->662K(13824K)] 34370K->22482K(45056K), 0.0005620 secs] [Times: user=0.00 sys=0.00, real=0.00 secs] 
55.616: Total time for which application threads were stopped: 0.0437190 seconds, Stopping threads took: 0.0430680 seconds
55.695: Application time: 0.0794800 seconds
55.744: [GC [PSYoungGen: 12789K->1328K(13824K)] 34609K->23929K(45056K), 0.0009120 secs] [Times: user=0.00 sys=0.00, real=0.00 secs] 
55.745: Total time for which application threads were stopped: 0.0501260 seconds, Stopping threads took: 0.0491320 seconds
55.827: Application time: 0.0815830 seconds
55.892: [GC [PSYoungGen: 13533K->1280K(13824K)] 36134K->23881K(45056K), 0.0007360 secs] [Times: user=0.00 sys=0.00, real=0.00 secs] 
55.893: Total time for which application threads were stopped: 0.0661790 seconds, Stopping threads took: 0.0653710 seconds
55.976: Application time: 0.0824640 seconds
56.035: [GC [PSYoungGen: 13485K->531K(13824K)] 36086K->23132K(45056K), 0.0004670 secs] [Times: user=0.00 sys=0.00, real=0.00 secs] 
56.035: Total time for which application threads were stopped: 0.0597050 seconds, Stopping threads took: 0.0591780 seconds
56.122: Application time: 0.0872360 seconds
56.179: [GC [PSYoungGen: 12560K->1426K(13824K)] 35161K->24433K(45056K), 0.0007650 secs] [Times: user=0.01 sys=0.00, real=0.00 secs] 
56.180: Total time for which application threads were stopped: 0.0578170 seconds, Stopping threads took: 0.0569840 seconds
56.259: Application time: 0.0791590 seconds
56.328: [GC [PSYoungGen: 13416K->710K(13824K)] 36424K->23726K(45056K), 0.0005110 secs] [Times: user=0.00 sys=0.00, real=0.01 secs] 
56.329: Total time for which application threads were stopped: 0.0690700 seconds, Stopping threads took: 0.0684820 seconds
56.411: Application time: 0.0826900 seconds
56.461: [GC [PSYoungGen: 12623K->726K(13824K)] 35638K->23758K(45056K), 0.0007550 secs] [Times: user=0.00 sys=0.00, real=0.00 secs] 
56.461: Total time for which application threads were stopped: 0.0502710 seconds, Stopping threads took: 0.0494410 seconds
56.541: Application time: 0.0794490 seconds
56.582: [GC [PSYoungGen: 12931K->1392K(13824K)] 35963K->25205K(45056K), 0.0008700 secs] [Times: user=0.01 sys=0.01, real=0.00 secs] 
56.583: Total time for which application threads were stopped: 0.0418380 seconds, Stopping threads took: 0.0408970 seconds
56.665: Application time: 0.0818400 seconds
56.730: [GC [PSYoungGen: 13519K->1360K(13824K)] 37332K->25181K(45056K), 0.0007290 secs] [Times: user=0.01 sys=0.00, real=0.00 secs] 
56.731: Total time for which application threads were stopped: 0.0665540 seconds, Stopping threads took: 0.0657590 seconds
56.814: Application time: 0.0825700 seconds
56.872: [GC [PSYoungGen: 13566K->483K(13824K)] 37386K->24304K(45056K), 0.0004920 secs] [Times: user=0.01 sys=0.00, real=0.00 secs] 
56.873: Total time for which application threads were stopped: 0.0587730 seconds, Stopping threads took: 0.0582070 seconds
56.951: Application time: 0.0782640 seconds
56.994: [GC [PSYoungGen: 12512K->1474K(13824K)] 36333K->25685K(45056K), 0.0007950 secs] [Times: user=0.00 sys=0.00, real=0.00 secs] 
56.995: Total time for which application threads were stopped: 0.0440200 seconds, Stopping threads took: 0.0431360 seconds
57.076: Application time: 0.0807300 seconds
57.144: [GC [PSYoungGen: 13699K->1117K(13824K)] 37910K->25336K(45056K), 0.0007030 secs] [Times: user=0.00 sys=0.00, real=0.00 secs] 
57.145: Total time for which application threads were stopped: 0.0695530 seconds, Stopping threads took: 0.0687600 seconds
57.230: Application time: 0.0852520 seconds
57.301: [GC [PSYoungGen: 13244K->288K(13824K)] 37463K->24507K(45056K), 0.0004730 secs] [Times: user=0.00 sys=0.00, real=0.00 secs] 
57.301: Total time for which application threads were stopped: 0.0710890 seconds, Stopping threads took: 0.0705500 seconds
57.380: Application time: 0.0783820 seconds
57.422: [GC [PSYoungGen: 12512K->1392K(13824K)] 36732K->27174K(45056K), 0.0011080 secs] [Times: user=0.01 sys=0.00, real=0.00 secs] 
57.423: Total time for which application threads were stopped: 0.0431210 seconds, Stopping threads took: 0.0419380 seconds
57.521: Application time: 0.0981390 seconds
57.590: [GC [PSYoungGen: 13383K->726K(13824K)] 39165K->26516K(45056K), 0.0004820 secs] [Times: user=0.00 sys=0.00, real=0.00 secs] 
57.590: Total time for which application threads were stopped: 0.0690160 seconds, Stopping threads took: 0.0684680 seconds
57.670: Application time: 0.0794750 seconds
57.721: [GC [PSYoungGen: 12931K->1360K(13824K)] 38721K->27939K(45056K), 0.0010530 secs] [Times: user=0.01 sys=0.00, real=0.00 secs] 
57.722: Total time for which application threads were stopped: 0.0524200 seconds, Stopping threads took: 0.0512960 seconds
57.803: Application time: 0.0811990 seconds
57.868: [GC [PSYoungGen: 13647K->1442K(13824K)] 40226K->28021K(45056K), 0.0007790 secs] [Times: user=0.00 sys=0.00, real=0.01 secs] 
57.869: Total time for which application threads were stopped: 0.0655670 seconds, Stopping threads took: 0.0646970 seconds
57.951: Application time: 0.0825000 seconds
58.017: [GC [PSYoungGen: 13683K->774K(13824K)] 40262K->27369K(45056K), 0.0007560 secs] [Times: user=0.01 sys=0.00, real=0.00 secs] 
58.018: Total time for which application threads were stopped: 0.0669810 seconds, Stopping threads took: 0.0661220 seconds
58.098: Application time: 0.0793820 seconds
58.148: [GC [PSYoungGen: 12921K->1376K(13824K)] 39517K->29542K(45056K), 0.0012970 secs] [Times: user=0.01 sys=0.00, real=0.01 secs] 
58.149: Total time for which application threads were stopped: 0.0517940 seconds, Stopping threads took: 0.0504030 seconds
58.232: Application time: 0.0822950 seconds
58.304: [GC [PSYoungGen: 13601K->1165K(13824K)] 41767K->29331K(45056K), 0.0007630 secs] [Times: user=0.01 sys=0.00, real=0.00 secs] 
58.304: Total time for which application threads were stopped: 0.0725630 seconds, Stopping threads took: 0.0717030 seconds
58.384: Application time: 0.0793230 seconds
58.453: [GC [PSYoungGen: 13292K->320K(13824K)] 41458K->28501K(45056K), 0.0005350 secs] [Times: user=0.00 sys=0.00, real=0.00 secs] 
58.454: Total time for which application threads were stopped: 0.0701980 seconds, Stopping threads took: 0.0695950 seconds
58.534: Application time: 0.0805750 seconds
58.585: [GC [PSYoungGen: 12544K->790K(13824K)] 40726K->28980K(45056K), 0.0005970 secs] [Times: user=0.00 sys=0.00, real=0.00 secs] 
58.585: Total time for which application threads were stopped: 0.0509930 seconds, Stopping threads took: 0.0502980 seconds
58.673: Application time: 0.0871350 seconds
58.724: [GC [PSYoungGen: 13015K->1165K(13824K)] 41205K->29363K(45056K), 0.0007130 secs] [Times: user=0.00 sys=0.00, real=0.00 secs] 
58.725: Total time for which application threads were stopped: 0.0520310 seconds, Stopping threads took: 0.0512460 seconds
58.804: Application time: 0.0792110 seconds
58.857: [GC [PSYoungGen: 13272K->1344K(13824K)] 41470K->29542K(45056K), 0.0007100 secs] [Times: user=0.00 sys=0.00, real=0.00 secs] 
58.858: Total time for which application threads were stopped: 0.0542920 seconds, Stopping threads took: 0.0535180 seconds
58.937: Application time: 0.0791880 seconds
58.939: [GC-- [PSYoungGen: 13549K->13549K(13824K)] 41747K->44706K(45056K), 0.0014570 secs] [Times: user=0.01 sys=0.00, real=0.00 secs] 
58.941: [Full GC [PSYoungGen: 13549K->0K(13824K)] [ParOldGen: 31156K->6262K(31232K)] 44706K->6262K(45056K) [PSPermGen: 5111K->5109K(21504K)], 0.0054040 secs] [Times: user=0.02 sys=0.00, real=0.00 secs] 
58.946: Total time for which application threads were stopped: 0.0087870 seconds, Stopping threads took: 0.0018120 seconds
59.031: Application time: 0.0846790 seconds
59.103: [GC [PSYoungGen: 12029K->1493K(13824K)] 18292K->7951K(45056K), 0.0006500 secs] [Times: user=0.00 sys=0.00, real=0.00 secs] 
59.104: Total time for which application threads were stopped: 0.0731970 seconds, Stopping threads took: 0.0724660 seconds
59.186: Application time: 0.0825300 seconds
59.251: [GC [PSYoungGen: 13718K->1005K(13824K)] 20176K->7463K(45056K), 0.0005790 secs] [Times: user=0.00 sys=0.00, real=0.00 secs] 
59.252: Total time for which application threads were stopped: 0.0651500 seconds, Stopping threads took: 0.0645040 seconds
59.349: Application time: 0.0971710 seconds
59.403: [GC [PSYoungGen: 13229K->1395K(13824K)] 19688K->7854K(45056K), 0.0006320 secs] [Times: user=0.00 sys=0.00, real=0.00 secs] 
59.404: Total time for which application threads were stopped: 0.0552830 seconds, Stopping threads took: 0.0545850 seconds
59.506: Application time: 0.1014630 seconds
59.567: [GC [PSYoungGen: 13679K->662K(13824K)] 20137K->7120K(45056K), 0.0005130 secs] [Times: user=0.00 sys=0.00, real=0.00 secs] 
59.568: Total time for which application threads were stopped: 0.0620560 seconds, Stopping threads took: 0.0614550 seconds
59.645: Application time: 0.0776740 seconds
59.684: [GC [PSYoungGen: 12867K->1525K(13824K)] 19326K->9546K(45056K), 0.0010590 secs] [Times: user=0.01 sys=0.00, real=0.00 secs] 
59.686: Total time for which application threads were stopped: 0.0402360 seconds, Stopping threads took: 0.0391070 seconds
59.789: Application time: 0.1031250 seconds
59.855: [GC [PSYoungGen: 13809K->1232K(13824K)] 21829K->9253K(45056K), 0.0006680 secs] [Times: user=0.00 sys=0.00, real=0.00 secs] 
59.855: Total time for which application threads were stopped: 0.0667810 seconds, Stopping threads took: 0.0660210 seconds
59.939: Application time: 0.0832640 seconds
59.997: [GC [PSYoungGen: 13438K->483K(13824K)] 21458K->8504K(45056K), 0.0004670 secs] [Times: user=0.00 sys=0.00, real=0.00 secs] 
59.999: Total time for which application threads were stopped: 0.0603060 seconds, Stopping threads took: 0.0586920 seconds
60.079: Application time: 0.0802460 seconds
60.127: [GC [PSYoungGen: 12708K->874K(13824K)] 20729K->8894K(45056K), 0.0007380 secs] [Times: user=0.00 sys=0.00, real=0.00 secs] 
60.128: Total time for which application threads were stopped: 0.0487110 seconds, Stopping threads took: 0.0478890 seconds
60.224: Application time: 0.0954950 seconds
60.289: [GC [PSYoungGen: 13098K->1264K(13824K)] 21119K->9285K(45056K), 0.0009150 secs] [Times: user=0.00 sys=0.00, real=0.00 secs] 
60.290: Total time for which application threads were stopped: 0.0668120 seconds, Stopping threads took: 0.0657940 seconds
60.372: Application time: 0.0812310 seconds
60.434: [GC [PSYoungGen: 13548K->547K(13824K)] 21569K->8568K(45056K), 0.0006520 secs] [Times: user=0.00 sys=0.00, real=0.00 secs] 
60.434: Total time for which application threads were stopped: 0.0627910 seconds, Stopping threads took: 0.0620470 seconds
60.515: Application time: 0.0802250 seconds
60.580: [GC [PSYoungGen: 12576K->758K(13824K)] 20597K->8779K(45056K), 0.0005870 secs] [Times: user=0.01 sys=0.00, real=0.00 secs] 
60.581: Total time for which application threads were stopped: 0.0661370 seconds, Stopping threads took: 0.0654860 seconds
60.660: Application time: 0.0795070 seconds
60.698: [GC [PSYoungGen: 12885K->1490K(13824K)] 20906K->11269K(45056K), 0.0011230 secs] [Times: user=0.01 sys=0.00, real=0.00 secs] 
60.699: Total time for which application threads were stopped: 0.0385780 seconds, Stopping threads took: 0.0373820 seconds
60.780: Application time: 0.0816040 seconds
60.850: [GC [PSYoungGen: 13617K->1344K(13824K)] 23396K->11123K(45056K), 0.0008450 secs] [Times: user=0.00 sys=0.00, real=0.00 secs] 
60.851: Total time for which application threads were stopped: 0.0702160 seconds, Stopping threads took: 0.0692950 seconds
60.936: Application time: 0.0851790 seconds
60.999: [GC [PSYoungGen: 13471K->547K(13824K)] 23250K->10326K(45056K), 0.0006810 secs] [Times: user=0.00 sys=0.00, real=0.00 secs] 
61.000: Total time for which application threads were stopped: 0.0641100 seconds, Stopping threads took: 0.0633440 seconds
61.079: Application time: 0.0787960 seconds
61.120: [GC [PSYoungGen: 12752K->1360K(13824K)] 22531K->11725K(45056K), 0.0009080 secs] [Times: user=0.01 sys=0.00, real=0.00 secs] 
61.120: Total time for which application threads were stopped: 0.0417620 seconds, Stopping threads took: 0.0407800 seconds
61.203: Application time: 0.0823880 seconds
61.256: [GC [PSYoungGen: 13546K->1392K(13824K)] 23910K->12554K(45056K), 0.0009840 secs] [Times: user=0.01 sys=0.00, real=0.01 secs] 
61.257: Total time for which application threads were stopped: 0.0538700 seconds, Stopping threads took: 0.0527990 seconds
61.338: Application time: 0.0812780 seconds
61.403: [GC [PSYoungGen: 13597K->1360K(13824K)] 24759K->12522K(45056K), 0.0008430 secs] [Times: user=0.01 sys=0.00, real=0.00 secs] 
61.404: Total time for which application threads were stopped: 0.0657780 seconds, Stopping threads took: 0.0648380 seconds
61.508: Application time: 0.1039390 seconds
61.573: [GC [PSYoungGen: 13644K->563K(13824K)] 24806K->11725K(45056K), 0.0004680 secs] [Times: user=0.00 sys=0.00, real=0.00 secs] 
61.574: Total time for which application threads were stopped: 0.0659860 seconds, Stopping threads took: 0.0654540 seconds
61.660: Application time: 0.0867830 seconds
61.701: [GC [PSYoungGen: 12690K->1408K(13824K)] 23852K->13172K(45056K), 0.0007920 secs] [Times: user=0.00 sys=0.00, real=0.00 secs] 
61.701: Total time for which application threads were stopped: 0.0408880 seconds, Stopping threads took: 0.0400240 seconds
61.796: Application time: 0.0947890 seconds
61.863: [GC [PSYoungGen: 13535K->1133K(13824K)] 25299K->12913K(45056K), 0.0006840 secs] [Times: user=0.00 sys=0.00, real=0.00 secs] 
61.864: Total time for which application threads were stopped: 0.0677360 seconds, Stopping threads took: 0.0669710 seconds
61.945: Application time: 0.0810560 seconds
62.009: [GC [PSYoungGen: 13338K->320K(13824K)] 25118K->12116K(45056K), 0.0005870 secs] [Times: user=0.00 sys=0.00, real=0.00 secs] 
62.010: Total time for which application threads were stopped: 0.0646830 seconds, Stopping threads took: 0.0640260 seconds
62.089: Application time: 0.0790770 seconds
62.130: [GC [PSYoungGen: 12427K->579K(13824K)] 24223K->12383K(45056K), 0.0004210 secs] [Times: user=0.00 sys=0.00, real=0.00 secs] 
62.131: Total time for which application threads were stopped: 0.0419750 seconds, Stopping threads took: 0.0414900 seconds
62.210: Application time: 0.0789650 seconds
62.251: [GC [PSYoungGen: 12608K->758K(13824K)] 24412K->12562K(45056K), 0.0005370 secs] [Times: user=0.00 sys=0.00, real=0.00 secs] 
62.252: Total time for which application threads were stopped: 0.0423050 seconds, Stopping threads took: 0.0416960 seconds
62.330: Application time: 0.0783640 seconds
62.373: [GC [PSYoungGen: 12983K->1149K(13824K)] 24787K->12953K(45056K), 0.0006300 secs] [Times: user=0.01 sys=0.00, real=0.00 secs] 
62.373: Total time for which application threads were stopped: 0.0430960 seconds, Stopping threads took: 0.0424010 seconds
62.453: Application time: 0.0799100 seconds
62.521: [GC [PSYoungGen: 13276K->320K(13824K)] 25080K->12148K(45056K), 0.0006350 secs] [Times: user=0.00 sys=0.00, real=0.00 secs] 
62.521: Total time for which application threads were stopped: 0.0680340 seconds, Stopping threads took: 0.0672980 seconds
62.602: Application time: 0.0809240 seconds
62.641: [GC [PSYoungGen: 12544K->742K(13824K)] 24372K->12570K(45056K), 0.0005080 secs] [Times: user=0.00 sys=0.00, real=0.00 secs] 
62.641: Total time for which application threads were stopped: 0.0389810 seconds, Stopping threads took: 0.0384050 seconds
62.723: Application time: 0.0812130 seconds
62.762: [GC [PSYoungGen: 12811K->758K(13824K)] 24639K->12586K(45056K), 0.0007020 secs] [Times: user=0.00 sys=0.00, real=0.00 secs] 
62.763: Total time for which application threads were stopped: 0.0405830 seconds, Stopping threads took: 0.0398170 seconds
62.850: Application time: 0.0871030 seconds
62.896: [GC [PSYoungGen: 13042K->1376K(13824K)] 24870K->13986K(45056K), 0.0010520 secs] [Times: user=0.00 sys=0.00, real=0.01 secs] 
62.897: Total time for which application threads were stopped: 0.0469620 seconds, Stopping threads took: 0.0458170 seconds
62.985: Application time: 0.0881030 seconds
63.054: [GC [PSYoungGen: 13581K->1328K(13824K)] 26191K->13937K(45056K), 0.0008030 secs] [Times: user=0.01 sys=0.00, real=0.00 secs] 
63.055: Total time for which application threads were stopped: 0.0694030 seconds, Stopping threads took: 0.0685040 seconds
63.136: Application time: 0.0817580 seconds
63.185: [GC [PSYoungGen: 13553K->1344K(13824K)] 26162K->14352K(45056K), 0.0009780 secs] [Times: user=0.00 sys=0.00, real=0.00 secs] 
63.186: Total time for which application threads were stopped: 0.0494060 seconds, Stopping threads took: 0.0483350 seconds
63.269: Application time: 0.0826000 seconds
63.332: [GC [PSYoungGen: 13354K->742K(13824K)] 26362K->13758K(45056K), 0.0007870 secs] [Times: user=0.00 sys=0.00, real=0.00 secs] 
63.332: Total time for which application threads were stopped: 0.0639650 seconds, Stopping threads took: 0.0630910 seconds
63.411: Application time: 0.0785030 seconds
63.454: [GC [PSYoungGen: 12967K->1442K(13824K)] 25983K->15247K(45056K), 0.0009250 secs] [Times: user=0.01 sys=0.00, real=0.00 secs] 
63.455: Total time for which application threads were stopped: 0.0440630 seconds, Stopping threads took: 0.0430420 seconds
63.537: Application time: 0.0822690 seconds
63.606: [GC [PSYoungGen: 13569K->336K(13824K)] 27374K->14149K(45056K), 0.0006420 secs] [Times: user=0.00 sys=0.00, real=0.00 secs] 
63.607: Total time for which application threads were stopped: 0.0697190 seconds, Stopping threads took: 0.0690020 seconds
63.686: Application time: 0.0785140 seconds
63.726: [GC [PSYoungGen: 12560K->1442K(13824K)] 26374K->15646K(45056K), 0.0009570 secs] [Times: user=0.01 sys=0.00, real=0.00 secs] 
63.727: Total time for which application threads were stopped: 0.0409510 seconds, Stopping threads took: 0.0399040 seconds
63.808: Application time: 0.0818020 seconds
63.872: [GC [PSYoungGen: 13667K->1165K(13824K)] 27870K->15369K(45056K), 0.0005960 secs] [Times: user=0.00 sys=0.00, real=0.00 secs] 
63.872: Total time for which application threads were stopped: 0.0639970 seconds, Stopping threads took: 0.0633330 seconds
63.952: Application time: 0.0797070 seconds
64.020: [GC [PSYoungGen: 13273K->1360K(13824K)] 27476K->15572K(45056K), 0.0006550 secs] [Times: user=0.00 sys=0.00, real=0.00 secs] 
64.021: Total time for which application threads were stopped: 0.0685800 seconds, Stopping threads took: 0.0678560 seconds
64.105: Application time: 0.0840070 seconds
64.167: [GC [PSYoungGen: 13487K->563K(13824K)] 27699K->14783K(45056K), 0.0005010 secs] [Times: user=0.01 sys=0.00, real=0.00 secs] 
64.167: Total time for which application threads were stopped: 0.0628050 seconds, Stopping threads took: 0.0622350 seconds
64.255: Application time: 0.0873470 seconds
64.299: [GC [PSYoungGen: 12749K->758K(13824K)] 26969K->14978K(45056K), 0.0007080 secs] [Times: user=0.01 sys=0.00, real=0.00 secs] 
64.300: Total time for which application threads were stopped: 0.0448450 seconds, Stopping threads took: 0.0440500 seconds
64.380: Application time: 0.0802930 seconds
64.429: [GC [PSYoungGen: 12749K->1426K(13824K)] 26969K->16036K(45056K), 0.0008720 secs] [Times: user=0.01 sys=0.00, real=0.00 secs] 
64.430: Total time for which application threads were stopped: 0.0497270 seconds, Stopping threads took: 0.0487910 seconds
64.510: Application time: 0.0803290 seconds
64.578: [GC [PSYoungGen: 13338K->1458K(13824K)] 27949K->16459K(45056K), 0.0008770 secs] [Times: user=0.01 sys=0.00, real=0.00 secs] 
64.579: Total time for which application threads were stopped: 0.0691670 seconds, Stopping threads took: 0.0682180 seconds
64.660: Application time: 0.0808250 seconds
64.718: [GC [PSYoungGen: 13565K->986K(13824K)] 28567K->15987K(45056K), 0.0005630 secs] [Times: user=0.00 sys=0.00, real=0.00 secs] 
64.719: Total time for which application threads were stopped: 0.0589010 seconds, Stopping threads took: 0.0582610 seconds
64.798: Application time: 0.0788990 seconds
64.837: [GC [PSYoungGen: 13093K->1474K(13824K)] 28094K->17264K(45056K), 0.0008530 secs] [Times: user=0.00 sys=0.00, real=0.00 secs] 
64.838: Total time for which application threads were stopped: 0.0400000 seconds, Stopping threads took: 0.0390730 seconds
64.940: Application time: 0.1021950 seconds
65.007: [GC [PSYoungGen: 13601K->1426K(13824K)] 29391K->17224K(45056K), 0.0006540 secs] [Times: user=0.00 sys=0.00, real=0.00 secs] 
65.008: Total time for which application threads were stopped: 0.0683380 seconds, Stopping threads took: 0.0666950 seconds
65.088: Application time: 0.0800060 seconds
65.157: [GC [PSYoungGen: 13651K->774K(13824K)] 29449K->16581K(45056K), 0.0005520 secs] [Times: user=0.00 sys=0.00, real=0.00 secs] 
65.157: Total time for which application threads were stopped: 0.0689360 seconds, Stopping threads took: 0.0683130 seconds
65.236: Application time: 0.0791260 seconds
65.277: [GC [PSYoungGen: 12999K->1149K(13824K)] 28805K->16955K(45056K), 0.0006060 secs] [Times: user=0.01 sys=0.01, real=0.00 secs] 
65.278: Total time for which application threads were stopped: 0.0416690 seconds, Stopping threads took: 0.0409820 seconds
65.379: Application time: 0.1006120 seconds
65.443: [GC [PSYoungGen: 13276K->304K(13824K)] 29082K->16118K(45056K), 0.0004750 secs] [Times: user=0.00 sys=0.00, real=0.00 secs] 
65.444: Total time for which application threads were stopped: 0.0650570 seconds, Stopping threads took: 0.0645120 seconds
65.523: Application time: 0.0789140 seconds
65.563: [GC [PSYoungGen: 12235K->1360K(13824K)] 28050K->17370K(45056K), 0.0006560 secs] [Times: user=0.00 sys=0.01, real=0.00 secs] 
65.563: Total time for which application threads were stopped: 0.0406910 seconds, Stopping threads took: 0.0399680 seconds
65.646: Application time: 0.0825050 seconds
65.711: [GC [PSYoungGen: 13644K->758K(13824K)] 29653K->16768K(45056K), 0.0005650 secs] [Times: user=0.00 sys=0.00, real=0.00 secs] 
65.712: Total time for which application threads were stopped: 0.0656790 seconds, Stopping threads took: 0.0650510 seconds
65.802: Application time: 0.0901190 seconds
65.842: [GC [PSYoungGen: 12671K->790K(13824K)] 28680K->16800K(45056K), 0.0004710 secs] [Times: user=0.00 sys=0.00, real=0.00 secs] 
65.843: Total time for which application threads were stopped: 0.0412870 seconds, Stopping threads took: 0.0407440 seconds
65.922: Application time: 0.0793690 seconds
65.960: [GC [PSYoungGen: 12995K->1490K(13824K)] 29005K->19258K(45056K), 0.0011700 secs] [Times: user=0.01 sys=0.00, real=0.00 secs] 
65.961: Total time for which application threads were stopped: 0.0385890 seconds, Stopping threads took: 0.0373470 seconds
66.045: Application time: 0.0837670 seconds
66.108: [GC [PSYoungGen: 13695K->1474K(13824K)] 31463K->20226K(45056K), 0.0011340 secs] [Times: user=0.00 sys=0.00, real=0.01 secs] 
66.109: Total time for which application threads were stopped: 0.0641380 seconds, Stopping threads took: 0.0629270 seconds
66.189: Application time: 0.0799930 seconds
66.261: [GC [PSYoungGen: 13679K->595K(13824K)] 32431K->19347K(45056K), 0.0007210 secs] [Times: user=0.00 sys=0.00, real=0.00 secs] 
66.262: Total time for which application threads were stopped: 0.0730630 seconds, Stopping threads took: 0.0722560 seconds
66.341: Application time: 0.0787540 seconds
66.381: [GC [PSYoungGen: 12702K->758K(13824K)] 31455K->19518K(45056K), 0.0005370 secs] [Times: user=0.00 sys=0.00, real=0.00 secs] 
66.382: Total time for which application threads were stopped: 0.0412160 seconds, Stopping threads took: 0.0405960 seconds
66.460: Application time: 0.0778340 seconds
66.504: [GC [PSYoungGen: 12671K->694K(13824K)] 31431K->19462K(45056K), 0.0005470 secs] [Times: user=0.01 sys=0.00, real=0.00 secs] 
66.504: Total time for which application threads were stopped: 0.0446040 seconds, Stopping threads took: 0.0439870 seconds
66.584: Application time: 0.0795650 seconds
66.625: [GC [PSYoungGen: 12919K->1133K(13824K)] 31687K->19909K(45056K), 0.0006420 secs] [Times: user=0.00 sys=0.00, real=0.00 secs] 
66.625: Total time for which application threads were stopped: 0.0413170 seconds, Stopping threads took: 0.0406030 seconds
66.708: Application time: 0.0827890 seconds
66.773: [GC [PSYoungGen: 13260K->368K(13824K)] 32036K->19152K(45056K), 0.0005390 secs] [Times: user=0.00 sys=0.00, real=0.00 secs] 
66.773: Total time for which application threads were stopped: 0.0654080 seconds, Stopping threads took: 0.0648010 seconds
66.853: Application time: 0.0793980 seconds
66.891: [GC [PSYoungGen: 12592K->790K(13824K)] 31377K->19583K(45056K), 0.0005590 secs] [Times: user=0.00 sys=0.00, real=0.00 secs] 
66.891: Total time for which application threads were stopped: 0.0385450 seconds, Stopping threads took: 0.0379110 seconds
66.971: Application time: 0.0794270 seconds
67.020: [GC [PSYoungGen: 13015K->1101K(13824K)] 31807K->19893K(45056K), 0.0006370 secs] [Times: user=0.00 sys=0.00, real=0.00 secs] 
67.021: Total time for which application threads were stopped: 0.0499950 seconds, Stopping threads took: 0.0492890 seconds
67.111: Application time: 0.0905170 seconds
67.170: [GC [PSYoungGen: 13287K->1360K(13824K)] 32079K->20152K(45056K), 0.0006440 secs] [Times: user=0.00 sys=0.00, real=0.00 secs] 
67.171: Total time for which application threads were stopped: 0.0596740 seconds, Stopping threads took: 0.0589610 seconds
67.251: Application time: 0.0805070 seconds
67.319: [GC [PSYoungGen: 13566K->563K(13824K)] 32358K->19355K(45056K), 0.0004720 secs] [Times: user=0.00 sys=0.00, real=0.00 secs] 
67.319: Total time for which application threads were stopped: 0.0679110 seconds, Stopping threads took: 0.0673760 seconds
67.397: Application time: 0.0780170 seconds
67.439: [GC [PSYoungGen: 12768K->1522K(13824K)] 31561K->21877K(45056K), 0.0010720 secs] [Times: user=0.01 sys=0.00, real=0.00 secs] 
67.440: Total time for which application threads were stopped: 0.0425770 seconds, Stopping threads took: 0.0414230 seconds
67.526: Application time: 0.0862250 seconds
67.592: [GC [PSYoungGen: 13727K->1165K(13824K)] 34082K->21520K(45056K), 0.0007120 secs] [Times: user=0.00 sys=0.00, real=0.00 secs] 
67.593: Total time for which application threads were stopped: 0.0668620 seconds, Stopping threads took: 0.0660570 seconds
67.673: Application time: 0.0794790 seconds
67.738: [GC [PSYoungGen: 13390K->1344K(13824K)] 33745K->21910K(45056K), 0.0007840 secs] [Times: user=0.01 sys=0.00, real=0.00 secs] 
67.739: Total time for which application threads were stopped: 0.0660350 seconds, Stopping threads took: 0.0651610 seconds
67.821: Application time: 0.0820270 seconds
67.884: [GC [PSYoungGen: 13471K->774K(13824K)] 34037K->21348K(45056K), 0.0004820 secs] [Times: user=0.00 sys=0.00, real=0.00 secs] 
67.885: Total time for which application threads were stopped: 0.0641540 seconds, Stopping threads took: 0.0635980 seconds
67.964: Application time: 0.0788880 seconds
68.004: [GC [PSYoungGen: 12686K->726K(13824K)] 33261K->21308K(45056K), 0.0005620 secs] [Times: user=0.01 sys=0.00, real=0.00 secs] 
68.005: Total time for which application threads were stopped: 0.0413650 seconds, Stopping threads took: 0.0407310 seconds
68.085: Application time: 0.0800330 seconds
68.127: [GC [PSYoungGen: 12717K->726K(13824K)] 33299K->21316K(45056K), 0.0005390 secs] [Times: user=0.01 sys=0.00, real=0.00 secs] 
68.128: Total time for which application threads were stopped: 0.0424350 seconds, Stopping threads took: 0.0418300 seconds
68.209: Application time: 0.0810040 seconds
68.248: [GC [PSYoungGen: 12951K->1165K(13824K)] 33541K->21763K(45056K), 0.0005970 secs] [Times: user=0.00 sys=0.00, real=0.01 secs] 
68.249: Total time for which application threads were stopped: 0.0400050 seconds, Stopping threads took: 0.0393450 seconds
68.329: Application time: 0.0800540 seconds
68.367: [GC [PSYoungGen: 13370K->1424K(13824K)] 33968K->23202K(45056K), 0.0009410 secs] [Times: user=0.01 sys=0.00, real=0.00 secs] 
68.368: Total time for which application threads were stopped: 0.0395590 seconds, Stopping threads took: 0.0385540 seconds
68.463: Application time: 0.0948960 seconds
68.537: [GC [PSYoungGen: 13649K->790K(13824K)] 35427K->22576K(45056K), 0.0005570 secs] [Times: user=0.00 sys=0.00, real=0.00 secs] 
68.537: Total time for which application threads were stopped: 0.0743620 seconds, Stopping threads took: 0.0737090 seconds
68.617: Application time: 0.0794060 seconds
68.656: [GC [PSYoungGen: 12996K->1376K(13824K)] 34782K->23944K(45056K), 0.0011130 secs] [Times: user=0.01 sys=0.00, real=0.01 secs] 
68.657: Total time for which application threads were stopped: 0.0400360 seconds, Stopping threads took: 0.0388320 seconds
68.739: Application time: 0.0824220 seconds
68.811: [GC [PSYoungGen: 13635K->336K(13824K)] 36202K->22903K(45056K), 0.0006080 secs] [Times: user=0.00 sys=0.00, real=0.00 secs] 
68.812: Total time for which application threads were stopped: 0.0726940 seconds, Stopping threads took: 0.0720020 seconds
68.892: Application time: 0.0804160 seconds
68.934: [GC [PSYoungGen: 12487K->1490K(13824K)] 35055K->24253K(45056K), 0.0008220 secs] [Times: user=0.00 sys=0.00, real=0.00 secs] 
68.935: Total time for which application threads were stopped: 0.0425350 seconds, Stopping threads took: 0.0416230 seconds
69.017: Application time: 0.0820420 seconds
69.082: [GC [PSYoungGen: 13519K->774K(13824K)] 36282K->23537K(45056K), 0.0005350 secs] [Times: user=0.00 sys=0.00, real=0.00 secs] 
69.083: Total time for which application threads were stopped: 0.0658000 seconds, Stopping threads took: 0.0651910 seconds
69.161: Application time: 0.0779790 seconds
69.203: [GC [PSYoungGen: 12979K->1376K(13824K)] 35742K->24928K(45056K), 0.0009180 secs] [Times: user=0.00 sys=0.00, real=0.00 secs] 
69.204: Total time for which application threads were stopped: 0.0433770 seconds, Stopping threads took: 0.0423860 seconds
69.286: Application time: 0.0815880 seconds
69.350: [GC [PSYoungGen: 13581K->1376K(13824K)] 37133K->24936K(45056K), 0.0007120 secs] [Times: user=0.00 sys=0.00, real=0.00 secs] 
69.351: Total time for which application threads were stopped: 0.0653310 seconds, Stopping threads took: 0.0645560 seconds
69.453: Application time: 0.1015680 seconds
69.521: [GC [PSYoungGen: 13503K->579K(13824K)] 37063K->24147K(45056K), 0.0004490 secs] [Times: user=0.00 sys=0.00, real=0.00 secs] 
69.521: Total time for which application threads were stopped: 0.0686200 seconds, Stopping threads took: 0.0681070 seconds
69.602: Application time: 0.0808830 seconds
69.653: [GC [PSYoungGen: 12608K->758K(13824K)] 36176K->24334K(45056K), 0.0006470 secs] [Times: user=0.00 sys=0.00, real=0.00 secs] 
69.654: Total time for which application threads were stopped: 0.0513980 seconds, Stopping threads took: 0.0506480 seconds
69.733: Application time: 0.0794170 seconds
69.771: [GC [PSYoungGen: 12944K->1524K(13824K)] 36520K->26694K(45056K), 0.0011650 secs] [Times: user=0.01 sys=0.00, real=0.00 secs] 
69.772: Total time for which application threads were stopped: 0.0388880 seconds, Stopping threads took: 0.0376320 seconds
69.856: Application time: 0.0837510 seconds
69.925: [GC [PSYoungGen: 13748K->1328K(13824K)] 38919K->26499K(45056K), 0.0007390 secs] [Times: user=0.01 sys=0.00, real=0.00 secs] 
69.926: Total time for which application threads were stopped: 0.0699260 seconds, Stopping threads took: 0.0690980 seconds
70.008: Application time: 0.0826830 seconds
70.074: [GC [PSYoungGen: 13455K->531K(13824K)] 38626K->25710K(45056K), 0.0004820 secs] [Times: user=0.01 sys=0.00, real=0.00 secs] 
70.076: Total time for which application threads were stopped: 0.0672700 seconds, Stopping threads took: 0.0656490 seconds
70.156: Application time: 0.0806760 seconds
70.197: [GC [PSYoungGen: 12639K->758K(13824K)] 37817K->25945K(45056K), 0.0005160 secs] [Times: user=0.00 sys=0.00, real=0.00 secs] 
70.197: Total time for which application threads were stopped: 0.0409930 seconds, Stopping threads took: 0.0403810 seconds
70.292: Application time: 0.0943210 seconds
70.353: [GC [PSYoungGen: 12749K->774K(13824K)] 37936K->25961K(45056K), 0.0005950 secs] [Times: user=0.00 sys=0.00, real=0.00 secs] 
70.353: Total time for which application threads were stopped: 0.0618040 seconds, Stopping threads took: 0.0611220 seconds
70.431: Application time: 0.0781310 seconds
70.475: [GC [PSYoungGen: 12687K->726K(13824K)] 37873K->25921K(45056K), 0.0005800 secs] [Times: user=0.00 sys=0.00, real=0.00 secs] 
70.476: Total time for which application threads were stopped: 0.0441200 seconds, Stopping threads took: 0.0434530 seconds
70.555: Application time: 0.0794430 seconds
70.593: [GC [PSYoungGen: 12931K->1376K(13824K)] 38126K->27352K(45056K), 0.0008870 secs] [Times: user=0.00 sys=0.00, real=0.00 secs] 
70.594: Total time for which application threads were stopped: 0.0391720 seconds, Stopping threads took: 0.0382210 seconds
70.694: Application time: 0.0993630 seconds
70.765: [GC [PSYoungGen: 13601K->304K(13824K)] 39577K->26287K(45056K), 0.0004990 secs] [Times: user=0.01 sys=0.00, real=0.00 secs] 
70.766: Total time for which application threads were stopped: 0.0721580 seconds, Stopping threads took: 0.0715650 seconds
70.844: Application time: 0.0784760 seconds
70.886: [GC [PSYoungGen: 12314K->1360K(13824K)] 38298K->27539K(45056K), 0.0007710 secs] [Times: user=0.00 sys=0.00, real=0.00 secs] 
70.887: Total time for which application threads were stopped: 0.0430140 seconds, Stopping threads took: 0.0421740 seconds
70.969: Application time: 0.0818570 seconds
71.034: [GC [PSYoungGen: 13487K->806K(13824K)] 39667K->26993K(45056K), 0.0007480 secs] [Times: user=0.00 sys=0.00, real=0.00 secs] 
71.035: Total time for which application threads were stopped: 0.0660320 seconds, Stopping threads took: 0.0652000 seconds
71.114: Application time: 0.0787140 seconds
71.154: [GC [PSYoungGen: 13031K->1181K(13824K)] 39218K->27368K(45056K), 0.0008330 secs] [Times: user=0.00 sys=0.00, real=0.00 secs] 
71.155: Total time for which application threads were stopped: 0.0409510 seconds, Stopping threads took: 0.0400270 seconds
71.235: Application time: 0.0799210 seconds
71.284: [GC [PSYoungGen: 13386K->1426K(13824K)] 39574K->27621K(45056K), 0.0010150 secs] [Times: user=0.00 sys=0.00, real=0.00 secs] 
71.285: Total time for which application threads were stopped: 0.0501820 seconds, Stopping threads took: 0.0490820 seconds
71.371: Application time: 0.0858690 seconds
71.428: [GC [PSYoungGen: 13631K->1376K(13824K)] 39826K->27970K(45056K), 0.0008030 secs] [Times: user=0.00 sys=0.00, real=0.00 secs] 
71.428: Total time for which application threads were stopped: 0.0575710 seconds, Stopping threads took: 0.0566960 seconds
71.510: Application time: 0.0817430 seconds
71.575: [GC [PSYoungGen: 13308K->774K(13824K)] 39902K->27368K(45056K), 0.0007110 secs] [Times: user=0.00 sys=0.00, real=0.00 secs] 
71.576: Total time for which application threads were stopped: 0.0659030 seconds, Stopping threads took: 0.0651190 seconds
71.656: Application time: 0.0804080 seconds
71.698: [GC [PSYoungGen: 12882K->938K(13824K)] 39476K->27531K(45056K), 0.0005800 secs] [Times: user=0.00 sys=0.00, real=0.00 secs] 
71.699: Total time for which application threads were stopped: 0.0425650 seconds, Stopping threads took: 0.0418950 seconds
71.777: Application time: 0.0779490 seconds
71.821: [GC [PSYoungGen: 13143K->1360K(13824K)] 39737K->28955K(45056K), 0.0009800 secs] [Times: user=0.00 sys=0.00, real=0.00 secs] 
71.822: Total time for which application threads were stopped: 0.0449150 seconds, Stopping threads took: 0.0438540 seconds
71.905: Application time: 0.0830210 seconds
71.970: [GC [PSYoungGen: 13616K->1408K(13824K)] 41210K->29198K(45056K), 0.0008020 secs] [Times: user=0.00 sys=0.00, real=0.00 secs] 
71.971: Total time for which application threads were stopped: 0.0659240 seconds, Stopping threads took: 0.0650320 seconds
72.052: Application time: 0.0807930 seconds
72.112: [GC [PSYoungGen: 13563K->758K(13824K)] 41353K->28548K(45056K), 0.0007050 secs] [Times: user=0.00 sys=0.00, real=0.00 secs] 
72.112: Total time for which application threads were stopped: 0.0606590 seconds, Stopping threads took: 0.0598640 seconds
72.192: Application time: 0.0795550 seconds
72.246: [GC [PSYoungGen: 12885K->1492K(13824K)] 40675K->29875K(45056K), 0.0011360 secs] [Times: user=0.01 sys=0.00, real=0.00 secs] 
72.247: Total time for which application threads were stopped: 0.0556030 seconds, Stopping threads took: 0.0543760 seconds
72.331: Application time: 0.0837800 seconds
72.398: [GC [PSYoungGen: 13775K->1344K(13824K)] 42159K->29736K(45056K), 0.0008970 secs] [Times: user=0.00 sys=0.00, real=0.00 secs] 
72.399: Total time for which application threads were stopped: 0.0674050 seconds, Stopping threads took: 0.0664140 seconds
72.495: Application time: 0.0962760 seconds
72.563: [GC [PSYoungGen: 13471K->579K(13824K)] 41863K->28979K(45056K), 0.0005000 secs] [Times: user=0.00 sys=0.00, real=0.00 secs] 
72.563: Total time for which application threads were stopped: 0.0682470 seconds, Stopping threads took: 0.0676760 seconds
72.642: Application time: 0.0786980 seconds
72.684: [GC [PSYoungGen: 12608K->694K(13824K)] 41008K->29102K(45056K), 0.0006980 secs] [Times: user=0.00 sys=0.00, real=0.00 secs] 
72.684: Total time for which application threads were stopped: 0.0425630 seconds, Stopping threads took: 0.0417770 seconds
72.764: Application time: 0.0793250 seconds
72.802: [GC [PSYoungGen: 12899K->1525K(13824K)] 41307K->31636K(45056K), 0.0013530 secs] [Times: user=0.00 sys=0.00, real=0.00 secs] 
72.803: [Full GC [PSYoungGen: 1525K->0K(13824K)] [ParOldGen: 30110K->4607K(31232K)] 31636K->4607K(45056K) [PSPermGen: 5111K->5111K(21504K)], 0.0048210 secs] [Times: user=0.02 sys=0.00, real=0.00 secs] 
72.808: Total time for which application threads were stopped: 0.0442000 seconds, Stopping threads took: 0.0378920 seconds
72.891: Application time: 0.0833450 seconds
72.959: [GC [PSYoungGen: 12126K->1200K(13824K)] 16734K->5808K(45056K), 0.0006850 secs] [Times: user=0.00 sys=0.00, real=0.00 secs] 
72.960: Total time for which application threads were stopped: 0.0683650 seconds, Stopping threads took: 0.0675830 seconds
73.039: Application time: 0.0796900 seconds
73.094: [GC [PSYoungGen: 13308K->1395K(13824K)] 17915K->6003K(45056K), 0.0006760 secs] [Times: user=0.00 sys=0.00, real=0.00 secs] 
73.095: Total time for which application threads were stopped: 0.0551440 seconds, Stopping threads took: 0.0543900 seconds
73.176: Application time: 0.0810330 seconds
73.243: [GC [PSYoungGen: 13601K->646K(13824K)] 18208K->5254K(45056K), 0.0005020 secs] [Times: user=0.00 sys=0.00, real=0.00 secs] 
73.244: Total time for which application threads were stopped: 0.0681190 seconds, Stopping threads took: 0.0675310 seconds
73.324: Application time: 0.0799240 seconds
73.365: [GC [PSYoungGen: 12851K->1427K(13824K)] 17459K->6621K(45056K), 0.0009190 secs] [Times: user=0.01 sys=0.00, real=0.00 secs] 
73.366: Total time for which application threads were stopped: 0.0425720 seconds, Stopping threads took: 0.0415830 seconds
73.448: Application time: 0.0820610 seconds
73.516: [GC [PSYoungGen: 13632K->1232K(13824K)] 18826K->6426K(45056K), 0.0007260 secs] [Times: user=0.00 sys=0.00, real=0.01 secs] 
73.517: Total time for which application threads were stopped: 0.0683030 seconds, Stopping threads took: 0.0674810 seconds
73.597: Application time: 0.0807550 seconds
73.650: [GC [PSYoungGen: 13340K->1444K(13824K)] 18533K->6637K(45056K), 0.0008950 secs] [Times: user=0.01 sys=0.00, real=0.00 secs] 
73.651: Total time for which application threads were stopped: 0.0533950 seconds, Stopping threads took: 0.0524330 seconds
73.733: Application time: 0.0822910 seconds
73.789: [GC [PSYoungGen: 13649K->678K(13824K)] 18842K->5872K(45056K), 0.0005260 secs] [Times: user=0.00 sys=0.00, real=0.00 secs] 
73.789: Total time for which application threads were stopped: 0.0563740 seconds, Stopping threads took: 0.0557630 seconds
73.869: Application time: 0.0792770 seconds
73.907: [GC [PSYoungGen: 12805K->1328K(13824K)] 17999K->7303K(45056K), 0.0008550 secs] [Times: user=0.01 sys=0.00, real=0.00 secs] 
73.908: Total time for which application threads were stopped: 0.0390570 seconds, Stopping threads took: 0.0381290 seconds
74.010: Application time: 0.1024240 seconds
74.071: [GC [PSYoungGen: 13533K->1328K(13824K)] 19508K->7303K(45056K), 0.0006410 secs] [Times: user=0.00 sys=0.00, real=0.00 secs] 
74.072: Total time for which application threads were stopped: 0.0613760 seconds, Stopping threads took: 0.0606570 seconds
74.177: Application time: 0.1057750 seconds
74.235: [GC [PSYoungGen: 13534K->515K(13824K)] 19508K->6490K(45056K), 0.0006310 secs] [Times: user=0.00 sys=0.00, real=0.00 secs] 
74.236: Total time for which application threads were stopped: 0.0582630 seconds, Stopping threads took: 0.0575560 seconds
74.315: Application time: 0.0798020 seconds
74.354: [GC [PSYoungGen: 12642K->1376K(13824K)] 18617K->7937K(45056K), 0.0008660 secs] [Times: user=0.00 sys=0.00, real=0.00 secs] 
74.355: Total time for which application threads were stopped: 0.0400060 seconds, Stopping threads took: 0.0390470 seconds
74.440: Application time: 0.0846560 seconds
74.503: [GC [PSYoungGen: 13503K->1149K(13824K)] 20064K->7710K(45056K), 0.0007920 secs] [Times: user=0.01 sys=0.00, real=0.00 secs] 
74.504: Total time for which application threads were stopped: 0.0641900 seconds, Stopping threads took: 0.0633080 seconds
74.584: Application time: 0.0794870 seconds
74.624: [GC [PSYoungGen: 13256K->1474K(13824K)] 19817K->9011K(45056K), 0.0010410 secs] [Times: user=0.00 sys=0.00, real=0.00 secs] 
74.625: Total time for which application threads were stopped: 0.0411120 seconds, Stopping threads took: 0.0399710 seconds
74.721: Application time: 0.0957540 seconds
74.791: [GC [PSYoungGen: 13601K->563K(13824K)] 21138K->8100K(45056K), 0.0005230 secs] [Times: user=0.00 sys=0.00, real=0.00 secs] 
74.792: Total time for which application threads were stopped: 0.0712210 seconds, Stopping threads took: 0.0706160 seconds
74.870: Application time: 0.0786400 seconds
74.925: [GC [PSYoungGen: 12671K->694K(13824K)] 20208K->8232K(45056K), 0.0006480 secs] [Times: user=0.00 sys=0.00, real=0.00 secs] 
74.925: Total time for which application threads were stopped: 0.0547710 seconds, Stopping threads took: 0.0540370 seconds
75.005: Application time: 0.0797520 seconds
75.042: [GC [PSYoungGen: 12802K->1523K(13824K)] 20339K->10675K(45056K), 0.0013500 secs] [Times: user=0.01 sys=0.00, real=0.00 secs] 
75.044: Total time for which application threads were stopped: 0.0388400 seconds, Stopping threads took: 0.0373980 seconds
75.132: Application time: 0.0877660 seconds
75.205: [GC [PSYoungGen: 13748K->1312K(13824K)] 22900K->10472K(45056K), 0.0008060 secs] [Times: user=0.00 sys=0.00, real=0.00 secs] 
75.206: Total time for which application threads were stopped: 0.0742820 seconds, Stopping threads took: 0.0733910 seconds
75.308: Application time: 0.1020600 seconds
75.375: [GC [PSYoungGen: 13596K->499K(13824K)] 22756K->9667K(45056K), 0.0007920 secs] [Times: user=0.00 sys=0.00, real=0.00 secs] 
75.376: Total time for which application threads were stopped: 0.0677130 seconds, Stopping threads took: 0.0668250 seconds
75.455: Application time: 0.0791690 seconds
75.493: [GC [PSYoungGen: 12607K->1523K(13824K)] 21775K->12083K(45056K), 0.0012790 secs] [Times: user=0.00 sys=0.00, real=0.00 secs] 
75.494: Total time for which application threads were stopped: 0.0394560 seconds, Stopping threads took: 0.0380960 seconds
75.591: Application time: 0.0963910 seconds
75.660: [GC [PSYoungGen: 13436K->742K(13824K)] 23995K->11318K(45056K), 0.0005600 secs] [Times: user=0.00 sys=0.00, real=0.00 secs] 
75.661: Total time for which application threads were stopped: 0.0699830 seconds, Stopping threads took: 0.0693360 seconds
75.751: Application time: 0.0906020 seconds
75.809: [GC [PSYoungGen: 12655K->790K(13824K)] 23230K->11381K(45056K), 0.0007600 secs] [Times: user=0.00 sys=0.00, real=0.00 secs] 
75.810: Total time for which application threads were stopped: 0.0582670 seconds, Stopping threads took: 0.0574080 seconds
75.889: Application time: 0.0798340 seconds
75.942: [GC [PSYoungGen: 13015K->1117K(13824K)] 23606K->11724K(45056K), 0.0006400 secs] [Times: user=0.00 sys=0.00, real=0.00 secs] 
75.943: Total time for which application threads were stopped: 0.0535890 seconds, Stopping threads took: 0.0528610 seconds
76.025: Application time: 0.0818280 seconds
76.090: [GC [PSYoungGen: 13244K->304K(13824K)] 23851K->10911K(45056K), 0.0004290 secs] [Times: user=0.01 sys=0.00, real=0.00 secs] 
76.091: Total time for which application threads were stopped: 0.0658610 seconds, Stopping threads took: 0.0653480 seconds
76.169: Application time: 0.0787400 seconds
76.210: [GC [PSYoungGen: 12235K->1360K(13824K)] 22843K->12179K(45056K), 0.0008550 secs] [Times: user=0.00 sys=0.00, real=0.00 secs] 
76.211: Total time for which application threads were stopped: 0.0417250 seconds, Stopping threads took: 0.0408040 seconds
76.292: Application time: 0.0809270 seconds
76.345: [GC [PSYoungGen: 13487K->1458K(13824K)] 24306K->12683K(45056K), 0.0010360 secs] [Times: user=0.00 sys=0.00, real=0.00 secs] 
76.346: Total time for which application threads were stopped: 0.0537790 seconds, Stopping threads took: 0.0526590 seconds
76.428: Application time: 0.0820470 seconds
76.495: [GC [PSYoungGen: 13370K->742K(13824K)] 24595K->11967K(45056K), 0.0007870 secs] [Times: user=0.00 sys=0.00, real=0.00 secs] 
76.496: Total time for which application threads were stopped: 0.0683420 seconds, Stopping threads took: 0.0674650 seconds
76.593: Application time: 0.0962720 seconds
76.658: [GC [PSYoungGen: 12733K->790K(13824K)] 23958K->12015K(45056K), 0.0007780 secs] [Times: user=0.00 sys=0.00, real=0.00 secs] 
76.659: Total time for which application threads were stopped: 0.0664180 seconds, Stopping threads took: 0.0655510 seconds
76.740: Application time: 0.0811120 seconds
76.781: [GC [PSYoungGen: 12703K->710K(13824K)] 23928K->11943K(45056K), 0.0007800 secs] [Times: user=0.00 sys=0.00, real=0.00 secs] 
76.781: Total time for which application threads were stopped: 0.0413490 seconds, Stopping threads took: 0.0404810 seconds
76.874: Application time: 0.0927370 seconds
76.922: [GC [PSYoungGen: 12622K->790K(13824K)] 23856K->12023K(45056K), 0.0006660 secs] [Times: user=0.01 sys=0.00, real=0.00 secs] 
76.922: Total time for which application threads were stopped: 0.0481220 seconds, Stopping threads took: 0.0473570 seconds
77.001: Application time: 0.0791000 seconds
77.040: [GC [PSYoungGen: 12996K->1506K(13824K)] 24229K->14505K(45056K), 0.0012420 secs] [Times: user=0.00 sys=0.00, real=0.00 secs] 
77.041: Total time for which application threads were stopped: 0.0395080 seconds, Stopping threads took: 0.0381720 seconds
77.121: Application time: 0.0801760 seconds
77.189: [GC [PSYoungGen: 13633K->1474K(13824K)] 26632K->15466K(45056K), 0.0011220 secs] [Times: user=0.01 sys=0.00, real=0.00 secs] 
77.190: Total time for which application threads were stopped: 0.0689470 seconds, Stopping threads took: 0.0677340 seconds
77.287: Application time: 0.0971890 seconds
77.357: [GC [PSYoungGen: 13679K->563K(13824K)] 27671K->14555K(45056K), 0.0006460 secs] [Times: user=0.00 sys=0.00, real=0.00 secs] 
77.358: Total time for which application threads were stopped: 0.0706270 seconds, Stopping threads took: 0.0698900 seconds
77.438: Application time: 0.0803910 seconds
77.480: [GC [PSYoungGen: 12671K->790K(13824K)] 26662K->14790K(45056K), 0.0006990 secs] [Times: user=0.00 sys=0.00, real=0.00 secs] 
77.481: Total time for which application threads were stopped: 0.0425020 seconds, Stopping threads took: 0.0417050 seconds
77.561: Application time: 0.0803750 seconds
77.600: [GC [PSYoungGen: 13015K->1149K(13824K)] 27015K->15157K(45056K), 0.0008140 secs] [Times: user=0.00 sys=0.00, real=0.00 secs] 
77.601: Total time for which application threads were stopped: 0.0402140 seconds, Stopping threads took: 0.0393330 seconds
77.682: Application time: 0.0809910 seconds
77.747: [GC [PSYoungGen: 13276K->320K(13824K)] 27284K->14335K(45056K), 0.0005130 secs] [Times: user=0.00 sys=0.00, real=0.00 secs] 
77.747: Total time for which application threads were stopped: 0.0651490 seconds, Stopping threads took: 0.0645690 seconds
77.827: Application time: 0.0794740 seconds
77.882: [GC [PSYoungGen: 12544K->758K(13824K)] 26560K->14782K(45056K), 0.0006480 secs] [Times: user=0.00 sys=0.00, real=0.00 secs] 
77.882: Total time for which application threads were stopped: 0.0554220 seconds, Stopping threads took: 0.0547050 seconds
77.962: Application time: 0.0796730 seconds
78.011: [GC [PSYoungGen: 12983K->1474K(13824K)] 27007K->16279K(45056K), 0.0010290 secs] [Times: user=0.00 sys=0.01, real=0.00 secs] 
78.012: Total time for which application threads were stopped: 0.0500050 seconds, Stopping threads took: 0.0488710 seconds
78.111: Application time: 0.0992040 seconds
78.183: [GC [PSYoungGen: 13738K->1376K(13824K)] 28543K->16181K(45056K), 0.0006160 secs] [Times: user=0.00 sys=0.00, real=0.00 secs] 
78.183: Total time for which application threads were stopped: 0.0721660 seconds, Stopping threads took: 0.0714780 seconds
78.267: Application time: 0.0833910 seconds
78.325: [GC [PSYoungGen: 13581K->547K(13824K)] 28387K->15352K(45056K), 0.0004800 secs] [Times: user=0.00 sys=0.00, real=0.00 secs] 
78.326: Total time for which application threads were stopped: 0.0591020 seconds, Stopping threads took: 0.0585550 seconds
78.404: Application time: 0.0779770 seconds
78.443: [GC [PSYoungGen: 12674K->1490K(13824K)] 27479K->17858K(45056K), 0.0011320 secs] [Times: user=0.01 sys=0.01, real=0.00 secs] 
78.444: Total time for which application threads were stopped: 0.0405580 seconds, Stopping threads took: 0.0393330 seconds
78.538: Application time: 0.0936020 seconds
78.611: [GC [PSYoungGen: 13617K->1133K(13824K)] 29985K->17508K(45056K), 0.0005960 secs] [Times: user=0.01 sys=0.00, real=0.00 secs] 
78.612: Total time for which application threads were stopped: 0.0741430 seconds, Stopping threads took: 0.0725070 seconds
78.716: Application time: 0.1033340 seconds
78.778: [GC [PSYoungGen: 13416K->320K(13824K)] 29792K->16703K(45056K), 0.0004840 secs] [Times: user=0.00 sys=0.00, real=0.00 secs] 
78.778: Total time for which application threads were stopped: 0.0624660 seconds, Stopping threads took: 0.0619170 seconds
78.858: Application time: 0.0801160 seconds
78.919: [GC [PSYoungGen: 12427K->579K(13824K)] 28811K->16971K(45056K), 0.0004940 secs] [Times: user=0.00 sys=0.00, real=0.00 secs] 
78.919: Total time for which application threads were stopped: 0.0609090 seconds, Stopping threads took: 0.0603450 seconds
78.999: Application time: 0.0800140 seconds
79.041: [GC [PSYoungGen: 12608K->758K(13824K)] 29000K->17158K(45056K), 0.0005250 secs] [Times: user=0.00 sys=0.00, real=0.00 secs] 
79.041: Total time for which application threads were stopped: 0.0421340 seconds, Stopping threads took: 0.0415450 seconds
79.120: Application time: 0.0787180 seconds
79.161: [GC [PSYoungGen: 12964K->1392K(13824K)] 29363K->18581K(45056K), 0.0009890 secs] [Times: user=0.01 sys=0.00, real=0.00 secs] 
79.162: Total time for which application threads were stopped: 0.0420950 seconds, Stopping threads took: 0.0410060 seconds
79.248: Application time: 0.0855310 seconds
79.321: [GC [PSYoungGen: 13617K->320K(13824K)] 30806K->17508K(45056K), 0.0006550 secs] [Times: user=0.00 sys=0.00, real=0.00 secs] 
79.322: Total time for which application threads were stopped: 0.0742630 seconds, Stopping threads took: 0.0735370 seconds
79.403: Application time: 0.0816570 seconds
79.441: [GC [PSYoungGen: 12544K->774K(13824K)] 29733K->17971K(45056K), 0.0005090 secs] [Times: user=0.00 sys=0.00, real=0.00 secs] 
79.441: Total time for which application threads were stopped: 0.0379960 seconds, Stopping threads took: 0.0374070 seconds
79.521: Application time: 0.0795900 seconds
79.559: [GC [PSYoungGen: 12999K->1197K(13824K)] 30196K->18402K(45056K), 0.0006510 secs] [Times: user=0.00 sys=0.00, real=0.00 secs] 
79.560: Total time for which application threads were stopped: 0.0385310 seconds, Stopping threads took: 0.0378190 seconds
79.639: Application time: 0.0792340 seconds
79.707: [GC [PSYoungGen: 13452K->400K(13824K)] 30657K->17604K(45056K), 0.0004880 secs] [Times: user=0.00 sys=0.00, real=0.00 secs] 
79.707: Total time for which application threads were stopped: 0.0683160 seconds, Stopping threads took: 0.0677490 seconds
79.804: Application time: 0.0966890 seconds
79.869: [GC [PSYoungGen: 12614K->595K(13824K)] 29819K->17800K(45056K), 0.0004760 secs] [Times: user=0.00 sys=0.00, real=0.00 secs] 
79.870: Total time for which application threads were stopped: 0.0656840 seconds, Stopping threads took: 0.0651420 seconds
79.953: Application time: 0.0837270 seconds
79.991: [GC [PSYoungGen: 12722K->1458K(13824K)] 29927K->20225K(45056K), 0.0011360 secs] [Times: user=0.01 sys=0.00, real=0.00 secs] 
79.992: Total time for which application threads were stopped: 0.0386350 seconds, Stopping threads took: 0.0374140 seconds
80.092: Application time: 0.1003870 seconds
80.161: [GC [PSYoungGen: 13741K->1133K(13824K)] 32509K->19900K(45056K), 0.0008540 secs] [Times: user=0.01 sys=0.00, real=0.00 secs] 
80.162: Total time for which application threads were stopped: 0.0697840 seconds, Stopping threads took: 0.0688520 seconds
80.244: Application time: 0.0819040 seconds
80.313: [GC [PSYoungGen: 13260K->304K(13824K)] 32027K->19079K(45056K), 0.0004280 secs] [Times: user=0.00 sys=0.00, real=0.00 secs] 
80.313: Total time for which application threads were stopped: 0.0690250 seconds, Stopping threads took: 0.0685300 seconds
80.392: Application time: 0.0789260 seconds
80.433: [GC [PSYoungGen: 12509K->1360K(13824K)] 31284K->20534K(45056K), 0.0007400 secs] [Times: user=0.00 sys=0.00, real=0.00 secs] 
80.433: Total time for which application threads were stopped: 0.0413520 seconds, Stopping threads took: 0.0405460 seconds
80.514: Application time: 0.0804380 seconds
80.579: [GC [PSYoungGen: 13292K->758K(13824K)] 32466K->19932K(45056K), 0.0005410 secs] [Times: user=0.00 sys=0.00, real=0.00 secs] 
80.579: Total time for which application threads were stopped: 0.0657110 seconds, Stopping threads took: 0.0651020 seconds
80.659: Application time: 0.0791210 seconds
80.699: [GC [PSYoungGen: 12866K->954K(13824K)] 32040K->20128K(45056K), 0.0006690 secs] [Times: user=0.00 sys=0.00, real=0.00 secs] 
80.699: Total time for which application threads were stopped: 0.0407090 seconds, Stopping threads took: 0.0399490 seconds
80.792: Application time: 0.0926260 seconds
80.861: [GC [PSYoungGen: 13178K->1360K(13824K)] 32352K->20542K(45056K), 0.0007230 secs] [Times: user=0.00 sys=0.00, real=0.00 secs] 
80.862: Total time for which application threads were stopped: 0.0698620 seconds, Stopping threads took: 0.0690680 seconds
80.961: Application time: 0.0995880 seconds
81.033: [GC [PSYoungGen: 13487K->563K(13824K)] 32669K->19753K(45056K), 0.0006810 secs] [Times: user=0.00 sys=0.00, real=0.00 secs] 
81.034: Total time for which application threads were stopped: 0.0721490 seconds, Stopping threads took: 0.0713990 seconds
81.113: Application time: 0.0799310 seconds
81.152: [GC [PSYoungGen: 12749K->806K(13824K)] 31939K->19996K(45056K), 0.0004880 secs] [Times: user=0.01 sys=0.00, real=0.00 secs] 
81.153: Total time for which application threads were stopped: 0.0392580 seconds, Stopping threads took: 0.0386910 seconds
81.232: Application time: 0.0791630 seconds
81.283: [GC [PSYoungGen: 13031K->1149K(13824K)] 32221K->20347K(45056K), 0.0006360 secs] [Times: user=0.01 sys=0.00, real=0.00 secs] 
81.283: Total time for which application threads were stopped: 0.0513080 seconds, Stopping threads took: 0.0506030 seconds
81.362: Application time: 0.0787670 seconds
81.412: [GC [PSYoungGen: 13354K->1524K(13824K)] 32552K->21706K(45056K), 0.0009500 secs] [Times: user=0.00 sys=0.00, real=0.00 secs] 
81.413: Total time for which application threads were stopped: 0.0514730 seconds, Stopping threads took: 0.0504180 seconds
81.494: Application time: 0.0805470 seconds
81.555: [GC [PSYoungGen: 13533K->1458K(13824K)] 33716K->22813K(45056K), 0.0009790 secs] [Times: user=0.00 sys=0.00, real=0.00 secs] 
81.556: Total time for which application threads were stopped: 0.0618370 seconds, Stopping threads took: 0.0607840 seconds
81.648: Application time: 0.0918580 seconds
81.717: [GC [PSYoungGen: 13585K->710K(13824K)] 34940K->22065K(45056K), 0.0005430 secs] [Times: user=0.00 sys=0.00, real=0.00 secs] 
81.718: Total time for which application threads were stopped: 0.0699580 seconds, Stopping threads took: 0.0693510 seconds
81.797: Application time: 0.0796050 seconds
81.838: [GC [PSYoungGen: 12935K->1474K(13824K)] 34290K->23618K(45056K), 0.0009180 secs] [Times: user=0.00 sys=0.00, real=0.00 secs] 
81.839: Total time for which application threads were stopped: 0.0415210 seconds, Stopping threads took: 0.0405370 seconds
81.923: Application time: 0.0837880 seconds
81.992: [GC [PSYoungGen: 13757K->336K(13824K)] 35901K->22488K(45056K), 0.0005250 secs] [Times: user=0.00 sys=0.00, real=0.00 secs] 
81.993: Total time for which application threads were stopped: 0.0704460 seconds, Stopping threads took: 0.0698540 seconds
82.090: Application time: 0.0967530 seconds
82.143: [GC [PSYoungGen: 12521K->547K(13824K)] 34673K->22699K(45056K), 0.0005350 secs] [Times: user=0.01 sys=0.00, real=0.00 secs] 
82.143: Total time for which application threads were stopped: 0.0532960 seconds, Stopping threads took: 0.0526940 seconds
82.223: Application time: 0.0796550 seconds
82.267: [GC [PSYoungGen: 12576K->774K(13824K)] 34728K->22934K(45056K), 0.0007240 secs] [Times: user=0.00 sys=0.00, real=0.00 secs] 
82.267: Total time for which application threads were stopped: 0.0445930 seconds, Stopping threads took: 0.0437810 seconds
82.349: Application time: 0.0819800 seconds
82.399: [GC [PSYoungGen: 12999K->1149K(13824K)] 35159K->23309K(45056K), 0.0007560 secs] [Times: user=0.00 sys=0.00, real=0.00 secs] 
82.400: Total time for which application threads were stopped: 0.0505770 seconds, Stopping threads took: 0.0497320 seconds
82.482: Application time: 0.0818590 seconds
82.547: [GC [PSYoungGen: 13276K->352K(13824K)] 35436K->22520K(45056K), 0.0009000 secs] [Times: user=0.01 sys=0.00, real=0.00 secs] 
82.548: Total time for which application threads were stopped: 0.0658680 seconds, Stopping threads took: 0.0648740 seconds
82.627: Application time: 0.0793040 seconds
82.666: [GC [PSYoungGen: 12557K->1490K(13824K)] 34725K->25025K(45056K), 0.0010550 secs] [Times: user=0.01 sys=0.00, real=0.00 secs] 
82.667: Total time for which application threads were stopped: 0.0405420 seconds, Stopping threads took: 0.0394070 seconds
82.749: Application time: 0.0811890 seconds
82.812: [GC [PSYoungGen: 13597K->1165K(13824K)] 37133K->25489K(45056K), 0.0007570 secs] [Times: user=0.00 sys=0.00, real=0.00 secs] 
82.813: Total time for which application threads were stopped: 0.0644290 seconds, Stopping threads took: 0.0636000 seconds
82.893: Application time: 0.0798460 seconds
82.944: [GC [PSYoungGen: 13370K->1458K(13824K)] 37695K->26564K(45056K), 0.0011340 secs] [Times: user=0.01 sys=0.00, real=0.00 secs] 
82.945: Total time for which application threads were stopped: 0.0520310 seconds, Stopping threads took: 0.0508050 seconds
83.029: Application time: 0.0841900 seconds
83.094: [GC [PSYoungGen: 13663K->336K(13824K)] 38769K->25441K(45056K), 0.0005850 secs] [Times: user=0.00 sys=0.00, real=0.00 secs] 
83.094: Total time for which application threads were stopped: 0.0651920 seconds, Stopping threads took: 0.0645280 seconds
83.174: Application time: 0.0793420 seconds
83.214: [GC [PSYoungGen: 12267K->1474K(13824K)] 37373K->27760K(45056K), 0.0010550 secs] [Times: user=0.01 sys=0.00, real=0.00 secs] 
83.215: Total time for which application threads were stopped: 0.0412250 seconds, Stopping threads took: 0.0401000 seconds
83.296: Application time: 0.0815060 seconds
83.360: [GC [PSYoungGen: 13601K->1426K(13824K)] 39887K->28102K(45056K), 0.0008130 secs] [Times: user=0.01 sys=0.00, real=0.00 secs] 
83.361: Total time for which application threads were stopped: 0.0640940 seconds, Stopping threads took: 0.0631880 seconds
83.461: Application time: 0.1009100 seconds
83.522: [GC [PSYoungGen: 13651K->1101K(13824K)] 40327K->27793K(45056K), 0.0006720 secs] [Times: user=0.00 sys=0.00, real=0.00 secs] 
83.522: Total time for which application threads were stopped: 0.0609530 seconds, Stopping threads took: 0.0601930 seconds
83.604: Application time: 0.0812610 seconds
83.670: [GC [PSYoungGen: 13387K->288K(13824K)] 40079K->26988K(45056K), 0.0005510 secs] [Times: user=0.00 sys=0.00, real=0.00 secs] 
83.672: Total time for which application threads were stopped: 0.0680310 seconds, Stopping threads took: 0.0663010 seconds
83.762: Application time: 0.0904060 seconds
83.815: [GC [PSYoungGen: 12374K->1392K(13824K)] 39074K->28288K(45056K), 0.0008250 secs] [Times: user=0.01 sys=0.00, real=0.00 secs] 
83.816: Total time for which application threads were stopped: 0.0539820 seconds, Stopping threads took: 0.0530890 seconds
83.897: Application time: 0.0806180 seconds
83.964: [GC [PSYoungGen: 13519K->726K(13824K)] 40415K->27622K(45056K), 0.0006270 secs] [Times: user=0.00 sys=0.00, real=0.00 secs] 
83.965: Total time for which application threads were stopped: 0.0680150 seconds, Stopping threads took: 0.0673150 seconds
84.045: Application time: 0.0797710 seconds
84.085: [GC [PSYoungGen: 12932K->1524K(13824K)] 39827K->29021K(45056K), 0.0008790 secs] [Times: user=0.01 sys=0.00, real=0.00 secs] 
84.085: Total time for which application threads were stopped: 0.0409340 seconds, Stopping threads took: 0.0399620 seconds
84.187: Application time: 0.1014120 seconds
84.253: [GC [PSYoungGen: 13748K->352K(13824K)] 41246K->27857K(45056K), 0.0004660 secs] [Times: user=0.00 sys=0.00, real=0.00 secs] 
84.254: Total time for which application threads were stopped: 0.0669610 seconds, Stopping threads took: 0.0664110 seconds
84.332: Application time: 0.0784150 seconds
84.372: [GC [PSYoungGen: 12557K->1376K(13824K)] 40063K->29273K(45056K), 0.0007660 secs] [Times: user=0.01 sys=0.00, real=0.00 secs] 
84.373: Total time for which application threads were stopped: 0.0407060 seconds, Stopping threads took: 0.0398710 seconds
84.455: Application time: 0.0825270 seconds
84.524: [GC [PSYoungGen: 13308K->774K(13824K)] 41204K->28671K(45056K), 0.0005240 secs] [Times: user=0.00 sys=0.00, real=0.00 secs] 
84.525: Total time for which application threads were stopped: 0.0693540 seconds, Stopping threads took: 0.0687640 seconds
84.605: Application time: 0.0798950 seconds
84.678: [GC [PSYoungGen: 12999K->1117K(13824K)] 40895K->29013K(45056K), 0.0006730 secs] [Times: user=0.01 sys=0.00, real=0.00 secs] 
84.678: Total time for which application threads were stopped: 0.0734510 seconds, Stopping threads took: 0.0727070 seconds
84.759: Application time: 0.0809930 seconds
84.828: [GC [PSYoungGen: 13400K->336K(13824K)] 41297K->28240K(45056K), 0.0006230 secs] [Times: user=0.00 sys=0.00, real=0.01 secs] 
84.829: Total time for which application threads were stopped: 0.0694360 seconds, Stopping threads took: 0.0687140 seconds
84.907: Application time: 0.0784770 seconds
84.946: [GC [PSYoungGen: 12541K->1490K(13824K)] 40445K->30770K(45056K), 0.0010570 secs] [Times: user=0.01 sys=0.00, real=0.00 secs] 
84.947: Total time for which application threads were stopped: 0.0395430 seconds, Stopping threads took: 0.0383940 seconds
85.028: Application time: 0.0810470 seconds
85.101: [GC [PSYoungGen: 13422K->742K(13824K)] 42701K->30030K(45056K), 0.0006120 secs] [Times: user=0.00 sys=0.00, real=0.00 secs] 
85.101: Total time for which application threads were stopped: 0.0737030 seconds, Stopping threads took: 0.0730000 seconds
85.181: Application time: 0.0795690 seconds
85.222: [GC [PSYoungGen: 12967K->1165K(13824K)] 42255K->30461K(45056K), 0.0007680 secs] [Times: user=0.01 sys=0.00, real=0.00 secs] 
85.223: Total time for which application threads were stopped: 0.0418550 seconds, Stopping threads took: 0.0409970 seconds
85.303: Application time: 0.0805420 seconds
85.368: [GC [PSYoungGen: 13448K->368K(13824K)] 42744K->29663K(45056K), 0.0004510 secs] [Times: user=0.00 sys=0.00, real=0.01 secs] 
85.369: Total time for which application threads were stopped: 0.0651440 seconds, Stopping threads took: 0.0646230 seconds
85.454: Application time: 0.0858870 seconds
85.509: [GC [PSYoungGen: 12475K->595K(13824K)] 41771K->29891K(45056K), 0.0005210 secs] [Times: user=0.01 sys=0.00, real=0.00 secs] 
85.509: Total time for which application threads were stopped: 0.0550400 seconds, Stopping threads took: 0.0544500 seconds
85.598: Application time: 0.0887630 seconds
85.652: [GC [PSYoungGen: 12703K->758K(13824K)] 41998K->30054K(45056K), 0.0005700 secs] [Times: user=0.00 sys=0.00, real=0.00 secs] 
85.653: Total time for which application threads were stopped: 0.0542690 seconds, Stopping threads took: 0.0536120 seconds
85.733: Application time: 0.0802400 seconds
85.786: [GC [PSYoungGen: 12983K->1165K(13824K)] 42279K->30469K(45056K), 0.0008630 secs] [Times: user=0.01 sys=0.00, real=0.00 secs] 
85.787: Total time for which application threads were stopped: 0.0541240 seconds, Stopping threads took: 0.0531850 seconds
85.867: Application time: 0.0798920 seconds
85.932: [GC [PSYoungGen: 13292K->336K(13824K)] 42596K->29647K(45056K), 0.0005710 secs] [Times: user=0.00 sys=0.00, real=0.00 secs] 
85.933: Total time for which application threads were stopped: 0.0658290 seconds, Stopping threads took: 0.0651580 seconds
86.011: Application time: 0.0779180 seconds
86.051: [GC [PSYoungGen: 12443K->1507K(13824K)] 41755K->32007K(45056K), 0.0009910 secs] [Times: user=0.01 sys=0.00, real=0.00 secs] 
86.052: [Full GC [PSYoungGen: 1507K->0K(13824K)] [ParOldGen: 30499K->4124K(31232K)] 32007K->4124K(45056K) [PSPermGen: 5113K->5113K(21504K)], 0.0042250 secs] [Times: user=0.01 sys=0.00, real=0.00 secs] 
86.056: Total time for which application threads were stopped: 0.0457620 seconds, Stopping threads took: 0.0404290 seconds
86.138: Application time: 0.0821210 seconds
86.206: [GC [PSYoungGen: 12224K->777K(13824K)] 16348K->4902K(45056K), 0.0005100 secs] [Times: user=0.00 sys=0.00, real=0.00 secs] 
86.207: Total time for which application threads were stopped: 0.0682830 seconds, Stopping threads took: 0.0676820 seconds
86.290: Application time: 0.0829320 seconds
86.331: [GC [PSYoungGen: 12885K->973K(13824K)] 17009K->5097K(45056K), 0.0006950 secs] [Times: user=0.00 sys=0.00, real=0.00 secs] 
86.331: Total time for which application threads were stopped: 0.0416400 seconds, Stopping threads took: 0.0408540 seconds
86.413: Application time: 0.0817630 seconds
86.479: [GC [PSYoungGen: 13178K->192K(13824K)] 17302K->4316K(45056K), 0.0003620 secs] [Times: user=0.00 sys=0.00, real=0.00 secs] 
86.479: Total time for which application threads were stopped: 0.0661570 seconds, Stopping threads took: 0.0657210 seconds
86.558: Application time: 0.0790290 seconds
86.602: [GC [PSYoungGen: 12299K->419K(13824K)] 16423K->4543K(45056K), 0.0003860 secs] [Times: user=0.00 sys=0.00, real=0.00 secs] 
86.602: Total time for which application threads were stopped: 0.0441700 seconds, Stopping threads took: 0.0437210 seconds
86.681: Application time: 0.0790300 seconds
86.724: [GC [PSYoungGen: 12526K->630K(13824K)] 16650K->4754K(45056K), 0.0004550 secs] [Times: user=0.00 sys=0.00, real=0.00 secs] 
86.725: Total time for which application threads were stopped: 0.0431300 seconds, Stopping threads took: 0.0426130 seconds
86.804: Application time: 0.0792580 seconds
86.841: [GC [PSYoungGen: 12836K->1475K(13824K)] 16960K->6186K(45056K), 0.0007560 secs] [Times: user=0.00 sys=0.00, real=0.00 secs] 
86.842: Total time for which application threads were stopped: 0.0381930 seconds, Stopping threads took: 0.0373730 seconds
86.941: Application time: 0.0991320 seconds
87.012: [GC [PSYoungGen: 13700K->256K(13824K)] 18410K->4966K(45056K), 0.0004230 secs] [Times: user=0.00 sys=0.00, real=0.00 secs] 
87.013: Total time for which application threads were stopped: 0.0715340 seconds, Stopping threads took: 0.0710340 seconds
87.091: Application time: 0.0780990 seconds
87.133: [GC [PSYoungGen: 12441K->547K(13824K)] 17151K->5257K(45056K), 0.0005070 secs] [Times: user=0.00 sys=0.00, real=0.00 secs] 
87.134: Total time for which application threads were stopped: 0.0429000 seconds, Stopping threads took: 0.0423290 seconds
87.214: Application time: 0.0802500 seconds
87.254: [GC [PSYoungGen: 12576K->694K(13824K)] 17286K->5404K(45056K), 0.0006000 secs] [Times: user=0.00 sys=0.00, real=0.00 secs] 
87.254: Total time for which application threads were stopped: 0.0404860 seconds, Stopping threads took: 0.0397980 seconds
87.334: Application time: 0.0797420 seconds
87.375: [GC [PSYoungGen: 12919K->1426K(13824K)] 17629K->6917K(45056K), 0.0008870 secs] [Times: user=0.01 sys=0.00, real=0.00 secs] 
87.376: Total time for which application threads were stopped: 0.0418850 seconds, Stopping threads took: 0.0409240 seconds
87.458: Application time: 0.0823480 seconds
87.528: [GC [PSYoungGen: 13650K->1149K(13824K)] 19142K->7031K(45056K), 0.0006860 secs] [Times: user=0.00 sys=0.01, real=0.01 secs] 
87.529: Total time for which application threads were stopped: 0.0706300 seconds, Stopping threads took: 0.0698650 seconds
87.609: Application time: 0.0798580 seconds
87.680: [GC [PSYoungGen: 13432K->710K(13824K)] 19314K->6592K(45056K), 0.0005130 secs] [Times: user=0.01 sys=0.00, real=0.00 secs] 
87.680: Total time for which application threads were stopped: 0.0712290 seconds, Stopping threads took: 0.0706460 seconds
87.759: Application time: 0.0786940 seconds
87.798: [GC [PSYoungGen: 12935K->1474K(13824K)] 18817K->8137K(45056K), 0.0008990 secs] [Times: user=0.00 sys=0.00, real=0.00 secs] 
87.799: Total time for which application threads were stopped: 0.0402980 seconds, Stopping threads took: 0.0393280 seconds
87.902: Application time: 0.1032220 seconds
87.962: [GC [PSYoungGen: 13679K->352K(13824K)] 20342K->7015K(45056K), 0.0005200 secs] [Times: user=0.01 sys=0.00, real=0.00 secs] 
87.962: Total time for which application threads were stopped: 0.0600720 seconds, Stopping threads took: 0.0594670 seconds
88.049: Application time: 0.0865990 seconds
88.101: [GC [PSYoungGen: 12537K->563K(13824K)] 19201K->7226K(45056K), 0.0004990 secs] [Times: user=0.01 sys=0.00, real=0.00 secs] 
88.101: Total time for which application threads were stopped: 0.0522710 seconds, Stopping threads took: 0.0517000 seconds
88.181: Application time: 0.0796130 seconds
88.222: [GC [PSYoungGen: 12788K->1507K(13824K)] 19451K->9757K(45056K), 0.0011270 secs] [Times: user=0.00 sys=0.00, real=0.00 secs] 
88.224: Total time for which application threads were stopped: 0.0426150 seconds, Stopping threads took: 0.0414170 seconds
88.307: Application time: 0.0833330 seconds
88.373: [GC [PSYoungGen: 13732K->1506K(13824K)] 21982K->10748K(45056K), 0.0009440 secs] [Times: user=0.01 sys=0.00, real=0.00 secs] 
88.374: Total time for which application threads were stopped: 0.0669290 seconds, Stopping threads took: 0.0659160 seconds
88.469: Application time: 0.0955320 seconds
88.541: [GC [PSYoungGen: 13613K->1360K(13824K)] 22856K->10806K(45056K), 0.0006920 secs] [Times: user=0.01 sys=0.00, real=0.00 secs] 
88.541: Total time for which application threads were stopped: 0.0720850 seconds, Stopping threads took: 0.0713300 seconds
88.622: Application time: 0.0806430 seconds
88.691: [GC [PSYoungGen: 13487K->774K(13824K)] 22933K->10228K(45056K), 0.0004980 secs] [Times: user=0.00 sys=0.00, real=0.00 secs] 
88.691: Total time for which application threads were stopped: 0.0689360 seconds, Stopping threads took: 0.0683580 seconds
88.771: Application time: 0.0801930 seconds
88.829: [GC [PSYoungGen: 12686K->742K(13824K)] 22140K->10212K(45056K), 0.0005300 secs] [Times: user=0.00 sys=0.00, real=0.00 secs] 
88.830: Total time for which application threads were stopped: 0.0584280 seconds, Stopping threads took: 0.0578320 seconds
88.908: Application time: 0.0786680 seconds
88.952: [GC [PSYoungGen: 12948K->1360K(13824K)] 22417K->11627K(45056K), 0.0008610 secs] [Times: user=0.00 sys=0.00, real=0.00 secs] 
88.953: Total time for which application threads were stopped: 0.0442360 seconds, Stopping threads took: 0.0433050 seconds
89.032: Application time: 0.0797450 seconds
89.102: [GC [PSYoungGen: 13585K->1524K(13824K)] 23852K->12775K(45056K), 0.0010080 secs] [Times: user=0.00 sys=0.00, real=0.00 secs] 
89.103: Total time for which application threads were stopped: 0.0708070 seconds, Stopping threads took: 0.0697300 seconds
89.194: Application time: 0.0910830 seconds
89.264: [GC [PSYoungGen: 13631K->563K(13824K)] 24883K->11839K(45056K), 0.0004330 secs] [Times: user=0.00 sys=0.00, real=0.00 secs] 
89.264: Total time for which application threads were stopped: 0.0702420 seconds, Stopping threads took: 0.0697260 seconds
89.344: Application time: 0.0793290 seconds
89.384: [GC [PSYoungGen: 12671K->1490K(13824K)] 23946K->13156K(45056K), 0.0030210 secs] [Times: user=0.02 sys=0.00, real=0.00 secs] 
89.387: Total time for which application threads were stopped: 0.0434980 seconds, Stopping threads took: 0.0404020 seconds
89.469: Application time: 0.0813330 seconds
89.534: [GC [PSYoungGen: 13714K->1165K(13824K)] 25381K->12831K(45056K), 0.0005960 secs] [Times: user=0.01 sys=0.00, real=0.00 secs] 
89.535: Total time for which application threads were stopped: 0.0660820 seconds, Stopping threads took: 0.0654190 seconds
89.624: Application time: 0.0890810 seconds
89.695: [GC [PSYoungGen: 13449K->320K(13824K)] 25115K->11986K(45056K), 0.0004070 secs] [Times: user=0.00 sys=0.00, real=0.00 secs] 
89.695: Total time for which application threads were stopped: 0.0715920 seconds, Stopping threads took: 0.0711200 seconds
89.777: Application time: 0.0811690 seconds
89.813: [GC [PSYoungGen: 12427K->563K(13824K)] 24094K->12245K(45056K), 0.0005730 secs] [Times: user=0.00 sys=0.00, real=0.00 secs] 
89.814: Total time for which application threads were stopped: 0.0374850 seconds, Stopping threads took: 0.0368410 seconds
89.894: Application time: 0.0804100 seconds
89.958: [GC [PSYoungGen: 12592K->806K(13824K)] 24275K->12489K(45056K), 0.0004420 secs] [Times: user=0.00 sys=0.00, real=0.00 secs] 
89.958: Total time for which application threads were stopped: 0.0637410 seconds, Stopping threads took: 0.0632370 seconds
90.037: Application time: 0.0792120 seconds
90.079: [GC [PSYoungGen: 12718K->758K(13824K)] 24401K->12449K(45056K), 0.0004780 secs] [Times: user=0.00 sys=0.00, real=0.00 secs] 
90.079: Total time for which application threads were stopped: 0.0418100 seconds, Stopping threads took: 0.0412690 seconds
90.162: Application time: 0.0823500 seconds
90.198: [GC [PSYoungGen: 12670K->774K(13824K)] 24361K->12473K(45056K), 0.0005010 secs] [Times: user=0.00 sys=0.00, real=0.00 secs] 
90.199: Total time for which application threads were stopped: 0.0372790 seconds, Stopping threads took: 0.0367150 seconds
90.279: Application time: 0.0799120 seconds
90.319: [GC [PSYoungGen: 12687K->1458K(13824K)] 24385K->13555K(45056K), 0.0007870 secs] [Times: user=0.01 sys=0.00, real=0.00 secs] 
90.320: Total time for which application threads were stopped: 0.0407970 seconds, Stopping threads took: 0.0399340 seconds
90.414: Application time: 0.0946270 seconds
90.483: [GC [PSYoungGen: 13683K->1133K(13824K)] 25780K->13230K(45056K), 0.0005960 secs] [Times: user=0.00 sys=0.00, real=0.00 secs] 
90.484: Total time for which application threads were stopped: 0.0696050 seconds, Stopping threads took: 0.0689360 seconds
90.564: Application time: 0.0798160 seconds
90.604: [GC [PSYoungGen: 13358K->1508K(13824K)] 25455K->15785K(45056K), 0.0013150 secs] [Times: user=0.01 sys=0.00, real=0.00 secs] 
90.605: Total time for which application threads were stopped: 0.0417150 seconds, Stopping threads took: 0.0403190 seconds
90.692: Application time: 0.0870060 seconds
90.761: [GC [PSYoungGen: 13634K->758K(13824K)] 27912K->15036K(45056K), 0.0007320 secs] [Times: user=0.00 sys=0.00, real=0.00 secs] 
90.762: Total time for which application threads were stopped: 0.0695710 seconds, Stopping threads took: 0.0687470 seconds
90.842: Application time: 0.0798200 seconds
90.882: [GC [PSYoungGen: 13033K->1506K(13824K)] 27311K->16573K(45056K), 0.0009230 secs] [Times: user=0.00 sys=0.00, real=0.00 secs] 
90.883: Total time for which application threads were stopped: 0.0411320 seconds, Stopping threads took: 0.0401300 seconds
90.978: Application time: 0.0949090 seconds
91.038: [GC [PSYoungGen: 13720K->1474K(13824K)] 28786K->17525K(45056K), 0.0008890 secs] [Times: user=0.01 sys=0.00, real=0.00 secs] 
91.039: Total time for which application threads were stopped: 0.0608670 seconds, Stopping threads took: 0.0599050 seconds
91.134: Application time: 0.0953960 seconds
91.206: [GC [PSYoungGen: 13601K->563K(13824K)] 29652K->16622K(45056K), 0.0005280 secs] [Times: user=0.00 sys=0.00, real=0.00 secs] 
91.207: Total time for which application threads were stopped: 0.0725180 seconds, Stopping threads took: 0.0719210 seconds
91.288: Application time: 0.0818450 seconds
91.337: [GC [PSYoungGen: 12592K->774K(13824K)] 28652K->16842K(45056K), 0.0005300 secs] [Times: user=0.00 sys=0.00, real=0.00 secs] 
91.338: Total time for which application threads were stopped: 0.0494500 seconds, Stopping threads took: 0.0488560 seconds
91.417: Application time: 0.0786280 seconds
91.457: [GC [PSYoungGen: 12979K->1392K(13824K)] 29047K->18249K(45056K), 0.0009410 secs] [Times: user=0.01 sys=0.00, real=0.00 secs] 
91.458: Total time for which application threads were stopped: 0.0418140 seconds, Stopping threads took: 0.0407700 seconds
91.542: Application time: 0.0837230 seconds
91.604: [GC [PSYoungGen: 13676K->1328K(13824K)] 30533K->18185K(45056K), 0.0006700 secs] [Times: user=0.01 sys=0.00, real=0.00 secs] 
91.605: Total time for which application threads were stopped: 0.0624100 seconds, Stopping threads took: 0.0616560 seconds
91.688: Application time: 0.0839460 seconds
91.742: [GC [PSYoungGen: 13533K->563K(13824K)] 30390K->17428K(45056K), 0.0004950 secs] [Times: user=0.00 sys=0.00, real=0.00 secs] 
91.742: Total time for which application threads were stopped: 0.0539730 seconds, Stopping threads took: 0.0533910 seconds
91.821: Application time: 0.0787570 seconds
91.864: [GC [PSYoungGen: 12690K->1181K(13824K)] 29555K->18835K(45056K), 0.0008850 secs] [Times: user=0.01 sys=0.00, real=0.00 secs] 
91.864: Total time for which application threads were stopped: 0.0432950 seconds, Stopping threads took: 0.0423280 seconds
91.945: Application time: 0.0803160 seconds
92.014: [GC [PSYoungGen: 13386K->1165K(13824K)] 31040K->18819K(45056K), 0.0007240 secs] [Times: user=0.00 sys=0.00, real=0.00 secs] 
92.015: Total time for which application threads were stopped: 0.0699280 seconds, Stopping threads took: 0.0691030 seconds
92.103: Application time: 0.0880450 seconds
92.172: [GC [PSYoungGen: 13292K->304K(13824K)] 30946K->17966K(45056K), 0.0005410 secs] [Times: user=0.00 sys=0.00, real=0.00 secs] 
92.172: Total time for which application threads were stopped: 0.0696280 seconds, Stopping threads took: 0.0690000 seconds
92.252: Application time: 0.0791360 seconds
92.294: [GC [PSYoungGen: 12528K->1458K(13824K)] 30190K->19519K(45056K), 0.0009010 secs] [Times: user=0.00 sys=0.00, real=0.00 secs] 
92.295: Total time for which application threads were stopped: 0.0431870 seconds, Stopping threads took: 0.0421960 seconds
92.387: Application time: 0.0918670 seconds
92.452: [GC [PSYoungGen: 13683K->1133K(13824K)] 31743K->19202K(45056K), 0.0006970 secs] [Times: user=0.00 sys=0.01, real=0.00 secs] 
92.452: Total time for which application threads were stopped: 0.0657860 seconds, Stopping threads took: 0.0649900 seconds
92.545: Application time: 0.0926870 seconds
92.611: [GC [PSYoungGen: 13397K->1376K(13824K)] 31466K->19445K(45056K), 0.0008880 secs] [Times: user=0.00 sys=0.00, real=0.00 secs] 
92.612: Total time for which application threads were stopped: 0.0672100 seconds, Stopping threads took: 0.0662200 seconds
92.696: Application time: 0.0838180 seconds
92.755: [GC [PSYoungGen: 13503K->579K(13824K)] 31572K->18664K(45056K), 0.0006990 secs] [Times: user=0.00 sys=0.00, real=0.00 secs] 
92.756: Total time for which application threads were stopped: 0.0599660 seconds, Stopping threads took: 0.0591810 seconds
92.835: Application time: 0.0793580 seconds
92.878: [GC [PSYoungGen: 12706K->1376K(13824K)] 30791K->20047K(45056K), 0.0008010 secs] [Times: user=0.00 sys=0.00, real=0.00 secs] 
92.878: Total time for which application threads were stopped: 0.0429870 seconds, Stopping threads took: 0.0421170 seconds
92.959: Application time: 0.0802570 seconds
93.024: [GC [PSYoungGen: 13503K->1101K(13824K)] 32174K->19772K(45056K), 0.0008420 secs] [Times: user=0.01 sys=0.00, real=0.00 secs] 
93.024: Total time for which application threads were stopped: 0.0657110 seconds, Stopping threads took: 0.0647790 seconds
93.107: Application time: 0.0825390 seconds
93.168: [GC [PSYoungGen: 13384K->336K(13824K)] 32055K->19014K(45056K), 0.0004740 secs] [Times: user=0.01 sys=0.00, real=0.00 secs] 
93.168: Total time for which application threads were stopped: 0.0613780 seconds, Stopping threads took: 0.0608250 seconds
93.248: Application time: 0.0799070 seconds
93.290: [GC [PSYoungGen: 12521K->547K(13824K)] 31200K->19226K(45056K), 0.0004510 secs] [Times: user=0.01 sys=0.00, real=0.00 secs] 
93.291: Total time for which application threads were stopped: 0.0424410 seconds, Stopping threads took: 0.0419280 seconds
93.371: Application time: 0.0808030 seconds
93.415: [GC [PSYoungGen: 12576K->758K(13824K)] 31255K->19437K(45056K), 0.0005690 secs] [Times: user=0.00 sys=0.00, real=0.00 secs] 
93.416: Total time for which application threads were stopped: 0.0446470 seconds, Stopping threads took: 0.0430820 seconds
93.495: Application time: 0.0791500 seconds
93.536: [GC [PSYoungGen: 12983K->1181K(13824K)] 31662K->19876K(45056K), 0.0007040 secs] [Times: user=0.00 sys=0.00, real=0.01 secs] 
93.537: Total time for which application threads were stopped: 0.0411950 seconds, Stopping threads took: 0.0403980 seconds
93.617: Application time: 0.0806650 seconds
93.670: [GC [PSYoungGen: 13386K->1474K(13824K)] 32081K->20177K(45056K), 0.0009110 secs] [Times: user=0.00 sys=0.00, real=0.00 secs] 
93.671: Total time for which application threads were stopped: 0.0536150 seconds, Stopping threads took: 0.0526040 seconds
93.753: Application time: 0.0824810 seconds
93.821: [GC [PSYoungGen: 13698K->726K(13824K)] 32401K->19437K(45056K), 0.0007950 secs] [Times: user=0.01 sys=0.00, real=0.00 secs] 
93.822: Total time for which application threads were stopped: 0.0683690 seconds, Stopping threads took: 0.0674860 seconds
93.900: Application time: 0.0783800 seconds
93.944: [GC [PSYoungGen: 12931K->1344K(13824K)] 31642K->20836K(45056K), 0.0010540 secs] [Times: user=0.00 sys=0.00, real=0.00 secs] 
93.945: Total time for which application threads were stopped: 0.0448780 seconds, Stopping threads took: 0.0437280 seconds
94.043: Application time: 0.0982580 seconds
94.111: [GC [PSYoungGen: 13550K->1344K(13824K)] 33042K->20852K(45056K), 0.0007050 secs] [Times: user=0.01 sys=0.00, real=0.00 secs] 
94.111: Total time for which application threads were stopped: 0.0682130 seconds, Stopping threads took: 0.0674180 seconds
94.194: Application time: 0.0825070 seconds
94.259: [GC [PSYoungGen: 13550K->595K(13824K)] 33058K->20103K(45056K), 0.0004990 secs] [Times: user=0.00 sys=0.00, real=0.00 secs] 
94.259: Total time for which application threads were stopped: 0.0652420 seconds, Stopping threads took: 0.0646540 seconds
94.340: Application time: 0.0804910 seconds
94.379: [GC [PSYoungGen: 12702K->742K(13824K)] 32210K->20250K(45056K), 0.0005270 secs] [Times: user=0.00 sys=0.00, real=0.00 secs] 
94.380: Total time for which application threads were stopped: 0.0403490 seconds, Stopping threads took: 0.0397410 seconds
94.462: Application time: 0.0816980 seconds
94.518: [GC [PSYoungGen: 12967K->1165K(13824K)] 32475K->20673K(45056K), 0.0008640 secs] [Times: user=0.00 sys=0.00, real=0.00 secs] 
94.519: Total time for which application threads were stopped: 0.0569390 seconds, Stopping threads took: 0.0559870 seconds
94.598: Application time: 0.0794490 seconds
94.638: [GC [PSYoungGen: 13390K->1490K(13824K)] 32898K->22178K(45056K), 0.0009930 secs] [Times: user=0.01 sys=0.00, real=0.00 secs] 
94.639: Total time for which application threads were stopped: 0.0411610 seconds, Stopping threads took: 0.0401040 seconds
94.722: Application time: 0.0826750 seconds
94.790: [GC [PSYoungGen: 13695K->758K(13824K)] 34383K->21446K(45056K), 0.0006890 secs] [Times: user=0.00 sys=0.00, real=0.00 secs] 
94.791: Total time for which application threads were stopped: 0.0689980 seconds, Stopping threads took: 0.0682380 seconds
94.887: Application time: 0.0956900 seconds
94.937: [GC [PSYoungGen: 12670K->710K(13824K)] 33358K->21398K(45056K), 0.0006780 secs] [Times: user=0.00 sys=0.00, real=0.00 secs] 
94.938: Total time for which application threads were stopped: 0.0511840 seconds, Stopping threads took: 0.0504200 seconds
95.018: Application time: 0.0801520 seconds
95.060: [GC [PSYoungGen: 12623K->742K(13824K)] 33311K->21430K(45056K), 0.0005080 secs] [Times: user=0.00 sys=0.00, real=0.00 secs] 
95.061: Total time for which application threads were stopped: 0.0427910 seconds, Stopping threads took: 0.0422160 seconds
95.140: Application time: 0.0794940 seconds
95.183: [GC [PSYoungGen: 12655K->1458K(13824K)] 33343K->22544K(45056K), 0.0007900 secs] [Times: user=0.00 sys=0.00, real=0.00 secs] 
95.183: Total time for which application threads were stopped: 0.0431910 seconds, Stopping threads took: 0.0423290 seconds
95.264: Application time: 0.0807070 seconds
95.331: [GC [PSYoungGen: 13370K->774K(13824K)] 34457K->21869K(45056K), 0.0006190 secs] [Times: user=0.00 sys=0.00, real=0.00 secs] 
95.331: Total time for which application threads were stopped: 0.0669900 seconds, Stopping threads took: 0.0662920 seconds
95.411: Application time: 0.0796940 seconds
95.463: [GC [PSYoungGen: 12979K->1392K(13824K)] 34074K->23268K(45056K), 0.0010210 secs] [Times: user=0.00 sys=0.00, real=0.00 secs] 
95.464: Total time for which application threads were stopped: 0.0533690 seconds, Stopping threads took: 0.0522550 seconds
95.546: Application time: 0.0819080 seconds
95.614: [GC [PSYoungGen: 13597K->1360K(13824K)] 35473K->23236K(45056K), 0.0007630 secs] [Times: user=0.00 sys=0.00, real=0.00 secs] 
95.615: Total time for which application threads were stopped: 0.0689370 seconds, Stopping threads took: 0.0681020 seconds
95.721: Application time: 0.1055250 seconds
95.779: [GC [PSYoungGen: 13487K->579K(13824K)] 35363K->22463K(45056K), 0.0005080 secs] [Times: user=0.00 sys=0.00, real=0.00 secs] 
95.780: Total time for which application threads were stopped: 0.0594150 seconds, Stopping threads took: 0.0588400 seconds
95.860: Application time: 0.0804390 seconds
95.899: [GC [PSYoungGen: 12804K->970K(13824K)] 34688K->22853K(45056K), 0.0005410 secs] [Times: user=0.00 sys=0.00, real=0.00 secs] 
95.900: Total time for which application threads were stopped: 0.0395450 seconds, Stopping threads took: 0.0389320 seconds
95.979: Application time: 0.0790700 seconds
96.022: [GC [PSYoungGen: 13097K->1524K(13824K)] 34980K->24221K(45056K), 0.0009350 secs] [Times: user=0.00 sys=0.00, real=0.00 secs] 
96.023: Total time for which application threads were stopped: 0.0435420 seconds, Stopping threads took: 0.0425420 seconds
96.110: Application time: 0.0873050 seconds
96.177: [GC [PSYoungGen: 13728K->1458K(13824K)] 36426K->25335K(45056K), 0.0009500 secs] [Times: user=0.00 sys=0.00, real=0.00 secs] 
96.178: Total time for which application threads were stopped: 0.0684770 seconds, Stopping threads took: 0.0674590 seconds
96.260: Application time: 0.0815380 seconds
96.326: [GC [PSYoungGen: 13585K->790K(13824K)] 37462K->24675K(45056K), 0.0005510 secs] [Times: user=0.00 sys=0.01, real=0.00 secs] 
96.326: Total time for which application threads were stopped: 0.0664770 seconds, Stopping threads took: 0.0658540 seconds
96.413: Application time: 0.0863030 seconds
96.474: [GC [PSYoungGen: 13074K->1376K(13824K)] 36959K->26051K(45056K), 0.0009140 secs] [Times: user=0.01 sys=0.01, real=0.00 secs] 
96.475: Total time for which application threads were stopped: 0.0617790 seconds, Stopping threads took: 0.0607830 seconds
96.554: Application time: 0.0795970 seconds
96.623: [GC [PSYoungGen: 13581K->1360K(13824K)] 38256K->26035K(45056K), 0.0007260 secs] [Times: user=0.01 sys=0.00, real=0.00 secs] 
96.624: Total time for which application threads were stopped: 0.0697990 seconds, Stopping threads took: 0.0689840 seconds
96.707: Application time: 0.0828610 seconds
96.762: [GC [PSYoungGen: 13565K->579K(13824K)] 38240K->25253K(45056K), 0.0005190 secs] [Times: user=0.01 sys=0.00, real=0.00 secs] 
96.763: Total time for which application threads were stopped: 0.0559020 seconds, Stopping threads took: 0.0553190 seconds
96.842: Application time: 0.0790740 seconds
96.881: [GC [PSYoungGen: 12608K->758K(13824K)] 37283K->25441K(45056K), 0.0005490 secs] [Times: user=0.00 sys=0.00, real=0.00 secs] 
96.882: Total time for which application threads were stopped: 0.0401420 seconds, Stopping threads took: 0.0395250 seconds
96.960: Application time: 0.0782920 seconds
97.003: [GC [PSYoungGen: 12671K->774K(13824K)] 37353K->25465K(45056K), 0.0006140 secs] [Times: user=0.00 sys=0.00, real=0.00 secs] 
97.004: Total time for which application threads were stopped: 0.0435770 seconds, Stopping threads took: 0.0428640 seconds
97.081: Application time: 0.0767850 seconds
97.121: [GC [PSYoungGen: 12979K->1376K(13824K)] 37670K->26856K(45056K), 0.0008660 secs] [Times: user=0.00 sys=0.00, real=0.00 secs] 
97.122: Total time for which application threads were stopped: 0.0413500 seconds, Stopping threads took: 0.0403900 seconds
97.203: Application time: 0.0815690 seconds
97.269: [GC [PSYoungGen: 13581K->1344K(13824K)] 39061K->26832K(45056K), 0.0006890 secs] [Times: user=0.00 sys=0.00, real=0.00 secs] 
97.270: Total time for which application threads were stopped: 0.0664150 seconds, Stopping threads took: 0.0656340 seconds
97.351: Application time: 0.0806350 seconds
97.414: [GC [PSYoungGen: 13471K->563K(13824K)] 38959K->26059K(45056K), 0.0005330 secs] [Times: user=0.00 sys=0.00, real=0.00 secs] 
97.415: Total time for which application threads were stopped: 0.0642400 seconds, Stopping threads took: 0.0636340 seconds
97.496: Application time: 0.0815040 seconds
97.556: [GC [PSYoungGen: 12592K->742K(13824K)] 38088K->26246K(45056K), 0.0005590 secs] [Times: user=0.00 sys=0.00, real=0.00 secs] 
97.556: Total time for which application threads were stopped: 0.0599290 seconds, Stopping threads took: 0.0592980 seconds
97.634: Application time: 0.0782650 seconds
97.677: [GC [PSYoungGen: 12967K->1117K(13824K)] 38471K->26629K(45056K), 0.0005820 secs] [Times: user=0.00 sys=0.00, real=0.00 secs] 
97.677: Total time for which application threads were stopped: 0.0427250 seconds, Stopping threads took: 0.0420800 seconds
97.760: Application time: 0.0829850 seconds
97.799: [GC [PSYoungGen: 13342K->1360K(13824K)] 38853K->27067K(45056K), 0.0009020 secs] [Times: user=0.01 sys=0.00, real=0.00 secs] 
97.800: Total time for which application threads were stopped: 0.0401540 seconds, Stopping threads took: 0.0391730 seconds
97.882: Application time: 0.0813690 seconds
97.947: [GC [PSYoungGen: 13566K->726K(13824K)] 39273K->26433K(45056K), 0.0005770 secs] [Times: user=0.01 sys=0.00, real=0.00 secs] 
97.948: Total time for which application threads were stopped: 0.0662300 seconds, Stopping threads took: 0.0655630 seconds
98.025: Application time: 0.0774960 seconds
98.066: [GC [PSYoungGen: 12717K->1442K(13824K)] 38424K->27540K(45056K), 0.0010240 secs] [Times: user=0.01 sys=0.00, real=0.00 secs] 
98.067: Total time for which application threads were stopped: 0.0411710 seconds, Stopping threads took: 0.0400480 seconds
98.155: Application time: 0.0885110 seconds
98.222: [GC [PSYoungGen: 13354K->742K(13824K)] 39452K->26848K(45056K), 0.0007320 secs] [Times: user=0.01 sys=0.00, real=0.00 secs] 
98.223: Total time for which application threads were stopped: 0.0676920 seconds, Stopping threads took: 0.0668720 seconds
98.303: Application time: 0.0797030 seconds
98.344: [GC [PSYoungGen: 12928K->1474K(13824K)] 39034K->28166K(45056K), 0.0010150 secs] [Times: user=0.01 sys=0.00, real=0.00 secs] 
98.345: Total time for which application threads were stopped: 0.0423920 seconds, Stopping threads took: 0.0412960 seconds
98.432: Application time: 0.0867180 seconds
98.500: [GC [PSYoungGen: 13699K->1344K(13824K)] 40390K->28044K(45056K), 0.0008580 secs] [Times: user=0.01 sys=0.00, real=0.00 secs] 
98.502: Total time for which application threads were stopped: 0.0703840 seconds, Stopping threads took: 0.0687550 seconds
98.586: Application time: 0.0836270 seconds
98.639: [GC [PSYoungGen: 13550K->595K(13824K)] 40249K->27303K(45056K), 0.0007740 secs] [Times: user=0.00 sys=0.00, real=0.00 secs] 
98.640: Total time for which application threads were stopped: 0.0538680 seconds, Stopping threads took: 0.0530000 seconds
98.728: Application time: 0.0888780 seconds
98.797: [GC [PSYoungGen: 12820K->1002K(13824K)] 39527K->27717K(45056K), 0.0008440 secs] [Times: user=0.00 sys=0.00, real=0.00 secs] 
98.797: Total time for which application threads were stopped: 0.0689320 seconds, Stopping threads took: 0.0680070 seconds
98.876: Application time: 0.0784780 seconds
98.915: [GC [PSYoungGen: 13226K->1474K(13824K)] 39942K->29166K(45056K), 0.0009950 secs] [Times: user=0.00 sys=0.00, real=0.00 secs] 
98.916: Total time for which application threads were stopped: 0.0400490 seconds, Stopping threads took: 0.0389580 seconds
98.998: Application time: 0.0822350 seconds
99.069: [GC [PSYoungGen: 13679K->563K(13824K)] 41371K->28263K(45056K), 0.0004750 secs] [Times: user=0.00 sys=0.00, real=0.00 secs] 
99.070: Total time for which application threads were stopped: 0.0715950 seconds, Stopping threads took: 0.0710300 seconds
99.158: Application time: 0.0884600 seconds
99.217: [GC [PSYoungGen: 12592K->710K(13824K)] 40292K->28419K(45056K), 0.0007890 secs] [Times: user=0.00 sys=0.00, real=0.00 secs] 
99.217: Total time for which application threads were stopped: 0.0591540 seconds, Stopping threads took: 0.0582720 seconds
99.298: Application time: 0.0804620 seconds
99.346: [GC [PSYoungGen: 12935K->1117K(13824K)] 40643K->28833K(45056K), 0.0007020 secs] [Times: user=0.00 sys=0.00, real=0.00 secs] 
99.347: Total time for which application threads were stopped: 0.0492520 seconds, Stopping threads took: 0.0484600 seconds
99.432: Application time: 0.0846630 seconds
99.484: [GC [PSYoungGen: 13303K->1344K(13824K)] 41019K->29060K(45056K), 0.0007420 secs] [Times: user=0.00 sys=0.01, real=0.00 secs] 
99.485: Total time for which application threads were stopped: 0.0533680 seconds, Stopping threads took: 0.0525540 seconds
99.572: Application time: 0.0873080 seconds
99.639: [GC [PSYoungGen: 13628K->547K(13824K)] 41344K->28263K(45056K), 0.0005570 secs] [Times: user=0.01 sys=0.00, real=0.00 secs] 
99.640: Total time for which application threads were stopped: 0.0674480 seconds, Stopping threads took: 0.0668000 seconds
99.721: Application time: 0.0807950 seconds
99.759: [GC [PSYoungGen: 12576K->1408K(13824K)] 40293K->30687K(45056K), 0.0011400 secs] [Times: user=0.01 sys=0.00, real=0.00 secs] 
99.760: Total time for which application threads were stopped: 0.0390210 seconds, Stopping threads took: 0.0377990 seconds
99.840: Application time: 0.0798090 seconds
99.906: [GC [PSYoungGen: 13633K->1458K(13824K)] 42912K->31518K(45056K), 0.0009980 secs] [Times: user=0.00 sys=0.00, real=0.00 secs] 
99.907: [Full GC [PSYoungGen: 1458K->0K(13824K)] [ParOldGen: 30060K->3580K(31232K)] 31518K->3580K(45056K) [PSPermGen: 5115K->5115K(21504K)], 0.0054940 secs] [Times: user=0.03 sys=0.00, real=0.01 secs] 
99.913: Total time for which application threads were stopped: 0.0733170 seconds, Stopping threads took: 0.0667050 seconds
100.019: Application time: 0.1062170 seconds
100.087: [GC [PSYoungGen: 12283K->192K(13824K)] 15864K->3772K(45056K), 0.0004650 secs] [Times: user=0.00 sys=0.00, real=0.00 secs] 
100.088: Total time for which application threads were stopped: 0.0687500 seconds, Stopping threads took: 0.0682080 seconds
100.167: Application time: 0.0787040 seconds
100.208: [GC [PSYoungGen: 12123K->1427K(13824K)] 15704K->5008K(45056K), 0.0006320 secs] [Times: user=0.00 sys=0.00, real=0.01 secs] 
100.209: Total time for which application threads were stopped: 0.0423240 seconds, Stopping threads took: 0.0416220 seconds
100.291: Application time: 0.0820430 seconds
100.355: [GC [PSYoungGen: 13633K->550K(13824K)] 17214K->4131K(45056K), 0.0005880 secs] [Times: user=0.00 sys=0.00, real=0.00 secs] 
100.356: Total time for which application threads were stopped: 0.0651020 seconds, Stopping threads took: 0.0644210 seconds
100.435: Application time: 0.0790120 seconds
100.476: [GC [PSYoungGen: 12775K->1493K(13824K)] 16356K->5660K(45056K), 0.0008870 secs] [Times: user=0.00 sys=0.00, real=0.01 secs] 
100.477: Total time for which application threads were stopped: 0.0416340 seconds, Stopping threads took: 0.0406740 seconds
100.562: Application time: 0.0848540 seconds
100.631: [GC [PSYoungGen: 13620K->176K(13824K)] 17787K->4342K(45056K), 0.0004680 secs] [Times: user=0.01 sys=0.00, real=0.00 secs] 
100.631: Total time for which application threads were stopped: 0.0694660 seconds, Stopping threads took: 0.0689130 seconds
100.710: Application time: 0.0793840 seconds
100.761: [GC [PSYoungGen: 12381K->1459K(13824K)] 16548K->5822K(45056K), 0.0006590 secs] [Times: user=0.00 sys=0.00, real=0.00 secs] 
100.761: Total time for which application threads were stopped: 0.0509100 seconds, Stopping threads took: 0.0501840 seconds
100.842: Application time: 0.0809950 seconds
100.907: [GC [PSYoungGen: 13391K->614K(13824K)] 17753K->4976K(45056K), 0.0005220 secs] [Times: user=0.00 sys=0.00, real=0.00 secs] 
100.908: Total time for which application threads were stopped: 0.0651960 seconds, Stopping threads took: 0.0646070 seconds
100.987: Application time: 0.0797840 seconds
101.040: [GC [PSYoungGen: 12800K->922K(13824K)] 17162K->5284K(45056K), 0.0007960 secs] [Times: user=0.00 sys=0.00, real=0.00 secs] 
101.041: Total time for which application threads were stopped: 0.0537600 seconds, Stopping threads took: 0.0528740 seconds
101.119: Application time: 0.0783960 seconds
101.160: [GC [PSYoungGen: 13107K->1490K(13824K)] 17470K->6633K(45056K), 0.0009360 secs] [Times: user=0.01 sys=0.00, real=0.00 secs] 
101.161: Total time for which application threads were stopped: 0.0410890 seconds, Stopping threads took: 0.0400580 seconds
101.242: Application time: 0.0814660 seconds
101.312: [GC [PSYoungGen: 13617K->352K(13824K)] 18760K->5495K(45056K), 0.0003960 secs] [Times: user=0.00 sys=0.00, real=0.00 secs] 
101.313: Total time for which application threads were stopped: 0.0707640 seconds, Stopping threads took: 0.0703040 seconds
101.391: Application time: 0.0783970 seconds
101.435: [GC [PSYoungGen: 12576K->1458K(13824K)] 17720K->6992K(45056K), 0.0009780 secs] [Times: user=0.00 sys=0.00, real=0.00 secs] 
101.436: Total time for which application threads were stopped: 0.0449440 seconds, Stopping threads took: 0.0438670 seconds
101.533: Application time: 0.0971520 seconds
101.600: [GC [PSYoungGen: 13565K->954K(13824K)] 19100K->6488K(45056K), 0.0005340 secs] [Times: user=0.00 sys=0.00, real=0.00 secs] 
101.601: Total time for which application threads were stopped: 0.0673970 seconds, Stopping threads took: 0.0667950 seconds
101.680: Application time: 0.0789350 seconds
101.718: [GC [PSYoungGen: 13139K->1149K(13824K)] 18673K->6683K(45056K), 0.0008240 secs] [Times: user=0.01 sys=0.00, real=0.00 secs] 
101.719: Total time for which application threads were stopped: 0.0392930 seconds, Stopping threads took: 0.0383750 seconds
101.802: Application time: 0.0827790 seconds
101.868: [GC [PSYoungGen: 13276K->400K(13824K)] 18810K->5934K(45056K), 0.0005190 secs] [Times: user=0.00 sys=0.00, real=0.00 secs] 
101.869: Total time for which application threads were stopped: 0.0672540 seconds, Stopping threads took: 0.0666610 seconds
101.950: Application time: 0.0806010 seconds
102.017: [GC [PSYoungGen: 12624K->726K(13824K)] 18159K->6260K(45056K), 0.0005900 secs] [Times: user=0.00 sys=0.01, real=0.00 secs] 
102.018: Total time for which application threads were stopped: 0.0683480 seconds, Stopping threads took: 0.0676630 seconds
102.097: Application time: 0.0794090 seconds
102.135: [GC [PSYoungGen: 12853K->1360K(13824K)] 18387K->7708K(45056K), 0.0008550 secs] [Times: user=0.00 sys=0.00, real=0.00 secs] 
102.136: Total time for which application threads were stopped: 0.0386840 seconds, Stopping threads took: 0.0377600 seconds
102.233: Application time: 0.0969630 seconds
102.305: [GC [PSYoungGen: 13565K->1360K(13824K)] 19913K->7708K(45056K), 0.0006720 secs] [Times: user=0.00 sys=0.00, real=0.00 secs] 
102.305: Total time for which application threads were stopped: 0.0723700 seconds, Stopping threads took: 0.0716280 seconds
102.403: Application time: 0.0975720 seconds
102.475: [GC [PSYoungGen: 13565K->547K(13824K)] 19913K->6910K(45056K), 0.0005100 secs] [Times: user=0.00 sys=0.00, real=0.00 secs] 
102.475: Total time for which application threads were stopped: 0.0721790 seconds, Stopping threads took: 0.0715990 seconds
102.554: Application time: 0.0788290 seconds
102.596: [GC [PSYoungGen: 12752K->1149K(13824K)] 19116K->8294K(45056K), 0.0009700 secs] [Times: user=0.00 sys=0.01, real=0.00 secs] 
102.597: Total time for which application threads were stopped: 0.0434740 seconds, Stopping threads took: 0.0423890 seconds
102.677: Application time: 0.0795220 seconds
102.747: [GC [PSYoungGen: 13354K->1442K(13824K)] 20499K->9368K(45056K), 0.0010190 secs] [Times: user=0.01 sys=0.00, real=0.00 secs] 
102.748: Total time for which application threads were stopped: 0.0710330 seconds, Stopping threads took: 0.0699410 seconds
102.831: Application time: 0.0832650 seconds
102.901: [GC [PSYoungGen: 13569K->352K(13824K)] 21495K->8294K(45056K), 0.0004590 secs] [Times: user=0.00 sys=0.00, real=0.00 secs] 
102.901: Total time for which application threads were stopped: 0.0701740 seconds, Stopping threads took: 0.0696520 seconds
102.980: Application time: 0.0788270 seconds
103.019: [GC [PSYoungGen: 12283K->1360K(13824K)] 20225K->9497K(45056K), 0.0006520 secs] [Times: user=0.00 sys=0.00, real=0.00 secs] 
103.020: Total time for which application threads were stopped: 0.0398830 seconds, Stopping threads took: 0.0391650 seconds
103.103: Application time: 0.0833370 seconds
103.170: [GC [PSYoungGen: 13644K->758K(13824K)] 21781K->8920K(45056K), 0.0006790 secs] [Times: user=0.00 sys=0.00, real=0.00 secs] 
103.170: Total time for which application threads were stopped: 0.0668450 seconds, Stopping threads took: 0.0660880 seconds
103.250: Application time: 0.0797870 seconds
103.288: [GC [PSYoungGen: 13045K->1524K(13824K)] 21206K->11475K(45056K), 0.0013610 secs] [Times: user=0.01 sys=0.00, real=0.01 secs] 
103.289: Total time for which application threads were stopped: 0.0393590 seconds, Stopping threads took: 0.0379070 seconds
103.392: Application time: 0.1025070 seconds
103.459: [GC [PSYoungGen: 13745K->1442K(13824K)] 23696K->11393K(45056K), 0.0007760 secs] [Times: user=0.00 sys=0.00, real=0.00 secs] 
103.460: Total time for which application threads were stopped: 0.0676540 seconds, Stopping threads took: 0.0667910 seconds
103.542: Application time: 0.0826710 seconds
103.608: [GC [PSYoungGen: 13667K->742K(13824K)] 23618K->10693K(45056K), 0.0005540 secs] [Times: user=0.00 sys=0.00, real=0.01 secs] 
103.609: Total time for which application threads were stopped: 0.0668190 seconds, Stopping threads took: 0.0652680 seconds
103.688: Application time: 0.0789590 seconds
103.728: [GC [PSYoungGen: 12967K->1149K(13824K)] 22918K->11108K(45056K), 0.0006540 secs] [Times: user=0.00 sys=0.00, real=0.01 secs] 
103.729: Total time for which application threads were stopped: 0.0409180 seconds, Stopping threads took: 0.0401860 seconds
103.815: Application time: 0.0856960 seconds
103.886: [GC [PSYoungGen: 13276K->384K(13824K)] 23235K->10351K(45056K), 0.0004480 secs] [Times: user=0.00 sys=0.00, real=0.00 secs] 
103.886: Total time for which application threads were stopped: 0.0716860 seconds, Stopping threads took: 0.0711740 seconds
103.967: Application time: 0.0808660 seconds
104.010: [GC [PSYoungGen: 12491K->579K(13824K)] 22458K->10546K(45056K), 0.0006410 secs] [Times: user=0.00 sys=0.00, real=0.00 secs] 
104.011: Total time for which application threads were stopped: 0.0434790 seconds, Stopping threads took: 0.0427520 seconds
104.090: Application time: 0.0797520 seconds
104.159: [GC [PSYoungGen: 12765K->742K(13824K)] 22732K->10709K(45056K), 0.0005310 secs] [Times: user=0.00 sys=0.00, real=0.00 secs] 
104.159: Total time for which application threads were stopped: 0.0687280 seconds, Stopping threads took: 0.0681330 seconds
104.237: Application time: 0.0780250 seconds
104.278: [GC [PSYoungGen: 12947K->1474K(13824K)] 22915K->13199K(45056K), 0.0011430 secs] [Times: user=0.01 sys=0.00, real=0.00 secs] 
104.279: Total time for which application threads were stopped: 0.0415620 seconds, Stopping threads took: 0.0403420 seconds
104.384: Application time: 0.1051070 seconds
104.447: [GC [PSYoungGen: 13601K->1328K(13824K)] 25326K->13061K(45056K), 0.0008890 secs] [Times: user=0.01 sys=0.00, real=0.00 secs] 
104.448: Total time for which application threads were stopped: 0.0644360 seconds, Stopping threads took: 0.0634510 seconds
104.533: Application time: 0.0843060 seconds
104.576: [GC [PSYoungGen: 13436K->1392K(13824K)] 25169K->13329K(45056K), 0.0006960 secs] [Times: user=0.00 sys=0.00, real=0.00 secs] 
104.576: Total time for which application threads were stopped: 0.0436310 seconds, Stopping threads took: 0.0428700 seconds
104.658: Application time: 0.0818860 seconds
104.723: [GC [PSYoungGen: 13519K->758K(13824K)] 25456K->12703K(45056K), 0.0006210 secs] [Times: user=0.00 sys=0.00, real=0.00 secs] 
104.723: Total time for which application threads were stopped: 0.0651850 seconds, Stopping threads took: 0.0645000 seconds
104.804: Application time: 0.0808170 seconds
104.849: [GC [PSYoungGen: 12964K->1490K(13824K)] 24908K->15200K(45056K), 0.0014110 secs] [Times: user=0.00 sys=0.00, real=0.00 secs] 
104.850: Total time for which application threads were stopped: 0.0461570 seconds, Stopping threads took: 0.0446470 seconds
104.931: Application time: 0.0802780 seconds
104.999: [GC [PSYoungGen: 13773K->1458K(13824K)] 27484K->16145K(45056K), 0.0011450 secs] [Times: user=0.01 sys=0.00, real=0.00 secs] 
105.000: Total time for which application threads were stopped: 0.0695280 seconds, Stopping threads took: 0.0682940 seconds
105.097: Application time: 0.0965370 seconds
105.164: [GC [PSYoungGen: 13585K->579K(13824K)] 28272K->15266K(45056K), 0.0005440 secs] [Times: user=0.01 sys=0.00, real=0.00 secs] 
105.165: Total time for which application threads were stopped: 0.0677700 seconds, Stopping threads took: 0.0671350 seconds
105.243: Application time: 0.0788560 seconds
105.282: [GC [PSYoungGen: 12706K->1523K(13824K)] 27393K->16609K(45056K), 0.0008270 secs] [Times: user=0.00 sys=0.00, real=0.00 secs] 
105.283: Total time for which application threads were stopped: 0.0395000 seconds, Stopping threads took: 0.0386000 seconds
105.363: Application time: 0.0805480 seconds
105.430: [GC [PSYoungGen: 13651K->1149K(13824K)] 28736K->16250K(45056K), 0.0011330 secs] [Times: user=0.01 sys=0.00, real=0.00 secs] 
105.431: Total time for which application threads were stopped: 0.0674280 seconds, Stopping threads took: 0.0662190 seconds
105.517: Application time: 0.0859170 seconds
105.583: [GC [PSYoungGen: 13432K->304K(13824K)] 28534K->15413K(45056K), 0.0006660 secs] [Times: user=0.00 sys=0.00, real=0.00 secs] 
105.584: Total time for which application threads were stopped: 0.0673550 seconds, Stopping threads took: 0.0665990 seconds
105.662: Application time: 0.0777900 seconds
105.701: [GC [PSYoungGen: 12528K->1376K(13824K)] 27638K->18048K(45056K), 0.0010680 secs] [Times: user=0.01 sys=0.00, real=0.00 secs] 
105.702: Total time for which application threads were stopped: 0.0402070 seconds, Stopping threads took: 0.0390490 seconds
105.784: Application time: 0.0817090 seconds
105.850: [GC [PSYoungGen: 13581K->1360K(13824K)] 30254K->18814K(45056K), 0.0010920 secs] [Times: user=0.00 sys=0.00, real=0.00 secs] 
105.851: Total time for which application threads were stopped: 0.0672400 seconds, Stopping threads took: 0.0660670 seconds
105.931: Application time: 0.0795500 seconds
105.989: [GC [PSYoungGen: 13566K->1344K(13824K)] 31019K->18798K(45056K), 0.0007170 secs] [Times: user=0.00 sys=0.00, real=0.00 secs] 
105.990: Total time for which application threads were stopped: 0.0591010 seconds, Stopping threads took: 0.0583030 seconds
106.078: Application time: 0.0880590 seconds
106.131: [GC [PSYoungGen: 13452K->1165K(13824K)] 30905K->19017K(45056K), 0.0007050 secs] [Times: user=0.00 sys=0.00, real=0.00 secs] 
106.132: Total time for which application threads were stopped: 0.0540560 seconds, Stopping threads took: 0.0532600 seconds
106.212: Application time: 0.0798850 seconds
106.262: [GC [PSYoungGen: 13390K->1360K(13824K)] 31242K->19806K(45056K), 0.0010200 secs] [Times: user=0.00 sys=0.00, real=0.00 secs] 
106.263: Total time for which application threads were stopped: 0.0508280 seconds, Stopping threads took: 0.0497270 seconds
106.341: Application time: 0.0788080 seconds
106.415: [GC [PSYoungGen: 13566K->1165K(13824K)] 32012K->19619K(45056K), 0.0006240 secs] [Times: user=0.01 sys=0.00, real=0.00 secs] 
106.416: Total time for which application threads were stopped: 0.0744820 seconds, Stopping threads took: 0.0737900 seconds
106.496: Application time: 0.0796970 seconds
106.557: [GC [PSYoungGen: 13292K->304K(13824K)] 31746K->18758K(45056K), 0.0006150 secs] [Times: user=0.00 sys=0.00, real=0.00 secs] 
106.558: Total time for which application threads were stopped: 0.0623580 seconds, Stopping threads took: 0.0616500 seconds
106.638: Application time: 0.0804460 seconds
106.708: [GC [PSYoungGen: 12528K->758K(13824K)] 30982K->19220K(45056K), 0.0006630 secs] [Times: user=0.00 sys=0.00, real=0.01 secs] 
106.709: Total time for which application threads were stopped: 0.0704810 seconds, Stopping threads took: 0.0697330 seconds
106.789: Application time: 0.0799760 seconds
106.839: [GC [PSYoungGen: 13042K->1408K(13824K)] 31504K->20652K(45056K), 0.0008540 secs] [Times: user=0.01 sys=0.01, real=0.00 secs] 
106.840: Total time for which application threads were stopped: 0.0514390 seconds, Stopping threads took: 0.0505180 seconds
106.938: Application time: 0.0979800 seconds
107.002: [GC [PSYoungGen: 13535K->1392K(13824K)] 32778K->20644K(45056K), 0.0006510 secs] [Times: user=0.01 sys=0.00, real=0.00 secs] 
107.003: Total time for which application threads were stopped: 0.0645380 seconds, Stopping threads took: 0.0638210 seconds
107.087: Application time: 0.0843160 seconds
107.151: [GC [PSYoungGen: 13597K->547K(13824K)] 32849K->19806K(45056K), 0.0004610 secs] [Times: user=0.00 sys=0.00, real=0.00 secs] 
107.152: Total time for which application threads were stopped: 0.0643680 seconds, Stopping threads took: 0.0638350 seconds
107.230: Application time: 0.0788790 seconds
107.270: [GC [PSYoungGen: 12733K->742K(13824K)] 31992K->20002K(45056K), 0.0004720 secs] [Times: user=0.00 sys=0.00, real=0.00 secs] 
107.271: Total time for which application threads were stopped: 0.0401000 seconds, Stopping threads took: 0.0395390 seconds
107.350: Application time: 0.0791390 seconds
107.390: [GC [PSYoungGen: 12948K->1474K(13824K)] 32207K->22491K(45056K), 0.0014340 secs] [Times: user=0.01 sys=0.00, real=0.00 secs] 
107.391: Total time for which application threads were stopped: 0.0418360 seconds, Stopping threads took: 0.0403090 seconds
107.475: Application time: 0.0834960 seconds
107.546: [GC [PSYoungGen: 13601K->1344K(13824K)] 34618K->22362K(45056K), 0.0006370 secs] [Times: user=0.00 sys=0.00, real=0.00 secs] 
107.546: Total time for which application threads were stopped: 0.0712990 seconds, Stopping threads took: 0.0705720 seconds
107.626: Application time: 0.0793240 seconds
107.678: [GC [PSYoungGen: 13569K->1392K(13824K)] 34586K->22808K(45056K), 0.0008170 secs] [Times: user=0.01 sys=0.00, real=0.00 secs] 
107.679: Total time for which application threads were stopped: 0.0532670 seconds, Stopping threads took: 0.0523700 seconds
107.776: Application time: 0.0974120 seconds
107.838: [GC [PSYoungGen: 13324K->758K(13824K)] 34740K->22174K(45056K), 0.0004830 secs] [Times: user=0.00 sys=0.00, real=0.00 secs] 
107.838: Total time for which application threads were stopped: 0.0617960 seconds, Stopping threads took: 0.0612270 seconds
107.917: Application time: 0.0790690 seconds
107.955: [GC [PSYoungGen: 12846K->1376K(13824K)] 34262K->23386K(45056K), 0.0009910 secs] [Times: user=0.00 sys=0.00, real=0.00 secs] 
107.956: Total time for which application threads were stopped: 0.0386760 seconds, Stopping threads took: 0.0376140 seconds
108.038: Application time: 0.0822840 seconds
108.094: [GC [PSYoungGen: 13581K->1101K(13824K)] 35591K->23119K(45056K), 0.0010510 secs] [Times: user=0.00 sys=0.00, real=0.00 secs] 
108.096: Total time for which application threads were stopped: 0.0573680 seconds, Stopping threads took: 0.0562270 seconds
108.178: Application time: 0.0826260 seconds
108.239: [GC [PSYoungGen: 13228K->320K(13824K)] 35246K->22346K(45056K), 0.0005370 secs] [Times: user=0.00 sys=0.00, real=0.00 secs] 
108.239: Total time for which application threads were stopped: 0.0610630 seconds, Stopping threads took: 0.0604340 seconds
108.318: Application time: 0.0787680 seconds
108.358: [GC [PSYoungGen: 12544K->1490K(13824K)] 34570K->23906K(45056K), 0.0008520 secs] [Times: user=0.00 sys=0.00, real=0.00 secs] 
108.359: Total time for which application threads were stopped: 0.0412560 seconds, Stopping threads took: 0.0403170 seconds
108.442: Application time: 0.0826530 seconds
108.506: [GC [PSYoungGen: 13715K->1133K(13824K)] 36131K->23557K(45056K), 0.0007970 secs] [Times: user=0.00 sys=0.00, real=0.00 secs] 
108.507: Total time for which application threads were stopped: 0.0652480 seconds, Stopping threads took: 0.0643610 seconds
108.589: Application time: 0.0821230 seconds
108.656: [GC [PSYoungGen: 13416K->304K(13824K)] 35841K->22728K(45056K), 0.0006860 secs] [Times: user=0.00 sys=0.00, real=0.01 secs] 
108.657: Total time for which application threads were stopped: 0.0678390 seconds, Stopping threads took: 0.0661820 seconds
108.736: Application time: 0.0791440 seconds
108.776: [GC [PSYoungGen: 12528K->758K(13824K)] 34953K->23183K(45056K), 0.0006200 secs] [Times: user=0.00 sys=0.00, real=0.01 secs] 
108.777: Total time for which application threads were stopped: 0.0403430 seconds, Stopping threads took: 0.0396450 seconds
108.872: Application time: 0.0952800 seconds
108.934: [GC [PSYoungGen: 12827K->742K(13824K)] 35252K->23175K(45056K), 0.0007550 secs] [Times: user=0.00 sys=0.00, real=0.00 secs] 
108.934: Total time for which application threads were stopped: 0.0625760 seconds, Stopping threads took: 0.0617320 seconds
109.014: Application time: 0.0799220 seconds
109.065: [GC [PSYoungGen: 12967K->1149K(13824K)] 35400K->23581K(45056K), 0.0007800 secs] [Times: user=0.01 sys=0.00, real=0.00 secs] 
109.066: Total time for which application threads were stopped: 0.0516850 seconds, Stopping threads took: 0.0508150 seconds
109.145: Application time: 0.0787440 seconds
109.214: [GC [PSYoungGen: 13276K->304K(13824K)] 35708K->22744K(45056K), 0.0006300 secs] [Times: user=0.00 sys=0.00, real=0.00 secs] 
109.214: Total time for which application threads were stopped: 0.0693690 seconds, Stopping threads took: 0.0686500 seconds
109.293: Application time: 0.0783260 seconds
109.332: [GC [PSYoungGen: 12528K->1442K(13824K)] 34969K->24281K(45056K), 0.0008770 secs] [Times: user=0.01 sys=0.00, real=0.00 secs] 
109.333: Total time for which application threads were stopped: 0.0405160 seconds, Stopping threads took: 0.0395390 seconds
109.417: Application time: 0.0840610 seconds
109.488: [GC [PSYoungGen: 13432K->710K(13824K)] 36272K->23557K(45056K), 0.0004830 secs] [Times: user=0.00 sys=0.00, real=0.00 secs] 
109.488: Total time for which application threads were stopped: 0.0710730 seconds, Stopping threads took: 0.0705250 seconds
109.568: Application time: 0.0797000 seconds
109.611: [GC [PSYoungGen: 12935K->1165K(13824K)] 35782K->24012K(45056K), 0.0008140 secs] [Times: user=0.00 sys=0.00, real=0.00 secs] 
109.612: Total time for which application threads were stopped: 0.0439550 seconds, Stopping threads took: 0.0430500 seconds
109.693: Application time: 0.0812680 seconds
109.759: [GC [PSYoungGen: 13370K->336K(13824K)] 36218K->23183K(45056K), 0.0007270 secs] [Times: user=0.00 sys=0.00, real=0.00 secs] 
109.759: Total time for which application threads were stopped: 0.0663210 seconds, Stopping threads took: 0.0655180 seconds
109.839: Application time: 0.0794010 seconds
109.881: [GC [PSYoungGen: 12560K->758K(13824K)] 35407K->23605K(45056K), 0.0007760 secs] [Times: user=0.01 sys=0.00, real=0.00 secs] 
109.881: Total time for which application threads were stopped: 0.0426230 seconds, Stopping threads took: 0.0417480 seconds
109.961: Application time: 0.0795820 seconds
110.011: [GC [PSYoungGen: 12983K->1474K(13824K)] 35830K->25110K(45056K), 0.0011100 secs] [Times: user=0.01 sys=0.00, real=0.00 secs] 
110.013: Total time for which application threads were stopped: 0.0514640 seconds, Stopping threads took: 0.0502620 seconds
110.096: Application time: 0.0834040 seconds
110.160: [GC [PSYoungGen: 13679K->1458K(13824K)] 37315K->25102K(45056K), 0.0007330 secs] [Times: user=0.00 sys=0.00, real=0.00 secs] 
110.160: Total time for which application threads were stopped: 0.0644510 seconds, Stopping threads took: 0.0636240 seconds
110.242: Application time: 0.0814720 seconds
110.309: [GC [PSYoungGen: 13644K->547K(13824K)] 37288K->24191K(45056K), 0.0005370 secs] [Times: user=0.00 sys=0.00, real=0.00 secs] 
110.309: Total time for which application threads were stopped: 0.0673420 seconds, Stopping threads took: 0.0667350 seconds
110.388: Application time: 0.0789630 seconds
110.429: [GC [PSYoungGen: 12752K->1507K(13824K)] 36397K->25551K(45056K), 0.0008090 secs] [Times: user=0.00 sys=0.00, real=0.00 secs] 
110.430: Total time for which application threads were stopped: 0.0419430 seconds, Stopping threads took: 0.0410300 seconds
110.527: Application time: 0.0971790 seconds
110.593: [GC [PSYoungGen: 13713K->1165K(13824K)] 37756K->25208K(45056K), 0.0006370 secs] [Times: user=0.00 sys=0.00, real=0.00 secs] 
110.594: Total time for which application threads were stopped: 0.0666890 seconds, Stopping threads took: 0.0659850 seconds
110.675: Application time: 0.0807420 seconds
110.715: [GC [PSYoungGen: 13097K->1524K(13824K)] 37140K->26372K(45056K), 0.0008920 secs] [Times: user=0.01 sys=0.01, real=0.00 secs] 
110.716: Total time for which application threads were stopped: 0.0413650 seconds, Stopping threads took: 0.0403980 seconds
110.805: Application time: 0.0888580 seconds
110.877: [GC [PSYoungGen: 13748K->515K(13824K)] 38597K->25363K(45056K), 0.0005000 secs] [Times: user=0.00 sys=0.00, real=0.00 secs] 
110.877: Total time for which application threads were stopped: 0.0721400 seconds, Stopping threads took: 0.0715790 seconds
110.957: Application time: 0.0796680 seconds
110.997: [GC [PSYoungGen: 12544K->710K(13824K)] 37393K->25575K(45056K), 0.0006280 secs] [Times: user=0.00 sys=0.00, real=0.00 secs] 
110.997: Total time for which application threads were stopped: 0.0403870 seconds, Stopping threads took: 0.0396810 seconds
111.075: Application time: 0.0780070 seconds
111.113: [GC [PSYoungGen: 12622K->774K(13824K)] 37487K->25639K(45056K), 0.0007350 secs] [Times: user=0.01 sys=0.00, real=0.00 secs] 
111.114: Total time for which application threads were stopped: 0.0390160 seconds, Stopping threads took: 0.0381970 seconds
111.198: Application time: 0.0840710 seconds
111.245: [GC [PSYoungGen: 13058K->1360K(13824K)] 37922K->27006K(45056K), 0.0009870 secs] [Times: user=0.00 sys=0.00, real=0.00 secs] 
111.246: Total time for which application threads were stopped: 0.0474550 seconds, Stopping threads took: 0.0463760 seconds
111.352: Application time: 0.1061310 seconds
111.422: [GC [PSYoungGen: 13585K->320K(13824K)] 39231K->25965K(45056K), 0.0004990 secs] [Times: user=0.00 sys=0.00, real=0.00 secs] 
111.423: Total time for which application threads were stopped: 0.0707550 seconds, Stopping threads took: 0.0701620 seconds
111.503: Application time: 0.0805230 seconds
111.570: [GC [PSYoungGen: 12544K->710K(13824K)] 38190K->26364K(45056K), 0.0005900 secs] [Times: user=0.01 sys=0.00, real=0.00 secs] 
111.570: Total time for which application threads were stopped: 0.0673400 seconds, Stopping threads took: 0.0666800 seconds
111.648: Application time: 0.0776310 seconds
111.691: [GC [PSYoungGen: 12915K->1376K(13824K)] 38569K->27811K(45056K), 0.0008540 secs] [Times: user=0.00 sys=0.00, real=0.00 secs] 
111.692: Total time for which application threads were stopped: 0.0440600 seconds, Stopping threads took: 0.0431330 seconds
111.773: Application time: 0.0812980 seconds
111.830: [GC [PSYoungGen: 13582K->1392K(13824K)] 40017K->27835K(45056K), 0.0006490 secs] [Times: user=0.00 sys=0.00, real=0.00 secs] 
111.831: Total time for which application threads were stopped: 0.0570480 seconds, Stopping threads took: 0.0563300 seconds
111.913: Application time: 0.0821230 seconds
111.978: [GC [PSYoungGen: 13597K->579K(13824K)] 40041K->27022K(45056K), 0.0006370 secs] [Times: user=0.01 sys=0.00, real=0.00 secs] 
111.978: Total time for which application threads were stopped: 0.0657850 seconds, Stopping threads took: 0.0650820 seconds
112.056: Application time: 0.0773380 seconds
112.099: [GC [PSYoungGen: 12608K->694K(13824K)] 39051K->27137K(45056K), 0.0007370 secs] [Times: user=0.00 sys=0.00, real=0.00 secs] 
112.099: Total time for which application threads were stopped: 0.0435560 seconds, Stopping threads took: 0.0427260 seconds
112.180: Application time: 0.0804050 seconds
112.218: [GC [PSYoungGen: 12685K->758K(13824K)] 39128K->27209K(45056K), 0.0007830 secs] [Times: user=0.00 sys=0.00, real=0.00 secs] 
112.219: Total time for which application threads were stopped: 0.0390560 seconds, Stopping threads took: 0.0381850 seconds
112.299: Application time: 0.0806170 seconds
112.348: [GC [PSYoungGen: 12983K->1117K(13824K)] 39434K->27576K(45056K), 0.0006880 secs] [Times: user=0.00 sys=0.00, real=0.01 secs] 
112.349: Total time for which application threads were stopped: 0.0492440 seconds, Stopping threads took: 0.0484720 seconds
112.430: Application time: 0.0815440 seconds
112.499: [GC [PSYoungGen: 13322K->368K(13824K)] 39781K->26843K(45056K), 0.0004600 secs] [Times: user=0.00 sys=0.00, real=0.00 secs] 
112.500: Total time for which application threads were stopped: 0.0695570 seconds, Stopping threads took: 0.0690310 seconds
112.580: Application time: 0.0799990 seconds
112.637: [GC [PSYoungGen: 12592K->806K(13824K)] 39067K->27289K(45056K), 0.0007770 secs] [Times: user=0.00 sys=0.00, real=0.00 secs] 
112.638: Total time for which application threads were stopped: 0.0584500 seconds, Stopping threads took: 0.0575760 seconds
112.718: Application time: 0.0797980 seconds
112.759: [GC [PSYoungGen: 13011K->1376K(13824K)] 39495K->28649K(45056K), 0.0009460 secs] [Times: user=0.01 sys=0.00, real=0.00 secs] 
112.760: Total time for which application threads were stopped: 0.0423840 seconds, Stopping threads took: 0.0413460 seconds
112.853: Application time: 0.0928060 seconds
112.926: [GC [PSYoungGen: 13582K->1328K(13824K)] 40854K->28601K(45056K), 0.0006240 secs] [Times: user=0.00 sys=0.00, real=0.00 secs] 
112.927: Total time for which application threads were stopped: 0.0732810 seconds, Stopping threads took: 0.0725910 seconds
113.017: Application time: 0.0902920 seconds
113.072: [GC [PSYoungGen: 13534K->531K(13824K)] 40806K->27803K(45056K), 0.0005020 secs] [Times: user=0.00 sys=0.00, real=0.00 secs] 
113.073: Total time for which application threads were stopped: 0.0560990 seconds, Stopping threads took: 0.0555270 seconds
113.156: Application time: 0.0830850 seconds
113.225: [GC [PSYoungGen: 12560K->758K(13824K)] 39833K->28039K(45056K), 0.0005510 secs] [Times: user=0.01 sys=0.00, real=0.00 secs] 
113.226: Total time for which application threads were stopped: 0.0700540 seconds, Stopping threads took: 0.0694050 seconds
113.305: Application time: 0.0786890 seconds
113.346: [GC [PSYoungGen: 12671K->790K(13824K)] 39951K->28079K(45056K), 0.0005750 secs] [Times: user=0.00 sys=0.00, real=0.00 secs] 
113.347: Total time for which application threads were stopped: 0.0421240 seconds, Stopping threads took: 0.0414800 seconds
113.426: Application time: 0.0792910 seconds
113.467: [GC [PSYoungGen: 12917K->1344K(13824K)] 40206K->29414K(45056K), 0.0009340 secs] [Times: user=0.00 sys=0.00, real=0.00 secs] 
113.468: Total time for which application threads were stopped: 0.0418400 seconds, Stopping threads took: 0.0408360 seconds
113.556: Application time: 0.0884140 seconds
113.624: [GC [PSYoungGen: 13631K->1410K(13824K)] 41701K->29480K(45056K), 0.0006700 secs] [Times: user=0.00 sys=0.00, real=0.00 secs] 
113.624: Total time for which application threads were stopped: 0.0679100 seconds, Stopping threads took: 0.0671590 seconds
113.706: Application time: 0.0818380 seconds
113.764: [GC [PSYoungGen: 13612K->515K(13824K)] 41682K->28593K(45056K), 0.0004740 secs] [Times: user=0.00 sys=0.00, real=0.00 secs] 
113.765: Total time for which application threads were stopped: 0.0589470 seconds, Stopping threads took: 0.0572810 seconds
113.844: Application time: 0.0785980 seconds
113.884: [GC [PSYoungGen: 12544K->1490K(13824K)] 40622K->29966K(45056K), 0.0010190 secs] [Times: user=0.00 sys=0.01, real=0.00 secs] 
113.886: Total time for which application threads were stopped: 0.0417930 seconds, Stopping threads took: 0.0407040 seconds
113.969: Application time: 0.0838300 seconds
114.033: [GC [PSYoungGen: 13597K->954K(13824K)] 42074K->29438K(45056K), 0.0007580 secs] [Times: user=0.00 sys=0.00, real=0.00 secs] 
114.034: Total time for which application threads were stopped: 0.0642040 seconds, Stopping threads took: 0.0633600 seconds
114.115: Application time: 0.0813960 seconds
114.154: [GC [PSYoungGen: 13061K->1181K(13824K)] 41545K->29665K(45056K), 0.0007470 secs] [Times: user=0.00 sys=0.00, real=0.00 secs] 
114.155: Total time for which application threads were stopped: 0.0402850 seconds, Stopping threads took: 0.0394460 seconds
114.239: Application time: 0.0838780 seconds
114.303: [GC [PSYoungGen: 13308K->368K(13824K)] 41792K->28860K(45056K), 0.0004980 secs] [Times: user=0.01 sys=0.00, real=0.00 secs] 
114.303: Total time for which application threads were stopped: 0.0643340 seconds, Stopping threads took: 0.0637430 seconds
114.384: Application time: 0.0802880 seconds
114.425: [GC [PSYoungGen: 12592K->774K(13824K)] 41085K->29267K(45056K), 0.0005760 secs] [Times: user=0.01 sys=0.00, real=0.00 secs] 
114.426: Total time for which application threads were stopped: 0.0417490 seconds, Stopping threads took: 0.0410890 seconds
114.508: Application time: 0.0826150 seconds
114.548: [GC [PSYoungGen: 12980K->1360K(13824K)] 41472K->30642K(45056K), 0.0009680 secs] [Times: user=0.00 sys=0.01, real=0.01 secs] 
114.549: Total time for which application threads were stopped: 0.0411940 seconds, Stopping threads took: 0.0401540 seconds
114.642: Application time: 0.0927200 seconds
114.712: [GC [PSYoungGen: 13565K->1328K(13824K)] 42847K->30610K(45056K), 0.0006650 secs] [Times: user=0.00 sys=0.00, real=0.00 secs] 
114.712: Total time for which application threads were stopped: 0.0701700 seconds, Stopping threads took: 0.0694390 seconds
114.793: Application time: 0.0806350 seconds
114.857: [GC [PSYoungGen: 13533K->627K(13824K)] 42815K->29916K(45056K), 0.0005560 secs] [Times: user=0.01 sys=0.00, real=0.00 secs] 
114.857: Total time for which application threads were stopped: 0.0643670 seconds, Stopping threads took: 0.0637150 seconds
114.937: Application time: 0.0793600 seconds
114.977: [GC [PSYoungGen: 12754K->1508K(13824K)] 42044K->31204K(45056K), 0.0010540 secs] [Times: user=0.00 sys=0.00, real=0.00 secs] 
114.978: Total time for which application threads were stopped: 0.0416570 seconds, Stopping threads took: 0.0405130 seconds
115.060: Application time: 0.0815020 seconds
115.126: [GC [PSYoungGen: 13635K->1181K(13824K)] 43331K->30885K(45056K), 0.0007760 secs] [Times: user=0.01 sys=0.00, real=0.00 secs] 
115.126: Total time for which application threads were stopped: 0.0666080 seconds, Stopping threads took: 0.0657360 seconds
115.208: Application time: 0.0815370 seconds
115.274: [GC [PSYoungGen: 13386K->336K(13824K)] 43091K->30040K(45056K), 0.0006740 secs] [Times: user=0.00 sys=0.00, real=0.00 secs] 
115.274: Total time for which application threads were stopped: 0.0665090 seconds, Stopping threads took: 0.0657570 seconds
115.353: Application time: 0.0787810 seconds
115.395: [GC [PSYoungGen: 12443K->547K(13824K)] 42148K->30259K(45056K), 0.0005000 secs] [Times: user=0.00 sys=0.00, real=0.00 secs] 
115.395: Total time for which application threads were stopped: 0.0422220 seconds, Stopping threads took: 0.0416290 seconds
115.482: Application time: 0.0864380 seconds
115.535: [GC [PSYoungGen: 12576K->1490K(13824K)] 42289K->31593K(45056K), 0.0008540 secs] [Times: user=0.00 sys=0.00, real=0.00 secs] 
115.536: Total time for which application threads were stopped: 0.0543680 seconds, Stopping threads took: 0.0534440 seconds
115.618: Application time: 0.0816500 seconds
115.683: [GC [PSYoungGen: 13559K->774K(13824K)] 43662K->30885K(45056K), 0.0005750 secs] [Times: user=0.00 sys=0.00, real=0.00 secs] 
115.683: Total time for which application threads were stopped: 0.0656060 seconds, Stopping threads took: 0.0649670 seconds
115.762: Application time: 0.0786930 seconds
115.803: [GC [PSYoungGen: 12999K->1442K(13824K)] 43110K->32342K(45056K), 0.0009460 secs] [Times: user=0.00 sys=0.00, real=0.00 secs] 
115.804: [Full GC [PSYoungGen: 1442K->0K(13824K)] [ParOldGen: 30900K->3586K(31232K)] 32342K->3586K(45056K) [PSPermGen: 5116K->5116K(21504K)], 0.0052760 secs] [Times: user=0.02 sys=0.00, real=0.01 secs] 
115.809: Total time for which application threads were stopped: 0.0466580 seconds, Stopping threads took: 0.0403180 seconds
115.912: Application time: 0.1032070 seconds
115.981: [GC [PSYoungGen: 12127K->192K(13824K)] 15713K->3778K(45056K), 0.0003910 secs] [Times: user=0.00 sys=0.00, real=0.00 secs] 
115.982: Total time for which application threads were stopped: 0.0694520 seconds, Stopping threads took: 0.0689850 seconds
116.063: Application time: 0.0812590 seconds
116.121: [GC [PSYoungGen: 12202K->1395K(13824K)] 15788K->4982K(45056K), 0.0006450 secs] [Times: user=0.00 sys=0.00, real=0.00 secs] 
116.122: Total time for which application threads were stopped: 0.0592350 seconds, Stopping threads took: 0.0585210 seconds
116.204: Application time: 0.0818090 seconds
116.269: [GC [PSYoungGen: 13601K->646K(13824K)] 17187K->4233K(45056K), 0.0004070 secs] [Times: user=0.00 sys=0.00, real=0.00 secs] 
116.270: Total time for which application threads were stopped: 0.0660140 seconds, Stopping threads took: 0.0655470 seconds
116.349: Application time: 0.0795800 seconds
116.386: [GC [PSYoungGen: 12754K->1411K(13824K)] 16340K->6561K(45056K), 0.0012130 secs] [Times: user=0.00 sys=0.00, real=0.00 secs] 
116.388: Total time for which application threads were stopped: 0.0382380 seconds, Stopping threads took: 0.0369520 seconds
116.469: Application time: 0.0817920 seconds
116.534: [GC [PSYoungGen: 13636K->1525K(13824K)] 18785K->7456K(45056K), 0.0008810 secs] [Times: user=0.00 sys=0.00, real=0.00 secs] 
116.535: Total time for which application threads were stopped: 0.0657990 seconds, Stopping threads took: 0.0648340 seconds
116.637: Application time: 0.1016870 seconds
116.703: [GC [PSYoungGen: 13730K->467K(13824K)] 19661K->6397K(45056K), 0.0004540 secs] [Times: user=0.00 sys=0.00, real=0.00 secs] 
116.703: Total time for which application threads were stopped: 0.0665240 seconds, Stopping threads took: 0.0660090 seconds
116.781: Application time: 0.0772130 seconds
116.820: [GC [PSYoungGen: 12574K->1492K(13824K)] 18505K->8789K(45056K), 0.0010170 secs] [Times: user=0.01 sys=0.00, real=0.00 secs] 
116.821: Total time for which application threads were stopped: 0.0406860 seconds, Stopping threads took: 0.0395960 seconds
116.916: Application time: 0.0949570 seconds
116.990: [GC [PSYoungGen: 13716K->1053K(13824K)] 21014K->8351K(45056K), 0.0005810 secs] [Times: user=0.00 sys=0.00, real=0.00 secs] 
116.991: Total time for which application threads were stopped: 0.0744240 seconds, Stopping threads took: 0.0737700 seconds
117.081: Application time: 0.0905800 seconds
117.153: [GC [PSYoungGen: 13336K->304K(13824K)] 20634K->7601K(45056K), 0.0004210 secs] [Times: user=0.01 sys=0.00, real=0.00 secs] 
117.154: Total time for which application threads were stopped: 0.0724240 seconds, Stopping threads took: 0.0719310 seconds
117.233: Application time: 0.0792760 seconds
117.272: [GC [PSYoungGen: 12528K->710K(13824K)] 19826K->8008K(45056K), 0.0005130 secs] [Times: user=0.00 sys=0.00, real=0.00 secs] 
117.272: Total time for which application threads were stopped: 0.0394240 seconds, Stopping threads took: 0.0388220 seconds
117.352: Application time: 0.0791490 seconds
117.392: [GC [PSYoungGen: 12935K->1117K(13824K)] 20233K->8415K(45056K), 0.0005930 secs] [Times: user=0.00 sys=0.00, real=0.00 secs] 
117.392: Total time for which application threads were stopped: 0.0407790 seconds, Stopping threads took: 0.0401130 seconds
117.472: Application time: 0.0800640 seconds
117.544: [GC [PSYoungGen: 13322K->288K(13824K)] 20620K->7585K(45056K), 0.0004570 secs] [Times: user=0.00 sys=0.00, real=0.00 secs] 
117.544: Total time for which application threads were stopped: 0.0717540 seconds, Stopping threads took: 0.0712360 seconds
117.623: Application time: 0.0785150 seconds
117.665: [GC [PSYoungGen: 12395K->563K(13824K)] 19693K->7861K(45056K), 0.0005120 secs] [Times: user=0.00 sys=0.00, real=0.00 secs] 
117.665: Total time for which application threads were stopped: 0.0423420 seconds, Stopping threads took: 0.0417550 seconds
117.745: Application time: 0.0800070 seconds
117.786: [GC [PSYoungGen: 12592K->758K(13824K)] 19890K->8056K(45056K), 0.0004950 secs] [Times: user=0.00 sys=0.00, real=0.00 secs] 
117.786: Total time for which application threads were stopped: 0.0412040 seconds, Stopping threads took: 0.0406430 seconds
117.864: Application time: 0.0776380 seconds
117.906: [GC [PSYoungGen: 12963K->1490K(13824K)] 20261K->10546K(45056K), 0.0012590 secs] [Times: user=0.01 sys=0.00, real=0.00 secs] 
117.908: Total time for which application threads were stopped: 0.0437950 seconds, Stopping threads took: 0.0424460 seconds
117.990: Application time: 0.0818530 seconds
118.057: [GC [PSYoungGen: 13500K->1490K(13824K)] 22555K->11359K(45056K), 0.0009890 secs] [Times: user=0.00 sys=0.00, real=0.00 secs] 
118.058: Total time for which application threads were stopped: 0.0687650 seconds, Stopping threads took: 0.0676820 seconds
118.141: Application time: 0.0824900 seconds
118.195: [GC [PSYoungGen: 13715K->1392K(13824K)] 23584K->11472K(45056K), 0.0007310 secs] [Times: user=0.00 sys=0.00, real=0.00 secs] 
118.196: Total time for which application threads were stopped: 0.0549250 seconds, Stopping threads took: 0.0541150 seconds
118.277: Application time: 0.0811570 seconds
118.343: [GC [PSYoungGen: 13519K->742K(13824K)] 23600K->10831K(45056K), 0.0005340 secs] [Times: user=0.01 sys=0.00, real=0.00 secs] 
118.343: Total time for which application threads were stopped: 0.0661330 seconds, Stopping threads took: 0.0655360 seconds
118.427: Application time: 0.0837950 seconds
118.465: [GC [PSYoungGen: 12733K->758K(13824K)] 22821K->10863K(45056K), 0.0004640 secs] [Times: user=0.00 sys=0.00, real=0.00 secs] 
118.465: Total time for which application threads were stopped: 0.0381950 seconds, Stopping threads took: 0.0376660 seconds
118.551: Application time: 0.0859370 seconds
118.606: [GC [PSYoungGen: 13042K->1344K(13824K)] 23146K->12230K(45056K), 0.0009040 secs] [Times: user=0.00 sys=0.00, real=0.00 secs] 
118.607: Total time for which application threads were stopped: 0.0555600 seconds, Stopping threads took: 0.0545630 seconds
118.688: Application time: 0.0813950 seconds
118.759: [GC [PSYoungGen: 13569K->336K(13824K)] 24455K->11237K(45056K), 0.0005430 secs] [Times: user=0.00 sys=0.00, real=0.00 secs] 
118.759: Total time for which application threads were stopped: 0.0711620 seconds, Stopping threads took: 0.0705220 seconds
118.838: Application time: 0.0792250 seconds
118.881: [GC [PSYoungGen: 12560K->790K(13824K)] 23462K->11708K(45056K), 0.0004860 secs] [Times: user=0.01 sys=0.00, real=0.00 secs] 
118.883: Total time for which application threads were stopped: 0.0442810 seconds, Stopping threads took: 0.0427040 seconds
118.962: Application time: 0.0796970 seconds
119.013: [GC [PSYoungGen: 12971K->1360K(13824K)] 23889K->13059K(45056K), 0.0008020 secs] [Times: user=0.00 sys=0.00, real=0.00 secs] 
119.014: Total time for which application threads were stopped: 0.0515050 seconds, Stopping threads took: 0.0506380 seconds
119.110: Application time: 0.0957820 seconds
119.179: [GC [PSYoungGen: 13589K->1376K(13824K)] 25288K->13091K(45056K), 0.0006900 secs] [Times: user=0.01 sys=0.00, real=0.00 secs] 
119.180: Total time for which application threads were stopped: 0.0705210 seconds, Stopping threads took: 0.0697650 seconds
119.262: Application time: 0.0819780 seconds
119.328: [GC [PSYoungGen: 13503K->579K(13824K)] 25218K->12294K(45056K), 0.0004900 secs] [Times: user=0.00 sys=0.00, real=0.01 secs] 
119.329: Total time for which application threads were stopped: 0.0666590 seconds, Stopping threads took: 0.0660970 seconds
119.409: Application time: 0.0798080 seconds
119.451: [GC [PSYoungGen: 12687K->1360K(13824K)] 24402K->14638K(45056K), 0.0011300 secs] [Times: user=0.01 sys=0.00, real=0.00 secs] 
119.453: Total time for which application threads were stopped: 0.0439370 seconds, Stopping threads took: 0.0427370 seconds
119.535: Application time: 0.0827280 seconds
119.607: [GC [PSYoungGen: 13272K->790K(13824K)] 26550K->14076K(45056K), 0.0005000 secs] [Times: user=0.00 sys=0.00, real=0.00 secs] 
119.607: Total time for which application threads were stopped: 0.0721330 seconds, Stopping threads took: 0.0715700 seconds
119.688: Application time: 0.0800820 seconds
119.755: [GC [PSYoungGen: 13015K->1165K(13824K)] 26301K->14466K(45056K), 0.0006040 secs] [Times: user=0.00 sys=0.00, real=0.00 secs] 
119.756: Total time for which application threads were stopped: 0.0685600 seconds, Stopping threads took: 0.0678920 seconds
119.838: Application time: 0.0821370 seconds
119.892: [GC [PSYoungGen: 13292K->320K(13824K)] 26593K->13621K(45056K), 0.0004390 secs] [Times: user=0.00 sys=0.00, real=0.00 secs] 
119.892: Total time for which application threads were stopped: 0.0542510 seconds, Stopping threads took: 0.0537380 seconds
119.972: Application time: 0.0798180 seconds
120.014: [GC [PSYoungGen: 12427K->531K(13824K)] 25729K->13840K(45056K), 0.0004560 secs] [Times: user=0.00 sys=0.00, real=0.00 secs] 
120.014: Total time for which application threads were stopped: 0.0420280 seconds, Stopping threads took: 0.0415050 seconds
120.094: Application time: 0.0796910 seconds
120.135: [GC [PSYoungGen: 12717K->1442K(13824K)] 26026K->15150K(45056K), 0.0007970 secs] [Times: user=0.01 sys=0.00, real=0.00 secs] 
120.136: Total time for which application threads were stopped: 0.0422550 seconds, Stopping threads took: 0.0413710 seconds
120.218: Application time: 0.0813830 seconds
120.283: [GC [PSYoungGen: 13354K->726K(13824K)] 27062K->14434K(45056K), 0.0005220 secs] [Times: user=0.01 sys=0.00, real=0.00 secs] 
120.283: Total time for which application threads were stopped: 0.0657460 seconds, Stopping threads took: 0.0651610 seconds
120.363: Application time: 0.0791370 seconds
120.404: [GC [PSYoungGen: 12951K->1181K(13824K)] 26659K->14889K(45056K), 0.0006370 secs] [Times: user=0.00 sys=0.00, real=0.00 secs] 
120.404: Total time for which application threads were stopped: 0.0418220 seconds, Stopping threads took: 0.0411030 seconds
120.488: Application time: 0.0835940 seconds
120.544: [GC [PSYoungGen: 13308K->336K(13824K)] 27016K->14052K(45056K), 0.0004320 secs] [Times: user=0.01 sys=0.00, real=0.00 secs] 
120.545: Total time for which application threads were stopped: 0.0568950 seconds, Stopping threads took: 0.0563930 seconds
120.624: Application time: 0.0788710 seconds
120.664: [GC [PSYoungGen: 12541K->1376K(13824K)] 26257K->15491K(45056K), 0.0007290 secs] [Times: user=0.01 sys=0.00, real=0.00 secs] 
120.665: Total time for which application threads were stopped: 0.0412550 seconds, Stopping threads took: 0.0404460 seconds
120.747: Application time: 0.0820350 seconds
120.812: [GC [PSYoungGen: 13386K->790K(13824K)] 27501K->14905K(45056K), 0.0005650 secs] [Times: user=0.00 sys=0.00, real=0.00 secs] 
120.813: Total time for which application threads were stopped: 0.0658960 seconds, Stopping threads took: 0.0652640 seconds
120.910: Application time: 0.0971950 seconds
120.968: [GC [PSYoungGen: 12781K->726K(13824K)] 26896K->14841K(45056K), 0.0005310 secs] [Times: user=0.00 sys=0.00, real=0.01 secs] 
120.969: Total time for which application threads were stopped: 0.0586850 seconds, Stopping threads took: 0.0580590 seconds
121.049: Application time: 0.0805050 seconds
121.100: [GC [PSYoungGen: 12951K->1133K(13824K)] 27066K->15256K(45056K), 0.0006810 secs] [Times: user=0.00 sys=0.00, real=0.00 secs] 
121.101: Total time for which application threads were stopped: 0.0516420 seconds, Stopping threads took: 0.0508700 seconds
121.184: Application time: 0.0825830 seconds
121.220: [GC [PSYoungGen: 13358K->1344K(13824K)] 27480K->15678K(45056K), 0.0006810 secs] [Times: user=0.00 sys=0.01, real=0.00 secs] 
121.221: Total time for which application threads were stopped: 0.0374030 seconds, Stopping threads took: 0.0366330 seconds
121.304: Application time: 0.0825860 seconds
121.368: [GC [PSYoungGen: 13471K->758K(13824K)] 27805K->15092K(45056K), 0.0005250 secs] [Times: user=0.00 sys=0.00, real=0.00 secs] 
121.368: Total time for which application threads were stopped: 0.0645550 seconds, Stopping threads took: 0.0639620 seconds
121.446: Application time: 0.0779000 seconds
121.489: [GC [PSYoungGen: 12670K->774K(13824K)] 27005K->15116K(45056K), 0.0005260 secs] [Times: user=0.00 sys=0.00, real=0.00 secs] 
121.489: Total time for which application threads were stopped: 0.0433430 seconds, Stopping threads took: 0.0427490 seconds
121.568: Application time: 0.0781390 seconds
121.609: [GC [PSYoungGen: 12980K->1360K(13824K)] 27322K->16492K(45056K), 0.0009590 secs] [Times: user=0.01 sys=0.00, real=0.00 secs] 
121.610: Total time for which application threads were stopped: 0.0422990 seconds, Stopping threads took: 0.0412690 seconds
121.700: Application time: 0.0898330 seconds
121.770: [GC [PSYoungGen: 13644K->1376K(13824K)] 28775K->16508K(45056K), 0.0006750 secs] [Times: user=0.01 sys=0.00, real=0.00 secs] 
121.771: Total time for which application threads were stopped: 0.0714420 seconds, Stopping threads took: 0.0706740 seconds
121.852: Application time: 0.0805250 seconds
121.917: [GC [PSYoungGen: 13503K->547K(13824K)] 28635K->15678K(45056K), 0.0004910 secs] [Times: user=0.00 sys=0.00, real=0.00 secs] 
121.918: Total time for which application threads were stopped: 0.0662980 seconds, Stopping threads took: 0.0657180 seconds
122.015: Application time: 0.0972120 seconds
122.085: [GC [PSYoungGen: 12655K->758K(13824K)] 27786K->15898K(45056K), 0.0007160 secs] [Times: user=0.01 sys=0.00, real=0.00 secs] 
122.086: Total time for which application threads were stopped: 0.0706430 seconds, Stopping threads took: 0.0698270 seconds
122.165: Application time: 0.0796110 seconds
122.216: [GC [PSYoungGen: 12983K->1149K(13824K)] 28122K->16296K(45056K), 0.0006310 secs] [Times: user=0.01 sys=0.00, real=0.01 secs] 
122.217: Total time for which application threads were stopped: 0.0512030 seconds, Stopping threads took: 0.0504810 seconds
122.299: Application time: 0.0823910 seconds
122.360: [GC [PSYoungGen: 13276K->320K(13824K)] 28423K->15475K(45056K), 0.0004210 secs] [Times: user=0.00 sys=0.01, real=0.00 secs] 
122.361: Total time for which application threads were stopped: 0.0617600 seconds, Stopping threads took: 0.0612710 seconds
122.441: Application time: 0.0806700 seconds
122.503: [GC [PSYoungGen: 12427K->531K(13824K)] 27583K->15686K(45056K), 0.0005570 secs] [Times: user=0.00 sys=0.00, real=0.00 secs] 
122.503: Total time for which application threads were stopped: 0.0617010 seconds, Stopping threads took: 0.0610550 seconds
122.584: Application time: 0.0806160 seconds
122.622: [GC [PSYoungGen: 12638K->1458K(13824K)] 27794K->17004K(45056K), 0.0007900 secs] [Times: user=0.00 sys=0.00, real=0.00 secs] 
122.623: Total time for which application threads were stopped: 0.0393690 seconds, Stopping threads took: 0.0384970 seconds
122.724: Application time: 0.1005580 seconds
122.790: [GC [PSYoungGen: 13683K->1149K(13824K)] 29229K->16703K(45056K), 0.0008180 secs] [Times: user=0.00 sys=0.00, real=0.00 secs] 
122.791: Total time for which application threads were stopped: 0.0668860 seconds, Stopping threads took: 0.0660020 seconds
122.871: Application time: 0.0808900 seconds
122.939: [GC [PSYoungGen: 13276K->304K(13824K)] 28830K->15866K(45056K), 0.0004630 secs] [Times: user=0.00 sys=0.00, real=0.00 secs] 
122.939: Total time for which application threads were stopped: 0.0676610 seconds, Stopping threads took: 0.0671340 seconds
123.034: Application time: 0.0953630 seconds
123.099: [GC [PSYoungGen: 12490K->611K(13824K)] 28052K->16181K(45056K), 0.0005080 secs] [Times: user=0.00 sys=0.00, real=0.00 secs] 
123.100: Total time for which application threads were stopped: 0.0654800 seconds, Stopping threads took: 0.0649010 seconds
123.178: Application time: 0.0783690 seconds
123.222: [GC [PSYoungGen: 12719K->790K(13824K)] 28289K->16360K(45056K), 0.0006000 secs] [Times: user=0.00 sys=0.00, real=0.00 secs] 
123.223: Total time for which application threads were stopped: 0.0447080 seconds, Stopping threads took: 0.0440070 seconds
123.303: Application time: 0.0800220 seconds
123.346: [GC [PSYoungGen: 12703K->758K(13824K)] 28273K->16328K(45056K), 0.0006230 secs] [Times: user=0.00 sys=0.00, real=0.00 secs] 
123.346: Total time for which application threads were stopped: 0.0433050 seconds, Stopping threads took: 0.0426060 seconds
123.435: Application time: 0.0883190 seconds
123.477: [GC [PSYoungGen: 12964K->1376K(13824K)] 28534K->17728K(45056K), 0.0008810 secs] [Times: user=0.01 sys=0.00, real=0.00 secs] 
123.478: Total time for which application threads were stopped: 0.0429560 seconds, Stopping threads took: 0.0420020 seconds
123.579: Application time: 0.1012040 seconds
123.643: [GC [PSYoungGen: 13601K->320K(13824K)] 29952K->16679K(45056K), 0.0006620 secs] [Times: user=0.00 sys=0.00, real=0.00 secs] 
123.643: Total time for which application threads were stopped: 0.0645740 seconds, Stopping threads took: 0.0638400 seconds
123.723: Application time: 0.0795500 seconds
123.763: [GC [PSYoungGen: 12329K->1506K(13824K)] 28689K->19045K(45056K), 0.0010150 secs] [Times: user=0.00 sys=0.00, real=0.00 secs] 
123.765: Total time for which application threads were stopped: 0.0414980 seconds, Stopping threads took: 0.0403790 seconds
123.845: Application time: 0.0808170 seconds
123.912: [GC [PSYoungGen: 13633K->1458K(13824K)] 31172K->19396K(45056K), 0.0007400 secs] [Times: user=0.00 sys=0.00, real=0.00 secs] 
123.914: Total time for which application threads were stopped: 0.0685590 seconds, Stopping threads took: 0.0669510 seconds
123.995: Application time: 0.0811200 seconds
124.049: [GC [PSYoungGen: 13683K->1181K(13824K)] 31621K->19119K(45056K), 0.0007970 secs] [Times: user=0.00 sys=0.00, real=0.00 secs] 
124.049: Total time for which application threads were stopped: 0.0543810 seconds, Stopping threads took: 0.0534990 seconds
124.131: Application time: 0.0819860 seconds
124.196: [GC [PSYoungGen: 13386K->336K(13824K)] 31324K->18281K(45056K), 0.0006570 secs] [Times: user=0.00 sys=0.00, real=0.01 secs] 
124.197: Total time for which application threads were stopped: 0.0654990 seconds, Stopping threads took: 0.0647750 seconds
124.275: Application time: 0.0780050 seconds
124.314: [GC [PSYoungGen: 12521K->1474K(13824K)] 30467K->19615K(45056K), 0.0007080 secs] [Times: user=0.00 sys=0.00, real=0.00 secs] 
124.315: Total time for which application threads were stopped: 0.0401580 seconds, Stopping threads took: 0.0393710 seconds
124.395: Application time: 0.0800490 seconds
124.461: [GC [PSYoungGen: 13601K->1360K(13824K)] 31742K->20087K(45056K), 0.0010490 secs] [Times: user=0.00 sys=0.00, real=0.00 secs] 
124.462: Total time for which application threads were stopped: 0.0666330 seconds, Stopping threads took: 0.0654860 seconds
124.544: Application time: 0.0820970 seconds
124.608: [GC [PSYoungGen: 13487K->1133K(13824K)] 32214K->19868K(45056K), 0.0007680 secs] [Times: user=0.00 sys=0.00, real=0.01 secs] 
124.609: Total time for which application threads were stopped: 0.0647270 seconds, Stopping threads took: 0.0638660 seconds
124.697: Application time: 0.0889360 seconds
124.761: [GC [PSYoungGen: 13416K->336K(13824K)] 32152K->19079K(45056K), 0.0006990 secs] [Times: user=0.01 sys=0.00, real=0.00 secs] 
124.762: Total time for which application threads were stopped: 0.0645700 seconds, Stopping threads took: 0.0637820 seconds
124.842: Application time: 0.0796900 seconds
124.883: [GC [PSYoungGen: 12560K->758K(13824K)] 31304K->19501K(45056K), 0.0007220 secs] [Times: user=0.00 sys=0.00, real=0.00 secs] 
124.884: Total time for which application threads were stopped: 0.0421800 seconds, Stopping threads took: 0.0413600 seconds
124.965: Application time: 0.0814340 seconds
125.010: [GC [PSYoungGen: 13042K->1344K(13824K)] 31785K->20869K(45056K), 0.0011120 secs] [Times: user=0.00 sys=0.00, real=0.00 secs] 
125.012: Total time for which application threads were stopped: 0.0461280 seconds, Stopping threads took: 0.0449200 seconds
125.100: Application time: 0.0889940 seconds
125.170: [GC [PSYoungGen: 13549K->1392K(13824K)] 33074K->20933K(45056K), 0.0006560 secs] [Times: user=0.01 sys=0.00, real=0.00 secs] 
125.170: Total time for which application threads were stopped: 0.0699420 seconds, Stopping threads took: 0.0691900 seconds
125.260: Application time: 0.0893320 seconds
125.326: [GC [PSYoungGen: 13519K->611K(13824K)] 33060K->20159K(45056K), 0.0005410 secs] [Times: user=0.00 sys=0.00, real=0.00 secs] 
125.327: Total time for which application threads were stopped: 0.0667350 seconds, Stopping threads took: 0.0661030 seconds
125.424: Application time: 0.0976820 seconds
125.498: [GC [PSYoungGen: 12640K->742K(13824K)] 32189K->20299K(45056K), 0.0005430 secs] [Times: user=0.00 sys=0.00, real=0.00 secs] 
125.498: Total time for which application threads were stopped: 0.0739210 seconds, Stopping threads took: 0.0732990 seconds
125.586: Application time: 0.0874920 seconds
125.630: [GC [PSYoungGen: 12967K->1149K(13824K)] 32524K->20713K(45056K), 0.0006270 secs] [Times: user=0.01 sys=0.00, real=0.00 secs] 
125.631: Total time for which application threads were stopped: 0.0450640 seconds, Stopping threads took: 0.0443670 seconds
125.719: Application time: 0.0887710 seconds
125.790: [GC [PSYoungGen: 13432K->336K(13824K)] 32997K->19900K(45056K), 0.0005030 secs] [Times: user=0.01 sys=0.00, real=0.00 secs] 
125.790: Total time for which application threads were stopped: 0.0706750 seconds, Stopping threads took: 0.0700820 seconds
125.875: Application time: 0.0852920 seconds
125.922: [GC [PSYoungGen: 12560K->1360K(13824K)] 32125K->22495K(45056K), 0.0010570 secs] [Times: user=0.00 sys=0.00, real=0.00 secs] 
125.923: Total time for which application threads were stopped: 0.0479470 seconds, Stopping threads took: 0.0467960 seconds
126.011: Application time: 0.0880730 seconds
126.057: [GC [PSYoungGen: 13565K->1506K(13824K)] 34701K->24399K(45056K), 0.0011710 secs] [Times: user=0.00 sys=0.00, real=0.00 secs] 
126.058: Total time for which application threads were stopped: 0.0466250 seconds, Stopping threads took: 0.0453690 seconds
126.146: Application time: 0.0875940 seconds
126.224: [GC [PSYoungGen: 13438K->1181K(13824K)] 36331K->24074K(45056K), 0.0006170 secs] [Times: user=0.01 sys=0.00, real=0.00 secs] 
126.224: Total time for which application threads were stopped: 0.0784790 seconds, Stopping threads took: 0.0777990 seconds
126.312: Application time: 0.0873350 seconds
126.379: [GC [PSYoungGen: 13386K->1490K(13824K)] 36279K->24391K(45056K), 0.0008040 secs] [Times: user=0.00 sys=0.00, real=0.00 secs] 
126.380: Total time for which application threads were stopped: 0.0683140 seconds, Stopping threads took: 0.0674460 seconds
126.469: Application time: 0.0893180 seconds
126.539: [GC [PSYoungGen: 13597K->579K(13824K)] 36498K->23496K(45056K), 0.0005820 secs] [Times: user=0.01 sys=0.00, real=0.00 secs] 
126.539: Total time for which application threads were stopped: 0.0701490 seconds, Stopping threads took: 0.0694760 seconds
126.642: Application time: 0.1029920 seconds
126.698: [GC [PSYoungGen: 12608K->806K(13824K)] 35525K->23723K(45056K), 0.0006730 secs] [Times: user=0.00 sys=0.00, real=0.00 secs] 
126.699: Total time for which application threads were stopped: 0.0566540 seconds, Stopping threads took: 0.0558820 seconds
126.786: Application time: 0.0872730 seconds
126.854: [GC [PSYoungGen: 12992K->970K(13824K)] 35909K->23887K(45056K), 0.0009070 secs] [Times: user=0.00 sys=0.00, real=0.00 secs] 
126.855: Total time for which application threads were stopped: 0.0691460 seconds, Stopping threads took: 0.0681480 seconds
126.940: Application time: 0.0848440 seconds
126.983: [GC [PSYoungGen: 13077K->1376K(13824K)] 35994K->26254K(45056K), 0.0013540 secs] [Times: user=0.00 sys=0.00, real=0.00 secs] 
126.984: Total time for which application threads were stopped: 0.0439930 seconds, Stopping threads took: 0.0425410 seconds
127.071: Application time: 0.0869470 seconds
127.152: [GC [PSYoungGen: 13601K->1360K(13824K)] 38479K->26434K(45056K), 0.0008560 secs] [Times: user=0.00 sys=0.00, real=0.00 secs] 
127.152: Total time for which application threads were stopped: 0.0812740 seconds, Stopping threads took: 0.0803290 seconds
127.242: Application time: 0.0896160 seconds
127.312: [GC [PSYoungGen: 13566K->774K(13824K)] 38639K->25856K(45056K), 0.0007380 secs] [Times: user=0.01 sys=0.00, real=0.00 secs] 
127.313: Total time for which application threads were stopped: 0.0710960 seconds, Stopping threads took: 0.0702790 seconds
127.400: Application time: 0.0870590 seconds
127.446: [GC [PSYoungGen: 12999K->1165K(13824K)] 38080K->26254K(45056K), 0.0006320 secs] [Times: user=0.00 sys=0.00, real=0.00 secs] 
127.447: Total time for which application threads were stopped: 0.0466140 seconds, Stopping threads took: 0.0459070 seconds
127.534: Application time: 0.0870370 seconds
127.608: [GC [PSYoungGen: 13351K->1344K(13824K)] 38440K->26434K(45056K), 0.0009600 secs] [Times: user=0.00 sys=0.00, real=0.01 secs] 
127.609: Total time for which application threads were stopped: 0.0748280 seconds, Stopping threads took: 0.0737780 seconds
127.695: Application time: 0.0864020 seconds
127.740: [GC [PSYoungGen: 13471K->1506K(13824K)] 38561K->28939K(45056K), 0.0014480 secs] [Times: user=0.01 sys=0.00, real=0.00 secs] 
127.741: Total time for which application threads were stopped: 0.0462620 seconds, Stopping threads took: 0.0447210 seconds
127.829: Application time: 0.0878100 seconds
127.909: [GC [PSYoungGen: 13535K->790K(13824K)] 40969K->28224K(45056K), 0.0006030 secs] [Times: user=0.00 sys=0.00, real=0.00 secs] 
127.909: Total time for which application threads were stopped: 0.0801190 seconds, Stopping threads took: 0.0794380 seconds
128.007: Application time: 0.0972940 seconds
128.069: [GC [PSYoungGen: 12702K->758K(13824K)] 40136K->28200K(45056K), 0.0007420 secs] [Times: user=0.00 sys=0.00, real=0.00 secs] 
128.070: Total time for which application threads were stopped: 0.0631760 seconds, Stopping threads took: 0.0623460 seconds
128.156: Application time: 0.0861420 seconds
128.200: [GC [PSYoungGen: 12885K->1360K(13824K)] 40327K->29583K(45056K), 0.0010140 secs] [Times: user=0.00 sys=0.00, real=0.00 secs] 
128.201: Total time for which application threads were stopped: 0.0448280 seconds, Stopping threads took: 0.0437190 seconds
128.306: Application time: 0.1052430 seconds
128.384: [GC [PSYoungGen: 13487K->1392K(13824K)] 41710K->29623K(45056K), 0.0009010 secs] [Times: user=0.00 sys=0.00, real=0.00 secs] 
128.385: Total time for which application threads were stopped: 0.0793890 seconds, Stopping threads took: 0.0783940 seconds
128.472: Application time: 0.0865140 seconds
128.538: [GC [PSYoungGen: 13598K->547K(13824K)] 41828K->28778K(45056K), 0.0006220 secs] [Times: user=0.00 sys=0.00, real=0.00 secs] 
128.539: Total time for which application threads were stopped: 0.0668240 seconds, Stopping threads took: 0.0660910 seconds
128.626: Application time: 0.0868710 seconds
128.671: [GC [PSYoungGen: 12762K->1508K(13824K)] 40993K->30145K(45056K), 0.0010090 secs] [Times: user=0.00 sys=0.00, real=0.00 secs] 
128.672: Total time for which application threads were stopped: 0.0462450 seconds, Stopping threads took: 0.0451450 seconds
128.760: Application time: 0.0885350 seconds
128.831: [GC [PSYoungGen: 13666K->1001K(13824K)] 42303K->29647K(45056K), 0.0009310 secs] [Times: user=0.00 sys=0.00, real=0.00 secs] 
128.832: Total time for which application threads were stopped: 0.0717420 seconds, Stopping threads took: 0.0707290 seconds
128.933: Application time: 0.1011510 seconds
128.995: [GC [PSYoungGen: 13226K->1376K(13824K)] 41872K->30022K(45056K), 0.0007370 secs] [Times: user=0.00 sys=0.00, real=0.01 secs] 
128.997: Total time for which application threads were stopped: 0.0636030 seconds, Stopping threads took: 0.0619080 seconds
129.079: Application time: 0.0824390 seconds
129.144: [GC [PSYoungGen: 13581K->531K(13824K)] 42227K->29184K(45056K), 0.0005500 secs] [Times: user=0.00 sys=0.00, real=0.00 secs] 
129.145: Total time for which application threads were stopped: 0.0651980 seconds, Stopping threads took: 0.0645540 seconds
129.226: Application time: 0.0810610 seconds
129.267: [GC [PSYoungGen: 12560K->774K(13824K)] 41214K->29436K(45056K), 0.0005250 secs] [Times: user=0.00 sys=0.00, real=0.00 secs] 
129.267: Total time for which application threads were stopped: 0.0415610 seconds, Stopping threads took: 0.0409710 seconds
129.347: Application time: 0.0794220 seconds
129.398: [GC [PSYoungGen: 12980K->1360K(13824K)] 41641K->30803K(45056K), 0.0009680 secs] [Times: user=0.01 sys=0.00, real=0.00 secs] 
129.399: Total time for which application threads were stopped: 0.0526780 seconds, Stopping threads took: 0.0516410 seconds
129.480: Application time: 0.0811600 seconds
129.552: [GC [PSYoungGen: 13585K->336K(13824K)] 43028K->29786K(45056K), 0.0004560 secs] [Times: user=0.01 sys=0.00, real=0.00 secs] 
129.553: Total time for which application threads were stopped: 0.0724590 seconds, Stopping threads took: 0.0719330 seconds
129.631: Application time: 0.0784680 seconds
129.675: [GC [PSYoungGen: 12560K->758K(13824K)] 42011K->30209K(45056K), 0.0005170 secs] [Times: user=0.00 sys=0.00, real=0.00 secs] 
129.675: Total time for which application threads were stopped: 0.0439420 seconds, Stopping threads took: 0.0433310 seconds
129.756: Application time: 0.0806190 seconds
129.819: [GC [PSYoungGen: 12983K->1506K(13824K)] 42434K->31746K(45056K), 0.0008720 secs] [Times: user=0.00 sys=0.00, real=0.00 secs] 
129.820: [Full GC [PSYoungGen: 1506K->0K(13824K)] [ParOldGen: 30239K->3591K(31232K)] 31746K->3591K(45056K) [PSPermGen: 5116K->5116K(21504K)], 0.0052930 secs] [Times: user=0.02 sys=0.00, real=0.00 secs] 
129.825: Total time for which application threads were stopped: 0.0690430 seconds, Stopping threads took: 0.0627640 seconds
129.920: Application time: 0.0947330 seconds
129.983: [GC [PSYoungGen: 12224K->1427K(13824K)] 15815K->5019K(45056K), 0.0006300 secs] [Times: user=0.00 sys=0.00, real=0.00 secs] 
129.984: Total time for which application threads were stopped: 0.0637390 seconds, Stopping threads took: 0.0630440 seconds
130.083: Application time: 0.0990730 seconds
130.145: [GC [PSYoungGen: 13633K->614K(13824K)] 17224K->4205K(45056K), 0.0003970 secs] [Times: user=0.00 sys=0.00, real=0.00 secs] 
130.146: Total time for which application threads were stopped: 0.0633150 seconds, Stopping threads took: 0.0628490 seconds
130.224: Application time: 0.0784040 seconds
130.267: [GC [PSYoungGen: 12605K->1493K(13824K)] 16196K->5280K(45056K), 0.0006850 secs] [Times: user=0.01 sys=0.00, real=0.00 secs] 
130.268: Total time for which application threads were stopped: 0.0432900 seconds, Stopping threads took: 0.0425310 seconds
130.349: Application time: 0.0810330 seconds
130.414: [GC [PSYoungGen: 13562K->694K(13824K)] 17348K->4481K(45056K), 0.0005100 secs] [Times: user=0.00 sys=0.00, real=0.00 secs] 
130.415: Total time for which application threads were stopped: 0.0659310 seconds, Stopping threads took: 0.0653450 seconds
130.494: Application time: 0.0790900 seconds
130.534: [GC [PSYoungGen: 12919K->1053K(13824K)] 16706K->4839K(45056K), 0.0005910 secs] [Times: user=0.00 sys=0.00, real=0.00 secs] 
130.534: Total time for which application threads were stopped: 0.0407170 seconds, Stopping threads took: 0.0400590 seconds
130.617: Application time: 0.0822290 seconds
130.674: [GC [PSYoungGen: 13180K->288K(13824K)] 16967K->4074K(45056K), 0.0005250 secs] [Times: user=0.01 sys=0.00, real=0.00 secs] 
130.674: Total time for which application threads were stopped: 0.0575720 seconds, Stopping threads took: 0.0569810 seconds
130.756: Application time: 0.0816370 seconds
130.795: [GC [PSYoungGen: 12395K->579K(13824K)] 16182K->4365K(45056K), 0.0004590 secs] [Times: user=0.00 sys=0.00, real=0.00 secs] 
130.796: Total time for which application threads were stopped: 0.0397300 seconds, Stopping threads took: 0.0391750 seconds
130.875: Application time: 0.0795190 seconds
130.912: [GC [PSYoungGen: 12784K->1360K(13824K)] 16571K->5733K(45056K), 0.0008810 secs] [Times: user=0.00 sys=0.00, real=0.00 secs] 
130.913: Total time for which application threads were stopped: 0.0383080 seconds, Stopping threads took: 0.0373580 seconds
130.994: Application time: 0.0806280 seconds
131.059: [GC [PSYoungGen: 13487K->1101K(13824K)] 17860K->5473K(45056K), 0.0008290 secs] [Times: user=0.00 sys=0.00, real=0.00 secs] 
131.060: Total time for which application threads were stopped: 0.0659530 seconds, Stopping threads took: 0.0650310 seconds
131.140: Application time: 0.0797170 seconds
131.207: [GC [PSYoungGen: 13228K->1442K(13824K)] 17601K->5814K(45056K), 0.0007250 secs] [Times: user=0.01 sys=0.00, real=0.00 secs] 
131.208: Total time for which application threads were stopped: 0.0683800 seconds, Stopping threads took: 0.0675640 seconds
131.290: Application time: 0.0817470 seconds
131.357: [GC [PSYoungGen: 13667K->774K(13824K)] 18039K->5147K(45056K), 0.0005250 secs] [Times: user=0.00 sys=0.00, real=0.00 secs] 
131.357: Total time for which application threads were stopped: 0.0675710 seconds, Stopping threads took: 0.0669680 seconds
131.437: Application time: 0.0797600 seconds
131.479: [GC [PSYoungGen: 12979K->1376K(13824K)] 17352K->6530K(45056K), 0.0008460 secs] [Times: user=0.00 sys=0.00, real=0.00 secs] 
131.480: Total time for which application threads were stopped: 0.0425020 seconds, Stopping threads took: 0.0415880 seconds
131.560: Application time: 0.0807650 seconds
131.616: [GC [PSYoungGen: 13581K->1312K(13824K)] 18735K->6466K(45056K), 0.0006980 secs] [Times: user=0.01 sys=0.00, real=0.00 secs] 
131.617: Total time for which application threads were stopped: 0.0567290 seconds, Stopping threads took: 0.0559650 seconds
131.698: Application time: 0.0806880 seconds
131.763: [GC [PSYoungGen: 13439K->563K(13824K)] 18593K->5717K(45056K), 0.0004750 secs] [Times: user=0.00 sys=0.00, real=0.00 secs] 
131.764: Total time for which application threads were stopped: 0.0658670 seconds, Stopping threads took: 0.0653280 seconds
131.843: Application time: 0.0790970 seconds
131.883: [GC [PSYoungGen: 12847K->1165K(13824K)] 18000K->7100K(45056K), 0.0008940 secs] [Times: user=0.01 sys=0.00, real=0.00 secs] 
131.884: Total time for which application threads were stopped: 0.0411500 seconds, Stopping threads took: 0.0401600 seconds
131.964: Application time: 0.0798650 seconds
132.033: [GC [PSYoungGen: 13448K->1133K(13824K)] 19383K->7100K(45056K), 0.0006320 secs] [Times: user=0.00 sys=0.00, real=0.00 secs] 
132.034: Total time for which application threads were stopped: 0.0699410 seconds, Stopping threads took: 0.0692400 seconds
132.129: Application time: 0.0954970 seconds
132.197: [GC [PSYoungGen: 13338K->368K(13824K)] 19305K->6351K(45056K), 0.0004530 secs] [Times: user=0.00 sys=0.00, real=0.00 secs] 
132.197: Total time for which application threads were stopped: 0.0681410 seconds, Stopping threads took: 0.0676020 seconds
132.277: Application time: 0.0798090 seconds
132.319: [GC [PSYoungGen: 12592K->726K(13824K)] 18576K->6733K(45056K), 0.0004770 secs] [Times: user=0.00 sys=0.00, real=0.00 secs] 
132.319: Total time for which application threads were stopped: 0.0421260 seconds, Stopping threads took: 0.0415770 seconds
132.402: Application time: 0.0827290 seconds
132.455: [GC [PSYoungGen: 12951K->1165K(13824K)] 18958K->7196K(45056K), 0.0006600 secs] [Times: user=0.00 sys=0.00, real=0.00 secs] 
132.456: Total time for which application threads were stopped: 0.0539240 seconds, Stopping threads took: 0.0531690 seconds
132.538: Application time: 0.0821910 seconds
132.603: [GC [PSYoungGen: 13273K->1344K(13824K)] 19304K->7375K(45056K), 0.0006530 secs] [Times: user=0.00 sys=0.00, real=0.00 secs] 
132.604: Total time for which application threads were stopped: 0.0658410 seconds, Stopping threads took: 0.0650990 seconds
132.686: Application time: 0.0817340 seconds
132.751: [GC [PSYoungGen: 13471K->547K(13824K)] 19502K->6578K(45056K), 0.0004540 secs] [Times: user=0.00 sys=0.00, real=0.00 secs] 
132.751: Total time for which application threads were stopped: 0.0655820 seconds, Stopping threads took: 0.0650650 seconds
132.830: Application time: 0.0787910 seconds
132.869: [GC [PSYoungGen: 12674K->1149K(13824K)] 18705K->7977K(45056K), 0.0007680 secs] [Times: user=0.01 sys=0.00, real=0.00 secs] 
132.870: Total time for which application threads were stopped: 0.0398390 seconds, Stopping threads took: 0.0389980 seconds
132.951: Application time: 0.0805740 seconds
133.010: [GC [PSYoungGen: 13354K->1458K(13824K)] 20183K->9084K(45056K), 0.0012070 secs] [Times: user=0.01 sys=0.00, real=0.00 secs] 
133.011: Total time for which application threads were stopped: 0.0603380 seconds, Stopping threads took: 0.0590250 seconds
133.109: Application time: 0.0975750 seconds
133.190: [GC [PSYoungGen: 13663K->320K(13824K)] 21289K->7945K(45056K), 0.0004970 secs] [Times: user=0.00 sys=0.00, real=0.00 secs] 
133.191: Total time for which application threads were stopped: 0.0821640 seconds, Stopping threads took: 0.0815980 seconds
133.278: Application time: 0.0869910 seconds
133.322: [GC [PSYoungGen: 12544K->758K(13824K)] 20170K->8384K(45056K), 0.0005020 secs] [Times: user=0.00 sys=0.00, real=0.00 secs] 
133.323: Total time for which application threads were stopped: 0.0448960 seconds, Stopping threads took: 0.0443170 seconds
133.428: Application time: 0.1049870 seconds
133.492: [GC [PSYoungGen: 12749K->822K(13824K)] 20375K->8448K(45056K), 0.0004680 secs] [Times: user=0.00 sys=0.00, real=0.00 secs] 
133.493: Total time for which application threads were stopped: 0.0651330 seconds, Stopping threads took: 0.0645990 seconds
133.594: Application time: 0.1017690 seconds
133.649: [GC [PSYoungGen: 13047K->1133K(13824K)] 20673K->8767K(45056K), 0.0006070 secs] [Times: user=0.00 sys=0.00, real=0.00 secs] 
133.650: Total time for which application threads were stopped: 0.0551030 seconds, Stopping threads took: 0.0543970 seconds
133.739: Application time: 0.0895470 seconds
133.819: [GC [PSYoungGen: 13417K->320K(13824K)] 21050K->7961K(45056K), 0.0006290 secs] [Times: user=0.00 sys=0.00, real=0.00 secs] 
133.820: Total time for which application threads were stopped: 0.0810080 seconds, Stopping threads took: 0.0802890 seconds
133.908: Application time: 0.0874010 seconds
133.972: [GC [PSYoungGen: 12544K->774K(13824K)] 20186K->8416K(45056K), 0.0005790 secs] [Times: user=0.01 sys=0.00, real=0.00 secs] 
133.973: Total time for which application threads were stopped: 0.0653970 seconds, Stopping threads took: 0.0647450 seconds
134.060: Application time: 0.0867860 seconds
134.105: [GC [PSYoungGen: 12882K->1524K(13824K)] 20524K->10752K(45056K), 0.0010720 secs] [Times: user=0.01 sys=0.00, real=0.00 secs] 
134.106: Total time for which application threads were stopped: 0.0464030 seconds, Stopping threads took: 0.0448190 seconds
134.195: Application time: 0.0893280 seconds
134.268: [GC [PSYoungGen: 13810K->1344K(13824K)] 23038K->10580K(45056K), 0.0008010 secs] [Times: user=0.00 sys=0.00, real=0.01 secs] 
134.269: Total time for which application threads were stopped: 0.0734960 seconds, Stopping threads took: 0.0726110 seconds
134.372: Application time: 0.1028580 seconds
134.447: [GC [PSYoungGen: 13487K->531K(13824K)] 22724K->9775K(45056K), 0.0006570 secs] [Times: user=0.01 sys=0.00, real=0.00 secs] 
134.447: Total time for which application threads were stopped: 0.0755960 seconds, Stopping threads took: 0.0748590 seconds
134.532: Application time: 0.0847500 seconds
134.581: [GC [PSYoungGen: 12736K->1360K(13824K)] 21981K->11190K(45056K), 0.0008600 secs] [Times: user=0.01 sys=0.00, real=0.00 secs] 
134.582: Total time for which application threads were stopped: 0.0493350 seconds, Stopping threads took: 0.0484080 seconds
134.675: Application time: 0.0930530 seconds
134.717: [GC [PSYoungGen: 13272K->1376K(13824K)] 23103K->11792K(45056K), 0.0008100 secs] [Times: user=0.00 sys=0.00, real=0.00 secs] 
134.718: Total time for which application threads were stopped: 0.0432990 seconds, Stopping threads took: 0.0424190 seconds
134.807: Application time: 0.0893520 seconds
134.876: [GC [PSYoungGen: 13503K->1165K(13824K)] 23919K->11589K(45056K), 0.0006090 secs] [Times: user=0.01 sys=0.00, real=0.00 secs] 
134.877: Total time for which application threads were stopped: 0.0697690 seconds, Stopping threads took: 0.0690840 seconds
134.963: Application time: 0.0864370 seconds
135.011: [GC [PSYoungGen: 13292K->1376K(13824K)] 23716K->12972K(45056K), 0.0009950 secs] [Times: user=0.01 sys=0.00, real=0.00 secs] 
135.012: Total time for which application threads were stopped: 0.0490300 seconds, Stopping threads took: 0.0479620 seconds
135.100: Application time: 0.0873200 seconds
135.170: [GC [PSYoungGen: 13659K->1344K(13824K)] 25256K->13331K(45056K), 0.0008930 secs] [Times: user=0.00 sys=0.00, real=0.00 secs] 
135.170: Total time for which application threads were stopped: 0.0706100 seconds, Stopping threads took: 0.0696450 seconds
135.258: Application time: 0.0875830 seconds
135.329: [GC [PSYoungGen: 13354K->742K(13824K)] 25341K->12737K(45056K), 0.0005160 secs] [Times: user=0.00 sys=0.00, real=0.00 secs] 
135.329: Total time for which application threads were stopped: 0.0711260 seconds, Stopping threads took: 0.0705390 seconds
135.417: Application time: 0.0875800 seconds
135.460: [GC [PSYoungGen: 12967K->1490K(13824K)] 24962K->14274K(45056K), 0.0010920 secs] [Times: user=0.01 sys=0.00, real=0.00 secs] 
135.461: Total time for which application threads were stopped: 0.0441530 seconds, Stopping threads took: 0.0429770 seconds
135.549: Application time: 0.0877820 seconds
135.622: [GC [PSYoungGen: 13715K->1181K(13824K)] 26499K->14356K(45056K), 0.0007820 secs] [Times: user=0.00 sys=0.00, real=0.00 secs] 
135.623: Total time for which application threads were stopped: 0.0744770 seconds, Stopping threads took: 0.0736240 seconds
135.711: Application time: 0.0874120 seconds
135.770: [GC [PSYoungGen: 13405K->1392K(13824K)] 26580K->15161K(45056K), 0.0007850 secs] [Times: user=0.01 sys=0.00, real=0.00 secs] 
135.771: Total time for which application threads were stopped: 0.0600720 seconds, Stopping threads took: 0.0592190 seconds
135.862: Application time: 0.0917850 seconds
135.919: [GC [PSYoungGen: 13598K->1376K(13824K)] 27366K->17098K(45056K), 0.0011770 secs] [Times: user=0.01 sys=0.00, real=0.00 secs] 
135.920: Total time for which application threads were stopped: 0.0574490 seconds, Stopping threads took: 0.0561990 seconds
136.020: Application time: 0.1001400 seconds
136.096: [GC [PSYoungGen: 13640K->1360K(13824K)] 29362K->17090K(45056K), 0.0007080 secs] [Times: user=0.00 sys=0.00, real=0.00 secs] 
136.097: Total time for which application threads were stopped: 0.0771110 seconds, Stopping threads took: 0.0763190 seconds
136.186: Application time: 0.0891600 seconds
136.246: [GC [PSYoungGen: 13487K->563K(13824K)] 29217K->16293K(45056K), 0.0004650 secs] [Times: user=0.00 sys=0.00, real=0.00 secs] 
136.247: Total time for which application threads were stopped: 0.0604830 seconds, Stopping threads took: 0.0599510 seconds
136.335: Application time: 0.0882390 seconds
136.376: [GC [PSYoungGen: 12788K->1392K(13824K)] 28518K->18896K(45056K), 0.0011920 secs] [Times: user=0.01 sys=0.00, real=0.01 secs] 
136.377: Total time for which application threads were stopped: 0.0422650 seconds, Stopping threads took: 0.0409990 seconds
136.461: Application time: 0.0841520 seconds
136.465: Total time for which application threads were stopped: 0.0037060 seconds, Stopping threads took: 0.0036820 seconds
136.466: Application time: 0.0013090 seconds
136.517: [GC [PSYoungGen: 13667K->1523K(13824K)] 31171K->23197K(45056K), 0.0016920 secs] [Times: user=0.01 sys=0.00, real=0.00 secs] 
136.519: Total time for which application threads were stopped: 0.0524760 seconds, Stopping threads took: 0.0507120 seconds
136.684: Application time: 0.1652830 seconds
136.691: [GC [PSYoungGen: 13650K->451K(13824K)] 35324K->22125K(45056K), 0.0004950 secs] [Times: user=0.01 sys=0.00, real=0.00 secs] 
136.692: Total time for which application threads were stopped: 0.0076260 seconds, Stopping threads took: 0.0070590 seconds
136.775: Application time: 0.0835220 seconds
136.789: Total time for which application threads were stopped: 0.0132390 seconds, Stopping threads took: 0.0131940 seconds
136.789: Application time: 0.0005590 seconds
136.833: [GC [PSYoungGen: 12734K->1492K(13824K)] 34407K->24736K(45056K), 0.0010770 secs] [Times: user=0.00 sys=0.00, real=0.00 secs] 
136.834: Total time for which application threads were stopped: 0.0449190 seconds, Stopping threads took: 0.0437780 seconds
136.834: Application time: 0.0002650 seconds
136.835: Total time for which application threads were stopped: 0.0002850 seconds, Stopping threads took: 0.0002460 seconds
136.876: Application time: 0.0414430 seconds
136.911: Total time for which application threads were stopped: 0.0350550 seconds, Stopping threads took: 0.0350180 seconds
136.993: Application time: 0.0814850 seconds
137.008: [GC [PSYoungGen: 13609K->1005K(13824K)] 36853K->24257K(45056K), 0.0006040 secs] [Times: user=0.00 sys=0.00, real=0.01 secs] 
137.008: Total time for which application threads were stopped: 0.0158460 seconds, Stopping threads took: 0.0151610 seconds
137.090: Application time: 0.0819620 seconds
137.130: Total time for which application threads were stopped: 0.0397140 seconds, Stopping threads took: 0.0396690 seconds
137.130: Application time: 0.0002490 seconds
137.131: [GC [PSYoungGen: 13275K->1395K(13824K)] 36528K->24648K(45056K), 0.0005970 secs] [Times: user=0.00 sys=0.00, real=0.00 secs] 
137.131: Total time for which application threads were stopped: 0.0007220 seconds, Stopping threads took: 0.0000550 seconds
137.169: Application time: 0.0379080 seconds
137.170: Total time for which application threads were stopped: 0.0004580 seconds, Stopping threads took: 0.0004450 seconds
137.170: Application time: 0.0001590 seconds
137.170: Total time for which application threads were stopped: 0.0000310 seconds, Stopping threads took: 0.0000220 seconds
137.195: Application time: 0.0250770 seconds
137.195: Total time for which application threads were stopped: 0.0000560 seconds, Stopping threads took: 0.0000230 seconds
137.198: Application time: 0.0031240 seconds
137.271: [GC [PSYoungGen: 13647K->1197K(13824K)] 36900K->24449K(45056K), 0.0006370 secs] [Times: user=0.00 sys=0.00, real=0.00 secs] 
137.272: Total time for which application threads were stopped: 0.0735830 seconds, Stopping threads took: 0.0728780 seconds
137.351: Application time: 0.0793600 seconds
137.393: [GC [PSYoungGen: 13411K->1522K(13824K)] 36663K->25767K(45056K), 0.0010600 secs] [Times: user=0.00 sys=0.00, real=0.00 secs] 
137.394: Total time for which application threads were stopped: 0.0434910 seconds, Stopping threads took: 0.0423360 seconds
137.474: Application time: 0.0800960 seconds
137.548: [GC [PSYoungGen: 13765K->611K(13824K)] 38010K->24864K(45056K), 0.0005250 secs] [Times: user=0.00 sys=0.00, real=0.00 secs] 
137.548: Total time for which application threads were stopped: 0.0737790 seconds, Stopping threads took: 0.0731650 seconds
137.627: Application time: 0.0786730 seconds
137.666: [GC [PSYoungGen: 12808K->1506K(13824K)] 37061K->27321K(45056K), 0.0011870 secs] [Times: user=0.01 sys=0.00, real=0.00 secs] 
137.667: Total time for which application threads were stopped: 0.0405330 seconds, Stopping threads took: 0.0392530 seconds
137.764: Application time: 0.0968450 seconds
137.836: [GC [PSYoungGen: 13674K->1245K(13824K)] 39489K->27060K(45056K), 0.0007460 secs] [Times: user=0.00 sys=0.00, real=0.00 secs] 
137.836: Total time for which application threads were stopped: 0.0719800 seconds, Stopping threads took: 0.0711370 seconds
137.929: Application time: 0.0923120 seconds
137.998: [GC [PSYoungGen: 13393K->448K(13824K)] 39209K->26263K(45056K), 0.0004840 secs] [Times: user=0.00 sys=0.00, real=0.00 secs] 
137.999: Total time for which application threads were stopped: 0.0700560 seconds, Stopping threads took: 0.0694820 seconds
138.077: Application time: 0.0785050 seconds
138.120: [GC [PSYoungGen: 12388K->1424K(13824K)] 38203K->27451K(45056K), 0.0009000 secs] [Times: user=0.00 sys=0.00, real=0.00 secs] 
138.120: Total time for which application threads were stopped: 0.0432620 seconds, Stopping threads took: 0.0422960 seconds
138.203: Application time: 0.0821270 seconds
138.268: [GC [PSYoungGen: 13551K->870K(13824K)] 39578K->26905K(45056K), 0.0006070 secs] [Times: user=0.00 sys=0.00, real=0.01 secs] 
138.269: Total time for which application threads were stopped: 0.0659430 seconds, Stopping threads took: 0.0652480 seconds
138.347: Application time: 0.0788470 seconds
138.386: [GC [PSYoungGen: 13095K->1506K(13824K)] 39130K->28322K(45056K), 0.0010910 secs] [Times: user=0.00 sys=0.00, real=0.00 secs] 
138.388: Total time for which application threads were stopped: 0.0401350 seconds, Stopping threads took: 0.0389350 seconds
138.492: Application time: 0.1041660 seconds
138.558: [GC [PSYoungGen: 13633K->416K(13824K)] 40449K->27232K(45056K), 0.0005070 secs] [Times: user=0.00 sys=0.00, real=0.00 secs] 
138.559: Total time for which application threads were stopped: 0.0672120 seconds, Stopping threads took: 0.0666360 seconds
138.638: Application time: 0.0793420 seconds
138.678: [GC [PSYoungGen: 12621K->1440K(13824K)] 39437K->28655K(45056K), 0.0007860 secs] [Times: user=0.00 sys=0.00, real=0.00 secs] 
138.678: Total time for which application threads were stopped: 0.0401910 seconds, Stopping threads took: 0.0393320 seconds
138.763: Application time: 0.0848050 seconds
138.828: [GC [PSYoungGen: 13607K->822K(13824K)] 40821K->28037K(45056K), 0.0006090 secs] [Times: user=0.01 sys=0.00, real=0.01 secs] 
138.829: Total time for which application threads were stopped: 0.0653020 seconds, Stopping threads took: 0.0646020 seconds
138.910: Application time: 0.0814480 seconds
138.951: [GC [PSYoungGen: 12891K->806K(13824K)] 40106K->28029K(45056K), 0.0005680 secs] [Times: user=0.01 sys=0.00, real=0.00 secs] 
138.952: Total time for which application threads were stopped: 0.0420360 seconds, Stopping threads took: 0.0413930 seconds
139.033: Application time: 0.0805050 seconds
139.073: [GC [PSYoungGen: 13011K->1424K(13824K)] 40234K->29436K(45056K), 0.0009410 secs] [Times: user=0.00 sys=0.00, real=0.00 secs] 
139.074: Total time for which application threads were stopped: 0.0413800 seconds, Stopping threads took: 0.0403460 seconds
139.170: Application time: 0.0958940 seconds
139.240: [GC [PSYoungGen: 13551K->1408K(13824K)] 41563K->29420K(45056K), 0.0006880 secs] [Times: user=0.00 sys=0.00, real=0.00 secs] 
139.241: Total time for which application threads were stopped: 0.0715980 seconds, Stopping threads took: 0.0700030 seconds
139.330: Application time: 0.0890300 seconds
139.400: [GC [PSYoungGen: 13535K->531K(13824K)] 41547K->28615K(45056K), 0.0006050 secs] [Times: user=0.00 sys=0.00, real=0.00 secs] 
139.401: Total time for which application threads were stopped: 0.0701580 seconds, Stopping threads took: 0.0694600 seconds
139.481: Application time: 0.0799590 seconds
139.520: [GC [PSYoungGen: 12560K->694K(13824K)] 40644K->28810K(45056K), 0.0005660 secs] [Times: user=0.00 sys=0.00, real=0.00 secs] 
139.521: Total time for which application threads were stopped: 0.0403910 seconds, Stopping threads took: 0.0397410 seconds
139.600: Application time: 0.0794560 seconds
139.638: [GC [PSYoungGen: 12919K->1474K(13824K)] 41035K->30379K(45056K), 0.0008930 secs] [Times: user=0.01 sys=0.00, real=0.00 secs] 
139.639: Total time for which application threads were stopped: 0.0384670 seconds, Stopping threads took: 0.0375040 seconds
139.719: Application time: 0.0801760 seconds
139.791: [GC [PSYoungGen: 13601K->336K(13824K)] 42506K->29241K(45056K), 0.0005230 secs] [Times: user=0.00 sys=0.00, real=0.00 secs] 
139.792: Total time for which application threads were stopped: 0.0727040 seconds, Stopping threads took: 0.0720990 seconds
139.871: Application time: 0.0788430 seconds
139.913: [GC [PSYoungGen: 12267K->1344K(13824K)] 41173K->30445K(45056K), 0.0007000 secs] [Times: user=0.00 sys=0.00, real=0.00 secs] 
139.914: Total time for which application threads were stopped: 0.0430950 seconds, Stopping threads took: 0.0423280 seconds
139.995: Application time: 0.0811090 seconds
140.061: [GC [PSYoungGen: 13549K->726K(13824K)] 42650K->29827K(45056K), 0.0005170 secs] [Times: user=0.00 sys=0.00, real=0.00 secs] 
140.061: Total time for which application threads were stopped: 0.0662470 seconds, Stopping threads took: 0.0656480 seconds
140.141: Application time: 0.0794570 seconds
140.182: [GC [PSYoungGen: 12951K->1474K(13824K)] 42052K->31356K(45056K), 0.0011290 secs] [Times: user=0.00 sys=0.00, real=0.00 secs] 
140.184: [Full GC [PSYoungGen: 1474K->0K(13824K)] [ParOldGen: 29882K->3632K(31232K)] 31356K->3632K(45056K) [PSPermGen: 5147K->5147K(21504K)], 0.0059480 secs] [Times: user=0.03 sys=0.00, real=0.01 secs] 
140.190: Total time for which application threads were stopped: 0.0489930 seconds, Stopping threads took: 0.0417730 seconds
140.287: Application time: 0.0974970 seconds
140.354: [GC [PSYoungGen: 12263K->1200K(13824K)] 15896K->4833K(45056K), 0.0006250 secs] [Times: user=0.01 sys=0.00, real=0.00 secs] 
140.354: Total time for which application threads were stopped: 0.0671630 seconds, Stopping threads took: 0.0664690 seconds
140.438: Application time: 0.0836670 seconds
140.475: [GC [PSYoungGen: 13308K->1427K(13824K)] 16940K->5060K(45056K), 0.0006120 secs] [Times: user=0.00 sys=0.00, real=0.00 secs] 
140.476: Total time for which application threads were stopped: 0.0380130 seconds, Stopping threads took: 0.0373340 seconds
140.558: Application time: 0.0820060 seconds
140.615: [GC [PSYoungGen: 13633K->630K(13824K)] 17265K->4263K(45056K), 0.0005240 secs] [Times: user=0.00 sys=0.00, real=0.00 secs] 
140.615: Total time for which application threads were stopped: 0.0573050 seconds, Stopping threads took: 0.0567060 seconds
140.694: Application time: 0.0788810 seconds
140.735: [GC [PSYoungGen: 12621K->1426K(13824K)] 16253K->5449K(45056K), 0.0007170 secs] [Times: user=0.01 sys=0.00, real=0.00 secs] 
140.736: Total time for which application threads were stopped: 0.0420000 seconds, Stopping threads took: 0.0412220 seconds
140.818: Application time: 0.0818710 seconds
140.884: [GC [PSYoungGen: 13651K->1133K(13824K)] 17674K->5156K(45056K), 0.0008180 secs] [Times: user=0.00 sys=0.00, real=0.00 secs] 
140.885: Total time for which application threads were stopped: 0.0671910 seconds, Stopping threads took: 0.0663000 seconds
140.967: Application time: 0.0818270 seconds
141.033: [GC [PSYoungGen: 13260K->336K(13824K)] 17283K->4359K(45056K), 0.0005000 secs] [Times: user=0.01 sys=0.00, real=0.00 secs] 
141.033: Total time for which application threads were stopped: 0.0662220 seconds, Stopping threads took: 0.0656310 seconds
141.114: Application time: 0.0810830 seconds
141.174: [GC [PSYoungGen: 12560K->726K(13824K)] 16584K->4749K(45056K), 0.0004890 secs] [Times: user=0.00 sys=0.00, real=0.00 secs] 
141.174: Total time for which application threads were stopped: 0.0597840 seconds, Stopping threads took: 0.0592230 seconds
141.254: Application time: 0.0800050 seconds
141.295: [GC [PSYoungGen: 12951K->1523K(13824K)] 16974K->7329K(45056K), 0.0011460 secs] [Times: user=0.01 sys=0.00, real=0.00 secs] 
141.296: Total time for which application threads were stopped: 0.0419410 seconds, Stopping threads took: 0.0407180 seconds
141.380: Application time: 0.0841570 seconds
141.451: [GC [PSYoungGen: 13650K->256K(13824K)] 19456K->6061K(45056K), 0.0003970 secs] [Times: user=0.00 sys=0.00, real=0.00 secs] 
141.451: Total time for which application threads were stopped: 0.0708230 seconds, Stopping threads took: 0.0703590 seconds
141.530: Application time: 0.0793300 seconds
141.580: [GC [PSYoungGen: 12461K->1360K(13824K)] 18266K->7556K(45056K), 0.0007750 secs] [Times: user=0.01 sys=0.00, real=0.00 secs] 
141.580: Total time for which application threads were stopped: 0.0500500 seconds, Stopping threads took: 0.0492000 seconds
141.661: Application time: 0.0805300 seconds
141.702: [GC [PSYoungGen: 13468K->1524K(13824K)] 19664K->8118K(45056K), 0.0007770 secs] [Times: user=0.01 sys=0.01, real=0.00 secs] 
141.702: Total time for which application threads were stopped: 0.0413360 seconds, Stopping threads took: 0.0404830 seconds
141.803: Application time: 0.1005760 seconds
141.870: [GC [PSYoungGen: 13651K->1117K(13824K)] 20245K->7711K(45056K), 0.0006220 secs] [Times: user=0.00 sys=0.00, real=0.00 secs] 
141.871: Total time for which application threads were stopped: 0.0676330 seconds, Stopping threads took: 0.0669420 seconds
141.951: Application time: 0.0800350 seconds
142.018: [GC [PSYoungGen: 13400K->336K(13824K)] 19995K->6930K(45056K), 0.0004830 secs] [Times: user=0.00 sys=0.00, real=0.00 secs] 
142.019: Total time for which application threads were stopped: 0.0681800 seconds, Stopping threads took: 0.0676110 seconds
142.098: Application time: 0.0789730 seconds
142.140: [GC [PSYoungGen: 12443K->579K(13824K)] 19038K->7173K(45056K), 0.0004730 secs] [Times: user=0.00 sys=0.00, real=0.00 secs] 
142.140: Total time for which application threads were stopped: 0.0423670 seconds, Stopping threads took: 0.0418310 seconds
142.219: Application time: 0.0792690 seconds
142.261: [GC [PSYoungGen: 12686K->774K(13824K)] 19281K->7369K(45056K), 0.0005200 secs] [Times: user=0.00 sys=0.00, real=0.00 secs] 
142.262: Total time for which application threads were stopped: 0.0423570 seconds, Stopping threads took: 0.0417620 seconds
142.340: Application time: 0.0783320 seconds
142.382: [GC [PSYoungGen: 12980K->1442K(13824K)] 19574K->9818K(45056K), 0.0010720 secs] [Times: user=0.01 sys=0.00, real=0.00 secs] 
142.383: Total time for which application threads were stopped: 0.0433780 seconds, Stopping threads took: 0.0422370 seconds
142.467: Application time: 0.0835380 seconds
142.538: [GC [PSYoungGen: 13647K->1312K(13824K)] 22024K->9713K(45056K), 0.0006920 secs] [Times: user=0.01 sys=0.00, real=0.00 secs] 
142.539: Total time for which application threads were stopped: 0.0714550 seconds, Stopping threads took: 0.0706740 seconds
142.623: Application time: 0.0841910 seconds
142.687: [GC [PSYoungGen: 13439K->531K(13824K)] 21840K->8947K(45056K), 0.0005080 secs] [Times: user=0.00 sys=0.00, real=0.00 secs] 
142.688: Total time for which application threads were stopped: 0.0649630 seconds, Stopping threads took: 0.0643680 seconds
142.766: Application time: 0.0786490 seconds
142.808: [GC [PSYoungGen: 12638K->1474K(13824K)] 21055K->10305K(45056K), 0.0090370 secs] [Times: user=0.06 sys=0.00, real=0.02 secs] 
142.817: Total time for which application threads were stopped: 0.0509710 seconds, Stopping threads took: 0.0418510 seconds
142.899: Application time: 0.0819490 seconds
142.966: [GC [PSYoungGen: 13699K->1149K(13824K)] 22530K->9980K(45056K), 0.0007480 secs] [Times: user=0.00 sys=0.00, real=0.00 secs] 
142.967: Total time for which application threads were stopped: 0.0674640 seconds, Stopping threads took: 0.0666300 seconds
143.048: Application time: 0.0810160 seconds
143.108: [GC [PSYoungGen: 13276K->320K(13824K)] 22107K->9151K(45056K), 0.0004660 secs] [Times: user=0.00 sys=0.00, real=0.00 secs] 
143.108: Total time for which application threads were stopped: 0.0603070 seconds, Stopping threads took: 0.0597720 seconds
143.188: Application time: 0.0795020 seconds
143.228: [GC [PSYoungGen: 12427K->547K(13824K)] 21258K->9378K(45056K), 0.0004580 secs] [Times: user=0.00 sys=0.00, real=0.01 secs] 
143.229: Total time for which application threads were stopped: 0.0410160 seconds, Stopping threads took: 0.0404950 seconds
143.307: Application time: 0.0784990 seconds
143.347: [GC [PSYoungGen: 12576K->1442K(13824K)] 21407K->10664K(45056K), 0.0009690 secs] [Times: user=0.00 sys=0.00, real=0.00 secs] 
143.348: Total time for which application threads were stopped: 0.0408540 seconds, Stopping threads took: 0.0397840 seconds
143.447: Application time: 0.0994190 seconds
143.513: [GC [PSYoungGen: 13354K->742K(13824K)] 22576K->9964K(45056K), 0.0005410 secs] [Times: user=0.00 sys=0.01, real=0.00 secs] 
143.514: Total time for which application threads were stopped: 0.0665060 seconds, Stopping threads took: 0.0658790 seconds
143.599: Application time: 0.0852040 seconds
143.649: [GC [PSYoungGen: 12733K->1392K(13824K)] 21955K->12185K(45056K), 0.0010610 secs] [Times: user=0.01 sys=0.00, real=0.00 secs] 
143.650: Total time for which application threads were stopped: 0.0513850 seconds, Stopping threads took: 0.0502490 seconds
143.730: Application time: 0.0799730 seconds
143.796: [GC [PSYoungGen: 13519K->1376K(13824K)] 24311K->12966K(45056K), 0.0008710 secs] [Times: user=0.00 sys=0.00, real=0.01 secs] 
143.796: Total time for which application threads were stopped: 0.0660100 seconds, Stopping threads took: 0.0650510 seconds
143.887: Application time: 0.0905680 seconds
143.952: [GC [PSYoungGen: 13660K->1360K(13824K)] 25249K->12950K(45056K), 0.0007070 secs] [Times: user=0.00 sys=0.00, real=0.00 secs] 
143.952: Total time for which application threads were stopped: 0.0653990 seconds, Stopping threads took: 0.0645850 seconds
144.053: Application time: 0.1001990 seconds
144.120: [GC [PSYoungGen: 13566K->579K(13824K)] 25155K->12176K(45056K), 0.0007200 secs] [Times: user=0.00 sys=0.00, real=0.00 secs] 
144.120: Total time for which application threads were stopped: 0.0678420 seconds, Stopping threads took: 0.0670320 seconds
144.205: Application time: 0.0845190 seconds
144.263: [GC [PSYoungGen: 12608K->758K(13824K)] 24206K->12364K(45056K), 0.0005650 secs] [Times: user=0.00 sys=0.00, real=0.00 secs] 
144.265: Total time for which application threads were stopped: 0.0599180 seconds, Stopping threads took: 0.0583100 seconds
144.344: Application time: 0.0789620 seconds
144.396: [GC [PSYoungGen: 12983K->1197K(13824K)] 24589K->12811K(45056K), 0.0006720 secs] [Times: user=0.00 sys=0.00, real=0.01 secs] 
144.396: Total time for which application threads were stopped: 0.0525540 seconds, Stopping threads took: 0.0518010 seconds
144.477: Application time: 0.0807040 seconds
144.544: [GC [PSYoungGen: 13402K->384K(13824K)] 25016K->12005K(45056K), 0.0004200 secs] [Times: user=0.00 sys=0.00, real=0.00 secs] 
144.544: Total time for which application threads were stopped: 0.0672290 seconds, Stopping threads took: 0.0667130 seconds
144.623: Application time: 0.0788280 seconds
144.663: [GC [PSYoungGen: 12608K->1442K(13824K)] 24230K->13470K(45056K), 0.0007880 secs] [Times: user=0.01 sys=0.00, real=0.00 secs] 
144.663: Total time for which application threads were stopped: 0.0402350 seconds, Stopping threads took: 0.0393770 seconds
144.746: Application time: 0.0822990 seconds
144.811: [GC [PSYoungGen: 13667K->1165K(13824K)] 25695K->13193K(45056K), 0.0007180 secs] [Times: user=0.00 sys=0.00, real=0.00 secs] 
144.811: Total time for which application threads were stopped: 0.0655320 seconds, Stopping threads took: 0.0647260 seconds
144.891: Application time: 0.0797430 seconds
144.943: [GC [PSYoungGen: 13272K->1527K(13824K)] 25301K->15489K(45056K), 0.0014230 secs] [Times: user=0.01 sys=0.00, real=0.00 secs] 
144.945: Total time for which application threads were stopped: 0.0538850 seconds, Stopping threads took: 0.0523720 seconds
145.026: Application time: 0.0815610 seconds
145.091: [GC [PSYoungGen: 13810K->1459K(13824K)] 27772K->16594K(45056K), 0.0010480 secs] [Times: user=0.01 sys=0.00, real=0.00 secs] 
145.092: Total time for which application threads were stopped: 0.0655000 seconds, Stopping threads took: 0.0643770 seconds
145.184: Application time: 0.0922540 seconds
145.253: [GC [PSYoungGen: 13489K->646K(13824K)] 28623K->15780K(45056K), 0.0004730 secs] [Times: user=0.00 sys=0.00, real=0.00 secs] 
145.253: Total time for which application threads were stopped: 0.0688930 seconds, Stopping threads took: 0.0683340 seconds
145.335: Application time: 0.0823810 seconds
145.397: [GC [PSYoungGen: 12754K->890K(13824K)] 27888K->16032K(45056K), 0.0006140 secs] [Times: user=0.01 sys=0.00, real=0.00 secs] 
145.397: Total time for which application threads were stopped: 0.0619110 seconds, Stopping threads took: 0.0612120 seconds
145.476: Application time: 0.0790350 seconds
145.517: [GC [PSYoungGen: 13075K->1378K(13824K)] 28218K->17301K(45056K), 0.0009610 secs] [Times: user=0.00 sys=0.00, real=0.00 secs] 
145.518: Total time for which application threads were stopped: 0.0410450 seconds, Stopping threads took: 0.0400100 seconds
145.604: Application time: 0.0864450 seconds
145.671: [GC [PSYoungGen: 13505K->288K(13824K)] 29429K->16219K(45056K), 0.0004370 secs] [Times: user=0.00 sys=0.00, real=0.00 secs] 
145.672: Total time for which application threads were stopped: 0.0678950 seconds, Stopping threads took: 0.0673910 seconds
145.751: Application time: 0.0793990 seconds
145.791: [GC [PSYoungGen: 12512K->1394K(13824K)] 28444K->17724K(45056K), 0.0007450 secs] [Times: user=0.00 sys=0.00, real=0.00 secs] 
145.792: Total time for which application threads were stopped: 0.0408540 seconds, Stopping threads took: 0.0400450 seconds
145.874: Application time: 0.0822560 seconds
145.939: [GC [PSYoungGen: 13306K->678K(13824K)] 29636K->17008K(45056K), 0.0005120 secs] [Times: user=0.00 sys=0.00, real=0.00 secs] 
145.939: Total time for which application threads were stopped: 0.0648560 seconds, Stopping threads took: 0.0642810 seconds
146.019: Application time: 0.0798030 seconds
146.057: [GC [PSYoungGen: 12884K->1360K(13824K)] 29214K->18488K(45056K), 0.0010900 secs] [Times: user=0.01 sys=0.00, real=0.00 secs] 
146.059: Total time for which application threads were stopped: 0.0394740 seconds, Stopping threads took: 0.0382910 seconds
146.140: Application time: 0.0817520 seconds
146.208: [GC [PSYoungGen: 13585K->272K(13824K)] 30712K->17407K(45056K), 0.0006540 secs] [Times: user=0.00 sys=0.00, real=0.01 secs] 
146.208: Total time for which application threads were stopped: 0.0681740 seconds, Stopping threads took: 0.0674460 seconds
146.288: Application time: 0.0792180 seconds
146.344: [GC [PSYoungGen: 12379K->563K(13824K)] 29515K->17698K(45056K), 0.0005230 secs] [Times: user=0.00 sys=0.00, real=0.00 secs] 
146.345: Total time for which application threads were stopped: 0.0568640 seconds, Stopping threads took: 0.0562510 seconds
146.428: Application time: 0.0835690 seconds
146.483: [GC [PSYoungGen: 12788K->986K(13824K)] 29923K->18121K(45056K), 0.0005500 secs] [Times: user=0.00 sys=0.00, real=0.00 secs] 
146.484: Total time for which application threads were stopped: 0.0555320 seconds, Stopping threads took: 0.0549000 seconds
146.563: Application time: 0.0794960 seconds
146.632: [GC [PSYoungGen: 13093K->1149K(13824K)] 30228K->18300K(45056K), 0.0008710 secs] [Times: user=0.00 sys=0.00, real=0.00 secs] 
146.632: Total time for which application threads were stopped: 0.0693560 seconds, Stopping threads took: 0.0683900 seconds
146.714: Application time: 0.0810400 seconds
146.756: [GC [PSYoungGen: 13335K->1376K(13824K)] 30486K->18528K(45056K), 0.0006940 secs] [Times: user=0.00 sys=0.01, real=0.01 secs] 
146.757: Total time for which application threads were stopped: 0.0431970 seconds, Stopping threads took: 0.0424070 seconds
146.837: Application time: 0.0798420 seconds
146.906: [GC [PSYoungGen: 13503K->563K(13824K)] 30655K->17714K(45056K), 0.0005870 secs] [Times: user=0.00 sys=0.00, real=0.00 secs] 
146.906: Total time for which application threads were stopped: 0.0696820 seconds, Stopping threads took: 0.0690030 seconds
147.004: Application time: 0.0973060 seconds
147.057: [GC [PSYoungGen: 12749K->758K(13824K)] 29900K->17918K(45056K), 0.0005740 secs] [Times: user=0.00 sys=0.00, real=0.00 secs] 
147.058: Total time for which application threads were stopped: 0.0540130 seconds, Stopping threads took: 0.0533700 seconds
147.138: Application time: 0.0799920 seconds
147.178: [GC [PSYoungGen: 12983K->1165K(13824K)] 30143K->18332K(45056K), 0.0008910 secs] [Times: user=0.01 sys=0.00, real=0.00 secs] 
147.179: Total time for which application threads were stopped: 0.0416580 seconds, Stopping threads took: 0.0407010 seconds
147.262: Application time: 0.0822800 seconds
147.326: [GC [PSYoungGen: 13292K->336K(13824K)] 30459K->17503K(45056K), 0.0004420 secs] [Times: user=0.00 sys=0.00, real=0.00 secs] 
147.327: Total time for which application threads were stopped: 0.0652400 seconds, Stopping threads took: 0.0647240 seconds
147.406: Application time: 0.0797120 seconds
147.466: [GC [PSYoungGen: 12560K->742K(13824K)] 29728K->17918K(45056K), 0.0007630 secs] [Times: user=0.00 sys=0.00, real=0.00 secs] 
147.467: Total time for which application threads were stopped: 0.0608010 seconds, Stopping threads took: 0.0599460 seconds
147.547: Application time: 0.0792780 seconds
147.598: [GC [PSYoungGen: 12967K->1149K(13824K)] 30143K->18348K(45056K), 0.0008250 secs] [Times: user=0.00 sys=0.00, real=0.00 secs] 
147.599: Total time for which application threads were stopped: 0.0524900 seconds, Stopping threads took: 0.0515800 seconds
147.681: Application time: 0.0816550 seconds
147.750: [GC [PSYoungGen: 13354K->336K(13824K)] 30554K->17535K(45056K), 0.0006650 secs] [Times: user=0.00 sys=0.00, real=0.00 secs] 
147.751: Total time for which application threads were stopped: 0.0701390 seconds, Stopping threads took: 0.0693850 seconds
147.831: Application time: 0.0798030 seconds
147.872: [GC [PSYoungGen: 12424K->1392K(13824K)] 29623K->18787K(45056K), 0.0007730 secs] [Times: user=0.01 sys=0.00, real=0.00 secs] 
147.873: Total time for which application threads were stopped: 0.0418400 seconds, Stopping threads took: 0.0409930 seconds
147.953: Application time: 0.0809200 seconds
148.012: [GC [PSYoungGen: 13597K->726K(13824K)] 30992K->18137K(45056K), 0.0004840 secs] [Times: user=0.00 sys=0.01, real=0.00 secs] 
148.012: Total time for which application threads were stopped: 0.0589620 seconds, Stopping threads took: 0.0584010 seconds
148.090: Application time: 0.0779290 seconds
148.131: [GC [PSYoungGen: 12951K->1133K(13824K)] 30362K->18560K(45056K), 0.0006120 secs] [Times: user=0.00 sys=0.00, real=0.00 secs] 
148.132: Total time for which application threads were stopped: 0.0411900 seconds, Stopping threads took: 0.0404960 seconds
148.211: Application time: 0.0792320 seconds
148.264: [GC [PSYoungGen: 13240K->1458K(13824K)] 30667K->19861K(45056K), 0.0009600 secs] [Times: user=0.00 sys=0.00, real=0.00 secs] 
148.265: Total time for which application threads were stopped: 0.0541360 seconds, Stopping threads took: 0.0530940 seconds
148.345: Application time: 0.0804870 seconds
148.413: [GC [PSYoungGen: 13663K->563K(13824K)] 32066K->18974K(45056K), 0.0005040 secs] [Times: user=0.00 sys=0.00, real=0.00 secs] 
148.413: Total time for which application threads were stopped: 0.0677610 seconds, Stopping threads took: 0.0671870 seconds
148.497: Application time: 0.0840360 seconds
148.558: [GC [PSYoungGen: 12847K->1360K(13824K)] 31258K->20358K(45056K), 0.0008770 secs] [Times: user=0.01 sys=0.00, real=0.00 secs] 
148.559: Total time for which application threads were stopped: 0.0614140 seconds, Stopping threads took: 0.0604690 seconds
148.641: Application time: 0.0823780 seconds
148.706: [GC [PSYoungGen: 13487K->1133K(13824K)] 32485K->20138K(45056K), 0.0005980 secs] [Times: user=0.00 sys=0.00, real=0.00 secs] 
148.706: Total time for which application threads were stopped: 0.0654830 seconds, Stopping threads took: 0.0648130 seconds
148.787: Application time: 0.0807360 seconds
148.852: [GC [PSYoungGen: 13260K->336K(13824K)] 32265K->19357K(45056K), 0.0006010 secs] [Times: user=0.00 sys=0.00, real=0.00 secs] 
148.853: Total time for which application threads were stopped: 0.0657240 seconds, Stopping threads took: 0.0650340 seconds
148.934: Application time: 0.0811110 seconds
148.985: [GC [PSYoungGen: 12560K->774K(13824K)] 31582K->19796K(45056K), 0.0005670 secs] [Times: user=0.01 sys=0.00, real=0.00 secs] 
148.985: Total time for which application threads were stopped: 0.0513460 seconds, Stopping threads took: 0.0507060 seconds
149.065: Application time: 0.0799150 seconds
149.115: [GC [PSYoungGen: 12999K->1442K(13824K)] 32020K->21261K(45056K), 0.0009370 secs] [Times: user=0.01 sys=0.00, real=0.00 secs] 
149.116: Total time for which application threads were stopped: 0.0506150 seconds, Stopping threads took: 0.0496110 seconds
149.220: Application time: 0.1043110 seconds
149.287: [GC [PSYoungGen: 13569K->368K(13824K)] 33388K->20186K(45056K), 0.0004880 secs] [Times: user=0.00 sys=0.00, real=0.01 secs] 
149.289: Total time for which application threads were stopped: 0.0685220 seconds, Stopping threads took: 0.0669390 seconds
149.373: Application time: 0.0842220 seconds
149.411: [GC [PSYoungGen: 12378K->1360K(13824K)] 32196K->21374K(45056K), 0.0009870 secs] [Times: user=0.00 sys=0.01, real=0.00 secs] 
149.412: Total time for which application threads were stopped: 0.0394050 seconds, Stopping threads took: 0.0383230 seconds
149.492: Application time: 0.0800590 seconds
149.537: [GC [PSYoungGen: 13566K->1458K(13824K)] 33580K->21863K(45056K), 0.0008740 secs] [Times: user=0.00 sys=0.00, real=0.00 secs] 
149.538: Total time for which application threads were stopped: 0.0452760 seconds, Stopping threads took: 0.0443020 seconds
149.620: Application time: 0.0823460 seconds
149.685: [GC [PSYoungGen: 13644K->986K(13824K)] 34049K->21390K(45056K), 0.0005780 secs] [Times: user=0.00 sys=0.00, real=0.00 secs] 
149.686: Total time for which application threads were stopped: 0.0657330 seconds, Stopping threads took: 0.0650650 seconds
149.763: Application time: 0.0775360 seconds
149.803: [GC [PSYoungGen: 13093K->1392K(13824K)] 33498K->23758K(45056K), 0.0012390 secs] [Times: user=0.01 sys=0.00, real=0.00 secs] 
149.804: Total time for which application threads were stopped: 0.0408810 seconds, Stopping threads took: 0.0395450 seconds
149.914: Application time: 0.1093280 seconds
149.987: [GC [PSYoungGen: 13676K->304K(13824K)] 36041K->22677K(45056K), 0.0004250 secs] [Times: user=0.00 sys=0.00, real=0.00 secs] 
149.987: Total time for which application threads were stopped: 0.0737180 seconds, Stopping threads took: 0.0732280 seconds
150.067: Application time: 0.0796730 seconds
150.106: [GC [PSYoungGen: 12528K->758K(13824K)] 34902K->23140K(45056K), 0.0005270 secs] [Times: user=0.00 sys=0.00, real=0.00 secs] 
150.107: Total time for which application threads were stopped: 0.0398890 seconds, Stopping threads took: 0.0392850 seconds
150.186: Application time: 0.0789920 seconds
150.228: [GC [PSYoungGen: 12964K->1360K(13824K)] 35346K->24523K(45056K), 0.0008530 secs] [Times: user=0.00 sys=0.00, real=0.01 secs] 
150.229: Total time for which application threads were stopped: 0.0428550 seconds, Stopping threads took: 0.0419270 seconds
150.311: Application time: 0.0821760 seconds
150.379: [GC [PSYoungGen: 13585K->352K(13824K)] 36748K->23531K(45056K), 0.0005070 secs] [Times: user=0.00 sys=0.00, real=0.00 secs] 
150.379: Total time for which application threads were stopped: 0.0682950 seconds, Stopping threads took: 0.0677290 seconds
150.462: Application time: 0.0826730 seconds
150.502: [GC [PSYoungGen: 12576K->774K(13824K)] 35755K->23969K(45056K), 0.0006050 secs] [Times: user=0.01 sys=0.00, real=0.00 secs] 
150.503: Total time for which application threads were stopped: 0.0406620 seconds, Stopping threads took: 0.0399680 seconds
150.582: Application time: 0.0796410 seconds
150.650: [GC [PSYoungGen: 12999K->1117K(13824K)] 36194K->24320K(45056K), 0.0006400 secs] [Times: user=0.00 sys=0.00, real=0.00 secs] 
150.651: Total time for which application threads were stopped: 0.0685990 seconds, Stopping threads took: 0.0678600 seconds
150.731: Application time: 0.0805070 seconds
150.770: [GC [PSYoungGen: 13376K->1392K(13824K)] 36579K->24791K(45056K), 0.0007050 secs] [Times: user=0.00 sys=0.00, real=0.00 secs] 
150.771: Total time for which application threads were stopped: 0.0398070 seconds, Stopping threads took: 0.0390280 seconds
150.854: Application time: 0.0833340 seconds
150.909: [GC [PSYoungGen: 13563K->790K(13824K)] 36962K->24189K(45056K), 0.0006390 secs] [Times: user=0.01 sys=0.00, real=0.00 secs] 
150.909: Total time for which application threads were stopped: 0.0547360 seconds, Stopping threads took: 0.0540300 seconds
150.987: Application time: 0.0780000 seconds
151.027: [GC [PSYoungGen: 12995K->1458K(13824K)] 36394K->26614K(45056K), 0.0011560 secs] [Times: user=0.01 sys=0.00, real=0.00 secs] 
151.028: Total time for which application threads were stopped: 0.0405720 seconds, Stopping threads took: 0.0393380 seconds
151.112: Application time: 0.0840800 seconds
151.182: [GC [PSYoungGen: 13663K->1344K(13824K)] 38819K->26501K(45056K), 0.0006780 secs] [Times: user=0.00 sys=0.00, real=0.00 secs] 
151.183: Total time for which application threads were stopped: 0.0710690 seconds, Stopping threads took: 0.0703100 seconds
151.266: Application time: 0.0835210 seconds
151.331: [GC [PSYoungGen: 13549K->595K(13824K)] 38706K->25751K(45056K), 0.0004840 secs] [Times: user=0.00 sys=0.00, real=0.00 secs] 
151.332: Total time for which application threads were stopped: 0.0653990 seconds, Stopping threads took: 0.0648540 seconds
151.412: Application time: 0.0800660 seconds
151.451: [GC [PSYoungGen: 12878K->1408K(13824K)] 38035K->27159K(45056K), 0.0009640 secs] [Times: user=0.01 sys=0.00, real=0.00 secs] 
151.452: Total time for which application threads were stopped: 0.0401470 seconds, Stopping threads took: 0.0391020 seconds
151.555: Application time: 0.1028050 seconds
151.605: [GC [PSYoungGen: 13691K->1490K(13824K)] 39442K->28030K(45056K), 0.0008480 secs] [Times: user=0.01 sys=0.00, real=0.00 secs] 
151.606: Total time for which application threads were stopped: 0.0507940 seconds, Stopping threads took: 0.0498720 seconds
151.689: Application time: 0.0835650 seconds
151.758: [GC [PSYoungGen: 13617K->320K(13824K)] 40157K->26875K(45056K), 0.0004760 secs] [Times: user=0.01 sys=0.00, real=0.00 secs] 
151.758: Total time for which application threads were stopped: 0.0690180 seconds, Stopping threads took: 0.0684650 seconds
151.837: Application time: 0.0788130 seconds
151.879: [GC [PSYoungGen: 12544K->694K(13824K)] 39100K->27258K(45056K), 0.0005370 secs] [Times: user=0.00 sys=0.00, real=0.00 secs] 
151.879: Total time for which application threads were stopped: 0.0422720 seconds, Stopping threads took: 0.0416680 seconds
151.960: Application time: 0.0809390 seconds
152.014: [GC [PSYoungGen: 12724K->970K(13824K)] 39287K->27541K(45056K), 0.0005170 secs] [Times: user=0.00 sys=0.00, real=0.00 secs] 
152.014: Total time for which application threads were stopped: 0.0539900 seconds, Stopping threads took: 0.0534060 seconds
152.093: Application time: 0.0789120 seconds
152.134: [GC [PSYoungGen: 13194K->1442K(13824K)] 39766K->28990K(45056K), 0.0014530 secs] [Times: user=0.01 sys=0.00, real=0.00 secs] 
152.136: Total time for which application threads were stopped: 0.0423810 seconds, Stopping threads took: 0.0408560 seconds
152.219: Application time: 0.0836560 seconds
152.286: [GC [PSYoungGen: 13647K->1490K(13824K)] 41195K->29242K(45056K), 0.0007950 secs] [Times: user=0.01 sys=0.00, real=0.00 secs] 
152.286: Total time for which application threads were stopped: 0.0671000 seconds, Stopping threads took: 0.0662150 seconds
152.367: Application time: 0.0810120 seconds
152.436: [GC [PSYoungGen: 13519K->774K(13824K)] 41271K->28526K(45056K), 0.0006750 secs] [Times: user=0.00 sys=0.01, real=0.01 secs] 
152.437: Total time for which application threads were stopped: 0.0696340 seconds, Stopping threads took: 0.0688710 seconds
152.515: Application time: 0.0779460 seconds
152.555: [GC [PSYoungGen: 12980K->1474K(13824K)] 40731K->30983K(45056K), 0.0012760 secs] [Times: user=0.01 sys=0.00, real=0.00 secs] 
152.556: [Full GC [PSYoungGen: 1474K->0K(13824K)] [ParOldGen: 29509K->4612K(31232K)] 30983K->4612K(45056K) [PSPermGen: 5148K->5148K(21504K)], 0.0041250 secs] [Times: user=0.02 sys=0.00, real=0.01 secs] 
152.561: Total time for which application threads were stopped: 0.0455730 seconds, Stopping threads took: 0.0400180 seconds
152.643: Application time: 0.0820070 seconds
152.711: [GC [PSYoungGen: 12224K->1234K(13824K)] 16837K->5846K(45056K), 0.0006990 secs] [Times: user=0.00 sys=0.00, real=0.00 secs] 
152.712: Total time for which application threads were stopped: 0.0689920 seconds, Stopping threads took: 0.0682060 seconds
152.795: Application time: 0.0833620 seconds
152.858: [GC [PSYoungGen: 13341K->387K(13824K)] 17954K->4999K(45056K), 0.0004190 secs] [Times: user=0.00 sys=0.00, real=0.00 secs] 
152.858: Total time for which application threads were stopped: 0.0635080 seconds, Stopping threads took: 0.0629910 seconds
152.938: Application time: 0.0794700 seconds
152.988: [GC [PSYoungGen: 12670K->1525K(13824K)] 17283K->7505K(45056K), 0.0010930 secs] [Times: user=0.00 sys=0.00, real=0.01 secs] 
152.989: Total time for which application threads were stopped: 0.0514790 seconds, Stopping threads took: 0.0503150 seconds
153.071: Application time: 0.0820990 seconds
153.142: [GC [PSYoungGen: 13809K->1053K(13824K)] 19788K->7033K(45056K), 0.0007460 secs] [Times: user=0.00 sys=0.00, real=0.00 secs] 
153.143: Total time for which application threads were stopped: 0.0712360 seconds, Stopping threads took: 0.0704060 seconds
153.224: Application time: 0.0813690 seconds
153.290: [GC [PSYoungGen: 13258K->288K(13824K)] 19238K->6267K(45056K), 0.0006210 secs] [Times: user=0.00 sys=0.00, real=0.00 secs] 
153.290: Total time for which application threads were stopped: 0.0662280 seconds, Stopping threads took: 0.0655210 seconds
153.368: Application time: 0.0780830 seconds
153.410: [GC [PSYoungGen: 12512K->1378K(13824K)] 18492K->7748K(45056K), 0.0008250 secs] [Times: user=0.00 sys=0.00, real=0.00 secs] 
153.411: Total time for which application threads were stopped: 0.0424700 seconds, Stopping threads took: 0.0415530 seconds
153.492: Application time: 0.0810510 seconds
153.558: [GC [PSYoungGen: 13603K->1069K(13824K)] 19973K->7439K(45056K), 0.0008420 secs] [Times: user=0.00 sys=0.00, real=0.00 secs] 
153.559: Total time for which application threads were stopped: 0.0667570 seconds, Stopping threads took: 0.0658230 seconds
153.638: Application time: 0.0795850 seconds
153.706: [GC [PSYoungGen: 13196K->272K(13824K)] 19566K->6642K(45056K), 0.0006120 secs] [Times: user=0.00 sys=0.00, real=0.00 secs] 
153.707: Total time for which application threads were stopped: 0.0686830 seconds, Stopping threads took: 0.0679800 seconds
153.788: Application time: 0.0808650 seconds
153.828: [GC [PSYoungGen: 12379K->531K(13824K)] 18750K->6901K(45056K), 0.0010190 secs] [Times: user=0.00 sys=0.00, real=0.01 secs] 
153.829: Total time for which application threads were stopped: 0.0408500 seconds, Stopping threads took: 0.0397460 seconds
153.922: Application time: 0.0933520 seconds
153.988: [GC [PSYoungGen: 12560K->710K(13824K)] 18931K->7081K(45056K), 0.0004800 secs] [Times: user=0.00 sys=0.00, real=0.01 secs] 
153.989: Total time for which application threads were stopped: 0.0667890 seconds, Stopping threads took: 0.0662150 seconds
154.077: Application time: 0.0876760 seconds
154.124: [GC [PSYoungGen: 12935K->1149K(13824K)] 19305K->7519K(45056K), 0.0007770 secs] [Times: user=0.00 sys=0.00, real=0.00 secs] 
154.124: Total time for which application threads were stopped: 0.0479130 seconds, Stopping threads took: 0.0470480 seconds
154.204: Application time: 0.0796330 seconds
154.273: [GC [PSYoungGen: 13256K->1376K(13824K)] 19627K->7747K(45056K), 0.0008760 secs] [Times: user=0.00 sys=0.00, real=0.00 secs] 
154.274: Total time for which application threads were stopped: 0.0703070 seconds, Stopping threads took: 0.0693400 seconds
154.357: Application time: 0.0823230 seconds
154.424: [GC [PSYoungGen: 13581K->579K(13824K)] 19952K->6949K(45056K), 0.0005100 secs] [Times: user=0.00 sys=0.00, real=0.00 secs] 
154.425: Total time for which application threads were stopped: 0.0683440 seconds, Stopping threads took: 0.0667650 seconds
154.505: Application time: 0.0798290 seconds
154.546: [GC [PSYoungGen: 12784K->1524K(13824K)] 19155K->8317K(45056K), 0.0007830 secs] [Times: user=0.01 sys=0.00, real=0.00 secs] 
154.547: Total time for which application threads were stopped: 0.0420210 seconds, Stopping threads took: 0.0411380 seconds
154.629: Application time: 0.0816800 seconds
154.672: [GC [PSYoungGen: 13787K->1458K(13824K)] 20580K->10009K(45056K), 0.0012160 secs] [Times: user=0.01 sys=0.00, real=0.00 secs] 
154.674: Total time for which application threads were stopped: 0.0451440 seconds, Stopping threads took: 0.0438540 seconds
154.755: Application time: 0.0812170 seconds
154.823: [GC [PSYoungGen: 13663K->1328K(13824K)] 22214K->9903K(45056K), 0.0007030 secs] [Times: user=0.01 sys=0.00, real=0.00 secs] 
154.823: Total time for which application threads were stopped: 0.0685140 seconds, Stopping threads took: 0.0677430 seconds
154.904: Application time: 0.0809870 seconds
154.961: [GC [PSYoungGen: 13553K->1360K(13824K)] 22128K->10350K(45056K), 0.0008200 secs] [Times: user=0.01 sys=0.00, real=0.00 secs] 
154.962: Total time for which application threads were stopped: 0.0572160 seconds, Stopping threads took: 0.0563310 seconds
155.044: Application time: 0.0826110 seconds
155.108: [GC [PSYoungGen: 13292K->678K(13824K)] 22281K->9692K(45056K), 0.0006050 secs] [Times: user=0.00 sys=0.00, real=0.01 secs] 
155.108: Total time for which application threads were stopped: 0.0641420 seconds, Stopping threads took: 0.0634440 seconds
155.188: Application time: 0.0793830 seconds
155.257: [GC [PSYoungGen: 12903K->1165K(13824K)] 21917K->10195K(45056K), 0.0006100 secs] [Times: user=0.00 sys=0.00, real=0.00 secs] 
155.258: Total time for which application threads were stopped: 0.0702820 seconds, Stopping threads took: 0.0696020 seconds
155.338: Application time: 0.0798680 seconds
155.400: [GC [PSYoungGen: 13354K->272K(13824K)] 22384K->9317K(45056K), 0.0004640 secs] [Times: user=0.00 sys=0.00, real=0.00 secs] 
155.400: Total time for which application threads were stopped: 0.0623390 seconds, Stopping threads took: 0.0618070 seconds
155.480: Application time: 0.0796920 seconds
155.521: [GC [PSYoungGen: 12512K->678K(13824K)] 21558K->9724K(45056K), 0.0005530 secs] [Times: user=0.00 sys=0.01, real=0.00 secs] 
155.521: Total time for which application threads were stopped: 0.0412710 seconds, Stopping threads took: 0.0406550 seconds
155.600: Application time: 0.0789210 seconds
155.641: [GC [PSYoungGen: 12903K->1426K(13824K)] 21949K->11253K(45056K), 0.0010280 secs] [Times: user=0.01 sys=0.00, real=0.00 secs] 
155.642: Total time for which application threads were stopped: 0.0416240 seconds, Stopping threads took: 0.0405180 seconds
155.738: Application time: 0.0959330 seconds
155.806: [GC [PSYoungGen: 13533K->1344K(13824K)] 23360K->11171K(45056K), 0.0009240 secs] [Times: user=0.00 sys=0.00, real=0.00 secs] 
155.807: Total time for which application threads were stopped: 0.0690430 seconds, Stopping threads took: 0.0680380 seconds
155.890: Application time: 0.0827260 seconds
155.954: [GC [PSYoungGen: 13549K->547K(13824K)] 23376K->10382K(45056K), 0.0004790 secs] [Times: user=0.00 sys=0.00, real=0.00 secs] 
155.955: Total time for which application threads were stopped: 0.0653130 seconds, Stopping threads took: 0.0647460 seconds
156.036: Application time: 0.0811830 seconds
156.087: [GC [PSYoungGen: 12576K->758K(13824K)] 22411K->10593K(45056K), 0.0007270 secs] [Times: user=0.00 sys=0.00, real=0.00 secs] 
156.088: Total time for which application threads were stopped: 0.0519280 seconds, Stopping threads took: 0.0511200 seconds
156.183: Application time: 0.0948960 seconds
156.250: [GC [PSYoungGen: 12827K->742K(13824K)] 22662K->10577K(45056K), 0.0005920 secs] [Times: user=0.00 sys=0.00, real=0.00 secs] 
156.251: Total time for which application threads were stopped: 0.0679180 seconds, Stopping threads took: 0.0672270 seconds
156.332: Application time: 0.0807190 seconds
156.370: [GC [PSYoungGen: 12947K->1360K(13824K)] 22782K->11992K(45056K), 0.0008450 secs] [Times: user=0.00 sys=0.00, real=0.00 secs] 
156.371: Total time for which application threads were stopped: 0.0394130 seconds, Stopping threads took: 0.0384680 seconds
156.453: Application time: 0.0819640 seconds
156.518: [GC [PSYoungGen: 13565K->1312K(13824K)] 24198K->11952K(45056K), 0.0008550 secs] [Times: user=0.00 sys=0.00, real=0.00 secs] 
156.519: Total time for which application threads were stopped: 0.0663390 seconds, Stopping threads took: 0.0654120 seconds
156.602: Application time: 0.0822630 seconds
156.660: [GC [PSYoungGen: 13439K->579K(13824K)] 24080K->11227K(45056K), 0.0004940 secs] [Times: user=0.00 sys=0.00, real=0.00 secs] 
156.661: Total time for which application threads were stopped: 0.0589910 seconds, Stopping threads took: 0.0584270 seconds
156.739: Application time: 0.0788330 seconds
156.782: [GC [PSYoungGen: 12608K->1474K(13824K)] 23257K->12521K(45056K), 0.0007360 secs] [Times: user=0.01 sys=0.00, real=0.00 secs] 
156.782: Total time for which application threads were stopped: 0.0430450 seconds, Stopping threads took: 0.0422330 seconds
156.869: Application time: 0.0866740 seconds
156.928: [GC [PSYoungGen: 13601K->1344K(13824K)] 24648K->13188K(45056K), 0.0009120 secs] [Times: user=0.01 sys=0.00, real=0.01 secs] 
156.929: Total time for which application threads were stopped: 0.0601740 seconds, Stopping threads took: 0.0591910 seconds
157.017: Application time: 0.0877690 seconds
157.087: [GC [PSYoungGen: 13471K->1376K(13824K)] 25315K->13220K(45056K), 0.0005850 secs] [Times: user=0.00 sys=0.00, real=0.00 secs] 
157.088: Total time for which application threads were stopped: 0.0707040 seconds, Stopping threads took: 0.0700550 seconds
157.168: Application time: 0.0800800 seconds
157.209: [GC [PSYoungGen: 13660K->1525K(13824K)] 25504K->15634K(45056K), 0.0012840 secs] [Times: user=0.01 sys=0.00, real=0.00 secs] 
157.210: Total time for which application threads were stopped: 0.0421600 seconds, Stopping threads took: 0.0408060 seconds
157.299: Application time: 0.0889330 seconds
157.368: [GC [PSYoungGen: 13554K->662K(13824K)] 27663K->14771K(45056K), 0.0005210 secs] [Times: user=0.01 sys=0.00, real=0.00 secs] 
157.369: Total time for which application threads were stopped: 0.0700110 seconds, Stopping threads took: 0.0694200 seconds
157.449: Application time: 0.0796390 seconds
157.490: [GC [PSYoungGen: 12770K->1508K(13824K)] 26879K->17195K(45056K), 0.0010770 secs] [Times: user=0.00 sys=0.00, real=0.00 secs] 
157.491: Total time for which application threads were stopped: 0.0420370 seconds, Stopping threads took: 0.0408930 seconds
157.589: Application time: 0.0986460 seconds
157.656: [GC [PSYoungGen: 13693K->1378K(13824K)] 29381K->17847K(45056K), 0.0012260 secs] [Times: user=0.01 sys=0.00, real=0.00 secs] 
157.658: Total time for which application threads were stopped: 0.0684110 seconds, Stopping threads took: 0.0670940 seconds
157.741: Application time: 0.0831300 seconds
157.806: [GC [PSYoungGen: 13290K->1149K(13824K)] 29759K->17618K(45056K), 0.0006200 secs] [Times: user=0.00 sys=0.00, real=0.00 secs] 
157.806: Total time for which application threads were stopped: 0.0655780 seconds, Stopping threads took: 0.0648960 seconds
157.886: Application time: 0.0792310 seconds
157.926: [GC [PSYoungGen: 13276K->1392K(13824K)] 29745K->19049K(45056K), 0.0011200 secs] [Times: user=0.01 sys=0.00, real=0.00 secs] 
157.927: Total time for which application threads were stopped: 0.0414160 seconds, Stopping threads took: 0.0401960 seconds
158.007: Application time: 0.0796350 seconds
158.081: [GC [PSYoungGen: 13597K->1376K(13824K)] 31254K->19432K(45056K), 0.0008270 secs] [Times: user=0.00 sys=0.00, real=0.00 secs] 
158.082: Total time for which application threads were stopped: 0.0750180 seconds, Stopping threads took: 0.0741030 seconds
158.164: Application time: 0.0819540 seconds
158.216: [GC [PSYoungGen: 13308K->726K(13824K)] 31363K->18782K(45056K), 0.0005210 secs] [Times: user=0.00 sys=0.00, real=0.01 secs] 
158.217: Total time for which application threads were stopped: 0.0530400 seconds, Stopping threads took: 0.0524540 seconds
158.296: Application time: 0.0795850 seconds
158.348: [GC [PSYoungGen: 12951K->1133K(13824K)] 31006K->19204K(45056K), 0.0006340 secs] [Times: user=0.00 sys=0.00, real=0.01 secs] 
158.349: Total time for which application threads were stopped: 0.0522810 seconds, Stopping threads took: 0.0515780 seconds
158.428: Application time: 0.0791540 seconds
158.469: [GC [PSYoungGen: 13338K->1506K(13824K)] 31409K->21734K(45056K), 0.0012040 secs] [Times: user=0.00 sys=0.00, real=0.00 secs] 
158.470: Total time for which application threads were stopped: 0.0419950 seconds, Stopping threads took: 0.0407150 seconds
158.553: Application time: 0.0832220 seconds
158.625: [GC [PSYoungGen: 13730K->742K(13824K)] 33958K->20986K(45056K), 0.0007210 secs] [Times: user=0.00 sys=0.00, real=0.00 secs] 
158.625: Total time for which application threads were stopped: 0.0723910 seconds, Stopping threads took: 0.0715810 seconds
158.705: Application time: 0.0794190 seconds
158.771: [GC [PSYoungGen: 12967K->1117K(13824K)] 33211K->21361K(45056K), 0.0007020 secs] [Times: user=0.00 sys=0.00, real=0.00 secs] 
158.771: Total time for which application threads were stopped: 0.0666220 seconds, Stopping threads took: 0.0658290 seconds
158.852: Application time: 0.0801110 seconds
158.891: [GC [PSYoungGen: 13322K->1376K(13824K)] 33566K->22792K(45056K), 0.0009850 secs] [Times: user=0.00 sys=0.00, real=0.00 secs] 
158.892: Total time for which application threads were stopped: 0.0402830 seconds, Stopping threads took: 0.0392290 seconds
158.974: Application time: 0.0820380 seconds
159.044: [GC [PSYoungGen: 13484K->531K(13824K)] 34900K->21947K(45056K), 0.0004570 secs] [Times: user=0.00 sys=0.00, real=0.00 secs] 
159.044: Total time for which application threads were stopped: 0.0702110 seconds, Stopping threads took: 0.0696800 seconds
159.123: Application time: 0.0787420 seconds
159.164: [GC [PSYoungGen: 12717K->1376K(13824K)] 34133K->24355K(45056K), 0.0010310 secs] [Times: user=0.00 sys=0.01, real=0.00 secs] 
159.165: Total time for which application threads were stopped: 0.0425850 seconds, Stopping threads took: 0.0414890 seconds
159.261: Application time: 0.0951240 seconds
159.329: [GC [PSYoungGen: 13484K->938K(13824K)] 36462K->23932K(45056K), 0.0007090 secs] [Times: user=0.00 sys=0.00, real=0.00 secs] 
159.330: Total time for which application threads were stopped: 0.0689990 seconds, Stopping threads took: 0.0682020 seconds
159.410: Application time: 0.0808860 seconds
159.452: [GC [PSYoungGen: 13045K->1181K(13824K)] 36040K->24175K(45056K), 0.0006140 secs] [Times: user=0.00 sys=0.00, real=0.00 secs] 
159.454: Total time for which application threads were stopped: 0.0436970 seconds, Stopping threads took: 0.0420150 seconds
159.536: Application time: 0.0816990 seconds
159.600: [GC [PSYoungGen: 13386K->320K(13824K)] 36381K->23330K(45056K), 0.0005390 secs] [Times: user=0.01 sys=0.00, real=0.00 secs] 
159.600: Total time for which application threads were stopped: 0.0644910 seconds, Stopping threads took: 0.0638770 seconds
159.679: Application time: 0.0787230 seconds
159.721: [GC [PSYoungGen: 12251K->1360K(13824K)] 35262K->24582K(45056K), 0.0006750 secs] [Times: user=0.00 sys=0.00, real=0.00 secs] 
159.722: Total time for which application threads were stopped: 0.0427510 seconds, Stopping threads took: 0.0420080 seconds
159.806: Application time: 0.0843540 seconds
159.870: [GC [PSYoungGen: 13487K->790K(13824K)] 36709K->24020K(45056K), 0.0005940 secs] [Times: user=0.00 sys=0.00, real=0.00 secs] 
159.870: Total time for which application threads were stopped: 0.0640740 seconds, Stopping threads took: 0.0634140 seconds
159.949: Application time: 0.0785190 seconds
159.991: [GC [PSYoungGen: 12995K->1360K(13824K)] 36225K->25371K(45056K), 0.0008780 secs] [Times: user=0.00 sys=0.00, real=0.00 secs] 
159.992: Total time for which application threads were stopped: 0.0435120 seconds, Stopping threads took: 0.0425670 seconds
160.074: Application time: 0.0816510 seconds
160.140: [GC [PSYoungGen: 13487K->1424K(13824K)] 37498K->25443K(45056K), 0.0007220 secs] [Times: user=0.00 sys=0.00, real=0.00 secs] 
160.141: Total time for which application threads were stopped: 0.0670680 seconds, Stopping threads took: 0.0662580 seconds
160.224: Application time: 0.0827990 seconds
160.291: [GC [PSYoungGen: 13629K->547K(13824K)] 37648K->24566K(45056K), 0.0007290 secs] [Times: user=0.00 sys=0.00, real=0.00 secs] 
160.291: Total time for which application threads were stopped: 0.0674530 seconds, Stopping threads took: 0.0666610 seconds
160.389: Application time: 0.0982280 seconds
160.452: [GC [PSYoungGen: 12655K->758K(13824K)] 36674K->24777K(45056K), 0.0005650 secs] [Times: user=0.01 sys=0.00, real=0.00 secs] 
160.452: Total time for which application threads were stopped: 0.0627460 seconds, Stopping threads took: 0.0620930 seconds
160.531: Application time: 0.0787220 seconds
160.571: [GC [PSYoungGen: 12983K->1117K(13824K)] 37002K->25152K(45056K), 0.0006630 secs] [Times: user=0.00 sys=0.00, real=0.00 secs] 
160.572: Total time for which application threads were stopped: 0.0409400 seconds, Stopping threads took: 0.0401850 seconds
160.651: Application time: 0.0792740 seconds
160.690: [GC [PSYoungGen: 13294K->1524K(13824K)] 37329K->26599K(45056K), 0.0009680 secs] [Times: user=0.01 sys=0.00, real=0.00 secs] 
160.691: Total time for which application threads were stopped: 0.0401830 seconds, Stopping threads took: 0.0391380 seconds
160.771: Application time: 0.0796170 seconds
160.837: [GC [PSYoungGen: 13757K->1524K(13824K)] 38832K->26795K(45056K), 0.0009270 secs] [Times: user=0.01 sys=0.00, real=0.00 secs] 
160.838: Total time for which application threads were stopped: 0.0668430 seconds, Stopping threads took: 0.0658250 seconds
160.921: Application time: 0.0830130 seconds
160.987: [GC [PSYoungGen: 13612K->694K(13824K)] 38883K->25973K(45056K), 0.0007090 secs] [Times: user=0.00 sys=0.00, real=0.00 secs] 
160.988: Total time for which application threads were stopped: 0.0670900 seconds, Stopping threads took: 0.0662960 seconds
161.068: Application time: 0.0804240 seconds
161.108: [GC [PSYoungGen: 12607K->694K(13824K)] 37886K->25981K(45056K), 0.0005090 secs] [Times: user=0.00 sys=0.00, real=0.01 secs] 
161.109: Total time for which application threads were stopped: 0.0403830 seconds, Stopping threads took: 0.0398010 seconds
161.186: Application time: 0.0776660 seconds
161.225: [GC [PSYoungGen: 12919K->1360K(13824K)] 38206K->28617K(45056K), 0.0011880 secs] [Times: user=0.01 sys=0.00, real=0.00 secs] 
161.226: Total time for which application threads were stopped: 0.0394550 seconds, Stopping threads took: 0.0381840 seconds
161.308: Application time: 0.0825200 seconds
161.381: [GC [PSYoungGen: 13585K->1476K(13824K)] 40841K->28748K(45056K), 0.0006890 secs] [Times: user=0.00 sys=0.00, real=0.00 secs] 
161.381: Total time for which application threads were stopped: 0.0730100 seconds, Stopping threads took: 0.0722570 seconds
161.468: Application time: 0.0861170 seconds
161.531: [GC [PSYoungGen: 13603K->726K(13824K)] 40875K->28015K(45056K), 0.0004740 secs] [Times: user=0.00 sys=0.00, real=0.00 secs] 
161.531: Total time for which application threads were stopped: 0.0637030 seconds, Stopping threads took: 0.0631680 seconds
161.611: Application time: 0.0797150 seconds
161.651: [GC [PSYoungGen: 12932K->1360K(13824K)] 40220K->29438K(45056K), 0.0010140 secs] [Times: user=0.00 sys=0.01, real=0.00 secs] 
161.652: Total time for which application threads were stopped: 0.0412730 seconds, Stopping threads took: 0.0401690 seconds
161.733: Application time: 0.0810340 seconds
161.792: [GC [PSYoungGen: 13563K->1328K(13824K)] 41641K->29406K(45056K), 0.0007040 secs] [Times: user=0.00 sys=0.00, real=0.00 secs] 
161.793: Total time for which application threads were stopped: 0.0592910 seconds, Stopping threads took: 0.0585110 seconds
161.878: Application time: 0.0852010 seconds
161.949: [GC [PSYoungGen: 13534K->579K(13824K)] 41611K->28656K(45056K), 0.0004940 secs] [Times: user=0.00 sys=0.00, real=0.00 secs] 
161.950: Total time for which application threads were stopped: 0.0721000 seconds, Stopping threads took: 0.0715340 seconds
162.028: Application time: 0.0778350 seconds
162.067: [GC [PSYoungGen: 12608K->758K(13824K)] 40686K->28844K(45056K), 0.0006910 secs] [Times: user=0.01 sys=0.00, real=0.00 secs] 
162.068: Total time for which application threads were stopped: 0.0403750 seconds, Stopping threads took: 0.0395950 seconds
162.147: Application time: 0.0792520 seconds
162.189: [GC [PSYoungGen: 12885K->1523K(13824K)] 40971K->30243K(45056K), 0.0008680 secs] [Times: user=0.00 sys=0.00, real=0.00 secs] 
162.190: Total time for which application threads were stopped: 0.0425060 seconds, Stopping threads took: 0.0415720 seconds
162.274: Application time: 0.0843050 seconds
162.344: [GC [PSYoungGen: 13748K->272K(13824K)] 42468K->28999K(45056K), 0.0006630 secs] [Times: user=0.00 sys=0.00, real=0.00 secs] 
162.345: Total time for which application threads were stopped: 0.0709530 seconds, Stopping threads took: 0.0701940 seconds
162.425: Application time: 0.0797560 seconds
162.464: [GC [PSYoungGen: 12516K->1508K(13824K)] 41244K->30243K(45056K), 0.0008260 secs] [Times: user=0.01 sys=0.00, real=0.00 secs] 
162.465: Total time for which application threads were stopped: 0.0403180 seconds, Stopping threads took: 0.0394260 seconds
162.546: Application time: 0.0812190 seconds
162.619: [GC [PSYoungGen: 13713K->726K(13824K)] 42448K->29462K(45056K), 0.0005790 secs] [Times: user=0.01 sys=0.00, real=0.00 secs] 
162.620: Total time for which application threads were stopped: 0.0734430 seconds, Stopping threads took: 0.0727850 seconds
162.700: Application time: 0.0797420 seconds
162.751: [GC [PSYoungGen: 12951K->1133K(13824K)] 41687K->29868K(45056K), 0.0007330 secs] [Times: user=0.01 sys=0.00, real=0.00 secs] 
162.752: Total time for which application threads were stopped: 0.0524440 seconds, Stopping threads took: 0.0516430 seconds
162.832: Application time: 0.0802050 seconds
162.901: [GC [PSYoungGen: 13260K->320K(13824K)] 41995K->29063K(45056K), 0.0004900 secs] [Times: user=0.01 sys=0.00, real=0.00 secs] 
162.901: Total time for which application threads were stopped: 0.0691130 seconds, Stopping threads took: 0.0685530 seconds
162.980: Application time: 0.0783090 seconds
163.022: [GC [PSYoungGen: 12447K->1344K(13824K)] 41190K->30494K(45056K), 0.0007940 secs] [Times: user=0.01 sys=0.00, real=0.00 secs] 
163.022: Total time for which application threads were stopped: 0.0426280 seconds, Stopping threads took: 0.0417650 seconds
163.104: Application time: 0.0820810 seconds
163.170: [GC [PSYoungGen: 13550K->906K(13824K)] 42700K->30072K(45056K), 0.0006060 secs] [Times: user=0.00 sys=0.00, real=0.00 secs] 
163.170: Total time for which application threads were stopped: 0.0658300 seconds, Stopping threads took: 0.0651350 seconds
163.249: Application time: 0.0788850 seconds
163.289: [GC [PSYoungGen: 13013K->1410K(13824K)] 42179K->31357K(45056K), 0.0011150 secs] [Times: user=0.01 sys=0.00, real=0.00 secs] 
163.290: [Full GC [PSYoungGen: 1410K->0K(13824K)] [ParOldGen: 29947K->3639K(31232K)] 31357K->3639K(45056K) [PSPermGen: 5148K->5148K(21504K)], 0.0041350 secs] [Times: user=0.01 sys=0.00, real=0.00 secs] 
163.294: Total time for which application threads were stopped: 0.0448500 seconds, Stopping threads took: 0.0394580 seconds
163.379: Application time: 0.0847930 seconds
163.447: [GC [PSYoungGen: 12205K->1234K(13824K)] 15845K->4874K(45056K), 0.0005930 secs] [Times: user=0.01 sys=0.00, real=0.00 secs] 
163.448: Total time for which application threads were stopped: 0.0692660 seconds, Stopping threads took: 0.0685770 seconds
163.530: Application time: 0.0815950 seconds
163.597: [GC [PSYoungGen: 13459K->614K(13824K)] 17098K->4254K(45056K), 0.0005870 secs] [Times: user=0.00 sys=0.00, real=0.00 secs] 
163.597: Total time for which application threads were stopped: 0.0676740 seconds, Stopping threads took: 0.0670000 seconds
163.676: Application time: 0.0784210 seconds
163.717: [GC [PSYoungGen: 12839K->1005K(13824K)] 16479K->4645K(45056K), 0.0006530 secs] [Times: user=0.01 sys=0.00, real=0.00 secs] 
163.718: Total time for which application threads were stopped: 0.0417630 seconds, Stopping threads took: 0.0410210 seconds
163.799: Application time: 0.0812840 seconds
163.855: [GC [PSYoungGen: 13132K->160K(13824K)] 16772K->3799K(45056K), 0.0004530 secs] [Times: user=0.00 sys=0.00, real=0.00 secs] 
163.855: Total time for which application threads were stopped: 0.0564330 seconds, Stopping threads took: 0.0558930 seconds
163.934: Application time: 0.0789410 seconds
163.975: [GC [PSYoungGen: 12345K->1412K(13824K)] 15985K->6223K(45056K), 0.0011690 secs] [Times: user=0.00 sys=0.00, real=0.00 secs] 
163.976: Total time for which application threads were stopped: 0.0420420 seconds, Stopping threads took: 0.0407790 seconds
164.063: Application time: 0.0865440 seconds
164.131: [GC [PSYoungGen: 13597K->646K(13824K)] 18409K->5458K(45056K), 0.0004280 secs] [Times: user=0.00 sys=0.00, real=0.00 secs] 
164.131: Total time for which application threads were stopped: 0.0684340 seconds, Stopping threads took: 0.0679240 seconds
164.212: Application time: 0.0808840 seconds
164.252: [GC [PSYoungGen: 12754K->858K(13824K)] 17566K->5669K(45056K), 0.0004660 secs] [Times: user=0.00 sys=0.00, real=0.00 secs] 
164.252: Total time for which application threads were stopped: 0.0399590 seconds, Stopping threads took: 0.0394120 seconds
164.332: Application time: 0.0794360 seconds
164.373: [GC [PSYoungGen: 13082K->1280K(13824K)] 17894K->6092K(45056K), 0.0007270 secs] [Times: user=0.00 sys=0.00, real=0.00 secs] 
164.374: Total time for which application threads were stopped: 0.0419710 seconds, Stopping threads took: 0.0411570 seconds
164.455: Application time: 0.0819000 seconds
164.520: [GC [PSYoungGen: 13407K->515K(13824K)] 18219K->5327K(45056K), 0.0005190 secs] [Times: user=0.00 sys=0.00, real=0.00 secs] 
164.522: Total time for which application threads were stopped: 0.0662960 seconds, Stopping threads took: 0.0646180 seconds
164.601: Application time: 0.0795590 seconds
164.650: [GC [PSYoungGen: 12642K->1492K(13824K)] 17454K->6694K(45056K), 0.0008100 secs] [Times: user=0.00 sys=0.00, real=0.00 secs] 
164.651: Total time for which application threads were stopped: 0.0500110 seconds, Stopping threads took: 0.0491130 seconds
164.732: Application time: 0.0804130 seconds
164.798: [GC [PSYoungGen: 13697K->1133K(13824K)] 18899K->6335K(45056K), 0.0006070 secs] [Times: user=0.00 sys=0.00, real=0.00 secs] 
164.799: Total time for which application threads were stopped: 0.0671730 seconds, Stopping threads took: 0.0664950 seconds
164.880: Application time: 0.0807080 seconds
164.941: [GC [PSYoungGen: 13338K->304K(13824K)] 18541K->5506K(45056K), 0.0004520 secs] [Times: user=0.00 sys=0.00, real=0.00 secs] 
164.942: Total time for which application threads were stopped: 0.0622930 seconds, Stopping threads took: 0.0617750 seconds
165.021: Application time: 0.0788780 seconds
165.062: [GC [PSYoungGen: 12314K->1360K(13824K)] 17516K->6758K(45056K), 0.0006850 secs] [Times: user=0.00 sys=0.00, real=0.00 secs] 
165.063: Total time for which application threads were stopped: 0.0423540 seconds, Stopping threads took: 0.0415980 seconds
165.145: Application time: 0.0818690 seconds
165.211: [GC [PSYoungGen: 13487K->726K(13824K)] 18885K->6124K(45056K), 0.0005350 secs] [Times: user=0.00 sys=0.00, real=0.00 secs] 
165.212: Total time for which application threads were stopped: 0.0670390 seconds, Stopping threads took: 0.0664160 seconds
165.292: Application time: 0.0799070 seconds
165.341: [GC [PSYoungGen: 12931K->1376K(13824K)] 18329K->7555K(45056K), 0.0009720 secs] [Times: user=0.00 sys=0.00, real=0.00 secs] 
165.342: Total time for which application threads were stopped: 0.0497500 seconds, Stopping threads took: 0.0487090 seconds
165.427: Application time: 0.0851240 seconds
165.496: [GC [PSYoungGen: 13663K->304K(13824K)] 19842K->6523K(45056K), 0.0004040 secs] [Times: user=0.00 sys=0.00, real=0.01 secs] 
165.497: Total time for which application threads were stopped: 0.0697590 seconds, Stopping threads took: 0.0692930 seconds
165.577: Application time: 0.0800810 seconds
165.630: [GC [PSYoungGen: 12544K->758K(13824K)] 18763K->6977K(45056K), 0.0005690 secs] [Times: user=0.00 sys=0.00, real=0.00 secs] 
165.630: Total time for which application threads were stopped: 0.0534440 seconds, Stopping threads took: 0.0527940 seconds
165.728: Application time: 0.0974200 seconds
165.790: [GC [PSYoungGen: 12749K->726K(13824K)] 18968K->6945K(45056K), 0.0004800 secs] [Times: user=0.00 sys=0.00, real=0.00 secs] 
165.791: Total time for which application threads were stopped: 0.0631520 seconds, Stopping threads took: 0.0626090 seconds
165.869: Application time: 0.0787180 seconds
165.911: [GC [PSYoungGen: 12951K->1101K(13824K)] 19170K->7320K(45056K), 0.0005920 secs] [Times: user=0.00 sys=0.00, real=0.00 secs] 
165.912: Total time for which application threads were stopped: 0.0424480 seconds, Stopping threads took: 0.0417870 seconds
165.993: Application time: 0.0811830 seconds
166.055: [GC [PSYoungGen: 13306K->336K(13824K)] 19525K->6579K(45056K), 0.0004850 secs] [Times: user=0.00 sys=0.00, real=0.00 secs] 
166.055: Total time for which application threads were stopped: 0.0622610 seconds, Stopping threads took: 0.0617070 seconds
166.135: Application time: 0.0793750 seconds
166.178: [GC [PSYoungGen: 12443K->579K(13824K)] 18686K->6838K(45056K), 0.0004340 secs] [Times: user=0.00 sys=0.00, real=0.00 secs] 
166.178: Total time for which application threads were stopped: 0.0434390 seconds, Stopping threads took: 0.0429320 seconds
166.257: Application time: 0.0792950 seconds
166.309: [GC [PSYoungGen: 12706K->1474K(13824K)] 18965K->9304K(45056K), 0.0010550 secs] [Times: user=0.01 sys=0.00, real=0.00 secs] 
166.310: Total time for which application threads were stopped: 0.0526600 seconds, Stopping threads took: 0.0515310 seconds
166.393: Application time: 0.0831790 seconds
166.462: [GC [PSYoungGen: 13757K->1181K(13824K)] 21587K->9011K(45056K), 0.0005760 secs] [Times: user=0.00 sys=0.00, real=0.00 secs] 
166.463: Total time for which application threads were stopped: 0.0693360 seconds, Stopping threads took: 0.0686930 seconds
166.542: Application time: 0.0795200 seconds
166.583: [GC [PSYoungGen: 13406K->1376K(13824K)] 21235K->9401K(45056K), 0.0007460 secs] [Times: user=0.00 sys=0.01, real=0.00 secs] 
166.583: Total time for which application threads were stopped: 0.0411530 seconds, Stopping threads took: 0.0403350 seconds
166.664: Application time: 0.0811840 seconds
166.705: [GC [PSYoungGen: 13601K->1392K(13824K)] 21626K->10003K(45056K), 0.0008680 secs] [Times: user=0.00 sys=0.00, real=0.00 secs] 
166.706: Total time for which application threads were stopped: 0.0414610 seconds, Stopping threads took: 0.0404910 seconds
166.786: Application time: 0.0801280 seconds
166.851: [GC [PSYoungGen: 13402K->1002K(13824K)] 22013K->9628K(45056K), 0.0008020 secs] [Times: user=0.00 sys=0.00, real=0.00 secs] 
166.852: Total time for which application threads were stopped: 0.0657310 seconds, Stopping threads took: 0.0648500 seconds
166.932: Application time: 0.0803900 seconds
166.978: [GC [PSYoungGen: 13226K->1360K(13824K)] 21853K->9995K(45056K), 0.0007280 secs] [Times: user=0.00 sys=0.00, real=0.00 secs] 
166.979: Total time for which application threads were stopped: 0.0467260 seconds, Stopping threads took: 0.0459310 seconds
167.070: Application time: 0.0914410 seconds
167.140: [GC [PSYoungGen: 13566K->595K(13824K)] 22201K->9238K(45056K), 0.0004380 secs] [Times: user=0.00 sys=0.00, real=0.00 secs] 
167.140: Total time for which application threads were stopped: 0.0696470 seconds, Stopping threads took: 0.0691460 seconds
167.219: Application time: 0.0792720 seconds
167.260: [GC [PSYoungGen: 12878K->1507K(13824K)] 21521K->10597K(45056K), 0.0007850 secs] [Times: user=0.01 sys=0.00, real=0.00 secs] 
167.260: Total time for which application threads were stopped: 0.0411190 seconds, Stopping threads took: 0.0402530 seconds
167.355: Application time: 0.0941960 seconds
167.427: [GC [PSYoungGen: 13634K->1053K(13824K)] 22724K->10150K(45056K), 0.0005710 secs] [Times: user=0.00 sys=0.00, real=0.00 secs] 
167.427: Total time for which application threads were stopped: 0.0726620 seconds, Stopping threads took: 0.0720240 seconds
167.509: Application time: 0.0817920 seconds
167.573: [GC [PSYoungGen: 13258K->304K(13824K)] 22356K->9417K(45056K), 0.0004810 secs] [Times: user=0.00 sys=0.00, real=0.00 secs] 
167.573: Total time for which application threads were stopped: 0.0640940 seconds, Stopping threads took: 0.0635270 seconds
167.653: Application time: 0.0800300 seconds
167.706: [GC [PSYoungGen: 12528K->710K(13824K)] 21642K->9824K(45056K), 0.0007140 secs] [Times: user=0.00 sys=0.00, real=0.00 secs] 
167.707: Total time for which application threads were stopped: 0.0537240 seconds, Stopping threads took: 0.0529160 seconds
167.785: Application time: 0.0776240 seconds
167.787: [GC [PSYoungGen: 12916K->1524K(13824K)] 22029K->13396K(45056K), 0.0014180 secs] [Times: user=0.01 sys=0.00, real=0.01 secs] 
167.789: Total time for which application threads were stopped: 0.0041740 seconds, Stopping threads took: 0.0026690 seconds
167.891: Application time: 0.1021710 seconds
167.960: [GC [PSYoungGen: 13748K->272K(13824K)] 25620K->12144K(45056K), 0.0004470 secs] [Times: user=0.00 sys=0.00, real=0.00 secs] 
167.960: Total time for which application threads were stopped: 0.0693840 seconds, Stopping threads took: 0.0688680 seconds
168.040: Application time: 0.0796520 seconds
168.095: [GC [PSYoungGen: 12282K->1344K(13824K)] 24154K->13428K(45056K), 0.0007160 secs] [Times: user=0.00 sys=0.00, real=0.00 secs] 
168.095: Total time for which application threads were stopped: 0.0553450 seconds, Stopping threads took: 0.0545360 seconds
168.175: Application time: 0.0792840 seconds
168.222: [GC [PSYoungGen: 13452K->1506K(13824K)] 25535K->14965K(45056K), 0.0011110 secs] [Times: user=0.00 sys=0.00, real=0.00 secs] 
168.223: Total time for which application threads were stopped: 0.0482370 seconds, Stopping threads took: 0.0470360 seconds
168.305: Application time: 0.0817890 seconds
168.368: [GC [PSYoungGen: 13613K->1376K(13824K)] 27072K->15421K(45056K), 0.0009410 secs] [Times: user=0.00 sys=0.00, real=0.01 secs] 
168.369: Total time for which application threads were stopped: 0.0646850 seconds, Stopping threads took: 0.0636440 seconds
168.470: Application time: 0.1009800 seconds
168.538: [GC [PSYoungGen: 13503K->1117K(13824K)] 27548K->15170K(45056K), 0.0007210 secs] [Times: user=0.00 sys=0.00, real=0.00 secs] 
168.539: Total time for which application threads were stopped: 0.0687080 seconds, Stopping threads took: 0.0679010 seconds
168.628: Application time: 0.0892940 seconds
168.695: [GC [PSYoungGen: 13400K->368K(13824K)] 27453K->14420K(45056K), 0.0004290 secs] [Times: user=0.00 sys=0.00, real=0.00 secs] 
168.696: Total time for which application threads were stopped: 0.0672100 seconds, Stopping threads took: 0.0667180 seconds
168.775: Application time: 0.0792020 seconds
168.816: [GC [PSYoungGen: 12553K->1392K(13824K)] 26606K->16812K(45056K), 0.0010070 secs] [Times: user=0.01 sys=0.00, real=0.01 secs] 
168.817: Total time for which application threads were stopped: 0.0418330 seconds, Stopping threads took: 0.0407600 seconds
168.918: Application time: 0.1017240 seconds
168.987: [GC [PSYoungGen: 13421K->758K(13824K)] 28841K->16186K(45056K), 0.0004650 secs] [Times: user=0.01 sys=0.00, real=0.00 secs] 
168.988: Total time for which application threads were stopped: 0.0696890 seconds, Stopping threads took: 0.0691510 seconds
169.068: Application time: 0.0797490 seconds
169.109: [GC [PSYoungGen: 12983K->1165K(13824K)] 28411K->16593K(45056K), 0.0006320 secs] [Times: user=0.00 sys=0.00, real=0.00 secs] 
169.110: Total time for which application threads were stopped: 0.0419960 seconds, Stopping threads took: 0.0412880 seconds
169.192: Application time: 0.0818210 seconds
169.253: [GC [PSYoungGen: 13292K->336K(13824K)] 28720K->15780K(45056K), 0.0005260 secs] [Times: user=0.00 sys=0.00, real=0.00 secs] 
169.254: Total time for which application threads were stopped: 0.0623570 seconds, Stopping threads took: 0.0617400 seconds
169.332: Application time: 0.0783320 seconds
169.375: [GC [PSYoungGen: 12560K->1490K(13824K)] 28004K->17341K(45056K), 0.0008110 secs] [Times: user=0.00 sys=0.00, real=0.00 secs] 
169.376: Total time for which application threads were stopped: 0.0433840 seconds, Stopping threads took: 0.0425000 seconds
169.459: Application time: 0.0830630 seconds
169.526: [GC [PSYoungGen: 13695K->1360K(13824K)] 29546K->17992K(45056K), 0.0009080 secs] [Times: user=0.01 sys=0.00, real=0.00 secs] 
169.526: Total time for which application threads were stopped: 0.0677580 seconds, Stopping threads took: 0.0667630 seconds
169.610: Application time: 0.0830770 seconds
169.674: [GC [PSYoungGen: 13565K->1360K(13824K)] 30197K->18000K(45056K), 0.0007070 secs] [Times: user=0.00 sys=0.00, real=0.00 secs] 
169.675: Total time for which application threads were stopped: 0.0649720 seconds, Stopping threads took: 0.0641960 seconds
169.754: Application time: 0.0798580 seconds
169.792: [GC [PSYoungGen: 13585K->1506K(13824K)] 30225K->19513K(45056K), 0.0010120 secs] [Times: user=0.00 sys=0.00, real=0.00 secs] 
169.793: Total time for which application threads were stopped: 0.0384070 seconds, Stopping threads took: 0.0373260 seconds
169.874: Application time: 0.0814170 seconds
169.947: [GC [PSYoungGen: 13516K->742K(13824K)] 31523K->18757K(45056K), 0.0005840 secs] [Times: user=0.00 sys=0.00, real=0.00 secs] 
169.948: Total time for which application threads were stopped: 0.0734650 seconds, Stopping threads took: 0.0728110 seconds
170.027: Application time: 0.0789940 seconds
170.065: [GC [PSYoungGen: 12967K->1392K(13824K)] 30982K->21361K(45056K), 0.0011720 secs] [Times: user=0.00 sys=0.00, real=0.00 secs] 
170.066: Total time for which application threads were stopped: 0.0393640 seconds, Stopping threads took: 0.0380970 seconds
170.147: Application time: 0.0805830 seconds
170.213: [GC [PSYoungGen: 13656K->1328K(13824K)] 33625K->21305K(45056K), 0.0006750 secs] [Times: user=0.00 sys=0.00, real=0.00 secs] 
170.214: Total time for which application threads were stopped: 0.0675720 seconds, Stopping threads took: 0.0668040 seconds
170.298: Application time: 0.0839240 seconds
170.359: [GC [PSYoungGen: 13534K->579K(13824K)] 33510K->20563K(45056K), 0.0005030 secs] [Times: user=0.00 sys=0.00, real=0.00 secs] 
170.359: Total time for which application threads were stopped: 0.0611490 seconds, Stopping threads took: 0.0605870 seconds
170.456: Application time: 0.0968800 seconds
170.519: [GC [PSYoungGen: 12687K->710K(13824K)] 32671K->20703K(45056K), 0.0006000 secs] [Times: user=0.00 sys=0.00, real=0.00 secs] 
170.520: Total time for which application threads were stopped: 0.0638180 seconds, Stopping threads took: 0.0631550 seconds
170.598: Application time: 0.0781820 seconds
170.640: [GC [PSYoungGen: 12935K->1490K(13824K)] 32927K->22264K(45056K), 0.0008490 secs] [Times: user=0.00 sys=0.00, real=0.00 secs] 
170.641: Total time for which application threads were stopped: 0.0431210 seconds, Stopping threads took: 0.0421920 seconds
170.723: Application time: 0.0821990 seconds
170.781: [GC [PSYoungGen: 13715K->1392K(13824K)] 34488K->22369K(45056K), 0.0006680 secs] [Times: user=0.00 sys=0.00, real=0.00 secs] 
170.781: Total time for which application threads were stopped: 0.0578840 seconds, Stopping threads took: 0.0571450 seconds
170.864: Application time: 0.0829970 seconds
170.928: [GC [PSYoungGen: 13519K->774K(13824K)] 34496K->21767K(45056K), 0.0004800 secs] [Times: user=0.00 sys=0.00, real=0.00 secs] 
170.928: Total time for which application threads were stopped: 0.0637070 seconds, Stopping threads took: 0.0631620 seconds
171.009: Application time: 0.0806610 seconds
171.048: [GC [PSYoungGen: 12999K->1133K(13824K)] 33992K->22126K(45056K), 0.0005810 secs] [Times: user=0.00 sys=0.00, real=0.01 secs] 
171.049: Total time for which application threads were stopped: 0.0401400 seconds, Stopping threads took: 0.0394940 seconds
171.130: Application time: 0.0813060 seconds
171.195: [GC [PSYoungGen: 13338K->320K(13824K)] 34331K->21313K(45056K), 0.0007140 secs] [Times: user=0.00 sys=0.00, real=0.00 secs] 
171.196: Total time for which application threads were stopped: 0.0658940 seconds, Stopping threads took: 0.0650800 seconds
171.274: Application time: 0.0781210 seconds
171.313: [GC [PSYoungGen: 12544K->1376K(13824K)] 33537K->23932K(45056K), 0.0011390 secs] [Times: user=0.00 sys=0.00, real=0.00 secs] 
171.314: Total time for which application threads were stopped: 0.0396580 seconds, Stopping threads took: 0.0384440 seconds
171.416: Application time: 0.1019360 seconds
171.484: [GC [PSYoungGen: 13367K->742K(13824K)] 35922K->23298K(45056K), 0.0004970 secs] [Times: user=0.00 sys=0.01, real=0.00 secs] 
171.484: Total time for which application threads were stopped: 0.0682430 seconds, Stopping threads took: 0.0676750 seconds
171.565: Application time: 0.0804540 seconds
171.632: [GC [PSYoungGen: 12967K->1149K(13824K)] 35523K->23712K(45056K), 0.0007820 secs] [Times: user=0.00 sys=0.00, real=0.00 secs] 
171.633: Total time for which application threads were stopped: 0.0686750 seconds, Stopping threads took: 0.0677970 seconds
171.715: Application time: 0.0821130 seconds
171.770: [GC [PSYoungGen: 13354K->320K(13824K)] 35918K->22891K(45056K), 0.0005580 secs] [Times: user=0.00 sys=0.00, real=0.00 secs] 
171.771: Total time for which application threads were stopped: 0.0554110 seconds, Stopping threads took: 0.0547550 seconds
171.850: Application time: 0.0793330 seconds
171.900: [GC [PSYoungGen: 12486K->1490K(13824K)] 35058K->25234K(45056K), 0.0010200 secs] [Times: user=0.00 sys=0.00, real=0.00 secs] 
171.901: Total time for which application threads were stopped: 0.0506020 seconds, Stopping threads took: 0.0495120 seconds
171.983: Application time: 0.0823260 seconds
172.051: [GC [PSYoungGen: 13695K->758K(13824K)] 37439K->24510K(45056K), 0.0005840 secs] [Times: user=0.00 sys=0.00, real=0.00 secs] 
172.052: Total time for which application threads were stopped: 0.0685150 seconds, Stopping threads took: 0.0678410 seconds
172.131: Application time: 0.0792630 seconds
172.182: [GC [PSYoungGen: 12983K->1149K(13824K)] 36735K->24900K(45056K), 0.0006560 secs] [Times: user=0.00 sys=0.00, real=0.00 secs] 
172.183: Total time for which application threads were stopped: 0.0518620 seconds, Stopping threads took: 0.0511360 seconds
172.265: Application time: 0.0828100 seconds
172.330: [GC [PSYoungGen: 13276K->352K(13824K)] 37028K->24111K(45056K), 0.0004060 secs] [Times: user=0.00 sys=0.00, real=0.00 secs] 
172.331: Total time for which application threads were stopped: 0.0650480 seconds, Stopping threads took: 0.0645710 seconds
172.411: Application time: 0.0801660 seconds
172.452: [GC [PSYoungGen: 12576K->1474K(13824K)] 36336K->25632K(45056K), 0.0009650 secs] [Times: user=0.00 sys=0.00, real=0.00 secs] 
172.453: Total time for which application threads were stopped: 0.0419310 seconds, Stopping threads took: 0.0408910 seconds
172.534: Application time: 0.0813610 seconds
172.601: [GC [PSYoungGen: 13699K->1149K(13824K)] 37857K->25323K(45056K), 0.0009700 secs] [Times: user=0.00 sys=0.00, real=0.00 secs] 
172.602: Total time for which application threads were stopped: 0.0678240 seconds, Stopping threads took: 0.0667660 seconds
172.681: Application time: 0.0788710 seconds
172.722: [GC [PSYoungGen: 13061K->1165K(13824K)] 37235K->25339K(45056K), 0.0008990 secs] [Times: user=0.01 sys=0.00, real=0.00 secs] 
172.723: Total time for which application threads were stopped: 0.0422000 seconds, Stopping threads took: 0.0412110 seconds
172.804: Application time: 0.0813720 seconds
172.869: [GC [PSYoungGen: 13370K->320K(13824K)] 37544K->24494K(45056K), 0.0006370 secs] [Times: user=0.00 sys=0.00, real=0.00 secs] 
172.869: Total time for which application threads were stopped: 0.0651250 seconds, Stopping threads took: 0.0643890 seconds
172.949: Application time: 0.0799540 seconds
172.990: [GC [PSYoungGen: 12447K->1344K(13824K)] 36621K->25909K(45056K), 0.0009480 secs] [Times: user=0.00 sys=0.00, real=0.00 secs] 
172.991: Total time for which application threads were stopped: 0.0419500 seconds, Stopping threads took: 0.0409150 seconds
173.079: Application time: 0.0878180 seconds
173.150: [GC [PSYoungGen: 13432K->758K(13824K)] 37997K->25323K(45056K), 0.0006220 secs] [Times: user=0.00 sys=0.00, real=0.00 secs] 
173.150: Total time for which application threads were stopped: 0.0711830 seconds, Stopping threads took: 0.0704640 seconds
173.246: Application time: 0.0956140 seconds
173.309: [GC [PSYoungGen: 12983K->1181K(13824K)] 37548K->25754K(45056K), 0.0010450 secs] [Times: user=0.00 sys=0.00, real=0.00 secs] 
173.310: Total time for which application threads were stopped: 0.0644800 seconds, Stopping threads took: 0.0633550 seconds
173.397: Application time: 0.0865870 seconds
173.456: [GC [PSYoungGen: 13386K->1376K(13824K)] 37959K->27121K(45056K), 0.0012540 secs] [Times: user=0.01 sys=0.00, real=0.01 secs] 
173.457: Total time for which application threads were stopped: 0.0600690 seconds, Stopping threads took: 0.0587380 seconds
173.561: Application time: 0.1043560 seconds
173.639: [GC [PSYoungGen: 13640K->579K(13824K)] 39385K->26332K(45056K), 0.0006080 secs] [Times: user=0.00 sys=0.00, real=0.00 secs] 
173.640: Total time for which application threads were stopped: 0.0781390 seconds, Stopping threads took: 0.0774530 seconds
173.727: Application time: 0.0872520 seconds
173.771: [GC [PSYoungGen: 12706K->1376K(13824K)] 38459K->27715K(45056K), 0.0010270 secs] [Times: user=0.01 sys=0.00, real=0.00 secs] 
173.773: Total time for which application threads were stopped: 0.0456980 seconds, Stopping threads took: 0.0445750 seconds
173.867: Application time: 0.0943080 seconds
173.945: [GC [PSYoungGen: 13503K->1181K(13824K)] 39842K->27528K(45056K), 0.0007490 secs] [Times: user=0.00 sys=0.00, real=0.00 secs] 
173.945: Total time for which application threads were stopped: 0.0785440 seconds, Stopping threads took: 0.0777050 seconds
174.035: Application time: 0.0891490 seconds
174.108: [GC [PSYoungGen: 13308K->336K(13824K)] 39655K->26690K(45056K), 0.0006100 secs] [Times: user=0.00 sys=0.00, real=0.00 secs] 
174.109: Total time for which application threads were stopped: 0.0744860 seconds, Stopping threads took: 0.0737710 seconds
174.196: Application time: 0.0865940 seconds
174.237: [GC [PSYoungGen: 12463K->1360K(13824K)] 38817K->28122K(45056K), 0.0009080 secs] [Times: user=0.01 sys=0.00, real=0.00 secs] 
174.238: Total time for which application threads were stopped: 0.0418740 seconds, Stopping threads took: 0.0408760 seconds
174.326: Application time: 0.0886300 seconds
174.397: [GC [PSYoungGen: 13292K->726K(13824K)] 40053K->27488K(45056K), 0.0006480 secs] [Times: user=0.00 sys=0.00, real=0.00 secs] 
174.398: Total time for which application threads were stopped: 0.0714110 seconds, Stopping threads took: 0.0706780 seconds
174.485: Application time: 0.0873160 seconds
174.529: [GC [PSYoungGen: 13010K->1392K(13824K)] 39771K->28935K(45056K), 0.0008760 secs] [Times: user=0.01 sys=0.00, real=0.00 secs] 
174.531: Total time for which application threads were stopped: 0.0459210 seconds, Stopping threads took: 0.0443280 seconds
174.628: Application time: 0.0973070 seconds
174.702: [GC [PSYoungGen: 13519K->1344K(13824K)] 41062K->28887K(45056K), 0.0007630 secs] [Times: user=0.00 sys=0.00, real=0.00 secs] 
174.703: Total time for which application threads were stopped: 0.0750380 seconds, Stopping threads took: 0.0741740 seconds
174.790: Application time: 0.0867730 seconds
174.857: [GC [PSYoungGen: 13550K->1474K(13824K)] 41092K->29212K(45056K), 0.0010540 secs] [Times: user=0.00 sys=0.00, real=0.00 secs] 
174.858: Total time for which application threads were stopped: 0.0681940 seconds, Stopping threads took: 0.0670440 seconds
174.946: Application time: 0.0875360 seconds
175.017: [GC [PSYoungGen: 13582K->742K(13824K)] 41320K->28488K(45056K), 0.0009300 secs] [Times: user=0.01 sys=0.00, real=0.00 secs] 
175.018: Total time for which application threads were stopped: 0.0721830 seconds, Stopping threads took: 0.0711590 seconds
175.104: Application time: 0.0864690 seconds
175.168: [GC [PSYoungGen: 13027K->1149K(13824K)] 40773K->28903K(45056K), 0.0007490 secs] [Times: user=0.00 sys=0.00, real=0.00 secs] 
175.168: Total time for which application threads were stopped: 0.0640400 seconds, Stopping threads took: 0.0631970 seconds
175.256: Application time: 0.0872260 seconds
175.299: [GC [PSYoungGen: 13353K->1344K(13824K)] 41107K->29098K(45056K), 0.0008000 secs] [Times: user=0.00 sys=0.00, real=0.00 secs] 
175.300: Total time for which application threads were stopped: 0.0444760 seconds, Stopping threads took: 0.0435760 seconds
175.409: Application time: 0.1090030 seconds
175.480: [GC [PSYoungGen: 13550K->515K(13824K)] 41304K->28285K(45056K), 0.0006790 secs] [Times: user=0.00 sys=0.00, real=0.00 secs] 
175.481: Total time for which application threads were stopped: 0.0720150 seconds, Stopping threads took: 0.0712690 seconds
175.565: Application time: 0.0837370 seconds
175.608: [GC [PSYoungGen: 12544K->1376K(13824K)] 40314K->30709K(45056K), 0.0011450 secs] [Times: user=0.00 sys=0.00, real=0.01 secs] 
175.609: Total time for which application threads were stopped: 0.0444380 seconds, Stopping threads took: 0.0431980 seconds
175.696: Application time: 0.0866020 seconds
175.773: [GC [PSYoungGen: 13601K->1149K(13824K)] 42934K->30498K(45056K), 0.0006730 secs] [Times: user=0.00 sys=0.00, real=0.00 secs] 
175.774: Total time for which application threads were stopped: 0.0776670 seconds, Stopping threads took: 0.0769040 seconds
175.860: Application time: 0.0863290 seconds
175.902: [GC-- [PSYoungGen: 13374K->13374K(13824K)] 42722K->44536K(45056K), 0.0013180 secs] [Times: user=0.01 sys=0.00, real=0.00 secs] 
175.903: [Full GC [PSYoungGen: 13374K->0K(13824K)] [ParOldGen: 31162K->5109K(31232K)] 44536K->5109K(45056K) [PSPermGen: 5148K->5148K(21504K)], 0.0046360 secs] [Times: user=0.02 sys=0.01, real=0.00 secs] 
175.908: Total time for which application threads were stopped: 0.0478470 seconds, Stopping threads took: 0.0417420 seconds
176.002: Application time: 0.0940650 seconds
176.077: [GC [PSYoungGen: 12205K->582K(13824K)] 17314K->5691K(45056K), 0.0005910 secs] [Times: user=0.00 sys=0.00, real=0.00 secs] 
176.078: Total time for which application threads were stopped: 0.0758970 seconds, Stopping threads took: 0.0752270 seconds
176.164: Application time: 0.0861730 seconds
176.208: [GC [PSYoungGen: 12807K->1037K(13824K)] 17916K->6146K(45056K), 0.0005350 secs] [Times: user=0.01 sys=0.00, real=0.01 secs] 
176.209: Total time for which application threads were stopped: 0.0448140 seconds, Stopping threads took: 0.0441900 seconds
176.307: Application time: 0.0979850 seconds
176.389: [GC [PSYoungGen: 13164K->224K(13824K)] 18273K->5333K(45056K), 0.0004170 secs] [Times: user=0.00 sys=0.00, real=0.00 secs] 
176.389: Total time for which application threads were stopped: 0.0824320 seconds, Stopping threads took: 0.0819410 seconds
176.490: Application time: 0.1009590 seconds
176.551: [GC [PSYoungGen: 12488K->435K(13824K)] 17597K->5544K(45056K), 0.0004750 secs] [Times: user=0.00 sys=0.00, real=0.00 secs] 
176.552: Total time for which application threads were stopped: 0.0616860 seconds, Stopping threads took: 0.0611290 seconds
176.636: Application time: 0.0846000 seconds
176.680: [GC [PSYoungGen: 12464K->1525K(13824K)] 17573K->6830K(45056K), 0.0007400 secs] [Times: user=0.01 sys=0.00, real=0.00 secs] 
176.680: Total time for which application threads were stopped: 0.0440870 seconds, Stopping threads took: 0.0432790 seconds
176.767: Application time: 0.0861160 seconds
176.813: [GC [PSYoungGen: 13730K->1394K(13824K)] 19035K->8456K(45056K), 0.0012800 secs] [Times: user=0.00 sys=0.00, real=0.00 secs] 
176.814: Total time for which application threads were stopped: 0.0476950 seconds, Stopping threads took: 0.0463410 seconds
176.914: Application time: 0.0997960 seconds
176.985: [GC [PSYoungGen: 13599K->1426K(13824K)] 20662K->9465K(45056K), 0.0009710 secs] [Times: user=0.01 sys=0.01, real=0.00 secs] 
176.986: Total time for which application threads were stopped: 0.0716540 seconds, Stopping threads took: 0.0705910 seconds
177.089: Application time: 0.1033300 seconds
177.155: [GC [PSYoungGen: 13709K->579K(13824K)] 21748K->8618K(45056K), 0.0004360 secs] [Times: user=0.00 sys=0.00, real=0.00 secs] 
177.155: Total time for which application threads were stopped: 0.0660020 seconds, Stopping threads took: 0.0654950 seconds
177.241: Application time: 0.0854220 seconds
177.305: [GC [PSYoungGen: 12608K->742K(13824K)] 20647K->8781K(45056K), 0.0005060 secs] [Times: user=0.00 sys=0.00, real=0.00 secs] 
177.306: Total time for which application threads were stopped: 0.0655150 seconds, Stopping threads took: 0.0649440 seconds
177.385: Application time: 0.0792170 seconds
177.437: [GC [PSYoungGen: 12967K->1527K(13824K)] 21006K->11333K(45056K), 0.0012120 secs] [Times: user=0.01 sys=0.00, real=0.00 secs] 
177.439: Total time for which application threads were stopped: 0.0532640 seconds, Stopping threads took: 0.0519580 seconds
177.522: Application time: 0.0838090 seconds
177.595: [GC [PSYoungGen: 13654K->224K(13824K)] 23459K->10029K(45056K), 0.0004720 secs] [Times: user=0.00 sys=0.00, real=0.00 secs] 
177.595: Total time for which application threads were stopped: 0.0727630 seconds, Stopping threads took: 0.0722090 seconds
177.674: Application time: 0.0784300 seconds
177.715: [GC [PSYoungGen: 12448K->1525K(13824K)] 22254K->11526K(45056K), 0.0007090 secs] [Times: user=0.00 sys=0.00, real=0.00 secs] 
177.716: Total time for which application threads were stopped: 0.0420920 seconds, Stopping threads took: 0.0413010 seconds
177.797: Application time: 0.0811630 seconds
177.862: [GC [PSYoungGen: 13437K->630K(13824K)] 23438K->10631K(45056K), 0.0004920 secs] [Times: user=0.00 sys=0.00, real=0.00 secs] 
177.863: Total time for which application threads were stopped: 0.0658650 seconds, Stopping threads took: 0.0652880 seconds
177.945: Application time: 0.0826530 seconds
177.993: [GC [PSYoungGen: 12855K->1037K(13824K)] 22856K->11038K(45056K), 0.0005720 secs] [Times: user=0.00 sys=0.00, real=0.00 secs] 
177.994: Total time for which application threads were stopped: 0.0484290 seconds, Stopping threads took: 0.0477870 seconds
178.075: Application time: 0.0810380 seconds
178.140: [GC [PSYoungGen: 13242K->256K(13824K)] 23243K->10257K(45056K), 0.0004110 secs] [Times: user=0.01 sys=0.00, real=0.00 secs] 
178.140: Total time for which application threads were stopped: 0.0654750 seconds, Stopping threads took: 0.0650000 seconds
178.219: Application time: 0.0785650 seconds
178.263: [GC [PSYoungGen: 12344K->1459K(13824K)] 22345K->11477K(45056K), 0.0006390 secs] [Times: user=0.00 sys=0.00, real=0.00 secs] 
178.264: Total time for which application threads were stopped: 0.0447780 seconds, Stopping threads took: 0.0440650 seconds
178.345: Application time: 0.0817510 seconds
178.413: [GC [PSYoungGen: 13665K->678K(13824K)] 23682K->10695K(45056K), 0.0005060 secs] [Times: user=0.00 sys=0.00, real=0.00 secs] 
178.413: Total time for which application threads were stopped: 0.0679670 seconds, Stopping threads took: 0.0673970 seconds
178.493: Application time: 0.0799920 seconds
178.533: [GC [PSYoungGen: 12590K->710K(13824K)] 22608K->10727K(45056K), 0.0004630 secs] [Times: user=0.00 sys=0.01, real=0.00 secs] 
178.533: Total time for which application threads were stopped: 0.0400610 seconds, Stopping threads took: 0.0395320 seconds
178.612: Application time: 0.0784290 seconds
178.651: [GC [PSYoungGen: 12935K->1085K(13824K)] 22952K->11118K(45056K), 0.0008550 secs] [Times: user=0.00 sys=0.00, real=0.00 secs] 
178.652: Total time for which application threads were stopped: 0.0402710 seconds, Stopping threads took: 0.0393440 seconds
178.734: Application time: 0.0815960 seconds
178.800: [GC [PSYoungGen: 13290K->272K(13824K)] 23323K->10305K(45056K), 0.0004660 secs] [Times: user=0.00 sys=0.00, real=0.00 secs] 
178.801: Total time for which application threads were stopped: 0.0668660 seconds, Stopping threads took: 0.0662990 seconds
178.882: Application time: 0.0809820 seconds
178.919: [GC [PSYoungGen: 12282K->1344K(13824K)] 22315K->11589K(45056K), 0.0006870 secs] [Times: user=0.00 sys=0.00, real=0.00 secs] 
178.920: Total time for which application threads were stopped: 0.0382700 seconds, Stopping threads took: 0.0375140 seconds
179.002: Application time: 0.0826760 seconds
179.066: [GC [PSYoungGen: 13471K->758K(13824K)] 23716K->11019K(45056K), 0.0005050 secs] [Times: user=0.00 sys=0.00, real=0.00 secs] 
179.067: Total time for which application threads were stopped: 0.0644490 seconds, Stopping threads took: 0.0638700 seconds
179.146: Application time: 0.0791290 seconds
179.192: [GC [PSYoungGen: 12983K->1165K(13824K)] 23243K->11441K(45056K), 0.0005970 secs] [Times: user=0.00 sys=0.00, real=0.00 secs] 
179.192: Total time for which application threads were stopped: 0.0462580 seconds, Stopping threads took: 0.0455910 seconds
179.271: Application time: 0.0789410 seconds
179.321: [GC [PSYoungGen: 13390K->1376K(13824K)] 23666K->11848K(45056K), 0.0007500 secs] [Times: user=0.00 sys=0.00, real=0.00 secs] 
179.322: Total time for which application threads were stopped: 0.0502920 seconds, Stopping threads took: 0.0494440 seconds
179.405: Application time: 0.0832850 seconds
179.472: [GC [PSYoungGen: 13581K->774K(13824K)] 24053K->11246K(45056K), 0.0004670 secs] [Times: user=0.00 sys=0.00, real=0.00 secs] 
179.472: Total time for which application threads were stopped: 0.0675150 seconds, Stopping threads took: 0.0669780 seconds
179.552: Application time: 0.0796280 seconds
179.603: [GC [PSYoungGen: 12980K->1376K(13824K)] 23451K->12629K(45056K), 0.0009900 secs] [Times: user=0.01 sys=0.00, real=0.00 secs] 
179.605: Total time for which application threads were stopped: 0.0529970 seconds, Stopping threads took: 0.0513680 seconds
179.704: Application time: 0.0990900 seconds
179.773: [GC [PSYoungGen: 13464K->1149K(13824K)] 24717K->12402K(45056K), 0.0006620 secs] [Times: user=0.00 sys=0.00, real=0.00 secs] 
179.773: Total time for which application threads were stopped: 0.0692120 seconds, Stopping threads took: 0.0684670 seconds
179.858: Application time: 0.0848280 seconds
179.931: [GC [PSYoungGen: 13354K->352K(13824K)] 24607K->11621K(45056K), 0.0005940 secs] [Times: user=0.00 sys=0.00, real=0.00 secs] 
179.932: Total time for which application threads were stopped: 0.0738660 seconds, Stopping threads took: 0.0731800 seconds
180.013: Application time: 0.0804790 seconds
180.050: [GC [PSYoungGen: 12576K->742K(13824K)] 23845K->12011K(45056K), 0.0008350 secs] [Times: user=0.00 sys=0.00, real=0.00 secs] 
180.051: Total time for which application threads were stopped: 0.0381100 seconds, Stopping threads took: 0.0371890 seconds
180.131: Application time: 0.0804050 seconds
180.173: [GC [PSYoungGen: 12655K->726K(13824K)] 23924K->12011K(45056K), 0.0006570 secs] [Times: user=0.00 sys=0.00, real=0.00 secs] 
180.174: Total time for which application threads were stopped: 0.0430110 seconds, Stopping threads took: 0.0422870 seconds
180.255: Application time: 0.0805740 seconds
180.293: [GC [PSYoungGen: 12639K->774K(13824K)] 23924K->12083K(45056K), 0.0005230 secs] [Times: user=0.00 sys=0.00, real=0.00 secs] 
180.294: Total time for which application threads were stopped: 0.0389050 seconds, Stopping threads took: 0.0382920 seconds
180.373: Application time: 0.0793540 seconds
180.439: [GC [PSYoungGen: 12999K->1458K(13824K)] 24308K->13556K(45056K), 0.0010310 secs] [Times: user=0.01 sys=0.00, real=0.00 secs] 
180.440: Total time for which application threads were stopped: 0.0670170 seconds, Stopping threads took: 0.0658970 seconds
180.523: Application time: 0.0826400 seconds
180.587: [GC [PSYoungGen: 13565K->1376K(13824K)] 25664K->13491K(45056K), 0.0006900 secs] [Times: user=0.00 sys=0.00, real=0.00 secs] 
180.588: Total time for which application threads were stopped: 0.0654170 seconds, Stopping threads took: 0.0646620 seconds
180.672: Application time: 0.0836660 seconds
180.737: [GC [PSYoungGen: 13503K->547K(13824K)] 25618K->12661K(45056K), 0.0005180 secs] [Times: user=0.00 sys=0.00, real=0.00 secs] 
180.738: Total time for which application threads were stopped: 0.0659090 seconds, Stopping threads took: 0.0653200 seconds
180.817: Application time: 0.0796910 seconds
180.860: [GC [PSYoungGen: 12674K->1376K(13824K)] 24788K->14085K(45056K), 0.0008550 secs] [Times: user=0.00 sys=0.00, real=0.00 secs] 
180.861: Total time for which application threads were stopped: 0.0435350 seconds, Stopping threads took: 0.0426090 seconds
180.942: Application time: 0.0808560 seconds
181.008: [GC [PSYoungGen: 13581K->1149K(13824K)] 26290K->13873K(45056K), 0.0008070 secs] [Times: user=0.00 sys=0.01, real=0.01 secs] 
181.009: Total time for which application threads were stopped: 0.0674800 seconds, Stopping threads took: 0.0665950 seconds
181.091: Application time: 0.0815940 seconds
181.151: [GC [PSYoungGen: 13354K->352K(13824K)] 26078K->13076K(45056K), 0.0006980 secs] [Times: user=0.00 sys=0.00, real=0.00 secs] 
181.152: Total time for which application threads were stopped: 0.0609330 seconds, Stopping threads took: 0.0601450 seconds
181.231: Application time: 0.0788780 seconds
181.273: [GC [PSYoungGen: 12459K->1507K(13824K)] 25183K->15420K(45056K), 0.0010240 secs] [Times: user=0.01 sys=0.00, real=0.00 secs] 
181.274: Total time for which application threads were stopped: 0.0432470 seconds, Stopping threads took: 0.0421280 seconds
181.355: Application time: 0.0810570 seconds
181.425: [GC [PSYoungGen: 13693K->790K(13824K)] 27605K->14703K(45056K), 0.0006010 secs] [Times: user=0.00 sys=0.00, real=0.00 secs] 
181.425: Total time for which application threads were stopped: 0.0706060 seconds, Stopping threads took: 0.0699350 seconds
181.505: Application time: 0.0796300 seconds
181.545: [GC [PSYoungGen: 13015K->1181K(13824K)] 26927K->15101K(45056K), 0.0007610 secs] [Times: user=0.00 sys=0.00, real=0.00 secs] 
181.546: Total time for which application threads were stopped: 0.0410680 seconds, Stopping threads took: 0.0402120 seconds
181.626: Application time: 0.0795960 seconds
181.678: [GC [PSYoungGen: 13386K->1522K(13824K)] 27306K->17599K(45056K), 0.0013360 secs] [Times: user=0.01 sys=0.00, real=0.00 secs] 
181.679: Total time for which application threads were stopped: 0.0531940 seconds, Stopping threads took: 0.0517870 seconds
181.764: Application time: 0.0850720 seconds
181.835: [GC [PSYoungGen: 13727K->1376K(13824K)] 29804K->17860K(45056K), 0.0007320 secs] [Times: user=0.00 sys=0.00, real=0.00 secs] 
181.835: Total time for which application threads were stopped: 0.0714130 seconds, Stopping threads took: 0.0706150 seconds
181.918: Application time: 0.0827720 seconds
181.981: [GC [PSYoungGen: 13503K->954K(13824K)] 29987K->17445K(45056K), 0.0005680 secs] [Times: user=0.00 sys=0.00, real=0.00 secs] 
181.981: Total time for which application threads were stopped: 0.0630070 seconds, Stopping threads took: 0.0623520 seconds
182.061: Application time: 0.0795170 seconds
182.100: [GC [PSYoungGen: 13178K->1474K(13824K)] 29670K->18942K(45056K), 0.0009650 secs] [Times: user=0.01 sys=0.00, real=0.00 secs] 
182.101: Total time for which application threads were stopped: 0.0398290 seconds, Stopping threads took: 0.0387840 seconds
182.182: Application time: 0.0816580 seconds
182.249: [GC [PSYoungGen: 13601K->1474K(13824K)] 31069K->19145K(45056K), 0.0009450 secs] [Times: user=0.00 sys=0.00, real=0.00 secs] 
182.250: Total time for which application threads were stopped: 0.0680580 seconds, Stopping threads took: 0.0670190 seconds
182.332: Application time: 0.0816110 seconds
182.397: [GC [PSYoungGen: 13503K->726K(13824K)] 31175K->18406K(45056K), 0.0005410 secs] [Times: user=0.00 sys=0.00, real=0.00 secs] 
182.397: Total time for which application threads were stopped: 0.0653170 seconds, Stopping threads took: 0.0647120 seconds
182.476: Application time: 0.0787770 seconds
182.517: [GC [PSYoungGen: 12717K->758K(13824K)] 30396K->18438K(45056K), 0.0005480 secs] [Times: user=0.01 sys=0.00, real=0.00 secs] 
182.517: Total time for which application threads were stopped: 0.0414730 seconds, Stopping threads took: 0.0408530 seconds
182.598: Application time: 0.0800650 seconds
182.637: [GC [PSYoungGen: 12866K->1508K(13824K)] 30545K->20806K(45056K), 0.0011670 secs] [Times: user=0.01 sys=0.00, real=0.00 secs] 
182.638: Total time for which application threads were stopped: 0.0407250 seconds, Stopping threads took: 0.0394620 seconds
182.736: Application time: 0.0979530 seconds
182.807: [GC [PSYoungGen: 13615K->1085K(13824K)] 32913K->20383K(45056K), 0.0005910 secs] [Times: user=0.01 sys=0.00, real=0.00 secs] 
182.808: Total time for which application threads were stopped: 0.0714860 seconds, Stopping threads took: 0.0708220 seconds
182.889: Application time: 0.0816730 seconds
182.957: [GC [PSYoungGen: 13212K->288K(13824K)] 32510K->19586K(45056K), 0.0004030 secs] [Times: user=0.00 sys=0.00, real=0.00 secs] 
182.957: Total time for which application threads were stopped: 0.0677750 seconds, Stopping threads took: 0.0673080 seconds
183.047: Application time: 0.0895300 seconds
183.115: [GC [PSYoungGen: 12395K->515K(13824K)] 31693K->19821K(45056K), 0.0007180 secs] [Times: user=0.00 sys=0.00, real=0.00 secs] 
183.115: Total time for which application threads were stopped: 0.0685510 seconds, Stopping threads took: 0.0677440 seconds
183.195: Application time: 0.0795110 seconds
183.235: [GC [PSYoungGen: 12779K->694K(13824K)] 32085K->20008K(45056K), 0.0005900 secs] [Times: user=0.01 sys=0.00, real=0.00 secs] 
183.236: Total time for which application threads were stopped: 0.0407500 seconds, Stopping threads took: 0.0400660 seconds
183.314: Application time: 0.0784390 seconds
183.358: [GC [PSYoungGen: 12919K->1117K(13824K)] 32233K->20447K(45056K), 0.0006600 secs] [Times: user=0.00 sys=0.00, real=0.00 secs] 
183.359: Total time for which application threads were stopped: 0.0451760 seconds, Stopping threads took: 0.0444240 seconds
183.440: Application time: 0.0804580 seconds
183.487: [GC [PSYoungGen: 13342K->1197K(13824K)] 32672K->20926K(45056K), 0.0007810 secs] [Times: user=0.00 sys=0.00, real=0.00 secs] 
183.488: Total time for which application threads were stopped: 0.0485320 seconds, Stopping threads took: 0.0476780 seconds
183.572: Application time: 0.0834400 seconds
183.635: [GC [PSYoungGen: 13324K->726K(13824K)] 33053K->20455K(45056K), 0.0005300 secs] [Times: user=0.00 sys=0.00, real=0.00 secs] 
183.636: Total time for which application threads were stopped: 0.0642160 seconds, Stopping threads took: 0.0636290 seconds
183.716: Application time: 0.0804520 seconds
183.782: [GC [PSYoungGen: 12756K->922K(13824K)] 32484K->20658K(45056K), 0.0005740 secs] [Times: user=0.01 sys=0.00, real=0.00 secs] 
183.782: Total time for which application threads were stopped: 0.0662090 seconds, Stopping threads took: 0.0655580 seconds
183.861: Application time: 0.0781280 seconds
183.901: [GC [PSYoungGen: 13049K->1392K(13824K)] 32785K->22114K(45056K), 0.0009090 secs] [Times: user=0.00 sys=0.00, real=0.00 secs] 
183.902: Total time for which application threads were stopped: 0.0413250 seconds, Stopping threads took: 0.0403460 seconds
183.998: Application time: 0.0960930 seconds
184.071: [GC [PSYoungGen: 13617K->579K(13824K)] 34338K->21300K(45056K), 0.0006060 secs] [Times: user=0.00 sys=0.00, real=0.00 secs] 
184.071: Total time for which application threads were stopped: 0.0731580 seconds, Stopping threads took: 0.0724840 seconds
184.168: Application time: 0.0966820 seconds
184.230: [GC [PSYoungGen: 12843K->742K(13824K)] 33564K->21464K(45056K), 0.0005610 secs] [Times: user=0.01 sys=0.00, real=0.00 secs] 
184.230: Total time for which application threads were stopped: 0.0623710 seconds, Stopping threads took: 0.0617170 seconds
184.310: Application time: 0.0793990 seconds
184.366: [GC [PSYoungGen: 12967K->1506K(13824K)] 33688K->23009K(45056K), 0.0008950 secs] [Times: user=0.00 sys=0.00, real=0.00 secs] 
184.367: Total time for which application threads were stopped: 0.0569890 seconds, Stopping threads took: 0.0559960 seconds
184.469: Application time: 0.1027500 seconds
184.538: [GC [PSYoungGen: 13789K->1458K(13824K)] 35292K->22960K(45056K), 0.0007480 secs] [Times: user=0.01 sys=0.00, real=0.00 secs] 
184.539: Total time for which application threads were stopped: 0.0690950 seconds, Stopping threads took: 0.0682660 seconds
184.621: Application time: 0.0821950 seconds
184.686: [GC [PSYoungGen: 13644K->483K(13824K)] 35146K->22002K(45056K), 0.0004680 secs] [Times: user=0.01 sys=0.00, real=0.00 secs] 
184.688: Total time for which application threads were stopped: 0.0670800 seconds, Stopping threads took: 0.0654740 seconds
184.766: Application time: 0.0785870 seconds
184.806: [GC [PSYoungGen: 12610K->1524K(13824K)] 34129K->23441K(45056K), 0.0010540 secs] [Times: user=0.00 sys=0.00, real=0.00 secs] 
184.807: Total time for which application threads were stopped: 0.0403720 seconds, Stopping threads took: 0.0392240 seconds
184.907: Application time: 0.1007300 seconds
184.973: [GC [PSYoungGen: 13651K->1181K(13824K)] 35568K->23106K(45056K), 0.0007000 secs] [Times: user=0.01 sys=0.00, real=0.00 secs] 
184.974: Total time for which application threads were stopped: 0.0662230 seconds, Stopping threads took: 0.0654240 seconds
185.055: Application time: 0.0817360 seconds
185.119: [GC [PSYoungGen: 13358K->336K(13824K)] 35283K->22261K(45056K), 0.0005350 secs] [Times: user=0.00 sys=0.00, real=0.00 secs] 
185.120: Total time for which application threads were stopped: 0.0641450 seconds, Stopping threads took: 0.0635450 seconds
185.199: Application time: 0.0790340 seconds
185.239: [GC [PSYoungGen: 12295K->1376K(13824K)] 34221K->23505K(45056K), 0.0006960 secs] [Times: user=0.01 sys=0.00, real=0.00 secs] 
185.240: Total time for which application threads were stopped: 0.0409320 seconds, Stopping threads took: 0.0401720 seconds
185.322: Application time: 0.0826380 seconds
185.389: [GC [PSYoungGen: 13503K->742K(13824K)] 35632K->22887K(45056K), 0.0005010 secs] [Times: user=0.01 sys=0.00, real=0.00 secs] 
185.389: Total time for which application threads were stopped: 0.0669340 seconds, Stopping threads took: 0.0663620 seconds
185.468: Application time: 0.0792770 seconds
185.525: [GC [PSYoungGen: 12967K->1149K(13824K)] 35112K->23293K(45056K), 0.0005990 secs] [Times: user=0.00 sys=0.00, real=0.00 secs] 
185.526: Total time for which application threads were stopped: 0.0571640 seconds, Stopping threads took: 0.0564950 seconds
185.615: Application time: 0.0896220 seconds
185.684: [GC [PSYoungGen: 13354K->304K(13824K)] 35499K->22448K(45056K), 0.0004800 secs] [Times: user=0.00 sys=0.00, real=0.00 secs] 
185.685: Total time for which application threads were stopped: 0.0692710 seconds, Stopping threads took: 0.0687000 seconds
185.764: Application time: 0.0799570 seconds
185.814: [GC [PSYoungGen: 12528K->774K(13824K)] 34673K->22919K(45056K), 0.0005390 secs] [Times: user=0.01 sys=0.00, real=0.00 secs] 
185.815: Total time for which application threads were stopped: 0.0501670 seconds, Stopping threads took: 0.0495490 seconds
185.916: Application time: 0.1016620 seconds
185.978: [GC [PSYoungGen: 12765K->774K(13824K)] 34909K->22919K(45056K), 0.0005810 secs] [Times: user=0.00 sys=0.00, real=0.00 secs] 
185.978: Total time for which application threads were stopped: 0.0619870 seconds, Stopping threads took: 0.0613190 seconds
186.057: Application time: 0.0784350 seconds
186.100: [GC [PSYoungGen: 12687K->1458K(13824K)] 34831K->23993K(45056K), 0.0008480 secs] [Times: user=0.01 sys=0.00, real=0.00 secs] 
186.100: Total time for which application threads were stopped: 0.0437470 seconds, Stopping threads took: 0.0427950 seconds
186.181: Application time: 0.0808630 seconds
186.236: [GC [PSYoungGen: 13644K->986K(13824K)] 36179K->23521K(45056K), 0.0005270 secs] [Times: user=0.00 sys=0.00, real=0.00 secs] 
186.237: Total time for which application threads were stopped: 0.0556620 seconds, Stopping threads took: 0.0550710 seconds
186.316: Application time: 0.0794410 seconds
186.359: [GC [PSYoungGen: 13093K->1149K(13824K)] 35628K->23692K(45056K), 0.0006000 secs] [Times: user=0.00 sys=0.01, real=0.00 secs] 
186.359: Total time for which application threads were stopped: 0.0428290 seconds, Stopping threads took: 0.0421650 seconds
186.439: Application time: 0.0798960 seconds
186.490: [GC [PSYoungGen: 13276K->1392K(13824K)] 35819K->25107K(45056K), 0.0009420 secs] [Times: user=0.00 sys=0.00, real=0.00 secs] 
186.491: Total time for which application threads were stopped: 0.0519360 seconds, Stopping threads took: 0.0509250 seconds
186.575: Application time: 0.0836210 seconds
186.648: [GC [PSYoungGen: 13617K->774K(13824K)] 37332K->24497K(45056K), 0.0005330 secs] [Times: user=0.00 sys=0.00, real=0.00 secs] 
186.648: Total time for which application threads were stopped: 0.0733540 seconds, Stopping threads took: 0.0727460 seconds
186.726: Application time: 0.0783370 seconds
186.769: [GC [PSYoungGen: 12999K->1165K(13824K)] 36722K->24904K(45056K), 0.0006620 secs] [Times: user=0.00 sys=0.00, real=0.00 secs] 
186.770: Total time for which application threads were stopped: 0.0437120 seconds, Stopping threads took: 0.0429820 seconds
186.855: Application time: 0.0848520 seconds
186.920: [GC [PSYoungGen: 13370K->352K(13824K)] 37110K->24091K(45056K), 0.0004840 secs] [Times: user=0.00 sys=0.00, real=0.00 secs] 
186.920: Total time for which application threads were stopped: 0.0651800 seconds, Stopping threads took: 0.0646360 seconds
187.000: Application time: 0.0795750 seconds
187.040: [GC [PSYoungGen: 12283K->1360K(13824K)] 36023K->25295K(45056K), 0.0008850 secs] [Times: user=0.01 sys=0.00, real=0.00 secs] 
187.041: Total time for which application threads were stopped: 0.0412000 seconds, Stopping threads took: 0.0402200 seconds
187.123: Application time: 0.0820920 seconds
187.188: [GC [PSYoungGen: 13565K->806K(13824K)] 37500K->24741K(45056K), 0.0005110 secs] [Times: user=0.00 sys=0.00, real=0.00 secs] 
187.188: Total time for which application threads were stopped: 0.0653330 seconds, Stopping threads took: 0.0647180 seconds
187.267: Application time: 0.0790140 seconds
187.307: [GC [PSYoungGen: 13031K->1490K(13824K)] 36965K->26214K(45056K), 0.0008890 secs] [Times: user=0.01 sys=0.00, real=0.00 secs] 
187.308: Total time for which application threads were stopped: 0.0402610 seconds, Stopping threads took: 0.0392990 seconds
187.406: Application time: 0.0981950 seconds
187.478: [GC [PSYoungGen: 13617K->336K(13824K)] 38341K->25059K(45056K), 0.0004560 secs] [Times: user=0.00 sys=0.00, real=0.00 secs] 
187.478: Total time for which application threads were stopped: 0.0721980 seconds, Stopping threads took: 0.0716730 seconds
187.557: Application time: 0.0786890 seconds
187.599: [GC [PSYoungGen: 12600K->515K(13824K)] 37324K->25239K(45056K), 0.0006870 secs] [Times: user=0.00 sys=0.00, real=0.00 secs] 
187.600: Total time for which application threads were stopped: 0.0430230 seconds, Stopping threads took: 0.0422500 seconds
187.699: Application time: 0.0995040 seconds
187.749: [GC [PSYoungGen: 12701K->742K(13824K)] 37425K->25474K(45056K), 0.0005540 secs] [Times: user=0.01 sys=0.00, real=0.00 secs] 
187.750: Total time for which application threads were stopped: 0.0502240 seconds, Stopping threads took: 0.0495710 seconds
187.829: Application time: 0.0797700 seconds
187.872: [GC [PSYoungGen: 12655K->774K(13824K)] 37386K->25506K(45056K), 0.0005880 secs] [Times: user=0.01 sys=0.00, real=0.00 secs] 
187.872: Total time for which application threads were stopped: 0.0430570 seconds, Stopping threads took: 0.0423980 seconds
187.951: Application time: 0.0789610 seconds
187.993: [GC [PSYoungGen: 12999K->1101K(13824K)] 37731K->25841K(45056K), 0.0006280 secs] [Times: user=0.01 sys=0.00, real=0.00 secs] 
187.994: Total time for which application threads were stopped: 0.0426500 seconds, Stopping threads took: 0.0419550 seconds
188.074: Application time: 0.0802040 seconds
188.141: [GC [PSYoungGen: 13228K->304K(13824K)] 37968K->25051K(45056K), 0.0004900 secs] [Times: user=0.00 sys=0.00, real=0.00 secs] 
188.142: Total time for which application threads were stopped: 0.0673690 seconds, Stopping threads took: 0.0668180 seconds
188.223: Application time: 0.0812440 seconds
188.264: [GC [PSYoungGen: 12528K->742K(13824K)] 37276K->25498K(45056K), 0.0005510 secs] [Times: user=0.00 sys=0.00, real=0.00 secs] 
188.265: Total time for which application threads were stopped: 0.0420250 seconds, Stopping threads took: 0.0413970 seconds
188.344: Application time: 0.0795750 seconds
188.394: [GC [PSYoungGen: 12948K->1360K(13824K)] 37703K->26905K(45056K), 0.0009370 secs] [Times: user=0.00 sys=0.00, real=0.00 secs] 
188.395: Total time for which application threads were stopped: 0.0510360 seconds, Stopping threads took: 0.0500070 seconds
188.496: Application time: 0.1005410 seconds
188.563: [GC [PSYoungGen: 13585K->336K(13824K)] 39130K->25881K(45056K), 0.0004770 secs] [Times: user=0.00 sys=0.00, real=0.00 secs] 
188.564: Total time for which application threads were stopped: 0.0675590 seconds, Stopping threads took: 0.0670210 seconds
188.642: Application time: 0.0783840 seconds
188.682: [GC [PSYoungGen: 12560K->1490K(13824K)] 38105K->27426K(45056K), 0.0007960 secs] [Times: user=0.00 sys=0.00, real=0.00 secs] 
188.683: Total time for which application threads were stopped: 0.0409720 seconds, Stopping threads took: 0.0401060 seconds
188.764: Application time: 0.0807870 seconds
188.832: [GC [PSYoungGen: 13598K->986K(13824K)] 39533K->26921K(45056K), 0.0005910 secs] [Times: user=0.00 sys=0.00, real=0.00 secs] 
188.832: Total time for which application threads were stopped: 0.0684380 seconds, Stopping threads took: 0.0677710 seconds
188.909: Application time: 0.0768410 seconds
188.959: [GC [PSYoungGen: 13171K->1458K(13824K)] 39107K->28191K(45056K), 0.0008870 secs] [Times: user=0.01 sys=0.00, real=0.00 secs] 
188.960: Total time for which application threads were stopped: 0.0510360 seconds, Stopping threads took: 0.0500800 seconds
189.063: Application time: 0.1032270 seconds
189.127: [GC [PSYoungGen: 13565K->1344K(13824K)] 40298K->28077K(45056K), 0.0006330 secs] [Times: user=0.01 sys=0.00, real=0.00 secs] 
189.127: Total time for which application threads were stopped: 0.0641300 seconds, Stopping threads took: 0.0634260 seconds
189.213: Application time: 0.0851390 seconds
189.275: [GC [PSYoungGen: 13471K->531K(13824K)] 40204K->27272K(45056K), 0.0004790 secs] [Times: user=0.01 sys=0.00, real=0.00 secs] 
189.276: Total time for which application threads were stopped: 0.0634420 seconds, Stopping threads took: 0.0628780 seconds
189.355: Application time: 0.0789870 seconds
189.398: [GC [PSYoungGen: 12812K->1360K(13824K)] 39553K->28687K(45056K), 0.0009810 secs] [Times: user=0.00 sys=0.00, real=0.00 secs] 
189.399: Total time for which application threads were stopped: 0.0435490 seconds, Stopping threads took: 0.0424910 seconds
189.481: Application time: 0.0824230 seconds
189.547: [GC [PSYoungGen: 13487K->1149K(13824K)] 40814K->28476K(45056K), 0.0007310 secs] [Times: user=0.00 sys=0.00, real=0.00 secs] 
189.547: Total time for which application threads were stopped: 0.0663110 seconds, Stopping threads took: 0.0654910 seconds
189.626: Application time: 0.0788290 seconds
189.666: [GC [PSYoungGen: 13354K->1458K(13824K)] 40681K->28801K(45056K), 0.0008180 secs] [Times: user=0.01 sys=0.00, real=0.00 secs] 
189.666: Total time for which application threads were stopped: 0.0403930 seconds, Stopping threads took: 0.0394830 seconds
189.748: Application time: 0.0813180 seconds
189.815: [GC [PSYoungGen: 13683K->726K(13824K)] 41026K->28085K(45056K), 0.0005940 secs] [Times: user=0.00 sys=0.00, real=0.01 secs] 
189.817: Total time for which application threads were stopped: 0.0693270 seconds, Stopping threads took: 0.0676260 seconds
189.897: Application time: 0.0795310 seconds
189.934: [GC [PSYoungGen: 12951K->1524K(13824K)] 40310K->30680K(45056K), 0.0014030 secs] [Times: user=0.00 sys=0.00, real=0.00 secs] 
189.936: Total time for which application threads were stopped: 0.0390180 seconds, Stopping threads took: 0.0375370 seconds
190.017: Application time: 0.0809880 seconds
190.083: [GC [PSYoungGen: 13631K->1442K(13824K)] 42788K->31575K(45056K), 0.0009960 secs] [Times: user=0.01 sys=0.00, real=0.00 secs] 
190.084: [Full GC [PSYoungGen: 1442K->0K(13824K)] [ParOldGen: 30133K->3835K(31232K)] 31575K->3835K(45056K) [PSPermGen: 5148K->5148K(21504K)], 0.0038770 secs] [Times: user=0.01 sys=0.00, real=0.00 secs] 
190.088: Total time for which application threads were stopped: 0.0708740 seconds, Stopping threads took: 0.0658600 seconds
190.190: Application time: 0.1020880 seconds
190.260: [GC [PSYoungGen: 12205K->451K(13824K)] 16040K->4287K(45056K), 0.0004340 secs] [Times: user=0.00 sys=0.00, real=0.00 secs] 
190.260: Total time for which application threads were stopped: 0.0703950 seconds, Stopping threads took: 0.0698980 seconds
190.338: Application time: 0.0784010 seconds
190.380: [GC [PSYoungGen: 12656K->1427K(13824K)] 16492K->5654K(45056K), 0.0007030 secs] [Times: user=0.01 sys=0.00, real=0.00 secs] 
190.381: Total time for which application threads were stopped: 0.0424360 seconds, Stopping threads took: 0.0416660 seconds
190.476: Application time: 0.0954020 seconds
190.545: [GC [PSYoungGen: 13633K->1005K(13824K)] 17859K->5231K(45056K), 0.0007930 secs] [Times: user=0.00 sys=0.00, real=0.00 secs] 
190.546: Total time for which application threads were stopped: 0.0699280 seconds, Stopping threads took: 0.0690530 seconds
190.629: Application time: 0.0826000 seconds
190.688: [GC [PSYoungGen: 13210K->256K(13824K)] 17437K->4482K(45056K), 0.0003970 secs] [Times: user=0.00 sys=0.00, real=0.00 secs] 
190.688: Total time for which application threads were stopped: 0.0595390 seconds, Stopping threads took: 0.0590780 seconds
190.769: Application time: 0.0802680 seconds
190.806: [GC [PSYoungGen: 12480K->646K(13824K)] 16707K->4873K(45056K), 0.0005140 secs] [Times: user=0.00 sys=0.00, real=0.00 secs] 
190.807: Total time for which application threads were stopped: 0.0381190 seconds, Stopping threads took: 0.0375340 seconds
190.884: Application time: 0.0774000 seconds
190.925: [GC [PSYoungGen: 12559K->1362K(13824K)] 16785K->5979K(45056K), 0.0007110 secs] [Times: user=0.00 sys=0.00, real=0.00 secs] 
190.925: Total time for which application threads were stopped: 0.0413010 seconds, Stopping threads took: 0.0405210 seconds
191.006: Application time: 0.0803210 seconds
191.073: [GC [PSYoungGen: 13587K->1053K(13824K)] 18204K->5670K(45056K), 0.0005480 secs] [Times: user=0.01 sys=0.00, real=0.00 secs] 
191.073: Total time for which application threads were stopped: 0.0674040 seconds, Stopping threads took: 0.0667810 seconds
191.154: Application time: 0.0812720 seconds
191.213: [GC [PSYoungGen: 13258K->256K(13824K)] 17875K->4873K(45056K), 0.0004960 secs] [Times: user=0.01 sys=0.00, real=0.00 secs] 
191.213: Total time for which application threads were stopped: 0.0588490 seconds, Stopping threads took: 0.0582900 seconds
191.293: Application time: 0.0795450 seconds
191.335: [GC [PSYoungGen: 12480K->678K(13824K)] 17097K->5295K(45056K), 0.0005220 secs] [Times: user=0.00 sys=0.00, real=0.00 secs] 
191.336: Total time for which application threads were stopped: 0.0430050 seconds, Stopping threads took: 0.0423980 seconds
191.415: Application time: 0.0793230 seconds
191.456: [GC [PSYoungGen: 12884K->1376K(13824K)] 17501K->6775K(45056K), 0.0009400 secs] [Times: user=0.00 sys=0.00, real=0.01 secs] 
191.457: Total time for which application threads were stopped: 0.0413740 seconds, Stopping threads took: 0.0403620 seconds
191.538: Application time: 0.0815310 seconds
191.606: [GC [PSYoungGen: 13601K->336K(13824K)] 18999K->5734K(45056K), 0.0006830 secs] [Times: user=0.00 sys=0.00, real=0.00 secs] 
191.607: Total time for which application threads were stopped: 0.0686220 seconds, Stopping threads took: 0.0678440 seconds
191.685: Application time: 0.0786080 seconds
191.726: [GC [PSYoungGen: 12443K->1376K(13824K)] 17842K->8142K(45056K), 0.0009690 secs] [Times: user=0.00 sys=0.00, real=0.00 secs] 
191.727: Total time for which application threads were stopped: 0.0416820 seconds, Stopping threads took: 0.0406240 seconds
191.825: Application time: 0.0980270 seconds
191.897: [GC [PSYoungGen: 13484K->790K(13824K)] 20249K->7556K(45056K), 0.0005280 secs] [Times: user=0.00 sys=0.00, real=0.00 secs] 
191.898: Total time for which application threads were stopped: 0.0725830 seconds, Stopping threads took: 0.0719860 seconds
191.991: Application time: 0.0935040 seconds
192.048: [GC [PSYoungGen: 12781K->758K(13824K)] 19547K->7524K(45056K), 0.0004960 secs] [Times: user=0.00 sys=0.00, real=0.00 secs] 
192.048: Total time for which application threads were stopped: 0.0568810 seconds, Stopping threads took: 0.0562960 seconds
192.128: Application time: 0.0799950 seconds
192.176: [GC [PSYoungGen: 13009K->1117K(13824K)] 19775K->7882K(45056K), 0.0006540 secs] [Times: user=0.00 sys=0.00, real=0.00 secs] 
192.177: Total time for which application threads were stopped: 0.0490670 seconds, Stopping threads took: 0.0483340 seconds
192.258: Application time: 0.0807550 seconds
192.323: [GC [PSYoungGen: 13376K->320K(13824K)] 20142K->7117K(45056K), 0.0004240 secs] [Times: user=0.00 sys=0.00, real=0.00 secs] 
192.324: Total time for which application threads were stopped: 0.0657270 seconds, Stopping threads took: 0.0652160 seconds
192.402: Application time: 0.0782040 seconds
192.441: [GC [PSYoungGen: 12544K->1524K(13824K)] 19342K->9720K(45056K), 0.0011440 secs] [Times: user=0.01 sys=0.00, real=0.00 secs] 
192.442: Total time for which application threads were stopped: 0.0404950 seconds, Stopping threads took: 0.0392570 seconds
192.541: Application time: 0.0989180 seconds
192.611: [GC [PSYoungGen: 13748K->1117K(13824K)] 21945K->9330K(45056K), 0.0006300 secs] [Times: user=0.01 sys=0.00, real=0.00 secs] 
192.611: Total time for which application threads were stopped: 0.0701980 seconds, Stopping threads took: 0.0694800 seconds
192.694: Application time: 0.0824410 seconds
192.759: [GC [PSYoungGen: 13322K->1524K(13824K)] 21535K->10729K(45056K), 0.0011230 secs] [Times: user=0.00 sys=0.00, real=0.00 secs] 
192.760: Total time for which application threads were stopped: 0.0663840 seconds, Stopping threads took: 0.0651640 seconds
192.842: Application time: 0.0818520 seconds
192.910: [GC [PSYoungGen: 13748K->726K(13824K)] 22954K->9932K(45056K), 0.0004990 secs] [Times: user=0.00 sys=0.00, real=0.00 secs] 
192.911: Total time for which application threads were stopped: 0.0687390 seconds, Stopping threads took: 0.0681520 seconds
192.990: Application time: 0.0793550 seconds
193.042: [GC [PSYoungGen: 12951K->1149K(13824K)] 22156K->10378K(45056K), 0.0006910 secs] [Times: user=0.00 sys=0.00, real=0.00 secs] 
193.043: Total time for which application threads were stopped: 0.0529040 seconds, Stopping threads took: 0.0521210 seconds
193.130: Application time: 0.0869630 seconds
193.175: [GC [PSYoungGen: 13334K->1328K(13824K)] 22564K->10558K(45056K), 0.0007860 secs] [Times: user=0.00 sys=0.00, real=0.00 secs] 
193.176: Total time for which application threads were stopped: 0.0454320 seconds, Stopping threads took: 0.0445750 seconds
193.262: Application time: 0.0864420 seconds
193.319: [GC [PSYoungGen: 13553K->1408K(13824K)] 22782K->11044K(45056K), 0.0007880 secs] [Times: user=0.01 sys=0.00, real=0.00 secs] 
193.319: Total time for which application threads were stopped: 0.0575090 seconds, Stopping threads took: 0.0566400 seconds
193.411: Application time: 0.0910630 seconds
193.480: [GC [PSYoungGen: 13418K->758K(13824K)] 23054K->10394K(45056K), 0.0004950 secs] [Times: user=0.00 sys=0.00, real=0.00 secs] 
193.480: Total time for which application threads were stopped: 0.0697480 seconds, Stopping threads took: 0.0691910 seconds
193.567: Application time: 0.0866910 seconds
193.608: [GC [PSYoungGen: 12964K->1376K(13824K)] 22600K->11810K(45056K), 0.0010170 secs] [Times: user=0.01 sys=0.00, real=0.01 secs] 
193.609: Total time for which application threads were stopped: 0.0420360 seconds, Stopping threads took: 0.0409260 seconds
193.697: Application time: 0.0878620 seconds
193.772: [GC [PSYoungGen: 13582K->1312K(13824K)] 24015K->11746K(45056K), 0.0006260 secs] [Times: user=0.00 sys=0.00, real=0.00 secs] 
193.772: Total time for which application threads were stopped: 0.0755030 seconds, Stopping threads took: 0.0747860 seconds
193.860: Application time: 0.0879250 seconds
193.930: [GC [PSYoungGen: 13517K->579K(13824K)] 23951K->11028K(45056K), 0.0005720 secs] [Times: user=0.00 sys=0.00, real=0.00 secs] 
193.931: Total time for which application threads were stopped: 0.0704120 seconds, Stopping threads took: 0.0697580 seconds
194.016: Application time: 0.0851040 seconds
194.061: [GC [PSYoungGen: 12706K->1181K(13824K)] 23155K->12420K(45056K), 0.0008440 secs] [Times: user=0.01 sys=0.00, real=0.00 secs] 
194.062: Total time for which application threads were stopped: 0.0463470 seconds, Stopping threads took: 0.0454290 seconds
194.149: Application time: 0.0865010 seconds
194.190: [GC [PSYoungGen: 13464K->1525K(13824K)] 24703K->15619K(45056K), 0.0016730 secs] [Times: user=0.00 sys=0.00, real=0.00 secs] 
194.191: Total time for which application threads were stopped: 0.0427370 seconds, Stopping threads took: 0.0409690 seconds
194.291: Application time: 0.0995470 seconds
194.365: [GC [PSYoungGen: 13652K->272K(13824K)] 27745K->14365K(45056K), 0.0005580 secs] [Times: user=0.00 sys=0.00, real=0.00 secs] 
194.366: Total time for which application threads were stopped: 0.0748120 seconds, Stopping threads took: 0.0741640 seconds
194.451: Application time: 0.0854180 seconds
194.495: [GC [PSYoungGen: 12203K->1346K(13824K)] 26297K->16627K(45056K), 0.0009340 secs] [Times: user=0.01 sys=0.00, real=0.00 secs] 
194.496: Total time for which application threads were stopped: 0.0449400 seconds, Stopping threads took: 0.0439190 seconds
194.589: Application time: 0.0923320 seconds
194.644: [GC [PSYoungGen: 13633K->1459K(13824K)] 28914K->19280K(45056K), 0.0014730 secs] [Times: user=0.01 sys=0.00, real=0.00 secs] 
194.645: Total time for which application threads were stopped: 0.0566370 seconds, Stopping threads took: 0.0550830 seconds
194.733: Application time: 0.0876440 seconds
194.808: [GC [PSYoungGen: 13700K->1443K(13824K)] 31521K->20045K(45056K), 0.0011330 secs] [Times: user=0.00 sys=0.00, real=0.01 secs] 
194.809: Total time for which application threads were stopped: 0.0763450 seconds, Stopping threads took: 0.0751150 seconds
194.897: Application time: 0.0875020 seconds
194.968: [GC [PSYoungGen: 13649K->1443K(13824K)] 32250K->20053K(45056K), 0.0008100 secs] [Times: user=0.00 sys=0.00, real=0.01 secs] 
194.970: Total time for which application threads were stopped: 0.0730500 seconds, Stopping threads took: 0.0714260 seconds
195.058: Application time: 0.0885580 seconds
195.129: [GC [PSYoungGen: 13649K->662K(13824K)] 32259K->19272K(45056K), 0.0008870 secs] [Times: user=0.00 sys=0.00, real=0.00 secs] 
195.130: Total time for which application threads were stopped: 0.0715000 seconds, Stopping threads took: 0.0705180 seconds
195.217: Application time: 0.0875240 seconds
195.281: [GC [PSYoungGen: 12575K->710K(13824K)] 31184K->19320K(45056K), 0.0006560 secs] [Times: user=0.00 sys=0.00, real=0.00 secs] 
195.282: Total time for which application threads were stopped: 0.0643660 seconds, Stopping threads took: 0.0636420 seconds
195.368: Application time: 0.0863700 seconds
195.444: [GC [PSYoungGen: 12997K->1117K(13824K)] 31607K->19743K(45056K), 0.0006980 secs] [Times: user=0.00 sys=0.00, real=0.00 secs] 
195.444: Total time for which application threads were stopped: 0.0761780 seconds, Stopping threads took: 0.0753840 seconds
195.532: Application time: 0.0876080 seconds
195.577: [GC [PSYoungGen: 13358K->1524K(13824K)] 31984K->22326K(45056K), 0.0012540 secs] [Times: user=0.01 sys=0.00, real=0.00 secs] 
195.578: Total time for which application threads were stopped: 0.0459590 seconds, Stopping threads took: 0.0446320 seconds
195.669: Application time: 0.0908720 seconds
195.742: [GC [PSYoungGen: 13728K->1458K(13824K)] 34531K->22667K(45056K), 0.0008080 secs] [Times: user=0.01 sys=0.00, real=0.00 secs] 
195.742: Total time for which application threads were stopped: 0.0736190 seconds, Stopping threads took: 0.0727370 seconds
195.832: Application time: 0.0893130 seconds
195.897: [GC [PSYoungGen: 13745K->1133K(13824K)] 34954K->22358K(45056K), 0.0006580 secs] [Times: user=0.00 sys=0.00, real=0.00 secs] 
195.898: Total time for which application threads were stopped: 0.0658620 seconds, Stopping threads took: 0.0651330 seconds
195.984: Application time: 0.0865600 seconds
196.057: [GC [PSYoungGen: 13354K->304K(13824K)] 34579K->21537K(45056K), 0.0004560 secs] [Times: user=0.00 sys=0.00, real=0.00 secs] 
196.057: Total time for which application threads were stopped: 0.0731720 seconds, Stopping threads took: 0.0726410 seconds
196.143: Application time: 0.0855680 seconds
196.186: [GC [PSYoungGen: 12235K->1360K(13824K)] 33468K->22813K(45056K), 0.0006980 secs] [Times: user=0.00 sys=0.00, real=0.00 secs] 
196.187: Total time for which application threads were stopped: 0.0443500 seconds, Stopping threads took: 0.0435830 seconds
196.275: Application time: 0.0881370 seconds
196.345: [GC [PSYoungGen: 13487K->742K(13824K)] 34940K->22195K(45056K), 0.0005820 secs] [Times: user=0.01 sys=0.00, real=0.00 secs] 
196.346: Total time for which application threads were stopped: 0.0705350 seconds, Stopping threads took: 0.0698770 seconds
196.432: Application time: 0.0866120 seconds
196.489: [GC [PSYoungGen: 12869K->1376K(13824K)] 34322K->23618K(45056K), 0.0008670 secs] [Times: user=0.00 sys=0.00, real=0.00 secs] 
196.490: Total time for which application threads were stopped: 0.0571550 seconds, Stopping threads took: 0.0562160 seconds
196.590: Application time: 0.1003390 seconds
196.663: [GC [PSYoungGen: 13581K->1312K(13824K)] 35823K->23554K(45056K), 0.0009380 secs] [Times: user=0.00 sys=0.00, real=0.00 secs] 
196.664: Total time for which application threads were stopped: 0.0743060 seconds, Stopping threads took: 0.0732790 seconds
196.753: Application time: 0.0887570 seconds
196.823: [GC [PSYoungGen: 13479K->304K(13824K)] 35720K->22545K(45056K), 0.0007230 secs] [Times: user=0.00 sys=0.00, real=0.00 secs] 
196.824: Total time for which application threads were stopped: 0.0706780 seconds, Stopping threads took: 0.0698630 seconds
196.910: Application time: 0.0859760 seconds
196.953: [GC [PSYoungGen: 12235K->1458K(13824K)] 34477K->24880K(45056K), 0.0011270 secs] [Times: user=0.00 sys=0.00, real=0.00 secs] 
196.954: Total time for which application threads were stopped: 0.0442670 seconds, Stopping threads took: 0.0430350 seconds
197.038: Application time: 0.0844900 seconds
197.111: [GC [PSYoungGen: 13585K->758K(13824K)] 37007K->24180K(45056K), 0.0006690 secs] [Times: user=0.00 sys=0.00, real=0.00 secs] 
197.112: Total time for which application threads were stopped: 0.0731620 seconds, Stopping threads took: 0.0724050 seconds
197.191: Application time: 0.0789400 seconds
197.235: [GC [PSYoungGen: 12964K->1507K(13824K)] 36385K->25531K(45056K), 0.0010160 secs] [Times: user=0.01 sys=0.00, real=0.00 secs] 
197.236: Total time for which application threads were stopped: 0.0450160 seconds, Stopping threads took: 0.0439230 seconds
197.317: Application time: 0.0815290 seconds
197.386: [GC [PSYoungGen: 13732K->368K(13824K)] 37756K->24399K(45056K), 0.0006370 secs] [Times: user=0.00 sys=0.00, real=0.00 secs] 
197.387: Total time for which application threads were stopped: 0.0694970 seconds, Stopping threads took: 0.0687830 seconds
197.466: Application time: 0.0795180 seconds
197.505: [GC [PSYoungGen: 12651K->1344K(13824K)] 36683K->25783K(45056K), 0.0007630 secs] [Times: user=0.01 sys=0.00, real=0.00 secs] 
197.506: Total time for which application threads were stopped: 0.0399370 seconds, Stopping threads took: 0.0390970 seconds
197.587: Application time: 0.0810000 seconds
197.652: [GC [PSYoungGen: 13276K->742K(13824K)] 37714K->25197K(45056K), 0.0005470 secs] [Times: user=0.00 sys=0.00, real=0.00 secs] 
197.652: Total time for which application threads were stopped: 0.0652680 seconds, Stopping threads took: 0.0646310 seconds
197.732: Application time: 0.0793330 seconds
197.772: [GC [PSYoungGen: 12655K->758K(13824K)] 37109K->25213K(45056K), 0.0004970 secs] [Times: user=0.01 sys=0.00, real=0.00 secs] 
197.772: Total time for which application threads were stopped: 0.0406800 seconds, Stopping threads took: 0.0401160 seconds
197.852: Application time: 0.0797680 seconds
197.893: [GC [PSYoungGen: 12983K->1181K(13824K)] 37437K->25643K(45056K), 0.0006630 secs] [Times: user=0.00 sys=0.00, real=0.00 secs] 
197.893: Total time for which application threads were stopped: 0.0410710 seconds, Stopping threads took: 0.0403370 seconds
197.975: Application time: 0.0817770 seconds
198.043: [GC [PSYoungGen: 13386K->368K(13824K)] 37849K->24838K(45056K), 0.0004420 secs] [Times: user=0.01 sys=0.00, real=0.00 secs] 
198.043: Total time for which application threads were stopped: 0.0680530 seconds, Stopping threads took: 0.0675360 seconds
198.123: Application time: 0.0798850 seconds
198.162: [GC [PSYoungGen: 12592K->758K(13824K)] 37063K->25237K(45056K), 0.0007130 secs] [Times: user=0.00 sys=0.00, real=0.00 secs] 
198.163: Total time for which application threads were stopped: 0.0396170 seconds, Stopping threads took: 0.0388110 seconds
198.242: Application time: 0.0794910 seconds
198.282: [GC [PSYoungGen: 12671K->742K(13824K)] 37149K->25221K(45056K), 0.0006830 secs] [Times: user=0.00 sys=0.00, real=0.00 secs] 
198.282: Total time for which application threads were stopped: 0.0401750 seconds, Stopping threads took: 0.0394290 seconds
198.362: Application time: 0.0794960 seconds
198.400: [GC [PSYoungGen: 12850K->1474K(13824K)] 37328K->26538K(45056K), 0.0009040 secs] [Times: user=0.00 sys=0.00, real=0.00 secs] 
198.401: Total time for which application threads were stopped: 0.0388270 seconds, Stopping threads took: 0.0378500 seconds
198.497: Application time: 0.0960510 seconds
198.566: [GC [PSYoungGen: 13581K->1133K(13824K)] 38646K->26197K(45056K), 0.0006110 secs] [Times: user=0.00 sys=0.00, real=0.00 secs] 
198.567: Total time for which application threads were stopped: 0.0702770 seconds, Stopping threads took: 0.0695850 seconds
198.648: Application time: 0.0808850 seconds
198.701: [GC [PSYoungGen: 13338K->368K(13824K)] 38403K->25448K(45056K), 0.0005240 secs] [Times: user=0.00 sys=0.00, real=0.00 secs] 
198.701: Total time for which application threads were stopped: 0.0533800 seconds, Stopping threads took: 0.0527940 seconds
198.783: Application time: 0.0814850 seconds
198.839: [GC [PSYoungGen: 12592K->790K(13824K)] 37673K->25887K(45056K), 0.0005640 secs] [Times: user=0.01 sys=0.00, real=0.00 secs] 
198.840: Total time for which application threads were stopped: 0.0571690 seconds, Stopping threads took: 0.0565350 seconds
198.920: Application time: 0.0799820 seconds
198.960: [GC [PSYoungGen: 13015K->1523K(13824K)] 38111K->28402K(45056K), 0.0011710 secs] [Times: user=0.00 sys=0.00, real=0.00 secs] 
198.962: Total time for which application threads were stopped: 0.0417850 seconds, Stopping threads took: 0.0405450 seconds
199.044: Application time: 0.0826070 seconds
199.115: [GC [PSYoungGen: 13807K->1426K(13824K)] 40685K->28304K(45056K), 0.0006650 secs] [Times: user=0.00 sys=0.00, real=0.00 secs] 
199.116: Total time for which application threads were stopped: 0.0719200 seconds, Stopping threads took: 0.0711820 seconds
199.199: Application time: 0.0825590 seconds
199.257: [GC [PSYoungGen: 13533K->499K(13824K)] 40412K->27385K(45056K), 0.0005870 secs] [Times: user=0.00 sys=0.00, real=0.00 secs] 
199.258: Total time for which application threads were stopped: 0.0593430 seconds, Stopping threads took: 0.0586870 seconds
199.338: Application time: 0.0800530 seconds
199.376: [GC [PSYoungGen: 12724K->1360K(13824K)] 39610K->30004K(45056K), 0.0010910 secs] [Times: user=0.01 sys=0.00, real=0.01 secs] 
199.377: Total time for which application threads were stopped: 0.0384980 seconds, Stopping threads took: 0.0373380 seconds
199.458: Application time: 0.0814240 seconds
199.526: [GC [PSYoungGen: 13468K->1165K(13824K)] 42112K->29817K(45056K), 0.0006340 secs] [Times: user=0.01 sys=0.00, real=0.00 secs] 
199.527: Total time for which application threads were stopped: 0.0689700 seconds, Stopping threads took: 0.0682550 seconds
199.608: Application time: 0.0810520 seconds
199.667: [GC [PSYoungGen: 13292K->336K(13824K)] 41944K->28988K(45056K), 0.0006740 secs] [Times: user=0.01 sys=0.00, real=0.00 secs] 
199.667: Total time for which application threads were stopped: 0.0592100 seconds, Stopping threads took: 0.0584390 seconds
199.747: Application time: 0.0793600 seconds
199.811: [GC [PSYoungGen: 12443K->595K(13824K)] 41095K->29255K(45056K), 0.0006830 secs] [Times: user=0.00 sys=0.00, real=0.00 secs] 
199.812: Total time for which application threads were stopped: 0.0652330 seconds, Stopping threads took: 0.0644820 seconds
199.891: Application time: 0.0791460 seconds
199.930: [GC [PSYoungGen: 12820K->1524K(13824K)] 41480K->31754K(45056K), 0.0013290 secs] [Times: user=0.01 sys=0.00, real=0.00 secs] 
199.931: [Full GC [PSYoungGen: 1524K->0K(13824K)] [ParOldGen: 30230K->4522K(31232K)] 31754K->4522K(45056K) [PSPermGen: 5148K->5148K(21504K)], 0.0044130 secs] [Times: user=0.01 sys=0.00, real=0.00 secs] 
199.935: Total time for which application threads were stopped: 0.0443300 seconds, Stopping threads took: 0.0384460 seconds
200.019: Application time: 0.0839640 seconds
200.087: [GC [PSYoungGen: 12185K->1037K(13824K)] 16708K->5559K(45056K), 0.0005540 secs] [Times: user=0.00 sys=0.00, real=0.01 secs] 
200.088: Total time for which application threads were stopped: 0.0690930 seconds, Stopping threads took: 0.0675600 seconds
200.168: Application time: 0.0797870 seconds
200.206: [GC [PSYoungGen: 12949K->1021K(13824K)] 17472K->5543K(45056K), 0.0005890 secs] [Times: user=0.00 sys=0.00, real=0.00 secs] 
200.207: Total time for which application threads were stopped: 0.0387070 seconds, Stopping threads took: 0.0380480 seconds
200.287: Application time: 0.0798930 seconds
200.352: [GC [PSYoungGen: 13148K->240K(13824K)] 17670K->4762K(45056K), 0.0004680 secs] [Times: user=0.00 sys=0.00, real=0.00 secs] 
200.352: Total time for which application threads were stopped: 0.0656500 seconds, Stopping threads took: 0.0651220 seconds
200.433: Application time: 0.0806070 seconds
200.488: [GC [PSYoungGen: 12347K->419K(13824K)] 16870K->4941K(45056K), 0.0004280 secs] [Times: user=0.00 sys=0.00, real=0.01 secs] 
200.489: Total time for which application threads were stopped: 0.0555200 seconds, Stopping threads took: 0.0550250 seconds
200.575: Application time: 0.0858860 seconds
200.630: [GC [PSYoungGen: 12546K->1443K(13824K)] 17069K->6357K(45056K), 0.0009360 secs] [Times: user=0.01 sys=0.00, real=0.00 secs] 
200.631: Total time for which application threads were stopped: 0.0561920 seconds, Stopping threads took: 0.0551630 seconds
200.716: Application time: 0.0857000 seconds
200.790: [GC [PSYoungGen: 13649K->1037K(13824K)] 18562K->5950K(45056K), 0.0006090 secs] [Times: user=0.00 sys=0.00, real=0.00 secs] 
200.790: Total time for which application threads were stopped: 0.0737620 seconds, Stopping threads took: 0.0730530 seconds
200.872: Application time: 0.0816230 seconds
200.931: [GC [PSYoungGen: 13164K->208K(13824K)] 18077K->5121K(45056K), 0.0004160 secs] [Times: user=0.00 sys=0.00, real=0.00 secs] 
200.931: Total time for which application threads were stopped: 0.0595640 seconds, Stopping threads took: 0.0590770 seconds
201.011: Application time: 0.0796770 seconds
201.057: [GC [PSYoungGen: 12393K->515K(13824K)] 17307K->5428K(45056K), 0.0004400 secs] [Times: user=0.00 sys=0.00, real=0.00 secs] 
201.057: Total time for which application threads were stopped: 0.0463980 seconds, Stopping threads took: 0.0458920 seconds
201.145: Application time: 0.0872760 seconds
201.201: [GC [PSYoungGen: 12642K->1344K(13824K)] 17555K->6843K(45056K), 0.0008290 secs] [Times: user=0.01 sys=0.00, real=0.00 secs] 
201.202: Total time for which application threads were stopped: 0.0570120 seconds, Stopping threads took: 0.0560940 seconds
201.297: Application time: 0.0952860 seconds
201.372: [GC [PSYoungGen: 13471K->1117K(13824K)] 18970K->6616K(45056K), 0.0005750 secs] [Times: user=0.00 sys=0.00, real=0.00 secs] 
201.373: Total time for which application threads were stopped: 0.0759840 seconds, Stopping threads took: 0.0753340 seconds
201.461: Application time: 0.0879710 seconds
201.504: [GC [PSYoungGen: 13400K->1442K(13824K)] 18900K->6941K(45056K), 0.0006930 secs] [Times: user=0.00 sys=0.00, real=0.00 secs] 
201.505: Total time for which application threads were stopped: 0.0440290 seconds, Stopping threads took: 0.0432600 seconds
201.593: Application time: 0.0883870 seconds
201.665: [GC [PSYoungGen: 13628K->595K(13824K)] 19127K->6094K(45056K), 0.0004790 secs] [Times: user=0.00 sys=0.00, real=0.00 secs] 
201.665: Total time for which application threads were stopped: 0.0718340 seconds, Stopping threads took: 0.0712840 seconds
201.751: Application time: 0.0854570 seconds
201.793: [GC [PSYoungGen: 12722K->1392K(13824K)] 18221K->7477K(45056K), 0.0008440 secs] [Times: user=0.00 sys=0.00, real=0.00 secs] 
201.794: Total time for which application threads were stopped: 0.0436070 seconds, Stopping threads took: 0.0426800 seconds
201.881: Application time: 0.0865780 seconds
201.922: [GC [PSYoungGen: 13617K->1360K(13824K)] 19702K->8422K(45056K), 0.0011090 secs] [Times: user=0.00 sys=0.00, real=0.00 secs] 
201.923: Total time for which application threads were stopped: 0.0424050 seconds, Stopping threads took: 0.0411960 seconds
202.011: Application time: 0.0876340 seconds
202.084: [GC [PSYoungGen: 13487K->1360K(13824K)] 20549K->8617K(45056K), 0.0008550 secs] [Times: user=0.01 sys=0.00, real=0.00 secs] 
202.085: Total time for which application threads were stopped: 0.0735740 seconds, Stopping threads took: 0.0726240 seconds
202.173: Application time: 0.0882530 seconds
202.239: [GC [PSYoungGen: 13565K->758K(13824K)] 20823K->8039K(45056K), 0.0007130 secs] [Times: user=0.01 sys=0.00, real=0.00 secs] 
202.240: Total time for which application threads were stopped: 0.0673030 seconds, Stopping threads took: 0.0665080 seconds
202.327: Application time: 0.0866930 seconds
202.395: [GC [PSYoungGen: 12866K->938K(13824K)] 20147K->8227K(45056K), 0.0007580 secs] [Times: user=0.00 sys=0.00, real=0.00 secs] 
202.396: Total time for which application threads were stopped: 0.0689540 seconds, Stopping threads took: 0.0681020 seconds
202.483: Application time: 0.0869960 seconds
202.528: [GC [PSYoungGen: 13162K->1328K(13824K)] 20451K->8617K(45056K), 0.0006470 secs] [Times: user=0.00 sys=0.00, real=0.01 secs] 
202.529: Total time for which application threads were stopped: 0.0462860 seconds, Stopping threads took: 0.0455600 seconds
202.618: Application time: 0.0887570 seconds
202.688: [GC [PSYoungGen: 13612K->563K(13824K)] 20901K->7868K(45056K), 0.0005830 secs] [Times: user=0.00 sys=0.00, real=0.01 secs] 
202.689: Total time for which application threads were stopped: 0.0709130 seconds, Stopping threads took: 0.0702640 seconds
202.774: Application time: 0.0857970 seconds
202.777: [GC [PSYoungGen: 12690K->1524K(13824K)] 19995K->11440K(45056K), 0.0013780 secs] [Times: user=0.01 sys=0.00, real=0.00 secs] 
202.778: Total time for which application threads were stopped: 0.0036830 seconds, Stopping threads took: 0.0022280 seconds
202.867: Application time: 0.0885080 seconds
202.946: [GC [PSYoungGen: 13748K->1507K(13824K)] 23665K->12213K(45056K), 0.0008820 secs] [Times: user=0.00 sys=0.00, real=0.00 secs] 
202.947: Total time for which application threads were stopped: 0.0807090 seconds, Stopping threads took: 0.0797310 seconds
203.036: Application time: 0.0885960 seconds
203.115: [GC [PSYoungGen: 13693K->272K(13824K)] 24399K->10977K(45056K), 0.0006720 secs] [Times: user=0.00 sys=0.00, real=0.00 secs] 
203.116: Total time for which application threads were stopped: 0.0797700 seconds, Stopping threads took: 0.0789990 seconds
203.203: Application time: 0.0876410 seconds
203.248: [GC [PSYoungGen: 12379K->483K(13824K)] 23085K->11205K(45056K), 0.0004770 secs] [Times: user=0.00 sys=0.00, real=0.01 secs] 
203.249: Total time for which application threads were stopped: 0.0454020 seconds, Stopping threads took: 0.0448360 seconds
203.336: Application time: 0.0871690 seconds
203.398: [GC [PSYoungGen: 12512K->1458K(13824K)] 23234K->12570K(45056K), 0.0008210 secs] [Times: user=0.00 sys=0.00, real=0.00 secs] 
203.399: Total time for which application threads were stopped: 0.0632470 seconds, Stopping threads took: 0.0623330 seconds
203.488: Application time: 0.0888360 seconds
203.558: [GC [PSYoungGen: 13566K->938K(13824K)] 24678K->12050K(45056K), 0.0008000 secs] [Times: user=0.00 sys=0.00, real=0.00 secs] 
203.559: Total time for which application threads were stopped: 0.0706730 seconds, Stopping threads took: 0.0697870 seconds
203.645: Application time: 0.0864140 seconds
203.699: [GC [PSYoungGen: 13162K->1312K(13824K)] 24275K->12441K(45056K), 0.0009800 secs] [Times: user=0.00 sys=0.00, real=0.00 secs] 
203.700: Total time for which application threads were stopped: 0.0545440 seconds, Stopping threads took: 0.0534580 seconds
203.789: Application time: 0.0891290 seconds
203.858: [GC [PSYoungGen: 13517K->547K(13824K)] 24646K->11683K(45056K), 0.0007100 secs] [Times: user=0.00 sys=0.00, real=0.00 secs] 
203.858: Total time for which application threads were stopped: 0.0696090 seconds, Stopping threads took: 0.0688230 seconds
203.946: Application time: 0.0873450 seconds
204.017: [GC [PSYoungGen: 12576K->726K(13824K)] 23713K->11863K(45056K), 0.0004920 secs] [Times: user=0.00 sys=0.00, real=0.00 secs] 
204.017: Total time for which application threads were stopped: 0.0714480 seconds, Stopping threads took: 0.0708880 seconds
204.103: Application time: 0.0852970 seconds
204.146: [GC [PSYoungGen: 12932K->1508K(13824K)] 24068K->13230K(45056K), 0.0013990 secs] [Times: user=0.01 sys=0.00, real=0.00 secs] 
204.147: Total time for which application threads were stopped: 0.0448240 seconds, Stopping threads took: 0.0433330 seconds
204.247: Application time: 0.0992420 seconds
204.312: [GC [PSYoungGen: 13732K->1344K(13824K)] 25455K->14238K(45056K), 0.0009760 secs] [Times: user=0.01 sys=0.00, real=0.00 secs] 
204.313: Total time for which application threads were stopped: 0.0664840 seconds, Stopping threads took: 0.0654320 seconds
204.401: Application time: 0.0876120 seconds
204.477: [GC [PSYoungGen: 13549K->1328K(13824K)] 26444K->14629K(45056K), 0.0008390 secs] [Times: user=0.00 sys=0.00, real=0.00 secs] 
204.478: Total time for which application threads were stopped: 0.0774600 seconds, Stopping threads took: 0.0765260 seconds
204.564: Application time: 0.0861410 seconds
204.638: [GC [PSYoungGen: 13416K->694K(13824K)] 26717K->14003K(45056K), 0.0009600 secs] [Times: user=0.00 sys=0.00, real=0.00 secs] 
204.639: Total time for which application threads were stopped: 0.0748910 seconds, Stopping threads took: 0.0738360 seconds
204.725: Application time: 0.0859420 seconds
204.769: [GC [PSYoungGen: 12919K->1474K(13824K)] 26228K->15564K(45056K), 0.0009850 secs] [Times: user=0.01 sys=0.00, real=0.00 secs] 
204.770: Total time for which application threads were stopped: 0.0444520 seconds, Stopping threads took: 0.0433700 seconds
204.871: Application time: 0.1014790 seconds
204.948: [GC [PSYoungGen: 13601K->336K(13824K)] 27691K->14442K(45056K), 0.0005380 secs] [Times: user=0.00 sys=0.00, real=0.00 secs] 
204.948: Total time for which application threads were stopped: 0.0772470 seconds, Stopping threads took: 0.0766040 seconds
205.032: Application time: 0.0832620 seconds
205.071: [GC [PSYoungGen: 12443K->579K(13824K)] 26550K->14685K(45056K), 0.0004930 secs] [Times: user=0.00 sys=0.00, real=0.00 secs] 
205.071: Total time for which application threads were stopped: 0.0396440 seconds, Stopping threads took: 0.0390780 seconds
205.153: Application time: 0.0817950 seconds
205.192: [GC [PSYoungGen: 12765K->758K(13824K)] 26871K->14864K(45056K), 0.0006300 secs] [Times: user=0.00 sys=0.00, real=0.00 secs] 
205.192: Total time for which application threads were stopped: 0.0393300 seconds, Stopping threads took: 0.0386010 seconds
205.272: Application time: 0.0795910 seconds
205.332: [GC [PSYoungGen: 12983K->1442K(13824K)] 27089K->16345K(45056K), 0.0010460 secs] [Times: user=0.01 sys=0.00, real=0.00 secs] 
205.333: Total time for which application threads were stopped: 0.0612830 seconds, Stopping threads took: 0.0601470 seconds
205.414: Application time: 0.0810820 seconds
205.481: [GC [PSYoungGen: 13549K->1344K(13824K)] 28453K->16256K(45056K), 0.0006500 secs] [Times: user=0.00 sys=0.00, real=0.00 secs] 
205.482: Total time for which application threads were stopped: 0.0671460 seconds, Stopping threads took: 0.0664220 seconds
205.563: Application time: 0.0819600 seconds
205.627: [GC [PSYoungGen: 13550K->563K(13824K)] 28461K->15474K(45056K), 0.0005740 secs] [Times: user=0.00 sys=0.00, real=0.00 secs] 
205.628: Total time for which application threads were stopped: 0.0644410 seconds, Stopping threads took: 0.0637970 seconds
205.708: Application time: 0.0801410 seconds
205.758: [GC [PSYoungGen: 12592K->758K(13824K)] 27504K->15678K(45056K), 0.0006220 secs] [Times: user=0.00 sys=0.00, real=0.00 secs] 
205.759: Total time for which application threads were stopped: 0.0504150 seconds, Stopping threads took: 0.0497220 seconds
205.839: Application time: 0.0800060 seconds
205.906: [GC [PSYoungGen: 12983K->1149K(13824K)] 27903K->16068K(45056K), 0.0006560 secs] [Times: user=0.00 sys=0.00, real=0.00 secs] 
205.907: Total time for which application threads were stopped: 0.0680390 seconds, Stopping threads took: 0.0673130 seconds
205.987: Application time: 0.0809370 seconds
206.036: [GC [PSYoungGen: 13257K->1360K(13824K)] 28176K->16288K(45056K), 0.0006590 secs] [Times: user=0.00 sys=0.00, real=0.00 secs] 
206.036: Total time for which application threads were stopped: 0.0487120 seconds, Stopping threads took: 0.0479590 seconds
206.116: Application time: 0.0795780 seconds
206.166: [GC [PSYoungGen: 13563K->1524K(13824K)] 28491K->17631K(45056K), 0.0012110 secs] [Times: user=0.01 sys=0.00, real=0.00 secs] 
206.167: Total time for which application threads were stopped: 0.0516760 seconds, Stopping threads took: 0.0503760 seconds
206.263: Application time: 0.0955580 seconds
206.330: [GC [PSYoungGen: 13631K->758K(13824K)] 29738K->16874K(45056K), 0.0006940 secs] [Times: user=0.00 sys=0.00, real=0.00 secs] 
206.331: Total time for which application threads were stopped: 0.0681410 seconds, Stopping threads took: 0.0673700 seconds
206.411: Application time: 0.0798330 seconds
206.451: [GC [PSYoungGen: 12885K->1524K(13824K)] 29001K->18233K(45056K), 0.0009120 secs] [Times: user=0.00 sys=0.00, real=0.00 secs] 
206.452: Total time for which application threads were stopped: 0.0408010 seconds, Stopping threads took: 0.0397980 seconds
206.544: Application time: 0.0919780 seconds
206.615: [GC [PSYoungGen: 13729K->1344K(13824K)] 30438K->18062K(45056K), 0.0007690 secs] [Times: user=0.00 sys=0.00, real=0.00 secs] 
206.615: Total time for which application threads were stopped: 0.0716580 seconds, Stopping threads took: 0.0708130 seconds
206.696: Application time: 0.0806470 seconds
206.762: [GC [PSYoungGen: 13550K->563K(13824K)] 30267K->17304K(45056K), 0.0005140 secs] [Times: user=0.00 sys=0.00, real=0.00 secs] 
206.763: Total time for which application threads were stopped: 0.0665810 seconds, Stopping threads took: 0.0659760 seconds
206.842: Application time: 0.0795630 seconds
206.885: [GC [PSYoungGen: 12670K->806K(13824K)] 29412K->17548K(45056K), 0.0006800 secs] [Times: user=0.01 sys=0.00, real=0.00 secs] 
206.885: Total time for which application threads were stopped: 0.0430180 seconds, Stopping threads took: 0.0422530 seconds
206.968: Application time: 0.0828470 seconds
207.027: [GC [PSYoungGen: 13090K->1524K(13824K)] 29831K->18851K(45056K), 0.0009440 secs] [Times: user=0.01 sys=0.00, real=0.00 secs] 
207.028: Total time for which application threads were stopped: 0.0593660 seconds, Stopping threads took: 0.0583460 seconds
207.108: Application time: 0.0806700 seconds
207.177: [GC [PSYoungGen: 13748K->336K(13824K)] 31076K->17679K(45056K), 0.0005090 secs] [Times: user=0.00 sys=0.00, real=0.00 secs] 
207.178: Total time for which application threads were stopped: 0.0694840 seconds, Stopping threads took: 0.0688960 seconds
207.256: Application time: 0.0783440 seconds
207.299: [GC [PSYoungGen: 12560K->774K(13824K)] 29904K->18134K(45056K), 0.0006070 secs] [Times: user=0.00 sys=0.01, real=0.00 secs] 
207.299: Total time for which application threads were stopped: 0.0431290 seconds, Stopping threads took: 0.0424520 seconds
207.378: Application time: 0.0793150 seconds
207.380: [GC [PSYoungGen: 12804K->1525K(13824K)] 30163K->21540K(45056K), 0.0014050 secs] [Times: user=0.01 sys=0.00, real=0.00 secs] 
207.382: Total time for which application threads were stopped: 0.0034520 seconds, Stopping threads took: 0.0019790 seconds
207.466: Application time: 0.0838540 seconds
207.537: [GC [PSYoungGen: 13750K->1248K(13824K)] 33764K->21271K(45056K), 0.0007400 secs] [Times: user=0.00 sys=0.00, real=0.00 secs] 
207.538: Total time for which application threads were stopped: 0.0719680 seconds, Stopping threads took: 0.0711420 seconds
207.636: Application time: 0.0982510 seconds
207.701: [GC [PSYoungGen: 13532K->483K(13824K)] 33554K->20514K(45056K), 0.0006540 secs] [Times: user=0.00 sys=0.00, real=0.00 secs] 
207.702: Total time for which application threads were stopped: 0.0657280 seconds, Stopping threads took: 0.0649710 seconds
207.780: Application time: 0.0783640 seconds
207.823: [GC [PSYoungGen: 12688K->1491K(13824K)] 32719K->21913K(45056K), 0.0008150 secs] [Times: user=0.00 sys=0.00, real=0.00 secs] 
207.824: Total time for which application threads were stopped: 0.0434210 seconds, Stopping threads took: 0.0425370 seconds
207.905: Application time: 0.0818970 seconds
207.976: [GC [PSYoungGen: 13423K->890K(13824K)] 33845K->21311K(45056K), 0.0012470 secs] [Times: user=0.01 sys=0.00, real=0.01 secs] 
207.977: Total time for which application threads were stopped: 0.0719640 seconds, Stopping threads took: 0.0706270 seconds
208.068: Application time: 0.0902340 seconds
208.127: [GC [PSYoungGen: 12997K->1053K(13824K)] 33418K->21490K(45056K), 0.0006820 secs] [Times: user=0.01 sys=0.00, real=0.00 secs] 
208.128: Total time for which application threads were stopped: 0.0601040 seconds, Stopping threads took: 0.0593320 seconds
208.210: Application time: 0.0821250 seconds
208.275: [GC [PSYoungGen: 13180K->272K(13824K)] 33617K->20717K(45056K), 0.0004690 secs] [Times: user=0.00 sys=0.00, real=0.00 secs] 
208.276: Total time for which application threads were stopped: 0.0658930 seconds, Stopping threads took: 0.0653290 seconds
208.354: Application time: 0.0787420 seconds
208.395: [GC [PSYoungGen: 12282K->1476K(13824K)] 32727K->21929K(45056K), 0.0009180 secs] [Times: user=0.00 sys=0.00, real=0.00 secs] 
208.396: Total time for which application threads were stopped: 0.0417450 seconds, Stopping threads took: 0.0407320 seconds
208.484: Application time: 0.0876880 seconds
208.549: [GC [PSYoungGen: 13759K->694K(13824K)] 34212K->21148K(45056K), 0.0005980 secs] [Times: user=0.00 sys=0.00, real=0.00 secs] 
208.550: Total time for which application threads were stopped: 0.0659220 seconds, Stopping threads took: 0.0652440 seconds
208.629: Application time: 0.0790460 seconds
208.670: [GC [PSYoungGen: 12919K->1085K(13824K)] 33372K->21546K(45056K), 0.0007050 secs] [Times: user=0.01 sys=0.00, real=0.00 secs] 
208.671: Total time for which application threads were stopped: 0.0419150 seconds, Stopping threads took: 0.0411230 seconds
208.753: Application time: 0.0819890 seconds
208.818: [GC [PSYoungGen: 13290K->304K(13824K)] 33752K->20773K(45056K), 0.0004750 secs] [Times: user=0.00 sys=0.00, real=0.00 secs] 
208.819: Total time for which application threads were stopped: 0.0658030 seconds, Stopping threads took: 0.0652530 seconds
208.898: Application time: 0.0789000 seconds
208.940: [GC [PSYoungGen: 12528K->758K(13824K)] 32998K->21236K(45056K), 0.0005030 secs] [Times: user=0.00 sys=0.00, real=0.00 secs] 
208.940: Total time for which application threads were stopped: 0.0425410 seconds, Stopping threads took: 0.0419740 seconds
209.020: Application time: 0.0797390 seconds
209.076: [GC [PSYoungGen: 12983K->1149K(13824K)] 33460K->21634K(45056K), 0.0006570 secs] [Times: user=0.00 sys=0.00, real=0.01 secs] 
209.077: Total time for which application threads were stopped: 0.0569200 seconds, Stopping threads took: 0.0561950 seconds
209.165: Application time: 0.0880830 seconds
209.235: [GC [PSYoungGen: 13354K->320K(13824K)] 33840K->20805K(45056K), 0.0004400 secs] [Times: user=0.00 sys=0.00, real=0.00 secs] 
209.235: Total time for which application threads were stopped: 0.0705220 seconds, Stopping threads took: 0.0700120 seconds
209.323: Application time: 0.0874780 seconds
209.366: [GC [PSYoungGen: 12544K->742K(13824K)] 33030K->21228K(45056K), 0.0006670 secs] [Times: user=0.00 sys=0.00, real=0.00 secs] 
209.367: Total time for which application threads were stopped: 0.0441290 seconds, Stopping threads took: 0.0433700 seconds
209.455: Application time: 0.0875770 seconds
209.530: [GC [PSYoungGen: 12733K->774K(13824K)] 33218K->21260K(45056K), 0.0005930 secs] [Times: user=0.00 sys=0.00, real=0.00 secs] 
209.530: Total time for which application threads were stopped: 0.0757850 seconds, Stopping threads took: 0.0751220 seconds
209.616: Application time: 0.0852000 seconds
209.662: [GC [PSYoungGen: 12980K->1376K(13824K)] 33465K->22643K(45056K), 0.0008600 secs] [Times: user=0.01 sys=0.01, real=0.00 secs] 
209.663: Total time for which application threads were stopped: 0.0476140 seconds, Stopping threads took: 0.0466800 seconds
209.765: Application time: 0.1017870 seconds
209.845: [GC [PSYoungGen: 13601K->336K(13824K)] 34868K->21626K(45056K), 0.0004420 secs] [Times: user=0.00 sys=0.00, real=0.00 secs] 
209.846: Total time for which application threads were stopped: 0.0809950 seconds, Stopping threads took: 0.0804870 seconds
209.931: Application time: 0.0851850 seconds
209.977: [GC [PSYoungGen: 12521K->1474K(13824K)] 33812K->22976K(45056K), 0.0007350 secs] [Times: user=0.00 sys=0.00, real=0.00 secs] 
209.978: Total time for which application threads were stopped: 0.0468580 seconds, Stopping threads took: 0.0460430 seconds
210.066: Application time: 0.0883600 seconds
210.141: [GC [PSYoungGen: 13503K->726K(13824K)] 35005K->22228K(45056K), 0.0005500 secs] [Times: user=0.00 sys=0.00, real=0.00 secs] 
210.141: Total time for which application threads were stopped: 0.0748860 seconds, Stopping threads took: 0.0742420 seconds
210.240: Application time: 0.0989830 seconds
210.285: [GC [PSYoungGen: 12717K->774K(13824K)] 34219K->22284K(45056K), 0.0005460 secs] [Times: user=0.00 sys=0.00, real=0.00 secs] 
210.286: Total time for which application threads were stopped: 0.0457150 seconds, Stopping threads took: 0.0451020 seconds
210.372: Application time: 0.0864740 seconds
210.416: [GC [PSYoungGen: 12999K->1165K(13824K)] 34509K->22675K(45056K), 0.0006700 secs] [Times: user=0.01 sys=0.00, real=0.01 secs] 
210.417: Total time for which application threads were stopped: 0.0449340 seconds, Stopping threads took: 0.0432760 seconds
210.504: Application time: 0.0865560 seconds
210.557: [GC [PSYoungGen: 13390K->1149K(13824K)] 34900K->23058K(45056K), 0.0008060 secs] [Times: user=0.01 sys=0.00, real=0.00 secs] 
210.557: Total time for which application threads were stopped: 0.0534500 seconds, Stopping threads took: 0.0525610 seconds
210.648: Application time: 0.0905740 seconds
210.720: [GC [PSYoungGen: 13354K->742K(13824K)] 35263K->22667K(45056K), 0.0007530 secs] [Times: user=0.00 sys=0.00, real=0.00 secs] 
210.721: Total time for which application threads were stopped: 0.0731030 seconds, Stopping threads took: 0.0722610 seconds
210.808: Application time: 0.0867250 seconds
210.870: [GC [PSYoungGen: 12869K->1376K(13824K)] 34794K->24082K(45056K), 0.0009000 secs] [Times: user=0.00 sys=0.00, real=0.00 secs] 
210.871: Total time for which application threads were stopped: 0.0628050 seconds, Stopping threads took: 0.0618410 seconds
210.958: Application time: 0.0871880 seconds
211.034: [GC [PSYoungGen: 13581K->1360K(13824K)] 36287K->24074K(45056K), 0.0007890 secs] [Times: user=0.01 sys=0.00, real=0.00 secs] 
211.035: Total time for which application threads were stopped: 0.0769570 seconds, Stopping threads took: 0.0760760 seconds
211.138: Application time: 0.1027820 seconds
211.215: [GC [PSYoungGen: 13487K->563K(13824K)] 36201K->23277K(45056K), 0.0004890 secs] [Times: user=0.00 sys=0.00, real=0.00 secs] 
211.215: Total time for which application threads were stopped: 0.0779030 seconds, Stopping threads took: 0.0773350 seconds
211.302: Application time: 0.0862510 seconds
211.363: [GC [PSYoungGen: 12671K->742K(13824K)] 35385K->23456K(45056K), 0.0005850 secs] [Times: user=0.00 sys=0.00, real=0.00 secs] 
211.364: Total time for which application threads were stopped: 0.0623200 seconds, Stopping threads took: 0.0616670 seconds
211.451: Application time: 0.0871460 seconds
211.494: [GC [PSYoungGen: 12654K->742K(13824K)] 35368K->23472K(45056K), 0.0009360 secs] [Times: user=0.00 sys=0.00, real=0.00 secs] 
211.495: Total time for which application threads were stopped: 0.0439700 seconds, Stopping threads took: 0.0429520 seconds
211.581: Application time: 0.0862820 seconds
211.583: [GC [PSYoungGen: 12967K->1490K(13824K)] 35697K->27150K(45056K), 0.0015980 secs] [Times: user=0.01 sys=0.00, real=0.00 secs] 
211.584: Total time for which application threads were stopped: 0.0028650 seconds, Stopping threads took: 0.0011720 seconds
211.675: Application time: 0.0911080 seconds
211.755: [GC [PSYoungGen: 13773K->336K(13824K)] 39433K->26003K(45056K), 0.0004370 secs] [Times: user=0.00 sys=0.00, real=0.00 secs] 
211.755: Total time for which application threads were stopped: 0.0799480 seconds, Stopping threads took: 0.0794290 seconds
211.843: Application time: 0.0876520 seconds
211.887: [GC [PSYoungGen: 12443K->579K(13824K)] 38111K->26255K(45056K), 0.0007180 secs] [Times: user=0.01 sys=0.00, real=0.00 secs] 
211.888: Total time for which application threads were stopped: 0.0448070 seconds, Stopping threads took: 0.0440130 seconds
211.975: Application time: 0.0869340 seconds
212.017: [GC [PSYoungGen: 12784K->1360K(13824K)] 38460K->27622K(45056K), 0.0008030 secs] [Times: user=0.00 sys=0.00, real=0.00 secs] 
212.018: Total time for which application threads were stopped: 0.0431230 seconds, Stopping threads took: 0.0422470 seconds
212.107: Application time: 0.0891510 seconds
212.178: [GC [PSYoungGen: 13487K->1149K(13824K)] 39749K->27419K(45056K), 0.0009140 secs] [Times: user=0.00 sys=0.00, real=0.00 secs] 
212.179: Total time for which application threads were stopped: 0.0723590 seconds, Stopping threads took: 0.0713760 seconds
212.268: Application time: 0.0885860 seconds
212.339: [GC [PSYoungGen: 13276K->320K(13824K)] 39546K->26589K(45056K), 0.0005120 secs] [Times: user=0.01 sys=0.00, real=0.00 secs] 
212.339: Total time for which application threads were stopped: 0.0713700 seconds, Stopping threads took: 0.0707560 seconds
212.426: Application time: 0.0867890 seconds
212.483: [GC [PSYoungGen: 12427K->531K(13824K)] 38697K->26809K(45056K), 0.0006430 secs] [Times: user=0.00 sys=0.00, real=0.00 secs] 
212.483: Total time for which application threads were stopped: 0.0573010 seconds, Stopping threads took: 0.0565850 seconds
212.570: Application time: 0.0867940 seconds
212.615: [GC [PSYoungGen: 12560K->1490K(13824K)] 38838K->28158K(45056K), 0.0010370 secs] [Times: user=0.01 sys=0.00, real=0.01 secs] 
212.616: Total time for which application threads were stopped: 0.0461900 seconds, Stopping threads took: 0.0450780 seconds
212.705: Application time: 0.0883740 seconds
212.774: [GC [PSYoungGen: 13480K->758K(13824K)] 40149K->27427K(45056K), 0.0007150 secs] [Times: user=0.00 sys=0.00, real=0.00 secs] 
212.775: Total time for which application threads were stopped: 0.0700640 seconds, Stopping threads took: 0.0692690 seconds
212.862: Application time: 0.0867840 seconds
212.907: [GC [PSYoungGen: 12983K->1133K(13824K)] 39651K->27809K(45056K), 0.0006490 secs] [Times: user=0.01 sys=0.00, real=0.00 secs] 
212.908: Total time for which application threads were stopped: 0.0458670 seconds, Stopping threads took: 0.0451170 seconds
212.993: Application time: 0.0857690 seconds
213.033: [GC [PSYoungGen: 13358K->1527K(13824K)] 40034K->30345K(45056K), 0.0013450 secs] [Times: user=0.01 sys=0.00, real=0.00 secs] 
213.034: Total time for which application threads were stopped: 0.0407330 seconds, Stopping threads took: 0.0392980 seconds
213.114: Application time: 0.0803640 seconds
213.188: [GC [PSYoungGen: 13813K->1395K(13824K)] 42631K->30612K(45056K), 0.0007950 secs] [Times: user=0.00 sys=0.00, real=0.01 secs] 
213.189: Total time for which application threads were stopped: 0.0744020 seconds, Stopping threads took: 0.0735350 seconds
213.272: Application time: 0.0827710 seconds
213.338: [GC [PSYoungGen: 13500K->809K(13824K)] 42716K->30026K(45056K), 0.0005200 secs] [Times: user=0.01 sys=0.00, real=0.00 secs] 
213.338: Total time for which application threads were stopped: 0.0667060 seconds, Stopping threads took: 0.0661020 seconds
213.420: Application time: 0.0819760 seconds
213.462: [GC [PSYoungGen: 13015K->1507K(13824K)] 42231K->31513K(45056K), 0.0008720 secs] [Times: user=0.00 sys=0.00, real=0.00 secs] 
213.463: [Full GC [PSYoungGen: 1507K->0K(13824K)] [ParOldGen: 30005K->3722K(31232K)] 31513K->3722K(45056K) [PSPermGen: 5148K->5148K(21504K)], 0.0051390 secs] [Times: user=0.02 sys=0.00, real=0.00 secs] 
213.468: Total time for which application threads were stopped: 0.0478120 seconds, Stopping threads took: 0.0416730 seconds
213.552: Application time: 0.0836360 seconds
213.615: [GC [PSYoungGen: 12126K->1331K(13824K)] 15849K->5054K(45056K), 0.0007860 secs] [Times: user=0.00 sys=0.00, real=0.00 secs] 
213.616: Total time for which application threads were stopped: 0.0640040 seconds, Stopping threads took: 0.0631260 seconds
213.699: Application time: 0.0832970 seconds
213.765: [GC [PSYoungGen: 13459K->614K(13824K)] 17181K->4336K(45056K), 0.0004830 secs] [Times: user=0.00 sys=0.01, real=0.00 secs] 
213.765: Total time for which application threads were stopped: 0.0660890 seconds, Stopping threads took: 0.0655430 seconds
213.843: Application time: 0.0779900 seconds
213.884: [GC [PSYoungGen: 12820K->1525K(13824K)] 16542K->6810K(45056K), 0.0010330 secs] [Times: user=0.01 sys=0.00, real=0.00 secs] 
213.885: Total time for which application threads were stopped: 0.0417260 seconds, Stopping threads took: 0.0406320 seconds
213.968: Application time: 0.0826590 seconds
214.039: [GC [PSYoungGen: 13750K->256K(13824K)] 19035K->5540K(45056K), 0.0003890 secs] [Times: user=0.00 sys=0.00, real=0.00 secs] 
214.040: Total time for which application threads were stopped: 0.0722200 seconds, Stopping threads took: 0.0717600 seconds
214.119: Application time: 0.0787900 seconds
214.161: [GC [PSYoungGen: 12266K->1395K(13824K)] 17550K->6680K(45056K), 0.0006340 secs] [Times: user=0.01 sys=0.00, real=0.00 secs] 
214.162: Total time for which application threads were stopped: 0.0432450 seconds, Stopping threads took: 0.0425240 seconds
214.244: Application time: 0.0824050 seconds
214.312: [GC [PSYoungGen: 13601K->646K(13824K)] 18886K->5931K(45056K), 0.0006210 secs] [Times: user=0.00 sys=0.00, real=0.00 secs] 
214.313: Total time for which application threads were stopped: 0.0687090 seconds, Stopping threads took: 0.0680230 seconds
214.392: Application time: 0.0791620 seconds
214.435: [GC [PSYoungGen: 12559K->614K(13824K)] 17843K->5899K(45056K), 0.0007130 secs] [Times: user=0.00 sys=0.00, real=0.00 secs] 
214.435: Total time for which application threads were stopped: 0.0432050 seconds, Stopping threads took: 0.0424140 seconds
214.515: Application time: 0.0800280 seconds
214.556: [GC [PSYoungGen: 12741K->1443K(13824K)] 18026K->7314K(45056K), 0.0010150 secs] [Times: user=0.01 sys=0.00, real=0.01 secs] 
214.557: Total time for which application threads were stopped: 0.0416140 seconds, Stopping threads took: 0.0405020 seconds
214.656: Application time: 0.0986300 seconds
214.724: [GC [PSYoungGen: 13668K->208K(13824K)] 19539K->6078K(45056K), 0.0004290 secs] [Times: user=0.00 sys=0.00, real=0.00 secs] 
214.724: Total time for which application threads were stopped: 0.0687680 seconds, Stopping threads took: 0.0682520 seconds
214.803: Application time: 0.0789790 seconds
214.842: [GC [PSYoungGen: 12491K->1491K(13824K)] 18362K->7558K(45056K), 0.0007360 secs] [Times: user=0.01 sys=0.00, real=0.00 secs] 
214.843: Total time for which application threads were stopped: 0.0398970 seconds, Stopping threads took: 0.0390910 seconds
214.925: Application time: 0.0821020 seconds
214.991: [GC [PSYoungGen: 13580K->694K(13824K)] 19646K->6760K(45056K), 0.0008020 secs] [Times: user=0.01 sys=0.00, real=0.00 secs] 
214.992: Total time for which application threads were stopped: 0.0663480 seconds, Stopping threads took: 0.0654600 seconds
215.072: Application time: 0.0799480 seconds
215.141: [GC [PSYoungGen: 12919K->1165K(13824K)] 18985K->7231K(45056K), 0.0006290 secs] [Times: user=0.00 sys=0.00, real=0.00 secs] 
215.142: Total time for which application threads were stopped: 0.0701910 seconds, Stopping threads took: 0.0694670 seconds
215.222: Application time: 0.0800970 seconds
215.291: [GC [PSYoungGen: 13292K->336K(13824K)] 19358K->6402K(45056K), 0.0005580 secs] [Times: user=0.00 sys=0.00, real=0.00 secs] 
215.292: Total time for which application threads were stopped: 0.0700250 seconds, Stopping threads took: 0.0693810 seconds
215.371: Application time: 0.0788660 seconds
215.411: [GC [PSYoungGen: 12560K->1426K(13824K)] 18626K->7883K(45056K), 0.0009880 secs] [Times: user=0.00 sys=0.00, real=0.00 secs] 
215.412: Total time for which application threads were stopped: 0.0415180 seconds, Stopping threads took: 0.0404410 seconds
215.494: Application time: 0.0817990 seconds
215.563: [GC [PSYoungGen: 13338K->790K(13824K)] 19795K->7247K(45056K), 0.0006140 secs] [Times: user=0.00 sys=0.00, real=0.00 secs] 
215.565: Total time for which application threads were stopped: 0.0704430 seconds, Stopping threads took: 0.0687280 seconds
215.643: Application time: 0.0788740 seconds
215.683: [GC [PSYoungGen: 12996K->1376K(13824K)] 19452K->8638K(45056K), 0.0008430 secs] [Times: user=0.00 sys=0.00, real=0.00 secs] 
215.684: Total time for which application threads were stopped: 0.0402820 seconds, Stopping threads took: 0.0393380 seconds
215.766: Application time: 0.0821020 seconds
215.830: [GC [PSYoungGen: 13582K->1328K(13824K)] 20844K->8590K(45056K), 0.0006970 secs] [Times: user=0.00 sys=0.00, real=0.00 secs] 
215.831: Total time for which application threads were stopped: 0.0649030 seconds, Stopping threads took: 0.0641370 seconds
215.912: Application time: 0.0814340 seconds
215.950: [GC [PSYoungGen: 13553K->1360K(13824K)] 20815K->9029K(45056K), 0.0007400 secs] [Times: user=0.00 sys=0.00, real=0.00 secs] 
215.951: Total time for which application threads were stopped: 0.0386280 seconds, Stopping threads took: 0.0378210 seconds
216.031: Application time: 0.0801100 seconds
216.088: [GC [PSYoungGen: 13370K->790K(13824K)] 21039K->8459K(45056K), 0.0004880 secs] [Times: user=0.00 sys=0.00, real=0.01 secs] 
216.089: Total time for which application threads were stopped: 0.0577340 seconds, Stopping threads took: 0.0571570 seconds
216.168: Application time: 0.0791440 seconds
216.206: [GC [PSYoungGen: 12703K->1474K(13824K)] 20371K->9549K(45056K), 0.0008080 secs] [Times: user=0.00 sys=0.00, real=0.00 secs] 
216.207: Total time for which application threads were stopped: 0.0390870 seconds, Stopping threads took: 0.0381790 seconds
216.290: Application time: 0.0828540 seconds
216.354: [GC [PSYoungGen: 13660K->986K(13824K)] 21735K->9077K(45056K), 0.0005510 secs] [Times: user=0.00 sys=0.00, real=0.00 secs] 
216.355: Total time for which application threads were stopped: 0.0647670 seconds, Stopping threads took: 0.0641550 seconds
216.436: Application time: 0.0814770 seconds
216.504: [GC [PSYoungGen: 13093K->1165K(13824K)] 21184K->9272K(45056K), 0.0005790 secs] [Times: user=0.00 sys=0.00, real=0.00 secs] 
216.504: Total time for which application threads were stopped: 0.0680730 seconds, Stopping threads took: 0.0674260 seconds
216.583: Application time: 0.0788380 seconds
216.623: [GC [PSYoungGen: 13292K->1426K(13824K)] 21399K->9533K(45056K), 0.0007210 secs] [Times: user=0.00 sys=0.00, real=0.00 secs] 
216.624: Total time for which application threads were stopped: 0.0410760 seconds, Stopping threads took: 0.0402840 seconds
216.706: Application time: 0.0824330 seconds
216.773: [GC [PSYoungGen: 13650K->774K(13824K)] 21758K->8882K(45056K), 0.0005530 secs] [Times: user=0.00 sys=0.00, real=0.00 secs] 
216.774: Total time for which application threads were stopped: 0.0675520 seconds, Stopping threads took: 0.0669110 seconds
216.866: Application time: 0.0924400 seconds
216.920: [GC [PSYoungGen: 12980K->1524K(13824K)] 21087K->10241K(45056K), 0.0009350 secs] [Times: user=0.01 sys=0.00, real=0.00 secs] 
216.921: Total time for which application threads were stopped: 0.0546090 seconds, Stopping threads took: 0.0536090 seconds
217.001: Application time: 0.0800450 seconds
217.069: [GC [PSYoungGen: 13651K->1328K(13824K)] 22368K->10070K(45056K), 0.0006450 secs] [Times: user=0.00 sys=0.00, real=0.00 secs] 
217.070: Total time for which application threads were stopped: 0.0684420 seconds, Stopping threads took: 0.0677280 seconds
217.151: Application time: 0.0815200 seconds
217.211: [GC [PSYoungGen: 13534K->563K(13824K)] 22275K->9304K(45056K), 0.0007040 secs] [Times: user=0.00 sys=0.00, real=0.00 secs] 
217.212: Total time for which application threads were stopped: 0.0606090 seconds, Stopping threads took: 0.0598290 seconds
217.292: Application time: 0.0799290 seconds
217.341: [GC [PSYoungGen: 12788K->1002K(13824K)] 21529K->9743K(45056K), 0.0006410 secs] [Times: user=0.00 sys=0.00, real=0.00 secs] 
217.341: Total time for which application threads were stopped: 0.0498310 seconds, Stopping threads took: 0.0490900 seconds
217.420: Application time: 0.0787780 seconds
217.461: [GC [PSYoungGen: 13109K->1133K(13824K)] 21850K->9874K(45056K), 0.0007930 secs] [Times: user=0.00 sys=0.00, real=0.00 secs] 
217.462: Total time for which application threads were stopped: 0.0415630 seconds, Stopping threads took: 0.0406790 seconds
217.548: Application time: 0.0864170 seconds
217.600: [GC [PSYoungGen: 13358K->1360K(13824K)] 22099K->10305K(45056K), 0.0008450 secs] [Times: user=0.00 sys=0.00, real=0.00 secs] 
217.601: Total time for which application threads were stopped: 0.0527330 seconds, Stopping threads took: 0.0517950 seconds
217.684: Application time: 0.0830250 seconds
217.750: [GC [PSYoungGen: 13644K->806K(13824K)] 22588K->9759K(45056K), 0.0005270 secs] [Times: user=0.00 sys=0.00, real=0.00 secs] 
217.751: Total time for which application threads were stopped: 0.0669370 seconds, Stopping threads took: 0.0663200 seconds
217.830: Application time: 0.0788310 seconds
217.869: [GC [PSYoungGen: 13011K->1509K(13824K)] 21964K->12157K(45056K), 0.0010940 secs] [Times: user=0.01 sys=0.00, real=0.00 secs] 
217.870: Total time for which application threads were stopped: 0.0399060 seconds, Stopping threads took: 0.0387120 seconds
217.951: Application time: 0.0817910 seconds
218.019: [GC [PSYoungGen: 13636K->1232K(13824K)] 24283K->11880K(45056K), 0.0006120 secs] [Times: user=0.01 sys=0.00, real=0.00 secs] 
218.020: Total time for which application threads were stopped: 0.0685590 seconds, Stopping threads took: 0.0678780 seconds
218.099: Application time: 0.0792950 seconds
218.166: [GC [PSYoungGen: 13437K->451K(13824K)] 24085K->11106K(45056K), 0.0005850 secs] [Times: user=0.01 sys=0.00, real=0.00 secs] 
218.167: Total time for which application threads were stopped: 0.0674530 seconds, Stopping threads took: 0.0667930 seconds
218.245: Application time: 0.0784230 seconds
218.286: [GC [PSYoungGen: 12656K->1443K(13824K)] 23312K->12506K(45056K), 0.0008090 secs] [Times: user=0.00 sys=0.00, real=0.00 secs] 
218.287: Total time for which application threads were stopped: 0.0412530 seconds, Stopping threads took: 0.0403710 seconds
218.368: Application time: 0.0813390 seconds
218.435: [GC [PSYoungGen: 13649K->1037K(13824K)] 24711K->12107K(45056K), 0.0007880 secs] [Times: user=0.00 sys=0.00, real=0.00 secs] 
218.436: Total time for which application threads were stopped: 0.0684640 seconds, Stopping threads took: 0.0675840 seconds
218.518: Application time: 0.0820220 seconds
218.578: [GC [PSYoungGen: 13164K->256K(13824K)] 24234K->11334K(45056K), 0.0005220 secs] [Times: user=0.00 sys=0.00, real=0.00 secs] 
218.578: Total time for which application threads were stopped: 0.0599340 seconds, Stopping threads took: 0.0593250 seconds
218.656: Application time: 0.0782420 seconds
218.696: [GC [PSYoungGen: 12187K->1427K(13824K)] 23265K->12506K(45056K), 0.0008050 secs] [Times: user=0.01 sys=0.00, real=0.00 secs] 
218.697: Total time for which application threads were stopped: 0.0407790 seconds, Stopping threads took: 0.0398820 seconds
218.779: Application time: 0.0816910 seconds
218.844: [GC [PSYoungGen: 13633K->646K(13824K)] 24711K->11724K(45056K), 0.0005250 secs] [Times: user=0.00 sys=0.00, real=0.00 secs] 
218.844: Total time for which application threads were stopped: 0.0654090 seconds, Stopping threads took: 0.0648120 seconds
218.924: Application time: 0.0791790 seconds
218.924: [GC [PSYoungGen: 12851K->1527K(13824K)] 23930K->15300K(45056K), 0.0013820 secs] [Times: user=0.01 sys=0.00, real=0.00 secs] 
218.926: Total time for which application threads were stopped: 0.0019450 seconds, Stopping threads took: 0.0004900 seconds
219.023: Application time: 0.0970750 seconds
219.095: [GC [PSYoungGen: 13751K->256K(13824K)] 27525K->14029K(45056K), 0.0004510 secs] [Times: user=0.00 sys=0.00, real=0.00 secs] 
219.095: Total time for which application threads were stopped: 0.0724000 seconds, Stopping threads took: 0.0718700 seconds
219.176: Application time: 0.0811120 seconds
219.240: [GC [PSYoungGen: 12363K->451K(13824K)] 26137K->14240K(45056K), 0.0004210 secs] [Times: user=0.00 sys=0.00, real=0.00 secs] 
219.241: Total time for which application threads were stopped: 0.0645810 seconds, Stopping threads took: 0.0640960 seconds
219.320: Application time: 0.0794400 seconds
219.358: [GC [PSYoungGen: 12559K->646K(13824K)] 26348K->14436K(45056K), 0.0005130 secs] [Times: user=0.01 sys=0.00, real=0.00 secs] 
219.359: Total time for which application threads were stopped: 0.0386380 seconds, Stopping threads took: 0.0380590 seconds
219.440: Application time: 0.0809520 seconds
219.481: [GC [PSYoungGen: 12754K->858K(13824K)] 26543K->14655K(45056K), 0.0005050 secs] [Times: user=0.01 sys=0.00, real=0.00 secs] 
219.481: Total time for which application threads were stopped: 0.0416130 seconds, Stopping threads took: 0.0410450 seconds
219.571: Application time: 0.0899390 seconds
219.633: [GC [PSYoungGen: 12965K->1037K(13824K)] 26763K->14834K(45056K), 0.0006320 secs] [Times: user=0.00 sys=0.00, real=0.00 secs] 
219.634: Total time for which application threads were stopped: 0.0621900 seconds, Stopping threads took: 0.0614840 seconds
219.718: Application time: 0.0843580 seconds
219.781: [GC [PSYoungGen: 13242K->272K(13824K)] 27040K->14085K(45056K), 0.0004500 secs] [Times: user=0.00 sys=0.00, real=0.00 secs] 
219.782: Total time for which application threads were stopped: 0.0637550 seconds, Stopping threads took: 0.0632410 seconds
219.864: Application time: 0.0820650 seconds
219.906: [GC [PSYoungGen: 12477K->1507K(13824K)] 26290K->15548K(45056K), 0.0091690 secs] [Times: user=0.07 sys=0.00, real=0.01 secs] 
219.915: Total time for which application threads were stopped: 0.0511310 seconds, Stopping threads took: 0.0418900 seconds
220.012: Application time: 0.0973650 seconds
220.081: [GC [PSYoungGen: 13439K->726K(13824K)] 27480K->14767K(45056K), 0.0004640 secs] [Times: user=0.00 sys=0.00, real=0.00 secs] 
220.081: Total time for which application threads were stopped: 0.0689520 seconds, Stopping threads took: 0.0684210 seconds
220.176: Application time: 0.0944090 seconds
220.230: [GC [PSYoungGen: 12834K->970K(13824K)] 26875K->15018K(45056K), 0.0007280 secs] [Times: user=0.00 sys=0.00, real=0.00 secs] 
220.231: Total time for which application threads were stopped: 0.0556440 seconds, Stopping threads took: 0.0548420 seconds
220.310: Application time: 0.0791230 seconds
220.351: [GC [PSYoungGen: 13077K->1117K(13824K)] 27126K->15174K(45056K), 0.0006220 secs] [Times: user=0.00 sys=0.00, real=0.00 secs] 
220.351: Total time for which application threads were stopped: 0.0408200 seconds, Stopping threads took: 0.0401270 seconds
220.433: Application time: 0.0815090 seconds
220.501: [GC [PSYoungGen: 13342K->1360K(13824K)] 27398K->15620K(45056K), 0.0006640 secs] [Times: user=0.01 sys=0.00, real=0.00 secs] 
220.501: Total time for which application threads were stopped: 0.0686570 seconds, Stopping threads took: 0.0679180 seconds
220.583: Application time: 0.0817150 seconds
220.620: [GC [PSYoungGen: 13585K->1376K(13824K)] 27845K->16222K(45056K), 0.0007920 secs] [Times: user=0.00 sys=0.00, real=0.00 secs] 
220.622: Total time for which application threads were stopped: 0.0384350 seconds, Stopping threads took: 0.0368960 seconds
220.702: Application time: 0.0809970 seconds
220.765: [GC [PSYoungGen: 13503K->1133K(13824K)] 28349K->15979K(45056K), 0.0007170 secs] [Times: user=0.00 sys=0.00, real=0.00 secs] 
220.766: Total time for which application threads were stopped: 0.0632840 seconds, Stopping threads took: 0.0624690 seconds
220.847: Application time: 0.0816320 seconds
220.914: [GC [PSYoungGen: 13260K->352K(13824K)] 28106K->15222K(45056K), 0.0004570 secs] [Times: user=0.00 sys=0.00, real=0.00 secs] 
220.915: Total time for which application threads were stopped: 0.0674310 seconds, Stopping threads took: 0.0668810 seconds
220.995: Application time: 0.0799810 seconds
221.037: [GC [PSYoungGen: 12616K->1458K(13824K)] 27486K->16531K(45056K), 0.0007490 secs] [Times: user=0.00 sys=0.00, real=0.00 secs] 
221.038: Total time for which application threads were stopped: 0.0428500 seconds, Stopping threads took: 0.0420330 seconds
221.126: Application time: 0.0881960 seconds
221.179: [GC [PSYoungGen: 13487K->1474K(13824K)] 28561K->16938K(45056K), 0.0007810 secs] [Times: user=0.00 sys=0.00, real=0.00 secs] 
221.180: Total time for which application threads were stopped: 0.0539040 seconds, Stopping threads took: 0.0530550 seconds
221.261: Application time: 0.0816070 seconds
221.328: [GC [PSYoungGen: 13386K->758K(13824K)] 28850K->16230K(45056K), 0.0004850 secs] [Times: user=0.00 sys=0.00, real=0.01 secs] 
221.328: Total time for which application threads were stopped: 0.0670170 seconds, Stopping threads took: 0.0664640 seconds
221.409: Application time: 0.0800970 seconds
221.448: [GC [PSYoungGen: 12670K->1490K(13824K)] 28143K->17369K(45056K), 0.0008610 secs] [Times: user=0.01 sys=0.00, real=0.01 secs] 
221.449: Total time for which application threads were stopped: 0.0401870 seconds, Stopping threads took: 0.0392610 seconds
221.531: Application time: 0.0825400 seconds
221.586: [GC [PSYoungGen: 13402K->774K(13824K)] 29281K->16661K(45056K), 0.0004800 secs] [Times: user=0.00 sys=0.00, real=0.00 secs] 
221.586: Total time for which application threads were stopped: 0.0549670 seconds, Stopping threads took: 0.0544270 seconds
221.666: Application time: 0.0796960 seconds
221.718: [GC [PSYoungGen: 12999K->1197K(13824K)] 28886K->17092K(45056K), 0.0005850 secs] [Times: user=0.01 sys=0.00, real=0.00 secs] 
221.719: Total time for which application threads were stopped: 0.0530650 seconds, Stopping threads took: 0.0524150 seconds
221.800: Application time: 0.0809880 seconds
221.866: [GC [PSYoungGen: 13324K->352K(13824K)] 29219K->16270K(45056K), 0.0004150 secs] [Times: user=0.01 sys=0.00, real=0.00 secs] 
221.867: Total time for which application threads were stopped: 0.0667240 seconds, Stopping threads took: 0.0662320 seconds
221.952: Application time: 0.0852620 seconds
222.005: [GC [PSYoungGen: 12459K->1458K(13824K)] 28378K->17596K(45056K), 0.0010040 secs] [Times: user=0.01 sys=0.00, real=0.00 secs] 
222.006: Total time for which application threads were stopped: 0.0543350 seconds, Stopping threads took: 0.0532390 seconds
222.089: Application time: 0.0828690 seconds
222.149: [GC [PSYoungGen: 13644K->742K(13824K)] 29782K->16880K(45056K), 0.0006000 secs] [Times: user=0.00 sys=0.00, real=0.00 secs] 
222.150: Total time for which application threads were stopped: 0.0604830 seconds, Stopping threads took: 0.0598190 seconds
222.230: Application time: 0.0799690 seconds
222.282: [GC [PSYoungGen: 12869K->1376K(13824K)] 29007K->18311K(45056K), 0.0009110 secs] [Times: user=0.01 sys=0.00, real=0.00 secs] 
222.283: Total time for which application threads were stopped: 0.0529580 seconds, Stopping threads took: 0.0519750 seconds
222.365: Application time: 0.0822240 seconds
222.431: [GC [PSYoungGen: 13581K->1360K(13824K)] 30517K->18311K(45056K), 0.0007040 secs] [Times: user=0.01 sys=0.00, real=0.00 secs] 
222.431: Total time for which application threads were stopped: 0.0665460 seconds, Stopping threads took: 0.0657690 seconds
222.512: Application time: 0.0808420 seconds
222.579: [GC [PSYoungGen: 13487K->579K(13824K)] 30439K->17530K(45056K), 0.0004790 secs] [Times: user=0.00 sys=0.00, real=0.00 secs] 
222.580: Total time for which application threads were stopped: 0.0675510 seconds, Stopping threads took: 0.0670010 seconds
222.665: Application time: 0.0849890 seconds
222.703: [GC [PSYoungGen: 12706K->1490K(13824K)] 29657K->20004K(45056K), 0.0010660 secs] [Times: user=0.00 sys=0.00, real=0.00 secs] 
222.704: Total time for which application threads were stopped: 0.0389730 seconds, Stopping threads took: 0.0378400 seconds
222.784: Application time: 0.0803680 seconds
222.857: [GC [PSYoungGen: 13773K->1181K(13824K)] 32287K->19695K(45056K), 0.0007510 secs] [Times: user=0.00 sys=0.00, real=0.00 secs] 
222.858: Total time for which application threads were stopped: 0.0736390 seconds, Stopping threads took: 0.0727980 seconds
222.940: Application time: 0.0819810 seconds
222.995: [GC [PSYoungGen: 13289K->1392K(13824K)] 31802K->19906K(45056K), 0.0008310 secs] [Times: user=0.00 sys=0.00, real=0.00 secs] 
222.995: Total time for which application threads were stopped: 0.0556840 seconds, Stopping threads took: 0.0547570 seconds
223.077: Application time: 0.0815750 seconds
223.144: [GC [PSYoungGen: 13597K->531K(13824K)] 32111K->19061K(45056K), 0.0004690 secs] [Times: user=0.00 sys=0.00, real=0.00 secs] 
223.145: Total time for which application threads were stopped: 0.0677290 seconds, Stopping threads took: 0.0671970 seconds
223.222: Application time: 0.0773740 seconds
223.262: [GC [PSYoungGen: 12658K->1392K(13824K)] 31188K->20508K(45056K), 0.0007860 secs] [Times: user=0.01 sys=0.00, real=0.00 secs] 
223.263: Total time for which application threads were stopped: 0.0410850 seconds, Stopping threads took: 0.0402100 seconds
223.346: Application time: 0.0827120 seconds
223.401: [GC [PSYoungGen: 13519K->1149K(13824K)] 32635K->20281K(45056K), 0.0007610 secs] [Times: user=0.00 sys=0.00, real=0.00 secs] 
223.401: Total time for which application threads were stopped: 0.0553900 seconds, Stopping threads took: 0.0545620 seconds
223.483: Application time: 0.0816170 seconds
223.547: [GC [PSYoungGen: 13276K->304K(13824K)] 32408K->19451K(45056K), 0.0004820 secs] [Times: user=0.00 sys=0.00, real=0.00 secs] 
223.548: Total time for which application threads were stopped: 0.0646710 seconds, Stopping threads took: 0.0641200 seconds
223.626: Application time: 0.0779080 seconds
223.666: [GC [PSYoungGen: 12392K->1360K(13824K)] 31539K->20711K(45056K), 0.0006910 secs] [Times: user=0.01 sys=0.00, real=0.00 secs] 
223.667: Total time for which application threads were stopped: 0.0409730 seconds, Stopping threads took: 0.0402140 seconds
223.751: Application time: 0.0842980 seconds
223.815: [GC [PSYoungGen: 13565K->758K(13824K)] 32917K->20109K(45056K), 0.0005100 secs] [Times: user=0.00 sys=0.00, real=0.00 secs] 
223.816: Total time for which application threads were stopped: 0.0647670 seconds, Stopping threads took: 0.0641940 seconds
223.896: Application time: 0.0800820 seconds
223.955: [GC [PSYoungGen: 12983K->1149K(13824K)] 32334K->20500K(45056K), 0.0006370 secs] [Times: user=0.01 sys=0.00, real=0.00 secs] 
223.956: Total time for which application threads were stopped: 0.0602990 seconds, Stopping threads took: 0.0595940 seconds
224.035: Application time: 0.0785600 seconds
224.102: [GC [PSYoungGen: 13354K->320K(13824K)] 32705K->19679K(45056K), 0.0004500 secs] [Times: user=0.00 sys=0.00, real=0.00 secs] 
224.103: Total time for which application threads were stopped: 0.0681600 seconds, Stopping threads took: 0.0676380 seconds
224.183: Application time: 0.0805390 seconds
224.224: [GC [PSYoungGen: 12544K->806K(13824K)] 31903K->20181K(45056K), 0.0004830 secs] [Times: user=0.00 sys=0.00, real=0.00 secs] 
224.224: Total time for which application threads were stopped: 0.0408580 seconds, Stopping threads took: 0.0403140 seconds
224.306: Application time: 0.0815600 seconds
224.346: [GC [PSYoungGen: 12914K->970K(13824K)] 32289K->20345K(45056K), 0.0005910 secs] [Times: user=0.00 sys=0.00, real=0.00 secs] 
224.347: Total time for which application threads were stopped: 0.0413340 seconds, Stopping threads took: 0.0406740 seconds
224.428: Application time: 0.0812800 seconds
224.494: [GC [PSYoungGen: 13077K->1133K(13824K)] 32452K->20516K(45056K), 0.0005930 secs] [Times: user=0.00 sys=0.00, real=0.00 secs] 
224.495: Total time for which application threads were stopped: 0.0666190 seconds, Stopping threads took: 0.0659600 seconds
224.594: Application time: 0.0990780 seconds
224.659: [GC [PSYoungGen: 13417K->304K(13824K)] 32800K->19687K(45056K), 0.0004720 secs] [Times: user=0.00 sys=0.00, real=0.00 secs] 
224.659: Total time for which application threads were stopped: 0.0651950 seconds, Stopping threads took: 0.0646530 seconds
224.738: Application time: 0.0791140 seconds
224.777: [GC [PSYoungGen: 12235K->1344K(13824K)] 31618K->20923K(45056K), 0.0007010 secs] [Times: user=0.00 sys=0.00, real=0.00 secs] 
224.778: Total time for which application threads were stopped: 0.0397850 seconds, Stopping threads took: 0.0390180 seconds
224.859: Application time: 0.0813350 seconds
224.924: [GC [PSYoungGen: 13471K->774K(13824K)] 33050K->20361K(45056K), 0.0006580 secs] [Times: user=0.00 sys=0.00, real=0.00 secs] 
224.925: Total time for which application threads were stopped: 0.0652120 seconds, Stopping threads took: 0.0644650 seconds
225.003: Application time: 0.0782430 seconds
225.043: [GC [PSYoungGen: 13058K->1376K(13824K)] 32644K->21752K(45056K), 0.0009100 secs] [Times: user=0.00 sys=0.00, real=0.00 secs] 
225.044: Total time for which application threads were stopped: 0.0412040 seconds, Stopping threads took: 0.0402060 seconds
225.125: Application time: 0.0812520 seconds
225.191: [GC [PSYoungGen: 13503K->1360K(13824K)] 33879K->21744K(45056K), 0.0006950 secs] [Times: user=0.00 sys=0.00, real=0.00 secs] 
225.191: Total time for which application threads were stopped: 0.0659460 seconds, Stopping threads took: 0.0651780 seconds
225.273: Application time: 0.0815290 seconds
225.340: [GC [PSYoungGen: 13487K->595K(13824K)] 33871K->20979K(45056K), 0.0005190 secs] [Times: user=0.00 sys=0.00, real=0.00 secs] 
225.341: Total time for which application threads were stopped: 0.0676540 seconds, Stopping threads took: 0.0670700 seconds
225.435: Application time: 0.0945940 seconds
225.496: [GC [PSYoungGen: 12800K->1376K(13824K)] 33184K->22346K(45056K), 0.0008180 secs] [Times: user=0.00 sys=0.00, real=0.01 secs] 
225.497: Total time for which application threads were stopped: 0.0615680 seconds, Stopping threads took: 0.0606780 seconds
225.587: Application time: 0.0903240 seconds
225.647: [GC [PSYoungGen: 13582K->1458K(13824K)] 34551K->23209K(45056K), 0.0009020 secs] [Times: user=0.01 sys=0.00, real=0.01 secs] 
225.648: Total time for which application threads were stopped: 0.0614420 seconds, Stopping threads took: 0.0598290 seconds
225.757: Application time: 0.1088540 seconds
225.822: [GC [PSYoungGen: 13585K->336K(13824K)] 35336K->22095K(45056K), 0.0004930 secs] [Times: user=0.00 sys=0.00, real=0.00 secs] 
225.822: Total time for which application threads were stopped: 0.0649930 seconds, Stopping threads took: 0.0644180 seconds
225.902: Application time: 0.0800540 seconds
225.939: [GC [PSYoungGen: 12560K->1458K(13824K)] 34319K->23624K(45056K), 0.0008210 secs] [Times: user=0.00 sys=0.00, real=0.00 secs] 
225.940: Total time for which application threads were stopped: 0.0374960 seconds, Stopping threads took: 0.0366060 seconds
226.021: Application time: 0.0815870 seconds
226.087: [GC [PSYoungGen: 13644K->954K(13824K)] 35810K->23119K(45056K), 0.0005850 secs] [Times: user=0.00 sys=0.00, real=0.00 secs] 
226.087: Total time for which application threads were stopped: 0.0659420 seconds, Stopping threads took: 0.0652860 seconds
226.168: Application time: 0.0801870 seconds
226.219: [GC [PSYoungGen: 13178K->1280K(13824K)] 35344K->23454K(45056K), 0.0007020 secs] [Times: user=0.00 sys=0.00, real=0.00 secs] 
226.220: Total time for which application threads were stopped: 0.0525310 seconds, Stopping threads took: 0.0517480 seconds
226.303: Application time: 0.0826720 seconds
226.367: [GC [PSYoungGen: 13564K->579K(13824K)] 35737K->22753K(45056K), 0.0006370 secs] [Times: user=0.00 sys=0.00, real=0.00 secs] 
226.368: Total time for which application threads were stopped: 0.0648250 seconds, Stopping threads took: 0.0640900 seconds
226.447: Application time: 0.0793450 seconds
226.496: [GC [PSYoungGen: 12686K->758K(13824K)] 34860K->22940K(45056K), 0.0005060 secs] [Times: user=0.00 sys=0.00, real=0.00 secs] 
226.496: Total time for which application threads were stopped: 0.0490290 seconds, Stopping threads took: 0.0484490 seconds
226.575: Application time: 0.0793540 seconds
226.613: [GC [PSYoungGen: 12885K->1506K(13824K)] 35067K->25453K(45056K), 0.0012200 secs] [Times: user=0.01 sys=0.00, real=0.00 secs] 
226.614: Total time for which application threads were stopped: 0.0383880 seconds, Stopping threads took: 0.0370770 seconds
226.695: Application time: 0.0810410 seconds
226.767: [GC [PSYoungGen: 13711K->1360K(13824K)] 37659K->25316K(45056K), 0.0007150 secs] [Times: user=0.00 sys=0.00, real=0.00 secs] 
226.768: Total time for which application threads were stopped: 0.0728230 seconds, Stopping threads took: 0.0720180 seconds
226.850: Application time: 0.0821680 seconds
226.915: [GC [PSYoungGen: 13487K->611K(13824K)] 37443K->24566K(45056K), 0.0007090 secs] [Times: user=0.01 sys=0.00, real=0.00 secs] 
226.915: Total time for which application threads were stopped: 0.0654260 seconds, Stopping threads took: 0.0646150 seconds
226.994: Application time: 0.0790640 seconds
227.046: [GC [PSYoungGen: 12719K->1474K(13824K)] 36674K->25820K(45056K), 0.0010370 secs] [Times: user=0.00 sys=0.00, real=0.00 secs] 
227.047: Total time for which application threads were stopped: 0.0527330 seconds, Stopping threads took: 0.0516250 seconds
227.129: Application time: 0.0820870 seconds
227.187: [GC [PSYoungGen: 13503K->986K(13824K)] 37850K->25356K(45056K), 0.0005830 secs] [Times: user=0.00 sys=0.00, real=0.00 secs] 
227.188: Total time for which application threads were stopped: 0.0585620 seconds, Stopping threads took: 0.0578900 seconds
227.267: Application time: 0.0797100 seconds
227.308: [GC [PSYoungGen: 13191K->1392K(13824K)] 37561K->26739K(45056K), 0.0009400 secs] [Times: user=0.01 sys=0.00, real=0.01 secs] 
227.309: Total time for which application threads were stopped: 0.0412980 seconds, Stopping threads took: 0.0402750 seconds
227.396: Application time: 0.0869640 seconds
227.465: [GC [PSYoungGen: 13617K->531K(13824K)] 38964K->25878K(45056K), 0.0004420 secs] [Times: user=0.00 sys=0.00, real=0.00 secs] 
227.465: Total time for which application threads were stopped: 0.0695730 seconds, Stopping threads took: 0.0690610 seconds
227.544: Application time: 0.0785890 seconds
227.586: [GC [PSYoungGen: 12814K->1524K(13824K)] 38161K->27269K(45056K), 0.0008250 secs] [Times: user=0.01 sys=0.00, real=0.00 secs] 
227.586: Total time for which application threads were stopped: 0.0425420 seconds, Stopping threads took: 0.0416280 seconds
227.667: Application time: 0.0802080 seconds
227.732: [GC [PSYoungGen: 13651K->1149K(13824K)] 39396K->26902K(45056K), 0.0007380 secs] [Times: user=0.00 sys=0.00, real=0.00 secs] 
227.733: Total time for which application threads were stopped: 0.0664280 seconds, Stopping threads took: 0.0656180 seconds
227.813: Application time: 0.0797910 seconds
227.851: [GC [PSYoungGen: 13256K->1474K(13824K)] 39010K->28204K(45056K), 0.0009720 secs] [Times: user=0.01 sys=0.00, real=0.00 secs] 
227.852: Total time for which application threads were stopped: 0.0386870 seconds, Stopping threads took: 0.0376520 seconds
227.934: Application time: 0.0822620 seconds
228.002: [GC [PSYoungGen: 13679K->531K(13824K)] 40409K->27261K(45056K), 0.0005050 secs] [Times: user=0.00 sys=0.00, real=0.00 secs] 
228.003: Total time for which application threads were stopped: 0.0691980 seconds, Stopping threads took: 0.0686210 seconds
228.083: Application time: 0.0799450 seconds
228.132: [GC [PSYoungGen: 12814K->1508K(13824K)] 39544K->28644K(45056K), 0.0008360 secs] [Times: user=0.01 sys=0.00, real=0.00 secs] 
228.133: Total time for which application threads were stopped: 0.0500010 seconds, Stopping threads took: 0.0490990 seconds
228.215: Application time: 0.0823440 seconds
228.279: [GC [PSYoungGen: 13634K->1085K(13824K)] 40771K->28222K(45056K), 0.0007640 secs] [Times: user=0.00 sys=0.00, real=0.00 secs] 
228.280: Total time for which application threads were stopped: 0.0645760 seconds, Stopping threads took: 0.0637460 seconds
228.362: Application time: 0.0824040 seconds
228.420: [GC [PSYoungGen: 13212K->352K(13824K)] 40349K->27496K(45056K), 0.0004720 secs] [Times: user=0.00 sys=0.00, real=0.00 secs] 
228.420: Total time for which application threads were stopped: 0.0577400 seconds, Stopping threads took: 0.0571770 seconds
228.499: Application time: 0.0785990 seconds
228.542: [GC [PSYoungGen: 12459K->563K(13824K)] 39604K->27716K(45056K), 0.0005470 secs] [Times: user=0.00 sys=0.00, real=0.00 secs] 
228.543: Total time for which application threads were stopped: 0.0439950 seconds, Stopping threads took: 0.0433530 seconds
228.621: Application time: 0.0788530 seconds
228.661: [GC [PSYoungGen: 12592K->790K(13824K)] 39745K->27943K(45056K), 0.0005540 secs] [Times: user=0.00 sys=0.00, real=0.00 secs] 
228.662: Total time for which application threads were stopped: 0.0401050 seconds, Stopping threads took: 0.0394830 seconds
228.743: Application time: 0.0811640 seconds
228.779: [GC [PSYoungGen: 12996K->1360K(13824K)] 40148K->29302K(45056K), 0.0009210 secs] [Times: user=0.01 sys=0.00, real=0.00 secs] 
228.780: Total time for which application threads were stopped: 0.0372330 seconds, Stopping threads took: 0.0362410 seconds
228.860: Application time: 0.0801650 seconds
228.929: [GC [PSYoungGen: 13565K->1360K(13824K)] 41507K->29302K(45056K), 0.0009320 secs] [Times: user=0.01 sys=0.00, real=0.00 secs] 
228.930: Total time for which application threads were stopped: 0.0695290 seconds, Stopping threads took: 0.0685040 seconds
229.015: Application time: 0.0851440 seconds
229.073: [GC [PSYoungGen: 13390K->1524K(13824K)] 41332K->29474K(45056K), 0.0007940 secs] [Times: user=0.01 sys=0.00, real=0.00 secs] 
229.073: Total time for which application threads were stopped: 0.0585770 seconds, Stopping threads took: 0.0576880 seconds
229.162: Application time: 0.0888540 seconds
229.207: [GC [PSYoungGen: 13729K->1426K(13824K)] 41679K->29767K(45056K), 0.0008580 secs] [Times: user=0.01 sys=0.00, real=0.00 secs] 
229.208: Total time for which application threads were stopped: 0.0456030 seconds, Stopping threads took: 0.0446720 seconds
229.296: Application time: 0.0880300 seconds
229.365: [GC [PSYoungGen: 13651K->1149K(13824K)] 41991K->29506K(45056K), 0.0006610 secs] [Times: user=0.00 sys=0.00, real=0.00 secs] 
229.366: Total time for which application threads were stopped: 0.0701400 seconds, Stopping threads took: 0.0694090 seconds
229.453: Application time: 0.0874230 seconds
229.530: [GC [PSYoungGen: 13432K->320K(13824K)] 41789K->28676K(45056K), 0.0004430 secs] [Times: user=0.00 sys=0.00, real=0.00 secs] 
229.530: Total time for which application threads were stopped: 0.0769830 seconds, Stopping threads took: 0.0764750 seconds
229.617: Application time: 0.0860780 seconds
229.661: [GC [PSYoungGen: 12427K->1524K(13824K)] 40784K->31068K(45056K), 0.0010030 secs] [Times: user=0.01 sys=0.00, real=0.00 secs] 
229.662: Total time for which application threads were stopped: 0.0459410 seconds, Stopping threads took: 0.0448590 seconds
229.752: Application time: 0.0891000 seconds
229.827: [GC [PSYoungGen: 13748K->986K(13824K)] 43293K->30530K(45056K), 0.0007940 secs] [Times: user=0.00 sys=0.00, real=0.00 secs] 
229.828: Total time for which application threads were stopped: 0.0760380 seconds, Stopping threads took: 0.0751520 seconds
229.912: Application time: 0.0847040 seconds
229.960: [GC [PSYoungGen: 13210K->1376K(13824K)] 42755K->30937K(45056K), 0.0007280 secs] [Times: user=0.00 sys=0.00, real=0.00 secs] 
229.960: Total time for which application threads were stopped: 0.0480910 seconds, Stopping threads took: 0.0472880 seconds
230.067: Application time: 0.1063940 seconds
230.139: [GC [PSYoungGen: 13660K->563K(13824K)] 43220K->30132K(45056K), 0.0005380 secs] [Times: user=0.00 sys=0.00, real=0.00 secs] 
230.140: Total time for which application threads were stopped: 0.0729580 seconds, Stopping threads took: 0.0723520 seconds
230.226: Application time: 0.0860980 seconds
230.269: [GC [PSYoungGen: 12768K->1392K(13824K)] 42337K->31555K(45056K), 0.0008570 secs] [Times: user=0.00 sys=0.00, real=0.00 secs] 
230.270: [Full GC [PSYoungGen: 1392K->0K(13824K)] [ParOldGen: 30162K->3337K(31232K)] 31555K->3337K(45056K) [PSPermGen: 5148K->5148K(21504K)], 0.0039800 secs] [Times: user=0.02 sys=0.00, real=0.00 secs] 
230.274: Total time for which application threads were stopped: 0.0482680 seconds, Stopping threads took: 0.0432680 seconds
230.362: Application time: 0.0874810 seconds
230.433: [GC [PSYoungGen: 12127K->973K(13824K)] 15464K->4310K(45056K), 0.0005610 secs] [Times: user=0.00 sys=0.00, real=0.00 secs] 
230.433: Total time for which application threads were stopped: 0.0715060 seconds, Stopping threads took: 0.0708740 seconds
230.522: Application time: 0.0885360 seconds
230.593: [GC [PSYoungGen: 13197K->1331K(13824K)] 16535K->4669K(45056K), 0.0006740 secs] [Times: user=0.00 sys=0.00, real=0.00 secs] 
230.594: Total time for which application threads were stopped: 0.0719540 seconds, Stopping threads took: 0.0712110 seconds
230.687: Application time: 0.0934310 seconds
230.762: [GC [PSYoungGen: 13459K->550K(13824K)] 16796K->3888K(45056K), 0.0004250 secs] [Times: user=0.00 sys=0.00, real=0.00 secs] 
230.764: Total time for which application threads were stopped: 0.0769130 seconds, Stopping threads took: 0.0751700 seconds
230.850: Application time: 0.0858290 seconds
230.903: [GC [PSYoungGen: 12677K->1395K(13824K)] 16015K->5319K(45056K), 0.0010330 secs] [Times: user=0.00 sys=0.00, real=0.00 secs] 
230.904: Total time for which application threads were stopped: 0.0543720 seconds, Stopping threads took: 0.0532480 seconds
231.007: Application time: 0.1029770 seconds
231.084: [GC [PSYoungGen: 13562K->1037K(13824K)] 17485K->4960K(45056K), 0.0006050 secs] [Times: user=0.00 sys=0.00, real=0.00 secs] 
231.085: Total time for which application threads were stopped: 0.0776630 seconds, Stopping threads took: 0.0769680 seconds
231.174: Application time: 0.0893870 seconds
231.219: [GC [PSYoungGen: 13321K->1444K(13824K)] 17244K->6344K(45056K), 0.0009980 secs] [Times: user=0.00 sys=0.00, real=0.00 secs] 
231.220: Total time for which application threads were stopped: 0.0457110 seconds, Stopping threads took: 0.0446180 seconds
231.308: Application time: 0.0877700 seconds
231.381: [GC [PSYoungGen: 13375K->1411K(13824K)] 18275K->6312K(45056K), 0.0007400 secs] [Times: user=0.01 sys=0.00, real=0.00 secs] 
231.381: Total time for which application threads were stopped: 0.0735920 seconds, Stopping threads took: 0.0727820 seconds
231.470: Application time: 0.0884210 seconds
231.536: [GC [PSYoungGen: 13539K->678K(13824K)] 18439K->5578K(45056K), 0.0005410 secs] [Times: user=0.01 sys=0.00, real=0.00 secs] 
231.536: Total time for which application threads were stopped: 0.0666050 seconds, Stopping threads took: 0.0659840 seconds
231.622: Application time: 0.0859920 seconds
231.678: [GC [PSYoungGen: 12883K->1491K(13824K)] 17783K->6978K(45056K), 0.0008760 secs] [Times: user=0.01 sys=0.00, real=0.00 secs] 
231.678: Total time for which application threads were stopped: 0.0561100 seconds, Stopping threads took: 0.0551590 seconds
231.768: Application time: 0.0891350 seconds
231.837: [GC [PSYoungGen: 13618K->1280K(13824K)] 19105K->6766K(45056K), 0.0006140 secs] [Times: user=0.00 sys=0.00, real=0.00 secs] 
231.838: Total time for which application threads were stopped: 0.0700810 seconds, Stopping threads took: 0.0694010 seconds
231.924: Application time: 0.0867720 seconds
231.974: [GC [PSYoungGen: 13555K->1392K(13824K)] 19041K->7269K(45056K), 0.0008040 secs] [Times: user=0.00 sys=0.00, real=0.00 secs] 
231.975: Total time for which application threads were stopped: 0.0501920 seconds, Stopping threads took: 0.0493230 seconds
232.063: Application time: 0.0880390 seconds
232.139: [GC [PSYoungGen: 13430K->742K(13824K)] 19307K->6619K(45056K), 0.0005050 secs] [Times: user=0.01 sys=0.00, real=0.00 secs] 
232.139: Total time for which application threads were stopped: 0.0767810 seconds, Stopping threads took: 0.0761790 seconds
232.226: Application time: 0.0861220 seconds
232.283: [GC [PSYoungGen: 12967K->1527K(13824K)] 18844K->9146K(45056K), 0.0011600 secs] [Times: user=0.01 sys=0.00, real=0.00 secs] 
232.284: Total time for which application threads were stopped: 0.0586710 seconds, Stopping threads took: 0.0574410 seconds
232.382: Application time: 0.0979780 seconds
232.462: [GC [PSYoungGen: 13654K->256K(13824K)] 21273K->7875K(45056K), 0.0004430 secs] [Times: user=0.00 sys=0.00, real=0.00 secs] 
232.462: Total time for which application threads were stopped: 0.0800770 seconds, Stopping threads took: 0.0795650 seconds
232.548: Application time: 0.0854070 seconds
232.594: [GC [PSYoungGen: 12461K->1427K(13824K)] 20080K->9242K(45056K), 0.0007120 secs] [Times: user=0.00 sys=0.00, real=0.00 secs] 
232.594: Total time for which application threads were stopped: 0.0467280 seconds, Stopping threads took: 0.0459520 seconds
232.682: Application time: 0.0875140 seconds
232.753: [GC [PSYoungGen: 13437K->662K(13824K)] 21252K->8493K(45056K), 0.0004910 secs] [Times: user=0.00 sys=0.00, real=0.00 secs] 
232.753: Total time for which application threads were stopped: 0.0714040 seconds, Stopping threads took: 0.0708370 seconds
232.842: Application time: 0.0884040 seconds
232.913: [GC [PSYoungGen: 12926K->906K(13824K)] 20757K->8736K(45056K), 0.0006470 secs] [Times: user=0.00 sys=0.00, real=0.00 secs] 
232.913: Total time for which application threads were stopped: 0.0714600 seconds, Stopping threads took: 0.0707270 seconds
232.998: Application time: 0.0848630 seconds
233.041: [GC [PSYoungGen: 13130K->1264K(13824K)] 20961K->9095K(45056K), 0.0006870 secs] [Times: user=0.01 sys=0.00, real=0.00 secs] 
233.042: Total time for which application threads were stopped: 0.0439980 seconds, Stopping threads took: 0.0432430 seconds
233.123: Application time: 0.0809710 seconds
233.193: [GC [PSYoungGen: 13391K->499K(13824K)] 21222K->8330K(45056K), 0.0004730 secs] [Times: user=0.01 sys=0.00, real=0.00 secs] 
233.193: Total time for which application threads were stopped: 0.0699480 seconds, Stopping threads took: 0.0693890 seconds
233.289: Application time: 0.0959850 seconds
233.358: [GC [PSYoungGen: 12606K->742K(13824K)] 20437K->8597K(45056K), 0.0005760 secs] [Times: user=0.00 sys=0.00, real=0.00 secs] 
233.358: Total time for which application threads were stopped: 0.0693590 seconds, Stopping threads took: 0.0686840 seconds
233.437: Application time: 0.0789730 seconds
233.478: [GC [PSYoungGen: 12869K->1312K(13824K)] 20724K->9972K(45056K), 0.0008910 secs] [Times: user=0.01 sys=0.00, real=0.00 secs] 
233.479: Total time for which application threads were stopped: 0.0416990 seconds, Stopping threads took: 0.0407350 seconds
233.573: Application time: 0.0938240 seconds
233.642: [GC [PSYoungGen: 13537K->1394K(13824K)] 22197K->10054K(45056K), 0.0008540 secs] [Times: user=0.00 sys=0.00, real=0.00 secs] 
233.643: Total time for which application threads were stopped: 0.0702030 seconds, Stopping threads took: 0.0692530 seconds
233.724: Application time: 0.0805420 seconds
233.790: [GC [PSYoungGen: 13501K->563K(13824K)] 22161K->9223K(45056K), 0.0005290 secs] [Times: user=0.00 sys=0.00, real=0.00 secs] 
233.791: Total time for which application threads were stopped: 0.0673350 seconds, Stopping threads took: 0.0667390 seconds
233.869: Application time: 0.0779870 seconds
233.910: [GC [PSYoungGen: 12768K->1490K(13824K)] 21428K->11729K(45056K), 0.0010470 secs] [Times: user=0.01 sys=0.00, real=0.00 secs] 
233.911: Total time for which application threads were stopped: 0.0417460 seconds, Stopping threads took: 0.0406040 seconds
233.992: Application time: 0.0814800 seconds
234.061: [GC [PSYoungGen: 13617K->1101K(13824K)] 23856K->11340K(45056K), 0.0005950 secs] [Times: user=0.00 sys=0.00, real=0.00 secs] 
234.062: Total time for which application threads were stopped: 0.0696400 seconds, Stopping threads took: 0.0689750 seconds
234.144: Application time: 0.0820920 seconds
234.210: [GC [PSYoungGen: 13228K->320K(13824K)] 23467K->10566K(45056K), 0.0004510 secs] [Times: user=0.00 sys=0.00, real=0.00 secs] 
234.210: Total time for which application threads were stopped: 0.0662000 seconds, Stopping threads took: 0.0656870 seconds
234.289: Application time: 0.0789780 seconds
234.329: [GC [PSYoungGen: 12603K->1376K(13824K)] 22850K->12038K(45056K), 0.0007210 secs] [Times: user=0.01 sys=0.00, real=0.00 secs] 
234.329: Total time for which application threads were stopped: 0.0402950 seconds, Stopping threads took: 0.0395080 seconds
234.414: Application time: 0.0845160 seconds
234.479: [GC [PSYoungGen: 13660K->970K(13824K)] 24321K->11631K(45056K), 0.0005680 secs] [Times: user=0.00 sys=0.00, real=0.00 secs] 
234.479: Total time for which application threads were stopped: 0.0653280 seconds, Stopping threads took: 0.0646750 seconds
234.559: Application time: 0.0800730 seconds
234.599: [GC [PSYoungGen: 13077K->1165K(13824K)] 23739K->11826K(45056K), 0.0005940 secs] [Times: user=0.00 sys=0.00, real=0.00 secs] 
234.600: Total time for which application threads were stopped: 0.0406450 seconds, Stopping threads took: 0.0399790 seconds
234.681: Application time: 0.0805010 seconds
234.741: [GC [PSYoungGen: 13390K->1344K(13824K)] 24051K->12209K(45056K), 0.0007380 secs] [Times: user=0.00 sys=0.00, real=0.00 secs] 
234.742: Total time for which application threads were stopped: 0.0613090 seconds, Stopping threads took: 0.0604930 seconds
234.825: Application time: 0.0833390 seconds
234.889: [GC [PSYoungGen: 13471K->774K(13824K)] 24336K->11655K(45056K), 0.0006460 secs] [Times: user=0.01 sys=0.00, real=0.00 secs] 
234.890: Total time for which application threads were stopped: 0.0649590 seconds, Stopping threads took: 0.0642230 seconds
234.970: Application time: 0.0803150 seconds
235.011: [GC [PSYoungGen: 12980K->1376K(13824K)] 23860K->13054K(45056K), 0.0008340 secs] [Times: user=0.01 sys=0.00, real=0.00 secs] 
235.012: Total time for which application threads were stopped: 0.0411910 seconds, Stopping threads took: 0.0402870 seconds
235.101: Application time: 0.0897840 seconds
235.172: [GC [PSYoungGen: 13601K->304K(13824K)] 25279K->11982K(45056K), 0.0004510 secs] [Times: user=0.00 sys=0.00, real=0.00 secs] 
235.172: Total time for which application threads were stopped: 0.0705460 seconds, Stopping threads took: 0.0700310 seconds
235.254: Application time: 0.0816270 seconds
235.311: [GC [PSYoungGen: 12528K->774K(13824K)] 24206K->12452K(45056K), 0.0005600 secs] [Times: user=0.00 sys=0.00, real=0.00 secs] 
235.312: Total time for which application threads were stopped: 0.0580300 seconds, Stopping threads took: 0.0574010 seconds
235.391: Application time: 0.0796100 seconds
235.434: [GC [PSYoungGen: 12999K->1490K(13824K)] 24677K->13957K(45056K), 0.0010200 secs] [Times: user=0.00 sys=0.00, real=0.00 secs] 
235.435: Total time for which application threads were stopped: 0.0433980 seconds, Stopping threads took: 0.0422860 seconds
235.515: Application time: 0.0798790 seconds
235.581: [GC [PSYoungGen: 13597K->1376K(13824K)] 26064K->13843K(45056K), 0.0009640 secs] [Times: user=0.00 sys=0.00, real=0.00 secs] 
235.582: Total time for which application threads were stopped: 0.0672390 seconds, Stopping threads took: 0.0661740 seconds
235.663: Application time: 0.0807370 seconds
235.731: [GC [PSYoungGen: 13605K->563K(13824K)] 26073K->13030K(45056K), 0.0006750 secs] [Times: user=0.01 sys=0.00, real=0.00 secs] 
235.731: Total time for which application threads were stopped: 0.0689440 seconds, Stopping threads took: 0.0681940 seconds
235.828: Application time: 0.0969180 seconds
235.884: [GC [PSYoungGen: 12801K->726K(13824K)] 25268K->13209K(45056K), 0.0005870 secs] [Times: user=0.00 sys=0.00, real=0.00 secs] 
235.886: Total time for which application threads were stopped: 0.0577650 seconds, Stopping threads took: 0.0560370 seconds
235.966: Application time: 0.0795190 seconds
236.003: [GC [PSYoungGen: 12932K->1458K(13824K)] 25415K->15715K(45056K), 0.0012240 secs] [Times: user=0.01 sys=0.00, real=0.00 secs] 
236.004: Total time for which application threads were stopped: 0.0383690 seconds, Stopping threads took: 0.0370520 seconds
236.097: Application time: 0.0933930 seconds
236.167: [GC [PSYoungGen: 13663K->1328K(13824K)] 27920K->15585K(45056K), 0.0006600 secs] [Times: user=0.00 sys=0.00, real=0.00 secs] 
236.168: Total time for which application threads were stopped: 0.0701740 seconds, Stopping threads took: 0.0694160 seconds
236.251: Application time: 0.0832150 seconds
236.319: [GC [PSYoungGen: 13455K->563K(13824K)] 27713K->14820K(45056K), 0.0006990 secs] [Times: user=0.00 sys=0.00, real=0.00 secs] 
236.320: Total time for which application threads were stopped: 0.0693170 seconds, Stopping threads took: 0.0685230 seconds
236.400: Application time: 0.0802650 seconds
236.450: [GC [PSYoungGen: 12690K->1392K(13824K)] 26947K->16243K(45056K), 0.0009030 secs] [Times: user=0.01 sys=0.00, real=0.00 secs] 
236.451: Total time for which application threads were stopped: 0.0503240 seconds, Stopping threads took: 0.0493530 seconds
236.548: Application time: 0.0969050 seconds
236.613: [GC [PSYoungGen: 13519K->1165K(13824K)] 28370K->16024K(45056K), 0.0005890 secs] [Times: user=0.00 sys=0.00, real=0.00 secs] 
236.614: Total time for which application threads were stopped: 0.0660910 seconds, Stopping threads took: 0.0654380 seconds
236.693: Application time: 0.0794080 seconds
236.743: [GC [PSYoungGen: 13390K->1360K(13824K)] 28249K->16423K(45056K), 0.0007360 secs] [Times: user=0.00 sys=0.00, real=0.00 secs] 
236.744: Total time for which application threads were stopped: 0.0507740 seconds, Stopping threads took: 0.0499590 seconds
236.829: Application time: 0.0848530 seconds
236.893: [GC [PSYoungGen: 13565K->742K(13824K)] 28628K->15805K(45056K), 0.0007690 secs] [Times: user=0.00 sys=0.00, real=0.00 secs] 
236.894: Total time for which application threads were stopped: 0.0648340 seconds, Stopping threads took: 0.0639790 seconds
236.973: Application time: 0.0798330 seconds
237.015: [GC [PSYoungGen: 12967K->1117K(13824K)] 28029K->16179K(45056K), 0.0008430 secs] [Times: user=0.00 sys=0.00, real=0.00 secs] 
237.016: Total time for which application threads were stopped: 0.0420410 seconds, Stopping threads took: 0.0411040 seconds
237.095: Application time: 0.0796750 seconds
237.161: [GC [PSYoungGen: 13244K->320K(13824K)] 28306K->15390K(45056K), 0.0008760 secs] [Times: user=0.00 sys=0.00, real=0.00 secs] 
237.162: Total time for which application threads were stopped: 0.0669160 seconds, Stopping threads took: 0.0659610 seconds
237.250: Application time: 0.0878720 seconds
237.310: [GC [PSYoungGen: 12584K->563K(13824K)] 27654K->15633K(45056K), 0.0004510 secs] [Times: user=0.00 sys=0.00, real=0.00 secs] 
237.311: Total time for which application threads were stopped: 0.0608850 seconds, Stopping threads took: 0.0603630 seconds
237.391: Application time: 0.0799880 seconds
237.431: [GC [PSYoungGen: 12768K->1149K(13824K)] 27839K->17001K(45056K), 0.0010400 secs] [Times: user=0.00 sys=0.00, real=0.00 secs] 
237.432: Total time for which application threads were stopped: 0.0413760 seconds, Stopping threads took: 0.0402450 seconds
237.520: Application time: 0.0877000 seconds
237.579: [GC [PSYoungGen: 13354K->1442K(13824K)] 29206K->18075K(45056K), 0.0009280 secs] [Times: user=0.00 sys=0.00, real=0.00 secs] 
237.580: Total time for which application threads were stopped: 0.0597940 seconds, Stopping threads took: 0.0587710 seconds
237.665: Application time: 0.0848560 seconds
237.734: [GC [PSYoungGen: 13725K->336K(13824K)] 30358K->16977K(45056K), 0.0006170 secs] [Times: user=0.00 sys=0.00, real=0.00 secs] 
237.734: Total time for which application threads were stopped: 0.0696600 seconds, Stopping threads took: 0.0689780 seconds
237.813: Application time: 0.0785940 seconds
237.855: [GC [PSYoungGen: 12463K->1344K(13824K)] 29104K->18384K(45056K), 0.0009300 secs] [Times: user=0.01 sys=0.00, real=0.00 secs] 
237.856: Total time for which application threads were stopped: 0.0426900 seconds, Stopping threads took: 0.0416730 seconds
237.936: Application time: 0.0809250 seconds
237.995: [GC [PSYoungGen: 13569K->1376K(13824K)] 30609K->19205K(45056K), 0.0009600 secs] [Times: user=0.00 sys=0.00, real=0.00 secs] 
237.996: Total time for which application threads were stopped: 0.0590630 seconds, Stopping threads took: 0.0580090 seconds
238.079: Application time: 0.0831740 seconds
238.148: [GC [PSYoungGen: 13601K->336K(13824K)] 31430K->18173K(45056K), 0.0004880 secs] [Times: user=0.00 sys=0.00, real=0.01 secs] 
238.149: Total time for which application threads were stopped: 0.0698260 seconds, Stopping threads took: 0.0692460 seconds
238.229: Application time: 0.0805150 seconds
238.283: [GC [PSYoungGen: 12560K->742K(13824K)] 30397K->18595K(45056K), 0.0006540 secs] [Times: user=0.00 sys=0.00, real=0.00 secs] 
238.284: Total time for which application threads were stopped: 0.0545310 seconds, Stopping threads took: 0.0537900 seconds
238.363: Application time: 0.0791650 seconds
238.402: [GC [PSYoungGen: 12869K->1392K(13824K)] 30722K->20027K(45056K), 0.0010210 secs] [Times: user=0.01 sys=0.00, real=0.00 secs] 
238.403: Total time for which application threads were stopped: 0.0403230 seconds, Stopping threads took: 0.0392000 seconds
238.486: Application time: 0.0828400 seconds
238.550: [GC [PSYoungGen: 13597K->1344K(13824K)] 32232K->19978K(45056K), 0.0006990 secs] [Times: user=0.00 sys=0.00, real=0.00 secs] 
238.551: Total time for which application threads were stopped: 0.0649980 seconds, Stopping threads took: 0.0642290 seconds
238.632: Application time: 0.0814130 seconds
238.692: [GC [PSYoungGen: 13471K->563K(13824K)] 32106K->19197K(45056K), 0.0006440 secs] [Times: user=0.00 sys=0.00, real=0.00 secs] 
238.693: Total time for which application threads were stopped: 0.0605450 seconds, Stopping threads took: 0.0598330 seconds
238.771: Application time: 0.0783390 seconds
238.811: [GC [PSYoungGen: 12749K->1392K(13824K)] 31383K->21589K(45056K), 0.0010590 secs] [Times: user=0.01 sys=0.00, real=0.00 secs] 
238.812: Total time for which application threads were stopped: 0.0411610 seconds, Stopping threads took: 0.0400190 seconds
238.909: Application time: 0.0960950 seconds
238.977: [GC [PSYoungGen: 13383K->742K(13824K)] 33579K->20947K(45056K), 0.0007780 secs] [Times: user=0.00 sys=0.00, real=0.00 secs] 
238.978: Total time for which application threads were stopped: 0.0690180 seconds, Stopping threads took: 0.0681670 seconds
239.070: Application time: 0.0927130 seconds
239.122: [GC [PSYoungGen: 12947K->1508K(13824K)] 33152K->22306K(45056K), 0.0011480 secs] [Times: user=0.01 sys=0.00, real=0.00 secs] 
239.123: Total time for which application threads were stopped: 0.0531810 seconds, Stopping threads took: 0.0519370 seconds
239.230: Application time: 0.1063310 seconds
239.283: [GC [PSYoungGen: 13713K->1344K(13824K)] 34512K->22143K(45056K), 0.0006170 secs] [Times: user=0.01 sys=0.00, real=0.00 secs] 
239.284: Total time for which application threads were stopped: 0.0543330 seconds, Stopping threads took: 0.0536480 seconds
239.365: Application time: 0.0807320 seconds
239.427: [GC [PSYoungGen: 13549K->579K(13824K)] 34348K->21394K(45056K), 0.0005070 secs] [Times: user=0.00 sys=0.00, real=0.00 secs] 
239.428: Total time for which application threads were stopped: 0.0629700 seconds, Stopping threads took: 0.0623930 seconds
239.518: Application time: 0.0897060 seconds
239.588: [GC [PSYoungGen: 12608K->742K(13824K)] 33423K->21573K(45056K), 0.0005550 secs] [Times: user=0.00 sys=0.00, real=0.01 secs] 
239.589: Total time for which application threads were stopped: 0.0712960 seconds, Stopping threads took: 0.0706730 seconds
239.668: Application time: 0.0792340 seconds
239.707: [GC [PSYoungGen: 12967K->1490K(13824K)] 33798K->23110K(45056K), 0.0008850 secs] [Times: user=0.01 sys=0.00, real=0.00 secs] 
239.708: Total time for which application threads were stopped: 0.0399180 seconds, Stopping threads took: 0.0389390 seconds
239.807: Application time: 0.0987510 seconds
239.873: [GC [PSYoungGen: 13617K->1458K(13824K)] 35237K->23094K(45056K), 0.0006840 secs] [Times: user=0.01 sys=0.00, real=0.00 secs] 
239.874: Total time for which application threads were stopped: 0.0672240 seconds, Stopping threads took: 0.0664690 seconds
239.956: Application time: 0.0825160 seconds
240.024: [GC [PSYoungGen: 13565K->563K(13824K)] 35201K->22199K(45056K), 0.0005660 secs] [Times: user=0.00 sys=0.00, real=0.00 secs] 
240.024: Total time for which application threads were stopped: 0.0678080 seconds, Stopping threads took: 0.0671530 seconds
240.118: Application time: 0.0939260 seconds
240.159: [GC [PSYoungGen: 12592K->758K(13824K)] 34228K->22394K(45056K), 0.0004810 secs] [Times: user=0.00 sys=0.00, real=0.00 secs] 
240.160: Total time for which application threads were stopped: 0.0413360 seconds, Stopping threads took: 0.0407740 seconds
240.238: Application time: 0.0784580 seconds
240.281: [GC [PSYoungGen: 12671K->742K(13824K)] 34307K->22378K(45056K), 0.0007260 secs] [Times: user=0.00 sys=0.00, real=0.00 secs] 
240.282: Total time for which application threads were stopped: 0.0441390 seconds, Stopping threads took: 0.0433240 seconds
240.362: Application time: 0.0800080 seconds
240.403: [GC [PSYoungGen: 12850K->938K(13824K)] 34486K->22574K(45056K), 0.0007330 secs] [Times: user=0.00 sys=0.00, real=0.00 secs] 
240.404: Total time for which application threads were stopped: 0.0416500 seconds, Stopping threads took: 0.0408360 seconds
240.484: Application time: 0.0805810 seconds
240.524: [GC [PSYoungGen: 13162K->1360K(13824K)] 34798K->22996K(45056K), 0.0006950 secs] [Times: user=0.00 sys=0.00, real=0.00 secs] 
240.525: Total time for which application threads were stopped: 0.0403200 seconds, Stopping threads took: 0.0395300 seconds
240.606: Application time: 0.0816890 seconds
240.671: [GC [PSYoungGen: 13644K->563K(13824K)] 35280K->22207K(45056K), 0.0006810 secs] [Times: user=0.01 sys=0.00, real=0.00 secs] 
240.672: Total time for which application threads were stopped: 0.0653340 seconds, Stopping threads took: 0.0645550 seconds
240.750: Application time: 0.0784560 seconds
240.793: [GC [PSYoungGen: 12670K->1442K(13824K)] 34314K->23477K(45056K), 0.0008930 secs] [Times: user=0.00 sys=0.00, real=0.00 secs] 
240.794: Total time for which application threads were stopped: 0.0436490 seconds, Stopping threads took: 0.0426660 seconds
240.877: Application time: 0.0834990 seconds
240.943: [GC [PSYoungGen: 13354K->742K(13824K)] 35389K->22785K(45056K), 0.0007410 secs] [Times: user=0.00 sys=0.00, real=0.00 secs] 
240.944: Total time for which application threads were stopped: 0.0669870 seconds, Stopping threads took: 0.0653940 seconds
241.024: Application time: 0.0794500 seconds
241.063: [GC [PSYoungGen: 12948K->1392K(13824K)] 34990K->24224K(45056K), 0.0009620 secs] [Times: user=0.00 sys=0.00, real=0.00 secs] 
241.064: Total time for which application threads were stopped: 0.0403320 seconds, Stopping threads took: 0.0392790 seconds
241.144: Application time: 0.0802320 seconds
241.216: [GC [PSYoungGen: 13617K->368K(13824K)] 36449K->23208K(45056K), 0.0006250 secs] [Times: user=0.00 sys=0.00, real=0.01 secs] 
241.217: Total time for which application threads were stopped: 0.0723970 seconds, Stopping threads took: 0.0716960 seconds
241.298: Application time: 0.0809840 seconds
241.338: [GC [PSYoungGen: 12592K->806K(13824K)] 35432K->23654K(45056K), 0.0005080 secs] [Times: user=0.00 sys=0.00, real=0.00 secs] 
241.339: Total time for which application threads were stopped: 0.0408340 seconds, Stopping threads took: 0.0402530 seconds
241.418: Application time: 0.0797350 seconds
241.478: [GC [PSYoungGen: 13039K->1149K(13824K)] 35887K->24005K(45056K), 0.0006470 secs] [Times: user=0.01 sys=0.00, real=0.00 secs] 
241.479: Total time for which application threads were stopped: 0.0601940 seconds, Stopping threads took: 0.0594780 seconds
241.578: Application time: 0.0997330 seconds
241.643: [GC [PSYoungGen: 13344K->336K(13824K)] 36200K->23192K(45056K), 0.0004470 secs] [Times: user=0.00 sys=0.00, real=0.00 secs] 
241.644: Total time for which application threads were stopped: 0.0655280 seconds, Stopping threads took: 0.0650170 seconds
241.723: Application time: 0.0787030 seconds
241.762: [GC [PSYoungGen: 12443K->1524K(13824K)] 35299K->25560K(45056K), 0.0011490 secs] [Times: user=0.01 sys=0.00, real=0.00 secs] 
241.763: Total time for which application threads were stopped: 0.0403220 seconds, Stopping threads took: 0.0390750 seconds
241.857: Application time: 0.0943650 seconds
241.928: [GC [PSYoungGen: 13631K->758K(13824K)] 37667K->24794K(45056K), 0.0005170 secs] [Times: user=0.00 sys=0.00, real=0.01 secs] 
241.929: Total time for which application threads were stopped: 0.0713150 seconds, Stopping threads took: 0.0707250 seconds
242.008: Application time: 0.0792780 seconds
242.051: [GC [PSYoungGen: 12983K->1133K(13824K)] 37019K->25177K(45056K), 0.0006800 secs] [Times: user=0.00 sys=0.00, real=0.00 secs] 
242.051: Total time for which application threads were stopped: 0.0434160 seconds, Stopping threads took: 0.0426560 seconds
242.132: Application time: 0.0806460 seconds
242.200: [GC [PSYoungGen: 13260K->336K(13824K)] 37304K->24380K(45056K), 0.0004310 secs] [Times: user=0.00 sys=0.00, real=0.00 secs] 
242.200: Total time for which application threads were stopped: 0.0681860 seconds, Stopping threads took: 0.0676910 seconds
242.280: Application time: 0.0803280 seconds
242.321: [GC [PSYoungGen: 12482K->336K(13824K)] 36526K->24388K(45056K), 0.0004290 secs] [Times: user=0.00 sys=0.00, real=0.00 secs] 
242.322: Total time for which application threads were stopped: 0.0413380 seconds, Stopping threads took: 0.0408350 seconds
242.404: Application time: 0.0820040 seconds
242.461: [GC [PSYoungGen: 12443K->563K(13824K)] 36495K->24623K(45056K), 0.0005030 secs] [Times: user=0.00 sys=0.00, real=0.00 secs] 
242.461: Total time for which application threads were stopped: 0.0576180 seconds, Stopping threads took: 0.0570260 seconds
242.539: Application time: 0.0780670 seconds
242.579: [GC [PSYoungGen: 12690K->1149K(13824K)] 36750K->25990K(45056K), 0.0008810 secs] [Times: user=0.00 sys=0.00, real=0.00 secs] 
242.580: Total time for which application threads were stopped: 0.0405840 seconds, Stopping threads took: 0.0396300 seconds
242.659: Application time: 0.0786240 seconds
242.727: [GC [PSYoungGen: 13374K->1392K(13824K)] 38215K->27226K(45056K), 0.0011330 secs] [Times: user=0.00 sys=0.00, real=0.00 secs] 
242.728: Total time for which application threads were stopped: 0.0692240 seconds, Stopping threads took: 0.0680210 seconds
242.824: Application time: 0.0959140 seconds
242.891: [GC [PSYoungGen: 13519K->1165K(13824K)] 39353K->27397K(45056K), 0.0007630 secs] [Times: user=0.01 sys=0.00, real=0.00 secs] 
242.892: Total time for which application threads were stopped: 0.0682220 seconds, Stopping threads took: 0.0673830 seconds
242.972: Application time: 0.0798160 seconds
243.038: [GC [PSYoungGen: 13292K->774K(13824K)] 39524K->27023K(45056K), 0.0006980 secs] [Times: user=0.00 sys=0.00, real=0.00 secs] 
243.039: Total time for which application threads were stopped: 0.0672370 seconds, Stopping threads took: 0.0664530 seconds
243.119: Application time: 0.0798980 seconds
243.158: [GC [PSYoungGen: 12999K->1133K(13824K)] 39248K->27397K(45056K), 0.0007450 secs] [Times: user=0.01 sys=0.00, real=0.00 secs] 
243.159: Total time for which application threads were stopped: 0.0402890 seconds, Stopping threads took: 0.0394600 seconds
243.240: Application time: 0.0806550 seconds
243.303: [GC [PSYoungGen: 13260K->368K(13824K)] 39524K->26632K(45056K), 0.0005560 secs] [Times: user=0.00 sys=0.00, real=0.00 secs] 
243.303: Total time for which application threads were stopped: 0.0634860 seconds, Stopping threads took: 0.0628620 seconds
243.397: Application time: 0.0938620 seconds
243.461: [GC [PSYoungGen: 12554K->579K(13824K)] 38818K->26843K(45056K), 0.0007870 secs] [Times: user=0.00 sys=0.00, real=0.00 secs] 
243.462: Total time for which application threads were stopped: 0.0645090 seconds, Stopping threads took: 0.0636270 seconds
243.540: Application time: 0.0785120 seconds
243.580: [GC [PSYoungGen: 12784K->1458K(13824K)] 39049K->29285K(45056K), 0.0011720 secs] [Times: user=0.01 sys=0.00, real=0.00 secs] 
243.581: Total time for which application threads were stopped: 0.0406730 seconds, Stopping threads took: 0.0394110 seconds
243.685: Application time: 0.1044440 seconds
243.752: [GC [PSYoungGen: 13741K->1149K(13824K)] 41568K->28984K(45056K), 0.0006090 secs] [Times: user=0.00 sys=0.00, real=0.00 secs] 
243.753: Total time for which application threads were stopped: 0.0676480 seconds, Stopping threads took: 0.0669730 seconds
243.833: Application time: 0.0796560 seconds
243.901: [GC [PSYoungGen: 13374K->1344K(13824K)] 41209K->29391K(45056K), 0.0009410 secs] [Times: user=0.00 sys=0.00, real=0.00 secs] 
243.902: Total time for which application threads were stopped: 0.0694550 seconds, Stopping threads took: 0.0684160 seconds
243.985: Application time: 0.0825950 seconds
244.043: [GC [PSYoungGen: 13628K->790K(13824K)] 41674K->28845K(45056K), 0.0006120 secs] [Times: user=0.01 sys=0.00, real=0.00 secs] 
244.044: Total time for which application threads were stopped: 0.0589180 seconds, Stopping threads took: 0.0582090 seconds
244.125: Application time: 0.0812860 seconds
244.190: [GC [PSYoungGen: 12898K->938K(13824K)] 40952K->28992K(45056K), 0.0005650 secs] [Times: user=0.00 sys=0.00, real=0.00 secs] 
244.191: Total time for which application threads were stopped: 0.0660010 seconds, Stopping threads took: 0.0653670 seconds
244.270: Application time: 0.0786970 seconds
244.312: [GC [PSYoungGen: 13162K->1328K(13824K)] 41217K->29383K(45056K), 0.0006180 secs] [Times: user=0.00 sys=0.00, real=0.00 secs] 
244.312: Total time for which application threads were stopped: 0.0424930 seconds, Stopping threads took: 0.0418060 seconds
244.395: Application time: 0.0832160 seconds
244.450: [GC [PSYoungGen: 13553K->1376K(13824K)] 41607K->29837K(45056K), 0.0008490 secs] [Times: user=0.00 sys=0.00, real=0.00 secs] 
244.451: Total time for which application threads were stopped: 0.0551020 seconds, Stopping threads took: 0.0541800 seconds
244.533: Application time: 0.0825610 seconds
244.597: [GC [PSYoungGen: 13503K->954K(13824K)] 41964K->29423K(45056K), 0.0006460 secs] [Times: user=0.01 sys=0.00, real=0.00 secs] 
244.598: Total time for which application threads were stopped: 0.0645190 seconds, Stopping threads took: 0.0637850 seconds
244.677: Application time: 0.0789500 seconds
244.719: [GC [PSYoungGen: 13178K->1360K(13824K)] 41647K->29829K(45056K), 0.0008910 secs] [Times: user=0.00 sys=0.00, real=0.00 secs] 
244.720: Total time for which application threads were stopped: 0.0432250 seconds, Stopping threads took: 0.0422430 seconds
244.801: Application time: 0.0813510 seconds
244.866: [GC [PSYoungGen: 13487K->499K(13824K)] 41956K->28968K(45056K), 0.0007070 secs] [Times: user=0.00 sys=0.00, real=0.00 secs] 
244.867: Total time for which application threads were stopped: 0.0655980 seconds, Stopping threads took: 0.0648000 seconds
244.945: Application time: 0.0785320 seconds
244.989: [GC [PSYoungGen: 12763K->1524K(13824K)] 41232K->31368K(45056K), 0.0010820 secs] [Times: user=0.01 sys=0.00, real=0.00 secs] 
244.990: [Full GC [PSYoungGen: 1524K->0K(13824K)] [ParOldGen: 29844K->4319K(31232K)] 31368K->4319K(45056K) [PSPermGen: 5149K->5149K(21504K)], 0.0041590 secs] [Times: user=0.01 sys=0.00, real=0.00 secs] 
244.994: Total time for which application threads were stopped: 0.0487170 seconds, Stopping threads took: 0.0433350 seconds
245.097: Application time: 0.1028220 seconds
245.165: [GC [PSYoungGen: 12224K->973K(13824K)] 16543K->5292K(45056K), 0.0005500 secs] [Times: user=0.00 sys=0.00, real=0.00 secs] 
245.165: Total time for which application threads were stopped: 0.0686460 seconds, Stopping threads took: 0.0680240 seconds
245.248: Application time: 0.0823560 seconds
245.299: [GC [PSYoungGen: 13198K->1461K(13824K)] 17517K->6757K(45056K), 0.0010650 secs] [Times: user=0.01 sys=0.00, real=0.00 secs] 
245.300: Total time for which application threads were stopped: 0.0518620 seconds, Stopping threads took: 0.0507250 seconds
245.381: Application time: 0.0810840 seconds
245.449: [GC [PSYoungGen: 13744K->614K(13824K)] 19040K->5910K(45056K), 0.0006620 secs] [Times: user=0.00 sys=0.00, real=0.00 secs] 
245.450: Total time for which application threads were stopped: 0.0693110 seconds, Stopping threads took: 0.0685580 seconds
245.538: Application time: 0.0876040 seconds
245.588: [GC [PSYoungGen: 12898K->1427K(13824K)] 18193K->7309K(45056K), 0.0007410 secs] [Times: user=0.00 sys=0.00, real=0.00 secs] 
245.589: Total time for which application threads were stopped: 0.0514920 seconds, Stopping threads took: 0.0506870 seconds
245.686: Application time: 0.0968880 seconds
245.755: [GC [PSYoungGen: 13633K->1248K(13824K)] 19514K->7130K(45056K), 0.0006820 secs] [Times: user=0.01 sys=0.00, real=0.00 secs] 
245.756: Total time for which application threads were stopped: 0.0697560 seconds, Stopping threads took: 0.0689650 seconds
245.840: Application time: 0.0844200 seconds
245.896: [GC [PSYoungGen: 13375K->467K(13824K)] 19257K->6348K(45056K), 0.0004010 secs] [Times: user=0.00 sys=0.00, real=0.00 secs] 
245.896: Total time for which application threads were stopped: 0.0557510 seconds, Stopping threads took: 0.0552870 seconds
245.983: Application time: 0.0869990 seconds
246.052: [GC [PSYoungGen: 12496K->646K(13824K)] 18378K->6528K(45056K), 0.0004850 secs] [Times: user=0.00 sys=0.00, real=0.00 secs] 
246.055: Total time for which application threads were stopped: 0.0720580 seconds, Stopping threads took: 0.0692100 seconds
246.134: Application time: 0.0792500 seconds
246.173: [GC [PSYoungGen: 12871K->1053K(13824K)] 18753K->6934K(45056K), 0.0005940 secs] [Times: user=0.00 sys=0.00, real=0.00 secs] 
246.173: Total time for which application threads were stopped: 0.0388100 seconds, Stopping threads took: 0.0381230 seconds
246.255: Application time: 0.0815490 seconds
246.295: [GC [PSYoungGen: 13278K->1475K(13824K)] 19159K->7357K(45056K), 0.0006920 secs] [Times: user=0.00 sys=0.00, real=0.00 secs] 
246.295: Total time for which application threads were stopped: 0.0406100 seconds, Stopping threads took: 0.0398210 seconds
246.381: Application time: 0.0854510 seconds
246.443: [GC [PSYoungGen: 13603K->646K(13824K)] 19484K->6528K(45056K), 0.0007160 secs] [Times: user=0.01 sys=0.00, real=0.00 secs] 
246.444: Total time for which application threads were stopped: 0.0634150 seconds, Stopping threads took: 0.0626140 seconds
246.524: Application time: 0.0795020 seconds
246.563: [GC [PSYoungGen: 12871K->1085K(13824K)] 18753K->6966K(45056K), 0.0005720 secs] [Times: user=0.01 sys=0.00, real=0.00 secs] 
246.564: Total time for which application threads were stopped: 0.0401180 seconds, Stopping threads took: 0.0394560 seconds
246.646: Application time: 0.0823290 seconds
246.713: [GC [PSYoungGen: 13369K->320K(13824K)] 19250K->6201K(45056K), 0.0005860 secs] [Times: user=0.01 sys=0.00, real=0.00 secs] 
246.713: Total time for which application threads were stopped: 0.0672040 seconds, Stopping threads took: 0.0665470 seconds
246.801: Application time: 0.0879880 seconds
246.854: [GC [PSYoungGen: 12427K->1426K(13824K)] 18309K->7503K(45056K), 0.0007420 secs] [Times: user=0.00 sys=0.00, real=0.00 secs] 
246.855: Total time for which application threads were stopped: 0.0534310 seconds, Stopping threads took: 0.0525920 seconds
246.955: Application time: 0.1006260 seconds
247.018: [GC [PSYoungGen: 13612K->774K(13824K)] 19689K->6851K(45056K), 0.0004580 secs] [Times: user=0.00 sys=0.00, real=0.00 secs] 
247.019: Total time for which application threads were stopped: 0.0632080 seconds, Stopping threads took: 0.0626920 seconds
247.098: Application time: 0.0788970 seconds
247.141: [GC [PSYoungGen: 12765K->758K(13824K)] 18842K->6835K(45056K), 0.0005770 secs] [Times: user=0.00 sys=0.00, real=0.00 secs] 
247.142: Total time for which application threads were stopped: 0.0442210 seconds, Stopping threads took: 0.0435800 seconds
247.221: Application time: 0.0792460 seconds
247.281: [GC [PSYoungGen: 12983K->1165K(13824K)] 19060K->7266K(45056K), 0.0006190 secs] [Times: user=0.00 sys=0.00, real=0.00 secs] 
247.282: Total time for which application threads were stopped: 0.0605330 seconds, Stopping threads took: 0.0598450 seconds
247.361: Application time: 0.0790050 seconds
247.415: [GC [PSYoungGen: 13390K->1474K(13824K)] 19490K->8747K(45056K), 0.0009650 secs] [Times: user=0.00 sys=0.00, real=0.00 secs] 
247.416: Total time for which application threads were stopped: 0.0556830 seconds, Stopping threads took: 0.0546380 seconds
247.499: Application time: 0.0825230 seconds
247.563: [GC [PSYoungGen: 13679K->1426K(13824K)] 20952K->9113K(45056K), 0.0007980 secs] [Times: user=0.01 sys=0.00, real=0.00 secs] 
247.564: Total time for which application threads were stopped: 0.0647780 seconds, Stopping threads took: 0.0639090 seconds
247.645: Application time: 0.0814360 seconds
247.694: [GC [PSYoungGen: 13651K->1197K(13824K)] 21338K->8908K(45056K), 0.0007930 secs] [Times: user=0.00 sys=0.00, real=0.00 secs] 
247.695: Total time for which application threads were stopped: 0.0497600 seconds, Stopping threads took: 0.0488910 seconds
247.774: Application time: 0.0792690 seconds
247.824: [GC [PSYoungGen: 13422K->1344K(13824K)] 21133K->9267K(45056K), 0.0007250 secs] [Times: user=0.00 sys=0.00, real=0.00 secs] 
247.825: Total time for which application threads were stopped: 0.0512070 seconds, Stopping threads took: 0.0504200 seconds
247.907: Application time: 0.0820380 seconds
247.974: [GC [PSYoungGen: 13471K->742K(13824K)] 21394K->8665K(45056K), 0.0004840 secs] [Times: user=0.00 sys=0.00, real=0.00 secs] 
247.974: Total time for which application threads were stopped: 0.0670850 seconds, Stopping threads took: 0.0665290 seconds
248.053: Application time: 0.0784830 seconds
248.093: [GC [PSYoungGen: 12967K->1117K(13824K)] 20890K->9040K(45056K), 0.0006130 secs] [Times: user=0.00 sys=0.00, real=0.00 secs] 
248.093: Total time for which application threads were stopped: 0.0405530 seconds, Stopping threads took: 0.0398500 seconds
248.173: Application time: 0.0795730 seconds
248.211: [GC [PSYoungGen: 13224K->1524K(13824K)] 21147K->11432K(45056K), 0.0014230 secs] [Times: user=0.01 sys=0.00, real=0.00 secs] 
248.212: Total time for which application threads were stopped: 0.0390740 seconds, Stopping threads took: 0.0375600 seconds
248.296: Application time: 0.0836320 seconds
248.367: [GC [PSYoungGen: 13807K->547K(13824K)] 23715K->10455K(45056K), 0.0006170 secs] [Times: user=0.00 sys=0.00, real=0.00 secs] 
248.367: Total time for which application threads were stopped: 0.0717540 seconds, Stopping threads took: 0.0710500 seconds
248.447: Application time: 0.0799560 seconds
248.518: [GC [PSYoungGen: 12733K->726K(13824K)] 22641K->10634K(45056K), 0.0005320 secs] [Times: user=0.00 sys=0.00, real=0.00 secs] 
248.518: Total time for which application threads were stopped: 0.0706760 seconds, Stopping threads took: 0.0700580 seconds
248.598: Application time: 0.0797910 seconds
248.637: [GC [PSYoungGen: 12639K->694K(13824K)] 22547K->10602K(45056K), 0.0007720 secs] [Times: user=0.00 sys=0.00, real=0.00 secs] 
248.638: Total time for which application threads were stopped: 0.0401710 seconds, Stopping threads took: 0.0393070 seconds
248.719: Application time: 0.0806290 seconds
248.759: [GC [PSYoungGen: 12900K->1508K(13824K)] 22808K->12018K(45056K), 0.0010440 secs] [Times: user=0.01 sys=0.00, real=0.00 secs] 
248.760: Total time for which application threads were stopped: 0.0411770 seconds, Stopping threads took: 0.0400420 seconds
248.859: Application time: 0.0994590 seconds
248.930: [GC [PSYoungGen: 13732K->1394K(13824K)] 24242K->11912K(45056K), 0.0007090 secs] [Times: user=0.01 sys=0.00, real=0.00 secs] 
248.931: Total time for which application threads were stopped: 0.0717210 seconds, Stopping threads took: 0.0709180 seconds
249.015: Application time: 0.0843180 seconds
249.082: [GC [PSYoungGen: 13502K->547K(13824K)] 24020K->11073K(45056K), 0.0005900 secs] [Times: user=0.00 sys=0.00, real=0.00 secs] 
249.083: Total time for which application threads were stopped: 0.0672430 seconds, Stopping threads took: 0.0665600 seconds
249.162: Application time: 0.0798330 seconds
249.216: [GC [PSYoungGen: 12674K->1524K(13824K)] 23200K->12448K(45056K), 0.0010060 secs] [Times: user=0.00 sys=0.00, real=0.01 secs] 
249.217: Total time for which application threads were stopped: 0.0545200 seconds, Stopping threads took: 0.0534240 seconds
249.300: Application time: 0.0827860 seconds
249.364: [GC [PSYoungGen: 13651K->1149K(13824K)] 24575K->12074K(45056K), 0.0006470 secs] [Times: user=0.01 sys=0.00, real=0.00 secs] 
249.365: Total time for which application threads were stopped: 0.0650150 seconds, Stopping threads took: 0.0642770 seconds
249.448: Application time: 0.0830260 seconds
249.503: [GC [PSYoungGen: 13276K->320K(13824K)] 24201K->11244K(45056K), 0.0004560 secs] [Times: user=0.00 sys=0.00, real=0.00 secs] 
249.503: Total time for which application threads were stopped: 0.0551620 seconds, Stopping threads took: 0.0546110 seconds
249.584: Application time: 0.0806430 seconds
249.636: [GC [PSYoungGen: 12427K->531K(13824K)] 23352K->11464K(45056K), 0.0007660 secs] [Times: user=0.00 sys=0.00, real=0.01 secs] 
249.637: Total time for which application threads were stopped: 0.0533200 seconds, Stopping threads took: 0.0524550 seconds
249.717: Application time: 0.0797950 seconds
249.756: [GC [PSYoungGen: 12560K->742K(13824K)] 23493K->11675K(45056K), 0.0007430 secs] [Times: user=0.00 sys=0.00, real=0.00 secs] 
249.757: Total time for which application threads were stopped: 0.0404210 seconds, Stopping threads took: 0.0396130 seconds
249.852: Application time: 0.0947420 seconds
249.923: [GC [PSYoungGen: 12733K->742K(13824K)] 23666K->11675K(45056K), 0.0007890 secs] [Times: user=0.00 sys=0.00, real=0.00 secs] 
249.924: Total time for which application threads were stopped: 0.0716230 seconds, Stopping threads took: 0.0707490 seconds
250.003: Application time: 0.0795620 seconds
250.052: [GC [PSYoungGen: 12850K->1490K(13824K)] 23783K->13009K(45056K), 0.0008950 secs] [Times: user=0.00 sys=0.00, real=0.00 secs] 
250.053: Total time for which application threads were stopped: 0.0501550 seconds, Stopping threads took: 0.0491870 seconds
250.146: Application time: 0.0923870 seconds
250.217: [GC [PSYoungGen: 13597K->1149K(13824K)] 25116K->12668K(45056K), 0.0006440 secs] [Times: user=0.01 sys=0.00, real=0.00 secs] 
250.218: Total time for which application threads were stopped: 0.0723000 seconds, Stopping threads took: 0.0715820 seconds
250.300: Application time: 0.0815790 seconds
250.363: [GC [PSYoungGen: 13354K->320K(13824K)] 24873K->11846K(45056K), 0.0004740 secs] [Times: user=0.00 sys=0.00, real=0.00 secs] 
250.364: Total time for which application threads were stopped: 0.0642480 seconds, Stopping threads took: 0.0637070 seconds
250.444: Application time: 0.0806320 seconds
250.494: [GC [PSYoungGen: 12427K->531K(13824K)] 23954K->12066K(45056K), 0.0004810 secs] [Times: user=0.00 sys=0.00, real=0.00 secs] 
250.494: Total time for which application threads were stopped: 0.0498050 seconds, Stopping threads took: 0.0492590 seconds
250.574: Application time: 0.0792610 seconds
250.614: [GC [PSYoungGen: 12560K->1458K(13824K)] 24095K->13391K(45056K), 0.0008370 secs] [Times: user=0.00 sys=0.00, real=0.00 secs] 
250.615: Total time for which application threads were stopped: 0.0411920 seconds, Stopping threads took: 0.0402640 seconds
250.695: Application time: 0.0798780 seconds
250.761: [GC [PSYoungGen: 13370K->758K(13824K)] 25303K->12708K(45056K), 0.0005300 secs] [Times: user=0.00 sys=0.00, real=0.00 secs] 
250.762: Total time for which application threads were stopped: 0.0672330 seconds, Stopping threads took: 0.0666310 seconds
250.841: Application time: 0.0790850 seconds
250.881: [GC [PSYoungGen: 12983K->1408K(13824K)] 24932K->15319K(45056K), 0.0012120 secs] [Times: user=0.00 sys=0.00, real=0.00 secs] 
250.883: Total time for which application threads were stopped: 0.0417440 seconds, Stopping threads took: 0.0404690 seconds
250.962: Application time: 0.0789720 seconds
251.035: [GC [PSYoungGen: 13633K->1360K(13824K)] 27543K->15466K(45056K), 0.0006870 secs] [Times: user=0.00 sys=0.00, real=0.00 secs] 
251.035: Total time for which application threads were stopped: 0.0737760 seconds, Stopping threads took: 0.0730210 seconds
251.123: Application time: 0.0880600 seconds
251.182: [GC [PSYoungGen: 13585K->1524K(13824K)] 27691K->16036K(45056K), 0.0008260 secs] [Times: user=0.00 sys=0.00, real=0.00 secs] 
251.183: Total time for which application threads were stopped: 0.0596810 seconds, Stopping threads took: 0.0579960 seconds
251.263: Application time: 0.0797260 seconds
251.328: [GC [PSYoungGen: 13729K->1149K(13824K)] 28241K->15661K(45056K), 0.0008580 secs] [Times: user=0.00 sys=0.00, real=0.01 secs] 
251.329: Total time for which application threads were stopped: 0.0656230 seconds, Stopping threads took: 0.0646590 seconds
251.408: Application time: 0.0797210 seconds
251.465: [GC [PSYoungGen: 13354K->304K(13824K)] 27867K->14816K(45056K), 0.0006890 secs] [Times: user=0.00 sys=0.00, real=0.00 secs] 
251.466: Total time for which application threads were stopped: 0.0578910 seconds, Stopping threads took: 0.0571150 seconds
251.545: Application time: 0.0784320 seconds
251.590: [GC [PSYoungGen: 12489K->547K(13824K)] 27002K->15059K(45056K), 0.0007160 secs] [Times: user=0.00 sys=0.00, real=0.00 secs] 
251.591: Total time for which application threads were stopped: 0.0459960 seconds, Stopping threads took: 0.0451960 seconds
251.679: Application time: 0.0887630 seconds
251.752: [GC [PSYoungGen: 12655K->742K(13824K)] 27167K->15263K(45056K), 0.0005260 secs] [Times: user=0.00 sys=0.00, real=0.00 secs] 
251.752: Total time for which application threads were stopped: 0.0730510 seconds, Stopping threads took: 0.0724540 seconds
251.831: Application time: 0.0784350 seconds
251.871: [GC [PSYoungGen: 12654K->790K(13824K)] 27175K->15311K(45056K), 0.0005980 secs] [Times: user=0.00 sys=0.00, real=0.00 secs] 
251.872: Total time for which application threads were stopped: 0.0410720 seconds, Stopping threads took: 0.0403950 seconds
251.954: Application time: 0.0822840 seconds
252.005: [GC [PSYoungGen: 12917K->1376K(13824K)] 27438K->16686K(45056K), 0.0008630 secs] [Times: user=0.00 sys=0.00, real=0.00 secs] 
252.006: Total time for which application threads were stopped: 0.0516300 seconds, Stopping threads took: 0.0506740 seconds
252.106: Application time: 0.0997000 seconds
252.165: [GC [PSYoungGen: 13581K->1344K(13824K)] 28891K->16662K(45056K), 0.0006980 secs] [Times: user=0.00 sys=0.00, real=0.00 secs] 
252.166: Total time for which application threads were stopped: 0.0603160 seconds, Stopping threads took: 0.0595520 seconds
252.248: Application time: 0.0823260 seconds
252.303: [GC [PSYoungGen: 13549K->547K(13824K)] 28867K->15873K(45056K), 0.0004940 secs] [Times: user=0.00 sys=0.00, real=0.00 secs] 
252.304: Total time for which application threads were stopped: 0.0555240 seconds, Stopping threads took: 0.0549630 seconds
252.389: Application time: 0.0856180 seconds
252.444: [GC [PSYoungGen: 12576K->758K(13824K)] 27902K->16092K(45056K), 0.0005990 secs] [Times: user=0.00 sys=0.00, real=0.00 secs] 
252.444: Total time for which application threads were stopped: 0.0550270 seconds, Stopping threads took: 0.0543550 seconds
252.524: Application time: 0.0798160 seconds
252.564: [GC [PSYoungGen: 12885K->1392K(13824K)] 28219K->17523K(45056K), 0.0008580 secs] [Times: user=0.01 sys=0.00, real=0.00 secs] 
252.565: Total time for which application threads were stopped: 0.0411120 seconds, Stopping threads took: 0.0401840 seconds
252.647: Application time: 0.0813720 seconds
252.720: [GC [PSYoungGen: 13617K->368K(13824K)] 29748K->16499K(45056K), 0.0005080 secs] [Times: user=0.00 sys=0.01, real=0.00 secs] 
252.721: Total time for which application threads were stopped: 0.0741520 seconds, Stopping threads took: 0.0735760 seconds
252.818: Application time: 0.0973710 seconds
252.887: [GC [PSYoungGen: 12554K->547K(13824K)] 28685K->16694K(45056K), 0.0006080 secs] [Times: user=0.00 sys=0.00, real=0.00 secs] 
252.887: Total time for which application threads were stopped: 0.0689520 seconds, Stopping threads took: 0.0682760 seconds
252.968: Application time: 0.0809790 seconds
253.006: [GC [PSYoungGen: 12674K->1458K(13824K)] 28821K->19168K(45056K), 0.0012500 secs] [Times: user=0.01 sys=0.00, real=0.00 secs] 
253.007: Total time for which application threads were stopped: 0.0389620 seconds, Stopping threads took: 0.0376260 seconds
253.092: Application time: 0.0851390 seconds
253.163: [GC [PSYoungGen: 13565K->1376K(13824K)] 31275K->19867K(45056K), 0.0010910 secs] [Times: user=0.01 sys=0.00, real=0.00 secs] 
253.164: Total time for which application threads were stopped: 0.0718540 seconds, Stopping threads took: 0.0706670 seconds
253.253: Application time: 0.0890690 seconds
253.316: [GC [PSYoungGen: 13581K->1392K(13824K)] 32072K->19883K(45056K), 0.0007960 secs] [Times: user=0.01 sys=0.00, real=0.01 secs] 
253.317: Total time for which application threads were stopped: 0.0637780 seconds, Stopping threads took: 0.0629010 seconds
253.406: Application time: 0.0886200 seconds
253.478: [GC [PSYoungGen: 13597K->547K(13824K)] 32089K->19046K(45056K), 0.0006170 secs] [Times: user=0.00 sys=0.01, real=0.00 secs] 
253.479: Total time for which application threads were stopped: 0.0735040 seconds, Stopping threads took: 0.0728180 seconds
253.565: Application time: 0.0860290 seconds
253.608: [GC [PSYoungGen: 12674K->1149K(13824K)] 31173K->20437K(45056K), 0.0007800 secs] [Times: user=0.00 sys=0.00, real=0.01 secs] 
253.609: Total time for which application threads were stopped: 0.0436760 seconds, Stopping threads took: 0.0428170 seconds
253.711: Application time: 0.1025500 seconds
253.792: [GC [PSYoungGen: 13432K->1117K(13824K)] 32721K->20413K(45056K), 0.0006370 secs] [Times: user=0.00 sys=0.00, real=0.00 secs] 
253.793: Total time for which application threads were stopped: 0.0817010 seconds, Stopping threads took: 0.0809930 seconds
253.881: Application time: 0.0881340 seconds
253.940: [GC [PSYoungGen: 13322K->352K(13824K)] 32618K->19664K(45056K), 0.0005380 secs] [Times: user=0.00 sys=0.00, real=0.00 secs] 
253.941: Total time for which application threads were stopped: 0.0597820 seconds, Stopping threads took: 0.0591700 seconds
254.028: Application time: 0.0867900 seconds
254.071: [GC [PSYoungGen: 12576K->742K(13824K)] 31889K->20071K(45056K), 0.0005570 secs] [Times: user=0.00 sys=0.00, real=0.00 secs] 
254.072: Total time for which application threads were stopped: 0.0440720 seconds, Stopping threads took: 0.0434480 seconds
254.159: Application time: 0.0869800 seconds
254.204: [GC [PSYoungGen: 12967K->1197K(13824K)] 32295K->20525K(45056K), 0.0005990 secs] [Times: user=0.00 sys=0.00, real=0.00 secs] 
254.204: Total time for which application threads were stopped: 0.0455110 seconds, Stopping threads took: 0.0448330 seconds
254.303: Application time: 0.0981890 seconds
254.361: [GC [PSYoungGen: 13128K->1524K(13824K)] 32457K->21649K(45056K), 0.0008860 secs] [Times: user=0.01 sys=0.00, real=0.00 secs] 
254.362: Total time for which application threads were stopped: 0.0592450 seconds, Stopping threads took: 0.0582890 seconds
254.465: Application time: 0.1036420 seconds
254.527: [GC [PSYoungGen: 13514K->1524K(13824K)] 33639K->22439K(45056K), 0.0009240 secs] [Times: user=0.00 sys=0.00, real=0.00 secs] 
254.528: Total time for which application threads were stopped: 0.0628900 seconds, Stopping threads took: 0.0618950 seconds
254.618: Application time: 0.0897520 seconds
254.697: [GC [PSYoungGen: 13748K->563K(13824K)] 34663K->21478K(45056K), 0.0005560 secs] [Times: user=0.00 sys=0.00, real=0.00 secs] 
254.697: Total time for which application threads were stopped: 0.0793930 seconds, Stopping threads took: 0.0787640 seconds
254.784: Application time: 0.0861300 seconds
254.830: [GC [PSYoungGen: 12768K->1360K(13824K)] 33683K->22861K(45056K), 0.0008280 secs] [Times: user=0.00 sys=0.00, real=0.00 secs] 
254.831: Total time for which application threads were stopped: 0.0472840 seconds, Stopping threads took: 0.0463590 seconds
254.933: Application time: 0.1021890 seconds
255.004: [GC [PSYoungGen: 13565K->1181K(13824K)] 35066K->22682K(45056K), 0.0009190 secs] [Times: user=0.00 sys=0.00, real=0.00 secs] 
255.005: Total time for which application threads were stopped: 0.0723880 seconds, Stopping threads took: 0.0713810 seconds
255.092: Application time: 0.0869660 seconds
255.147: [GC [PSYoungGen: 13386K->1442K(13824K)] 34887K->22951K(45056K), 0.0008820 secs] [Times: user=0.01 sys=0.00, real=0.00 secs] 
255.147: Total time for which application threads were stopped: 0.0550210 seconds, Stopping threads took: 0.0540450 seconds
255.236: Application time: 0.0881150 seconds
255.311: [GC [PSYoungGen: 13667K->758K(13824K)] 35176K->22267K(45056K), 0.0007190 secs] [Times: user=0.00 sys=0.00, real=0.00 secs] 
255.312: Total time for which application threads were stopped: 0.0759470 seconds, Stopping threads took: 0.0751350 seconds
255.398: Application time: 0.0868340 seconds
255.447: [GC [PSYoungGen: 13033K->1181K(13824K)] 34542K->22698K(45056K), 0.0007110 secs] [Times: user=0.01 sys=0.00, real=0.00 secs] 
255.447: Total time for which application threads were stopped: 0.0489640 seconds, Stopping threads took: 0.0481520 seconds
255.534: Application time: 0.0866800 seconds
255.577: [GC [PSYoungGen: 13297K->1376K(13824K)] 34814K->23878K(45056K), 0.0010840 secs] [Times: user=0.00 sys=0.00, real=0.00 secs] 
255.578: Total time for which application threads were stopped: 0.0440530 seconds, Stopping threads took: 0.0428760 seconds
255.675: Application time: 0.0966390 seconds
255.756: [GC [PSYoungGen: 13601K->579K(13824K)] 36102K->23088K(45056K), 0.0005180 secs] [Times: user=0.00 sys=0.00, real=0.00 secs] 
255.756: Total time for which application threads were stopped: 0.0814470 seconds, Stopping threads took: 0.0808580 seconds
255.843: Application time: 0.0866660 seconds
255.889: [GC [PSYoungGen: 12608K->742K(13824K)] 35118K->23252K(45056K), 0.0005670 secs] [Times: user=0.00 sys=0.00, real=0.00 secs] 
255.889: Total time for which application threads were stopped: 0.0463360 seconds, Stopping threads took: 0.0457020 seconds
255.973: Application time: 0.0841770 seconds
256.017: [GC [PSYoungGen: 12947K->1458K(13824K)] 35457K->25733K(45056K), 0.0012770 secs] [Times: user=0.01 sys=0.00, real=0.00 secs] 
256.018: Total time for which application threads were stopped: 0.0444830 seconds, Stopping threads took: 0.0430990 seconds
256.104: Application time: 0.0864180 seconds
256.159: [GC [PSYoungGen: 13585K->1523K(13824K)] 37860K->27816K(45056K), 0.0013150 secs] [Times: user=0.01 sys=0.00, real=0.00 secs] 
256.160: Total time for which application threads were stopped: 0.0560650 seconds, Stopping threads took: 0.0546590 seconds
256.249: Application time: 0.0887080 seconds
256.329: [GC [PSYoungGen: 13631K->1149K(13824K)] 39924K->27832K(45056K), 0.0008480 secs] [Times: user=0.01 sys=0.00, real=0.00 secs] 
256.330: Total time for which application threads were stopped: 0.0813750 seconds, Stopping threads took: 0.0797880 seconds
256.421: Application time: 0.0901760 seconds
256.481: [GC [PSYoungGen: 13276K->742K(13824K)] 39959K->27426K(45056K), 0.0006220 secs] [Times: user=0.00 sys=0.00, real=0.00 secs] 
256.481: Total time for which application threads were stopped: 0.0605830 seconds, Stopping threads took: 0.0598920 seconds
256.584: Application time: 0.1028310 seconds
256.640: [GC [PSYoungGen: 12733K->678K(13824K)] 39416K->27362K(45056K), 0.0005670 secs] [Times: user=0.00 sys=0.00, real=0.00 secs] 
256.640: Total time for which application threads were stopped: 0.0563860 seconds, Stopping threads took: 0.0557360 seconds
256.725: Application time: 0.0843790 seconds
256.767: [GC [PSYoungGen: 12590K->1490K(13824K)] 39274K->28572K(45056K), 0.0008010 secs] [Times: user=0.00 sys=0.00, real=0.00 secs] 
256.768: Total time for which application threads were stopped: 0.0435250 seconds, Stopping threads took: 0.0426290 seconds
256.855: Application time: 0.0871110 seconds
256.928: [GC [PSYoungGen: 13715K->1165K(13824K)] 40797K->28247K(45056K), 0.0007220 secs] [Times: user=0.01 sys=0.00, real=0.01 secs] 
256.928: Total time for which application threads were stopped: 0.0729820 seconds, Stopping threads took: 0.0721860 seconds
257.015: Application time: 0.0862110 seconds
257.059: [GC [PSYoungGen: 13370K->1522K(13824K)] 40452K->30785K(45056K), 0.0013780 secs] [Times: user=0.00 sys=0.00, real=0.00 secs] 
257.060: [Full GC [PSYoungGen: 1522K->0K(13824K)] [ParOldGen: 29262K->5006K(31232K)] 30785K->5006K(45056K) [PSPermGen: 5149K->5149K(21504K)], 0.0046700 secs] [Times: user=0.02 sys=0.01, real=0.00 secs] 
257.065: Total time for which application threads were stopped: 0.0500220 seconds, Stopping threads took: 0.0438390 seconds
257.148: Application time: 0.0835780 seconds
257.207: [GC [PSYoungGen: 12205K->1525K(13824K)] 17212K->7704K(45056K), 0.0011470 secs] [Times: user=0.01 sys=0.00, real=0.01 secs] 
257.209: Total time for which application threads were stopped: 0.0603480 seconds, Stopping threads took: 0.0591230 seconds
257.309: Application time: 0.1001390 seconds
257.379: [GC [PSYoungGen: 13457K->582K(13824K)] 19636K->6761K(45056K), 0.0005920 secs] [Times: user=0.00 sys=0.00, real=0.00 secs] 
257.380: Total time for which application threads were stopped: 0.0713490 seconds, Stopping threads took: 0.0706610 seconds
257.458: Application time: 0.0780090 seconds
257.500: [GC [PSYoungGen: 12495K->582K(13824K)] 18673K->6761K(45056K), 0.0004600 secs] [Times: user=0.01 sys=0.00, real=0.00 secs] 
257.501: Total time for which application threads were stopped: 0.0424250 seconds, Stopping threads took: 0.0418990 seconds
257.580: Application time: 0.0794220 seconds
257.622: [GC [PSYoungGen: 12495K->646K(13824K)] 18673K->6825K(45056K), 0.0004590 secs] [Times: user=0.01 sys=0.00, real=0.00 secs] 
257.623: Total time for which application threads were stopped: 0.0427650 seconds, Stopping threads took: 0.0422420 seconds
257.703: Application time: 0.0799910 seconds
257.757: [GC [PSYoungGen: 12871K->1069K(13824K)] 19050K->7248K(45056K), 0.0006650 secs] [Times: user=0.01 sys=0.00, real=0.00 secs] 
257.757: Total time for which application threads were stopped: 0.0544650 seconds, Stopping threads took: 0.0537060 seconds
257.839: Application time: 0.0821300 seconds
257.878: [GC [PSYoungGen: 13293K->1443K(13824K)] 19472K->7622K(45056K), 0.0006090 secs] [Times: user=0.01 sys=0.00, real=0.00 secs] 
257.879: Total time for which application threads were stopped: 0.0396580 seconds, Stopping threads took: 0.0389620 seconds
257.960: Application time: 0.0812670 seconds
258.028: [GC [PSYoungGen: 13649K->662K(13824K)] 19828K->6841K(45056K), 0.0004930 secs] [Times: user=0.00 sys=0.00, real=0.01 secs] 
258.028: Total time for which application threads were stopped: 0.0682250 seconds, Stopping threads took: 0.0676400 seconds
258.108: Application time: 0.0796410 seconds
258.148: [GC [PSYoungGen: 12887K->1069K(13824K)] 19066K->7248K(45056K), 0.0007840 secs] [Times: user=0.00 sys=0.00, real=0.01 secs] 
258.148: Total time for which application threads were stopped: 0.0403210 seconds, Stopping threads took: 0.0394710 seconds
258.230: Application time: 0.0813710 seconds
258.288: [GC [PSYoungGen: 13352K->288K(13824K)] 19531K->6466K(45056K), 0.0005850 secs] [Times: user=0.00 sys=0.00, real=0.01 secs] 
258.289: Total time for which application threads were stopped: 0.0586740 seconds, Stopping threads took: 0.0579900 seconds
258.367: Application time: 0.0781140 seconds
258.407: [GC [PSYoungGen: 12571K->1490K(13824K)] 18750K->9036K(45056K), 0.0012330 secs] [Times: user=0.00 sys=0.00, real=0.00 secs] 
258.408: Total time for which application threads were stopped: 0.0417070 seconds, Stopping threads took: 0.0403810 seconds
258.491: Application time: 0.0821660 seconds
258.561: [GC [PSYoungGen: 13422K->742K(13824K)] 20968K->8288K(45056K), 0.0005790 secs] [Times: user=0.00 sys=0.00, real=0.00 secs] 
258.561: Total time for which application threads were stopped: 0.0707980 seconds, Stopping threads took: 0.0701530 seconds
258.641: Application time: 0.0795350 seconds
258.681: [GC [PSYoungGen: 12869K->1408K(13824K)] 20415K->9736K(45056K), 0.0008410 secs] [Times: user=0.00 sys=0.00, real=0.00 secs] 
258.682: Total time for which application threads were stopped: 0.0406590 seconds, Stopping threads took: 0.0397500 seconds
258.764: Application time: 0.0824340 seconds
258.828: [GC [PSYoungGen: 13613K->1344K(13824K)] 21941K->9672K(45056K), 0.0007880 secs] [Times: user=0.00 sys=0.00, real=0.01 secs] 
258.829: Total time for which application threads were stopped: 0.0649210 seconds, Stopping threads took: 0.0640460 seconds
258.912: Application time: 0.0828670 seconds
258.977: [GC [PSYoungGen: 13550K->563K(13824K)] 21877K->8890K(45056K), 0.0004880 secs] [Times: user=0.01 sys=0.00, real=0.00 secs] 
258.978: Total time for which application threads were stopped: 0.0657970 seconds, Stopping threads took: 0.0652420 seconds
259.057: Application time: 0.0795770 seconds
259.096: [GC [PSYoungGen: 12690K->1524K(13824K)] 21017K->10242K(45056K), 0.0007780 secs] [Times: user=0.01 sys=0.00, real=0.01 secs] 
259.097: Total time for which application threads were stopped: 0.0397810 seconds, Stopping threads took: 0.0389230 seconds
259.194: Application time: 0.0972560 seconds
259.260: [GC [PSYoungGen: 13651K->1101K(13824K)] 22369K->9851K(45056K), 0.0006220 secs] [Times: user=0.00 sys=0.00, real=0.00 secs] 
259.260: Total time for which application threads were stopped: 0.0660290 seconds, Stopping threads took: 0.0653260 seconds
259.342: Application time: 0.0817000 seconds
259.402: [GC [PSYoungGen: 13384K->352K(13824K)] 22135K->9102K(45056K), 0.0005790 secs] [Times: user=0.00 sys=0.00, real=0.00 secs] 
259.402: Total time for which application threads were stopped: 0.0602610 seconds, Stopping threads took: 0.0595830 seconds
259.481: Application time: 0.0792900 seconds
259.523: [GC [PSYoungGen: 12576K->758K(13824K)] 21326K->9524K(45056K), 0.0005610 secs] [Times: user=0.01 sys=0.00, real=0.00 secs] 
259.523: Total time for which application threads were stopped: 0.0418320 seconds, Stopping threads took: 0.0412000 seconds
259.611: Application time: 0.0876000 seconds
259.670: [GC [PSYoungGen: 12983K->1149K(13824K)] 21749K->9931K(45056K), 0.0005950 secs] [Times: user=0.00 sys=0.00, real=0.00 secs] 
259.670: Total time for which application threads were stopped: 0.0592460 seconds, Stopping threads took: 0.0585840 seconds
259.749: Application time: 0.0792780 seconds
259.789: [GC [PSYoungGen: 13413K->1458K(13824K)] 22195K->11217K(45056K), 0.0008970 secs] [Times: user=0.01 sys=0.00, real=0.00 secs] 
259.790: Total time for which application threads were stopped: 0.0408200 seconds, Stopping threads took: 0.0398470 seconds
259.876: Application time: 0.0858500 seconds
259.943: [GC [PSYoungGen: 13585K->579K(13824K)] 23344K->10338K(45056K), 0.0005220 secs] [Times: user=0.00 sys=0.00, real=0.00 secs] 
259.944: Total time for which application threads were stopped: 0.0677330 seconds, Stopping threads took: 0.0671150 seconds
260.025: Application time: 0.0810550 seconds
260.065: [GC [PSYoungGen: 12608K->726K(13824K)] 22367K->10501K(45056K), 0.0004730 secs] [Times: user=0.01 sys=0.00, real=0.00 secs] 
260.065: Total time for which application threads were stopped: 0.0403430 seconds, Stopping threads took: 0.0398070 seconds
260.145: Application time: 0.0801260 seconds
260.196: [GC [PSYoungGen: 12834K->970K(13824K)] 22609K->10744K(45056K), 0.0005570 secs] [Times: user=0.00 sys=0.00, real=0.00 secs] 
260.196: Total time for which application threads were stopped: 0.0509910 seconds, Stopping threads took: 0.0503600 seconds
260.277: Application time: 0.0804890 seconds
260.345: [GC [PSYoungGen: 13077K->1133K(13824K)] 22852K->10924K(45056K), 0.0006380 secs] [Times: user=0.00 sys=0.00, real=0.00 secs] 
260.346: Total time for which application threads were stopped: 0.0689340 seconds, Stopping threads took: 0.0682260 seconds
260.427: Application time: 0.0806960 seconds
260.494: [GC [PSYoungGen: 13338K->336K(13824K)] 23129K->10150K(45056K), 0.0004070 secs] [Times: user=0.00 sys=0.00, real=0.00 secs] 
260.495: Total time for which application threads were stopped: 0.0683910 seconds, Stopping threads took: 0.0679140 seconds
260.575: Application time: 0.0801200 seconds
260.615: [GC [PSYoungGen: 12560K->758K(13824K)] 22375K->10573K(45056K), 0.0005160 secs] [Times: user=0.01 sys=0.00, real=0.00 secs] 
260.616: Total time for which application threads were stopped: 0.0409350 seconds, Stopping threads took: 0.0403530 seconds
260.695: Application time: 0.0789410 seconds
260.738: [GC [PSYoungGen: 12964K->1344K(13824K)] 22778K->11940K(45056K), 0.0008800 secs] [Times: user=0.01 sys=0.00, real=0.00 secs] 
260.739: Total time for which application threads were stopped: 0.0437440 seconds, Stopping threads took: 0.0427690 seconds
260.821: Application time: 0.0820160 seconds
260.890: [GC [PSYoungGen: 13569K->352K(13824K)] 24165K->10956K(45056K), 0.0004440 secs] [Times: user=0.00 sys=0.00, real=0.00 secs] 
260.890: Total time for which application threads were stopped: 0.0693300 seconds, Stopping threads took: 0.0688000 seconds
260.969: Application time: 0.0790300 seconds
261.010: [GC [PSYoungGen: 12440K->1344K(13824K)] 23044K->12160K(45056K), 0.0008200 secs] [Times: user=0.00 sys=0.00, real=0.00 secs] 
261.011: Total time for which application threads were stopped: 0.0417090 seconds, Stopping threads took: 0.0407920 seconds
261.096: Application time: 0.0852710 seconds
261.158: [GC [PSYoungGen: 13569K->1376K(13824K)] 24384K->12777K(45056K), 0.0010500 secs] [Times: user=0.01 sys=0.00, real=0.00 secs] 
261.159: Total time for which application threads were stopped: 0.0634050 seconds, Stopping threads took: 0.0622870 seconds
261.249: Application time: 0.0894860 seconds
261.325: [GC [PSYoungGen: 13581K->1133K(13824K)] 24983K->12534K(45056K), 0.0006540 secs] [Times: user=0.00 sys=0.00, real=0.00 secs] 
261.325: Total time for which application threads were stopped: 0.0763720 seconds, Stopping threads took: 0.0756210 seconds
261.412: Application time: 0.0863490 seconds
261.473: [GC [PSYoungGen: 13260K->320K(13824K)] 24661K->11729K(45056K), 0.0004970 secs] [Times: user=0.00 sys=0.00, real=0.00 secs] 
261.473: Total time for which application threads were stopped: 0.0616560 seconds, Stopping threads took: 0.0610860 seconds
261.561: Application time: 0.0872090 seconds
261.604: [GC [PSYoungGen: 12544K->758K(13824K)] 23954K->12168K(45056K), 0.0005730 secs] [Times: user=0.00 sys=0.00, real=0.00 secs] 
261.605: Total time for which application threads were stopped: 0.0442860 seconds, Stopping threads took: 0.0436380 seconds
261.692: Application time: 0.0874600 seconds
261.737: [GC [PSYoungGen: 12983K->1149K(13824K)] 24392K->12558K(45056K), 0.0008530 secs] [Times: user=0.00 sys=0.00, real=0.00 secs] 
261.738: Total time for which application threads were stopped: 0.0454380 seconds, Stopping threads took: 0.0444960 seconds
261.823: Application time: 0.0852330 seconds
261.869: [GC [PSYoungGen: 13413K->1296K(13824K)] 24822K->12722K(45056K), 0.0011180 secs] [Times: user=0.01 sys=0.00, real=0.00 secs] 
261.870: Total time for which application threads were stopped: 0.0467140 seconds, Stopping threads took: 0.0455050 seconds
261.956: Application time: 0.0868200 seconds
262.029: [GC [PSYoungGen: 13423K->499K(13824K)] 24849K->11924K(45056K), 0.0005340 secs] [Times: user=0.01 sys=0.00, real=0.00 secs] 
262.029: Total time for which application threads were stopped: 0.0726970 seconds, Stopping threads took: 0.0720750 seconds
262.114: Application time: 0.0848660 seconds
262.117: [GC [PSYoungGen: 12626K->1524K(13824K)] 24051K->15564K(45056K), 0.0014330 secs] [Times: user=0.01 sys=0.00, real=0.00 secs] 
262.118: Total time for which application threads were stopped: 0.0043680 seconds, Stopping threads took: 0.0028280 seconds
262.206: Application time: 0.0878400 seconds
262.286: [GC [PSYoungGen: 13729K->1101K(13824K)] 27769K->15149K(45056K), 0.0006530 secs] [Times: user=0.01 sys=0.00, real=0.00 secs] 
262.287: Total time for which application threads were stopped: 0.0807610 seconds, Stopping threads took: 0.0800330 seconds
262.380: Application time: 0.0930430 seconds
262.457: [GC [PSYoungGen: 13306K->320K(13824K)] 27355K->14376K(45056K), 0.0004690 secs] [Times: user=0.00 sys=0.00, real=0.00 secs] 
262.457: Total time for which application threads were stopped: 0.0770670 seconds, Stopping threads took: 0.0765290 seconds
262.543: Application time: 0.0856170 seconds
262.589: [GC [PSYoungGen: 12427K->1426K(13824K)] 26484K->15686K(45056K), 0.0007740 secs] [Times: user=0.01 sys=0.00, real=0.00 secs] 
262.589: Total time for which application threads were stopped: 0.0466640 seconds, Stopping threads took: 0.0458010 seconds
262.677: Application time: 0.0880680 seconds
262.748: [GC [PSYoungGen: 13533K->726K(13824K)] 27793K->14986K(45056K), 0.0005020 secs] [Times: user=0.00 sys=0.00, real=0.01 secs] 
262.749: Total time for which application threads were stopped: 0.0712170 seconds, Stopping threads took: 0.0706380 seconds
262.835: Application time: 0.0864910 seconds
262.896: [GC [PSYoungGen: 12639K->742K(13824K)] 26899K->15034K(45056K), 0.0005260 secs] [Times: user=0.00 sys=0.00, real=0.00 secs] 
262.896: Total time for which application threads were stopped: 0.0611770 seconds, Stopping threads took: 0.0605680 seconds
262.983: Application time: 0.0869590 seconds
263.028: [GC [PSYoungGen: 12967K->1117K(13824K)] 27259K->15409K(45056K), 0.0007980 secs] [Times: user=0.00 sys=0.00, real=0.01 secs] 
263.029: Total time for which application threads were stopped: 0.0457050 seconds, Stopping threads took: 0.0448140 seconds
263.117: Application time: 0.0880530 seconds
263.189: [GC [PSYoungGen: 13244K->288K(13824K)] 27536K->14587K(45056K), 0.0006170 secs] [Times: user=0.00 sys=0.00, real=0.00 secs] 
263.190: Total time for which application threads were stopped: 0.0726870 seconds, Stopping threads took: 0.0719780 seconds
263.275: Application time: 0.0851480 seconds
263.322: [GC [PSYoungGen: 12415K->1360K(13824K)] 26714K->16051K(45056K), 0.0009380 secs] [Times: user=0.00 sys=0.00, real=0.00 secs] 
263.323: Total time for which application threads were stopped: 0.0478480 seconds, Stopping threads took: 0.0468100 seconds
263.410: Application time: 0.0875260 seconds
263.481: [GC [PSYoungGen: 13644K->938K(13824K)] 28334K->15636K(45056K), 0.0007820 secs] [Times: user=0.00 sys=0.00, real=0.00 secs] 
263.482: Total time for which application threads were stopped: 0.0713620 seconds, Stopping threads took: 0.0704920 seconds
263.579: Application time: 0.0972380 seconds
263.648: [GC [PSYoungGen: 13162K->1376K(13824K)] 27861K->16075K(45056K), 0.0007700 secs] [Times: user=0.00 sys=0.00, real=0.00 secs] 
263.648: Total time for which application threads were stopped: 0.0693700 seconds, Stopping threads took: 0.0685290 seconds
263.735: Application time: 0.0862320 seconds
263.777: [GC [PSYoungGen: 13484K->1392K(13824K)] 28182K->16286K(45056K), 0.0007110 secs] [Times: user=0.00 sys=0.00, real=0.00 secs] 
263.778: Total time for which application threads were stopped: 0.0436100 seconds, Stopping threads took: 0.0428300 seconds
263.866: Application time: 0.0877200 seconds
263.918: [GC [PSYoungGen: 13617K->1165K(13824K)] 28511K->16840K(45056K), 0.0008200 secs] [Times: user=0.01 sys=0.00, real=0.00 secs] 
263.919: Total time for which application threads were stopped: 0.0533300 seconds, Stopping threads took: 0.0524320 seconds
264.015: Application time: 0.0957710 seconds
264.093: [GC [PSYoungGen: 13370K->1117K(13824K)] 29045K->16816K(45056K), 0.0006570 secs] [Times: user=0.00 sys=0.00, real=0.00 secs] 
264.094: Total time for which application threads were stopped: 0.0785410 seconds, Stopping threads took: 0.0777930 seconds
264.181: Application time: 0.0872020 seconds
264.256: [GC [PSYoungGen: 13225K->1360K(13824K)] 28924K->17059K(45056K), 0.0006800 secs] [Times: user=0.00 sys=0.00, real=0.00 secs] 
264.257: Total time for which application threads were stopped: 0.0764420 seconds, Stopping threads took: 0.0756920 seconds
264.357: Application time: 0.0998090 seconds
264.417: [GC [PSYoungGen: 13565K->547K(13824K)] 29265K->16246K(45056K), 0.0004830 secs] [Times: user=0.01 sys=0.00, real=0.00 secs] 
264.417: Total time for which application threads were stopped: 0.0602520 seconds, Stopping threads took: 0.0596900 seconds
264.501: Application time: 0.0840360 seconds
264.545: [GC [PSYoungGen: 12733K->1376K(13824K)] 28432K->18654K(45056K), 0.0010950 secs] [Times: user=0.01 sys=0.00, real=0.00 secs] 
264.546: Total time for which application threads were stopped: 0.0447610 seconds, Stopping threads took: 0.0435780 seconds
264.635: Application time: 0.0886040 seconds
264.708: [GC [PSYoungGen: 13601K->1165K(13824K)] 30879K->18451K(45056K), 0.0006560 secs] [Times: user=0.00 sys=0.00, real=0.01 secs] 
264.709: Total time for which application threads were stopped: 0.0739400 seconds, Stopping threads took: 0.0731920 seconds
264.795: Application time: 0.0867400 seconds
264.868: [GC [PSYoungGen: 13292K->320K(13824K)] 30578K->17621K(45056K), 0.0004760 secs] [Times: user=0.00 sys=0.00, real=0.01 secs] 
264.869: Total time for which application threads were stopped: 0.0732260 seconds, Stopping threads took: 0.0726590 seconds
264.955: Application time: 0.0860920 seconds
265.002: [GC [PSYoungGen: 12544K->758K(13824K)] 29846K->18068K(45056K), 0.0005350 secs] [Times: user=0.00 sys=0.00, real=0.00 secs] 
265.003: Total time for which application threads were stopped: 0.0478260 seconds, Stopping threads took: 0.0472260 seconds
265.087: Application time: 0.0840480 seconds
265.138: [GC [PSYoungGen: 13042K->1524K(13824K)] 30351K->19427K(45056K), 0.0009130 secs] [Times: user=0.01 sys=0.00, real=0.00 secs] 
265.139: Total time for which application threads were stopped: 0.0527540 seconds, Stopping threads took: 0.0517630 seconds
265.218: Application time: 0.0790880 seconds
265.291: [GC [PSYoungGen: 13748K->352K(13824K)] 31652K->18255K(45056K), 0.0004320 secs] [Times: user=0.00 sys=0.00, real=0.00 secs] 
265.292: Total time for which application threads were stopped: 0.0733880 seconds, Stopping threads took: 0.0728890 seconds
265.372: Application time: 0.0798380 seconds
265.426: [GC [PSYoungGen: 12626K->774K(13824K)] 30530K->18678K(45056K), 0.0007290 secs] [Times: user=0.01 sys=0.00, real=0.00 secs] 
265.427: Total time for which application threads were stopped: 0.0550500 seconds, Stopping threads took: 0.0542510 seconds
265.507: Application time: 0.0798750 seconds
265.547: [GC [PSYoungGen: 13027K->1197K(13824K)] 30931K->19101K(45056K), 0.0006370 secs] [Times: user=0.00 sys=0.00, real=0.00 secs] 
265.548: Total time for which application threads were stopped: 0.0414700 seconds, Stopping threads took: 0.0407510 seconds
265.629: Application time: 0.0809420 seconds
265.669: [GC [PSYoungGen: 13461K->1474K(13824K)] 31365K->20362K(45056K), 0.0011870 secs] [Times: user=0.01 sys=0.00, real=0.00 secs] 
265.670: Total time for which application threads were stopped: 0.0415090 seconds, Stopping threads took: 0.0402310 seconds
265.760: Application time: 0.0890140 seconds
265.828: [GC [PSYoungGen: 13601K->563K(13824K)] 32489K->19451K(45056K), 0.0004880 secs] [Times: user=0.00 sys=0.00, real=0.00 secs] 
265.828: Total time for which application threads were stopped: 0.0687080 seconds, Stopping threads took: 0.0681320 seconds
265.909: Application time: 0.0810850 seconds
265.977: [GC [PSYoungGen: 12592K->758K(13824K)] 31481K->19655K(45056K), 0.0005610 secs] [Times: user=0.00 sys=0.00, real=0.00 secs] 
265.978: Total time for which application threads were stopped: 0.0683370 seconds, Stopping threads took: 0.0677080 seconds
266.056: Application time: 0.0780550 seconds
266.107: [GC [PSYoungGen: 12671K->758K(13824K)] 31567K->19655K(45056K), 0.0006710 secs] [Times: user=0.00 sys=0.00, real=0.00 secs] 
266.108: Total time for which application threads were stopped: 0.0521600 seconds, Stopping threads took: 0.0514200 seconds
266.188: Application time: 0.0797990 seconds
266.227: [GC [PSYoungGen: 12964K->1524K(13824K)] 31860K->21014K(45056K), 0.0008980 secs] [Times: user=0.01 sys=0.00, real=0.00 secs] 
266.228: Total time for which application threads were stopped: 0.0402510 seconds, Stopping threads took: 0.0392780 seconds
266.324: Application time: 0.0958040 seconds
266.396: [GC [PSYoungGen: 13748K->352K(13824K)] 33239K->19858K(45056K), 0.0004090 secs] [Times: user=0.00 sys=0.00, real=0.00 secs] 
266.396: Total time for which application threads were stopped: 0.0725770 seconds, Stopping threads took: 0.0720840 seconds
266.477: Application time: 0.0803340 seconds
266.517: [GC [PSYoungGen: 12576K->758K(13824K)] 32083K->20281K(45056K), 0.0005240 secs] [Times: user=0.01 sys=0.00, real=0.00 secs] 
266.519: Total time for which application threads were stopped: 0.0418660 seconds, Stopping threads took: 0.0402340 seconds
266.599: Application time: 0.0801120 seconds
266.665: [GC [PSYoungGen: 12944K->970K(13824K)] 32466K->20500K(45056K), 0.0007690 secs] [Times: user=0.00 sys=0.00, real=0.00 secs] 
266.666: Total time for which application threads were stopped: 0.0671130 seconds, Stopping threads took: 0.0662560 seconds
266.756: Application time: 0.0900980 seconds
266.825: [GC [PSYoungGen: 13194K->1360K(13824K)] 32725K->20891K(45056K), 0.0006780 secs] [Times: user=0.00 sys=0.00, real=0.00 secs] 
266.826: Total time for which application threads were stopped: 0.0698310 seconds, Stopping threads took: 0.0690850 seconds
266.918: Application time: 0.0927230 seconds
266.990: [GC [PSYoungGen: 13487K->1426K(13824K)] 33018K->21152K(45056K), 0.0007230 secs] [Times: user=0.00 sys=0.00, real=0.00 secs] 
266.991: Total time for which application threads were stopped: 0.0721090 seconds, Stopping threads took: 0.0713190 seconds
267.069: Application time: 0.0788760 seconds
267.110: [GC [PSYoungGen: 13553K->1492K(13824K)] 33279K->21608K(45056K), 0.0009300 secs] [Times: user=0.00 sys=0.00, real=0.00 secs] 
267.111: Total time for which application threads were stopped: 0.0413940 seconds, Stopping threads took: 0.0403800 seconds
267.195: Application time: 0.0841940 seconds
267.263: [GC [PSYoungGen: 13775K->1181K(13824K)] 33892K->21313K(45056K), 0.0006410 secs] [Times: user=0.00 sys=0.01, real=0.00 secs] 
267.264: Total time for which application threads were stopped: 0.0686250 seconds, Stopping threads took: 0.0679060 seconds
267.343: Application time: 0.0789810 seconds
267.384: [GC [PSYoungGen: 13367K->1490K(13824K)] 33499K->22599K(45056K), 0.0009810 secs] [Times: user=0.00 sys=0.00, real=0.00 secs] 
267.385: Total time for which application threads were stopped: 0.0419340 seconds, Stopping threads took: 0.0408500 seconds
267.486: Application time: 0.1018200 seconds
267.555: [GC [PSYoungGen: 13617K->547K(13824K)] 34726K->21656K(45056K), 0.0005350 secs] [Times: user=0.01 sys=0.00, real=0.00 secs] 
267.555: Total time for which application threads were stopped: 0.0689760 seconds, Stopping threads took: 0.0683550 seconds
267.634: Application time: 0.0787390 seconds
267.672: [GC [PSYoungGen: 12655K->1376K(13824K)] 33764K->24056K(45056K), 0.0013230 secs] [Times: user=0.01 sys=0.00, real=0.00 secs] 
267.673: Total time for which application threads were stopped: 0.0389060 seconds, Stopping threads took: 0.0375020 seconds
267.761: Application time: 0.0875430 seconds
267.829: [GC [PSYoungGen: 13503K->1376K(13824K)] 36183K->24845K(45056K), 0.0011120 secs] [Times: user=0.01 sys=0.00, real=0.00 secs] 
267.830: Total time for which application threads were stopped: 0.0696350 seconds, Stopping threads took: 0.0684300 seconds
267.916: Application time: 0.0855590 seconds
267.988: [GC [PSYoungGen: 13503K->1360K(13824K)] 36972K->24829K(45056K), 0.0006160 secs] [Times: user=0.00 sys=0.00, real=0.01 secs] 
267.989: Total time for which application threads were stopped: 0.0728500 seconds, Stopping threads took: 0.0721550 seconds
268.068: Application time: 0.0798990 seconds
268.122: [GC [PSYoungGen: 13616K->1440K(13824K)] 37084K->26276K(45056K), 0.0012440 secs] [Times: user=0.00 sys=0.00, real=0.00 secs] 
268.123: Total time for which application threads were stopped: 0.0545510 seconds, Stopping threads took: 0.0532260 seconds
268.205: Application time: 0.0815910 seconds
268.274: [GC [PSYoungGen: 13497K->758K(13824K)] 38334K->25610K(45056K), 0.0006410 secs] [Times: user=0.00 sys=0.00, real=0.00 secs] 
268.274: Total time for which application threads were stopped: 0.0698340 seconds, Stopping threads took: 0.0691100 seconds
268.354: Application time: 0.0798460 seconds
268.395: [GC [PSYoungGen: 12983K->1474K(13824K)] 37835K->27123K(45056K), 0.0009680 secs] [Times: user=0.00 sys=0.01, real=0.00 secs] 
268.396: Total time for which application threads were stopped: 0.0414910 seconds, Stopping threads took: 0.0404510 seconds
268.480: Application time: 0.0840280 seconds
268.546: [GC [PSYoungGen: 13679K->336K(13824K)] 39329K->25985K(45056K), 0.0004270 secs] [Times: user=0.00 sys=0.00, real=0.00 secs] 
268.547: Total time for which application threads were stopped: 0.0668440 seconds, Stopping threads took: 0.0663420 seconds
268.625: Application time: 0.0782700 seconds
268.669: [GC [PSYoungGen: 12345K->1490K(13824K)] 37995K->28311K(45056K), 0.0009720 secs] [Times: user=0.00 sys=0.00, real=0.00 secs] 
268.670: Total time for which application threads were stopped: 0.0447510 seconds, Stopping threads took: 0.0437140 seconds
268.750: Application time: 0.0805150 seconds
268.815: [GC [PSYoungGen: 13402K->1360K(13824K)] 40223K->28385K(45056K), 0.0006590 secs] [Times: user=0.01 sys=0.00, real=0.00 secs] 
268.816: Total time for which application threads were stopped: 0.0652820 seconds, Stopping threads took: 0.0645570 seconds
268.897: Application time: 0.0813030 seconds
268.962: [GC [PSYoungGen: 13565K->758K(13824K)] 40590K->27783K(45056K), 0.0008610 secs] [Times: user=0.01 sys=0.00, real=0.00 secs] 
268.963: Total time for which application threads were stopped: 0.0660600 seconds, Stopping threads took: 0.0651310 seconds
269.043: Application time: 0.0798470 seconds
269.096: [GC [PSYoungGen: 12983K->1474K(13824K)] 40008K->29280K(45056K), 0.0010510 secs] [Times: user=0.00 sys=0.00, real=0.00 secs] 
269.097: Total time for which application threads were stopped: 0.0547410 seconds, Stopping threads took: 0.0536080 seconds
269.179: Application time: 0.0814190 seconds
269.277: [GC [PSYoungGen: 13386K->1213K(13824K)] 41192K->29019K(45056K), 0.0006030 secs] [Times: user=0.00 sys=0.00, real=0.00 secs] 
269.278: Total time for which application threads were stopped: 0.0988220 seconds, Stopping threads took: 0.0981560 seconds
269.357: Application time: 0.0791300 seconds
269.425: [GC [PSYoungGen: 13418K->320K(13824K)] 41224K->28142K(45056K), 0.0005540 secs] [Times: user=0.00 sys=0.00, real=0.00 secs] 
269.425: Total time for which application threads were stopped: 0.0685570 seconds, Stopping threads took: 0.0679120 seconds
269.506: Application time: 0.0807610 seconds
269.545: [GC [PSYoungGen: 12447K->1360K(13824K)] 40269K->29581K(45056K), 0.0007130 secs] [Times: user=0.00 sys=0.00, real=0.00 secs] 
269.546: Total time for which application threads were stopped: 0.0396510 seconds, Stopping threads took: 0.0388740 seconds
269.629: Application time: 0.0835430 seconds
269.694: [GC [PSYoungGen: 13565K->922K(13824K)] 41786K->29142K(45056K), 0.0005850 secs] [Times: user=0.00 sys=0.00, real=0.00 secs] 
269.695: Total time for which application threads were stopped: 0.0654630 seconds, Stopping threads took: 0.0647860 seconds
269.773: Application time: 0.0786100 seconds
269.836: [GC [PSYoungGen: 13029K->1149K(13824K)] 41250K->29377K(45056K), 0.0006340 secs] [Times: user=0.00 sys=0.00, real=0.01 secs] 
269.837: Total time for which application threads were stopped: 0.0635280 seconds, Stopping threads took: 0.0628300 seconds
269.918: Application time: 0.0806610 seconds
269.982: [GC [PSYoungGen: 13276K->304K(13824K)] 41505K->28532K(45056K), 0.0004770 secs] [Times: user=0.00 sys=0.00, real=0.00 secs] 
269.983: Total time for which application threads were stopped: 0.0649940 seconds, Stopping threads took: 0.0644470 seconds
270.061: Application time: 0.0788170 seconds
270.104: [GC [PSYoungGen: 12489K->563K(13824K)] 40718K->28791K(45056K), 0.0006290 secs] [Times: user=0.00 sys=0.00, real=0.00 secs] 
270.105: Total time for which application threads were stopped: 0.0432120 seconds, Stopping threads took: 0.0424960 seconds
270.187: Application time: 0.0823420 seconds
270.256: [GC [PSYoungGen: 12592K->774K(13824K)] 40821K->29019K(45056K), 0.0005290 secs] [Times: user=0.00 sys=0.00, real=0.01 secs] 
270.257: Total time for which application threads were stopped: 0.0694670 seconds, Stopping threads took: 0.0688670 seconds
270.336: Application time: 0.0792190 seconds
270.383: [GC [PSYoungGen: 12687K->742K(13824K)] 40931K->28995K(45056K), 0.0005670 secs] [Times: user=0.01 sys=0.00, real=0.00 secs] 
270.384: Total time for which application threads were stopped: 0.0478530 seconds, Stopping threads took: 0.0472140 seconds
270.464: Application time: 0.0799780 seconds
270.523: [GC [PSYoungGen: 12967K->1117K(13824K)] 41220K->29369K(45056K), 0.0007980 secs] [Times: user=0.01 sys=0.00, real=0.00 secs] 
270.524: Total time for which application threads were stopped: 0.0599930 seconds, Stopping threads took: 0.0591100 seconds
270.607: Application time: 0.0832210 seconds
270.671: [GC [PSYoungGen: 13322K->320K(13824K)] 41575K->28580K(45056K), 0.0004630 secs] [Times: user=0.00 sys=0.00, real=0.00 secs] 
270.672: Total time for which application threads were stopped: 0.0648940 seconds, Stopping threads took: 0.0643410 seconds
270.750: Application time: 0.0783330 seconds
270.792: [GC [PSYoungGen: 12544K->1376K(13824K)] 40805K->31207K(45056K), 0.0011320 secs] [Times: user=0.01 sys=0.00, real=0.00 secs] 
270.793: [Full GC [PSYoungGen: 1376K->0K(13824K)] [ParOldGen: 29831K->4327K(31232K)] 31207K->4327K(45056K) [PSPermGen: 5149K->5149K(21504K)], 0.0040680 secs] [Times: user=0.01 sys=0.00, real=0.01 secs] 
270.797: Total time for which application threads were stopped: 0.0472530 seconds, Stopping threads took: 0.0419150 seconds
270.879: Application time: 0.0820090 seconds
270.949: [GC [PSYoungGen: 12224K->973K(13824K)] 16552K->5301K(45056K), 0.0006520 secs] [Times: user=0.00 sys=0.00, real=0.00 secs] 
270.950: Total time for which application threads were stopped: 0.0704540 seconds, Stopping threads took: 0.0697320 seconds
271.031: Application time: 0.0811050 seconds
271.098: [GC [PSYoungGen: 13257K->224K(13824K)] 17584K->4551K(45056K), 0.0004030 secs] [Times: user=0.00 sys=0.00, real=0.00 secs] 
271.098: Total time for which application threads were stopped: 0.0675750 seconds, Stopping threads took: 0.0671060 seconds
271.178: Application time: 0.0792040 seconds
271.224: [GC [PSYoungGen: 12331K->1427K(13824K)] 16659K->6927K(45056K), 0.0009670 secs] [Times: user=0.01 sys=0.00, real=0.00 secs] 
271.225: Total time for which application threads were stopped: 0.0472460 seconds, Stopping threads took: 0.0462010 seconds
271.305: Application time: 0.0803190 seconds
271.375: [GC [PSYoungGen: 13535K->646K(13824K)] 19035K->6146K(45056K), 0.0005640 secs] [Times: user=0.01 sys=0.00, real=0.00 secs] 
271.375: Total time for which application threads were stopped: 0.0698750 seconds, Stopping threads took: 0.0692380 seconds
271.454: Application time: 0.0793780 seconds
271.494: [GC [PSYoungGen: 12558K->662K(13824K)] 18058K->6162K(45056K), 0.0004870 secs] [Times: user=0.01 sys=0.00, real=0.00 secs] 
271.494: Total time for which application threads were stopped: 0.0395510 seconds, Stopping threads took: 0.0390030 seconds
271.574: Application time: 0.0798790 seconds
271.614: [GC [PSYoungGen: 12692K->1346K(13824K)] 18191K->7432K(45056K), 0.0010210 secs] [Times: user=0.01 sys=0.00, real=0.00 secs] 
271.615: Total time for which application threads were stopped: 0.0415010 seconds, Stopping threads took: 0.0399080 seconds
271.698: Application time: 0.0820840 seconds
271.766: [GC [PSYoungGen: 13453K->1117K(13824K)] 19539K->7203K(45056K), 0.0005640 secs] [Times: user=0.00 sys=0.00, real=0.00 secs] 
271.767: Total time for which application threads were stopped: 0.0694710 seconds, Stopping threads took: 0.0688180 seconds
271.849: Application time: 0.0821320 seconds
271.916: [GC [PSYoungGen: 13322K->256K(13824K)] 19408K->6341K(45056K), 0.0004110 secs] [Times: user=0.00 sys=0.00, real=0.00 secs] 
271.917: Total time for which application threads were stopped: 0.0676930 seconds, Stopping threads took: 0.0671990 seconds
271.996: Application time: 0.0789300 seconds
272.038: [GC [PSYoungGen: 12187K->1442K(13824K)] 18273K->8700K(45056K), 0.0010340 secs] [Times: user=0.01 sys=0.00, real=0.00 secs] 
272.039: Total time for which application threads were stopped: 0.0431480 seconds, Stopping threads took: 0.0420200 seconds
272.119: Application time: 0.0804260 seconds
272.184: [GC [PSYoungGen: 13569K->1426K(13824K)] 20827K->9074K(45056K), 0.0008130 secs] [Times: user=0.01 sys=0.00, real=0.00 secs] 
272.185: Total time for which application threads were stopped: 0.0654630 seconds, Stopping threads took: 0.0645820 seconds
272.281: Application time: 0.0959000 seconds
272.347: [GC [PSYoungGen: 13416K->790K(13824K)] 21065K->8439K(45056K), 0.0004970 secs] [Times: user=0.00 sys=0.00, real=0.00 secs] 
272.348: Total time for which application threads were stopped: 0.0673080 seconds, Stopping threads took: 0.0667410 seconds
272.429: Application time: 0.0810630 seconds
272.480: [GC [PSYoungGen: 13015K->1117K(13824K)] 20663K->8765K(45056K), 0.0007780 secs] [Times: user=0.01 sys=0.00, real=0.00 secs] 
272.481: Total time for which application threads were stopped: 0.0520530 seconds, Stopping threads took: 0.0511910 seconds
272.562: Application time: 0.0812500 seconds
272.630: [GC [PSYoungGen: 13322K->336K(13824K)] 20971K->7984K(45056K), 0.0005130 secs] [Times: user=0.01 sys=0.00, real=0.00 secs] 
272.631: Total time for which application threads were stopped: 0.0681670 seconds, Stopping threads took: 0.0675850 seconds
272.710: Application time: 0.0795090 seconds
272.753: [GC [PSYoungGen: 12560K->742K(13824K)] 20209K->8391K(45056K), 0.0005460 secs] [Times: user=0.00 sys=0.00, real=0.00 secs] 
272.754: Total time for which application threads were stopped: 0.0435240 seconds, Stopping threads took: 0.0429110 seconds
272.833: Application time: 0.0793400 seconds
272.871: [GC [PSYoungGen: 12967K->1426K(13824K)] 20615K->9856K(45056K), 0.0009590 secs] [Times: user=0.01 sys=0.00, real=0.00 secs] 
272.872: Total time for which application threads were stopped: 0.0390670 seconds, Stopping threads took: 0.0380190 seconds
272.956: Application time: 0.0838890 seconds
273.019: [GC [PSYoungGen: 13534K->1376K(13824K)] 21963K->9822K(45056K), 0.0007050 secs] [Times: user=0.00 sys=0.00, real=0.00 secs] 
273.020: Total time for which application threads were stopped: 0.0637880 seconds, Stopping threads took: 0.0630030 seconds
273.102: Application time: 0.0822320 seconds
273.175: [GC [PSYoungGen: 13660K->563K(13824K)] 22105K->9033K(45056K), 0.0007350 secs] [Times: user=0.00 sys=0.00, real=0.00 secs] 
273.176: Total time for which application threads were stopped: 0.0737370 seconds, Stopping threads took: 0.0729080 seconds
273.262: Application time: 0.0865550 seconds
273.325: [GC [PSYoungGen: 12747K->726K(13824K)] 21216K->9212K(45056K), 0.0006390 secs] [Times: user=0.01 sys=0.00, real=0.00 secs] 
273.326: Total time for which application threads were stopped: 0.0637080 seconds, Stopping threads took: 0.0629860 seconds
273.412: Application time: 0.0862440 seconds
273.459: [GC [PSYoungGen: 12951K->1117K(13824K)] 21437K->9619K(45056K), 0.0006600 secs] [Times: user=0.01 sys=0.00, real=0.00 secs] 
273.460: Total time for which application threads were stopped: 0.0476590 seconds, Stopping threads took: 0.0469290 seconds
273.548: Application time: 0.0880380 seconds
273.619: [GC [PSYoungGen: 13244K->304K(13824K)] 21746K->8821K(45056K), 0.0004980 secs] [Times: user=0.00 sys=0.00, real=0.00 secs] 
273.620: Total time for which application threads were stopped: 0.0720570 seconds, Stopping threads took: 0.0714830 seconds
273.706: Application time: 0.0860060 seconds
273.753: [GC [PSYoungGen: 12411K->1376K(13824K)] 20929K->11261K(45056K), 0.0010080 secs] [Times: user=0.01 sys=0.00, real=0.00 secs] 
273.754: Total time for which application threads were stopped: 0.0478160 seconds, Stopping threads took: 0.0467330 seconds
273.849: Application time: 0.0955600 seconds
273.929: [GC [PSYoungGen: 13484K->1426K(13824K)] 23369K->11709K(45056K), 0.0008160 secs] [Times: user=0.00 sys=0.00, real=0.00 secs] 
273.930: Total time for which application threads were stopped: 0.0803550 seconds, Stopping threads took: 0.0794450 seconds
274.017: Application time: 0.0872420 seconds
274.091: [GC [PSYoungGen: 13650K->1117K(13824K)] 23934K->11416K(45056K), 0.0006940 secs] [Times: user=0.01 sys=0.00, real=0.00 secs] 
274.091: Total time for which application threads were stopped: 0.0745050 seconds, Stopping threads took: 0.0737130 seconds
274.180: Application time: 0.0882200 seconds
274.244: [GC [PSYoungGen: 13244K->288K(13824K)] 23544K->10587K(45056K), 0.0007250 secs] [Times: user=0.01 sys=0.00, real=0.00 secs] 
274.244: Total time for which application threads were stopped: 0.0648080 seconds, Stopping threads took: 0.0639800 seconds
274.329: Application time: 0.0850510 seconds
274.376: [GC [PSYoungGen: 12219K->1344K(13824K)] 22519K->11847K(45056K), 0.0007860 secs] [Times: user=0.00 sys=0.00, real=0.01 secs] 
274.376: Total time for which application threads were stopped: 0.0468890 seconds, Stopping threads took: 0.0460150 seconds
274.466: Application time: 0.0896940 seconds
274.520: [GC [PSYoungGen: 13550K->1426K(13824K)] 24052K->12327K(45056K), 0.0007820 secs] [Times: user=0.00 sys=0.00, real=0.00 secs] 
274.521: Total time for which application threads were stopped: 0.0546090 seconds, Stopping threads took: 0.0537270 seconds
274.608: Application time: 0.0872880 seconds
274.683: [GC [PSYoungGen: 13416K->694K(13824K)] 24318K->11596K(45056K), 0.0005430 secs] [Times: user=0.01 sys=0.00, real=0.00 secs] 
274.683: Total time for which application threads were stopped: 0.0750750 seconds, Stopping threads took: 0.0744580 seconds
274.767: Application time: 0.0841840 seconds
274.832: [GC [PSYoungGen: 12607K->758K(13824K)] 23508K->11676K(45056K), 0.0006930 secs] [Times: user=0.00 sys=0.00, real=0.00 secs] 
274.833: Total time for which application threads were stopped: 0.0656070 seconds, Stopping threads took: 0.0648290 seconds
274.919: Application time: 0.0863060 seconds
274.960: [GC [PSYoungGen: 12983K->1376K(13824K)] 23901K->14247K(45056K), 0.0013500 secs] [Times: user=0.01 sys=0.00, real=0.00 secs] 
274.961: Total time for which application threads were stopped: 0.0421720 seconds, Stopping threads took: 0.0407250 seconds
275.050: Application time: 0.0886740 seconds
275.131: [GC [PSYoungGen: 13660K->320K(13824K)] 26530K->13190K(45056K), 0.0004710 secs] [Times: user=0.00 sys=0.00, real=0.00 secs] 
275.132: Total time for which application threads were stopped: 0.0814380 seconds, Stopping threads took: 0.0808760 seconds
275.219: Application time: 0.0870230 seconds
275.264: [GC [PSYoungGen: 12544K->742K(13824K)] 25415K->13629K(45056K), 0.0005210 secs] [Times: user=0.01 sys=0.00, real=0.00 secs] 
275.264: Total time for which application threads were stopped: 0.0458360 seconds, Stopping threads took: 0.0452220 seconds
275.351: Application time: 0.0863600 seconds
275.393: [GC [PSYoungGen: 12850K->938K(13824K)] 25737K->13832K(45056K), 0.0008820 secs] [Times: user=0.00 sys=0.00, real=0.00 secs] 
275.394: Total time for which application threads were stopped: 0.0431980 seconds, Stopping threads took: 0.0422230 seconds
275.481: Application time: 0.0874180 seconds
275.536: [GC [PSYoungGen: 13143K->1523K(13824K)] 26038K->15252K(45056K), 0.0008370 secs] [Times: user=0.00 sys=0.01, real=0.01 secs] 
275.537: Total time for which application threads were stopped: 0.0557910 seconds, Stopping threads took: 0.0548890 seconds
275.640: Application time: 0.1026830 seconds
275.714: [GC [PSYoungGen: 13748K->547K(13824K)] 27476K->14275K(45056K), 0.0007990 secs] [Times: user=0.00 sys=0.00, real=0.00 secs] 
275.714: Total time for which application threads were stopped: 0.0745200 seconds, Stopping threads took: 0.0736280 seconds
275.799: Application time: 0.0849200 seconds
275.842: [GC [PSYoungGen: 12576K->726K(13824K)] 26305K->14454K(45056K), 0.0007370 secs] [Times: user=0.01 sys=0.00, real=0.00 secs] 
275.843: Total time for which application threads were stopped: 0.0439050 seconds, Stopping threads took: 0.0430800 seconds
275.928: Application time: 0.0850260 seconds
275.977: [GC [PSYoungGen: 12951K->1117K(13824K)] 26679K->14853K(45056K), 0.0006920 secs] [Times: user=0.00 sys=0.00, real=0.00 secs] 
275.977: Total time for which application threads were stopped: 0.0490850 seconds, Stopping threads took: 0.0482880 seconds
276.064: Application time: 0.0865490 seconds
276.104: [GC [PSYoungGen: 13342K->1527K(13824K)] 27078K->17384K(45056K), 0.0012120 secs] [Times: user=0.00 sys=0.00, real=0.00 secs] 
276.106: Total time for which application threads were stopped: 0.0416600 seconds, Stopping threads took: 0.0403730 seconds
276.197: Application time: 0.0917710 seconds
276.272: [GC [PSYoungGen: 13712K->1525K(13824K)] 29570K->18555K(45056K), 0.0011140 secs] [Times: user=0.01 sys=0.00, real=0.00 secs] 
276.273: Total time for which application threads were stopped: 0.0761960 seconds, Stopping threads took: 0.0749840 seconds
276.361: Application time: 0.0874990 seconds
276.432: [GC [PSYoungGen: 13809K->1394K(13824K)] 30838K->19009K(45056K), 0.0010690 secs] [Times: user=0.00 sys=0.00, real=0.00 secs] 
276.434: Total time for which application threads were stopped: 0.0726050 seconds, Stopping threads took: 0.0714630 seconds
276.523: Application time: 0.0892960 seconds
276.593: [GC [PSYoungGen: 13618K->1200K(13824K)] 31234K->18816K(45056K), 0.0007080 secs] [Times: user=0.01 sys=0.01, real=0.00 secs] 
276.594: Total time for which application threads were stopped: 0.0712700 seconds, Stopping threads took: 0.0704830 seconds
276.705: Application time: 0.1105970 seconds
276.780: [GC [PSYoungGen: 13484K->499K(13824K)] 31099K->18122K(45056K), 0.0006760 secs] [Times: user=0.00 sys=0.00, real=0.00 secs] 
276.782: Total time for which application threads were stopped: 0.0769110 seconds, Stopping threads took: 0.0752990 seconds
276.870: Application time: 0.0879810 seconds
276.945: [GC [PSYoungGen: 12528K->678K(13824K)] 30152K->18310K(45056K), 0.0007200 secs] [Times: user=0.00 sys=0.00, real=0.00 secs] 
276.946: Total time for which application threads were stopped: 0.0758550 seconds, Stopping threads took: 0.0750470 seconds
277.031: Application time: 0.0851190 seconds
277.075: [GC [PSYoungGen: 12903K->1085K(13824K)] 30534K->18732K(45056K), 0.0008200 secs] [Times: user=0.00 sys=0.00, real=0.00 secs] 
277.075: Total time for which application threads were stopped: 0.0447580 seconds, Stopping threads took: 0.0438680 seconds
277.158: Application time: 0.0823760 seconds
277.213: [GC [PSYoungGen: 13290K->240K(13824K)] 30938K->17887K(45056K), 0.0006690 secs] [Times: user=0.00 sys=0.00, real=0.00 secs] 
277.214: Total time for which application threads were stopped: 0.0563120 seconds, Stopping threads took: 0.0555690 seconds
277.295: Application time: 0.0804530 seconds
277.336: [GC [PSYoungGen: 12464K->726K(13824K)] 30112K->18382K(45056K), 0.0006280 secs] [Times: user=0.00 sys=0.00, real=0.01 secs] 
277.337: Total time for which application threads were stopped: 0.0420270 seconds, Stopping threads took: 0.0413140 seconds
277.415: Application time: 0.0781080 seconds
277.464: [GC [PSYoungGen: 12638K->774K(13824K)] 30294K->18430K(45056K), 0.0005710 secs] [Times: user=0.00 sys=0.00, real=0.00 secs] 
277.465: Total time for which application threads were stopped: 0.0498850 seconds, Stopping threads took: 0.0492260 seconds
277.544: Application time: 0.0793190 seconds
277.611: [GC [PSYoungGen: 12999K->1181K(13824K)] 30655K->18836K(45056K), 0.0006280 secs] [Times: user=0.00 sys=0.00, real=0.00 secs] 
277.612: Total time for which application threads were stopped: 0.0679840 seconds, Stopping threads took: 0.0672680 seconds
277.691: Application time: 0.0794760 seconds
277.731: [GC [PSYoungGen: 13406K->1165K(13824K)] 31061K->19211K(45056K), 0.0008360 secs] [Times: user=0.01 sys=0.00, real=0.00 secs] 
277.732: Total time for which application threads were stopped: 0.0401370 seconds, Stopping threads took: 0.0392230 seconds
277.811: Application time: 0.0794380 seconds
277.849: [GC [PSYoungGen: 13370K->1458K(13824K)] 31416K->19895K(45056K), 0.0008550 secs] [Times: user=0.00 sys=0.00, real=0.00 secs] 
277.850: Total time for which application threads were stopped: 0.0388380 seconds, Stopping threads took: 0.0379160 seconds
277.931: Application time: 0.0815250 seconds
277.996: [GC [PSYoungGen: 13526K->742K(13824K)] 31963K->19179K(45056K), 0.0005360 secs] [Times: user=0.00 sys=0.00, real=0.00 secs] 
277.996: Total time for which application threads were stopped: 0.0648530 seconds, Stopping threads took: 0.0642520 seconds
278.075: Application time: 0.0789460 seconds
278.115: [GC [PSYoungGen: 12967K->1181K(13824K)] 31404K->19618K(45056K), 0.0005860 secs] [Times: user=0.00 sys=0.00, real=0.00 secs] 
278.116: Total time for which application threads were stopped: 0.0406210 seconds, Stopping threads took: 0.0399690 seconds
278.197: Application time: 0.0816520 seconds
278.254: [GC [PSYoungGen: 13386K->304K(13824K)] 31823K->18740K(45056K), 0.0004370 secs] [Times: user=0.00 sys=0.00, real=0.00 secs] 
278.254: Total time for which application threads were stopped: 0.0569730 seconds, Stopping threads took: 0.0564590 seconds
278.346: Application time: 0.0917970 seconds
278.388: [GC [PSYoungGen: 12490K->1490K(13824K)] 30926K->20138K(45056K), 0.0007250 secs] [Times: user=0.00 sys=0.00, real=0.01 secs] 
278.389: Total time for which application threads were stopped: 0.0425650 seconds, Stopping threads took: 0.0417610 seconds
278.472: Application time: 0.0830130 seconds
278.536: [GC [PSYoungGen: 13715K->954K(13824K)] 32363K->19626K(45056K), 0.0005710 secs] [Times: user=0.00 sys=0.00, real=0.00 secs] 
278.536: Total time for which application threads were stopped: 0.0645430 seconds, Stopping threads took: 0.0638830 seconds
278.616: Application time: 0.0792490 seconds
278.659: [GC [PSYoungGen: 13061K->1165K(13824K)] 31733K->19837K(45056K), 0.0006050 secs] [Times: user=0.01 sys=0.00, real=0.00 secs] 
278.660: Total time for which application threads were stopped: 0.0445470 seconds, Stopping threads took: 0.0438720 seconds
278.741: Application time: 0.0810260 seconds
278.806: [GC [PSYoungGen: 13292K->336K(13824K)] 31964K->19032K(45056K), 0.0007020 secs] [Times: user=0.00 sys=0.00, real=0.00 secs] 
278.807: Total time for which application threads were stopped: 0.0659940 seconds, Stopping threads took: 0.0651940 seconds
278.885: Application time: 0.0782690 seconds
278.931: [GC [PSYoungGen: 12560K->1376K(13824K)] 31256K->21635K(45056K), 0.0011240 secs] [Times: user=0.01 sys=0.00, real=0.00 secs] 
278.932: Total time for which application threads were stopped: 0.0465320 seconds, Stopping threads took: 0.0453420 seconds
279.029: Application time: 0.0966680 seconds
279.096: [GC [PSYoungGen: 13601K->1165K(13824K)] 33860K->21424K(45056K), 0.0006030 secs] [Times: user=0.01 sys=0.00, real=0.00 secs] 
279.097: Total time for which application threads were stopped: 0.0683810 seconds, Stopping threads took: 0.0677050 seconds
279.179: Application time: 0.0815610 seconds
279.240: [GC [PSYoungGen: 13292K->336K(13824K)] 33551K->20610K(45056K), 0.0005020 secs] [Times: user=0.00 sys=0.00, real=0.00 secs] 
279.241: Total time for which application threads were stopped: 0.0622090 seconds, Stopping threads took: 0.0616390 seconds
279.319: Application time: 0.0781330 seconds
279.325: [GC [PSYoungGen: 12345K->1524K(13824K)] 32620K->23995K(45056K), 0.0012580 secs] [Times: user=0.01 sys=0.00, real=0.00 secs] 
279.327: Total time for which application threads were stopped: 0.0076570 seconds, Stopping threads took: 0.0063180 seconds
279.430: Application time: 0.1034130 seconds
279.501: [GC [PSYoungGen: 13650K->694K(13824K)] 36122K->23174K(45056K), 0.0004450 secs] [Times: user=0.00 sys=0.00, real=0.00 secs] 
279.501: Total time for which application threads were stopped: 0.0712130 seconds, Stopping threads took: 0.0707040 seconds
279.580: Application time: 0.0791720 seconds
279.622: [GC [PSYoungGen: 12899K->1508K(13824K)] 35379K->24573K(45056K), 0.0009930 secs] [Times: user=0.00 sys=0.00, real=0.00 secs] 
279.623: Total time for which application threads were stopped: 0.0427400 seconds, Stopping threads took: 0.0416750 seconds
279.716: Application time: 0.0932640 seconds
279.784: [GC [PSYoungGen: 13674K->1117K(13824K)] 36739K->24182K(45056K), 0.0006270 secs] [Times: user=0.00 sys=0.00, real=0.00 secs] 
279.785: Total time for which application threads were stopped: 0.0684010 seconds, Stopping threads took: 0.0677110 seconds
279.891: Application time: 0.1058660 seconds
279.951: [GC [PSYoungGen: 13401K->336K(13824K)] 36466K->23409K(45056K), 0.0004680 secs] [Times: user=0.00 sys=0.00, real=0.00 secs] 
279.952: Total time for which application threads were stopped: 0.0611110 seconds, Stopping threads took: 0.0605710 seconds
280.030: Application time: 0.0779550 seconds
280.070: [GC [PSYoungGen: 12463K->1492K(13824K)] 35536K->24768K(45056K), 0.0007550 secs] [Times: user=0.00 sys=0.00, real=0.00 secs] 
280.071: Total time for which application threads were stopped: 0.0407530 seconds, Stopping threads took: 0.0399300 seconds
280.153: Application time: 0.0822560 seconds
280.216: [GC [PSYoungGen: 13423K->726K(13824K)] 36700K->24003K(45056K), 0.0007890 secs] [Times: user=0.00 sys=0.00, real=0.00 secs] 
280.216: Total time for which application threads were stopped: 0.0635810 seconds, Stopping threads took: 0.0627140 seconds
280.296: Application time: 0.0793070 seconds
280.336: [GC [PSYoungGen: 12951K->1117K(13824K)] 36228K->24410K(45056K), 0.0006490 secs] [Times: user=0.00 sys=0.00, real=0.01 secs] 
280.337: Total time for which application threads were stopped: 0.0408850 seconds, Stopping threads took: 0.0401430 seconds
280.417: Application time: 0.0802790 seconds
280.486: [GC [PSYoungGen: 13322K->352K(13824K)] 36615K->23652K(45056K), 0.0006090 secs] [Times: user=0.00 sys=0.00, real=0.00 secs] 
280.487: Total time for which application threads were stopped: 0.0696990 seconds, Stopping threads took: 0.0689970 seconds
280.567: Application time: 0.0809230 seconds
280.615: [GC [PSYoungGen: 12576K->742K(13824K)] 35877K->24043K(45056K), 0.0005420 secs] [Times: user=0.00 sys=0.00, real=0.00 secs] 
280.616: Total time for which application threads were stopped: 0.0482530 seconds, Stopping threads took: 0.0476480 seconds
280.695: Application time: 0.0796380 seconds
280.745: [GC [PSYoungGen: 12967K->1442K(13824K)] 36268K->25532K(45056K), 0.0008860 secs] [Times: user=0.00 sys=0.00, real=0.00 secs] 
280.746: Total time for which application threads were stopped: 0.0510010 seconds, Stopping threads took: 0.0500240 seconds
280.826: Application time: 0.0799480 seconds
280.897: [GC [PSYoungGen: 13569K->288K(13824K)] 37659K->24378K(45056K), 0.0004260 secs] [Times: user=0.00 sys=0.00, real=0.00 secs] 
280.897: Total time for which application threads were stopped: 0.0709580 seconds, Stopping threads took: 0.0704700 seconds
280.976: Application time: 0.0792080 seconds
281.019: [GC [PSYoungGen: 12473K->1376K(13824K)] 36563K->26833K(45056K), 0.0010720 secs] [Times: user=0.01 sys=0.00, real=0.00 secs] 
281.020: Total time for which application threads were stopped: 0.0434950 seconds, Stopping threads took: 0.0423450 seconds
281.102: Application time: 0.0816030 seconds
281.174: [GC [PSYoungGen: 13601K->970K(13824K)] 39058K->26427K(45056K), 0.0005040 secs] [Times: user=0.00 sys=0.00, real=0.00 secs] 
281.174: Total time for which application threads were stopped: 0.0727180 seconds, Stopping threads took: 0.0721540 seconds
281.261: Application time: 0.0870470 seconds
281.327: [GC [PSYoungGen: 13155K->1117K(13824K)] 38613K->26574K(45056K), 0.0006310 secs] [Times: user=0.00 sys=0.00, real=0.00 secs] 
281.327: Total time for which application threads were stopped: 0.0659090 seconds, Stopping threads took: 0.0652140 seconds
281.426: Application time: 0.0986740 seconds
281.493: [GC [PSYoungGen: 13401K->320K(13824K)] 38858K->25785K(45056K), 0.0008630 secs] [Times: user=0.00 sys=0.00, real=0.00 secs] 
281.494: Total time for which application threads were stopped: 0.0683440 seconds, Stopping threads took: 0.0674150 seconds
281.580: Application time: 0.0856120 seconds
281.634: [GC [PSYoungGen: 12330K->1360K(13824K)] 37795K->27021K(45056K), 0.0009210 secs] [Times: user=0.00 sys=0.00, real=0.00 secs] 
281.635: Total time for which application threads were stopped: 0.0552150 seconds, Stopping threads took: 0.0542000 seconds
281.719: Application time: 0.0839130 seconds
281.782: [GC [PSYoungGen: 13487K->790K(13824K)] 39148K->26459K(45056K), 0.0004870 secs] [Times: user=0.00 sys=0.00, real=0.00 secs] 
281.784: Total time for which application threads were stopped: 0.0648630 seconds, Stopping threads took: 0.0632620 seconds
281.862: Application time: 0.0779920 seconds
281.902: [GC [PSYoungGen: 12995K->1490K(13824K)] 38664K->28932K(45056K), 0.0012920 secs] [Times: user=0.01 sys=0.00, real=0.00 secs] 
281.903: Total time for which application threads were stopped: 0.0410650 seconds, Stopping threads took: 0.0396980 seconds
282.002: Application time: 0.0990710 seconds
282.070: [GC [PSYoungGen: 13715K->320K(13824K)] 41157K->27778K(45056K), 0.0004670 secs] [Times: user=0.00 sys=0.00, real=0.00 secs] 
282.070: Total time for which application threads were stopped: 0.0679650 seconds, Stopping threads took: 0.0674330 seconds
282.148: Application time: 0.0784030 seconds
282.188: [GC [PSYoungGen: 12251K->1506K(13824K)] 39710K->30136K(45056K), 0.0010330 secs] [Times: user=0.00 sys=0.00, real=0.00 secs] 
282.190: Total time for which application threads were stopped: 0.0410690 seconds, Stopping threads took: 0.0399480 seconds
282.269: Application time: 0.0797560 seconds
282.342: [GC [PSYoungGen: 13633K->694K(13824K)] 42263K->29325K(45056K), 0.0005800 secs] [Times: user=0.00 sys=0.00, real=0.00 secs] 
282.342: Total time for which application threads were stopped: 0.0730240 seconds, Stopping threads took: 0.0723560 seconds
282.421: Application time: 0.0789870 seconds
282.463: [GC [PSYoungGen: 12919K->1376K(13824K)] 41549K->31960K(45056K), 0.0011890 secs] [Times: user=0.00 sys=0.00, real=0.00 secs] 
282.465: [Full GC [PSYoungGen: 1376K->0K(13824K)] [ParOldGen: 30583K->4722K(31232K)] 31960K->4722K(45056K) [PSPermGen: 5149K->5149K(21504K)], 0.0041240 secs] [Times: user=0.02 sys=0.00, real=0.01 secs] 
282.469: Total time for which application threads were stopped: 0.0475110 seconds, Stopping threads took: 0.0420730 seconds
282.552: Application time: 0.0836920 seconds
282.617: [GC [PSYoungGen: 12224K->1427K(13824K)] 16947K->6150K(45056K), 0.0005620 secs] [Times: user=0.00 sys=0.00, real=0.00 secs] 
282.617: Total time for which application threads were stopped: 0.0646610 seconds, Stopping threads took: 0.0640370 seconds
282.699: Application time: 0.0821360 seconds
282.756: [GC [PSYoungGen: 13711K->582K(13824K)] 18434K->5305K(45056K), 0.0004020 secs] [Times: user=0.00 sys=0.00, real=0.01 secs] 
282.757: Total time for which application threads were stopped: 0.0574040 seconds, Stopping threads took: 0.0569320 seconds
282.837: Application time: 0.0801090 seconds
282.911: [GC [PSYoungGen: 12768K->841K(13824K)] 17491K->5564K(45056K), 0.0006150 secs] [Times: user=0.00 sys=0.00, real=0.00 secs] 
282.911: Total time for which application threads were stopped: 0.0744220 seconds, Stopping threads took: 0.0737380 seconds
282.990: Application time: 0.0787790 seconds
283.032: [GC [PSYoungGen: 12949K->1053K(13824K)] 17672K->5775K(45056K), 0.0008250 secs] [Times: user=0.01 sys=0.00, real=0.00 secs] 
283.033: Total time for which application threads were stopped: 0.0430530 seconds, Stopping threads took: 0.0421410 seconds
283.140: Application time: 0.1071150 seconds
283.196: [GC [PSYoungGen: 13337K->304K(13824K)] 18059K->5026K(45056K), 0.0005270 secs] [Times: user=0.00 sys=0.00, real=0.01 secs] 
283.197: Total time for which application threads were stopped: 0.0567020 seconds, Stopping threads took: 0.0560860 seconds
283.277: Application time: 0.0805040 seconds
283.319: [GC [PSYoungGen: 12528K->694K(13824K)] 17251K->5417K(45056K), 0.0005800 secs] [Times: user=0.00 sys=0.00, real=0.00 secs] 
283.320: Total time for which application threads were stopped: 0.0421780 seconds, Stopping threads took: 0.0415100 seconds
283.399: Application time: 0.0791700 seconds
283.443: [GC [PSYoungGen: 12724K->1527K(13824K)] 17446K->7773K(45056K), 0.0013600 secs] [Times: user=0.00 sys=0.00, real=0.00 secs] 
283.444: Total time for which application threads were stopped: 0.0451430 seconds, Stopping threads took: 0.0436920 seconds
283.525: Application time: 0.0809530 seconds
283.592: [GC [PSYoungGen: 13751K->1232K(13824K)] 19997K->7478K(45056K), 0.0006200 secs] [Times: user=0.00 sys=0.00, real=0.00 secs] 
283.592: Total time for which application threads were stopped: 0.0676170 seconds, Stopping threads took: 0.0669310 seconds
283.675: Application time: 0.0824290 seconds
283.740: [GC [PSYoungGen: 13437K->419K(13824K)] 19684K->6665K(45056K), 0.0004810 secs] [Times: user=0.00 sys=0.00, real=0.00 secs] 
283.740: Total time for which application threads were stopped: 0.0652790 seconds, Stopping threads took: 0.0647330 seconds
283.821: Application time: 0.0804210 seconds
283.858: [GC [PSYoungGen: 12643K->1443K(13824K)] 18890K->9252K(45056K), 0.0010840 secs] [Times: user=0.00 sys=0.00, real=0.00 secs] 
283.859: Total time for which application threads were stopped: 0.0385080 seconds, Stopping threads took: 0.0373500 seconds
283.960: Application time: 0.1010610 seconds
284.029: [GC [PSYoungGen: 13551K->1037K(13824K)] 21360K->8846K(45056K), 0.0005670 secs] [Times: user=0.00 sys=0.00, real=0.00 secs] 
284.030: Total time for which application threads were stopped: 0.0697910 seconds, Stopping threads took: 0.0691480 seconds
284.118: Application time: 0.0882980 seconds
284.183: [GC [PSYoungGen: 13262K->1427K(13824K)] 21070K->9236K(45056K), 0.0006960 secs] [Times: user=0.00 sys=0.00, real=0.00 secs] 
284.183: Total time for which application threads were stopped: 0.0651880 seconds, Stopping threads took: 0.0644260 seconds
284.264: Application time: 0.0802450 seconds
284.329: [GC [PSYoungGen: 13652K->1427K(13824K)] 21461K->9627K(45056K), 0.0006970 secs] [Times: user=0.00 sys=0.00, real=0.00 secs] 
284.330: Total time for which application threads were stopped: 0.0658760 seconds, Stopping threads took: 0.0651130 seconds
284.413: Application time: 0.0832510 seconds
284.466: [GC [PSYoungGen: 13711K->1037K(13824K)] 21910K->9236K(45056K), 0.0006140 secs] [Times: user=0.00 sys=0.00, real=0.00 secs] 
284.467: Total time for which application threads were stopped: 0.0539620 seconds, Stopping threads took: 0.0532740 seconds
284.550: Application time: 0.0834980 seconds
284.616: [GC [PSYoungGen: 13320K->304K(13824K)] 21520K->8503K(45056K), 0.0004460 secs] [Times: user=0.00 sys=0.00, real=0.01 secs] 
284.617: Total time for which application threads were stopped: 0.0662680 seconds, Stopping threads took: 0.0657590 seconds
284.697: Application time: 0.0800380 seconds
284.735: [GC [PSYoungGen: 12528K->678K(13824K)] 20728K->8902K(45056K), 0.0005370 secs] [Times: user=0.01 sys=0.00, real=0.00 secs] 
284.736: Total time for which application threads were stopped: 0.0392980 seconds, Stopping threads took: 0.0386880 seconds
284.816: Application time: 0.0796220 seconds
284.857: [GC [PSYoungGen: 12591K->1442K(13824K)] 20814K->10064K(45056K), 0.0010070 secs] [Times: user=0.01 sys=0.00, real=0.00 secs] 
284.858: Total time for which application threads were stopped: 0.0421710 seconds, Stopping threads took: 0.0410700 seconds
284.938: Application time: 0.0798170 seconds
284.978: [GC [PSYoungGen: 13647K->1490K(13824K)] 22269K->11894K(45056K), 0.0011580 secs] [Times: user=0.00 sys=0.00, real=0.00 secs] 
284.980: Total time for which application threads were stopped: 0.0420430 seconds, Stopping threads took: 0.0407870 seconds
285.065: Application time: 0.0857780 seconds
285.138: [GC [PSYoungGen: 13695K->1312K(13824K)] 24099K->11740K(45056K), 0.0007120 secs] [Times: user=0.00 sys=0.00, real=0.00 secs] 
285.139: Total time for which application threads were stopped: 0.0735630 seconds, Stopping threads took: 0.0727570 seconds
285.226: Application time: 0.0875000 seconds
285.298: [GC [PSYoungGen: 13439K->579K(13824K)] 23867K->11015K(45056K), 0.0004450 secs] [Times: user=0.00 sys=0.00, real=0.00 secs] 
285.298: Total time for which application threads were stopped: 0.0717040 seconds, Stopping threads took: 0.0711970 seconds
285.383: Application time: 0.0852720 seconds
285.426: [GC [PSYoungGen: 12706K->1506K(13824K)] 23142K->13504K(45056K), 0.0013200 secs] [Times: user=0.00 sys=0.00, real=0.00 secs] 
285.428: Total time for which application threads were stopped: 0.0441480 seconds, Stopping threads took: 0.0427320 seconds
285.521: Application time: 0.0930630 seconds
285.601: [GC [PSYoungGen: 13633K->1165K(13824K)] 25631K->13163K(45056K), 0.0006280 secs] [Times: user=0.00 sys=0.00, real=0.00 secs] 
285.602: Total time for which application threads were stopped: 0.0812030 seconds, Stopping threads took: 0.0804710 seconds
285.695: Application time: 0.0936170 seconds
285.775: [GC [PSYoungGen: 13370K->352K(13824K)] 25369K->12350K(45056K), 0.0005230 secs] [Times: user=0.00 sys=0.00, real=0.00 secs] 
285.775: Total time for which application threads were stopped: 0.0797670 seconds, Stopping threads took: 0.0791550 seconds
285.861: Application time: 0.0856640 seconds
285.907: [GC [PSYoungGen: 12459K->579K(13824K)] 24458K->12593K(45056K), 0.0005490 secs] [Times: user=0.00 sys=0.00, real=0.00 secs] 
285.908: Total time for which application threads were stopped: 0.0468640 seconds, Stopping threads took: 0.0462250 seconds
285.992: Application time: 0.0845130 seconds
286.038: [GC [PSYoungGen: 12687K->1474K(13824K)] 24701K->13879K(45056K), 0.0007850 secs] [Times: user=0.01 sys=0.00, real=0.00 secs] 
286.039: Total time for which application threads were stopped: 0.0464820 seconds, Stopping threads took: 0.0456290 seconds
286.127: Application time: 0.0886830 seconds
286.197: [GC [PSYoungGen: 13581K->986K(13824K)] 25987K->13399K(45056K), 0.0006040 secs] [Times: user=0.00 sys=0.00, real=0.00 secs] 
286.198: Total time for which application threads were stopped: 0.0705350 seconds, Stopping threads took: 0.0698510 seconds
286.284: Application time: 0.0860100 seconds
286.327: [GC [PSYoungGen: 13113K->1522K(13824K)] 25526K->15896K(45056K), 0.0011920 secs] [Times: user=0.00 sys=0.00, real=0.01 secs] 
286.329: Total time for which application threads were stopped: 0.0445940 seconds, Stopping threads took: 0.0433340 seconds
286.423: Application time: 0.0947890 seconds
286.496: [GC [PSYoungGen: 13629K->1408K(13824K)] 28004K->16955K(45056K), 0.0009360 secs] [Times: user=0.00 sys=0.00, real=0.01 secs] 
286.497: Total time for which application threads were stopped: 0.0737520 seconds, Stopping threads took: 0.0727410 seconds
286.597: Application time: 0.0995750 seconds
286.671: [GC [PSYoungGen: 13516K->547K(13824K)] 29062K->16109K(45056K), 0.0005790 secs] [Times: user=0.00 sys=0.00, real=0.00 secs] 
286.672: Total time for which application threads were stopped: 0.0752820 seconds, Stopping threads took: 0.0746120 seconds
286.757: Application time: 0.0851210 seconds
286.801: [GC [PSYoungGen: 12654K->1474K(13824K)] 28217K->17443K(45056K), 0.0008130 secs] [Times: user=0.01 sys=0.00, real=0.00 secs] 
286.802: Total time for which application threads were stopped: 0.0450080 seconds, Stopping threads took: 0.0433420 seconds
286.892: Application time: 0.0893580 seconds
286.935: [GC [PSYoungGen: 13679K->1525K(13824K)] 29648K->19177K(45056K), 0.0011710 secs] [Times: user=0.01 sys=0.00, real=0.01 secs] 
286.937: Total time for which application threads were stopped: 0.0451680 seconds, Stopping threads took: 0.0439210 seconds
287.026: Application time: 0.0890750 seconds
287.100: [GC [PSYoungGen: 13652K->1264K(13824K)] 31304K->18924K(45056K), 0.0007420 secs] [Times: user=0.00 sys=0.00, real=0.00 secs] 
287.101: Total time for which application threads were stopped: 0.0748160 seconds, Stopping threads took: 0.0739810 seconds
287.188: Application time: 0.0869450 seconds
287.261: [GC [PSYoungGen: 13391K->451K(13824K)] 31051K->18127K(45056K), 0.0005560 secs] [Times: user=0.00 sys=0.00, real=0.00 secs] 
287.262: Total time for which application threads were stopped: 0.0744940 seconds, Stopping threads took: 0.0738440 seconds
287.348: Application time: 0.0863630 seconds
287.394: [GC [PSYoungGen: 12734K->1475K(13824K)] 30410K->19558K(45056K), 0.0008830 secs] [Times: user=0.00 sys=0.00, real=0.00 secs] 
287.395: Total time for which application threads were stopped: 0.0461440 seconds, Stopping threads took: 0.0451750 seconds
287.483: Application time: 0.0884880 seconds
287.554: [GC [PSYoungGen: 13602K->1069K(13824K)] 31685K->19151K(45056K), 0.0009490 secs] [Times: user=0.00 sys=0.00, real=0.00 secs] 
287.555: Total time for which application threads were stopped: 0.0719580 seconds, Stopping threads took: 0.0709150 seconds
287.642: Application time: 0.0872400 seconds
287.685: [GC [PSYoungGen: 13294K->1491K(13824K)] 31376K->19574K(45056K), 0.0007410 secs] [Times: user=0.00 sys=0.00, real=0.00 secs] 
287.686: Total time for which application threads were stopped: 0.0434220 seconds, Stopping threads took: 0.0425870 seconds
287.774: Application time: 0.0879250 seconds
287.837: [GC [PSYoungGen: 13619K->646K(13824K)] 31701K->18729K(45056K), 0.0005510 secs] [Times: user=0.00 sys=0.00, real=0.00 secs] 
287.837: Total time for which application threads were stopped: 0.0637940 seconds, Stopping threads took: 0.0631700 seconds
287.923: Application time: 0.0856840 seconds
287.971: [GC [PSYoungGen: 12930K->1508K(13824K)] 31012K->20184K(45056K), 0.0008570 secs] [Times: user=0.01 sys=0.00, real=0.00 secs] 
287.972: Total time for which application threads were stopped: 0.0485210 seconds, Stopping threads took: 0.0475750 seconds
288.070: Application time: 0.0981450 seconds
288.144: [GC [PSYoungGen: 13713K->1296K(13824K)] 32389K->19981K(45056K), 0.0006950 secs] [Times: user=0.00 sys=0.00, real=0.00 secs] 
288.145: Total time for which application threads were stopped: 0.0751160 seconds, Stopping threads took: 0.0743460 seconds
288.231: Application time: 0.0864660 seconds
288.305: [GC [PSYoungGen: 13502K->531K(13824K)] 32186K->19231K(45056K), 0.0006080 secs] [Times: user=0.00 sys=0.00, real=0.00 secs] 
288.306: Total time for which application threads were stopped: 0.0747560 seconds, Stopping threads took: 0.0740560 seconds
288.394: Application time: 0.0882800 seconds
288.436: [GC [PSYoungGen: 12658K->1508K(13824K)] 31358K->20614K(45056K), 0.0008850 secs] [Times: user=0.00 sys=0.00, real=0.01 secs] 
288.437: Total time for which application threads were stopped: 0.0426710 seconds, Stopping threads took: 0.0416890 seconds
288.525: Application time: 0.0877130 seconds
288.596: [GC [PSYoungGen: 13791K->1165K(13824K)] 32898K->20272K(45056K), 0.0006160 secs] [Times: user=0.00 sys=0.00, real=0.01 secs] 
288.597: Total time for which application threads were stopped: 0.0720900 seconds, Stopping threads took: 0.0713930 seconds
288.685: Application time: 0.0885390 seconds
288.745: [GC [PSYoungGen: 13292K->288K(13824K)] 32399K->19411K(45056K), 0.0005400 secs] [Times: user=0.00 sys=0.00, real=0.00 secs] 
288.746: Total time for which application threads were stopped: 0.0601480 seconds, Stopping threads took: 0.0595340 seconds
288.832: Application time: 0.0866180 seconds
288.877: [GC [PSYoungGen: 12512K->742K(13824K)] 31635K->19873K(45056K), 0.0005210 secs] [Times: user=0.00 sys=0.00, real=0.00 secs] 
288.878: Total time for which application threads were stopped: 0.0455220 seconds, Stopping threads took: 0.0449330 seconds
288.965: Application time: 0.0875150 seconds
289.006: [GC [PSYoungGen: 12850K->1490K(13824K)] 31981K->21215K(45056K), 0.0008810 secs] [Times: user=0.00 sys=0.00, real=0.00 secs] 
289.007: Total time for which application threads were stopped: 0.0415800 seconds, Stopping threads took: 0.0406240 seconds
289.094: Application time: 0.0871170 seconds
289.160: [GC [PSYoungGen: 13597K->1149K(13824K)] 33322K->20898K(45056K), 0.0005820 secs] [Times: user=0.00 sys=0.00, real=0.00 secs] 
289.160: Total time for which application threads were stopped: 0.0662570 seconds, Stopping threads took: 0.0656010 seconds
289.239: Application time: 0.0791840 seconds
289.280: [GC [PSYoungGen: 13374K->1343K(13824K)] 33122K->22459K(45056K), 0.0009910 secs] [Times: user=0.00 sys=0.00, real=0.00 secs] 
289.281: Total time for which application threads were stopped: 0.0418310 seconds, Stopping threads took: 0.0407720 seconds
289.365: Application time: 0.0840410 seconds
289.439: [GC [PSYoungGen: 13548K->758K(13824K)] 34664K->21874K(45056K), 0.0007160 secs] [Times: user=0.00 sys=0.00, real=0.00 secs] 
289.440: Total time for which application threads were stopped: 0.0744200 seconds, Stopping threads took: 0.0736140 seconds
289.518: Application time: 0.0783750 seconds
289.561: [GC [PSYoungGen: 12670K->742K(13824K)] 33787K->21866K(45056K), 0.0005240 secs] [Times: user=0.00 sys=0.00, real=0.00 secs] 
289.561: Total time for which application threads were stopped: 0.0430840 seconds, Stopping threads took: 0.0424910 seconds
289.640: Application time: 0.0791060 seconds
289.678: [GC [PSYoungGen: 12967K->1458K(13824K)] 34091K->23363K(45056K), 0.0008730 secs] [Times: user=0.00 sys=0.00, real=0.00 secs] 
289.679: Total time for which application threads were stopped: 0.0386940 seconds, Stopping threads took: 0.0377410 seconds
289.782: Application time: 0.1026540 seconds
289.849: [GC [PSYoungGen: 13585K->352K(13824K)] 35490K->22257K(45056K), 0.0004450 secs] [Times: user=0.00 sys=0.00, real=0.00 secs] 
289.849: Total time for which application threads were stopped: 0.0674730 seconds, Stopping threads took: 0.0669640 seconds
289.934: Application time: 0.0847280 seconds
290.001: [GC [PSYoungGen: 12616K->579K(13824K)] 34521K->22484K(45056K), 0.0006330 secs] [Times: user=0.00 sys=0.00, real=0.00 secs] 
290.001: Total time for which application threads were stopped: 0.0674130 seconds, Stopping threads took: 0.0666900 seconds
290.080: Application time: 0.0790560 seconds
290.119: [GC [PSYoungGen: 12686K->790K(13824K)] 34592K->22712K(45056K), 0.0005900 secs] [Times: user=0.01 sys=0.00, real=0.00 secs] 
290.120: Total time for which application threads were stopped: 0.0393780 seconds, Stopping threads took: 0.0386990 seconds
290.199: Application time: 0.0795740 seconds
290.237: [GC [PSYoungGen: 12917K->1408K(13824K)] 34839K->24127K(45056K), 0.0010190 secs] [Times: user=0.00 sys=0.00, real=0.00 secs] 
290.238: Total time for which application threads were stopped: 0.0391580 seconds, Stopping threads took: 0.0380360 seconds
290.334: Application time: 0.0957250 seconds
290.403: [GC [PSYoungGen: 13633K->336K(13824K)] 36352K->23070K(45056K), 0.0006370 secs] [Times: user=0.00 sys=0.00, real=0.00 secs] 
290.404: Total time for which application threads were stopped: 0.0697130 seconds, Stopping threads took: 0.0690050 seconds
290.485: Application time: 0.0808620 seconds
290.523: [GC [PSYoungGen: 12443K->579K(13824K)] 35178K->23314K(45056K), 0.0006050 secs] [Times: user=0.00 sys=0.00, real=0.00 secs] 
290.524: Total time for which application threads were stopped: 0.0388770 seconds, Stopping threads took: 0.0381880 seconds
290.603: Application time: 0.0796520 seconds
290.644: [GC [PSYoungGen: 12784K->1376K(13824K)] 35519K->24713K(45056K), 0.0010060 secs] [Times: user=0.01 sys=0.00, real=0.00 secs] 
290.645: Total time for which application threads were stopped: 0.0416820 seconds, Stopping threads took: 0.0406060 seconds
290.726: Application time: 0.0806970 seconds
290.791: [GC [PSYoungGen: 13503K->1165K(13824K)] 36840K->24502K(45056K), 0.0006720 secs] [Times: user=0.00 sys=0.00, real=0.00 secs] 
290.792: Total time for which application threads were stopped: 0.0662850 seconds, Stopping threads took: 0.0655310 seconds
290.874: Application time: 0.0817350 seconds
290.929: [GC [PSYoungGen: 13292K->336K(13824K)] 36629K->23672K(45056K), 0.0004640 secs] [Times: user=0.00 sys=0.00, real=0.00 secs] 
290.930: Total time for which application threads were stopped: 0.0561370 seconds, Stopping threads took: 0.0556020 seconds
291.007: Application time: 0.0771230 seconds
291.046: [GC [PSYoungGen: 12619K->1490K(13824K)] 35956K->26202K(45056K), 0.0011090 secs] [Times: user=0.00 sys=0.00, real=0.00 secs] 
291.048: Total time for which application threads were stopped: 0.0405950 seconds, Stopping threads took: 0.0394170 seconds
291.128: Application time: 0.0803630 seconds
291.189: [GC [PSYoungGen: 13714K->1490K(13824K)] 38427K->27968K(45056K), 0.0014050 secs] [Times: user=0.00 sys=0.00, real=0.00 secs] 
291.190: Total time for which application threads were stopped: 0.0621240 seconds, Stopping threads took: 0.0606310 seconds
291.284: Application time: 0.0941400 seconds
291.356: [GC [PSYoungGen: 13715K->288K(13824K)] 40193K->26766K(45056K), 0.0005000 secs] [Times: user=0.00 sys=0.00, real=0.01 secs] 
291.357: Total time for which application threads were stopped: 0.0726330 seconds, Stopping threads took: 0.0720580 seconds
291.438: Application time: 0.0811770 seconds
291.506: [GC [PSYoungGen: 12395K->579K(13824K)] 38873K->27065K(45056K), 0.0005020 secs] [Times: user=0.00 sys=0.00, real=0.00 secs] 
291.506: Total time for which application threads were stopped: 0.0684170 seconds, Stopping threads took: 0.0678260 seconds
291.587: Application time: 0.0805460 seconds
291.625: [GC [PSYoungGen: 12746K->1522K(13824K)] 39231K->29383K(45056K), 0.0011310 secs] [Times: user=0.01 sys=0.00, real=0.00 secs] 
291.626: Total time for which application threads were stopped: 0.0387530 seconds, Stopping threads took: 0.0375310 seconds
291.708: Application time: 0.0823100 seconds
291.780: [GC [PSYoungGen: 13649K->938K(13824K)] 41510K->28799K(45056K), 0.0005380 secs] [Times: user=0.00 sys=0.00, real=0.00 secs] 
291.781: Total time for which application threads were stopped: 0.0726140 seconds, Stopping threads took: 0.0720010 seconds
291.864: Application time: 0.0829810 seconds
291.933: [GC [PSYoungGen: 13162K->1344K(13824K)] 41024K->29205K(45056K), 0.0006710 secs] [Times: user=0.00 sys=0.00, real=0.00 secs] 
291.934: Total time for which application threads were stopped: 0.0708370 seconds, Stopping threads took: 0.0691840 seconds
292.016: Application time: 0.0812120 seconds
292.082: [GC [PSYoungGen: 13471K->579K(13824K)] 41333K->28456K(45056K), 0.0004980 secs] [Times: user=0.01 sys=0.00, real=0.00 secs] 
292.082: Total time for which application threads were stopped: 0.0666850 seconds, Stopping threads took: 0.0661110 seconds
292.162: Application time: 0.0796060 seconds
292.199: [GC [PSYoungGen: 12784K->1522K(13824K)] 40662K->30970K(45056K), 0.0011120 secs] [Times: user=0.01 sys=0.00, real=0.00 secs] 
292.201: [Full GC [PSYoungGen: 1522K->0K(13824K)] [ParOldGen: 29447K->4433K(31232K)] 30970K->4433K(45056K) [PSPermGen: 5149K->5149K(21504K)], 0.0043260 secs] [Times: user=0.01 sys=0.00, real=0.00 secs] 
292.205: Total time for which application threads were stopped: 0.0429600 seconds, Stopping threads took: 0.0374100 seconds
292.302: Application time: 0.0973600 seconds
292.369: [GC [PSYoungGen: 12205K->973K(13824K)] 16638K->5406K(45056K), 0.0005670 secs] [Times: user=0.01 sys=0.00, real=0.00 secs] 
292.370: Total time for which application threads were stopped: 0.0677720 seconds, Stopping threads took: 0.0671390 seconds
292.468: Application time: 0.0978920 seconds
292.534: [GC [PSYoungGen: 13178K->160K(13824K)] 17612K->4593K(45056K), 0.0004810 secs] [Times: user=0.01 sys=0.00, real=0.00 secs] 
292.535: Total time for which application threads were stopped: 0.0666200 seconds, Stopping threads took: 0.0660610 seconds
292.613: Application time: 0.0783370 seconds
292.653: [GC [PSYoungGen: 12365K->1427K(13824K)] 16798K->6056K(45056K), 0.0008320 secs] [Times: user=0.00 sys=0.00, real=0.00 secs] 
292.654: Total time for which application threads were stopped: 0.0412150 seconds, Stopping threads took: 0.0403100 seconds
292.736: Application time: 0.0815290 seconds
292.802: [GC [PSYoungGen: 13359K->678K(13824K)] 17988K->5307K(45056K), 0.0006330 secs] [Times: user=0.00 sys=0.00, real=0.00 secs] 
292.803: Total time for which application threads were stopped: 0.0668570 seconds, Stopping threads took: 0.0661560 seconds
292.882: Application time: 0.0795160 seconds
292.953: [GC [PSYoungGen: 12903K->1525K(13824K)] 17532K->6740K(45056K), 0.0009390 secs] [Times: user=0.01 sys=0.00, real=0.00 secs] 
292.954: Total time for which application threads were stopped: 0.0717380 seconds, Stopping threads took: 0.0707170 seconds
293.037: Application time: 0.0831810 seconds
293.106: [GC [PSYoungGen: 13730K->272K(13824K)] 18945K->5486K(45056K), 0.0003770 secs] [Times: user=0.00 sys=0.00, real=0.00 secs] 
293.106: Total time for which application threads were stopped: 0.0691410 seconds, Stopping threads took: 0.0686930 seconds
293.198: Application time: 0.0919480 seconds
293.268: [GC [PSYoungGen: 12458K->515K(13824K)] 17672K->5729K(45056K), 0.0005040 secs] [Times: user=0.00 sys=0.00, real=0.00 secs] 
293.268: Total time for which application threads were stopped: 0.0699510 seconds, Stopping threads took: 0.0693820 seconds
293.348: Application time: 0.0802320 seconds
293.404: [GC [PSYoungGen: 12740K->890K(13824K)] 17954K->6104K(45056K), 0.0005800 secs] [Times: user=0.00 sys=0.00, real=0.00 secs] 
293.405: Total time for which application threads were stopped: 0.0563080 seconds, Stopping threads took: 0.0556340 seconds
293.487: Application time: 0.0821600 seconds
293.550: [GC [PSYoungGen: 12997K->1101K(13824K)] 18212K->6315K(45056K), 0.0005840 secs] [Times: user=0.01 sys=0.00, real=0.00 secs] 
293.550: Total time for which application threads were stopped: 0.0635670 seconds, Stopping threads took: 0.0629130 seconds
293.631: Application time: 0.0801990 seconds
293.690: [GC [PSYoungGen: 13228K->352K(13824K)] 18443K->5566K(45056K), 0.0007000 secs] [Times: user=0.00 sys=0.00, real=0.00 secs] 
293.691: Total time for which application threads were stopped: 0.0603090 seconds, Stopping threads took: 0.0594990 seconds
293.770: Application time: 0.0790150 seconds
293.813: [GC [PSYoungGen: 12576K->678K(13824K)] 17791K->5893K(45056K), 0.0005040 secs] [Times: user=0.00 sys=0.00, real=0.00 secs] 
293.814: Total time for which application threads were stopped: 0.0437120 seconds, Stopping threads took: 0.0431200 seconds
293.908: Application time: 0.0947420 seconds
293.962: [GC [PSYoungGen: 12669K->790K(13824K)] 17884K->6005K(45056K), 0.0006020 secs] [Times: user=0.00 sys=0.00, real=0.00 secs] 
293.963: Total time for which application threads were stopped: 0.0547120 seconds, Stopping threads took: 0.0540240 seconds
294.043: Application time: 0.0797210 seconds
294.083: [GC [PSYoungGen: 12971K->1508K(13824K)] 18186K->7316K(45056K), 0.0008550 secs] [Times: user=0.01 sys=0.00, real=0.00 secs] 
294.084: Total time for which application threads were stopped: 0.0412510 seconds, Stopping threads took: 0.0403250 seconds
294.166: Application time: 0.0816400 seconds
294.208: [GC [PSYoungGen: 13737K->1474K(13824K)] 19545K->8259K(45056K), 0.0008580 secs] [Times: user=0.01 sys=0.00, real=0.01 secs] 
294.209: Total time for which application threads were stopped: 0.0433900 seconds, Stopping threads took: 0.0424480 seconds
294.306: Application time: 0.0968440 seconds
294.374: [GC [PSYoungGen: 13601K->1442K(13824K)] 20386K->8422K(45056K), 0.0007940 secs] [Times: user=0.00 sys=0.00, real=0.00 secs] 
294.374: Total time for which application threads were stopped: 0.0684940 seconds, Stopping threads took: 0.0676070 seconds
294.456: Application time: 0.0813550 seconds
294.513: [GC [PSYoungGen: 13627K->1442K(13824K)] 20608K->8845K(45056K), 0.0008530 secs] [Times: user=0.00 sys=0.00, real=0.00 secs] 
294.514: Total time for which application threads were stopped: 0.0584980 seconds, Stopping threads took: 0.0575580 seconds
294.608: Application time: 0.0933270 seconds
294.675: [GC [PSYoungGen: 13667K->1133K(13824K)] 21070K->8544K(45056K), 0.0007770 secs] [Times: user=0.01 sys=0.00, real=0.00 secs] 
294.675: Total time for which application threads were stopped: 0.0678700 seconds, Stopping threads took: 0.0669990 seconds
294.756: Application time: 0.0803230 seconds
294.814: [GC [PSYoungGen: 13260K->352K(13824K)] 20671K->7787K(45056K), 0.0009090 secs] [Times: user=0.01 sys=0.00, real=0.00 secs] 
294.814: Total time for which application threads were stopped: 0.0587140 seconds, Stopping threads took: 0.0577060 seconds
294.894: Application time: 0.0793690 seconds
294.935: [GC [PSYoungGen: 12459K->563K(13824K)] 19894K->7998K(45056K), 0.0005320 secs] [Times: user=0.00 sys=0.00, real=0.00 secs] 
294.935: Total time for which application threads were stopped: 0.0416310 seconds, Stopping threads took: 0.0410340 seconds
295.015: Application time: 0.0796470 seconds
295.083: [GC [PSYoungGen: 12788K->922K(13824K)] 20223K->8357K(45056K), 0.0005750 secs] [Times: user=0.01 sys=0.00, real=0.00 secs] 
295.084: Total time for which application threads were stopped: 0.0685330 seconds, Stopping threads took: 0.0678650 seconds
295.163: Application time: 0.0792040 seconds
295.206: [GC [PSYoungGen: 13029K->1442K(13824K)] 20464K->9674K(45056K), 0.0009500 secs] [Times: user=0.01 sys=0.00, real=0.00 secs] 
295.207: Total time for which application threads were stopped: 0.0442800 seconds, Stopping threads took: 0.0432550 seconds
295.298: Application time: 0.0912700 seconds
295.353: [GC [PSYoungGen: 13569K->1524K(13824K)] 21801K->10749K(45056K), 0.0011440 secs] [Times: user=0.01 sys=0.00, real=0.00 secs] 
295.354: Total time for which application threads were stopped: 0.0553890 seconds, Stopping threads took: 0.0541500 seconds
295.453: Application time: 0.0991010 seconds
295.522: [GC [PSYoungGen: 13709K->563K(13824K)] 22934K->9788K(45056K), 0.0005800 secs] [Times: user=0.00 sys=0.00, real=0.00 secs] 
295.522: Total time for which application threads were stopped: 0.0694380 seconds, Stopping threads took: 0.0687720 seconds
295.605: Application time: 0.0821910 seconds
295.654: [GC [PSYoungGen: 12788K->922K(13824K)] 22013K->10163K(45056K), 0.0005090 secs] [Times: user=0.00 sys=0.00, real=0.00 secs] 
295.655: Total time for which application threads were stopped: 0.0502300 seconds, Stopping threads took: 0.0496530 seconds
295.733: Application time: 0.0781210 seconds
295.773: [GC [PSYoungGen: 13127K->1360K(13824K)] 22368K->11578K(45056K), 0.0009890 secs] [Times: user=0.00 sys=0.00, real=0.00 secs] 
295.774: Total time for which application threads were stopped: 0.0413230 seconds, Stopping threads took: 0.0402630 seconds
295.856: Application time: 0.0816840 seconds
295.927: [GC [PSYoungGen: 13647K->483K(13824K)] 23865K->10701K(45056K), 0.0007180 secs] [Times: user=0.00 sys=0.00, real=0.00 secs] 
295.928: Total time for which application threads were stopped: 0.0722890 seconds, Stopping threads took: 0.0714810 seconds
296.008: Application time: 0.0802690 seconds
296.046: [GC [PSYoungGen: 12704K->1508K(13824K)] 22922K->12180K(45056K), 0.0008040 secs] [Times: user=0.01 sys=0.00, real=0.00 secs] 
296.047: Total time for which application threads were stopped: 0.0382680 seconds, Stopping threads took: 0.0373950 seconds
296.127: Application time: 0.0805420 seconds
296.194: [GC [PSYoungGen: 13634K->1053K(13824K)] 24307K->11733K(45056K), 0.0005900 secs] [Times: user=0.00 sys=0.00, real=0.00 secs] 
296.195: Total time for which application threads were stopped: 0.0677530 seconds, Stopping threads took: 0.0670950 seconds
296.280: Application time: 0.0850330 seconds
296.347: [GC [PSYoungGen: 13258K->256K(13824K)] 23938K->10952K(45056K), 0.0004200 secs] [Times: user=0.00 sys=0.00, real=0.00 secs] 
296.347: Total time for which application threads were stopped: 0.0671190 seconds, Stopping threads took: 0.0666280 seconds
296.427: Application time: 0.0798630 seconds
296.469: [GC [PSYoungGen: 12363K->483K(13824K)] 23059K->11179K(45056K), 0.0007300 secs] [Times: user=0.01 sys=0.00, real=0.00 secs] 
296.469: Total time for which application threads were stopped: 0.0422760 seconds, Stopping threads took: 0.0414520 seconds
296.548: Application time: 0.0783820 seconds
296.592: [GC [PSYoungGen: 12512K->694K(13824K)] 23209K->11399K(45056K), 0.0005260 secs] [Times: user=0.00 sys=0.00, real=0.00 secs] 
296.593: Total time for which application threads were stopped: 0.0451920 seconds, Stopping threads took: 0.0445970 seconds
296.674: Application time: 0.0811810 seconds
296.716: [GC [PSYoungGen: 12607K->694K(13824K)] 23311K->11399K(45056K), 0.0005780 secs] [Times: user=0.01 sys=0.00, real=0.01 secs] 
296.717: Total time for which application threads were stopped: 0.0425460 seconds, Stopping threads took: 0.0419000 seconds
296.796: Application time: 0.0793420 seconds
296.847: [GC [PSYoungGen: 12919K->1410K(13824K)] 23623K->12896K(45056K), 0.0009720 secs] [Times: user=0.00 sys=0.00, real=0.00 secs] 
296.848: Total time for which application threads were stopped: 0.0519380 seconds, Stopping threads took: 0.0508770 seconds
296.950: Application time: 0.1018470 seconds
297.018: [GC [PSYoungGen: 13615K->304K(13824K)] 25101K->11797K(45056K), 0.0004510 secs] [Times: user=0.00 sys=0.00, real=0.00 secs] 
297.020: Total time for which application threads were stopped: 0.0698890 seconds, Stopping threads took: 0.0682750 seconds
297.098: Application time: 0.0781790 seconds
297.140: [GC [PSYoungGen: 12509K->1360K(13824K)] 24002K->13245K(45056K), 0.0009180 secs] [Times: user=0.01 sys=0.00, real=0.00 secs] 
297.141: Total time for which application threads were stopped: 0.0433820 seconds, Stopping threads took: 0.0423960 seconds
297.221: Application time: 0.0801050 seconds
297.287: [GC [PSYoungGen: 13487K->954K(13824K)] 25372K->12846K(45056K), 0.0006600 secs] [Times: user=0.00 sys=0.00, real=0.00 secs] 
297.288: Total time for which application threads were stopped: 0.0665540 seconds, Stopping threads took: 0.0658170 seconds
297.368: Application time: 0.0799960 seconds
297.406: [GC [PSYoungGen: 13237K->1376K(13824K)] 25129K->14245K(45056K), 0.0009240 secs] [Times: user=0.01 sys=0.00, real=0.00 secs] 
297.407: Total time for which application threads were stopped: 0.0391930 seconds, Stopping threads took: 0.0381910 seconds
297.489: Application time: 0.0821560 seconds
297.557: [GC [PSYoungGen: 13601K->595K(13824K)] 26470K->13488K(45056K), 0.0005080 secs] [Times: user=0.00 sys=0.00, real=0.00 secs] 
297.558: Total time for which application threads were stopped: 0.0684120 seconds, Stopping threads took: 0.0678280 seconds
297.637: Application time: 0.0790720 seconds
297.678: [GC [PSYoungGen: 12800K->1376K(13824K)] 25693K->14855K(45056K), 0.0009870 secs] [Times: user=0.00 sys=0.00, real=0.00 secs] 
297.679: Total time for which application threads were stopped: 0.0419360 seconds, Stopping threads took: 0.0408580 seconds
297.760: Application time: 0.0814660 seconds
297.824: [GC [PSYoungGen: 13659K->1181K(13824K)] 27138K->14668K(45056K), 0.0005850 secs] [Times: user=0.00 sys=0.00, real=0.00 secs] 
297.825: Total time for which application threads were stopped: 0.0643010 seconds, Stopping threads took: 0.0636480 seconds
297.908: Application time: 0.0833650 seconds
297.975: [GC [PSYoungGen: 13406K->1344K(13824K)] 26892K->15034K(45056K), 0.0007720 secs] [Times: user=0.00 sys=0.00, real=0.00 secs] 
297.976: Total time for which application threads were stopped: 0.0683680 seconds, Stopping threads took: 0.0675250 seconds
298.061: Application time: 0.0844710 seconds
298.116: [GC [PSYoungGen: 13471K->742K(13824K)] 27161K->14448K(45056K), 0.0005210 secs] [Times: user=0.01 sys=0.00, real=0.00 secs] 
298.116: Total time for which application threads were stopped: 0.0553810 seconds, Stopping threads took: 0.0547850 seconds
298.204: Application time: 0.0880310 seconds
298.245: [GC [PSYoungGen: 12967K->1117K(13824K)] 26673K->14823K(45056K), 0.0006340 secs] [Times: user=0.01 sys=0.00, real=0.00 secs] 
298.245: Total time for which application threads were stopped: 0.0413340 seconds, Stopping threads took: 0.0406260 seconds
298.329: Application time: 0.0830490 seconds
298.392: [GC [PSYoungGen: 13244K->304K(13824K)] 26950K->14026K(45056K), 0.0004680 secs] [Times: user=0.01 sys=0.00, real=0.00 secs] 
298.392: Total time for which application threads were stopped: 0.0636820 seconds, Stopping threads took: 0.0631470 seconds
298.472: Application time: 0.0793370 seconds
298.510: [GC [PSYoungGen: 12587K->1376K(13824K)] 26309K->15505K(45056K), 0.0007590 secs] [Times: user=0.00 sys=0.00, real=0.00 secs] 
298.511: Total time for which application threads were stopped: 0.0396190 seconds, Stopping threads took: 0.0387890 seconds
298.592: Application time: 0.0812950 seconds
298.658: [GC [PSYoungGen: 13386K->742K(13824K)] 27515K->14871K(45056K), 0.0005350 secs] [Times: user=0.00 sys=0.00, real=0.00 secs] 
298.659: Total time for which application threads were stopped: 0.0661580 seconds, Stopping threads took: 0.0655500 seconds
298.738: Application time: 0.0793230 seconds
298.781: [GC [PSYoungGen: 12967K->1181K(13824K)] 27096K->15326K(45056K), 0.0006210 secs] [Times: user=0.00 sys=0.00, real=0.00 secs] 
298.782: Total time for which application threads were stopped: 0.0436240 seconds, Stopping threads took: 0.0429300 seconds
298.862: Application time: 0.0806500 seconds
298.925: [GC [PSYoungGen: 13308K->336K(13824K)] 27453K->14480K(45056K), 0.0005260 secs] [Times: user=0.00 sys=0.00, real=0.00 secs] 
298.926: Total time for which application threads were stopped: 0.0632920 seconds, Stopping threads took: 0.0626960 seconds
299.004: Application time: 0.0782620 seconds
299.043: [GC [PSYoungGen: 12600K->1360K(13824K)] 26744K->16888K(45056K), 0.0010060 secs] [Times: user=0.00 sys=0.00, real=0.00 secs] 
299.044: Total time for which application threads were stopped: 0.0406210 seconds, Stopping threads took: 0.0395470 seconds
299.136: Application time: 0.0916180 seconds
299.201: [GC [PSYoungGen: 13487K->1360K(13824K)] 29015K->17482K(45056K), 0.0007920 secs] [Times: user=0.00 sys=0.00, real=0.00 secs] 
299.202: Total time for which application threads were stopped: 0.0658740 seconds, Stopping threads took: 0.0649960 seconds
299.298: Application time: 0.0961310 seconds
299.364: [GC [PSYoungGen: 13565K->1181K(13824K)] 29688K->17303K(45056K), 0.0006890 secs] [Times: user=0.00 sys=0.00, real=0.00 secs] 
299.365: Total time for which application threads were stopped: 0.0664630 seconds, Stopping threads took: 0.0656840 seconds
299.447: Application time: 0.0825170 seconds
299.502: [GC [PSYoungGen: 13386K->1442K(13824K)] 29508K->17572K(45056K), 0.0008900 secs] [Times: user=0.00 sys=0.00, real=0.00 secs] 
299.503: Total time for which application threads were stopped: 0.0554710 seconds, Stopping threads took: 0.0545020 seconds
299.584: Application time: 0.0818700 seconds
299.653: [GC [PSYoungGen: 13667K->742K(13824K)] 29797K->16872K(45056K), 0.0006380 secs] [Times: user=0.00 sys=0.00, real=0.00 secs] 
299.653: Total time for which application threads were stopped: 0.0689760 seconds, Stopping threads took: 0.0682460 seconds
299.733: Application time: 0.0800410 seconds
299.774: [GC [PSYoungGen: 12967K->1133K(13824K)] 29097K->17271K(45056K), 0.0008410 secs] [Times: user=0.01 sys=0.00, real=0.00 secs] 
299.775: Total time for which application threads were stopped: 0.0411000 seconds, Stopping threads took: 0.0401560 seconds
299.854: Application time: 0.0796420 seconds
299.922: [GC [PSYoungGen: 13260K->288K(13824K)] 29398K->16442K(45056K), 0.0005270 secs] [Times: user=0.00 sys=0.00, real=0.00 secs] 
299.923: Total time for which application threads were stopped: 0.0687780 seconds, Stopping threads took: 0.0681820 seconds
300.001: Application time: 0.0780120 seconds
300.043: [GC [PSYoungGen: 12298K->1392K(13824K)] 28452K->17742K(45056K), 0.0010710 secs] [Times: user=0.01 sys=0.00, real=0.00 secs] 
300.044: Total time for which application threads were stopped: 0.0432930 seconds, Stopping threads took: 0.0421540 seconds
300.126: Application time: 0.0816080 seconds
300.191: [GC [PSYoungGen: 13519K->742K(13824K)] 29869K->17092K(45056K), 0.0007990 secs] [Times: user=0.01 sys=0.00, real=0.00 secs] 
300.192: Total time for which application threads were stopped: 0.0661340 seconds, Stopping threads took: 0.0652440 seconds
300.272: Application time: 0.0797310 seconds
300.311: [GC [PSYoungGen: 13026K->1360K(13824K)] 29375K->18491K(45056K), 0.0011220 secs] [Times: user=0.00 sys=0.00, real=0.00 secs] 
300.312: Total time for which application threads were stopped: 0.0399880 seconds, Stopping threads took: 0.0387700 seconds
300.393: Application time: 0.0814840 seconds
300.460: [GC [PSYoungGen: 13487K->1424K(13824K)] 30618K->18555K(45056K), 0.0008770 secs] [Times: user=0.00 sys=0.00, real=0.00 secs] 
300.461: Total time for which application threads were stopped: 0.0674380 seconds, Stopping threads took: 0.0664670 seconds
300.540: Application time: 0.0792260 seconds
300.604: [GC [PSYoungGen: 13610K->1492K(13824K)] 30741K->18630K(45056K), 0.0008300 secs] [Times: user=0.00 sys=0.00, real=0.00 secs] 
300.604: Total time for which application threads were stopped: 0.0644720 seconds, Stopping threads took: 0.0635500 seconds
300.701: Application time: 0.0969610 seconds
300.770: [GC [PSYoungGen: 13697K->742K(13824K)] 30835K->17889K(45056K), 0.0005060 secs] [Times: user=0.00 sys=0.00, real=0.00 secs] 
300.771: Total time for which application threads were stopped: 0.0691990 seconds, Stopping threads took: 0.0686240 seconds
300.849: Application time: 0.0785340 seconds
300.890: [GC [PSYoungGen: 12655K->1458K(13824K)] 29801K->18995K(45056K), 0.0008300 secs] [Times: user=0.00 sys=0.00, real=0.00 secs] 
300.891: Total time for which application threads were stopped: 0.0422000 seconds, Stopping threads took: 0.0412910 seconds
300.972: Application time: 0.0804020 seconds
301.040: [GC [PSYoungGen: 13370K->742K(13824K)] 30908K->18280K(45056K), 0.0005320 secs] [Times: user=0.00 sys=0.00, real=0.00 secs] 
301.041: Total time for which application threads were stopped: 0.0691680 seconds, Stopping threads took: 0.0685720 seconds
301.121: Application time: 0.0805380 seconds
301.163: [GC [PSYoungGen: 12967K->1165K(13824K)] 30504K->18718K(45056K), 0.0006020 secs] [Times: user=0.01 sys=0.00, real=0.00 secs] 
301.164: Total time for which application threads were stopped: 0.0426330 seconds, Stopping threads took: 0.0419550 seconds
301.251: Application time: 0.0865810 seconds
301.324: [GC [PSYoungGen: 13292K->320K(13824K)] 30845K->17873K(45056K), 0.0005000 secs] [Times: user=0.00 sys=0.00, real=0.00 secs] 
301.325: Total time for which application threads were stopped: 0.0739100 seconds, Stopping threads took: 0.0733190 seconds
301.411: Application time: 0.0865250 seconds
301.457: [GC [PSYoungGen: 12427K->531K(13824K)] 29981K->18100K(45056K), 0.0006860 secs] [Times: user=0.00 sys=0.00, real=0.00 secs] 
301.458: Total time for which application threads were stopped: 0.0470990 seconds, Stopping threads took: 0.0463360 seconds
301.543: Application time: 0.0847920 seconds
301.546: [GC [PSYoungGen: 12756K->1522K(13824K)] 30325K->21834K(45056K), 0.0014380 secs] [Times: user=0.01 sys=0.00, real=0.00 secs] 
301.547: Total time for which application threads were stopped: 0.0044340 seconds, Stopping threads took: 0.0028970 seconds
301.635: Application time: 0.0875740 seconds
301.709: [GC [PSYoungGen: 13551K->1474K(13824K)] 33863K->22567K(45056K), 0.0011090 secs] [Times: user=0.01 sys=0.00, real=0.00 secs] 
301.710: Total time for which application threads were stopped: 0.0750730 seconds, Stopping threads took: 0.0738650 seconds
301.802: Application time: 0.0917560 seconds
301.880: [GC [PSYoungGen: 13757K->320K(13824K)] 34850K->21413K(45056K), 0.0005440 secs] [Times: user=0.00 sys=0.00, real=0.00 secs] 
301.880: Total time for which application threads were stopped: 0.0786740 seconds, Stopping threads took: 0.0780340 seconds
301.966: Application time: 0.0857210 seconds
302.012: [GC [PSYoungGen: 12544K->774K(13824K)] 33638K->21867K(45056K), 0.0008410 secs] [Times: user=0.00 sys=0.00, real=0.00 secs] 
302.013: Total time for which application threads were stopped: 0.0471400 seconds, Stopping threads took: 0.0462030 seconds
302.100: Application time: 0.0862450 seconds
302.141: [GC [PSYoungGen: 12882K->1524K(13824K)] 33975K->24219K(45056K), 0.0011270 secs] [Times: user=0.01 sys=0.00, real=0.00 secs] 
302.143: Total time for which application threads were stopped: 0.0433290 seconds, Stopping threads took: 0.0417170 seconds
302.231: Application time: 0.0880400 seconds
302.302: [GC [PSYoungGen: 13807K->1523K(13824K)] 36503K->25017K(45056K), 0.0010510 secs] [Times: user=0.01 sys=0.00, real=0.00 secs] 
302.303: Total time for which application threads were stopped: 0.0719390 seconds, Stopping threads took: 0.0707930 seconds
302.399: Application time: 0.0962870 seconds
302.479: [GC [PSYoungGen: 13631K->304K(13824K)] 37124K->23813K(45056K), 0.0005350 secs] [Times: user=0.00 sys=0.00, real=0.00 secs] 
302.479: Total time for which application threads were stopped: 0.0801390 seconds, Stopping threads took: 0.0795380 seconds
302.566: Application time: 0.0861880 seconds
302.612: [GC [PSYoungGen: 12528K->1426K(13824K)] 36037K->25326K(45056K), 0.0008480 secs] [Times: user=0.00 sys=0.00, real=0.00 secs] 
302.612: Total time for which application threads were stopped: 0.0469490 seconds, Stopping threads took: 0.0460250 seconds
302.700: Application time: 0.0879850 seconds
302.772: [GC [PSYoungGen: 13651K->1165K(13824K)] 37550K->25081K(45056K), 0.0006480 secs] [Times: user=0.00 sys=0.00, real=0.00 secs] 
302.773: Total time for which application threads were stopped: 0.0722340 seconds, Stopping threads took: 0.0715130 seconds
302.861: Application time: 0.0880130 seconds
302.932: [GC [PSYoungGen: 13370K->352K(13824K)] 37286K->24275K(45056K), 0.0004540 secs] [Times: user=0.00 sys=0.00, real=0.00 secs] 
302.932: Total time for which application threads were stopped: 0.0717170 seconds, Stopping threads took: 0.0711950 seconds
303.018: Application time: 0.0854100 seconds
303.062: [GC [PSYoungGen: 12459K->1523K(13824K)] 36383K->26635K(45056K), 0.0010890 secs] [Times: user=0.01 sys=0.00, real=0.00 secs] 
303.063: Total time for which application threads were stopped: 0.0450930 seconds, Stopping threads took: 0.0439060 seconds
303.152: Application time: 0.0890120 seconds
303.226: [GC [PSYoungGen: 13553K->742K(13824K)] 38665K->25862K(45056K), 0.0005590 secs] [Times: user=0.00 sys=0.00, real=0.00 secs] 
303.227: Total time for which application threads were stopped: 0.0745930 seconds, Stopping threads took: 0.0739570 seconds
303.313: Application time: 0.0864760 seconds
303.357: [GC [PSYoungGen: 13029K->1117K(13824K)] 38149K->26237K(45056K), 0.0006870 secs] [Times: user=0.01 sys=0.00, real=0.00 secs] 
303.358: Total time for which application threads were stopped: 0.0446170 seconds, Stopping threads took: 0.0438530 seconds
303.446: Application time: 0.0880230 seconds
303.498: [GC [PSYoungGen: 13260K->1442K(13824K)] 38380K->26562K(45056K), 0.0008390 secs] [Times: user=0.01 sys=0.00, real=0.00 secs] 
303.499: Total time for which application threads were stopped: 0.0530680 seconds, Stopping threads took: 0.0521590 seconds
303.586: Application time: 0.0868810 seconds
303.659: [GC [PSYoungGen: 13549K->563K(13824K)] 38669K->25699K(45056K), 0.0006850 secs] [Times: user=0.00 sys=0.00, real=0.00 secs] 
303.660: Total time for which application threads were stopped: 0.0739750 seconds, Stopping threads took: 0.0731960 seconds
303.745: Application time: 0.0853710 seconds
303.789: [GC [PSYoungGen: 12847K->1165K(13824K)] 37982K->27082K(45056K), 0.0008320 secs] [Times: user=0.01 sys=0.00, real=0.00 secs] 
303.789: Total time for which application threads were stopped: 0.0444640 seconds, Stopping threads took: 0.0435490 seconds
303.877: Application time: 0.0871020 seconds
303.950: [GC [PSYoungGen: 13292K->1149K(13824K)] 39209K->27066K(45056K), 0.0007720 secs] [Times: user=0.00 sys=0.00, real=0.00 secs] 
303.951: Total time for which application threads were stopped: 0.0746330 seconds, Stopping threads took: 0.0737880 seconds
304.038: Application time: 0.0870850 seconds
304.102: [GC [PSYoungGen: 13276K->320K(13824K)] 39193K->26253K(45056K), 0.0007180 secs] [Times: user=0.00 sys=0.00, real=0.00 secs] 
304.103: Total time for which application threads were stopped: 0.0644920 seconds, Stopping threads took: 0.0636850 seconds
304.203: Application time: 0.1002700 seconds
304.271: [GC [PSYoungGen: 12506K->547K(13824K)] 38439K->26480K(45056K), 0.0005530 secs] [Times: user=0.00 sys=0.00, real=0.00 secs] 
304.272: Total time for which application threads were stopped: 0.0688160 seconds, Stopping threads took: 0.0681700 seconds
304.360: Application time: 0.0876500 seconds
304.404: [GC [PSYoungGen: 12576K->742K(13824K)] 38509K->26683K(45056K), 0.0005580 secs] [Times: user=0.00 sys=0.00, real=0.00 secs] 
304.405: Total time for which application threads were stopped: 0.0450700 seconds, Stopping threads took: 0.0444170 seconds
304.492: Application time: 0.0869640 seconds
304.545: [GC [PSYoungGen: 12967K->1149K(13824K)] 38908K->27098K(45056K), 0.0005990 secs] [Times: user=0.00 sys=0.00, real=0.00 secs] 
304.546: Total time for which application threads were stopped: 0.0541070 seconds, Stopping threads took: 0.0534360 seconds
304.632: Application time: 0.0859280 seconds
304.678: [GC [PSYoungGen: 13354K->1376K(13824K)] 39303K->28505K(45056K), 0.0010930 secs] [Times: user=0.01 sys=0.00, real=0.00 secs] 
304.679: Total time for which application threads were stopped: 0.0470540 seconds, Stopping threads took: 0.0458800 seconds
304.773: Application time: 0.0943440 seconds
304.829: [GC [PSYoungGen: 13386K->1458K(13824K)] 40515K->29759K(45056K), 0.0010580 secs] [Times: user=0.01 sys=0.00, real=0.00 secs] 
304.830: Total time for which application threads were stopped: 0.0565870 seconds, Stopping threads took: 0.0554470 seconds
304.918: Application time: 0.0879890 seconds
304.992: [GC [PSYoungGen: 13585K->758K(13824K)] 41886K->29059K(45056K), 0.0005860 secs] [Times: user=0.00 sys=0.00, real=0.00 secs] 
304.993: Total time for which application threads were stopped: 0.0753410 seconds, Stopping threads took: 0.0746570 seconds
305.078: Application time: 0.0851460 seconds
305.119: [GC [PSYoungGen: 12670K->1360K(13824K)] 40971K->31232K(45056K), 0.0010870 secs] [Times: user=0.00 sys=0.00, real=0.00 secs] 
305.121: [Full GC [PSYoungGen: 1360K->0K(13824K)] [ParOldGen: 29871K->4340K(31232K)] 31232K->4340K(45056K) [PSPermGen: 5149K->5149K(21504K)], 0.0042660 secs] [Times: user=0.02 sys=0.00, real=0.00 secs] 
305.125: Total time for which application threads were stopped: 0.0467370 seconds, Stopping threads took: 0.0412490 seconds
305.208: Application time: 0.0831600 seconds
305.282: [GC [PSYoungGen: 11912K->582K(13824K)] 16252K->4922K(45056K), 0.0005730 secs] [Times: user=0.00 sys=0.00, real=0.00 secs] 
305.282: Total time for which application threads were stopped: 0.0742210 seconds, Stopping threads took: 0.0735740 seconds
305.363: Application time: 0.0811960 seconds
305.404: [GC [PSYoungGen: 12495K->582K(13824K)] 16835K->4922K(45056K), 0.0004630 secs] [Times: user=0.01 sys=0.00, real=0.00 secs] 
305.405: Total time for which application threads were stopped: 0.0410660 seconds, Stopping threads took: 0.0405150 seconds
305.484: Application time: 0.0798220 seconds
305.526: [GC [PSYoungGen: 12690K->841K(13824K)] 17030K->5182K(45056K), 0.0006310 secs] [Times: user=0.00 sys=0.00, real=0.00 secs] 
305.526: Total time for which application threads were stopped: 0.0419860 seconds, Stopping threads took: 0.0412530 seconds
305.606: Application time: 0.0799310 seconds
305.659: [GC [PSYoungGen: 12968K->1459K(13824K)] 17309K->6581K(45056K), 0.0011680 secs] [Times: user=0.01 sys=0.00, real=0.00 secs] 
305.661: Total time for which application threads were stopped: 0.0543480 seconds, Stopping threads took: 0.0530970 seconds
305.755: Application time: 0.0940120 seconds
305.825: [GC [PSYoungGen: 13567K->256K(13824K)] 18688K->5377K(45056K), 0.0006280 secs] [Times: user=0.00 sys=0.00, real=0.00 secs] 
305.826: Total time for which application threads were stopped: 0.0714370 seconds, Stopping threads took: 0.0707440 seconds
305.905: Application time: 0.0790650 seconds
305.944: [GC [PSYoungGen: 12265K->1459K(13824K)] 17387K->6581K(45056K), 0.0007420 secs] [Times: user=0.01 sys=0.00, real=0.00 secs] 
305.945: Total time for which application threads were stopped: 0.0400750 seconds, Stopping threads took: 0.0392360 seconds
306.027: Application time: 0.0815500 seconds
306.093: [GC [PSYoungGen: 13665K->710K(13824K)] 18786K->5832K(45056K), 0.0004970 secs] [Times: user=0.00 sys=0.00, real=0.00 secs] 
306.094: Total time for which application threads were stopped: 0.0668490 seconds, Stopping threads took: 0.0662580 seconds
306.173: Application time: 0.0794360 seconds
306.240: [GC [PSYoungGen: 12935K->1085K(13824K)] 18056K->6206K(45056K), 0.0007230 secs] [Times: user=0.00 sys=0.00, real=0.00 secs] 
306.241: Total time for which application threads were stopped: 0.0680600 seconds, Stopping threads took: 0.0672560 seconds
306.321: Application time: 0.0803650 seconds
306.387: [GC [PSYoungGen: 13212K->256K(13824K)] 18333K->5377K(45056K), 0.0004660 secs] [Times: user=0.00 sys=0.00, real=0.00 secs] 
306.387: Total time for which application threads were stopped: 0.0657180 seconds, Stopping threads took: 0.0651760 seconds
306.466: Application time: 0.0788350 seconds
306.505: [GC [PSYoungGen: 12266K->1360K(13824K)] 17387K->6677K(45056K), 0.0006490 secs] [Times: user=0.01 sys=0.00, real=0.00 secs] 
306.505: Total time for which application threads were stopped: 0.0393060 seconds, Stopping threads took: 0.0385880 seconds
306.588: Application time: 0.0824170 seconds
306.653: [GC [PSYoungGen: 13487K->742K(13824K)] 18804K->6059K(45056K), 0.0004970 secs] [Times: user=0.01 sys=0.00, real=0.00 secs] 
306.654: Total time for which application threads were stopped: 0.0660160 seconds, Stopping threads took: 0.0654420 seconds
306.743: Application time: 0.0891680 seconds
306.812: [GC [PSYoungGen: 12733K->758K(13824K)] 18050K->6075K(45056K), 0.0004760 secs] [Times: user=0.00 sys=0.00, real=0.00 secs] 
306.813: Total time for which application threads were stopped: 0.0699550 seconds, Stopping threads took: 0.0694190 seconds
306.893: Application time: 0.0799270 seconds
306.940: [GC [PSYoungGen: 12671K->758K(13824K)] 17987K->6075K(45056K), 0.0005420 secs] [Times: user=0.00 sys=0.00, real=0.00 secs] 
306.940: Total time for which application threads were stopped: 0.0472960 seconds, Stopping threads took: 0.0466770 seconds
307.020: Application time: 0.0801100 seconds
307.062: [GC [PSYoungGen: 12983K->1149K(13824K)] 18300K->6466K(45056K), 0.0005930 secs] [Times: user=0.00 sys=0.00, real=0.00 secs] 
307.063: Total time for which application threads were stopped: 0.0426030 seconds, Stopping threads took: 0.0419190 seconds
307.143: Application time: 0.0797370 seconds
307.183: [GC [PSYoungGen: 13354K->1458K(13824K)] 18671K->6775K(45056K), 0.0006970 secs] [Times: user=0.01 sys=0.00, real=0.00 secs] 
307.185: Total time for which application threads were stopped: 0.0420530 seconds, Stopping threads took: 0.0404820 seconds
307.268: Application time: 0.0831450 seconds
307.338: [GC [PSYoungGen: 13566K->531K(13824K)] 18882K->5888K(45056K), 0.0006730 secs] [Times: user=0.00 sys=0.00, real=0.00 secs] 
307.339: Total time for which application threads were stopped: 0.0713050 seconds, Stopping threads took: 0.0705590 seconds
307.421: Application time: 0.0818040 seconds
307.462: [GC [PSYoungGen: 12638K->758K(13824K)] 17995K->6139K(45056K), 0.0005710 secs] [Times: user=0.00 sys=0.00, real=0.00 secs] 
307.462: Total time for which application threads were stopped: 0.0414340 seconds, Stopping threads took: 0.0407800 seconds
307.541: Application time: 0.0788280 seconds
307.584: [GC [PSYoungGen: 12983K->1149K(13824K)] 18364K->6554K(45056K), 0.0006120 secs] [Times: user=0.01 sys=0.00, real=0.00 secs] 
307.584: Total time for which application threads were stopped: 0.0431380 seconds, Stopping threads took: 0.0424350 seconds
307.664: Application time: 0.0794520 seconds
307.722: [GC [PSYoungGen: 13374K->1490K(13824K)] 18778K->8067K(45056K), 0.0011070 secs] [Times: user=0.01 sys=0.00, real=0.00 secs] 
307.723: Total time for which application threads were stopped: 0.0592130 seconds, Stopping threads took: 0.0580090 seconds
307.804: Application time: 0.0810110 seconds
307.847: [GC [PSYoungGen: 13617K->1392K(13824K)] 20193K->9556K(45056K), 0.0011570 secs] [Times: user=0.00 sys=0.00, real=0.01 secs] 
307.848: Total time for which application threads were stopped: 0.0443900 seconds, Stopping threads took: 0.0431490 seconds
307.944: Application time: 0.0960410 seconds
308.015: [GC [PSYoungGen: 13305K->774K(13824K)] 21468K->8962K(45056K), 0.0006080 secs] [Times: user=0.00 sys=0.00, real=0.00 secs] 
308.016: Total time for which application threads were stopped: 0.0712730 seconds, Stopping threads took: 0.0705730 seconds
308.113: Application time: 0.0970310 seconds
308.167: [GC [PSYoungGen: 12765K->726K(13824K)] 20952K->8930K(45056K), 0.0005200 secs] [Times: user=0.01 sys=0.00, real=0.00 secs] 
308.167: Total time for which application threads were stopped: 0.0542940 seconds, Stopping threads took: 0.0536820 seconds
308.244: Application time: 0.0772450 seconds
308.285: [GC [PSYoungGen: 12951K->1458K(13824K)] 21154K->10442K(45056K), 0.0009920 secs] [Times: user=0.01 sys=0.00, real=0.00 secs] 
308.286: Total time for which application threads were stopped: 0.0416090 seconds, Stopping threads took: 0.0405140 seconds
308.369: Application time: 0.0827290 seconds
308.436: [GC [PSYoungGen: 13741K->1426K(13824K)] 22726K->10410K(45056K), 0.0007070 secs] [Times: user=0.01 sys=0.00, real=0.00 secs] 
308.436: Total time for which application threads were stopped: 0.0676110 seconds, Stopping threads took: 0.0668100 seconds
308.517: Application time: 0.0807240 seconds
308.572: [GC [PSYoungGen: 13651K->774K(13824K)] 22635K->9767K(45056K), 0.0004880 secs] [Times: user=0.00 sys=0.00, real=0.00 secs] 
308.572: Total time for which application threads were stopped: 0.0550200 seconds, Stopping threads took: 0.0544680 seconds
308.652: Application time: 0.0795450 seconds
308.691: [GC [PSYoungGen: 12999K->1149K(13824K)] 21991K->10141K(45056K), 0.0005570 secs] [Times: user=0.01 sys=0.00, real=0.00 secs] 
308.692: Total time for which application threads were stopped: 0.0404930 seconds, Stopping threads took: 0.0398730 seconds
308.772: Application time: 0.0796170 seconds
308.836: [GC [PSYoungGen: 13257K->1344K(13824K)] 22249K->10353K(45056K), 0.0007320 secs] [Times: user=0.00 sys=0.01, real=0.01 secs] 
308.836: Total time for which application threads were stopped: 0.0647210 seconds, Stopping threads took: 0.0638960 seconds
308.917: Application time: 0.0802980 seconds
308.954: [GC [PSYoungGen: 13549K->1506K(13824K)] 22558K->12866K(45056K), 0.0013250 secs] [Times: user=0.01 sys=0.00, real=0.00 secs] 
308.955: Total time for which application threads were stopped: 0.0386380 seconds, Stopping threads took: 0.0372260 seconds
309.036: Application time: 0.0809630 seconds
309.108: [GC [PSYoungGen: 13711K->1344K(13824K)] 25071K->13291K(45056K), 0.0007550 secs] [Times: user=0.00 sys=0.00, real=0.01 secs] 
309.109: Total time for which application threads were stopped: 0.0726650 seconds, Stopping threads took: 0.0718420 seconds
309.196: Application time: 0.0866710 seconds
309.255: [GC [PSYoungGen: 13569K->1392K(13824K)] 25515K->14331K(45056K), 0.0011290 secs] [Times: user=0.00 sys=0.00, real=0.01 secs] 
309.256: Total time for which application threads were stopped: 0.0607710 seconds, Stopping threads took: 0.0595450 seconds
309.345: Application time: 0.0884660 seconds
309.412: [GC [PSYoungGen: 13597K->1344K(13824K)] 26536K->14487K(45056K), 0.0007260 secs] [Times: user=0.00 sys=0.00, real=0.00 secs] 
309.413: Total time for which application threads were stopped: 0.0682070 seconds, Stopping threads took: 0.0673940 seconds
309.502: Application time: 0.0889820 seconds
309.561: [GC [PSYoungGen: 13550K->758K(13824K)] 26692K->13909K(45056K), 0.0004690 secs] [Times: user=0.00 sys=0.00, real=0.00 secs] 
309.562: Total time for which application threads were stopped: 0.0596780 seconds, Stopping threads took: 0.0591450 seconds
309.647: Application time: 0.0850030 seconds
309.690: [GC [PSYoungGen: 12671K->1458K(13824K)] 25821K->14999K(45056K), 0.0008200 secs] [Times: user=0.00 sys=0.00, real=0.00 secs] 
309.691: Total time for which application threads were stopped: 0.0441830 seconds, Stopping threads took: 0.0432890 seconds
309.787: Application time: 0.0965110 seconds
309.862: [GC [PSYoungGen: 13370K->774K(13824K)] 26911K->14315K(45056K), 0.0008150 secs] [Times: user=0.00 sys=0.00, real=0.00 secs] 
309.863: Total time for which application threads were stopped: 0.0754300 seconds, Stopping threads took: 0.0745450 seconds
309.949: Application time: 0.0858660 seconds
309.994: [GC [PSYoungGen: 12979K->1490K(13824K)] 26520K->16789K(45056K), 0.0011480 secs] [Times: user=0.01 sys=0.00, real=0.00 secs] 
309.995: Total time for which application threads were stopped: 0.0466250 seconds, Stopping threads took: 0.0453750 seconds
310.092: Application time: 0.0964700 seconds
310.171: [GC [PSYoungGen: 13617K->1392K(13824K)] 28916K->16699K(45056K), 0.0007310 secs] [Times: user=0.00 sys=0.00, real=0.00 secs] 
310.172: Total time for which application threads were stopped: 0.0797070 seconds, Stopping threads took: 0.0788870 seconds
310.261: Application time: 0.0897730 seconds
310.320: [GC [PSYoungGen: 13519K->547K(13824K)] 28826K->15862K(45056K), 0.0005310 secs] [Times: user=0.00 sys=0.00, real=0.00 secs] 
310.321: Total time for which application threads were stopped: 0.0592460 seconds, Stopping threads took: 0.0586170 seconds
310.409: Application time: 0.0882290 seconds
310.455: [GC [PSYoungGen: 12576K->742K(13824K)] 27891K->16057K(45056K), 0.0005200 secs] [Times: user=0.00 sys=0.00, real=0.00 secs] 
310.456: Total time for which application threads were stopped: 0.0471420 seconds, Stopping threads took: 0.0465510 seconds
310.541: Application time: 0.0851930 seconds
310.585: [GC [PSYoungGen: 12948K->1376K(13824K)] 28263K->17488K(45056K), 0.0008550 secs] [Times: user=0.01 sys=0.00, real=0.00 secs] 
310.585: Total time for which application threads were stopped: 0.0442270 seconds, Stopping threads took: 0.0432960 seconds
310.684: Application time: 0.0985430 seconds
310.763: [GC [PSYoungGen: 13601K->320K(13824K)] 29713K->16432K(45056K), 0.0004420 secs] [Times: user=0.00 sys=0.00, real=0.00 secs] 
310.763: Total time for which application threads were stopped: 0.0793930 seconds, Stopping threads took: 0.0788830 seconds
310.850: Application time: 0.0865370 seconds
310.896: [GC [PSYoungGen: 12486K->1149K(13824K)] 28598K->17652K(45056K), 0.0007990 secs] [Times: user=0.00 sys=0.00, real=0.01 secs] 
310.897: Total time for which application threads were stopped: 0.0469460 seconds, Stopping threads took: 0.0460760 seconds
310.983: Application time: 0.0858450 seconds
311.059: [GC [PSYoungGen: 13276K->774K(13824K)] 29779K->17285K(45056K), 0.0007990 secs] [Times: user=0.00 sys=0.00, real=0.00 secs] 
311.060: Total time for which application threads were stopped: 0.0769870 seconds, Stopping threads took: 0.0761070 seconds
311.160: Application time: 0.1004300 seconds
311.214: [GC [PSYoungGen: 12687K->758K(13824K)] 29197K->17277K(45056K), 0.0006980 secs] [Times: user=0.00 sys=0.00, real=0.00 secs] 
311.215: Total time for which application threads were stopped: 0.0547250 seconds, Stopping threads took: 0.0539280 seconds
311.301: Application time: 0.0863420 seconds
311.345: [GC [PSYoungGen: 12670K->1442K(13824K)] 29189K->18359K(45056K), 0.0008820 secs] [Times: user=0.00 sys=0.00, real=0.00 secs] 
311.346: Total time for which application threads were stopped: 0.0444410 seconds, Stopping threads took: 0.0434710 seconds
311.434: Application time: 0.0879830 seconds
311.505: [GC [PSYoungGen: 13667K->1165K(13824K)] 30584K->18082K(45056K), 0.0007020 secs] [Times: user=0.01 sys=0.00, real=0.00 secs] 
311.506: Total time for which application threads were stopped: 0.0719590 seconds, Stopping threads took: 0.0711920 seconds
311.593: Application time: 0.0869420 seconds
311.668: [GC [PSYoungGen: 13390K->1165K(13824K)] 30307K->18481K(45056K), 0.0007100 secs] [Times: user=0.00 sys=0.00, real=0.01 secs] 
311.669: Total time for which application threads were stopped: 0.0760030 seconds, Stopping threads took: 0.0752260 seconds
311.758: Application time: 0.0893410 seconds
311.819: [GC [PSYoungGen: 13370K->758K(13824K)] 30686K->18082K(45056K), 0.0005850 secs] [Times: user=0.00 sys=0.00, real=0.00 secs] 
311.819: Total time for which application threads were stopped: 0.0613090 seconds, Stopping threads took: 0.0606420 seconds
311.904: Application time: 0.0852710 seconds
311.951: [GC [PSYoungGen: 12963K->1376K(13824K)] 30288K->19490K(45056K), 0.0009170 secs] [Times: user=0.00 sys=0.00, real=0.00 secs] 
311.952: Total time for which application threads were stopped: 0.0475350 seconds, Stopping threads took: 0.0465450 seconds
312.040: Application time: 0.0878510 seconds
312.115: [GC [PSYoungGen: 13601K->304K(13824K)] 31714K->18433K(45056K), 0.0005440 secs] [Times: user=0.00 sys=0.00, real=0.00 secs] 
312.116: Total time for which application threads were stopped: 0.0761610 seconds, Stopping threads took: 0.0755230 seconds
312.201: Application time: 0.0851940 seconds
312.245: [GC [PSYoungGen: 12313K->1376K(13824K)] 30443K->19717K(45056K), 0.0007160 secs] [Times: user=0.01 sys=0.00, real=0.00 secs] 
312.246: Total time for which application threads were stopped: 0.0450750 seconds, Stopping threads took: 0.0433870 seconds
312.335: Application time: 0.0888210 seconds
312.407: [GC [PSYoungGen: 13503K->774K(13824K)] 31844K->19115K(45056K), 0.0007130 secs] [Times: user=0.01 sys=0.00, real=0.00 secs] 
312.407: Total time for which application threads were stopped: 0.0722530 seconds, Stopping threads took: 0.0714490 seconds
312.511: Application time: 0.1033490 seconds
312.571: [GC [PSYoungGen: 12765K->790K(13824K)] 31106K->19131K(45056K), 0.0004820 secs] [Times: user=0.00 sys=0.00, real=0.00 secs] 
312.572: Total time for which application threads were stopped: 0.0609310 seconds, Stopping threads took: 0.0603730 seconds
312.658: Application time: 0.0862730 seconds
312.700: [GC [PSYoungGen: 12995K->1376K(13824K)] 31336K->20498K(45056K), 0.0009430 secs] [Times: user=0.00 sys=0.00, real=0.00 secs] 
312.701: Total time for which application threads were stopped: 0.0428600 seconds, Stopping threads took: 0.0418180 seconds
312.801: Application time: 0.1002810 seconds
312.857: [GC [PSYoungGen: 13581K->1474K(13824K)] 32703K->21581K(45056K), 0.0009490 secs] [Times: user=0.01 sys=0.00, real=0.00 secs] 
312.858: Total time for which application threads were stopped: 0.0567740 seconds, Stopping threads took: 0.0557280 seconds
312.947: Application time: 0.0896370 seconds
313.027: [GC [PSYoungGen: 13601K->547K(13824K)] 33708K->20654K(45056K), 0.0005100 secs] [Times: user=0.01 sys=0.00, real=0.00 secs] 
313.027: Total time for which application threads were stopped: 0.0797160 seconds, Stopping threads took: 0.0791230 seconds
313.111: Application time: 0.0842470 seconds
313.151: [GC [PSYoungGen: 12674K->1490K(13824K)] 32781K->23175K(45056K), 0.0010660 secs] [Times: user=0.00 sys=0.00, real=0.00 secs] 
313.152: Total time for which application threads were stopped: 0.0405040 seconds, Stopping threads took: 0.0393470 seconds
313.254: Application time: 0.1023930 seconds
313.318: [GC [PSYoungGen: 13773K->1101K(13824K)] 35458K->22786K(45056K), 0.0008640 secs] [Times: user=0.00 sys=0.00, real=0.00 secs] 
313.319: Total time for which application threads were stopped: 0.0649860 seconds, Stopping threads took: 0.0640310 seconds
313.399: Application time: 0.0801010 seconds
313.466: [GC [PSYoungGen: 13306K->336K(13824K)] 34991K->22029K(45056K), 0.0005600 secs] [Times: user=0.00 sys=0.00, real=0.00 secs] 
313.467: Total time for which application threads were stopped: 0.0671170 seconds, Stopping threads took: 0.0664680 seconds
313.546: Application time: 0.0797460 seconds
313.599: [GC [PSYoungGen: 12560K->774K(13824K)] 34254K->22475K(45056K), 0.0006810 secs] [Times: user=0.00 sys=0.00, real=0.00 secs] 
313.599: Total time for which application threads were stopped: 0.0530310 seconds, Stopping threads took: 0.0522540 seconds
313.678: Application time: 0.0787770 seconds
313.717: [GC [PSYoungGen: 12979K->1523K(13824K)] 34681K->23811K(45056K), 0.0011000 secs] [Times: user=0.00 sys=0.00, real=0.00 secs] 
313.718: Total time for which application threads were stopped: 0.0402230 seconds, Stopping threads took: 0.0390330 seconds
313.802: Application time: 0.0831920 seconds
313.870: [GC [PSYoungGen: 13748K->304K(13824K)] 36036K->22591K(45056K), 0.0004800 secs] [Times: user=0.00 sys=0.00, real=0.00 secs] 
313.870: Total time for which application threads were stopped: 0.0685660 seconds, Stopping threads took: 0.0680240 seconds
313.950: Application time: 0.0794380 seconds
313.990: [GC [PSYoungGen: 12528K->758K(13824K)] 34816K->23053K(45056K), 0.0005260 secs] [Times: user=0.00 sys=0.00, real=0.00 secs] 
313.991: Total time for which application threads were stopped: 0.0411860 seconds, Stopping threads took: 0.0405980 seconds
314.070: Application time: 0.0797560 seconds
314.111: [GC [PSYoungGen: 12964K->1474K(13824K)] 35259K->25535K(45056K), 0.0011420 secs] [Times: user=0.01 sys=0.00, real=0.00 secs] 
314.112: Total time for which application threads were stopped: 0.0411620 seconds, Stopping threads took: 0.0399420 seconds
314.192: Application time: 0.0800130 seconds
314.261: [GC [PSYoungGen: 13679K->1344K(13824K)] 37740K->25405K(45056K), 0.0006950 secs] [Times: user=0.01 sys=0.00, real=0.00 secs] 
314.262: Total time for which application threads were stopped: 0.0702050 seconds, Stopping threads took: 0.0694420 seconds
314.342: Application time: 0.0796260 seconds
314.402: [GC [PSYoungGen: 13549K->563K(13824K)] 37611K->24640K(45056K), 0.0005630 secs] [Times: user=0.01 sys=0.00, real=0.00 secs] 
314.403: Total time for which application threads were stopped: 0.0614490 seconds, Stopping threads took: 0.0608150 seconds
314.483: Application time: 0.0799560 seconds
314.522: [GC [PSYoungGen: 12768K->1165K(13824K)] 36845K->26023K(45056K), 0.0008790 secs] [Times: user=0.00 sys=0.00, real=0.00 secs] 
314.523: Total time for which application threads were stopped: 0.0402560 seconds, Stopping threads took: 0.0393090 seconds
314.606: Application time: 0.0828850 seconds
314.671: [GC [PSYoungGen: 13292K->1133K(13824K)] 38150K->26007K(45056K), 0.0006080 secs] [Times: user=0.00 sys=0.00, real=0.00 secs] 
314.671: Total time for which application threads were stopped: 0.0652390 seconds, Stopping threads took: 0.0645560 seconds
314.762: Application time: 0.0904590 seconds
314.815: [GC [PSYoungGen: 13124K->1197K(13824K)] 37998K->26079K(45056K), 0.0007500 secs] [Times: user=0.00 sys=0.00, real=0.00 secs] 
314.816: Total time for which application threads were stopped: 0.0540400 seconds, Stopping threads took: 0.0532250 seconds
314.895: Application time: 0.0791540 seconds
314.936: [GC [PSYoungGen: 13305K->1522K(13824K)] 38187K->27389K(45056K), 0.0009920 secs] [Times: user=0.01 sys=0.00, real=0.01 secs] 
314.937: Total time for which application threads were stopped: 0.0416000 seconds, Stopping threads took: 0.0405140 seconds
315.023: Application time: 0.0866860 seconds
315.082: [GC [PSYoungGen: 13551K->1442K(13824K)] 39418K->28481K(45056K), 0.0010270 secs] [Times: user=0.00 sys=0.00, real=0.00 secs] 
315.084: Total time for which application threads were stopped: 0.0602430 seconds, Stopping threads took: 0.0591220 seconds
315.166: Application time: 0.0825450 seconds
315.223: [GC [PSYoungGen: 13666K->1360K(13824K)] 40706K->28985K(45056K), 0.0008350 secs] [Times: user=0.01 sys=0.00, real=0.00 secs] 
315.224: Total time for which application threads were stopped: 0.0576060 seconds, Stopping threads took: 0.0566950 seconds
315.306: Application time: 0.0824160 seconds
315.375: [GC [PSYoungGen: 13487K->1149K(13824K)] 41112K->28790K(45056K), 0.0006440 secs] [Times: user=0.00 sys=0.00, real=0.00 secs] 
315.375: Total time for which application threads were stopped: 0.0691130 seconds, Stopping threads took: 0.0684010 seconds
315.457: Application time: 0.0814810 seconds
315.509: [GC [PSYoungGen: 13354K->288K(13824K)] 40995K->27937K(45056K), 0.0004160 secs] [Times: user=0.00 sys=0.00, real=0.00 secs] 
315.510: Total time for which application threads were stopped: 0.0528430 seconds, Stopping threads took: 0.0523650 seconds
315.588: Application time: 0.0782330 seconds
315.629: [GC [PSYoungGen: 12512K->742K(13824K)] 40161K->28391K(45056K), 0.0005660 secs] [Times: user=0.01 sys=0.00, real=0.00 secs] 
315.630: Total time for which application threads were stopped: 0.0417390 seconds, Stopping threads took: 0.0411040 seconds
315.710: Application time: 0.0807220 seconds
315.762: [GC [PSYoungGen: 12948K->1376K(13824K)] 40597K->29814K(45056K), 0.0008980 secs] [Times: user=0.00 sys=0.00, real=0.00 secs] 
315.762: Total time for which application threads were stopped: 0.0522230 seconds, Stopping threads took: 0.0512490 seconds
315.846: Application time: 0.0831350 seconds
315.910: [GC [PSYoungGen: 13659K->1344K(13824K)] 42098K->29783K(45056K), 0.0006800 secs] [Times: user=0.00 sys=0.00, real=0.00 secs] 
315.911: Total time for which application threads were stopped: 0.0654330 seconds, Stopping threads took: 0.0646900 seconds
315.993: Application time: 0.0817920 seconds
316.049: [GC [PSYoungGen: 13471K->563K(13824K)] 41910K->29001K(45056K), 0.0004520 secs] [Times: user=0.00 sys=0.00, real=0.00 secs] 
316.049: Total time for which application threads were stopped: 0.0564170 seconds, Stopping threads took: 0.0559000 seconds
316.128: Application time: 0.0790900 seconds
316.170: [GC [PSYoungGen: 12846K->1376K(13824K)] 41285K->30408K(45056K), 0.0008380 secs] [Times: user=0.01 sys=0.00, real=0.00 secs] 
316.171: Total time for which application threads were stopped: 0.0428310 seconds, Stopping threads took: 0.0418990 seconds
316.253: Application time: 0.0814650 seconds
316.319: [GC [PSYoungGen: 13503K->1149K(13824K)] 42535K->30197K(45056K), 0.0006320 secs] [Times: user=0.00 sys=0.00, real=0.00 secs] 
316.320: Total time for which application threads were stopped: 0.0671040 seconds, Stopping threads took: 0.0663960 seconds
316.403: Application time: 0.0835010 seconds
316.457: [GC [PSYoungGen: 13354K->336K(13824K)] 42402K->29392K(45056K), 0.0004990 secs] [Times: user=0.00 sys=0.00, real=0.00 secs] 
316.458: Total time for which application threads were stopped: 0.0546000 seconds, Stopping threads took: 0.0540160 seconds
316.538: Application time: 0.0805990 seconds
316.578: [GC [PSYoungGen: 12443K->1474K(13824K)] 41500K->30733K(45056K), 0.0007800 secs] [Times: user=0.01 sys=0.00, real=0.00 secs] 
316.579: Total time for which application threads were stopped: 0.0402070 seconds, Stopping threads took: 0.0393530 seconds
316.670: Application time: 0.0910090 seconds
316.737: [GC [PSYoungGen: 13503K->774K(13824K)] 42763K->30034K(45056K), 0.0006000 secs] [Times: user=0.01 sys=0.00, real=0.00 secs] 
316.737: Total time for which application threads were stopped: 0.0676030 seconds, Stopping threads took: 0.0669160 seconds
316.834: Application time: 0.0964750 seconds
316.895: [GC [PSYoungGen: 12999K->1149K(13824K)] 42259K->30424K(45056K), 0.0007060 secs] [Times: user=0.01 sys=0.00, real=0.00 secs] 
316.895: Total time for which application threads were stopped: 0.0616700 seconds, Stopping threads took: 0.0608890 seconds
316.976: Application time: 0.0801960 seconds
317.018: [GC [PSYoungGen: 13256K->1328K(13824K)] 42532K->30620K(45056K), 0.0007020 secs] [Times: user=0.01 sys=0.00, real=0.00 secs] 
317.019: Total time for which application threads were stopped: 0.0428910 seconds, Stopping threads took: 0.0421230 seconds
317.098: Application time: 0.0790700 seconds
317.138: [GC [PSYoungGen: 13553K->1392K(13824K)] 42844K->31074K(45056K), 0.0008140 secs] [Times: user=0.01 sys=0.00, real=0.00 secs] 
317.138: Total time for which application threads were stopped: 0.0408050 seconds, Stopping threads took: 0.0399190 seconds
317.232: Application time: 0.0939370 seconds
317.312: [GC [PSYoungGen: 13402K->806K(13824K)] 43084K->30488K(45056K), 0.0005430 secs] [Times: user=0.00 sys=0.00, real=0.00 secs] 
317.314: Total time for which application threads were stopped: 0.0814050 seconds, Stopping threads took: 0.0797560 seconds
317.402: Application time: 0.0883460 seconds
317.448: [GC [PSYoungGen: 13002K->970K(13824K)] 42685K->30652K(45056K), 0.0007930 secs] [Times: user=0.01 sys=0.00, real=0.00 secs] 
317.449: Total time for which application threads were stopped: 0.0470630 seconds, Stopping threads took: 0.0461920 seconds
317.549: Application time: 0.0996020 seconds
317.620: [GC [PSYoungGen: 13067K->1117K(13824K)] 42749K->30807K(45056K), 0.0011670 secs] [Times: user=0.00 sys=0.00, real=0.00 secs] 
317.621: Total time for which application threads were stopped: 0.0721150 seconds, Stopping threads took: 0.0708510 seconds
317.708: Application time: 0.0874640 seconds
317.775: [GC [PSYoungGen: 13244K->1458K(13824K)] 42934K->31148K(45056K), 0.0007640 secs] [Times: user=0.01 sys=0.00, real=0.00 secs] 
317.776: Total time for which application threads were stopped: 0.0672590 seconds, Stopping threads took: 0.0664220 seconds
317.864: Application time: 0.0879800 seconds
317.934: [GC [PSYoungGen: 13683K->758K(13824K)] 43373K->30456K(45056K), 0.0006300 secs] [Times: user=0.00 sys=0.00, real=0.00 secs] 
317.935: Total time for which application threads were stopped: 0.0710430 seconds, Stopping threads took: 0.0703390 seconds
318.020: Application time: 0.0850570 seconds
318.063: [GC [PSYoungGen: 12671K->1458K(13824K)] 42369K->31563K(45056K), 0.0009060 secs] [Times: user=0.01 sys=0.00, real=0.00 secs] 
318.064: Total time for which application threads were stopped: 0.0445020 seconds, Stopping threads took: 0.0434950 seconds
318.161: Application time: 0.0967630 seconds
318.237: [GC [PSYoungGen: 13663K->1360K(13824K)] 43768K->32246K(45056K), 0.0008940 secs] [Times: user=0.01 sys=0.00, real=0.00 secs] 
318.238: [Full GC [PSYoungGen: 1360K->0K(13824K)] [ParOldGen: 30886K->3563K(31232K)] 32246K->3563K(45056K) [PSPermGen: 5149K->5149K(21504K)], 0.0042460 secs] [Times: user=0.01 sys=0.00, real=0.00 secs] 
318.242: Total time for which application threads were stopped: 0.0810810 seconds, Stopping threads took: 0.0758150 seconds
318.346: Application time: 0.1037140 seconds
318.419: [GC [PSYoungGen: 12205K->1232K(13824K)] 15768K->4795K(45056K), 0.0005930 secs] [Times: user=0.00 sys=0.00, real=0.00 secs] 
318.420: Total time for which application threads were stopped: 0.0741770 seconds, Stopping threads took: 0.0735070 seconds
318.512: Application time: 0.0921390 seconds
318.588: [GC [PSYoungGen: 13359K->323K(13824K)] 16923K->3886K(45056K), 0.0005690 secs] [Times: user=0.00 sys=0.00, real=0.00 secs] 
318.588: Total time for which application threads were stopped: 0.0760530 seconds, Stopping threads took: 0.0753880 seconds
318.673: Application time: 0.0851830 seconds
318.676: [GC [PSYoungGen: 12352K->1525K(13824K)] 15916K->7432K(45056K), 0.0013170 secs] [Times: user=0.01 sys=0.00, real=0.01 secs] 
318.677: Total time for which application threads were stopped: 0.0038500 seconds, Stopping threads took: 0.0024570 seconds
318.766: Application time: 0.0887350 seconds
318.839: [GC [PSYoungGen: 13515K->1525K(13824K)] 19423K->7628K(45056K), 0.0007150 secs] [Times: user=0.00 sys=0.00, real=0.00 secs] 
318.840: Total time for which application threads were stopped: 0.0740610 seconds, Stopping threads took: 0.0732740 seconds
318.928: Application time: 0.0876200 seconds
318.998: [GC [PSYoungGen: 13633K->858K(13824K)] 19735K->6960K(45056K), 0.0007300 secs] [Times: user=0.00 sys=0.00, real=0.00 secs] 
318.999: Total time for which application threads were stopped: 0.0711240 seconds, Stopping threads took: 0.0703170 seconds
319.085: Application time: 0.0860430 seconds
319.130: [GC [PSYoungGen: 13082K->1232K(13824K)] 19185K->7335K(45056K), 0.0007000 secs] [Times: user=0.00 sys=0.00, real=0.00 secs] 
319.130: Total time for which application threads were stopped: 0.0455560 seconds, Stopping threads took: 0.0447520 seconds
319.219: Application time: 0.0884310 seconds
319.290: [GC [PSYoungGen: 13516K->483K(13824K)] 19618K->6585K(45056K), 0.0006690 secs] [Times: user=0.00 sys=0.00, real=0.00 secs] 
319.290: Total time for which application threads were stopped: 0.0713770 seconds, Stopping threads took: 0.0706440 seconds
319.376: Application time: 0.0857450 seconds
319.423: [GC [PSYoungGen: 12512K->646K(13824K)] 18615K->6749K(45056K), 0.0006930 secs] [Times: user=0.01 sys=0.00, real=0.00 secs] 
319.423: Total time for which application threads were stopped: 0.0473660 seconds, Stopping threads took: 0.0466060 seconds
319.510: Application time: 0.0864800 seconds
319.555: [GC [PSYoungGen: 12871K->1053K(13824K)] 18973K->7155K(45056K), 0.0006770 secs] [Times: user=0.01 sys=0.00, real=0.00 secs] 
319.555: Total time for which application threads were stopped: 0.0456170 seconds, Stopping threads took: 0.0448470 seconds
319.643: Application time: 0.0871330 seconds
319.687: [GC [PSYoungGen: 13258K->1508K(13824K)] 19361K->8587K(45056K), 0.0010450 secs] [Times: user=0.00 sys=0.00, real=0.00 secs] 
319.688: Total time for which application threads were stopped: 0.0457970 seconds, Stopping threads took: 0.0446510 seconds
319.777: Application time: 0.0881620 seconds
319.847: [GC [PSYoungGen: 13713K->1360K(13824K)] 20792K->8830K(45056K), 0.0007880 secs] [Times: user=0.01 sys=0.01, real=0.00 secs] 
319.848: Total time for which application threads were stopped: 0.0711030 seconds, Stopping threads took: 0.0702270 seconds
319.952: Application time: 0.1045870 seconds
320.032: [GC [PSYoungGen: 13292K->758K(13824K)] 20761K->8228K(45056K), 0.0004900 secs] [Times: user=0.01 sys=0.00, real=0.00 secs] 
320.032: Total time for which application threads were stopped: 0.0800020 seconds, Stopping threads took: 0.0794430 seconds
320.119: Application time: 0.0866330 seconds
320.161: [GC [PSYoungGen: 12983K->1527K(13824K)] 20453K->10763K(45056K), 0.0011480 secs] [Times: user=0.01 sys=0.00, real=0.00 secs] 
320.162: Total time for which application threads were stopped: 0.0432230 seconds, Stopping threads took: 0.0420020 seconds
320.266: Application time: 0.1036900 seconds
320.341: [GC [PSYoungGen: 13732K->224K(13824K)] 22968K->9460K(45056K), 0.0004910 secs] [Times: user=0.00 sys=0.00, real=0.00 secs] 
320.342: Total time for which application threads were stopped: 0.0762300 seconds, Stopping threads took: 0.0756550 seconds
320.427: Application time: 0.0853600 seconds
320.475: [GC [PSYoungGen: 12233K->1395K(13824K)] 21470K->10632K(45056K), 0.0006230 secs] [Times: user=0.00 sys=0.00, real=0.00 secs] 
320.476: Total time for which application threads were stopped: 0.0482850 seconds, Stopping threads took: 0.0475910 seconds
320.564: Application time: 0.0878640 seconds
320.636: [GC [PSYoungGen: 13679K->646K(13824K)] 22915K->9907K(45056K), 0.0005540 secs] [Times: user=0.00 sys=0.00, real=0.00 secs] 
320.636: Total time for which application threads were stopped: 0.0725590 seconds, Stopping threads took: 0.0719350 seconds
320.724: Application time: 0.0874770 seconds
320.769: [GC [PSYoungGen: 12559K->646K(13824K)] 21819K->9907K(45056K), 0.0004770 secs] [Times: user=0.00 sys=0.00, real=0.00 secs] 
320.769: Total time for which application threads were stopped: 0.0456880 seconds, Stopping threads took: 0.0451390 seconds
320.856: Application time: 0.0863610 seconds
320.897: [GC [PSYoungGen: 12851K->1394K(13824K)] 22112K->12412K(45056K), 0.0012210 secs] [Times: user=0.00 sys=0.00, real=0.00 secs] 
320.898: Total time for which application threads were stopped: 0.0425600 seconds, Stopping threads took: 0.0412320 seconds
320.987: Application time: 0.0890690 seconds
321.063: [GC [PSYoungGen: 13521K->1312K(13824K)] 24539K->12347K(45056K), 0.0006320 secs] [Times: user=0.00 sys=0.00, real=0.00 secs] 
321.064: Total time for which application threads were stopped: 0.0764070 seconds, Stopping threads took: 0.0757020 seconds
321.148: Application time: 0.0845540 seconds
321.187: [GC [PSYoungGen: 13342K->1459K(13824K)] 24376K->12502K(45056K), 0.0007340 secs] [Times: user=0.00 sys=0.00, real=0.00 secs] 
321.187: Total time for which application threads were stopped: 0.0391880 seconds, Stopping threads took: 0.0383820 seconds
321.270: Application time: 0.0826110 seconds
321.327: [GC [PSYoungGen: 13587K->694K(13824K)] 24629K->11737K(45056K), 0.0004250 secs] [Times: user=0.00 sys=0.00, real=0.00 secs] 
321.328: Total time for which application threads were stopped: 0.0577880 seconds, Stopping threads took: 0.0572990 seconds
321.408: Application time: 0.0799700 seconds
321.476: [GC [PSYoungGen: 12802K->938K(13824K)] 23844K->11988K(45056K), 0.0007000 secs] [Times: user=0.00 sys=0.00, real=0.00 secs] 
321.476: Total time for which application threads were stopped: 0.0684930 seconds, Stopping threads took: 0.0677000 seconds
321.555: Application time: 0.0783900 seconds
321.597: [GC [PSYoungGen: 13162K->1296K(13824K)] 24213K->12347K(45056K), 0.0006640 secs] [Times: user=0.00 sys=0.00, real=0.00 secs] 
321.598: Total time for which application threads were stopped: 0.0430970 seconds, Stopping threads took: 0.0423420 seconds
321.700: Application time: 0.1017350 seconds
321.766: [GC [PSYoungGen: 13502K->595K(13824K)] 24552K->11645K(45056K), 0.0004980 secs] [Times: user=0.00 sys=0.00, real=0.00 secs] 
321.767: Total time for which application threads were stopped: 0.0674490 seconds, Stopping threads took: 0.0668840 seconds
321.844: Application time: 0.0768530 seconds
321.886: [GC [PSYoungGen: 12624K->1474K(13824K)] 23675K->12923K(45056K), 0.0008920 secs] [Times: user=0.00 sys=0.00, real=0.00 secs] 
321.887: Total time for which application threads were stopped: 0.0434700 seconds, Stopping threads took: 0.0424860 seconds
321.968: Application time: 0.0806180 seconds
322.034: [GC [PSYoungGen: 13542K->758K(13824K)] 24992K->12215K(45056K), 0.0006460 secs] [Times: user=0.00 sys=0.00, real=0.00 secs] 
322.035: Total time for which application threads were stopped: 0.0671470 seconds, Stopping threads took: 0.0664210 seconds
322.114: Application time: 0.0789390 seconds
322.156: [GC [PSYoungGen: 12983K->1133K(13824K)] 24440K->12590K(45056K), 0.0006390 secs] [Times: user=0.00 sys=0.00, real=0.00 secs] 
322.157: Total time for which application threads were stopped: 0.0430990 seconds, Stopping threads took: 0.0423880 seconds
322.237: Application time: 0.0799680 seconds
322.277: [GC [PSYoungGen: 13416K->1392K(13824K)] 24874K->14021K(45056K), 0.0009100 secs] [Times: user=0.01 sys=0.00, real=0.00 secs] 
322.278: Total time for which application threads were stopped: 0.0410870 seconds, Stopping threads took: 0.0401060 seconds
322.360: Application time: 0.0821100 seconds
322.432: [GC [PSYoungGen: 13617K->758K(13824K)] 26246K->13403K(45056K), 0.0005590 secs] [Times: user=0.00 sys=0.00, real=0.00 secs] 
322.434: Total time for which application threads were stopped: 0.0736290 seconds, Stopping threads took: 0.0720870 seconds
322.514: Application time: 0.0796740 seconds
322.579: [GC [PSYoungGen: 13033K->1197K(13824K)] 25678K->13858K(45056K), 0.0006440 secs] [Times: user=0.01 sys=0.00, real=0.00 secs] 
322.579: Total time for which application threads were stopped: 0.0656180 seconds, Stopping threads took: 0.0648760 seconds
322.660: Application time: 0.0809500 seconds
322.720: [GC [PSYoungGen: 13352K->320K(13824K)] 26013K->12997K(45056K), 0.0007630 secs] [Times: user=0.00 sys=0.00, real=0.00 secs] 
322.721: Total time for which application threads were stopped: 0.0603660 seconds, Stopping threads took: 0.0595120 seconds
322.799: Application time: 0.0788830 seconds
322.838: [GC [PSYoungGen: 12544K->1376K(13824K)] 25221K->15624K(45056K), 0.0013430 secs] [Times: user=0.01 sys=0.00, real=0.00 secs] 
322.839: Total time for which application threads were stopped: 0.0399080 seconds, Stopping threads took: 0.0384910 seconds
322.932: Application time: 0.0926160 seconds
323.001: [GC [PSYoungGen: 13289K->774K(13824K)] 27536K->15038K(45056K), 0.0007200 secs] [Times: user=0.00 sys=0.00, real=0.00 secs] 
323.002: Total time for which application threads were stopped: 0.0701030 seconds, Stopping threads took: 0.0692950 seconds
323.082: Application time: 0.0798160 seconds
323.132: [GC [PSYoungGen: 12999K->1133K(13824K)] 27263K->15397K(45056K), 0.0008490 secs] [Times: user=0.00 sys=0.00, real=0.00 secs] 
323.133: Total time for which application threads were stopped: 0.0506890 seconds, Stopping threads took: 0.0497370 seconds
323.213: Application time: 0.0805050 seconds
323.282: [GC [PSYoungGen: 13260K->304K(13824K)] 27524K->14567K(45056K), 0.0006470 secs] [Times: user=0.00 sys=0.00, real=0.00 secs] 
323.283: Total time for which application threads were stopped: 0.0695060 seconds, Stopping threads took: 0.0687700 seconds
323.381: Application time: 0.0982310 seconds
323.439: [GC [PSYoungGen: 12490K->579K(13824K)] 26753K->14843K(45056K), 0.0005050 secs] [Times: user=0.01 sys=0.00, real=0.00 secs] 
323.439: Total time for which application threads were stopped: 0.0585110 seconds, Stopping threads took: 0.0579120 seconds
323.520: Application time: 0.0802400 seconds
323.569: [GC [PSYoungGen: 12862K->1424K(13824K)] 27126K->16290K(45056K), 0.0008680 secs] [Times: user=0.01 sys=0.00, real=0.00 secs] 
323.570: Total time for which application threads were stopped: 0.0505510 seconds, Stopping threads took: 0.0496070 seconds
323.660: Application time: 0.0896490 seconds
323.731: [GC [PSYoungGen: 13629K->1133K(13824K)] 28495K->15999K(45056K), 0.0007840 secs] [Times: user=0.00 sys=0.00, real=0.00 secs] 
323.732: Total time for which application threads were stopped: 0.0718530 seconds, Stopping threads took: 0.0709680 seconds
323.811: Application time: 0.0795860 seconds
323.863: [GC [PSYoungGen: 13358K->1197K(13824K)] 28223K->16469K(45056K), 0.0007680 secs] [Times: user=0.00 sys=0.00, real=0.00 secs] 
323.864: Total time for which application threads were stopped: 0.0526250 seconds, Stopping threads took: 0.0517880 seconds
323.948: Application time: 0.0836180 seconds
324.017: [GC [PSYoungGen: 13422K->1360K(13824K)] 28694K->17218K(45056K), 0.0007900 secs] [Times: user=0.01 sys=0.00, real=0.00 secs] 
324.018: Total time for which application threads were stopped: 0.0701780 seconds, Stopping threads took: 0.0693160 seconds
324.100: Application time: 0.0819500 seconds
324.166: [GC [PSYoungGen: 13565K->1149K(13824K)] 29424K->17015K(45056K), 0.0008020 secs] [Times: user=0.01 sys=0.00, real=0.00 secs] 
324.167: Total time for which application threads were stopped: 0.0669070 seconds, Stopping threads took: 0.0660240 seconds
324.246: Application time: 0.0795350 seconds
324.287: [GC [PSYoungGen: 13374K->1490K(13824K)] 29240K->18528K(45056K), 0.0010400 secs] [Times: user=0.01 sys=0.00, real=0.00 secs] 
324.288: Total time for which application threads were stopped: 0.0419140 seconds, Stopping threads took: 0.0407760 seconds
324.372: Application time: 0.0835780 seconds
324.443: [GC [PSYoungGen: 13773K->790K(13824K)] 30811K->17836K(45056K), 0.0005790 secs] [Times: user=0.00 sys=0.00, real=0.00 secs] 
324.444: Total time for which application threads were stopped: 0.0720520 seconds, Stopping threads took: 0.0713820 seconds
324.523: Application time: 0.0792200 seconds
324.564: [GC [PSYoungGen: 13015K->1117K(13824K)] 30061K->18163K(45056K), 0.0008530 secs] [Times: user=0.00 sys=0.00, real=0.00 secs] 
324.565: Total time for which application threads were stopped: 0.0424110 seconds, Stopping threads took: 0.0414650 seconds
324.646: Application time: 0.0812100 seconds
324.712: [GC [PSYoungGen: 13244K->304K(13824K)] 30290K->17350K(45056K), 0.0006560 secs] [Times: user=0.00 sys=0.00, real=0.00 secs] 
324.712: Total time for which application threads were stopped: 0.0658980 seconds, Stopping threads took: 0.0651460 seconds
324.792: Application time: 0.0800580 seconds
324.833: [GC [PSYoungGen: 12411K->563K(13824K)] 29457K->17617K(45056K), 0.0006430 secs] [Times: user=0.01 sys=0.00, real=0.00 secs] 
324.833: Total time for which application threads were stopped: 0.0408940 seconds, Stopping threads took: 0.0401530 seconds
324.913: Application time: 0.0797090 seconds
324.951: [GC [PSYoungGen: 12671K->790K(13824K)] 29725K->17844K(45056K), 0.0005100 secs] [Times: user=0.00 sys=0.00, real=0.00 secs] 
324.952: Total time for which application threads were stopped: 0.0385750 seconds, Stopping threads took: 0.0380010 seconds
325.030: Application time: 0.0778950 seconds
325.069: [GC [PSYoungGen: 13015K->1133K(13824K)] 30069K->18195K(45056K), 0.0007480 secs] [Times: user=0.00 sys=0.00, real=0.00 secs] 
325.070: Total time for which application threads were stopped: 0.0400960 seconds, Stopping threads took: 0.0392590 seconds
325.152: Application time: 0.0819460 seconds
325.196: [GC [PSYoungGen: 13338K->1376K(13824K)] 30401K->19610K(45056K), 0.0011020 secs] [Times: user=0.00 sys=0.00, real=0.01 secs] 
325.197: Total time for which application threads were stopped: 0.0457950 seconds, Stopping threads took: 0.0446180 seconds
325.284: Application time: 0.0866990 seconds
325.342: [GC [PSYoungGen: 13581K->1490K(13824K)] 31816K->21091K(45056K), 0.0012010 secs] [Times: user=0.01 sys=0.00, real=0.00 secs] 
325.343: Total time for which application threads were stopped: 0.0588280 seconds, Stopping threads took: 0.0575250 seconds
325.445: Application time: 0.1016080 seconds
325.516: [GC [PSYoungGen: 13597K->1360K(13824K)] 33199K->21564K(45056K), 0.0010160 secs] [Times: user=0.01 sys=0.00, real=0.01 secs] 
325.517: Total time for which application threads were stopped: 0.0727370 seconds, Stopping threads took: 0.0716450 seconds
325.604: Application time: 0.0865940 seconds
325.676: [GC [PSYoungGen: 13565K->1197K(13824K)] 33769K->21416K(45056K), 0.0007040 secs] [Times: user=0.01 sys=0.00, real=0.01 secs] 
325.677: Total time for which application threads were stopped: 0.0728590 seconds, Stopping threads took: 0.0720640 seconds
325.763: Application time: 0.0864400 seconds
325.805: [GC [PSYoungGen: 13422K->1376K(13824K)] 33641K->21799K(45056K), 0.0007620 secs] [Times: user=0.00 sys=0.00, real=0.00 secs] 
325.805: Total time for which application threads were stopped: 0.0422400 seconds, Stopping threads took: 0.0414060 seconds
325.892: Application time: 0.0864650 seconds
325.934: [GC [PSYoungGen: 13288K->1360K(13824K)] 33711K->21978K(45056K), 0.0009270 secs] [Times: user=0.01 sys=0.00, real=0.00 secs] 
325.935: Total time for which application threads were stopped: 0.0435220 seconds, Stopping threads took: 0.0424890 seconds
326.026: Application time: 0.0907440 seconds
326.096: [GC [PSYoungGen: 13566K->774K(13824K)] 34184K->21392K(45056K), 0.0007250 secs] [Times: user=0.00 sys=0.00, real=0.00 secs] 
326.096: Total time for which application threads were stopped: 0.0700870 seconds, Stopping threads took: 0.0692950 seconds
326.183: Application time: 0.0863400 seconds
326.225: [GC [PSYoungGen: 12999K->1408K(13824K)] 33617K->23988K(45056K), 0.0011760 secs] [Times: user=0.00 sys=0.00, real=0.00 secs] 
326.226: Total time for which application threads were stopped: 0.0431460 seconds, Stopping threads took: 0.0418880 seconds
326.333: Application time: 0.1069910 seconds
326.408: [GC [PSYoungGen: 13633K->1360K(13824K)] 36212K->24135K(45056K), 0.0008100 secs] [Times: user=0.00 sys=0.00, real=0.00 secs] 
326.409: Total time for which application threads were stopped: 0.0764910 seconds, Stopping threads took: 0.0756000 seconds
326.496: Application time: 0.0868960 seconds
326.569: [GC [PSYoungGen: 13644K->758K(13824K)] 36418K->23549K(45056K), 0.0006120 secs] [Times: user=0.00 sys=0.00, real=0.00 secs] 
326.569: Total time for which application threads were stopped: 0.0730300 seconds, Stopping threads took: 0.0723180 seconds
326.656: Application time: 0.0864330 seconds
326.697: [GC [PSYoungGen: 12885K->1376K(13824K)] 35676K->24948K(45056K), 0.0009830 secs] [Times: user=0.01 sys=0.00, real=0.00 secs] 
326.698: Total time for which application threads were stopped: 0.0426290 seconds, Stopping threads took: 0.0415500 seconds
326.795: Application time: 0.0966160 seconds
326.876: [GC [PSYoungGen: 13601K->272K(13824K)] 37173K->23843K(45056K), 0.0004590 secs] [Times: user=0.00 sys=0.00, real=0.00 secs] 
326.876: Total time for which application threads were stopped: 0.0814130 seconds, Stopping threads took: 0.0808900 seconds
326.963: Application time: 0.0867950 seconds
327.038: [GC [PSYoungGen: 12457K->531K(13824K)] 36029K->24111K(45056K), 0.0005920 secs] [Times: user=0.00 sys=0.00, real=0.00 secs] 
327.039: Total time for which application threads were stopped: 0.0759100 seconds, Stopping threads took: 0.0752240 seconds
327.142: Application time: 0.1031770 seconds
327.211: [GC [PSYoungGen: 12717K->726K(13824K)] 36297K->24322K(45056K), 0.0005990 secs] [Times: user=0.00 sys=0.00, real=0.00 secs] 
327.212: Total time for which application threads were stopped: 0.0698110 seconds, Stopping threads took: 0.0691140 seconds
327.298: Application time: 0.0858160 seconds
327.343: [GC [PSYoungGen: 12951K->1149K(13824K)] 36547K->24745K(45056K), 0.0007700 secs] [Times: user=0.00 sys=0.00, real=0.00 secs] 
327.344: Total time for which application threads were stopped: 0.0464630 seconds, Stopping threads took: 0.0456030 seconds
327.431: Application time: 0.0869320 seconds
327.485: [GC [PSYoungGen: 13374K->1165K(13824K)] 36970K->25159K(45056K), 0.0008150 secs] [Times: user=0.00 sys=0.00, real=0.00 secs] 
327.487: Total time for which application threads were stopped: 0.0553990 seconds, Stopping threads took: 0.0537460 seconds
327.573: Application time: 0.0860030 seconds
327.627: [GC [PSYoungGen: 13272K->1392K(13824K)] 37267K->25785K(45056K), 0.0010560 secs] [Times: user=0.00 sys=0.00, real=0.00 secs] 
327.628: Total time for which application threads were stopped: 0.0556020 seconds, Stopping threads took: 0.0544540 seconds
327.717: Application time: 0.0888470 seconds
327.792: [GC [PSYoungGen: 13402K->742K(13824K)] 37795K->25143K(45056K), 0.0007350 secs] [Times: user=0.01 sys=0.00, real=0.00 secs] 
327.793: Total time for which application threads were stopped: 0.0760930 seconds, Stopping threads took: 0.0752570 seconds
327.878: Application time: 0.0843780 seconds
327.922: [GC [PSYoungGen: 12967K->1133K(13824K)] 37368K->25542K(45056K), 0.0007400 secs] [Times: user=0.00 sys=0.00, real=0.00 secs] 
327.923: Total time for which application threads were stopped: 0.0456320 seconds, Stopping threads took: 0.0447970 seconds
328.010: Application time: 0.0863720 seconds
328.082: [GC [PSYoungGen: 13260K->320K(13824K)] 37669K->24729K(45056K), 0.0006210 secs] [Times: user=0.00 sys=0.00, real=0.00 secs] 
328.082: Total time for which application threads were stopped: 0.0725610 seconds, Stopping threads took: 0.0718490 seconds
328.167: Application time: 0.0853390 seconds
328.215: [GC [PSYoungGen: 12427K->531K(13824K)] 36836K->24948K(45056K), 0.0007330 secs] [Times: user=0.00 sys=0.01, real=0.00 secs] 
328.216: Total time for which application threads were stopped: 0.0483760 seconds, Stopping threads took: 0.0475560 seconds
328.301: Application time: 0.0853830 seconds
328.345: [GC [PSYoungGen: 12736K->1344K(13824K)] 37153K->26355K(45056K), 0.0010400 secs] [Times: user=0.00 sys=0.00, real=0.00 secs] 
328.346: Total time for which application threads were stopped: 0.0450870 seconds, Stopping threads took: 0.0439430 seconds
328.435: Application time: 0.0882760 seconds
328.505: [GC [PSYoungGen: 13471K->1133K(13824K)] 38482K->26144K(45056K), 0.0007080 secs] [Times: user=0.00 sys=0.00, real=0.00 secs] 
328.505: Total time for which application threads were stopped: 0.0707780 seconds, Stopping threads took: 0.0699810 seconds
328.614: Application time: 0.1082060 seconds
328.684: [GC [PSYoungGen: 13338K->320K(13824K)] 38349K->25331K(45056K), 0.0004220 secs] [Times: user=0.00 sys=0.00, real=0.00 secs] 
328.685: Total time for which application threads were stopped: 0.0710730 seconds, Stopping threads took: 0.0705890 seconds
328.770: Application time: 0.0851630 seconds
328.812: [GC [PSYoungGen: 12408K->1392K(13824K)] 37419K->26607K(45056K), 0.0007300 secs] [Times: user=0.01 sys=0.00, real=0.00 secs] 
328.813: Total time for which application threads were stopped: 0.0433070 seconds, Stopping threads took: 0.0425040 seconds
328.902: Application time: 0.0886260 seconds
328.973: [GC [PSYoungGen: 13519K->758K(13824K)] 38734K->25973K(45056K), 0.0006020 secs] [Times: user=0.00 sys=0.00, real=0.00 secs] 
328.974: Total time for which application threads were stopped: 0.0717710 seconds, Stopping threads took: 0.0710920 seconds
329.059: Application time: 0.0854490 seconds
329.103: [GC [PSYoungGen: 12749K->1442K(13824K)] 37963K->27047K(45056K), 0.0008980 secs] [Times: user=0.00 sys=0.00, real=0.00 secs] 
329.104: Total time for which application threads were stopped: 0.0446140 seconds, Stopping threads took: 0.0436410 seconds
329.185: Application time: 0.0815130 seconds
329.253: [GC [PSYoungGen: 13667K->1149K(13824K)] 39272K->26762K(45056K), 0.0006030 secs] [Times: user=0.00 sys=0.00, real=0.00 secs] 
329.254: Total time for which application threads were stopped: 0.0684380 seconds, Stopping threads took: 0.0677710 seconds
329.333: Application time: 0.0792450 seconds
329.386: [GC [PSYoungGen: 13354K->1490K(13824K)] 38967K->27111K(45056K), 0.0008860 secs] [Times: user=0.00 sys=0.00, real=0.00 secs] 
329.387: Total time for which application threads were stopped: 0.0537560 seconds, Stopping threads took: 0.0527920 seconds
329.475: Application time: 0.0881800 seconds
329.547: [GC [PSYoungGen: 13422K->1376K(13824K)] 39043K->27193K(45056K), 0.0007140 secs] [Times: user=0.00 sys=0.00, real=0.00 secs] 
329.548: Total time for which application threads were stopped: 0.0729950 seconds, Stopping threads took: 0.0721900 seconds
329.630: Application time: 0.0822280 seconds
329.684: [GC [PSYoungGen: 13503K->758K(13824K)] 39320K->26575K(45056K), 0.0005080 secs] [Times: user=0.00 sys=0.00, real=0.00 secs] 
329.685: Total time for which application threads were stopped: 0.0545250 seconds, Stopping threads took: 0.0539480 seconds
329.763: Application time: 0.0786530 seconds
329.805: [GC [PSYoungGen: 12983K->1149K(13824K)] 38799K->26973K(45056K), 0.0008210 secs] [Times: user=0.01 sys=0.00, real=0.00 secs] 
329.806: Total time for which application threads were stopped: 0.0426630 seconds, Stopping threads took: 0.0417770 seconds
329.885: Application time: 0.0792840 seconds
329.937: [GC [PSYoungGen: 13257K->1376K(13824K)] 39081K->27209K(45056K), 0.0008470 secs] [Times: user=0.00 sys=0.00, real=0.00 secs] 
329.938: Total time for which application threads were stopped: 0.0524450 seconds, Stopping threads took: 0.0515070 seconds
330.020: Application time: 0.0819480 seconds
330.085: [GC [PSYoungGen: 13503K->595K(13824K)] 39336K->26427K(45056K), 0.0006540 secs] [Times: user=0.00 sys=0.00, real=0.00 secs] 
330.085: Total time for which application threads were stopped: 0.0656610 seconds, Stopping threads took: 0.0649140 seconds
330.166: Application time: 0.0802930 seconds
330.206: [GC [PSYoungGen: 12879K->1360K(13824K)] 38711K->27779K(45056K), 0.0010940 secs] [Times: user=0.00 sys=0.00, real=0.00 secs] 
330.207: Total time for which application threads were stopped: 0.0417320 seconds, Stopping threads took: 0.0405510 seconds
330.290: Application time: 0.0827810 seconds
330.357: [GC [PSYoungGen: 13566K->1181K(13824K)] 39984K->27607K(45056K), 0.0006920 secs] [Times: user=0.00 sys=0.00, real=0.00 secs] 
330.358: Total time for which application threads were stopped: 0.0678890 seconds, Stopping threads took: 0.0671110 seconds
330.441: Application time: 0.0829230 seconds
330.510: [GC [PSYoungGen: 13386K->304K(13824K)] 39812K->26746K(45056K), 0.0005060 secs] [Times: user=0.00 sys=0.00, real=0.00 secs] 
330.511: Total time for which application threads were stopped: 0.0698680 seconds, Stopping threads took: 0.0692970 seconds
330.591: Application time: 0.0803370 seconds
330.658: [GC [PSYoungGen: 12411K->547K(13824K)] 38854K->26989K(45056K), 0.0005410 secs] [Times: user=0.00 sys=0.00, real=0.00 secs] 
330.659: Total time for which application threads were stopped: 0.0677170 seconds, Stopping threads took: 0.0671010 seconds
330.738: Application time: 0.0796190 seconds
330.778: [GC [PSYoungGen: 12830K->1376K(13824K)] 39273K->28413K(45056K), 0.0008470 secs] [Times: user=0.01 sys=0.00, real=0.00 secs] 
330.779: Total time for which application threads were stopped: 0.0408950 seconds, Stopping threads took: 0.0399790 seconds
330.879: Application time: 0.0998770 seconds
330.943: [GC [PSYoungGen: 13503K->1149K(13824K)] 40539K->28193K(45056K), 0.0006410 secs] [Times: user=0.01 sys=0.00, real=0.00 secs] 
330.944: Total time for which application threads were stopped: 0.0647960 seconds, Stopping threads took: 0.0640890 seconds
331.023: Application time: 0.0792260 seconds
331.065: [GC [PSYoungGen: 13374K->1181K(13824K)] 40418K->28616K(45056K), 0.0007610 secs] [Times: user=0.01 sys=0.00, real=0.00 secs] 
331.065: Total time for which application threads were stopped: 0.0420630 seconds, Stopping threads took: 0.0412110 seconds
331.148: Application time: 0.0826930 seconds
331.215: [GC [PSYoungGen: 13308K->758K(13824K)] 40743K->28201K(45056K), 0.0006650 secs] [Times: user=0.00 sys=0.00, real=0.00 secs] 
331.215: Total time for which application threads were stopped: 0.0672640 seconds, Stopping threads took: 0.0665210 seconds
331.300: Application time: 0.0849880 seconds
331.337: [GC [PSYoungGen: 12963K->1525K(13824K)] 40407K->30643K(45056K), 0.0012430 secs] [Times: user=0.01 sys=0.00, real=0.00 secs] 
331.339: Total time for which application threads were stopped: 0.0384200 seconds, Stopping threads took: 0.0370920 seconds
331.419: Application time: 0.0801610 seconds
331.492: [GC [PSYoungGen: 13750K->256K(13824K)] 42867K->29381K(45056K), 0.0006900 secs] [Times: user=0.00 sys=0.00, real=0.00 secs] 
331.493: Total time for which application threads were stopped: 0.0740180 seconds, Stopping threads took: 0.0732360 seconds
331.573: Application time: 0.0796730 seconds
331.612: [GC [PSYoungGen: 12480K->678K(13824K)] 41606K->29804K(45056K), 0.0005950 secs] [Times: user=0.00 sys=0.00, real=0.00 secs] 
331.612: Total time for which application threads were stopped: 0.0397460 seconds, Stopping threads took: 0.0390740 seconds
331.692: Application time: 0.0792590 seconds
331.748: [GC [PSYoungGen: 12903K->1053K(13824K)] 42029K->30179K(45056K), 0.0006240 secs] [Times: user=0.00 sys=0.00, real=0.01 secs] 
331.749: Total time for which application threads were stopped: 0.0570530 seconds, Stopping threads took: 0.0563430 seconds
331.829: Application time: 0.0809000 seconds
331.870: [GC [PSYoungGen: 13317K->1248K(13824K)] 42443K->30374K(45056K), 0.0006660 secs] [Times: user=0.01 sys=0.00, real=0.00 secs] 
331.871: Total time for which application threads were stopped: 0.0411920 seconds, Stopping threads took: 0.0404640 seconds
331.955: Application time: 0.0845750 seconds
332.025: [GC [PSYoungGen: 13356K->1165K(13824K)] 42482K->30689K(45056K), 0.0007290 secs] [Times: user=0.01 sys=0.00, real=0.00 secs] 
332.026: Total time for which application threads were stopped: 0.0702660 seconds, Stopping threads took: 0.0694460 seconds
332.105: Application time: 0.0796120 seconds
332.163: [GC [PSYoungGen: 13390K->1360K(13824K)] 42914K->31471K(45056K), 0.0008310 secs] [Times: user=0.00 sys=0.00, real=0.00 secs] 
332.164: [Full GC [PSYoungGen: 1360K->0K(13824K)] [ParOldGen: 30110K->3372K(31232K)] 31471K->3372K(45056K) [PSPermGen: 5149K->5149K(21504K)], 0.0042400 secs] [Times: user=0.02 sys=0.00, real=0.00 secs] 
332.168: Total time for which application threads were stopped: 0.0629220 seconds, Stopping threads took: 0.0577400 seconds
332.249: Application time: 0.0810480 seconds
332.316: [GC [PSYoungGen: 12205K->1005K(13824K)] 15578K->4378K(45056K), 0.0005540 secs] [Times: user=0.00 sys=0.00, real=0.00 secs] 
332.316: Total time for which application threads were stopped: 0.0671080 seconds, Stopping threads took: 0.0664730 seconds
332.413: Application time: 0.0963970 seconds
332.478: [GC [PSYoungGen: 13288K->176K(13824K)] 16661K->3548K(45056K), 0.0003490 secs] [Times: user=0.00 sys=0.00, real=0.00 secs] 
332.478: Total time for which application threads were stopped: 0.0652680 seconds, Stopping threads took: 0.0648510 seconds
332.556: Application time: 0.0780470 seconds
332.598: [GC [PSYoungGen: 12400K->1509K(13824K)] 15773K->5077K(45056K), 0.0007920 secs] [Times: user=0.01 sys=0.00, real=0.00 secs] 
332.600: Total time for which application threads were stopped: 0.0438020 seconds, Stopping threads took: 0.0421350 seconds
332.681: Application time: 0.0814520 seconds
332.747: [GC [PSYoungGen: 13734K->1005K(13824K)] 17302K->4573K(45056K), 0.0005830 secs] [Times: user=0.00 sys=0.00, real=0.00 secs] 
332.748: Total time for which application threads were stopped: 0.0662620 seconds, Stopping threads took: 0.0656110 seconds
332.831: Application time: 0.0832270 seconds
332.895: [GC [PSYoungGen: 13210K->288K(13824K)] 16778K->3856K(45056K), 0.0003940 secs] [Times: user=0.00 sys=0.00, real=0.00 secs] 
332.895: Total time for which application threads were stopped: 0.0646830 seconds, Stopping threads took: 0.0642120 seconds
332.976: Application time: 0.0804650 seconds
333.027: [GC [PSYoungGen: 12512K->630K(13824K)] 16081K->4198K(45056K), 0.0005490 secs] [Times: user=0.00 sys=0.00, real=0.00 secs] 
333.028: Total time for which application threads were stopped: 0.0521380 seconds, Stopping threads took: 0.0515200 seconds
333.108: Application time: 0.0795190 seconds
333.146: [GC [PSYoungGen: 12855K->1394K(13824K)] 16423K->5743K(45056K), 0.0008670 secs] [Times: user=0.01 sys=0.00, real=0.00 secs] 
333.147: Total time for which application threads were stopped: 0.0390610 seconds, Stopping threads took: 0.0381250 seconds
333.230: Application time: 0.0829140 seconds
333.299: [GC [PSYoungGen: 13599K->1330K(13824K)] 17948K->5679K(45056K), 0.0006190 secs] [Times: user=0.00 sys=0.00, real=0.00 secs] 
333.300: Total time for which application threads were stopped: 0.0706090 seconds, Stopping threads took: 0.0699210 seconds
333.403: Application time: 0.1024400 seconds
333.471: [GC [PSYoungGen: 13438K->467K(13824K)] 17787K->4816K(45056K), 0.0004620 secs] [Times: user=0.00 sys=0.00, real=0.00 secs] 
333.472: Total time for which application threads were stopped: 0.0692140 seconds, Stopping threads took: 0.0686650 seconds
333.550: Application time: 0.0784350 seconds
333.589: [GC [PSYoungGen: 12594K->1508K(13824K)] 16943K->6248K(45056K), 0.0008300 secs] [Times: user=0.00 sys=0.00, real=0.00 secs] 
333.590: Total time for which application threads were stopped: 0.0395530 seconds, Stopping threads took: 0.0386290 seconds
333.690: Application time: 0.0999920 seconds
333.754: [GC [PSYoungGen: 13654K->1523K(13824K)] 18394K->6654K(45056K), 0.0007520 secs] [Times: user=0.01 sys=0.00, real=0.00 secs] 
333.754: Total time for which application threads were stopped: 0.0646690 seconds, Stopping threads took: 0.0638240 seconds
333.834: Application time: 0.0797430 seconds
333.898: [GC [PSYoungGen: 13651K->1101K(13824K)] 18781K->6232K(45056K), 0.0005910 secs] [Times: user=0.00 sys=0.00, real=0.00 secs] 
333.899: Total time for which application threads were stopped: 0.0643920 seconds, Stopping threads took: 0.0637310 seconds
333.978: Application time: 0.0796580 seconds
334.052: [GC [PSYoungGen: 13228K->352K(13824K)] 18359K->5482K(45056K), 0.0004320 secs] [Times: user=0.00 sys=0.00, real=0.00 secs] 
334.052: Total time for which application threads were stopped: 0.0741640 seconds, Stopping threads took: 0.0736600 seconds
334.132: Application time: 0.0791940 seconds
334.174: [GC [PSYoungGen: 12362K->1360K(13824K)] 17492K->6686K(45056K), 0.0006640 secs] [Times: user=0.00 sys=0.00, real=0.00 secs] 
334.175: Total time for which application threads were stopped: 0.0431130 seconds, Stopping threads took: 0.0423870 seconds
334.256: Application time: 0.0810690 seconds
334.322: [GC [PSYoungGen: 13566K->726K(13824K)] 18892K->6052K(45056K), 0.0004900 secs] [Times: user=0.00 sys=0.00, real=0.00 secs] 
334.322: Total time for which application threads were stopped: 0.0664810 seconds, Stopping threads took: 0.0659240 seconds
334.402: Application time: 0.0799250 seconds
334.443: [GC [PSYoungGen: 12951K->1149K(13824K)] 18277K->6491K(45056K), 0.0005410 secs] [Times: user=0.00 sys=0.00, real=0.00 secs] 
334.444: Total time for which application threads were stopped: 0.0416830 seconds, Stopping threads took: 0.0410590 seconds
334.527: Application time: 0.0828080 seconds
334.569: [GC [PSYoungGen: 13373K->1442K(13824K)] 18716K->7972K(45056K), 0.0009780 secs] [Times: user=0.01 sys=0.00, real=0.00 secs] 
334.570: Total time for which application threads were stopped: 0.0429940 seconds, Stopping threads took: 0.0419380 seconds
334.653: Application time: 0.0828110 seconds
334.724: [GC [PSYoungGen: 13569K->774K(13824K)] 20099K->7304K(45056K), 0.0005080 secs] [Times: user=0.00 sys=0.00, real=0.00 secs] 
334.724: Total time for which application threads were stopped: 0.0715680 seconds, Stopping threads took: 0.0709940 seconds
334.803: Application time: 0.0788720 seconds
334.844: [GC [PSYoungGen: 12999K->1474K(13824K)] 19529K->8785K(45056K), 0.0009030 secs] [Times: user=0.00 sys=0.00, real=0.00 secs] 
334.845: Total time for which application threads were stopped: 0.0419650 seconds, Stopping threads took: 0.0409930 seconds
334.927: Application time: 0.0816390 seconds
334.993: [GC [PSYoungGen: 13757K->352K(13824K)] 21069K->7671K(45056K), 0.0004640 secs] [Times: user=0.00 sys=0.00, real=0.00 secs] 
334.993: Total time for which application threads were stopped: 0.0664120 seconds, Stopping threads took: 0.0658790 seconds
335.072: Application time: 0.0786690 seconds
335.111: [GC [PSYoungGen: 12576K->1474K(13824K)] 19896K->9184K(45056K), 0.0007430 secs] [Times: user=0.01 sys=0.00, real=0.00 secs] 
335.112: Total time for which application threads were stopped: 0.0398710 seconds, Stopping threads took: 0.0390490 seconds
335.192: Application time: 0.0808120 seconds
335.259: [GC [PSYoungGen: 13386K->742K(13824K)] 21096K->8452K(45056K), 0.0005680 secs] [Times: user=0.00 sys=0.00, real=0.00 secs] 
335.259: Total time for which application threads were stopped: 0.0670980 seconds, Stopping threads took: 0.0664540 seconds
335.339: Application time: 0.0795930 seconds
335.388: [GC [PSYoungGen: 12947K->1360K(13824K)] 20657K->9868K(45056K), 0.0009270 secs] [Times: user=0.00 sys=0.00, real=0.01 secs] 
335.389: Total time for which application threads were stopped: 0.0497630 seconds, Stopping threads took: 0.0487460 seconds
335.481: Application time: 0.0917720 seconds
335.551: [GC [PSYoungGen: 13644K->1296K(13824K)] 22151K->9820K(45056K), 0.0007260 secs] [Times: user=0.00 sys=0.00, real=0.00 secs] 
335.551: Total time for which application threads were stopped: 0.0706810 seconds, Stopping threads took: 0.0698670 seconds
335.636: Application time: 0.0850860 seconds
335.709: [GC [PSYoungGen: 13502K->563K(13824K)] 22025K->9086K(45056K), 0.0004700 secs] [Times: user=0.00 sys=0.00, real=0.00 secs] 
335.710: Total time for which application threads were stopped: 0.0733010 seconds, Stopping threads took: 0.0727560 seconds
335.789: Application time: 0.0793430 seconds
335.830: [GC [PSYoungGen: 12768K->1506K(13824K)] 21291K->11608K(45056K), 0.0010930 secs] [Times: user=0.01 sys=0.00, real=0.00 secs] 
335.831: Total time for which application threads were stopped: 0.0422690 seconds, Stopping threads took: 0.0410960 seconds
335.911: Application time: 0.0794980 seconds
335.981: [GC [PSYoungGen: 13633K->1165K(13824K)] 23735K->11267K(45056K), 0.0005600 secs] [Times: user=0.00 sys=0.00, real=0.00 secs] 
335.982: Total time for which application threads were stopped: 0.0708190 seconds, Stopping threads took: 0.0701960 seconds
336.062: Application time: 0.0801900 seconds
336.128: [GC [PSYoungGen: 13292K->368K(13824K)] 23394K->10469K(45056K), 0.0005740 secs] [Times: user=0.01 sys=0.00, real=0.00 secs] 
336.128: Total time for which application threads were stopped: 0.0663760 seconds, Stopping threads took: 0.0657120 seconds
336.208: Application time: 0.0794550 seconds
336.250: [GC [PSYoungGen: 12592K->758K(13824K)] 22694K->10876K(45056K), 0.0005140 secs] [Times: user=0.00 sys=0.00, real=0.00 secs] 
336.250: Total time for which application threads were stopped: 0.0425050 seconds, Stopping threads took: 0.0419190 seconds
336.330: Application time: 0.0795690 seconds
336.382: [GC [PSYoungGen: 12788K->954K(13824K)] 22906K->11079K(45056K), 0.0005550 secs] [Times: user=0.01 sys=0.00, real=0.00 secs] 
336.382: Total time for which application threads were stopped: 0.0524610 seconds, Stopping threads took: 0.0518190 seconds
336.461: Application time: 0.0785720 seconds
336.500: [GC [PSYoungGen: 13178K->1360K(13824K)] 23304K->11486K(45056K), 0.0007880 secs] [Times: user=0.00 sys=0.00, real=0.00 secs] 
336.501: Total time for which application threads were stopped: 0.0403430 seconds, Stopping threads took: 0.0394860 seconds
336.582: Application time: 0.0808120 seconds
336.647: [GC [PSYoungGen: 13644K->547K(13824K)] 23770K->10673K(45056K), 0.0005640 secs] [Times: user=0.00 sys=0.00, real=0.00 secs] 
336.648: Total time for which application threads were stopped: 0.0658610 seconds, Stopping threads took: 0.0652200 seconds
336.727: Application time: 0.0790740 seconds
336.765: [GC [PSYoungGen: 12752K->1508K(13824K)] 22878K->12040K(45056K), 0.0008070 secs] [Times: user=0.00 sys=0.00, real=0.00 secs] 
336.766: Total time for which application threads were stopped: 0.0389170 seconds, Stopping threads took: 0.0380320 seconds
336.849: Application time: 0.0832580 seconds
336.912: [GC [PSYoungGen: 13713K->1085K(13824K)] 24245K->11617K(45056K), 0.0006490 secs] [Times: user=0.00 sys=0.00, real=0.00 secs] 
336.913: Total time for which application threads were stopped: 0.0637530 seconds, Stopping threads took: 0.0630370 seconds
337.004: Application time: 0.0915420 seconds
337.074: [GC [PSYoungGen: 13369K->384K(13824K)] 23901K->10924K(45056K), 0.0006910 secs] [Times: user=0.00 sys=0.00, real=0.00 secs] 
337.075: Total time for which application threads were stopped: 0.0705960 seconds, Stopping threads took: 0.0698180 seconds
337.153: Application time: 0.0781020 seconds
337.195: [GC [PSYoungGen: 12608K->1392K(13824K)] 23149K->13495K(45056K), 0.0012440 secs] [Times: user=0.01 sys=0.00, real=0.01 secs] 
337.196: Total time for which application threads were stopped: 0.0434390 seconds, Stopping threads took: 0.0421030 seconds
337.278: Application time: 0.0815760 seconds
337.342: [GC [PSYoungGen: 13597K->1392K(13824K)] 25701K->14285K(45056K), 0.0009140 secs] [Times: user=0.01 sys=0.00, real=0.00 secs] 
337.343: Total time for which application threads were stopped: 0.0653360 seconds, Stopping threads took: 0.0643420 seconds
337.425: Application time: 0.0814320 seconds
337.493: [GC [PSYoungGen: 13519K->1376K(13824K)] 26411K->14277K(45056K), 0.0007610 secs] [Times: user=0.00 sys=0.00, real=0.00 secs] 
337.494: Total time for which application threads were stopped: 0.0694380 seconds, Stopping threads took: 0.0685850 seconds
337.574: Application time: 0.0799460 seconds
337.640: [GC [PSYoungGen: 13582K->595K(13824K)] 26482K->13503K(45056K), 0.0004850 secs] [Times: user=0.00 sys=0.00, real=0.00 secs] 
337.642: Total time for which application threads were stopped: 0.0672780 seconds, Stopping threads took: 0.0656890 seconds
337.736: Application time: 0.0940150 seconds
337.799: [GC [PSYoungGen: 12624K->758K(13824K)] 25533K->13675K(45056K), 0.0007650 secs] [Times: user=0.01 sys=0.00, real=0.00 secs] 
337.800: Total time for which application threads were stopped: 0.0641020 seconds, Stopping threads took: 0.0632460 seconds
337.879: Application time: 0.0795470 seconds
337.917: [GC [PSYoungGen: 12885K->1490K(13824K)] 25802K->16172K(45056K), 0.0011610 secs] [Times: user=0.01 sys=0.00, real=0.00 secs] 
337.918: Total time for which application threads were stopped: 0.0385560 seconds, Stopping threads took: 0.0373240 seconds
338.017: Application time: 0.0991880 seconds
338.084: [GC [PSYoungGen: 13714K->336K(13824K)] 28397K->15018K(45056K), 0.0004850 secs] [Times: user=0.00 sys=0.00, real=0.00 secs] 
338.085: Total time for which application threads were stopped: 0.0676750 seconds, Stopping threads took: 0.0671280 seconds
338.163: Application time: 0.0784230 seconds
338.203: [GC [PSYoungGen: 12541K->1523K(13824K)] 27223K->16401K(45056K), 0.0007300 secs] [Times: user=0.01 sys=0.00, real=0.00 secs] 
338.204: Total time for which application threads were stopped: 0.0405950 seconds, Stopping threads took: 0.0397970 seconds
338.286: Application time: 0.0820060 seconds
338.351: [GC [PSYoungGen: 13729K->986K(13824K)] 28607K->15863K(45056K), 0.0006250 secs] [Times: user=0.00 sys=0.00, real=0.00 secs] 
338.351: Total time for which application threads were stopped: 0.0656700 seconds, Stopping threads took: 0.0649790 seconds
338.440: Application time: 0.0888070 seconds
338.486: [GC [PSYoungGen: 13093K->1117K(13824K)] 27971K->15995K(45056K), 0.0006030 secs] [Times: user=0.00 sys=0.00, real=0.00 secs] 
338.487: Total time for which application threads were stopped: 0.0463840 seconds, Stopping threads took: 0.0457040 seconds
338.583: Application time: 0.0967860 seconds
338.652: [GC [PSYoungGen: 13381K->1376K(13824K)] 28259K->16254K(45056K), 0.0006400 secs] [Times: user=0.00 sys=0.00, real=0.00 secs] 
338.653: Total time for which application threads were stopped: 0.0693680 seconds, Stopping threads took: 0.0686650 seconds
338.753: Application time: 0.1003930 seconds
338.820: [GC [PSYoungGen: 13582K->563K(13824K)] 28459K->15457K(45056K), 0.0005220 secs] [Times: user=0.00 sys=0.00, real=0.00 secs] 
338.821: Total time for which application threads were stopped: 0.0674510 seconds, Stopping threads took: 0.0668640 seconds
338.899: Application time: 0.0784310 seconds
338.939: [GC [PSYoungGen: 12690K->1376K(13824K)] 27584K->16864K(45056K), 0.0009000 secs] [Times: user=0.01 sys=0.00, real=0.00 secs] 
338.940: Total time for which application threads were stopped: 0.0406450 seconds, Stopping threads took: 0.0396760 seconds
339.033: Application time: 0.0932830 seconds
339.100: [GC [PSYoungGen: 13503K->1133K(13824K)] 28991K->16636K(45056K), 0.0006210 secs] [Times: user=0.00 sys=0.00, real=0.00 secs] 
339.100: Total time for which application threads were stopped: 0.0675520 seconds, Stopping threads took: 0.0668350 seconds
339.182: Application time: 0.0818410 seconds
339.247: [GC [PSYoungGen: 13260K->304K(13824K)] 28764K->15815K(45056K), 0.0004950 secs] [Times: user=0.00 sys=0.00, real=0.00 secs] 
339.247: Total time for which application threads were stopped: 0.0651440 seconds, Stopping threads took: 0.0645890 seconds
339.326: Application time: 0.0787280 seconds
339.367: [GC [PSYoungGen: 12411K->1442K(13824K)] 27923K->17149K(45056K), 0.0007490 secs] [Times: user=0.01 sys=0.00, real=0.00 secs] 
339.368: Total time for which application threads were stopped: 0.0419320 seconds, Stopping threads took: 0.0411130 seconds
339.451: Application time: 0.0825370 seconds
339.516: [GC [PSYoungGen: 13471K->1442K(13824K)] 29178K->17548K(45056K), 0.0007390 secs] [Times: user=0.00 sys=0.01, real=0.01 secs] 
339.517: Total time for which application threads were stopped: 0.0663940 seconds, Stopping threads took: 0.0655810 seconds
339.601: Application time: 0.0835910 seconds
339.664: [GC [PSYoungGen: 13471K->954K(13824K)] 29577K->17059K(45056K), 0.0005730 secs] [Times: user=0.00 sys=0.00, real=0.00 secs] 
339.664: Total time for which application threads were stopped: 0.0637550 seconds, Stopping threads took: 0.0630690 seconds
339.745: Application time: 0.0807270 seconds
339.783: [GC [PSYoungGen: 13061K->1474K(13824K)] 29167K->18369K(45056K), 0.0008550 secs] [Times: user=0.00 sys=0.00, real=0.00 secs] 
339.784: Total time for which application threads were stopped: 0.0389700 seconds, Stopping threads took: 0.0380450 seconds
339.884: Application time: 0.0995290 seconds
339.947: [GC [PSYoungGen: 13601K->368K(13824K)] 30496K->17262K(45056K), 0.0004820 secs] [Times: user=0.00 sys=0.00, real=0.00 secs] 
339.947: Total time for which application threads were stopped: 0.0634840 seconds, Stopping threads took: 0.0629340 seconds
340.026: Application time: 0.0789980 seconds
340.066: [GC [PSYoungGen: 12475K->531K(13824K)] 29370K->17426K(45056K), 0.0004560 secs] [Times: user=0.00 sys=0.00, real=0.00 secs] 
340.066: Total time for which application threads were stopped: 0.0400030 seconds, Stopping threads took: 0.0394780 seconds
340.145: Application time: 0.0791660 seconds
340.185: [GC [PSYoungGen: 12697K->1392K(13824K)] 29592K->18678K(45056K), 0.0007600 secs] [Times: user=0.00 sys=0.00, real=0.00 secs] 
340.186: Total time for which application threads were stopped: 0.0409480 seconds, Stopping threads took: 0.0400980 seconds
340.270: Application time: 0.0833170 seconds
340.336: [GC [PSYoungGen: 13480K->726K(13824K)] 30766K->18020K(45056K), 0.0005500 secs] [Times: user=0.01 sys=0.00, real=0.01 secs] 
340.337: Total time for which application threads were stopped: 0.0673770 seconds, Stopping threads took: 0.0667620 seconds
340.416: Application time: 0.0790090 seconds
340.468: [GC [PSYoungGen: 12951K->1442K(13824K)] 30245K->19525K(45056K), 0.0009260 secs] [Times: user=0.00 sys=0.00, real=0.01 secs] 
340.469: Total time for which application threads were stopped: 0.0527490 seconds, Stopping threads took: 0.0517530 seconds
340.550: Application time: 0.0814870 seconds
340.614: [GC [PSYoungGen: 13569K->1442K(13824K)] 31652K->19541K(45056K), 0.0006670 secs] [Times: user=0.00 sys=0.00, real=0.00 secs] 
340.615: Total time for which application threads were stopped: 0.0646000 seconds, Stopping threads took: 0.0638620 seconds
340.697: Application time: 0.0819470 seconds
340.764: [GC [PSYoungGen: 13667K->758K(13824K)] 31765K->18873K(45056K), 0.0005680 secs] [Times: user=0.01 sys=0.00, real=0.00 secs] 
340.764: Total time for which application threads were stopped: 0.0676440 seconds, Stopping threads took: 0.0669910 seconds
340.844: Application time: 0.0794400 seconds
340.882: [GC [PSYoungGen: 12983K->1424K(13824K)] 31098K->21500K(45056K), 0.0012040 secs] [Times: user=0.01 sys=0.00, real=0.00 secs] 
340.883: Total time for which application threads were stopped: 0.0390390 seconds, Stopping threads took: 0.0377610 seconds
340.988: Application time: 0.1051710 seconds
341.050: [GC [PSYoungGen: 13629K->336K(13824K)] 33705K->20412K(45056K), 0.0006340 secs] [Times: user=0.00 sys=0.00, real=0.00 secs] 
341.051: Total time for which application threads were stopped: 0.0630410 seconds, Stopping threads took: 0.0623210 seconds
341.131: Application time: 0.0797610 seconds
341.172: [GC [PSYoungGen: 12443K->563K(13824K)] 32519K->20639K(45056K), 0.0005010 secs] [Times: user=0.00 sys=0.00, real=0.00 secs] 
341.173: Total time for which application threads were stopped: 0.0418620 seconds, Stopping threads took: 0.0412970 seconds
341.259: Application time: 0.0866730 seconds
341.312: [GC [PSYoungGen: 12788K->1458K(13824K)] 32864K->22120K(45056K), 0.0008670 secs] [Times: user=0.00 sys=0.00, real=0.00 secs] 
341.313: Total time for which application threads were stopped: 0.0536180 seconds, Stopping threads took: 0.0526760 seconds
341.401: Application time: 0.0884600 seconds
341.476: [GC [PSYoungGen: 13565K->1149K(13824K)] 34227K->21819K(45056K), 0.0006570 secs] [Times: user=0.01 sys=0.00, real=0.01 secs] 
341.477: Total time for which application threads were stopped: 0.0750490 seconds, Stopping threads took: 0.0743210 seconds
341.565: Application time: 0.0882420 seconds
341.629: [GC [PSYoungGen: 13354K->304K(13824K)] 34024K->20974K(45056K), 0.0004960 secs] [Times: user=0.00 sys=0.00, real=0.00 secs] 
341.629: Total time for which application threads were stopped: 0.0643160 seconds, Stopping threads took: 0.0637500 seconds
341.716: Application time: 0.0868760 seconds
341.760: [GC [PSYoungGen: 12509K->1524K(13824K)] 33179K->22389K(45056K), 0.0007690 secs] [Times: user=0.00 sys=0.00, real=0.00 secs] 
341.761: Total time for which application threads were stopped: 0.0450690 seconds, Stopping threads took: 0.0442310 seconds
341.853: Application time: 0.0921790 seconds
341.927: [GC [PSYoungGen: 13611K->790K(13824K)] 34477K->21664K(45056K), 0.0006730 secs] [Times: user=0.00 sys=0.00, real=0.00 secs] 
341.928: Total time for which application threads were stopped: 0.0745450 seconds, Stopping threads took: 0.0737770 seconds
342.017: Application time: 0.0890670 seconds
342.062: [GC [PSYoungGen: 12703K->1392K(13824K)] 33576K->23828K(45056K), 0.0011010 secs] [Times: user=0.01 sys=0.00, real=0.00 secs] 
342.063: Total time for which application threads were stopped: 0.0458260 seconds, Stopping threads took: 0.0446280 seconds
342.151: Application time: 0.0879930 seconds
342.223: [GC [PSYoungGen: 13617K->1474K(13824K)] 36053K->24699K(45056K), 0.0009200 secs] [Times: user=0.00 sys=0.00, real=0.00 secs] 
342.224: Total time for which application threads were stopped: 0.0736790 seconds, Stopping threads took: 0.0726840 seconds
342.324: Application time: 0.0998680 seconds
342.403: [GC [PSYoungGen: 13601K->320K(13824K)] 36826K->23561K(45056K), 0.0007020 secs] [Times: user=0.00 sys=0.00, real=0.00 secs] 
342.404: Total time for which application threads were stopped: 0.0793790 seconds, Stopping threads took: 0.0785820 seconds
342.489: Application time: 0.0858450 seconds
342.534: [GC [PSYoungGen: 12544K->1458K(13824K)] 35786K->25106K(45056K), 0.0010520 secs] [Times: user=0.00 sys=0.00, real=0.00 secs] 
342.535: Total time for which application threads were stopped: 0.0453050 seconds, Stopping threads took: 0.0441510 seconds
342.622: Application time: 0.0877060 seconds
342.693: [GC [PSYoungGen: 13683K->1133K(13824K)] 37330K->24781K(45056K), 0.0006740 secs] [Times: user=0.00 sys=0.00, real=0.00 secs] 
342.695: Total time for which application threads were stopped: 0.0723740 seconds, Stopping threads took: 0.0707310 seconds
342.790: Application time: 0.0949150 seconds
342.860: [GC [PSYoungGen: 13416K->288K(13824K)] 37064K->23935K(45056K), 0.0004650 secs] [Times: user=0.01 sys=0.00, real=0.00 secs] 
342.861: Total time for which application threads were stopped: 0.0708640 seconds, Stopping threads took: 0.0703350 seconds
342.948: Application time: 0.0875270 seconds
343.002: [GC [PSYoungGen: 12512K->726K(13824K)] 36160K->24374K(45056K), 0.0005480 secs] [Times: user=0.00 sys=0.00, real=0.00 secs] 
343.002: Total time for which application threads were stopped: 0.0539340 seconds, Stopping threads took: 0.0533130 seconds
343.089: Application time: 0.0867430 seconds
343.130: [GC [PSYoungGen: 12951K->1392K(13824K)] 36599K->26993K(45056K), 0.0012100 secs] [Times: user=0.01 sys=0.00, real=0.00 secs] 
343.131: Total time for which application threads were stopped: 0.0423380 seconds, Stopping threads took: 0.0410500 seconds
343.218: Application time: 0.0867380 seconds
343.296: [GC [PSYoungGen: 13500K->1328K(13824K)] 39101K->26937K(45056K), 0.0007020 secs] [Times: user=0.00 sys=0.00, real=0.00 secs] 
343.297: Total time for which application threads were stopped: 0.0792320 seconds, Stopping threads took: 0.0784630 seconds
343.383: Application time: 0.0861280 seconds
343.440: [GC [PSYoungGen: 13514K->1474K(13824K)] 39123K->28263K(45056K), 0.0012070 secs] [Times: user=0.00 sys=0.01, real=0.00 secs] 
343.441: Total time for which application threads were stopped: 0.0574990 seconds, Stopping threads took: 0.0562140 seconds
343.544: Application time: 0.1036270 seconds
343.618: [GC [PSYoungGen: 13757K->774K(13824K)] 40546K->27563K(45056K), 0.0005410 secs] [Times: user=0.00 sys=0.00, real=0.00 secs] 
343.619: Total time for which application threads were stopped: 0.0740690 seconds, Stopping threads took: 0.0734460 seconds
343.705: Application time: 0.0867080 seconds
343.749: [GC [PSYoungGen: 12901K->1392K(13824K)] 39690K->28971K(45056K), 0.0008550 secs] [Times: user=0.00 sys=0.00, real=0.00 secs] 
343.750: Total time for which application threads were stopped: 0.0444860 seconds, Stopping threads took: 0.0435500 seconds
343.839: Application time: 0.0891600 seconds
343.917: [GC [PSYoungGen: 13597K->1360K(13824K)] 41176K->28955K(45056K), 0.0007310 secs] [Times: user=0.00 sys=0.00, real=0.00 secs] 
343.917: Total time for which application threads were stopped: 0.0785960 seconds, Stopping threads took: 0.0777920 seconds
344.028: Application time: 0.1102130 seconds
344.096: [GC [PSYoungGen: 13487K->499K(13824K)] 41082K->28101K(45056K), 0.0006740 secs] [Times: user=0.00 sys=0.00, real=0.00 secs] 
344.096: Total time for which application threads were stopped: 0.0686700 seconds, Stopping threads took: 0.0679030 seconds
344.183: Application time: 0.0865180 seconds
344.227: [GC [PSYoungGen: 12528K->774K(13824K)] 40131K->28385K(45056K), 0.0005430 secs] [Times: user=0.01 sys=0.00, real=0.00 secs] 
344.228: Total time for which application threads were stopped: 0.0449100 seconds, Stopping threads took: 0.0443000 seconds
344.313: Application time: 0.0855640 seconds
344.354: [GC [PSYoungGen: 12980K->1490K(13824K)] 40590K->30866K(45056K), 0.0011330 secs] [Times: user=0.01 sys=0.00, real=0.00 secs] 
344.355: [Full GC [PSYoungGen: 1490K->0K(13824K)] [ParOldGen: 29376K->4646K(31232K)] 30866K->4646K(45056K) [PSPermGen: 5149K->5149K(21504K)], 0.0043960 secs] [Times: user=0.02 sys=0.00, real=0.01 secs] 
344.360: Total time for which application threads were stopped: 0.0463960 seconds, Stopping threads took: 0.0407340 seconds
344.448: Application time: 0.0886110 seconds
344.525: [GC [PSYoungGen: 12127K->1200K(13824K)] 16773K->5847K(45056K), 0.0006440 secs] [Times: user=0.00 sys=0.00, real=0.00 secs] 
344.526: Total time for which application threads were stopped: 0.0777280 seconds, Stopping threads took: 0.0769940 seconds
344.614: Application time: 0.0877890 seconds
344.678: [GC [PSYoungGen: 13405K->387K(13824K)] 18052K->5033K(45056K), 0.0004400 secs] [Times: user=0.00 sys=0.00, real=0.00 secs] 
344.679: Total time for which application threads were stopped: 0.0649830 seconds, Stopping threads took: 0.0644550 seconds
344.764: Application time: 0.0853180 seconds
344.811: [GC [PSYoungGen: 12514K->1493K(13824K)] 17160K->7507K(45056K), 0.0009920 secs] [Times: user=0.00 sys=0.00, real=0.00 secs] 
344.812: Total time for which application threads were stopped: 0.0476410 seconds, Stopping threads took: 0.0465750 seconds
344.908: Application time: 0.0963050 seconds
344.989: [GC [PSYoungGen: 13620K->1037K(13824K)] 19634K->7051K(45056K), 0.0005830 secs] [Times: user=0.00 sys=0.00, real=0.00 secs] 
344.989: Total time for which application threads were stopped: 0.0813130 seconds, Stopping threads took: 0.0806490 seconds
345.097: Application time: 0.1078930 seconds
345.171: [GC [PSYoungGen: 13321K->192K(13824K)] 19334K->6205K(45056K), 0.0004510 secs] [Times: user=0.00 sys=0.00, real=0.00 secs] 
345.171: Total time for which application threads were stopped: 0.0737200 seconds, Stopping threads took: 0.0731870 seconds
345.253: Application time: 0.0814040 seconds
345.291: [GC [PSYoungGen: 12280K->1476K(13824K)] 18293K->7489K(45056K), 0.0007050 secs] [Times: user=0.00 sys=0.00, real=0.00 secs] 
345.291: Total time for which application threads were stopped: 0.0389650 seconds, Stopping threads took: 0.0381920 seconds
345.377: Application time: 0.0858750 seconds
345.441: [GC [PSYoungGen: 13681K->646K(13824K)] 19695K->6660K(45056K), 0.0005870 secs] [Times: user=0.01 sys=0.00, real=0.00 secs] 
345.442: Total time for which application threads were stopped: 0.0643350 seconds, Stopping threads took: 0.0636610 seconds
345.521: Application time: 0.0789990 seconds
345.561: [GC [PSYoungGen: 12852K->1344K(13824K)] 18865K->8139K(45056K), 0.0010640 secs] [Times: user=0.00 sys=0.00, real=0.00 secs] 
345.562: Total time for which application threads were stopped: 0.0411360 seconds, Stopping threads took: 0.0399670 seconds
345.646: Application time: 0.0837840 seconds
345.712: [GC [PSYoungGen: 13569K->320K(13824K)] 20364K->7115K(45056K), 0.0005150 secs] [Times: user=0.01 sys=0.00, real=0.00 secs] 
345.713: Total time for which application threads were stopped: 0.0670400 seconds, Stopping threads took: 0.0664490 seconds
345.791: Application time: 0.0782760 seconds
345.831: [GC [PSYoungGen: 12544K->1442K(13824K)] 19339K->8628K(45056K), 0.0009220 secs] [Times: user=0.00 sys=0.00, real=0.00 secs] 
345.832: Total time for which application threads were stopped: 0.0411920 seconds, Stopping threads took: 0.0401800 seconds
345.913: Application time: 0.0807330 seconds
345.979: [GC [PSYoungGen: 13354K->742K(13824K)] 20540K->7928K(45056K), 0.0005330 secs] [Times: user=0.01 sys=0.00, real=0.00 secs] 
345.979: Total time for which application threads were stopped: 0.0662590 seconds, Stopping threads took: 0.0656590 seconds
346.059: Application time: 0.0796850 seconds
346.096: [GC [PSYoungGen: 12869K->1523K(13824K)] 20055K->9311K(45056K), 0.0009020 secs] [Times: user=0.00 sys=0.00, real=0.01 secs] 
346.097: Total time for which application threads were stopped: 0.0381620 seconds, Stopping threads took: 0.0371900 seconds
346.199: Application time: 0.1019500 seconds
346.269: [GC [PSYoungGen: 13748K->336K(13824K)] 21536K->8123K(45056K), 0.0004340 secs] [Times: user=0.00 sys=0.00, real=0.00 secs] 
346.269: Total time for which application threads were stopped: 0.0703210 seconds, Stopping threads took: 0.0698220 seconds
346.348: Application time: 0.0783540 seconds
346.386: [GC [PSYoungGen: 12345K->1474K(13824K)] 20133K->10434K(45056K), 0.0011450 secs] [Times: user=0.00 sys=0.00, real=0.00 secs] 
346.387: Total time for which application threads were stopped: 0.0396940 seconds, Stopping threads took: 0.0384700 seconds
346.472: Application time: 0.0847840 seconds
346.526: [GC [PSYoungGen: 13679K->1360K(13824K)] 22639K->11883K(45056K), 0.0011940 secs] [Times: user=0.01 sys=0.00, real=0.00 secs] 
346.527: Total time for which application threads were stopped: 0.0549770 seconds, Stopping threads took: 0.0537100 seconds
346.619: Application time: 0.0923710 seconds
346.690: [GC [PSYoungGen: 13585K->1149K(13824K)] 24107K->11703K(45056K), 0.0006670 secs] [Times: user=0.01 sys=0.00, real=0.00 secs] 
346.691: Total time for which application threads were stopped: 0.0716420 seconds, Stopping threads took: 0.0708900 seconds
346.781: Application time: 0.0899700 seconds
346.854: [GC [PSYoungGen: 13413K->1376K(13824K)] 23967K->11938K(45056K), 0.0006910 secs] [Times: user=0.01 sys=0.00, real=0.00 secs] 
346.855: Total time for which application threads were stopped: 0.0739810 seconds, Stopping threads took: 0.0732180 seconds
346.963: Application time: 0.1077180 seconds
347.026: [GC [PSYoungGen: 13582K->595K(13824K)] 24144K->11157K(45056K), 0.0006220 secs] [Times: user=0.00 sys=0.00, real=0.00 secs] 
347.026: Total time for which application threads were stopped: 0.0636170 seconds, Stopping threads took: 0.0629090 seconds
347.106: Application time: 0.0794990 seconds
347.164: [GC [PSYoungGen: 12820K->954K(13824K)] 23382K->11516K(45056K), 0.0005580 secs] [Times: user=0.01 sys=0.00, real=0.00 secs] 
347.164: Total time for which application threads were stopped: 0.0584330 seconds, Stopping threads took: 0.0578130 seconds
347.244: Application time: 0.0798320 seconds
347.284: [GC [PSYoungGen: 13061K->1181K(13824K)] 23623K->11751K(45056K), 0.0005940 secs] [Times: user=0.00 sys=0.00, real=0.00 secs] 
347.285: Total time for which application threads were stopped: 0.0404870 seconds, Stopping threads took: 0.0398100 seconds
347.365: Application time: 0.0806750 seconds
347.431: [GC [PSYoungGen: 13386K->336K(13824K)] 23956K->10938K(45056K), 0.0006490 secs] [Times: user=0.00 sys=0.00, real=0.00 secs] 
347.431: Total time for which application threads were stopped: 0.0658620 seconds, Stopping threads took: 0.0651310 seconds
347.509: Application time: 0.0773780 seconds
347.549: [GC [PSYoungGen: 12560K->1523K(13824K)] 23163K->13517K(45056K), 0.0014020 secs] [Times: user=0.01 sys=0.00, real=0.00 secs] 
347.551: Total time for which application threads were stopped: 0.0421080 seconds, Stopping threads took: 0.0406110 seconds
347.631: Application time: 0.0806100 seconds
347.699: [GC [PSYoungGen: 13748K->1149K(13824K)] 25742K->13150K(45056K), 0.0008590 secs] [Times: user=0.00 sys=0.00, real=0.00 secs] 
347.701: Total time for which application threads were stopped: 0.0696840 seconds, Stopping threads took: 0.0679540 seconds
347.780: Application time: 0.0793270 seconds
347.850: [GC [PSYoungGen: 13374K->1508K(13824K)] 25375K->13509K(45056K), 0.0010470 secs] [Times: user=0.00 sys=0.00, real=0.00 secs] 
347.851: Total time for which application threads were stopped: 0.0706310 seconds, Stopping threads took: 0.0694840 seconds
347.935: Application time: 0.0843090 seconds
348.001: [GC [PSYoungGen: 13634K->758K(13824K)] 25636K->12760K(45056K), 0.0006490 secs] [Times: user=0.00 sys=0.00, real=0.00 secs] 
348.001: Total time for which application threads were stopped: 0.0659240 seconds, Stopping threads took: 0.0651890 seconds
348.081: Application time: 0.0802450 seconds
348.121: [GC [PSYoungGen: 12885K->1392K(13824K)] 24887K->14191K(45056K), 0.0008790 secs] [Times: user=0.00 sys=0.01, real=0.00 secs] 
348.122: Total time for which application threads were stopped: 0.0405110 seconds, Stopping threads took: 0.0395620 seconds
348.204: Application time: 0.0819010 seconds
348.259: [GC [PSYoungGen: 13558K->1181K(13824K)] 26357K->13980K(45056K), 0.0005940 secs] [Times: user=0.00 sys=0.00, real=0.00 secs] 
348.259: Total time for which application threads were stopped: 0.0554710 seconds, Stopping threads took: 0.0548090 seconds
348.340: Application time: 0.0801960 seconds
348.391: [GC [PSYoungGen: 13386K->1524K(13824K)] 26185K->15307K(45056K), 0.0010680 secs] [Times: user=0.01 sys=0.00, real=0.00 secs] 
348.392: Total time for which application threads were stopped: 0.0520520 seconds, Stopping threads took: 0.0508840 seconds
348.474: Application time: 0.0826220 seconds
348.545: [GC [PSYoungGen: 13709K->563K(13824K)] 27493K->14354K(45056K), 0.0004480 secs] [Times: user=0.00 sys=0.00, real=0.00 secs] 
348.545: Total time for which application threads were stopped: 0.0710460 seconds, Stopping threads took: 0.0705110 seconds
348.626: Application time: 0.0806730 seconds
348.687: [GC [PSYoungGen: 12671K->758K(13824K)] 26462K->14566K(45056K), 0.0005800 secs] [Times: user=0.00 sys=0.00, real=0.00 secs] 
348.688: Total time for which application threads were stopped: 0.0618760 seconds, Stopping threads took: 0.0612180 seconds
348.767: Application time: 0.0794570 seconds
348.823: [GC [PSYoungGen: 12983K->1149K(13824K)] 26790K->14956K(45056K), 0.0008620 secs] [Times: user=0.00 sys=0.00, real=0.00 secs] 
348.824: Total time for which application threads were stopped: 0.0564050 seconds, Stopping threads took: 0.0554680 seconds
348.903: Application time: 0.0789660 seconds
348.940: [GC [PSYoungGen: 13374K->1490K(13824K)] 27181K->16477K(45056K), 0.0009680 secs] [Times: user=0.00 sys=0.00, real=0.00 secs] 
348.941: Total time for which application threads were stopped: 0.0386340 seconds, Stopping threads took: 0.0375870 seconds
349.030: Application time: 0.0886110 seconds
349.098: [GC [PSYoungGen: 13714K->1524K(13824K)] 28702K->16910K(45056K), 0.0007640 secs] [Times: user=0.00 sys=0.00, real=0.00 secs] 
349.099: Total time for which application threads were stopped: 0.0689320 seconds, Stopping threads took: 0.0680900 seconds
349.200: Application time: 0.1007690 seconds
349.268: [GC [PSYoungGen: 13651K->1165K(13824K)] 29037K->16551K(45056K), 0.0006280 secs] [Times: user=0.01 sys=0.00, real=0.01 secs] 
349.269: Total time for which application threads were stopped: 0.0689830 seconds, Stopping threads took: 0.0682890 seconds
349.350: Application time: 0.0812110 seconds
349.408: [GC [PSYoungGen: 13370K->320K(13824K)] 28756K->15722K(45056K), 0.0004640 secs] [Times: user=0.00 sys=0.00, real=0.01 secs] 
349.409: Total time for which application threads were stopped: 0.0587200 seconds, Stopping threads took: 0.0581660 seconds
349.488: Application time: 0.0793570 seconds
349.529: [GC [PSYoungGen: 12251K->1360K(13824K)] 27653K->16966K(45056K), 0.0006860 secs] [Times: user=0.01 sys=0.00, real=0.00 secs] 
349.530: Total time for which application threads were stopped: 0.0421870 seconds, Stopping threads took: 0.0414300 seconds
349.613: Application time: 0.0833720 seconds
349.679: [GC [PSYoungGen: 13487K->806K(13824K)] 29093K->16412K(45056K), 0.0004980 secs] [Times: user=0.00 sys=0.00, real=0.00 secs] 
349.680: Total time for which application threads were stopped: 0.0662070 seconds, Stopping threads took: 0.0656230 seconds
349.759: Application time: 0.0793520 seconds
349.800: [GC [PSYoungGen: 13011K->1523K(13824K)] 28617K->17731K(45056K), 0.0010420 secs] [Times: user=0.00 sys=0.00, real=0.00 secs] 
349.801: Total time for which application threads were stopped: 0.0419480 seconds, Stopping threads took: 0.0408360 seconds
349.899: Application time: 0.0976400 seconds
349.968: [GC [PSYoungGen: 13689K->1133K(13824K)] 29897K->17340K(45056K), 0.0007890 secs] [Times: user=0.00 sys=0.00, real=0.01 secs] 
349.969: Total time for which application threads were stopped: 0.0701940 seconds, Stopping threads took: 0.0693400 seconds
350.068: Application time: 0.0990960 seconds
350.137: [GC [PSYoungGen: 13338K->288K(13824K)] 29546K->16495K(45056K), 0.0005980 secs] [Times: user=0.00 sys=0.00, real=0.00 secs] 
350.137: Total time for which application threads were stopped: 0.0695220 seconds, Stopping threads took: 0.0688390 seconds
350.216: Application time: 0.0789510 seconds
350.272: [GC [PSYoungGen: 12571K->1360K(13824K)] 28778K->17958K(45056K), 0.0008330 secs] [Times: user=0.01 sys=0.00, real=0.00 secs] 
350.273: Total time for which application threads were stopped: 0.0564540 seconds, Stopping threads took: 0.0555260 seconds
350.354: Application time: 0.0811230 seconds
350.420: [GC [PSYoungGen: 13292K->774K(13824K)] 29890K->17380K(45056K), 0.0008000 secs] [Times: user=0.00 sys=0.00, real=0.00 secs] 
350.421: Total time for which application threads were stopped: 0.0664750 seconds, Stopping threads took: 0.0655830 seconds
350.500: Application time: 0.0798360 seconds
350.562: [GC [PSYoungGen: 12999K->1085K(13824K)] 29605K->17699K(45056K), 0.0007460 secs] [Times: user=0.01 sys=0.00, real=0.00 secs] 
350.562: Total time for which application threads were stopped: 0.0619850 seconds, Stopping threads took: 0.0611480 seconds
350.646: Application time: 0.0834650 seconds
350.712: [GC [PSYoungGen: 13212K->304K(13824K)] 29826K->16934K(45056K), 0.0004300 secs] [Times: user=0.00 sys=0.00, real=0.00 secs] 
350.713: Total time for which application threads were stopped: 0.0667250 seconds, Stopping threads took: 0.0662280 seconds
350.792: Application time: 0.0789970 seconds
350.835: [GC [PSYoungGen: 12411K->1376K(13824K)] 29041K->19382K(45056K), 0.0009600 secs] [Times: user=0.00 sys=0.00, real=0.00 secs] 
350.836: Total time for which application threads were stopped: 0.0441490 seconds, Stopping threads took: 0.0431220 seconds
350.915: Application time: 0.0792530 seconds
350.987: [GC [PSYoungGen: 13406K->758K(13824K)] 31411K->18763K(45056K), 0.0005610 secs] [Times: user=0.00 sys=0.00, real=0.00 secs] 
350.987: Total time for which application threads were stopped: 0.0724040 seconds, Stopping threads took: 0.0717530 seconds
351.068: Application time: 0.0806670 seconds
351.121: [GC [PSYoungGen: 12983K->1149K(13824K)] 30988K->19154K(45056K), 0.0008490 secs] [Times: user=0.01 sys=0.00, real=0.00 secs] 
351.122: Total time for which application threads were stopped: 0.0542690 seconds, Stopping threads took: 0.0533510 seconds
351.203: Application time: 0.0806470 seconds
351.243: [GC [PSYoungGen: 13276K->1524K(13824K)] 31281K->20521K(45056K), 0.0009740 secs] [Times: user=0.00 sys=0.00, real=0.00 secs] 
351.244: Total time for which application threads were stopped: 0.0407430 seconds, Stopping threads took: 0.0396880 seconds
351.326: Application time: 0.0827990 seconds
351.390: [GC [PSYoungGen: 13748K->1458K(13824K)] 32746K->20846K(45056K), 0.0007780 secs] [Times: user=0.00 sys=0.00, real=0.00 secs] 
351.391: Total time for which application threads were stopped: 0.0642640 seconds, Stopping threads took: 0.0634220 seconds
351.479: Application time: 0.0885280 seconds
351.548: [GC [PSYoungGen: 13526K->774K(13824K)] 32915K->20171K(45056K), 0.0004740 secs] [Times: user=0.00 sys=0.01, real=0.01 secs] 
351.549: Total time for which application threads were stopped: 0.0695790 seconds, Stopping threads took: 0.0690430 seconds
351.641: Application time: 0.0923380 seconds
351.700: [GC [PSYoungGen: 12765K->774K(13824K)] 32161K->20171K(45056K), 0.0005160 secs] [Times: user=0.00 sys=0.00, real=0.00 secs] 
351.700: Total time for which application threads were stopped: 0.0589720 seconds, Stopping threads took: 0.0583890 seconds
351.779: Application time: 0.0789320 seconds
351.819: [GC [PSYoungGen: 12999K->1149K(13824K)] 32396K->20545K(45056K), 0.0005780 secs] [Times: user=0.01 sys=0.00, real=0.00 secs] 
351.820: Total time for which application threads were stopped: 0.0408300 seconds, Stopping threads took: 0.0401810 seconds
351.899: Application time: 0.0795320 seconds
351.958: [GC [PSYoungGen: 13335K->1360K(13824K)] 32731K->20765K(45056K), 0.0008330 secs] [Times: user=0.00 sys=0.00, real=0.00 secs] 
351.959: Total time for which application threads were stopped: 0.0590180 seconds, Stopping threads took: 0.0580970 seconds
352.038: Application time: 0.0792400 seconds
352.079: [GC [PSYoungGen: 13487K->1524K(13824K)] 32892K->22132K(45056K), 0.0010450 secs] [Times: user=0.01 sys=0.00, real=0.00 secs] 
352.081: Total time for which application threads were stopped: 0.0428050 seconds, Stopping threads took: 0.0416770 seconds
352.164: Application time: 0.0832540 seconds
352.231: [GC [PSYoungGen: 13553K->758K(13824K)] 34161K->21375K(45056K), 0.0007170 secs] [Times: user=0.01 sys=0.00, real=0.00 secs] 
352.232: Total time for which application threads were stopped: 0.0683480 seconds, Stopping threads took: 0.0675420 seconds
352.312: Application time: 0.0795670 seconds
352.352: [GC [PSYoungGen: 12963K->1344K(13824K)] 33580K->22758K(45056K), 0.0009130 secs] [Times: user=0.00 sys=0.00, real=0.00 secs] 
352.353: Total time for which application threads were stopped: 0.0416110 seconds, Stopping threads took: 0.0406130 seconds
352.450: Application time: 0.0971520 seconds
352.519: [GC [PSYoungGen: 13569K->336K(13824K)] 34983K->21749K(45056K), 0.0006510 secs] [Times: user=0.00 sys=0.00, real=0.00 secs] 
352.520: Total time for which application threads were stopped: 0.0693570 seconds, Stopping threads took: 0.0686200 seconds
352.602: Application time: 0.0817500 seconds
352.643: [GC [PSYoungGen: 12560K->758K(13824K)] 33974K->22172K(45056K), 0.0005390 secs] [Times: user=0.00 sys=0.00, real=0.00 secs] 
352.643: Total time for which application threads were stopped: 0.0414920 seconds, Stopping threads took: 0.0408680 seconds
352.722: Application time: 0.0784870 seconds
352.763: [GC [PSYoungGen: 12983K->1197K(13824K)] 34397K->22611K(45056K), 0.0008040 secs] [Times: user=0.00 sys=0.00, real=0.00 secs] 
352.765: Total time for which application threads were stopped: 0.0433810 seconds, Stopping threads took: 0.0417330 seconds
352.845: Application time: 0.0800090 seconds
352.886: [GC [PSYoungGen: 13422K->1181K(13824K)] 34835K->22993K(45056K), 0.0008210 secs] [Times: user=0.00 sys=0.00, real=0.00 secs] 
352.887: Total time for which application threads were stopped: 0.0417480 seconds, Stopping threads took: 0.0408270 seconds
352.967: Application time: 0.0805070 seconds
353.028: [GC [PSYoungGen: 13464K->710K(13824K)] 35277K->22523K(45056K), 0.0005830 secs] [Times: user=0.00 sys=0.00, real=0.01 secs] 
353.029: Total time for which application threads were stopped: 0.0616730 seconds, Stopping threads took: 0.0610210 seconds
353.109: Application time: 0.0800510 seconds
353.159: [GC [PSYoungGen: 12916K->1458K(13824K)] 34728K->25028K(45056K), 0.0012050 secs] [Times: user=0.00 sys=0.00, real=0.00 secs] 
353.160: Total time for which application threads were stopped: 0.0512580 seconds, Stopping threads took: 0.0499740 seconds
353.242: Application time: 0.0816750 seconds
353.312: [GC [PSYoungGen: 13741K->1376K(13824K)] 37312K->24946K(45056K), 0.0006790 secs] [Times: user=0.01 sys=0.00, real=0.00 secs] 
353.313: Total time for which application threads were stopped: 0.0711930 seconds, Stopping threads took: 0.0704470 seconds
353.413: Application time: 0.1000990 seconds
353.476: [GC [PSYoungGen: 13660K->547K(13824K)] 37230K->24117K(45056K), 0.0005050 secs] [Times: user=0.00 sys=0.00, real=0.00 secs] 
353.477: Total time for which application threads were stopped: 0.0637730 seconds, Stopping threads took: 0.0631980 seconds
353.556: Application time: 0.0789880 seconds
353.597: [GC [PSYoungGen: 12674K->1149K(13824K)] 36244K->25508K(45056K), 0.0009140 secs] [Times: user=0.01 sys=0.00, real=0.00 secs] 
353.598: Total time for which application threads were stopped: 0.0418390 seconds, Stopping threads took: 0.0408570 seconds
353.677: Application time: 0.0796500 seconds
353.747: [GC [PSYoungGen: 13276K->1149K(13824K)] 37636K->25516K(45056K), 0.0006410 secs] [Times: user=0.00 sys=0.00, real=0.00 secs] 
353.747: Total time for which application threads were stopped: 0.0699800 seconds, Stopping threads took: 0.0692690 seconds
353.828: Application time: 0.0802010 seconds
353.897: [GC [PSYoungGen: 13354K->368K(13824K)] 37722K->24735K(45056K), 0.0004290 secs] [Times: user=0.00 sys=0.00, real=0.00 secs] 
353.897: Total time for which application threads were stopped: 0.0697670 seconds, Stopping threads took: 0.0692680 seconds
353.976: Application time: 0.0786650 seconds
354.015: [GC [PSYoungGen: 12592K->742K(13824K)] 36960K->25118K(45056K), 0.0005670 secs] [Times: user=0.01 sys=0.00, real=0.00 secs] 
354.016: Total time for which application threads were stopped: 0.0399860 seconds, Stopping threads took: 0.0393400 seconds
354.096: Application time: 0.0803670 seconds
354.165: [GC [PSYoungGen: 12967K->1181K(13824K)] 37343K->25556K(45056K), 0.0008140 secs] [Times: user=0.01 sys=0.00, real=0.00 secs] 
354.166: Total time for which application threads were stopped: 0.0696500 seconds, Stopping threads took: 0.0687450 seconds
354.246: Application time: 0.0799180 seconds
354.286: [GC [PSYoungGen: 13405K->1527K(13824K)] 37781K->28072K(45056K), 0.0012850 secs] [Times: user=0.01 sys=0.00, real=0.00 secs] 
354.288: Total time for which application threads were stopped: 0.0416740 seconds, Stopping threads took: 0.0403240 seconds
354.372: Application time: 0.0839190 seconds
354.443: [GC [PSYoungGen: 13654K->614K(13824K)] 40199K->27159K(45056K), 0.0006080 secs] [Times: user=0.00 sys=0.00, real=0.00 secs] 
354.443: Total time for which application threads were stopped: 0.0717630 seconds, Stopping threads took: 0.0710640 seconds
354.523: Application time: 0.0799970 seconds
354.574: [GC [PSYoungGen: 12898K->1232K(13824K)] 39443K->28559K(45056K), 0.0007960 secs] [Times: user=0.01 sys=0.00, real=0.00 secs] 
354.575: Total time for which application threads were stopped: 0.0511560 seconds, Stopping threads took: 0.0502850 seconds
354.655: Application time: 0.0802560 seconds
354.720: [GC [PSYoungGen: 13515K->1184K(13824K)] 40842K->28511K(45056K), 0.0007170 secs] [Times: user=0.00 sys=0.00, real=0.00 secs] 
354.721: Total time for which application threads were stopped: 0.0658440 seconds, Stopping threads took: 0.0650520 seconds
354.815: Application time: 0.0945220 seconds
354.883: [GC [PSYoungGen: 13390K->435K(13824K)] 40716K->27761K(45056K), 0.0005460 secs] [Times: user=0.01 sys=0.00, real=0.00 secs] 
354.884: Total time for which application threads were stopped: 0.0683770 seconds, Stopping threads took: 0.0677420 seconds
354.969: Application time: 0.0854430 seconds
355.034: [GC [PSYoungGen: 12543K->694K(13824K)] 39869K->28021K(45056K), 0.0005770 secs] [Times: user=0.01 sys=0.00, real=0.00 secs] 
355.034: Total time for which application threads were stopped: 0.0652140 seconds, Stopping threads took: 0.0645670 seconds
355.115: Application time: 0.0806140 seconds
355.178: [GC [PSYoungGen: 12919K->1101K(13824K)] 40245K->28435K(45056K), 0.0005950 secs] [Times: user=0.00 sys=0.00, real=0.00 secs] 
355.178: Total time for which application threads were stopped: 0.0633470 seconds, Stopping threads took: 0.0626710 seconds
355.259: Application time: 0.0804560 seconds
355.298: [GC [PSYoungGen: 13209K->1328K(13824K)] 40543K->28671K(45056K), 0.0007330 secs] [Times: user=0.00 sys=0.00, real=0.00 secs] 
355.299: Total time for which application threads were stopped: 0.0402040 seconds, Stopping threads took: 0.0393800 seconds
355.378: Application time: 0.0795420 seconds
355.444: [GC [PSYoungGen: 13357K->1344K(13824K)] 40700K->28890K(45056K), 0.0008160 secs] [Times: user=0.00 sys=0.00, real=0.00 secs] 
355.445: Total time for which application threads were stopped: 0.0668210 seconds, Stopping threads took: 0.0659360 seconds
355.527: Application time: 0.0813540 seconds
355.585: [GC [PSYoungGen: 13471K->774K(13824K)] 41017K->28336K(45056K), 0.0006750 secs] [Times: user=0.00 sys=0.00, real=0.00 secs] 
355.586: Total time for which application threads were stopped: 0.0596210 seconds, Stopping threads took: 0.0588620 seconds
355.666: Application time: 0.0794430 seconds
355.705: [GC [PSYoungGen: 12999K->1117K(13824K)] 40561K->28679K(45056K), 0.0007020 secs] [Times: user=0.00 sys=0.00, real=0.00 secs] 
355.706: Total time for which application threads were stopped: 0.0405040 seconds, Stopping threads took: 0.0397010 seconds
355.788: Application time: 0.0816060 seconds
355.854: [GC [PSYoungGen: 13322K->336K(13824K)] 40884K->27897K(45056K), 0.0004800 secs] [Times: user=0.00 sys=0.00, real=0.00 secs] 
355.854: Total time for which application threads were stopped: 0.0664430 seconds, Stopping threads took: 0.0658950 seconds
355.933: Application time: 0.0785500 seconds
355.976: [GC [PSYoungGen: 12560K->1524K(13824K)] 40122K->30453K(45056K), 0.0011040 secs] [Times: user=0.01 sys=0.00, real=0.01 secs] 
355.977: Total time for which application threads were stopped: 0.0440120 seconds, Stopping threads took: 0.0428370 seconds
356.059: Application time: 0.0819110 seconds
356.122: [GC [PSYoungGen: 13729K->1360K(13824K)] 42658K->31070K(45056K), 0.0009790 secs] [Times: user=0.00 sys=0.00, real=0.00 secs] 
356.123: [Full GC [PSYoungGen: 1360K->0K(13824K)] [ParOldGen: 29710K->3576K(31232K)] 31070K->3576K(45056K) [PSPermGen: 5149K->5149K(21504K)], 0.0041150 secs] [Times: user=0.02 sys=0.00, real=0.00 secs] 
356.128: Total time for which application threads were stopped: 0.0688660 seconds, Stopping threads took: 0.0636320 seconds
356.209: Application time: 0.0812440 seconds
356.277: [GC [PSYoungGen: 12283K->1168K(13824K)] 15859K->4744K(45056K), 0.0006020 secs] [Times: user=0.00 sys=0.00, real=0.00 secs] 
356.278: Total time for which application threads were stopped: 0.0687020 seconds, Stopping threads took: 0.0679960 seconds
356.359: Application time: 0.0812210 seconds
356.426: [GC [PSYoungGen: 13452K->435K(13824K)] 17028K->4011K(45056K), 0.0004140 secs] [Times: user=0.00 sys=0.00, real=0.00 secs] 
356.426: Total time for which application threads were stopped: 0.0672850 seconds, Stopping threads took: 0.0668040 seconds
356.505: Application time: 0.0793330 seconds
356.548: [GC [PSYoungGen: 12542K->646K(13824K)] 16119K->4222K(45056K), 0.0005260 secs] [Times: user=0.01 sys=0.00, real=0.01 secs] 
356.549: Total time for which application threads were stopped: 0.0434080 seconds, Stopping threads took: 0.0428050 seconds
356.629: Application time: 0.0803540 seconds
356.686: [GC [PSYoungGen: 12754K->890K(13824K)] 16330K->4466K(45056K), 0.0004690 secs] [Times: user=0.01 sys=0.00, real=0.00 secs] 
356.687: Total time for which application threads were stopped: 0.0575470 seconds, Stopping threads took: 0.0570170 seconds
356.766: Application time: 0.0796280 seconds
356.809: [GC [PSYoungGen: 13114K->1280K(13824K)] 16690K->4857K(45056K), 0.0007660 secs] [Times: user=0.00 sys=0.00, real=0.00 secs] 
356.810: Total time for which application threads were stopped: 0.0432750 seconds, Stopping threads took: 0.0424130 seconds
356.891: Application time: 0.0810970 seconds
356.950: [GC [PSYoungGen: 13407K->483K(13824K)] 16984K->4059K(45056K), 0.0006190 secs] [Times: user=0.00 sys=0.00, real=0.00 secs] 
356.951: Total time for which application threads were stopped: 0.0601620 seconds, Stopping threads took: 0.0594670 seconds
357.031: Application time: 0.0798650 seconds
357.069: [GC [PSYoungGen: 12708K->1527K(13824K)] 16284K->6631K(45056K), 0.0011140 secs] [Times: user=0.01 sys=0.00, real=0.00 secs] 
357.070: Total time for which application threads were stopped: 0.0392510 seconds, Stopping threads took: 0.0380570 seconds
357.154: Application time: 0.0836390 seconds
357.220: [GC [PSYoungGen: 13751K->1232K(13824K)] 18855K->6336K(45056K), 0.0005820 secs] [Times: user=0.01 sys=0.00, real=0.00 secs] 
357.221: Total time for which application threads were stopped: 0.0669600 seconds, Stopping threads took: 0.0663090 seconds
357.300: Application time: 0.0795910 seconds
357.341: [GC [PSYoungGen: 13340K->1427K(13824K)] 18444K->6531K(45056K), 0.0006510 secs] [Times: user=0.00 sys=0.00, real=0.00 secs] 
357.342: Total time for which application threads were stopped: 0.0413830 seconds, Stopping threads took: 0.0406580 seconds
357.422: Application time: 0.0800660 seconds
357.487: [GC [PSYoungGen: 13554K->582K(13824K)] 18658K->5686K(45056K), 0.0004410 secs] [Times: user=0.00 sys=0.00, real=0.00 secs] 
357.488: Total time for which application threads were stopped: 0.0659460 seconds, Stopping threads took: 0.0654400 seconds
357.566: Application time: 0.0789240 seconds
357.618: [GC [PSYoungGen: 12807K->973K(13824K)] 17911K->6077K(45056K), 0.0005650 secs] [Times: user=0.00 sys=0.00, real=0.00 secs] 
357.618: Total time for which application threads were stopped: 0.0517260 seconds, Stopping threads took: 0.0510900 seconds
357.699: Application time: 0.0811730 seconds
357.764: [GC [PSYoungGen: 13256K->256K(13824K)] 18360K->5359K(45056K), 0.0003610 secs] [Times: user=0.00 sys=0.00, real=0.00 secs] 
357.766: Total time for which application threads were stopped: 0.0663770 seconds, Stopping threads took: 0.0647340 seconds
357.858: Application time: 0.0922990 seconds
357.919: [GC [PSYoungGen: 12520K->499K(13824K)] 17623K->5603K(45056K), 0.0006090 secs] [Times: user=0.00 sys=0.00, real=0.00 secs] 
357.919: Total time for which application threads were stopped: 0.0611050 seconds, Stopping threads took: 0.0604240 seconds
357.997: Application time: 0.0782090 seconds
358.037: [GC [PSYoungGen: 12528K->1378K(13824K)] 17632K->6872K(45056K), 0.0007760 secs] [Times: user=0.01 sys=0.00, real=0.00 secs] 
358.038: Total time for which application threads were stopped: 0.0408380 seconds, Stopping threads took: 0.0399890 seconds
358.122: Application time: 0.0833500 seconds
358.190: [GC [PSYoungGen: 13368K->1458K(13824K)] 18863K->7343K(45056K), 0.0007780 secs] [Times: user=0.00 sys=0.00, real=0.00 secs] 
358.191: Total time for which application threads were stopped: 0.0693620 seconds, Stopping threads took: 0.0685130 seconds
358.273: Application time: 0.0824460 seconds
358.338: [GC [PSYoungGen: 13683K->1133K(13824K)] 19568K->7042K(45056K), 0.0006180 secs] [Times: user=0.00 sys=0.00, real=0.00 secs] 
358.339: Total time for which application threads were stopped: 0.0653540 seconds, Stopping threads took: 0.0646640 seconds
358.419: Application time: 0.0798870 seconds
358.459: [GC [PSYoungGen: 13260K->1523K(13824K)] 19169K->8449K(45056K), 0.0009800 secs] [Times: user=0.01 sys=0.00, real=0.00 secs] 
358.460: Total time for which application threads were stopped: 0.0408750 seconds, Stopping threads took: 0.0397940 seconds
358.556: Application time: 0.0961420 seconds
358.624: [GC [PSYoungGen: 13455K->1524K(13824K)] 20381K->8457K(45056K), 0.0006920 secs] [Times: user=0.01 sys=0.00, real=0.00 secs] 
358.625: Total time for which application threads were stopped: 0.0693670 seconds, Stopping threads took: 0.0686070 seconds
358.706: Application time: 0.0808720 seconds
358.760: [GC [PSYoungGen: 13651K->694K(13824K)] 20584K->7636K(45056K), 0.0005030 secs] [Times: user=0.00 sys=0.00, real=0.00 secs] 
358.761: Total time for which application threads were stopped: 0.0545700 seconds, Stopping threads took: 0.0539880 seconds
358.839: Application time: 0.0781210 seconds
358.881: [GC [PSYoungGen: 12900K->1524K(13824K)] 19841K->9051K(45056K), 0.0008660 secs] [Times: user=0.01 sys=0.00, real=0.00 secs] 
358.882: Total time for which application threads were stopped: 0.0436820 seconds, Stopping threads took: 0.0427470 seconds
358.975: Application time: 0.0923740 seconds
359.047: [GC [PSYoungGen: 13748K->320K(13824K)] 21276K->7847K(45056K), 0.0003830 secs] [Times: user=0.01 sys=0.00, real=0.00 secs] 
359.047: Total time for which application threads were stopped: 0.0726320 seconds, Stopping threads took: 0.0721770 seconds
359.134: Application time: 0.0866110 seconds
359.189: [GC [PSYoungGen: 12505K->499K(13824K)] 20033K->8027K(45056K), 0.0004660 secs] [Times: user=0.01 sys=0.00, real=0.00 secs] 
359.190: Total time for which application threads were stopped: 0.0559490 seconds, Stopping threads took: 0.0554130 seconds
359.270: Application time: 0.0799610 seconds
359.308: [GC [PSYoungGen: 12724K->1523K(13824K)] 20251K->10622K(45056K), 0.0010790 secs] [Times: user=0.00 sys=0.00, real=0.01 secs] 
359.309: Total time for which application threads were stopped: 0.0389440 seconds, Stopping threads took: 0.0377970 seconds
359.393: Application time: 0.0845040 seconds
359.464: [GC [PSYoungGen: 13631K->1149K(13824K)] 22729K->10263K(45056K), 0.0006760 secs] [Times: user=0.00 sys=0.00, real=0.00 secs] 
359.465: Total time for which application threads were stopped: 0.0716180 seconds, Stopping threads took: 0.0708730 seconds
359.545: Application time: 0.0803560 seconds
359.618: [GC [PSYoungGen: 13354K->288K(13824K)] 22468K->9402K(45056K), 0.0004930 secs] [Times: user=0.00 sys=0.00, real=0.00 secs] 
359.619: Total time for which application threads were stopped: 0.0735290 seconds, Stopping threads took: 0.0729390 seconds
359.698: Application time: 0.0791140 seconds
359.739: [GC [PSYoungGen: 12454K->1165K(13824K)] 21568K->10670K(45056K), 0.0008030 secs] [Times: user=0.01 sys=0.00, real=0.00 secs] 
359.740: Total time for which application threads were stopped: 0.0416450 seconds, Stopping threads took: 0.0407730 seconds
359.823: Application time: 0.0833050 seconds
359.889: [GC [PSYoungGen: 13292K->758K(13824K)] 22797K->10287K(45056K), 0.0005710 secs] [Times: user=0.00 sys=0.00, real=0.00 secs] 
359.890: Total time for which application threads were stopped: 0.0671090 seconds, Stopping threads took: 0.0664740 seconds
359.972: Application time: 0.0823390 seconds
360.030: [GC [PSYoungGen: 12983K->1149K(13824K)] 22512K->10702K(45056K), 0.0005800 secs] [Times: user=0.00 sys=0.00, real=0.00 secs] 
360.031: Total time for which application threads were stopped: 0.0585090 seconds, Stopping threads took: 0.0578370 seconds
360.110: Application time: 0.0790330 seconds
360.151: [GC [PSYoungGen: 13276K->1376K(13824K)] 22829K->12101K(45056K), 0.0009740 secs] [Times: user=0.00 sys=0.00, real=0.00 secs] 
360.152: Total time for which application threads were stopped: 0.0417980 seconds, Stopping threads took: 0.0407240 seconds
360.232: Application time: 0.0803530 seconds
360.302: [GC [PSYoungGen: 13601K->726K(13824K)] 24326K->11475K(45056K), 0.0005770 secs] [Times: user=0.00 sys=0.00, real=0.00 secs] 
360.303: Total time for which application threads were stopped: 0.0704100 seconds, Stopping threads took: 0.0697410 seconds
360.382: Application time: 0.0794700 seconds
360.433: [GC [PSYoungGen: 12951K->1165K(13824K)] 23700K->11914K(45056K), 0.0006020 secs] [Times: user=0.01 sys=0.00, real=0.00 secs] 
360.433: Total time for which application threads were stopped: 0.0515180 seconds, Stopping threads took: 0.0508500 seconds
360.512: Application time: 0.0789570 seconds
360.552: [GC [PSYoungGen: 13370K->1442K(13824K)] 24119K->12191K(45056K), 0.0007590 secs] [Times: user=0.01 sys=0.00, real=0.00 secs] 
360.553: Total time for which application threads were stopped: 0.0404770 seconds, Stopping threads took: 0.0396310 seconds
360.635: Application time: 0.0823230 seconds
360.700: [GC [PSYoungGen: 13667K->742K(13824K)] 24415K->11491K(45056K), 0.0008110 secs] [Times: user=0.00 sys=0.00, real=0.00 secs] 
360.701: Total time for which application threads were stopped: 0.0657480 seconds, Stopping threads took: 0.0648380 seconds
360.798: Application time: 0.0967450 seconds
360.867: [GC [PSYoungGen: 12733K->758K(13824K)] 23482K->11507K(45056K), 0.0004980 secs] [Times: user=0.00 sys=0.00, real=0.00 secs] 
360.868: Total time for which application threads were stopped: 0.0698690 seconds, Stopping threads took: 0.0692840 seconds
360.950: Application time: 0.0824550 seconds
361.003: [GC [PSYoungGen: 12964K->1376K(13824K)] 23712K->12922K(45056K), 0.0010590 secs] [Times: user=0.01 sys=0.00, real=0.00 secs] 
361.004: Total time for which application threads were stopped: 0.0540630 seconds, Stopping threads took: 0.0529070 seconds
361.092: Application time: 0.0877650 seconds
361.165: [GC [PSYoungGen: 13663K->320K(13824K)] 25209K->11866K(45056K), 0.0005700 secs] [Times: user=0.01 sys=0.00, real=0.00 secs] 
361.165: Total time for which application threads were stopped: 0.0735630 seconds, Stopping threads took: 0.0729150 seconds
361.252: Application time: 0.0861770 seconds
361.294: [GC [PSYoungGen: 12541K->1360K(13824K)] 24087K->13305K(45056K), 0.0008070 secs] [Times: user=0.00 sys=0.00, real=0.00 secs] 
361.294: Total time for which application threads were stopped: 0.0426750 seconds, Stopping threads took: 0.0417710 seconds
361.382: Application time: 0.0876590 seconds
361.453: [GC [PSYoungGen: 13370K->742K(13824K)] 25315K->12687K(45056K), 0.0005170 secs] [Times: user=0.00 sys=0.00, real=0.00 secs] 
361.454: Total time for which application threads were stopped: 0.0714970 seconds, Stopping threads took: 0.0708890 seconds
361.538: Application time: 0.0845490 seconds
361.582: [GC [PSYoungGen: 12967K->1165K(13824K)] 24912K->13118K(45056K), 0.0007010 secs] [Times: user=0.00 sys=0.00, real=0.00 secs] 
361.583: Total time for which application threads were stopped: 0.0450610 seconds, Stopping threads took: 0.0442640 seconds
361.670: Application time: 0.0866910 seconds
361.750: [GC [PSYoungGen: 13273K->1344K(13824K)] 25225K->13305K(45056K), 0.0008650 secs] [Times: user=0.00 sys=0.00, real=0.00 secs] 
361.751: Total time for which application threads were stopped: 0.0808970 seconds, Stopping threads took: 0.0799620 seconds
361.840: Application time: 0.0892980 seconds
361.913: [GC [PSYoungGen: 13471K->579K(13824K)] 25432K->12556K(45056K), 0.0005700 secs] [Times: user=0.00 sys=0.00, real=0.00 secs] 
361.914: Total time for which application threads were stopped: 0.0737830 seconds, Stopping threads took: 0.0731080 seconds
362.002: Application time: 0.0880180 seconds
362.063: [GC [PSYoungGen: 12686K->758K(13824K)] 24663K->12735K(45056K), 0.0008400 secs] [Times: user=0.00 sys=0.00, real=0.00 secs] 
362.064: Total time for which application threads were stopped: 0.0617980 seconds, Stopping threads took: 0.0608640 seconds
362.149: Application time: 0.0857240 seconds
362.196: [GC [PSYoungGen: 12983K->1133K(13824K)] 24960K->13110K(45056K), 0.0006690 secs] [Times: user=0.01 sys=0.00, real=0.01 secs] 
362.196: Total time for which application threads were stopped: 0.0470930 seconds, Stopping threads took: 0.0463520 seconds
362.284: Application time: 0.0871420 seconds
362.355: [GC [PSYoungGen: 13260K->336K(13824K)] 25237K->12312K(45056K), 0.0004890 secs] [Times: user=0.00 sys=0.00, real=0.00 secs] 
362.355: Total time for which application threads were stopped: 0.0714760 seconds, Stopping threads took: 0.0708950 seconds
362.442: Application time: 0.0874090 seconds
362.485: [GC [PSYoungGen: 12443K->499K(13824K)] 24420K->12476K(45056K), 0.0007330 secs] [Times: user=0.00 sys=0.00, real=0.00 secs] 
362.486: Total time for which application threads were stopped: 0.0435270 seconds, Stopping threads took: 0.0426910 seconds
362.572: Application time: 0.0856690 seconds
362.617: [GC [PSYoungGen: 12685K->758K(13824K)] 24662K->12735K(45056K), 0.0005730 secs] [Times: user=0.01 sys=0.00, real=0.00 secs] 
362.618: Total time for which application threads were stopped: 0.0459720 seconds, Stopping threads took: 0.0453090 seconds
362.704: Application time: 0.0863080 seconds
362.749: [GC [PSYoungGen: 12964K->1490K(13824K)] 24940K->15233K(45056K), 0.0014240 secs] [Times: user=0.01 sys=0.00, real=0.00 secs] 
362.751: Total time for which application threads were stopped: 0.0466340 seconds, Stopping threads took: 0.0451120 seconds
362.838: Application time: 0.0869560 seconds
362.913: [GC [PSYoungGen: 13695K->1474K(13824K)] 27438K->16193K(45056K), 0.0011470 secs] [Times: user=0.01 sys=0.00, real=0.00 secs] 
362.915: Total time for which application threads were stopped: 0.0771430 seconds, Stopping threads took: 0.0754710 seconds
363.018: Application time: 0.1035410 seconds
363.086: [GC [PSYoungGen: 13581K->1344K(13824K)] 28301K->16267K(45056K), 0.0008490 secs] [Times: user=0.00 sys=0.00, real=0.00 secs] 
363.087: Total time for which application threads were stopped: 0.0688160 seconds, Stopping threads took: 0.0678640 seconds
363.175: Application time: 0.0881030 seconds
363.246: [GC [PSYoungGen: 13471K->758K(13824K)] 28394K->15689K(45056K), 0.0007460 secs] [Times: user=0.00 sys=0.00, real=0.00 secs] 
363.246: Total time for which application threads were stopped: 0.0711160 seconds, Stopping threads took: 0.0702800 seconds
363.339: Application time: 0.0922640 seconds
363.397: [GC [PSYoungGen: 12866K->986K(13824K)] 27797K->15924K(45056K), 0.0008000 secs] [Times: user=0.00 sys=0.00, real=0.00 secs] 
363.397: Total time for which application threads were stopped: 0.0588150 seconds, Stopping threads took: 0.0579200 seconds
363.483: Application time: 0.0854250 seconds
363.529: [GC [PSYoungGen: 13210K->1360K(13824K)] 28149K->16307K(45056K), 0.0008940 secs] [Times: user=0.00 sys=0.00, real=0.00 secs] 
363.530: Total time for which application threads were stopped: 0.0470880 seconds, Stopping threads took: 0.0461020 seconds
363.626: Application time: 0.0962490 seconds
363.681: [GC [PSYoungGen: 13487K->1408K(13824K)] 28434K->17738K(45056K), 0.0010500 secs] [Times: user=0.00 sys=0.00, real=0.00 secs] 
363.682: Total time for which application threads were stopped: 0.0555870 seconds, Stopping threads took: 0.0544570 seconds
363.770: Application time: 0.0880330 seconds
363.844: [GC [PSYoungGen: 13516K->742K(13824K)] 29846K->17072K(45056K), 0.0005320 secs] [Times: user=0.00 sys=0.00, real=0.00 secs] 
363.844: Total time for which application threads were stopped: 0.0743750 seconds, Stopping threads took: 0.0737770 seconds
363.931: Application time: 0.0868830 seconds
363.973: [GC [PSYoungGen: 13029K->1458K(13824K)] 29359K->18577K(45056K), 0.0009520 secs] [Times: user=0.01 sys=0.00, real=0.00 secs] 
363.974: Total time for which application threads were stopped: 0.0432230 seconds, Stopping threads took: 0.0421970 seconds
364.063: Application time: 0.0885360 seconds
364.137: [GC [PSYoungGen: 13698K->1344K(13824K)] 30818K->18659K(45056K), 0.0007730 secs] [Times: user=0.00 sys=0.00, real=0.00 secs] 
364.137: Total time for which application threads were stopped: 0.0745890 seconds, Stopping threads took: 0.0737470 seconds
364.227: Application time: 0.0895920 seconds
364.290: [GC [PSYoungGen: 13628K->806K(13824K)] 30942K->18129K(45056K), 0.0005680 secs] [Times: user=0.00 sys=0.00, real=0.00 secs] 
364.291: Total time for which application threads were stopped: 0.0639430 seconds, Stopping threads took: 0.0632810 seconds
364.376: Application time: 0.0855500 seconds
364.420: [GC [PSYoungGen: 13012K->1376K(13824K)] 30334K->19480K(45056K), 0.0009550 secs] [Times: user=0.00 sys=0.00, real=0.00 secs] 
364.421: Total time for which application threads were stopped: 0.0449150 seconds, Stopping threads took: 0.0438910 seconds
364.508: Application time: 0.0863320 seconds
364.589: [GC [PSYoungGen: 13582K->1360K(13824K)] 31685K->19464K(45056K), 0.0006510 secs] [Times: user=0.01 sys=0.00, real=0.00 secs] 
364.590: Total time for which application threads were stopped: 0.0819500 seconds, Stopping threads took: 0.0812330 seconds
364.678: Application time: 0.0879970 seconds
364.738: [GC [PSYoungGen: 13487K->595K(13824K)] 31591K->18707K(45056K), 0.0004780 secs] [Times: user=0.00 sys=0.00, real=0.00 secs] 
364.739: Total time for which application threads were stopped: 0.0609890 seconds, Stopping threads took: 0.0604370 seconds
364.825: Application time: 0.0864630 seconds
364.870: [GC [PSYoungGen: 12800K->1360K(13824K)] 30912K->20074K(45056K), 0.0008190 secs] [Times: user=0.00 sys=0.00, real=0.00 secs] 
364.871: Total time for which application threads were stopped: 0.0457180 seconds, Stopping threads took: 0.0448160 seconds
364.959: Application time: 0.0879860 seconds
365.029: [GC [PSYoungGen: 13487K->1085K(13824K)] 32201K->19815K(45056K), 0.0006160 secs] [Times: user=0.01 sys=0.00, real=0.00 secs] 
365.030: Total time for which application threads were stopped: 0.0708800 seconds, Stopping threads took: 0.0701930 seconds
365.118: Application time: 0.0880920 seconds
365.186: [GC [PSYoungGen: 13290K->304K(13824K)] 32020K->19041K(45056K), 0.0005370 secs] [Times: user=0.00 sys=0.00, real=0.00 secs] 
365.186: Total time for which application threads were stopped: 0.0683170 seconds, Stopping threads took: 0.0677130 seconds
365.264: Application time: 0.0783220 seconds
365.307: [GC [PSYoungGen: 12528K->1524K(13824K)] 31266K->21653K(45056K), 0.0011540 secs] [Times: user=0.00 sys=0.00, real=0.00 secs] 
365.308: Total time for which application threads were stopped: 0.0437500 seconds, Stopping threads took: 0.0425040 seconds
365.391: Application time: 0.0825650 seconds
365.461: [GC [PSYoungGen: 13758K->1133K(13824K)] 33887K->21262K(45056K), 0.0005510 secs] [Times: user=0.00 sys=0.00, real=0.00 secs] 
365.462: Total time for which application threads were stopped: 0.0707600 seconds, Stopping threads took: 0.0701420 seconds
365.543: Application time: 0.0810660 seconds
365.602: [GC [PSYoungGen: 13328K->352K(13824K)] 33457K->20489K(45056K), 0.0006350 secs] [Times: user=0.01 sys=0.00, real=0.00 secs] 
365.603: Total time for which application threads were stopped: 0.0599470 seconds, Stopping threads took: 0.0592460 seconds
365.680: Application time: 0.0777130 seconds
365.722: [GC [PSYoungGen: 12576K->1392K(13824K)] 32713K->23092K(45056K), 0.0012430 secs] [Times: user=0.01 sys=0.00, real=0.00 secs] 
365.723: Total time for which application threads were stopped: 0.0429310 seconds, Stopping threads took: 0.0415950 seconds
365.826: Application time: 0.1030030 seconds
365.885: [GC [PSYoungGen: 13676K->1360K(13824K)] 35375K->23841K(45056K), 0.0009390 secs] [Times: user=0.01 sys=0.00, real=0.00 secs] 
365.886: Total time for which application threads were stopped: 0.0595630 seconds, Stopping threads took: 0.0585280 seconds
365.965: Application time: 0.0794900 seconds
366.034: [GC [PSYoungGen: 13566K->1376K(13824K)] 36047K->23865K(45056K), 0.0007000 secs] [Times: user=0.01 sys=0.00, real=0.00 secs] 
366.034: Total time for which application threads were stopped: 0.0691040 seconds, Stopping threads took: 0.0683110 seconds
366.116: Application time: 0.0813960 seconds
366.182: [GC [PSYoungGen: 13660K->531K(13824K)] 36149K->23028K(45056K), 0.0004980 secs] [Times: user=0.01 sys=0.00, real=0.00 secs] 
366.182: Total time for which application threads were stopped: 0.0666320 seconds, Stopping threads took: 0.0660660 seconds
366.277: Application time: 0.0948430 seconds
366.336: [GC [PSYoungGen: 12560K->774K(13824K)] 35057K->23271K(45056K), 0.0006410 secs] [Times: user=0.00 sys=0.00, real=0.01 secs] 
366.336: Total time for which application threads were stopped: 0.0591390 seconds, Stopping threads took: 0.0584040 seconds
366.417: Application time: 0.0803200 seconds
366.474: [GC [PSYoungGen: 12999K->1117K(13824K)] 35496K->23630K(45056K), 0.0006400 secs] [Times: user=0.00 sys=0.00, real=0.00 secs] 
366.475: Total time for which application threads were stopped: 0.0579350 seconds, Stopping threads took: 0.0572240 seconds
366.566: Application time: 0.0914550 seconds
366.638: [GC [PSYoungGen: 13322K->336K(13824K)] 35835K->22873K(45056K), 0.0004940 secs] [Times: user=0.00 sys=0.00, real=0.00 secs] 
366.638: Total time for which application threads were stopped: 0.0719860 seconds, Stopping threads took: 0.0714220 seconds
366.716: Application time: 0.0783250 seconds
366.756: [GC [PSYoungGen: 12560K->1507K(13824K)] 35097K->25436K(45056K), 0.0010640 secs] [Times: user=0.01 sys=0.00, real=0.01 secs] 
366.757: Total time for which application threads were stopped: 0.0405840 seconds, Stopping threads took: 0.0394450 seconds
366.837: Application time: 0.0804440 seconds
366.909: [GC [PSYoungGen: 13615K->970K(13824K)] 37543K->24898K(45056K), 0.0008220 secs] [Times: user=0.00 sys=0.00, real=0.00 secs] 
366.909: Total time for which application threads were stopped: 0.0719800 seconds, Stopping threads took: 0.0710660 seconds
366.991: Application time: 0.0818190 seconds
367.046: [GC [PSYoungGen: 13194K->1312K(13824K)] 37123K->25256K(45056K), 0.0008270 secs] [Times: user=0.00 sys=0.00, real=0.00 secs] 
367.047: Total time for which application threads were stopped: 0.0555760 seconds, Stopping threads took: 0.0546600 seconds
367.128: Application time: 0.0809330 seconds
367.194: [GC [PSYoungGen: 13439K->579K(13824K)] 37384K->24523K(45056K), 0.0004820 secs] [Times: user=0.00 sys=0.00, real=0.00 secs] 
367.194: Total time for which application threads were stopped: 0.0665610 seconds, Stopping threads took: 0.0659820 seconds
367.280: Application time: 0.0854240 seconds
367.339: [GC [PSYoungGen: 12765K->742K(13824K)] 36709K->24694K(45056K), 0.0006310 secs] [Times: user=0.00 sys=0.00, real=0.00 secs] 
367.340: Total time for which application threads were stopped: 0.0598650 seconds, Stopping threads took: 0.0591690 seconds
367.419: Application time: 0.0789240 seconds
367.460: [GC [PSYoungGen: 12967K->1165K(13824K)] 36919K->25117K(45056K), 0.0006290 secs] [Times: user=0.00 sys=0.00, real=0.00 secs] 
367.461: Total time for which application threads were stopped: 0.0422840 seconds, Stopping threads took: 0.0415910 seconds
367.542: Application time: 0.0811320 seconds
367.608: [GC [PSYoungGen: 13449K->336K(13824K)] 37401K->24288K(45056K), 0.0004720 secs] [Times: user=0.00 sys=0.00, real=0.00 secs] 
367.608: Total time for which application threads were stopped: 0.0661170 seconds, Stopping threads took: 0.0655780 seconds
367.702: Application time: 0.0935370 seconds
367.767: [GC [PSYoungGen: 12522K->579K(13824K)] 36474K->24539K(45056K), 0.0004700 secs] [Times: user=0.01 sys=0.00, real=0.00 secs] 
367.767: Total time for which application threads were stopped: 0.0653950 seconds, Stopping threads took: 0.0648480 seconds
367.846: Application time: 0.0786590 seconds
367.885: [GC [PSYoungGen: 12706K->1181K(13824K)] 36666K->25922K(45056K), 0.0007940 secs] [Times: user=0.00 sys=0.00, real=0.00 secs] 
367.886: Total time for which application threads were stopped: 0.0402520 seconds, Stopping threads took: 0.0393920 seconds
367.966: Application time: 0.0799660 seconds
368.036: [GC [PSYoungGen: 13308K->1117K(13824K)] 38049K->25866K(45056K), 0.0006680 secs] [Times: user=0.00 sys=0.00, real=0.01 secs] 
368.037: Total time for which application threads were stopped: 0.0711990 seconds, Stopping threads took: 0.0695980 seconds
368.119: Application time: 0.0814370 seconds
368.172: [GC [PSYoungGen: 13244K->288K(13824K)] 37993K->25045K(45056K), 0.0004750 secs] [Times: user=0.00 sys=0.00, real=0.00 secs] 
368.172: Total time for which application threads were stopped: 0.0538130 seconds, Stopping threads took: 0.0532650 seconds
368.251: Application time: 0.0787050 seconds
368.291: [GC [PSYoungGen: 12395K->595K(13824K)] 37153K->25368K(45056K), 0.0005270 secs] [Times: user=0.00 sys=0.00, real=0.00 secs] 
368.291: Total time for which application threads were stopped: 0.0400300 seconds, Stopping threads took: 0.0394100 seconds
368.370: Application time: 0.0784830 seconds
368.409: [GC [PSYoungGen: 12702K->1474K(13824K)] 37476K->26638K(45056K), 0.0008710 secs] [Times: user=0.00 sys=0.00, real=0.00 secs] 
368.410: Total time for which application threads were stopped: 0.0404930 seconds, Stopping threads took: 0.0395490 seconds
368.509: Application time: 0.0990750 seconds
368.575: [GC [PSYoungGen: 13699K->1165K(13824K)] 38863K->26329K(45056K), 0.0007120 secs] [Times: user=0.00 sys=0.00, real=0.00 secs] 
368.576: Total time for which application threads were stopped: 0.0666680 seconds, Stopping threads took: 0.0658580 seconds
368.656: Application time: 0.0801520 seconds
368.722: [GC [PSYoungGen: 13292K->304K(13824K)] 38456K->25476K(45056K), 0.0004330 secs] [Times: user=0.00 sys=0.00, real=0.00 secs] 
368.723: Total time for which application threads were stopped: 0.0667710 seconds, Stopping threads took: 0.0662630 seconds
368.802: Application time: 0.0788600 seconds
368.840: [GC [PSYoungGen: 12411K->1392K(13824K)] 37583K->27932K(45056K), 0.0010260 secs] [Times: user=0.01 sys=0.00, real=0.00 secs] 
368.841: Total time for which application threads were stopped: 0.0395860 seconds, Stopping threads took: 0.0384580 seconds
368.922: Application time: 0.0805200 seconds
368.993: [GC [PSYoungGen: 13578K->678K(13824K)] 40117K->27234K(45056K), 0.0005140 secs] [Times: user=0.01 sys=0.00, real=0.00 secs] 
368.993: Total time for which application threads were stopped: 0.0715030 seconds, Stopping threads took: 0.0709030 seconds
369.076: Application time: 0.0822590 seconds
369.128: [GC [PSYoungGen: 12669K->758K(13824K)] 39224K->27314K(45056K), 0.0006990 secs] [Times: user=0.00 sys=0.00, real=0.01 secs] 
369.129: Total time for which application threads were stopped: 0.0533460 seconds, Stopping threads took: 0.0525790 seconds
369.208: Application time: 0.0795040 seconds
369.259: [GC [PSYoungGen: 12885K->1360K(13824K)] 39441K->28697K(45056K), 0.0009410 secs] [Times: user=0.00 sys=0.00, real=0.00 secs] 
369.260: Total time for which application threads were stopped: 0.0515310 seconds, Stopping threads took: 0.0505100 seconds
369.341: Application time: 0.0807480 seconds
369.409: [GC [PSYoungGen: 13565K->1328K(13824K)] 40902K->28673K(45056K), 0.0009990 secs] [Times: user=0.00 sys=0.00, real=0.00 secs] 
369.410: Total time for which application threads were stopped: 0.0692630 seconds, Stopping threads took: 0.0681630 seconds
369.490: Application time: 0.0803490 seconds
369.546: [GC [PSYoungGen: 13455K->579K(13824K)] 40800K->27924K(45056K), 0.0006610 secs] [Times: user=0.01 sys=0.00, real=0.00 secs] 
369.547: Total time for which application threads were stopped: 0.0565790 seconds, Stopping threads took: 0.0558360 seconds
369.627: Application time: 0.0800970 seconds
369.666: [GC [PSYoungGen: 12608K->758K(13824K)] 39953K->28119K(45056K), 0.0005260 secs] [Times: user=0.00 sys=0.00, real=0.00 secs] 
369.667: Total time for which application threads were stopped: 0.0395730 seconds, Stopping threads took: 0.0389580 seconds
369.746: Application time: 0.0790830 seconds
369.784: [GC [PSYoungGen: 12983K->1426K(13824K)] 40344K->29576K(45056K), 0.0009350 secs] [Times: user=0.00 sys=0.00, real=0.00 secs] 
369.785: Total time for which application threads were stopped: 0.0395280 seconds, Stopping threads took: 0.0385250 seconds
369.867: Application time: 0.0822370 seconds
369.939: [GC [PSYoungGen: 13709K->336K(13824K)] 41859K->28486K(45056K), 0.0005170 secs] [Times: user=0.00 sys=0.00, real=0.00 secs] 
369.940: Total time for which application threads were stopped: 0.0722200 seconds, Stopping threads took: 0.0716260 seconds
370.019: Application time: 0.0791530 seconds
370.061: [GC [PSYoungGen: 12560K->790K(13824K)] 40710K->28940K(45056K), 0.0005820 secs] [Times: user=0.01 sys=0.00, real=0.00 secs] 
370.061: Total time for which application threads were stopped: 0.0426060 seconds, Stopping threads took: 0.0419360 seconds
370.141: Application time: 0.0793600 seconds
370.180: [GC [PSYoungGen: 13015K->1133K(13824K)] 41165K->29283K(45056K), 0.0006360 secs] [Times: user=0.01 sys=0.00, real=0.00 secs] 
370.181: Total time for which application threads were stopped: 0.0400300 seconds, Stopping threads took: 0.0393280 seconds
370.260: Application time: 0.0795110 seconds
370.300: [GC [PSYoungGen: 13241K->1360K(13824K)] 41391K->29518K(45056K), 0.0006760 secs] [Times: user=0.01 sys=0.00, real=0.00 secs] 
370.301: Total time for which application threads were stopped: 0.0402190 seconds, Stopping threads took: 0.0394750 seconds
370.383: Application time: 0.0823800 seconds
370.447: [GC [PSYoungGen: 13565K->595K(13824K)] 41723K->28761K(45056K), 0.0006800 secs] [Times: user=0.00 sys=0.00, real=0.00 secs] 
370.448: Total time for which application threads were stopped: 0.0652350 seconds, Stopping threads took: 0.0644580 seconds
370.536: Application time: 0.0880420 seconds
370.592: [GC [PSYoungGen: 12781K->694K(13824K)] 40947K->28860K(45056K), 0.0007610 secs] [Times: user=0.01 sys=0.00, real=0.00 secs] 
370.593: Total time for which application threads were stopped: 0.0566680 seconds, Stopping threads took: 0.0558220 seconds
370.673: Application time: 0.0796810 seconds
370.714: [GC [PSYoungGen: 12919K->1474K(13824K)] 41085K->30421K(45056K), 0.0011490 secs] [Times: user=0.01 sys=0.00, real=0.00 secs] 
370.715: Total time for which application threads were stopped: 0.0422100 seconds, Stopping threads took: 0.0409640 seconds
370.795: Application time: 0.0798530 seconds
370.862: [GC [PSYoungGen: 13725K->1376K(13824K)] 42672K->30535K(45056K), 0.0009780 secs] [Times: user=0.00 sys=0.00, real=0.00 secs] 
370.863: Total time for which application threads were stopped: 0.0682290 seconds, Stopping threads took: 0.0671740 seconds
370.944: Application time: 0.0814000 seconds
370.982: [GC [PSYoungGen: 13536K->1344K(13824K)] 42695K->30909K(45056K), 0.0009370 secs] [Times: user=0.00 sys=0.00, real=0.00 secs] 
370.983: Total time for which application threads were stopped: 0.0382080 seconds, Stopping threads took: 0.0371850 seconds
371.065: Application time: 0.0821310 seconds
371.130: [GC [PSYoungGen: 13276K->758K(13824K)] 42841K->30331K(45056K), 0.0007470 secs] [Times: user=0.01 sys=0.00, real=0.00 secs] 
371.131: Total time for which application threads were stopped: 0.0663500 seconds, Stopping threads took: 0.0655170 seconds
371.211: Application time: 0.0803870 seconds
371.251: [GC [PSYoungGen: 12963K->1376K(13824K)] 42537K->31731K(45056K), 0.0009380 secs] [Times: user=0.00 sys=0.00, real=0.00 secs] 
371.252: [Full GC [PSYoungGen: 1376K->0K(13824K)] [ParOldGen: 30354K->3581K(31232K)] 31731K->3581K(45056K) [PSPermGen: 5149K->5149K(21504K)], 0.0043680 secs] [Times: user=0.02 sys=0.00, real=0.00 secs] 
371.256: Total time for which application threads were stopped: 0.0445290 seconds, Stopping threads took: 0.0391110 seconds
371.340: Application time: 0.0836850 seconds
371.396: [GC [PSYoungGen: 12205K->1168K(13824K)] 15787K->4750K(45056K), 0.0007620 secs] [Times: user=0.00 sys=0.00, real=0.01 secs] 
371.397: Total time for which application threads were stopped: 0.0574330 seconds, Stopping threads took: 0.0566050 seconds
371.482: Application time: 0.0849290 seconds
371.552: [GC [PSYoungGen: 13295K->387K(13824K)] 16877K->3969K(45056K), 0.0003690 secs] [Times: user=0.00 sys=0.00, real=0.00 secs] 
371.553: Total time for which application threads were stopped: 0.0705910 seconds, Stopping threads took: 0.0701460 seconds
371.639: Application time: 0.0866850 seconds
371.684: [GC [PSYoungGen: 12416K->614K(13824K)] 15998K->4196K(45056K), 0.0004700 secs] [Times: user=0.00 sys=0.00, real=0.00 secs] 
371.685: Total time for which application threads were stopped: 0.0455610 seconds, Stopping threads took: 0.0450220 seconds
371.764: Application time: 0.0791420 seconds
371.801: [GC [PSYoungGen: 12722K->1527K(13824K)] 16304K->6544K(45056K), 0.0010910 secs] [Times: user=0.00 sys=0.00, real=0.00 secs] 
371.802: Total time for which application threads were stopped: 0.0385110 seconds, Stopping threads took: 0.0373340 seconds
371.884: Application time: 0.0813270 seconds
371.949: [GC [PSYoungGen: 13634K->1493K(13824K)] 18651K->7096K(45056K), 0.0009340 secs] [Times: user=0.00 sys=0.00, real=0.00 secs] 
371.950: Total time for which application threads were stopped: 0.0662850 seconds, Stopping threads took: 0.0652820 seconds
372.054: Application time: 0.1042070 seconds
372.122: [GC [PSYoungGen: 13620K->192K(13824K)] 19223K->5795K(45056K), 0.0005960 secs] [Times: user=0.00 sys=0.00, real=0.00 secs] 
372.122: Total time for which application threads were stopped: 0.0680990 seconds, Stopping threads took: 0.0674130 seconds
372.201: Application time: 0.0785220 seconds
372.244: [GC [PSYoungGen: 12280K->1444K(13824K)] 17883K->7047K(45056K), 0.0007300 secs] [Times: user=0.00 sys=0.00, real=0.00 secs] 
372.245: Total time for which application threads were stopped: 0.0439280 seconds, Stopping threads took: 0.0431290 seconds
372.328: Application time: 0.0830340 seconds
372.397: [GC [PSYoungGen: 13649K->646K(13824K)] 19252K->6249K(45056K), 0.0004760 secs] [Times: user=0.00 sys=0.00, real=0.00 secs] 
372.398: Total time for which application threads were stopped: 0.0696170 seconds, Stopping threads took: 0.0690690 seconds
372.482: Application time: 0.0842390 seconds
372.521: [GC [PSYoungGen: 12871K->1069K(13824K)] 18474K->6672K(45056K), 0.0007890 secs] [Times: user=0.00 sys=0.00, real=0.00 secs] 
372.522: Total time for which application threads were stopped: 0.0401110 seconds, Stopping threads took: 0.0392350 seconds
372.602: Application time: 0.0802790 seconds
372.670: [GC [PSYoungGen: 13274K->288K(13824K)] 18877K->5891K(45056K), 0.0004810 secs] [Times: user=0.01 sys=0.00, real=0.00 secs] 
372.671: Total time for which application threads were stopped: 0.0688330 seconds, Stopping threads took: 0.0682530 seconds
372.761: Application time: 0.0904660 seconds
372.814: [GC [PSYoungGen: 12395K->515K(13824K)] 17998K->6118K(45056K), 0.0004720 secs] [Times: user=0.00 sys=0.00, real=0.00 secs] 
372.815: Total time for which application threads were stopped: 0.0531460 seconds, Stopping threads took: 0.0526060 seconds
372.894: Application time: 0.0795710 seconds
372.933: [GC [PSYoungGen: 12544K->710K(13824K)] 18148K->6313K(45056K), 0.0004880 secs] [Times: user=0.01 sys=0.00, real=0.00 secs] 
372.934: Total time for which application threads were stopped: 0.0394290 seconds, Stopping threads took: 0.0388720 seconds
373.012: Application time: 0.0779940 seconds
373.054: [GC [PSYoungGen: 12935K->1085K(13824K)] 18538K->6688K(45056K), 0.0008080 secs] [Times: user=0.00 sys=0.00, real=0.01 secs] 
373.057: Total time for which application threads were stopped: 0.0456870 seconds, Stopping threads took: 0.0426800 seconds
373.139: Application time: 0.0819130 seconds
373.207: [GC [PSYoungGen: 13290K->336K(13824K)] 18893K->5939K(45056K), 0.0005550 secs] [Times: user=0.01 sys=0.00, real=0.00 secs] 
373.207: Total time for which application threads were stopped: 0.0679780 seconds, Stopping threads took: 0.0673350 seconds
373.286: Application time: 0.0788430 seconds
373.335: [GC [PSYoungGen: 12345K->1508K(13824K)] 17949K->7111K(45056K), 0.0008990 secs] [Times: user=0.01 sys=0.00, real=0.00 secs] 
373.336: Total time for which application threads were stopped: 0.0502000 seconds, Stopping threads took: 0.0492220 seconds
373.416: Application time: 0.0795510 seconds
373.457: [GC [PSYoungGen: 13713K->1442K(13824K)] 19316K->7452K(45056K), 0.0008300 secs] [Times: user=0.01 sys=0.00, real=0.00 secs] 
373.458: Total time for which application threads were stopped: 0.0417010 seconds, Stopping threads took: 0.0408020 seconds
373.540: Application time: 0.0820730 seconds
373.603: [GC [PSYoungGen: 13667K->1149K(13824K)] 19676K->7159K(45056K), 0.0006640 secs] [Times: user=0.01 sys=0.00, real=0.00 secs] 
373.604: Total time for which application threads were stopped: 0.0644370 seconds, Stopping threads took: 0.0637020 seconds
373.684: Application time: 0.0800720 seconds
373.752: [GC [PSYoungGen: 13354K->352K(13824K)] 19364K->6361K(45056K), 0.0004000 secs] [Times: user=0.01 sys=0.00, real=0.00 secs] 
373.752: Total time for which application threads were stopped: 0.0680550 seconds, Stopping threads took: 0.0675640 seconds
373.832: Application time: 0.0802080 seconds
373.873: [GC [PSYoungGen: 12459K->579K(13824K)] 18469K->6597K(45056K), 0.0005000 secs] [Times: user=0.00 sys=0.00, real=0.00 secs] 
373.873: Total time for which application threads were stopped: 0.0407600 seconds, Stopping threads took: 0.0401960 seconds
373.953: Application time: 0.0797180 seconds
374.003: [GC [PSYoungGen: 12687K->774K(13824K)] 18705K->6808K(45056K), 0.0005440 secs] [Times: user=0.01 sys=0.00, real=0.00 secs] 
374.004: Total time for which application threads were stopped: 0.0508600 seconds, Stopping threads took: 0.0502360 seconds
374.083: Application time: 0.0794910 seconds
374.124: [GC [PSYoungGen: 12686K->726K(13824K)] 18720K->6760K(45056K), 0.0004820 secs] [Times: user=0.00 sys=0.00, real=0.00 secs] 
374.125: Total time for which application threads were stopped: 0.0413210 seconds, Stopping threads took: 0.0407780 seconds
374.204: Application time: 0.0795240 seconds
374.259: [GC [PSYoungGen: 12931K->1360K(13824K)] 18965K->8207K(45056K), 0.0009030 secs] [Times: user=0.00 sys=0.00, real=0.00 secs] 
374.260: Total time for which application threads were stopped: 0.0554270 seconds, Stopping threads took: 0.0544470 seconds
374.341: Application time: 0.0819890 seconds
374.410: [GC [PSYoungGen: 13585K->288K(13824K)] 20432K->7159K(45056K), 0.0004520 secs] [Times: user=0.01 sys=0.00, real=0.00 secs] 
374.411: Total time for which application threads were stopped: 0.0693450 seconds, Stopping threads took: 0.0688290 seconds
374.491: Application time: 0.0803670 seconds
374.529: [GC [PSYoungGen: 12512K->790K(13824K)] 19384K->7661K(45056K), 0.0005000 secs] [Times: user=0.01 sys=0.00, real=0.00 secs] 
374.530: Total time for which application threads were stopped: 0.0387200 seconds, Stopping threads took: 0.0381570 seconds
374.629: Application time: 0.0994820 seconds
374.683: [GC [PSYoungGen: 12703K->710K(13824K)] 19574K->7589K(45056K), 0.0005060 secs] [Times: user=0.00 sys=0.00, real=0.00 secs] 
374.684: Total time for which application threads were stopped: 0.0543100 seconds, Stopping threads took: 0.0537220 seconds
374.766: Application time: 0.0819130 seconds
374.807: [GC [PSYoungGen: 12623K->726K(13824K)] 19502K->7621K(45056K), 0.0004970 secs] [Times: user=0.01 sys=0.00, real=0.00 secs] 
374.808: Total time for which application threads were stopped: 0.0419030 seconds, Stopping threads took: 0.0413200 seconds
374.887: Application time: 0.0790260 seconds
374.942: [GC [PSYoungGen: 12853K->1376K(13824K)] 19748K->9053K(45056K), 0.0009000 secs] [Times: user=0.01 sys=0.00, real=0.00 secs] 
374.943: Total time for which application threads were stopped: 0.0560300 seconds, Stopping threads took: 0.0550420 seconds
375.036: Application time: 0.0938090 seconds
375.105: [GC [PSYoungGen: 13581K->1296K(13824K)] 21258K->8973K(45056K), 0.0007480 secs] [Times: user=0.01 sys=0.00, real=0.00 secs] 
375.106: Total time for which application threads were stopped: 0.0695850 seconds, Stopping threads took: 0.0687440 seconds
375.188: Application time: 0.0823380 seconds
375.248: [GC [PSYoungGen: 13502K->547K(13824K)] 21178K->8231K(45056K), 0.0004380 secs] [Times: user=0.00 sys=0.00, real=0.00 secs] 
375.248: Total time for which application threads were stopped: 0.0598570 seconds, Stopping threads took: 0.0593520 seconds
375.327: Application time: 0.0789910 seconds
375.328: [GC [PSYoungGen: 12830K->1527K(13824K)] 20515K->11751K(45056K), 0.0013250 secs] [Times: user=0.00 sys=0.00, real=0.01 secs] 
375.330: Total time for which application threads were stopped: 0.0023500 seconds, Stopping threads took: 0.0009500 seconds
375.413: Application time: 0.0829120 seconds
375.484: [GC [PSYoungGen: 13654K->1037K(13824K)] 23878K->11277K(45056K), 0.0005060 secs] [Times: user=0.00 sys=0.00, real=0.00 secs] 
375.485: Total time for which application threads were stopped: 0.0724300 seconds, Stopping threads took: 0.0718510 seconds
375.567: Application time: 0.0821050 seconds
375.632: [GC [PSYoungGen: 13164K->256K(13824K)] 23405K->10496K(45056K), 0.0005360 secs] [Times: user=0.00 sys=0.00, real=0.00 secs] 
375.632: Total time for which application threads were stopped: 0.0650430 seconds, Stopping threads took: 0.0644160 seconds
375.710: Application time: 0.0778270 seconds
375.751: [GC [PSYoungGen: 12480K->1395K(13824K)] 22721K->13011K(45056K), 0.0010220 secs] [Times: user=0.01 sys=0.00, real=0.00 secs] 
375.752: Total time for which application threads were stopped: 0.0421360 seconds, Stopping threads took: 0.0410210 seconds
375.849: Application time: 0.0973550 seconds
375.921: [GC [PSYoungGen: 13601K->1427K(13824K)] 25217K->13637K(45056K), 0.0008820 secs] [Times: user=0.00 sys=0.00, real=0.00 secs] 
375.922: Total time for which application threads were stopped: 0.0721940 seconds, Stopping threads took: 0.0712250 seconds
376.005: Application time: 0.0832340 seconds
376.069: [GC [PSYoungGen: 13711K->1232K(13824K)] 25921K->13450K(45056K), 0.0005920 secs] [Times: user=0.00 sys=0.00, real=0.00 secs] 
376.069: Total time for which application threads were stopped: 0.0644220 seconds, Stopping threads took: 0.0637700 seconds
376.154: Application time: 0.0850770 seconds
376.222: [GC [PSYoungGen: 13359K->451K(13824K)] 25577K->12677K(45056K), 0.0005190 secs] [Times: user=0.00 sys=0.00, real=0.00 secs] 
376.223: Total time for which application threads were stopped: 0.0685270 seconds, Stopping threads took: 0.0679410 seconds
376.302: Application time: 0.0787340 seconds
376.339: [GC [PSYoungGen: 12656K->1410K(13824K)] 24882K->15206K(45056K), 0.0010650 secs] [Times: user=0.01 sys=0.00, real=0.00 secs] 
376.340: Total time for which application threads were stopped: 0.0384780 seconds, Stopping threads took: 0.0373470 seconds
376.423: Application time: 0.0827460 seconds
376.493: [GC [PSYoungGen: 13537K->1037K(13824K)] 27333K->14833K(45056K), 0.0007590 secs] [Times: user=0.00 sys=0.00, real=0.00 secs] 
376.494: Total time for which application threads were stopped: 0.0707210 seconds, Stopping threads took: 0.0698840 seconds
376.576: Application time: 0.0822460 seconds
376.636: [GC [PSYoungGen: 13242K->256K(13824K)] 27039K->14052K(45056K), 0.0004560 secs] [Times: user=0.00 sys=0.00, real=0.00 secs] 
376.636: Total time for which application threads were stopped: 0.0602770 seconds, Stopping threads took: 0.0597530 seconds
376.715: Application time: 0.0790390 seconds
376.753: [GC [PSYoungGen: 12363K->499K(13824K)] 26160K->14311K(45056K), 0.0004440 secs] [Times: user=0.00 sys=0.00, real=0.00 secs] 
376.754: Total time for which application threads were stopped: 0.0387260 seconds, Stopping threads took: 0.0382190 seconds
376.833: Application time: 0.0788070 seconds
376.874: [GC [PSYoungGen: 12528K->694K(13824K)] 26341K->14515K(45056K), 0.0005100 secs] [Times: user=0.00 sys=0.00, real=0.00 secs] 
376.875: Total time for which application threads were stopped: 0.0420600 seconds, Stopping threads took: 0.0414840 seconds
376.953: Application time: 0.0777800 seconds
376.994: [GC [PSYoungGen: 12900K->1344K(13824K)] 26720K->15946K(45056K), 0.0008100 secs] [Times: user=0.00 sys=0.00, real=0.00 secs] 
376.995: Total time for which application threads were stopped: 0.0424650 seconds, Stopping threads took: 0.0415810 seconds
377.091: Application time: 0.0963500 seconds
377.158: [GC [PSYoungGen: 13550K->1360K(13824K)] 28151K->15970K(45056K), 0.0006090 secs] [Times: user=0.00 sys=0.00, real=0.00 secs] 
377.159: Total time for which application threads were stopped: 0.0673280 seconds, Stopping threads took: 0.0666560 seconds
377.255: Application time: 0.0962410 seconds
377.322: [GC [PSYoungGen: 13566K->563K(13824K)] 28175K->15181K(45056K), 0.0006140 secs] [Times: user=0.01 sys=0.00, real=0.00 secs] 
377.323: Total time for which application threads were stopped: 0.0677430 seconds, Stopping threads took: 0.0670410 seconds
377.402: Application time: 0.0795930 seconds
377.445: [GC [PSYoungGen: 12690K->1524K(13824K)] 27308K->16540K(45056K), 0.0008080 secs] [Times: user=0.00 sys=0.00, real=0.00 secs] 
377.446: Total time for which application threads were stopped: 0.0435250 seconds, Stopping threads took: 0.0426260 seconds
377.539: Application time: 0.0930320 seconds
377.611: [GC [PSYoungGen: 13651K->1165K(13824K)] 28667K->16181K(45056K), 0.0008200 secs] [Times: user=0.00 sys=0.00, real=0.00 secs] 
377.612: Total time for which application threads were stopped: 0.0733240 seconds, Stopping threads took: 0.0724150 seconds
377.694: Application time: 0.0816970 seconds
377.749: [GC [PSYoungGen: 13370K->304K(13824K)] 28387K->15320K(45056K), 0.0004170 secs] [Times: user=0.00 sys=0.00, real=0.00 secs] 
377.750: Total time for which application threads were stopped: 0.0558210 seconds, Stopping threads took: 0.0553270 seconds
377.828: Application time: 0.0780480 seconds
377.871: [GC [PSYoungGen: 12392K->1360K(13824K)] 27408K->16572K(45056K), 0.0007060 secs] [Times: user=0.00 sys=0.00, real=0.00 secs] 
377.871: Total time for which application threads were stopped: 0.0437070 seconds, Stopping threads took: 0.0429310 seconds
377.955: Application time: 0.0838490 seconds
378.019: [GC [PSYoungGen: 13565K->758K(13824K)] 28777K->15978K(45056K), 0.0005010 secs] [Times: user=0.00 sys=0.00, real=0.00 secs] 
378.019: Total time for which application threads were stopped: 0.0640720 seconds, Stopping threads took: 0.0635070 seconds
378.099: Application time: 0.0792700 seconds
378.141: [GC [PSYoungGen: 12983K->1165K(13824K)] 28203K->16401K(45056K), 0.0005870 secs] [Times: user=0.01 sys=0.00, real=0.00 secs] 
378.142: Total time for which application threads were stopped: 0.0436570 seconds, Stopping threads took: 0.0420040 seconds
378.223: Application time: 0.0807880 seconds
378.290: [GC [PSYoungGen: 13292K->336K(13824K)] 28528K->15571K(45056K), 0.0004380 secs] [Times: user=0.00 sys=0.00, real=0.00 secs] 
378.290: Total time for which application threads were stopped: 0.0672180 seconds, Stopping threads took: 0.0666970 seconds
378.370: Application time: 0.0792210 seconds
378.422: [GC [PSYoungGen: 12521K->563K(13824K)] 27757K->15807K(45056K), 0.0005400 secs] [Times: user=0.01 sys=0.00, real=0.00 secs] 
378.423: Total time for which application threads were stopped: 0.0535250 seconds, Stopping threads took: 0.0529150 seconds
378.502: Application time: 0.0788050 seconds
378.544: [GC [PSYoungGen: 12592K->774K(13824K)] 27836K->16018K(45056K), 0.0004770 secs] [Times: user=0.00 sys=0.01, real=0.00 secs] 
378.544: Total time for which application threads were stopped: 0.0421330 seconds, Stopping threads took: 0.0415900 seconds
378.623: Application time: 0.0790970 seconds
378.624: [GC [PSYoungGen: 12999K->1525K(13824K)] 28243K->19636K(45056K), 0.0014600 secs] [Times: user=0.01 sys=0.00, real=0.00 secs] 
378.626: Total time for which application threads were stopped: 0.0024410 seconds, Stopping threads took: 0.0009090 seconds
378.706: Application time: 0.0805130 seconds
378.753: Total time for which application threads were stopped: 0.0470600 seconds, Stopping threads took: 0.0470060 seconds
378.754: Application time: 0.0005900 seconds
378.791: [GC [PSYoungGen: 13654K->1411K(13824K)] 31765K->21491K(45056K), 0.0011670 secs] [Times: user=0.01 sys=0.00, real=0.00 secs] 
378.793: Total time for which application threads were stopped: 0.0388470 seconds, Stopping threads took: 0.0376030 seconds
378.907: Application time: 0.1147130 seconds
378.943: [GC [PSYoungGen: 13534K->451K(13824K)] 33614K->20530K(45056K), 0.0004850 secs] [Times: user=0.00 sys=0.00, real=0.00 secs] 
378.943: Total time for which application threads were stopped: 0.0361530 seconds, Stopping threads took: 0.0356040 seconds
379.020: Application time: 0.0761720 seconds
379.057: Total time for which application threads were stopped: 0.0377480 seconds, Stopping threads took: 0.0377010 seconds
379.058: Application time: 0.0003250 seconds
379.058: [GC [PSYoungGen: 12658K->1427K(13824K)] 32738K->21906K(45056K), 0.0009580 secs] [Times: user=0.00 sys=0.00, real=0.00 secs] 
379.059: Total time for which application threads were stopped: 0.0012270 seconds, Stopping threads took: 0.0002120 seconds
379.059: Application time: 0.0002070 seconds
379.059: Total time for which application threads were stopped: 0.0003250 seconds, Stopping threads took: 0.0003120 seconds
379.135: Application time: 0.0751010 seconds
379.138: Total time for which application threads were stopped: 0.0035320 seconds, Stopping threads took: 0.0034920 seconds
379.217: Application time: 0.0788770 seconds
379.220: [GC [PSYoungGen: 13620K->1005K(13824K)] 34098K->21491K(45056K), 0.0005560 secs] [Times: user=0.00 sys=0.00, real=0.00 secs] 
379.221: Total time for which application threads were stopped: 0.0036220 seconds, Stopping threads took: 0.0030100 seconds
379.273: Application time: 0.0528510 seconds
379.311: Total time for which application threads were stopped: 0.0376840 seconds, Stopping threads took: 0.0376570 seconds
379.311: Application time: 0.0001910 seconds
379.311: Total time for which application threads were stopped: 0.0000300 seconds, Stopping threads took: 0.0000210 seconds
379.483: Application time: 0.1714880 seconds
379.483: [GC [PSYoungGen: 13293K->1513K(13824K)] 33779K->22727K(45056K), 0.0011710 secs] [Times: user=0.01 sys=0.00, real=0.00 secs] 
379.484: Total time for which application threads were stopped: 0.0012590 seconds, Stopping threads took: 0.0000140 seconds
379.484: Application time: 0.0000490 seconds
379.484: Total time for which application threads were stopped: 0.0000610 seconds, Stopping threads took: 0.0000480 seconds
379.484: Application time: 0.0000440 seconds
379.484: Total time for which application threads were stopped: 0.0000410 seconds, Stopping threads took: 0.0000330 seconds
379.484: Application time: 0.0000340 seconds
379.484: Total time for which application threads were stopped: 0.0000200 seconds, Stopping threads took: 0.0000120 seconds
379.484: Application time: 0.0000190 seconds
379.484: Total time for which application threads were stopped: 0.0000140 seconds, Stopping threads took: 0.0000070 seconds
379.484: Application time: 0.0000130 seconds
379.484: Total time for which application threads were stopped: 0.0000120 seconds, Stopping threads took: 0.0000060 seconds
379.484: Application time: 0.0000110 seconds
379.484: Total time for which application threads were stopped: 0.0000180 seconds, Stopping threads took: 0.0000120 seconds
379.484: Application time: 0.0000100 seconds
379.484: Total time for which application threads were stopped: 0.0000180 seconds, Stopping threads took: 0.0000140 seconds
379.485: Application time: 0.0000100 seconds
379.485: Total time for which application threads were stopped: 0.0000200 seconds, Stopping threads took: 0.0000140 seconds
379.485: Application time: 0.0000100 seconds
379.485: Total time for which application threads were stopped: 0.0000260 seconds, Stopping threads took: 0.0000210 seconds
379.485: Application time: 0.0000100 seconds
379.485: Total time for which application threads were stopped: 0.0000170 seconds, Stopping threads took: 0.0000120 seconds
379.485: Application time: 0.0000100 seconds
379.485: Total time for which application threads were stopped: 0.0000160 seconds, Stopping threads took: 0.0000120 seconds
379.485: Application time: 0.0000090 seconds
379.485: Total time for which application threads were stopped: 0.0000080 seconds, Stopping threads took: 0.0000040 seconds
379.485: Application time: 0.0000080 seconds
379.485: Total time for which application threads were stopped: 0.0000140 seconds, Stopping threads took: 0.0000100 seconds
379.485: Application time: 0.0000090 seconds
379.485: Total time for which application threads were stopped: 0.0000070 seconds, Stopping threads took: 0.0000040 seconds
379.485: Application time: 0.0000090 seconds
379.485: Total time for which application threads were stopped: 0.0000130 seconds, Stopping threads took: 0.0000100 seconds
379.485: Application time: 0.0000080 seconds
379.485: Total time for which application threads were stopped: 0.0000110 seconds, Stopping threads took: 0.0000080 seconds
379.485: Application time: 0.0000090 seconds
379.485: Total time for which application threads were stopped: 0.0000130 seconds, Stopping threads took: 0.0000090 seconds
379.485: Application time: 0.0000090 seconds
379.485: Total time for which application threads were stopped: 0.0000070 seconds, Stopping threads took: 0.0000030 seconds
379.485: Application time: 0.0000090 seconds
379.485: Total time for which application threads were stopped: 0.0000140 seconds, Stopping threads took: 0.0000100 seconds
379.485: Application time: 0.0000080 seconds
379.485: Total time for which application threads were stopped: 0.0000200 seconds, Stopping threads took: 0.0000070 seconds
379.652: Application time: 0.1669510 seconds
379.652: [GC [PSYoungGen: 12472K->1509K(13824K)] 33686K->25443K(45056K), 0.0028970 secs] [Times: user=0.01 sys=0.00, real=0.00 secs] 
379.655: Total time for which application threads were stopped: 0.0030070 seconds, Stopping threads took: 0.0000160 seconds
379.655: Application time: 0.0001160 seconds
379.655: Total time for which application threads were stopped: 0.0002380 seconds, Stopping threads took: 0.0002130 seconds
379.655: Application time: 0.0000230 seconds
379.655: Total time for which application threads were stopped: 0.0000410 seconds, Stopping threads took: 0.0000310 seconds
379.655: Application time: 0.0000210 seconds
379.655: Total time for which application threads were stopped: 0.0000290 seconds, Stopping threads took: 0.0000150 seconds
379.655: Application time: 0.0000150 seconds
379.655: Total time for which application threads were stopped: 0.0000290 seconds, Stopping threads took: 0.0000210 seconds
379.655: Application time: 0.0000130 seconds
379.655: Total time for which application threads were stopped: 0.0000280 seconds, Stopping threads took: 0.0000200 seconds
379.655: Application time: 0.0000140 seconds
379.655: Total time for which application threads were stopped: 0.0000210 seconds, Stopping threads took: 0.0000140 seconds
379.655: Application time: 0.0000200 seconds
379.655: Total time for which application threads were stopped: 0.0000310 seconds, Stopping threads took: 0.0000200 seconds
379.655: Application time: 0.0000140 seconds
379.655: Total time for which application threads were stopped: 0.0000290 seconds, Stopping threads took: 0.0000210 seconds
379.655: Application time: 0.0000130 seconds
379.656: Total time for which application threads were stopped: 0.0000250 seconds, Stopping threads took: 0.0000170 seconds
379.656: Application time: 0.0000120 seconds
379.656: Total time for which application threads were stopped: 0.0000130 seconds, Stopping threads took: 0.0000070 seconds
379.656: Application time: 0.0000120 seconds
379.656: Total time for which application threads were stopped: 0.0000130 seconds, Stopping threads took: 0.0000070 seconds
379.656: Application time: 0.0000130 seconds
379.656: Total time for which application threads were stopped: 0.0000190 seconds, Stopping threads took: 0.0000120 seconds
379.656: Application time: 0.0000130 seconds
379.656: Total time for which application threads were stopped: 0.0000130 seconds, Stopping threads took: 0.0000060 seconds
379.656: Application time: 0.0000140 seconds
379.656: Total time for which application threads were stopped: 0.0000200 seconds, Stopping threads took: 0.0000120 seconds
379.656: Application time: 0.0000140 seconds
379.656: Total time for which application threads were stopped: 0.0000130 seconds, Stopping threads took: 0.0000070 seconds
379.656: Application time: 0.0000130 seconds
379.656: Total time for which application threads were stopped: 0.0000190 seconds, Stopping threads took: 0.0000120 seconds
379.656: Application time: 0.0000140 seconds
379.656: Total time for which application threads were stopped: 0.0000140 seconds, Stopping threads took: 0.0000070 seconds
379.656: Application time: 0.0000140 seconds
379.656: Total time for which application threads were stopped: 0.0000210 seconds, Stopping threads took: 0.0000140 seconds
379.656: Application time: 0.0000130 seconds
379.656: Total time for which application threads were stopped: 0.0000190 seconds, Stopping threads took: 0.0000120 seconds
379.656: Application time: 0.0000120 seconds
379.656: Total time for which application threads were stopped: 0.0000290 seconds, Stopping threads took: 0.0000120 seconds
379.656: Application time: 0.0003480 seconds
379.656: Total time for which application threads were stopped: 0.0000260 seconds, Stopping threads took: 0.0000080 seconds
379.656: Application time: 0.0000320 seconds
379.656: Total time for which application threads were stopped: 0.0000220 seconds, Stopping threads took: 0.0000070 seconds
379.656: Application time: 0.0000700 seconds
379.656: Total time for which application threads were stopped: 0.0000360 seconds, Stopping threads took: 0.0000070 seconds
379.820: Application time: 0.1632850 seconds
379.820: [GC [PSYoungGen: 13797K->1509K(13824K)] 37731K->26973K(45056K), 0.0018120 secs] [Times: user=0.02 sys=0.00, real=0.00 secs] 
379.822: Total time for which application threads were stopped: 0.0019340 seconds, Stopping threads took: 0.0000150 seconds
379.822: Application time: 0.0000710 seconds
379.822: Total time for which application threads were stopped: 0.0000430 seconds, Stopping threads took: 0.0000220 seconds
379.822: Application time: 0.0000260 seconds
379.822: Total time for which application threads were stopped: 0.0000170 seconds, Stopping threads took: 0.0000070 seconds
379.962: Application time: 0.1402830 seconds
379.962: [GC [PSYoungGen: 13797K->1522K(13824K)] 39261K->27328K(45056K), 0.0016230 secs] [Times: user=0.01 sys=0.00, real=0.00 secs] 
379.964: Total time for which application threads were stopped: 0.0017140 seconds, Stopping threads took: 0.0000110 seconds
379.964: Application time: 0.0000700 seconds
379.964: Total time for which application threads were stopped: 0.0000330 seconds, Stopping threads took: 0.0000170 seconds
379.964: Application time: 0.0000410 seconds
379.964: Total time for which application threads were stopped: 0.0000220 seconds, Stopping threads took: 0.0000120 seconds
379.964: Application time: 0.0000370 seconds
379.964: Total time for which application threads were stopped: 0.0000180 seconds, Stopping threads took: 0.0000070 seconds
379.964: Application time: 0.0000200 seconds
379.964: Total time for which application threads were stopped: 0.0000180 seconds, Stopping threads took: 0.0000060 seconds
379.986: Application time: 0.0215920 seconds
379.986: Total time for which application threads were stopped: 0.0000310 seconds, Stopping threads took: 0.0000150 seconds
Heap
 PSYoungGen      total 13824K, used 3758K [0x00000000ff080000, 0x00000000fff80000, 0x0000000100000000)
  eden space 12288K, 18% used [0x00000000ff080000,0x00000000ff2aed58,0x00000000ffc80000)
  from space 1536K, 99% used [0x00000000ffe00000,0x00000000fff7cbd0,0x00000000fff80000)
  to   space 1536K, 0% used [0x00000000ffc80000,0x00000000ffc80000,0x00000000ffe00000)
 ParOldGen       total 31232K, used 25806K [0x00000000fd200000, 0x00000000ff080000, 0x00000000ff080000)
  object space 31232K, 82% used [0x00000000fd200000,0x00000000feb33828,0x00000000ff080000)
 PSPermGen       total 21504K, used 12865K [0x00000000f8000000, 0x00000000f9500000, 0x00000000fd200000)
  object space 21504K, 59% used [0x00000000f8000000,0x00000000f8c905a0,0x00000000f9500000)
379.986: Application time: 0.0001690 seconds
