Java HotSpot(TM) 64-Bit Server VM (24.80-b11) for linux-amd64 JRE (1.7.0_80-b15), built on Apr 10 2015 19:53:14 by "java_re" with gcc 4.3.0 20080428 (Red Hat 4.3.0-8)
Memory: 4k page, physical 8000092k(5580808k free), swap 8218620k(8218620k free)
CommandLine flags: -XX:+CMSParallelRemarkEnabled -XX:InitialHeapSize=341052416 -XX:MaxHeapSize=341052416 -XX:+PrintGC -XX:+PrintGCApplicationConcurrentTime -XX:+PrintGCApplicationStoppedTime -XX:+PrintGCDetails -XX:+PrintGCTimeStamps -XX:-UseAdaptiveSizePolicy -XX:+UseCompressedOops -XX:+UseParallelGC 
1.011: Application time: 0.9839790 seconds
1.011: Total time for which application threads were stopped: 0.0000450 seconds, Stopping threads took: 0.0000100 seconds
4.033: Application time: 3.0214280 seconds
4.033: Total time for which application threads were stopped: 0.0000670 seconds, Stopping threads took: 0.0000110 seconds
15.290: Application time: 11.2576180 seconds
15.290: Total time for which application threads were stopped: 0.0000230 seconds, Stopping threads took: 0.0000080 seconds
15.290: Application time: 0.0000630 seconds
15.290: Total time for which application threads were stopped: 0.0000230 seconds, Stopping threads took: 0.0000080 seconds
15.292: Application time: 0.0014990 seconds
15.292: Total time for which application threads were stopped: 0.0000240 seconds, Stopping threads took: 0.0000180 seconds
15.311: Application time: 0.0191450 seconds
15.311: Total time for which application threads were stopped: 0.0000390 seconds, Stopping threads took: 0.0000100 seconds
15.325: Application time: 0.0140750 seconds
15.325: [GC [PSYoungGen: 13395K->3353K(97280K)] 13395K->3361K(319488K), 0.0022610 secs] [Times: user=0.01 sys=0.00, real=0.01 secs] 
15.327: [Full GC [PSYoungGen: 3353K->0K(97280K)] [ParOldGen: 8K->3145K(222208K)] 3361K->3145K(319488K) [PSPermGen: 5075K->5074K(21504K)], 0.0113120 secs] [Times: user=0.02 sys=0.02, real=0.01 secs] 
15.339: Total time for which application threads were stopped: 0.0137010 seconds, Stopping threads took: 0.0000170 seconds
15.339: Application time: 0.0000300 seconds
15.339: [GC [PSYoungGen: 0K->0K(97280K)] 3145K->3145K(319488K), 0.0003010 secs] [Times: user=0.00 sys=0.00, real=0.00 secs] 
15.339: [Full GC [PSYoungGen: 0K->0K(97280K)] [ParOldGen: 3145K->3145K(222208K)] 3145K->3145K(319488K) [PSPermGen: 5074K->5074K(21504K)], 0.0040620 secs] [Times: user=0.01 sys=0.00, real=0.00 secs] 
15.343: Total time for which application threads were stopped: 0.0044520 seconds, Stopping threads took: 0.0000120 seconds
15.343: Application time: 0.0000760 seconds
15.343: Total time for which application threads were stopped: 0.0000260 seconds, Stopping threads took: 0.0000180 seconds
15.343: Application time: 0.0000230 seconds
15.343: Total time for which application threads were stopped: 0.0000170 seconds, Stopping threads took: 0.0000140 seconds
15.343: Application time: 0.0000100 seconds
15.343: Total time for which application threads were stopped: 0.0000120 seconds, Stopping threads took: 0.0000090 seconds
15.343: Application time: 0.0000100 seconds
15.343: Total time for which application threads were stopped: 0.0000130 seconds, Stopping threads took: 0.0000100 seconds
15.344: Application time: 0.0000090 seconds
15.344: Total time for which application threads were stopped: 0.0000140 seconds, Stopping threads took: 0.0000110 seconds
15.344: Application time: 0.0000090 seconds
15.344: Total time for which application threads were stopped: 0.0000160 seconds, Stopping threads took: 0.0000130 seconds
15.344: Application time: 0.0000090 seconds
15.344: Total time for which application threads were stopped: 0.0000070 seconds, Stopping threads took: 0.0000030 seconds
15.344: Application time: 0.0000300 seconds
15.344: Total time for which application threads were stopped: 0.0000180 seconds, Stopping threads took: 0.0000150 seconds
15.344: Application time: 0.0000120 seconds
15.344: Total time for which application threads were stopped: 0.0000120 seconds, Stopping threads took: 0.0000090 seconds
15.344: Application time: 0.0000120 seconds
15.344: Total time for which application threads were stopped: 0.0000140 seconds, Stopping threads took: 0.0000100 seconds
15.344: Application time: 0.0000120 seconds
15.344: Total time for which application threads were stopped: 0.0000170 seconds, Stopping threads took: 0.0000140 seconds
15.344: Application time: 0.0000120 seconds
15.344: Total time for which application threads were stopped: 0.0000120 seconds, Stopping threads took: 0.0000090 seconds
15.344: Application time: 0.0000110 seconds
15.344: Total time for which application threads were stopped: 0.0000240 seconds, Stopping threads took: 0.0000210 seconds
15.344: Application time: 0.0000100 seconds
15.344: Total time for which application threads were stopped: 0.0000120 seconds, Stopping threads took: 0.0000090 seconds
15.344: Application time: 0.0001910 seconds
15.344: Total time for which application threads were stopped: 0.0000250 seconds, Stopping threads took: 0.0000210 seconds
15.344: Application time: 0.0000130 seconds
15.344: Total time for which application threads were stopped: 0.0000140 seconds, Stopping threads took: 0.0000110 seconds
15.344: Application time: 0.0000100 seconds
15.344: Total time for which application threads were stopped: 0.0000110 seconds, Stopping threads took: 0.0000080 seconds
15.344: Application time: 0.0000120 seconds
15.344: Total time for which application threads were stopped: 0.0000120 seconds, Stopping threads took: 0.0000090 seconds
15.344: Application time: 0.0000100 seconds
15.344: Total time for which application threads were stopped: 0.0000070 seconds, Stopping threads took: 0.0000040 seconds
15.344: Application time: 0.0000110 seconds
15.344: Total time for which application threads were stopped: 0.0000150 seconds, Stopping threads took: 0.0000030 seconds
15.344: Application time: 0.0002440 seconds
15.344: Total time for which application threads were stopped: 0.0000120 seconds, Stopping threads took: 0.0000060 seconds
15.346: Application time: 0.0019540 seconds
15.346: Total time for which application threads were stopped: 0.0000250 seconds, Stopping threads took: 0.0000190 seconds
15.346: Application time: 0.0001000 seconds
15.347: Total time for which application threads were stopped: 0.0000610 seconds, Stopping threads took: 0.0000510 seconds
15.347: Application time: 0.0006600 seconds
15.347: Total time for which application threads were stopped: 0.0000530 seconds, Stopping threads took: 0.0000410 seconds
15.354: Application time: 0.0070620 seconds
15.354: Total time for which application threads were stopped: 0.0001850 seconds, Stopping threads took: 0.0001640 seconds
15.457: Application time: 0.1023090 seconds
15.459: [GC [PSYoungGen: 83456K->7008K(97280K)] 86601K->10153K(319488K), 0.0018440 secs] [Times: user=0.01 sys=0.00, real=0.00 secs] 
15.461: Total time for which application threads were stopped: 0.0039050 seconds, Stopping threads took: 0.0019600 seconds
15.461: Application time: 0.0003190 seconds
15.463: Total time for which application threads were stopped: 0.0018450 seconds, Stopping threads took: 0.0018170 seconds
15.463: Application time: 0.0000240 seconds
15.463: Total time for which application threads were stopped: 0.0002130 seconds, Stopping threads took: 0.0002050 seconds
15.463: Application time: 0.0000310 seconds
15.463: Total time for which application threads were stopped: 0.0001290 seconds, Stopping threads took: 0.0001220 seconds
15.463: Application time: 0.0000360 seconds
15.463: Total time for which application threads were stopped: 0.0001790 seconds, Stopping threads took: 0.0001710 seconds
15.464: Application time: 0.0000400 seconds
15.464: Total time for which application threads were stopped: 0.0001360 seconds, Stopping threads took: 0.0001260 seconds
15.464: Application time: 0.0000320 seconds
15.465: Total time for which application threads were stopped: 0.0014130 seconds, Stopping threads took: 0.0014070 seconds
15.465: Application time: 0.0000150 seconds
15.465: Total time for which application threads were stopped: 0.0000200 seconds, Stopping threads took: 0.0000150 seconds
15.465: Application time: 0.0000100 seconds
15.465: Total time for which application threads were stopped: 0.0000080 seconds, Stopping threads took: 0.0000040 seconds
15.465: Application time: 0.0000100 seconds
15.465: Total time for which application threads were stopped: 0.0000060 seconds, Stopping threads took: 0.0000020 seconds
15.465: Application time: 0.0000080 seconds
15.465: Total time for which application threads were stopped: 0.0000310 seconds, Stopping threads took: 0.0000270 seconds
15.465: Application time: 0.0000080 seconds
15.465: Total time for which application threads were stopped: 0.0000070 seconds, Stopping threads took: 0.0000020 seconds
15.465: Application time: 0.0000100 seconds
15.465: Total time for which application threads were stopped: 0.0000160 seconds, Stopping threads took: 0.0000120 seconds
15.539: Application time: 0.0732900 seconds
15.540: [GC [PSYoungGen: 90464K->8144K(97280K)] 93609K->11289K(319488K), 0.0018610 secs] [Times: user=0.01 sys=0.01, real=0.00 secs] 
15.542: Total time for which application threads were stopped: 0.0035500 seconds, Stopping threads took: 0.0016090 seconds
15.615: Application time: 0.0726710 seconds
15.617: [GC [PSYoungGen: 91600K->7920K(97280K)] 94745K->11065K(319488K), 0.0022770 secs] [Times: user=0.01 sys=0.00, real=0.00 secs] 
15.619: Total time for which application threads were stopped: 0.0041340 seconds, Stopping threads took: 0.0017820 seconds
15.694: Application time: 0.0754610 seconds
15.697: [GC [PSYoungGen: 91376K->8208K(97280K)] 94521K->11353K(319488K), 0.0023930 secs] [Times: user=0.01 sys=0.00, real=0.00 secs] 
15.700: Total time for which application threads were stopped: 0.0053430 seconds, Stopping threads took: 0.0028680 seconds
15.774: Application time: 0.0746220 seconds
15.777: [GC [PSYoungGen: 91664K->6624K(97280K)] 94809K->9769K(319488K), 0.0020180 secs] [Times: user=0.01 sys=0.01, real=0.00 secs] 
15.779: Total time for which application threads were stopped: 0.0042930 seconds, Stopping threads took: 0.0021930 seconds
15.855: Application time: 0.0760930 seconds
15.858: [GC [PSYoungGen: 90080K->7888K(97280K)] 93225K->11033K(319488K), 0.0022970 secs] [Times: user=0.02 sys=0.00, real=0.00 secs] 
15.860: Total time for which application threads were stopped: 0.0051260 seconds, Stopping threads took: 0.0027420 seconds
15.933: Application time: 0.0733690 seconds
15.935: [GC [PSYoungGen: 91344K->7904K(97280K)] 94489K->11049K(319488K), 0.0022680 secs] [Times: user=0.01 sys=0.00, real=0.00 secs] 
15.938: Total time for which application threads were stopped: 0.0045270 seconds, Stopping threads took: 0.0021770 seconds
16.013: Application time: 0.0749840 seconds
16.016: [GC [PSYoungGen: 91360K->6544K(97280K)] 94505K->9689K(319488K), 0.0021040 secs] [Times: user=0.01 sys=0.00, real=0.00 secs] 
16.018: Total time for which application threads were stopped: 0.0051060 seconds, Stopping threads took: 0.0029210 seconds
16.100: Application time: 0.0816460 seconds
16.102: [GC [PSYoungGen: 90000K->8000K(97280K)] 93145K->11145K(319488K), 0.0022980 secs] [Times: user=0.02 sys=0.00, real=0.00 secs] 
16.104: Total time for which application threads were stopped: 0.0046210 seconds, Stopping threads took: 0.0022390 seconds
16.185: Application time: 0.0804930 seconds
16.186: [GC [PSYoungGen: 91456K->7616K(97280K)] 94601K->10761K(319488K), 0.0021950 secs] [Times: user=0.02 sys=0.00, real=0.01 secs] 
16.188: Total time for which application threads were stopped: 0.0036380 seconds, Stopping threads took: 0.0013670 seconds
16.262: Application time: 0.0741110 seconds
16.264: [GC [PSYoungGen: 91072K->8064K(97280K)] 94217K->11209K(319488K), 0.0023490 secs] [Times: user=0.02 sys=0.00, real=0.00 secs] 
16.267: Total time for which application threads were stopped: 0.0043860 seconds, Stopping threads took: 0.0019600 seconds
16.342: Application time: 0.0754400 seconds
16.344: [GC [PSYoungGen: 91520K->6784K(97280K)] 94665K->9929K(319488K), 0.0020410 secs] [Times: user=0.01 sys=0.00, real=0.00 secs] 
16.346: Total time for which application threads were stopped: 0.0040360 seconds, Stopping threads took: 0.0019170 seconds
16.423: Application time: 0.0763950 seconds
16.425: [GC [PSYoungGen: 90240K->6880K(97280K)] 93385K->10025K(319488K), 0.0020890 secs] [Times: user=0.02 sys=0.00, real=0.01 secs] 
16.427: Total time for which application threads were stopped: 0.0047180 seconds, Stopping threads took: 0.0025440 seconds
16.504: Application time: 0.0768130 seconds
16.506: [GC [PSYoungGen: 90336K->8048K(97280K)] 93481K->11193K(319488K), 0.0023090 secs] [Times: user=0.01 sys=0.00, real=0.01 secs] 
16.509: Total time for which application threads were stopped: 0.0045550 seconds, Stopping threads took: 0.0021700 seconds
16.586: Application time: 0.0771720 seconds
16.587: [GC [PSYoungGen: 91504K->7536K(97280K)] 94649K->10681K(319488K), 0.0021090 secs] [Times: user=0.01 sys=0.00, real=0.00 secs] 
16.590: Total time for which application threads were stopped: 0.0035830 seconds, Stopping threads took: 0.0013970 seconds
16.664: Application time: 0.0748250 seconds
16.666: [GC [PSYoungGen: 90992K->7840K(97280K)] 94137K->11049K(319488K), 0.0022310 secs] [Times: user=0.02 sys=0.00, real=0.01 secs] 
16.668: Total time for which application threads were stopped: 0.0039280 seconds, Stopping threads took: 0.0016200 seconds
16.742: Application time: 0.0738630 seconds
16.744: [GC [PSYoungGen: 91296K->5856K(97280K)] 94505K->9073K(319488K), 0.0017240 secs] [Times: user=0.01 sys=0.01, real=0.00 secs] 
16.746: Total time for which application threads were stopped: 0.0040110 seconds, Stopping threads took: 0.0022090 seconds
16.821: Application time: 0.0745730 seconds
16.823: [GC [PSYoungGen: 89312K->7344K(97280K)] 92529K->10561K(319488K), 0.0021000 secs] [Times: user=0.01 sys=0.00, real=0.00 secs] 
16.825: Total time for which application threads were stopped: 0.0040850 seconds, Stopping threads took: 0.0019040 seconds
16.902: Application time: 0.0774510 seconds
16.904: [GC [PSYoungGen: 90800K->6688K(97280K)] 94017K->9905K(319488K), 0.0019020 secs] [Times: user=0.01 sys=0.00, real=0.00 secs] 
16.906: Total time for which application threads were stopped: 0.0041720 seconds, Stopping threads took: 0.0022020 seconds
16.980: Application time: 0.0737450 seconds
16.982: [GC [PSYoungGen: 90144K->8112K(97280K)] 93361K->11329K(319488K), 0.0023270 secs] [Times: user=0.02 sys=0.00, real=0.00 secs] 
16.985: Total time for which application threads were stopped: 0.0044400 seconds, Stopping threads took: 0.0020240 seconds
17.062: Application time: 0.0777130 seconds
17.065: [GC [PSYoungGen: 91566K->7056K(97280K)] 94784K->10273K(319488K), 0.0020460 secs] [Times: user=0.01 sys=0.00, real=0.00 secs] 
17.067: Total time for which application threads were stopped: 0.0043720 seconds, Stopping threads took: 0.0022430 seconds
17.146: Application time: 0.0789600 seconds
17.147: [GC [PSYoungGen: 90512K->7360K(97280K)] 93729K->10617K(319488K), 0.0021220 secs] [Times: user=0.02 sys=0.00, real=0.00 secs] 
17.150: Total time for which application threads were stopped: 0.0038330 seconds, Stopping threads took: 0.0016330 seconds
17.229: Application time: 0.0791000 seconds
17.231: [GC [PSYoungGen: 90816K->8112K(97280K)] 94073K->11393K(319488K), 0.0023660 secs] [Times: user=0.01 sys=0.00, real=0.00 secs] 
17.234: Total time for which application threads were stopped: 0.0050030 seconds, Stopping threads took: 0.0025600 seconds
17.313: Application time: 0.0798730 seconds
17.316: [GC [PSYoungGen: 91568K->7824K(97280K)] 94849K->11105K(319488K), 0.0022540 secs] [Times: user=0.01 sys=0.00, real=0.00 secs] 
17.319: Total time for which application threads were stopped: 0.0051510 seconds, Stopping threads took: 0.0028150 seconds
17.399: Application time: 0.0799120 seconds
17.401: [GC [PSYoungGen: 91280K->7008K(97280K)] 94561K->10289K(319488K), 0.0020940 secs] [Times: user=0.02 sys=0.00, real=0.00 secs] 
17.403: Total time for which application threads were stopped: 0.0044550 seconds, Stopping threads took: 0.0022760 seconds
17.482: Application time: 0.0791740 seconds
17.485: [GC [PSYoungGen: 90464K->7360K(97280K)] 93745K->10641K(319488K), 0.0021000 secs] [Times: user=0.01 sys=0.00, real=0.01 secs] 
17.487: Total time for which application threads were stopped: 0.0048790 seconds, Stopping threads took: 0.0026790 seconds
17.568: Application time: 0.0804660 seconds
17.570: [GC [PSYoungGen: 90816K->7152K(97280K)] 94097K->10441K(319488K), 0.0020990 secs] [Times: user=0.02 sys=0.00, real=0.00 secs] 
17.572: Total time for which application threads were stopped: 0.0049180 seconds, Stopping threads took: 0.0027360 seconds
17.651: Application time: 0.0789540 seconds
17.654: [GC [PSYoungGen: 90608K->8176K(97280K)] 93897K->11473K(319488K), 0.0022860 secs] [Times: user=0.01 sys=0.00, real=0.01 secs] 
17.656: Total time for which application threads were stopped: 0.0045240 seconds, Stopping threads took: 0.0021530 seconds
17.738: Application time: 0.0816570 seconds
17.740: [GC [PSYoungGen: 91632K->7584K(97280K)] 94929K->10881K(319488K), 0.0021960 secs] [Times: user=0.01 sys=0.00, real=0.00 secs] 
17.742: Total time for which application threads were stopped: 0.0044230 seconds, Stopping threads took: 0.0021430 seconds
17.820: Application time: 0.0779550 seconds
17.822: [GC [PSYoungGen: 91040K->7120K(97280K)] 94337K->10417K(319488K), 0.0020730 secs] [Times: user=0.01 sys=0.00, real=0.00 secs] 
17.824: Total time for which application threads were stopped: 0.0042280 seconds, Stopping threads took: 0.0020740 seconds
17.904: Application time: 0.0800190 seconds
17.906: [GC [PSYoungGen: 90576K->7376K(97280K)] 93873K->10673K(319488K), 0.0021010 secs] [Times: user=0.01 sys=0.00, real=0.01 secs] 
17.908: Total time for which application threads were stopped: 0.0034390 seconds, Stopping threads took: 0.0012610 seconds
17.990: Application time: 0.0818960 seconds
17.995: [GC [PSYoungGen: 90832K->7392K(97280K)] 94129K->10689K(319488K), 0.0022380 secs] [Times: user=0.01 sys=0.00, real=0.00 secs] 
17.997: Total time for which application threads were stopped: 0.0077250 seconds, Stopping threads took: 0.0053930 seconds
18.078: Application time: 0.0803260 seconds
18.080: [GC [PSYoungGen: 90848K->8256K(97280K)] 94145K->11553K(319488K), 0.0024650 secs] [Times: user=0.02 sys=0.00, real=0.00 secs] 
18.082: Total time for which application threads were stopped: 0.0047300 seconds, Stopping threads took: 0.0021820 seconds
18.159: Application time: 0.0768130 seconds
18.162: [GC [PSYoungGen: 91712K->7952K(97280K)] 95009K->11257K(319488K), 0.0022020 secs] [Times: user=0.01 sys=0.00, real=0.00 secs] 
18.164: Total time for which application threads were stopped: 0.0050610 seconds, Stopping threads took: 0.0027800 seconds
18.247: Application time: 0.0830060 seconds
18.250: [GC [PSYoungGen: 91408K->7552K(97280K)] 94713K->10865K(319488K), 0.0021250 secs] [Times: user=0.01 sys=0.00, real=0.00 secs] 
18.252: Total time for which application threads were stopped: 0.0048960 seconds, Stopping threads took: 0.0026870 seconds
18.331: Application time: 0.0783690 seconds
18.333: [GC [PSYoungGen: 91008K->8160K(97280K)] 94321K->11473K(319488K), 0.0022790 secs] [Times: user=0.01 sys=0.00, real=0.01 secs] 
18.335: Total time for which application threads were stopped: 0.0048170 seconds, Stopping threads took: 0.0024570 seconds
18.413: Application time: 0.0778980 seconds
18.416: [GC [PSYoungGen: 91616K->7600K(97280K)] 94929K->10913K(319488K), 0.0022270 secs] [Times: user=0.01 sys=0.00, real=0.00 secs] 
18.419: Total time for which application threads were stopped: 0.0054240 seconds, Stopping threads took: 0.0030970 seconds
18.503: Application time: 0.0840360 seconds
18.504: [GC [PSYoungGen: 91056K->5808K(97280K)] 94369K->9121K(319488K), 0.0017800 secs] [Times: user=0.01 sys=0.01, real=0.00 secs] 
18.506: Total time for which application threads were stopped: 0.0029540 seconds, Stopping threads took: 0.0010870 seconds
18.590: Application time: 0.0844150 seconds
18.592: [GC [PSYoungGen: 89264K->6544K(97280K)] 92577K->9857K(319488K), 0.0018840 secs] [Times: user=0.01 sys=0.00, real=0.00 secs] 
18.594: Total time for which application threads were stopped: 0.0042830 seconds, Stopping threads took: 0.0023220 seconds
18.674: Application time: 0.0792690 seconds
18.675: [GC [PSYoungGen: 90000K->6864K(97280K)] 93313K->10185K(319488K), 0.0020390 secs] [Times: user=0.01 sys=0.00, real=0.00 secs] 
18.678: Total time for which application threads were stopped: 0.0039490 seconds, Stopping threads took: 0.0018250 seconds
18.762: Application time: 0.0842090 seconds
18.764: [GC [PSYoungGen: 90320K->6800K(97280K)] 93641K->10129K(319488K), 0.0021610 secs] [Times: user=0.01 sys=0.00, real=0.00 secs] 
18.766: Total time for which application threads were stopped: 0.0044690 seconds, Stopping threads took: 0.0022200 seconds
18.849: Application time: 0.0824740 seconds
18.852: [GC [PSYoungGen: 90256K->7584K(97280K)] 93585K->10913K(319488K), 0.0021640 secs] [Times: user=0.01 sys=0.01, real=0.00 secs] 
18.854: Total time for which application threads were stopped: 0.0054730 seconds, Stopping threads took: 0.0032270 seconds
18.932: Application time: 0.0782280 seconds
18.935: [GC [PSYoungGen: 91040K->7280K(97280K)] 94369K->10609K(319488K), 0.0021000 secs] [Times: user=0.02 sys=0.00, real=0.01 secs] 
18.937: Total time for which application threads were stopped: 0.0044440 seconds, Stopping threads took: 0.0022620 seconds
19.016: Application time: 0.0789620 seconds
19.018: [GC [PSYoungGen: 90736K->6032K(97280K)] 94065K->9393K(319488K), 0.0017910 secs] [Times: user=0.01 sys=0.00, real=0.00 secs] 
19.020: Total time for which application threads were stopped: 0.0042500 seconds, Stopping threads took: 0.0023740 seconds
19.102: Application time: 0.0814940 seconds
19.104: [GC [PSYoungGen: 89488K->6304K(97280K)] 92849K->9665K(319488K), 0.0018770 secs] [Times: user=0.01 sys=0.00, real=0.00 secs] 
19.106: Total time for which application threads were stopped: 0.0039760 seconds, Stopping threads took: 0.0020190 seconds
19.186: Application time: 0.0804930 seconds
19.189: [GC [PSYoungGen: 89760K->7296K(97280K)] 93121K->10665K(319488K), 0.0021930 secs] [Times: user=0.01 sys=0.00, real=0.00 secs] 
19.191: Total time for which application threads were stopped: 0.0049460 seconds, Stopping threads took: 0.0026710 seconds
19.269: Application time: 0.0783590 seconds
19.273: [GC [PSYoungGen: 90752K->7776K(97280K)] 94121K->11153K(319488K), 0.0022480 secs] [Times: user=0.02 sys=0.01, real=0.00 secs] 
19.275: Total time for which application threads were stopped: 0.0054120 seconds, Stopping threads took: 0.0030840 seconds
19.353: Application time: 0.0782830 seconds
19.355: [GC [PSYoungGen: 91232K->7952K(97280K)] 94609K->11329K(319488K), 0.0022930 secs] [Times: user=0.02 sys=0.00, real=0.00 secs] 
19.358: Total time for which application threads were stopped: 0.0045070 seconds, Stopping threads took: 0.0021340 seconds
19.439: Application time: 0.0818530 seconds
19.441: [GC [PSYoungGen: 91408K->6976K(97280K)] 94785K->10353K(319488K), 0.0021200 secs] [Times: user=0.02 sys=0.00, real=0.00 secs] 
19.443: Total time for which application threads were stopped: 0.0038290 seconds, Stopping threads took: 0.0016250 seconds
19.520: Application time: 0.0772000 seconds
19.522: [GC [PSYoungGen: 90432K->6320K(97280K)] 93809K->9697K(319488K), 0.0019250 secs] [Times: user=0.02 sys=0.00, real=0.00 secs] 
19.524: Total time for which application threads were stopped: 0.0036300 seconds, Stopping threads took: 0.0016190 seconds
19.601: Application time: 0.0773800 seconds
19.605: [GC [PSYoungGen: 89776K->8304K(97280K)] 93153K->11681K(319488K), 0.0024620 secs] [Times: user=0.01 sys=0.00, real=0.01 secs] 
19.607: Total time for which application threads were stopped: 0.0056170 seconds, Stopping threads took: 0.0030650 seconds
19.687: Application time: 0.0796850 seconds
19.690: [GC [PSYoungGen: 91760K->6688K(97280K)] 95137K->10073K(319488K), 0.0020570 secs] [Times: user=0.01 sys=0.00, real=0.00 secs] 
19.692: Total time for which application threads were stopped: 0.0051950 seconds, Stopping threads took: 0.0030530 seconds
19.769: Application time: 0.0774230 seconds
19.772: [GC [PSYoungGen: 90144K->7888K(97280K)] 93529K->11281K(319488K), 0.0023660 secs] [Times: user=0.01 sys=0.00, real=0.00 secs] 
19.774: Total time for which application threads were stopped: 0.0047100 seconds, Stopping threads took: 0.0022630 seconds
19.854: Application time: 0.0802320 seconds
19.857: [GC [PSYoungGen: 91344K->7760K(97280K)] 94737K->11153K(319488K), 0.0024050 secs] [Times: user=0.01 sys=0.00, real=0.00 secs] 
19.859: Total time for which application threads were stopped: 0.0048630 seconds, Stopping threads took: 0.0023740 seconds
19.938: Application time: 0.0790000 seconds
19.940: [GC [PSYoungGen: 91216K->6144K(97280K)] 94609K->9537K(319488K), 0.0018220 secs] [Times: user=0.01 sys=0.00, real=0.00 secs] 
19.941: Total time for which application threads were stopped: 0.0032290 seconds, Stopping threads took: 0.0013280 seconds
20.024: Application time: 0.0827220 seconds
20.027: [GC [PSYoungGen: 89600K->6160K(97280K)] 92993K->9577K(319488K), 0.0018640 secs] [Times: user=0.01 sys=0.00, real=0.00 secs] 
20.029: Total time for which application threads were stopped: 0.0047580 seconds, Stopping threads took: 0.0028060 seconds
20.106: Application time: 0.0773910 seconds
20.109: [GC [PSYoungGen: 89616K->7360K(97280K)] 93033K->10777K(319488K), 0.0021790 secs] [Times: user=0.01 sys=0.00, real=0.00 secs] 
20.111: Total time for which application threads were stopped: 0.0047060 seconds, Stopping threads took: 0.0024430 seconds
20.192: Application time: 0.0805140 seconds
20.195: [GC [PSYoungGen: 90816K->7680K(97280K)] 94233K->11113K(319488K), 0.0022170 secs] [Times: user=0.02 sys=0.00, real=0.01 secs] 
20.197: Total time for which application threads were stopped: 0.0052200 seconds, Stopping threads took: 0.0029220 seconds
20.277: Application time: 0.0798620 seconds
20.280: [GC [PSYoungGen: 91136K->6352K(97280K)] 94569K->9793K(319488K), 0.0018990 secs] [Times: user=0.01 sys=0.00, real=0.00 secs] 
20.281: Total time for which application threads were stopped: 0.0047870 seconds, Stopping threads took: 0.0028100 seconds
20.361: Application time: 0.0799200 seconds
20.364: [GC [PSYoungGen: 89808K->7024K(97280K)] 93249K->10473K(319488K), 0.0020380 secs] [Times: user=0.01 sys=0.00, real=0.00 secs] 
20.366: Total time for which application threads were stopped: 0.0043960 seconds, Stopping threads took: 0.0022770 seconds
20.450: Application time: 0.0842320 seconds
20.452: [GC [PSYoungGen: 90480K->5984K(97280K)] 93929K->9433K(319488K), 0.0016920 secs] [Times: user=0.01 sys=0.00, real=0.00 secs] 
20.453: Total time for which application threads were stopped: 0.0034540 seconds, Stopping threads took: 0.0016780 seconds
20.531: Application time: 0.0773130 seconds
20.534: [GC [PSYoungGen: 89440K->7872K(97280K)] 92889K->11321K(319488K), 0.0022840 secs] [Times: user=0.02 sys=0.00, real=0.01 secs] 
20.536: Total time for which application threads were stopped: 0.0052190 seconds, Stopping threads took: 0.0028440 seconds
20.614: Application time: 0.0775380 seconds
20.616: [GC [PSYoungGen: 91328K->6640K(97280K)] 94777K->10089K(319488K), 0.0019420 secs] [Times: user=0.01 sys=0.00, real=0.00 secs] 
20.618: Total time for which application threads were stopped: 0.0043340 seconds, Stopping threads took: 0.0023160 seconds
20.695: Application time: 0.0772150 seconds
20.697: [GC [PSYoungGen: 90096K->7168K(97280K)] 93545K->10617K(319488K), 0.0020870 secs] [Times: user=0.01 sys=0.00, real=0.00 secs] 
20.699: Total time for which application threads were stopped: 0.0043710 seconds, Stopping threads took: 0.0022030 seconds
20.778: Application time: 0.0787840 seconds
20.781: [GC [PSYoungGen: 90624K->7312K(97280K)] 94073K->10769K(319488K), 0.0021690 secs] [Times: user=0.01 sys=0.00, real=0.00 secs] 
20.784: Total time for which application threads were stopped: 0.0052800 seconds, Stopping threads took: 0.0030270 seconds
20.861: Application time: 0.0771600 seconds
20.863: [GC [PSYoungGen: 90768K->7760K(97280K)] 94225K->11225K(319488K), 0.0022050 secs] [Times: user=0.02 sys=0.00, real=0.00 secs] 
20.865: Total time for which application threads were stopped: 0.0045280 seconds, Stopping threads took: 0.0022420 seconds
20.952: Application time: 0.0871650 seconds
20.954: [GC [PSYoungGen: 91216K->4128K(97280K)] 94681K->7593K(319488K), 0.0013040 secs] [Times: user=0.00 sys=0.00, real=0.01 secs] 
20.955: Total time for which application threads were stopped: 0.0027540 seconds, Stopping threads took: 0.0013700 seconds
21.038: Application time: 0.0830520 seconds
21.040: [GC [PSYoungGen: 87584K->7344K(97280K)] 91049K->10809K(319488K), 0.0020350 secs] [Times: user=0.01 sys=0.00, real=0.00 secs] 
21.042: Total time for which application threads were stopped: 0.0042710 seconds, Stopping threads took: 0.0021470 seconds
21.122: Application time: 0.0798720 seconds
21.125: [GC [PSYoungGen: 90800K->7456K(97280K)] 94265K->10921K(319488K), 0.0021740 secs] [Times: user=0.01 sys=0.00, real=0.01 secs] 
21.127: Total time for which application threads were stopped: 0.0046350 seconds, Stopping threads took: 0.0023810 seconds
21.202: Application time: 0.0748450 seconds
21.205: [GC [PSYoungGen: 90912K->7872K(97280K)] 94377K->11337K(319488K), 0.0022450 secs] [Times: user=0.01 sys=0.00, real=0.01 secs] 
21.207: Total time for which application threads were stopped: 0.0050600 seconds, Stopping threads took: 0.0027310 seconds
21.281: Application time: 0.0736930 seconds
21.283: [GC [PSYoungGen: 91328K->7280K(97280K)] 94793K->10753K(319488K), 0.0020730 secs] [Times: user=0.01 sys=0.00, real=0.00 secs] 
21.286: Total time for which application threads were stopped: 0.0049410 seconds, Stopping threads took: 0.0027930 seconds
21.358: Application time: 0.0727120 seconds
21.360: [GC [PSYoungGen: 90736K->7344K(97280K)] 94209K->10825K(319488K), 0.0021870 secs] [Times: user=0.02 sys=0.01, real=0.00 secs] 
21.362: Total time for which application threads were stopped: 0.0040110 seconds, Stopping threads took: 0.0017450 seconds
21.435: Application time: 0.0731170 seconds
21.438: [GC [PSYoungGen: 90800K->7312K(97280K)] 94281K->10793K(319488K), 0.0022040 secs] [Times: user=0.01 sys=0.00, real=0.00 secs] 
21.440: Total time for which application threads were stopped: 0.0049240 seconds, Stopping threads took: 0.0026180 seconds
21.515: Application time: 0.0750950 seconds
21.518: [GC [PSYoungGen: 90768K->7712K(97280K)] 94249K->11193K(319488K), 0.0022510 secs] [Times: user=0.02 sys=0.00, real=0.00 secs] 
21.520: Total time for which application threads were stopped: 0.0046410 seconds, Stopping threads took: 0.0022880 seconds
21.595: Application time: 0.0746340 seconds
21.599: [GC [PSYoungGen: 91168K->7008K(97280K)] 94649K->10489K(319488K), 0.0019330 secs] [Times: user=0.01 sys=0.00, real=0.00 secs] 
21.601: Total time for which application threads were stopped: 0.0062610 seconds, Stopping threads took: 0.0042400 seconds
21.677: Application time: 0.0760330 seconds
21.679: [GC [PSYoungGen: 90464K->7728K(97280K)] 93945K->11209K(319488K), 0.0022240 secs] [Times: user=0.02 sys=0.00, real=0.00 secs] 
21.681: Total time for which application threads were stopped: 0.0038030 seconds, Stopping threads took: 0.0015000 seconds
21.758: Application time: 0.0771060 seconds
21.760: [GC [PSYoungGen: 91184K->5072K(97280K)] 94665K->8561K(319488K), 0.0014950 secs] [Times: user=0.01 sys=0.00, real=0.00 secs] 
21.762: Total time for which application threads were stopped: 0.0036830 seconds, Stopping threads took: 0.0020140 seconds
21.842: Application time: 0.0803290 seconds
21.844: [GC [PSYoungGen: 88528K->5760K(97280K)] 92017K->9257K(319488K), 0.0016780 secs] [Times: user=0.01 sys=0.00, real=0.00 secs] 
21.846: Total time for which application threads were stopped: 0.0037750 seconds, Stopping threads took: 0.0020250 seconds
21.927: Application time: 0.0809380 seconds
21.929: [GC [PSYoungGen: 89216K->7616K(97280K)] 92713K->11121K(319488K), 0.0022500 secs] [Times: user=0.01 sys=0.00, real=0.00 secs] 
21.931: Total time for which application threads were stopped: 0.0041710 seconds, Stopping threads took: 0.0018420 seconds
22.007: Application time: 0.0758180 seconds
22.009: [GC [PSYoungGen: 91072K->6912K(97280K)] 94577K->10417K(319488K), 0.0020230 secs] [Times: user=0.01 sys=0.01, real=0.00 secs] 
22.011: Total time for which application threads were stopped: 0.0042540 seconds, Stopping threads took: 0.0021300 seconds
22.086: Application time: 0.0748040 seconds
22.088: [GC [PSYoungGen: 90368K->7168K(97280K)] 93873K->10673K(319488K), 0.0021050 secs] [Times: user=0.01 sys=0.00, real=0.00 secs] 
22.090: Total time for which application threads were stopped: 0.0043440 seconds, Stopping threads took: 0.0021560 seconds
22.163: Application time: 0.0725860 seconds
22.165: [GC [PSYoungGen: 90624K->7440K(97280K)] 94129K->10945K(319488K), 0.0023070 secs] [Times: user=0.00 sys=0.00, real=0.01 secs] 
22.167: Total time for which application threads were stopped: 0.0044790 seconds, Stopping threads took: 0.0020810 seconds
22.243: Application time: 0.0757340 seconds
22.244: [GC [PSYoungGen: 90896K->5936K(97280K)] 94401K->9449K(319488K), 0.0016570 secs] [Times: user=0.01 sys=0.00, real=0.00 secs] 
22.246: Total time for which application threads were stopped: 0.0032370 seconds, Stopping threads took: 0.0014980 seconds
22.324: Application time: 0.0774400 seconds
22.326: [GC [PSYoungGen: 89392K->6800K(97280K)] 92905K->10321K(319488K), 0.0020080 secs] [Times: user=0.01 sys=0.00, real=0.01 secs] 
22.328: Total time for which application threads were stopped: 0.0041810 seconds, Stopping threads took: 0.0020770 seconds
22.402: Application time: 0.0741460 seconds
22.404: [GC [PSYoungGen: 90256K->7248K(97280K)] 93777K->10777K(319488K), 0.0019570 secs] [Times: user=0.01 sys=0.00, real=0.00 secs] 
22.406: Total time for which application threads were stopped: 0.0037260 seconds, Stopping threads took: 0.0016930 seconds
22.480: Application time: 0.0747040 seconds
22.483: [GC [PSYoungGen: 90704K->7856K(97280K)] 94233K->11385K(319488K), 0.0022590 secs] [Times: user=0.01 sys=0.00, real=0.00 secs] 
22.486: Total time for which application threads were stopped: 0.0053690 seconds, Stopping threads took: 0.0030280 seconds
22.563: Application time: 0.0774230 seconds
22.565: [GC [PSYoungGen: 91312K->7536K(97280K)] 94841K->11065K(319488K), 0.0022360 secs] [Times: user=0.01 sys=0.00, real=0.00 secs] 
22.567: Total time for which application threads were stopped: 0.0037960 seconds, Stopping threads took: 0.0014430 seconds
22.640: Application time: 0.0728660 seconds
22.643: [GC [PSYoungGen: 90992K->6592K(97280K)] 94521K->10121K(319488K), 0.0019550 secs] [Times: user=0.01 sys=0.00, real=0.00 secs] 
22.645: Total time for which application threads were stopped: 0.0049650 seconds, Stopping threads took: 0.0029250 seconds
22.719: Application time: 0.0744180 seconds
22.720: [GC [PSYoungGen: 90048K->7248K(97280K)] 93577K->10785K(319488K), 0.0022120 secs] [Times: user=0.02 sys=0.00, real=0.00 secs] 
22.723: Total time for which application threads were stopped: 0.0036020 seconds, Stopping threads took: 0.0013020 seconds
22.798: Application time: 0.0753570 seconds
22.799: [GC [PSYoungGen: 90704K->6736K(97280K)] 94241K->10281K(319488K), 0.0019340 secs] [Times: user=0.01 sys=0.00, real=0.00 secs] 
22.801: Total time for which application threads were stopped: 0.0033760 seconds, Stopping threads took: 0.0013650 seconds
22.876: Application time: 0.0746020 seconds
22.878: [GC [PSYoungGen: 90192K->7424K(97280K)] 93737K->10977K(319488K), 0.0021160 secs] [Times: user=0.01 sys=0.00, real=0.00 secs] 
22.880: Total time for which application threads were stopped: 0.0042760 seconds, Stopping threads took: 0.0020830 seconds
22.959: Application time: 0.0786260 seconds
22.961: [GC [PSYoungGen: 90880K->6384K(97280K)] 94433K->9937K(319488K), 0.0018070 secs] [Times: user=0.01 sys=0.00, real=0.00 secs] 
22.963: Total time for which application threads were stopped: 0.0035700 seconds, Stopping threads took: 0.0016890 seconds
23.037: Application time: 0.0747090 seconds
23.039: [GC [PSYoungGen: 89840K->8320K(97280K)] 93393K->11873K(319488K), 0.0023920 secs] [Times: user=0.02 sys=0.00, real=0.00 secs] 
23.041: Total time for which application threads were stopped: 0.0040450 seconds, Stopping threads took: 0.0015610 seconds
23.119: Application time: 0.0772810 seconds
23.121: [GC [PSYoungGen: 91776K->6816K(97280K)] 95329K->10369K(319488K), 0.0019700 secs] [Times: user=0.01 sys=0.00, real=0.00 secs] 
23.123: Total time for which application threads were stopped: 0.0041970 seconds, Stopping threads took: 0.0021440 seconds
23.201: Application time: 0.0780880 seconds
23.203: [GC [PSYoungGen: 90272K->6080K(97280K)] 93825K->9633K(319488K), 0.0017010 secs] [Times: user=0.01 sys=0.00, real=0.00 secs] 
23.205: Total time for which application threads were stopped: 0.0038010 seconds, Stopping threads took: 0.0020250 seconds
23.283: Application time: 0.0781340 seconds
23.285: [GC [PSYoungGen: 89536K->4928K(97280K)] 93089K->8489K(319488K), 0.0014120 secs] [Times: user=0.01 sys=0.00, real=0.01 secs] 
23.287: Total time for which application threads were stopped: 0.0040910 seconds, Stopping threads took: 0.0026040 seconds
23.363: Application time: 0.0761630 seconds
23.365: [GC [PSYoungGen: 88384K->6368K(97280K)] 91945K->9937K(319488K), 0.0019100 secs] [Times: user=0.01 sys=0.01, real=0.01 secs] 
23.367: Total time for which application threads were stopped: 0.0040450 seconds, Stopping threads took: 0.0020540 seconds
23.446: Application time: 0.0786670 seconds
23.448: [GC [PSYoungGen: 89824K->6832K(97280K)] 93393K->10401K(319488K), 0.0019780 secs] [Times: user=0.01 sys=0.00, real=0.00 secs] 
23.450: Total time for which application threads were stopped: 0.0037660 seconds, Stopping threads took: 0.0017150 seconds
23.527: Application time: 0.0773480 seconds
23.530: [GC [PSYoungGen: 90288K->8128K(97280K)] 93857K->11697K(319488K), 0.0022710 secs] [Times: user=0.01 sys=0.00, real=0.00 secs] 
23.532: Total time for which application threads were stopped: 0.0052970 seconds, Stopping threads took: 0.0029490 seconds
23.607: Application time: 0.0747630 seconds
23.610: [GC [PSYoungGen: 91584K->7344K(97280K)] 95153K->10913K(319488K), 0.0020890 secs] [Times: user=0.02 sys=0.00, real=0.00 secs] 
23.612: Total time for which application threads were stopped: 0.0046930 seconds, Stopping threads took: 0.0025250 seconds
23.687: Application time: 0.0749680 seconds
23.688: [GC [PSYoungGen: 90800K->6304K(97280K)] 94369K->9873K(319488K), 0.0018730 secs] [Times: user=0.02 sys=0.00, real=0.00 secs] 
23.690: Total time for which application threads were stopped: 0.0036740 seconds, Stopping threads took: 0.0017290 seconds
23.767: Application time: 0.0769770 seconds
23.770: [GC [PSYoungGen: 89760K->6032K(97280K)] 93329K->9609K(319488K), 0.0017630 secs] [Times: user=0.01 sys=0.00, real=0.00 secs] 
23.772: Total time for which application threads were stopped: 0.0044240 seconds, Stopping threads took: 0.0025840 seconds
23.848: Application time: 0.0766110 seconds
23.851: [GC [PSYoungGen: 89488K->7056K(97280K)] 93065K->10641K(319488K), 0.0020820 secs] [Times: user=0.01 sys=0.00, real=0.00 secs] 
23.853: Total time for which application threads were stopped: 0.0051000 seconds, Stopping threads took: 0.0029270 seconds
23.928: Application time: 0.0746830 seconds
23.929: [GC [PSYoungGen: 90512K->6928K(97280K)] 94097K->10513K(319488K), 0.0019590 secs] [Times: user=0.02 sys=0.00, real=0.00 secs] 
23.931: Total time for which application threads were stopped: 0.0033180 seconds, Stopping threads took: 0.0012900 seconds
24.008: Application time: 0.0770560 seconds
24.011: [GC [PSYoungGen: 90384K->6528K(97280K)] 93969K->10113K(319488K), 0.0019250 secs] [Times: user=0.01 sys=0.00, real=0.00 secs] 
24.013: Total time for which application threads were stopped: 0.0040390 seconds, Stopping threads took: 0.0020360 seconds
24.086: Application time: 0.0733440 seconds
24.088: [GC [PSYoungGen: 89984K->7600K(97280K)] 93569K->11185K(319488K), 0.0021630 secs] [Times: user=0.01 sys=0.00, real=0.00 secs] 
24.091: Total time for which application threads were stopped: 0.0046680 seconds, Stopping threads took: 0.0024260 seconds
24.165: Application time: 0.0740380 seconds
24.168: [GC [PSYoungGen: 91056K->7936K(97280K)] 94641K->11521K(319488K), 0.0022160 secs] [Times: user=0.02 sys=0.00, real=0.00 secs] 
24.170: Total time for which application threads were stopped: 0.0052490 seconds, Stopping threads took: 0.0029500 seconds
24.245: Application time: 0.0749960 seconds
24.248: [GC [PSYoungGen: 91392K->7600K(97280K)] 94977K->11217K(319488K), 0.0020980 secs] [Times: user=0.01 sys=0.00, real=0.00 secs] 
24.250: Total time for which application threads were stopped: 0.0049130 seconds, Stopping threads took: 0.0027280 seconds
24.328: Application time: 0.0782340 seconds
24.330: [GC [PSYoungGen: 91056K->8192K(97280K)] 94673K->11817K(319488K), 0.0023300 secs] [Times: user=0.02 sys=0.00, real=0.00 secs] 
24.332: Total time for which application threads were stopped: 0.0044910 seconds, Stopping threads took: 0.0020840 seconds
24.406: Application time: 0.0731410 seconds
24.408: [GC [PSYoungGen: 91648K->7088K(97280K)] 95273K->10713K(319488K), 0.0021150 secs] [Times: user=0.01 sys=0.00, real=0.00 secs] 
24.410: Total time for which application threads were stopped: 0.0047070 seconds, Stopping threads took: 0.0025080 seconds
24.487: Application time: 0.0765980 seconds
24.490: [GC [PSYoungGen: 90544K->7296K(97280K)] 94169K->10921K(319488K), 0.0021150 secs] [Times: user=0.02 sys=0.00, real=0.00 secs] 
24.492: Total time for which application threads were stopped: 0.0052680 seconds, Stopping threads took: 0.0030710 seconds
24.567: Application time: 0.0751800 seconds
24.570: [GC [PSYoungGen: 90752K->7840K(97280K)] 94377K->11465K(319488K), 0.0021890 secs] [Times: user=0.01 sys=0.00, real=0.00 secs] 
24.572: Total time for which application threads were stopped: 0.0043460 seconds, Stopping threads took: 0.0020790 seconds
24.648: Application time: 0.0764770 seconds
24.650: [GC [PSYoungGen: 91296K->6640K(97280K)] 94921K->10265K(319488K), 0.0019140 secs] [Times: user=0.01 sys=0.00, real=0.00 secs] 
24.652: Total time for which application threads were stopped: 0.0041690 seconds, Stopping threads took: 0.0021720 seconds
24.732: Application time: 0.0794080 seconds
24.734: [GC [PSYoungGen: 90096K->5584K(97280K)] 93721K->9217K(319488K), 0.0016490 secs] [Times: user=0.01 sys=0.00, real=0.01 secs] 
24.736: Total time for which application threads were stopped: 0.0037820 seconds, Stopping threads took: 0.0020610 seconds
24.808: Application time: 0.0727410 seconds
24.810: [GC [PSYoungGen: 89040K->7040K(97280K)] 92673K->10681K(319488K), 0.0020480 secs] [Times: user=0.01 sys=0.00, real=0.00 secs] 
24.813: Total time for which application threads were stopped: 0.0041720 seconds, Stopping threads took: 0.0020450 seconds
24.884: Application time: 0.0717540 seconds
24.887: [GC [PSYoungGen: 90496K->6976K(97280K)] 94137K->10625K(319488K), 0.0020870 secs] [Times: user=0.01 sys=0.00, real=0.01 secs] 
24.889: Total time for which application threads were stopped: 0.0044640 seconds, Stopping threads took: 0.0023000 seconds
24.964: Application time: 0.0755790 seconds
24.966: [GC [PSYoungGen: 90432K->7152K(97280K)] 94081K->10801K(319488K), 0.0019730 secs] [Times: user=0.02 sys=0.00, real=0.01 secs] 
24.968: Total time for which application threads were stopped: 0.0040960 seconds, Stopping threads took: 0.0020370 seconds
25.045: Application time: 0.0766040 seconds
25.047: [GC [PSYoungGen: 90608K->6272K(97280K)] 94257K->9921K(319488K), 0.0018170 secs] [Times: user=0.02 sys=0.00, real=0.01 secs] 
25.049: Total time for which application threads were stopped: 0.0035440 seconds, Stopping threads took: 0.0016500 seconds
25.125: Application time: 0.0763240 seconds
25.128: [GC [PSYoungGen: 89728K->6560K(97280K)] 93377K->10209K(319488K), 0.0018940 secs] [Times: user=0.01 sys=0.00, real=0.00 secs] 
25.130: Total time for which application threads were stopped: 0.0050800 seconds, Stopping threads took: 0.0031040 seconds
25.211: Application time: 0.0813110 seconds
25.214: [GC [PSYoungGen: 90016K->7200K(97280K)] 93665K->10857K(319488K), 0.0021190 secs] [Times: user=0.01 sys=0.00, real=0.01 secs] 
25.216: Total time for which application threads were stopped: 0.0048760 seconds, Stopping threads took: 0.0026810 seconds
25.293: Application time: 0.0770940 seconds
25.295: [GC [PSYoungGen: 90656K->7152K(97280K)] 94313K->10825K(319488K), 0.0020990 secs] [Times: user=0.01 sys=0.00, real=0.01 secs] 
25.297: Total time for which application threads were stopped: 0.0036700 seconds, Stopping threads took: 0.0014880 seconds
25.376: Application time: 0.0794050 seconds
25.379: [GC [PSYoungGen: 90608K->8208K(97280K)] 94281K->11889K(319488K), 0.0023270 secs] [Times: user=0.02 sys=0.00, real=0.00 secs] 
25.381: Total time for which application threads were stopped: 0.0051080 seconds, Stopping threads took: 0.0026980 seconds
25.464: Application time: 0.0827550 seconds
25.466: [GC [PSYoungGen: 91664K->6896K(97280K)] 95345K->10577K(319488K), 0.0020000 secs] [Times: user=0.02 sys=0.00, real=0.01 secs] 
25.468: Total time for which application threads were stopped: 0.0036900 seconds, Stopping threads took: 0.0016060 seconds
25.546: Application time: 0.0779860 seconds
25.548: [GC [PSYoungGen: 90352K->7136K(97280K)] 94033K->10817K(319488K), 0.0021580 secs] [Times: user=0.02 sys=0.00, real=0.00 secs] 
25.550: Total time for which application threads were stopped: 0.0043460 seconds, Stopping threads took: 0.0021000 seconds
25.628: Application time: 0.0778710 seconds
25.630: [GC [PSYoungGen: 90592K->8128K(97280K)] 94273K->11809K(319488K), 0.0023540 secs] [Times: user=0.01 sys=0.00, real=0.00 secs] 
25.633: Total time for which application threads were stopped: 0.0045420 seconds, Stopping threads took: 0.0021010 seconds
25.712: Application time: 0.0795550 seconds
25.714: [GC [PSYoungGen: 91584K->6656K(97280K)] 95265K->10353K(319488K), 0.0020750 secs] [Times: user=0.01 sys=0.00, real=0.01 secs] 
25.716: Total time for which application threads were stopped: 0.0042770 seconds, Stopping threads took: 0.0021180 seconds
25.796: Application time: 0.0796220 seconds
25.799: [GC [PSYoungGen: 90112K->6688K(97280K)] 93809K->10393K(319488K), 0.0019620 secs] [Times: user=0.01 sys=0.00, real=0.00 secs] 
25.801: Total time for which application threads were stopped: 0.0051000 seconds, Stopping threads took: 0.0030450 seconds
25.880: Application time: 0.0791910 seconds
25.883: [GC [PSYoungGen: 90144K->6352K(97280K)] 93849K->10065K(319488K), 0.0020040 secs] [Times: user=0.01 sys=0.00, real=0.00 secs] 
25.885: Total time for which application threads were stopped: 0.0043760 seconds, Stopping threads took: 0.0022980 seconds
25.963: Application time: 0.0782180 seconds
25.965: [GC [PSYoungGen: 89808K->6544K(97280K)] 93521K->10257K(319488K), 0.0018770 secs] [Times: user=0.01 sys=0.00, real=0.00 secs] 
25.966: Total time for which application threads were stopped: 0.0034750 seconds, Stopping threads took: 0.0015160 seconds
26.047: Application time: 0.0809140 seconds
26.050: [GC [PSYoungGen: 90000K->6112K(97280K)] 93713K->9825K(319488K), 0.0017220 secs] [Times: user=0.01 sys=0.00, real=0.00 secs] 
26.051: Total time for which application threads were stopped: 0.0040010 seconds, Stopping threads took: 0.0021980 seconds
26.129: Application time: 0.0779700 seconds
26.131: [GC [PSYoungGen: 89568K->6784K(97280K)] 93281K->10497K(319488K), 0.0020620 secs] [Times: user=0.01 sys=0.00, real=0.00 secs] 
26.134: Total time for which application threads were stopped: 0.0041590 seconds, Stopping threads took: 0.0020140 seconds
26.212: Application time: 0.0789610 seconds
26.215: [GC [PSYoungGen: 90240K->7232K(97280K)] 93953K->10945K(319488K), 0.0022690 secs] [Times: user=0.02 sys=0.00, real=0.00 secs] 
26.218: Total time for which application threads were stopped: 0.0052770 seconds, Stopping threads took: 0.0029230 seconds
26.297: Application time: 0.0789540 seconds
26.300: [GC [PSYoungGen: 90688K->7264K(97280K)] 94401K->10985K(319488K), 0.0031390 secs] [Times: user=0.01 sys=0.00, real=0.00 secs] 
26.303: Total time for which application threads were stopped: 0.0065440 seconds, Stopping threads took: 0.0033150 seconds
26.387: Application time: 0.0832370 seconds
26.389: [GC [PSYoungGen: 90720K->7520K(97280K)] 94441K->11249K(319488K), 0.0022000 secs] [Times: user=0.02 sys=0.00, real=0.00 secs] 
26.391: Total time for which application threads were stopped: 0.0047290 seconds, Stopping threads took: 0.0024450 seconds
26.471: Application time: 0.0794070 seconds
26.473: [GC [PSYoungGen: 90976K->7792K(97280K)] 94705K->11521K(319488K), 0.0023100 secs] [Times: user=0.02 sys=0.00, real=0.01 secs] 
26.475: Total time for which application threads were stopped: 0.0047860 seconds, Stopping threads took: 0.0023800 seconds
26.557: Application time: 0.0818840 seconds
26.560: [GC [PSYoungGen: 91248K->7312K(97280K)] 94977K->11041K(319488K), 0.0022130 secs] [Times: user=0.01 sys=0.00, real=0.00 secs] 
26.562: Total time for which application threads were stopped: 0.0051460 seconds, Stopping threads took: 0.0028410 seconds
26.640: Application time: 0.0774140 seconds
26.643: [GC [PSYoungGen: 90768K->6512K(97280K)] 94497K->10241K(319488K), 0.0020450 secs] [Times: user=0.02 sys=0.00, real=0.00 secs] 
26.645: Total time for which application threads were stopped: 0.0048080 seconds, Stopping threads took: 0.0026770 seconds
26.724: Application time: 0.0788360 seconds
26.726: [GC [PSYoungGen: 89968K->6576K(97280K)] 93697K->10305K(319488K), 0.0020410 secs] [Times: user=0.01 sys=0.00, real=0.01 secs] 
26.728: Total time for which application threads were stopped: 0.0046690 seconds, Stopping threads took: 0.0025330 seconds
26.806: Application time: 0.0774970 seconds
26.809: [GC [PSYoungGen: 90032K->6224K(97280K)] 93761K->9969K(319488K), 0.0019040 secs] [Times: user=0.01 sys=0.00, real=0.00 secs] 
26.811: Total time for which application threads were stopped: 0.0048340 seconds, Stopping threads took: 0.0028290 seconds
26.887: Application time: 0.0762040 seconds
26.888: [GC [PSYoungGen: 89680K->7536K(97280K)] 93425K->11289K(319488K), 0.0022700 secs] [Times: user=0.01 sys=0.00, real=0.00 secs] 
26.891: Total time for which application threads were stopped: 0.0038960 seconds, Stopping threads took: 0.0015410 seconds
26.969: Application time: 0.0783670 seconds
26.972: [GC [PSYoungGen: 90992K->7072K(97280K)] 94745K->10825K(319488K), 0.0021500 secs] [Times: user=0.01 sys=0.00, real=0.00 secs] 
26.974: Total time for which application threads were stopped: 0.0049860 seconds, Stopping threads took: 0.0027520 seconds
27.051: Application time: 0.0771210 seconds
27.054: [GC [PSYoungGen: 90528K->7744K(97280K)] 94281K->11497K(319488K), 0.0022150 secs] [Times: user=0.02 sys=0.00, real=0.01 secs] 
27.056: Total time for which application threads were stopped: 0.0053490 seconds, Stopping threads took: 0.0030540 seconds
27.134: Application time: 0.0776080 seconds
27.137: [GC [PSYoungGen: 91200K->6768K(97280K)] 94953K->10521K(319488K), 0.0021360 secs] [Times: user=0.01 sys=0.00, real=0.00 secs] 
27.139: Total time for which application threads were stopped: 0.0047820 seconds, Stopping threads took: 0.0025430 seconds
27.218: Application time: 0.0791070 seconds
27.220: [GC [PSYoungGen: 90224K->6224K(97280K)] 93977K->9977K(319488K), 0.0018480 secs] [Times: user=0.01 sys=0.01, real=0.00 secs] 
27.222: Total time for which application threads were stopped: 0.0040950 seconds, Stopping threads took: 0.0021640 seconds
27.302: Application time: 0.0796270 seconds
27.303: [GC [PSYoungGen: 89680K->6880K(97280K)] 93433K->10641K(319488K), 0.0020150 secs] [Times: user=0.00 sys=0.00, real=0.00 secs] 
27.305: Total time for which application threads were stopped: 0.0037640 seconds, Stopping threads took: 0.0016710 seconds
27.387: Application time: 0.0817840 seconds
27.390: [GC [PSYoungGen: 90336K->6512K(97280K)] 94097K->10281K(319488K), 0.0020710 secs] [Times: user=0.01 sys=0.00, real=0.00 secs] 
27.393: Total time for which application threads were stopped: 0.0053430 seconds, Stopping threads took: 0.0031750 seconds
27.472: Application time: 0.0797210 seconds
27.475: [GC [PSYoungGen: 89968K->7936K(97280K)] 93737K->11713K(319488K), 0.0024730 secs] [Times: user=0.02 sys=0.00, real=0.01 secs] 
27.477: Total time for which application threads were stopped: 0.0050010 seconds, Stopping threads took: 0.0024470 seconds
27.559: Application time: 0.0817040 seconds
27.561: [GC [PSYoungGen: 91392K->7344K(97280K)] 95169K->11121K(319488K), 0.0021490 secs] [Times: user=0.01 sys=0.00, real=0.00 secs] 
27.563: Total time for which application threads were stopped: 0.0042660 seconds, Stopping threads took: 0.0020320 seconds
27.645: Application time: 0.0814340 seconds
27.648: [GC [PSYoungGen: 90800K->5728K(97280K)] 94577K->9505K(319488K), 0.0016580 secs] [Times: user=0.02 sys=0.00, real=0.00 secs] 
27.650: Total time for which application threads were stopped: 0.0049460 seconds, Stopping threads took: 0.0032050 seconds
27.732: Application time: 0.0818920 seconds
27.734: [GC [PSYoungGen: 89184K->7328K(97280K)] 92961K->11105K(319488K), 0.0021560 secs] [Times: user=0.01 sys=0.00, real=0.01 secs] 
27.737: Total time for which application threads were stopped: 0.0049490 seconds, Stopping threads took: 0.0027100 seconds
27.815: Application time: 0.0785320 seconds
27.818: [GC [PSYoungGen: 90784K->8144K(97280K)] 94561K->11921K(319488K), 0.0024780 secs] [Times: user=0.01 sys=0.00, real=0.00 secs] 
27.821: Total time for which application threads were stopped: 0.0054530 seconds, Stopping threads took: 0.0028880 seconds
27.899: Application time: 0.0785390 seconds
27.901: [GC [PSYoungGen: 91600K->6848K(97280K)] 95377K->10633K(319488K), 0.0020040 secs] [Times: user=0.01 sys=0.00, real=0.00 secs] 
27.903: Total time for which application threads were stopped: 0.0044310 seconds, Stopping threads took: 0.0023510 seconds
27.983: Application time: 0.0791610 seconds
27.985: [GC [PSYoungGen: 90304K->5520K(97280K)] 94089K->9313K(319488K), 0.0016080 secs] [Times: user=0.01 sys=0.00, real=0.00 secs] 
27.986: Total time for which application threads were stopped: 0.0037450 seconds, Stopping threads took: 0.0020550 seconds
28.064: Application time: 0.0776480 seconds
28.067: [GC [PSYoungGen: 88976K->7616K(97280K)] 92769K->11409K(319488K), 0.0021180 secs] [Times: user=0.02 sys=0.00, real=0.01 secs] 
28.069: Total time for which application threads were stopped: 0.0047840 seconds, Stopping threads took: 0.0025880 seconds
28.151: Application time: 0.0823490 seconds
28.154: [GC [PSYoungGen: 91072K->6320K(97280K)] 94865K->10113K(319488K), 0.0017840 secs] [Times: user=0.01 sys=0.00, real=0.01 secs] 
28.156: Total time for which application threads were stopped: 0.0049180 seconds, Stopping threads took: 0.0030430 seconds
28.237: Application time: 0.0808310 seconds
28.239: [GC [PSYoungGen: 89776K->6352K(97280K)] 93569K->10145K(319488K), 0.0018750 secs] [Times: user=0.01 sys=0.01, real=0.00 secs] 
28.241: Total time for which application threads were stopped: 0.0042430 seconds, Stopping threads took: 0.0022890 seconds
28.318: Application time: 0.0767530 seconds
28.320: [GC [PSYoungGen: 89808K->7328K(97280K)] 93601K->11121K(319488K), 0.0022220 secs] [Times: user=0.01 sys=0.00, real=0.00 secs] 
28.322: Total time for which application threads were stopped: 0.0043650 seconds, Stopping threads took: 0.0020630 seconds
28.401: Application time: 0.0786610 seconds
28.404: [GC [PSYoungGen: 90784K->5792K(97280K)] 94577K->9593K(319488K), 0.0017320 secs] [Times: user=0.02 sys=0.00, real=0.00 secs] 
28.405: Total time for which application threads were stopped: 0.0045130 seconds, Stopping threads took: 0.0026960 seconds
28.484: Application time: 0.0785410 seconds
28.487: [GC [PSYoungGen: 89248K->7056K(97280K)] 93049K->10865K(319488K), 0.0020970 secs] [Times: user=0.01 sys=0.00, real=0.01 secs] 
28.489: Total time for which application threads were stopped: 0.0048050 seconds, Stopping threads took: 0.0026240 seconds
28.571: Application time: 0.0824280 seconds
28.573: [GC [PSYoungGen: 90512K->7776K(97280K)] 94321K->11585K(319488K), 0.0023360 secs] [Times: user=0.02 sys=0.00, real=0.01 secs] 
28.576: Total time for which application threads were stopped: 0.0042990 seconds, Stopping threads took: 0.0018750 seconds
28.655: Application time: 0.0797010 seconds
28.658: [GC [PSYoungGen: 91232K->7008K(97280K)] 95041K->10817K(319488K), 0.0021530 secs] [Times: user=0.01 sys=0.00, real=0.00 secs] 
28.660: Total time for which application threads were stopped: 0.0047710 seconds, Stopping threads took: 0.0025230 seconds
28.738: Application time: 0.0781110 seconds
28.741: [GC [PSYoungGen: 90464K->6544K(97280K)] 94273K->10353K(319488K), 0.0018870 secs] [Times: user=0.02 sys=0.00, real=0.00 secs] 
28.743: Total time for which application threads were stopped: 0.0043750 seconds, Stopping threads took: 0.0024100 seconds
28.821: Application time: 0.0785000 seconds
28.823: [GC [PSYoungGen: 90000K->8224K(97280K)] 93809K->12033K(319488K), 0.0024780 secs] [Times: user=0.01 sys=0.00, real=0.00 secs] 
28.826: Total time for which application threads were stopped: 0.0047380 seconds, Stopping threads took: 0.0021750 seconds
28.904: Application time: 0.0783960 seconds
28.907: [GC [PSYoungGen: 91680K->7856K(97280K)] 95489K->11673K(319488K), 0.0022930 secs] [Times: user=0.02 sys=0.00, real=0.01 secs] 
28.909: Total time for which application threads were stopped: 0.0046670 seconds, Stopping threads took: 0.0022930 seconds
28.992: Application time: 0.0832790 seconds
28.994: [GC [PSYoungGen: 91312K->7440K(97280K)] 95129K->11265K(319488K), 0.0022880 secs] [Times: user=0.01 sys=0.00, real=0.01 secs] 
28.996: Total time for which application threads were stopped: 0.0040530 seconds, Stopping threads took: 0.0016640 seconds
29.075: Application time: 0.0789810 seconds
29.077: [GC [PSYoungGen: 90896K->7056K(97280K)] 94721K->10881K(319488K), 0.0022780 secs] [Times: user=0.01 sys=0.00, real=0.00 secs] 
29.080: Total time for which application threads were stopped: 0.0044060 seconds, Stopping threads took: 0.0020370 seconds
29.155: Application time: 0.0758950 seconds
29.158: [GC [PSYoungGen: 90512K->6416K(97280K)] 94337K->10241K(319488K), 0.0021440 secs] [Times: user=0.01 sys=0.00, real=0.00 secs] 
29.160: Total time for which application threads were stopped: 0.0044980 seconds, Stopping threads took: 0.0022710 seconds
29.235: Application time: 0.0748210 seconds
29.238: [GC [PSYoungGen: 89872K->7344K(97280K)] 93697K->11169K(319488K), 0.0022070 secs] [Times: user=0.02 sys=0.00, real=0.00 secs] 
29.240: Total time for which application threads were stopped: 0.0052130 seconds, Stopping threads took: 0.0029180 seconds
29.316: Application time: 0.0755650 seconds
29.318: [GC [PSYoungGen: 90800K->5696K(97280K)] 94625K->9521K(319488K), 0.0016320 secs] [Times: user=0.01 sys=0.00, real=0.00 secs] 
29.320: Total time for which application threads were stopped: 0.0039520 seconds, Stopping threads took: 0.0022420 seconds
29.393: Application time: 0.0738210 seconds
29.396: [GC [PSYoungGen: 89152K->6464K(97280K)] 92977K->10297K(319488K), 0.0018750 secs] [Times: user=0.01 sys=0.00, real=0.00 secs] 
29.398: Total time for which application threads were stopped: 0.0041520 seconds, Stopping threads took: 0.0022020 seconds
29.473: Application time: 0.0759770 seconds
29.476: [GC [PSYoungGen: 89920K->7072K(97280K)] 93753K->10913K(319488K), 0.0020060 secs] [Times: user=0.01 sys=0.00, real=0.00 secs] 
29.478: Total time for which application threads were stopped: 0.0041670 seconds, Stopping threads took: 0.0020830 seconds
29.551: Application time: 0.0732320 seconds
29.554: [GC [PSYoungGen: 90528K->7568K(97280K)] 94369K->11417K(319488K), 0.0021180 secs] [Times: user=0.02 sys=0.00, real=0.01 secs] 
29.556: Total time for which application threads were stopped: 0.0047860 seconds, Stopping threads took: 0.0025900 seconds
29.632: Application time: 0.0767650 seconds
29.635: [GC [PSYoungGen: 91024K->7824K(97280K)] 94873K->11673K(319488K), 0.0021560 secs] [Times: user=0.01 sys=0.00, real=0.00 secs] 
29.638: Total time for which application threads were stopped: 0.0051050 seconds, Stopping threads took: 0.0028700 seconds
29.709: Application time: 0.0718160 seconds
29.712: [GC [PSYoungGen: 91280K->8000K(97280K)] 95129K->11849K(319488K), 0.0023230 secs] [Times: user=0.01 sys=0.01, real=0.00 secs] 
29.714: Total time for which application threads were stopped: 0.0045330 seconds, Stopping threads took: 0.0021310 seconds
29.788: Application time: 0.0740640 seconds
29.790: [GC [PSYoungGen: 91456K->8304K(97280K)] 95305K->12153K(319488K), 0.0025570 secs] [Times: user=0.02 sys=0.00, real=0.00 secs] 
29.792: Total time for which application threads were stopped: 0.0044430 seconds, Stopping threads took: 0.0017940 seconds
29.868: Application time: 0.0759080 seconds
29.870: [GC [PSYoungGen: 91760K->7568K(97280K)] 95609K->11433K(319488K), 0.0021490 secs] [Times: user=0.01 sys=0.00, real=0.00 secs] 
29.872: Total time for which application threads were stopped: 0.0038960 seconds, Stopping threads took: 0.0016620 seconds
29.947: Application time: 0.0746840 seconds
29.949: [GC [PSYoungGen: 91024K->6336K(97280K)] 94889K->10209K(319488K), 0.0018510 secs] [Times: user=0.02 sys=0.00, real=0.00 secs] 
29.951: Total time for which application threads were stopped: 0.0040950 seconds, Stopping threads took: 0.0021650 seconds
30.028: Application time: 0.0765590 seconds
30.030: [GC [PSYoungGen: 89792K->5952K(97280K)] 93665K->9833K(319488K), 0.0016950 secs] [Times: user=0.01 sys=0.00, real=0.00 secs] 
30.032: Total time for which application threads were stopped: 0.0045580 seconds, Stopping threads took: 0.0027890 seconds
30.108: Application time: 0.0762700 seconds
30.111: [GC [PSYoungGen: 89408K->7360K(97280K)] 93289K->11241K(319488K), 0.0021400 secs] [Times: user=0.01 sys=0.00, real=0.00 secs] 
30.113: Total time for which application threads were stopped: 0.0045790 seconds, Stopping threads took: 0.0023580 seconds
30.187: Application time: 0.0743670 seconds
30.190: [GC [PSYoungGen: 90816K->7552K(97280K)] 94697K->11433K(319488K), 0.0021120 secs] [Times: user=0.01 sys=0.00, real=0.00 secs] 
30.192: Total time for which application threads were stopped: 0.0045050 seconds, Stopping threads took: 0.0023120 seconds
30.266: Application time: 0.0742060 seconds
30.268: [GC [PSYoungGen: 91008K->7776K(97280K)] 94889K->11657K(319488K), 0.0022810 secs] [Times: user=0.02 sys=0.00, real=0.00 secs] 
30.270: Total time for which application threads were stopped: 0.0041730 seconds, Stopping threads took: 0.0017900 seconds
30.344: Application time: 0.0736810 seconds
30.346: [GC [PSYoungGen: 91232K->7040K(97280K)] 95113K->10929K(319488K), 0.0021340 secs] [Times: user=0.02 sys=0.00, real=0.01 secs] 
30.348: Total time for which application threads were stopped: 0.0040040 seconds, Stopping threads took: 0.0017850 seconds
30.423: Application time: 0.0754110 seconds
30.425: [GC [PSYoungGen: 90496K->7200K(97280K)] 94385K->11097K(319488K), 0.0021740 secs] [Times: user=0.01 sys=0.00, real=0.01 secs] 
30.427: Total time for which application threads were stopped: 0.0041210 seconds, Stopping threads took: 0.0018700 seconds
30.501: Application time: 0.0739080 seconds
30.504: [GC [PSYoungGen: 90656K->7392K(97280K)] 94553K->11297K(319488K), 0.0021900 secs] [Times: user=0.02 sys=0.00, real=0.00 secs] 
30.506: Total time for which application threads were stopped: 0.0047050 seconds, Stopping threads took: 0.0024360 seconds
30.580: Application time: 0.0736980 seconds
30.582: [GC [PSYoungGen: 90848K->7120K(97280K)] 94753K->11025K(319488K), 0.0021000 secs] [Times: user=0.01 sys=0.00, real=0.00 secs] 
30.585: Total time for which application threads were stopped: 0.0047070 seconds, Stopping threads took: 0.0025260 seconds
30.659: Application time: 0.0749530 seconds
30.662: [GC [PSYoungGen: 90576K->8016K(97280K)] 94481K->11921K(319488K), 0.0023130 secs] [Times: user=0.01 sys=0.00, real=0.00 secs] 
30.665: Total time for which application threads were stopped: 0.0053080 seconds, Stopping threads took: 0.0029150 seconds
30.739: Application time: 0.0737450 seconds
30.740: [GC [PSYoungGen: 91472K->6112K(97280K)] 95377K->10017K(319488K), 0.0017790 secs] [Times: user=0.01 sys=0.00, real=0.00 secs] 
30.742: Total time for which application threads were stopped: 0.0037820 seconds, Stopping threads took: 0.0019240 seconds
30.816: Application time: 0.0732060 seconds
30.818: [GC [PSYoungGen: 89568K->7536K(97280K)] 93473K->11441K(319488K), 0.0021670 secs] [Times: user=0.02 sys=0.00, real=0.00 secs] 
30.820: Total time for which application threads were stopped: 0.0045800 seconds, Stopping threads took: 0.0023300 seconds
30.894: Application time: 0.0739210 seconds
30.897: [GC [PSYoungGen: 90992K->8064K(97280K)] 94897K->11993K(319488K), 0.0023590 secs] [Times: user=0.01 sys=0.01, real=0.00 secs] 
30.899: Total time for which application threads were stopped: 0.0052260 seconds, Stopping threads took: 0.0027840 seconds
30.973: Application time: 0.0733090 seconds
30.975: [GC [PSYoungGen: 91520K->7552K(97280K)] 95449K->11489K(319488K), 0.0021900 secs] [Times: user=0.02 sys=0.00, real=0.00 secs] 
30.977: Total time for which application threads were stopped: 0.0045730 seconds, Stopping threads took: 0.0022920 seconds
31.058: Application time: 0.0811070 seconds
31.059: [GC [PSYoungGen: 91008K->7344K(97280K)] 94945K->11281K(319488K), 0.0021890 secs] [Times: user=0.02 sys=0.00, real=0.00 secs] 
31.061: Total time for which application threads were stopped: 0.0031920 seconds, Stopping threads took: 0.0009270 seconds
31.136: Application time: 0.0749720 seconds
31.139: [GC [PSYoungGen: 90800K->4384K(97280K)] 94737K->8321K(319488K), 0.0013940 secs] [Times: user=0.00 sys=0.00, real=0.00 secs] 
31.140: Total time for which application threads were stopped: 0.0036340 seconds, Stopping threads took: 0.0021650 seconds
31.214: Application time: 0.0741170 seconds
31.216: [GC [PSYoungGen: 87840K->8096K(97280K)] 91777K->12033K(319488K), 0.0023920 secs] [Times: user=0.01 sys=0.00, real=0.00 secs] 
31.219: Total time for which application threads were stopped: 0.0046910 seconds, Stopping threads took: 0.0022140 seconds
31.294: Application time: 0.0746740 seconds
31.296: [GC [PSYoungGen: 91552K->6256K(97280K)] 95489K->10193K(319488K), 0.0018030 secs] [Times: user=0.01 sys=0.00, real=0.00 secs] 
31.298: Total time for which application threads were stopped: 0.0047440 seconds, Stopping threads took: 0.0028700 seconds
31.375: Application time: 0.0763030 seconds
31.377: [GC [PSYoungGen: 89712K->7616K(97280K)] 93649K->11561K(319488K), 0.0021870 secs] [Times: user=0.01 sys=0.00, real=0.00 secs] 
31.379: Total time for which application threads were stopped: 0.0043050 seconds, Stopping threads took: 0.0020280 seconds
31.452: Application time: 0.0731630 seconds
31.454: [GC [PSYoungGen: 91072K->7424K(97280K)] 95017K->11377K(319488K), 0.0020680 secs] [Times: user=0.01 sys=0.00, real=0.01 secs] 
31.457: Total time for which application threads were stopped: 0.0045360 seconds, Stopping threads took: 0.0023810 seconds
31.529: Application time: 0.0728270 seconds
31.532: [GC [PSYoungGen: 90880K->7888K(97280K)] 94833K->11849K(319488K), 0.0022480 secs] [Times: user=0.02 sys=0.00, real=0.00 secs] 
31.534: Total time for which application threads were stopped: 0.0045950 seconds, Stopping threads took: 0.0022670 seconds
31.607: Application time: 0.0733520 seconds
31.610: [GC [PSYoungGen: 91344K->7520K(97280K)] 95305K->11481K(319488K), 0.0021410 secs] [Times: user=0.02 sys=0.00, real=0.00 secs] 
31.612: Total time for which application threads were stopped: 0.0044470 seconds, Stopping threads took: 0.0022260 seconds
31.688: Application time: 0.0758490 seconds
31.690: [GC [PSYoungGen: 90976K->7712K(97280K)] 94937K->11673K(319488K), 0.0022580 secs] [Times: user=0.01 sys=0.00, real=0.00 secs] 
31.692: Total time for which application threads were stopped: 0.0044370 seconds, Stopping threads took: 0.0020950 seconds
31.769: Application time: 0.0764070 seconds
31.771: [GC [PSYoungGen: 91168K->7440K(97280K)] 95129K->11401K(319488K), 0.0021830 secs] [Times: user=0.02 sys=0.00, real=0.00 secs] 
31.773: Total time for which application threads were stopped: 0.0042460 seconds, Stopping threads took: 0.0019810 seconds
31.847: Application time: 0.0744210 seconds
31.849: [GC [PSYoungGen: 90896K->7056K(97280K)] 94857K->11025K(319488K), 0.0021480 secs] [Times: user=0.01 sys=0.00, real=0.00 secs] 
31.851: Total time for which application threads were stopped: 0.0035840 seconds, Stopping threads took: 0.0013560 seconds
31.924: Application time: 0.0732050 seconds
31.927: [GC [PSYoungGen: 90512K->6608K(97280K)] 94481K->10585K(319488K), 0.0019150 secs] [Times: user=0.00 sys=0.00, real=0.01 secs] 
31.929: Total time for which application threads were stopped: 0.0045310 seconds, Stopping threads took: 0.0025320 seconds
32.004: Application time: 0.0752710 seconds
32.006: [GC [PSYoungGen: 90064K->7280K(97280K)] 94041K->11265K(319488K), 0.0020230 secs] [Times: user=0.01 sys=0.00, real=0.01 secs] 
32.008: Total time for which application threads were stopped: 0.0044790 seconds, Stopping threads took: 0.0023630 seconds
32.083: Application time: 0.0746480 seconds
32.085: [GC [PSYoungGen: 90736K->6880K(97280K)] 94721K->10865K(319488K), 0.0019910 secs] [Times: user=0.01 sys=0.00, real=0.01 secs] 
32.087: Total time for which application threads were stopped: 0.0045210 seconds, Stopping threads took: 0.0024520 seconds
32.161: Application time: 0.0737800 seconds
32.163: [GC [PSYoungGen: 90336K->6992K(97280K)] 94321K->10977K(319488K), 0.0020050 secs] [Times: user=0.01 sys=0.00, real=0.00 secs] 
32.165: Total time for which application threads were stopped: 0.0039490 seconds, Stopping threads took: 0.0018600 seconds
32.240: Application time: 0.0750370 seconds
32.243: [GC [PSYoungGen: 90448K->8240K(97280K)] 94433K->12225K(319488K), 0.0026810 secs] [Times: user=0.01 sys=0.01, real=0.00 secs] 
32.246: Total time for which application threads were stopped: 0.0053870 seconds, Stopping threads took: 0.0026220 seconds
32.323: Application time: 0.0777450 seconds
32.324: [GC [PSYoungGen: 91696K->5232K(97280K)] 95681K->9225K(319488K), 0.0016040 secs] [Times: user=0.02 sys=0.00, real=0.00 secs] 
32.326: Total time for which application threads were stopped: 0.0023460 seconds, Stopping threads took: 0.0006720 seconds
32.402: Application time: 0.0759450 seconds
32.404: [GC [PSYoungGen: 88688K->6416K(97280K)] 92681K->10417K(319488K), 0.0017850 secs] [Times: user=0.01 sys=0.00, real=0.00 secs] 
32.406: Total time for which application threads were stopped: 0.0041680 seconds, Stopping threads took: 0.0023080 seconds
32.480: Application time: 0.0739160 seconds
32.483: [GC [PSYoungGen: 89872K->7808K(97280K)] 93873K->11817K(319488K), 0.0022040 secs] [Times: user=0.01 sys=0.00, real=0.00 secs] 
32.485: Total time for which application threads were stopped: 0.0051140 seconds, Stopping threads took: 0.0028300 seconds
32.562: Application time: 0.0771100 seconds
32.565: [GC [PSYoungGen: 91264K->7232K(97280K)] 95273K->11241K(319488K), 0.0020410 secs] [Times: user=0.02 sys=0.00, real=0.00 secs] 
32.567: Total time for which application threads were stopped: 0.0046250 seconds, Stopping threads took: 0.0024980 seconds
32.640: Application time: 0.0729780 seconds
32.641: [GC [PSYoungGen: 90688K->7600K(97280K)] 94697K->11609K(319488K), 0.0021440 secs] [Times: user=0.01 sys=0.00, real=0.00 secs] 
32.643: Total time for which application threads were stopped: 0.0038230 seconds, Stopping threads took: 0.0015940 seconds
32.717: Application time: 0.0738580 seconds
32.720: [GC [PSYoungGen: 91056K->6864K(97280K)] 95065K->10873K(319488K), 0.0020750 secs] [Times: user=0.02 sys=0.00, real=0.00 secs] 
32.722: Total time for which application threads were stopped: 0.0048100 seconds, Stopping threads took: 0.0026330 seconds
32.796: Application time: 0.0734620 seconds
32.798: [GC [PSYoungGen: 90320K->6448K(97280K)] 94329K->10465K(319488K), 0.0019770 secs] [Times: user=0.01 sys=0.00, real=0.00 secs] 
32.800: Total time for which application threads were stopped: 0.0041850 seconds, Stopping threads took: 0.0021300 seconds
32.874: Application time: 0.0738680 seconds
32.875: [GC [PSYoungGen: 89904K->6288K(97280K)] 93921K->10313K(319488K), 0.0017950 secs] [Times: user=0.01 sys=0.00, real=0.00 secs] 
32.877: Total time for which application threads were stopped: 0.0036410 seconds, Stopping threads took: 0.0017680 seconds
32.955: Application time: 0.0774030 seconds
32.957: [GC [PSYoungGen: 89742K->7040K(97280K)] 93767K->11073K(319488K), 0.0020740 secs] [Times: user=0.01 sys=0.00, real=0.00 secs] 
32.960: Total time for which application threads were stopped: 0.0049000 seconds, Stopping threads took: 0.0027470 seconds
33.036: Application time: 0.0764300 seconds
33.038: [GC [PSYoungGen: 90496K->5888K(97280K)] 94529K->9921K(319488K), 0.0016580 secs] [Times: user=0.01 sys=0.00, real=0.00 secs] 
33.040: Total time for which application threads were stopped: 0.0037100 seconds, Stopping threads took: 0.0019760 seconds
33.116: Application time: 0.0758180 seconds
33.118: [GC [PSYoungGen: 89344K->7136K(97280K)] 93377K->11169K(319488K), 0.0021020 secs] [Times: user=0.01 sys=0.00, real=0.00 secs] 
33.120: Total time for which application threads were stopped: 0.0047830 seconds, Stopping threads took: 0.0025890 seconds
33.199: Application time: 0.0785890 seconds
33.201: [GC [PSYoungGen: 90592K->7120K(97280K)] 94625K->11153K(319488K), 0.0019670 secs] [Times: user=0.01 sys=0.00, real=0.00 secs] 
33.203: Total time for which application threads were stopped: 0.0041420 seconds, Stopping threads took: 0.0020980 seconds
33.282: Application time: 0.0791710 seconds
33.285: [GC [PSYoungGen: 90576K->6128K(97280K)] 94609K->10161K(319488K), 0.0017910 secs] [Times: user=0.01 sys=0.00, real=0.01 secs] 
33.287: Total time for which application threads were stopped: 0.0049170 seconds, Stopping threads took: 0.0030420 seconds
33.366: Application time: 0.0787720 seconds
33.369: [GC [PSYoungGen: 89584K->6256K(97280K)] 93617K->10297K(319488K), 0.0018260 secs] [Times: user=0.01 sys=0.00, real=0.00 secs] 
33.371: Total time for which application threads were stopped: 0.0049970 seconds, Stopping threads took: 0.0030840 seconds
33.450: Application time: 0.0787220 seconds
33.452: [GC [PSYoungGen: 89712K->7680K(97280K)] 93753K->11729K(319488K), 0.0023570 secs] [Times: user=0.02 sys=0.00, real=0.00 secs] 
33.454: Total time for which application threads were stopped: 0.0046540 seconds, Stopping threads took: 0.0022170 seconds
33.533: Application time: 0.0784310 seconds
33.535: [GC [PSYoungGen: 91136K->7440K(97280K)] 95185K->11489K(319488K), 0.0021960 secs] [Times: user=0.01 sys=0.00, real=0.00 secs] 
33.537: Total time for which application threads were stopped: 0.0045690 seconds, Stopping threads took: 0.0022920 seconds
33.618: Application time: 0.0811520 seconds
33.621: [GC [PSYoungGen: 90896K->6336K(97280K)] 94945K->10385K(319488K), 0.0018290 secs] [Times: user=0.01 sys=0.00, real=0.00 secs] 
33.622: Total time for which application threads were stopped: 0.0040020 seconds, Stopping threads took: 0.0020850 seconds
33.701: Application time: 0.0785700 seconds
33.703: [GC [PSYoungGen: 89792K->5904K(97280K)] 93841K->9953K(319488K), 0.0017610 secs] [Times: user=0.01 sys=0.00, real=0.00 secs] 
33.705: Total time for which application threads were stopped: 0.0039990 seconds, Stopping threads took: 0.0021570 seconds
33.785: Application time: 0.0801340 seconds
33.788: [GC [PSYoungGen: 89360K->6416K(97280K)] 93409K->10465K(319488K), 0.0019650 secs] [Times: user=0.01 sys=0.00, real=0.00 secs] 
33.790: Total time for which application threads were stopped: 0.0045950 seconds, Stopping threads took: 0.0025440 seconds
33.868: Application time: 0.0783970 seconds
33.871: [GC [PSYoungGen: 89872K->8032K(97280K)] 93921K->12089K(319488K), 0.0025450 secs] [Times: user=0.02 sys=0.00, real=0.00 secs] 
33.873: Total time for which application threads were stopped: 0.0049740 seconds, Stopping threads took: 0.0023490 seconds
33.957: Application time: 0.0843780 seconds
33.959: [GC [PSYoungGen: 91488K->6656K(97280K)] 95545K->10721K(319488K), 0.0019890 secs] [Times: user=0.01 sys=0.01, real=0.00 secs] 
33.961: Total time for which application threads were stopped: 0.0036240 seconds, Stopping threads took: 0.0015560 seconds
34.040: Application time: 0.0791820 seconds
34.043: [GC [PSYoungGen: 90112K->5536K(97280K)] 94177K->9609K(319488K), 0.0016590 secs] [Times: user=0.01 sys=0.00, real=0.00 secs] 
34.045: Total time for which application threads were stopped: 0.0045640 seconds, Stopping threads took: 0.0028310 seconds
34.124: Application time: 0.0794740 seconds
34.127: [GC [PSYoungGen: 88992K->7056K(97280K)] 93065K->11129K(319488K), 0.0020430 secs] [Times: user=0.01 sys=0.00, real=0.00 secs] 
34.129: Total time for which application threads were stopped: 0.0048210 seconds, Stopping threads took: 0.0026840 seconds
34.211: Application time: 0.0815620 seconds
34.213: [GC [PSYoungGen: 90512K->6544K(97280K)] 94585K->10617K(319488K), 0.0018380 secs] [Times: user=0.01 sys=0.00, real=0.01 secs] 
34.215: Total time for which application threads were stopped: 0.0042050 seconds, Stopping threads took: 0.0022890 seconds
34.292: Application time: 0.0773010 seconds
34.295: [GC [PSYoungGen: 90000K->6544K(97280K)] 94073K->10617K(319488K), 0.0018720 secs] [Times: user=0.01 sys=0.00, real=0.00 secs] 
34.297: Total time for which application threads were stopped: 0.0049850 seconds, Stopping threads took: 0.0030340 seconds
34.377: Application time: 0.0796400 seconds
34.380: [GC [PSYoungGen: 90000K->8032K(97280K)] 94073K->12113K(319488K), 0.0023800 secs] [Times: user=0.02 sys=0.00, real=0.00 secs] 
34.382: Total time for which application threads were stopped: 0.0052610 seconds, Stopping threads took: 0.0027960 seconds
34.461: Application time: 0.0787160 seconds
34.463: [GC [PSYoungGen: 91488K->7376K(97280K)] 95569K->11465K(319488K), 0.0022000 secs] [Times: user=0.02 sys=0.01, real=0.00 secs] 
34.465: Total time for which application threads were stopped: 0.0044240 seconds, Stopping threads took: 0.0021410 seconds
34.546: Application time: 0.0802890 seconds
34.548: [GC [PSYoungGen: 90832K->6976K(97280K)] 94921K->11073K(319488K), 0.0021480 secs] [Times: user=0.01 sys=0.00, real=0.00 secs] 
34.551: Total time for which application threads were stopped: 0.0050530 seconds, Stopping threads took: 0.0027990 seconds
34.630: Application time: 0.0791930 seconds
34.632: [GC [PSYoungGen: 90432K->6528K(97280K)] 94529K->10625K(319488K), 0.0020120 secs] [Times: user=0.01 sys=0.00, real=0.00 secs] 
34.634: Total time for which application threads were stopped: 0.0045150 seconds, Stopping threads took: 0.0024090 seconds
34.713: Application time: 0.0785840 seconds
34.715: [GC [PSYoungGen: 89984K->7296K(97280K)] 94081K->11393K(319488K), 0.0020840 secs] [Times: user=0.01 sys=0.00, real=0.01 secs] 
34.717: Total time for which application threads were stopped: 0.0037890 seconds, Stopping threads took: 0.0016220 seconds
34.796: Application time: 0.0797030 seconds
34.798: [GC [PSYoungGen: 90752K->7200K(97280K)] 94849K->11297K(319488K), 0.0021770 secs] [Times: user=0.02 sys=0.00, real=0.00 secs] 
34.800: Total time for which application threads were stopped: 0.0039990 seconds, Stopping threads took: 0.0017390 seconds
34.878: Application time: 0.0778800 seconds
34.880: [GC [PSYoungGen: 90656K->7664K(97280K)] 94753K->11769K(319488K), 0.0023250 secs] [Times: user=0.01 sys=0.00, real=0.00 secs] 
34.883: Total time for which application threads were stopped: 0.0044710 seconds, Stopping threads took: 0.0020660 seconds
34.962: Application time: 0.0789220 seconds
34.964: [GC [PSYoungGen: 91119K->7120K(97280K)] 95225K->11241K(319488K), 0.0021360 secs] [Times: user=0.01 sys=0.00, real=0.00 secs] 
34.966: Total time for which application threads were stopped: 0.0042930 seconds, Stopping threads took: 0.0020730 seconds
35.045: Application time: 0.0791990 seconds
35.047: [GC [PSYoungGen: 90576K->6768K(97280K)] 94697K->10897K(319488K), 0.0019640 secs] [Times: user=0.01 sys=0.00, real=0.00 secs] 
35.049: Total time for which application threads were stopped: 0.0040540 seconds, Stopping threads took: 0.0020180 seconds
35.126: Application time: 0.0763460 seconds
35.128: [GC [PSYoungGen: 90224K->7392K(97280K)] 94353K->11521K(319488K), 0.0022780 secs] [Times: user=0.02 sys=0.00, real=0.00 secs] 
35.130: Total time for which application threads were stopped: 0.0048380 seconds, Stopping threads took: 0.0024580 seconds
35.212: Application time: 0.0814620 seconds
35.215: [GC [PSYoungGen: 90848K->7696K(97280K)] 94977K->11825K(319488K), 0.0023270 secs] [Times: user=0.00 sys=0.01, real=0.01 secs] 
35.217: Total time for which application threads were stopped: 0.0053230 seconds, Stopping threads took: 0.0029020 seconds
35.295: Application time: 0.0779330 seconds
35.298: [GC [PSYoungGen: 91152K->5824K(97280K)] 95281K->9953K(319488K), 0.0018810 secs] [Times: user=0.02 sys=0.00, real=0.00 secs] 
35.300: Total time for which application threads were stopped: 0.0043510 seconds, Stopping threads took: 0.0023630 seconds
35.377: Application time: 0.0774070 seconds
35.380: [GC [PSYoungGen: 89280K->7248K(97280K)] 93409K->11377K(319488K), 0.0020990 secs] [Times: user=0.02 sys=0.00, real=0.00 secs] 
35.382: Total time for which application threads were stopped: 0.0052360 seconds, Stopping threads took: 0.0030450 seconds
35.462: Application time: 0.0800640 seconds
35.464: [GC [PSYoungGen: 90704K->6048K(97280K)] 94833K->10185K(319488K), 0.0017970 secs] [Times: user=0.01 sys=0.00, real=0.00 secs] 
35.466: Total time for which application threads were stopped: 0.0037490 seconds, Stopping threads took: 0.0018700 seconds
35.544: Application time: 0.0778180 seconds
35.547: [GC [PSYoungGen: 89504K->7536K(97280K)] 93641K->11681K(319488K), 0.0022740 secs] [Times: user=0.01 sys=0.00, real=0.00 secs] 
35.549: Total time for which application threads were stopped: 0.0055030 seconds, Stopping threads took: 0.0031440 seconds
35.632: Application time: 0.0824930 seconds
35.634: [GC [PSYoungGen: 90992K->4704K(97280K)] 95137K->8849K(319488K), 0.0014540 secs] [Times: user=0.01 sys=0.00, real=0.01 secs] 
35.635: Total time for which application threads were stopped: 0.0034400 seconds, Stopping threads took: 0.0019120 seconds
35.715: Application time: 0.0799700 seconds
35.719: [GC [PSYoungGen: 88160K->5376K(97280K)] 92305K->9521K(319488K), 0.0015760 secs] [Times: user=0.01 sys=0.00, real=0.00 secs] 
35.721: Total time for which application threads were stopped: 0.0053850 seconds, Stopping threads took: 0.0037290 seconds
35.799: Application time: 0.0786380 seconds
35.801: [GC [PSYoungGen: 88832K->6816K(97280K)] 92977K->10961K(319488K), 0.0021340 secs] [Times: user=0.01 sys=0.00, real=0.00 secs] 
35.804: Total time for which application threads were stopped: 0.0044190 seconds, Stopping threads took: 0.0022000 seconds
35.881: Application time: 0.0773110 seconds
35.883: [GC [PSYoungGen: 90272K->7728K(97280K)] 94417K->11873K(319488K), 0.0022440 secs] [Times: user=0.02 sys=0.00, real=0.00 secs] 
35.885: Total time for which application threads were stopped: 0.0044420 seconds, Stopping threads took: 0.0021170 seconds
35.965: Application time: 0.0791680 seconds
35.968: [GC [PSYoungGen: 91184K->7216K(97280K)] 95329K->11369K(319488K), 0.0022280 secs] [Times: user=0.02 sys=0.00, real=0.00 secs] 
35.970: Total time for which application threads were stopped: 0.0054600 seconds, Stopping threads took: 0.0031340 seconds
36.050: Application time: 0.0795950 seconds
36.052: [GC [PSYoungGen: 90672K->6720K(97280K)] 94825K->10881K(319488K), 0.0019990 secs] [Times: user=0.01 sys=0.00, real=0.00 secs] 
36.054: Total time for which application threads were stopped: 0.0047710 seconds, Stopping threads took: 0.0026630 seconds
36.135: Application time: 0.0805570 seconds
36.137: [GC [PSYoungGen: 90176K->6624K(97280K)] 94337K->10793K(319488K), 0.0019850 secs] [Times: user=0.02 sys=0.00, real=0.00 secs] 
36.139: Total time for which application threads were stopped: 0.0041710 seconds, Stopping threads took: 0.0021040 seconds
36.219: Application time: 0.0794570 seconds
36.220: [GC [PSYoungGen: 90080K->7696K(97280K)] 94249K->11865K(319488K), 0.0026050 secs] [Times: user=0.01 sys=0.00, real=0.00 secs] 
36.222: Total time for which application threads were stopped: 0.0038650 seconds, Stopping threads took: 0.0011800 seconds
36.300: Application time: 0.0771820 seconds
36.302: [GC [PSYoungGen: 91152K->7632K(97280K)] 95321K->11801K(319488K), 0.0022490 secs] [Times: user=0.02 sys=0.00, real=0.00 secs] 
36.305: Total time for which application threads were stopped: 0.0048520 seconds, Stopping threads took: 0.0025070 seconds
36.383: Application time: 0.0786600 seconds
36.386: [GC [PSYoungGen: 91088K->6912K(97280K)] 95257K->11081K(319488K), 0.0020870 secs] [Times: user=0.01 sys=0.00, real=0.01 secs] 
36.388: Total time for which application threads were stopped: 0.0045690 seconds, Stopping threads took: 0.0023770 seconds
36.465: Application time: 0.0770610 seconds
36.468: [GC [PSYoungGen: 90368K->7488K(97280K)] 94537K->11665K(319488K), 0.0021790 secs] [Times: user=0.02 sys=0.01, real=0.00 secs] 
36.470: Total time for which application threads were stopped: 0.0052010 seconds, Stopping threads took: 0.0029350 seconds
36.550: Application time: 0.0799040 seconds
36.553: [GC [PSYoungGen: 90944K->8064K(97280K)] 95121K->12249K(319488K), 0.0024430 secs] [Times: user=0.01 sys=0.00, real=0.01 secs] 
36.556: Total time for which application threads were stopped: 0.0057980 seconds, Stopping threads took: 0.0032520 seconds
36.636: Application time: 0.0802240 seconds
36.639: [GC [PSYoungGen: 91520K->6272K(97280K)] 95705K->10465K(319488K), 0.0019280 secs] [Times: user=0.02 sys=0.00, real=0.00 secs] 
36.641: Total time for which application threads were stopped: 0.0045780 seconds, Stopping threads took: 0.0025680 seconds
36.721: Application time: 0.0802670 seconds
36.723: [GC [PSYoungGen: 89728K->5856K(97280K)] 93921K->10049K(319488K), 0.0016980 secs] [Times: user=0.01 sys=0.00, real=0.00 secs] 
36.725: Total time for which application threads were stopped: 0.0037840 seconds, Stopping threads took: 0.0020110 seconds
36.806: Application time: 0.0810240 seconds
36.808: [GC [PSYoungGen: 89312K->7488K(97280K)] 93505K->11681K(319488K), 0.0020830 secs] [Times: user=0.01 sys=0.00, real=0.00 secs] 
36.810: Total time for which application threads were stopped: 0.0045050 seconds, Stopping threads took: 0.0023300 seconds
36.887: Application time: 0.0772480 seconds
36.890: [GC [PSYoungGen: 90944K->7904K(97280K)] 95137K->12097K(319488K), 0.0023560 secs] [Times: user=0.02 sys=0.00, real=0.00 secs] 
36.892: Total time for which application threads were stopped: 0.0047220 seconds, Stopping threads took: 0.0022860 seconds
36.970: Application time: 0.0782360 seconds
36.972: [GC [PSYoungGen: 91360K->7888K(97280K)] 95553K->12089K(319488K), 0.0024120 secs] [Times: user=0.02 sys=0.00, real=0.00 secs] 
36.975: Total time for which application threads were stopped: 0.0045430 seconds, Stopping threads took: 0.0020400 seconds
37.053: Application time: 0.0783540 seconds
37.056: [GC [PSYoungGen: 91344K->7872K(97280K)] 95545K->12081K(319488K), 0.0024790 secs] [Times: user=0.02 sys=0.00, real=0.00 secs] 
37.059: Total time for which application threads were stopped: 0.0054770 seconds, Stopping threads took: 0.0028940 seconds
37.137: Application time: 0.0781710 seconds
37.139: [GC [PSYoungGen: 91328K->6240K(97280K)] 95537K->10457K(319488K), 0.0018410 secs] [Times: user=0.01 sys=0.00, real=0.00 secs] 
37.141: Total time for which application threads were stopped: 0.0039980 seconds, Stopping threads took: 0.0020780 seconds
37.214: Application time: 0.0735280 seconds
37.217: [GC [PSYoungGen: 89696K->6208K(97280K)] 93913K->10425K(319488K), 0.0018110 secs] [Times: user=0.01 sys=0.00, real=0.00 secs] 
37.219: Total time for which application threads were stopped: 0.0042330 seconds, Stopping threads took: 0.0023430 seconds
37.292: Application time: 0.0730830 seconds
37.294: [GC [PSYoungGen: 89664K->7392K(97280K)] 93881K->11609K(319488K), 0.0023040 secs] [Times: user=0.02 sys=0.00, real=0.01 secs] 
37.297: Total time for which application threads were stopped: 0.0048100 seconds, Stopping threads took: 0.0024210 seconds
37.369: Application time: 0.0729420 seconds
37.371: [GC [PSYoungGen: 90848K->7456K(97280K)] 95065K->11673K(319488K), 0.0021440 secs] [Times: user=0.01 sys=0.00, real=0.00 secs] 
37.373: Total time for which application threads were stopped: 0.0037070 seconds, Stopping threads took: 0.0014730 seconds
37.448: Application time: 0.0744210 seconds
37.449: [GC [PSYoungGen: 90912K->6448K(97280K)] 95129K->10665K(319488K), 0.0018180 secs] [Times: user=0.01 sys=0.00, real=0.00 secs] 
37.451: Total time for which application threads were stopped: 0.0036650 seconds, Stopping threads took: 0.0017660 seconds
37.527: Application time: 0.0761990 seconds
37.530: [GC [PSYoungGen: 89904K->6112K(97280K)] 94121K->10337K(319488K), 0.0017190 secs] [Times: user=0.01 sys=0.00, real=0.00 secs] 
37.532: Total time for which application threads were stopped: 0.0041820 seconds, Stopping threads took: 0.0023880 seconds
37.607: Application time: 0.0750640 seconds
37.609: [GC [PSYoungGen: 89568K->7664K(97280K)] 93793K->11897K(319488K), 0.0022620 secs] [Times: user=0.01 sys=0.00, real=0.00 secs] 
37.611: Total time for which application threads were stopped: 0.0047530 seconds, Stopping threads took: 0.0024040 seconds
37.687: Application time: 0.0751280 seconds
37.688: [GC [PSYoungGen: 91120K->6176K(97280K)] 95353K->10417K(319488K), 0.0017860 secs] [Times: user=0.01 sys=0.00, real=0.00 secs] 
37.690: Total time for which application threads were stopped: 0.0034680 seconds, Stopping threads took: 0.0016040 seconds
37.764: Application time: 0.0742290 seconds
37.767: [GC [PSYoungGen: 89632K->7680K(97280K)] 93873K->11921K(319488K), 0.0022880 secs] [Times: user=0.01 sys=0.00, real=0.00 secs] 
37.769: Total time for which application threads were stopped: 0.0049170 seconds, Stopping threads took: 0.0025460 seconds
37.845: Application time: 0.0753900 seconds
37.846: [GC [PSYoungGen: 91136K->6736K(97280K)] 95377K->10977K(319488K), 0.0019680 secs] [Times: user=0.01 sys=0.00, real=0.01 secs] 
37.848: Total time for which application threads were stopped: 0.0031450 seconds, Stopping threads took: 0.0010870 seconds
37.926: Application time: 0.0784450 seconds
37.929: [GC [PSYoungGen: 90192K->5936K(97280K)] 94433K->10177K(319488K), 0.0016960 secs] [Times: user=0.01 sys=0.00, real=0.00 secs] 
37.931: Total time for which application threads were stopped: 0.0048130 seconds, Stopping threads took: 0.0030340 seconds
38.005: Application time: 0.0737810 seconds
38.007: [GC [PSYoungGen: 89392K->7280K(97280K)] 93633K->11529K(319488K), 0.0020610 secs] [Times: user=0.01 sys=0.01, real=0.01 secs] 
38.009: Total time for which application threads were stopped: 0.0040770 seconds, Stopping threads took: 0.0019330 seconds
38.085: Application time: 0.0763900 seconds
38.088: [GC [PSYoungGen: 90736K->7696K(97280K)] 94985K->11953K(319488K), 0.0022630 secs] [Times: user=0.02 sys=0.00, real=0.00 secs] 
38.090: Total time for which application threads were stopped: 0.0045820 seconds, Stopping threads took: 0.0022360 seconds
38.164: Application time: 0.0742340 seconds
38.167: [GC [PSYoungGen: 91152K->7456K(97280K)] 95409K->11721K(319488K), 0.0021400 secs] [Times: user=0.02 sys=0.00, real=0.01 secs] 
38.169: Total time for which application threads were stopped: 0.0047550 seconds, Stopping threads took: 0.0025330 seconds
38.243: Application time: 0.0741620 seconds
38.245: [GC [PSYoungGen: 90912K->6784K(97280K)] 95177K->11049K(319488K), 0.0019830 secs] [Times: user=0.01 sys=0.00, real=0.00 secs] 
38.247: Total time for which application threads were stopped: 0.0035760 seconds, Stopping threads took: 0.0015160 seconds
38.322: Application time: 0.0753820 seconds
38.324: [GC [PSYoungGen: 90240K->5536K(97280K)] 94505K->9801K(319488K), 0.0016220 secs] [Times: user=0.01 sys=0.00, real=0.00 secs] 
38.325: Total time for which application threads were stopped: 0.0034870 seconds, Stopping threads took: 0.0017940 seconds
38.404: Application time: 0.0780580 seconds
38.406: [GC [PSYoungGen: 88992K->7232K(97280K)] 93257K->11497K(319488K), 0.0020730 secs] [Times: user=0.01 sys=0.00, real=0.01 secs] 
38.408: Total time for which application threads were stopped: 0.0048880 seconds, Stopping threads took: 0.0027380 seconds
38.483: Application time: 0.0749240 seconds
38.485: [GC [PSYoungGen: 90688K->6784K(97280K)] 94953K->11057K(319488K), 0.0019990 secs] [Times: user=0.01 sys=0.00, real=0.01 secs] 
38.487: Total time for which application threads were stopped: 0.0038980 seconds, Stopping threads took: 0.0018100 seconds
38.563: Application time: 0.0761900 seconds
38.565: [GC [PSYoungGen: 90240K->8080K(97280K)] 94513K->12361K(319488K), 0.0024200 secs] [Times: user=0.02 sys=0.00, real=0.01 secs] 
38.568: Total time for which application threads were stopped: 0.0043500 seconds, Stopping threads took: 0.0018440 seconds
38.643: Application time: 0.0748350 seconds
38.645: [GC [PSYoungGen: 91536K->6176K(97280K)] 95817K->10465K(319488K), 0.0018020 secs] [Times: user=0.01 sys=0.00, real=0.00 secs] 
38.647: Total time for which application threads were stopped: 0.0040380 seconds, Stopping threads took: 0.0021580 seconds
38.722: Application time: 0.0757070 seconds
38.723: [GC [PSYoungGen: 89632K->6112K(97280K)] 93921K->10401K(319488K), 0.0018730 secs] [Times: user=0.01 sys=0.00, real=0.00 secs] 
38.725: Total time for which application threads were stopped: 0.0029650 seconds, Stopping threads took: 0.0010130 seconds
38.800: Application time: 0.0746710 seconds
38.801: [GC [PSYoungGen: 89568K->6688K(97280K)] 93857K->10977K(319488K), 0.0018900 secs] [Times: user=0.02 sys=0.00, real=0.00 secs] 
38.803: Total time for which application threads were stopped: 0.0029460 seconds, Stopping threads took: 0.0009790 seconds
38.878: Application time: 0.0754250 seconds
38.881: [GC [PSYoungGen: 90144K->7056K(97280K)] 94433K->11345K(319488K), 0.0020410 secs] [Times: user=0.01 sys=0.00, real=0.00 secs] 
38.884: Total time for which application threads were stopped: 0.0051260 seconds, Stopping threads took: 0.0030050 seconds
38.958: Application time: 0.0744180 seconds
38.961: [GC [PSYoungGen: 90512K->7680K(97280K)] 94801K->11977K(319488K), 0.0021240 secs] [Times: user=0.02 sys=0.00, real=0.00 secs] 
38.963: Total time for which application threads were stopped: 0.0051850 seconds, Stopping threads took: 0.0029750 seconds
39.040: Application time: 0.0767170 seconds
39.043: [GC [PSYoungGen: 91136K->6384K(97280K)] 95433K->10689K(319488K), 0.0018130 secs] [Times: user=0.01 sys=0.00, real=0.00 secs] 
39.044: Total time for which application threads were stopped: 0.0045390 seconds, Stopping threads took: 0.0026380 seconds
39.119: Application time: 0.0745280 seconds
39.122: [GC [PSYoungGen: 89840K->6880K(97280K)] 94145K->11193K(319488K), 0.0019990 secs] [Times: user=0.01 sys=0.00, real=0.00 secs] 
39.124: Total time for which application threads were stopped: 0.0049780 seconds, Stopping threads took: 0.0029020 seconds
39.199: Application time: 0.0748960 seconds
39.201: [GC [PSYoungGen: 90336K->6576K(97280K)] 94649K->10889K(319488K), 0.0018860 secs] [Times: user=0.01 sys=0.00, real=0.00 secs] 
39.202: Total time for which application threads were stopped: 0.0036540 seconds, Stopping threads took: 0.0016970 seconds
39.280: Application time: 0.0776840 seconds
39.282: [GC [PSYoungGen: 90032K->7840K(97280K)] 94345K->12153K(319488K), 0.0021710 secs] [Times: user=0.01 sys=0.00, real=0.00 secs] 
39.285: Total time for which application threads were stopped: 0.0045370 seconds, Stopping threads took: 0.0022860 seconds
39.359: Application time: 0.0738430 seconds
39.361: [GC [PSYoungGen: 91296K->8336K(97280K)] 95609K->12649K(319488K), 0.0024550 secs] [Times: user=0.01 sys=0.00, real=0.00 secs] 
39.363: Total time for which application threads were stopped: 0.0046970 seconds, Stopping threads took: 0.0021620 seconds
39.437: Application time: 0.0742560 seconds
39.439: [GC [PSYoungGen: 91792K->7744K(97280K)] 96105K->12073K(319488K), 0.0023280 secs] [Times: user=0.02 sys=0.00, real=0.00 secs] 
39.441: Total time for which application threads were stopped: 0.0039940 seconds, Stopping threads took: 0.0015870 seconds
39.516: Application time: 0.0749220 seconds
39.519: [GC [PSYoungGen: 91200K->7072K(97280K)] 95529K->11409K(319488K), 0.0021650 secs] [Times: user=0.01 sys=0.00, real=0.00 secs] 
39.521: Total time for which application threads were stopped: 0.0048580 seconds, Stopping threads took: 0.0026130 seconds
39.599: Application time: 0.0776830 seconds
39.602: [GC [PSYoungGen: 90528K->6992K(97280K)] 94865K->11337K(319488K), 0.0020470 secs] [Times: user=0.01 sys=0.00, real=0.00 secs] 
39.604: Total time for which application threads were stopped: 0.0048990 seconds, Stopping threads took: 0.0027660 seconds
39.677: Application time: 0.0730450 seconds
39.680: [GC [PSYoungGen: 90448K->7360K(97280K)] 94793K->11705K(319488K), 0.0021240 secs] [Times: user=0.01 sys=0.00, real=0.00 secs] 
39.682: Total time for which application threads were stopped: 0.0050470 seconds, Stopping threads took: 0.0028440 seconds
39.755: Application time: 0.0734640 seconds
39.758: [GC [PSYoungGen: 90816K->6448K(97280K)] 95161K->10793K(319488K), 0.0019260 secs] [Times: user=0.01 sys=0.00, real=0.00 secs] 
39.760: Total time for which application threads were stopped: 0.0046910 seconds, Stopping threads took: 0.0026830 seconds
39.836: Application time: 0.0761130 seconds
39.839: [GC [PSYoungGen: 89904K->6576K(97280K)] 94249K->10921K(319488K), 0.0018780 secs] [Times: user=0.02 sys=0.00, real=0.00 secs] 
39.841: Total time for which application threads were stopped: 0.0046110 seconds, Stopping threads took: 0.0026540 seconds
39.915: Application time: 0.0744860 seconds
39.917: [GC [PSYoungGen: 90032K->6960K(97280K)] 94377K->11313K(319488K), 0.0020270 secs] [Times: user=0.01 sys=0.00, real=0.00 secs] 
39.919: Total time for which application threads were stopped: 0.0041200 seconds, Stopping threads took: 0.0020140 seconds
39.992: Application time: 0.0723190 seconds
39.993: [GC [PSYoungGen: 90416K->6688K(97280K)] 94769K->11049K(319488K), 0.0020720 secs] [Times: user=0.01 sys=0.00, real=0.01 secs] 
39.995: Total time for which application threads were stopped: 0.0032440 seconds, Stopping threads took: 0.0010910 seconds
40.070: Application time: 0.0747840 seconds
40.072: [GC [PSYoungGen: 90144K->7184K(97280K)] 94505K->11553K(319488K), 0.0019900 secs] [Times: user=0.01 sys=0.00, real=0.00 secs] 
40.074: Total time for which application threads were stopped: 0.0041960 seconds, Stopping threads took: 0.0021290 seconds
40.148: Application time: 0.0738870 seconds
40.150: [GC [PSYoungGen: 90640K->6640K(97280K)] 95009K->11009K(319488K), 0.0019720 secs] [Times: user=0.02 sys=0.00, real=0.00 secs] 
40.152: Total time for which application threads were stopped: 0.0045370 seconds, Stopping threads took: 0.0024720 seconds
40.228: Application time: 0.0753250 seconds
40.230: [GC [PSYoungGen: 90096K->6128K(97280K)] 94465K->10497K(319488K), 0.0017770 secs] [Times: user=0.01 sys=0.00, real=0.00 secs] 
40.232: Total time for which application threads were stopped: 0.0039720 seconds, Stopping threads took: 0.0021150 seconds
40.307: Application time: 0.0752980 seconds
40.310: [GC [PSYoungGen: 89584K->6496K(97280K)] 93953K->10865K(319488K), 0.0017950 secs] [Times: user=0.01 sys=0.00, real=0.00 secs] 
40.312: Total time for which application threads were stopped: 0.0046780 seconds, Stopping threads took: 0.0028080 seconds
40.385: Application time: 0.0728650 seconds
40.386: [GC [PSYoungGen: 89952K->7152K(97280K)] 94321K->11521K(319488K), 0.0022160 secs] [Times: user=0.01 sys=0.00, real=0.01 secs] 
40.388: Total time for which application threads were stopped: 0.0032650 seconds, Stopping threads took: 0.0009690 seconds
40.463: Application time: 0.0755790 seconds
40.466: [GC [PSYoungGen: 90608K->7600K(97280K)] 94977K->11977K(319488K), 0.0023060 secs] [Times: user=0.02 sys=0.00, real=0.01 secs] 
40.468: Total time for which application threads were stopped: 0.0046120 seconds, Stopping threads took: 0.0022230 seconds
40.542: Application time: 0.0743220 seconds
40.545: [GC [PSYoungGen: 91056K->6240K(97280K)] 95433K->10625K(319488K), 0.0018320 secs] [Times: user=0.01 sys=0.01, real=0.01 secs] 
40.547: Total time for which application threads were stopped: 0.0047280 seconds, Stopping threads took: 0.0028120 seconds
40.622: Application time: 0.0749460 seconds
40.625: [GC [PSYoungGen: 89696K->6576K(97280K)] 94081K->10969K(319488K), 0.0018560 secs] [Times: user=0.01 sys=0.00, real=0.00 secs] 
40.627: Total time for which application threads were stopped: 0.0045330 seconds, Stopping threads took: 0.0026030 seconds
40.699: Application time: 0.0723840 seconds
40.701: [GC [PSYoungGen: 90032K->7600K(97280K)] 94425K->11993K(319488K), 0.0022000 secs] [Times: user=0.02 sys=0.00, real=0.00 secs] 
40.704: Total time for which application threads were stopped: 0.0045720 seconds, Stopping threads took: 0.0022770 seconds
40.780: Application time: 0.0761190 seconds
40.782: [GC [PSYoungGen: 91056K->8016K(97280K)] 95449K->12409K(319488K), 0.0024660 secs] [Times: user=0.02 sys=0.00, real=0.00 secs] 
40.784: Total time for which application threads were stopped: 0.0046350 seconds, Stopping threads took: 0.0020660 seconds
40.861: Application time: 0.0771470 seconds
40.863: [GC [PSYoungGen: 91472K->7536K(97280K)] 95865K->11929K(319488K), 0.0021730 secs] [Times: user=0.02 sys=0.00, real=0.00 secs] 
40.865: Total time for which application threads were stopped: 0.0038460 seconds, Stopping threads took: 0.0015850 seconds
40.942: Application time: 0.0763060 seconds
40.943: [GC [PSYoungGen: 90992K->6560K(97280K)] 95385K->10969K(319488K), 0.0019620 secs] [Times: user=0.01 sys=0.00, real=0.00 secs] 
40.945: Total time for which application threads were stopped: 0.0036160 seconds, Stopping threads took: 0.0015730 seconds
41.020: Application time: 0.0748050 seconds
41.023: [GC [PSYoungGen: 90016K->8368K(97280K)] 94425K->12785K(319488K), 0.0023660 secs] [Times: user=0.01 sys=0.00, real=0.00 secs] 
41.025: Total time for which application threads were stopped: 0.0050080 seconds, Stopping threads took: 0.0025630 seconds
41.100: Application time: 0.0752430 seconds
41.102: [GC [PSYoungGen: 91824K->7888K(97280K)] 96241K->12313K(319488K), 0.0022190 secs] [Times: user=0.01 sys=0.00, real=0.00 secs] 
41.105: Total time for which application threads were stopped: 0.0042830 seconds, Stopping threads took: 0.0019840 seconds
41.182: Application time: 0.0777470 seconds
41.184: [GC [PSYoungGen: 91344K->5856K(97280K)] 95769K->10281K(319488K), 0.0017620 secs] [Times: user=0.01 sys=0.00, real=0.00 secs] 
41.186: Total time for which application threads were stopped: 0.0039350 seconds, Stopping threads took: 0.0021010 seconds
41.265: Application time: 0.0783930 seconds
41.267: [GC [PSYoungGen: 89312K->6512K(97280K)] 93737K->10937K(319488K), 0.0018530 secs] [Times: user=0.01 sys=0.00, real=0.01 secs] 
41.269: Total time for which application threads were stopped: 0.0040410 seconds, Stopping threads took: 0.0020900 seconds
41.347: Application time: 0.0781060 seconds
41.349: [GC [PSYoungGen: 89968K->6848K(97280K)] 94393K->11273K(319488K), 0.0020160 secs] [Times: user=0.01 sys=0.00, real=0.00 secs] 
41.351: Total time for which application threads were stopped: 0.0046260 seconds, Stopping threads took: 0.0025280 seconds
41.433: Application time: 0.0812220 seconds
41.435: [GC [PSYoungGen: 90304K->8352K(97280K)] 94729K->12785K(319488K), 0.0024650 secs] [Times: user=0.01 sys=0.01, real=0.01 secs] 
41.437: Total time for which application threads were stopped: 0.0046370 seconds, Stopping threads took: 0.0020910 seconds
41.516: Application time: 0.0790040 seconds
41.518: [GC [PSYoungGen: 91808K->6688K(97280K)] 96241K->11129K(319488K), 0.0021840 secs] [Times: user=0.01 sys=0.00, real=0.00 secs] 
41.520: Total time for which application threads were stopped: 0.0036820 seconds, Stopping threads took: 0.0014090 seconds
41.600: Application time: 0.0801960 seconds
41.603: [GC [PSYoungGen: 90144K->6560K(97280K)] 94585K->11009K(319488K), 0.0019590 secs] [Times: user=0.01 sys=0.00, real=0.00 secs] 
41.605: Total time for which application threads were stopped: 0.0048680 seconds, Stopping threads took: 0.0028280 seconds
41.686: Application time: 0.0807970 seconds
41.688: [GC [PSYoungGen: 90016K->6672K(97280K)] 94465K->11121K(319488K), 0.0019320 secs] [Times: user=0.01 sys=0.00, real=0.00 secs] 
41.690: Total time for which application threads were stopped: 0.0043410 seconds, Stopping threads took: 0.0023360 seconds
41.773: Application time: 0.0825900 seconds
41.775: [GC [PSYoungGen: 90128K->5376K(97280K)] 94577K->9825K(319488K), 0.0016150 secs] [Times: user=0.01 sys=0.00, real=0.00 secs] 
41.777: Total time for which application threads were stopped: 0.0038670 seconds, Stopping threads took: 0.0021660 seconds
41.857: Application time: 0.0803070 seconds
41.860: [GC [PSYoungGen: 88832K->7728K(97280K)] 93281K->12177K(319488K), 0.0021850 secs] [Times: user=0.02 sys=0.01, real=0.00 secs] 
41.862: Total time for which application threads were stopped: 0.0054270 seconds, Stopping threads took: 0.0031580 seconds
41.941: Application time: 0.0785770 seconds
41.944: [GC [PSYoungGen: 91184K->7264K(97280K)] 95633K->11721K(319488K), 0.0021000 secs] [Times: user=0.02 sys=0.00, real=0.00 secs] 
41.946: Total time for which application threads were stopped: 0.0049950 seconds, Stopping threads took: 0.0028180 seconds
42.027: Application time: 0.0807240 seconds
42.029: [GC [PSYoungGen: 90720K->6928K(97280K)] 95177K->11393K(319488K), 0.0020810 secs] [Times: user=0.01 sys=0.00, real=0.00 secs] 
42.031: Total time for which application threads were stopped: 0.0043020 seconds, Stopping threads took: 0.0021440 seconds
42.109: Application time: 0.0784950 seconds
42.111: [GC [PSYoungGen: 90384K->7792K(97280K)] 94849K->12265K(319488K), 0.0023220 secs] [Times: user=0.01 sys=0.00, real=0.00 secs] 
42.114: Total time for which application threads were stopped: 0.0041940 seconds, Stopping threads took: 0.0017910 seconds
42.193: Application time: 0.0798000 seconds
42.195: [GC [PSYoungGen: 91248K->8192K(97280K)] 95721K->12665K(319488K), 0.0025290 secs] [Times: user=0.02 sys=0.01, real=0.00 secs] 
42.198: Total time for which application threads were stopped: 0.0044440 seconds, Stopping threads took: 0.0018300 seconds
42.277: Application time: 0.0792860 seconds
42.279: [GC [PSYoungGen: 91648K->6816K(97280K)] 96121K->11289K(319488K), 0.0111420 secs] [Times: user=0.08 sys=0.00, real=0.01 secs] 
42.290: Total time for which application threads were stopped: 0.0130450 seconds, Stopping threads took: 0.0018180 seconds
42.368: Application time: 0.0778810 seconds
42.371: [GC [PSYoungGen: 90272K->6752K(97280K)] 94745K->11225K(319488K), 0.0019530 secs] [Times: user=0.01 sys=0.00, real=0.00 secs] 
42.373: Total time for which application threads were stopped: 0.0046390 seconds, Stopping threads took: 0.0026030 seconds
42.450: Application time: 0.0774410 seconds
42.452: [GC [PSYoungGen: 90208K->7504K(97280K)] 94681K->11985K(319488K), 0.0022640 secs] [Times: user=0.01 sys=0.00, real=0.00 secs] 
42.454: Total time for which application threads were stopped: 0.0042360 seconds, Stopping threads took: 0.0018870 seconds
42.533: Application time: 0.0789730 seconds
42.536: [GC [PSYoungGen: 90960K->8208K(97280K)] 95441K->12697K(319488K), 0.0023970 secs] [Times: user=0.02 sys=0.00, real=0.00 secs] 
42.539: Total time for which application threads were stopped: 0.0052960 seconds, Stopping threads took: 0.0028120 seconds
42.623: Application time: 0.0845630 seconds
42.624: [GC [PSYoungGen: 91664K->7680K(97280K)] 96153K->12177K(319488K), 0.0022110 secs] [Times: user=0.02 sys=0.00, real=0.00 secs] 
42.627: Total time for which application threads were stopped: 0.0034070 seconds, Stopping threads took: 0.0011130 seconds
42.713: Application time: 0.0866850 seconds
42.716: [GC [PSYoungGen: 91136K->4320K(97280K)] 95633K->8817K(319488K), 0.0013190 secs] [Times: user=0.01 sys=0.00, real=0.00 secs] 
42.718: Total time for which application threads were stopped: 0.0041180 seconds, Stopping threads took: 0.0027280 seconds
42.801: Application time: 0.0836100 seconds
42.804: [GC [PSYoungGen: 87776K->6848K(97280K)] 92273K->11345K(319488K), 0.0019920 secs] [Times: user=0.01 sys=0.00, real=0.00 secs] 
42.806: Total time for which application threads were stopped: 0.0052330 seconds, Stopping threads took: 0.0031510 seconds
42.887: Application time: 0.0810180 seconds
42.890: [GC [PSYoungGen: 90304K->6288K(97280K)] 94801K->10785K(319488K), 0.0017950 secs] [Times: user=0.01 sys=0.00, real=0.00 secs] 
42.892: Total time for which application threads were stopped: 0.0042590 seconds, Stopping threads took: 0.0023900 seconds
42.976: Application time: 0.0848070 seconds
42.979: [GC [PSYoungGen: 89744K->6912K(97280K)] 94241K->11409K(319488K), 0.0020020 secs] [Times: user=0.01 sys=0.00, real=0.00 secs] 
42.981: Total time for which application threads were stopped: 0.0041600 seconds, Stopping threads took: 0.0020760 seconds
43.065: Application time: 0.0848140 seconds
43.067: [GC [PSYoungGen: 90368K->5488K(97280K)] 94865K->9993K(319488K), 0.0015800 secs] [Times: user=0.01 sys=0.00, real=0.00 secs] 
43.069: Total time for which application threads were stopped: 0.0030430 seconds, Stopping threads took: 0.0013850 seconds
43.150: Application time: 0.0817460 seconds
43.153: [GC [PSYoungGen: 88944K->7888K(97280K)] 93449K->12409K(319488K), 0.0022930 secs] [Times: user=0.01 sys=0.00, real=0.01 secs] 
43.155: Total time for which application threads were stopped: 0.0051480 seconds, Stopping threads took: 0.0027700 seconds
43.236: Application time: 0.0801990 seconds
43.238: [GC [PSYoungGen: 91344K->6240K(97280K)] 95865K->10769K(319488K), 0.0018170 secs] [Times: user=0.01 sys=0.00, real=0.00 secs] 
43.239: Total time for which application threads were stopped: 0.0038360 seconds, Stopping threads took: 0.0019420 seconds
43.319: Application time: 0.0795280 seconds
43.322: [GC [PSYoungGen: 89696K->6480K(97280K)] 94225K->11009K(319488K), 0.0019120 secs] [Times: user=0.02 sys=0.00, real=0.00 secs] 
43.324: Total time for which application threads were stopped: 0.0045710 seconds, Stopping threads took: 0.0025650 seconds
43.402: Application time: 0.0780030 seconds
43.404: [GC [PSYoungGen: 89936K->7680K(97280K)] 94465K->12209K(319488K), 0.0022890 secs] [Times: user=0.01 sys=0.00, real=0.00 secs] 
43.406: Total time for which application threads were stopped: 0.0045620 seconds, Stopping threads took: 0.0021920 seconds
43.483: Application time: 0.0766720 seconds
43.485: [GC [PSYoungGen: 91136K->8128K(97280K)] 95665K->12657K(319488K), 0.0024250 secs] [Times: user=0.02 sys=0.00, real=0.01 secs] 
43.487: Total time for which application threads were stopped: 0.0045580 seconds, Stopping threads took: 0.0020310 seconds
43.568: Application time: 0.0809250 seconds
43.571: [GC [PSYoungGen: 91584K->6672K(97280K)] 96113K->11209K(319488K), 0.0020090 secs] [Times: user=0.02 sys=0.00, real=0.00 secs] 
43.573: Total time for which application threads were stopped: 0.0050000 seconds, Stopping threads took: 0.0029110 seconds
43.651: Application time: 0.0773230 seconds
43.653: [GC [PSYoungGen: 90128K->8080K(97280K)] 94665K->12625K(319488K), 0.0022990 secs] [Times: user=0.01 sys=0.00, real=0.01 secs] 
43.655: Total time for which application threads were stopped: 0.0048090 seconds, Stopping threads took: 0.0024280 seconds
43.733: Application time: 0.0779760 seconds
43.736: [GC [PSYoungGen: 91536K->7552K(97280K)] 96081K->12105K(319488K), 0.0022010 secs] [Times: user=0.01 sys=0.00, real=0.00 secs] 
43.738: Total time for which application threads were stopped: 0.0048350 seconds, Stopping threads took: 0.0025560 seconds
43.819: Application time: 0.0806220 seconds
43.822: [GC [PSYoungGen: 91008K->8144K(97280K)] 95561K->12697K(319488K), 0.0023010 secs] [Times: user=0.02 sys=0.00, real=0.00 secs] 
43.825: Total time for which application threads were stopped: 0.0057440 seconds, Stopping threads took: 0.0033510 seconds
43.903: Application time: 0.0779380 seconds
43.905: [GC [PSYoungGen: 91600K->8384K(97280K)] 96153K->12937K(319488K), 0.0025110 secs] [Times: user=0.02 sys=0.00, real=0.01 secs] 
43.908: Total time for which application threads were stopped: 0.0049900 seconds, Stopping threads took: 0.0023960 seconds
43.987: Application time: 0.0795420 seconds
43.990: [GC [PSYoungGen: 91840K->5936K(97280K)] 96393K->10489K(319488K), 0.0017830 secs] [Times: user=0.01 sys=0.00, real=0.00 secs] 
43.992: Total time for which application threads were stopped: 0.0049570 seconds, Stopping threads took: 0.0030900 seconds
44.073: Application time: 0.0809130 seconds
44.075: [GC [PSYoungGen: 89392K->6704K(97280K)] 93945K->11265K(319488K), 0.0023920 secs] [Times: user=0.01 sys=0.00, real=0.00 secs] 
44.078: Total time for which application threads were stopped: 0.0047560 seconds, Stopping threads took: 0.0022840 seconds
44.163: Application time: 0.0856490 seconds
44.167: [GC [PSYoungGen: 90160K->6368K(97280K)] 94721K->10937K(319488K), 0.0018040 secs] [Times: user=0.01 sys=0.00, real=0.01 secs] 
44.168: Total time for which application threads were stopped: 0.0049880 seconds, Stopping threads took: 0.0031020 seconds
44.247: Application time: 0.0790620 seconds
44.250: [GC [PSYoungGen: 89824K->7760K(97280K)] 94393K->12337K(319488K), 0.0022930 secs] [Times: user=0.01 sys=0.00, real=0.00 secs] 
44.252: Total time for which application threads were stopped: 0.0048680 seconds, Stopping threads took: 0.0024920 seconds
44.330: Application time: 0.0776910 seconds
44.332: [GC [PSYoungGen: 91216K->6512K(97280K)] 95793K->11089K(319488K), 0.0018710 secs] [Times: user=0.02 sys=0.00, real=0.00 secs] 
44.334: Total time for which application threads were stopped: 0.0043000 seconds, Stopping threads took: 0.0023300 seconds
44.413: Application time: 0.0784350 seconds
44.416: [GC [PSYoungGen: 89968K->6000K(97280K)] 94545K->10577K(319488K), 0.0017790 secs] [Times: user=0.01 sys=0.00, real=0.00 secs] 
44.418: Total time for which application threads were stopped: 0.0048210 seconds, Stopping threads took: 0.0029640 seconds
44.495: Application time: 0.0772450 seconds
44.497: [GC [PSYoungGen: 89456K->7008K(97280K)] 94033K->11585K(319488K), 0.0020140 secs] [Times: user=0.01 sys=0.00, real=0.00 secs] 
44.499: Total time for which application threads were stopped: 0.0043960 seconds, Stopping threads took: 0.0022960 seconds
44.580: Application time: 0.0807410 seconds
44.581: [GC [PSYoungGen: 90464K->6304K(97280K)] 95041K->10889K(319488K), 0.0018310 secs] [Times: user=0.01 sys=0.00, real=0.00 secs] 
44.583: Total time for which application threads were stopped: 0.0034130 seconds, Stopping threads took: 0.0015010 seconds
44.663: Application time: 0.0794090 seconds
44.665: [GC [PSYoungGen: 89760K->6160K(97280K)] 94345K->10753K(319488K), 0.0019950 secs] [Times: user=0.01 sys=0.00, real=0.01 secs] 
44.667: Total time for which application threads were stopped: 0.0041430 seconds, Stopping threads took: 0.0020640 seconds
44.745: Application time: 0.0781000 seconds
44.748: [GC [PSYoungGen: 89616K->7536K(97280K)] 94209K->12137K(319488K), 0.0020700 secs] [Times: user=0.01 sys=0.01, real=0.00 secs] 
44.750: Total time for which application threads were stopped: 0.0050910 seconds, Stopping threads took: 0.0029450 seconds
44.831: Application time: 0.0806780 seconds
44.833: [GC [PSYoungGen: 90992K->7136K(97280K)] 95593K->11737K(319488K), 0.0021640 secs] [Times: user=0.02 sys=0.00, real=0.01 secs] 
44.836: Total time for which application threads were stopped: 0.0048950 seconds, Stopping threads took: 0.0026390 seconds
44.915: Application time: 0.0795500 seconds
44.918: [GC [PSYoungGen: 90592K->7056K(97280K)] 95193K->11657K(319488K), 0.0020530 secs] [Times: user=0.01 sys=0.00, real=0.00 secs] 
44.920: Total time for which application threads were stopped: 0.0049070 seconds, Stopping threads took: 0.0027740 seconds
45.000: Application time: 0.0802570 seconds
45.004: [GC [PSYoungGen: 90512K->6256K(97280K)] 95113K->10857K(319488K), 0.0018860 secs] [Times: user=0.02 sys=0.00, real=0.00 secs] 
45.005: Total time for which application threads were stopped: 0.0050430 seconds, Stopping threads took: 0.0030770 seconds
45.085: Application time: 0.0799840 seconds
45.089: [GC [PSYoungGen: 89712K->6928K(97280K)] 94313K->11529K(319488K), 0.0019610 secs] [Times: user=0.01 sys=0.00, real=0.00 secs] 
45.091: Total time for which application threads were stopped: 0.0052300 seconds, Stopping threads took: 0.0031920 seconds
45.168: Application time: 0.0776840 seconds
45.170: [GC [PSYoungGen: 90384K->6960K(97280K)] 94985K->11569K(319488K), 0.0021700 secs] [Times: user=0.02 sys=0.00, real=0.00 secs] 
45.173: Total time for which application threads were stopped: 0.0042450 seconds, Stopping threads took: 0.0019970 seconds
45.248: Application time: 0.0751000 seconds
45.250: [GC [PSYoungGen: 90416K->7792K(97280K)] 95025K->12409K(319488K), 0.0021950 secs] [Times: user=0.02 sys=0.00, real=0.00 secs] 
45.253: Total time for which application threads were stopped: 0.0049230 seconds, Stopping threads took: 0.0026490 seconds
45.331: Application time: 0.0786680 seconds
45.333: [GC [PSYoungGen: 91248K->7056K(97280K)] 95865K->11681K(319488K), 0.0020700 secs] [Times: user=0.01 sys=0.00, real=0.01 secs] 
45.335: Total time for which application threads were stopped: 0.0039810 seconds, Stopping threads took: 0.0018280 seconds
45.410: Application time: 0.0744030 seconds
45.413: [GC [PSYoungGen: 90512K->7264K(97280K)] 95137K->11889K(319488K), 0.0020420 secs] [Times: user=0.02 sys=0.00, real=0.00 secs] 
45.415: Total time for which application threads were stopped: 0.0051300 seconds, Stopping threads took: 0.0029990 seconds
45.491: Application time: 0.0761410 seconds
45.493: [GC [PSYoungGen: 90720K->8416K(97280K)] 95345K->13041K(319488K), 0.0025050 secs] [Times: user=0.01 sys=0.00, real=0.01 secs] 
45.496: Total time for which application threads were stopped: 0.0048300 seconds, Stopping threads took: 0.0022410 seconds
45.568: Application time: 0.0719290 seconds
45.570: [GC [PSYoungGen: 91872K->7808K(97280K)] 96497K->12433K(319488K), 0.0023680 secs] [Times: user=0.01 sys=0.00, real=0.00 secs] 
45.572: Total time for which application threads were stopped: 0.0042500 seconds, Stopping threads took: 0.0017840 seconds
45.646: Application time: 0.0740870 seconds
45.648: [GC [PSYoungGen: 91264K->6272K(97280K)] 95889K->10905K(319488K), 0.0019230 secs] [Times: user=0.01 sys=0.00, real=0.00 secs] 
45.650: Total time for which application threads were stopped: 0.0038420 seconds, Stopping threads took: 0.0018350 seconds
45.726: Application time: 0.0756960 seconds
45.727: [GC [PSYoungGen: 89728K->6768K(97280K)] 94361K->11409K(319488K), 0.0020650 secs] [Times: user=0.01 sys=0.00, real=0.00 secs] 
45.729: Total time for which application threads were stopped: 0.0036320 seconds, Stopping threads took: 0.0014920 seconds
45.803: Application time: 0.0733820 seconds
45.805: [GC [PSYoungGen: 90224K->8272K(97280K)] 94865K->12921K(319488K), 0.0024920 secs] [Times: user=0.01 sys=0.00, real=0.01 secs] 
45.807: Total time for which application threads were stopped: 0.0044650 seconds, Stopping threads took: 0.0018960 seconds
45.882: Application time: 0.0749030 seconds
45.885: [GC [PSYoungGen: 91728K->7664K(97280K)] 96377K->12313K(319488K), 0.0021390 secs] [Times: user=0.01 sys=0.01, real=0.00 secs] 
45.887: Total time for which application threads were stopped: 0.0048810 seconds, Stopping threads took: 0.0026600 seconds
45.960: Application time: 0.0731090 seconds
45.962: [GC [PSYoungGen: 91120K->6912K(97280K)] 95769K->11561K(319488K), 0.0020350 secs] [Times: user=0.02 sys=0.00, real=0.00 secs] 
45.964: Total time for which application threads were stopped: 0.0043450 seconds, Stopping threads took: 0.0022190 seconds
46.039: Application time: 0.0748720 seconds
46.041: [GC [PSYoungGen: 90368K->6688K(97280K)] 95017K->11337K(319488K), 0.0019130 secs] [Times: user=0.01 sys=0.00, real=0.00 secs] 
46.043: Total time for which application threads were stopped: 0.0035450 seconds, Stopping threads took: 0.0015530 seconds
46.118: Application time: 0.0750270 seconds
46.120: [GC [PSYoungGen: 90144K->6336K(97280K)] 94793K->10993K(319488K), 0.0018230 secs] [Times: user=0.02 sys=0.00, real=0.00 secs] 
46.122: Total time for which application threads were stopped: 0.0039460 seconds, Stopping threads took: 0.0020470 seconds
46.197: Application time: 0.0749440 seconds
46.200: [GC [PSYoungGen: 89792K->7984K(97280K)] 94449K->12649K(319488K), 0.0023730 secs] [Times: user=0.01 sys=0.00, real=0.00 secs] 
46.202: Total time for which application threads were stopped: 0.0053780 seconds, Stopping threads took: 0.0029260 seconds
46.276: Application time: 0.0738080 seconds
46.278: [GC [PSYoungGen: 91440K->7600K(97280K)] 96105K->12273K(319488K), 0.0024400 secs] [Times: user=0.02 sys=0.00, real=0.00 secs] 
46.281: Total time for which application threads were stopped: 0.0047020 seconds, Stopping threads took: 0.0021560 seconds
46.355: Application time: 0.0745080 seconds
46.358: [GC [PSYoungGen: 91056K->7936K(97280K)] 95729K->12609K(319488K), 0.0024650 secs] [Times: user=0.01 sys=0.00, real=0.00 secs] 
46.360: Total time for which application threads were stopped: 0.0050600 seconds, Stopping threads took: 0.0024900 seconds
46.435: Application time: 0.0749830 seconds
46.437: [GC [PSYoungGen: 91392K->8144K(97280K)] 96065K->12817K(319488K), 0.0023980 secs] [Times: user=0.01 sys=0.00, real=0.00 secs] 
46.439: Total time for which application threads were stopped: 0.0041540 seconds, Stopping threads took: 0.0016520 seconds
46.514: Application time: 0.0744720 seconds
46.516: [GC [PSYoungGen: 91600K->5488K(97280K)] 96273K->10161K(319488K), 0.0016080 secs] [Times: user=0.01 sys=0.00, real=0.00 secs] 
46.517: Total time for which application threads were stopped: 0.0036700 seconds, Stopping threads took: 0.0019650 seconds
46.591: Application time: 0.0733150 seconds
46.592: [GC [PSYoungGen: 88944K->6096K(97280K)] 93617K->10785K(319488K), 0.0017670 secs] [Times: user=0.01 sys=0.00, real=0.00 secs] 
46.594: Total time for which application threads were stopped: 0.0033830 seconds, Stopping threads took: 0.0015370 seconds
46.671: Application time: 0.0765210 seconds
46.672: [GC [PSYoungGen: 89552K->6512K(97280K)] 94241K->11209K(319488K), 0.0019190 secs] [Times: user=0.01 sys=0.00, real=0.00 secs] 
46.674: Total time for which application threads were stopped: 0.0037300 seconds, Stopping threads took: 0.0017300 seconds
46.749: Application time: 0.0742510 seconds
46.751: [GC [PSYoungGen: 89968K->7360K(97280K)] 94665K->12057K(319488K), 0.0023670 secs] [Times: user=0.01 sys=0.00, real=0.00 secs] 
46.753: Total time for which application threads were stopped: 0.0047000 seconds, Stopping threads took: 0.0022330 seconds
46.826: Application time: 0.0730000 seconds
46.828: [GC [PSYoungGen: 90816K->8064K(97280K)] 95513K->12769K(319488K), 0.0023350 secs] [Times: user=0.01 sys=0.00, real=0.00 secs] 
46.831: Total time for which application threads were stopped: 0.0043080 seconds, Stopping threads took: 0.0018980 seconds
46.904: Application time: 0.0728670 seconds
46.906: [GC [PSYoungGen: 91520K->7808K(97280K)] 96225K->12513K(319488K), 0.0022940 secs] [Times: user=0.01 sys=0.00, real=0.01 secs] 
46.908: Total time for which application threads were stopped: 0.0045220 seconds, Stopping threads took: 0.0021480 seconds
46.982: Application time: 0.0740740 seconds
46.984: [GC [PSYoungGen: 91264K->5744K(97280K)] 95969K->10449K(319488K), 0.0016260 secs] [Times: user=0.02 sys=0.00, real=0.00 secs] 
46.986: Total time for which application threads were stopped: 0.0035720 seconds, Stopping threads took: 0.0018690 seconds
47.060: Application time: 0.0743520 seconds
47.062: [GC [PSYoungGen: 89200K->6240K(97280K)] 93905K->10953K(319488K), 0.0018010 secs] [Times: user=0.02 sys=0.00, real=0.00 secs] 
47.064: Total time for which application threads were stopped: 0.0040030 seconds, Stopping threads took: 0.0021160 seconds
47.138: Application time: 0.0736790 seconds
47.140: [GC [PSYoungGen: 89696K->6640K(97280K)] 94409K->11361K(319488K), 0.0019260 secs] [Times: user=0.01 sys=0.00, real=0.00 secs] 
47.142: Total time for which application threads were stopped: 0.0040100 seconds, Stopping threads took: 0.0020020 seconds
47.216: Application time: 0.0737900 seconds
47.218: [GC [PSYoungGen: 90096K->6464K(97280K)] 94817K->11193K(319488K), 0.0019290 secs] [Times: user=0.01 sys=0.00, real=0.00 secs] 
47.220: Total time for which application threads were stopped: 0.0048030 seconds, Stopping threads took: 0.0027960 seconds
47.292: Application time: 0.0718260 seconds
47.294: [GC [PSYoungGen: 89920K->8000K(97280K)] 94649K->12737K(319488K), 0.0022570 secs] [Times: user=0.02 sys=0.00, real=0.01 secs] 
47.297: Total time for which application threads were stopped: 0.0045690 seconds, Stopping threads took: 0.0022300 seconds
47.371: Application time: 0.0747200 seconds
47.373: [GC [PSYoungGen: 91456K->5424K(97280K)] 96193K->10161K(319488K), 0.0014920 secs] [Times: user=0.01 sys=0.00, real=0.00 secs] 
47.375: Total time for which application threads were stopped: 0.0030190 seconds, Stopping threads took: 0.0014530 seconds
47.452: Application time: 0.0772420 seconds
47.453: [GC [PSYoungGen: 88880K->5312K(97280K)] 93617K->10049K(319488K), 0.0015510 secs] [Times: user=0.01 sys=0.00, real=0.00 secs] 
47.455: Total time for which application threads were stopped: 0.0030420 seconds, Stopping threads took: 0.0014190 seconds
47.531: Application time: 0.0766450 seconds
47.533: [GC [PSYoungGen: 88766K->6544K(97280K)] 93504K->11289K(319488K), 0.0020050 secs] [Times: user=0.01 sys=0.00, real=0.01 secs] 
47.535: Total time for which application threads were stopped: 0.0038510 seconds, Stopping threads took: 0.0017610 seconds
47.611: Application time: 0.0754390 seconds
47.612: [GC [PSYoungGen: 90000K->7072K(97280K)] 94745K->11825K(319488K), 0.0020280 secs] [Times: user=0.02 sys=0.00, real=0.00 secs] 
47.614: Total time for which application threads were stopped: 0.0037070 seconds, Stopping threads took: 0.0015950 seconds
47.688: Application time: 0.0738630 seconds
47.691: [GC [PSYoungGen: 90528K->7648K(97280K)] 95281K->12409K(319488K), 0.0022290 secs] [Times: user=0.02 sys=0.00, real=0.00 secs] 
47.693: Total time for which application threads were stopped: 0.0045220 seconds, Stopping threads took: 0.0022140 seconds
47.767: Application time: 0.0737630 seconds
47.769: [GC [PSYoungGen: 91104K->7120K(97280K)] 95865K->11889K(319488K), 0.0021680 secs] [Times: user=0.01 sys=0.00, real=0.00 secs] 
47.771: Total time for which application threads were stopped: 0.0043440 seconds, Stopping threads took: 0.0020950 seconds
47.846: Application time: 0.0754540 seconds
47.848: [GC [PSYoungGen: 90576K->6064K(97280K)] 95345K->10833K(319488K), 0.0017400 secs] [Times: user=0.01 sys=0.00, real=0.00 secs] 
47.850: Total time for which application threads were stopped: 0.0033500 seconds, Stopping threads took: 0.0015370 seconds
47.924: Application time: 0.0745180 seconds
47.926: [GC [PSYoungGen: 89520K->7168K(97280K)] 94289K->11937K(319488K), 0.0020770 secs] [Times: user=0.02 sys=0.00, real=0.01 secs] 
47.929: Total time for which application threads were stopped: 0.0042510 seconds, Stopping threads took: 0.0020950 seconds
48.001: Application time: 0.0726610 seconds
48.003: [GC [PSYoungGen: 90624K->8096K(97280K)] 95393K->12865K(319488K), 0.0024550 secs] [Times: user=0.01 sys=0.00, real=0.00 secs] 
48.006: Total time for which application threads were stopped: 0.0046960 seconds, Stopping threads took: 0.0021610 seconds
48.083: Application time: 0.0773280 seconds
48.084: [GC [PSYoungGen: 91552K->7664K(97280K)] 96321K->12441K(319488K), 0.0021570 secs] [Times: user=0.01 sys=0.00, real=0.00 secs] 
48.087: Total time for which application threads were stopped: 0.0033400 seconds, Stopping threads took: 0.0011020 seconds
48.161: Application time: 0.0743070 seconds
48.163: [GC [PSYoungGen: 91120K->6224K(97280K)] 95897K->11009K(319488K), 0.0018710 secs] [Times: user=0.02 sys=0.00, real=0.00 secs] 
48.165: Total time for which application threads were stopped: 0.0040190 seconds, Stopping threads took: 0.0020640 seconds
48.238: Application time: 0.0736120 seconds
48.241: [GC [PSYoungGen: 89680K->7936K(97280K)] 94465K->12729K(319488K), 0.0023550 secs] [Times: user=0.01 sys=0.00, real=0.00 secs] 
48.243: Total time for which application threads were stopped: 0.0047550 seconds, Stopping threads took: 0.0023220 seconds
48.317: Application time: 0.0736460 seconds
48.319: [GC [PSYoungGen: 91392K->5728K(97280K)] 96185K->10521K(319488K), 0.0016860 secs] [Times: user=0.01 sys=0.00, real=0.00 secs] 
48.320: Total time for which application threads were stopped: 0.0034670 seconds, Stopping threads took: 0.0017030 seconds
48.395: Application time: 0.0741540 seconds
48.398: [GC [PSYoungGen: 89184K->7952K(97280K)] 93977K->12745K(319488K), 0.0021380 secs] [Times: user=0.02 sys=0.00, real=0.00 secs] 
48.400: Total time for which application threads were stopped: 0.0054170 seconds, Stopping threads took: 0.0031990 seconds
48.474: Application time: 0.0736510 seconds
48.476: [GC [PSYoungGen: 91408K->8368K(97280K)] 96201K->13161K(319488K), 0.0023950 secs] [Times: user=0.02 sys=0.00, real=0.00 secs] 
48.478: Total time for which application threads were stopped: 0.0046310 seconds, Stopping threads took: 0.0021540 seconds
48.554: Application time: 0.0754560 seconds
48.557: [GC [PSYoungGen: 91824K->7952K(97280K)] 96617K->12761K(319488K), 0.0022590 secs] [Times: user=0.01 sys=0.01, real=0.00 secs] 
48.559: Total time for which application threads were stopped: 0.0054760 seconds, Stopping threads took: 0.0031330 seconds
48.638: Application time: 0.0785940 seconds
48.641: [GC [PSYoungGen: 91408K->6640K(97280K)] 96217K->11457K(319488K), 0.0020540 secs] [Times: user=0.01 sys=0.00, real=0.00 secs] 
48.643: Total time for which application threads were stopped: 0.0049900 seconds, Stopping threads took: 0.0028330 seconds
48.717: Application time: 0.0742970 seconds
48.720: [GC [PSYoungGen: 90096K->8176K(97280K)] 94913K->13001K(319488K), 0.0024560 secs] [Times: user=0.01 sys=0.00, real=0.00 secs] 
48.722: Total time for which application threads were stopped: 0.0050530 seconds, Stopping threads took: 0.0025110 seconds
48.796: Application time: 0.0737070 seconds
48.798: [GC [PSYoungGen: 91632K->7808K(97280K)] 96457K->12633K(319488K), 0.0022330 secs] [Times: user=0.02 sys=0.00, real=0.00 secs] 
48.800: Total time for which application threads were stopped: 0.0043950 seconds, Stopping threads took: 0.0020820 seconds
48.875: Application time: 0.0746860 seconds
48.878: [GC [PSYoungGen: 91264K->6784K(97280K)] 96089K->11609K(319488K), 0.0018860 secs] [Times: user=0.02 sys=0.00, real=0.00 secs] 
48.880: Total time for which application threads were stopped: 0.0048330 seconds, Stopping threads took: 0.0028680 seconds
48.952: Application time: 0.0719660 seconds
48.954: [GC [PSYoungGen: 90240K->6384K(97280K)] 95065K->11209K(319488K), 0.0018970 secs] [Times: user=0.01 sys=0.00, real=0.01 secs] 
48.956: Total time for which application threads were stopped: 0.0039400 seconds, Stopping threads took: 0.0019660 seconds
49.030: Application time: 0.0747640 seconds
49.031: [GC [PSYoungGen: 89840K->6832K(97280K)] 94665K->11665K(319488K), 0.0019620 secs] [Times: user=0.02 sys=0.00, real=0.00 secs] 
49.033: Total time for which application threads were stopped: 0.0029280 seconds, Stopping threads took: 0.0008860 seconds
49.111: Application time: 0.0776820 seconds
49.114: [GC [PSYoungGen: 90288K->8064K(97280K)] 95121K->12905K(319488K), 0.0022690 secs] [Times: user=0.01 sys=0.00, real=0.01 secs] 
49.116: Total time for which application threads were stopped: 0.0050290 seconds, Stopping threads took: 0.0026810 seconds
49.193: Application time: 0.0766310 seconds
49.194: [GC [PSYoungGen: 91520K->6656K(97280K)] 96361K->11505K(319488K), 0.0019730 secs] [Times: user=0.01 sys=0.00, real=0.01 secs] 
49.196: Total time for which application threads were stopped: 0.0033960 seconds, Stopping threads took: 0.0013420 seconds
49.276: Application time: 0.0799970 seconds
49.278: [GC [PSYoungGen: 90112K->8096K(97280K)] 94961K->12945K(319488K), 0.0022740 secs] [Times: user=0.02 sys=0.00, real=0.00 secs] 
49.281: Total time for which application threads were stopped: 0.0046630 seconds, Stopping threads took: 0.0022970 seconds
49.360: Application time: 0.0788200 seconds
49.362: [GC [PSYoungGen: 91552K->7520K(97280K)] 96401K->12369K(319488K), 0.0022700 secs] [Times: user=0.01 sys=0.00, real=0.00 secs] 
49.364: Total time for which application threads were stopped: 0.0048450 seconds, Stopping threads took: 0.0024910 seconds
49.450: Application time: 0.0854000 seconds
49.450: [GC [PSYoungGen: 90976K->6672K(97280K)] 95825K->11521K(319488K), 0.0019330 secs] [Times: user=0.02 sys=0.00, real=0.00 secs] 
49.452: Total time for which application threads were stopped: 0.0026060 seconds, Stopping threads took: 0.0005930 seconds
49.532: Application time: 0.0796010 seconds
49.534: [GC [PSYoungGen: 90128K->7344K(97280K)] 94977K->12201K(319488K), 0.0021650 secs] [Times: user=0.02 sys=0.00, real=0.01 secs] 
49.536: Total time for which application threads were stopped: 0.0040630 seconds, Stopping threads took: 0.0018170 seconds
49.614: Application time: 0.0778480 seconds
49.617: [GC [PSYoungGen: 90800K->6816K(97280K)] 95657K->11681K(319488K), 0.0020240 secs] [Times: user=0.01 sys=0.00, real=0.00 secs] 
49.619: Total time for which application threads were stopped: 0.0051300 seconds, Stopping threads took: 0.0030180 seconds
49.699: Application time: 0.0801950 seconds
49.702: [GC [PSYoungGen: 90272K->6400K(97280K)] 95137K->11273K(319488K), 0.0018490 secs] [Times: user=0.01 sys=0.00, real=0.00 secs] 
49.704: Total time for which application threads were stopped: 0.0046320 seconds, Stopping threads took: 0.0027060 seconds
49.785: Application time: 0.0808620 seconds
49.787: [GC [PSYoungGen: 89856K->6928K(97280K)] 94729K->11809K(319488K), 0.0020040 secs] [Times: user=0.01 sys=0.00, real=0.00 secs] 
49.789: Total time for which application threads were stopped: 0.0046690 seconds, Stopping threads took: 0.0025680 seconds
49.868: Application time: 0.0790230 seconds
49.872: [GC [PSYoungGen: 90384K->7280K(97280K)] 95265K->12161K(319488K), 0.0023000 secs] [Times: user=0.01 sys=0.00, real=0.00 secs] 
49.874: Total time for which application threads were stopped: 0.0058040 seconds, Stopping threads took: 0.0034270 seconds
49.955: Application time: 0.0806430 seconds
49.958: [GC [PSYoungGen: 90736K->6688K(97280K)] 95617K->11569K(319488K), 0.0021010 secs] [Times: user=0.01 sys=0.00, real=0.00 secs] 
49.960: Total time for which application threads were stopped: 0.0050540 seconds, Stopping threads took: 0.0028640 seconds
50.039: Application time: 0.0790690 seconds
50.041: [GC [PSYoungGen: 90144K->6112K(97280K)] 95025K->11001K(319488K), 0.0019450 secs] [Times: user=0.01 sys=0.00, real=0.00 secs] 
50.043: Total time for which application threads were stopped: 0.0044150 seconds, Stopping threads took: 0.0023850 seconds
50.120: Application time: 0.0766550 seconds
50.121: [GC [PSYoungGen: 89568K->7232K(97280K)] 94457K->12129K(319488K), 0.0022490 secs] [Times: user=0.02 sys=0.00, real=0.00 secs] 
50.124: Total time for which application threads were stopped: 0.0036410 seconds, Stopping threads took: 0.0013110 seconds
50.202: Application time: 0.0781850 seconds
50.204: [GC [PSYoungGen: 90688K->7120K(97280K)] 95585K->12025K(319488K), 0.0021290 secs] [Times: user=0.01 sys=0.00, real=0.00 secs] 
50.206: Total time for which application threads were stopped: 0.0043160 seconds, Stopping threads took: 0.0021090 seconds
50.286: Application time: 0.0792640 seconds
50.287: [GC [PSYoungGen: 90576K->7200K(97280K)] 95481K->12113K(319488K), 0.0021100 secs] [Times: user=0.01 sys=0.00, real=0.00 secs] 
50.290: Total time for which application threads were stopped: 0.0040880 seconds, Stopping threads took: 0.0018990 seconds
50.368: Application time: 0.0782310 seconds
50.371: [GC [PSYoungGen: 90656K->7520K(97280K)] 95569K->12433K(319488K), 0.0021940 secs] [Times: user=0.02 sys=0.00, real=0.00 secs] 
50.373: Total time for which application threads were stopped: 0.0050050 seconds, Stopping threads took: 0.0027200 seconds
50.452: Application time: 0.0787870 seconds
50.455: [GC [PSYoungGen: 90976K->7232K(97280K)] 95889K->12145K(319488K), 0.0020730 secs] [Times: user=0.01 sys=0.00, real=0.01 secs] 
50.457: Total time for which application threads were stopped: 0.0052430 seconds, Stopping threads took: 0.0030870 seconds
50.535: Application time: 0.0776710 seconds
50.537: [GC [PSYoungGen: 90688K->7296K(97280K)] 95601K->12217K(319488K), 0.0020900 secs] [Times: user=0.02 sys=0.00, real=0.00 secs] 
50.539: Total time for which application threads were stopped: 0.0042440 seconds, Stopping threads took: 0.0020710 seconds
50.618: Application time: 0.0790650 seconds
50.621: [GC [PSYoungGen: 90752K->7168K(97280K)] 95673K->12097K(319488K), 0.0021140 secs] [Times: user=0.01 sys=0.00, real=0.00 secs] 
50.623: Total time for which application threads were stopped: 0.0050630 seconds, Stopping threads took: 0.0028660 seconds
50.702: Application time: 0.0787310 seconds
50.705: [GC [PSYoungGen: 90624K->6544K(97280K)] 95553K->11481K(319488K), 0.0018960 secs] [Times: user=0.01 sys=0.00, real=0.00 secs] 
50.707: Total time for which application threads were stopped: 0.0048160 seconds, Stopping threads took: 0.0028340 seconds
50.789: Application time: 0.0820390 seconds
50.791: [GC [PSYoungGen: 90000K->6656K(97280K)] 94937K->11601K(319488K), 0.0019960 secs] [Times: user=0.01 sys=0.00, real=0.00 secs] 
50.793: Total time for which application threads were stopped: 0.0046080 seconds, Stopping threads took: 0.0025350 seconds
50.875: Application time: 0.0815820 seconds
50.877: [GC [PSYoungGen: 90112K->6224K(97280K)] 95057K->11169K(319488K), 0.0017830 secs] [Times: user=0.01 sys=0.00, real=0.00 secs] 
50.878: Total time for which application threads were stopped: 0.0036550 seconds, Stopping threads took: 0.0017850 seconds
50.962: Application time: 0.0836850 seconds
50.964: [GC [PSYoungGen: 89679K->7136K(97280K)] 94624K->12081K(319488K), 0.0021700 secs] [Times: user=0.01 sys=0.00, real=0.00 secs] 
50.966: Total time for which application threads were stopped: 0.0042580 seconds, Stopping threads took: 0.0020010 seconds
51.047: Application time: 0.0809650 seconds
51.049: [GC [PSYoungGen: 90592K->7680K(97280K)] 95537K->12625K(319488K), 0.0022790 secs] [Times: user=0.01 sys=0.00, real=0.00 secs] 
51.052: Total time for which application threads were stopped: 0.0042500 seconds, Stopping threads took: 0.0018880 seconds
51.134: Application time: 0.0826630 seconds
51.137: [GC [PSYoungGen: 91136K->7344K(97280K)] 96081K->12297K(319488K), 0.0021930 secs] [Times: user=0.02 sys=0.00, real=0.00 secs] 
51.139: Total time for which application threads were stopped: 0.0047550 seconds, Stopping threads took: 0.0024840 seconds
51.219: Application time: 0.0800480 seconds
51.222: [GC [PSYoungGen: 90800K->6896K(97280K)] 95753K->11857K(319488K), 0.0019700 secs] [Times: user=0.02 sys=0.00, real=0.00 secs] 
51.224: Total time for which application threads were stopped: 0.0050910 seconds, Stopping threads took: 0.0030370 seconds
51.305: Application time: 0.0811780 seconds
51.308: [GC [PSYoungGen: 90352K->8208K(97280K)] 95313K->13177K(319488K), 0.0023770 secs] [Times: user=0.01 sys=0.00, real=0.00 secs] 
51.310: Total time for which application threads were stopped: 0.0047930 seconds, Stopping threads took: 0.0023330 seconds
51.391: Application time: 0.0805040 seconds
51.393: [GC [PSYoungGen: 91664K->7712K(97280K)] 96633K->12681K(319488K), 0.0022960 secs] [Times: user=0.02 sys=0.00, real=0.01 secs] 
51.395: Total time for which application threads were stopped: 0.0046180 seconds, Stopping threads took: 0.0022280 seconds
51.473: Application time: 0.0775640 seconds
51.476: [GC [PSYoungGen: 91168K->7968K(97280K)] 96137K->12937K(319488K), 0.0024350 secs] [Times: user=0.02 sys=0.00, real=0.00 secs] 
51.479: Total time for which application threads were stopped: 0.0057060 seconds, Stopping threads took: 0.0031650 seconds
51.557: Application time: 0.0788260 seconds
51.560: [GC [PSYoungGen: 91424K->7040K(97280K)] 96393K->12009K(319488K), 0.0021300 secs] [Times: user=0.01 sys=0.00, real=0.00 secs] 
51.562: Total time for which application threads were stopped: 0.0048380 seconds, Stopping threads took: 0.0026270 seconds
51.642: Application time: 0.0795040 seconds
51.644: [GC [PSYoungGen: 90496K->6656K(97280K)] 95465K->11633K(319488K), 0.0019580 secs] [Times: user=0.01 sys=0.00, real=0.00 secs] 
51.646: Total time for which application threads were stopped: 0.0043690 seconds, Stopping threads took: 0.0023320 seconds
51.726: Application time: 0.0800200 seconds
51.729: [GC [PSYoungGen: 90112K->6848K(97280K)] 95089K->11833K(319488K), 0.0020470 secs] [Times: user=0.02 sys=0.00, real=0.00 secs] 
51.731: Total time for which application threads were stopped: 0.0046610 seconds, Stopping threads took: 0.0025320 seconds
51.811: Application time: 0.0802440 seconds
51.814: [GC [PSYoungGen: 90304K->8000K(97280K)] 95289K->12993K(319488K), 0.0022540 secs] [Times: user=0.01 sys=0.00, real=0.01 secs] 
51.816: Total time for which application threads were stopped: 0.0049620 seconds, Stopping threads took: 0.0026270 seconds
51.902: Application time: 0.0863230 seconds
51.903: [GC [PSYoungGen: 91456K->4144K(97280K)] 96449K->9137K(319488K), 0.0013800 secs] [Times: user=0.01 sys=0.00, real=0.00 secs] 
51.905: Total time for which application threads were stopped: 0.0026360 seconds, Stopping threads took: 0.0011770 seconds
51.983: Application time: 0.0780970 seconds
51.984: [GC [PSYoungGen: 87600K->6368K(97280K)] 92593K->11361K(319488K), 0.0018570 secs] [Times: user=0.01 sys=0.00, real=0.00 secs] 
51.986: Total time for which application threads were stopped: 0.0031390 seconds, Stopping threads took: 0.0012030 seconds
52.065: Application time: 0.0791130 seconds
52.068: [GC [PSYoungGen: 89824K->8176K(97280K)] 94817K->13169K(319488K), 0.0024080 secs] [Times: user=0.01 sys=0.00, real=0.00 secs] 
52.071: Total time for which application threads were stopped: 0.0055380 seconds, Stopping threads took: 0.0030360 seconds
52.150: Application time: 0.0793310 seconds
52.152: [GC [PSYoungGen: 91632K->6528K(97280K)] 96625K->11529K(319488K), 0.0019670 secs] [Times: user=0.01 sys=0.00, real=0.00 secs] 
52.154: Total time for which application threads were stopped: 0.0043510 seconds, Stopping threads took: 0.0022930 seconds
52.235: Application time: 0.0800830 seconds
52.237: [GC [PSYoungGen: 89984K->5344K(97280K)] 94985K->10353K(319488K), 0.0016440 secs] [Times: user=0.01 sys=0.00, real=0.00 secs] 
52.239: Total time for which application threads were stopped: 0.0041700 seconds, Stopping threads took: 0.0024480 seconds
52.315: Application time: 0.0761930 seconds
52.318: [GC [PSYoungGen: 88800K->6768K(97280K)] 93809K->11785K(319488K), 0.0021500 secs] [Times: user=0.01 sys=0.00, real=0.00 secs] 
52.320: Total time for which application threads were stopped: 0.0051100 seconds, Stopping threads took: 0.0028770 seconds
52.399: Application time: 0.0792970 seconds
52.402: [GC [PSYoungGen: 90224K->7392K(97280K)] 95241K->12409K(319488K), 0.0020860 secs] [Times: user=0.01 sys=0.00, real=0.00 secs] 
52.404: Total time for which application threads were stopped: 0.0051140 seconds, Stopping threads took: 0.0029460 seconds
52.483: Application time: 0.0781860 seconds
52.485: [GC [PSYoungGen: 90848K->6464K(97280K)] 95865K->11481K(319488K), 0.0019390 secs] [Times: user=0.02 sys=0.00, real=0.00 secs] 
52.487: Total time for which application threads were stopped: 0.0042180 seconds, Stopping threads took: 0.0021770 seconds
52.564: Application time: 0.0775520 seconds
52.567: [GC [PSYoungGen: 89920K->7440K(97280K)] 94937K->12457K(319488K), 0.0021750 secs] [Times: user=0.02 sys=0.00, real=0.00 secs] 
52.569: Total time for which application threads were stopped: 0.0047240 seconds, Stopping threads took: 0.0024680 seconds
52.649: Application time: 0.0798250 seconds
52.651: [GC [PSYoungGen: 90896K->7360K(97280K)] 95913K->12377K(319488K), 0.0022970 secs] [Times: user=0.01 sys=0.00, real=0.00 secs] 
52.653: Total time for which application threads were stopped: 0.0041570 seconds, Stopping threads took: 0.0017810 seconds
52.733: Application time: 0.0793800 seconds
52.735: [GC [PSYoungGen: 90816K->6432K(97280K)] 95833K->11457K(319488K), 0.0018610 secs] [Times: user=0.01 sys=0.00, real=0.00 secs] 
52.737: Total time for which application threads were stopped: 0.0048610 seconds, Stopping threads took: 0.0029220 seconds
52.817: Application time: 0.0791940 seconds
52.819: [GC [PSYoungGen: 89888K->7024K(97280K)] 94913K->12057K(319488K), 0.0020270 secs] [Times: user=0.02 sys=0.00, real=0.00 secs] 
52.821: Total time for which application threads were stopped: 0.0048770 seconds, Stopping threads took: 0.0027700 seconds
52.905: Application time: 0.0840020 seconds
52.908: [GC [PSYoungGen: 90480K->6944K(97280K)] 95513K->11985K(319488K), 0.0021870 secs] [Times: user=0.01 sys=0.00, real=0.00 secs] 
52.910: Total time for which application threads were stopped: 0.0045330 seconds, Stopping threads took: 0.0022690 seconds
52.989: Application time: 0.0786530 seconds
52.990: [GC [PSYoungGen: 90400K->7360K(97280K)] 95441K->12401K(319488K), 0.0023110 secs] [Times: user=0.02 sys=0.00, real=0.00 secs] 
52.993: Total time for which application threads were stopped: 0.0040970 seconds, Stopping threads took: 0.0016940 seconds
53.072: Application time: 0.0788630 seconds
53.073: [GC [PSYoungGen: 90816K->7616K(97280K)] 95857K->12657K(319488K), 0.0022050 secs] [Times: user=0.02 sys=0.00, real=0.01 secs] 
53.076: Total time for which application threads were stopped: 0.0040510 seconds, Stopping threads took: 0.0017620 seconds
53.155: Application time: 0.0788300 seconds
53.157: [GC [PSYoungGen: 91072K->6976K(97280K)] 96113K->12017K(319488K), 0.0020480 secs] [Times: user=0.02 sys=0.00, real=0.00 secs] 
53.159: Total time for which application threads were stopped: 0.0045740 seconds, Stopping threads took: 0.0024450 seconds
53.232: Application time: 0.0733890 seconds
53.235: [GC [PSYoungGen: 90432K->7504K(97280K)] 95473K->12561K(319488K), 0.0021630 secs] [Times: user=0.02 sys=0.00, real=0.00 secs] 
53.238: Total time for which application threads were stopped: 0.0052250 seconds, Stopping threads took: 0.0029840 seconds
53.309: Application time: 0.0715050 seconds
53.311: [GC [PSYoungGen: 90960K->8256K(97280K)] 96017K->13321K(319488K), 0.0024900 secs] [Times: user=0.01 sys=0.00, real=0.00 secs] 
53.314: Total time for which application threads were stopped: 0.0045690 seconds, Stopping threads took: 0.0020000 seconds
53.385: Application time: 0.0712300 seconds
53.387: [GC [PSYoungGen: 91712K->7568K(97280K)] 96777K->12641K(319488K), 0.0022770 secs] [Times: user=0.02 sys=0.00, real=0.00 secs] 
53.390: Total time for which application threads were stopped: 0.0046870 seconds, Stopping threads took: 0.0023260 seconds
53.463: Application time: 0.0731750 seconds
53.466: [GC [PSYoungGen: 91024K->7824K(97280K)] 96097K->12897K(319488K), 0.0021720 secs] [Times: user=0.01 sys=0.00, real=0.01 secs] 
53.468: Total time for which application threads were stopped: 0.0050910 seconds, Stopping threads took: 0.0028390 seconds
53.542: Application time: 0.0744030 seconds
53.544: [GC [PSYoungGen: 91280K->6912K(97280K)] 96353K->11985K(319488K), 0.0019810 secs] [Times: user=0.01 sys=0.00, real=0.00 secs] 
53.546: Total time for which application threads were stopped: 0.0038980 seconds, Stopping threads took: 0.0018330 seconds
53.623: Application time: 0.0768670 seconds
53.625: [GC [PSYoungGen: 90368K->5584K(97280K)] 95441K->10657K(319488K), 0.0015860 secs] [Times: user=0.01 sys=0.00, real=0.00 secs] 
53.627: Total time for which application threads were stopped: 0.0035750 seconds, Stopping threads took: 0.0019170 seconds
53.702: Application time: 0.0756090 seconds
53.705: [GC [PSYoungGen: 89040K->6384K(97280K)] 94113K->11465K(319488K), 0.0018870 secs] [Times: user=0.01 sys=0.00, real=0.00 secs] 
53.707: Total time for which application threads were stopped: 0.0043770 seconds, Stopping threads took: 0.0024130 seconds
53.779: Application time: 0.0722930 seconds
53.780: [GC [PSYoungGen: 89840K->6464K(97280K)] 94921K->11553K(319488K), 0.0019470 secs] [Times: user=0.01 sys=0.00, real=0.00 secs] 
53.782: Total time for which application threads were stopped: 0.0034240 seconds, Stopping threads took: 0.0013940 seconds
53.856: Application time: 0.0740600 seconds
53.859: [GC [PSYoungGen: 89920K->7536K(97280K)] 95009K->12633K(319488K), 0.0020860 secs] [Times: user=0.02 sys=0.00, real=0.00 secs] 
53.861: Total time for which application threads were stopped: 0.0047840 seconds, Stopping threads took: 0.0026160 seconds
53.933: Application time: 0.0720080 seconds
53.936: [GC [PSYoungGen: 90992K->8080K(97280K)] 96089K->13177K(319488K), 0.0022800 secs] [Times: user=0.01 sys=0.00, real=0.00 secs] 
53.938: Total time for which application threads were stopped: 0.0047660 seconds, Stopping threads took: 0.0024060 seconds
54.015: Application time: 0.0770620 seconds
54.017: [GC [PSYoungGen: 91536K->5872K(97280K)] 96633K->10969K(319488K), 0.0018060 secs] [Times: user=0.01 sys=0.00, real=0.00 secs] 
54.019: Total time for which application threads were stopped: 0.0038770 seconds, Stopping threads took: 0.0019920 seconds
54.095: Application time: 0.0757250 seconds
54.097: [GC [PSYoungGen: 89328K->8368K(97280K)] 94425K->13465K(319488K), 0.0024770 secs] [Times: user=0.01 sys=0.00, real=0.00 secs] 
54.100: Total time for which application threads were stopped: 0.0050060 seconds, Stopping threads took: 0.0024350 seconds
54.176: Application time: 0.0766190 seconds
54.178: [GC [PSYoungGen: 91824K->5776K(97280K)] 96921K->10889K(319488K), 0.0017170 secs] [Times: user=0.01 sys=0.00, real=0.00 secs] 
54.180: Total time for which application threads were stopped: 0.0038130 seconds, Stopping threads took: 0.0020230 seconds
54.257: Application time: 0.0770000 seconds
54.259: [GC [PSYoungGen: 89232K->6160K(97280K)] 94345K->11281K(319488K), 0.0018180 secs] [Times: user=0.00 sys=0.00, real=0.00 secs] 
54.261: Total time for which application threads were stopped: 0.0034790 seconds, Stopping threads took: 0.0015820 seconds
54.337: Application time: 0.0766460 seconds
54.340: [GC [PSYoungGen: 89616K->6896K(97280K)] 94737K->12025K(319488K), 0.0019570 secs] [Times: user=0.02 sys=0.00, real=0.00 secs] 
54.342: Total time for which application threads were stopped: 0.0044090 seconds, Stopping threads took: 0.0023750 seconds
54.414: Application time: 0.0724430 seconds
54.419: [GC [PSYoungGen: 90352K->7632K(97280K)] 95481K->12761K(319488K), 0.0022570 secs] [Times: user=0.02 sys=0.00, real=0.00 secs] 
54.421: Total time for which application threads were stopped: 0.0072010 seconds, Stopping threads took: 0.0048680 seconds
54.494: Application time: 0.0723640 seconds
54.495: [GC [PSYoungGen: 91088K->7840K(97280K)] 96217K->12969K(319488K), 0.0022530 secs] [Times: user=0.02 sys=0.00, real=0.00 secs] 
54.498: Total time for which application threads were stopped: 0.0039950 seconds, Stopping threads took: 0.0016590 seconds
54.572: Application time: 0.0740920 seconds
54.574: [GC [PSYoungGen: 91296K->8080K(97280K)] 96425K->13209K(319488K), 0.0023370 secs] [Times: user=0.02 sys=0.00, real=0.01 secs] 
54.576: Total time for which application threads were stopped: 0.0041180 seconds, Stopping threads took: 0.0016960 seconds
54.654: Application time: 0.0782860 seconds
54.656: [GC [PSYoungGen: 91536K->7760K(97280K)] 96665K->12897K(319488K), 0.0023220 secs] [Times: user=0.01 sys=0.00, real=0.00 secs] 
54.659: Total time for which application threads were stopped: 0.0045000 seconds, Stopping threads took: 0.0020880 seconds
54.735: Application time: 0.0765790 seconds
54.738: [GC [PSYoungGen: 91216K->8160K(97280K)] 96353K->13305K(319488K), 0.0023820 secs] [Times: user=0.02 sys=0.00, real=0.00 secs] 
54.741: Total time for which application threads were stopped: 0.0054250 seconds, Stopping threads took: 0.0029630 seconds
54.815: Application time: 0.0743720 seconds
54.817: [GC [PSYoungGen: 91616K->6832K(97280K)] 96761K->11985K(319488K), 0.0019500 secs] [Times: user=0.00 sys=0.00, real=0.00 secs] 
54.819: Total time for which application threads were stopped: 0.0034750 seconds, Stopping threads took: 0.0014560 seconds
54.892: Application time: 0.0737880 seconds
54.894: [GC [PSYoungGen: 90288K->7328K(97280K)] 95441K->12481K(319488K), 0.0022400 secs] [Times: user=0.02 sys=0.00, real=0.01 secs] 
54.896: Total time for which application threads were stopped: 0.0037150 seconds, Stopping threads took: 0.0013930 seconds
54.972: Application time: 0.0761610 seconds
54.974: [GC [PSYoungGen: 90784K->6800K(97280K)] 95937K->11953K(319488K), 0.0019520 secs] [Times: user=0.02 sys=0.00, real=0.01 secs] 
54.976: Total time for which application threads were stopped: 0.0040310 seconds, Stopping threads took: 0.0020010 seconds
55.052: Application time: 0.0761120 seconds
55.055: [GC [PSYoungGen: 90256K->7152K(97280K)] 95409K->12305K(319488K), 0.0020420 secs] [Times: user=0.01 sys=0.00, real=0.00 secs] 
55.057: Total time for which application threads were stopped: 0.0046870 seconds, Stopping threads took: 0.0025640 seconds
55.130: Application time: 0.0731970 seconds
55.132: [GC [PSYoungGen: 90608K->7648K(97280K)] 95761K->12801K(319488K), 0.0021940 secs] [Times: user=0.01 sys=0.00, real=0.00 secs] 
55.135: Total time for which application threads were stopped: 0.0042400 seconds, Stopping threads took: 0.0019650 seconds
55.208: Application time: 0.0738920 seconds
55.211: [GC [PSYoungGen: 91104K->7136K(97280K)] 96257K->12297K(319488K), 0.0020290 secs] [Times: user=0.01 sys=0.00, real=0.00 secs] 
55.213: Total time for which application threads were stopped: 0.0046970 seconds, Stopping threads took: 0.0025870 seconds
55.290: Application time: 0.0770670 seconds
55.292: [GC [PSYoungGen: 90592K->7520K(97280K)] 95753K->12689K(319488K), 0.0022020 secs] [Times: user=0.01 sys=0.00, real=0.00 secs] 
55.295: Total time for which application threads were stopped: 0.0044350 seconds, Stopping threads took: 0.0021550 seconds
55.372: Application time: 0.0778330 seconds
55.375: [GC [PSYoungGen: 90976K->7968K(97280K)] 96145K->13137K(319488K), 0.0022390 secs] [Times: user=0.02 sys=0.00, real=0.00 secs] 
55.377: Total time for which application threads were stopped: 0.0048920 seconds, Stopping threads took: 0.0025670 seconds
55.455: Application time: 0.0774360 seconds
55.457: [GC [PSYoungGen: 91424K->6352K(97280K)] 96593K->11521K(319488K), 0.0017890 secs] [Times: user=0.01 sys=0.00, real=0.00 secs] 
55.459: Total time for which application threads were stopped: 0.0044940 seconds, Stopping threads took: 0.0026310 seconds
55.537: Application time: 0.0773100 seconds
55.539: [GC [PSYoungGen: 89808K->6528K(97280K)] 94977K->11697K(319488K), 0.0019140 secs] [Times: user=0.01 sys=0.00, real=0.00 secs] 
55.541: Total time for which application threads were stopped: 0.0040780 seconds, Stopping threads took: 0.0020860 seconds
55.612: Application time: 0.0713170 seconds
55.614: [GC [PSYoungGen: 89984K->7536K(97280K)] 95153K->12705K(319488K), 0.0022680 secs] [Times: user=0.01 sys=0.00, real=0.01 secs] 
55.616: Total time for which application threads were stopped: 0.0042810 seconds, Stopping threads took: 0.0019290 seconds
55.689: Application time: 0.0724830 seconds
55.691: [GC [PSYoungGen: 90992K->7040K(97280K)] 96161K->12217K(319488K), 0.0020910 secs] [Times: user=0.01 sys=0.00, real=0.00 secs] 
55.694: Total time for which application threads were stopped: 0.0048540 seconds, Stopping threads took: 0.0026860 seconds
55.767: Application time: 0.0731920 seconds
55.769: [GC [PSYoungGen: 90496K->7280K(97280K)] 95673K->12465K(319488K), 0.0022460 secs] [Times: user=0.02 sys=0.00, real=0.00 secs] 
55.771: Total time for which application threads were stopped: 0.0041250 seconds, Stopping threads took: 0.0017870 seconds
55.847: Application time: 0.0763760 seconds
55.850: [GC [PSYoungGen: 90736K->6576K(97280K)] 95921K->11769K(319488K), 0.0019210 secs] [Times: user=0.01 sys=0.00, real=0.00 secs] 
55.852: Total time for which application threads were stopped: 0.0045200 seconds, Stopping threads took: 0.0025200 seconds
55.924: Application time: 0.0720990 seconds
55.925: [GC [PSYoungGen: 90032K->5872K(97280K)] 95225K->11065K(319488K), 0.0018670 secs] [Times: user=0.02 sys=0.00, real=0.01 secs] 
55.927: Total time for which application threads were stopped: 0.0034150 seconds, Stopping threads took: 0.0014710 seconds
56.000: Application time: 0.0726320 seconds
56.002: [GC [PSYoungGen: 89328K->7424K(97280K)] 94521K->12617K(319488K), 0.0022170 secs] [Times: user=0.01 sys=0.00, real=0.00 secs] 
56.005: Total time for which application threads were stopped: 0.0047260 seconds, Stopping threads took: 0.0024030 seconds
56.080: Application time: 0.0754670 seconds
56.083: [GC [PSYoungGen: 90880K->6720K(97280K)] 96073K->11913K(319488K), 0.0019190 secs] [Times: user=0.01 sys=0.00, real=0.00 secs] 
56.084: Total time for which application threads were stopped: 0.0042890 seconds, Stopping threads took: 0.0022880 seconds
56.160: Application time: 0.0755400 seconds
56.163: [GC [PSYoungGen: 90176K->7296K(97280K)] 95369K->12513K(319488K), 0.0021100 secs] [Times: user=0.01 sys=0.00, real=0.00 secs] 
56.165: Total time for which application threads were stopped: 0.0046420 seconds, Stopping threads took: 0.0024460 seconds
56.239: Application time: 0.0742780 seconds
56.241: [GC [PSYoungGen: 90752K->7072K(97280K)] 95969K->12297K(319488K), 0.0019670 secs] [Times: user=0.01 sys=0.00, real=0.00 secs] 
56.243: Total time for which application threads were stopped: 0.0043050 seconds, Stopping threads took: 0.0022580 seconds
56.318: Application time: 0.0747030 seconds
56.321: [GC [PSYoungGen: 90528K->6608K(97280K)] 95753K->11841K(319488K), 0.0018820 secs] [Times: user=0.01 sys=0.00, real=0.00 secs] 
56.323: Total time for which application threads were stopped: 0.0046770 seconds, Stopping threads took: 0.0027080 seconds
56.396: Application time: 0.0735030 seconds
56.398: [GC [PSYoungGen: 90064K->8080K(97280K)] 95297K->13313K(319488K), 0.0023480 secs] [Times: user=0.02 sys=0.00, real=0.00 secs] 
56.401: Total time for which application threads were stopped: 0.0044720 seconds, Stopping threads took: 0.0020460 seconds
56.473: Application time: 0.0723520 seconds
56.475: [GC [PSYoungGen: 91536K->7376K(97280K)] 96769K->12609K(319488K), 0.0022780 secs] [Times: user=0.01 sys=0.00, real=0.00 secs] 
56.477: Total time for which application threads were stopped: 0.0043900 seconds, Stopping threads took: 0.0020310 seconds
56.552: Application time: 0.0748080 seconds
56.555: [GC [PSYoungGen: 90832K->7952K(97280K)] 96065K->13185K(319488K), 0.0023160 secs] [Times: user=0.02 sys=0.00, real=0.01 secs] 
56.557: Total time for which application threads were stopped: 0.0048500 seconds, Stopping threads took: 0.0024500 seconds
56.633: Application time: 0.0761530 seconds
56.635: [GC [PSYoungGen: 91408K->7456K(97280K)] 96641K->12697K(319488K), 0.0021000 secs] [Times: user=0.02 sys=0.00, real=0.00 secs] 
56.637: Total time for which application threads were stopped: 0.0041100 seconds, Stopping threads took: 0.0019280 seconds
56.712: Application time: 0.0742840 seconds
56.714: [GC [PSYoungGen: 90912K->7104K(97280K)] 96153K->12353K(319488K), 0.0020290 secs] [Times: user=0.02 sys=0.00, real=0.01 secs] 
56.716: Total time for which application threads were stopped: 0.0047880 seconds, Stopping threads took: 0.0026820 seconds
56.790: Application time: 0.0734700 seconds
56.792: [GC [PSYoungGen: 90560K->6064K(97280K)] 95809K->11321K(319488K), 0.0017690 secs] [Times: user=0.01 sys=0.00, real=0.00 secs] 
56.793: Total time for which application threads were stopped: 0.0035940 seconds, Stopping threads took: 0.0017470 seconds
56.868: Application time: 0.0748500 seconds
56.871: [GC [PSYoungGen: 89520K->8272K(97280K)] 94777K->13529K(319488K), 0.0023060 secs] [Times: user=0.01 sys=0.00, real=0.00 secs] 
56.874: Total time for which application threads were stopped: 0.0053730 seconds, Stopping threads took: 0.0029810 seconds
56.948: Application time: 0.0738960 seconds
56.951: [GC [PSYoungGen: 91728K->7600K(97280K)] 96985K->12857K(319488K), 0.0022650 secs] [Times: user=0.02 sys=0.00, real=0.00 secs] 
56.953: Total time for which application threads were stopped: 0.0052890 seconds, Stopping threads took: 0.0029450 seconds
57.024: Application time: 0.0714150 seconds
57.027: [GC [PSYoungGen: 91056K->7456K(97280K)] 96313K->12713K(319488K), 0.0022970 secs] [Times: user=0.02 sys=0.00, real=0.00 secs] 
57.030: Total time for which application threads were stopped: 0.0052210 seconds, Stopping threads took: 0.0028400 seconds
57.104: Application time: 0.0740610 seconds
57.106: [GC [PSYoungGen: 90912K->8336K(97280K)] 96169K->13601K(319488K), 0.0023870 secs] [Times: user=0.01 sys=0.00, real=0.01 secs] 
57.109: Total time for which application threads were stopped: 0.0050120 seconds, Stopping threads took: 0.0025440 seconds
57.186: Application time: 0.0769370 seconds
57.188: [GC [PSYoungGen: 91792K->5712K(97280K)] 97057K->10985K(319488K), 0.0016450 secs] [Times: user=0.00 sys=0.00, real=0.00 secs] 
57.190: Total time for which application threads were stopped: 0.0041030 seconds, Stopping threads took: 0.0023850 seconds
57.271: Application time: 0.0810600 seconds
57.273: [GC [PSYoungGen: 89168K->6576K(97280K)] 94441K->11857K(319488K), 0.0019360 secs] [Times: user=0.01 sys=0.00, real=0.00 secs] 
57.275: Total time for which application threads were stopped: 0.0040300 seconds, Stopping threads took: 0.0020090 seconds
57.355: Application time: 0.0799710 seconds
57.357: [GC [PSYoungGen: 90032K->5392K(97280K)] 95313K->10673K(319488K), 0.0015750 secs] [Times: user=0.01 sys=0.00, real=0.00 secs] 
57.358: Total time for which application threads were stopped: 0.0036220 seconds, Stopping threads took: 0.0019770 seconds
57.440: Application time: 0.0815570 seconds
57.444: [GC [PSYoungGen: 88848K->6752K(97280K)] 94129K->12033K(319488K), 0.0021170 secs] [Times: user=0.01 sys=0.00, real=0.00 secs] 
57.446: Total time for which application threads were stopped: 0.0063170 seconds, Stopping threads took: 0.0041020 seconds
57.526: Application time: 0.0799100 seconds
57.529: [GC [PSYoungGen: 90208K->7584K(97280K)] 95489K->12865K(319488K), 0.0021470 secs] [Times: user=0.01 sys=0.00, real=0.00 secs] 
57.531: Total time for which application threads were stopped: 0.0051770 seconds, Stopping threads took: 0.0029370 seconds
57.611: Application time: 0.0802120 seconds
57.614: [GC [PSYoungGen: 91040K->7008K(97280K)] 96321K->12297K(319488K), 0.0019720 secs] [Times: user=0.01 sys=0.00, real=0.01 secs] 
57.616: Total time for which application threads were stopped: 0.0047160 seconds, Stopping threads took: 0.0026580 seconds
57.696: Application time: 0.0800350 seconds
57.699: [GC [PSYoungGen: 90464K->7584K(97280K)] 95753K->12881K(319488K), 0.0021540 secs] [Times: user=0.02 sys=0.00, real=0.00 secs] 
57.701: Total time for which application threads were stopped: 0.0050200 seconds, Stopping threads took: 0.0027870 seconds
57.782: Application time: 0.0805230 seconds
57.784: [GC [PSYoungGen: 91040K->6944K(97280K)] 96337K->12257K(319488K), 0.0020630 secs] [Times: user=0.01 sys=0.00, real=0.00 secs] 
57.786: Total time for which application threads were stopped: 0.0039230 seconds, Stopping threads took: 0.0017810 seconds
57.864: Application time: 0.0782900 seconds
57.866: [GC [PSYoungGen: 90400K->6656K(97280K)] 95713K->11969K(319488K), 0.0018980 secs] [Times: user=0.02 sys=0.00, real=0.01 secs] 
57.868: Total time for which application threads were stopped: 0.0041970 seconds, Stopping threads took: 0.0022150 seconds
57.946: Application time: 0.0775250 seconds
57.948: [GC [PSYoungGen: 90112K->7872K(97280K)] 95425K->13185K(319488K), 0.0023370 secs] [Times: user=0.01 sys=0.00, real=0.00 secs] 
57.951: Total time for which application threads were stopped: 0.0048980 seconds, Stopping threads took: 0.0024650 seconds
58.028: Application time: 0.0769190 seconds
58.029: [GC [PSYoungGen: 91328K->7888K(97280K)] 96641K->13201K(319488K), 0.0022640 secs] [Times: user=0.01 sys=0.00, real=0.00 secs] 
58.032: Total time for which application threads were stopped: 0.0041910 seconds, Stopping threads took: 0.0018460 seconds
58.110: Application time: 0.0780000 seconds
58.113: [GC [PSYoungGen: 91344K->7584K(97280K)] 96657K->12897K(319488K), 0.0022980 secs] [Times: user=0.02 sys=0.00, real=0.01 secs] 
58.115: Total time for which application threads were stopped: 0.0055000 seconds, Stopping threads took: 0.0031140 seconds
58.196: Application time: 0.0806730 seconds
58.198: [GC [PSYoungGen: 91040K->6048K(97280K)] 96353K->11369K(319488K), 0.0017500 secs] [Times: user=0.01 sys=0.00, real=0.00 secs] 
58.200: Total time for which application threads were stopped: 0.0041440 seconds, Stopping threads took: 0.0023210 seconds
58.282: Application time: 0.0814500 seconds
58.283: [GC [PSYoungGen: 89504K->6848K(97280K)] 94825K->12177K(319488K), 0.0020450 secs] [Times: user=0.02 sys=0.00, real=0.00 secs] 
58.285: Total time for which application threads were stopped: 0.0034230 seconds, Stopping threads took: 0.0012900 seconds
58.364: Application time: 0.0793720 seconds
58.367: [GC [PSYoungGen: 90304K->6976K(97280K)] 95633K->12313K(319488K), 0.0021080 secs] [Times: user=0.01 sys=0.00, real=0.00 secs] 
58.369: Total time for which application threads were stopped: 0.0050320 seconds, Stopping threads took: 0.0028380 seconds
58.449: Application time: 0.0793370 seconds
58.450: [GC [PSYoungGen: 90432K->6592K(97280K)] 95769K->11929K(319488K), 0.0018940 secs] [Times: user=0.01 sys=0.00, real=0.00 secs] 
58.452: Total time for which application threads were stopped: 0.0032390 seconds, Stopping threads took: 0.0012590 seconds
58.532: Application time: 0.0796110 seconds
58.534: [GC [PSYoungGen: 90048K->6720K(97280K)] 95385K->12057K(319488K), 0.0019740 secs] [Times: user=0.02 sys=0.00, real=0.01 secs] 
58.536: Total time for which application threads were stopped: 0.0048720 seconds, Stopping threads took: 0.0028170 seconds
58.617: Application time: 0.0802900 seconds
58.620: [GC [PSYoungGen: 90176K->6208K(97280K)] 95513K->11545K(319488K), 0.0018770 secs] [Times: user=0.01 sys=0.00, real=0.00 secs] 
58.622: Total time for which application threads were stopped: 0.0048150 seconds, Stopping threads took: 0.0028600 seconds
58.700: Application time: 0.0789110 seconds
58.703: [GC [PSYoungGen: 89664K->7248K(97280K)] 95001K->12601K(319488K), 0.0021350 secs] [Times: user=0.01 sys=0.00, real=0.00 secs] 
58.705: Total time for which application threads were stopped: 0.0044570 seconds, Stopping threads took: 0.0022380 seconds
58.785: Application time: 0.0795910 seconds
58.787: [GC [PSYoungGen: 90704K->6896K(97280K)] 96057K->12257K(319488K), 0.0020670 secs] [Times: user=0.01 sys=0.00, real=0.00 secs] 
58.789: Total time for which application threads were stopped: 0.0047780 seconds, Stopping threads took: 0.0026290 seconds
58.870: Application time: 0.0807220 seconds
58.873: [GC [PSYoungGen: 90352K->6208K(97280K)] 95713K->11577K(319488K), 0.0017680 secs] [Times: user=0.01 sys=0.00, real=0.00 secs] 
58.875: Total time for which application threads were stopped: 0.0046980 seconds, Stopping threads took: 0.0028520 seconds
58.955: Application time: 0.0801030 seconds
58.958: [GC [PSYoungGen: 89664K->7600K(97280K)] 95033K->12969K(319488K), 0.0022390 secs] [Times: user=0.01 sys=0.00, real=0.00 secs] 
58.960: Total time for which application threads were stopped: 0.0053820 seconds, Stopping threads took: 0.0030580 seconds
59.038: Application time: 0.0782830 seconds
59.041: [GC [PSYoungGen: 91056K->7520K(97280K)] 96425K->12889K(319488K), 0.0022290 secs] [Times: user=0.02 sys=0.01, real=0.00 secs] 
59.043: Total time for which application threads were stopped: 0.0046470 seconds, Stopping threads took: 0.0023350 seconds
59.121: Application time: 0.0775970 seconds
59.123: [GC [PSYoungGen: 90976K->6656K(97280K)] 96345K->12025K(319488K), 0.0020910 secs] [Times: user=0.02 sys=0.00, real=0.00 secs] 
59.125: Total time for which application threads were stopped: 0.0047210 seconds, Stopping threads took: 0.0025500 seconds
59.204: Application time: 0.0785030 seconds
59.206: [GC [PSYoungGen: 90112K->8272K(97280K)] 95481K->13649K(319488K), 0.0024630 secs] [Times: user=0.01 sys=0.00, real=0.01 secs] 
59.208: Total time for which application threads were stopped: 0.0043890 seconds, Stopping threads took: 0.0018420 seconds
59.289: Application time: 0.0803820 seconds
59.291: [GC [PSYoungGen: 91728K->7200K(97280K)] 97105K->12585K(319488K), 0.0020890 secs] [Times: user=0.01 sys=0.01, real=0.00 secs] 
59.293: Total time for which application threads were stopped: 0.0042270 seconds, Stopping threads took: 0.0020600 seconds
59.370: Application time: 0.0768840 seconds
59.373: [GC [PSYoungGen: 90656K->7264K(97280K)] 96041K->12657K(319488K), 0.0020880 secs] [Times: user=0.01 sys=0.00, real=0.00 secs] 
59.375: Total time for which application threads were stopped: 0.0048290 seconds, Stopping threads took: 0.0026620 seconds
59.452: Application time: 0.0776800 seconds
59.455: [GC [PSYoungGen: 90720K->7408K(97280K)] 96113K->12801K(319488K), 0.0021430 secs] [Times: user=0.01 sys=0.00, real=0.00 secs] 
59.457: Total time for which application threads were stopped: 0.0048410 seconds, Stopping threads took: 0.0026170 seconds
59.536: Application time: 0.0791740 seconds
59.539: [GC [PSYoungGen: 90864K->6160K(97280K)] 96257K->11553K(319488K), 0.0017980 secs] [Times: user=0.01 sys=0.00, real=0.00 secs] 
59.540: Total time for which application threads were stopped: 0.0041000 seconds, Stopping threads took: 0.0022140 seconds
59.619: Application time: 0.0782970 seconds
59.622: [GC [PSYoungGen: 89616K->6944K(97280K)] 95009K->12337K(319488K), 0.0020960 secs] [Times: user=0.02 sys=0.00, real=0.00 secs] 
59.624: Total time for which application threads were stopped: 0.0054130 seconds, Stopping threads took: 0.0032350 seconds
59.702: Application time: 0.0778720 seconds
59.704: [GC [PSYoungGen: 90400K->8064K(97280K)] 95793K->13457K(319488K), 0.0023310 secs] [Times: user=0.02 sys=0.00, real=0.00 secs] 
59.706: Total time for which application threads were stopped: 0.0042880 seconds, Stopping threads took: 0.0018780 seconds
59.787: Application time: 0.0805250 seconds
59.789: [GC [PSYoungGen: 91520K->7424K(97280K)] 96913K->12825K(319488K), 0.0022600 secs] [Times: user=0.01 sys=0.00, real=0.00 secs] 
59.792: Total time for which application threads were stopped: 0.0048360 seconds, Stopping threads took: 0.0024940 seconds
59.871: Application time: 0.0795720 seconds
59.873: [GC [PSYoungGen: 90880K->6944K(97280K)] 96281K->12353K(319488K), 0.0021110 secs] [Times: user=0.01 sys=0.00, real=0.00 secs] 
59.875: Total time for which application threads were stopped: 0.0034600 seconds, Stopping threads took: 0.0012630 seconds
59.953: Application time: 0.0780470 seconds
59.955: [GC [PSYoungGen: 90400K->7504K(97280K)] 95809K->12913K(319488K), 0.0023830 secs] [Times: user=0.01 sys=0.00, real=0.01 secs] 
59.957: Total time for which application threads were stopped: 0.0041470 seconds, Stopping threads took: 0.0016780 seconds
60.034: Application time: 0.0772500 seconds
60.037: [GC [PSYoungGen: 90960K->6768K(97280K)] 96369K->12177K(319488K), 0.0021190 secs] [Times: user=0.01 sys=0.01, real=0.00 secs] 
60.039: Total time for which application threads were stopped: 0.0045350 seconds, Stopping threads took: 0.0023300 seconds
60.116: Application time: 0.0773400 seconds
60.119: [GC [PSYoungGen: 90224K->8176K(97280K)] 95633K->13585K(319488K), 0.0025720 secs] [Times: user=0.01 sys=0.00, real=0.00 secs] 
60.121: Total time for which application threads were stopped: 0.0052980 seconds, Stopping threads took: 0.0026260 seconds
60.201: Application time: 0.0792700 seconds
60.202: [GC [PSYoungGen: 91632K->6032K(97280K)] 97041K->11441K(319488K), 0.0019330 secs] [Times: user=0.01 sys=0.00, real=0.00 secs] 
60.204: Total time for which application threads were stopped: 0.0035890 seconds, Stopping threads took: 0.0015730 seconds
60.283: Application time: 0.0786200 seconds
60.285: [GC [PSYoungGen: 89488K->6320K(97280K)] 94897K->11737K(319488K), 0.0020310 secs] [Times: user=0.01 sys=0.00, real=0.01 secs] 
60.288: Total time for which application threads were stopped: 0.0046180 seconds, Stopping threads took: 0.0024940 seconds
60.368: Application time: 0.0802210 seconds
60.371: [GC [PSYoungGen: 89776K->6432K(97280K)] 95193K->11857K(319488K), 0.0018360 secs] [Times: user=0.01 sys=0.00, real=0.00 secs] 
60.373: Total time for which application threads were stopped: 0.0049240 seconds, Stopping threads took: 0.0030070 seconds
60.453: Application time: 0.0804080 seconds
60.456: [GC [PSYoungGen: 89888K->7136K(97280K)] 95313K->12561K(319488K), 0.0021670 secs] [Times: user=0.02 sys=0.00, real=0.00 secs] 
60.458: Total time for which application threads were stopped: 0.0052030 seconds, Stopping threads took: 0.0029490 seconds
60.538: Application time: 0.0799360 seconds
60.541: [GC [PSYoungGen: 90592K->7872K(97280K)] 96017K->13297K(319488K), 0.0022890 secs] [Times: user=0.02 sys=0.00, real=0.00 secs] 
60.544: Total time for which application threads were stopped: 0.0054460 seconds, Stopping threads took: 0.0030760 seconds
60.622: Application time: 0.0784530 seconds
60.624: [GC [PSYoungGen: 91328K->7648K(97280K)] 96753K->13073K(319488K), 0.0022320 secs] [Times: user=0.01 sys=0.00, real=0.00 secs] 
60.626: Total time for which application threads were stopped: 0.0042810 seconds, Stopping threads took: 0.0019570 seconds
60.707: Application time: 0.0804010 seconds
60.710: [GC [PSYoungGen: 91104K->7728K(97280K)] 96529K->13153K(319488K), 0.0023280 secs] [Times: user=0.01 sys=0.00, real=0.00 secs] 
60.712: Total time for which application threads were stopped: 0.0054080 seconds, Stopping threads took: 0.0029980 seconds
60.791: Application time: 0.0789520 seconds
60.794: [GC [PSYoungGen: 91184K->8112K(97280K)] 96609K->13545K(319488K), 0.0025180 secs] [Times: user=0.02 sys=0.00, real=0.01 secs] 
60.797: Total time for which application threads were stopped: 0.0055940 seconds, Stopping threads took: 0.0029950 seconds
60.874: Application time: 0.0776020 seconds
60.877: [GC [PSYoungGen: 91568K->7440K(97280K)] 97001K->12881K(319488K), 0.0021200 secs] [Times: user=0.02 sys=0.00, real=0.00 secs] 
60.879: Total time for which application threads were stopped: 0.0043700 seconds, Stopping threads took: 0.0021640 seconds
60.959: Application time: 0.0798790 seconds
60.961: [GC [PSYoungGen: 90896K->7856K(97280K)] 96337K->13297K(319488K), 0.0022500 secs] [Times: user=0.02 sys=0.00, real=0.00 secs] 
60.964: Total time for which application threads were stopped: 0.0049110 seconds, Stopping threads took: 0.0025700 seconds
61.043: Application time: 0.0799280 seconds
61.046: [GC [PSYoungGen: 91312K->6576K(97280K)] 96753K->12017K(319488K), 0.0019640 secs] [Times: user=0.01 sys=0.00, real=0.01 secs] 
61.048: Total time for which application threads were stopped: 0.0050050 seconds, Stopping threads took: 0.0029600 seconds
61.129: Application time: 0.0805060 seconds
61.132: [GC [PSYoungGen: 90032K->6384K(97280K)] 95473K->11825K(319488K), 0.0017820 secs] [Times: user=0.02 sys=0.00, real=0.00 secs] 
61.134: Total time for which application threads were stopped: 0.0048260 seconds, Stopping threads took: 0.0029630 seconds
61.209: Application time: 0.0750140 seconds
61.211: [GC [PSYoungGen: 89840K->6304K(97280K)] 95281K->11745K(319488K), 0.0018320 secs] [Times: user=0.01 sys=0.00, real=0.00 secs] 
61.213: Total time for which application threads were stopped: 0.0040150 seconds, Stopping threads took: 0.0021040 seconds
61.287: Application time: 0.0745760 seconds
61.290: [GC [PSYoungGen: 89760K->6544K(97280K)] 95201K->11993K(319488K), 0.0018840 secs] [Times: user=0.01 sys=0.00, real=0.00 secs] 
61.292: Total time for which application threads were stopped: 0.0042990 seconds, Stopping threads took: 0.0023370 seconds
61.367: Application time: 0.0756010 seconds
61.369: [GC [PSYoungGen: 90000K->7200K(97280K)] 95449K->12657K(319488K), 0.0021590 secs] [Times: user=0.02 sys=0.00, real=0.00 secs] 
61.371: Total time for which application threads were stopped: 0.0040520 seconds, Stopping threads took: 0.0018100 seconds
61.450: Application time: 0.0782290 seconds
61.451: [GC [PSYoungGen: 90656K->6528K(97280K)] 96113K->11993K(319488K), 0.0019460 secs] [Times: user=0.02 sys=0.00, real=0.00 secs] 
61.453: Total time for which application threads were stopped: 0.0032500 seconds, Stopping threads took: 0.0012170 seconds
61.527: Application time: 0.0740740 seconds
61.528: [GC [PSYoungGen: 89984K->6464K(97280K)] 95449K->11929K(319488K), 0.0018820 secs] [Times: user=0.01 sys=0.00, real=0.00 secs] 
61.530: Total time for which application threads were stopped: 0.0033470 seconds, Stopping threads took: 0.0013910 seconds
61.606: Application time: 0.0760360 seconds
61.608: [GC [PSYoungGen: 89920K->6960K(97280K)] 95385K->12425K(319488K), 0.0019780 secs] [Times: user=0.01 sys=0.00, real=0.00 secs] 
61.610: Total time for which application threads were stopped: 0.0040130 seconds, Stopping threads took: 0.0019540 seconds
61.685: Application time: 0.0748570 seconds
61.688: [GC [PSYoungGen: 90416K->7104K(97280K)] 95881K->12569K(319488K), 0.0021890 secs] [Times: user=0.01 sys=0.00, real=0.00 secs] 
61.690: Total time for which application threads were stopped: 0.0051500 seconds, Stopping threads took: 0.0028750 seconds
61.764: Application time: 0.0735630 seconds
61.765: [GC [PSYoungGen: 90560K->7584K(97280K)] 96025K->13057K(319488K), 0.0023120 secs] [Times: user=0.01 sys=0.00, real=0.01 secs] 
61.768: Total time for which application threads were stopped: 0.0039290 seconds, Stopping threads took: 0.0015160 seconds
61.842: Application time: 0.0742580 seconds
61.845: [GC [PSYoungGen: 91040K->8144K(97280K)] 96513K->13625K(319488K), 0.0023250 secs] [Times: user=0.01 sys=0.00, real=0.01 secs] 
61.847: Total time for which application threads were stopped: 0.0048370 seconds, Stopping threads took: 0.0024310 seconds
61.923: Application time: 0.0756670 seconds
61.925: [GC [PSYoungGen: 91600K->7840K(97280K)] 97081K->13329K(319488K), 0.0022660 secs] [Times: user=0.02 sys=0.00, real=0.01 secs] 
61.927: Total time for which application threads were stopped: 0.0047160 seconds, Stopping threads took: 0.0023680 seconds
62.001: Application time: 0.0740580 seconds
62.003: [GC [PSYoungGen: 91296K->7136K(97280K)] 96785K->12625K(319488K), 0.0023750 secs] [Times: user=0.01 sys=0.00, real=0.00 secs] 
62.005: Total time for which application threads were stopped: 0.0041040 seconds, Stopping threads took: 0.0016450 seconds
62.079: Application time: 0.0738090 seconds
62.081: [GC [PSYoungGen: 90592K->6256K(97280K)] 96081K->11745K(319488K), 0.0017690 secs] [Times: user=0.01 sys=0.00, real=0.00 secs] 
62.083: Total time for which application threads were stopped: 0.0035910 seconds, Stopping threads took: 0.0017380 seconds
62.157: Application time: 0.0741680 seconds
62.159: [GC [PSYoungGen: 89712K->7168K(97280K)] 95201K->12657K(319488K), 0.0022040 secs] [Times: user=0.01 sys=0.00, real=0.00 secs] 
62.161: Total time for which application threads were stopped: 0.0043260 seconds, Stopping threads took: 0.0020440 seconds
62.237: Application time: 0.0752790 seconds
62.239: [GC [PSYoungGen: 90624K->5632K(97280K)] 96113K->11129K(319488K), 0.0016850 secs] [Times: user=0.01 sys=0.00, real=0.00 secs] 
62.241: Total time for which application threads were stopped: 0.0041320 seconds, Stopping threads took: 0.0023620 seconds
62.315: Application time: 0.0746690 seconds
62.318: [GC [PSYoungGen: 89088K->6176K(97280K)] 94585K->11681K(319488K), 0.0017900 secs] [Times: user=0.01 sys=0.00, real=0.00 secs] 
62.320: Total time for which application threads were stopped: 0.0045380 seconds, Stopping threads took: 0.0026730 seconds
62.396: Application time: 0.0757200 seconds
62.398: [GC [PSYoungGen: 89632K->7072K(97280K)] 95137K->12585K(319488K), 0.0020460 secs] [Times: user=0.01 sys=0.00, real=0.00 secs] 
62.400: Total time for which application threads were stopped: 0.0041350 seconds, Stopping threads took: 0.0020120 seconds
62.474: Application time: 0.0741690 seconds
62.477: [GC [PSYoungGen: 90528K->7216K(97280K)] 96041K->12729K(319488K), 0.0021060 secs] [Times: user=0.01 sys=0.00, real=0.00 secs] 
62.479: Total time for which application threads were stopped: 0.0049370 seconds, Stopping threads took: 0.0027580 seconds
62.552: Application time: 0.0725420 seconds
62.554: [GC [PSYoungGen: 90672K->6784K(97280K)] 96185K->12297K(319488K), 0.0019190 secs] [Times: user=0.02 sys=0.00, real=0.01 secs] 
62.556: Total time for which application threads were stopped: 0.0041680 seconds, Stopping threads took: 0.0021690 seconds
62.629: Application time: 0.0734830 seconds
62.632: [GC [PSYoungGen: 90240K->8304K(97280K)] 95753K->13817K(319488K), 0.0024530 secs] [Times: user=0.02 sys=0.00, real=0.00 secs] 
62.635: Total time for which application threads were stopped: 0.0053390 seconds, Stopping threads took: 0.0028020 seconds
62.707: Application time: 0.0729440 seconds
62.709: [GC [PSYoungGen: 91760K->6640K(97280K)] 97273K->12153K(319488K), 0.0019940 secs] [Times: user=0.01 sys=0.00, real=0.00 secs] 
62.711: Total time for which application threads were stopped: 0.0038610 seconds, Stopping threads took: 0.0017830 seconds
62.785: Application time: 0.0738070 seconds
62.787: [GC [PSYoungGen: 90096K->5472K(97280K)] 95609K->10993K(319488K), 0.0016420 secs] [Times: user=0.01 sys=0.00, real=0.00 secs] 
62.789: Total time for which application threads were stopped: 0.0036280 seconds, Stopping threads took: 0.0018970 seconds
62.864: Application time: 0.0751160 seconds
62.867: [GC [PSYoungGen: 88928K->7088K(97280K)] 94449K->12617K(319488K), 0.0019880 secs] [Times: user=0.01 sys=0.01, real=0.01 secs] 
62.869: Total time for which application threads were stopped: 0.0048850 seconds, Stopping threads took: 0.0028140 seconds
62.945: Application time: 0.0757190 seconds
62.946: [GC [PSYoungGen: 90544K->6624K(97280K)] 96073K->12153K(319488K), 0.0019050 secs] [Times: user=0.02 sys=0.00, real=0.01 secs] 
62.948: Total time for which application threads were stopped: 0.0035620 seconds, Stopping threads took: 0.0015570 seconds
63.022: Application time: 0.0737450 seconds
63.024: [GC [PSYoungGen: 90080K->8000K(97280K)] 95609K->13529K(319488K), 0.0024210 secs] [Times: user=0.01 sys=0.00, real=0.00 secs] 
63.027: Total time for which application threads were stopped: 0.0048600 seconds, Stopping threads took: 0.0023560 seconds
63.101: Application time: 0.0745210 seconds
63.103: [GC [PSYoungGen: 91456K->7472K(97280K)] 96985K->13001K(319488K), 0.0022480 secs] [Times: user=0.01 sys=0.00, real=0.00 secs] 
63.105: Total time for which application threads were stopped: 0.0038550 seconds, Stopping threads took: 0.0015170 seconds
63.179: Application time: 0.0740360 seconds
63.183: [GC [PSYoungGen: 90928K->7360K(97280K)] 96457K->12889K(319488K), 0.0021760 secs] [Times: user=0.01 sys=0.00, real=0.00 secs] 
63.185: Total time for which application threads were stopped: 0.0060770 seconds, Stopping threads took: 0.0038190 seconds
63.260: Application time: 0.0749220 seconds
63.263: [GC [PSYoungGen: 90816K->8416K(97280K)] 96345K->13969K(319488K), 0.0024680 secs] [Times: user=0.01 sys=0.00, real=0.00 secs] 
63.265: Total time for which application threads were stopped: 0.0051680 seconds, Stopping threads took: 0.0026190 seconds
63.344: Application time: 0.0782360 seconds
63.346: [GC [PSYoungGen: 91872K->6544K(97280K)] 97425K->12105K(319488K), 0.0018940 secs] [Times: user=0.01 sys=0.00, real=0.01 secs] 
63.348: Total time for which application threads were stopped: 0.0043020 seconds, Stopping threads took: 0.0023200 seconds
63.419: Application time: 0.0715910 seconds
63.421: [GC [PSYoungGen: 90000K->7456K(97280K)] 95561K->13025K(319488K), 0.0040870 secs] [Times: user=0.03 sys=0.00, real=0.00 secs] 
63.425: Total time for which application threads were stopped: 0.0060350 seconds, Stopping threads took: 0.0018690 seconds
63.504: Application time: 0.0785750 seconds
63.506: [GC [PSYoungGen: 90912K->6000K(97280K)] 96481K->11569K(319488K), 0.0017690 secs] [Times: user=0.01 sys=0.00, real=0.01 secs] 
63.508: Total time for which application threads were stopped: 0.0037240 seconds, Stopping threads took: 0.0018730 seconds
63.584: Application time: 0.0763540 seconds
63.586: [GC [PSYoungGen: 89456K->6176K(97280K)] 95025K->11745K(319488K), 0.0017510 secs] [Times: user=0.02 sys=0.00, real=0.01 secs] 
63.588: Total time for which application threads were stopped: 0.0039320 seconds, Stopping threads took: 0.0021030 seconds
63.663: Application time: 0.0753820 seconds
63.665: [GC [PSYoungGen: 89632K->6032K(97280K)] 95201K->11601K(319488K), 0.0018590 secs] [Times: user=0.01 sys=0.00, real=0.00 secs] 
63.667: Total time for which application threads were stopped: 0.0033170 seconds, Stopping threads took: 0.0013530 seconds
63.740: Application time: 0.0734090 seconds
63.741: [GC [PSYoungGen: 89488K->7552K(97280K)] 95057K->13129K(319488K), 0.0022230 secs] [Times: user=0.02 sys=0.00, real=0.00 secs] 
63.744: Total time for which application threads were stopped: 0.0035460 seconds, Stopping threads took: 0.0012410 seconds
63.817: Application time: 0.0735750 seconds
63.820: [GC [PSYoungGen: 91008K->7584K(97280K)] 96585K->13177K(319488K), 0.0021930 secs] [Times: user=0.02 sys=0.00, real=0.00 secs] 
63.822: Total time for which application threads were stopped: 0.0047010 seconds, Stopping threads took: 0.0024290 seconds
63.897: Application time: 0.0746430 seconds
63.898: [GC [PSYoungGen: 91040K->5760K(97280K)] 96633K->11361K(319488K), 0.0016650 secs] [Times: user=0.01 sys=0.00, real=0.00 secs] 
63.900: Total time for which application threads were stopped: 0.0034560 seconds, Stopping threads took: 0.0017070 seconds
63.977: Application time: 0.0767170 seconds
63.979: [GC [PSYoungGen: 89216K->6544K(97280K)] 94817K->12145K(319488K), 0.0019810 secs] [Times: user=0.01 sys=0.00, real=0.00 secs] 
63.981: Total time for which application threads were stopped: 0.0044500 seconds, Stopping threads took: 0.0023870 seconds
64.057: Application time: 0.0754620 seconds
64.060: [GC [PSYoungGen: 90000K->7264K(97280K)] 95601K->12865K(319488K), 0.0021310 secs] [Times: user=0.02 sys=0.00, real=0.00 secs] 
64.062: Total time for which application threads were stopped: 0.0051240 seconds, Stopping threads took: 0.0029190 seconds
64.138: Application time: 0.0763350 seconds
64.141: [GC [PSYoungGen: 90720K->7872K(97280K)] 96321K->13473K(319488K), 0.0021840 secs] [Times: user=0.01 sys=0.00, real=0.00 secs] 
64.143: Total time for which application threads were stopped: 0.0051750 seconds, Stopping threads took: 0.0029100 seconds
64.220: Application time: 0.0767510 seconds
64.223: [GC [PSYoungGen: 91328K->5648K(97280K)] 96929K->11257K(319488K), 0.0016700 secs] [Times: user=0.02 sys=0.00, real=0.00 secs] 
64.224: Total time for which application threads were stopped: 0.0042470 seconds, Stopping threads took: 0.0025020 seconds
64.298: Application time: 0.0736730 seconds
64.301: [GC [PSYoungGen: 89104K->7120K(97280K)] 94713K->12745K(319488K), 0.0021430 secs] [Times: user=0.02 sys=0.00, real=0.00 secs] 
64.303: Total time for which application threads were stopped: 0.0047250 seconds, Stopping threads took: 0.0024980 seconds
64.379: Application time: 0.0764910 seconds
64.382: [GC [PSYoungGen: 90576K->7520K(97280K)] 96201K->13153K(319488K), 0.0020560 secs] [Times: user=0.02 sys=0.00, real=0.00 secs] 
64.384: Total time for which application threads were stopped: 0.0051290 seconds, Stopping threads took: 0.0029930 seconds
64.460: Application time: 0.0760810 seconds
64.462: [GC [PSYoungGen: 90976K->7408K(97280K)] 96609K->13041K(319488K), 0.0021740 secs] [Times: user=0.01 sys=0.00, real=0.00 secs] 
64.465: Total time for which application threads were stopped: 0.0040860 seconds, Stopping threads took: 0.0018220 seconds
64.542: Application time: 0.0771800 seconds
64.545: [GC [PSYoungGen: 90864K->6128K(97280K)] 96497K->11761K(319488K), 0.0017370 secs] [Times: user=0.02 sys=0.00, real=0.00 secs] 
64.546: Total time for which application threads were stopped: 0.0047430 seconds, Stopping threads took: 0.0029290 seconds
64.621: Application time: 0.0746200 seconds
64.624: [GC [PSYoungGen: 89582K->8096K(97280K)] 95216K->13729K(319488K), 0.0024540 secs] [Times: user=0.02 sys=0.00, real=0.00 secs] 
64.626: Total time for which application threads were stopped: 0.0053790 seconds, Stopping threads took: 0.0028490 seconds
64.700: Application time: 0.0737220 seconds
64.702: [GC [PSYoungGen: 91552K->6624K(97280K)] 97185K->12265K(319488K), 0.0018420 secs] [Times: user=0.01 sys=0.00, real=0.00 secs] 
64.704: Total time for which application threads were stopped: 0.0040300 seconds, Stopping threads took: 0.0021140 seconds
64.781: Application time: 0.0768630 seconds
64.783: [GC [PSYoungGen: 90080K->7408K(97280K)] 95721K->13057K(319488K), 0.0020880 secs] [Times: user=0.02 sys=0.00, real=0.00 secs] 
64.786: Total time for which application threads were stopped: 0.0044810 seconds, Stopping threads took: 0.0023170 seconds
64.862: Application time: 0.0767420 seconds
64.864: [GC [PSYoungGen: 90864K->4288K(97280K)] 96513K->9953K(319488K), 0.0012240 secs] [Times: user=0.00 sys=0.00, real=0.00 secs] 
64.865: Total time for which application threads were stopped: 0.0026920 seconds, Stopping threads took: 0.0014030 seconds
64.942: Application time: 0.0771790 seconds
64.944: [GC [PSYoungGen: 87744K->6112K(97280K)] 93409K->11777K(319488K), 0.0017180 secs] [Times: user=0.01 sys=0.00, real=0.00 secs] 
64.946: Total time for which application threads were stopped: 0.0032870 seconds, Stopping threads took: 0.0015000 seconds
65.022: Application time: 0.0763460 seconds
65.024: [GC [PSYoungGen: 89568K->7632K(97280K)] 95233K->13297K(319488K), 0.0021620 secs] [Times: user=0.01 sys=0.00, real=0.00 secs] 
65.026: Total time for which application threads were stopped: 0.0041190 seconds, Stopping threads took: 0.0018790 seconds
65.101: Application time: 0.0748650 seconds
65.103: [GC [PSYoungGen: 91088K->8000K(97280K)] 96753K->13665K(319488K), 0.0023900 secs] [Times: user=0.01 sys=0.00, real=0.00 secs] 
65.105: Total time for which application threads were stopped: 0.0041350 seconds, Stopping threads took: 0.0016570 seconds
65.185: Application time: 0.0804760 seconds
65.187: [GC [PSYoungGen: 91456K->6624K(97280K)] 97121K->12289K(319488K), 0.0020770 secs] [Times: user=0.01 sys=0.00, real=0.00 secs] 
65.189: Total time for which application threads were stopped: 0.0039750 seconds, Stopping threads took: 0.0017970 seconds
65.272: Application time: 0.0822420 seconds
65.273: [GC [PSYoungGen: 90080K->4592K(97280K)] 95745K->10265K(319488K), 0.0015050 secs] [Times: user=0.01 sys=0.00, real=0.01 secs] 
65.275: Total time for which application threads were stopped: 0.0033200 seconds, Stopping threads took: 0.0017390 seconds
65.356: Application time: 0.0813770 seconds
65.359: [GC [PSYoungGen: 88048K->6272K(97280K)] 93721K->11953K(319488K), 0.0017920 secs] [Times: user=0.01 sys=0.00, real=0.00 secs] 
65.361: Total time for which application threads were stopped: 0.0042370 seconds, Stopping threads took: 0.0023680 seconds
65.443: Application time: 0.0828160 seconds
65.445: [GC [PSYoungGen: 89728K->7744K(97280K)] 95409K->13425K(319488K), 0.0022770 secs] [Times: user=0.01 sys=0.00, real=0.01 secs] 
65.447: Total time for which application threads were stopped: 0.0037660 seconds, Stopping threads took: 0.0014060 seconds
65.525: Application time: 0.0782070 seconds
65.527: [GC [PSYoungGen: 91200K->8144K(97280K)] 96881K->13825K(319488K), 0.0024360 secs] [Times: user=0.01 sys=0.00, real=0.00 secs] 
65.530: Total time for which application threads were stopped: 0.0044380 seconds, Stopping threads took: 0.0019130 seconds
65.610: Application time: 0.0799790 seconds
65.612: [GC [PSYoungGen: 91600K->5760K(97280K)] 97281K->11441K(319488K), 0.0016900 secs] [Times: user=0.01 sys=0.00, real=0.00 secs] 
65.614: Total time for which application threads were stopped: 0.0040750 seconds, Stopping threads took: 0.0023020 seconds
65.693: Application time: 0.0791420 seconds
65.696: [GC [PSYoungGen: 89216K->6624K(97280K)] 94897K->12305K(319488K), 0.0018930 secs] [Times: user=0.01 sys=0.00, real=0.00 secs] 
65.698: Total time for which application threads were stopped: 0.0045430 seconds, Stopping threads took: 0.0025710 seconds
65.781: Application time: 0.0830640 seconds
65.783: [GC [PSYoungGen: 90080K->6352K(97280K)] 95761K->12049K(319488K), 0.0018880 secs] [Times: user=0.02 sys=0.01, real=0.00 secs] 
65.785: Total time for which application threads were stopped: 0.0042920 seconds, Stopping threads took: 0.0023230 seconds
65.865: Application time: 0.0798750 seconds
65.867: [GC [PSYoungGen: 89808K->7008K(97280K)] 95505K->12713K(319488K), 0.0020050 secs] [Times: user=0.02 sys=0.00, real=0.00 secs] 
65.869: Total time for which application threads were stopped: 0.0042990 seconds, Stopping threads took: 0.0022110 seconds
65.950: Application time: 0.0807790 seconds
65.953: [GC [PSYoungGen: 90464K->7536K(97280K)] 96169K->13249K(319488K), 0.0021640 secs] [Times: user=0.01 sys=0.00, real=0.01 secs] 
65.955: Total time for which application threads were stopped: 0.0049930 seconds, Stopping threads took: 0.0027470 seconds
66.032: Application time: 0.0775500 seconds
66.036: [GC [PSYoungGen: 90992K->7536K(97280K)] 96705K->13249K(319488K), 0.0021850 secs] [Times: user=0.02 sys=0.00, real=0.00 secs] 
66.038: Total time for which application threads were stopped: 0.0055210 seconds, Stopping threads took: 0.0032430 seconds
66.117: Application time: 0.0793600 seconds
66.120: [GC [PSYoungGen: 90992K->6544K(97280K)] 96705K->12257K(319488K), 0.0018660 secs] [Times: user=0.01 sys=0.00, real=0.00 secs] 
66.122: Total time for which application threads were stopped: 0.0041550 seconds, Stopping threads took: 0.0022080 seconds
66.200: Application time: 0.0785580 seconds
66.202: [GC [PSYoungGen: 90000K->6384K(97280K)] 95713K->12097K(319488K), 0.0018120 secs] [Times: user=0.02 sys=0.00, real=0.00 secs] 
66.204: Total time for which application threads were stopped: 0.0038400 seconds, Stopping threads took: 0.0019560 seconds
66.286: Application time: 0.0822720 seconds
66.289: [GC [PSYoungGen: 89840K->7552K(97280K)] 95553K->13273K(319488K), 0.0022160 secs] [Times: user=0.01 sys=0.00, real=0.00 secs] 
66.291: Total time for which application threads were stopped: 0.0048370 seconds, Stopping threads took: 0.0025400 seconds
66.369: Application time: 0.0784620 seconds
66.372: [GC [PSYoungGen: 91008K->8144K(97280K)] 96729K->13873K(319488K), 0.0024710 secs] [Times: user=0.01 sys=0.00, real=0.00 secs] 
66.375: Total time for which application threads were stopped: 0.0052040 seconds, Stopping threads took: 0.0026490 seconds
66.455: Application time: 0.0803450 seconds
66.458: [GC [PSYoungGen: 91600K->6880K(97280K)] 97329K->12617K(319488K), 0.0020440 secs] [Times: user=0.02 sys=0.00, real=0.00 secs] 
66.460: Total time for which application threads were stopped: 0.0048940 seconds, Stopping threads took: 0.0027640 seconds
66.541: Application time: 0.0812000 seconds
66.543: [GC [PSYoungGen: 90336K->7568K(97280K)] 96073K->13305K(319488K), 0.0023940 secs] [Times: user=0.01 sys=0.00, real=0.00 secs] 
66.546: Total time for which application threads were stopped: 0.0046500 seconds, Stopping threads took: 0.0021650 seconds
66.625: Application time: 0.0791760 seconds
66.627: [GC [PSYoungGen: 91024K->6272K(97280K)] 96761K->12009K(319488K), 0.0019690 secs] [Times: user=0.02 sys=0.00, real=0.00 secs] 
66.629: Total time for which application threads were stopped: 0.0040310 seconds, Stopping threads took: 0.0019770 seconds
66.707: Application time: 0.0775160 seconds
66.710: [GC [PSYoungGen: 89728K->7232K(97280K)] 95465K->12969K(319488K), 0.0020530 secs] [Times: user=0.02 sys=0.00, real=0.00 secs] 
66.712: Total time for which application threads were stopped: 0.0054590 seconds, Stopping threads took: 0.0033230 seconds
66.792: Application time: 0.0801570 seconds
66.794: [GC [PSYoungGen: 90688K->6336K(97280K)] 96425K->12081K(319488K), 0.0019310 secs] [Times: user=0.01 sys=0.00, real=0.01 secs] 
66.796: Total time for which application threads were stopped: 0.0033730 seconds, Stopping threads took: 0.0013630 seconds
66.875: Application time: 0.0792580 seconds
66.877: [GC [PSYoungGen: 89792K->7792K(97280K)] 95537K->13545K(319488K), 0.0022830 secs] [Times: user=0.02 sys=0.00, real=0.00 secs] 
66.879: Total time for which application threads were stopped: 0.0045700 seconds, Stopping threads took: 0.0022100 seconds
66.957: Application time: 0.0774160 seconds
66.960: [GC [PSYoungGen: 91248K->7200K(97280K)] 97001K->12961K(319488K), 0.0021450 secs] [Times: user=0.01 sys=0.00, real=0.00 secs] 
66.962: Total time for which application threads were stopped: 0.0050900 seconds, Stopping threads took: 0.0028620 seconds
67.041: Application time: 0.0793730 seconds
67.044: [GC [PSYoungGen: 90656K->6784K(97280K)] 96417K->12545K(319488K), 0.0020610 secs] [Times: user=0.02 sys=0.00, real=0.00 secs] 
67.046: Total time for which application threads were stopped: 0.0049690 seconds, Stopping threads took: 0.0028160 seconds
67.128: Application time: 0.0820830 seconds
67.131: [GC [PSYoungGen: 90240K->5360K(97280K)] 96001K->11121K(319488K), 0.0015530 secs] [Times: user=0.01 sys=0.00, real=0.00 secs] 
67.133: Total time for which application threads were stopped: 0.0047740 seconds, Stopping threads took: 0.0031460 seconds
67.214: Application time: 0.0805340 seconds
67.216: [GC [PSYoungGen: 88816K->6736K(97280K)] 94577K->12497K(319488K), 0.0019240 secs] [Times: user=0.01 sys=0.00, real=0.00 secs] 
67.218: Total time for which application threads were stopped: 0.0047550 seconds, Stopping threads took: 0.0027530 seconds
67.299: Application time: 0.0804360 seconds
67.301: [GC [PSYoungGen: 90192K->6368K(97280K)] 95953K->12137K(319488K), 0.0019820 secs] [Times: user=0.01 sys=0.00, real=0.00 secs] 
67.303: Total time for which application threads were stopped: 0.0041000 seconds, Stopping threads took: 0.0020300 seconds
67.383: Application time: 0.0804310 seconds
67.386: [GC [PSYoungGen: 89824K->7744K(97280K)] 95593K->13521K(319488K), 0.0021450 secs] [Times: user=0.01 sys=0.00, real=0.01 secs] 
67.388: Total time for which application threads were stopped: 0.0050250 seconds, Stopping threads took: 0.0028010 seconds
67.467: Application time: 0.0787650 seconds
67.469: [GC [PSYoungGen: 91200K->7104K(97280K)] 96977K->12889K(319488K), 0.0020990 secs] [Times: user=0.01 sys=0.00, real=0.00 secs] 
67.471: Total time for which application threads were stopped: 0.0035420 seconds, Stopping threads took: 0.0013590 seconds
67.551: Application time: 0.0803170 seconds
67.554: [GC [PSYoungGen: 90560K->6864K(97280K)] 96345K->12649K(319488K), 0.0019860 secs] [Times: user=0.02 sys=0.00, real=0.01 secs] 
67.556: Total time for which application threads were stopped: 0.0046080 seconds, Stopping threads took: 0.0025350 seconds
67.634: Application time: 0.0788130 seconds
67.636: [GC [PSYoungGen: 90320K->7168K(97280K)] 96105K->12953K(319488K), 0.0021700 secs] [Times: user=0.01 sys=0.00, real=0.00 secs] 
67.638: Total time for which application threads were stopped: 0.0039640 seconds, Stopping threads took: 0.0017070 seconds
67.716: Application time: 0.0776180 seconds
67.719: [GC [PSYoungGen: 90624K->6496K(97280K)] 96409K->12281K(319488K), 0.0019400 secs] [Times: user=0.01 sys=0.00, real=0.00 secs] 
67.721: Total time for which application threads were stopped: 0.0052210 seconds, Stopping threads took: 0.0031820 seconds
67.802: Application time: 0.0805380 seconds
67.804: [GC [PSYoungGen: 89952K->7728K(97280K)] 95737K->13513K(319488K), 0.0023310 secs] [Times: user=0.02 sys=0.00, real=0.00 secs] 
67.806: Total time for which application threads were stopped: 0.0046420 seconds, Stopping threads took: 0.0022280 seconds
67.884: Application time: 0.0773330 seconds
67.887: [GC [PSYoungGen: 91184K->8272K(97280K)] 96969K->14065K(319488K), 0.0024230 secs] [Times: user=0.01 sys=0.01, real=0.01 secs] 
67.889: Total time for which application threads were stopped: 0.0054980 seconds, Stopping threads took: 0.0029920 seconds
67.967: Application time: 0.0773160 seconds
67.968: [GC [PSYoungGen: 91728K->7936K(97280K)] 97521K->13737K(319488K), 0.0022290 secs] [Times: user=0.02 sys=0.00, real=0.00 secs] 
67.971: Total time for which application threads were stopped: 0.0039410 seconds, Stopping threads took: 0.0016300 seconds
68.053: Application time: 0.0828360 seconds
68.056: [GC [PSYoungGen: 91392K->5408K(97280K)] 97193K->11209K(319488K), 0.0016320 secs] [Times: user=0.01 sys=0.00, real=0.00 secs] 
68.057: Total time for which application threads were stopped: 0.0039760 seconds, Stopping threads took: 0.0022500 seconds
68.136: Application time: 0.0782960 seconds
68.138: [GC [PSYoungGen: 88864K->7840K(97280K)] 94665K->13641K(319488K), 0.0023980 secs] [Times: user=0.02 sys=0.00, real=0.00 secs] 
68.141: Total time for which application threads were stopped: 0.0050270 seconds, Stopping threads took: 0.0025210 seconds
68.220: Application time: 0.0798510 seconds
68.224: [GC [PSYoungGen: 91296K->6624K(97280K)] 97097K->12425K(319488K), 0.0019780 secs] [Times: user=0.02 sys=0.00, real=0.00 secs] 
68.226: Total time for which application threads were stopped: 0.0052240 seconds, Stopping threads took: 0.0031660 seconds
68.305: Application time: 0.0792990 seconds
68.307: [GC [PSYoungGen: 90080K->6976K(97280K)] 95881K->12777K(319488K), 0.0020940 secs] [Times: user=0.01 sys=0.00, real=0.00 secs] 
68.309: Total time for which application threads were stopped: 0.0042510 seconds, Stopping threads took: 0.0020770 seconds
68.385: Application time: 0.0759040 seconds
68.388: [GC [PSYoungGen: 90432K->8080K(97280K)] 96233K->13889K(319488K), 0.0023230 secs] [Times: user=0.02 sys=0.00, real=0.00 secs] 
68.390: Total time for which application threads were stopped: 0.0050760 seconds, Stopping threads took: 0.0026720 seconds
68.469: Application time: 0.0784300 seconds
68.471: [GC [PSYoungGen: 91536K->7136K(97280K)] 97345K->12953K(319488K), 0.0021060 secs] [Times: user=0.01 sys=0.00, real=0.00 secs] 
68.473: Total time for which application threads were stopped: 0.0043790 seconds, Stopping threads took: 0.0021890 seconds
68.554: Application time: 0.0806190 seconds
68.555: [GC [PSYoungGen: 90592K->6416K(97280K)] 96409K->12241K(319488K), 0.0018520 secs] [Times: user=0.01 sys=0.00, real=0.00 secs] 
68.557: Total time for which application threads were stopped: 0.0034720 seconds, Stopping threads took: 0.0015440 seconds
68.638: Application time: 0.0807430 seconds
68.641: [GC [PSYoungGen: 89872K->6832K(97280K)] 95697K->12657K(319488K), 0.0019600 secs] [Times: user=0.01 sys=0.00, real=0.00 secs] 
68.643: Total time for which application threads were stopped: 0.0049990 seconds, Stopping threads took: 0.0029570 seconds
68.722: Application time: 0.0795510 seconds
68.725: [GC [PSYoungGen: 90288K->7344K(97280K)] 96113K->13169K(319488K), 0.0020820 secs] [Times: user=0.01 sys=0.00, real=0.01 secs] 
68.727: Total time for which application threads were stopped: 0.0046330 seconds, Stopping threads took: 0.0024680 seconds
68.806: Application time: 0.0792190 seconds
68.809: [GC [PSYoungGen: 90800K->5824K(97280K)] 96625K->11649K(319488K), 0.0017280 secs] [Times: user=0.02 sys=0.00, real=0.00 secs] 
68.811: Total time for which application threads were stopped: 0.0044830 seconds, Stopping threads took: 0.0026750 seconds
68.890: Application time: 0.0788320 seconds
68.891: [GC [PSYoungGen: 89280K->6464K(97280K)] 95105K->12297K(319488K), 0.0019580 secs] [Times: user=0.02 sys=0.00, real=0.00 secs] 
68.893: Total time for which application threads were stopped: 0.0035240 seconds, Stopping threads took: 0.0014880 seconds
68.976: Application time: 0.0829410 seconds
68.978: [GC [PSYoungGen: 89920K->5328K(97280K)] 95753K->11169K(319488K), 0.0015810 secs] [Times: user=0.01 sys=0.00, real=0.00 secs] 
68.979: Total time for which application threads were stopped: 0.0031550 seconds, Stopping threads took: 0.0014960 seconds
69.059: Application time: 0.0800110 seconds
69.062: [GC [PSYoungGen: 88784K->7952K(97280K)] 94625K->13809K(319488K), 0.0022540 secs] [Times: user=0.01 sys=0.00, real=0.00 secs] 
69.065: Total time for which application threads were stopped: 0.0054350 seconds, Stopping threads took: 0.0031000 seconds
69.144: Application time: 0.0792310 seconds
69.147: [GC [PSYoungGen: 91408K->7552K(97280K)] 97265K->13409K(319488K), 0.0021070 secs] [Times: user=0.02 sys=0.00, real=0.01 secs] 
69.149: Total time for which application threads were stopped: 0.0047750 seconds, Stopping threads took: 0.0025760 seconds
69.220: Application time: 0.0714850 seconds
69.222: [GC [PSYoungGen: 91008K->7808K(97280K)] 96865K->13665K(319488K), 0.0023840 secs] [Times: user=0.01 sys=0.00, real=0.00 secs] 
69.224: Total time for which application threads were stopped: 0.0042550 seconds, Stopping threads took: 0.0017660 seconds
69.299: Application time: 0.0746410 seconds
69.302: [GC [PSYoungGen: 91264K->7664K(97280K)] 97121K->13521K(319488K), 0.0021760 secs] [Times: user=0.02 sys=0.00, real=0.00 secs] 
69.304: Total time for which application threads were stopped: 0.0050810 seconds, Stopping threads took: 0.0028220 seconds
69.378: Application time: 0.0742870 seconds
69.380: [GC [PSYoungGen: 91120K->5936K(97280K)] 96977K->11801K(319488K), 0.0017690 secs] [Times: user=0.01 sys=0.00, real=0.00 secs] 
69.381: Total time for which application threads were stopped: 0.0028670 seconds, Stopping threads took: 0.0010200 seconds
69.457: Application time: 0.0755100 seconds
69.460: [GC [PSYoungGen: 89392K->7504K(97280K)] 95257K->13377K(319488K), 0.0020460 secs] [Times: user=0.02 sys=0.00, real=0.00 secs] 
69.462: Total time for which application threads were stopped: 0.0050890 seconds, Stopping threads took: 0.0029610 seconds
69.539: Application time: 0.0767180 seconds
69.540: [GC [PSYoungGen: 90960K->6928K(97280K)] 96833K->12809K(319488K), 0.0019890 secs] [Times: user=0.01 sys=0.00, real=0.00 secs] 
69.542: Total time for which application threads were stopped: 0.0035530 seconds, Stopping threads took: 0.0014850 seconds
69.618: Application time: 0.0753850 seconds
69.619: [GC [PSYoungGen: 90384K->6736K(97280K)] 96265K->12617K(319488K), 0.0019580 secs] [Times: user=0.01 sys=0.00, real=0.00 secs] 
69.621: Total time for which application threads were stopped: 0.0036730 seconds, Stopping threads took: 0.0016350 seconds
69.696: Application time: 0.0751060 seconds
69.698: [GC [PSYoungGen: 90192K->5472K(97280K)] 96073K->11353K(319488K), 0.0016020 secs] [Times: user=0.01 sys=0.00, real=0.00 secs] 
69.699: Total time for which application threads were stopped: 0.0030270 seconds, Stopping threads took: 0.0013440 seconds
69.774: Application time: 0.0748440 seconds
69.777: [GC [PSYoungGen: 88928K->6656K(97280K)] 94809K->12537K(319488K), 0.0019120 secs] [Times: user=0.01 sys=0.00, real=0.00 secs] 
69.779: Total time for which application threads were stopped: 0.0046950 seconds, Stopping threads took: 0.0027030 seconds
69.851: Application time: 0.0723330 seconds
69.854: [GC [PSYoungGen: 90112K->6480K(97280K)] 95993K->12369K(319488K), 0.0018500 secs] [Times: user=0.01 sys=0.00, real=0.01 secs] 
69.856: Total time for which application threads were stopped: 0.0044470 seconds, Stopping threads took: 0.0025100 seconds
69.933: Application time: 0.0774500 seconds
69.935: [GC [PSYoungGen: 89936K->6080K(97280K)] 95825K->11977K(319488K), 0.0017180 secs] [Times: user=0.01 sys=0.00, real=0.00 secs] 
69.937: Total time for which application threads were stopped: 0.0036790 seconds, Stopping threads took: 0.0018800 seconds
70.013: Application time: 0.0765470 seconds
70.016: [GC [PSYoungGen: 89536K->6656K(97280K)] 95433K->12561K(319488K), 0.0018280 secs] [Times: user=0.01 sys=0.00, real=0.00 secs] 
70.018: Total time for which application threads were stopped: 0.0046050 seconds, Stopping threads took: 0.0026980 seconds
70.093: Application time: 0.0749280 seconds
70.095: [GC [PSYoungGen: 90112K->7168K(97280K)] 96017K->13073K(319488K), 0.0021360 secs] [Times: user=0.01 sys=0.00, real=0.00 secs] 
70.097: Total time for which application threads were stopped: 0.0041880 seconds, Stopping threads took: 0.0019700 seconds
70.171: Application time: 0.0737720 seconds
70.174: [GC [PSYoungGen: 90624K->7584K(97280K)] 96529K->13489K(319488K), 0.0020910 secs] [Times: user=0.02 sys=0.00, real=0.01 secs] 
70.176: Total time for which application threads were stopped: 0.0047090 seconds, Stopping threads took: 0.0025350 seconds
70.251: Application time: 0.0748850 seconds
70.253: [GC [PSYoungGen: 91040K->6160K(97280K)] 96945K->12065K(319488K), 0.0017800 secs] [Times: user=0.01 sys=0.00, real=0.00 secs] 
70.255: Total time for which application threads were stopped: 0.0040950 seconds, Stopping threads took: 0.0022280 seconds
70.329: Application time: 0.0739000 seconds
70.330: [GC [PSYoungGen: 89616K->6624K(97280K)] 95521K->12529K(319488K), 0.0020350 secs] [Times: user=0.01 sys=0.00, real=0.00 secs] 
70.332: Total time for which application threads were stopped: 0.0036320 seconds, Stopping threads took: 0.0015180 seconds
70.405: Application time: 0.0732580 seconds
70.408: [GC [PSYoungGen: 90080K->8256K(97280K)] 95985K->14169K(319488K), 0.0024510 secs] [Times: user=0.01 sys=0.00, real=0.00 secs] 
70.410: Total time for which application threads were stopped: 0.0049270 seconds, Stopping threads took: 0.0023930 seconds
70.485: Application time: 0.0748370 seconds
70.487: [GC [PSYoungGen: 91712K->6688K(97280K)] 97625K->12609K(319488K), 0.0018540 secs] [Times: user=0.01 sys=0.00, real=0.00 secs] 
70.489: Total time for which application threads were stopped: 0.0037740 seconds, Stopping threads took: 0.0018410 seconds
70.562: Application time: 0.0730590 seconds
70.564: [GC [PSYoungGen: 90144K->6192K(97280K)] 96065K->12113K(319488K), 0.0018160 secs] [Times: user=0.01 sys=0.00, real=0.00 secs] 
70.566: Total time for which application threads were stopped: 0.0041980 seconds, Stopping threads took: 0.0022840 seconds
70.641: Application time: 0.0749980 seconds
70.644: [GC [PSYoungGen: 89648K->6928K(97280K)] 95569K->12849K(319488K), 0.0020010 secs] [Times: user=0.01 sys=0.00, real=0.00 secs] 
70.646: Total time for which application threads were stopped: 0.0047480 seconds, Stopping threads took: 0.0026640 seconds
70.721: Application time: 0.0745960 seconds
70.723: [GC [PSYoungGen: 90384K->7040K(97280K)] 96305K->12961K(319488K), 0.0021000 secs] [Times: user=0.01 sys=0.00, real=0.00 secs] 
70.725: Total time for which application threads were stopped: 0.0041420 seconds, Stopping threads took: 0.0019600 seconds
70.799: Application time: 0.0743260 seconds
70.802: [GC [PSYoungGen: 90496K->6480K(97280K)] 96417K->12401K(319488K), 0.0018310 secs] [Times: user=0.01 sys=0.00, real=0.00 secs] 
70.804: Total time for which application threads were stopped: 0.0046660 seconds, Stopping threads took: 0.0027520 seconds
70.879: Application time: 0.0755580 seconds
70.881: [GC [PSYoungGen: 89936K->6160K(97280K)] 95857K->12089K(319488K), 0.0018210 secs] [Times: user=0.01 sys=0.00, real=0.00 secs] 
70.883: Total time for which application threads were stopped: 0.0036830 seconds, Stopping threads took: 0.0017860 seconds
70.960: Application time: 0.0767550 seconds
70.963: [GC [PSYoungGen: 89616K->7840K(97280K)] 95545K->13777K(319488K), 0.0022790 secs] [Times: user=0.01 sys=0.00, real=0.00 secs] 
70.965: Total time for which application threads were stopped: 0.0052760 seconds, Stopping threads took: 0.0029180 seconds
71.039: Application time: 0.0740620 seconds
71.042: [GC [PSYoungGen: 91296K->7392K(97280K)] 97233K->13345K(319488K), 0.0020820 secs] [Times: user=0.01 sys=0.00, real=0.00 secs] 
71.044: Total time for which application threads were stopped: 0.0049170 seconds, Stopping threads took: 0.0027580 seconds
71.119: Application time: 0.0748150 seconds
71.121: [GC [PSYoungGen: 90848K->7920K(97280K)] 96801K->13873K(319488K), 0.0021960 secs] [Times: user=0.02 sys=0.00, real=0.00 secs] 
71.124: Total time for which application threads were stopped: 0.0048660 seconds, Stopping threads took: 0.0025890 seconds
71.200: Application time: 0.0759870 seconds
71.202: [GC [PSYoungGen: 91376K->7136K(97280K)] 97329K->13089K(319488K), 0.0020150 secs] [Times: user=0.01 sys=0.00, real=0.00 secs] 
71.204: Total time for which application threads were stopped: 0.0044760 seconds, Stopping threads took: 0.0023810 seconds
71.277: Application time: 0.0728950 seconds
71.280: [GC [PSYoungGen: 90592K->7584K(97280K)] 96545K->13537K(319488K), 0.0021840 secs] [Times: user=0.02 sys=0.00, real=0.00 secs] 
71.282: Total time for which application threads were stopped: 0.0049490 seconds, Stopping threads took: 0.0026850 seconds
71.356: Application time: 0.0737250 seconds
71.357: [GC [PSYoungGen: 91040K->4832K(97280K)] 96993K->10793K(319488K), 0.0014800 secs] [Times: user=0.01 sys=0.00, real=0.00 secs] 
71.359: Total time for which application threads were stopped: 0.0031030 seconds, Stopping threads took: 0.0015440 seconds
71.432: Application time: 0.0727590 seconds
71.433: [GC [PSYoungGen: 88288K->6944K(97280K)] 94249K->12913K(319488K), 0.0020480 secs] [Times: user=0.01 sys=0.00, real=0.01 secs] 
71.435: Total time for which application threads were stopped: 0.0036060 seconds, Stopping threads took: 0.0014770 seconds
71.513: Application time: 0.0776720 seconds
71.515: [GC [PSYoungGen: 90400K->7680K(97280K)] 96369K->13657K(319488K), 0.0022530 secs] [Times: user=0.02 sys=0.00, real=0.01 secs] 
71.517: Total time for which application threads were stopped: 0.0041270 seconds, Stopping threads took: 0.0017910 seconds
71.589: Application time: 0.0716990 seconds
71.591: [GC [PSYoungGen: 91136K->7136K(97280K)] 97113K->13113K(319488K), 0.0021310 secs] [Times: user=0.01 sys=0.00, real=0.00 secs] 
71.594: Total time for which application threads were stopped: 0.0048460 seconds, Stopping threads took: 0.0026350 seconds
71.670: Application time: 0.0761350 seconds
71.672: [GC [PSYoungGen: 90592K->5536K(97280K)] 96569K->11513K(319488K), 0.0016790 secs] [Times: user=0.01 sys=0.00, real=0.00 secs] 
71.674: Total time for which application threads were stopped: 0.0039540 seconds, Stopping threads took: 0.0022020 seconds
71.750: Application time: 0.0764130 seconds
71.752: [GC [PSYoungGen: 88992K->5728K(97280K)] 94969K->11705K(319488K), 0.0016540 secs] [Times: user=0.02 sys=0.00, real=0.00 secs] 
71.754: Total time for which application threads were stopped: 0.0037720 seconds, Stopping threads took: 0.0020490 seconds
71.830: Application time: 0.0764140 seconds
71.832: [GC [PSYoungGen: 89184K->6432K(97280K)] 95161K->12409K(319488K), 0.0017600 secs] [Times: user=0.01 sys=0.00, real=0.00 secs] 
71.834: Total time for which application threads were stopped: 0.0036940 seconds, Stopping threads took: 0.0018630 seconds
71.912: Application time: 0.0780120 seconds
71.914: [GC [PSYoungGen: 89888K->8112K(97280K)] 95865K->14097K(319488K), 0.0023630 secs] [Times: user=0.02 sys=0.00, real=0.01 secs] 
71.916: Total time for which application threads were stopped: 0.0044710 seconds, Stopping threads took: 0.0020160 seconds
71.995: Application time: 0.0787020 seconds
71.998: [GC [PSYoungGen: 91568K->6736K(97280K)] 97553K->12729K(319488K), 0.0018620 secs] [Times: user=0.01 sys=0.00, real=0.00 secs] 
72.000: Total time for which application threads were stopped: 0.0046930 seconds, Stopping threads took: 0.0027480 seconds
72.073: Application time: 0.0734070 seconds
72.076: [GC [PSYoungGen: 90192K->8288K(97280K)] 96185K->14281K(319488K), 0.0025170 secs] [Times: user=0.01 sys=0.00, real=0.00 secs] 
72.078: Total time for which application threads were stopped: 0.0050590 seconds, Stopping threads took: 0.0024640 seconds
72.152: Application time: 0.0738780 seconds
72.155: [GC [PSYoungGen: 91744K->7600K(97280K)] 97737K->13593K(319488K), 0.0021190 secs] [Times: user=0.01 sys=0.00, real=0.00 secs] 
72.157: Total time for which application threads were stopped: 0.0049490 seconds, Stopping threads took: 0.0027470 seconds
72.232: Application time: 0.0744990 seconds
72.235: [GC [PSYoungGen: 91056K->7776K(97280K)] 97049K->13769K(319488K), 0.0021660 secs] [Times: user=0.02 sys=0.00, real=0.01 secs] 
72.237: Total time for which application threads were stopped: 0.0051310 seconds, Stopping threads took: 0.0028810 seconds
72.314: Application time: 0.0774500 seconds
72.316: [GC [PSYoungGen: 91232K->6176K(97280K)] 97225K->12169K(319488K), 0.0018090 secs] [Times: user=0.01 sys=0.00, real=0.00 secs] 
72.318: Total time for which application threads were stopped: 0.0040280 seconds, Stopping threads took: 0.0021420 seconds
72.392: Application time: 0.0737450 seconds
72.395: [GC [PSYoungGen: 89632K->6560K(97280K)] 95625K->12561K(319488K), 0.0019380 secs] [Times: user=0.01 sys=0.00, real=0.00 secs] 
72.397: Total time for which application threads were stopped: 0.0048580 seconds, Stopping threads took: 0.0028400 seconds
72.472: Application time: 0.0752060 seconds
72.474: [GC [PSYoungGen: 90016K->7184K(97280K)] 96017K->13193K(319488K), 0.0021020 secs] [Times: user=0.01 sys=0.00, real=0.01 secs] 
72.477: Total time for which application threads were stopped: 0.0045200 seconds, Stopping threads took: 0.0023280 seconds
72.554: Application time: 0.0773220 seconds
72.556: [GC [PSYoungGen: 90640K->7920K(97280K)] 96649K->13929K(319488K), 0.0022430 secs] [Times: user=0.02 sys=0.00, real=0.00 secs] 
72.559: Total time for which application threads were stopped: 0.0048270 seconds, Stopping threads took: 0.0025050 seconds
72.634: Application time: 0.0748420 seconds
72.635: [GC [PSYoungGen: 91376K->8128K(97280K)] 97385K->14137K(319488K), 0.0023060 secs] [Times: user=0.02 sys=0.00, real=0.00 secs] 
72.637: Total time for which application threads were stopped: 0.0037880 seconds, Stopping threads took: 0.0013990 seconds
72.714: Application time: 0.0770020 seconds
72.717: [GC [PSYoungGen: 91584K->7520K(97280K)] 97593K->13529K(319488K), 0.0020900 secs] [Times: user=0.00 sys=0.01, real=0.00 secs] 
72.719: Total time for which application threads were stopped: 0.0048290 seconds, Stopping threads took: 0.0026550 seconds
72.794: Application time: 0.0750110 seconds
72.796: [GC [PSYoungGen: 90976K->7040K(97280K)] 96985K->13049K(319488K), 0.0021330 secs] [Times: user=0.01 sys=0.00, real=0.00 secs] 
72.799: Total time for which application threads were stopped: 0.0042820 seconds, Stopping threads took: 0.0020710 seconds
72.873: Application time: 0.0749640 seconds
72.875: [GC [PSYoungGen: 90496K->6928K(97280K)] 96505K->12945K(319488K), 0.0020790 secs] [Times: user=0.01 sys=0.01, real=0.01 secs] 
72.877: Total time for which application threads were stopped: 0.0035050 seconds, Stopping threads took: 0.0013430 seconds
72.952: Application time: 0.0750060 seconds
72.954: [GC [PSYoungGen: 90384K->7408K(97280K)] 96401K->13433K(319488K), 0.0021160 secs] [Times: user=0.02 sys=0.00, real=0.01 secs] 
72.957: Total time for which application threads were stopped: 0.0046370 seconds, Stopping threads took: 0.0024330 seconds
73.034: Application time: 0.0772290 seconds
73.037: [GC [PSYoungGen: 90864K->7136K(97280K)] 96889K->13161K(319488K), 0.0020560 secs] [Times: user=0.02 sys=0.00, real=0.00 secs] 
73.039: Total time for which application threads were stopped: 0.0051140 seconds, Stopping threads took: 0.0029700 seconds
73.112: Application time: 0.0732640 seconds
73.114: [GC [PSYoungGen: 90592K->6656K(97280K)] 96617K->12681K(319488K), 0.0019630 secs] [Times: user=0.01 sys=0.00, real=0.01 secs] 
73.116: Total time for which application threads were stopped: 0.0040520 seconds, Stopping threads took: 0.0020130 seconds
73.191: Application time: 0.0742710 seconds
73.193: [GC [PSYoungGen: 90112K->6896K(97280K)] 96137K->12921K(319488K), 0.0020020 secs] [Times: user=0.02 sys=0.00, real=0.00 secs] 
73.195: Total time for which application threads were stopped: 0.0040730 seconds, Stopping threads took: 0.0019950 seconds
73.271: Application time: 0.0763770 seconds
73.273: [GC [PSYoungGen: 90351K->7376K(97280K)] 96377K->13401K(319488K), 0.0021610 secs] [Times: user=0.01 sys=0.00, real=0.01 secs] 
73.276: Total time for which application threads were stopped: 0.0045370 seconds, Stopping threads took: 0.0022910 seconds
73.356: Application time: 0.0800240 seconds
73.359: [GC [PSYoungGen: 90832K->7632K(97280K)] 96857K->13665K(319488K), 0.0022270 secs] [Times: user=0.02 sys=0.00, real=0.00 secs] 
73.361: Total time for which application threads were stopped: 0.0052100 seconds, Stopping threads took: 0.0028970 seconds
73.441: Application time: 0.0801820 seconds
73.444: [GC [PSYoungGen: 91088K->7136K(97280K)] 97121K->13177K(319488K), 0.0021540 secs] [Times: user=0.01 sys=0.00, real=0.00 secs] 
73.446: Total time for which application threads were stopped: 0.0052050 seconds, Stopping threads took: 0.0029770 seconds
73.525: Application time: 0.0785560 seconds
73.528: [GC [PSYoungGen: 90592K->6720K(97280K)] 96633K->12769K(319488K), 0.0020160 secs] [Times: user=0.01 sys=0.00, real=0.00 secs] 
73.530: Total time for which application threads were stopped: 0.0048390 seconds, Stopping threads took: 0.0027270 seconds
73.611: Application time: 0.0814350 seconds
73.614: [GC [PSYoungGen: 90176K->6464K(97280K)] 96225K->12513K(319488K), 0.0019960 secs] [Times: user=0.01 sys=0.00, real=0.01 secs] 
73.616: Total time for which application threads were stopped: 0.0048020 seconds, Stopping threads took: 0.0027150 seconds
73.694: Application time: 0.0783570 seconds
73.697: [GC [PSYoungGen: 89920K->7968K(97280K)] 95969K->14017K(319488K), 0.0023720 secs] [Times: user=0.01 sys=0.00, real=0.00 secs] 
73.699: Total time for which application threads were stopped: 0.0047550 seconds, Stopping threads took: 0.0022910 seconds
73.777: Application time: 0.0785670 seconds
73.781: [GC [PSYoungGen: 91424K->6944K(97280K)] 97473K->12993K(319488K), 0.0020450 secs] [Times: user=0.01 sys=0.00, real=0.00 secs] 
73.783: Total time for which application threads were stopped: 0.0052120 seconds, Stopping threads took: 0.0030860 seconds
73.860: Application time: 0.0777300 seconds
73.862: [GC [PSYoungGen: 90400K->7792K(97280K)] 96449K->13849K(319488K), 0.0024680 secs] [Times: user=0.02 sys=0.00, real=0.00 secs] 
73.865: Total time for which application threads were stopped: 0.0042330 seconds, Stopping threads took: 0.0016820 seconds
73.944: Application time: 0.0789840 seconds
73.946: [GC [PSYoungGen: 91248K->6448K(97280K)] 97305K->12513K(319488K), 0.0019640 secs] [Times: user=0.01 sys=0.00, real=0.01 secs] 
73.948: Total time for which application threads were stopped: 0.0039450 seconds, Stopping threads took: 0.0018970 seconds
74.027: Application time: 0.0794440 seconds
74.030: [GC [PSYoungGen: 89904K->6528K(97280K)] 95969K->12601K(319488K), 0.0018790 secs] [Times: user=0.01 sys=0.00, real=0.00 secs] 
74.032: Total time for which application threads were stopped: 0.0048360 seconds, Stopping threads took: 0.0028750 seconds
74.112: Application time: 0.0801660 seconds
74.117: [GC [PSYoungGen: 89984K->8016K(97280K)] 96057K->14089K(319488K), 0.0023030 secs] [Times: user=0.01 sys=0.00, real=0.00 secs] 
74.119: Total time for which application threads were stopped: 0.0069580 seconds, Stopping threads took: 0.0045680 seconds
74.196: Application time: 0.0770650 seconds
74.199: [GC [PSYoungGen: 91472K->8352K(97280K)] 97545K->14425K(319488K), 0.0023400 secs] [Times: user=0.02 sys=0.00, real=0.00 secs] 
74.201: Total time for which application threads were stopped: 0.0053570 seconds, Stopping threads took: 0.0029320 seconds
74.282: Application time: 0.0805890 seconds
74.284: [GC [PSYoungGen: 91808K->6464K(97280K)] 97881K->12537K(319488K), 0.0018680 secs] [Times: user=0.01 sys=0.00, real=0.00 secs] 
74.286: Total time for which application threads were stopped: 0.0039250 seconds, Stopping threads took: 0.0019750 seconds
74.364: Application time: 0.0780780 seconds
74.367: [GC [PSYoungGen: 89920K->7776K(97280K)] 95993K->13857K(319488K), 0.0024210 secs] [Times: user=0.01 sys=0.00, real=0.01 secs] 
74.369: Total time for which application threads were stopped: 0.0049700 seconds, Stopping threads took: 0.0024630 seconds
74.450: Application time: 0.0805520 seconds
74.452: [GC [PSYoungGen: 91232K->7488K(97280K)] 97313K->13577K(319488K), 0.0021980 secs] [Times: user=0.02 sys=0.00, real=0.00 secs] 
74.454: Total time for which application threads were stopped: 0.0044340 seconds, Stopping threads took: 0.0021530 seconds
74.530: Application time: 0.0757290 seconds
74.532: [GC [PSYoungGen: 90944K->6832K(97280K)] 97033K->12929K(319488K), 0.0020740 secs] [Times: user=0.01 sys=0.00, real=0.00 secs] 
74.534: Total time for which application threads were stopped: 0.0040530 seconds, Stopping threads took: 0.0019020 seconds
74.613: Application time: 0.0795160 seconds
74.616: [GC [PSYoungGen: 90288K->7472K(97280K)] 96385K->13569K(319488K), 0.0022770 secs] [Times: user=0.01 sys=0.00, real=0.00 secs] 
74.618: Total time for which application threads were stopped: 0.0050040 seconds, Stopping threads took: 0.0026470 seconds
74.697: Application time: 0.0790790 seconds
74.700: [GC [PSYoungGen: 90928K->7808K(97280K)] 97025K->13905K(319488K), 0.0022690 secs] [Times: user=0.02 sys=0.00, real=0.00 secs] 
74.703: Total time for which application threads were stopped: 0.0052390 seconds, Stopping threads took: 0.0028840 seconds
74.781: Application time: 0.0785430 seconds
74.783: [GC [PSYoungGen: 91264K->8080K(97280K)] 97361K->14177K(319488K), 0.0024660 secs] [Times: user=0.01 sys=0.00, real=0.00 secs] 
74.786: Total time for which application threads were stopped: 0.0046380 seconds, Stopping threads took: 0.0020880 seconds
74.862: Application time: 0.0765000 seconds
74.864: [GC [PSYoungGen: 91536K->7376K(97280K)] 97633K->13473K(319488K), 0.0022590 secs] [Times: user=0.01 sys=0.00, real=0.00 secs] 
74.866: Total time for which application threads were stopped: 0.0038010 seconds, Stopping threads took: 0.0014370 seconds
74.947: Application time: 0.0809920 seconds
74.950: [GC [PSYoungGen: 90832K->5744K(97280K)] 96929K->11849K(319488K), 0.0017770 secs] [Times: user=0.01 sys=0.00, real=0.00 secs] 
74.951: Total time for which application threads were stopped: 0.0042000 seconds, Stopping threads took: 0.0023440 seconds
75.032: Application time: 0.0803530 seconds
75.034: [GC [PSYoungGen: 89200K->6304K(97280K)] 95305K->12417K(319488K), 0.0018470 secs] [Times: user=0.02 sys=0.00, real=0.01 secs] 
75.036: Total time for which application threads were stopped: 0.0042590 seconds, Stopping threads took: 0.0023330 seconds
75.117: Application time: 0.0805880 seconds
75.118: [GC [PSYoungGen: 89760K->5376K(97280K)] 95873K->11489K(319488K), 0.0015870 secs] [Times: user=0.02 sys=0.00, real=0.00 secs] 
75.120: Total time for which application threads were stopped: 0.0032260 seconds, Stopping threads took: 0.0015600 seconds
75.202: Application time: 0.0821520 seconds
75.204: [GC [PSYoungGen: 88832K->6288K(97280K)] 94945K->12401K(319488K), 0.0019360 secs] [Times: user=0.01 sys=0.00, real=0.00 secs] 
75.206: Total time for which application threads were stopped: 0.0041020 seconds, Stopping threads took: 0.0020550 seconds
75.289: Application time: 0.0833600 seconds
75.292: [GC [PSYoungGen: 89744K->6928K(97280K)] 95857K->13041K(319488K), 0.0020310 secs] [Times: user=0.01 sys=0.00, real=0.00 secs] 
75.294: Total time for which application threads were stopped: 0.0043500 seconds, Stopping threads took: 0.0022400 seconds
75.371: Application time: 0.0775160 seconds
75.374: [GC [PSYoungGen: 90384K->7072K(97280K)] 96497K->13185K(319488K), 0.0021600 secs] [Times: user=0.02 sys=0.00, real=0.01 secs] 
75.376: Total time for which application threads were stopped: 0.0044990 seconds, Stopping threads took: 0.0022460 seconds
75.454: Application time: 0.0784040 seconds
75.457: [GC [PSYoungGen: 90528K->6528K(97280K)] 96641K->12649K(319488K), 0.0019140 secs] [Times: user=0.01 sys=0.00, real=0.00 secs] 
75.459: Total time for which application threads were stopped: 0.0044430 seconds, Stopping threads took: 0.0024480 seconds
75.536: Application time: 0.0778190 seconds
75.539: [GC [PSYoungGen: 89984K->8096K(97280K)] 96105K->14225K(319488K), 0.0023680 secs] [Times: user=0.02 sys=0.00, real=0.00 secs] 
75.541: Total time for which application threads were stopped: 0.0050640 seconds, Stopping threads took: 0.0026090 seconds
75.621: Application time: 0.0796510 seconds
75.624: [GC [PSYoungGen: 91552K->6320K(97280K)] 97681K->12449K(319488K), 0.0020010 secs] [Times: user=0.01 sys=0.00, real=0.00 secs] 
75.627: Total time for which application threads were stopped: 0.0053910 seconds, Stopping threads took: 0.0033070 seconds
75.706: Application time: 0.0795780 seconds
75.708: [GC [PSYoungGen: 89776K->7360K(97280K)] 95905K->13489K(319488K), 0.0021020 secs] [Times: user=0.01 sys=0.00, real=0.00 secs] 
75.710: Total time for which application threads were stopped: 0.0043760 seconds, Stopping threads took: 0.0021810 seconds
75.789: Application time: 0.0782490 seconds
75.791: [GC [PSYoungGen: 90816K->7696K(97280K)] 96945K->13825K(319488K), 0.0022110 secs] [Times: user=0.02 sys=0.00, real=0.00 secs] 
75.793: Total time for which application threads were stopped: 0.0045580 seconds, Stopping threads took: 0.0022640 seconds
75.873: Application time: 0.0796430 seconds
75.876: [GC [PSYoungGen: 91152K->6800K(97280K)] 97281K->12929K(319488K), 0.0019430 secs] [Times: user=0.02 sys=0.01, real=0.00 secs] 
75.878: Total time for which application threads were stopped: 0.0048340 seconds, Stopping threads took: 0.0028080 seconds
75.959: Application time: 0.0815260 seconds
75.962: [GC [PSYoungGen: 90256K->7248K(97280K)] 96385K->13393K(319488K), 0.0020550 secs] [Times: user=0.01 sys=0.00, real=0.00 secs] 
75.964: Total time for which application threads were stopped: 0.0051650 seconds, Stopping threads took: 0.0030320 seconds
76.042: Application time: 0.0774790 seconds
76.045: [GC [PSYoungGen: 90704K->6816K(97280K)] 96849K->12969K(319488K), 0.0020320 secs] [Times: user=0.01 sys=0.00, real=0.00 secs] 
76.047: Total time for which application threads were stopped: 0.0047180 seconds, Stopping threads took: 0.0026020 seconds
76.130: Application time: 0.0837740 seconds
76.132: [GC [PSYoungGen: 90272K->5072K(97280K)] 96425K->11233K(319488K), 0.0016310 secs] [Times: user=0.01 sys=0.00, real=0.00 secs] 
76.134: Total time for which application threads were stopped: 0.0032180 seconds, Stopping threads took: 0.0015130 seconds
76.213: Application time: 0.0796730 seconds
76.216: [GC [PSYoungGen: 88528K->7792K(97280K)] 94689K->13953K(319488K), 0.0023530 secs] [Times: user=0.01 sys=0.00, real=0.00 secs] 
76.218: Total time for which application threads were stopped: 0.0045960 seconds, Stopping threads took: 0.0021510 seconds
76.299: Application time: 0.0811630 seconds
76.301: [GC [PSYoungGen: 91248K->6016K(97280K)] 97409K->12177K(319488K), 0.0018080 secs] [Times: user=0.01 sys=0.00, real=0.00 secs] 
76.303: Total time for which application threads were stopped: 0.0038100 seconds, Stopping threads took: 0.0019190 seconds
76.383: Application time: 0.0800750 seconds
76.385: [GC [PSYoungGen: 89472K->6304K(97280K)] 95633K->12465K(319488K), 0.0019480 secs] [Times: user=0.01 sys=0.00, real=0.01 secs] 
76.387: Total time for which application threads were stopped: 0.0040670 seconds, Stopping threads took: 0.0020380 seconds
76.466: Application time: 0.0789010 seconds
76.468: [GC [PSYoungGen: 89760K->7392K(97280K)] 95921K->13561K(319488K), 0.0022000 secs] [Times: user=0.01 sys=0.00, real=0.00 secs] 
76.470: Total time for which application threads were stopped: 0.0045090 seconds, Stopping threads took: 0.0022310 seconds
76.551: Application time: 0.0808250 seconds
76.553: [GC [PSYoungGen: 90848K->6544K(97280K)] 97017K->12721K(319488K), 0.0019620 secs] [Times: user=0.01 sys=0.00, real=0.01 secs] 
76.555: Total time for which application threads were stopped: 0.0038320 seconds, Stopping threads took: 0.0017890 seconds
76.634: Application time: 0.0788000 seconds
76.637: [GC [PSYoungGen: 90000K->7168K(97280K)] 96177K->13353K(319488K), 0.0022510 secs] [Times: user=0.01 sys=0.00, real=0.00 secs] 
76.639: Total time for which application threads were stopped: 0.0049830 seconds, Stopping threads took: 0.0026520 seconds
76.717: Application time: 0.0781940 seconds
76.719: [GC [PSYoungGen: 90624K->7568K(97280K)] 96809K->13753K(319488K), 0.0021960 secs] [Times: user=0.02 sys=0.00, real=0.00 secs] 
76.722: Total time for which application threads were stopped: 0.0044430 seconds, Stopping threads took: 0.0021500 seconds
76.802: Application time: 0.0802750 seconds
76.804: [GC [PSYoungGen: 91024K->6976K(97280K)] 97209K->13161K(319488K), 0.0020790 secs] [Times: user=0.02 sys=0.00, real=0.00 secs] 
76.806: Total time for which application threads were stopped: 0.0042790 seconds, Stopping threads took: 0.0020990 seconds
76.884: Application time: 0.0779750 seconds
76.887: [GC [PSYoungGen: 90432K->6272K(97280K)] 96617K->12457K(319488K), 0.0020100 secs] [Times: user=0.02 sys=0.00, real=0.00 secs] 
76.889: Total time for which application threads were stopped: 0.0049870 seconds, Stopping threads took: 0.0028750 seconds
76.966: Application time: 0.0764310 seconds
76.968: [GC [PSYoungGen: 89727K->7088K(97280K)] 95912K->13281K(319488K), 0.0022010 secs] [Times: user=0.02 sys=0.00, real=0.00 secs] 
76.971: Total time for which application threads were stopped: 0.0050280 seconds, Stopping threads took: 0.0027210 seconds
77.052: Application time: 0.0815410 seconds
77.054: [GC [PSYoungGen: 90544K->7904K(97280K)] 96737K->14105K(319488K), 0.0022590 secs] [Times: user=0.02 sys=0.00, real=0.01 secs] 
77.057: Total time for which application threads were stopped: 0.0046430 seconds, Stopping threads took: 0.0023020 seconds
77.135: Application time: 0.0777880 seconds
77.137: [GC [PSYoungGen: 91360K->8304K(97280K)] 97561K->14513K(319488K), 0.0026490 secs] [Times: user=0.01 sys=0.00, real=0.00 secs] 
77.140: Total time for which application threads were stopped: 0.0051450 seconds, Stopping threads took: 0.0024100 seconds
77.216: Application time: 0.0761210 seconds
77.218: [GC [PSYoungGen: 91760K->6848K(97280K)] 97969K->13057K(319488K), 0.0020680 secs] [Times: user=0.01 sys=0.00, real=0.00 secs] 
77.220: Total time for which application threads were stopped: 0.0043130 seconds, Stopping threads took: 0.0021620 seconds
77.295: Application time: 0.0749300 seconds
77.297: [GC [PSYoungGen: 90304K->6816K(97280K)] 96513K->13025K(319488K), 0.0019470 secs] [Times: user=0.01 sys=0.00, real=0.00 secs] 
77.299: Total time for which application threads were stopped: 0.0034600 seconds, Stopping threads took: 0.0014260 seconds
77.373: Application time: 0.0740640 seconds
77.374: [GC [PSYoungGen: 90272K->6416K(97280K)] 96481K->12625K(319488K), 0.0019020 secs] [Times: user=0.01 sys=0.00, real=0.01 secs] 
77.376: Total time for which application threads were stopped: 0.0033080 seconds, Stopping threads took: 0.0013290 seconds
77.449: Application time: 0.0732820 seconds
77.451: [GC [PSYoungGen: 89872K->8000K(97280K)] 96081K->14209K(319488K), 0.0022720 secs] [Times: user=0.02 sys=0.00, real=0.00 secs] 
77.454: Total time for which application threads were stopped: 0.0043350 seconds, Stopping threads took: 0.0019840 seconds
77.526: Application time: 0.0726640 seconds
77.529: [GC [PSYoungGen: 91456K->7504K(97280K)] 97665K->13721K(319488K), 0.0020580 secs] [Times: user=0.01 sys=0.00, real=0.00 secs] 
77.531: Total time for which application threads were stopped: 0.0048290 seconds, Stopping threads took: 0.0026900 seconds
77.606: Application time: 0.0753030 seconds
77.609: [GC [PSYoungGen: 90960K->6960K(97280K)] 97177K->13185K(319488K), 0.0020140 secs] [Times: user=0.02 sys=0.00, real=0.00 secs] 
77.611: Total time for which application threads were stopped: 0.0051240 seconds, Stopping threads took: 0.0030200 seconds
77.686: Application time: 0.0743420 seconds
77.688: [GC [PSYoungGen: 90416K->4608K(97280K)] 96641K->10833K(319488K), 0.0013740 secs] [Times: user=0.00 sys=0.00, real=0.00 secs] 
77.689: Total time for which application threads were stopped: 0.0035890 seconds, Stopping threads took: 0.0021450 seconds
77.764: Application time: 0.0749960 seconds
77.767: [GC [PSYoungGen: 88064K->7808K(97280K)] 94289K->14033K(319488K), 0.0022330 secs] [Times: user=0.02 sys=0.00, real=0.00 secs] 
77.770: Total time for which application threads were stopped: 0.0052480 seconds, Stopping threads took: 0.0029380 seconds
77.844: Application time: 0.0747280 seconds
77.846: [GC [PSYoungGen: 91264K->7088K(97280K)] 97489K->13313K(319488K), 0.0021360 secs] [Times: user=0.02 sys=0.00, real=0.01 secs] 
77.848: Total time for which application threads were stopped: 0.0040480 seconds, Stopping threads took: 0.0018180 seconds
77.925: Application time: 0.0765240 seconds
77.927: [GC [PSYoungGen: 90544K->6544K(97280K)] 96769K->12769K(319488K), 0.0019060 secs] [Times: user=0.01 sys=0.01, real=0.00 secs] 
77.929: Total time for which application threads were stopped: 0.0039030 seconds, Stopping threads took: 0.0019190 seconds
78.002: Application time: 0.0729140 seconds
78.003: [GC [PSYoungGen: 90000K->6224K(97280K)] 96225K->12457K(319488K), 0.0018280 secs] [Times: user=0.01 sys=0.00, real=0.00 secs] 
78.005: Total time for which application threads were stopped: 0.0035580 seconds, Stopping threads took: 0.0016480 seconds
78.081: Application time: 0.0759520 seconds
78.083: [GC [PSYoungGen: 89680K->7552K(97280K)] 95913K->13793K(319488K), 0.0022100 secs] [Times: user=0.02 sys=0.00, real=0.00 secs] 
78.085: Total time for which application threads were stopped: 0.0041210 seconds, Stopping threads took: 0.0018340 seconds
78.162: Application time: 0.0768170 seconds
78.165: [GC [PSYoungGen: 91008K->6368K(97280K)] 97249K->12617K(319488K), 0.0018310 secs] [Times: user=0.01 sys=0.00, real=0.00 secs] 
78.167: Total time for which application threads were stopped: 0.0046310 seconds, Stopping threads took: 0.0027190 seconds
78.239: Application time: 0.0724120 seconds
78.241: [GC [PSYoungGen: 89824K->6464K(97280K)] 96073K->12713K(319488K), 0.0019070 secs] [Times: user=0.01 sys=0.00, real=0.00 secs] 
78.243: Total time for which application threads were stopped: 0.0032260 seconds, Stopping threads took: 0.0012400 seconds
78.320: Application time: 0.0772430 seconds
78.322: [GC [PSYoungGen: 89920K->7808K(97280K)] 96169K->14057K(319488K), 0.0022190 secs] [Times: user=0.01 sys=0.00, real=0.00 secs] 
78.324: Total time for which application threads were stopped: 0.0041100 seconds, Stopping threads took: 0.0018100 seconds
78.401: Application time: 0.0766480 seconds
78.402: [GC [PSYoungGen: 91264K->5552K(97280K)] 97513K->11801K(319488K), 0.0017080 secs] [Times: user=0.01 sys=0.00, real=0.00 secs] 
78.403: Total time for which application threads were stopped: 0.0029060 seconds, Stopping threads took: 0.0011100 seconds
78.477: Application time: 0.0737580 seconds
78.479: [GC [PSYoungGen: 89008K->6736K(97280K)] 95257K->12993K(319488K), 0.0019690 secs] [Times: user=0.01 sys=0.00, real=0.00 secs] 
78.481: Total time for which application threads were stopped: 0.0037930 seconds, Stopping threads took: 0.0017420 seconds
78.554: Application time: 0.0726150 seconds
78.556: [GC [PSYoungGen: 90192K->8192K(97280K)] 96449K->14457K(319488K), 0.0023920 secs] [Times: user=0.01 sys=0.00, real=0.00 secs] 
78.558: Total time for which application threads were stopped: 0.0044390 seconds, Stopping threads took: 0.0019680 seconds
78.633: Application time: 0.0746540 seconds
78.635: [GC [PSYoungGen: 91648K->7888K(97280K)] 97913K->14161K(319488K), 0.0022580 secs] [Times: user=0.01 sys=0.00, real=0.00 secs] 
78.638: Total time for which application threads were stopped: 0.0049320 seconds, Stopping threads took: 0.0025960 seconds
78.712: Application time: 0.0740230 seconds
78.714: [GC [PSYoungGen: 91344K->7056K(97280K)] 97617K->13329K(319488K), 0.0020590 secs] [Times: user=0.02 sys=0.00, real=0.01 secs] 
78.716: Total time for which application threads were stopped: 0.0047440 seconds, Stopping threads took: 0.0026050 seconds
78.791: Application time: 0.0742210 seconds
78.791: [GC [PSYoungGen: 90512K->5088K(97280K)] 96785K->11361K(319488K), 0.0015810 secs] [Times: user=0.01 sys=0.00, real=0.00 secs] 
78.793: Total time for which application threads were stopped: 0.0023310 seconds, Stopping threads took: 0.0006740 seconds
78.869: Application time: 0.0755990 seconds
78.871: [GC [PSYoungGen: 88544K->5888K(97280K)] 94817K->12161K(319488K), 0.0016190 secs] [Times: user=0.01 sys=0.00, real=0.00 secs] 
78.873: Total time for which application threads were stopped: 0.0044980 seconds, Stopping threads took: 0.0028030 seconds
78.946: Application time: 0.0732210 seconds
78.948: [GC [PSYoungGen: 89344K->7440K(97280K)] 95617K->13721K(319488K), 0.0021580 secs] [Times: user=0.02 sys=0.00, real=0.00 secs] 
78.950: Total time for which application threads were stopped: 0.0039810 seconds, Stopping threads took: 0.0017360 seconds
79.023: Application time: 0.0728920 seconds
79.026: [GC [PSYoungGen: 90896K->6240K(97280K)] 97177K->12537K(319488K), 0.0018910 secs] [Times: user=0.02 sys=0.00, real=0.01 secs] 
79.027: Total time for which application threads were stopped: 0.0043280 seconds, Stopping threads took: 0.0023560 seconds
79.103: Application time: 0.0760110 seconds
79.106: [GC [PSYoungGen: 89696K->6736K(97280K)] 95993K->13041K(319488K), 0.0019830 secs] [Times: user=0.02 sys=0.00, real=0.01 secs] 
79.108: Total time for which application threads were stopped: 0.0044480 seconds, Stopping threads took: 0.0023870 seconds
79.188: Application time: 0.0802460 seconds
79.190: [GC [PSYoungGen: 90192K->4640K(97280K)] 96497K->10945K(319488K), 0.0014180 secs] [Times: user=0.01 sys=0.00, real=0.00 secs] 
79.192: Total time for which application threads were stopped: 0.0036430 seconds, Stopping threads took: 0.0021510 seconds
79.266: Application time: 0.0746130 seconds
79.269: [GC [PSYoungGen: 88096K->5936K(97280K)] 94401K->12241K(319488K), 0.0016880 secs] [Times: user=0.01 sys=0.00, real=0.00 secs] 
79.271: Total time for which application threads were stopped: 0.0046810 seconds, Stopping threads took: 0.0029180 seconds
79.347: Application time: 0.0758030 seconds
79.349: [GC [PSYoungGen: 89392K->5808K(97280K)] 95697K->12113K(319488K), 0.0017780 secs] [Times: user=0.01 sys=0.00, real=0.00 secs] 
79.351: Total time for which application threads were stopped: 0.0035910 seconds, Stopping threads took: 0.0017350 seconds
79.426: Application time: 0.0752830 seconds
79.429: [GC [PSYoungGen: 89264K->6080K(97280K)] 95569K->12385K(319488K), 0.0017850 secs] [Times: user=0.01 sys=0.00, real=0.00 secs] 
79.430: Total time for which application threads were stopped: 0.0045650 seconds, Stopping threads took: 0.0027060 seconds
79.506: Application time: 0.0756420 seconds
79.508: [GC [PSYoungGen: 89536K->6720K(97280K)] 95841K->13033K(319488K), 0.0019280 secs] [Times: user=0.01 sys=0.00, real=0.00 secs] 
79.510: Total time for which application threads were stopped: 0.0039600 seconds, Stopping threads took: 0.0019410 seconds
79.586: Application time: 0.0755590 seconds
79.588: [GC [PSYoungGen: 90176K->6480K(97280K)] 96489K->12809K(319488K), 0.0018930 secs] [Times: user=0.01 sys=0.00, real=0.00 secs] 
79.590: Total time for which application threads were stopped: 0.0041170 seconds, Stopping threads took: 0.0021520 seconds
79.666: Application time: 0.0766920 seconds
79.669: [GC [PSYoungGen: 89936K->6720K(97280K)] 96265K->13049K(319488K), 0.0019290 secs] [Times: user=0.02 sys=0.00, real=0.00 secs] 
79.671: Total time for which application threads were stopped: 0.0041700 seconds, Stopping threads took: 0.0021640 seconds
79.748: Application time: 0.0770020 seconds
79.750: [GC [PSYoungGen: 90176K->7152K(97280K)] 96505K->13481K(319488K), 0.0020730 secs] [Times: user=0.02 sys=0.00, real=0.00 secs] 
79.752: Total time for which application threads were stopped: 0.0048670 seconds, Stopping threads took: 0.0027100 seconds
79.828: Application time: 0.0752780 seconds
79.830: [GC [PSYoungGen: 90608K->6272K(97280K)] 96937K->12601K(319488K), 0.0019520 secs] [Times: user=0.01 sys=0.00, real=0.00 secs] 
79.832: Total time for which application threads were stopped: 0.0043280 seconds, Stopping threads took: 0.0022980 seconds
79.908: Application time: 0.0756790 seconds
79.909: [GC [PSYoungGen: 89728K->6240K(97280K)] 96057K->12569K(319488K), 0.0017910 secs] [Times: user=0.01 sys=0.00, real=0.00 secs] 
79.911: Total time for which application threads were stopped: 0.0033390 seconds, Stopping threads took: 0.0014690 seconds
79.988: Application time: 0.0772070 seconds
79.991: [GC [PSYoungGen: 89696K->6800K(97280K)] 96025K->13137K(319488K), 0.0019310 secs] [Times: user=0.01 sys=0.00, real=0.00 secs] 
79.993: Total time for which application threads were stopped: 0.0050110 seconds, Stopping threads took: 0.0030000 seconds
80.068: Application time: 0.0748210 seconds
80.071: [GC [PSYoungGen: 90256K->7328K(97280K)] 96593K->13673K(319488K), 0.0022060 secs] [Times: user=0.02 sys=0.00, real=0.00 secs] 
80.073: Total time for which application threads were stopped: 0.0049450 seconds, Stopping threads took: 0.0026290 seconds
80.149: Application time: 0.0763440 seconds
80.151: [GC [PSYoungGen: 90784K->6528K(97280K)] 97129K->12873K(319488K), 0.0020100 secs] [Times: user=0.02 sys=0.00, real=0.00 secs] 
80.153: Total time for which application threads were stopped: 0.0036660 seconds, Stopping threads took: 0.0015720 seconds
80.229: Application time: 0.0754610 seconds
80.231: [GC [PSYoungGen: 89984K->7152K(97280K)] 96329K->13497K(319488K), 0.0020100 secs] [Times: user=0.02 sys=0.00, real=0.00 secs] 
80.233: Total time for which application threads were stopped: 0.0049320 seconds, Stopping threads took: 0.0028440 seconds
80.309: Application time: 0.0753660 seconds
80.311: [GC [PSYoungGen: 90608K->7744K(97280K)] 96953K->14089K(319488K), 0.0022800 secs] [Times: user=0.02 sys=0.00, real=0.00 secs] 
80.313: Total time for which application threads were stopped: 0.0044500 seconds, Stopping threads took: 0.0020870 seconds
80.387: Application time: 0.0735140 seconds
80.389: [GC [PSYoungGen: 91200K->7952K(97280K)] 97545K->14297K(319488K), 0.0023860 secs] [Times: user=0.01 sys=0.00, real=0.00 secs] 
80.391: Total time for which application threads were stopped: 0.0043810 seconds, Stopping threads took: 0.0019150 seconds
80.464: Application time: 0.0732800 seconds
80.467: [GC [PSYoungGen: 91408K->7616K(97280K)] 97753K->13969K(319488K), 0.0022030 secs] [Times: user=0.02 sys=0.00, real=0.01 secs] 
80.469: Total time for which application threads were stopped: 0.0043270 seconds, Stopping threads took: 0.0020440 seconds
80.544: Application time: 0.0749970 seconds
80.546: [GC [PSYoungGen: 91072K->7104K(97280K)] 97425K->13465K(319488K), 0.0020790 secs] [Times: user=0.01 sys=0.00, real=0.01 secs] 
80.548: Total time for which application threads were stopped: 0.0042190 seconds, Stopping threads took: 0.0020630 seconds
80.626: Application time: 0.0775800 seconds
80.627: [GC [PSYoungGen: 90560K->6624K(97280K)] 96921K->12993K(319488K), 0.0020170 secs] [Times: user=0.02 sys=0.00, real=0.01 secs] 
80.629: Total time for which application threads were stopped: 0.0030640 seconds, Stopping threads took: 0.0009540 seconds
80.702: Application time: 0.0735820 seconds
80.704: [GC [PSYoungGen: 90080K->8224K(97280K)] 96449K->14593K(319488K), 0.0025600 secs] [Times: user=0.02 sys=0.00, real=0.00 secs] 
80.707: Total time for which application threads were stopped: 0.0046140 seconds, Stopping threads took: 0.0019700 seconds
80.780: Application time: 0.0728050 seconds
80.781: [GC [PSYoungGen: 91680K->7728K(97280K)] 98049K->14097K(319488K), 0.0023120 secs] [Times: user=0.01 sys=0.00, real=0.00 secs] 
80.783: Total time for which application threads were stopped: 0.0036640 seconds, Stopping threads took: 0.0012660 seconds
80.856: Application time: 0.0729650 seconds
80.859: [GC [PSYoungGen: 91184K->7776K(97280K)] 97553K->14145K(319488K), 0.0022220 secs] [Times: user=0.01 sys=0.00, real=0.00 secs] 
80.861: Total time for which application threads were stopped: 0.0050060 seconds, Stopping threads took: 0.0026990 seconds
80.936: Application time: 0.0747850 seconds
80.938: [GC [PSYoungGen: 91232K->7344K(97280K)] 97601K->13721K(319488K), 0.0021290 secs] [Times: user=0.02 sys=0.00, real=0.00 secs] 
80.941: Total time for which application threads were stopped: 0.0045880 seconds, Stopping threads took: 0.0023800 seconds
81.016: Application time: 0.0755180 seconds
81.018: [GC [PSYoungGen: 90800K->7312K(97280K)] 97177K->13697K(319488K), 0.0022180 secs] [Times: user=0.02 sys=0.00, real=0.00 secs] 
81.020: Total time for which application threads were stopped: 0.0041940 seconds, Stopping threads took: 0.0018760 seconds
81.094: Application time: 0.0740160 seconds
81.097: [GC [PSYoungGen: 90768K->7552K(97280K)] 97153K->13945K(319488K), 0.0022810 secs] [Times: user=0.02 sys=0.00, real=0.00 secs] 
81.099: Total time for which application threads were stopped: 0.0044690 seconds, Stopping threads took: 0.0020720 seconds
81.179: Application time: 0.0804930 seconds
81.181: [GC [PSYoungGen: 91008K->6384K(97280K)] 97401K->12777K(319488K), 0.0020690 secs] [Times: user=0.02 sys=0.00, real=0.00 secs] 
81.183: Total time for which application threads were stopped: 0.0039480 seconds, Stopping threads took: 0.0017770 seconds
81.261: Application time: 0.0777940 seconds
81.263: [GC [PSYoungGen: 89840K->6640K(97280K)] 96233K->13033K(319488K), 0.0019460 secs] [Times: user=0.01 sys=0.00, real=0.00 secs] 
81.265: Total time for which application threads were stopped: 0.0034210 seconds, Stopping threads took: 0.0013890 seconds
81.342: Application time: 0.0774780 seconds
81.345: [GC [PSYoungGen: 90096K->7888K(97280K)] 96489K->14281K(319488K), 0.0025090 secs] [Times: user=0.02 sys=0.00, real=0.01 secs] 
81.347: Total time for which application threads were stopped: 0.0054670 seconds, Stopping threads took: 0.0028730 seconds
81.427: Application time: 0.0791410 seconds
81.429: [GC [PSYoungGen: 91344K->7440K(97280K)] 97737K->13841K(319488K), 0.0020670 secs] [Times: user=0.02 sys=0.00, real=0.00 secs] 
81.431: Total time for which application threads were stopped: 0.0040070 seconds, Stopping threads took: 0.0018570 seconds
81.509: Application time: 0.0779440 seconds
81.512: [GC [PSYoungGen: 90896K->7760K(97280K)] 97297K->14169K(319488K), 0.0022670 secs] [Times: user=0.01 sys=0.00, real=0.00 secs] 
81.514: Total time for which application threads were stopped: 0.0053160 seconds, Stopping threads took: 0.0029690 seconds
81.593: Application time: 0.0794510 seconds
81.596: [GC [PSYoungGen: 91216K->7488K(97280K)] 97625K->13905K(319488K), 0.0021570 secs] [Times: user=0.01 sys=0.00, real=0.00 secs] 
81.598: Total time for which application threads were stopped: 0.0045400 seconds, Stopping threads took: 0.0023020 seconds
81.678: Application time: 0.0800130 seconds
81.680: [GC [PSYoungGen: 90944K->6752K(97280K)] 97361K->13169K(319488K), 0.0020980 secs] [Times: user=0.01 sys=0.00, real=0.00 secs] 
81.682: Total time for which application threads were stopped: 0.0039640 seconds, Stopping threads took: 0.0017800 seconds
81.760: Application time: 0.0782210 seconds
81.763: [GC [PSYoungGen: 90208K->7568K(97280K)] 96625K->13985K(319488K), 0.0021670 secs] [Times: user=0.01 sys=0.00, real=0.00 secs] 
81.765: Total time for which application threads were stopped: 0.0046360 seconds, Stopping threads took: 0.0023770 seconds
81.843: Application time: 0.0785040 seconds
81.846: [GC [PSYoungGen: 91024K->7040K(97280K)] 97441K->13457K(319488K), 0.0020080 secs] [Times: user=0.01 sys=0.00, real=0.01 secs] 
81.848: Total time for which application threads were stopped: 0.0044040 seconds, Stopping threads took: 0.0023110 seconds
81.926: Application time: 0.0785200 seconds
81.929: [GC [PSYoungGen: 90496K->7136K(97280K)] 96913K->13569K(319488K), 0.0020550 secs] [Times: user=0.01 sys=0.01, real=0.00 secs] 
81.931: Total time for which application threads were stopped: 0.0047350 seconds, Stopping threads took: 0.0025850 seconds
82.007: Application time: 0.0763360 seconds
82.010: [GC [PSYoungGen: 90592K->8112K(97280K)] 97025K->14553K(319488K), 0.0024860 secs] [Times: user=0.02 sys=0.00, real=0.00 secs] 
82.012: Total time for which application threads were stopped: 0.0052280 seconds, Stopping threads took: 0.0026570 seconds
82.090: Application time: 0.0775820 seconds
82.092: [GC [PSYoungGen: 91568K->8400K(97280K)] 98009K->14849K(319488K), 0.0024510 secs] [Times: user=0.01 sys=0.00, real=0.00 secs] 
82.094: Total time for which application threads were stopped: 0.0044070 seconds, Stopping threads took: 0.0018700 seconds
82.174: Application time: 0.0796950 seconds
82.177: [GC [PSYoungGen: 91856K->6864K(97280K)] 98305K->13313K(319488K), 0.0020930 secs] [Times: user=0.01 sys=0.00, real=0.00 secs] 
82.179: Total time for which application threads were stopped: 0.0051690 seconds, Stopping threads took: 0.0029870 seconds
82.258: Application time: 0.0785720 seconds
82.259: [GC [PSYoungGen: 90320K->7008K(97280K)] 96769K->13457K(319488K), 0.0020480 secs] [Times: user=0.02 sys=0.00, real=0.00 secs] 
82.262: Total time for which application threads were stopped: 0.0036250 seconds, Stopping threads took: 0.0014920 seconds
82.342: Application time: 0.0809080 seconds
82.345: [GC [PSYoungGen: 90464K->7520K(97280K)] 96913K->13969K(319488K), 0.0021500 secs] [Times: user=0.02 sys=0.00, real=0.00 secs] 
82.347: Total time for which application threads were stopped: 0.0043790 seconds, Stopping threads took: 0.0021370 seconds
82.428: Application time: 0.0807610 seconds
82.430: [GC [PSYoungGen: 90976K->6752K(97280K)] 97425K->13201K(319488K), 0.0019700 secs] [Times: user=0.01 sys=0.00, real=0.00 secs] 
82.432: Total time for which application threads were stopped: 0.0044010 seconds, Stopping threads took: 0.0023330 seconds
82.508: Application time: 0.0763250 seconds
82.510: [GC [PSYoungGen: 90207K->8032K(97280K)] 96656K->14497K(319488K), 0.0023700 secs] [Times: user=0.02 sys=0.00, real=0.00 secs] 
82.513: Total time for which application threads were stopped: 0.0045450 seconds, Stopping threads took: 0.0020910 seconds
82.593: Application time: 0.0796610 seconds
82.596: [GC [PSYoungGen: 91488K->7568K(97280K)] 97953K->14041K(319488K), 0.0021850 secs] [Times: user=0.02 sys=0.00, real=0.00 secs] 
82.598: Total time for which application threads were stopped: 0.0055000 seconds, Stopping threads took: 0.0032090 seconds
82.675: Application time: 0.0769980 seconds
82.678: [GC [PSYoungGen: 91024K->7440K(97280K)] 97497K->13921K(319488K), 0.0021620 secs] [Times: user=0.01 sys=0.00, real=0.00 secs] 
82.680: Total time for which application threads were stopped: 0.0047930 seconds, Stopping threads took: 0.0025470 seconds
82.758: Application time: 0.0779200 seconds
82.761: [GC [PSYoungGen: 90896K->6960K(97280K)] 97377K->13441K(319488K), 0.0021610 secs] [Times: user=0.01 sys=0.00, real=0.00 secs] 
82.763: Total time for which application threads were stopped: 0.0050980 seconds, Stopping threads took: 0.0028510 seconds
82.844: Application time: 0.0807050 seconds
82.847: [GC [PSYoungGen: 90416K->6096K(97280K)] 96897K->12577K(319488K), 0.0017100 secs] [Times: user=0.01 sys=0.00, real=0.01 secs] 
82.848: Total time for which application threads were stopped: 0.0048520 seconds, Stopping threads took: 0.0030560 seconds
82.929: Application time: 0.0802360 seconds
82.932: [GC [PSYoungGen: 89552K->5360K(97280K)] 96033K->11841K(319488K), 0.0015890 secs] [Times: user=0.01 sys=0.00, real=0.00 secs] 
82.933: Total time for which application threads were stopped: 0.0045460 seconds, Stopping threads took: 0.0028790 seconds
83.014: Application time: 0.0803580 seconds
83.016: [GC [PSYoungGen: 88816K->6640K(97280K)] 95297K->13129K(319488K), 0.0019900 secs] [Times: user=0.02 sys=0.00, real=0.00 secs] 
83.018: Total time for which application threads were stopped: 0.0044730 seconds, Stopping threads took: 0.0024030 seconds
83.097: Application time: 0.0789690 seconds
83.099: [GC [PSYoungGen: 90096K->7376K(97280K)] 96585K->13873K(319488K), 0.0021590 secs] [Times: user=0.01 sys=0.00, real=0.00 secs] 
83.102: Total time for which application threads were stopped: 0.0046130 seconds, Stopping threads took: 0.0023640 seconds
83.180: Application time: 0.0779700 seconds
83.182: [GC [PSYoungGen: 90832K->7600K(97280K)] 97329K->14105K(319488K), 0.0021470 secs] [Times: user=0.02 sys=0.00, real=0.00 secs] 
83.184: Total time for which application threads were stopped: 0.0042950 seconds, Stopping threads took: 0.0020700 seconds
83.262: Application time: 0.0785120 seconds
83.264: [GC [PSYoungGen: 91056K->6896K(97280K)] 97561K->13401K(319488K), 0.0020900 secs] [Times: user=0.01 sys=0.00, real=0.00 secs] 
83.266: Total time for which application threads were stopped: 0.0038780 seconds, Stopping threads took: 0.0017060 seconds
83.347: Application time: 0.0807440 seconds
83.350: [GC [PSYoungGen: 90352K->7440K(97280K)] 96857K->13945K(319488K), 0.0020470 secs] [Times: user=0.02 sys=0.00, real=0.00 secs] 
83.352: Total time for which application threads were stopped: 0.0051940 seconds, Stopping threads took: 0.0030580 seconds
83.433: Application time: 0.0811590 seconds
83.436: [GC [PSYoungGen: 90896K->6640K(97280K)] 97401K->13145K(319488K), 0.0019620 secs] [Times: user=0.01 sys=0.00, real=0.00 secs] 
83.438: Total time for which application threads were stopped: 0.0041870 seconds, Stopping threads took: 0.0021430 seconds
83.516: Application time: 0.0788970 seconds
83.518: [GC [PSYoungGen: 90096K->7216K(97280K)] 96601K->13745K(319488K), 0.0020630 secs] [Times: user=0.01 sys=0.00, real=0.00 secs] 
83.521: Total time for which application threads were stopped: 0.0041040 seconds, Stopping threads took: 0.0019560 seconds
83.601: Application time: 0.0800690 seconds
83.603: [GC [PSYoungGen: 90672K->7696K(97280K)] 97201K->14233K(319488K), 0.0022940 secs] [Times: user=0.02 sys=0.00, real=0.00 secs] 
83.605: Total time for which application threads were stopped: 0.0043770 seconds, Stopping threads took: 0.0019950 seconds
83.683: Application time: 0.0775590 seconds
83.685: [GC [PSYoungGen: 91152K->7296K(97280K)] 97689K->13841K(319488K), 0.0020770 secs] [Times: user=0.01 sys=0.00, real=0.01 secs] 
83.687: Total time for which application threads were stopped: 0.0044630 seconds, Stopping threads took: 0.0023020 seconds
83.767: Application time: 0.0796750 seconds
83.768: [GC [PSYoungGen: 90752K->5984K(97280K)] 97297K->12529K(319488K), 0.0017550 secs] [Times: user=0.01 sys=0.00, real=0.00 secs] 
83.770: Total time for which application threads were stopped: 0.0029700 seconds, Stopping threads took: 0.0011330 seconds
83.848: Application time: 0.0786540 seconds
83.851: [GC [PSYoungGen: 89440K->8336K(97280K)] 95985K->14881K(319488K), 0.0024750 secs] [Times: user=0.02 sys=0.00, real=0.00 secs] 
83.853: Total time for which application threads were stopped: 0.0048040 seconds, Stopping threads took: 0.0022430 seconds
83.933: Application time: 0.0798690 seconds
83.935: [GC [PSYoungGen: 91792K->7664K(97280K)] 98337K->14209K(319488K), 0.0022770 secs] [Times: user=0.01 sys=0.00, real=0.00 secs] 
83.937: Total time for which application threads were stopped: 0.0044580 seconds, Stopping threads took: 0.0020890 seconds
84.016: Application time: 0.0787540 seconds
84.018: [GC [PSYoungGen: 91120K->7200K(97280K)] 97665K->13753K(319488K), 0.0021880 secs] [Times: user=0.02 sys=0.00, real=0.00 secs] 
84.020: Total time for which application threads were stopped: 0.0040530 seconds, Stopping threads took: 0.0017830 seconds
84.097: Application time: 0.0765710 seconds
84.100: [GC [PSYoungGen: 90656K->7712K(97280K)] 97209K->14273K(319488K), 0.0022170 secs] [Times: user=0.01 sys=0.00, real=0.00 secs] 
84.103: Total time for which application threads were stopped: 0.0056180 seconds, Stopping threads took: 0.0033160 seconds
84.183: Application time: 0.0800300 seconds
84.185: [GC [PSYoungGen: 91168K->7088K(97280K)] 97729K->13657K(319488K), 0.0019930 secs] [Times: user=0.02 sys=0.00, real=0.01 secs] 
84.187: Total time for which application threads were stopped: 0.0048380 seconds, Stopping threads took: 0.0027610 seconds
84.265: Application time: 0.0776620 seconds
84.268: [GC [PSYoungGen: 90544K->6768K(97280K)] 97113K->13337K(319488K), 0.0020620 secs] [Times: user=0.01 sys=0.00, real=0.00 secs] 
84.270: Total time for which application threads were stopped: 0.0046100 seconds, Stopping threads took: 0.0024640 seconds
84.349: Application time: 0.0792080 seconds
84.351: [GC [PSYoungGen: 90224K->7072K(97280K)] 96793K->13641K(319488K), 0.0020640 secs] [Times: user=0.01 sys=0.00, real=0.00 secs] 
84.353: Total time for which application threads were stopped: 0.0038310 seconds, Stopping threads took: 0.0016860 seconds
84.434: Application time: 0.0812310 seconds
84.436: [GC [PSYoungGen: 90528K->6608K(97280K)] 97097K->13177K(319488K), 0.0019630 secs] [Times: user=0.01 sys=0.00, real=0.00 secs] 
84.438: Total time for which application threads were stopped: 0.0038090 seconds, Stopping threads took: 0.0017640 seconds
84.519: Application time: 0.0810810 seconds
84.521: [GC [PSYoungGen: 90064K->6960K(97280K)] 96633K->13537K(319488K), 0.0020520 secs] [Times: user=0.02 sys=0.00, real=0.00 secs] 
84.523: Total time for which application threads were stopped: 0.0045240 seconds, Stopping threads took: 0.0023850 seconds
84.602: Application time: 0.0789910 seconds
84.605: [GC [PSYoungGen: 90416K->6672K(97280K)] 96993K->13257K(319488K), 0.0020610 secs] [Times: user=0.01 sys=0.00, real=0.01 secs] 
84.607: Total time for which application threads were stopped: 0.0047770 seconds, Stopping threads took: 0.0026270 seconds
84.684: Application time: 0.0764060 seconds
84.686: [GC [PSYoungGen: 90128K->7808K(97280K)] 96713K->14401K(319488K), 0.0022200 secs] [Times: user=0.02 sys=0.00, real=0.01 secs] 
84.688: Total time for which application threads were stopped: 0.0046270 seconds, Stopping threads took: 0.0023260 seconds
84.765: Application time: 0.0772500 seconds
84.768: [GC [PSYoungGen: 91264K->7824K(97280K)] 97857K->14417K(319488K), 0.0025970 secs] [Times: user=0.02 sys=0.00, real=0.00 secs] 
84.771: Total time for which application threads were stopped: 0.0056470 seconds, Stopping threads took: 0.0029540 seconds
84.850: Application time: 0.0788110 seconds
84.853: [GC [PSYoungGen: 91280K->8368K(97280K)] 97873K->14961K(319488K), 0.0025010 secs] [Times: user=0.01 sys=0.00, real=0.01 secs] 
84.855: Total time for which application threads were stopped: 0.0052170 seconds, Stopping threads took: 0.0026360 seconds
84.936: Application time: 0.0807080 seconds
84.938: [GC [PSYoungGen: 91824K->7696K(97280K)] 98417K->14289K(319488K), 0.0022160 secs] [Times: user=0.02 sys=0.00, real=0.00 secs] 
84.940: Total time for which application threads were stopped: 0.0042740 seconds, Stopping threads took: 0.0019750 seconds
85.021: Application time: 0.0811200 seconds
85.024: [GC [PSYoungGen: 91152K->5232K(97280K)] 97745K->11825K(319488K), 0.0017490 secs] [Times: user=0.00 sys=0.00, real=0.00 secs] 
85.025: Total time for which application threads were stopped: 0.0041710 seconds, Stopping threads took: 0.0023360 seconds
85.106: Application time: 0.0806490 seconds
85.109: [GC [PSYoungGen: 88688K->7904K(97280K)] 95281K->14505K(319488K), 0.0023500 secs] [Times: user=0.02 sys=0.00, real=0.00 secs] 
85.111: Total time for which application threads were stopped: 0.0050840 seconds, Stopping threads took: 0.0026280 seconds
85.187: Application time: 0.0758670 seconds
85.190: [GC [PSYoungGen: 91360K->7456K(97280K)] 97961K->14065K(319488K), 0.0021110 secs] [Times: user=0.01 sys=0.00, real=0.00 secs] 
85.192: Total time for which application threads were stopped: 0.0049690 seconds, Stopping threads took: 0.0027790 seconds
85.270: Application time: 0.0782340 seconds
85.273: [GC [PSYoungGen: 90912K->7136K(97280K)] 97521K->13753K(319488K), 0.0021420 secs] [Times: user=0.02 sys=0.00, real=0.01 secs] 
85.275: Total time for which application threads were stopped: 0.0047310 seconds, Stopping threads took: 0.0025080 seconds
85.351: Application time: 0.0760160 seconds
85.354: [GC [PSYoungGen: 90592K->5840K(97280K)] 97209K->12457K(319488K), 0.0016870 secs] [Times: user=0.01 sys=0.00, real=0.01 secs] 
85.355: Total time for which application threads were stopped: 0.0044190 seconds, Stopping threads took: 0.0026550 seconds
85.429: Application time: 0.0734050 seconds
85.430: [GC [PSYoungGen: 89296K->6864K(97280K)] 95913K->13481K(319488K), 0.0019230 secs] [Times: user=0.01 sys=0.00, real=0.00 secs] 
85.432: Total time for which application threads were stopped: 0.0033790 seconds, Stopping threads took: 0.0013750 seconds
85.505: Application time: 0.0733390 seconds
85.508: [GC [PSYoungGen: 90320K->6224K(97280K)] 96937K->12841K(319488K), 0.0017160 secs] [Times: user=0.02 sys=0.00, real=0.00 secs] 
85.509: Total time for which application threads were stopped: 0.0037890 seconds, Stopping threads took: 0.0019980 seconds
85.584: Application time: 0.0744760 seconds
85.586: [GC [PSYoungGen: 89680K->5808K(97280K)] 96297K->12433K(319488K), 0.0016880 secs] [Times: user=0.01 sys=0.00, real=0.01 secs] 
85.588: Total time for which application threads were stopped: 0.0043490 seconds, Stopping threads took: 0.0025770 seconds
85.661: Application time: 0.0731030 seconds
85.664: [GC [PSYoungGen: 89264K->8032K(97280K)] 95889K->14665K(319488K), 0.0023380 secs] [Times: user=0.02 sys=0.00, real=0.00 secs] 
85.666: Total time for which application threads were stopped: 0.0049470 seconds, Stopping threads took: 0.0025340 seconds
85.741: Application time: 0.0750690 seconds
85.743: [GC [PSYoungGen: 91488K->7376K(97280K)] 98121K->14017K(319488K), 0.0021040 secs] [Times: user=0.02 sys=0.00, real=0.00 secs] 
85.745: Total time for which application threads were stopped: 0.0042530 seconds, Stopping threads took: 0.0020720 seconds
85.821: Application time: 0.0752460 seconds
85.824: [GC [PSYoungGen: 90832K->6720K(97280K)] 97473K->13361K(319488K), 0.0019320 secs] [Times: user=0.02 sys=0.00, real=0.00 secs] 
85.826: Total time for which application threads were stopped: 0.0049090 seconds, Stopping threads took: 0.0028950 seconds
85.902: Application time: 0.0760860 seconds
85.903: [GC [PSYoungGen: 90176K->6288K(97280K)] 96817K->12929K(319488K), 0.0018850 secs] [Times: user=0.02 sys=0.00, real=0.00 secs] 
85.905: Total time for which application threads were stopped: 0.0035880 seconds, Stopping threads took: 0.0016300 seconds
85.984: Application time: 0.0788930 seconds
85.986: [GC [PSYoungGen: 89744K->4944K(97280K)] 96385K->11585K(319488K), 0.0013940 secs] [Times: user=0.01 sys=0.00, real=0.01 secs] 
85.987: Total time for which application threads were stopped: 0.0030090 seconds, Stopping threads took: 0.0015490 seconds
86.062: Application time: 0.0752530 seconds
86.065: [GC [PSYoungGen: 88400K->7584K(97280K)] 95041K->14233K(319488K), 0.0022170 secs] [Times: user=0.02 sys=0.00, real=0.01 secs] 
86.068: Total time for which application threads were stopped: 0.0051970 seconds, Stopping threads took: 0.0028790 seconds
86.143: Application time: 0.0748910 seconds
86.145: [GC [PSYoungGen: 91040K->6928K(97280K)] 97689K->13585K(319488K), 0.0021010 secs] [Times: user=0.01 sys=0.00, real=0.01 secs] 
86.147: Total time for which application threads were stopped: 0.0046640 seconds, Stopping threads took: 0.0024730 seconds
86.225: Application time: 0.0774210 seconds
86.227: [GC [PSYoungGen: 90384K->6832K(97280K)] 97041K->13497K(319488K), 0.0019710 secs] [Times: user=0.01 sys=0.00, real=0.00 secs] 
86.229: Total time for which application threads were stopped: 0.0048120 seconds, Stopping threads took: 0.0027640 seconds
86.303: Application time: 0.0732590 seconds
86.305: [GC [PSYoungGen: 90288K->6320K(97280K)] 96953K->12985K(319488K), 0.0019350 secs] [Times: user=0.02 sys=0.00, real=0.00 secs] 
86.307: Total time for which application threads were stopped: 0.0039640 seconds, Stopping threads took: 0.0019520 seconds
86.383: Application time: 0.0766220 seconds
86.385: [GC [PSYoungGen: 89776K->6624K(97280K)] 96441K->13289K(319488K), 0.0019860 secs] [Times: user=0.01 sys=0.00, real=0.01 secs] 
86.387: Total time for which application threads were stopped: 0.0040450 seconds, Stopping threads took: 0.0019740 seconds
86.462: Application time: 0.0747740 seconds
86.464: [GC [PSYoungGen: 90080K->8064K(97280K)] 96745K->14729K(319488K), 0.0024780 secs] [Times: user=0.02 sys=0.00, real=0.01 secs] 
86.467: Total time for which application threads were stopped: 0.0047920 seconds, Stopping threads took: 0.0022290 seconds
86.544: Application time: 0.0767150 seconds
86.547: [GC [PSYoungGen: 91520K->7760K(97280K)] 98185K->14433K(319488K), 0.0022460 secs] [Times: user=0.02 sys=0.00, real=0.01 secs] 
86.549: Total time for which application threads were stopped: 0.0052180 seconds, Stopping threads took: 0.0028910 seconds
86.625: Application time: 0.0756190 seconds
86.628: [GC [PSYoungGen: 91216K->6400K(97280K)] 97889K->13081K(319488K), 0.0020140 secs] [Times: user=0.01 sys=0.00, real=0.00 secs] 
86.630: Total time for which application threads were stopped: 0.0050980 seconds, Stopping threads took: 0.0030100 seconds
86.705: Application time: 0.0753010 seconds
86.707: [GC [PSYoungGen: 89856K->7440K(97280K)] 96537K->14129K(319488K), 0.0021890 secs] [Times: user=0.02 sys=0.00, real=0.00 secs] 
86.709: Total time for which application threads were stopped: 0.0043760 seconds, Stopping threads took: 0.0020960 seconds
86.784: Application time: 0.0751780 seconds
86.787: [GC [PSYoungGen: 90896K->7312K(97280K)] 97585K->14001K(319488K), 0.0020960 secs] [Times: user=0.02 sys=0.00, real=0.00 secs] 
86.790: Total time for which application threads were stopped: 0.0050330 seconds, Stopping threads took: 0.0028600 seconds
86.863: Application time: 0.0736780 seconds
86.865: [GC [PSYoungGen: 90768K->6368K(97280K)] 97457K->13057K(319488K), 0.0018220 secs] [Times: user=0.01 sys=0.00, real=0.00 secs] 
86.867: Total time for which application threads were stopped: 0.0035060 seconds, Stopping threads took: 0.0016020 seconds
86.942: Application time: 0.0750390 seconds
86.944: [GC [PSYoungGen: 89824K->7664K(97280K)] 96513K->14353K(319488K), 0.0022500 secs] [Times: user=0.01 sys=0.00, real=0.00 secs] 
86.946: Total time for which application threads were stopped: 0.0047500 seconds, Stopping threads took: 0.0024210 seconds
87.020: Application time: 0.0736490 seconds
87.022: [GC [PSYoungGen: 91120K->6944K(97280K)] 97809K->13641K(319488K), 0.0019970 secs] [Times: user=0.01 sys=0.00, real=0.00 secs] 
87.024: Total time for which application threads were stopped: 0.0042900 seconds, Stopping threads took: 0.0022100 seconds
87.098: Application time: 0.0738610 seconds
87.100: [GC [PSYoungGen: 90400K->6752K(97280K)] 97097K->13457K(319488K), 0.0020710 secs] [Times: user=0.02 sys=0.00, real=0.00 secs] 
87.103: Total time for which application threads were stopped: 0.0042170 seconds, Stopping threads took: 0.0020720 seconds
87.178: Application time: 0.0754090 seconds
87.181: [GC [PSYoungGen: 90208K->8240K(97280K)] 96913K->14953K(319488K), 0.0025450 secs] [Times: user=0.01 sys=0.00, real=0.00 secs] 
87.183: Total time for which application threads were stopped: 0.0054760 seconds, Stopping threads took: 0.0028500 seconds
87.258: Application time: 0.0742430 seconds
87.260: [GC [PSYoungGen: 91696K->6416K(97280K)] 98409K->13137K(319488K), 0.0018760 secs] [Times: user=0.02 sys=0.00, real=0.00 secs] 
87.262: Total time for which application threads were stopped: 0.0040540 seconds, Stopping threads took: 0.0020940 seconds
87.335: Application time: 0.0728660 seconds
87.337: [GC [PSYoungGen: 89872K->8240K(97280K)] 96593K->14961K(319488K), 0.0025040 secs] [Times: user=0.01 sys=0.00, real=0.00 secs] 
87.339: Total time for which application threads were stopped: 0.0048460 seconds, Stopping threads took: 0.0022590 seconds
87.417: Application time: 0.0771060 seconds
87.418: [GC [PSYoungGen: 91696K->4736K(97280K)] 98417K->11457K(319488K), 0.0014050 secs] [Times: user=0.00 sys=0.00, real=0.00 secs] 
87.419: Total time for which application threads were stopped: 0.0029300 seconds, Stopping threads took: 0.0014510 seconds
87.495: Application time: 0.0753280 seconds
87.498: [GC [PSYoungGen: 88192K->6848K(97280K)] 94913K->13577K(319488K), 0.0019760 secs] [Times: user=0.01 sys=0.00, real=0.00 secs] 
87.500: Total time for which application threads were stopped: 0.0049020 seconds, Stopping threads took: 0.0028480 seconds
87.574: Application time: 0.0746190 seconds
87.576: [GC [PSYoungGen: 90304K->6256K(97280K)] 97033K->12993K(319488K), 0.0017730 secs] [Times: user=0.01 sys=0.00, real=0.00 secs] 
87.578: Total time for which application threads were stopped: 0.0035120 seconds, Stopping threads took: 0.0016650 seconds
87.656: Application time: 0.0777660 seconds
87.657: [GC [PSYoungGen: 89712K->6320K(97280K)] 96449K->13065K(319488K), 0.0019180 secs] [Times: user=0.02 sys=0.00, real=0.00 secs] 
87.659: Total time for which application threads were stopped: 0.0038540 seconds, Stopping threads took: 0.0018620 seconds
87.734: Application time: 0.0747690 seconds
87.737: [GC [PSYoungGen: 89776K->7504K(97280K)] 96521K->14257K(319488K), 0.0020890 secs] [Times: user=0.01 sys=0.01, real=0.00 secs] 
87.739: Total time for which application threads were stopped: 0.0049940 seconds, Stopping threads took: 0.0028250 seconds
87.817: Application time: 0.0778890 seconds
87.818: [GC [PSYoungGen: 90960K->7248K(97280K)] 97713K->14001K(319488K), 0.0021900 secs] [Times: user=0.01 sys=0.00, real=0.00 secs] 
87.821: Total time for which application threads were stopped: 0.0035490 seconds, Stopping threads took: 0.0012730 seconds
87.897: Application time: 0.0768030 seconds
87.899: [GC [PSYoungGen: 90704K->5296K(97280K)] 97457K->12049K(319488K), 0.0015480 secs] [Times: user=0.01 sys=0.00, real=0.00 secs] 
87.901: Total time for which application threads were stopped: 0.0030790 seconds, Stopping threads took: 0.0014600 seconds
87.975: Application time: 0.0745510 seconds
87.977: [GC [PSYoungGen: 88752K->6688K(97280K)] 95505K->13441K(319488K), 0.0020300 secs] [Times: user=0.02 sys=0.00, real=0.00 secs] 
87.979: Total time for which application threads were stopped: 0.0042430 seconds, Stopping threads took: 0.0021320 seconds
88.054: Application time: 0.0742660 seconds
88.056: [GC [PSYoungGen: 90144K->6432K(97280K)] 96897K->13193K(319488K), 0.0018690 secs] [Times: user=0.01 sys=0.00, real=0.00 secs] 
88.058: Total time for which application threads were stopped: 0.0040830 seconds, Stopping threads took: 0.0021350 seconds
88.132: Application time: 0.0740850 seconds
88.134: [GC [PSYoungGen: 89888K->6672K(97280K)] 96649K->13441K(319488K), 0.0018830 secs] [Times: user=0.02 sys=0.00, real=0.01 secs] 
88.136: Total time for which application threads were stopped: 0.0045590 seconds, Stopping threads took: 0.0025950 seconds
88.212: Application time: 0.0761090 seconds
88.215: [GC [PSYoungGen: 90128K->7152K(97280K)] 96897K->13929K(319488K), 0.0020250 secs] [Times: user=0.01 sys=0.00, real=0.00 secs] 
88.217: Total time for which application threads were stopped: 0.0046940 seconds, Stopping threads took: 0.0025890 seconds
88.292: Application time: 0.0746090 seconds
88.294: [GC [PSYoungGen: 90608K->6576K(97280K)] 97385K->13353K(319488K), 0.0019330 secs] [Times: user=0.01 sys=0.00, real=0.01 secs] 
88.296: Total time for which application threads were stopped: 0.0046460 seconds, Stopping threads took: 0.0026310 seconds
88.372: Application time: 0.0756230 seconds
88.375: [GC [PSYoungGen: 90032K->8224K(97280K)] 96809K->15001K(319488K), 0.0023550 secs] [Times: user=0.01 sys=0.00, real=0.01 secs] 
88.377: Total time for which application threads were stopped: 0.0051240 seconds, Stopping threads took: 0.0026810 seconds
88.454: Application time: 0.0769010 seconds
88.457: [GC [PSYoungGen: 91680K->8384K(97280K)] 98457K->15161K(319488K), 0.0023500 secs] [Times: user=0.01 sys=0.00, real=0.00 secs] 
88.459: Total time for which application threads were stopped: 0.0051360 seconds, Stopping threads took: 0.0027010 seconds
88.532: Application time: 0.0730130 seconds
88.535: [GC [PSYoungGen: 91840K->6848K(97280K)] 98617K->13633K(319488K), 0.0020620 secs] [Times: user=0.01 sys=0.00, real=0.01 secs] 
88.537: Total time for which application threads were stopped: 0.0045380 seconds, Stopping threads took: 0.0023950 seconds
88.612: Application time: 0.0754730 seconds
88.615: [GC [PSYoungGen: 90304K->8336K(97280K)] 97089K->15129K(319488K), 0.0024430 secs] [Times: user=0.01 sys=0.00, real=0.00 secs] 
88.618: Total time for which application threads were stopped: 0.0055720 seconds, Stopping threads took: 0.0030400 seconds
88.695: Application time: 0.0769420 seconds
88.696: [GC [PSYoungGen: 91792K->6192K(97280K)] 98585K->12993K(319488K), 0.0017830 secs] [Times: user=0.01 sys=0.00, real=0.00 secs] 
88.698: Total time for which application threads were stopped: 0.0035290 seconds, Stopping threads took: 0.0016710 seconds
88.775: Application time: 0.0766040 seconds
88.777: [GC [PSYoungGen: 89648K->6416K(97280K)] 96449K->13217K(319488K), 0.0018280 secs] [Times: user=0.01 sys=0.00, real=0.00 secs] 
88.779: Total time for which application threads were stopped: 0.0039460 seconds, Stopping threads took: 0.0020440 seconds
88.854: Application time: 0.0750500 seconds
88.856: [GC [PSYoungGen: 89872K->7520K(97280K)] 96673K->14321K(319488K), 0.0022040 secs] [Times: user=0.01 sys=0.00, real=0.00 secs] 
88.858: Total time for which application threads were stopped: 0.0044280 seconds, Stopping threads took: 0.0021430 seconds
88.931: Application time: 0.0722120 seconds
88.933: [GC [PSYoungGen: 90976K->7904K(97280K)] 97777K->14705K(319488K), 0.0022770 secs] [Times: user=0.02 sys=0.00, real=0.01 secs] 
88.936: Total time for which application threads were stopped: 0.0052110 seconds, Stopping threads took: 0.0028450 seconds
89.013: Application time: 0.0772630 seconds
89.015: [GC [PSYoungGen: 91360K->7056K(97280K)] 98161K->13865K(319488K), 0.0020850 secs] [Times: user=0.02 sys=0.00, real=0.01 secs] 
89.017: Total time for which application threads were stopped: 0.0038480 seconds, Stopping threads took: 0.0016820 seconds
89.093: Application time: 0.0761620 seconds
89.096: [GC [PSYoungGen: 90512K->5696K(97280K)] 97321K->12513K(319488K), 0.0016550 secs] [Times: user=0.01 sys=0.00, real=0.00 secs] 
89.097: Total time for which application threads were stopped: 0.0041870 seconds, Stopping threads took: 0.0024580 seconds
89.169: Application time: 0.0719480 seconds
89.171: [GC [PSYoungGen: 89152K->7056K(97280K)] 95969K->13881K(319488K), 0.0020940 secs] [Times: user=0.01 sys=0.00, real=0.00 secs] 
89.173: Total time for which application threads were stopped: 0.0042230 seconds, Stopping threads took: 0.0020490 seconds
89.250: Application time: 0.0763490 seconds
89.252: [GC [PSYoungGen: 90512K->7152K(97280K)] 97337K->13985K(319488K), 0.0021360 secs] [Times: user=0.01 sys=0.00, real=0.00 secs] 
89.254: Total time for which application threads were stopped: 0.0041290 seconds, Stopping threads took: 0.0019150 seconds
89.337: Application time: 0.0832180 seconds
89.340: [GC [PSYoungGen: 90608K->7488K(97280K)] 97441K->14321K(319488K), 0.0023910 secs] [Times: user=0.01 sys=0.00, real=0.00 secs] 
89.342: Total time for which application threads were stopped: 0.0052210 seconds, Stopping threads took: 0.0027440 seconds
89.422: Application time: 0.0801350 seconds
89.425: [GC [PSYoungGen: 90944K->7680K(97280K)] 97777K->14513K(319488K), 0.0024270 secs] [Times: user=0.01 sys=0.00, real=0.01 secs] 
89.427: Total time for which application threads were stopped: 0.0049250 seconds, Stopping threads took: 0.0024110 seconds
89.506: Application time: 0.0787990 seconds
89.508: [GC [PSYoungGen: 91136K->7152K(97280K)] 97969K->13993K(319488K), 0.0023100 secs] [Times: user=0.01 sys=0.01, real=0.00 secs] 
89.511: Total time for which application threads were stopped: 0.0045720 seconds, Stopping threads took: 0.0021490 seconds
89.592: Application time: 0.0816800 seconds
89.594: [GC [PSYoungGen: 90608K->7648K(97280K)] 97449K->14497K(319488K), 0.0025220 secs] [Times: user=0.02 sys=0.00, real=0.01 secs] 
89.596: Total time for which application threads were stopped: 0.0037420 seconds, Stopping threads took: 0.0011080 seconds
89.674: Application time: 0.0778830 seconds
89.677: [GC [PSYoungGen: 91104K->6672K(97280K)] 97953K->13537K(319488K), 0.0019330 secs] [Times: user=0.01 sys=0.00, real=0.00 secs] 
89.679: Total time for which application threads were stopped: 0.0052370 seconds, Stopping threads took: 0.0032240 seconds
89.757: Application time: 0.0779430 seconds
89.759: [GC [PSYoungGen: 90128K->7520K(97280K)] 96993K->14393K(319488K), 0.0022180 secs] [Times: user=0.01 sys=0.00, real=0.00 secs] 
89.762: Total time for which application threads were stopped: 0.0044590 seconds, Stopping threads took: 0.0021590 seconds
89.841: Application time: 0.0793280 seconds
89.844: [GC [PSYoungGen: 90976K->8112K(97280K)] 97849K->14985K(319488K), 0.0023310 secs] [Times: user=0.02 sys=0.00, real=0.00 secs] 
89.846: Total time for which application threads were stopped: 0.0049480 seconds, Stopping threads took: 0.0025370 seconds
89.927: Application time: 0.0813260 seconds
89.930: [GC [PSYoungGen: 91568K->6592K(97280K)] 98441K->13465K(319488K), 0.0019400 secs] [Times: user=0.01 sys=0.00, real=0.00 secs] 
89.932: Total time for which application threads were stopped: 0.0050340 seconds, Stopping threads took: 0.0030140 seconds
90.011: Application time: 0.0781620 seconds
90.013: [GC [PSYoungGen: 90048K->7904K(97280K)] 96921K->14785K(319488K), 0.0023330 secs] [Times: user=0.02 sys=0.00, real=0.01 secs] 
90.016: Total time for which application threads were stopped: 0.0051770 seconds, Stopping threads took: 0.0027470 seconds
90.094: Application time: 0.0780170 seconds
90.096: [GC [PSYoungGen: 91360K->6976K(97280K)] 98241K->13865K(319488K), 0.0021310 secs] [Times: user=0.01 sys=0.00, real=0.00 secs] 
90.098: Total time for which application threads were stopped: 0.0046600 seconds, Stopping threads took: 0.0024460 seconds
90.178: Application time: 0.0793990 seconds
90.180: [GC [PSYoungGen: 90432K->6592K(97280K)] 97321K->13489K(319488K), 0.0019160 secs] [Times: user=0.01 sys=0.00, real=0.00 secs] 
90.182: Total time for which application threads were stopped: 0.0045820 seconds, Stopping threads took: 0.0025880 seconds
90.264: Application time: 0.0820820 seconds
90.267: [GC [PSYoungGen: 90048K->5920K(97280K)] 96945K->12825K(319488K), 0.0017370 secs] [Times: user=0.01 sys=0.00, real=0.00 secs] 
90.269: Total time for which application threads were stopped: 0.0044590 seconds, Stopping threads took: 0.0026440 seconds
90.349: Application time: 0.0798560 seconds
90.352: [GC [PSYoungGen: 89376K->6592K(97280K)] 96281K->13497K(319488K), 0.0019480 secs] [Times: user=0.01 sys=0.00, real=0.00 secs] 
90.354: Total time for which application threads were stopped: 0.0049010 seconds, Stopping threads took: 0.0028720 seconds
90.433: Application time: 0.0795530 seconds
90.436: [GC [PSYoungGen: 90048K->8160K(97280K)] 96953K->15065K(319488K), 0.0024870 secs] [Times: user=0.01 sys=0.00, real=0.00 secs] 
90.438: Total time for which application threads were stopped: 0.0051670 seconds, Stopping threads took: 0.0025940 seconds
90.519: Application time: 0.0806980 seconds
90.523: [GC [PSYoungGen: 91616K->6544K(97280K)] 98521K->13449K(319488K), 0.0018810 secs] [Times: user=0.01 sys=0.00, real=0.00 secs] 
90.525: Total time for which application threads were stopped: 0.0057700 seconds, Stopping threads took: 0.0038060 seconds
90.603: Application time: 0.0783590 seconds
90.606: [GC [PSYoungGen: 90000K->8128K(97280K)] 96905K->15041K(319488K), 0.0023940 secs] [Times: user=0.01 sys=0.00, real=0.01 secs] 
90.608: Total time for which application threads were stopped: 0.0047880 seconds, Stopping threads took: 0.0023110 seconds
90.687: Application time: 0.0788860 seconds
90.688: [GC [PSYoungGen: 91584K->6688K(97280K)] 98497K->13609K(319488K), 0.0018990 secs] [Times: user=0.02 sys=0.00, real=0.00 secs] 
90.690: Total time for which application threads were stopped: 0.0034340 seconds, Stopping threads took: 0.0014530 seconds
90.771: Application time: 0.0804300 seconds
90.773: [GC [PSYoungGen: 90144K->6112K(97280K)] 97065K->13041K(319488K), 0.0017700 secs] [Times: user=0.01 sys=0.00, real=0.01 secs] 
90.775: Total time for which application threads were stopped: 0.0044510 seconds, Stopping threads took: 0.0025980 seconds
90.854: Application time: 0.0786830 seconds
90.857: [GC [PSYoungGen: 89568K->7680K(97280K)] 96497K->14609K(319488K), 0.0022070 secs] [Times: user=0.02 sys=0.00, real=0.00 secs] 
90.859: Total time for which application threads were stopped: 0.0048910 seconds, Stopping threads took: 0.0026050 seconds
90.937: Application time: 0.0781410 seconds
90.940: [GC [PSYoungGen: 91136K->6944K(97280K)] 98065K->13873K(319488K), 0.0021080 secs] [Times: user=0.02 sys=0.00, real=0.00 secs] 
90.942: Total time for which application threads were stopped: 0.0051010 seconds, Stopping threads took: 0.0029110 seconds
91.020: Application time: 0.0777420 seconds
91.022: [GC [PSYoungGen: 90400K->6864K(97280K)] 97329K->13793K(319488K), 0.0020560 secs] [Times: user=0.01 sys=0.00, real=0.00 secs] 
91.024: Total time for which application threads were stopped: 0.0042620 seconds, Stopping threads took: 0.0021250 seconds
91.103: Application time: 0.0785330 seconds
91.105: [GC [PSYoungGen: 90320K->7712K(97280K)] 97249K->14649K(319488K), 0.0022740 secs] [Times: user=0.02 sys=0.00, real=0.01 secs] 
91.108: Total time for which application threads were stopped: 0.0048990 seconds, Stopping threads took: 0.0025340 seconds
91.187: Application time: 0.0798220 seconds
91.190: [GC [PSYoungGen: 91168K->6848K(97280K)] 98105K->13793K(319488K), 0.0019820 secs] [Times: user=0.01 sys=0.00, real=0.00 secs] 
91.192: Total time for which application threads were stopped: 0.0043850 seconds, Stopping threads took: 0.0023230 seconds
91.271: Application time: 0.0797030 seconds
91.273: [GC [PSYoungGen: 90304K->6800K(97280K)] 97249K->13753K(319488K), 0.0020410 secs] [Times: user=0.02 sys=0.00, real=0.01 secs] 
91.275: Total time for which application threads were stopped: 0.0039530 seconds, Stopping threads took: 0.0018310 seconds
91.354: Application time: 0.0783540 seconds
91.357: [GC [PSYoungGen: 90256K->7184K(97280K)] 97209K->14137K(319488K), 0.0022060 secs] [Times: user=0.01 sys=0.00, real=0.00 secs] 
91.359: Total time for which application threads were stopped: 0.0051390 seconds, Stopping threads took: 0.0028410 seconds
91.439: Application time: 0.0800530 seconds
91.440: [GC [PSYoungGen: 90640K->5856K(97280K)] 97593K->12809K(319488K), 0.0017100 secs] [Times: user=0.01 sys=0.00, real=0.00 secs] 
91.442: Total time for which application threads were stopped: 0.0032200 seconds, Stopping threads took: 0.0014330 seconds
91.521: Application time: 0.0793290 seconds
91.524: [GC [PSYoungGen: 89312K->6304K(97280K)] 96265K->13257K(319488K), 0.0018530 secs] [Times: user=0.01 sys=0.00, real=0.00 secs] 
91.526: Total time for which application threads were stopped: 0.0041060 seconds, Stopping threads took: 0.0021690 seconds
91.606: Application time: 0.0807390 seconds
91.608: [GC [PSYoungGen: 89760K->7136K(97280K)] 96713K->14097K(319488K), 0.0021910 secs] [Times: user=0.01 sys=0.00, real=0.00 secs] 
91.610: Total time for which application threads were stopped: 0.0040940 seconds, Stopping threads took: 0.0018050 seconds
91.692: Application time: 0.0817650 seconds
91.695: [GC [PSYoungGen: 90592K->6560K(97280K)] 97553K->13529K(319488K), 0.0018780 secs] [Times: user=0.01 sys=0.00, real=0.01 secs] 
91.697: Total time for which application threads were stopped: 0.0044610 seconds, Stopping threads took: 0.0025000 seconds
91.777: Application time: 0.0803700 seconds
91.780: [GC [PSYoungGen: 90016K->7264K(97280K)] 96985K->14241K(319488K), 0.0021280 secs] [Times: user=0.02 sys=0.00, real=0.00 secs] 
91.782: Total time for which application threads were stopped: 0.0050910 seconds, Stopping threads took: 0.0028850 seconds
91.863: Application time: 0.0811490 seconds
91.865: [GC [PSYoungGen: 90720K->7376K(97280K)] 97697K->14353K(319488K), 0.0022330 secs] [Times: user=0.02 sys=0.00, real=0.01 secs] 
91.867: Total time for which application threads were stopped: 0.0038830 seconds, Stopping threads took: 0.0015640 seconds
91.949: Application time: 0.0817320 seconds
91.950: [GC [PSYoungGen: 90832K->6320K(97280K)] 97809K->13297K(319488K), 0.0018300 secs] [Times: user=0.02 sys=0.00, real=0.00 secs] 
91.952: Total time for which application threads were stopped: 0.0031920 seconds, Stopping threads took: 0.0012790 seconds
92.031: Application time: 0.0786000 seconds
92.033: [GC [PSYoungGen: 89776K->6528K(97280K)] 96753K->13505K(319488K), 0.0019570 secs] [Times: user=0.02 sys=0.00, real=0.00 secs] 
92.035: Total time for which application threads were stopped: 0.0041060 seconds, Stopping threads took: 0.0020590 seconds
92.119: Application time: 0.0845050 seconds
92.121: [GC [PSYoungGen: 89984K->4192K(97280K)] 96961K->11169K(319488K), 0.0011970 secs] [Times: user=0.01 sys=0.00, real=0.00 secs] 
92.122: Total time for which application threads were stopped: 0.0028340 seconds, Stopping threads took: 0.0015590 seconds
92.201: Application time: 0.0783720 seconds
92.202: [GC [PSYoungGen: 87648K->6784K(97280K)] 94625K->13769K(319488K), 0.0020760 secs] [Times: user=0.02 sys=0.00, real=0.00 secs] 
92.205: Total time for which application threads were stopped: 0.0040930 seconds, Stopping threads took: 0.0019290 seconds
92.287: Application time: 0.0819910 seconds
92.290: [GC [PSYoungGen: 90240K->7968K(97280K)] 97225K->14961K(319488K), 0.0023900 secs] [Times: user=0.02 sys=0.00, real=0.00 secs] 
92.292: Total time for which application threads were stopped: 0.0056610 seconds, Stopping threads took: 0.0031890 seconds
92.373: Application time: 0.0803130 seconds
92.374: [GC [PSYoungGen: 91424K->7584K(97280K)] 98417K->14585K(319488K), 0.0022070 secs] [Times: user=0.01 sys=0.00, real=0.01 secs] 
92.377: Total time for which application threads were stopped: 0.0041350 seconds, Stopping threads took: 0.0018480 seconds
92.455: Application time: 0.0787780 seconds
92.457: [GC [PSYoungGen: 91040K->7344K(97280K)] 98041K->14345K(319488K), 0.0021760 secs] [Times: user=0.02 sys=0.00, real=0.00 secs] 
92.460: Total time for which application threads were stopped: 0.0040400 seconds, Stopping threads took: 0.0017830 seconds
92.537: Application time: 0.0778700 seconds
92.540: [GC [PSYoungGen: 90800K->6960K(97280K)] 97801K->13961K(319488K), 0.0020880 secs] [Times: user=0.02 sys=0.00, real=0.00 secs] 
92.542: Total time for which application threads were stopped: 0.0046200 seconds, Stopping threads took: 0.0024480 seconds
92.622: Application time: 0.0797410 seconds
92.625: [GC [PSYoungGen: 90416K->6848K(97280K)] 97417K->13849K(319488K), 0.0020140 secs] [Times: user=0.02 sys=0.00, real=0.00 secs] 
92.627: Total time for which application threads were stopped: 0.0050280 seconds, Stopping threads took: 0.0029170 seconds
92.707: Application time: 0.0801590 seconds
92.709: [GC [PSYoungGen: 90304K->6720K(97280K)] 97305K->13729K(319488K), 0.0020350 secs] [Times: user=0.02 sys=0.00, real=0.00 secs] 
92.711: Total time for which application threads were stopped: 0.0040030 seconds, Stopping threads took: 0.0018850 seconds
92.791: Application time: 0.0796020 seconds
92.793: [GC [PSYoungGen: 90176K->6688K(97280K)] 97185K->13705K(319488K), 0.0020360 secs] [Times: user=0.01 sys=0.00, real=0.01 secs] 
92.795: Total time for which application threads were stopped: 0.0045060 seconds, Stopping threads took: 0.0023830 seconds
92.875: Application time: 0.0795780 seconds
92.877: [GC [PSYoungGen: 90144K->7776K(97280K)] 97161K->14801K(319488K), 0.0021490 secs] [Times: user=0.02 sys=0.00, real=0.00 secs] 
92.880: Total time for which application threads were stopped: 0.0050080 seconds, Stopping threads took: 0.0027780 seconds
92.958: Application time: 0.0786260 seconds
92.960: [GC [PSYoungGen: 91232K->6720K(97280K)] 98257K->13745K(319488K), 0.0020140 secs] [Times: user=0.01 sys=0.00, real=0.00 secs] 
92.962: Total time for which application threads were stopped: 0.0038490 seconds, Stopping threads took: 0.0017510 seconds
93.039: Application time: 0.0772750 seconds
93.042: [GC [PSYoungGen: 90176K->7504K(97280K)] 97201K->14529K(319488K), 0.0022150 secs] [Times: user=0.01 sys=0.00, real=0.00 secs] 
93.045: Total time for which application threads were stopped: 0.0050980 seconds, Stopping threads took: 0.0027990 seconds
93.125: Application time: 0.0804480 seconds
93.128: [GC [PSYoungGen: 90960K->6096K(97280K)] 97985K->13121K(319488K), 0.0018140 secs] [Times: user=0.01 sys=0.00, real=0.00 secs] 
93.130: Total time for which application threads were stopped: 0.0048920 seconds, Stopping threads took: 0.0029880 seconds
93.207: Application time: 0.0770320 seconds
93.209: [GC [PSYoungGen: 89552K->6672K(97280K)] 96577K->13705K(319488K), 0.0019300 secs] [Times: user=0.01 sys=0.00, real=0.00 secs] 
93.211: Total time for which application threads were stopped: 0.0041260 seconds, Stopping threads took: 0.0021160 seconds
93.284: Application time: 0.0733620 seconds
93.287: [GC [PSYoungGen: 90128K->6688K(97280K)] 97161K->13737K(319488K), 0.0019900 secs] [Times: user=0.02 sys=0.00, real=0.00 secs] 
93.289: Total time for which application threads were stopped: 0.0047880 seconds, Stopping threads took: 0.0027200 seconds
93.362: Application time: 0.0725440 seconds
93.363: [GC [PSYoungGen: 90144K->7008K(97280K)] 97193K->14065K(319488K), 0.0020470 secs] [Times: user=0.01 sys=0.00, real=0.00 secs] 
93.365: Total time for which application threads were stopped: 0.0036240 seconds, Stopping threads took: 0.0014970 seconds
93.439: Application time: 0.0738930 seconds
93.441: [GC [PSYoungGen: 90464K->7728K(97280K)] 97521K->14785K(319488K), 0.0022340 secs] [Times: user=0.01 sys=0.00, real=0.00 secs] 
93.443: Total time for which application threads were stopped: 0.0040670 seconds, Stopping threads took: 0.0017520 seconds
93.517: Application time: 0.0736370 seconds
93.519: [GC [PSYoungGen: 91184K->7200K(97280K)] 98241K->14257K(319488K), 0.0021140 secs] [Times: user=0.02 sys=0.00, real=0.00 secs] 
93.522: Total time for which application threads were stopped: 0.0045750 seconds, Stopping threads took: 0.0023850 seconds
93.599: Application time: 0.0775010 seconds
93.602: [GC [PSYoungGen: 90656K->7728K(97280K)] 97713K->14785K(319488K), 0.0021780 secs] [Times: user=0.01 sys=0.00, real=0.00 secs] 
93.604: Total time for which application threads were stopped: 0.0052320 seconds, Stopping threads took: 0.0029700 seconds
93.679: Application time: 0.0745350 seconds
93.681: [GC [PSYoungGen: 91184K->7264K(97280K)] 98241K->14329K(319488K), 0.0021050 secs] [Times: user=0.01 sys=0.00, real=0.00 secs] 
93.683: Total time for which application threads were stopped: 0.0046170 seconds, Stopping threads took: 0.0024160 seconds
93.762: Application time: 0.0788770 seconds
93.765: [GC [PSYoungGen: 90720K->7664K(97280K)] 97785K->14737K(319488K), 0.0022620 secs] [Times: user=0.02 sys=0.00, real=0.00 secs] 
93.767: Total time for which application threads were stopped: 0.0045080 seconds, Stopping threads took: 0.0021600 seconds
93.843: Application time: 0.0757020 seconds
93.844: [GC [PSYoungGen: 91120K->6304K(97280K)] 98193K->13385K(319488K), 0.0018620 secs] [Times: user=0.02 sys=0.00, real=0.00 secs] 
93.846: Total time for which application threads were stopped: 0.0035510 seconds, Stopping threads took: 0.0016150 seconds
93.920: Application time: 0.0742740 seconds
93.922: [GC [PSYoungGen: 89760K->6176K(97280K)] 96841K->13257K(319488K), 0.0018530 secs] [Times: user=0.02 sys=0.00, real=0.00 secs] 
93.924: Total time for which application threads were stopped: 0.0034590 seconds, Stopping threads took: 0.0015300 seconds
93.999: Application time: 0.0753210 seconds
94.001: [GC [PSYoungGen: 89632K->5728K(97280K)] 96713K->12809K(319488K), 0.0017390 secs] [Times: user=0.00 sys=0.00, real=0.00 secs] 
94.003: Total time for which application threads were stopped: 0.0040580 seconds, Stopping threads took: 0.0022470 seconds
94.080: Application time: 0.0771790 seconds
94.083: [GC [PSYoungGen: 89184K->7040K(97280K)] 96265K->14121K(319488K), 0.0020120 secs] [Times: user=0.01 sys=0.00, real=0.00 secs] 
94.085: Total time for which application threads were stopped: 0.0046300 seconds, Stopping threads took: 0.0025390 seconds
94.155: Application time: 0.0701810 seconds
94.157: [GC [PSYoungGen: 90496K->8160K(97280K)] 97577K->15249K(319488K), 0.0024810 secs] [Times: user=0.02 sys=0.00, real=0.00 secs] 
94.160: Total time for which application threads were stopped: 0.0043060 seconds, Stopping threads took: 0.0017450 seconds
94.234: Application time: 0.0742790 seconds
94.236: [GC [PSYoungGen: 91616K->6640K(97280K)] 98705K->13737K(319488K), 0.0019480 secs] [Times: user=0.01 sys=0.00, real=0.00 secs] 
94.238: Total time for which application threads were stopped: 0.0041990 seconds, Stopping threads took: 0.0021540 seconds
94.310: Application time: 0.0722530 seconds
94.312: [GC [PSYoungGen: 90096K->7072K(97280K)] 97193K->14177K(319488K), 0.0021250 secs] [Times: user=0.01 sys=0.00, real=0.00 secs] 
94.314: Total time for which application threads were stopped: 0.0040220 seconds, Stopping threads took: 0.0018120 seconds
94.391: Application time: 0.0766190 seconds
94.394: [GC [PSYoungGen: 90528K->7568K(97280K)] 97633K->14681K(319488K), 0.0020810 secs] [Times: user=0.02 sys=0.00, real=0.01 secs] 
94.396: Total time for which application threads were stopped: 0.0053400 seconds, Stopping threads took: 0.0031780 seconds
94.470: Application time: 0.0735490 seconds
94.472: [GC [PSYoungGen: 91024K->7824K(97280K)] 98137K->14937K(319488K), 0.0022590 secs] [Times: user=0.01 sys=0.00, real=0.00 secs] 
94.474: Total time for which application threads were stopped: 0.0041420 seconds, Stopping threads took: 0.0018010 seconds
94.549: Application time: 0.0753940 seconds
94.551: [GC [PSYoungGen: 91280K->5920K(97280K)] 98393K->13033K(319488K), 0.0018000 secs] [Times: user=0.01 sys=0.00, real=0.00 secs] 
94.553: Total time for which application threads were stopped: 0.0039860 seconds, Stopping threads took: 0.0021060 seconds
94.630: Application time: 0.0763030 seconds
94.631: [GC [PSYoungGen: 89376K->5600K(97280K)] 96489K->12713K(319488K), 0.0017690 secs] [Times: user=0.01 sys=0.00, real=0.00 secs] 
94.633: Total time for which application threads were stopped: 0.0034260 seconds, Stopping threads took: 0.0015800 seconds
94.708: Application time: 0.0747510 seconds
94.711: [GC [PSYoungGen: 89056K->7056K(97280K)] 96169K->14177K(319488K), 0.0020630 secs] [Times: user=0.01 sys=0.00, real=0.00 secs] 
94.713: Total time for which application threads were stopped: 0.0048440 seconds, Stopping threads took: 0.0026970 seconds
94.786: Application time: 0.0733920 seconds
94.788: [GC [PSYoungGen: 90512K->7600K(97280K)] 97633K->14729K(319488K), 0.0022540 secs] [Times: user=0.01 sys=0.00, real=0.00 secs] 
94.791: Total time for which application threads were stopped: 0.0046420 seconds, Stopping threads took: 0.0022950 seconds
94.864: Application time: 0.0729020 seconds
94.866: [GC [PSYoungGen: 91055K->8144K(97280K)] 98184K->15281K(319488K), 0.0024410 secs] [Times: user=0.01 sys=0.00, real=0.01 secs] 
94.868: Total time for which application threads were stopped: 0.0044940 seconds, Stopping threads took: 0.0019720 seconds
94.942: Application time: 0.0741470 seconds
94.944: [GC [PSYoungGen: 91600K->7072K(97280K)] 98737K->14209K(319488K), 0.0020540 secs] [Times: user=0.01 sys=0.00, real=0.00 secs] 
94.946: Total time for which application threads were stopped: 0.0040970 seconds, Stopping threads took: 0.0019630 seconds
95.019: Application time: 0.0731200 seconds
95.022: [GC [PSYoungGen: 90528K->8320K(97280K)] 97665K->15457K(319488K), 0.0025350 secs] [Times: user=0.02 sys=0.00, real=0.00 secs] 
95.024: Total time for which application threads were stopped: 0.0050340 seconds, Stopping threads took: 0.0024180 seconds
95.098: Application time: 0.0737630 seconds
95.101: [GC [PSYoungGen: 91776K->7584K(97280K)] 98913K->14721K(319488K), 0.0021460 secs] [Times: user=0.01 sys=0.00, real=0.00 secs] 
95.103: Total time for which application threads were stopped: 0.0048010 seconds, Stopping threads took: 0.0025780 seconds
95.178: Application time: 0.0749130 seconds
95.179: [GC [PSYoungGen: 91040K->6624K(97280K)] 98177K->13769K(319488K), 0.0018990 secs] [Times: user=0.01 sys=0.00, real=0.00 secs] 
95.181: Total time for which application threads were stopped: 0.0034060 seconds, Stopping threads took: 0.0014320 seconds
95.257: Application time: 0.0761080 seconds
95.260: [GC [PSYoungGen: 90080K->7008K(97280K)] 97225K->14161K(319488K), 0.0020300 secs] [Times: user=0.00 sys=0.00, real=0.00 secs] 
95.262: Total time for which application threads were stopped: 0.0041330 seconds, Stopping threads took: 0.0020310 seconds
95.339: Application time: 0.0776910 seconds
95.344: [GC [PSYoungGen: 90464K->7360K(97280K)] 97617K->14521K(319488K), 0.0023500 secs] [Times: user=0.02 sys=0.00, real=0.00 secs] 
95.346: Total time for which application threads were stopped: 0.0071670 seconds, Stopping threads took: 0.0047170 seconds
95.421: Application time: 0.0749510 seconds
95.424: [GC [PSYoungGen: 90816K->5920K(97280K)] 97977K->13081K(319488K), 0.0021390 secs] [Times: user=0.01 sys=0.00, real=0.00 secs] 
95.426: Total time for which application threads were stopped: 0.0044240 seconds, Stopping threads took: 0.0021880 seconds
95.500: Application time: 0.0742800 seconds
95.502: [GC [PSYoungGen: 89376K->7136K(97280K)] 96537K->14297K(319488K), 0.0021290 secs] [Times: user=0.01 sys=0.00, real=0.00 secs] 
95.504: Total time for which application threads were stopped: 0.0041370 seconds, Stopping threads took: 0.0019280 seconds
95.579: Application time: 0.0745450 seconds
95.582: [GC [PSYoungGen: 90592K->7600K(97280K)] 97753K->14761K(319488K), 0.0021300 secs] [Times: user=0.02 sys=0.00, real=0.00 secs] 
95.584: Total time for which application threads were stopped: 0.0050940 seconds, Stopping threads took: 0.0028840 seconds
95.660: Application time: 0.0764760 seconds
95.663: [GC [PSYoungGen: 91056K->7104K(97280K)] 98217K->14273K(319488K), 0.0020960 secs] [Times: user=0.01 sys=0.00, real=0.00 secs] 
95.666: Total time for which application threads were stopped: 0.0052120 seconds, Stopping threads took: 0.0030270 seconds
95.741: Application time: 0.0755830 seconds
95.743: [GC [PSYoungGen: 90560K->5104K(97280K)] 97729K->12281K(319488K), 0.0014530 secs] [Times: user=0.01 sys=0.00, real=0.00 secs] 
95.744: Total time for which application threads were stopped: 0.0031580 seconds, Stopping threads took: 0.0016260 seconds
95.821: Application time: 0.0764140 seconds
95.822: [GC [PSYoungGen: 88560K->7072K(97280K)] 95737K->14257K(319488K), 0.0020280 secs] [Times: user=0.01 sys=0.00, real=0.00 secs] 
95.824: Total time for which application threads were stopped: 0.0032730 seconds, Stopping threads took: 0.0011650 seconds
95.899: Application time: 0.0747800 seconds
95.900: [GC [PSYoungGen: 90528K->6384K(97280K)] 97713K->13569K(319488K), 0.0020520 secs] [Times: user=0.01 sys=0.00, real=0.00 secs] 
95.903: Total time for which application threads were stopped: 0.0036850 seconds, Stopping threads took: 0.0015460 seconds
95.976: Application time: 0.0731650 seconds
95.978: [GC [PSYoungGen: 89840K->7552K(97280K)] 97025K->14737K(319488K), 0.0021310 secs] [Times: user=0.01 sys=0.00, real=0.00 secs] 
95.980: Total time for which application threads were stopped: 0.0043050 seconds, Stopping threads took: 0.0020950 seconds
96.053: Application time: 0.0733650 seconds
96.056: [GC [PSYoungGen: 91008K->7360K(97280K)] 98193K->14545K(319488K), 0.0021610 secs] [Times: user=0.02 sys=0.00, real=0.00 secs] 
96.058: Total time for which application threads were stopped: 0.0044540 seconds, Stopping threads took: 0.0022180 seconds
96.133: Application time: 0.0755080 seconds
96.135: [GC [PSYoungGen: 90816K->7472K(97280K)] 98001K->14665K(319488K), 0.0022480 secs] [Times: user=0.02 sys=0.00, real=0.00 secs] 
96.138: Total time for which application threads were stopped: 0.0042950 seconds, Stopping threads took: 0.0019660 seconds
96.210: Application time: 0.0722670 seconds
96.212: [GC [PSYoungGen: 90928K->6848K(97280K)] 98121K->14049K(319488K), 0.0019990 secs] [Times: user=0.01 sys=0.00, real=0.00 secs] 
96.214: Total time for which application threads were stopped: 0.0041230 seconds, Stopping threads took: 0.0020480 seconds
96.287: Application time: 0.0732100 seconds
96.289: [GC [PSYoungGen: 90304K->6880K(97280K)] 97505K->14089K(319488K), 0.0020560 secs] [Times: user=0.01 sys=0.00, real=0.00 secs] 
96.291: Total time for which application threads were stopped: 0.0039330 seconds, Stopping threads took: 0.0017950 seconds
96.368: Application time: 0.0769510 seconds
96.370: [GC [PSYoungGen: 90336K->6208K(97280K)] 97545K->13417K(319488K), 0.0017920 secs] [Times: user=0.01 sys=0.00, real=0.00 secs] 
96.372: Total time for which application threads were stopped: 0.0041530 seconds, Stopping threads took: 0.0022860 seconds
96.447: Application time: 0.0748820 seconds
96.450: [GC [PSYoungGen: 89664K->7872K(97280K)] 96873K->15081K(319488K), 0.0022030 secs] [Times: user=0.01 sys=0.00, real=0.00 secs] 
96.452: Total time for which application threads were stopped: 0.0050140 seconds, Stopping threads took: 0.0027230 seconds
96.526: Application time: 0.0736550 seconds
96.528: [GC [PSYoungGen: 91328K->7264K(97280K)] 98537K->14473K(319488K), 0.0021190 secs] [Times: user=0.02 sys=0.00, real=0.00 secs] 
96.531: Total time for which application threads were stopped: 0.0048210 seconds, Stopping threads took: 0.0026210 seconds
96.605: Application time: 0.0747050 seconds
96.608: [GC [PSYoungGen: 90720K->7072K(97280K)] 97929K->14289K(319488K), 0.0020830 secs] [Times: user=0.01 sys=0.00, real=0.00 secs] 
96.610: Total time for which application threads were stopped: 0.0045760 seconds, Stopping threads took: 0.0024110 seconds
96.684: Application time: 0.0738130 seconds
96.687: [GC [PSYoungGen: 90528K->7040K(97280K)] 97745K->14265K(319488K), 0.0021550 secs] [Times: user=0.01 sys=0.00, real=0.00 secs] 
96.689: Total time for which application threads were stopped: 0.0054830 seconds, Stopping threads took: 0.0032400 seconds
96.760: Application time: 0.0711520 seconds
96.762: [GC [PSYoungGen: 90496K->8352K(97280K)] 97721K->15593K(319488K), 0.0024670 secs] [Times: user=0.02 sys=0.00, real=0.00 secs] 
96.765: Total time for which application threads were stopped: 0.0043320 seconds, Stopping threads took: 0.0017810 seconds
96.840: Application time: 0.0753510 seconds
96.842: [GC [PSYoungGen: 91808K->7008K(97280K)] 99049K->14257K(319488K), 0.0020670 secs] [Times: user=0.01 sys=0.00, real=0.00 secs] 
96.844: Total time for which application threads were stopped: 0.0042430 seconds, Stopping threads took: 0.0020970 seconds
96.921: Application time: 0.0769260 seconds
96.923: [GC [PSYoungGen: 90464K->5552K(97280K)] 97713K->12801K(319488K), 0.0016280 secs] [Times: user=0.01 sys=0.00, real=0.00 secs] 
96.925: Total time for which application threads were stopped: 0.0037370 seconds, Stopping threads took: 0.0020300 seconds
96.998: Application time: 0.0732410 seconds
97.001: [GC [PSYoungGen: 89008K->7872K(97280K)] 96257K->15121K(319488K), 0.0023540 secs] [Times: user=0.02 sys=0.00, real=0.00 secs] 
97.004: Total time for which application threads were stopped: 0.0053980 seconds, Stopping threads took: 0.0029540 seconds
97.078: Application time: 0.0744560 seconds
97.080: [GC [PSYoungGen: 91328K->7136K(97280K)] 98577K->14385K(319488K), 0.0020150 secs] [Times: user=0.01 sys=0.00, real=0.00 secs] 
97.082: Total time for which application threads were stopped: 0.0042900 seconds, Stopping threads took: 0.0021980 seconds
97.157: Application time: 0.0741660 seconds
97.158: [GC [PSYoungGen: 90592K->6720K(97280K)] 97841K->13977K(319488K), 0.0019060 secs] [Times: user=0.02 sys=0.00, real=0.00 secs] 
97.160: Total time for which application threads were stopped: 0.0035400 seconds, Stopping threads took: 0.0015560 seconds
97.236: Application time: 0.0761950 seconds
97.239: [GC [PSYoungGen: 90176K->7248K(97280K)] 97433K->14513K(319488K), 0.0020410 secs] [Times: user=0.01 sys=0.00, real=0.00 secs] 
97.241: Total time for which application threads were stopped: 0.0044300 seconds, Stopping threads took: 0.0023090 seconds
97.321: Application time: 0.0803680 seconds
97.323: [GC [PSYoungGen: 90704K->7728K(97280K)] 97969K->15001K(319488K), 0.0022640 secs] [Times: user=0.02 sys=0.00, real=0.00 secs] 
97.325: Total time for which application threads were stopped: 0.0041540 seconds, Stopping threads took: 0.0018040 seconds
97.404: Application time: 0.0787050 seconds
97.407: [GC [PSYoungGen: 91184K->7088K(97280K)] 98457K->14361K(319488K), 0.0020290 secs] [Times: user=0.02 sys=0.00, real=0.01 secs] 
97.409: Total time for which application threads were stopped: 0.0048890 seconds, Stopping threads took: 0.0027740 seconds
97.488: Application time: 0.0790500 seconds
97.489: [GC [PSYoungGen: 90544K->6672K(97280K)] 97817K->13945K(319488K), 0.0019090 secs] [Times: user=0.01 sys=0.00, real=0.00 secs] 
97.491: Total time for which application threads were stopped: 0.0033070 seconds, Stopping threads took: 0.0013120 seconds
97.571: Application time: 0.0797010 seconds
97.573: [GC [PSYoungGen: 90128K->6096K(97280K)] 97401K->13369K(319488K), 0.0018690 secs] [Times: user=0.01 sys=0.00, real=0.00 secs] 
97.575: Total time for which application threads were stopped: 0.0038040 seconds, Stopping threads took: 0.0018430 seconds
97.659: Application time: 0.0838880 seconds
97.661: [GC [PSYoungGen: 89552K->6448K(97280K)] 96825K->13737K(319488K), 0.0018980 secs] [Times: user=0.01 sys=0.00, real=0.00 secs] 
97.663: Total time for which application threads were stopped: 0.0041470 seconds, Stopping threads took: 0.0021680 seconds
97.744: Application time: 0.0817260 seconds
97.746: [GC [PSYoungGen: 89904K->4960K(97280K)] 97193K->12257K(319488K), 0.0015240 secs] [Times: user=0.01 sys=0.00, real=0.01 secs] 
97.748: Total time for which application threads were stopped: 0.0031480 seconds, Stopping threads took: 0.0015500 seconds
97.827: Application time: 0.0793120 seconds
97.829: [GC [PSYoungGen: 88416K->5808K(97280K)] 95713K->13113K(319488K), 0.0017840 secs] [Times: user=0.01 sys=0.00, real=0.00 secs] 
97.831: Total time for which application threads were stopped: 0.0043720 seconds, Stopping threads took: 0.0025090 seconds
97.912: Application time: 0.0807330 seconds
97.914: [GC [PSYoungGen: 89264K->7232K(97280K)] 96569K->14537K(319488K), 0.0021620 secs] [Times: user=0.01 sys=0.00, real=0.01 secs] 
97.916: Total time for which application threads were stopped: 0.0039980 seconds, Stopping threads took: 0.0017550 seconds
97.996: Application time: 0.0802320 seconds
97.999: [GC [PSYoungGen: 90688K->7776K(97280K)] 97993K->15081K(319488K), 0.0022830 secs] [Times: user=0.02 sys=0.00, real=0.00 secs] 
98.001: Total time for which application threads were stopped: 0.0047860 seconds, Stopping threads took: 0.0024200 seconds
98.080: Application time: 0.0784700 seconds
98.082: [GC [PSYoungGen: 91232K->6400K(97280K)] 98537K->13705K(319488K), 0.0019090 secs] [Times: user=0.02 sys=0.00, real=0.00 secs] 
98.084: Total time for which application threads were stopped: 0.0041990 seconds, Stopping threads took: 0.0021940 seconds
98.162: Application time: 0.0781110 seconds
98.164: [GC [PSYoungGen: 89856K->7184K(97280K)] 97161K->14497K(319488K), 0.0021390 secs] [Times: user=0.01 sys=0.00, real=0.00 secs] 
98.166: Total time for which application threads were stopped: 0.0042090 seconds, Stopping threads took: 0.0019930 seconds
98.247: Application time: 0.0806970 seconds
98.249: [GC [PSYoungGen: 90640K->7840K(97280K)] 97953K->15177K(319488K), 0.0022360 secs] [Times: user=0.01 sys=0.00, real=0.00 secs] 
98.252: Total time for which application threads were stopped: 0.0048910 seconds, Stopping threads took: 0.0025720 seconds
98.332: Application time: 0.0798340 seconds
98.334: [GC [PSYoungGen: 91296K->7344K(97280K)] 98633K->14689K(319488K), 0.0021410 secs] [Times: user=0.01 sys=0.00, real=0.01 secs] 
98.336: Total time for which application threads were stopped: 0.0049230 seconds, Stopping threads took: 0.0026990 seconds
98.414: Application time: 0.0780040 seconds
98.418: [GC [PSYoungGen: 90800K->7728K(97280K)] 98145K->15073K(319488K), 0.0022550 secs] [Times: user=0.02 sys=0.00, real=0.00 secs] 
98.420: Total time for which application threads were stopped: 0.0055630 seconds, Stopping threads took: 0.0032250 seconds
98.498: Application time: 0.0776190 seconds
98.500: [GC [PSYoungGen: 91184K->7104K(97280K)] 98529K->14449K(319488K), 0.0021450 secs] [Times: user=0.02 sys=0.00, real=0.00 secs] 
98.503: Total time for which application threads were stopped: 0.0048880 seconds, Stopping threads took: 0.0026630 seconds
98.584: Application time: 0.0813950 seconds
98.587: [GC [PSYoungGen: 90560K->7072K(97280K)] 97905K->14417K(319488K), 0.0020940 secs] [Times: user=0.01 sys=0.00, real=0.01 secs] 
98.589: Total time for which application threads were stopped: 0.0050160 seconds, Stopping threads took: 0.0028320 seconds
98.670: Application time: 0.0814290 seconds
98.673: [GC [PSYoungGen: 90528K->6480K(97280K)] 97873K->13841K(319488K), 0.0018700 secs] [Times: user=0.01 sys=0.00, real=0.01 secs] 
98.675: Total time for which application threads were stopped: 0.0049910 seconds, Stopping threads took: 0.0030400 seconds
98.758: Application time: 0.0830660 seconds
98.761: [GC [PSYoungGen: 89936K->7952K(97280K)] 97297K->15321K(319488K), 0.0023760 secs] [Times: user=0.01 sys=0.00, real=0.00 secs] 
98.764: Total time for which application threads were stopped: 0.0051190 seconds, Stopping threads took: 0.0026560 seconds
98.843: Application time: 0.0794250 seconds
98.845: [GC [PSYoungGen: 91408K->7120K(97280K)] 98777K->14497K(319488K), 0.0020340 secs] [Times: user=0.02 sys=0.00, real=0.01 secs] 
98.847: Total time for which application threads were stopped: 0.0041970 seconds, Stopping threads took: 0.0020810 seconds
98.927: Application time: 0.0795470 seconds
98.929: [GC [PSYoungGen: 90576K->6400K(97280K)] 97953K->13785K(319488K), 0.0019640 secs] [Times: user=0.02 sys=0.00, real=0.00 secs] 
98.931: Total time for which application threads were stopped: 0.0044380 seconds, Stopping threads took: 0.0023920 seconds
99.012: Application time: 0.0809320 seconds
99.014: [GC [PSYoungGen: 89856K->6736K(97280K)] 97241K->14121K(319488K), 0.0020420 secs] [Times: user=0.02 sys=0.00, real=0.01 secs] 
99.016: Total time for which application threads were stopped: 0.0042080 seconds, Stopping threads took: 0.0020820 seconds
99.095: Application time: 0.0789570 seconds
99.098: [GC [PSYoungGen: 90192K->6960K(97280K)] 97577K->14345K(319488K), 0.0020290 secs] [Times: user=0.01 sys=0.00, real=0.00 secs] 
99.100: Total time for which application threads were stopped: 0.0050500 seconds, Stopping threads took: 0.0029300 seconds
99.179: Application time: 0.0787320 seconds
99.182: [GC [PSYoungGen: 90416K->7600K(97280K)] 97801K->14993K(319488K), 0.0022810 secs] [Times: user=0.02 sys=0.00, real=0.00 secs] 
99.184: Total time for which application threads were stopped: 0.0051660 seconds, Stopping threads took: 0.0028020 seconds
99.267: Application time: 0.0824390 seconds
99.267: [GC [PSYoungGen: 91056K->5280K(97280K)] 98449K->12681K(319488K), 0.0016260 secs] [Times: user=0.01 sys=0.00, real=0.00 secs] 
99.269: Total time for which application threads were stopped: 0.0019390 seconds, Stopping threads took: 0.0002360 seconds
99.350: Application time: 0.0819130 seconds
99.354: [GC [PSYoungGen: 88736K->7088K(97280K)] 96137K->14497K(319488K), 0.0020340 secs] [Times: user=0.01 sys=0.00, real=0.01 secs] 
99.356: Total time for which application threads were stopped: 0.0052850 seconds, Stopping threads took: 0.0031730 seconds
99.439: Application time: 0.0827320 seconds
99.441: [GC [PSYoungGen: 90544K->7824K(97280K)] 97953K->15241K(319488K), 0.0022500 secs] [Times: user=0.01 sys=0.00, real=0.00 secs] 
99.443: Total time for which application threads were stopped: 0.0043100 seconds, Stopping threads took: 0.0019800 seconds
99.522: Application time: 0.0792810 seconds
99.524: [GC [PSYoungGen: 91280K->7472K(97280K)] 98697K->14889K(319488K), 0.0022330 secs] [Times: user=0.02 sys=0.00, real=0.00 secs] 
99.527: Total time for which application threads were stopped: 0.0043750 seconds, Stopping threads took: 0.0020600 seconds
99.605: Application time: 0.0789760 seconds
99.608: [GC [PSYoungGen: 90928K->7648K(97280K)] 98345K->15065K(319488K), 0.0022970 secs] [Times: user=0.01 sys=0.00, real=0.00 secs] 
99.611: Total time for which application threads were stopped: 0.0051760 seconds, Stopping threads took: 0.0027840 seconds
99.691: Application time: 0.0800780 seconds
99.694: [GC [PSYoungGen: 91104K->8208K(97280K)] 98521K->15625K(319488K), 0.0023410 secs] [Times: user=0.02 sys=0.00, real=0.01 secs] 
99.696: Total time for which application threads were stopped: 0.0055780 seconds, Stopping threads took: 0.0031500 seconds
99.777: Application time: 0.0802770 seconds
99.778: [GC [PSYoungGen: 91664K->5744K(97280K)] 99081K->13169K(319488K), 0.0017570 secs] [Times: user=0.01 sys=0.00, real=0.00 secs] 
99.780: Total time for which application threads were stopped: 0.0029180 seconds, Stopping threads took: 0.0010820 seconds
99.859: Application time: 0.0794900 seconds
99.862: [GC [PSYoungGen: 89200K->7264K(97280K)] 96625K->14697K(319488K), 0.0020770 secs] [Times: user=0.01 sys=0.00, real=0.00 secs] 
99.864: Total time for which application threads were stopped: 0.0049840 seconds, Stopping threads took: 0.0028270 seconds
99.944: Application time: 0.0798730 seconds
99.946: [GC [PSYoungGen: 90720K->7024K(97280K)] 98153K->14465K(319488K), 0.0020180 secs] [Times: user=0.02 sys=0.00, real=0.01 secs] 
99.948: Total time for which application threads were stopped: 0.0037170 seconds, Stopping threads took: 0.0016220 seconds
100.026: Application time: 0.0788560 seconds
100.030: [GC [PSYoungGen: 90480K->7760K(97280K)] 97921K->15201K(319488K), 0.0022000 secs] [Times: user=0.02 sys=0.00, real=0.00 secs] 
100.032: Total time for which application threads were stopped: 0.0053590 seconds, Stopping threads took: 0.0030770 seconds
100.111: Application time: 0.0796340 seconds
100.114: [GC [PSYoungGen: 91216K->6336K(97280K)] 98657K->13777K(319488K), 0.0018280 secs] [Times: user=0.01 sys=0.00, real=0.01 secs] 
100.116: Total time for which application threads were stopped: 0.0042990 seconds, Stopping threads took: 0.0023800 seconds
100.192: Application time: 0.0765170 seconds
100.194: [GC [PSYoungGen: 89792K->7424K(97280K)] 97233K->14865K(319488K), 0.0021730 secs] [Times: user=0.01 sys=0.00, real=0.01 secs] 
100.197: Total time for which application threads were stopped: 0.0042420 seconds, Stopping threads took: 0.0019850 seconds
100.276: Application time: 0.0795330 seconds
100.279: [GC [PSYoungGen: 90880K->7744K(97280K)] 98321K->15193K(319488K), 0.0022570 secs] [Times: user=0.02 sys=0.00, real=0.00 secs] 
100.281: Total time for which application threads were stopped: 0.0051280 seconds, Stopping threads took: 0.0027800 seconds
100.362: Application time: 0.0806710 seconds
100.365: [GC [PSYoungGen: 91200K->6240K(97280K)] 98649K->13697K(319488K), 0.0019080 secs] [Times: user=0.01 sys=0.00, real=0.00 secs] 
100.367: Total time for which application threads were stopped: 0.0048440 seconds, Stopping threads took: 0.0028550 seconds
100.444: Application time: 0.0774210 seconds
100.446: [GC [PSYoungGen: 89696K->7744K(97280K)] 97153K->15209K(319488K), 0.0023750 secs] [Times: user=0.02 sys=0.00, real=0.01 secs] 
100.449: Total time for which application threads were stopped: 0.0045560 seconds, Stopping threads took: 0.0020990 seconds
100.527: Application time: 0.0785150 seconds
100.530: [GC [PSYoungGen: 91200K->6896K(97280K)] 98665K->14361K(319488K), 0.0020370 secs] [Times: user=0.01 sys=0.00, real=0.00 secs] 
100.532: Total time for which application threads were stopped: 0.0048160 seconds, Stopping threads took: 0.0027010 seconds
100.611: Application time: 0.0791570 seconds
100.614: [GC [PSYoungGen: 90352K->7904K(97280K)] 97817K->15369K(319488K), 0.0024770 secs] [Times: user=0.02 sys=0.00, real=0.01 secs] 
100.616: Total time for which application threads were stopped: 0.0048630 seconds, Stopping threads took: 0.0023030 seconds
100.694: Application time: 0.0779150 seconds
100.696: [GC [PSYoungGen: 91360K->6768K(97280K)] 98825K->14233K(319488K), 0.0020050 secs] [Times: user=0.02 sys=0.00, real=0.00 secs] 
100.698: Total time for which application threads were stopped: 0.0036390 seconds, Stopping threads took: 0.0015430 seconds
100.778: Application time: 0.0805440 seconds
100.780: [GC [PSYoungGen: 90224K->6512K(97280K)] 97689K->13985K(319488K), 0.0019900 secs] [Times: user=0.01 sys=0.00, real=0.00 secs] 
100.782: Total time for which application threads were stopped: 0.0041240 seconds, Stopping threads took: 0.0020260 seconds
100.862: Application time: 0.0799790 seconds
100.864: [GC [PSYoungGen: 89968K->5328K(97280K)] 97441K->12809K(319488K), 0.0016940 secs] [Times: user=0.00 sys=0.00, real=0.00 secs] 
100.866: Total time for which application threads were stopped: 0.0035250 seconds, Stopping threads took: 0.0017560 seconds
100.949: Application time: 0.0836810 seconds
100.952: [GC [PSYoungGen: 88784K->6944K(97280K)] 96265K->14433K(319488K), 0.0019730 secs] [Times: user=0.01 sys=0.00, real=0.00 secs] 
100.955: Total time for which application threads were stopped: 0.0050500 seconds, Stopping threads took: 0.0029980 seconds
101.032: Application time: 0.0778060 seconds
101.035: [GC [PSYoungGen: 90400K->7520K(97280K)] 97889K->15017K(319488K), 0.0022420 secs] [Times: user=0.01 sys=0.01, real=0.01 secs] 
101.037: Total time for which application threads were stopped: 0.0047000 seconds, Stopping threads took: 0.0023730 seconds
101.115: Application time: 0.0784230 seconds
101.117: [GC [PSYoungGen: 90976K->6752K(97280K)] 98473K->14249K(319488K), 0.0021150 secs] [Times: user=0.02 sys=0.00, real=0.00 secs] 
101.119: Total time for which application threads were stopped: 0.0040560 seconds, Stopping threads took: 0.0018560 seconds
101.198: Application time: 0.0783060 seconds
101.200: [GC [PSYoungGen: 90208K->5808K(97280K)] 97705K->13305K(319488K), 0.0016190 secs] [Times: user=0.01 sys=0.00, real=0.00 secs] 
101.202: Total time for which application threads were stopped: 0.0040160 seconds, Stopping threads took: 0.0023150 seconds
101.276: Application time: 0.0741560 seconds
101.278: [GC [PSYoungGen: 89264K->6624K(97280K)] 96761K->14129K(319488K), 0.0020440 secs] [Times: user=0.02 sys=0.00, real=0.00 secs] 
101.280: Total time for which application threads were stopped: 0.0039720 seconds, Stopping threads took: 0.0018490 seconds
101.357: Application time: 0.0766840 seconds
101.359: [GC [PSYoungGen: 90080K->7360K(97280K)] 97585K->14873K(319488K), 0.0020430 secs] [Times: user=0.01 sys=0.00, real=0.00 secs] 
101.361: Total time for which application threads were stopped: 0.0046620 seconds, Stopping threads took: 0.0025360 seconds
101.438: Application time: 0.0771640 seconds
101.441: [GC [PSYoungGen: 90816K->7600K(97280K)] 98329K->15121K(319488K), 0.0021880 secs] [Times: user=0.01 sys=0.00, real=0.00 secs] 
101.444: Total time for which application threads were stopped: 0.0052130 seconds, Stopping threads took: 0.0029450 seconds
101.517: Application time: 0.0730600 seconds
101.520: [GC [PSYoungGen: 91056K->8272K(97280K)] 98577K->15801K(319488K), 0.0022940 secs] [Times: user=0.02 sys=0.00, real=0.00 secs] 
101.522: Total time for which application threads were stopped: 0.0053190 seconds, Stopping threads took: 0.0029460 seconds
101.598: Application time: 0.0761010 seconds
101.600: [GC [PSYoungGen: 91728K->7792K(97280K)] 99257K->15321K(319488K), 0.0021680 secs] [Times: user=0.02 sys=0.00, real=0.00 secs] 
101.603: Total time for which application threads were stopped: 0.0044580 seconds, Stopping threads took: 0.0022140 seconds
101.677: Application time: 0.0742660 seconds
101.679: [GC [PSYoungGen: 91248K->6752K(97280K)] 98777K->14281K(319488K), 0.0019990 secs] [Times: user=0.01 sys=0.00, real=0.00 secs] 
101.681: Total time for which application threads were stopped: 0.0040470 seconds, Stopping threads took: 0.0019710 seconds
101.758: Application time: 0.0768880 seconds
101.759: [GC [PSYoungGen: 90208K->6864K(97280K)] 97737K->14393K(319488K), 0.0019470 secs] [Times: user=0.01 sys=0.00, real=0.00 secs] 
101.761: Total time for which application threads were stopped: 0.0035180 seconds, Stopping threads took: 0.0014900 seconds
101.836: Application time: 0.0743100 seconds
101.838: [GC [PSYoungGen: 90320K->7168K(97280K)] 97849K->14705K(319488K), 0.0020670 secs] [Times: user=0.01 sys=0.00, real=0.00 secs] 
101.840: Total time for which application threads were stopped: 0.0044720 seconds, Stopping threads took: 0.0023210 seconds
101.915: Application time: 0.0752550 seconds
101.918: [GC [PSYoungGen: 90624K->6928K(97280K)] 98161K->14473K(319488K), 0.0019830 secs] [Times: user=0.02 sys=0.00, real=0.00 secs] 
101.920: Total time for which application threads were stopped: 0.0042520 seconds, Stopping threads took: 0.0021890 seconds
101.994: Application time: 0.0740620 seconds
101.996: [GC [PSYoungGen: 90384K->7264K(97280K)] 97929K->14817K(319488K), 0.0020710 secs] [Times: user=0.01 sys=0.00, real=0.00 secs] 
101.998: Total time for which application threads were stopped: 0.0040770 seconds, Stopping threads took: 0.0019130 seconds
102.074: Application time: 0.0759430 seconds
102.076: [GC [PSYoungGen: 90720K->7600K(97280K)] 98273K->15153K(319488K), 0.0022260 secs] [Times: user=0.01 sys=0.00, real=0.00 secs] 
102.078: Total time for which application threads were stopped: 0.0044430 seconds, Stopping threads took: 0.0021400 seconds
102.151: Application time: 0.0725300 seconds
102.153: [GC [PSYoungGen: 91056K->7200K(97280K)] 98609K->14753K(319488K), 0.0019650 secs] [Times: user=0.01 sys=0.00, real=0.00 secs] 
102.155: Total time for which application threads were stopped: 0.0040170 seconds, Stopping threads took: 0.0019780 seconds
102.228: Application time: 0.0735100 seconds
102.230: [GC [PSYoungGen: 90656K->7536K(97280K)] 98209K->15089K(319488K), 0.0022070 secs] [Times: user=0.01 sys=0.00, real=0.00 secs] 
102.232: Total time for which application threads were stopped: 0.0041080 seconds, Stopping threads took: 0.0018190 seconds
102.306: Application time: 0.0735840 seconds
102.308: [GC [PSYoungGen: 90992K->6864K(97280K)] 98545K->14425K(319488K), 0.0019710 secs] [Times: user=0.01 sys=0.00, real=0.00 secs] 
102.310: Total time for which application threads were stopped: 0.0038550 seconds, Stopping threads took: 0.0018000 seconds
102.384: Application time: 0.0744530 seconds
102.387: [GC [PSYoungGen: 90320K->7792K(97280K)] 97881K->15361K(319488K), 0.0022750 secs] [Times: user=0.02 sys=0.00, real=0.00 secs] 
102.389: Total time for which application threads were stopped: 0.0050640 seconds, Stopping threads took: 0.0027010 seconds
102.464: Application time: 0.0742880 seconds
102.466: [GC [PSYoungGen: 91248K->5920K(97280K)] 98817K->13497K(319488K), 0.0017970 secs] [Times: user=0.01 sys=0.00, real=0.01 secs] 
102.467: Total time for which application threads were stopped: 0.0037910 seconds, Stopping threads took: 0.0019140 seconds
102.540: Application time: 0.0729730 seconds
102.543: [GC [PSYoungGen: 89376K->8368K(97280K)] 96953K->15945K(319488K), 0.0025030 secs] [Times: user=0.02 sys=0.00, real=0.00 secs] 
102.545: Total time for which application threads were stopped: 0.0048540 seconds, Stopping threads took: 0.0022690 seconds
102.619: Application time: 0.0733670 seconds
102.621: [GC [PSYoungGen: 91824K->8320K(97280K)] 99401K->15897K(319488K), 0.0024240 secs] [Times: user=0.01 sys=0.00, real=0.00 secs] 
102.624: Total time for which application threads were stopped: 0.0053670 seconds, Stopping threads took: 0.0028590 seconds
102.696: Application time: 0.0718730 seconds
102.698: [GC [PSYoungGen: 91776K->7440K(97280K)] 99353K->15017K(319488K), 0.0022060 secs] [Times: user=0.01 sys=0.00, real=0.00 secs] 
102.700: Total time for which application threads were stopped: 0.0044690 seconds, Stopping threads took: 0.0021810 seconds
102.776: Application time: 0.0755020 seconds
102.777: [GC [PSYoungGen: 90896K->5568K(97280K)] 98473K->13153K(319488K), 0.0016500 secs] [Times: user=0.01 sys=0.00, real=0.00 secs] 
102.778: Total time for which application threads were stopped: 0.0026650 seconds, Stopping threads took: 0.0009380 seconds
102.852: Application time: 0.0732890 seconds
102.854: [GC [PSYoungGen: 89024K->8064K(97280K)] 96609K->15657K(319488K), 0.0023930 secs] [Times: user=0.02 sys=0.00, real=0.01 secs] 
102.857: Total time for which application threads were stopped: 0.0048230 seconds, Stopping threads took: 0.0023380 seconds
102.932: Application time: 0.0750040 seconds
102.934: [GC [PSYoungGen: 91520K->6256K(97280K)] 99113K->13849K(319488K), 0.0018140 secs] [Times: user=0.02 sys=0.00, real=0.01 secs] 
102.936: Total time for which application threads were stopped: 0.0047110 seconds, Stopping threads took: 0.0028270 seconds
103.013: Application time: 0.0763180 seconds
103.014: [GC [PSYoungGen: 89712K->7440K(97280K)] 97305K->15041K(319488K), 0.0022510 secs] [Times: user=0.02 sys=0.00, real=0.01 secs] 
103.016: Total time for which application threads were stopped: 0.0038260 seconds, Stopping threads took: 0.0014920 seconds
103.093: Application time: 0.0762420 seconds
103.095: [GC [PSYoungGen: 90896K->7584K(97280K)] 98497K->15185K(319488K), 0.0021370 secs] [Times: user=0.01 sys=0.00, real=0.00 secs] 
103.097: Total time for which application threads were stopped: 0.0045230 seconds, Stopping threads took: 0.0023060 seconds
103.171: Application time: 0.0742380 seconds
103.174: [GC [PSYoungGen: 91040K->6752K(97280K)] 98641K->14353K(319488K), 0.0019780 secs] [Times: user=0.02 sys=0.00, real=0.01 secs] 
103.176: Total time for which application threads were stopped: 0.0043540 seconds, Stopping threads took: 0.0022960 seconds
103.248: Application time: 0.0723810 seconds
103.250: [GC [PSYoungGen: 90208K->7040K(97280K)] 97809K->14649K(319488K), 0.0019810 secs] [Times: user=0.01 sys=0.00, real=0.00 secs] 
103.252: Total time for which application threads were stopped: 0.0037330 seconds, Stopping threads took: 0.0016750 seconds
103.328: Application time: 0.0763940 seconds
103.330: [GC [PSYoungGen: 90496K->6256K(97280K)] 98105K->13873K(319488K), 0.0018590 secs] [Times: user=0.02 sys=0.00, real=0.00 secs] 
103.332: Total time for which application threads were stopped: 0.0039750 seconds, Stopping threads took: 0.0020380 seconds
103.407: Application time: 0.0747590 seconds
103.408: [GC [PSYoungGen: 89712K->5232K(97280K)] 97329K->12857K(319488K), 0.0016120 secs] [Times: user=0.00 sys=0.00, real=0.00 secs] 
103.410: Total time for which application threads were stopped: 0.0028120 seconds, Stopping threads took: 0.0011170 seconds
103.485: Application time: 0.0749810 seconds
103.487: [GC [PSYoungGen: 88688K->7456K(97280K)] 96313K->15089K(319488K), 0.0022190 secs] [Times: user=0.01 sys=0.00, real=0.00 secs] 
103.490: Total time for which application threads were stopped: 0.0048130 seconds, Stopping threads took: 0.0025120 seconds
103.563: Application time: 0.0733940 seconds
103.565: [GC [PSYoungGen: 90912K->6768K(97280K)] 98545K->14401K(319488K), 0.0019790 secs] [Times: user=0.01 sys=0.00, real=0.01 secs] 
103.567: Total time for which application threads were stopped: 0.0042550 seconds, Stopping threads took: 0.0021950 seconds
103.643: Application time: 0.0757890 seconds
103.645: [GC [PSYoungGen: 90224K->5696K(97280K)] 97857K->13329K(319488K), 0.0017230 secs] [Times: user=0.02 sys=0.00, real=0.01 secs] 
103.647: Total time for which application threads were stopped: 0.0040640 seconds, Stopping threads took: 0.0022630 seconds
103.724: Application time: 0.0772550 seconds
103.727: [GC [PSYoungGen: 89152K->6560K(97280K)] 96785K->14193K(319488K), 0.0018720 secs] [Times: user=0.01 sys=0.00, real=0.01 secs] 
103.728: Total time for which application threads were stopped: 0.0040190 seconds, Stopping threads took: 0.0020700 seconds
103.805: Application time: 0.0763110 seconds
103.807: [GC [PSYoungGen: 90016K->6896K(97280K)] 97649K->14537K(319488K), 0.0019430 secs] [Times: user=0.00 sys=0.00, real=0.00 secs] 
103.809: Total time for which application threads were stopped: 0.0046260 seconds, Stopping threads took: 0.0025860 seconds
103.882: Application time: 0.0723560 seconds
103.883: [GC [PSYoungGen: 90352K->7456K(97280K)] 97993K->15105K(319488K), 0.0020960 secs] [Times: user=0.02 sys=0.00, real=0.00 secs] 
103.885: Total time for which application threads were stopped: 0.0034640 seconds, Stopping threads took: 0.0012940 seconds
103.961: Application time: 0.0761310 seconds
103.964: [GC [PSYoungGen: 90912K->7936K(97280K)] 98561K->15593K(319488K), 0.0023270 secs] [Times: user=0.02 sys=0.00, real=0.00 secs] 
103.966: Total time for which application threads were stopped: 0.0047590 seconds, Stopping threads took: 0.0023440 seconds
104.039: Application time: 0.0727330 seconds
104.040: [GC [PSYoungGen: 91392K->7520K(97280K)] 99049K->15177K(319488K), 0.0021980 secs] [Times: user=0.01 sys=0.00, real=0.00 secs] 
104.043: Total time for which application threads were stopped: 0.0036830 seconds, Stopping threads took: 0.0014070 seconds
104.118: Application time: 0.0751960 seconds
104.120: [GC [PSYoungGen: 90976K->7888K(97280K)] 98633K->15545K(319488K), 0.0023110 secs] [Times: user=0.01 sys=0.00, real=0.00 secs] 
104.122: Total time for which application threads were stopped: 0.0045140 seconds, Stopping threads took: 0.0021130 seconds
104.197: Application time: 0.0748210 seconds
104.198: [GC [PSYoungGen: 91344K->6224K(97280K)] 99001K->13881K(319488K), 0.0018070 secs] [Times: user=0.01 sys=0.00, real=0.00 secs] 
104.200: Total time for which application threads were stopped: 0.0029750 seconds, Stopping threads took: 0.0010940 seconds
104.274: Application time: 0.0736450 seconds
104.276: [GC [PSYoungGen: 89680K->7984K(97280K)] 97337K->15649K(319488K), 0.0022930 secs] [Times: user=0.02 sys=0.00, real=0.00 secs] 
104.279: Total time for which application threads were stopped: 0.0049780 seconds, Stopping threads took: 0.0026010 seconds
104.353: Application time: 0.0743330 seconds
104.355: [GC [PSYoungGen: 91440K->6096K(97280K)] 99105K->13769K(319488K), 0.0017940 secs] [Times: user=0.01 sys=0.00, real=0.00 secs] 
104.357: Total time for which application threads were stopped: 0.0042300 seconds, Stopping threads took: 0.0023640 seconds
104.435: Application time: 0.0779070 seconds
104.439: [GC [PSYoungGen: 89552K->7552K(97280K)] 97225K->15233K(319488K), 0.0023350 secs] [Times: user=0.01 sys=0.00, real=0.00 secs] 
104.441: Total time for which application threads were stopped: 0.0062030 seconds, Stopping threads took: 0.0037880 seconds
104.513: Application time: 0.0715140 seconds
104.514: [GC [PSYoungGen: 91008K->7584K(97280K)] 98689K->15265K(319488K), 0.0022020 secs] [Times: user=0.02 sys=0.00, real=0.01 secs] 
104.517: Total time for which application threads were stopped: 0.0037890 seconds, Stopping threads took: 0.0014940 seconds
104.593: Application time: 0.0758150 seconds
104.595: [GC [PSYoungGen: 91040K->7824K(97280K)] 98721K->15505K(319488K), 0.0022600 secs] [Times: user=0.01 sys=0.00, real=0.00 secs] 
104.597: Total time for which application threads were stopped: 0.0049470 seconds, Stopping threads took: 0.0026030 seconds
104.671: Application time: 0.0738330 seconds
104.674: [GC [PSYoungGen: 91280K->6896K(97280K)] 98961K->14577K(319488K), 0.0020630 secs] [Times: user=0.01 sys=0.00, real=0.01 secs] 
104.676: Total time for which application threads were stopped: 0.0049750 seconds, Stopping threads took: 0.0028360 seconds
104.753: Application time: 0.0763870 seconds
104.755: [GC [PSYoungGen: 90352K->5840K(97280K)] 98033K->13529K(319488K), 0.0018550 secs] [Times: user=0.01 sys=0.00, real=0.00 secs] 
104.757: Total time for which application threads were stopped: 0.0046550 seconds, Stopping threads took: 0.0027200 seconds
104.834: Application time: 0.0761990 seconds
104.836: [GC [PSYoungGen: 89296K->8080K(97280K)] 96985K->15777K(319488K), 0.0024380 secs] [Times: user=0.01 sys=0.00, real=0.00 secs] 
104.839: Total time for which application threads were stopped: 0.0054230 seconds, Stopping threads took: 0.0029030 seconds
104.915: Application time: 0.0763690 seconds
104.917: [GC [PSYoungGen: 91536K->7632K(97280K)] 99233K->15337K(319488K), 0.0022450 secs] [Times: user=0.01 sys=0.01, real=0.00 secs] 
104.919: Total time for which application threads were stopped: 0.0035910 seconds, Stopping threads took: 0.0012510 seconds
104.993: Application time: 0.0737230 seconds
104.995: [GC [PSYoungGen: 91088K->7040K(97280K)] 98793K->14745K(319488K), 0.0020000 secs] [Times: user=0.01 sys=0.00, real=0.00 secs] 
104.997: Total time for which application threads were stopped: 0.0045870 seconds, Stopping threads took: 0.0025030 seconds
105.072: Application time: 0.0750950 seconds
105.073: [GC [PSYoungGen: 90496K->5680K(97280K)] 98201K->13385K(319488K), 0.0016390 secs] [Times: user=0.01 sys=0.00, real=0.01 secs] 
105.075: Total time for which application threads were stopped: 0.0026290 seconds, Stopping threads took: 0.0009080 seconds
105.150: Application time: 0.0751940 seconds
105.153: [GC [PSYoungGen: 89136K->7744K(97280K)] 96841K->15449K(319488K), 0.0021970 secs] [Times: user=0.01 sys=0.00, real=0.01 secs] 
105.155: Total time for which application threads were stopped: 0.0049850 seconds, Stopping threads took: 0.0027040 seconds
105.231: Application time: 0.0755750 seconds
105.233: [GC [PSYoungGen: 91200K->7040K(97280K)] 98905K->14761K(319488K), 0.0020460 secs] [Times: user=0.01 sys=0.00, real=0.01 secs] 
105.235: Total time for which application threads were stopped: 0.0045360 seconds, Stopping threads took: 0.0024100 seconds
105.315: Application time: 0.0793700 seconds
105.317: [GC [PSYoungGen: 90496K->6464K(97280K)] 98217K->14193K(319488K), 0.0019500 secs] [Times: user=0.01 sys=0.00, real=0.00 secs] 
105.319: Total time for which application threads were stopped: 0.0046830 seconds, Stopping threads took: 0.0026530 seconds
105.398: Application time: 0.0789870 seconds
105.401: [GC [PSYoungGen: 89920K->6960K(97280K)] 97649K->14697K(319488K), 0.0021700 secs] [Times: user=0.01 sys=0.00, real=0.00 secs] 
105.403: Total time for which application threads were stopped: 0.0045920 seconds, Stopping threads took: 0.0023290 seconds
105.483: Application time: 0.0798580 seconds
105.486: [GC [PSYoungGen: 90416K->7584K(97280K)] 98153K->15321K(319488K), 0.0022360 secs] [Times: user=0.02 sys=0.00, real=0.01 secs] 
105.488: Total time for which application threads were stopped: 0.0050520 seconds, Stopping threads took: 0.0027290 seconds
105.570: Application time: 0.0823040 seconds
105.573: [GC [PSYoungGen: 91040K->5376K(97280K)] 98777K->13113K(319488K), 0.0016120 secs] [Times: user=0.01 sys=0.00, real=0.01 secs] 
105.575: Total time for which application threads were stopped: 0.0048290 seconds, Stopping threads took: 0.0031070 seconds
105.653: Application time: 0.0776340 seconds
105.655: [GC [PSYoungGen: 88832K->7696K(97280K)] 96569K->15433K(319488K), 0.0023530 secs] [Times: user=0.01 sys=0.00, real=0.01 secs] 
105.657: Total time for which application threads were stopped: 0.0043570 seconds, Stopping threads took: 0.0019120 seconds
105.740: Application time: 0.0833080 seconds
105.743: [GC [PSYoungGen: 91152K->6032K(97280K)] 98889K->13769K(319488K), 0.0018260 secs] [Times: user=0.01 sys=0.00, real=0.00 secs] 
105.745: Total time for which application threads were stopped: 0.0045310 seconds, Stopping threads took: 0.0026240 seconds
105.824: Application time: 0.0793550 seconds
105.825: [GC [PSYoungGen: 89488K->7552K(97280K)] 97225K->15297K(319488K), 0.0023220 secs] [Times: user=0.01 sys=0.00, real=0.01 secs] 
105.827: Total time for which application threads were stopped: 0.0032740 seconds, Stopping threads took: 0.0008670 seconds
105.906: Application time: 0.0787200 seconds
105.908: [GC [PSYoungGen: 91008K->8064K(97280K)] 98753K->15817K(319488K), 0.0023390 secs] [Times: user=0.02 sys=0.00, real=0.00 secs] 
105.910: Total time for which application threads were stopped: 0.0042900 seconds, Stopping threads took: 0.0018640 seconds
105.991: Application time: 0.0806650 seconds
105.993: [GC [PSYoungGen: 91520K->7568K(97280K)] 99273K->15329K(319488K), 0.0021730 secs] [Times: user=0.01 sys=0.00, real=0.01 secs] 
105.996: Total time for which application threads were stopped: 0.0044980 seconds, Stopping threads took: 0.0022450 seconds
106.077: Application time: 0.0811480 seconds
106.080: [GC [PSYoungGen: 91024K->7904K(97280K)] 98785K->15665K(319488K), 0.0022480 secs] [Times: user=0.01 sys=0.00, real=0.00 secs] 
106.082: Total time for which application threads were stopped: 0.0055230 seconds, Stopping threads took: 0.0031950 seconds
106.161: Application time: 0.0790010 seconds
106.164: [GC [PSYoungGen: 91360K->6128K(97280K)] 99121K->13889K(319488K), 0.0016950 secs] [Times: user=0.01 sys=0.00, real=0.00 secs] 
106.165: Total time for which application threads were stopped: 0.0040030 seconds, Stopping threads took: 0.0022220 seconds
106.244: Application time: 0.0785780 seconds
106.246: [GC [PSYoungGen: 89584K->7728K(97280K)] 97345K->15489K(319488K), 0.0023940 secs] [Times: user=0.01 sys=0.00, real=0.01 secs] 
106.248: Total time for which application threads were stopped: 0.0045160 seconds, Stopping threads took: 0.0020380 seconds
106.329: Application time: 0.0802160 seconds
106.331: [GC [PSYoungGen: 91184K->7344K(97280K)] 98945K->15113K(319488K), 0.0021510 secs] [Times: user=0.02 sys=0.00, real=0.00 secs] 
106.333: Total time for which application threads were stopped: 0.0044820 seconds, Stopping threads took: 0.0022210 seconds
106.416: Application time: 0.0825560 seconds
106.418: [GC [PSYoungGen: 90800K->6880K(97280K)] 98569K->14657K(319488K), 0.0020890 secs] [Times: user=0.01 sys=0.00, real=0.00 secs] 
106.420: Total time for which application threads were stopped: 0.0046200 seconds, Stopping threads took: 0.0024520 seconds
106.499: Application time: 0.0792430 seconds
106.503: [GC [PSYoungGen: 90336K->7456K(97280K)] 98113K->15241K(319488K), 0.0021160 secs] [Times: user=0.01 sys=0.00, real=0.00 secs] 
106.505: Total time for which application threads were stopped: 0.0052140 seconds, Stopping threads took: 0.0030170 seconds
106.583: Application time: 0.0784390 seconds
106.586: [GC [PSYoungGen: 90912K->7872K(97280K)] 98697K->15657K(319488K), 0.0022560 secs] [Times: user=0.01 sys=0.00, real=0.01 secs] 
106.588: Total time for which application threads were stopped: 0.0050100 seconds, Stopping threads took: 0.0026750 seconds
106.667: Application time: 0.0792070 seconds
106.670: [GC [PSYoungGen: 91328K->7888K(97280K)] 99113K->15673K(319488K), 0.0022420 secs] [Times: user=0.01 sys=0.00, real=0.00 secs] 
106.673: Total time for which application threads were stopped: 0.0053560 seconds, Stopping threads took: 0.0030210 seconds
106.753: Application time: 0.0798390 seconds
106.755: [GC [PSYoungGen: 91343K->6240K(97280K)] 99129K->14025K(319488K), 0.0018010 secs] [Times: user=0.02 sys=0.00, real=0.00 secs] 
106.757: Total time for which application threads were stopped: 0.0042460 seconds, Stopping threads took: 0.0023630 seconds
106.835: Application time: 0.0781670 seconds
106.838: [GC [PSYoungGen: 89696K->7584K(97280K)] 97481K->15377K(319488K), 0.0023230 secs] [Times: user=0.01 sys=0.00, real=0.00 secs] 
106.840: Total time for which application threads were stopped: 0.0049100 seconds, Stopping threads took: 0.0024840 seconds
106.918: Application time: 0.0784870 seconds
106.920: [GC [PSYoungGen: 91040K->7168K(97280K)] 98833K->14969K(319488K), 0.0021580 secs] [Times: user=0.02 sys=0.00, real=0.00 secs] 
106.922: Total time for which application threads were stopped: 0.0040260 seconds, Stopping threads took: 0.0017860 seconds
107.001: Application time: 0.0790960 seconds
107.004: [GC [PSYoungGen: 90624K->7872K(97280K)] 98425K->15681K(319488K), 0.0022680 secs] [Times: user=0.01 sys=0.00, real=0.00 secs] 
107.006: Total time for which application threads were stopped: 0.0045550 seconds, Stopping threads took: 0.0022060 seconds
107.087: Application time: 0.0806290 seconds
107.089: [GC [PSYoungGen: 91328K->7360K(97280K)] 99137K->15169K(319488K), 0.0021210 secs] [Times: user=0.01 sys=0.00, real=0.00 secs] 
107.091: Total time for which application threads were stopped: 0.0043820 seconds, Stopping threads took: 0.0021820 seconds
107.169: Application time: 0.0778960 seconds
107.171: [GC [PSYoungGen: 90816K->8336K(97280K)] 98625K->16145K(319488K), 0.0026010 secs] [Times: user=0.02 sys=0.00, real=0.00 secs] 
107.174: Total time for which application threads were stopped: 0.0046880 seconds, Stopping threads took: 0.0019940 seconds
107.252: Application time: 0.0786430 seconds
107.255: [GC [PSYoungGen: 91792K->6560K(97280K)] 99601K->14369K(319488K), 0.0019310 secs] [Times: user=0.01 sys=0.00, real=0.00 secs] 
107.257: Total time for which application threads were stopped: 0.0047520 seconds, Stopping threads took: 0.0027370 seconds
107.337: Application time: 0.0797160 seconds
107.339: [GC [PSYoungGen: 90016K->8272K(97280K)] 97825K->16089K(319488K), 0.0025150 secs] [Times: user=0.02 sys=0.00, real=0.00 secs] 
107.342: Total time for which application threads were stopped: 0.0048900 seconds, Stopping threads took: 0.0022900 seconds
107.420: Application time: 0.0786630 seconds
107.423: [GC [PSYoungGen: 91728K->6688K(97280K)] 99545K->14513K(319488K), 0.0042520 secs] [Times: user=0.03 sys=0.00, real=0.00 secs] 
107.427: Total time for which application threads were stopped: 0.0064900 seconds, Stopping threads took: 0.0021430 seconds
107.507: Application time: 0.0802750 seconds
107.510: [GC [PSYoungGen: 90144K->7536K(97280K)] 97969K->15369K(319488K), 0.0022300 secs] [Times: user=0.01 sys=0.00, real=0.00 secs] 
107.512: Total time for which application threads were stopped: 0.0047200 seconds, Stopping threads took: 0.0023860 seconds
107.591: Application time: 0.0790530 seconds
107.593: [GC [PSYoungGen: 90992K->7392K(97280K)] 98825K->15225K(319488K), 0.0021410 secs] [Times: user=0.02 sys=0.00, real=0.01 secs] 
107.595: Total time for which application threads were stopped: 0.0044120 seconds, Stopping threads took: 0.0021830 seconds
107.673: Application time: 0.0780180 seconds
107.676: [GC [PSYoungGen: 90848K->6448K(97280K)] 98681K->14281K(319488K), 0.0018490 secs] [Times: user=0.02 sys=0.00, real=0.00 secs] 
107.678: Total time for which application threads were stopped: 0.0042070 seconds, Stopping threads took: 0.0022710 seconds
107.757: Application time: 0.0789960 seconds
107.760: [GC [PSYoungGen: 89904K->6928K(97280K)] 97737K->14761K(319488K), 0.0021340 secs] [Times: user=0.01 sys=0.00, real=0.00 secs] 
107.762: Total time for which application threads were stopped: 0.0053180 seconds, Stopping threads took: 0.0030960 seconds
107.840: Application time: 0.0780390 seconds
107.842: [GC [PSYoungGen: 90384K->7632K(97280K)] 98217K->15473K(319488K), 0.0021940 secs] [Times: user=0.02 sys=0.00, real=0.00 secs] 
107.845: Total time for which application threads were stopped: 0.0047550 seconds, Stopping threads took: 0.0024790 seconds
107.926: Application time: 0.0814730 seconds
107.929: [GC [PSYoungGen: 91088K->8048K(97280K)] 98929K->15897K(319488K), 0.0023300 secs] [Times: user=0.02 sys=0.00, real=0.00 secs] 
107.931: Total time for which application threads were stopped: 0.0048420 seconds, Stopping threads took: 0.0024320 seconds
108.017: Application time: 0.0856130 seconds
108.018: [GC [PSYoungGen: 91504K->5584K(97280K)] 99353K->13441K(319488K), 0.0016270 secs] [Times: user=0.01 sys=0.00, real=0.00 secs] 
108.020: Total time for which application threads were stopped: 0.0035610 seconds, Stopping threads took: 0.0018590 seconds
108.102: Application time: 0.0813680 seconds
108.104: [GC [PSYoungGen: 89040K->7056K(97280K)] 96897K->14913K(319488K), 0.0020730 secs] [Times: user=0.01 sys=0.00, real=0.00 secs] 
108.106: Total time for which application threads were stopped: 0.0049350 seconds, Stopping threads took: 0.0027560 seconds
108.185: Application time: 0.0785220 seconds
108.187: [GC [PSYoungGen: 90512K->7168K(97280K)] 98369K->15025K(319488K), 0.0021740 secs] [Times: user=0.01 sys=0.00, real=0.00 secs] 
108.190: Total time for which application threads were stopped: 0.0047070 seconds, Stopping threads took: 0.0024370 seconds
108.266: Application time: 0.0763900 seconds
108.269: [GC [PSYoungGen: 90624K->7280K(97280K)] 98481K->15137K(319488K), 0.0022770 secs] [Times: user=0.01 sys=0.00, real=0.00 secs] 
108.271: Total time for which application threads were stopped: 0.0048620 seconds, Stopping threads took: 0.0025000 seconds
108.350: Application time: 0.0785830 seconds
108.353: [GC [PSYoungGen: 90736K->6816K(97280K)] 98593K->14681K(319488K), 0.0019390 secs] [Times: user=0.01 sys=0.00, real=0.00 secs] 
108.354: Total time for which application threads were stopped: 0.0049530 seconds, Stopping threads took: 0.0029360 seconds
108.434: Application time: 0.0791950 seconds
108.436: [GC [PSYoungGen: 90272K->6368K(97280K)] 98137K->14241K(319488K), 0.0018360 secs] [Times: user=0.01 sys=0.00, real=0.00 secs] 
108.438: Total time for which application threads were stopped: 0.0042960 seconds, Stopping threads took: 0.0023800 seconds
108.517: Application time: 0.0791380 seconds
108.520: [GC [PSYoungGen: 89824K->7840K(97280K)] 97697K->15721K(319488K), 0.0023910 secs] [Times: user=0.01 sys=0.00, real=0.00 secs] 
108.523: Total time for which application threads were stopped: 0.0053790 seconds, Stopping threads took: 0.0029040 seconds
108.602: Application time: 0.0797270 seconds
108.605: [GC [PSYoungGen: 91296K->7488K(97280K)] 99177K->15369K(319488K), 0.0021620 secs] [Times: user=0.01 sys=0.00, real=0.01 secs] 
108.607: Total time for which application threads were stopped: 0.0051400 seconds, Stopping threads took: 0.0028830 seconds
108.684: Application time: 0.0764770 seconds
108.686: [GC [PSYoungGen: 90944K->7584K(97280K)] 98825K->15465K(319488K), 0.0021440 secs] [Times: user=0.01 sys=0.00, real=0.01 secs] 
108.688: Total time for which application threads were stopped: 0.0039890 seconds, Stopping threads took: 0.0017630 seconds
108.770: Application time: 0.0818470 seconds
108.773: [GC [PSYoungGen: 91040K->8064K(97280K)] 98921K->15945K(319488K), 0.0024370 secs] [Times: user=0.01 sys=0.00, real=0.01 secs] 
108.775: Total time for which application threads were stopped: 0.0053080 seconds, Stopping threads took: 0.0027830 seconds
108.854: Application time: 0.0793020 seconds
108.858: [GC [PSYoungGen: 91520K->6592K(97280K)] 99401K->14473K(319488K), 0.0018380 secs] [Times: user=0.01 sys=0.00, real=0.00 secs] 
108.859: Total time for which application threads were stopped: 0.0051720 seconds, Stopping threads took: 0.0032470 seconds
108.939: Application time: 0.0799200 seconds
108.942: [GC [PSYoungGen: 90048K->7248K(97280K)] 97929K->15137K(319488K), 0.0020920 secs] [Times: user=0.02 sys=0.00, real=0.00 secs] 
108.944: Total time for which application threads were stopped: 0.0049650 seconds, Stopping threads took: 0.0027900 seconds
109.024: Application time: 0.0794240 seconds
109.026: [GC [PSYoungGen: 90704K->7808K(97280K)] 98593K->15705K(319488K), 0.0023790 secs] [Times: user=0.02 sys=0.00, real=0.01 secs] 
109.028: Total time for which application threads were stopped: 0.0044770 seconds, Stopping threads took: 0.0020160 seconds
109.107: Application time: 0.0786470 seconds
109.110: [GC [PSYoungGen: 91264K->7664K(97280K)] 99161K->15569K(319488K), 0.0023400 secs] [Times: user=0.02 sys=0.00, real=0.00 secs] 
109.113: Total time for which application threads were stopped: 0.0057370 seconds, Stopping threads took: 0.0033170 seconds
109.192: Application time: 0.0795320 seconds
109.195: [GC [PSYoungGen: 91120K->6928K(97280K)] 99025K->14833K(319488K), 0.0019620 secs] [Times: user=0.01 sys=0.00, real=0.00 secs] 
109.197: Total time for which application threads were stopped: 0.0050230 seconds, Stopping threads took: 0.0029790 seconds
109.270: Application time: 0.0727290 seconds
109.271: [GC [PSYoungGen: 90382K->6112K(97280K)] 98288K->14017K(319488K), 0.0018170 secs] [Times: user=0.01 sys=0.00, real=0.00 secs] 
109.273: Total time for which application threads were stopped: 0.0032150 seconds, Stopping threads took: 0.0013150 seconds
109.348: Application time: 0.0748290 seconds
109.350: [GC [PSYoungGen: 89568K->5568K(97280K)] 97473K->13473K(319488K), 0.0016960 secs] [Times: user=0.02 sys=0.00, real=0.00 secs] 
109.352: Total time for which application threads were stopped: 0.0036410 seconds, Stopping threads took: 0.0018560 seconds
109.430: Application time: 0.0779690 seconds
109.431: [GC [PSYoungGen: 89024K->6192K(97280K)] 96929K->14105K(319488K), 0.0017500 secs] [Times: user=0.01 sys=0.00, real=0.00 secs] 
109.433: Total time for which application threads were stopped: 0.0032160 seconds, Stopping threads took: 0.0013930 seconds
109.508: Application time: 0.0753960 seconds
109.511: [GC [PSYoungGen: 89648K->7728K(97280K)] 97561K->15649K(319488K), 0.0021920 secs] [Times: user=0.02 sys=0.00, real=0.00 secs] 
109.513: Total time for which application threads were stopped: 0.0047820 seconds, Stopping threads took: 0.0025090 seconds
109.589: Application time: 0.0755140 seconds
109.591: [GC [PSYoungGen: 91184K->8240K(97280K)] 99105K->16169K(319488K), 0.0025020 secs] [Times: user=0.01 sys=0.00, real=0.00 secs] 
109.593: Total time for which application threads were stopped: 0.0049280 seconds, Stopping threads took: 0.0023460 seconds
109.670: Application time: 0.0764080 seconds
109.672: [GC [PSYoungGen: 91696K->5936K(97280K)] 99625K->13865K(319488K), 0.0017260 secs] [Times: user=0.02 sys=0.00, real=0.00 secs] 
109.674: Total time for which application threads were stopped: 0.0043750 seconds, Stopping threads took: 0.0025740 seconds
109.749: Application time: 0.0751860 seconds
109.752: [GC [PSYoungGen: 89392K->6272K(97280K)] 97321K->14201K(319488K), 0.0018800 secs] [Times: user=0.01 sys=0.00, real=0.00 secs] 
109.754: Total time for which application threads were stopped: 0.0045300 seconds, Stopping threads took: 0.0025650 seconds
109.830: Application time: 0.0764700 seconds
109.833: [GC [PSYoungGen: 89728K->6608K(97280K)] 97657K->14537K(319488K), 0.0017980 secs] [Times: user=0.01 sys=0.00, real=0.01 secs] 
109.835: Total time for which application threads were stopped: 0.0047740 seconds, Stopping threads took: 0.0029050 seconds
109.908: Application time: 0.0731320 seconds
109.910: [GC [PSYoungGen: 90064K->7056K(97280K)] 97993K->14993K(319488K), 0.0021120 secs] [Times: user=0.01 sys=0.00, real=0.00 secs] 
109.912: Total time for which application threads were stopped: 0.0037510 seconds, Stopping threads took: 0.0015450 seconds
109.987: Application time: 0.0746900 seconds
109.989: [GC [PSYoungGen: 90512K->7024K(97280K)] 98449K->14969K(319488K), 0.0021780 secs] [Times: user=0.01 sys=0.00, real=0.00 secs] 
109.991: Total time for which application threads were stopped: 0.0042540 seconds, Stopping threads took: 0.0019930 seconds
110.067: Application time: 0.0762830 seconds
110.070: [GC [PSYoungGen: 90480K->6288K(97280K)] 98425K->14241K(319488K), 0.0017610 secs] [Times: user=0.01 sys=0.00, real=0.00 secs] 
110.072: Total time for which application threads were stopped: 0.0045890 seconds, Stopping threads took: 0.0027510 seconds
110.147: Application time: 0.0754290 seconds
110.150: [GC [PSYoungGen: 89744K->6368K(97280K)] 97697K->14321K(319488K), 0.0018550 secs] [Times: user=0.02 sys=0.00, real=0.00 secs] 
110.152: Total time for which application threads were stopped: 0.0046180 seconds, Stopping threads took: 0.0026890 seconds
110.229: Application time: 0.0769630 seconds
110.231: [GC [PSYoungGen: 89824K->7552K(97280K)] 97777K->15505K(319488K), 0.0022150 secs] [Times: user=0.02 sys=0.00, real=0.00 secs] 
110.233: Total time for which application threads were stopped: 0.0040140 seconds, Stopping threads took: 0.0017180 seconds
110.306: Application time: 0.0732420 seconds
110.309: [GC [PSYoungGen: 91008K->7760K(97280K)] 98961K->15713K(319488K), 0.0022910 secs] [Times: user=0.02 sys=0.00, real=0.00 secs] 
110.312: Total time for which application threads were stopped: 0.0054180 seconds, Stopping threads took: 0.0030410 seconds
110.384: Application time: 0.0722370 seconds
110.386: [GC [PSYoungGen: 91216K->7504K(97280K)] 99169K->15465K(319488K), 0.0021890 secs] [Times: user=0.02 sys=0.00, real=0.01 secs] 
110.389: Total time for which application threads were stopped: 0.0047320 seconds, Stopping threads took: 0.0024640 seconds
110.462: Application time: 0.0737900 seconds
110.465: [GC [PSYoungGen: 90960K->8224K(97280K)] 98921K->16193K(319488K), 0.0024450 secs] [Times: user=0.01 sys=0.00, real=0.01 secs] 
110.467: Total time for which application threads were stopped: 0.0046270 seconds, Stopping threads took: 0.0020900 seconds
110.543: Application time: 0.0757380 seconds
110.545: [GC [PSYoungGen: 91680K->7488K(97280K)] 99649K->15465K(319488K), 0.0021550 secs] [Times: user=0.02 sys=0.00, real=0.00 secs] 
110.547: Total time for which application threads were stopped: 0.0040100 seconds, Stopping threads took: 0.0017710 seconds
110.624: Application time: 0.0768940 seconds
110.626: [GC [PSYoungGen: 90944K->7024K(97280K)] 98921K->15001K(319488K), 0.0020600 secs] [Times: user=0.01 sys=0.00, real=0.01 secs] 
110.628: Total time for which application threads were stopped: 0.0045790 seconds, Stopping threads took: 0.0024380 seconds
110.704: Application time: 0.0762130 seconds
110.707: [GC [PSYoungGen: 90480K->7408K(97280K)] 98457K->15385K(319488K), 0.0021290 secs] [Times: user=0.01 sys=0.00, real=0.01 secs] 
110.709: Total time for which application threads were stopped: 0.0045110 seconds, Stopping threads took: 0.0023010 seconds
110.782: Application time: 0.0729640 seconds
110.785: [GC [PSYoungGen: 90864K->7520K(97280K)] 98841K->15497K(319488K), 0.0022070 secs] [Times: user=0.01 sys=0.00, real=0.01 secs] 
110.787: Total time for which application threads were stopped: 0.0051750 seconds, Stopping threads took: 0.0028770 seconds
110.863: Application time: 0.0758270 seconds
110.866: [GC [PSYoungGen: 90976K->7728K(97280K)] 98953K->15713K(319488K), 0.0022040 secs] [Times: user=0.01 sys=0.00, real=0.01 secs] 
110.868: Total time for which application threads were stopped: 0.0052090 seconds, Stopping threads took: 0.0029240 seconds
110.941: Application time: 0.0731250 seconds
110.943: [GC [PSYoungGen: 91184K->7216K(97280K)] 99169K->15209K(319488K), 0.0020410 secs] [Times: user=0.01 sys=0.00, real=0.00 secs] 
110.945: Total time for which application threads were stopped: 0.0037990 seconds, Stopping threads took: 0.0016830 seconds
111.020: Application time: 0.0747810 seconds
111.022: [GC [PSYoungGen: 90672K->7328K(97280K)] 98665K->15329K(319488K), 0.0021500 secs] [Times: user=0.02 sys=0.00, real=0.00 secs] 
111.024: Total time for which application threads were stopped: 0.0041640 seconds, Stopping threads took: 0.0019230 seconds
111.101: Application time: 0.0772410 seconds
111.103: [GC [PSYoungGen: 90784K->6576K(97280K)] 98785K->14585K(319488K), 0.0021260 secs] [Times: user=0.01 sys=0.00, real=0.00 secs] 
111.105: Total time for which application threads were stopped: 0.0037060 seconds, Stopping threads took: 0.0015040 seconds
111.180: Application time: 0.0746940 seconds
111.181: [GC [PSYoungGen: 90032K->6096K(97280K)] 98041K->14105K(319488K), 0.0018540 secs] [Times: user=0.00 sys=0.00, real=0.00 secs] 
111.183: Total time for which application threads were stopped: 0.0035590 seconds, Stopping threads took: 0.0016260 seconds
111.260: Application time: 0.0768160 seconds
111.263: [GC [PSYoungGen: 89552K->7344K(97280K)] 97561K->15353K(319488K), 0.0020640 secs] [Times: user=0.02 sys=0.00, real=0.00 secs] 
111.265: Total time for which application threads were stopped: 0.0051870 seconds, Stopping threads took: 0.0030420 seconds
111.338: Application time: 0.0723400 seconds
111.340: [GC [PSYoungGen: 90800K->7632K(97280K)] 98809K->15649K(319488K), 0.0021810 secs] [Times: user=0.01 sys=0.00, real=0.00 secs] 
111.342: Total time for which application threads were stopped: 0.0048740 seconds, Stopping threads took: 0.0026130 seconds
111.418: Application time: 0.0755460 seconds
111.420: [GC [PSYoungGen: 91088K->6576K(97280K)] 99105K->14601K(319488K), 0.0019270 secs] [Times: user=0.01 sys=0.00, real=0.00 secs] 
111.422: Total time for which application threads were stopped: 0.0044280 seconds, Stopping threads took: 0.0024210 seconds
111.497: Application time: 0.0750020 seconds
111.499: [GC [PSYoungGen: 90032K->8352K(97280K)] 98057K->16385K(319488K), 0.0024990 secs] [Times: user=0.02 sys=0.00, real=0.00 secs] 
111.502: Total time for which application threads were stopped: 0.0044050 seconds, Stopping threads took: 0.0018270 seconds
111.576: Application time: 0.0739850 seconds
111.578: [GC [PSYoungGen: 91808K->5856K(97280K)] 99841K->13897K(319488K), 0.0016620 secs] [Times: user=0.01 sys=0.00, real=0.00 secs] 
111.579: Total time for which application threads were stopped: 0.0033960 seconds, Stopping threads took: 0.0016480 seconds
111.655: Application time: 0.0761020 seconds
111.657: [GC [PSYoungGen: 89312K->6560K(97280K)] 97353K->14601K(319488K), 0.0020140 secs] [Times: user=0.01 sys=0.00, real=0.00 secs] 
111.659: Total time for which application threads were stopped: 0.0033940 seconds, Stopping threads took: 0.0012980 seconds
111.733: Application time: 0.0746620 seconds
111.735: [GC [PSYoungGen: 90016K->6816K(97280K)] 98057K->14857K(319488K), 0.0020900 secs] [Times: user=0.02 sys=0.00, real=0.01 secs] 
111.737: Total time for which application threads were stopped: 0.0034620 seconds, Stopping threads took: 0.0012870 seconds
111.816: Application time: 0.0786870 seconds
111.818: [GC [PSYoungGen: 90272K->5840K(97280K)] 98313K->13881K(319488K), 0.0016540 secs] [Times: user=0.01 sys=0.00, real=0.00 secs] 
111.820: Total time for which application threads were stopped: 0.0046140 seconds, Stopping threads took: 0.0028810 seconds
111.897: Application time: 0.0767280 seconds
111.899: [GC [PSYoungGen: 89296K->7376K(97280K)] 97337K->15425K(319488K), 0.0023560 secs] [Times: user=0.01 sys=0.00, real=0.00 secs] 
111.902: Total time for which application threads were stopped: 0.0048220 seconds, Stopping threads took: 0.0023830 seconds
111.978: Application time: 0.0764260 seconds
111.980: [GC [PSYoungGen: 90832K->7808K(97280K)] 98881K->15865K(319488K), 0.0022820 secs] [Times: user=0.01 sys=0.00, real=0.00 secs] 
111.982: Total time for which application threads were stopped: 0.0038080 seconds, Stopping threads took: 0.0014220 seconds
112.056: Application time: 0.0745090 seconds
112.059: [GC [PSYoungGen: 91264K->6496K(97280K)] 99321K->14561K(319488K), 0.0019690 secs] [Times: user=0.01 sys=0.00, real=0.00 secs] 
112.061: Total time for which application threads were stopped: 0.0042200 seconds, Stopping threads took: 0.0021730 seconds
112.135: Application time: 0.0743370 seconds
112.137: [GC [PSYoungGen: 89952K->4768K(97280K)] 98017K->12833K(319488K), 0.0013740 secs] [Times: user=0.01 sys=0.00, real=0.00 secs] 
112.139: Total time for which application threads were stopped: 0.0036350 seconds, Stopping threads took: 0.0021830 seconds
112.213: Application time: 0.0745020 seconds
112.215: [GC [PSYoungGen: 88224K->5104K(97280K)] 96289K->13169K(319488K), 0.0015370 secs] [Times: user=0.01 sys=0.00, real=0.00 secs] 
112.217: Total time for which application threads were stopped: 0.0034140 seconds, Stopping threads took: 0.0018100 seconds
112.290: Application time: 0.0732150 seconds
112.292: [GC [PSYoungGen: 88560K->7344K(97280K)] 96625K->15409K(319488K), 0.0023050 secs] [Times: user=0.01 sys=0.00, real=0.00 secs] 
112.294: Total time for which application threads were stopped: 0.0043720 seconds, Stopping threads took: 0.0019880 seconds
112.369: Application time: 0.0749570 seconds
112.372: [GC [PSYoungGen: 90800K->7312K(97280K)] 98865K->15385K(319488K), 0.0022280 secs] [Times: user=0.01 sys=0.00, real=0.00 secs] 
112.374: Total time for which application threads were stopped: 0.0046410 seconds, Stopping threads took: 0.0023330 seconds
112.450: Application time: 0.0767050 seconds
112.453: [GC [PSYoungGen: 90768K->6736K(97280K)] 98841K->14825K(319488K), 0.0020020 secs] [Times: user=0.01 sys=0.00, real=0.01 secs] 
112.455: Total time for which application threads were stopped: 0.0045780 seconds, Stopping threads took: 0.0024940 seconds
112.530: Application time: 0.0745400 seconds
112.532: [GC [PSYoungGen: 90192K->6528K(97280K)] 98281K->14625K(319488K), 0.0017960 secs] [Times: user=0.01 sys=0.00, real=0.00 secs] 
112.534: Total time for which application threads were stopped: 0.0046360 seconds, Stopping threads took: 0.0027640 seconds
112.608: Application time: 0.0734280 seconds
112.610: [GC [PSYoungGen: 89984K->7712K(97280K)] 98081K->15809K(319488K), 0.0022590 secs] [Times: user=0.02 sys=0.00, real=0.00 secs] 
112.612: Total time for which application threads were stopped: 0.0042440 seconds, Stopping threads took: 0.0019050 seconds
112.686: Application time: 0.0739790 seconds
112.688: [GC [PSYoungGen: 91168K->6768K(97280K)] 99265K->14865K(319488K), 0.0019510 secs] [Times: user=0.01 sys=0.00, real=0.00 secs] 
112.690: Total time for which application threads were stopped: 0.0041170 seconds, Stopping threads took: 0.0020780 seconds
112.762: Application time: 0.0716800 seconds
112.763: [GC [PSYoungGen: 90224K->7168K(97280K)] 98321K->15265K(319488K), 0.0020970 secs] [Times: user=0.02 sys=0.00, real=0.00 secs] 
112.765: Total time for which application threads were stopped: 0.0035480 seconds, Stopping threads took: 0.0013710 seconds
112.839: Application time: 0.0737110 seconds
112.842: [GC [PSYoungGen: 90624K->7760K(97280K)] 98721K->15865K(319488K), 0.0021970 secs] [Times: user=0.01 sys=0.00, real=0.00 secs] 
112.844: Total time for which application threads were stopped: 0.0049720 seconds, Stopping threads took: 0.0026970 seconds
112.918: Application time: 0.0737530 seconds
112.920: [GC [PSYoungGen: 91216K->7568K(97280K)] 99321K->15681K(319488K), 0.0022440 secs] [Times: user=0.02 sys=0.00, real=0.00 secs] 
112.922: Total time for which application threads were stopped: 0.0043380 seconds, Stopping threads took: 0.0020090 seconds
112.996: Application time: 0.0738530 seconds
112.999: [GC [PSYoungGen: 91024K->7600K(97280K)] 99137K->15721K(319488K), 0.0021210 secs] [Times: user=0.02 sys=0.00, real=0.00 secs] 
113.001: Total time for which application threads were stopped: 0.0050440 seconds, Stopping threads took: 0.0028440 seconds
113.078: Application time: 0.0766520 seconds
113.080: [GC [PSYoungGen: 91056K->6176K(97280K)] 99177K->14297K(319488K), 0.0017610 secs] [Times: user=0.01 sys=0.00, real=0.00 secs] 
113.082: Total time for which application threads were stopped: 0.0041620 seconds, Stopping threads took: 0.0023250 seconds
113.156: Application time: 0.0744090 seconds
113.158: [GC [PSYoungGen: 89632K->6736K(97280K)] 97753K->14857K(319488K), 0.0019820 secs] [Times: user=0.01 sys=0.00, real=0.00 secs] 
113.160: Total time for which application threads were stopped: 0.0035000 seconds, Stopping threads took: 0.0014340 seconds
113.236: Application time: 0.0761510 seconds
113.238: [GC [PSYoungGen: 90192K->6912K(97280K)] 98313K->15033K(319488K), 0.0020920 secs] [Times: user=0.02 sys=0.00, real=0.00 secs] 
113.240: Total time for which application threads were stopped: 0.0044030 seconds, Stopping threads took: 0.0022180 seconds
113.319: Application time: 0.0791240 seconds
113.322: [GC [PSYoungGen: 90368K->6560K(97280K)] 98489K->14681K(319488K), 0.0018990 secs] [Times: user=0.01 sys=0.00, real=0.00 secs] 
113.324: Total time for which application threads were stopped: 0.0046010 seconds, Stopping threads took: 0.0026150 seconds
113.405: Application time: 0.0813200 seconds
113.407: [GC [PSYoungGen: 90016K->6352K(97280K)] 98137K->14481K(319488K), 0.0019400 secs] [Times: user=0.01 sys=0.00, real=0.00 secs] 
113.409: Total time for which application threads were stopped: 0.0040630 seconds, Stopping threads took: 0.0020430 seconds
113.488: Application time: 0.0786620 seconds
113.491: [GC [PSYoungGen: 89808K->8048K(97280K)] 97937K->16185K(319488K), 0.0022690 secs] [Times: user=0.01 sys=0.00, real=0.00 secs] 
113.493: Total time for which application threads were stopped: 0.0054570 seconds, Stopping threads took: 0.0031070 seconds
113.575: Application time: 0.0818360 seconds
113.577: [GC [PSYoungGen: 91504K->7152K(97280K)] 99641K->15289K(319488K), 0.0025060 secs] [Times: user=0.02 sys=0.00, real=0.00 secs] 
113.580: Total time for which application threads were stopped: 0.0045340 seconds, Stopping threads took: 0.0019450 seconds
113.660: Application time: 0.0797780 seconds
113.662: [GC [PSYoungGen: 90608K->7008K(97280K)] 98745K->15145K(319488K), 0.0022110 secs] [Times: user=0.01 sys=0.00, real=0.00 secs] 
113.664: Total time for which application threads were stopped: 0.0046180 seconds, Stopping threads took: 0.0023160 seconds
113.742: Application time: 0.0778690 seconds
113.744: [GC [PSYoungGen: 90464K->6496K(97280K)] 98601K->14633K(319488K), 0.0018690 secs] [Times: user=0.01 sys=0.00, real=0.00 secs] 
113.746: Total time for which application threads were stopped: 0.0036050 seconds, Stopping threads took: 0.0016500 seconds
113.824: Application time: 0.0779670 seconds
113.826: [GC [PSYoungGen: 89952K->6624K(97280K)] 98089K->14761K(319488K), 0.0019280 secs] [Times: user=0.01 sys=0.00, real=0.01 secs] 
113.828: Total time for which application threads were stopped: 0.0041500 seconds, Stopping threads took: 0.0021440 seconds
113.908: Application time: 0.0804640 seconds
113.910: [GC [PSYoungGen: 90080K->7840K(97280K)] 98217K->15985K(319488K), 0.0023200 secs] [Times: user=0.02 sys=0.00, real=0.00 secs] 
113.912: Total time for which application threads were stopped: 0.0041790 seconds, Stopping threads took: 0.0017780 seconds
113.993: Application time: 0.0805530 seconds
113.996: [GC [PSYoungGen: 91296K->7280K(97280K)] 99441K->15433K(319488K), 0.0020500 secs] [Times: user=0.01 sys=0.00, real=0.00 secs] 
113.998: Total time for which application threads were stopped: 0.0050940 seconds, Stopping threads took: 0.0029660 seconds
114.080: Application time: 0.0820770 seconds
114.082: [GC [PSYoungGen: 90736K->7232K(97280K)] 98889K->15385K(319488K), 0.0020760 secs] [Times: user=0.02 sys=0.00, real=0.00 secs] 
114.084: Total time for which application threads were stopped: 0.0038180 seconds, Stopping threads took: 0.0016620 seconds
114.163: Application time: 0.0793170 seconds
114.166: [GC [PSYoungGen: 90688K->7968K(97280K)] 98841K->16121K(319488K), 0.0022750 secs] [Times: user=0.01 sys=0.00, real=0.01 secs] 
114.169: Total time for which application threads were stopped: 0.0053120 seconds, Stopping threads took: 0.0029520 seconds
114.247: Application time: 0.0785810 seconds
114.250: [GC [PSYoungGen: 91424K->8224K(97280K)] 99577K->16377K(319488K), 0.0023660 secs] [Times: user=0.02 sys=0.00, real=0.00 secs] 
114.253: Total time for which application threads were stopped: 0.0056620 seconds, Stopping threads took: 0.0031990 seconds
114.334: Application time: 0.0809490 seconds
114.336: [GC [PSYoungGen: 91680K->5552K(97280K)] 99833K->13705K(319488K), 0.0016620 secs] [Times: user=0.01 sys=0.00, real=0.00 secs] 
114.338: Total time for which application threads were stopped: 0.0036710 seconds, Stopping threads took: 0.0019210 seconds
114.417: Application time: 0.0789680 seconds
114.420: [GC [PSYoungGen: 89008K->6176K(97280K)] 97161K->14337K(319488K), 0.0018900 secs] [Times: user=0.01 sys=0.00, real=0.00 secs] 
114.422: Total time for which application threads were stopped: 0.0050590 seconds, Stopping threads took: 0.0030850 seconds
114.501: Application time: 0.0792040 seconds
114.503: [GC [PSYoungGen: 89632K->7744K(97280K)] 97793K->15913K(319488K), 0.0022680 secs] [Times: user=0.02 sys=0.00, real=0.00 secs] 
114.505: Total time for which application threads were stopped: 0.0046130 seconds, Stopping threads took: 0.0022670 seconds
114.585: Application time: 0.0800460 seconds
114.589: [GC [PSYoungGen: 91200K->6736K(97280K)] 99369K->14913K(319488K), 0.0019790 secs] [Times: user=0.01 sys=0.00, real=0.00 secs] 
114.591: Total time for which application threads were stopped: 0.0053200 seconds, Stopping threads took: 0.0032570 seconds
114.670: Application time: 0.0792730 seconds
114.672: [GC [PSYoungGen: 90192K->6704K(97280K)] 98369K->14881K(319488K), 0.0019410 secs] [Times: user=0.01 sys=0.00, real=0.00 secs] 
114.674: Total time for which application threads were stopped: 0.0042310 seconds, Stopping threads took: 0.0022080 seconds
114.754: Application time: 0.0797650 seconds
114.757: [GC [PSYoungGen: 90160K->7968K(97280K)] 98337K->16145K(319488K), 0.0023740 secs] [Times: user=0.01 sys=0.00, real=0.00 secs] 
114.759: Total time for which application threads were stopped: 0.0054000 seconds, Stopping threads took: 0.0029250 seconds
114.837: Application time: 0.0775740 seconds
114.839: [GC [PSYoungGen: 91424K->7840K(97280K)] 99601K->16017K(319488K), 0.0023200 secs] [Times: user=0.01 sys=0.00, real=0.00 secs] 
114.841: Total time for which application threads were stopped: 0.0044630 seconds, Stopping threads took: 0.0020560 seconds
114.923: Application time: 0.0818080 seconds
114.926: [GC [PSYoungGen: 91296K->7088K(97280K)] 99473K->15273K(319488K), 0.0021140 secs] [Times: user=0.02 sys=0.00, real=0.01 secs] 
114.928: Total time for which application threads were stopped: 0.0049160 seconds, Stopping threads took: 0.0027170 seconds
115.008: Application time: 0.0794700 seconds
115.009: [GC [PSYoungGen: 90544K->6176K(97280K)] 98729K->14369K(319488K), 0.0017570 secs] [Times: user=0.01 sys=0.00, real=0.00 secs] 
115.011: Total time for which application threads were stopped: 0.0034260 seconds, Stopping threads took: 0.0015900 seconds
115.093: Application time: 0.0822420 seconds
115.095: [GC [PSYoungGen: 89632K->6624K(97280K)] 97825K->14825K(319488K), 0.0020920 secs] [Times: user=0.01 sys=0.00, real=0.00 secs] 
115.097: Total time for which application threads were stopped: 0.0040250 seconds, Stopping threads took: 0.0018530 seconds
115.180: Application time: 0.0830180 seconds
115.183: [GC [PSYoungGen: 90080K->6000K(97280K)] 98281K->14201K(319488K), 0.0017440 secs] [Times: user=0.02 sys=0.00, real=0.00 secs] 
115.185: Total time for which application threads were stopped: 0.0047210 seconds, Stopping threads took: 0.0028900 seconds
115.267: Application time: 0.0820370 seconds
115.269: [GC [PSYoungGen: 89456K->6272K(97280K)] 97657K->14473K(319488K), 0.0018240 secs] [Times: user=0.01 sys=0.00, real=0.00 secs] 
115.271: Total time for which application threads were stopped: 0.0040340 seconds, Stopping threads took: 0.0021210 seconds
115.351: Application time: 0.0796180 seconds
115.352: [GC [PSYoungGen: 89728K->6400K(97280K)] 97929K->14601K(319488K), 0.0018090 secs] [Times: user=0.01 sys=0.00, real=0.00 secs] 
115.354: Total time for which application threads were stopped: 0.0034870 seconds, Stopping threads took: 0.0016010 seconds
115.436: Application time: 0.0813300 seconds
115.437: [GC [PSYoungGen: 89856K->7040K(97280K)] 98057K->15249K(319488K), 0.0021230 secs] [Times: user=0.01 sys=0.00, real=0.00 secs] 
115.439: Total time for which application threads were stopped: 0.0033180 seconds, Stopping threads took: 0.0011140 seconds
115.519: Application time: 0.0804660 seconds
115.523: [GC [PSYoungGen: 90496K->6480K(97280K)] 98705K->14697K(319488K), 0.0018290 secs] [Times: user=0.01 sys=0.00, real=0.00 secs] 
115.524: Total time for which application threads were stopped: 0.0050420 seconds, Stopping threads took: 0.0031330 seconds
115.601: Application time: 0.0767200 seconds
115.603: [GC [PSYoungGen: 89936K->7104K(97280K)] 98153K->15329K(319488K), 0.0021880 secs] [Times: user=0.01 sys=0.00, real=0.00 secs] 
115.606: Total time for which application threads were stopped: 0.0043820 seconds, Stopping threads took: 0.0021180 seconds
115.683: Application time: 0.0778620 seconds
115.686: [GC [PSYoungGen: 90560K->6064K(97280K)] 98785K->14289K(319488K), 0.0018090 secs] [Times: user=0.01 sys=0.00, real=0.01 secs] 
115.688: Total time for which application threads were stopped: 0.0043720 seconds, Stopping threads took: 0.0024830 seconds
115.770: Application time: 0.0821810 seconds
115.772: [GC [PSYoungGen: 89520K->5888K(97280K)] 97745K->14113K(319488K), 0.0017750 secs] [Times: user=0.01 sys=0.00, real=0.00 secs] 
115.774: Total time for which application threads were stopped: 0.0035410 seconds, Stopping threads took: 0.0016770 seconds
115.852: Application time: 0.0781690 seconds
115.855: [GC [PSYoungGen: 89344K->7696K(97280K)] 97569K->15921K(319488K), 0.0022190 secs] [Times: user=0.02 sys=0.00, real=0.01 secs] 
115.857: Total time for which application threads were stopped: 0.0052790 seconds, Stopping threads took: 0.0029740 seconds
115.935: Application time: 0.0779610 seconds
115.937: [GC [PSYoungGen: 91152K->7616K(97280K)] 99377K->15841K(319488K), 0.0022570 secs] [Times: user=0.02 sys=0.00, real=0.00 secs] 
115.940: Total time for which application threads were stopped: 0.0045570 seconds, Stopping threads took: 0.0022160 seconds
116.020: Application time: 0.0805060 seconds
116.022: [GC [PSYoungGen: 91072K->8256K(97280K)] 99297K->16489K(319488K), 0.0023590 secs] [Times: user=0.01 sys=0.00, real=0.00 secs] 
116.025: Total time for which application threads were stopped: 0.0048850 seconds, Stopping threads took: 0.0024400 seconds
116.106: Application time: 0.0806380 seconds
116.107: [GC [PSYoungGen: 91712K->6688K(97280K)] 99945K->14929K(319488K), 0.0019880 secs] [Times: user=0.02 sys=0.00, real=0.00 secs] 
116.109: Total time for which application threads were stopped: 0.0037410 seconds, Stopping threads took: 0.0016720 seconds
116.189: Application time: 0.0798610 seconds
116.191: [GC [PSYoungGen: 90144K->6352K(97280K)] 98385K->14593K(319488K), 0.0018850 secs] [Times: user=0.01 sys=0.00, real=0.00 secs] 
116.193: Total time for which application threads were stopped: 0.0039110 seconds, Stopping threads took: 0.0019250 seconds
116.274: Application time: 0.0813550 seconds
116.277: [GC [PSYoungGen: 89808K->5632K(97280K)] 98049K->13873K(319488K), 0.0016460 secs] [Times: user=0.01 sys=0.00, real=0.00 secs] 
116.279: Total time for which application threads were stopped: 0.0044270 seconds, Stopping threads took: 0.0026910 seconds
116.360: Application time: 0.0809360 seconds
116.363: [GC [PSYoungGen: 89088K->7328K(97280K)] 97329K->15569K(319488K), 0.0021000 secs] [Times: user=0.01 sys=0.00, real=0.00 secs] 
116.365: Total time for which application threads were stopped: 0.0051100 seconds, Stopping threads took: 0.0029310 seconds
116.446: Application time: 0.0807860 seconds
116.448: [GC [PSYoungGen: 90784K->7872K(97280K)] 99025K->16113K(319488K), 0.0025580 secs] [Times: user=0.01 sys=0.00, real=0.00 secs] 
116.451: Total time for which application threads were stopped: 0.0053990 seconds, Stopping threads took: 0.0027600 seconds
116.530: Application time: 0.0793310 seconds
116.533: [GC [PSYoungGen: 91328K->7024K(97280K)] 99569K->15273K(319488K), 0.0020730 secs] [Times: user=0.01 sys=0.00, real=0.01 secs] 
116.535: Total time for which application threads were stopped: 0.0045150 seconds, Stopping threads took: 0.0023580 seconds
116.616: Application time: 0.0813880 seconds
116.619: [GC [PSYoungGen: 90480K->7792K(97280K)] 98729K->16049K(319488K), 0.0022420 secs] [Times: user=0.02 sys=0.00, real=0.00 secs] 
116.622: Total time for which application threads were stopped: 0.0054300 seconds, Stopping threads took: 0.0031000 seconds
116.702: Application time: 0.0797670 seconds
116.703: [GC [PSYoungGen: 91248K->7296K(97280K)] 99505K->15553K(319488K), 0.0020770 secs] [Times: user=0.01 sys=0.00, real=0.00 secs] 
116.705: Total time for which application threads were stopped: 0.0036060 seconds, Stopping threads took: 0.0014490 seconds
116.781: Application time: 0.0754760 seconds
116.782: [GC [PSYoungGen: 90752K->7472K(97280K)] 99009K->15729K(319488K), 0.0022800 secs] [Times: user=0.02 sys=0.00, real=0.00 secs] 
116.785: Total time for which application threads were stopped: 0.0041130 seconds, Stopping threads took: 0.0017410 seconds
116.866: Application time: 0.0815180 seconds
116.868: [GC [PSYoungGen: 90928K->5920K(97280K)] 99185K->14177K(319488K), 0.0019050 secs] [Times: user=0.02 sys=0.00, real=0.00 secs] 
116.870: Total time for which application threads were stopped: 0.0038890 seconds, Stopping threads took: 0.0019080 seconds
116.952: Application time: 0.0816160 seconds
116.955: [GC [PSYoungGen: 89376K->5584K(97280K)] 97633K->13841K(319488K), 0.0016720 secs] [Times: user=0.01 sys=0.00, real=0.00 secs] 
116.957: Total time for which application threads were stopped: 0.0049240 seconds, Stopping threads took: 0.0031740 seconds
117.035: Application time: 0.0779690 seconds
117.037: [GC [PSYoungGen: 89040K->8080K(97280K)] 97297K->16345K(319488K), 0.0024400 secs] [Times: user=0.02 sys=0.00, real=0.00 secs] 
117.039: Total time for which application threads were stopped: 0.0047620 seconds, Stopping threads took: 0.0022310 seconds
117.121: Application time: 0.0810890 seconds
117.123: [GC [PSYoungGen: 91536K->7648K(97280K)] 99801K->15921K(319488K), 0.0021140 secs] [Times: user=0.01 sys=0.00, real=0.00 secs] 
117.125: Total time for which application threads were stopped: 0.0049550 seconds, Stopping threads took: 0.0027580 seconds
117.204: Application time: 0.0781900 seconds
117.206: [GC [PSYoungGen: 91104K->8128K(97280K)] 99377K->16409K(319488K), 0.0023890 secs] [Times: user=0.02 sys=0.00, real=0.01 secs] 
117.208: Total time for which application threads were stopped: 0.0043790 seconds, Stopping threads took: 0.0019110 seconds
117.281: Application time: 0.0734490 seconds
117.283: [GC [PSYoungGen: 91584K->6448K(97280K)] 99865K->14729K(319488K), 0.0019140 secs] [Times: user=0.01 sys=0.00, real=0.00 secs] 
117.285: Total time for which application threads were stopped: 0.0031820 seconds, Stopping threads took: 0.0011900 seconds
117.359: Application time: 0.0742410 seconds
117.361: [GC [PSYoungGen: 89904K->6528K(97280K)] 98185K->14809K(319488K), 0.0018630 secs] [Times: user=0.01 sys=0.00, real=0.00 secs] 
117.363: Total time for which application threads were stopped: 0.0040230 seconds, Stopping threads took: 0.0020750 seconds
117.436: Application time: 0.0726820 seconds
117.438: [GC [PSYoungGen: 89984K->7856K(97280K)] 98265K->16137K(319488K), 0.0023390 secs] [Times: user=0.01 sys=0.00, real=0.00 secs] 
117.440: Total time for which application threads were stopped: 0.0046690 seconds, Stopping threads took: 0.0022420 seconds
117.518: Application time: 0.0777010 seconds
117.521: [GC [PSYoungGen: 91312K->7584K(97280K)] 99593K->15873K(319488K), 0.0022660 secs] [Times: user=0.02 sys=0.00, real=0.00 secs] 
117.523: Total time for which application threads were stopped: 0.0051330 seconds, Stopping threads took: 0.0027810 seconds
117.598: Application time: 0.0747780 seconds
117.599: [GC [PSYoungGen: 91040K->7088K(97280K)] 99329K->15385K(319488K), 0.0020990 secs] [Times: user=0.01 sys=0.00, real=0.00 secs] 
117.601: Total time for which application threads were stopped: 0.0035620 seconds, Stopping threads took: 0.0013860 seconds
117.675: Application time: 0.0731440 seconds
117.676: [GC [PSYoungGen: 90544K->7888K(97280K)] 98841K->16193K(319488K), 0.0022640 secs] [Times: user=0.01 sys=0.00, real=0.00 secs] 
117.679: Total time for which application threads were stopped: 0.0040920 seconds, Stopping threads took: 0.0017470 seconds
117.752: Application time: 0.0735950 seconds
117.754: [GC [PSYoungGen: 91344K->8080K(97280K)] 99649K->16385K(319488K), 0.0023620 secs] [Times: user=0.01 sys=0.00, real=0.01 secs] 
117.756: Total time for which application threads were stopped: 0.0038720 seconds, Stopping threads took: 0.0014280 seconds
117.833: Application time: 0.0770200 seconds
117.835: [GC [PSYoungGen: 91536K->6480K(97280K)] 99841K->14785K(319488K), 0.0019760 secs] [Times: user=0.02 sys=0.00, real=0.00 secs] 
117.837: Total time for which application threads were stopped: 0.0041180 seconds, Stopping threads took: 0.0020410 seconds
117.913: Application time: 0.0754170 seconds
117.915: [GC [PSYoungGen: 89936K->6800K(97280K)] 98241K->15105K(319488K), 0.0020330 secs] [Times: user=0.01 sys=0.00, real=0.01 secs] 
117.917: Total time for which application threads were stopped: 0.0041470 seconds, Stopping threads took: 0.0020260 seconds
117.993: Application time: 0.0759970 seconds
117.995: [GC [PSYoungGen: 90256K->7568K(97280K)] 98561K->15881K(319488K), 0.0021760 secs] [Times: user=0.02 sys=0.00, real=0.00 secs] 
117.997: Total time for which application threads were stopped: 0.0044730 seconds, Stopping threads took: 0.0022230 seconds
118.071: Application time: 0.0740580 seconds
118.074: [GC [PSYoungGen: 91024K->7024K(97280K)] 99337K->15345K(319488K), 0.0020110 secs] [Times: user=0.02 sys=0.00, real=0.01 secs] 
118.076: Total time for which application threads were stopped: 0.0050100 seconds, Stopping threads took: 0.0029090 seconds
118.151: Application time: 0.0744900 seconds
118.153: [GC [PSYoungGen: 90480K->6528K(97280K)] 98801K->14857K(319488K), 0.0018450 secs] [Times: user=0.01 sys=0.00, real=0.01 secs] 
118.155: Total time for which application threads were stopped: 0.0041490 seconds, Stopping threads took: 0.0022220 seconds
118.229: Application time: 0.0736340 seconds
118.231: [GC [PSYoungGen: 89984K->7952K(97280K)] 98313K->16281K(319488K), 0.0023290 secs] [Times: user=0.02 sys=0.00, real=0.00 secs] 
118.234: Total time for which application threads were stopped: 0.0051040 seconds, Stopping threads took: 0.0026940 seconds
118.310: Application time: 0.0759710 seconds
118.312: [GC [PSYoungGen: 91408K->7232K(97280K)] 99737K->15561K(319488K), 0.0020660 secs] [Times: user=0.02 sys=0.00, real=0.00 secs] 
118.314: Total time for which application threads were stopped: 0.0042110 seconds, Stopping threads took: 0.0020660 seconds
118.391: Application time: 0.0765300 seconds
118.393: [GC [PSYoungGen: 90688K->7456K(97280K)] 99017K->15785K(319488K), 0.0021920 secs] [Times: user=0.01 sys=0.00, real=0.01 secs] 
118.396: Total time for which application threads were stopped: 0.0050160 seconds, Stopping threads took: 0.0027390 seconds
118.470: Application time: 0.0748590 seconds
118.473: [GC [PSYoungGen: 90912K->6656K(97280K)] 99241K->14985K(319488K), 0.0018710 secs] [Times: user=0.02 sys=0.00, real=0.01 secs] 
118.475: Total time for which application threads were stopped: 0.0046320 seconds, Stopping threads took: 0.0026750 seconds
118.550: Application time: 0.0749780 seconds
118.552: [GC [PSYoungGen: 90112K->8368K(97280K)] 98441K->16705K(319488K), 0.0025310 secs] [Times: user=0.02 sys=0.00, real=0.00 secs] 
118.554: Total time for which application threads were stopped: 0.0044380 seconds, Stopping threads took: 0.0018300 seconds
118.631: Application time: 0.0766620 seconds
118.633: [GC [PSYoungGen: 91824K->6064K(97280K)] 100161K->14409K(319488K), 0.0016670 secs] [Times: user=0.01 sys=0.00, real=0.00 secs] 
118.635: Total time for which application threads were stopped: 0.0037430 seconds, Stopping threads took: 0.0019870 seconds
118.712: Application time: 0.0774990 seconds
118.715: [GC [PSYoungGen: 89520K->7040K(97280K)] 97865K->15393K(319488K), 0.0020590 secs] [Times: user=0.02 sys=0.00, real=0.00 secs] 
118.718: Total time for which application threads were stopped: 0.0051510 seconds, Stopping threads took: 0.0030120 seconds
118.789: Application time: 0.0711940 seconds
118.791: [GC [PSYoungGen: 90496K->7616K(97280K)] 98849K->15969K(319488K), 0.0022630 secs] [Times: user=0.02 sys=0.00, real=0.00 secs] 
118.793: Total time for which application threads were stopped: 0.0045340 seconds, Stopping threads took: 0.0021880 seconds
118.871: Application time: 0.0777300 seconds
118.874: [GC [PSYoungGen: 91072K->6848K(97280K)] 99425K->15201K(319488K), 0.0019910 secs] [Times: user=0.01 sys=0.00, real=0.01 secs] 
118.876: Total time for which application threads were stopped: 0.0048690 seconds, Stopping threads took: 0.0027980 seconds
118.950: Application time: 0.0745420 seconds
118.952: [GC [PSYoungGen: 90304K->5424K(97280K)] 98657K->13777K(319488K), 0.0015830 secs] [Times: user=0.01 sys=0.00, real=0.00 secs] 
118.953: Total time for which application threads were stopped: 0.0030440 seconds, Stopping threads took: 0.0013910 seconds
119.028: Application time: 0.0740800 seconds
119.029: [GC [PSYoungGen: 88880K->7104K(97280K)] 97233K->15473K(319488K), 0.0021330 secs] [Times: user=0.01 sys=0.00, real=0.00 secs] 
119.031: Total time for which application threads were stopped: 0.0039070 seconds, Stopping threads took: 0.0016880 seconds
119.105: Application time: 0.0739170 seconds
119.108: [GC [PSYoungGen: 90560K->6784K(97280K)] 98929K->15161K(319488K), 0.0020200 secs] [Times: user=0.02 sys=0.00, real=0.00 secs] 
119.110: Total time for which application threads were stopped: 0.0043940 seconds, Stopping threads took: 0.0022930 seconds
119.184: Application time: 0.0740160 seconds
119.187: [GC [PSYoungGen: 90240K->7776K(97280K)] 98617K->16161K(319488K), 0.0021650 secs] [Times: user=0.01 sys=0.00, real=0.00 secs] 
119.189: Total time for which application threads were stopped: 0.0053840 seconds, Stopping threads took: 0.0031370 seconds
119.266: Application time: 0.0768770 seconds
119.269: [GC [PSYoungGen: 91232K->6512K(97280K)] 99617K->14897K(319488K), 0.0019480 secs] [Times: user=0.01 sys=0.00, real=0.00 secs] 
119.271: Total time for which application threads were stopped: 0.0046870 seconds, Stopping threads took: 0.0026610 seconds
119.347: Application time: 0.0765230 seconds
119.350: [GC [PSYoungGen: 89968K->7888K(97280K)] 98353K->16273K(319488K), 0.0022480 secs] [Times: user=0.02 sys=0.00, real=0.00 secs] 
119.352: Total time for which application threads were stopped: 0.0047900 seconds, Stopping threads took: 0.0024630 seconds
119.427: Application time: 0.0752840 seconds
119.430: [GC [PSYoungGen: 91343K->7168K(97280K)] 99728K->15553K(319488K), 0.0020300 secs] [Times: user=0.02 sys=0.00, real=0.00 secs] 
119.432: Total time for which application threads were stopped: 0.0050100 seconds, Stopping threads took: 0.0028880 seconds
119.506: Application time: 0.0733260 seconds
119.507: [GC [PSYoungGen: 90624K->7344K(97280K)] 99009K->15761K(319488K), 0.0022080 secs] [Times: user=0.02 sys=0.00, real=0.00 secs] 
119.509: Total time for which application threads were stopped: 0.0036760 seconds, Stopping threads took: 0.0013890 seconds
119.587: Application time: 0.0778700 seconds
119.590: [GC [PSYoungGen: 90800K->7520K(97280K)] 99217K->15945K(319488K), 0.0103590 secs] [Times: user=0.08 sys=0.00, real=0.01 secs] 
119.600: Total time for which application threads were stopped: 0.0128300 seconds, Stopping threads took: 0.0023890 seconds
119.675: Application time: 0.0748130 seconds
119.676: [GC [PSYoungGen: 90976K->6240K(97280K)] 99401K->14673K(319488K), 0.0018900 secs] [Times: user=0.01 sys=0.00, real=0.00 secs] 
119.678: Total time for which application threads were stopped: 0.0027310 seconds, Stopping threads took: 0.0007620 seconds
119.751: Application time: 0.0735850 seconds
119.753: [GC [PSYoungGen: 89696K->6752K(97280K)] 98129K->15185K(319488K), 0.0020090 secs] [Times: user=0.02 sys=0.00, real=0.01 secs] 
119.755: Total time for which application threads were stopped: 0.0038360 seconds, Stopping threads took: 0.0017470 seconds
119.829: Application time: 0.0739410 seconds
119.831: [GC [PSYoungGen: 90208K->8320K(97280K)] 98641K->16753K(319488K), 0.0024330 secs] [Times: user=0.01 sys=0.00, real=0.00 secs] 
119.833: Total time for which application threads were stopped: 0.0043230 seconds, Stopping threads took: 0.0018090 seconds
119.908: Application time: 0.0746290 seconds
119.910: [GC [PSYoungGen: 91776K->7648K(97280K)] 100209K->16081K(319488K), 0.0022120 secs] [Times: user=0.01 sys=0.00, real=0.00 secs] 
119.912: Total time for which application threads were stopped: 0.0041940 seconds, Stopping threads took: 0.0019020 seconds
119.987: Application time: 0.0746570 seconds
119.990: [GC [PSYoungGen: 91104K->8176K(97280K)] 99537K->16625K(319488K), 0.0023480 secs] [Times: user=0.02 sys=0.00, real=0.00 secs] 
119.992: Total time for which application threads were stopped: 0.0051730 seconds, Stopping threads took: 0.0027440 seconds
120.068: Application time: 0.0763550 seconds
120.070: [GC [PSYoungGen: 91632K->6512K(97280K)] 100081K->14977K(319488K), 0.0019160 secs] [Times: user=0.01 sys=0.00, real=0.00 secs] 
120.072: Total time for which application threads were stopped: 0.0035220 seconds, Stopping threads took: 0.0015320 seconds
120.147: Application time: 0.0749870 seconds
120.149: [GC [PSYoungGen: 89968K->7424K(97280K)] 98433K->15897K(319488K), 0.0021280 secs] [Times: user=0.01 sys=0.00, real=0.00 secs] 
120.151: Total time for which application threads were stopped: 0.0045090 seconds, Stopping threads took: 0.0022940 seconds
120.226: Application time: 0.0744510 seconds
120.228: [GC [PSYoungGen: 90880K->6832K(97280K)] 99353K->15305K(319488K), 0.0020120 secs] [Times: user=0.01 sys=0.00, real=0.00 secs] 
120.230: Total time for which application threads were stopped: 0.0041910 seconds, Stopping threads took: 0.0021010 seconds
120.304: Application time: 0.0742540 seconds
120.307: [GC [PSYoungGen: 90288K->8000K(97280K)] 98761K->16473K(319488K), 0.0023450 secs] [Times: user=0.01 sys=0.00, real=0.00 secs] 
120.309: Total time for which application threads were stopped: 0.0051050 seconds, Stopping threads took: 0.0026590 seconds
120.384: Application time: 0.0742630 seconds
120.385: [GC [PSYoungGen: 91456K->6464K(97280K)] 99929K->14937K(319488K), 0.0020130 secs] [Times: user=0.02 sys=0.00, real=0.00 secs] 
120.387: Total time for which application threads were stopped: 0.0032000 seconds, Stopping threads took: 0.0011060 seconds
120.460: Application time: 0.0736750 seconds
120.463: [GC [PSYoungGen: 89920K->7264K(97280K)] 98393K->15745K(319488K), 0.0021970 secs] [Times: user=0.01 sys=0.00, real=0.00 secs] 
120.465: Total time for which application threads were stopped: 0.0049380 seconds, Stopping threads took: 0.0026580 seconds
120.538: Application time: 0.0721000 seconds
120.539: [GC [PSYoungGen: 90720K->7088K(97280K)] 99201K->15577K(319488K), 0.0020200 secs] [Times: user=0.02 sys=0.00, real=0.00 secs] 
120.542: Total time for which application threads were stopped: 0.0040150 seconds, Stopping threads took: 0.0019150 seconds
120.616: Application time: 0.0747150 seconds
120.619: [GC [PSYoungGen: 90544K->6720K(97280K)] 99033K->15217K(319488K), 0.0019090 secs] [Times: user=0.01 sys=0.00, real=0.00 secs] 
120.621: Total time for which application threads were stopped: 0.0047580 seconds, Stopping threads took: 0.0027710 seconds
120.695: Application time: 0.0741170 seconds
120.697: [GC [PSYoungGen: 90176K->7152K(97280K)] 98673K->15649K(319488K), 0.0021720 secs] [Times: user=0.00 sys=0.01, real=0.00 secs] 
120.699: Total time for which application threads were stopped: 0.0040540 seconds, Stopping threads took: 0.0017930 seconds
120.774: Application time: 0.0745360 seconds
120.776: [GC [PSYoungGen: 90608K->7648K(97280K)] 99105K->16145K(319488K), 0.0021390 secs] [Times: user=0.02 sys=0.00, real=0.00 secs] 
120.778: Total time for which application threads were stopped: 0.0042300 seconds, Stopping threads took: 0.0020100 seconds
120.850: Application time: 0.0719880 seconds
120.853: [GC [PSYoungGen: 91104K->7744K(97280K)] 99601K->16241K(319488K), 0.0021220 secs] [Times: user=0.01 sys=0.00, real=0.01 secs] 
120.855: Total time for which application threads were stopped: 0.0049250 seconds, Stopping threads took: 0.0027140 seconds
120.931: Application time: 0.0762260 seconds
120.934: [GC [PSYoungGen: 91200K->7328K(97280K)] 99697K->15833K(319488K), 0.0022490 secs] [Times: user=0.02 sys=0.00, real=0.01 secs] 
120.936: Total time for which application threads were stopped: 0.0047050 seconds, Stopping threads took: 0.0023750 seconds
121.010: Application time: 0.0743270 seconds
121.012: [GC [PSYoungGen: 90784K->6576K(97280K)] 99289K->15089K(319488K), 0.0019220 secs] [Times: user=0.02 sys=0.00, real=0.00 secs] 
121.014: Total time for which application threads were stopped: 0.0040960 seconds, Stopping threads took: 0.0021000 seconds
121.089: Application time: 0.0746770 seconds
121.091: [GC [PSYoungGen: 90032K->7968K(97280K)] 98545K->16489K(319488K), 0.0023170 secs] [Times: user=0.01 sys=0.00, real=0.00 secs] 
121.093: Total time for which application threads were stopped: 0.0042820 seconds, Stopping threads took: 0.0018810 seconds
121.168: Application time: 0.0752660 seconds
121.170: [GC [PSYoungGen: 91424K->7120K(97280K)] 99945K->15649K(319488K), 0.0020020 secs] [Times: user=0.01 sys=0.00, real=0.00 secs] 
121.172: Total time for which application threads were stopped: 0.0039680 seconds, Stopping threads took: 0.0018840 seconds
121.248: Application time: 0.0751680 seconds
121.250: [GC [PSYoungGen: 90576K->6992K(97280K)] 99105K->15521K(319488K), 0.0021450 secs] [Times: user=0.01 sys=0.00, real=0.00 secs] 
121.252: Total time for which application threads were stopped: 0.0040820 seconds, Stopping threads took: 0.0018470 seconds
121.333: Application time: 0.0808130 seconds
121.335: [GC [PSYoungGen: 90448K->7568K(97280K)] 98977K->16097K(319488K), 0.0021590 secs] [Times: user=0.02 sys=0.00, real=0.00 secs] 
121.337: Total time for which application threads were stopped: 0.0049000 seconds, Stopping threads took: 0.0026550 seconds
121.417: Application time: 0.0794000 seconds
121.420: [GC [PSYoungGen: 91024K->7120K(97280K)] 99553K->15657K(319488K), 0.0020520 secs] [Times: user=0.01 sys=0.00, real=0.00 secs] 
121.422: Total time for which application threads were stopped: 0.0048840 seconds, Stopping threads took: 0.0027550 seconds
121.505: Application time: 0.0834680 seconds
121.507: [GC [PSYoungGen: 90576K->6656K(97280K)] 99113K->15201K(319488K), 0.0018790 secs] [Times: user=0.02 sys=0.00, real=0.00 secs] 
121.509: Total time for which application threads were stopped: 0.0039520 seconds, Stopping threads took: 0.0019750 seconds
121.596: Application time: 0.0865940 seconds
121.597: [GC [PSYoungGen: 90112K->4464K(97280K)] 98657K->13017K(319488K), 0.0013280 secs] [Times: user=0.01 sys=0.00, real=0.00 secs] 
121.599: Total time for which application threads were stopped: 0.0030580 seconds, Stopping threads took: 0.0016520 seconds
121.679: Application time: 0.0799690 seconds
121.682: [GC [PSYoungGen: 87920K->6656K(97280K)] 96473K->15217K(319488K), 0.0019690 secs] [Times: user=0.01 sys=0.00, real=0.00 secs] 
121.684: Total time for which application threads were stopped: 0.0049230 seconds, Stopping threads took: 0.0028770 seconds
121.763: Application time: 0.0794580 seconds
121.766: [GC [PSYoungGen: 90112K->6672K(97280K)] 98673K->15233K(319488K), 0.0019420 secs] [Times: user=0.01 sys=0.00, real=0.01 secs] 
121.768: Total time for which application threads were stopped: 0.0044570 seconds, Stopping threads took: 0.0024230 seconds
121.847: Application time: 0.0791800 seconds
121.849: [GC [PSYoungGen: 90128K->6960K(97280K)] 98689K->15521K(319488K), 0.0020450 secs] [Times: user=0.01 sys=0.00, real=0.00 secs] 
121.852: Total time for which application threads were stopped: 0.0047480 seconds, Stopping threads took: 0.0026200 seconds
121.933: Application time: 0.0815640 seconds
121.936: [GC [PSYoungGen: 90416K->7136K(97280K)] 98977K->15697K(319488K), 0.0021070 secs] [Times: user=0.02 sys=0.00, real=0.00 secs] 
121.939: Total time for which application threads were stopped: 0.0054780 seconds, Stopping threads took: 0.0032890 seconds
122.019: Application time: 0.0805390 seconds
122.022: [GC [PSYoungGen: 90592K->7648K(97280K)] 99153K->16217K(319488K), 0.0022370 secs] [Times: user=0.02 sys=0.00, real=0.00 secs] 
122.024: Total time for which application threads were stopped: 0.0050760 seconds, Stopping threads took: 0.0027540 seconds
122.104: Application time: 0.0802010 seconds
122.108: [GC [PSYoungGen: 91104K->8048K(97280K)] 99673K->16625K(319488K), 0.0023680 secs] [Times: user=0.02 sys=0.00, real=0.00 secs] 
122.110: Total time for which application threads were stopped: 0.0056160 seconds, Stopping threads took: 0.0031650 seconds
122.189: Application time: 0.0791100 seconds
122.191: [GC [PSYoungGen: 91504K->6480K(97280K)] 100081K->15065K(319488K), 0.0019590 secs] [Times: user=0.01 sys=0.00, real=0.00 secs] 
122.193: Total time for which application threads were stopped: 0.0042480 seconds, Stopping threads took: 0.0022090 seconds
122.275: Application time: 0.0821100 seconds
122.277: [GC [PSYoungGen: 89936K->5728K(97280K)] 98521K->14313K(319488K), 0.0017180 secs] [Times: user=0.01 sys=0.00, real=0.00 secs] 
122.279: Total time for which application threads were stopped: 0.0031850 seconds, Stopping threads took: 0.0013850 seconds
122.360: Application time: 0.0808190 seconds
122.362: [GC [PSYoungGen: 89184K->5072K(97280K)] 97769K->13657K(319488K), 0.0015740 secs] [Times: user=0.01 sys=0.00, real=0.00 secs] 
122.364: Total time for which application threads were stopped: 0.0044090 seconds, Stopping threads took: 0.0027590 seconds
122.444: Application time: 0.0801540 seconds
122.447: [GC [PSYoungGen: 88528K->7184K(97280K)] 97113K->15769K(319488K), 0.0020430 secs] [Times: user=0.02 sys=0.00, real=0.01 secs] 
122.449: Total time for which application threads were stopped: 0.0048010 seconds, Stopping threads took: 0.0026760 seconds
122.528: Application time: 0.0788420 seconds
122.530: [GC [PSYoungGen: 90640K->6864K(97280K)] 99225K->15457K(319488K), 0.0019840 secs] [Times: user=0.01 sys=0.00, real=0.00 secs] 
122.532: Total time for which application threads were stopped: 0.0044310 seconds, Stopping threads took: 0.0023530 seconds
122.615: Application time: 0.0828230 seconds
122.618: [GC [PSYoungGen: 90320K->7280K(97280K)] 98913K->15889K(319488K), 0.0020960 secs] [Times: user=0.01 sys=0.00, real=0.00 secs] 
122.620: Total time for which application threads were stopped: 0.0051310 seconds, Stopping threads took: 0.0029570 seconds
122.700: Application time: 0.0796430 seconds
122.702: [GC [PSYoungGen: 90736K->6560K(97280K)] 99345K->15177K(319488K), 0.0019090 secs] [Times: user=0.02 sys=0.00, real=0.00 secs] 
122.704: Total time for which application threads were stopped: 0.0038400 seconds, Stopping threads took: 0.0018500 seconds
122.782: Application time: 0.0780280 seconds
122.784: [GC [PSYoungGen: 90016K->7760K(97280K)] 98633K->16377K(319488K), 0.0024250 secs] [Times: user=0.01 sys=0.00, real=0.00 secs] 
122.786: Total time for which application threads were stopped: 0.0046820 seconds, Stopping threads took: 0.0021660 seconds
122.866: Application time: 0.0792710 seconds
122.868: [GC [PSYoungGen: 91216K->7424K(97280K)] 99833K->16041K(319488K), 0.0021870 secs] [Times: user=0.02 sys=0.00, real=0.00 secs] 
122.870: Total time for which application threads were stopped: 0.0045160 seconds, Stopping threads took: 0.0022210 seconds
122.949: Application time: 0.0784040 seconds
122.951: [GC [PSYoungGen: 90880K->8128K(97280K)] 99497K->16745K(319488K), 0.0023430 secs] [Times: user=0.01 sys=0.00, real=0.00 secs] 
122.953: Total time for which application threads were stopped: 0.0047630 seconds, Stopping threads took: 0.0023250 seconds
123.032: Application time: 0.0785510 seconds
123.033: [GC [PSYoungGen: 91584K->7344K(97280K)] 100201K->15977K(319488K), 0.0023130 secs] [Times: user=0.02 sys=0.00, real=0.01 secs] 
123.036: Total time for which application threads were stopped: 0.0039620 seconds, Stopping threads took: 0.0015670 seconds
123.115: Application time: 0.0795080 seconds
123.118: [GC [PSYoungGen: 90800K->8048K(97280K)] 99433K->16689K(319488K), 0.0022820 secs] [Times: user=0.01 sys=0.00, real=0.00 secs] 
123.120: Total time for which application threads were stopped: 0.0051580 seconds, Stopping threads took: 0.0027890 seconds
123.200: Application time: 0.0796830 seconds
123.203: [GC [PSYoungGen: 91504K->7600K(97280K)] 100145K->16249K(319488K), 0.0022590 secs] [Times: user=0.01 sys=0.00, real=0.00 secs] 
123.205: Total time for which application threads were stopped: 0.0047930 seconds, Stopping threads took: 0.0024510 seconds
123.282: Application time: 0.0767380 seconds
123.285: [GC [PSYoungGen: 91056K->7712K(97280K)] 99705K->16361K(319488K), 0.0022670 secs] [Times: user=0.01 sys=0.00, real=0.01 secs] 
123.287: Total time for which application threads were stopped: 0.0055810 seconds, Stopping threads took: 0.0032220 seconds
123.368: Application time: 0.0810540 seconds
123.371: [GC [PSYoungGen: 91168K->6416K(97280K)] 99817K->15065K(319488K), 0.0018880 secs] [Times: user=0.01 sys=0.00, real=0.00 secs] 
123.372: Total time for which application threads were stopped: 0.0041200 seconds, Stopping threads took: 0.0021520 seconds
123.454: Application time: 0.0810760 seconds
123.457: [GC [PSYoungGen: 89872K->8384K(97280K)] 98521K->17033K(319488K), 0.0023550 secs] [Times: user=0.02 sys=0.01, real=0.00 secs] 
123.459: Total time for which application threads were stopped: 0.0056050 seconds, Stopping threads took: 0.0031680 seconds
123.539: Application time: 0.0794420 seconds
123.541: [GC [PSYoungGen: 91840K->8096K(97280K)] 100489K->16753K(319488K), 0.0023770 secs] [Times: user=0.01 sys=0.00, real=0.00 secs] 
123.543: Total time for which application threads were stopped: 0.0046880 seconds, Stopping threads took: 0.0022290 seconds
123.624: Application time: 0.0802590 seconds
123.626: [GC [PSYoungGen: 91550K->7840K(97280K)] 100207K->16505K(319488K), 0.0022260 secs] [Times: user=0.01 sys=0.00, real=0.01 secs] 
123.628: Total time for which application threads were stopped: 0.0045470 seconds, Stopping threads took: 0.0022380 seconds
123.705: Application time: 0.0767250 seconds
123.707: [GC [PSYoungGen: 91296K->8336K(97280K)] 99961K->17009K(319488K), 0.0024870 secs] [Times: user=0.02 sys=0.00, real=0.00 secs] 
123.710: Total time for which application threads were stopped: 0.0048640 seconds, Stopping threads took: 0.0022940 seconds
123.791: Application time: 0.0815510 seconds
123.793: [GC [PSYoungGen: 91792K->6752K(97280K)] 100465K->15425K(319488K), 0.0019600 secs] [Times: user=0.01 sys=0.00, real=0.01 secs] 
123.795: Total time for which application threads were stopped: 0.0042670 seconds, Stopping threads took: 0.0022140 seconds
123.874: Application time: 0.0781400 seconds
123.876: [GC [PSYoungGen: 90208K->8320K(97280K)] 98881K->16993K(319488K), 0.0024820 secs] [Times: user=0.01 sys=0.00, real=0.00 secs] 
123.878: Total time for which application threads were stopped: 0.0047330 seconds, Stopping threads took: 0.0021640 seconds
123.956: Application time: 0.0778300 seconds
123.958: [GC [PSYoungGen: 91776K->7616K(97280K)] 100449K->16289K(319488K), 0.0022430 secs] [Times: user=0.02 sys=0.00, real=0.00 secs] 
123.960: Total time for which application threads were stopped: 0.0039510 seconds, Stopping threads took: 0.0016230 seconds
124.039: Application time: 0.0793420 seconds
124.042: [GC [PSYoungGen: 91072K->6928K(97280K)] 99745K->15609K(319488K), 0.0020150 secs] [Times: user=0.01 sys=0.00, real=0.00 secs] 
124.044: Total time for which application threads were stopped: 0.0044330 seconds, Stopping threads took: 0.0023380 seconds
124.126: Application time: 0.0818660 seconds
124.129: [GC [PSYoungGen: 90384K->6496K(97280K)] 99065K->15185K(319488K), 0.0018450 secs] [Times: user=0.01 sys=0.00, real=0.00 secs] 
124.130: Total time for which application threads were stopped: 0.0046560 seconds, Stopping threads took: 0.0027310 seconds
124.211: Application time: 0.0810260 seconds
124.214: [GC [PSYoungGen: 89952K->5264K(97280K)] 98641K->13961K(319488K), 0.0017990 secs] [Times: user=0.01 sys=0.00, real=0.01 secs] 
124.216: Total time for which application threads were stopped: 0.0040760 seconds, Stopping threads took: 0.0022040 seconds
124.297: Application time: 0.0812650 seconds
124.299: [GC [PSYoungGen: 88720K->7904K(97280K)] 97417K->16609K(319488K), 0.0022640 secs] [Times: user=0.02 sys=0.00, real=0.00 secs] 
124.301: Total time for which application threads were stopped: 0.0046670 seconds, Stopping threads took: 0.0023100 seconds
124.380: Application time: 0.0787150 seconds
124.382: [GC [PSYoungGen: 91360K->8112K(97280K)] 100065K->16817K(319488K), 0.0023110 secs] [Times: user=0.01 sys=0.00, real=0.00 secs] 
124.385: Total time for which application threads were stopped: 0.0045140 seconds, Stopping threads took: 0.0021120 seconds
124.465: Application time: 0.0798530 seconds
124.467: [GC [PSYoungGen: 91568K->6432K(97280K)] 100273K->15137K(319488K), 0.0018830 secs] [Times: user=0.01 sys=0.00, real=0.00 secs] 
124.469: Total time for which application threads were stopped: 0.0045720 seconds, Stopping threads took: 0.0026070 seconds
124.546: Application time: 0.0770340 seconds
124.549: [GC [PSYoungGen: 89888K->6768K(97280K)] 98593K->15481K(319488K), 0.0019850 secs] [Times: user=0.01 sys=0.00, real=0.00 secs] 
124.551: Total time for which application threads were stopped: 0.0045710 seconds, Stopping threads took: 0.0025060 seconds
124.632: Application time: 0.0814320 seconds
124.639: [GC [PSYoungGen: 90224K->7232K(97280K)] 98937K->15953K(319488K), 0.0021060 secs] [Times: user=0.02 sys=0.00, real=0.00 secs] 
124.641: Total time for which application threads were stopped: 0.0089560 seconds, Stopping threads took: 0.0067700 seconds
124.720: Application time: 0.0785560 seconds
124.722: [GC [PSYoungGen: 90688K->7232K(97280K)] 99409K->15961K(319488K), 0.0021510 secs] [Times: user=0.01 sys=0.00, real=0.00 secs] 
124.724: Total time for which application threads were stopped: 0.0043800 seconds, Stopping threads took: 0.0021460 seconds
124.806: Application time: 0.0817840 seconds
124.809: [GC [PSYoungGen: 90688K->6288K(97280K)] 99417K->15025K(319488K), 0.0018110 secs] [Times: user=0.01 sys=0.00, real=0.00 secs] 
124.811: Total time for which application threads were stopped: 0.0049390 seconds, Stopping threads took: 0.0030350 seconds
124.890: Application time: 0.0796580 seconds
124.893: [GC [PSYoungGen: 89744K->6320K(97280K)] 98481K->15057K(319488K), 0.0018010 secs] [Times: user=0.01 sys=0.00, real=0.00 secs] 
124.894: Total time for which application threads were stopped: 0.0039200 seconds, Stopping threads took: 0.0020380 seconds
124.974: Application time: 0.0797400 seconds
124.977: [GC [PSYoungGen: 89776K->7536K(97280K)] 98513K->16273K(319488K), 0.0021450 secs] [Times: user=0.01 sys=0.00, real=0.00 secs] 
124.979: Total time for which application threads were stopped: 0.0048380 seconds, Stopping threads took: 0.0026100 seconds
125.062: Application time: 0.0829100 seconds
125.065: [GC [PSYoungGen: 90992K->7568K(97280K)] 99729K->16305K(319488K), 0.0020840 secs] [Times: user=0.02 sys=0.00, real=0.01 secs] 
125.067: Total time for which application threads were stopped: 0.0053700 seconds, Stopping threads took: 0.0032070 seconds
125.146: Application time: 0.0783860 seconds
125.148: [GC [PSYoungGen: 91024K->8288K(97280K)] 99761K->17041K(319488K), 0.0025400 secs] [Times: user=0.01 sys=0.00, real=0.00 secs] 
125.151: Total time for which application threads were stopped: 0.0051460 seconds, Stopping threads took: 0.0025140 seconds
125.227: Application time: 0.0760260 seconds
125.229: [GC [PSYoungGen: 91744K->6880K(97280K)] 100497K->15641K(319488K), 0.0019680 secs] [Times: user=0.01 sys=0.00, real=0.00 secs] 
125.231: Total time for which application threads were stopped: 0.0043370 seconds, Stopping threads took: 0.0022890 seconds
125.309: Application time: 0.0778220 seconds
125.311: [GC [PSYoungGen: 90336K->7600K(97280K)] 99097K->16369K(319488K), 0.0022230 secs] [Times: user=0.01 sys=0.00, real=0.00 secs] 
125.313: Total time for which application threads were stopped: 0.0040070 seconds, Stopping threads took: 0.0016960 seconds
125.387: Application time: 0.0740310 seconds
125.390: [GC [PSYoungGen: 91056K->6992K(97280K)] 99825K->15761K(319488K), 0.0020680 secs] [Times: user=0.01 sys=0.00, real=0.00 secs] 
125.392: Total time for which application threads were stopped: 0.0049820 seconds, Stopping threads took: 0.0028320 seconds
125.464: Application time: 0.0722030 seconds
125.467: [GC [PSYoungGen: 90448K->7456K(97280K)] 99217K->16225K(319488K), 0.0020770 secs] [Times: user=0.01 sys=0.00, real=0.00 secs] 
125.469: Total time for which application threads were stopped: 0.0052050 seconds, Stopping threads took: 0.0030460 seconds
125.546: Application time: 0.0761820 seconds
125.548: [GC [PSYoungGen: 90912K->5616K(97280K)] 99681K->14385K(319488K), 0.0018860 secs] [Times: user=0.01 sys=0.00, real=0.00 secs] 
125.550: Total time for which application threads were stopped: 0.0040920 seconds, Stopping threads took: 0.0021140 seconds
125.627: Application time: 0.0776150 seconds
125.629: [GC [PSYoungGen: 89072K->5808K(97280K)] 97841K->14585K(319488K), 0.0018670 secs] [Times: user=0.01 sys=0.00, real=0.00 secs] 
125.631: Total time for which application threads were stopped: 0.0034690 seconds, Stopping threads took: 0.0015280 seconds
125.707: Application time: 0.0762550 seconds
125.710: [GC [PSYoungGen: 89264K->7808K(97280K)] 98041K->16593K(319488K), 0.0023760 secs] [Times: user=0.02 sys=0.00, real=0.00 secs] 
125.712: Total time for which application threads were stopped: 0.0050630 seconds, Stopping threads took: 0.0026050 seconds
125.788: Application time: 0.0757360 seconds
125.789: [GC [PSYoungGen: 91264K->7344K(97280K)] 100049K->16137K(319488K), 0.0023350 secs] [Times: user=0.01 sys=0.00, real=0.00 secs] 
125.792: Total time for which application threads were stopped: 0.0037970 seconds, Stopping threads took: 0.0013860 seconds
125.861: Application time: 0.0694760 seconds
125.864: [GC [PSYoungGen: 90800K->7520K(97280K)] 99593K->16313K(319488K), 0.0023650 secs] [Times: user=0.02 sys=0.00, real=0.00 secs] 
125.866: Total time for which application threads were stopped: 0.0051590 seconds, Stopping threads took: 0.0026770 seconds
125.948: Application time: 0.0812650 seconds
125.949: [GC [PSYoungGen: 90976K->4304K(97280K)] 99769K->13097K(319488K), 0.0015380 secs] [Times: user=0.01 sys=0.00, real=0.00 secs] 
125.950: Total time for which application threads were stopped: 0.0027930 seconds, Stopping threads took: 0.0011800 seconds
126.026: Application time: 0.0758160 seconds
126.028: [GC [PSYoungGen: 87760K->4944K(97280K)] 96553K->13737K(319488K), 0.0015390 secs] [Times: user=0.01 sys=0.00, real=0.00 secs] 
126.029: Total time for which application threads were stopped: 0.0029000 seconds, Stopping threads took: 0.0012890 seconds
126.103: Application time: 0.0735240 seconds
126.105: [GC [PSYoungGen: 88400K->8224K(97280K)] 97193K->17025K(319488K), 0.0023740 secs] [Times: user=0.01 sys=0.00, real=0.01 secs] 
126.107: Total time for which application threads were stopped: 0.0044920 seconds, Stopping threads took: 0.0020370 seconds
126.179: Application time: 0.0714300 seconds
126.180: [GC [PSYoungGen: 91680K->7600K(97280K)] 100481K->16409K(319488K), 0.0021650 secs] [Times: user=0.02 sys=0.00, real=0.00 secs] 
126.182: Total time for which application threads were stopped: 0.0039200 seconds, Stopping threads took: 0.0016750 seconds
126.257: Application time: 0.0746880 seconds
126.260: [GC [PSYoungGen: 91056K->6912K(97280K)] 99865K->15729K(319488K), 0.0020830 secs] [Times: user=0.01 sys=0.00, real=0.00 secs] 
126.262: Total time for which application threads were stopped: 0.0045080 seconds, Stopping threads took: 0.0023440 seconds
126.335: Application time: 0.0735340 seconds
126.337: [GC [PSYoungGen: 90368K->6608K(97280K)] 99185K->15433K(319488K), 0.0018750 secs] [Times: user=0.01 sys=0.00, real=0.00 secs] 
126.339: Total time for which application threads were stopped: 0.0040560 seconds, Stopping threads took: 0.0021060 seconds
126.413: Application time: 0.0741210 seconds
126.416: [GC [PSYoungGen: 90064K->6192K(97280K)] 98889K->15017K(319488K), 0.0017450 secs] [Times: user=0.01 sys=0.00, real=0.00 secs] 
126.418: Total time for which application threads were stopped: 0.0044070 seconds, Stopping threads took: 0.0025790 seconds
126.492: Application time: 0.0743940 seconds
126.494: [GC [PSYoungGen: 89648K->6640K(97280K)] 98473K->15465K(319488K), 0.0019320 secs] [Times: user=0.01 sys=0.00, real=0.01 secs] 
126.496: Total time for which application threads were stopped: 0.0040620 seconds, Stopping threads took: 0.0020500 seconds
126.571: Application time: 0.0744360 seconds
126.572: [GC [PSYoungGen: 90096K->6432K(97280K)] 98921K->15265K(319488K), 0.0019490 secs] [Times: user=0.01 sys=0.00, real=0.00 secs] 
126.574: Total time for which application threads were stopped: 0.0036820 seconds, Stopping threads took: 0.0016530 seconds
126.650: Application time: 0.0757420 seconds
126.653: [GC [PSYoungGen: 89888K->6144K(97280K)] 98721K->14985K(319488K), 0.0018010 secs] [Times: user=0.01 sys=0.00, real=0.00 secs] 
126.655: Total time for which application threads were stopped: 0.0044790 seconds, Stopping threads took: 0.0026000 seconds
126.730: Application time: 0.0753160 seconds
126.732: [GC [PSYoungGen: 89600K->7072K(97280K)] 98441K->15921K(319488K), 0.0020740 secs] [Times: user=0.01 sys=0.00, real=0.00 secs] 
126.734: Total time for which application threads were stopped: 0.0045910 seconds, Stopping threads took: 0.0024330 seconds
126.809: Application time: 0.0744550 seconds
126.812: [GC [PSYoungGen: 90528K->5696K(97280K)] 99377K->14553K(319488K), 0.0016000 secs] [Times: user=0.01 sys=0.01, real=0.00 secs] 
126.813: Total time for which application threads were stopped: 0.0043630 seconds, Stopping threads took: 0.0026900 seconds
126.888: Application time: 0.0751960 seconds
126.891: [GC [PSYoungGen: 89152K->6160K(97280K)] 98009K->15017K(319488K), 0.0019050 secs] [Times: user=0.01 sys=0.00, real=0.00 secs] 
126.893: Total time for which application threads were stopped: 0.0041280 seconds, Stopping threads took: 0.0021410 seconds
126.966: Application time: 0.0734660 seconds
126.968: [GC [PSYoungGen: 89616K->6704K(97280K)] 98473K->15561K(319488K), 0.0020010 secs] [Times: user=0.02 sys=0.00, real=0.00 secs] 
126.970: Total time for which application threads were stopped: 0.0043380 seconds, Stopping threads took: 0.0022450 seconds
127.044: Application time: 0.0738060 seconds
127.046: [GC [PSYoungGen: 90160K->8000K(97280K)] 99017K->16857K(319488K), 0.0022970 secs] [Times: user=0.02 sys=0.00, real=0.01 secs] 
127.048: Total time for which application threads were stopped: 0.0041480 seconds, Stopping threads took: 0.0017700 seconds
127.125: Application time: 0.0761680 seconds
127.126: [GC [PSYoungGen: 91456K->7792K(97280K)] 100313K->16657K(319488K), 0.0022240 secs] [Times: user=0.02 sys=0.00, real=0.01 secs] 
127.129: Total time for which application threads were stopped: 0.0040310 seconds, Stopping threads took: 0.0017270 seconds
127.206: Application time: 0.0774480 seconds
127.209: [GC [PSYoungGen: 91247K->6960K(97280K)] 100113K->15833K(319488K), 0.0034180 secs] [Times: user=0.02 sys=0.00, real=0.00 secs] 
127.212: Total time for which application threads were stopped: 0.0060890 seconds, Stopping threads took: 0.0025710 seconds
127.285: Application time: 0.0731260 seconds
127.288: [GC [PSYoungGen: 90416K->7776K(97280K)] 99289K->16665K(319488K), 0.0022140 secs] [Times: user=0.02 sys=0.00, real=0.00 secs] 
127.290: Total time for which application threads were stopped: 0.0050320 seconds, Stopping threads took: 0.0027330 seconds
127.364: Application time: 0.0736810 seconds
127.366: [GC [PSYoungGen: 91232K->7248K(97280K)] 100121K->16137K(319488K), 0.0021680 secs] [Times: user=0.02 sys=0.00, real=0.01 secs] 
127.368: Total time for which application threads were stopped: 0.0042910 seconds, Stopping threads took: 0.0020410 seconds
127.443: Application time: 0.0747820 seconds
127.445: [GC [PSYoungGen: 90704K->6720K(97280K)] 99593K->15609K(319488K), 0.0019260 secs] [Times: user=0.01 sys=0.00, real=0.01 secs] 
127.447: Total time for which application threads were stopped: 0.0038840 seconds, Stopping threads took: 0.0018810 seconds
127.522: Application time: 0.0748980 seconds
127.525: [GC [PSYoungGen: 90176K->6896K(97280K)] 99065K->15785K(319488K), 0.0019940 secs] [Times: user=0.01 sys=0.00, real=0.00 secs] 
127.527: Total time for which application threads were stopped: 0.0047220 seconds, Stopping threads took: 0.0026400 seconds
127.600: Application time: 0.0729860 seconds
127.601: [GC [PSYoungGen: 90352K->7616K(97280K)] 99241K->16513K(319488K), 0.0022720 secs] [Times: user=0.02 sys=0.00, real=0.00 secs] 
127.603: Total time for which application threads were stopped: 0.0038380 seconds, Stopping threads took: 0.0014860 seconds
127.679: Application time: 0.0759460 seconds
127.681: [GC [PSYoungGen: 91072K->5264K(97280K)] 99969K->14169K(319488K), 0.0015900 secs] [Times: user=0.01 sys=0.00, real=0.00 secs] 
127.683: Total time for which application threads were stopped: 0.0036680 seconds, Stopping threads took: 0.0019990 seconds
127.758: Application time: 0.0745440 seconds
127.760: [GC [PSYoungGen: 88720K->6000K(97280K)] 97625K->14913K(319488K), 0.0016840 secs] [Times: user=0.01 sys=0.00, real=0.00 secs] 
127.762: Total time for which application threads were stopped: 0.0043480 seconds, Stopping threads took: 0.0025850 seconds
127.837: Application time: 0.0752810 seconds
127.840: [GC [PSYoungGen: 89456K->6592K(97280K)] 98369K->15505K(319488K), 0.0018840 secs] [Times: user=0.01 sys=0.00, real=0.00 secs] 
127.842: Total time for which application threads were stopped: 0.0048350 seconds, Stopping threads took: 0.0028760 seconds
127.916: Application time: 0.0741830 seconds
127.918: [GC [PSYoungGen: 90048K->6336K(97280K)] 98961K->15249K(319488K), 0.0019170 secs] [Times: user=0.01 sys=0.00, real=0.00 secs] 
127.920: Total time for which application threads were stopped: 0.0035240 seconds, Stopping threads took: 0.0015260 seconds
127.993: Application time: 0.0727980 seconds
127.995: [GC [PSYoungGen: 89792K->7696K(97280K)] 98705K->16609K(319488K), 0.0022780 secs] [Times: user=0.02 sys=0.00, real=0.01 secs] 
127.997: Total time for which application threads were stopped: 0.0044640 seconds, Stopping threads took: 0.0021010 seconds
128.072: Application time: 0.0753440 seconds
128.075: [GC [PSYoungGen: 91152K->7104K(97280K)] 100065K->16025K(319488K), 0.0020360 secs] [Times: user=0.01 sys=0.00, real=0.00 secs] 
128.077: Total time for which application threads were stopped: 0.0046020 seconds, Stopping threads took: 0.0024760 seconds
128.152: Application time: 0.0754160 seconds
128.153: [GC [PSYoungGen: 90560K->5904K(97280K)] 99481K->14833K(319488K), 0.0017310 secs] [Times: user=0.00 sys=0.01, real=0.01 secs] 
128.155: Total time for which application threads were stopped: 0.0025090 seconds, Stopping threads took: 0.0006940 seconds
128.232: Application time: 0.0767110 seconds
128.234: [GC [PSYoungGen: 89360K->6640K(97280K)] 98289K->15577K(319488K), 0.0018830 secs] [Times: user=0.02 sys=0.00, real=0.01 secs] 
128.235: Total time for which application threads were stopped: 0.0038430 seconds, Stopping threads took: 0.0018780 seconds
128.312: Application time: 0.0763390 seconds
128.314: [GC [PSYoungGen: 90096K->6656K(97280K)] 99033K->15593K(319488K), 0.0019110 secs] [Times: user=0.01 sys=0.00, real=0.01 secs] 
128.316: Total time for which application threads were stopped: 0.0044510 seconds, Stopping threads took: 0.0024640 seconds
128.392: Application time: 0.0760860 seconds
128.395: [GC [PSYoungGen: 90112K->7280K(97280K)] 99049K->16217K(319488K), 0.0020500 secs] [Times: user=0.01 sys=0.00, real=0.01 secs] 
128.397: Total time for which application threads were stopped: 0.0045430 seconds, Stopping threads took: 0.0024130 seconds
128.471: Application time: 0.0739390 seconds
128.473: [GC [PSYoungGen: 90736K->6704K(97280K)] 99673K->15641K(319488K), 0.0020120 secs] [Times: user=0.01 sys=0.00, real=0.01 secs] 
128.475: Total time for which application threads were stopped: 0.0041420 seconds, Stopping threads took: 0.0020440 seconds
128.548: Application time: 0.0730710 seconds
128.551: [GC [PSYoungGen: 90160K->7808K(97280K)] 99097K->16753K(319488K), 0.0022710 secs] [Times: user=0.01 sys=0.00, real=0.00 secs] 
128.553: Total time for which application threads were stopped: 0.0050330 seconds, Stopping threads took: 0.0026810 seconds
128.630: Application time: 0.0772130 seconds
128.633: [GC [PSYoungGen: 91264K->7136K(97280K)] 100209K->16089K(319488K), 0.0022860 secs] [Times: user=0.02 sys=0.00, real=0.00 secs] 
128.635: Total time for which application threads were stopped: 0.0045660 seconds, Stopping threads took: 0.0021640 seconds
128.708: Application time: 0.0729120 seconds
128.710: [GC [PSYoungGen: 90592K->7520K(97280K)] 99545K->16481K(319488K), 0.0022800 secs] [Times: user=0.02 sys=0.00, real=0.00 secs] 
128.712: Total time for which application threads were stopped: 0.0043750 seconds, Stopping threads took: 0.0019970 seconds
128.789: Application time: 0.0765100 seconds
128.790: [GC [PSYoungGen: 90976K->8016K(97280K)] 99937K->16977K(319488K), 0.0025410 secs] [Times: user=0.02 sys=0.00, real=0.00 secs] 
128.792: Total time for which application threads were stopped: 0.0037340 seconds, Stopping threads took: 0.0011120 seconds
128.867: Application time: 0.0742700 seconds
128.868: [GC [PSYoungGen: 91472K->6432K(97280K)] 100433K->15393K(319488K), 0.0018150 secs] [Times: user=0.01 sys=0.00, real=0.00 secs] 
128.870: Total time for which application threads were stopped: 0.0033070 seconds, Stopping threads took: 0.0014150 seconds
128.943: Application time: 0.0730480 seconds
128.946: [GC [PSYoungGen: 89888K->6992K(97280K)] 98849K->15953K(319488K), 0.0023380 secs] [Times: user=0.02 sys=0.00, real=0.01 secs] 
128.948: Total time for which application threads were stopped: 0.0049550 seconds, Stopping threads took: 0.0025130 seconds
129.024: Application time: 0.0756620 seconds
129.027: [GC [PSYoungGen: 90448K->8368K(97280K)] 99409K->17337K(319488K), 0.0024890 secs] [Times: user=0.02 sys=0.00, real=0.01 secs] 
129.029: Total time for which application threads were stopped: 0.0055650 seconds, Stopping threads took: 0.0029900 seconds
129.107: Application time: 0.0782350 seconds
129.110: [GC [PSYoungGen: 91824K->6016K(97280K)] 100793K->14993K(319488K), 0.0017710 secs] [Times: user=0.02 sys=0.00, real=0.00 secs] 
129.112: Total time for which application threads were stopped: 0.0044270 seconds, Stopping threads took: 0.0025730 seconds
129.187: Application time: 0.0750910 seconds
129.188: [GC [PSYoungGen: 89472K->6384K(97280K)] 98449K->15369K(319488K), 0.0018090 secs] [Times: user=0.01 sys=0.00, real=0.00 secs] 
129.190: Total time for which application threads were stopped: 0.0032900 seconds, Stopping threads took: 0.0014000 seconds
129.273: Application time: 0.0825490 seconds
129.276: [GC [PSYoungGen: 89840K->7120K(97280K)] 98825K->16113K(319488K), 0.0020670 secs] [Times: user=0.01 sys=0.00, real=0.00 secs] 
129.278: Total time for which application threads were stopped: 0.0050690 seconds, Stopping threads took: 0.0029190 seconds
129.357: Application time: 0.0790400 seconds
129.359: [GC [PSYoungGen: 90576K->7808K(97280K)] 99569K->16801K(319488K), 0.0024360 secs] [Times: user=0.02 sys=0.00, real=0.00 secs] 
129.361: Total time for which application threads were stopped: 0.0044180 seconds, Stopping threads took: 0.0018910 seconds
129.439: Application time: 0.0778580 seconds
129.442: [GC [PSYoungGen: 91264K->7248K(97280K)] 100257K->16241K(319488K), 0.0021140 secs] [Times: user=0.02 sys=0.00, real=0.00 secs] 
129.444: Total time for which application threads were stopped: 0.0047410 seconds, Stopping threads took: 0.0025350 seconds
129.521: Application time: 0.0773140 seconds
129.525: [GC [PSYoungGen: 90704K->7520K(97280K)] 99697K->16513K(319488K), 0.0021620 secs] [Times: user=0.01 sys=0.00, real=0.00 secs] 
129.527: Total time for which application threads were stopped: 0.0055140 seconds, Stopping threads took: 0.0032690 seconds
129.607: Application time: 0.0801430 seconds
129.609: [GC [PSYoungGen: 90976K->7984K(97280K)] 99969K->16985K(319488K), 0.0022810 secs] [Times: user=0.01 sys=0.00, real=0.00 secs] 
129.612: Total time for which application threads were stopped: 0.0048810 seconds, Stopping threads took: 0.0025170 seconds
129.691: Application time: 0.0788790 seconds
129.694: [GC [PSYoungGen: 91440K->7920K(97280K)] 100441K->16929K(319488K), 0.0023670 secs] [Times: user=0.01 sys=0.00, real=0.01 secs] 
129.696: Total time for which application threads were stopped: 0.0052510 seconds, Stopping threads took: 0.0027960 seconds
129.776: Application time: 0.0802160 seconds
129.779: [GC [PSYoungGen: 91376K->6800K(97280K)] 100385K->15817K(319488K), 0.0019500 secs] [Times: user=0.02 sys=0.00, real=0.00 secs] 
129.781: Total time for which application threads were stopped: 0.0050330 seconds, Stopping threads took: 0.0030060 seconds
129.858: Application time: 0.0768710 seconds
129.860: [GC [PSYoungGen: 90256K->8272K(97280K)] 99273K->17289K(319488K), 0.0025580 secs] [Times: user=0.02 sys=0.00, real=0.00 secs] 
129.863: Total time for which application threads were stopped: 0.0046800 seconds, Stopping threads took: 0.0020400 seconds
129.942: Application time: 0.0792500 seconds
129.944: [GC [PSYoungGen: 91728K->5632K(97280K)] 100745K->14649K(319488K), 0.0016420 secs] [Times: user=0.01 sys=0.00, real=0.00 secs] 
129.945: Total time for which application threads were stopped: 0.0032520 seconds, Stopping threads took: 0.0015310 seconds
130.022: Application time: 0.0765930 seconds
130.024: [GC [PSYoungGen: 89088K->7376K(97280K)] 98105K->16393K(319488K), 0.0021050 secs] [Times: user=0.02 sys=0.00, real=0.00 secs] 
130.026: Total time for which application threads were stopped: 0.0046290 seconds, Stopping threads took: 0.0024460 seconds
130.106: Application time: 0.0796080 seconds
130.108: [GC [PSYoungGen: 90832K->7120K(97280K)] 99849K->16145K(319488K), 0.0020680 secs] [Times: user=0.02 sys=0.00, real=0.00 secs] 
130.111: Total time for which application threads were stopped: 0.0044890 seconds, Stopping threads took: 0.0023400 seconds
130.190: Application time: 0.0797650 seconds
130.193: [GC [PSYoungGen: 90576K->6688K(97280K)] 99601K->15721K(319488K), 0.0019470 secs] [Times: user=0.01 sys=0.00, real=0.01 secs] 
130.195: Total time for which application threads were stopped: 0.0049320 seconds, Stopping threads took: 0.0029060 seconds
130.275: Application time: 0.0797280 seconds
130.277: [GC [PSYoungGen: 90144K->7872K(97280K)] 99177K->16913K(319488K), 0.0022600 secs] [Times: user=0.01 sys=0.00, real=0.00 secs] 
130.280: Total time for which application threads were stopped: 0.0045230 seconds, Stopping threads took: 0.0021720 seconds
130.358: Application time: 0.0786910 seconds
130.361: [GC [PSYoungGen: 91328K->7312K(97280K)] 100369K->16353K(319488K), 0.0021150 secs] [Times: user=0.01 sys=0.00, real=0.00 secs] 
130.363: Total time for which application threads were stopped: 0.0048770 seconds, Stopping threads took: 0.0026830 seconds
130.443: Application time: 0.0794170 seconds
130.444: [GC [PSYoungGen: 90768K->6128K(97280K)] 99809K->15169K(319488K), 0.0018930 secs] [Times: user=0.01 sys=0.00, real=0.00 secs] 
130.446: Total time for which application threads were stopped: 0.0034550 seconds, Stopping threads took: 0.0014780 seconds
130.527: Application time: 0.0806200 seconds
130.530: [GC [PSYoungGen: 89584K->6544K(97280K)] 98625K->15585K(319488K), 0.0019690 secs] [Times: user=0.01 sys=0.00, real=0.00 secs] 
130.532: Total time for which application threads were stopped: 0.0050890 seconds, Stopping threads took: 0.0030390 seconds
130.611: Application time: 0.0794810 seconds
130.613: [GC [PSYoungGen: 90000K->7232K(97280K)] 99041K->16281K(319488K), 0.0021420 secs] [Times: user=0.01 sys=0.00, real=0.01 secs] 
130.615: Total time for which application threads were stopped: 0.0041120 seconds, Stopping threads took: 0.0018890 seconds
130.697: Application time: 0.0818240 seconds
130.699: [GC [PSYoungGen: 90688K->7312K(97280K)] 99737K->16369K(319488K), 0.0020830 secs] [Times: user=0.02 sys=0.00, real=0.00 secs] 
130.701: Total time for which application threads were stopped: 0.0041280 seconds, Stopping threads took: 0.0019670 seconds
130.780: Application time: 0.0789010 seconds
130.783: [GC [PSYoungGen: 90768K->6864K(97280K)] 99825K->15929K(319488K), 0.0020290 secs] [Times: user=0.01 sys=0.00, real=0.00 secs] 
130.785: Total time for which application threads were stopped: 0.0049410 seconds, Stopping threads took: 0.0028210 seconds
130.865: Application time: 0.0795140 seconds
130.867: [GC [PSYoungGen: 90320K->6720K(97280K)] 99385K->15785K(319488K), 0.0019960 secs] [Times: user=0.01 sys=0.00, real=0.00 secs] 
130.869: Total time for which application threads were stopped: 0.0044560 seconds, Stopping threads took: 0.0023800 seconds
130.949: Application time: 0.0800990 seconds
130.952: [GC [PSYoungGen: 90176K->8064K(97280K)] 99241K->17129K(319488K), 0.0024050 secs] [Times: user=0.01 sys=0.00, real=0.00 secs] 
130.954: Total time for which application threads were stopped: 0.0051110 seconds, Stopping threads took: 0.0026220 seconds
131.033: Application time: 0.0785560 seconds
131.035: [GC [PSYoungGen: 91520K->7392K(97280K)] 100585K->16457K(319488K), 0.0022550 secs] [Times: user=0.01 sys=0.00, real=0.00 secs] 
131.038: Total time for which application threads were stopped: 0.0049110 seconds, Stopping threads took: 0.0025760 seconds
131.122: Application time: 0.0840230 seconds
131.124: [GC [PSYoungGen: 90848K->5056K(97280K)] 99913K->14121K(319488K), 0.0015590 secs] [Times: user=0.01 sys=0.00, real=0.00 secs] 
131.125: Total time for which application threads were stopped: 0.0034580 seconds, Stopping threads took: 0.0018250 seconds
131.207: Application time: 0.0817030 seconds
131.209: [GC [PSYoungGen: 88512K->6752K(97280K)] 97577K->15825K(319488K), 0.0020780 secs] [Times: user=0.01 sys=0.00, real=0.00 secs] 
131.211: Total time for which application threads were stopped: 0.0037560 seconds, Stopping threads took: 0.0015960 seconds
131.290: Application time: 0.0794560 seconds
131.293: [GC [PSYoungGen: 90208K->7616K(97280K)] 99281K->16697K(319488K), 0.0023410 secs] [Times: user=0.01 sys=0.00, real=0.01 secs] 
131.295: Total time for which application threads were stopped: 0.0049140 seconds, Stopping threads took: 0.0024860 seconds
131.373: Application time: 0.0779380 seconds
131.375: [GC [PSYoungGen: 91072K->7376K(97280K)] 100153K->16465K(319488K), 0.0021520 secs] [Times: user=0.02 sys=0.00, real=0.00 secs] 
131.377: Total time for which application threads were stopped: 0.0040810 seconds, Stopping threads took: 0.0018450 seconds
131.461: Application time: 0.0842600 seconds
131.463: [GC [PSYoungGen: 90832K->5376K(97280K)] 99921K->14465K(319488K), 0.0016870 secs] [Times: user=0.01 sys=0.00, real=0.00 secs] 
131.465: Total time for which application threads were stopped: 0.0032500 seconds, Stopping threads took: 0.0014720 seconds
131.542: Application time: 0.0778590 seconds
131.545: [GC [PSYoungGen: 88832K->8112K(97280K)] 97921K->17201K(319488K), 0.0023410 secs] [Times: user=0.01 sys=0.00, real=0.01 secs] 
131.548: Total time for which application threads were stopped: 0.0052110 seconds, Stopping threads took: 0.0027850 seconds
131.629: Application time: 0.0812700 seconds
131.632: [GC [PSYoungGen: 91568K->5472K(97280K)] 100657K->14561K(319488K), 0.0015940 secs] [Times: user=0.01 sys=0.00, real=0.00 secs] 
131.634: Total time for which application threads were stopped: 0.0047330 seconds, Stopping threads took: 0.0030620 seconds
131.714: Application time: 0.0807510 seconds
131.717: [GC [PSYoungGen: 88928K->6080K(97280K)] 98017K->15177K(319488K), 0.0017950 secs] [Times: user=0.01 sys=0.00, real=0.00 secs] 
131.719: Total time for which application threads were stopped: 0.0048270 seconds, Stopping threads took: 0.0029430 seconds
131.801: Application time: 0.0818780 seconds
131.804: [GC [PSYoungGen: 89536K->6704K(97280K)] 98633K->15809K(319488K), 0.0019040 secs] [Times: user=0.02 sys=0.00, real=0.00 secs] 
131.806: Total time for which application threads were stopped: 0.0049790 seconds, Stopping threads took: 0.0029890 seconds
131.887: Application time: 0.0808280 seconds
131.889: [GC [PSYoungGen: 90160K->7360K(97280K)] 99265K->16473K(319488K), 0.0021010 secs] [Times: user=0.01 sys=0.01, real=0.00 secs] 
131.891: Total time for which application threads were stopped: 0.0041470 seconds, Stopping threads took: 0.0019620 seconds
131.972: Application time: 0.0811850 seconds
131.974: [GC [PSYoungGen: 90816K->6896K(97280K)] 99929K->16009K(319488K), 0.0020190 secs] [Times: user=0.01 sys=0.00, real=0.01 secs] 
131.977: Total time for which application threads were stopped: 0.0042360 seconds, Stopping threads took: 0.0021340 seconds
132.054: Application time: 0.0772820 seconds
132.056: [GC [PSYoungGen: 90352K->8144K(97280K)] 99465K->17257K(319488K), 0.0023140 secs] [Times: user=0.01 sys=0.00, real=0.00 secs] 
132.059: Total time for which application threads were stopped: 0.0049130 seconds, Stopping threads took: 0.0025170 seconds
132.139: Application time: 0.0801860 seconds
132.141: [GC [PSYoungGen: 91600K->7552K(97280K)] 100713K->16665K(319488K), 0.0021230 secs] [Times: user=0.01 sys=0.00, real=0.00 secs] 
132.143: Total time for which application threads were stopped: 0.0045360 seconds, Stopping threads took: 0.0023290 seconds
132.222: Application time: 0.0788270 seconds
132.225: [GC [PSYoungGen: 91008K->7328K(97280K)] 100121K->16449K(319488K), 0.0021380 secs] [Times: user=0.02 sys=0.00, real=0.01 secs] 
132.228: Total time for which application threads were stopped: 0.0053510 seconds, Stopping threads took: 0.0031320 seconds
132.308: Application time: 0.0802820 seconds
132.311: [GC [PSYoungGen: 90784K->6816K(97280K)] 99905K->15945K(319488K), 0.0020470 secs] [Times: user=0.01 sys=0.00, real=0.00 secs] 
132.313: Total time for which application threads were stopped: 0.0048980 seconds, Stopping threads took: 0.0027660 seconds
132.393: Application time: 0.0805540 seconds
132.397: [GC [PSYoungGen: 90272K->6976K(97280K)] 99401K->16121K(319488K), 0.0019400 secs] [Times: user=0.02 sys=0.00, real=0.00 secs] 
132.399: Total time for which application threads were stopped: 0.0052460 seconds, Stopping threads took: 0.0032250 seconds
132.479: Application time: 0.0806990 seconds
132.482: [GC [PSYoungGen: 90432K->7840K(97280K)] 99577K->16985K(319488K), 0.0022340 secs] [Times: user=0.01 sys=0.00, real=0.00 secs] 
132.484: Total time for which application threads were stopped: 0.0049250 seconds, Stopping threads took: 0.0026090 seconds
132.563: Application time: 0.0783210 seconds
132.566: [GC [PSYoungGen: 91296K->8288K(97280K)] 100441K->17433K(319488K), 0.0023960 secs] [Times: user=0.02 sys=0.00, real=0.01 secs] 
132.568: Total time for which application threads were stopped: 0.0056000 seconds, Stopping threads took: 0.0031180 seconds
132.651: Application time: 0.0823650 seconds
132.653: [GC [PSYoungGen: 91744K->7568K(97280K)] 100889K->16713K(319488K), 0.0021560 secs] [Times: user=0.01 sys=0.00, real=0.01 secs] 
132.655: Total time for which application threads were stopped: 0.0048610 seconds, Stopping threads took: 0.0026220 seconds
132.735: Application time: 0.0797940 seconds
132.738: [GC [PSYoungGen: 91024K->8112K(97280K)] 100169K->17265K(319488K), 0.0022740 secs] [Times: user=0.02 sys=0.00, real=0.00 secs] 
132.741: Total time for which application threads were stopped: 0.0054650 seconds, Stopping threads took: 0.0031070 seconds
132.818: Application time: 0.0774510 seconds
132.821: [GC [PSYoungGen: 91568K->7536K(97280K)] 100721K->16697K(319488K), 0.0022490 secs] [Times: user=0.01 sys=0.00, real=0.00 secs] 
132.823: Total time for which application threads were stopped: 0.0048080 seconds, Stopping threads took: 0.0024670 seconds
132.902: Application time: 0.0791880 seconds
132.905: [GC [PSYoungGen: 90992K->6192K(97280K)] 100153K->15361K(319488K), 0.0017660 secs] [Times: user=0.01 sys=0.00, real=0.00 secs] 
132.907: Total time for which application threads were stopped: 0.0046700 seconds, Stopping threads took: 0.0028300 seconds
132.984: Application time: 0.0768450 seconds
132.986: [GC [PSYoungGen: 89648K->6848K(97280K)] 98817K->16025K(319488K), 0.0020140 secs] [Times: user=0.01 sys=0.00, real=0.01 secs] 
132.988: Total time for which application threads were stopped: 0.0047330 seconds, Stopping threads took: 0.0026380 seconds
133.068: Application time: 0.0800920 seconds
133.072: [GC [PSYoungGen: 90304K->8304K(97280K)] 99481K->17481K(319488K), 0.0024030 secs] [Times: user=0.01 sys=0.00, real=0.00 secs] 
133.074: Total time for which application threads were stopped: 0.0057630 seconds, Stopping threads took: 0.0032580 seconds
133.150: Application time: 0.0762120 seconds
133.154: [GC [PSYoungGen: 91760K->6624K(97280K)] 100937K->15801K(319488K), 0.0020640 secs] [Times: user=0.02 sys=0.00, real=0.01 secs] 
133.156: Total time for which application threads were stopped: 0.0053030 seconds, Stopping threads took: 0.0031560 seconds
133.231: Application time: 0.0749350 seconds
133.233: [GC [PSYoungGen: 90080K->7616K(97280K)] 99257K->16801K(319488K), 0.0022050 secs] [Times: user=0.01 sys=0.00, real=0.01 secs] 
133.235: Total time for which application threads were stopped: 0.0044810 seconds, Stopping threads took: 0.0021840 seconds
133.310: Application time: 0.0750510 seconds
133.312: [GC [PSYoungGen: 91072K->7600K(97280K)] 100257K->16793K(319488K), 0.0022900 secs] [Times: user=0.02 sys=0.00, real=0.00 secs] 
133.314: Total time for which application threads were stopped: 0.0040150 seconds, Stopping threads took: 0.0016450 seconds
133.389: Application time: 0.0750060 seconds
133.391: [GC [PSYoungGen: 91056K->7376K(97280K)] 100249K->16577K(319488K), 0.0020180 secs] [Times: user=0.01 sys=0.00, real=0.00 secs] 
133.393: Total time for which application threads were stopped: 0.0041880 seconds, Stopping threads took: 0.0020840 seconds
133.467: Application time: 0.0734720 seconds
133.469: [GC [PSYoungGen: 90832K->6992K(97280K)] 100033K->16201K(319488K), 0.0019460 secs] [Times: user=0.01 sys=0.00, real=0.00 secs] 
133.471: Total time for which application threads were stopped: 0.0044880 seconds, Stopping threads took: 0.0024630 seconds
133.545: Application time: 0.0734450 seconds
133.548: [GC [PSYoungGen: 90448K->7344K(97280K)] 99657K->16553K(319488K), 0.0020790 secs] [Times: user=0.02 sys=0.00, real=0.00 secs] 
133.550: Total time for which application threads were stopped: 0.0047550 seconds, Stopping threads took: 0.0025940 seconds
133.624: Application time: 0.0746750 seconds
133.627: [GC [PSYoungGen: 90800K->6672K(97280K)] 100009K->15881K(319488K), 0.0019490 secs] [Times: user=0.01 sys=0.00, real=0.01 secs] 
133.629: Total time for which application threads were stopped: 0.0044550 seconds, Stopping threads took: 0.0024300 seconds
133.703: Application time: 0.0741260 seconds
133.706: [GC [PSYoungGen: 90128K->6960K(97280K)] 99337K->16169K(319488K), 0.0019960 secs] [Times: user=0.02 sys=0.00, real=0.01 secs] 
133.708: Total time for which application threads were stopped: 0.0049210 seconds, Stopping threads took: 0.0028390 seconds
133.785: Application time: 0.0767300 seconds
133.787: [GC [PSYoungGen: 90416K->7264K(97280K)] 99625K->16481K(319488K), 0.0021170 secs] [Times: user=0.01 sys=0.00, real=0.00 secs] 
133.790: Total time for which application threads were stopped: 0.0050100 seconds, Stopping threads took: 0.0028080 seconds
133.866: Application time: 0.0766050 seconds
133.867: [GC [PSYoungGen: 90720K->5216K(97280K)] 99937K->14441K(319488K), 0.0015300 secs] [Times: user=0.01 sys=0.00, real=0.00 secs] 
133.869: Total time for which application threads were stopped: 0.0023960 seconds, Stopping threads took: 0.0007980 seconds
133.943: Application time: 0.0743740 seconds
133.945: [GC [PSYoungGen: 88672K->7184K(97280K)] 97897K->16417K(319488K), 0.0021320 secs] [Times: user=0.01 sys=0.00, real=0.01 secs] 
133.947: Total time for which application threads were stopped: 0.0040980 seconds, Stopping threads took: 0.0018770 seconds
134.024: Application time: 0.0769180 seconds
134.027: [GC [PSYoungGen: 90640K->8288K(97280K)] 99873K->17521K(319488K), 0.0023480 secs] [Times: user=0.02 sys=0.00, real=0.01 secs] 
134.029: Total time for which application threads were stopped: 0.0052890 seconds, Stopping threads took: 0.0028630 seconds
134.102: Application time: 0.0732550 seconds
134.105: [GC [PSYoungGen: 91744K->6880K(97280K)] 100977K->16113K(319488K), 0.0020270 secs] [Times: user=0.02 sys=0.00, real=0.00 secs] 
134.107: Total time for which application threads were stopped: 0.0042220 seconds, Stopping threads took: 0.0021190 seconds
134.182: Application time: 0.0747960 seconds
134.183: [GC [PSYoungGen: 90336K->6832K(97280K)] 99569K->16065K(319488K), 0.0019640 secs] [Times: user=0.01 sys=0.00, real=0.00 secs] 
134.185: Total time for which application threads were stopped: 0.0038070 seconds, Stopping threads took: 0.0017630 seconds
134.259: Application time: 0.0735600 seconds
134.261: [GC [PSYoungGen: 90288K->6496K(97280K)] 99521K->15737K(319488K), 0.0018490 secs] [Times: user=0.01 sys=0.00, real=0.00 secs] 
134.263: Total time for which application threads were stopped: 0.0038450 seconds, Stopping threads took: 0.0019150 seconds
134.337: Application time: 0.0739010 seconds
134.339: [GC [PSYoungGen: 89952K->8160K(97280K)] 99193K->17409K(319488K), 0.0023130 secs] [Times: user=0.01 sys=0.01, real=0.00 secs] 
134.341: Total time for which application threads were stopped: 0.0044790 seconds, Stopping threads took: 0.0020850 seconds
134.419: Application time: 0.0780760 seconds
134.421: [GC [PSYoungGen: 91616K->7904K(97280K)] 100865K->17161K(319488K), 0.0041970 secs] [Times: user=0.03 sys=0.00, real=0.00 secs] 
134.425: Total time for which application threads were stopped: 0.0058940 seconds, Stopping threads took: 0.0016150 seconds
134.500: Application time: 0.0751090 seconds
134.503: [GC [PSYoungGen: 91360K->7248K(97280K)] 100617K->16505K(319488K), 0.0020690 secs] [Times: user=0.01 sys=0.00, real=0.00 secs] 
134.505: Total time for which application threads were stopped: 0.0047050 seconds, Stopping threads took: 0.0025490 seconds
134.581: Application time: 0.0762950 seconds
134.584: [GC [PSYoungGen: 90704K->5920K(97280K)] 99961K->15177K(319488K), 0.0016880 secs] [Times: user=0.01 sys=0.00, real=0.00 secs] 
134.585: Total time for which application threads were stopped: 0.0040350 seconds, Stopping threads took: 0.0022710 seconds
134.660: Application time: 0.0746490 seconds
134.662: [GC [PSYoungGen: 89374K->7600K(97280K)] 98631K->16857K(319488K), 0.0021570 secs] [Times: user=0.02 sys=0.00, real=0.00 secs] 
134.664: Total time for which application threads were stopped: 0.0041080 seconds, Stopping threads took: 0.0018720 seconds
134.737: Application time: 0.0728070 seconds
134.739: [GC [PSYoungGen: 91056K->7904K(97280K)] 100313K->17169K(319488K), 0.0023410 secs] [Times: user=0.02 sys=0.00, real=0.00 secs] 
134.741: Total time for which application threads were stopped: 0.0043340 seconds, Stopping threads took: 0.0019110 seconds
134.814: Application time: 0.0731600 seconds
134.817: [GC [PSYoungGen: 91360K->7648K(97280K)] 100625K->16921K(319488K), 0.0021940 secs] [Times: user=0.01 sys=0.00, real=0.00 secs] 
134.819: Total time for which application threads were stopped: 0.0046240 seconds, Stopping threads took: 0.0023470 seconds
134.894: Application time: 0.0752460 seconds
134.897: [GC [PSYoungGen: 91104K->7040K(97280K)] 100377K->16321K(319488K), 0.0019580 secs] [Times: user=0.01 sys=0.00, real=0.00 secs] 
134.899: Total time for which application threads were stopped: 0.0049210 seconds, Stopping threads took: 0.0028820 seconds
134.974: Application time: 0.0745780 seconds
134.976: [GC [PSYoungGen: 90496K->6912K(97280K)] 99777K->16201K(319488K), 0.0018870 secs] [Times: user=0.01 sys=0.00, real=0.00 secs] 
134.978: Total time for which application threads were stopped: 0.0038220 seconds, Stopping threads took: 0.0018670 seconds
135.054: Application time: 0.0761720 seconds
135.056: [GC [PSYoungGen: 90368K->5968K(97280K)] 99657K->15257K(319488K), 0.0017620 secs] [Times: user=0.01 sys=0.00, real=0.00 secs] 
135.057: Total time for which application threads were stopped: 0.0036520 seconds, Stopping threads took: 0.0018020 seconds
135.130: Application time: 0.0722470 seconds
135.131: [GC [PSYoungGen: 89424K->8016K(97280K)] 98713K->17305K(319488K), 0.0023820 secs] [Times: user=0.02 sys=0.00, real=0.00 secs] 
135.133: Total time for which application threads were stopped: 0.0037440 seconds, Stopping threads took: 0.0012830 seconds
135.208: Application time: 0.0741990 seconds
135.209: [GC [PSYoungGen: 91472K->7200K(97280K)] 100761K->16497K(319488K), 0.0021280 secs] [Times: user=0.02 sys=0.00, real=0.00 secs] 
135.211: Total time for which application threads were stopped: 0.0033000 seconds, Stopping threads took: 0.0010940 seconds
135.286: Application time: 0.0748690 seconds
135.288: [GC [PSYoungGen: 90656K->6336K(97280K)] 99953K->15641K(319488K), 0.0018010 secs] [Times: user=0.01 sys=0.00, real=0.00 secs] 
135.289: Total time for which application threads were stopped: 0.0037160 seconds, Stopping threads took: 0.0018470 seconds
135.365: Application time: 0.0757310 seconds
135.367: [GC [PSYoungGen: 89792K->6400K(97280K)] 99097K->15713K(319488K), 0.0018710 secs] [Times: user=0.02 sys=0.00, real=0.00 secs] 
135.369: Total time for which application threads were stopped: 0.0040340 seconds, Stopping threads took: 0.0020830 seconds
135.442: Application time: 0.0731420 seconds
135.445: [GC [PSYoungGen: 89856K->8032K(97280K)] 99169K->17353K(319488K), 0.0022650 secs] [Times: user=0.02 sys=0.00, real=0.01 secs] 
135.447: Total time for which application threads were stopped: 0.0045650 seconds, Stopping threads took: 0.0022190 seconds
135.522: Application time: 0.0750530 seconds
135.524: [GC [PSYoungGen: 91488K->7232K(97280K)] 100809K->16553K(319488K), 0.0021950 secs] [Times: user=0.01 sys=0.00, real=0.00 secs] 
135.526: Total time for which application threads were stopped: 0.0043960 seconds, Stopping threads took: 0.0021150 seconds
135.603: Application time: 0.0767630 seconds
135.605: [GC [PSYoungGen: 90688K->6736K(97280K)] 100009K->16057K(319488K), 0.0019790 secs] [Times: user=0.02 sys=0.00, real=0.01 secs] 
135.607: Total time for which application threads were stopped: 0.0041930 seconds, Stopping threads took: 0.0021300 seconds
135.682: Application time: 0.0743050 seconds
135.684: [GC [PSYoungGen: 90192K->7664K(97280K)] 99513K->16985K(319488K), 0.0021560 secs] [Times: user=0.02 sys=0.00, real=0.00 secs] 
135.687: Total time for which application threads were stopped: 0.0049590 seconds, Stopping threads took: 0.0027250 seconds
135.696: Application time: 0.0089270 seconds
135.698: Total time for which application threads were stopped: 0.0026240 seconds, Stopping threads took: 0.0026040 seconds
135.762: Application time: 0.0634730 seconds
135.763: [GC [PSYoungGen: 91120K->6384K(97280K)] 100441K->15713K(319488K), 0.0018980 secs] [Times: user=0.02 sys=0.00, real=0.00 secs] 
135.765: Total time for which application threads were stopped: 0.0033550 seconds, Stopping threads took: 0.0013760 seconds
135.839: Application time: 0.0739840 seconds
135.841: [GC [PSYoungGen: 89840K->6000K(97280K)] 99169K->15337K(319488K), 0.0017590 secs] [Times: user=0.01 sys=0.00, real=0.00 secs] 
135.843: Total time for which application threads were stopped: 0.0036480 seconds, Stopping threads took: 0.0018130 seconds
135.911: Application time: 0.0679460 seconds
135.913: Total time for which application threads were stopped: 0.0024230 seconds, Stopping threads took: 0.0024010 seconds
135.923: Application time: 0.0103960 seconds
135.924: [GC [PSYoungGen: 89456K->5184K(97280K)] 98793K->14529K(319488K), 0.0017320 secs] [Times: user=0.01 sys=0.00, real=0.00 secs] 
135.925: Total time for which application threads were stopped: 0.0020050 seconds, Stopping threads took: 0.0001990 seconds
135.964: Application time: 0.0382360 seconds
135.965: Total time for which application threads were stopped: 0.0017320 seconds, Stopping threads took: 0.0017070 seconds
136.003: Application time: 0.0380370 seconds
136.004: Total time for which application threads were stopped: 0.0010800 seconds, Stopping threads took: 0.0010600 seconds
136.053: Application time: 0.0490050 seconds
136.054: Total time for which application threads were stopped: 0.0000460 seconds, Stopping threads took: 0.0000180 seconds
136.054: Application time: 0.0005990 seconds
136.054: [GC [PSYoungGen: 88640K->3040K(97280K)] 97985K->12385K(319488K), 0.0008950 secs] [Times: user=0.00 sys=0.00, real=0.01 secs] 
136.055: Total time for which application threads were stopped: 0.0012720 seconds, Stopping threads took: 0.0003230 seconds
136.133: Application time: 0.0779160 seconds
136.135: [GC [PSYoungGen: 86496K->6784K(97280K)] 95841K->16129K(319488K), 0.0020970 secs] [Times: user=0.01 sys=0.01, real=0.01 secs] 
136.137: Total time for which application threads were stopped: 0.0035980 seconds, Stopping threads took: 0.0014070 seconds
136.213: Application time: 0.0757170 seconds
136.214: [GC [PSYoungGen: 90240K->6960K(97280K)] 99585K->16305K(319488K), 0.0021670 secs] [Times: user=0.02 sys=0.00, real=0.01 secs] 
136.216: Total time for which application threads were stopped: 0.0038450 seconds, Stopping threads took: 0.0015930 seconds
136.294: Application time: 0.0770340 seconds
136.295: [GC [PSYoungGen: 90416K->5552K(97280K)] 99761K->14905K(319488K), 0.0017030 secs] [Times: user=0.01 sys=0.00, real=0.00 secs] 
136.297: Total time for which application threads were stopped: 0.0036740 seconds, Stopping threads took: 0.0018920 seconds
136.374: Application time: 0.0765390 seconds
136.376: [GC [PSYoungGen: 89008K->7280K(97280K)] 98361K->16641K(319488K), 0.0023950 secs] [Times: user=0.01 sys=0.00, real=0.00 secs] 
136.379: Total time for which application threads were stopped: 0.0051380 seconds, Stopping threads took: 0.0026480 seconds
136.462: Application time: 0.0830690 seconds
136.463: [GC [PSYoungGen: 90736K->7520K(97280K)] 100097K->16889K(319488K), 0.0024260 secs] [Times: user=0.01 sys=0.00, real=0.00 secs] 
136.466: Total time for which application threads were stopped: 0.0037540 seconds, Stopping threads took: 0.0012360 seconds
136.538: Application time: 0.0723090 seconds
136.541: Total time for which application threads were stopped: 0.0028150 seconds, Stopping threads took: 0.0027840 seconds
136.541: Application time: 0.0002120 seconds
136.543: Total time for which application threads were stopped: 0.0021420 seconds, Stopping threads took: 0.0021230 seconds
136.546: Application time: 0.0023260 seconds
136.549: [GC [PSYoungGen: 90976K->7200K(97280K)] 100345K->16569K(319488K), 0.0020420 secs] [Times: user=0.02 sys=0.00, real=0.00 secs] 
136.551: Total time for which application threads were stopped: 0.0051660 seconds, Stopping threads took: 0.0030450 seconds
136.555: Application time: 0.0040740 seconds
136.555: Total time for which application threads were stopped: 0.0002320 seconds, Stopping threads took: 0.0002080 seconds
136.556: Application time: 0.0006110 seconds
136.557: Total time for which application threads were stopped: 0.0014460 seconds, Stopping threads took: 0.0014250 seconds
136.633: Application time: 0.0759210 seconds
136.634: [GC [PSYoungGen: 90656K->6880K(97280K)] 100025K->16249K(319488K), 0.0020650 secs] [Times: user=0.02 sys=0.00, real=0.01 secs] 
136.637: Total time for which application threads were stopped: 0.0035260 seconds, Stopping threads took: 0.0013780 seconds
136.711: Application time: 0.0746590 seconds
136.713: [GC [PSYoungGen: 90336K->7984K(97280K)] 99705K->17353K(319488K), 0.0023780 secs] [Times: user=0.02 sys=0.00, real=0.01 secs] 
136.716: Total time for which application threads were stopped: 0.0046700 seconds, Stopping threads took: 0.0021960 seconds
136.790: Application time: 0.0744000 seconds
136.793: [GC [PSYoungGen: 91440K->6608K(97280K)] 100809K->15985K(319488K), 0.0019820 secs] [Times: user=0.01 sys=0.00, real=0.00 secs] 
136.795: Total time for which application threads were stopped: 0.0045430 seconds, Stopping threads took: 0.0024730 seconds
136.869: Application time: 0.0740100 seconds
136.872: [GC [PSYoungGen: 90064K->8080K(97280K)] 99441K->17465K(319488K), 0.0024730 secs] [Times: user=0.01 sys=0.00, real=0.00 secs] 
136.874: Total time for which application threads were stopped: 0.0054670 seconds, Stopping threads took: 0.0029110 seconds
136.948: Application time: 0.0736920 seconds
136.949: [GC [PSYoungGen: 91536K->7680K(97280K)] 100921K->17065K(319488K), 0.0023060 secs] [Times: user=0.01 sys=0.00, real=0.00 secs] 
136.951: Total time for which application threads were stopped: 0.0034700 seconds, Stopping threads took: 0.0010640 seconds
137.027: Application time: 0.0753810 seconds
137.030: [GC [PSYoungGen: 91136K->8064K(97280K)] 100521K->17457K(319488K), 0.0024540 secs] [Times: user=0.01 sys=0.00, real=0.00 secs] 
137.032: Total time for which application threads were stopped: 0.0052810 seconds, Stopping threads took: 0.0027440 seconds
137.108: Application time: 0.0760380 seconds
137.110: [GC [PSYoungGen: 91520K->6992K(97280K)] 100913K->16385K(319488K), 0.0020550 secs] [Times: user=0.02 sys=0.00, real=0.00 secs] 
137.113: Total time for which application threads were stopped: 0.0043950 seconds, Stopping threads took: 0.0022350 seconds
137.190: Application time: 0.0777000 seconds
137.193: [GC [PSYoungGen: 90448K->6688K(97280K)] 99841K->16081K(319488K), 0.0019700 secs] [Times: user=0.01 sys=0.01, real=0.01 secs] 
137.195: Total time for which application threads were stopped: 0.0048030 seconds, Stopping threads took: 0.0027500 seconds
137.271: Application time: 0.0762060 seconds
137.273: [GC [PSYoungGen: 90144K->6096K(97280K)] 99537K->15553K(319488K), 0.0018100 secs] [Times: user=0.01 sys=0.00, real=0.00 secs] 
137.275: Total time for which application threads were stopped: 0.0035680 seconds, Stopping threads took: 0.0016690 seconds
137.355: Application time: 0.0797430 seconds
137.358: [GC [PSYoungGen: 89552K->7280K(97280K)] 99009K->16785K(319488K), 0.0021850 secs] [Times: user=0.01 sys=0.00, real=0.00 secs] 
137.360: Total time for which application threads were stopped: 0.0052370 seconds, Stopping threads took: 0.0029680 seconds
137.439: Application time: 0.0793840 seconds
137.441: [GC [PSYoungGen: 90736K->6512K(97280K)] 100241K->16017K(319488K), 0.0018140 secs] [Times: user=0.01 sys=0.00, real=0.00 secs] 
137.443: Total time for which application threads were stopped: 0.0041040 seconds, Stopping threads took: 0.0022060 seconds
137.522: Application time: 0.0791770 seconds
137.525: [GC [PSYoungGen: 89968K->7824K(97280K)] 99473K->17329K(319488K), 0.0023430 secs] [Times: user=0.02 sys=0.00, real=0.01 secs] 
137.528: Total time for which application threads were stopped: 0.0050470 seconds, Stopping threads took: 0.0026200 seconds
137.605: Application time: 0.0778620 seconds
137.608: [GC [PSYoungGen: 91280K->6880K(97280K)] 100785K->16385K(319488K), 0.0020460 secs] [Times: user=0.01 sys=0.00, real=0.00 secs] 
137.610: Total time for which application threads were stopped: 0.0048620 seconds, Stopping threads took: 0.0027290 seconds
137.693: Application time: 0.0824120 seconds
137.693: [GC [PSYoungGen: 90336K->4416K(97280K)] 99841K->13921K(319488K), 0.0014750 secs] [Times: user=0.00 sys=0.00, real=0.00 secs] 
137.695: Total time for which application threads were stopped: 0.0021170 seconds, Stopping threads took: 0.0005690 seconds
137.776: Application time: 0.0816940 seconds
137.779: [GC [PSYoungGen: 87872K->7472K(97280K)] 97377K->16993K(319488K), 0.0021850 secs] [Times: user=0.01 sys=0.00, real=0.00 secs] 
137.782: Total time for which application threads were stopped: 0.0051490 seconds, Stopping threads took: 0.0028700 seconds
137.859: Application time: 0.0770670 seconds
137.861: [GC [PSYoungGen: 90928K->7840K(97280K)] 100449K->17393K(319488K), 0.0024410 secs] [Times: user=0.02 sys=0.00, real=0.00 secs] 
137.863: Total time for which application threads were stopped: 0.0044090 seconds, Stopping threads took: 0.0018850 seconds
137.947: Application time: 0.0834450 seconds
137.949: [GC [PSYoungGen: 91296K->7600K(97280K)] 100849K->17153K(319488K), 0.0022080 secs] [Times: user=0.02 sys=0.00, real=0.00 secs] 
137.951: Total time for which application threads were stopped: 0.0044900 seconds, Stopping threads took: 0.0021990 seconds
138.029: Application time: 0.0778010 seconds
138.032: [GC [PSYoungGen: 91056K->6864K(97280K)] 100609K->16417K(319488K), 0.0019940 secs] [Times: user=0.01 sys=0.00, real=0.00 secs] 
138.034: Total time for which application threads were stopped: 0.0051330 seconds, Stopping threads took: 0.0030540 seconds
138.112: Application time: 0.0783050 seconds
138.114: [GC [PSYoungGen: 90320K->6272K(97280K)] 99873K->15825K(319488K), 0.0017970 secs] [Times: user=0.01 sys=0.00, real=0.01 secs] 
138.116: Total time for which application threads were stopped: 0.0035050 seconds, Stopping threads took: 0.0016350 seconds
138.196: Application time: 0.0797130 seconds
138.197: [GC [PSYoungGen: 89728K->6960K(97280K)] 99281K->16513K(319488K), 0.0021100 secs] [Times: user=0.01 sys=0.00, real=0.00 secs] 
138.199: Total time for which application threads were stopped: 0.0034530 seconds, Stopping threads took: 0.0012570 seconds
138.279: Application time: 0.0802060 seconds
138.282: [GC [PSYoungGen: 90416K->7360K(97280K)] 99969K->16913K(319488K), 0.0021550 secs] [Times: user=0.01 sys=0.00, real=0.00 secs] 
138.284: Total time for which application threads were stopped: 0.0052840 seconds, Stopping threads took: 0.0030390 seconds
138.365: Application time: 0.0807200 seconds
138.368: [GC [PSYoungGen: 90816K->7376K(97280K)] 100369K->16937K(319488K), 0.0021160 secs] [Times: user=0.02 sys=0.00, real=0.00 secs] 
138.370: Total time for which application threads were stopped: 0.0049580 seconds, Stopping threads took: 0.0027590 seconds
138.450: Application time: 0.0800160 seconds
138.453: [GC [PSYoungGen: 90832K->6992K(97280K)] 100393K->16553K(319488K), 0.0020600 secs] [Times: user=0.02 sys=0.00, real=0.01 secs] 
138.455: Total time for which application threads were stopped: 0.0048500 seconds, Stopping threads took: 0.0027100 seconds
138.533: Application time: 0.0784590 seconds
138.535: [GC [PSYoungGen: 90448K->7648K(97280K)] 100009K->17209K(319488K), 0.0025670 secs] [Times: user=0.01 sys=0.01, real=0.01 secs] 
138.537: Total time for which application threads were stopped: 0.0038760 seconds, Stopping threads took: 0.0012240 seconds
138.616: Application time: 0.0788530 seconds
138.619: [GC [PSYoungGen: 91104K->7584K(97280K)] 100665K->17145K(319488K), 0.0023280 secs] [Times: user=0.01 sys=0.00, real=0.00 secs] 
138.622: Total time for which application threads were stopped: 0.0053700 seconds, Stopping threads took: 0.0029350 seconds
138.701: Application time: 0.0790720 seconds
138.703: [GC [PSYoungGen: 91040K->8032K(97280K)] 100601K->17593K(319488K), 0.0024630 secs] [Times: user=0.02 sys=0.00, real=0.00 secs] 
138.706: Total time for which application threads were stopped: 0.0052760 seconds, Stopping threads took: 0.0027080 seconds
138.783: Application time: 0.0774090 seconds
138.786: [GC [PSYoungGen: 91488K->7648K(97280K)] 101049K->17209K(319488K), 0.0022490 secs] [Times: user=0.02 sys=0.00, real=0.01 secs] 
138.789: Total time for which application threads were stopped: 0.0053420 seconds, Stopping threads took: 0.0030000 seconds
138.867: Application time: 0.0782870 seconds
138.869: [GC [PSYoungGen: 91104K->7392K(97280K)] 100665K->16961K(319488K), 0.0021710 secs] [Times: user=0.02 sys=0.00, real=0.00 secs] 
138.871: Total time for which application threads were stopped: 0.0043930 seconds, Stopping threads took: 0.0021410 seconds
138.954: Application time: 0.0821820 seconds
138.956: [GC [PSYoungGen: 90848K->6960K(97280K)] 100417K->16537K(319488K), 0.0019790 secs] [Times: user=0.01 sys=0.00, real=0.00 secs] 
138.958: Total time for which application threads were stopped: 0.0043310 seconds, Stopping threads took: 0.0022750 seconds
139.037: Application time: 0.0787240 seconds
139.039: [GC [PSYoungGen: 90416K->6592K(97280K)] 99993K->16169K(319488K), 0.0019630 secs] [Times: user=0.01 sys=0.00, real=0.00 secs] 
139.041: Total time for which application threads were stopped: 0.0044330 seconds, Stopping threads took: 0.0023800 seconds
139.120: Application time: 0.0794240 seconds
139.123: [GC [PSYoungGen: 90048K->7088K(97280K)] 99625K->16665K(319488K), 0.0021130 secs] [Times: user=0.01 sys=0.00, real=0.00 secs] 
139.125: Total time for which application threads were stopped: 0.0049570 seconds, Stopping threads took: 0.0027670 seconds
139.204: Application time: 0.0787590 seconds
139.206: [GC [PSYoungGen: 90544K->7200K(97280K)] 100121K->16777K(319488K), 0.0020410 secs] [Times: user=0.02 sys=0.00, real=0.01 secs] 
139.208: Total time for which application threads were stopped: 0.0041620 seconds, Stopping threads took: 0.0020400 seconds
139.287: Application time: 0.0781600 seconds
139.289: [GC [PSYoungGen: 90656K->7776K(97280K)] 100233K->17353K(319488K), 0.0021860 secs] [Times: user=0.01 sys=0.00, real=0.00 secs] 
139.292: Total time for which application threads were stopped: 0.0049940 seconds, Stopping threads took: 0.0027250 seconds
139.371: Application time: 0.0798540 seconds
139.374: [GC [PSYoungGen: 91232K->7344K(97280K)] 100809K->16929K(319488K), 0.0022680 secs] [Times: user=0.02 sys=0.00, real=0.01 secs] 
139.377: Total time for which application threads were stopped: 0.0052050 seconds, Stopping threads took: 0.0028520 seconds
139.455: Application time: 0.0781000 seconds
139.457: [GC [PSYoungGen: 90800K->7920K(97280K)] 100385K->17513K(319488K), 0.0023730 secs] [Times: user=0.01 sys=0.00, real=0.00 secs] 
139.460: Total time for which application threads were stopped: 0.0050980 seconds, Stopping threads took: 0.0026430 seconds
139.538: Application time: 0.0782060 seconds
139.540: [GC [PSYoungGen: 91376K->5712K(97280K)] 100969K->15305K(319488K), 0.0017220 secs] [Times: user=0.01 sys=0.00, real=0.00 secs] 
139.542: Total time for which application threads were stopped: 0.0038550 seconds, Stopping threads took: 0.0020530 seconds
139.621: Application time: 0.0787100 seconds
139.624: [GC [PSYoungGen: 89168K->6176K(97280K)] 98761K->15769K(319488K), 0.0018500 secs] [Times: user=0.01 sys=0.00, real=0.00 secs] 
139.626: Total time for which application threads were stopped: 0.0050410 seconds, Stopping threads took: 0.0031140 seconds
139.704: Application time: 0.0779240 seconds
139.704: [GC [PSYoungGen: 89632K->6848K(97280K)] 99225K->16441K(319488K), 0.0020710 secs] [Times: user=0.02 sys=0.00, real=0.00 secs] 
139.706: Total time for which application threads were stopped: 0.0028860 seconds, Stopping threads took: 0.0007330 seconds
139.785: Application time: 0.0782950 seconds
139.787: [GC [PSYoungGen: 90304K->7728K(97280K)] 99897K->17321K(319488K), 0.0022860 secs] [Times: user=0.02 sys=0.00, real=0.00 secs] 
139.790: Total time for which application threads were stopped: 0.0050660 seconds, Stopping threads took: 0.0026980 seconds
139.871: Application time: 0.0809380 seconds
139.873: [GC [PSYoungGen: 91184K->7328K(97280K)] 100777K->16929K(319488K), 0.0022710 secs] [Times: user=0.02 sys=0.00, real=0.01 secs] 
139.876: Total time for which application threads were stopped: 0.0050810 seconds, Stopping threads took: 0.0027170 seconds
139.955: Application time: 0.0795840 seconds
139.959: [GC [PSYoungGen: 90784K->7472K(97280K)] 100385K->17081K(319488K), 0.0022100 secs] [Times: user=0.01 sys=0.00, real=0.00 secs] 
139.961: Total time for which application threads were stopped: 0.0055880 seconds, Stopping threads took: 0.0032740 seconds
140.040: Application time: 0.0789960 seconds
140.042: [GC [PSYoungGen: 90928K->6656K(97280K)] 100537K->16265K(319488K), 0.0019300 secs] [Times: user=0.02 sys=0.00, real=0.00 secs] 
140.044: Total time for which application threads were stopped: 0.0036250 seconds, Stopping threads took: 0.0016160 seconds
140.122: Application time: 0.0787590 seconds
140.124: [GC [PSYoungGen: 90112K->6464K(97280K)] 99721K->16073K(319488K), 0.0019210 secs] [Times: user=0.01 sys=0.00, real=0.00 secs] 
140.126: Total time for which application threads were stopped: 0.0040390 seconds, Stopping threads took: 0.0020350 seconds
140.208: Application time: 0.0811920 seconds
140.210: [GC [PSYoungGen: 89920K->7840K(97280K)] 99529K->17449K(319488K), 0.0026320 secs] [Times: user=0.01 sys=0.00, real=0.00 secs] 
140.213: Total time for which application threads were stopped: 0.0053150 seconds, Stopping threads took: 0.0025830 seconds
140.293: Application time: 0.0803000 seconds
140.295: [GC [PSYoungGen: 91296K->6128K(97280K)] 100905K->15737K(319488K), 0.0018540 secs] [Times: user=0.01 sys=0.00, real=0.01 secs] 
140.297: Total time for which application threads were stopped: 0.0034260 seconds, Stopping threads took: 0.0014720 seconds
140.377: Application time: 0.0803270 seconds
140.379: [GC [PSYoungGen: 89584K->6352K(97280K)] 99193K->15977K(319488K), 0.0019710 secs] [Times: user=0.01 sys=0.00, real=0.00 secs] 
140.381: Total time for which application threads were stopped: 0.0039700 seconds, Stopping threads took: 0.0019130 seconds
140.463: Application time: 0.0819500 seconds
140.465: [GC [PSYoungGen: 89808K->6928K(97280K)] 99433K->16569K(319488K), 0.0019940 secs] [Times: user=0.01 sys=0.00, real=0.01 secs] 
140.467: Total time for which application threads were stopped: 0.0044780 seconds, Stopping threads took: 0.0023980 seconds
140.545: Application time: 0.0779260 seconds
140.548: [GC [PSYoungGen: 90384K->7056K(97280K)] 100025K->16697K(319488K), 0.0021130 secs] [Times: user=0.02 sys=0.00, real=0.00 secs] 
140.550: Total time for which application threads were stopped: 0.0045880 seconds, Stopping threads took: 0.0023950 seconds
140.630: Application time: 0.0801890 seconds
140.633: [GC [PSYoungGen: 90512K->7232K(97280K)] 100153K->16873K(319488K), 0.0021640 secs] [Times: user=0.01 sys=0.00, real=0.01 secs] 
140.635: Total time for which application threads were stopped: 0.0050130 seconds, Stopping threads took: 0.0027620 seconds
140.712: Application time: 0.0771510 seconds
140.715: [GC [PSYoungGen: 90688K->7664K(97280K)] 100329K->17305K(319488K), 0.0022430 secs] [Times: user=0.02 sys=0.01, real=0.01 secs] 
140.717: Total time for which application threads were stopped: 0.0047620 seconds, Stopping threads took: 0.0024370 seconds
140.797: Application time: 0.0797010 seconds
140.799: [GC [PSYoungGen: 91120K->6144K(97280K)] 100761K->15785K(319488K), 0.0018270 secs] [Times: user=0.02 sys=0.00, real=0.00 secs] 
140.801: Total time for which application threads were stopped: 0.0046250 seconds, Stopping threads took: 0.0027190 seconds
140.880: Application time: 0.0787470 seconds
140.882: [GC [PSYoungGen: 89600K->6848K(97280K)] 99241K->16489K(319488K), 0.0020460 secs] [Times: user=0.01 sys=0.00, real=0.00 secs] 
140.884: Total time for which application threads were stopped: 0.0042550 seconds, Stopping threads took: 0.0021170 seconds
140.963: Application time: 0.0789950 seconds
140.967: [GC [PSYoungGen: 90304K->6544K(97280K)] 99945K->16193K(319488K), 0.0018520 secs] [Times: user=0.01 sys=0.00, real=0.01 secs] 
140.969: Total time for which application threads were stopped: 0.0052370 seconds, Stopping threads took: 0.0033020 seconds
141.047: Application time: 0.0785350 seconds
141.049: [GC [PSYoungGen: 90000K->6992K(97280K)] 99649K->16649K(319488K), 0.0020310 secs] [Times: user=0.01 sys=0.00, real=0.00 secs] 
141.051: Total time for which application threads were stopped: 0.0042090 seconds, Stopping threads took: 0.0020970 seconds
141.131: Application time: 0.0796290 seconds
141.133: [GC [PSYoungGen: 90448K->7616K(97280K)] 100105K->17273K(319488K), 0.0021650 secs] [Times: user=0.01 sys=0.00, real=0.01 secs] 
141.136: Total time for which application threads were stopped: 0.0045740 seconds, Stopping threads took: 0.0023270 seconds
141.214: Application time: 0.0782710 seconds
141.216: [GC [PSYoungGen: 91072K->8144K(97280K)] 100729K->17801K(319488K), 0.0023910 secs] [Times: user=0.02 sys=0.00, real=0.00 secs] 
141.218: Total time for which application threads were stopped: 0.0043160 seconds, Stopping threads took: 0.0018390 seconds
141.292: Application time: 0.0734950 seconds
141.294: [GC [PSYoungGen: 91600K->6448K(97280K)] 101257K->16105K(319488K), 0.0019020 secs] [Times: user=0.01 sys=0.00, real=0.01 secs] 
141.296: Total time for which application threads were stopped: 0.0039520 seconds, Stopping threads took: 0.0019630 seconds
141.369: Application time: 0.0735690 seconds
141.371: [GC [PSYoungGen: 89904K->6528K(97280K)] 99561K->16185K(319488K), 0.0018940 secs] [Times: user=0.01 sys=0.00, real=0.00 secs] 
141.373: Total time for which application threads were stopped: 0.0036960 seconds, Stopping threads took: 0.0017260 seconds
141.448: Application time: 0.0752130 seconds
141.451: [GC [PSYoungGen: 89984K->6592K(97280K)] 99641K->16257K(319488K), 0.0018950 secs] [Times: user=0.01 sys=0.00, real=0.00 secs] 
141.453: Total time for which application threads were stopped: 0.0045830 seconds, Stopping threads took: 0.0026010 seconds
141.527: Application time: 0.0747000 seconds
141.529: [GC [PSYoungGen: 90048K->6192K(97280K)] 99713K->15865K(319488K), 0.0018300 secs] [Times: user=0.01 sys=0.00, real=0.00 secs] 
141.531: Total time for which application threads were stopped: 0.0039210 seconds, Stopping threads took: 0.0020120 seconds
141.607: Application time: 0.0754230 seconds
141.609: [GC [PSYoungGen: 89648K->7104K(97280K)] 99321K->16777K(319488K), 0.0021410 secs] [Times: user=0.02 sys=0.00, real=0.00 secs] 
141.611: Total time for which application threads were stopped: 0.0042530 seconds, Stopping threads took: 0.0020340 seconds
141.684: Application time: 0.0729870 seconds
141.687: [GC [PSYoungGen: 90560K->7568K(97280K)] 100233K->17241K(319488K), 0.0022090 secs] [Times: user=0.01 sys=0.00, real=0.01 secs] 
141.689: Total time for which application threads were stopped: 0.0048090 seconds, Stopping threads took: 0.0025200 seconds
141.765: Application time: 0.0759110 seconds
141.766: [GC [PSYoungGen: 91024K->6256K(97280K)] 100697K->15929K(319488K), 0.0018740 secs] [Times: user=0.01 sys=0.00, real=0.01 secs] 
141.768: Total time for which application threads were stopped: 0.0036010 seconds, Stopping threads took: 0.0016500 seconds
141.840: Application time: 0.0719300 seconds
141.843: [GC [PSYoungGen: 89712K->7376K(97280K)] 99385K->17049K(319488K), 0.0022250 secs] [Times: user=0.01 sys=0.00, real=0.00 secs] 
141.845: Total time for which application threads were stopped: 0.0046240 seconds, Stopping threads took: 0.0023160 seconds
141.923: Application time: 0.0777100 seconds
141.925: [GC [PSYoungGen: 90830K->7072K(97280K)] 100504K->16753K(319488K), 0.0020520 secs] [Times: user=0.02 sys=0.00, real=0.01 secs] 
141.927: Total time for which application threads were stopped: 0.0047620 seconds, Stopping threads took: 0.0026280 seconds
142.004: Application time: 0.0770380 seconds
142.007: [GC [PSYoungGen: 90528K->6944K(97280K)] 100209K->16633K(319488K), 0.0019730 secs] [Times: user=0.02 sys=0.00, real=0.00 secs] 
142.009: Total time for which application threads were stopped: 0.0046890 seconds, Stopping threads took: 0.0026270 seconds
142.083: Application time: 0.0741110 seconds
142.085: [GC [PSYoungGen: 90400K->7280K(97280K)] 100089K->16969K(319488K), 0.0021210 secs] [Times: user=0.01 sys=0.00, real=0.00 secs] 
142.087: Total time for which application threads were stopped: 0.0036570 seconds, Stopping threads took: 0.0014600 seconds
142.164: Application time: 0.0768060 seconds
142.167: [GC [PSYoungGen: 90736K->6176K(97280K)] 100425K->15865K(319488K), 0.0018210 secs] [Times: user=0.01 sys=0.00, real=0.01 secs] 
142.168: Total time for which application threads were stopped: 0.0047440 seconds, Stopping threads took: 0.0028440 seconds
142.243: Application time: 0.0748540 seconds
142.246: [GC [PSYoungGen: 89632K->6176K(97280K)] 99321K->15865K(319488K), 0.0019050 secs] [Times: user=0.01 sys=0.00, real=0.01 secs] 
142.248: Total time for which application threads were stopped: 0.0046610 seconds, Stopping threads took: 0.0026810 seconds
142.324: Application time: 0.0758100 seconds
142.325: [GC [PSYoungGen: 89632K->5904K(97280K)] 99321K->15593K(319488K), 0.0017670 secs] [Times: user=0.01 sys=0.00, real=0.00 secs] 
142.327: Total time for which application threads were stopped: 0.0031550 seconds, Stopping threads took: 0.0013040 seconds
142.400: Application time: 0.0733080 seconds
142.402: [GC [PSYoungGen: 89360K->8432K(97280K)] 99049K->18129K(319488K), 0.0024530 secs] [Times: user=0.02 sys=0.00, real=0.00 secs] 
142.405: Total time for which application threads were stopped: 0.0045540 seconds, Stopping threads took: 0.0020200 seconds
142.479: Application time: 0.0746820 seconds
142.481: [GC [PSYoungGen: 91888K->7120K(97280K)] 101585K->16825K(319488K), 0.0022390 secs] [Times: user=0.01 sys=0.00, real=0.00 secs] 
142.484: Total time for which application threads were stopped: 0.0043030 seconds, Stopping threads took: 0.0019840 seconds
142.558: Application time: 0.0739110 seconds
142.560: [GC [PSYoungGen: 90576K->7616K(97280K)] 100281K->17321K(319488K), 0.0024770 secs] [Times: user=0.01 sys=0.00, real=0.00 secs] 
142.562: Total time for which application threads were stopped: 0.0047010 seconds, Stopping threads took: 0.0021220 seconds
142.639: Application time: 0.0762490 seconds
142.640: [GC [PSYoungGen: 91072K->6320K(97280K)] 100777K->16025K(319488K), 0.0019690 secs] [Times: user=0.01 sys=0.00, real=0.00 secs] 
142.642: Total time for which application threads were stopped: 0.0038050 seconds, Stopping threads took: 0.0017430 seconds
142.716: Application time: 0.0731980 seconds
142.718: [GC [PSYoungGen: 89776K->7072K(97280K)] 99481K->16777K(319488K), 0.0023050 secs] [Times: user=0.02 sys=0.00, real=0.00 secs] 
142.721: Total time for which application threads were stopped: 0.0050010 seconds, Stopping threads took: 0.0026000 seconds
142.795: Application time: 0.0746380 seconds
142.797: [GC [PSYoungGen: 90528K->6544K(97280K)] 100233K->16249K(319488K), 0.0021600 secs] [Times: user=0.02 sys=0.00, real=0.00 secs] 
142.800: Total time for which application threads were stopped: 0.0042770 seconds, Stopping threads took: 0.0020140 seconds
142.876: Application time: 0.0761570 seconds
142.878: [GC [PSYoungGen: 90000K->6976K(97280K)] 99705K->16697K(319488K), 0.0020480 secs] [Times: user=0.01 sys=0.00, real=0.00 secs] 
142.880: Total time for which application threads were stopped: 0.0044410 seconds, Stopping threads took: 0.0023100 seconds
142.955: Application time: 0.0750470 seconds
142.958: [GC [PSYoungGen: 90432K->6464K(97280K)] 100153K->16193K(319488K), 0.0019150 secs] [Times: user=0.02 sys=0.00, real=0.00 secs] 
142.960: Total time for which application threads were stopped: 0.0048420 seconds, Stopping threads took: 0.0028480 seconds
143.036: Application time: 0.0762660 seconds
143.039: [GC [PSYoungGen: 89920K->7312K(97280K)] 99649K->17041K(319488K), 0.0020410 secs] [Times: user=0.01 sys=0.00, real=0.00 secs] 
143.041: Total time for which application threads were stopped: 0.0048480 seconds, Stopping threads took: 0.0027320 seconds
143.116: Application time: 0.0752790 seconds
143.119: [GC [PSYoungGen: 90768K->6720K(97280K)] 100497K->16449K(319488K), 0.0019830 secs] [Times: user=0.01 sys=0.00, real=0.00 secs] 
143.121: Total time for which application threads were stopped: 0.0044590 seconds, Stopping threads took: 0.0023860 seconds
143.195: Application time: 0.0745450 seconds
143.198: [GC [PSYoungGen: 90176K->6640K(97280K)] 99905K->16369K(319488K), 0.0018880 secs] [Times: user=0.02 sys=0.00, real=0.00 secs] 
143.200: Total time for which application threads were stopped: 0.0045390 seconds, Stopping threads took: 0.0025750 seconds
143.271: Application time: 0.0712550 seconds
143.273: [GC [PSYoungGen: 90096K->7600K(97280K)] 99825K->17329K(319488K), 0.0021100 secs] [Times: user=0.02 sys=0.00, real=0.01 secs] 
143.276: Total time for which application threads were stopped: 0.0043810 seconds, Stopping threads took: 0.0021890 seconds
143.348: Application time: 0.0723240 seconds
143.349: [GC [PSYoungGen: 91056K->7408K(97280K)] 100785K->17145K(319488K), 0.0021880 secs] [Times: user=0.01 sys=0.00, real=0.00 secs] 
143.351: Total time for which application threads were stopped: 0.0035320 seconds, Stopping threads took: 0.0012630 seconds
143.426: Application time: 0.0746020 seconds
143.429: [GC [PSYoungGen: 90864K->7536K(97280K)] 100601K->17281K(319488K), 0.0021940 secs] [Times: user=0.01 sys=0.00, real=0.00 secs] 
143.431: Total time for which application threads were stopped: 0.0053880 seconds, Stopping threads took: 0.0031030 seconds
143.505: Application time: 0.0736700 seconds
143.507: [GC [PSYoungGen: 90992K->7216K(97280K)] 100737K->16969K(319488K), 0.0020420 secs] [Times: user=0.02 sys=0.00, real=0.00 secs] 
143.509: Total time for which application threads were stopped: 0.0040770 seconds, Stopping threads took: 0.0019530 seconds
143.585: Application time: 0.0762080 seconds
143.588: [GC [PSYoungGen: 90672K->6816K(97280K)] 100425K->16569K(319488K), 0.0019340 secs] [Times: user=0.02 sys=0.00, real=0.00 secs] 
143.590: Total time for which application threads were stopped: 0.0045780 seconds, Stopping threads took: 0.0025690 seconds
143.665: Application time: 0.0749560 seconds
143.667: [GC [PSYoungGen: 90272K->6224K(97280K)] 100025K->15977K(319488K), 0.0018190 secs] [Times: user=0.01 sys=0.00, real=0.00 secs] 
143.669: Total time for which application threads were stopped: 0.0040670 seconds, Stopping threads took: 0.0021660 seconds
143.743: Application time: 0.0736460 seconds
143.745: [GC [PSYoungGen: 89680K->6240K(97280K)] 99433K->15993K(319488K), 0.0018170 secs] [Times: user=0.01 sys=0.00, real=0.00 secs] 
143.746: Total time for which application threads were stopped: 0.0038000 seconds, Stopping threads took: 0.0019040 seconds
143.821: Application time: 0.0747420 seconds
143.824: [GC [PSYoungGen: 89696K->7712K(97280K)] 99449K->17465K(319488K), 0.0021930 secs] [Times: user=0.01 sys=0.00, real=0.00 secs] 
143.826: Total time for which application threads were stopped: 0.0047730 seconds, Stopping threads took: 0.0025020 seconds
143.904: Application time: 0.0781220 seconds
143.906: [GC [PSYoungGen: 91168K->7520K(97280K)] 100921K->17281K(319488K), 0.0021700 secs] [Times: user=0.02 sys=0.00, real=0.01 secs] 
143.909: Total time for which application threads were stopped: 0.0045570 seconds, Stopping threads took: 0.0023100 seconds
143.984: Application time: 0.0749760 seconds
143.986: [GC [PSYoungGen: 90976K->7280K(97280K)] 100737K->17049K(319488K), 0.0021750 secs] [Times: user=0.01 sys=0.00, real=0.01 secs] 
143.988: Total time for which application threads were stopped: 0.0047890 seconds, Stopping threads took: 0.0025340 seconds
144.064: Application time: 0.0750740 seconds
144.066: [GC [PSYoungGen: 90736K->8048K(97280K)] 100505K->17817K(319488K), 0.0022840 secs] [Times: user=0.01 sys=0.00, real=0.01 secs] 
144.068: Total time for which application threads were stopped: 0.0048320 seconds, Stopping threads took: 0.0024620 seconds
144.142: Application time: 0.0740460 seconds
144.145: [GC [PSYoungGen: 91504K->6720K(97280K)] 101273K->16489K(319488K), 0.0020350 secs] [Times: user=0.01 sys=0.00, real=0.01 secs] 
144.147: Total time for which application threads were stopped: 0.0045820 seconds, Stopping threads took: 0.0024580 seconds
144.221: Application time: 0.0736390 seconds
144.223: [GC [PSYoungGen: 90176K->6192K(97280K)] 99945K->15961K(319488K), 0.0019200 secs] [Times: user=0.01 sys=0.00, real=0.00 secs] 
144.225: Total time for which application threads were stopped: 0.0044840 seconds, Stopping threads took: 0.0024830 seconds
144.299: Application time: 0.0736440 seconds
144.301: [GC [PSYoungGen: 89648K->8176K(97280K)] 99417K->17945K(319488K), 0.0025350 secs] [Times: user=0.01 sys=0.00, real=0.00 secs] 
144.303: Total time for which application threads were stopped: 0.0046670 seconds, Stopping threads took: 0.0020230 seconds
144.381: Application time: 0.0775130 seconds
144.383: [GC [PSYoungGen: 91632K->6928K(97280K)] 101401K->16705K(319488K), 0.0019880 secs] [Times: user=0.01 sys=0.00, real=0.00 secs] 
144.385: Total time for which application threads were stopped: 0.0040310 seconds, Stopping threads took: 0.0019630 seconds
144.460: Application time: 0.0750830 seconds
144.461: [GC [PSYoungGen: 90384K->6400K(97280K)] 100161K->16185K(319488K), 0.0018680 secs] [Times: user=0.01 sys=0.00, real=0.00 secs] 
144.463: Total time for which application threads were stopped: 0.0030900 seconds, Stopping threads took: 0.0011430 seconds
144.538: Application time: 0.0744920 seconds
144.540: [GC [PSYoungGen: 89856K->7328K(97280K)] 99641K->17113K(319488K), 0.0021200 secs] [Times: user=0.02 sys=0.00, real=0.00 secs] 
144.542: Total time for which application threads were stopped: 0.0042630 seconds, Stopping threads took: 0.0020650 seconds
144.622: Application time: 0.0799740 seconds
144.623: [GC [PSYoungGen: 90784K->5936K(97280K)] 100569K->15721K(319488K), 0.0017980 secs] [Times: user=0.01 sys=0.00, real=0.00 secs] 
144.625: Total time for which application threads were stopped: 0.0031650 seconds, Stopping threads took: 0.0012840 seconds
144.699: Application time: 0.0740970 seconds
144.701: [GC [PSYoungGen: 89392K->6272K(97280K)] 99177K->16057K(319488K), 0.0018840 secs] [Times: user=0.02 sys=0.00, real=0.00 secs] 
144.703: Total time for which application threads were stopped: 0.0035050 seconds, Stopping threads took: 0.0015440 seconds
144.777: Application time: 0.0738710 seconds
144.778: [GC [PSYoungGen: 89728K->6128K(97280K)] 99513K->15913K(319488K), 0.0017540 secs] [Times: user=0.02 sys=0.00, real=0.00 secs] 
144.780: Total time for which application threads were stopped: 0.0030700 seconds, Stopping threads took: 0.0012300 seconds
144.856: Application time: 0.0765600 seconds
144.858: [GC [PSYoungGen: 89584K->7232K(97280K)] 99369K->17025K(319488K), 0.0020870 secs] [Times: user=0.01 sys=0.00, real=0.00 secs] 
144.860: Total time for which application threads were stopped: 0.0041100 seconds, Stopping threads took: 0.0019430 seconds
144.935: Application time: 0.0745350 seconds
144.936: [GC [PSYoungGen: 90688K->6656K(97280K)] 100481K->16457K(319488K), 0.0019350 secs] [Times: user=0.01 sys=0.00, real=0.00 secs] 
144.938: Total time for which application threads were stopped: 0.0035150 seconds, Stopping threads took: 0.0015040 seconds
145.015: Application time: 0.0764410 seconds
145.017: [GC [PSYoungGen: 90112K->7120K(97280K)] 99913K->16921K(319488K), 0.0020990 secs] [Times: user=0.01 sys=0.00, real=0.00 secs] 
145.019: Total time for which application threads were stopped: 0.0045890 seconds, Stopping threads took: 0.0024110 seconds
145.093: Application time: 0.0735830 seconds
145.095: [GC [PSYoungGen: 90576K->6816K(97280K)] 100377K->16617K(319488K), 0.0019680 secs] [Times: user=0.01 sys=0.00, real=0.01 secs] 
145.097: Total time for which application threads were stopped: 0.0036570 seconds, Stopping threads took: 0.0016070 seconds
145.170: Application time: 0.0735690 seconds
145.172: [GC [PSYoungGen: 90272K->6448K(97280K)] 100073K->16249K(319488K), 0.0018710 secs] [Times: user=0.01 sys=0.00, real=0.00 secs] 
145.174: Total time for which application threads were stopped: 0.0041730 seconds, Stopping threads took: 0.0022260 seconds
145.249: Application time: 0.0743040 seconds
145.251: [GC [PSYoungGen: 89904K->7840K(97280K)] 99705K->17641K(319488K), 0.0023150 secs] [Times: user=0.02 sys=0.00, real=0.00 secs] 
145.254: Total time for which application threads were stopped: 0.0050990 seconds, Stopping threads took: 0.0027000 seconds
145.332: Application time: 0.0786610 seconds
145.335: [GC [PSYoungGen: 91296K->7824K(97280K)] 101097K->17633K(319488K), 0.0022550 secs] [Times: user=0.01 sys=0.00, real=0.00 secs] 
145.338: Total time for which application threads were stopped: 0.0052080 seconds, Stopping threads took: 0.0028610 seconds
145.420: Application time: 0.0825800 seconds
145.421: [GC [PSYoungGen: 91280K->7360K(97280K)] 101089K->17177K(319488K), 0.0044690 secs] [Times: user=0.03 sys=0.00, real=0.00 secs] 
145.426: Total time for which application threads were stopped: 0.0054750 seconds, Stopping threads took: 0.0009260 seconds
145.505: Application time: 0.0796150 seconds
145.508: [GC [PSYoungGen: 90816K->7872K(97280K)] 100633K->17689K(319488K), 0.0023120 secs] [Times: user=0.02 sys=0.00, real=0.00 secs] 
145.510: Total time for which application threads were stopped: 0.0047550 seconds, Stopping threads took: 0.0023610 seconds
145.588: Application time: 0.0782150 seconds
145.591: [GC [PSYoungGen: 91328K->8368K(97280K)] 101145K->18185K(319488K), 0.0025130 secs] [Times: user=0.02 sys=0.00, real=0.00 secs] 
145.593: Total time for which application threads were stopped: 0.0051450 seconds, Stopping threads took: 0.0025440 seconds
145.676: Application time: 0.0830340 seconds
145.679: [GC [PSYoungGen: 91824K->7472K(97280K)] 101641K->17289K(319488K), 0.0021920 secs] [Times: user=0.01 sys=0.00, real=0.00 secs] 
145.682: Total time for which application threads were stopped: 0.0051490 seconds, Stopping threads took: 0.0028740 seconds
145.758: Application time: 0.0763590 seconds
145.760: [GC [PSYoungGen: 90928K->7872K(97280K)] 100745K->17689K(319488K), 0.0022690 secs] [Times: user=0.02 sys=0.00, real=0.00 secs] 
145.763: Total time for which application threads were stopped: 0.0045580 seconds, Stopping threads took: 0.0022050 seconds
145.844: Application time: 0.0815030 seconds
145.847: [GC [PSYoungGen: 91328K->5664K(97280K)] 101145K->15481K(319488K), 0.0017120 secs] [Times: user=0.01 sys=0.00, real=0.00 secs] 
145.849: Total time for which application threads were stopped: 0.0046200 seconds, Stopping threads took: 0.0028160 seconds
145.930: Application time: 0.0810100 seconds
145.933: [GC [PSYoungGen: 89120K->7216K(97280K)] 98937K->17041K(319488K), 0.0020820 secs] [Times: user=0.01 sys=0.00, real=0.01 secs] 
145.935: Total time for which application threads were stopped: 0.0052630 seconds, Stopping threads took: 0.0030980 seconds
146.017: Application time: 0.0818510 seconds
146.019: [GC [PSYoungGen: 90672K->7712K(97280K)] 100497K->17545K(319488K), 0.0022700 secs] [Times: user=0.02 sys=0.00, real=0.00 secs] 
146.022: Total time for which application threads were stopped: 0.0048380 seconds, Stopping threads took: 0.0024860 seconds
146.102: Application time: 0.0799360 seconds
146.104: [GC [PSYoungGen: 91168K->6272K(97280K)] 101001K->16105K(319488K), 0.0019090 secs] [Times: user=0.01 sys=0.00, real=0.00 secs] 
146.106: Total time for which application threads were stopped: 0.0042420 seconds, Stopping threads took: 0.0022520 seconds
146.187: Application time: 0.0813280 seconds
146.189: [GC [PSYoungGen: 89728K->6576K(97280K)] 99561K->16409K(319488K), 0.0019980 secs] [Times: user=0.01 sys=0.00, real=0.00 secs] 
146.191: Total time for which application threads were stopped: 0.0037920 seconds, Stopping threads took: 0.0017130 seconds
146.271: Application time: 0.0796020 seconds
146.274: [GC [PSYoungGen: 90032K->5888K(97280K)] 99865K->15721K(319488K), 0.0018120 secs] [Times: user=0.01 sys=0.00, real=0.01 secs] 
146.275: Total time for which application threads were stopped: 0.0049040 seconds, Stopping threads took: 0.0030120 seconds
146.354: Application time: 0.0790580 seconds
146.356: [GC [PSYoungGen: 89344K->7584K(97280K)] 99177K->17417K(319488K), 0.0021970 secs] [Times: user=0.02 sys=0.00, real=0.00 secs] 
146.359: Total time for which application threads were stopped: 0.0041720 seconds, Stopping threads took: 0.0018790 seconds
146.438: Application time: 0.0797750 seconds
146.440: [GC [PSYoungGen: 91040K->7568K(97280K)] 100873K->17409K(319488K), 0.0022910 secs] [Times: user=0.02 sys=0.00, real=0.00 secs] 
146.442: Total time for which application threads were stopped: 0.0035900 seconds, Stopping threads took: 0.0012130 seconds
146.521: Application time: 0.0785110 seconds
146.523: [GC [PSYoungGen: 91024K->7232K(97280K)] 100865K->17081K(319488K), 0.0020990 secs] [Times: user=0.01 sys=0.00, real=0.00 secs] 
146.525: Total time for which application threads were stopped: 0.0045880 seconds, Stopping threads took: 0.0024080 seconds
146.602: Application time: 0.0764270 seconds
146.604: [GC [PSYoungGen: 90688K->7904K(97280K)] 100537K->17753K(319488K), 0.0023200 secs] [Times: user=0.02 sys=0.00, real=0.00 secs] 
146.606: Total time for which application threads were stopped: 0.0043940 seconds, Stopping threads took: 0.0019930 seconds
146.686: Application time: 0.0798810 seconds
146.689: [GC [PSYoungGen: 91360K->6608K(97280K)] 101209K->16457K(319488K), 0.0018180 secs] [Times: user=0.01 sys=0.00, real=0.00 secs] 
146.691: Total time for which application threads were stopped: 0.0046950 seconds, Stopping threads took: 0.0027900 seconds
146.770: Application time: 0.0792520 seconds
146.772: [GC [PSYoungGen: 90064K->7488K(97280K)] 99913K->17337K(319488K), 0.0021420 secs] [Times: user=0.01 sys=0.00, real=0.00 secs] 
146.774: Total time for which application threads were stopped: 0.0040030 seconds, Stopping threads took: 0.0017770 seconds
146.853: Application time: 0.0796960 seconds
146.855: [GC [PSYoungGen: 90944K->6464K(97280K)] 100793K->16313K(319488K), 0.0018750 secs] [Times: user=0.01 sys=0.00, real=0.00 secs] 
146.857: Total time for which application threads were stopped: 0.0037340 seconds, Stopping threads took: 0.0017800 seconds
146.937: Application time: 0.0800730 seconds
146.940: [GC [PSYoungGen: 89920K->7424K(97280K)] 99769K->17281K(319488K), 0.0021580 secs] [Times: user=0.01 sys=0.00, real=0.00 secs] 
146.942: Total time for which application threads were stopped: 0.0047660 seconds, Stopping threads took: 0.0025210 seconds
147.022: Application time: 0.0803660 seconds
147.026: [GC [PSYoungGen: 90880K->8080K(97280K)] 100737K->17945K(319488K), 0.0023730 secs] [Times: user=0.02 sys=0.00, real=0.01 secs] 
147.028: Total time for which application threads were stopped: 0.0055010 seconds, Stopping threads took: 0.0030430 seconds
147.107: Application time: 0.0787190 seconds
147.109: [GC [PSYoungGen: 91536K->6576K(97280K)] 101401K->16441K(319488K), 0.0019510 secs] [Times: user=0.01 sys=0.00, real=0.00 secs] 
147.111: Total time for which application threads were stopped: 0.0045760 seconds, Stopping threads took: 0.0025410 seconds
147.193: Application time: 0.0812770 seconds
147.195: [GC [PSYoungGen: 90032K->8176K(97280K)] 99897K->18041K(319488K), 0.0023360 secs] [Times: user=0.02 sys=0.00, real=0.00 secs] 
147.198: Total time for which application threads were stopped: 0.0051740 seconds, Stopping threads took: 0.0027520 seconds
147.273: Application time: 0.0752490 seconds
147.275: [GC [PSYoungGen: 91632K->8048K(97280K)] 101497K->17913K(319488K), 0.0025140 secs] [Times: user=0.01 sys=0.00, real=0.00 secs] 
147.278: Total time for which application threads were stopped: 0.0049610 seconds, Stopping threads took: 0.0023630 seconds
147.357: Application time: 0.0790910 seconds
147.360: [GC [PSYoungGen: 91504K->7584K(97280K)] 101369K->17449K(319488K), 0.0022110 secs] [Times: user=0.01 sys=0.00, real=0.00 secs] 
147.363: Total time for which application threads were stopped: 0.0056230 seconds, Stopping threads took: 0.0033260 seconds
147.442: Application time: 0.0790310 seconds
147.444: [GC [PSYoungGen: 91040K->7072K(97280K)] 100905K->16945K(319488K), 0.0021320 secs] [Times: user=0.01 sys=0.00, real=0.00 secs] 
147.446: Total time for which application threads were stopped: 0.0044960 seconds, Stopping threads took: 0.0022720 seconds
147.527: Application time: 0.0805970 seconds
147.529: [GC [PSYoungGen: 90528K->6656K(97280K)] 100401K->16537K(319488K), 0.0019670 secs] [Times: user=0.02 sys=0.00, real=0.00 secs] 
147.531: Total time for which application threads were stopped: 0.0042770 seconds, Stopping threads took: 0.0022290 seconds
147.611: Application time: 0.0796100 seconds
147.613: [GC [PSYoungGen: 90112K->6368K(97280K)] 99993K->16249K(319488K), 0.0017540 secs] [Times: user=0.01 sys=0.00, real=0.00 secs] 
147.615: Total time for which application threads were stopped: 0.0039710 seconds, Stopping threads took: 0.0021400 seconds
147.694: Application time: 0.0789380 seconds
147.696: [GC [PSYoungGen: 89824K->7088K(97280K)] 99705K->16969K(319488K), 0.0020290 secs] [Times: user=0.01 sys=0.00, real=0.00 secs] 
147.698: Total time for which application threads were stopped: 0.0044010 seconds, Stopping threads took: 0.0022940 seconds
147.776: Application time: 0.0782280 seconds
147.778: [GC [PSYoungGen: 90544K->6144K(97280K)] 100425K->16025K(319488K), 0.0018750 secs] [Times: user=0.01 sys=0.00, real=0.00 secs] 
147.780: Total time for which application threads were stopped: 0.0041940 seconds, Stopping threads took: 0.0022350 seconds
147.859: Application time: 0.0785820 seconds
147.861: [GC [PSYoungGen: 89600K->6592K(97280K)] 99481K->16473K(319488K), 0.0018640 secs] [Times: user=0.02 sys=0.00, real=0.00 secs] 
147.863: Total time for which application threads were stopped: 0.0036720 seconds, Stopping threads took: 0.0017300 seconds
147.943: Application time: 0.0802610 seconds
147.946: [GC [PSYoungGen: 90048K->6016K(97280K)] 99929K->15905K(319488K), 0.0017850 secs] [Times: user=0.01 sys=0.00, real=0.01 secs] 
147.947: Total time for which application threads were stopped: 0.0045070 seconds, Stopping threads took: 0.0026380 seconds
148.029: Application time: 0.0812710 seconds
148.031: [GC [PSYoungGen: 89472K->7680K(97280K)] 99361K->17577K(319488K), 0.0021910 secs] [Times: user=0.02 sys=0.00, real=0.00 secs] 
148.033: Total time for which application threads were stopped: 0.0044790 seconds, Stopping threads took: 0.0022060 seconds
148.113: Application time: 0.0797760 seconds
148.116: [GC [PSYoungGen: 91136K->7520K(97280K)] 101033K->17425K(319488K), 0.0021680 secs] [Times: user=0.01 sys=0.00, real=0.00 secs] 
148.118: Total time for which application threads were stopped: 0.0051190 seconds, Stopping threads took: 0.0028700 seconds
148.197: Application time: 0.0790960 seconds
148.199: [GC [PSYoungGen: 90976K->6272K(97280K)] 100881K->16177K(319488K), 0.0019600 secs] [Times: user=0.01 sys=0.00, real=0.00 secs] 
148.201: Total time for which application threads were stopped: 0.0038830 seconds, Stopping threads took: 0.0018440 seconds
148.279: Application time: 0.0774880 seconds
148.280: [GC [PSYoungGen: 89728K->6784K(97280K)] 99633K->16689K(319488K), 0.0020340 secs] [Times: user=0.02 sys=0.00, real=0.00 secs] 
148.282: Total time for which application threads were stopped: 0.0039300 seconds, Stopping threads took: 0.0018180 seconds
148.362: Application time: 0.0794660 seconds
148.365: [GC [PSYoungGen: 90240K->8208K(97280K)] 100145K->18113K(319488K), 0.0023850 secs] [Times: user=0.02 sys=0.00, real=0.01 secs] 
148.367: Total time for which application threads were stopped: 0.0054690 seconds, Stopping threads took: 0.0029960 seconds
148.448: Application time: 0.0803520 seconds
148.449: [GC [PSYoungGen: 91664K->7952K(97280K)] 101569K->17865K(319488K), 0.0023850 secs] [Times: user=0.02 sys=0.00, real=0.00 secs] 
148.452: Total time for which application threads were stopped: 0.0041010 seconds, Stopping threads took: 0.0016250 seconds
148.529: Application time: 0.0767520 seconds
148.532: [GC [PSYoungGen: 91408K->7552K(97280K)] 101321K->17473K(319488K), 0.0021250 secs] [Times: user=0.02 sys=0.00, real=0.00 secs] 
148.534: Total time for which application threads were stopped: 0.0052030 seconds, Stopping threads took: 0.0029970 seconds
148.613: Application time: 0.0795670 seconds
148.617: [GC [PSYoungGen: 91008K->7360K(97280K)] 100929K->17289K(319488K), 0.0021660 secs] [Times: user=0.01 sys=0.01, real=0.00 secs] 
148.619: Total time for which application threads were stopped: 0.0054870 seconds, Stopping threads took: 0.0032310 seconds
148.698: Application time: 0.0789480 seconds
148.700: [GC [PSYoungGen: 90816K->6784K(97280K)] 100745K->16713K(319488K), 0.0019890 secs] [Times: user=0.02 sys=0.00, real=0.00 secs] 
148.702: Total time for which application threads were stopped: 0.0044280 seconds, Stopping threads took: 0.0023550 seconds
148.780: Application time: 0.0781580 seconds
148.782: [GC [PSYoungGen: 90240K->6192K(97280K)] 100169K->16121K(319488K), 0.0018520 secs] [Times: user=0.01 sys=0.00, real=0.00 secs] 
148.784: Total time for which application threads were stopped: 0.0036980 seconds, Stopping threads took: 0.0017670 seconds
148.863: Application time: 0.0792890 seconds
148.867: [GC [PSYoungGen: 89648K->6384K(97280K)] 99577K->16313K(319488K), 0.0018870 secs] [Times: user=0.01 sys=0.00, real=0.01 secs] 
148.869: Total time for which application threads were stopped: 0.0051950 seconds, Stopping threads took: 0.0032260 seconds
148.949: Application time: 0.0804780 seconds
148.951: [GC [PSYoungGen: 89840K->7088K(97280K)] 99769K->17017K(319488K), 0.0020470 secs] [Times: user=0.01 sys=0.00, real=0.00 secs] 
148.953: Total time for which application threads were stopped: 0.0040960 seconds, Stopping threads took: 0.0019500 seconds
149.032: Application time: 0.0789990 seconds
149.035: [GC [PSYoungGen: 90544K->6848K(97280K)] 100473K->16785K(319488K), 0.0020620 secs] [Times: user=0.01 sys=0.00, real=0.01 secs] 
149.037: Total time for which application threads were stopped: 0.0045160 seconds, Stopping threads took: 0.0023700 seconds
149.118: Application time: 0.0808150 seconds
149.120: [GC [PSYoungGen: 90304K->6320K(97280K)] 100241K->16281K(319488K), 0.0018330 secs] [Times: user=0.01 sys=0.00, real=0.00 secs] 
149.122: Total time for which application threads were stopped: 0.0046790 seconds, Stopping threads took: 0.0027660 seconds
149.200: Application time: 0.0782020 seconds
149.203: [GC [PSYoungGen: 89776K->7200K(97280K)] 99737K->17161K(319488K), 0.0022590 secs] [Times: user=0.01 sys=0.00, real=0.00 secs] 
149.205: Total time for which application threads were stopped: 0.0047760 seconds, Stopping threads took: 0.0024360 seconds
149.281: Application time: 0.0759340 seconds
149.284: [GC [PSYoungGen: 90656K->6880K(97280K)] 100617K->16841K(319488K), 0.0020730 secs] [Times: user=0.02 sys=0.00, real=0.00 secs] 
149.286: Total time for which application threads were stopped: 0.0045850 seconds, Stopping threads took: 0.0024320 seconds
149.360: Application time: 0.0742730 seconds
149.363: [GC [PSYoungGen: 90336K->7856K(97280K)] 100297K->17817K(319488K), 0.0023310 secs] [Times: user=0.02 sys=0.00, real=0.00 secs] 
149.365: Total time for which application threads were stopped: 0.0049340 seconds, Stopping threads took: 0.0025210 seconds
149.439: Application time: 0.0741080 seconds
149.441: [GC [PSYoungGen: 91312K->8016K(97280K)] 101273K->17977K(319488K), 0.0023700 secs] [Times: user=0.02 sys=0.00, real=0.00 secs] 
149.443: Total time for which application threads were stopped: 0.0043920 seconds, Stopping threads took: 0.0019400 seconds
149.518: Application time: 0.0741770 seconds
149.521: [GC [PSYoungGen: 91472K->7440K(97280K)] 101433K->17409K(319488K), 0.0021500 secs] [Times: user=0.02 sys=0.00, real=0.00 secs] 
149.523: Total time for which application threads were stopped: 0.0051780 seconds, Stopping threads took: 0.0029400 seconds
149.596: Application time: 0.0727270 seconds
149.598: [GC [PSYoungGen: 90896K->7120K(97280K)] 100865K->17097K(319488K), 0.0021770 secs] [Times: user=0.02 sys=0.00, real=0.00 secs] 
149.600: Total time for which application threads were stopped: 0.0042870 seconds, Stopping threads took: 0.0020310 seconds
149.675: Application time: 0.0755090 seconds
149.678: [GC [PSYoungGen: 90576K->7616K(97280K)] 100553K->17593K(319488K), 0.0022090 secs] [Times: user=0.01 sys=0.00, real=0.00 secs] 
149.680: Total time for which application threads were stopped: 0.0049830 seconds, Stopping threads took: 0.0026930 seconds
149.754: Application time: 0.0732830 seconds
149.756: [GC [PSYoungGen: 91072K->8256K(97280K)] 101049K->18233K(319488K), 0.0023840 secs] [Times: user=0.02 sys=0.00, real=0.00 secs] 
149.759: Total time for which application threads were stopped: 0.0049390 seconds, Stopping threads took: 0.0024710 seconds
149.833: Application time: 0.0746800 seconds
149.836: [GC [PSYoungGen: 91712K->6768K(97280K)] 101689K->16745K(319488K), 0.0022050 secs] [Times: user=0.02 sys=0.00, real=0.00 secs] 
149.838: Total time for which application threads were stopped: 0.0047130 seconds, Stopping threads took: 0.0024270 seconds
149.912: Application time: 0.0741690 seconds
149.914: [GC [PSYoungGen: 90224K->7808K(97280K)] 100201K->17785K(319488K), 0.0022910 secs] [Times: user=0.01 sys=0.00, real=0.01 secs] 
149.917: Total time for which application threads were stopped: 0.0046540 seconds, Stopping threads took: 0.0022820 seconds
149.992: Application time: 0.0753800 seconds
149.995: [GC [PSYoungGen: 91264K->7248K(97280K)] 101241K->17233K(319488K), 0.0020530 secs] [Times: user=0.01 sys=0.00, real=0.00 secs] 
149.997: Total time for which application threads were stopped: 0.0050010 seconds, Stopping threads took: 0.0028700 seconds
150.074: Application time: 0.0766010 seconds
150.074: [GC [PSYoungGen: 90704K->6160K(97280K)] 100689K->16153K(319488K), 0.0018270 secs] [Times: user=0.01 sys=0.00, real=0.01 secs] 
150.076: Total time for which application threads were stopped: 0.0025170 seconds, Stopping threads took: 0.0006040 seconds
150.149: Application time: 0.0729970 seconds
150.152: [GC [PSYoungGen: 89616K->7296K(97280K)] 99609K->17289K(319488K), 0.0022500 secs] [Times: user=0.01 sys=0.00, real=0.00 secs] 
150.154: Total time for which application threads were stopped: 0.0048830 seconds, Stopping threads took: 0.0025500 seconds
150.228: Application time: 0.0741400 seconds
150.231: [GC [PSYoungGen: 90752K->6944K(97280K)] 100745K->16937K(319488K), 0.0020440 secs] [Times: user=0.01 sys=0.00, real=0.00 secs] 
150.233: Total time for which application threads were stopped: 0.0051720 seconds, Stopping threads took: 0.0030460 seconds
150.308: Application time: 0.0743040 seconds
150.311: [GC [PSYoungGen: 90400K->7328K(97280K)] 100393K->17321K(319488K), 0.0020780 secs] [Times: user=0.02 sys=0.00, real=0.00 secs] 
150.313: Total time for which application threads were stopped: 0.0052970 seconds, Stopping threads took: 0.0031370 seconds
150.390: Application time: 0.0767900 seconds
150.392: [GC [PSYoungGen: 90784K->6576K(97280K)] 100777K->16569K(319488K), 0.0019430 secs] [Times: user=0.01 sys=0.00, real=0.00 secs] 
150.394: Total time for which application threads were stopped: 0.0043070 seconds, Stopping threads took: 0.0022830 seconds
150.472: Application time: 0.0774400 seconds
150.474: [GC [PSYoungGen: 90032K->6880K(97280K)] 100025K->16881K(319488K), 0.0019800 secs] [Times: user=0.01 sys=0.00, real=0.01 secs] 
150.476: Total time for which application threads were stopped: 0.0045000 seconds, Stopping threads took: 0.0024410 seconds
150.552: Application time: 0.0761380 seconds
150.554: [GC [PSYoungGen: 90336K->6480K(97280K)] 100337K->16489K(319488K), 0.0018360 secs] [Times: user=0.01 sys=0.00, real=0.01 secs] 
150.556: Total time for which application threads were stopped: 0.0034760 seconds, Stopping threads took: 0.0015640 seconds
150.630: Application time: 0.0746520 seconds
150.633: [GC [PSYoungGen: 89936K->7280K(97280K)] 99945K->17297K(319488K), 0.0019940 secs] [Times: user=0.02 sys=0.00, real=0.01 secs] 
150.635: Total time for which application threads were stopped: 0.0050820 seconds, Stopping threads took: 0.0029970 seconds
150.711: Application time: 0.0753210 seconds
150.714: [GC [PSYoungGen: 90736K->6016K(97280K)] 100753K->16033K(319488K), 0.0017720 secs] [Times: user=0.01 sys=0.00, real=0.01 secs] 
150.715: Total time for which application threads were stopped: 0.0046040 seconds, Stopping threads took: 0.0027580 seconds
150.789: Application time: 0.0736200 seconds
150.791: [GC [PSYoungGen: 89472K->7344K(97280K)] 99489K->17361K(319488K), 0.0021410 secs] [Times: user=0.02 sys=0.00, real=0.00 secs] 
150.793: Total time for which application threads were stopped: 0.0039370 seconds, Stopping threads took: 0.0017140 seconds
150.867: Application time: 0.0738470 seconds
150.869: [GC [PSYoungGen: 90800K->7808K(97280K)] 100817K->17825K(319488K), 0.0023350 secs] [Times: user=0.02 sys=0.00, real=0.00 secs] 
150.872: Total time for which application threads were stopped: 0.0050530 seconds, Stopping threads took: 0.0026390 seconds
150.944: Application time: 0.0720530 seconds
150.946: [GC [PSYoungGen: 91264K->8352K(97280K)] 101281K->18369K(319488K), 0.0024530 secs] [Times: user=0.02 sys=0.00, real=0.01 secs] 
150.948: Total time for which application threads were stopped: 0.0045770 seconds, Stopping threads took: 0.0020410 seconds
151.025: Application time: 0.0766860 seconds
151.028: [GC [PSYoungGen: 91808K->5568K(97280K)] 101825K->15593K(319488K), 0.0016920 secs] [Times: user=0.01 sys=0.00, real=0.00 secs] 
151.029: Total time for which application threads were stopped: 0.0042830 seconds, Stopping threads took: 0.0025180 seconds
151.105: Application time: 0.0757850 seconds
151.107: [GC [PSYoungGen: 89024K->6080K(97280K)] 99049K->16113K(319488K), 0.0017630 secs] [Times: user=0.01 sys=0.00, real=0.00 secs] 
151.109: Total time for which application threads were stopped: 0.0035170 seconds, Stopping threads took: 0.0016650 seconds
151.183: Application time: 0.0741490 seconds
151.184: [GC [PSYoungGen: 89536K->5600K(97280K)] 99569K->15633K(319488K), 0.0017170 secs] [Times: user=0.01 sys=0.00, real=0.00 secs] 
151.186: Total time for which application threads were stopped: 0.0031320 seconds, Stopping threads took: 0.0013280 seconds
151.260: Application time: 0.0737900 seconds
151.262: [GC [PSYoungGen: 89056K->6992K(97280K)] 99089K->17025K(319488K), 0.0020690 secs] [Times: user=0.01 sys=0.00, real=0.00 secs] 
151.264: Total time for which application threads were stopped: 0.0042020 seconds, Stopping threads took: 0.0020540 seconds
151.337: Application time: 0.0731680 seconds
151.339: [GC [PSYoungGen: 90448K->7008K(97280K)] 100481K->17041K(319488K), 0.0020900 secs] [Times: user=0.01 sys=0.00, real=0.00 secs] 
151.341: Total time for which application threads were stopped: 0.0035670 seconds, Stopping threads took: 0.0013940 seconds
151.420: Application time: 0.0787830 seconds
151.422: [GC [PSYoungGen: 90464K->7568K(97280K)] 100497K->17601K(319488K), 0.0040590 secs] [Times: user=0.03 sys=0.00, real=0.00 secs] 
151.426: Total time for which application threads were stopped: 0.0065020 seconds, Stopping threads took: 0.0023650 seconds
151.501: Application time: 0.0749100 seconds
151.503: [GC [PSYoungGen: 91024K->8112K(97280K)] 101057K->18161K(319488K), 0.0023730 secs] [Times: user=0.02 sys=0.00, real=0.00 secs] 
151.506: Total time for which application threads were stopped: 0.0049130 seconds, Stopping threads took: 0.0024610 seconds
151.583: Application time: 0.0774560 seconds
151.585: [GC [PSYoungGen: 91568K->8416K(97280K)] 101617K->18481K(319488K), 0.0024870 secs] [Times: user=0.01 sys=0.00, real=0.01 secs] 
151.588: Total time for which application threads were stopped: 0.0046640 seconds, Stopping threads took: 0.0020950 seconds
151.665: Application time: 0.0769860 seconds
151.667: [GC [PSYoungGen: 91872K->4224K(97280K)] 101937K->14289K(319488K), 0.0012840 secs] [Times: user=0.01 sys=0.00, real=0.00 secs] 
151.669: Total time for which application threads were stopped: 0.0036930 seconds, Stopping threads took: 0.0023360 seconds
151.747: Application time: 0.0778390 seconds
151.749: [GC [PSYoungGen: 87680K->5600K(97280K)] 97745K->15665K(319488K), 0.0016550 secs] [Times: user=0.01 sys=0.00, real=0.00 secs] 
151.750: Total time for which application threads were stopped: 0.0037180 seconds, Stopping threads took: 0.0019760 seconds
151.823: Application time: 0.0730160 seconds
151.825: [GC [PSYoungGen: 89056K->5792K(97280K)] 99121K->15857K(319488K), 0.0017100 secs] [Times: user=0.01 sys=0.00, real=0.00 secs] 
151.827: Total time for which application threads were stopped: 0.0035810 seconds, Stopping threads took: 0.0017870 seconds
151.902: Application time: 0.0748570 seconds
151.904: [GC [PSYoungGen: 89248K->7376K(97280K)] 99313K->17441K(319488K), 0.0021430 secs] [Times: user=0.01 sys=0.00, real=0.00 secs] 
151.907: Total time for which application threads were stopped: 0.0049360 seconds, Stopping threads took: 0.0027140 seconds
151.979: Application time: 0.0720200 seconds
151.981: [GC [PSYoungGen: 90832K->7072K(97280K)] 100897K->17145K(319488K), 0.0020230 secs] [Times: user=0.01 sys=0.00, real=0.00 secs] 
151.983: Total time for which application threads were stopped: 0.0043550 seconds, Stopping threads took: 0.0022510 seconds
152.055: Application time: 0.0724060 seconds
152.057: [GC [PSYoungGen: 90528K->7152K(97280K)] 100601K->17233K(319488K), 0.0022320 secs] [Times: user=0.01 sys=0.00, real=0.00 secs] 
152.059: Total time for which application threads were stopped: 0.0040300 seconds, Stopping threads took: 0.0017180 seconds
152.133: Application time: 0.0739110 seconds
152.136: [GC [PSYoungGen: 90608K->6208K(97280K)] 100689K->16289K(319488K), 0.0017860 secs] [Times: user=0.01 sys=0.00, real=0.00 secs] 
152.138: Total time for which application threads were stopped: 0.0045430 seconds, Stopping threads took: 0.0026550 seconds
152.211: Application time: 0.0731830 seconds
152.212: [GC [PSYoungGen: 89664K->6528K(97280K)] 99745K->16609K(319488K), 0.0018940 secs] [Times: user=0.01 sys=0.00, real=0.00 secs] 
152.214: Total time for which application threads were stopped: 0.0028650 seconds, Stopping threads took: 0.0008940 seconds
152.287: Application time: 0.0732330 seconds
152.290: [GC [PSYoungGen: 89984K->6192K(97280K)] 100065K->16273K(319488K), 0.0018090 secs] [Times: user=0.02 sys=0.00, real=0.00 secs] 
152.292: Total time for which application threads were stopped: 0.0046000 seconds, Stopping threads took: 0.0027040 seconds
152.370: Application time: 0.0778960 seconds
152.372: [GC [PSYoungGen: 89648K->8096K(97280K)] 99729K->18177K(319488K), 0.0028760 secs] [Times: user=0.01 sys=0.00, real=0.00 secs] 
152.375: Total time for which application threads were stopped: 0.0050590 seconds, Stopping threads took: 0.0020840 seconds
152.451: Application time: 0.0757170 seconds
152.453: [GC [PSYoungGen: 91552K->7376K(97280K)] 101633K->17465K(319488K), 0.0021310 secs] [Times: user=0.02 sys=0.00, real=0.00 secs] 
152.455: Total time for which application threads were stopped: 0.0042140 seconds, Stopping threads took: 0.0020060 seconds
152.530: Application time: 0.0749980 seconds
152.532: [GC [PSYoungGen: 90832K->6608K(97280K)] 100921K->16705K(319488K), 0.0019070 secs] [Times: user=0.01 sys=0.00, real=0.00 secs] 
152.534: Total time for which application threads were stopped: 0.0045720 seconds, Stopping threads took: 0.0025840 seconds
152.607: Application time: 0.0728470 seconds
152.610: [GC [PSYoungGen: 90064K->8176K(97280K)] 100161K->18273K(319488K), 0.0024040 secs] [Times: user=0.01 sys=0.00, real=0.00 secs] 
152.612: Total time for which application threads were stopped: 0.0048790 seconds, Stopping threads took: 0.0023960 seconds
152.686: Application time: 0.0735540 seconds
152.688: [GC [PSYoungGen: 91632K->6864K(97280K)] 101729K->16961K(319488K), 0.0020310 secs] [Times: user=0.01 sys=0.00, real=0.00 secs] 
152.690: Total time for which application threads were stopped: 0.0041720 seconds, Stopping threads took: 0.0020580 seconds
152.766: Application time: 0.0759710 seconds
152.767: [GC [PSYoungGen: 90320K->6112K(97280K)] 100417K->16209K(319488K), 0.0017580 secs] [Times: user=0.01 sys=0.00, real=0.00 secs] 
152.769: Total time for which application threads were stopped: 0.0035160 seconds, Stopping threads took: 0.0016840 seconds
152.841: Application time: 0.0717560 seconds
152.843: [GC [PSYoungGen: 89568K->7280K(97280K)] 99665K->17377K(319488K), 0.0021450 secs] [Times: user=0.01 sys=0.00, real=0.00 secs] 
152.845: Total time for which application threads were stopped: 0.0040960 seconds, Stopping threads took: 0.0018600 seconds
152.920: Application time: 0.0744540 seconds
152.922: [GC [PSYoungGen: 90736K->7904K(97280K)] 100833K->18009K(319488K), 0.0024250 secs] [Times: user=0.01 sys=0.00, real=0.00 secs] 
152.925: Total time for which application threads were stopped: 0.0052560 seconds, Stopping threads took: 0.0027480 seconds
152.999: Application time: 0.0736910 seconds
153.001: [GC [PSYoungGen: 91360K->7440K(97280K)] 101465K->17553K(319488K), 0.0021430 secs] [Times: user=0.02 sys=0.00, real=0.00 secs] 
153.003: Total time for which application threads were stopped: 0.0043930 seconds, Stopping threads took: 0.0021640 seconds
153.078: Application time: 0.0753910 seconds
153.081: [GC [PSYoungGen: 90896K->7264K(97280K)] 101009K->17385K(319488K), 0.0021670 secs] [Times: user=0.01 sys=0.00, real=0.00 secs] 
153.084: Total time for which application threads were stopped: 0.0052910 seconds, Stopping threads took: 0.0030460 seconds
153.158: Application time: 0.0747270 seconds
153.160: [GC [PSYoungGen: 90720K->7072K(97280K)] 100841K->17193K(319488K), 0.0021000 secs] [Times: user=0.02 sys=0.00, real=0.00 secs] 
153.162: Total time for which application threads were stopped: 0.0037410 seconds, Stopping threads took: 0.0015610 seconds
153.236: Application time: 0.0742100 seconds
153.238: [GC [PSYoungGen: 90528K->7488K(97280K)] 100649K->17609K(319488K), 0.0022730 secs] [Times: user=0.01 sys=0.00, real=0.00 secs] 
153.240: Total time for which application threads were stopped: 0.0035450 seconds, Stopping threads took: 0.0011790 seconds
153.320: Application time: 0.0798230 seconds
153.323: [GC [PSYoungGen: 90944K->8352K(97280K)] 101065K->18473K(319488K), 0.0023630 secs] [Times: user=0.02 sys=0.00, real=0.00 secs] 
153.325: Total time for which application threads were stopped: 0.0052700 seconds, Stopping threads took: 0.0028170 seconds
153.404: Application time: 0.0794960 seconds
153.406: [GC [PSYoungGen: 91808K->7344K(97280K)] 101929K->17473K(319488K), 0.0022490 secs] [Times: user=0.01 sys=0.00, real=0.01 secs] 
153.408: Total time for which application threads were stopped: 0.0037370 seconds, Stopping threads took: 0.0014000 seconds
153.489: Application time: 0.0811810 seconds
153.491: [GC [PSYoungGen: 90800K->6464K(97280K)] 100929K->16601K(319488K), 0.0018910 secs] [Times: user=0.01 sys=0.00, real=0.00 secs] 
153.493: Total time for which application threads were stopped: 0.0035760 seconds, Stopping threads took: 0.0016030 seconds
153.572: Application time: 0.0790400 seconds
153.575: [GC [PSYoungGen: 89920K->5968K(97280K)] 100057K->16113K(319488K), 0.0017140 secs] [Times: user=0.01 sys=0.00, real=0.00 secs] 
153.577: Total time for which application threads were stopped: 0.0047980 seconds, Stopping threads took: 0.0030020 seconds
153.656: Application time: 0.0789590 seconds
153.658: [GC [PSYoungGen: 89424K->7840K(97280K)] 99569K->17985K(319488K), 0.0023530 secs] [Times: user=0.01 sys=0.00, real=0.00 secs] 
153.660: Total time for which application threads were stopped: 0.0044770 seconds, Stopping threads took: 0.0020370 seconds
153.741: Application time: 0.0804000 seconds
153.744: [GC [PSYoungGen: 91296K->7008K(97280K)] 101441K->17153K(319488K), 0.0020450 secs] [Times: user=0.02 sys=0.00, real=0.00 secs] 
153.746: Total time for which application threads were stopped: 0.0052160 seconds, Stopping threads took: 0.0030870 seconds
153.825: Application time: 0.0787360 seconds
153.827: [GC [PSYoungGen: 90462K->5440K(97280K)] 100608K->15585K(319488K), 0.0016390 secs] [Times: user=0.01 sys=0.00, real=0.00 secs] 
153.829: Total time for which application threads were stopped: 0.0042270 seconds, Stopping threads took: 0.0025090 seconds
153.910: Application time: 0.0811620 seconds
153.912: [GC [PSYoungGen: 88896K->6304K(97280K)] 99041K->16449K(319488K), 0.0018540 secs] [Times: user=0.01 sys=0.00, real=0.00 secs] 
153.914: Total time for which application threads were stopped: 0.0035760 seconds, Stopping threads took: 0.0016340 seconds
153.992: Application time: 0.0788860 seconds
153.994: [GC [PSYoungGen: 89760K->7152K(97280K)] 99905K->17305K(319488K), 0.0022850 secs] [Times: user=0.02 sys=0.00, real=0.01 secs] 
153.997: Total time for which application threads were stopped: 0.0043630 seconds, Stopping threads took: 0.0019760 seconds
154.077: Application time: 0.0799700 seconds
154.079: [GC [PSYoungGen: 90608K->6688K(97280K)] 100761K->16849K(319488K), 0.0020160 secs] [Times: user=0.02 sys=0.00, real=0.00 secs] 
154.081: Total time for which application threads were stopped: 0.0042040 seconds, Stopping threads took: 0.0021070 seconds
154.158: Application time: 0.0770460 seconds
154.161: [GC [PSYoungGen: 90144K->8224K(97280K)] 100305K->18385K(319488K), 0.0023780 secs] [Times: user=0.02 sys=0.00, real=0.00 secs] 
154.163: Total time for which application threads were stopped: 0.0053340 seconds, Stopping threads took: 0.0028720 seconds
154.246: Application time: 0.0822080 seconds
154.248: [GC [PSYoungGen: 91680K->7872K(97280K)] 101841K->18033K(319488K), 0.0022630 secs] [Times: user=0.01 sys=0.00, real=0.00 secs] 
154.251: Total time for which application threads were stopped: 0.0051730 seconds, Stopping threads took: 0.0028260 seconds
154.329: Application time: 0.0781880 seconds
154.331: [GC [PSYoungGen: 91328K->7264K(97280K)] 101489K->17425K(319488K), 0.0021910 secs] [Times: user=0.01 sys=0.00, real=0.00 secs] 
154.333: Total time for which application threads were stopped: 0.0040160 seconds, Stopping threads took: 0.0017410 seconds
154.412: Application time: 0.0788780 seconds
154.415: [GC [PSYoungGen: 90720K->6240K(97280K)] 100881K->16401K(319488K), 0.0017690 secs] [Times: user=0.02 sys=0.00, real=0.01 secs] 
154.416: Total time for which application threads were stopped: 0.0046230 seconds, Stopping threads took: 0.0027670 seconds
154.494: Application time: 0.0772170 seconds
154.495: [GC [PSYoungGen: 89696K->7696K(97280K)] 99857K->17865K(319488K), 0.0024640 secs] [Times: user=0.02 sys=0.00, real=0.00 secs] 
154.498: Total time for which application threads were stopped: 0.0042890 seconds, Stopping threads took: 0.0017430 seconds
154.575: Application time: 0.0768550 seconds
154.577: [GC [PSYoungGen: 91151K->7344K(97280K)] 101321K->17521K(319488K), 0.0021540 secs] [Times: user=0.01 sys=0.00, real=0.00 secs] 
154.580: Total time for which application threads were stopped: 0.0047400 seconds, Stopping threads took: 0.0025010 seconds
154.661: Application time: 0.0813180 seconds
154.664: [GC [PSYoungGen: 90800K->6448K(97280K)] 100977K->16625K(319488K), 0.0018860 secs] [Times: user=0.01 sys=0.00, real=0.00 secs] 
154.666: Total time for which application threads were stopped: 0.0049290 seconds, Stopping threads took: 0.0029620 seconds
154.746: Application time: 0.0805310 seconds
154.749: [GC [PSYoungGen: 89904K->6624K(97280K)] 100081K->16801K(319488K), 0.0019380 secs] [Times: user=0.01 sys=0.00, real=0.00 secs] 
154.751: Total time for which application threads were stopped: 0.0048100 seconds, Stopping threads took: 0.0027890 seconds
154.830: Application time: 0.0789440 seconds
154.832: [GC [PSYoungGen: 90080K->7744K(97280K)] 100257K->17921K(319488K), 0.0022340 secs] [Times: user=0.01 sys=0.00, real=0.00 secs] 
154.834: Total time for which application threads were stopped: 0.0041790 seconds, Stopping threads took: 0.0018610 seconds
154.914: Application time: 0.0792390 seconds
154.916: [GC [PSYoungGen: 91200K->6288K(97280K)] 101377K->16465K(319488K), 0.0018850 secs] [Times: user=0.01 sys=0.00, real=0.00 secs] 
154.917: Total time for which application threads were stopped: 0.0039380 seconds, Stopping threads took: 0.0019640 seconds
155.000: Application time: 0.0828820 seconds
155.003: [GC [PSYoungGen: 89744K->7056K(97280K)] 99921K->17241K(319488K), 0.0020290 secs] [Times: user=0.01 sys=0.00, real=0.00 secs] 
155.005: Total time for which application threads were stopped: 0.0046550 seconds, Stopping threads took: 0.0025460 seconds
155.084: Application time: 0.0786140 seconds
155.086: [GC [PSYoungGen: 90512K->7408K(97280K)] 100697K->17601K(319488K), 0.0022130 secs] [Times: user=0.01 sys=0.00, real=0.01 secs] 
155.088: Total time for which application threads were stopped: 0.0047660 seconds, Stopping threads took: 0.0024660 seconds
155.171: Application time: 0.0828550 seconds
155.174: [GC [PSYoungGen: 90864K->7072K(97280K)] 101057K->17265K(319488K), 0.0022640 secs] [Times: user=0.01 sys=0.00, real=0.01 secs] 
155.176: Total time for which application threads were stopped: 0.0051170 seconds, Stopping threads took: 0.0027700 seconds
155.256: Application time: 0.0798980 seconds
155.259: [GC [PSYoungGen: 90528K->5648K(97280K)] 100721K->15841K(319488K), 0.0016720 secs] [Times: user=0.01 sys=0.00, real=0.00 secs] 
155.261: Total time for which application threads were stopped: 0.0046460 seconds, Stopping threads took: 0.0028940 seconds
155.339: Application time: 0.0777460 seconds
155.341: [GC [PSYoungGen: 89104K->6944K(97280K)] 99297K->17137K(319488K), 0.0020370 secs] [Times: user=0.01 sys=0.00, real=0.00 secs] 
155.343: Total time for which application threads were stopped: 0.0046550 seconds, Stopping threads took: 0.0025340 seconds
155.421: Application time: 0.0779180 seconds
155.424: [GC [PSYoungGen: 90400K->7440K(97280K)] 100593K->17633K(319488K), 0.0025490 secs] [Times: user=0.01 sys=0.00, real=0.00 secs] 
155.426: Total time for which application threads were stopped: 0.0051400 seconds, Stopping threads took: 0.0024830 seconds
155.503: Application time: 0.0768530 seconds
155.506: [GC [PSYoungGen: 90896K->7904K(97280K)] 101089K->18105K(319488K), 0.0023840 secs] [Times: user=0.02 sys=0.00, real=0.01 secs] 
155.509: Total time for which application threads were stopped: 0.0054210 seconds, Stopping threads took: 0.0029510 seconds
155.588: Application time: 0.0788600 seconds
155.590: [GC [PSYoungGen: 91360K->7568K(97280K)] 101561K->17777K(319488K), 0.0025000 secs] [Times: user=0.02 sys=0.00, real=0.00 secs] 
155.592: Total time for which application threads were stopped: 0.0049540 seconds, Stopping threads took: 0.0023670 seconds
155.671: Application time: 0.0789140 seconds
155.674: [GC [PSYoungGen: 91024K->7104K(97280K)] 101233K->17313K(319488K), 0.0021590 secs] [Times: user=0.02 sys=0.00, real=0.01 secs] 
155.676: Total time for which application threads were stopped: 0.0050550 seconds, Stopping threads took: 0.0028130 seconds
155.755: Application time: 0.0790220 seconds
155.758: [GC [PSYoungGen: 90560K->6960K(97280K)] 100769K->17169K(319488K), 0.0021030 secs] [Times: user=0.02 sys=0.00, real=0.00 secs] 
155.760: Total time for which application threads were stopped: 0.0047470 seconds, Stopping threads took: 0.0025600 seconds
155.840: Application time: 0.0796280 seconds
155.842: [GC [PSYoungGen: 90416K->7424K(97280K)] 100625K->17633K(319488K), 0.0022270 secs] [Times: user=0.01 sys=0.00, real=0.00 secs] 
155.844: Total time for which application threads were stopped: 0.0040490 seconds, Stopping threads took: 0.0017360 seconds
155.924: Application time: 0.0803780 seconds
155.927: [GC [PSYoungGen: 90880K->7680K(97280K)] 101089K->17889K(319488K), 0.0023270 secs] [Times: user=0.01 sys=0.01, real=0.01 secs] 
155.929: Total time for which application threads were stopped: 0.0049280 seconds, Stopping threads took: 0.0025020 seconds
156.006: Application time: 0.0770560 seconds
156.008: [GC [PSYoungGen: 91136K->7616K(97280K)] 101345K->17825K(319488K), 0.0024510 secs] [Times: user=0.02 sys=0.00, real=0.00 secs] 
156.011: Total time for which application threads were stopped: 0.0047020 seconds, Stopping threads took: 0.0021650 seconds
156.090: Application time: 0.0785640 seconds
156.091: [GC [PSYoungGen: 91072K->6192K(97280K)] 101281K->16409K(319488K), 0.0017720 secs] [Times: user=0.01 sys=0.00, real=0.00 secs] 
156.093: Total time for which application threads were stopped: 0.0035120 seconds, Stopping threads took: 0.0016650 seconds
156.172: Application time: 0.0789200 seconds
156.174: [GC [PSYoungGen: 89648K->7888K(97280K)] 99865K->18113K(319488K), 0.0023020 secs] [Times: user=0.01 sys=0.00, real=0.01 secs] 
156.177: Total time for which application threads were stopped: 0.0046560 seconds, Stopping threads took: 0.0022720 seconds
156.257: Application time: 0.0802390 seconds
156.259: [GC [PSYoungGen: 91344K->5568K(97280K)] 101569K->15793K(319488K), 0.0016410 secs] [Times: user=0.01 sys=0.00, real=0.00 secs] 
156.261: Total time for which application threads were stopped: 0.0038510 seconds, Stopping threads took: 0.0021320 seconds
156.341: Application time: 0.0806130 seconds
156.344: [GC [PSYoungGen: 89024K->6304K(97280K)] 99249K->16529K(319488K), 0.0019280 secs] [Times: user=0.01 sys=0.00, real=0.00 secs] 
156.346: Total time for which application threads were stopped: 0.0042390 seconds, Stopping threads took: 0.0022310 seconds
156.424: Application time: 0.0783520 seconds
156.427: [GC [PSYoungGen: 89760K->7088K(97280K)] 99985K->17313K(319488K), 0.0024000 secs] [Times: user=0.01 sys=0.00, real=0.00 secs] 
156.430: Total time for which application threads were stopped: 0.0058530 seconds, Stopping threads took: 0.0033540 seconds
156.507: Application time: 0.0772800 seconds
156.510: [GC [PSYoungGen: 90544K->8272K(97280K)] 100769K->18497K(319488K), 0.0027340 secs] [Times: user=0.02 sys=0.00, real=0.00 secs] 
156.513: Total time for which application threads were stopped: 0.0057600 seconds, Stopping threads took: 0.0029140 seconds
156.590: Application time: 0.0770170 seconds
156.593: [GC [PSYoungGen: 91728K->7824K(97280K)] 101953K->18065K(319488K), 0.0023950 secs] [Times: user=0.01 sys=0.00, real=0.01 secs] 
156.595: Total time for which application threads were stopped: 0.0052320 seconds, Stopping threads took: 0.0027280 seconds
156.673: Application time: 0.0775760 seconds
156.675: [GC [PSYoungGen: 91280K->8128K(97280K)] 101521K->18385K(319488K), 0.0023990 secs] [Times: user=0.01 sys=0.00, real=0.01 secs] 
156.677: Total time for which application threads were stopped: 0.0043620 seconds, Stopping threads took: 0.0018780 seconds
156.754: Application time: 0.0770310 seconds
156.757: [GC [PSYoungGen: 91584K->7360K(97280K)] 101841K->17617K(319488K), 0.0021800 secs] [Times: user=0.01 sys=0.00, real=0.00 secs] 
156.759: Total time for which application threads were stopped: 0.0054290 seconds, Stopping threads took: 0.0031640 seconds
156.837: Application time: 0.0775590 seconds
156.838: [GC [PSYoungGen: 90816K->5936K(97280K)] 101073K->16193K(319488K), 0.0017890 secs] [Times: user=0.02 sys=0.00, real=0.00 secs] 
156.840: Total time for which application threads were stopped: 0.0031500 seconds, Stopping threads took: 0.0012870 seconds
156.918: Application time: 0.0778670 seconds
156.920: [GC [PSYoungGen: 89392K->6528K(97280K)] 99649K->16785K(319488K), 0.0019440 secs] [Times: user=0.02 sys=0.00, real=0.00 secs] 
156.922: Total time for which application threads were stopped: 0.0038710 seconds, Stopping threads took: 0.0018400 seconds
157.002: Application time: 0.0801910 seconds
157.004: [GC [PSYoungGen: 89984K->6192K(97280K)] 100241K->16449K(319488K), 0.0018460 secs] [Times: user=0.01 sys=0.00, real=0.00 secs] 
157.006: Total time for which application threads were stopped: 0.0035620 seconds, Stopping threads took: 0.0016280 seconds
157.083: Application time: 0.0768950 seconds
157.085: [GC [PSYoungGen: 89648K->6560K(97280K)] 99905K->16825K(319488K), 0.0019090 secs] [Times: user=0.01 sys=0.00, real=0.01 secs] 
157.087: Total time for which application threads were stopped: 0.0047750 seconds, Stopping threads took: 0.0027880 seconds
157.165: Application time: 0.0780920 seconds
157.168: [GC [PSYoungGen: 90016K->7232K(97280K)] 100281K->17505K(319488K), 0.0020780 secs] [Times: user=0.01 sys=0.00, real=0.00 secs] 
157.170: Total time for which application threads were stopped: 0.0047680 seconds, Stopping threads took: 0.0026070 seconds
157.249: Application time: 0.0784900 seconds
157.252: [GC [PSYoungGen: 90688K->6960K(97280K)] 100961K->17233K(319488K), 0.0019780 secs] [Times: user=0.01 sys=0.00, real=0.00 secs] 
157.254: Total time for which application threads were stopped: 0.0049970 seconds, Stopping threads took: 0.0029410 seconds
157.332: Application time: 0.0785630 seconds
157.334: [GC [PSYoungGen: 90416K->7696K(97280K)] 100689K->17969K(319488K), 0.0022800 secs] [Times: user=0.02 sys=0.00, real=0.01 secs] 
157.337: Total time for which application threads were stopped: 0.0044150 seconds, Stopping threads took: 0.0020550 seconds
157.412: Application time: 0.0748090 seconds
157.414: [GC [PSYoungGen: 91152K->7024K(97280K)] 101425K->17297K(319488K), 0.0020090 secs] [Times: user=0.02 sys=0.00, real=0.01 secs] 
157.416: Total time for which application threads were stopped: 0.0044690 seconds, Stopping threads took: 0.0023830 seconds
157.490: Application time: 0.0740070 seconds
157.493: [GC [PSYoungGen: 90480K->6288K(97280K)] 100753K->16561K(319488K), 0.0018210 secs] [Times: user=0.01 sys=0.00, real=0.00 secs] 
157.494: Total time for which application threads were stopped: 0.0043820 seconds, Stopping threads took: 0.0024850 seconds
157.568: Application time: 0.0739680 seconds
157.569: [GC [PSYoungGen: 89744K->7056K(97280K)] 100017K->17337K(319488K), 0.0021150 secs] [Times: user=0.01 sys=0.00, real=0.00 secs] 
157.572: Total time for which application threads were stopped: 0.0032450 seconds, Stopping threads took: 0.0010360 seconds
157.646: Application time: 0.0747260 seconds
157.649: [GC [PSYoungGen: 90512K->7504K(97280K)] 100793K->17793K(319488K), 0.0021590 secs] [Times: user=0.02 sys=0.00, real=0.00 secs] 
157.651: Total time for which application threads were stopped: 0.0049640 seconds, Stopping threads took: 0.0027200 seconds
157.728: Application time: 0.0762070 seconds
157.729: [GC [PSYoungGen: 90960K->7872K(97280K)] 101249K->18161K(319488K), 0.0023070 secs] [Times: user=0.01 sys=0.00, real=0.00 secs] 
157.732: Total time for which application threads were stopped: 0.0043390 seconds, Stopping threads took: 0.0019520 seconds
157.807: Application time: 0.0756360 seconds
157.809: [GC [PSYoungGen: 91328K->5680K(97280K)] 101617K->15969K(319488K), 0.0017930 secs] [Times: user=0.02 sys=0.00, real=0.00 secs] 
157.811: Total time for which application threads were stopped: 0.0038410 seconds, Stopping threads took: 0.0019710 seconds
157.887: Application time: 0.0755960 seconds
157.890: [GC [PSYoungGen: 89136K->7408K(97280K)] 99425K->17697K(319488K), 0.0021220 secs] [Times: user=0.01 sys=0.00, real=0.00 secs] 
157.892: Total time for which application threads were stopped: 0.0048360 seconds, Stopping threads took: 0.0026380 seconds
157.965: Application time: 0.0735980 seconds
157.968: [GC [PSYoungGen: 90864K->6016K(97280K)] 101153K->16305K(319488K), 0.0016500 secs] [Times: user=0.01 sys=0.00, real=0.00 secs] 
157.970: Total time for which application threads were stopped: 0.0042410 seconds, Stopping threads took: 0.0025100 seconds
158.044: Application time: 0.0745330 seconds
158.046: [GC [PSYoungGen: 89472K->5440K(97280K)] 99761K->15737K(319488K), 0.0016200 secs] [Times: user=0.01 sys=0.00, real=0.01 secs] 
158.048: Total time for which application threads were stopped: 0.0035600 seconds, Stopping threads took: 0.0018660 seconds
158.121: Application time: 0.0730230 seconds
158.123: [GC [PSYoungGen: 88896K->7808K(97280K)] 99193K->18113K(319488K), 0.0022310 secs] [Times: user=0.02 sys=0.00, real=0.00 secs] 
158.125: Total time for which application threads were stopped: 0.0043480 seconds, Stopping threads took: 0.0020300 seconds
158.199: Application time: 0.0735120 seconds
158.201: [GC [PSYoungGen: 91264K->7296K(97280K)] 101569K->17609K(319488K), 0.0021520 secs] [Times: user=0.02 sys=0.00, real=0.00 secs] 
158.204: Total time for which application threads were stopped: 0.0050100 seconds, Stopping threads took: 0.0027670 seconds
158.277: Application time: 0.0732520 seconds
158.279: [GC [PSYoungGen: 90752K->7152K(97280K)] 101065K->17465K(319488K), 0.0021750 secs] [Times: user=0.02 sys=0.00, real=0.00 secs] 
158.282: Total time for which application threads were stopped: 0.0046560 seconds, Stopping threads took: 0.0023990 seconds
158.354: Application time: 0.0720010 seconds
158.356: [GC [PSYoungGen: 90608K->7552K(97280K)] 100921K->17865K(319488K), 0.0023310 secs] [Times: user=0.01 sys=0.00, real=0.00 secs] 
158.358: Total time for which application threads were stopped: 0.0045260 seconds, Stopping threads took: 0.0021120 seconds
158.431: Application time: 0.0725200 seconds
158.432: [GC [PSYoungGen: 91008K->7696K(97280K)] 101321K->18009K(319488K), 0.0023920 secs] [Times: user=0.01 sys=0.00, real=0.00 secs] 
158.435: Total time for which application threads were stopped: 0.0041770 seconds, Stopping threads took: 0.0016890 seconds
158.509: Application time: 0.0743370 seconds
158.511: [GC [PSYoungGen: 91152K->6272K(97280K)] 101465K->16593K(319488K), 0.0018660 secs] [Times: user=0.01 sys=0.00, real=0.00 secs] 
158.513: Total time for which application threads were stopped: 0.0040720 seconds, Stopping threads took: 0.0021240 seconds
158.588: Application time: 0.0745660 seconds
158.590: [GC [PSYoungGen: 89728K->6720K(97280K)] 100049K->17049K(319488K), 0.0020580 secs] [Times: user=0.01 sys=0.00, real=0.00 secs] 
158.592: Total time for which application threads were stopped: 0.0041490 seconds, Stopping threads took: 0.0020080 seconds
158.666: Application time: 0.0741200 seconds
158.668: [GC [PSYoungGen: 90176K->6512K(97280K)] 100505K->16849K(319488K), 0.0018460 secs] [Times: user=0.01 sys=0.00, real=0.00 secs] 
158.670: Total time for which application threads were stopped: 0.0040370 seconds, Stopping threads took: 0.0021080 seconds
158.744: Application time: 0.0738960 seconds
158.746: [GC [PSYoungGen: 89968K->7104K(97280K)] 100305K->17441K(319488K), 0.0021110 secs] [Times: user=0.02 sys=0.00, real=0.01 secs] 
158.749: Total time for which application threads were stopped: 0.0046880 seconds, Stopping threads took: 0.0024840 seconds
158.825: Application time: 0.0763300 seconds
158.826: [GC [PSYoungGen: 90560K->6272K(97280K)] 100897K->16609K(319488K), 0.0018560 secs] [Times: user=0.01 sys=0.00, real=0.01 secs] 
158.828: Total time for which application threads were stopped: 0.0033900 seconds, Stopping threads took: 0.0014540 seconds
158.903: Application time: 0.0743750 seconds
158.906: [GC [PSYoungGen: 89728K->7312K(97280K)] 100065K->17649K(319488K), 0.0022150 secs] [Times: user=0.01 sys=0.00, real=0.01 secs] 
158.908: Total time for which application threads were stopped: 0.0052110 seconds, Stopping threads took: 0.0029140 seconds
158.983: Application time: 0.0751150 seconds
158.985: [GC [PSYoungGen: 90768K->7120K(97280K)] 101105K->17457K(319488K), 0.0021640 secs] [Times: user=0.02 sys=0.00, real=0.01 secs] 
158.987: Total time for which application threads were stopped: 0.0041820 seconds, Stopping threads took: 0.0019380 seconds
159.061: Application time: 0.0742520 seconds
159.064: [GC [PSYoungGen: 90576K->8384K(97280K)] 100913K->18729K(319488K), 0.0025160 secs] [Times: user=0.02 sys=0.00, real=0.00 secs] 
159.067: Total time for which application threads were stopped: 0.0052790 seconds, Stopping threads took: 0.0026780 seconds
159.141: Application time: 0.0737580 seconds
159.142: [GC [PSYoungGen: 91840K->6176K(97280K)] 102185K->16545K(319488K), 0.0017790 secs] [Times: user=0.01 sys=0.00, real=0.00 secs] 
159.144: Total time for which application threads were stopped: 0.0037560 seconds, Stopping threads took: 0.0018980 seconds
159.218: Application time: 0.0736070 seconds
159.220: [GC [PSYoungGen: 89632K->6480K(97280K)] 100001K->16849K(319488K), 0.0019660 secs] [Times: user=0.01 sys=0.00, real=0.00 secs] 
159.222: Total time for which application threads were stopped: 0.0039640 seconds, Stopping threads took: 0.0019120 seconds
159.298: Application time: 0.0760690 seconds
159.300: [GC [PSYoungGen: 89936K->6224K(97280K)] 100305K->16593K(319488K), 0.0017950 secs] [Times: user=0.01 sys=0.00, real=0.00 secs] 
159.302: Total time for which application threads were stopped: 0.0037950 seconds, Stopping threads took: 0.0019020 seconds
159.375: Application time: 0.0728160 seconds
159.377: [GC [PSYoungGen: 89680K->6496K(97280K)] 100049K->16865K(319488K), 0.0018170 secs] [Times: user=0.02 sys=0.00, real=0.00 secs] 
159.379: Total time for which application threads were stopped: 0.0043270 seconds, Stopping threads took: 0.0024250 seconds
159.453: Application time: 0.0740400 seconds
159.455: [GC [PSYoungGen: 89952K->7008K(97280K)] 100321K->17377K(319488K), 0.0020440 secs] [Times: user=0.01 sys=0.00, real=0.01 secs] 
159.457: Total time for which application threads were stopped: 0.0036820 seconds, Stopping threads took: 0.0015580 seconds
159.529: Application time: 0.0725700 seconds
159.531: [GC [PSYoungGen: 90464K->7584K(97280K)] 100833K->17961K(319488K), 0.0021430 secs] [Times: user=0.02 sys=0.00, real=0.00 secs] 
159.533: Total time for which application threads were stopped: 0.0042240 seconds, Stopping threads took: 0.0019910 seconds
159.605: Application time: 0.0716900 seconds
159.607: [GC [PSYoungGen: 91040K->7120K(97280K)] 101417K->17505K(319488K), 0.0020540 secs] [Times: user=0.02 sys=0.00, real=0.00 secs] 
159.610: Total time for which application threads were stopped: 0.0044080 seconds, Stopping threads took: 0.0022750 seconds
159.683: Application time: 0.0734560 seconds
159.686: [GC [PSYoungGen: 90576K->6448K(97280K)] 100961K->16833K(319488K), 0.0018260 secs] [Times: user=0.01 sys=0.00, real=0.01 secs] 
159.688: Total time for which application threads were stopped: 0.0047920 seconds, Stopping threads took: 0.0028850 seconds
159.766: Application time: 0.0778550 seconds
159.768: [GC [PSYoungGen: 89904K->5104K(97280K)] 100289K->15489K(319488K), 0.0016890 secs] [Times: user=0.01 sys=0.00, real=0.00 secs] 
159.770: Total time for which application threads were stopped: 0.0040650 seconds, Stopping threads took: 0.0022860 seconds
159.845: Application time: 0.0748790 seconds
159.847: [GC [PSYoungGen: 88560K->8368K(97280K)] 98945K->18753K(319488K), 0.0024310 secs] [Times: user=0.01 sys=0.00, real=0.00 secs] 
159.849: Total time for which application threads were stopped: 0.0047760 seconds, Stopping threads took: 0.0022560 seconds
159.922: Application time: 0.0722730 seconds
159.924: [GC [PSYoungGen: 91824K->7808K(97280K)] 102209K->18193K(319488K), 0.0022620 secs] [Times: user=0.02 sys=0.00, real=0.00 secs] 
159.927: Total time for which application threads were stopped: 0.0051250 seconds, Stopping threads took: 0.0027830 seconds
160.003: Application time: 0.0760690 seconds
160.006: [GC [PSYoungGen: 91264K->7184K(97280K)] 101649K->17577K(319488K), 0.0020320 secs] [Times: user=0.02 sys=0.00, real=0.01 secs] 
160.008: Total time for which application threads were stopped: 0.0049580 seconds, Stopping threads took: 0.0028460 seconds
160.083: Application time: 0.0748120 seconds
160.085: [GC [PSYoungGen: 90640K->6080K(97280K)] 101033K->16489K(319488K), 0.0017430 secs] [Times: user=0.02 sys=0.00, real=0.01 secs] 
160.087: Total time for which application threads were stopped: 0.0044590 seconds, Stopping threads took: 0.0026130 seconds
160.163: Application time: 0.0756690 seconds
160.164: [GC [PSYoungGen: 89536K->6048K(97280K)] 99945K->16457K(319488K), 0.0018880 secs] [Times: user=0.00 sys=0.00, real=0.00 secs] 
160.166: Total time for which application threads were stopped: 0.0034040 seconds, Stopping threads took: 0.0014400 seconds
160.241: Application time: 0.0752750 seconds
160.244: [GC [PSYoungGen: 89504K->6688K(97280K)] 99913K->17097K(319488K), 0.0019350 secs] [Times: user=0.02 sys=0.00, real=0.00 secs] 
160.246: Total time for which application threads were stopped: 0.0045800 seconds, Stopping threads took: 0.0025670 seconds
160.319: Application time: 0.0728020 seconds
160.322: [GC [PSYoungGen: 90144K->8064K(97280K)] 100553K->18473K(319488K), 0.0022950 secs] [Times: user=0.02 sys=0.00, real=0.00 secs] 
160.324: Total time for which application threads were stopped: 0.0052980 seconds, Stopping threads took: 0.0029100 seconds
160.397: Application time: 0.0731940 seconds
160.400: [GC [PSYoungGen: 91520K->7392K(97280K)] 101929K->17801K(319488K), 0.0022150 secs] [Times: user=0.01 sys=0.00, real=0.00 secs] 
160.402: Total time for which application threads were stopped: 0.0045150 seconds, Stopping threads took: 0.0022190 seconds
160.476: Application time: 0.0742190 seconds
160.478: [GC [PSYoungGen: 90848K->6976K(97280K)] 101257K->17393K(319488K), 0.0020080 secs] [Times: user=0.01 sys=0.00, real=0.00 secs] 
160.480: Total time for which application threads were stopped: 0.0035790 seconds, Stopping threads took: 0.0014910 seconds
160.553: Application time: 0.0731480 seconds
160.556: [GC [PSYoungGen: 90432K->7600K(97280K)] 100849K->18025K(319488K), 0.0023930 secs] [Times: user=0.00 sys=0.00, real=0.00 secs] 
160.558: Total time for which application threads were stopped: 0.0051980 seconds, Stopping threads took: 0.0027140 seconds
160.632: Application time: 0.0737620 seconds
160.635: [GC [PSYoungGen: 91056K->8048K(97280K)] 101481K->18489K(319488K), 0.0022870 secs] [Times: user=0.02 sys=0.00, real=0.01 secs] 
160.637: Total time for which application threads were stopped: 0.0051530 seconds, Stopping threads took: 0.0027810 seconds
160.713: Application time: 0.0764350 seconds
160.715: [GC [PSYoungGen: 91504K->5536K(97280K)] 101945K->15977K(319488K), 0.0016950 secs] [Times: user=0.01 sys=0.00, real=0.00 secs] 
160.717: Total time for which application threads were stopped: 0.0038040 seconds, Stopping threads took: 0.0020380 seconds
160.793: Application time: 0.0762400 seconds
160.795: [GC [PSYoungGen: 88992K->6896K(97280K)] 99433K->17337K(319488K), 0.0019930 secs] [Times: user=0.01 sys=0.00, real=0.00 secs] 
160.797: Total time for which application threads were stopped: 0.0039230 seconds, Stopping threads took: 0.0018530 seconds
160.872: Application time: 0.0745670 seconds
160.873: [GC [PSYoungGen: 90352K->5488K(97280K)] 100793K->15929K(319488K), 0.0016730 secs] [Times: user=0.01 sys=0.00, real=0.00 secs] 
160.875: Total time for which application threads were stopped: 0.0027810 seconds, Stopping threads took: 0.0010100 seconds
160.948: Application time: 0.0730200 seconds
160.949: [GC [PSYoungGen: 88944K->7232K(97280K)] 99385K->17681K(319488K), 0.0022140 secs] [Times: user=0.01 sys=0.00, real=0.00 secs] 
160.952: Total time for which application threads were stopped: 0.0038330 seconds, Stopping threads took: 0.0015370 seconds
161.026: Application time: 0.0749270 seconds
161.029: [GC [PSYoungGen: 90688K->7664K(97280K)] 101137K->18121K(319488K), 0.0021620 secs] [Times: user=0.01 sys=0.00, real=0.00 secs] 
161.031: Total time for which application threads were stopped: 0.0044560 seconds, Stopping threads took: 0.0022050 seconds
161.103: Application time: 0.0717490 seconds
161.104: [GC [PSYoungGen: 91120K->6848K(97280K)] 101577K->17313K(319488K), 0.0020540 secs] [Times: user=0.01 sys=0.00, real=0.00 secs] 
161.106: Total time for which application threads were stopped: 0.0030580 seconds, Stopping threads took: 0.0009250 seconds
161.181: Application time: 0.0757480 seconds
161.184: [GC [PSYoungGen: 90304K->8240K(97280K)] 100769K->18705K(319488K), 0.0023690 secs] [Times: user=0.02 sys=0.00, real=0.00 secs] 
161.186: Total time for which application threads were stopped: 0.0047760 seconds, Stopping threads took: 0.0023210 seconds
161.262: Application time: 0.0754230 seconds
161.263: [GC [PSYoungGen: 91696K->6608K(97280K)] 102161K->17073K(319488K), 0.0019330 secs] [Times: user=0.01 sys=0.00, real=0.00 secs] 
161.265: Total time for which application threads were stopped: 0.0037620 seconds, Stopping threads took: 0.0017440 seconds
161.344: Application time: 0.0782640 seconds
161.346: [GC [PSYoungGen: 90064K->5376K(97280K)] 100529K->15841K(319488K), 0.0016090 secs] [Times: user=0.01 sys=0.00, real=0.01 secs] 
161.347: Total time for which application threads were stopped: 0.0037570 seconds, Stopping threads took: 0.0020720 seconds
161.426: Application time: 0.0789130 seconds
161.429: [GC [PSYoungGen: 88832K->6704K(97280K)] 99297K->17177K(319488K), 0.0019270 secs] [Times: user=0.01 sys=0.00, real=0.00 secs] 
161.431: Total time for which application threads were stopped: 0.0046740 seconds, Stopping threads took: 0.0026550 seconds
161.510: Application time: 0.0794470 seconds
161.513: [GC [PSYoungGen: 90160K->7568K(97280K)] 100633K->18049K(319488K), 0.0022300 secs] [Times: user=0.02 sys=0.00, real=0.00 secs] 
161.515: Total time for which application threads were stopped: 0.0043080 seconds, Stopping threads took: 0.0019930 seconds
161.598: Application time: 0.0835750 seconds
161.600: [GC [PSYoungGen: 91024K->7168K(97280K)] 101505K->17665K(319488K), 0.0021390 secs] [Times: user=0.02 sys=0.00, real=0.00 secs] 
161.602: Total time for which application threads were stopped: 0.0034930 seconds, Stopping threads took: 0.0012740 seconds
161.683: Application time: 0.0809030 seconds
161.684: [GC [PSYoungGen: 90624K->5904K(97280K)] 101121K->16401K(319488K), 0.0018130 secs] [Times: user=0.01 sys=0.00, real=0.00 secs] 
161.686: Total time for which application threads were stopped: 0.0031590 seconds, Stopping threads took: 0.0012700 seconds
161.766: Application time: 0.0801060 seconds
161.768: [GC [PSYoungGen: 89360K->7120K(97280K)] 99857K->17617K(319488K), 0.0022270 secs] [Times: user=0.00 sys=0.00, real=0.00 secs] 
161.771: Total time for which application threads were stopped: 0.0045870 seconds, Stopping threads took: 0.0022780 seconds
161.850: Application time: 0.0795840 seconds
161.853: [GC [PSYoungGen: 90576K->7472K(97280K)] 101073K->17969K(319488K), 0.0022290 secs] [Times: user=0.02 sys=0.00, real=0.01 secs] 
161.855: Total time for which application threads were stopped: 0.0049700 seconds, Stopping threads took: 0.0026460 seconds
161.937: Application time: 0.0817640 seconds
161.940: [GC [PSYoungGen: 90928K->6320K(97280K)] 101425K->16825K(319488K), 0.0019450 secs] [Times: user=0.01 sys=0.00, real=0.00 secs] 
161.942: Total time for which application threads were stopped: 0.0045560 seconds, Stopping threads took: 0.0025100 seconds
162.019: Application time: 0.0772690 seconds
162.021: [GC [PSYoungGen: 89776K->6528K(97280K)] 100281K->17041K(319488K), 0.0019570 secs] [Times: user=0.01 sys=0.00, real=0.00 secs] 
162.023: Total time for which application threads were stopped: 0.0046880 seconds, Stopping threads took: 0.0026530 seconds
162.105: Application time: 0.0819330 seconds
162.108: [GC [PSYoungGen: 89984K->7616K(97280K)] 100497K->18145K(319488K), 0.0023380 secs] [Times: user=0.01 sys=0.00, real=0.00 secs] 
162.110: Total time for which application threads were stopped: 0.0046930 seconds, Stopping threads took: 0.0022740 seconds
162.189: Application time: 0.0792840 seconds
162.192: [GC [PSYoungGen: 91072K->7888K(97280K)] 101601K->18425K(319488K), 0.0022980 secs] [Times: user=0.02 sys=0.00, real=0.00 secs] 
162.194: Total time for which application threads were stopped: 0.0048440 seconds, Stopping threads took: 0.0024620 seconds
162.272: Application time: 0.0777460 seconds
162.274: [GC [PSYoungGen: 91344K->7328K(97280K)] 101881K->17865K(319488K), 0.0022370 secs] [Times: user=0.02 sys=0.00, real=0.01 secs] 
162.277: Total time for which application threads were stopped: 0.0047040 seconds, Stopping threads took: 0.0023840 seconds
162.354: Application time: 0.0773500 seconds
162.356: [GC [PSYoungGen: 90784K->6832K(97280K)] 101321K->17369K(319488K), 0.0020260 secs] [Times: user=0.01 sys=0.00, real=0.00 secs] 
162.358: Total time for which application threads were stopped: 0.0039140 seconds, Stopping threads took: 0.0018060 seconds
162.436: Application time: 0.0779650 seconds
162.438: [GC [PSYoungGen: 90288K->7072K(97280K)] 100825K->17609K(319488K), 0.0019900 secs] [Times: user=0.01 sys=0.00, real=0.00 secs] 
162.440: Total time for which application threads were stopped: 0.0038690 seconds, Stopping threads took: 0.0017940 seconds
162.521: Application time: 0.0807430 seconds
162.523: [GC [PSYoungGen: 90526K->5888K(97280K)] 101063K->16433K(319488K), 0.0017960 secs] [Times: user=0.01 sys=0.00, real=0.00 secs] 
162.525: Total time for which application threads were stopped: 0.0047930 seconds, Stopping threads took: 0.0029100 seconds
162.608: Application time: 0.0821970 seconds
162.611: [GC [PSYoungGen: 89344K->6944K(97280K)] 99889K->17497K(319488K), 0.0019530 secs] [Times: user=0.01 sys=0.00, real=0.00 secs] 
162.613: Total time for which application threads were stopped: 0.0052930 seconds, Stopping threads took: 0.0032590 seconds
162.693: Application time: 0.0803940 seconds
162.696: [GC [PSYoungGen: 90400K->6512K(97280K)] 100953K->17073K(319488K), 0.0019390 secs] [Times: user=0.01 sys=0.00, real=0.00 secs] 
162.698: Total time for which application threads were stopped: 0.0046590 seconds, Stopping threads took: 0.0026420 seconds
162.778: Application time: 0.0799500 seconds
162.781: [GC [PSYoungGen: 89968K->5648K(97280K)] 100529K->16209K(319488K), 0.0016790 secs] [Times: user=0.01 sys=0.00, real=0.00 secs] 
162.782: Total time for which application threads were stopped: 0.0045970 seconds, Stopping threads took: 0.0028440 seconds
162.864: Application time: 0.0811570 seconds
162.866: [GC [PSYoungGen: 89102K->6656K(97280K)] 99663K->17217K(319488K), 0.0020220 secs] [Times: user=0.01 sys=0.00, real=0.01 secs] 
162.868: Total time for which application threads were stopped: 0.0041690 seconds, Stopping threads took: 0.0020650 seconds
162.948: Application time: 0.0804800 seconds
162.951: [GC [PSYoungGen: 90112K->6848K(97280K)] 100673K->17409K(319488K), 0.0020410 secs] [Times: user=0.01 sys=0.00, real=0.00 secs] 
162.953: Total time for which application threads were stopped: 0.0044660 seconds, Stopping threads took: 0.0023420 seconds
163.033: Application time: 0.0798120 seconds
163.035: [GC [PSYoungGen: 90304K->7104K(97280K)] 100865K->17673K(319488K), 0.0022070 secs] [Times: user=0.01 sys=0.00, real=0.00 secs] 
163.038: Total time for which application threads were stopped: 0.0051210 seconds, Stopping threads took: 0.0028220 seconds
163.116: Application time: 0.0786020 seconds
163.120: [GC [PSYoungGen: 90560K->6624K(97280K)] 101129K->17201K(319488K), 0.0019300 secs] [Times: user=0.01 sys=0.00, real=0.00 secs] 
163.121: Total time for which application threads were stopped: 0.0052300 seconds, Stopping threads took: 0.0032170 seconds
163.201: Application time: 0.0794780 seconds
163.204: [GC [PSYoungGen: 90080K->6592K(97280K)] 100657K->17177K(319488K), 0.0018670 secs] [Times: user=0.01 sys=0.00, real=0.00 secs] 
163.206: Total time for which application threads were stopped: 0.0049870 seconds, Stopping threads took: 0.0030430 seconds
163.287: Application time: 0.0809290 seconds
163.290: [GC [PSYoungGen: 90048K->8048K(97280K)] 100633K->18633K(319488K), 0.0023550 secs] [Times: user=0.02 sys=0.00, real=0.00 secs] 
163.292: Total time for which application threads were stopped: 0.0051150 seconds, Stopping threads took: 0.0026770 seconds
163.370: Application time: 0.0780750 seconds
163.373: [GC [PSYoungGen: 91504K->7280K(97280K)] 102089K->17865K(319488K), 0.0023130 secs] [Times: user=0.01 sys=0.00, real=0.01 secs] 
163.375: Total time for which application threads were stopped: 0.0051500 seconds, Stopping threads took: 0.0027540 seconds
163.454: Application time: 0.0785260 seconds
163.456: [GC [PSYoungGen: 90736K->6960K(97280K)] 101321K->17545K(319488K), 0.0021430 secs] [Times: user=0.02 sys=0.00, real=0.00 secs] 
163.458: Total time for which application threads were stopped: 0.0045200 seconds, Stopping threads took: 0.0022970 seconds
163.537: Application time: 0.0790120 seconds
163.539: [GC [PSYoungGen: 90416K->6032K(97280K)] 101001K->16625K(319488K), 0.0018690 secs] [Times: user=0.01 sys=0.00, real=0.00 secs] 
163.541: Total time for which application threads were stopped: 0.0040760 seconds, Stopping threads took: 0.0021220 seconds
163.620: Application time: 0.0786900 seconds
163.623: [GC [PSYoungGen: 89488K->8384K(97280K)] 100081K->18985K(319488K), 0.0024930 secs] [Times: user=0.02 sys=0.00, real=0.00 secs] 
163.626: Total time for which application threads were stopped: 0.0057760 seconds, Stopping threads took: 0.0031970 seconds
163.704: Application time: 0.0782150 seconds
163.706: [GC [PSYoungGen: 91840K->6928K(97280K)] 102441K->17537K(319488K), 0.0020530 secs] [Times: user=0.01 sys=0.00, real=0.01 secs] 
163.709: Total time for which application threads were stopped: 0.0045360 seconds, Stopping threads took: 0.0024020 seconds
163.787: Application time: 0.0782480 seconds
163.789: [GC [PSYoungGen: 90384K->7152K(97280K)] 100993K->17761K(319488K), 0.0021070 secs] [Times: user=0.01 sys=0.00, real=0.00 secs] 
163.792: Total time for which application threads were stopped: 0.0047800 seconds, Stopping threads took: 0.0025850 seconds
163.872: Application time: 0.0802140 seconds
163.874: [GC [PSYoungGen: 90608K->6624K(97280K)] 101217K->17233K(319488K), 0.0019490 secs] [Times: user=0.01 sys=0.00, real=0.01 secs] 
163.876: Total time for which application threads were stopped: 0.0037670 seconds, Stopping threads took: 0.0017320 seconds
163.956: Application time: 0.0803460 seconds
163.959: [GC [PSYoungGen: 90080K->6800K(97280K)] 100689K->17409K(319488K), 0.0020930 secs] [Times: user=0.01 sys=0.00, real=0.00 secs] 
163.961: Total time for which application threads were stopped: 0.0053010 seconds, Stopping threads took: 0.0031220 seconds
164.040: Application time: 0.0787060 seconds
164.042: [GC [PSYoungGen: 90256K->7264K(97280K)] 100865K->17881K(319488K), 0.0020650 secs] [Times: user=0.02 sys=0.00, real=0.00 secs] 
164.044: Total time for which application threads were stopped: 0.0043960 seconds, Stopping threads took: 0.0022400 seconds
164.123: Application time: 0.0791000 seconds
164.127: [GC [PSYoungGen: 90720K->6896K(97280K)] 101337K->17521K(319488K), 0.0020750 secs] [Times: user=0.01 sys=0.00, real=0.01 secs] 
164.129: Total time for which application threads were stopped: 0.0051860 seconds, Stopping threads took: 0.0030250 seconds
164.210: Application time: 0.0814710 seconds
164.212: [GC [PSYoungGen: 90352K->6656K(97280K)] 100977K->17289K(319488K), 0.0019750 secs] [Times: user=0.02 sys=0.00, real=0.00 secs] 
164.214: Total time for which application threads were stopped: 0.0042650 seconds, Stopping threads took: 0.0022150 seconds
164.294: Application time: 0.0799240 seconds
164.296: [GC [PSYoungGen: 90112K->7136K(97280K)] 100745K->17777K(319488K), 0.0021150 secs] [Times: user=0.02 sys=0.00, real=0.00 secs] 
164.298: Total time for which application threads were stopped: 0.0040980 seconds, Stopping threads took: 0.0019000 seconds
164.377: Application time: 0.0784740 seconds
164.379: [GC [PSYoungGen: 90592K->7536K(97280K)] 101233K->18177K(319488K), 0.0021820 secs] [Times: user=0.02 sys=0.00, real=0.00 secs] 
164.382: Total time for which application threads were stopped: 0.0047190 seconds, Stopping threads took: 0.0024560 seconds
164.460: Application time: 0.0788050 seconds
164.463: [GC [PSYoungGen: 90992K->7760K(97280K)] 101633K->18401K(319488K), 0.0023300 secs] [Times: user=0.02 sys=0.01, real=0.00 secs] 
164.465: Total time for which application threads were stopped: 0.0046520 seconds, Stopping threads took: 0.0022310 seconds
164.544: Application time: 0.0786510 seconds
164.545: [GC [PSYoungGen: 91216K->6192K(97280K)] 101857K->16833K(319488K), 0.0019270 secs] [Times: user=0.02 sys=0.00, real=0.01 secs] 
164.547: Total time for which application threads were stopped: 0.0037080 seconds, Stopping threads took: 0.0016880 seconds
164.628: Application time: 0.0802980 seconds
164.629: [GC [PSYoungGen: 89648K->7008K(97280K)] 100289K->17657K(319488K), 0.0021130 secs] [Times: user=0.01 sys=0.00, real=0.00 secs] 
164.632: Total time for which application threads were stopped: 0.0038530 seconds, Stopping threads took: 0.0016560 seconds
164.709: Application time: 0.0778150 seconds
164.712: [GC [PSYoungGen: 90464K->6720K(97280K)] 101113K->17377K(319488K), 0.0019490 secs] [Times: user=0.01 sys=0.00, real=0.00 secs] 
164.714: Total time for which application threads were stopped: 0.0041480 seconds, Stopping threads took: 0.0021180 seconds
164.790: Application time: 0.0761780 seconds
164.792: [GC [PSYoungGen: 90176K->7072K(97280K)] 100833K->17737K(319488K), 0.0020650 secs] [Times: user=0.01 sys=0.00, real=0.00 secs] 
164.794: Total time for which application threads were stopped: 0.0046010 seconds, Stopping threads took: 0.0024530 seconds
164.873: Application time: 0.0785500 seconds
164.876: [GC [PSYoungGen: 90528K->7728K(97280K)] 101193K->18393K(319488K), 0.0022280 secs] [Times: user=0.01 sys=0.00, real=0.00 secs] 
164.878: Total time for which application threads were stopped: 0.0051410 seconds, Stopping threads took: 0.0028340 seconds
164.956: Application time: 0.0779030 seconds
164.958: [GC [PSYoungGen: 91184K->7008K(97280K)] 101849K->17673K(319488K), 0.0021580 secs] [Times: user=0.02 sys=0.00, real=0.00 secs] 
164.960: Total time for which application threads were stopped: 0.0042300 seconds, Stopping threads took: 0.0019900 seconds
165.039: Application time: 0.0784330 seconds
165.041: [GC [PSYoungGen: 90464K->8288K(97280K)] 101129K->18953K(319488K), 0.0024370 secs] [Times: user=0.01 sys=0.00, real=0.00 secs] 
165.043: Total time for which application threads were stopped: 0.0048740 seconds, Stopping threads took: 0.0023530 seconds
165.122: Application time: 0.0786120 seconds
165.125: [GC [PSYoungGen: 91744K->6736K(97280K)] 102409K->17409K(319488K), 0.0019180 secs] [Times: user=0.01 sys=0.00, real=0.01 secs] 
165.127: Total time for which application threads were stopped: 0.0048300 seconds, Stopping threads took: 0.0028240 seconds
165.208: Application time: 0.0807830 seconds
165.210: [GC [PSYoungGen: 90192K->6320K(97280K)] 100865K->17001K(319488K), 0.0018630 secs] [Times: user=0.01 sys=0.00, real=0.00 secs] 
165.212: Total time for which application threads were stopped: 0.0041690 seconds, Stopping threads took: 0.0022280 seconds
165.285: Application time: 0.0733670 seconds
165.287: [GC [PSYoungGen: 89776K->7088K(97280K)] 100457K->17785K(319488K), 0.0021120 secs] [Times: user=0.01 sys=0.00, real=0.01 secs] 
165.289: Total time for which application threads were stopped: 0.0036540 seconds, Stopping threads took: 0.0014580 seconds
165.363: Application time: 0.0737110 seconds
165.366: [GC [PSYoungGen: 90544K->7776K(97280K)] 101241K->18473K(319488K), 0.0022230 secs] [Times: user=0.01 sys=0.00, real=0.01 secs] 
165.368: Total time for which application threads were stopped: 0.0052730 seconds, Stopping threads took: 0.0029710 seconds
165.445: Application time: 0.0769050 seconds
165.446: [GC [PSYoungGen: 91232K->7792K(97280K)] 101929K->18489K(319488K), 0.0023620 secs] [Times: user=0.02 sys=0.00, real=0.01 secs] 
165.449: Total time for which application threads were stopped: 0.0038730 seconds, Stopping threads took: 0.0014290 seconds
165.526: Application time: 0.0768510 seconds
165.527: [GC [PSYoungGen: 91248K->5504K(97280K)] 101945K->16201K(319488K), 0.0016330 secs] [Times: user=0.01 sys=0.00, real=0.00 secs] 
165.529: Total time for which application threads were stopped: 0.0031050 seconds, Stopping threads took: 0.0014000 seconds
165.606: Application time: 0.0774510 seconds
165.608: [GC [PSYoungGen: 88960K->6208K(97280K)] 99657K->16913K(319488K), 0.0017980 secs] [Times: user=0.01 sys=0.00, real=0.00 secs] 
165.610: Total time for which application threads were stopped: 0.0038230 seconds, Stopping threads took: 0.0019490 seconds
165.686: Application time: 0.0761270 seconds
165.688: [GC [PSYoungGen: 89664K->7024K(97280K)] 100369K->17737K(319488K), 0.0021220 secs] [Times: user=0.01 sys=0.00, real=0.00 secs] 
165.690: Total time for which application threads were stopped: 0.0043670 seconds, Stopping threads took: 0.0021520 seconds
165.769: Application time: 0.0785610 seconds
165.771: [GC [PSYoungGen: 90480K->6560K(97280K)] 101193K->17281K(319488K), 0.0020720 secs] [Times: user=0.02 sys=0.00, real=0.00 secs] 
165.773: Total time for which application threads were stopped: 0.0036420 seconds, Stopping threads took: 0.0014670 seconds
165.844: Application time: 0.0715130 seconds
165.846: [GC [PSYoungGen: 90016K->7616K(97280K)] 100737K->18337K(319488K), 0.0022640 secs] [Times: user=0.02 sys=0.00, real=0.01 secs] 
165.849: Total time for which application threads were stopped: 0.0044980 seconds, Stopping threads took: 0.0021490 seconds
165.927: Application time: 0.0780570 seconds
165.929: [GC [PSYoungGen: 91072K->7392K(97280K)] 101793K->18113K(319488K), 0.0022630 secs] [Times: user=0.01 sys=0.00, real=0.00 secs] 
165.932: Total time for which application threads were stopped: 0.0050790 seconds, Stopping threads took: 0.0027330 seconds
166.008: Application time: 0.0763310 seconds
166.011: [GC [PSYoungGen: 90848K->5968K(97280K)] 101569K->16689K(319488K), 0.0019170 secs] [Times: user=0.01 sys=0.00, real=0.00 secs] 
166.013: Total time for which application threads were stopped: 0.0045690 seconds, Stopping threads took: 0.0025770 seconds
166.091: Application time: 0.0784560 seconds
166.093: [GC [PSYoungGen: 89424K->6224K(97280K)] 100145K->16953K(319488K), 0.0018500 secs] [Times: user=0.01 sys=0.00, real=0.01 secs] 
166.095: Total time for which application threads were stopped: 0.0038870 seconds, Stopping threads took: 0.0019540 seconds
166.171: Application time: 0.0756910 seconds
166.174: [GC [PSYoungGen: 89680K->8112K(97280K)] 100409K->18849K(319488K), 0.0022960 secs] [Times: user=0.02 sys=0.00, real=0.01 secs] 
166.176: Total time for which application threads were stopped: 0.0055350 seconds, Stopping threads took: 0.0031550 seconds
166.251: Application time: 0.0751030 seconds
166.254: [GC [PSYoungGen: 91568K->7872K(97280K)] 102305K->18617K(319488K), 0.0023630 secs] [Times: user=0.02 sys=0.00, real=0.01 secs] 
166.256: Total time for which application threads were stopped: 0.0050640 seconds, Stopping threads took: 0.0026110 seconds
166.332: Application time: 0.0752560 seconds
166.335: [GC [PSYoungGen: 91326K->6576K(97280K)] 102071K->17321K(319488K), 0.0018690 secs] [Times: user=0.01 sys=0.00, real=0.01 secs] 
166.337: Total time for which application threads were stopped: 0.0048410 seconds, Stopping threads took: 0.0028930 seconds
166.409: Application time: 0.0722270 seconds
166.411: [GC [PSYoungGen: 90032K->7936K(97280K)] 100777K->18681K(319488K), 0.0022250 secs] [Times: user=0.01 sys=0.00, real=0.00 secs] 
166.413: Total time for which application threads were stopped: 0.0044850 seconds, Stopping threads took: 0.0021700 seconds
166.489: Application time: 0.0760500 seconds
166.491: [GC [PSYoungGen: 91392K->8192K(97280K)] 102137K->18937K(319488K), 0.0022780 secs] [Times: user=0.01 sys=0.00, real=0.00 secs] 
166.493: Total time for which application threads were stopped: 0.0038750 seconds, Stopping threads took: 0.0015130 seconds
166.569: Application time: 0.0761030 seconds
166.572: [GC [PSYoungGen: 91648K->6544K(97280K)] 102393K->17289K(319488K), 0.0019400 secs] [Times: user=0.02 sys=0.00, real=0.00 secs] 
166.574: Total time for which application threads were stopped: 0.0047720 seconds, Stopping threads took: 0.0027510 seconds
166.649: Application time: 0.0746870 seconds
166.651: [GC [PSYoungGen: 90000K->7984K(97280K)] 100745K->18737K(319488K), 0.0022200 secs] [Times: user=0.02 sys=0.00, real=0.00 secs] 
166.654: Total time for which application threads were stopped: 0.0048240 seconds, Stopping threads took: 0.0025220 seconds
166.730: Application time: 0.0764530 seconds
166.732: [GC [PSYoungGen: 91440K->7584K(97280K)] 102193K->18353K(319488K), 0.0022320 secs] [Times: user=0.01 sys=0.00, real=0.00 secs] 
166.735: Total time for which application threads were stopped: 0.0045820 seconds, Stopping threads took: 0.0022660 seconds
166.810: Application time: 0.0755640 seconds
166.813: [GC [PSYoungGen: 91040K->6592K(97280K)] 101809K->17369K(319488K), 0.0018200 secs] [Times: user=0.01 sys=0.00, real=0.01 secs] 
166.815: Total time for which application threads were stopped: 0.0047730 seconds, Stopping threads took: 0.0028650 seconds
166.890: Application time: 0.0751680 seconds
166.892: [GC [PSYoungGen: 90048K->7120K(97280K)] 100825K->17897K(319488K), 0.0020780 secs] [Times: user=0.01 sys=0.00, real=0.00 secs] 
166.894: Total time for which application threads were stopped: 0.0037260 seconds, Stopping threads took: 0.0015670 seconds
166.969: Application time: 0.0747660 seconds
166.971: [GC [PSYoungGen: 90576K->7888K(97280K)] 101353K->18665K(319488K), 0.0022750 secs] [Times: user=0.02 sys=0.00, real=0.00 secs] 
166.973: Total time for which application threads were stopped: 0.0044150 seconds, Stopping threads took: 0.0020560 seconds
167.048: Application time: 0.0745780 seconds
167.049: [GC [PSYoungGen: 91344K->6864K(97280K)] 102121K->17641K(319488K), 0.0020610 secs] [Times: user=0.02 sys=0.00, real=0.00 secs] 
167.051: Total time for which application threads were stopped: 0.0037950 seconds, Stopping threads took: 0.0016490 seconds
167.129: Application time: 0.0772350 seconds
167.131: [GC [PSYoungGen: 90320K->7344K(97280K)] 101097K->18129K(319488K), 0.0021100 secs] [Times: user=0.01 sys=0.00, real=0.00 secs] 
167.134: Total time for which application threads were stopped: 0.0049330 seconds, Stopping threads took: 0.0027430 seconds
167.208: Application time: 0.0739470 seconds
167.210: [GC [PSYoungGen: 90800K->5456K(97280K)] 101585K->16249K(319488K), 0.0016600 secs] [Times: user=0.01 sys=0.00, real=0.00 secs] 
167.211: Total time for which application threads were stopped: 0.0039250 seconds, Stopping threads took: 0.0021920 seconds
167.289: Application time: 0.0772390 seconds
167.291: [GC [PSYoungGen: 88912K->6016K(97280K)] 99705K->16817K(319488K), 0.0017270 secs] [Times: user=0.01 sys=0.00, real=0.00 secs] 
167.293: Total time for which application threads were stopped: 0.0040680 seconds, Stopping threads took: 0.0022690 seconds
167.365: Application time: 0.0723260 seconds
167.368: [GC [PSYoungGen: 89472K->6656K(97280K)] 100273K->17457K(319488K), 0.0019700 secs] [Times: user=0.01 sys=0.00, real=0.00 secs] 
167.370: Total time for which application threads were stopped: 0.0049260 seconds, Stopping threads took: 0.0028640 seconds
167.443: Application time: 0.0727020 seconds
167.445: [GC [PSYoungGen: 90112K->8176K(97280K)] 100913K->18977K(319488K), 0.0023600 secs] [Times: user=0.01 sys=0.00, real=0.01 secs] 
167.448: Total time for which application threads were stopped: 0.0048070 seconds, Stopping threads took: 0.0023660 seconds
167.522: Application time: 0.0743400 seconds
167.525: [GC [PSYoungGen: 91632K->7344K(97280K)] 102433K->18145K(319488K), 0.0022080 secs] [Times: user=0.02 sys=0.00, real=0.01 secs] 
167.527: Total time for which application threads were stopped: 0.0050290 seconds, Stopping threads took: 0.0027240 seconds
167.602: Application time: 0.0749310 seconds
167.604: [GC [PSYoungGen: 90800K->7872K(97280K)] 101601K->18681K(319488K), 0.0022460 secs] [Times: user=0.01 sys=0.00, real=0.00 secs] 
167.607: Total time for which application threads were stopped: 0.0048440 seconds, Stopping threads took: 0.0025210 seconds
167.681: Application time: 0.0747660 seconds
167.685: [GC [PSYoungGen: 91328K->7280K(97280K)] 102137K->18097K(319488K), 0.0021510 secs] [Times: user=0.01 sys=0.00, real=0.00 secs] 
167.687: Total time for which application threads were stopped: 0.0052500 seconds, Stopping threads took: 0.0030190 seconds
167.763: Application time: 0.0765410 seconds
167.765: [GC [PSYoungGen: 90736K->6768K(97280K)] 101553K->17593K(319488K), 0.0019760 secs] [Times: user=0.01 sys=0.00, real=0.00 secs] 
167.767: Total time for which application threads were stopped: 0.0034650 seconds, Stopping threads took: 0.0014110 seconds
167.843: Application time: 0.0759160 seconds
167.845: [GC [PSYoungGen: 90224K->6480K(97280K)] 101049K->17305K(319488K), 0.0018880 secs] [Times: user=0.01 sys=0.00, real=0.00 secs] 
167.847: Total time for which application threads were stopped: 0.0039010 seconds, Stopping threads took: 0.0019340 seconds
167.924: Application time: 0.0778400 seconds
167.927: [GC [PSYoungGen: 89936K->7504K(97280K)] 100761K->18329K(319488K), 0.0020750 secs] [Times: user=0.01 sys=0.00, real=0.00 secs] 
167.930: Total time for which application threads were stopped: 0.0051510 seconds, Stopping threads took: 0.0029930 seconds
168.003: Application time: 0.0732350 seconds
168.006: [GC [PSYoungGen: 90960K->6704K(97280K)] 101785K->17529K(319488K), 0.0019240 secs] [Times: user=0.01 sys=0.00, real=0.01 secs] 
168.008: Total time for which application threads were stopped: 0.0047600 seconds, Stopping threads took: 0.0027540 seconds
168.083: Application time: 0.0758030 seconds
168.086: [GC [PSYoungGen: 90160K->7008K(97280K)] 100985K->17841K(319488K), 0.0020550 secs] [Times: user=0.01 sys=0.00, real=0.01 secs] 
168.088: Total time for which application threads were stopped: 0.0047570 seconds, Stopping threads took: 0.0026260 seconds
168.163: Application time: 0.0753790 seconds
168.165: [GC [PSYoungGen: 90464K->7616K(97280K)] 101297K->18457K(319488K), 0.0021700 secs] [Times: user=0.02 sys=0.00, real=0.01 secs] 
168.167: Total time for which application threads were stopped: 0.0034410 seconds, Stopping threads took: 0.0011920 seconds
168.240: Application time: 0.0733110 seconds
168.242: [GC [PSYoungGen: 91072K->7600K(97280K)] 101913K->18449K(319488K), 0.0023070 secs] [Times: user=0.01 sys=0.00, real=0.00 secs] 
168.245: Total time for which application threads were stopped: 0.0043800 seconds, Stopping threads took: 0.0019900 seconds
168.318: Application time: 0.0738050 seconds
168.320: [GC [PSYoungGen: 91056K->6352K(97280K)] 101905K->17201K(319488K), 0.0018500 secs] [Times: user=0.01 sys=0.00, real=0.00 secs] 
168.322: Total time for which application threads were stopped: 0.0036610 seconds, Stopping threads took: 0.0017320 seconds
168.397: Application time: 0.0747980 seconds
168.398: [GC [PSYoungGen: 89808K->6112K(97280K)] 100657K->16961K(319488K), 0.0017770 secs] [Times: user=0.01 sys=0.00, real=0.00 secs] 
168.400: Total time for which application threads were stopped: 0.0033580 seconds, Stopping threads took: 0.0015030 seconds
168.472: Application time: 0.0717080 seconds
168.474: [GC [PSYoungGen: 89568K->7504K(97280K)] 100417K->18353K(319488K), 0.0021780 secs] [Times: user=0.02 sys=0.00, real=0.01 secs] 
168.476: Total time for which application threads were stopped: 0.0042530 seconds, Stopping threads took: 0.0019820 seconds
168.549: Application time: 0.0727670 seconds
168.552: [GC [PSYoungGen: 90960K->7776K(97280K)] 101809K->18641K(319488K), 0.0022400 secs] [Times: user=0.02 sys=0.00, real=0.00 secs] 
168.554: Total time for which application threads were stopped: 0.0052810 seconds, Stopping threads took: 0.0029510 seconds
168.628: Application time: 0.0740740 seconds
168.631: [GC [PSYoungGen: 91232K->6480K(97280K)] 102097K->17353K(319488K), 0.0019410 secs] [Times: user=0.02 sys=0.00, real=0.00 secs] 
168.633: Total time for which application threads were stopped: 0.0041740 seconds, Stopping threads took: 0.0021480 seconds
168.710: Application time: 0.0773270 seconds
168.713: [GC [PSYoungGen: 89936K->7568K(97280K)] 100809K->18457K(319488K), 0.0020660 secs] [Times: user=0.01 sys=0.00, real=0.01 secs] 
168.715: Total time for which application threads were stopped: 0.0051170 seconds, Stopping threads took: 0.0029710 seconds
168.789: Application time: 0.0743500 seconds
168.792: [GC [PSYoungGen: 91024K->7936K(97280K)] 101913K->18833K(319488K), 0.0023250 secs] [Times: user=0.01 sys=0.00, real=0.00 secs] 
168.794: Total time for which application threads were stopped: 0.0049670 seconds, Stopping threads took: 0.0025630 seconds
168.867: Application time: 0.0725320 seconds
168.869: [GC [PSYoungGen: 91392K->8384K(97280K)] 102289K->19281K(319488K), 0.0024120 secs] [Times: user=0.02 sys=0.00, real=0.00 secs] 
168.871: Total time for which application threads were stopped: 0.0043760 seconds, Stopping threads took: 0.0018810 seconds
168.945: Application time: 0.0741420 seconds
168.947: [GC [PSYoungGen: 91840K->6752K(97280K)] 102737K->17649K(319488K), 0.0020130 secs] [Times: user=0.01 sys=0.00, real=0.00 secs] 
168.949: Total time for which application threads were stopped: 0.0041070 seconds, Stopping threads took: 0.0020140 seconds
169.024: Application time: 0.0750160 seconds
169.028: [GC [PSYoungGen: 90208K->6192K(97280K)] 101105K->17089K(319488K), 0.0017210 secs] [Times: user=0.01 sys=0.00, real=0.00 secs] 
169.029: Total time for which application threads were stopped: 0.0048410 seconds, Stopping threads took: 0.0030300 seconds
169.100: Application time: 0.0711820 seconds
169.102: [GC [PSYoungGen: 89648K->7840K(97280K)] 100545K->18745K(319488K), 0.0022780 secs] [Times: user=0.01 sys=0.00, real=0.00 secs] 
169.105: Total time for which application threads were stopped: 0.0041830 seconds, Stopping threads took: 0.0018230 seconds
169.178: Application time: 0.0734520 seconds
169.181: [GC [PSYoungGen: 91296K->7440K(97280K)] 102201K->18353K(319488K), 0.0021330 secs] [Times: user=0.01 sys=0.00, real=0.00 secs] 
169.183: Total time for which application threads were stopped: 0.0049530 seconds, Stopping threads took: 0.0027430 seconds
169.257: Application time: 0.0739310 seconds
169.260: [GC [PSYoungGen: 90896K->6896K(97280K)] 101809K->17817K(319488K), 0.0021090 secs] [Times: user=0.01 sys=0.01, real=0.00 secs] 
169.262: Total time for which application threads were stopped: 0.0048460 seconds, Stopping threads took: 0.0026540 seconds
169.340: Application time: 0.0781320 seconds
169.342: [GC [PSYoungGen: 90352K->7424K(97280K)] 101273K->18345K(319488K), 0.0021510 secs] [Times: user=0.02 sys=0.00, real=0.00 secs] 
169.344: Total time for which application threads were stopped: 0.0043510 seconds, Stopping threads took: 0.0021180 seconds
169.422: Application time: 0.0781110 seconds
169.425: [GC [PSYoungGen: 90880K->7584K(97280K)] 101801K->18505K(319488K), 0.0025510 secs] [Times: user=0.02 sys=0.00, real=0.01 secs] 
169.427: Total time for which application threads were stopped: 0.0048800 seconds, Stopping threads took: 0.0022490 seconds
169.506: Application time: 0.0783410 seconds
169.509: [GC [PSYoungGen: 91040K->7072K(97280K)] 101961K->17993K(319488K), 0.0020220 secs] [Times: user=0.02 sys=0.00, real=0.00 secs] 
169.511: Total time for which application threads were stopped: 0.0053000 seconds, Stopping threads took: 0.0031920 seconds
169.592: Application time: 0.0812220 seconds
169.594: [GC [PSYoungGen: 90528K->6256K(97280K)] 101449K->17185K(319488K), 0.0018060 secs] [Times: user=0.01 sys=0.00, real=0.01 secs] 
169.596: Total time for which application threads were stopped: 0.0040860 seconds, Stopping threads took: 0.0021860 seconds
169.678: Application time: 0.0813620 seconds
169.680: [GC [PSYoungGen: 89712K->7856K(97280K)] 100641K->18809K(319488K), 0.0022620 secs] [Times: user=0.01 sys=0.00, real=0.00 secs] 
169.683: Total time for which application threads were stopped: 0.0050630 seconds, Stopping threads took: 0.0027210 seconds
169.762: Application time: 0.0795800 seconds
169.765: [GC [PSYoungGen: 91312K->7328K(97280K)] 102265K->18297K(319488K), 0.0023000 secs] [Times: user=0.01 sys=0.00, real=0.01 secs] 
169.767: Total time for which application threads were stopped: 0.0046200 seconds, Stopping threads took: 0.0022330 seconds
169.845: Application time: 0.0785280 seconds
169.848: [GC [PSYoungGen: 90784K->7056K(97280K)] 101753K->18025K(319488K), 0.0021050 secs] [Times: user=0.01 sys=0.00, real=0.00 secs] 
169.850: Total time for which application threads were stopped: 0.0045100 seconds, Stopping threads took: 0.0023220 seconds
169.929: Application time: 0.0787520 seconds
169.931: [GC [PSYoungGen: 90512K->7040K(97280K)] 101481K->18009K(319488K), 0.0020150 secs] [Times: user=0.01 sys=0.00, real=0.00 secs] 
169.933: Total time for which application threads were stopped: 0.0041870 seconds, Stopping threads took: 0.0020860 seconds
170.012: Application time: 0.0795030 seconds
170.015: [GC [PSYoungGen: 90496K->6672K(97280K)] 101465K->17641K(319488K), 0.0019460 secs] [Times: user=0.01 sys=0.00, real=0.00 secs] 
170.017: Total time for which application threads were stopped: 0.0045900 seconds, Stopping threads took: 0.0025620 seconds
170.094: Application time: 0.0765160 seconds
170.096: [GC [PSYoungGen: 90128K->8224K(97280K)] 101097K->19201K(319488K), 0.0025890 secs] [Times: user=0.01 sys=0.00, real=0.00 secs] 
170.099: Total time for which application threads were stopped: 0.0051650 seconds, Stopping threads took: 0.0024780 seconds
170.179: Application time: 0.0806810 seconds
170.182: [GC [PSYoungGen: 91680K->7808K(97280K)] 102657K->18793K(319488K), 0.0023270 secs] [Times: user=0.01 sys=0.00, real=0.00 secs] 
170.185: Total time for which application threads were stopped: 0.0053520 seconds, Stopping threads took: 0.0029430 seconds
170.264: Application time: 0.0792680 seconds
170.266: [GC [PSYoungGen: 91264K->7248K(97280K)] 102249K->18241K(319488K), 0.0021670 secs] [Times: user=0.01 sys=0.00, real=0.01 secs] 
170.269: Total time for which application threads were stopped: 0.0045010 seconds, Stopping threads took: 0.0022480 seconds
170.346: Application time: 0.0771710 seconds
170.348: [GC [PSYoungGen: 90704K->7488K(97280K)] 101697K->18481K(319488K), 0.0024000 secs] [Times: user=0.01 sys=0.00, real=0.00 secs] 
170.351: Total time for which application threads were stopped: 0.0052440 seconds, Stopping threads took: 0.0027540 seconds
170.430: Application time: 0.0795700 seconds
170.433: [GC [PSYoungGen: 90944K->6832K(97280K)] 101937K->17825K(319488K), 0.0019670 secs] [Times: user=0.01 sys=0.00, real=0.01 secs] 
170.435: Total time for which application threads were stopped: 0.0044650 seconds, Stopping threads took: 0.0024120 seconds
170.516: Application time: 0.0810480 seconds
170.519: [GC [PSYoungGen: 90288K->6144K(97280K)] 101281K->17137K(319488K), 0.0017790 secs] [Times: user=0.01 sys=0.00, real=0.00 secs] 
170.521: Total time for which application threads were stopped: 0.0049470 seconds, Stopping threads took: 0.0030890 seconds
170.600: Application time: 0.0785720 seconds
170.602: [GC [PSYoungGen: 89600K->6592K(97280K)] 100593K->17593K(319488K), 0.0019390 secs] [Times: user=0.01 sys=0.00, real=0.00 secs] 
170.604: Total time for which application threads were stopped: 0.0046300 seconds, Stopping threads took: 0.0026000 seconds
170.681: Application time: 0.0766800 seconds
170.683: [GC [PSYoungGen: 90048K->7984K(97280K)] 101049K->18993K(319488K), 0.0023950 secs] [Times: user=0.01 sys=0.00, real=0.00 secs] 
170.685: Total time for which application threads were stopped: 0.0044510 seconds, Stopping threads took: 0.0019700 seconds
170.762: Application time: 0.0770810 seconds
170.765: [GC [PSYoungGen: 91440K->7488K(97280K)] 102449K->18505K(319488K), 0.0023040 secs] [Times: user=0.01 sys=0.00, real=0.01 secs] 
170.767: Total time for which application threads were stopped: 0.0046370 seconds, Stopping threads took: 0.0022440 seconds
170.846: Application time: 0.0786470 seconds
170.849: [GC [PSYoungGen: 90944K->8288K(97280K)] 101961K->19321K(319488K), 0.0023380 secs] [Times: user=0.02 sys=0.00, real=0.00 secs] 
170.851: Total time for which application threads were stopped: 0.0053550 seconds, Stopping threads took: 0.0029350 seconds
170.930: Application time: 0.0792770 seconds
170.933: [GC [PSYoungGen: 91744K->6496K(97280K)] 102777K->17529K(319488K), 0.0019930 secs] [Times: user=0.01 sys=0.00, real=0.00 secs] 
170.935: Total time for which application threads were stopped: 0.0044860 seconds, Stopping threads took: 0.0024110 seconds
171.015: Application time: 0.0798230 seconds
171.017: [GC [PSYoungGen: 89952K->7488K(97280K)] 100985K->18521K(319488K), 0.0021680 secs] [Times: user=0.01 sys=0.00, real=0.00 secs] 
171.019: Total time for which application threads were stopped: 0.0043990 seconds, Stopping threads took: 0.0021470 seconds
171.097: Application time: 0.0775540 seconds
171.099: [GC [PSYoungGen: 90944K->7424K(97280K)] 101977K->18457K(319488K), 0.0022560 secs] [Times: user=0.02 sys=0.00, real=0.00 secs] 
171.101: Total time for which application threads were stopped: 0.0042900 seconds, Stopping threads took: 0.0019510 seconds
171.178: Application time: 0.0775500 seconds
171.181: [GC [PSYoungGen: 90880K->7872K(97280K)] 101913K->18913K(319488K), 0.0024820 secs] [Times: user=0.01 sys=0.00, real=0.00 secs] 
171.183: Total time for which application threads were stopped: 0.0046710 seconds, Stopping threads took: 0.0020950 seconds
171.261: Application time: 0.0781120 seconds
171.264: [GC [PSYoungGen: 91328K->7472K(97280K)] 102369K->18521K(319488K), 0.0022360 secs] [Times: user=0.01 sys=0.00, real=0.00 secs] 
171.266: Total time for which application threads were stopped: 0.0047170 seconds, Stopping threads took: 0.0023990 seconds
171.346: Application time: 0.0804500 seconds
171.348: [GC [PSYoungGen: 90928K->5040K(97280K)] 101977K->16097K(319488K), 0.0014840 secs] [Times: user=0.01 sys=0.00, real=0.00 secs] 
171.350: Total time for which application threads were stopped: 0.0036040 seconds, Stopping threads took: 0.0020500 seconds
171.429: Application time: 0.0791450 seconds
171.431: [GC [PSYoungGen: 88496K->7568K(97280K)] 99553K->18625K(319488K), 0.0021780 secs] [Times: user=0.01 sys=0.00, real=0.00 secs] 
171.434: Total time for which application threads were stopped: 0.0043790 seconds, Stopping threads took: 0.0021200 seconds
171.511: Application time: 0.0772920 seconds
171.513: [GC [PSYoungGen: 91024K->6784K(97280K)] 102081K->17841K(319488K), 0.0019470 secs] [Times: user=0.01 sys=0.00, real=0.01 secs] 
171.515: Total time for which application threads were stopped: 0.0045260 seconds, Stopping threads took: 0.0024970 seconds
171.593: Application time: 0.0773450 seconds
171.595: [GC [PSYoungGen: 90240K->6784K(97280K)] 101297K->17841K(319488K), 0.0021210 secs] [Times: user=0.01 sys=0.00, real=0.01 secs] 
171.597: Total time for which application threads were stopped: 0.0043040 seconds, Stopping threads took: 0.0021020 seconds
171.677: Application time: 0.0797080 seconds
171.679: [GC [PSYoungGen: 90240K->6848K(97280K)] 101297K->17913K(319488K), 0.0021340 secs] [Times: user=0.01 sys=0.00, real=0.00 secs] 
171.682: Total time for which application threads were stopped: 0.0049460 seconds, Stopping threads took: 0.0027270 seconds
171.761: Application time: 0.0790280 seconds
171.763: [GC [PSYoungGen: 90304K->7920K(97280K)] 101369K->18993K(319488K), 0.0024910 secs] [Times: user=0.02 sys=0.00, real=0.00 secs] 
171.766: Total time for which application threads were stopped: 0.0049700 seconds, Stopping threads took: 0.0023730 seconds
171.844: Application time: 0.0783600 seconds
171.846: [GC [PSYoungGen: 91376K->7648K(97280K)] 102449K->18737K(319488K), 0.0023620 secs] [Times: user=0.01 sys=0.00, real=0.01 secs] 
171.849: Total time for which application threads were stopped: 0.0046920 seconds, Stopping threads took: 0.0022440 seconds
171.927: Application time: 0.0784440 seconds
171.929: [GC [PSYoungGen: 91104K->6720K(97280K)] 102193K->17809K(319488K), 0.0021130 secs] [Times: user=0.01 sys=0.00, real=0.00 secs] 
171.932: Total time for which application threads were stopped: 0.0044990 seconds, Stopping threads took: 0.0023020 seconds
172.009: Application time: 0.0770740 seconds
172.011: [GC [PSYoungGen: 90176K->6080K(97280K)] 101265K->17169K(319488K), 0.0017680 secs] [Times: user=0.01 sys=0.00, real=0.00 secs] 
172.013: Total time for which application threads were stopped: 0.0040470 seconds, Stopping threads took: 0.0022000 seconds
172.089: Application time: 0.0766880 seconds
172.091: [GC [PSYoungGen: 89536K->8048K(97280K)] 100625K->19137K(319488K), 0.0025090 secs] [Times: user=0.00 sys=0.00, real=0.00 secs] 
172.094: Total time for which application threads were stopped: 0.0043950 seconds, Stopping threads took: 0.0018050 seconds
172.172: Application time: 0.0777550 seconds
172.173: [GC [PSYoungGen: 91504K->6880K(97280K)] 102593K->17985K(319488K), 0.0020080 secs] [Times: user=0.01 sys=0.00, real=0.01 secs] 
172.175: Total time for which application threads were stopped: 0.0033320 seconds, Stopping threads took: 0.0012430 seconds
172.256: Application time: 0.0806110 seconds
172.259: [GC [PSYoungGen: 90336K->6896K(97280K)] 101441K->18009K(319488K), 0.0020040 secs] [Times: user=0.02 sys=0.00, real=0.00 secs] 
172.261: Total time for which application threads were stopped: 0.0055070 seconds, Stopping threads took: 0.0034240 seconds
172.345: Application time: 0.0838130 seconds
172.347: [GC [PSYoungGen: 90352K->6464K(97280K)] 101465K->17585K(319488K), 0.0018570 secs] [Times: user=0.01 sys=0.01, real=0.00 secs] 
172.349: Total time for which application threads were stopped: 0.0039280 seconds, Stopping threads took: 0.0019880 seconds
172.432: Application time: 0.0828320 seconds
172.433: [GC [PSYoungGen: 89920K->7936K(97280K)] 101041K->19057K(319488K), 0.0037040 secs] [Times: user=0.02 sys=0.00, real=0.01 secs] 
172.437: Total time for which application threads were stopped: 0.0050480 seconds, Stopping threads took: 0.0012600 seconds
172.515: Application time: 0.0783790 seconds
172.518: [GC [PSYoungGen: 91392K->7024K(97280K)] 102513K->18145K(319488K), 0.0022730 secs] [Times: user=0.02 sys=0.00, real=0.00 secs] 
172.521: Total time for which application threads were stopped: 0.0055680 seconds, Stopping threads took: 0.0031920 seconds
172.597: Application time: 0.0763850 seconds
172.600: [GC [PSYoungGen: 90480K->8208K(97280K)] 101601K->19329K(319488K), 0.0025380 secs] [Times: user=0.01 sys=0.00, real=0.00 secs] 
172.602: Total time for which application threads were stopped: 0.0052830 seconds, Stopping threads took: 0.0026390 seconds
172.680: Application time: 0.0777390 seconds
172.683: [GC [PSYoungGen: 91664K->7728K(97280K)] 102785K->18857K(319488K), 0.0023290 secs] [Times: user=0.02 sys=0.00, real=0.00 secs] 
172.685: Total time for which application threads were stopped: 0.0048000 seconds, Stopping threads took: 0.0023880 seconds
172.763: Application time: 0.0783660 seconds
172.766: [GC [PSYoungGen: 91184K->7104K(97280K)] 102313K->18241K(319488K), 0.0021620 secs] [Times: user=0.02 sys=0.00, real=0.01 secs] 
172.768: Total time for which application threads were stopped: 0.0051970 seconds, Stopping threads took: 0.0029500 seconds
172.847: Application time: 0.0789560 seconds
172.851: [GC [PSYoungGen: 90560K->7712K(97280K)] 101697K->18857K(319488K), 0.0022240 secs] [Times: user=0.02 sys=0.00, real=0.00 secs] 
172.853: Total time for which application threads were stopped: 0.0054280 seconds, Stopping threads took: 0.0031100 seconds
172.937: Application time: 0.0837950 seconds
172.939: [GC [PSYoungGen: 91168K->8192K(97280K)] 102313K->19337K(319488K), 0.0023820 secs] [Times: user=0.02 sys=0.00, real=0.00 secs] 
172.942: Total time for which application threads were stopped: 0.0050900 seconds, Stopping threads took: 0.0026220 seconds
173.020: Application time: 0.0781370 seconds
173.022: [GC [PSYoungGen: 91648K->6080K(97280K)] 102793K->17225K(319488K), 0.0017860 secs] [Times: user=0.01 sys=0.00, real=0.00 secs] 
173.024: Total time for which application threads were stopped: 0.0040400 seconds, Stopping threads took: 0.0021700 seconds
173.101: Application time: 0.0768090 seconds
173.103: [GC [PSYoungGen: 89536K->6832K(97280K)] 100681K->17977K(319488K), 0.0020430 secs] [Times: user=0.01 sys=0.00, real=0.00 secs] 
173.105: Total time for which application threads were stopped: 0.0039310 seconds, Stopping threads took: 0.0018040 seconds
173.184: Application time: 0.0789260 seconds
173.187: [GC [PSYoungGen: 90288K->7104K(97280K)] 101433K->18257K(319488K), 0.0021250 secs] [Times: user=0.02 sys=0.00, real=0.01 secs] 
173.189: Total time for which application threads were stopped: 0.0054050 seconds, Stopping threads took: 0.0031970 seconds
173.265: Application time: 0.0760990 seconds
173.268: [GC [PSYoungGen: 90560K->7760K(97280K)] 101713K->18921K(319488K), 0.0024120 secs] [Times: user=0.01 sys=0.00, real=0.00 secs] 
173.270: Total time for which application threads were stopped: 0.0053830 seconds, Stopping threads took: 0.0028910 seconds
173.343: Application time: 0.0722710 seconds
173.345: [GC [PSYoungGen: 91216K->7584K(97280K)] 102377K->18753K(319488K), 0.0022700 secs] [Times: user=0.02 sys=0.00, real=0.01 secs] 
173.347: Total time for which application threads were stopped: 0.0046330 seconds, Stopping threads took: 0.0022850 seconds
173.424: Application time: 0.0769290 seconds
173.426: [GC [PSYoungGen: 91040K->7504K(97280K)] 102209K->18681K(319488K), 0.0022060 secs] [Times: user=0.02 sys=0.00, real=0.01 secs] 
173.429: Total time for which application threads were stopped: 0.0043500 seconds, Stopping threads took: 0.0020540 seconds
173.503: Application time: 0.0748120 seconds
173.507: [GC [PSYoungGen: 90960K->7264K(97280K)] 102137K->18441K(319488K), 0.0020440 secs] [Times: user=0.01 sys=0.00, real=0.01 secs] 
173.509: Total time for which application threads were stopped: 0.0051490 seconds, Stopping threads took: 0.0030200 seconds
173.586: Application time: 0.0776560 seconds
173.588: [GC [PSYoungGen: 90720K->5056K(97280K)] 101897K->16233K(319488K), 0.0015230 secs] [Times: user=0.01 sys=0.00, real=0.00 secs] 
173.590: Total time for which application threads were stopped: 0.0034420 seconds, Stopping threads took: 0.0018450 seconds
173.661: Application time: 0.0712830 seconds
173.663: [GC [PSYoungGen: 88512K->7456K(97280K)] 99689K->18633K(319488K), 0.0024050 secs] [Times: user=0.01 sys=0.00, real=0.00 secs] 
173.666: Total time for which application threads were stopped: 0.0045610 seconds, Stopping threads took: 0.0020750 seconds
173.738: Application time: 0.0722190 seconds
173.740: [GC [PSYoungGen: 90912K->7056K(97280K)] 102089K->18241K(319488K), 0.0021010 secs] [Times: user=0.02 sys=0.00, real=0.00 secs] 
173.742: Total time for which application threads were stopped: 0.0046770 seconds, Stopping threads took: 0.0024960 seconds
173.816: Application time: 0.0732450 seconds
173.818: [GC [PSYoungGen: 90512K->5568K(97280K)] 101697K->16761K(319488K), 0.0016320 secs] [Times: user=0.01 sys=0.00, real=0.00 secs] 
173.820: Total time for which application threads were stopped: 0.0043120 seconds, Stopping threads took: 0.0026010 seconds
173.895: Application time: 0.0748550 seconds
173.898: [GC [PSYoungGen: 89024K->7168K(97280K)] 100217K->18377K(319488K), 0.0020770 secs] [Times: user=0.02 sys=0.00, real=0.00 secs] 
173.900: Total time for which application threads were stopped: 0.0048390 seconds, Stopping threads took: 0.0026810 seconds
173.973: Application time: 0.0737000 seconds
173.975: [GC [PSYoungGen: 90624K->7584K(97280K)] 101833K->18793K(319488K), 0.0021050 secs] [Times: user=0.02 sys=0.00, real=0.00 secs] 
173.977: Total time for which application threads were stopped: 0.0040510 seconds, Stopping threads took: 0.0018560 seconds
174.053: Application time: 0.0750320 seconds
174.055: [GC [PSYoungGen: 91040K->6800K(97280K)] 102249K->18009K(319488K), 0.0020790 secs] [Times: user=0.01 sys=0.00, real=0.00 secs] 
174.057: Total time for which application threads were stopped: 0.0045390 seconds, Stopping threads took: 0.0023610 seconds
174.130: Application time: 0.0732230 seconds
174.133: [GC [PSYoungGen: 90256K->5680K(97280K)] 101465K->16889K(319488K), 0.0017280 secs] [Times: user=0.01 sys=0.00, real=0.00 secs] 
174.135: Total time for which application threads were stopped: 0.0042530 seconds, Stopping threads took: 0.0024470 seconds
174.205: Application time: 0.0705520 seconds
174.207: [GC [PSYoungGen: 89136K->7280K(97280K)] 100345K->18497K(319488K), 0.0105710 secs] [Times: user=0.07 sys=0.00, real=0.02 secs] 
174.217: Total time for which application threads were stopped: 0.0123610 seconds, Stopping threads took: 0.0017140 seconds
174.294: Application time: 0.0763470 seconds
174.296: [GC [PSYoungGen: 90736K->7552K(97280K)] 101953K->18777K(319488K), 0.0021850 secs] [Times: user=0.02 sys=0.00, real=0.00 secs] 
174.299: Total time for which application threads were stopped: 0.0048140 seconds, Stopping threads took: 0.0025470 seconds
174.372: Application time: 0.0738160 seconds
174.374: [GC [PSYoungGen: 91008K->8144K(97280K)] 102233K->19377K(319488K), 0.0024560 secs] [Times: user=0.02 sys=0.00, real=0.01 secs] 
174.376: Total time for which application threads were stopped: 0.0039400 seconds, Stopping threads took: 0.0014020 seconds
174.452: Application time: 0.0760200 seconds
174.454: [GC [PSYoungGen: 91600K->7840K(97280K)] 102833K->19073K(319488K), 0.0022610 secs] [Times: user=0.01 sys=0.00, real=0.01 secs] 
174.456: Total time for which application threads were stopped: 0.0036690 seconds, Stopping threads took: 0.0013260 seconds
174.530: Application time: 0.0742900 seconds
174.533: [GC [PSYoungGen: 91296K->7168K(97280K)] 102529K->18401K(319488K), 0.0022010 secs] [Times: user=0.01 sys=0.00, real=0.01 secs] 
174.535: Total time for which application threads were stopped: 0.0046510 seconds, Stopping threads took: 0.0023610 seconds
174.610: Application time: 0.0745050 seconds
174.611: [GC [PSYoungGen: 90624K->6704K(97280K)] 101857K->17937K(319488K), 0.0021320 secs] [Times: user=0.00 sys=0.00, real=0.00 secs] 
174.613: Total time for which application threads were stopped: 0.0038440 seconds, Stopping threads took: 0.0016320 seconds
174.688: Application time: 0.0747720 seconds
174.690: [GC [PSYoungGen: 90160K->6592K(97280K)] 101393K->17833K(319488K), 0.0019500 secs] [Times: user=0.01 sys=0.00, real=0.00 secs] 
174.692: Total time for which application threads were stopped: 0.0034850 seconds, Stopping threads took: 0.0014550 seconds
174.767: Application time: 0.0754240 seconds
174.770: [GC [PSYoungGen: 90048K->6368K(97280K)] 101289K->17617K(319488K), 0.0019000 secs] [Times: user=0.01 sys=0.00, real=0.00 secs] 
174.772: Total time for which application threads were stopped: 0.0045970 seconds, Stopping threads took: 0.0026170 seconds
174.846: Application time: 0.0741600 seconds
174.848: [GC [PSYoungGen: 89824K->7552K(97280K)] 101073K->18801K(319488K), 0.0021690 secs] [Times: user=0.02 sys=0.00, real=0.00 secs] 
174.850: Total time for which application threads were stopped: 0.0046710 seconds, Stopping threads took: 0.0024220 seconds
174.927: Application time: 0.0760830 seconds
174.929: [GC [PSYoungGen: 91008K->6048K(97280K)] 102257K->17305K(319488K), 0.0017130 secs] [Times: user=0.01 sys=0.00, real=0.00 secs] 
174.930: Total time for which application threads were stopped: 0.0037330 seconds, Stopping threads took: 0.0019490 seconds
175.006: Application time: 0.0755990 seconds
175.008: [GC [PSYoungGen: 89504K->7328K(97280K)] 100761K->18585K(319488K), 0.0021080 secs] [Times: user=0.01 sys=0.00, real=0.00 secs] 
175.010: Total time for which application threads were stopped: 0.0042150 seconds, Stopping threads took: 0.0020270 seconds
175.088: Application time: 0.0775110 seconds
175.090: [GC [PSYoungGen: 90784K->6272K(97280K)] 102041K->17529K(319488K), 0.0017940 secs] [Times: user=0.01 sys=0.00, real=0.00 secs] 
175.092: Total time for which application threads were stopped: 0.0042050 seconds, Stopping threads took: 0.0023200 seconds
175.164: Application time: 0.0724830 seconds
175.166: [GC [PSYoungGen: 89728K->6784K(97280K)] 100985K->18049K(319488K), 0.0020050 secs] [Times: user=0.01 sys=0.00, real=0.01 secs] 
175.168: Total time for which application threads were stopped: 0.0034810 seconds, Stopping threads took: 0.0013980 seconds
175.245: Application time: 0.0774140 seconds
175.247: [GC [PSYoungGen: 90240K->8256K(97280K)] 101505K->19529K(319488K), 0.0025610 secs] [Times: user=0.01 sys=0.00, real=0.01 secs] 
175.249: Total time for which application threads were stopped: 0.0041980 seconds, Stopping threads took: 0.0015550 seconds
175.325: Application time: 0.0757610 seconds
175.327: [GC [PSYoungGen: 91712K->6864K(97280K)] 102985K->18145K(319488K), 0.0019860 secs] [Times: user=0.01 sys=0.00, real=0.01 secs] 
175.329: Total time for which application threads were stopped: 0.0036170 seconds, Stopping threads took: 0.0015500 seconds
175.403: Application time: 0.0742420 seconds
175.406: [GC [PSYoungGen: 90320K->6816K(97280K)] 101601K->18105K(319488K), 0.0019730 secs] [Times: user=0.01 sys=0.00, real=0.01 secs] 
175.408: Total time for which application threads were stopped: 0.0048180 seconds, Stopping threads took: 0.0027630 seconds
175.481: Application time: 0.0730640 seconds
175.483: [GC [PSYoungGen: 90272K->7552K(97280K)] 101561K->18841K(319488K), 0.0023070 secs] [Times: user=0.02 sys=0.00, real=0.00 secs] 
175.485: Total time for which application threads were stopped: 0.0042510 seconds, Stopping threads took: 0.0018540 seconds
175.560: Application time: 0.0744570 seconds
175.562: [GC [PSYoungGen: 91008K->7616K(97280K)] 102297K->18905K(319488K), 0.0021780 secs] [Times: user=0.01 sys=0.00, real=0.00 secs] 
175.564: Total time for which application threads were stopped: 0.0040900 seconds, Stopping threads took: 0.0018340 seconds
175.642: Application time: 0.0778180 seconds
175.644: [GC [PSYoungGen: 91072K->6192K(97280K)] 102361K->17489K(319488K), 0.0018810 secs] [Times: user=0.01 sys=0.00, real=0.00 secs] 
175.645: Total time for which application threads were stopped: 0.0038500 seconds, Stopping threads took: 0.0018800 seconds
175.723: Application time: 0.0776480 seconds
175.728: [GC [PSYoungGen: 89646K->5648K(97280K)] 100943K->16953K(319488K), 0.0017030 secs] [Times: user=0.02 sys=0.00, real=0.00 secs] 
175.729: Total time for which application threads were stopped: 0.0062790 seconds, Stopping threads took: 0.0045040 seconds
175.805: Application time: 0.0757430 seconds
175.807: [GC [PSYoungGen: 89104K->6992K(97280K)] 100409K->18305K(319488K), 0.0019620 secs] [Times: user=0.01 sys=0.00, real=0.01 secs] 
175.809: Total time for which application threads were stopped: 0.0035880 seconds, Stopping threads took: 0.0015470 seconds
175.880: Application time: 0.0710180 seconds
175.882: [GC [PSYoungGen: 90448K->7216K(97280K)] 101761K->18537K(319488K), 0.0020820 secs] [Times: user=0.01 sys=0.00, real=0.00 secs] 
175.884: Total time for which application threads were stopped: 0.0045120 seconds, Stopping threads took: 0.0023500 seconds
175.960: Application time: 0.0755180 seconds
175.963: [GC [PSYoungGen: 90672K->6992K(97280K)] 101993K->18313K(319488K), 0.0020060 secs] [Times: user=0.02 sys=0.00, real=0.00 secs] 
175.965: Total time for which application threads were stopped: 0.0050420 seconds, Stopping threads took: 0.0029540 seconds
176.041: Application time: 0.0757290 seconds
176.042: [GC [PSYoungGen: 90448K->5936K(97280K)] 101769K->17257K(319488K), 0.0017510 secs] [Times: user=0.01 sys=0.00, real=0.00 secs] 
176.044: Total time for which application threads were stopped: 0.0035060 seconds, Stopping threads took: 0.0016850 seconds
176.118: Application time: 0.0740250 seconds
176.120: [GC [PSYoungGen: 89392K->6896K(97280K)] 100713K->18217K(319488K), 0.0020680 secs] [Times: user=0.01 sys=0.00, real=0.00 secs] 
176.122: Total time for which application threads were stopped: 0.0039980 seconds, Stopping threads took: 0.0018500 seconds
176.195: Application time: 0.0728880 seconds
176.197: [GC [PSYoungGen: 90352K->7072K(97280K)] 101673K->18401K(319488K), 0.0020210 secs] [Times: user=0.01 sys=0.01, real=0.00 secs] 
176.199: Total time for which application threads were stopped: 0.0041480 seconds, Stopping threads took: 0.0020320 seconds
176.274: Application time: 0.0751340 seconds
176.277: [GC [PSYoungGen: 90528K->7200K(97280K)] 101857K->18537K(319488K), 0.0020230 secs] [Times: user=0.01 sys=0.00, real=0.00 secs] 
176.279: Total time for which application threads were stopped: 0.0043740 seconds, Stopping threads took: 0.0022690 seconds
176.352: Application time: 0.0735420 seconds
176.354: [GC [PSYoungGen: 90656K->6656K(97280K)] 101993K->18001K(319488K), 0.0019400 secs] [Times: user=0.01 sys=0.00, real=0.01 secs] 
176.356: Total time for which application threads were stopped: 0.0042450 seconds, Stopping threads took: 0.0022220 seconds
176.430: Application time: 0.0737170 seconds
176.433: [GC [PSYoungGen: 90112K->6848K(97280K)] 101457K->18193K(319488K), 0.0019540 secs] [Times: user=0.02 sys=0.00, real=0.00 secs] 
176.435: Total time for which application threads were stopped: 0.0045150 seconds, Stopping threads took: 0.0024820 seconds
176.508: Application time: 0.0732070 seconds
176.510: [GC [PSYoungGen: 90304K->7712K(97280K)] 101649K->19057K(319488K), 0.0022320 secs] [Times: user=0.02 sys=0.00, real=0.00 secs] 
176.512: Total time for which application threads were stopped: 0.0043010 seconds, Stopping threads took: 0.0019840 seconds
176.589: Application time: 0.0771230 seconds
176.591: [GC [PSYoungGen: 91168K->6992K(97280K)] 102513K->18337K(319488K), 0.0020490 secs] [Times: user=0.01 sys=0.00, real=0.00 secs] 
176.593: Total time for which application threads were stopped: 0.0035090 seconds, Stopping threads took: 0.0013830 seconds
176.668: Application time: 0.0750250 seconds
176.669: [GC [PSYoungGen: 90448K->5600K(97280K)] 101793K->16953K(319488K), 0.0016340 secs] [Times: user=0.01 sys=0.00, real=0.00 secs] 
176.671: Total time for which application threads were stopped: 0.0032570 seconds, Stopping threads took: 0.0015480 seconds
176.749: Application time: 0.0777540 seconds
176.751: [GC [PSYoungGen: 89056K->7344K(97280K)] 100409K->18705K(319488K), 0.0021450 secs] [Times: user=0.02 sys=0.00, real=0.00 secs] 
176.754: Total time for which application threads were stopped: 0.0047230 seconds, Stopping threads took: 0.0024930 seconds
176.829: Application time: 0.0753830 seconds
176.832: [GC [PSYoungGen: 90800K->7984K(97280K)] 102161K->19353K(319488K), 0.0023340 secs] [Times: user=0.02 sys=0.00, real=0.00 secs] 
176.834: Total time for which application threads were stopped: 0.0050630 seconds, Stopping threads took: 0.0026470 seconds
176.908: Application time: 0.0740250 seconds
176.910: [GC [PSYoungGen: 91440K->6496K(97280K)] 102809K->17865K(319488K), 0.0019530 secs] [Times: user=0.01 sys=0.00, real=0.00 secs] 
176.912: Total time for which application threads were stopped: 0.0034860 seconds, Stopping threads took: 0.0014520 seconds
176.985: Application time: 0.0735030 seconds
176.987: [GC [PSYoungGen: 89952K->7088K(97280K)] 101321K->18457K(319488K), 0.0020740 secs] [Times: user=0.02 sys=0.00, real=0.00 secs] 
176.989: Total time for which application threads were stopped: 0.0044520 seconds, Stopping threads took: 0.0022980 seconds
177.063: Application time: 0.0737620 seconds
177.066: [GC [PSYoungGen: 90544K->7696K(97280K)] 101913K->19065K(319488K), 0.0023960 secs] [Times: user=0.01 sys=0.00, real=0.01 secs] 
177.068: Total time for which application threads were stopped: 0.0048160 seconds, Stopping threads took: 0.0023450 seconds
177.141: Application time: 0.0731170 seconds
177.144: [GC [PSYoungGen: 91152K->7040K(97280K)] 102521K->18417K(319488K), 0.0019850 secs] [Times: user=0.01 sys=0.00, real=0.00 secs] 
177.146: Total time for which application threads were stopped: 0.0044130 seconds, Stopping threads took: 0.0023510 seconds
177.220: Application time: 0.0740620 seconds
177.222: [GC [PSYoungGen: 90496K->7568K(97280K)] 101873K->18953K(319488K), 0.0022200 secs] [Times: user=0.01 sys=0.00, real=0.00 secs] 
177.225: Total time for which application threads were stopped: 0.0049240 seconds, Stopping threads took: 0.0026230 seconds
177.299: Application time: 0.0744030 seconds
177.301: [GC [PSYoungGen: 91024K->7360K(97280K)] 102409K->18745K(319488K), 0.0023000 secs] [Times: user=0.02 sys=0.00, real=0.00 secs] 
177.303: Total time for which application threads were stopped: 0.0043800 seconds, Stopping threads took: 0.0019870 seconds
177.383: Application time: 0.0800840 seconds
177.386: [GC [PSYoungGen: 90816K->7328K(97280K)] 102201K->18721K(319488K), 0.0022000 secs] [Times: user=0.02 sys=0.00, real=0.01 secs] 
177.388: Total time for which application threads were stopped: 0.0044290 seconds, Stopping threads took: 0.0021440 seconds
177.467: Application time: 0.0786930 seconds
177.469: [GC [PSYoungGen: 90784K->5776K(97280K)] 102177K->17169K(319488K), 0.0017490 secs] [Times: user=0.01 sys=0.01, real=0.00 secs] 
177.471: Total time for which application threads were stopped: 0.0043180 seconds, Stopping threads took: 0.0024810 seconds
177.550: Application time: 0.0788470 seconds
177.552: [GC [PSYoungGen: 89232K->7104K(97280K)] 100625K->18497K(319488K), 0.0021020 secs] [Times: user=0.01 sys=0.00, real=0.00 secs] 
177.554: Total time for which application threads were stopped: 0.0044570 seconds, Stopping threads took: 0.0022770 seconds
177.634: Application time: 0.0800920 seconds
177.637: [GC [PSYoungGen: 90560K->6448K(97280K)] 101953K->17857K(319488K), 0.0019570 secs] [Times: user=0.01 sys=0.00, real=0.00 secs] 
177.639: Total time for which application threads were stopped: 0.0050920 seconds, Stopping threads took: 0.0030520 seconds
177.719: Application time: 0.0796660 seconds
177.722: [GC [PSYoungGen: 89904K->8016K(97280K)] 101313K->19433K(319488K), 0.0023060 secs] [Times: user=0.01 sys=0.00, real=0.00 secs] 
177.724: Total time for which application threads were stopped: 0.0051410 seconds, Stopping threads took: 0.0027500 seconds
177.802: Application time: 0.0777350 seconds
177.804: [GC [PSYoungGen: 91472K->7392K(97280K)] 102889K->18817K(319488K), 0.0021990 secs] [Times: user=0.01 sys=0.00, real=0.00 secs] 
177.807: Total time for which application threads were stopped: 0.0045640 seconds, Stopping threads took: 0.0022730 seconds
177.885: Application time: 0.0784790 seconds
177.888: [GC [PSYoungGen: 90848K->8000K(97280K)] 102273K->19433K(319488K), 0.0024260 secs] [Times: user=0.01 sys=0.00, real=0.00 secs] 
177.890: Total time for which application threads were stopped: 0.0051160 seconds, Stopping threads took: 0.0026070 seconds
177.969: Application time: 0.0791150 seconds
177.972: [GC [PSYoungGen: 91456K->8240K(97280K)] 102889K->19673K(319488K), 0.0024010 secs] [Times: user=0.01 sys=0.00, real=0.00 secs] 
177.974: Total time for which application threads were stopped: 0.0051530 seconds, Stopping threads took: 0.0026660 seconds
178.055: Application time: 0.0801610 seconds
178.057: [GC [PSYoungGen: 91696K->6736K(97280K)] 103129K->18169K(319488K), 0.0019970 secs] [Times: user=0.02 sys=0.00, real=0.00 secs] 
178.059: Total time for which application threads were stopped: 0.0049220 seconds, Stopping threads took: 0.0028440 seconds
178.137: Application time: 0.0775150 seconds
178.140: [GC [PSYoungGen: 90192K->8032K(97280K)] 101625K->19473K(319488K), 0.0023690 secs] [Times: user=0.02 sys=0.00, real=0.00 secs] 
178.142: Total time for which application threads were stopped: 0.0054620 seconds, Stopping threads took: 0.0030050 seconds
178.221: Application time: 0.0785170 seconds
178.223: [GC [PSYoungGen: 91488K->6640K(97280K)] 102929K->18089K(319488K), 0.0018940 secs] [Times: user=0.01 sys=0.00, real=0.00 secs] 
178.225: Total time for which application threads were stopped: 0.0041940 seconds, Stopping threads took: 0.0022190 seconds
178.303: Application time: 0.0781870 seconds
178.306: [GC [PSYoungGen: 90096K->7472K(97280K)] 101545K->18929K(319488K), 0.0021880 secs] [Times: user=0.02 sys=0.00, real=0.01 secs] 
178.308: Total time for which application threads were stopped: 0.0044610 seconds, Stopping threads took: 0.0021850 seconds
178.385: Application time: 0.0770770 seconds
178.387: [GC [PSYoungGen: 90928K->7680K(97280K)] 102385K->19145K(319488K), 0.0022350 secs] [Times: user=0.02 sys=0.00, real=0.01 secs] 
178.389: Total time for which application threads were stopped: 0.0039680 seconds, Stopping threads took: 0.0016410 seconds
178.469: Application time: 0.0804560 seconds
178.472: [GC [PSYoungGen: 91136K->7168K(97280K)] 102601K->18633K(319488K), 0.0021590 secs] [Times: user=0.01 sys=0.00, real=0.00 secs] 
178.475: Total time for which application threads were stopped: 0.0052550 seconds, Stopping threads took: 0.0030140 seconds
178.556: Application time: 0.0818050 seconds
178.558: [GC [PSYoungGen: 90624K->7616K(97280K)] 102089K->19081K(319488K), 0.0021230 secs] [Times: user=0.01 sys=0.00, real=0.00 secs] 
178.560: Total time for which application threads were stopped: 0.0036960 seconds, Stopping threads took: 0.0014920 seconds
178.640: Application time: 0.0797940 seconds
178.642: [GC [PSYoungGen: 91072K->6736K(97280K)] 102537K->18201K(319488K), 0.0020310 secs] [Times: user=0.01 sys=0.00, real=0.00 secs] 
178.645: Total time for which application threads were stopped: 0.0046940 seconds, Stopping threads took: 0.0025800 seconds
178.724: Application time: 0.0792600 seconds
178.727: [GC [PSYoungGen: 90192K->7120K(97280K)] 101657K->18593K(319488K), 0.0020190 secs] [Times: user=0.01 sys=0.00, real=0.01 secs] 
178.729: Total time for which application threads were stopped: 0.0047890 seconds, Stopping threads took: 0.0026860 seconds
178.807: Application time: 0.0784750 seconds
178.809: [GC [PSYoungGen: 90576K->6256K(97280K)] 102049K->17737K(319488K), 0.0019420 secs] [Times: user=0.01 sys=0.00, real=0.00 secs] 
178.811: Total time for which application threads were stopped: 0.0042230 seconds, Stopping threads took: 0.0021890 seconds
178.893: Application time: 0.0816550 seconds
178.896: [GC [PSYoungGen: 89712K->7600K(97280K)] 101193K->19089K(319488K), 0.0022530 secs] [Times: user=0.02 sys=0.01, real=0.00 secs] 
178.898: Total time for which application threads were stopped: 0.0050950 seconds, Stopping threads took: 0.0027560 seconds
178.979: Application time: 0.0812360 seconds
178.983: [GC [PSYoungGen: 91056K->7232K(97280K)] 102545K->18721K(319488K), 0.0020980 secs] [Times: user=0.01 sys=0.00, real=0.00 secs] 
178.985: Total time for which application threads were stopped: 0.0058020 seconds, Stopping threads took: 0.0036190 seconds
179.066: Application time: 0.0812250 seconds
179.069: [GC [PSYoungGen: 90688K->6352K(97280K)] 102177K->17841K(319488K), 0.0019130 secs] [Times: user=0.01 sys=0.00, real=0.00 secs] 
179.071: Total time for which application threads were stopped: 0.0043990 seconds, Stopping threads took: 0.0024040 seconds
179.149: Application time: 0.0784810 seconds
179.152: [GC [PSYoungGen: 89808K->7280K(97280K)] 101297K->18769K(319488K), 0.0022360 secs] [Times: user=0.01 sys=0.00, real=0.00 secs] 
179.154: Total time for which application threads were stopped: 0.0046830 seconds, Stopping threads took: 0.0023640 seconds
179.232: Application time: 0.0779540 seconds
179.235: [GC [PSYoungGen: 90736K->7632K(97280K)] 102225K->19129K(319488K), 0.0022800 secs] [Times: user=0.02 sys=0.00, real=0.00 secs] 
179.237: Total time for which application threads were stopped: 0.0053770 seconds, Stopping threads took: 0.0030140 seconds
179.315: Application time: 0.0779300 seconds
179.318: [GC [PSYoungGen: 91088K->7200K(97280K)] 102585K->18705K(319488K), 0.0021240 secs] [Times: user=0.02 sys=0.00, real=0.00 secs] 
179.320: Total time for which application threads were stopped: 0.0051260 seconds, Stopping threads took: 0.0029110 seconds
179.400: Application time: 0.0796920 seconds
179.402: [GC [PSYoungGen: 90656K->5600K(97280K)] 102161K->17113K(319488K), 0.0017140 secs] [Times: user=0.01 sys=0.00, real=0.00 secs] 
179.404: Total time for which application threads were stopped: 0.0038430 seconds, Stopping threads took: 0.0020500 seconds
179.482: Application time: 0.0777890 seconds
179.484: [GC [PSYoungGen: 89056K->6624K(97280K)] 100569K->18145K(319488K), 0.0019060 secs] [Times: user=0.02 sys=0.00, real=0.00 secs] 
179.486: Total time for which application threads were stopped: 0.0043090 seconds, Stopping threads took: 0.0023220 seconds
179.565: Application time: 0.0793250 seconds
179.568: [GC [PSYoungGen: 90080K->7360K(97280K)] 101601K->18881K(319488K), 0.0021240 secs] [Times: user=0.02 sys=0.00, real=0.00 secs] 
179.570: Total time for which application threads were stopped: 0.0047200 seconds, Stopping threads took: 0.0025140 seconds
179.648: Application time: 0.0781560 seconds
179.651: [GC [PSYoungGen: 90816K->7872K(97280K)] 102337K->19393K(319488K), 0.0022440 secs] [Times: user=0.01 sys=0.00, real=0.00 secs] 
179.653: Total time for which application threads were stopped: 0.0048850 seconds, Stopping threads took: 0.0025580 seconds
179.731: Application time: 0.0781130 seconds
179.734: [GC [PSYoungGen: 91328K->7808K(97280K)] 102849K->19345K(319488K), 0.0023840 secs] [Times: user=0.02 sys=0.00, real=0.01 secs] 
179.737: Total time for which application threads were stopped: 0.0053550 seconds, Stopping threads took: 0.0028870 seconds
179.815: Application time: 0.0784620 seconds
179.818: [GC [PSYoungGen: 91264K->7088K(97280K)] 102801K->18633K(319488K), 0.0021190 secs] [Times: user=0.01 sys=0.00, real=0.00 secs] 
179.820: Total time for which application threads were stopped: 0.0047090 seconds, Stopping threads took: 0.0025080 seconds
179.900: Application time: 0.0801780 seconds
179.902: [GC [PSYoungGen: 90544K->5744K(97280K)] 102089K->17297K(319488K), 0.0017430 secs] [Times: user=0.00 sys=0.00, real=0.00 secs] 
179.903: Total time for which application threads were stopped: 0.0035660 seconds, Stopping threads took: 0.0017340 seconds
179.984: Application time: 0.0803450 seconds
179.986: [GC [PSYoungGen: 89200K->6112K(97280K)] 100753K->17673K(319488K), 0.0018390 secs] [Times: user=0.01 sys=0.00, real=0.01 secs] 
179.988: Total time for which application threads were stopped: 0.0039980 seconds, Stopping threads took: 0.0020800 seconds
180.069: Application time: 0.0811180 seconds
180.071: [GC [PSYoungGen: 89568K->6432K(97280K)] 101129K->17993K(319488K), 0.0018870 secs] [Times: user=0.01 sys=0.00, real=0.00 secs] 
180.073: Total time for which application threads were stopped: 0.0042360 seconds, Stopping threads took: 0.0022710 seconds
180.154: Application time: 0.0806820 seconds
180.156: [GC [PSYoungGen: 89888K->6816K(97280K)] 101449K->18377K(319488K), 0.0019150 secs] [Times: user=0.01 sys=0.00, real=0.00 secs] 
180.158: Total time for which application threads were stopped: 0.0038630 seconds, Stopping threads took: 0.0018670 seconds
180.236: Application time: 0.0782000 seconds
180.238: [GC [PSYoungGen: 90272K->7792K(97280K)] 101833K->19361K(319488K), 0.0024580 secs] [Times: user=0.02 sys=0.00, real=0.00 secs] 
180.241: Total time for which application threads were stopped: 0.0047250 seconds, Stopping threads took: 0.0021810 seconds
180.322: Application time: 0.0812330 seconds
180.324: [GC [PSYoungGen: 91248K->8400K(97280K)] 102817K->19985K(319488K), 0.0025460 secs] [Times: user=0.02 sys=0.00, real=0.00 secs] 
180.326: Total time for which application threads were stopped: 0.0045740 seconds, Stopping threads took: 0.0019480 seconds
180.410: Application time: 0.0836840 seconds
180.413: [GC [PSYoungGen: 91856K->7088K(97280K)] 103441K->18681K(319488K), 0.0021130 secs] [Times: user=0.01 sys=0.00, real=0.01 secs] 
180.416: Total time for which application threads were stopped: 0.0054610 seconds, Stopping threads took: 0.0032580 seconds
180.494: Application time: 0.0783080 seconds
180.496: [GC [PSYoungGen: 90544K->6496K(97280K)] 102137K->18097K(319488K), 0.0019070 secs] [Times: user=0.01 sys=0.00, real=0.00 secs] 
180.498: Total time for which application threads were stopped: 0.0044500 seconds, Stopping threads took: 0.0024640 seconds
180.579: Application time: 0.0810430 seconds
180.583: [GC [PSYoungGen: 89952K->7152K(97280K)] 101553K->18753K(319488K), 0.0019970 secs] [Times: user=0.01 sys=0.00, real=0.00 secs] 
180.585: Total time for which application threads were stopped: 0.0055760 seconds, Stopping threads took: 0.0034950 seconds
180.662: Application time: 0.0773240 seconds
180.665: [GC [PSYoungGen: 90608K->8336K(97280K)] 102209K->19937K(319488K), 0.0026000 secs] [Times: user=0.01 sys=0.00, real=0.01 secs] 
180.668: Total time for which application threads were stopped: 0.0055360 seconds, Stopping threads took: 0.0028490 seconds
180.747: Application time: 0.0791310 seconds
180.750: [GC [PSYoungGen: 91792K->5520K(97280K)] 103393K->17129K(319488K), 0.0016120 secs] [Times: user=0.01 sys=0.00, real=0.00 secs] 
180.752: Total time for which application threads were stopped: 0.0048090 seconds, Stopping threads took: 0.0031170 seconds
180.831: Application time: 0.0794090 seconds
180.834: [GC [PSYoungGen: 88976K->6320K(97280K)] 100585K->17937K(319488K), 0.0018710 secs] [Times: user=0.02 sys=0.00, real=0.01 secs] 
180.836: Total time for which application threads were stopped: 0.0049890 seconds, Stopping threads took: 0.0030360 seconds
180.916: Application time: 0.0799820 seconds
180.918: [GC [PSYoungGen: 89775K->6272K(97280K)] 101392K->17897K(319488K), 0.0018470 secs] [Times: user=0.02 sys=0.00, real=0.00 secs] 
180.920: Total time for which application threads were stopped: 0.0036120 seconds, Stopping threads took: 0.0016770 seconds
180.998: Application time: 0.0785120 seconds
181.001: [GC [PSYoungGen: 89728K->6848K(97280K)] 101353K->18481K(319488K), 0.0020580 secs] [Times: user=0.01 sys=0.00, real=0.00 secs] 
181.003: Total time for which application threads were stopped: 0.0049340 seconds, Stopping threads took: 0.0027940 seconds
181.083: Application time: 0.0795720 seconds
181.086: [GC [PSYoungGen: 90304K->6256K(97280K)] 101937K->17889K(319488K), 0.0018850 secs] [Times: user=0.02 sys=0.00, real=0.01 secs] 
181.088: Total time for which application threads were stopped: 0.0049440 seconds, Stopping threads took: 0.0029770 seconds
181.166: Application time: 0.0785100 seconds
181.168: [GC [PSYoungGen: 89712K->6592K(97280K)] 101345K->18225K(319488K), 0.0021240 secs] [Times: user=0.01 sys=0.00, real=0.00 secs] 
181.170: Total time for which application threads were stopped: 0.0040240 seconds, Stopping threads took: 0.0018180 seconds
181.250: Application time: 0.0801200 seconds
181.253: [GC [PSYoungGen: 90048K->6208K(97280K)] 101681K->17841K(319488K), 0.0018030 secs] [Times: user=0.01 sys=0.00, real=0.00 secs] 
181.255: Total time for which application threads were stopped: 0.0041790 seconds, Stopping threads took: 0.0022930 seconds
181.330: Application time: 0.0749770 seconds
181.332: [GC [PSYoungGen: 89663K->6448K(97280K)] 101297K->18089K(319488K), 0.0018200 secs] [Times: user=0.01 sys=0.00, real=0.00 secs] 
181.334: Total time for which application threads were stopped: 0.0047170 seconds, Stopping threads took: 0.0028150 seconds
181.408: Application time: 0.0735860 seconds
181.410: [GC [PSYoungGen: 89904K->7024K(97280K)] 101545K->18673K(319488K), 0.0020320 secs] [Times: user=0.01 sys=0.00, real=0.00 secs] 
181.412: Total time for which application threads were stopped: 0.0044560 seconds, Stopping threads took: 0.0023430 seconds
181.484: Application time: 0.0717090 seconds
181.486: [GC [PSYoungGen: 90480K->7696K(97280K)] 102129K->19361K(319488K), 0.0023050 secs] [Times: user=0.02 sys=0.00, real=0.01 secs] 
181.488: Total time for which application threads were stopped: 0.0043650 seconds, Stopping threads took: 0.0019690 seconds
181.563: Application time: 0.0742610 seconds
181.565: [GC [PSYoungGen: 91152K->6496K(97280K)] 102817K->18161K(319488K), 0.0019100 secs] [Times: user=0.01 sys=0.00, real=0.00 secs] 
181.567: Total time for which application threads were stopped: 0.0039360 seconds, Stopping threads took: 0.0019310 seconds
181.638: Application time: 0.0711070 seconds
181.639: [GC [PSYoungGen: 89952K->7696K(97280K)] 101617K->19361K(319488K), 0.0022630 secs] [Times: user=0.02 sys=0.00, real=0.00 secs] 
181.641: Total time for which application threads were stopped: 0.0036950 seconds, Stopping threads took: 0.0013520 seconds
181.715: Application time: 0.0737530 seconds
181.717: [GC [PSYoungGen: 91152K->6128K(97280K)] 102817K->17793K(319488K), 0.0018080 secs] [Times: user=0.01 sys=0.00, real=0.00 secs] 
181.719: Total time for which application threads were stopped: 0.0039810 seconds, Stopping threads took: 0.0020820 seconds
181.794: Application time: 0.0743510 seconds
181.796: [GC [PSYoungGen: 89584K->7616K(97280K)] 101249K->19297K(319488K), 0.0022170 secs] [Times: user=0.02 sys=0.00, real=0.00 secs] 
181.798: Total time for which application threads were stopped: 0.0048600 seconds, Stopping threads took: 0.0025640 seconds
181.871: Application time: 0.0725690 seconds
181.873: [GC [PSYoungGen: 91072K->8032K(97280K)] 102753K->19721K(319488K), 0.0024950 secs] [Times: user=0.02 sys=0.00, real=0.01 secs] 
181.876: Total time for which application threads were stopped: 0.0050200 seconds, Stopping threads took: 0.0024450 seconds
181.949: Application time: 0.0726310 seconds
181.951: [GC [PSYoungGen: 91488K->7568K(97280K)] 103177K->19265K(319488K), 0.0022670 secs] [Times: user=0.01 sys=0.00, real=0.00 secs] 
181.953: Total time for which application threads were stopped: 0.0042230 seconds, Stopping threads took: 0.0018710 seconds
182.026: Application time: 0.0733910 seconds
182.028: [GC [PSYoungGen: 91024K->7616K(97280K)] 102721K->19321K(319488K), 0.0023580 secs] [Times: user=0.01 sys=0.00, real=0.00 secs] 
182.030: Total time for which application threads were stopped: 0.0042190 seconds, Stopping threads took: 0.0017720 seconds
182.103: Application time: 0.0726130 seconds
182.106: [GC [PSYoungGen: 91072K->8272K(97280K)] 102777K->19977K(319488K), 0.0024410 secs] [Times: user=0.01 sys=0.00, real=0.01 secs] 
182.108: Total time for which application threads were stopped: 0.0053270 seconds, Stopping threads took: 0.0027890 seconds
182.182: Application time: 0.0736780 seconds
182.184: [GC [PSYoungGen: 91728K->6176K(97280K)] 103433K->17881K(319488K), 0.0019280 secs] [Times: user=0.02 sys=0.00, real=0.00 secs] 
182.186: Total time for which application threads were stopped: 0.0039770 seconds, Stopping threads took: 0.0019580 seconds
182.260: Application time: 0.0737420 seconds
182.263: [GC [PSYoungGen: 89632K->8176K(97280K)] 101337K->19889K(319488K), 0.0023210 secs] [Times: user=0.01 sys=0.00, real=0.00 secs] 
182.265: Total time for which application threads were stopped: 0.0051090 seconds, Stopping threads took: 0.0027060 seconds
182.341: Application time: 0.0759740 seconds
182.343: [GC [PSYoungGen: 91632K->6720K(97280K)] 103345K->18441K(319488K), 0.0019310 secs] [Times: user=0.01 sys=0.00, real=0.00 secs] 
182.345: Total time for which application threads were stopped: 0.0046000 seconds, Stopping threads took: 0.0025890 seconds
182.419: Application time: 0.0737050 seconds
182.422: [GC [PSYoungGen: 90175K->6432K(97280K)] 101896K->18161K(319488K), 0.0040880 secs] [Times: user=0.02 sys=0.00, real=0.00 secs] 
182.426: Total time for which application threads were stopped: 0.0064600 seconds, Stopping threads took: 0.0022930 seconds
182.500: Application time: 0.0744500 seconds
182.503: [GC [PSYoungGen: 89888K->7088K(97280K)] 101617K->18825K(319488K), 0.0020600 secs] [Times: user=0.01 sys=0.00, real=0.00 secs] 
182.505: Total time for which application threads were stopped: 0.0049900 seconds, Stopping threads took: 0.0028490 seconds
182.580: Application time: 0.0754110 seconds
182.583: [GC [PSYoungGen: 90544K->6448K(97280K)] 102281K->18185K(319488K), 0.0019210 secs] [Times: user=0.02 sys=0.00, real=0.00 secs] 
182.585: Total time for which application threads were stopped: 0.0044200 seconds, Stopping threads took: 0.0024140 seconds
182.663: Application time: 0.0784830 seconds
182.666: [GC [PSYoungGen: 89904K->6864K(97280K)] 101641K->18601K(319488K), 0.0019580 secs] [Times: user=0.01 sys=0.00, real=0.01 secs] 
182.668: Total time for which application threads were stopped: 0.0044640 seconds, Stopping threads took: 0.0024290 seconds
182.742: Application time: 0.0739940 seconds
182.744: [GC [PSYoungGen: 90320K->6496K(97280K)] 102057K->18241K(319488K), 0.0018690 secs] [Times: user=0.01 sys=0.00, real=0.00 secs] 
182.746: Total time for which application threads were stopped: 0.0044540 seconds, Stopping threads took: 0.0025090 seconds
182.820: Application time: 0.0735050 seconds
182.823: [GC [PSYoungGen: 89952K->6288K(97280K)] 101697K->18041K(319488K), 0.0018240 secs] [Times: user=0.01 sys=0.00, real=0.00 secs] 
182.825: Total time for which application threads were stopped: 0.0046860 seconds, Stopping threads took: 0.0027830 seconds
182.899: Application time: 0.0748090 seconds
182.902: [GC [PSYoungGen: 89744K->5792K(97280K)] 101497K->17553K(319488K), 0.0016740 secs] [Times: user=0.01 sys=0.00, real=0.00 secs] 
182.903: Total time for which application threads were stopped: 0.0041170 seconds, Stopping threads took: 0.0023680 seconds
182.975: Application time: 0.0712040 seconds
182.977: [GC [PSYoungGen: 89248K->7248K(97280K)] 101009K->19017K(319488K), 0.0020450 secs] [Times: user=0.02 sys=0.00, real=0.00 secs] 
182.979: Total time for which application threads were stopped: 0.0040260 seconds, Stopping threads took: 0.0019050 seconds
183.053: Application time: 0.0740150 seconds
183.055: [GC [PSYoungGen: 90704K->7504K(97280K)] 102473K->19273K(319488K), 0.0021620 secs] [Times: user=0.01 sys=0.00, real=0.00 secs] 
183.057: Total time for which application threads were stopped: 0.0045260 seconds, Stopping threads took: 0.0022820 seconds
183.129: Application time: 0.0717130 seconds
183.132: [GC [PSYoungGen: 90960K->7888K(97280K)] 102729K->19657K(319488K), 0.0023510 secs] [Times: user=0.01 sys=0.00, real=0.00 secs] 
183.134: Total time for which application threads were stopped: 0.0050560 seconds, Stopping threads took: 0.0025910 seconds
183.213: Application time: 0.0793140 seconds
183.216: [GC [PSYoungGen: 91344K->7280K(97280K)] 103113K->19049K(319488K), 0.0021330 secs] [Times: user=0.02 sys=0.00, real=0.00 secs] 
183.218: Total time for which application threads were stopped: 0.0045930 seconds, Stopping threads took: 0.0023810 seconds
183.298: Application time: 0.0799370 seconds
183.299: [GC [PSYoungGen: 90736K->4576K(97280K)] 102505K->16361K(319488K), 0.0014620 secs] [Times: user=0.01 sys=0.00, real=0.00 secs] 
183.301: Total time for which application threads were stopped: 0.0030560 seconds, Stopping threads took: 0.0015190 seconds
183.375: Application time: 0.0743520 seconds
183.378: [GC [PSYoungGen: 88032K->6096K(97280K)] 99817K->17889K(319488K), 0.0017400 secs] [Times: user=0.01 sys=0.00, real=0.00 secs] 
183.380: Total time for which application threads were stopped: 0.0045160 seconds, Stopping threads took: 0.0026950 seconds
183.454: Application time: 0.0745460 seconds
183.456: [GC [PSYoungGen: 89552K->6560K(97280K)] 101345K->18361K(319488K), 0.0019340 secs] [Times: user=0.01 sys=0.00, real=0.00 secs] 
183.458: Total time for which application threads were stopped: 0.0040100 seconds, Stopping threads took: 0.0019990 seconds
183.534: Application time: 0.0755980 seconds
183.536: [GC [PSYoungGen: 90016K->6464K(97280K)] 101817K->18265K(319488K), 0.0018880 secs] [Times: user=0.02 sys=0.00, real=0.00 secs] 
183.538: Total time for which application threads were stopped: 0.0040760 seconds, Stopping threads took: 0.0021060 seconds
183.614: Application time: 0.0764540 seconds
183.617: [GC [PSYoungGen: 89920K->7168K(97280K)] 101721K->18969K(319488K), 0.0021470 secs] [Times: user=0.01 sys=0.00, real=0.00 secs] 
183.619: Total time for which application threads were stopped: 0.0046170 seconds, Stopping threads took: 0.0023870 seconds
183.692: Application time: 0.0725260 seconds
183.694: [GC [PSYoungGen: 90624K->7696K(97280K)] 102425K->19497K(319488K), 0.0022900 secs] [Times: user=0.01 sys=0.00, real=0.01 secs] 
183.696: Total time for which application threads were stopped: 0.0044330 seconds, Stopping threads took: 0.0020550 seconds
183.771: Application time: 0.0747440 seconds
183.774: [GC [PSYoungGen: 91152K->5856K(97280K)] 102953K->17665K(319488K), 0.0016450 secs] [Times: user=0.01 sys=0.00, real=0.01 secs] 
183.775: Total time for which application threads were stopped: 0.0046280 seconds, Stopping threads took: 0.0029040 seconds
183.853: Application time: 0.0777640 seconds
183.856: [GC [PSYoungGen: 89312K->6400K(97280K)] 101121K->18217K(319488K), 0.0017920 secs] [Times: user=0.02 sys=0.00, real=0.00 secs] 
183.858: Total time for which application threads were stopped: 0.0043960 seconds, Stopping threads took: 0.0025220 seconds
183.931: Application time: 0.0738790 seconds
183.934: [GC [PSYoungGen: 89856K->7088K(97280K)] 101673K->18913K(319488K), 0.0020690 secs] [Times: user=0.01 sys=0.00, real=0.01 secs] 
183.936: Total time for which application threads were stopped: 0.0047810 seconds, Stopping threads took: 0.0026300 seconds
184.010: Application time: 0.0733330 seconds
184.012: [GC [PSYoungGen: 90544K->7728K(97280K)] 102369K->19553K(319488K), 0.0022190 secs] [Times: user=0.02 sys=0.00, real=0.00 secs] 
184.014: Total time for which application threads were stopped: 0.0048760 seconds, Stopping threads took: 0.0025760 seconds
184.088: Application time: 0.0737770 seconds
184.091: [GC [PSYoungGen: 91184K->8256K(97280K)] 103009K->20081K(319488K), 0.0024420 secs] [Times: user=0.02 sys=0.00, real=0.00 secs] 
184.093: Total time for which application threads were stopped: 0.0049650 seconds, Stopping threads took: 0.0024400 seconds
184.166: Application time: 0.0729150 seconds
184.169: [GC [PSYoungGen: 91712K->7472K(97280K)] 103537K->19297K(319488K), 0.0023060 secs] [Times: user=0.02 sys=0.00, real=0.00 secs] 
184.171: Total time for which application threads were stopped: 0.0049220 seconds, Stopping threads took: 0.0025360 seconds
184.246: Application time: 0.0748730 seconds
184.248: [GC [PSYoungGen: 90928K->7056K(97280K)] 102753K->18897K(319488K), 0.0020770 secs] [Times: user=0.01 sys=0.00, real=0.00 secs] 
184.250: Total time for which application threads were stopped: 0.0044100 seconds, Stopping threads took: 0.0022430 seconds
184.323: Application time: 0.0723580 seconds
184.325: [GC [PSYoungGen: 90512K->6848K(97280K)] 102353K->18697K(319488K), 0.0020070 secs] [Times: user=0.01 sys=0.00, real=0.01 secs] 
184.327: Total time for which application threads were stopped: 0.0043560 seconds, Stopping threads took: 0.0022660 seconds
184.402: Application time: 0.0746410 seconds
184.405: [GC [PSYoungGen: 90304K->5984K(97280K)] 102153K->17841K(319488K), 0.0017480 secs] [Times: user=0.02 sys=0.00, real=0.00 secs] 
184.406: Total time for which application threads were stopped: 0.0047740 seconds, Stopping threads took: 0.0029510 seconds
184.478: Application time: 0.0717640 seconds
184.481: [GC [PSYoungGen: 89440K->6576K(97280K)] 101297K->18441K(319488K), 0.0019330 secs] [Times: user=0.02 sys=0.00, real=0.00 secs] 
184.483: Total time for which application threads were stopped: 0.0044660 seconds, Stopping threads took: 0.0024550 seconds
184.557: Application time: 0.0743810 seconds
184.559: [GC [PSYoungGen: 90032K->7632K(97280K)] 101897K->19497K(319488K), 0.0024070 secs] [Times: user=0.01 sys=0.00, real=0.00 secs] 
184.561: Total time for which application threads were stopped: 0.0044070 seconds, Stopping threads took: 0.0018970 seconds
184.638: Application time: 0.0764410 seconds
184.640: [GC [PSYoungGen: 91088K->6992K(97280K)] 102953K->18857K(319488K), 0.0020660 secs] [Times: user=0.02 sys=0.00, real=0.00 secs] 
184.642: Total time for which application threads were stopped: 0.0044700 seconds, Stopping threads took: 0.0023240 seconds
184.717: Application time: 0.0749820 seconds
184.720: [GC [PSYoungGen: 90448K->7280K(97280K)] 102313K->19153K(319488K), 0.0022020 secs] [Times: user=0.02 sys=0.00, real=0.00 secs] 
184.722: Total time for which application threads were stopped: 0.0049320 seconds, Stopping threads took: 0.0026190 seconds
184.797: Application time: 0.0745970 seconds
184.799: [GC [PSYoungGen: 90736K->7712K(97280K)] 102609K->19593K(319488K), 0.0021880 secs] [Times: user=0.02 sys=0.00, real=0.00 secs] 
184.801: Total time for which application threads were stopped: 0.0044870 seconds, Stopping threads took: 0.0022150 seconds
184.875: Application time: 0.0736450 seconds
184.876: [GC [PSYoungGen: 91168K->7232K(97280K)] 103049K->19121K(319488K), 0.0022730 secs] [Times: user=0.01 sys=0.00, real=0.00 secs] 
184.879: Total time for which application threads were stopped: 0.0037300 seconds, Stopping threads took: 0.0013780 seconds
184.955: Application time: 0.0764510 seconds
184.957: [GC [PSYoungGen: 90688K->5936K(97280K)] 102577K->17833K(319488K), 0.0017520 secs] [Times: user=0.02 sys=0.00, real=0.00 secs] 
184.959: Total time for which application threads were stopped: 0.0038420 seconds, Stopping threads took: 0.0020140 seconds
185.033: Application time: 0.0740860 seconds
185.035: [GC [PSYoungGen: 89392K->7392K(97280K)] 101289K->19289K(319488K), 0.0021740 secs] [Times: user=0.02 sys=0.00, real=0.00 secs] 
185.037: Total time for which application threads were stopped: 0.0042860 seconds, Stopping threads took: 0.0020320 seconds
185.111: Application time: 0.0733430 seconds
185.112: [GC [PSYoungGen: 90848K->6736K(97280K)] 102745K->18633K(319488K), 0.0019180 secs] [Times: user=0.02 sys=0.00, real=0.00 secs] 
185.114: Total time for which application threads were stopped: 0.0035280 seconds, Stopping threads took: 0.0015300 seconds
185.189: Application time: 0.0748710 seconds
185.191: [GC [PSYoungGen: 90192K->7456K(97280K)] 102089K->19361K(319488K), 0.0022230 secs] [Times: user=0.02 sys=0.00, real=0.00 secs] 
185.193: Total time for which application threads were stopped: 0.0039360 seconds, Stopping threads took: 0.0016260 seconds
185.269: Application time: 0.0760920 seconds
185.271: [GC [PSYoungGen: 90912K->7872K(97280K)] 102817K->19785K(319488K), 0.0022310 secs] [Times: user=0.01 sys=0.00, real=0.00 secs] 
185.274: Total time for which application threads were stopped: 0.0043940 seconds, Stopping threads took: 0.0020790 seconds
185.349: Application time: 0.0757970 seconds
185.352: [GC [PSYoungGen: 91328K->7296K(97280K)] 103241K->19217K(319488K), 0.0021290 secs] [Times: user=0.01 sys=0.00, real=0.00 secs] 
185.354: Total time for which application threads were stopped: 0.0048490 seconds, Stopping threads took: 0.0026330 seconds
185.433: Application time: 0.0790110 seconds
185.436: [GC [PSYoungGen: 90752K->7376K(97280K)] 102673K->19305K(319488K), 0.0021530 secs] [Times: user=0.01 sys=0.00, real=0.00 secs] 
185.438: Total time for which application threads were stopped: 0.0046270 seconds, Stopping threads took: 0.0023930 seconds
185.518: Application time: 0.0802410 seconds
185.521: [GC [PSYoungGen: 90832K->6704K(97280K)] 102761K->18633K(319488K), 0.0019170 secs] [Times: user=0.01 sys=0.00, real=0.00 secs] 
185.523: Total time for which application threads were stopped: 0.0050270 seconds, Stopping threads took: 0.0030280 seconds
185.602: Application time: 0.0788180 seconds
185.604: [GC [PSYoungGen: 90160K->5904K(97280K)] 102089K->17833K(319488K), 0.0017760 secs] [Times: user=0.02 sys=0.00, real=0.00 secs] 
185.606: Total time for which application threads were stopped: 0.0039710 seconds, Stopping threads took: 0.0021210 seconds
185.685: Application time: 0.0785080 seconds
185.687: [GC [PSYoungGen: 89360K->6640K(97280K)] 101289K->18569K(319488K), 0.0019600 secs] [Times: user=0.02 sys=0.00, real=0.00 secs] 
185.689: Total time for which application threads were stopped: 0.0043770 seconds, Stopping threads took: 0.0023300 seconds
185.773: Application time: 0.0839600 seconds
185.775: [GC [PSYoungGen: 90096K->5856K(97280K)] 102025K->17793K(319488K), 0.0016850 secs] [Times: user=0.01 sys=0.00, real=0.00 secs] 
185.777: Total time for which application threads were stopped: 0.0038100 seconds, Stopping threads took: 0.0020470 seconds
185.857: Application time: 0.0802620 seconds
185.859: [GC [PSYoungGen: 89312K->6560K(97280K)] 101249K->18505K(319488K), 0.0018640 secs] [Times: user=0.02 sys=0.00, real=0.00 secs] 
185.861: Total time for which application threads were stopped: 0.0038440 seconds, Stopping threads took: 0.0018850 seconds
185.941: Application time: 0.0805490 seconds
185.943: [GC [PSYoungGen: 90016K->7792K(97280K)] 101961K->19753K(319488K), 0.0022750 secs] [Times: user=0.01 sys=0.00, real=0.00 secs] 
185.945: Total time for which application threads were stopped: 0.0041200 seconds, Stopping threads took: 0.0017650 seconds
186.027: Application time: 0.0814550 seconds
186.030: [GC [PSYoungGen: 91248K->6288K(97280K)] 103209K->18249K(319488K), 0.0017520 secs] [Times: user=0.01 sys=0.00, real=0.00 secs] 
186.031: Total time for which application threads were stopped: 0.0044840 seconds, Stopping threads took: 0.0026470 seconds
186.110: Application time: 0.0787470 seconds
186.113: [GC [PSYoungGen: 89744K->7536K(97280K)] 101705K->19497K(319488K), 0.0023350 secs] [Times: user=0.02 sys=0.00, real=0.01 secs] 
186.115: Total time for which application threads were stopped: 0.0051530 seconds, Stopping threads took: 0.0027150 seconds
186.193: Application time: 0.0773780 seconds
186.195: [GC [PSYoungGen: 90992K->7264K(97280K)] 102953K->19225K(319488K), 0.0021780 secs] [Times: user=0.02 sys=0.00, real=0.01 secs] 
186.197: Total time for which application threads were stopped: 0.0041420 seconds, Stopping threads took: 0.0018780 seconds
186.276: Application time: 0.0795690 seconds
186.280: [GC [PSYoungGen: 90720K->7536K(97280K)] 102681K->19505K(319488K), 0.0022280 secs] [Times: user=0.01 sys=0.00, real=0.00 secs] 
186.282: Total time for which application threads were stopped: 0.0055910 seconds, Stopping threads took: 0.0032800 seconds
186.361: Application time: 0.0792030 seconds
186.364: [GC [PSYoungGen: 90992K->6960K(97280K)] 102961K->18937K(319488K), 0.0020080 secs] [Times: user=0.01 sys=0.00, real=0.00 secs] 
186.366: Total time for which application threads were stopped: 0.0045290 seconds, Stopping threads took: 0.0024310 seconds
186.443: Application time: 0.0774260 seconds
186.445: [GC [PSYoungGen: 90416K->7552K(97280K)] 102393K->19545K(319488K), 0.0023120 secs] [Times: user=0.02 sys=0.00, real=0.01 secs] 
186.448: Total time for which application threads were stopped: 0.0044970 seconds, Stopping threads took: 0.0021040 seconds
186.526: Application time: 0.0778840 seconds
186.528: [GC [PSYoungGen: 91008K->7328K(97280K)] 103001K->19321K(319488K), 0.0021560 secs] [Times: user=0.01 sys=0.00, real=0.00 secs] 
186.530: Total time for which application threads were stopped: 0.0042990 seconds, Stopping threads took: 0.0020570 seconds
186.609: Application time: 0.0787040 seconds
186.611: [GC [PSYoungGen: 90784K->6528K(97280K)] 102777K->18521K(319488K), 0.0019480 secs] [Times: user=0.02 sys=0.00, real=0.00 secs] 
186.613: Total time for which application threads were stopped: 0.0046570 seconds, Stopping threads took: 0.0026270 seconds
186.692: Application time: 0.0791510 seconds
186.695: [GC [PSYoungGen: 89984K->6336K(97280K)] 101977K->18329K(319488K), 0.0019390 secs] [Times: user=0.02 sys=0.00, real=0.01 secs] 
186.697: Total time for which application threads were stopped: 0.0043270 seconds, Stopping threads took: 0.0023010 seconds
186.779: Application time: 0.0819820 seconds
186.782: [GC [PSYoungGen: 89792K->6368K(97280K)] 101785K->18369K(319488K), 0.0019520 secs] [Times: user=0.01 sys=0.00, real=0.00 secs] 
186.784: Total time for which application threads were stopped: 0.0051790 seconds, Stopping threads took: 0.0031200 seconds
186.865: Application time: 0.0811620 seconds
186.868: [GC [PSYoungGen: 89824K->7120K(97280K)] 101825K->19129K(319488K), 0.0021700 secs] [Times: user=0.01 sys=0.00, real=0.00 secs] 
186.870: Total time for which application threads were stopped: 0.0052740 seconds, Stopping threads took: 0.0030160 seconds
186.950: Application time: 0.0800710 seconds
186.953: [GC [PSYoungGen: 90576K->7840K(97280K)] 102585K->19865K(319488K), 0.0022060 secs] [Times: user=0.02 sys=0.00, real=0.01 secs] 
186.955: Total time for which application threads were stopped: 0.0045510 seconds, Stopping threads took: 0.0022510 seconds
187.033: Application time: 0.0782620 seconds
187.035: [GC [PSYoungGen: 91296K->7376K(97280K)] 103321K->19409K(319488K), 0.0022110 secs] [Times: user=0.02 sys=0.00, real=0.00 secs] 
187.038: Total time for which application threads were stopped: 0.0044610 seconds, Stopping threads took: 0.0021670 seconds
187.116: Application time: 0.0781810 seconds
187.118: [GC [PSYoungGen: 90832K->7440K(97280K)] 102865K->19473K(319488K), 0.0023000 secs] [Times: user=0.02 sys=0.00, real=0.00 secs] 
187.120: Total time for which application threads were stopped: 0.0044320 seconds, Stopping threads took: 0.0020520 seconds
187.197: Application time: 0.0771980 seconds
187.199: [GC [PSYoungGen: 90896K->6208K(97280K)] 102929K->18241K(319488K), 0.0018660 secs] [Times: user=0.01 sys=0.00, real=0.00 secs] 
187.201: Total time for which application threads were stopped: 0.0033680 seconds, Stopping threads took: 0.0014190 seconds
187.280: Application time: 0.0790430 seconds
187.282: [GC [PSYoungGen: 89664K->7264K(97280K)] 101697K->19305K(319488K), 0.0020070 secs] [Times: user=0.02 sys=0.00, real=0.00 secs] 
187.284: Total time for which application threads were stopped: 0.0040870 seconds, Stopping threads took: 0.0020050 seconds
187.362: Application time: 0.0779370 seconds
187.364: [GC [PSYoungGen: 90720K->6976K(97280K)] 102761K->19025K(319488K), 0.0020050 secs] [Times: user=0.02 sys=0.00, real=0.00 secs] 
187.366: Total time for which application threads were stopped: 0.0040680 seconds, Stopping threads took: 0.0019840 seconds
187.445: Application time: 0.0788460 seconds
187.448: [GC [PSYoungGen: 90432K->7536K(97280K)] 102481K->19593K(319488K), 0.0021480 secs] [Times: user=0.01 sys=0.00, real=0.00 secs] 
187.450: Total time for which application threads were stopped: 0.0051420 seconds, Stopping threads took: 0.0029040 seconds
187.528: Application time: 0.0776020 seconds
187.530: [GC [PSYoungGen: 90992K->6864K(97280K)] 103049K->18929K(319488K), 0.0020970 secs] [Times: user=0.01 sys=0.00, real=0.00 secs] 
187.532: Total time for which application threads were stopped: 0.0044970 seconds, Stopping threads took: 0.0023180 seconds
187.612: Application time: 0.0798870 seconds
187.614: [GC [PSYoungGen: 90320K->6240K(97280K)] 102385K->18305K(319488K), 0.0018100 secs] [Times: user=0.00 sys=0.00, real=0.01 secs] 
187.615: Total time for which application threads were stopped: 0.0035180 seconds, Stopping threads took: 0.0016270 seconds
187.693: Application time: 0.0776350 seconds
187.696: [GC [PSYoungGen: 89696K->7616K(97280K)] 101761K->19681K(319488K), 0.0022530 secs] [Times: user=0.02 sys=0.00, real=0.00 secs] 
187.698: Total time for which application threads were stopped: 0.0052950 seconds, Stopping threads took: 0.0029560 seconds
187.780: Application time: 0.0815260 seconds
187.783: [GC [PSYoungGen: 91072K->8000K(97280K)] 103137K->20065K(319488K), 0.0023040 secs] [Times: user=0.01 sys=0.00, real=0.00 secs] 
187.785: Total time for which application threads were stopped: 0.0052560 seconds, Stopping threads took: 0.0028660 seconds
187.866: Application time: 0.0811030 seconds
187.868: [GC [PSYoungGen: 91456K->6688K(97280K)] 103521K->18761K(319488K), 0.0019580 secs] [Times: user=0.02 sys=0.00, real=0.00 secs] 
187.870: Total time for which application threads were stopped: 0.0038800 seconds, Stopping threads took: 0.0018370 seconds
187.951: Application time: 0.0806150 seconds
187.954: [GC [PSYoungGen: 90144K->8128K(97280K)] 102217K->20209K(319488K), 0.0024330 secs] [Times: user=0.02 sys=0.00, real=0.01 secs] 
187.956: Total time for which application threads were stopped: 0.0051830 seconds, Stopping threads took: 0.0026600 seconds
188.036: Application time: 0.0802600 seconds
188.039: [GC [PSYoungGen: 91584K->6480K(97280K)] 103665K->18569K(319488K), 0.0019240 secs] [Times: user=0.01 sys=0.00, real=0.00 secs] 
188.041: Total time for which application threads were stopped: 0.0049260 seconds, Stopping threads took: 0.0029210 seconds
188.122: Application time: 0.0804140 seconds
188.124: [GC [PSYoungGen: 89936K->7056K(97280K)] 102025K->19145K(319488K), 0.0020260 secs] [Times: user=0.01 sys=0.00, real=0.00 secs] 
188.126: Total time for which application threads were stopped: 0.0045730 seconds, Stopping threads took: 0.0024640 seconds
188.206: Application time: 0.0802520 seconds
188.210: [GC [PSYoungGen: 90512K->7056K(97280K)] 102601K->19145K(319488K), 0.0020950 secs] [Times: user=0.02 sys=0.00, real=0.00 secs] 
188.212: Total time for which application threads were stopped: 0.0054910 seconds, Stopping threads took: 0.0033140 seconds
188.289: Application time: 0.0773110 seconds
188.291: [GC [PSYoungGen: 90512K->7200K(97280K)] 102601K->19289K(319488K), 0.0020620 secs] [Times: user=0.01 sys=0.00, real=0.00 secs] 
188.293: Total time for which application threads were stopped: 0.0042190 seconds, Stopping threads took: 0.0020810 seconds
188.372: Application time: 0.0787920 seconds
188.375: [GC [PSYoungGen: 90656K->6656K(97280K)] 102745K->18753K(319488K), 0.0019020 secs] [Times: user=0.01 sys=0.01, real=0.01 secs] 
188.377: Total time for which application threads were stopped: 0.0044930 seconds, Stopping threads took: 0.0025090 seconds
188.456: Application time: 0.0793400 seconds
188.458: [GC [PSYoungGen: 90112K->7328K(97280K)] 102209K->19433K(319488K), 0.0021410 secs] [Times: user=0.02 sys=0.00, real=0.00 secs] 
188.461: Total time for which application threads were stopped: 0.0044390 seconds, Stopping threads took: 0.0022070 seconds
188.539: Application time: 0.0781580 seconds
188.542: [GC [PSYoungGen: 90784K->7568K(97280K)] 102889K->19681K(319488K), 0.0022260 secs] [Times: user=0.01 sys=0.00, real=0.00 secs] 
188.544: Total time for which application threads were stopped: 0.0054060 seconds, Stopping threads took: 0.0030950 seconds
188.626: Application time: 0.0816780 seconds
188.629: [GC [PSYoungGen: 91024K->6720K(97280K)] 103137K->18833K(319488K), 0.0019500 secs] [Times: user=0.01 sys=0.00, real=0.00 secs] 
188.631: Total time for which application threads were stopped: 0.0049430 seconds, Stopping threads took: 0.0029110 seconds
188.709: Application time: 0.0782030 seconds
188.711: [GC [PSYoungGen: 90176K->7024K(97280K)] 102289K->19137K(319488K), 0.0021530 secs] [Times: user=0.02 sys=0.00, real=0.00 secs] 
188.713: Total time for which application threads were stopped: 0.0044990 seconds, Stopping threads took: 0.0022640 seconds
188.791: Application time: 0.0777650 seconds
188.793: [GC [PSYoungGen: 90480K->7520K(97280K)] 102593K->19633K(319488K), 0.0021690 secs] [Times: user=0.02 sys=0.00, real=0.01 secs] 
188.796: Total time for which application threads were stopped: 0.0043550 seconds, Stopping threads took: 0.0021030 seconds
188.872: Application time: 0.0769530 seconds
188.876: [GC [PSYoungGen: 90976K->7152K(97280K)] 103089K->19273K(319488K), 0.0021370 secs] [Times: user=0.02 sys=0.00, real=0.00 secs] 
188.878: Total time for which application threads were stopped: 0.0053080 seconds, Stopping threads took: 0.0030880 seconds
188.957: Application time: 0.0789170 seconds
188.960: [GC [PSYoungGen: 90608K->7584K(97280K)] 102729K->19713K(319488K), 0.0021880 secs] [Times: user=0.02 sys=0.00, real=0.00 secs] 
188.962: Total time for which application threads were stopped: 0.0051320 seconds, Stopping threads took: 0.0028500 seconds
189.042: Application time: 0.0806110 seconds
189.044: [GC [PSYoungGen: 91040K->5104K(97280K)] 103169K->17241K(319488K), 0.0016500 secs] [Times: user=0.01 sys=0.00, real=0.00 secs] 
189.046: Total time for which application threads were stopped: 0.0033870 seconds, Stopping threads took: 0.0016560 seconds
189.125: Application time: 0.0789380 seconds
189.128: [GC [PSYoungGen: 88560K->6640K(97280K)] 100697K->18777K(319488K), 0.0019920 secs] [Times: user=0.01 sys=0.00, real=0.00 secs] 
189.130: Total time for which application threads were stopped: 0.0047830 seconds, Stopping threads took: 0.0026940 seconds
189.207: Application time: 0.0776450 seconds
189.210: [GC [PSYoungGen: 90096K->6336K(97280K)] 102233K->18473K(319488K), 0.0019430 secs] [Times: user=0.01 sys=0.00, real=0.00 secs] 
189.212: Total time for which application threads were stopped: 0.0047910 seconds, Stopping threads took: 0.0027620 seconds
189.289: Application time: 0.0769660 seconds
189.292: [GC [PSYoungGen: 89792K->7440K(97280K)] 101929K->19577K(319488K), 0.0021900 secs] [Times: user=0.01 sys=0.00, real=0.00 secs] 
189.294: Total time for which application threads were stopped: 0.0049680 seconds, Stopping threads took: 0.0026880 seconds
189.369: Application time: 0.0746790 seconds
189.371: [GC [PSYoungGen: 90896K->6832K(97280K)] 103033K->18977K(319488K), 0.0022790 secs] [Times: user=0.02 sys=0.00, real=0.00 secs] 
189.373: Total time for which application threads were stopped: 0.0046130 seconds, Stopping threads took: 0.0022400 seconds
189.447: Application time: 0.0734220 seconds
189.449: [GC [PSYoungGen: 90288K->7424K(97280K)] 102433K->19577K(319488K), 0.0023560 secs] [Times: user=0.01 sys=0.00, real=0.00 secs] 
189.451: Total time for which application threads were stopped: 0.0044550 seconds, Stopping threads took: 0.0020140 seconds
189.525: Application time: 0.0740220 seconds
189.528: [GC [PSYoungGen: 90880K->7088K(97280K)] 103033K->19249K(319488K), 0.0020350 secs] [Times: user=0.01 sys=0.00, real=0.00 secs] 
189.530: Total time for which application threads were stopped: 0.0046800 seconds, Stopping threads took: 0.0025580 seconds
189.606: Application time: 0.0762190 seconds
189.609: [GC [PSYoungGen: 90544K->5456K(97280K)] 102705K->17625K(319488K), 0.0015690 secs] [Times: user=0.02 sys=0.00, real=0.00 secs] 
189.610: Total time for which application threads were stopped: 0.0042390 seconds, Stopping threads took: 0.0025980 seconds
189.688: Application time: 0.0776220 seconds
189.690: [GC [PSYoungGen: 88912K->5760K(97280K)] 101081K->17929K(319488K), 0.0016890 secs] [Times: user=0.01 sys=0.00, real=0.00 secs] 
189.692: Total time for which application threads were stopped: 0.0036670 seconds, Stopping threads took: 0.0019020 seconds
189.766: Application time: 0.0740420 seconds
189.768: [GC [PSYoungGen: 89216K->7072K(97280K)] 101385K->19241K(319488K), 0.0021280 secs] [Times: user=0.02 sys=0.00, real=0.00 secs] 
189.770: Total time for which application threads were stopped: 0.0042170 seconds, Stopping threads took: 0.0020080 seconds
189.848: Application time: 0.0779730 seconds
189.849: [GC [PSYoungGen: 90528K->6672K(97280K)] 102697K->18849K(319488K), 0.0020160 secs] [Times: user=0.01 sys=0.00, real=0.00 secs] 
189.851: Total time for which application threads were stopped: 0.0035910 seconds, Stopping threads took: 0.0014950 seconds
189.927: Application time: 0.0752710 seconds
189.928: [GC [PSYoungGen: 90128K->4944K(97280K)] 102305K->17129K(319488K), 0.0014840 secs] [Times: user=0.01 sys=0.00, real=0.00 secs] 
189.929: Total time for which application threads were stopped: 0.0025580 seconds, Stopping threads took: 0.0010000 seconds
190.006: Application time: 0.0762630 seconds
190.008: [GC [PSYoungGen: 88400K->6528K(97280K)] 100585K->18721K(319488K), 0.0019600 secs] [Times: user=0.01 sys=0.00, real=0.00 secs] 
190.010: Total time for which application threads were stopped: 0.0046480 seconds, Stopping threads took: 0.0026100 seconds
190.085: Application time: 0.0744210 seconds
190.087: [GC [PSYoungGen: 89984K->6896K(97280K)] 102177K->19097K(319488K), 0.0020610 secs] [Times: user=0.01 sys=0.00, real=0.00 secs] 
190.089: Total time for which application threads were stopped: 0.0045750 seconds, Stopping threads took: 0.0024240 seconds
190.165: Application time: 0.0754590 seconds
190.167: [GC [PSYoungGen: 90352K->7232K(97280K)] 102553K->19433K(319488K), 0.0020960 secs] [Times: user=0.01 sys=0.00, real=0.00 secs] 
190.170: Total time for which application threads were stopped: 0.0049690 seconds, Stopping threads took: 0.0027940 seconds
190.245: Application time: 0.0750370 seconds
190.246: [GC [PSYoungGen: 90688K->7680K(97280K)] 102889K->19881K(319488K), 0.0022000 secs] [Times: user=0.01 sys=0.00, real=0.01 secs] 
190.248: Total time for which application threads were stopped: 0.0038400 seconds, Stopping threads took: 0.0015610 seconds
190.321: Application time: 0.0725580 seconds
190.323: [GC [PSYoungGen: 91136K->7024K(97280K)] 103337K->19233K(319488K), 0.0019920 secs] [Times: user=0.01 sys=0.00, real=0.00 secs] 
190.325: Total time for which application threads were stopped: 0.0039720 seconds, Stopping threads took: 0.0019020 seconds
190.398: Application time: 0.0733820 seconds
190.401: [GC [PSYoungGen: 90480K->7776K(97280K)] 102689K->19993K(319488K), 0.0023170 secs] [Times: user=0.01 sys=0.00, real=0.00 secs] 
190.403: Total time for which application threads were stopped: 0.0048120 seconds, Stopping threads took: 0.0024160 seconds
190.474: Application time: 0.0709390 seconds
190.476: [GC [PSYoungGen: 91232K->7840K(97280K)] 103449K->20065K(319488K), 0.0024060 secs] [Times: user=0.02 sys=0.00, real=0.00 secs] 
190.478: Total time for which application threads were stopped: 0.0038840 seconds, Stopping threads took: 0.0013990 seconds
190.553: Application time: 0.0749240 seconds
190.555: [GC [PSYoungGen: 91296K->6912K(97280K)] 103521K->19145K(319488K), 0.0022750 secs] [Times: user=0.02 sys=0.00, real=0.00 secs] 
190.557: Total time for which application threads were stopped: 0.0044960 seconds, Stopping threads took: 0.0021170 seconds
190.630: Application time: 0.0725510 seconds
190.633: [GC [PSYoungGen: 90368K->8208K(97280K)] 102601K->20441K(319488K), 0.0025530 secs] [Times: user=0.01 sys=0.00, real=0.01 secs] 
190.635: Total time for which application threads were stopped: 0.0051060 seconds, Stopping threads took: 0.0024390 seconds
190.710: Application time: 0.0751040 seconds
190.712: [GC [PSYoungGen: 91664K->6608K(97280K)] 103897K->18841K(319488K), 0.0020520 secs] [Times: user=0.00 sys=0.00, real=0.00 secs] 
190.714: Total time for which application threads were stopped: 0.0039400 seconds, Stopping threads took: 0.0018100 seconds
190.789: Application time: 0.0752060 seconds
190.792: [GC [PSYoungGen: 90064K->7344K(97280K)] 102297K->19577K(319488K), 0.0022210 secs] [Times: user=0.02 sys=0.00, real=0.00 secs] 
190.795: Total time for which application threads were stopped: 0.0052260 seconds, Stopping threads took: 0.0029230 seconds
190.870: Application time: 0.0750450 seconds
190.871: [GC [PSYoungGen: 90800K->6464K(97280K)] 103033K->18705K(319488K), 0.0018120 secs] [Times: user=0.02 sys=0.00, real=0.00 secs] 
190.873: Total time for which application threads were stopped: 0.0035030 seconds, Stopping threads took: 0.0016140 seconds
190.947: Application time: 0.0742720 seconds
190.950: [GC [PSYoungGen: 89920K->7056K(97280K)] 102161K->19305K(319488K), 0.0021890 secs] [Times: user=0.01 sys=0.00, real=0.00 secs] 
190.952: Total time for which application threads were stopped: 0.0046620 seconds, Stopping threads took: 0.0023890 seconds
191.025: Application time: 0.0734040 seconds
191.028: [GC [PSYoungGen: 90512K->7408K(97280K)] 102761K->19665K(319488K), 0.0021180 secs] [Times: user=0.01 sys=0.00, real=0.00 secs] 
191.031: Total time for which application threads were stopped: 0.0050540 seconds, Stopping threads took: 0.0028580 seconds
191.105: Application time: 0.0745990 seconds
191.107: [GC [PSYoungGen: 90864K->7744K(97280K)] 103121K->20001K(319488K), 0.0022260 secs] [Times: user=0.01 sys=0.00, real=0.00 secs] 
191.110: Total time for which application threads were stopped: 0.0043640 seconds, Stopping threads took: 0.0020570 seconds
191.181: Application time: 0.0716740 seconds
191.183: [GC [PSYoungGen: 91200K->7056K(97280K)] 103457K->19313K(319488K), 0.0021300 secs] [Times: user=0.02 sys=0.00, real=0.00 secs] 
191.186: Total time for which application threads were stopped: 0.0043200 seconds, Stopping threads took: 0.0021030 seconds
191.259: Application time: 0.0737230 seconds
191.261: [GC [PSYoungGen: 90512K->5808K(97280K)] 102769K->18065K(319488K), 0.0016690 secs] [Times: user=0.02 sys=0.00, real=0.00 secs] 
191.263: Total time for which application threads were stopped: 0.0036580 seconds, Stopping threads took: 0.0019040 seconds
191.336: Application time: 0.0735110 seconds
191.339: [GC [PSYoungGen: 89264K->7072K(97280K)] 101521K->19337K(319488K), 0.0020590 secs] [Times: user=0.01 sys=0.00, real=0.00 secs] 
191.341: Total time for which application threads were stopped: 0.0042230 seconds, Stopping threads took: 0.0020840 seconds
191.417: Application time: 0.0767590 seconds
191.420: [GC [PSYoungGen: 90528K->7232K(97280K)] 102793K->19513K(319488K), 0.0020610 secs] [Times: user=0.02 sys=0.00, real=0.00 secs] 
191.422: Total time for which application threads were stopped: 0.0047210 seconds, Stopping threads took: 0.0025730 seconds
191.497: Application time: 0.0746600 seconds
191.499: [GC [PSYoungGen: 90688K->6960K(97280K)] 102969K->19249K(319488K), 0.0020460 secs] [Times: user=0.02 sys=0.00, real=0.00 secs] 
191.501: Total time for which application threads were stopped: 0.0043290 seconds, Stopping threads took: 0.0021940 seconds
191.576: Application time: 0.0748080 seconds
191.579: [GC [PSYoungGen: 90416K->5904K(97280K)] 102705K->18193K(319488K), 0.0017120 secs] [Times: user=0.01 sys=0.00, real=0.00 secs] 
191.580: Total time for which application threads were stopped: 0.0045010 seconds, Stopping threads took: 0.0027060 seconds
191.655: Application time: 0.0741420 seconds
191.656: [GC [PSYoungGen: 89360K->6576K(97280K)] 101649K->18865K(319488K), 0.0020390 secs] [Times: user=0.01 sys=0.00, real=0.00 secs] 
191.658: Total time for which application threads were stopped: 0.0031750 seconds, Stopping threads took: 0.0010580 seconds
191.732: Application time: 0.0739780 seconds
191.733: [GC [PSYoungGen: 90032K->6208K(97280K)] 102321K->18497K(319488K), 0.0018320 secs] [Times: user=0.01 sys=0.00, real=0.00 secs] 
191.735: Total time for which application threads were stopped: 0.0031240 seconds, Stopping threads took: 0.0011940 seconds
191.810: Application time: 0.0752120 seconds
191.812: [GC [PSYoungGen: 89664K->6944K(97280K)] 101953K->19241K(319488K), 0.0020090 secs] [Times: user=0.01 sys=0.00, real=0.00 secs] 
191.814: Total time for which application threads were stopped: 0.0042000 seconds, Stopping threads took: 0.0021140 seconds
191.889: Application time: 0.0751210 seconds
191.892: [GC [PSYoungGen: 90400K->6640K(97280K)] 102697K->18945K(319488K), 0.0020400 secs] [Times: user=0.02 sys=0.00, real=0.00 secs] 
191.894: Total time for which application threads were stopped: 0.0050730 seconds, Stopping threads took: 0.0029520 seconds
191.969: Application time: 0.0741620 seconds
191.971: [GC [PSYoungGen: 90096K->8064K(97280K)] 102401K->20377K(319488K), 0.0024540 secs] [Times: user=0.01 sys=0.00, real=0.00 secs] 
191.974: Total time for which application threads were stopped: 0.0049470 seconds, Stopping threads took: 0.0024140 seconds
192.049: Application time: 0.0755870 seconds
192.050: [GC [PSYoungGen: 91520K->6576K(97280K)] 103833K->18897K(319488K), 0.0019300 secs] [Times: user=0.01 sys=0.00, real=0.00 secs] 
192.052: Total time for which application threads were stopped: 0.0032910 seconds, Stopping threads took: 0.0012830 seconds
192.128: Application time: 0.0756740 seconds
192.130: [GC [PSYoungGen: 90032K->6288K(97280K)] 102353K->18609K(319488K), 0.0019050 secs] [Times: user=0.01 sys=0.00, real=0.00 secs] 
192.132: Total time for which application threads were stopped: 0.0038720 seconds, Stopping threads took: 0.0018810 seconds
192.208: Application time: 0.0762140 seconds
192.210: [GC [PSYoungGen: 89744K->7584K(97280K)] 102065K->19905K(319488K), 0.0023300 secs] [Times: user=0.02 sys=0.00, real=0.00 secs] 
192.213: Total time for which application threads were stopped: 0.0044440 seconds, Stopping threads took: 0.0020300 seconds
192.287: Application time: 0.0738580 seconds
192.288: [GC [PSYoungGen: 91040K->5856K(97280K)] 103361K->18185K(319488K), 0.0017800 secs] [Times: user=0.01 sys=0.00, real=0.00 secs] 
192.290: Total time for which application threads were stopped: 0.0034380 seconds, Stopping threads took: 0.0015760 seconds
192.364: Application time: 0.0735340 seconds
192.366: [GC [PSYoungGen: 89312K->8320K(97280K)] 101641K->20657K(319488K), 0.0024220 secs] [Times: user=0.02 sys=0.00, real=0.01 secs] 
192.368: Total time for which application threads were stopped: 0.0046490 seconds, Stopping threads took: 0.0021410 seconds
192.442: Application time: 0.0739960 seconds
192.444: [GC [PSYoungGen: 91776K->7040K(97280K)] 104113K->19385K(319488K), 0.0020100 secs] [Times: user=0.02 sys=0.00, real=0.00 secs] 
192.446: Total time for which application threads were stopped: 0.0040630 seconds, Stopping threads took: 0.0019700 seconds
192.522: Application time: 0.0753370 seconds
192.523: [GC [PSYoungGen: 90496K->7744K(97280K)] 102841K->20097K(319488K), 0.0022630 secs] [Times: user=0.02 sys=0.00, real=0.00 secs] 
192.525: Total time for which application threads were stopped: 0.0037340 seconds, Stopping threads took: 0.0013910 seconds
192.604: Application time: 0.0782530 seconds
192.606: [GC [PSYoungGen: 91200K->5264K(97280K)] 103553K->17617K(319488K), 0.0015980 secs] [Times: user=0.01 sys=0.00, real=0.01 secs] 
192.607: Total time for which application threads were stopped: 0.0035850 seconds, Stopping threads took: 0.0019130 seconds
192.684: Application time: 0.0764860 seconds
192.686: [GC [PSYoungGen: 88720K->5488K(97280K)] 101073K->17841K(319488K), 0.0016170 secs] [Times: user=0.01 sys=0.00, real=0.01 secs] 
192.687: Total time for which application threads were stopped: 0.0035950 seconds, Stopping threads took: 0.0018990 seconds
192.763: Application time: 0.0759640 seconds
192.766: [GC [PSYoungGen: 88944K->6592K(97280K)] 101297K->18945K(319488K), 0.0018540 secs] [Times: user=0.01 sys=0.00, real=0.01 secs] 
192.768: Total time for which application threads were stopped: 0.0043170 seconds, Stopping threads took: 0.0023840 seconds
192.841: Application time: 0.0732330 seconds
192.843: [GC [PSYoungGen: 90048K->7984K(97280K)] 102401K->20353K(319488K), 0.0024210 secs] [Times: user=0.02 sys=0.00, real=0.00 secs] 
192.845: Total time for which application threads were stopped: 0.0045970 seconds, Stopping threads took: 0.0020720 seconds
192.921: Application time: 0.0755280 seconds
192.923: [GC [PSYoungGen: 91440K->5760K(97280K)] 103809K->18137K(319488K), 0.0017890 secs] [Times: user=0.00 sys=0.00, real=0.00 secs] 
192.925: Total time for which application threads were stopped: 0.0040960 seconds, Stopping threads took: 0.0022050 seconds
193.000: Application time: 0.0747630 seconds
193.001: [GC [PSYoungGen: 89216K->5760K(97280K)] 101593K->18145K(319488K), 0.0017610 secs] [Times: user=0.01 sys=0.00, real=0.00 secs] 
193.003: Total time for which application threads were stopped: 0.0028290 seconds, Stopping threads took: 0.0009930 seconds
193.080: Application time: 0.0774970 seconds
193.082: [GC [PSYoungGen: 89216K->6608K(97280K)] 101601K->18993K(319488K), 0.0018720 secs] [Times: user=0.01 sys=0.00, real=0.00 secs] 
193.084: Total time for which application threads were stopped: 0.0041610 seconds, Stopping threads took: 0.0022120 seconds
193.157: Application time: 0.0725400 seconds
193.159: [GC [PSYoungGen: 90064K->7072K(97280K)] 102449K->19457K(319488K), 0.0021570 secs] [Times: user=0.02 sys=0.00, real=0.00 secs] 
193.161: Total time for which application threads were stopped: 0.0044360 seconds, Stopping threads took: 0.0021970 seconds
193.237: Application time: 0.0759750 seconds
193.240: [GC [PSYoungGen: 90528K->7712K(97280K)] 102913K->20097K(319488K), 0.0021970 secs] [Times: user=0.01 sys=0.00, real=0.00 secs] 
193.242: Total time for which application threads were stopped: 0.0045910 seconds, Stopping threads took: 0.0023120 seconds
193.320: Application time: 0.0780890 seconds
193.322: [GC [PSYoungGen: 91168K->7088K(97280K)] 103553K->19481K(319488K), 0.0021560 secs] [Times: user=0.01 sys=0.00, real=0.00 secs] 
193.325: Total time for which application threads were stopped: 0.0046890 seconds, Stopping threads took: 0.0024510 seconds
193.406: Application time: 0.0814290 seconds
193.409: [GC [PSYoungGen: 90544K->6592K(97280K)] 102937K->18993K(319488K), 0.0018730 secs] [Times: user=0.01 sys=0.00, real=0.00 secs] 
193.410: Total time for which application threads were stopped: 0.0044140 seconds, Stopping threads took: 0.0024550 seconds
193.489: Application time: 0.0789370 seconds
193.491: [GC [PSYoungGen: 90048K->7216K(97280K)] 102449K->19625K(319488K), 0.0021900 secs] [Times: user=0.01 sys=0.00, real=0.00 secs] 
193.494: Total time for which application threads were stopped: 0.0041910 seconds, Stopping threads took: 0.0019190 seconds
193.572: Application time: 0.0780360 seconds
193.574: [GC [PSYoungGen: 90670K->6832K(97280K)] 103079K->19241K(319488K), 0.0019670 secs] [Times: user=0.01 sys=0.00, real=0.01 secs] 
193.576: Total time for which application threads were stopped: 0.0043900 seconds, Stopping threads took: 0.0023410 seconds
193.655: Application time: 0.0787750 seconds
193.657: [GC [PSYoungGen: 90288K->6208K(97280K)] 102697K->18617K(319488K), 0.0019370 secs] [Times: user=0.01 sys=0.00, real=0.00 secs] 
193.659: Total time for which application threads were stopped: 0.0040800 seconds, Stopping threads took: 0.0020540 seconds
193.740: Application time: 0.0809860 seconds
193.743: [GC [PSYoungGen: 89664K->7936K(97280K)] 102073K->20345K(319488K), 0.0023530 secs] [Times: user=0.01 sys=0.00, real=0.00 secs] 
193.745: Total time for which application threads were stopped: 0.0055260 seconds, Stopping threads took: 0.0030890 seconds
193.825: Application time: 0.0795950 seconds
193.827: [GC [PSYoungGen: 91392K->6368K(97280K)] 103801K->18785K(319488K), 0.0020840 secs] [Times: user=0.01 sys=0.00, real=0.01 secs] 
193.829: Total time for which application threads were stopped: 0.0037640 seconds, Stopping threads took: 0.0015940 seconds
193.912: Application time: 0.0834360 seconds
193.913: [GC [PSYoungGen: 89824K->7760K(97280K)] 102241K->20185K(319488K), 0.0023600 secs] [Times: user=0.01 sys=0.00, real=0.01 secs] 
193.916: Total time for which application threads were stopped: 0.0035120 seconds, Stopping threads took: 0.0010660 seconds
193.994: Application time: 0.0781310 seconds
193.996: [GC [PSYoungGen: 91216K->8224K(97280K)] 103641K->20657K(319488K), 0.0024630 secs] [Times: user=0.02 sys=0.00, real=0.00 secs] 
193.999: Total time for which application threads were stopped: 0.0050180 seconds, Stopping threads took: 0.0024720 seconds
194.078: Application time: 0.0789130 seconds
194.080: [GC [PSYoungGen: 91680K->6720K(97280K)] 104113K->19161K(319488K), 0.0018770 secs] [Times: user=0.01 sys=0.00, real=0.00 secs] 
194.082: Total time for which application threads were stopped: 0.0043250 seconds, Stopping threads took: 0.0023690 seconds
194.160: Application time: 0.0777750 seconds
194.162: [GC [PSYoungGen: 90176K->7696K(97280K)] 102617K->20137K(319488K), 0.0023030 secs] [Times: user=0.02 sys=0.00, real=0.00 secs] 
194.164: Total time for which application threads were stopped: 0.0045690 seconds, Stopping threads took: 0.0021850 seconds
194.243: Application time: 0.0782400 seconds
194.245: [GC [PSYoungGen: 91152K->6640K(97280K)] 103593K->19081K(319488K), 0.0019580 secs] [Times: user=0.01 sys=0.00, real=0.00 secs] 
194.247: Total time for which application threads were stopped: 0.0040860 seconds, Stopping threads took: 0.0020450 seconds
194.326: Application time: 0.0788210 seconds
194.328: [GC [PSYoungGen: 90096K->7088K(97280K)] 102537K->19537K(319488K), 0.0022270 secs] [Times: user=0.01 sys=0.00, real=0.00 secs] 
194.330: Total time for which application threads were stopped: 0.0047940 seconds, Stopping threads took: 0.0024790 seconds
194.409: Application time: 0.0784180 seconds
194.411: [GC [PSYoungGen: 90544K->6800K(97280K)] 102993K->19257K(319488K), 0.0020100 secs] [Times: user=0.01 sys=0.00, real=0.00 secs] 
194.413: Total time for which application threads were stopped: 0.0043070 seconds, Stopping threads took: 0.0022190 seconds
194.492: Application time: 0.0785000 seconds
194.494: [GC [PSYoungGen: 90256K->7168K(97280K)] 102713K->19633K(319488K), 0.0021610 secs] [Times: user=0.01 sys=0.00, real=0.01 secs] 
194.496: Total time for which application threads were stopped: 0.0048460 seconds, Stopping threads took: 0.0025920 seconds
194.574: Application time: 0.0772870 seconds
194.577: [GC [PSYoungGen: 90624K->7776K(97280K)] 103089K->20249K(319488K), 0.0022460 secs] [Times: user=0.02 sys=0.00, real=0.00 secs] 
194.579: Total time for which application threads were stopped: 0.0052680 seconds, Stopping threads took: 0.0029380 seconds
194.658: Application time: 0.0793000 seconds
194.660: [GC [PSYoungGen: 91232K->6208K(97280K)] 103705K->18681K(319488K), 0.0018290 secs] [Times: user=0.01 sys=0.00, real=0.00 secs] 
194.662: Total time for which application threads were stopped: 0.0038190 seconds, Stopping threads took: 0.0018920 seconds
194.740: Application time: 0.0778150 seconds
194.742: [GC [PSYoungGen: 89664K->6192K(97280K)] 102137K->18665K(319488K), 0.0019110 secs] [Times: user=0.02 sys=0.00, real=0.00 secs] 
194.744: Total time for which application threads were stopped: 0.0036920 seconds, Stopping threads took: 0.0016990 seconds
194.824: Application time: 0.0803340 seconds
194.825: [GC [PSYoungGen: 89648K->7168K(97280K)] 102121K->19657K(319488K), 0.0020680 secs] [Times: user=0.02 sys=0.00, real=0.01 secs] 
194.827: Total time for which application threads were stopped: 0.0029510 seconds, Stopping threads took: 0.0008040 seconds
194.905: Application time: 0.0778230 seconds
194.907: [GC [PSYoungGen: 90624K->6848K(97280K)] 103113K->19345K(319488K), 0.0020780 secs] [Times: user=0.02 sys=0.00, real=0.00 secs] 
194.909: Total time for which application threads were stopped: 0.0046000 seconds, Stopping threads took: 0.0024400 seconds
194.989: Application time: 0.0792890 seconds
194.991: [GC [PSYoungGen: 90304K->6048K(97280K)] 102801K->18553K(319488K), 0.0017920 secs] [Times: user=0.01 sys=0.00, real=0.00 secs] 
194.993: Total time for which application threads were stopped: 0.0039220 seconds, Stopping threads took: 0.0020490 seconds
195.072: Application time: 0.0790550 seconds
195.074: [GC [PSYoungGen: 89504K->6416K(97280K)] 102009K->18929K(319488K), 0.0019190 secs] [Times: user=0.01 sys=0.00, real=0.01 secs] 
195.076: Total time for which application threads were stopped: 0.0043930 seconds, Stopping threads took: 0.0023830 seconds
195.156: Application time: 0.0799750 seconds
195.159: [GC [PSYoungGen: 89872K->5696K(97280K)] 102385K->18209K(319488K), 0.0016310 secs] [Times: user=0.01 sys=0.00, real=0.00 secs] 
195.161: Total time for which application threads were stopped: 0.0048980 seconds, Stopping threads took: 0.0031970 seconds
195.238: Application time: 0.0766240 seconds
195.241: [GC [PSYoungGen: 89152K->6720K(97280K)] 101665K->19233K(319488K), 0.0020450 secs] [Times: user=0.00 sys=0.00, real=0.00 secs] 
195.243: Total time for which application threads were stopped: 0.0053640 seconds, Stopping threads took: 0.0032280 seconds
195.322: Application time: 0.0786310 seconds
195.324: [GC [PSYoungGen: 90176K->6320K(97280K)] 102689K->18841K(319488K), 0.0018720 secs] [Times: user=0.02 sys=0.00, real=0.00 secs] 
195.326: Total time for which application threads were stopped: 0.0041700 seconds, Stopping threads took: 0.0022230 seconds
195.404: Application time: 0.0780390 seconds
195.406: [GC [PSYoungGen: 89776K->5856K(97280K)] 102297K->18385K(319488K), 0.0018410 secs] [Times: user=0.01 sys=0.00, real=0.01 secs] 
195.407: Total time for which application threads were stopped: 0.0037310 seconds, Stopping threads took: 0.0018080 seconds
195.488: Application time: 0.0807940 seconds
195.489: [GC [PSYoungGen: 89312K->7520K(97280K)] 101841K->20057K(319488K), 0.0023380 secs] [Times: user=0.01 sys=0.00, real=0.00 secs] 
195.492: Total time for which application threads were stopped: 0.0036180 seconds, Stopping threads took: 0.0011970 seconds
195.569: Application time: 0.0768630 seconds
195.571: [GC [PSYoungGen: 90976K->7952K(97280K)] 103513K->20505K(319488K), 0.0022700 secs] [Times: user=0.01 sys=0.00, real=0.00 secs] 
195.574: Total time for which application threads were stopped: 0.0048630 seconds, Stopping threads took: 0.0024910 seconds
195.653: Application time: 0.0792280 seconds
195.655: [GC [PSYoungGen: 91408K->7184K(97280K)] 103961K->19737K(319488K), 0.0021860 secs] [Times: user=0.01 sys=0.00, real=0.01 secs] 
195.657: Total time for which application threads were stopped: 0.0042140 seconds, Stopping threads took: 0.0019080 seconds
195.738: Application time: 0.0808250 seconds
195.740: [GC [PSYoungGen: 90640K->6224K(97280K)] 103193K->18777K(319488K), 0.0019330 secs] [Times: user=0.01 sys=0.00, real=0.00 secs] 
195.742: Total time for which application threads were stopped: 0.0042530 seconds, Stopping threads took: 0.0022360 seconds
195.820: Application time: 0.0776000 seconds
195.822: [GC [PSYoungGen: 89680K->7184K(97280K)] 102233K->19737K(319488K), 0.0021910 secs] [Times: user=0.02 sys=0.00, real=0.00 secs] 
195.824: Total time for which application threads were stopped: 0.0043410 seconds, Stopping threads took: 0.0020670 seconds
195.904: Application time: 0.0803370 seconds
195.907: [GC [PSYoungGen: 90640K->6720K(97280K)] 103193K->19281K(319488K), 0.0019860 secs] [Times: user=0.02 sys=0.00, real=0.01 secs] 
195.909: Total time for which application threads were stopped: 0.0043410 seconds, Stopping threads took: 0.0022730 seconds
195.991: Application time: 0.0817500 seconds
195.993: [GC [PSYoungGen: 90176K->6336K(97280K)] 102737K->18905K(319488K), 0.0019600 secs] [Times: user=0.01 sys=0.00, real=0.01 secs] 
195.995: Total time for which application threads were stopped: 0.0048010 seconds, Stopping threads took: 0.0027590 seconds
196.074: Application time: 0.0789510 seconds
196.077: [GC [PSYoungGen: 89792K->7024K(97280K)] 102361K->19593K(319488K), 0.0020870 secs] [Times: user=0.01 sys=0.00, real=0.00 secs] 
196.079: Total time for which application threads were stopped: 0.0048780 seconds, Stopping threads took: 0.0026830 seconds
196.157: Application time: 0.0782970 seconds
196.160: [GC [PSYoungGen: 90480K->7600K(97280K)] 103049K->20177K(319488K), 0.0021550 secs] [Times: user=0.01 sys=0.01, real=0.00 secs] 
196.162: Total time for which application threads were stopped: 0.0044250 seconds, Stopping threads took: 0.0021800 seconds
196.239: Application time: 0.0774870 seconds
196.242: [GC [PSYoungGen: 91056K->6944K(97280K)] 103633K->19521K(319488K), 0.0020790 secs] [Times: user=0.01 sys=0.00, real=0.00 secs] 
196.244: Total time for which application threads were stopped: 0.0043820 seconds, Stopping threads took: 0.0022220 seconds
196.326: Application time: 0.0824480 seconds
196.329: [GC [PSYoungGen: 90400K->6624K(97280K)] 102977K->19201K(319488K), 0.0019420 secs] [Times: user=0.01 sys=0.00, real=0.00 secs] 
196.331: Total time for which application threads were stopped: 0.0048320 seconds, Stopping threads took: 0.0028080 seconds
196.410: Application time: 0.0791450 seconds
196.413: [GC [PSYoungGen: 90080K->7600K(97280K)] 102657K->20185K(319488K), 0.0021940 secs] [Times: user=0.01 sys=0.00, real=0.01 secs] 
196.415: Total time for which application threads were stopped: 0.0052110 seconds, Stopping threads took: 0.0029380 seconds
196.496: Application time: 0.0803190 seconds
196.498: [GC [PSYoungGen: 91056K->6320K(97280K)] 103641K->18913K(319488K), 0.0018270 secs] [Times: user=0.01 sys=0.00, real=0.00 secs] 
196.500: Total time for which application threads were stopped: 0.0040050 seconds, Stopping threads took: 0.0020950 seconds
196.580: Application time: 0.0799280 seconds
196.583: [GC [PSYoungGen: 89776K->7776K(97280K)] 102369K->20369K(319488K), 0.0022070 secs] [Times: user=0.01 sys=0.00, real=0.00 secs] 
196.585: Total time for which application threads were stopped: 0.0052710 seconds, Stopping threads took: 0.0029810 seconds
196.663: Application time: 0.0785690 seconds
196.666: [GC [PSYoungGen: 91232K->6336K(97280K)] 103825K->18937K(319488K), 0.0018880 secs] [Times: user=0.01 sys=0.00, real=0.01 secs] 
196.668: Total time for which application threads were stopped: 0.0040320 seconds, Stopping threads took: 0.0020550 seconds
196.745: Application time: 0.0772910 seconds
196.747: [GC [PSYoungGen: 89792K->8016K(97280K)] 102393K->20617K(319488K), 0.0022840 secs] [Times: user=0.01 sys=0.00, real=0.00 secs] 
196.750: Total time for which application threads were stopped: 0.0046920 seconds, Stopping threads took: 0.0023230 seconds
196.827: Application time: 0.0770740 seconds
196.829: [GC [PSYoungGen: 91472K->7216K(97280K)] 104073K->19817K(319488K), 0.0020580 secs] [Times: user=0.02 sys=0.00, real=0.00 secs] 
196.831: Total time for which application threads were stopped: 0.0047110 seconds, Stopping threads took: 0.0025660 seconds
196.908: Application time: 0.0771590 seconds
196.911: [GC [PSYoungGen: 90672K->7808K(97280K)] 103273K->20417K(319488K), 0.0022980 secs] [Times: user=0.02 sys=0.00, real=0.00 secs] 
196.913: Total time for which application threads were stopped: 0.0047170 seconds, Stopping threads took: 0.0023380 seconds
196.991: Application time: 0.0778560 seconds
196.993: [GC [PSYoungGen: 91264K->7024K(97280K)] 103873K->19641K(319488K), 0.0022330 secs] [Times: user=0.01 sys=0.00, real=0.01 secs] 
196.995: Total time for which application threads were stopped: 0.0042660 seconds, Stopping threads took: 0.0019450 seconds
197.072: Application time: 0.0771450 seconds
197.074: [GC [PSYoungGen: 90480K->6512K(97280K)] 103097K->19137K(319488K), 0.0018980 secs] [Times: user=0.01 sys=0.00, real=0.01 secs] 
197.076: Total time for which application threads were stopped: 0.0032630 seconds, Stopping threads took: 0.0012860 seconds
197.155: Application time: 0.0792400 seconds
197.158: [GC [PSYoungGen: 89968K->7952K(97280K)] 102593K->20585K(319488K), 0.0024310 secs] [Times: user=0.01 sys=0.00, real=0.00 secs] 
197.160: Total time for which application threads were stopped: 0.0052970 seconds, Stopping threads took: 0.0027780 seconds
197.239: Application time: 0.0788060 seconds
197.241: [GC [PSYoungGen: 91408K->6880K(97280K)] 104041K->19513K(319488K), 0.0019430 secs] [Times: user=0.02 sys=0.00, real=0.00 secs] 
197.243: Total time for which application threads were stopped: 0.0037770 seconds, Stopping threads took: 0.0017470 seconds
197.320: Application time: 0.0776230 seconds
197.322: [GC [PSYoungGen: 90336K->7456K(97280K)] 102969K->20089K(319488K), 0.0022780 secs] [Times: user=0.02 sys=0.00, real=0.00 secs] 
197.324: Total time for which application threads were stopped: 0.0040060 seconds, Stopping threads took: 0.0016460 seconds
197.398: Application time: 0.0739020 seconds
197.400: [GC [PSYoungGen: 90912K->5184K(97280K)] 103545K->17825K(319488K), 0.0015140 secs] [Times: user=0.01 sys=0.00, real=0.00 secs] 
197.401: Total time for which application threads were stopped: 0.0029170 seconds, Stopping threads took: 0.0013310 seconds
197.476: Application time: 0.0749380 seconds
197.479: [GC [PSYoungGen: 88640K->6464K(97280K)] 101281K->19113K(319488K), 0.0019190 secs] [Times: user=0.01 sys=0.00, real=0.00 secs] 
197.481: Total time for which application threads were stopped: 0.0048160 seconds, Stopping threads took: 0.0028180 seconds
197.557: Application time: 0.0762100 seconds
197.560: [GC [PSYoungGen: 89920K->6000K(97280K)] 102569K->18657K(319488K), 0.0017910 secs] [Times: user=0.01 sys=0.00, real=0.00 secs] 
197.562: Total time for which application threads were stopped: 0.0043810 seconds, Stopping threads took: 0.0025090 seconds
197.640: Application time: 0.0788220 seconds
197.642: [GC [PSYoungGen: 89456K->6608K(97280K)] 102113K->19273K(319488K), 0.0019060 secs] [Times: user=0.01 sys=0.00, real=0.00 secs] 
197.644: Total time for which application threads were stopped: 0.0037520 seconds, Stopping threads took: 0.0017650 seconds
197.719: Application time: 0.0752060 seconds
197.722: [GC [PSYoungGen: 90064K->6768K(97280K)] 102729K->19433K(319488K), 0.0020020 secs] [Times: user=0.01 sys=0.00, real=0.00 secs] 
197.725: Total time for which application threads were stopped: 0.0051080 seconds, Stopping threads took: 0.0030240 seconds
197.799: Application time: 0.0746230 seconds
197.801: [GC [PSYoungGen: 90224K->7712K(97280K)] 102889K->20377K(319488K), 0.0022690 secs] [Times: user=0.01 sys=0.00, real=0.00 secs] 
197.803: Total time for which application threads were stopped: 0.0043220 seconds, Stopping threads took: 0.0019640 seconds
197.878: Application time: 0.0741190 seconds
197.880: [GC [PSYoungGen: 91168K->6880K(97280K)] 103833K->19553K(319488K), 0.0020380 secs] [Times: user=0.01 sys=0.00, real=0.00 secs] 
197.882: Total time for which application threads were stopped: 0.0045380 seconds, Stopping threads took: 0.0024230 seconds
197.957: Application time: 0.0749880 seconds
197.960: [GC [PSYoungGen: 90336K->8336K(97280K)] 103009K->21017K(319488K), 0.0024440 secs] [Times: user=0.02 sys=0.00, real=0.00 secs] 
197.962: Total time for which application threads were stopped: 0.0049900 seconds, Stopping threads took: 0.0024620 seconds
198.036: Application time: 0.0743470 seconds
198.039: [GC [PSYoungGen: 91792K->8304K(97280K)] 104473K->20993K(319488K), 0.0024080 secs] [Times: user=0.02 sys=0.00, real=0.00 secs] 
198.041: Total time for which application threads were stopped: 0.0048760 seconds, Stopping threads took: 0.0023920 seconds
198.115: Application time: 0.0739560 seconds
198.117: [GC [PSYoungGen: 91758K->7568K(97280K)] 104447K->20257K(319488K), 0.0023290 secs] [Times: user=0.02 sys=0.00, real=0.00 secs] 
198.120: Total time for which application threads were stopped: 0.0044320 seconds, Stopping threads took: 0.0020220 seconds
198.194: Application time: 0.0743330 seconds
198.196: [GC [PSYoungGen: 91024K->6896K(97280K)] 103713K->19593K(319488K), 0.0019800 secs] [Times: user=0.01 sys=0.00, real=0.00 secs] 
198.198: Total time for which application threads were stopped: 0.0041480 seconds, Stopping threads took: 0.0020940 seconds
198.272: Application time: 0.0739050 seconds
198.275: [GC [PSYoungGen: 90352K->7040K(97280K)] 103049K->19737K(319488K), 0.0020630 secs] [Times: user=0.02 sys=0.00, real=0.00 secs] 
198.277: Total time for which application threads were stopped: 0.0049730 seconds, Stopping threads took: 0.0028290 seconds
198.348: Application time: 0.0712350 seconds
198.351: [GC [PSYoungGen: 90496K->7632K(97280K)] 103193K->20329K(319488K), 0.0022710 secs] [Times: user=0.01 sys=0.00, real=0.00 secs] 
198.353: Total time for which application threads were stopped: 0.0046440 seconds, Stopping threads took: 0.0022800 seconds
198.426: Application time: 0.0728050 seconds
198.428: [GC [PSYoungGen: 91088K->8080K(97280K)] 103785K->20785K(319488K), 0.0023360 secs] [Times: user=0.02 sys=0.00, real=0.00 secs] 
198.431: Total time for which application threads were stopped: 0.0047680 seconds, Stopping threads took: 0.0023500 seconds
198.508: Application time: 0.0772050 seconds
198.509: [GC [PSYoungGen: 91536K->6800K(97280K)] 104241K->19513K(319488K), 0.0020410 secs] [Times: user=0.01 sys=0.00, real=0.00 secs] 
198.511: Total time for which application threads were stopped: 0.0029590 seconds, Stopping threads took: 0.0008390 seconds
198.586: Application time: 0.0752070 seconds
198.589: [GC [PSYoungGen: 90256K->6432K(97280K)] 102969K->19145K(319488K), 0.0018630 secs] [Times: user=0.01 sys=0.00, real=0.00 secs] 
198.591: Total time for which application threads were stopped: 0.0048170 seconds, Stopping threads took: 0.0028760 seconds
198.665: Application time: 0.0746340 seconds
198.667: [GC [PSYoungGen: 89888K->6080K(97280K)] 102601K->18801K(319488K), 0.0017670 secs] [Times: user=0.02 sys=0.00, real=0.01 secs] 
198.669: Total time for which application threads were stopped: 0.0031170 seconds, Stopping threads took: 0.0012790 seconds
198.742: Application time: 0.0737790 seconds
198.744: [GC [PSYoungGen: 89536K->8288K(97280K)] 102257K->21009K(319488K), 0.0024600 secs] [Times: user=0.01 sys=0.00, real=0.00 secs] 
198.747: Total time for which application threads were stopped: 0.0044140 seconds, Stopping threads took: 0.0018740 seconds
198.820: Application time: 0.0733530 seconds
198.822: [GC [PSYoungGen: 91744K->6000K(97280K)] 104465K->18721K(319488K), 0.0017740 secs] [Times: user=0.01 sys=0.00, real=0.00 secs] 
198.824: Total time for which application threads were stopped: 0.0037740 seconds, Stopping threads took: 0.0019220 seconds
198.897: Application time: 0.0732310 seconds
198.899: [GC [PSYoungGen: 89456K->6912K(97280K)] 102177K->19641K(319488K), 0.0020500 secs] [Times: user=0.02 sys=0.00, real=0.00 secs] 
198.901: Total time for which application threads were stopped: 0.0038130 seconds, Stopping threads took: 0.0016740 seconds
198.973: Application time: 0.0725720 seconds
198.976: [GC [PSYoungGen: 90368K->6576K(97280K)] 103097K->19313K(319488K), 0.0018890 secs] [Times: user=0.01 sys=0.00, real=0.00 secs] 
198.978: Total time for which application threads were stopped: 0.0046590 seconds, Stopping threads took: 0.0026870 seconds
199.051: Application time: 0.0727950 seconds
199.053: [GC [PSYoungGen: 90032K->8224K(97280K)] 102769K->20969K(319488K), 0.0023930 secs] [Times: user=0.02 sys=0.00, real=0.01 secs] 
199.056: Total time for which application threads were stopped: 0.0046630 seconds, Stopping threads took: 0.0021860 seconds
199.130: Application time: 0.0746200 seconds
199.132: [GC [PSYoungGen: 91680K->6768K(97280K)] 104425K->19521K(319488K), 0.0019120 secs] [Times: user=0.01 sys=0.00, real=0.00 secs] 
199.134: Total time for which application threads were stopped: 0.0039180 seconds, Stopping threads took: 0.0019180 seconds
199.208: Application time: 0.0738660 seconds
199.209: [GC [PSYoungGen: 90224K->6784K(97280K)] 102977K->19537K(319488K), 0.0019690 secs] [Times: user=0.02 sys=0.00, real=0.00 secs] 
199.211: Total time for which application threads were stopped: 0.0034130 seconds, Stopping threads took: 0.0013650 seconds
199.287: Application time: 0.0760030 seconds
199.290: [GC [PSYoungGen: 90240K->5856K(97280K)] 102993K->18609K(319488K), 0.0018170 secs] [Times: user=0.01 sys=0.00, real=0.00 secs] 
199.292: Total time for which application threads were stopped: 0.0047230 seconds, Stopping threads took: 0.0028260 seconds
199.364: Application time: 0.0717400 seconds
199.367: [GC [PSYoungGen: 89312K->7008K(97280K)] 102065K->19769K(319488K), 0.0020880 secs] [Times: user=0.02 sys=0.00, real=0.01 secs] 
199.369: Total time for which application threads were stopped: 0.0048130 seconds, Stopping threads took: 0.0026440 seconds
199.443: Application time: 0.0745180 seconds
199.446: [GC [PSYoungGen: 90464K->6352K(97280K)] 103225K->19121K(319488K), 0.0018130 secs] [Times: user=0.01 sys=0.00, real=0.01 secs] 
199.447: Total time for which application threads were stopped: 0.0041670 seconds, Stopping threads took: 0.0022670 seconds
199.521: Application time: 0.0736570 seconds
199.523: [GC [PSYoungGen: 89808K->6960K(97280K)] 102577K->19737K(319488K), 0.0020730 secs] [Times: user=0.02 sys=0.00, real=0.00 secs] 
199.525: Total time for which application threads were stopped: 0.0042260 seconds, Stopping threads took: 0.0020730 seconds
199.601: Application time: 0.0755040 seconds
199.602: [GC [PSYoungGen: 90416K->7104K(97280K)] 103193K->19889K(319488K), 0.0020450 secs] [Times: user=0.02 sys=0.00, real=0.00 secs] 
199.605: Total time for which application threads were stopped: 0.0037110 seconds, Stopping threads took: 0.0015870 seconds
199.677: Application time: 0.0722430 seconds
199.678: [GC [PSYoungGen: 90560K->7168K(97280K)] 103345K->19953K(319488K), 0.0021390 secs] [Times: user=0.02 sys=0.00, real=0.00 secs] 
199.680: Total time for which application threads were stopped: 0.0037230 seconds, Stopping threads took: 0.0015020 seconds
199.756: Application time: 0.0752630 seconds
199.758: [GC [PSYoungGen: 90624K->5824K(97280K)] 103409K->18609K(319488K), 0.0017460 secs] [Times: user=0.01 sys=0.00, real=0.00 secs] 
199.760: Total time for which application threads were stopped: 0.0042280 seconds, Stopping threads took: 0.0024090 seconds
199.835: Application time: 0.0751070 seconds
199.837: [GC [PSYoungGen: 89280K->8352K(97280K)] 102065K->21145K(319488K), 0.0025010 secs] [Times: user=0.01 sys=0.00, real=0.00 secs] 
199.839: Total time for which application threads were stopped: 0.0040620 seconds, Stopping threads took: 0.0014790 seconds
199.913: Application time: 0.0740570 seconds
199.916: [GC [PSYoungGen: 91808K->6784K(97280K)] 104601K->19585K(319488K), 0.0019250 secs] [Times: user=0.01 sys=0.00, real=0.00 secs] 
199.918: Total time for which application threads were stopped: 0.0046540 seconds, Stopping threads took: 0.0026520 seconds
199.990: Application time: 0.0724360 seconds
199.993: [GC [PSYoungGen: 90240K->6928K(97280K)] 103041K->19737K(319488K), 0.0020680 secs] [Times: user=0.01 sys=0.01, real=0.01 secs] 
199.995: Total time for which application threads were stopped: 0.0045990 seconds, Stopping threads took: 0.0024250 seconds
200.068: Application time: 0.0731800 seconds
200.071: [GC [PSYoungGen: 90384K->7872K(97280K)] 103193K->20689K(319488K), 0.0022040 secs] [Times: user=0.01 sys=0.00, real=0.00 secs] 
200.073: Total time for which application threads were stopped: 0.0049350 seconds, Stopping threads took: 0.0026510 seconds
200.148: Application time: 0.0745590 seconds
200.150: [GC [PSYoungGen: 91328K->6880K(97280K)] 104145K->19697K(319488K), 0.0020110 secs] [Times: user=0.02 sys=0.00, real=0.00 secs] 
200.152: Total time for which application threads were stopped: 0.0045060 seconds, Stopping threads took: 0.0024140 seconds
200.230: Application time: 0.0777200 seconds
200.233: [GC [PSYoungGen: 90336K->6000K(97280K)] 103153K->18817K(319488K), 0.0018000 secs] [Times: user=0.02 sys=0.00, real=0.00 secs] 
200.235: Total time for which application threads were stopped: 0.0049350 seconds, Stopping threads took: 0.0030620 seconds
200.306: Application time: 0.0715460 seconds
200.308: [GC [PSYoungGen: 89456K->7264K(97280K)] 102273K->20089K(319488K), 0.0022830 secs] [Times: user=0.02 sys=0.00, real=0.00 secs] 
200.310: Total time for which application threads were stopped: 0.0039890 seconds, Stopping threads took: 0.0016240 seconds
200.385: Application time: 0.0750460 seconds
200.387: [GC [PSYoungGen: 90720K->7776K(97280K)] 103545K->20609K(319488K), 0.0023250 secs] [Times: user=0.02 sys=0.00, real=0.00 secs] 
200.389: Total time for which application threads were stopped: 0.0040900 seconds, Stopping threads took: 0.0016810 seconds
200.465: Application time: 0.0759230 seconds
200.467: [GC [PSYoungGen: 91232K->7440K(97280K)] 104065K->20281K(319488K), 0.0021670 secs] [Times: user=0.01 sys=0.00, real=0.00 secs] 
200.470: Total time for which application threads were stopped: 0.0043130 seconds, Stopping threads took: 0.0020610 seconds
200.544: Application time: 0.0739920 seconds
200.547: [GC [PSYoungGen: 90896K->6832K(97280K)] 103737K->19681K(319488K), 0.0019240 secs] [Times: user=0.01 sys=0.00, real=0.01 secs] 
200.549: Total time for which application threads were stopped: 0.0049310 seconds, Stopping threads took: 0.0029210 seconds
200.621: Application time: 0.0720810 seconds
200.622: [GC [PSYoungGen: 90288K->7200K(97280K)] 103137K->20049K(319488K), 0.0020850 secs] [Times: user=0.02 sys=0.00, real=0.00 secs] 
200.625: Total time for which application threads were stopped: 0.0039360 seconds, Stopping threads took: 0.0017690 seconds
200.699: Application time: 0.0742620 seconds
200.700: [GC [PSYoungGen: 90656K->6784K(97280K)] 103505K->19633K(319488K), 0.0020710 secs] [Times: user=0.02 sys=0.00, real=0.00 secs] 
200.702: Total time for which application threads were stopped: 0.0034090 seconds, Stopping threads took: 0.0012590 seconds
200.778: Application time: 0.0760800 seconds
200.781: [GC [PSYoungGen: 90240K->7232K(97280K)] 103089K->20081K(319488K), 0.0020810 secs] [Times: user=0.02 sys=0.00, real=0.00 secs] 
200.783: Total time for which application threads were stopped: 0.0046950 seconds, Stopping threads took: 0.0025330 seconds
200.858: Application time: 0.0748600 seconds
200.860: [GC [PSYoungGen: 90688K->7856K(97280K)] 103537K->20713K(319488K), 0.0022460 secs] [Times: user=0.01 sys=0.00, real=0.00 secs] 
200.863: Total time for which application threads were stopped: 0.0045650 seconds, Stopping threads took: 0.0022320 seconds
200.936: Application time: 0.0736850 seconds
200.939: [GC [PSYoungGen: 91312K->7600K(97280K)] 104169K->20465K(319488K), 0.0023880 secs] [Times: user=0.01 sys=0.00, real=0.00 secs] 
200.942: Total time for which application threads were stopped: 0.0053800 seconds, Stopping threads took: 0.0029100 seconds
201.017: Application time: 0.0757720 seconds
201.020: [GC [PSYoungGen: 91056K->7968K(97280K)] 103921K->20833K(319488K), 0.0022870 secs] [Times: user=0.02 sys=0.00, real=0.00 secs] 
201.022: Total time for which application threads were stopped: 0.0047140 seconds, Stopping threads took: 0.0023460 seconds
201.096: Application time: 0.0743910 seconds
201.099: [GC [PSYoungGen: 91424K->8160K(97280K)] 104289K->21033K(319488K), 0.0024280 secs] [Times: user=0.02 sys=0.00, real=0.00 secs] 
201.101: Total time for which application threads were stopped: 0.0049810 seconds, Stopping threads took: 0.0024590 seconds
201.174: Application time: 0.0722050 seconds
201.176: [GC [PSYoungGen: 91616K->7536K(97280K)] 104489K->20409K(319488K), 0.0023380 secs] [Times: user=0.01 sys=0.01, real=0.00 secs] 
201.179: Total time for which application threads were stopped: 0.0049640 seconds, Stopping threads took: 0.0025430 seconds
201.251: Application time: 0.0725200 seconds
201.254: [GC [PSYoungGen: 90992K->6880K(97280K)] 103865K->19753K(319488K), 0.0020230 secs] [Times: user=0.02 sys=0.00, real=0.01 secs] 
201.256: Total time for which application threads were stopped: 0.0046860 seconds, Stopping threads took: 0.0025710 seconds
201.332: Application time: 0.0763450 seconds
201.334: [GC [PSYoungGen: 90336K->7200K(97280K)] 103209K->20081K(319488K), 0.0021560 secs] [Times: user=0.01 sys=0.00, real=0.01 secs] 
201.337: Total time for which application threads were stopped: 0.0045250 seconds, Stopping threads took: 0.0022840 seconds
201.417: Application time: 0.0805730 seconds
201.419: [GC [PSYoungGen: 90656K->7744K(97280K)] 103537K->20633K(319488K), 0.0023390 secs] [Times: user=0.02 sys=0.00, real=0.00 secs] 
201.421: Total time for which application threads were stopped: 0.0042070 seconds, Stopping threads took: 0.0017870 seconds
201.501: Application time: 0.0799500 seconds
201.504: [GC [PSYoungGen: 91200K->7280K(97280K)] 104089K->20169K(319488K), 0.0020290 secs] [Times: user=0.01 sys=0.00, real=0.00 secs] 
201.506: Total time for which application threads were stopped: 0.0042640 seconds, Stopping threads took: 0.0021520 seconds
201.584: Application time: 0.0780180 seconds
201.585: [GC [PSYoungGen: 90736K->5600K(97280K)] 103625K->18497K(319488K), 0.0017380 secs] [Times: user=0.02 sys=0.00, real=0.00 secs] 
201.587: Total time for which application threads were stopped: 0.0028450 seconds, Stopping threads took: 0.0010300 seconds
201.662: Application time: 0.0751360 seconds
201.664: [GC [PSYoungGen: 89056K->7840K(97280K)] 101953K->20737K(319488K), 0.0024000 secs] [Times: user=0.02 sys=0.00, real=0.00 secs] 
201.666: Total time for which application threads were stopped: 0.0044500 seconds, Stopping threads took: 0.0019500 seconds
201.746: Application time: 0.0801200 seconds
201.749: [GC [PSYoungGen: 91296K->8160K(97280K)] 104193K->21057K(319488K), 0.0024320 secs] [Times: user=0.02 sys=0.00, real=0.00 secs] 
201.751: Total time for which application threads were stopped: 0.0048010 seconds, Stopping threads took: 0.0022800 seconds
201.829: Application time: 0.0777320 seconds
201.831: [GC [PSYoungGen: 91616K->7664K(97280K)] 104513K->20569K(319488K), 0.0023320 secs] [Times: user=0.00 sys=0.00, real=0.00 secs] 
201.834: Total time for which application threads were stopped: 0.0049730 seconds, Stopping threads took: 0.0025590 seconds
201.917: Application time: 0.0834300 seconds
201.919: [GC [PSYoungGen: 91120K->6336K(97280K)] 104025K->19249K(319488K), 0.0019420 secs] [Times: user=0.01 sys=0.00, real=0.00 secs] 
201.921: Total time for which application threads were stopped: 0.0032910 seconds, Stopping threads took: 0.0012700 seconds
202.001: Application time: 0.0804780 seconds
202.003: [GC [PSYoungGen: 89792K->6384K(97280K)] 102705K->19305K(319488K), 0.0018440 secs] [Times: user=0.01 sys=0.00, real=0.00 secs] 
202.005: Total time for which application threads were stopped: 0.0041010 seconds, Stopping threads took: 0.0021730 seconds
202.084: Application time: 0.0786000 seconds
202.087: [GC [PSYoungGen: 89840K->7504K(97280K)] 102761K->20433K(319488K), 0.0022010 secs] [Times: user=0.02 sys=0.00, real=0.01 secs] 
202.089: Total time for which application threads were stopped: 0.0052470 seconds, Stopping threads took: 0.0029570 seconds
202.166: Application time: 0.0767460 seconds
202.167: [GC [PSYoungGen: 90960K->7088K(97280K)] 103889K->20017K(319488K), 0.0021130 secs] [Times: user=0.01 sys=0.00, real=0.00 secs] 
202.170: Total time for which application threads were stopped: 0.0039750 seconds, Stopping threads took: 0.0017670 seconds
202.247: Application time: 0.0774820 seconds
202.249: [GC [PSYoungGen: 90544K->7920K(97280K)] 103473K->20849K(319488K), 0.0023740 secs] [Times: user=0.01 sys=0.00, real=0.00 secs] 
202.252: Total time for which application threads were stopped: 0.0044890 seconds, Stopping threads took: 0.0020300 seconds
202.332: Application time: 0.0803480 seconds
202.335: [GC [PSYoungGen: 91376K->7456K(97280K)] 104305K->20393K(319488K), 0.0021260 secs] [Times: user=0.02 sys=0.00, real=0.00 secs] 
202.337: Total time for which application threads were stopped: 0.0051350 seconds, Stopping threads took: 0.0029270 seconds
202.416: Application time: 0.0784110 seconds
202.419: [GC [PSYoungGen: 90912K->7104K(97280K)] 103849K->20049K(319488K), 0.0021850 secs] [Times: user=0.01 sys=0.00, real=0.00 secs] 
202.421: Total time for which application threads were stopped: 0.0055220 seconds, Stopping threads took: 0.0032540 seconds
202.500: Application time: 0.0785010 seconds
202.502: [GC [PSYoungGen: 90560K->6560K(97280K)] 103505K->19513K(319488K), 0.0019320 secs] [Times: user=0.01 sys=0.00, real=0.00 secs] 
202.504: Total time for which application threads were stopped: 0.0047630 seconds, Stopping threads took: 0.0027470 seconds
202.582: Application time: 0.0779930 seconds
202.585: [GC [PSYoungGen: 90016K->7152K(97280K)] 102969K->20121K(319488K), 0.0020790 secs] [Times: user=0.02 sys=0.00, real=0.01 secs] 
202.587: Total time for which application threads were stopped: 0.0047180 seconds, Stopping threads took: 0.0025550 seconds
202.668: Application time: 0.0808170 seconds
202.671: [GC [PSYoungGen: 90608K->6704K(97280K)] 103577K->19673K(319488K), 0.0019200 secs] [Times: user=0.02 sys=0.00, real=0.00 secs] 
202.673: Total time for which application threads were stopped: 0.0046540 seconds, Stopping threads took: 0.0026420 seconds
202.751: Application time: 0.0780370 seconds
202.753: [GC [PSYoungGen: 90160K->8160K(97280K)] 103129K->21129K(319488K), 0.0024400 secs] [Times: user=0.01 sys=0.00, real=0.01 secs] 
202.756: Total time for which application threads were stopped: 0.0052700 seconds, Stopping threads took: 0.0027430 seconds
202.834: Application time: 0.0785520 seconds
202.837: [GC [PSYoungGen: 91616K->6528K(97280K)] 104585K->19505K(319488K), 0.0018570 secs] [Times: user=0.02 sys=0.00, real=0.00 secs] 
202.839: Total time for which application threads were stopped: 0.0044240 seconds, Stopping threads took: 0.0024880 seconds
202.917: Application time: 0.0778850 seconds
202.919: [GC [PSYoungGen: 89984K->8192K(97280K)] 102961K->21193K(319488K), 0.0024320 secs] [Times: user=0.01 sys=0.00, real=0.00 secs] 
202.922: Total time for which application threads were stopped: 0.0052540 seconds, Stopping threads took: 0.0027400 seconds
203.003: Application time: 0.0810580 seconds
203.008: [GC [PSYoungGen: 91648K->7200K(97280K)] 104649K->20209K(319488K), 0.0025150 secs] [Times: user=0.01 sys=0.00, real=0.00 secs] 
203.010: Total time for which application threads were stopped: 0.0070920 seconds, Stopping threads took: 0.0044990 seconds
203.089: Application time: 0.0789090 seconds
203.092: [GC [PSYoungGen: 90656K->7696K(97280K)] 103665K->20705K(319488K), 0.0023600 secs] [Times: user=0.01 sys=0.00, real=0.00 secs] 
203.094: Total time for which application threads were stopped: 0.0050460 seconds, Stopping threads took: 0.0026070 seconds
203.172: Application time: 0.0776110 seconds
203.175: [GC [PSYoungGen: 91152K->6240K(97280K)] 104161K->19265K(319488K), 0.0017420 secs] [Times: user=0.01 sys=0.00, real=0.01 secs] 
203.177: Total time for which application threads were stopped: 0.0048940 seconds, Stopping threads took: 0.0030670 seconds
203.254: Application time: 0.0773810 seconds
203.256: [GC [PSYoungGen: 89696K->6944K(97280K)] 102721K->19969K(319488K), 0.0022770 secs] [Times: user=0.02 sys=0.00, real=0.00 secs] 
203.258: Total time for which application threads were stopped: 0.0044930 seconds, Stopping threads took: 0.0021300 seconds
203.336: Application time: 0.0778110 seconds
203.339: [GC [PSYoungGen: 90400K->6624K(97280K)] 103425K->19649K(319488K), 0.0020140 secs] [Times: user=0.02 sys=0.00, real=0.00 secs] 
203.341: Total time for which application threads were stopped: 0.0046730 seconds, Stopping threads took: 0.0025680 seconds
203.421: Application time: 0.0795830 seconds
203.422: [GC [PSYoungGen: 90080K->5648K(97280K)] 103105K->18681K(319488K), 0.0037740 secs] [Times: user=0.02 sys=0.00, real=0.00 secs] 
203.426: Total time for which application threads were stopped: 0.0057500 seconds, Stopping threads took: 0.0018930 seconds
203.507: Application time: 0.0803310 seconds
203.509: [GC [PSYoungGen: 89104K->7264K(97280K)] 102137K->20305K(319488K), 0.0021300 secs] [Times: user=0.02 sys=0.00, real=0.00 secs] 
203.512: Total time for which application threads were stopped: 0.0049810 seconds, Stopping threads took: 0.0027660 seconds
203.590: Application time: 0.0787170 seconds
203.593: [GC [PSYoungGen: 90720K->7792K(97280K)] 103761K->20833K(319488K), 0.0022430 secs] [Times: user=0.01 sys=0.00, real=0.00 secs] 
203.595: Total time for which application threads were stopped: 0.0045410 seconds, Stopping threads took: 0.0022100 seconds
203.676: Application time: 0.0812860 seconds
203.678: [GC [PSYoungGen: 91248K->7984K(97280K)] 104289K->21033K(319488K), 0.0023030 secs] [Times: user=0.01 sys=0.00, real=0.00 secs] 
203.681: Total time for which application threads were stopped: 0.0044880 seconds, Stopping threads took: 0.0020890 seconds
203.757: Application time: 0.0763830 seconds
203.759: [GC [PSYoungGen: 91440K->7216K(97280K)] 104489K->20265K(319488K), 0.0021250 secs] [Times: user=0.01 sys=0.01, real=0.00 secs] 
203.761: Total time for which application threads were stopped: 0.0038850 seconds, Stopping threads took: 0.0016790 seconds
203.840: Application time: 0.0788660 seconds
203.842: [GC [PSYoungGen: 90672K->7904K(97280K)] 103721K->20953K(319488K), 0.0023870 secs] [Times: user=0.01 sys=0.00, real=0.00 secs] 
203.844: Total time for which application threads were stopped: 0.0045810 seconds, Stopping threads took: 0.0021100 seconds
203.925: Application time: 0.0803330 seconds
203.927: [GC [PSYoungGen: 91360K->7440K(97280K)] 104409K->20497K(319488K), 0.0021760 secs] [Times: user=0.02 sys=0.00, real=0.00 secs] 
203.930: Total time for which application threads were stopped: 0.0049250 seconds, Stopping threads took: 0.0026610 seconds
204.010: Application time: 0.0808090 seconds
204.013: [GC [PSYoungGen: 90896K->6624K(97280K)] 103953K->19689K(319488K), 0.0019900 secs] [Times: user=0.02 sys=0.00, real=0.01 secs] 
204.015: Total time for which application threads were stopped: 0.0049440 seconds, Stopping threads took: 0.0028740 seconds
204.098: Application time: 0.0825290 seconds
204.100: [GC [PSYoungGen: 90080K->6768K(97280K)] 103145K->19841K(319488K), 0.0019610 secs] [Times: user=0.01 sys=0.00, real=0.00 secs] 
204.102: Total time for which application threads were stopped: 0.0041950 seconds, Stopping threads took: 0.0021520 seconds
204.183: Application time: 0.0811870 seconds
204.186: [GC [PSYoungGen: 90224K->7104K(97280K)] 103297K->20185K(319488K), 0.0020380 secs] [Times: user=0.01 sys=0.00, real=0.01 secs] 
204.189: Total time for which application threads were stopped: 0.0052860 seconds, Stopping threads took: 0.0031610 seconds
204.266: Application time: 0.0775910 seconds
204.269: [GC [PSYoungGen: 90560K->7456K(97280K)] 103641K->20537K(319488K), 0.0020990 secs] [Times: user=0.02 sys=0.00, real=0.00 secs] 
204.271: Total time for which application threads were stopped: 0.0047570 seconds, Stopping threads took: 0.0025750 seconds
204.350: Application time: 0.0785870 seconds
204.352: [GC [PSYoungGen: 90912K->7616K(97280K)] 103993K->20697K(319488K), 0.0023120 secs] [Times: user=0.01 sys=0.00, real=0.00 secs] 
204.354: Total time for which application threads were stopped: 0.0047030 seconds, Stopping threads took: 0.0023080 seconds
204.432: Application time: 0.0782790 seconds
204.435: [GC [PSYoungGen: 91072K->6848K(97280K)] 104153K->19937K(319488K), 0.0020370 secs] [Times: user=0.01 sys=0.01, real=0.01 secs] 
204.437: Total time for which application threads were stopped: 0.0043520 seconds, Stopping threads took: 0.0022350 seconds
204.516: Application time: 0.0790010 seconds
204.520: [GC [PSYoungGen: 90304K->7296K(97280K)] 103393K->20393K(319488K), 0.0023950 secs] [Times: user=0.01 sys=0.00, real=0.00 secs] 
204.523: Total time for which application threads were stopped: 0.0069380 seconds, Stopping threads took: 0.0044610 seconds
204.601: Application time: 0.0781750 seconds
204.603: [GC [PSYoungGen: 90752K->7760K(97280K)] 103849K->20865K(319488K), 0.0022600 secs] [Times: user=0.01 sys=0.00, real=0.00 secs] 
204.605: Total time for which application threads were stopped: 0.0044020 seconds, Stopping threads took: 0.0020520 seconds
204.684: Application time: 0.0786630 seconds
204.686: [GC [PSYoungGen: 91216K->7008K(97280K)] 104321K->20121K(319488K), 0.0019320 secs] [Times: user=0.02 sys=0.00, real=0.01 secs] 
204.688: Total time for which application threads were stopped: 0.0043960 seconds, Stopping threads took: 0.0023860 seconds
204.768: Application time: 0.0798890 seconds
204.772: [GC [PSYoungGen: 90464K->6112K(97280K)] 103577K->19225K(319488K), 0.0017720 secs] [Times: user=0.01 sys=0.00, real=0.00 secs] 
204.773: Total time for which application threads were stopped: 0.0050990 seconds, Stopping threads took: 0.0032370 seconds
204.848: Application time: 0.0747100 seconds
204.851: [GC [PSYoungGen: 89568K->8080K(97280K)] 102681K->21193K(319488K), 0.0023840 secs] [Times: user=0.02 sys=0.00, real=0.00 secs] 
204.854: Total time for which application threads were stopped: 0.0056770 seconds, Stopping threads took: 0.0032080 seconds
204.937: Application time: 0.0830250 seconds
204.940: [GC [PSYoungGen: 91536K->7680K(97280K)] 104649K->20801K(319488K), 0.0022260 secs] [Times: user=0.01 sys=0.00, real=0.00 secs] 
204.942: Total time for which application threads were stopped: 0.0049620 seconds, Stopping threads took: 0.0026560 seconds
205.020: Application time: 0.0781440 seconds
205.022: [GC [PSYoungGen: 91136K->7072K(97280K)] 104257K->20201K(319488K), 0.0021200 secs] [Times: user=0.01 sys=0.00, real=0.00 secs] 
205.024: Total time for which application threads were stopped: 0.0043020 seconds, Stopping threads took: 0.0021000 seconds
205.107: Application time: 0.0823650 seconds
205.108: [GC [PSYoungGen: 90528K->5040K(97280K)] 103657K->18177K(319488K), 0.0018540 secs] [Times: user=0.00 sys=0.00, real=0.00 secs] 
205.110: Total time for which application threads were stopped: 0.0037050 seconds, Stopping threads took: 0.0017740 seconds
205.188: Application time: 0.0778760 seconds
205.190: [GC [PSYoungGen: 88496K->8064K(97280K)] 101633K->21209K(319488K), 0.0024680 secs] [Times: user=0.02 sys=0.00, real=0.00 secs] 
205.193: Total time for which application threads were stopped: 0.0047610 seconds, Stopping threads took: 0.0022050 seconds
205.270: Application time: 0.0774670 seconds
205.273: [GC [PSYoungGen: 91520K->7296K(97280K)] 104665K->20441K(319488K), 0.0022610 secs] [Times: user=0.01 sys=0.00, real=0.01 secs] 
205.276: Total time for which application threads were stopped: 0.0050840 seconds, Stopping threads took: 0.0027320 seconds
205.348: Application time: 0.0721550 seconds
205.350: [GC [PSYoungGen: 90752K->7200K(97280K)] 103897K->20345K(319488K), 0.0022900 secs] [Times: user=0.01 sys=0.00, real=0.00 secs] 
205.352: Total time for which application threads were stopped: 0.0046690 seconds, Stopping threads took: 0.0022980 seconds
205.426: Application time: 0.0737730 seconds
205.429: [GC [PSYoungGen: 90656K->7264K(97280K)] 103801K->20417K(319488K), 0.0021300 secs] [Times: user=0.01 sys=0.00, real=0.00 secs] 
205.431: Total time for which application threads were stopped: 0.0049190 seconds, Stopping threads took: 0.0027090 seconds
205.508: Application time: 0.0764820 seconds
205.510: [GC [PSYoungGen: 90720K->6208K(97280K)] 103873K->19369K(319488K), 0.0017810 secs] [Times: user=0.01 sys=0.00, real=0.00 secs] 
205.512: Total time for which application threads were stopped: 0.0045990 seconds, Stopping threads took: 0.0027370 seconds
205.589: Application time: 0.0764390 seconds
205.591: [GC [PSYoungGen: 89664K->6608K(97280K)] 102825K->19777K(319488K), 0.0019360 secs] [Times: user=0.01 sys=0.00, real=0.00 secs] 
205.593: Total time for which application threads were stopped: 0.0040020 seconds, Stopping threads took: 0.0019810 seconds
205.668: Application time: 0.0749400 seconds
205.670: [GC [PSYoungGen: 90064K->7296K(97280K)] 103233K->20465K(319488K), 0.0021290 secs] [Times: user=0.02 sys=0.00, real=0.00 secs] 
205.672: Total time for which application threads were stopped: 0.0044630 seconds, Stopping threads took: 0.0022530 seconds
205.747: Application time: 0.0750040 seconds
205.751: [GC [PSYoungGen: 90752K->5744K(97280K)] 103921K->18921K(319488K), 0.0017230 secs] [Times: user=0.01 sys=0.00, real=0.00 secs] 
205.753: Total time for which application threads were stopped: 0.0056880 seconds, Stopping threads took: 0.0038890 seconds
205.826: Application time: 0.0728290 seconds
205.829: [GC [PSYoungGen: 89200K->6832K(97280K)] 102377K->20009K(319488K), 0.0020250 secs] [Times: user=0.02 sys=0.00, real=0.00 secs] 
205.831: Total time for which application threads were stopped: 0.0050460 seconds, Stopping threads took: 0.0029310 seconds
205.905: Application time: 0.0739590 seconds
205.907: [GC [PSYoungGen: 90288K->7936K(97280K)] 103465K->21113K(319488K), 0.0023570 secs] [Times: user=0.02 sys=0.00, real=0.00 secs] 
205.910: Total time for which application threads were stopped: 0.0052180 seconds, Stopping threads took: 0.0027830 seconds
205.985: Application time: 0.0749210 seconds
205.987: [GC [PSYoungGen: 91392K->8320K(97280K)] 104569K->21505K(319488K), 0.0024620 secs] [Times: user=0.01 sys=0.00, real=0.00 secs] 
205.990: Total time for which application threads were stopped: 0.0049840 seconds, Stopping threads took: 0.0024390 seconds
206.064: Application time: 0.0741970 seconds
206.065: [GC [PSYoungGen: 91776K->5792K(97280K)] 104961K->18985K(319488K), 0.0017210 secs] [Times: user=0.01 sys=0.00, real=0.01 secs] 
206.067: Total time for which application threads were stopped: 0.0031520 seconds, Stopping threads took: 0.0013490 seconds
206.143: Application time: 0.0755970 seconds
206.145: [GC [PSYoungGen: 89248K->7200K(97280K)] 102441K->20401K(319488K), 0.0021070 secs] [Times: user=0.02 sys=0.00, real=0.01 secs] 
206.147: Total time for which application threads were stopped: 0.0046870 seconds, Stopping threads took: 0.0024990 seconds
206.222: Application time: 0.0750610 seconds
206.225: [GC [PSYoungGen: 90656K->7536K(97280K)] 103857K->20745K(319488K), 0.0021610 secs] [Times: user=0.02 sys=0.00, real=0.01 secs] 
206.227: Total time for which application threads were stopped: 0.0047340 seconds, Stopping threads took: 0.0024930 seconds
206.302: Application time: 0.0748610 seconds
206.305: [GC [PSYoungGen: 90992K->7328K(97280K)] 104201K->20537K(319488K), 0.0021650 secs] [Times: user=0.01 sys=0.01, real=0.01 secs] 
206.307: Total time for which application threads were stopped: 0.0051240 seconds, Stopping threads took: 0.0028760 seconds
206.379: Application time: 0.0716420 seconds
206.383: [GC [PSYoungGen: 90784K->6192K(97280K)] 103993K->19401K(319488K), 0.0018760 secs] [Times: user=0.01 sys=0.00, real=0.00 secs] 
206.385: Total time for which application threads were stopped: 0.0061410 seconds, Stopping threads took: 0.0041720 seconds
206.460: Application time: 0.0747290 seconds
206.461: [GC [PSYoungGen: 89648K->6304K(97280K)] 102857K->19521K(319488K), 0.0018780 secs] [Times: user=0.01 sys=0.00, real=0.00 secs] 
206.463: Total time for which application threads were stopped: 0.0037190 seconds, Stopping threads took: 0.0017630 seconds
206.538: Application time: 0.0742530 seconds
206.540: [GC [PSYoungGen: 89760K->6656K(97280K)] 102977K->19881K(319488K), 0.0020830 secs] [Times: user=0.01 sys=0.00, real=0.00 secs] 
206.542: Total time for which application threads were stopped: 0.0047670 seconds, Stopping threads took: 0.0026070 seconds
206.618: Application time: 0.0753910 seconds
206.620: [GC [PSYoungGen: 90112K->7200K(97280K)] 103337K->20433K(319488K), 0.0019920 secs] [Times: user=0.01 sys=0.00, real=0.00 secs] 
206.622: Total time for which application threads were stopped: 0.0047030 seconds, Stopping threads took: 0.0026330 seconds
206.695: Application time: 0.0722280 seconds
206.697: [GC [PSYoungGen: 90656K->7760K(97280K)] 103889K->21009K(319488K), 0.0021750 secs] [Times: user=0.01 sys=0.00, real=0.00 secs] 
206.699: Total time for which application threads were stopped: 0.0045570 seconds, Stopping threads took: 0.0023000 seconds
206.772: Application time: 0.0728030 seconds
206.775: [GC [PSYoungGen: 91216K->8224K(97280K)] 104465K->21473K(319488K), 0.0023620 secs] [Times: user=0.02 sys=0.00, real=0.00 secs] 
206.777: Total time for which application threads were stopped: 0.0053200 seconds, Stopping threads took: 0.0028640 seconds
206.851: Application time: 0.0731400 seconds
206.852: [GC [PSYoungGen: 91680K->7456K(97280K)] 104929K->20705K(319488K), 0.0021460 secs] [Times: user=0.01 sys=0.00, real=0.00 secs] 
206.855: Total time for which application threads were stopped: 0.0040080 seconds, Stopping threads took: 0.0017840 seconds
206.930: Application time: 0.0757760 seconds
206.932: [GC [PSYoungGen: 90912K->6128K(97280K)] 104161K->19385K(319488K), 0.0018430 secs] [Times: user=0.01 sys=0.00, real=0.00 secs] 
206.934: Total time for which application threads were stopped: 0.0040480 seconds, Stopping threads took: 0.0021190 seconds
207.009: Application time: 0.0744040 seconds
207.011: [GC [PSYoungGen: 89584K->6640K(97280K)] 102841K->19905K(319488K), 0.0020610 secs] [Times: user=0.01 sys=0.00, real=0.00 secs] 
207.013: Total time for which application threads were stopped: 0.0045980 seconds, Stopping threads took: 0.0024570 seconds
207.086: Application time: 0.0723450 seconds
207.088: [GC [PSYoungGen: 90096K->7424K(97280K)] 103361K->20697K(319488K), 0.0022420 secs] [Times: user=0.01 sys=0.00, real=0.00 secs] 
207.090: Total time for which application threads were stopped: 0.0045550 seconds, Stopping threads took: 0.0022270 seconds
207.164: Application time: 0.0738800 seconds
207.167: [GC [PSYoungGen: 90880K->7136K(97280K)] 104153K->20417K(319488K), 0.0021600 secs] [Times: user=0.01 sys=0.00, real=0.00 secs] 
207.169: Total time for which application threads were stopped: 0.0051840 seconds, Stopping threads took: 0.0029420 seconds
207.245: Application time: 0.0751910 seconds
207.247: [GC [PSYoungGen: 90592K->7536K(97280K)] 103873K->20817K(319488K), 0.0023570 secs] [Times: user=0.01 sys=0.00, real=0.01 secs] 
207.249: Total time for which application threads were stopped: 0.0043980 seconds, Stopping threads took: 0.0019550 seconds
207.320: Application time: 0.0709910 seconds
207.322: [GC [PSYoungGen: 90992K->6960K(97280K)] 104273K->20241K(319488K), 0.0022450 secs] [Times: user=0.01 sys=0.00, real=0.00 secs] 
207.324: Total time for which application threads were stopped: 0.0044110 seconds, Stopping threads took: 0.0020820 seconds
207.400: Application time: 0.0757220 seconds
207.403: [GC [PSYoungGen: 90416K->5664K(97280K)] 103697K->18953K(319488K), 0.0018400 secs] [Times: user=0.01 sys=0.00, real=0.00 secs] 
207.405: Total time for which application threads were stopped: 0.0048600 seconds, Stopping threads took: 0.0029390 seconds
207.479: Application time: 0.0740560 seconds
207.481: [GC [PSYoungGen: 89120K->8288K(97280K)] 102409K->21593K(319488K), 0.0025370 secs] [Times: user=0.01 sys=0.00, real=0.00 secs] 
207.483: Total time for which application threads were stopped: 0.0043320 seconds, Stopping threads took: 0.0016860 seconds
207.561: Application time: 0.0778080 seconds
207.563: [GC [PSYoungGen: 91744K->5280K(97280K)] 105049K->18593K(319488K), 0.0016920 secs] [Times: user=0.01 sys=0.00, real=0.00 secs] 
207.564: Total time for which application threads were stopped: 0.0032120 seconds, Stopping threads took: 0.0014400 seconds
207.636: Application time: 0.0714250 seconds
207.638: [GC [PSYoungGen: 88736K->8368K(97280K)] 102049K->21681K(319488K), 0.0023470 secs] [Times: user=0.02 sys=0.00, real=0.00 secs] 
207.640: Total time for which application threads were stopped: 0.0045030 seconds, Stopping threads took: 0.0020740 seconds
207.716: Application time: 0.0753980 seconds
207.717: [GC [PSYoungGen: 91824K->6016K(97280K)] 105137K->19337K(319488K), 0.0018810 secs] [Times: user=0.01 sys=0.00, real=0.00 secs] 
207.719: Total time for which application threads were stopped: 0.0036500 seconds, Stopping threads took: 0.0016920 seconds
207.792: Application time: 0.0727270 seconds
207.794: [GC [PSYoungGen: 89472K->7328K(97280K)] 102793K->20649K(319488K), 0.0021800 secs] [Times: user=0.02 sys=0.00, real=0.01 secs] 
207.796: Total time for which application threads were stopped: 0.0039620 seconds, Stopping threads took: 0.0016960 seconds
207.869: Application time: 0.0725270 seconds
207.870: [GC [PSYoungGen: 90784K->7824K(97280K)] 104105K->21153K(319488K), 0.0024150 secs] [Times: user=0.01 sys=0.00, real=0.00 secs] 
207.872: Total time for which application threads were stopped: 0.0039440 seconds, Stopping threads took: 0.0014460 seconds
207.948: Application time: 0.0752110 seconds
207.950: [GC [PSYoungGen: 91280K->6384K(97280K)] 104609K->19721K(319488K), 0.0019470 secs] [Times: user=0.01 sys=0.00, real=0.00 secs] 
207.952: Total time for which application threads were stopped: 0.0042610 seconds, Stopping threads took: 0.0022300 seconds
208.026: Application time: 0.0736830 seconds
208.028: [GC [PSYoungGen: 89840K->6656K(97280K)] 103177K->20001K(319488K), 0.0018890 secs] [Times: user=0.01 sys=0.00, real=0.00 secs] 
208.030: Total time for which application threads were stopped: 0.0039170 seconds, Stopping threads took: 0.0019410 seconds
208.101: Application time: 0.0717530 seconds
208.103: [GC [PSYoungGen: 90112K->7344K(97280K)] 103457K->20705K(319488K), 0.0022100 secs] [Times: user=0.02 sys=0.00, real=0.00 secs] 
208.106: Total time for which application threads were stopped: 0.0043110 seconds, Stopping threads took: 0.0020220 seconds
208.180: Application time: 0.0744430 seconds
208.183: [GC [PSYoungGen: 90800K->7760K(97280K)] 104161K->21129K(319488K), 0.0021460 secs] [Times: user=0.02 sys=0.00, real=0.00 secs] 
208.185: Total time for which application threads were stopped: 0.0050030 seconds, Stopping threads took: 0.0027720 seconds
208.260: Application time: 0.0751310 seconds
208.262: [GC [PSYoungGen: 91216K->5520K(97280K)] 104585K->18889K(319488K), 0.0016290 secs] [Times: user=0.01 sys=0.00, real=0.00 secs] 
208.264: Total time for which application threads were stopped: 0.0039290 seconds, Stopping threads took: 0.0022220 seconds
208.338: Application time: 0.0740120 seconds
208.340: [GC [PSYoungGen: 88976K->7360K(97280K)] 102345K->20745K(319488K), 0.0020890 secs] [Times: user=0.01 sys=0.00, real=0.00 secs] 
208.342: Total time for which application threads were stopped: 0.0042610 seconds, Stopping threads took: 0.0020920 seconds
208.417: Application time: 0.0743710 seconds
208.420: [GC [PSYoungGen: 90816K->6512K(97280K)] 104201K->19905K(319488K), 0.0019100 secs] [Times: user=0.01 sys=0.00, real=0.00 secs] 
208.421: Total time for which application threads were stopped: 0.0046920 seconds, Stopping threads took: 0.0027040 seconds
208.497: Application time: 0.0754230 seconds
208.499: [GC [PSYoungGen: 89968K->7136K(97280K)] 103361K->20537K(319488K), 0.0020040 secs] [Times: user=0.02 sys=0.00, real=0.00 secs] 
208.501: Total time for which application threads were stopped: 0.0041750 seconds, Stopping threads took: 0.0020980 seconds
208.577: Application time: 0.0756000 seconds
208.579: [GC [PSYoungGen: 90592K->6864K(97280K)] 103993K->20273K(319488K), 0.0021470 secs] [Times: user=0.01 sys=0.00, real=0.00 secs] 
208.581: Total time for which application threads were stopped: 0.0045270 seconds, Stopping threads took: 0.0022910 seconds
208.656: Application time: 0.0751280 seconds
208.659: [GC [PSYoungGen: 90320K->7392K(97280K)] 103729K->20809K(319488K), 0.0021480 secs] [Times: user=0.02 sys=0.00, real=0.00 secs] 
208.661: Total time for which application threads were stopped: 0.0048270 seconds, Stopping threads took: 0.0025960 seconds
208.732: Application time: 0.0709470 seconds
208.734: [GC [PSYoungGen: 90848K->7488K(97280K)] 104265K->20905K(319488K), 0.0021750 secs] [Times: user=0.01 sys=0.00, real=0.01 secs] 
208.736: Total time for which application threads were stopped: 0.0039030 seconds, Stopping threads took: 0.0016490 seconds
208.811: Application time: 0.0748530 seconds
208.813: [GC [PSYoungGen: 90944K->7920K(97280K)] 104361K->21337K(319488K), 0.0023880 secs] [Times: user=0.01 sys=0.00, real=0.01 secs] 
208.816: Total time for which application threads were stopped: 0.0050280 seconds, Stopping threads took: 0.0025540 seconds
208.889: Application time: 0.0733660 seconds
208.891: [GC [PSYoungGen: 91376K->7296K(97280K)] 104793K->20721K(319488K), 0.0022010 secs] [Times: user=0.01 sys=0.00, real=0.00 secs] 
208.893: Total time for which application threads were stopped: 0.0041670 seconds, Stopping threads took: 0.0018570 seconds
208.968: Application time: 0.0744990 seconds
208.969: [GC [PSYoungGen: 90752K->7664K(97280K)] 104177K->21097K(319488K), 0.0022360 secs] [Times: user=0.02 sys=0.00, real=0.00 secs] 
208.971: Total time for which application threads were stopped: 0.0034290 seconds, Stopping threads took: 0.0011160 seconds
209.053: Application time: 0.0813330 seconds
209.055: [GC [PSYoungGen: 91120K->4672K(97280K)] 104553K->18113K(319488K), 0.0014860 secs] [Times: user=0.01 sys=0.00, real=0.00 secs] 
209.056: Total time for which application threads were stopped: 0.0037330 seconds, Stopping threads took: 0.0021790 seconds
209.131: Application time: 0.0742510 seconds
209.133: [GC [PSYoungGen: 88128K->7952K(97280K)] 101569K->21401K(319488K), 0.0023000 secs] [Times: user=0.02 sys=0.00, real=0.01 secs] 
209.136: Total time for which application threads were stopped: 0.0048480 seconds, Stopping threads took: 0.0024610 seconds
209.212: Application time: 0.0763010 seconds
209.214: [GC [PSYoungGen: 91408K->7744K(97280K)] 104857K->21193K(319488K), 0.0023720 secs] [Times: user=0.01 sys=0.00, real=0.01 secs] 
209.217: Total time for which application threads were stopped: 0.0046880 seconds, Stopping threads took: 0.0022330 seconds
209.291: Application time: 0.0742860 seconds
209.292: [GC [PSYoungGen: 91200K->6192K(97280K)] 104649K->19641K(319488K), 0.0017850 secs] [Times: user=0.01 sys=0.00, real=0.00 secs] 
209.294: Total time for which application threads were stopped: 0.0034630 seconds, Stopping threads took: 0.0015990 seconds
209.374: Application time: 0.0797460 seconds
209.377: [GC [PSYoungGen: 89648K->5648K(97280K)] 103097K->19105K(319488K), 0.0016500 secs] [Times: user=0.02 sys=0.00, real=0.00 secs] 
209.379: Total time for which application threads were stopped: 0.0044690 seconds, Stopping threads took: 0.0027380 seconds
209.457: Application time: 0.0781530 seconds
209.460: [GC [PSYoungGen: 89104K->8224K(97280K)] 102561K->21689K(319488K), 0.0025070 secs] [Times: user=0.02 sys=0.00, real=0.00 secs] 
209.462: Total time for which application threads were stopped: 0.0057850 seconds, Stopping threads took: 0.0031940 seconds
209.544: Application time: 0.0810870 seconds
209.545: [GC [PSYoungGen: 91680K->7696K(97280K)] 105145K->21169K(319488K), 0.0022690 secs] [Times: user=0.01 sys=0.00, real=0.01 secs] 
209.547: Total time for which application threads were stopped: 0.0037980 seconds, Stopping threads took: 0.0014490 seconds
209.627: Application time: 0.0793280 seconds
209.630: [GC [PSYoungGen: 91152K->6512K(97280K)] 104625K->19993K(319488K), 0.0019560 secs] [Times: user=0.01 sys=0.00, real=0.00 secs] 
209.632: Total time for which application threads were stopped: 0.0048660 seconds, Stopping threads took: 0.0028290 seconds
209.711: Application time: 0.0793430 seconds
209.714: [GC [PSYoungGen: 89968K->8400K(97280K)] 103449K->21881K(319488K), 0.0024300 secs] [Times: user=0.01 sys=0.00, real=0.01 secs] 
209.716: Total time for which application threads were stopped: 0.0055560 seconds, Stopping threads took: 0.0030280 seconds
209.796: Application time: 0.0798090 seconds
209.800: [GC [PSYoungGen: 91856K->6416K(97280K)] 105337K->19897K(319488K), 0.0020590 secs] [Times: user=0.01 sys=0.00, real=0.00 secs] 
209.802: Total time for which application threads were stopped: 0.0054200 seconds, Stopping threads took: 0.0032640 seconds
209.882: Application time: 0.0799390 seconds
209.884: [GC [PSYoungGen: 89872K->6432K(97280K)] 103353K->19921K(319488K), 0.0018890 secs] [Times: user=0.01 sys=0.00, real=0.00 secs] 
209.886: Total time for which application threads were stopped: 0.0045020 seconds, Stopping threads took: 0.0025340 seconds
209.965: Application time: 0.0793290 seconds
209.968: [GC [PSYoungGen: 89888K->7152K(97280K)] 103377K->20649K(319488K), 0.0021030 secs] [Times: user=0.01 sys=0.00, real=0.00 secs] 
209.971: Total time for which application threads were stopped: 0.0051370 seconds, Stopping threads took: 0.0029510 seconds
210.050: Application time: 0.0791150 seconds
210.052: [GC [PSYoungGen: 90608K->6528K(97280K)] 104105K->20033K(319488K), 0.0019550 secs] [Times: user=0.01 sys=0.00, real=0.00 secs] 
210.054: Total time for which application threads were stopped: 0.0045410 seconds, Stopping threads took: 0.0025020 seconds
210.135: Application time: 0.0804770 seconds
210.137: [GC [PSYoungGen: 89984K->7136K(97280K)] 103489K->20649K(319488K), 0.0021510 secs] [Times: user=0.01 sys=0.00, real=0.00 secs] 
210.139: Total time for which application threads were stopped: 0.0040170 seconds, Stopping threads took: 0.0017850 seconds
210.220: Application time: 0.0808390 seconds
210.222: [GC [PSYoungGen: 90592K->8144K(97280K)] 104105K->21673K(319488K), 0.0022990 secs] [Times: user=0.01 sys=0.00, real=0.00 secs] 
210.224: Total time for which application threads were stopped: 0.0047960 seconds, Stopping threads took: 0.0024030 seconds
210.303: Application time: 0.0788790 seconds
210.306: [GC [PSYoungGen: 91600K->6992K(97280K)] 105129K->20521K(319488K), 0.0020510 secs] [Times: user=0.02 sys=0.00, real=0.01 secs] 
210.308: Total time for which application threads were stopped: 0.0046710 seconds, Stopping threads took: 0.0025360 seconds
210.387: Application time: 0.0792970 seconds
210.390: [GC [PSYoungGen: 90448K->8000K(97280K)] 103977K->21545K(319488K), 0.0023870 secs] [Times: user=0.02 sys=0.00, real=0.00 secs] 
210.393: Total time for which application threads were stopped: 0.0053290 seconds, Stopping threads took: 0.0028580 seconds
210.471: Application time: 0.0786120 seconds
210.474: [GC [PSYoungGen: 91456K->7504K(97280K)] 105001K->21057K(319488K), 0.0021680 secs] [Times: user=0.01 sys=0.00, real=0.01 secs] 
210.476: Total time for which application threads were stopped: 0.0050930 seconds, Stopping threads took: 0.0028440 seconds
210.554: Application time: 0.0774580 seconds
210.556: [GC [PSYoungGen: 90960K->8336K(97280K)] 104513K->21897K(319488K), 0.0026020 secs] [Times: user=0.02 sys=0.00, real=0.00 secs] 
210.559: Total time for which application threads were stopped: 0.0049690 seconds, Stopping threads took: 0.0022850 seconds
210.637: Application time: 0.0778980 seconds
210.639: [GC [PSYoungGen: 91792K->7872K(97280K)] 105353K->21441K(319488K), 0.0022560 secs] [Times: user=0.01 sys=0.00, real=0.00 secs] 
210.642: Total time for which application threads were stopped: 0.0049050 seconds, Stopping threads took: 0.0025660 seconds
210.722: Application time: 0.0804470 seconds
210.725: [GC [PSYoungGen: 91328K->7072K(97280K)] 104897K->20649K(319488K), 0.0019700 secs] [Times: user=0.01 sys=0.00, real=0.00 secs] 
210.727: Total time for which application threads were stopped: 0.0047020 seconds, Stopping threads took: 0.0026460 seconds
210.805: Application time: 0.0787970 seconds
210.808: [GC [PSYoungGen: 90528K->8320K(97280K)] 104105K->21897K(319488K), 0.0024190 secs] [Times: user=0.02 sys=0.00, real=0.00 secs] 
210.810: Total time for which application threads were stopped: 0.0046970 seconds, Stopping threads took: 0.0021920 seconds
210.888: Application time: 0.0781950 seconds
210.891: [GC [PSYoungGen: 91776K->7104K(97280K)] 105353K->20689K(319488K), 0.0021660 secs] [Times: user=0.02 sys=0.00, real=0.00 secs] 
210.893: Total time for which application threads were stopped: 0.0050000 seconds, Stopping threads took: 0.0027520 seconds
210.971: Application time: 0.0780640 seconds
210.974: [GC [PSYoungGen: 90560K->6672K(97280K)] 104145K->20265K(319488K), 0.0019960 secs] [Times: user=0.02 sys=0.00, real=0.01 secs] 
210.976: Total time for which application threads were stopped: 0.0048570 seconds, Stopping threads took: 0.0027760 seconds
211.054: Application time: 0.0777010 seconds
211.056: [GC [PSYoungGen: 90128K->7280K(97280K)] 103721K->20881K(319488K), 0.0022180 secs] [Times: user=0.01 sys=0.00, real=0.00 secs] 
211.058: Total time for which application threads were stopped: 0.0043860 seconds, Stopping threads took: 0.0020850 seconds
211.134: Application time: 0.0759140 seconds
211.137: [GC [PSYoungGen: 90736K->7872K(97280K)] 104337K->21481K(319488K), 0.0023200 secs] [Times: user=0.02 sys=0.00, real=0.00 secs] 
211.139: Total time for which application threads were stopped: 0.0051570 seconds, Stopping threads took: 0.0027480 seconds
211.217: Application time: 0.0776080 seconds
211.219: [GC [PSYoungGen: 91328K->5312K(97280K)] 104937K->18929K(319488K), 0.0015970 secs] [Times: user=0.01 sys=0.00, real=0.00 secs] 
211.220: Total time for which application threads were stopped: 0.0033590 seconds, Stopping threads took: 0.0016810 seconds
211.298: Application time: 0.0777620 seconds
211.300: [GC [PSYoungGen: 88768K->7216K(97280K)] 102385K->20833K(319488K), 0.0022710 secs] [Times: user=0.01 sys=0.00, real=0.00 secs] 
211.303: Total time for which application threads were stopped: 0.0046030 seconds, Stopping threads took: 0.0022200 seconds
211.382: Application time: 0.0787790 seconds
211.383: [GC [PSYoungGen: 90672K->7056K(97280K)] 104289K->20673K(319488K), 0.0020570 secs] [Times: user=0.01 sys=0.00, real=0.00 secs] 
211.385: Total time for which application threads were stopped: 0.0037580 seconds, Stopping threads took: 0.0016180 seconds
211.462: Application time: 0.0766320 seconds
211.464: [GC [PSYoungGen: 90512K->6528K(97280K)] 104129K->20153K(319488K), 0.0020930 secs] [Times: user=0.01 sys=0.00, real=0.00 secs] 
211.466: Total time for which application threads were stopped: 0.0045030 seconds, Stopping threads took: 0.0023310 seconds
211.546: Application time: 0.0791200 seconds
211.548: [GC [PSYoungGen: 89984K->7328K(97280K)] 103609K->20961K(319488K), 0.0021420 secs] [Times: user=0.02 sys=0.00, real=0.00 secs] 
211.551: Total time for which application threads were stopped: 0.0050030 seconds, Stopping threads took: 0.0027490 seconds
211.629: Application time: 0.0781610 seconds
211.632: [GC [PSYoungGen: 90784K->7056K(97280K)] 104417K->20697K(319488K), 0.0024750 secs] [Times: user=0.02 sys=0.00, real=0.00 secs] 
211.635: Total time for which application threads were stopped: 0.0058020 seconds, Stopping threads took: 0.0032420 seconds
211.714: Application time: 0.0792270 seconds
211.717: [GC [PSYoungGen: 90512K->7568K(97280K)] 104153K->21217K(319488K), 0.0023880 secs] [Times: user=0.01 sys=0.00, real=0.00 secs] 
211.719: Total time for which application threads were stopped: 0.0055100 seconds, Stopping threads took: 0.0030390 seconds
211.798: Application time: 0.0790780 seconds
211.801: [GC [PSYoungGen: 91024K->7792K(97280K)] 104673K->21441K(319488K), 0.0023240 secs] [Times: user=0.01 sys=0.00, real=0.00 secs] 
211.803: Total time for which application threads were stopped: 0.0045110 seconds, Stopping threads took: 0.0020700 seconds
211.884: Application time: 0.0808770 seconds
211.887: [GC [PSYoungGen: 91248K->5936K(97280K)] 104897K->19585K(319488K), 0.0017470 secs] [Times: user=0.01 sys=0.00, real=0.00 secs] 
211.889: Total time for which application threads were stopped: 0.0051530 seconds, Stopping threads took: 0.0033160 seconds
211.969: Application time: 0.0800310 seconds
211.971: [GC [PSYoungGen: 89392K->6128K(97280K)] 103041K->19785K(319488K), 0.0017210 secs] [Times: user=0.02 sys=0.00, real=0.00 secs] 
211.973: Total time for which application threads were stopped: 0.0040900 seconds, Stopping threads took: 0.0022960 seconds
212.050: Application time: 0.0769410 seconds
212.052: [GC [PSYoungGen: 89584K->6784K(97280K)] 103241K->20449K(319488K), 0.0019850 secs] [Times: user=0.00 sys=0.00, real=0.00 secs] 
212.055: Total time for which application threads were stopped: 0.0044820 seconds, Stopping threads took: 0.0024160 seconds
212.133: Application time: 0.0783660 seconds
212.135: [GC [PSYoungGen: 90240K->8224K(97280K)] 103905K->21905K(319488K), 0.0023710 secs] [Times: user=0.01 sys=0.00, real=0.00 secs] 
212.137: Total time for which application threads were stopped: 0.0045390 seconds, Stopping threads took: 0.0020840 seconds
212.218: Application time: 0.0806900 seconds
212.220: [GC [PSYoungGen: 91680K->6560K(97280K)] 105361K->20249K(319488K), 0.0020250 secs] [Times: user=0.01 sys=0.00, real=0.00 secs] 
212.222: Total time for which application threads were stopped: 0.0036560 seconds, Stopping threads took: 0.0015430 seconds
212.300: Application time: 0.0779090 seconds
212.303: [GC [PSYoungGen: 90016K->7760K(97280K)] 103705K->21449K(319488K), 0.0024320 secs] [Times: user=0.01 sys=0.00, real=0.00 secs] 
212.305: Total time for which application threads were stopped: 0.0057120 seconds, Stopping threads took: 0.0031900 seconds
212.382: Application time: 0.0762990 seconds
212.383: [GC [PSYoungGen: 91216K->7088K(97280K)] 104905K->20777K(319488K), 0.0021490 secs] [Times: user=0.01 sys=0.00, real=0.00 secs] 
212.385: Total time for which application threads were stopped: 0.0036500 seconds, Stopping threads took: 0.0014200 seconds
212.464: Application time: 0.0787410 seconds
212.467: [GC [PSYoungGen: 90544K->5904K(97280K)] 104233K->19601K(319488K), 0.0018540 secs] [Times: user=0.02 sys=0.00, real=0.00 secs] 
212.469: Total time for which application threads were stopped: 0.0046950 seconds, Stopping threads took: 0.0027470 seconds
212.551: Application time: 0.0818220 seconds
212.554: [GC [PSYoungGen: 89360K->6976K(97280K)] 103057K->20681K(319488K), 0.0020010 secs] [Times: user=0.01 sys=0.00, real=0.01 secs] 
212.556: Total time for which application threads were stopped: 0.0049930 seconds, Stopping threads took: 0.0029150 seconds
212.635: Application time: 0.0792420 seconds
212.638: [GC [PSYoungGen: 90432K->6608K(97280K)] 104137K->20321K(319488K), 0.0020450 secs] [Times: user=0.01 sys=0.00, real=0.00 secs] 
212.640: Total time for which application threads were stopped: 0.0048850 seconds, Stopping threads took: 0.0027580 seconds
212.718: Application time: 0.0781200 seconds
212.720: [GC [PSYoungGen: 90064K->7104K(97280K)] 103777K->20825K(319488K), 0.0020810 secs] [Times: user=0.02 sys=0.00, real=0.00 secs] 
212.722: Total time for which application threads were stopped: 0.0045410 seconds, Stopping threads took: 0.0023750 seconds
212.800: Application time: 0.0771280 seconds
212.802: [GC [PSYoungGen: 90560K->7440K(97280K)] 104281K->21177K(319488K), 0.0022550 secs] [Times: user=0.01 sys=0.00, real=0.00 secs] 
212.805: Total time for which application threads were stopped: 0.0051000 seconds, Stopping threads took: 0.0027620 seconds
212.882: Application time: 0.0776850 seconds
212.884: [GC [PSYoungGen: 90896K->8016K(97280K)] 104633K->21753K(319488K), 0.0023720 secs] [Times: user=0.02 sys=0.00, real=0.00 secs] 
212.887: Total time for which application threads were stopped: 0.0044370 seconds, Stopping threads took: 0.0019840 seconds
212.967: Application time: 0.0797990 seconds
212.969: [GC [PSYoungGen: 91472K->7552K(97280K)] 105209K->21297K(319488K), 0.0022230 secs] [Times: user=0.02 sys=0.00, real=0.00 secs] 
212.971: Total time for which application threads were stopped: 0.0044980 seconds, Stopping threads took: 0.0021870 seconds
213.049: Application time: 0.0783290 seconds
213.052: [GC [PSYoungGen: 91008K->7808K(97280K)] 104753K->21561K(319488K), 0.0022740 secs] [Times: user=0.02 sys=0.00, real=0.00 secs] 
213.055: Total time for which application threads were stopped: 0.0052670 seconds, Stopping threads took: 0.0029110 seconds
213.133: Application time: 0.0781920 seconds
213.135: [GC [PSYoungGen: 91264K->7456K(97280K)] 105017K->21217K(319488K), 0.0022850 secs] [Times: user=0.01 sys=0.00, real=0.00 secs] 
213.137: Total time for which application threads were stopped: 0.0045440 seconds, Stopping threads took: 0.0021700 seconds
213.217: Application time: 0.0798370 seconds
213.220: [GC [PSYoungGen: 90912K->6240K(97280K)] 104673K->20009K(319488K), 0.0019950 secs] [Times: user=0.01 sys=0.00, real=0.00 secs] 
213.222: Total time for which application threads were stopped: 0.0043200 seconds, Stopping threads took: 0.0022410 seconds
213.301: Application time: 0.0791460 seconds
213.303: [GC [PSYoungGen: 89696K->6384K(97280K)] 103465K->20161K(319488K), 0.0020650 secs] [Times: user=0.02 sys=0.00, real=0.00 secs] 
213.306: Total time for which application threads were stopped: 0.0048900 seconds, Stopping threads took: 0.0027280 seconds
213.380: Application time: 0.0739460 seconds
213.382: [GC [PSYoungGen: 89840K->7824K(97280K)] 103617K->21601K(319488K), 0.0024010 secs] [Times: user=0.02 sys=0.00, real=0.00 secs] 
213.385: Total time for which application threads were stopped: 0.0053870 seconds, Stopping threads took: 0.0029020 seconds
213.459: Application time: 0.0735840 seconds
213.460: [GC [PSYoungGen: 91280K->6448K(97280K)] 105057K->20233K(319488K), 0.0019210 secs] [Times: user=0.01 sys=0.00, real=0.00 secs] 
213.462: Total time for which application threads were stopped: 0.0038670 seconds, Stopping threads took: 0.0018650 seconds
213.540: Application time: 0.0771820 seconds
213.541: [GC [PSYoungGen: 89904K->6016K(97280K)] 103689K->19809K(319488K), 0.0017840 secs] [Times: user=0.01 sys=0.00, real=0.00 secs] 
213.543: Total time for which application threads were stopped: 0.0035500 seconds, Stopping threads took: 0.0016840 seconds
213.615: Application time: 0.0714030 seconds
213.616: [GC [PSYoungGen: 89472K->7696K(97280K)] 103265K->21497K(319488K), 0.0022490 secs] [Times: user=0.01 sys=0.00, real=0.00 secs] 
213.619: Total time for which application threads were stopped: 0.0040890 seconds, Stopping threads took: 0.0017620 seconds
213.694: Application time: 0.0749430 seconds
213.694: [GC [PSYoungGen: 91152K->7184K(97280K)] 104953K->20993K(319488K), 0.0020850 secs] [Times: user=0.02 sys=0.00, real=0.01 secs] 
213.697: Total time for which application threads were stopped: 0.0030680 seconds, Stopping threads took: 0.0009040 seconds
213.773: Application time: 0.0763460 seconds
213.775: [GC [PSYoungGen: 90640K->6640K(97280K)] 104449K->20457K(319488K), 0.0019970 secs] [Times: user=0.01 sys=0.00, real=0.00 secs] 
213.777: Total time for which application threads were stopped: 0.0042580 seconds, Stopping threads took: 0.0021800 seconds
213.850: Application time: 0.0726270 seconds
213.851: [GC [PSYoungGen: 90096K->6480K(97280K)] 103913K->20297K(319488K), 0.0019710 secs] [Times: user=0.01 sys=0.00, real=0.00 secs] 
213.853: Total time for which application threads were stopped: 0.0034340 seconds, Stopping threads took: 0.0013870 seconds
213.929: Application time: 0.0757810 seconds
213.932: [GC [PSYoungGen: 89936K->6528K(97280K)] 103753K->20353K(319488K), 0.0018140 secs] [Times: user=0.02 sys=0.00, real=0.00 secs] 
213.934: Total time for which application threads were stopped: 0.0044850 seconds, Stopping threads took: 0.0025950 seconds
214.006: Application time: 0.0728220 seconds
214.008: [GC [PSYoungGen: 89984K->6880K(97280K)] 103809K->20713K(319488K), 0.0020860 secs] [Times: user=0.02 sys=0.00, real=0.00 secs] 
214.010: Total time for which application threads were stopped: 0.0040500 seconds, Stopping threads took: 0.0018860 seconds
214.085: Application time: 0.0740950 seconds
214.087: [GC [PSYoungGen: 90336K->7104K(97280K)] 104169K->20945K(319488K), 0.0020650 secs] [Times: user=0.02 sys=0.00, real=0.00 secs] 
214.089: Total time for which application threads were stopped: 0.0045950 seconds, Stopping threads took: 0.0024420 seconds
214.165: Application time: 0.0758390 seconds
214.167: [GC [PSYoungGen: 90560K->7072K(97280K)] 104401K->20921K(319488K), 0.0020290 secs] [Times: user=0.02 sys=0.00, real=0.00 secs] 
214.170: Total time for which application threads were stopped: 0.0045540 seconds, Stopping threads took: 0.0024450 seconds
214.243: Application time: 0.0737720 seconds
214.245: [GC [PSYoungGen: 90528K->7296K(97280K)] 104377K->21145K(319488K), 0.0021260 secs] [Times: user=0.01 sys=0.00, real=0.01 secs] 
214.248: Total time for which application threads were stopped: 0.0042660 seconds, Stopping threads took: 0.0020610 seconds
214.321: Application time: 0.0739080 seconds
214.323: [GC [PSYoungGen: 90752K->7664K(97280K)] 104601K->21521K(319488K), 0.0023970 secs] [Times: user=0.02 sys=0.00, real=0.00 secs] 
214.325: Total time for which application threads were stopped: 0.0039280 seconds, Stopping threads took: 0.0014500 seconds
214.402: Application time: 0.0761600 seconds
214.403: [GC [PSYoungGen: 91120K->6368K(97280K)] 104977K->20225K(319488K), 0.0018910 secs] [Times: user=0.01 sys=0.00, real=0.00 secs] 
214.405: Total time for which application threads were stopped: 0.0038410 seconds, Stopping threads took: 0.0018650 seconds
214.479: Application time: 0.0740600 seconds
214.481: [GC [PSYoungGen: 89824K->7456K(97280K)] 103681K->21321K(319488K), 0.0020800 secs] [Times: user=0.02 sys=0.00, real=0.00 secs] 
214.483: Total time for which application threads were stopped: 0.0035790 seconds, Stopping threads took: 0.0014190 seconds
214.557: Application time: 0.0743100 seconds
214.559: [GC [PSYoungGen: 90912K->7616K(97280K)] 104777K->21489K(319488K), 0.0023000 secs] [Times: user=0.02 sys=0.00, real=0.00 secs] 
214.561: Total time for which application threads were stopped: 0.0039640 seconds, Stopping threads took: 0.0015830 seconds
214.635: Application time: 0.0732180 seconds
214.637: [GC [PSYoungGen: 91070K->7648K(97280K)] 104944K->21529K(319488K), 0.0023170 secs] [Times: user=0.01 sys=0.00, real=0.00 secs] 
214.639: Total time for which application threads were stopped: 0.0044680 seconds, Stopping threads took: 0.0020610 seconds
214.712: Application time: 0.0730150 seconds
214.714: [GC [PSYoungGen: 91104K->7200K(97280K)] 104985K->21089K(319488K), 0.0020040 secs] [Times: user=0.02 sys=0.00, real=0.01 secs] 
214.716: Total time for which application threads were stopped: 0.0042520 seconds, Stopping threads took: 0.0021670 seconds
214.789: Application time: 0.0724220 seconds
214.790: [GC [PSYoungGen: 90656K->7440K(97280K)] 104545K->21337K(319488K), 0.0022350 secs] [Times: user=0.02 sys=0.00, real=0.00 secs] 
214.793: Total time for which application threads were stopped: 0.0039910 seconds, Stopping threads took: 0.0016720 seconds
214.867: Application time: 0.0743330 seconds
214.870: [GC [PSYoungGen: 90896K->7664K(97280K)] 104793K->21561K(319488K), 0.0022500 secs] [Times: user=0.02 sys=0.00, real=0.00 secs] 
214.872: Total time for which application threads were stopped: 0.0049490 seconds, Stopping threads took: 0.0026210 seconds
214.947: Application time: 0.0750910 seconds
214.949: [GC [PSYoungGen: 91120K->7312K(97280K)] 105017K->21217K(319488K), 0.0021780 secs] [Times: user=0.01 sys=0.00, real=0.00 secs] 
214.951: Total time for which application threads were stopped: 0.0039940 seconds, Stopping threads took: 0.0017360 seconds
215.025: Application time: 0.0744090 seconds
215.028: [GC [PSYoungGen: 90768K->8080K(97280K)] 104673K->21993K(319488K), 0.0023390 secs] [Times: user=0.01 sys=0.00, real=0.00 secs] 
215.030: Total time for which application threads were stopped: 0.0049190 seconds, Stopping threads took: 0.0024950 seconds
215.107: Application time: 0.0764640 seconds
215.109: [GC [PSYoungGen: 91536K->6976K(97280K)] 105449K->20889K(319488K), 0.0020900 secs] [Times: user=0.02 sys=0.00, real=0.00 secs] 
215.111: Total time for which application threads were stopped: 0.0044350 seconds, Stopping threads took: 0.0022640 seconds
215.185: Application time: 0.0736810 seconds
215.188: [GC [PSYoungGen: 90432K->7536K(97280K)] 104345K->21457K(319488K), 0.0021460 secs] [Times: user=0.01 sys=0.00, real=0.00 secs] 
215.190: Total time for which application threads were stopped: 0.0050020 seconds, Stopping threads took: 0.0027640 seconds
215.262: Application time: 0.0720310 seconds
215.264: [GC [PSYoungGen: 90992K->7328K(97280K)] 104913K->21257K(319488K), 0.0021040 secs] [Times: user=0.01 sys=0.00, real=0.00 secs] 
215.266: Total time for which application threads were stopped: 0.0040290 seconds, Stopping threads took: 0.0018480 seconds
215.341: Application time: 0.0750050 seconds
215.343: [GC [PSYoungGen: 90784K->6784K(97280K)] 104713K->20713K(319488K), 0.0019670 secs] [Times: user=0.01 sys=0.01, real=0.00 secs] 
215.345: Total time for which application threads were stopped: 0.0037330 seconds, Stopping threads took: 0.0016900 seconds
215.426: Application time: 0.0814730 seconds
215.427: [GC [PSYoungGen: 90240K->7216K(97280K)] 104169K->21153K(319488K), 0.0020730 secs] [Times: user=0.02 sys=0.00, real=0.00 secs] 
215.429: Total time for which application threads were stopped: 0.0031280 seconds, Stopping threads took: 0.0009790 seconds
215.502: Application time: 0.0724530 seconds
215.505: [GC [PSYoungGen: 90672K->7248K(97280K)] 104609K->21193K(319488K), 0.0020780 secs] [Times: user=0.01 sys=0.00, real=0.00 secs] 
215.507: Total time for which application threads were stopped: 0.0049970 seconds, Stopping threads took: 0.0028320 seconds
215.581: Application time: 0.0736780 seconds
215.583: [GC [PSYoungGen: 90704K->7904K(97280K)] 104649K->21857K(319488K), 0.0024660 secs] [Times: user=0.01 sys=0.00, real=0.00 secs] 
215.586: Total time for which application threads were stopped: 0.0051640 seconds, Stopping threads took: 0.0026190 seconds
215.661: Application time: 0.0750710 seconds
215.663: [GC [PSYoungGen: 91360K->7024K(97280K)] 105313K->20985K(319488K), 0.0020140 secs] [Times: user=0.01 sys=0.00, real=0.00 secs] 
215.665: Total time for which application threads were stopped: 0.0038250 seconds, Stopping threads took: 0.0017330 seconds
215.738: Application time: 0.0734070 seconds
215.741: [GC [PSYoungGen: 90480K->8384K(97280K)] 104441K->22345K(319488K), 0.0025440 secs] [Times: user=0.01 sys=0.00, real=0.00 secs] 
215.743: Total time for which application threads were stopped: 0.0051990 seconds, Stopping threads took: 0.0025570 seconds
215.816: Application time: 0.0726400 seconds
215.818: [GC [PSYoungGen: 91840K->7072K(97280K)] 105801K->21049K(319488K), 0.0022920 secs] [Times: user=0.01 sys=0.00, real=0.00 secs] 
215.820: Total time for which application threads were stopped: 0.0043570 seconds, Stopping threads took: 0.0019850 seconds
215.895: Application time: 0.0744550 seconds
215.896: [GC [PSYoungGen: 90528K->6768K(97280K)] 104505K->20761K(319488K), 0.0021980 secs] [Times: user=0.02 sys=0.00, real=0.00 secs] 
215.899: Total time for which application threads were stopped: 0.0038660 seconds, Stopping threads took: 0.0015670 seconds
215.974: Application time: 0.0756560 seconds
215.977: [GC [PSYoungGen: 90224K->7072K(97280K)] 104217K->21073K(319488K), 0.0019990 secs] [Times: user=0.02 sys=0.00, real=0.00 secs] 
215.979: Total time for which application threads were stopped: 0.0047200 seconds, Stopping threads took: 0.0026370 seconds
216.053: Application time: 0.0738870 seconds
216.055: [GC [PSYoungGen: 90528K->7568K(97280K)] 104529K->21577K(319488K), 0.0022080 secs] [Times: user=0.01 sys=0.00, real=0.00 secs] 
216.058: Total time for which application threads were stopped: 0.0047230 seconds, Stopping threads took: 0.0024320 seconds
216.130: Application time: 0.0726960 seconds
216.133: [GC [PSYoungGen: 91024K->7584K(97280K)] 105033K->21601K(319488K), 0.0022900 secs] [Times: user=0.02 sys=0.00, real=0.01 secs] 
216.136: Total time for which application threads were stopped: 0.0052600 seconds, Stopping threads took: 0.0028880 seconds
216.209: Application time: 0.0738940 seconds
216.212: [GC [PSYoungGen: 91040K->7168K(97280K)] 105057K->21185K(319488K), 0.0020940 secs] [Times: user=0.01 sys=0.00, real=0.00 secs] 
216.215: Total time for which application threads were stopped: 0.0051080 seconds, Stopping threads took: 0.0029350 seconds
216.288: Application time: 0.0735090 seconds
216.291: [GC [PSYoungGen: 90624K->8048K(97280K)] 104641K->22081K(319488K), 0.0023980 secs] [Times: user=0.01 sys=0.00, real=0.00 secs] 
216.293: Total time for which application threads were stopped: 0.0051520 seconds, Stopping threads took: 0.0026610 seconds
216.373: Application time: 0.0793750 seconds
216.375: [GC [PSYoungGen: 91504K->5840K(97280K)] 105537K->19881K(319488K), 0.0017410 secs] [Times: user=0.02 sys=0.00, real=0.01 secs] 
216.376: Total time for which application threads were stopped: 0.0038610 seconds, Stopping threads took: 0.0020460 seconds
216.451: Application time: 0.0747930 seconds
216.454: [GC [PSYoungGen: 89296K->7168K(97280K)] 103337K->21217K(319488K), 0.0021110 secs] [Times: user=0.01 sys=0.00, real=0.01 secs] 
216.456: Total time for which application threads were stopped: 0.0045410 seconds, Stopping threads took: 0.0023500 seconds
216.531: Application time: 0.0756850 seconds
216.534: [GC [PSYoungGen: 90624K->7360K(97280K)] 104673K->21425K(319488K), 0.0022390 secs] [Times: user=0.02 sys=0.00, real=0.01 secs] 
216.536: Total time for which application threads were stopped: 0.0046620 seconds, Stopping threads took: 0.0023350 seconds
216.612: Application time: 0.0754030 seconds
216.614: [GC [PSYoungGen: 90816K->6976K(97280K)] 104881K->21057K(319488K), 0.0020990 secs] [Times: user=0.01 sys=0.00, real=0.01 secs] 
216.616: Total time for which application threads were stopped: 0.0045870 seconds, Stopping threads took: 0.0024030 seconds
216.691: Application time: 0.0750080 seconds
216.693: [GC [PSYoungGen: 90432K->8288K(97280K)] 104513K->22369K(319488K), 0.0025400 secs] [Times: user=0.02 sys=0.00, real=0.01 secs] 
216.696: Total time for which application threads were stopped: 0.0047680 seconds, Stopping threads took: 0.0021470 seconds
216.772: Application time: 0.0760890 seconds
216.775: [GC [PSYoungGen: 91744K->6576K(97280K)] 105825K->20665K(319488K), 0.0018930 secs] [Times: user=0.01 sys=0.00, real=0.01 secs] 
216.777: Total time for which application threads were stopped: 0.0047420 seconds, Stopping threads took: 0.0027730 seconds
216.850: Application time: 0.0733430 seconds
216.853: [GC [PSYoungGen: 90030K->7344K(97280K)] 104120K->21433K(319488K), 0.0021430 secs] [Times: user=0.02 sys=0.00, real=0.01 secs] 
216.855: Total time for which application threads were stopped: 0.0050040 seconds, Stopping threads took: 0.0027740 seconds
216.927: Application time: 0.0721870 seconds
216.930: [GC [PSYoungGen: 90800K->7712K(97280K)] 104889K->21809K(319488K), 0.0022600 secs] [Times: user=0.01 sys=0.00, real=0.00 secs] 
216.932: Total time for which application threads were stopped: 0.0047980 seconds, Stopping threads took: 0.0024540 seconds
217.007: Application time: 0.0746470 seconds
217.010: [GC [PSYoungGen: 91168K->6672K(97280K)] 105265K->20777K(319488K), 0.0019450 secs] [Times: user=0.01 sys=0.00, real=0.00 secs] 
217.012: Total time for which application threads were stopped: 0.0051000 seconds, Stopping threads took: 0.0030720 seconds
217.088: Application time: 0.0761710 seconds
217.091: [GC [PSYoungGen: 90128K->6784K(97280K)] 104233K->20897K(319488K), 0.0019410 secs] [Times: user=0.01 sys=0.00, real=0.00 secs] 
217.093: Total time for which application threads were stopped: 0.0048000 seconds, Stopping threads took: 0.0027830 seconds
217.166: Application time: 0.0735470 seconds
217.168: [GC [PSYoungGen: 90240K->5424K(97280K)] 104353K->19545K(319488K), 0.0015830 secs] [Times: user=0.01 sys=0.00, real=0.00 secs] 
217.170: Total time for which application threads were stopped: 0.0037530 seconds, Stopping threads took: 0.0020940 seconds
217.245: Application time: 0.0747840 seconds
217.247: [GC [PSYoungGen: 88880K->6544K(97280K)] 103001K->20681K(319488K), 0.0019070 secs] [Times: user=0.01 sys=0.00, real=0.00 secs] 
217.249: Total time for which application threads were stopped: 0.0041170 seconds, Stopping threads took: 0.0021360 seconds
217.325: Application time: 0.0757770 seconds
217.327: [GC [PSYoungGen: 90000K->7568K(97280K)] 104137K->21705K(319488K), 0.0022600 secs] [Times: user=0.01 sys=0.00, real=0.00 secs] 
217.329: Total time for which application threads were stopped: 0.0047220 seconds, Stopping threads took: 0.0023830 seconds
217.415: Application time: 0.0853030 seconds
217.417: [GC [PSYoungGen: 91024K->5776K(97280K)] 105161K->19921K(319488K), 0.0017350 secs] [Times: user=0.01 sys=0.00, real=0.00 secs] 
217.419: Total time for which application threads were stopped: 0.0042070 seconds, Stopping threads took: 0.0023790 seconds
217.498: Application time: 0.0787180 seconds
217.499: [GC [PSYoungGen: 89232K->6512K(97280K)] 103377K->20665K(319488K), 0.0019820 secs] [Times: user=0.02 sys=0.00, real=0.00 secs] 
217.501: Total time for which application threads were stopped: 0.0033210 seconds, Stopping threads took: 0.0012560 seconds
217.581: Application time: 0.0794980 seconds
217.583: [GC [PSYoungGen: 89968K->7504K(97280K)] 104121K->21665K(319488K), 0.0023540 secs] [Times: user=0.01 sys=0.00, real=0.00 secs] 
217.585: Total time for which application threads were stopped: 0.0046200 seconds, Stopping threads took: 0.0021830 seconds
217.666: Application time: 0.0807090 seconds
217.669: [GC [PSYoungGen: 90960K->7600K(97280K)] 105121K->21769K(319488K), 0.0022020 secs] [Times: user=0.02 sys=0.00, real=0.00 secs] 
217.671: Total time for which application threads were stopped: 0.0053020 seconds, Stopping threads took: 0.0030090 seconds
217.749: Application time: 0.0779590 seconds
217.752: [GC [PSYoungGen: 91056K->6160K(97280K)] 105225K->20337K(319488K), 0.0018640 secs] [Times: user=0.01 sys=0.00, real=0.00 secs] 
217.753: Total time for which application threads were stopped: 0.0043030 seconds, Stopping threads took: 0.0023600 seconds
217.830: Application time: 0.0767290 seconds
217.833: [GC [PSYoungGen: 89616K->7632K(97280K)] 103793K->21809K(319488K), 0.0023520 secs] [Times: user=0.01 sys=0.00, real=0.01 secs] 
217.836: Total time for which application threads were stopped: 0.0054520 seconds, Stopping threads took: 0.0030140 seconds
217.913: Application time: 0.0776910 seconds
217.915: [GC [PSYoungGen: 91088K->7920K(97280K)] 105265K->22105K(319488K), 0.0023530 secs] [Times: user=0.01 sys=0.00, real=0.00 secs] 
217.918: Total time for which application threads were stopped: 0.0043420 seconds, Stopping threads took: 0.0019030 seconds
217.995: Application time: 0.0773480 seconds
217.997: [GC [PSYoungGen: 91376K->7776K(97280K)] 105561K->21969K(319488K), 0.0024740 secs] [Times: user=0.01 sys=0.00, real=0.00 secs] 
217.999: Total time for which application threads were stopped: 0.0044590 seconds, Stopping threads took: 0.0018930 seconds
218.077: Application time: 0.0779330 seconds
218.080: [GC [PSYoungGen: 91231K->7808K(97280K)] 105425K->22001K(319488K), 0.0023790 secs] [Times: user=0.02 sys=0.00, real=0.00 secs] 
218.082: Total time for which application threads were stopped: 0.0047870 seconds, Stopping threads took: 0.0023240 seconds
218.162: Application time: 0.0796090 seconds
218.164: [GC [PSYoungGen: 91264K->7440K(97280K)] 105457K->21641K(319488K), 0.0022150 secs] [Times: user=0.02 sys=0.00, real=0.00 secs] 
218.166: Total time for which application threads were stopped: 0.0041600 seconds, Stopping threads took: 0.0018640 seconds
218.240: Application time: 0.0745080 seconds
218.243: [GC [PSYoungGen: 90896K->8368K(97280K)] 105097K->22577K(319488K), 0.0024420 secs] [Times: user=0.02 sys=0.00, real=0.00 secs] 
218.245: Total time for which application threads were stopped: 0.0046760 seconds, Stopping threads took: 0.0021490 seconds
218.323: Application time: 0.0782520 seconds
218.326: [GC [PSYoungGen: 91824K->6864K(97280K)] 106033K->21073K(319488K), 0.0020350 secs] [Times: user=0.02 sys=0.00, real=0.01 secs] 
218.328: Total time for which application threads were stopped: 0.0050280 seconds, Stopping threads took: 0.0029100 seconds
218.407: Application time: 0.0785920 seconds
218.409: [GC [PSYoungGen: 90320K->8368K(97280K)] 104529K->22577K(319488K), 0.0025420 secs] [Times: user=0.02 sys=0.00, real=0.00 secs] 
218.412: Total time for which application threads were stopped: 0.0049790 seconds, Stopping threads took: 0.0023520 seconds
218.492: Application time: 0.0804160 seconds
218.494: [GC [PSYoungGen: 91824K->6832K(97280K)] 106033K->21049K(319488K), 0.0019520 secs] [Times: user=0.02 sys=0.00, real=0.01 secs] 
218.496: Total time for which application threads were stopped: 0.0037900 seconds, Stopping threads took: 0.0017590 seconds
218.574: Application time: 0.0776920 seconds
218.577: [GC [PSYoungGen: 90288K->6480K(97280K)] 104505K->20713K(319488K), 0.0020930 secs] [Times: user=0.01 sys=0.00, real=0.00 secs] 
218.579: Total time for which application threads were stopped: 0.0048550 seconds, Stopping threads took: 0.0026710 seconds
218.657: Application time: 0.0785690 seconds
218.659: [GC [PSYoungGen: 89936K->7568K(97280K)] 104169K->21809K(319488K), 0.0022880 secs] [Times: user=0.01 sys=0.00, real=0.00 secs] 
218.661: Total time for which application threads were stopped: 0.0040960 seconds, Stopping threads took: 0.0017260 seconds
218.741: Application time: 0.0798880 seconds
218.744: [GC [PSYoungGen: 91024K->6560K(97280K)] 105265K->20809K(319488K), 0.0019600 secs] [Times: user=0.01 sys=0.00, real=0.00 secs] 
218.746: Total time for which application threads were stopped: 0.0045230 seconds, Stopping threads took: 0.0024790 seconds
218.825: Application time: 0.0789470 seconds
218.828: [GC [PSYoungGen: 90016K->7024K(97280K)] 104265K->21273K(319488K), 0.0021180 secs] [Times: user=0.01 sys=0.00, real=0.00 secs] 
218.830: Total time for which application threads were stopped: 0.0049160 seconds, Stopping threads took: 0.0027150 seconds
218.908: Application time: 0.0786930 seconds
218.911: [GC [PSYoungGen: 90480K->7568K(97280K)] 104729K->21817K(319488K), 0.0022290 secs] [Times: user=0.01 sys=0.00, real=0.00 secs] 
218.913: Total time for which application threads were stopped: 0.0046460 seconds, Stopping threads took: 0.0023370 seconds
218.995: Application time: 0.0816330 seconds
218.996: [GC [PSYoungGen: 91024K->7344K(97280K)] 105273K->21601K(319488K), 0.0021690 secs] [Times: user=0.02 sys=0.00, real=0.00 secs] 
218.999: Total time for which application threads were stopped: 0.0038960 seconds, Stopping threads took: 0.0016410 seconds
219.076: Application time: 0.0772260 seconds
219.078: [GC [PSYoungGen: 90800K->5712K(97280K)] 105057K->19977K(319488K), 0.0016590 secs] [Times: user=0.01 sys=0.00, real=0.00 secs] 
219.079: Total time for which application threads were stopped: 0.0034960 seconds, Stopping threads took: 0.0017490 seconds
219.157: Application time: 0.0773150 seconds
219.159: [GC [PSYoungGen: 89168K->7392K(97280K)] 103433K->21665K(319488K), 0.0022180 secs] [Times: user=0.02 sys=0.00, real=0.00 secs] 
219.162: Total time for which application threads were stopped: 0.0049600 seconds, Stopping threads took: 0.0026570 seconds
219.241: Application time: 0.0790240 seconds
219.243: [GC [PSYoungGen: 90848K->6848K(97280K)] 105121K->21121K(319488K), 0.0020030 secs] [Times: user=0.01 sys=0.00, real=0.00 secs] 
219.245: Total time for which application threads were stopped: 0.0046880 seconds, Stopping threads took: 0.0026020 seconds
219.323: Application time: 0.0779230 seconds
219.326: [GC [PSYoungGen: 90304K->7488K(97280K)] 104577K->21769K(319488K), 0.0021820 secs] [Times: user=0.02 sys=0.00, real=0.01 secs] 
219.328: Total time for which application threads were stopped: 0.0045180 seconds, Stopping threads took: 0.0022530 seconds
219.405: Application time: 0.0776680 seconds
219.409: [GC [PSYoungGen: 90944K->7504K(97280K)] 105225K->21785K(319488K), 0.0022210 secs] [Times: user=0.01 sys=0.00, real=0.00 secs] 
219.411: Total time for which application threads were stopped: 0.0053610 seconds, Stopping threads took: 0.0030600 seconds
219.490: Application time: 0.0796470 seconds
219.493: [GC [PSYoungGen: 90960K->7456K(97280K)] 105241K->21745K(319488K), 0.0021340 secs] [Times: user=0.02 sys=0.00, real=0.01 secs] 
219.495: Total time for which application threads were stopped: 0.0045530 seconds, Stopping threads took: 0.0023360 seconds
219.573: Application time: 0.0777980 seconds
219.574: [GC [PSYoungGen: 90912K->7056K(97280K)] 105201K->21353K(319488K), 0.0021000 secs] [Times: user=0.01 sys=0.00, real=0.01 secs] 
219.577: Total time for which application threads were stopped: 0.0037840 seconds, Stopping threads took: 0.0016040 seconds
219.655: Application time: 0.0789100 seconds
219.659: [GC [PSYoungGen: 90512K->6656K(97280K)] 104809K->20961K(319488K), 0.0019380 secs] [Times: user=0.01 sys=0.00, real=0.00 secs] 
219.661: Total time for which application threads were stopped: 0.0052100 seconds, Stopping threads took: 0.0031820 seconds
219.743: Application time: 0.0820130 seconds
219.745: [GC [PSYoungGen: 90112K->7344K(97280K)] 104417K->21657K(319488K), 0.0021700 secs] [Times: user=0.01 sys=0.00, real=0.01 secs] 
219.747: Total time for which application threads were stopped: 0.0042430 seconds, Stopping threads took: 0.0019880 seconds
219.828: Application time: 0.0809500 seconds
219.830: [GC [PSYoungGen: 90800K->6832K(97280K)] 105113K->21153K(319488K), 0.0019750 secs] [Times: user=0.01 sys=0.00, real=0.00 secs] 
219.832: Total time for which application threads were stopped: 0.0043340 seconds, Stopping threads took: 0.0022740 seconds
219.912: Application time: 0.0800390 seconds
219.914: [GC [PSYoungGen: 90288K->6112K(97280K)] 104609K->20433K(319488K), 0.0017490 secs] [Times: user=0.01 sys=0.00, real=0.01 secs] 
219.916: Total time for which application threads were stopped: 0.0036170 seconds, Stopping threads took: 0.0017860 seconds
219.996: Application time: 0.0804820 seconds
219.997: [GC [PSYoungGen: 89568K->7040K(97280K)] 103889K->21369K(319488K), 0.0022220 secs] [Times: user=0.02 sys=0.00, real=0.00 secs] 
220.000: Total time for which application threads were stopped: 0.0032800 seconds, Stopping threads took: 0.0009770 seconds
220.079: Application time: 0.0795460 seconds
220.082: [GC [PSYoungGen: 90495K->6816K(97280K)] 104824K->21153K(319488K), 0.0019600 secs] [Times: user=0.01 sys=0.00, real=0.00 secs] 
220.084: Total time for which application threads were stopped: 0.0048290 seconds, Stopping threads took: 0.0027820 seconds
220.166: Application time: 0.0818660 seconds
220.168: [GC [PSYoungGen: 90272K->7280K(97280K)] 104609K->21625K(319488K), 0.0021740 secs] [Times: user=0.02 sys=0.00, real=0.00 secs] 
220.171: Total time for which application threads were stopped: 0.0046330 seconds, Stopping threads took: 0.0023680 seconds
220.252: Application time: 0.0809440 seconds
220.254: [GC [PSYoungGen: 90736K->7072K(97280K)] 105081K->21425K(319488K), 0.0021410 secs] [Times: user=0.01 sys=0.00, real=0.01 secs] 
220.257: Total time for which application threads were stopped: 0.0051340 seconds, Stopping threads took: 0.0029130 seconds
220.335: Application time: 0.0787960 seconds
220.338: [GC [PSYoungGen: 90528K->6064K(97280K)] 104881K->20425K(319488K), 0.0018500 secs] [Times: user=0.01 sys=0.00, real=0.00 secs] 
220.340: Total time for which application threads were stopped: 0.0040810 seconds, Stopping threads took: 0.0021460 seconds
220.420: Application time: 0.0806430 seconds
220.422: [GC [PSYoungGen: 89520K->6880K(97280K)] 103881K->21241K(319488K), 0.0039980 secs] [Times: user=0.02 sys=0.00, real=0.00 secs] 
220.426: Total time for which application threads were stopped: 0.0057060 seconds, Stopping threads took: 0.0016270 seconds
220.505: Application time: 0.0795140 seconds
220.508: [GC [PSYoungGen: 90336K->7248K(97280K)] 104697K->21625K(319488K), 0.0020760 secs] [Times: user=0.02 sys=0.00, real=0.00 secs] 
220.510: Total time for which application threads were stopped: 0.0050910 seconds, Stopping threads took: 0.0029340 seconds
220.592: Application time: 0.0811730 seconds
220.594: [GC [PSYoungGen: 90704K->7840K(97280K)] 105081K->22225K(319488K), 0.0024430 secs] [Times: user=0.01 sys=0.00, real=0.01 secs] 
220.597: Total time for which application threads were stopped: 0.0051750 seconds, Stopping threads took: 0.0026450 seconds
220.676: Application time: 0.0787090 seconds
220.679: [GC [PSYoungGen: 91296K->8096K(97280K)] 105681K->22497K(319488K), 0.0024000 secs] [Times: user=0.02 sys=0.00, real=0.00 secs] 
220.681: Total time for which application threads were stopped: 0.0056710 seconds, Stopping threads took: 0.0031720 seconds
220.761: Application time: 0.0798780 seconds
220.764: [GC [PSYoungGen: 91552K->6752K(97280K)] 105953K->21161K(319488K), 0.0020360 secs] [Times: user=0.01 sys=0.00, real=0.00 secs] 
220.766: Total time for which application threads were stopped: 0.0047990 seconds, Stopping threads took: 0.0026850 seconds
220.849: Application time: 0.0834780 seconds
220.851: [GC [PSYoungGen: 90208K->5744K(97280K)] 104617K->20153K(319488K), 0.0018040 secs] [Times: user=0.01 sys=0.00, real=0.00 secs] 
220.853: Total time for which application threads were stopped: 0.0037130 seconds, Stopping threads took: 0.0018330 seconds
220.930: Application time: 0.0766010 seconds
220.932: [GC [PSYoungGen: 89200K->7728K(97280K)] 103609K->22145K(319488K), 0.0022790 secs] [Times: user=0.01 sys=0.00, real=0.00 secs] 
220.934: Total time for which application threads were stopped: 0.0042750 seconds, Stopping threads took: 0.0019120 seconds
221.014: Application time: 0.0799980 seconds
221.016: [GC [PSYoungGen: 91184K->6064K(97280K)] 105601K->20481K(319488K), 0.0018360 secs] [Times: user=0.01 sys=0.00, real=0.00 secs] 
221.018: Total time for which application threads were stopped: 0.0041890 seconds, Stopping threads took: 0.0022730 seconds
221.098: Application time: 0.0798380 seconds
221.101: [GC [PSYoungGen: 89520K->5856K(97280K)] 103937K->20281K(319488K), 0.0016940 secs] [Times: user=0.01 sys=0.00, real=0.00 secs] 
221.103: Total time for which application threads were stopped: 0.0046750 seconds, Stopping threads took: 0.0029030 seconds
221.181: Application time: 0.0784480 seconds
221.184: [GC [PSYoungGen: 89312K->7648K(97280K)] 103737K->22081K(319488K), 0.0023740 secs] [Times: user=0.00 sys=0.00, real=0.00 secs] 
221.186: Total time for which application threads were stopped: 0.0052660 seconds, Stopping threads took: 0.0027990 seconds
221.266: Application time: 0.0797160 seconds
221.269: [GC [PSYoungGen: 91104K->6288K(97280K)] 105537K->20729K(319488K), 0.0018230 secs] [Times: user=0.01 sys=0.00, real=0.00 secs] 
221.270: Total time for which application threads were stopped: 0.0043350 seconds, Stopping threads took: 0.0024130 seconds
221.349: Application time: 0.0782270 seconds
221.351: [GC [PSYoungGen: 89744K->7504K(97280K)] 104185K->21945K(319488K), 0.0021900 secs] [Times: user=0.01 sys=0.01, real=0.00 secs] 
221.354: Total time for which application threads were stopped: 0.0048930 seconds, Stopping threads took: 0.0026210 seconds
221.429: Application time: 0.0754990 seconds
221.432: [GC [PSYoungGen: 90960K->7056K(97280K)] 105401K->21505K(319488K), 0.0020020 secs] [Times: user=0.01 sys=0.00, real=0.00 secs] 
221.434: Total time for which application threads were stopped: 0.0047050 seconds, Stopping threads took: 0.0026270 seconds
221.509: Application time: 0.0749620 seconds
221.511: [GC [PSYoungGen: 90512K->6544K(97280K)] 104961K->20993K(319488K), 0.0019190 secs] [Times: user=0.01 sys=0.00, real=0.00 secs] 
221.513: Total time for which application threads were stopped: 0.0040080 seconds, Stopping threads took: 0.0020070 seconds
221.585: Application time: 0.0726990 seconds
221.588: [GC [PSYoungGen: 90000K->6896K(97280K)] 104449K->21361K(319488K), 0.0020660 secs] [Times: user=0.01 sys=0.00, real=0.00 secs] 
221.590: Total time for which application threads were stopped: 0.0047180 seconds, Stopping threads took: 0.0025730 seconds
221.665: Application time: 0.0746400 seconds
221.668: [GC [PSYoungGen: 90352K->6736K(97280K)] 104817K->21209K(319488K), 0.0019800 secs] [Times: user=0.01 sys=0.00, real=0.00 secs] 
221.670: Total time for which application threads were stopped: 0.0048200 seconds, Stopping threads took: 0.0027570 seconds
221.744: Application time: 0.0747450 seconds
221.747: [GC [PSYoungGen: 90192K->7424K(97280K)] 104665K->21905K(319488K), 0.0021370 secs] [Times: user=0.02 sys=0.00, real=0.01 secs] 
221.749: Total time for which application threads were stopped: 0.0043680 seconds, Stopping threads took: 0.0021420 seconds
221.822: Application time: 0.0732570 seconds
221.825: [GC [PSYoungGen: 90880K->7456K(97280K)] 105361K->21953K(319488K), 0.0022720 secs] [Times: user=0.00 sys=0.00, real=0.01 secs] 
221.827: Total time for which application threads were stopped: 0.0051380 seconds, Stopping threads took: 0.0027850 seconds
221.900: Application time: 0.0733360 seconds
221.902: [GC [PSYoungGen: 90912K->6560K(97280K)] 105409K->21065K(319488K), 0.0018790 secs] [Times: user=0.01 sys=0.00, real=0.00 secs] 
221.904: Total time for which application threads were stopped: 0.0035050 seconds, Stopping threads took: 0.0015480 seconds
221.981: Application time: 0.0768080 seconds
221.984: [GC [PSYoungGen: 90016K->7488K(97280K)] 104521K->21993K(319488K), 0.0022050 secs] [Times: user=0.02 sys=0.00, real=0.00 secs] 
221.986: Total time for which application threads were stopped: 0.0052280 seconds, Stopping threads took: 0.0029210 seconds
222.060: Application time: 0.0737020 seconds
222.063: [GC [PSYoungGen: 90944K->7216K(97280K)] 105449K->21729K(319488K), 0.0021440 secs] [Times: user=0.01 sys=0.00, real=0.00 secs] 
222.065: Total time for which application threads were stopped: 0.0050390 seconds, Stopping threads took: 0.0028120 seconds
222.138: Application time: 0.0736220 seconds
222.141: [GC [PSYoungGen: 90672K->7696K(97280K)] 105185K->22217K(319488K), 0.0022130 secs] [Times: user=0.01 sys=0.00, real=0.00 secs] 
222.143: Total time for which application threads were stopped: 0.0050490 seconds, Stopping threads took: 0.0027510 seconds
222.219: Application time: 0.0754770 seconds
222.222: [GC [PSYoungGen: 91152K->7392K(97280K)] 105673K->21921K(319488K), 0.0021910 secs] [Times: user=0.02 sys=0.00, real=0.00 secs] 
222.224: Total time for which application threads were stopped: 0.0050490 seconds, Stopping threads took: 0.0027750 seconds
222.301: Application time: 0.0770260 seconds
222.304: [GC [PSYoungGen: 90848K->6848K(97280K)] 105377K->21385K(319488K), 0.0019150 secs] [Times: user=0.01 sys=0.00, real=0.00 secs] 
222.306: Total time for which application threads were stopped: 0.0049550 seconds, Stopping threads took: 0.0029540 seconds
222.381: Application time: 0.0748930 seconds
222.382: [GC [PSYoungGen: 90304K->6576K(97280K)] 104841K->21121K(319488K), 0.0020050 secs] [Times: user=0.01 sys=0.00, real=0.00 secs] 
222.385: Total time for which application threads were stopped: 0.0036580 seconds, Stopping threads took: 0.0015720 seconds
222.463: Application time: 0.0780050 seconds
222.463: [GC [PSYoungGen: 90032K->7520K(97280K)] 104577K->22065K(319488K), 0.0021570 secs] [Times: user=0.01 sys=0.00, real=0.00 secs] 
222.466: Total time for which application threads were stopped: 0.0031410 seconds, Stopping threads took: 0.0008970 seconds
222.540: Application time: 0.0743110 seconds
222.542: [GC [PSYoungGen: 90976K->6880K(97280K)] 105521K->21433K(319488K), 0.0021000 secs] [Times: user=0.01 sys=0.00, real=0.00 secs] 
222.544: Total time for which application threads were stopped: 0.0044700 seconds, Stopping threads took: 0.0022850 seconds
222.619: Application time: 0.0742250 seconds
222.619: [GC [PSYoungGen: 90336K->5056K(97280K)] 104889K->19609K(319488K), 0.0015790 secs] [Times: user=0.01 sys=0.00, real=0.00 secs] 
222.621: Total time for which application threads were stopped: 0.0019970 seconds, Stopping threads took: 0.0003400 seconds
222.694: Application time: 0.0730640 seconds
222.700: [GC [PSYoungGen: 88512K->7296K(97280K)] 103065K->21857K(319488K), 0.0021960 secs] [Times: user=0.02 sys=0.00, real=0.00 secs] 
222.702: Total time for which application threads were stopped: 0.0081780 seconds, Stopping threads took: 0.0059060 seconds
222.775: Application time: 0.0726760 seconds
222.777: [GC [PSYoungGen: 90752K->7584K(97280K)] 105313K->22153K(319488K), 0.0021990 secs] [Times: user=0.01 sys=0.00, real=0.00 secs] 
222.779: Total time for which application threads were stopped: 0.0043260 seconds, Stopping threads took: 0.0020430 seconds
222.852: Application time: 0.0732920 seconds
222.855: [GC [PSYoungGen: 91040K->6896K(97280K)] 105609K->21473K(319488K), 0.0020590 secs] [Times: user=0.01 sys=0.00, real=0.01 secs] 
222.857: Total time for which application threads were stopped: 0.0044530 seconds, Stopping threads took: 0.0023070 seconds
222.930: Application time: 0.0728700 seconds
222.932: [GC [PSYoungGen: 90352K->7424K(97280K)] 104929K->22001K(319488K), 0.0021440 secs] [Times: user=0.02 sys=0.00, real=0.00 secs] 
222.934: Total time for which application threads were stopped: 0.0043630 seconds, Stopping threads took: 0.0021390 seconds
223.007: Application time: 0.0730730 seconds
223.009: [GC [PSYoungGen: 90880K->7568K(97280K)] 105457K->22153K(319488K), 0.0021540 secs] [Times: user=0.02 sys=0.00, real=0.00 secs] 
223.012: Total time for which application threads were stopped: 0.0046220 seconds, Stopping threads took: 0.0023860 seconds
223.089: Application time: 0.0770900 seconds
223.091: [GC [PSYoungGen: 91024K->7232K(97280K)] 105609K->21825K(319488K), 0.0021300 secs] [Times: user=0.02 sys=0.01, real=0.00 secs] 
223.093: Total time for which application threads were stopped: 0.0047000 seconds, Stopping threads took: 0.0024880 seconds
223.168: Application time: 0.0740940 seconds
223.170: [GC [PSYoungGen: 90688K->6592K(97280K)] 105281K->21193K(319488K), 0.0019600 secs] [Times: user=0.01 sys=0.00, real=0.00 secs] 
223.172: Total time for which application threads were stopped: 0.0041200 seconds, Stopping threads took: 0.0020800 seconds
223.245: Application time: 0.0733800 seconds
223.247: [GC [PSYoungGen: 90048K->7280K(97280K)] 104649K->21889K(319488K), 0.0021010 secs] [Times: user=0.02 sys=0.00, real=0.00 secs] 
223.249: Total time for which application threads were stopped: 0.0041910 seconds, Stopping threads took: 0.0020080 seconds
223.323: Application time: 0.0741550 seconds
223.326: [GC [PSYoungGen: 90736K->6544K(97280K)] 105345K->21161K(319488K), 0.0020140 secs] [Times: user=0.01 sys=0.00, real=0.01 secs] 
223.328: Total time for which application threads were stopped: 0.0043130 seconds, Stopping threads took: 0.0022200 seconds
223.401: Application time: 0.0730950 seconds
223.403: [GC [PSYoungGen: 90000K->7792K(97280K)] 104617K->22409K(319488K), 0.0022800 secs] [Times: user=0.01 sys=0.00, real=0.00 secs] 
223.405: Total time for which application threads were stopped: 0.0045200 seconds, Stopping threads took: 0.0021510 seconds
223.479: Application time: 0.0739000 seconds
223.481: [GC [PSYoungGen: 91248K->6272K(97280K)] 105865K->20889K(319488K), 0.0018520 secs] [Times: user=0.01 sys=0.00, real=0.00 secs] 
223.483: Total time for which application threads were stopped: 0.0034360 seconds, Stopping threads took: 0.0015080 seconds
223.558: Application time: 0.0758110 seconds
223.560: [GC [PSYoungGen: 89728K->6608K(97280K)] 104345K->21233K(319488K), 0.0019860 secs] [Times: user=0.01 sys=0.00, real=0.00 secs] 
223.562: Total time for which application threads were stopped: 0.0032430 seconds, Stopping threads took: 0.0011750 seconds
223.638: Application time: 0.0760910 seconds
223.639: [GC [PSYoungGen: 90064K->7088K(97280K)] 104689K->21721K(319488K), 0.0021580 secs] [Times: user=0.01 sys=0.00, real=0.00 secs] 
223.641: Total time for which application threads were stopped: 0.0036200 seconds, Stopping threads took: 0.0013790 seconds
223.714: Application time: 0.0727190 seconds
223.717: [GC [PSYoungGen: 90544K->7040K(97280K)] 105177K->21681K(319488K), 0.0020800 secs] [Times: user=0.02 sys=0.00, real=0.00 secs] 
223.719: Total time for which application threads were stopped: 0.0049950 seconds, Stopping threads took: 0.0028380 seconds
223.792: Application time: 0.0729900 seconds
223.795: [GC [PSYoungGen: 90496K->7856K(97280K)] 105137K->22505K(319488K), 0.0022180 secs] [Times: user=0.02 sys=0.00, real=0.01 secs] 
223.797: Total time for which application threads were stopped: 0.0048260 seconds, Stopping threads took: 0.0025290 seconds
223.871: Application time: 0.0742250 seconds
223.872: [GC [PSYoungGen: 91312K->6016K(97280K)] 105961K->20673K(319488K), 0.0018360 secs] [Times: user=0.02 sys=0.00, real=0.00 secs] 
223.874: Total time for which application threads were stopped: 0.0031440 seconds, Stopping threads took: 0.0012280 seconds
223.948: Application time: 0.0733980 seconds
223.950: [GC [PSYoungGen: 89472K->7344K(97280K)] 104129K->22001K(319488K), 0.0022090 secs] [Times: user=0.02 sys=0.00, real=0.00 secs] 
223.952: Total time for which application threads were stopped: 0.0040370 seconds, Stopping threads took: 0.0017430 seconds
224.026: Application time: 0.0747300 seconds
224.029: [GC [PSYoungGen: 90800K->6864K(97280K)] 105457K->21529K(319488K), 0.0019680 secs] [Times: user=0.01 sys=0.00, real=0.00 secs] 
224.031: Total time for which application threads were stopped: 0.0043700 seconds, Stopping threads took: 0.0023090 seconds
224.105: Application time: 0.0745040 seconds
224.108: [GC [PSYoungGen: 90320K->7280K(97280K)] 104985K->21953K(319488K), 0.0021390 secs] [Times: user=0.01 sys=0.00, real=0.00 secs] 
224.110: Total time for which application threads were stopped: 0.0049400 seconds, Stopping threads took: 0.0027180 seconds
224.183: Application time: 0.0722960 seconds
224.185: [GC [PSYoungGen: 90736K->6816K(97280K)] 105409K->21497K(319488K), 0.0020250 secs] [Times: user=0.02 sys=0.00, real=0.00 secs] 
224.187: Total time for which application threads were stopped: 0.0040980 seconds, Stopping threads took: 0.0019820 seconds
224.262: Application time: 0.0755410 seconds
224.264: [GC [PSYoungGen: 90272K->7072K(97280K)] 104953K->21761K(319488K), 0.0020930 secs] [Times: user=0.01 sys=0.00, real=0.00 secs] 
224.266: Total time for which application threads were stopped: 0.0037180 seconds, Stopping threads took: 0.0015450 seconds
224.338: Application time: 0.0723400 seconds
224.341: [GC [PSYoungGen: 90528K->6496K(97280K)] 105217K->21193K(319488K), 0.0018350 secs] [Times: user=0.01 sys=0.00, real=0.00 secs] 
224.343: Total time for which application threads were stopped: 0.0042180 seconds, Stopping threads took: 0.0023050 seconds
224.416: Application time: 0.0737540 seconds
224.419: [GC [PSYoungGen: 89952K->6000K(97280K)] 104649K->20697K(319488K), 0.0017090 secs] [Times: user=0.01 sys=0.00, real=0.00 secs] 
224.421: Total time for which application threads were stopped: 0.0042680 seconds, Stopping threads took: 0.0024800 seconds
224.496: Application time: 0.0758920 seconds
224.499: [GC [PSYoungGen: 89456K->7440K(97280K)] 104153K->22145K(319488K), 0.0021440 secs] [Times: user=0.01 sys=0.00, real=0.00 secs] 
224.501: Total time for which application threads were stopped: 0.0042630 seconds, Stopping threads took: 0.0020330 seconds
224.576: Application time: 0.0750780 seconds
224.578: [GC [PSYoungGen: 90896K->8016K(97280K)] 105601K->22729K(319488K), 0.0024710 secs] [Times: user=0.02 sys=0.00, real=0.00 secs] 
224.581: Total time for which application threads were stopped: 0.0050820 seconds, Stopping threads took: 0.0025260 seconds
224.655: Application time: 0.0740770 seconds
224.657: [GC [PSYoungGen: 91472K->5536K(97280K)] 106185K->20257K(319488K), 0.0016430 secs] [Times: user=0.01 sys=0.00, real=0.00 secs] 
224.659: Total time for which application threads were stopped: 0.0040740 seconds, Stopping threads took: 0.0023540 seconds
224.734: Application time: 0.0748510 seconds
224.737: [GC [PSYoungGen: 88992K->6496K(97280K)] 103713K->21233K(319488K), 0.0017990 secs] [Times: user=0.01 sys=0.00, real=0.00 secs] 
224.739: Total time for which application threads were stopped: 0.0047730 seconds, Stopping threads took: 0.0028970 seconds
224.815: Application time: 0.0764890 seconds
224.818: [GC [PSYoungGen: 89952K->6112K(97280K)] 104689K->20857K(319488K), 0.0017680 secs] [Times: user=0.01 sys=0.00, real=0.00 secs] 
224.820: Total time for which application threads were stopped: 0.0045760 seconds, Stopping threads took: 0.0027310 seconds
224.893: Application time: 0.0730150 seconds
224.894: [GC [PSYoungGen: 89568K->6384K(97280K)] 104313K->21129K(319488K), 0.0018410 secs] [Times: user=0.01 sys=0.00, real=0.01 secs] 
224.896: Total time for which application threads were stopped: 0.0031790 seconds, Stopping threads took: 0.0012590 seconds
224.970: Application time: 0.0736450 seconds
224.973: [GC [PSYoungGen: 89840K->6416K(97280K)] 104585K->21169K(319488K), 0.0019970 secs] [Times: user=0.01 sys=0.00, real=0.00 secs] 
224.975: Total time for which application threads were stopped: 0.0050990 seconds, Stopping threads took: 0.0030040 seconds
225.048: Application time: 0.0730340 seconds
225.049: [GC [PSYoungGen: 89872K->6656K(97280K)] 104625K->21417K(319488K), 0.0020260 secs] [Times: user=0.01 sys=0.00, real=0.00 secs] 
225.051: Total time for which application threads were stopped: 0.0032220 seconds, Stopping threads took: 0.0011030 seconds
225.128: Application time: 0.0770250 seconds
225.130: [GC [PSYoungGen: 90112K->6640K(97280K)] 104873K->21401K(319488K), 0.0019550 secs] [Times: user=0.01 sys=0.00, real=0.00 secs] 
225.132: Total time for which application threads were stopped: 0.0036710 seconds, Stopping threads took: 0.0016350 seconds
225.205: Application time: 0.0731940 seconds
225.207: [GC [PSYoungGen: 90096K->7680K(97280K)] 104857K->22449K(319488K), 0.0023200 secs] [Times: user=0.01 sys=0.00, real=0.00 secs] 
225.209: Total time for which application threads were stopped: 0.0045340 seconds, Stopping threads took: 0.0021330 seconds
225.285: Application time: 0.0753210 seconds
225.287: [GC [PSYoungGen: 91136K->7872K(97280K)] 105905K->22641K(319488K), 0.0023480 secs] [Times: user=0.01 sys=0.00, real=0.00 secs] 
225.290: Total time for which application threads were stopped: 0.0049700 seconds, Stopping threads took: 0.0025370 seconds
225.367: Application time: 0.0771810 seconds
225.369: [GC [PSYoungGen: 91328K->6512K(97280K)] 106097K->21289K(319488K), 0.0019410 secs] [Times: user=0.02 sys=0.00, real=0.00 secs] 
225.371: Total time for which application threads were stopped: 0.0040280 seconds, Stopping threads took: 0.0020020 seconds
225.451: Application time: 0.0801620 seconds
225.453: [GC [PSYoungGen: 89968K->6992K(97280K)] 104745K->21777K(319488K), 0.0021240 secs] [Times: user=0.01 sys=0.00, real=0.01 secs] 
225.455: Total time for which application threads were stopped: 0.0043370 seconds, Stopping threads took: 0.0021280 seconds
225.535: Application time: 0.0791540 seconds
225.537: [GC [PSYoungGen: 90448K->7536K(97280K)] 105233K->22329K(319488K), 0.0022390 secs] [Times: user=0.02 sys=0.00, real=0.00 secs] 
225.539: Total time for which application threads were stopped: 0.0049130 seconds, Stopping threads took: 0.0025940 seconds
225.617: Application time: 0.0771690 seconds
225.620: [GC [PSYoungGen: 90992K->8208K(97280K)] 105785K->23009K(319488K), 0.0024170 secs] [Times: user=0.01 sys=0.00, real=0.00 secs] 
225.622: Total time for which application threads were stopped: 0.0057160 seconds, Stopping threads took: 0.0032040 seconds
225.702: Application time: 0.0801240 seconds
225.704: [GC [PSYoungGen: 91664K->6704K(97280K)] 106465K->21513K(319488K), 0.0020170 secs] [Times: user=0.01 sys=0.00, real=0.00 secs] 
225.706: Total time for which application threads were stopped: 0.0039780 seconds, Stopping threads took: 0.0018790 seconds
225.785: Application time: 0.0780730 seconds
225.786: [GC [PSYoungGen: 90160K->7088K(97280K)] 104969K->21897K(319488K), 0.0021250 secs] [Times: user=0.01 sys=0.00, real=0.01 secs] 
225.788: Total time for which application threads were stopped: 0.0039040 seconds, Stopping threads took: 0.0016990 seconds
225.868: Application time: 0.0796100 seconds
225.870: [GC [PSYoungGen: 90544K->6704K(97280K)] 105353K->21521K(319488K), 0.0020080 secs] [Times: user=0.01 sys=0.00, real=0.00 secs] 
225.872: Total time for which application threads were stopped: 0.0042200 seconds, Stopping threads took: 0.0021300 seconds
225.952: Application time: 0.0793790 seconds
225.953: [GC [PSYoungGen: 90160K->7056K(97280K)] 104977K->21881K(319488K), 0.0021270 secs] [Times: user=0.02 sys=0.00, real=0.01 secs] 
225.956: Total time for which application threads were stopped: 0.0039240 seconds, Stopping threads took: 0.0017140 seconds
226.031: Application time: 0.0758460 seconds
226.034: [GC [PSYoungGen: 90512K->7328K(97280K)] 105337K->22161K(319488K), 0.0022020 secs] [Times: user=0.02 sys=0.00, real=0.01 secs] 
226.036: Total time for which application threads were stopped: 0.0043510 seconds, Stopping threads took: 0.0020640 seconds
226.115: Application time: 0.0797180 seconds
226.119: [GC [PSYoungGen: 90784K->7840K(97280K)] 105617K->22681K(319488K), 0.0022100 secs] [Times: user=0.02 sys=0.00, real=0.00 secs] 
226.121: Total time for which application threads were stopped: 0.0054030 seconds, Stopping threads took: 0.0031100 seconds
226.199: Application time: 0.0784140 seconds
226.202: [GC [PSYoungGen: 91296K->6464K(97280K)] 106137K->21313K(319488K), 0.0018900 secs] [Times: user=0.01 sys=0.00, real=0.00 secs] 
226.203: Total time for which application threads were stopped: 0.0041700 seconds, Stopping threads took: 0.0021940 seconds
226.282: Application time: 0.0784390 seconds
226.285: [GC [PSYoungGen: 89920K->5984K(97280K)] 104769K->20833K(319488K), 0.0018040 secs] [Times: user=0.01 sys=0.00, real=0.00 secs] 
226.287: Total time for which application threads were stopped: 0.0046210 seconds, Stopping threads took: 0.0027360 seconds
226.363: Application time: 0.0769100 seconds
226.365: [GC [PSYoungGen: 89440K->7280K(97280K)] 104289K->22137K(319488K), 0.0021710 secs] [Times: user=0.02 sys=0.00, real=0.01 secs] 
226.368: Total time for which application threads were stopped: 0.0041830 seconds, Stopping threads took: 0.0019280 seconds
226.449: Application time: 0.0812520 seconds
226.452: [GC [PSYoungGen: 90736K->6720K(97280K)] 105593K->21577K(319488K), 0.0019220 secs] [Times: user=0.01 sys=0.00, real=0.00 secs] 
226.454: Total time for which application threads were stopped: 0.0049080 seconds, Stopping threads took: 0.0029050 seconds
226.533: Application time: 0.0791680 seconds
226.536: [GC [PSYoungGen: 90176K->7296K(97280K)] 105033K->22161K(319488K), 0.0021200 secs] [Times: user=0.02 sys=0.00, real=0.00 secs] 
226.538: Total time for which application threads were stopped: 0.0049200 seconds, Stopping threads took: 0.0027180 seconds
226.617: Application time: 0.0789870 seconds
226.619: [GC [PSYoungGen: 90752K->7088K(97280K)] 105617K->21961K(319488K), 0.0021220 secs] [Times: user=0.01 sys=0.00, real=0.00 secs] 
226.621: Total time for which application threads were stopped: 0.0045410 seconds, Stopping threads took: 0.0023380 seconds
226.701: Application time: 0.0793500 seconds
226.703: [GC [PSYoungGen: 90544K->6432K(97280K)] 105417K->21313K(319488K), 0.0019040 secs] [Times: user=0.02 sys=0.00, real=0.00 secs] 
226.705: Total time for which application threads were stopped: 0.0045290 seconds, Stopping threads took: 0.0025340 seconds
226.785: Application time: 0.0796730 seconds
226.788: [GC [PSYoungGen: 89888K->6864K(97280K)] 104769K->21753K(319488K), 0.0023060 secs] [Times: user=0.01 sys=0.00, real=0.00 secs] 
226.790: Total time for which application threads were stopped: 0.0049120 seconds, Stopping threads took: 0.0025220 seconds
226.869: Application time: 0.0790460 seconds
226.871: [GC [PSYoungGen: 90320K->7248K(97280K)] 105209K->22145K(319488K), 0.0021810 secs] [Times: user=0.02 sys=0.00, real=0.00 secs] 
226.873: Total time for which application threads were stopped: 0.0043610 seconds, Stopping threads took: 0.0020970 seconds
226.953: Application time: 0.0792250 seconds
226.954: [GC [PSYoungGen: 90704K->6208K(97280K)] 105601K->21105K(319488K), 0.0017800 secs] [Times: user=0.01 sys=0.00, real=0.01 secs] 
226.956: Total time for which application threads were stopped: 0.0035820 seconds, Stopping threads took: 0.0017240 seconds
227.034: Application time: 0.0775950 seconds
227.036: [GC [PSYoungGen: 89664K->7184K(97280K)] 104561K->22089K(319488K), 0.0021350 secs] [Times: user=0.02 sys=0.00, real=0.00 secs] 
227.038: Total time for which application threads were stopped: 0.0040980 seconds, Stopping threads took: 0.0018770 seconds
227.116: Application time: 0.0782790 seconds
227.118: [GC [PSYoungGen: 90640K->6624K(97280K)] 105545K->21537K(319488K), 0.0019940 secs] [Times: user=0.01 sys=0.00, real=0.00 secs] 
227.120: Total time for which application threads were stopped: 0.0040050 seconds, Stopping threads took: 0.0019280 seconds
227.200: Application time: 0.0797120 seconds
227.203: [GC [PSYoungGen: 90080K->6896K(97280K)] 104993K->21817K(319488K), 0.0020930 secs] [Times: user=0.01 sys=0.00, real=0.00 secs] 
227.205: Total time for which application threads were stopped: 0.0048370 seconds, Stopping threads took: 0.0026650 seconds
227.286: Application time: 0.0809120 seconds
227.288: [GC [PSYoungGen: 90350K->7840K(97280K)] 105271K->22769K(319488K), 0.0022510 secs] [Times: user=0.01 sys=0.00, real=0.00 secs] 
227.290: Total time for which application threads were stopped: 0.0044880 seconds, Stopping threads took: 0.0021460 seconds
227.368: Application time: 0.0777820 seconds
227.370: [GC [PSYoungGen: 91296K->6624K(97280K)] 106225K->21561K(319488K), 0.0019770 secs] [Times: user=0.01 sys=0.00, real=0.00 secs] 
227.372: Total time for which application threads were stopped: 0.0042290 seconds, Stopping threads took: 0.0021740 seconds
227.449: Application time: 0.0767190 seconds
227.452: [GC [PSYoungGen: 90080K->7168K(97280K)] 105017K->22105K(319488K), 0.0021060 secs] [Times: user=0.02 sys=0.00, real=0.00 secs] 
227.454: Total time for which application threads were stopped: 0.0050850 seconds, Stopping threads took: 0.0028880 seconds
227.531: Application time: 0.0774200 seconds
227.534: [GC [PSYoungGen: 90624K->7184K(97280K)] 105561K->22129K(319488K), 0.0021660 secs] [Times: user=0.01 sys=0.00, real=0.01 secs] 
227.536: Total time for which application threads were stopped: 0.0044840 seconds, Stopping threads took: 0.0022290 seconds
227.613: Application time: 0.0772500 seconds
227.616: [GC [PSYoungGen: 90640K->7600K(97280K)] 105585K->22553K(319488K), 0.0022170 secs] [Times: user=0.01 sys=0.00, real=0.00 secs] 
227.618: Total time for which application threads were stopped: 0.0052780 seconds, Stopping threads took: 0.0029780 seconds
227.697: Application time: 0.0785920 seconds
227.700: [GC [PSYoungGen: 91056K->8016K(97280K)] 106009K->22969K(319488K), 0.0022550 secs] [Times: user=0.02 sys=0.00, real=0.00 secs] 
227.702: Total time for which application threads were stopped: 0.0054080 seconds, Stopping threads took: 0.0030670 seconds
227.783: Application time: 0.0803600 seconds
227.785: [GC [PSYoungGen: 91472K->5472K(97280K)] 106425K->20433K(319488K), 0.0015970 secs] [Times: user=0.01 sys=0.00, real=0.00 secs] 
227.787: Total time for which application threads were stopped: 0.0038430 seconds, Stopping threads took: 0.0021630 seconds
227.866: Application time: 0.0792500 seconds
227.868: [GC [PSYoungGen: 88928K->6784K(97280K)] 103889K->21753K(319488K), 0.0020860 secs] [Times: user=0.01 sys=0.00, real=0.00 secs] 
227.870: Total time for which application threads were stopped: 0.0038510 seconds, Stopping threads took: 0.0016710 seconds
227.948: Application time: 0.0783280 seconds
227.950: [GC [PSYoungGen: 90240K->6528K(97280K)] 105209K->21497K(319488K), 0.0019490 secs] [Times: user=0.02 sys=0.00, real=0.00 secs] 
227.952: Total time for which application threads were stopped: 0.0043080 seconds, Stopping threads took: 0.0022760 seconds
228.032: Application time: 0.0796550 seconds
228.035: [GC [PSYoungGen: 89984K->7280K(97280K)] 104953K->22257K(319488K), 0.0020610 secs] [Times: user=0.02 sys=0.00, real=0.00 secs] 
228.037: Total time for which application threads were stopped: 0.0051290 seconds, Stopping threads took: 0.0029840 seconds
228.115: Application time: 0.0784130 seconds
228.119: [GC [PSYoungGen: 90736K->7056K(97280K)] 105713K->22041K(319488K), 0.0021340 secs] [Times: user=0.01 sys=0.00, real=0.00 secs] 
228.121: Total time for which application threads were stopped: 0.0053030 seconds, Stopping threads took: 0.0030830 seconds
228.198: Application time: 0.0767550 seconds
228.200: [GC [PSYoungGen: 90512K->7088K(97280K)] 105497K->22081K(319488K), 0.0020530 secs] [Times: user=0.01 sys=0.00, real=0.00 secs] 
228.202: Total time for which application threads were stopped: 0.0047550 seconds, Stopping threads took: 0.0026260 seconds
228.282: Application time: 0.0797750 seconds
228.284: [GC [PSYoungGen: 90544K->8224K(97280K)] 105537K->23225K(319488K), 0.0024170 secs] [Times: user=0.01 sys=0.00, real=0.00 secs] 
228.287: Total time for which application threads were stopped: 0.0046600 seconds, Stopping threads took: 0.0021580 seconds
228.365: Application time: 0.0781580 seconds
228.367: [GC [PSYoungGen: 91680K->6656K(97280K)] 106681K->21665K(319488K), 0.0020330 secs] [Times: user=0.02 sys=0.00, real=0.00 secs] 
228.369: Total time for which application threads were stopped: 0.0044660 seconds, Stopping threads took: 0.0023480 seconds
228.448: Application time: 0.0786620 seconds
228.451: [GC [PSYoungGen: 90112K->5936K(97280K)] 105121K->20945K(319488K), 0.0018190 secs] [Times: user=0.02 sys=0.00, real=0.00 secs] 
228.453: Total time for which application threads were stopped: 0.0045440 seconds, Stopping threads took: 0.0026330 seconds
228.533: Application time: 0.0800290 seconds
228.534: [GC [PSYoungGen: 89392K->6992K(97280K)] 104401K->22001K(319488K), 0.0020670 secs] [Times: user=0.02 sys=0.00, real=0.01 secs] 
228.536: Total time for which application threads were stopped: 0.0037680 seconds, Stopping threads took: 0.0016200 seconds
228.617: Application time: 0.0805160 seconds
228.619: [GC [PSYoungGen: 90448K->6576K(97280K)] 105457K->21593K(319488K), 0.0019570 secs] [Times: user=0.01 sys=0.00, real=0.00 secs] 
228.621: Total time for which application threads were stopped: 0.0041450 seconds, Stopping threads took: 0.0021090 seconds
228.698: Application time: 0.0769700 seconds
228.700: [GC [PSYoungGen: 90032K->7888K(97280K)] 105049K->22913K(319488K), 0.0022520 secs] [Times: user=0.01 sys=0.00, real=0.00 secs] 
228.703: Total time for which application threads were stopped: 0.0045500 seconds, Stopping threads took: 0.0022170 seconds
228.784: Application time: 0.0816440 seconds
228.786: [GC [PSYoungGen: 91344K->7088K(97280K)] 106369K->22121K(319488K), 0.0020840 secs] [Times: user=0.02 sys=0.00, real=0.01 secs] 
228.788: Total time for which application threads were stopped: 0.0039670 seconds, Stopping threads took: 0.0018020 seconds
228.870: Application time: 0.0813770 seconds
228.872: [GC [PSYoungGen: 90544K->5376K(97280K)] 105577K->20409K(319488K), 0.0015160 secs] [Times: user=0.01 sys=0.00, real=0.00 secs] 
228.874: Total time for which application threads were stopped: 0.0043650 seconds, Stopping threads took: 0.0027730 seconds
228.954: Application time: 0.0803640 seconds
228.956: [GC [PSYoungGen: 88832K->5200K(97280K)] 103865K->20241K(319488K), 0.0016400 secs] [Times: user=0.01 sys=0.00, real=0.00 secs] 
228.958: Total time for which application threads were stopped: 0.0033530 seconds, Stopping threads took: 0.0016250 seconds
229.038: Application time: 0.0806200 seconds
229.041: [GC [PSYoungGen: 88656K->7232K(97280K)] 103697K->22273K(319488K), 0.0020610 secs] [Times: user=0.01 sys=0.00, real=0.00 secs] 
229.043: Total time for which application threads were stopped: 0.0048480 seconds, Stopping threads took: 0.0027040 seconds
229.122: Application time: 0.0785680 seconds
229.125: [GC [PSYoungGen: 90688K->6944K(97280K)] 105729K->21993K(319488K), 0.0020480 secs] [Times: user=0.01 sys=0.00, real=0.00 secs] 
229.127: Total time for which application threads were stopped: 0.0049490 seconds, Stopping threads took: 0.0028160 seconds
229.208: Application time: 0.0813580 seconds
229.210: [GC [PSYoungGen: 90400K->6128K(97280K)] 105449K->21185K(319488K), 0.0017990 secs] [Times: user=0.01 sys=0.00, real=0.00 secs] 
229.212: Total time for which application threads were stopped: 0.0038020 seconds, Stopping threads took: 0.0019260 seconds
229.291: Application time: 0.0790790 seconds
229.294: [GC [PSYoungGen: 89584K->7648K(97280K)] 104641K->22713K(319488K), 0.0021720 secs] [Times: user=0.02 sys=0.00, real=0.01 secs] 
229.296: Total time for which application threads were stopped: 0.0049380 seconds, Stopping threads took: 0.0026820 seconds
229.369: Application time: 0.0732750 seconds
229.371: [GC [PSYoungGen: 91104K->7392K(97280K)] 106169K->22457K(319488K), 0.0021310 secs] [Times: user=0.01 sys=0.00, real=0.00 secs] 
229.373: Total time for which application threads were stopped: 0.0038460 seconds, Stopping threads took: 0.0016350 seconds
229.447: Application time: 0.0744570 seconds
229.450: [GC [PSYoungGen: 90848K->6800K(97280K)] 105913K->21873K(319488K), 0.0020880 secs] [Times: user=0.02 sys=0.00, real=0.00 secs] 
229.452: Total time for which application threads were stopped: 0.0044650 seconds, Stopping threads took: 0.0022940 seconds
229.524: Application time: 0.0723950 seconds
229.527: [GC [PSYoungGen: 90256K->6560K(97280K)] 105329K->21633K(319488K), 0.0018780 secs] [Times: user=0.02 sys=0.00, real=0.01 secs] 
229.529: Total time for which application threads were stopped: 0.0043940 seconds, Stopping threads took: 0.0024320 seconds
229.605: Application time: 0.0762290 seconds
229.607: [GC [PSYoungGen: 90016K->6080K(97280K)] 105089K->21177K(319488K), 0.0018180 secs] [Times: user=0.01 sys=0.00, real=0.01 secs] 
229.609: Total time for which application threads were stopped: 0.0036390 seconds, Stopping threads took: 0.0017430 seconds
229.683: Application time: 0.0742380 seconds
229.685: [GC [PSYoungGen: 89536K->6336K(97280K)] 104633K->21441K(319488K), 0.0018690 secs] [Times: user=0.01 sys=0.00, real=0.01 secs] 
229.687: Total time for which application threads were stopped: 0.0044520 seconds, Stopping threads took: 0.0024910 seconds
229.763: Application time: 0.0758220 seconds
229.766: [GC [PSYoungGen: 89792K->6048K(97280K)] 104897K->21153K(319488K), 0.0019090 secs] [Times: user=0.01 sys=0.00, real=0.01 secs] 
229.768: Total time for which application threads were stopped: 0.0047740 seconds, Stopping threads took: 0.0027880 seconds
229.841: Application time: 0.0734980 seconds
229.843: [GC [PSYoungGen: 89504K->7312K(97280K)] 104609K->22425K(319488K), 0.0021380 secs] [Times: user=0.02 sys=0.00, real=0.00 secs] 
229.846: Total time for which application threads were stopped: 0.0042970 seconds, Stopping threads took: 0.0020800 seconds
229.923: Application time: 0.0772600 seconds
229.925: [GC [PSYoungGen: 90768K->7056K(97280K)] 105881K->22177K(319488K), 0.0020450 secs] [Times: user=0.02 sys=0.00, real=0.01 secs] 
229.927: Total time for which application threads were stopped: 0.0040820 seconds, Stopping threads took: 0.0019520 seconds
230.001: Application time: 0.0744530 seconds
230.004: [GC [PSYoungGen: 90512K->7584K(97280K)] 105633K->22705K(319488K), 0.0021520 secs] [Times: user=0.02 sys=0.00, real=0.00 secs] 
230.007: Total time for which application threads were stopped: 0.0052070 seconds, Stopping threads took: 0.0029740 seconds
230.080: Application time: 0.0733500 seconds
230.082: [GC [PSYoungGen: 91040K->7152K(97280K)] 106161K->22281K(319488K), 0.0021450 secs] [Times: user=0.01 sys=0.00, real=0.00 secs] 
230.084: Total time for which application threads were stopped: 0.0042440 seconds, Stopping threads took: 0.0020090 seconds
230.159: Application time: 0.0750340 seconds
230.162: [GC [PSYoungGen: 90608K->7008K(97280K)] 105737K->22153K(319488K), 0.0020640 secs] [Times: user=0.01 sys=0.00, real=0.00 secs] 
230.164: Total time for which application threads were stopped: 0.0045480 seconds, Stopping threads took: 0.0024030 seconds
230.240: Application time: 0.0759420 seconds
230.241: [GC [PSYoungGen: 90464K->4688K(97280K)] 105609K->19833K(319488K), 0.0014500 secs] [Times: user=0.01 sys=0.00, real=0.00 secs] 
230.242: Total time for which application threads were stopped: 0.0022420 seconds, Stopping threads took: 0.0007190 seconds
230.318: Application time: 0.0759970 seconds
230.321: [GC [PSYoungGen: 88144K->7504K(97280K)] 103289K->22657K(319488K), 0.0021420 secs] [Times: user=0.02 sys=0.00, real=0.00 secs] 
230.323: Total time for which application threads were stopped: 0.0048890 seconds, Stopping threads took: 0.0026500 seconds
230.397: Application time: 0.0740550 seconds
230.399: [GC [PSYoungGen: 90960K->7120K(97280K)] 106113K->22281K(319488K), 0.0021250 secs] [Times: user=0.02 sys=0.00, real=0.00 secs] 
230.402: Total time for which application threads were stopped: 0.0046890 seconds, Stopping threads took: 0.0024600 seconds
230.476: Application time: 0.0743350 seconds
230.479: [GC [PSYoungGen: 90576K->7648K(97280K)] 105737K->22809K(319488K), 0.0021720 secs] [Times: user=0.02 sys=0.00, real=0.00 secs] 
230.481: Total time for which application threads were stopped: 0.0048510 seconds, Stopping threads took: 0.0025990 seconds
230.556: Application time: 0.0746830 seconds
230.557: [GC [PSYoungGen: 91104K->6992K(97280K)] 106265K->22161K(319488K), 0.0021460 secs] [Times: user=0.02 sys=0.00, real=0.00 secs] 
230.560: Total time for which application threads were stopped: 0.0040330 seconds, Stopping threads took: 0.0018070 seconds
230.632: Application time: 0.0724320 seconds
230.635: [GC [PSYoungGen: 90448K->7152K(97280K)] 105617K->22329K(319488K), 0.0020800 secs] [Times: user=0.01 sys=0.00, real=0.01 secs] 
230.637: Total time for which application threads were stopped: 0.0048330 seconds, Stopping threads took: 0.0026620 seconds
230.711: Application time: 0.0743510 seconds
230.713: [GC [PSYoungGen: 90608K->6000K(97280K)] 105785K->21185K(319488K), 0.0017290 secs] [Times: user=0.01 sys=0.00, real=0.00 secs] 
230.715: Total time for which application threads were stopped: 0.0036260 seconds, Stopping threads took: 0.0018190 seconds
230.789: Application time: 0.0745750 seconds
230.792: [GC [PSYoungGen: 89456K->6368K(97280K)] 104641K->21561K(319488K), 0.0018400 secs] [Times: user=0.01 sys=0.00, real=0.00 secs] 
230.793: Total time for which application threads were stopped: 0.0040920 seconds, Stopping threads took: 0.0021730 seconds
230.869: Application time: 0.0751250 seconds
230.870: [GC [PSYoungGen: 89824K->6288K(97280K)] 105017K->21489K(319488K), 0.0018090 secs] [Times: user=0.02 sys=0.00, real=0.00 secs] 
230.872: Total time for which application threads were stopped: 0.0033060 seconds, Stopping threads took: 0.0014180 seconds
230.946: Application time: 0.0743070 seconds
230.949: [GC [PSYoungGen: 89744K->8064K(97280K)] 104945K->23265K(319488K), 0.0022870 secs] [Times: user=0.02 sys=0.00, real=0.00 secs] 
230.951: Total time for which application threads were stopped: 0.0046250 seconds, Stopping threads took: 0.0022560 seconds
231.026: Application time: 0.0754710 seconds
231.029: [GC [PSYoungGen: 91520K->6592K(97280K)] 106721K->21801K(319488K), 0.0019280 secs] [Times: user=0.01 sys=0.00, real=0.00 secs] 
231.031: Total time for which application threads were stopped: 0.0044080 seconds, Stopping threads took: 0.0024000 seconds
231.105: Application time: 0.0745550 seconds
231.108: [GC [PSYoungGen: 90048K->8032K(97280K)] 105257K->23249K(319488K), 0.0022770 secs] [Times: user=0.02 sys=0.00, real=0.00 secs] 
231.110: Total time for which application threads were stopped: 0.0051620 seconds, Stopping threads took: 0.0028080 seconds
231.189: Application time: 0.0788120 seconds
231.192: [GC [PSYoungGen: 91488K->7616K(97280K)] 106705K->22841K(319488K), 0.0024230 secs] [Times: user=0.02 sys=0.00, real=0.00 secs] 
231.194: Total time for which application threads were stopped: 0.0048740 seconds, Stopping threads took: 0.0023630 seconds
231.269: Application time: 0.0744100 seconds
231.271: [GC [PSYoungGen: 91072K->8224K(97280K)] 106297K->23457K(319488K), 0.0025510 secs] [Times: user=0.02 sys=0.00, real=0.00 secs] 
231.274: Total time for which application threads were stopped: 0.0050920 seconds, Stopping threads took: 0.0024400 seconds
231.351: Application time: 0.0775880 seconds
231.353: [GC [PSYoungGen: 91680K->6208K(97280K)] 106913K->21449K(319488K), 0.0018930 secs] [Times: user=0.01 sys=0.00, real=0.01 secs] 
231.355: Total time for which application threads were stopped: 0.0041700 seconds, Stopping threads took: 0.0021990 seconds
231.431: Application time: 0.0759630 seconds
231.434: [GC [PSYoungGen: 89664K->7056K(97280K)] 104905K->22297K(319488K), 0.0020260 secs] [Times: user=0.01 sys=0.00, real=0.01 secs] 
231.436: Total time for which application threads were stopped: 0.0046980 seconds, Stopping threads took: 0.0025920 seconds
231.510: Application time: 0.0737200 seconds
231.512: [GC [PSYoungGen: 90512K->6560K(97280K)] 105753K->21801K(319488K), 0.0019460 secs] [Times: user=0.02 sys=0.00, real=0.00 secs] 
231.514: Total time for which application threads were stopped: 0.0045500 seconds, Stopping threads took: 0.0025250 seconds
231.586: Application time: 0.0718130 seconds
231.588: [GC [PSYoungGen: 90016K->7280K(97280K)] 105257K->22529K(319488K), 0.0020840 secs] [Times: user=0.01 sys=0.00, real=0.00 secs] 
231.590: Total time for which application threads were stopped: 0.0035070 seconds, Stopping threads took: 0.0013400 seconds
231.664: Application time: 0.0738840 seconds
231.666: [GC [PSYoungGen: 90736K->7776K(97280K)] 105985K->23033K(319488K), 0.0022220 secs] [Times: user=0.02 sys=0.00, real=0.01 secs] 
231.668: Total time for which application threads were stopped: 0.0048570 seconds, Stopping threads took: 0.0025520 seconds
231.743: Application time: 0.0742730 seconds
231.744: [GC [PSYoungGen: 91232K->6160K(97280K)] 106489K->21417K(319488K), 0.0018630 secs] [Times: user=0.02 sys=0.00, real=0.00 secs] 
231.746: Total time for which application threads were stopped: 0.0035560 seconds, Stopping threads took: 0.0016050 seconds
231.823: Application time: 0.0765200 seconds
231.825: [GC [PSYoungGen: 89616K->6832K(97280K)] 104873K->22097K(319488K), 0.0019430 secs] [Times: user=0.01 sys=0.00, real=0.01 secs] 
231.827: Total time for which application threads were stopped: 0.0045190 seconds, Stopping threads took: 0.0024890 seconds
231.904: Application time: 0.0767130 seconds
231.906: [GC [PSYoungGen: 90288K->7280K(97280K)] 105553K->22545K(319488K), 0.0021080 secs] [Times: user=0.01 sys=0.00, real=0.01 secs] 
231.909: Total time for which application threads were stopped: 0.0045570 seconds, Stopping threads took: 0.0023660 seconds
231.984: Application time: 0.0755690 seconds
231.987: [GC [PSYoungGen: 90736K->6944K(97280K)] 106001K->22209K(319488K), 0.0020280 secs] [Times: user=0.01 sys=0.01, real=0.01 secs] 
231.989: Total time for which application threads were stopped: 0.0046640 seconds, Stopping threads took: 0.0025570 seconds
232.066: Application time: 0.0767490 seconds
232.069: [GC [PSYoungGen: 90400K->7120K(97280K)] 105665K->22393K(319488K), 0.0020910 secs] [Times: user=0.01 sys=0.00, real=0.00 secs] 
232.071: Total time for which application threads were stopped: 0.0051110 seconds, Stopping threads took: 0.0029410 seconds
232.145: Application time: 0.0741500 seconds
232.147: [GC [PSYoungGen: 90576K->7152K(97280K)] 105849K->22433K(319488K), 0.0021160 secs] [Times: user=0.01 sys=0.00, real=0.00 secs] 
232.149: Total time for which application threads were stopped: 0.0043090 seconds, Stopping threads took: 0.0021150 seconds
232.225: Application time: 0.0757330 seconds
232.227: [GC [PSYoungGen: 90608K->6496K(97280K)] 105889K->21777K(319488K), 0.0020140 secs] [Times: user=0.01 sys=0.00, real=0.00 secs] 
232.229: Total time for which application threads were stopped: 0.0042060 seconds, Stopping threads took: 0.0021090 seconds
232.307: Application time: 0.0783140 seconds
232.310: [GC [PSYoungGen: 89952K->6208K(97280K)] 105233K->21497K(319488K), 0.0018270 secs] [Times: user=0.01 sys=0.00, real=0.00 secs] 
232.312: Total time for which application threads were stopped: 0.0048630 seconds, Stopping threads took: 0.0029480 seconds
232.386: Application time: 0.0739130 seconds
232.388: [GC [PSYoungGen: 89664K->5408K(97280K)] 104953K->20705K(319488K), 0.0016780 secs] [Times: user=0.01 sys=0.00, real=0.00 secs] 
232.389: Total time for which application threads were stopped: 0.0033100 seconds, Stopping threads took: 0.0015610 seconds
232.464: Application time: 0.0748250 seconds
232.466: [GC [PSYoungGen: 88864K->7040K(97280K)] 104161K->22337K(319488K), 0.0021020 secs] [Times: user=0.01 sys=0.00, real=0.01 secs] 
232.468: Total time for which application threads were stopped: 0.0039620 seconds, Stopping threads took: 0.0017780 seconds
232.544: Application time: 0.0758470 seconds
232.546: [GC [PSYoungGen: 90496K->6576K(97280K)] 105793K->21881K(319488K), 0.0020650 secs] [Times: user=0.01 sys=0.00, real=0.01 secs] 
232.548: Total time for which application threads were stopped: 0.0042880 seconds, Stopping threads took: 0.0021360 seconds
232.621: Application time: 0.0723140 seconds
232.623: [GC [PSYoungGen: 90032K->7040K(97280K)] 105337K->22353K(319488K), 0.0020730 secs] [Times: user=0.02 sys=0.00, real=0.00 secs] 
232.625: Total time for which application threads were stopped: 0.0045270 seconds, Stopping threads took: 0.0023730 seconds
232.700: Application time: 0.0744540 seconds
232.703: [GC [PSYoungGen: 90496K->7616K(97280K)] 105809K->22937K(319488K), 0.0022050 secs] [Times: user=0.02 sys=0.00, real=0.00 secs] 
232.705: Total time for which application threads were stopped: 0.0051390 seconds, Stopping threads took: 0.0028560 seconds
232.779: Application time: 0.0738950 seconds
232.781: [GC [PSYoungGen: 91072K->8096K(97280K)] 106393K->23425K(319488K), 0.0023850 secs] [Times: user=0.02 sys=0.00, real=0.00 secs] 
232.784: Total time for which application threads were stopped: 0.0051780 seconds, Stopping threads took: 0.0027120 seconds
232.859: Application time: 0.0746120 seconds
232.860: [GC [PSYoungGen: 91552K->7280K(97280K)] 106881K->22617K(319488K), 0.0020950 secs] [Times: user=0.01 sys=0.00, real=0.00 secs] 
232.863: Total time for which application threads were stopped: 0.0039690 seconds, Stopping threads took: 0.0017850 seconds
232.937: Application time: 0.0741610 seconds
232.939: [GC [PSYoungGen: 90736K->6560K(97280K)] 106073K->21897K(319488K), 0.0018850 secs] [Times: user=0.02 sys=0.00, real=0.00 secs] 
232.940: Total time for which application threads were stopped: 0.0038180 seconds, Stopping threads took: 0.0018540 seconds
233.014: Application time: 0.0731970 seconds
233.016: [GC [PSYoungGen: 90016K->8112K(97280K)] 105353K->23457K(319488K), 0.0023270 secs] [Times: user=0.02 sys=0.00, real=0.00 secs] 
233.019: Total time for which application threads were stopped: 0.0049510 seconds, Stopping threads took: 0.0025450 seconds
233.094: Application time: 0.0751800 seconds
233.096: [GC [PSYoungGen: 91568K->6480K(97280K)] 106913K->21833K(319488K), 0.0018830 secs] [Times: user=0.02 sys=0.00, real=0.00 secs] 
233.098: Total time for which application threads were stopped: 0.0038260 seconds, Stopping threads took: 0.0018650 seconds
233.174: Application time: 0.0767070 seconds
233.176: [GC [PSYoungGen: 89936K->6432K(97280K)] 105289K->21801K(319488K), 0.0019170 secs] [Times: user=0.01 sys=0.00, real=0.00 secs] 
233.178: Total time for which application threads were stopped: 0.0038870 seconds, Stopping threads took: 0.0018880 seconds
233.252: Application time: 0.0741450 seconds
233.255: [GC [PSYoungGen: 89888K->7472K(97280K)] 105257K->22849K(319488K), 0.0021060 secs] [Times: user=0.01 sys=0.00, real=0.00 secs] 
233.257: Total time for which application threads were stopped: 0.0047320 seconds, Stopping threads took: 0.0025440 seconds
233.334: Application time: 0.0764920 seconds
233.336: [GC [PSYoungGen: 90928K->7696K(97280K)] 106305K->23081K(319488K), 0.0021760 secs] [Times: user=0.02 sys=0.00, real=0.00 secs] 
233.339: Total time for which application threads were stopped: 0.0050360 seconds, Stopping threads took: 0.0027810 seconds
233.418: Application time: 0.0793310 seconds
233.420: [GC [PSYoungGen: 91152K->7872K(97280K)] 106537K->23257K(319488K), 0.0023690 secs] [Times: user=0.01 sys=0.00, real=0.00 secs] 
233.423: Total time for which application threads were stopped: 0.0046800 seconds, Stopping threads took: 0.0022170 seconds
233.499: Application time: 0.0766160 seconds
233.502: [GC [PSYoungGen: 91328K->6416K(97280K)] 106713K->21809K(319488K), 0.0019650 secs] [Times: user=0.02 sys=0.00, real=0.00 secs] 
233.504: Total time for which application threads were stopped: 0.0048600 seconds, Stopping threads took: 0.0028120 seconds
233.583: Application time: 0.0788650 seconds
233.586: [GC [PSYoungGen: 89872K->7328K(97280K)] 105265K->22729K(319488K), 0.0021890 secs] [Times: user=0.01 sys=0.00, real=0.01 secs] 
233.588: Total time for which application threads were stopped: 0.0049280 seconds, Stopping threads took: 0.0026560 seconds
233.668: Application time: 0.0803630 seconds
233.672: [GC [PSYoungGen: 90784K->5920K(97280K)] 106185K->21329K(319488K), 0.0017350 secs] [Times: user=0.01 sys=0.00, real=0.00 secs] 
233.674: Total time for which application threads were stopped: 0.0052730 seconds, Stopping threads took: 0.0034640 seconds
233.752: Application time: 0.0784370 seconds
233.755: [GC [PSYoungGen: 89376K->7024K(97280K)] 104785K->22441K(319488K), 0.0020680 secs] [Times: user=0.01 sys=0.00, real=0.01 secs] 
233.757: Total time for which application threads were stopped: 0.0048610 seconds, Stopping threads took: 0.0027080 seconds
233.836: Application time: 0.0793630 seconds
233.839: [GC [PSYoungGen: 90480K->7888K(97280K)] 105897K->23313K(319488K), 0.0023010 secs] [Times: user=0.01 sys=0.00, real=0.00 secs] 
233.842: Total time for which application threads were stopped: 0.0053590 seconds, Stopping threads took: 0.0029740 seconds
233.922: Application time: 0.0804000 seconds
233.924: [GC [PSYoungGen: 91344K->6976K(97280K)] 106769K->22401K(319488K), 0.0020930 secs] [Times: user=0.01 sys=0.00, real=0.00 secs] 
233.926: Total time for which application threads were stopped: 0.0037320 seconds, Stopping threads took: 0.0015440 seconds
234.004: Application time: 0.0777690 seconds
234.006: [GC [PSYoungGen: 90432K->7472K(97280K)] 105857K->22905K(319488K), 0.0022400 secs] [Times: user=0.02 sys=0.00, real=0.01 secs] 
234.008: Total time for which application threads were stopped: 0.0043440 seconds, Stopping threads took: 0.0019970 seconds
234.086: Application time: 0.0780110 seconds
234.087: [GC [PSYoungGen: 90928K->5280K(97280K)] 106361K->20721K(319488K), 0.0016640 secs] [Times: user=0.01 sys=0.00, real=0.00 secs] 
234.089: Total time for which application threads were stopped: 0.0030310 seconds, Stopping threads took: 0.0012890 seconds
234.171: Application time: 0.0820630 seconds
234.173: [GC [PSYoungGen: 88736K->5792K(97280K)] 104177K->21241K(319488K), 0.0017160 secs] [Times: user=0.01 sys=0.00, real=0.00 secs] 
234.175: Total time for which application threads were stopped: 0.0036920 seconds, Stopping threads took: 0.0018980 seconds
234.254: Application time: 0.0788280 seconds
234.256: [GC [PSYoungGen: 89248K->7936K(97280K)] 104697K->23393K(319488K), 0.0023670 secs] [Times: user=0.01 sys=0.00, real=0.00 secs] 
234.259: Total time for which application threads were stopped: 0.0052510 seconds, Stopping threads took: 0.0028020 seconds
234.336: Application time: 0.0776960 seconds
234.339: [GC [PSYoungGen: 91392K->7808K(97280K)] 106849K->23273K(319488K), 0.0022600 secs] [Times: user=0.02 sys=0.00, real=0.00 secs] 
234.342: Total time for which application threads were stopped: 0.0050750 seconds, Stopping threads took: 0.0027270 seconds
234.424: Application time: 0.0820790 seconds
234.426: [GC [PSYoungGen: 91264K->6672K(97280K)] 106729K->22145K(319488K), 0.0020520 secs] [Times: user=0.01 sys=0.00, real=0.01 secs] 
234.428: Total time for which application threads were stopped: 0.0045580 seconds, Stopping threads took: 0.0024070 seconds
234.506: Application time: 0.0775140 seconds
234.509: [GC [PSYoungGen: 90128K->6736K(97280K)] 105601K->22209K(319488K), 0.0020850 secs] [Times: user=0.01 sys=0.00, real=0.00 secs] 
234.511: Total time for which application threads were stopped: 0.0050400 seconds, Stopping threads took: 0.0028660 seconds
234.590: Application time: 0.0790210 seconds
234.592: [GC [PSYoungGen: 90192K->7232K(97280K)] 105665K->22713K(319488K), 0.0022510 secs] [Times: user=0.01 sys=0.00, real=0.00 secs] 
234.594: Total time for which application threads were stopped: 0.0040620 seconds, Stopping threads took: 0.0017270 seconds
234.670: Application time: 0.0763420 seconds
234.673: [GC [PSYoungGen: 90688K->7312K(97280K)] 106169K->22801K(319488K), 0.0021650 secs] [Times: user=0.02 sys=0.00, real=0.01 secs] 
234.675: Total time for which application threads were stopped: 0.0048650 seconds, Stopping threads took: 0.0026160 seconds
234.754: Application time: 0.0791830 seconds
234.757: [GC [PSYoungGen: 90768K->7056K(97280K)] 106257K->22553K(319488K), 0.0021610 secs] [Times: user=0.02 sys=0.00, real=0.00 secs] 
234.760: Total time for which application threads were stopped: 0.0054010 seconds, Stopping threads took: 0.0031580 seconds
234.840: Application time: 0.0802840 seconds
234.843: [GC [PSYoungGen: 90512K->7184K(97280K)] 106009K->22689K(319488K), 0.0021420 secs] [Times: user=0.02 sys=0.00, real=0.00 secs] 
234.845: Total time for which application threads were stopped: 0.0054100 seconds, Stopping threads took: 0.0031760 seconds
234.926: Application time: 0.0802150 seconds
234.929: [GC [PSYoungGen: 90640K->7776K(97280K)] 106145K->23289K(319488K), 0.0021990 secs] [Times: user=0.01 sys=0.00, real=0.00 secs] 
234.931: Total time for which application threads were stopped: 0.0056000 seconds, Stopping threads took: 0.0033100 seconds
235.012: Application time: 0.0810860 seconds
235.014: [GC [PSYoungGen: 91232K->5040K(97280K)] 106745K->20553K(319488K), 0.0015580 secs] [Times: user=0.01 sys=0.00, real=0.01 secs] 
235.015: Total time for which application threads were stopped: 0.0030250 seconds, Stopping threads took: 0.0013690 seconds
235.096: Application time: 0.0807640 seconds
235.098: [GC [PSYoungGen: 88496K->6064K(97280K)] 104009K->21585K(319488K), 0.0017540 secs] [Times: user=0.01 sys=0.00, real=0.00 secs] 
235.100: Total time for which application threads were stopped: 0.0042160 seconds, Stopping threads took: 0.0023780 seconds
235.182: Application time: 0.0820260 seconds
235.185: [GC [PSYoungGen: 89520K->7712K(97280K)] 105041K->23241K(319488K), 0.0023300 secs] [Times: user=0.02 sys=0.00, real=0.01 secs] 
235.187: Total time for which application threads were stopped: 0.0051870 seconds, Stopping threads took: 0.0027760 seconds
235.268: Application time: 0.0807910 seconds
235.271: [GC [PSYoungGen: 91168K->7280K(97280K)] 106697K->22817K(319488K), 0.0022090 secs] [Times: user=0.01 sys=0.00, real=0.00 secs] 
235.273: Total time for which application threads were stopped: 0.0052120 seconds, Stopping threads took: 0.0029260 seconds
235.352: Application time: 0.0787140 seconds
235.355: [GC [PSYoungGen: 90736K->7808K(97280K)] 106273K->23353K(319488K), 0.0021930 secs] [Times: user=0.02 sys=0.00, real=0.00 secs] 
235.358: Total time for which application threads were stopped: 0.0053450 seconds, Stopping threads took: 0.0030710 seconds
235.437: Application time: 0.0790710 seconds
235.440: [GC [PSYoungGen: 91264K->6176K(97280K)] 106809K->21729K(319488K), 0.0018520 secs] [Times: user=0.02 sys=0.00, real=0.00 secs] 
235.442: Total time for which application threads were stopped: 0.0050060 seconds, Stopping threads took: 0.0030660 seconds
235.517: Application time: 0.0755870 seconds
235.520: [GC [PSYoungGen: 89630K->7824K(97280K)] 105184K->23377K(319488K), 0.0022640 secs] [Times: user=0.02 sys=0.00, real=0.00 secs] 
235.522: Total time for which application threads were stopped: 0.0051390 seconds, Stopping threads took: 0.0027940 seconds
235.602: Application time: 0.0797700 seconds
235.603: [GC [PSYoungGen: 91280K->6432K(97280K)] 106833K->21993K(319488K), 0.0019640 secs] [Times: user=0.01 sys=0.00, real=0.00 secs] 
235.605: Total time for which application threads were stopped: 0.0029630 seconds, Stopping threads took: 0.0009160 seconds
235.684: Application time: 0.0784260 seconds
235.686: [GC [PSYoungGen: 89888K->6784K(97280K)] 105449K->22353K(319488K), 0.0019600 secs] [Times: user=0.01 sys=0.00, real=0.01 secs] 
235.688: Total time for which application threads were stopped: 0.0041850 seconds, Stopping threads took: 0.0021420 seconds
235.767: Application time: 0.0790030 seconds
235.769: [GC [PSYoungGen: 90240K->7184K(97280K)] 105809K->22761K(319488K), 0.0021330 secs] [Times: user=0.02 sys=0.00, real=0.00 secs] 
235.771: Total time for which application threads were stopped: 0.0043040 seconds, Stopping threads took: 0.0020860 seconds
235.849: Application time: 0.0775940 seconds
235.851: [GC [PSYoungGen: 90639K->6496K(97280K)] 106216K->22081K(319488K), 0.0019650 secs] [Times: user=0.02 sys=0.00, real=0.00 secs] 
235.853: Total time for which application threads were stopped: 0.0048720 seconds, Stopping threads took: 0.0028240 seconds
235.935: Application time: 0.0814650 seconds
235.937: [GC [PSYoungGen: 89952K->6624K(97280K)] 105537K->22217K(319488K), 0.0019600 secs] [Times: user=0.01 sys=0.00, real=0.00 secs] 
235.939: Total time for which application threads were stopped: 0.0036240 seconds, Stopping threads took: 0.0015850 seconds
236.017: Application time: 0.0780290 seconds
236.019: [GC [PSYoungGen: 90080K->6880K(97280K)] 105673K->22473K(319488K), 0.0021030 secs] [Times: user=0.01 sys=0.00, real=0.00 secs] 
236.021: Total time for which application threads were stopped: 0.0046150 seconds, Stopping threads took: 0.0024240 seconds
236.101: Application time: 0.0797720 seconds
236.104: [GC [PSYoungGen: 90336K->7424K(97280K)] 105929K->23025K(319488K), 0.0021300 secs] [Times: user=0.02 sys=0.00, real=0.00 secs] 
236.106: Total time for which application threads were stopped: 0.0052660 seconds, Stopping threads took: 0.0030530 seconds
236.187: Application time: 0.0809710 seconds
236.190: [GC [PSYoungGen: 90880K->6672K(97280K)] 106481K->22281K(319488K), 0.0020570 secs] [Times: user=0.02 sys=0.00, real=0.00 secs] 
236.192: Total time for which application threads were stopped: 0.0045030 seconds, Stopping threads took: 0.0023640 seconds
236.267: Application time: 0.0749950 seconds
236.268: [GC [PSYoungGen: 90128K->8272K(97280K)] 105737K->23889K(319488K), 0.0026170 secs] [Times: user=0.01 sys=0.00, real=0.00 secs] 
236.271: Total time for which application threads were stopped: 0.0042060 seconds, Stopping threads took: 0.0015050 seconds
236.351: Application time: 0.0795680 seconds
236.356: [GC [PSYoungGen: 91728K->7504K(97280K)] 107345K->23129K(319488K), 0.0022520 secs] [Times: user=0.01 sys=0.00, real=0.00 secs] 
236.359: Total time for which application threads were stopped: 0.0082310 seconds, Stopping threads took: 0.0059050 seconds
236.437: Application time: 0.0778560 seconds
236.439: [GC [PSYoungGen: 90960K->6976K(97280K)] 106585K->22609K(319488K), 0.0021310 secs] [Times: user=0.01 sys=0.00, real=0.00 secs] 
236.441: Total time for which application threads were stopped: 0.0044190 seconds, Stopping threads took: 0.0022010 seconds
236.518: Application time: 0.0773230 seconds
236.521: [GC [PSYoungGen: 90432K->8112K(97280K)] 106065K->23761K(319488K), 0.0024110 secs] [Times: user=0.02 sys=0.00, real=0.00 secs] 
236.524: Total time for which application threads were stopped: 0.0055180 seconds, Stopping threads took: 0.0030150 seconds
236.601: Application time: 0.0773410 seconds
236.604: [GC [PSYoungGen: 91568K->6544K(97280K)] 107217K->22201K(319488K), 0.0019550 secs] [Times: user=0.02 sys=0.00, real=0.00 secs] 
236.606: Total time for which application threads were stopped: 0.0043240 seconds, Stopping threads took: 0.0022860 seconds
236.685: Application time: 0.0798550 seconds
236.688: [GC [PSYoungGen: 90000K->5984K(97280K)] 105657K->21649K(319488K), 0.0017730 secs] [Times: user=0.01 sys=0.00, real=0.00 secs] 
236.690: Total time for which application threads were stopped: 0.0045610 seconds, Stopping threads took: 0.0027070 seconds
236.767: Application time: 0.0767820 seconds
236.770: [GC [PSYoungGen: 89440K->7184K(97280K)] 105105K->22857K(319488K), 0.0021790 secs] [Times: user=0.01 sys=0.00, real=0.00 secs] 
236.772: Total time for which application threads were stopped: 0.0050860 seconds, Stopping threads took: 0.0028220 seconds
236.849: Application time: 0.0768410 seconds
236.851: [GC [PSYoungGen: 90640K->7616K(97280K)] 106313K->23305K(319488K), 0.0021760 secs] [Times: user=0.01 sys=0.00, real=0.00 secs] 
236.854: Total time for which application threads were stopped: 0.0049120 seconds, Stopping threads took: 0.0026520 seconds
236.934: Application time: 0.0799220 seconds
236.935: [GC [PSYoungGen: 91072K->7120K(97280K)] 106761K->22817K(319488K), 0.0020910 secs] [Times: user=0.02 sys=0.00, real=0.00 secs] 
236.937: Total time for which application threads were stopped: 0.0039170 seconds, Stopping threads took: 0.0017460 seconds
237.013: Application time: 0.0758040 seconds
237.015: [GC [PSYoungGen: 90576K->7696K(97280K)] 106273K->23401K(319488K), 0.0024020 secs] [Times: user=0.01 sys=0.00, real=0.00 secs] 
237.017: Total time for which application threads were stopped: 0.0041560 seconds, Stopping threads took: 0.0016670 seconds
237.095: Application time: 0.0773820 seconds
237.096: [GC [PSYoungGen: 91152K->6272K(97280K)] 106857K->21977K(319488K), 0.0019320 secs] [Times: user=0.01 sys=0.00, real=0.00 secs] 
237.098: Total time for which application threads were stopped: 0.0034810 seconds, Stopping threads took: 0.0014610 seconds
237.176: Application time: 0.0772500 seconds
237.179: [GC [PSYoungGen: 89728K->7616K(97280K)] 105433K->23329K(319488K), 0.0023030 secs] [Times: user=0.01 sys=0.00, real=0.00 secs] 
237.181: Total time for which application threads were stopped: 0.0055870 seconds, Stopping threads took: 0.0031940 seconds
237.259: Application time: 0.0783370 seconds
237.262: [GC [PSYoungGen: 91072K->6464K(97280K)] 106785K->22193K(319488K), 0.0020030 secs] [Times: user=0.01 sys=0.00, real=0.00 secs] 
237.264: Total time for which application threads were stopped: 0.0041360 seconds, Stopping threads took: 0.0020480 seconds
237.338: Application time: 0.0744970 seconds
237.340: [GC [PSYoungGen: 89920K->7488K(97280K)] 105649K->23225K(319488K), 0.0021920 secs] [Times: user=0.02 sys=0.00, real=0.00 secs] 
237.343: Total time for which application threads were stopped: 0.0046440 seconds, Stopping threads took: 0.0023610 seconds
237.418: Application time: 0.0756150 seconds
237.420: [GC [PSYoungGen: 90944K->6112K(97280K)] 106681K->21857K(319488K), 0.0018080 secs] [Times: user=0.01 sys=0.00, real=0.00 secs] 
237.422: Total time for which application threads were stopped: 0.0036050 seconds, Stopping threads took: 0.0017180 seconds
237.495: Application time: 0.0733810 seconds
237.497: [GC [PSYoungGen: 89568K->7520K(97280K)] 105313K->23273K(319488K), 0.0021790 secs] [Times: user=0.02 sys=0.00, real=0.00 secs] 
237.500: Total time for which application threads were stopped: 0.0042400 seconds, Stopping threads took: 0.0019770 seconds
237.572: Application time: 0.0727360 seconds
237.574: [GC [PSYoungGen: 90976K->8064K(97280K)] 106729K->23817K(319488K), 0.0022430 secs] [Times: user=0.01 sys=0.00, real=0.01 secs] 
237.576: Total time for which application threads were stopped: 0.0038140 seconds, Stopping threads took: 0.0014900 seconds
237.651: Application time: 0.0749880 seconds
237.654: [GC [PSYoungGen: 91520K->7552K(97280K)] 107273K->23313K(319488K), 0.0022060 secs] [Times: user=0.01 sys=0.00, real=0.01 secs] 
237.656: Total time for which application threads were stopped: 0.0049950 seconds, Stopping threads took: 0.0027000 seconds
237.729: Application time: 0.0730940 seconds
237.731: [GC [PSYoungGen: 91008K->6688K(97280K)] 106769K->22457K(319488K), 0.0020130 secs] [Times: user=0.01 sys=0.00, real=0.00 secs] 
237.733: Total time for which application threads were stopped: 0.0036470 seconds, Stopping threads took: 0.0015550 seconds
237.806: Application time: 0.0732360 seconds
237.808: [GC [PSYoungGen: 90144K->7760K(97280K)] 105913K->23537K(319488K), 0.0022090 secs] [Times: user=0.01 sys=0.00, real=0.00 secs] 
237.810: Total time for which application threads were stopped: 0.0043440 seconds, Stopping threads took: 0.0020550 seconds
237.885: Application time: 0.0745520 seconds
237.887: [GC [PSYoungGen: 91216K->8096K(97280K)] 106993K->23881K(319488K), 0.0023380 secs] [Times: user=0.01 sys=0.00, real=0.00 secs] 
237.890: Total time for which application threads were stopped: 0.0048120 seconds, Stopping threads took: 0.0023940 seconds
237.963: Application time: 0.0731250 seconds
237.965: [GC [PSYoungGen: 91552K->6720K(97280K)] 107337K->22513K(319488K), 0.0019490 secs] [Times: user=0.01 sys=0.00, real=0.01 secs] 
237.967: Total time for which application threads were stopped: 0.0044050 seconds, Stopping threads took: 0.0023740 seconds
238.042: Application time: 0.0744860 seconds
238.044: [GC [PSYoungGen: 90176K->6192K(97280K)] 105969K->21985K(319488K), 0.0020150 secs] [Times: user=0.01 sys=0.00, real=0.00 secs] 
238.047: Total time for which application threads were stopped: 0.0046760 seconds, Stopping threads took: 0.0025660 seconds
238.119: Application time: 0.0729810 seconds
238.121: [GC [PSYoungGen: 89648K->6528K(97280K)] 105441K->22329K(319488K), 0.0019260 secs] [Times: user=0.01 sys=0.00, real=0.00 secs] 
238.123: Total time for which application threads were stopped: 0.0037030 seconds, Stopping threads took: 0.0016990 seconds
238.198: Application time: 0.0750900 seconds
238.201: [GC [PSYoungGen: 89984K->6592K(97280K)] 105785K->22401K(319488K), 0.0019410 secs] [Times: user=0.02 sys=0.00, real=0.00 secs] 
238.203: Total time for which application threads were stopped: 0.0046510 seconds, Stopping threads took: 0.0026180 seconds
238.277: Application time: 0.0740460 seconds
238.279: [GC [PSYoungGen: 90048K->5952K(97280K)] 105857K->21777K(319488K), 0.0018350 secs] [Times: user=0.01 sys=0.00, real=0.00 secs] 
238.280: Total time for which application threads were stopped: 0.0034990 seconds, Stopping threads took: 0.0015860 seconds
238.351: Application time: 0.0706510 seconds
238.352: [GC [PSYoungGen: 89408K->8064K(97280K)] 105233K->23897K(319488K), 0.0023020 secs] [Times: user=0.02 sys=0.00, real=0.00 secs] 
238.355: Total time for which application threads were stopped: 0.0036090 seconds, Stopping threads took: 0.0012230 seconds
238.429: Application time: 0.0746970 seconds
238.432: [GC [PSYoungGen: 91520K->7520K(97280K)] 107353K->23361K(319488K), 0.0022430 secs] [Times: user=0.01 sys=0.00, real=0.00 secs] 
238.435: Total time for which application threads were stopped: 0.0052650 seconds, Stopping threads took: 0.0029380 seconds
238.510: Application time: 0.0754450 seconds
238.512: [GC [PSYoungGen: 90976K->7808K(97280K)] 106817K->23649K(319488K), 0.0023050 secs] [Times: user=0.01 sys=0.00, real=0.00 secs] 
238.515: Total time for which application threads were stopped: 0.0046190 seconds, Stopping threads took: 0.0022330 seconds
238.587: Application time: 0.0725990 seconds
238.590: [GC [PSYoungGen: 91264K->7488K(97280K)] 107105K->23337K(319488K), 0.0021740 secs] [Times: user=0.01 sys=0.00, real=0.00 secs] 
238.592: Total time for which application threads were stopped: 0.0047180 seconds, Stopping threads took: 0.0024660 seconds
238.667: Application time: 0.0746860 seconds
238.669: [GC [PSYoungGen: 90944K->6672K(97280K)] 106793K->22529K(319488K), 0.0019550 secs] [Times: user=0.01 sys=0.00, real=0.00 secs] 
238.671: Total time for which application threads were stopped: 0.0043920 seconds, Stopping threads took: 0.0023540 seconds
238.745: Application time: 0.0742590 seconds
238.748: [GC [PSYoungGen: 90128K->6528K(97280K)] 105985K->22393K(319488K), 0.0018630 secs] [Times: user=0.02 sys=0.00, real=0.00 secs] 
238.750: Total time for which application threads were stopped: 0.0043590 seconds, Stopping threads took: 0.0024090 seconds
238.828: Application time: 0.0783260 seconds
238.829: [GC [PSYoungGen: 89984K->6256K(97280K)] 105849K->22137K(319488K), 0.0018690 secs] [Times: user=0.01 sys=0.00, real=0.00 secs] 
238.831: Total time for which application threads were stopped: 0.0031380 seconds, Stopping threads took: 0.0011900 seconds
238.907: Application time: 0.0759550 seconds
238.910: [GC [PSYoungGen: 89712K->6128K(97280K)] 105593K->22017K(319488K), 0.0017510 secs] [Times: user=0.01 sys=0.00, real=0.00 secs] 
238.911: Total time for which application threads were stopped: 0.0042470 seconds, Stopping threads took: 0.0024220 seconds
238.984: Application time: 0.0730100 seconds
238.986: [GC [PSYoungGen: 89584K->7856K(97280K)] 105473K->23745K(319488K), 0.0024170 secs] [Times: user=0.01 sys=0.00, real=0.01 secs] 
238.989: Total time for which application threads were stopped: 0.0041690 seconds, Stopping threads took: 0.0016710 seconds
239.061: Application time: 0.0721790 seconds
239.063: [GC [PSYoungGen: 91312K->7312K(97280K)] 107201K->23209K(319488K), 0.0022780 secs] [Times: user=0.01 sys=0.00, real=0.00 secs] 
239.065: Total time for which application threads were stopped: 0.0040620 seconds, Stopping threads took: 0.0017010 seconds
239.140: Application time: 0.0748860 seconds
239.142: [GC [PSYoungGen: 90768K->7296K(97280K)] 106665K->23193K(319488K), 0.0020970 secs] [Times: user=0.02 sys=0.00, real=0.00 secs] 
239.144: Total time for which application threads were stopped: 0.0042080 seconds, Stopping threads took: 0.0020290 seconds
239.217: Application time: 0.0731730 seconds
239.220: [GC [PSYoungGen: 90752K->8032K(97280K)] 106649K->23937K(319488K), 0.0023130 secs] [Times: user=0.02 sys=0.00, real=0.00 secs] 
239.222: Total time for which application threads were stopped: 0.0052290 seconds, Stopping threads took: 0.0028380 seconds
239.297: Application time: 0.0744200 seconds
239.299: [GC [PSYoungGen: 91488K->5680K(97280K)] 107393K->21593K(319488K), 0.0016380 secs] [Times: user=0.01 sys=0.00, real=0.00 secs] 
239.301: Total time for which application threads were stopped: 0.0037070 seconds, Stopping threads took: 0.0019800 seconds
239.374: Application time: 0.0739480 seconds
239.376: [GC [PSYoungGen: 89136K->6224K(97280K)] 105049K->22145K(319488K), 0.0018680 secs] [Times: user=0.00 sys=0.00, real=0.00 secs] 
239.378: Total time for which application threads were stopped: 0.0036850 seconds, Stopping threads took: 0.0017360 seconds
239.454: Application time: 0.0762840 seconds
239.457: [GC [PSYoungGen: 89680K->6864K(97280K)] 105601K->22793K(319488K), 0.0020480 secs] [Times: user=0.01 sys=0.00, real=0.00 secs] 
239.459: Total time for which application threads were stopped: 0.0049580 seconds, Stopping threads took: 0.0028210 seconds
239.534: Application time: 0.0741590 seconds
239.537: [GC [PSYoungGen: 90320K->7104K(97280K)] 106249K->23033K(319488K), 0.0019680 secs] [Times: user=0.01 sys=0.00, real=0.00 secs] 
239.539: Total time for which application threads were stopped: 0.0049500 seconds, Stopping threads took: 0.0029010 seconds
239.613: Application time: 0.0741210 seconds
239.614: [GC [PSYoungGen: 90560K->7792K(97280K)] 106489K->23729K(319488K), 0.0022530 secs] [Times: user=0.02 sys=0.00, real=0.01 secs] 
239.617: Total time for which application threads were stopped: 0.0040070 seconds, Stopping threads took: 0.0016680 seconds
239.688: Application time: 0.0713400 seconds
239.690: [GC [PSYoungGen: 91248K->6912K(97280K)] 107185K->22857K(319488K), 0.0021960 secs] [Times: user=0.01 sys=0.00, real=0.00 secs] 
239.692: Total time for which application threads were stopped: 0.0037950 seconds, Stopping threads took: 0.0015230 seconds
239.765: Application time: 0.0732240 seconds
239.768: [GC [PSYoungGen: 90368K->6912K(97280K)] 106313K->22865K(319488K), 0.0019940 secs] [Times: user=0.01 sys=0.00, real=0.00 secs] 
239.770: Total time for which application threads were stopped: 0.0045930 seconds, Stopping threads took: 0.0025180 seconds
239.844: Application time: 0.0744680 seconds
239.846: [GC [PSYoungGen: 90368K->6288K(97280K)] 106321K->22249K(319488K), 0.0020060 secs] [Times: user=0.01 sys=0.00, real=0.01 secs] 
239.848: Total time for which application threads were stopped: 0.0043000 seconds, Stopping threads took: 0.0022060 seconds
239.920: Application time: 0.0719750 seconds
239.922: [GC [PSYoungGen: 89744K->8320K(97280K)] 105705K->24289K(319488K), 0.0024500 secs] [Times: user=0.02 sys=0.00, real=0.00 secs] 
239.925: Total time for which application threads were stopped: 0.0043240 seconds, Stopping threads took: 0.0017890 seconds
239.999: Application time: 0.0738800 seconds
240.001: [GC [PSYoungGen: 91776K->7648K(97280K)] 107745K->23617K(319488K), 0.0022020 secs] [Times: user=0.01 sys=0.00, real=0.00 secs] 
240.003: Total time for which application threads were stopped: 0.0042350 seconds, Stopping threads took: 0.0019480 seconds
240.077: Application time: 0.0740970 seconds
240.078: [GC [PSYoungGen: 91104K->6880K(97280K)] 107073K->22857K(319488K), 0.0020100 secs] [Times: user=0.02 sys=0.00, real=0.00 secs] 
240.080: Total time for which application threads were stopped: 0.0027320 seconds, Stopping threads took: 0.0006450 seconds
240.155: Application time: 0.0753130 seconds
240.157: [GC [PSYoungGen: 90336K->8192K(97280K)] 106313K->24177K(319488K), 0.0023930 secs] [Times: user=0.02 sys=0.00, real=0.00 secs] 
240.159: Total time for which application threads were stopped: 0.0045060 seconds, Stopping threads took: 0.0020090 seconds
240.234: Application time: 0.0742090 seconds
240.236: [GC [PSYoungGen: 91648K->7952K(97280K)] 107633K->23953K(319488K), 0.0023050 secs] [Times: user=0.02 sys=0.00, real=0.00 secs] 
240.238: Total time for which application threads were stopped: 0.0047870 seconds, Stopping threads took: 0.0023970 seconds
240.312: Application time: 0.0735560 seconds
240.314: [GC [PSYoungGen: 91408K->6896K(97280K)] 107409K->22905K(319488K), 0.0021440 secs] [Times: user=0.01 sys=0.00, real=0.01 secs] 
240.316: Total time for which application threads were stopped: 0.0038830 seconds, Stopping threads took: 0.0016540 seconds
240.392: Application time: 0.0765500 seconds
240.394: [GC [PSYoungGen: 90352K->6880K(97280K)] 106361K->22897K(319488K), 0.0019670 secs] [Times: user=0.01 sys=0.00, real=0.01 secs] 
240.396: Total time for which application threads were stopped: 0.0036200 seconds, Stopping threads took: 0.0015640 seconds
240.472: Application time: 0.0754090 seconds
240.474: [GC [PSYoungGen: 90336K->8336K(97280K)] 106353K->24353K(319488K), 0.0024500 secs] [Times: user=0.01 sys=0.00, real=0.01 secs] 
240.477: Total time for which application threads were stopped: 0.0053490 seconds, Stopping threads took: 0.0028120 seconds
240.553: Application time: 0.0760760 seconds
240.556: [GC [PSYoungGen: 91792K->7120K(97280K)] 107809K->23145K(319488K), 0.0036680 secs] [Times: user=0.01 sys=0.00, real=0.00 secs] 
240.559: Total time for which application threads were stopped: 0.0064430 seconds, Stopping threads took: 0.0026970 seconds
240.631: Application time: 0.0720540 seconds
240.634: [GC [PSYoungGen: 90576K->7008K(97280K)] 106601K->23041K(319488K), 0.0021280 secs] [Times: user=0.02 sys=0.00, real=0.01 secs] 
240.636: Total time for which application threads were stopped: 0.0047350 seconds, Stopping threads took: 0.0025250 seconds
240.709: Application time: 0.0725230 seconds
240.711: [GC [PSYoungGen: 90464K->6976K(97280K)] 106497K->23017K(319488K), 0.0020880 secs] [Times: user=0.01 sys=0.01, real=0.00 secs] 
240.713: Total time for which application threads were stopped: 0.0041680 seconds, Stopping threads took: 0.0019940 seconds
240.785: Application time: 0.0723980 seconds
240.788: [GC [PSYoungGen: 90432K->6464K(97280K)] 106473K->22513K(319488K), 0.0020520 secs] [Times: user=0.02 sys=0.00, real=0.00 secs] 
240.790: Total time for which application threads were stopped: 0.0050810 seconds, Stopping threads took: 0.0029310 seconds
240.865: Application time: 0.0743440 seconds
240.868: [GC [PSYoungGen: 89920K->6976K(97280K)] 105969K->23033K(319488K), 0.0020710 secs] [Times: user=0.02 sys=0.00, real=0.00 secs] 
240.870: Total time for which application threads were stopped: 0.0049250 seconds, Stopping threads took: 0.0027490 seconds
240.944: Application time: 0.0743380 seconds
240.946: [GC [PSYoungGen: 90432K->6704K(97280K)] 106489K->22761K(319488K), 0.0019520 secs] [Times: user=0.01 sys=0.00, real=0.01 secs] 
240.948: Total time for which application threads were stopped: 0.0038300 seconds, Stopping threads took: 0.0017860 seconds
241.020: Application time: 0.0723210 seconds
241.022: [GC [PSYoungGen: 90160K->7440K(97280K)] 106217K->23505K(319488K), 0.0021850 secs] [Times: user=0.01 sys=0.00, real=0.00 secs] 
241.025: Total time for which application threads were stopped: 0.0044560 seconds, Stopping threads took: 0.0021880 seconds
241.098: Application time: 0.0734110 seconds
241.100: [GC [PSYoungGen: 90896K->8176K(97280K)] 106961K->24249K(319488K), 0.0023950 secs] [Times: user=0.01 sys=0.00, real=0.00 secs] 
241.103: Total time for which application threads were stopped: 0.0049210 seconds, Stopping threads took: 0.0024510 seconds
241.180: Application time: 0.0767940 seconds
241.182: [GC [PSYoungGen: 91632K->7472K(97280K)] 107705K->23553K(319488K), 0.0021660 secs] [Times: user=0.01 sys=0.00, real=0.00 secs] 
241.184: Total time for which application threads were stopped: 0.0042720 seconds, Stopping threads took: 0.0020230 seconds
241.261: Application time: 0.0773280 seconds
241.263: [GC [PSYoungGen: 90928K->5904K(97280K)] 107009K->21993K(319488K), 0.0017580 secs] [Times: user=0.00 sys=0.00, real=0.00 secs] 
241.265: Total time for which application threads were stopped: 0.0032220 seconds, Stopping threads took: 0.0013890 seconds
241.338: Application time: 0.0737730 seconds
241.340: [GC [PSYoungGen: 89360K->7200K(97280K)] 105449K->23297K(319488K), 0.0021940 secs] [Times: user=0.01 sys=0.00, real=0.00 secs] 
241.343: Total time for which application threads were stopped: 0.0042050 seconds, Stopping threads took: 0.0019290 seconds
241.422: Application time: 0.0794900 seconds
241.423: [GC [PSYoungGen: 90656K->6144K(97280K)] 106753K->22241K(319488K), 0.0036680 secs] [Times: user=0.02 sys=0.00, real=0.00 secs] 
241.427: Total time for which application threads were stopped: 0.0044900 seconds, Stopping threads took: 0.0007300 seconds
241.507: Application time: 0.0804400 seconds
241.509: [GC [PSYoungGen: 89600K->6496K(97280K)] 105697K->22601K(319488K), 0.0019680 secs] [Times: user=0.01 sys=0.00, real=0.00 secs] 
241.511: Total time for which application threads were stopped: 0.0037600 seconds, Stopping threads took: 0.0016990 seconds
241.591: Application time: 0.0805240 seconds
241.594: [GC [PSYoungGen: 89952K->6464K(97280K)] 106057K->22569K(319488K), 0.0019430 secs] [Times: user=0.01 sys=0.00, real=0.01 secs] 
241.596: Total time for which application threads were stopped: 0.0049130 seconds, Stopping threads took: 0.0028820 seconds
241.674: Application time: 0.0782130 seconds
241.677: [GC [PSYoungGen: 89920K->7376K(97280K)] 106025K->23489K(319488K), 0.0022530 secs] [Times: user=0.01 sys=0.00, real=0.00 secs] 
241.679: Total time for which application threads were stopped: 0.0045320 seconds, Stopping threads took: 0.0021850 seconds
241.757: Application time: 0.0784630 seconds
241.759: [GC [PSYoungGen: 90832K->6576K(97280K)] 106945K->22697K(319488K), 0.0020010 secs] [Times: user=0.01 sys=0.00, real=0.00 secs] 
241.761: Total time for which application threads were stopped: 0.0038930 seconds, Stopping threads took: 0.0018050 seconds
241.844: Application time: 0.0822850 seconds
241.846: [GC [PSYoungGen: 90030K->6128K(97280K)] 106151K->22249K(319488K), 0.0018860 secs] [Times: user=0.02 sys=0.00, real=0.01 secs] 
241.848: Total time for which application threads were stopped: 0.0040630 seconds, Stopping threads took: 0.0020930 seconds
241.928: Application time: 0.0806270 seconds
241.931: [GC [PSYoungGen: 89584K->6400K(97280K)] 105705K->22529K(319488K), 0.0018700 secs] [Times: user=0.01 sys=0.00, real=0.00 secs] 
241.933: Total time for which application threads were stopped: 0.0043370 seconds, Stopping threads took: 0.0023850 seconds
242.012: Application time: 0.0794520 seconds
242.015: [GC [PSYoungGen: 89856K->7088K(97280K)] 105985K->23217K(319488K), 0.0020910 secs] [Times: user=0.02 sys=0.00, real=0.01 secs] 
242.017: Total time for which application threads were stopped: 0.0046920 seconds, Stopping threads took: 0.0025130 seconds
242.095: Application time: 0.0782110 seconds
242.097: [GC [PSYoungGen: 90544K->7584K(97280K)] 106673K->23729K(319488K), 0.0022460 secs] [Times: user=0.02 sys=0.00, real=0.00 secs] 
242.099: Total time for which application threads were stopped: 0.0042740 seconds, Stopping threads took: 0.0019450 seconds
242.179: Application time: 0.0796060 seconds
242.182: [GC [PSYoungGen: 91040K->7984K(97280K)] 107185K->24137K(319488K), 0.0023770 secs] [Times: user=0.01 sys=0.00, real=0.00 secs] 
242.184: Total time for which application threads were stopped: 0.0053030 seconds, Stopping threads took: 0.0028420 seconds
242.262: Application time: 0.0780280 seconds
242.265: [GC [PSYoungGen: 91440K->7392K(97280K)] 107593K->23553K(319488K), 0.0021450 secs] [Times: user=0.01 sys=0.00, real=0.01 secs] 
242.268: Total time for which application threads were stopped: 0.0053590 seconds, Stopping threads took: 0.0031280 seconds
242.345: Application time: 0.0779380 seconds
242.348: [GC [PSYoungGen: 90848K->6816K(97280K)] 107009K->22985K(319488K), 0.0020010 secs] [Times: user=0.01 sys=0.00, real=0.00 secs] 
242.350: Total time for which application threads were stopped: 0.0043890 seconds, Stopping threads took: 0.0023070 seconds
242.432: Application time: 0.0822510 seconds
242.435: [GC [PSYoungGen: 90272K->8288K(97280K)] 106441K->24465K(319488K), 0.0023740 secs] [Times: user=0.02 sys=0.00, real=0.00 secs] 
242.437: Total time for which application threads were stopped: 0.0052370 seconds, Stopping threads took: 0.0027840 seconds
242.518: Application time: 0.0803040 seconds
242.519: [GC [PSYoungGen: 91744K->6896K(97280K)] 107921K->23073K(319488K), 0.0021030 secs] [Times: user=0.02 sys=0.00, real=0.00 secs] 
242.521: Total time for which application threads were stopped: 0.0032240 seconds, Stopping threads took: 0.0010250 seconds
242.597: Application time: 0.0763320 seconds
242.600: [GC [PSYoungGen: 90352K->7600K(97280K)] 106529K->23785K(319488K), 0.0023650 secs] [Times: user=0.01 sys=0.00, real=0.00 secs] 
242.602: Total time for which application threads were stopped: 0.0050950 seconds, Stopping threads took: 0.0026420 seconds
242.680: Application time: 0.0781460 seconds
242.683: [GC [PSYoungGen: 91056K->6848K(97280K)] 107241K->23041K(319488K), 0.0021230 secs] [Times: user=0.01 sys=0.00, real=0.00 secs] 
242.685: Total time for which application threads were stopped: 0.0048960 seconds, Stopping threads took: 0.0026770 seconds
242.763: Application time: 0.0776340 seconds
242.765: [GC [PSYoungGen: 90304K->7072K(97280K)] 106497K->23273K(319488K), 0.0021960 secs] [Times: user=0.02 sys=0.00, real=0.01 secs] 
242.768: Total time for which application threads were stopped: 0.0047620 seconds, Stopping threads took: 0.0024780 seconds
242.848: Application time: 0.0799110 seconds
242.850: [GC [PSYoungGen: 90528K->6720K(97280K)] 106729K->22929K(319488K), 0.0019830 secs] [Times: user=0.01 sys=0.00, real=0.00 secs] 
242.852: Total time for which application threads were stopped: 0.0043050 seconds, Stopping threads took: 0.0022370 seconds
242.931: Application time: 0.0792720 seconds
242.934: [GC [PSYoungGen: 90176K->7440K(97280K)] 106385K->23657K(319488K), 0.0021940 secs] [Times: user=0.02 sys=0.00, real=0.01 secs] 
242.937: Total time for which application threads were stopped: 0.0054510 seconds, Stopping threads took: 0.0031750 seconds
243.015: Application time: 0.0786780 seconds
243.018: [GC [PSYoungGen: 90896K->6976K(97280K)] 107113K->23193K(319488K), 0.0020550 secs] [Times: user=0.02 sys=0.00, real=0.00 secs] 
243.020: Total time for which application threads were stopped: 0.0044200 seconds, Stopping threads took: 0.0022810 seconds
243.100: Application time: 0.0800440 seconds
243.103: [GC [PSYoungGen: 90432K->7520K(97280K)] 106649K->23745K(319488K), 0.0021950 secs] [Times: user=0.01 sys=0.00, real=0.00 secs] 
243.105: Total time for which application threads were stopped: 0.0054140 seconds, Stopping threads took: 0.0031260 seconds
243.184: Application time: 0.0791580 seconds
243.186: [GC [PSYoungGen: 90976K->7200K(97280K)] 107201K->23441K(319488K), 0.0021620 secs] [Times: user=0.02 sys=0.00, real=0.01 secs] 
243.189: Total time for which application threads were stopped: 0.0041340 seconds, Stopping threads took: 0.0018830 seconds
243.269: Application time: 0.0807610 seconds
243.272: [GC [PSYoungGen: 90656K->6608K(97280K)] 106897K->22857K(319488K), 0.0020610 secs] [Times: user=0.01 sys=0.00, real=0.00 secs] 
243.274: Total time for which application threads were stopped: 0.0046490 seconds, Stopping threads took: 0.0025090 seconds
243.354: Application time: 0.0800960 seconds
243.357: [GC [PSYoungGen: 90064K->8432K(97280K)] 106313K->24689K(319488K), 0.0025130 secs] [Times: user=0.01 sys=0.00, real=0.00 secs] 
243.360: Total time for which application threads were stopped: 0.0055060 seconds, Stopping threads took: 0.0029090 seconds
243.437: Application time: 0.0776860 seconds
243.440: [GC [PSYoungGen: 91888K->6720K(97280K)] 108145K->22985K(319488K), 0.0019230 secs] [Times: user=0.01 sys=0.00, real=0.00 secs] 
243.442: Total time for which application threads were stopped: 0.0048170 seconds, Stopping threads took: 0.0027950 seconds
243.521: Application time: 0.0794090 seconds
243.524: [GC [PSYoungGen: 90176K->7216K(97280K)] 106441K->23481K(319488K), 0.0022540 secs] [Times: user=0.01 sys=0.01, real=0.00 secs] 
243.526: Total time for which application threads were stopped: 0.0048550 seconds, Stopping threads took: 0.0025210 seconds
243.606: Application time: 0.0792620 seconds
243.608: [GC [PSYoungGen: 90672K->5424K(97280K)] 106937K->21697K(319488K), 0.0015880 secs] [Times: user=0.01 sys=0.00, real=0.00 secs] 
243.610: Total time for which application threads were stopped: 0.0039950 seconds, Stopping threads took: 0.0023230 seconds
243.692: Application time: 0.0819240 seconds
243.695: [GC [PSYoungGen: 88880K->6256K(97280K)] 105153K->22529K(319488K), 0.0018740 secs] [Times: user=0.01 sys=0.00, real=0.01 secs] 
243.697: Total time for which application threads were stopped: 0.0050130 seconds, Stopping threads took: 0.0030630 seconds
243.772: Application time: 0.0758430 seconds
243.775: [GC [PSYoungGen: 89712K->7664K(97280K)] 105985K->23945K(319488K), 0.0022930 secs] [Times: user=0.01 sys=0.00, real=0.00 secs] 
243.777: Total time for which application threads were stopped: 0.0048440 seconds, Stopping threads took: 0.0024720 seconds
243.856: Application time: 0.0783210 seconds
243.858: [GC [PSYoungGen: 91120K->7152K(97280K)] 107401K->23441K(319488K), 0.0021270 secs] [Times: user=0.01 sys=0.00, real=0.00 secs] 
243.860: Total time for which application threads were stopped: 0.0045610 seconds, Stopping threads took: 0.0023430 seconds
243.942: Application time: 0.0819130 seconds
243.945: [GC [PSYoungGen: 90608K->7472K(97280K)] 106897K->23761K(319488K), 0.0021820 secs] [Times: user=0.01 sys=0.00, real=0.01 secs] 
243.947: Total time for which application threads were stopped: 0.0049670 seconds, Stopping threads took: 0.0026840 seconds
244.027: Application time: 0.0796920 seconds
244.028: [GC [PSYoungGen: 90928K->7504K(97280K)] 107217K->23801K(319488K), 0.0023360 secs] [Times: user=0.02 sys=0.00, real=0.00 secs] 
244.031: Total time for which application threads were stopped: 0.0039540 seconds, Stopping threads took: 0.0015160 seconds
244.108: Application time: 0.0775090 seconds
244.111: [GC [PSYoungGen: 90960K->8128K(97280K)] 107257K->24425K(319488K), 0.0023810 secs] [Times: user=0.01 sys=0.00, real=0.00 secs] 
244.113: Total time for which application threads were stopped: 0.0051510 seconds, Stopping threads took: 0.0026740 seconds
244.193: Application time: 0.0795400 seconds
244.196: [GC [PSYoungGen: 91584K->7136K(97280K)] 107881K->23449K(319488K), 0.0020590 secs] [Times: user=0.02 sys=0.00, real=0.00 secs] 
244.198: Total time for which application threads were stopped: 0.0047620 seconds, Stopping threads took: 0.0026220 seconds
244.277: Application time: 0.0791510 seconds
244.279: [GC [PSYoungGen: 90592K->7216K(97280K)] 106905K->23537K(319488K), 0.0020480 secs] [Times: user=0.02 sys=0.00, real=0.00 secs] 
244.281: Total time for which application threads were stopped: 0.0041520 seconds, Stopping threads took: 0.0020190 seconds
244.359: Application time: 0.0782470 seconds
244.362: [GC [PSYoungGen: 90672K->5632K(97280K)] 106993K->21961K(319488K), 0.0016360 secs] [Times: user=0.01 sys=0.00, real=0.00 secs] 
244.364: Total time for which application threads were stopped: 0.0046120 seconds, Stopping threads took: 0.0028950 seconds
244.441: Application time: 0.0770780 seconds
244.443: [GC [PSYoungGen: 89088K->7856K(97280K)] 105417K->24209K(319488K), 0.0022880 secs] [Times: user=0.02 sys=0.00, real=0.00 secs] 
244.446: Total time for which application threads were stopped: 0.0047050 seconds, Stopping threads took: 0.0023340 seconds
244.526: Application time: 0.0806040 seconds
244.529: [GC [PSYoungGen: 91312K->7440K(97280K)] 107665K->23801K(319488K), 0.0021220 secs] [Times: user=0.02 sys=0.00, real=0.00 secs] 
244.532: Total time for which application threads were stopped: 0.0054700 seconds, Stopping threads took: 0.0032690 seconds
244.611: Application time: 0.0789460 seconds
244.613: [GC [PSYoungGen: 90896K->7824K(97280K)] 107257K->24185K(319488K), 0.0023080 secs] [Times: user=0.02 sys=0.00, real=0.01 secs] 
244.615: Total time for which application threads were stopped: 0.0043980 seconds, Stopping threads took: 0.0019980 seconds
244.692: Application time: 0.0773290 seconds
244.696: [GC [PSYoungGen: 91280K->8080K(97280K)] 107641K->24449K(319488K), 0.0023860 secs] [Times: user=0.02 sys=0.00, real=0.00 secs] 
244.698: Total time for which application threads were stopped: 0.0057960 seconds, Stopping threads took: 0.0033260 seconds
244.776: Application time: 0.0776750 seconds
244.779: [GC [PSYoungGen: 91536K->7408K(97280K)] 107905K->23785K(319488K), 0.0023010 secs] [Times: user=0.01 sys=0.00, real=0.00 secs] 
244.781: Total time for which application threads were stopped: 0.0054910 seconds, Stopping threads took: 0.0031120 seconds
244.860: Application time: 0.0786130 seconds
244.862: [GC [PSYoungGen: 90864K->6112K(97280K)] 107241K->22497K(319488K), 0.0018090 secs] [Times: user=0.01 sys=0.00, real=0.00 secs] 
244.864: Total time for which application threads were stopped: 0.0038110 seconds, Stopping threads took: 0.0019210 seconds
244.942: Application time: 0.0781800 seconds
244.944: [GC [PSYoungGen: 89568K->7424K(97280K)] 105953K->23817K(319488K), 0.0023570 secs] [Times: user=0.02 sys=0.00, real=0.01 secs] 
244.947: Total time for which application threads were stopped: 0.0050010 seconds, Stopping threads took: 0.0025460 seconds
245.028: Application time: 0.0807860 seconds
245.030: [GC [PSYoungGen: 90880K->6832K(97280K)] 107273K->23233K(319488K), 0.0021430 secs] [Times: user=0.01 sys=0.00, real=0.00 secs] 
245.033: Total time for which application threads were stopped: 0.0049570 seconds, Stopping threads took: 0.0027290 seconds
245.113: Application time: 0.0800730 seconds
245.114: [GC [PSYoungGen: 90288K->6640K(97280K)] 106689K->23041K(319488K), 0.0021040 secs] [Times: user=0.01 sys=0.00, real=0.01 secs] 
245.116: Total time for which application threads were stopped: 0.0036820 seconds, Stopping threads took: 0.0014870 seconds
245.197: Application time: 0.0801280 seconds
245.199: [GC [PSYoungGen: 90096K->6752K(97280K)] 106497K->23161K(319488K), 0.0020700 secs] [Times: user=0.01 sys=0.00, real=0.00 secs] 
245.201: Total time for which application threads were stopped: 0.0044400 seconds, Stopping threads took: 0.0022790 seconds
245.279: Application time: 0.0777650 seconds
245.280: [GC [PSYoungGen: 90208K->6560K(97280K)] 106617K->22977K(319488K), 0.0020850 secs] [Times: user=0.02 sys=0.00, real=0.00 secs] 
245.282: Total time for which application threads were stopped: 0.0032060 seconds, Stopping threads took: 0.0010160 seconds
245.359: Application time: 0.0774950 seconds
245.362: [GC [PSYoungGen: 90016K->6400K(97280K)] 106433K->22825K(319488K), 0.0019530 secs] [Times: user=0.02 sys=0.00, real=0.00 secs] 
245.364: Total time for which application threads were stopped: 0.0042190 seconds, Stopping threads took: 0.0021840 seconds
245.437: Application time: 0.0736170 seconds
245.440: [GC [PSYoungGen: 89856K->7600K(97280K)] 106281K->24033K(319488K), 0.0021780 secs] [Times: user=0.01 sys=0.00, real=0.00 secs] 
245.442: Total time for which application threads were stopped: 0.0045620 seconds, Stopping threads took: 0.0023080 seconds
245.517: Application time: 0.0746960 seconds
245.518: [GC [PSYoungGen: 91056K->8272K(97280K)] 107489K->24737K(319488K), 0.0025270 secs] [Times: user=0.02 sys=0.00, real=0.00 secs] 
245.521: Total time for which application threads were stopped: 0.0042190 seconds, Stopping threads took: 0.0016100 seconds
245.596: Application time: 0.0747210 seconds
245.598: [GC [PSYoungGen: 91728K->7184K(97280K)] 108193K->23649K(319488K), 0.0021140 secs] [Times: user=0.01 sys=0.00, real=0.00 secs] 
245.600: Total time for which application threads were stopped: 0.0047060 seconds, Stopping threads took: 0.0025090 seconds
245.675: Application time: 0.0747260 seconds
245.677: [GC [PSYoungGen: 90640K->7024K(97280K)] 107105K->23497K(319488K), 0.0021250 secs] [Times: user=0.01 sys=0.00, real=0.00 secs] 
245.679: Total time for which application threads were stopped: 0.0038820 seconds, Stopping threads took: 0.0016450 seconds
245.754: Application time: 0.0747710 seconds
245.754: [GC [PSYoungGen: 90480K->6112K(97280K)] 106953K->22593K(319488K), 0.0018060 secs] [Times: user=0.01 sys=0.00, real=0.01 secs] 
245.756: Total time for which application threads were stopped: 0.0024220 seconds, Stopping threads took: 0.0005380 seconds
245.832: Application time: 0.0755310 seconds
245.834: [GC [PSYoungGen: 89568K->6464K(97280K)] 106049K->22945K(319488K), 0.0017760 secs] [Times: user=0.01 sys=0.00, real=0.01 secs] 
245.835: Total time for which application threads were stopped: 0.0039010 seconds, Stopping threads took: 0.0020500 seconds
245.909: Application time: 0.0734280 seconds
245.911: [GC [PSYoungGen: 89920K->8176K(97280K)] 106401K->24665K(319488K), 0.0023890 secs] [Times: user=0.02 sys=0.00, real=0.00 secs] 
245.914: Total time for which application threads were stopped: 0.0047150 seconds, Stopping threads took: 0.0022450 seconds
245.990: Application time: 0.0765050 seconds
245.993: [GC [PSYoungGen: 91632K->8016K(97280K)] 108121K->24513K(319488K), 0.0022770 secs] [Times: user=0.01 sys=0.01, real=0.01 secs] 
245.995: Total time for which application threads were stopped: 0.0052680 seconds, Stopping threads took: 0.0029100 seconds
246.070: Application time: 0.0745250 seconds
246.071: [GC [PSYoungGen: 91472K->6752K(97280K)] 107969K->23249K(319488K), 0.0020280 secs] [Times: user=0.02 sys=0.00, real=0.00 secs] 
246.073: Total time for which application threads were stopped: 0.0031050 seconds, Stopping threads took: 0.0009960 seconds
246.146: Application time: 0.0730100 seconds
246.148: [GC [PSYoungGen: 90208K->7296K(97280K)] 106705K->23809K(319488K), 0.0020930 secs] [Times: user=0.01 sys=0.00, real=0.00 secs] 
246.150: Total time for which application threads were stopped: 0.0044500 seconds, Stopping threads took: 0.0022760 seconds
246.224: Application time: 0.0730580 seconds
246.226: [GC [PSYoungGen: 90752K->8000K(97280K)] 107265K->24521K(319488K), 0.0024180 secs] [Times: user=0.02 sys=0.00, real=0.01 secs] 
246.228: Total time for which application threads were stopped: 0.0047760 seconds, Stopping threads took: 0.0022700 seconds
246.304: Application time: 0.0759350 seconds
246.307: [GC [PSYoungGen: 91456K->6288K(97280K)] 107977K->22817K(319488K), 0.0018670 secs] [Times: user=0.01 sys=0.00, real=0.01 secs] 
246.308: Total time for which application threads were stopped: 0.0041990 seconds, Stopping threads took: 0.0022540 seconds
246.384: Application time: 0.0750530 seconds
246.386: [GC [PSYoungGen: 89744K->6896K(97280K)] 106273K->23433K(319488K), 0.0020720 secs] [Times: user=0.01 sys=0.00, real=0.01 secs] 
246.388: Total time for which application threads were stopped: 0.0049440 seconds, Stopping threads took: 0.0027890 seconds
246.462: Application time: 0.0736530 seconds
246.464: [GC [PSYoungGen: 90352K->7488K(97280K)] 106889K->24033K(319488K), 0.0021180 secs] [Times: user=0.02 sys=0.00, real=0.00 secs] 
246.466: Total time for which application threads were stopped: 0.0042720 seconds, Stopping threads took: 0.0020760 seconds
246.539: Application time: 0.0730890 seconds
246.541: [GC [PSYoungGen: 90944K->7728K(97280K)] 107489K->24289K(319488K), 0.0022430 secs] [Times: user=0.00 sys=0.00, real=0.00 secs] 
246.543: Total time for which application threads were stopped: 0.0037160 seconds, Stopping threads took: 0.0013970 seconds
246.621: Application time: 0.0775360 seconds
246.622: [GC [PSYoungGen: 91184K->6576K(97280K)] 107745K->23145K(319488K), 0.0020980 secs] [Times: user=0.01 sys=0.00, real=0.00 secs] 
246.624: Total time for which application threads were stopped: 0.0030930 seconds, Stopping threads took: 0.0009130 seconds
246.700: Application time: 0.0759140 seconds
246.701: [GC [PSYoungGen: 90032K->3856K(97280K)] 106601K->20433K(319488K), 0.0011580 secs] [Times: user=0.01 sys=0.00, real=0.00 secs] 
246.702: Total time for which application threads were stopped: 0.0025960 seconds, Stopping threads took: 0.0013760 seconds
246.777: Application time: 0.0749180 seconds
246.780: [GC [PSYoungGen: 87312K->6688K(97280K)] 103889K->23273K(319488K), 0.0019420 secs] [Times: user=0.02 sys=0.00, real=0.00 secs] 
246.782: Total time for which application threads were stopped: 0.0044480 seconds, Stopping threads took: 0.0024200 seconds
246.857: Application time: 0.0749700 seconds
246.859: [GC [PSYoungGen: 90144K->7136K(97280K)] 106729K->23729K(319488K), 0.0020260 secs] [Times: user=0.02 sys=0.00, real=0.00 secs] 
246.861: Total time for which application threads were stopped: 0.0046170 seconds, Stopping threads took: 0.0025140 seconds
246.940: Application time: 0.0787830 seconds
246.942: [GC [PSYoungGen: 90592K->6688K(97280K)] 107185K->23289K(319488K), 0.0019790 secs] [Times: user=0.00 sys=0.00, real=0.00 secs] 
246.944: Total time for which application threads were stopped: 0.0036170 seconds, Stopping threads took: 0.0015570 seconds
247.016: Application time: 0.0721980 seconds
247.019: [GC [PSYoungGen: 90144K->8064K(97280K)] 106745K->24673K(319488K), 0.0023050 secs] [Times: user=0.02 sys=0.00, real=0.00 secs] 
247.021: Total time for which application threads were stopped: 0.0053790 seconds, Stopping threads took: 0.0029920 seconds
247.099: Application time: 0.0780110 seconds
247.102: [GC [PSYoungGen: 91520K->7344K(97280K)] 108129K->23961K(319488K), 0.0021560 secs] [Times: user=0.02 sys=0.00, real=0.00 secs] 
247.104: Total time for which application threads were stopped: 0.0046060 seconds, Stopping threads took: 0.0023620 seconds
247.178: Application time: 0.0737240 seconds
247.180: [GC [PSYoungGen: 90800K->7760K(97280K)] 107417K->24393K(319488K), 0.0022740 secs] [Times: user=0.02 sys=0.00, real=0.00 secs] 
247.182: Total time for which application threads were stopped: 0.0048460 seconds, Stopping threads took: 0.0024940 seconds
247.258: Application time: 0.0757340 seconds
247.260: [GC [PSYoungGen: 91216K->6336K(97280K)] 107849K->22977K(319488K), 0.0018120 secs] [Times: user=0.01 sys=0.00, real=0.00 secs] 
247.262: Total time for which application threads were stopped: 0.0032990 seconds, Stopping threads took: 0.0014010 seconds
247.333: Application time: 0.0714750 seconds
247.336: [GC [PSYoungGen: 89792K->7728K(97280K)] 106433K->24377K(319488K), 0.0024350 secs] [Times: user=0.01 sys=0.00, real=0.00 secs] 
247.338: Total time for which application threads were stopped: 0.0053380 seconds, Stopping threads took: 0.0028170 seconds
247.411: Application time: 0.0729510 seconds
247.413: [GC [PSYoungGen: 91184K->8176K(97280K)] 107833K->24841K(319488K), 0.0023850 secs] [Times: user=0.02 sys=0.00, real=0.01 secs] 
247.415: Total time for which application threads were stopped: 0.0041040 seconds, Stopping threads took: 0.0016340 seconds
247.490: Application time: 0.0748120 seconds
247.492: [GC [PSYoungGen: 91632K->8320K(97280K)] 108297K->24993K(319488K), 0.0023970 secs] [Times: user=0.02 sys=0.00, real=0.00 secs] 
247.495: Total time for which application threads were stopped: 0.0044850 seconds, Stopping threads took: 0.0020050 seconds
247.570: Application time: 0.0749630 seconds
247.573: [GC [PSYoungGen: 91776K->6784K(97280K)] 108449K->23457K(319488K), 0.0019600 secs] [Times: user=0.01 sys=0.00, real=0.00 secs] 
247.575: Total time for which application threads were stopped: 0.0048890 seconds, Stopping threads took: 0.0028440 seconds
247.651: Application time: 0.0764240 seconds
247.653: [GC [PSYoungGen: 90240K->7040K(97280K)] 106913K->23721K(319488K), 0.0020840 secs] [Times: user=0.01 sys=0.00, real=0.01 secs] 
247.655: Total time for which application threads were stopped: 0.0041070 seconds, Stopping threads took: 0.0019410 seconds
247.728: Application time: 0.0726450 seconds
247.729: [GC [PSYoungGen: 90496K->8080K(97280K)] 107177K->24769K(319488K), 0.0023790 secs] [Times: user=0.01 sys=0.00, real=0.00 secs] 
247.732: Total time for which application threads were stopped: 0.0039510 seconds, Stopping threads took: 0.0014930 seconds
247.807: Application time: 0.0755550 seconds
247.809: [GC [PSYoungGen: 91536K->7552K(97280K)] 108225K->24249K(319488K), 0.0021660 secs] [Times: user=0.02 sys=0.00, real=0.00 secs] 
247.811: Total time for which application threads were stopped: 0.0036180 seconds, Stopping threads took: 0.0013620 seconds
247.886: Application time: 0.0749060 seconds
247.887: [GC [PSYoungGen: 91008K->6144K(97280K)] 107705K->22849K(319488K), 0.0019160 secs] [Times: user=0.01 sys=0.00, real=0.00 secs] 
247.889: Total time for which application threads were stopped: 0.0031280 seconds, Stopping threads took: 0.0011020 seconds
247.961: Application time: 0.0725300 seconds
247.964: [GC [PSYoungGen: 89600K->7648K(97280K)] 106305K->24361K(319488K), 0.0021920 secs] [Times: user=0.02 sys=0.00, real=0.00 secs] 
247.966: Total time for which application threads were stopped: 0.0045390 seconds, Stopping threads took: 0.0022690 seconds
248.040: Application time: 0.0740740 seconds
248.041: [GC [PSYoungGen: 91104K->7104K(97280K)] 107817K->23817K(319488K), 0.0020960 secs] [Times: user=0.01 sys=0.00, real=0.00 secs] 
248.044: Total time for which application threads were stopped: 0.0035840 seconds, Stopping threads took: 0.0014020 seconds
248.118: Application time: 0.0738930 seconds
248.119: [GC [PSYoungGen: 90560K->6576K(97280K)] 107273K->23297K(319488K), 0.0020510 secs] [Times: user=0.01 sys=0.00, real=0.00 secs] 
248.121: Total time for which application threads were stopped: 0.0036420 seconds, Stopping threads took: 0.0015090 seconds
248.194: Application time: 0.0732870 seconds
248.198: [GC [PSYoungGen: 90032K->8080K(97280K)] 106753K->24809K(319488K), 0.0024020 secs] [Times: user=0.01 sys=0.00, real=0.00 secs] 
248.200: Total time for which application threads were stopped: 0.0054940 seconds, Stopping threads took: 0.0030000 seconds
248.274: Application time: 0.0742300 seconds
248.276: [GC [PSYoungGen: 91536K->7456K(97280K)] 108265K->24185K(319488K), 0.0021590 secs] [Times: user=0.01 sys=0.00, real=0.00 secs] 
248.278: Total time for which application threads were stopped: 0.0040210 seconds, Stopping threads took: 0.0017830 seconds
248.353: Application time: 0.0749600 seconds
248.356: [GC [PSYoungGen: 90912K->7008K(97280K)] 107641K->23745K(319488K), 0.0019850 secs] [Times: user=0.01 sys=0.00, real=0.00 secs] 
248.358: Total time for which application threads were stopped: 0.0046420 seconds, Stopping threads took: 0.0025730 seconds
248.431: Application time: 0.0731820 seconds
248.433: [GC [PSYoungGen: 90464K->7264K(97280K)] 107201K->24009K(319488K), 0.0020440 secs] [Times: user=0.01 sys=0.00, real=0.01 secs] 
248.435: Total time for which application threads were stopped: 0.0039690 seconds, Stopping threads took: 0.0018350 seconds
248.510: Application time: 0.0746050 seconds
248.512: [GC [PSYoungGen: 90720K->7552K(97280K)] 107465K->24297K(319488K), 0.0021680 secs] [Times: user=0.01 sys=0.00, real=0.00 secs] 
248.514: Total time for which application threads were stopped: 0.0045150 seconds, Stopping threads took: 0.0022520 seconds
248.587: Application time: 0.0726170 seconds
248.590: [GC [PSYoungGen: 91008K->7904K(97280K)] 107753K->24657K(319488K), 0.0023940 secs] [Times: user=0.02 sys=0.00, real=0.00 secs] 
248.592: Total time for which application threads were stopped: 0.0052860 seconds, Stopping threads took: 0.0028090 seconds
248.668: Application time: 0.0756430 seconds
248.670: [GC [PSYoungGen: 91360K->6240K(97280K)] 108113K->23001K(319488K), 0.0018530 secs] [Times: user=0.01 sys=0.00, real=0.00 secs] 
248.672: Total time for which application threads were stopped: 0.0039520 seconds, Stopping threads took: 0.0020150 seconds
248.746: Application time: 0.0742490 seconds
248.747: [GC [PSYoungGen: 89696K->6624K(97280K)] 106457K->23393K(319488K), 0.0019350 secs] [Times: user=0.01 sys=0.00, real=0.00 secs] 
248.749: Total time for which application threads were stopped: 0.0032880 seconds, Stopping threads took: 0.0012780 seconds
248.824: Application time: 0.0743610 seconds
248.826: [GC [PSYoungGen: 90080K->8224K(97280K)] 106849K->25001K(319488K), 0.0024380 secs] [Times: user=0.02 sys=0.00, real=0.01 secs] 
248.829: Total time for which application threads were stopped: 0.0050460 seconds, Stopping threads took: 0.0025180 seconds
248.906: Application time: 0.0777030 seconds
248.909: [GC [PSYoungGen: 91680K->5712K(97280K)] 108457K->22497K(319488K), 0.0017790 secs] [Times: user=0.01 sys=0.00, real=0.00 secs] 
248.911: Total time for which application threads were stopped: 0.0043250 seconds, Stopping threads took: 0.0024680 seconds
248.985: Application time: 0.0745380 seconds
248.987: [GC [PSYoungGen: 89168K->5904K(97280K)] 105953K->22697K(319488K), 0.0019330 secs] [Times: user=0.01 sys=0.00, real=0.01 secs] 
248.988: Total time for which application threads were stopped: 0.0033590 seconds, Stopping threads took: 0.0013210 seconds
249.059: Application time: 0.0709620 seconds
249.062: [GC [PSYoungGen: 89360K->7744K(97280K)] 106153K->24545K(319488K), 0.0023270 secs] [Times: user=0.02 sys=0.00, real=0.00 secs] 
249.064: Total time for which application threads were stopped: 0.0050230 seconds, Stopping threads took: 0.0026210 seconds
249.137: Application time: 0.0720780 seconds
249.139: [GC [PSYoungGen: 91200K->8064K(97280K)] 108001K->24873K(319488K), 0.0026090 secs] [Times: user=0.01 sys=0.00, real=0.00 secs] 
249.142: Total time for which application threads were stopped: 0.0050420 seconds, Stopping threads took: 0.0023520 seconds
249.218: Application time: 0.0765190 seconds
249.221: [GC [PSYoungGen: 91520K->7696K(97280K)] 108329K->24513K(319488K), 0.0022470 secs] [Times: user=0.02 sys=0.00, real=0.00 secs] 
249.224: Total time for which application threads were stopped: 0.0054380 seconds, Stopping threads took: 0.0031090 seconds
249.301: Application time: 0.0773520 seconds
249.303: [GC [PSYoungGen: 91152K->7024K(97280K)] 107969K->23849K(319488K), 0.0020360 secs] [Times: user=0.01 sys=0.00, real=0.00 secs] 
249.305: Total time for which application threads were stopped: 0.0039960 seconds, Stopping threads took: 0.0018780 seconds
249.380: Application time: 0.0752020 seconds
249.382: [GC [PSYoungGen: 90480K->7056K(97280K)] 107305K->23889K(319488K), 0.0021410 secs] [Times: user=0.01 sys=0.00, real=0.00 secs] 
249.385: Total time for which application threads were stopped: 0.0044050 seconds, Stopping threads took: 0.0021810 seconds
249.464: Application time: 0.0791130 seconds
249.467: [GC [PSYoungGen: 90512K->6752K(97280K)] 107345K->23593K(319488K), 0.0019990 secs] [Times: user=0.02 sys=0.00, real=0.00 secs] 
249.469: Total time for which application threads were stopped: 0.0053320 seconds, Stopping threads took: 0.0032480 seconds
249.548: Application time: 0.0790310 seconds
249.551: [GC [PSYoungGen: 90208K->5760K(97280K)] 107049K->22601K(319488K), 0.0017470 secs] [Times: user=0.01 sys=0.00, real=0.00 secs] 
249.552: Total time for which application threads were stopped: 0.0044340 seconds, Stopping threads took: 0.0025970 seconds
249.634: Application time: 0.0813320 seconds
249.637: [GC [PSYoungGen: 89216K->7168K(97280K)] 106057K->24017K(319488K), 0.0020160 secs] [Times: user=0.01 sys=0.00, real=0.00 secs] 
249.639: Total time for which application threads were stopped: 0.0049550 seconds, Stopping threads took: 0.0028590 seconds
249.716: Application time: 0.0772090 seconds
249.719: [GC [PSYoungGen: 90624K->7376K(97280K)] 107473K->24233K(319488K), 0.0022360 secs] [Times: user=0.01 sys=0.00, real=0.00 secs] 
249.721: Total time for which application threads were stopped: 0.0051270 seconds, Stopping threads took: 0.0028060 seconds
249.802: Application time: 0.0805530 seconds
249.803: [GC [PSYoungGen: 90830K->5680K(97280K)] 107687K->22545K(319488K), 0.0016740 secs] [Times: user=0.01 sys=0.00, real=0.00 secs] 
249.805: Total time for which application threads were stopped: 0.0033750 seconds, Stopping threads took: 0.0016220 seconds
249.883: Application time: 0.0779600 seconds
249.885: [GC [PSYoungGen: 89136K->6320K(97280K)] 106001K->23193K(319488K), 0.0019590 secs] [Times: user=0.01 sys=0.01, real=0.01 secs] 
249.887: Total time for which application threads were stopped: 0.0041330 seconds, Stopping threads took: 0.0020950 seconds
249.967: Application time: 0.0794450 seconds
249.969: [GC [PSYoungGen: 89776K->6928K(97280K)] 106649K->23809K(319488K), 0.0021000 secs] [Times: user=0.02 sys=0.00, real=0.00 secs] 
249.971: Total time for which application threads were stopped: 0.0044570 seconds, Stopping threads took: 0.0022700 seconds
250.051: Application time: 0.0797870 seconds
250.053: [GC [PSYoungGen: 90384K->7136K(97280K)] 107265K->24017K(319488K), 0.0020730 secs] [Times: user=0.02 sys=0.00, real=0.01 secs] 
250.055: Total time for which application threads were stopped: 0.0045290 seconds, Stopping threads took: 0.0023630 seconds
250.134: Application time: 0.0786420 seconds
250.136: [GC [PSYoungGen: 90592K->6448K(97280K)] 107473K->23337K(319488K), 0.0018830 secs] [Times: user=0.02 sys=0.00, real=0.00 secs] 
250.138: Total time for which application threads were stopped: 0.0038200 seconds, Stopping threads took: 0.0018550 seconds
250.216: Application time: 0.0781970 seconds
250.219: [GC [PSYoungGen: 89904K->7936K(97280K)] 106793K->24833K(319488K), 0.0022710 secs] [Times: user=0.01 sys=0.00, real=0.00 secs] 
250.221: Total time for which application threads were stopped: 0.0049820 seconds, Stopping threads took: 0.0026270 seconds
250.301: Application time: 0.0795260 seconds
250.302: [GC [PSYoungGen: 91392K->6080K(97280K)] 108289K->22985K(319488K), 0.0019060 secs] [Times: user=0.02 sys=0.00, real=0.00 secs] 
250.304: Total time for which application threads were stopped: 0.0037960 seconds, Stopping threads took: 0.0018020 seconds
250.384: Application time: 0.0792620 seconds
250.385: [GC [PSYoungGen: 89536K->7136K(97280K)] 106441K->24049K(319488K), 0.0021590 secs] [Times: user=0.01 sys=0.00, real=0.00 secs] 
250.387: Total time for which application threads were stopped: 0.0033170 seconds, Stopping threads took: 0.0010680 seconds
250.468: Application time: 0.0806190 seconds
250.469: [GC [PSYoungGen: 90592K->7728K(97280K)] 107505K->24649K(319488K), 0.0025250 secs] [Times: user=0.01 sys=0.00, real=0.00 secs] 
250.472: Total time for which application threads were stopped: 0.0043280 seconds, Stopping threads took: 0.0017190 seconds
250.551: Application time: 0.0793750 seconds
250.553: [GC [PSYoungGen: 91184K->7024K(97280K)] 108105K->23945K(319488K), 0.0020930 secs] [Times: user=0.01 sys=0.01, real=0.01 secs] 
250.555: Total time for which application threads were stopped: 0.0038850 seconds, Stopping threads took: 0.0016860 seconds
250.635: Application time: 0.0802450 seconds
250.638: [GC [PSYoungGen: 90480K->7264K(97280K)] 107401K->24193K(319488K), 0.0022880 secs] [Times: user=0.02 sys=0.00, real=0.00 secs] 
250.640: Total time for which application threads were stopped: 0.0050570 seconds, Stopping threads took: 0.0026760 seconds
250.722: Application time: 0.0820520 seconds
250.725: [GC [PSYoungGen: 90720K->5712K(97280K)] 107649K->22649K(319488K), 0.0016990 secs] [Times: user=0.01 sys=0.00, real=0.00 secs] 
250.727: Total time for which application threads were stopped: 0.0043750 seconds, Stopping threads took: 0.0025930 seconds
250.808: Application time: 0.0806760 seconds
250.811: [GC [PSYoungGen: 89168K->7120K(97280K)] 106105K->24065K(319488K), 0.0020330 secs] [Times: user=0.02 sys=0.00, real=0.00 secs] 
250.813: Total time for which application threads were stopped: 0.0052200 seconds, Stopping threads took: 0.0031030 seconds
250.891: Application time: 0.0779400 seconds
250.892: [GC [PSYoungGen: 90576K->6672K(97280K)] 107521K->23625K(319488K), 0.0019560 secs] [Times: user=0.02 sys=0.00, real=0.00 secs] 
250.894: Total time for which application threads were stopped: 0.0032850 seconds, Stopping threads took: 0.0012440 seconds
250.972: Application time: 0.0779340 seconds
250.974: [GC [PSYoungGen: 90128K->6576K(97280K)] 107081K->23537K(319488K), 0.0019960 secs] [Times: user=0.01 sys=0.00, real=0.01 secs] 
250.976: Total time for which application threads were stopped: 0.0038650 seconds, Stopping threads took: 0.0017820 seconds
251.056: Application time: 0.0806240 seconds
251.060: [GC [PSYoungGen: 90032K->6448K(97280K)] 106993K->23409K(319488K), 0.0018350 secs] [Times: user=0.01 sys=0.00, real=0.00 secs] 
251.061: Total time for which application threads were stopped: 0.0049920 seconds, Stopping threads took: 0.0030780 seconds
251.140: Application time: 0.0783090 seconds
251.142: [GC [PSYoungGen: 89904K->7776K(97280K)] 106865K->24737K(319488K), 0.0023230 secs] [Times: user=0.02 sys=0.00, real=0.00 secs] 
251.145: Total time for which application threads were stopped: 0.0050050 seconds, Stopping threads took: 0.0025910 seconds
251.224: Application time: 0.0792840 seconds
251.227: [GC [PSYoungGen: 91231K->7040K(97280K)] 108192K->24009K(319488K), 0.0020880 secs] [Times: user=0.01 sys=0.00, real=0.01 secs] 
251.229: Total time for which application threads were stopped: 0.0048720 seconds, Stopping threads took: 0.0026970 seconds
251.308: Application time: 0.0789380 seconds
251.310: [GC [PSYoungGen: 90496K->7248K(97280K)] 107465K->24233K(319488K), 0.0021300 secs] [Times: user=0.01 sys=0.00, real=0.00 secs] 
251.312: Total time for which application threads were stopped: 0.0039280 seconds, Stopping threads took: 0.0017150 seconds
251.393: Application time: 0.0810290 seconds
251.395: [GC [PSYoungGen: 90704K->6464K(97280K)] 107689K->23457K(319488K), 0.0019130 secs] [Times: user=0.01 sys=0.00, real=0.00 secs] 
251.397: Total time for which application threads were stopped: 0.0046800 seconds, Stopping threads took: 0.0026840 seconds
251.475: Application time: 0.0780320 seconds
251.477: [GC [PSYoungGen: 89920K->7008K(97280K)] 106913K->24009K(319488K), 0.0021430 secs] [Times: user=0.01 sys=0.00, real=0.00 secs] 
251.479: Total time for which application threads were stopped: 0.0038320 seconds, Stopping threads took: 0.0016070 seconds
251.560: Application time: 0.0805510 seconds
251.562: [GC [PSYoungGen: 90464K->7472K(97280K)] 107465K->24473K(319488K), 0.0023050 secs] [Times: user=0.02 sys=0.00, real=0.00 secs] 
251.564: Total time for which application threads were stopped: 0.0045390 seconds, Stopping threads took: 0.0021480 seconds
251.643: Application time: 0.0782620 seconds
251.645: [GC [PSYoungGen: 90928K->7632K(97280K)] 107929K->24633K(319488K), 0.0022680 secs] [Times: user=0.01 sys=0.00, real=0.01 secs] 
251.648: Total time for which application threads were stopped: 0.0049800 seconds, Stopping threads took: 0.0026140 seconds
251.726: Application time: 0.0781050 seconds
251.728: [GC [PSYoungGen: 91088K->7568K(97280K)] 108089K->24577K(319488K), 0.0021890 secs] [Times: user=0.01 sys=0.00, real=0.00 secs] 
251.730: Total time for which application threads were stopped: 0.0043210 seconds, Stopping threads took: 0.0020470 seconds
251.808: Application time: 0.0777050 seconds
251.809: [GC [PSYoungGen: 91024K->7360K(97280K)] 108033K->24377K(319488K), 0.0021570 secs] [Times: user=0.02 sys=0.00, real=0.00 secs] 
251.811: Total time for which application threads were stopped: 0.0036560 seconds, Stopping threads took: 0.0014140 seconds
251.896: Application time: 0.0841140 seconds
251.897: [GC [PSYoungGen: 90816K->7632K(97280K)] 107833K->24657K(319488K), 0.0022950 secs] [Times: user=0.02 sys=0.00, real=0.00 secs] 
251.899: Total time for which application threads were stopped: 0.0034740 seconds, Stopping threads took: 0.0010980 seconds
251.979: Application time: 0.0797670 seconds
251.981: [GC [PSYoungGen: 91088K->6128K(97280K)] 108113K->23161K(319488K), 0.0018270 secs] [Times: user=0.01 sys=0.00, real=0.00 secs] 
251.983: Total time for which application threads were stopped: 0.0045010 seconds, Stopping threads took: 0.0025910 seconds
252.063: Application time: 0.0792790 seconds
252.065: [GC [PSYoungGen: 89584K->7600K(97280K)] 106617K->24641K(319488K), 0.0024380 secs] [Times: user=0.01 sys=0.00, real=0.01 secs] 
252.068: Total time for which application threads were stopped: 0.0052140 seconds, Stopping threads took: 0.0026710 seconds
252.147: Application time: 0.0789510 seconds
252.149: [GC [PSYoungGen: 91056K->6704K(97280K)] 108097K->23745K(319488K), 0.0020140 secs] [Times: user=0.02 sys=0.00, real=0.00 secs] 
252.152: Total time for which application threads were stopped: 0.0047550 seconds, Stopping threads took: 0.0026510 seconds
252.228: Application time: 0.0764080 seconds
252.230: [GC [PSYoungGen: 90160K->7824K(97280K)] 107201K->24873K(319488K), 0.0022700 secs] [Times: user=0.01 sys=0.00, real=0.00 secs] 
252.232: Total time for which application threads were stopped: 0.0043940 seconds, Stopping threads took: 0.0020370 seconds
252.314: Application time: 0.0812200 seconds
252.316: [GC [PSYoungGen: 91280K->7344K(97280K)] 108329K->24401K(319488K), 0.0021710 secs] [Times: user=0.02 sys=0.00, real=0.00 secs] 
252.318: Total time for which application threads were stopped: 0.0046220 seconds, Stopping threads took: 0.0023470 seconds
252.396: Application time: 0.0781450 seconds
252.399: [GC [PSYoungGen: 90800K->7072K(97280K)] 107857K->24137K(319488K), 0.0021070 secs] [Times: user=0.01 sys=0.00, real=0.00 secs] 
252.401: Total time for which application threads were stopped: 0.0045230 seconds, Stopping threads took: 0.0023330 seconds
252.479: Application time: 0.0785150 seconds
252.481: [GC [PSYoungGen: 90528K->6416K(97280K)] 107593K->23489K(319488K), 0.0019160 secs] [Times: user=0.01 sys=0.00, real=0.00 secs] 
252.483: Total time for which application threads were stopped: 0.0038310 seconds, Stopping threads took: 0.0018310 seconds
252.561: Application time: 0.0777460 seconds
252.564: [GC [PSYoungGen: 89872K->6896K(97280K)] 106945K->23977K(319488K), 0.0020590 secs] [Times: user=0.01 sys=0.00, real=0.00 secs] 
252.566: Total time for which application threads were stopped: 0.0050510 seconds, Stopping threads took: 0.0029000 seconds
252.646: Application time: 0.0801220 seconds
252.649: [GC [PSYoungGen: 90352K->7440K(97280K)] 107433K->24521K(319488K), 0.0021220 secs] [Times: user=0.02 sys=0.00, real=0.00 secs] 
252.651: Total time for which application threads were stopped: 0.0050900 seconds, Stopping threads took: 0.0028880 seconds
252.730: Application time: 0.0788670 seconds
252.732: [GC [PSYoungGen: 90896K->6416K(97280K)] 107977K->23505K(319488K), 0.0019130 secs] [Times: user=0.01 sys=0.00, real=0.00 secs] 
252.734: Total time for which application threads were stopped: 0.0037480 seconds, Stopping threads took: 0.0017440 seconds
252.813: Application time: 0.0792160 seconds
252.816: [GC [PSYoungGen: 89872K->7232K(97280K)] 106961K->24329K(319488K), 0.0022130 secs] [Times: user=0.01 sys=0.00, real=0.00 secs] 
252.818: Total time for which application threads were stopped: 0.0053610 seconds, Stopping threads took: 0.0030660 seconds
252.897: Application time: 0.0783870 seconds
252.899: [GC [PSYoungGen: 90688K->7824K(97280K)] 107785K->24945K(319488K), 0.0023940 secs] [Times: user=0.01 sys=0.01, real=0.00 secs] 
252.901: Total time for which application threads were stopped: 0.0044610 seconds, Stopping threads took: 0.0019830 seconds
252.981: Application time: 0.0792770 seconds
252.983: [GC [PSYoungGen: 91280K->7536K(97280K)] 108401K->24665K(319488K), 0.0023130 secs] [Times: user=0.02 sys=0.00, real=0.00 secs] 
252.985: Total time for which application threads were stopped: 0.0045510 seconds, Stopping threads took: 0.0021540 seconds
253.064: Application time: 0.0785120 seconds
253.065: [GC [PSYoungGen: 90992K->7760K(97280K)] 108121K->24897K(319488K), 0.0022110 secs] [Times: user=0.01 sys=0.00, real=0.01 secs] 
253.067: Total time for which application threads were stopped: 0.0038300 seconds, Stopping threads took: 0.0015370 seconds
253.146: Application time: 0.0781290 seconds
253.148: [GC [PSYoungGen: 91216K->7968K(97280K)] 108353K->25105K(319488K), 0.0023390 secs] [Times: user=0.02 sys=0.00, real=0.00 secs] 
253.151: Total time for which application threads were stopped: 0.0050150 seconds, Stopping threads took: 0.0025950 seconds
253.229: Application time: 0.0783450 seconds
253.231: [GC [PSYoungGen: 91424K->7392K(97280K)] 108561K->24553K(319488K), 0.0021840 secs] [Times: user=0.02 sys=0.00, real=0.00 secs] 
253.234: Total time for which application threads were stopped: 0.0046820 seconds, Stopping threads took: 0.0024130 seconds
253.312: Application time: 0.0784200 seconds
253.314: [GC [PSYoungGen: 90848K->7808K(97280K)] 108009K->24985K(319488K), 0.0024130 secs] [Times: user=0.02 sys=0.00, real=0.01 secs] 
253.317: Total time for which application threads were stopped: 0.0045780 seconds, Stopping threads took: 0.0020660 seconds
253.391: Application time: 0.0738860 seconds
253.393: [GC [PSYoungGen: 91264K->7296K(97280K)] 108441K->24481K(319488K), 0.0021640 secs] [Times: user=0.02 sys=0.00, real=0.01 secs] 
253.395: Total time for which application threads were stopped: 0.0044750 seconds, Stopping threads took: 0.0022310 seconds
253.469: Application time: 0.0737940 seconds
253.472: [GC [PSYoungGen: 90752K->6720K(97280K)] 107937K->23913K(319488K), 0.0019510 secs] [Times: user=0.01 sys=0.00, real=0.00 secs] 
253.474: Total time for which application threads were stopped: 0.0048890 seconds, Stopping threads took: 0.0028330 seconds
253.549: Application time: 0.0753700 seconds
253.552: [GC [PSYoungGen: 90176K->6864K(97280K)] 107369K->24065K(319488K), 0.0020290 secs] [Times: user=0.01 sys=0.00, real=0.00 secs] 
253.554: Total time for which application threads were stopped: 0.0046290 seconds, Stopping threads took: 0.0025240 seconds
253.630: Application time: 0.0760130 seconds
253.632: [GC [PSYoungGen: 90320K->6400K(97280K)] 107521K->23601K(319488K), 0.0018630 secs] [Times: user=0.02 sys=0.00, real=0.00 secs] 
253.634: Total time for which application threads were stopped: 0.0042560 seconds, Stopping threads took: 0.0023170 seconds
253.707: Application time: 0.0731690 seconds
253.709: [GC [PSYoungGen: 89856K->6160K(97280K)] 107057K->23369K(319488K), 0.0018330 secs] [Times: user=0.01 sys=0.00, real=0.00 secs] 
253.711: Total time for which application threads were stopped: 0.0040170 seconds, Stopping threads took: 0.0021080 seconds
253.785: Application time: 0.0740420 seconds
253.788: [GC [PSYoungGen: 89616K->7088K(97280K)] 106825K->24305K(319488K), 0.0020880 secs] [Times: user=0.01 sys=0.00, real=0.00 secs] 
253.790: Total time for which application threads were stopped: 0.0051790 seconds, Stopping threads took: 0.0030090 seconds
253.864: Application time: 0.0735380 seconds
253.866: [GC [PSYoungGen: 90544K->7152K(97280K)] 107761K->24377K(319488K), 0.0021700 secs] [Times: user=0.01 sys=0.00, real=0.01 secs] 
253.868: Total time for which application threads were stopped: 0.0041210 seconds, Stopping threads took: 0.0018590 seconds
253.942: Application time: 0.0735640 seconds
253.944: [GC [PSYoungGen: 90608K->8352K(97280K)] 107833K->25593K(319488K), 0.0024100 secs] [Times: user=0.02 sys=0.00, real=0.00 secs] 
253.947: Total time for which application threads were stopped: 0.0050130 seconds, Stopping threads took: 0.0025220 seconds
254.021: Application time: 0.0742610 seconds
254.023: [GC [PSYoungGen: 91808K->7600K(97280K)] 109049K->24849K(319488K), 0.0022350 secs] [Times: user=0.01 sys=0.00, real=0.00 secs] 
254.025: Total time for which application threads were stopped: 0.0044880 seconds, Stopping threads took: 0.0021720 seconds
254.101: Application time: 0.0754960 seconds
254.102: [GC [PSYoungGen: 91056K->6320K(97280K)] 108305K->23577K(319488K), 0.0018570 secs] [Times: user=0.02 sys=0.00, real=0.00 secs] 
254.104: Total time for which application threads were stopped: 0.0029740 seconds, Stopping threads took: 0.0010400 seconds
254.179: Application time: 0.0752630 seconds
254.181: [GC [PSYoungGen: 89776K->6368K(97280K)] 107033K->23625K(319488K), 0.0019370 secs] [Times: user=0.01 sys=0.00, real=0.00 secs] 
254.183: Total time for which application threads were stopped: 0.0039210 seconds, Stopping threads took: 0.0019060 seconds
254.256: Application time: 0.0731610 seconds
254.259: [GC [PSYoungGen: 89824K->7040K(97280K)] 107081K->24305K(319488K), 0.0020440 secs] [Times: user=0.01 sys=0.00, real=0.00 secs] 
254.261: Total time for which application threads were stopped: 0.0050030 seconds, Stopping threads took: 0.0028770 seconds
254.336: Application time: 0.0749590 seconds
254.338: [GC [PSYoungGen: 90496K->6736K(97280K)] 107761K->24009K(319488K), 0.0019960 secs] [Times: user=0.02 sys=0.00, real=0.00 secs] 
254.340: Total time for which application threads were stopped: 0.0043080 seconds, Stopping threads took: 0.0022300 seconds
254.414: Application time: 0.0733530 seconds
254.417: [GC [PSYoungGen: 90192K->8048K(97280K)] 107465K->25337K(319488K), 0.0023410 secs] [Times: user=0.01 sys=0.00, real=0.00 secs] 
254.419: Total time for which application threads were stopped: 0.0051010 seconds, Stopping threads took: 0.0026630 seconds
254.493: Application time: 0.0743300 seconds
254.496: [GC [PSYoungGen: 91504K->7520K(97280K)] 108793K->24809K(319488K), 0.0021990 secs] [Times: user=0.02 sys=0.00, real=0.00 secs] 
254.498: Total time for which application threads were stopped: 0.0049370 seconds, Stopping threads took: 0.0026570 seconds
254.574: Application time: 0.0759520 seconds
254.576: [GC [PSYoungGen: 90976K->7824K(97280K)] 108265K->25121K(319488K), 0.0025910 secs] [Times: user=0.02 sys=0.00, real=0.00 secs] 
254.579: Total time for which application threads were stopped: 0.0045580 seconds, Stopping threads took: 0.0018840 seconds
254.654: Application time: 0.0756140 seconds
254.657: [GC [PSYoungGen: 91280K->7456K(97280K)] 108577K->24753K(319488K), 0.0022440 secs] [Times: user=0.01 sys=0.00, real=0.00 secs] 
254.659: Total time for which application threads were stopped: 0.0046460 seconds, Stopping threads took: 0.0023230 seconds
254.737: Application time: 0.0785210 seconds
254.739: [GC [PSYoungGen: 90912K->3712K(97280K)] 108209K->21017K(319488K), 0.0011770 secs] [Times: user=0.01 sys=0.00, real=0.00 secs] 
254.740: Total time for which application threads were stopped: 0.0027900 seconds, Stopping threads took: 0.0015420 seconds
254.817: Application time: 0.0771090 seconds
254.820: [GC [PSYoungGen: 87168K->6800K(97280K)] 104473K->24113K(319488K), 0.0020790 secs] [Times: user=0.01 sys=0.00, real=0.00 secs] 
254.822: Total time for which application threads were stopped: 0.0049600 seconds, Stopping threads took: 0.0028030 seconds
254.897: Application time: 0.0747110 seconds
254.900: [GC [PSYoungGen: 90256K->7744K(97280K)] 107569K->25065K(319488K), 0.0022800 secs] [Times: user=0.02 sys=0.00, real=0.00 secs] 
254.902: Total time for which application threads were stopped: 0.0053320 seconds, Stopping threads took: 0.0029660 seconds
254.979: Application time: 0.0766600 seconds
254.981: [GC [PSYoungGen: 91200K->6192K(97280K)] 108521K->23521K(319488K), 0.0017820 secs] [Times: user=0.02 sys=0.00, real=0.00 secs] 
254.983: Total time for which application threads were stopped: 0.0042390 seconds, Stopping threads took: 0.0023710 seconds
255.060: Application time: 0.0765800 seconds
255.062: [GC [PSYoungGen: 89648K->7488K(97280K)] 106977K->24825K(319488K), 0.0021200 secs] [Times: user=0.01 sys=0.00, real=0.00 secs] 
255.065: Total time for which application threads were stopped: 0.0046620 seconds, Stopping threads took: 0.0024590 seconds
255.138: Application time: 0.0729600 seconds
255.140: [GC [PSYoungGen: 90944K->6704K(97280K)] 108281K->24041K(319488K), 0.0020400 secs] [Times: user=0.02 sys=0.00, real=0.00 secs] 
255.142: Total time for which application threads were stopped: 0.0048530 seconds, Stopping threads took: 0.0027380 seconds
255.218: Application time: 0.0760860 seconds
255.220: [GC [PSYoungGen: 90160K->7264K(97280K)] 107497K->24609K(319488K), 0.0021010 secs] [Times: user=0.01 sys=0.00, real=0.00 secs] 
255.223: Total time for which application threads were stopped: 0.0041700 seconds, Stopping threads took: 0.0019910 seconds
255.297: Application time: 0.0741810 seconds
255.299: [GC [PSYoungGen: 90720K->8064K(97280K)] 108065K->25409K(319488K), 0.0023710 secs] [Times: user=0.02 sys=0.00, real=0.00 secs] 
255.302: Total time for which application threads were stopped: 0.0048080 seconds, Stopping threads took: 0.0023550 seconds
255.379: Application time: 0.0775150 seconds
255.381: [GC [PSYoungGen: 91520K->7296K(97280K)] 108865K->24649K(319488K), 0.0020730 secs] [Times: user=0.01 sys=0.00, real=0.00 secs] 
255.383: Total time for which application threads were stopped: 0.0043330 seconds, Stopping threads took: 0.0021840 seconds
255.459: Application time: 0.0755770 seconds
255.461: [GC [PSYoungGen: 90752K->7056K(97280K)] 108105K->24417K(319488K), 0.0019830 secs] [Times: user=0.01 sys=0.00, real=0.00 secs] 
255.463: Total time for which application threads were stopped: 0.0035740 seconds, Stopping threads took: 0.0015210 seconds
255.537: Application time: 0.0747270 seconds
255.539: [GC [PSYoungGen: 90512K->5040K(97280K)] 107873K->22409K(319488K), 0.0015410 secs] [Times: user=0.01 sys=0.00, real=0.00 secs] 
255.541: Total time for which application threads were stopped: 0.0033660 seconds, Stopping threads took: 0.0017380 seconds
255.617: Application time: 0.0761610 seconds
255.619: [GC [PSYoungGen: 88496K->6304K(97280K)] 105865K->23673K(319488K), 0.0018260 secs] [Times: user=0.01 sys=0.00, real=0.00 secs] 
255.621: Total time for which application threads were stopped: 0.0040640 seconds, Stopping threads took: 0.0021620 seconds
255.695: Application time: 0.0742270 seconds
255.697: [GC [PSYoungGen: 89760K->6784K(97280K)] 107129K->24161K(319488K), 0.0021160 secs] [Times: user=0.00 sys=0.00, real=0.00 secs] 
255.699: Total time for which application threads were stopped: 0.0037020 seconds, Stopping threads took: 0.0014980 seconds
255.773: Application time: 0.0740450 seconds
255.775: [GC [PSYoungGen: 90240K->8144K(97280K)] 107617K->25529K(319488K), 0.0025010 secs] [Times: user=0.01 sys=0.00, real=0.00 secs] 
255.778: Total time for which application threads were stopped: 0.0048350 seconds, Stopping threads took: 0.0022530 seconds
255.852: Application time: 0.0740540 seconds
255.854: [GC [PSYoungGen: 91600K->5840K(97280K)] 108985K->23233K(319488K), 0.0017250 secs] [Times: user=0.01 sys=0.00, real=0.01 secs] 
255.856: Total time for which application threads were stopped: 0.0042870 seconds, Stopping threads took: 0.0024850 seconds
255.930: Application time: 0.0743360 seconds
255.933: [GC [PSYoungGen: 89296K->7424K(97280K)] 106689K->24825K(319488K), 0.0021860 secs] [Times: user=0.01 sys=0.01, real=0.01 secs] 
255.935: Total time for which application threads were stopped: 0.0049340 seconds, Stopping threads took: 0.0026680 seconds
256.009: Application time: 0.0731310 seconds
256.011: [GC [PSYoungGen: 90880K->7696K(97280K)] 108281K->25105K(319488K), 0.0021590 secs] [Times: user=0.02 sys=0.00, real=0.00 secs] 
256.013: Total time for which application threads were stopped: 0.0047760 seconds, Stopping threads took: 0.0025370 seconds
256.089: Application time: 0.0757180 seconds
256.090: [GC [PSYoungGen: 91152K->6768K(97280K)] 108561K->24193K(319488K), 0.0020180 secs] [Times: user=0.01 sys=0.00, real=0.00 secs] 
256.093: Total time for which application threads were stopped: 0.0034780 seconds, Stopping threads took: 0.0013720 seconds
256.165: Application time: 0.0720900 seconds
256.166: [GC [PSYoungGen: 90224K->6512K(97280K)] 107649K->23937K(319488K), 0.0020050 secs] [Times: user=0.02 sys=0.00, real=0.01 secs] 
256.168: Total time for which application threads were stopped: 0.0037780 seconds, Stopping threads took: 0.0016920 seconds
256.244: Application time: 0.0758950 seconds
256.247: [GC [PSYoungGen: 89968K->7152K(97280K)] 107393K->24585K(319488K), 0.0021430 secs] [Times: user=0.01 sys=0.00, real=0.00 secs] 
256.249: Total time for which application threads were stopped: 0.0050610 seconds, Stopping threads took: 0.0028390 seconds
256.322: Application time: 0.0724010 seconds
256.325: [GC [PSYoungGen: 90608K->7872K(97280K)] 108041K->25313K(319488K), 0.0022790 secs] [Times: user=0.01 sys=0.00, real=0.01 secs] 
256.327: Total time for which application threads were stopped: 0.0052630 seconds, Stopping threads took: 0.0028800 seconds
256.402: Application time: 0.0747710 seconds
256.404: [GC [PSYoungGen: 91328K->7328K(97280K)] 108769K->24777K(319488K), 0.0022430 secs] [Times: user=0.01 sys=0.00, real=0.00 secs] 
256.406: Total time for which application threads were stopped: 0.0046270 seconds, Stopping threads took: 0.0023000 seconds
256.482: Application time: 0.0753650 seconds
256.484: [GC [PSYoungGen: 90784K->6528K(97280K)] 108233K->23985K(319488K), 0.0019370 secs] [Times: user=0.01 sys=0.00, real=0.00 secs] 
256.486: Total time for which application threads were stopped: 0.0046790 seconds, Stopping threads took: 0.0026600 seconds
256.561: Application time: 0.0742940 seconds
256.564: [GC [PSYoungGen: 89984K->6512K(97280K)] 107441K->23977K(319488K), 0.0019110 secs] [Times: user=0.01 sys=0.00, real=0.00 secs] 
256.566: Total time for which application threads were stopped: 0.0048890 seconds, Stopping threads took: 0.0029020 seconds
256.638: Application time: 0.0720820 seconds
256.640: [GC [PSYoungGen: 89968K->6048K(97280K)] 107433K->23513K(319488K), 0.0018560 secs] [Times: user=0.01 sys=0.00, real=0.00 secs] 
256.642: Total time for which application threads were stopped: 0.0046140 seconds, Stopping threads took: 0.0026520 seconds
256.716: Application time: 0.0734380 seconds
256.718: [GC [PSYoungGen: 89504K->6944K(97280K)] 106969K->24417K(319488K), 0.0019920 secs] [Times: user=0.02 sys=0.00, real=0.00 secs] 
256.720: Total time for which application threads were stopped: 0.0040900 seconds, Stopping threads took: 0.0020240 seconds
256.795: Application time: 0.0755070 seconds
256.798: [GC [PSYoungGen: 90400K->7184K(97280K)] 107873K->24673K(319488K), 0.0021070 secs] [Times: user=0.01 sys=0.00, real=0.00 secs] 
256.800: Total time for which application threads were stopped: 0.0044140 seconds, Stopping threads took: 0.0022280 seconds
256.878: Application time: 0.0777350 seconds
256.879: [GC [PSYoungGen: 90640K->5968K(97280K)] 108129K->23465K(319488K), 0.0017840 secs] [Times: user=0.01 sys=0.00, real=0.00 secs] 
256.881: Total time for which application threads were stopped: 0.0033450 seconds, Stopping threads took: 0.0014830 seconds
256.954: Application time: 0.0727090 seconds
256.956: [GC [PSYoungGen: 89424K->7264K(97280K)] 106921K->24769K(319488K), 0.0021280 secs] [Times: user=0.02 sys=0.00, real=0.00 secs] 
256.958: Total time for which application threads were stopped: 0.0042080 seconds, Stopping threads took: 0.0020000 seconds
257.036: Application time: 0.0781810 seconds
257.039: [GC [PSYoungGen: 90720K->7616K(97280K)] 108225K->25129K(319488K), 0.0021550 secs] [Times: user=0.01 sys=0.00, real=0.00 secs] 
257.041: Total time for which application threads were stopped: 0.0050540 seconds, Stopping threads took: 0.0028160 seconds
257.115: Application time: 0.0740810 seconds
257.117: [GC [PSYoungGen: 91072K->6112K(97280K)] 108585K->23625K(319488K), 0.0022150 secs] [Times: user=0.01 sys=0.00, real=0.00 secs] 
257.119: Total time for which application threads were stopped: 0.0036960 seconds, Stopping threads took: 0.0014020 seconds
257.193: Application time: 0.0744540 seconds
257.196: [GC [PSYoungGen: 89568K->7024K(97280K)] 107081K->24545K(319488K), 0.0020610 secs] [Times: user=0.01 sys=0.00, real=0.00 secs] 
257.198: Total time for which application threads were stopped: 0.0044720 seconds, Stopping threads took: 0.0023260 seconds
257.273: Application time: 0.0753290 seconds
257.276: [GC [PSYoungGen: 90480K->7648K(97280K)] 108001K->25177K(319488K), 0.0022440 secs] [Times: user=0.01 sys=0.00, real=0.00 secs] 
257.278: Total time for which application threads were stopped: 0.0048120 seconds, Stopping threads took: 0.0024860 seconds
257.355: Application time: 0.0771310 seconds
257.357: [GC [PSYoungGen: 91104K->7776K(97280K)] 108633K->25313K(319488K), 0.0022630 secs] [Times: user=0.02 sys=0.00, real=0.00 secs] 
257.359: Total time for which application threads were stopped: 0.0043420 seconds, Stopping threads took: 0.0019960 seconds
257.438: Application time: 0.0790820 seconds
257.440: [GC [PSYoungGen: 91232K->7264K(97280K)] 108769K->24809K(319488K), 0.0021690 secs] [Times: user=0.02 sys=0.00, real=0.00 secs] 
257.443: Total time for which application threads were stopped: 0.0040300 seconds, Stopping threads took: 0.0017800 seconds
257.523: Application time: 0.0808550 seconds
257.526: [GC [PSYoungGen: 90720K->7920K(97280K)] 108265K->25473K(319488K), 0.0022550 secs] [Times: user=0.02 sys=0.00, real=0.01 secs] 
257.529: Total time for which application threads were stopped: 0.0051650 seconds, Stopping threads took: 0.0028310 seconds
257.609: Application time: 0.0801510 seconds
257.611: [GC [PSYoungGen: 91376K->8384K(97280K)] 108929K->25937K(319488K), 0.0023810 secs] [Times: user=0.01 sys=0.00, real=0.00 secs] 
257.613: Total time for which application threads were stopped: 0.0046920 seconds, Stopping threads took: 0.0022250 seconds
257.694: Application time: 0.0802080 seconds
257.696: [GC [PSYoungGen: 91840K->7872K(97280K)] 109393K->25433K(319488K), 0.0023270 secs] [Times: user=0.02 sys=0.00, real=0.00 secs] 
257.698: Total time for which application threads were stopped: 0.0044220 seconds, Stopping threads took: 0.0020050 seconds
257.778: Application time: 0.0799530 seconds
257.780: [GC [PSYoungGen: 91328K->6816K(97280K)] 108889K->24385K(319488K), 0.0021590 secs] [Times: user=0.01 sys=0.00, real=0.00 secs] 
257.782: Total time for which application threads were stopped: 0.0037850 seconds, Stopping threads took: 0.0015350 seconds
257.860: Application time: 0.0783620 seconds
257.862: [GC [PSYoungGen: 90272K->7024K(97280K)] 107841K->24601K(319488K), 0.0021060 secs] [Times: user=0.01 sys=0.00, real=0.00 secs] 
257.864: Total time for which application threads were stopped: 0.0043330 seconds, Stopping threads took: 0.0021460 seconds
257.943: Application time: 0.0788420 seconds
257.947: [GC [PSYoungGen: 90480K->5584K(97280K)] 108057K->23169K(319488K), 0.0015820 secs] [Times: user=0.01 sys=0.00, real=0.00 secs] 
257.949: Total time for which application threads were stopped: 0.0052930 seconds, Stopping threads took: 0.0036240 seconds
258.028: Application time: 0.0793010 seconds
258.031: [GC [PSYoungGen: 89040K->7184K(97280K)] 106625K->24777K(319488K), 0.0021660 secs] [Times: user=0.01 sys=0.00, real=0.00 secs] 
258.033: Total time for which application threads were stopped: 0.0048670 seconds, Stopping threads took: 0.0026180 seconds
258.113: Application time: 0.0801010 seconds
258.116: [GC [PSYoungGen: 90640K->6752K(97280K)] 108233K->24345K(319488K), 0.0020260 secs] [Times: user=0.01 sys=0.00, real=0.00 secs] 
258.118: Total time for which application threads were stopped: 0.0053800 seconds, Stopping threads took: 0.0032680 seconds
258.197: Application time: 0.0788350 seconds
258.200: [GC [PSYoungGen: 90208K->6592K(97280K)] 107801K->24193K(319488K), 0.0019180 secs] [Times: user=0.01 sys=0.00, real=0.00 secs] 
258.202: Total time for which application threads were stopped: 0.0048380 seconds, Stopping threads took: 0.0028310 seconds
258.282: Application time: 0.0795990 seconds
258.285: [GC [PSYoungGen: 90048K->7792K(97280K)] 107649K->25417K(319488K), 0.0023100 secs] [Times: user=0.02 sys=0.00, real=0.01 secs] 
258.287: Total time for which application threads were stopped: 0.0055340 seconds, Stopping threads took: 0.0031290 seconds
258.366: Application time: 0.0785690 seconds
258.369: [GC [PSYoungGen: 91248K->8128K(97280K)] 108873K->25785K(319488K), 0.0023420 secs] [Times: user=0.01 sys=0.00, real=0.00 secs] 
258.371: Total time for which application threads were stopped: 0.0057430 seconds, Stopping threads took: 0.0033160 seconds
258.451: Application time: 0.0795200 seconds
258.454: [GC [PSYoungGen: 91584K->7824K(97280K)] 109241K->25489K(319488K), 0.0022620 secs] [Times: user=0.01 sys=0.00, real=0.01 secs] 
258.456: Total time for which application threads were stopped: 0.0053560 seconds, Stopping threads took: 0.0030110 seconds
258.535: Application time: 0.0790040 seconds
258.538: [GC [PSYoungGen: 91280K->7184K(97280K)] 108945K->24857K(319488K), 0.0020650 secs] [Times: user=0.01 sys=0.00, real=0.00 secs] 
258.540: Total time for which application threads were stopped: 0.0048490 seconds, Stopping threads took: 0.0027020 seconds
258.621: Application time: 0.0806930 seconds
258.624: [GC [PSYoungGen: 90640K->5568K(97280K)] 108313K->23249K(319488K), 0.0016850 secs] [Times: user=0.00 sys=0.00, real=0.00 secs] 
258.625: Total time for which application threads were stopped: 0.0045670 seconds, Stopping threads took: 0.0028090 seconds
258.704: Application time: 0.0782010 seconds
258.707: [GC [PSYoungGen: 89024K->6336K(97280K)] 106705K->24025K(319488K), 0.0018660 secs] [Times: user=0.02 sys=0.00, real=0.01 secs] 
258.709: Total time for which application threads were stopped: 0.0049790 seconds, Stopping threads took: 0.0030310 seconds
258.788: Application time: 0.0790090 seconds
258.789: [GC [PSYoungGen: 89792K->6896K(97280K)] 107481K->24585K(319488K), 0.0020850 secs] [Times: user=0.01 sys=0.00, real=0.00 secs] 
258.792: Total time for which application threads were stopped: 0.0039800 seconds, Stopping threads took: 0.0018010 seconds
258.871: Application time: 0.0796020 seconds
258.873: [GC [PSYoungGen: 90352K->6880K(97280K)] 108041K->24577K(319488K), 0.0019890 secs] [Times: user=0.01 sys=0.00, real=0.01 secs] 
258.875: Total time for which application threads were stopped: 0.0039510 seconds, Stopping threads took: 0.0018810 seconds
258.953: Application time: 0.0782010 seconds
258.955: [GC [PSYoungGen: 90336K->6928K(97280K)] 108033K->24641K(319488K), 0.0021270 secs] [Times: user=0.02 sys=0.00, real=0.00 secs] 
258.958: Total time for which application threads were stopped: 0.0042810 seconds, Stopping threads took: 0.0020680 seconds
259.033: Application time: 0.0754420 seconds
259.036: [GC [PSYoungGen: 90384K->8288K(97280K)] 108097K->26025K(319488K), 0.0025580 secs] [Times: user=0.01 sys=0.00, real=0.00 secs] 
259.039: Total time for which application threads were stopped: 0.0055420 seconds, Stopping threads took: 0.0028760 seconds
259.120: Application time: 0.0815840 seconds
259.122: [GC [PSYoungGen: 91744K->7504K(97280K)] 109481K->25249K(319488K), 0.0023260 secs] [Times: user=0.01 sys=0.00, real=0.00 secs] 
259.125: Total time for which application threads were stopped: 0.0044110 seconds, Stopping threads took: 0.0019970 seconds
259.202: Application time: 0.0773930 seconds
259.204: [GC [PSYoungGen: 90960K->7776K(97280K)] 108705K->25529K(319488K), 0.0023030 secs] [Times: user=0.01 sys=0.00, real=0.00 secs] 
259.207: Total time for which application threads were stopped: 0.0047590 seconds, Stopping threads took: 0.0023710 seconds
259.286: Application time: 0.0794110 seconds
259.288: [GC [PSYoungGen: 91232K->6432K(97280K)] 108985K->24185K(319488K), 0.0019860 secs] [Times: user=0.01 sys=0.00, real=0.00 secs] 
259.290: Total time for which application threads were stopped: 0.0039570 seconds, Stopping threads took: 0.0018890 seconds
259.372: Application time: 0.0814450 seconds
259.374: [GC [PSYoungGen: 89888K->6768K(97280K)] 107641K->24529K(319488K), 0.0020040 secs] [Times: user=0.01 sys=0.00, real=0.01 secs] 
259.376: Total time for which application threads were stopped: 0.0045120 seconds, Stopping threads took: 0.0024160 seconds
259.453: Application time: 0.0771880 seconds
259.455: [GC [PSYoungGen: 90224K->7152K(97280K)] 107985K->24921K(319488K), 0.0021230 secs] [Times: user=0.01 sys=0.00, real=0.00 secs] 
259.458: Total time for which application threads were stopped: 0.0043540 seconds, Stopping threads took: 0.0021430 seconds
259.537: Application time: 0.0795340 seconds
259.539: [GC [PSYoungGen: 90608K->6848K(97280K)] 108377K->24625K(319488K), 0.0022260 secs] [Times: user=0.01 sys=0.00, real=0.00 secs] 
259.541: Total time for which application threads were stopped: 0.0041520 seconds, Stopping threads took: 0.0018410 seconds
259.620: Application time: 0.0782090 seconds
259.621: [GC [PSYoungGen: 90304K->7088K(97280K)] 108081K->24873K(319488K), 0.0020680 secs] [Times: user=0.02 sys=0.00, real=0.00 secs] 
259.623: Total time for which application threads were stopped: 0.0039360 seconds, Stopping threads took: 0.0017870 seconds
259.702: Application time: 0.0784930 seconds
259.705: [GC [PSYoungGen: 90544K->7792K(97280K)] 108329K->25577K(319488K), 0.0022570 secs] [Times: user=0.01 sys=0.00, real=0.01 secs] 
259.708: Total time for which application threads were stopped: 0.0055610 seconds, Stopping threads took: 0.0031950 seconds
259.789: Application time: 0.0817350 seconds
259.791: [GC [PSYoungGen: 91248K->7296K(97280K)] 109033K->25089K(319488K), 0.0022170 secs] [Times: user=0.01 sys=0.00, real=0.00 secs] 
259.794: Total time for which application threads were stopped: 0.0044920 seconds, Stopping threads took: 0.0021910 seconds
259.875: Application time: 0.0813310 seconds
259.877: [GC [PSYoungGen: 90752K->6080K(97280K)] 108545K->23881K(319488K), 0.0018790 secs] [Times: user=0.01 sys=0.00, real=0.00 secs] 
259.879: Total time for which application threads were stopped: 0.0038470 seconds, Stopping threads took: 0.0018770 seconds
259.959: Application time: 0.0805450 seconds
259.962: [GC [PSYoungGen: 89536K->7632K(97280K)] 107337K->25441K(319488K), 0.0023310 secs] [Times: user=0.02 sys=0.00, real=0.00 secs] 
259.964: Total time for which application threads were stopped: 0.0045080 seconds, Stopping threads took: 0.0020950 seconds
260.043: Application time: 0.0788500 seconds
260.045: [GC [PSYoungGen: 91088K->8208K(97280K)] 108897K->26025K(319488K), 0.0025290 secs] [Times: user=0.01 sys=0.01, real=0.01 secs] 
260.047: Total time for which application threads were stopped: 0.0046160 seconds, Stopping threads took: 0.0020010 seconds
260.128: Application time: 0.0809050 seconds
260.131: [GC [PSYoungGen: 91664K->7616K(97280K)] 109481K->25441K(319488K), 0.0022910 secs] [Times: user=0.01 sys=0.00, real=0.00 secs] 
260.134: Total time for which application threads were stopped: 0.0054040 seconds, Stopping threads took: 0.0030310 seconds
260.215: Application time: 0.0813110 seconds
260.218: [GC [PSYoungGen: 91072K->6288K(97280K)] 108897K->24113K(319488K), 0.0018400 secs] [Times: user=0.02 sys=0.00, real=0.00 secs] 
260.220: Total time for which application threads were stopped: 0.0050960 seconds, Stopping threads took: 0.0031700 seconds
260.299: Application time: 0.0787660 seconds
260.301: [GC [PSYoungGen: 89744K->6896K(97280K)] 107569K->24729K(319488K), 0.0020480 secs] [Times: user=0.02 sys=0.00, real=0.00 secs] 
260.303: Total time for which application threads were stopped: 0.0044710 seconds, Stopping threads took: 0.0023440 seconds
260.382: Application time: 0.0788030 seconds
260.385: [GC [PSYoungGen: 90352K->7344K(97280K)] 108185K->25185K(319488K), 0.0021970 secs] [Times: user=0.01 sys=0.00, real=0.01 secs] 
260.387: Total time for which application threads were stopped: 0.0050880 seconds, Stopping threads took: 0.0027990 seconds
260.468: Application time: 0.0807140 seconds
260.471: [GC [PSYoungGen: 90800K->8016K(97280K)] 108641K->25865K(319488K), 0.0022770 secs] [Times: user=0.02 sys=0.00, real=0.00 secs] 
260.473: Total time for which application threads were stopped: 0.0049580 seconds, Stopping threads took: 0.0025970 seconds
260.553: Application time: 0.0797200 seconds
260.555: [GC [PSYoungGen: 91472K->7040K(97280K)] 109321K->24897K(319488K), 0.0022500 secs] [Times: user=0.01 sys=0.00, real=0.00 secs] 
260.558: Total time for which application threads were stopped: 0.0049430 seconds, Stopping threads took: 0.0026100 seconds
260.635: Application time: 0.0776090 seconds
260.637: [GC [PSYoungGen: 90496K->7920K(97280K)] 108353K->25785K(319488K), 0.0024010 secs] [Times: user=0.01 sys=0.00, real=0.00 secs] 
260.639: Total time for which application threads were stopped: 0.0042200 seconds, Stopping threads took: 0.0017340 seconds
260.718: Application time: 0.0781390 seconds
260.720: [GC [PSYoungGen: 91375K->7536K(97280K)] 109241K->25401K(319488K), 0.0024130 secs] [Times: user=0.01 sys=0.00, real=0.00 secs] 
260.723: Total time for which application threads were stopped: 0.0048740 seconds, Stopping threads took: 0.0023580 seconds
260.801: Application time: 0.0782210 seconds
260.803: [GC [PSYoungGen: 90992K->5488K(97280K)] 108857K->23361K(319488K), 0.0016650 secs] [Times: user=0.01 sys=0.00, real=0.00 secs] 
260.805: Total time for which application threads were stopped: 0.0042410 seconds, Stopping threads took: 0.0024770 seconds
260.885: Application time: 0.0802480 seconds
260.887: [GC [PSYoungGen: 88944K->6112K(97280K)] 106817K->23993K(319488K), 0.0018240 secs] [Times: user=0.01 sys=0.00, real=0.00 secs] 
260.889: Total time for which application threads were stopped: 0.0036580 seconds, Stopping threads took: 0.0017480 seconds
260.967: Application time: 0.0782080 seconds
260.970: [GC [PSYoungGen: 89568K->7744K(97280K)] 107449K->25633K(319488K), 0.0022660 secs] [Times: user=0.01 sys=0.00, real=0.00 secs] 
260.972: Total time for which application threads were stopped: 0.0050400 seconds, Stopping threads took: 0.0026910 seconds
261.052: Application time: 0.0795070 seconds
261.055: [GC [PSYoungGen: 91200K->7136K(97280K)] 109089K->25033K(319488K), 0.0021440 secs] [Times: user=0.01 sys=0.00, real=0.01 secs] 
261.057: Total time for which application threads were stopped: 0.0052480 seconds, Stopping threads took: 0.0030210 seconds
261.137: Application time: 0.0798190 seconds
261.139: [GC [PSYoungGen: 90592K->6912K(97280K)] 108489K->24817K(319488K), 0.0020550 secs] [Times: user=0.01 sys=0.00, real=0.00 secs] 
261.141: Total time for which application threads were stopped: 0.0043280 seconds, Stopping threads took: 0.0021950 seconds
261.220: Application time: 0.0785540 seconds
261.222: [GC [PSYoungGen: 90368K->8064K(97280K)] 108273K->25969K(319488K), 0.0023500 secs] [Times: user=0.01 sys=0.00, real=0.00 secs] 
261.224: Total time for which application threads were stopped: 0.0043670 seconds, Stopping threads took: 0.0019350 seconds
261.304: Application time: 0.0795370 seconds
261.306: [GC [PSYoungGen: 91520K->7776K(97280K)] 109425K->25689K(319488K), 0.0023000 secs] [Times: user=0.01 sys=0.00, real=0.01 secs] 
261.308: Total time for which application threads were stopped: 0.0043370 seconds, Stopping threads took: 0.0019550 seconds
261.383: Application time: 0.0753070 seconds
261.386: [GC [PSYoungGen: 91232K->7920K(97280K)] 109145K->25833K(319488K), 0.0023130 secs] [Times: user=0.02 sys=0.00, real=0.01 secs] 
261.388: Total time for which application threads were stopped: 0.0053180 seconds, Stopping threads took: 0.0029200 seconds
261.462: Application time: 0.0732590 seconds
261.464: [GC [PSYoungGen: 91376K->7488K(97280K)] 109289K->25409K(319488K), 0.0022490 secs] [Times: user=0.01 sys=0.00, real=0.00 secs] 
261.466: Total time for which application threads were stopped: 0.0046530 seconds, Stopping threads took: 0.0023170 seconds
261.543: Application time: 0.0764920 seconds
261.546: [GC [PSYoungGen: 90944K->6752K(97280K)] 108865K->24681K(319488K), 0.0020450 secs] [Times: user=0.01 sys=0.00, real=0.01 secs] 
261.548: Total time for which application threads were stopped: 0.0050140 seconds, Stopping threads took: 0.0028950 seconds
261.623: Application time: 0.0746080 seconds
261.625: [GC [PSYoungGen: 90208K->7008K(97280K)] 108137K->24945K(319488K), 0.0020800 secs] [Times: user=0.02 sys=0.00, real=0.00 secs] 
261.627: Total time for which application threads were stopped: 0.0043100 seconds, Stopping threads took: 0.0021510 seconds
261.701: Application time: 0.0743270 seconds
261.704: [GC [PSYoungGen: 90464K->7024K(97280K)] 108401K->24969K(319488K), 0.0020010 secs] [Times: user=0.01 sys=0.00, real=0.00 secs] 
261.706: Total time for which application threads were stopped: 0.0047470 seconds, Stopping threads took: 0.0026670 seconds
261.780: Application time: 0.0743670 seconds
261.783: [GC [PSYoungGen: 90480K->8128K(97280K)] 108425K->26081K(319488K), 0.0023690 secs] [Times: user=0.02 sys=0.00, real=0.00 secs] 
261.785: Total time for which application threads were stopped: 0.0049700 seconds, Stopping threads took: 0.0025200 seconds
261.860: Application time: 0.0744640 seconds
261.861: [GC [PSYoungGen: 91584K->7568K(97280K)] 109537K->25521K(319488K), 0.0021810 secs] [Times: user=0.02 sys=0.00, real=0.00 secs] 
261.863: Total time for which application threads were stopped: 0.0036900 seconds, Stopping threads took: 0.0014310 seconds
261.938: Application time: 0.0742080 seconds
261.939: [GC [PSYoungGen: 91024K->6032K(97280K)] 108977K->23993K(319488K), 0.0018170 secs] [Times: user=0.02 sys=0.00, real=0.00 secs] 
261.941: Total time for which application threads were stopped: 0.0029660 seconds, Stopping threads took: 0.0010720 seconds
262.015: Application time: 0.0742920 seconds
262.017: [GC [PSYoungGen: 89488K->6944K(97280K)] 107449K->24913K(319488K), 0.0020250 secs] [Times: user=0.01 sys=0.00, real=0.00 secs] 
262.019: Total time for which application threads were stopped: 0.0044450 seconds, Stopping threads took: 0.0023370 seconds
262.096: Application time: 0.0765530 seconds
262.098: [GC [PSYoungGen: 90400K->6672K(97280K)] 108369K->24649K(319488K), 0.0019800 secs] [Times: user=0.01 sys=0.00, real=0.00 secs] 
262.100: Total time for which application threads were stopped: 0.0045910 seconds, Stopping threads took: 0.0025290 seconds
262.173: Application time: 0.0728390 seconds
262.176: [GC [PSYoungGen: 90128K->7232K(97280K)] 108105K->25217K(319488K), 0.0020790 secs] [Times: user=0.01 sys=0.00, real=0.00 secs] 
262.178: Total time for which application threads were stopped: 0.0046210 seconds, Stopping threads took: 0.0024610 seconds
262.252: Application time: 0.0740520 seconds
262.254: [GC [PSYoungGen: 90688K->7728K(97280K)] 108673K->25713K(319488K), 0.0022570 secs] [Times: user=0.02 sys=0.00, real=0.01 secs] 
262.257: Total time for which application threads were stopped: 0.0047010 seconds, Stopping threads took: 0.0023630 seconds
262.330: Application time: 0.0732770 seconds
262.332: [GC [PSYoungGen: 91184K->6336K(97280K)] 109169K->24329K(319488K), 0.0018540 secs] [Times: user=0.01 sys=0.00, real=0.00 secs] 
262.334: Total time for which application threads were stopped: 0.0040100 seconds, Stopping threads took: 0.0020780 seconds
262.407: Application time: 0.0730760 seconds
262.410: [GC [PSYoungGen: 89792K->6992K(97280K)] 107785K->24993K(319488K), 0.0020560 secs] [Times: user=0.02 sys=0.00, real=0.00 secs] 
262.412: Total time for which application threads were stopped: 0.0051790 seconds, Stopping threads took: 0.0030330 seconds
262.484: Application time: 0.0714230 seconds
262.486: [GC [PSYoungGen: 90448K->7456K(97280K)] 108449K->25465K(319488K), 0.0021440 secs] [Times: user=0.01 sys=0.00, real=0.01 secs] 
262.488: Total time for which application threads were stopped: 0.0046660 seconds, Stopping threads took: 0.0024420 seconds
262.563: Application time: 0.0749060 seconds
262.565: [GC [PSYoungGen: 90912K->7792K(97280K)] 108921K->25809K(319488K), 0.0022400 secs] [Times: user=0.02 sys=0.00, real=0.01 secs] 
262.568: Total time for which application threads were stopped: 0.0045170 seconds, Stopping threads took: 0.0021870 seconds
262.644: Application time: 0.0765620 seconds
262.647: [GC [PSYoungGen: 91248K->6688K(97280K)] 109265K->24713K(319488K), 0.0020300 secs] [Times: user=0.01 sys=0.00, real=0.01 secs] 
262.649: Total time for which application threads were stopped: 0.0043050 seconds, Stopping threads took: 0.0021910 seconds
262.723: Application time: 0.0739900 seconds
262.725: [GC [PSYoungGen: 90144K->7584K(97280K)] 108169K->25609K(319488K), 0.0022540 secs] [Times: user=0.02 sys=0.00, real=0.01 secs] 
262.727: Total time for which application threads were stopped: 0.0044890 seconds, Stopping threads took: 0.0021510 seconds
262.802: Application time: 0.0747110 seconds
262.805: [GC [PSYoungGen: 91040K->7456K(97280K)] 109065K->25489K(319488K), 0.0021340 secs] [Times: user=0.01 sys=0.00, real=0.00 secs] 
262.807: Total time for which application threads were stopped: 0.0049440 seconds, Stopping threads took: 0.0027320 seconds
262.882: Application time: 0.0756340 seconds
262.885: [GC [PSYoungGen: 90912K->5856K(97280K)] 108945K->23897K(319488K), 0.0017360 secs] [Times: user=0.01 sys=0.00, real=0.00 secs] 
262.887: Total time for which application threads were stopped: 0.0041080 seconds, Stopping threads took: 0.0022960 seconds
262.961: Application time: 0.0742210 seconds
262.963: [GC [PSYoungGen: 89312K->7264K(97280K)] 107353K->25313K(319488K), 0.0020700 secs] [Times: user=0.01 sys=0.00, real=0.00 secs] 
262.965: Total time for which application threads were stopped: 0.0041270 seconds, Stopping threads took: 0.0019740 seconds
263.039: Application time: 0.0743500 seconds
263.042: [GC [PSYoungGen: 90720K->7904K(97280K)] 108769K->25961K(319488K), 0.0023490 secs] [Times: user=0.01 sys=0.00, real=0.00 secs] 
263.044: Total time for which application threads were stopped: 0.0048330 seconds, Stopping threads took: 0.0024030 seconds
263.118: Application time: 0.0734550 seconds
263.120: [GC [PSYoungGen: 91360K->6848K(97280K)] 109417K->24921K(319488K), 0.0020540 secs] [Times: user=0.02 sys=0.00, real=0.00 secs] 
263.122: Total time for which application threads were stopped: 0.0044490 seconds, Stopping threads took: 0.0023120 seconds
263.197: Application time: 0.0753450 seconds
263.199: [GC [PSYoungGen: 90304K->5776K(97280K)] 108377K->23849K(319488K), 0.0016690 secs] [Times: user=0.01 sys=0.00, real=0.00 secs] 
263.201: Total time for which application threads were stopped: 0.0033510 seconds, Stopping threads took: 0.0016050 seconds
263.277: Application time: 0.0764820 seconds
263.280: [GC [PSYoungGen: 89232K->7536K(97280K)] 107305K->25617K(319488K), 0.0022020 secs] [Times: user=0.01 sys=0.00, real=0.00 secs] 
263.282: Total time for which application threads were stopped: 0.0049700 seconds, Stopping threads took: 0.0026860 seconds
263.358: Application time: 0.0754390 seconds
263.359: [GC [PSYoungGen: 90992K->7120K(97280K)] 109073K->25209K(319488K), 0.0021770 secs] [Times: user=0.00 sys=0.00, real=0.00 secs] 
263.361: Total time for which application threads were stopped: 0.0037550 seconds, Stopping threads took: 0.0014950 seconds
263.435: Application time: 0.0737700 seconds
263.438: [GC [PSYoungGen: 90576K->6640K(97280K)] 108665K->24745K(319488K), 0.0021920 secs] [Times: user=0.02 sys=0.00, real=0.00 secs] 
263.440: Total time for which application threads were stopped: 0.0048940 seconds, Stopping threads took: 0.0025980 seconds
263.513: Application time: 0.0730350 seconds
263.516: [GC [PSYoungGen: 90096K->6832K(97280K)] 108201K->24945K(319488K), 0.0022360 secs] [Times: user=0.02 sys=0.00, real=0.00 secs] 
263.518: Total time for which application threads were stopped: 0.0052150 seconds, Stopping threads took: 0.0028970 seconds
263.593: Application time: 0.0744390 seconds
263.595: [GC [PSYoungGen: 90288K->8160K(97280K)] 108401K->26273K(319488K), 0.0025270 secs] [Times: user=0.02 sys=0.00, real=0.00 secs] 
263.598: Total time for which application threads were stopped: 0.0052370 seconds, Stopping threads took: 0.0026090 seconds
263.672: Application time: 0.0739360 seconds
263.674: [GC [PSYoungGen: 91616K->7264K(97280K)] 109729K->25385K(319488K), 0.0021450 secs] [Times: user=0.01 sys=0.00, real=0.01 secs] 
263.677: Total time for which application threads were stopped: 0.0047210 seconds, Stopping threads took: 0.0024850 seconds
263.750: Application time: 0.0735900 seconds
263.752: [GC [PSYoungGen: 90719K->6048K(97280K)] 108841K->24177K(319488K), 0.0019070 secs] [Times: user=0.02 sys=0.00, real=0.00 secs] 
263.754: Total time for which application threads were stopped: 0.0035790 seconds, Stopping threads took: 0.0015900 seconds
263.828: Application time: 0.0741620 seconds
263.831: [GC [PSYoungGen: 89504K->7888K(97280K)] 107633K->26033K(319488K), 0.0022610 secs] [Times: user=0.02 sys=0.00, real=0.00 secs] 
263.833: Total time for which application threads were stopped: 0.0049460 seconds, Stopping threads took: 0.0026030 seconds
263.908: Application time: 0.0755320 seconds
263.909: [GC [PSYoungGen: 91344K->6944K(97280K)] 109489K->25097K(319488K), 0.0021330 secs] [Times: user=0.00 sys=0.00, real=0.00 secs] 
263.912: Total time for which application threads were stopped: 0.0032370 seconds, Stopping threads took: 0.0010220 seconds
263.986: Application time: 0.0741170 seconds
263.988: [GC [PSYoungGen: 90400K->6480K(97280K)] 108553K->24641K(319488K), 0.0019740 secs] [Times: user=0.01 sys=0.00, real=0.00 secs] 
263.990: Total time for which application threads were stopped: 0.0045860 seconds, Stopping threads took: 0.0025320 seconds
264.065: Application time: 0.0751160 seconds
264.068: [GC [PSYoungGen: 89936K->7584K(97280K)] 108097K->25745K(319488K), 0.0021830 secs] [Times: user=0.01 sys=0.00, real=0.00 secs] 
264.070: Total time for which application threads were stopped: 0.0045830 seconds, Stopping threads took: 0.0023180 seconds
264.142: Application time: 0.0717680 seconds
264.144: [GC [PSYoungGen: 91040K->7984K(97280K)] 109201K->26153K(319488K), 0.0024420 secs] [Times: user=0.01 sys=0.00, real=0.00 secs] 
264.147: Total time for which application threads were stopped: 0.0049780 seconds, Stopping threads took: 0.0024550 seconds
264.221: Application time: 0.0737920 seconds
264.222: [GC [PSYoungGen: 91440K->7072K(97280K)] 109609K->25241K(319488K), 0.0020950 secs] [Times: user=0.02 sys=0.00, real=0.00 secs] 
264.224: Total time for which application threads were stopped: 0.0033020 seconds, Stopping threads took: 0.0011150 seconds
264.298: Application time: 0.0745540 seconds
264.301: [GC [PSYoungGen: 90528K->7696K(97280K)] 108697K->25873K(319488K), 0.0021620 secs] [Times: user=0.01 sys=0.00, real=0.00 secs] 
264.303: Total time for which application threads were stopped: 0.0047230 seconds, Stopping threads took: 0.0024880 seconds
264.378: Application time: 0.0750040 seconds
264.380: [GC [PSYoungGen: 91152K->6704K(97280K)] 109329K->24889K(319488K), 0.0020390 secs] [Times: user=0.01 sys=0.00, real=0.00 secs] 
264.382: Total time for which application threads were stopped: 0.0035530 seconds, Stopping threads took: 0.0014330 seconds
264.456: Application time: 0.0737970 seconds
264.458: [GC [PSYoungGen: 90160K->6192K(97280K)] 108345K->24385K(319488K), 0.0018580 secs] [Times: user=0.02 sys=0.00, real=0.00 secs] 
264.460: Total time for which application threads were stopped: 0.0040080 seconds, Stopping threads took: 0.0020680 seconds
264.537: Application time: 0.0772350 seconds
264.539: [GC [PSYoungGen: 89648K->7088K(97280K)] 107841K->25281K(319488K), 0.0020190 secs] [Times: user=0.02 sys=0.00, real=0.00 secs] 
264.541: Total time for which application threads were stopped: 0.0043250 seconds, Stopping threads took: 0.0022280 seconds
264.616: Application time: 0.0745260 seconds
264.618: [GC [PSYoungGen: 90544K->6976K(97280K)] 108737K->25177K(319488K), 0.0020500 secs] [Times: user=0.02 sys=0.00, real=0.00 secs] 
264.620: Total time for which application threads were stopped: 0.0041380 seconds, Stopping threads took: 0.0020060 seconds
264.695: Application time: 0.0750300 seconds
264.696: [GC [PSYoungGen: 90432K->5584K(97280K)] 108633K->23785K(319488K), 0.0016600 secs] [Times: user=0.01 sys=0.00, real=0.00 secs] 
264.698: Total time for which application threads were stopped: 0.0030050 seconds, Stopping threads took: 0.0012740 seconds
264.775: Application time: 0.0770830 seconds
264.778: [GC [PSYoungGen: 89040K->7088K(97280K)] 107241K->25297K(319488K), 0.0020700 secs] [Times: user=0.01 sys=0.00, real=0.00 secs] 
264.780: Total time for which application threads were stopped: 0.0048680 seconds, Stopping threads took: 0.0027110 seconds
264.855: Application time: 0.0750930 seconds
264.858: [GC [PSYoungGen: 90544K->6592K(97280K)] 108753K->24809K(319488K), 0.0018250 secs] [Times: user=0.02 sys=0.00, real=0.00 secs] 
264.859: Total time for which application threads were stopped: 0.0045150 seconds, Stopping threads took: 0.0026120 seconds
264.935: Application time: 0.0757510 seconds
264.937: [GC [PSYoungGen: 90048K->6048K(97280K)] 108265K->24273K(319488K), 0.0017400 secs] [Times: user=0.01 sys=0.00, real=0.00 secs] 
264.939: Total time for which application threads were stopped: 0.0039140 seconds, Stopping threads took: 0.0020950 seconds
265.014: Application time: 0.0749980 seconds
265.016: [GC [PSYoungGen: 89504K->6848K(97280K)] 107729K->25081K(319488K), 0.0020520 secs] [Times: user=0.01 sys=0.00, real=0.00 secs] 
265.018: Total time for which application threads were stopped: 0.0044170 seconds, Stopping threads took: 0.0022820 seconds
265.091: Application time: 0.0730000 seconds
265.094: [GC [PSYoungGen: 90304K->7424K(97280K)] 108537K->25665K(319488K), 0.0021170 secs] [Times: user=0.01 sys=0.00, real=0.01 secs] 
265.096: Total time for which application threads were stopped: 0.0047980 seconds, Stopping threads took: 0.0025960 seconds
265.175: Application time: 0.0784920 seconds
265.179: [GC [PSYoungGen: 90880K->7856K(97280K)] 109121K->26097K(319488K), 0.0023550 secs] [Times: user=0.02 sys=0.00, real=0.00 secs] 
265.182: Total time for which application threads were stopped: 0.0069620 seconds, Stopping threads took: 0.0045210 seconds
265.257: Application time: 0.0751270 seconds
265.258: [GC [PSYoungGen: 91312K->6128K(97280K)] 109553K->24377K(319488K), 0.0018640 secs] [Times: user=0.01 sys=0.00, real=0.00 secs] 
265.260: Total time for which application threads were stopped: 0.0028890 seconds, Stopping threads took: 0.0009460 seconds
265.334: Application time: 0.0738280 seconds
265.336: [GC [PSYoungGen: 89584K->7760K(97280K)] 107833K->26017K(319488K), 0.0021790 secs] [Times: user=0.01 sys=0.00, real=0.00 secs] 
265.339: Total time for which application threads were stopped: 0.0050570 seconds, Stopping threads took: 0.0027880 seconds
265.420: Application time: 0.0813030 seconds
265.423: [GC [PSYoungGen: 91216K->7072K(97280K)] 109473K->25337K(319488K), 0.0039910 secs] [Times: user=0.03 sys=0.00, real=0.00 secs] 
265.427: Total time for which application threads were stopped: 0.0066420 seconds, Stopping threads took: 0.0025700 seconds
265.507: Application time: 0.0800040 seconds
265.508: [GC [PSYoungGen: 90528K->5760K(97280K)] 108793K->24033K(319488K), 0.0017320 secs] [Times: user=0.02 sys=0.00, real=0.00 secs] 
265.510: Total time for which application threads were stopped: 0.0034620 seconds, Stopping threads took: 0.0016530 seconds
265.592: Application time: 0.0819620 seconds
265.595: [GC [PSYoungGen: 89216K->7232K(97280K)] 107489K->25513K(319488K), 0.0020760 secs] [Times: user=0.01 sys=0.00, real=0.01 secs] 
265.597: Total time for which application threads were stopped: 0.0047310 seconds, Stopping threads took: 0.0025650 seconds
265.675: Application time: 0.0782630 seconds
265.678: [GC [PSYoungGen: 90688K->7168K(97280K)] 108969K->25465K(319488K), 0.0021200 secs] [Times: user=0.02 sys=0.00, real=0.00 secs] 
265.680: Total time for which application threads were stopped: 0.0054680 seconds, Stopping threads took: 0.0032630 seconds
265.759: Application time: 0.0784000 seconds
265.761: [GC [PSYoungGen: 90624K->6288K(97280K)] 108921K->24593K(319488K), 0.0020330 secs] [Times: user=0.01 sys=0.00, real=0.00 secs] 
265.763: Total time for which application threads were stopped: 0.0037050 seconds, Stopping threads took: 0.0015890 seconds
265.841: Application time: 0.0783330 seconds
265.844: [GC [PSYoungGen: 89744K->7280K(97280K)] 108049K->25593K(319488K), 0.0020740 secs] [Times: user=0.02 sys=0.00, real=0.00 secs] 
265.846: Total time for which application threads were stopped: 0.0047050 seconds, Stopping threads took: 0.0025460 seconds
265.925: Application time: 0.0793000 seconds
265.928: [GC [PSYoungGen: 90736K->7728K(97280K)] 109049K->26049K(319488K), 0.0023240 secs] [Times: user=0.01 sys=0.00, real=0.00 secs] 
265.930: Total time for which application threads were stopped: 0.0053540 seconds, Stopping threads took: 0.0029400 seconds
266.010: Application time: 0.0793980 seconds
266.012: [GC [PSYoungGen: 91184K->6928K(97280K)] 109505K->25257K(319488K), 0.0020310 secs] [Times: user=0.02 sys=0.00, real=0.00 secs] 
266.014: Total time for which application threads were stopped: 0.0046250 seconds, Stopping threads took: 0.0025120 seconds
266.093: Application time: 0.0785700 seconds
266.095: [GC [PSYoungGen: 90384K->6928K(97280K)] 108713K->25265K(319488K), 0.0020460 secs] [Times: user=0.01 sys=0.00, real=0.01 secs] 
266.097: Total time for which application threads were stopped: 0.0038680 seconds, Stopping threads took: 0.0017410 seconds
266.177: Application time: 0.0798390 seconds
266.179: [GC [PSYoungGen: 90384K->7616K(97280K)] 108721K->25961K(319488K), 0.0022030 secs] [Times: user=0.02 sys=0.00, real=0.00 secs] 
266.181: Total time for which application threads were stopped: 0.0046320 seconds, Stopping threads took: 0.0023500 seconds
266.259: Application time: 0.0777230 seconds
266.261: [GC [PSYoungGen: 91072K->6752K(97280K)] 109417K->25105K(319488K), 0.0019900 secs] [Times: user=0.01 sys=0.00, real=0.00 secs] 
266.263: Total time for which application threads were stopped: 0.0043080 seconds, Stopping threads took: 0.0022340 seconds
266.344: Application time: 0.0805820 seconds
266.346: [GC [PSYoungGen: 90208K->7200K(97280K)] 108561K->25561K(319488K), 0.0021300 secs] [Times: user=0.02 sys=0.00, real=0.01 secs] 
266.349: Total time for which application threads were stopped: 0.0046360 seconds, Stopping threads took: 0.0024100 seconds
266.429: Application time: 0.0805920 seconds
266.432: [GC [PSYoungGen: 90656K->7744K(97280K)] 109017K->26113K(319488K), 0.0023900 secs] [Times: user=0.01 sys=0.00, real=0.00 secs] 
266.434: Total time for which application threads were stopped: 0.0048410 seconds, Stopping threads took: 0.0023700 seconds
266.513: Application time: 0.0788190 seconds
266.515: [GC [PSYoungGen: 91200K->6784K(97280K)] 109569K->25161K(319488K), 0.0020040 secs] [Times: user=0.01 sys=0.00, real=0.01 secs] 
266.517: Total time for which application threads were stopped: 0.0040580 seconds, Stopping threads took: 0.0019760 seconds
266.597: Application time: 0.0801300 seconds
266.600: [GC [PSYoungGen: 90240K->7264K(97280K)] 108617K->25641K(319488K), 0.0021170 secs] [Times: user=0.02 sys=0.00, real=0.00 secs] 
266.602: Total time for which application threads were stopped: 0.0053860 seconds, Stopping threads took: 0.0031870 seconds
266.683: Application time: 0.0803740 seconds
266.687: [GC [PSYoungGen: 90720K->8128K(97280K)] 109097K->26513K(319488K), 0.0026160 secs] [Times: user=0.02 sys=0.00, real=0.00 secs] 
266.690: Total time for which application threads were stopped: 0.0073000 seconds, Stopping threads took: 0.0046040 seconds
266.769: Application time: 0.0788050 seconds
266.771: [GC [PSYoungGen: 91584K->7488K(97280K)] 109969K->25881K(319488K), 0.0021450 secs] [Times: user=0.02 sys=0.00, real=0.00 secs] 
266.773: Total time for which application threads were stopped: 0.0045310 seconds, Stopping threads took: 0.0023060 seconds
266.852: Application time: 0.0787170 seconds
266.854: [GC [PSYoungGen: 90944K->7120K(97280K)] 109337K->25513K(319488K), 0.0021680 secs] [Times: user=0.01 sys=0.00, real=0.01 secs] 
266.856: Total time for which application threads were stopped: 0.0044050 seconds, Stopping threads took: 0.0021370 seconds
266.933: Application time: 0.0761500 seconds
266.935: [GC [PSYoungGen: 90576K->6544K(97280K)] 108969K->24945K(319488K), 0.0019410 secs] [Times: user=0.02 sys=0.00, real=0.00 secs] 
266.937: Total time for which application threads were stopped: 0.0044270 seconds, Stopping threads took: 0.0024040 seconds
267.013: Application time: 0.0763480 seconds
267.015: [GC [PSYoungGen: 90000K->6880K(97280K)] 108401K->25289K(319488K), 0.0020840 secs] [Times: user=0.02 sys=0.00, real=0.00 secs] 
267.017: Total time for which application threads were stopped: 0.0039380 seconds, Stopping threads took: 0.0017730 seconds
267.097: Application time: 0.0796660 seconds
267.099: [GC [PSYoungGen: 90336K->7536K(97280K)] 108745K->25945K(319488K), 0.0021670 secs] [Times: user=0.02 sys=0.00, real=0.00 secs] 
267.101: Total time for which application threads were stopped: 0.0043290 seconds, Stopping threads took: 0.0020790 seconds
267.180: Application time: 0.0783940 seconds
267.182: [GC [PSYoungGen: 90992K->6272K(97280K)] 109401K->24689K(319488K), 0.0019500 secs] [Times: user=0.02 sys=0.00, real=0.00 secs] 
267.184: Total time for which application threads were stopped: 0.0040810 seconds, Stopping threads took: 0.0020500 seconds
267.264: Application time: 0.0801820 seconds
267.266: [GC [PSYoungGen: 89728K->6528K(97280K)] 108145K->24945K(319488K), 0.0019380 secs] [Times: user=0.01 sys=0.00, real=0.01 secs] 
267.268: Total time for which application threads were stopped: 0.0042960 seconds, Stopping threads took: 0.0022770 seconds
267.347: Application time: 0.0783310 seconds
267.350: [GC [PSYoungGen: 89984K->8224K(97280K)] 108401K->26649K(319488K), 0.0024890 secs] [Times: user=0.01 sys=0.00, real=0.00 secs] 
267.352: Total time for which application threads were stopped: 0.0053890 seconds, Stopping threads took: 0.0028140 seconds
267.432: Application time: 0.0801040 seconds
267.435: [GC [PSYoungGen: 91680K->7808K(97280K)] 110105K->26241K(319488K), 0.0023790 secs] [Times: user=0.02 sys=0.00, real=0.00 secs] 
267.438: Total time for which application threads were stopped: 0.0056150 seconds, Stopping threads took: 0.0031460 seconds
267.519: Application time: 0.0809110 seconds
267.522: [GC [PSYoungGen: 91264K->6624K(97280K)] 109697K->25065K(319488K), 0.0018510 secs] [Times: user=0.01 sys=0.00, real=0.00 secs] 
267.523: Total time for which application threads were stopped: 0.0047480 seconds, Stopping threads took: 0.0028180 seconds
267.601: Application time: 0.0775200 seconds
267.603: [GC [PSYoungGen: 90079K->6752K(97280K)] 108521K->25201K(319488K), 0.0019790 secs] [Times: user=0.02 sys=0.00, real=0.00 secs] 
267.605: Total time for which application threads were stopped: 0.0035800 seconds, Stopping threads took: 0.0015170 seconds
267.682: Application time: 0.0775410 seconds
267.685: [GC [PSYoungGen: 90208K->7360K(97280K)] 108657K->25817K(319488K), 0.0021500 secs] [Times: user=0.02 sys=0.00, real=0.01 secs] 
267.687: Total time for which application threads were stopped: 0.0049790 seconds, Stopping threads took: 0.0027510 seconds
267.764: Application time: 0.0770400 seconds
267.766: [GC [PSYoungGen: 90816K->7504K(97280K)] 109273K->25961K(319488K), 0.0021770 secs] [Times: user=0.01 sys=0.00, real=0.01 secs] 
267.768: Total time for which application threads were stopped: 0.0040220 seconds, Stopping threads took: 0.0017590 seconds
267.850: Application time: 0.0819340 seconds
267.853: [GC [PSYoungGen: 90960K->7088K(97280K)] 109417K->25553K(319488K), 0.0020330 secs] [Times: user=0.01 sys=0.00, real=0.01 secs] 
267.855: Total time for which application threads were stopped: 0.0051000 seconds, Stopping threads took: 0.0029760 seconds
267.935: Application time: 0.0795360 seconds
267.936: [GC [PSYoungGen: 90544K->7776K(97280K)] 109009K->26249K(319488K), 0.0024520 secs] [Times: user=0.01 sys=0.00, real=0.00 secs] 
267.939: Total time for which application threads were stopped: 0.0038600 seconds, Stopping threads took: 0.0013200 seconds
268.018: Application time: 0.0795970 seconds
268.021: [GC [PSYoungGen: 91232K->7520K(97280K)] 109705K->26001K(319488K), 0.0021290 secs] [Times: user=0.01 sys=0.00, real=0.00 secs] 
268.023: Total time for which application threads were stopped: 0.0050580 seconds, Stopping threads took: 0.0028490 seconds
268.102: Application time: 0.0791140 seconds
268.105: [GC [PSYoungGen: 90976K->6880K(97280K)] 109457K->25369K(319488K), 0.0020360 secs] [Times: user=0.01 sys=0.00, real=0.01 secs] 
268.107: Total time for which application threads were stopped: 0.0047690 seconds, Stopping threads took: 0.0026480 seconds
268.186: Application time: 0.0793690 seconds
268.191: [GC [PSYoungGen: 90336K->6832K(97280K)] 108825K->25337K(319488K), 0.0108230 secs] [Times: user=0.07 sys=0.00, real=0.01 secs] 
268.202: Total time for which application threads were stopped: 0.0153620 seconds, Stopping threads took: 0.0044650 seconds
268.283: Application time: 0.0807530 seconds
268.286: [GC [PSYoungGen: 90287K->6576K(97280K)] 108793K->25089K(319488K), 0.0019530 secs] [Times: user=0.01 sys=0.00, real=0.01 secs] 
268.288: Total time for which application threads were stopped: 0.0053520 seconds, Stopping threads took: 0.0033130 seconds
268.368: Application time: 0.0799880 seconds
268.371: [GC [PSYoungGen: 90032K->6752K(97280K)] 108545K->25273K(319488K), 0.0019480 secs] [Times: user=0.01 sys=0.00, real=0.00 secs] 
268.373: Total time for which application threads were stopped: 0.0046190 seconds, Stopping threads took: 0.0025900 seconds
268.451: Application time: 0.0787450 seconds
268.455: [GC [PSYoungGen: 90208K->7472K(97280K)] 108729K->26001K(319488K), 0.0020640 secs] [Times: user=0.01 sys=0.00, real=0.01 secs] 
268.457: Total time for which application threads were stopped: 0.0054640 seconds, Stopping threads took: 0.0033080 seconds
268.536: Application time: 0.0792830 seconds
268.539: [GC [PSYoungGen: 90928K->7984K(97280K)] 109457K->26537K(319488K), 0.0025840 secs] [Times: user=0.02 sys=0.00, real=0.00 secs] 
268.542: Total time for which application threads were stopped: 0.0058280 seconds, Stopping threads took: 0.0031390 seconds
268.619: Application time: 0.0772690 seconds
268.621: [GC [PSYoungGen: 91440K->7296K(97280K)] 109993K->25857K(319488K), 0.0022070 secs] [Times: user=0.01 sys=0.00, real=0.00 secs] 
268.624: Total time for which application threads were stopped: 0.0045900 seconds, Stopping threads took: 0.0022990 seconds
268.703: Application time: 0.0788340 seconds
268.705: [GC [PSYoungGen: 90752K->7232K(97280K)] 109313K->25793K(319488K), 0.0021220 secs] [Times: user=0.01 sys=0.00, real=0.00 secs] 
268.707: Total time for which application threads were stopped: 0.0041300 seconds, Stopping threads took: 0.0019280 seconds
268.783: Application time: 0.0763820 seconds
268.785: [GC [PSYoungGen: 90688K->6976K(97280K)] 109249K->25545K(319488K), 0.0021190 secs] [Times: user=0.01 sys=0.00, real=0.01 secs] 
268.787: Total time for which application threads were stopped: 0.0039930 seconds, Stopping threads took: 0.0017910 seconds
268.867: Application time: 0.0803390 seconds
268.870: [GC [PSYoungGen: 90432K->7248K(97280K)] 109001K->25825K(319488K), 0.0021130 secs] [Times: user=0.02 sys=0.00, real=0.00 secs] 
268.873: Total time for which application threads were stopped: 0.0050780 seconds, Stopping threads took: 0.0028810 seconds
268.954: Application time: 0.0813880 seconds
268.957: [GC [PSYoungGen: 90704K->7600K(97280K)] 109281K->26177K(319488K), 0.0022220 secs] [Times: user=0.02 sys=0.00, real=0.00 secs] 
268.959: Total time for which application threads were stopped: 0.0054450 seconds, Stopping threads took: 0.0031320 seconds
269.037: Application time: 0.0778310 seconds
269.040: [GC [PSYoungGen: 91056K->5616K(97280K)] 109633K->24201K(319488K), 0.0016430 secs] [Times: user=0.01 sys=0.00, real=0.00 secs] 
269.042: Total time for which application threads were stopped: 0.0047040 seconds, Stopping threads took: 0.0029840 seconds
269.119: Application time: 0.0771200 seconds
269.121: [GC [PSYoungGen: 89072K->7440K(97280K)] 107657K->26033K(319488K), 0.0022270 secs] [Times: user=0.01 sys=0.00, real=0.00 secs] 
269.124: Total time for which application threads were stopped: 0.0046710 seconds, Stopping threads took: 0.0023540 seconds
269.202: Application time: 0.0782700 seconds
269.204: [GC [PSYoungGen: 90896K->7024K(97280K)] 109489K->25617K(319488K), 0.0020050 secs] [Times: user=0.02 sys=0.00, real=0.00 secs] 
269.206: Total time for which application threads were stopped: 0.0041090 seconds, Stopping threads took: 0.0020230 seconds
269.284: Application time: 0.0777360 seconds
269.286: [GC [PSYoungGen: 90480K->5984K(97280K)] 109073K->24585K(319488K), 0.0017590 secs] [Times: user=0.01 sys=0.00, real=0.01 secs] 
269.288: Total time for which application threads were stopped: 0.0039740 seconds, Stopping threads took: 0.0021320 seconds
269.368: Application time: 0.0797790 seconds
269.370: [GC [PSYoungGen: 89440K->6336K(97280K)] 108041K->24945K(319488K), 0.0018430 secs] [Times: user=0.01 sys=0.00, real=0.00 secs] 
269.372: Total time for which application threads were stopped: 0.0045850 seconds, Stopping threads took: 0.0026650 seconds
269.447: Application time: 0.0750840 seconds
269.449: [GC [PSYoungGen: 89792K->7504K(97280K)] 108401K->26113K(319488K), 0.0021650 secs] [Times: user=0.01 sys=0.00, real=0.00 secs] 
269.452: Total time for which application threads were stopped: 0.0044370 seconds, Stopping threads took: 0.0021920 seconds
269.527: Application time: 0.0757440 seconds
269.531: [GC [PSYoungGen: 90960K->7968K(97280K)] 109569K->26593K(319488K), 0.0023150 secs] [Times: user=0.01 sys=0.00, real=0.00 secs] 
269.533: Total time for which application threads were stopped: 0.0055330 seconds, Stopping threads took: 0.0031270 seconds
269.607: Application time: 0.0740880 seconds
269.609: [GC [PSYoungGen: 91424K->6528K(97280K)] 110049K->25161K(319488K), 0.0019660 secs] [Times: user=0.02 sys=0.00, real=0.00 secs] 
269.611: Total time for which application threads were stopped: 0.0035370 seconds, Stopping threads took: 0.0014900 seconds
269.684: Application time: 0.0734360 seconds
269.687: [GC [PSYoungGen: 89984K->7872K(97280K)] 108617K->26505K(319488K), 0.0022410 secs] [Times: user=0.02 sys=0.00, real=0.01 secs] 
269.689: Total time for which application threads were stopped: 0.0049450 seconds, Stopping threads took: 0.0026250 seconds
269.762: Application time: 0.0734260 seconds
269.764: [GC [PSYoungGen: 91328K->6240K(97280K)] 109961K->24881K(319488K), 0.0019280 secs] [Times: user=0.02 sys=0.00, real=0.00 secs] 
269.766: Total time for which application threads were stopped: 0.0037800 seconds, Stopping threads took: 0.0017690 seconds
269.842: Application time: 0.0755820 seconds
269.844: [GC [PSYoungGen: 89696K->7152K(97280K)] 108337K->25801K(319488K), 0.0021370 secs] [Times: user=0.01 sys=0.00, real=0.00 secs] 
269.846: Total time for which application threads were stopped: 0.0043690 seconds, Stopping threads took: 0.0021440 seconds
269.922: Application time: 0.0758500 seconds
269.923: [GC [PSYoungGen: 90608K->7008K(97280K)] 109257K->25657K(319488K), 0.0021160 secs] [Times: user=0.01 sys=0.00, real=0.00 secs] 
269.925: Total time for which application threads were stopped: 0.0027540 seconds, Stopping threads took: 0.0005550 seconds
269.999: Application time: 0.0746380 seconds
270.002: [GC [PSYoungGen: 90464K->6544K(97280K)] 109113K->25201K(319488K), 0.0019110 secs] [Times: user=0.01 sys=0.00, real=0.00 secs] 
270.004: Total time for which application threads were stopped: 0.0047980 seconds, Stopping threads took: 0.0028030 seconds
270.079: Application time: 0.0746120 seconds
270.083: [GC [PSYoungGen: 90000K->6928K(97280K)] 108657K->25593K(319488K), 0.0019950 secs] [Times: user=0.01 sys=0.00, real=0.00 secs] 
270.085: Total time for which application threads were stopped: 0.0062250 seconds, Stopping threads took: 0.0041340 seconds
270.160: Application time: 0.0749240 seconds
270.162: [GC [PSYoungGen: 90384K->5744K(97280K)] 109049K->24417K(319488K), 0.0017450 secs] [Times: user=0.01 sys=0.00, real=0.00 secs] 
270.164: Total time for which application threads were stopped: 0.0036520 seconds, Stopping threads took: 0.0018280 seconds
270.238: Application time: 0.0741470 seconds
270.239: [GC [PSYoungGen: 89200K->6816K(97280K)] 107873K->25497K(319488K), 0.0021030 secs] [Times: user=0.02 sys=0.00, real=0.00 secs] 
270.241: Total time for which application threads were stopped: 0.0037120 seconds, Stopping threads took: 0.0015240 seconds
270.315: Application time: 0.0738530 seconds
270.318: [GC [PSYoungGen: 90272K->5696K(97280K)] 108953K->24385K(319488K), 0.0016310 secs] [Times: user=0.01 sys=0.00, real=0.00 secs] 
270.320: Total time for which application threads were stopped: 0.0044150 seconds, Stopping threads took: 0.0027070 seconds
270.394: Application time: 0.0747180 seconds
270.397: [GC [PSYoungGen: 89152K->6096K(97280K)] 107841K->24793K(319488K), 0.0017770 secs] [Times: user=0.01 sys=0.00, real=0.00 secs] 
270.399: Total time for which application threads were stopped: 0.0047500 seconds, Stopping threads took: 0.0028930 seconds
270.474: Application time: 0.0744290 seconds
270.476: [GC [PSYoungGen: 89552K->7696K(97280K)] 108249K->26401K(319488K), 0.0023360 secs] [Times: user=0.01 sys=0.00, real=0.00 secs] 
270.479: Total time for which application threads were stopped: 0.0051280 seconds, Stopping threads took: 0.0027080 seconds
270.552: Application time: 0.0732900 seconds
270.554: [GC [PSYoungGen: 91152K->7072K(97280K)] 109857K->25793K(319488K), 0.0021180 secs] [Times: user=0.02 sys=0.00, real=0.01 secs] 
270.556: Total time for which application threads were stopped: 0.0040090 seconds, Stopping threads took: 0.0018110 seconds
270.634: Application time: 0.0777020 seconds
270.636: [GC [PSYoungGen: 90528K->5632K(97280K)] 109249K->24361K(319488K), 0.0016440 secs] [Times: user=0.01 sys=0.00, real=0.00 secs] 
270.638: Total time for which application threads were stopped: 0.0037350 seconds, Stopping threads took: 0.0020040 seconds
270.712: Application time: 0.0743390 seconds
270.714: [GC [PSYoungGen: 89088K->5792K(97280K)] 107817K->24529K(319488K), 0.0017380 secs] [Times: user=0.01 sys=0.00, real=0.01 secs] 
270.716: Total time for which application threads were stopped: 0.0039390 seconds, Stopping threads took: 0.0021210 seconds
270.792: Application time: 0.0760510 seconds
270.795: [GC [PSYoungGen: 89248K->6720K(97280K)] 107985K->25465K(319488K), 0.0019760 secs] [Times: user=0.02 sys=0.00, real=0.00 secs] 
270.797: Total time for which application threads were stopped: 0.0051410 seconds, Stopping threads took: 0.0030850 seconds
270.873: Application time: 0.0760120 seconds
270.876: [GC [PSYoungGen: 90176K->8240K(97280K)] 108921K->26993K(319488K), 0.0023880 secs] [Times: user=0.01 sys=0.00, real=0.00 secs] 
270.878: Total time for which application threads were stopped: 0.0050720 seconds, Stopping threads took: 0.0026020 seconds
270.953: Application time: 0.0752770 seconds
270.955: [GC [PSYoungGen: 91696K->6256K(97280K)] 110449K->25017K(319488K), 0.0018190 secs] [Times: user=0.01 sys=0.00, real=0.00 secs] 
270.957: Total time for which application threads were stopped: 0.0035590 seconds, Stopping threads took: 0.0016630 seconds
271.033: Application time: 0.0765410 seconds
271.036: [GC [PSYoungGen: 89712K->6496K(97280K)] 108473K->25265K(319488K), 0.0020010 secs] [Times: user=0.01 sys=0.00, real=0.00 secs] 
271.038: Total time for which application threads were stopped: 0.0044710 seconds, Stopping threads took: 0.0023940 seconds
271.112: Application time: 0.0739740 seconds
271.113: [GC [PSYoungGen: 89952K->7200K(97280K)] 108721K->25977K(319488K), 0.0022120 secs] [Times: user=0.01 sys=0.00, real=0.01 secs] 
271.116: Total time for which application threads were stopped: 0.0038210 seconds, Stopping threads took: 0.0015270 seconds
271.191: Application time: 0.0753270 seconds
271.193: [GC [PSYoungGen: 90656K->6976K(97280K)] 109433K->25753K(319488K), 0.0020620 secs] [Times: user=0.02 sys=0.00, real=0.01 secs] 
271.195: Total time for which application threads were stopped: 0.0039720 seconds, Stopping threads took: 0.0018180 seconds
271.269: Application time: 0.0735040 seconds
271.271: [GC [PSYoungGen: 90432K->7504K(97280K)] 109209K->26289K(319488K), 0.0022420 secs] [Times: user=0.02 sys=0.00, real=0.00 secs] 
271.273: Total time for which application threads were stopped: 0.0043750 seconds, Stopping threads took: 0.0020510 seconds
271.347: Application time: 0.0737410 seconds
271.349: [GC [PSYoungGen: 90960K->7856K(97280K)] 109745K->26657K(319488K), 0.0023050 secs] [Times: user=0.01 sys=0.00, real=0.00 secs] 
271.351: Total time for which application threads were stopped: 0.0045980 seconds, Stopping threads took: 0.0021930 seconds
271.425: Application time: 0.0734160 seconds
271.428: [GC [PSYoungGen: 91312K->7504K(97280K)] 110113K->26305K(319488K), 0.0021800 secs] [Times: user=0.01 sys=0.00, real=0.00 secs] 
271.430: Total time for which application threads were stopped: 0.0052610 seconds, Stopping threads took: 0.0030030 seconds
271.506: Application time: 0.0759190 seconds
271.509: [GC [PSYoungGen: 90960K->6048K(97280K)] 109761K->24857K(319488K), 0.0017520 secs] [Times: user=0.01 sys=0.00, real=0.00 secs] 
271.510: Total time for which application threads were stopped: 0.0044860 seconds, Stopping threads took: 0.0026550 seconds
271.585: Application time: 0.0743270 seconds
271.587: [GC [PSYoungGen: 89504K->6768K(97280K)] 108313K->25585K(319488K), 0.0020010 secs] [Times: user=0.01 sys=0.00, real=0.01 secs] 
271.589: Total time for which application threads were stopped: 0.0040560 seconds, Stopping threads took: 0.0019740 seconds
271.664: Application time: 0.0751970 seconds
271.666: [GC [PSYoungGen: 90224K->7168K(97280K)] 109041K->25985K(319488K), 0.0021130 secs] [Times: user=0.02 sys=0.00, real=0.01 secs] 
271.669: Total time for which application threads were stopped: 0.0046150 seconds, Stopping threads took: 0.0024200 seconds
271.744: Application time: 0.0752150 seconds
271.746: [GC [PSYoungGen: 90624K->7328K(97280K)] 109441K->26153K(319488K), 0.0021920 secs] [Times: user=0.01 sys=0.00, real=0.01 secs] 
271.749: Total time for which application threads were stopped: 0.0047440 seconds, Stopping threads took: 0.0024670 seconds
271.822: Application time: 0.0739040 seconds
271.825: [GC [PSYoungGen: 90784K->7456K(97280K)] 109609K->26289K(319488K), 0.0022260 secs] [Times: user=0.01 sys=0.00, real=0.01 secs] 
271.827: Total time for which application threads were stopped: 0.0050510 seconds, Stopping threads took: 0.0027440 seconds
271.901: Application time: 0.0738480 seconds
271.903: [GC [PSYoungGen: 90911K->7904K(97280K)] 109744K->26737K(319488K), 0.0023510 secs] [Times: user=0.02 sys=0.00, real=0.00 secs] 
271.906: Total time for which application threads were stopped: 0.0045110 seconds, Stopping threads took: 0.0020780 seconds
271.978: Application time: 0.0722300 seconds
271.980: [GC [PSYoungGen: 91360K->7376K(97280K)] 110193K->26217K(319488K), 0.0022380 secs] [Times: user=0.01 sys=0.00, real=0.00 secs] 
271.982: Total time for which application threads were stopped: 0.0037680 seconds, Stopping threads took: 0.0014480 seconds
272.057: Application time: 0.0747120 seconds
272.059: [GC [PSYoungGen: 90832K->6848K(97280K)] 109673K->25697K(319488K), 0.0021000 secs] [Times: user=0.01 sys=0.00, real=0.00 secs] 
272.061: Total time for which application threads were stopped: 0.0044630 seconds, Stopping threads took: 0.0022710 seconds
272.137: Application time: 0.0760150 seconds
272.140: [GC [PSYoungGen: 90304K->7280K(97280K)] 109153K->26129K(319488K), 0.0020710 secs] [Times: user=0.01 sys=0.00, real=0.00 secs] 
272.142: Total time for which application threads were stopped: 0.0047120 seconds, Stopping threads took: 0.0025640 seconds
272.215: Application time: 0.0732970 seconds
272.217: [GC [PSYoungGen: 90736K->6832K(97280K)] 109585K->25689K(319488K), 0.0019980 secs] [Times: user=0.01 sys=0.00, real=0.00 secs] 
272.219: Total time for which application threads were stopped: 0.0042920 seconds, Stopping threads took: 0.0022150 seconds
272.294: Application time: 0.0741740 seconds
272.297: [GC [PSYoungGen: 90288K->6784K(97280K)] 109145K->25641K(319488K), 0.0020060 secs] [Times: user=0.01 sys=0.00, real=0.00 secs] 
272.299: Total time for which application threads were stopped: 0.0052700 seconds, Stopping threads took: 0.0031750 seconds
272.373: Application time: 0.0739770 seconds
272.375: [GC [PSYoungGen: 90240K->6624K(97280K)] 109097K->25489K(319488K), 0.0019000 secs] [Times: user=0.01 sys=0.00, real=0.00 secs] 
272.377: Total time for which application threads were stopped: 0.0042900 seconds, Stopping threads took: 0.0023100 seconds
272.452: Application time: 0.0750310 seconds
272.454: [GC [PSYoungGen: 90080K->8080K(97280K)] 108945K->26953K(319488K), 0.0022730 secs] [Times: user=0.02 sys=0.00, real=0.01 secs] 
272.456: Total time for which application threads were stopped: 0.0043460 seconds, Stopping threads took: 0.0019920 seconds
272.532: Application time: 0.0757280 seconds
272.534: [GC [PSYoungGen: 91536K->7392K(97280K)] 110409K->26273K(319488K), 0.0021780 secs] [Times: user=0.02 sys=0.00, real=0.01 secs] 
272.537: Total time for which application threads were stopped: 0.0043670 seconds, Stopping threads took: 0.0021090 seconds
272.611: Application time: 0.0743200 seconds
272.614: [GC [PSYoungGen: 90848K->6112K(97280K)] 109729K->25001K(319488K), 0.0018380 secs] [Times: user=0.01 sys=0.00, real=0.01 secs] 
272.615: Total time for which application threads were stopped: 0.0045770 seconds, Stopping threads took: 0.0026620 seconds
272.690: Application time: 0.0745260 seconds
272.692: [GC [PSYoungGen: 89568K->6832K(97280K)] 108457K->25729K(319488K), 0.0019710 secs] [Times: user=0.02 sys=0.00, real=0.00 secs] 
272.694: Total time for which application threads were stopped: 0.0045010 seconds, Stopping threads took: 0.0024520 seconds
272.768: Application time: 0.0734910 seconds
272.770: [GC [PSYoungGen: 90288K->7312K(97280K)] 109185K->26217K(319488K), 0.0021090 secs] [Times: user=0.01 sys=0.00, real=0.00 secs] 
272.773: Total time for which application threads were stopped: 0.0046120 seconds, Stopping threads took: 0.0024190 seconds
272.847: Application time: 0.0747490 seconds
272.850: [GC [PSYoungGen: 90768K->7632K(97280K)] 109673K->26545K(319488K), 0.0022730 secs] [Times: user=0.02 sys=0.00, real=0.00 secs] 
272.853: Total time for which application threads were stopped: 0.0051700 seconds, Stopping threads took: 0.0028050 seconds
272.929: Application time: 0.0767740 seconds
272.932: [GC [PSYoungGen: 91088K->7616K(97280K)] 110001K->26537K(319488K), 0.0022500 secs] [Times: user=0.01 sys=0.00, real=0.00 secs] 
272.934: Total time for which application threads were stopped: 0.0045990 seconds, Stopping threads took: 0.0022660 seconds
273.007: Application time: 0.0731920 seconds
273.009: [GC [PSYoungGen: 91070K->7232K(97280K)] 109991K->26161K(319488K), 0.0021170 secs] [Times: user=0.01 sys=0.00, real=0.00 secs] 
273.011: Total time for which application threads were stopped: 0.0041540 seconds, Stopping threads took: 0.0019570 seconds
273.087: Application time: 0.0760250 seconds
273.090: [GC [PSYoungGen: 90688K->5920K(97280K)] 109617K->24857K(319488K), 0.0017450 secs] [Times: user=0.01 sys=0.00, real=0.00 secs] 
273.092: Total time for which application threads were stopped: 0.0045400 seconds, Stopping threads took: 0.0027160 seconds
273.166: Application time: 0.0737640 seconds
273.167: [GC [PSYoungGen: 89376K->6704K(97280K)] 108313K->25641K(319488K), 0.0020660 secs] [Times: user=0.01 sys=0.00, real=0.00 secs] 
273.170: Total time for which application threads were stopped: 0.0039810 seconds, Stopping threads took: 0.0018340 seconds
273.242: Application time: 0.0722430 seconds
273.244: [GC [PSYoungGen: 90160K->8272K(97280K)] 109097K->27217K(319488K), 0.0025190 secs] [Times: user=0.02 sys=0.00, real=0.00 secs] 
273.247: Total time for which application threads were stopped: 0.0047650 seconds, Stopping threads took: 0.0021590 seconds
273.320: Application time: 0.0736510 seconds
273.322: [GC [PSYoungGen: 91728K->6240K(97280K)] 110673K->25193K(319488K), 0.0018680 secs] [Times: user=0.01 sys=0.00, real=0.00 secs] 
273.324: Total time for which application threads were stopped: 0.0034560 seconds, Stopping threads took: 0.0015140 seconds
273.403: Application time: 0.0796570 seconds
273.406: [GC [PSYoungGen: 89696K->6048K(97280K)] 108649K->25009K(319488K), 0.0017630 secs] [Times: user=0.01 sys=0.00, real=0.01 secs] 
273.408: Total time for which application threads were stopped: 0.0044820 seconds, Stopping threads took: 0.0026300 seconds
273.483: Application time: 0.0751440 seconds
273.485: [GC [PSYoungGen: 89504K->8064K(97280K)] 108465K->27033K(319488K), 0.0024790 secs] [Times: user=0.01 sys=0.00, real=0.01 secs] 
273.487: Total time for which application threads were stopped: 0.0043690 seconds, Stopping threads took: 0.0018020 seconds
273.567: Application time: 0.0792600 seconds
273.569: [GC [PSYoungGen: 91520K->7696K(97280K)] 110489K->26673K(319488K), 0.0023440 secs] [Times: user=0.01 sys=0.00, real=0.00 secs] 
273.571: Total time for which application threads were stopped: 0.0043830 seconds, Stopping threads took: 0.0019530 seconds
273.649: Application time: 0.0777580 seconds
273.652: [GC [PSYoungGen: 91152K->7616K(97280K)] 110129K->26593K(319488K), 0.0021720 secs] [Times: user=0.02 sys=0.00, real=0.00 secs] 
273.654: Total time for which application threads were stopped: 0.0051720 seconds, Stopping threads took: 0.0029200 seconds
273.736: Application time: 0.0819690 seconds
273.739: [GC [PSYoungGen: 91072K->6432K(97280K)] 110049K->25417K(319488K), 0.0019680 secs] [Times: user=0.01 sys=0.00, real=0.00 secs] 
273.741: Total time for which application threads were stopped: 0.0046400 seconds, Stopping threads took: 0.0025910 seconds
273.819: Application time: 0.0786240 seconds
273.822: [GC [PSYoungGen: 89888K->6192K(97280K)] 108873K->25185K(319488K), 0.0018240 secs] [Times: user=0.01 sys=0.00, real=0.00 secs] 
273.824: Total time for which application threads were stopped: 0.0049260 seconds, Stopping threads took: 0.0030200 seconds
273.901: Application time: 0.0764600 seconds
273.902: [GC [PSYoungGen: 89648K->6304K(97280K)] 108641K->25297K(319488K), 0.0018550 secs] [Times: user=0.02 sys=0.00, real=0.00 secs] 
273.904: Total time for which application threads were stopped: 0.0033720 seconds, Stopping threads took: 0.0014350 seconds
273.985: Application time: 0.0815060 seconds
273.988: [GC [PSYoungGen: 89760K->6768K(97280K)] 108753K->25769K(319488K), 0.0021490 secs] [Times: user=0.02 sys=0.00, real=0.00 secs] 
273.991: Total time for which application threads were stopped: 0.0051990 seconds, Stopping threads took: 0.0029600 seconds
274.071: Application time: 0.0804600 seconds
274.074: [GC [PSYoungGen: 90224K->7104K(97280K)] 109225K->26113K(319488K), 0.0022070 secs] [Times: user=0.01 sys=0.00, real=0.01 secs] 
274.076: Total time for which application threads were stopped: 0.0052680 seconds, Stopping threads took: 0.0029780 seconds
274.156: Application time: 0.0799750 seconds
274.159: [GC [PSYoungGen: 90560K->7504K(97280K)] 109569K->26513K(319488K), 0.0022240 secs] [Times: user=0.01 sys=0.00, real=0.00 secs] 
274.161: Total time for which application threads were stopped: 0.0044660 seconds, Stopping threads took: 0.0021590 seconds
274.240: Application time: 0.0792160 seconds
274.242: [GC [PSYoungGen: 90960K->6128K(97280K)] 109969K->25145K(319488K), 0.0018680 secs] [Times: user=0.01 sys=0.00, real=0.00 secs] 
274.244: Total time for which application threads were stopped: 0.0037600 seconds, Stopping threads took: 0.0018060 seconds
274.322: Application time: 0.0785930 seconds
274.324: [GC [PSYoungGen: 89584K->7120K(97280K)] 108601K->26145K(319488K), 0.0020760 secs] [Times: user=0.02 sys=0.00, real=0.00 secs] 
274.326: Total time for which application threads were stopped: 0.0038420 seconds, Stopping threads took: 0.0016870 seconds
274.408: Application time: 0.0822260 seconds
274.412: [GC [PSYoungGen: 90576K->8336K(97280K)] 109601K->27361K(319488K), 0.0024030 secs] [Times: user=0.01 sys=0.00, real=0.00 secs] 
274.414: Total time for which application threads were stopped: 0.0057310 seconds, Stopping threads took: 0.0032420 seconds
274.492: Application time: 0.0775090 seconds
274.493: [GC [PSYoungGen: 91792K->6656K(97280K)] 110817K->25689K(319488K), 0.0021120 secs] [Times: user=0.02 sys=0.00, real=0.01 secs] 
274.495: Total time for which application threads were stopped: 0.0036350 seconds, Stopping threads took: 0.0014360 seconds
274.576: Application time: 0.0806120 seconds
274.578: [GC [PSYoungGen: 90112K->5728K(97280K)] 109145K->24769K(319488K), 0.0017750 secs] [Times: user=0.02 sys=0.00, real=0.00 secs] 
274.580: Total time for which application threads were stopped: 0.0038250 seconds, Stopping threads took: 0.0019450 seconds
274.658: Application time: 0.0779120 seconds
274.660: [GC [PSYoungGen: 89184K->7664K(97280K)] 108225K->26705K(319488K), 0.0023850 secs] [Times: user=0.02 sys=0.00, real=0.00 secs] 
274.663: Total time for which application threads were stopped: 0.0051530 seconds, Stopping threads took: 0.0026830 seconds
274.745: Application time: 0.0819110 seconds
274.748: [GC [PSYoungGen: 91120K->7088K(97280K)] 110161K->26137K(319488K), 0.0020890 secs] [Times: user=0.01 sys=0.00, real=0.00 secs] 
274.750: Total time for which application threads were stopped: 0.0051520 seconds, Stopping threads took: 0.0029810 seconds
274.829: Application time: 0.0792350 seconds
274.831: [GC [PSYoungGen: 90544K->6432K(97280K)] 109593K->25489K(319488K), 0.0018310 secs] [Times: user=0.01 sys=0.00, real=0.00 secs] 
274.833: Total time for which application threads were stopped: 0.0036450 seconds, Stopping threads took: 0.0017310 seconds
274.911: Application time: 0.0786910 seconds
274.915: [GC [PSYoungGen: 89888K->6384K(97280K)] 108945K->25441K(319488K), 0.0019620 secs] [Times: user=0.02 sys=0.00, real=0.01 secs] 
274.917: Total time for which application threads were stopped: 0.0050750 seconds, Stopping threads took: 0.0030290 seconds
274.996: Application time: 0.0792660 seconds
274.998: [GC [PSYoungGen: 89840K->6464K(97280K)] 108897K->25529K(319488K), 0.0018680 secs] [Times: user=0.02 sys=0.00, real=0.00 secs] 
275.000: Total time for which application threads were stopped: 0.0040010 seconds, Stopping threads took: 0.0020430 seconds
275.078: Application time: 0.0783140 seconds
275.080: [GC [PSYoungGen: 89920K->7712K(97280K)] 108985K->26785K(319488K), 0.0022330 secs] [Times: user=0.01 sys=0.00, real=0.00 secs] 
275.082: Total time for which application threads were stopped: 0.0040100 seconds, Stopping threads took: 0.0016930 seconds
275.159: Application time: 0.0769000 seconds
275.162: [GC [PSYoungGen: 91168K->8096K(97280K)] 110241K->27177K(319488K), 0.0025030 secs] [Times: user=0.01 sys=0.00, real=0.00 secs] 
275.164: Total time for which application threads were stopped: 0.0052430 seconds, Stopping threads took: 0.0026570 seconds
275.245: Application time: 0.0807010 seconds
275.247: [GC [PSYoungGen: 91552K->7584K(97280K)] 110633K->26673K(319488K), 0.0025200 secs] [Times: user=0.02 sys=0.00, real=0.00 secs] 
275.250: Total time for which application threads were stopped: 0.0046810 seconds, Stopping threads took: 0.0020570 seconds
275.332: Application time: 0.0823760 seconds
275.334: [GC [PSYoungGen: 91040K->7152K(97280K)] 110129K->26249K(319488K), 0.0023000 secs] [Times: user=0.01 sys=0.00, real=0.01 secs] 
275.336: Total time for which application threads were stopped: 0.0042670 seconds, Stopping threads took: 0.0018650 seconds
275.418: Application time: 0.0814950 seconds
275.421: [GC [PSYoungGen: 90608K->6720K(97280K)] 109705K->25833K(319488K), 0.0019580 secs] [Times: user=0.01 sys=0.00, real=0.00 secs] 
275.423: Total time for which application threads were stopped: 0.0048190 seconds, Stopping threads took: 0.0027810 seconds
275.504: Application time: 0.0815540 seconds
275.506: [GC [PSYoungGen: 90176K->6720K(97280K)] 109289K->25841K(319488K), 0.0020690 secs] [Times: user=0.02 sys=0.00, real=0.01 secs] 
275.508: Total time for which application threads were stopped: 0.0038660 seconds, Stopping threads took: 0.0016940 seconds
275.586: Application time: 0.0775890 seconds
275.587: [GC [PSYoungGen: 90176K->7328K(97280K)] 109297K->26457K(319488K), 0.0022260 secs] [Times: user=0.02 sys=0.00, real=0.00 secs] 
275.590: Total time for which application threads were stopped: 0.0038440 seconds, Stopping threads took: 0.0015360 seconds
275.668: Application time: 0.0787190 seconds
275.671: [GC [PSYoungGen: 90784K->6064K(97280K)] 109913K->25201K(319488K), 0.0017830 secs] [Times: user=0.01 sys=0.00, real=0.00 secs] 
275.673: Total time for which application threads were stopped: 0.0045750 seconds, Stopping threads took: 0.0027120 seconds
275.753: Application time: 0.0798270 seconds
275.755: [GC [PSYoungGen: 89520K->6832K(97280K)] 108657K->25969K(319488K), 0.0020600 secs] [Times: user=0.02 sys=0.00, real=0.01 secs] 
275.757: Total time for which application threads were stopped: 0.0041370 seconds, Stopping threads took: 0.0019910 seconds
275.833: Application time: 0.0766910 seconds
275.836: [GC [PSYoungGen: 90288K->8384K(97280K)] 109425K->27537K(319488K), 0.0025440 secs] [Times: user=0.01 sys=0.00, real=0.00 secs] 
275.839: Total time for which application threads were stopped: 0.0054440 seconds, Stopping threads took: 0.0028160 seconds
275.921: Application time: 0.0817610 seconds
275.924: [GC [PSYoungGen: 91840K->7808K(97280K)] 110993K->26969K(319488K), 0.0022830 secs] [Times: user=0.02 sys=0.00, real=0.00 secs] 
275.926: Total time for which application threads were stopped: 0.0054610 seconds, Stopping threads took: 0.0030970 seconds
276.011: Application time: 0.0844540 seconds
276.012: [GC [PSYoungGen: 91264K->5584K(97280K)] 110425K->24753K(319488K), 0.0016520 secs] [Times: user=0.01 sys=0.00, real=0.00 secs] 
276.014: Total time for which application threads were stopped: 0.0034720 seconds, Stopping threads took: 0.0017380 seconds
276.093: Application time: 0.0786280 seconds
276.095: [GC [PSYoungGen: 89040K->7072K(97280K)] 108209K->26249K(319488K), 0.0021340 secs] [Times: user=0.01 sys=0.00, real=0.00 secs] 
276.097: Total time for which application threads were stopped: 0.0044450 seconds, Stopping threads took: 0.0022290 seconds
276.175: Application time: 0.0778770 seconds
276.177: [GC [PSYoungGen: 90528K->6816K(97280K)] 109705K->26001K(319488K), 0.0020260 secs] [Times: user=0.01 sys=0.00, real=0.00 secs] 
276.179: Total time for which application threads were stopped: 0.0038260 seconds, Stopping threads took: 0.0017110 seconds
276.256: Application time: 0.0774480 seconds
276.258: [GC [PSYoungGen: 90272K->8176K(97280K)] 109457K->27361K(319488K), 0.0023400 secs] [Times: user=0.02 sys=0.00, real=0.00 secs] 
276.261: Total time for which application threads were stopped: 0.0045280 seconds, Stopping threads took: 0.0020980 seconds
276.341: Application time: 0.0801620 seconds
276.344: [GC [PSYoungGen: 91632K->6992K(97280K)] 110817K->26185K(319488K), 0.0020640 secs] [Times: user=0.02 sys=0.00, real=0.00 secs] 
276.346: Total time for which application threads were stopped: 0.0049110 seconds, Stopping threads took: 0.0027700 seconds
276.425: Application time: 0.0794240 seconds
276.427: [GC [PSYoungGen: 90448K->7488K(97280K)] 109641K->26689K(319488K), 0.0022200 secs] [Times: user=0.01 sys=0.00, real=0.00 secs] 
276.430: Total time for which application threads were stopped: 0.0042550 seconds, Stopping threads took: 0.0019510 seconds
276.506: Application time: 0.0759090 seconds
276.508: [GC [PSYoungGen: 90944K->8000K(97280K)] 110145K->27209K(319488K), 0.0022700 secs] [Times: user=0.02 sys=0.00, real=0.00 secs] 
276.510: Total time for which application threads were stopped: 0.0046790 seconds, Stopping threads took: 0.0023260 seconds
276.588: Application time: 0.0782580 seconds
276.591: [GC [PSYoungGen: 91455K->7024K(97280K)] 110664K->26241K(319488K), 0.0020740 secs] [Times: user=0.01 sys=0.00, real=0.00 secs] 
276.593: Total time for which application threads were stopped: 0.0046840 seconds, Stopping threads took: 0.0025170 seconds
276.672: Application time: 0.0792250 seconds
276.674: [GC [PSYoungGen: 90480K->6384K(97280K)] 109697K->25609K(319488K), 0.0020040 secs] [Times: user=0.02 sys=0.00, real=0.01 secs] 
276.676: Total time for which application threads were stopped: 0.0039880 seconds, Stopping threads took: 0.0019020 seconds
276.759: Application time: 0.0825820 seconds
276.762: [GC [PSYoungGen: 89840K->7008K(97280K)] 109065K->26233K(319488K), 0.0020810 secs] [Times: user=0.02 sys=0.00, real=0.00 secs] 
276.764: Total time for which application threads were stopped: 0.0053030 seconds, Stopping threads took: 0.0031420 seconds
276.843: Application time: 0.0785840 seconds
276.846: [GC [PSYoungGen: 90464K->7920K(97280K)] 109689K->27153K(319488K), 0.0022850 secs] [Times: user=0.01 sys=0.00, real=0.01 secs] 
276.848: Total time for which application threads were stopped: 0.0050960 seconds, Stopping threads took: 0.0027260 seconds
276.926: Application time: 0.0783400 seconds
276.929: [GC [PSYoungGen: 91376K->7296K(97280K)] 110609K->26537K(319488K), 0.0021860 secs] [Times: user=0.02 sys=0.00, real=0.00 secs] 
276.931: Total time for which application threads were stopped: 0.0048560 seconds, Stopping threads took: 0.0025640 seconds
277.011: Application time: 0.0794130 seconds
277.013: [GC [PSYoungGen: 90752K->7504K(97280K)] 109993K->26761K(319488K), 0.0022080 secs] [Times: user=0.01 sys=0.00, real=0.01 secs] 
277.016: Total time for which application threads were stopped: 0.0049670 seconds, Stopping threads took: 0.0026760 seconds
277.096: Application time: 0.0807150 seconds
277.099: [GC [PSYoungGen: 90960K->8160K(97280K)] 110217K->27417K(319488K), 0.0024230 secs] [Times: user=0.01 sys=0.00, real=0.00 secs] 
277.102: Total time for which application threads were stopped: 0.0056920 seconds, Stopping threads took: 0.0031740 seconds
277.181: Application time: 0.0787120 seconds
277.184: [GC [PSYoungGen: 91616K->6560K(97280K)] 110873K->25825K(319488K), 0.0020530 secs] [Times: user=0.01 sys=0.00, real=0.00 secs] 
277.186: Total time for which application threads were stopped: 0.0051460 seconds, Stopping threads took: 0.0029910 seconds
277.264: Application time: 0.0782640 seconds
277.267: [GC [PSYoungGen: 90016K->7120K(97280K)] 109281K->26385K(319488K), 0.0021380 secs] [Times: user=0.02 sys=0.00, real=0.01 secs] 
277.269: Total time for which application threads were stopped: 0.0046580 seconds, Stopping threads took: 0.0024370 seconds
277.348: Application time: 0.0790380 seconds
277.350: [GC [PSYoungGen: 90576K->7504K(97280K)] 109841K->26777K(319488K), 0.0022490 secs] [Times: user=0.01 sys=0.00, real=0.00 secs] 
277.352: Total time for which application threads were stopped: 0.0041590 seconds, Stopping threads took: 0.0018280 seconds
277.426: Application time: 0.0742050 seconds
277.428: [GC [PSYoungGen: 90960K->6912K(97280K)] 110233K->26193K(319488K), 0.0020690 secs] [Times: user=0.01 sys=0.00, real=0.00 secs] 
277.430: Total time for which application threads were stopped: 0.0040620 seconds, Stopping threads took: 0.0019150 seconds
277.503: Application time: 0.0729510 seconds
277.505: [GC [PSYoungGen: 90368K->6928K(97280K)] 109649K->26209K(319488K), 0.0020520 secs] [Times: user=0.02 sys=0.00, real=0.01 secs] 
277.507: Total time for which application threads were stopped: 0.0041350 seconds, Stopping threads took: 0.0020040 seconds
277.582: Application time: 0.0751160 seconds
277.585: [GC [PSYoungGen: 90384K->7584K(97280K)] 109665K->26873K(319488K), 0.0022070 secs] [Times: user=0.02 sys=0.00, real=0.01 secs] 
277.587: Total time for which application threads were stopped: 0.0045490 seconds, Stopping threads took: 0.0022590 seconds
277.662: Application time: 0.0753680 seconds
277.665: [GC [PSYoungGen: 91040K->6704K(97280K)] 110329K->26001K(319488K), 0.0019020 secs] [Times: user=0.01 sys=0.00, real=0.00 secs] 
277.667: Total time for which application threads were stopped: 0.0042250 seconds, Stopping threads took: 0.0022390 seconds
277.740: Application time: 0.0736220 seconds
277.742: [GC [PSYoungGen: 90160K->6464K(97280K)] 109457K->25769K(319488K), 0.0021180 secs] [Times: user=0.01 sys=0.00, real=0.00 secs] 
277.744: Total time for which application threads were stopped: 0.0040570 seconds, Stopping threads took: 0.0018490 seconds
277.819: Application time: 0.0751300 seconds
277.822: [GC [PSYoungGen: 89920K->6384K(97280K)] 109225K->25697K(319488K), 0.0018870 secs] [Times: user=0.02 sys=0.00, real=0.00 secs] 
277.824: Total time for which application threads were stopped: 0.0048890 seconds, Stopping threads took: 0.0029250 seconds
277.898: Application time: 0.0738470 seconds
277.900: [GC [PSYoungGen: 89840K->6800K(97280K)] 109153K->26121K(319488K), 0.0020240 secs] [Times: user=0.02 sys=0.00, real=0.00 secs] 
277.902: Total time for which application threads were stopped: 0.0040850 seconds, Stopping threads took: 0.0019800 seconds
277.977: Application time: 0.0746870 seconds
277.979: [GC [PSYoungGen: 90256K->6112K(97280K)] 109577K->25441K(319488K), 0.0017600 secs] [Times: user=0.01 sys=0.00, real=0.00 secs] 
277.980: Total time for which application threads were stopped: 0.0034730 seconds, Stopping threads took: 0.0016340 seconds
278.056: Application time: 0.0754710 seconds
278.058: [GC [PSYoungGen: 89568K->6688K(97280K)] 108897K->26033K(319488K), 0.0020150 secs] [Times: user=0.02 sys=0.00, real=0.00 secs] 
278.060: Total time for which application threads were stopped: 0.0042700 seconds, Stopping threads took: 0.0021740 seconds
278.134: Application time: 0.0739770 seconds
278.137: [GC [PSYoungGen: 90144K->7968K(97280K)] 109489K->27321K(319488K), 0.0023460 secs] [Times: user=0.01 sys=0.00, real=0.00 secs] 
278.139: Total time for which application threads were stopped: 0.0048580 seconds, Stopping threads took: 0.0024300 seconds
278.214: Application time: 0.0750210 seconds
278.217: [GC [PSYoungGen: 91424K->6528K(97280K)] 110777K->25889K(319488K), 0.0019610 secs] [Times: user=0.01 sys=0.00, real=0.00 secs] 
278.219: Total time for which application threads were stopped: 0.0046490 seconds, Stopping threads took: 0.0026020 seconds
278.292: Application time: 0.0737160 seconds
278.295: [GC [PSYoungGen: 89984K->7104K(97280K)] 109345K->26465K(319488K), 0.0020140 secs] [Times: user=0.01 sys=0.00, real=0.00 secs] 
278.297: Total time for which application threads were stopped: 0.0050220 seconds, Stopping threads took: 0.0029260 seconds
278.377: Application time: 0.0794080 seconds
278.379: [GC [PSYoungGen: 90560K->7440K(97280K)] 109921K->26809K(319488K), 0.0023840 secs] [Times: user=0.02 sys=0.00, real=0.00 secs] 
278.381: Total time for which application threads were stopped: 0.0044800 seconds, Stopping threads took: 0.0020090 seconds
278.452: Application time: 0.0708330 seconds
278.454: [GC [PSYoungGen: 90896K->7056K(97280K)] 110265K->26433K(319488K), 0.0021270 secs] [Times: user=0.02 sys=0.00, real=0.01 secs] 
278.456: Total time for which application threads were stopped: 0.0038560 seconds, Stopping threads took: 0.0016480 seconds
278.531: Application time: 0.0751960 seconds
278.533: [GC [PSYoungGen: 90512K->3872K(97280K)] 109889K->23257K(319488K), 0.0012130 secs] [Times: user=0.01 sys=0.00, real=0.00 secs] 
278.534: Total time for which application threads were stopped: 0.0026890 seconds, Stopping threads took: 0.0014130 seconds
278.607: Application time: 0.0736080 seconds
278.610: [GC [PSYoungGen: 87328K->6416K(97280K)] 106713K->25809K(319488K), 0.0019250 secs] [Times: user=0.01 sys=0.00, real=0.00 secs] 
278.612: Total time for which application threads were stopped: 0.0042840 seconds, Stopping threads took: 0.0022810 seconds
278.689: Application time: 0.0772680 seconds
278.691: [GC [PSYoungGen: 89872K->7440K(97280K)] 109265K->26841K(319488K), 0.0021020 secs] [Times: user=0.01 sys=0.00, real=0.00 secs] 
278.693: Total time for which application threads were stopped: 0.0041610 seconds, Stopping threads took: 0.0019800 seconds
278.765: Application time: 0.0722870 seconds
278.768: [GC [PSYoungGen: 90896K->6896K(97280K)] 110297K->26297K(319488K), 0.0020230 secs] [Times: user=0.01 sys=0.00, real=0.00 secs] 
278.770: Total time for which application threads were stopped: 0.0048790 seconds, Stopping threads took: 0.0027670 seconds
278.848: Application time: 0.0774200 seconds
278.849: [GC [PSYoungGen: 90352K->5584K(97280K)] 109753K->24993K(319488K), 0.0017170 secs] [Times: user=0.01 sys=0.00, real=0.00 secs] 
278.851: Total time for which application threads were stopped: 0.0034930 seconds, Stopping threads took: 0.0016980 seconds
278.927: Application time: 0.0761480 seconds
278.929: [GC [PSYoungGen: 89040K->5232K(97280K)] 108449K->24657K(319488K), 0.0014640 secs] [Times: user=0.01 sys=0.00, real=0.00 secs] 
278.930: Total time for which application threads were stopped: 0.0029810 seconds, Stopping threads took: 0.0014440 seconds
279.004: Application time: 0.0739250 seconds
279.006: [GC [PSYoungGen: 88688K->8304K(97280K)] 108113K->27737K(319488K), 0.0025270 secs] [Times: user=0.02 sys=0.00, real=0.01 secs] 
279.009: Total time for which application threads were stopped: 0.0045230 seconds, Stopping threads took: 0.0019120 seconds
279.083: Application time: 0.0746280 seconds
279.086: [GC [PSYoungGen: 91760K->6976K(97280K)] 111193K->26417K(319488K), 0.0019870 secs] [Times: user=0.01 sys=0.00, real=0.01 secs] 
279.088: Total time for which application threads were stopped: 0.0047600 seconds, Stopping threads took: 0.0026960 seconds
279.162: Application time: 0.0736830 seconds
279.165: [GC [PSYoungGen: 90432K->7072K(97280K)] 109873K->26521K(319488K), 0.0020390 secs] [Times: user=0.02 sys=0.00, real=0.01 secs] 
279.167: Total time for which application threads were stopped: 0.0050320 seconds, Stopping threads took: 0.0029150 seconds
279.242: Application time: 0.0747800 seconds
279.243: [GC [PSYoungGen: 90528K->6544K(97280K)] 109977K->25993K(319488K), 0.0019700 secs] [Times: user=0.01 sys=0.00, real=0.00 secs] 
279.245: Total time for which application threads were stopped: 0.0032060 seconds, Stopping threads took: 0.0011570 seconds
279.321: Application time: 0.0757830 seconds
279.323: [GC [PSYoungGen: 90000K->6080K(97280K)] 109449K->25537K(319488K), 0.0017320 secs] [Times: user=0.01 sys=0.00, real=0.00 secs] 
279.325: Total time for which application threads were stopped: 0.0043520 seconds, Stopping threads took: 0.0025310 seconds
279.396: Application time: 0.0711990 seconds
279.398: [GC [PSYoungGen: 89536K->7184K(97280K)] 108993K->26649K(319488K), 0.0020930 secs] [Times: user=0.02 sys=0.00, real=0.00 secs] 
279.400: Total time for which application threads were stopped: 0.0037680 seconds, Stopping threads took: 0.0015920 seconds
279.475: Application time: 0.0745960 seconds
279.477: [GC [PSYoungGen: 90640K->7472K(97280K)] 110105K->26945K(319488K), 0.0022190 secs] [Times: user=0.01 sys=0.00, real=0.00 secs] 
279.479: Total time for which application threads were stopped: 0.0047750 seconds, Stopping threads took: 0.0024710 seconds
279.552: Application time: 0.0723510 seconds
279.553: [GC [PSYoungGen: 90928K->7184K(97280K)] 110401K->26665K(319488K), 0.0021870 secs] [Times: user=0.00 sys=0.01, real=0.01 secs] 
279.555: Total time for which application threads were stopped: 0.0034400 seconds, Stopping threads took: 0.0011730 seconds
279.630: Application time: 0.0745730 seconds
279.632: [GC [PSYoungGen: 90640K->6640K(97280K)] 110121K->26129K(319488K), 0.0019800 secs] [Times: user=0.01 sys=0.00, real=0.00 secs] 
279.634: Total time for which application threads were stopped: 0.0043630 seconds, Stopping threads took: 0.0022980 seconds
279.707: Application time: 0.0729150 seconds
279.709: [GC [PSYoungGen: 90096K->7104K(97280K)] 109585K->26593K(319488K), 0.0021430 secs] [Times: user=0.01 sys=0.00, real=0.00 secs] 
279.711: Total time for which application threads were stopped: 0.0039470 seconds, Stopping threads took: 0.0017030 seconds
279.787: Application time: 0.0764100 seconds
279.790: [GC [PSYoungGen: 90560K->6512K(97280K)] 110049K->26001K(319488K), 0.0020130 secs] [Times: user=0.01 sys=0.00, real=0.00 secs] 
279.792: Total time for which application threads were stopped: 0.0047600 seconds, Stopping threads took: 0.0026450 seconds
279.864: Application time: 0.0713350 seconds
279.866: [GC [PSYoungGen: 89968K->7136K(97280K)] 109457K->26633K(319488K), 0.0021180 secs] [Times: user=0.02 sys=0.00, real=0.01 secs] 
279.868: Total time for which application threads were stopped: 0.0045780 seconds, Stopping threads took: 0.0023680 seconds
279.944: Application time: 0.0762490 seconds
279.947: [GC [PSYoungGen: 90592K->5728K(97280K)] 110089K->25233K(319488K), 0.0017500 secs] [Times: user=0.01 sys=0.00, real=0.00 secs] 
279.949: Total time for which application threads were stopped: 0.0046030 seconds, Stopping threads took: 0.0027700 seconds
280.025: Application time: 0.0762900 seconds
280.028: [GC [PSYoungGen: 89184K->7056K(97280K)] 108689K->26577K(319488K), 0.0021890 secs] [Times: user=0.02 sys=0.00, real=0.00 secs] 
280.030: Total time for which application threads were stopped: 0.0045290 seconds, Stopping threads took: 0.0022580 seconds
280.104: Application time: 0.0741130 seconds
280.106: [GC [PSYoungGen: 90512K->6608K(97280K)] 110033K->26137K(319488K), 0.0018960 secs] [Times: user=0.01 sys=0.00, real=0.01 secs] 
280.108: Total time for which application threads were stopped: 0.0039580 seconds, Stopping threads took: 0.0019840 seconds
280.185: Application time: 0.0767100 seconds
280.187: [GC [PSYoungGen: 90064K->4112K(97280K)] 109593K->23649K(319488K), 0.0012200 secs] [Times: user=0.01 sys=0.00, real=0.00 secs] 
280.188: Total time for which application threads were stopped: 0.0036240 seconds, Stopping threads took: 0.0023370 seconds
280.263: Application time: 0.0749900 seconds
280.266: [GC [PSYoungGen: 87568K->7040K(97280K)] 107105K->26577K(319488K), 0.0023120 secs] [Times: user=0.01 sys=0.00, real=0.01 secs] 
280.268: Total time for which application threads were stopped: 0.0050040 seconds, Stopping threads took: 0.0026150 seconds
280.342: Application time: 0.0737790 seconds
280.344: [GC [PSYoungGen: 90496K->6336K(97280K)] 110033K->25881K(319488K), 0.0018570 secs] [Times: user=0.02 sys=0.00, real=0.00 secs] 
280.346: Total time for which application threads were stopped: 0.0037390 seconds, Stopping threads took: 0.0018060 seconds
280.421: Application time: 0.0754750 seconds
280.424: [GC [PSYoungGen: 89792K->6976K(97280K)] 109337K->26529K(319488K), 0.0025080 secs] [Times: user=0.01 sys=0.00, real=0.00 secs] 
280.426: Total time for which application threads were stopped: 0.0050550 seconds, Stopping threads took: 0.0024440 seconds
280.501: Application time: 0.0751580 seconds
280.503: [GC [PSYoungGen: 90432K->7424K(97280K)] 109985K->26985K(319488K), 0.0022620 secs] [Times: user=0.01 sys=0.00, real=0.00 secs] 
280.505: Total time for which application threads were stopped: 0.0036580 seconds, Stopping threads took: 0.0013150 seconds
280.579: Application time: 0.0740560 seconds
280.580: [GC [PSYoungGen: 90880K->4384K(97280K)] 110441K->23953K(319488K), 0.0014180 secs] [Times: user=0.01 sys=0.00, real=0.00 secs] 
280.582: Total time for which application threads were stopped: 0.0024420 seconds, Stopping threads took: 0.0009480 seconds
280.654: Application time: 0.0722140 seconds
280.655: [GC [PSYoungGen: 87840K->7264K(97280K)] 107409K->26841K(319488K), 0.0021130 secs] [Times: user=0.01 sys=0.00, real=0.00 secs] 
280.658: Total time for which application threads were stopped: 0.0038000 seconds, Stopping threads took: 0.0016050 seconds
280.735: Application time: 0.0771220 seconds
280.737: [GC [PSYoungGen: 90720K->5728K(97280K)] 110297K->25305K(319488K), 0.0016630 secs] [Times: user=0.01 sys=0.00, real=0.00 secs] 
280.738: Total time for which application threads were stopped: 0.0036540 seconds, Stopping threads took: 0.0019050 seconds
280.811: Application time: 0.0730630 seconds
280.814: [GC [PSYoungGen: 89184K->7072K(97280K)] 108761K->26657K(319488K), 0.0020250 secs] [Times: user=0.01 sys=0.00, real=0.01 secs] 
280.816: Total time for which application threads were stopped: 0.0045100 seconds, Stopping threads took: 0.0024060 seconds
280.890: Application time: 0.0737360 seconds
280.892: [GC [PSYoungGen: 90528K->6944K(97280K)] 110113K->26537K(319488K), 0.0020560 secs] [Times: user=0.01 sys=0.00, real=0.00 secs] 
280.894: Total time for which application threads were stopped: 0.0042190 seconds, Stopping threads took: 0.0020760 seconds
280.969: Application time: 0.0750960 seconds
280.972: [GC [PSYoungGen: 90400K->6160K(97280K)] 109993K->25761K(319488K), 0.0018340 secs] [Times: user=0.01 sys=0.00, real=0.00 secs] 
280.974: Total time for which application threads were stopped: 0.0046150 seconds, Stopping threads took: 0.0026960 seconds
281.050: Application time: 0.0766020 seconds
281.052: [GC [PSYoungGen: 89616K->6976K(97280K)] 109217K->26593K(319488K), 0.0020460 secs] [Times: user=0.02 sys=0.00, real=0.00 secs] 
281.054: Total time for which application threads were stopped: 0.0035820 seconds, Stopping threads took: 0.0014610 seconds
281.130: Application time: 0.0764010 seconds
281.132: [GC [PSYoungGen: 90432K->6480K(97280K)] 110049K->26105K(319488K), 0.0019180 secs] [Times: user=0.01 sys=0.00, real=0.00 secs] 
281.134: Total time for which application threads were stopped: 0.0041320 seconds, Stopping threads took: 0.0021330 seconds
281.211: Application time: 0.0769360 seconds
281.213: [GC [PSYoungGen: 89936K->7856K(97280K)] 109561K->27481K(319488K), 0.0023060 secs] [Times: user=0.01 sys=0.00, real=0.01 secs] 
281.215: Total time for which application threads were stopped: 0.0041990 seconds, Stopping threads took: 0.0018120 seconds
281.290: Application time: 0.0744760 seconds
281.292: [GC [PSYoungGen: 91312K->7520K(97280K)] 110937K->27153K(319488K), 0.0021980 secs] [Times: user=0.02 sys=0.00, real=0.00 secs] 
281.294: Total time for which application threads were stopped: 0.0043200 seconds, Stopping threads took: 0.0020440 seconds
281.369: Application time: 0.0747980 seconds
281.372: [GC [PSYoungGen: 90976K->7824K(97280K)] 110609K->27473K(319488K), 0.0023220 secs] [Times: user=0.02 sys=0.00, real=0.00 secs] 
281.375: Total time for which application threads were stopped: 0.0055500 seconds, Stopping threads took: 0.0031440 seconds
281.453: Application time: 0.0779400 seconds
281.455: [GC [PSYoungGen: 91280K->7360K(97280K)] 110929K->27017K(319488K), 0.0023060 secs] [Times: user=0.02 sys=0.00, real=0.01 secs] 
281.457: Total time for which application threads were stopped: 0.0043810 seconds, Stopping threads took: 0.0019890 seconds
281.537: Application time: 0.0804670 seconds
281.540: [GC [PSYoungGen: 90816K->6976K(97280K)] 110473K->26641K(319488K), 0.0020360 secs] [Times: user=0.02 sys=0.00, real=0.00 secs] 
281.542: Total time for which application threads were stopped: 0.0043390 seconds, Stopping threads took: 0.0022160 seconds
281.621: Application time: 0.0792760 seconds
281.624: [GC [PSYoungGen: 90432K->6512K(97280K)] 110097K->26185K(319488K), 0.0019160 secs] [Times: user=0.01 sys=0.00, real=0.00 secs] 
281.626: Total time for which application threads were stopped: 0.0047420 seconds, Stopping threads took: 0.0027530 seconds
281.703: Application time: 0.0773650 seconds
281.705: [GC [PSYoungGen: 89968K->6336K(97280K)] 109641K->26009K(319488K), 0.0018560 secs] [Times: user=0.01 sys=0.00, real=0.00 secs] 
281.707: Total time for which application threads were stopped: 0.0035200 seconds, Stopping threads took: 0.0015840 seconds
281.788: Application time: 0.0812270 seconds
281.791: [GC [PSYoungGen: 89792K->7648K(97280K)] 109465K->27329K(319488K), 0.0021330 secs] [Times: user=0.02 sys=0.00, real=0.00 secs] 
281.793: Total time for which application threads were stopped: 0.0049860 seconds, Stopping threads took: 0.0027720 seconds
281.874: Application time: 0.0807680 seconds
281.875: [GC [PSYoungGen: 91104K->7968K(97280K)] 110785K->27657K(319488K), 0.0023670 secs] [Times: user=0.01 sys=0.00, real=0.00 secs] 
281.878: Total time for which application threads were stopped: 0.0042270 seconds, Stopping threads took: 0.0017800 seconds
281.956: Application time: 0.0782150 seconds
281.959: [GC [PSYoungGen: 91424K->6240K(97280K)] 111113K->25937K(319488K), 0.0018070 secs] [Times: user=0.01 sys=0.00, real=0.00 secs] 
281.961: Total time for which application threads were stopped: 0.0049520 seconds, Stopping threads took: 0.0030650 seconds
282.041: Application time: 0.0799170 seconds
282.044: [GC [PSYoungGen: 89696K->6768K(97280K)] 109393K->26465K(319488K), 0.0020950 secs] [Times: user=0.02 sys=0.00, real=0.00 secs] 
282.046: Total time for which application threads were stopped: 0.0047560 seconds, Stopping threads took: 0.0025690 seconds
282.124: Application time: 0.0777690 seconds
282.127: [GC [PSYoungGen: 90224K->7920K(97280K)] 109921K->27633K(319488K), 0.0023150 secs] [Times: user=0.02 sys=0.00, real=0.01 secs] 
282.129: Total time for which application threads were stopped: 0.0055730 seconds, Stopping threads took: 0.0031770 seconds
282.208: Application time: 0.0788900 seconds
282.210: [GC [PSYoungGen: 91376K->8352K(97280K)] 111089K->28065K(319488K), 0.0025670 secs] [Times: user=0.02 sys=0.00, real=0.00 secs] 
282.213: Total time for which application threads were stopped: 0.0051050 seconds, Stopping threads took: 0.0024540 seconds
282.294: Application time: 0.0805580 seconds
282.296: [GC [PSYoungGen: 91808K->6496K(97280K)] 111521K->26217K(319488K), 0.0019110 secs] [Times: user=0.01 sys=0.00, real=0.00 secs] 
282.298: Total time for which application threads were stopped: 0.0038520 seconds, Stopping threads took: 0.0018600 seconds
282.378: Application time: 0.0808740 seconds
282.381: [GC [PSYoungGen: 89952K->6416K(97280K)] 109673K->26145K(319488K), 0.0019340 secs] [Times: user=0.01 sys=0.00, real=0.00 secs] 
282.383: Total time for which application threads were stopped: 0.0049810 seconds, Stopping threads took: 0.0029630 seconds
282.463: Application time: 0.0796430 seconds
282.466: [GC [PSYoungGen: 89872K->7664K(97280K)] 109601K->27409K(319488K), 0.0021580 secs] [Times: user=0.02 sys=0.00, real=0.01 secs] 
282.468: Total time for which application threads were stopped: 0.0051700 seconds, Stopping threads took: 0.0029280 seconds
282.549: Application time: 0.0806890 seconds
282.552: [GC [PSYoungGen: 91120K->7424K(97280K)] 110865K->27169K(319488K), 0.0022530 secs] [Times: user=0.02 sys=0.00, real=0.00 secs] 
282.554: Total time for which application threads were stopped: 0.0052030 seconds, Stopping threads took: 0.0028380 seconds
282.633: Application time: 0.0793080 seconds
282.635: [GC [PSYoungGen: 90880K->6880K(97280K)] 110625K->26633K(319488K), 0.0020780 secs] [Times: user=0.02 sys=0.00, real=0.00 secs] 
282.638: Total time for which application threads were stopped: 0.0041360 seconds, Stopping threads took: 0.0019710 seconds
282.716: Application time: 0.0783790 seconds
282.719: [GC [PSYoungGen: 90336K->7840K(97280K)] 110089K->27601K(319488K), 0.0024090 secs] [Times: user=0.01 sys=0.00, real=0.00 secs] 
282.721: Total time for which application threads were stopped: 0.0054450 seconds, Stopping threads took: 0.0029500 seconds
282.800: Application time: 0.0784660 seconds
282.802: [GC [PSYoungGen: 91296K->6464K(97280K)] 111057K->26225K(319488K), 0.0019730 secs] [Times: user=0.01 sys=0.00, real=0.00 secs] 
282.804: Total time for which application threads were stopped: 0.0042720 seconds, Stopping threads took: 0.0022140 seconds
282.884: Application time: 0.0803170 seconds
282.887: [GC [PSYoungGen: 89920K->6304K(97280K)] 109681K->26073K(319488K), 0.0018610 secs] [Times: user=0.01 sys=0.00, real=0.00 secs] 
282.889: Total time for which application threads were stopped: 0.0043820 seconds, Stopping threads took: 0.0024440 seconds
282.969: Application time: 0.0801080 seconds
282.971: [GC [PSYoungGen: 89760K->5792K(97280K)] 109529K->25577K(319488K), 0.0017260 secs] [Times: user=0.01 sys=0.00, real=0.00 secs] 
282.973: Total time for which application threads were stopped: 0.0039680 seconds, Stopping threads took: 0.0021390 seconds
283.054: Application time: 0.0812040 seconds
283.057: [GC [PSYoungGen: 89248K->8048K(97280K)] 109033K->27833K(319488K), 0.0024070 secs] [Times: user=0.02 sys=0.00, real=0.00 secs] 
283.059: Total time for which application threads were stopped: 0.0048670 seconds, Stopping threads took: 0.0023670 seconds
283.139: Application time: 0.0804040 seconds
283.141: [GC [PSYoungGen: 91504K->6256K(97280K)] 111289K->26049K(319488K), 0.0018160 secs] [Times: user=0.01 sys=0.00, real=0.00 secs] 
283.143: Total time for which application threads were stopped: 0.0036280 seconds, Stopping threads took: 0.0017250 seconds
283.225: Application time: 0.0817210 seconds
283.226: [GC [PSYoungGen: 89712K->5856K(97280K)] 109505K->25665K(319488K), 0.0017690 secs] [Times: user=0.01 sys=0.00, real=0.01 secs] 
283.228: Total time for which application threads were stopped: 0.0032570 seconds, Stopping threads took: 0.0014030 seconds
283.308: Application time: 0.0795680 seconds
283.310: [GC [PSYoungGen: 89312K->7008K(97280K)] 109121K->26817K(319488K), 0.0022020 secs] [Times: user=0.02 sys=0.00, real=0.00 secs] 
283.312: Total time for which application threads were stopped: 0.0046090 seconds, Stopping threads took: 0.0023240 seconds
283.392: Application time: 0.0802730 seconds
283.394: [GC [PSYoungGen: 90464K->6576K(97280K)] 110273K->26393K(319488K), 0.0018860 secs] [Times: user=0.02 sys=0.00, real=0.01 secs] 
283.396: Total time for which application threads were stopped: 0.0035160 seconds, Stopping threads took: 0.0015480 seconds
283.478: Application time: 0.0825510 seconds
283.481: [GC [PSYoungGen: 90032K->7568K(97280K)] 109849K->27393K(319488K), 0.0022350 secs] [Times: user=0.02 sys=0.00, real=0.00 secs] 
283.483: Total time for which application threads were stopped: 0.0042960 seconds, Stopping threads took: 0.0019560 seconds
283.563: Application time: 0.0798510 seconds
283.565: [GC [PSYoungGen: 91024K->6688K(97280K)] 110849K->26521K(319488K), 0.0019630 secs] [Times: user=0.02 sys=0.00, real=0.00 secs] 
283.567: Total time for which application threads were stopped: 0.0041200 seconds, Stopping threads took: 0.0020640 seconds
283.646: Application time: 0.0789080 seconds
283.647: [GC [PSYoungGen: 90144K->7488K(97280K)] 109977K->27329K(319488K), 0.0022500 secs] [Times: user=0.02 sys=0.00, real=0.00 secs] 
283.650: Total time for which application threads were stopped: 0.0040990 seconds, Stopping threads took: 0.0017630 seconds
283.732: Application time: 0.0818380 seconds
283.734: [GC [PSYoungGen: 90944K->7088K(97280K)] 110785K->26937K(319488K), 0.0020130 secs] [Times: user=0.01 sys=0.00, real=0.01 secs] 
283.736: Total time for which application threads were stopped: 0.0041300 seconds, Stopping threads took: 0.0020400 seconds
283.813: Application time: 0.0777080 seconds
283.816: [GC [PSYoungGen: 90544K->7488K(97280K)] 110393K->27337K(319488K), 0.0022480 secs] [Times: user=0.01 sys=0.00, real=0.00 secs] 
283.818: Total time for which application threads were stopped: 0.0045890 seconds, Stopping threads took: 0.0022590 seconds
283.898: Application time: 0.0796700 seconds
283.899: [GC [PSYoungGen: 90944K->5232K(97280K)] 110793K->25097K(319488K), 0.0015600 secs] [Times: user=0.01 sys=0.00, real=0.00 secs] 
283.901: Total time for which application threads were stopped: 0.0032610 seconds, Stopping threads took: 0.0016240 seconds
283.978: Application time: 0.0766530 seconds
283.981: [GC [PSYoungGen: 88688K->6512K(97280K)] 108553K->26385K(319488K), 0.0019030 secs] [Times: user=0.01 sys=0.00, real=0.00 secs] 
283.982: Total time for which application threads were stopped: 0.0048410 seconds, Stopping threads took: 0.0028570 seconds
284.062: Application time: 0.0799190 seconds
284.065: [GC [PSYoungGen: 89968K->6608K(97280K)] 109841K->26489K(319488K), 0.0019380 secs] [Times: user=0.01 sys=0.00, real=0.01 secs] 
284.067: Total time for which application threads were stopped: 0.0045920 seconds, Stopping threads took: 0.0025580 seconds
284.148: Application time: 0.0812950 seconds
284.150: [GC [PSYoungGen: 90064K->6496K(97280K)] 109945K->26385K(319488K), 0.0019760 secs] [Times: user=0.01 sys=0.00, real=0.00 secs] 
284.152: Total time for which application threads were stopped: 0.0040590 seconds, Stopping threads took: 0.0020040 seconds
284.235: Application time: 0.0828590 seconds
284.238: [GC [PSYoungGen: 89952K->8000K(97280K)] 109841K->27897K(319488K), 0.0023600 secs] [Times: user=0.02 sys=0.00, real=0.00 secs] 
284.240: Total time for which application threads were stopped: 0.0050930 seconds, Stopping threads took: 0.0026480 seconds
284.318: Application time: 0.0774000 seconds
284.321: [GC [PSYoungGen: 91456K->8336K(97280K)] 111353K->28233K(319488K), 0.0024270 secs] [Times: user=0.02 sys=0.00, real=0.00 secs] 
284.323: Total time for which application threads were stopped: 0.0053460 seconds, Stopping threads took: 0.0028350 seconds
284.402: Application time: 0.0787270 seconds
284.405: [GC [PSYoungGen: 91792K->8192K(97280K)] 111689K->28097K(319488K), 0.0023390 secs] [Times: user=0.01 sys=0.00, real=0.01 secs] 
284.407: Total time for which application threads were stopped: 0.0051730 seconds, Stopping threads took: 0.0027480 seconds
284.487: Application time: 0.0803310 seconds
284.491: [GC [PSYoungGen: 91648K->7536K(97280K)] 111553K->27449K(319488K), 0.0021900 secs] [Times: user=0.01 sys=0.00, real=0.00 secs] 
284.493: Total time for which application threads were stopped: 0.0055820 seconds, Stopping threads took: 0.0033060 seconds
284.571: Application time: 0.0785430 seconds
284.574: [GC [PSYoungGen: 90992K->7824K(97280K)] 110905K->27745K(319488K), 0.0024400 secs] [Times: user=0.02 sys=0.00, real=0.01 secs] 
284.576: Total time for which application threads were stopped: 0.0048730 seconds, Stopping threads took: 0.0023430 seconds
284.655: Application time: 0.0783960 seconds
284.657: [GC [PSYoungGen: 91280K->7168K(97280K)] 111201K->27097K(319488K), 0.0021910 secs] [Times: user=0.02 sys=0.00, real=0.00 secs] 
284.660: Total time for which application threads were stopped: 0.0049240 seconds, Stopping threads took: 0.0026500 seconds
284.740: Application time: 0.0799840 seconds
284.742: [GC [PSYoungGen: 90624K->6992K(97280K)] 110553K->26929K(319488K), 0.0021170 secs] [Times: user=0.01 sys=0.00, real=0.00 secs] 
284.744: Total time for which application threads were stopped: 0.0043550 seconds, Stopping threads took: 0.0021570 seconds
284.825: Application time: 0.0810350 seconds
284.827: [GC [PSYoungGen: 90448K->7520K(97280K)] 110385K->27457K(319488K), 0.0022200 secs] [Times: user=0.02 sys=0.00, real=0.01 secs] 
284.829: Total time for which application threads were stopped: 0.0040860 seconds, Stopping threads took: 0.0017790 seconds
284.908: Application time: 0.0793310 seconds
284.911: [GC [PSYoungGen: 90976K->7760K(97280K)] 110913K->27697K(319488K), 0.0023260 secs] [Times: user=0.00 sys=0.00, real=0.00 secs] 
284.914: Total time for which application threads were stopped: 0.0054110 seconds, Stopping threads took: 0.0030040 seconds
284.995: Application time: 0.0814730 seconds
284.998: [GC [PSYoungGen: 91216K->7552K(97280K)] 111153K->27497K(319488K), 0.0025040 secs] [Times: user=0.02 sys=0.00, real=0.00 secs] 
285.000: Total time for which application threads were stopped: 0.0049200 seconds, Stopping threads took: 0.0023290 seconds
285.077: Application time: 0.0772050 seconds
285.080: [GC [PSYoungGen: 91008K->7264K(97280K)] 110953K->27217K(319488K), 0.0020990 secs] [Times: user=0.02 sys=0.00, real=0.00 secs] 
285.083: Total time for which application threads were stopped: 0.0050500 seconds, Stopping threads took: 0.0028610 seconds
285.161: Application time: 0.0783100 seconds
285.164: [GC [PSYoungGen: 90720K->8288K(97280K)] 110673K->28241K(319488K), 0.0024980 secs] [Times: user=0.01 sys=0.00, real=0.00 secs] 
285.166: Total time for which application threads were stopped: 0.0054240 seconds, Stopping threads took: 0.0028380 seconds
285.245: Application time: 0.0783740 seconds
285.247: [GC [PSYoungGen: 91744K->7040K(97280K)] 111697K->27001K(319488K), 0.0021920 secs] [Times: user=0.02 sys=0.00, real=0.00 secs] 
285.249: Total time for which application threads were stopped: 0.0045590 seconds, Stopping threads took: 0.0022840 seconds
285.327: Application time: 0.0775230 seconds
285.330: [GC [PSYoungGen: 90496K->7792K(97280K)] 110457K->27761K(319488K), 0.0022310 secs] [Times: user=0.02 sys=0.00, real=0.00 secs] 
285.332: Total time for which application threads were stopped: 0.0056210 seconds, Stopping threads took: 0.0033020 seconds
285.409: Application time: 0.0764090 seconds
285.412: [GC [PSYoungGen: 91248K->7008K(97280K)] 111217K->26977K(319488K), 0.0020370 secs] [Times: user=0.02 sys=0.00, real=0.00 secs] 
285.414: Total time for which application threads were stopped: 0.0051560 seconds, Stopping threads took: 0.0030100 seconds
285.486: Application time: 0.0721420 seconds
285.488: [GC [PSYoungGen: 90464K->7216K(97280K)] 110433K->27193K(319488K), 0.0021220 secs] [Times: user=0.02 sys=0.00, real=0.00 secs] 
285.491: Total time for which application threads were stopped: 0.0045300 seconds, Stopping threads took: 0.0023300 seconds
285.564: Application time: 0.0730840 seconds
285.566: [GC [PSYoungGen: 90672K->7616K(97280K)] 110649K->27601K(319488K), 0.0022140 secs] [Times: user=0.02 sys=0.00, real=0.01 secs] 
285.568: Total time for which application threads were stopped: 0.0045340 seconds, Stopping threads took: 0.0022350 seconds
285.643: Application time: 0.0743620 seconds
285.645: [GC [PSYoungGen: 91072K->8304K(97280K)] 111057K->28313K(319488K), 0.0023430 secs] [Times: user=0.01 sys=0.01, real=0.01 secs] 
285.647: Total time for which application threads were stopped: 0.0046420 seconds, Stopping threads took: 0.0022030 seconds
285.723: Application time: 0.0756460 seconds
285.725: [GC [PSYoungGen: 91760K->6528K(97280K)] 111769K->26545K(319488K), 0.0018810 secs] [Times: user=0.00 sys=0.00, real=0.01 secs] 
285.727: Total time for which application threads were stopped: 0.0045480 seconds, Stopping threads took: 0.0025880 seconds
285.803: Application time: 0.0761040 seconds
285.806: [GC [PSYoungGen: 89984K->6720K(97280K)] 110001K->26745K(319488K), 0.0019660 secs] [Times: user=0.02 sys=0.00, real=0.01 secs] 
285.808: Total time for which application threads were stopped: 0.0046120 seconds, Stopping threads took: 0.0025660 seconds
285.884: Application time: 0.0754480 seconds
285.886: [GC [PSYoungGen: 90176K->6864K(97280K)] 110201K->26889K(319488K), 0.0022130 secs] [Times: user=0.01 sys=0.00, real=0.01 secs] 
285.888: Total time for which application threads were stopped: 0.0045640 seconds, Stopping threads took: 0.0022720 seconds
285.964: Application time: 0.0755600 seconds
285.966: [GC [PSYoungGen: 90320K->7072K(97280K)] 110345K->27105K(319488K), 0.0021270 secs] [Times: user=0.02 sys=0.00, real=0.01 secs] 
285.969: Total time for which application threads were stopped: 0.0048960 seconds, Stopping threads took: 0.0026900 seconds
286.045: Application time: 0.0766000 seconds
286.047: [GC [PSYoungGen: 90528K->6576K(97280K)] 110561K->26617K(319488K), 0.0020520 secs] [Times: user=0.01 sys=0.00, real=0.00 secs] 
286.050: Total time for which application threads were stopped: 0.0043880 seconds, Stopping threads took: 0.0022520 seconds
286.126: Application time: 0.0765740 seconds
286.128: [GC [PSYoungGen: 90032K->6176K(97280K)] 110073K->26225K(319488K), 0.0017430 secs] [Times: user=0.02 sys=0.00, real=0.00 secs] 
286.130: Total time for which application threads were stopped: 0.0037710 seconds, Stopping threads took: 0.0019500 seconds
286.205: Application time: 0.0752140 seconds
286.207: [GC [PSYoungGen: 89632K->7344K(97280K)] 109681K->27401K(319488K), 0.0021800 secs] [Times: user=0.01 sys=0.00, real=0.00 secs] 
286.210: Total time for which application threads were stopped: 0.0045560 seconds, Stopping threads took: 0.0022780 seconds
286.284: Application time: 0.0747730 seconds
286.287: [GC [PSYoungGen: 90800K->7728K(97280K)] 110857K->27793K(319488K), 0.0021990 secs] [Times: user=0.02 sys=0.00, real=0.00 secs] 
286.289: Total time for which application threads were stopped: 0.0048310 seconds, Stopping threads took: 0.0025510 seconds
286.366: Application time: 0.0765420 seconds
286.369: [GC [PSYoungGen: 91184K->6352K(97280K)] 111249K->26417K(319488K), 0.0018050 secs] [Times: user=0.01 sys=0.00, real=0.00 secs] 
286.371: Total time for which application threads were stopped: 0.0050060 seconds, Stopping threads took: 0.0031110 seconds
286.445: Application time: 0.0742820 seconds
286.447: [GC [PSYoungGen: 89808K->8288K(97280K)] 109873K->28361K(319488K), 0.0024710 secs] [Times: user=0.01 sys=0.00, real=0.00 secs] 
286.450: Total time for which application threads were stopped: 0.0048590 seconds, Stopping threads took: 0.0023060 seconds
286.525: Application time: 0.0745330 seconds
286.526: [GC [PSYoungGen: 91744K->5808K(97280K)] 111817K->25889K(319488K), 0.0020670 secs] [Times: user=0.01 sys=0.00, real=0.01 secs] 
286.528: Total time for which application threads were stopped: 0.0037910 seconds, Stopping threads took: 0.0016360 seconds
286.600: Application time: 0.0715310 seconds
286.602: [GC [PSYoungGen: 89264K->7456K(97280K)] 109345K->27545K(319488K), 0.0023630 secs] [Times: user=0.02 sys=0.00, real=0.00 secs] 
286.604: Total time for which application threads were stopped: 0.0043050 seconds, Stopping threads took: 0.0018650 seconds
286.680: Application time: 0.0757580 seconds
286.682: [GC [PSYoungGen: 90912K->7792K(97280K)] 111001K->27889K(319488K), 0.0026050 secs] [Times: user=0.01 sys=0.00, real=0.00 secs] 
286.684: Total time for which application threads were stopped: 0.0042360 seconds, Stopping threads took: 0.0015370 seconds
286.756: Application time: 0.0722300 seconds
286.758: [GC [PSYoungGen: 91248K->8352K(97280K)] 111345K->28457K(319488K), 0.0025750 secs] [Times: user=0.02 sys=0.00, real=0.00 secs] 
286.761: Total time for which application threads were stopped: 0.0046520 seconds, Stopping threads took: 0.0019820 seconds
286.835: Application time: 0.0738970 seconds
286.837: [GC [PSYoungGen: 91808K->7136K(97280K)] 111913K->27241K(319488K), 0.0020360 secs] [Times: user=0.01 sys=0.00, real=0.00 secs] 
286.839: Total time for which application threads were stopped: 0.0042960 seconds, Stopping threads took: 0.0021850 seconds
286.914: Application time: 0.0747300 seconds
286.916: [GC [PSYoungGen: 90592K->6656K(97280K)] 110697K->26769K(319488K), 0.0019580 secs] [Times: user=0.01 sys=0.00, real=0.00 secs] 
286.918: Total time for which application threads were stopped: 0.0038380 seconds, Stopping threads took: 0.0018040 seconds
286.993: Application time: 0.0754830 seconds
286.995: [GC [PSYoungGen: 90112K->6064K(97280K)] 110225K->26185K(319488K), 0.0018630 secs] [Times: user=0.01 sys=0.00, real=0.00 secs] 
286.997: Total time for which application threads were stopped: 0.0038560 seconds, Stopping threads took: 0.0019170 seconds
287.071: Application time: 0.0733620 seconds
287.073: [GC [PSYoungGen: 89520K->7792K(97280K)] 109641K->27929K(319488K), 0.0024000 secs] [Times: user=0.02 sys=0.00, real=0.01 secs] 
287.075: Total time for which application threads were stopped: 0.0048580 seconds, Stopping threads took: 0.0023730 seconds
287.149: Application time: 0.0738190 seconds
287.152: [GC [PSYoungGen: 91248K->8352K(97280K)] 111385K->28497K(319488K), 0.0024940 secs] [Times: user=0.02 sys=0.00, real=0.00 secs] 
287.154: Total time for which application threads were stopped: 0.0048620 seconds, Stopping threads took: 0.0022880 seconds
287.228: Application time: 0.0739090 seconds
287.230: [GC [PSYoungGen: 91808K->6736K(97280K)] 111953K->26897K(319488K), 0.0019990 secs] [Times: user=0.01 sys=0.00, real=0.00 secs] 
287.232: Total time for which application threads were stopped: 0.0037260 seconds, Stopping threads took: 0.0016500 seconds
287.305: Application time: 0.0734810 seconds
287.307: [GC [PSYoungGen: 90192K->6240K(97280K)] 110353K->26401K(319488K), 0.0018620 secs] [Times: user=0.01 sys=0.00, real=0.01 secs] 
287.309: Total time for which application threads were stopped: 0.0033760 seconds, Stopping threads took: 0.0014320 seconds
287.382: Application time: 0.0732140 seconds
287.384: [GC [PSYoungGen: 89696K->7536K(97280K)] 109857K->27705K(319488K), 0.0023830 secs] [Times: user=0.02 sys=0.00, real=0.00 secs] 
287.387: Total time for which application threads were stopped: 0.0049650 seconds, Stopping threads took: 0.0024920 seconds
287.460: Application time: 0.0732270 seconds
287.463: [GC [PSYoungGen: 90992K->7984K(97280K)] 111161K->28161K(319488K), 0.0023250 secs] [Times: user=0.01 sys=0.00, real=0.00 secs] 
287.465: Total time for which application threads were stopped: 0.0051620 seconds, Stopping threads took: 0.0027540 seconds
287.538: Application time: 0.0728180 seconds
287.541: [GC [PSYoungGen: 91440K->8240K(97280K)] 111617K->28425K(319488K), 0.0024470 secs] [Times: user=0.02 sys=0.00, real=0.00 secs] 
287.543: Total time for which application threads were stopped: 0.0050510 seconds, Stopping threads took: 0.0025210 seconds
287.619: Application time: 0.0756730 seconds
287.620: [GC [PSYoungGen: 91696K->6016K(97280K)] 111881K->26201K(319488K), 0.0017400 secs] [Times: user=0.01 sys=0.00, real=0.00 secs] 
287.622: Total time for which application threads were stopped: 0.0033220 seconds, Stopping threads took: 0.0015030 seconds
287.694: Application time: 0.0722170 seconds
287.696: [GC [PSYoungGen: 89472K->6704K(97280K)] 109657K->26897K(319488K), 0.0020450 secs] [Times: user=0.01 sys=0.00, real=0.00 secs] 
287.698: Total time for which application threads were stopped: 0.0041470 seconds, Stopping threads took: 0.0020230 seconds
287.773: Application time: 0.0747560 seconds
287.776: [GC [PSYoungGen: 90160K->7168K(97280K)] 110353K->27361K(319488K), 0.0021600 secs] [Times: user=0.01 sys=0.00, real=0.00 secs] 
287.778: Total time for which application threads were stopped: 0.0046470 seconds, Stopping threads took: 0.0024010 seconds
287.852: Application time: 0.0737510 seconds
287.854: [GC [PSYoungGen: 90624K->6592K(97280K)] 110817K->26785K(319488K), 0.0019740 secs] [Times: user=0.01 sys=0.00, real=0.01 secs] 
287.856: Total time for which application threads were stopped: 0.0045110 seconds, Stopping threads took: 0.0024490 seconds
287.935: Application time: 0.0789370 seconds
287.938: [GC [PSYoungGen: 90048K->6032K(97280K)] 110241K->26233K(319488K), 0.0018370 secs] [Times: user=0.01 sys=0.00, real=0.00 secs] 
287.940: Total time for which application threads were stopped: 0.0049030 seconds, Stopping threads took: 0.0029880 seconds
288.017: Application time: 0.0775760 seconds
288.020: [GC [PSYoungGen: 89488K->4912K(97280K)] 109689K->25121K(319488K), 0.0015180 secs] [Times: user=0.01 sys=0.00, real=0.00 secs] 
288.021: Total time for which application threads were stopped: 0.0036420 seconds, Stopping threads took: 0.0020530 seconds
288.096: Application time: 0.0752630 seconds
288.099: [GC [PSYoungGen: 88368K->7216K(97280K)] 108577K->27441K(319488K), 0.0022140 secs] [Times: user=0.01 sys=0.00, real=0.00 secs] 
288.101: Total time for which application threads were stopped: 0.0047540 seconds, Stopping threads took: 0.0024600 seconds
288.174: Application time: 0.0728540 seconds
288.177: [GC [PSYoungGen: 90672K->7392K(97280K)] 110897K->27625K(319488K), 0.0022580 secs] [Times: user=0.02 sys=0.00, real=0.00 secs] 
288.179: Total time for which application threads were stopped: 0.0048320 seconds, Stopping threads took: 0.0024960 seconds
288.254: Application time: 0.0755230 seconds
288.258: [GC [PSYoungGen: 90848K->6624K(97280K)] 111081K->26865K(319488K), 0.0019580 secs] [Times: user=0.02 sys=0.00, real=0.00 secs] 
288.260: Total time for which application threads were stopped: 0.0051550 seconds, Stopping threads took: 0.0031150 seconds
288.334: Application time: 0.0747870 seconds
288.336: [GC [PSYoungGen: 90080K->5776K(97280K)] 110321K->26017K(319488K), 0.0016550 secs] [Times: user=0.01 sys=0.00, real=0.00 secs] 
288.338: Total time for which application threads were stopped: 0.0036060 seconds, Stopping threads took: 0.0018780 seconds
288.412: Application time: 0.0740090 seconds
288.415: [GC [PSYoungGen: 89232K->7504K(97280K)] 109473K->27753K(319488K), 0.0022010 secs] [Times: user=0.01 sys=0.00, real=0.01 secs] 
288.417: Total time for which application threads were stopped: 0.0050950 seconds, Stopping threads took: 0.0028080 seconds
288.491: Application time: 0.0739800 seconds
288.495: [GC [PSYoungGen: 90960K->5856K(97280K)] 111209K->26113K(319488K), 0.0017570 secs] [Times: user=0.01 sys=0.00, real=0.00 secs] 
288.497: Total time for which application threads were stopped: 0.0057230 seconds, Stopping threads took: 0.0038890 seconds
288.568: Application time: 0.0715900 seconds
288.571: [GC [PSYoungGen: 89312K->7376K(97280K)] 109569K->27649K(319488K), 0.0022180 secs] [Times: user=0.01 sys=0.00, real=0.00 secs] 
288.573: Total time for which application threads were stopped: 0.0046360 seconds, Stopping threads took: 0.0023280 seconds
288.648: Application time: 0.0748230 seconds
288.650: [GC [PSYoungGen: 90832K->7792K(97280K)] 111105K->28073K(319488K), 0.0022770 secs] [Times: user=0.01 sys=0.00, real=0.00 secs] 
288.652: Total time for which application threads were stopped: 0.0041820 seconds, Stopping threads took: 0.0018290 seconds
288.728: Application time: 0.0755190 seconds
288.729: [GC [PSYoungGen: 91248K->6704K(97280K)] 111529K->26993K(319488K), 0.0020100 secs] [Times: user=0.01 sys=0.00, real=0.00 secs] 
288.731: Total time for which application threads were stopped: 0.0034960 seconds, Stopping threads took: 0.0014030 seconds
288.803: Application time: 0.0722240 seconds
288.805: [GC [PSYoungGen: 90160K->7760K(97280K)] 110449K->28049K(319488K), 0.0022380 secs] [Times: user=0.01 sys=0.00, real=0.01 secs] 
288.808: Total time for which application threads were stopped: 0.0045090 seconds, Stopping threads took: 0.0021890 seconds
288.883: Application time: 0.0747710 seconds
288.884: [GC [PSYoungGen: 91216K->7232K(97280K)] 111505K->27529K(319488K), 0.0021500 secs] [Times: user=0.01 sys=0.00, real=0.00 secs] 
288.886: Total time for which application threads were stopped: 0.0039460 seconds, Stopping threads took: 0.0017160 seconds
288.961: Application time: 0.0747730 seconds
288.963: [GC [PSYoungGen: 90688K->8192K(97280K)] 110985K->28505K(319488K), 0.0026380 secs] [Times: user=0.01 sys=0.00, real=0.00 secs] 
288.966: Total time for which application threads were stopped: 0.0045910 seconds, Stopping threads took: 0.0018600 seconds
289.042: Application time: 0.0760060 seconds
289.043: [GC [PSYoungGen: 91648K->6912K(97280K)] 111961K->27233K(319488K), 0.0020810 secs] [Times: user=0.02 sys=0.00, real=0.00 secs] 
289.045: Total time for which application threads were stopped: 0.0030800 seconds, Stopping threads took: 0.0009160 seconds
289.120: Application time: 0.0748220 seconds
289.123: [GC [PSYoungGen: 90368K->6960K(97280K)] 110689K->27289K(319488K), 0.0020150 secs] [Times: user=0.01 sys=0.00, real=0.00 secs] 
289.125: Total time for which application threads were stopped: 0.0052640 seconds, Stopping threads took: 0.0031670 seconds
289.199: Application time: 0.0739400 seconds
289.201: [GC [PSYoungGen: 90416K->7008K(97280K)] 110745K->27345K(319488K), 0.0021720 secs] [Times: user=0.01 sys=0.00, real=0.00 secs] 
289.203: Total time for which application threads were stopped: 0.0040550 seconds, Stopping threads took: 0.0017740 seconds
289.277: Application time: 0.0742850 seconds
289.279: [GC [PSYoungGen: 90464K->5504K(97280K)] 110801K->25841K(319488K), 0.0016960 secs] [Times: user=0.01 sys=0.00, real=0.00 secs] 
289.280: Total time for which application threads were stopped: 0.0031550 seconds, Stopping threads took: 0.0013890 seconds
289.357: Application time: 0.0767540 seconds
289.359: [GC [PSYoungGen: 88960K->6080K(97280K)] 109297K->26425K(319488K), 0.0017860 secs] [Times: user=0.02 sys=0.00, real=0.00 secs] 
289.361: Total time for which application threads were stopped: 0.0040570 seconds, Stopping threads took: 0.0021980 seconds
289.442: Application time: 0.0810870 seconds
289.444: [GC [PSYoungGen: 89536K->7744K(97280K)] 109881K->28097K(319488K), 0.0023460 secs] [Times: user=0.02 sys=0.00, real=0.00 secs] 
289.447: Total time for which application threads were stopped: 0.0043570 seconds, Stopping threads took: 0.0019270 seconds
289.525: Application time: 0.0783350 seconds
289.528: [GC [PSYoungGen: 91200K->7088K(97280K)] 111553K->27449K(319488K), 0.0021550 secs] [Times: user=0.02 sys=0.00, real=0.00 secs] 
289.530: Total time for which application threads were stopped: 0.0048050 seconds, Stopping threads took: 0.0025600 seconds
289.608: Application time: 0.0781140 seconds
289.611: [GC [PSYoungGen: 90544K->6496K(97280K)] 110905K->26865K(319488K), 0.0019100 secs] [Times: user=0.01 sys=0.00, real=0.00 secs] 
289.613: Total time for which application threads were stopped: 0.0048860 seconds, Stopping threads took: 0.0028960 seconds
289.692: Application time: 0.0788250 seconds
289.695: [GC [PSYoungGen: 89952K->5968K(97280K)] 110321K->26345K(319488K), 0.0018540 secs] [Times: user=0.01 sys=0.00, real=0.01 secs] 
289.696: Total time for which application threads were stopped: 0.0047970 seconds, Stopping threads took: 0.0028580 seconds
289.776: Application time: 0.0792700 seconds
289.778: [GC [PSYoungGen: 89424K->7600K(97280K)] 109801K->27977K(319488K), 0.0022390 secs] [Times: user=0.01 sys=0.00, real=0.00 secs] 
289.780: Total time for which application threads were stopped: 0.0042350 seconds, Stopping threads took: 0.0019140 seconds
289.858: Application time: 0.0783500 seconds
289.860: [GC [PSYoungGen: 91056K->6400K(97280K)] 111433K->26785K(319488K), 0.0019090 secs] [Times: user=0.02 sys=0.00, real=0.00 secs] 
289.862: Total time for which application threads were stopped: 0.0038370 seconds, Stopping threads took: 0.0018460 seconds
289.942: Application time: 0.0795200 seconds
289.944: [GC [PSYoungGen: 89856K->7504K(97280K)] 110241K->27889K(319488K), 0.0023490 secs] [Times: user=0.01 sys=0.00, real=0.00 secs] 
289.946: Total time for which application threads were stopped: 0.0047380 seconds, Stopping threads took: 0.0022860 seconds
290.026: Application time: 0.0799210 seconds
290.028: [GC [PSYoungGen: 90960K->7072K(97280K)] 111345K->27465K(319488K), 0.0020810 secs] [Times: user=0.01 sys=0.00, real=0.00 secs] 
290.030: Total time for which application threads were stopped: 0.0039150 seconds, Stopping threads took: 0.0017440 seconds
290.110: Application time: 0.0797580 seconds
290.113: [GC [PSYoungGen: 90528K->6576K(97280K)] 110921K->26969K(319488K), 0.0019650 secs] [Times: user=0.01 sys=0.00, real=0.01 secs] 
290.115: Total time for which application threads were stopped: 0.0051570 seconds, Stopping threads took: 0.0031050 seconds
290.196: Application time: 0.0803630 seconds
290.199: [GC [PSYoungGen: 90032K->7200K(97280K)] 110425K->27601K(319488K), 0.0021140 secs] [Times: user=0.01 sys=0.00, real=0.00 secs] 
290.201: Total time for which application threads were stopped: 0.0051480 seconds, Stopping threads took: 0.0029470 seconds
290.278: Application time: 0.0777510 seconds
290.281: [GC [PSYoungGen: 90656K->6592K(97280K)] 111057K->26993K(319488K), 0.0019090 secs] [Times: user=0.01 sys=0.00, real=0.00 secs] 
290.283: Total time for which application threads were stopped: 0.0044030 seconds, Stopping threads took: 0.0023940 seconds
290.363: Application time: 0.0806100 seconds
290.366: [GC [PSYoungGen: 90048K->6128K(97280K)] 110449K->26529K(319488K), 0.0018080 secs] [Times: user=0.01 sys=0.00, real=0.01 secs] 
290.368: Total time for which application threads were stopped: 0.0048450 seconds, Stopping threads took: 0.0029490 seconds
290.450: Application time: 0.0813910 seconds
290.453: [GC [PSYoungGen: 89584K->7552K(97280K)] 109985K->27961K(319488K), 0.0021100 secs] [Times: user=0.01 sys=0.00, real=0.00 secs] 
290.455: Total time for which application threads were stopped: 0.0051110 seconds, Stopping threads took: 0.0029160 seconds
290.532: Application time: 0.0773450 seconds
290.534: [GC [PSYoungGen: 91008K->6976K(97280K)] 111417K->27393K(319488K), 0.0022100 secs] [Times: user=0.01 sys=0.00, real=0.01 secs] 
290.536: Total time for which application threads were stopped: 0.0041460 seconds, Stopping threads took: 0.0018430 seconds
290.617: Application time: 0.0804310 seconds
290.619: [GC [PSYoungGen: 90432K->7648K(97280K)] 110849K->28065K(319488K), 0.0022660 secs] [Times: user=0.01 sys=0.00, real=0.00 secs] 
290.622: Total time for which application threads were stopped: 0.0047340 seconds, Stopping threads took: 0.0023850 seconds
290.703: Application time: 0.0811780 seconds
290.705: [GC [PSYoungGen: 91104K->6256K(97280K)] 111521K->26681K(319488K), 0.0018900 secs] [Times: user=0.01 sys=0.00, real=0.01 secs] 
290.707: Total time for which application threads were stopped: 0.0045140 seconds, Stopping threads took: 0.0025450 seconds
290.788: Application time: 0.0804640 seconds
290.791: [GC [PSYoungGen: 89712K->7024K(97280K)] 110137K->27457K(319488K), 0.0020410 secs] [Times: user=0.01 sys=0.00, real=0.00 secs] 
290.793: Total time for which application threads were stopped: 0.0051980 seconds, Stopping threads took: 0.0030640 seconds
290.871: Application time: 0.0778920 seconds
290.874: [GC [PSYoungGen: 90480K->7104K(97280K)] 110913K->27537K(319488K), 0.0021400 secs] [Times: user=0.01 sys=0.00, real=0.01 secs] 
290.876: Total time for which application threads were stopped: 0.0049440 seconds, Stopping threads took: 0.0027150 seconds
290.954: Application time: 0.0786100 seconds
290.957: [GC [PSYoungGen: 90560K->7408K(97280K)] 110993K->27849K(319488K), 0.0022990 secs] [Times: user=0.02 sys=0.00, real=0.00 secs] 
290.959: Total time for which application threads were stopped: 0.0049140 seconds, Stopping threads took: 0.0025350 seconds
291.038: Application time: 0.0791180 seconds
291.041: [GC [PSYoungGen: 90864K->7552K(97280K)] 111305K->28001K(319488K), 0.0023990 secs] [Times: user=0.01 sys=0.00, real=0.00 secs] 
291.044: Total time for which application threads were stopped: 0.0051460 seconds, Stopping threads took: 0.0026570 seconds
291.121: Application time: 0.0777800 seconds
291.123: [GC [PSYoungGen: 91008K->7136K(97280K)] 111457K->27593K(319488K), 0.0021220 secs] [Times: user=0.01 sys=0.01, real=0.00 secs] 
291.125: Total time for which application threads were stopped: 0.0041580 seconds, Stopping threads took: 0.0019540 seconds
291.206: Application time: 0.0803910 seconds
291.207: [GC [PSYoungGen: 90592K->4992K(97280K)] 111049K->25457K(319488K), 0.0016270 secs] [Times: user=0.01 sys=0.00, real=0.00 secs] 
291.209: Total time for which application threads were stopped: 0.0029910 seconds, Stopping threads took: 0.0012860 seconds
291.287: Application time: 0.0786020 seconds
291.290: [GC [PSYoungGen: 88448K->7072K(97280K)] 108913K->27545K(319488K), 0.0021710 secs] [Times: user=0.01 sys=0.00, real=0.00 secs] 
291.292: Total time for which application threads were stopped: 0.0049840 seconds, Stopping threads took: 0.0027290 seconds
291.373: Application time: 0.0803350 seconds
291.375: [GC [PSYoungGen: 90528K->6368K(97280K)] 111001K->26841K(319488K), 0.0019070 secs] [Times: user=0.02 sys=0.00, real=0.00 secs] 
291.377: Total time for which application threads were stopped: 0.0040890 seconds, Stopping threads took: 0.0020920 seconds
291.457: Application time: 0.0803270 seconds
291.459: [GC [PSYoungGen: 89824K->7984K(97280K)] 110297K->28465K(319488K), 0.0024370 secs] [Times: user=0.02 sys=0.00, real=0.00 secs] 
291.462: Total time for which application threads were stopped: 0.0045990 seconds, Stopping threads took: 0.0020820 seconds
291.541: Application time: 0.0792040 seconds
291.543: [GC [PSYoungGen: 91440K->7088K(97280K)] 111921K->27569K(319488K), 0.0020350 secs] [Times: user=0.01 sys=0.00, real=0.00 secs] 
291.545: Total time for which application threads were stopped: 0.0042230 seconds, Stopping threads took: 0.0021030 seconds
291.624: Application time: 0.0784020 seconds
291.627: [GC [PSYoungGen: 90544K->6592K(97280K)] 111025K->27081K(319488K), 0.0019480 secs] [Times: user=0.01 sys=0.00, real=0.01 secs] 
291.629: Total time for which application threads were stopped: 0.0052050 seconds, Stopping threads took: 0.0031750 seconds
291.709: Application time: 0.0797800 seconds
291.710: [GC [PSYoungGen: 90048K->5568K(97280K)] 110537K->26065K(319488K), 0.0016830 secs] [Times: user=0.01 sys=0.00, real=0.00 secs] 
291.712: Total time for which application threads were stopped: 0.0029300 seconds, Stopping threads took: 0.0011650 seconds
291.793: Application time: 0.0810090 seconds
291.794: [GC [PSYoungGen: 89024K->7824K(97280K)] 109521K->28329K(319488K), 0.0024000 secs] [Times: user=0.02 sys=0.00, real=0.01 secs] 
291.797: Total time for which application threads were stopped: 0.0041510 seconds, Stopping threads took: 0.0016670 seconds
291.878: Application time: 0.0812570 seconds
291.881: [GC [PSYoungGen: 91280K->7104K(97280K)] 111785K->27609K(319488K), 0.0020890 secs] [Times: user=0.01 sys=0.00, real=0.00 secs] 
291.883: Total time for which application threads were stopped: 0.0047320 seconds, Stopping threads took: 0.0025630 seconds
291.962: Application time: 0.0793610 seconds
291.964: [GC [PSYoungGen: 90560K->6720K(97280K)] 111065K->27233K(319488K), 0.0019570 secs] [Times: user=0.01 sys=0.00, real=0.00 secs] 
291.966: Total time for which application threads were stopped: 0.0040720 seconds, Stopping threads took: 0.0020310 seconds
292.045: Application time: 0.0784420 seconds
292.048: [GC [PSYoungGen: 90176K->8128K(97280K)] 110689K->28641K(319488K), 0.0023720 secs] [Times: user=0.02 sys=0.00, real=0.00 secs] 
292.050: Total time for which application threads were stopped: 0.0056110 seconds, Stopping threads took: 0.0031480 seconds
292.129: Application time: 0.0790750 seconds
292.131: [GC [PSYoungGen: 91584K->6592K(97280K)] 112097K->27113K(319488K), 0.0019380 secs] [Times: user=0.02 sys=0.00, real=0.00 secs] 
292.133: Total time for which application threads were stopped: 0.0036490 seconds, Stopping threads took: 0.0016300 seconds
292.212: Application time: 0.0794840 seconds
292.215: [GC [PSYoungGen: 90048K->7552K(97280K)] 110569K->28081K(319488K), 0.0022070 secs] [Times: user=0.01 sys=0.00, real=0.00 secs] 
292.218: Total time for which application threads were stopped: 0.0052980 seconds, Stopping threads took: 0.0030040 seconds
292.297: Application time: 0.0796420 seconds
292.300: [GC [PSYoungGen: 91008K->6704K(97280K)] 111537K->27241K(319488K), 0.0019920 secs] [Times: user=0.02 sys=0.00, real=0.00 secs] 
292.302: Total time for which application threads were stopped: 0.0043130 seconds, Stopping threads took: 0.0022440 seconds
292.381: Application time: 0.0788790 seconds
292.384: [GC [PSYoungGen: 90160K->6784K(97280K)] 110697K->27321K(319488K), 0.0019710 secs] [Times: user=0.01 sys=0.00, real=0.00 secs] 
292.386: Total time for which application threads were stopped: 0.0050530 seconds, Stopping threads took: 0.0030030 seconds
292.468: Application time: 0.0825710 seconds
292.471: [GC [PSYoungGen: 90240K->7168K(97280K)] 110777K->27713K(319488K), 0.0021570 secs] [Times: user=0.01 sys=0.00, real=0.00 secs] 
292.473: Total time for which application threads were stopped: 0.0046950 seconds, Stopping threads took: 0.0024540 seconds
292.554: Application time: 0.0809190 seconds
292.557: [GC [PSYoungGen: 90624K->6560K(97280K)] 111169K->27105K(319488K), 0.0019520 secs] [Times: user=0.01 sys=0.00, real=0.00 secs] 
292.559: Total time for which application threads were stopped: 0.0052080 seconds, Stopping threads took: 0.0031650 seconds
292.635: Application time: 0.0763630 seconds
292.638: [GC [PSYoungGen: 90016K->7616K(97280K)] 110561K->28169K(319488K), 0.0023300 secs] [Times: user=0.02 sys=0.00, real=0.00 secs] 
292.641: Total time for which application threads were stopped: 0.0052100 seconds, Stopping threads took: 0.0027950 seconds
292.720: Application time: 0.0790120 seconds
292.721: [GC [PSYoungGen: 91072K->6096K(97280K)] 111625K->26649K(319488K), 0.0019120 secs] [Times: user=0.01 sys=0.00, real=0.00 secs] 
292.723: Total time for which application threads were stopped: 0.0036720 seconds, Stopping threads took: 0.0016740 seconds
292.803: Application time: 0.0802410 seconds
292.806: [GC [PSYoungGen: 89552K->7232K(97280K)] 110105K->27793K(319488K), 0.0022410 secs] [Times: user=0.01 sys=0.00, real=0.01 secs] 
292.808: Total time for which application threads were stopped: 0.0044180 seconds, Stopping threads took: 0.0020940 seconds
292.888: Application time: 0.0795870 seconds
292.889: [GC [PSYoungGen: 90688K->6144K(97280K)] 111249K->26705K(319488K), 0.0018710 secs] [Times: user=0.01 sys=0.00, real=0.00 secs] 
292.891: Total time for which application threads were stopped: 0.0035290 seconds, Stopping threads took: 0.0015790 seconds
292.972: Application time: 0.0807160 seconds
292.974: [GC [PSYoungGen: 89600K->6544K(97280K)] 110161K->27105K(319488K), 0.0020970 secs] [Times: user=0.02 sys=0.00, real=0.01 secs] 
292.976: Total time for which application threads were stopped: 0.0039470 seconds, Stopping threads took: 0.0017480 seconds
293.053: Application time: 0.0768270 seconds
293.054: [GC [PSYoungGen: 90000K->6816K(97280K)] 110561K->27385K(319488K), 0.0020990 secs] [Times: user=0.01 sys=0.00, real=0.01 secs] 
293.056: Total time for which application threads were stopped: 0.0039130 seconds, Stopping threads took: 0.0017170 seconds
293.134: Application time: 0.0772340 seconds
293.135: [GC [PSYoungGen: 90272K->7024K(97280K)] 110841K->27601K(319488K), 0.0022120 secs] [Times: user=0.02 sys=0.00, real=0.00 secs] 
293.137: Total time for which application threads were stopped: 0.0037970 seconds, Stopping threads took: 0.0014950 seconds
293.217: Application time: 0.0799280 seconds
293.219: [GC [PSYoungGen: 90480K->6752K(97280K)] 111057K->27337K(319488K), 0.0019420 secs] [Times: user=0.01 sys=0.00, real=0.00 secs] 
293.221: Total time for which application threads were stopped: 0.0036900 seconds, Stopping threads took: 0.0016660 seconds
293.301: Application time: 0.0799100 seconds
293.303: [GC [PSYoungGen: 90208K->5840K(97280K)] 110793K->26433K(319488K), 0.0016870 secs] [Times: user=0.01 sys=0.00, real=0.00 secs] 
293.305: Total time for which application threads were stopped: 0.0038310 seconds, Stopping threads took: 0.0020710 seconds
293.382: Application time: 0.0769910 seconds
293.384: [GC [PSYoungGen: 89296K->8384K(97280K)] 109889K->28985K(319488K), 0.0025650 secs] [Times: user=0.02 sys=0.00, real=0.00 secs] 
293.386: Total time for which application threads were stopped: 0.0044530 seconds, Stopping threads took: 0.0018070 seconds
293.463: Application time: 0.0762020 seconds
293.464: [GC [PSYoungGen: 91840K->7472K(97280K)] 112441K->28073K(319488K), 0.0021280 secs] [Times: user=0.01 sys=0.00, real=0.00 secs] 
293.466: Total time for which application threads were stopped: 0.0034980 seconds, Stopping threads took: 0.0012860 seconds
293.541: Application time: 0.0745380 seconds
293.543: [GC [PSYoungGen: 90928K->6816K(97280K)] 111529K->27425K(319488K), 0.0021150 secs] [Times: user=0.01 sys=0.00, real=0.00 secs] 
293.546: Total time for which application threads were stopped: 0.0050110 seconds, Stopping threads took: 0.0028160 seconds
293.621: Application time: 0.0757060 seconds
293.624: [GC [PSYoungGen: 90272K->6320K(97280K)] 110881K->26937K(319488K), 0.0018670 secs] [Times: user=0.01 sys=0.00, real=0.00 secs] 
293.626: Total time for which application threads were stopped: 0.0043030 seconds, Stopping threads took: 0.0023550 seconds
293.698: Application time: 0.0728040 seconds
293.701: [GC [PSYoungGen: 89776K->7088K(97280K)] 110393K->27713K(319488K), 0.0021940 secs] [Times: user=0.01 sys=0.00, real=0.00 secs] 
293.703: Total time for which application threads were stopped: 0.0044080 seconds, Stopping threads took: 0.0021270 seconds
293.776: Application time: 0.0731920 seconds
293.777: [GC [PSYoungGen: 90544K->7984K(97280K)] 111169K->28617K(319488K), 0.0024240 secs] [Times: user=0.01 sys=0.00, real=0.00 secs] 
293.780: Total time for which application threads were stopped: 0.0039400 seconds, Stopping threads took: 0.0014350 seconds
293.853: Application time: 0.0731050 seconds
293.855: [GC [PSYoungGen: 91440K->6464K(97280K)] 112073K->27105K(319488K), 0.0019280 secs] [Times: user=0.02 sys=0.00, real=0.01 secs] 
293.857: Total time for which application threads were stopped: 0.0036320 seconds, Stopping threads took: 0.0016200 seconds
293.929: Application time: 0.0722940 seconds
293.931: [GC [PSYoungGen: 89920K->7824K(97280K)] 110561K->28465K(319488K), 0.0022780 secs] [Times: user=0.02 sys=0.00, real=0.00 secs] 
293.933: Total time for which application threads were stopped: 0.0043780 seconds, Stopping threads took: 0.0020220 seconds
294.006: Application time: 0.0723400 seconds
294.008: [GC [PSYoungGen: 91280K->6848K(97280K)] 111921K->27497K(319488K), 0.0019860 secs] [Times: user=0.01 sys=0.00, real=0.00 secs] 
294.010: Total time for which application threads were stopped: 0.0039980 seconds, Stopping threads took: 0.0019340 seconds
294.086: Application time: 0.0767140 seconds
294.089: [GC [PSYoungGen: 90304K->7648K(97280K)] 110953K->28305K(319488K), 0.0022590 secs] [Times: user=0.01 sys=0.00, real=0.00 secs] 
294.092: Total time for which application threads were stopped: 0.0052750 seconds, Stopping threads took: 0.0029320 seconds
294.165: Application time: 0.0728500 seconds
294.168: [GC [PSYoungGen: 91104K->7568K(97280K)] 111761K->28233K(319488K), 0.0022520 secs] [Times: user=0.01 sys=0.00, real=0.00 secs] 
294.170: Total time for which application threads were stopped: 0.0054010 seconds, Stopping threads took: 0.0030490 seconds
294.242: Application time: 0.0723550 seconds
294.244: [GC [PSYoungGen: 91024K->7344K(97280K)] 111689K->28017K(319488K), 0.0021610 secs] [Times: user=0.01 sys=0.00, real=0.00 secs] 
294.247: Total time for which application threads were stopped: 0.0043980 seconds, Stopping threads took: 0.0021440 seconds
294.324: Application time: 0.0770360 seconds
294.325: [GC [PSYoungGen: 90800K->6000K(97280K)] 111473K->26681K(319488K), 0.0017630 secs] [Times: user=0.01 sys=0.00, real=0.00 secs] 
294.327: Total time for which application threads were stopped: 0.0031080 seconds, Stopping threads took: 0.0012660 seconds
294.400: Application time: 0.0730650 seconds
294.402: [GC [PSYoungGen: 89456K->6464K(97280K)] 110137K->27145K(319488K), 0.0019510 secs] [Times: user=0.01 sys=0.00, real=0.00 secs] 
294.404: Total time for which application threads were stopped: 0.0040960 seconds, Stopping threads took: 0.0020630 seconds
294.478: Application time: 0.0741730 seconds
294.480: [GC [PSYoungGen: 89920K->6752K(97280K)] 110601K->27433K(319488K), 0.0019490 secs] [Times: user=0.01 sys=0.00, real=0.00 secs] 
294.482: Total time for which application threads were stopped: 0.0041260 seconds, Stopping threads took: 0.0021030 seconds
294.558: Application time: 0.0753120 seconds
294.560: [GC [PSYoungGen: 90208K->6352K(97280K)] 110889K->27041K(319488K), 0.0017940 secs] [Times: user=0.01 sys=0.00, real=0.00 secs] 
294.562: Total time for which application threads were stopped: 0.0043910 seconds, Stopping threads took: 0.0025220 seconds
294.638: Application time: 0.0764820 seconds
294.641: [GC [PSYoungGen: 89808K->7408K(97280K)] 110497K->28105K(319488K), 0.0023010 secs] [Times: user=0.02 sys=0.00, real=0.00 secs] 
294.644: Total time for which application threads were stopped: 0.0050190 seconds, Stopping threads took: 0.0026380 seconds
294.718: Application time: 0.0744720 seconds
294.719: [GC [PSYoungGen: 90864K->6656K(97280K)] 111561K->27353K(319488K), 0.0019810 secs] [Times: user=0.01 sys=0.00, real=0.00 secs] 
294.721: Total time for which application threads were stopped: 0.0034830 seconds, Stopping threads took: 0.0014200 seconds
294.798: Application time: 0.0763020 seconds
294.800: [GC [PSYoungGen: 90112K->6864K(97280K)] 110809K->27585K(319488K), 0.0020120 secs] [Times: user=0.02 sys=0.00, real=0.00 secs] 
294.802: Total time for which application threads were stopped: 0.0045520 seconds, Stopping threads took: 0.0024540 seconds
294.877: Application time: 0.0742430 seconds
294.879: [GC [PSYoungGen: 90320K->7744K(97280K)] 111041K->28465K(319488K), 0.0021800 secs] [Times: user=0.01 sys=0.00, real=0.00 secs] 
294.881: Total time for which application threads were stopped: 0.0044810 seconds, Stopping threads took: 0.0022210 seconds
294.956: Application time: 0.0752180 seconds
294.958: [GC [PSYoungGen: 91200K->6416K(97280K)] 111921K->27137K(319488K), 0.0019720 secs] [Times: user=0.02 sys=0.00, real=0.00 secs] 
294.960: Total time for which application threads were stopped: 0.0038880 seconds, Stopping threads took: 0.0018330 seconds
295.036: Application time: 0.0763150 seconds
295.038: [GC [PSYoungGen: 89872K->7360K(97280K)] 110593K->28089K(319488K), 0.0021950 secs] [Times: user=0.01 sys=0.00, real=0.00 secs] 
295.040: Total time for which application threads were stopped: 0.0037400 seconds, Stopping threads took: 0.0014600 seconds
295.114: Application time: 0.0739990 seconds
295.115: [GC [PSYoungGen: 90816K->6272K(97280K)] 111545K->27025K(319488K), 0.0019390 secs] [Times: user=0.02 sys=0.00, real=0.00 secs] 
295.117: Total time for which application threads were stopped: 0.0030690 seconds, Stopping threads took: 0.0010530 seconds
295.191: Application time: 0.0734710 seconds
295.193: [GC [PSYoungGen: 89728K->8192K(97280K)] 110481K->28945K(319488K), 0.0024600 secs] [Times: user=0.01 sys=0.00, real=0.01 secs] 
295.196: Total time for which application threads were stopped: 0.0051970 seconds, Stopping threads took: 0.0026560 seconds
295.270: Application time: 0.0736990 seconds
295.271: [GC [PSYoungGen: 91648K->7776K(97280K)] 112401K->28537K(319488K), 0.0022940 secs] [Times: user=0.02 sys=0.00, real=0.00 secs] 
295.274: Total time for which application threads were stopped: 0.0041020 seconds, Stopping threads took: 0.0017250 seconds
295.348: Application time: 0.0740350 seconds
295.350: [GC [PSYoungGen: 91232K->8208K(97280K)] 111993K->28977K(319488K), 0.0023510 secs] [Times: user=0.01 sys=0.00, real=0.00 secs] 
295.353: Total time for which application threads were stopped: 0.0048980 seconds, Stopping threads took: 0.0024550 seconds
295.427: Application time: 0.0747150 seconds
295.430: [GC [PSYoungGen: 91664K->6544K(97280K)] 112433K->27313K(319488K), 0.0018540 secs] [Times: user=0.01 sys=0.00, real=0.00 secs] 
295.432: Total time for which application threads were stopped: 0.0041570 seconds, Stopping threads took: 0.0022230 seconds
295.505: Application time: 0.0736350 seconds
295.507: [GC [PSYoungGen: 90000K->7168K(97280K)] 110769K->27945K(319488K), 0.0020770 secs] [Times: user=0.02 sys=0.00, real=0.00 secs] 
295.510: Total time for which application threads were stopped: 0.0043080 seconds, Stopping threads took: 0.0021530 seconds
295.584: Application time: 0.0743450 seconds
295.586: [GC [PSYoungGen: 90624K->6928K(97280K)] 111401K->27713K(319488K), 0.0019970 secs] [Times: user=0.02 sys=0.00, real=0.01 secs] 
295.588: Total time for which application threads were stopped: 0.0040970 seconds, Stopping threads took: 0.0020190 seconds
295.661: Application time: 0.0731100 seconds
295.664: [GC [PSYoungGen: 90384K->8320K(97280K)] 111169K->29121K(319488K), 0.0023770 secs] [Times: user=0.01 sys=0.00, real=0.00 secs] 
295.666: Total time for which application threads were stopped: 0.0050790 seconds, Stopping threads took: 0.0026240 seconds
295.739: Application time: 0.0730900 seconds
295.741: [GC [PSYoungGen: 91776K->7792K(97280K)] 112577K->28601K(319488K), 0.0022270 secs] [Times: user=0.01 sys=0.00, real=0.00 secs] 
295.744: Total time for which application threads were stopped: 0.0044040 seconds, Stopping threads took: 0.0020960 seconds
295.819: Application time: 0.0752830 seconds
295.822: [GC [PSYoungGen: 91248K->7808K(97280K)] 112057K->28625K(319488K), 0.0023120 secs] [Times: user=0.01 sys=0.00, real=0.00 secs] 
295.824: Total time for which application threads were stopped: 0.0050370 seconds, Stopping threads took: 0.0026440 seconds
295.899: Application time: 0.0747390 seconds
295.901: [GC [PSYoungGen: 91264K->7472K(97280K)] 112081K->28289K(319488K), 0.0021570 secs] [Times: user=0.01 sys=0.01, real=0.00 secs] 
295.903: Total time for which application threads were stopped: 0.0041650 seconds, Stopping threads took: 0.0019070 seconds
295.980: Application time: 0.0770080 seconds
295.982: [GC [PSYoungGen: 90928K->6000K(97280K)] 111745K->26825K(319488K), 0.0019130 secs] [Times: user=0.01 sys=0.00, real=0.00 secs] 
295.984: Total time for which application threads were stopped: 0.0041020 seconds, Stopping threads took: 0.0021130 seconds
296.055: Application time: 0.0711480 seconds
296.057: [GC [PSYoungGen: 89456K->7296K(97280K)] 110281K->28129K(319488K), 0.0022610 secs] [Times: user=0.01 sys=0.00, real=0.00 secs] 
296.059: Total time for which application threads were stopped: 0.0041200 seconds, Stopping threads took: 0.0017790 seconds
296.137: Application time: 0.0774610 seconds
296.138: [GC [PSYoungGen: 90752K->7616K(97280K)] 111585K->28457K(319488K), 0.0022080 secs] [Times: user=0.02 sys=0.00, real=0.00 secs] 
296.140: Total time for which application threads were stopped: 0.0034430 seconds, Stopping threads took: 0.0011550 seconds
296.217: Application time: 0.0763520 seconds
296.218: [GC [PSYoungGen: 91072K->7296K(97280K)] 111913K->28145K(319488K), 0.0022110 secs] [Times: user=0.02 sys=0.00, real=0.00 secs] 
296.220: Total time for which application threads were stopped: 0.0038920 seconds, Stopping threads took: 0.0016010 seconds
296.294: Application time: 0.0740380 seconds
296.297: [GC [PSYoungGen: 90752K->7568K(97280K)] 111601K->28425K(319488K), 0.0022310 secs] [Times: user=0.02 sys=0.00, real=0.00 secs] 
296.299: Total time for which application threads were stopped: 0.0048720 seconds, Stopping threads took: 0.0025630 seconds
296.377: Application time: 0.0781360 seconds
296.378: [GC [PSYoungGen: 91024K->5344K(97280K)] 111881K->26201K(319488K), 0.0016060 secs] [Times: user=0.02 sys=0.00, real=0.00 secs] 
296.380: Total time for which application threads were stopped: 0.0023280 seconds, Stopping threads took: 0.0006470 seconds
296.455: Application time: 0.0755850 seconds
296.457: [GC [PSYoungGen: 88800K->7696K(97280K)] 109657K->28561K(319488K), 0.0022400 secs] [Times: user=0.02 sys=0.00, real=0.00 secs] 
296.460: Total time for which application threads were stopped: 0.0042800 seconds, Stopping threads took: 0.0019510 seconds
296.538: Application time: 0.0778350 seconds
296.539: [GC [PSYoungGen: 91152K->6480K(97280K)] 112017K->27353K(319488K), 0.0020050 secs] [Times: user=0.01 sys=0.00, real=0.00 secs] 
296.541: Total time for which application threads were stopped: 0.0038580 seconds, Stopping threads took: 0.0017750 seconds
296.614: Application time: 0.0722510 seconds
296.616: [GC [PSYoungGen: 89936K->7408K(97280K)] 110809K->28289K(319488K), 0.0021420 secs] [Times: user=0.01 sys=0.00, real=0.00 secs] 
296.618: Total time for which application threads were stopped: 0.0042190 seconds, Stopping threads took: 0.0019990 seconds
296.691: Application time: 0.0734580 seconds
296.693: [GC [PSYoungGen: 90864K->7936K(97280K)] 111745K->28817K(319488K), 0.0023210 secs] [Times: user=0.01 sys=0.00, real=0.01 secs] 
296.695: Total time for which application threads were stopped: 0.0041570 seconds, Stopping threads took: 0.0017550 seconds
296.769: Application time: 0.0738900 seconds
296.772: [GC [PSYoungGen: 91392K->6752K(97280K)] 112273K->27641K(319488K), 0.0019350 secs] [Times: user=0.01 sys=0.00, real=0.00 secs] 
296.774: Total time for which application threads were stopped: 0.0047690 seconds, Stopping threads took: 0.0027560 seconds
296.847: Application time: 0.0732560 seconds
296.849: [GC [PSYoungGen: 90208K->6768K(97280K)] 111097K->27657K(319488K), 0.0021040 secs] [Times: user=0.02 sys=0.00, real=0.00 secs] 
296.851: Total time for which application threads were stopped: 0.0039320 seconds, Stopping threads took: 0.0017480 seconds
296.927: Application time: 0.0755620 seconds
296.929: [GC [PSYoungGen: 90223K->7664K(97280K)] 111112K->28553K(319488K), 0.0022890 secs] [Times: user=0.02 sys=0.00, real=0.00 secs] 
296.932: Total time for which application threads were stopped: 0.0047040 seconds, Stopping threads took: 0.0023300 seconds
297.010: Application time: 0.0779190 seconds
297.012: [GC [PSYoungGen: 91120K->7360K(97280K)] 112009K->28257K(319488K), 0.0021360 secs] [Times: user=0.01 sys=0.00, real=0.00 secs] 
297.014: Total time for which application threads were stopped: 0.0049460 seconds, Stopping threads took: 0.0027280 seconds
297.088: Application time: 0.0740190 seconds
297.091: [GC [PSYoungGen: 90816K->7344K(97280K)] 111713K->28249K(319488K), 0.0023540 secs] [Times: user=0.01 sys=0.00, real=0.00 secs] 
297.094: Total time for which application threads were stopped: 0.0052180 seconds, Stopping threads took: 0.0027670 seconds
297.168: Application time: 0.0741030 seconds
297.170: [GC [PSYoungGen: 90800K->6944K(97280K)] 111705K->27849K(319488K), 0.0022220 secs] [Times: user=0.01 sys=0.00, real=0.00 secs] 
297.173: Total time for which application threads were stopped: 0.0049090 seconds, Stopping threads took: 0.0026080 seconds
297.245: Application time: 0.0721400 seconds
297.248: [GC [PSYoungGen: 90400K->7520K(97280K)] 111305K->28433K(319488K), 0.0022380 secs] [Times: user=0.02 sys=0.00, real=0.00 secs] 
297.250: Total time for which application threads were stopped: 0.0051320 seconds, Stopping threads took: 0.0028040 seconds
297.323: Application time: 0.0729190 seconds
297.325: [GC [PSYoungGen: 90976K->7152K(97280K)] 111889K->28065K(319488K), 0.0022800 secs] [Times: user=0.01 sys=0.00, real=0.01 secs] 
297.327: Total time for which application threads were stopped: 0.0044710 seconds, Stopping threads took: 0.0020900 seconds
297.402: Application time: 0.0746730 seconds
297.405: [GC [PSYoungGen: 90608K->7584K(97280K)] 111521K->28497K(319488K), 0.0021550 secs] [Times: user=0.01 sys=0.00, real=0.00 secs] 
297.407: Total time for which application threads were stopped: 0.0048120 seconds, Stopping threads took: 0.0025690 seconds
297.491: Application time: 0.0837450 seconds
297.492: [GC [PSYoungGen: 91040K->7952K(97280K)] 111953K->28873K(319488K), 0.0023610 secs] [Times: user=0.02 sys=0.00, real=0.00 secs] 
297.495: Total time for which application threads were stopped: 0.0041620 seconds, Stopping threads took: 0.0017170 seconds
297.573: Application time: 0.0781650 seconds
297.575: [GC [PSYoungGen: 91408K->7808K(97280K)] 112329K->28737K(319488K), 0.0023480 secs] [Times: user=0.02 sys=0.00, real=0.01 secs] 
297.577: Total time for which application threads were stopped: 0.0041720 seconds, Stopping threads took: 0.0017300 seconds
297.658: Application time: 0.0806230 seconds
297.660: [GC [PSYoungGen: 91264K->7328K(97280K)] 112193K->28265K(319488K), 0.0022270 secs] [Times: user=0.02 sys=0.00, real=0.00 secs] 
297.662: Total time for which application threads were stopped: 0.0043560 seconds, Stopping threads took: 0.0020460 seconds
297.741: Application time: 0.0792780 seconds
297.743: [GC [PSYoungGen: 90784K->5760K(97280K)] 111721K->26705K(319488K), 0.0017070 secs] [Times: user=0.02 sys=0.00, real=0.00 secs] 
297.745: Total time for which application threads were stopped: 0.0037460 seconds, Stopping threads took: 0.0019590 seconds
297.822: Application time: 0.0772050 seconds
297.824: [GC [PSYoungGen: 89216K->6736K(97280K)] 110161K->27681K(319488K), 0.0021940 secs] [Times: user=0.01 sys=0.00, real=0.00 secs] 
297.826: Total time for which application threads were stopped: 0.0041170 seconds, Stopping threads took: 0.0018380 seconds
297.905: Application time: 0.0783190 seconds
297.907: [GC [PSYoungGen: 90192K->7760K(97280K)] 111137K->28705K(319488K), 0.0023600 secs] [Times: user=0.01 sys=0.00, real=0.00 secs] 
297.910: Total time for which application threads were stopped: 0.0050740 seconds, Stopping threads took: 0.0026320 seconds
297.988: Application time: 0.0781780 seconds
297.990: [GC [PSYoungGen: 91216K->6576K(97280K)] 112161K->27529K(319488K), 0.0021570 secs] [Times: user=0.02 sys=0.00, real=0.00 secs] 
297.992: Total time for which application threads were stopped: 0.0040100 seconds, Stopping threads took: 0.0017700 seconds
298.071: Application time: 0.0787290 seconds
298.075: [GC [PSYoungGen: 90032K->6016K(97280K)] 110985K->26977K(319488K), 0.0017270 secs] [Times: user=0.01 sys=0.00, real=0.00 secs] 
298.077: Total time for which application threads were stopped: 0.0059480 seconds, Stopping threads took: 0.0041350 seconds
298.156: Application time: 0.0792370 seconds
298.159: [GC [PSYoungGen: 89472K->7696K(97280K)] 110433K->28665K(319488K), 0.0022060 secs] [Times: user=0.01 sys=0.00, real=0.00 secs] 
298.161: Total time for which application threads were stopped: 0.0051580 seconds, Stopping threads took: 0.0028630 seconds
298.241: Application time: 0.0803140 seconds
298.244: [GC [PSYoungGen: 91152K->6272K(97280K)] 112121K->27249K(319488K), 0.0018420 secs] [Times: user=0.01 sys=0.00, real=0.00 secs] 
298.246: Total time for which application threads were stopped: 0.0042460 seconds, Stopping threads took: 0.0023290 seconds
298.325: Application time: 0.0794040 seconds
298.328: [GC [PSYoungGen: 89728K->7296K(97280K)] 110705K->28281K(319488K), 0.0022310 secs] [Times: user=0.01 sys=0.00, real=0.00 secs] 
298.331: Total time for which application threads were stopped: 0.0055790 seconds, Stopping threads took: 0.0032650 seconds
298.409: Application time: 0.0786920 seconds
298.411: [GC [PSYoungGen: 90752K->6352K(97280K)] 111737K->27337K(319488K), 0.0018550 secs] [Times: user=0.01 sys=0.00, real=0.00 secs] 
298.413: Total time for which application threads were stopped: 0.0035450 seconds, Stopping threads took: 0.0016030 seconds
298.491: Application time: 0.0785150 seconds
298.493: [GC [PSYoungGen: 89808K->7024K(97280K)] 110793K->28017K(319488K), 0.0020720 secs] [Times: user=0.01 sys=0.00, real=0.01 secs] 
298.495: Total time for which application threads were stopped: 0.0039970 seconds, Stopping threads took: 0.0018440 seconds
298.576: Application time: 0.0801020 seconds
298.578: [GC [PSYoungGen: 90480K->7488K(97280K)] 111473K->28489K(319488K), 0.0022690 secs] [Times: user=0.02 sys=0.00, real=0.00 secs] 
298.580: Total time for which application threads were stopped: 0.0044700 seconds, Stopping threads took: 0.0021060 seconds
298.659: Application time: 0.0789560 seconds
298.661: [GC [PSYoungGen: 90944K->6272K(97280K)] 111945K->27281K(319488K), 0.0018440 secs] [Times: user=0.01 sys=0.00, real=0.00 secs] 
298.663: Total time for which application threads were stopped: 0.0037440 seconds, Stopping threads took: 0.0018220 seconds
298.745: Application time: 0.0822550 seconds
298.748: [GC [PSYoungGen: 89728K->6912K(97280K)] 110737K->27929K(319488K), 0.0020240 secs] [Times: user=0.02 sys=0.00, real=0.00 secs] 
298.750: Total time for which application threads were stopped: 0.0050130 seconds, Stopping threads took: 0.0029100 seconds
298.829: Application time: 0.0792860 seconds
298.831: [GC [PSYoungGen: 90368K->7536K(97280K)] 111385K->28561K(319488K), 0.0024350 secs] [Times: user=0.01 sys=0.00, real=0.00 secs] 
298.834: Total time for which application threads were stopped: 0.0046470 seconds, Stopping threads took: 0.0021240 seconds
298.913: Application time: 0.0794510 seconds
298.916: [GC [PSYoungGen: 90992K->7872K(97280K)] 112017K->28897K(319488K), 0.0023670 secs] [Times: user=0.02 sys=0.00, real=0.00 secs] 
298.919: Total time for which application threads were stopped: 0.0053660 seconds, Stopping threads took: 0.0029120 seconds
299.000: Application time: 0.0813670 seconds
299.003: [GC [PSYoungGen: 91328K->7312K(97280K)] 112353K->28337K(319488K), 0.0021470 secs] [Times: user=0.02 sys=0.00, real=0.00 secs] 
299.005: Total time for which application threads were stopped: 0.0048110 seconds, Stopping threads took: 0.0025820 seconds
299.086: Application time: 0.0810380 seconds
299.089: [GC [PSYoungGen: 90768K->7712K(97280K)] 111793K->28745K(319488K), 0.0022530 secs] [Times: user=0.01 sys=0.00, real=0.00 secs] 
299.091: Total time for which application threads were stopped: 0.0049190 seconds, Stopping threads took: 0.0025640 seconds
299.171: Application time: 0.0800760 seconds
299.173: [GC [PSYoungGen: 91168K->6544K(97280K)] 112201K->27585K(319488K), 0.0020190 secs] [Times: user=0.01 sys=0.00, real=0.01 secs] 
299.175: Total time for which application threads were stopped: 0.0042510 seconds, Stopping threads took: 0.0021500 seconds
299.253: Application time: 0.0774120 seconds
299.255: [GC [PSYoungGen: 90000K->6768K(97280K)] 111041K->27817K(319488K), 0.0021540 secs] [Times: user=0.02 sys=0.00, real=0.00 secs] 
299.258: Total time for which application threads were stopped: 0.0050040 seconds, Stopping threads took: 0.0027690 seconds
299.336: Application time: 0.0785990 seconds
299.339: [GC [PSYoungGen: 90224K->8144K(97280K)] 111273K->29209K(319488K), 0.0025230 secs] [Times: user=0.01 sys=0.00, real=0.00 secs] 
299.342: Total time for which application threads were stopped: 0.0056130 seconds, Stopping threads took: 0.0030070 seconds
299.420: Application time: 0.0778770 seconds
299.422: [GC [PSYoungGen: 91600K->7744K(97280K)] 112665K->28809K(319488K), 0.0041820 secs] [Times: user=0.02 sys=0.00, real=0.00 secs] 
299.427: Total time for which application threads were stopped: 0.0069310 seconds, Stopping threads took: 0.0026540 seconds
299.507: Application time: 0.0801660 seconds
299.509: [GC [PSYoungGen: 91200K->6192K(97280K)] 112265K->27257K(319488K), 0.0018280 secs] [Times: user=0.01 sys=0.00, real=0.00 secs] 
299.511: Total time for which application threads were stopped: 0.0039860 seconds, Stopping threads took: 0.0020810 seconds
299.588: Application time: 0.0776190 seconds
299.590: [GC [PSYoungGen: 89648K->7824K(97280K)] 110713K->28897K(319488K), 0.0023790 secs] [Times: user=0.02 sys=0.00, real=0.00 secs] 
299.593: Total time for which application threads were stopped: 0.0041540 seconds, Stopping threads took: 0.0016830 seconds
299.669: Application time: 0.0764850 seconds
299.672: [GC [PSYoungGen: 91280K->8320K(97280K)] 112353K->29401K(319488K), 0.0026190 secs] [Times: user=0.02 sys=0.00, real=0.00 secs] 
299.674: Total time for which application threads were stopped: 0.0051730 seconds, Stopping threads took: 0.0024700 seconds
299.751: Application time: 0.0772350 seconds
299.753: [GC [PSYoungGen: 91776K->8064K(97280K)] 112857K->29153K(319488K), 0.0025350 secs] [Times: user=0.02 sys=0.00, real=0.01 secs] 
299.756: Total time for which application threads were stopped: 0.0043470 seconds, Stopping threads took: 0.0017290 seconds
299.837: Application time: 0.0810000 seconds
299.838: [GC [PSYoungGen: 91520K->7696K(97280K)] 112609K->28793K(319488K), 0.0022840 secs] [Times: user=0.01 sys=0.00, real=0.00 secs] 
299.841: Total time for which application threads were stopped: 0.0039340 seconds, Stopping threads took: 0.0015670 seconds
299.919: Application time: 0.0781070 seconds
299.922: [GC [PSYoungGen: 91152K->7136K(97280K)] 112249K->28233K(319488K), 0.0020420 secs] [Times: user=0.01 sys=0.00, real=0.00 secs] 
299.924: Total time for which application threads were stopped: 0.0051620 seconds, Stopping threads took: 0.0030370 seconds
300.002: Application time: 0.0783690 seconds
300.004: [GC [PSYoungGen: 90592K->7504K(97280K)] 111689K->28601K(319488K), 0.0023540 secs] [Times: user=0.01 sys=0.00, real=0.00 secs] 
300.007: Total time for which application threads were stopped: 0.0041000 seconds, Stopping threads took: 0.0016560 seconds
300.085: Application time: 0.0787230 seconds
300.088: [GC [PSYoungGen: 90960K->7680K(97280K)] 112057K->28785K(319488K), 0.0022410 secs] [Times: user=0.01 sys=0.00, real=0.00 secs] 
300.090: Total time for which application threads were stopped: 0.0048220 seconds, Stopping threads took: 0.0024970 seconds
300.168: Application time: 0.0780150 seconds
300.171: [GC [PSYoungGen: 91136K->7184K(97280K)] 112241K->28297K(319488K), 0.0020750 secs] [Times: user=0.01 sys=0.00, real=0.00 secs] 
300.173: Total time for which application threads were stopped: 0.0046760 seconds, Stopping threads took: 0.0025080 seconds
300.254: Application time: 0.0810160 seconds
300.255: [GC [PSYoungGen: 90640K->5360K(97280K)] 111753K->26481K(319488K), 0.0016480 secs] [Times: user=0.01 sys=0.00, real=0.00 secs] 
300.257: Total time for which application threads were stopped: 0.0030510 seconds, Stopping threads took: 0.0013310 seconds
300.339: Application time: 0.0817720 seconds
300.342: [GC [PSYoungGen: 88816K->8320K(97280K)] 109937K->29449K(319488K), 0.0024860 secs] [Times: user=0.02 sys=0.00, real=0.00 secs] 
300.344: Total time for which application threads were stopped: 0.0055300 seconds, Stopping threads took: 0.0029570 seconds
300.424: Application time: 0.0793720 seconds
300.426: [GC [PSYoungGen: 91776K->6336K(97280K)] 112905K->27465K(319488K), 0.0019500 secs] [Times: user=0.01 sys=0.00, real=0.01 secs] 
300.428: Total time for which application threads were stopped: 0.0049270 seconds, Stopping threads took: 0.0028950 seconds
300.509: Application time: 0.0809420 seconds
300.512: [GC [PSYoungGen: 89792K->6416K(97280K)] 110921K->27545K(319488K), 0.0019440 secs] [Times: user=0.01 sys=0.00, real=0.00 secs] 
300.514: Total time for which application threads were stopped: 0.0047790 seconds, Stopping threads took: 0.0027480 seconds
300.595: Application time: 0.0808510 seconds
300.598: [GC [PSYoungGen: 89872K->6880K(97280K)] 111001K->28017K(319488K), 0.0019950 secs] [Times: user=0.01 sys=0.00, real=0.00 secs] 
300.600: Total time for which application threads were stopped: 0.0045950 seconds, Stopping threads took: 0.0025170 seconds
300.679: Application time: 0.0793560 seconds
300.681: [GC [PSYoungGen: 90336K->7488K(97280K)] 111473K->28633K(319488K), 0.0021930 secs] [Times: user=0.01 sys=0.00, real=0.00 secs] 
300.684: Total time for which application threads were stopped: 0.0046630 seconds, Stopping threads took: 0.0023680 seconds
300.763: Application time: 0.0794500 seconds
300.766: [GC [PSYoungGen: 90944K->7136K(97280K)] 112089K->28289K(319488K), 0.0020760 secs] [Times: user=0.01 sys=0.00, real=0.01 secs] 
300.768: Total time for which application threads were stopped: 0.0045330 seconds, Stopping threads took: 0.0023700 seconds
300.847: Application time: 0.0788780 seconds
300.849: [GC [PSYoungGen: 90592K->7504K(97280K)] 111745K->28665K(319488K), 0.0023180 secs] [Times: user=0.02 sys=0.00, real=0.00 secs] 
300.851: Total time for which application threads were stopped: 0.0048970 seconds, Stopping threads took: 0.0024960 seconds
300.929: Application time: 0.0774780 seconds
300.932: [GC [PSYoungGen: 90960K->7776K(97280K)] 112121K->28945K(319488K), 0.0024290 secs] [Times: user=0.01 sys=0.00, real=0.00 secs] 
300.934: Total time for which application threads were stopped: 0.0055060 seconds, Stopping threads took: 0.0029950 seconds
301.014: Application time: 0.0793620 seconds
301.015: [GC [PSYoungGen: 91232K->5744K(97280K)] 112401K->26913K(319488K), 0.0018290 secs] [Times: user=0.01 sys=0.00, real=0.00 secs] 
301.017: Total time for which application threads were stopped: 0.0034550 seconds, Stopping threads took: 0.0015470 seconds
301.096: Application time: 0.0784550 seconds
301.099: [GC [PSYoungGen: 89200K->7024K(97280K)] 110369K->28193K(319488K), 0.0021640 secs] [Times: user=0.01 sys=0.00, real=0.00 secs] 
301.101: Total time for which application threads were stopped: 0.0050610 seconds, Stopping threads took: 0.0028140 seconds
301.180: Application time: 0.0795270 seconds
301.183: [GC [PSYoungGen: 90480K->6640K(97280K)] 111649K->27817K(319488K), 0.0019330 secs] [Times: user=0.01 sys=0.00, real=0.00 secs] 
301.185: Total time for which application threads were stopped: 0.0047810 seconds, Stopping threads took: 0.0027570 seconds
301.267: Application time: 0.0815350 seconds
301.271: [GC [PSYoungGen: 90096K->6160K(97280K)] 111273K->27345K(319488K), 0.0018330 secs] [Times: user=0.01 sys=0.00, real=0.00 secs] 
301.273: Total time for which application threads were stopped: 0.0062550 seconds, Stopping threads took: 0.0043490 seconds
301.352: Application time: 0.0794000 seconds
301.355: [GC [PSYoungGen: 89616K->6768K(97280K)] 110801K->27961K(319488K), 0.0019510 secs] [Times: user=0.01 sys=0.00, real=0.00 secs] 
301.357: Total time for which application threads were stopped: 0.0050430 seconds, Stopping threads took: 0.0030130 seconds
301.434: Application time: 0.0766970 seconds
301.437: [GC [PSYoungGen: 90224K->6256K(97280K)] 111417K->27457K(319488K), 0.0017940 secs] [Times: user=0.01 sys=0.00, real=0.00 secs] 
301.439: Total time for which application threads were stopped: 0.0046590 seconds, Stopping threads took: 0.0027880 seconds
301.512: Application time: 0.0734790 seconds
301.515: [GC [PSYoungGen: 89712K->7552K(97280K)] 110913K->28753K(319488K), 0.0021460 secs] [Times: user=0.01 sys=0.00, real=0.00 secs] 
301.517: Total time for which application threads were stopped: 0.0049620 seconds, Stopping threads took: 0.0027330 seconds
301.591: Application time: 0.0739280 seconds
301.593: [GC [PSYoungGen: 91008K->8064K(97280K)] 112209K->29265K(319488K), 0.0023290 secs] [Times: user=0.02 sys=0.00, real=0.01 secs] 
301.596: Total time for which application threads were stopped: 0.0044750 seconds, Stopping threads took: 0.0020660 seconds
301.669: Application time: 0.0738450 seconds
301.672: [GC [PSYoungGen: 91520K->7504K(97280K)] 112721K->28713K(319488K), 0.0022400 secs] [Times: user=0.02 sys=0.00, real=0.00 secs] 
301.674: Total time for which application threads were stopped: 0.0044510 seconds, Stopping threads took: 0.0021280 seconds
301.749: Application time: 0.0750380 seconds
301.751: [GC [PSYoungGen: 90960K->6464K(97280K)] 112169K->27681K(319488K), 0.0020280 secs] [Times: user=0.01 sys=0.00, real=0.00 secs] 
301.753: Total time for which application threads were stopped: 0.0043750 seconds, Stopping threads took: 0.0022600 seconds
301.828: Application time: 0.0743690 seconds
301.830: [GC [PSYoungGen: 89920K->6624K(97280K)] 111137K->27849K(319488K), 0.0020120 secs] [Times: user=0.02 sys=0.00, real=0.00 secs] 
301.832: Total time for which application threads were stopped: 0.0041580 seconds, Stopping threads took: 0.0020670 seconds
301.905: Application time: 0.0732670 seconds
301.908: [GC [PSYoungGen: 90080K->7552K(97280K)] 111305K->28801K(319488K), 0.0021620 secs] [Times: user=0.01 sys=0.00, real=0.00 secs] 
301.910: Total time for which application threads were stopped: 0.0048830 seconds, Stopping threads took: 0.0026370 seconds
301.982: Application time: 0.0725180 seconds
301.985: [GC [PSYoungGen: 91008K->8128K(97280K)] 112257K->29377K(319488K), 0.0023660 secs] [Times: user=0.02 sys=0.00, real=0.01 secs] 
301.987: Total time for which application threads were stopped: 0.0050420 seconds, Stopping threads took: 0.0025940 seconds
302.059: Application time: 0.0711320 seconds
302.061: [GC [PSYoungGen: 91584K->7056K(97280K)] 112833K->28305K(319488K), 0.0020030 secs] [Times: user=0.01 sys=0.00, real=0.00 secs] 
302.063: Total time for which application threads were stopped: 0.0043580 seconds, Stopping threads took: 0.0022760 seconds
302.138: Application time: 0.0752590 seconds
302.141: [GC [PSYoungGen: 90512K->7536K(97280K)] 111761K->28793K(319488K), 0.0022140 secs] [Times: user=0.01 sys=0.00, real=0.00 secs] 
302.143: Total time for which application threads were stopped: 0.0049930 seconds, Stopping threads took: 0.0027020 seconds
302.218: Application time: 0.0749670 seconds
302.221: [GC [PSYoungGen: 90992K->6624K(97280K)] 112249K->27889K(319488K), 0.0019200 secs] [Times: user=0.02 sys=0.00, real=0.00 secs] 
302.223: Total time for which application threads were stopped: 0.0045730 seconds, Stopping threads took: 0.0025710 seconds
302.297: Application time: 0.0741550 seconds
302.299: [GC [PSYoungGen: 90080K->6720K(97280K)] 111345K->27993K(319488K), 0.0020070 secs] [Times: user=0.01 sys=0.00, real=0.00 secs] 
302.302: Total time for which application threads were stopped: 0.0045870 seconds, Stopping threads took: 0.0024930 seconds
302.377: Application time: 0.0755990 seconds
302.380: [GC [PSYoungGen: 90176K->8288K(97280K)] 111449K->29569K(319488K), 0.0024750 secs] [Times: user=0.02 sys=0.00, real=0.00 secs] 
302.382: Total time for which application threads were stopped: 0.0053660 seconds, Stopping threads took: 0.0028080 seconds
302.455: Application time: 0.0727990 seconds
302.457: [GC [PSYoungGen: 91744K->6560K(97280K)] 113025K->27841K(319488K), 0.0019230 secs] [Times: user=0.01 sys=0.00, real=0.00 secs] 
302.459: Total time for which application threads were stopped: 0.0036650 seconds, Stopping threads took: 0.0016610 seconds
302.535: Application time: 0.0760730 seconds
302.538: [GC [PSYoungGen: 90016K->6912K(97280K)] 111297K->28193K(319488K), 0.0019820 secs] [Times: user=0.01 sys=0.00, real=0.00 secs] 
302.540: Total time for which application threads were stopped: 0.0049450 seconds, Stopping threads took: 0.0028860 seconds
302.618: Application time: 0.0782790 seconds
302.621: [GC [PSYoungGen: 90368K->8096K(97280K)] 111649K->29393K(319488K), 0.0024080 secs] [Times: user=0.02 sys=0.00, real=0.00 secs] 
302.623: Total time for which application threads were stopped: 0.0050480 seconds, Stopping threads took: 0.0025600 seconds
302.700: Application time: 0.0764990 seconds
302.702: [GC [PSYoungGen: 91552K->6576K(97280K)] 112849K->27881K(319488K), 0.0019470 secs] [Times: user=0.02 sys=0.00, real=0.00 secs] 
302.704: Total time for which application threads were stopped: 0.0043220 seconds, Stopping threads took: 0.0022950 seconds
302.777: Application time: 0.0732190 seconds
302.779: [GC [PSYoungGen: 90032K->7296K(97280K)] 111337K->28609K(319488K), 0.0023380 secs] [Times: user=0.01 sys=0.00, real=0.00 secs] 
302.781: Total time for which application threads were stopped: 0.0040160 seconds, Stopping threads took: 0.0015950 seconds
302.857: Application time: 0.0760640 seconds
302.860: [GC [PSYoungGen: 90752K->7120K(97280K)] 112065K->28449K(319488K), 0.0020610 secs] [Times: user=0.01 sys=0.00, real=0.00 secs] 
302.862: Total time for which application threads were stopped: 0.0042870 seconds, Stopping threads took: 0.0021390 seconds
302.936: Application time: 0.0743030 seconds
302.938: [GC [PSYoungGen: 90576K->7968K(97280K)] 111905K->29305K(319488K), 0.0022600 secs] [Times: user=0.02 sys=0.00, real=0.00 secs] 
302.941: Total time for which application threads were stopped: 0.0047620 seconds, Stopping threads took: 0.0024180 seconds
303.015: Application time: 0.0743340 seconds
303.017: [GC [PSYoungGen: 91424K->5936K(97280K)] 112761K->27273K(319488K), 0.0018380 secs] [Times: user=0.02 sys=0.00, real=0.00 secs] 
303.019: Total time for which application threads were stopped: 0.0035570 seconds, Stopping threads took: 0.0016410 seconds
303.095: Application time: 0.0767340 seconds
303.098: [GC [PSYoungGen: 89392K->8240K(97280K)] 110729K->29593K(319488K), 0.0025070 secs] [Times: user=0.02 sys=0.00, real=0.00 secs] 
303.100: Total time for which application threads were stopped: 0.0050200 seconds, Stopping threads took: 0.0024290 seconds
303.178: Application time: 0.0775670 seconds
303.181: [GC [PSYoungGen: 91696K->8272K(97280K)] 113049K->29633K(319488K), 0.0023780 secs] [Times: user=0.02 sys=0.00, real=0.00 secs] 
303.183: Total time for which application threads were stopped: 0.0050400 seconds, Stopping threads took: 0.0025810 seconds
303.260: Application time: 0.0764710 seconds
303.262: [GC [PSYoungGen: 91728K->4800K(97280K)] 113089K->26169K(319488K), 0.0014250 secs] [Times: user=0.01 sys=0.00, real=0.00 secs] 
303.264: Total time for which application threads were stopped: 0.0040210 seconds, Stopping threads took: 0.0025220 seconds
303.338: Application time: 0.0740340 seconds
303.340: [GC [PSYoungGen: 88256K->6544K(97280K)] 109625K->27921K(319488K), 0.0020640 secs] [Times: user=0.01 sys=0.00, real=0.00 secs] 
303.342: Total time for which application threads were stopped: 0.0040940 seconds, Stopping threads took: 0.0019520 seconds
303.415: Application time: 0.0735560 seconds
303.417: [GC [PSYoungGen: 90000K->7008K(97280K)] 111377K->28393K(319488K), 0.0020290 secs] [Times: user=0.01 sys=0.00, real=0.00 secs] 
303.420: Total time for which application threads were stopped: 0.0042770 seconds, Stopping threads took: 0.0021600 seconds
303.492: Application time: 0.0729570 seconds
303.495: [GC [PSYoungGen: 90464K->6848K(97280K)] 111849K->28233K(319488K), 0.0020820 secs] [Times: user=0.01 sys=0.00, real=0.00 secs] 
303.497: Total time for which application threads were stopped: 0.0048940 seconds, Stopping threads took: 0.0027290 seconds
303.574: Application time: 0.0766730 seconds
303.577: [GC [PSYoungGen: 90304K->7312K(97280K)] 111689K->28705K(319488K), 0.0022110 secs] [Times: user=0.01 sys=0.00, real=0.00 secs] 
303.579: Total time for which application threads were stopped: 0.0049130 seconds, Stopping threads took: 0.0026240 seconds
303.652: Application time: 0.0729540 seconds
303.655: [GC [PSYoungGen: 90768K->7312K(97280K)] 112161K->28713K(319488K), 0.0021720 secs] [Times: user=0.02 sys=0.00, real=0.01 secs] 
303.657: Total time for which application threads were stopped: 0.0048790 seconds, Stopping threads took: 0.0026250 seconds
303.730: Application time: 0.0728720 seconds
303.733: [GC [PSYoungGen: 90768K->7536K(97280K)] 112169K->28945K(319488K), 0.0022060 secs] [Times: user=0.02 sys=0.00, real=0.01 secs] 
303.735: Total time for which application threads were stopped: 0.0052720 seconds, Stopping threads took: 0.0029850 seconds
303.810: Application time: 0.0747170 seconds
303.812: [GC [PSYoungGen: 90992K->8064K(97280K)] 112401K->29481K(319488K), 0.0023150 secs] [Times: user=0.02 sys=0.00, real=0.00 secs] 
303.814: Total time for which application threads were stopped: 0.0043730 seconds, Stopping threads took: 0.0019740 seconds
303.890: Application time: 0.0760110 seconds
303.892: [GC [PSYoungGen: 91520K->7504K(97280K)] 112937K->28929K(319488K), 0.0022160 secs] [Times: user=0.01 sys=0.00, real=0.00 secs] 
303.894: Total time for which application threads were stopped: 0.0040490 seconds, Stopping threads took: 0.0017510 seconds
303.969: Application time: 0.0744940 seconds
303.971: [GC [PSYoungGen: 90960K->5920K(97280K)] 112385K->27345K(319488K), 0.0017950 secs] [Times: user=0.01 sys=0.00, real=0.00 secs] 
303.973: Total time for which application threads were stopped: 0.0045430 seconds, Stopping threads took: 0.0026570 seconds
304.047: Application time: 0.0737260 seconds
304.048: [GC [PSYoungGen: 89376K->6944K(97280K)] 110801K->28377K(319488K), 0.0021050 secs] [Times: user=0.01 sys=0.00, real=0.00 secs] 
304.051: Total time for which application threads were stopped: 0.0036200 seconds, Stopping threads took: 0.0014350 seconds
304.125: Application time: 0.0740430 seconds
304.127: [GC [PSYoungGen: 90400K->6896K(97280K)] 111833K->28337K(319488K), 0.0020740 secs] [Times: user=0.02 sys=0.00, real=0.01 secs] 
304.129: Total time for which application threads were stopped: 0.0042250 seconds, Stopping threads took: 0.0020680 seconds
304.203: Application time: 0.0742710 seconds
304.205: [GC [PSYoungGen: 90352K->6768K(97280K)] 111793K->28217K(319488K), 0.0020140 secs] [Times: user=0.01 sys=0.00, real=0.01 secs] 
304.207: Total time for which application threads were stopped: 0.0041180 seconds, Stopping threads took: 0.0020050 seconds
304.279: Application time: 0.0713430 seconds
304.280: [GC [PSYoungGen: 90224K->7056K(97280K)] 111673K->28505K(319488K), 0.0019420 secs] [Times: user=0.02 sys=0.00, real=0.00 secs] 
304.282: Total time for which application threads were stopped: 0.0037550 seconds, Stopping threads took: 0.0017370 seconds
304.359: Application time: 0.0768170 seconds
304.362: [GC [PSYoungGen: 90512K->7696K(97280K)] 111961K->29153K(319488K), 0.0023180 secs] [Times: user=0.02 sys=0.00, real=0.00 secs] 
304.364: Total time for which application threads were stopped: 0.0050230 seconds, Stopping threads took: 0.0026270 seconds
304.441: Application time: 0.0773210 seconds
304.444: [GC [PSYoungGen: 91152K->7760K(97280K)] 112609K->29225K(319488K), 0.0022510 secs] [Times: user=0.01 sys=0.00, real=0.00 secs] 
304.446: Total time for which application threads were stopped: 0.0045330 seconds, Stopping threads took: 0.0022000 seconds
304.522: Application time: 0.0756400 seconds
304.523: [GC [PSYoungGen: 91216K->6544K(97280K)] 112681K->28009K(319488K), 0.0019270 secs] [Times: user=0.01 sys=0.00, real=0.00 secs] 
304.525: Total time for which application threads were stopped: 0.0033930 seconds, Stopping threads took: 0.0013770 seconds
304.600: Application time: 0.0750740 seconds
304.602: [GC [PSYoungGen: 90000K->7664K(97280K)] 111465K->29137K(319488K), 0.0022360 secs] [Times: user=0.01 sys=0.00, real=0.00 secs] 
304.604: Total time for which application threads were stopped: 0.0038690 seconds, Stopping threads took: 0.0015500 seconds
304.679: Application time: 0.0752280 seconds
304.680: [GC [PSYoungGen: 91120K->6592K(97280K)] 112593K->28073K(319488K), 0.0019840 secs] [Times: user=0.01 sys=0.00, real=0.00 secs] 
304.682: Total time for which application threads were stopped: 0.0030770 seconds, Stopping threads took: 0.0010150 seconds
304.759: Application time: 0.0766380 seconds
304.762: [GC [PSYoungGen: 90048K->6576K(97280K)] 111529K->28057K(319488K), 0.0018930 secs] [Times: user=0.01 sys=0.00, real=0.00 secs] 
304.763: Total time for which application threads were stopped: 0.0045800 seconds, Stopping threads took: 0.0026060 seconds
304.839: Application time: 0.0751600 seconds
304.842: [GC [PSYoungGen: 90032K->8096K(97280K)] 111513K->29585K(319488K), 0.0023440 secs] [Times: user=0.01 sys=0.00, real=0.00 secs] 
304.844: Total time for which application threads were stopped: 0.0052940 seconds, Stopping threads took: 0.0028700 seconds
304.920: Application time: 0.0764020 seconds
304.923: [GC [PSYoungGen: 91552K->6800K(97280K)] 113041K->28297K(319488K), 0.0019240 secs] [Times: user=0.01 sys=0.00, real=0.00 secs] 
304.925: Total time for which application threads were stopped: 0.0049720 seconds, Stopping threads took: 0.0029710 seconds
305.002: Application time: 0.0762920 seconds
305.003: [GC [PSYoungGen: 90256K->6464K(97280K)] 111753K->27961K(319488K), 0.0019150 secs] [Times: user=0.01 sys=0.00, real=0.00 secs] 
305.005: Total time for which application threads were stopped: 0.0035390 seconds, Stopping threads took: 0.0015430 seconds
305.080: Application time: 0.0745670 seconds
305.082: [GC [PSYoungGen: 89920K->7152K(97280K)] 111417K->28657K(319488K), 0.0020950 secs] [Times: user=0.02 sys=0.00, real=0.00 secs] 
305.084: Total time for which application threads were stopped: 0.0046270 seconds, Stopping threads took: 0.0024410 seconds
305.158: Application time: 0.0733050 seconds
305.159: [GC [PSYoungGen: 90608K->8192K(97280K)] 112113K->29705K(319488K), 0.0025350 secs] [Times: user=0.02 sys=0.00, real=0.00 secs] 
305.162: Total time for which application threads were stopped: 0.0040440 seconds, Stopping threads took: 0.0014270 seconds
305.236: Application time: 0.0738650 seconds
305.237: [GC [PSYoungGen: 91648K->6624K(97280K)] 113161K->28145K(319488K), 0.0019740 secs] [Times: user=0.02 sys=0.00, real=0.00 secs] 
305.239: Total time for which application threads were stopped: 0.0032300 seconds, Stopping threads took: 0.0011770 seconds
305.314: Application time: 0.0756060 seconds
305.317: [GC [PSYoungGen: 90080K->4880K(97280K)] 111601K->26417K(319488K), 0.0014090 secs] [Times: user=0.01 sys=0.00, real=0.00 secs] 
305.318: Total time for which application threads were stopped: 0.0039440 seconds, Stopping threads took: 0.0024560 seconds
305.392: Application time: 0.0738160 seconds
305.395: [GC [PSYoungGen: 88336K->7392K(97280K)] 109873K->28937K(319488K), 0.0021630 secs] [Times: user=0.02 sys=0.00, real=0.00 secs] 
305.398: Total time for which application threads were stopped: 0.0054920 seconds, Stopping threads took: 0.0032460 seconds
305.476: Application time: 0.0778440 seconds
305.478: [GC [PSYoungGen: 90848K->6864K(97280K)] 112393K->28409K(319488K), 0.0020440 secs] [Times: user=0.01 sys=0.00, real=0.00 secs] 
305.480: Total time for which application threads were stopped: 0.0046440 seconds, Stopping threads took: 0.0025130 seconds
305.559: Application time: 0.0788120 seconds
305.562: [GC [PSYoungGen: 90320K->8400K(97280K)] 111865K->29953K(319488K), 0.0028030 secs] [Times: user=0.02 sys=0.00, real=0.00 secs] 
305.565: Total time for which application threads were stopped: 0.0056340 seconds, Stopping threads took: 0.0027440 seconds
305.645: Application time: 0.0802170 seconds
305.647: [GC [PSYoungGen: 91856K->8160K(97280K)] 113409K->29721K(319488K), 0.0025600 secs] [Times: user=0.01 sys=0.00, real=0.00 secs] 
305.650: Total time for which application threads were stopped: 0.0048360 seconds, Stopping threads took: 0.0021770 seconds
305.727: Application time: 0.0773100 seconds
305.729: [GC [PSYoungGen: 91616K->6576K(97280K)] 113177K->28145K(319488K), 0.0019480 secs] [Times: user=0.01 sys=0.00, real=0.00 secs] 
305.731: Total time for which application threads were stopped: 0.0039900 seconds, Stopping threads took: 0.0019570 seconds
305.812: Application time: 0.0805970 seconds
305.814: [GC [PSYoungGen: 90032K->6592K(97280K)] 111601K->28169K(319488K), 0.0021190 secs] [Times: user=0.01 sys=0.00, real=0.01 secs] 
305.816: Total time for which application threads were stopped: 0.0046060 seconds, Stopping threads took: 0.0024010 seconds
305.896: Application time: 0.0794990 seconds
305.898: [GC [PSYoungGen: 90048K->6464K(97280K)] 111625K->28049K(319488K), 0.0019540 secs] [Times: user=0.02 sys=0.00, real=0.00 secs] 
305.900: Total time for which application threads were stopped: 0.0045510 seconds, Stopping threads took: 0.0025140 seconds
305.981: Application time: 0.0807360 seconds
305.984: [GC [PSYoungGen: 89920K->5920K(97280K)] 111505K->27505K(319488K), 0.0016800 secs] [Times: user=0.01 sys=0.00, real=0.00 secs] 
305.986: Total time for which application threads were stopped: 0.0049330 seconds, Stopping threads took: 0.0031790 seconds
306.065: Application time: 0.0795390 seconds
306.068: [GC [PSYoungGen: 89376K->7440K(97280K)] 110961K->29041K(319488K), 0.0022650 secs] [Times: user=0.02 sys=0.00, real=0.00 secs] 
306.071: Total time for which application threads were stopped: 0.0052530 seconds, Stopping threads took: 0.0028990 seconds
306.152: Application time: 0.0815440 seconds
306.154: [GC [PSYoungGen: 90896K->7376K(97280K)] 112497K->28985K(319488K), 0.0022670 secs] [Times: user=0.01 sys=0.00, real=0.01 secs] 
306.157: Total time for which application threads were stopped: 0.0043850 seconds, Stopping threads took: 0.0020230 seconds
306.235: Application time: 0.0786300 seconds
306.238: [GC [PSYoungGen: 90832K->7008K(97280K)] 112441K->28625K(319488K), 0.0020800 secs] [Times: user=0.01 sys=0.00, real=0.00 secs] 
306.240: Total time for which application threads were stopped: 0.0047370 seconds, Stopping threads took: 0.0025750 seconds
306.317: Application time: 0.0774800 seconds
306.319: [GC [PSYoungGen: 90464K->7136K(97280K)] 112081K->28761K(319488K), 0.0022430 secs] [Times: user=0.01 sys=0.00, real=0.00 secs] 
306.322: Total time for which application threads were stopped: 0.0041240 seconds, Stopping threads took: 0.0017990 seconds
306.402: Application time: 0.0801000 seconds
306.404: [GC [PSYoungGen: 90592K->6656K(97280K)] 112217K->28289K(319488K), 0.0019840 secs] [Times: user=0.01 sys=0.00, real=0.00 secs] 
306.406: Total time for which application threads were stopped: 0.0041150 seconds, Stopping threads took: 0.0020470 seconds
306.485: Application time: 0.0794520 seconds
306.488: [GC [PSYoungGen: 90112K->7056K(97280K)] 111745K->28697K(319488K), 0.0021480 secs] [Times: user=0.02 sys=0.00, real=0.00 secs] 
306.490: Total time for which application threads were stopped: 0.0050350 seconds, Stopping threads took: 0.0028010 seconds
306.571: Application time: 0.0803940 seconds
306.573: [GC [PSYoungGen: 90512K->6512K(97280K)] 112153K->28153K(319488K), 0.0020900 secs] [Times: user=0.01 sys=0.00, real=0.01 secs] 
306.575: Total time for which application threads were stopped: 0.0047310 seconds, Stopping threads took: 0.0025640 seconds
306.655: Application time: 0.0791510 seconds
306.657: [GC [PSYoungGen: 89968K->7104K(97280K)] 111609K->28753K(319488K), 0.0020550 secs] [Times: user=0.01 sys=0.00, real=0.00 secs] 
306.660: Total time for which application threads were stopped: 0.0049320 seconds, Stopping threads took: 0.0027880 seconds
306.739: Application time: 0.0797240 seconds
306.742: [GC [PSYoungGen: 90560K->7536K(97280K)] 112209K->29193K(319488K), 0.0021920 secs] [Times: user=0.02 sys=0.00, real=0.00 secs] 
306.744: Total time for which application threads were stopped: 0.0051070 seconds, Stopping threads took: 0.0028330 seconds
306.823: Application time: 0.0791030 seconds
306.826: [GC [PSYoungGen: 90992K->6880K(97280K)] 112649K->28545K(319488K), 0.0022360 secs] [Times: user=0.01 sys=0.00, real=0.01 secs] 
306.828: Total time for which application threads were stopped: 0.0048960 seconds, Stopping threads took: 0.0025750 seconds
306.908: Application time: 0.0792630 seconds
306.909: [GC [PSYoungGen: 90336K->6800K(97280K)] 112001K->28473K(319488K), 0.0023210 secs] [Times: user=0.02 sys=0.00, real=0.00 secs] 
306.912: Total time for which application threads were stopped: 0.0039470 seconds, Stopping threads took: 0.0015430 seconds
306.989: Application time: 0.0769080 seconds
306.991: [GC [PSYoungGen: 90256K->7744K(97280K)] 111929K->29425K(319488K), 0.0024060 secs] [Times: user=0.01 sys=0.00, real=0.00 secs] 
306.993: Total time for which application threads were stopped: 0.0047170 seconds, Stopping threads took: 0.0022230 seconds
307.074: Application time: 0.0805220 seconds
307.077: [GC [PSYoungGen: 91200K->8128K(97280K)] 112881K->29809K(319488K), 0.0024650 secs] [Times: user=0.01 sys=0.00, real=0.00 secs] 
307.079: Total time for which application threads were stopped: 0.0053710 seconds, Stopping threads took: 0.0028200 seconds
307.156: Application time: 0.0769850 seconds
307.158: [GC [PSYoungGen: 91584K->7136K(97280K)] 113265K->28825K(319488K), 0.0021610 secs] [Times: user=0.01 sys=0.00, real=0.00 secs] 
307.160: Total time for which application threads were stopped: 0.0042690 seconds, Stopping threads took: 0.0020120 seconds
307.240: Application time: 0.0795350 seconds
307.243: [GC [PSYoungGen: 90592K->6816K(97280K)] 112281K->28513K(319488K), 0.0019850 secs] [Times: user=0.01 sys=0.00, real=0.00 secs] 
307.245: Total time for which application threads were stopped: 0.0054560 seconds, Stopping threads took: 0.0033690 seconds
307.326: Application time: 0.0808530 seconds
307.328: [GC [PSYoungGen: 90272K->6464K(97280K)] 111969K->28161K(319488K), 0.0019470 secs] [Times: user=0.01 sys=0.00, real=0.00 secs] 
307.330: Total time for which application threads were stopped: 0.0038020 seconds, Stopping threads took: 0.0017780 seconds
307.413: Application time: 0.0830620 seconds
307.415: [GC [PSYoungGen: 89919K->7008K(97280K)] 111617K->28713K(319488K), 0.0020790 secs] [Times: user=0.01 sys=0.00, real=0.01 secs] 
307.417: Total time for which application threads were stopped: 0.0037430 seconds, Stopping threads took: 0.0015830 seconds
307.497: Application time: 0.0800390 seconds
307.500: [GC [PSYoungGen: 90464K->7488K(97280K)] 112169K->29201K(319488K), 0.0022150 secs] [Times: user=0.01 sys=0.00, real=0.00 secs] 
307.502: Total time for which application threads were stopped: 0.0049150 seconds, Stopping threads took: 0.0026190 seconds
307.583: Application time: 0.0809530 seconds
307.585: [GC [PSYoungGen: 90944K->6976K(97280K)] 112657K->28689K(319488K), 0.0021510 secs] [Times: user=0.01 sys=0.01, real=0.01 secs] 
307.587: Total time for which application threads were stopped: 0.0043560 seconds, Stopping threads took: 0.0021200 seconds
307.673: Application time: 0.0858680 seconds
307.675: [GC [PSYoungGen: 90432K->7984K(97280K)] 112145K->29705K(319488K), 0.0023870 secs] [Times: user=0.02 sys=0.00, real=0.00 secs] 
307.678: Total time for which application threads were stopped: 0.0048310 seconds, Stopping threads took: 0.0023490 seconds
307.761: Application time: 0.0831850 seconds
307.762: [GC [PSYoungGen: 91440K->6912K(97280K)] 113161K->28641K(319488K), 0.0020540 secs] [Times: user=0.01 sys=0.00, real=0.00 secs] 
307.764: Total time for which application threads were stopped: 0.0030160 seconds, Stopping threads took: 0.0008780 seconds
307.846: Application time: 0.0816840 seconds
307.848: [GC [PSYoungGen: 90368K->6576K(97280K)] 112097K->28321K(319488K), 0.0022690 secs] [Times: user=0.01 sys=0.00, real=0.00 secs] 
307.851: Total time for which application threads were stopped: 0.0050080 seconds, Stopping threads took: 0.0026320 seconds
307.931: Application time: 0.0799390 seconds
307.933: [GC [PSYoungGen: 90032K->7232K(97280K)] 111777K->28985K(319488K), 0.0023110 secs] [Times: user=0.02 sys=0.00, real=0.01 secs] 
307.936: Total time for which application threads were stopped: 0.0049500 seconds, Stopping threads took: 0.0025370 seconds
308.016: Application time: 0.0805640 seconds
308.019: [GC [PSYoungGen: 90688K->6944K(97280K)] 112441K->28713K(319488K), 0.0020960 secs] [Times: user=0.01 sys=0.00, real=0.00 secs] 
308.021: Total time for which application threads were stopped: 0.0050300 seconds, Stopping threads took: 0.0028480 seconds
308.100: Application time: 0.0787250 seconds
308.103: [GC [PSYoungGen: 90400K->7168K(97280K)] 112169K->28937K(319488K), 0.0020890 secs] [Times: user=0.02 sys=0.00, real=0.00 secs] 
308.105: Total time for which application threads were stopped: 0.0055290 seconds, Stopping threads took: 0.0033360 seconds
308.185: Application time: 0.0792660 seconds
308.187: [GC [PSYoungGen: 90624K->7200K(97280K)] 112393K->28977K(319488K), 0.0021750 secs] [Times: user=0.01 sys=0.01, real=0.01 secs] 
308.189: Total time for which application threads were stopped: 0.0042910 seconds, Stopping threads took: 0.0020350 seconds
308.273: Application time: 0.0844530 seconds
308.275: [GC [PSYoungGen: 90656K->4992K(97280K)] 112433K->26785K(319488K), 0.0014720 secs] [Times: user=0.01 sys=0.00, real=0.00 secs] 
308.277: Total time for which application threads were stopped: 0.0035150 seconds, Stopping threads took: 0.0019710 seconds
308.356: Application time: 0.0789360 seconds
308.358: [GC [PSYoungGen: 88448K->6784K(97280K)] 110241K->28585K(319488K), 0.0022110 secs] [Times: user=0.02 sys=0.00, real=0.00 secs] 
308.361: Total time for which application threads were stopped: 0.0046610 seconds, Stopping threads took: 0.0023590 seconds
308.438: Application time: 0.0778160 seconds
308.442: [GC [PSYoungGen: 90240K->8208K(97280K)] 112041K->30017K(319488K), 0.0024700 secs] [Times: user=0.01 sys=0.00, real=0.00 secs] 
308.444: Total time for which application threads were stopped: 0.0056280 seconds, Stopping threads took: 0.0030790 seconds
308.521: Application time: 0.0772420 seconds
308.524: [GC [PSYoungGen: 91664K->6112K(97280K)] 113473K->27929K(319488K), 0.0018080 secs] [Times: user=0.01 sys=0.00, real=0.00 secs] 
308.526: Total time for which application threads were stopped: 0.0046510 seconds, Stopping threads took: 0.0027620 seconds
308.605: Application time: 0.0795120 seconds
308.608: [GC [PSYoungGen: 89568K->6304K(97280K)] 111385K->28121K(319488K), 0.0018860 secs] [Times: user=0.02 sys=0.00, real=0.00 secs] 
308.610: Total time for which application threads were stopped: 0.0041020 seconds, Stopping threads took: 0.0021380 seconds
308.692: Application time: 0.0824960 seconds
308.694: [GC [PSYoungGen: 89760K->6352K(97280K)] 111577K->28177K(319488K), 0.0018770 secs] [Times: user=0.01 sys=0.00, real=0.01 secs] 
308.696: Total time for which application threads were stopped: 0.0036080 seconds, Stopping threads took: 0.0016410 seconds
308.775: Application time: 0.0797160 seconds
308.779: [GC [PSYoungGen: 89808K->7632K(97280K)] 111633K->29465K(319488K), 0.0022160 secs] [Times: user=0.02 sys=0.00, real=0.00 secs] 
308.781: Total time for which application threads were stopped: 0.0054050 seconds, Stopping threads took: 0.0031010 seconds
308.862: Application time: 0.0816110 seconds
308.864: [GC [PSYoungGen: 91088K->7840K(97280K)] 112921K->29681K(319488K), 0.0022510 secs] [Times: user=0.01 sys=0.00, real=0.00 secs] 
308.866: Total time for which application threads were stopped: 0.0037550 seconds, Stopping threads took: 0.0014210 seconds
308.947: Application time: 0.0806830 seconds
308.948: [GC [PSYoungGen: 91296K->5408K(97280K)] 113137K->27257K(319488K), 0.0016690 secs] [Times: user=0.01 sys=0.00, real=0.00 secs] 
308.950: Total time for which application threads were stopped: 0.0029650 seconds, Stopping threads took: 0.0012180 seconds
309.030: Application time: 0.0802920 seconds
309.032: [GC [PSYoungGen: 88864K->6192K(97280K)] 110713K->28049K(319488K), 0.0018290 secs] [Times: user=0.02 sys=0.00, real=0.00 secs] 
309.034: Total time for which application threads were stopped: 0.0037730 seconds, Stopping threads took: 0.0018590 seconds
309.115: Application time: 0.0812430 seconds
309.118: [GC [PSYoungGen: 89648K->7664K(97280K)] 111505K->29521K(319488K), 0.0022320 secs] [Times: user=0.02 sys=0.00, real=0.00 secs] 
309.121: Total time for which application threads were stopped: 0.0055230 seconds, Stopping threads took: 0.0032110 seconds
309.198: Application time: 0.0773940 seconds
309.201: [GC [PSYoungGen: 91120K->8080K(97280K)] 112977K->29945K(319488K), 0.0023960 secs] [Times: user=0.02 sys=0.00, real=0.00 secs] 
309.203: Total time for which application threads were stopped: 0.0051270 seconds, Stopping threads took: 0.0026400 seconds
309.282: Application time: 0.0792260 seconds
309.286: [GC [PSYoungGen: 91536K->6448K(97280K)] 113401K->28313K(319488K), 0.0018460 secs] [Times: user=0.02 sys=0.00, real=0.01 secs] 
309.288: Total time for which application threads were stopped: 0.0053400 seconds, Stopping threads took: 0.0034120 seconds
309.365: Application time: 0.0776580 seconds
309.368: [GC [PSYoungGen: 89904K->6096K(97280K)] 111769K->27969K(319488K), 0.0018280 secs] [Times: user=0.01 sys=0.00, real=0.00 secs] 
309.370: Total time for which application threads were stopped: 0.0044210 seconds, Stopping threads took: 0.0025100 seconds
309.444: Application time: 0.0738840 seconds
309.447: [GC [PSYoungGen: 89552K->7104K(97280K)] 111425K->28977K(319488K), 0.0021290 secs] [Times: user=0.01 sys=0.00, real=0.00 secs] 
309.449: Total time for which application threads were stopped: 0.0053980 seconds, Stopping threads took: 0.0031830 seconds
309.521: Application time: 0.0722280 seconds
309.524: [GC [PSYoungGen: 90560K->7504K(97280K)] 112433K->29385K(319488K), 0.0021890 secs] [Times: user=0.01 sys=0.00, real=0.00 secs] 
309.526: Total time for which application threads were stopped: 0.0046380 seconds, Stopping threads took: 0.0023560 seconds
309.600: Application time: 0.0735980 seconds
309.601: [GC [PSYoungGen: 90960K->7232K(97280K)] 112841K->29113K(319488K), 0.0020420 secs] [Times: user=0.01 sys=0.00, real=0.00 secs] 
309.603: Total time for which application threads were stopped: 0.0038730 seconds, Stopping threads took: 0.0017530 seconds
309.679: Application time: 0.0752870 seconds
309.681: [GC [PSYoungGen: 90688K->6656K(97280K)] 112569K->28537K(319488K), 0.0020700 secs] [Times: user=0.00 sys=0.00, real=0.00 secs] 
309.683: Total time for which application threads were stopped: 0.0044240 seconds, Stopping threads took: 0.0022750 seconds
309.756: Application time: 0.0730160 seconds
309.758: [GC [PSYoungGen: 90112K->6656K(97280K)] 111993K->28545K(319488K), 0.0019330 secs] [Times: user=0.01 sys=0.00, real=0.00 secs] 
309.760: Total time for which application threads were stopped: 0.0040080 seconds, Stopping threads took: 0.0019820 seconds
309.837: Application time: 0.0765150 seconds
309.839: [GC [PSYoungGen: 90112K->6992K(97280K)] 112001K->28889K(319488K), 0.0020880 secs] [Times: user=0.01 sys=0.00, real=0.00 secs] 
309.841: Total time for which application threads were stopped: 0.0043860 seconds, Stopping threads took: 0.0022160 seconds
309.916: Application time: 0.0752210 seconds
309.918: [GC [PSYoungGen: 90448K->7584K(97280K)] 112345K->29481K(319488K), 0.0022710 secs] [Times: user=0.01 sys=0.00, real=0.00 secs] 
309.921: Total time for which application threads were stopped: 0.0043220 seconds, Stopping threads took: 0.0019690 seconds
309.995: Application time: 0.0743870 seconds
309.997: [GC [PSYoungGen: 91040K->5792K(97280K)] 112937K->27697K(319488K), 0.0017780 secs] [Times: user=0.02 sys=0.00, real=0.00 secs] 
309.999: Total time for which application threads were stopped: 0.0038620 seconds, Stopping threads took: 0.0020070 seconds
310.072: Application time: 0.0733990 seconds
310.075: [GC [PSYoungGen: 89248K->6800K(97280K)] 111153K->28713K(319488K), 0.0020080 secs] [Times: user=0.02 sys=0.00, real=0.00 secs] 
310.077: Total time for which application threads were stopped: 0.0048920 seconds, Stopping threads took: 0.0028050 seconds
310.152: Application time: 0.0744600 seconds
310.154: [GC [PSYoungGen: 90256K->5968K(97280K)] 112169K->27881K(319488K), 0.0017420 secs] [Times: user=0.01 sys=0.00, real=0.01 secs] 
310.155: Total time for which application threads were stopped: 0.0037550 seconds, Stopping threads took: 0.0019330 seconds
310.232: Application time: 0.0769300 seconds
310.235: [GC [PSYoungGen: 89424K->6224K(97280K)] 111337K->28145K(319488K), 0.0018210 secs] [Times: user=0.01 sys=0.00, real=0.01 secs] 
310.236: Total time for which application threads were stopped: 0.0040130 seconds, Stopping threads took: 0.0021120 seconds
310.311: Application time: 0.0747390 seconds
310.314: [GC [PSYoungGen: 89680K->6656K(97280K)] 111601K->28585K(319488K), 0.0019620 secs] [Times: user=0.01 sys=0.00, real=0.01 secs] 
310.316: Total time for which application threads were stopped: 0.0045220 seconds, Stopping threads took: 0.0024730 seconds
310.388: Application time: 0.0723590 seconds
310.389: [GC [PSYoungGen: 90112K->6432K(97280K)] 112041K->28361K(319488K), 0.0019190 secs] [Times: user=0.01 sys=0.00, real=0.00 secs] 
310.391: Total time for which application threads were stopped: 0.0033880 seconds, Stopping threads took: 0.0013900 seconds
310.468: Application time: 0.0767050 seconds
310.470: [GC [PSYoungGen: 89888K->7984K(97280K)] 111817K->29921K(319488K), 0.0022920 secs] [Times: user=0.02 sys=0.00, real=0.00 secs] 
310.472: Total time for which application threads were stopped: 0.0038860 seconds, Stopping threads took: 0.0015140 seconds
310.546: Application time: 0.0743240 seconds
310.549: [GC [PSYoungGen: 91440K->6432K(97280K)] 113377K->28377K(319488K), 0.0018270 secs] [Times: user=0.02 sys=0.00, real=0.00 secs] 
310.551: Total time for which application threads were stopped: 0.0047470 seconds, Stopping threads took: 0.0028380 seconds
310.627: Application time: 0.0760460 seconds
310.629: [GC [PSYoungGen: 89888K->6240K(97280K)] 111833K->28185K(319488K), 0.0017960 secs] [Times: user=0.02 sys=0.00, real=0.00 secs] 
310.631: Total time for which application threads were stopped: 0.0038050 seconds, Stopping threads took: 0.0019350 seconds
310.705: Application time: 0.0740570 seconds
310.707: [GC [PSYoungGen: 89696K->6224K(97280K)] 111641K->28177K(319488K), 0.0018210 secs] [Times: user=0.01 sys=0.00, real=0.01 secs] 
310.708: Total time for which application threads were stopped: 0.0033820 seconds, Stopping threads took: 0.0014840 seconds
310.783: Application time: 0.0750250 seconds
310.786: [GC [PSYoungGen: 89680K->7680K(97280K)] 111633K->29641K(319488K), 0.0022210 secs] [Times: user=0.01 sys=0.00, real=0.01 secs] 
310.788: Total time for which application threads were stopped: 0.0048200 seconds, Stopping threads took: 0.0025180 seconds
310.860: Application time: 0.0722540 seconds
310.862: [GC [PSYoungGen: 91136K->7248K(97280K)] 113097K->29217K(319488K), 0.0022070 secs] [Times: user=0.01 sys=0.00, real=0.00 secs] 
310.864: Total time for which application threads were stopped: 0.0037650 seconds, Stopping threads took: 0.0014690 seconds
310.936: Application time: 0.0722250 seconds
310.939: [GC [PSYoungGen: 90704K->7040K(97280K)] 112673K->29017K(319488K), 0.0022060 secs] [Times: user=0.01 sys=0.00, real=0.00 secs] 
310.941: Total time for which application threads were stopped: 0.0045250 seconds, Stopping threads took: 0.0022330 seconds
311.015: Application time: 0.0743490 seconds
311.018: [GC [PSYoungGen: 90496K->7632K(97280K)] 112473K->29617K(319488K), 0.0022610 secs] [Times: user=0.01 sys=0.00, real=0.00 secs] 
311.020: Total time for which application threads were stopped: 0.0044920 seconds, Stopping threads took: 0.0021510 seconds
311.096: Application time: 0.0761970 seconds
311.098: [GC [PSYoungGen: 91088K->8000K(97280K)] 113073K->29985K(319488K), 0.0022560 secs] [Times: user=0.02 sys=0.00, real=0.00 secs] 
311.100: Total time for which application threads were stopped: 0.0043000 seconds, Stopping threads took: 0.0019610 seconds
311.176: Application time: 0.0756850 seconds
311.177: [GC [PSYoungGen: 91456K->6128K(97280K)] 113441K->28129K(319488K), 0.0018590 secs] [Times: user=0.01 sys=0.00, real=0.00 secs] 
311.179: Total time for which application threads were stopped: 0.0032310 seconds, Stopping threads took: 0.0012900 seconds
311.251: Application time: 0.0720820 seconds
311.254: [GC [PSYoungGen: 89584K->6784K(97280K)] 111585K->28785K(319488K), 0.0020480 secs] [Times: user=0.01 sys=0.00, real=0.01 secs] 
311.256: Total time for which application threads were stopped: 0.0047540 seconds, Stopping threads took: 0.0026240 seconds
311.329: Application time: 0.0730280 seconds
311.331: [GC [PSYoungGen: 90240K->6464K(97280K)] 112241K->28473K(319488K), 0.0018340 secs] [Times: user=0.01 sys=0.00, real=0.00 secs] 
311.333: Total time for which application threads were stopped: 0.0041810 seconds, Stopping threads took: 0.0022710 seconds
311.406: Application time: 0.0725540 seconds
311.408: [GC [PSYoungGen: 89920K->7456K(97280K)] 111929K->29473K(319488K), 0.0022610 secs] [Times: user=0.01 sys=0.00, real=0.00 secs] 
311.410: Total time for which application threads were stopped: 0.0042310 seconds, Stopping threads took: 0.0018800 seconds
311.486: Application time: 0.0756100 seconds
311.487: [GC [PSYoungGen: 90912K->7840K(97280K)] 112929K->29865K(319488K), 0.0022830 secs] [Times: user=0.02 sys=0.00, real=0.00 secs] 
311.490: Total time for which application threads were stopped: 0.0038130 seconds, Stopping threads took: 0.0014500 seconds
311.564: Application time: 0.0740290 seconds
311.566: [GC [PSYoungGen: 91296K->7360K(97280K)] 113321K->29385K(319488K), 0.0021610 secs] [Times: user=0.02 sys=0.00, real=0.01 secs] 
311.568: Total time for which application threads were stopped: 0.0047910 seconds, Stopping threads took: 0.0025480 seconds
311.641: Application time: 0.0730570 seconds
311.644: [GC [PSYoungGen: 90816K->7776K(97280K)] 112841K->29809K(319488K), 0.0023820 secs] [Times: user=0.02 sys=0.00, real=0.00 secs] 
311.647: Total time for which application threads were stopped: 0.0052710 seconds, Stopping threads took: 0.0028070 seconds
311.721: Application time: 0.0746080 seconds
311.723: [GC [PSYoungGen: 91232K->6752K(97280K)] 113265K->28785K(319488K), 0.0019910 secs] [Times: user=0.02 sys=0.00, real=0.00 secs] 
311.725: Total time for which application threads were stopped: 0.0040530 seconds, Stopping threads took: 0.0019800 seconds
311.799: Application time: 0.0731820 seconds
311.801: [GC [PSYoungGen: 90208K->7120K(97280K)] 112241K->29161K(319488K), 0.0020710 secs] [Times: user=0.02 sys=0.00, real=0.00 secs] 
311.803: Total time for which application threads were stopped: 0.0049240 seconds, Stopping threads took: 0.0027750 seconds
311.879: Application time: 0.0753200 seconds
311.881: [GC [PSYoungGen: 90576K->7104K(97280K)] 112617K->29145K(319488K), 0.0020710 secs] [Times: user=0.02 sys=0.00, real=0.00 secs] 
311.883: Total time for which application threads were stopped: 0.0041710 seconds, Stopping threads took: 0.0020210 seconds
311.958: Application time: 0.0748680 seconds
311.960: [GC [PSYoungGen: 90560K->6672K(97280K)] 112601K->28721K(319488K), 0.0020440 secs] [Times: user=0.01 sys=0.00, real=0.00 secs] 
311.962: Total time for which application threads were stopped: 0.0044940 seconds, Stopping threads took: 0.0023570 seconds
312.037: Application time: 0.0745140 seconds
312.038: [GC [PSYoungGen: 90128K->6672K(97280K)] 112177K->28729K(319488K), 0.0020550 secs] [Times: user=0.01 sys=0.00, real=0.00 secs] 
312.040: Total time for which application threads were stopped: 0.0034060 seconds, Stopping threads took: 0.0012510 seconds
312.113: Application time: 0.0731860 seconds
312.115: [GC [PSYoungGen: 90128K->6784K(97280K)] 112185K->28841K(319488K), 0.0020160 secs] [Times: user=0.01 sys=0.00, real=0.00 secs] 
312.117: Total time for which application threads were stopped: 0.0038790 seconds, Stopping threads took: 0.0017900 seconds
312.193: Application time: 0.0754750 seconds
312.196: [GC [PSYoungGen: 90240K->7648K(97280K)] 112297K->29713K(319488K), 0.0022170 secs] [Times: user=0.02 sys=0.00, real=0.00 secs] 
312.198: Total time for which application threads were stopped: 0.0051440 seconds, Stopping threads took: 0.0028450 seconds
312.271: Application time: 0.0728590 seconds
312.273: [GC [PSYoungGen: 91104K->7616K(97280K)] 113169K->29689K(319488K), 0.0021880 secs] [Times: user=0.01 sys=0.00, real=0.01 secs] 
312.275: Total time for which application threads were stopped: 0.0041470 seconds, Stopping threads took: 0.0018750 seconds
312.351: Application time: 0.0760880 seconds
312.353: [GC [PSYoungGen: 91072K->7616K(97280K)] 113145K->29689K(319488K), 0.0023370 secs] [Times: user=0.02 sys=0.00, real=0.01 secs] 
312.356: Total time for which application threads were stopped: 0.0047040 seconds, Stopping threads took: 0.0022860 seconds
312.431: Application time: 0.0748920 seconds
312.433: [GC [PSYoungGen: 91072K->7040K(97280K)] 113145K->29121K(319488K), 0.0020180 secs] [Times: user=0.02 sys=0.00, real=0.00 secs] 
312.435: Total time for which application threads were stopped: 0.0041530 seconds, Stopping threads took: 0.0020500 seconds
312.510: Application time: 0.0750540 seconds
312.511: [GC [PSYoungGen: 90496K->6096K(97280K)] 112577K->28185K(319488K), 0.0017870 secs] [Times: user=0.01 sys=0.00, real=0.00 secs] 
312.513: Total time for which application threads were stopped: 0.0033410 seconds, Stopping threads took: 0.0014690 seconds
312.590: Application time: 0.0765500 seconds
312.592: [GC [PSYoungGen: 89552K->5584K(97280K)] 111641K->27673K(319488K), 0.0016910 secs] [Times: user=0.01 sys=0.00, real=0.00 secs] 
312.593: Total time for which application threads were stopped: 0.0035610 seconds, Stopping threads took: 0.0017940 seconds
312.668: Application time: 0.0745260 seconds
312.670: [GC [PSYoungGen: 89040K->7136K(97280K)] 111129K->29233K(319488K), 0.0021010 secs] [Times: user=0.01 sys=0.00, real=0.00 secs] 
312.673: Total time for which application threads were stopped: 0.0047320 seconds, Stopping threads took: 0.0025470 seconds
312.747: Application time: 0.0743430 seconds
312.750: [GC [PSYoungGen: 90592K->7552K(97280K)] 112689K->29657K(319488K), 0.0021860 secs] [Times: user=0.01 sys=0.00, real=0.00 secs] 
312.752: Total time for which application threads were stopped: 0.0048750 seconds, Stopping threads took: 0.0026110 seconds
312.826: Application time: 0.0745970 seconds
312.829: [GC [PSYoungGen: 91008K->6272K(97280K)] 113113K->28377K(319488K), 0.0018920 secs] [Times: user=0.01 sys=0.00, real=0.00 secs] 
312.831: Total time for which application threads were stopped: 0.0041940 seconds, Stopping threads took: 0.0022240 seconds
312.905: Application time: 0.0743770 seconds
312.907: [GC [PSYoungGen: 89728K->7040K(97280K)] 111833K->29153K(319488K), 0.0021070 secs] [Times: user=0.02 sys=0.00, real=0.00 secs] 
312.909: Total time for which application threads were stopped: 0.0043550 seconds, Stopping threads took: 0.0021670 seconds
312.985: Application time: 0.0759700 seconds
312.987: [GC [PSYoungGen: 90496K->5360K(97280K)] 112609K->27481K(319488K), 0.0016290 secs] [Times: user=0.01 sys=0.00, real=0.00 secs] 
312.989: Total time for which application threads were stopped: 0.0037790 seconds, Stopping threads took: 0.0020770 seconds
313.065: Application time: 0.0755410 seconds
313.067: [GC [PSYoungGen: 88816K->6144K(97280K)] 110937K->28265K(319488K), 0.0018080 secs] [Times: user=0.01 sys=0.00, real=0.00 secs] 
313.069: Total time for which application threads were stopped: 0.0046970 seconds, Stopping threads took: 0.0028040 seconds
313.145: Application time: 0.0761780 seconds
313.147: [GC [PSYoungGen: 89600K->6480K(97280K)] 111721K->28609K(319488K), 0.0018840 secs] [Times: user=0.02 sys=0.00, real=0.00 secs] 
313.149: Total time for which application threads were stopped: 0.0039140 seconds, Stopping threads took: 0.0019540 seconds
313.223: Application time: 0.0736010 seconds
313.225: [GC [PSYoungGen: 89936K->7696K(97280K)] 112065K->29825K(319488K), 0.0022700 secs] [Times: user=0.02 sys=0.00, real=0.01 secs] 
313.227: Total time for which application threads were stopped: 0.0043370 seconds, Stopping threads took: 0.0019820 seconds
313.301: Application time: 0.0741330 seconds
313.303: [GC [PSYoungGen: 91152K->6032K(97280K)] 113281K->28169K(319488K), 0.0017720 secs] [Times: user=0.01 sys=0.00, real=0.00 secs] 
313.305: Total time for which application threads were stopped: 0.0036830 seconds, Stopping threads took: 0.0018340 seconds
313.380: Application time: 0.0752070 seconds
313.383: [GC [PSYoungGen: 89488K->6464K(97280K)] 111625K->28617K(319488K), 0.0019720 secs] [Times: user=0.01 sys=0.00, real=0.00 secs] 
313.385: Total time for which application threads were stopped: 0.0045740 seconds, Stopping threads took: 0.0025220 seconds
313.464: Application time: 0.0791830 seconds
313.466: [GC [PSYoungGen: 89920K->7104K(97280K)] 112073K->29265K(319488K), 0.0021420 secs] [Times: user=0.02 sys=0.00, real=0.01 secs] 
313.469: Total time for which application threads were stopped: 0.0045170 seconds, Stopping threads took: 0.0022930 seconds
313.546: Application time: 0.0771080 seconds
313.548: [GC [PSYoungGen: 90560K->7072K(97280K)] 112721K->29233K(319488K), 0.0020990 secs] [Times: user=0.01 sys=0.00, real=0.00 secs] 
313.550: Total time for which application threads were stopped: 0.0039260 seconds, Stopping threads took: 0.0017440 seconds
313.631: Application time: 0.0809090 seconds
313.633: [GC [PSYoungGen: 90527K->7200K(97280K)] 112689K->29369K(319488K), 0.0021500 secs] [Times: user=0.01 sys=0.00, real=0.01 secs] 
313.636: Total time for which application threads were stopped: 0.0050740 seconds, Stopping threads took: 0.0028340 seconds
313.713: Application time: 0.0770750 seconds
313.716: [GC [PSYoungGen: 90656K->6944K(97280K)] 112825K->29113K(319488K), 0.0020140 secs] [Times: user=0.01 sys=0.00, real=0.00 secs] 
313.718: Total time for which application threads were stopped: 0.0051100 seconds, Stopping threads took: 0.0030020 seconds
313.796: Application time: 0.0780660 seconds
313.799: [GC [PSYoungGen: 90400K->7072K(97280K)] 112569K->29249K(319488K), 0.0020660 secs] [Times: user=0.02 sys=0.00, real=0.00 secs] 
313.801: Total time for which application threads were stopped: 0.0053590 seconds, Stopping threads took: 0.0032090 seconds
313.878: Application time: 0.0770510 seconds
313.881: [GC [PSYoungGen: 90528K->7632K(97280K)] 112705K->29817K(319488K), 0.0024370 secs] [Times: user=0.02 sys=0.00, real=0.00 secs] 
313.883: Total time for which application threads were stopped: 0.0047930 seconds, Stopping threads took: 0.0022740 seconds
313.964: Application time: 0.0812080 seconds
313.967: [GC [PSYoungGen: 91088K->7968K(97280K)] 113273K->30161K(319488K), 0.0024650 secs] [Times: user=0.02 sys=0.00, real=0.01 secs] 
313.969: Total time for which application threads were stopped: 0.0049970 seconds, Stopping threads took: 0.0024460 seconds
314.051: Application time: 0.0814810 seconds
314.052: [GC [PSYoungGen: 91424K->7408K(97280K)] 113617K->29601K(319488K), 0.0023690 secs] [Times: user=0.02 sys=0.00, real=0.00 secs] 
314.055: Total time for which application threads were stopped: 0.0039740 seconds, Stopping threads took: 0.0015180 seconds
314.134: Application time: 0.0787610 seconds
314.135: [GC [PSYoungGen: 90864K->5984K(97280K)] 113057K->28185K(319488K), 0.0017690 secs] [Times: user=0.01 sys=0.00, real=0.00 secs] 
314.137: Total time for which application threads were stopped: 0.0036270 seconds, Stopping threads took: 0.0017660 seconds
314.218: Application time: 0.0810370 seconds
314.220: [GC [PSYoungGen: 89440K->6560K(97280K)] 111641K->28761K(319488K), 0.0019120 secs] [Times: user=0.01 sys=0.00, real=0.00 secs] 
314.222: Total time for which application threads were stopped: 0.0037440 seconds, Stopping threads took: 0.0017510 seconds
314.300: Application time: 0.0782470 seconds
314.303: [GC [PSYoungGen: 90016K->7136K(97280K)] 112217K->29345K(319488K), 0.0022370 secs] [Times: user=0.01 sys=0.00, real=0.00 secs] 
314.306: Total time for which application threads were stopped: 0.0054360 seconds, Stopping threads took: 0.0031150 seconds
314.384: Application time: 0.0783930 seconds
314.386: [GC [PSYoungGen: 90592K->6784K(97280K)] 112801K->28993K(319488K), 0.0020320 secs] [Times: user=0.01 sys=0.00, real=0.01 secs] 
314.388: Total time for which application threads were stopped: 0.0039680 seconds, Stopping threads took: 0.0018470 seconds
314.465: Application time: 0.0770150 seconds
314.468: [GC [PSYoungGen: 90240K->6832K(97280K)] 112449K->29049K(319488K), 0.0020580 secs] [Times: user=0.02 sys=0.00, real=0.00 secs] 
314.470: Total time for which application threads were stopped: 0.0046360 seconds, Stopping threads took: 0.0024850 seconds
314.549: Application time: 0.0790430 seconds
314.552: [GC [PSYoungGen: 90288K->6880K(97280K)] 112505K->29113K(319488K), 0.0019710 secs] [Times: user=0.02 sys=0.00, real=0.00 secs] 
314.554: Total time for which application threads were stopped: 0.0051490 seconds, Stopping threads took: 0.0030990 seconds
314.631: Application time: 0.0775650 seconds
314.635: [GC [PSYoungGen: 90336K->7600K(97280K)] 112569K->29833K(319488K), 0.0023210 secs] [Times: user=0.02 sys=0.00, real=0.01 secs] 
314.637: Total time for which application threads were stopped: 0.0055980 seconds, Stopping threads took: 0.0031950 seconds
314.717: Application time: 0.0795180 seconds
314.719: [GC [PSYoungGen: 91056K->6048K(97280K)] 113289K->28289K(319488K), 0.0018190 secs] [Times: user=0.01 sys=0.00, real=0.00 secs] 
314.721: Total time for which application threads were stopped: 0.0040610 seconds, Stopping threads took: 0.0021550 seconds
314.801: Application time: 0.0808470 seconds
314.804: [GC [PSYoungGen: 89504K->5840K(97280K)] 111745K->28089K(319488K), 0.0016480 secs] [Times: user=0.01 sys=0.00, real=0.00 secs] 
314.806: Total time for which application threads were stopped: 0.0044210 seconds, Stopping threads took: 0.0026960 seconds
314.885: Application time: 0.0786630 seconds
314.888: [GC [PSYoungGen: 89296K->7584K(97280K)] 111545K->29841K(319488K), 0.0023440 secs] [Times: user=0.02 sys=0.00, real=0.00 secs] 
314.890: Total time for which application threads were stopped: 0.0055420 seconds, Stopping threads took: 0.0030920 seconds
314.968: Application time: 0.0779210 seconds
314.970: [GC [PSYoungGen: 91040K->6752K(97280K)] 113297K->29017K(319488K), 0.0020640 secs] [Times: user=0.01 sys=0.00, real=0.00 secs] 
314.972: Total time for which application threads were stopped: 0.0042990 seconds, Stopping threads took: 0.0021500 seconds
315.053: Application time: 0.0802380 seconds
315.056: [GC [PSYoungGen: 90208K->7232K(97280K)] 112473K->29505K(319488K), 0.0021330 secs] [Times: user=0.01 sys=0.00, real=0.00 secs] 
315.058: Total time for which application threads were stopped: 0.0051760 seconds, Stopping threads took: 0.0029580 seconds
315.135: Application time: 0.0770310 seconds
315.137: [GC [PSYoungGen: 90688K->7184K(97280K)] 112961K->29457K(319488K), 0.0021300 secs] [Times: user=0.01 sys=0.00, real=0.00 secs] 
315.139: Total time for which application threads were stopped: 0.0043810 seconds, Stopping threads took: 0.0021700 seconds
315.218: Application time: 0.0791860 seconds
315.221: [GC [PSYoungGen: 90640K->6816K(97280K)] 112913K->29097K(319488K), 0.0021310 secs] [Times: user=0.01 sys=0.00, real=0.00 secs] 
315.223: Total time for which application threads were stopped: 0.0049810 seconds, Stopping threads took: 0.0027510 seconds
315.306: Application time: 0.0824750 seconds
315.308: [GC [PSYoungGen: 90272K->7152K(97280K)] 112553K->29441K(319488K), 0.0020570 secs] [Times: user=0.01 sys=0.00, real=0.00 secs] 
315.310: Total time for which application threads were stopped: 0.0044070 seconds, Stopping threads took: 0.0022680 seconds
315.389: Application time: 0.0785170 seconds
315.392: [GC [PSYoungGen: 90608K->7920K(97280K)] 112897K->30217K(319488K), 0.0023220 secs] [Times: user=0.01 sys=0.00, real=0.00 secs] 
315.394: Total time for which application threads were stopped: 0.0051840 seconds, Stopping threads took: 0.0027820 seconds
315.474: Application time: 0.0804430 seconds
315.477: [GC [PSYoungGen: 91376K->7696K(97280K)] 113673K->30009K(319488K), 0.0022450 secs] [Times: user=0.02 sys=0.00, real=0.00 secs] 
315.479: Total time for which application threads were stopped: 0.0045520 seconds, Stopping threads took: 0.0022200 seconds
315.558: Application time: 0.0786000 seconds
315.560: [GC [PSYoungGen: 91152K->7776K(97280K)] 113465K->30097K(319488K), 0.0023010 secs] [Times: user=0.02 sys=0.00, real=0.00 secs] 
315.562: Total time for which application threads were stopped: 0.0045890 seconds, Stopping threads took: 0.0022070 seconds
315.640: Application time: 0.0780350 seconds
315.642: [GC [PSYoungGen: 91232K->6128K(97280K)] 113553K->28449K(319488K), 0.0018490 secs] [Times: user=0.01 sys=0.00, real=0.00 secs] 
315.644: Total time for which application threads were stopped: 0.0040090 seconds, Stopping threads took: 0.0020780 seconds
315.724: Application time: 0.0800600 seconds
315.727: [GC [PSYoungGen: 89584K->7680K(97280K)] 111905K->30017K(319488K), 0.0022470 secs] [Times: user=0.02 sys=0.00, real=0.01 secs] 
315.729: Total time for which application threads were stopped: 0.0048080 seconds, Stopping threads took: 0.0024750 seconds
315.808: Application time: 0.0793910 seconds
315.810: [GC [PSYoungGen: 91136K->7488K(97280K)] 113473K->29825K(319488K), 0.0022730 secs] [Times: user=0.02 sys=0.00, real=0.00 secs] 
315.813: Total time for which application threads were stopped: 0.0043540 seconds, Stopping threads took: 0.0019930 seconds
315.891: Application time: 0.0784370 seconds
315.893: [GC [PSYoungGen: 90944K->8112K(97280K)] 113281K->30457K(319488K), 0.0024700 secs] [Times: user=0.01 sys=0.00, real=0.01 secs] 
315.896: Total time for which application threads were stopped: 0.0045700 seconds, Stopping threads took: 0.0020150 seconds
315.976: Application time: 0.0800030 seconds
315.978: [GC [PSYoungGen: 91568K->7280K(97280K)] 113913K->29641K(319488K), 0.0021570 secs] [Times: user=0.02 sys=0.00, real=0.00 secs] 
315.980: Total time for which application threads were stopped: 0.0042050 seconds, Stopping threads took: 0.0019530 seconds
316.059: Application time: 0.0792530 seconds
316.062: [GC [PSYoungGen: 90736K->8288K(97280K)] 113097K->30657K(319488K), 0.0025870 secs] [Times: user=0.02 sys=0.00, real=0.00 secs] 
316.065: Total time for which application threads were stopped: 0.0055040 seconds, Stopping threads took: 0.0028320 seconds
316.145: Application time: 0.0799270 seconds
316.148: [GC [PSYoungGen: 91744K->7840K(97280K)] 114113K->30209K(319488K), 0.0023560 secs] [Times: user=0.01 sys=0.00, real=0.00 secs] 
316.150: Total time for which application threads were stopped: 0.0053210 seconds, Stopping threads took: 0.0028800 seconds
316.231: Application time: 0.0808970 seconds
316.233: [GC [PSYoungGen: 91296K->6592K(97280K)] 113665K->28969K(319488K), 0.0020040 secs] [Times: user=0.01 sys=0.00, real=0.00 secs] 
316.235: Total time for which application threads were stopped: 0.0039310 seconds, Stopping threads took: 0.0018320 seconds
316.314: Application time: 0.0792940 seconds
316.317: [GC [PSYoungGen: 90048K->7168K(97280K)] 112425K->29545K(319488K), 0.0020890 secs] [Times: user=0.01 sys=0.00, real=0.00 secs] 
316.319: Total time for which application threads were stopped: 0.0045910 seconds, Stopping threads took: 0.0024250 seconds
316.398: Application time: 0.0791530 seconds
316.400: [GC [PSYoungGen: 90624K->7728K(97280K)] 113001K->30113K(319488K), 0.0022390 secs] [Times: user=0.02 sys=0.00, real=0.00 secs] 
316.402: Total time for which application threads were stopped: 0.0044590 seconds, Stopping threads took: 0.0021410 seconds
316.480: Application time: 0.0774150 seconds
316.482: [GC [PSYoungGen: 91184K->7984K(97280K)] 113569K->30385K(319488K), 0.0024060 secs] [Times: user=0.01 sys=0.00, real=0.00 secs] 
316.484: Total time for which application threads were stopped: 0.0046870 seconds, Stopping threads took: 0.0021950 seconds
316.563: Application time: 0.0784420 seconds
316.566: [GC [PSYoungGen: 91440K->7456K(97280K)] 113841K->29865K(319488K), 0.0022610 secs] [Times: user=0.01 sys=0.00, real=0.01 secs] 
316.568: Total time for which application threads were stopped: 0.0050760 seconds, Stopping threads took: 0.0027320 seconds
316.647: Application time: 0.0785140 seconds
316.649: [GC [PSYoungGen: 90912K->6496K(97280K)] 113321K->28905K(319488K), 0.0019140 secs] [Times: user=0.02 sys=0.00, real=0.00 secs] 
316.651: Total time for which application threads were stopped: 0.0043650 seconds, Stopping threads took: 0.0023630 seconds
316.731: Application time: 0.0799760 seconds
316.734: [GC [PSYoungGen: 89952K->7472K(97280K)] 112361K->29889K(319488K), 0.0022260 secs] [Times: user=0.02 sys=0.00, real=0.01 secs] 
316.736: Total time for which application threads were stopped: 0.0049280 seconds, Stopping threads took: 0.0026140 seconds
316.816: Application time: 0.0798380 seconds
316.819: [GC [PSYoungGen: 90928K->7232K(97280K)] 113345K->29649K(319488K), 0.0021500 secs] [Times: user=0.02 sys=0.00, real=0.00 secs] 
316.821: Total time for which application threads were stopped: 0.0052330 seconds, Stopping threads took: 0.0030030 seconds
316.900: Application time: 0.0796240 seconds
316.903: [GC [PSYoungGen: 90688K->6944K(97280K)] 113105K->29369K(319488K), 0.0022690 secs] [Times: user=0.01 sys=0.00, real=0.00 secs] 
316.905: Total time for which application threads were stopped: 0.0047620 seconds, Stopping threads took: 0.0024080 seconds
316.984: Application time: 0.0791410 seconds
316.987: [GC [PSYoungGen: 90400K->7088K(97280K)] 112825K->29521K(319488K), 0.0021530 secs] [Times: user=0.01 sys=0.00, real=0.00 secs] 
316.989: Total time for which application threads were stopped: 0.0049950 seconds, Stopping threads took: 0.0027590 seconds
317.067: Application time: 0.0777000 seconds
317.070: [GC [PSYoungGen: 90544K->6976K(97280K)] 112977K->29417K(319488K), 0.0020880 secs] [Times: user=0.02 sys=0.00, real=0.00 secs] 
317.072: Total time for which application threads were stopped: 0.0053280 seconds, Stopping threads took: 0.0031570 seconds
317.154: Application time: 0.0812540 seconds
317.156: [GC [PSYoungGen: 90432K->5872K(97280K)] 112873K->28329K(319488K), 0.0017230 secs] [Times: user=0.01 sys=0.00, real=0.00 secs] 
317.158: Total time for which application threads were stopped: 0.0040760 seconds, Stopping threads took: 0.0022730 seconds
317.241: Application time: 0.0829350 seconds
317.243: [GC [PSYoungGen: 89328K->6240K(97280K)] 111785K->28697K(319488K), 0.0017540 secs] [Times: user=0.01 sys=0.00, real=0.00 secs] 
317.245: Total time for which application threads were stopped: 0.0045330 seconds, Stopping threads took: 0.0026900 seconds
317.325: Application time: 0.0800230 seconds
317.328: [GC [PSYoungGen: 89696K->7776K(97280K)] 112153K->30241K(319488K), 0.0023170 secs] [Times: user=0.02 sys=0.00, real=0.00 secs] 
317.331: Total time for which application threads were stopped: 0.0053850 seconds, Stopping threads took: 0.0029870 seconds
317.408: Application time: 0.0773950 seconds
317.410: [GC [PSYoungGen: 91232K->7040K(97280K)] 113697K->29513K(319488K), 0.0021200 secs] [Times: user=0.01 sys=0.00, real=0.00 secs] 
317.413: Total time for which application threads were stopped: 0.0045620 seconds, Stopping threads took: 0.0023570 seconds
317.486: Application time: 0.0734310 seconds
317.488: [GC [PSYoungGen: 90496K->5872K(97280K)] 112969K->28345K(319488K), 0.0017840 secs] [Times: user=0.01 sys=0.00, real=0.00 secs] 
317.490: Total time for which application threads were stopped: 0.0035880 seconds, Stopping threads took: 0.0017260 seconds
317.563: Application time: 0.0730710 seconds
317.566: [GC [PSYoungGen: 89328K->8144K(97280K)] 111801K->30625K(319488K), 0.0022620 secs] [Times: user=0.02 sys=0.00, real=0.01 secs] 
317.568: Total time for which application threads were stopped: 0.0054100 seconds, Stopping threads took: 0.0030680 seconds
317.644: Application time: 0.0762740 seconds
317.646: [GC [PSYoungGen: 91600K->6112K(97280K)] 114081K->28601K(319488K), 0.0017770 secs] [Times: user=0.01 sys=0.00, real=0.01 secs] 
317.648: Total time for which application threads were stopped: 0.0033610 seconds, Stopping threads took: 0.0015130 seconds
317.721: Application time: 0.0730940 seconds
317.724: [GC [PSYoungGen: 89568K->8112K(97280K)] 112057K->30601K(319488K), 0.0023680 secs] [Times: user=0.02 sys=0.00, real=0.00 secs] 
317.726: Total time for which application threads were stopped: 0.0053650 seconds, Stopping threads took: 0.0029140 seconds
317.803: Application time: 0.0763230 seconds
317.805: [GC [PSYoungGen: 91568K->5568K(97280K)] 114057K->28065K(319488K), 0.0016110 secs] [Times: user=0.01 sys=0.00, real=0.00 secs] 
317.806: Total time for which application threads were stopped: 0.0038560 seconds, Stopping threads took: 0.0021570 seconds
317.882: Application time: 0.0757750 seconds
317.883: [GC [PSYoungGen: 89024K->5808K(97280K)] 111521K->28313K(319488K), 0.0018270 secs] [Times: user=0.01 sys=0.00, real=0.00 secs] 
317.885: Total time for which application threads were stopped: 0.0029420 seconds, Stopping threads took: 0.0010180 seconds
317.958: Application time: 0.0724220 seconds
317.960: [GC [PSYoungGen: 89264K->5760K(97280K)] 111769K->28273K(319488K), 0.0018960 secs] [Times: user=0.01 sys=0.00, real=0.00 secs] 
317.961: Total time for which application threads were stopped: 0.0038910 seconds, Stopping threads took: 0.0019200 seconds
318.035: Application time: 0.0734880 seconds
318.038: [GC [PSYoungGen: 89216K->7776K(97280K)] 111729K->30297K(319488K), 0.0024250 secs] [Times: user=0.02 sys=0.00, real=0.00 secs] 
318.040: Total time for which application threads were stopped: 0.0052280 seconds, Stopping threads took: 0.0027180 seconds
318.118: Application time: 0.0780550 seconds
318.120: [GC [PSYoungGen: 91232K->6160K(97280K)] 113753K->28689K(319488K), 0.0018380 secs] [Times: user=0.01 sys=0.00, real=0.00 secs] 
318.122: Total time for which application threads were stopped: 0.0041150 seconds, Stopping threads took: 0.0021960 seconds
318.196: Application time: 0.0740540 seconds
318.199: [GC [PSYoungGen: 89616K->7536K(97280K)] 112145K->30065K(319488K), 0.0022560 secs] [Times: user=0.01 sys=0.00, real=0.00 secs] 
318.201: Total time for which application threads were stopped: 0.0045560 seconds, Stopping threads took: 0.0022060 seconds
318.276: Application time: 0.0752040 seconds
318.279: [GC [PSYoungGen: 90992K->6944K(97280K)] 113521K->29489K(319488K), 0.0022050 secs] [Times: user=0.01 sys=0.00, real=0.00 secs] 
318.281: Total time for which application threads were stopped: 0.0047590 seconds, Stopping threads took: 0.0024670 seconds
318.354: Application time: 0.0735570 seconds
318.357: [GC [PSYoungGen: 90400K->8352K(97280K)] 112945K->30897K(319488K), 0.0024170 secs] [Times: user=0.02 sys=0.00, real=0.00 secs] 
318.360: Total time for which application threads were stopped: 0.0051770 seconds, Stopping threads took: 0.0026640 seconds
318.438: Application time: 0.0784270 seconds
318.439: [GC [PSYoungGen: 91808K->5104K(97280K)] 114353K->27657K(319488K), 0.0016290 secs] [Times: user=0.01 sys=0.00, real=0.00 secs] 
318.441: Total time for which application threads were stopped: 0.0030420 seconds, Stopping threads took: 0.0013380 seconds
318.514: Application time: 0.0732650 seconds
318.516: [GC [PSYoungGen: 88560K->5824K(97280K)] 111113K->28385K(319488K), 0.0018090 secs] [Times: user=0.01 sys=0.00, real=0.00 secs] 
318.518: Total time for which application threads were stopped: 0.0037270 seconds, Stopping threads took: 0.0018390 seconds
318.595: Application time: 0.0763760 seconds
318.596: [GC [PSYoungGen: 89280K->7760K(97280K)] 111841K->30329K(319488K), 0.0023590 secs] [Times: user=0.02 sys=0.00, real=0.00 secs] 
318.599: Total time for which application threads were stopped: 0.0040350 seconds, Stopping threads took: 0.0015950 seconds
318.672: Application time: 0.0739130 seconds
318.675: [GC [PSYoungGen: 91216K->7120K(97280K)] 113785K->29689K(319488K), 0.0020710 secs] [Times: user=0.02 sys=0.00, real=0.00 secs] 
318.677: Total time for which application threads were stopped: 0.0046720 seconds, Stopping threads took: 0.0025110 seconds
318.754: Application time: 0.0769770 seconds
318.757: [GC [PSYoungGen: 90576K->7728K(97280K)] 113145K->30305K(319488K), 0.0022910 secs] [Times: user=0.01 sys=0.00, real=0.00 secs] 
318.759: Total time for which application threads were stopped: 0.0048300 seconds, Stopping threads took: 0.0024570 seconds
318.835: Application time: 0.0761390 seconds
318.838: [GC [PSYoungGen: 91184K->6112K(97280K)] 113761K->28689K(319488K), 0.0019130 secs] [Times: user=0.01 sys=0.00, real=0.00 secs] 
318.839: Total time for which application threads were stopped: 0.0044020 seconds, Stopping threads took: 0.0024070 seconds
318.915: Application time: 0.0752900 seconds
318.917: [GC [PSYoungGen: 89568K->6480K(97280K)] 112145K->29065K(319488K), 0.0019540 secs] [Times: user=0.01 sys=0.00, real=0.00 secs] 
318.919: Total time for which application threads were stopped: 0.0045310 seconds, Stopping threads took: 0.0024860 seconds
318.995: Application time: 0.0759200 seconds
318.997: [GC [PSYoungGen: 89936K->6928K(97280K)] 112521K->29521K(319488K), 0.0020100 secs] [Times: user=0.01 sys=0.00, real=0.00 secs] 
318.999: Total time for which application threads were stopped: 0.0040000 seconds, Stopping threads took: 0.0019140 seconds
319.074: Application time: 0.0742820 seconds
319.076: [GC [PSYoungGen: 90384K->6384K(97280K)] 112977K->28985K(319488K), 0.0019900 secs] [Times: user=0.01 sys=0.00, real=0.00 secs] 
319.078: Total time for which application threads were stopped: 0.0043200 seconds, Stopping threads took: 0.0022500 seconds
319.153: Application time: 0.0751840 seconds
319.155: [GC [PSYoungGen: 89840K->6384K(97280K)] 112441K->28993K(319488K), 0.0018230 secs] [Times: user=0.02 sys=0.00, real=0.00 secs] 
319.157: Total time for which application threads were stopped: 0.0039990 seconds, Stopping threads took: 0.0020990 seconds
319.229: Application time: 0.0719430 seconds
319.232: [GC [PSYoungGen: 89840K->6000K(97280K)] 112449K->28617K(319488K), 0.0017830 secs] [Times: user=0.01 sys=0.00, real=0.00 secs] 
319.233: Total time for which application threads were stopped: 0.0044530 seconds, Stopping threads took: 0.0025890 seconds
319.306: Application time: 0.0721360 seconds
319.308: [GC [PSYoungGen: 89456K->7296K(97280K)] 112073K->29913K(319488K), 0.0020940 secs] [Times: user=0.01 sys=0.00, real=0.00 secs] 
319.310: Total time for which application threads were stopped: 0.0041480 seconds, Stopping threads took: 0.0019760 seconds
319.382: Application time: 0.0718250 seconds
319.383: [GC [PSYoungGen: 90752K->7312K(97280K)] 113369K->29937K(319488K), 0.0021810 secs] [Times: user=0.01 sys=0.00, real=0.00 secs] 
319.386: Total time for which application threads were stopped: 0.0040960 seconds, Stopping threads took: 0.0018300 seconds
319.456: Application time: 0.0704580 seconds
319.459: [GC [PSYoungGen: 90768K->8224K(97280K)] 113393K->30849K(319488K), 0.0024570 secs] [Times: user=0.02 sys=0.00, real=0.00 secs] 
319.462: Total time for which application threads were stopped: 0.0054890 seconds, Stopping threads took: 0.0029460 seconds
319.538: Application time: 0.0760380 seconds
319.540: [GC [PSYoungGen: 91680K->7744K(97280K)] 114305K->30377K(319488K), 0.0023360 secs] [Times: user=0.01 sys=0.00, real=0.00 secs] 
319.543: Total time for which application threads were stopped: 0.0051750 seconds, Stopping threads took: 0.0027550 seconds
319.617: Application time: 0.0744310 seconds
319.619: [GC [PSYoungGen: 91200K->7360K(97280K)] 113833K->30001K(319488K), 0.0021850 secs] [Times: user=0.01 sys=0.00, real=0.00 secs] 
319.621: Total time for which application threads were stopped: 0.0036770 seconds, Stopping threads took: 0.0014090 seconds
319.696: Application time: 0.0752970 seconds
319.698: [GC [PSYoungGen: 90816K->5008K(97280K)] 113457K->27649K(319488K), 0.0014680 secs] [Times: user=0.01 sys=0.00, real=0.00 secs] 
319.699: Total time for which application threads were stopped: 0.0030320 seconds, Stopping threads took: 0.0014870 seconds
319.775: Application time: 0.0762280 seconds
319.778: [GC [PSYoungGen: 88464K->6944K(97280K)] 111105K->29593K(319488K), 0.0020690 secs] [Times: user=0.01 sys=0.00, real=0.00 secs] 
319.780: Total time for which application threads were stopped: 0.0045870 seconds, Stopping threads took: 0.0024380 seconds
319.854: Application time: 0.0740580 seconds
319.857: [GC [PSYoungGen: 90400K->7184K(97280K)] 113049K->29841K(319488K), 0.0021470 secs] [Times: user=0.02 sys=0.00, real=0.00 secs] 
319.859: Total time for which application threads were stopped: 0.0049720 seconds, Stopping threads took: 0.0027450 seconds
319.934: Application time: 0.0745640 seconds
319.936: [GC [PSYoungGen: 90640K->7504K(97280K)] 113297K->30177K(319488K), 0.0023220 secs] [Times: user=0.01 sys=0.00, real=0.00 secs] 
319.939: Total time for which application threads were stopped: 0.0050000 seconds, Stopping threads took: 0.0025730 seconds
320.013: Application time: 0.0747070 seconds
320.016: [GC [PSYoungGen: 90960K->8096K(97280K)] 113633K->30777K(319488K), 0.0023550 secs] [Times: user=0.02 sys=0.00, real=0.00 secs] 
320.018: Total time for which application threads were stopped: 0.0046300 seconds, Stopping threads took: 0.0021840 seconds
320.093: Application time: 0.0749590 seconds
320.096: [GC [PSYoungGen: 91552K->7696K(97280K)] 114233K->30385K(319488K), 0.0021510 secs] [Times: user=0.02 sys=0.00, real=0.00 secs] 
320.098: Total time for which application threads were stopped: 0.0051750 seconds, Stopping threads took: 0.0029430 seconds
320.171: Application time: 0.0724330 seconds
320.173: [GC [PSYoungGen: 91152K->7760K(97280K)] 113841K->30449K(319488K), 0.0022680 secs] [Times: user=0.02 sys=0.00, real=0.01 secs] 
320.176: Total time for which application threads were stopped: 0.0051240 seconds, Stopping threads took: 0.0027720 seconds
320.249: Application time: 0.0737440 seconds
320.251: [GC [PSYoungGen: 91216K->7200K(97280K)] 113905K->29897K(319488K), 0.0021990 secs] [Times: user=0.02 sys=0.00, real=0.00 secs] 
320.254: Total time for which application threads were stopped: 0.0042650 seconds, Stopping threads took: 0.0019830 seconds
320.327: Application time: 0.0731650 seconds
320.329: [GC [PSYoungGen: 90656K->5664K(97280K)] 113353K->28369K(319488K), 0.0017370 secs] [Times: user=0.01 sys=0.00, real=0.00 secs] 
320.331: Total time for which application threads were stopped: 0.0037900 seconds, Stopping threads took: 0.0019750 seconds
320.407: Application time: 0.0765180 seconds
320.409: [GC [PSYoungGen: 89120K->6272K(97280K)] 111825K->28985K(319488K), 0.0019080 secs] [Times: user=0.02 sys=0.00, real=0.00 secs] 
320.411: Total time for which application threads were stopped: 0.0038460 seconds, Stopping threads took: 0.0018520 seconds
320.484: Application time: 0.0732410 seconds
320.487: [GC [PSYoungGen: 89728K->8192K(97280K)] 112441K->30913K(319488K), 0.0023530 secs] [Times: user=0.01 sys=0.00, real=0.00 secs] 
320.490: Total time for which application threads were stopped: 0.0055090 seconds, Stopping threads took: 0.0030770 seconds
320.564: Application time: 0.0737680 seconds
320.566: [GC [PSYoungGen: 91648K->7072K(97280K)] 114369K->29801K(319488K), 0.0020850 secs] [Times: user=0.02 sys=0.00, real=0.01 secs] 
320.568: Total time for which application threads were stopped: 0.0040660 seconds, Stopping threads took: 0.0018970 seconds
320.641: Application time: 0.0732340 seconds
320.643: [GC [PSYoungGen: 90528K->6048K(97280K)] 113257K->28777K(319488K), 0.0018720 secs] [Times: user=0.01 sys=0.00, real=0.00 secs] 
320.645: Total time for which application threads were stopped: 0.0038580 seconds, Stopping threads took: 0.0019080 seconds
320.721: Application time: 0.0760480 seconds
320.723: [GC [PSYoungGen: 89504K->5520K(97280K)] 112233K->28257K(319488K), 0.0016120 secs] [Times: user=0.01 sys=0.00, real=0.00 secs] 
320.724: Total time for which application threads were stopped: 0.0034010 seconds, Stopping threads took: 0.0017170 seconds
320.801: Application time: 0.0766520 seconds
320.803: [GC [PSYoungGen: 88976K->6880K(97280K)] 111713K->29625K(319488K), 0.0019910 secs] [Times: user=0.01 sys=0.00, real=0.00 secs] 
320.805: Total time for which application threads were stopped: 0.0039770 seconds, Stopping threads took: 0.0019040 seconds
320.881: Application time: 0.0760260 seconds
320.884: [GC [PSYoungGen: 90336K->7440K(97280K)] 113081K->30193K(319488K), 0.0021990 secs] [Times: user=0.01 sys=0.00, real=0.00 secs] 
320.886: Total time for which application threads were stopped: 0.0049470 seconds, Stopping threads took: 0.0026680 seconds
320.962: Application time: 0.0760010 seconds
320.965: [GC [PSYoungGen: 90896K->8016K(97280K)] 113649K->30777K(319488K), 0.0022540 secs] [Times: user=0.01 sys=0.00, real=0.01 secs] 
320.967: Total time for which application threads were stopped: 0.0052410 seconds, Stopping threads took: 0.0029070 seconds
321.042: Application time: 0.0749820 seconds
321.045: [GC [PSYoungGen: 91472K->6976K(97280K)] 114233K->29745K(319488K), 0.0020890 secs] [Times: user=0.02 sys=0.00, real=0.00 secs] 
321.047: Total time for which application threads were stopped: 0.0048060 seconds, Stopping threads took: 0.0026450 seconds
321.122: Application time: 0.0750190 seconds
321.125: [GC [PSYoungGen: 90432K->8240K(97280K)] 113201K->31009K(319488K), 0.0024230 secs] [Times: user=0.01 sys=0.00, real=0.01 secs] 
321.127: Total time for which application threads were stopped: 0.0053810 seconds, Stopping threads took: 0.0028670 seconds
321.202: Application time: 0.0744220 seconds
321.203: [GC [PSYoungGen: 91696K->7648K(97280K)] 114465K->30425K(319488K), 0.0023900 secs] [Times: user=0.01 sys=0.00, real=0.00 secs] 
321.206: Total time for which application threads were stopped: 0.0039590 seconds, Stopping threads took: 0.0014650 seconds
321.280: Application time: 0.0742360 seconds
321.283: [GC [PSYoungGen: 91104K->8000K(97280K)] 113881K->30777K(319488K), 0.0023320 secs] [Times: user=0.01 sys=0.00, real=0.00 secs] 
321.285: Total time for which application threads were stopped: 0.0051920 seconds, Stopping threads took: 0.0027780 seconds
321.359: Application time: 0.0739370 seconds
321.360: [GC [PSYoungGen: 91456K->7472K(97280K)] 114233K->30265K(319488K), 0.0021250 secs] [Times: user=0.01 sys=0.00, real=0.00 secs] 
321.362: Total time for which application threads were stopped: 0.0031600 seconds, Stopping threads took: 0.0009500 seconds
321.437: Application time: 0.0752200 seconds
321.440: [GC [PSYoungGen: 90928K->6080K(97280K)] 113721K->28881K(319488K), 0.0018370 secs] [Times: user=0.01 sys=0.00, real=0.00 secs] 
321.442: Total time for which application threads were stopped: 0.0046540 seconds, Stopping threads took: 0.0027320 seconds
321.521: Application time: 0.0784990 seconds
321.524: [GC [PSYoungGen: 89536K->6608K(97280K)] 112337K->29417K(319488K), 0.0019620 secs] [Times: user=0.01 sys=0.00, real=0.00 secs] 
321.526: Total time for which application threads were stopped: 0.0050080 seconds, Stopping threads took: 0.0029650 seconds
321.604: Application time: 0.0787650 seconds
321.608: [GC [PSYoungGen: 90064K->8016K(97280K)] 112873K->30833K(319488K), 0.0023020 secs] [Times: user=0.02 sys=0.00, real=0.00 secs] 
321.610: Total time for which application threads were stopped: 0.0055630 seconds, Stopping threads took: 0.0031760 seconds
321.688: Application time: 0.0777120 seconds
321.690: [GC [PSYoungGen: 91472K->7360K(97280K)] 114289K->30177K(319488K), 0.0021640 secs] [Times: user=0.02 sys=0.00, real=0.00 secs] 
321.692: Total time for which application threads were stopped: 0.0046840 seconds, Stopping threads took: 0.0024270 seconds
321.772: Application time: 0.0795460 seconds
321.774: [GC [PSYoungGen: 90816K->6704K(97280K)] 113633K->29529K(319488K), 0.0019950 secs] [Times: user=0.01 sys=0.00, real=0.01 secs] 
321.776: Total time for which application threads were stopped: 0.0042470 seconds, Stopping threads took: 0.0021700 seconds
321.854: Application time: 0.0775840 seconds
321.857: [GC [PSYoungGen: 90160K->8224K(97280K)] 112985K->31057K(319488K), 0.0026190 secs] [Times: user=0.02 sys=0.00, real=0.00 secs] 
321.859: Total time for which application threads were stopped: 0.0057860 seconds, Stopping threads took: 0.0030790 seconds
321.937: Application time: 0.0779110 seconds
321.939: [GC [PSYoungGen: 91680K->7664K(97280K)] 114513K->30497K(319488K), 0.0023120 secs] [Times: user=0.02 sys=0.00, real=0.00 secs] 
321.941: Total time for which application threads were stopped: 0.0040290 seconds, Stopping threads took: 0.0016300 seconds
322.021: Application time: 0.0791370 seconds
322.023: [GC [PSYoungGen: 91120K->7824K(97280K)] 113953K->30665K(319488K), 0.0022910 secs] [Times: user=0.02 sys=0.00, real=0.00 secs] 
322.026: Total time for which application threads were stopped: 0.0051900 seconds, Stopping threads took: 0.0028160 seconds
322.104: Application time: 0.0787600 seconds
322.106: [GC [PSYoungGen: 91280K->6640K(97280K)] 114121K->29489K(319488K), 0.0019970 secs] [Times: user=0.02 sys=0.00, real=0.01 secs] 
322.108: Total time for which application threads were stopped: 0.0038340 seconds, Stopping threads took: 0.0017520 seconds
322.186: Application time: 0.0778560 seconds
322.189: [GC [PSYoungGen: 90096K->7376K(97280K)] 112945K->30225K(319488K), 0.0021320 secs] [Times: user=0.02 sys=0.00, real=0.00 secs] 
322.191: Total time for which application threads were stopped: 0.0046050 seconds, Stopping threads took: 0.0023940 seconds
322.273: Application time: 0.0820630 seconds
322.275: [GC [PSYoungGen: 90832K->6368K(97280K)] 113681K->29233K(319488K), 0.0017990 secs] [Times: user=0.02 sys=0.00, real=0.00 secs] 
322.277: Total time for which application threads were stopped: 0.0044820 seconds, Stopping threads took: 0.0025950 seconds
322.356: Application time: 0.0781940 seconds
322.359: [GC [PSYoungGen: 89824K->7152K(97280K)] 112689K->30025K(319488K), 0.0021950 secs] [Times: user=0.01 sys=0.00, real=0.00 secs] 
322.361: Total time for which application threads were stopped: 0.0053870 seconds, Stopping threads took: 0.0031050 seconds
322.440: Application time: 0.0790660 seconds
322.443: [GC [PSYoungGen: 90608K->8032K(97280K)] 113481K->30913K(319488K), 0.0024280 secs] [Times: user=0.02 sys=0.00, real=0.00 secs] 
322.445: Total time for which application threads were stopped: 0.0050510 seconds, Stopping threads took: 0.0025400 seconds
322.523: Application time: 0.0776300 seconds
322.525: [GC [PSYoungGen: 91488K->7328K(97280K)] 114369K->30217K(319488K), 0.0022000 secs] [Times: user=0.00 sys=0.00, real=0.01 secs] 
322.528: Total time for which application threads were stopped: 0.0049300 seconds, Stopping threads took: 0.0026470 seconds
322.605: Application time: 0.0769540 seconds
322.607: [GC [PSYoungGen: 90784K->7872K(97280K)] 113673K->30769K(319488K), 0.0022830 secs] [Times: user=0.02 sys=0.00, real=0.00 secs] 
322.609: Total time for which application threads were stopped: 0.0047870 seconds, Stopping threads took: 0.0024160 seconds
322.688: Application time: 0.0789760 seconds
322.690: [GC [PSYoungGen: 91328K->7328K(97280K)] 114225K->30225K(319488K), 0.0023620 secs] [Times: user=0.01 sys=0.00, real=0.00 secs] 
322.692: Total time for which application threads were stopped: 0.0038240 seconds, Stopping threads took: 0.0013730 seconds
322.772: Application time: 0.0798910 seconds
322.775: [GC [PSYoungGen: 90784K->6336K(97280K)] 113681K->29241K(319488K), 0.0017690 secs] [Times: user=0.01 sys=0.00, real=0.00 secs] 
322.777: Total time for which application threads were stopped: 0.0049770 seconds, Stopping threads took: 0.0031310 seconds
322.853: Application time: 0.0763470 seconds
322.855: [GC [PSYoungGen: 89792K->7280K(97280K)] 112697K->30193K(319488K), 0.0022170 secs] [Times: user=0.02 sys=0.00, real=0.00 secs] 
322.857: Total time for which application threads were stopped: 0.0040500 seconds, Stopping threads took: 0.0017410 seconds
322.937: Application time: 0.0792390 seconds
322.939: [GC [PSYoungGen: 90736K->6960K(97280K)] 113649K->29881K(319488K), 0.0020380 secs] [Times: user=0.01 sys=0.00, real=0.00 secs] 
322.941: Total time for which application threads were stopped: 0.0039810 seconds, Stopping threads took: 0.0018590 seconds
323.019: Application time: 0.0786600 seconds
323.022: [GC [PSYoungGen: 90416K->6176K(97280K)] 113337K->29105K(319488K), 0.0017880 secs] [Times: user=0.01 sys=0.00, real=0.00 secs] 
323.023: Total time for which application threads were stopped: 0.0040880 seconds, Stopping threads took: 0.0022210 seconds
323.105: Application time: 0.0819720 seconds
323.107: [GC [PSYoungGen: 89632K->6176K(97280K)] 112561K->29113K(319488K), 0.0017940 secs] [Times: user=0.01 sys=0.00, real=0.00 secs] 
323.109: Total time for which application threads were stopped: 0.0034970 seconds, Stopping threads took: 0.0016210 seconds
323.189: Application time: 0.0803340 seconds
323.192: [GC [PSYoungGen: 89632K->7536K(97280K)] 112569K->30473K(319488K), 0.0021700 secs] [Times: user=0.01 sys=0.00, real=0.00 secs] 
323.194: Total time for which application threads were stopped: 0.0048900 seconds, Stopping threads took: 0.0026380 seconds
323.272: Application time: 0.0781630 seconds
323.274: [GC [PSYoungGen: 90992K->7856K(97280K)] 113929K->30793K(319488K), 0.0023410 secs] [Times: user=0.01 sys=0.00, real=0.01 secs] 
323.277: Total time for which application threads were stopped: 0.0044980 seconds, Stopping threads took: 0.0020750 seconds
323.355: Application time: 0.0781630 seconds
323.358: [GC [PSYoungGen: 91312K->8144K(97280K)] 114249K->31089K(319488K), 0.0025300 secs] [Times: user=0.02 sys=0.00, real=0.00 secs] 
323.360: Total time for which application threads were stopped: 0.0053300 seconds, Stopping threads took: 0.0027090 seconds
323.438: Application time: 0.0781230 seconds
323.441: [GC [PSYoungGen: 91599K->7680K(97280K)] 114545K->30633K(319488K), 0.0023090 secs] [Times: user=0.01 sys=0.00, real=0.00 secs] 
323.444: Total time for which application threads were stopped: 0.0051420 seconds, Stopping threads took: 0.0027500 seconds
323.522: Application time: 0.0785570 seconds
323.525: [GC [PSYoungGen: 91136K->6784K(97280K)] 114089K->29745K(319488K), 0.0020480 secs] [Times: user=0.01 sys=0.00, real=0.00 secs] 
323.527: Total time for which application threads were stopped: 0.0047090 seconds, Stopping threads took: 0.0025630 seconds
323.607: Application time: 0.0803810 seconds
323.609: [GC [PSYoungGen: 90240K->7264K(97280K)] 113201K->30233K(319488K), 0.0024020 secs] [Times: user=0.02 sys=0.00, real=0.00 secs] 
323.611: Total time for which application threads were stopped: 0.0042270 seconds, Stopping threads took: 0.0017070 seconds
323.692: Application time: 0.0802720 seconds
323.695: [GC [PSYoungGen: 90720K->6880K(97280K)] 113689K->29849K(319488K), 0.0021980 secs] [Times: user=0.01 sys=0.00, real=0.00 secs] 
323.697: Total time for which application threads were stopped: 0.0056150 seconds, Stopping threads took: 0.0033370 seconds
323.778: Application time: 0.0806050 seconds
323.780: [GC [PSYoungGen: 90336K->6320K(97280K)] 113305K->29289K(319488K), 0.0019570 secs] [Times: user=0.01 sys=0.00, real=0.00 secs] 
323.782: Total time for which application threads were stopped: 0.0043520 seconds, Stopping threads took: 0.0023100 seconds
323.861: Application time: 0.0783970 seconds
323.863: [GC [PSYoungGen: 89776K->7808K(97280K)] 112745K->30785K(319488K), 0.0021850 secs] [Times: user=0.02 sys=0.00, real=0.00 secs] 
323.866: Total time for which application threads were stopped: 0.0048970 seconds, Stopping threads took: 0.0026240 seconds
323.945: Application time: 0.0791460 seconds
323.946: [GC [PSYoungGen: 91264K->6384K(97280K)] 114241K->29369K(319488K), 0.0019920 secs] [Times: user=0.01 sys=0.00, real=0.01 secs] 
323.948: Total time for which application threads were stopped: 0.0037540 seconds, Stopping threads took: 0.0016790 seconds
324.025: Application time: 0.0762040 seconds
324.027: [GC [PSYoungGen: 89840K->7888K(97280K)] 112825K->30881K(319488K), 0.0022490 secs] [Times: user=0.02 sys=0.00, real=0.00 secs] 
324.029: Total time for which application threads were stopped: 0.0047090 seconds, Stopping threads took: 0.0023780 seconds
324.109: Application time: 0.0799720 seconds
324.112: [GC [PSYoungGen: 91344K->5952K(97280K)] 114337K->28953K(319488K), 0.0020200 secs] [Times: user=0.01 sys=0.00, real=0.00 secs] 
324.114: Total time for which application threads were stopped: 0.0048650 seconds, Stopping threads took: 0.0027680 seconds
324.195: Application time: 0.0807920 seconds
324.197: [GC [PSYoungGen: 89408K->5840K(97280K)] 112409K->28849K(319488K), 0.0017770 secs] [Times: user=0.01 sys=0.00, real=0.00 secs] 
324.199: Total time for which application threads were stopped: 0.0038030 seconds, Stopping threads took: 0.0019490 seconds
324.279: Application time: 0.0805250 seconds
324.282: [GC [PSYoungGen: 89296K->7264K(97280K)] 112305K->30273K(319488K), 0.0021260 secs] [Times: user=0.01 sys=0.00, real=0.00 secs] 
324.284: Total time for which application threads were stopped: 0.0045550 seconds, Stopping threads took: 0.0023440 seconds
324.362: Application time: 0.0784160 seconds
324.366: [GC [PSYoungGen: 90720K->7472K(97280K)] 113729K->30489K(319488K), 0.0021390 secs] [Times: user=0.01 sys=0.00, real=0.01 secs] 
324.368: Total time for which application threads were stopped: 0.0053740 seconds, Stopping threads took: 0.0031460 seconds
324.446: Application time: 0.0782790 seconds
324.449: [GC [PSYoungGen: 90928K->7744K(97280K)] 113945K->30769K(319488K), 0.0022690 secs] [Times: user=0.02 sys=0.00, real=0.00 secs] 
324.451: Total time for which application threads were stopped: 0.0051080 seconds, Stopping threads took: 0.0027550 seconds
324.532: Application time: 0.0805930 seconds
324.535: [GC [PSYoungGen: 91200K->7296K(97280K)] 114225K->30321K(319488K), 0.0021520 secs] [Times: user=0.01 sys=0.00, real=0.01 secs] 
324.537: Total time for which application threads were stopped: 0.0051540 seconds, Stopping threads took: 0.0029130 seconds
324.615: Application time: 0.0779380 seconds
324.617: [GC [PSYoungGen: 90752K->6896K(97280K)] 113777K->29929K(319488K), 0.0020910 secs] [Times: user=0.02 sys=0.00, real=0.00 secs] 
324.619: Total time for which application threads were stopped: 0.0039620 seconds, Stopping threads took: 0.0017870 seconds
324.698: Application time: 0.0793990 seconds
324.701: [GC [PSYoungGen: 90352K->7232K(97280K)] 113385K->30273K(319488K), 0.0021060 secs] [Times: user=0.01 sys=0.00, real=0.00 secs] 
324.703: Total time for which application threads were stopped: 0.0050680 seconds, Stopping threads took: 0.0028800 seconds
324.781: Application time: 0.0780570 seconds
324.784: [GC [PSYoungGen: 90688K->6656K(97280K)] 113729K->29697K(319488K), 0.0019700 secs] [Times: user=0.02 sys=0.00, real=0.00 secs] 
324.786: Total time for which application threads were stopped: 0.0043430 seconds, Stopping threads took: 0.0022920 seconds
324.862: Application time: 0.0764920 seconds
324.865: [GC [PSYoungGen: 90112K->7328K(97280K)] 113153K->30377K(319488K), 0.0022810 secs] [Times: user=0.01 sys=0.00, real=0.01 secs] 
324.867: Total time for which application threads were stopped: 0.0052040 seconds, Stopping threads took: 0.0028420 seconds
324.948: Application time: 0.0803490 seconds
324.950: [GC [PSYoungGen: 90784K->6144K(97280K)] 113833K->29201K(319488K), 0.0018890 secs] [Times: user=0.01 sys=0.00, real=0.00 secs] 
324.952: Total time for which application threads were stopped: 0.0047260 seconds, Stopping threads took: 0.0027450 seconds
325.031: Application time: 0.0783360 seconds
325.032: [GC [PSYoungGen: 89600K->6432K(97280K)] 112657K->29497K(319488K), 0.0018990 secs] [Times: user=0.01 sys=0.00, real=0.00 secs] 
325.034: Total time for which application threads were stopped: 0.0036190 seconds, Stopping threads took: 0.0016380 seconds
325.114: Application time: 0.0794630 seconds
325.116: [GC [PSYoungGen: 89888K->6928K(97280K)] 112953K->30001K(319488K), 0.0020670 secs] [Times: user=0.02 sys=0.00, real=0.00 secs] 
325.118: Total time for which application threads were stopped: 0.0045410 seconds, Stopping threads took: 0.0023920 seconds
325.200: Application time: 0.0811540 seconds
325.201: [GC [PSYoungGen: 90384K->7600K(97280K)] 113457K->30681K(319488K), 0.0021710 secs] [Times: user=0.01 sys=0.00, real=0.00 secs] 
325.203: Total time for which application threads were stopped: 0.0037760 seconds, Stopping threads took: 0.0015200 seconds
325.283: Application time: 0.0794270 seconds
325.285: [GC [PSYoungGen: 91056K->7392K(97280K)] 114137K->30473K(319488K), 0.0023470 secs] [Times: user=0.00 sys=0.00, real=0.01 secs] 
325.287: Total time for which application threads were stopped: 0.0043390 seconds, Stopping threads took: 0.0019020 seconds
325.369: Application time: 0.0816410 seconds
325.372: [GC [PSYoungGen: 90848K->6080K(97280K)] 113929K->29161K(319488K), 0.0018040 secs] [Times: user=0.01 sys=0.00, real=0.00 secs] 
325.374: Total time for which application threads were stopped: 0.0048460 seconds, Stopping threads took: 0.0029630 seconds
325.454: Application time: 0.0803900 seconds
325.456: [GC [PSYoungGen: 89536K->6048K(97280K)] 112617K->29137K(319488K), 0.0018220 secs] [Times: user=0.01 sys=0.00, real=0.00 secs] 
325.458: Total time for which application threads were stopped: 0.0040650 seconds, Stopping threads took: 0.0021540 seconds
325.533: Application time: 0.0752770 seconds
325.535: [GC [PSYoungGen: 89504K->5472K(97280K)] 112593K->28569K(319488K), 0.0016760 secs] [Times: user=0.01 sys=0.00, real=0.00 secs] 
325.537: Total time for which application threads were stopped: 0.0037410 seconds, Stopping threads took: 0.0019950 seconds
325.610: Application time: 0.0724610 seconds
325.612: [GC [PSYoungGen: 88928K->7984K(97280K)] 112025K->31089K(319488K), 0.0023160 secs] [Times: user=0.02 sys=0.00, real=0.00 secs] 
325.614: Total time for which application threads were stopped: 0.0045870 seconds, Stopping threads took: 0.0021880 seconds
325.691: Application time: 0.0764010 seconds
325.692: [GC [PSYoungGen: 91440K->7568K(97280K)] 114545K->30681K(319488K), 0.0022260 secs] [Times: user=0.02 sys=0.00, real=0.00 secs] 
325.695: Total time for which application threads were stopped: 0.0040950 seconds, Stopping threads took: 0.0017860 seconds
325.769: Application time: 0.0742670 seconds
325.771: [GC [PSYoungGen: 91024K->7904K(97280K)] 114137K->31017K(319488K), 0.0024210 secs] [Times: user=0.02 sys=0.00, real=0.00 secs] 
325.773: Total time for which application threads were stopped: 0.0044970 seconds, Stopping threads took: 0.0019940 seconds
325.847: Application time: 0.0740320 seconds
325.850: [GC [PSYoungGen: 91360K->6352K(97280K)] 114473K->29465K(319488K), 0.0019080 secs] [Times: user=0.01 sys=0.00, real=0.00 secs] 
325.852: Total time for which application threads were stopped: 0.0048520 seconds, Stopping threads took: 0.0028550 seconds
325.928: Application time: 0.0754400 seconds
325.930: [GC [PSYoungGen: 89808K->6992K(97280K)] 112921K->30113K(319488K), 0.0020910 secs] [Times: user=0.02 sys=0.00, real=0.00 secs] 
325.932: Total time for which application threads were stopped: 0.0039980 seconds, Stopping threads took: 0.0018260 seconds
326.007: Application time: 0.0748700 seconds
326.008: [GC [PSYoungGen: 90448K->5552K(97280K)] 113569K->28681K(319488K), 0.0015900 secs] [Times: user=0.01 sys=0.00, real=0.00 secs] 
326.010: Total time for which application threads were stopped: 0.0032910 seconds, Stopping threads took: 0.0016140 seconds
326.084: Application time: 0.0742730 seconds
326.086: [GC [PSYoungGen: 89008K->5904K(97280K)] 112137K->29041K(319488K), 0.0018030 secs] [Times: user=0.01 sys=0.00, real=0.01 secs] 
326.088: Total time for which application threads were stopped: 0.0040930 seconds, Stopping threads took: 0.0022120 seconds
326.160: Application time: 0.0721760 seconds
326.163: [GC [PSYoungGen: 89360K->7504K(97280K)] 112497K->30649K(319488K), 0.0021630 secs] [Times: user=0.02 sys=0.00, real=0.00 secs] 
326.165: Total time for which application threads were stopped: 0.0050710 seconds, Stopping threads took: 0.0028290 seconds
326.240: Application time: 0.0742480 seconds
326.243: [GC [PSYoungGen: 90960K->6896K(97280K)] 114105K->30041K(319488K), 0.0019630 secs] [Times: user=0.01 sys=0.00, real=0.00 secs] 
326.245: Total time for which application threads were stopped: 0.0049290 seconds, Stopping threads took: 0.0028880 seconds
326.321: Application time: 0.0761140 seconds
326.323: [GC [PSYoungGen: 90352K->5632K(97280K)] 113497K->28777K(319488K), 0.0017130 secs] [Times: user=0.01 sys=0.00, real=0.00 secs] 
326.325: Total time for which application threads were stopped: 0.0040520 seconds, Stopping threads took: 0.0022660 seconds
326.399: Application time: 0.0742590 seconds
326.401: [GC [PSYoungGen: 89088K->6144K(97280K)] 112233K->29297K(319488K), 0.0018890 secs] [Times: user=0.01 sys=0.00, real=0.00 secs] 
326.403: Total time for which application threads were stopped: 0.0034980 seconds, Stopping threads took: 0.0015310 seconds
326.478: Application time: 0.0752750 seconds
326.480: [GC [PSYoungGen: 89600K->7328K(97280K)] 112753K->30489K(319488K), 0.0020510 secs] [Times: user=0.02 sys=0.00, real=0.00 secs] 
326.482: Total time for which application threads were stopped: 0.0045510 seconds, Stopping threads took: 0.0024180 seconds
326.558: Application time: 0.0755860 seconds
326.561: [GC [PSYoungGen: 90784K->6896K(97280K)] 113945K->30065K(319488K), 0.0019420 secs] [Times: user=0.01 sys=0.00, real=0.00 secs] 
326.563: Total time for which application threads were stopped: 0.0047270 seconds, Stopping threads took: 0.0026980 seconds
326.639: Application time: 0.0757790 seconds
326.640: [GC [PSYoungGen: 90352K->5680K(97280K)] 113521K->28857K(319488K), 0.0017730 secs] [Times: user=0.01 sys=0.00, real=0.00 secs] 
326.642: Total time for which application threads were stopped: 0.0032300 seconds, Stopping threads took: 0.0013790 seconds
326.715: Application time: 0.0732450 seconds
326.717: [GC [PSYoungGen: 89136K->7040K(97280K)] 112313K->30217K(319488K), 0.0021370 secs] [Times: user=0.01 sys=0.00, real=0.00 secs] 
326.720: Total time for which application threads were stopped: 0.0045180 seconds, Stopping threads took: 0.0022980 seconds
326.796: Application time: 0.0761700 seconds
326.798: [GC [PSYoungGen: 90496K->7312K(97280K)] 113673K->30489K(319488K), 0.0020870 secs] [Times: user=0.02 sys=0.00, real=0.00 secs] 
326.801: Total time for which application threads were stopped: 0.0048230 seconds, Stopping threads took: 0.0026530 seconds
326.877: Application time: 0.0764910 seconds
326.879: [GC [PSYoungGen: 90768K->5696K(97280K)] 113945K->28881K(319488K), 0.0018450 secs] [Times: user=0.01 sys=0.00, real=0.00 secs] 
326.881: Total time for which application threads were stopped: 0.0040180 seconds, Stopping threads took: 0.0020900 seconds
326.956: Application time: 0.0749900 seconds
326.958: [GC [PSYoungGen: 89152K->7072K(97280K)] 112337K->30265K(319488K), 0.0021780 secs] [Times: user=0.02 sys=0.00, real=0.00 secs] 
326.960: Total time for which application threads were stopped: 0.0041740 seconds, Stopping threads took: 0.0019140 seconds
327.033: Application time: 0.0725070 seconds
327.035: [GC [PSYoungGen: 90528K->7472K(97280K)] 113721K->30673K(319488K), 0.0022620 secs] [Times: user=0.01 sys=0.00, real=0.00 secs] 
327.037: Total time for which application threads were stopped: 0.0044700 seconds, Stopping threads took: 0.0021200 seconds
327.113: Application time: 0.0756130 seconds
327.115: [GC [PSYoungGen: 90928K->6560K(97280K)] 114129K->29769K(319488K), 0.0019720 secs] [Times: user=0.02 sys=0.00, real=0.00 secs] 
327.117: Total time for which application threads were stopped: 0.0042080 seconds, Stopping threads took: 0.0021470 seconds
327.191: Application time: 0.0735450 seconds
327.193: [GC [PSYoungGen: 90016K->8304K(97280K)] 113225K->31513K(319488K), 0.0023730 secs] [Times: user=0.02 sys=0.00, real=0.01 secs] 
327.195: Total time for which application threads were stopped: 0.0043970 seconds, Stopping threads took: 0.0019430 seconds
327.270: Application time: 0.0748610 seconds
327.271: [GC [PSYoungGen: 91760K->6016K(97280K)] 114969K->29225K(319488K), 0.0018560 secs] [Times: user=0.02 sys=0.00, real=0.00 secs] 
327.273: Total time for which application threads were stopped: 0.0028460 seconds, Stopping threads took: 0.0009110 seconds
327.348: Application time: 0.0749600 seconds
327.351: [GC [PSYoungGen: 89472K->8016K(97280K)] 112681K->31225K(319488K), 0.0023540 secs] [Times: user=0.01 sys=0.00, real=0.00 secs] 
327.353: Total time for which application threads were stopped: 0.0054870 seconds, Stopping threads took: 0.0030550 seconds
327.428: Application time: 0.0746190 seconds
327.429: [GC [PSYoungGen: 91472K->5472K(97280K)] 114681K->28689K(319488K), 0.0016890 secs] [Times: user=0.01 sys=0.00, real=0.00 secs] 
327.431: Total time for which application threads were stopped: 0.0029100 seconds, Stopping threads took: 0.0011470 seconds
327.507: Application time: 0.0758730 seconds
327.509: [GC [PSYoungGen: 88926K->7280K(97280K)] 112143K->30505K(319488K), 0.0021110 secs] [Times: user=0.01 sys=0.00, real=0.00 secs] 
327.512: Total time for which application threads were stopped: 0.0049820 seconds, Stopping threads took: 0.0027840 seconds
327.585: Application time: 0.0739490 seconds
327.587: [GC [PSYoungGen: 90736K->6896K(97280K)] 113961K->30129K(319488K), 0.0020600 secs] [Times: user=0.01 sys=0.00, real=0.00 secs] 
327.589: Total time for which application threads were stopped: 0.0036740 seconds, Stopping threads took: 0.0015320 seconds
327.668: Application time: 0.0785190 seconds
327.671: [GC [PSYoungGen: 90352K->6528K(97280K)] 113585K->29769K(319488K), 0.0019340 secs] [Times: user=0.01 sys=0.00, real=0.00 secs] 
327.673: Total time for which application threads were stopped: 0.0049180 seconds, Stopping threads took: 0.0028940 seconds
327.743: Application time: 0.0709130 seconds
327.746: [GC [PSYoungGen: 89984K->8080K(97280K)] 113225K->31321K(319488K), 0.0024980 secs] [Times: user=0.02 sys=0.00, real=0.01 secs] 
327.748: Total time for which application threads were stopped: 0.0049800 seconds, Stopping threads took: 0.0024030 seconds
327.822: Application time: 0.0734410 seconds
327.824: [GC [PSYoungGen: 91536K->7696K(97280K)] 114777K->30937K(319488K), 0.0022790 secs] [Times: user=0.02 sys=0.00, real=0.00 secs] 
327.827: Total time for which application threads were stopped: 0.0046460 seconds, Stopping threads took: 0.0022890 seconds
327.900: Application time: 0.0736080 seconds
327.902: [GC [PSYoungGen: 91152K->6240K(97280K)] 114393K->29489K(319488K), 0.0018570 secs] [Times: user=0.01 sys=0.00, real=0.00 secs] 
327.904: Total time for which application threads were stopped: 0.0035850 seconds, Stopping threads took: 0.0016470 seconds
327.982: Application time: 0.0778990 seconds
327.983: [GC [PSYoungGen: 89696K->5920K(97280K)] 112945K->29177K(319488K), 0.0017560 secs] [Times: user=0.01 sys=0.00, real=0.00 secs] 
327.985: Total time for which application threads were stopped: 0.0029950 seconds, Stopping threads took: 0.0011560 seconds
328.059: Application time: 0.0741810 seconds
328.060: [GC [PSYoungGen: 89376K->6720K(97280K)] 112633K->29985K(319488K), 0.0019630 secs] [Times: user=0.01 sys=0.00, real=0.00 secs] 
328.062: Total time for which application threads were stopped: 0.0035980 seconds, Stopping threads took: 0.0015530 seconds
328.138: Application time: 0.0759190 seconds
328.140: [GC [PSYoungGen: 90176K->6512K(97280K)] 113441K->29785K(319488K), 0.0018960 secs] [Times: user=0.01 sys=0.00, real=0.00 secs] 
328.142: Total time for which application threads were stopped: 0.0033650 seconds, Stopping threads took: 0.0013940 seconds
328.215: Application time: 0.0735340 seconds
328.218: [GC [PSYoungGen: 89968K->8048K(97280K)] 113241K->31321K(319488K), 0.0023490 secs] [Times: user=0.01 sys=0.00, real=0.00 secs] 
328.220: Total time for which application threads were stopped: 0.0046910 seconds, Stopping threads took: 0.0022520 seconds
328.296: Application time: 0.0760930 seconds
328.297: [GC [PSYoungGen: 91504K->6976K(97280K)] 114777K->30249K(319488K), 0.0020920 secs] [Times: user=0.01 sys=0.00, real=0.00 secs] 
328.299: Total time for which application threads were stopped: 0.0029630 seconds, Stopping threads took: 0.0007940 seconds
328.374: Application time: 0.0747710 seconds
328.376: [GC [PSYoungGen: 90432K->5968K(97280K)] 113705K->29249K(319488K), 0.0017770 secs] [Times: user=0.01 sys=0.00, real=0.00 secs] 
328.378: Total time for which application threads were stopped: 0.0037070 seconds, Stopping threads took: 0.0018430 seconds
328.452: Application time: 0.0740130 seconds
328.453: [GC [PSYoungGen: 89424K->7344K(97280K)] 112705K->30633K(319488K), 0.0021620 secs] [Times: user=0.02 sys=0.00, real=0.00 secs] 
328.455: Total time for which application threads were stopped: 0.0033180 seconds, Stopping threads took: 0.0010770 seconds
328.529: Application time: 0.0744980 seconds
328.531: [GC [PSYoungGen: 90800K->6976K(97280K)] 114089K->30273K(319488K), 0.0020970 secs] [Times: user=0.02 sys=0.00, real=0.00 secs] 
328.533: Total time for which application threads were stopped: 0.0033520 seconds, Stopping threads took: 0.0011700 seconds
328.607: Application time: 0.0744460 seconds
328.610: [GC [PSYoungGen: 90432K->6640K(97280K)] 113729K->29945K(319488K), 0.0019700 secs] [Times: user=0.01 sys=0.00, real=0.00 secs] 
328.612: Total time for which application threads were stopped: 0.0048890 seconds, Stopping threads took: 0.0028370 seconds
328.684: Application time: 0.0718540 seconds
328.686: [GC [PSYoungGen: 90096K->7536K(97280K)] 113401K->30841K(319488K), 0.0021520 secs] [Times: user=0.01 sys=0.00, real=0.01 secs] 
328.688: Total time for which application threads were stopped: 0.0041500 seconds, Stopping threads took: 0.0019170 seconds
328.765: Application time: 0.0770520 seconds
328.767: [GC [PSYoungGen: 90991K->5392K(97280K)] 114296K->28697K(319488K), 0.0015980 secs] [Times: user=0.02 sys=0.00, real=0.01 secs] 
328.768: Total time for which application threads were stopped: 0.0031330 seconds, Stopping threads took: 0.0014590 seconds
328.841: Application time: 0.0728330 seconds
328.843: [GC [PSYoungGen: 88848K->8400K(97280K)] 112153K->31713K(319488K), 0.0024580 secs] [Times: user=0.02 sys=0.00, real=0.00 secs] 
328.845: Total time for which application threads were stopped: 0.0042090 seconds, Stopping threads took: 0.0016680 seconds
328.918: Application time: 0.0727720 seconds
328.921: [GC [PSYoungGen: 91856K->8016K(97280K)] 115169K->31337K(319488K), 0.0023040 secs] [Times: user=0.02 sys=0.00, real=0.00 secs] 
328.923: Total time for which application threads were stopped: 0.0054350 seconds, Stopping threads took: 0.0030480 seconds
328.997: Application time: 0.0739600 seconds
329.001: [GC [PSYoungGen: 91472K->7408K(97280K)] 114793K->30737K(319488K), 0.0021330 secs] [Times: user=0.02 sys=0.00, real=0.00 secs] 
329.003: Total time for which application threads were stopped: 0.0053820 seconds, Stopping threads took: 0.0031640 seconds
329.076: Application time: 0.0728780 seconds
329.078: [GC [PSYoungGen: 90864K->8000K(97280K)] 114193K->31337K(319488K), 0.0024150 secs] [Times: user=0.02 sys=0.00, real=0.00 secs] 
329.080: Total time for which application threads were stopped: 0.0045440 seconds, Stopping threads took: 0.0020440 seconds
329.153: Application time: 0.0731630 seconds
329.155: [GC [PSYoungGen: 91456K->8320K(97280K)] 114793K->31657K(319488K), 0.0024690 secs] [Times: user=0.01 sys=0.00, real=0.00 secs] 
329.158: Total time for which application threads were stopped: 0.0044540 seconds, Stopping threads took: 0.0019060 seconds
329.233: Application time: 0.0750910 seconds
329.236: [GC [PSYoungGen: 91776K->6832K(97280K)] 115113K->30169K(319488K), 0.0020450 secs] [Times: user=0.02 sys=0.00, real=0.00 secs] 
329.238: Total time for which application threads were stopped: 0.0046570 seconds, Stopping threads took: 0.0025350 seconds
329.312: Application time: 0.0740940 seconds
329.314: [GC [PSYoungGen: 90288K->6704K(97280K)] 113625K->30049K(319488K), 0.0020580 secs] [Times: user=0.02 sys=0.00, real=0.01 secs] 
329.316: Total time for which application threads were stopped: 0.0046490 seconds, Stopping threads took: 0.0025030 seconds
329.392: Application time: 0.0755220 seconds
329.394: [GC [PSYoungGen: 90160K->6656K(97280K)] 113505K->30009K(319488K), 0.0019810 secs] [Times: user=0.02 sys=0.00, real=0.01 secs] 
329.396: Total time for which application threads were stopped: 0.0045950 seconds, Stopping threads took: 0.0025310 seconds
329.474: Application time: 0.0774590 seconds
329.476: [GC [PSYoungGen: 90112K->6368K(97280K)] 113465K->29729K(319488K), 0.0019000 secs] [Times: user=0.01 sys=0.00, real=0.00 secs] 
329.478: Total time for which application threads were stopped: 0.0043140 seconds, Stopping threads took: 0.0023330 seconds
329.557: Application time: 0.0785400 seconds
329.560: [GC [PSYoungGen: 89824K->6800K(97280K)] 113185K->30169K(319488K), 0.0019570 secs] [Times: user=0.02 sys=0.00, real=0.00 secs] 
329.562: Total time for which application threads were stopped: 0.0049190 seconds, Stopping threads took: 0.0028830 seconds
329.642: Application time: 0.0807110 seconds
329.645: [GC [PSYoungGen: 90256K->6816K(97280K)] 113625K->30193K(319488K), 0.0020150 secs] [Times: user=0.01 sys=0.00, real=0.01 secs] 
329.647: Total time for which application threads were stopped: 0.0049020 seconds, Stopping threads took: 0.0028070 seconds
329.726: Application time: 0.0790330 seconds
329.729: [GC [PSYoungGen: 90272K->5472K(97280K)] 113649K->28849K(319488K), 0.0016330 secs] [Times: user=0.01 sys=0.00, real=0.00 secs] 
329.730: Total time for which application threads were stopped: 0.0038120 seconds, Stopping threads took: 0.0021010 seconds
329.809: Application time: 0.0788400 seconds
329.812: [GC [PSYoungGen: 88928K->6912K(97280K)] 112305K->30289K(319488K), 0.0020400 secs] [Times: user=0.02 sys=0.00, real=0.00 secs] 
329.814: Total time for which application threads were stopped: 0.0047940 seconds, Stopping threads took: 0.0026720 seconds
329.895: Application time: 0.0811000 seconds
329.898: [GC [PSYoungGen: 90368K->6800K(97280K)] 113745K->30185K(319488K), 0.0020810 secs] [Times: user=0.01 sys=0.00, real=0.00 secs] 
329.900: Total time for which application threads were stopped: 0.0049780 seconds, Stopping threads took: 0.0028030 seconds
329.980: Application time: 0.0802760 seconds
329.983: [GC [PSYoungGen: 90256K->7376K(97280K)] 113641K->30769K(319488K), 0.0022210 secs] [Times: user=0.02 sys=0.00, real=0.00 secs] 
329.985: Total time for which application threads were stopped: 0.0048050 seconds, Stopping threads took: 0.0024960 seconds
330.066: Application time: 0.0806660 seconds
330.068: [GC [PSYoungGen: 90832K->7888K(97280K)] 114225K->31289K(319488K), 0.0024920 secs] [Times: user=0.02 sys=0.00, real=0.00 secs] 
330.070: Total time for which application threads were stopped: 0.0047490 seconds, Stopping threads took: 0.0021710 seconds
330.151: Application time: 0.0804030 seconds
330.152: [GC [PSYoungGen: 91344K->6560K(97280K)] 114745K->29969K(319488K), 0.0020540 secs] [Times: user=0.01 sys=0.00, real=0.00 secs] 
330.154: Total time for which application threads were stopped: 0.0030670 seconds, Stopping threads took: 0.0009340 seconds
330.233: Application time: 0.0795340 seconds
330.236: [GC [PSYoungGen: 90016K->7504K(97280K)] 113425K->30913K(319488K), 0.0023650 secs] [Times: user=0.02 sys=0.00, real=0.00 secs] 
330.239: Total time for which application threads were stopped: 0.0051870 seconds, Stopping threads took: 0.0027360 seconds
330.316: Application time: 0.0775230 seconds
330.318: [GC [PSYoungGen: 90960K->8144K(97280K)] 114369K->31553K(319488K), 0.0024920 secs] [Times: user=0.01 sys=0.00, real=0.00 secs] 
330.321: Total time for which application threads were stopped: 0.0048200 seconds, Stopping threads took: 0.0022420 seconds
330.403: Application time: 0.0817500 seconds
330.405: [GC [PSYoungGen: 91600K->7632K(97280K)] 115009K->31049K(319488K), 0.0025060 secs] [Times: user=0.01 sys=0.00, real=0.01 secs] 
330.408: Total time for which application threads were stopped: 0.0048840 seconds, Stopping threads took: 0.0022820 seconds
330.487: Application time: 0.0795460 seconds
330.490: [GC [PSYoungGen: 91088K->6608K(97280K)] 114505K->30033K(319488K), 0.0019700 secs] [Times: user=0.01 sys=0.00, real=0.00 secs] 
330.492: Total time for which application threads were stopped: 0.0052310 seconds, Stopping threads took: 0.0031790 seconds
330.572: Application time: 0.0791820 seconds
330.574: [GC [PSYoungGen: 90064K->5456K(97280K)] 113489K->28889K(319488K), 0.0016460 secs] [Times: user=0.01 sys=0.00, real=0.01 secs] 
330.575: Total time for which application threads were stopped: 0.0037600 seconds, Stopping threads took: 0.0020330 seconds
330.655: Application time: 0.0799950 seconds
330.658: [GC [PSYoungGen: 88912K->7184K(97280K)] 112345K->30625K(319488K), 0.0020530 secs] [Times: user=0.01 sys=0.00, real=0.00 secs] 
330.661: Total time for which application threads were stopped: 0.0051860 seconds, Stopping threads took: 0.0030500 seconds
330.741: Application time: 0.0803260 seconds
330.743: [GC [PSYoungGen: 90640K->6864K(97280K)] 114081K->30305K(319488K), 0.0020380 secs] [Times: user=0.02 sys=0.00, real=0.00 secs] 
330.745: Total time for which application threads were stopped: 0.0038800 seconds, Stopping threads took: 0.0017570 seconds
330.826: Application time: 0.0811310 seconds
330.828: [GC [PSYoungGen: 90320K->5952K(97280K)] 113761K->29393K(319488K), 0.0017230 secs] [Times: user=0.02 sys=0.00, real=0.00 secs] 
330.830: Total time for which application threads were stopped: 0.0040000 seconds, Stopping threads took: 0.0021980 seconds
330.908: Application time: 0.0780930 seconds
330.910: [GC [PSYoungGen: 89408K->7760K(97280K)] 112849K->31209K(319488K), 0.0024300 secs] [Times: user=0.02 sys=0.00, real=0.00 secs] 
330.913: Total time for which application threads were stopped: 0.0047760 seconds, Stopping threads took: 0.0022500 seconds
330.993: Application time: 0.0807600 seconds
330.997: [GC [PSYoungGen: 91216K->7344K(97280K)] 114665K->30801K(319488K), 0.0020950 secs] [Times: user=0.01 sys=0.00, real=0.00 secs] 
330.999: Total time for which application threads were stopped: 0.0051680 seconds, Stopping threads took: 0.0029940 seconds
331.078: Application time: 0.0792770 seconds
331.081: [GC [PSYoungGen: 90800K->6656K(97280K)] 114257K->30121K(319488K), 0.0021210 secs] [Times: user=0.01 sys=0.00, real=0.00 secs] 
331.083: Total time for which application threads were stopped: 0.0049320 seconds, Stopping threads took: 0.0027170 seconds
331.160: Application time: 0.0766860 seconds
331.162: [GC [PSYoungGen: 90112K->8336K(97280K)] 113577K->31817K(319488K), 0.0025970 secs] [Times: user=0.02 sys=0.00, real=0.00 secs] 
331.165: Total time for which application threads were stopped: 0.0053230 seconds, Stopping threads took: 0.0026470 seconds
331.242: Application time: 0.0774170 seconds
331.244: [GC [PSYoungGen: 91792K->7824K(97280K)] 115273K->31305K(319488K), 0.0023810 secs] [Times: user=0.01 sys=0.00, real=0.00 secs] 
331.246: Total time for which application threads were stopped: 0.0041800 seconds, Stopping threads took: 0.0017080 seconds
331.325: Application time: 0.0787630 seconds
331.328: [GC [PSYoungGen: 91280K->7536K(97280K)] 114761K->31017K(319488K), 0.0023920 secs] [Times: user=0.01 sys=0.00, real=0.00 secs] 
331.331: Total time for which application threads were stopped: 0.0053640 seconds, Stopping threads took: 0.0028870 seconds
331.410: Application time: 0.0795570 seconds
331.412: [GC [PSYoungGen: 90992K->7328K(97280K)] 114473K->30817K(319488K), 0.0023410 secs] [Times: user=0.02 sys=0.00, real=0.00 secs] 
331.415: Total time for which application threads were stopped: 0.0045480 seconds, Stopping threads took: 0.0021120 seconds
331.493: Application time: 0.0787260 seconds
331.495: [GC [PSYoungGen: 90784K->5856K(97280K)] 114273K->29361K(319488K), 0.0017850 secs] [Times: user=0.01 sys=0.00, real=0.00 secs] 
331.497: Total time for which application threads were stopped: 0.0035380 seconds, Stopping threads took: 0.0016730 seconds
331.576: Application time: 0.0788510 seconds
331.579: [GC [PSYoungGen: 89312K->8272K(97280K)] 112817K->31785K(319488K), 0.0025170 secs] [Times: user=0.02 sys=0.00, real=0.00 secs] 
331.581: Total time for which application threads were stopped: 0.0053060 seconds, Stopping threads took: 0.0027080 seconds
331.660: Application time: 0.0789740 seconds
331.662: [GC [PSYoungGen: 91728K->6816K(97280K)] 115241K->30337K(319488K), 0.0021260 secs] [Times: user=0.01 sys=0.00, real=0.00 secs] 
331.664: Total time for which application threads were stopped: 0.0036040 seconds, Stopping threads took: 0.0013990 seconds
331.742: Application time: 0.0781440 seconds
331.744: [GC [PSYoungGen: 90272K->6416K(97280K)] 113793K->29937K(319488K), 0.0019840 secs] [Times: user=0.01 sys=0.00, real=0.00 secs] 
331.746: Total time for which application threads were stopped: 0.0045520 seconds, Stopping threads took: 0.0024810 seconds
331.824: Application time: 0.0780320 seconds
331.826: [GC [PSYoungGen: 89872K->6800K(97280K)] 113393K->30321K(319488K), 0.0020510 secs] [Times: user=0.01 sys=0.00, real=0.01 secs] 
331.828: Total time for which application threads were stopped: 0.0039220 seconds, Stopping threads took: 0.0017940 seconds
331.907: Application time: 0.0788160 seconds
331.910: [GC [PSYoungGen: 90256K->7440K(97280K)] 113777K->30969K(319488K), 0.0022120 secs] [Times: user=0.02 sys=0.00, real=0.00 secs] 
331.912: Total time for which application threads were stopped: 0.0046420 seconds, Stopping threads took: 0.0023510 seconds
331.992: Application time: 0.0802350 seconds
331.995: [GC [PSYoungGen: 90896K->5984K(97280K)] 114425K->29513K(319488K), 0.0017990 secs] [Times: user=0.01 sys=0.00, real=0.01 secs] 
331.997: Total time for which application threads were stopped: 0.0044190 seconds, Stopping threads took: 0.0025260 seconds
332.077: Application time: 0.0802580 seconds
332.080: [GC [PSYoungGen: 89440K->6400K(97280K)] 112969K->29937K(319488K), 0.0019130 secs] [Times: user=0.02 sys=0.00, real=0.00 secs] 
332.082: Total time for which application threads were stopped: 0.0047510 seconds, Stopping threads took: 0.0027600 seconds
332.161: Application time: 0.0796650 seconds
332.163: [GC [PSYoungGen: 89856K->6560K(97280K)] 113393K->30105K(319488K), 0.0018560 secs] [Times: user=0.01 sys=0.00, real=0.00 secs] 
332.165: Total time for which application threads were stopped: 0.0040310 seconds, Stopping threads took: 0.0020990 seconds
332.246: Application time: 0.0812500 seconds
332.249: [GC [PSYoungGen: 90016K->6976K(97280K)] 113561K->30529K(319488K), 0.0021740 secs] [Times: user=0.01 sys=0.01, real=0.00 secs] 
332.251: Total time for which application threads were stopped: 0.0046930 seconds, Stopping threads took: 0.0024340 seconds
332.330: Application time: 0.0792480 seconds
332.333: [GC [PSYoungGen: 90432K->7440K(97280K)] 113985K->30993K(319488K), 0.0022560 secs] [Times: user=0.01 sys=0.00, real=0.01 secs] 
332.336: Total time for which application threads were stopped: 0.0051100 seconds, Stopping threads took: 0.0027690 seconds
332.416: Application time: 0.0803260 seconds
332.418: [GC [PSYoungGen: 90896K->6784K(97280K)] 114449K->30345K(319488K), 0.0020950 secs] [Times: user=0.01 sys=0.00, real=0.00 secs] 
332.420: Total time for which application threads were stopped: 0.0044240 seconds, Stopping threads took: 0.0022440 seconds
332.498: Application time: 0.0780320 seconds
332.501: [GC [PSYoungGen: 90240K->6480K(97280K)] 113801K->30049K(319488K), 0.0019280 secs] [Times: user=0.01 sys=0.00, real=0.00 secs] 
332.503: Total time for which application threads were stopped: 0.0049220 seconds, Stopping threads took: 0.0029080 seconds
332.581: Application time: 0.0775460 seconds
332.583: [GC [PSYoungGen: 89936K->6880K(97280K)] 113505K->30457K(319488K), 0.0020800 secs] [Times: user=0.02 sys=0.00, real=0.00 secs] 
332.586: Total time for which application threads were stopped: 0.0047100 seconds, Stopping threads took: 0.0025490 seconds
332.662: Application time: 0.0764190 seconds
332.664: [GC [PSYoungGen: 90336K->6992K(97280K)] 113913K->30577K(319488K), 0.0020850 secs] [Times: user=0.01 sys=0.00, real=0.00 secs] 
332.666: Total time for which application threads were stopped: 0.0042040 seconds, Stopping threads took: 0.0020420 seconds
332.746: Application time: 0.0796890 seconds
332.747: [GC [PSYoungGen: 90448K->8080K(97280K)] 114033K->31673K(319488K), 0.0023760 secs] [Times: user=0.02 sys=0.00, real=0.01 secs] 
332.749: Total time for which application threads were stopped: 0.0033360 seconds, Stopping threads took: 0.0008810 seconds
332.827: Application time: 0.0778550 seconds
332.829: [GC [PSYoungGen: 91536K->8400K(97280K)] 115129K->31993K(319488K), 0.0024200 secs] [Times: user=0.02 sys=0.00, real=0.00 secs] 
332.832: Total time for which application threads were stopped: 0.0048220 seconds, Stopping threads took: 0.0023180 seconds
332.912: Application time: 0.0800340 seconds
332.915: [GC [PSYoungGen: 91856K->7360K(97280K)] 115449K->30953K(319488K), 0.0021620 secs] [Times: user=0.01 sys=0.00, real=0.00 secs] 
332.917: Total time for which application threads were stopped: 0.0055820 seconds, Stopping threads took: 0.0033370 seconds
332.995: Application time: 0.0772470 seconds
332.996: [GC [PSYoungGen: 90816K->7760K(97280K)] 114409K->31361K(319488K), 0.0023260 secs] [Times: user=0.02 sys=0.00, real=0.00 secs] 
332.999: Total time for which application threads were stopped: 0.0039870 seconds, Stopping threads took: 0.0015730 seconds
333.079: Application time: 0.0801030 seconds
333.081: [GC [PSYoungGen: 91216K->7248K(97280K)] 114817K->30857K(319488K), 0.0022000 secs] [Times: user=0.02 sys=0.00, real=0.00 secs] 
333.083: Total time for which application threads were stopped: 0.0046150 seconds, Stopping threads took: 0.0023250 seconds
333.165: Application time: 0.0814650 seconds
333.168: [GC [PSYoungGen: 90704K->7056K(97280K)] 114313K->30673K(319488K), 0.0021260 secs] [Times: user=0.01 sys=0.00, real=0.00 secs] 
333.170: Total time for which application threads were stopped: 0.0048090 seconds, Stopping threads took: 0.0025980 seconds
333.248: Application time: 0.0784310 seconds
333.250: [GC [PSYoungGen: 90512K->6640K(97280K)] 114129K->30265K(319488K), 0.0019870 secs] [Times: user=0.01 sys=0.00, real=0.00 secs] 
333.253: Total time for which application threads were stopped: 0.0043780 seconds, Stopping threads took: 0.0023120 seconds
333.332: Application time: 0.0792580 seconds
333.335: [GC [PSYoungGen: 90096K->7936K(97280K)] 113721K->31561K(319488K), 0.0022860 secs] [Times: user=0.01 sys=0.00, real=0.01 secs] 
333.337: Total time for which application threads were stopped: 0.0051150 seconds, Stopping threads took: 0.0027470 seconds
333.417: Application time: 0.0805590 seconds
333.419: [GC [PSYoungGen: 91392K->8288K(97280K)] 115017K->31913K(319488K), 0.0024590 secs] [Times: user=0.02 sys=0.00, real=0.00 secs] 
333.422: Total time for which application threads were stopped: 0.0043330 seconds, Stopping threads took: 0.0017990 seconds
333.494: Application time: 0.0720440 seconds
333.496: [GC [PSYoungGen: 91744K->8368K(97280K)] 115369K->32001K(319488K), 0.0024550 secs] [Times: user=0.02 sys=0.00, real=0.00 secs] 
333.499: Total time for which application threads were stopped: 0.0048510 seconds, Stopping threads took: 0.0023090 seconds
333.574: Application time: 0.0756700 seconds
333.576: [GC [PSYoungGen: 91824K->6176K(97280K)] 115457K->29817K(319488K), 0.0018400 secs] [Times: user=0.01 sys=0.00, real=0.00 secs] 
333.578: Total time for which application threads were stopped: 0.0032350 seconds, Stopping threads took: 0.0013160 seconds
333.651: Application time: 0.0736640 seconds
333.653: [GC [PSYoungGen: 89632K->6256K(97280K)] 113273K->29913K(319488K), 0.0017820 secs] [Times: user=0.01 sys=0.00, real=0.00 secs] 
333.655: Total time for which application threads were stopped: 0.0035640 seconds, Stopping threads took: 0.0016960 seconds
333.729: Application time: 0.0744080 seconds
333.732: [GC [PSYoungGen: 89712K->6320K(97280K)] 113369K->29985K(319488K), 0.0019460 secs] [Times: user=0.01 sys=0.00, real=0.00 secs] 
333.734: Total time for which application threads were stopped: 0.0050600 seconds, Stopping threads took: 0.0030330 seconds
333.807: Application time: 0.0726640 seconds
333.809: [GC [PSYoungGen: 89776K->7328K(97280K)] 113441K->30993K(319488K), 0.0023140 secs] [Times: user=0.01 sys=0.00, real=0.00 secs] 
333.812: Total time for which application threads were stopped: 0.0047640 seconds, Stopping threads took: 0.0023690 seconds
333.890: Application time: 0.0781640 seconds
333.893: [GC [PSYoungGen: 90784K->6768K(97280K)] 114449K->30433K(319488K), 0.0020890 secs] [Times: user=0.01 sys=0.00, real=0.01 secs] 
333.895: Total time for which application threads were stopped: 0.0049980 seconds, Stopping threads took: 0.0028300 seconds
333.966: Application time: 0.0714480 seconds
333.969: [GC [PSYoungGen: 90224K->8032K(97280K)] 113889K->31705K(319488K), 0.0023680 secs] [Times: user=0.01 sys=0.00, real=0.00 secs] 
333.972: Total time for which application threads were stopped: 0.0051980 seconds, Stopping threads took: 0.0027470 seconds
334.049: Application time: 0.0775700 seconds
334.051: [GC [PSYoungGen: 91488K->7424K(97280K)] 115161K->31105K(319488K), 0.0020880 secs] [Times: user=0.01 sys=0.00, real=0.00 secs] 
334.053: Total time for which application threads were stopped: 0.0036740 seconds, Stopping threads took: 0.0015060 seconds
334.126: Application time: 0.0734320 seconds
334.128: [GC [PSYoungGen: 90880K->6352K(97280K)] 114561K->30041K(319488K), 0.0018210 secs] [Times: user=0.01 sys=0.00, real=0.00 secs] 
334.129: Total time for which application threads were stopped: 0.0031790 seconds, Stopping threads took: 0.0012810 seconds
334.207: Application time: 0.0778290 seconds
334.208: [GC [PSYoungGen: 89808K->5664K(97280K)] 113497K->29361K(319488K), 0.0017680 secs] [Times: user=0.01 sys=0.00, real=0.00 secs] 
334.209: Total time for which application threads were stopped: 0.0020510 seconds, Stopping threads took: 0.0002060 seconds
334.287: Application time: 0.0774650 seconds
334.289: [GC [PSYoungGen: 89120K->7520K(97280K)] 112817K->31217K(319488K), 0.0022530 secs] [Times: user=0.02 sys=0.00, real=0.00 secs] 
334.291: Total time for which application threads were stopped: 0.0045880 seconds, Stopping threads took: 0.0022570 seconds
334.370: Application time: 0.0781550 seconds
334.371: [GC [PSYoungGen: 90976K->7072K(97280K)] 114673K->30769K(319488K), 0.0020150 secs] [Times: user=0.01 sys=0.00, real=0.00 secs] 
334.373: Total time for which application threads were stopped: 0.0033220 seconds, Stopping threads took: 0.0012260 seconds
334.447: Application time: 0.0737380 seconds
334.449: [GC [PSYoungGen: 90528K->7424K(97280K)] 114225K->31129K(319488K), 0.0021700 secs] [Times: user=0.01 sys=0.00, real=0.00 secs] 
334.451: Total time for which application threads were stopped: 0.0045090 seconds, Stopping threads took: 0.0022590 seconds
334.528: Application time: 0.0767900 seconds
334.529: [GC [PSYoungGen: 90880K->5696K(97280K)] 114585K->29409K(319488K), 0.0016710 secs] [Times: user=0.01 sys=0.00, real=0.00 secs] 
334.531: Total time for which application threads were stopped: 0.0032090 seconds, Stopping threads took: 0.0014570 seconds
334.605: Application time: 0.0742800 seconds
334.608: [GC [PSYoungGen: 89152K->6928K(97280K)] 112865K->30649K(319488K), 0.0020150 secs] [Times: user=0.02 sys=0.00, real=0.00 secs] 
334.610: Total time for which application threads were stopped: 0.0044210 seconds, Stopping threads took: 0.0023310 seconds
334.688: Application time: 0.0778610 seconds
334.690: [GC [PSYoungGen: 90384K->5520K(97280K)] 114105K->29249K(319488K), 0.0017100 secs] [Times: user=0.01 sys=0.00, real=0.00 secs] 
334.692: Total time for which application threads were stopped: 0.0040630 seconds, Stopping threads took: 0.0022810 seconds
334.768: Application time: 0.0758670 seconds
334.770: [GC [PSYoungGen: 88976K->5728K(97280K)] 112705K->29465K(319488K), 0.0016380 secs] [Times: user=0.01 sys=0.00, real=0.00 secs] 
334.771: Total time for which application threads were stopped: 0.0038330 seconds, Stopping threads took: 0.0021140 seconds
334.849: Application time: 0.0772730 seconds
334.851: [GC [PSYoungGen: 89184K->8240K(97280K)] 112921K->31977K(319488K), 0.0024150 secs] [Times: user=0.01 sys=0.00, real=0.00 secs] 
334.854: Total time for which application threads were stopped: 0.0052250 seconds, Stopping threads took: 0.0027270 seconds
334.929: Application time: 0.0751420 seconds
334.931: [GC [PSYoungGen: 91696K->7520K(97280K)] 115433K->31265K(319488K), 0.0023950 secs] [Times: user=0.02 sys=0.00, real=0.00 secs] 
334.933: Total time for which application threads were stopped: 0.0041730 seconds, Stopping threads took: 0.0016960 seconds
335.007: Application time: 0.0735570 seconds
335.009: [GC [PSYoungGen: 90976K->7760K(97280K)] 114721K->31513K(319488K), 0.0022960 secs] [Times: user=0.01 sys=0.00, real=0.00 secs] 
335.011: Total time for which application threads were stopped: 0.0044600 seconds, Stopping threads took: 0.0020830 seconds
335.087: Application time: 0.0752450 seconds
335.089: [GC [PSYoungGen: 91216K->7280K(97280K)] 114969K->31041K(319488K), 0.0021290 secs] [Times: user=0.02 sys=0.00, real=0.00 secs] 
335.092: Total time for which application threads were stopped: 0.0049720 seconds, Stopping threads took: 0.0027650 seconds
335.167: Application time: 0.0750620 seconds
335.169: [GC [PSYoungGen: 90736K->5632K(97280K)] 114497K->29401K(319488K), 0.0016630 secs] [Times: user=0.01 sys=0.00, real=0.00 secs] 
335.171: Total time for which application threads were stopped: 0.0040640 seconds, Stopping threads took: 0.0023210 seconds
335.245: Application time: 0.0746990 seconds
335.247: [GC [PSYoungGen: 89088K->7728K(97280K)] 112857K->31505K(319488K), 0.0023200 secs] [Times: user=0.02 sys=0.00, real=0.00 secs] 
335.250: Total time for which application threads were stopped: 0.0045130 seconds, Stopping threads took: 0.0021110 seconds
335.324: Application time: 0.0739340 seconds
335.326: [GC [PSYoungGen: 91184K->6288K(97280K)] 114961K->30065K(319488K), 0.0018930 secs] [Times: user=0.01 sys=0.00, real=0.01 secs] 
335.328: Total time for which application threads were stopped: 0.0039430 seconds, Stopping threads took: 0.0019590 seconds
335.403: Application time: 0.0750820 seconds
335.405: [GC [PSYoungGen: 89744K->7552K(97280K)] 113521K->31329K(319488K), 0.0022180 secs] [Times: user=0.02 sys=0.00, real=0.01 secs] 
335.407: Total time for which application threads were stopped: 0.0046100 seconds, Stopping threads took: 0.0023140 seconds
335.481: Application time: 0.0739260 seconds
335.484: [GC [PSYoungGen: 91008K->7936K(97280K)] 114785K->31721K(319488K), 0.0023490 secs] [Times: user=0.02 sys=0.00, real=0.00 secs] 
335.486: Total time for which application threads were stopped: 0.0047000 seconds, Stopping threads took: 0.0022710 seconds
335.563: Application time: 0.0773350 seconds
335.566: [GC [PSYoungGen: 91392K->5920K(97280K)] 115177K->29713K(319488K), 0.0017520 secs] [Times: user=0.01 sys=0.00, real=0.01 secs] 
335.568: Total time for which application threads were stopped: 0.0042080 seconds, Stopping threads took: 0.0023800 seconds
335.645: Application time: 0.0773750 seconds
335.647: [GC [PSYoungGen: 89376K->5840K(97280K)] 113169K->29641K(319488K), 0.0018790 secs] [Times: user=0.01 sys=0.00, real=0.00 secs] 
335.649: Total time for which application threads were stopped: 0.0042100 seconds, Stopping threads took: 0.0022350 seconds
335.721: Application time: 0.0715680 seconds
335.723: [GC [PSYoungGen: 89296K->8224K(97280K)] 113097K->32033K(319488K), 0.0025020 secs] [Times: user=0.02 sys=0.00, real=0.00 secs] 
335.725: Total time for which application threads were stopped: 0.0044170 seconds, Stopping threads took: 0.0018300 seconds
335.803: Application time: 0.0782670 seconds
335.805: [GC [PSYoungGen: 91680K->6064K(97280K)] 115489K->29873K(319488K), 0.0019210 secs] [Times: user=0.01 sys=0.00, real=0.01 secs] 
335.807: Total time for which application threads were stopped: 0.0038520 seconds, Stopping threads took: 0.0018510 seconds
335.884: Application time: 0.0767170 seconds
335.886: [GC [PSYoungGen: 89520K->6064K(97280K)] 113329K->29873K(319488K), 0.0017550 secs] [Times: user=0.01 sys=0.00, real=0.01 secs] 
335.888: Total time for which application threads were stopped: 0.0036720 seconds, Stopping threads took: 0.0018310 seconds
335.963: Application time: 0.0754240 seconds
335.965: [GC [PSYoungGen: 89520K->6144K(97280K)] 113329K->29961K(319488K), 0.0017460 secs] [Times: user=0.01 sys=0.00, real=0.00 secs] 
335.967: Total time for which application threads were stopped: 0.0037130 seconds, Stopping threads took: 0.0018940 seconds
336.043: Application time: 0.0762010 seconds
336.045: [GC [PSYoungGen: 89600K->6688K(97280K)] 113417K->30513K(319488K), 0.0020180 secs] [Times: user=0.02 sys=0.00, real=0.01 secs] 
336.047: Total time for which application threads were stopped: 0.0042950 seconds, Stopping threads took: 0.0021930 seconds
336.124: Application time: 0.0767140 seconds
336.127: [GC [PSYoungGen: 90144K->6304K(97280K)] 113969K->30137K(319488K), 0.0019380 secs] [Times: user=0.02 sys=0.00, real=0.01 secs] 
336.129: Total time for which application threads were stopped: 0.0046640 seconds, Stopping threads took: 0.0026460 seconds
336.207: Application time: 0.0782500 seconds
336.210: [GC [PSYoungGen: 89760K->7152K(97280K)] 113593K->31001K(319488K), 0.0021440 secs] [Times: user=0.02 sys=0.00, real=0.00 secs] 
336.212: Total time for which application threads were stopped: 0.0050260 seconds, Stopping threads took: 0.0028040 seconds
336.290: Application time: 0.0775410 seconds
336.291: [GC [PSYoungGen: 90608K->5616K(97280K)] 114457K->29473K(319488K), 0.0017050 secs] [Times: user=0.01 sys=0.00, real=0.00 secs] 
336.293: Total time for which application threads were stopped: 0.0034330 seconds, Stopping threads took: 0.0016460 seconds
336.364: Application time: 0.0713060 seconds
336.366: [GC [PSYoungGen: 89072K->7824K(97280K)] 112929K->31681K(319488K), 0.0024990 secs] [Times: user=0.01 sys=0.00, real=0.01 secs] 
336.369: Total time for which application threads were stopped: 0.0044750 seconds, Stopping threads took: 0.0018930 seconds
336.441: Application time: 0.0717740 seconds
336.444: [GC [PSYoungGen: 91280K->6784K(97280K)] 115137K->30649K(319488K), 0.0021420 secs] [Times: user=0.02 sys=0.00, real=0.00 secs] 
336.446: Total time for which application threads were stopped: 0.0053820 seconds, Stopping threads took: 0.0031550 seconds
336.520: Application time: 0.0740780 seconds
336.522: [GC [PSYoungGen: 90240K->7248K(97280K)] 114105K->31121K(319488K), 0.0023300 secs] [Times: user=0.02 sys=0.00, real=0.00 secs] 
336.524: Total time for which application threads were stopped: 0.0040280 seconds, Stopping threads took: 0.0015910 seconds
336.601: Application time: 0.0768870 seconds
336.604: [GC [PSYoungGen: 90704K->7600K(97280K)] 114577K->31481K(319488K), 0.0022020 secs] [Times: user=0.01 sys=0.00, real=0.00 secs] 
336.606: Total time for which application threads were stopped: 0.0051020 seconds, Stopping threads took: 0.0028180 seconds
336.679: Application time: 0.0725570 seconds
336.680: [GC [PSYoungGen: 91056K->6800K(97280K)] 114937K->30689K(319488K), 0.0019950 secs] [Times: user=0.01 sys=0.00, real=0.00 secs] 
336.682: Total time for which application threads were stopped: 0.0037230 seconds, Stopping threads took: 0.0016420 seconds
336.755: Application time: 0.0725820 seconds
336.757: [GC [PSYoungGen: 90256K->8304K(97280K)] 114145K->32201K(319488K), 0.0025170 secs] [Times: user=0.02 sys=0.00, real=0.00 secs] 
336.760: Total time for which application threads were stopped: 0.0047210 seconds, Stopping threads took: 0.0021200 seconds
336.833: Application time: 0.0736090 seconds
336.836: [GC [PSYoungGen: 91760K->7648K(97280K)] 115657K->31545K(319488K), 0.0021560 secs] [Times: user=0.01 sys=0.00, real=0.00 secs] 
336.838: Total time for which application threads were stopped: 0.0049240 seconds, Stopping threads took: 0.0026870 seconds
336.912: Application time: 0.0739870 seconds
336.915: [GC [PSYoungGen: 91104K->7840K(97280K)] 115001K->31745K(319488K), 0.0023550 secs] [Times: user=0.01 sys=0.00, real=0.00 secs] 
336.917: Total time for which application threads were stopped: 0.0052660 seconds, Stopping threads took: 0.0028270 seconds
336.991: Application time: 0.0736250 seconds
336.994: [GC [PSYoungGen: 91296K->8144K(97280K)] 115201K->32049K(319488K), 0.0024830 secs] [Times: user=0.02 sys=0.00, real=0.01 secs] 
336.996: Total time for which application threads were stopped: 0.0053320 seconds, Stopping threads took: 0.0027470 seconds
337.070: Application time: 0.0735770 seconds
337.073: [GC [PSYoungGen: 91600K->7632K(97280K)] 115505K->31545K(319488K), 0.0021810 secs] [Times: user=0.01 sys=0.01, real=0.01 secs] 
337.075: Total time for which application threads were stopped: 0.0051590 seconds, Stopping threads took: 0.0028910 seconds
337.154: Application time: 0.0784440 seconds
337.156: [GC [PSYoungGen: 91088K->6032K(97280K)] 115001K->29953K(319488K), 0.0020620 secs] [Times: user=0.01 sys=0.00, real=0.00 secs] 
337.158: Total time for which application threads were stopped: 0.0048370 seconds, Stopping threads took: 0.0026960 seconds
337.232: Application time: 0.0737670 seconds
337.234: [GC [PSYoungGen: 89488K->7184K(97280K)] 113409K->31113K(319488K), 0.0022270 secs] [Times: user=0.02 sys=0.00, real=0.01 secs] 
337.237: Total time for which application threads were stopped: 0.0045640 seconds, Stopping threads took: 0.0022540 seconds
337.313: Application time: 0.0758410 seconds
337.315: [GC [PSYoungGen: 90640K->6576K(97280K)] 114569K->30505K(319488K), 0.0018850 secs] [Times: user=0.01 sys=0.00, real=0.00 secs] 
337.317: Total time for which application threads were stopped: 0.0044240 seconds, Stopping threads took: 0.0024640 seconds
337.390: Application time: 0.0729430 seconds
337.392: [GC [PSYoungGen: 90032K->7360K(97280K)] 113961K->31297K(319488K), 0.0021320 secs] [Times: user=0.02 sys=0.00, real=0.00 secs] 
337.394: Total time for which application threads were stopped: 0.0038070 seconds, Stopping threads took: 0.0015960 seconds
337.470: Application time: 0.0763500 seconds
337.472: [GC [PSYoungGen: 90816K->6656K(97280K)] 114753K->30601K(319488K), 0.0020890 secs] [Times: user=0.01 sys=0.00, real=0.00 secs] 
337.474: Total time for which application threads were stopped: 0.0041870 seconds, Stopping threads took: 0.0020100 seconds
337.554: Application time: 0.0800490 seconds
337.557: [GC [PSYoungGen: 90112K->6304K(97280K)] 114057K->30257K(319488K), 0.0019960 secs] [Times: user=0.01 sys=0.00, real=0.00 secs] 
337.559: Total time for which application threads were stopped: 0.0042140 seconds, Stopping threads took: 0.0021170 seconds
337.637: Application time: 0.0783720 seconds
337.639: [GC [PSYoungGen: 89760K->8224K(97280K)] 113713K->32185K(319488K), 0.0024910 secs] [Times: user=0.02 sys=0.00, real=0.00 secs] 
337.642: Total time for which application threads were stopped: 0.0050510 seconds, Stopping threads took: 0.0024730 seconds
337.723: Application time: 0.0811110 seconds
337.726: [GC [PSYoungGen: 91680K->6656K(97280K)] 115641K->30625K(319488K), 0.0020940 secs] [Times: user=0.01 sys=0.00, real=0.01 secs] 
337.728: Total time for which application threads were stopped: 0.0047730 seconds, Stopping threads took: 0.0025980 seconds
337.806: Application time: 0.0785260 seconds
337.809: [GC [PSYoungGen: 90112K->7984K(97280K)] 114081K->31953K(319488K), 0.0023400 secs] [Times: user=0.01 sys=0.00, real=0.00 secs] 
337.811: Total time for which application threads were stopped: 0.0046640 seconds, Stopping threads took: 0.0022450 seconds
337.890: Application time: 0.0791320 seconds
337.893: [GC [PSYoungGen: 91440K->7392K(97280K)] 115409K->31369K(319488K), 0.0022760 secs] [Times: user=0.02 sys=0.00, real=0.01 secs] 
337.895: Total time for which application threads were stopped: 0.0049450 seconds, Stopping threads took: 0.0025850 seconds
337.975: Application time: 0.0796090 seconds
337.977: [GC [PSYoungGen: 90848K->6640K(97280K)] 114825K->30625K(319488K), 0.0018800 secs] [Times: user=0.02 sys=0.00, real=0.00 secs] 
337.979: Total time for which application threads were stopped: 0.0041230 seconds, Stopping threads took: 0.0021560 seconds
338.058: Application time: 0.0793460 seconds
338.061: [GC [PSYoungGen: 90096K->7584K(97280K)] 114081K->31577K(319488K), 0.0022930 secs] [Times: user=0.01 sys=0.00, real=0.00 secs] 
338.064: Total time for which application threads were stopped: 0.0054030 seconds, Stopping threads took: 0.0030190 seconds
338.142: Application time: 0.0785300 seconds
338.143: [GC [PSYoungGen: 91040K->6768K(97280K)] 115033K->30769K(319488K), 0.0020920 secs] [Times: user=0.01 sys=0.00, real=0.00 secs] 
338.146: Total time for which application threads were stopped: 0.0034120 seconds, Stopping threads took: 0.0012390 seconds
338.227: Application time: 0.0810610 seconds
338.229: [GC [PSYoungGen: 90224K->7360K(97280K)] 114225K->31369K(319488K), 0.0022240 secs] [Times: user=0.01 sys=0.00, real=0.00 secs] 
338.231: Total time for which application threads were stopped: 0.0045920 seconds, Stopping threads took: 0.0022790 seconds
338.311: Application time: 0.0797770 seconds
338.314: [GC [PSYoungGen: 90816K->6768K(97280K)] 114825K->30777K(319488K), 0.0020480 secs] [Times: user=0.02 sys=0.00, real=0.01 secs] 
338.316: Total time for which application threads were stopped: 0.0051830 seconds, Stopping threads took: 0.0030490 seconds
338.396: Application time: 0.0798660 seconds
338.399: [GC [PSYoungGen: 90224K->6592K(97280K)] 114233K->30601K(319488K), 0.0019710 secs] [Times: user=0.02 sys=0.00, real=0.00 secs] 
338.401: Total time for which application threads were stopped: 0.0048700 seconds, Stopping threads took: 0.0028190 seconds
338.481: Application time: 0.0802730 seconds
338.484: [GC [PSYoungGen: 90048K->6192K(97280K)] 114057K->30209K(319488K), 0.0018920 secs] [Times: user=0.01 sys=0.00, real=0.00 secs] 
338.486: Total time for which application threads were stopped: 0.0043520 seconds, Stopping threads took: 0.0023830 seconds
338.567: Application time: 0.0816350 seconds
338.569: [GC [PSYoungGen: 89648K->7664K(97280K)] 113665K->31689K(319488K), 0.0025520 secs] [Times: user=0.01 sys=0.00, real=0.00 secs] 
338.572: Total time for which application threads were stopped: 0.0046790 seconds, Stopping threads took: 0.0020290 seconds
338.648: Application time: 0.0763430 seconds
338.651: [GC [PSYoungGen: 91120K->7584K(97280K)] 115145K->31617K(319488K), 0.0024160 secs] [Times: user=0.01 sys=0.00, real=0.00 secs] 
338.653: Total time for which application threads were stopped: 0.0049030 seconds, Stopping threads took: 0.0024020 seconds
338.733: Application time: 0.0800490 seconds
338.736: [GC [PSYoungGen: 91040K->7136K(97280K)] 115073K->31177K(319488K), 0.0021880 secs] [Times: user=0.01 sys=0.00, real=0.00 secs] 
338.738: Total time for which application threads were stopped: 0.0046120 seconds, Stopping threads took: 0.0023400 seconds
338.816: Application time: 0.0786510 seconds
338.819: [GC [PSYoungGen: 90592K->7184K(97280K)] 114633K->31233K(319488K), 0.0020860 secs] [Times: user=0.01 sys=0.01, real=0.00 secs] 
338.821: Total time for which application threads were stopped: 0.0044630 seconds, Stopping threads took: 0.0022930 seconds
338.901: Application time: 0.0803570 seconds
338.904: [GC [PSYoungGen: 90640K->6608K(97280K)] 114689K->30657K(319488K), 0.0019920 secs] [Times: user=0.01 sys=0.00, real=0.00 secs] 
338.906: Total time for which application threads were stopped: 0.0048460 seconds, Stopping threads took: 0.0027600 seconds
338.985: Application time: 0.0787000 seconds
338.988: [GC [PSYoungGen: 90064K->7408K(97280K)] 114113K->31465K(319488K), 0.0021550 secs] [Times: user=0.01 sys=0.00, real=0.00 secs] 
338.990: Total time for which application threads were stopped: 0.0056610 seconds, Stopping threads took: 0.0034270 seconds
339.069: Application time: 0.0785020 seconds
339.072: [GC [PSYoungGen: 90864K->6768K(97280K)] 114921K->30833K(319488K), 0.0020920 secs] [Times: user=0.01 sys=0.00, real=0.00 secs] 
339.074: Total time for which application threads were stopped: 0.0050710 seconds, Stopping threads took: 0.0028880 seconds
339.152: Application time: 0.0779640 seconds
339.154: [GC [PSYoungGen: 90224K->7952K(97280K)] 114289K->32025K(319488K), 0.0025000 secs] [Times: user=0.01 sys=0.00, real=0.01 secs] 
339.157: Total time for which application threads were stopped: 0.0047080 seconds, Stopping threads took: 0.0021030 seconds
339.235: Application time: 0.0779990 seconds
339.238: [GC [PSYoungGen: 91408K->7296K(97280K)] 115481K->31377K(319488K), 0.0023490 secs] [Times: user=0.02 sys=0.00, real=0.00 secs] 
339.240: Total time for which application threads were stopped: 0.0052560 seconds, Stopping threads took: 0.0028010 seconds
339.319: Application time: 0.0785040 seconds
339.321: [GC [PSYoungGen: 90752K->7792K(97280K)] 114833K->31881K(319488K), 0.0022920 secs] [Times: user=0.02 sys=0.00, real=0.00 secs] 
339.323: Total time for which application threads were stopped: 0.0049420 seconds, Stopping threads took: 0.0025690 seconds
339.404: Application time: 0.0801590 seconds
339.405: [GC [PSYoungGen: 91248K->5680K(97280K)] 115337K->29769K(319488K), 0.0017530 secs] [Times: user=0.01 sys=0.00, real=0.00 secs] 
339.407: Total time for which application threads were stopped: 0.0029510 seconds, Stopping threads took: 0.0011210 seconds
339.486: Application time: 0.0798700 seconds
339.489: [GC [PSYoungGen: 89136K->7440K(97280K)] 113225K->31537K(319488K), 0.0022320 secs] [Times: user=0.01 sys=0.01, real=0.00 secs] 
339.491: Total time for which application threads were stopped: 0.0044750 seconds, Stopping threads took: 0.0021380 seconds
339.572: Application time: 0.0810870 seconds
339.575: [GC [PSYoungGen: 90896K->7536K(97280K)] 114993K->31641K(319488K), 0.0022950 secs] [Times: user=0.02 sys=0.00, real=0.00 secs] 
339.577: Total time for which application threads were stopped: 0.0054610 seconds, Stopping threads took: 0.0030720 seconds
339.657: Application time: 0.0790690 seconds
339.658: [GC [PSYoungGen: 90992K->6944K(97280K)] 115097K->31057K(319488K), 0.0020190 secs] [Times: user=0.01 sys=0.00, real=0.00 secs] 
339.660: Total time for which application threads were stopped: 0.0038550 seconds, Stopping threads took: 0.0017540 seconds
339.738: Application time: 0.0771160 seconds
339.741: [GC [PSYoungGen: 90400K->7376K(97280K)] 114513K->31497K(319488K), 0.0022380 secs] [Times: user=0.02 sys=0.00, real=0.00 secs] 
339.743: Total time for which application threads were stopped: 0.0055110 seconds, Stopping threads took: 0.0031910 seconds
339.823: Application time: 0.0796580 seconds
339.826: [GC [PSYoungGen: 90832K->7152K(97280K)] 114953K->31281K(319488K), 0.0020390 secs] [Times: user=0.01 sys=0.00, real=0.01 secs] 
339.828: Total time for which application threads were stopped: 0.0054080 seconds, Stopping threads took: 0.0032900 seconds
339.908: Application time: 0.0796840 seconds
339.910: [GC [PSYoungGen: 90608K->7040K(97280K)] 114737K->31169K(319488K), 0.0020850 secs] [Times: user=0.01 sys=0.00, real=0.00 secs] 
339.912: Total time for which application threads were stopped: 0.0041980 seconds, Stopping threads took: 0.0020310 seconds
339.990: Application time: 0.0780540 seconds
339.991: [GC [PSYoungGen: 90496K->6576K(97280K)] 114625K->30713K(319488K), 0.0018610 secs] [Times: user=0.01 sys=0.00, real=0.00 secs] 
339.993: Total time for which application threads were stopped: 0.0032460 seconds, Stopping threads took: 0.0013100 seconds
340.071: Application time: 0.0774450 seconds
340.073: [GC [PSYoungGen: 90032K->7040K(97280K)] 114169K->31185K(319488K), 0.0021550 secs] [Times: user=0.01 sys=0.01, real=0.01 secs] 
340.075: Total time for which application threads were stopped: 0.0044020 seconds, Stopping threads took: 0.0021610 seconds
340.153: Application time: 0.0777910 seconds
340.155: [GC [PSYoungGen: 90495K->7328K(97280K)] 114641K->31481K(319488K), 0.0022390 secs] [Times: user=0.01 sys=0.00, real=0.01 secs] 
340.157: Total time for which application threads were stopped: 0.0040820 seconds, Stopping threads took: 0.0017510 seconds
340.236: Application time: 0.0790760 seconds
340.239: [GC [PSYoungGen: 90784K->6976K(97280K)] 114937K->31137K(319488K), 0.0020730 secs] [Times: user=0.01 sys=0.00, real=0.00 secs] 
340.241: Total time for which application threads were stopped: 0.0049820 seconds, Stopping threads took: 0.0028210 seconds
340.321: Application time: 0.0802330 seconds
340.324: [GC [PSYoungGen: 90432K->6576K(97280K)] 114593K->30745K(319488K), 0.0020150 secs] [Times: user=0.02 sys=0.00, real=0.00 secs] 
340.326: Total time for which application threads were stopped: 0.0046060 seconds, Stopping threads took: 0.0025120 seconds
340.405: Application time: 0.0790970 seconds
340.407: [GC [PSYoungGen: 90032K->6240K(97280K)] 114201K->30417K(319488K), 0.0018600 secs] [Times: user=0.01 sys=0.00, real=0.00 secs] 
340.409: Total time for which application threads were stopped: 0.0042890 seconds, Stopping threads took: 0.0023530 seconds
340.488: Application time: 0.0790570 seconds
340.490: [GC [PSYoungGen: 89696K->7936K(97280K)] 113873K->32121K(319488K), 0.0024520 secs] [Times: user=0.02 sys=0.00, real=0.00 secs] 
340.492: Total time for which application threads were stopped: 0.0039560 seconds, Stopping threads took: 0.0014200 seconds
340.570: Application time: 0.0779280 seconds
340.572: [GC [PSYoungGen: 91392K->6592K(97280K)] 115577K->30785K(319488K), 0.0019280 secs] [Times: user=0.01 sys=0.00, real=0.00 secs] 
340.574: Total time for which application threads were stopped: 0.0037260 seconds, Stopping threads took: 0.0017190 seconds
340.653: Application time: 0.0787580 seconds
340.655: [GC [PSYoungGen: 90048K->7536K(97280K)] 114241K->31737K(319488K), 0.0022160 secs] [Times: user=0.02 sys=0.00, real=0.00 secs] 
340.658: Total time for which application threads were stopped: 0.0049490 seconds, Stopping threads took: 0.0026390 seconds
340.736: Application time: 0.0779840 seconds
340.738: [GC [PSYoungGen: 90992K->7040K(97280K)] 115193K->31249K(319488K), 0.0021160 secs] [Times: user=0.01 sys=0.00, real=0.00 secs] 
340.741: Total time for which application threads were stopped: 0.0048690 seconds, Stopping threads took: 0.0026710 seconds
340.818: Application time: 0.0778880 seconds
340.821: [GC [PSYoungGen: 90496K->6592K(97280K)] 114705K->30809K(319488K), 0.0019240 secs] [Times: user=0.01 sys=0.00, real=0.00 secs] 
340.823: Total time for which application threads were stopped: 0.0045350 seconds, Stopping threads took: 0.0025310 seconds
340.904: Application time: 0.0809120 seconds
340.906: [GC [PSYoungGen: 90048K->6304K(97280K)] 114265K->30529K(319488K), 0.0018210 secs] [Times: user=0.01 sys=0.00, real=0.01 secs] 
340.908: Total time for which application threads were stopped: 0.0041420 seconds, Stopping threads took: 0.0022410 seconds
340.988: Application time: 0.0797930 seconds
340.991: [GC [PSYoungGen: 89760K->7632K(97280K)] 113985K->31865K(319488K), 0.0022910 secs] [Times: user=0.02 sys=0.00, real=0.00 secs] 
340.994: Total time for which application threads were stopped: 0.0058880 seconds, Stopping threads took: 0.0035220 seconds
341.071: Application time: 0.0769800 seconds
341.073: [GC [PSYoungGen: 91088K->8016K(97280K)] 115321K->32257K(319488K), 0.0024210 secs] [Times: user=0.02 sys=0.00, real=0.01 secs] 
341.075: Total time for which application threads were stopped: 0.0047150 seconds, Stopping threads took: 0.0022110 seconds
341.154: Application time: 0.0781850 seconds
341.155: [GC [PSYoungGen: 91472K->7728K(97280K)] 115713K->31977K(319488K), 0.0023360 secs] [Times: user=0.01 sys=0.00, real=0.00 secs] 
341.158: Total time for which application threads were stopped: 0.0041360 seconds, Stopping threads took: 0.0017060 seconds
341.236: Application time: 0.0785890 seconds
341.239: [GC [PSYoungGen: 91184K->6048K(97280K)] 115433K->30305K(319488K), 0.0019030 secs] [Times: user=0.01 sys=0.00, real=0.00 secs] 
341.241: Total time for which application threads were stopped: 0.0041670 seconds, Stopping threads took: 0.0021680 seconds
341.321: Application time: 0.0806020 seconds
341.324: [GC [PSYoungGen: 89504K->6464K(97280K)] 113761K->30729K(319488K), 0.0022800 secs] [Times: user=0.01 sys=0.00, real=0.00 secs] 
341.326: Total time for which application threads were stopped: 0.0051560 seconds, Stopping threads took: 0.0027830 seconds
341.408: Application time: 0.0817570 seconds
341.411: [GC [PSYoungGen: 89920K->8080K(97280K)] 114185K->32353K(319488K), 0.0023630 secs] [Times: user=0.02 sys=0.00, real=0.00 secs] 
341.413: Total time for which application threads were stopped: 0.0049610 seconds, Stopping threads took: 0.0025100 seconds
341.488: Application time: 0.0745370 seconds
341.489: [GC [PSYoungGen: 91536K->6464K(97280K)] 115809K->30737K(319488K), 0.0020020 secs] [Times: user=0.01 sys=0.00, real=0.00 secs] 
341.491: Total time for which application threads were stopped: 0.0038840 seconds, Stopping threads took: 0.0017980 seconds
341.565: Application time: 0.0733540 seconds
341.568: [GC [PSYoungGen: 89920K->8064K(97280K)] 114193K->32353K(319488K), 0.0026420 secs] [Times: user=0.02 sys=0.00, real=0.00 secs] 
341.570: Total time for which application threads were stopped: 0.0056750 seconds, Stopping threads took: 0.0029400 seconds
341.644: Application time: 0.0731480 seconds
341.646: [GC [PSYoungGen: 91520K->7264K(97280K)] 115809K->31561K(319488K), 0.0022210 secs] [Times: user=0.01 sys=0.00, real=0.01 secs] 
341.649: Total time for which application threads were stopped: 0.0049160 seconds, Stopping threads took: 0.0025900 seconds
341.724: Application time: 0.0752290 seconds
341.726: [GC [PSYoungGen: 90720K->5984K(97280K)] 115017K->30289K(319488K), 0.0018900 secs] [Times: user=0.01 sys=0.00, real=0.01 secs] 
341.728: Total time for which application threads were stopped: 0.0038570 seconds, Stopping threads took: 0.0018860 seconds
341.804: Application time: 0.0765920 seconds
341.807: [GC [PSYoungGen: 89440K->6720K(97280K)] 113745K->31033K(319488K), 0.0018920 secs] [Times: user=0.02 sys=0.00, real=0.01 secs] 
341.809: Total time for which application threads were stopped: 0.0045330 seconds, Stopping threads took: 0.0025530 seconds
341.883: Application time: 0.0740190 seconds
341.885: [GC [PSYoungGen: 90176K->8176K(97280K)] 114489K->32497K(319488K), 0.0026240 secs] [Times: user=0.02 sys=0.00, real=0.01 secs] 
341.888: Total time for which application threads were stopped: 0.0048620 seconds, Stopping threads took: 0.0021550 seconds
341.964: Application time: 0.0762570 seconds
341.967: [GC [PSYoungGen: 91632K->6736K(97280K)] 115953K->31057K(319488K), 0.0020580 secs] [Times: user=0.01 sys=0.01, real=0.01 secs] 
341.969: Total time for which application threads were stopped: 0.0050790 seconds, Stopping threads took: 0.0029390 seconds
342.043: Application time: 0.0737410 seconds
342.044: [GC [PSYoungGen: 90192K->7072K(97280K)] 114513K->31401K(319488K), 0.0021110 secs] [Times: user=0.02 sys=0.00, real=0.00 secs] 
342.046: Total time for which application threads were stopped: 0.0036520 seconds, Stopping threads took: 0.0014620 seconds
342.124: Application time: 0.0778130 seconds
342.127: [GC [PSYoungGen: 90528K->5136K(97280K)] 114857K->29473K(319488K), 0.0015230 secs] [Times: user=0.01 sys=0.00, real=0.00 secs] 
342.129: Total time for which application threads were stopped: 0.0044250 seconds, Stopping threads took: 0.0028310 seconds
342.209: Application time: 0.0804490 seconds
342.210: [GC [PSYoungGen: 88592K->6544K(97280K)] 112929K->30889K(319488K), 0.0019950 secs] [Times: user=0.02 sys=0.00, real=0.00 secs] 
342.212: Total time for which application threads were stopped: 0.0034510 seconds, Stopping threads took: 0.0013770 seconds
342.290: Application time: 0.0771030 seconds
342.291: [GC [PSYoungGen: 90000K->5600K(97280K)] 114345K->29953K(319488K), 0.0016310 secs] [Times: user=0.01 sys=0.00, real=0.00 secs] 
342.293: Total time for which application threads were stopped: 0.0032690 seconds, Stopping threads took: 0.0015660 seconds
342.368: Application time: 0.0754360 seconds
342.371: [GC [PSYoungGen: 89056K->6192K(97280K)] 113409K->30545K(319488K), 0.0020780 secs] [Times: user=0.01 sys=0.00, real=0.00 secs] 
342.373: Total time for which application threads were stopped: 0.0047570 seconds, Stopping threads took: 0.0025920 seconds
342.450: Application time: 0.0771880 seconds
342.453: [GC [PSYoungGen: 89648K->7344K(97280K)] 114001K->31705K(319488K), 0.0022590 secs] [Times: user=0.01 sys=0.00, real=0.01 secs] 
342.455: Total time for which application threads were stopped: 0.0046600 seconds, Stopping threads took: 0.0023180 seconds
342.528: Application time: 0.0733390 seconds
342.530: [GC [PSYoungGen: 90800K->6912K(97280K)] 115161K->31281K(319488K), 0.0020810 secs] [Times: user=0.02 sys=0.00, real=0.00 secs] 
342.532: Total time for which application threads were stopped: 0.0041120 seconds, Stopping threads took: 0.0019490 seconds
342.607: Application time: 0.0746430 seconds
342.609: [GC [PSYoungGen: 90368K->6432K(97280K)] 114737K->30809K(319488K), 0.0019220 secs] [Times: user=0.01 sys=0.00, real=0.00 secs] 
342.611: Total time for which application threads were stopped: 0.0035370 seconds, Stopping threads took: 0.0015370 seconds
342.686: Application time: 0.0753470 seconds
342.688: [GC [PSYoungGen: 89888K->7984K(97280K)] 114265K->32369K(319488K), 0.0023910 secs] [Times: user=0.02 sys=0.00, real=0.00 secs] 
342.690: Total time for which application threads were stopped: 0.0045480 seconds, Stopping threads took: 0.0020770 seconds
342.764: Application time: 0.0732440 seconds
342.766: [GC [PSYoungGen: 91440K->6640K(97280K)] 115825K->31033K(319488K), 0.0020140 secs] [Times: user=0.01 sys=0.00, real=0.01 secs] 
342.768: Total time for which application threads were stopped: 0.0041320 seconds, Stopping threads took: 0.0020360 seconds
342.843: Application time: 0.0753460 seconds
342.845: [GC [PSYoungGen: 90096K->6192K(97280K)] 114489K->30593K(319488K), 0.0017790 secs] [Times: user=0.01 sys=0.00, real=0.00 secs] 
342.847: Total time for which application threads were stopped: 0.0035320 seconds, Stopping threads took: 0.0016770 seconds
342.922: Application time: 0.0755820 seconds
342.924: [GC [PSYoungGen: 89648K->6880K(97280K)] 114049K->31281K(319488K), 0.0019930 secs] [Times: user=0.01 sys=0.00, real=0.00 secs] 
342.926: Total time for which application threads were stopped: 0.0038780 seconds, Stopping threads took: 0.0017950 seconds
343.002: Application time: 0.0753110 seconds
343.004: [GC [PSYoungGen: 90336K->7792K(97280K)] 114737K->32201K(319488K), 0.0023650 secs] [Times: user=0.02 sys=0.00, real=0.00 secs] 
343.007: Total time for which application threads were stopped: 0.0050960 seconds, Stopping threads took: 0.0026510 seconds
343.081: Application time: 0.0742090 seconds
343.084: [GC [PSYoungGen: 91248K->7904K(97280K)] 115657K->32321K(319488K), 0.0025530 secs] [Times: user=0.01 sys=0.00, real=0.00 secs] 
343.086: Total time for which application threads were stopped: 0.0053930 seconds, Stopping threads took: 0.0027340 seconds
343.163: Application time: 0.0763940 seconds
343.164: [GC [PSYoungGen: 91360K->6144K(97280K)] 115777K->30569K(319488K), 0.0020070 secs] [Times: user=0.01 sys=0.00, real=0.00 secs] 
343.166: Total time for which application threads were stopped: 0.0037290 seconds, Stopping threads took: 0.0016420 seconds
343.239: Application time: 0.0730560 seconds
343.241: [GC [PSYoungGen: 89600K->6976K(97280K)] 114025K->31409K(319488K), 0.0023220 secs] [Times: user=0.01 sys=0.00, real=0.00 secs] 
343.244: Total time for which application threads were stopped: 0.0043270 seconds, Stopping threads took: 0.0019000 seconds
343.318: Application time: 0.0745750 seconds
343.320: [GC [PSYoungGen: 90432K->6656K(97280K)] 114865K->31097K(319488K), 0.0022170 secs] [Times: user=0.01 sys=0.00, real=0.00 secs] 
343.323: Total time for which application threads were stopped: 0.0043310 seconds, Stopping threads took: 0.0020350 seconds
343.396: Application time: 0.0732350 seconds
343.399: [GC [PSYoungGen: 90112K->6944K(97280K)] 114553K->31393K(319488K), 0.0019900 secs] [Times: user=0.01 sys=0.00, real=0.00 secs] 
343.401: Total time for which application threads were stopped: 0.0047000 seconds, Stopping threads took: 0.0026310 seconds
343.476: Application time: 0.0755450 seconds
343.478: [GC [PSYoungGen: 90400K->7008K(97280K)] 114849K->31465K(319488K), 0.0021060 secs] [Times: user=0.01 sys=0.00, real=0.00 secs] 
343.480: Total time for which application threads were stopped: 0.0040400 seconds, Stopping threads took: 0.0018460 seconds
343.555: Application time: 0.0752260 seconds
343.558: [GC [PSYoungGen: 90464K->7296K(97280K)] 114921K->31761K(319488K), 0.0021160 secs] [Times: user=0.01 sys=0.00, real=0.00 secs] 
343.560: Total time for which application threads were stopped: 0.0047520 seconds, Stopping threads took: 0.0025580 seconds
343.632: Application time: 0.0719200 seconds
343.634: [GC [PSYoungGen: 90752K->7600K(97280K)] 115217K->32073K(319488K), 0.0022680 secs] [Times: user=0.01 sys=0.00, real=0.01 secs] 
343.636: Total time for which application threads were stopped: 0.0042540 seconds, Stopping threads took: 0.0019040 seconds
343.714: Application time: 0.0775950 seconds
343.716: [GC [PSYoungGen: 91056K->7424K(97280K)] 115529K->31905K(319488K), 0.0022100 secs] [Times: user=0.01 sys=0.00, real=0.00 secs] 
343.719: Total time for which application threads were stopped: 0.0046270 seconds, Stopping threads took: 0.0023350 seconds
343.794: Application time: 0.0756680 seconds
343.797: [GC [PSYoungGen: 90880K->6992K(97280K)] 115361K->31481K(319488K), 0.0020520 secs] [Times: user=0.01 sys=0.00, real=0.00 secs] 
343.799: Total time for which application threads were stopped: 0.0047460 seconds, Stopping threads took: 0.0026140 seconds
343.874: Application time: 0.0748030 seconds
343.877: [GC [PSYoungGen: 90448K->6576K(97280K)] 114937K->31073K(319488K), 0.0018940 secs] [Times: user=0.01 sys=0.00, real=0.00 secs] 
343.879: Total time for which application threads were stopped: 0.0047850 seconds, Stopping threads took: 0.0028150 seconds
343.953: Application time: 0.0739730 seconds
343.955: [GC [PSYoungGen: 90032K->6352K(97280K)] 114529K->30857K(319488K), 0.0018860 secs] [Times: user=0.02 sys=0.00, real=0.00 secs] 
343.957: Total time for which application threads were stopped: 0.0044400 seconds, Stopping threads took: 0.0024720 seconds
344.032: Application time: 0.0755090 seconds
344.035: [GC [PSYoungGen: 89808K->7728K(97280K)] 114313K->32249K(319488K), 0.0022630 secs] [Times: user=0.01 sys=0.00, real=0.00 secs] 
344.037: Total time for which application threads were stopped: 0.0048100 seconds, Stopping threads took: 0.0024580 seconds
344.111: Application time: 0.0734080 seconds
344.113: [GC [PSYoungGen: 91184K->6496K(97280K)] 115705K->31025K(319488K), 0.0021020 secs] [Times: user=0.01 sys=0.00, real=0.01 secs] 
344.115: Total time for which application threads were stopped: 0.0042720 seconds, Stopping threads took: 0.0020920 seconds
344.188: Application time: 0.0731150 seconds
344.190: [GC [PSYoungGen: 89952K->7616K(97280K)] 114481K->32153K(319488K), 0.0023150 secs] [Times: user=0.02 sys=0.00, real=0.00 secs] 
344.192: Total time for which application threads were stopped: 0.0043780 seconds, Stopping threads took: 0.0019850 seconds
344.265: Application time: 0.0725820 seconds
344.268: [GC [PSYoungGen: 91072K->7056K(97280K)] 115609K->31601K(319488K), 0.0023840 secs] [Times: user=0.02 sys=0.00, real=0.00 secs] 
344.270: Total time for which application threads were stopped: 0.0050820 seconds, Stopping threads took: 0.0026090 seconds
344.346: Application time: 0.0754100 seconds
344.348: [GC [PSYoungGen: 90512K->7728K(97280K)] 115057K->32281K(319488K), 0.0021760 secs] [Times: user=0.01 sys=0.00, real=0.00 secs] 
344.351: Total time for which application threads were stopped: 0.0050140 seconds, Stopping threads took: 0.0027520 seconds
344.423: Application time: 0.0724460 seconds
344.425: [GC [PSYoungGen: 91184K->7760K(97280K)] 115737K->32313K(319488K), 0.0024240 secs] [Times: user=0.01 sys=0.00, real=0.01 secs] 
344.427: Total time for which application threads were stopped: 0.0041560 seconds, Stopping threads took: 0.0016480 seconds
344.501: Application time: 0.0736050 seconds
344.504: [GC [PSYoungGen: 91216K->7440K(97280K)] 115769K->32001K(319488K), 0.0021180 secs] [Times: user=0.02 sys=0.00, real=0.00 secs] 
344.506: Total time for which application threads were stopped: 0.0051120 seconds, Stopping threads took: 0.0029140 seconds
344.580: Application time: 0.0738010 seconds
344.582: [GC [PSYoungGen: 90896K->6992K(97280K)] 115457K->31561K(319488K), 0.0021000 secs] [Times: user=0.01 sys=0.00, real=0.00 secs] 
344.584: Total time for which application threads were stopped: 0.0039650 seconds, Stopping threads took: 0.0017790 seconds
344.657: Application time: 0.0735450 seconds
344.659: [GC [PSYoungGen: 90448K->6464K(97280K)] 115017K->31041K(319488K), 0.0018930 secs] [Times: user=0.01 sys=0.00, real=0.00 secs] 
344.661: Total time for which application threads were stopped: 0.0034580 seconds, Stopping threads took: 0.0014880 seconds
344.734: Application time: 0.0737880 seconds
344.737: [GC [PSYoungGen: 89920K->7088K(97280K)] 114497K->31673K(319488K), 0.0021420 secs] [Times: user=0.01 sys=0.00, real=0.00 secs] 
344.739: Total time for which application threads were stopped: 0.0044740 seconds, Stopping threads took: 0.0022520 seconds
344.813: Application time: 0.0744910 seconds
344.816: [GC [PSYoungGen: 90544K->7120K(97280K)] 115129K->31713K(319488K), 0.0021600 secs] [Times: user=0.02 sys=0.00, real=0.00 secs] 
344.818: Total time for which application threads were stopped: 0.0043680 seconds, Stopping threads took: 0.0021310 seconds
344.891: Application time: 0.0735140 seconds
344.894: [GC [PSYoungGen: 90576K->7216K(97280K)] 115169K->31809K(319488K), 0.0023380 secs] [Times: user=0.02 sys=0.00, real=0.01 secs] 
344.897: Total time for which application threads were stopped: 0.0052000 seconds, Stopping threads took: 0.0027800 seconds
344.972: Application time: 0.0755670 seconds
344.974: [GC [PSYoungGen: 90672K->6512K(97280K)] 115265K->31113K(319488K), 0.0019690 secs] [Times: user=0.01 sys=0.00, real=0.01 secs] 
344.976: Total time for which application threads were stopped: 0.0036140 seconds, Stopping threads took: 0.0015600 seconds
345.049: Application time: 0.0734430 seconds
345.051: [GC [PSYoungGen: 89968K->6960K(97280K)] 114569K->31577K(319488K), 0.0020500 secs] [Times: user=0.01 sys=0.00, real=0.00 secs] 
345.053: Total time for which application threads were stopped: 0.0042850 seconds, Stopping threads took: 0.0021540 seconds
345.126: Application time: 0.0726410 seconds
345.128: [GC [PSYoungGen: 90416K->7232K(97280K)] 115033K->31857K(319488K), 0.0022610 secs] [Times: user=0.01 sys=0.00, real=0.00 secs] 
345.130: Total time for which application threads were stopped: 0.0042850 seconds, Stopping threads took: 0.0019330 seconds
345.203: Application time: 0.0728850 seconds
345.205: [GC [PSYoungGen: 90688K->6992K(97280K)] 115313K->31625K(319488K), 0.0020980 secs] [Times: user=0.01 sys=0.00, real=0.01 secs] 
345.207: Total time for which application threads were stopped: 0.0040640 seconds, Stopping threads took: 0.0018680 seconds
345.281: Application time: 0.0733170 seconds
345.283: [GC [PSYoungGen: 90448K->8144K(97280K)] 115081K->32785K(319488K), 0.0024090 secs] [Times: user=0.01 sys=0.00, real=0.00 secs] 
345.286: Total time for which application threads were stopped: 0.0048980 seconds, Stopping threads took: 0.0024050 seconds
345.359: Application time: 0.0735250 seconds
345.362: [GC [PSYoungGen: 91600K->7552K(97280K)] 116241K->32193K(319488K), 0.0023800 secs] [Times: user=0.02 sys=0.00, real=0.00 secs] 
345.364: Total time for which application threads were stopped: 0.0050110 seconds, Stopping threads took: 0.0025490 seconds
345.437: Application time: 0.0731130 seconds
345.440: [GC [PSYoungGen: 91008K->7968K(97280K)] 115649K->32617K(319488K), 0.0023260 secs] [Times: user=0.01 sys=0.00, real=0.00 secs] 
345.443: Total time for which application threads were stopped: 0.0056000 seconds, Stopping threads took: 0.0031920 seconds
345.519: Application time: 0.0765340 seconds
345.523: [GC [PSYoungGen: 91424K->7776K(97280K)] 116073K->32433K(319488K), 0.0113460 secs] [Times: user=0.08 sys=0.00, real=0.01 secs] 
345.534: Total time for which application threads were stopped: 0.0146770 seconds, Stopping threads took: 0.0032540 seconds
345.615: Application time: 0.0812900 seconds
345.617: [GC [PSYoungGen: 91232K->6688K(97280K)] 115889K->31353K(319488K), 0.0020450 secs] [Times: user=0.01 sys=0.00, real=0.00 secs] 
345.619: Total time for which application threads were stopped: 0.0040650 seconds, Stopping threads took: 0.0019420 seconds
345.698: Application time: 0.0785550 seconds
345.700: [GC [PSYoungGen: 90144K->8352K(97280K)] 114809K->33025K(319488K), 0.0024770 secs] [Times: user=0.02 sys=0.00, real=0.00 secs] 
345.703: Total time for which application threads were stopped: 0.0050050 seconds, Stopping threads took: 0.0024340 seconds
345.781: Application time: 0.0777800 seconds
345.784: [GC [PSYoungGen: 91808K->7104K(97280K)] 116481K->31785K(319488K), 0.0021370 secs] [Times: user=0.01 sys=0.00, real=0.00 secs] 
345.786: Total time for which application threads were stopped: 0.0053010 seconds, Stopping threads took: 0.0030770 seconds
345.865: Application time: 0.0785730 seconds
345.867: [GC [PSYoungGen: 90560K->7056K(97280K)] 115241K->31745K(319488K), 0.0020600 secs] [Times: user=0.02 sys=0.00, real=0.00 secs] 
345.869: Total time for which application threads were stopped: 0.0047030 seconds, Stopping threads took: 0.0025630 seconds
345.949: Application time: 0.0796280 seconds
345.951: [GC [PSYoungGen: 90512K->6592K(97280K)] 115201K->31289K(319488K), 0.0020520 secs] [Times: user=0.01 sys=0.00, real=0.00 secs] 
345.953: Total time for which application threads were stopped: 0.0039460 seconds, Stopping threads took: 0.0018100 seconds
346.032: Application time: 0.0790400 seconds
346.034: [GC [PSYoungGen: 90048K->6080K(97280K)] 114745K->30785K(319488K), 0.0018730 secs] [Times: user=0.01 sys=0.00, real=0.01 secs] 
346.036: Total time for which application threads were stopped: 0.0043610 seconds, Stopping threads took: 0.0024100 seconds
346.118: Application time: 0.0821670 seconds
346.121: [GC [PSYoungGen: 89536K->6240K(97280K)] 114241K->30961K(319488K), 0.0019170 secs] [Times: user=0.01 sys=0.00, real=0.00 secs] 
346.123: Total time for which application threads were stopped: 0.0047340 seconds, Stopping threads took: 0.0027340 seconds
346.203: Application time: 0.0800430 seconds
346.205: [GC [PSYoungGen: 89696K->6944K(97280K)] 114417K->31673K(319488K), 0.0020980 secs] [Times: user=0.02 sys=0.00, real=0.01 secs] 
346.207: Total time for which application threads were stopped: 0.0041850 seconds, Stopping threads took: 0.0019940 seconds
346.287: Application time: 0.0795470 seconds
346.289: [GC [PSYoungGen: 90400K->6224K(97280K)] 115129K->30961K(319488K), 0.0019370 secs] [Times: user=0.02 sys=0.00, real=0.00 secs] 
346.291: Total time for which application threads were stopped: 0.0043730 seconds, Stopping threads took: 0.0023300 seconds
346.371: Application time: 0.0796640 seconds
346.373: [GC [PSYoungGen: 89680K->6928K(97280K)] 114417K->31673K(319488K), 0.0020370 secs] [Times: user=0.01 sys=0.00, real=0.01 secs] 
346.376: Total time for which application threads were stopped: 0.0044960 seconds, Stopping threads took: 0.0023740 seconds
346.456: Application time: 0.0800290 seconds
346.458: [GC [PSYoungGen: 90384K->8192K(97280K)] 115129K->32937K(319488K), 0.0024180 secs] [Times: user=0.01 sys=0.00, real=0.00 secs] 
346.461: Total time for which application threads were stopped: 0.0052730 seconds, Stopping threads took: 0.0027710 seconds
346.543: Application time: 0.0826750 seconds
346.545: [GC [PSYoungGen: 91648K->6784K(97280K)] 116393K->31537K(319488K), 0.0021650 secs] [Times: user=0.01 sys=0.00, real=0.01 secs] 
346.547: Total time for which application threads were stopped: 0.0035190 seconds, Stopping threads took: 0.0012600 seconds
346.627: Application time: 0.0803270 seconds
346.629: [GC [PSYoungGen: 90240K->6768K(97280K)] 114993K->31529K(319488K), 0.0020630 secs] [Times: user=0.01 sys=0.00, real=0.00 secs] 
346.631: Total time for which application threads were stopped: 0.0040610 seconds, Stopping threads took: 0.0019140 seconds
346.711: Application time: 0.0792940 seconds
346.714: [GC [PSYoungGen: 90224K->7888K(97280K)] 114985K->32665K(319488K), 0.0023470 secs] [Times: user=0.02 sys=0.00, real=0.01 secs] 
346.716: Total time for which application threads were stopped: 0.0052010 seconds, Stopping threads took: 0.0027580 seconds
346.795: Application time: 0.0788500 seconds
346.797: [GC [PSYoungGen: 91344K->7360K(97280K)] 116121K->32145K(319488K), 0.0022380 secs] [Times: user=0.02 sys=0.00, real=0.00 secs] 
346.800: Total time for which application threads were stopped: 0.0049520 seconds, Stopping threads took: 0.0026320 seconds
346.879: Application time: 0.0792160 seconds
346.881: [GC [PSYoungGen: 90816K->6800K(97280K)] 115601K->31593K(319488K), 0.0020720 secs] [Times: user=0.01 sys=0.00, real=0.00 secs] 
346.883: Total time for which application threads were stopped: 0.0040650 seconds, Stopping threads took: 0.0018890 seconds
346.961: Application time: 0.0784860 seconds
346.964: [GC [PSYoungGen: 90256K->8208K(97280K)] 115049K->33001K(319488K), 0.0025330 secs] [Times: user=0.02 sys=0.00, real=0.01 secs] 
346.967: Total time for which application threads were stopped: 0.0054400 seconds, Stopping threads took: 0.0028200 seconds
347.049: Application time: 0.0819770 seconds
347.051: [GC [PSYoungGen: 91664K->8384K(97280K)] 116457K->33185K(319488K), 0.0023830 secs] [Times: user=0.01 sys=0.00, real=0.00 secs] 
347.054: Total time for which application threads were stopped: 0.0048130 seconds, Stopping threads took: 0.0023460 seconds
347.134: Application time: 0.0799400 seconds
347.135: [GC [PSYoungGen: 91840K->6624K(97280K)] 116641K->31449K(319488K), 0.0020570 secs] [Times: user=0.02 sys=0.00, real=0.00 secs] 
347.138: Total time for which application threads were stopped: 0.0039110 seconds, Stopping threads took: 0.0017610 seconds
347.220: Application time: 0.0825830 seconds
347.222: [GC [PSYoungGen: 90080K->6512K(97280K)] 114905K->31353K(319488K), 0.0020890 secs] [Times: user=0.02 sys=0.00, real=0.00 secs] 
347.224: Total time for which application threads were stopped: 0.0037520 seconds, Stopping threads took: 0.0015750 seconds
347.302: Application time: 0.0777650 seconds
347.305: [GC [PSYoungGen: 89968K->7136K(97280K)] 114809K->31985K(319488K), 0.0023250 secs] [Times: user=0.02 sys=0.00, real=0.01 secs] 
347.307: Total time for which application threads were stopped: 0.0053080 seconds, Stopping threads took: 0.0028790 seconds
347.388: Application time: 0.0806500 seconds
347.390: [GC [PSYoungGen: 90592K->7184K(97280K)] 115441K->32041K(319488K), 0.0021800 secs] [Times: user=0.02 sys=0.00, real=0.00 secs] 
347.392: Total time for which application threads were stopped: 0.0047240 seconds, Stopping threads took: 0.0024380 seconds
347.473: Application time: 0.0804820 seconds
347.476: [GC [PSYoungGen: 90640K->6608K(97280K)] 115497K->31465K(319488K), 0.0019100 secs] [Times: user=0.01 sys=0.00, real=0.00 secs] 
347.478: Total time for which application threads were stopped: 0.0050250 seconds, Stopping threads took: 0.0030350 seconds
347.556: Application time: 0.0779690 seconds
347.559: [GC [PSYoungGen: 90064K->7952K(97280K)] 114921K->32817K(319488K), 0.0023010 secs] [Times: user=0.01 sys=0.00, real=0.00 secs] 
347.561: Total time for which application threads were stopped: 0.0052200 seconds, Stopping threads took: 0.0028320 seconds
347.638: Application time: 0.0773670 seconds
347.641: [GC [PSYoungGen: 91408K->8288K(97280K)] 116273K->33169K(319488K), 0.0025620 secs] [Times: user=0.01 sys=0.00, real=0.00 secs] 
347.643: Total time for which application threads were stopped: 0.0049800 seconds, Stopping threads took: 0.0023320 seconds
347.725: Application time: 0.0813140 seconds
347.727: [GC [PSYoungGen: 91744K->7536K(97280K)] 116625K->32425K(319488K), 0.0021950 secs] [Times: user=0.01 sys=0.00, real=0.00 secs] 
347.729: Total time for which application threads were stopped: 0.0046750 seconds, Stopping threads took: 0.0023920 seconds
347.810: Application time: 0.0808120 seconds
347.812: [GC [PSYoungGen: 90990K->5104K(97280K)] 115879K->30001K(319488K), 0.0015950 secs] [Times: user=0.01 sys=0.00, real=0.00 secs] 
347.814: Total time for which application threads were stopped: 0.0033650 seconds, Stopping threads took: 0.0016960 seconds
347.896: Application time: 0.0825720 seconds
347.898: [GC [PSYoungGen: 88560K->4960K(97280K)] 113457K->29865K(319488K), 0.0013890 secs] [Times: user=0.01 sys=0.00, real=0.00 secs] 
347.899: Total time for which application threads were stopped: 0.0029740 seconds, Stopping threads took: 0.0015160 seconds
347.983: Application time: 0.0837370 seconds
347.984: [GC [PSYoungGen: 88416K->6128K(97280K)] 113321K->31041K(319488K), 0.0018220 secs] [Times: user=0.02 sys=0.00, real=0.00 secs] 
347.986: Total time for which application threads were stopped: 0.0034230 seconds, Stopping threads took: 0.0015210 seconds
348.067: Application time: 0.0808950 seconds
348.070: [GC [PSYoungGen: 89584K->8352K(97280K)] 114497K->33273K(319488K), 0.0024150 secs] [Times: user=0.02 sys=0.00, real=0.00 secs] 
348.072: Total time for which application threads were stopped: 0.0051300 seconds, Stopping threads took: 0.0026280 seconds
348.150: Application time: 0.0781410 seconds
348.153: [GC [PSYoungGen: 91808K->6960K(97280K)] 116729K->31889K(319488K), 0.0020590 secs] [Times: user=0.01 sys=0.00, real=0.01 secs] 
348.155: Total time for which application threads were stopped: 0.0048860 seconds, Stopping threads took: 0.0027450 seconds
348.233: Application time: 0.0779610 seconds
348.236: [GC [PSYoungGen: 90416K->6464K(97280K)] 115345K->31401K(319488K), 0.0019270 secs] [Times: user=0.02 sys=0.00, real=0.00 secs] 
348.238: Total time for which application threads were stopped: 0.0048920 seconds, Stopping threads took: 0.0028770 seconds
348.319: Application time: 0.0807130 seconds
348.322: [GC [PSYoungGen: 89920K->6064K(97280K)] 114857K->31009K(319488K), 0.0018260 secs] [Times: user=0.01 sys=0.00, real=0.00 secs] 
348.324: Total time for which application threads were stopped: 0.0049190 seconds, Stopping threads took: 0.0030150 seconds
348.406: Application time: 0.0822360 seconds
348.408: [GC [PSYoungGen: 89520K->6576K(97280K)] 114465K->31529K(319488K), 0.0019980 secs] [Times: user=0.01 sys=0.00, real=0.00 secs] 
348.410: Total time for which application threads were stopped: 0.0042820 seconds, Stopping threads took: 0.0022040 seconds
348.489: Application time: 0.0785530 seconds
348.492: [GC [PSYoungGen: 90032K->7392K(97280K)] 114985K->32353K(319488K), 0.0022470 secs] [Times: user=0.01 sys=0.00, real=0.00 secs] 
348.494: Total time for which application threads were stopped: 0.0052070 seconds, Stopping threads took: 0.0028760 seconds
348.574: Application time: 0.0800840 seconds
348.577: [GC [PSYoungGen: 90848K->7744K(97280K)] 115809K->32705K(319488K), 0.0022520 secs] [Times: user=0.02 sys=0.00, real=0.00 secs] 
348.580: Total time for which application threads were stopped: 0.0052690 seconds, Stopping threads took: 0.0029300 seconds
348.659: Application time: 0.0795480 seconds
348.662: [GC [PSYoungGen: 91200K->8224K(97280K)] 116161K->33193K(319488K), 0.0027210 secs] [Times: user=0.02 sys=0.00, real=0.00 secs] 
348.664: Total time for which application threads were stopped: 0.0052260 seconds, Stopping threads took: 0.0024160 seconds
348.744: Application time: 0.0793690 seconds
348.746: [GC [PSYoungGen: 91680K->7568K(97280K)] 116649K->32545K(319488K), 0.0023980 secs] [Times: user=0.02 sys=0.00, real=0.01 secs] 
348.749: Total time for which application threads were stopped: 0.0050230 seconds, Stopping threads took: 0.0025290 seconds
348.828: Application time: 0.0797430 seconds
348.830: [GC [PSYoungGen: 91024K->6064K(97280K)] 116001K->31049K(319488K), 0.0019120 secs] [Times: user=0.01 sys=0.00, real=0.00 secs] 
348.832: Total time for which application threads were stopped: 0.0040220 seconds, Stopping threads took: 0.0020230 seconds
348.910: Application time: 0.0777360 seconds
348.913: [GC [PSYoungGen: 89520K->7584K(97280K)] 114505K->32577K(319488K), 0.0022480 secs] [Times: user=0.01 sys=0.00, real=0.00 secs] 
348.915: Total time for which application threads were stopped: 0.0046460 seconds, Stopping threads took: 0.0022910 seconds
348.992: Application time: 0.0766950 seconds
348.993: [GC [PSYoungGen: 91040K->6720K(97280K)] 116033K->31721K(319488K), 0.0019550 secs] [Times: user=0.02 sys=0.00, real=0.01 secs] 
348.995: Total time for which application threads were stopped: 0.0036950 seconds, Stopping threads took: 0.0016570 seconds
349.073: Application time: 0.0781930 seconds
349.076: [GC [PSYoungGen: 90176K->7984K(97280K)] 115177K->32985K(319488K), 0.0024080 secs] [Times: user=0.02 sys=0.00, real=0.00 secs] 
349.078: Total time for which application threads were stopped: 0.0050410 seconds, Stopping threads took: 0.0025480 seconds
349.157: Application time: 0.0789660 seconds
349.160: [GC [PSYoungGen: 91440K->6768K(97280K)] 116441K->31777K(319488K), 0.0020570 secs] [Times: user=0.02 sys=0.00, real=0.00 secs] 
349.162: Total time for which application threads were stopped: 0.0048560 seconds, Stopping threads took: 0.0027190 seconds
349.241: Application time: 0.0788730 seconds
349.244: [GC [PSYoungGen: 90224K->7120K(97280K)] 115233K->32137K(319488K), 0.0021930 secs] [Times: user=0.02 sys=0.00, real=0.00 secs] 
349.246: Total time for which application threads were stopped: 0.0045920 seconds, Stopping threads took: 0.0023140 seconds
349.325: Application time: 0.0788630 seconds
349.327: [GC [PSYoungGen: 90576K->5632K(97280K)] 115593K->30657K(319488K), 0.0016790 secs] [Times: user=0.01 sys=0.00, real=0.00 secs] 
349.329: Total time for which application threads were stopped: 0.0042930 seconds, Stopping threads took: 0.0025260 seconds
349.408: Application time: 0.0789930 seconds
349.411: [GC [PSYoungGen: 89088K->5488K(97280K)] 114113K->30521K(319488K), 0.0015990 secs] [Times: user=0.01 sys=0.00, real=0.00 secs] 
349.412: Total time for which application threads were stopped: 0.0043690 seconds, Stopping threads took: 0.0026960 seconds
349.487: Application time: 0.0743650 seconds
349.488: [GC [PSYoungGen: 88944K->6432K(97280K)] 113977K->31481K(319488K), 0.0018420 secs] [Times: user=0.01 sys=0.00, real=0.00 secs] 
349.490: Total time for which application threads were stopped: 0.0032970 seconds, Stopping threads took: 0.0013770 seconds
349.566: Application time: 0.0765100 seconds
349.569: [GC [PSYoungGen: 89888K->7664K(97280K)] 114937K->32713K(319488K), 0.0022520 secs] [Times: user=0.01 sys=0.00, real=0.00 secs] 
349.571: Total time for which application threads were stopped: 0.0044350 seconds, Stopping threads took: 0.0020900 seconds
349.644: Application time: 0.0729970 seconds
349.646: [GC [PSYoungGen: 91120K->7872K(97280K)] 116169K->32929K(319488K), 0.0023890 secs] [Times: user=0.02 sys=0.00, real=0.01 secs] 
349.649: Total time for which application threads were stopped: 0.0049010 seconds, Stopping threads took: 0.0024100 seconds
349.724: Application time: 0.0747440 seconds
349.726: [GC [PSYoungGen: 91328K->5600K(97280K)] 116385K->30665K(319488K), 0.0016590 secs] [Times: user=0.01 sys=0.00, real=0.01 secs] 
349.727: Total time for which application threads were stopped: 0.0038070 seconds, Stopping threads took: 0.0020710 seconds
349.801: Application time: 0.0738000 seconds
349.804: [GC [PSYoungGen: 89056K->6976K(97280K)] 114121K->32049K(319488K), 0.0020130 secs] [Times: user=0.01 sys=0.00, real=0.00 secs] 
349.806: Total time for which application threads were stopped: 0.0047020 seconds, Stopping threads took: 0.0026110 seconds
349.880: Application time: 0.0739620 seconds
349.882: [GC [PSYoungGen: 90431K->6704K(97280K)] 115505K->31785K(319488K), 0.0019880 secs] [Times: user=0.01 sys=0.00, real=0.00 secs] 
349.884: Total time for which application threads were stopped: 0.0041550 seconds, Stopping threads took: 0.0020810 seconds
349.959: Application time: 0.0749390 seconds
349.961: [GC [PSYoungGen: 90160K->5120K(97280K)] 115241K->30209K(319488K), 0.0014490 secs] [Times: user=0.01 sys=0.00, real=0.00 secs] 
349.962: Total time for which application threads were stopped: 0.0033320 seconds, Stopping threads took: 0.0018140 seconds
350.035: Application time: 0.0726440 seconds
350.037: [GC [PSYoungGen: 88576K->7104K(97280K)] 113665K->32193K(319488K), 0.0020550 secs] [Times: user=0.02 sys=0.00, real=0.00 secs] 
350.039: Total time for which application threads were stopped: 0.0045720 seconds, Stopping threads took: 0.0024350 seconds
350.116: Application time: 0.0765840 seconds
350.117: [GC [PSYoungGen: 90560K->5968K(97280K)] 115649K->31065K(319488K), 0.0020050 secs] [Times: user=0.02 sys=0.00, real=0.00 secs] 
350.119: Total time for which application threads were stopped: 0.0033200 seconds, Stopping threads took: 0.0012140 seconds
350.191: Application time: 0.0720290 seconds
350.193: [GC [PSYoungGen: 89424K->7312K(97280K)] 114521K->32417K(319488K), 0.0024380 secs] [Times: user=0.01 sys=0.00, real=0.01 secs] 
350.196: Total time for which application threads were stopped: 0.0042320 seconds, Stopping threads took: 0.0017120 seconds
350.270: Application time: 0.0747510 seconds
350.271: [GC [PSYoungGen: 90768K->6736K(97280K)] 115873K->31849K(319488K), 0.0020650 secs] [Times: user=0.02 sys=0.00, real=0.00 secs] 
350.273: Total time for which application threads were stopped: 0.0029330 seconds, Stopping threads took: 0.0007870 seconds
350.349: Application time: 0.0757020 seconds
350.351: [GC [PSYoungGen: 90192K->6608K(97280K)] 115305K->31729K(319488K), 0.0020130 secs] [Times: user=0.01 sys=0.00, real=0.00 secs] 
350.353: Total time for which application threads were stopped: 0.0037480 seconds, Stopping threads took: 0.0016540 seconds
350.430: Application time: 0.0769200 seconds
350.432: [GC [PSYoungGen: 90064K->7920K(97280K)] 115185K->33049K(319488K), 0.0022890 secs] [Times: user=0.02 sys=0.00, real=0.00 secs] 
350.434: Total time for which application threads were stopped: 0.0044390 seconds, Stopping threads took: 0.0020580 seconds
350.508: Application time: 0.0740090 seconds
350.510: [GC [PSYoungGen: 91376K->8240K(97280K)] 116505K->33385K(319488K), 0.0024120 secs] [Times: user=0.01 sys=0.00, real=0.00 secs] 
350.512: Total time for which application threads were stopped: 0.0042150 seconds, Stopping threads took: 0.0017230 seconds
350.587: Application time: 0.0744030 seconds
350.589: [GC [PSYoungGen: 91696K->7680K(97280K)] 116841K->32833K(319488K), 0.0022520 secs] [Times: user=0.01 sys=0.00, real=0.00 secs] 
350.592: Total time for which application threads were stopped: 0.0047640 seconds, Stopping threads took: 0.0024290 seconds
350.664: Application time: 0.0725580 seconds
350.667: [GC [PSYoungGen: 91136K->8288K(97280K)] 116289K->33449K(319488K), 0.0025030 secs] [Times: user=0.01 sys=0.00, real=0.01 secs] 
350.669: Total time for which application threads were stopped: 0.0049980 seconds, Stopping threads took: 0.0024140 seconds
350.745: Application time: 0.0760750 seconds
350.748: [GC [PSYoungGen: 91744K->8064K(97280K)] 116905K->33233K(319488K), 0.0024790 secs] [Times: user=0.01 sys=0.00, real=0.00 secs] 
350.750: Total time for which application threads were stopped: 0.0049400 seconds, Stopping threads took: 0.0023760 seconds
350.829: Application time: 0.0791670 seconds
350.832: [GC [PSYoungGen: 91520K->6608K(97280K)] 116689K->31785K(319488K), 0.0020000 secs] [Times: user=0.01 sys=0.00, real=0.00 secs] 
350.834: Total time for which application threads were stopped: 0.0047990 seconds, Stopping threads took: 0.0027180 seconds
350.912: Application time: 0.0776130 seconds
350.915: [GC [PSYoungGen: 90064K->6928K(97280K)] 115241K->32113K(319488K), 0.0020290 secs] [Times: user=0.02 sys=0.00, real=0.01 secs] 
350.917: Total time for which application threads were stopped: 0.0049590 seconds, Stopping threads took: 0.0028520 seconds
350.991: Application time: 0.0743690 seconds
350.993: [GC [PSYoungGen: 90384K->5632K(97280K)] 115569K->30825K(319488K), 0.0016860 secs] [Times: user=0.01 sys=0.00, real=0.00 secs] 
350.994: Total time for which application threads were stopped: 0.0032680 seconds, Stopping threads took: 0.0014960 seconds
351.070: Application time: 0.0761270 seconds
351.073: [GC [PSYoungGen: 89088K->7184K(97280K)] 114281K->32377K(319488K), 0.0020740 secs] [Times: user=0.01 sys=0.00, real=0.01 secs] 
351.076: Total time for which application threads were stopped: 0.0051230 seconds, Stopping threads took: 0.0029690 seconds
351.150: Application time: 0.0741800 seconds
351.152: [GC [PSYoungGen: 90640K->6608K(97280K)] 115833K->31809K(319488K), 0.0019320 secs] [Times: user=0.01 sys=0.00, real=0.00 secs] 
351.154: Total time for which application threads were stopped: 0.0047140 seconds, Stopping threads took: 0.0027000 seconds
351.227: Application time: 0.0724950 seconds
351.230: [GC [PSYoungGen: 90064K->6960K(97280K)] 115265K->32169K(319488K), 0.0020840 secs] [Times: user=0.02 sys=0.00, real=0.00 secs] 
351.232: Total time for which application threads were stopped: 0.0050410 seconds, Stopping threads took: 0.0028760 seconds
351.304: Application time: 0.0719480 seconds
351.306: [GC [PSYoungGen: 90416K->7584K(97280K)] 115625K->32801K(319488K), 0.0022920 secs] [Times: user=0.02 sys=0.00, real=0.01 secs] 
351.308: Total time for which application threads were stopped: 0.0044090 seconds, Stopping threads took: 0.0020360 seconds
351.381: Application time: 0.0724680 seconds
351.383: [GC [PSYoungGen: 91040K->7056K(97280K)] 116257K->32281K(319488K), 0.0021040 secs] [Times: user=0.02 sys=0.00, real=0.00 secs] 
351.385: Total time for which application threads were stopped: 0.0038440 seconds, Stopping threads took: 0.0016580 seconds
351.459: Application time: 0.0738510 seconds
351.460: [GC [PSYoungGen: 90512K->7136K(97280K)] 115737K->32369K(319488K), 0.0022250 secs] [Times: user=0.02 sys=0.00, real=0.00 secs] 
351.462: Total time for which application threads were stopped: 0.0038890 seconds, Stopping threads took: 0.0015860 seconds
351.537: Application time: 0.0744380 seconds
351.539: [GC [PSYoungGen: 90592K->6832K(97280K)] 115825K->32065K(319488K), 0.0020200 secs] [Times: user=0.01 sys=0.00, real=0.00 secs] 
351.541: Total time for which application threads were stopped: 0.0037050 seconds, Stopping threads took: 0.0015930 seconds
351.616: Application time: 0.0751490 seconds
351.618: [GC [PSYoungGen: 90288K->8272K(97280K)] 115521K->33513K(319488K), 0.0023890 secs] [Times: user=0.01 sys=0.00, real=0.00 secs] 
351.620: Total time for which application threads were stopped: 0.0043500 seconds, Stopping threads took: 0.0018790 seconds
351.694: Application time: 0.0741490 seconds
351.696: [GC [PSYoungGen: 91728K->7744K(97280K)] 116969K->32993K(319488K), 0.0023310 secs] [Times: user=0.02 sys=0.00, real=0.00 secs] 
351.698: Total time for which application threads were stopped: 0.0039700 seconds, Stopping threads took: 0.0015580 seconds
351.771: Application time: 0.0732050 seconds
351.774: [GC [PSYoungGen: 91200K->5168K(97280K)] 116449K->30425K(319488K), 0.0015360 secs] [Times: user=0.01 sys=0.00, real=0.01 secs] 
351.775: Total time for which application threads were stopped: 0.0037070 seconds, Stopping threads took: 0.0020960 seconds
351.851: Application time: 0.0755510 seconds
351.854: [GC [PSYoungGen: 88624K->7056K(97280K)] 113881K->32329K(319488K), 0.0021340 secs] [Times: user=0.01 sys=0.00, real=0.01 secs] 
351.856: Total time for which application threads were stopped: 0.0051230 seconds, Stopping threads took: 0.0029100 seconds
351.929: Application time: 0.0737100 seconds
351.930: [GC [PSYoungGen: 90512K->5504K(97280K)] 115785K->30785K(319488K), 0.0017570 secs] [Times: user=0.01 sys=0.00, real=0.00 secs] 
351.932: Total time for which application threads were stopped: 0.0026060 seconds, Stopping threads took: 0.0007690 seconds
352.007: Application time: 0.0750720 seconds
352.010: [GC [PSYoungGen: 88960K->7232K(97280K)] 114241K->32513K(319488K), 0.0020750 secs] [Times: user=0.02 sys=0.00, real=0.00 secs] 
352.013: Total time for which application threads were stopped: 0.0053460 seconds, Stopping threads took: 0.0031810 seconds
352.088: Application time: 0.0754690 seconds
352.090: [GC [PSYoungGen: 90688K->7328K(97280K)] 115969K->32617K(319488K), 0.0022340 secs] [Times: user=0.02 sys=0.00, real=0.00 secs] 
352.092: Total time for which application threads were stopped: 0.0044460 seconds, Stopping threads took: 0.0021220 seconds
352.167: Application time: 0.0742110 seconds
352.168: [GC [PSYoungGen: 90784K->6768K(97280K)] 116073K->32065K(319488K), 0.0020180 secs] [Times: user=0.02 sys=0.00, real=0.00 secs] 
352.170: Total time for which application threads were stopped: 0.0035080 seconds, Stopping threads took: 0.0014130 seconds
352.247: Application time: 0.0767550 seconds
352.250: [GC [PSYoungGen: 90224K->6736K(97280K)] 115521K->32041K(319488K), 0.0019790 secs] [Times: user=0.01 sys=0.00, real=0.00 secs] 
352.252: Total time for which application threads were stopped: 0.0049680 seconds, Stopping threads took: 0.0029120 seconds
352.328: Application time: 0.0762820 seconds
352.331: [GC [PSYoungGen: 90192K->6512K(97280K)] 115497K->31825K(319488K), 0.0018930 secs] [Times: user=0.02 sys=0.00, real=0.00 secs] 
352.333: Total time for which application threads were stopped: 0.0048860 seconds, Stopping threads took: 0.0029170 seconds
352.410: Application time: 0.0769590 seconds
352.413: [GC [PSYoungGen: 89968K->6240K(97280K)] 115281K->31561K(319488K), 0.0018510 secs] [Times: user=0.01 sys=0.01, real=0.00 secs] 
352.415: Total time for which application threads were stopped: 0.0045190 seconds, Stopping threads took: 0.0025840 seconds
352.489: Application time: 0.0749160 seconds
352.492: [GC [PSYoungGen: 89696K->7808K(97280K)] 115017K->33137K(319488K), 0.0022360 secs] [Times: user=0.01 sys=0.00, real=0.00 secs] 
352.495: Total time for which application threads were stopped: 0.0051860 seconds, Stopping threads took: 0.0028680 seconds
352.569: Application time: 0.0745430 seconds
352.572: [GC [PSYoungGen: 91264K->7440K(97280K)] 116593K->32777K(319488K), 0.0021500 secs] [Times: user=0.01 sys=0.00, real=0.00 secs] 
352.574: Total time for which application threads were stopped: 0.0045750 seconds, Stopping threads took: 0.0023430 seconds
352.648: Application time: 0.0739710 seconds
352.650: [GC [PSYoungGen: 90896K->6800K(97280K)] 116233K->32145K(319488K), 0.0020230 secs] [Times: user=0.02 sys=0.00, real=0.00 secs] 
352.652: Total time for which application threads were stopped: 0.0045190 seconds, Stopping threads took: 0.0024050 seconds
352.727: Application time: 0.0748180 seconds
352.729: [GC [PSYoungGen: 90256K->6816K(97280K)] 115601K->32169K(319488K), 0.0020210 secs] [Times: user=0.01 sys=0.00, real=0.00 secs] 
352.731: Total time for which application threads were stopped: 0.0037050 seconds, Stopping threads took: 0.0016040 seconds
352.810: Application time: 0.0789960 seconds
352.812: [GC [PSYoungGen: 90272K->5936K(97280K)] 115625K->31297K(319488K), 0.0017870 secs] [Times: user=0.01 sys=0.00, real=0.00 secs] 
352.814: Total time for which application threads were stopped: 0.0039890 seconds, Stopping threads took: 0.0021270 seconds
352.888: Application time: 0.0743700 seconds
352.891: [GC [PSYoungGen: 89392K->8352K(97280K)] 114753K->33721K(319488K), 0.0024410 secs] [Times: user=0.02 sys=0.00, real=0.00 secs] 
352.893: Total time for which application threads were stopped: 0.0053130 seconds, Stopping threads took: 0.0027890 seconds
352.968: Application time: 0.0749350 seconds
352.971: [GC [PSYoungGen: 91808K->7728K(97280K)] 117177K->33105K(319488K), 0.0024670 secs] [Times: user=0.01 sys=0.00, real=0.00 secs] 
352.973: Total time for which application threads were stopped: 0.0048410 seconds, Stopping threads took: 0.0022940 seconds
353.047: Application time: 0.0739520 seconds
353.051: [GC [PSYoungGen: 91184K->6736K(97280K)] 116561K->32113K(319488K), 0.0020340 secs] [Times: user=0.02 sys=0.00, real=0.00 secs] 
353.053: Total time for which application threads were stopped: 0.0058000 seconds, Stopping threads took: 0.0036870 seconds
353.129: Application time: 0.0755360 seconds
353.130: [GC [PSYoungGen: 90192K->6736K(97280K)] 115569K->32121K(319488K), 0.0020150 secs] [Times: user=0.01 sys=0.00, real=0.00 secs] 
353.132: Total time for which application threads were stopped: 0.0035180 seconds, Stopping threads took: 0.0014190 seconds
353.205: Application time: 0.0734280 seconds
353.208: [GC [PSYoungGen: 90192K->7104K(97280K)] 115577K->32497K(319488K), 0.0021770 secs] [Times: user=0.01 sys=0.00, real=0.00 secs] 
353.210: Total time for which application threads were stopped: 0.0043960 seconds, Stopping threads took: 0.0021330 seconds
353.286: Application time: 0.0757230 seconds
353.288: [GC [PSYoungGen: 90560K->6992K(97280K)] 115953K->32393K(319488K), 0.0020010 secs] [Times: user=0.02 sys=0.00, real=0.00 secs] 
353.290: Total time for which application threads were stopped: 0.0044970 seconds, Stopping threads took: 0.0024130 seconds
353.365: Application time: 0.0746350 seconds
353.367: [GC [PSYoungGen: 90448K->6720K(97280K)] 115849K->32129K(319488K), 0.0021320 secs] [Times: user=0.01 sys=0.00, real=0.01 secs] 
353.369: Total time for which application threads were stopped: 0.0040360 seconds, Stopping threads took: 0.0018200 seconds
353.444: Application time: 0.0757090 seconds
353.447: [GC [PSYoungGen: 90176K->7424K(97280K)] 115585K->32841K(319488K), 0.0022770 secs] [Times: user=0.02 sys=0.00, real=0.00 secs] 
353.450: Total time for which application threads were stopped: 0.0050680 seconds, Stopping threads took: 0.0027050 seconds
353.529: Application time: 0.0791960 seconds
353.531: [GC [PSYoungGen: 90880K->6704K(97280K)] 116297K->32121K(319488K), 0.0019520 secs] [Times: user=0.01 sys=0.00, real=0.00 secs] 
353.533: Total time for which application threads were stopped: 0.0042270 seconds, Stopping threads took: 0.0021920 seconds
353.610: Application time: 0.0771910 seconds
353.612: [GC [PSYoungGen: 90160K->7888K(97280K)] 115577K->33313K(319488K), 0.0024610 secs] [Times: user=0.01 sys=0.00, real=0.01 secs] 
353.615: Total time for which application threads were stopped: 0.0047590 seconds, Stopping threads took: 0.0022160 seconds
353.693: Application time: 0.0776230 seconds
353.694: [GC [PSYoungGen: 91344K->7168K(97280K)] 116769K->32601K(319488K), 0.0022370 secs] [Times: user=0.02 sys=0.00, real=0.01 secs] 
353.697: Total time for which application threads were stopped: 0.0040300 seconds, Stopping threads took: 0.0017080 seconds
353.777: Application time: 0.0804290 seconds
353.780: [GC [PSYoungGen: 90624K->6592K(97280K)] 116057K->32033K(319488K), 0.0018460 secs] [Times: user=0.01 sys=0.00, real=0.00 secs] 
353.782: Total time for which application threads were stopped: 0.0049940 seconds, Stopping threads took: 0.0030590 seconds
353.862: Application time: 0.0795950 seconds
353.865: [GC [PSYoungGen: 90048K->6944K(97280K)] 115489K->32393K(319488K), 0.0022370 secs] [Times: user=0.01 sys=0.00, real=0.00 secs] 
353.867: Total time for which application threads were stopped: 0.0052150 seconds, Stopping threads took: 0.0028940 seconds
353.945: Application time: 0.0782600 seconds
353.948: [GC [PSYoungGen: 90400K->7376K(97280K)] 115849K->32833K(319488K), 0.0021630 secs] [Times: user=0.01 sys=0.00, real=0.00 secs] 
353.950: Total time for which application threads were stopped: 0.0050760 seconds, Stopping threads took: 0.0028300 seconds
354.030: Application time: 0.0795750 seconds
354.032: [GC [PSYoungGen: 90832K->7680K(97280K)] 116289K->33137K(319488K), 0.0023270 secs] [Times: user=0.02 sys=0.00, real=0.00 secs] 
354.035: Total time for which application threads were stopped: 0.0050040 seconds, Stopping threads took: 0.0025950 seconds
354.115: Application time: 0.0802040 seconds
354.118: [GC [PSYoungGen: 91136K->7872K(97280K)] 116593K->33337K(319488K), 0.0022810 secs] [Times: user=0.02 sys=0.00, real=0.00 secs] 
354.120: Total time for which application threads were stopped: 0.0053360 seconds, Stopping threads took: 0.0029680 seconds
354.200: Application time: 0.0796880 seconds
354.203: [GC [PSYoungGen: 91328K->7040K(97280K)] 116793K->32513K(319488K), 0.0022620 secs] [Times: user=0.01 sys=0.00, real=0.00 secs] 
354.206: Total time for which application threads were stopped: 0.0055990 seconds, Stopping threads took: 0.0032230 seconds
354.283: Application time: 0.0773400 seconds
354.286: [GC [PSYoungGen: 90496K->6624K(97280K)] 115969K->32105K(319488K), 0.0020440 secs] [Times: user=0.02 sys=0.00, real=0.01 secs] 
354.288: Total time for which application threads were stopped: 0.0052090 seconds, Stopping threads took: 0.0030730 seconds
354.369: Application time: 0.0811500 seconds
354.373: [GC [PSYoungGen: 90080K->6464K(97280K)] 115561K->31953K(319488K), 0.0018840 secs] [Times: user=0.01 sys=0.00, real=0.00 secs] 
354.374: Total time for which application threads were stopped: 0.0051810 seconds, Stopping threads took: 0.0032180 seconds
354.453: Application time: 0.0788860 seconds
354.456: [GC [PSYoungGen: 89920K->7504K(97280K)] 115409K->33001K(319488K), 0.0022520 secs] [Times: user=0.01 sys=0.00, real=0.00 secs] 
354.459: Total time for which application threads were stopped: 0.0053820 seconds, Stopping threads took: 0.0030460 seconds
354.537: Application time: 0.0784880 seconds
354.539: [GC [PSYoungGen: 90960K->7376K(97280K)] 116457K->32873K(319488K), 0.0022140 secs] [Times: user=0.02 sys=0.00, real=0.00 secs] 
354.541: Total time for which application threads were stopped: 0.0040780 seconds, Stopping threads took: 0.0017780 seconds
354.618: Application time: 0.0769950 seconds
354.621: [GC [PSYoungGen: 90832K->8160K(97280K)] 116329K->33665K(319488K), 0.0026600 secs] [Times: user=0.02 sys=0.00, real=0.00 secs] 
354.623: Total time for which application threads were stopped: 0.0051080 seconds, Stopping threads took: 0.0023640 seconds
354.705: Application time: 0.0811080 seconds
354.708: [GC [PSYoungGen: 91616K->8336K(97280K)] 117121K->33849K(319488K), 0.0024350 secs] [Times: user=0.02 sys=0.00, real=0.00 secs] 
354.710: Total time for which application threads were stopped: 0.0055650 seconds, Stopping threads took: 0.0030480 seconds
354.791: Application time: 0.0807060 seconds
354.794: [GC [PSYoungGen: 91792K->5824K(97280K)] 117305K->31345K(319488K), 0.0017400 secs] [Times: user=0.02 sys=0.00, real=0.01 secs] 
354.795: Total time for which application threads were stopped: 0.0045230 seconds, Stopping threads took: 0.0026910 seconds
354.873: Application time: 0.0779960 seconds
354.875: [GC [PSYoungGen: 89280K->6736K(97280K)] 114801K->32265K(319488K), 0.0020330 secs] [Times: user=0.02 sys=0.00, real=0.00 secs] 
354.877: Total time for which application threads were stopped: 0.0037640 seconds, Stopping threads took: 0.0016510 seconds
354.958: Application time: 0.0810150 seconds
354.961: [GC [PSYoungGen: 90192K->6368K(97280K)] 115721K->31905K(319488K), 0.0019000 secs] [Times: user=0.01 sys=0.00, real=0.00 secs] 
354.963: Total time for which application threads were stopped: 0.0047020 seconds, Stopping threads took: 0.0027250 seconds
355.044: Application time: 0.0816460 seconds
355.048: [GC [PSYoungGen: 89824K->7312K(97280K)] 115361K->32849K(319488K), 0.0021200 secs] [Times: user=0.02 sys=0.00, real=0.00 secs] 
355.050: Total time for which application threads were stopped: 0.0055470 seconds, Stopping threads took: 0.0033480 seconds
355.128: Application time: 0.0779490 seconds
355.131: [GC [PSYoungGen: 90768K->7024K(97280K)] 116305K->32569K(319488K), 0.0020970 secs] [Times: user=0.02 sys=0.00, real=0.00 secs] 
355.133: Total time for which application threads were stopped: 0.0051810 seconds, Stopping threads took: 0.0030030 seconds
355.213: Application time: 0.0801540 seconds
355.216: [GC [PSYoungGen: 90480K->8400K(97280K)] 116025K->33953K(319488K), 0.0026500 secs] [Times: user=0.01 sys=0.00, real=0.00 secs] 
355.219: Total time for which application threads were stopped: 0.0057140 seconds, Stopping threads took: 0.0029780 seconds
355.297: Application time: 0.0783070 seconds
355.300: [GC [PSYoungGen: 91856K->7840K(97280K)] 117409K->33401K(319488K), 0.0023790 secs] [Times: user=0.02 sys=0.00, real=0.00 secs] 
355.303: Total time for which application threads were stopped: 0.0053750 seconds, Stopping threads took: 0.0029050 seconds
355.383: Application time: 0.0807430 seconds
355.386: [GC [PSYoungGen: 91296K->6208K(97280K)] 116857K->31777K(319488K), 0.0019010 secs] [Times: user=0.02 sys=0.00, real=0.01 secs] 
355.388: Total time for which application threads were stopped: 0.0041280 seconds, Stopping threads took: 0.0021410 seconds
355.469: Application time: 0.0811080 seconds
355.471: [GC [PSYoungGen: 89664K->7776K(97280K)] 115233K->33353K(319488K), 0.0023110 secs] [Times: user=0.01 sys=0.00, real=0.00 secs] 
355.473: Total time for which application threads were stopped: 0.0044810 seconds, Stopping threads took: 0.0020850 seconds
355.553: Application time: 0.0797110 seconds
355.555: [GC [PSYoungGen: 91232K->6848K(97280K)] 116809K->32433K(319488K), 0.0022690 secs] [Times: user=0.01 sys=0.00, real=0.01 secs] 
355.557: Total time for which application threads were stopped: 0.0040050 seconds, Stopping threads took: 0.0016500 seconds
355.638: Application time: 0.0814800 seconds
355.640: [GC [PSYoungGen: 90304K->5488K(97280K)] 115889K->31081K(319488K), 0.0016500 secs] [Times: user=0.01 sys=0.00, real=0.00 secs] 
355.642: Total time for which application threads were stopped: 0.0034250 seconds, Stopping threads took: 0.0017010 seconds
355.722: Application time: 0.0800090 seconds
355.725: [GC [PSYoungGen: 88944K->7248K(97280K)] 114537K->32849K(319488K), 0.0021490 secs] [Times: user=0.02 sys=0.00, real=0.00 secs] 
355.727: Total time for which application threads were stopped: 0.0049750 seconds, Stopping threads took: 0.0027380 seconds
355.805: Application time: 0.0779980 seconds
355.807: [GC [PSYoungGen: 90704K->7552K(97280K)] 116305K->33161K(319488K), 0.0022450 secs] [Times: user=0.01 sys=0.00, real=0.00 secs] 
355.810: Total time for which application threads were stopped: 0.0047650 seconds, Stopping threads took: 0.0024250 seconds
355.890: Application time: 0.0802980 seconds
355.892: [GC [PSYoungGen: 91008K->6864K(97280K)] 116617K->32481K(319488K), 0.0020590 secs] [Times: user=0.01 sys=0.00, real=0.00 secs] 
355.894: Total time for which application threads were stopped: 0.0043920 seconds, Stopping threads took: 0.0022500 seconds
355.973: Application time: 0.0787960 seconds
355.976: [GC [PSYoungGen: 90320K->6848K(97280K)] 115937K->32473K(319488K), 0.0020420 secs] [Times: user=0.01 sys=0.00, real=0.00 secs] 
355.978: Total time for which application threads were stopped: 0.0049650 seconds, Stopping threads took: 0.0028430 seconds
356.057: Application time: 0.0789400 seconds
356.060: [GC [PSYoungGen: 90304K->7248K(97280K)] 115929K->32881K(319488K), 0.0021670 secs] [Times: user=0.02 sys=0.00, real=0.00 secs] 
356.062: Total time for which application threads were stopped: 0.0049500 seconds, Stopping threads took: 0.0027020 seconds
356.140: Application time: 0.0782310 seconds
356.141: [GC [PSYoungGen: 90704K->6704K(97280K)] 116337K->32345K(319488K), 0.0021410 secs] [Times: user=0.01 sys=0.00, real=0.00 secs] 
356.143: Total time for which application threads were stopped: 0.0033130 seconds, Stopping threads took: 0.0010890 seconds
356.224: Application time: 0.0809460 seconds
356.227: [GC [PSYoungGen: 90160K->6992K(97280K)] 115801K->32641K(319488K), 0.0021870 secs] [Times: user=0.02 sys=0.00, real=0.01 secs] 
356.229: Total time for which application threads were stopped: 0.0043350 seconds, Stopping threads took: 0.0020580 seconds
356.310: Application time: 0.0807490 seconds
356.312: [GC [PSYoungGen: 90448K->8320K(97280K)] 116097K->33977K(319488K), 0.0024720 secs] [Times: user=0.01 sys=0.00, real=0.00 secs] 
356.315: Total time for which application threads were stopped: 0.0053690 seconds, Stopping threads took: 0.0027930 seconds
356.395: Application time: 0.0801510 seconds
356.398: [GC [PSYoungGen: 91776K->6704K(97280K)] 117433K->32369K(319488K), 0.0019230 secs] [Times: user=0.01 sys=0.00, real=0.00 secs] 
356.400: Total time for which application threads were stopped: 0.0050920 seconds, Stopping threads took: 0.0030850 seconds
356.479: Application time: 0.0783990 seconds
356.482: [GC [PSYoungGen: 90160K->7952K(97280K)] 115825K->33625K(319488K), 0.0023230 secs] [Times: user=0.01 sys=0.00, real=0.00 secs] 
356.484: Total time for which application threads were stopped: 0.0056380 seconds, Stopping threads took: 0.0032050 seconds
356.562: Application time: 0.0782840 seconds
356.565: [GC [PSYoungGen: 91408K->7632K(97280K)] 117081K->33313K(319488K), 0.0022470 secs] [Times: user=0.01 sys=0.00, real=0.01 secs] 
356.567: Total time for which application threads were stopped: 0.0047500 seconds, Stopping threads took: 0.0024190 seconds
356.645: Application time: 0.0774680 seconds
356.646: [GC [PSYoungGen: 91088K->6160K(97280K)] 116769K->31841K(319488K), 0.0019580 secs] [Times: user=0.01 sys=0.00, real=0.01 secs] 
356.648: Total time for which application threads were stopped: 0.0035930 seconds, Stopping threads took: 0.0015530 seconds
356.727: Application time: 0.0791980 seconds
356.730: [GC [PSYoungGen: 89616K->6064K(97280K)] 115297K->31753K(319488K), 0.0018630 secs] [Times: user=0.02 sys=0.00, real=0.00 secs] 
356.732: Total time for which application threads were stopped: 0.0040470 seconds, Stopping threads took: 0.0021000 seconds
356.810: Application time: 0.0788840 seconds
356.812: [GC [PSYoungGen: 89520K->7488K(97280K)] 115209K->33185K(319488K), 0.0022440 secs] [Times: user=0.02 sys=0.00, real=0.00 secs] 
356.815: Total time for which application threads were stopped: 0.0043600 seconds, Stopping threads took: 0.0020360 seconds
356.894: Application time: 0.0792050 seconds
356.896: [GC [PSYoungGen: 90944K->7696K(97280K)] 116641K->33401K(319488K), 0.0023950 secs] [Times: user=0.01 sys=0.00, real=0.00 secs] 
356.899: Total time for which application threads were stopped: 0.0048720 seconds, Stopping threads took: 0.0023870 seconds
356.979: Application time: 0.0798490 seconds
356.981: [GC [PSYoungGen: 91152K->6672K(97280K)] 116857K->32385K(319488K), 0.0020850 secs] [Times: user=0.01 sys=0.00, real=0.00 secs] 
356.984: Total time for which application threads were stopped: 0.0048750 seconds, Stopping threads took: 0.0027050 seconds
357.062: Application time: 0.0784000 seconds
357.064: [GC [PSYoungGen: 90128K->5872K(97280K)] 115841K->31593K(319488K), 0.0017970 secs] [Times: user=0.02 sys=0.00, real=0.00 secs] 
357.066: Total time for which application threads were stopped: 0.0039850 seconds, Stopping threads took: 0.0021060 seconds
357.145: Application time: 0.0790510 seconds
357.147: [GC [PSYoungGen: 89328K->6976K(97280K)] 115049K->32697K(319488K), 0.0020940 secs] [Times: user=0.02 sys=0.00, real=0.00 secs] 
357.149: Total time for which application threads were stopped: 0.0043940 seconds, Stopping threads took: 0.0022160 seconds
357.227: Application time: 0.0779690 seconds
357.231: [GC [PSYoungGen: 90432K->7248K(97280K)] 116153K->32977K(319488K), 0.0022760 secs] [Times: user=0.02 sys=0.00, real=0.00 secs] 
357.233: Total time for which application threads were stopped: 0.0059080 seconds, Stopping threads took: 0.0035470 seconds
357.313: Application time: 0.0799620 seconds
357.315: [GC [PSYoungGen: 90704K->6736K(97280K)] 116433K->32473K(319488K), 0.0019730 secs] [Times: user=0.01 sys=0.00, real=0.00 secs] 
357.317: Total time for which application threads were stopped: 0.0038210 seconds, Stopping threads took: 0.0017670 seconds
357.397: Application time: 0.0800540 seconds
357.399: [GC [PSYoungGen: 90192K->6400K(97280K)] 115929K->32145K(319488K), 0.0018940 secs] [Times: user=0.01 sys=0.00, real=0.00 secs] 
357.401: Total time for which application threads were stopped: 0.0042860 seconds, Stopping threads took: 0.0023010 seconds
357.476: Application time: 0.0749470 seconds
357.478: [GC [PSYoungGen: 89856K->7968K(97280K)] 115601K->33729K(319488K), 0.0022820 secs] [Times: user=0.02 sys=0.00, real=0.00 secs] 
357.481: Total time for which application threads were stopped: 0.0041460 seconds, Stopping threads took: 0.0017840 seconds
357.555: Application time: 0.0749440 seconds
357.558: [GC [PSYoungGen: 91424K->7376K(97280K)] 117185K->33145K(319488K), 0.0022220 secs] [Times: user=0.01 sys=0.00, real=0.00 secs] 
357.560: Total time for which application threads were stopped: 0.0043650 seconds, Stopping threads took: 0.0020590 seconds
357.639: Application time: 0.0793300 seconds
357.641: [GC [PSYoungGen: 90832K->5536K(97280K)] 116601K->31305K(319488K), 0.0016230 secs] [Times: user=0.00 sys=0.00, real=0.00 secs] 
357.643: Total time for which application threads were stopped: 0.0036670 seconds, Stopping threads took: 0.0019670 seconds
357.717: Application time: 0.0742400 seconds
357.720: [GC [PSYoungGen: 88992K->6576K(97280K)] 114761K->32353K(319488K), 0.0020690 secs] [Times: user=0.01 sys=0.00, real=0.00 secs] 
357.722: Total time for which application threads were stopped: 0.0048850 seconds, Stopping threads took: 0.0027410 seconds
357.795: Application time: 0.0731280 seconds
357.797: [GC [PSYoungGen: 90032K->7344K(97280K)] 115809K->33129K(319488K), 0.0021580 secs] [Times: user=0.02 sys=0.00, real=0.00 secs] 
357.799: Total time for which application threads were stopped: 0.0042540 seconds, Stopping threads took: 0.0020170 seconds
357.876: Application time: 0.0767430 seconds
357.877: [GC [PSYoungGen: 90800K->7744K(97280K)] 116585K->33537K(319488K), 0.0022370 secs] [Times: user=0.02 sys=0.00, real=0.00 secs] 
357.880: Total time for which application threads were stopped: 0.0036310 seconds, Stopping threads took: 0.0013140 seconds
357.958: Application time: 0.0786080 seconds
357.961: [GC [PSYoungGen: 91200K->4864K(97280K)] 116993K->30665K(319488K), 0.0014870 secs] [Times: user=0.01 sys=0.00, real=0.00 secs] 
357.962: Total time for which application threads were stopped: 0.0037180 seconds, Stopping threads took: 0.0021490 seconds
358.038: Application time: 0.0763360 seconds
358.040: [GC [PSYoungGen: 88320K->5920K(97280K)] 114121K->31729K(319488K), 0.0017560 secs] [Times: user=0.01 sys=0.00, real=0.00 secs] 
358.042: Total time for which application threads were stopped: 0.0034250 seconds, Stopping threads took: 0.0015920 seconds
358.116: Application time: 0.0740330 seconds
358.118: [GC [PSYoungGen: 89374K->7440K(97280K)] 115183K->33257K(319488K), 0.0023580 secs] [Times: user=0.02 sys=0.00, real=0.00 secs] 
358.120: Total time for which application threads were stopped: 0.0044570 seconds, Stopping threads took: 0.0020170 seconds
358.195: Application time: 0.0750430 seconds
358.199: [GC [PSYoungGen: 90896K->6816K(97280K)] 116713K->32641K(319488K), 0.0019620 secs] [Times: user=0.01 sys=0.00, real=0.00 secs] 
358.201: Total time for which application threads were stopped: 0.0055860 seconds, Stopping threads took: 0.0035430 seconds
358.277: Application time: 0.0762210 seconds
358.279: [GC [PSYoungGen: 90272K->6480K(97280K)] 116097K->32313K(319488K), 0.0018830 secs] [Times: user=0.02 sys=0.00, real=0.00 secs] 
358.281: Total time for which application threads were stopped: 0.0036550 seconds, Stopping threads took: 0.0016980 seconds
358.358: Application time: 0.0768850 seconds
358.361: [GC [PSYoungGen: 89936K->7056K(97280K)] 115769K->32897K(319488K), 0.0020930 secs] [Times: user=0.02 sys=0.00, real=0.00 secs] 
358.363: Total time for which application threads were stopped: 0.0050800 seconds, Stopping threads took: 0.0029030 seconds
358.438: Application time: 0.0748260 seconds
358.439: [GC [PSYoungGen: 90512K->6992K(97280K)] 116353K->32841K(319488K), 0.0020340 secs] [Times: user=0.02 sys=0.00, real=0.00 secs] 
358.442: Total time for which application threads were stopped: 0.0039270 seconds, Stopping threads took: 0.0018150 seconds
358.517: Application time: 0.0750350 seconds
358.519: [GC [PSYoungGen: 90448K->6592K(97280K)] 116297K->32449K(319488K), 0.0019970 secs] [Times: user=0.02 sys=0.00, real=0.00 secs] 
358.521: Total time for which application threads were stopped: 0.0040410 seconds, Stopping threads took: 0.0019580 seconds
358.596: Application time: 0.0757200 seconds
358.599: [GC [PSYoungGen: 90048K->8272K(97280K)] 115905K->34137K(319488K), 0.0025300 secs] [Times: user=0.01 sys=0.00, real=0.00 secs] 
358.601: Total time for which application threads were stopped: 0.0049410 seconds, Stopping threads took: 0.0023310 seconds
358.676: Application time: 0.0748640 seconds
358.678: [GC [PSYoungGen: 91728K->6592K(97280K)] 117593K->32457K(319488K), 0.0020120 secs] [Times: user=0.01 sys=0.00, real=0.00 secs] 
358.680: Total time for which application threads were stopped: 0.0037900 seconds, Stopping threads took: 0.0016980 seconds
358.755: Application time: 0.0750550 seconds
358.758: [GC [PSYoungGen: 90048K->6272K(97280K)] 115913K->32145K(319488K), 0.0017960 secs] [Times: user=0.02 sys=0.00, real=0.00 secs] 
358.760: Total time for which application threads were stopped: 0.0045460 seconds, Stopping threads took: 0.0026730 seconds
358.833: Application time: 0.0735920 seconds
358.835: [GC [PSYoungGen: 89728K->5680K(97280K)] 115601K->31553K(319488K), 0.0016470 secs] [Times: user=0.01 sys=0.00, real=0.01 secs] 
358.836: Total time for which application threads were stopped: 0.0031640 seconds, Stopping threads took: 0.0014410 seconds
358.909: Application time: 0.0731240 seconds
358.911: [GC [PSYoungGen: 89136K->6368K(97280K)] 115009K->32249K(319488K), 0.0019930 secs] [Times: user=0.02 sys=0.00, real=0.00 secs] 
358.913: Total time for which application threads were stopped: 0.0036970 seconds, Stopping threads took: 0.0016240 seconds
358.986: Application time: 0.0732370 seconds
358.988: [GC [PSYoungGen: 89824K->7088K(97280K)] 115705K->32977K(319488K), 0.0021880 secs] [Times: user=0.01 sys=0.00, real=0.00 secs] 
358.991: Total time for which application threads were stopped: 0.0043320 seconds, Stopping threads took: 0.0020400 seconds
359.068: Application time: 0.0771080 seconds
359.070: [GC [PSYoungGen: 90544K->7648K(97280K)] 116433K->33545K(319488K), 0.0023710 secs] [Times: user=0.02 sys=0.00, real=0.00 secs] 
359.073: Total time for which application threads were stopped: 0.0049360 seconds, Stopping threads took: 0.0024800 seconds
359.146: Application time: 0.0728810 seconds
359.147: [GC [PSYoungGen: 91104K->6944K(97280K)] 117001K->32841K(319488K), 0.0022210 secs] [Times: user=0.01 sys=0.00, real=0.00 secs] 
359.150: Total time for which application threads were stopped: 0.0040450 seconds, Stopping threads took: 0.0017470 seconds
359.223: Application time: 0.0733420 seconds
359.225: [GC [PSYoungGen: 90400K->8400K(97280K)] 116297K->34305K(319488K), 0.0024420 secs] [Times: user=0.02 sys=0.00, real=0.01 secs] 
359.228: Total time for which application threads were stopped: 0.0047910 seconds, Stopping threads took: 0.0022690 seconds
359.304: Application time: 0.0761010 seconds
359.307: [GC [PSYoungGen: 91856K->7232K(97280K)] 117761K->33145K(319488K), 0.0021520 secs] [Times: user=0.02 sys=0.00, real=0.01 secs] 
359.309: Total time for which application threads were stopped: 0.0048050 seconds, Stopping threads took: 0.0025760 seconds
359.382: Application time: 0.0733210 seconds
359.384: [GC [PSYoungGen: 90688K->6672K(97280K)] 116601K->32593K(319488K), 0.0020720 secs] [Times: user=0.02 sys=0.00, real=0.00 secs] 
359.386: Total time for which application threads were stopped: 0.0041230 seconds, Stopping threads took: 0.0019770 seconds
359.463: Application time: 0.0766250 seconds
359.465: [GC [PSYoungGen: 90128K->7776K(97280K)] 116049K->33705K(319488K), 0.0022720 secs] [Times: user=0.02 sys=0.00, real=0.01 secs] 
359.467: Total time for which application threads were stopped: 0.0042320 seconds, Stopping threads took: 0.0018800 seconds
359.542: Application time: 0.0749590 seconds
359.545: [GC [PSYoungGen: 91232K->7312K(97280K)] 117161K->33249K(319488K), 0.0021550 secs] [Times: user=0.01 sys=0.00, real=0.00 secs] 
359.547: Total time for which application threads were stopped: 0.0047310 seconds, Stopping threads took: 0.0024960 seconds
359.622: Application time: 0.0754590 seconds
359.624: [GC [PSYoungGen: 90768K->6848K(97280K)] 116705K->32785K(319488K), 0.0020190 secs] [Times: user=0.01 sys=0.00, real=0.00 secs] 
359.626: Total time for which application threads were stopped: 0.0039660 seconds, Stopping threads took: 0.0018590 seconds
359.703: Application time: 0.0767020 seconds
359.705: [GC [PSYoungGen: 90304K->5456K(97280K)] 116241K->31401K(319488K), 0.0016180 secs] [Times: user=0.01 sys=0.00, real=0.00 secs] 
359.706: Total time for which application threads were stopped: 0.0035570 seconds, Stopping threads took: 0.0018600 seconds
359.785: Application time: 0.0782740 seconds
359.787: [GC [PSYoungGen: 88912K->7920K(97280K)] 114857K->33873K(319488K), 0.0022960 secs] [Times: user=0.02 sys=0.00, real=0.00 secs] 
359.789: Total time for which application threads were stopped: 0.0045290 seconds, Stopping threads took: 0.0021420 seconds
359.864: Application time: 0.0750860 seconds
359.867: [GC [PSYoungGen: 91376K->7280K(97280K)] 117329K->33241K(319488K), 0.0021000 secs] [Times: user=0.02 sys=0.00, real=0.01 secs] 
359.869: Total time for which application threads were stopped: 0.0043300 seconds, Stopping threads took: 0.0021500 seconds
359.945: Application time: 0.0759330 seconds
359.947: [GC [PSYoungGen: 90736K->5808K(97280K)] 116697K->31777K(319488K), 0.0017190 secs] [Times: user=0.00 sys=0.00, real=0.00 secs] 
359.949: Total time for which application threads were stopped: 0.0042490 seconds, Stopping threads took: 0.0024430 seconds
360.026: Application time: 0.0767230 seconds
360.028: [GC [PSYoungGen: 89264K->5760K(97280K)] 115233K->31737K(319488K), 0.0016960 secs] [Times: user=0.02 sys=0.00, real=0.00 secs] 
360.029: Total time for which application threads were stopped: 0.0038380 seconds, Stopping threads took: 0.0020700 seconds
360.106: Application time: 0.0769060 seconds
360.109: [GC [PSYoungGen: 89216K->7840K(97280K)] 115193K->33817K(319488K), 0.0022480 secs] [Times: user=0.02 sys=0.00, real=0.00 secs] 
360.111: Total time for which application threads were stopped: 0.0047130 seconds, Stopping threads took: 0.0023840 seconds
360.183: Application time: 0.0722740 seconds
360.186: [GC [PSYoungGen: 91296K->8144K(97280K)] 117273K->34129K(319488K), 0.0023440 secs] [Times: user=0.02 sys=0.00, real=0.01 secs] 
360.189: Total time for which application threads were stopped: 0.0053360 seconds, Stopping threads took: 0.0029030 seconds
360.266: Application time: 0.0777290 seconds
360.267: [GC [PSYoungGen: 91600K->5840K(97280K)] 117585K->31833K(319488K), 0.0017680 secs] [Times: user=0.01 sys=0.00, real=0.00 secs] 
360.269: Total time for which application threads were stopped: 0.0023940 seconds, Stopping threads took: 0.0005550 seconds
360.344: Application time: 0.0749000 seconds
360.346: [GC [PSYoungGen: 89296K->6352K(97280K)] 115289K->32353K(319488K), 0.0019280 secs] [Times: user=0.01 sys=0.00, real=0.01 secs] 
360.348: Total time for which application threads were stopped: 0.0042290 seconds, Stopping threads took: 0.0022160 seconds
360.422: Application time: 0.0744560 seconds
360.424: [GC [PSYoungGen: 89808K->7984K(97280K)] 115809K->33993K(319488K), 0.0026590 secs] [Times: user=0.02 sys=0.00, real=0.01 secs] 
360.427: Total time for which application threads were stopped: 0.0046090 seconds, Stopping threads took: 0.0018610 seconds
360.501: Application time: 0.0745230 seconds
360.504: [GC [PSYoungGen: 91440K->7504K(97280K)] 117449K->33521K(319488K), 0.0021280 secs] [Times: user=0.01 sys=0.00, real=0.00 secs] 
360.506: Total time for which application threads were stopped: 0.0045690 seconds, Stopping threads took: 0.0023590 seconds
360.583: Application time: 0.0766820 seconds
360.584: [GC [PSYoungGen: 90960K->5088K(97280K)] 116977K->31105K(319488K), 0.0014780 secs] [Times: user=0.01 sys=0.00, real=0.00 secs] 
360.586: Total time for which application threads were stopped: 0.0031870 seconds, Stopping threads took: 0.0016350 seconds
360.661: Application time: 0.0754240 seconds
360.663: [GC [PSYoungGen: 88544K->5744K(97280K)] 114561K->31761K(319488K), 0.0017450 secs] [Times: user=0.01 sys=0.00, real=0.00 secs] 
360.664: Total time for which application threads were stopped: 0.0029920 seconds, Stopping threads took: 0.0011710 seconds
360.740: Application time: 0.0757940 seconds
360.742: [GC [PSYoungGen: 89200K->7264K(97280K)] 115217K->33289K(319488K), 0.0023260 secs] [Times: user=0.02 sys=0.00, real=0.00 secs] 
360.745: Total time for which application threads were stopped: 0.0046020 seconds, Stopping threads took: 0.0021880 seconds
360.820: Application time: 0.0756830 seconds
360.822: [GC [PSYoungGen: 90720K->6880K(97280K)] 116745K->32913K(319488K), 0.0022800 secs] [Times: user=0.02 sys=0.00, real=0.00 secs] 
360.825: Total time for which application threads were stopped: 0.0042460 seconds, Stopping threads took: 0.0018850 seconds
360.897: Application time: 0.0727200 seconds
360.900: [GC [PSYoungGen: 90336K->5568K(97280K)] 116369K->31609K(319488K), 0.0017950 secs] [Times: user=0.01 sys=0.00, real=0.00 secs] 
360.902: Total time for which application threads were stopped: 0.0042510 seconds, Stopping threads took: 0.0023810 seconds
360.978: Application time: 0.0766170 seconds
360.981: [GC [PSYoungGen: 89024K->6688K(97280K)] 115065K->32737K(319488K), 0.0019160 secs] [Times: user=0.01 sys=0.00, real=0.00 secs] 
360.983: Total time for which application threads were stopped: 0.0047930 seconds, Stopping threads took: 0.0027960 seconds
361.059: Application time: 0.0757260 seconds
361.060: [GC [PSYoungGen: 90144K->6208K(97280K)] 116193K->32265K(319488K), 0.0018920 secs] [Times: user=0.01 sys=0.00, real=0.00 secs] 
361.062: Total time for which application threads were stopped: 0.0030850 seconds, Stopping threads took: 0.0011130 seconds
361.138: Application time: 0.0763140 seconds
361.141: [GC [PSYoungGen: 89664K->6720K(97280K)] 115721K->32777K(319488K), 0.0020290 secs] [Times: user=0.01 sys=0.00, real=0.00 secs] 
361.143: Total time for which application threads were stopped: 0.0050320 seconds, Stopping threads took: 0.0029210 seconds
361.218: Application time: 0.0743450 seconds
361.221: [GC [PSYoungGen: 90176K->7360K(97280K)] 116233K->33425K(319488K), 0.0022550 secs] [Times: user=0.02 sys=0.00, real=0.00 secs] 
361.223: Total time for which application threads were stopped: 0.0052680 seconds, Stopping threads took: 0.0029220 seconds
361.296: Application time: 0.0733970 seconds
361.298: [GC [PSYoungGen: 90816K->6176K(97280K)] 116881K->32241K(319488K), 0.0020400 secs] [Times: user=0.02 sys=0.00, real=0.00 secs] 
361.300: Total time for which application threads were stopped: 0.0040650 seconds, Stopping threads took: 0.0019230 seconds
361.372: Application time: 0.0720400 seconds
361.376: [GC [PSYoungGen: 89632K->7552K(97280K)] 115697K->33625K(319488K), 0.0022440 secs] [Times: user=0.02 sys=0.00, real=0.00 secs] 
361.378: Total time for which application threads were stopped: 0.0054490 seconds, Stopping threads took: 0.0031270 seconds
361.452: Application time: 0.0739890 seconds
361.454: [GC [PSYoungGen: 91008K->7568K(97280K)] 117081K->33649K(319488K), 0.0023470 secs] [Times: user=0.01 sys=0.00, real=0.01 secs] 
361.456: Total time for which application threads were stopped: 0.0044310 seconds, Stopping threads took: 0.0019960 seconds
361.533: Application time: 0.0768830 seconds
361.536: [GC [PSYoungGen: 91024K->7968K(97280K)] 117105K->34057K(319488K), 0.0024470 secs] [Times: user=0.01 sys=0.00, real=0.00 secs] 
361.539: Total time for which application threads were stopped: 0.0057110 seconds, Stopping threads took: 0.0031790 seconds
361.618: Application time: 0.0787740 seconds
361.620: [GC [PSYoungGen: 91424K->7680K(97280K)] 117513K->33769K(319488K), 0.0023090 secs] [Times: user=0.02 sys=0.00, real=0.00 secs] 
361.623: Total time for which application threads were stopped: 0.0051130 seconds, Stopping threads took: 0.0027160 seconds
361.704: Application time: 0.0812700 seconds
361.706: [GC [PSYoungGen: 91136K->6032K(97280K)] 117225K->32129K(319488K), 0.0018010 secs] [Times: user=0.01 sys=0.00, real=0.01 secs] 
361.708: Total time for which application threads were stopped: 0.0042860 seconds, Stopping threads took: 0.0024030 seconds
361.786: Application time: 0.0779830 seconds
361.789: [GC [PSYoungGen: 89488K->7968K(97280K)] 115585K->34073K(319488K), 0.0024610 secs] [Times: user=0.02 sys=0.00, real=0.00 secs] 
361.791: Total time for which application threads were stopped: 0.0050240 seconds, Stopping threads took: 0.0024550 seconds
361.871: Application time: 0.0792110 seconds
361.873: [GC [PSYoungGen: 91424K->5952K(97280K)] 117529K->32065K(319488K), 0.0018660 secs] [Times: user=0.01 sys=0.00, real=0.01 secs] 
361.875: Total time for which application threads were stopped: 0.0044900 seconds, Stopping threads took: 0.0025180 seconds
361.953: Application time: 0.0784240 seconds
361.955: [GC [PSYoungGen: 89408K->7264K(97280K)] 115521K->33377K(319488K), 0.0021760 secs] [Times: user=0.01 sys=0.00, real=0.00 secs] 
361.958: Total time for which application threads were stopped: 0.0042120 seconds, Stopping threads took: 0.0019350 seconds
362.038: Application time: 0.0803280 seconds
362.040: [GC [PSYoungGen: 90720K->7008K(97280K)] 116833K->33129K(319488K), 0.0022610 secs] [Times: user=0.02 sys=0.00, real=0.00 secs] 
362.042: Total time for which application threads were stopped: 0.0041720 seconds, Stopping threads took: 0.0018230 seconds
362.122: Application time: 0.0793680 seconds
362.124: [GC [PSYoungGen: 90464K->7296K(97280K)] 116585K->33417K(319488K), 0.0022110 secs] [Times: user=0.01 sys=0.00, real=0.00 secs] 
362.126: Total time for which application threads were stopped: 0.0049110 seconds, Stopping threads took: 0.0026200 seconds
362.206: Application time: 0.0795300 seconds
362.208: [GC [PSYoungGen: 90752K->5952K(97280K)] 116873K->32081K(319488K), 0.0018530 secs] [Times: user=0.01 sys=0.00, real=0.00 secs] 
362.210: Total time for which application threads were stopped: 0.0041130 seconds, Stopping threads took: 0.0021860 seconds
362.290: Application time: 0.0796510 seconds
362.292: [GC [PSYoungGen: 89408K->7184K(97280K)] 115537K->33321K(319488K), 0.0022190 secs] [Times: user=0.02 sys=0.00, real=0.00 secs] 
362.294: Total time for which application threads were stopped: 0.0047250 seconds, Stopping threads took: 0.0024240 seconds
362.372: Application time: 0.0772510 seconds
362.375: [GC [PSYoungGen: 90640K->6512K(97280K)] 116777K->32657K(319488K), 0.0019890 secs] [Times: user=0.01 sys=0.00, real=0.00 secs] 
362.377: Total time for which application threads were stopped: 0.0051660 seconds, Stopping threads took: 0.0030780 seconds
362.453: Application time: 0.0764920 seconds
362.456: [GC [PSYoungGen: 89968K->7216K(97280K)] 116113K->33369K(319488K), 0.0021570 secs] [Times: user=0.01 sys=0.00, real=0.00 secs] 
362.458: Total time for which application threads were stopped: 0.0046470 seconds, Stopping threads took: 0.0024080 seconds
362.536: Application time: 0.0783250 seconds
362.538: [GC [PSYoungGen: 90672K->7472K(97280K)] 116825K->33633K(319488K), 0.0022220 secs] [Times: user=0.01 sys=0.00, real=0.00 secs] 
362.541: Total time for which application threads were stopped: 0.0041340 seconds, Stopping threads took: 0.0018310 seconds
362.618: Application time: 0.0773170 seconds
362.620: [GC [PSYoungGen: 90928K->7040K(97280K)] 117089K->33201K(319488K), 0.0022220 secs] [Times: user=0.01 sys=0.00, real=0.00 secs] 
362.622: Total time for which application threads were stopped: 0.0042480 seconds, Stopping threads took: 0.0019450 seconds
362.701: Application time: 0.0784280 seconds
362.702: [GC [PSYoungGen: 90496K->6464K(97280K)] 116657K->32625K(319488K), 0.0019650 secs] [Times: user=0.01 sys=0.00, real=0.00 secs] 
362.704: Total time for which application threads were stopped: 0.0038310 seconds, Stopping threads took: 0.0017830 seconds
362.782: Application time: 0.0775750 seconds
362.784: [GC [PSYoungGen: 89920K->6880K(97280K)] 116081K->33049K(319488K), 0.0021370 secs] [Times: user=0.02 sys=0.00, real=0.00 secs] 
362.786: Total time for which application threads were stopped: 0.0037830 seconds, Stopping threads took: 0.0015580 seconds
362.865: Application time: 0.0792430 seconds
362.867: [GC [PSYoungGen: 90336K->5696K(97280K)] 116505K->31873K(319488K), 0.0017170 secs] [Times: user=0.01 sys=0.00, real=0.00 secs] 
362.869: Total time for which application threads were stopped: 0.0037870 seconds, Stopping threads took: 0.0019900 seconds
362.947: Application time: 0.0777660 seconds
362.949: [GC [PSYoungGen: 89152K->7664K(97280K)] 115329K->33849K(319488K), 0.0022620 secs] [Times: user=0.02 sys=0.00, real=0.00 secs] 
362.952: Total time for which application threads were stopped: 0.0051210 seconds, Stopping threads took: 0.0027700 seconds
363.031: Application time: 0.0792580 seconds
363.033: [GC [PSYoungGen: 91120K->6368K(97280K)] 117305K->32561K(319488K), 0.0019910 secs] [Times: user=0.01 sys=0.00, real=0.01 secs] 
363.035: Total time for which application threads were stopped: 0.0042650 seconds, Stopping threads took: 0.0021940 seconds
363.116: Application time: 0.0807310 seconds
363.118: [GC [PSYoungGen: 89824K->6992K(97280K)] 116017K->33185K(319488K), 0.0021720 secs] [Times: user=0.02 sys=0.00, real=0.00 secs] 
363.121: Total time for which application threads were stopped: 0.0047540 seconds, Stopping threads took: 0.0024980 seconds
363.198: Application time: 0.0775620 seconds
363.201: [GC [PSYoungGen: 90448K->6992K(97280K)] 116641K->33185K(319488K), 0.0021930 secs] [Times: user=0.01 sys=0.00, real=0.00 secs] 
363.204: Total time for which application threads were stopped: 0.0054380 seconds, Stopping threads took: 0.0031380 seconds
363.281: Application time: 0.0770410 seconds
363.282: [GC [PSYoungGen: 90448K->7056K(97280K)] 116641K->33257K(319488K), 0.0021790 secs] [Times: user=0.02 sys=0.00, real=0.00 secs] 
363.285: Total time for which application threads were stopped: 0.0038600 seconds, Stopping threads took: 0.0015990 seconds
363.363: Application time: 0.0784810 seconds
363.366: [GC [PSYoungGen: 90512K->7344K(97280K)] 116713K->33553K(319488K), 0.0021950 secs] [Times: user=0.01 sys=0.00, real=0.01 secs] 
363.368: Total time for which application threads were stopped: 0.0051060 seconds, Stopping threads took: 0.0028270 seconds
363.445: Application time: 0.0772510 seconds
363.449: [GC [PSYoungGen: 90800K->7856K(97280K)] 117009K->34073K(319488K), 0.0024180 secs] [Times: user=0.02 sys=0.00, real=0.00 secs] 
363.451: Total time for which application threads were stopped: 0.0056500 seconds, Stopping threads took: 0.0031470 seconds
363.530: Application time: 0.0793340 seconds
363.534: [GC [PSYoungGen: 91312K->7488K(97280K)] 117529K->33713K(319488K), 0.0021320 secs] [Times: user=0.01 sys=0.00, real=0.01 secs] 
363.536: Total time for which application threads were stopped: 0.0053820 seconds, Stopping threads took: 0.0031600 seconds
363.616: Application time: 0.0805030 seconds
363.618: [GC [PSYoungGen: 90944K->6912K(97280K)] 117169K->33153K(319488K), 0.0020870 secs] [Times: user=0.02 sys=0.00, real=0.00 secs] 
363.620: Total time for which application threads were stopped: 0.0039540 seconds, Stopping threads took: 0.0017870 seconds
363.701: Application time: 0.0812670 seconds
363.703: [GC [PSYoungGen: 90368K->5616K(97280K)] 116609K->31857K(319488K), 0.0017400 secs] [Times: user=0.01 sys=0.00, real=0.00 secs] 
363.705: Total time for which application threads were stopped: 0.0035050 seconds, Stopping threads took: 0.0016850 seconds
363.790: Application time: 0.0847940 seconds
363.793: [GC [PSYoungGen: 89072K->6512K(97280K)] 115313K->32761K(319488K), 0.0020210 secs] [Times: user=0.01 sys=0.00, real=0.00 secs] 
363.795: Total time for which application threads were stopped: 0.0048170 seconds, Stopping threads took: 0.0027140 seconds
363.874: Application time: 0.0790390 seconds
363.877: [GC [PSYoungGen: 89968K->6624K(97280K)] 116217K->32873K(319488K), 0.0023300 secs] [Times: user=0.01 sys=0.00, real=0.00 secs] 
363.879: Total time for which application threads were stopped: 0.0052630 seconds, Stopping threads took: 0.0028520 seconds
363.957: Application time: 0.0779800 seconds
363.960: [GC [PSYoungGen: 90080K->6752K(97280K)] 116329K->33009K(319488K), 0.0023710 secs] [Times: user=0.01 sys=0.00, real=0.00 secs] 
363.963: Total time for which application threads were stopped: 0.0057900 seconds, Stopping threads took: 0.0033140 seconds
364.044: Application time: 0.0811920 seconds
364.047: [GC [PSYoungGen: 90208K->6960K(97280K)] 116465K->33225K(319488K), 0.0022920 secs] [Times: user=0.02 sys=0.00, real=0.00 secs] 
364.049: Total time for which application threads were stopped: 0.0053810 seconds, Stopping threads took: 0.0029920 seconds
364.129: Application time: 0.0792330 seconds
364.131: [GC [PSYoungGen: 90416K->7248K(97280K)] 116681K->33521K(319488K), 0.0022150 secs] [Times: user=0.01 sys=0.00, real=0.00 secs] 
364.133: Total time for which application threads were stopped: 0.0047960 seconds, Stopping threads took: 0.0024690 seconds
364.214: Application time: 0.0804590 seconds
364.217: [GC [PSYoungGen: 90704K->5632K(97280K)] 116977K->31905K(319488K), 0.0017490 secs] [Times: user=0.01 sys=0.00, real=0.00 secs] 
364.219: Total time for which application threads were stopped: 0.0047290 seconds, Stopping threads took: 0.0028800 seconds
364.299: Application time: 0.0803730 seconds
364.301: [GC [PSYoungGen: 89088K->7136K(97280K)] 115361K->33417K(319488K), 0.0021430 secs] [Times: user=0.02 sys=0.00, real=0.00 secs] 
364.304: Total time for which application threads were stopped: 0.0047850 seconds, Stopping threads took: 0.0025440 seconds
364.383: Application time: 0.0795460 seconds
364.386: [GC [PSYoungGen: 90592K->7264K(97280K)] 116873K->33553K(319488K), 0.0021730 secs] [Times: user=0.01 sys=0.00, real=0.01 secs] 
364.388: Total time for which application threads were stopped: 0.0048830 seconds, Stopping threads took: 0.0026220 seconds
364.467: Application time: 0.0787840 seconds
364.469: [GC [PSYoungGen: 90720K->8288K(97280K)] 117009K->34593K(319488K), 0.0023580 secs] [Times: user=0.02 sys=0.00, real=0.00 secs] 
364.472: Total time for which application threads were stopped: 0.0047010 seconds, Stopping threads took: 0.0022580 seconds
364.553: Application time: 0.0818860 seconds
364.556: [GC [PSYoungGen: 91744K->5936K(97280K)] 118049K->32249K(319488K), 0.0018250 secs] [Times: user=0.01 sys=0.00, real=0.00 secs] 
364.558: Total time for which application threads were stopped: 0.0041010 seconds, Stopping threads took: 0.0021840 seconds
364.638: Application time: 0.0800100 seconds
364.640: [GC [PSYoungGen: 89392K->6368K(97280K)] 115705K->32689K(319488K), 0.0018500 secs] [Times: user=0.01 sys=0.00, real=0.00 secs] 
364.642: Total time for which application threads were stopped: 0.0043810 seconds, Stopping threads took: 0.0024540 seconds
364.722: Application time: 0.0800630 seconds
364.724: [GC [PSYoungGen: 89824K->7888K(97280K)] 116145K->34209K(319488K), 0.0024090 secs] [Times: user=0.01 sys=0.00, real=0.00 secs] 
364.726: Total time for which application threads were stopped: 0.0041920 seconds, Stopping threads took: 0.0017040 seconds
364.804: Application time: 0.0779650 seconds
364.807: [GC [PSYoungGen: 91344K->7696K(97280K)] 117665K->34017K(319488K), 0.0023160 secs] [Times: user=0.02 sys=0.00, real=0.01 secs] 
364.809: Total time for which application threads were stopped: 0.0047870 seconds, Stopping threads took: 0.0023880 seconds
364.891: Application time: 0.0820590 seconds
364.894: [GC [PSYoungGen: 91152K->6928K(97280K)] 117473K->33257K(319488K), 0.0020320 secs] [Times: user=0.01 sys=0.00, real=0.01 secs] 
364.896: Total time for which application threads were stopped: 0.0052810 seconds, Stopping threads took: 0.0031650 seconds
364.975: Application time: 0.0786770 seconds
364.978: [GC [PSYoungGen: 90384K->6576K(97280K)] 116713K->32913K(319488K), 0.0019420 secs] [Times: user=0.02 sys=0.00, real=0.00 secs] 
364.980: Total time for which application threads were stopped: 0.0050270 seconds, Stopping threads took: 0.0030040 seconds
365.060: Application time: 0.0796130 seconds
365.063: [GC [PSYoungGen: 90032K->8192K(97280K)] 116369K->34537K(319488K), 0.0025220 secs] [Times: user=0.01 sys=0.00, real=0.00 secs] 
365.065: Total time for which application threads were stopped: 0.0056670 seconds, Stopping threads took: 0.0030520 seconds
365.144: Application time: 0.0790760 seconds
365.147: [GC [PSYoungGen: 91648K->5552K(97280K)] 117993K->31905K(319488K), 0.0017200 secs] [Times: user=0.02 sys=0.00, real=0.01 secs] 
365.148: Total time for which application threads were stopped: 0.0039200 seconds, Stopping threads took: 0.0021230 seconds
365.225: Application time: 0.0771660 seconds
365.229: [GC [PSYoungGen: 89008K->7008K(97280K)] 115361K->33361K(319488K), 0.0020520 secs] [Times: user=0.01 sys=0.00, real=0.00 secs] 
365.231: Total time for which application threads were stopped: 0.0052420 seconds, Stopping threads took: 0.0031050 seconds
365.310: Application time: 0.0790690 seconds
365.313: [GC [PSYoungGen: 90462K->8288K(97280K)] 116815K->34641K(319488K), 0.0024700 secs] [Times: user=0.01 sys=0.00, real=0.01 secs] 
365.315: Total time for which application threads were stopped: 0.0056400 seconds, Stopping threads took: 0.0030890 seconds
365.392: Application time: 0.0768190 seconds
365.394: [GC [PSYoungGen: 91744K->7744K(97280K)] 118097K->34105K(319488K), 0.0025230 secs] [Times: user=0.01 sys=0.00, real=0.01 secs] 
365.397: Total time for which application threads were stopped: 0.0046080 seconds, Stopping threads took: 0.0019990 seconds
365.475: Application time: 0.0778100 seconds
365.477: [GC [PSYoungGen: 91200K->7552K(97280K)] 117561K->33921K(319488K), 0.0023270 secs] [Times: user=0.01 sys=0.00, real=0.00 secs] 
365.480: Total time for which application threads were stopped: 0.0048920 seconds, Stopping threads took: 0.0024850 seconds
365.556: Application time: 0.0759200 seconds
365.557: [GC [PSYoungGen: 91008K->6096K(97280K)] 117377K->32473K(319488K), 0.0018730 secs] [Times: user=0.01 sys=0.00, real=0.00 secs] 
365.559: Total time for which application threads were stopped: 0.0035110 seconds, Stopping threads took: 0.0015650 seconds
365.634: Application time: 0.0752000 seconds
365.637: [GC [PSYoungGen: 89552K->6688K(97280K)] 115929K->33073K(319488K), 0.0020780 secs] [Times: user=0.01 sys=0.00, real=0.00 secs] 
365.639: Total time for which application threads were stopped: 0.0046180 seconds, Stopping threads took: 0.0024520 seconds
365.715: Application time: 0.0758720 seconds
365.717: [GC [PSYoungGen: 90143K->7968K(97280K)] 116528K->34361K(319488K), 0.0023070 secs] [Times: user=0.02 sys=0.00, real=0.00 secs] 
365.720: Total time for which application threads were stopped: 0.0051050 seconds, Stopping threads took: 0.0027170 seconds
365.794: Application time: 0.0745350 seconds
365.797: [GC [PSYoungGen: 91424K->7392K(97280K)] 117817K->33785K(319488K), 0.0021370 secs] [Times: user=0.01 sys=0.00, real=0.00 secs] 
365.800: Total time for which application threads were stopped: 0.0052230 seconds, Stopping threads took: 0.0030010 seconds
365.871: Application time: 0.0718690 seconds
365.874: [GC [PSYoungGen: 90848K->7904K(97280K)] 117241K->34305K(319488K), 0.0024620 secs] [Times: user=0.02 sys=0.00, real=0.01 secs] 
365.877: Total time for which application threads were stopped: 0.0053160 seconds, Stopping threads took: 0.0027520 seconds
365.951: Application time: 0.0743720 seconds
365.953: [GC [PSYoungGen: 91360K->6336K(97280K)] 117761K->32745K(319488K), 0.0020210 secs] [Times: user=0.01 sys=0.00, real=0.01 secs] 
365.955: Total time for which application threads were stopped: 0.0040870 seconds, Stopping threads took: 0.0019620 seconds
366.028: Application time: 0.0732250 seconds
366.031: [GC [PSYoungGen: 89792K->6272K(97280K)] 116201K->32689K(319488K), 0.0019520 secs] [Times: user=0.01 sys=0.01, real=0.00 secs] 
366.033: Total time for which application threads were stopped: 0.0042850 seconds, Stopping threads took: 0.0022540 seconds
366.107: Application time: 0.0740000 seconds
366.109: [GC [PSYoungGen: 89728K->6720K(97280K)] 116145K->33145K(319488K), 0.0019520 secs] [Times: user=0.01 sys=0.00, real=0.00 secs] 
366.111: Total time for which application threads were stopped: 0.0042710 seconds, Stopping threads took: 0.0022370 seconds
366.187: Application time: 0.0761040 seconds
366.189: [GC [PSYoungGen: 90176K->6992K(97280K)] 116601K->33425K(319488K), 0.0020440 secs] [Times: user=0.01 sys=0.00, real=0.00 secs] 
366.191: Total time for which application threads were stopped: 0.0043300 seconds, Stopping threads took: 0.0021980 seconds
366.265: Application time: 0.0737480 seconds
366.267: [GC [PSYoungGen: 90448K->7216K(97280K)] 116881K->33649K(319488K), 0.0021810 secs] [Times: user=0.01 sys=0.00, real=0.00 secs] 
366.269: Total time for which application threads were stopped: 0.0041460 seconds, Stopping threads took: 0.0018790 seconds
366.343: Application time: 0.0732850 seconds
366.345: [GC [PSYoungGen: 90672K->7344K(97280K)] 117105K->33785K(319488K), 0.0022450 secs] [Times: user=0.02 sys=0.00, real=0.01 secs] 
366.348: Total time for which application threads were stopped: 0.0048760 seconds, Stopping threads took: 0.0025230 seconds
366.421: Application time: 0.0733890 seconds
366.423: [GC [PSYoungGen: 90800K->6640K(97280K)] 117241K->33089K(319488K), 0.0040600 secs] [Times: user=0.03 sys=0.00, real=0.01 secs] 
366.427: Total time for which application threads were stopped: 0.0061570 seconds, Stopping threads took: 0.0020150 seconds
366.501: Application time: 0.0742560 seconds
366.503: [GC [PSYoungGen: 90096K->6176K(97280K)] 116545K->32633K(319488K), 0.0018020 secs] [Times: user=0.01 sys=0.00, real=0.00 secs] 
366.505: Total time for which application threads were stopped: 0.0038710 seconds, Stopping threads took: 0.0019910 seconds
366.578: Application time: 0.0728040 seconds
366.581: [GC [PSYoungGen: 89632K->8080K(97280K)] 116089K->34545K(319488K), 0.0023690 secs] [Times: user=0.01 sys=0.00, real=0.00 secs] 
366.583: Total time for which application threads were stopped: 0.0050750 seconds, Stopping threads took: 0.0026250 seconds
366.659: Application time: 0.0760080 seconds
366.662: [GC [PSYoungGen: 91536K->6656K(97280K)] 118001K->33129K(319488K), 0.0020310 secs] [Times: user=0.02 sys=0.00, real=0.00 secs] 
366.664: Total time for which application threads were stopped: 0.0050850 seconds, Stopping threads took: 0.0029740 seconds
366.741: Application time: 0.0769530 seconds
366.744: [GC [PSYoungGen: 90112K->6400K(97280K)] 116585K->32873K(319488K), 0.0018820 secs] [Times: user=0.01 sys=0.00, real=0.00 secs] 
366.746: Total time for which application threads were stopped: 0.0045810 seconds, Stopping threads took: 0.0026110 seconds
366.821: Application time: 0.0755150 seconds
366.823: [GC [PSYoungGen: 89856K->5984K(97280K)] 116329K->32465K(319488K), 0.0017520 secs] [Times: user=0.01 sys=0.00, real=0.00 secs] 
366.825: Total time for which application threads were stopped: 0.0035720 seconds, Stopping threads took: 0.0017440 seconds
366.896: Application time: 0.0708850 seconds
366.897: [GC [PSYoungGen: 89440K->7680K(97280K)] 115921K->34169K(319488K), 0.0023350 secs] [Times: user=0.02 sys=0.00, real=0.00 secs] 
366.900: Total time for which application threads were stopped: 0.0039890 seconds, Stopping threads took: 0.0015730 seconds
366.972: Application time: 0.0726430 seconds
366.974: [GC [PSYoungGen: 91136K->7616K(97280K)] 117625K->34113K(319488K), 0.0022970 secs] [Times: user=0.01 sys=0.00, real=0.01 secs] 
366.977: Total time for which application threads were stopped: 0.0042450 seconds, Stopping threads took: 0.0018690 seconds
367.051: Application time: 0.0748270 seconds
367.054: [GC [PSYoungGen: 91072K->7488K(97280K)] 117569K->33993K(319488K), 0.0021560 secs] [Times: user=0.01 sys=0.00, real=0.01 secs] 
367.056: Total time for which application threads were stopped: 0.0047760 seconds, Stopping threads took: 0.0025430 seconds
367.129: Application time: 0.0730310 seconds
367.131: [GC [PSYoungGen: 90944K->6992K(97280K)] 117449K->33505K(319488K), 0.0021050 secs] [Times: user=0.02 sys=0.00, real=0.00 secs] 
367.133: Total time for which application threads were stopped: 0.0041590 seconds, Stopping threads took: 0.0019740 seconds
367.209: Application time: 0.0753190 seconds
367.211: [GC [PSYoungGen: 90448K->7664K(97280K)] 116961K->34177K(319488K), 0.0021780 secs] [Times: user=0.01 sys=0.00, real=0.00 secs] 
367.214: Total time for which application threads were stopped: 0.0049400 seconds, Stopping threads took: 0.0026870 seconds
367.287: Application time: 0.0729130 seconds
367.289: [GC [PSYoungGen: 91120K->6912K(97280K)] 117633K->33433K(319488K), 0.0023160 secs] [Times: user=0.02 sys=0.00, real=0.00 secs] 
367.291: Total time for which application threads were stopped: 0.0047290 seconds, Stopping threads took: 0.0023210 seconds
367.365: Application time: 0.0740440 seconds
367.367: [GC [PSYoungGen: 90368K->6240K(97280K)] 116889K->32769K(319488K), 0.0018850 secs] [Times: user=0.01 sys=0.00, real=0.00 secs] 
367.369: Total time for which application threads were stopped: 0.0035400 seconds, Stopping threads took: 0.0015670 seconds
367.443: Application time: 0.0740530 seconds
367.445: [GC [PSYoungGen: 89696K->6928K(97280K)] 116225K->33465K(319488K), 0.0020160 secs] [Times: user=0.02 sys=0.00, real=0.01 secs] 
367.447: Total time for which application threads were stopped: 0.0044060 seconds, Stopping threads took: 0.0023110 seconds
367.522: Application time: 0.0743510 seconds
367.524: [GC [PSYoungGen: 90384K->7536K(97280K)] 116921K->34081K(319488K), 0.0023870 secs] [Times: user=0.01 sys=0.00, real=0.00 secs] 
367.527: Total time for which application threads were stopped: 0.0049270 seconds, Stopping threads took: 0.0024580 seconds
367.601: Application time: 0.0745770 seconds
367.604: [GC [PSYoungGen: 90992K->7168K(97280K)] 117537K->33721K(319488K), 0.0021170 secs] [Times: user=0.01 sys=0.00, real=0.00 secs] 
367.606: Total time for which application threads were stopped: 0.0047270 seconds, Stopping threads took: 0.0025280 seconds
367.680: Application time: 0.0742850 seconds
367.682: [GC [PSYoungGen: 90624K->6448K(97280K)] 117177K->33001K(319488K), 0.0019530 secs] [Times: user=0.02 sys=0.00, real=0.00 secs] 
367.684: Total time for which application threads were stopped: 0.0039150 seconds, Stopping threads took: 0.0018820 seconds
367.760: Application time: 0.0758180 seconds
367.763: [GC [PSYoungGen: 89904K->6944K(97280K)] 116457K->33497K(319488K), 0.0021000 secs] [Times: user=0.02 sys=0.00, real=0.00 secs] 
367.765: Total time for which application threads were stopped: 0.0048850 seconds, Stopping threads took: 0.0027040 seconds
367.841: Application time: 0.0763300 seconds
367.844: [GC [PSYoungGen: 90400K->5616K(97280K)] 116953K->32177K(319488K), 0.0015760 secs] [Times: user=0.01 sys=0.00, real=0.00 secs] 
367.846: Total time for which application threads were stopped: 0.0045570 seconds, Stopping threads took: 0.0028980 seconds
367.921: Application time: 0.0752080 seconds
367.923: [GC [PSYoungGen: 89072K->7024K(97280K)] 115633K->33593K(319488K), 0.0021100 secs] [Times: user=0.02 sys=0.00, real=0.00 secs] 
367.925: Total time for which application threads were stopped: 0.0042040 seconds, Stopping threads took: 0.0020050 seconds
367.999: Application time: 0.0736310 seconds
368.001: [GC [PSYoungGen: 90480K->7840K(97280K)] 117049K->34417K(319488K), 0.0023130 secs] [Times: user=0.01 sys=0.00, real=0.00 secs] 
368.004: Total time for which application threads were stopped: 0.0050350 seconds, Stopping threads took: 0.0026430 seconds
368.078: Application time: 0.0741050 seconds
368.081: [GC [PSYoungGen: 91296K->7136K(97280K)] 117873K->33721K(319488K), 0.0021510 secs] [Times: user=0.01 sys=0.00, real=0.00 secs] 
368.083: Total time for which application threads were stopped: 0.0048550 seconds, Stopping threads took: 0.0026210 seconds
368.155: Application time: 0.0717290 seconds
368.157: [GC [PSYoungGen: 90592K->7536K(97280K)] 117177K->34129K(319488K), 0.0022020 secs] [Times: user=0.02 sys=0.00, real=0.00 secs] 
368.159: Total time for which application threads were stopped: 0.0043770 seconds, Stopping threads took: 0.0020850 seconds
368.233: Application time: 0.0745350 seconds
368.236: [GC [PSYoungGen: 90992K->7904K(97280K)] 117585K->34497K(319488K), 0.0023630 secs] [Times: user=0.02 sys=0.00, real=0.00 secs] 
368.238: Total time for which application threads were stopped: 0.0047480 seconds, Stopping threads took: 0.0023050 seconds
368.312: Application time: 0.0736690 seconds
368.313: [GC [PSYoungGen: 91360K->7200K(97280K)] 117953K->33801K(319488K), 0.0021200 secs] [Times: user=0.02 sys=0.00, real=0.01 secs] 
368.315: Total time for which application threads were stopped: 0.0034430 seconds, Stopping threads took: 0.0012420 seconds
368.390: Application time: 0.0744660 seconds
368.392: [GC [PSYoungGen: 90656K->6512K(97280K)] 117257K->33121K(319488K), 0.0020440 secs] [Times: user=0.02 sys=0.00, real=0.00 secs] 
368.394: Total time for which application threads were stopped: 0.0045800 seconds, Stopping threads took: 0.0024480 seconds
368.469: Application time: 0.0744730 seconds
368.470: [GC [PSYoungGen: 89968K->5984K(97280K)] 116577K->32601K(319488K), 0.0017950 secs] [Times: user=0.02 sys=0.00, real=0.00 secs] 
368.472: Total time for which application threads were stopped: 0.0029430 seconds, Stopping threads took: 0.0010740 seconds
368.545: Application time: 0.0734330 seconds
368.547: [GC [PSYoungGen: 89440K->6048K(97280K)] 116057K->32673K(319488K), 0.0018620 secs] [Times: user=0.01 sys=0.00, real=0.00 secs] 
368.549: Total time for which application threads were stopped: 0.0039710 seconds, Stopping threads took: 0.0020360 seconds
368.624: Application time: 0.0749030 seconds
368.626: [GC [PSYoungGen: 89504K->7760K(97280K)] 116129K->34393K(319488K), 0.0025050 secs] [Times: user=0.01 sys=0.00, real=0.01 secs] 
368.629: Total time for which application threads were stopped: 0.0045610 seconds, Stopping threads took: 0.0019540 seconds
368.705: Application time: 0.0758920 seconds
368.707: [GC [PSYoungGen: 91216K->7712K(97280K)] 117849K->34345K(319488K), 0.0023740 secs] [Times: user=0.01 sys=0.01, real=0.01 secs] 
368.709: Total time for which application threads were stopped: 0.0047000 seconds, Stopping threads took: 0.0022450 seconds
368.784: Application time: 0.0752520 seconds
368.787: [GC [PSYoungGen: 91168K->6736K(97280K)] 117801K->33377K(319488K), 0.0019650 secs] [Times: user=0.01 sys=0.00, real=0.00 secs] 
368.789: Total time for which application threads were stopped: 0.0047510 seconds, Stopping threads took: 0.0026980 seconds
368.860: Application time: 0.0711700 seconds
368.862: [GC [PSYoungGen: 90192K->7120K(97280K)] 116833K->33769K(319488K), 0.0022140 secs] [Times: user=0.01 sys=0.00, real=0.00 secs] 
368.865: Total time for which application threads were stopped: 0.0042540 seconds, Stopping threads took: 0.0019570 seconds
368.941: Application time: 0.0763280 seconds
368.944: [GC [PSYoungGen: 90576K->6592K(97280K)] 117225K->33249K(319488K), 0.0020380 secs] [Times: user=0.01 sys=0.00, real=0.00 secs] 
368.946: Total time for which application threads were stopped: 0.0047660 seconds, Stopping threads took: 0.0026400 seconds
369.021: Application time: 0.0757240 seconds
369.024: [GC [PSYoungGen: 90048K->6256K(97280K)] 116705K->32921K(319488K), 0.0018770 secs] [Times: user=0.01 sys=0.00, real=0.00 secs] 
369.025: Total time for which application threads were stopped: 0.0039490 seconds, Stopping threads took: 0.0019890 seconds
369.100: Application time: 0.0741020 seconds
369.101: [GC [PSYoungGen: 89712K->6720K(97280K)] 116377K->33393K(319488K), 0.0021320 secs] [Times: user=0.01 sys=0.00, real=0.00 secs] 
369.104: Total time for which application threads were stopped: 0.0040370 seconds, Stopping threads took: 0.0018290 seconds
369.177: Application time: 0.0734210 seconds
369.179: [GC [PSYoungGen: 90176K->6464K(97280K)] 116849K->33137K(319488K), 0.0019100 secs] [Times: user=0.01 sys=0.00, real=0.00 secs] 
369.181: Total time for which application threads were stopped: 0.0043460 seconds, Stopping threads took: 0.0023520 seconds
369.254: Application time: 0.0721780 seconds
369.256: [GC [PSYoungGen: 89920K->6704K(97280K)] 116593K->33385K(319488K), 0.0021030 secs] [Times: user=0.02 sys=0.00, real=0.00 secs] 
369.258: Total time for which application threads were stopped: 0.0048310 seconds, Stopping threads took: 0.0026340 seconds
369.333: Application time: 0.0745460 seconds
369.336: [GC [PSYoungGen: 90160K->7280K(97280K)] 116841K->33969K(319488K), 0.0020880 secs] [Times: user=0.02 sys=0.00, real=0.00 secs] 
369.338: Total time for which application threads were stopped: 0.0050940 seconds, Stopping threads took: 0.0029250 seconds
369.411: Application time: 0.0725940 seconds
369.413: [GC [PSYoungGen: 90736K->6768K(97280K)] 117425K->33465K(319488K), 0.0021020 secs] [Times: user=0.01 sys=0.00, real=0.00 secs] 
369.415: Total time for which application threads were stopped: 0.0041460 seconds, Stopping threads took: 0.0019630 seconds
369.490: Application time: 0.0749300 seconds
369.492: [GC [PSYoungGen: 90224K->6912K(97280K)] 116921K->33617K(319488K), 0.0020760 secs] [Times: user=0.02 sys=0.00, real=0.00 secs] 
369.494: Total time for which application threads were stopped: 0.0047940 seconds, Stopping threads took: 0.0026180 seconds
369.574: Application time: 0.0792090 seconds
369.577: [GC [PSYoungGen: 90368K->7072K(97280K)] 117073K->33785K(319488K), 0.0020500 secs] [Times: user=0.02 sys=0.00, real=0.00 secs] 
369.579: Total time for which application threads were stopped: 0.0053130 seconds, Stopping threads took: 0.0031820 seconds
369.657: Application time: 0.0780120 seconds
369.658: [GC [PSYoungGen: 90528K->7264K(97280K)] 117241K->33977K(319488K), 0.0023690 secs] [Times: user=0.01 sys=0.00, real=0.00 secs] 
369.661: Total time for which application threads were stopped: 0.0036520 seconds, Stopping threads took: 0.0012000 seconds
369.739: Application time: 0.0784250 seconds
369.742: [GC [PSYoungGen: 90720K->7072K(97280K)] 117433K->33793K(319488K), 0.0020960 secs] [Times: user=0.02 sys=0.00, real=0.00 secs] 
369.744: Total time for which application threads were stopped: 0.0049360 seconds, Stopping threads took: 0.0027540 seconds
369.825: Application time: 0.0806080 seconds
369.828: [GC [PSYoungGen: 90528K->6976K(97280K)] 117249K->33705K(319488K), 0.0021270 secs] [Times: user=0.01 sys=0.00, real=0.00 secs] 
369.830: Total time for which application threads were stopped: 0.0053380 seconds, Stopping threads took: 0.0031280 seconds
369.910: Application time: 0.0802310 seconds
369.913: [GC [PSYoungGen: 90431K->7344K(97280K)] 117160K->34081K(319488K), 0.0022260 secs] [Times: user=0.02 sys=0.00, real=0.01 secs] 
369.915: Total time for which application threads were stopped: 0.0049960 seconds, Stopping threads took: 0.0026850 seconds
369.994: Application time: 0.0787670 seconds
369.997: [GC [PSYoungGen: 90800K->7008K(97280K)] 117537K->33753K(319488K), 0.0021350 secs] [Times: user=0.02 sys=0.00, real=0.00 secs] 
369.999: Total time for which application threads were stopped: 0.0047770 seconds, Stopping threads took: 0.0025520 seconds
370.076: Application time: 0.0775230 seconds
370.078: [GC [PSYoungGen: 90464K->6896K(97280K)] 117209K->33649K(319488K), 0.0021250 secs] [Times: user=0.02 sys=0.00, real=0.00 secs] 
370.080: Total time for which application threads were stopped: 0.0039630 seconds, Stopping threads took: 0.0017640 seconds
370.158: Application time: 0.0776310 seconds
370.160: [GC [PSYoungGen: 90352K->6912K(97280K)] 117105K->33665K(319488K), 0.0020920 secs] [Times: user=0.01 sys=0.00, real=0.00 secs] 
370.162: Total time for which application threads were stopped: 0.0042450 seconds, Stopping threads took: 0.0020710 seconds
370.242: Application time: 0.0794210 seconds
370.244: [GC [PSYoungGen: 90368K->5488K(97280K)] 117121K->32241K(319488K), 0.0016820 secs] [Times: user=0.01 sys=0.00, real=0.00 secs] 
370.246: Total time for which application threads were stopped: 0.0046340 seconds, Stopping threads took: 0.0028730 seconds
370.324: Application time: 0.0777110 seconds
370.326: [GC [PSYoungGen: 88944K->7312K(97280K)] 115697K->34081K(319488K), 0.0021870 secs] [Times: user=0.01 sys=0.00, real=0.01 secs] 
370.329: Total time for which application threads were stopped: 0.0047400 seconds, Stopping threads took: 0.0024700 seconds
370.407: Application time: 0.0779570 seconds
370.410: [GC [PSYoungGen: 90768K->6848K(97280K)] 117537K->33625K(319488K), 0.0021350 secs] [Times: user=0.01 sys=0.01, real=0.00 secs] 
370.412: Total time for which application threads were stopped: 0.0051410 seconds, Stopping threads took: 0.0029260 seconds
370.490: Application time: 0.0779420 seconds
370.492: [GC [PSYoungGen: 90304K->7024K(97280K)] 117081K->33809K(319488K), 0.0021600 secs] [Times: user=0.02 sys=0.00, real=0.00 secs] 
370.494: Total time for which application threads were stopped: 0.0042340 seconds, Stopping threads took: 0.0019930 seconds
370.574: Application time: 0.0805400 seconds
370.577: [GC [PSYoungGen: 90480K->5664K(97280K)] 117265K->32457K(319488K), 0.0017840 secs] [Times: user=0.01 sys=0.00, real=0.00 secs] 
370.579: Total time for which application threads were stopped: 0.0048180 seconds, Stopping threads took: 0.0029390 seconds
370.660: Application time: 0.0807850 seconds
370.663: [GC [PSYoungGen: 89120K->8096K(97280K)] 115913K->34905K(319488K), 0.0024490 secs] [Times: user=0.02 sys=0.00, real=0.00 secs] 
370.666: Total time for which application threads were stopped: 0.0058890 seconds, Stopping threads took: 0.0033560 seconds
370.744: Application time: 0.0778640 seconds
370.746: [GC [PSYoungGen: 91552K->6736K(97280K)] 118361K->33545K(319488K), 0.0021050 secs] [Times: user=0.01 sys=0.00, real=0.01 secs] 
370.749: Total time for which application threads were stopped: 0.0046860 seconds, Stopping threads took: 0.0024970 seconds
370.828: Application time: 0.0798740 seconds
370.832: [GC [PSYoungGen: 90192K->6448K(97280K)] 117001K->33265K(319488K), 0.0019820 secs] [Times: user=0.02 sys=0.00, real=0.00 secs] 
370.834: Total time for which application threads were stopped: 0.0052990 seconds, Stopping threads took: 0.0032370 seconds
370.912: Application time: 0.0785740 seconds
370.915: [GC [PSYoungGen: 89904K->6368K(97280K)] 116721K->33193K(319488K), 0.0019350 secs] [Times: user=0.02 sys=0.00, real=0.00 secs] 
370.917: Total time for which application threads were stopped: 0.0048360 seconds, Stopping threads took: 0.0028010 seconds
370.998: Application time: 0.0807000 seconds
371.001: [GC [PSYoungGen: 89824K->7488K(97280K)] 116649K->34321K(319488K), 0.0022620 secs] [Times: user=0.02 sys=0.00, real=0.00 secs] 
371.003: Total time for which application threads were stopped: 0.0051900 seconds, Stopping threads took: 0.0028400 seconds
371.082: Application time: 0.0789820 seconds
371.085: [GC [PSYoungGen: 90944K->7248K(97280K)] 117777K->34089K(319488K), 0.0021370 secs] [Times: user=0.02 sys=0.00, real=0.00 secs] 
371.087: Total time for which application threads were stopped: 0.0047910 seconds, Stopping threads took: 0.0025620 seconds
371.167: Application time: 0.0804070 seconds
371.170: [GC [PSYoungGen: 90704K->6096K(97280K)] 117545K->32945K(319488K), 0.0018560 secs] [Times: user=0.01 sys=0.00, real=0.00 secs] 
371.172: Total time for which application threads were stopped: 0.0051560 seconds, Stopping threads took: 0.0032160 seconds
371.251: Application time: 0.0789900 seconds
371.254: [GC [PSYoungGen: 89552K->6768K(97280K)] 116401K->33617K(319488K), 0.0021140 secs] [Times: user=0.01 sys=0.00, real=0.01 secs] 
371.256: Total time for which application threads were stopped: 0.0047670 seconds, Stopping threads took: 0.0025690 seconds
371.335: Application time: 0.0788230 seconds
371.338: [GC [PSYoungGen: 90224K->7712K(97280K)] 117073K->34569K(319488K), 0.0023220 secs] [Times: user=0.02 sys=0.00, real=0.00 secs] 
371.340: Total time for which application threads were stopped: 0.0052260 seconds, Stopping threads took: 0.0028200 seconds
371.418: Application time: 0.0776550 seconds
371.421: [GC [PSYoungGen: 91168K->8016K(97280K)] 118025K->34881K(319488K), 0.0023490 secs] [Times: user=0.02 sys=0.00, real=0.00 secs] 
371.423: Total time for which application threads were stopped: 0.0050870 seconds, Stopping threads took: 0.0026570 seconds
371.502: Application time: 0.0791190 seconds
371.505: [GC [PSYoungGen: 91472K->8352K(97280K)] 118337K->35241K(319488K), 0.0025750 secs] [Times: user=0.01 sys=0.00, real=0.01 secs] 
371.507: Total time for which application threads were stopped: 0.0053310 seconds, Stopping threads took: 0.0026750 seconds
371.585: Application time: 0.0775380 seconds
371.587: [GC [PSYoungGen: 91808K->7248K(97280K)] 118697K->34153K(319488K), 0.0022030 secs] [Times: user=0.02 sys=0.00, real=0.00 secs] 
371.590: Total time for which application threads were stopped: 0.0046440 seconds, Stopping threads took: 0.0023490 seconds
371.668: Application time: 0.0787600 seconds
371.670: [GC [PSYoungGen: 90704K->6608K(97280K)] 117609K->33521K(319488K), 0.0022480 secs] [Times: user=0.01 sys=0.00, real=0.00 secs] 
371.673: Total time for which application threads were stopped: 0.0043190 seconds, Stopping threads took: 0.0019910 seconds
371.751: Application time: 0.0782900 seconds
371.753: [GC [PSYoungGen: 90064K->6976K(97280K)] 116977K->33889K(319488K), 0.0020950 secs] [Times: user=0.02 sys=0.00, real=0.01 secs] 
371.755: Total time for which application threads were stopped: 0.0044720 seconds, Stopping threads took: 0.0022880 seconds
371.834: Application time: 0.0785260 seconds
371.836: [GC [PSYoungGen: 90432K->7520K(97280K)] 117345K->34441K(319488K), 0.0022910 secs] [Times: user=0.01 sys=0.00, real=0.00 secs] 
371.839: Total time for which application threads were stopped: 0.0046650 seconds, Stopping threads took: 0.0022920 seconds
371.917: Application time: 0.0787080 seconds
371.919: [GC [PSYoungGen: 90976K->6992K(97280K)] 117897K->33921K(319488K), 0.0021050 secs] [Times: user=0.02 sys=0.00, real=0.00 secs] 
371.921: Total time for which application threads were stopped: 0.0041570 seconds, Stopping threads took: 0.0019720 seconds
371.999: Application time: 0.0778250 seconds
372.002: [GC [PSYoungGen: 90448K->7632K(97280K)] 117377K->34569K(319488K), 0.0023310 secs] [Times: user=0.02 sys=0.00, real=0.00 secs] 
372.004: Total time for which application threads were stopped: 0.0051830 seconds, Stopping threads took: 0.0027690 seconds
372.085: Application time: 0.0806640 seconds
372.088: [GC [PSYoungGen: 91088K->6528K(97280K)] 118025K->33497K(319488K), 0.0019510 secs] [Times: user=0.02 sys=0.00, real=0.00 secs] 
372.090: Total time for which application threads were stopped: 0.0051790 seconds, Stopping threads took: 0.0031360 seconds
372.168: Application time: 0.0780800 seconds
372.171: [GC [PSYoungGen: 89984K->7376K(97280K)] 116953K->34353K(319488K), 0.0022120 secs] [Times: user=0.01 sys=0.00, real=0.00 secs] 
372.174: Total time for which application threads were stopped: 0.0050950 seconds, Stopping threads took: 0.0027780 seconds
372.253: Application time: 0.0795130 seconds
372.255: [GC [PSYoungGen: 90832K->7616K(97280K)] 117809K->34593K(319488K), 0.0022880 secs] [Times: user=0.01 sys=0.00, real=0.00 secs] 
372.258: Total time for which application threads were stopped: 0.0046520 seconds, Stopping threads took: 0.0022810 seconds
372.337: Application time: 0.0789460 seconds
372.339: [GC [PSYoungGen: 91072K->7008K(97280K)] 118049K->33985K(319488K), 0.0020560 secs] [Times: user=0.01 sys=0.00, real=0.00 secs] 
372.341: Total time for which application threads were stopped: 0.0048190 seconds, Stopping threads took: 0.0026790 seconds
372.420: Application time: 0.0785650 seconds
372.423: [GC [PSYoungGen: 90464K->6352K(97280K)] 117441K->33337K(319488K), 0.0037620 secs] [Times: user=0.02 sys=0.00, real=0.00 secs] 
372.426: Total time for which application threads were stopped: 0.0063050 seconds, Stopping threads took: 0.0024570 seconds
372.505: Application time: 0.0790990 seconds
372.507: [GC [PSYoungGen: 89808K->6752K(97280K)] 116793K->33745K(319488K), 0.0023200 secs] [Times: user=0.01 sys=0.00, real=0.00 secs] 
372.510: Total time for which application threads were stopped: 0.0042410 seconds, Stopping threads took: 0.0018350 seconds
372.589: Application time: 0.0788780 seconds
372.591: [GC [PSYoungGen: 90208K->6512K(97280K)] 117201K->33513K(319488K), 0.0021980 secs] [Times: user=0.01 sys=0.00, real=0.00 secs] 
372.593: Total time for which application threads were stopped: 0.0045890 seconds, Stopping threads took: 0.0022990 seconds
372.672: Application time: 0.0793330 seconds
372.675: [GC [PSYoungGen: 89968K->7760K(97280K)] 116969K->34769K(319488K), 0.0023420 secs] [Times: user=0.02 sys=0.00, real=0.00 secs] 
372.678: Total time for which application threads were stopped: 0.0052910 seconds, Stopping threads took: 0.0028400 seconds
372.759: Application time: 0.0813070 seconds
372.761: [GC [PSYoungGen: 91216K->8304K(97280K)] 118225K->35313K(319488K), 0.0024860 secs] [Times: user=0.02 sys=0.00, real=0.00 secs] 
372.764: Total time for which application threads were stopped: 0.0048770 seconds, Stopping threads took: 0.0023090 seconds
372.843: Application time: 0.0794560 seconds
372.846: [GC [PSYoungGen: 91760K->7488K(97280K)] 118769K->34497K(319488K), 0.0023400 secs] [Times: user=0.01 sys=0.00, real=0.01 secs] 
372.848: Total time for which application threads were stopped: 0.0048040 seconds, Stopping threads took: 0.0023800 seconds
372.927: Application time: 0.0785600 seconds
372.929: [GC [PSYoungGen: 90944K->7248K(97280K)] 117953K->34265K(319488K), 0.0022000 secs] [Times: user=0.01 sys=0.00, real=0.00 secs] 
372.931: Total time for which application threads were stopped: 0.0045010 seconds, Stopping threads took: 0.0022180 seconds
373.013: Application time: 0.0816030 seconds
373.014: [GC [PSYoungGen: 90704K->6432K(97280K)] 117721K->33457K(319488K), 0.0020200 secs] [Times: user=0.01 sys=0.00, real=0.01 secs] 
373.016: Total time for which application threads were stopped: 0.0035270 seconds, Stopping threads took: 0.0014220 seconds
373.096: Application time: 0.0792400 seconds
373.098: [GC [PSYoungGen: 89888K->7024K(97280K)] 116913K->34057K(319488K), 0.0022260 secs] [Times: user=0.02 sys=0.00, real=0.00 secs] 
373.100: Total time for which application threads were stopped: 0.0043570 seconds, Stopping threads took: 0.0020410 seconds
373.178: Application time: 0.0777920 seconds
373.181: [GC [PSYoungGen: 90480K->6464K(97280K)] 117513K->33505K(319488K), 0.0019330 secs] [Times: user=0.00 sys=0.00, real=0.00 secs] 
373.183: Total time for which application threads were stopped: 0.0050880 seconds, Stopping threads took: 0.0030640 seconds
373.261: Application time: 0.0779680 seconds
373.263: [GC [PSYoungGen: 89920K->6208K(97280K)] 116961K->33257K(319488K), 0.0018610 secs] [Times: user=0.02 sys=0.00, real=0.00 secs] 
373.265: Total time for which application threads were stopped: 0.0037090 seconds, Stopping threads took: 0.0017730 seconds
373.347: Application time: 0.0827940 seconds
373.349: [GC [PSYoungGen: 89664K->5824K(97280K)] 116713K->32873K(319488K), 0.0016730 secs] [Times: user=0.01 sys=0.00, real=0.00 secs] 
373.351: Total time for which application threads were stopped: 0.0032860 seconds, Stopping threads took: 0.0015340 seconds
373.433: Application time: 0.0819230 seconds
373.435: [GC [PSYoungGen: 89280K->6960K(97280K)] 116329K->34017K(319488K), 0.0019930 secs] [Times: user=0.01 sys=0.00, real=0.00 secs] 
373.437: Total time for which application threads were stopped: 0.0044160 seconds, Stopping threads took: 0.0023400 seconds
373.511: Application time: 0.0735570 seconds
373.513: [GC [PSYoungGen: 90416K->7680K(97280K)] 117473K->34745K(319488K), 0.0023240 secs] [Times: user=0.01 sys=0.00, real=0.01 secs] 
373.515: Total time for which application threads were stopped: 0.0046110 seconds, Stopping threads took: 0.0022060 seconds
373.590: Application time: 0.0751440 seconds
373.592: [GC [PSYoungGen: 91136K->7904K(97280K)] 118201K->34977K(319488K), 0.0023370 secs] [Times: user=0.02 sys=0.00, real=0.00 secs] 
373.594: Total time for which application threads were stopped: 0.0039560 seconds, Stopping threads took: 0.0015400 seconds
373.668: Application time: 0.0733920 seconds
373.670: [GC [PSYoungGen: 91360K->8320K(97280K)] 118433K->35409K(319488K), 0.0025000 secs] [Times: user=0.02 sys=0.00, real=0.00 secs] 
373.672: Total time for which application threads were stopped: 0.0045750 seconds, Stopping threads took: 0.0019810 seconds
373.748: Application time: 0.0758840 seconds
373.750: [GC [PSYoungGen: 91776K->5328K(97280K)] 118865K->32425K(319488K), 0.0016030 secs] [Times: user=0.01 sys=0.00, real=0.00 secs] 
373.752: Total time for which application threads were stopped: 0.0037680 seconds, Stopping threads took: 0.0020960 seconds
373.829: Application time: 0.0766060 seconds
373.830: [GC [PSYoungGen: 88784K->6592K(97280K)] 115881K->33689K(319488K), 0.0020070 secs] [Times: user=0.02 sys=0.00, real=0.00 secs] 
373.832: Total time for which application threads were stopped: 0.0038740 seconds, Stopping threads took: 0.0017870 seconds
373.910: Application time: 0.0780960 seconds
373.912: [GC [PSYoungGen: 90048K->6816K(97280K)] 117145K->33921K(319488K), 0.0020630 secs] [Times: user=0.01 sys=0.00, real=0.00 secs] 
373.915: Total time for which application threads were stopped: 0.0040510 seconds, Stopping threads took: 0.0019080 seconds
373.990: Application time: 0.0750010 seconds
373.991: [GC [PSYoungGen: 90272K->6448K(97280K)] 117377K->33561K(319488K), 0.0019670 secs] [Times: user=0.01 sys=0.00, real=0.00 secs] 
373.993: Total time for which application threads were stopped: 0.0036820 seconds, Stopping threads took: 0.0016350 seconds
374.067: Application time: 0.0737350 seconds
374.070: [GC [PSYoungGen: 89904K->7968K(97280K)] 117017K->35089K(319488K), 0.0023450 secs] [Times: user=0.01 sys=0.00, real=0.00 secs] 
374.072: Total time for which application threads were stopped: 0.0049530 seconds, Stopping threads took: 0.0025290 seconds
374.148: Application time: 0.0763430 seconds
374.151: [GC [PSYoungGen: 91424K->7584K(97280K)] 118545K->34713K(319488K), 0.0022090 secs] [Times: user=0.02 sys=0.00, real=0.00 secs] 
374.153: Total time for which application threads were stopped: 0.0051170 seconds, Stopping threads took: 0.0028300 seconds
374.230: Application time: 0.0768580 seconds
374.233: [GC [PSYoungGen: 91040K->7920K(97280K)] 118169K->35057K(319488K), 0.0023270 secs] [Times: user=0.02 sys=0.00, real=0.01 secs] 
374.236: Total time for which application threads were stopped: 0.0055410 seconds, Stopping threads took: 0.0031270 seconds
374.310: Application time: 0.0746090 seconds
374.313: [GC [PSYoungGen: 91376K->7312K(97280K)] 118513K->34449K(319488K), 0.0022280 secs] [Times: user=0.02 sys=0.00, real=0.01 secs] 
374.315: Total time for which application threads were stopped: 0.0046800 seconds, Stopping threads took: 0.0023700 seconds
374.390: Application time: 0.0746760 seconds
374.392: [GC [PSYoungGen: 90768K->7568K(97280K)] 117905K->34705K(319488K), 0.0021780 secs] [Times: user=0.01 sys=0.00, real=0.00 secs] 
374.394: Total time for which application threads were stopped: 0.0044520 seconds, Stopping threads took: 0.0021980 seconds
374.466: Application time: 0.0721090 seconds
374.469: [GC [PSYoungGen: 91024K->7600K(97280K)] 118161K->34745K(319488K), 0.0023600 secs] [Times: user=0.02 sys=0.00, real=0.00 secs] 
374.471: Total time for which application threads were stopped: 0.0048180 seconds, Stopping threads took: 0.0023750 seconds
374.546: Application time: 0.0753090 seconds
374.548: [GC [PSYoungGen: 91056K->6928K(97280K)] 118201K->34081K(319488K), 0.0020400 secs] [Times: user=0.01 sys=0.00, real=0.00 secs] 
374.551: Total time for which application threads were stopped: 0.0041010 seconds, Stopping threads took: 0.0019840 seconds
374.626: Application time: 0.0753280 seconds
374.628: [GC [PSYoungGen: 90384K->6752K(97280K)] 117537K->33913K(319488K), 0.0020380 secs] [Times: user=0.02 sys=0.00, real=0.00 secs] 
374.630: Total time for which application threads were stopped: 0.0041930 seconds, Stopping threads took: 0.0020740 seconds
374.704: Application time: 0.0739400 seconds
374.707: [GC [PSYoungGen: 90208K->6320K(97280K)] 117369K->33489K(319488K), 0.0017920 secs] [Times: user=0.01 sys=0.00, real=0.00 secs] 
374.709: Total time for which application threads were stopped: 0.0046820 seconds, Stopping threads took: 0.0028110 seconds
374.782: Application time: 0.0731750 seconds
374.784: [GC [PSYoungGen: 89776K->7424K(97280K)] 116945K->34593K(319488K), 0.0023130 secs] [Times: user=0.01 sys=0.00, real=0.00 secs] 
374.787: Total time for which application threads were stopped: 0.0047320 seconds, Stopping threads took: 0.0023340 seconds
374.859: Application time: 0.0725080 seconds
374.861: [GC [PSYoungGen: 90880K->7104K(97280K)] 118049K->34273K(319488K), 0.0022350 secs] [Times: user=0.01 sys=0.01, real=0.00 secs] 
374.863: Total time for which application threads were stopped: 0.0040270 seconds, Stopping threads took: 0.0017100 seconds
374.940: Application time: 0.0765160 seconds
374.942: [GC [PSYoungGen: 90560K->5952K(97280K)] 117729K->33129K(319488K), 0.0018470 secs] [Times: user=0.01 sys=0.00, real=0.00 secs] 
374.944: Total time for which application threads were stopped: 0.0043630 seconds, Stopping threads took: 0.0024380 seconds
375.018: Application time: 0.0743210 seconds
375.021: [GC [PSYoungGen: 89408K->6080K(97280K)] 116585K->33273K(319488K), 0.0017870 secs] [Times: user=0.01 sys=0.00, real=0.00 secs] 
375.022: Total time for which application threads were stopped: 0.0040070 seconds, Stopping threads took: 0.0021340 seconds
375.097: Application time: 0.0747890 seconds
375.099: [GC [PSYoungGen: 89536K->7536K(97280K)] 116729K->34737K(319488K), 0.0023430 secs] [Times: user=0.02 sys=0.00, real=0.00 secs] 
375.102: Total time for which application threads were stopped: 0.0046280 seconds, Stopping threads took: 0.0022030 seconds
375.174: Application time: 0.0722640 seconds
375.176: [GC [PSYoungGen: 90992K->8096K(97280K)] 118193K->35305K(319488K), 0.0024230 secs] [Times: user=0.01 sys=0.00, real=0.00 secs] 
375.178: Total time for which application threads were stopped: 0.0040580 seconds, Stopping threads took: 0.0015570 seconds
375.252: Application time: 0.0734300 seconds
375.253: [GC [PSYoungGen: 91552K->7680K(97280K)] 118761K->34889K(319488K), 0.0022640 secs] [Times: user=0.01 sys=0.00, real=0.01 secs] 
375.255: Total time for which application threads were stopped: 0.0037020 seconds, Stopping threads took: 0.0013620 seconds
375.330: Application time: 0.0751100 seconds
375.333: [GC [PSYoungGen: 91136K->8176K(97280K)] 118345K->35385K(319488K), 0.0023550 secs] [Times: user=0.02 sys=0.00, real=0.01 secs] 
375.336: Total time for which application threads were stopped: 0.0053350 seconds, Stopping threads took: 0.0028860 seconds
375.409: Application time: 0.0733590 seconds
375.411: [GC [PSYoungGen: 91632K->7504K(97280K)] 118841K->34729K(319488K), 0.0022170 secs] [Times: user=0.01 sys=0.00, real=0.00 secs] 
375.413: Total time for which application threads were stopped: 0.0043980 seconds, Stopping threads took: 0.0021020 seconds
375.487: Application time: 0.0738700 seconds
375.489: [GC [PSYoungGen: 90960K->7040K(97280K)] 118185K->34273K(319488K), 0.0020800 secs] [Times: user=0.01 sys=0.00, real=0.00 secs] 
375.491: Total time for which application threads were stopped: 0.0040380 seconds, Stopping threads took: 0.0018780 seconds
375.564: Application time: 0.0722950 seconds
375.566: [GC [PSYoungGen: 90496K->7200K(97280K)] 117729K->34441K(319488K), 0.0021250 secs] [Times: user=0.01 sys=0.00, real=0.01 secs] 
375.568: Total time for which application threads were stopped: 0.0041840 seconds, Stopping threads took: 0.0019790 seconds
375.643: Application time: 0.0748890 seconds
375.646: [GC [PSYoungGen: 90656K->7360K(97280K)] 117897K->34609K(319488K), 0.0021170 secs] [Times: user=0.01 sys=0.00, real=0.01 secs] 
375.648: Total time for which application threads were stopped: 0.0052160 seconds, Stopping threads took: 0.0030210 seconds
375.722: Application time: 0.0744420 seconds
375.725: [GC [PSYoungGen: 90816K->6272K(97280K)] 118065K->33537K(319488K), 0.0018840 secs] [Times: user=0.01 sys=0.00, real=0.00 secs] 
375.727: Total time for which application threads were stopped: 0.0041510 seconds, Stopping threads took: 0.0021900 seconds
375.803: Application time: 0.0763370 seconds
375.805: [GC [PSYoungGen: 89728K->6080K(97280K)] 116993K->33345K(319488K), 0.0017640 secs] [Times: user=0.01 sys=0.00, real=0.00 secs] 
375.807: Total time for which application threads were stopped: 0.0037110 seconds, Stopping threads took: 0.0018730 seconds
375.884: Application time: 0.0771060 seconds
375.885: [GC [PSYoungGen: 89536K->8160K(97280K)] 116801K->35433K(319488K), 0.0026000 secs] [Times: user=0.02 sys=0.00, real=0.01 secs] 
375.888: Total time for which application threads were stopped: 0.0039640 seconds, Stopping threads took: 0.0012720 seconds
375.963: Application time: 0.0752460 seconds
375.965: [GC [PSYoungGen: 91616K->7264K(97280K)] 118889K->34545K(319488K), 0.0022340 secs] [Times: user=0.01 sys=0.00, real=0.01 secs] 
375.968: Total time for which application threads were stopped: 0.0047730 seconds, Stopping threads took: 0.0024390 seconds
376.041: Application time: 0.0732560 seconds
376.043: [GC [PSYoungGen: 90720K->6784K(97280K)] 118001K->34073K(319488K), 0.0020050 secs] [Times: user=0.01 sys=0.00, real=0.00 secs] 
376.045: Total time for which application threads were stopped: 0.0038180 seconds, Stopping threads took: 0.0017330 seconds
376.119: Application time: 0.0740200 seconds
376.121: [GC [PSYoungGen: 90240K->7312K(97280K)] 117529K->34609K(319488K), 0.0021430 secs] [Times: user=0.01 sys=0.00, real=0.00 secs] 
376.124: Total time for which application threads were stopped: 0.0047200 seconds, Stopping threads took: 0.0025000 seconds
376.199: Application time: 0.0751190 seconds
376.200: [GC [PSYoungGen: 90768K->6112K(97280K)] 118065K->33417K(319488K), 0.0017910 secs] [Times: user=0.01 sys=0.00, real=0.00 secs] 
376.202: Total time for which application threads were stopped: 0.0033400 seconds, Stopping threads took: 0.0014710 seconds
376.276: Application time: 0.0741290 seconds
376.278: [GC [PSYoungGen: 89568K->7376K(97280K)] 116873K->34681K(319488K), 0.0022900 secs] [Times: user=0.02 sys=0.00, real=0.00 secs] 
376.281: Total time for which application threads were stopped: 0.0045490 seconds, Stopping threads took: 0.0021740 seconds
376.353: Application time: 0.0725260 seconds
376.356: [GC [PSYoungGen: 90832K->7024K(97280K)] 118137K->34337K(319488K), 0.0021300 secs] [Times: user=0.02 sys=0.00, real=0.00 secs] 
376.358: Total time for which application threads were stopped: 0.0046480 seconds, Stopping threads took: 0.0024380 seconds
376.423: Application time: 0.0652940 seconds
376.426: Total time for which application threads were stopped: 0.0026040 seconds, Stopping threads took: 0.0025700 seconds
376.434: Application time: 0.0080530 seconds
376.437: [GC [PSYoungGen: 90480K->5008K(97280K)] 117793K->32329K(319488K), 0.0017500 secs] [Times: user=0.01 sys=0.00, real=0.00 secs] 
376.438: Total time for which application threads were stopped: 0.0046340 seconds, Stopping threads took: 0.0028000 seconds
376.513: Application time: 0.0746370 seconds
376.515: [GC [PSYoungGen: 88464K->5312K(97280K)] 115785K->32641K(319488K), 0.0018840 secs] [Times: user=0.01 sys=0.00, real=0.01 secs] 
376.517: Total time for which application threads were stopped: 0.0036700 seconds, Stopping threads took: 0.0016940 seconds
376.593: Application time: 0.0764230 seconds
376.596: [GC [PSYoungGen: 88768K->5296K(97280K)] 116097K->32633K(319488K), 0.0016750 secs] [Times: user=0.01 sys=0.00, real=0.00 secs] 
376.597: Total time for which application threads were stopped: 0.0042210 seconds, Stopping threads took: 0.0024450 seconds
376.638: Application time: 0.0408060 seconds
376.640: Total time for which application threads were stopped: 0.0014090 seconds, Stopping threads took: 0.0013870 seconds
376.682: Application time: 0.0424720 seconds
376.683: [GC [PSYoungGen: 88752K->3648K(97280K)] 116089K->30993K(319488K), 0.0012620 secs] [Times: user=0.00 sys=0.00, real=0.00 secs] 
376.684: Total time for which application threads were stopped: 0.0017700 seconds, Stopping threads took: 0.0004360 seconds
376.698: Application time: 0.0141940 seconds
376.699: Total time for which application threads were stopped: 0.0012600 seconds, Stopping threads took: 0.0012350 seconds
376.703: Application time: 0.0034840 seconds
376.704: Total time for which application threads were stopped: 0.0014430 seconds, Stopping threads took: 0.0014150 seconds
376.736: Application time: 0.0317480 seconds
376.738: Total time for which application threads were stopped: 0.0020050 seconds, Stopping threads took: 0.0019820 seconds
376.745: Application time: 0.0073240 seconds
376.746: Total time for which application threads were stopped: 0.0010930 seconds, Stopping threads took: 0.0010780 seconds
376.853: Application time: 0.1069500 seconds
376.853: Total time for which application threads were stopped: 0.0000470 seconds, Stopping threads took: 0.0000080 seconds
377.132: Application time: 0.2789570 seconds
377.132: [GC [PSYoungGen: 85182K->6821K(97280K)] 112528K->34238K(319488K), 0.0039340 secs] [Times: user=0.02 sys=0.00, real=0.01 secs] 
377.136: Total time for which application threads were stopped: 0.0040800 seconds, Stopping threads took: 0.0000140 seconds
377.137: Application time: 0.0001470 seconds
377.137: Total time for which application threads were stopped: 0.0003080 seconds, Stopping threads took: 0.0002770 seconds
377.137: Application time: 0.0000280 seconds
377.137: Total time for which application threads were stopped: 0.0000430 seconds, Stopping threads took: 0.0000300 seconds
377.137: Application time: 0.0000340 seconds
377.137: Total time for which application threads were stopped: 0.0000290 seconds, Stopping threads took: 0.0000190 seconds
377.137: Application time: 0.0000380 seconds
377.137: Total time for which application threads were stopped: 0.0000170 seconds, Stopping threads took: 0.0000090 seconds
377.137: Application time: 0.0000200 seconds
377.137: Total time for which application threads were stopped: 0.0000330 seconds, Stopping threads took: 0.0000140 seconds
377.137: Application time: 0.0000180 seconds
377.137: Total time for which application threads were stopped: 0.0000200 seconds, Stopping threads took: 0.0000120 seconds
377.137: Application time: 0.0000130 seconds
377.137: Total time for which application threads were stopped: 0.0000190 seconds, Stopping threads took: 0.0000120 seconds
377.137: Application time: 0.0000130 seconds
377.137: Total time for which application threads were stopped: 0.0000200 seconds, Stopping threads took: 0.0000120 seconds
377.137: Application time: 0.0000130 seconds
377.137: Total time for which application threads were stopped: 0.0000210 seconds, Stopping threads took: 0.0000130 seconds
377.137: Application time: 0.0000120 seconds
377.137: Total time for which application threads were stopped: 0.0000220 seconds, Stopping threads took: 0.0000140 seconds
377.137: Application time: 0.0000120 seconds
377.137: Total time for which application threads were stopped: 0.0000190 seconds, Stopping threads took: 0.0000120 seconds
377.137: Application time: 0.0000120 seconds
377.137: Total time for which application threads were stopped: 0.0000190 seconds, Stopping threads took: 0.0000120 seconds
377.137: Application time: 0.0000120 seconds
377.137: Total time for which application threads were stopped: 0.0000190 seconds, Stopping threads took: 0.0000120 seconds
377.137: Application time: 0.0000120 seconds
377.137: Total time for which application threads were stopped: 0.0000220 seconds, Stopping threads took: 0.0000140 seconds
377.138: Application time: 0.0000120 seconds
377.138: Total time for which application threads were stopped: 0.0000220 seconds, Stopping threads took: 0.0000140 seconds
377.138: Application time: 0.0000130 seconds
377.138: Total time for which application threads were stopped: 0.0000240 seconds, Stopping threads took: 0.0000150 seconds
377.138: Application time: 0.0000130 seconds
377.138: Total time for which application threads were stopped: 0.0000220 seconds, Stopping threads took: 0.0000140 seconds
377.138: Application time: 0.0000130 seconds
377.138: Total time for which application threads were stopped: 0.0000220 seconds, Stopping threads took: 0.0000140 seconds
377.138: Application time: 0.0000130 seconds
377.138: Total time for which application threads were stopped: 0.0000230 seconds, Stopping threads took: 0.0000150 seconds
377.138: Application time: 0.0000140 seconds
377.138: Total time for which application threads were stopped: 0.0000330 seconds, Stopping threads took: 0.0000150 seconds
377.138: Application time: 0.0000140 seconds
377.138: Total time for which application threads were stopped: 0.0000230 seconds, Stopping threads took: 0.0000150 seconds
377.138: Application time: 0.0000130 seconds
377.138: Total time for which application threads were stopped: 0.0000200 seconds, Stopping threads took: 0.0000120 seconds
377.138: Application time: 0.0000130 seconds
377.138: Total time for which application threads were stopped: 0.0000130 seconds, Stopping threads took: 0.0000060 seconds
377.138: Application time: 0.0000150 seconds
377.138: Total time for which application threads were stopped: 0.0000190 seconds, Stopping threads took: 0.0000120 seconds
377.138: Application time: 0.0000140 seconds
377.138: Total time for which application threads were stopped: 0.0000130 seconds, Stopping threads took: 0.0000060 seconds
377.138: Application time: 0.0000130 seconds
377.138: Total time for which application threads were stopped: 0.0000130 seconds, Stopping threads took: 0.0000060 seconds
377.138: Application time: 0.0000130 seconds
377.138: Total time for which application threads were stopped: 0.0000220 seconds, Stopping threads took: 0.0000140 seconds
377.138: Application time: 0.0000130 seconds
377.138: Total time for which application threads were stopped: 0.0000140 seconds, Stopping threads took: 0.0000070 seconds
377.138: Application time: 0.0000120 seconds
377.138: Total time for which application threads were stopped: 0.0000140 seconds, Stopping threads took: 0.0000060 seconds
377.138: Application time: 0.0000150 seconds
377.138: Total time for which application threads were stopped: 0.0000240 seconds, Stopping threads took: 0.0000060 seconds
377.138: Application time: 0.0000140 seconds
377.138: Total time for which application threads were stopped: 0.0000130 seconds, Stopping threads took: 0.0000060 seconds
377.138: Application time: 0.0000130 seconds
377.138: Total time for which application threads were stopped: 0.0000130 seconds, Stopping threads took: 0.0000070 seconds
377.138: Application time: 0.0000120 seconds
377.138: Total time for which application threads were stopped: 0.0000120 seconds, Stopping threads took: 0.0000060 seconds
377.138: Application time: 0.0000120 seconds
377.138: Total time for which application threads were stopped: 0.0000160 seconds, Stopping threads took: 0.0000100 seconds
377.138: Application time: 0.0000120 seconds
377.138: Total time for which application threads were stopped: 0.0000160 seconds, Stopping threads took: 0.0000100 seconds
377.138: Application time: 0.0000120 seconds
377.138: Total time for which application threads were stopped: 0.0000200 seconds, Stopping threads took: 0.0000120 seconds
377.138: Application time: 0.0000110 seconds
377.138: Total time for which application threads were stopped: 0.0000120 seconds, Stopping threads took: 0.0000060 seconds
377.138: Application time: 0.0000230 seconds
377.138: Total time for which application threads were stopped: 0.0000130 seconds, Stopping threads took: 0.0000060 seconds
377.138: Application time: 0.0000160 seconds
377.138: Total time for which application threads were stopped: 0.0000190 seconds, Stopping threads took: 0.0000120 seconds
377.138: Application time: 0.0000120 seconds
377.138: Total time for which application threads were stopped: 0.0000270 seconds, Stopping threads took: 0.0000140 seconds
377.138: Application time: 0.0000130 seconds
377.138: Total time for which application threads were stopped: 0.0000200 seconds, Stopping threads took: 0.0000130 seconds
377.138: Application time: 0.0000120 seconds
377.138: Total time for which application threads were stopped: 0.0000350 seconds, Stopping threads took: 0.0000140 seconds
377.139: Application time: 0.0001700 seconds
377.139: Total time for which application threads were stopped: 0.0000290 seconds, Stopping threads took: 0.0000140 seconds
377.807: Application time: 0.6687370 seconds
377.807: Total time for which application threads were stopped: 0.0000800 seconds, Stopping threads took: 0.0000130 seconds
377.809: Application time: 0.0018280 seconds
377.809: Total time for which application threads were stopped: 0.0000270 seconds, Stopping threads took: 0.0000110 seconds
Heap
 PSYoungGen      total 97280K, used 43230K [0x00000000f9300000, 0x00000000fff80000, 0x0000000100000000)
  eden space 83456K, 43% used [0x00000000f9300000,0x00000000fb68e470,0x00000000fe480000)
  from space 13824K, 49% used [0x00000000ff200000,0x00000000ff8a9478,0x00000000fff80000)
  to   space 13824K, 0% used [0x00000000fe480000,0x00000000fe480000,0x00000000ff200000)
 ParOldGen       total 222208K, used 27417K [0x00000000eba00000, 0x00000000f9300000, 0x00000000f9300000)
  object space 222208K, 12% used [0x00000000eba00000,0x00000000ed4c65d0,0x00000000f9300000)
 PSPermGen       total 21504K, used 12939K [0x00000000e6800000, 0x00000000e7d00000, 0x00000000eba00000)
  object space 21504K, 60% used [0x00000000e6800000,0x00000000e74a2f00,0x00000000e7d00000)
377.810: Application time: 0.0001790 seconds
