Java HotSpot(TM) 64-Bit Server VM (24.80-b11) for linux-amd64 JRE (1.7.0_80-b15), built on Apr 10 2015 19:53:14 by "java_re" with gcc 4.3.0 20080428 (Red Hat 4.3.0-8)
Memory: 4k page, physical 8000092k(5561588k free), swap 8218620k(8218620k free)
CommandLine flags: -XX:InitialHeapSize=175340544 -XX:MaxHeapSize=175340544 -XX:+PrintGC -XX:+PrintGCApplicationConcurrentTime -XX:+PrintGCApplicationStoppedTime -XX:+PrintGCDetails -XX:+PrintGCTimeStamps -XX:-UseAdaptiveSizePolicy -XX:+UseCMSInitiatingOccupancyOnly -XX:+UseCompressedOops -XX:+UseParallelGC 
1.008: Application time: 0.9857200 seconds
1.008: Total time for which application threads were stopped: 0.0000520 seconds, Stopping threads took: 0.0000100 seconds
4.026: Application time: 3.0186810 seconds
4.027: Total time for which application threads were stopped: 0.0000660 seconds, Stopping threads took: 0.0000100 seconds
14.711: Application time: 10.6848140 seconds
14.711: Total time for which application threads were stopped: 0.0000320 seconds, Stopping threads took: 0.0000180 seconds
14.711: Application time: 0.0000640 seconds
14.711: Total time for which application threads were stopped: 0.0000230 seconds, Stopping threads took: 0.0000070 seconds
14.713: Application time: 0.0014140 seconds
14.713: Total time for which application threads were stopped: 0.0000110 seconds, Stopping threads took: 0.0000040 seconds
14.730: Application time: 0.0175260 seconds
14.730: Total time for which application threads were stopped: 0.0000410 seconds, Stopping threads took: 0.0000110 seconds
14.743: Application time: 0.0121340 seconds
14.743: [GC [PSYoungGen: 11979K->3317K(50176K)] 11979K->3325K(164352K), 0.0021310 secs] [Times: user=0.01 sys=0.00, real=0.00 secs] 
14.745: [Full GC [PSYoungGen: 3317K->0K(50176K)] [ParOldGen: 8K->3145K(114176K)] 3325K->3145K(164352K) [PSPermGen: 5075K->5074K(21504K)], 0.0109830 secs] [Times: user=0.04 sys=0.00, real=0.01 secs] 
14.756: Total time for which application threads were stopped: 0.0132280 seconds, Stopping threads took: 0.0000050 seconds
14.756: Application time: 0.0000550 seconds
14.756: [GC [PSYoungGen: 0K->0K(50176K)] 3145K->3145K(164352K), 0.0002780 secs] [Times: user=0.00 sys=0.00, real=0.00 secs] 
14.756: [Full GC [PSYoungGen: 0K->0K(50176K)] [ParOldGen: 3145K->3145K(114176K)] 3145K->3145K(164352K) [PSPermGen: 5074K->5074K(21504K)], 0.0040420 secs] [Times: user=0.02 sys=0.00, real=0.01 secs] 
14.760: Total time for which application threads were stopped: 0.0044140 seconds, Stopping threads took: 0.0000140 seconds
14.760: Application time: 0.0000490 seconds
14.760: Total time for which application threads were stopped: 0.0000300 seconds, Stopping threads took: 0.0000210 seconds
14.760: Application time: 0.0000210 seconds
14.760: Total time for which application threads were stopped: 0.0000160 seconds, Stopping threads took: 0.0000110 seconds
14.760: Application time: 0.0000120 seconds
14.760: Total time for which application threads were stopped: 0.0000150 seconds, Stopping threads took: 0.0000110 seconds
14.760: Application time: 0.0000110 seconds
14.760: Total time for which application threads were stopped: 0.0000160 seconds, Stopping threads took: 0.0000120 seconds
14.760: Application time: 0.0000100 seconds
14.761: Total time for which application threads were stopped: 0.0000190 seconds, Stopping threads took: 0.0000150 seconds
14.761: Application time: 0.0000090 seconds
14.761: Total time for which application threads were stopped: 0.0000160 seconds, Stopping threads took: 0.0000120 seconds
14.761: Application time: 0.0000300 seconds
14.761: Total time for which application threads were stopped: 0.0000140 seconds, Stopping threads took: 0.0000100 seconds
14.761: Application time: 0.0000120 seconds
14.761: Total time for which application threads were stopped: 0.0000160 seconds, Stopping threads took: 0.0000120 seconds
14.761: Application time: 0.0000110 seconds
14.761: Total time for which application threads were stopped: 0.0000180 seconds, Stopping threads took: 0.0000140 seconds
14.761: Application time: 0.0000120 seconds
14.761: Total time for which application threads were stopped: 0.0000190 seconds, Stopping threads took: 0.0000150 seconds
14.761: Application time: 0.0000120 seconds
14.761: Total time for which application threads were stopped: 0.0000160 seconds, Stopping threads took: 0.0000120 seconds
14.761: Application time: 0.0000110 seconds
14.761: Total time for which application threads were stopped: 0.0000170 seconds, Stopping threads took: 0.0000130 seconds
14.761: Application time: 0.0001920 seconds
14.761: Total time for which application threads were stopped: 0.0000240 seconds, Stopping threads took: 0.0000190 seconds
14.761: Application time: 0.0000160 seconds
14.761: Total time for which application threads were stopped: 0.0000270 seconds, Stopping threads took: 0.0000090 seconds
14.761: Application time: 0.0000140 seconds
14.761: Total time for which application threads were stopped: 0.0000150 seconds, Stopping threads took: 0.0000100 seconds
14.761: Application time: 0.0000130 seconds
14.761: Total time for which application threads were stopped: 0.0000190 seconds, Stopping threads took: 0.0000130 seconds
14.761: Application time: 0.0000130 seconds
14.761: Total time for which application threads were stopped: 0.0000180 seconds, Stopping threads took: 0.0000130 seconds
14.761: Application time: 0.0000120 seconds
14.761: Total time for which application threads were stopped: 0.0000160 seconds, Stopping threads took: 0.0000110 seconds
14.761: Application time: 0.0000130 seconds
14.761: Total time for which application threads were stopped: 0.0000110 seconds, Stopping threads took: 0.0000070 seconds
14.761: Application time: 0.0000130 seconds
14.761: Total time for which application threads were stopped: 0.0000180 seconds, Stopping threads took: 0.0000060 seconds
14.761: Application time: 0.0002550 seconds
14.761: Total time for which application threads were stopped: 0.0000140 seconds, Stopping threads took: 0.0000060 seconds
14.789: Application time: 0.0275570 seconds
14.789: [GC [PSYoungGen: 40328K->7116K(50176K)] 43473K->40091K(164352K), 0.0083020 secs] [Times: user=0.03 sys=0.04, real=0.01 secs] 
14.797: Total time for which application threads were stopped: 0.0083920 seconds, Stopping threads took: 0.0000140 seconds
14.798: Application time: 0.0001130 seconds
14.798: Total time for which application threads were stopped: 0.0009830 seconds, Stopping threads took: 0.0009660 seconds
14.799: Application time: 0.0000730 seconds
14.803: Total time for which application threads were stopped: 0.0047280 seconds, Stopping threads took: 0.0046880 seconds
14.803: Application time: 0.0000690 seconds
14.803: Total time for which application threads were stopped: 0.0000200 seconds, Stopping threads took: 0.0000140 seconds
14.803: Application time: 0.0000450 seconds
14.803: Total time for which application threads were stopped: 0.0000180 seconds, Stopping threads took: 0.0000120 seconds
14.804: Application time: 0.0000410 seconds
14.804: Total time for which application threads were stopped: 0.0000170 seconds, Stopping threads took: 0.0000110 seconds
14.804: Application time: 0.0000260 seconds
14.804: Total time for which application threads were stopped: 0.0000150 seconds, Stopping threads took: 0.0000110 seconds
14.804: Application time: 0.0000240 seconds
14.804: Total time for which application threads were stopped: 0.0000130 seconds, Stopping threads took: 0.0000090 seconds
14.804: Application time: 0.0000260 seconds
14.804: Total time for which application threads were stopped: 0.0000100 seconds, Stopping threads took: 0.0000040 seconds
14.804: Application time: 0.0000250 seconds
14.804: Total time for which application threads were stopped: 0.0000070 seconds, Stopping threads took: 0.0000040 seconds
14.804: Application time: 0.0000100 seconds
14.804: Total time for which application threads were stopped: 0.0000060 seconds, Stopping threads took: 0.0000030 seconds
14.804: Application time: 0.0000080 seconds
14.804: Total time for which application threads were stopped: 0.0000130 seconds, Stopping threads took: 0.0000090 seconds
14.804: Application time: 0.0000080 seconds
14.804: Total time for which application threads were stopped: 0.0000070 seconds, Stopping threads took: 0.0000040 seconds
14.804: Application time: 0.0000110 seconds
14.804: Total time for which application threads were stopped: 0.0000120 seconds, Stopping threads took: 0.0000090 seconds
14.804: Application time: 0.0000090 seconds
14.804: Total time for which application threads were stopped: 0.0000150 seconds, Stopping threads took: 0.0000090 seconds
14.804: Application time: 0.0000100 seconds
14.804: Total time for which application threads were stopped: 0.0000070 seconds, Stopping threads took: 0.0000040 seconds
14.804: Application time: 0.0000090 seconds
14.804: Total time for which application threads were stopped: 0.0000150 seconds, Stopping threads took: 0.0000080 seconds
14.804: Application time: 0.0000090 seconds
14.804: Total time for which application threads were stopped: 0.0000060 seconds, Stopping threads took: 0.0000030 seconds
14.804: Application time: 0.0000090 seconds
14.804: Total time for which application threads were stopped: 0.0000090 seconds, Stopping threads took: 0.0000050 seconds
14.804: Application time: 0.0000090 seconds
14.804: Total time for which application threads were stopped: 0.0000070 seconds, Stopping threads took: 0.0000040 seconds
14.804: Application time: 0.0000090 seconds
14.804: Total time for which application threads were stopped: 0.0000110 seconds, Stopping threads took: 0.0000030 seconds
14.804: Application time: 0.0000090 seconds
14.804: Total time for which application threads were stopped: 0.0000070 seconds, Stopping threads took: 0.0000040 seconds
14.804: Application time: 0.0000080 seconds
14.804: Total time for which application threads were stopped: 0.0000140 seconds, Stopping threads took: 0.0000070 seconds
14.804: Application time: 0.0000090 seconds
14.804: Total time for which application threads were stopped: 0.0000060 seconds, Stopping threads took: 0.0000030 seconds
14.804: Application time: 0.0000090 seconds
14.804: Total time for which application threads were stopped: 0.0000090 seconds, Stopping threads took: 0.0000040 seconds
14.804: Application time: 0.0000100 seconds
14.804: Total time for which application threads were stopped: 0.0000130 seconds, Stopping threads took: 0.0000080 seconds
14.804: Application time: 0.0000080 seconds
14.804: Total time for which application threads were stopped: 0.0000140 seconds, Stopping threads took: 0.0000080 seconds
14.804: Application time: 0.0000090 seconds
14.804: Total time for which application threads were stopped: 0.0000130 seconds, Stopping threads took: 0.0000090 seconds
14.804: Application time: 0.0000090 seconds
14.804: Total time for which application threads were stopped: 0.0000090 seconds, Stopping threads took: 0.0000030 seconds
14.804: Application time: 0.0000090 seconds
14.804: Total time for which application threads were stopped: 0.0000130 seconds, Stopping threads took: 0.0000090 seconds
14.804: Application time: 0.0000420 seconds
14.804: Total time for which application threads were stopped: 0.0000300 seconds, Stopping threads took: 0.0000260 seconds
14.804: Application time: 0.0000340 seconds
14.804: Total time for which application threads were stopped: 0.0000390 seconds, Stopping threads took: 0.0000350 seconds
14.804: Application time: 0.0002170 seconds
14.805: Total time for which application threads were stopped: 0.0000680 seconds, Stopping threads took: 0.0000540 seconds
14.805: Application time: 0.0003660 seconds
14.805: Total time for which application threads were stopped: 0.0000570 seconds, Stopping threads took: 0.0000140 seconds
14.805: Application time: 0.0003570 seconds
14.805: Total time for which application threads were stopped: 0.0000230 seconds, Stopping threads took: 0.0000130 seconds
14.806: Application time: 0.0007330 seconds
14.806: Total time for which application threads were stopped: 0.0000160 seconds, Stopping threads took: 0.0000060 seconds
14.807: Application time: 0.0006580 seconds
14.807: Total time for which application threads were stopped: 0.0000570 seconds, Stopping threads took: 0.0000290 seconds
14.997: Application time: 0.1904750 seconds
14.997: [GC [PSYoungGen: 50095K->7156K(50176K)] 83071K->94657K(164352K), 0.0128620 secs] [Times: user=0.06 sys=0.04, real=0.01 secs] 
15.010: [Full GC [PSYoungGen: 7156K->0K(50176K)] [ParOldGen: 87501K->75080K(114176K)] 94657K->75080K(164352K) [PSPermGen: 5129K->5129K(21504K)], 0.0245220 secs] [Times: user=0.17 sys=0.00, real=0.03 secs] 
15.035: Total time for which application threads were stopped: 0.0376060 seconds, Stopping threads took: 0.0000650 seconds
15.043: Application time: 0.0085920 seconds
15.047: Total time for which application threads were stopped: 0.0037270 seconds, Stopping threads took: 0.0036920 seconds
15.608: Application time: 0.5606580 seconds
15.608: Total time for which application threads were stopped: 0.0001250 seconds, Stopping threads took: 0.0000890 seconds
15.609: Application time: 0.0012960 seconds
15.609: [Full GC [PSYoungGen: 42919K->0K(50176K)] [ParOldGen: 75215K->75465K(114176K)] 118134K->75465K(164352K) [PSPermGen: 5131K->5131K(21504K)], 0.0076480 secs] [Times: user=0.03 sys=0.00, real=0.01 secs] 
15.617: Total time for which application threads were stopped: 0.0077840 seconds, Stopping threads took: 0.0000480 seconds
16.216: Application time: 0.5989580 seconds
16.216: [Full GC [PSYoungGen: 43008K->0K(50176K)] [ParOldGen: 80211K->75119K(114176K)] 123219K->75119K(164352K) [PSPermGen: 5131K->5131K(21504K)], 0.0060000 secs] [Times: user=0.03 sys=0.00, real=0.01 secs] 
16.222: Total time for which application threads were stopped: 0.0061730 seconds, Stopping threads took: 0.0000700 seconds
16.711: Application time: 0.4890030 seconds
16.711: [Full GC [PSYoungGen: 42998K->0K(50176K)] [ParOldGen: 75119K->75681K(114176K)] 118118K->75681K(164352K) [PSPermGen: 5133K->5133K(21504K)], 0.0067760 secs] [Times: user=0.03 sys=0.00, real=0.01 secs] 
16.718: Total time for which application threads were stopped: 0.0069470 seconds, Stopping threads took: 0.0000750 seconds
17.294: Application time: 0.5761250 seconds
17.294: [Full GC [PSYoungGen: 42950K->0K(50176K)] [ParOldGen: 75681K->75286K(114176K)] 118632K->75286K(164352K) [PSPermGen: 5134K->5134K(21504K)], 0.0059340 secs] [Times: user=0.03 sys=0.00, real=0.01 secs] 
17.300: Total time for which application threads were stopped: 0.0061080 seconds, Stopping threads took: 0.0000730 seconds
17.797: Application time: 0.4966220 seconds
17.797: [Full GC [PSYoungGen: 42884K->0K(50176K)] [ParOldGen: 75286K->75954K(114176K)] 118170K->75954K(164352K) [PSPermGen: 5135K->5135K(21504K)], 0.0062460 secs] [Times: user=0.03 sys=0.00, real=0.01 secs] 
17.803: Total time for which application threads were stopped: 0.0064500 seconds, Stopping threads took: 0.0000730 seconds
18.378: Application time: 0.5747000 seconds
18.378: [Full GC [PSYoungGen: 42933K->0K(50176K)] [ParOldGen: 75954K->75954K(114176K)] 118887K->75954K(164352K) [PSPermGen: 5135K->5135K(21504K)], 0.0060740 secs] [Times: user=0.03 sys=0.00, real=0.01 secs] 
18.384: Total time for which application threads were stopped: 0.0062780 seconds, Stopping threads took: 0.0001060 seconds
18.892: Application time: 0.5074670 seconds
18.892: [Full GC [PSYoungGen: 42877K->0K(50176K)] [ParOldGen: 75954K->75487K(114176K)] 118832K->75487K(164352K) [PSPermGen: 5135K->5135K(21504K)], 0.0059400 secs] [Times: user=0.03 sys=0.00, real=0.00 secs] 
18.898: Total time for which application threads were stopped: 0.0061230 seconds, Stopping threads took: 0.0000810 seconds
19.378: Application time: 0.4798170 seconds
19.378: [Full GC [PSYoungGen: 42891K->0K(50176K)] [ParOldGen: 75487K->76081K(114176K)] 118379K->76081K(164352K) [PSPermGen: 5136K->5136K(21504K)], 0.0063140 secs] [Times: user=0.03 sys=0.00, real=0.01 secs] 
19.384: Total time for which application threads were stopped: 0.0064900 seconds, Stopping threads took: 0.0000830 seconds
19.967: Application time: 0.5829620 seconds
19.967: Total time for which application threads were stopped: 0.0001350 seconds, Stopping threads took: 0.0000810 seconds
19.970: Application time: 0.0028190 seconds
19.970: [Full GC [PSYoungGen: 42978K->0K(50176K)] [ParOldGen: 76350K->75003K(114176K)] 119329K->75003K(164352K) [PSPermGen: 5136K->5136K(21504K)], 0.0061380 secs] [Times: user=0.02 sys=0.00, real=0.01 secs] 
19.977: Total time for which application threads were stopped: 0.0062570 seconds, Stopping threads took: 0.0000380 seconds
20.593: Application time: 0.6160410 seconds
20.593: [Full GC [PSYoungGen: 43008K->0K(50176K)] [ParOldGen: 82660K->76019K(114176K)] 125668K->76019K(164352K) [PSPermGen: 5140K->5140K(21504K)], 0.0061990 secs] [Times: user=0.03 sys=0.00, real=0.00 secs] 
20.599: Total time for which application threads were stopped: 0.0063790 seconds, Stopping threads took: 0.0000800 seconds
21.144: Application time: 0.5448540 seconds
21.144: [Full GC [PSYoungGen: 43006K->0K(50176K)] [ParOldGen: 76019K->75868K(114176K)] 119026K->75868K(164352K) [PSPermGen: 5140K->5140K(21504K)], 0.0104220 secs] [Times: user=0.06 sys=0.00, real=0.01 secs] 
21.154: Total time for which application threads were stopped: 0.0105900 seconds, Stopping threads took: 0.0000720 seconds
21.667: Application time: 0.5127340 seconds
21.667: [Full GC [PSYoungGen: 42865K->0K(50176K)] [ParOldGen: 75868K->75884K(114176K)] 118733K->75884K(164352K) [PSPermGen: 5140K->5140K(21504K)], 0.0061860 secs] [Times: user=0.03 sys=0.00, real=0.01 secs] 
21.673: Total time for which application threads were stopped: 0.0063530 seconds, Stopping threads took: 0.0000680 seconds
22.237: Application time: 0.5631510 seconds
22.237: [Full GC [PSYoungGen: 42935K->0K(50176K)] [ParOldGen: 75884K->75759K(114176K)] 118820K->75759K(164352K) [PSPermGen: 5140K->5140K(21504K)], 0.0061950 secs] [Times: user=0.03 sys=0.00, real=0.01 secs] 
22.243: Total time for which application threads were stopped: 0.0063860 seconds, Stopping threads took: 0.0000860 seconds
22.763: Application time: 0.5202210 seconds
22.763: [Full GC [PSYoungGen: 42858K->0K(50176K)] [ParOldGen: 75759K->75678K(114176K)] 118617K->75678K(164352K) [PSPermGen: 5143K->5143K(21504K)], 0.0062040 secs] [Times: user=0.03 sys=0.00, real=0.00 secs] 
22.770: Total time for which application threads were stopped: 0.0063830 seconds, Stopping threads took: 0.0000770 seconds
23.331: Application time: 0.5611620 seconds
23.331: [Full GC [PSYoungGen: 43001K->0K(50176K)] [ParOldGen: 75678K->75822K(114176K)] 118679K->75822K(164352K) [PSPermGen: 5147K->5147K(21504K)], 0.0060430 secs] [Times: user=0.03 sys=0.00, real=0.01 secs] 
23.337: Total time for which application threads were stopped: 0.0062380 seconds, Stopping threads took: 0.0000940 seconds
23.840: Application time: 0.5026950 seconds
23.840: [Full GC [PSYoungGen: 43003K->0K(50176K)] [ParOldGen: 75822K->75490K(114176K)] 118826K->75490K(164352K) [PSPermGen: 5148K->5148K(21504K)], 0.0060190 secs] [Times: user=0.02 sys=0.00, real=0.00 secs] 
23.846: Total time for which application threads were stopped: 0.0062090 seconds, Stopping threads took: 0.0000920 seconds
24.342: Application time: 0.4959600 seconds
24.342: [Full GC [PSYoungGen: 42991K->0K(50176K)] [ParOldGen: 75490K->76218K(114176K)] 118481K->76218K(164352K) [PSPermGen: 5148K->5148K(21504K)], 0.0061360 secs] [Times: user=0.03 sys=0.00, real=0.00 secs] 
24.348: Total time for which application threads were stopped: 0.0063230 seconds, Stopping threads took: 0.0000860 seconds
24.904: Application time: 0.5558150 seconds
24.904: [Full GC [PSYoungGen: 42758K->0K(50176K)] [ParOldGen: 76218K->75491K(114176K)] 118976K->75491K(164352K) [PSPermGen: 5148K->5148K(21504K)], 0.0059780 secs] [Times: user=0.03 sys=0.00, real=0.00 secs] 
24.910: Total time for which application threads were stopped: 0.0061450 seconds, Stopping threads took: 0.0000690 seconds
25.404: Application time: 0.4941020 seconds
25.404: [Full GC [PSYoungGen: 42979K->0K(50176K)] [ParOldGen: 75491K->76156K(114176K)] 118470K->76156K(164352K) [PSPermGen: 5148K->5148K(21504K)], 0.0063100 secs] [Times: user=0.03 sys=0.00, real=0.00 secs] 
25.411: Total time for which application threads were stopped: 0.0064820 seconds, Stopping threads took: 0.0000780 seconds
25.976: Application time: 0.5654030 seconds
25.976: [Full GC [PSYoungGen: 42997K->0K(50176K)] [ParOldGen: 76156K->75886K(114176K)] 119154K->75886K(164352K) [PSPermGen: 5148K->5148K(21504K)], 0.0061080 secs] [Times: user=0.03 sys=0.00, real=0.01 secs] 
25.982: Total time for which application threads were stopped: 0.0062950 seconds, Stopping threads took: 0.0000850 seconds
26.521: Application time: 0.5380440 seconds
26.521: Total time for which application threads were stopped: 0.0000990 seconds, Stopping threads took: 0.0000670 seconds
26.521: Application time: 0.0001160 seconds
26.521: [Full GC [PSYoungGen: 43003K->0K(50176K)] [ParOldGen: 76021K->75887K(114176K)] 119024K->75887K(164352K) [PSPermGen: 5148K->5148K(21504K)], 0.0060900 secs] [Times: user=0.03 sys=0.00, real=0.00 secs] 
26.527: Total time for which application threads were stopped: 0.0062200 seconds, Stopping threads took: 0.0000470 seconds
27.118: Application time: 0.5915290 seconds
27.119: [Full GC [PSYoungGen: 43008K->0K(50176K)] [ParOldGen: 80838K->76085K(114176K)] 123846K->76085K(164352K) [PSPermGen: 5149K->5149K(21504K)], 0.0062200 secs] [Times: user=0.03 sys=0.00, real=0.01 secs] 
27.125: Total time for which application threads were stopped: 0.0064030 seconds, Stopping threads took: 0.0000880 seconds
27.666: Application time: 0.5411170 seconds
27.666: [Full GC [PSYoungGen: 42925K->0K(50176K)] [ParOldGen: 76085K->76085K(114176K)] 119010K->76085K(164352K) [PSPermGen: 5149K->5149K(21504K)], 0.0062560 secs] [Times: user=0.03 sys=0.00, real=0.01 secs] 
27.672: Total time for which application threads were stopped: 0.0064260 seconds, Stopping threads took: 0.0000680 seconds
28.221: Application time: 0.5483530 seconds
28.221: [Full GC [PSYoungGen: 42999K->0K(50176K)] [ParOldGen: 76085K->76220K(114176K)] 119084K->76220K(164352K) [PSPermGen: 5150K->5150K(21504K)], 0.0062610 secs] [Times: user=0.03 sys=0.00, real=0.00 secs] 
28.227: Total time for which application threads were stopped: 0.0064590 seconds, Stopping threads took: 0.0000940 seconds
28.710: Application time: 0.4823250 seconds
28.710: [Full GC [PSYoungGen: 42999K->0K(50176K)] [ParOldGen: 76220K->76086K(114176K)] 119219K->76086K(164352K) [PSPermGen: 5150K->5150K(21504K)], 0.0059870 secs] [Times: user=0.02 sys=0.00, real=0.01 secs] 
28.716: Total time for which application threads were stopped: 0.0061620 seconds, Stopping threads took: 0.0000780 seconds
29.245: Application time: 0.5291820 seconds
29.245: [Full GC [PSYoungGen: 43007K->0K(50176K)] [ParOldGen: 76086K->75430K(114176K)] 119094K->75430K(164352K) [PSPermGen: 5150K->5150K(21504K)], 0.0059800 secs] [Times: user=0.03 sys=0.00, real=0.00 secs] 
29.251: Total time for which application threads were stopped: 0.0061670 seconds, Stopping threads took: 0.0000820 seconds
29.814: Application time: 0.5626930 seconds
29.814: [Full GC [PSYoungGen: 42897K->0K(50176K)] [ParOldGen: 75430K->75493K(114176K)] 118327K->75493K(164352K) [PSPermGen: 5150K->5150K(21504K)], 0.0063860 secs] [Times: user=0.03 sys=0.00, real=0.01 secs] 
29.820: Total time for which application threads were stopped: 0.0065740 seconds, Stopping threads took: 0.0000850 seconds
30.323: Application time: 0.5029070 seconds
30.323: Total time for which application threads were stopped: 0.0001290 seconds, Stopping threads took: 0.0000840 seconds
30.324: Application time: 0.0004860 seconds
30.324: [Full GC [PSYoungGen: 42971K->0K(50176K)] [ParOldGen: 75897K->75493K(114176K)] 118869K->75493K(164352K) [PSPermGen: 5150K->5150K(21504K)], 0.0061030 secs] [Times: user=0.03 sys=0.00, real=0.00 secs] 
30.330: Total time for which application threads were stopped: 0.0062270 seconds, Stopping threads took: 0.0000440 seconds
30.937: Application time: 0.6068330 seconds
30.937: [Full GC [PSYoungGen: 43008K->0K(50176K)] [ParOldGen: 81254K->75890K(114176K)] 124262K->75890K(164352K) [PSPermGen: 5151K->5151K(21504K)], 0.0063830 secs] [Times: user=0.03 sys=0.00, real=0.01 secs] 
30.944: Total time for which application threads were stopped: 0.0065680 seconds, Stopping threads took: 0.0000670 seconds
31.502: Application time: 0.5587350 seconds
31.502: [Full GC [PSYoungGen: 42937K->0K(50176K)] [ParOldGen: 75890K->75692K(114176K)] 118827K->75692K(164352K) [PSPermGen: 5151K->5151K(21504K)], 0.0061810 secs] [Times: user=0.03 sys=0.00, real=0.00 secs] 
31.509: Total time for which application threads were stopped: 0.0063730 seconds, Stopping threads took: 0.0000880 seconds
32.049: Application time: 0.5406390 seconds
32.049: [Full GC [PSYoungGen: 42863K->0K(50176K)] [ParOldGen: 75692K->75692K(114176K)] 118555K->75692K(164352K) [PSPermGen: 5151K->5151K(21504K)], 0.0060160 secs] [Times: user=0.03 sys=0.00, real=0.01 secs] 
32.055: Total time for which application threads were stopped: 0.0061900 seconds, Stopping threads took: 0.0000730 seconds
32.603: Application time: 0.5474110 seconds
32.603: Total time for which application threads were stopped: 0.0001120 seconds, Stopping threads took: 0.0000770 seconds
32.603: Application time: 0.0000620 seconds
32.603: [Full GC [PSYoungGen: 43001K->0K(50176K)] [ParOldGen: 75826K->75495K(114176K)] 118828K->75495K(164352K) [PSPermGen: 5151K->5151K(21504K)], 0.0059240 secs] [Times: user=0.03 sys=0.00, real=0.00 secs] 
32.609: Total time for which application threads were stopped: 0.0060590 seconds, Stopping threads took: 0.0000490 seconds
33.182: Application time: 0.5723660 seconds
33.182: Total time for which application threads were stopped: 0.0001200 seconds, Stopping threads took: 0.0000830 seconds
33.183: Application time: 0.0008910 seconds
33.183: [Full GC [PSYoungGen: 43008K->0K(50176K)] [ParOldGen: 78400K->76088K(114176K)] 121408K->76088K(164352K) [PSPermGen: 5151K->5151K(21504K)], 0.0061920 secs] [Times: user=0.03 sys=0.00, real=0.00 secs] 
33.189: Total time for which application threads were stopped: 0.0063490 seconds, Stopping threads took: 0.0000700 seconds
33.781: Application time: 0.5923270 seconds
33.781: Total time for which application threads were stopped: 0.0001290 seconds, Stopping threads took: 0.0000920 seconds
33.782: Application time: 0.0002160 seconds
33.782: [Full GC [PSYoungGen: 43008K->0K(50176K)] [ParOldGen: 80913K->75288K(114176K)] 123921K->75288K(164352K) [PSPermGen: 5151K->5151K(21504K)], 0.0058570 secs] [Times: user=0.02 sys=0.00, real=0.00 secs] 
33.788: Total time for which application threads were stopped: 0.0059740 seconds, Stopping threads took: 0.0000340 seconds
34.416: Application time: 0.6280730 seconds
34.416: [Full GC [PSYoungGen: 43008K->0K(50176K)] [ParOldGen: 82073K->75890K(114176K)] 125081K->75890K(164352K) [PSPermGen: 5151K->5151K(21504K)], 0.0061370 secs] [Times: user=0.02 sys=0.00, real=0.01 secs] 
34.422: Total time for which application threads were stopped: 0.0063080 seconds, Stopping threads took: 0.0000740 seconds
34.924: Application time: 0.5020290 seconds
34.924: Total time for which application threads were stopped: 0.0001020 seconds, Stopping threads took: 0.0000650 seconds
34.925: Application time: 0.0006870 seconds
34.925: [Full GC [PSYoungGen: 42999K->0K(50176K)] [ParOldGen: 76224K->76090K(114176K)] 119224K->76090K(164352K) [PSPermGen: 5151K->5151K(21504K)], 0.0062000 secs] [Times: user=0.03 sys=0.00, real=0.00 secs] 
34.931: Total time for which application threads were stopped: 0.0063280 seconds, Stopping threads took: 0.0000450 seconds
35.540: Application time: 0.6085800 seconds
35.540: [Full GC [PSYoungGen: 43008K->0K(50176K)] [ParOldGen: 81859K->76287K(114176K)] 124867K->76287K(164352K) [PSPermGen: 5151K->5151K(21504K)], 0.0061560 secs] [Times: user=0.03 sys=0.00, real=0.00 secs] 
35.546: Total time for which application threads were stopped: 0.0063400 seconds, Stopping threads took: 0.0000630 seconds
36.066: Application time: 0.5203060 seconds
36.066: [Full GC [PSYoungGen: 42760K->0K(50176K)] [ParOldGen: 76287K->76288K(114176K)] 119048K->76288K(164352K) [PSPermGen: 5151K->5151K(21504K)], 0.0073520 secs] [Times: user=0.03 sys=0.00, real=0.01 secs] 
36.074: Total time for which application threads were stopped: 0.0075160 seconds, Stopping threads took: 0.0000770 seconds
36.604: Application time: 0.5306390 seconds
36.605: [Full GC [PSYoungGen: 42906K->0K(50176K)] [ParOldGen: 76288K->75767K(114176K)] 119194K->75767K(164352K) [PSPermGen: 5151K->5151K(21504K)], 0.0060690 secs] [Times: user=0.03 sys=0.00, real=0.00 secs] 
36.611: Total time for which application threads were stopped: 0.0062750 seconds, Stopping threads took: 0.0001070 seconds
37.147: Application time: 0.5366210 seconds
37.148: [Full GC [PSYoungGen: 42999K->0K(50176K)] [ParOldGen: 75767K->75695K(114176K)] 118766K->75695K(164352K) [PSPermGen: 5151K->5151K(21504K)], 0.0078640 secs] [Times: user=0.04 sys=0.00, real=0.01 secs] 
37.155: Total time for which application threads were stopped: 0.0080720 seconds, Stopping threads took: 0.0000920 seconds
37.696: Application time: 0.5401190 seconds
37.696: [Full GC [PSYoungGen: 42928K->0K(50176K)] [ParOldGen: 75695K->75695K(114176K)] 118623K->75695K(164352K) [PSPermGen: 5153K->5153K(21504K)], 0.0062020 secs] [Times: user=0.03 sys=0.00, real=0.01 secs] 
37.702: Total time for which application threads were stopped: 0.0063880 seconds, Stopping threads took: 0.0000830 seconds
38.257: Application time: 0.5547780 seconds
38.257: [Full GC [PSYoungGen: 42869K->0K(50176K)] [ParOldGen: 75695K->75695K(114176K)] 118565K->75695K(164352K) [PSPermGen: 5153K->5153K(21504K)], 0.0061110 secs] [Times: user=0.03 sys=0.00, real=0.01 secs] 
38.263: Total time for which application threads were stopped: 0.0062780 seconds, Stopping threads took: 0.0000670 seconds
38.794: Application time: 0.5311480 seconds
38.794: [Full GC [PSYoungGen: 42934K->0K(50176K)] [ParOldGen: 75695K->75696K(114176K)] 118630K->75696K(164352K) [PSPermGen: 5155K->5155K(21504K)], 0.0061890 secs] [Times: user=0.03 sys=0.00, real=0.01 secs] 
38.801: Total time for which application threads were stopped: 0.0063650 seconds, Stopping threads took: 0.0000740 seconds
39.359: Application time: 0.5588740 seconds
39.360: [Full GC [PSYoungGen: 42861K->0K(50176K)] [ParOldGen: 75696K->75696K(114176K)] 118558K->75696K(164352K) [PSPermGen: 5155K->5155K(21504K)], 0.0063660 secs] [Times: user=0.03 sys=0.00, real=0.00 secs] 
39.366: Total time for which application threads were stopped: 0.0065390 seconds, Stopping threads took: 0.0000740 seconds
39.821: Application time: 0.4550940 seconds
39.821: [Full GC [PSYoungGen: 42922K->0K(50176K)] [ParOldGen: 75696K->76290K(114176K)] 118618K->76290K(164352K) [PSPermGen: 5155K->5155K(21504K)], 0.0059490 secs] [Times: user=0.03 sys=0.01, real=0.00 secs] 
39.827: Total time for which application threads were stopped: 0.0060940 seconds, Stopping threads took: 0.0000510 seconds
40.381: Application time: 0.5540210 seconds
40.381: [Full GC [PSYoungGen: 42998K->0K(50176K)] [ParOldGen: 76290K->76227K(114176K)] 119288K->76227K(164352K) [PSPermGen: 5155K->5155K(21504K)], 0.0063050 secs] [Times: user=0.03 sys=0.00, real=0.00 secs] 
40.388: Total time for which application threads were stopped: 0.0064910 seconds, Stopping threads took: 0.0000810 seconds
40.918: Application time: 0.5306210 seconds
40.918: [Full GC [PSYoungGen: 42885K->0K(50176K)] [ParOldGen: 76227K->76164K(114176K)] 119112K->76164K(164352K) [PSPermGen: 5157K->5157K(21504K)], 0.0063740 secs] [Times: user=0.02 sys=0.00, real=0.01 secs] 
40.925: Total time for which application threads were stopped: 0.0065640 seconds, Stopping threads took: 0.0000900 seconds
41.457: Application time: 0.5325680 seconds
41.458: [Full GC [PSYoungGen: 42782K->0K(50176K)] [ParOldGen: 76164K->75697K(114176K)] 118946K->75697K(164352K) [PSPermGen: 5157K->5157K(21504K)], 0.0061680 secs] [Times: user=0.03 sys=0.00, real=0.01 secs] 
41.464: Total time for which application threads were stopped: 0.0063620 seconds, Stopping threads took: 0.0000840 seconds
42.008: Application time: 0.5438260 seconds
42.008: [Full GC [PSYoungGen: 42995K->0K(50176K)] [ParOldGen: 75697K->76227K(114176K)] 118693K->76227K(164352K) [PSPermGen: 5157K->5157K(21504K)], 0.0062660 secs] [Times: user=0.02 sys=0.00, real=0.01 secs] 
42.014: Total time for which application threads were stopped: 0.0064590 seconds, Stopping threads took: 0.0000910 seconds
42.564: Application time: 0.5502530 seconds
42.564: [Full GC [PSYoungGen: 43003K->0K(50176K)] [ParOldGen: 76227K->76093K(114176K)] 119231K->76093K(164352K) [PSPermGen: 5157K->5157K(21504K)], 0.0061270 secs] [Times: user=0.03 sys=0.00, real=0.00 secs] 
42.571: Total time for which application threads were stopped: 0.0063050 seconds, Stopping threads took: 0.0000750 seconds
43.116: Application time: 0.5450940 seconds
43.116: [Full GC [PSYoungGen: 42998K->0K(50176K)] [ParOldGen: 76093K->76030K(114176K)] 119092K->76030K(164352K) [PSPermGen: 5157K->5157K(21504K)], 0.0059870 secs] [Times: user=0.03 sys=0.00, real=0.01 secs] 
43.122: Total time for which application threads were stopped: 0.0061740 seconds, Stopping threads took: 0.0000860 seconds
43.640: Application time: 0.5177370 seconds
43.640: [Full GC [PSYoungGen: 43005K->0K(50176K)] [ParOldGen: 76030K->75896K(114176K)] 119036K->75896K(164352K) [PSPermGen: 5157K->5157K(21504K)], 0.0061760 secs] [Times: user=0.03 sys=0.00, real=0.00 secs] 
43.646: Total time for which application threads were stopped: 0.0063450 seconds, Stopping threads took: 0.0000710 seconds
44.143: Application time: 0.4972970 seconds
44.143: [Full GC [PSYoungGen: 42989K->0K(50176K)] [ParOldGen: 75896K->76426K(114176K)] 118885K->76426K(164352K) [PSPermGen: 5157K->5157K(21504K)], 0.0077630 secs] [Times: user=0.04 sys=0.00, real=0.00 secs] 
44.151: Total time for which application threads were stopped: 0.0079380 seconds, Stopping threads took: 0.0000770 seconds
44.681: Application time: 0.5299060 seconds
44.681: [Full GC [PSYoungGen: 43008K->0K(50176K)] [ParOldGen: 76426K->76031K(114176K)] 119434K->76031K(164352K) [PSPermGen: 5157K->5157K(21504K)], 0.0060990 secs] [Times: user=0.02 sys=0.00, real=0.00 secs] 
44.687: Total time for which application threads were stopped: 0.0062890 seconds, Stopping threads took: 0.0000910 seconds
45.210: Application time: 0.5226340 seconds
45.210: [Full GC [PSYoungGen: 42935K->0K(50176K)] [ParOldGen: 76031K->76166K(114176K)] 118967K->76166K(164352K) [PSPermGen: 5157K->5157K(21504K)], 0.0061270 secs] [Times: user=0.03 sys=0.00, real=0.01 secs] 
45.216: Total time for which application threads were stopped: 0.0063020 seconds, Stopping threads took: 0.0000720 seconds
45.758: Application time: 0.5417500 seconds
45.758: [Full GC [PSYoungGen: 42802K->0K(50176K)] [ParOldGen: 76166K->75699K(114176K)] 118969K->75699K(164352K) [PSPermGen: 5158K->5158K(21504K)], 0.0062200 secs] [Times: user=0.03 sys=0.00, real=0.01 secs] 
45.764: Total time for which application threads were stopped: 0.0063980 seconds, Stopping threads took: 0.0000750 seconds
46.307: Application time: 0.5425200 seconds
46.307: [Full GC [PSYoungGen: 42994K->0K(50176K)] [ParOldGen: 75699K->76167K(114176K)] 118693K->76167K(164352K) [PSPermGen: 5158K->5158K(21504K)], 0.0063590 secs] [Times: user=0.03 sys=0.00, real=0.01 secs] 
46.314: Total time for which application threads were stopped: 0.0065390 seconds, Stopping threads took: 0.0000790 seconds
46.875: Application time: 0.5613390 seconds
46.875: [Full GC [PSYoungGen: 42807K->0K(50176K)] [ParOldGen: 76167K->75699K(114176K)] 118974K->75699K(164352K) [PSPermGen: 5158K->5158K(21504K)], 0.0057980 secs] [Times: user=0.03 sys=0.00, real=0.01 secs] 
46.881: Total time for which application threads were stopped: 0.0059870 seconds, Stopping threads took: 0.0000880 seconds
47.407: Application time: 0.5257310 seconds
47.407: Total time for which application threads were stopped: 0.0001040 seconds, Stopping threads took: 0.0000620 seconds
47.409: Application time: 0.0024520 seconds
47.409: [Full GC [PSYoungGen: 42934K->0K(50176K)] [ParOldGen: 76508K->76095K(114176K)] 119442K->76095K(164352K) [PSPermGen: 5158K->5158K(21504K)], 0.0061480 secs] [Times: user=0.03 sys=0.00, real=0.01 secs] 
47.415: Total time for which application threads were stopped: 0.0063010 seconds, Stopping threads took: 0.0000680 seconds
48.003: Application time: 0.5877050 seconds
48.003: [Full GC [PSYoungGen: 43008K->0K(50176K)] [ParOldGen: 79224K->75305K(114176K)] 122232K->75305K(164352K) [PSPermGen: 5158K->5158K(21504K)], 0.0059850 secs] [Times: user=0.02 sys=0.00, real=0.00 secs] 
48.009: Total time for which application threads were stopped: 0.0061680 seconds, Stopping threads took: 0.0000750 seconds
48.501: Application time: 0.4912060 seconds
48.501: [Full GC [PSYoungGen: 42925K->0K(50176K)] [ParOldGen: 75305K->75701K(114176K)] 118230K->75701K(164352K) [PSPermGen: 5158K->5158K(21504K)], 0.0059980 secs] [Times: user=0.03 sys=0.00, real=0.00 secs] 
48.507: Total time for which application threads were stopped: 0.0061750 seconds, Stopping threads took: 0.0000860 seconds
49.021: Application time: 0.5142530 seconds
49.021: [Full GC [PSYoungGen: 42865K->0K(50176K)] [ParOldGen: 75701K->75898K(114176K)] 118566K->75898K(164352K) [PSPermGen: 5158K->5158K(21504K)], 0.0061180 secs] [Times: user=0.03 sys=0.00, real=0.00 secs] 
49.027: Total time for which application threads were stopped: 0.0063030 seconds, Stopping threads took: 0.0000830 seconds
49.582: Application time: 0.5544340 seconds
49.582: [Full GC [PSYoungGen: 42948K->0K(50176K)] [ParOldGen: 75898K->75701K(114176K)] 118847K->75701K(164352K) [PSPermGen: 5158K->5158K(21504K)], 0.0059580 secs] [Times: user=0.03 sys=0.00, real=0.00 secs] 
49.588: Total time for which application threads were stopped: 0.0061470 seconds, Stopping threads took: 0.0000860 seconds
50.134: Application time: 0.5457190 seconds
50.134: [Full GC [PSYoungGen: 42844K->0K(50176K)] [ParOldGen: 75701K->75899K(114176K)] 118545K->75899K(164352K) [PSPermGen: 5158K->5158K(21504K)], 0.0060850 secs] [Times: user=0.03 sys=0.00, real=0.01 secs] 
50.140: Total time for which application threads were stopped: 0.0062590 seconds, Stopping threads took: 0.0000750 seconds
50.667: Application time: 0.5274550 seconds
50.667: Total time for which application threads were stopped: 0.0001070 seconds, Stopping threads took: 0.0000700 seconds
50.667: Application time: 0.0000610 seconds
50.668: [Full GC [PSYoungGen: 42863K->0K(50176K)] [ParOldGen: 76168K->75962K(114176K)] 119032K->75962K(164352K) [PSPermGen: 5158K->5158K(21504K)], 0.0058040 secs] [Times: user=0.02 sys=0.00, real=0.01 secs] 
50.673: Total time for which application threads were stopped: 0.0059340 seconds, Stopping threads took: 0.0000510 seconds
51.275: Application time: 0.6015470 seconds
51.275: [Full GC [PSYoungGen: 43008K->0K(50176K)] [ParOldGen: 81731K->75899K(114176K)] 124739K->75899K(164352K) [PSPermGen: 5158K->5158K(21504K)], 0.0061130 secs] [Times: user=0.03 sys=0.00, real=0.01 secs] 
51.281: Total time for which application threads were stopped: 0.0062880 seconds, Stopping threads took: 0.0000760 seconds
51.849: Application time: 0.5673660 seconds
51.849: [Full GC [PSYoungGen: 42876K->0K(50176K)] [ParOldGen: 75899K->75306K(114176K)] 118776K->75306K(164352K) [PSPermGen: 5158K->5158K(21504K)], 0.0058430 secs] [Times: user=0.03 sys=0.00, real=0.01 secs] 
51.855: Total time for which application threads were stopped: 0.0060200 seconds, Stopping threads took: 0.0000750 seconds
52.363: Application time: 0.5086590 seconds
52.363: [Full GC [PSYoungGen: 42982K->0K(50176K)] [ParOldGen: 75306K->76367K(114176K)] 118289K->76367K(164352K) [PSPermGen: 5158K->5158K(21504K)], 0.0063520 secs] [Times: user=0.03 sys=0.00, real=0.00 secs] 
52.370: Total time for which application threads were stopped: 0.0065260 seconds, Stopping threads took: 0.0000600 seconds
52.913: Application time: 0.5432980 seconds
52.913: [Full GC [PSYoungGen: 42998K->0K(50176K)] [ParOldGen: 76367K->76098K(114176K)] 119366K->76098K(164352K) [PSPermGen: 5158K->5158K(21504K)], 0.0060990 secs] [Times: user=0.03 sys=0.00, real=0.00 secs] 
52.919: Total time for which application threads were stopped: 0.0062980 seconds, Stopping threads took: 0.0000900 seconds
53.439: Application time: 0.5192860 seconds
53.439: [Full GC [PSYoungGen: 43000K->0K(50176K)] [ParOldGen: 76098K->76170K(114176K)] 119098K->76170K(164352K) [PSPermGen: 5158K->5158K(21504K)], 0.0060850 secs] [Times: user=0.03 sys=0.00, real=0.01 secs] 
53.445: Total time for which application threads were stopped: 0.0062620 seconds, Stopping threads took: 0.0000820 seconds
53.939: Application time: 0.4936110 seconds
53.939: [Full GC [PSYoungGen: 42803K->0K(50176K)] [ParOldGen: 76170K->75703K(114176K)] 118973K->75703K(164352K) [PSPermGen: 5158K->5158K(21504K)], 0.0059190 secs] [Times: user=0.02 sys=0.00, real=0.01 secs] 
53.945: Total time for which application threads were stopped: 0.0060940 seconds, Stopping threads took: 0.0000840 seconds
54.523: Application time: 0.5784360 seconds
54.523: [Full GC [PSYoungGen: 42898K->0K(50176K)] [ParOldGen: 75703K->76296K(114176K)] 118601K->76296K(164352K) [PSPermGen: 5158K->5158K(21504K)], 0.0061340 secs] [Times: user=0.02 sys=0.00, real=0.00 secs] 
54.529: Total time for which application threads were stopped: 0.0063410 seconds, Stopping threads took: 0.0001030 seconds
55.036: Application time: 0.5062730 seconds
55.036: [Full GC [PSYoungGen: 42883K->0K(50176K)] [ParOldGen: 76296K->76296K(114176K)] 119180K->76296K(164352K) [PSPermGen: 5158K->5158K(21504K)], 0.0063400 secs] [Times: user=0.03 sys=0.00, real=0.01 secs] 
55.042: Total time for which application threads were stopped: 0.0065140 seconds, Stopping threads took: 0.0000760 seconds
55.601: Application time: 0.5591400 seconds
55.602: Total time for which application threads were stopped: 0.0001110 seconds, Stopping threads took: 0.0000740 seconds
55.602: Application time: 0.0004630 seconds
55.602: [Full GC [PSYoungGen: 42937K->0K(50176K)] [ParOldGen: 76431K->76099K(114176K)] 119369K->76099K(164352K) [PSPermGen: 5158K->5158K(21504K)], 0.0062580 secs] [Times: user=0.03 sys=0.00, real=0.00 secs] 
55.608: Total time for which application threads were stopped: 0.0063870 seconds, Stopping threads took: 0.0000430 seconds
56.204: Application time: 0.5952300 seconds
56.204: [Full GC [PSYoungGen: 43008K->0K(50176K)] [ParOldGen: 81328K->75704K(114176K)] 124336K->75704K(164352K) [PSPermGen: 5158K->5158K(21504K)], 0.0062440 secs] [Times: user=0.03 sys=0.00, real=0.00 secs] 
56.210: Total time for which application threads were stopped: 0.0064280 seconds, Stopping threads took: 0.0000810 seconds
56.774: Application time: 0.5635360 seconds
56.774: [Full GC [PSYoungGen: 42989K->0K(50176K)] [ParOldGen: 75704K->76234K(114176K)] 118694K->76234K(164352K) [PSPermGen: 5158K->5158K(21504K)], 0.0061130 secs] [Times: user=0.03 sys=0.00, real=0.01 secs] 
56.780: Total time for which application threads were stopped: 0.0062800 seconds, Stopping threads took: 0.0000600 seconds
57.280: Application time: 0.5004280 seconds
57.280: [Full GC [PSYoungGen: 42797K->0K(50176K)] [ParOldGen: 76234K->76298K(114176K)] 119031K->76298K(164352K) [PSPermGen: 5158K->5158K(21504K)], 0.0062370 secs] [Times: user=0.03 sys=0.00, real=0.00 secs] 
57.287: Total time for which application threads were stopped: 0.0064070 seconds, Stopping threads took: 0.0000740 seconds
57.821: Application time: 0.5344620 seconds
57.821: Total time for which application threads were stopped: 0.0001110 seconds, Stopping threads took: 0.0000740 seconds
57.822: Application time: 0.0002880 seconds
57.822: [Full GC [PSYoungGen: 43007K->0K(50176K)] [ParOldGen: 76567K->75902K(114176K)] 119574K->75902K(164352K) [PSPermGen: 5158K->5158K(21504K)], 0.0061320 secs] [Times: user=0.03 sys=0.00, real=0.00 secs] 
57.828: Total time for which application threads were stopped: 0.0062580 seconds, Stopping threads took: 0.0000450 seconds
58.383: Application time: 0.5549240 seconds
58.383: Total time for which application threads were stopped: 0.0001050 seconds, Stopping threads took: 0.0000730 seconds
58.384: Application time: 0.0011780 seconds
58.384: [Full GC [PSYoungGen: 43008K->0K(50176K)] [ParOldGen: 77209K->75507K(114176K)] 120217K->75507K(164352K) [PSPermGen: 5158K->5158K(21504K)], 0.0060130 secs] [Times: user=0.03 sys=0.00, real=0.00 secs] 
58.390: Total time for which application threads were stopped: 0.0061560 seconds, Stopping threads took: 0.0000590 seconds
59.000: Application time: 0.6098240 seconds
59.000: [Full GC [PSYoungGen: 43007K->0K(50176K)] [ParOldGen: 81935K->75903K(114176K)] 124943K->75903K(164352K) [PSPermGen: 5158K->5158K(21504K)], 0.0061410 secs] [Times: user=0.02 sys=0.00, real=0.00 secs] 
59.006: Total time for which application threads were stopped: 0.0063290 seconds, Stopping threads took: 0.0000790 seconds
59.513: Application time: 0.5067940 seconds
59.513: [Full GC [PSYoungGen: 42996K->0K(50176K)] [ParOldGen: 75903K->76101K(114176K)] 118899K->76101K(164352K) [PSPermGen: 5158K->5158K(21504K)], 0.0063330 secs] [Times: user=0.02 sys=0.00, real=0.01 secs] 
59.520: Total time for which application threads were stopped: 0.0065300 seconds, Stopping threads took: 0.0000950 seconds
60.089: Application time: 0.5692040 seconds
60.089: Total time for which application threads were stopped: 0.0001250 seconds, Stopping threads took: 0.0000930 seconds
60.089: Application time: 0.0002340 seconds
60.089: [Full GC [PSYoungGen: 43004K->0K(50176K)] [ParOldGen: 76505K->75903K(114176K)] 119510K->75903K(164352K) [PSPermGen: 5158K->5158K(21504K)], 0.0061760 secs] [Times: user=0.03 sys=0.00, real=0.01 secs] 
60.096: Total time for which application threads were stopped: 0.0062970 seconds, Stopping threads took: 0.0000340 seconds
60.679: Application time: 0.5836440 seconds
60.679: [Full GC [PSYoungGen: 43008K->0K(50176K)] [ParOldGen: 79230K->75484K(114176K)] 122238K->75484K(164352K) [PSPermGen: 5158K->5158K(21504K)], 0.0061100 secs] [Times: user=0.03 sys=0.00, real=0.01 secs] 
60.685: Total time for which application threads were stopped: 0.0062830 seconds, Stopping threads took: 0.0000760 seconds
61.191: Application time: 0.5050440 seconds
61.191: [Full GC [PSYoungGen: 42984K->0K(50176K)] [ParOldGen: 75484K->76569K(114176K)] 118468K->76569K(164352K) [PSPermGen: 5158K->5158K(21504K)], 0.0060440 secs] [Times: user=0.02 sys=0.00, real=0.01 secs] 
61.197: Total time for which application threads were stopped: 0.0062300 seconds, Stopping threads took: 0.0000860 seconds
61.766: Application time: 0.5695350 seconds
61.766: [Full GC [PSYoungGen: 42948K->0K(50176K)] [ParOldGen: 76569K->75446K(114176K)] 119517K->75446K(164352K) [PSPermGen: 5158K->5158K(21504K)], 0.0058680 secs] [Times: user=0.02 sys=0.00, real=0.01 secs] 
61.772: Total time for which application threads were stopped: 0.0060540 seconds, Stopping threads took: 0.0000810 seconds
62.293: Application time: 0.5205680 seconds
62.293: [Full GC [PSYoungGen: 42991K->0K(50176K)] [ParOldGen: 75446K->75707K(114176K)] 118437K->75707K(164352K) [PSPermGen: 5158K->5158K(21504K)], 0.0061980 secs] [Times: user=0.03 sys=0.00, real=0.00 secs] 
62.299: Total time for which application threads were stopped: 0.0063730 seconds, Stopping threads took: 0.0000740 seconds
62.808: Application time: 0.5085560 seconds
62.808: [Full GC [PSYoungGen: 42924K->0K(50176K)] [ParOldGen: 75707K->76372K(114176K)] 118632K->76372K(164352K) [PSPermGen: 5158K->5158K(21504K)], 0.0062090 secs] [Times: user=0.03 sys=0.00, real=0.01 secs] 
62.814: Total time for which application threads were stopped: 0.0063900 seconds, Stopping threads took: 0.0000810 seconds
63.360: Application time: 0.5461940 seconds
63.361: [Full GC [PSYoungGen: 42863K->0K(50176K)] [ParOldGen: 76372K->75905K(114176K)] 119235K->75905K(164352K) [PSPermGen: 5158K->5158K(21504K)], 0.0063090 secs] [Times: user=0.03 sys=0.00, real=0.00 secs] 
63.367: Total time for which application threads were stopped: 0.0065020 seconds, Stopping threads took: 0.0000970 seconds
63.862: Application time: 0.4947660 seconds
63.862: [Full GC [PSYoungGen: 42927K->0K(50176K)] [ParOldGen: 75905K->76372K(114176K)] 118832K->76372K(164352K) [PSPermGen: 5158K->5158K(21504K)], 0.0060270 secs] [Times: user=0.03 sys=0.00, real=0.00 secs] 
63.868: Total time for which application threads were stopped: 0.0062120 seconds, Stopping threads took: 0.0000850 seconds
64.425: Application time: 0.5568940 seconds
64.425: [Full GC [PSYoungGen: 42760K->0K(50176K)] [ParOldGen: 76372K->76103K(114176K)] 119133K->76103K(164352K) [PSPermGen: 5158K->5158K(21504K)], 0.0060000 secs] [Times: user=0.03 sys=0.00, real=0.00 secs] 
64.431: Total time for which application threads were stopped: 0.0061930 seconds, Stopping threads took: 0.0000940 seconds
64.970: Application time: 0.5392020 seconds
64.970: [Full GC [PSYoungGen: 42966K->0K(50176K)] [ParOldGen: 76103K->75906K(114176K)] 119070K->75906K(164352K) [PSPermGen: 5158K->5158K(21504K)], 0.0061570 secs] [Times: user=0.03 sys=0.00, real=0.01 secs] 
64.977: Total time for which application threads were stopped: 0.0063260 seconds, Stopping threads took: 0.0000710 seconds
65.519: Application time: 0.5421010 seconds
65.519: Total time for which application threads were stopped: 0.0000930 seconds, Stopping threads took: 0.0000620 seconds
65.519: Application time: 0.0000340 seconds
65.519: [Full GC [PSYoungGen: 42926K->0K(50176K)] [ParOldGen: 76040K->76301K(114176K)] 118967K->76301K(164352K) [PSPermGen: 5158K->5158K(21504K)], 0.0059930 secs] [Times: user=0.03 sys=0.00, real=0.01 secs] 
65.525: Total time for which application threads were stopped: 0.0061190 seconds, Stopping threads took: 0.0000460 seconds
66.105: Application time: 0.5804610 seconds
66.105: [Full GC [PSYoungGen: 43008K->0K(50176K)] [ParOldGen: 79287K->75511K(114176K)] 122295K->75511K(164352K) [PSPermGen: 5158K->5158K(21504K)], 0.0061910 secs] [Times: user=0.03 sys=0.00, real=0.01 secs] 
66.112: Total time for which application threads were stopped: 0.0063700 seconds, Stopping threads took: 0.0000780 seconds
66.651: Application time: 0.5390180 seconds
66.651: [Full GC [PSYoungGen: 42924K->0K(50176K)] [ParOldGen: 75511K->76176K(114176K)] 118436K->76176K(164352K) [PSPermGen: 5158K->5158K(21504K)], 0.0061070 secs] [Times: user=0.03 sys=0.00, real=0.01 secs] 
66.657: Total time for which application threads were stopped: 0.0062990 seconds, Stopping threads took: 0.0000900 seconds
67.172: Application time: 0.5154440 seconds
67.173: [Full GC [PSYoungGen: 42991K->0K(50176K)] [ParOldGen: 76176K->76239K(114176K)] 119167K->76239K(164352K) [PSPermGen: 5158K->5158K(21504K)], 0.0061470 secs] [Times: user=0.03 sys=0.00, real=0.00 secs] 
67.179: Total time for which application threads were stopped: 0.0063340 seconds, Stopping threads took: 0.0000860 seconds
67.713: Application time: 0.5344200 seconds
67.713: [Full GC [PSYoungGen: 42943K->0K(50176K)] [ParOldGen: 76239K->75314K(114176K)] 119182K->75314K(164352K) [PSPermGen: 5158K->5158K(21504K)], 0.0061900 secs] [Times: user=0.03 sys=0.00, real=0.01 secs] 
67.720: Total time for which application threads were stopped: 0.0063880 seconds, Stopping threads took: 0.0000860 seconds
68.227: Application time: 0.5074250 seconds
68.227: [Full GC [PSYoungGen: 42788K->0K(50176K)] [ParOldGen: 75314K->75907K(114176K)] 118102K->75907K(164352K) [PSPermGen: 5158K->5158K(21504K)], 0.0061790 secs] [Times: user=0.03 sys=0.00, real=0.01 secs] 
68.233: Total time for which application threads were stopped: 0.0063620 seconds, Stopping threads took: 0.0000820 seconds
68.759: Application time: 0.5258350 seconds
68.759: [Full GC [PSYoungGen: 42993K->0K(50176K)] [ParOldGen: 75907K->76105K(114176K)] 118900K->76105K(164352K) [PSPermGen: 5158K->5158K(21504K)], 0.0062620 secs] [Times: user=0.02 sys=0.00, real=0.01 secs] 
68.766: Total time for which application threads were stopped: 0.0064410 seconds, Stopping threads took: 0.0000780 seconds
69.319: Application time: 0.5528290 seconds
69.319: Total time for which application threads were stopped: 0.0001030 seconds, Stopping threads took: 0.0000720 seconds
69.319: Application time: 0.0007860 seconds
69.320: [Full GC [PSYoungGen: 42953K->0K(50176K)] [ParOldGen: 76509K->75710K(114176K)] 119463K->75710K(164352K) [PSPermGen: 5158K->5158K(21504K)], 0.0060920 secs] [Times: user=0.03 sys=0.00, real=0.00 secs] 
69.326: Total time for which application threads were stopped: 0.0062400 seconds, Stopping threads took: 0.0000620 seconds
69.925: Application time: 0.5997610 seconds
69.926: [Full GC [PSYoungGen: 43008K->0K(50176K)] [ParOldGen: 81250K->75908K(114176K)] 124258K->75908K(164352K) [PSPermGen: 5158K->5158K(21504K)], 0.0063030 secs] [Times: user=0.03 sys=0.00, real=0.01 secs] 
69.932: Total time for which application threads were stopped: 0.0064810 seconds, Stopping threads took: 0.0000770 seconds
70.455: Application time: 0.5225800 seconds
70.455: [Full GC [PSYoungGen: 42936K->0K(50176K)] [ParOldGen: 75908K->75980K(114176K)] 118845K->75980K(164352K) [PSPermGen: 5158K->5158K(21504K)], 0.0061890 secs] [Times: user=0.03 sys=0.00, real=0.01 secs] 
70.461: Total time for which application threads were stopped: 0.0063760 seconds, Stopping threads took: 0.0000880 seconds
71.018: Application time: 0.5572110 seconds
71.018: [Full GC [PSYoungGen: 42862K->0K(50176K)] [ParOldGen: 75980K->75513K(114176K)] 118842K->75513K(164352K) [PSPermGen: 5158K->5158K(21504K)], 0.0063150 secs] [Times: user=0.03 sys=0.00, real=0.01 secs] 
71.025: Total time for which application threads were stopped: 0.0065240 seconds, Stopping threads took: 0.0000820 seconds
71.552: Application time: 0.5276180 seconds
71.552: [Full GC [PSYoungGen: 42986K->0K(50176K)] [ParOldGen: 75513K->76043K(114176K)] 118500K->76043K(164352K) [PSPermGen: 5158K->5158K(21504K)], 0.0061530 secs] [Times: user=0.03 sys=0.00, real=0.00 secs] 
71.559: Total time for which application threads were stopped: 0.0063270 seconds, Stopping threads took: 0.0000720 seconds
72.069: Application time: 0.5103160 seconds
72.069: [Full GC [PSYoungGen: 42985K->0K(50176K)] [ParOldGen: 76043K->76304K(114176K)] 119029K->76304K(164352K) [PSPermGen: 5158K->5158K(21504K)], 0.0063350 secs] [Times: user=0.03 sys=0.00, real=0.01 secs] 
72.075: Total time for which application threads were stopped: 0.0065120 seconds, Stopping threads took: 0.0000740 seconds
72.626: Application time: 0.5504270 seconds
72.626: Total time for which application threads were stopped: 0.0001180 seconds, Stopping threads took: 0.0000830 seconds
72.627: Application time: 0.0005790 seconds
72.627: [Full GC [PSYoungGen: 43004K->0K(50176K)] [ParOldGen: 76376K->75711K(114176K)] 119380K->75711K(164352K) [PSPermGen: 5158K->5158K(21504K)], 0.0060550 secs] [Times: user=0.03 sys=0.00, real=0.01 secs] 
72.633: Total time for which application threads were stopped: 0.0061870 seconds, Stopping threads took: 0.0000520 seconds
73.169: Application time: 0.5359700 seconds
73.169: [Full GC [PSYoungGen: 43008K->0K(50176K)] [ParOldGen: 76890K->75935K(114176K)] 119898K->75935K(164352K) [PSPermGen: 5158K->5158K(21504K)], 0.0059900 secs] [Times: user=0.03 sys=0.00, real=0.01 secs] 
73.175: Total time for which application threads were stopped: 0.0061590 seconds, Stopping threads took: 0.0000680 seconds
73.687: Application time: 0.5118630 seconds
73.687: Total time for which application threads were stopped: 0.0001150 seconds, Stopping threads took: 0.0000790 seconds
73.689: Application time: 0.0018460 seconds
73.689: [Full GC [PSYoungGen: 42888K->0K(50176K)] [ParOldGen: 76069K->76107K(114176K)] 118958K->76107K(164352K) [PSPermGen: 5158K->5158K(21504K)], 0.0059440 secs] [Times: user=0.02 sys=0.00, real=0.01 secs] 
73.695: Total time for which application threads were stopped: 0.0060770 seconds, Stopping threads took: 0.0000530 seconds
74.299: Application time: 0.6044280 seconds
74.299: Total time for which application threads were stopped: 0.0000850 seconds, Stopping threads took: 0.0000550 seconds
74.299: Application time: 0.0001130 seconds
74.299: [Full GC [PSYoungGen: 43008K->0K(50176K)] [ParOldGen: 80951K->75514K(114176K)] 123959K->75514K(164352K) [PSPermGen: 5158K->5158K(21504K)], 0.0060060 secs] [Times: user=0.03 sys=0.00, real=0.00 secs] 
74.306: Total time for which application threads were stopped: 0.0061340 seconds, Stopping threads took: 0.0000470 seconds
74.913: Application time: 0.6079470 seconds
74.914: [Full GC [PSYoungGen: 43008K->0K(50176K)] [ParOldGen: 81530K->75982K(114176K)] 124538K->75982K(164352K) [PSPermGen: 5158K->5158K(21504K)], 0.0060760 secs] [Times: user=0.03 sys=0.00, real=0.01 secs] 
74.920: Total time for which application threads were stopped: 0.0062540 seconds, Stopping threads took: 0.0000740 seconds
75.465: Application time: 0.5456020 seconds
75.465: Total time for which application threads were stopped: 0.0000850 seconds, Stopping threads took: 0.0000510 seconds
75.466: Application time: 0.0010630 seconds
75.467: [Full GC [PSYoungGen: 42873K->0K(50176K)] [ParOldGen: 76386K->76306K(114176K)] 119260K->76306K(164352K) [PSPermGen: 5158K->5158K(21504K)], 0.0062060 secs] [Times: user=0.03 sys=0.00, real=0.01 secs] 
75.473: Total time for which application threads were stopped: 0.0063400 seconds, Stopping threads took: 0.0000450 seconds
76.071: Application time: 0.5977480 seconds
76.071: [Full GC [PSYoungGen: 43008K->0K(50176K)] [ParOldGen: 82060K->75911K(114176K)] 125068K->75911K(164352K) [PSPermGen: 5158K->5158K(21504K)], 0.0061310 secs] [Times: user=0.03 sys=0.00, real=0.01 secs] 
76.077: Total time for which application threads were stopped: 0.0062900 seconds, Stopping threads took: 0.0000570 seconds
76.626: Application time: 0.5489930 seconds
76.626: [Full GC [PSYoungGen: 42862K->0K(50176K)] [ParOldGen: 75911K->75911K(114176K)] 118773K->75911K(164352K) [PSPermGen: 5158K->5158K(21504K)], 0.0059470 secs] [Times: user=0.02 sys=0.00, real=0.01 secs] 
76.632: Total time for which application threads were stopped: 0.0061100 seconds, Stopping threads took: 0.0000640 seconds
77.196: Application time: 0.5644490 seconds
77.197: [Full GC [PSYoungGen: 42926K->0K(50176K)] [ParOldGen: 75911K->75714K(114176K)] 118837K->75714K(164352K) [PSPermGen: 5158K->5158K(21504K)], 0.0062440 secs] [Times: user=0.03 sys=0.00, real=0.01 secs] 
77.203: Total time for which application threads were stopped: 0.0064300 seconds, Stopping threads took: 0.0000840 seconds
77.713: Application time: 0.5097680 seconds
77.713: [Full GC [PSYoungGen: 42871K->0K(50176K)] [ParOldGen: 75714K->75318K(114176K)] 118586K->75318K(164352K) [PSPermGen: 5158K->5158K(21504K)], 0.0058220 secs] [Times: user=0.03 sys=0.00, real=0.00 secs] 
77.719: Total time for which application threads were stopped: 0.0059890 seconds, Stopping threads took: 0.0000650 seconds
78.220: Application time: 0.5016890 seconds
78.220: Total time for which application threads were stopped: 0.0001180 seconds, Stopping threads took: 0.0000840 seconds
78.221: Application time: 0.0003050 seconds
78.221: [Full GC [PSYoungGen: 42986K->0K(50176K)] [ParOldGen: 75453K->75714K(114176K)] 118440K->75714K(164352K) [PSPermGen: 5158K->5158K(21504K)], 0.0062830 secs] [Times: user=0.03 sys=0.00, real=0.00 secs] 
78.227: Total time for which application threads were stopped: 0.0064290 seconds, Stopping threads took: 0.0000620 seconds
78.814: Application time: 0.5863800 seconds
78.814: [Full GC [PSYoungGen: 43008K->0K(50176K)] [ParOldGen: 79032K->75912K(114176K)] 122040K->75912K(164352K) [PSPermGen: 5158K->5158K(21504K)], 0.0060120 secs] [Times: user=0.03 sys=0.00, real=0.01 secs] 
78.820: Total time for which application threads were stopped: 0.0062090 seconds, Stopping threads took: 0.0000970 seconds
79.345: Application time: 0.5249220 seconds
79.345: [Full GC [PSYoungGen: 42905K->0K(50176K)] [ParOldGen: 75912K->75912K(114176K)] 118818K->75912K(164352K) [PSPermGen: 5158K->5158K(21504K)], 0.0061820 secs] [Times: user=0.03 sys=0.00, real=0.00 secs] 
79.351: Total time for which application threads were stopped: 0.0063650 seconds, Stopping threads took: 0.0000780 seconds
79.868: Application time: 0.5173250 seconds
79.868: [Full GC [PSYoungGen: 42882K->0K(50176K)] [ParOldGen: 75912K->75715K(114176K)] 118794K->75715K(164352K) [PSPermGen: 5158K->5158K(21504K)], 0.0061570 secs] [Times: user=0.03 sys=0.00, real=0.01 secs] 
79.875: Total time for which application threads were stopped: 0.0063330 seconds, Stopping threads took: 0.0000720 seconds
80.438: Application time: 0.5637270 seconds
80.439: [Full GC [PSYoungGen: 42945K->0K(50176K)] [ParOldGen: 75715K->75715K(114176K)] 118661K->75715K(164352K) [PSPermGen: 5158K->5158K(21504K)], 0.0057570 secs] [Times: user=0.03 sys=0.00, real=0.01 secs] 
80.444: Total time for which application threads were stopped: 0.0059370 seconds, Stopping threads took: 0.0000740 seconds
80.950: Application time: 0.5052370 seconds
80.950: [Full GC [PSYoungGen: 42841K->0K(50176K)] [ParOldGen: 75715K->75913K(114176K)] 118556K->75913K(164352K) [PSPermGen: 5158K->5158K(21504K)], 0.0060710 secs] [Times: user=0.03 sys=0.00, real=0.01 secs] 
80.956: Total time for which application threads were stopped: 0.0062420 seconds, Stopping threads took: 0.0000720 seconds
81.525: Application time: 0.5688170 seconds
81.525: [Full GC [PSYoungGen: 42997K->0K(50176K)] [ParOldGen: 75913K->75850K(114176K)] 118911K->75850K(164352K) [PSPermGen: 5158K->5158K(21504K)], 0.0060940 secs] [Times: user=0.03 sys=0.00, real=0.00 secs] 
81.531: Total time for which application threads were stopped: 0.0062810 seconds, Stopping threads took: 0.0000850 seconds
82.038: Application time: 0.5066400 seconds
82.038: [Full GC [PSYoungGen: 42988K->0K(50176K)] [ParOldGen: 75850K->75707K(114176K)] 118838K->75707K(164352K) [PSPermGen: 5158K->5158K(21504K)], 0.0060140 secs] [Times: user=0.03 sys=0.00, real=0.01 secs] 
82.044: Total time for which application threads were stopped: 0.0062190 seconds, Stopping threads took: 0.0001050 seconds
82.581: Application time: 0.5376650 seconds
82.582: Total time for which application threads were stopped: 0.0001300 seconds, Stopping threads took: 0.0000950 seconds
82.582: Application time: 0.0002750 seconds
82.582: [Full GC [PSYoungGen: 42932K->0K(50176K)] [ParOldGen: 75842K->76111K(114176K)] 118774K->76111K(164352K) [PSPermGen: 5158K->5158K(21504K)], 0.0063000 secs] [Times: user=0.03 sys=0.00, real=0.00 secs] 
82.588: Total time for which application threads were stopped: 0.0064290 seconds, Stopping threads took: 0.0000450 seconds
83.150: Application time: 0.5619540 seconds
83.150: [Full GC [PSYoungGen: 43008K->0K(50176K)] [ParOldGen: 78444K->76137K(114176K)] 121452K->76137K(164352K) [PSPermGen: 5158K->5158K(21504K)], 0.0063120 secs] [Times: user=0.03 sys=0.00, real=0.01 secs] 
83.157: Total time for which application threads were stopped: 0.0064850 seconds, Stopping threads took: 0.0000760 seconds
83.689: Application time: 0.5324050 seconds
83.689: [Full GC [PSYoungGen: 42966K->0K(50176K)] [ParOldGen: 76137K->75986K(114176K)] 119104K->75986K(164352K) [PSPermGen: 5158K->5158K(21504K)], 0.0059630 secs] [Times: user=0.03 sys=0.00, real=0.01 secs] 
83.695: Total time for which application threads were stopped: 0.0061420 seconds, Stopping threads took: 0.0000770 seconds
84.214: Application time: 0.5189280 seconds
84.214: [Full GC [PSYoungGen: 42973K->0K(50176K)] [ParOldGen: 75986K->76247K(114176K)] 118959K->76247K(164352K) [PSPermGen: 5158K->5158K(21504K)], 0.0063420 secs] [Times: user=0.03 sys=0.00, real=0.01 secs] 
84.221: Total time for which application threads were stopped: 0.0065190 seconds, Stopping threads took: 0.0000800 seconds
84.775: Application time: 0.5542290 seconds
84.775: [Full GC [PSYoungGen: 42960K->0K(50176K)] [ParOldGen: 76247K->75322K(114176K)] 119207K->75322K(164352K) [PSPermGen: 5158K->5158K(21504K)], 0.0061650 secs] [Times: user=0.03 sys=0.00, real=0.01 secs] 
84.781: Total time for which application threads were stopped: 0.0063400 seconds, Stopping threads took: 0.0000720 seconds
85.305: Application time: 0.5240880 seconds
85.306: [Full GC [PSYoungGen: 42852K->0K(50176K)] [ParOldGen: 75322K->75915K(114176K)] 118174K->75915K(164352K) [PSPermGen: 5158K->5158K(21504K)], 0.0061900 secs] [Times: user=0.03 sys=0.00, real=0.01 secs] 
85.312: Total time for which application threads were stopped: 0.0063650 seconds, Stopping threads took: 0.0000750 seconds
85.873: Application time: 0.5615580 seconds
85.873: Total time for which application threads were stopped: 0.0001160 seconds, Stopping threads took: 0.0000800 seconds
85.874: Application time: 0.0009440 seconds
85.874: [Full GC [PSYoungGen: 42999K->0K(50176K)] [ParOldGen: 76050K->75511K(114176K)] 119049K->75511K(164352K) [PSPermGen: 5158K->5158K(21504K)], 0.0060920 secs] [Times: user=0.03 sys=0.00, real=0.01 secs] 
85.881: Total time for which application threads were stopped: 0.0062050 seconds, Stopping threads took: 0.0000340 seconds
86.478: Application time: 0.5977670 seconds
86.479: Total time for which application threads were stopped: 0.0001300 seconds, Stopping threads took: 0.0000940 seconds
86.480: Application time: 0.0010300 seconds
86.480: [Full GC [PSYoungGen: 43008K->0K(50176K)] [ParOldGen: 80465K->75520K(114176K)] 123473K->75520K(164352K) [PSPermGen: 5158K->5158K(21504K)], 0.0061020 secs] [Times: user=0.03 sys=0.00, real=0.00 secs] 
86.486: Total time for which application threads were stopped: 0.0062880 seconds, Stopping threads took: 0.0000900 seconds
87.090: Application time: 0.6038080 seconds
87.090: Total time for which application threads were stopped: 0.0001100 seconds, Stopping threads took: 0.0000780 seconds
87.090: Application time: 0.0000530 seconds
87.090: [Full GC [PSYoungGen: 43008K->0K(50176K)] [ParOldGen: 82035K->75386K(114176K)] 125043K->75386K(164352K) [PSPermGen: 5158K->5158K(21504K)], 0.0060220 secs] [Times: user=0.03 sys=0.00, real=0.01 secs] 
87.096: Total time for which application threads were stopped: 0.0061760 seconds, Stopping threads took: 0.0000710 seconds
87.702: Application time: 0.6060760 seconds
87.702: [Full GC [PSYoungGen: 43008K->0K(50176K)] [ParOldGen: 79862K->75323K(114176K)] 122870K->75323K(164352K) [PSPermGen: 5158K->5158K(21504K)], 0.0061630 secs] [Times: user=0.03 sys=0.00, real=0.00 secs] 
87.708: Total time for which application threads were stopped: 0.0063520 seconds, Stopping threads took: 0.0000860 seconds
88.192: Application time: 0.4839340 seconds
88.193: [Full GC [PSYoungGen: 42927K->0K(50176K)] [ParOldGen: 75323K->75325K(114176K)] 118250K->75325K(164352K) [PSPermGen: 5158K->5158K(21504K)], 0.0061920 secs] [Times: user=0.02 sys=0.00, real=0.00 secs] 
88.199: Total time for which application threads were stopped: 0.0063760 seconds, Stopping threads took: 0.0000860 seconds
88.731: Application time: 0.5323190 seconds
88.731: [Full GC [PSYoungGen: 42913K->0K(50176K)] [ParOldGen: 75325K->76385K(114176K)] 118238K->76385K(164352K) [PSPermGen: 5158K->5158K(21504K)], 0.0063650 secs] [Times: user=0.03 sys=0.00, real=0.01 secs] 
88.738: Total time for which application threads were stopped: 0.0065410 seconds, Stopping threads took: 0.0000780 seconds
89.288: Application time: 0.5500830 seconds
89.288: [Full GC [PSYoungGen: 42901K->0K(50176K)] [ParOldGen: 76385K->75721K(114176K)] 119286K->75721K(164352K) [PSPermGen: 5158K->5158K(21504K)], 0.0062380 secs] [Times: user=0.03 sys=0.00, real=0.01 secs] 
89.294: Total time for which application threads were stopped: 0.0064060 seconds, Stopping threads took: 0.0000710 seconds
89.782: Application time: 0.4883560 seconds
89.783: [Full GC [PSYoungGen: 42891K->0K(50176K)] [ParOldGen: 75721K->76386K(114176K)] 118612K->76386K(164352K) [PSPermGen: 5158K->5158K(21504K)], 0.0061630 secs] [Times: user=0.03 sys=0.00, real=0.00 secs] 
89.789: Total time for which application threads were stopped: 0.0063390 seconds, Stopping threads took: 0.0000870 seconds
90.350: Application time: 0.5609570 seconds
90.350: [Full GC [PSYoungGen: 42965K->0K(50176K)] [ParOldGen: 76386K->75721K(114176K)] 119352K->75721K(164352K) [PSPermGen: 5158K->5158K(21504K)], 0.0060790 secs] [Times: user=0.03 sys=0.00, real=0.01 secs] 
90.356: Total time for which application threads were stopped: 0.0062490 seconds, Stopping threads took: 0.0000750 seconds
90.862: Application time: 0.5061510 seconds
90.862: Total time for which application threads were stopped: 0.0000980 seconds, Stopping threads took: 0.0000680 seconds
90.862: Application time: 0.0000590 seconds
90.862: [Full GC [PSYoungGen: 42758K->0K(50176K)] [ParOldGen: 75991K->75982K(114176K)] 118749K->75982K(164352K) [PSPermGen: 5158K->5158K(21504K)], 0.0062890 secs] [Times: user=0.03 sys=0.00, real=0.00 secs] 
90.869: Total time for which application threads were stopped: 0.0064260 seconds, Stopping threads took: 0.0000510 seconds
91.454: Application time: 0.5848240 seconds
91.454: Total time for which application threads were stopped: 0.0001090 seconds, Stopping threads took: 0.0000730 seconds
91.454: Application time: 0.0004510 seconds
91.454: [Full GC [PSYoungGen: 43008K->0K(50176K)] [ParOldGen: 78833K->75721K(114176K)] 121841K->75721K(164352K) [PSPermGen: 5158K->5158K(21504K)], 0.0060030 secs] [Times: user=0.02 sys=0.00, real=0.01 secs] 
91.460: Total time for which application threads were stopped: 0.0061310 seconds, Stopping threads took: 0.0000450 seconds
92.038: Application time: 0.5778340 seconds
92.038: [Full GC [PSYoungGen: 43008K->0K(50176K)] [ParOldGen: 78492K->75920K(114176K)] 121500K->75920K(164352K) [PSPermGen: 5158K->5158K(21504K)], 0.0067490 secs] [Times: user=0.03 sys=0.00, real=0.01 secs] 
92.045: Total time for which application threads were stopped: 0.0069190 seconds, Stopping threads took: 0.0000720 seconds
92.586: Application time: 0.5408410 seconds
92.586: Total time for which application threads were stopped: 0.0001090 seconds, Stopping threads took: 0.0000720 seconds
92.587: Application time: 0.0007980 seconds
92.587: [Full GC [PSYoungGen: 42921K->0K(50176K)] [ParOldGen: 76054K->76315K(114176K)] 118976K->76315K(164352K) [PSPermGen: 5158K->5158K(21504K)], 0.0058970 secs] [Times: user=0.03 sys=0.00, real=0.01 secs] 
92.593: Total time for which application threads were stopped: 0.0060280 seconds, Stopping threads took: 0.0000450 seconds
93.159: Application time: 0.5665450 seconds
93.159: [Full GC [PSYoungGen: 43008K->0K(50176K)] [ParOldGen: 80323K->75327K(114176K)] 123331K->75327K(164352K) [PSPermGen: 5158K->5158K(21504K)], 0.0062290 secs] [Times: user=0.03 sys=0.00, real=0.00 secs] 
93.166: Total time for which application threads were stopped: 0.0064210 seconds, Stopping threads took: 0.0000890 seconds
93.682: Application time: 0.5159390 seconds
93.682: [Full GC [PSYoungGen: 42979K->0K(50176K)] [ParOldGen: 75327K->76451K(114176K)] 118307K->76451K(164352K) [PSPermGen: 5158K->5158K(21504K)], 0.0064350 secs] [Times: user=0.03 sys=0.00, real=0.00 secs] 
93.688: Total time for which application threads were stopped: 0.0066080 seconds, Stopping threads took: 0.0000700 seconds
94.243: Application time: 0.5550620 seconds
94.244: Total time for which application threads were stopped: 0.0001120 seconds, Stopping threads took: 0.0000720 seconds
94.246: Application time: 0.0023910 seconds
94.246: [Full GC [PSYoungGen: 42975K->0K(50176K)] [ParOldGen: 76720K->74699K(114176K)] 119695K->74699K(164352K) [PSPermGen: 5158K->5158K(21504K)], 0.0217150 secs] [Times: user=0.14 sys=0.00, real=0.02 secs] 
94.268: Total time for which application threads were stopped: 0.0218540 seconds, Stopping threads took: 0.0000450 seconds
94.875: Application time: 0.6074640 seconds
94.875: Total time for which application threads were stopped: 0.0001280 seconds, Stopping threads took: 0.0000960 seconds
94.877: Application time: 0.0016540 seconds
94.877: [Full GC [PSYoungGen: 43008K->0K(50176K)] [ParOldGen: 81246K->74897K(114176K)] 124254K->74897K(164352K) [PSPermGen: 5158K->5158K(21504K)], 0.0046490 secs] [Times: user=0.01 sys=0.00, real=0.01 secs] 
94.882: Total time for which application threads were stopped: 0.0047830 seconds, Stopping threads took: 0.0000520 seconds
95.455: Application time: 0.5730080 seconds
95.455: [Full GC [PSYoungGen: 43008K->0K(50176K)] [ParOldGen: 78084K->74241K(114176K)] 121092K->74241K(164352K) [PSPermGen: 5158K->5158K(21504K)], 0.0050180 secs] [Times: user=0.01 sys=0.00, real=0.01 secs] 
95.460: Total time for which application threads were stopped: 0.0052060 seconds, Stopping threads took: 0.0000840 seconds
95.959: Application time: 0.4987670 seconds
95.959: [Full GC [PSYoungGen: 42925K->0K(50176K)] [ParOldGen: 74241K->75374K(114176K)] 117167K->75374K(164352K) [PSPermGen: 5158K->5158K(21504K)], 0.0050230 secs] [Times: user=0.02 sys=0.00, real=0.01 secs] 
95.964: Total time for which application threads were stopped: 0.0052340 seconds, Stopping threads took: 0.0001040 seconds
96.525: Application time: 0.5607340 seconds
96.525: Total time for which application threads were stopped: 0.0001070 seconds, Stopping threads took: 0.0000750 seconds
96.526: Application time: 0.0015210 seconds
96.526: [Full GC [PSYoungGen: 42978K->0K(50176K)] [ParOldGen: 75572K->74502K(114176K)] 118551K->74502K(164352K) [PSPermGen: 5158K->5158K(21504K)], 0.0049060 secs] [Times: user=0.02 sys=0.00, real=0.00 secs] 
96.531: Total time for which application threads were stopped: 0.0050340 seconds, Stopping threads took: 0.0000480 seconds
97.141: Application time: 0.6098650 seconds
97.141: Total time for which application threads were stopped: 0.0001040 seconds, Stopping threads took: 0.0000670 seconds
97.143: Application time: 0.0011670 seconds
97.143: [Full GC [PSYoungGen: 43008K->0K(50176K)] [ParOldGen: 81804K->74512K(114176K)] 124812K->74512K(164352K) [PSPermGen: 5158K->5158K(21504K)], 0.0049250 secs] [Times: user=0.02 sys=0.00, real=0.00 secs] 
97.148: Total time for which application threads were stopped: 0.0050670 seconds, Stopping threads took: 0.0000430 seconds
97.752: Application time: 0.6043730 seconds
97.752: [Full GC [PSYoungGen: 43008K->0K(50176K)] [ParOldGen: 79600K->74932K(114176K)] 122608K->74932K(164352K) [PSPermGen: 5158K->5158K(21504K)], 0.0046900 secs] [Times: user=0.02 sys=0.00, real=0.00 secs] 
97.757: Total time for which application threads were stopped: 0.0048680 seconds, Stopping threads took: 0.0000780 seconds
98.268: Application time: 0.5107040 seconds
98.268: [Full GC [PSYoungGen: 42984K->0K(50176K)] [ParOldGen: 74932K->75105K(114176K)] 117917K->75105K(164352K) [PSPermGen: 5158K->5158K(21504K)], 0.0049800 secs] [Times: user=0.02 sys=0.00, real=0.01 secs] 
98.273: Total time for which application threads were stopped: 0.0051490 seconds, Stopping threads took: 0.0000690 seconds
98.833: Application time: 0.5598300 seconds
98.833: [Full GC [PSYoungGen: 42936K->0K(50176K)] [ParOldGen: 75105K->75177K(114176K)] 118042K->75177K(164352K) [PSPermGen: 5158K->5158K(21504K)], 0.0050550 secs] [Times: user=0.02 sys=0.00, real=0.00 secs] 
98.838: Total time for which application threads were stopped: 0.0052390 seconds, Stopping threads took: 0.0000870 seconds
99.377: Application time: 0.5392430 seconds
99.377: Total time for which application threads were stopped: 0.0000900 seconds, Stopping threads took: 0.0000560 seconds
99.378: Application time: 0.0005990 seconds
99.378: [Full GC [PSYoungGen: 42998K->0K(50176K)] [ParOldGen: 75851K->75106K(114176K)] 118850K->75106K(164352K) [PSPermGen: 5158K->5158K(21504K)], 0.0048480 secs] [Times: user=0.01 sys=0.00, real=0.01 secs] 
99.383: Total time for which application threads were stopped: 0.0049670 seconds, Stopping threads took: 0.0000400 seconds
100.000: Application time: 0.6173540 seconds
100.000: Total time for which application threads were stopped: 0.0000990 seconds, Stopping threads took: 0.0000660 seconds
100.002: Application time: 0.0016870 seconds
100.002: [Full GC [PSYoungGen: 43008K->0K(50176K)] [ParOldGen: 81493K->74504K(114176K)] 124501K->74504K(164352K) [PSPermGen: 5158K->5158K(21504K)], 0.0047710 secs] [Times: user=0.01 sys=0.00, real=0.00 secs] 
100.007: Total time for which application threads were stopped: 0.0048930 seconds, Stopping threads took: 0.0000440 seconds
100.610: Application time: 0.6034130 seconds
100.610: [Full GC [PSYoungGen: 43008K->0K(50176K)] [ParOldGen: 80407K->74783K(114176K)] 123415K->74783K(164352K) [PSPermGen: 5158K->5158K(21504K)], 0.0049350 secs] [Times: user=0.02 sys=0.00, real=0.01 secs] 
100.615: Total time for which application threads were stopped: 0.0051090 seconds, Stopping threads took: 0.0000730 seconds
101.121: Application time: 0.5056830 seconds
101.121: [Full GC [PSYoungGen: 42791K->0K(50176K)] [ParOldGen: 74783K->74909K(114176K)] 117574K->74909K(164352K) [PSPermGen: 5158K->5158K(21504K)], 0.0047500 secs] [Times: user=0.02 sys=0.00, real=0.00 secs] 
101.126: Total time for which application threads were stopped: 0.0049570 seconds, Stopping threads took: 0.0001060 seconds
101.681: Application time: 0.5546270 seconds
101.681: Total time for which application threads were stopped: 0.0001130 seconds, Stopping threads took: 0.0000790 seconds
101.682: Application time: 0.0010200 seconds
101.682: [Full GC [PSYoungGen: 42974K->0K(50176K)] [ParOldGen: 75107K->74307K(114176K)] 118082K->74307K(164352K) [PSPermGen: 5158K->5158K(21504K)], 0.0046290 secs] [Times: user=0.02 sys=0.00, real=0.00 secs] 
101.686: Total time for which application threads were stopped: 0.0047670 seconds, Stopping threads took: 0.0000570 seconds
102.296: Application time: 0.6099310 seconds
102.296: [Full GC [PSYoungGen: 43008K->0K(50176K)] [ParOldGen: 80854K->74712K(114176K)] 123862K->74712K(164352K) [PSPermGen: 5158K->5158K(21504K)], 0.0048260 secs] [Times: user=0.01 sys=0.00, real=0.01 secs] 
102.301: Total time for which application threads were stopped: 0.0049890 seconds, Stopping threads took: 0.0000640 seconds
102.820: Application time: 0.5185530 seconds
102.820: [Full GC [PSYoungGen: 42994K->0K(50176K)] [ParOldGen: 74712K->74712K(114176K)] 117706K->74712K(164352K) [PSPermGen: 5158K->5158K(21504K)], 0.0049470 secs] [Times: user=0.02 sys=0.00, real=0.00 secs] 
102.825: Total time for which application threads were stopped: 0.0051190 seconds, Stopping threads took: 0.0000730 seconds
103.355: Application time: 0.5298790 seconds
103.355: [Full GC [PSYoungGen: 42786K->0K(50176K)] [ParOldGen: 74712K->75305K(114176K)] 117498K->75305K(164352K) [PSPermGen: 5158K->5158K(21504K)], 0.0049640 secs] [Times: user=0.02 sys=0.00, real=0.01 secs] 
103.360: Total time for which application threads were stopped: 0.0051450 seconds, Stopping threads took: 0.0000820 seconds
103.900: Application time: 0.5400540 seconds
103.900: [Full GC [PSYoungGen: 42958K->0K(50176K)] [ParOldGen: 75305K->74712K(114176K)] 118263K->74712K(164352K) [PSPermGen: 5158K->5158K(21504K)], 0.0049310 secs] [Times: user=0.02 sys=0.00, real=0.00 secs] 
103.905: Total time for which application threads were stopped: 0.0051130 seconds, Stopping threads took: 0.0000800 seconds
104.440: Application time: 0.5344450 seconds
104.440: [Full GC [PSYoungGen: 42912K->0K(50176K)] [ParOldGen: 74712K->74587K(114176K)] 117625K->74587K(164352K) [PSPermGen: 5158K->5158K(21504K)], 0.0050950 secs] [Times: user=0.02 sys=0.00, real=0.00 secs] 
104.445: Total time for which application threads were stopped: 0.0052900 seconds, Stopping threads took: 0.0000950 seconds
105.003: Application time: 0.5584080 seconds
105.004: [Full GC [PSYoungGen: 42790K->0K(50176K)] [ParOldGen: 74587K->74713K(114176K)] 117378K->74713K(164352K) [PSPermGen: 5158K->5158K(21504K)], 0.0048480 secs] [Times: user=0.02 sys=0.00, real=0.00 secs] 
105.008: Total time for which application threads were stopped: 0.0050260 seconds, Stopping threads took: 0.0000780 seconds
105.523: Application time: 0.5148580 seconds
105.523: [Full GC [PSYoungGen: 42924K->0K(50176K)] [ParOldGen: 74713K->74713K(114176K)] 117638K->74713K(164352K) [PSPermGen: 5158K->5158K(21504K)], 0.0049440 secs] [Times: user=0.02 sys=0.00, real=0.00 secs] 
105.528: Total time for which application threads were stopped: 0.0051260 seconds, Stopping threads took: 0.0000820 seconds
106.052: Application time: 0.5237600 seconds
106.052: [Full GC [PSYoungGen: 42923K->0K(50176K)] [ParOldGen: 74713K->75181K(114176K)] 117637K->75181K(164352K) [PSPermGen: 5158K->5158K(21504K)], 0.0050600 secs] [Times: user=0.02 sys=0.00, real=0.00 secs] 
106.057: Total time for which application threads were stopped: 0.0052410 seconds, Stopping threads took: 0.0000760 seconds
106.590: Application time: 0.5330660 seconds
106.591: Total time for which application threads were stopped: 0.0000930 seconds, Stopping threads took: 0.0000570 seconds
106.591: Application time: 0.0000570 seconds
106.591: [Full GC [PSYoungGen: 42976K->0K(50176K)] [ParOldGen: 75315K->74839K(114176K)] 118291K->74839K(164352K) [PSPermGen: 5158K->5158K(21504K)], 0.0050550 secs] [Times: user=0.02 sys=0.00, real=0.01 secs] 
106.596: Total time for which application threads were stopped: 0.0051930 seconds, Stopping threads took: 0.0000580 seconds
107.201: Application time: 0.6053840 seconds
107.201: [Full GC [PSYoungGen: 43008K->0K(50176K)] [ParOldGen: 80761K->75109K(114176K)] 123769K->75109K(164352K) [PSPermGen: 5158K->5158K(21504K)], 0.0050180 secs] [Times: user=0.02 sys=0.00, real=0.00 secs] 
107.206: Total time for which application threads were stopped: 0.0051840 seconds, Stopping threads took: 0.0000720 seconds
107.726: Application time: 0.5191600 seconds
107.726: [Full GC [PSYoungGen: 42794K->0K(50176K)] [ParOldGen: 75109K->74912K(114176K)] 117904K->74912K(164352K) [PSPermGen: 5158K->5158K(21504K)], 0.0049330 secs] [Times: user=0.01 sys=0.00, real=0.00 secs] 
107.731: Total time for which application threads were stopped: 0.0051330 seconds, Stopping threads took: 0.0000910 seconds
108.253: Application time: 0.5224570 seconds
108.253: [Full GC [PSYoungGen: 42993K->0K(50176K)] [ParOldGen: 74912K->74912K(114176K)] 117905K->74912K(164352K) [PSPermGen: 5158K->5158K(21504K)], 0.0051060 secs] [Times: user=0.02 sys=0.00, real=0.00 secs] 
108.258: Total time for which application threads were stopped: 0.0052940 seconds, Stopping threads took: 0.0000900 seconds
108.810: Application time: 0.5510960 seconds
108.810: [Full GC [PSYoungGen: 42934K->0K(50176K)] [ParOldGen: 74912K->74984K(114176K)] 117847K->74984K(164352K) [PSPermGen: 5158K->5158K(21504K)], 0.0052590 secs] [Times: user=0.02 sys=0.00, real=0.01 secs] 
108.815: Total time for which application threads were stopped: 0.0054610 seconds, Stopping threads took: 0.0001010 seconds
109.335: Application time: 0.5195980 seconds
109.335: [Full GC [PSYoungGen: 42988K->0K(50176K)] [ParOldGen: 74984K->75047K(114176K)] 117972K->75047K(164352K) [PSPermGen: 5158K->5155K(21504K)], 0.0053580 secs] [Times: user=0.02 sys=0.00, real=0.01 secs] 
109.340: Total time for which application threads were stopped: 0.0055260 seconds, Stopping threads took: 0.0000680 seconds
109.914: Application time: 0.5743370 seconds
109.915: Total time for which application threads were stopped: 0.0001320 seconds, Stopping threads took: 0.0000940 seconds
109.916: Application time: 0.0013340 seconds
109.916: [Full GC [PSYoungGen: 42947K->0K(50176K)] [ParOldGen: 75452K->74517K(114176K)] 118399K->74517K(164352K) [PSPermGen: 5155K->5155K(21504K)], 0.0045470 secs] [Times: user=0.01 sys=0.00, real=0.01 secs] 
109.921: Total time for which application threads were stopped: 0.0046890 seconds, Stopping threads took: 0.0000580 seconds
110.517: Application time: 0.5961910 seconds
110.517: [Full GC [PSYoungGen: 43008K->0K(50176K)] [ParOldGen: 79327K->74518K(114176K)] 122335K->74518K(164352K) [PSPermGen: 5155K->5155K(21504K)], 0.0050970 secs] [Times: user=0.02 sys=0.00, real=0.01 secs] 
110.522: Total time for which application threads were stopped: 0.0052640 seconds, Stopping threads took: 0.0000670 seconds
111.038: Application time: 0.5160540 seconds
111.038: [Full GC [PSYoungGen: 42863K->0K(50176K)] [ParOldGen: 74518K->74518K(114176K)] 117381K->74518K(164352K) [PSPermGen: 5155K->5155K(21504K)], 0.0045760 secs] [Times: user=0.02 sys=0.00, real=0.01 secs] 
111.043: Total time for which application threads were stopped: 0.0047470 seconds, Stopping threads took: 0.0000700 seconds
111.542: Application time: 0.4992190 seconds
111.542: [Full GC [PSYoungGen: 42830K->0K(50176K)] [ParOldGen: 74518K->75111K(114176K)] 117348K->75111K(164352K) [PSPermGen: 5155K->5155K(21504K)], 0.0049150 secs] [Times: user=0.02 sys=0.00, real=0.00 secs] 
111.547: Total time for which application threads were stopped: 0.0051110 seconds, Stopping threads took: 0.0000930 seconds
112.095: Application time: 0.5475130 seconds
112.095: [Full GC [PSYoungGen: 42956K->0K(50176K)] [ParOldGen: 75111K->74518K(114176K)] 118067K->74518K(164352K) [PSPermGen: 5155K->5155K(21504K)], 0.0047760 secs] [Times: user=0.02 sys=0.00, real=0.01 secs] 
112.100: Total time for which application threads were stopped: 0.0049470 seconds, Stopping threads took: 0.0000720 seconds
112.610: Application time: 0.5105060 seconds
112.610: [Full GC [PSYoungGen: 42949K->0K(50176K)] [ParOldGen: 74518K->75246K(114176K)] 117468K->75246K(164352K) [PSPermGen: 5155K->5155K(21504K)], 0.0050250 secs] [Times: user=0.01 sys=0.01, real=0.01 secs] 
112.615: Total time for which application threads were stopped: 0.0052060 seconds, Stopping threads took: 0.0000760 seconds
113.178: Application time: 0.5627510 seconds
113.178: [Full GC [PSYoungGen: 42904K->0K(50176K)] [ParOldGen: 75246K->74986K(114176K)] 118151K->74986K(164352K) [PSPermGen: 5155K->5155K(21504K)], 0.0046670 secs] [Times: user=0.02 sys=0.00, real=0.01 secs] 
113.183: Total time for which application threads were stopped: 0.0048610 seconds, Stopping threads took: 0.0000930 seconds
113.727: Application time: 0.5435130 seconds
113.727: [Full GC [PSYoungGen: 42788K->0K(50176K)] [ParOldGen: 74986K->75112K(114176K)] 117775K->75112K(164352K) [PSPermGen: 5155K->5155K(21504K)], 0.0049710 secs] [Times: user=0.02 sys=0.00, real=0.01 secs] 
113.732: Total time for which application threads were stopped: 0.0051570 seconds, Stopping threads took: 0.0000830 seconds
114.266: Application time: 0.5346280 seconds
114.266: [Full GC [PSYoungGen: 42996K->0K(50176K)] [ParOldGen: 75112K->74987K(114176K)] 118108K->74987K(164352K) [PSPermGen: 5155K->5155K(21504K)], 0.0050280 secs] [Times: user=0.02 sys=0.00, real=0.01 secs] 
114.272: Total time for which application threads were stopped: 0.0051940 seconds, Stopping threads took: 0.0000680 seconds
114.823: Application time: 0.5515380 seconds
114.823: [Full GC [PSYoungGen: 42788K->0K(50176K)] [ParOldGen: 74987K->75113K(114176K)] 117776K->75113K(164352K) [PSPermGen: 5155K->5155K(21504K)], 0.0048000 secs] [Times: user=0.01 sys=0.00, real=0.00 secs] 
114.828: Total time for which application threads were stopped: 0.0049750 seconds, Stopping threads took: 0.0000760 seconds
115.349: Application time: 0.5205260 seconds
115.349: Total time for which application threads were stopped: 0.0001050 seconds, Stopping threads took: 0.0000690 seconds
115.350: Application time: 0.0015690 seconds
115.350: [Full GC [PSYoungGen: 43002K->0K(50176K)] [ParOldGen: 75660K->74520K(114176K)] 118662K->74520K(164352K) [PSPermGen: 5155K->5155K(21504K)], 0.0047210 secs] [Times: user=0.02 sys=0.00, real=0.01 secs] 
115.355: Total time for which application threads were stopped: 0.0048500 seconds, Stopping threads took: 0.0000440 seconds
115.956: Application time: 0.6013840 seconds
115.957: [Full GC [PSYoungGen: 43008K->0K(50176K)] [ParOldGen: 79664K->74917K(114176K)] 122672K->74917K(164352K) [PSPermGen: 5155K->5155K(21504K)], 0.0047290 secs] [Times: user=0.02 sys=0.00, real=0.01 secs] 
115.961: Total time for which application threads were stopped: 0.0049040 seconds, Stopping threads took: 0.0000750 seconds
116.470: Application time: 0.5087050 seconds
116.470: Total time for which application threads were stopped: 0.0001090 seconds, Stopping threads took: 0.0000730 seconds
116.471: Application time: 0.0007780 seconds
116.471: [Full GC [PSYoungGen: 42985K->0K(50176K)] [ParOldGen: 75186K->74916K(114176K)] 118172K->74916K(164352K) [PSPermGen: 5155K->5155K(21504K)], 0.0050120 secs] [Times: user=0.02 sys=0.00, real=0.01 secs] 
116.476: Total time for which application threads were stopped: 0.0051360 seconds, Stopping threads took: 0.0000400 seconds
117.090: Application time: 0.6141880 seconds
117.090: [Full GC [PSYoungGen: 43008K->0K(50176K)] [ParOldGen: 81590K->74916K(114176K)] 124598K->74916K(164352K) [PSPermGen: 5155K->5155K(21504K)], 0.0051160 secs] [Times: user=0.02 sys=0.00, real=0.01 secs] 
117.096: Total time for which application threads were stopped: 0.0052960 seconds, Stopping threads took: 0.0000790 seconds
117.647: Application time: 0.5510710 seconds
117.647: [Full GC [PSYoungGen: 42990K->0K(50176K)] [ParOldGen: 74916K->74685K(114176K)] 117906K->74685K(164352K) [PSPermGen: 5155K->5155K(21504K)], 0.0048860 secs] [Times: user=0.02 sys=0.00, real=0.01 secs] 
117.652: Total time for which application threads were stopped: 0.0050620 seconds, Stopping threads took: 0.0000800 seconds
118.174: Application time: 0.5221120 seconds
118.176: [Full GC [PSYoungGen: 43003K->0K(50176K)] [ParOldGen: 74685K->74512K(114176K)] 117689K->74512K(164352K) [PSPermGen: 5155K->5155K(21504K)], 0.0047330 secs] [Times: user=0.02 sys=0.00, real=0.01 secs] 
118.180: Total time for which application threads were stopped: 0.0064590 seconds, Stopping threads took: 0.0016270 seconds
118.726: Application time: 0.5454300 seconds
118.726: Total time for which application threads were stopped: 0.0001180 seconds, Stopping threads took: 0.0000800 seconds
118.727: Application time: 0.0012750 seconds
118.727: [Full GC [PSYoungGen: 43002K->0K(50176K)] [ParOldGen: 74576K->74521K(114176K)] 117579K->74521K(164352K) [PSPermGen: 5155K->5155K(21504K)], 0.0047050 secs] [Times: user=0.02 sys=0.00, real=0.01 secs] 
118.732: Total time for which application threads were stopped: 0.0048450 seconds, Stopping threads took: 0.0000460 seconds
119.339: Application time: 0.6070060 seconds
119.339: [Full GC [PSYoungGen: 43008K->0K(50176K)] [ParOldGen: 81171K->74522K(114176K)] 124179K->74522K(164352K) [PSPermGen: 5155K->5155K(21504K)], 0.0046350 secs] [Times: user=0.02 sys=0.00, real=0.01 secs] 
119.344: Total time for which application threads were stopped: 0.0048110 seconds, Stopping threads took: 0.0000740 seconds
119.874: Application time: 0.5303790 seconds
119.874: Total time for which application threads were stopped: 0.0001070 seconds, Stopping threads took: 0.0000750 seconds
119.875: Application time: 0.0002540 seconds
119.875: [Full GC [PSYoungGen: 42923K->0K(50176K)] [ParOldGen: 74656K->74917K(114176K)] 117580K->74917K(164352K) [PSPermGen: 5155K->5155K(21504K)], 0.0050530 secs] [Times: user=0.02 sys=0.00, real=0.01 secs] 
119.880: Total time for which application threads were stopped: 0.0051910 seconds, Stopping threads took: 0.0000550 seconds
120.440: Application time: 0.5600830 seconds
120.440: [Full GC [PSYoungGen: 43008K->0K(50176K)] [ParOldGen: 77885K->75313K(114176K)] 120893K->75313K(164352K) [PSPermGen: 5155K->5155K(21504K)], 0.0049500 secs] [Times: user=0.02 sys=0.00, real=0.00 secs] 
120.445: Total time for which application threads were stopped: 0.0051130 seconds, Stopping threads took: 0.0000670 seconds
121.001: Application time: 0.5562790 seconds
121.001: [Full GC [PSYoungGen: 42873K->0K(50176K)] [ParOldGen: 75313K->74918K(114176K)] 118187K->74918K(164352K) [PSPermGen: 5155K->5155K(21504K)], 0.0046870 secs] [Times: user=0.02 sys=0.00, real=0.00 secs] 
121.006: Total time for which application threads were stopped: 0.0048610 seconds, Stopping threads took: 0.0000730 seconds
121.511: Application time: 0.5048470 seconds
121.511: [Full GC [PSYoungGen: 42923K->0K(50176K)] [ParOldGen: 74918K->74918K(114176K)] 117842K->74918K(164352K) [PSPermGen: 5155K->5155K(21504K)], 0.0047510 secs] [Times: user=0.02 sys=0.00, real=0.01 secs] 
121.516: Total time for which application threads were stopped: 0.0049280 seconds, Stopping threads took: 0.0000780 seconds
122.030: Application time: 0.5139040 seconds
122.030: Total time for which application threads were stopped: 0.0001120 seconds, Stopping threads took: 0.0000770 seconds
122.030: Application time: 0.0003320 seconds
122.030: [Full GC [PSYoungGen: 42923K->0K(50176K)] [ParOldGen: 75053K->75314K(114176K)] 117977K->75314K(164352K) [PSPermGen: 5155K->5155K(21504K)], 0.0049890 secs] [Times: user=0.02 sys=0.00, real=0.01 secs] 
122.035: Total time for which application threads were stopped: 0.0051320 seconds, Stopping threads took: 0.0000590 seconds
122.589: Application time: 0.5538410 seconds
122.589: [Full GC [PSYoungGen: 43008K->0K(50176K)] [ParOldGen: 77572K->74746K(114176K)] 120580K->74746K(164352K) [PSPermGen: 5155K->5155K(21504K)], 0.0050900 secs] [Times: user=0.02 sys=0.00, real=0.01 secs] 
122.594: Total time for which application threads were stopped: 0.0052900 seconds, Stopping threads took: 0.0001010 seconds
123.134: Application time: 0.5392380 seconds
123.134: [Full GC [PSYoungGen: 42979K->0K(50176K)] [ParOldGen: 74746K->74523K(114176K)] 117726K->74523K(164352K) [PSPermGen: 5155K->5155K(21504K)], 0.0048450 secs] [Times: user=0.02 sys=0.00, real=0.00 secs] 
123.139: Total time for which application threads were stopped: 0.0050150 seconds, Stopping threads took: 0.0000730 seconds
123.667: Application time: 0.5279470 seconds
123.667: [Full GC [PSYoungGen: 42738K->0K(50176K)] [ParOldGen: 74523K->74919K(114176K)] 117262K->74919K(164352K) [PSPermGen: 5155K->5155K(21504K)], 0.0050140 secs] [Times: user=0.02 sys=0.00, real=0.01 secs] 
123.672: Total time for which application threads were stopped: 0.0052040 seconds, Stopping threads took: 0.0000910 seconds
124.219: Application time: 0.5468610 seconds
124.219: [Full GC [PSYoungGen: 42842K->0K(50176K)] [ParOldGen: 74919K->74919K(114176K)] 117761K->74919K(164352K) [PSPermGen: 5155K->5155K(21504K)], 0.0049750 secs] [Times: user=0.02 sys=0.00, real=0.01 secs] 
124.224: Total time for which application threads were stopped: 0.0051580 seconds, Stopping threads took: 0.0000740 seconds
124.757: Application time: 0.5329620 seconds
124.757: [Full GC [PSYoungGen: 42923K->0K(50176K)] [ParOldGen: 74919K->75387K(114176K)] 117843K->75387K(164352K) [PSPermGen: 5155K->5155K(21504K)], 0.0050130 secs] [Times: user=0.02 sys=0.00, real=0.01 secs] 
124.762: Total time for which application threads were stopped: 0.0052130 seconds, Stopping threads took: 0.0001000 seconds
125.317: Application time: 0.5551370 seconds
125.317: [Full GC [PSYoungGen: 42998K->0K(50176K)] [ParOldGen: 75387K->74857K(114176K)] 118385K->74857K(164352K) [PSPermGen: 5155K->5155K(21504K)], 0.0049680 secs] [Times: user=0.02 sys=0.00, real=0.01 secs] 
125.322: Total time for which application threads were stopped: 0.0051530 seconds, Stopping threads took: 0.0000830 seconds
125.864: Application time: 0.5412420 seconds
125.864: [Full GC [PSYoungGen: 42923K->0K(50176K)] [ParOldGen: 74857K->75118K(114176K)] 117781K->75118K(164352K) [PSPermGen: 5155K->5155K(21504K)], 0.0048130 secs] [Times: user=0.01 sys=0.00, real=0.00 secs] 
125.869: Total time for which application threads were stopped: 0.0049840 seconds, Stopping threads took: 0.0000690 seconds
126.356: Application time: 0.4877750 seconds
126.356: [Full GC [PSYoungGen: 42994K->0K(50176K)] [ParOldGen: 75118K->75190K(114176K)] 118112K->75190K(164352K) [PSPermGen: 5155K->5155K(21504K)], 0.0048410 secs] [Times: user=0.02 sys=0.00, real=0.01 secs] 
126.361: Total time for which application threads were stopped: 0.0049920 seconds, Stopping threads took: 0.0000630 seconds
126.897: Application time: 0.5355410 seconds
126.897: [Full GC [PSYoungGen: 42997K->0K(50176K)] [ParOldGen: 75190K->74920K(114176K)] 118187K->74920K(164352K) [PSPermGen: 5155K->5155K(21504K)], 0.0049650 secs] [Times: user=0.02 sys=0.00, real=0.01 secs] 
126.902: Total time for which application threads were stopped: 0.0051440 seconds, Stopping threads took: 0.0000810 seconds
127.438: Application time: 0.5360260 seconds
127.438: [Full GC [PSYoungGen: 42961K->0K(50176K)] [ParOldGen: 74920K->75253K(114176K)] 117882K->75253K(164352K) [PSPermGen: 5155K->5155K(21504K)], 0.0052070 secs] [Times: user=0.02 sys=0.00, real=0.01 secs] 
127.443: Total time for which application threads were stopped: 0.0053770 seconds, Stopping threads took: 0.0000700 seconds
127.972: Application time: 0.5287270 seconds
127.972: [Full GC [PSYoungGen: 42967K->0K(50176K)] [ParOldGen: 75253K->75056K(114176K)] 118221K->75056K(164352K) [PSPermGen: 5155K->5155K(21504K)], 0.0050280 secs] [Times: user=0.02 sys=0.00, real=0.00 secs] 
127.977: Total time for which application threads were stopped: 0.0052160 seconds, Stopping threads took: 0.0000860 seconds
128.535: Application time: 0.5578030 seconds
128.535: Total time for which application threads were stopped: 0.0001150 seconds, Stopping threads took: 0.0000790 seconds
128.536: Application time: 0.0005810 seconds
128.536: [Full GC [PSYoungGen: 43003K->0K(50176K)] [ParOldGen: 75198K->74130K(114176K)] 118202K->74130K(164352K) [PSPermGen: 5155K->5155K(21504K)], 0.0046890 secs] [Times: user=0.01 sys=0.00, real=0.01 secs] 
128.541: Total time for which application threads were stopped: 0.0048280 seconds, Stopping threads took: 0.0000600 seconds
129.126: Application time: 0.5856200 seconds
129.127: [Full GC [PSYoungGen: 43008K->0K(50176K)] [ParOldGen: 79272K->75056K(114176K)] 122280K->75056K(164352K) [PSPermGen: 5155K->5155K(21504K)], 0.0049140 secs] [Times: user=0.02 sys=0.00, real=0.01 secs] 
129.132: Total time for which application threads were stopped: 0.0051190 seconds, Stopping threads took: 0.0001020 seconds
129.663: Application time: 0.5315810 seconds
129.663: [Full GC [PSYoungGen: 42997K->0K(50176K)] [ParOldGen: 75056K->75389K(114176K)] 118054K->75389K(164352K) [PSPermGen: 5155K->5155K(21504K)], 0.0050890 secs] [Times: user=0.02 sys=0.00, real=0.00 secs] 
129.668: Total time for which application threads were stopped: 0.0052660 seconds, Stopping threads took: 0.0000770 seconds
130.218: Application time: 0.5499020 seconds
130.218: [Full GC [PSYoungGen: 42936K->0K(50176K)] [ParOldGen: 75389K->74796K(114176K)] 118326K->74796K(164352K) [PSPermGen: 5155K->5155K(21504K)], 0.0045720 secs] [Times: user=0.01 sys=0.00, real=0.01 secs] 
130.223: Total time for which application threads were stopped: 0.0047430 seconds, Stopping threads took: 0.0000750 seconds
130.749: Application time: 0.5255550 seconds
130.749: Total time for which application threads were stopped: 0.0001000 seconds, Stopping threads took: 0.0000670 seconds
130.750: Application time: 0.0010660 seconds
130.750: [Full GC [PSYoungGen: 42997K->0K(50176K)] [ParOldGen: 75201K->74715K(114176K)] 118199K->74715K(164352K) [PSPermGen: 5155K->5155K(21504K)], 0.0046320 secs] [Times: user=0.02 sys=0.00, real=0.01 secs] 
130.755: Total time for which application threads were stopped: 0.0047770 seconds, Stopping threads took: 0.0000590 seconds
131.306: Application time: 0.5511820 seconds
131.306: [Full GC [PSYoungGen: 43008K->0K(50176K)] [ParOldGen: 77482K->74923K(114176K)] 120490K->74923K(164352K) [PSPermGen: 5155K->5155K(21504K)], 0.0050450 secs] [Times: user=0.02 sys=0.00, real=0.00 secs] 
131.311: Total time for which application threads were stopped: 0.0052300 seconds, Stopping threads took: 0.0000780 seconds
131.825: Application time: 0.5137840 seconds
131.825: Total time for which application threads were stopped: 0.0001170 seconds, Stopping threads took: 0.0000820 seconds
131.825: Application time: 0.0001270 seconds
131.825: [Full GC [PSYoungGen: 42873K->0K(50176K)] [ParOldGen: 75327K->74725K(114176K)] 118201K->74725K(164352K) [PSPermGen: 5155K->5155K(21504K)], 0.0049740 secs] [Times: user=0.02 sys=0.00, real=0.00 secs] 
131.830: Total time for which application threads were stopped: 0.0051000 seconds, Stopping threads took: 0.0000420 seconds
132.400: Application time: 0.5697850 seconds
132.400: Total time for which application threads were stopped: 0.0001130 seconds, Stopping threads took: 0.0000820 seconds
132.402: Application time: 0.0015590 seconds
132.402: [Full GC [PSYoungGen: 43008K->0K(50176K)] [ParOldGen: 75931K->74923K(114176K)] 118939K->74923K(164352K) [PSPermGen: 5155K->5155K(21504K)], 0.0048750 secs] [Times: user=0.02 sys=0.00, real=0.00 secs] 
132.407: Total time for which application threads were stopped: 0.0050020 seconds, Stopping threads took: 0.0000520 seconds
132.975: Application time: 0.5689620 seconds
132.976: [Full GC [PSYoungGen: 43008K->0K(50176K)] [ParOldGen: 78994K->74726K(114176K)] 122002K->74726K(164352K) [PSPermGen: 5155K->5155K(21504K)], 0.0049550 secs] [Times: user=0.02 sys=0.00, real=0.01 secs] 
132.981: Total time for which application threads were stopped: 0.0051340 seconds, Stopping threads took: 0.0000790 seconds
133.505: Application time: 0.5239310 seconds
133.505: [Full GC [PSYoungGen: 42862K->0K(50176K)] [ParOldGen: 74726K->74726K(114176K)] 117588K->74726K(164352K) [PSPermGen: 5155K->5155K(21504K)], 0.0046570 secs] [Times: user=0.02 sys=0.00, real=0.00 secs] 
133.509: Total time for which application threads were stopped: 0.0048550 seconds, Stopping threads took: 0.0000950 seconds
134.076: Application time: 0.5665800 seconds
134.076: Total time for which application threads were stopped: 0.0001040 seconds, Stopping threads took: 0.0000720 seconds
134.077: Application time: 0.0010260 seconds
134.077: [Full GC [PSYoungGen: 42998K->0K(50176K)] [ParOldGen: 74860K->74528K(114176K)] 117859K->74528K(164352K) [PSPermGen: 5155K->5155K(21504K)], 0.0048190 secs] [Times: user=0.01 sys=0.00, real=0.01 secs] 
134.082: Total time for which application threads were stopped: 0.0049370 seconds, Stopping threads took: 0.0000430 seconds
134.688: Application time: 0.6062100 seconds
134.688: [Full GC [PSYoungGen: 43008K->0K(50176K)] [ParOldGen: 80631K->75059K(114176K)] 123639K->75059K(164352K) [PSPermGen: 5155K->5155K(21504K)], 0.0049620 secs] [Times: user=0.02 sys=0.00, real=0.01 secs] 
134.693: Total time for which application threads were stopped: 0.0051220 seconds, Stopping threads took: 0.0000670 seconds
135.218: Application time: 0.5250830 seconds
135.219: Total time for which application threads were stopped: 0.0001260 seconds, Stopping threads took: 0.0000890 seconds
135.219: Application time: 0.0005640 seconds
135.219: [Full GC [PSYoungGen: 42999K->0K(50176K)] [ParOldGen: 75463K->74915K(114176K)] 118463K->74915K(164352K) [PSPermGen: 5155K->5155K(21504K)], 0.0047660 secs] [Times: user=0.02 sys=0.00, real=0.01 secs] 
135.224: Total time for which application threads were stopped: 0.0049040 seconds, Stopping threads took: 0.0000540 seconds
135.823: Application time: 0.5992170 seconds
135.823: [Full GC [PSYoungGen: 43008K->0K(50176K)] [ParOldGen: 79391K->74862K(114176K)] 122399K->74862K(164352K) [PSPermGen: 5155K->5155K(21504K)], 0.0050190 secs] [Times: user=0.02 sys=0.00, real=0.00 secs] 
135.829: Total time for which application threads were stopped: 0.0052020 seconds, Stopping threads took: 0.0000800 seconds
135.988: Application time: 0.1594190 seconds
135.988: Total time for which application threads were stopped: 0.0000950 seconds, Stopping threads took: 0.0000670 seconds
136.084: Application time: 0.0962200 seconds
136.084: Total time for which application threads were stopped: 0.0000760 seconds, Stopping threads took: 0.0000490 seconds
136.086: Application time: 0.0014760 seconds
136.086: Total time for which application threads were stopped: 0.0000500 seconds, Stopping threads took: 0.0000410 seconds
136.094: Application time: 0.0081840 seconds
136.094: Total time for which application threads were stopped: 0.0000730 seconds, Stopping threads took: 0.0000540 seconds
136.144: Application time: 0.0501380 seconds
136.144: Total time for which application threads were stopped: 0.0000390 seconds, Stopping threads took: 0.0000180 seconds
136.439: Application time: 0.2944880 seconds
136.439: Total time for which application threads were stopped: 0.0001150 seconds, Stopping threads took: 0.0000750 seconds
136.441: Application time: 0.0020980 seconds
136.441: [Full GC [PSYoungGen: 43008K->0K(50176K)] [ParOldGen: 75940K->73624K(114176K)] 118948K->73624K(164352K) [PSPermGen: 5177K->5177K(21504K)], 0.0051350 secs] [Times: user=0.02 sys=0.00, real=0.00 secs] 
136.446: Total time for which application threads were stopped: 0.0052760 seconds, Stopping threads took: 0.0000550 seconds
137.066: Application time: 0.6193600 seconds
137.066: [Full GC [PSYoungGen: 42969K->0K(50176K)] [ParOldGen: 83622K->75233K(114176K)] 126592K->75233K(164352K) [PSPermGen: 5177K->5177K(21504K)], 0.0049470 secs] [Times: user=0.01 sys=0.00, real=0.00 secs] 
137.071: Total time for which application threads were stopped: 0.0051440 seconds, Stopping threads took: 0.0000960 seconds
137.645: Application time: 0.5745770 seconds
137.646: [Full GC [PSYoungGen: 42960K->0K(50176K)] [ParOldGen: 75233K->74903K(114176K)] 118194K->74903K(164352K) [PSPermGen: 5177K->5177K(21504K)], 0.0048280 secs] [Times: user=0.02 sys=0.00, real=0.00 secs] 
137.650: Total time for which application threads were stopped: 0.0050290 seconds, Stopping threads took: 0.0000960 seconds
138.078: Application time: 0.4278150 seconds
138.078: [Full GC [PSYoungGen: 42977K->0K(50176K)] [ParOldGen: 74903K->75361K(114176K)] 117880K->75361K(164352K) [PSPermGen: 5177K->5177K(21504K)], 0.0051710 secs] [Times: user=0.01 sys=0.00, real=0.01 secs] 
138.084: Total time for which application threads were stopped: 0.0053260 seconds, Stopping threads took: 0.0000610 seconds
138.688: Application time: 0.6045560 seconds
138.688: [Full GC [PSYoungGen: 42751K->0K(50176K)] [ParOldGen: 75361K->74760K(114176K)] 118113K->74760K(164352K) [PSPermGen: 5177K->5177K(21504K)], 0.0050490 secs] [Times: user=0.02 sys=0.00, real=0.01 secs] 
138.693: Total time for which application threads were stopped: 0.0052440 seconds, Stopping threads took: 0.0000950 seconds
139.241: Application time: 0.5480890 seconds
139.242: [Full GC [PSYoungGen: 42956K->0K(50176K)] [ParOldGen: 74760K->74238K(114176K)] 117716K->74238K(164352K) [PSPermGen: 5177K->5177K(21504K)], 0.0051730 secs] [Times: user=0.02 sys=0.00, real=0.00 secs] 
139.247: Total time for which application threads were stopped: 0.0053690 seconds, Stopping threads took: 0.0000890 seconds
139.755: Application time: 0.5085210 seconds
139.755: Total time for which application threads were stopped: 0.0001290 seconds, Stopping threads took: 0.0000830 seconds
139.756: Application time: 0.0002900 seconds
139.756: [Full GC [PSYoungGen: 42966K->0K(50176K)] [ParOldGen: 74501K->74571K(114176K)] 117468K->74571K(164352K) [PSPermGen: 5177K->5177K(21504K)], 0.0049830 secs] [Times: user=0.02 sys=0.00, real=0.01 secs] 
139.761: Total time for which application threads were stopped: 0.0051110 seconds, Stopping threads took: 0.0000420 seconds
140.360: Application time: 0.5989910 seconds
140.360: Total time for which application threads were stopped: 0.0001320 seconds, Stopping threads took: 0.0000940 seconds
140.362: Application time: 0.0021250 seconds
140.362: [Full GC [PSYoungGen: 43008K->0K(50176K)] [ParOldGen: 78992K->73960K(114176K)] 122000K->73960K(164352K) [PSPermGen: 5177K->5177K(21504K)], 0.0045550 secs] [Times: user=0.02 sys=0.00, real=0.00 secs] 
140.367: Total time for which application threads were stopped: 0.0046820 seconds, Stopping threads took: 0.0000450 seconds
140.961: Application time: 0.5941990 seconds
140.961: [Full GC [PSYoungGen: 43008K->0K(50176K)] [ParOldGen: 78301K->74769K(114176K)] 121309K->74769K(164352K) [PSPermGen: 5177K->5177K(21504K)], 0.0048100 secs] [Times: user=0.01 sys=0.00, real=0.00 secs] 
140.966: Total time for which application threads were stopped: 0.0050180 seconds, Stopping threads took: 0.0001060 seconds
141.496: Application time: 0.5302810 seconds
141.496: [Full GC [PSYoungGen: 42918K->0K(50176K)] [ParOldGen: 74769K->75363K(114176K)] 117688K->75363K(164352K) [PSPermGen: 5177K->5177K(21504K)], 0.0050180 secs] [Times: user=0.02 sys=0.00, real=0.01 secs] 
141.501: Total time for which application threads were stopped: 0.0051750 seconds, Stopping threads took: 0.0000560 seconds
142.071: Application time: 0.5693870 seconds
142.071: Total time for which application threads were stopped: 0.0001170 seconds, Stopping threads took: 0.0000810 seconds
142.072: Application time: 0.0007880 seconds
142.072: [Full GC [PSYoungGen: 42945K->0K(50176K)] [ParOldGen: 75902K->74770K(114176K)] 118847K->74770K(164352K) [PSPermGen: 5177K->5177K(21504K)], 0.0047360 secs] [Times: user=0.02 sys=0.00, real=0.00 secs] 
142.077: Total time for which application threads were stopped: 0.0048590 seconds, Stopping threads took: 0.0000430 seconds
142.654: Application time: 0.5773180 seconds
142.654: [Full GC [PSYoungGen: 43008K->0K(50176K)] [ParOldGen: 77746K->74770K(114176K)] 120754K->74770K(164352K) [PSPermGen: 5177K->5177K(21504K)], 0.0048510 secs] [Times: user=0.02 sys=0.00, real=0.00 secs] 
142.659: Total time for which application threads were stopped: 0.0050320 seconds, Stopping threads took: 0.0000830 seconds
143.189: Application time: 0.5302050 seconds
143.189: Total time for which application threads were stopped: 0.0001050 seconds, Stopping threads took: 0.0000690 seconds
143.190: Application time: 0.0008640 seconds
143.190: [Full GC [PSYoungGen: 42995K->0K(50176K)] [ParOldGen: 75040K->74968K(114176K)] 118035K->74968K(164352K) [PSPermGen: 5177K->5177K(21504K)], 0.0050640 secs] [Times: user=0.02 sys=0.00, real=0.01 secs] 
143.195: Total time for which application threads were stopped: 0.0051930 seconds, Stopping threads took: 0.0000440 seconds
143.780: Application time: 0.5841980 seconds
143.780: [Full GC [PSYoungGen: 43008K->0K(50176K)] [ParOldGen: 79984K->74771K(114176K)] 122992K->74771K(164352K) [PSPermGen: 5177K->5177K(21504K)], 0.0049400 secs] [Times: user=0.01 sys=0.00, real=0.00 secs] 
143.785: Total time for which application threads were stopped: 0.0051110 seconds, Stopping threads took: 0.0000680 seconds
144.270: Application time: 0.4858110 seconds
144.271: [Full GC [PSYoungGen: 42927K->0K(50176K)] [ParOldGen: 74771K->75238K(114176K)] 117699K->75238K(164352K) [PSPermGen: 5177K->5177K(21504K)], 0.0050830 secs] [Times: user=0.02 sys=0.00, real=0.01 secs] 
144.276: Total time for which application threads were stopped: 0.0052610 seconds, Stopping threads took: 0.0000770 seconds
144.838: Application time: 0.5625470 seconds
144.838: Total time for which application threads were stopped: 0.0001130 seconds, Stopping threads took: 0.0000770 seconds
144.839: Application time: 0.0007240 seconds
144.839: [Full GC [PSYoungGen: 42962K->0K(50176K)] [ParOldGen: 75373K->74969K(114176K)] 118335K->74969K(164352K) [PSPermGen: 5177K->5177K(21504K)], 0.0050410 secs] [Times: user=0.02 sys=0.00, real=0.01 secs] 
144.844: Total time for which application threads were stopped: 0.0051740 seconds, Stopping threads took: 0.0000520 seconds
145.451: Application time: 0.6067360 seconds
145.451: [Full GC [PSYoungGen: 43008K->0K(50176K)] [ParOldGen: 80708K->74771K(114176K)] 123716K->74771K(164352K) [PSPermGen: 5177K->5177K(21504K)], 0.0052080 secs] [Times: user=0.02 sys=0.00, real=0.01 secs] 
145.456: Total time for which application threads were stopped: 0.0053870 seconds, Stopping threads took: 0.0000820 seconds
145.955: Application time: 0.4981000 seconds
145.955: [Full GC [PSYoungGen: 42990K->0K(50176K)] [ParOldGen: 74771K->75302K(114176K)] 117762K->75302K(164352K) [PSPermGen: 5177K->5177K(21504K)], 0.0052030 secs] [Times: user=0.02 sys=0.00, real=0.01 secs] 
145.960: Total time for which application threads were stopped: 0.0053830 seconds, Stopping threads took: 0.0000800 seconds
146.527: Application time: 0.5672270 seconds
146.527: [Full GC [PSYoungGen: 42803K->0K(50176K)] [ParOldGen: 75302K->74772K(114176K)] 118105K->74772K(164352K) [PSPermGen: 5177K->5177K(21504K)], 0.0048960 secs] [Times: user=0.01 sys=0.00, real=0.01 secs] 
146.532: Total time for which application threads were stopped: 0.0050850 seconds, Stopping threads took: 0.0000880 seconds
147.059: Application time: 0.5268330 seconds
147.059: [Full GC [PSYoungGen: 42851K->0K(50176K)] [ParOldGen: 74772K->75365K(114176K)] 117624K->75365K(164352K) [PSPermGen: 5177K->5177K(21504K)], 0.0049760 secs] [Times: user=0.01 sys=0.00, real=0.01 secs] 
147.064: Total time for which application threads were stopped: 0.0051480 seconds, Stopping threads took: 0.0000720 seconds
147.615: Application time: 0.5512370 seconds
147.616: Total time for which application threads were stopped: 0.0001120 seconds, Stopping threads took: 0.0000780 seconds
147.616: Application time: 0.0001140 seconds
147.616: [Full GC [PSYoungGen: 42993K->0K(50176K)] [ParOldGen: 75500K->75168K(114176K)] 118494K->75168K(164352K) [PSPermGen: 5177K->5177K(21504K)], 0.0051080 secs] [Times: user=0.02 sys=0.00, real=0.01 secs] 
147.621: Total time for which application threads were stopped: 0.0052340 seconds, Stopping threads took: 0.0000450 seconds
148.232: Application time: 0.6106350 seconds
148.232: [Full GC [PSYoungGen: 43008K->0K(50176K)] [ParOldGen: 79105K->74575K(114176K)] 122113K->74575K(164352K) [PSPermGen: 5177K->5177K(21504K)], 0.0047480 secs] [Times: user=0.02 sys=0.00, real=0.00 secs] 
148.236: Total time for which application threads were stopped: 0.0049390 seconds, Stopping threads took: 0.0000900 seconds
148.757: Application time: 0.5201890 seconds
148.757: Total time for which application threads were stopped: 0.0000940 seconds, Stopping threads took: 0.0000610 seconds
148.758: Application time: 0.0008430 seconds
148.758: [Full GC [PSYoungGen: 42986K->0K(50176K)] [ParOldGen: 74710K->75168K(114176K)] 117696K->75168K(164352K) [PSPermGen: 5177K->5177K(21504K)], 0.0049300 secs] [Times: user=0.02 sys=0.00, real=0.01 secs] 
148.763: Total time for which application threads were stopped: 0.0050530 seconds, Stopping threads took: 0.0000420 seconds
149.412: Application time: 0.6495700 seconds
149.412: [Full GC [PSYoungGen: 43008K->0K(50176K)] [ParOldGen: 82769K->75366K(114176K)] 125777K->75366K(164352K) [PSPermGen: 5177K->5177K(21504K)], 0.0050610 secs] [Times: user=0.02 sys=0.00, real=0.00 secs] 
149.417: Total time for which application threads were stopped: 0.0052350 seconds, Stopping threads took: 0.0000720 seconds
149.881: Application time: 0.4634540 seconds
149.881: Total time for which application threads were stopped: 0.0001240 seconds, Stopping threads took: 0.0000950 seconds
149.882: Application time: 0.0004590 seconds
149.882: [Full GC [PSYoungGen: 42932K->0K(50176K)] [ParOldGen: 75770K->74971K(114176K)] 118702K->74971K(164352K) [PSPermGen: 5177K->5177K(21504K)], 0.0047250 secs] [Times: user=0.02 sys=0.00, real=0.00 secs] 
149.886: Total time for which application threads were stopped: 0.0048640 seconds, Stopping threads took: 0.0000530 seconds
150.486: Application time: 0.6000850 seconds
150.487: Total time for which application threads were stopped: 0.0001070 seconds, Stopping threads took: 0.0000690 seconds
150.488: Application time: 0.0009580 seconds
150.488: [Full GC [PSYoungGen: 43008K->0K(50176K)] [ParOldGen: 78703K->74773K(114176K)] 121711K->74773K(164352K) [PSPermGen: 5177K->5177K(21504K)], 0.0048360 secs] [Times: user=0.02 sys=0.00, real=0.01 secs] 
150.493: Total time for which application threads were stopped: 0.0049660 seconds, Stopping threads took: 0.0000440 seconds
151.065: Application time: 0.5722410 seconds
151.065: Total time for which application threads were stopped: 0.0001050 seconds, Stopping threads took: 0.0000700 seconds
151.066: Application time: 0.0012700 seconds
151.066: [Full GC [PSYoungGen: 43008K->0K(50176K)] [ParOldGen: 76845K->74972K(114176K)] 119853K->74972K(164352K) [PSPermGen: 5177K->5177K(21504K)], 0.0050510 secs] [Times: user=0.02 sys=0.00, real=0.00 secs] 
151.071: Total time for which application threads were stopped: 0.0051770 seconds, Stopping threads took: 0.0000470 seconds
151.673: Application time: 0.6013470 seconds
151.673: [Full GC [PSYoungGen: 43008K->0K(50176K)] [ParOldGen: 80551K->74909K(114176K)] 123559K->74909K(164352K) [PSPermGen: 5177K->5177K(21504K)], 0.0052210 secs] [Times: user=0.02 sys=0.00, real=0.00 secs] 
151.678: Total time for which application threads were stopped: 0.0053980 seconds, Stopping threads took: 0.0000740 seconds
152.191: Application time: 0.5133130 seconds
152.192: [Full GC [PSYoungGen: 42875K->0K(50176K)] [ParOldGen: 74909K->75439K(114176K)] 117785K->75439K(164352K) [PSPermGen: 5177K->5177K(21504K)], 0.0054410 secs] [Times: user=0.02 sys=0.00, real=0.00 secs] 
152.197: Total time for which application threads were stopped: 0.0056310 seconds, Stopping threads took: 0.0000910 seconds
152.750: Application time: 0.5531160 seconds
152.750: [Full GC [PSYoungGen: 42779K->0K(50176K)] [ParOldGen: 75439K->74972K(114176K)] 118219K->74972K(164352K) [PSPermGen: 5177K->5177K(21504K)], 0.0049990 secs] [Times: user=0.02 sys=0.00, real=0.01 secs] 
152.755: Total time for which application threads were stopped: 0.0051740 seconds, Stopping threads took: 0.0000770 seconds
153.288: Application time: 0.5331510 seconds
153.289: [Full GC [PSYoungGen: 42923K->0K(50176K)] [ParOldGen: 74972K->75440K(114176K)] 117896K->75440K(164352K) [PSPermGen: 5177K->5177K(21504K)], 0.0052570 secs] [Times: user=0.02 sys=0.00, real=0.01 secs] 
153.294: Total time for which application threads were stopped: 0.0054500 seconds, Stopping threads took: 0.0000910 seconds
153.840: Application time: 0.5456970 seconds
153.840: [Full GC [PSYoungGen: 42861K->0K(50176K)] [ParOldGen: 75440K->74973K(114176K)] 118301K->74973K(164352K) [PSPermGen: 5177K->5177K(21504K)], 0.0050100 secs] [Times: user=0.02 sys=0.00, real=0.00 secs] 
153.845: Total time for which application threads were stopped: 0.0052040 seconds, Stopping threads took: 0.0000940 seconds
154.393: Application time: 0.5484520 seconds
154.393: [Full GC [PSYoungGen: 42923K->0K(50176K)] [ParOldGen: 74973K->75440K(114176K)] 117897K->75440K(164352K) [PSPermGen: 5177K->5177K(21504K)], 0.0049380 secs] [Times: user=0.02 sys=0.00, real=0.00 secs] 
154.398: Total time for which application threads were stopped: 0.0051090 seconds, Stopping threads took: 0.0000700 seconds
154.932: Application time: 0.5334210 seconds
154.932: Total time for which application threads were stopped: 0.0001150 seconds, Stopping threads took: 0.0000780 seconds
154.933: Application time: 0.0008390 seconds
154.933: [Full GC [PSYoungGen: 43007K->0K(50176K)] [ParOldGen: 75504K->74776K(114176K)] 118511K->74776K(164352K) [PSPermGen: 5177K->5177K(21504K)], 0.0048240 secs] [Times: user=0.02 sys=0.00, real=0.00 secs] 
154.938: Total time for which application threads were stopped: 0.0049450 seconds, Stopping threads took: 0.0000370 seconds
155.483: Application time: 0.5450820 seconds
155.483: [Full GC [PSYoungGen: 43008K->0K(50176K)] [ParOldGen: 79172K->75638K(114176K)] 122180K->75638K(164352K) [PSPermGen: 5177K->5177K(21504K)], 0.0048940 secs] [Times: user=0.02 sys=0.00, real=0.00 secs] 
155.488: Total time for which application threads were stopped: 0.0050490 seconds, Stopping threads took: 0.0000540 seconds
156.019: Application time: 0.5308530 seconds
156.019: [Full GC [PSYoungGen: 42861K->0K(50176K)] [ParOldGen: 75638K->75172K(114176K)] 118500K->75172K(164352K) [PSPermGen: 5177K->5177K(21504K)], 0.0051750 secs] [Times: user=0.02 sys=0.00, real=0.01 secs] 
156.024: Total time for which application threads were stopped: 0.0053380 seconds, Stopping threads took: 0.0000700 seconds
156.564: Application time: 0.5404490 seconds
156.565: [Full GC [PSYoungGen: 42862K->0K(50176K)] [ParOldGen: 75172K->75172K(114176K)] 118034K->75172K(164352K) [PSPermGen: 5177K->5177K(21504K)], 0.0054260 secs] [Times: user=0.02 sys=0.00, real=0.00 secs] 
156.570: Total time for which application threads were stopped: 0.0056190 seconds, Stopping threads took: 0.0000920 seconds
157.098: Application time: 0.5275040 seconds
157.098: [Full GC [PSYoungGen: 42947K->0K(50176K)] [ParOldGen: 75172K->74974K(114176K)] 118119K->74974K(164352K) [PSPermGen: 5177K->5177K(21504K)], 0.0050250 secs] [Times: user=0.02 sys=0.00, real=0.01 secs] 
157.103: Total time for which application threads were stopped: 0.0052040 seconds, Stopping threads took: 0.0000790 seconds
157.641: Application time: 0.5384230 seconds
157.641: [Full GC [PSYoungGen: 42908K->0K(50176K)] [ParOldGen: 74974K->75640K(114176K)] 117883K->75640K(164352K) [PSPermGen: 5179K->5179K(21504K)], 0.0051260 secs] [Times: user=0.02 sys=0.00, real=0.00 secs] 
157.647: Total time for which application threads were stopped: 0.0053010 seconds, Stopping threads took: 0.0000750 seconds
158.188: Application time: 0.5411110 seconds
158.188: [Full GC [PSYoungGen: 43006K->0K(50176K)] [ParOldGen: 75640K->74975K(114176K)] 118646K->74975K(164352K) [PSPermGen: 5179K->5179K(21504K)], 0.0050020 secs] [Times: user=0.02 sys=0.00, real=0.01 secs] 
158.193: Total time for which application threads were stopped: 0.0051800 seconds, Stopping threads took: 0.0000780 seconds
158.749: Application time: 0.5565820 seconds
158.750: [Full GC [PSYoungGen: 42922K->0K(50176K)] [ParOldGen: 74975K->74778K(114176K)] 117897K->74778K(164352K) [PSPermGen: 5179K->5179K(21504K)], 0.0047950 secs] [Times: user=0.02 sys=0.00, real=0.01 secs] 
158.754: Total time for which application threads were stopped: 0.0049740 seconds, Stopping threads took: 0.0000810 seconds
159.264: Application time: 0.5099000 seconds
159.264: Total time for which application threads were stopped: 0.0001510 seconds, Stopping threads took: 0.0001110 seconds
159.266: Application time: 0.0018470 seconds
159.266: [Full GC [PSYoungGen: 42934K->0K(50176K)] [ParOldGen: 74912K->74777K(114176K)] 117847K->74777K(164352K) [PSPermGen: 5179K->5179K(21504K)], 0.0046640 secs] [Times: user=0.02 sys=0.00, real=0.00 secs] 
159.271: Total time for which application threads were stopped: 0.0048060 seconds, Stopping threads took: 0.0000570 seconds
159.885: Application time: 0.6136680 seconds
159.885: [Full GC [PSYoungGen: 43008K->0K(50176K)] [ParOldGen: 81824K->75175K(114176K)] 124832K->75175K(164352K) [PSPermGen: 5179K->5179K(21504K)], 0.0048540 secs] [Times: user=0.02 sys=0.00, real=0.00 secs] 
159.890: Total time for which application threads were stopped: 0.0050210 seconds, Stopping threads took: 0.0000670 seconds
160.403: Application time: 0.5134000 seconds
160.403: [Full GC [PSYoungGen: 42870K->0K(50176K)] [ParOldGen: 75175K->74976K(114176K)] 118045K->74976K(164352K) [PSPermGen: 5179K->5179K(21504K)], 0.0050350 secs] [Times: user=0.02 sys=0.00, real=0.00 secs] 
160.408: Total time for which application threads were stopped: 0.0052210 seconds, Stopping threads took: 0.0000760 seconds
160.946: Application time: 0.5375870 seconds
160.946: [Full GC [PSYoungGen: 42963K->0K(50176K)] [ParOldGen: 74976K->74778K(114176K)] 117939K->74778K(164352K) [PSPermGen: 5179K->5179K(21504K)], 0.0050940 secs] [Times: user=0.02 sys=0.00, real=0.00 secs] 
160.951: Total time for which application threads were stopped: 0.0052640 seconds, Stopping threads took: 0.0000690 seconds
161.467: Application time: 0.5154940 seconds
161.467: Total time for which application threads were stopped: 0.0001160 seconds, Stopping threads took: 0.0000810 seconds
161.467: Application time: 0.0002620 seconds
161.467: [Full GC [PSYoungGen: 42959K->0K(50176K)] [ParOldGen: 75048K->75174K(114176K)] 118008K->75174K(164352K) [PSPermGen: 5179K->5179K(21504K)], 0.0053470 secs] [Times: user=0.02 sys=0.00, real=0.01 secs] 
161.473: Total time for which application threads were stopped: 0.0054870 seconds, Stopping threads took: 0.0000560 seconds
162.037: Application time: 0.5648040 seconds
162.038: [Full GC [PSYoungGen: 43008K->0K(50176K)] [ParOldGen: 76751K->74754K(114176K)] 119759K->74754K(164352K) [PSPermGen: 5179K->5179K(21504K)], 0.0049180 secs] [Times: user=0.02 sys=0.00, real=0.01 secs] 
162.043: Total time for which application threads were stopped: 0.0050880 seconds, Stopping threads took: 0.0000720 seconds
162.595: Application time: 0.5528010 seconds
162.595: [Full GC [PSYoungGen: 42905K->0K(50176K)] [ParOldGen: 74754K->75246K(114176K)] 117660K->75246K(164352K) [PSPermGen: 5179K->5179K(21504K)], 0.0048400 secs] [Times: user=0.01 sys=0.00, real=0.01 secs] 
162.600: Total time for which application threads were stopped: 0.0050230 seconds, Stopping threads took: 0.0000830 seconds
163.125: Application time: 0.5243860 seconds
163.125: [Full GC [PSYoungGen: 42790K->0K(50176K)] [ParOldGen: 75246K->75372K(114176K)] 118037K->75372K(164352K) [PSPermGen: 5179K->5179K(21504K)], 0.0049510 secs] [Times: user=0.02 sys=0.00, real=0.00 secs] 
163.130: Total time for which application threads were stopped: 0.0051280 seconds, Stopping threads took: 0.0000800 seconds
163.681: Application time: 0.5511790 seconds
163.681: [Full GC [PSYoungGen: 42932K->0K(50176K)] [ParOldGen: 75372K->74780K(114176K)] 118304K->74780K(164352K) [PSPermGen: 5179K->5179K(21504K)], 0.0048990 secs] [Times: user=0.02 sys=0.00, real=0.00 secs] 
163.686: Total time for which application threads were stopped: 0.0050690 seconds, Stopping threads took: 0.0000720 seconds
164.218: Application time: 0.5313980 seconds
164.218: Total time for which application threads were stopped: 0.0001190 seconds, Stopping threads took: 0.0000800 seconds
164.218: Application time: 0.0007350 seconds
164.218: [Full GC [PSYoungGen: 43003K->0K(50176K)] [ParOldGen: 75248K->74780K(114176K)] 118252K->74780K(164352K) [PSPermGen: 5179K->5179K(21504K)], 0.0048310 secs] [Times: user=0.01 sys=0.00, real=0.01 secs] 
164.223: Total time for which application threads were stopped: 0.0049650 seconds, Stopping threads took: 0.0000480 seconds
164.785: Application time: 0.5615870 seconds
164.785: Total time for which application threads were stopped: 0.0000990 seconds, Stopping threads took: 0.0000650 seconds
164.786: Application time: 0.0012060 seconds
164.786: [Full GC [PSYoungGen: 43008K->0K(50176K)] [ParOldGen: 77964K->74376K(114176K)] 120972K->74376K(164352K) [PSPermGen: 5179K->5179K(21504K)], 0.0047200 secs] [Times: user=0.02 sys=0.00, real=0.00 secs] 
164.791: Total time for which application threads were stopped: 0.0048400 seconds, Stopping threads took: 0.0000350 seconds
165.382: Application time: 0.5905020 seconds
165.382: [Full GC [PSYoungGen: 43008K->0K(50176K)] [ParOldGen: 79115K->74781K(114176K)] 122123K->74781K(164352K) [PSPermGen: 5179K->5179K(21504K)], 0.0049490 secs] [Times: user=0.02 sys=0.00, real=0.00 secs] 
165.387: Total time for which application threads were stopped: 0.0051150 seconds, Stopping threads took: 0.0000660 seconds
165.893: Application time: 0.5061800 seconds
165.893: Total time for which application threads were stopped: 0.0000950 seconds, Stopping threads took: 0.0000630 seconds
165.893: Application time: 0.0001370 seconds
165.893: [Full GC [PSYoungGen: 42996K->0K(50176K)] [ParOldGen: 74916K->74978K(114176K)] 117913K->74978K(164352K) [PSPermGen: 5179K->5179K(21504K)], 0.0065590 secs] [Times: user=0.02 sys=0.00, real=0.01 secs] 
165.900: Total time for which application threads were stopped: 0.0066760 seconds, Stopping threads took: 0.0000340 seconds
166.486: Application time: 0.5856950 seconds
166.486: [Full GC [PSYoungGen: 43008K->0K(50176K)] [ParOldGen: 78917K->74583K(114176K)] 121925K->74583K(164352K) [PSPermGen: 5179K->5179K(21504K)], 0.0052250 secs] [Times: user=0.02 sys=0.00, real=0.00 secs] 
166.491: Total time for which application threads were stopped: 0.0054130 seconds, Stopping threads took: 0.0000860 seconds
167.007: Application time: 0.5163830 seconds
167.007: [Full GC [PSYoungGen: 42951K->0K(50176K)] [ParOldGen: 74583K->75509K(114176K)] 117535K->75509K(164352K) [PSPermGen: 5179K->5179K(21504K)], 0.0052630 secs] [Times: user=0.02 sys=0.00, real=0.01 secs] 
167.013: Total time for which application threads were stopped: 0.0054510 seconds, Stopping threads took: 0.0000820 seconds
167.579: Application time: 0.5662640 seconds
167.579: [Full GC [PSYoungGen: 42839K->0K(50176K)] [ParOldGen: 75509K->74584K(114176K)] 118349K->74584K(164352K) [PSPermGen: 5179K->5179K(21504K)], 0.0047580 secs] [Times: user=0.02 sys=0.00, real=0.01 secs] 
167.584: Total time for which application threads were stopped: 0.0049580 seconds, Stopping threads took: 0.0000990 seconds
168.128: Application time: 0.5435920 seconds
168.128: [Full GC [PSYoungGen: 42986K->0K(50176K)] [ParOldGen: 74584K->75114K(114176K)] 117570K->75114K(164352K) [PSPermGen: 5179K->5179K(21504K)], 0.0049820 secs] [Times: user=0.02 sys=0.01, real=0.01 secs] 
168.133: Total time for which application threads were stopped: 0.0051530 seconds, Stopping threads took: 0.0000740 seconds
168.665: Application time: 0.5325520 seconds
168.665: Total time for which application threads were stopped: 0.0001120 seconds, Stopping threads took: 0.0000750 seconds
168.667: Application time: 0.0017350 seconds
168.667: [Full GC [PSYoungGen: 43006K->0K(50176K)] [ParOldGen: 75313K->74782K(114176K)] 118319K->74782K(164352K) [PSPermGen: 5179K->5179K(21504K)], 0.0046950 secs] [Times: user=0.02 sys=0.00, real=0.01 secs] 
168.672: Total time for which application threads were stopped: 0.0048210 seconds, Stopping threads took: 0.0000430 seconds
169.267: Application time: 0.5949890 seconds
169.267: [Full GC [PSYoungGen: 43008K->0K(50176K)] [ParOldGen: 79528K->74782K(114176K)] 122536K->74782K(164352K) [PSPermGen: 5179K->5179K(21504K)], 0.0047480 secs] [Times: user=0.01 sys=0.00, real=0.01 secs] 
169.272: Total time for which application threads were stopped: 0.0049230 seconds, Stopping threads took: 0.0000760 seconds
169.830: Application time: 0.5578480 seconds
169.830: [Full GC [PSYoungGen: 42927K->0K(50176K)] [ParOldGen: 74782K->74783K(114176K)] 117709K->74783K(164352K) [PSPermGen: 5179K->5179K(21504K)], 0.0050840 secs] [Times: user=0.01 sys=0.00, real=0.01 secs] 
169.835: Total time for which application threads were stopped: 0.0052590 seconds, Stopping threads took: 0.0000760 seconds
170.338: Application time: 0.5034380 seconds
170.339: [Full GC [PSYoungGen: 42866K->0K(50176K)] [ParOldGen: 74783K->74576K(114176K)] 117649K->74576K(164352K) [PSPermGen: 5179K->5179K(21504K)], 0.0048900 secs] [Times: user=0.02 sys=0.00, real=0.01 secs] 
170.344: Total time for which application threads were stopped: 0.0050690 seconds, Stopping threads took: 0.0000830 seconds
170.844: Application time: 0.5006010 seconds
170.844: [Full GC [PSYoungGen: 42962K->0K(50176K)] [ParOldGen: 74576K->75313K(114176K)] 117538K->75313K(164352K) [PSPermGen: 5179K->5179K(21504K)], 0.0051000 secs] [Times: user=0.02 sys=0.00, real=0.00 secs] 
170.849: Total time for which application threads were stopped: 0.0052630 seconds, Stopping threads took: 0.0000640 seconds
171.417: Application time: 0.5678710 seconds
171.417: Total time for which application threads were stopped: 0.0001180 seconds, Stopping threads took: 0.0000800 seconds
171.418: Application time: 0.0010460 seconds
171.418: [Full GC [PSYoungGen: 42972K->0K(50176K)] [ParOldGen: 75576K->74388K(114176K)] 118548K->74388K(164352K) [PSPermGen: 5179K->5179K(21504K)], 0.0065990 secs] [Times: user=0.02 sys=0.00, real=0.01 secs] 
171.425: Total time for which application threads were stopped: 0.0067290 seconds, Stopping threads took: 0.0000490 seconds
172.013: Application time: 0.5881830 seconds
172.013: Total time for which application threads were stopped: 0.0001070 seconds, Stopping threads took: 0.0000730 seconds
172.014: Application time: 0.0007370 seconds
172.014: [Full GC [PSYoungGen: 43008K->0K(50176K)] [ParOldGen: 79588K->74783K(114176K)] 122596K->74783K(164352K) [PSPermGen: 5179K->5179K(21504K)], 0.0050000 secs] [Times: user=0.02 sys=0.00, real=0.00 secs] 
172.019: Total time for which application threads were stopped: 0.0051310 seconds, Stopping threads took: 0.0000490 seconds
172.559: Application time: 0.5392880 seconds
172.559: [Full GC [PSYoungGen: 43008K->0K(50176K)] [ParOldGen: 77094K->75179K(114176K)] 120102K->75179K(164352K) [PSPermGen: 5179K->5179K(21504K)], 0.0051510 secs] [Times: user=0.02 sys=0.00, real=0.01 secs] 
172.564: Total time for which application threads were stopped: 0.0053420 seconds, Stopping threads took: 0.0000860 seconds
173.127: Application time: 0.5631640 seconds
173.127: [Full GC [PSYoungGen: 42932K->0K(50176K)] [ParOldGen: 75179K->75053K(114176K)] 118111K->75053K(164352K) [PSPermGen: 5179K->5179K(21504K)], 0.0049800 secs] [Times: user=0.02 sys=0.00, real=0.01 secs] 
173.132: Total time for which application threads were stopped: 0.0051600 seconds, Stopping threads took: 0.0000770 seconds
173.657: Application time: 0.5247900 seconds
173.657: [Full GC [PSYoungGen: 42991K->0K(50176K)] [ParOldGen: 75053K->75314K(114176K)] 118044K->75314K(164352K) [PSPermGen: 5179K->5179K(21504K)], 0.0051230 secs] [Times: user=0.02 sys=0.00, real=0.01 secs] 
173.662: Total time for which application threads were stopped: 0.0052910 seconds, Stopping threads took: 0.0000670 seconds
174.226: Application time: 0.5640230 seconds
174.227: [Full GC [PSYoungGen: 42932K->0K(50176K)] [ParOldGen: 75314K->74784K(114176K)] 118247K->74784K(164352K) [PSPermGen: 5179K->5179K(21504K)], 0.0049190 secs] [Times: user=0.02 sys=0.00, real=0.01 secs] 
174.231: Total time for which application threads were stopped: 0.0051160 seconds, Stopping threads took: 0.0000930 seconds
174.798: Application time: 0.5664690 seconds
174.798: [Full GC [PSYoungGen: 43002K->0K(50176K)] [ParOldGen: 74784K->74857K(114176K)] 117787K->74857K(164352K) [PSPermGen: 5179K->5179K(21504K)], 0.0049660 secs] [Times: user=0.02 sys=0.00, real=0.01 secs] 
174.803: Total time for which application threads were stopped: 0.0051350 seconds, Stopping threads took: 0.0000710 seconds
175.303: Application time: 0.4997440 seconds
175.303: Total time for which application threads were stopped: 0.0001050 seconds, Stopping threads took: 0.0000750 seconds
175.305: Application time: 0.0018490 seconds
175.305: [Full GC [PSYoungGen: 43000K->0K(50176K)] [ParOldGen: 74865K->73985K(114176K)] 117865K->73985K(164352K) [PSPermGen: 5179K->5179K(21504K)], 0.0045350 secs] [Times: user=0.01 sys=0.00, real=0.00 secs] 
175.309: Total time for which application threads were stopped: 0.0046510 seconds, Stopping threads took: 0.0000360 seconds
175.916: Application time: 0.6065620 seconds
175.916: [Full GC [PSYoungGen: 43008K->0K(50176K)] [ParOldGen: 80429K->74390K(114176K)] 123437K->74390K(164352K) [PSPermGen: 5179K->5179K(21504K)], 0.0048540 secs] [Times: user=0.01 sys=0.00, real=0.01 secs] 
175.921: Total time for which application threads were stopped: 0.0050350 seconds, Stopping threads took: 0.0000800 seconds
176.429: Application time: 0.5078240 seconds
176.429: [Full GC [PSYoungGen: 42856K->0K(50176K)] [ParOldGen: 74390K->74983K(114176K)] 117246K->74983K(164352K) [PSPermGen: 5179K->5179K(21504K)], 0.0049050 secs] [Times: user=0.02 sys=0.00, real=0.01 secs] 
176.434: Total time for which application threads were stopped: 0.0050850 seconds, Stopping threads took: 0.0000680 seconds
176.987: Application time: 0.5527420 seconds
176.987: [Full GC [PSYoungGen: 42998K->0K(50176K)] [ParOldGen: 74983K->74390K(114176K)] 117981K->74390K(164352K) [PSPermGen: 5179K->5179K(21504K)], 0.0051470 secs] [Times: user=0.02 sys=0.00, real=0.01 secs] 
176.992: Total time for which application threads were stopped: 0.0053200 seconds, Stopping threads took: 0.0000750 seconds
177.509: Application time: 0.5174220 seconds
177.510: [Full GC [PSYoungGen: 42990K->0K(50176K)] [ParOldGen: 74390K->74777K(114176K)] 117381K->74777K(164352K) [PSPermGen: 5179K->5179K(21504K)], 0.0050960 secs] [Times: user=0.02 sys=0.00, real=0.01 secs] 
177.515: Total time for which application threads were stopped: 0.0052880 seconds, Stopping threads took: 0.0000890 seconds
178.069: Application time: 0.5544460 seconds
178.069: Total time for which application threads were stopped: 0.0001380 seconds, Stopping threads took: 0.0000950 seconds
178.070: Application time: 0.0006230 seconds
178.070: [Full GC [PSYoungGen: 42876K->0K(50176K)] [ParOldGen: 75181K->74390K(114176K)] 118058K->74390K(164352K) [PSPermGen: 5179K->5179K(21504K)], 0.0050240 secs] [Times: user=0.02 sys=0.00, real=0.01 secs] 
178.075: Total time for which application threads were stopped: 0.0051510 seconds, Stopping threads took: 0.0000430 seconds
178.681: Application time: 0.6054020 seconds
178.681: Total time for which application threads were stopped: 0.0001110 seconds, Stopping threads took: 0.0000740 seconds
178.683: Application time: 0.0019840 seconds
178.683: [Full GC [PSYoungGen: 43008K->0K(50176K)] [ParOldGen: 80637K->73780K(114176K)] 123645K->73780K(164352K) [PSPermGen: 5179K->5179K(21504K)], 0.0047790 secs] [Times: user=0.02 sys=0.00, real=0.00 secs] 
178.688: Total time for which application threads were stopped: 0.0049010 seconds, Stopping threads took: 0.0000370 seconds
179.291: Application time: 0.6033550 seconds
179.291: [Full GC [PSYoungGen: 43008K->0K(50176K)] [ParOldGen: 79741K->74392K(114176K)] 122749K->74392K(164352K) [PSPermGen: 5179K->5179K(21504K)], 0.0051230 secs] [Times: user=0.02 sys=0.00, real=0.01 secs] 
179.296: Total time for which application threads were stopped: 0.0053050 seconds, Stopping threads took: 0.0000800 seconds
179.815: Application time: 0.5188230 seconds
179.815: Total time for which application threads were stopped: 0.0001120 seconds, Stopping threads took: 0.0000810 seconds
179.815: Application time: 0.0000480 seconds
179.815: [Full GC [PSYoungGen: 42926K->0K(50176K)] [ParOldGen: 74662K->74850K(114176K)] 117589K->74850K(164352K) [PSPermGen: 5179K->5179K(21504K)], 0.0050320 secs] [Times: user=0.01 sys=0.00, real=0.01 secs] 
179.820: Total time for which application threads were stopped: 0.0051650 seconds, Stopping threads took: 0.0000490 seconds
180.411: Application time: 0.5904440 seconds
180.411: [Full GC [PSYoungGen: 43008K->0K(50176K)] [ParOldGen: 78779K->75254K(114176K)] 121787K->75254K(164352K) [PSPermGen: 5179K->5179K(21504K)], 0.0049740 secs] [Times: user=0.01 sys=0.00, real=0.01 secs] 
180.416: Total time for which application threads were stopped: 0.0051530 seconds, Stopping threads took: 0.0000800 seconds
180.977: Application time: 0.5613340 seconds
180.977: Total time for which application threads were stopped: 0.0001150 seconds, Stopping threads took: 0.0000780 seconds
180.979: Application time: 0.0018150 seconds
180.979: [Full GC [PSYoungGen: 43004K->0K(50176K)] [ParOldGen: 75532K->74185K(114176K)] 118536K->74185K(164352K) [PSPermGen: 5179K->5179K(21504K)], 0.0046150 secs] [Times: user=0.02 sys=0.00, real=0.01 secs] 
180.984: Total time for which application threads were stopped: 0.0047430 seconds, Stopping threads took: 0.0000410 seconds
181.554: Application time: 0.5704200 seconds
181.554: [Full GC [PSYoungGen: 43008K->0K(50176K)] [ParOldGen: 78106K->75183K(114176K)] 121114K->75183K(164352K) [PSPermGen: 5179K->5179K(21504K)], 0.0051640 secs] [Times: user=0.02 sys=0.00, real=0.01 secs] 
181.560: Total time for which application threads were stopped: 0.0053380 seconds, Stopping threads took: 0.0000670 seconds
182.094: Application time: 0.5341640 seconds
182.094: Total time for which application threads were stopped: 0.0001110 seconds, Stopping threads took: 0.0000740 seconds
182.096: Application time: 0.0021840 seconds
182.096: [Full GC [PSYoungGen: 43007K->0K(50176K)] [ParOldGen: 75723K->74590K(114176K)] 118730K->74590K(164352K) [PSPermGen: 5179K->5179K(21504K)], 0.0046660 secs] [Times: user=0.02 sys=0.00, real=0.01 secs] 
182.101: Total time for which application threads were stopped: 0.0047940 seconds, Stopping threads took: 0.0000440 seconds
182.674: Application time: 0.5726020 seconds
182.674: [Full GC [PSYoungGen: 43008K->0K(50176K)] [ParOldGen: 79328K->75183K(114176K)] 122336K->75183K(164352K) [PSPermGen: 5179K->5179K(21504K)], 0.0050430 secs] [Times: user=0.02 sys=0.00, real=0.00 secs] 
182.679: Total time for which application threads were stopped: 0.0052140 seconds, Stopping threads took: 0.0000720 seconds
183.218: Application time: 0.5393520 seconds
183.218: [Full GC [PSYoungGen: 42912K->0K(50176K)] [ParOldGen: 75183K->75058K(114176K)] 118096K->75058K(164352K) [PSPermGen: 5179K->5179K(21504K)], 0.0051390 secs] [Times: user=0.01 sys=0.01, real=0.01 secs] 
183.223: Total time for which application threads were stopped: 0.0053290 seconds, Stopping threads took: 0.0000750 seconds
183.743: Application time: 0.5197130 seconds
183.743: [Full GC [PSYoungGen: 42947K->0K(50176K)] [ParOldGen: 75058K->75058K(114176K)] 118006K->75058K(164352K) [PSPermGen: 5179K->5179K(21504K)], 0.0052540 secs] [Times: user=0.02 sys=0.00, real=0.00 secs] 
183.749: Total time for which application threads were stopped: 0.0054340 seconds, Stopping threads took: 0.0000830 seconds
184.288: Application time: 0.5397950 seconds
184.289: Total time for which application threads were stopped: 0.0001020 seconds, Stopping threads took: 0.0000750 seconds
184.289: Application time: 0.0000540 seconds
184.289: [Full GC [PSYoungGen: 42959K->0K(50176K)] [ParOldGen: 75193K->74915K(114176K)] 118153K->74915K(164352K) [PSPermGen: 5179K->5179K(21504K)], 0.0047280 secs] [Times: user=0.02 sys=0.00, real=0.01 secs] 
184.293: Total time for which application threads were stopped: 0.0048430 seconds, Stopping threads took: 0.0000330 seconds
184.897: Application time: 0.6040890 seconds
184.898: [Full GC [PSYoungGen: 43008K->0K(50176K)] [ParOldGen: 80994K->74924K(114176K)] 124002K->74924K(164352K) [PSPermGen: 5179K->5179K(21504K)], 0.0050040 secs] [Times: user=0.02 sys=0.00, real=0.01 secs] 
184.903: Total time for which application threads were stopped: 0.0051630 seconds, Stopping threads took: 0.0000600 seconds
185.458: Application time: 0.5556220 seconds
185.458: [Full GC [PSYoungGen: 42945K->0K(50176K)] [ParOldGen: 74924K->74924K(114176K)] 117869K->74924K(164352K) [PSPermGen: 5179K->5179K(21504K)], 0.0048980 secs] [Times: user=0.02 sys=0.00, real=0.01 secs] 
185.463: Total time for which application threads were stopped: 0.0050820 seconds, Stopping threads took: 0.0000790 seconds
185.989: Application time: 0.5255790 seconds
185.989: [Full GC [PSYoungGen: 42976K->0K(50176K)] [ParOldGen: 74924K->75257K(114176K)] 117900K->75257K(164352K) [PSPermGen: 5179K->5179K(21504K)], 0.0050560 secs] [Times: user=0.02 sys=0.00, real=0.01 secs] 
185.994: Total time for which application threads were stopped: 0.0052350 seconds, Stopping threads took: 0.0000740 seconds
186.545: Application time: 0.5510620 seconds
186.545: Total time for which application threads were stopped: 0.0000980 seconds, Stopping threads took: 0.0000650 seconds
186.546: Application time: 0.0009360 seconds
186.546: [Full GC [PSYoungGen: 43006K->0K(50176K)] [ParOldGen: 75661K->74790K(114176K)] 118668K->74790K(164352K) [PSPermGen: 5179K->5179K(21504K)], 0.0046740 secs] [Times: user=0.01 sys=0.00, real=0.00 secs] 
186.551: Total time for which application threads were stopped: 0.0048070 seconds, Stopping threads took: 0.0000510 seconds
187.156: Application time: 0.6051580 seconds
187.156: Total time for which application threads were stopped: 0.0001240 seconds, Stopping threads took: 0.0000870 seconds
187.157: Application time: 0.0006540 seconds
187.157: [Full GC [PSYoungGen: 43008K->0K(50176K)] [ParOldGen: 80837K->74197K(114176K)] 123845K->74197K(164352K) [PSPermGen: 5179K->5179K(21504K)], 0.0049330 secs] [Times: user=0.02 sys=0.00, real=0.01 secs] 
187.162: Total time for which application threads were stopped: 0.0050750 seconds, Stopping threads took: 0.0000590 seconds
187.760: Application time: 0.5983360 seconds
187.761: [Full GC [PSYoungGen: 43008K->0K(50176K)] [ParOldGen: 79340K->74988K(114176K)] 122348K->74988K(164352K) [PSPermGen: 5179K->5179K(21504K)], 0.0048850 secs] [Times: user=0.02 sys=0.00, real=0.00 secs] 
187.766: Total time for which application threads were stopped: 0.0050690 seconds, Stopping threads took: 0.0000840 seconds
188.277: Application time: 0.5111290 seconds
188.277: [Full GC [PSYoungGen: 42986K->0K(50176K)] [ParOldGen: 74988K->75456K(114176K)] 117975K->75456K(164352K) [PSPermGen: 5179K->5179K(21504K)], 0.0050990 secs] [Times: user=0.02 sys=0.00, real=0.01 secs] 
188.282: Total time for which application threads were stopped: 0.0052690 seconds, Stopping threads took: 0.0000710 seconds
188.817: Application time: 0.5348130 seconds
188.817: Total time for which application threads were stopped: 0.0001060 seconds, Stopping threads took: 0.0000700 seconds
188.817: Application time: 0.0005700 seconds
188.818: [Full GC [PSYoungGen: 42934K->0K(50176K)] [ParOldGen: 75726K->75186K(114176K)] 118660K->75186K(164352K) [PSPermGen: 5179K->5179K(21504K)], 0.0048410 secs] [Times: user=0.02 sys=0.00, real=0.01 secs] 
188.822: Total time for which application threads were stopped: 0.0049940 seconds, Stopping threads took: 0.0000680 seconds
189.383: Application time: 0.5606790 seconds
189.383: [Full GC [PSYoungGen: 43008K->0K(50176K)] [ParOldGen: 78287K->74989K(114176K)] 121295K->74989K(164352K) [PSPermGen: 5179K->5179K(21504K)], 0.0049190 secs] [Times: user=0.01 sys=0.00, real=0.00 secs] 
189.388: Total time for which application threads were stopped: 0.0051120 seconds, Stopping threads took: 0.0000910 seconds
189.942: Application time: 0.5535270 seconds
189.942: Total time for which application threads were stopped: 0.0001210 seconds, Stopping threads took: 0.0000830 seconds
189.943: Application time: 0.0013880 seconds
189.943: [Full GC [PSYoungGen: 42884K->0K(50176K)] [ParOldGen: 75259K->74791K(114176K)] 118144K->74791K(164352K) [PSPermGen: 5179K->5179K(21504K)], 0.0050890 secs] [Times: user=0.02 sys=0.00, real=0.00 secs] 
189.948: Total time for which application threads were stopped: 0.0052170 seconds, Stopping threads took: 0.0000470 seconds
190.511: Application time: 0.5629260 seconds
190.512: [Full GC [PSYoungGen: 43008K->0K(50176K)] [ParOldGen: 78739K->75212K(114176K)] 121747K->75212K(164352K) [PSPermGen: 5179K->5179K(21504K)], 0.0051460 secs] [Times: user=0.02 sys=0.00, real=0.00 secs] 
190.517: Total time for which application threads were stopped: 0.0053210 seconds, Stopping threads took: 0.0000770 seconds
191.053: Application time: 0.5363150 seconds
191.053: [Full GC [PSYoungGen: 42912K->0K(50176K)] [ParOldGen: 75212K->74990K(114176K)] 118124K->74990K(164352K) [PSPermGen: 5179K->5179K(21504K)], 0.0050620 secs] [Times: user=0.02 sys=0.00, real=0.00 secs] 
191.058: Total time for which application threads were stopped: 0.0052360 seconds, Stopping threads took: 0.0000730 seconds
191.612: Application time: 0.5537360 seconds
191.612: [Full GC [PSYoungGen: 42923K->0K(50176K)] [ParOldGen: 74990K->75457K(114176K)] 117913K->75457K(164352K) [PSPermGen: 5179K->5179K(21504K)], 0.0051260 secs] [Times: user=0.02 sys=0.00, real=0.00 secs] 
191.617: Total time for which application threads were stopped: 0.0053080 seconds, Stopping threads took: 0.0000770 seconds
192.134: Application time: 0.5162920 seconds
192.134: [Full GC [PSYoungGen: 42924K->0K(50176K)] [ParOldGen: 75457K->75458K(114176K)] 118382K->75458K(164352K) [PSPermGen: 5179K->5179K(21504K)], 0.0050410 secs] [Times: user=0.02 sys=0.00, real=0.00 secs] 
192.139: Total time for which application threads were stopped: 0.0052120 seconds, Stopping threads took: 0.0000580 seconds
192.717: Application time: 0.5777620 seconds
192.717: [Full GC [PSYoungGen: 43000K->0K(50176K)] [ParOldGen: 75458K->74992K(114176K)] 118458K->74992K(164352K) [PSPermGen: 5179K->5179K(21504K)], 0.0048470 secs] [Times: user=0.02 sys=0.00, real=0.01 secs] 
192.722: Total time for which application threads were stopped: 0.0050260 seconds, Stopping threads took: 0.0000720 seconds
193.241: Application time: 0.5193490 seconds
193.241: [Full GC [PSYoungGen: 42934K->0K(50176K)] [ParOldGen: 74992K->74596K(114176K)] 117926K->74596K(164352K) [PSPermGen: 5179K->5179K(21504K)], 0.0047690 secs] [Times: user=0.02 sys=0.00, real=0.00 secs] 
193.246: Total time for which application threads were stopped: 0.0049400 seconds, Stopping threads took: 0.0000710 seconds
193.737: Application time: 0.4914940 seconds
193.738: [Full GC [PSYoungGen: 42925K->0K(50176K)] [ParOldGen: 74596K->75261K(114176K)] 117522K->75261K(164352K) [PSPermGen: 5179K->5179K(21504K)], 0.0050370 secs] [Times: user=0.02 sys=0.00, real=0.01 secs] 
193.743: Total time for which application threads were stopped: 0.0052170 seconds, Stopping threads took: 0.0000900 seconds
194.282: Application time: 0.5390620 seconds
194.282: [Full GC [PSYoungGen: 42817K->0K(50176K)] [ParOldGen: 75261K->74596K(114176K)] 118078K->74596K(164352K) [PSPermGen: 5179K->5179K(21504K)], 0.0050220 secs] [Times: user=0.02 sys=0.00, real=0.00 secs] 
194.287: Total time for which application threads were stopped: 0.0052100 seconds, Stopping threads took: 0.0000850 seconds
194.797: Application time: 0.5104550 seconds
194.798: [Full GC [PSYoungGen: 42900K->0K(50176K)] [ParOldGen: 74596K->75387K(114176K)] 117497K->75387K(164352K) [PSPermGen: 5179K->5179K(21504K)], 0.0051900 secs] [Times: user=0.01 sys=0.00, real=0.01 secs] 
194.803: Total time for which application threads were stopped: 0.0053880 seconds, Stopping threads took: 0.0000990 seconds
195.373: Application time: 0.5706160 seconds
195.373: Total time for which application threads were stopped: 0.0001060 seconds, Stopping threads took: 0.0000700 seconds
195.374: Application time: 0.0001140 seconds
195.374: [Full GC [PSYoungGen: 42965K->0K(50176K)] [ParOldGen: 75586K->74596K(114176K)] 118552K->74596K(164352K) [PSPermGen: 5179K->5179K(21504K)], 0.0050890 secs] [Times: user=0.02 sys=0.00, real=0.00 secs] 
195.379: Total time for which application threads were stopped: 0.0052090 seconds, Stopping threads took: 0.0000420 seconds
195.982: Application time: 0.6034270 seconds
195.982: Total time for which application threads were stopped: 0.0001130 seconds, Stopping threads took: 0.0000760 seconds
195.983: Application time: 0.0006480 seconds
195.983: [Full GC [PSYoungGen: 43008K->0K(50176K)] [ParOldGen: 80549K->74597K(114176K)] 123557K->74597K(164352K) [PSPermGen: 5179K->5179K(21504K)], 0.0049320 secs] [Times: user=0.02 sys=0.00, real=0.00 secs] 
195.988: Total time for which application threads were stopped: 0.0050690 seconds, Stopping threads took: 0.0000510 seconds
196.567: Application time: 0.5786870 seconds
196.567: [Full GC [PSYoungGen: 43008K->0K(50176K)] [ParOldGen: 78574K->74819K(114176K)] 121582K->74819K(164352K) [PSPermGen: 5179K->5179K(21504K)], 0.0047840 secs] [Times: user=0.02 sys=0.00, real=0.01 secs] 
196.572: Total time for which application threads were stopped: 0.0049540 seconds, Stopping threads took: 0.0000700 seconds
197.100: Application time: 0.5279960 seconds
197.100: [Full GC [PSYoungGen: 42875K->0K(50176K)] [ParOldGen: 74819K->74795K(114176K)] 117695K->74795K(164352K) [PSPermGen: 5179K->5179K(21504K)], 0.0051290 secs] [Times: user=0.02 sys=0.00, real=0.00 secs] 
197.105: Total time for which application threads were stopped: 0.0053060 seconds, Stopping threads took: 0.0000750 seconds
197.665: Application time: 0.5600510 seconds
197.665: Total time for which application threads were stopped: 0.0001120 seconds, Stopping threads took: 0.0000770 seconds
197.666: Application time: 0.0008200 seconds
197.666: [Full GC [PSYoungGen: 42934K->0K(50176K)] [ParOldGen: 74930K->74597K(114176K)] 117864K->74597K(164352K) [PSPermGen: 5179K->5179K(21504K)], 0.0046960 secs] [Times: user=0.02 sys=0.00, real=0.00 secs] 
197.671: Total time for which application threads were stopped: 0.0048400 seconds, Stopping threads took: 0.0000590 seconds
198.246: Application time: 0.5751700 seconds
198.246: [Full GC [PSYoungGen: 43008K->0K(50176K)] [ParOldGen: 78590K->74795K(114176K)] 121598K->74795K(164352K) [PSPermGen: 5179K->5179K(21504K)], 0.0049400 secs] [Times: user=0.01 sys=0.00, real=0.00 secs] 
198.251: Total time for which application threads were stopped: 0.0051380 seconds, Stopping threads took: 0.0000990 seconds
198.782: Application time: 0.5313020 seconds
198.783: Total time for which application threads were stopped: 0.0001270 seconds, Stopping threads took: 0.0000880 seconds
198.783: Application time: 0.0000640 seconds
198.783: [Full GC [PSYoungGen: 42873K->0K(50176K)] [ParOldGen: 75065K->74265K(114176K)] 117939K->74265K(164352K) [PSPermGen: 5179K->5179K(21504K)], 0.0049930 secs] [Times: user=0.01 sys=0.00, real=0.00 secs] 
198.788: Total time for which application threads were stopped: 0.0051340 seconds, Stopping threads took: 0.0000570 seconds
199.357: Application time: 0.5693150 seconds
199.357: [Full GC [PSYoungGen: 43008K->0K(50176K)] [ParOldGen: 78384K->75191K(114176K)] 121392K->75191K(164352K) [PSPermGen: 5179K->5179K(21504K)], 0.0049730 secs] [Times: user=0.02 sys=0.00, real=0.01 secs] 
199.362: Total time for which application threads were stopped: 0.0051580 seconds, Stopping threads took: 0.0000840 seconds
199.877: Application time: 0.5144700 seconds
199.877: [Full GC [PSYoungGen: 42873K->0K(50176K)] [ParOldGen: 75191K->74401K(114176K)] 118065K->74401K(164352K) [PSPermGen: 5179K->5179K(21504K)], 0.0048740 secs] [Times: user=0.02 sys=0.00, real=0.01 secs] 
199.882: Total time for which application threads were stopped: 0.0050520 seconds, Stopping threads took: 0.0000750 seconds
200.397: Application time: 0.5148690 seconds
200.397: [Full GC [PSYoungGen: 42986K->0K(50176K)] [ParOldGen: 74401K->75192K(114176K)] 117387K->75192K(164352K) [PSPermGen: 5179K->5179K(21504K)], 0.0050840 secs] [Times: user=0.02 sys=0.00, real=0.01 secs] 
200.402: Total time for which application threads were stopped: 0.0052730 seconds, Stopping threads took: 0.0000910 seconds
200.926: Application time: 0.5238490 seconds
200.926: [Full GC [PSYoungGen: 42803K->0K(50176K)] [ParOldGen: 75192K->74599K(114176K)] 117995K->74599K(164352K) [PSPermGen: 5179K->5179K(21504K)], 0.0052930 secs] [Times: user=0.02 sys=0.00, real=0.00 secs] 
200.931: Total time for which application threads were stopped: 0.0054730 seconds, Stopping threads took: 0.0000820 seconds
201.472: Application time: 0.5407670 seconds
201.472: [Full GC [PSYoungGen: 42934K->0K(50176K)] [ParOldGen: 74599K->74994K(114176K)] 117533K->74994K(164352K) [PSPermGen: 5179K->5179K(21504K)], 0.0049480 secs] [Times: user=0.02 sys=0.00, real=0.00 secs] 
201.477: Total time for which application threads were stopped: 0.0051130 seconds, Stopping threads took: 0.0000650 seconds
202.028: Application time: 0.5511270 seconds
202.028: [Full GC [PSYoungGen: 42915K->0K(50176K)] [ParOldGen: 74994K->75067K(114176K)] 117910K->75067K(164352K) [PSPermGen: 5179K->5179K(21504K)], 0.0049340 secs] [Times: user=0.01 sys=0.00, real=0.01 secs] 
202.033: Total time for which application threads were stopped: 0.0051040 seconds, Stopping threads took: 0.0000690 seconds
202.572: Application time: 0.5382350 seconds
202.572: [Full GC [PSYoungGen: 42997K->0K(50176K)] [ParOldGen: 75067K->74995K(114176K)] 118064K->74995K(164352K) [PSPermGen: 5179K->5179K(21504K)], 0.0048780 secs] [Times: user=0.02 sys=0.00, real=0.00 secs] 
202.577: Total time for which application threads were stopped: 0.0050440 seconds, Stopping threads took: 0.0000670 seconds
203.141: Application time: 0.5641120 seconds
203.141: [Full GC [PSYoungGen: 42921K->0K(50176K)] [ParOldGen: 74995K->74393K(114176K)] 117917K->74393K(164352K) [PSPermGen: 5179K->5179K(21504K)], 0.0047350 secs] [Times: user=0.02 sys=0.00, real=0.00 secs] 
203.146: Total time for which application threads were stopped: 0.0049170 seconds, Stopping threads took: 0.0000710 seconds
203.639: Application time: 0.4930310 seconds
203.639: [Full GC [PSYoungGen: 42997K->0K(50176K)] [ParOldGen: 74393K->74933K(114176K)] 117391K->74933K(164352K) [PSPermGen: 5179K->5179K(21504K)], 0.0049890 secs] [Times: user=0.02 sys=0.00, real=0.01 secs] 
203.644: Total time for which application threads were stopped: 0.0051870 seconds, Stopping threads took: 0.0001050 seconds
204.159: Application time: 0.5151020 seconds
204.159: [Full GC [PSYoungGen: 42903K->0K(50176K)] [ParOldGen: 74933K->75391K(114176K)] 117836K->75391K(164352K) [PSPermGen: 5179K->5179K(21504K)], 0.0050150 secs] [Times: user=0.02 sys=0.00, real=0.01 secs] 
204.164: Total time for which application threads were stopped: 0.0051830 seconds, Stopping threads took: 0.0000690 seconds
204.722: Application time: 0.5574440 seconds
204.722: Total time for which application threads were stopped: 0.0001170 seconds, Stopping threads took: 0.0000730 seconds
204.723: Application time: 0.0012030 seconds
204.723: [Full GC [PSYoungGen: 42965K->0K(50176K)] [ParOldGen: 76200K->74601K(114176K)] 119165K->74601K(164352K) [PSPermGen: 5179K->5179K(21504K)], 0.0052330 secs] [Times: user=0.02 sys=0.00, real=0.00 secs] 
204.728: Total time for which application threads were stopped: 0.0053710 seconds, Stopping threads took: 0.0000570 seconds
205.267: Application time: 0.5383760 seconds
205.267: [Full GC [PSYoungGen: 43008K->0K(50176K)] [ParOldGen: 75203K->75170K(114176K)] 118211K->75170K(164352K) [PSPermGen: 5179K->5179K(21504K)], 0.0052640 secs] [Times: user=0.02 sys=0.00, real=0.01 secs] 
205.272: Total time for which application threads were stopped: 0.0054360 seconds, Stopping threads took: 0.0000700 seconds
205.811: Application time: 0.5384160 seconds
205.811: [Full GC [PSYoungGen: 42782K->0K(50176K)] [ParOldGen: 75170K->75194K(114176K)] 117952K->75194K(164352K) [PSPermGen: 5179K->5179K(21504K)], 0.0048700 secs] [Times: user=0.02 sys=0.00, real=0.01 secs] 
205.816: Total time for which application threads were stopped: 0.0050700 seconds, Stopping threads took: 0.0000950 seconds
206.366: Application time: 0.5504150 seconds
206.366: [Full GC [PSYoungGen: 42956K->0K(50176K)] [ParOldGen: 75194K->74601K(114176K)] 118150K->74601K(164352K) [PSPermGen: 5179K->5179K(21504K)], 0.0051340 secs] [Times: user=0.02 sys=0.00, real=0.00 secs] 
206.371: Total time for which application threads were stopped: 0.0053300 seconds, Stopping threads took: 0.0000970 seconds
206.897: Application time: 0.5254540 seconds
206.897: [Full GC [PSYoungGen: 42830K->0K(50176K)] [ParOldGen: 74601K->75195K(114176K)] 117432K->75195K(164352K) [PSPermGen: 5179K->5179K(21504K)], 0.0050650 secs] [Times: user=0.02 sys=0.00, real=0.01 secs] 
206.902: Total time for which application threads were stopped: 0.0052360 seconds, Stopping threads took: 0.0000660 seconds
207.442: Application time: 0.5400680 seconds
207.442: [Full GC [PSYoungGen: 42858K->0K(50176K)] [ParOldGen: 75195K->75195K(114176K)] 118054K->75195K(164352K) [PSPermGen: 5179K->5179K(21504K)], 0.0049200 secs] [Times: user=0.01 sys=0.00, real=0.00 secs] 
207.447: Total time for which application threads were stopped: 0.0051050 seconds, Stopping threads took: 0.0000800 seconds
207.949: Application time: 0.5017800 seconds
207.949: [Full GC [PSYoungGen: 42984K->0K(50176K)] [ParOldGen: 75195K->75663K(114176K)] 118179K->75663K(164352K) [PSPermGen: 5179K->5179K(21504K)], 0.0052910 secs] [Times: user=0.02 sys=0.00, real=0.01 secs] 
207.955: Total time for which application threads were stopped: 0.0054580 seconds, Stopping threads took: 0.0000670 seconds
208.493: Application time: 0.5380750 seconds
208.493: [Full GC [PSYoungGen: 43008K->0K(50176K)] [ParOldGen: 75663K->74800K(114176K)] 118671K->74800K(164352K) [PSPermGen: 5179K->5179K(21504K)], 0.0051850 secs] [Times: user=0.02 sys=0.00, real=0.00 secs] 
208.498: Total time for which application threads were stopped: 0.0053690 seconds, Stopping threads took: 0.0000830 seconds
209.033: Application time: 0.5349510 seconds
209.033: [Full GC [PSYoungGen: 42909K->0K(50176K)] [ParOldGen: 74800K->75196K(114176K)] 117710K->75196K(164352K) [PSPermGen: 5179K->5179K(21504K)], 0.0050720 secs] [Times: user=0.02 sys=0.00, real=0.00 secs] 
209.038: Total time for which application threads were stopped: 0.0052410 seconds, Stopping threads took: 0.0000690 seconds
209.552: Application time: 0.5135820 seconds
209.552: Total time for which application threads were stopped: 0.0001190 seconds, Stopping threads took: 0.0000860 seconds
209.552: Application time: 0.0000830 seconds
209.552: [Full GC [PSYoungGen: 42882K->0K(50176K)] [ParOldGen: 75465K->75061K(114176K)] 118348K->75061K(164352K) [PSPermGen: 5179K->5179K(21504K)], 0.0050900 secs] [Times: user=0.02 sys=0.00, real=0.00 secs] 
209.557: Total time for which application threads were stopped: 0.0052340 seconds, Stopping threads took: 0.0000590 seconds
210.173: Application time: 0.6156410 seconds
210.173: [Full GC [PSYoungGen: 43008K->0K(50176K)] [ParOldGen: 81712K->75419K(114176K)] 124720K->75419K(164352K) [PSPermGen: 5179K->5179K(21504K)], 0.0049830 secs] [Times: user=0.01 sys=0.00, real=0.00 secs] 
210.178: Total time for which application threads were stopped: 0.0051520 seconds, Stopping threads took: 0.0000700 seconds
210.741: Application time: 0.5629520 seconds
210.741: [Full GC [PSYoungGen: 43000K->0K(50176K)] [ParOldGen: 75419K->74802K(114176K)] 118419K->74802K(164352K) [PSPermGen: 5179K->5179K(21504K)], 0.0048690 secs] [Times: user=0.02 sys=0.00, real=0.00 secs] 
210.746: Total time for which application threads were stopped: 0.0050640 seconds, Stopping threads took: 0.0000890 seconds
211.276: Application time: 0.5297120 seconds
211.276: [Full GC [PSYoungGen: 42933K->0K(50176K)] [ParOldGen: 74802K->75071K(114176K)] 117736K->75071K(164352K) [PSPermGen: 5179K->5179K(21504K)], 0.0050180 secs] [Times: user=0.02 sys=0.00, real=0.01 secs] 
211.281: Total time for which application threads were stopped: 0.0052320 seconds, Stopping threads took: 0.0001100 seconds
211.849: Application time: 0.5676330 seconds
211.849: [Full GC [PSYoungGen: 42926K->0K(50176K)] [ParOldGen: 75071K->75071K(114176K)] 117997K->75071K(164352K) [PSPermGen: 5179K->5179K(21504K)], 0.0048700 secs] [Times: user=0.02 sys=0.00, real=0.01 secs] 
211.854: Total time for which application threads were stopped: 0.0050490 seconds, Stopping threads took: 0.0000780 seconds
212.357: Application time: 0.5029330 seconds
212.357: [Full GC [PSYoungGen: 42802K->0K(50176K)] [ParOldGen: 75071K->74604K(114176K)] 117873K->74604K(164352K) [PSPermGen: 5179K->5179K(21504K)], 0.0049420 secs] [Times: user=0.02 sys=0.00, real=0.01 secs] 
212.362: Total time for which application threads were stopped: 0.0051190 seconds, Stopping threads took: 0.0000800 seconds
212.856: Application time: 0.4940990 seconds
212.856: [Full GC [PSYoungGen: 42914K->0K(50176K)] [ParOldGen: 74604K->75198K(114176K)] 117518K->75198K(164352K) [PSPermGen: 5179K->5179K(21504K)], 0.0050010 secs] [Times: user=0.02 sys=0.00, real=0.01 secs] 
212.861: Total time for which application threads were stopped: 0.0051650 seconds, Stopping threads took: 0.0000740 seconds
213.430: Application time: 0.5686590 seconds
213.430: [Full GC [PSYoungGen: 42873K->0K(50176K)] [ParOldGen: 75198K->74605K(114176K)] 118071K->74605K(164352K) [PSPermGen: 5179K->5179K(21504K)], 0.0050250 secs] [Times: user=0.01 sys=0.00, real=0.01 secs] 
213.435: Total time for which application threads were stopped: 0.0051890 seconds, Stopping threads took: 0.0000690 seconds
213.947: Application time: 0.5119610 seconds
213.947: Total time for which application threads were stopped: 0.0001040 seconds, Stopping threads took: 0.0000680 seconds
213.947: Application time: 0.0000420 seconds
213.947: [Full GC [PSYoungGen: 42966K->0K(50176K)] [ParOldGen: 74669K->74398K(114176K)] 117636K->74398K(164352K) [PSPermGen: 5179K->5179K(21504K)], 0.0049790 secs] [Times: user=0.02 sys=0.00, real=0.01 secs] 
213.952: Total time for which application threads were stopped: 0.0050930 seconds, Stopping threads took: 0.0000290 seconds
214.574: Application time: 0.6224630 seconds
214.575: [Full GC [PSYoungGen: 43008K->0K(50176K)] [ParOldGen: 81285K->74803K(114176K)] 124293K->74803K(164352K) [PSPermGen: 5179K->5179K(21504K)], 0.0048780 secs] [Times: user=0.02 sys=0.00, real=0.01 secs] 
214.580: Total time for which application threads were stopped: 0.0050630 seconds, Stopping threads took: 0.0000820 seconds
215.135: Application time: 0.5558500 seconds
215.136: Total time for which application threads were stopped: 0.0001090 seconds, Stopping threads took: 0.0000770 seconds
215.136: Application time: 0.0000570 seconds
215.136: [Full GC [PSYoungGen: 42899K->0K(50176K)] [ParOldGen: 74937K->74803K(114176K)] 117837K->74803K(164352K) [PSPermGen: 5179K->5179K(21504K)], 0.0048590 secs] [Times: user=0.02 sys=0.00, real=0.01 secs] 
215.141: Total time for which application threads were stopped: 0.0049930 seconds, Stopping threads took: 0.0000490 seconds
215.745: Application time: 0.6041880 seconds
215.745: [Full GC [PSYoungGen: 43008K->0K(50176K)] [ParOldGen: 81151K->74875K(114176K)] 124159K->74875K(164352K) [PSPermGen: 5179K->5179K(21504K)], 0.0048010 secs] [Times: user=0.02 sys=0.00, real=0.00 secs] 
215.750: Total time for which application threads were stopped: 0.0049780 seconds, Stopping threads took: 0.0000780 seconds
216.267: Application time: 0.5173930 seconds
216.267: [Full GC [PSYoungGen: 42947K->0K(50176K)] [ParOldGen: 74875K->74875K(114176K)] 117823K->74875K(164352K) [PSPermGen: 5179K->5179K(21504K)], 0.0052250 secs] [Times: user=0.02 sys=0.00, real=0.01 secs] 
216.273: Total time for which application threads were stopped: 0.0054160 seconds, Stopping threads took: 0.0000860 seconds
216.833: Application time: 0.5605030 seconds
216.833: [Full GC [PSYoungGen: 42901K->0K(50176K)] [ParOldGen: 74875K->74732K(114176K)] 117777K->74732K(164352K) [PSPermGen: 5179K->5179K(21504K)], 0.0052280 secs] [Times: user=0.02 sys=0.00, real=0.00 secs] 
216.838: Total time for which application threads were stopped: 0.0054220 seconds, Stopping threads took: 0.0000960 seconds
217.367: Application time: 0.5288720 seconds
217.367: [Full GC [PSYoungGen: 42923K->0K(50176K)] [ParOldGen: 74732K->75199K(114176K)] 117656K->75199K(164352K) [PSPermGen: 5179K->5179K(21504K)], 0.0049460 secs] [Times: user=0.02 sys=0.00, real=0.01 secs] 
217.372: Total time for which application threads were stopped: 0.0051340 seconds, Stopping threads took: 0.0000880 seconds
217.883: Application time: 0.5108040 seconds
217.883: [Full GC [PSYoungGen: 42922K->0K(50176K)] [ParOldGen: 75199K->75200K(114176K)] 118122K->75200K(164352K) [PSPermGen: 5179K->5179K(21504K)], 0.0050230 secs] [Times: user=0.02 sys=0.00, real=0.00 secs] 
217.889: Total time for which application threads were stopped: 0.0052380 seconds, Stopping threads took: 0.0001060 seconds
218.432: Application time: 0.5438230 seconds
218.432: [Full GC [PSYoungGen: 42993K->0K(50176K)] [ParOldGen: 75200K->75335K(114176K)] 118193K->75335K(164352K) [PSPermGen: 5179K->5179K(21504K)], 0.0052460 secs] [Times: user=0.02 sys=0.00, real=0.00 secs] 
218.438: Total time for which application threads were stopped: 0.0054100 seconds, Stopping threads took: 0.0000660 seconds
218.998: Application time: 0.5598690 seconds
218.998: [Full GC [PSYoungGen: 43001K->0K(50176K)] [ParOldGen: 75335K->74940K(114176K)] 118336K->74940K(164352K) [PSPermGen: 5179K->5179K(21504K)], 0.0053640 secs] [Times: user=0.02 sys=0.00, real=0.01 secs] 
219.003: Total time for which application threads were stopped: 0.0055380 seconds, Stopping threads took: 0.0000730 seconds
219.499: Application time: 0.4959540 seconds
219.499: [Full GC [PSYoungGen: 42997K->0K(50176K)] [ParOldGen: 74940K->75138K(114176K)] 117937K->75138K(164352K) [PSPermGen: 5179K->5179K(21504K)], 0.0052650 secs] [Times: user=0.02 sys=0.00, real=0.01 secs] 
219.505: Total time for which application threads were stopped: 0.0054610 seconds, Stopping threads took: 0.0000950 seconds
220.036: Application time: 0.5312210 seconds
220.036: [Full GC [PSYoungGen: 42897K->0K(50176K)] [ParOldGen: 75138K->75201K(114176K)] 118035K->75201K(164352K) [PSPermGen: 5179K->5179K(21504K)], 0.0051500 secs] [Times: user=0.02 sys=0.00, real=0.01 secs] 
220.041: Total time for which application threads were stopped: 0.0053260 seconds, Stopping threads took: 0.0000770 seconds
220.592: Application time: 0.5512650 seconds
220.593: Total time for which application threads were stopped: 0.0001000 seconds, Stopping threads took: 0.0000670 seconds
220.594: Application time: 0.0015740 seconds
220.594: [Full GC [PSYoungGen: 42962K->0K(50176K)] [ParOldGen: 75605K->75201K(114176K)] 118567K->75201K(164352K) [PSPermGen: 5179K->5179K(21504K)], 0.0049140 secs] [Times: user=0.02 sys=0.00, real=0.00 secs] 
220.599: Total time for which application threads were stopped: 0.0050520 seconds, Stopping threads took: 0.0000560 seconds
221.190: Application time: 0.5907940 seconds
221.190: [Full GC [PSYoungGen: 43008K->0K(50176K)] [ParOldGen: 78052K->74743K(114176K)] 121060K->74743K(164352K) [PSPermGen: 5179K->5179K(21504K)], 0.0048560 secs] [Times: user=0.02 sys=0.00, real=0.01 secs] 
221.195: Total time for which application threads were stopped: 0.0050240 seconds, Stopping threads took: 0.0000680 seconds
221.712: Application time: 0.5173700 seconds
221.712: [Full GC [PSYoungGen: 42792K->0K(50176K)] [ParOldGen: 74743K->74806K(114176K)] 117536K->74806K(164352K) [PSPermGen: 5179K->5179K(21504K)], 0.0051740 secs] [Times: user=0.02 sys=0.00, real=0.00 secs] 
221.718: Total time for which application threads were stopped: 0.0053570 seconds, Stopping threads took: 0.0000830 seconds
222.254: Application time: 0.5358390 seconds
222.254: [Full GC [PSYoungGen: 42995K->0K(50176K)] [ParOldGen: 74806K->74743K(114176K)] 117802K->74743K(164352K) [PSPermGen: 5179K->5179K(21504K)], 0.0049220 secs] [Times: user=0.02 sys=0.00, real=0.00 secs] 
222.259: Total time for which application threads were stopped: 0.0050890 seconds, Stopping threads took: 0.0000660 seconds
222.775: Application time: 0.5163900 seconds
222.775: Total time for which application threads were stopped: 0.0001090 seconds, Stopping threads took: 0.0000760 seconds
222.775: Application time: 0.0000610 seconds
222.775: [Full GC [PSYoungGen: 42904K->0K(50176K)] [ParOldGen: 74878K->74932K(114176K)] 117782K->74932K(164352K) [PSPermGen: 5179K->5179K(21504K)], 0.0052910 secs] [Times: user=0.02 sys=0.00, real=0.01 secs] 
222.781: Total time for which application threads were stopped: 0.0054140 seconds, Stopping threads took: 0.0000400 seconds
223.400: Application time: 0.6197830 seconds
223.401: [Full GC [PSYoungGen: 43008K->0K(50176K)] [ParOldGen: 82288K->75004K(114176K)] 125296K->75004K(164352K) [PSPermGen: 5179K->5179K(21504K)], 0.0053750 secs] [Times: user=0.02 sys=0.00, real=0.00 secs] 
223.406: Total time for which application threads were stopped: 0.0055540 seconds, Stopping threads took: 0.0000800 seconds
223.956: Application time: 0.5502570 seconds
223.956: [Full GC [PSYoungGen: 42962K->0K(50176K)] [ParOldGen: 75004K->74609K(114176K)] 117967K->74609K(164352K) [PSPermGen: 5179K->5179K(21504K)], 0.0049740 secs] [Times: user=0.02 sys=0.00, real=0.01 secs] 
223.961: Total time for which application threads were stopped: 0.0051530 seconds, Stopping threads took: 0.0000790 seconds
224.450: Application time: 0.4891170 seconds
224.451: [Full GC [PSYoungGen: 42900K->0K(50176K)] [ParOldGen: 74609K->74879K(114176K)] 117509K->74879K(164352K) [PSPermGen: 5179K->5179K(21504K)], 0.0049670 secs] [Times: user=0.02 sys=0.00, real=0.01 secs] 
224.456: Total time for which application threads were stopped: 0.0051480 seconds, Stopping threads took: 0.0000840 seconds
225.006: Application time: 0.5504940 seconds
225.006: [Full GC [PSYoungGen: 42751K->0K(50176K)] [ParOldGen: 74879K->75203K(114176K)] 117631K->75203K(164352K) [PSPermGen: 5179K->5179K(21504K)], 0.0050330 secs] [Times: user=0.02 sys=0.00, real=0.00 secs] 
225.011: Total time for which application threads were stopped: 0.0052020 seconds, Stopping threads took: 0.0000670 seconds
225.535: Application time: 0.5238890 seconds
225.535: Total time for which application threads were stopped: 0.0001200 seconds, Stopping threads took: 0.0000810 seconds
225.536: Application time: 0.0007060 seconds
225.536: [Full GC [PSYoungGen: 42891K->0K(50176K)] [ParOldGen: 75472K->75401K(114176K)] 118363K->75401K(164352K) [PSPermGen: 5179K->5179K(21504K)], 0.0049400 secs] [Times: user=0.02 sys=0.00, real=0.01 secs] 
225.541: Total time for which application threads were stopped: 0.0050790 seconds, Stopping threads took: 0.0000550 seconds
226.124: Application time: 0.5828550 seconds
226.124: Total time for which application threads were stopped: 0.0001170 seconds, Stopping threads took: 0.0000830 seconds
226.125: Application time: 0.0013740 seconds
226.126: [Full GC [PSYoungGen: 43008K->0K(50176K)] [ParOldGen: 77390K->74403K(114176K)] 120398K->74403K(164352K) [PSPermGen: 5179K->5179K(21504K)], 0.0051410 secs] [Times: user=0.02 sys=0.00, real=0.00 secs] 
226.131: Total time for which application threads were stopped: 0.0052570 seconds, Stopping threads took: 0.0000340 seconds
226.736: Application time: 0.6055100 seconds
226.736: [Full GC [PSYoungGen: 43008K->0K(50176K)] [ParOldGen: 80967K->74611K(114176K)] 123975K->74611K(164352K) [PSPermGen: 5179K->5179K(21504K)], 0.0050640 secs] [Times: user=0.02 sys=0.00, real=0.01 secs] 
226.741: Total time for which application threads were stopped: 0.0052510 seconds, Stopping threads took: 0.0000870 seconds
227.270: Application time: 0.5281940 seconds
227.270: [Full GC [PSYoungGen: 42851K->0K(50176K)] [ParOldGen: 74611K->75204K(114176K)] 117462K->75204K(164352K) [PSPermGen: 5179K->5179K(21504K)], 0.0052550 secs] [Times: user=0.02 sys=0.00, real=0.01 secs] 
227.275: Total time for which application threads were stopped: 0.0054320 seconds, Stopping threads took: 0.0000780 seconds
227.798: Application time: 0.5224570 seconds
227.798: [Full GC [PSYoungGen: 42994K->0K(50176K)] [ParOldGen: 75204K->75079K(114176K)] 118198K->75079K(164352K) [PSPermGen: 5179K->5179K(21504K)], 0.0051030 secs] [Times: user=0.02 sys=0.00, real=0.01 secs] 
227.803: Total time for which application threads were stopped: 0.0053270 seconds, Stopping threads took: 0.0001200 seconds
228.331: Application time: 0.5279350 seconds
228.331: [Full GC [PSYoungGen: 42997K->0K(50176K)] [ParOldGen: 75079K->75007K(114176K)] 118076K->75007K(164352K) [PSPermGen: 5179K->5179K(21504K)], 0.0049520 secs] [Times: user=0.02 sys=0.00, real=0.01 secs] 
228.336: Total time for which application threads were stopped: 0.0051390 seconds, Stopping threads took: 0.0000890 seconds
228.879: Application time: 0.5433720 seconds
228.879: [Full GC [PSYoungGen: 42759K->0K(50176K)] [ParOldGen: 75007K->75007K(114176K)] 117766K->75007K(164352K) [PSPermGen: 5179K->5179K(21504K)], 0.0051850 secs] [Times: user=0.02 sys=0.00, real=0.00 secs] 
228.885: Total time for which application threads were stopped: 0.0053750 seconds, Stopping threads took: 0.0000870 seconds
229.391: Application time: 0.5058300 seconds
229.391: [Full GC [PSYoungGen: 42823K->0K(50176K)] [ParOldGen: 75007K->75205K(114176K)] 117830K->75205K(164352K) [PSPermGen: 5179K->5179K(21504K)], 0.0052340 secs] [Times: user=0.02 sys=0.00, real=0.01 secs] 
229.396: Total time for which application threads were stopped: 0.0054050 seconds, Stopping threads took: 0.0000720 seconds
229.917: Application time: 0.5210280 seconds
229.917: [Full GC [PSYoungGen: 42958K->0K(50176K)] [ParOldGen: 75205K->75340K(114176K)] 118164K->75340K(164352K) [PSPermGen: 5179K->5179K(21504K)], 0.0050900 secs] [Times: user=0.02 sys=0.00, real=0.01 secs] 
229.922: Total time for which application threads were stopped: 0.0052680 seconds, Stopping threads took: 0.0000780 seconds
230.468: Application time: 0.5459370 seconds
230.468: [Full GC [PSYoungGen: 42830K->0K(50176K)] [ParOldGen: 75340K->75173K(114176K)] 118170K->75173K(164352K) [PSPermGen: 5179K->5179K(21504K)], 0.0049400 secs] [Times: user=0.02 sys=0.00, real=0.01 secs] 
230.473: Total time for which application threads were stopped: 0.0051290 seconds, Stopping threads took: 0.0000920 seconds
231.017: Application time: 0.5434310 seconds
231.017: [Full GC [PSYoungGen: 42934K->0K(50176K)] [ParOldGen: 75173K->75047K(114176K)] 118107K->75047K(164352K) [PSPermGen: 5179K->5179K(21504K)], 0.0050280 secs] [Times: user=0.02 sys=0.00, real=0.01 secs] 
231.022: Total time for which application threads were stopped: 0.0052100 seconds, Stopping threads took: 0.0000840 seconds
231.547: Application time: 0.5250720 seconds
231.547: [Full GC [PSYoungGen: 42926K->0K(50176K)] [ParOldGen: 75047K->75047K(114176K)] 117973K->75047K(164352K) [PSPermGen: 5179K->5179K(21504K)], 0.0051370 secs] [Times: user=0.02 sys=0.00, real=0.01 secs] 
231.552: Total time for which application threads were stopped: 0.0053250 seconds, Stopping threads took: 0.0000830 seconds
232.082: Application time: 0.5300150 seconds
232.083: [Full GC [PSYoungGen: 42797K->0K(50176K)] [ParOldGen: 75047K->74580K(114176K)] 117845K->74580K(164352K) [PSPermGen: 5179K->5179K(21504K)], 0.0050620 secs] [Times: user=0.01 sys=0.01, real=0.00 secs] 
232.088: Total time for which application threads were stopped: 0.0052550 seconds, Stopping threads took: 0.0000900 seconds
232.615: Application time: 0.5274480 seconds
232.615: [Full GC [PSYoungGen: 42951K->0K(50176K)] [ParOldGen: 74580K->74778K(114176K)] 117531K->74778K(164352K) [PSPermGen: 5179K->5179K(21504K)], 0.0048880 secs] [Times: user=0.02 sys=0.00, real=0.01 secs] 
232.620: Total time for which application threads were stopped: 0.0050480 seconds, Stopping threads took: 0.0000590 seconds
233.150: Application time: 0.5298930 seconds
233.150: Total time for which application threads were stopped: 0.0001140 seconds, Stopping threads took: 0.0000830 seconds
233.151: Application time: 0.0006150 seconds
233.151: [Full GC [PSYoungGen: 42968K->0K(50176K)] [ParOldGen: 74842K->74976K(114176K)] 117811K->74976K(164352K) [PSPermGen: 5179K->5179K(21504K)], 0.0049950 secs] [Times: user=0.02 sys=0.00, real=0.01 secs] 
233.156: Total time for which application threads were stopped: 0.0051350 seconds, Stopping threads took: 0.0000580 seconds
233.727: Application time: 0.5708770 seconds
233.727: Total time for which application threads were stopped: 0.0001130 seconds, Stopping threads took: 0.0000730 seconds
233.728: Application time: 0.0011890 seconds
233.728: [Full GC [PSYoungGen: 43008K->0K(50176K)] [ParOldGen: 79047K->74572K(114176K)] 122055K->74572K(164352K) [PSPermGen: 5179K->5179K(21504K)], 0.0049020 secs] [Times: user=0.02 sys=0.00, real=0.01 secs] 
233.733: Total time for which application threads were stopped: 0.0050420 seconds, Stopping threads took: 0.0000550 seconds
234.324: Application time: 0.5905320 seconds
234.324: [Full GC [PSYoungGen: 43008K->0K(50176K)] [ParOldGen: 79659K->74779K(114176K)] 122667K->74779K(164352K) [PSPermGen: 5179K->5179K(21504K)], 0.0051410 secs] [Times: user=0.02 sys=0.00, real=0.00 secs] 
234.329: Total time for which application threads were stopped: 0.0053150 seconds, Stopping threads took: 0.0000720 seconds
234.866: Application time: 0.5368090 seconds
234.866: [Full GC [PSYoungGen: 42950K->0K(50176K)] [ParOldGen: 74779K->75507K(114176K)] 117729K->75507K(164352K) [PSPermGen: 5179K->5179K(21504K)], 0.0052870 secs] [Times: user=0.02 sys=0.00, real=0.00 secs] 
234.871: Total time for which application threads were stopped: 0.0054640 seconds, Stopping threads took: 0.0000760 seconds
235.412: Application time: 0.5411350 seconds
235.413: Total time for which application threads were stopped: 0.0001020 seconds, Stopping threads took: 0.0000700 seconds
235.413: Application time: 0.0000470 seconds
235.413: [Full GC [PSYoungGen: 42911K->0K(50176K)] [ParOldGen: 75642K->74582K(114176K)] 118553K->74582K(164352K) [PSPermGen: 5179K->5179K(21504K)], 0.0048040 secs] [Times: user=0.01 sys=0.00, real=0.00 secs] 
235.418: Total time for which application threads were stopped: 0.0049360 seconds, Stopping threads took: 0.0000490 seconds
236.021: Application time: 0.6030500 seconds
236.021: [Full GC [PSYoungGen: 43008K->0K(50176K)] [ParOldGen: 79622K->74360K(114176K)] 122630K->74360K(164352K) [PSPermGen: 5179K->5179K(21504K)], 0.0049560 secs] [Times: user=0.02 sys=0.00, real=0.00 secs] 
236.026: Total time for which application threads were stopped: 0.0051530 seconds, Stopping threads took: 0.0000840 seconds
236.561: Application time: 0.5350380 seconds
236.561: [Full GC [PSYoungGen: 42965K->0K(50176K)] [ParOldGen: 74360K->74915K(114176K)] 117325K->74915K(164352K) [PSPermGen: 5179K->5179K(21504K)], 0.0049010 secs] [Times: user=0.02 sys=0.00, real=0.00 secs] 
236.566: Total time for which application threads were stopped: 0.0051060 seconds, Stopping threads took: 0.0001020 seconds
237.088: Application time: 0.5223260 seconds
237.088: [Full GC [PSYoungGen: 42997K->0K(50176K)] [ParOldGen: 74915K->75247K(114176K)] 117912K->75247K(164352K) [PSPermGen: 5179K->5179K(21504K)], 0.0047990 secs] [Times: user=0.02 sys=0.00, real=0.01 secs] 
237.093: Total time for which application threads were stopped: 0.0049840 seconds, Stopping threads took: 0.0000770 seconds
237.639: Application time: 0.5458780 seconds
237.639: [Full GC [PSYoungGen: 42864K->0K(50176K)] [ParOldGen: 75247K->74781K(114176K)] 118112K->74781K(164352K) [PSPermGen: 5179K->5179K(21504K)], 0.0050230 secs] [Times: user=0.01 sys=0.00, real=0.01 secs] 
237.644: Total time for which application threads were stopped: 0.0052010 seconds, Stopping threads took: 0.0000760 seconds
238.161: Application time: 0.5171920 seconds
238.162: Total time for which application threads were stopped: 0.0001200 seconds, Stopping threads took: 0.0000820 seconds
238.164: Application time: 0.0022620 seconds
238.164: [Full GC [PSYoungGen: 43006K->0K(50176K)] [ParOldGen: 75050K->74178K(114176K)] 118057K->74178K(164352K) [PSPermGen: 5179K->5179K(21504K)], 0.0047330 secs] [Times: user=0.02 sys=0.00, real=0.00 secs] 
238.169: Total time for which application threads were stopped: 0.0048580 seconds, Stopping threads took: 0.0000390 seconds
238.777: Application time: 0.6081780 seconds
238.777: [Full GC [PSYoungGen: 43008K->0K(50176K)] [ParOldGen: 80449K->74583K(114176K)] 123457K->74583K(164352K) [PSPermGen: 5179K->5179K(21504K)], 0.0046070 secs] [Times: user=0.02 sys=0.00, real=0.01 secs] 
238.782: Total time for which application threads were stopped: 0.0047750 seconds, Stopping threads took: 0.0000690 seconds
239.294: Application time: 0.5122030 seconds
239.294: [Full GC [PSYoungGen: 42952K->0K(50176K)] [ParOldGen: 74583K->75311K(114176K)] 117536K->75311K(164352K) [PSPermGen: 5179K->5179K(21504K)], 0.0048980 secs] [Times: user=0.02 sys=0.00, real=0.00 secs] 
239.299: Total time for which application threads were stopped: 0.0050870 seconds, Stopping threads took: 0.0000890 seconds
239.842: Application time: 0.5426510 seconds
239.842: [Full GC [PSYoungGen: 42937K->0K(50176K)] [ParOldGen: 75311K->74853K(114176K)] 118249K->74853K(164352K) [PSPermGen: 5179K->5179K(21504K)], 0.0048360 secs] [Times: user=0.01 sys=0.00, real=0.00 secs] 
239.847: Total time for which application threads were stopped: 0.0050330 seconds, Stopping threads took: 0.0000960 seconds
240.364: Application time: 0.5173960 seconds
240.364: [Full GC [PSYoungGen: 42922K->0K(50176K)] [ParOldGen: 74853K->75177K(114176K)] 117776K->75177K(164352K) [PSPermGen: 5179K->5179K(21504K)], 0.0051840 secs] [Times: user=0.02 sys=0.00, real=0.00 secs] 
240.369: Total time for which application threads were stopped: 0.0053400 seconds, Stopping threads took: 0.0000560 seconds
240.923: Application time: 0.5533570 seconds
240.923: Total time for which application threads were stopped: 0.0001290 seconds, Stopping threads took: 0.0000910 seconds
240.924: Application time: 0.0014340 seconds
240.924: [Full GC [PSYoungGen: 42938K->0K(50176K)] [ParOldGen: 75312K->74979K(114176K)] 118251K->74979K(164352K) [PSPermGen: 5179K->5179K(21504K)], 0.0048920 secs] [Times: user=0.02 sys=0.00, real=0.00 secs] 
240.929: Total time for which application threads were stopped: 0.0050400 seconds, Stopping threads took: 0.0000610 seconds
241.539: Application time: 0.6101430 seconds
241.540: [Full GC [PSYoungGen: 43008K->0K(50176K)] [ParOldGen: 81898K->75250K(114176K)] 124906K->75250K(164352K) [PSPermGen: 5179K->5179K(21504K)], 0.0050080 secs] [Times: user=0.02 sys=0.00, real=0.00 secs] 
241.545: Total time for which application threads were stopped: 0.0052000 seconds, Stopping threads took: 0.0000780 seconds
242.091: Application time: 0.5465750 seconds
242.091: [Full GC [PSYoungGen: 42799K->0K(50176K)] [ParOldGen: 75250K->74782K(114176K)] 118050K->74782K(164352K) [PSPermGen: 5179K->5179K(21504K)], 0.0050310 secs] [Times: user=0.01 sys=0.00, real=0.01 secs] 
242.096: Total time for which application threads were stopped: 0.0052160 seconds, Stopping threads took: 0.0000830 seconds
242.623: Application time: 0.5267940 seconds
242.623: [Full GC [PSYoungGen: 42996K->0K(50176K)] [ParOldGen: 74782K->74657K(114176K)] 117779K->74657K(164352K) [PSPermGen: 5179K->5179K(21504K)], 0.0049820 secs] [Times: user=0.02 sys=0.00, real=0.00 secs] 
242.628: Total time for which application threads were stopped: 0.0051760 seconds, Stopping threads took: 0.0000880 seconds
243.159: Application time: 0.5302290 seconds
243.159: [Full GC [PSYoungGen: 42791K->0K(50176K)] [ParOldGen: 74657K->74783K(114176K)] 117448K->74783K(164352K) [PSPermGen: 5179K->5179K(21504K)], 0.0048280 secs] [Times: user=0.01 sys=0.00, real=0.01 secs] 
243.164: Total time for which application threads were stopped: 0.0050210 seconds, Stopping threads took: 0.0000890 seconds
243.693: Application time: 0.5295330 seconds
243.693: [Full GC [PSYoungGen: 42753K->0K(50176K)] [ParOldGen: 74783K->74783K(114176K)] 117537K->74783K(164352K) [PSPermGen: 5179K->5179K(21504K)], 0.0046640 secs] [Times: user=0.02 sys=0.00, real=0.00 secs] 
243.698: Total time for which application threads were stopped: 0.0048370 seconds, Stopping threads took: 0.0000700 seconds
244.212: Application time: 0.5136280 seconds
244.212: Total time for which application threads were stopped: 0.0001340 seconds, Stopping threads took: 0.0000980 seconds
244.212: Application time: 0.0002330 seconds
244.212: [Full GC [PSYoungGen: 42961K->0K(50176K)] [ParOldGen: 75188K->74909K(114176K)] 118149K->74909K(164352K) [PSPermGen: 5179K->5179K(21504K)], 0.0048810 secs] [Times: user=0.02 sys=0.00, real=0.00 secs] 
244.217: Total time for which application threads were stopped: 0.0050190 seconds, Stopping threads took: 0.0000530 seconds
244.798: Application time: 0.5805670 seconds
244.798: [Full GC [PSYoungGen: 43008K->0K(50176K)] [ParOldGen: 79259K->74586K(114176K)] 122267K->74586K(164352K) [PSPermGen: 5179K->5179K(21504K)], 0.0049470 secs] [Times: user=0.01 sys=0.00, real=0.01 secs] 
244.803: Total time for which application threads were stopped: 0.0051480 seconds, Stopping threads took: 0.0000960 seconds
245.338: Application time: 0.5347920 seconds
245.338: [Full GC [PSYoungGen: 42786K->0K(50176K)] [ParOldGen: 74586K->74982K(114176K)] 117373K->74982K(164352K) [PSPermGen: 5179K->5179K(21504K)], 0.0050070 secs] [Times: user=0.02 sys=0.00, real=0.01 secs] 
245.343: Total time for which application threads were stopped: 0.0051880 seconds, Stopping threads took: 0.0000810 seconds
245.900: Application time: 0.5575100 seconds
245.900: Total time for which application threads were stopped: 0.0001100 seconds, Stopping threads took: 0.0000770 seconds
245.901: Application time: 0.0005890 seconds
245.901: [Full GC [PSYoungGen: 42966K->0K(50176K)] [ParOldGen: 75251K->74784K(114176K)] 118218K->74784K(164352K) [PSPermGen: 5179K->5179K(21504K)], 0.0050570 secs] [Times: user=0.02 sys=0.00, real=0.00 secs] 
245.906: Total time for which application threads were stopped: 0.0051790 seconds, Stopping threads took: 0.0000420 seconds
246.515: Application time: 0.6091640 seconds
246.515: [Full GC [PSYoungGen: 43008K->0K(50176K)] [ParOldGen: 81331K->75252K(114176K)] 124339K->75252K(164352K) [PSPermGen: 5179K->5179K(21504K)], 0.0051060 secs] [Times: user=0.02 sys=0.00, real=0.01 secs] 
246.521: Total time for which application threads were stopped: 0.0052870 seconds, Stopping threads took: 0.0000800 seconds
247.063: Application time: 0.5427050 seconds
247.063: [Full GC [PSYoungGen: 42997K->0K(50176K)] [ParOldGen: 75252K->74982K(114176K)] 118249K->74982K(164352K) [PSPermGen: 5179K->5179K(21504K)], 0.0047820 secs] [Times: user=0.02 sys=0.00, real=0.00 secs] 
247.068: Total time for which application threads were stopped: 0.0049660 seconds, Stopping threads took: 0.0000760 seconds
247.595: Application time: 0.5271620 seconds
247.596: [Full GC [PSYoungGen: 42933K->0K(50176K)] [ParOldGen: 74982K->74588K(114176K)] 117916K->74588K(164352K) [PSPermGen: 5179K->5179K(21504K)], 0.0049860 secs] [Times: user=0.01 sys=0.00, real=0.01 secs] 
247.601: Total time for which application threads were stopped: 0.0051720 seconds, Stopping threads took: 0.0000860 seconds
248.121: Application time: 0.5201290 seconds
248.121: [Full GC [PSYoungGen: 42914K->0K(50176K)] [ParOldGen: 74588K->75648K(114176K)] 117502K->75648K(164352K) [PSPermGen: 5179K->5179K(21504K)], 0.0052700 secs] [Times: user=0.02 sys=0.00, real=0.00 secs] 
248.126: Total time for which application threads were stopped: 0.0054590 seconds, Stopping threads took: 0.0000870 seconds
248.673: Application time: 0.5463030 seconds
248.673: Total time for which application threads were stopped: 0.0001230 seconds, Stopping threads took: 0.0000880 seconds
248.673: Application time: 0.0007930 seconds
248.674: [Full GC [PSYoungGen: 43008K->0K(50176K)] [ParOldGen: 76113K->75181K(114176K)] 119121K->75181K(164352K) [PSPermGen: 5179K->5179K(21504K)], 0.0050360 secs] [Times: user=0.02 sys=0.00, real=0.00 secs] 
248.679: Total time for which application threads were stopped: 0.0051670 seconds, Stopping threads took: 0.0000470 seconds
249.238: Application time: 0.5589220 seconds
249.238: Total time for which application threads were stopped: 0.0001200 seconds, Stopping threads took: 0.0000900 seconds
249.238: Application time: 0.0007960 seconds
249.239: [Full GC [PSYoungGen: 43008K->0K(50176K)] [ParOldGen: 78300K->74983K(114176K)] 121308K->74983K(164352K) [PSPermGen: 5179K->5179K(21504K)], 0.0048440 secs] [Times: user=0.01 sys=0.01, real=0.01 secs] 
249.243: Total time for which application threads were stopped: 0.0049790 seconds, Stopping threads took: 0.0000450 seconds
249.817: Application time: 0.5734030 seconds
249.817: [Full GC [PSYoungGen: 43008K->0K(50176K)] [ParOldGen: 77866K->74858K(114176K)] 120874K->74858K(164352K) [PSPermGen: 5179K->5179K(21504K)], 0.0049620 secs] [Times: user=0.02 sys=0.00, real=0.01 secs] 
249.822: Total time for which application threads were stopped: 0.0051410 seconds, Stopping threads took: 0.0000780 seconds
250.339: Application time: 0.5169640 seconds
250.339: [Full GC [PSYoungGen: 42958K->0K(50176K)] [ParOldGen: 74858K->74786K(114176K)] 117816K->74786K(164352K) [PSPermGen: 5179K->5179K(21504K)], 0.0050630 secs] [Times: user=0.02 sys=0.00, real=0.01 secs] 
250.344: Total time for which application threads were stopped: 0.0052450 seconds, Stopping threads took: 0.0000780 seconds
250.887: Application time: 0.5431760 seconds
250.888: [Full GC [PSYoungGen: 42823K->0K(50176K)] [ParOldGen: 74786K->75182K(114176K)] 117610K->75182K(164352K) [PSPermGen: 5179K->5179K(21504K)], 0.0051740 secs] [Times: user=0.02 sys=0.00, real=0.01 secs] 
250.893: Total time for which application threads were stopped: 0.0053730 seconds, Stopping threads took: 0.0000970 seconds
251.430: Application time: 0.5372030 seconds
251.430: [Full GC [PSYoungGen: 42767K->0K(50176K)] [ParOldGen: 75182K->74589K(114176K)] 117949K->74589K(164352K) [PSPermGen: 5179K->5179K(21504K)], 0.0049420 secs] [Times: user=0.01 sys=0.00, real=0.01 secs] 
251.435: Total time for which application threads were stopped: 0.0051360 seconds, Stopping threads took: 0.0000920 seconds
251.982: Application time: 0.5473600 seconds
251.983: [Full GC [PSYoungGen: 42860K->0K(50176K)] [ParOldGen: 74589K->74589K(114176K)] 117450K->74589K(164352K) [PSPermGen: 5179K->5179K(21504K)], 0.0048670 secs] [Times: user=0.02 sys=0.00, real=0.00 secs] 
251.988: Total time for which application threads were stopped: 0.0050600 seconds, Stopping threads took: 0.0000920 seconds
252.503: Application time: 0.5156570 seconds
252.503: [Full GC [PSYoungGen: 42988K->0K(50176K)] [ParOldGen: 74589K->75057K(114176K)] 117577K->75057K(164352K) [PSPermGen: 5179K->5179K(21504K)], 0.0048600 secs] [Times: user=0.02 sys=0.00, real=0.00 secs] 
252.508: Total time for which application threads were stopped: 0.0050570 seconds, Stopping threads took: 0.0000870 seconds
253.058: Application time: 0.5500450 seconds
253.058: Total time for which application threads were stopped: 0.0001080 seconds, Stopping threads took: 0.0000720 seconds
253.060: Application time: 0.0018810 seconds
253.060: [Full GC [PSYoungGen: 43007K->0K(50176K)] [ParOldGen: 75256K->74581K(114176K)] 118263K->74581K(164352K) [PSPermGen: 5179K->5179K(21504K)], 0.0047860 secs] [Times: user=0.02 sys=0.00, real=0.00 secs] 
253.065: Total time for which application threads were stopped: 0.0049240 seconds, Stopping threads took: 0.0000560 seconds
253.603: Application time: 0.5377260 seconds
253.603: [Full GC [PSYoungGen: 43008K->0K(50176K)] [ParOldGen: 75891K->75208K(114176K)] 118899K->75208K(164352K) [PSPermGen: 5179K->5179K(21504K)], 0.0050490 secs] [Times: user=0.02 sys=0.00, real=0.00 secs] 
253.608: Total time for which application threads were stopped: 0.0052400 seconds, Stopping threads took: 0.0000920 seconds
254.133: Application time: 0.5247490 seconds
254.133: [Full GC [PSYoungGen: 42964K->0K(50176K)] [ParOldGen: 75208K->75058K(114176K)] 118173K->75058K(164352K) [PSPermGen: 5179K->5179K(21504K)], 0.0049520 secs] [Times: user=0.02 sys=0.00, real=0.00 secs] 
254.138: Total time for which application threads were stopped: 0.0051150 seconds, Stopping threads took: 0.0000610 seconds
254.680: Application time: 0.5421190 seconds
254.680: [Full GC [PSYoungGen: 42992K->0K(50176K)] [ParOldGen: 75058K->75256K(114176K)] 118050K->75256K(164352K) [PSPermGen: 5179K->5179K(21504K)], 0.0049510 secs] [Times: user=0.02 sys=0.00, real=0.00 secs] 
254.685: Total time for which application threads were stopped: 0.0051210 seconds, Stopping threads took: 0.0000730 seconds
255.207: Application time: 0.5216090 seconds
255.207: [Full GC [PSYoungGen: 43003K->0K(50176K)] [ParOldGen: 75256K->74860K(114176K)] 118259K->74860K(164352K) [PSPermGen: 5179K->5179K(21504K)], 0.0051970 secs] [Times: user=0.02 sys=0.00, real=0.01 secs] 
255.212: Total time for which application threads were stopped: 0.0053730 seconds, Stopping threads took: 0.0000730 seconds
255.737: Application time: 0.5247280 seconds
255.737: [Full GC [PSYoungGen: 42751K->0K(50176K)] [ParOldGen: 74860K->75184K(114176K)] 117612K->75184K(164352K) [PSPermGen: 5179K->5179K(21504K)], 0.0046800 secs] [Times: user=0.02 sys=0.00, real=0.01 secs] 
255.742: Total time for which application threads were stopped: 0.0048710 seconds, Stopping threads took: 0.0000880 seconds
256.289: Application time: 0.5468470 seconds
256.289: Total time for which application threads were stopped: 0.0000990 seconds, Stopping threads took: 0.0000670 seconds
256.291: Application time: 0.0026170 seconds
256.292: [Full GC [PSYoungGen: 42754K->0K(50176K)] [ParOldGen: 75454K->75247K(114176K)] 118209K->75247K(164352K) [PSPermGen: 5179K->5179K(21504K)], 0.0047750 secs] [Times: user=0.02 sys=0.00, real=0.00 secs] 
256.296: Total time for which application threads were stopped: 0.0049020 seconds, Stopping threads took: 0.0000440 seconds
256.888: Application time: 0.5919520 seconds
256.888: Total time for which application threads were stopped: 0.0001160 seconds, Stopping threads took: 0.0000770 seconds
256.889: Application time: 0.0002050 seconds
256.889: [Full GC [PSYoungGen: 43008K->0K(50176K)] [ParOldGen: 78717K->74394K(114176K)] 121725K->74394K(164352K) [PSPermGen: 5179K->5179K(21504K)], 0.0047490 secs] [Times: user=0.02 sys=0.00, real=0.01 secs] 
256.894: Total time for which application threads were stopped: 0.0048770 seconds, Stopping threads took: 0.0000470 seconds
257.451: Application time: 0.5578860 seconds
257.452: [Full GC [PSYoungGen: 43008K->0K(50176K)] [ParOldGen: 77364K->74987K(114176K)] 120372K->74987K(164352K) [PSPermGen: 5179K->5179K(21504K)], 0.0047020 secs] [Times: user=0.02 sys=0.00, real=0.00 secs] 
257.456: Total time for which application threads were stopped: 0.0048950 seconds, Stopping threads took: 0.0000900 seconds
257.973: Application time: 0.5171160 seconds
257.974: [Full GC [PSYoungGen: 42871K->0K(50176K)] [ParOldGen: 74987K->74394K(114176K)] 117859K->74394K(164352K) [PSPermGen: 5179K->5179K(21504K)], 0.0047870 secs] [Times: user=0.01 sys=0.00, real=0.00 secs] 
257.978: Total time for which application threads were stopped: 0.0049770 seconds, Stopping threads took: 0.0000870 seconds
258.496: Application time: 0.5176810 seconds
258.496: [Full GC [PSYoungGen: 42944K->0K(50176K)] [ParOldGen: 74394K->75186K(114176K)] 117339K->75186K(164352K) [PSPermGen: 5179K->5179K(21504K)], 0.0050060 secs] [Times: user=0.02 sys=0.00, real=0.01 secs] 
258.501: Total time for which application threads were stopped: 0.0051980 seconds, Stopping threads took: 0.0000940 seconds
259.038: Application time: 0.5364980 seconds
259.038: [Full GC [PSYoungGen: 42906K->0K(50176K)] [ParOldGen: 75186K->74862K(114176K)] 118092K->74862K(164352K) [PSPermGen: 5179K->5179K(21504K)], 0.0050770 secs] [Times: user=0.02 sys=0.00, real=0.01 secs] 
259.043: Total time for which application threads were stopped: 0.0052680 seconds, Stopping threads took: 0.0000910 seconds
259.589: Application time: 0.5460760 seconds
259.589: [Full GC [PSYoungGen: 42979K->0K(50176K)] [ParOldGen: 74862K->74530K(114176K)] 117842K->74530K(164352K) [PSPermGen: 5179K->5179K(21504K)], 0.0049540 secs] [Times: user=0.01 sys=0.00, real=0.01 secs] 
259.594: Total time for which application threads were stopped: 0.0051330 seconds, Stopping threads took: 0.0000740 seconds
260.114: Application time: 0.5201610 seconds
260.115: [Full GC [PSYoungGen: 42945K->0K(50176K)] [ParOldGen: 74530K->74791K(114176K)] 117475K->74791K(164352K) [PSPermGen: 5179K->5179K(21504K)], 0.0048130 secs] [Times: user=0.01 sys=0.00, real=0.00 secs] 
260.119: Total time for which application threads were stopped: 0.0050230 seconds, Stopping threads took: 0.0000970 seconds
260.654: Application time: 0.5345080 seconds
260.654: Total time for which application threads were stopped: 0.0001120 seconds, Stopping threads took: 0.0000770 seconds
260.654: Application time: 0.0002350 seconds
260.654: [Full GC [PSYoungGen: 42892K->0K(50176K)] [ParOldGen: 74926K->74791K(114176K)] 117819K->74791K(164352K) [PSPermGen: 5179K->5179K(21504K)], 0.0049770 secs] [Times: user=0.01 sys=0.00, real=0.00 secs] 
260.659: Total time for which application threads were stopped: 0.0051000 seconds, Stopping threads took: 0.0000380 seconds
261.281: Application time: 0.6214270 seconds
261.281: [Full GC [PSYoungGen: 43008K->0K(50176K)] [ParOldGen: 81481K->74594K(114176K)] 124489K->74594K(164352K) [PSPermGen: 5179K->5179K(21504K)], 0.0049430 secs] [Times: user=0.02 sys=0.00, real=0.00 secs] 
261.286: Total time for which application threads were stopped: 0.0051210 seconds, Stopping threads took: 0.0000750 seconds
261.833: Application time: 0.5469120 seconds
261.833: [Full GC [PSYoungGen: 42884K->0K(50176K)] [ParOldGen: 74594K->75259K(114176K)] 117478K->75259K(164352K) [PSPermGen: 5179K->5179K(21504K)], 0.0049370 secs] [Times: user=0.01 sys=0.00, real=0.00 secs] 
261.838: Total time for which application threads were stopped: 0.0051320 seconds, Stopping threads took: 0.0000960 seconds
262.366: Application time: 0.5284690 seconds
262.367: [Full GC [PSYoungGen: 42890K->0K(50176K)] [ParOldGen: 75259K->75187K(114176K)] 118149K->75187K(164352K) [PSPermGen: 5179K->5179K(21504K)], 0.0051570 secs] [Times: user=0.02 sys=0.00, real=0.01 secs] 
262.372: Total time for which application threads were stopped: 0.0053300 seconds, Stopping threads took: 0.0000720 seconds
262.898: Application time: 0.5258510 seconds
262.898: [Full GC [PSYoungGen: 42862K->0K(50176K)] [ParOldGen: 75187K->75187K(114176K)] 118050K->75187K(164352K) [PSPermGen: 5179K->5179K(21504K)], 0.0047720 secs] [Times: user=0.02 sys=0.00, real=0.01 secs] 
262.903: Total time for which application threads were stopped: 0.0049530 seconds, Stopping threads took: 0.0000760 seconds
263.412: Application time: 0.5095580 seconds
263.412: [Full GC [PSYoungGen: 42962K->0K(50176K)] [ParOldGen: 75187K->74990K(114176K)] 118150K->74990K(164352K) [PSPermGen: 5179K->5179K(21504K)], 0.0052050 secs] [Times: user=0.02 sys=0.00, real=0.00 secs] 
263.418: Total time for which application threads were stopped: 0.0053790 seconds, Stopping threads took: 0.0000760 seconds
263.968: Application time: 0.5500210 seconds
263.968: [Full GC [PSYoungGen: 42903K->0K(50176K)] [ParOldGen: 74990K->74469K(114176K)] 117894K->74469K(164352K) [PSPermGen: 5179K->5179K(21504K)], 0.0048760 secs] [Times: user=0.02 sys=0.00, real=0.01 secs] 
263.973: Total time for which application threads were stopped: 0.0050550 seconds, Stopping threads took: 0.0000780 seconds
264.514: Application time: 0.5411340 seconds
264.514: [Full GC [PSYoungGen: 42834K->0K(50176K)] [ParOldGen: 74469K->74793K(114176K)] 117303K->74793K(164352K) [PSPermGen: 5179K->5179K(21504K)], 0.0047230 secs] [Times: user=0.02 sys=0.00, real=0.00 secs] 
264.519: Total time for which application threads were stopped: 0.0048940 seconds, Stopping threads took: 0.0000750 seconds
265.038: Application time: 0.5197080 seconds
265.039: [Full GC [PSYoungGen: 42942K->0K(50176K)] [ParOldGen: 74793K->75063K(114176K)] 117735K->75063K(164352K) [PSPermGen: 5179K->5179K(21504K)], 0.0048810 secs] [Times: user=0.02 sys=0.00, real=0.01 secs] 
265.043: Total time for which application threads were stopped: 0.0050890 seconds, Stopping threads took: 0.0000940 seconds
265.607: Application time: 0.5638360 seconds
265.607: [Full GC [PSYoungGen: 42970K->0K(50176K)] [ParOldGen: 75063K->74389K(114176K)] 118033K->74389K(164352K) [PSPermGen: 5179K->5179K(21504K)], 0.0047150 secs] [Times: user=0.01 sys=0.00, real=0.01 secs] 
265.612: Total time for which application threads were stopped: 0.0049020 seconds, Stopping threads took: 0.0000780 seconds
266.135: Application time: 0.5230910 seconds
266.135: [Full GC [PSYoungGen: 42745K->0K(50176K)] [ParOldGen: 74389K->75189K(114176K)] 117134K->75189K(164352K) [PSPermGen: 5179K->5179K(21504K)], 0.0047220 secs] [Times: user=0.01 sys=0.01, real=0.01 secs] 
266.140: Total time for which application threads were stopped: 0.0048860 seconds, Stopping threads took: 0.0000660 seconds
266.689: Application time: 0.5486730 seconds
266.689: Total time for which application threads were stopped: 0.0001010 seconds, Stopping threads took: 0.0000670 seconds
266.690: Application time: 0.0010390 seconds
266.690: [Full GC [PSYoungGen: 43006K->0K(50176K)] [ParOldGen: 75459K->74587K(114176K)] 118465K->74587K(164352K) [PSPermGen: 5179K->5179K(21504K)], 0.0046450 secs] [Times: user=0.01 sys=0.00, real=0.01 secs] 
266.695: Total time for which application threads were stopped: 0.0047590 seconds, Stopping threads took: 0.0000350 seconds
267.317: Application time: 0.6220240 seconds
267.317: Total time for which application threads were stopped: 0.0001340 seconds, Stopping threads took: 0.0000920 seconds
267.319: Application time: 0.0019370 seconds
267.319: [Full GC [PSYoungGen: 43008K->0K(50176K)] [ParOldGen: 81642K->74785K(114176K)] 124650K->74785K(164352K) [PSPermGen: 5179K->5179K(21504K)], 0.0048930 secs] [Times: user=0.02 sys=0.00, real=0.01 secs] 
267.324: Total time for which application threads were stopped: 0.0050210 seconds, Stopping threads took: 0.0000440 seconds
267.907: Application time: 0.5830620 seconds
267.907: [Full GC [PSYoungGen: 43008K->0K(50176K)] [ParOldGen: 79046K->75118K(114176K)] 122054K->75118K(164352K) [PSPermGen: 5179K->5179K(21504K)], 0.0051930 secs] [Times: user=0.02 sys=0.00, real=0.01 secs] 
267.912: Total time for which application threads were stopped: 0.0053730 seconds, Stopping threads took: 0.0000790 seconds
268.448: Application time: 0.5361150 seconds
268.449: [Full GC [PSYoungGen: 43008K->0K(50176K)] [ParOldGen: 75118K->74795K(114176K)] 118126K->74795K(164352K) [PSPermGen: 5179K->5179K(21504K)], 0.0049380 secs] [Times: user=0.01 sys=0.00, real=0.01 secs] 
268.454: Total time for which application threads were stopped: 0.0051060 seconds, Stopping threads took: 0.0000680 seconds
268.963: Application time: 0.5099330 seconds
268.964: [Full GC [PSYoungGen: 42853K->0K(50176K)] [ParOldGen: 74795K->75388K(114176K)] 117649K->75388K(164352K) [PSPermGen: 5179K->5179K(21504K)], 0.0051570 secs] [Times: user=0.02 sys=0.00, real=0.00 secs] 
268.969: Total time for which application threads were stopped: 0.0053150 seconds, Stopping threads took: 0.0000570 seconds
269.530: Application time: 0.5614340 seconds
269.530: Total time for which application threads were stopped: 0.0000960 seconds, Stopping threads took: 0.0000610 seconds
269.531: Application time: 0.0005290 seconds
269.531: [Full GC [PSYoungGen: 42940K->0K(50176K)] [ParOldGen: 75657K->74588K(114176K)] 118597K->74588K(164352K) [PSPermGen: 5179K->5179K(21504K)], 0.0047630 secs] [Times: user=0.02 sys=0.00, real=0.01 secs] 
269.536: Total time for which application threads were stopped: 0.0048890 seconds, Stopping threads took: 0.0000460 seconds
270.143: Application time: 0.6068020 seconds
270.143: [Full GC [PSYoungGen: 43008K->0K(50176K)] [ParOldGen: 81095K->75191K(114176K)] 124103K->75191K(164352K) [PSPermGen: 5179K->5179K(21504K)], 0.0052580 secs] [Times: user=0.02 sys=0.00, real=0.00 secs] 
270.148: Total time for which application threads were stopped: 0.0054250 seconds, Stopping threads took: 0.0000650 seconds
270.668: Application time: 0.5200840 seconds
270.668: [Full GC [PSYoungGen: 42968K->0K(50176K)] [ParOldGen: 75191K->74733K(114176K)] 118159K->74733K(164352K) [PSPermGen: 5179K->5179K(21504K)], 0.0050340 secs] [Times: user=0.02 sys=0.00, real=0.01 secs] 
270.673: Total time for which application threads were stopped: 0.0052280 seconds, Stopping threads took: 0.0000900 seconds
271.202: Application time: 0.5291150 seconds
271.203: Total time for which application threads were stopped: 0.0001350 seconds, Stopping threads took: 0.0000950 seconds
271.204: Application time: 0.0017110 seconds
271.204: [Full GC [PSYoungGen: 42972K->0K(50176K)] [ParOldGen: 74797K->74194K(114176K)] 117769K->74194K(164352K) [PSPermGen: 5179K->5179K(21504K)], 0.0047260 secs] [Times: user=0.01 sys=0.00, real=0.00 secs] 
271.209: Total time for which application threads were stopped: 0.0048510 seconds, Stopping threads took: 0.0000390 seconds
271.815: Application time: 0.6060240 seconds
271.815: Total time for which application threads were stopped: 0.0001240 seconds, Stopping threads took: 0.0000890 seconds
271.815: Application time: 0.0001390 seconds
271.815: [Full GC [PSYoungGen: 43008K->0K(50176K)] [ParOldGen: 80741K->74598K(114176K)] 123749K->74598K(164352K) [PSPermGen: 5179K->5179K(21504K)], 0.0048790 secs] [Times: user=0.02 sys=0.00, real=0.01 secs] 
271.820: Total time for which application threads were stopped: 0.0050090 seconds, Stopping threads took: 0.0000450 seconds
272.427: Application time: 0.6064920 seconds
272.427: [Full GC [PSYoungGen: 43008K->0K(50176K)] [ParOldGen: 81280K->74796K(114176K)] 124288K->74796K(164352K) [PSPermGen: 5179K->5179K(21504K)], 0.0049600 secs] [Times: user=0.02 sys=0.00, real=0.01 secs] 
272.432: Total time for which application threads were stopped: 0.0051330 seconds, Stopping threads took: 0.0000740 seconds
272.983: Application time: 0.5512640 seconds
272.983: [Full GC [PSYoungGen: 42955K->0K(50176K)] [ParOldGen: 74796K->75129K(114176K)] 117752K->75129K(164352K) [PSPermGen: 5179K->5179K(21504K)], 0.0049950 secs] [Times: user=0.02 sys=0.00, real=0.00 secs] 
272.988: Total time for which application threads were stopped: 0.0051770 seconds, Stopping threads took: 0.0000790 seconds
273.505: Application time: 0.5166380 seconds
273.505: [Full GC [PSYoungGen: 42897K->0K(50176K)] [ParOldGen: 75129K->74869K(114176K)] 118026K->74869K(164352K) [PSPermGen: 5179K->5179K(21504K)], 0.0049350 secs] [Times: user=0.01 sys=0.00, real=0.00 secs] 
273.510: Total time for which application threads were stopped: 0.0051090 seconds, Stopping threads took: 0.0000720 seconds
274.051: Application time: 0.5404030 seconds
274.051: [Full GC [PSYoungGen: 42984K->0K(50176K)] [ParOldGen: 74869K->75192K(114176K)] 117854K->75192K(164352K) [PSPermGen: 5179K->5179K(21504K)], 0.0049770 secs] [Times: user=0.02 sys=0.00, real=0.01 secs] 
274.056: Total time for which application threads were stopped: 0.0051640 seconds, Stopping threads took: 0.0000760 seconds
274.591: Application time: 0.5353010 seconds
274.591: Total time for which application threads were stopped: 0.0000910 seconds, Stopping threads took: 0.0000560 seconds
274.592: Application time: 0.0007740 seconds
274.592: [Full GC [PSYoungGen: 42902K->0K(50176K)] [ParOldGen: 75866K->75193K(114176K)] 118769K->75193K(164352K) [PSPermGen: 5179K->5179K(21504K)], 0.0049750 secs] [Times: user=0.02 sys=0.00, real=0.00 secs] 
274.597: Total time for which application threads were stopped: 0.0050990 seconds, Stopping threads took: 0.0000430 seconds
275.232: Application time: 0.6344420 seconds
275.232: [Full GC [PSYoungGen: 43007K->0K(50176K)] [ParOldGen: 83374K->75194K(114176K)] 126381K->75194K(164352K) [PSPermGen: 5179K->5179K(21504K)], 0.0051500 secs] [Times: user=0.02 sys=0.00, real=0.00 secs] 
275.237: Total time for which application threads were stopped: 0.0053220 seconds, Stopping threads took: 0.0000750 seconds
275.749: Application time: 0.5125100 seconds
275.749: Total time for which application threads were stopped: 0.0001010 seconds, Stopping threads took: 0.0000640 seconds
275.750: Application time: 0.0002750 seconds
275.750: [Full GC [PSYoungGen: 42968K->0K(50176K)] [ParOldGen: 75393K->75193K(114176K)] 118362K->75193K(164352K) [PSPermGen: 5179K->5179K(21504K)], 0.0049900 secs] [Times: user=0.02 sys=0.00, real=0.01 secs] 
275.755: Total time for which application threads were stopped: 0.0051210 seconds, Stopping threads took: 0.0000470 seconds
276.375: Application time: 0.6197610 seconds
276.375: [Full GC [PSYoungGen: 43008K->0K(50176K)] [ParOldGen: 81746K->75194K(114176K)] 124754K->75194K(164352K) [PSPermGen: 5179K->5179K(21504K)], 0.0052850 secs] [Times: user=0.01 sys=0.01, real=0.01 secs] 
276.380: Total time for which application threads were stopped: 0.0054600 seconds, Stopping threads took: 0.0000710 seconds
276.930: Application time: 0.5501250 seconds
276.930: [Full GC [PSYoungGen: 42888K->0K(50176K)] [ParOldGen: 75194K->74601K(114176K)] 118082K->74601K(164352K) [PSPermGen: 5179K->5179K(21504K)], 0.0049720 secs] [Times: user=0.02 sys=0.00, real=0.01 secs] 
276.935: Total time for which application threads were stopped: 0.0051580 seconds, Stopping threads took: 0.0000880 seconds
277.480: Application time: 0.5441660 seconds
277.480: [Full GC [PSYoungGen: 42906K->0K(50176K)] [ParOldGen: 74601K->74799K(114176K)] 117507K->74799K(164352K) [PSPermGen: 5179K->5179K(21504K)], 0.0048300 secs] [Times: user=0.02 sys=0.00, real=0.00 secs] 
277.485: Total time for which application threads were stopped: 0.0050060 seconds, Stopping threads took: 0.0000720 seconds
278.000: Application time: 0.5150230 seconds
278.000: [Full GC [PSYoungGen: 42959K->0K(50176K)] [ParOldGen: 74799K->74934K(114176K)] 117758K->74934K(164352K) [PSPermGen: 5179K->5179K(21504K)], 0.0048170 secs] [Times: user=0.02 sys=0.00, real=0.00 secs] 
278.005: Total time for which application threads were stopped: 0.0050260 seconds, Stopping threads took: 0.0001080 seconds
278.544: Application time: 0.5398560 seconds
278.545: [Full GC [PSYoungGen: 42952K->0K(50176K)] [ParOldGen: 74934K->75329K(114176K)] 117887K->75329K(164352K) [PSPermGen: 5179K->5179K(21504K)], 0.0049860 secs] [Times: user=0.02 sys=0.00, real=0.00 secs] 
278.550: Total time for which application threads were stopped: 0.0051500 seconds, Stopping threads took: 0.0000650 seconds
279.088: Application time: 0.5385770 seconds
279.088: [Full GC [PSYoungGen: 42886K->0K(50176K)] [ParOldGen: 75329K->75267K(114176K)] 118216K->75267K(164352K) [PSPermGen: 5179K->5179K(21504K)], 0.0050610 secs] [Times: user=0.02 sys=0.00, real=0.01 secs] 
279.093: Total time for which application threads were stopped: 0.0052530 seconds, Stopping threads took: 0.0000880 seconds
279.619: Application time: 0.5251650 seconds
279.619: [Full GC [PSYoungGen: 42974K->0K(50176K)] [ParOldGen: 75267K->74998K(114176K)] 118241K->74998K(164352K) [PSPermGen: 5179K->5179K(21504K)], 0.0050650 secs] [Times: user=0.02 sys=0.00, real=0.01 secs] 
279.624: Total time for which application threads were stopped: 0.0052690 seconds, Stopping threads took: 0.0000940 seconds
280.150: Application time: 0.5261030 seconds
280.150: [Full GC [PSYoungGen: 42997K->0K(50176K)] [ParOldGen: 74998K->75132K(114176K)] 117995K->75132K(164352K) [PSPermGen: 5179K->5179K(21504K)], 0.0050900 secs] [Times: user=0.02 sys=0.00, real=0.01 secs] 
280.155: Total time for which application threads were stopped: 0.0052830 seconds, Stopping threads took: 0.0000910 seconds
280.677: Application time: 0.5212770 seconds
280.677: [Full GC [PSYoungGen: 42961K->0K(50176K)] [ParOldGen: 75132K->74935K(114176K)] 118094K->74935K(164352K) [PSPermGen: 5179K->5179K(21504K)], 0.0051430 secs] [Times: user=0.02 sys=0.00, real=0.01 secs] 
280.682: Total time for which application threads were stopped: 0.0053260 seconds, Stopping threads took: 0.0000800 seconds
281.224: Application time: 0.5421090 seconds
281.224: [Full GC [PSYoungGen: 42895K->0K(50176K)] [ParOldGen: 74935K->74998K(114176K)] 117831K->74998K(164352K) [PSPermGen: 5179K->5179K(21504K)], 0.0051740 secs] [Times: user=0.02 sys=0.00, real=0.00 secs] 
281.229: Total time for which application threads were stopped: 0.0053440 seconds, Stopping threads took: 0.0000680 seconds
281.752: Application time: 0.5230330 seconds
281.752: [Full GC [PSYoungGen: 42956K->0K(50176K)] [ParOldGen: 74998K->75133K(114176K)] 117955K->75133K(164352K) [PSPermGen: 5179K->5179K(21504K)], 0.0049680 secs] [Times: user=0.01 sys=0.00, real=0.00 secs] 
281.758: Total time for which application threads were stopped: 0.0051470 seconds, Stopping threads took: 0.0000780 seconds
282.308: Application time: 0.5500650 seconds
282.308: [Full GC [PSYoungGen: 42899K->0K(50176K)] [ParOldGen: 75133K->74873K(114176K)] 118032K->74873K(164352K) [PSPermGen: 5179K->5179K(21504K)], 0.0050210 secs] [Times: user=0.02 sys=0.00, real=0.01 secs] 
282.313: Total time for which application threads were stopped: 0.0052080 seconds, Stopping threads took: 0.0000840 seconds
282.863: Application time: 0.5500910 seconds
282.863: [Full GC [PSYoungGen: 42873K->0K(50176K)] [ParOldGen: 74873K->74999K(114176K)] 117746K->74999K(164352K) [PSPermGen: 5179K->5179K(21504K)], 0.0048320 secs] [Times: user=0.02 sys=0.00, real=0.00 secs] 
282.868: Total time for which application threads were stopped: 0.0049980 seconds, Stopping threads took: 0.0000680 seconds
283.387: Application time: 0.5194860 seconds
283.388: [Full GC [PSYoungGen: 42901K->0K(50176K)] [ParOldGen: 74999K->75466K(114176K)] 117900K->75466K(164352K) [PSPermGen: 5179K->5179K(21504K)], 0.0050570 secs] [Times: user=0.02 sys=0.00, real=0.01 secs] 
283.393: Total time for which application threads were stopped: 0.0052470 seconds, Stopping threads took: 0.0000890 seconds
283.926: Application time: 0.5336490 seconds
283.926: [Full GC [PSYoungGen: 43006K->0K(50176K)] [ParOldGen: 75466K->74802K(114176K)] 118473K->74802K(164352K) [PSPermGen: 5179K->5179K(21504K)], 0.0048690 secs] [Times: user=0.02 sys=0.00, real=0.00 secs] 
283.931: Total time for which application threads were stopped: 0.0050540 seconds, Stopping threads took: 0.0000850 seconds
284.447: Application time: 0.5161550 seconds
284.448: [Full GC [PSYoungGen: 42840K->0K(50176K)] [ParOldGen: 74802K->74802K(114176K)] 117642K->74802K(164352K) [PSPermGen: 5179K->5179K(21504K)], 0.0050680 secs] [Times: user=0.02 sys=0.00, real=0.01 secs] 
284.453: Total time for which application threads were stopped: 0.0052450 seconds, Stopping threads took: 0.0000770 seconds
284.969: Application time: 0.5164410 seconds
284.969: Total time for which application threads were stopped: 0.0001130 seconds, Stopping threads took: 0.0000770 seconds
284.970: Application time: 0.0009810 seconds
284.970: [Full GC [PSYoungGen: 43001K->0K(50176K)] [ParOldGen: 74945K->75197K(114176K)] 117946K->75197K(164352K) [PSPermGen: 5179K->5179K(21504K)], 0.0051010 secs] [Times: user=0.02 sys=0.00, real=0.01 secs] 
284.976: Total time for which application threads were stopped: 0.0052310 seconds, Stopping threads took: 0.0000450 seconds
285.566: Application time: 0.5904390 seconds
285.566: [Full GC [PSYoungGen: 43008K->0K(50176K)] [ParOldGen: 79341K->74874K(114176K)] 122349K->74874K(164352K) [PSPermGen: 5179K->5179K(21504K)], 0.0049450 secs] [Times: user=0.02 sys=0.00, real=0.00 secs] 
285.571: Total time for which application threads were stopped: 0.0051230 seconds, Stopping threads took: 0.0000770 seconds
286.135: Application time: 0.5637270 seconds
286.135: Total time for which application threads were stopped: 0.0001030 seconds, Stopping threads took: 0.0000690 seconds
286.137: Application time: 0.0017660 seconds
286.137: [Full GC [PSYoungGen: 43005K->0K(50176K)] [ParOldGen: 75208K->74596K(114176K)] 118213K->74596K(164352K) [PSPermGen: 5179K->5179K(21504K)], 0.0048110 secs] [Times: user=0.02 sys=0.00, real=0.01 secs] 
286.142: Total time for which application threads were stopped: 0.0049510 seconds, Stopping threads took: 0.0000570 seconds
286.727: Application time: 0.5851920 seconds
286.727: [Full GC [PSYoungGen: 43008K->0K(50176K)] [ParOldGen: 79566K->74828K(114176K)] 122574K->74828K(164352K) [PSPermGen: 5179K->5179K(21504K)], 0.0050480 secs] [Times: user=0.02 sys=0.00, real=0.01 secs] 
286.732: Total time for which application threads were stopped: 0.0052280 seconds, Stopping threads took: 0.0000790 seconds
287.262: Application time: 0.5298000 seconds
287.262: Total time for which application threads were stopped: 0.0001130 seconds, Stopping threads took: 0.0000820 seconds
287.262: Application time: 0.0000510 seconds
287.262: [Full GC [PSYoungGen: 42914K->0K(50176K)] [ParOldGen: 75097K->74668K(114176K)] 118012K->74668K(164352K) [PSPermGen: 5179K->5179K(21504K)], 0.0048430 secs] [Times: user=0.02 sys=0.00, real=0.00 secs] 
287.267: Total time for which application threads were stopped: 0.0049690 seconds, Stopping threads took: 0.0000450 seconds
287.830: Application time: 0.5634740 seconds
287.831: [Full GC [PSYoungGen: 43008K->0K(50176K)] [ParOldGen: 76440K->74875K(114176K)] 119448K->74875K(164352K) [PSPermGen: 5179K->5179K(21504K)], 0.0049700 secs] [Times: user=0.02 sys=0.00, real=0.01 secs] 
287.836: Total time for which application threads were stopped: 0.0051390 seconds, Stopping threads took: 0.0000700 seconds
288.353: Application time: 0.5171210 seconds
288.353: [Full GC [PSYoungGen: 42769K->0K(50176K)] [ParOldGen: 74875K->75001K(114176K)] 117644K->75001K(164352K) [PSPermGen: 5179K->5179K(21504K)], 0.0051350 secs] [Times: user=0.01 sys=0.00, real=0.00 secs] 
288.358: Total time for which application threads were stopped: 0.0053170 seconds, Stopping threads took: 0.0000790 seconds
288.898: Application time: 0.5398050 seconds
288.898: [Full GC [PSYoungGen: 42995K->0K(50176K)] [ParOldGen: 75001K->74939K(114176K)] 117997K->74939K(164352K) [PSPermGen: 5179K->5179K(21504K)], 0.0049810 secs] [Times: user=0.02 sys=0.00, real=0.01 secs] 
288.903: Total time for which application threads were stopped: 0.0051450 seconds, Stopping threads took: 0.0000660 seconds
289.424: Application time: 0.5206230 seconds
289.424: [Full GC [PSYoungGen: 42790K->0K(50176K)] [ParOldGen: 74939K->75002K(114176K)] 117729K->75002K(164352K) [PSPermGen: 5179K->5179K(21504K)], 0.0051190 secs] [Times: user=0.02 sys=0.00, real=0.00 secs] 
289.429: Total time for which application threads were stopped: 0.0052940 seconds, Stopping threads took: 0.0000700 seconds
289.964: Application time: 0.5346700 seconds
289.964: [Full GC [PSYoungGen: 42993K->0K(50176K)] [ParOldGen: 75002K->74939K(114176K)] 117995K->74939K(164352K) [PSPermGen: 5179K->5179K(21504K)], 0.0051190 secs] [Times: user=0.02 sys=0.00, real=0.00 secs] 
289.969: Total time for which application threads were stopped: 0.0053010 seconds, Stopping threads took: 0.0000790 seconds
290.479: Application time: 0.5099060 seconds
290.479: [Full GC [PSYoungGen: 42933K->0K(50176K)] [ParOldGen: 74939K->75074K(114176K)] 117873K->75074K(164352K) [PSPermGen: 5179K->5179K(21504K)], 0.0049720 secs] [Times: user=0.02 sys=0.00, real=0.01 secs] 
290.484: Total time for which application threads were stopped: 0.0051470 seconds, Stopping threads took: 0.0000740 seconds
291.045: Application time: 0.5614830 seconds
291.046: Total time for which application threads were stopped: 0.0001050 seconds, Stopping threads took: 0.0000710 seconds
291.047: Application time: 0.0014680 seconds
291.047: [Full GC [PSYoungGen: 43004K->0K(50176K)] [ParOldGen: 75613K->74598K(114176K)] 118618K->74598K(164352K) [PSPermGen: 5179K->5179K(21504K)], 0.0048480 secs] [Times: user=0.02 sys=0.00, real=0.01 secs] 
291.052: Total time for which application threads were stopped: 0.0049880 seconds, Stopping threads took: 0.0000540 seconds
291.653: Application time: 0.6009350 seconds
291.653: Total time for which application threads were stopped: 0.0001010 seconds, Stopping threads took: 0.0000700 seconds
291.654: Application time: 0.0012400 seconds
291.654: [Full GC [PSYoungGen: 43008K->0K(50176K)] [ParOldGen: 79396K->75003K(114176K)] 122404K->75003K(164352K) [PSPermGen: 5179K->5179K(21504K)], 0.0049640 secs] [Times: user=0.02 sys=0.00, real=0.00 secs] 
291.659: Total time for which application threads were stopped: 0.0050930 seconds, Stopping threads took: 0.0000480 seconds
292.268: Application time: 0.6081780 seconds
292.268: Total time for which application threads were stopped: 0.0001030 seconds, Stopping threads took: 0.0000690 seconds
292.268: Application time: 0.0006920 seconds
292.268: [Full GC [PSYoungGen: 43008K->0K(50176K)] [ParOldGen: 81804K->75201K(114176K)] 124812K->75201K(164352K) [PSPermGen: 5179K->5179K(21504K)], 0.0052710 secs] [Times: user=0.02 sys=0.00, real=0.01 secs] 
292.274: Total time for which application threads were stopped: 0.0054060 seconds, Stopping threads took: 0.0000510 seconds
292.877: Application time: 0.6027470 seconds
292.877: Total time for which application threads were stopped: 0.0000970 seconds, Stopping threads took: 0.0000710 seconds
292.877: Application time: 0.0001090 seconds
292.877: [Full GC [PSYoungGen: 43008K->0K(50176K)] [ParOldGen: 80382K->74822K(114176K)] 123390K->74822K(164352K) [PSPermGen: 5179K->5179K(21504K)], 0.0049210 secs] [Times: user=0.02 sys=0.00, real=0.01 secs] 
292.882: Total time for which application threads were stopped: 0.0050370 seconds, Stopping threads took: 0.0000360 seconds
292.891: Application time: 0.0096970 seconds
292.892: [GC [PSYoungGen: 438K->564K(50176K)] 75260K->75386K(164352K), 0.0004530 secs] [Times: user=0.00 sys=0.00, real=0.00 secs] 
292.892: [Full GC [PSYoungGen: 564K->0K(50176K)] [ParOldGen: 74822K->74918K(114176K)] 75386K->74918K(164352K) [PSPermGen: 5179K->5179K(21504K)], 0.0221460 secs] [Times: user=0.15 sys=0.00, real=0.02 secs] 
292.914: Total time for which application threads were stopped: 0.0227760 seconds, Stopping threads took: 0.0000510 seconds
293.433: Application time: 0.5189370 seconds
293.433: [Full GC [PSYoungGen: 43005K->0K(50176K)] [ParOldGen: 74918K->75458K(114176K)] 117924K->75458K(164352K) [PSPermGen: 5179K->5179K(21504K)], 0.0049030 secs] [Times: user=0.02 sys=0.00, real=0.00 secs] 
293.438: Total time for which application threads were stopped: 0.0050760 seconds, Stopping threads took: 0.0000760 seconds
293.982: Application time: 0.5441170 seconds
293.982: Total time for which application threads were stopped: 0.0001010 seconds, Stopping threads took: 0.0000710 seconds
293.983: Application time: 0.0009750 seconds
293.984: [Full GC [PSYoungGen: 42885K->0K(50176K)] [ParOldGen: 75593K->75323K(114176K)] 118478K->75323K(164352K) [PSPermGen: 5179K->5179K(21504K)], 0.0053240 secs] [Times: user=0.02 sys=0.00, real=0.00 secs] 
293.989: Total time for which application threads were stopped: 0.0054480 seconds, Stopping threads took: 0.0000430 seconds
294.578: Application time: 0.5894150 seconds
294.578: [Full GC [PSYoungGen: 43008K->0K(50176K)] [ParOldGen: 80467K->74928K(114176K)] 123475K->74928K(164352K) [PSPermGen: 5179K->5179K(21504K)], 0.0049080 secs] [Times: user=0.02 sys=0.00, real=0.01 secs] 
294.583: Total time for which application threads were stopped: 0.0050950 seconds, Stopping threads took: 0.0000810 seconds
295.108: Application time: 0.5245790 seconds
295.108: [Full GC [PSYoungGen: 42738K->0K(50176K)] [ParOldGen: 74928K->75126K(114176K)] 117667K->75126K(164352K) [PSPermGen: 5179K->5179K(21504K)], 0.0048920 secs] [Times: user=0.02 sys=0.00, real=0.01 secs] 
295.113: Total time for which application threads were stopped: 0.0050780 seconds, Stopping threads took: 0.0000860 seconds
295.640: Application time: 0.5270850 seconds
295.640: [Full GC [PSYoungGen: 42973K->0K(50176K)] [ParOldGen: 75126K->75064K(114176K)] 118099K->75064K(164352K) [PSPermGen: 5179K->5179K(21504K)], 0.0050880 secs] [Times: user=0.02 sys=0.00, real=0.00 secs] 
295.645: Total time for which application threads were stopped: 0.0052620 seconds, Stopping threads took: 0.0000780 seconds
296.176: Application time: 0.5309290 seconds
296.176: [Full GC [PSYoungGen: 43004K->0K(50176K)] [ParOldGen: 75064K->74803K(114176K)] 118068K->74803K(164352K) [PSPermGen: 5179K->5179K(21504K)], 0.0049040 secs] [Times: user=0.01 sys=0.00, real=0.01 secs] 
296.181: Total time for which application threads were stopped: 0.0050960 seconds, Stopping threads took: 0.0000920 seconds
296.704: Application time: 0.5228320 seconds
296.704: Total time for which application threads were stopped: 0.0001020 seconds, Stopping threads took: 0.0000690 seconds
296.707: Application time: 0.0021800 seconds
296.707: [Full GC [PSYoungGen: 42941K->0K(50176K)] [ParOldGen: 75073K->74929K(114176K)] 118015K->74929K(164352K) [PSPermGen: 5179K->5179K(21504K)], 0.0049030 secs] [Times: user=0.02 sys=0.00, real=0.01 secs] 
296.712: Total time for which application threads were stopped: 0.0050230 seconds, Stopping threads took: 0.0000400 seconds
297.280: Application time: 0.5687770 seconds
297.280: [Full GC [PSYoungGen: 43008K->0K(50176K)] [ParOldGen: 78914K->74732K(114176K)] 121922K->74732K(164352K) [PSPermGen: 5179K->5179K(21504K)], 0.0049880 secs] [Times: user=0.02 sys=0.00, real=0.00 secs] 
297.286: Total time for which application threads were stopped: 0.0051700 seconds, Stopping threads took: 0.0000810 seconds
297.837: Application time: 0.5519160 seconds
297.838: [Full GC [PSYoungGen: 42785K->0K(50176K)] [ParOldGen: 74732K->75128K(114176K)] 117517K->75128K(164352K) [PSPermGen: 5179K->5179K(21504K)], 0.0046810 secs] [Times: user=0.02 sys=0.00, real=0.01 secs] 
297.842: Total time for which application threads were stopped: 0.0048450 seconds, Stopping threads took: 0.0000680 seconds
298.368: Application time: 0.5261890 seconds
298.369: [Full GC [PSYoungGen: 42992K->0K(50176K)] [ParOldGen: 75128K->75128K(114176K)] 118120K->75128K(164352K) [PSPermGen: 5179K->5179K(21504K)], 0.0048700 secs] [Times: user=0.02 sys=0.00, real=0.01 secs] 
298.374: Total time for which application threads were stopped: 0.0050520 seconds, Stopping threads took: 0.0000770 seconds
298.909: Application time: 0.5358270 seconds
298.909: Total time for which application threads were stopped: 0.0001040 seconds, Stopping threads took: 0.0000710 seconds
298.910: Application time: 0.0000480 seconds
298.910: [Full GC [PSYoungGen: 42748K->0K(50176K)] [ParOldGen: 75397K->74993K(114176K)] 118146K->74993K(164352K) [PSPermGen: 5179K->5179K(21504K)], 0.0048850 secs] [Times: user=0.01 sys=0.00, real=0.01 secs] 
298.915: Total time for which application threads were stopped: 0.0050090 seconds, Stopping threads took: 0.0000450 seconds
299.514: Application time: 0.5990870 seconds
299.514: Total time for which application threads were stopped: 0.0001210 seconds, Stopping threads took: 0.0000870 seconds
299.515: Application time: 0.0016150 seconds
299.515: [Full GC [PSYoungGen: 43008K->0K(50176K)] [ParOldGen: 80675K->74931K(114176K)] 123683K->74931K(164352K) [PSPermGen: 5179K->5179K(21504K)], 0.0047560 secs] [Times: user=0.02 sys=0.00, real=0.01 secs] 
299.520: Total time for which application threads were stopped: 0.0048910 seconds, Stopping threads took: 0.0000450 seconds
300.125: Application time: 0.6044570 seconds
300.125: [Full GC [PSYoungGen: 43008K->0K(50176K)] [ParOldGen: 81604K->74931K(114176K)] 124612K->74931K(164352K) [PSPermGen: 5179K->5179K(21504K)], 0.0048780 secs] [Times: user=0.02 sys=0.00, real=0.00 secs] 
300.130: Total time for which application threads were stopped: 0.0050610 seconds, Stopping threads took: 0.0000760 seconds
300.685: Application time: 0.5552310 seconds
300.685: [Full GC [PSYoungGen: 42842K->0K(50176K)] [ParOldGen: 74931K->74931K(114176K)] 117773K->74931K(164352K) [PSPermGen: 5179K->5179K(21504K)], 0.0050770 secs] [Times: user=0.02 sys=0.00, real=0.00 secs] 
300.690: Total time for which application threads were stopped: 0.0052670 seconds, Stopping threads took: 0.0000870 seconds
301.205: Application time: 0.5146010 seconds
301.205: [Full GC [PSYoungGen: 42862K->0K(50176K)] [ParOldGen: 74931K->74931K(114176K)] 117794K->74931K(164352K) [PSPermGen: 5179K->5179K(21504K)], 0.0046070 secs] [Times: user=0.02 sys=0.00, real=0.00 secs] 
301.210: Total time for which application threads were stopped: 0.0047940 seconds, Stopping threads took: 0.0000870 seconds
301.739: Application time: 0.5292180 seconds
301.739: [Full GC [PSYoungGen: 42924K->0K(50176K)] [ParOldGen: 74931K->74932K(114176K)] 117856K->74932K(164352K) [PSPermGen: 5179K->5179K(21504K)], 0.0048080 secs] [Times: user=0.02 sys=0.00, real=0.01 secs] 
301.744: Total time for which application threads were stopped: 0.0049980 seconds, Stopping threads took: 0.0000880 seconds
302.283: Application time: 0.5391980 seconds
302.283: [Full GC [PSYoungGen: 43006K->0K(50176K)] [ParOldGen: 74932K->74276K(114176K)] 117938K->74276K(164352K) [PSPermGen: 5179K->5179K(21504K)], 0.0047700 secs] [Times: user=0.02 sys=0.00, real=0.00 secs] 
302.288: Total time for which application threads were stopped: 0.0049520 seconds, Stopping threads took: 0.0000800 seconds
302.797: Application time: 0.5087900 seconds
302.797: [Full GC [PSYoungGen: 42984K->0K(50176K)] [ParOldGen: 74276K->75067K(114176K)] 117261K->75067K(164352K) [PSPermGen: 5179K->5179K(21504K)], 0.0049400 secs] [Times: user=0.02 sys=0.00, real=0.01 secs] 
302.802: Total time for which application threads were stopped: 0.0051340 seconds, Stopping threads took: 0.0000930 seconds
303.366: Application time: 0.5639920 seconds
303.366: Total time for which application threads were stopped: 0.0001190 seconds, Stopping threads took: 0.0000840 seconds
303.367: Application time: 0.0004540 seconds
303.367: [Full GC [PSYoungGen: 42944K->0K(50176K)] [ParOldGen: 75202K->74537K(114176K)] 118146K->74537K(164352K) [PSPermGen: 5179K->5179K(21504K)], 0.0046670 secs] [Times: user=0.02 sys=0.00, real=0.00 secs] 
303.371: Total time for which application threads were stopped: 0.0047940 seconds, Stopping threads took: 0.0000460 seconds
303.944: Application time: 0.5724030 seconds
303.944: [Full GC [PSYoungGen: 43008K->0K(50176K)] [ParOldGen: 77786K->74958K(114176K)] 120794K->74958K(164352K) [PSPermGen: 5179K->5179K(21504K)], 0.0046550 secs] [Times: user=0.02 sys=0.00, real=0.00 secs] 
303.949: Total time for which application threads were stopped: 0.0048260 seconds, Stopping threads took: 0.0000730 seconds
304.465: Application time: 0.5167330 seconds
304.465: [Full GC [PSYoungGen: 42987K->0K(50176K)] [ParOldGen: 74958K->75131K(114176K)] 117945K->75131K(164352K) [PSPermGen: 5179K->5179K(21504K)], 0.0051060 secs] [Times: user=0.02 sys=0.00, real=0.00 secs] 
304.471: Total time for which application threads were stopped: 0.0052890 seconds, Stopping threads took: 0.0000810 seconds
305.019: Application time: 0.5488310 seconds
305.020: [Full GC [PSYoungGen: 42945K->0K(50176K)] [ParOldGen: 75131K->75131K(114176K)] 118076K->75131K(164352K) [PSPermGen: 5179K->5179K(21504K)], 0.0048570 secs] [Times: user=0.02 sys=0.00, real=0.00 secs] 
305.024: Total time for which application threads were stopped: 0.0050240 seconds, Stopping threads took: 0.0000640 seconds
305.550: Application time: 0.5255470 seconds
305.550: Total time for which application threads were stopped: 0.0001040 seconds, Stopping threads took: 0.0000690 seconds
305.553: Application time: 0.0024980 seconds
305.553: [Full GC [PSYoungGen: 42911K->0K(50176K)] [ParOldGen: 75266K->75131K(114176K)] 118177K->75131K(164352K) [PSPermGen: 5179K->5179K(21504K)], 0.0050020 secs] [Times: user=0.02 sys=0.00, real=0.00 secs] 
305.558: Total time for which application threads were stopped: 0.0051560 seconds, Stopping threads took: 0.0000550 seconds
306.151: Application time: 0.5933400 seconds
306.151: [Full GC [PSYoungGen: 43008K->0K(50176K)] [ParOldGen: 78862K->74933K(114176K)] 121870K->74933K(164352K) [PSPermGen: 5179K->5179K(21504K)], 0.0049640 secs] [Times: user=0.02 sys=0.00, real=0.01 secs] 
306.156: Total time for which application threads were stopped: 0.0051410 seconds, Stopping threads took: 0.0000740 seconds
306.668: Application time: 0.5122020 seconds
306.669: [Full GC [PSYoungGen: 42841K->0K(50176K)] [ParOldGen: 74933K->74934K(114176K)] 117775K->74934K(164352K) [PSPermGen: 5179K->5179K(21504K)], 0.0050610 secs] [Times: user=0.02 sys=0.00, real=0.01 secs] 
306.674: Total time for which application threads were stopped: 0.0052440 seconds, Stopping threads took: 0.0000830 seconds
307.212: Application time: 0.5380320 seconds
307.212: [Full GC [PSYoungGen: 42947K->0K(50176K)] [ParOldGen: 74934K->74736K(114176K)] 117882K->74736K(164352K) [PSPermGen: 5179K->5179K(21504K)], 0.0050460 secs] [Times: user=0.02 sys=0.00, real=0.00 secs] 
307.217: Total time for which application threads were stopped: 0.0052280 seconds, Stopping threads took: 0.0000800 seconds
307.734: Application time: 0.5170510 seconds
307.734: Total time for which application threads were stopped: 0.0000980 seconds, Stopping threads took: 0.0000600 seconds
307.736: Application time: 0.0014670 seconds
307.736: [Full GC [PSYoungGen: 43004K->0K(50176K)] [ParOldGen: 75141K->74530K(114176K)] 118145K->74530K(164352K) [PSPermGen: 5179K->5179K(21504K)], 0.0046430 secs] [Times: user=0.01 sys=0.00, real=0.01 secs] 
307.740: Total time for which application threads were stopped: 0.0047650 seconds, Stopping threads took: 0.0000390 seconds
308.328: Application time: 0.5874930 seconds
308.328: [Full GC [PSYoungGen: 43008K->0K(50176K)] [ParOldGen: 79196K->75331K(114176K)] 122204K->75331K(164352K) [PSPermGen: 5179K->5179K(21504K)], 0.0048480 secs] [Times: user=0.02 sys=0.00, real=0.01 secs] 
308.333: Total time for which application threads were stopped: 0.0050210 seconds, Stopping threads took: 0.0000710 seconds
308.905: Application time: 0.5725090 seconds
308.906: [Full GC [PSYoungGen: 42975K->0K(50176K)] [ParOldGen: 75331K->74674K(114176K)] 118307K->74674K(164352K) [PSPermGen: 5179K->5179K(21504K)], 0.0047080 secs] [Times: user=0.02 sys=0.00, real=0.00 secs] 
308.910: Total time for which application threads were stopped: 0.0048830 seconds, Stopping threads took: 0.0000730 seconds
309.418: Application time: 0.5076940 seconds
309.418: Total time for which application threads were stopped: 0.0001180 seconds, Stopping threads took: 0.0000780 seconds
309.420: Application time: 0.0014970 seconds
309.420: [Full GC [PSYoungGen: 42969K->0K(50176K)] [ParOldGen: 74944K->74531K(114176K)] 117913K->74531K(164352K) [PSPermGen: 5179K->5179K(21504K)], 0.0048660 secs] [Times: user=0.02 sys=0.00, real=0.00 secs] 
309.425: Total time for which application threads were stopped: 0.0049890 seconds, Stopping threads took: 0.0000400 seconds
310.031: Application time: 0.6063620 seconds
310.031: [Full GC [PSYoungGen: 43008K->0K(50176K)] [ParOldGen: 81205K->74738K(114176K)] 124213K->74738K(164352K) [PSPermGen: 5179K->5179K(21504K)], 0.0047020 secs] [Times: user=0.01 sys=0.00, real=0.01 secs] 
310.036: Total time for which application threads were stopped: 0.0048890 seconds, Stopping threads took: 0.0000860 seconds
310.595: Application time: 0.5593340 seconds
310.595: [Full GC [PSYoungGen: 42842K->0K(50176K)] [ParOldGen: 74738K->74738K(114176K)] 117580K->74738K(164352K) [PSPermGen: 5179K->5179K(21504K)], 0.0048060 secs] [Times: user=0.01 sys=0.00, real=0.01 secs] 
310.600: Total time for which application threads were stopped: 0.0049800 seconds, Stopping threads took: 0.0000700 seconds
311.114: Application time: 0.5140000 seconds
311.114: [Full GC [PSYoungGen: 42738K->0K(50176K)] [ParOldGen: 74738K->74936K(114176K)] 117477K->74936K(164352K) [PSPermGen: 5179K->5179K(21504K)], 0.0049210 secs] [Times: user=0.02 sys=0.00, real=0.00 secs] 
311.119: Total time for which application threads were stopped: 0.0051140 seconds, Stopping threads took: 0.0000850 seconds
311.641: Application time: 0.5220910 seconds
311.641: [Full GC [PSYoungGen: 42838K->0K(50176K)] [ParOldGen: 74936K->74936K(114176K)] 117774K->74936K(164352K) [PSPermGen: 5179K->5179K(21504K)], 0.0045550 secs] [Times: user=0.02 sys=0.00, real=0.00 secs] 
311.646: Total time for which application threads were stopped: 0.0047400 seconds, Stopping threads took: 0.0000880 seconds
312.196: Application time: 0.5498040 seconds
312.196: [Full GC [PSYoungGen: 42921K->0K(50176K)] [ParOldGen: 74936K->75404K(114176K)] 117858K->75404K(164352K) [PSPermGen: 5179K->5179K(21504K)], 0.0048840 secs] [Times: user=0.02 sys=0.00, real=0.01 secs] 
312.201: Total time for which application threads were stopped: 0.0050590 seconds, Stopping threads took: 0.0000750 seconds
312.699: Application time: 0.4977090 seconds
312.699: [Full GC [PSYoungGen: 42930K->0K(50176K)] [ParOldGen: 75404K->75134K(114176K)] 118334K->75134K(164352K) [PSPermGen: 5179K->5179K(21504K)], 0.0050440 secs] [Times: user=0.01 sys=0.00, real=0.01 secs] 
312.704: Total time for which application threads were stopped: 0.0052380 seconds, Stopping threads took: 0.0000920 seconds
313.258: Application time: 0.5540520 seconds
313.258: Total time for which application threads were stopped: 0.0001140 seconds, Stopping threads took: 0.0000830 seconds
313.259: Application time: 0.0013610 seconds
313.260: [Full GC [PSYoungGen: 43005K->0K(50176K)] [ParOldGen: 75539K->74937K(114176K)] 118544K->74937K(164352K) [PSPermGen: 5179K->5179K(21504K)], 0.0048620 secs] [Times: user=0.02 sys=0.00, real=0.00 secs] 
313.264: Total time for which application threads were stopped: 0.0050250 seconds, Stopping threads took: 0.0000780 seconds
313.836: Application time: 0.5711030 seconds
313.836: [Full GC [PSYoungGen: 43008K->0K(50176K)] [ParOldGen: 76124K->74567K(114176K)] 119132K->74567K(164352K) [PSPermGen: 5179K->5179K(21504K)], 0.0047680 secs] [Times: user=0.02 sys=0.00, real=0.01 secs] 
313.841: Total time for which application threads were stopped: 0.0049650 seconds, Stopping threads took: 0.0000950 seconds
314.342: Application time: 0.5018070 seconds
314.342: [Full GC [PSYoungGen: 42880K->0K(50176K)] [ParOldGen: 74567K->75405K(114176K)] 117448K->75405K(164352K) [PSPermGen: 5179K->5179K(21504K)], 0.0049330 secs] [Times: user=0.02 sys=0.00, real=0.00 secs] 
314.347: Total time for which application threads were stopped: 0.0051250 seconds, Stopping threads took: 0.0000930 seconds
314.908: Application time: 0.5607610 seconds
314.908: [Full GC [PSYoungGen: 42873K->0K(50176K)] [ParOldGen: 75405K->75333K(114176K)] 118278K->75333K(164352K) [PSPermGen: 5179K->5179K(21504K)], 0.0050880 secs] [Times: user=0.02 sys=0.00, real=0.01 secs] 
314.913: Total time for which application threads were stopped: 0.0052570 seconds, Stopping threads took: 0.0000690 seconds
315.426: Application time: 0.5123630 seconds
315.426: [Full GC [PSYoungGen: 42988K->0K(50176K)] [ParOldGen: 75333K->74875K(114176K)] 118321K->74875K(164352K) [PSPermGen: 5179K->5179K(21504K)], 0.0051030 secs] [Times: user=0.02 sys=0.00, real=0.00 secs] 
315.431: Total time for which application threads were stopped: 0.0052750 seconds, Stopping threads took: 0.0000730 seconds
315.950: Application time: 0.5188110 seconds
315.950: [Full GC [PSYoungGen: 42927K->0K(50176K)] [ParOldGen: 74875K->75136K(114176K)] 117803K->75136K(164352K) [PSPermGen: 5179K->5179K(21504K)], 0.0049330 secs] [Times: user=0.02 sys=0.00, real=0.01 secs] 
315.955: Total time for which application threads were stopped: 0.0051090 seconds, Stopping threads took: 0.0000780 seconds
316.516: Application time: 0.5613270 seconds
316.517: Total time for which application threads were stopped: 0.0001120 seconds, Stopping threads took: 0.0000730 seconds
316.518: Application time: 0.0011420 seconds
316.518: [Full GC [PSYoungGen: 42914K->0K(50176K)] [ParOldGen: 75405K->74345K(114176K)] 118320K->74345K(164352K) [PSPermGen: 5179K->5179K(21504K)], 0.0047460 secs] [Times: user=0.02 sys=0.00, real=0.01 secs] 
316.523: Total time for which application threads were stopped: 0.0048970 seconds, Stopping threads took: 0.0000590 seconds
317.133: Application time: 0.6102960 seconds
317.133: Total time for which application threads were stopped: 0.0001030 seconds, Stopping threads took: 0.0000720 seconds
317.133: Application time: 0.0003040 seconds
317.133: [Full GC [PSYoungGen: 43008K->0K(50176K)] [ParOldGen: 80893K->74336K(114176K)] 123901K->74336K(164352K) [PSPermGen: 5179K->5179K(21504K)], 0.0045290 secs] [Times: user=0.02 sys=0.00, real=0.00 secs] 
317.138: Total time for which application threads were stopped: 0.0046810 seconds, Stopping threads took: 0.0000700 seconds
317.702: Application time: 0.5644220 seconds
317.702: [Full GC [PSYoungGen: 43008K->0K(50176K)] [ParOldGen: 77426K->75359K(114176K)] 120434K->75359K(164352K) [PSPermGen: 5179K->5179K(21504K)], 0.0048470 secs] [Times: user=0.02 sys=0.00, real=0.00 secs] 
317.707: Total time for which application threads were stopped: 0.0050150 seconds, Stopping threads took: 0.0000690 seconds
318.231: Application time: 0.5232220 seconds
318.231: [Full GC [PSYoungGen: 42937K->0K(50176K)] [ParOldGen: 75359K->75335K(114176K)] 118297K->75335K(164352K) [PSPermGen: 5179K->5179K(21504K)], 0.0048150 secs] [Times: user=0.02 sys=0.00, real=0.01 secs] 
318.236: Total time for which application threads were stopped: 0.0050090 seconds, Stopping threads took: 0.0000900 seconds
318.775: Application time: 0.5394950 seconds
318.775: [Full GC [PSYoungGen: 42978K->0K(50176K)] [ParOldGen: 75335K->75604K(114176K)] 118313K->75604K(164352K) [PSPermGen: 5179K->5179K(21504K)], 0.0051170 secs] [Times: user=0.01 sys=0.00, real=0.01 secs] 
318.780: Total time for which application threads were stopped: 0.0052810 seconds, Stopping threads took: 0.0000610 seconds
319.312: Application time: 0.5315790 seconds
319.312: [Full GC [PSYoungGen: 42875K->0K(50176K)] [ParOldGen: 75604K->75407K(114176K)] 118480K->75407K(164352K) [PSPermGen: 5179K->5179K(21504K)], 0.0049800 secs] [Times: user=0.02 sys=0.00, real=0.00 secs] 
319.317: Total time for which application threads were stopped: 0.0051640 seconds, Stopping threads took: 0.0000790 seconds
319.873: Application time: 0.5555310 seconds
319.873: [Full GC [PSYoungGen: 42883K->0K(50176K)] [ParOldGen: 75407K->74742K(114176K)] 118290K->74742K(164352K) [PSPermGen: 5179K->5179K(21504K)], 0.0048660 secs] [Times: user=0.01 sys=0.00, real=0.00 secs] 
319.878: Total time for which application threads were stopped: 0.0050660 seconds, Stopping threads took: 0.0000940 seconds
320.388: Application time: 0.5106170 seconds
320.388: [Full GC [PSYoungGen: 42976K->0K(50176K)] [ParOldGen: 74742K->74877K(114176K)] 117719K->74877K(164352K) [PSPermGen: 5179K->5179K(21504K)], 0.0050610 secs] [Times: user=0.02 sys=0.00, real=0.01 secs] 
320.394: Total time for which application threads were stopped: 0.0052480 seconds, Stopping threads took: 0.0000860 seconds
320.912: Application time: 0.5179980 seconds
320.912: [Full GC [PSYoungGen: 42997K->0K(50176K)] [ParOldGen: 74877K->75210K(114176K)] 117875K->75210K(164352K) [PSPermGen: 5179K->5179K(21504K)], 0.0047920 secs] [Times: user=0.01 sys=0.00, real=0.00 secs] 
320.917: Total time for which application threads were stopped: 0.0049810 seconds, Stopping threads took: 0.0000800 seconds
321.466: Application time: 0.5498220 seconds
321.467: [Full GC [PSYoungGen: 42781K->0K(50176K)] [ParOldGen: 75210K->74743K(114176K)] 117992K->74743K(164352K) [PSPermGen: 5179K->5179K(21504K)], 0.0046220 secs] [Times: user=0.02 sys=0.00, real=0.00 secs] 
321.471: Total time for which application threads were stopped: 0.0048010 seconds, Stopping threads took: 0.0000780 seconds
321.985: Application time: 0.5137730 seconds
321.985: [Full GC [PSYoungGen: 42741K->0K(50176K)] [ParOldGen: 74743K->74941K(114176K)] 117484K->74941K(164352K) [PSPermGen: 5179K->5179K(21504K)], 0.0047340 secs] [Times: user=0.01 sys=0.00, real=0.00 secs] 
321.990: Total time for which application threads were stopped: 0.0049200 seconds, Stopping threads took: 0.0000880 seconds
322.527: Application time: 0.5373670 seconds
322.527: [Full GC [PSYoungGen: 42906K->0K(50176K)] [ParOldGen: 74941K->75139K(114176K)] 117848K->75139K(164352K) [PSPermGen: 5179K->5179K(21504K)], 0.0051980 secs] [Times: user=0.02 sys=0.00, real=0.01 secs] 
322.533: Total time for which application threads were stopped: 0.0053930 seconds, Stopping threads took: 0.0000900 seconds
323.063: Application time: 0.5298420 seconds
323.063: [Full GC [PSYoungGen: 42883K->0K(50176K)] [ParOldGen: 75139K->74941K(114176K)] 118022K->74941K(164352K) [PSPermGen: 5179K->5179K(21504K)], 0.0047430 secs] [Times: user=0.01 sys=0.00, real=0.00 secs] 
323.067: Total time for which application threads were stopped: 0.0049210 seconds, Stopping threads took: 0.0000730 seconds
323.612: Application time: 0.5442220 seconds
323.612: [Full GC [PSYoungGen: 42823K->0K(50176K)] [ParOldGen: 74941K->75139K(114176K)] 117765K->75139K(164352K) [PSPermGen: 5179K->5179K(21504K)], 0.0048490 secs] [Times: user=0.02 sys=0.00, real=0.00 secs] 
323.617: Total time for which application threads were stopped: 0.0050350 seconds, Stopping threads took: 0.0000890 seconds
324.165: Application time: 0.5478720 seconds
324.165: [Full GC [PSYoungGen: 42964K->0K(50176K)] [ParOldGen: 75139K->74744K(114176K)] 118104K->74744K(164352K) [PSPermGen: 5179K->5179K(21504K)], 0.0048170 secs] [Times: user=0.02 sys=0.00, real=0.00 secs] 
324.170: Total time for which application threads were stopped: 0.0049840 seconds, Stopping threads took: 0.0000670 seconds
324.670: Application time: 0.5002850 seconds
324.670: [Full GC [PSYoungGen: 42945K->0K(50176K)] [ParOldGen: 74744K->74744K(114176K)] 117690K->74744K(164352K) [PSPermGen: 5179K->5179K(21504K)], 0.0049640 secs] [Times: user=0.02 sys=0.00, real=0.01 secs] 
324.675: Total time for which application threads were stopped: 0.0051330 seconds, Stopping threads took: 0.0000730 seconds
325.200: Application time: 0.5247170 seconds
325.200: [Full GC [PSYoungGen: 42996K->0K(50176K)] [ParOldGen: 74744K->74754K(114176K)] 117741K->74754K(164352K) [PSPermGen: 5179K->5179K(21504K)], 0.0047240 secs] [Times: user=0.01 sys=0.00, real=0.00 secs] 
325.205: Total time for which application threads were stopped: 0.0049000 seconds, Stopping threads took: 0.0000750 seconds
325.755: Application time: 0.5499700 seconds
325.755: Total time for which application threads were stopped: 0.0001220 seconds, Stopping threads took: 0.0000890 seconds
325.755: Application time: 0.0006700 seconds
325.755: [Full GC [PSYoungGen: 42976K->0K(50176K)] [ParOldGen: 74889K->75140K(114176K)] 117865K->75140K(164352K) [PSPermGen: 5179K->5179K(21504K)], 0.0048870 secs] [Times: user=0.02 sys=0.00, real=0.01 secs] 
325.760: Total time for which application threads were stopped: 0.0050140 seconds, Stopping threads took: 0.0000410 seconds
326.355: Application time: 0.5947040 seconds
326.355: [Full GC [PSYoungGen: 43008K->0K(50176K)] [ParOldGen: 79625K->74547K(114176K)] 122633K->74547K(164352K) [PSPermGen: 5179K->5179K(21504K)], 0.0047470 secs] [Times: user=0.02 sys=0.00, real=0.01 secs] 
326.360: Total time for which application threads were stopped: 0.0049260 seconds, Stopping threads took: 0.0000770 seconds
326.880: Application time: 0.5197490 seconds
326.880: [Full GC [PSYoungGen: 42787K->0K(50176K)] [ParOldGen: 74547K->74943K(114176K)] 117335K->74943K(164352K) [PSPermGen: 5179K->5179K(21504K)], 0.0050330 secs] [Times: user=0.02 sys=0.00, real=0.00 secs] 
326.885: Total time for which application threads were stopped: 0.0052040 seconds, Stopping threads took: 0.0000710 seconds
327.436: Application time: 0.5515220 seconds
327.437: [Full GC [PSYoungGen: 42905K->0K(50176K)] [ParOldGen: 74943K->74943K(114176K)] 117849K->74943K(164352K) [PSPermGen: 5179K->5179K(21504K)], 0.0049520 secs] [Times: user=0.02 sys=0.00, real=0.01 secs] 
327.442: Total time for which application threads were stopped: 0.0051190 seconds, Stopping threads took: 0.0000680 seconds
327.974: Application time: 0.5328050 seconds
327.975: [Full GC [PSYoungGen: 42882K->0K(50176K)] [ParOldGen: 74943K->74944K(114176K)] 117825K->74944K(164352K) [PSPermGen: 5179K->5179K(21504K)], 0.0048400 secs] [Times: user=0.02 sys=0.00, real=0.01 secs] 
327.979: Total time for which application threads were stopped: 0.0050290 seconds, Stopping threads took: 0.0000730 seconds
328.530: Application time: 0.5504040 seconds
328.530: [Full GC [PSYoungGen: 42945K->0K(50176K)] [ParOldGen: 74944K->74944K(114176K)] 117889K->74944K(164352K) [PSPermGen: 5179K->5179K(21504K)], 0.0050630 secs] [Times: user=0.02 sys=0.00, real=0.01 secs] 
328.535: Total time for which application threads were stopped: 0.0052340 seconds, Stopping threads took: 0.0000690 seconds
329.039: Application time: 0.5036000 seconds
329.039: [Full GC [PSYoungGen: 42903K->0K(50176K)] [ParOldGen: 74944K->75412K(114176K)] 117848K->75412K(164352K) [PSPermGen: 5179K->5179K(21504K)], 0.0050190 secs] [Times: user=0.02 sys=0.00, real=0.01 secs] 
329.044: Total time for which application threads were stopped: 0.0052310 seconds, Stopping threads took: 0.0001130 seconds
329.561: Application time: 0.5173020 seconds
329.561: [Full GC [PSYoungGen: 42886K->0K(50176K)] [ParOldGen: 75412K->74944K(114176K)] 118298K->74944K(164352K) [PSPermGen: 5179K->5179K(21504K)], 0.0051390 secs] [Times: user=0.02 sys=0.00, real=0.00 secs] 
329.567: Total time for which application threads were stopped: 0.0053180 seconds, Stopping threads took: 0.0000780 seconds
330.107: Application time: 0.5399760 seconds
330.107: [Full GC [PSYoungGen: 42876K->0K(50176K)] [ParOldGen: 74944K->74549K(114176K)] 117821K->74549K(164352K) [PSPermGen: 5179K->5179K(21504K)], 0.0047760 secs] [Times: user=0.01 sys=0.00, real=0.01 secs] 
330.111: Total time for which application threads were stopped: 0.0049490 seconds, Stopping threads took: 0.0000710 seconds
330.642: Application time: 0.5308160 seconds
330.642: Total time for which application threads were stopped: 0.0001300 seconds, Stopping threads took: 0.0000950 seconds
330.642: Application time: 0.0000660 seconds
330.643: [Full GC [PSYoungGen: 42898K->0K(50176K)] [ParOldGen: 74684K->74747K(114176K)] 117582K->74747K(164352K) [PSPermGen: 5179K->5179K(21504K)], 0.0049970 secs] [Times: user=0.01 sys=0.00, real=0.00 secs] 
330.648: Total time for which application threads were stopped: 0.0051700 seconds, Stopping threads took: 0.0000860 seconds
331.222: Application time: 0.5745340 seconds
331.222: [Full GC [PSYoungGen: 43008K->0K(50176K)] [ParOldGen: 78986K->74970K(114176K)] 121994K->74970K(164352K) [PSPermGen: 5179K->5179K(21504K)], 0.0050540 secs] [Times: user=0.01 sys=0.00, real=0.00 secs] 
331.227: Total time for which application threads were stopped: 0.0052430 seconds, Stopping threads took: 0.0000750 seconds
331.764: Application time: 0.5369450 seconds
331.765: [Full GC [PSYoungGen: 42826K->0K(50176K)] [ParOldGen: 74970K->74748K(114176K)] 117796K->74748K(164352K) [PSPermGen: 5179K->5179K(21504K)], 0.0047800 secs] [Times: user=0.01 sys=0.00, real=0.00 secs] 
331.769: Total time for which application threads were stopped: 0.0049790 seconds, Stopping threads took: 0.0000900 seconds
332.317: Application time: 0.5479050 seconds
332.317: [Full GC [PSYoungGen: 42956K->0K(50176K)] [ParOldGen: 74748K->74883K(114176K)] 117704K->74883K(164352K) [PSPermGen: 5179K->5179K(21504K)], 0.0049550 secs] [Times: user=0.02 sys=0.00, real=0.01 secs] 
332.322: Total time for which application threads were stopped: 0.0051470 seconds, Stopping threads took: 0.0000900 seconds
332.862: Application time: 0.5394520 seconds
332.862: [Full GC [PSYoungGen: 42965K->0K(50176K)] [ParOldGen: 74883K->74685K(114176K)] 117849K->74685K(164352K) [PSPermGen: 5179K->5179K(21504K)], 0.0048160 secs] [Times: user=0.01 sys=0.00, real=0.00 secs] 
332.867: Total time for which application threads were stopped: 0.0049950 seconds, Stopping threads took: 0.0000770 seconds
333.399: Application time: 0.5316650 seconds
333.399: Total time for which application threads were stopped: 0.0001070 seconds, Stopping threads took: 0.0000780 seconds
333.399: Application time: 0.0003110 seconds
333.399: [Full GC [PSYoungGen: 42945K->0K(50176K)] [ParOldGen: 74955K->74946K(114176K)] 117900K->74946K(164352K) [PSPermGen: 5179K->5179K(21504K)], 0.0046450 secs] [Times: user=0.01 sys=0.00, real=0.01 secs] 
333.404: Total time for which application threads were stopped: 0.0047840 seconds, Stopping threads took: 0.0000550 seconds
334.008: Application time: 0.6042790 seconds
334.008: Total time for which application threads were stopped: 0.0000910 seconds, Stopping threads took: 0.0000600 seconds
334.008: Application time: 0.0000490 seconds
334.008: [Full GC [PSYoungGen: 43008K->0K(50176K)] [ParOldGen: 81105K->74542K(114176K)] 124113K->74542K(164352K) [PSPermGen: 5179K->5179K(21504K)], 0.0045260 secs] [Times: user=0.02 sys=0.00, real=0.01 secs] 
334.013: Total time for which application threads were stopped: 0.0046410 seconds, Stopping threads took: 0.0000340 seconds
334.615: Application time: 0.6023530 seconds
334.615: Total time for which application threads were stopped: 0.0001100 seconds, Stopping threads took: 0.0000770 seconds
334.616: Application time: 0.0007490 seconds
334.616: [Full GC [PSYoungGen: 43008K->0K(50176K)] [ParOldGen: 80391K->74947K(114176K)] 123399K->74947K(164352K) [PSPermGen: 5179K->5179K(21504K)], 0.0045860 secs] [Times: user=0.02 sys=0.00, real=0.01 secs] 
334.621: Total time for which application threads were stopped: 0.0047220 seconds, Stopping threads took: 0.0000520 seconds
335.224: Application time: 0.6037340 seconds
335.225: Total time for which application threads were stopped: 0.0000990 seconds, Stopping threads took: 0.0000650 seconds
335.225: Application time: 0.0008920 seconds
335.226: [Full GC [PSYoungGen: 43007K->0K(50176K)] [ParOldGen: 81312K->74138K(114176K)] 124320K->74138K(164352K) [PSPermGen: 5179K->5179K(21504K)], 0.0047620 secs] [Times: user=0.01 sys=0.00, real=0.00 secs] 
335.230: Total time for which application threads were stopped: 0.0048750 seconds, Stopping threads took: 0.0000340 seconds
335.835: Application time: 0.6045650 seconds
335.835: [Full GC [PSYoungGen: 43008K->0K(50176K)] [ParOldGen: 80391K->74947K(114176K)] 123399K->74947K(164352K) [PSPermGen: 5179K->5179K(21504K)], 0.0047340 secs] [Times: user=0.02 sys=0.00, real=0.01 secs] 
335.840: Total time for which application threads were stopped: 0.0049110 seconds, Stopping threads took: 0.0000740 seconds
336.337: Application time: 0.4976300 seconds
336.338: Total time for which application threads were stopped: 0.0001080 seconds, Stopping threads took: 0.0000720 seconds
336.338: Application time: 0.0003860 seconds
336.338: [Full GC [PSYoungGen: 42984K->0K(50176K)] [ParOldGen: 75011K->74750K(114176K)] 117996K->74750K(164352K) [PSPermGen: 5179K->5179K(21504K)], 0.0049760 secs] [Times: user=0.02 sys=0.00, real=0.01 secs] 
336.343: Total time for which application threads were stopped: 0.0050990 seconds, Stopping threads took: 0.0000390 seconds
336.956: Application time: 0.6129360 seconds
336.956: [Full GC [PSYoungGen: 43008K->0K(50176K)] [ParOldGen: 81218K->74948K(114176K)] 124226K->74948K(164352K) [PSPermGen: 5179K->5179K(21504K)], 0.0047570 secs] [Times: user=0.02 sys=0.00, real=0.01 secs] 
336.961: Total time for which application threads were stopped: 0.0049330 seconds, Stopping threads took: 0.0000770 seconds
337.513: Application time: 0.5517960 seconds
337.513: Total time for which application threads were stopped: 0.0001130 seconds, Stopping threads took: 0.0000740 seconds
337.513: Application time: 0.0005530 seconds
337.513: [Full GC [PSYoungGen: 42974K->0K(50176K)] [ParOldGen: 75147K->74553K(114176K)] 118121K->74553K(164352K) [PSPermGen: 5179K->5179K(21504K)], 0.0049590 secs] [Times: user=0.01 sys=0.00, real=0.00 secs] 
337.519: Total time for which application threads were stopped: 0.0050820 seconds, Stopping threads took: 0.0000370 seconds
338.099: Application time: 0.5800300 seconds
338.099: [Full GC [PSYoungGen: 43008K->0K(50176K)] [ParOldGen: 77554K->74553K(114176K)] 120562K->74553K(164352K) [PSPermGen: 5179K->5179K(21504K)], 0.0051140 secs] [Times: user=0.02 sys=0.00, real=0.01 secs] 
338.104: Total time for which application threads were stopped: 0.0053010 seconds, Stopping threads took: 0.0000880 seconds
338.622: Application time: 0.5182140 seconds
338.622: [Full GC [PSYoungGen: 42943K->0K(50176K)] [ParOldGen: 74553K->74823K(114176K)] 117497K->74823K(164352K) [PSPermGen: 5179K->5179K(21504K)], 0.0049340 secs] [Times: user=0.01 sys=0.00, real=0.00 secs] 
338.627: Total time for which application threads were stopped: 0.0051060 seconds, Stopping threads took: 0.0000720 seconds
339.147: Application time: 0.5202540 seconds
339.150: [Full GC [PSYoungGen: 42900K->0K(50176K)] [ParOldGen: 74823K->75614K(114176K)] 117723K->75614K(164352K) [PSPermGen: 5179K->5179K(21504K)], 0.0050730 secs] [Times: user=0.02 sys=0.00, real=0.01 secs] 
339.155: Total time for which application threads were stopped: 0.0052450 seconds, Stopping threads took: 0.0000670 seconds
339.698: Application time: 0.5427230 seconds
339.698: Total time for which application threads were stopped: 0.0001190 seconds, Stopping threads took: 0.0000810 seconds
339.699: Application time: 0.0011100 seconds
339.699: [Full GC [PSYoungGen: 42917K->0K(50176K)] [ParOldGen: 75749K->75147K(114176K)] 118666K->75147K(164352K) [PSPermGen: 5179K->5179K(21504K)], 0.0049710 secs] [Times: user=0.02 sys=0.00, real=0.01 secs] 
339.704: Total time for which application threads were stopped: 0.0051160 seconds, Stopping threads took: 0.0000590 seconds
340.325: Application time: 0.6204960 seconds
340.325: [Full GC [PSYoungGen: 43008K->0K(50176K)] [ParOldGen: 83390K->74554K(114176K)] 126398K->74554K(164352K) [PSPermGen: 5179K->5179K(21504K)], 0.0048400 secs] [Times: user=0.02 sys=0.00, real=0.00 secs] 
340.330: Total time for which application threads were stopped: 0.0050300 seconds, Stopping threads took: 0.0000860 seconds
340.900: Application time: 0.5702410 seconds
340.900: [Full GC [PSYoungGen: 42893K->0K(50176K)] [ParOldGen: 74554K->74626K(114176K)] 117448K->74626K(164352K) [PSPermGen: 5179K->5179K(21504K)], 0.0060680 secs] [Times: user=0.02 sys=0.00, real=0.00 secs] 
340.906: Total time for which application threads were stopped: 0.0063180 seconds, Stopping threads took: 0.0001470 seconds
341.408: Application time: 0.5018380 seconds
341.408: [Full GC [PSYoungGen: 42883K->0K(50176K)] [ParOldGen: 74626K->74950K(114176K)] 117510K->74950K(164352K) [PSPermGen: 5179K->5179K(21504K)], 0.0051270 secs] [Times: user=0.02 sys=0.00, real=0.01 secs] 
341.413: Total time for which application threads were stopped: 0.0052970 seconds, Stopping threads took: 0.0000720 seconds
341.975: Application time: 0.5618260 seconds
341.975: [Full GC [PSYoungGen: 42957K->0K(50176K)] [ParOldGen: 74950K->74555K(114176K)] 117907K->74555K(164352K) [PSPermGen: 5179K->5179K(21504K)], 0.0047130 secs] [Times: user=0.02 sys=0.00, real=0.01 secs] 
341.980: Total time for which application threads were stopped: 0.0048860 seconds, Stopping threads took: 0.0000750 seconds
342.480: Application time: 0.5002730 seconds
342.481: [Full GC [PSYoungGen: 42906K->0K(50176K)] [ParOldGen: 74555K->75022K(114176K)] 117461K->75022K(164352K) [PSPermGen: 5179K->5179K(21504K)], 0.0047720 secs] [Times: user=0.02 sys=0.00, real=0.00 secs] 
342.485: Total time for which application threads were stopped: 0.0049570 seconds, Stopping threads took: 0.0000860 seconds
343.026: Application time: 0.5403140 seconds
343.026: Total time for which application threads were stopped: 0.0001140 seconds, Stopping threads took: 0.0000780 seconds
343.026: Application time: 0.0005040 seconds
343.026: [Full GC [PSYoungGen: 43005K->0K(50176K)] [ParOldGen: 75221K->74753K(114176K)] 118227K->74753K(164352K) [PSPermGen: 5179K->5179K(21504K)], 0.0048500 secs] [Times: user=0.02 sys=0.00, real=0.00 secs] 
343.031: Total time for which application threads were stopped: 0.0049700 seconds, Stopping threads took: 0.0000390 seconds
343.647: Application time: 0.6157810 seconds
343.647: [Full GC [PSYoungGen: 43008K->0K(50176K)] [ParOldGen: 81236K->74753K(114176K)] 124244K->74753K(164352K) [PSPermGen: 5179K->5179K(21504K)], 0.0050930 secs] [Times: user=0.02 sys=0.00, real=0.01 secs] 
343.652: Total time for which application threads were stopped: 0.0052680 seconds, Stopping threads took: 0.0000760 seconds
344.172: Application time: 0.5198530 seconds
344.172: [Full GC [PSYoungGen: 42958K->0K(50176K)] [ParOldGen: 74753K->75086K(114176K)] 117712K->75086K(164352K) [PSPermGen: 5179K->5179K(21504K)], 0.0047990 secs] [Times: user=0.02 sys=0.00, real=0.00 secs] 
344.177: Total time for which application threads were stopped: 0.0049510 seconds, Stopping threads took: 0.0000510 seconds
344.729: Application time: 0.5518780 seconds
344.729: [Full GC [PSYoungGen: 42978K->0K(50176K)] [ParOldGen: 75086K->74951K(114176K)] 118064K->74951K(164352K) [PSPermGen: 5179K->5179K(21504K)], 0.0047640 secs] [Times: user=0.02 sys=0.00, real=0.01 secs] 
344.734: Total time for which application threads were stopped: 0.0049530 seconds, Stopping threads took: 0.0000850 seconds
345.254: Application time: 0.5198160 seconds
345.254: [Full GC [PSYoungGen: 42942K->0K(50176K)] [ParOldGen: 74951K->75221K(114176K)] 117894K->75221K(164352K) [PSPermGen: 5179K->5179K(21504K)], 0.0049290 secs] [Times: user=0.02 sys=0.00, real=0.00 secs] 
345.259: Total time for which application threads were stopped: 0.0051160 seconds, Stopping threads took: 0.0000870 seconds
345.814: Application time: 0.5548700 seconds
345.814: [Full GC [PSYoungGen: 43006K->0K(50176K)] [ParOldGen: 75221K->75284K(114176K)] 118228K->75284K(164352K) [PSPermGen: 5179K->5179K(21504K)], 0.0048670 secs] [Times: user=0.02 sys=0.00, real=0.00 secs] 
345.819: Total time for which application threads were stopped: 0.0050590 seconds, Stopping threads took: 0.0000900 seconds
346.325: Application time: 0.5059470 seconds
346.325: [Full GC [PSYoungGen: 42913K->0K(50176K)] [ParOldGen: 75284K->75150K(114176K)] 118198K->75150K(164352K) [PSPermGen: 5179K->5179K(21504K)], 0.0049730 secs] [Times: user=0.02 sys=0.00, real=0.00 secs] 
346.330: Total time for which application threads were stopped: 0.0051630 seconds, Stopping threads took: 0.0000920 seconds
346.869: Application time: 0.5388120 seconds
346.869: [Full GC [PSYoungGen: 42944K->0K(50176K)] [ParOldGen: 75150K->75150K(114176K)] 118094K->75150K(164352K) [PSPermGen: 5179K->5179K(21504K)], 0.0052040 secs] [Times: user=0.02 sys=0.00, real=0.01 secs] 
346.874: Total time for which application threads were stopped: 0.0053830 seconds, Stopping threads took: 0.0000790 seconds
347.403: Application time: 0.5291860 seconds
347.403: [Full GC [PSYoungGen: 42963K->0K(50176K)] [ParOldGen: 75150K->74755K(114176K)] 118113K->74755K(164352K) [PSPermGen: 5179K->5179K(21504K)], 0.0046830 secs] [Times: user=0.02 sys=0.00, real=0.00 secs] 
347.408: Total time for which application threads were stopped: 0.0048590 seconds, Stopping threads took: 0.0000780 seconds
347.927: Application time: 0.5188840 seconds
347.927: [Full GC [PSYoungGen: 42937K->0K(50176K)] [ParOldGen: 74755K->75348K(114176K)] 117692K->75348K(164352K) [PSPermGen: 5179K->5179K(21504K)], 0.0049890 secs] [Times: user=0.02 sys=0.00, real=0.01 secs] 
347.932: Total time for which application threads were stopped: 0.0051450 seconds, Stopping threads took: 0.0000560 seconds
348.467: Application time: 0.5347450 seconds
348.467: [Full GC [PSYoungGen: 42878K->0K(50176K)] [ParOldGen: 75348K->74423K(114176K)] 118227K->74423K(164352K) [PSPermGen: 5179K->5179K(21504K)], 0.0049580 secs] [Times: user=0.02 sys=0.00, real=0.01 secs] 
348.472: Total time for which application threads were stopped: 0.0051440 seconds, Stopping threads took: 0.0000840 seconds
348.990: Application time: 0.5179260 seconds
348.990: [Full GC [PSYoungGen: 42994K->0K(50176K)] [ParOldGen: 74423K->74827K(114176K)] 117417K->74827K(164352K) [PSPermGen: 5179K->5179K(21504K)], 0.0049510 secs] [Times: user=0.02 sys=0.00, real=0.01 secs] 
348.995: Total time for which application threads were stopped: 0.0051300 seconds, Stopping threads took: 0.0000760 seconds
349.560: Application time: 0.5647070 seconds
349.560: [Full GC [PSYoungGen: 42960K->0K(50176K)] [ParOldGen: 74827K->74756K(114176K)] 117788K->74756K(164352K) [PSPermGen: 5179K->5179K(21504K)], 0.0049570 secs] [Times: user=0.02 sys=0.00, real=0.00 secs] 
349.565: Total time for which application threads were stopped: 0.0051300 seconds, Stopping threads took: 0.0000610 seconds
350.085: Application time: 0.5202830 seconds
350.085: [Full GC [PSYoungGen: 42757K->0K(50176K)] [ParOldGen: 74756K->74954K(114176K)] 117513K->74954K(164352K) [PSPermGen: 5179K->5179K(21504K)], 0.0048010 secs] [Times: user=0.02 sys=0.00, real=0.00 secs] 
350.090: Total time for which application threads were stopped: 0.0050140 seconds, Stopping threads took: 0.0001090 seconds
350.642: Application time: 0.5517790 seconds
350.642: [Full GC [PSYoungGen: 42955K->0K(50176K)] [ParOldGen: 74954K->74361K(114176K)] 117910K->74361K(164352K) [PSPermGen: 5179K->5179K(21504K)], 0.0048110 secs] [Times: user=0.02 sys=0.00, real=0.00 secs] 
350.647: Total time for which application threads were stopped: 0.0049930 seconds, Stopping threads took: 0.0000760 seconds
351.147: Application time: 0.4997300 seconds
351.147: [Full GC [PSYoungGen: 42834K->0K(50176K)] [ParOldGen: 74361K->74954K(114176K)] 117195K->74954K(164352K) [PSPermGen: 5179K->5179K(21504K)], 0.0065280 secs] [Times: user=0.03 sys=0.00, real=0.01 secs] 
351.154: Total time for which application threads were stopped: 0.0066980 seconds, Stopping threads took: 0.0000720 seconds
351.714: Application time: 0.5601680 seconds
351.714: [Full GC [PSYoungGen: 42945K->0K(50176K)] [ParOldGen: 74954K->74954K(114176K)] 117900K->74954K(164352K) [PSPermGen: 5179K->5179K(21504K)], 0.0048450 secs] [Times: user=0.02 sys=0.00, real=0.00 secs] 
351.719: Total time for which application threads were stopped: 0.0050140 seconds, Stopping threads took: 0.0000720 seconds
352.215: Application time: 0.4967520 seconds
352.216: Total time for which application threads were stopped: 0.0000970 seconds, Stopping threads took: 0.0000650 seconds
352.217: Application time: 0.0013060 seconds
352.217: [Full GC [PSYoungGen: 42952K->0K(50176K)] [ParOldGen: 75692K->75152K(114176K)] 118645K->75152K(164352K) [PSPermGen: 5179K->5179K(21504K)], 0.0047230 secs] [Times: user=0.02 sys=0.00, real=0.01 secs] 
352.222: Total time for which application threads were stopped: 0.0048710 seconds, Stopping threads took: 0.0000640 seconds
352.831: Application time: 0.6092850 seconds
352.831: [Full GC [PSYoungGen: 43008K->0K(50176K)] [ParOldGen: 81493K->75154K(114176K)] 124501K->75154K(164352K) [PSPermGen: 5179K->5179K(21504K)], 0.0049500 secs] [Times: user=0.01 sys=0.00, real=0.01 secs] 
352.836: Total time for which application threads were stopped: 0.0051270 seconds, Stopping threads took: 0.0000780 seconds
353.394: Application time: 0.5582320 seconds
353.395: [Full GC [PSYoungGen: 42948K->0K(50176K)] [ParOldGen: 75154K->75225K(114176K)] 118102K->75225K(164352K) [PSPermGen: 5179K->5179K(21504K)], 0.0050660 secs] [Times: user=0.02 sys=0.00, real=0.01 secs] 
353.400: Total time for which application threads were stopped: 0.0052230 seconds, Stopping threads took: 0.0000580 seconds
353.910: Application time: 0.5101640 seconds
353.910: [Full GC [PSYoungGen: 42847K->0K(50176K)] [ParOldGen: 75225K->74956K(114176K)] 118073K->74956K(164352K) [PSPermGen: 5179K->5179K(21504K)], 0.0050110 secs] [Times: user=0.02 sys=0.00, real=0.01 secs] 
353.915: Total time for which application threads were stopped: 0.0051830 seconds, Stopping threads took: 0.0000730 seconds
354.479: Application time: 0.5643580 seconds
354.479: Total time for which application threads were stopped: 0.0001220 seconds, Stopping threads took: 0.0000910 seconds
354.480: Application time: 0.0007230 seconds
354.480: [Full GC [PSYoungGen: 42881K->0K(50176K)] [ParOldGen: 75225K->74758K(114176K)] 118106K->74758K(164352K) [PSPermGen: 5179K->5179K(21504K)], 0.0049210 secs] [Times: user=0.02 sys=0.00, real=0.00 secs] 
354.485: Total time for which application threads were stopped: 0.0050600 seconds, Stopping threads took: 0.0000530 seconds
355.072: Application time: 0.5865750 seconds
355.072: [Full GC [PSYoungGen: 43008K->0K(50176K)] [ParOldGen: 79354K->74830K(114176K)] 122362K->74830K(164352K) [PSPermGen: 5179K->5179K(21504K)], 0.0046330 secs] [Times: user=0.01 sys=0.00, real=0.00 secs] 
355.077: Total time for which application threads were stopped: 0.0048200 seconds, Stopping threads took: 0.0000740 seconds
355.589: Application time: 0.5127030 seconds
355.589: Total time for which application threads were stopped: 0.0001120 seconds, Stopping threads took: 0.0000780 seconds
355.590: Application time: 0.0001660 seconds
355.590: [Full GC [PSYoungGen: 42947K->0K(50176K)] [ParOldGen: 74965K->74758K(114176K)] 117913K->74758K(164352K) [PSPermGen: 5179K->5179K(21504K)], 0.0049710 secs] [Times: user=0.02 sys=0.00, real=0.01 secs] 
355.595: Total time for which application threads were stopped: 0.0051000 seconds, Stopping threads took: 0.0000490 seconds
356.202: Application time: 0.6072050 seconds
356.202: [Full GC [PSYoungGen: 43008K->0K(50176K)] [ParOldGen: 80710K->74759K(114176K)] 123718K->74759K(164352K) [PSPermGen: 5179K->5179K(21504K)], 0.0048930 secs] [Times: user=0.01 sys=0.00, real=0.00 secs] 
356.207: Total time for which application threads were stopped: 0.0050630 seconds, Stopping threads took: 0.0000700 seconds
356.749: Application time: 0.5416220 seconds
356.749: Total time for which application threads were stopped: 0.0000850 seconds, Stopping threads took: 0.0000520 seconds
356.750: Application time: 0.0014350 seconds
356.750: [Full GC [PSYoungGen: 43008K->0K(50176K)] [ParOldGen: 75100K->74957K(114176K)] 118108K->74957K(164352K) [PSPermGen: 5179K->5179K(21504K)], 0.0050180 secs] [Times: user=0.02 sys=0.00, real=0.01 secs] 
356.755: Total time for which application threads were stopped: 0.0051480 seconds, Stopping threads took: 0.0000430 seconds
357.346: Application time: 0.5905010 seconds
357.346: [Full GC [PSYoungGen: 43008K->0K(50176K)] [ParOldGen: 80298K->74957K(114176K)] 123306K->74957K(164352K) [PSPermGen: 5179K->5179K(21504K)], 0.0047590 secs] [Times: user=0.02 sys=0.00, real=0.00 secs] 
357.351: Total time for which application threads were stopped: 0.0049430 seconds, Stopping threads took: 0.0000840 seconds
357.888: Application time: 0.5368420 seconds
357.888: [Full GC [PSYoungGen: 42738K->0K(50176K)] [ParOldGen: 74957K->75155K(114176K)] 117696K->75155K(164352K) [PSPermGen: 5179K->5179K(21504K)], 0.0048660 secs] [Times: user=0.02 sys=0.00, real=0.01 secs] 
357.893: Total time for which application threads were stopped: 0.0050450 seconds, Stopping threads took: 0.0000760 seconds
358.418: Application time: 0.5253370 seconds
358.418: [Full GC [PSYoungGen: 42939K->0K(50176K)] [ParOldGen: 75155K->75425K(114176K)] 118095K->75425K(164352K) [PSPermGen: 5179K->5179K(21504K)], 0.0049800 secs] [Times: user=0.02 sys=0.00, real=0.01 secs] 
358.423: Total time for which application threads were stopped: 0.0051460 seconds, Stopping threads took: 0.0000690 seconds
358.938: Application time: 0.5150230 seconds
358.938: [Full GC [PSYoungGen: 42957K->0K(50176K)] [ParOldGen: 75425K->75353K(114176K)] 118383K->75353K(164352K) [PSPermGen: 5179K->5179K(21504K)], 0.0048380 secs] [Times: user=0.02 sys=0.00, real=0.01 secs] 
358.943: Total time for which application threads were stopped: 0.0050070 seconds, Stopping threads took: 0.0000700 seconds
359.478: Application time: 0.5350820 seconds
359.478: [Full GC [PSYoungGen: 43001K->0K(50176K)] [ParOldGen: 75353K->74958K(114176K)] 118355K->74958K(164352K) [PSPermGen: 5179K->5179K(21504K)], 0.0049420 secs] [Times: user=0.02 sys=0.00, real=0.01 secs] 
359.483: Total time for which application threads were stopped: 0.0051120 seconds, Stopping threads took: 0.0000710 seconds
360.017: Application time: 0.5333330 seconds
360.017: [Full GC [PSYoungGen: 42795K->0K(50176K)] [ParOldGen: 74958K->74958K(114176K)] 117754K->74958K(164352K) [PSPermGen: 5179K->5179K(21504K)], 0.0049930 secs] [Times: user=0.02 sys=0.00, real=0.01 secs] 
360.022: Total time for which application threads were stopped: 0.0051780 seconds, Stopping threads took: 0.0000850 seconds
360.561: Application time: 0.5391510 seconds
360.561: [Full GC [PSYoungGen: 42945K->0K(50176K)] [ParOldGen: 74958K->74958K(114176K)] 117904K->74958K(164352K) [PSPermGen: 5179K->5179K(21504K)], 0.0049390 secs] [Times: user=0.02 sys=0.00, real=0.00 secs] 
360.566: Total time for which application threads were stopped: 0.0051390 seconds, Stopping threads took: 0.0000900 seconds
361.088: Application time: 0.5220490 seconds
361.088: [Full GC [PSYoungGen: 42915K->0K(50176K)] [ParOldGen: 74958K->74833K(114176K)] 117874K->74833K(164352K) [PSPermGen: 5179K->5179K(21504K)], 0.0049480 secs] [Times: user=0.02 sys=0.00, real=0.01 secs] 
361.093: Total time for which application threads were stopped: 0.0051370 seconds, Stopping threads took: 0.0000890 seconds
361.625: Application time: 0.5312330 seconds
361.625: [Full GC [PSYoungGen: 42886K->0K(50176K)] [ParOldGen: 74833K->74159K(114176K)] 117720K->74159K(164352K) [PSPermGen: 5179K->5179K(21504K)], 0.0048530 secs] [Times: user=0.02 sys=0.00, real=0.00 secs] 
361.630: Total time for which application threads were stopped: 0.0050340 seconds, Stopping threads took: 0.0000780 seconds
362.185: Application time: 0.5555480 seconds
362.185: [Full GC [PSYoungGen: 42745K->0K(50176K)] [ParOldGen: 74159K->74959K(114176K)] 116905K->74959K(164352K) [PSPermGen: 5179K->5179K(21504K)], 0.0049520 secs] [Times: user=0.02 sys=0.00, real=0.00 secs] 
362.190: Total time for which application threads were stopped: 0.0051270 seconds, Stopping threads took: 0.0000740 seconds
362.690: Application time: 0.5001530 seconds
362.691: [Full GC [PSYoungGen: 42948K->0K(50176K)] [ParOldGen: 74959K->74762K(114176K)] 117907K->74762K(164352K) [PSPermGen: 5179K->5179K(21504K)], 0.0047780 secs] [Times: user=0.02 sys=0.00, real=0.01 secs] 
362.695: Total time for which application threads were stopped: 0.0049700 seconds, Stopping threads took: 0.0000790 seconds
363.224: Application time: 0.5288600 seconds
363.224: Total time for which application threads were stopped: 0.0001170 seconds, Stopping threads took: 0.0000770 seconds
363.226: Application time: 0.0013180 seconds
363.226: [Full GC [PSYoungGen: 42881K->0K(50176K)] [ParOldGen: 75166K->74960K(114176K)] 118047K->74960K(164352K) [PSPermGen: 5179K->5179K(21504K)], 0.0048210 secs] [Times: user=0.02 sys=0.00, real=0.00 secs] 
363.231: Total time for which application threads were stopped: 0.0049480 seconds, Stopping threads took: 0.0000400 seconds
363.837: Application time: 0.6061920 seconds
363.837: [Full GC [PSYoungGen: 43008K->0K(50176K)] [ParOldGen: 81252K->75427K(114176K)] 124260K->75427K(164352K) [PSPermGen: 5179K->5179K(21504K)], 0.0049370 secs] [Times: user=0.02 sys=0.00, real=0.01 secs] 
363.842: Total time for which application threads were stopped: 0.0051130 seconds, Stopping threads took: 0.0000780 seconds
364.393: Application time: 0.5511920 seconds
364.393: Total time for which application threads were stopped: 0.0001410 seconds, Stopping threads took: 0.0001070 seconds
364.393: Application time: 0.0000710 seconds
364.393: Total time for which application threads were stopped: 0.0000610 seconds, Stopping threads took: 0.0000520 seconds
364.394: Application time: 0.0005900 seconds
364.394: [Full GC [PSYoungGen: 42979K->0K(50176K)] [ParOldGen: 75832K->74565K(114176K)] 118811K->74565K(164352K) [PSPermGen: 5179K->5179K(21504K)], 0.0045840 secs] [Times: user=0.02 sys=0.00, real=0.00 secs] 
364.399: Total time for which application threads were stopped: 0.0046980 seconds, Stopping threads took: 0.0000320 seconds
365.024: Application time: 0.6254070 seconds
365.024: [Full GC [PSYoungGen: 43008K->0K(50176K)] [ParOldGen: 82397K->75095K(114176K)] 125405K->75095K(164352K) [PSPermGen: 5179K->5179K(21504K)], 0.0047820 secs] [Times: user=0.02 sys=0.00, real=0.00 secs] 
365.029: Total time for which application threads were stopped: 0.0049670 seconds, Stopping threads took: 0.0000840 seconds
365.572: Application time: 0.5425580 seconds
365.572: [Full GC [PSYoungGen: 42967K->0K(50176K)] [ParOldGen: 75095K->75033K(114176K)] 118063K->75033K(164352K) [PSPermGen: 5179K->5179K(21504K)], 0.0047600 secs] [Times: user=0.01 sys=0.00, real=0.00 secs] 
365.577: Total time for which application threads were stopped: 0.0049490 seconds, Stopping threads took: 0.0000890 seconds
366.105: Application time: 0.5281300 seconds
366.105: [Full GC [PSYoungGen: 42964K->0K(50176K)] [ParOldGen: 75033K->74835K(114176K)] 117997K->74835K(164352K) [PSPermGen: 5179K->5179K(21504K)], 0.0050570 secs] [Times: user=0.02 sys=0.00, real=0.00 secs] 
366.110: Total time for which application threads were stopped: 0.0052540 seconds, Stopping threads took: 0.0000900 seconds
366.646: Application time: 0.5357680 seconds
366.646: [Full GC [PSYoungGen: 43007K->0K(50176K)] [ParOldGen: 74835K->74898K(114176K)] 117842K->74898K(164352K) [PSPermGen: 5179K->5179K(21504K)], 0.0049440 secs] [Times: user=0.02 sys=0.00, real=0.00 secs] 
366.651: Total time for which application threads were stopped: 0.0051390 seconds, Stopping threads took: 0.0000920 seconds
367.178: Application time: 0.5269580 seconds
367.178: [Full GC [PSYoungGen: 42828K->0K(50176K)] [ParOldGen: 74898K->74764K(114176K)] 117727K->74764K(164352K) [PSPermGen: 5179K->5179K(21504K)], 0.0048470 secs] [Times: user=0.02 sys=0.00, real=0.01 secs] 
367.183: Total time for which application threads were stopped: 0.0050170 seconds, Stopping threads took: 0.0000710 seconds
367.722: Application time: 0.5395060 seconds
367.723: [Full GC [PSYoungGen: 42886K->0K(50176K)] [ParOldGen: 74764K->75429K(114176K)] 117651K->75429K(164352K) [PSPermGen: 5179K->5179K(21504K)], 0.0050580 secs] [Times: user=0.02 sys=0.00, real=0.00 secs] 
367.728: Total time for which application threads were stopped: 0.0052630 seconds, Stopping threads took: 0.0001070 seconds
368.255: Application time: 0.5273380 seconds
368.255: [Full GC [PSYoungGen: 42951K->0K(50176K)] [ParOldGen: 75429K->74702K(114176K)] 118381K->74702K(164352K) [PSPermGen: 5179K->5179K(21504K)], 0.0048860 secs] [Times: user=0.02 sys=0.00, real=0.01 secs] 
368.260: Total time for which application threads were stopped: 0.0050770 seconds, Stopping threads took: 0.0000890 seconds
368.769: Application time: 0.5088950 seconds
368.769: [Full GC [PSYoungGen: 42960K->0K(50176K)] [ParOldGen: 74702K->74828K(114176K)] 117662K->74828K(164352K) [PSPermGen: 5179K->5179K(21504K)], 0.0049220 secs] [Times: user=0.02 sys=0.00, real=0.01 secs] 
368.774: Total time for which application threads were stopped: 0.0051040 seconds, Stopping threads took: 0.0000780 seconds
369.328: Application time: 0.5535360 seconds
369.328: Total time for which application threads were stopped: 0.0001310 seconds, Stopping threads took: 0.0000930 seconds
369.329: Application time: 0.0014420 seconds
369.329: [Full GC [PSYoungGen: 43006K->0K(50176K)] [ParOldGen: 75569K->74765K(114176K)] 118576K->74765K(164352K) [PSPermGen: 5179K->5179K(21504K)], 0.0047170 secs] [Times: user=0.01 sys=0.00, real=0.01 secs] 
369.334: Total time for which application threads were stopped: 0.0048520 seconds, Stopping threads took: 0.0000510 seconds
369.921: Application time: 0.5866500 seconds
369.921: [Full GC [PSYoungGen: 43008K->0K(50176K)] [ParOldGen: 79304K->75232K(114176K)] 122312K->75232K(164352K) [PSPermGen: 5179K->5179K(21504K)], 0.0049750 secs] [Times: user=0.02 sys=0.00, real=0.00 secs] 
369.926: Total time for which application threads were stopped: 0.0051830 seconds, Stopping threads took: 0.0001020 seconds
370.462: Application time: 0.5357870 seconds
370.462: [Full GC [PSYoungGen: 42963K->0K(50176K)] [ParOldGen: 75232K->74568K(114176K)] 118196K->74568K(164352K) [PSPermGen: 5179K->5179K(21504K)], 0.0049450 secs] [Times: user=0.02 sys=0.00, real=0.00 secs] 
370.467: Total time for which application threads were stopped: 0.0051410 seconds, Stopping threads took: 0.0000930 seconds
371.003: Application time: 0.5357120 seconds
371.003: [Full GC [PSYoungGen: 42954K->0K(50176K)] [ParOldGen: 74568K->74963K(114176K)] 117522K->74963K(164352K) [PSPermGen: 5179K->5179K(21504K)], 0.0050900 secs] [Times: user=0.02 sys=0.00, real=0.00 secs] 
371.008: Total time for which application threads were stopped: 0.0052800 seconds, Stopping threads took: 0.0000860 seconds
371.535: Application time: 0.5268140 seconds
371.535: [Full GC [PSYoungGen: 42746K->0K(50176K)] [ParOldGen: 74963K->74766K(114176K)] 117710K->74766K(164352K) [PSPermGen: 5179K->5179K(21504K)], 0.0050190 secs] [Times: user=0.02 sys=0.00, real=0.01 secs] 
371.540: Total time for which application threads were stopped: 0.0052330 seconds, Stopping threads took: 0.0001050 seconds
372.061: Application time: 0.5214570 seconds
372.061: [Full GC [PSYoungGen: 42952K->0K(50176K)] [ParOldGen: 74766K->74964K(114176K)] 117718K->74964K(164352K) [PSPermGen: 5179K->5179K(21504K)], 0.0050350 secs] [Times: user=0.02 sys=0.00, real=0.00 secs] 
372.067: Total time for which application threads were stopped: 0.0052310 seconds, Stopping threads took: 0.0000910 seconds
372.621: Application time: 0.5540580 seconds
372.621: Total time for which application threads were stopped: 0.0001030 seconds, Stopping threads took: 0.0000690 seconds
372.621: Application time: 0.0000500 seconds
372.621: [Full GC [PSYoungGen: 42954K->0K(50176K)] [ParOldGen: 75233K->74631K(114176K)] 118188K->74631K(164352K) [PSPermGen: 5179K->5179K(21504K)], 0.0046950 secs] [Times: user=0.02 sys=0.00, real=0.00 secs] 
372.626: Total time for which application threads were stopped: 0.0048240 seconds, Stopping threads took: 0.0000460 seconds
373.149: Application time: 0.5237650 seconds
373.150: [Full GC [PSYoungGen: 43008K->0K(50176K)] [ParOldGen: 75294K->75187K(114176K)] 118302K->75187K(164352K) [PSPermGen: 5179K->5179K(21504K)], 0.0051380 secs] [Times: user=0.02 sys=0.00, real=0.01 secs] 
373.155: Total time for which application threads were stopped: 0.0058510 seconds, Stopping threads took: 0.0006050 seconds
373.688: Application time: 0.5326990 seconds
373.688: Total time for which application threads were stopped: 0.0001110 seconds, Stopping threads took: 0.0000840 seconds
373.688: Application time: 0.0000530 seconds
373.688: [Full GC [PSYoungGen: 42925K->0K(50176K)] [ParOldGen: 75322K->75162K(114176K)] 118248K->75162K(164352K) [PSPermGen: 5179K->5179K(21504K)], 0.0048650 secs] [Times: user=0.02 sys=0.00, real=0.01 secs] 
373.693: Total time for which application threads were stopped: 0.0049850 seconds, Stopping threads took: 0.0000400 seconds
374.254: Application time: 0.5613270 seconds
374.255: [Full GC [PSYoungGen: 43008K->0K(50176K)] [ParOldGen: 76959K->74792K(114176K)] 119967K->74792K(164352K) [PSPermGen: 5179K->5179K(21504K)], 0.0048590 secs] [Times: user=0.01 sys=0.01, real=0.01 secs] 
374.259: Total time for which application threads were stopped: 0.0050350 seconds, Stopping threads took: 0.0000720 seconds
374.783: Application time: 0.5238480 seconds
374.783: [Full GC [PSYoungGen: 42894K->0K(50176K)] [ParOldGen: 74792K->75037K(114176K)] 117687K->75037K(164352K) [PSPermGen: 5179K->5179K(21504K)], 0.0049170 secs] [Times: user=0.02 sys=0.00, real=0.00 secs] 
374.788: Total time for which application threads were stopped: 0.0051080 seconds, Stopping threads took: 0.0000830 seconds
375.323: Application time: 0.5346620 seconds
375.323: [Full GC [PSYoungGen: 43008K->0K(50176K)] [ParOldGen: 75037K->75100K(114176K)] 118045K->75100K(164352K) [PSPermGen: 5179K->5179K(21504K)], 0.0049000 secs] [Times: user=0.02 sys=0.00, real=0.00 secs] 
375.328: Total time for which application threads were stopped: 0.0050700 seconds, Stopping threads took: 0.0000730 seconds
375.859: Application time: 0.5312150 seconds
375.860: [Full GC [PSYoungGen: 42915K->0K(50176K)] [ParOldGen: 75100K->74768K(114176K)] 118015K->74768K(164352K) [PSPermGen: 5179K->5179K(21504K)], 0.0049700 secs] [Times: user=0.02 sys=0.00, real=0.00 secs] 
375.865: Total time for which application threads were stopped: 0.0051680 seconds, Stopping threads took: 0.0000990 seconds
376.397: Application time: 0.5321040 seconds
376.397: Total time for which application threads were stopped: 0.0001120 seconds, Stopping threads took: 0.0000770 seconds
376.398: Application time: 0.0012320 seconds
376.398: [Full GC [PSYoungGen: 42955K->0K(50176K)] [ParOldGen: 74967K->74561K(114176K)] 117922K->74561K(164352K) [PSPermGen: 5179K->5179K(21504K)], 0.0047970 secs] [Times: user=0.01 sys=0.00, real=0.01 secs] 
376.403: Total time for which application threads were stopped: 0.0049160 seconds, Stopping threads took: 0.0000340 seconds
377.007: Application time: 0.6045380 seconds
377.008: Total time for which application threads were stopped: 0.0001060 seconds, Stopping threads took: 0.0000720 seconds
377.008: Application time: 0.0007570 seconds
377.008: [Full GC [PSYoungGen: 43008K->0K(50176K)] [ParOldGen: 80640K->74571K(114176K)] 123648K->74571K(164352K) [PSPermGen: 5179K->5179K(21504K)], 0.0045750 secs] [Times: user=0.02 sys=0.00, real=0.01 secs] 
377.013: Total time for which application threads were stopped: 0.0047010 seconds, Stopping threads took: 0.0000400 seconds
377.072: Application time: 0.0592630 seconds
377.072: Total time for which application threads were stopped: 0.0000850 seconds, Stopping threads took: 0.0000610 seconds
377.562: Application time: 0.4900130 seconds
377.563: Total time for which application threads were stopped: 0.0001300 seconds, Stopping threads took: 0.0000970 seconds
377.635: Application time: 0.0723650 seconds
377.635: [Full GC [PSYoungGen: 43008K->0K(50176K)] [ParOldGen: 79056K->74504K(114176K)] 122064K->74504K(164352K) [PSPermGen: 5179K->5179K(21504K)], 0.0048880 secs] [Times: user=0.02 sys=0.00, real=0.01 secs] 
377.640: Total time for which application threads were stopped: 0.0050260 seconds, Stopping threads took: 0.0000490 seconds
377.640: Application time: 0.0001270 seconds
377.640: Total time for which application threads were stopped: 0.0000610 seconds, Stopping threads took: 0.0000400 seconds
377.723: Application time: 0.0830750 seconds
377.723: Total time for which application threads were stopped: 0.0000740 seconds, Stopping threads took: 0.0000510 seconds
377.815: Application time: 0.0914630 seconds
377.815: Total time for which application threads were stopped: 0.0000670 seconds, Stopping threads took: 0.0000420 seconds
377.868: Application time: 0.0536070 seconds
377.868: Total time for which application threads were stopped: 0.0000620 seconds, Stopping threads took: 0.0000380 seconds
378.403: Application time: 0.5349610 seconds
378.403: [Full GC [PSYoungGen: 43008K->0K(50176K)] [ParOldGen: 74504K->77929K(114176K)] 117512K->77929K(164352K) [PSPermGen: 12553K->12549K(21504K)], 0.0203620 secs] [Times: user=0.07 sys=0.00, real=0.02 secs] 
378.424: Total time for which application threads were stopped: 0.0204890 seconds, Stopping threads took: 0.0000110 seconds
378.424: Application time: 0.0000920 seconds
378.424: Total time for which application threads were stopped: 0.0000840 seconds, Stopping threads took: 0.0000570 seconds
378.424: Application time: 0.0000360 seconds
378.424: Total time for which application threads were stopped: 0.0000410 seconds, Stopping threads took: 0.0000230 seconds
378.424: Application time: 0.0000820 seconds
378.424: Total time for which application threads were stopped: 0.0000280 seconds, Stopping threads took: 0.0000160 seconds
378.676: Application time: 0.2519280 seconds
378.676: Total time for which application threads were stopped: 0.0000650 seconds, Stopping threads took: 0.0000120 seconds
378.678: Application time: 0.0017940 seconds
378.678: Total time for which application threads were stopped: 0.0000220 seconds, Stopping threads took: 0.0000100 seconds
Heap
 PSYoungGen      total 50176K, used 17910K [0x00000000fc800000, 0x0000000100000000, 0x0000000100000000)
  eden space 43008K, 41% used [0x00000000fc800000,0x00000000fd97da60,0x00000000ff200000)
  from space 7168K, 0% used [0x00000000ff200000,0x00000000ff200000,0x00000000ff900000)
  to   space 7168K, 0% used [0x00000000ff900000,0x00000000ff900000,0x0000000100000000)
 ParOldGen       total 114176K, used 77929K [0x00000000f5800000, 0x00000000fc780000, 0x00000000fc800000)
  object space 114176K, 68% used [0x00000000f5800000,0x00000000fa41a5b0,0x00000000fc780000)
 PSPermGen       total 21504K, used 12892K [0x00000000f0600000, 0x00000000f1b00000, 0x00000000f5800000)
  object space 21504K, 59% used [0x00000000f0600000,0x00000000f1297348,0x00000000f1b00000)
378.678: Application time: 0.0001720 seconds
