Java HotSpot(TM) 64-Bit Server VM (24.80-b11) for linux-amd64 JRE (1.7.0_80-b15), built on Apr 10 2015 19:53:14 by "java_re" with gcc 4.3.0 20080428 (Red Hat 4.3.0-8)
Memory: 4k page, physical 8000092k(5996232k free), swap 8218620k(8218620k free)
CommandLine flags: -XX:InitialHeapSize=835560448 -XX:MaxHeapSize=835560448 -XX:MaxNewSize=278224896 -XX:MaxTenuringThreshold=6 -XX:NewSize=278224896 -XX:OldPLABSize=16 -XX:OldSize=556441600 -XX:+PrintGC -XX:+PrintGCApplicationConcurrentTime -XX:+PrintGCApplicationStoppedTime -XX:+PrintGCDetails -XX:+PrintGCTimeStamps -XX:-UseAdaptiveSizePolicy -XX:+UseCompressedOops -XX:+UseConcMarkSweepGC -XX:+UseParNewGC 
1.008: Application time: 0.9860260 seconds
1.008: Total time for which application threads were stopped: 0.0000430 seconds, Stopping threads took: 0.0000110 seconds
4.028: Application time: 3.0194490 seconds
4.028: Total time for which application threads were stopped: 0.0000650 seconds, Stopping threads took: 0.0000100 seconds
14.976: Application time: 10.9484790 seconds
14.976: Total time for which application threads were stopped: 0.0000230 seconds, Stopping threads took: 0.0000080 seconds
14.976: Application time: 0.0000630 seconds
14.976: Total time for which application threads were stopped: 0.0000240 seconds, Stopping threads took: 0.0000080 seconds
14.978: Application time: 0.0014830 seconds
14.978: Total time for which application threads were stopped: 0.0000110 seconds, Stopping threads took: 0.0000040 seconds
14.996: Application time: 0.0185260 seconds
14.996: Total time for which application threads were stopped: 0.0000430 seconds, Stopping threads took: 0.0000140 seconds
15.011: Application time: 0.0141910 seconds
15.011: [Full GC15.011: [CMS: 0K->3177K(544320K), 0.0121010 secs] 21794K->3177K(788864K), [CMS Perm : 5077K->5076K(21248K)], 0.0121600 secs] [Times: user=0.01 sys=0.00, real=0.01 secs] 
15.023: Total time for which application threads were stopped: 0.0122200 seconds, Stopping threads took: 0.0000050 seconds
15.023: Application time: 0.0000670 seconds
15.023: [Full GC15.023: [CMS: 3177K->3177K(544320K), 0.0071960 secs] 3177K->3177K(788864K), [CMS Perm : 5076K->5076K(21248K)], 0.0072380 secs] [Times: user=0.01 sys=0.00, real=0.01 secs] 
15.030: Total time for which application threads were stopped: 0.0072960 seconds, Stopping threads took: 0.0000070 seconds
15.030: Application time: 0.0002200 seconds
15.031: Total time for which application threads were stopped: 0.0000620 seconds, Stopping threads took: 0.0000480 seconds
15.031: Application time: 0.0000530 seconds
15.031: Total time for which application threads were stopped: 0.0000540 seconds, Stopping threads took: 0.0000450 seconds
15.031: Application time: 0.0000490 seconds
15.031: Total time for which application threads were stopped: 0.0000530 seconds, Stopping threads took: 0.0000450 seconds
15.031: Application time: 0.0000520 seconds
15.031: Total time for which application threads were stopped: 0.0000260 seconds, Stopping threads took: 0.0000200 seconds
15.031: Application time: 0.0000260 seconds
15.031: Total time for which application threads were stopped: 0.0000140 seconds, Stopping threads took: 0.0000100 seconds
15.031: Application time: 0.0000100 seconds
15.031: Total time for which application threads were stopped: 0.0000130 seconds, Stopping threads took: 0.0000100 seconds
15.031: Application time: 0.0000090 seconds
15.031: Total time for which application threads were stopped: 0.0000120 seconds, Stopping threads took: 0.0000090 seconds
15.031: Application time: 0.0000090 seconds
15.031: Total time for which application threads were stopped: 0.0000070 seconds, Stopping threads took: 0.0000040 seconds
15.031: Application time: 0.0000090 seconds
15.031: Total time for which application threads were stopped: 0.0000110 seconds, Stopping threads took: 0.0000080 seconds
15.031: Application time: 0.0000090 seconds
15.031: Total time for which application threads were stopped: 0.0000160 seconds, Stopping threads took: 0.0000130 seconds
15.031: Application time: 0.0000090 seconds
15.031: Total time for which application threads were stopped: 0.0000120 seconds, Stopping threads took: 0.0000090 seconds
15.031: Application time: 0.0000090 seconds
15.031: Total time for which application threads were stopped: 0.0000130 seconds, Stopping threads took: 0.0000100 seconds
15.031: Application time: 0.0000090 seconds
15.031: Total time for which application threads were stopped: 0.0000150 seconds, Stopping threads took: 0.0000120 seconds
15.031: Application time: 0.0000090 seconds
15.031: Total time for which application threads were stopped: 0.0000150 seconds, Stopping threads took: 0.0000110 seconds
15.031: Application time: 0.0000090 seconds
15.031: Total time for which application threads were stopped: 0.0000150 seconds, Stopping threads took: 0.0000120 seconds
15.031: Application time: 0.0000090 seconds
15.031: Total time for which application threads were stopped: 0.0000130 seconds, Stopping threads took: 0.0000090 seconds
15.031: Application time: 0.0000090 seconds
15.031: Total time for which application threads were stopped: 0.0000120 seconds, Stopping threads took: 0.0000090 seconds
15.031: Application time: 0.0000100 seconds
15.031: Total time for which application threads were stopped: 0.0000130 seconds, Stopping threads took: 0.0000100 seconds
15.031: Application time: 0.0000090 seconds
15.031: Total time for which application threads were stopped: 0.0000120 seconds, Stopping threads took: 0.0000090 seconds
15.031: Application time: 0.0000090 seconds
15.031: Total time for which application threads were stopped: 0.0000210 seconds, Stopping threads took: 0.0000100 seconds
15.418: Application time: 0.3872580 seconds
15.419: Total time for which application threads were stopped: 0.0000580 seconds, Stopping threads took: 0.0000100 seconds
16.322: Application time: 0.9032740 seconds
16.322: Total time for which application threads were stopped: 0.0001130 seconds, Stopping threads took: 0.0000160 seconds
16.437: Application time: 0.1149980 seconds
16.437: [GC16.437: [ParNew: 217408K->27136K(244544K), 0.0516650 secs] 220585K->58290K(788864K), 0.0517170 secs] [Times: user=0.20 sys=0.05, real=0.05 secs] 
16.489: Total time for which application threads were stopped: 0.0518300 seconds, Stopping threads took: 0.0000140 seconds
16.489: Application time: 0.0000790 seconds
16.489: Total time for which application threads were stopped: 0.0000450 seconds, Stopping threads took: 0.0000300 seconds
16.489: Application time: 0.0000180 seconds
16.489: Total time for which application threads were stopped: 0.0000200 seconds, Stopping threads took: 0.0000150 seconds
16.489: Application time: 0.0000430 seconds
16.489: Total time for which application threads were stopped: 0.0000260 seconds, Stopping threads took: 0.0000100 seconds
16.489: Application time: 0.0000160 seconds
16.489: Total time for which application threads were stopped: 0.0000380 seconds, Stopping threads took: 0.0000330 seconds
16.489: Application time: 0.0000120 seconds
16.489: Total time for which application threads were stopped: 0.0000320 seconds, Stopping threads took: 0.0000180 seconds
16.489: Application time: 0.0000130 seconds
16.489: Total time for which application threads were stopped: 0.0000200 seconds, Stopping threads took: 0.0000150 seconds
16.489: Application time: 0.0000110 seconds
16.489: Total time for which application threads were stopped: 0.0000270 seconds, Stopping threads took: 0.0000180 seconds
16.489: Application time: 0.0000130 seconds
16.489: Total time for which application threads were stopped: 0.0000170 seconds, Stopping threads took: 0.0000130 seconds
16.489: Application time: 0.0000110 seconds
16.489: Total time for which application threads were stopped: 0.0000370 seconds, Stopping threads took: 0.0000180 seconds
16.489: Application time: 0.0000130 seconds
16.489: Total time for which application threads were stopped: 0.0000210 seconds, Stopping threads took: 0.0000170 seconds
16.489: Application time: 0.0000110 seconds
16.489: Total time for which application threads were stopped: 0.0000310 seconds, Stopping threads took: 0.0000180 seconds
16.489: Application time: 0.0000120 seconds
16.489: Total time for which application threads were stopped: 0.0000230 seconds, Stopping threads took: 0.0000190 seconds
16.489: Application time: 0.0000120 seconds
16.489: Total time for which application threads were stopped: 0.0000240 seconds, Stopping threads took: 0.0000190 seconds
16.489: Application time: 0.0000110 seconds
16.489: Total time for which application threads were stopped: 0.0000260 seconds, Stopping threads took: 0.0000160 seconds
16.489: Application time: 0.0000140 seconds
16.489: Total time for which application threads were stopped: 0.0000200 seconds, Stopping threads took: 0.0000170 seconds
16.489: Application time: 0.0000120 seconds
16.490: Total time for which application threads were stopped: 0.0000480 seconds, Stopping threads took: 0.0000440 seconds
16.490: Application time: 0.0000190 seconds
16.490: Total time for which application threads were stopped: 0.0000180 seconds, Stopping threads took: 0.0000130 seconds
16.490: Application time: 0.0000120 seconds
16.490: Total time for which application threads were stopped: 0.0000150 seconds, Stopping threads took: 0.0000120 seconds
16.490: Application time: 0.0000110 seconds
16.490: Total time for which application threads were stopped: 0.0000270 seconds, Stopping threads took: 0.0000140 seconds
16.490: Application time: 0.0000130 seconds
16.490: Total time for which application threads were stopped: 0.0000200 seconds, Stopping threads took: 0.0000160 seconds
16.490: Application time: 0.0000110 seconds
16.490: Total time for which application threads were stopped: 0.0000200 seconds, Stopping threads took: 0.0000120 seconds
16.490: Application time: 0.0000160 seconds
16.490: Total time for which application threads were stopped: 0.0000180 seconds, Stopping threads took: 0.0000140 seconds
16.490: Application time: 0.0000120 seconds
16.490: Total time for which application threads were stopped: 0.0000170 seconds, Stopping threads took: 0.0000130 seconds
16.490: Application time: 0.0000110 seconds
16.490: Total time for which application threads were stopped: 0.0000230 seconds, Stopping threads took: 0.0000190 seconds
16.490: Application time: 0.0000130 seconds
16.490: Total time for which application threads were stopped: 0.0000180 seconds, Stopping threads took: 0.0000140 seconds
16.490: Application time: 0.0000120 seconds
16.490: Total time for which application threads were stopped: 0.0000200 seconds, Stopping threads took: 0.0000130 seconds
16.490: Application time: 0.0000130 seconds
16.490: Total time for which application threads were stopped: 0.0000160 seconds, Stopping threads took: 0.0000120 seconds
16.490: Application time: 0.0000170 seconds
16.490: Total time for which application threads were stopped: 0.0000180 seconds, Stopping threads took: 0.0000140 seconds
16.490: Application time: 0.0000120 seconds
16.490: Total time for which application threads were stopped: 0.0000260 seconds, Stopping threads took: 0.0000170 seconds
16.490: Application time: 0.0000140 seconds
16.490: Total time for which application threads were stopped: 0.0000200 seconds, Stopping threads took: 0.0000110 seconds
16.490: Application time: 0.0000230 seconds
16.490: Total time for which application threads were stopped: 0.0000230 seconds, Stopping threads took: 0.0000120 seconds
16.490: Application time: 0.0000150 seconds
16.490: Total time for which application threads were stopped: 0.0000270 seconds, Stopping threads took: 0.0000150 seconds
16.490: Application time: 0.0000140 seconds
16.490: Total time for which application threads were stopped: 0.0000230 seconds, Stopping threads took: 0.0000110 seconds
16.490: Application time: 0.0000170 seconds
16.490: Total time for which application threads were stopped: 0.0000210 seconds, Stopping threads took: 0.0000110 seconds
16.490: Application time: 0.0000140 seconds
16.490: Total time for which application threads were stopped: 0.0000230 seconds, Stopping threads took: 0.0000130 seconds
16.490: Application time: 0.0000170 seconds
16.490: Total time for which application threads were stopped: 0.0000240 seconds, Stopping threads took: 0.0000130 seconds
16.490: Application time: 0.0000140 seconds
16.490: Total time for which application threads were stopped: 0.0000200 seconds, Stopping threads took: 0.0000110 seconds
16.490: Application time: 0.0000340 seconds
16.490: Total time for which application threads were stopped: 0.0000260 seconds, Stopping threads took: 0.0000160 seconds
16.490: Application time: 0.0000130 seconds
16.490: Total time for which application threads were stopped: 0.0000300 seconds, Stopping threads took: 0.0000150 seconds
16.490: Application time: 0.0000140 seconds
16.490: Total time for which application threads were stopped: 0.0000330 seconds, Stopping threads took: 0.0000160 seconds
16.491: Application time: 0.0005280 seconds
16.491: Total time for which application threads were stopped: 0.0000320 seconds, Stopping threads took: 0.0000190 seconds
16.496: Application time: 0.0051590 seconds
16.496: Total time for which application threads were stopped: 0.0000450 seconds, Stopping threads took: 0.0000200 seconds
16.496: Application time: 0.0000200 seconds
16.496: Total time for which application threads were stopped: 0.0000340 seconds, Stopping threads took: 0.0000170 seconds
16.496: Application time: 0.0000150 seconds
16.496: Total time for which application threads were stopped: 0.0000300 seconds, Stopping threads took: 0.0000110 seconds
16.502: Application time: 0.0052720 seconds
16.502: Total time for which application threads were stopped: 0.0000630 seconds, Stopping threads took: 0.0000330 seconds
16.502: Application time: 0.0000170 seconds
16.502: Total time for which application threads were stopped: 0.0000300 seconds, Stopping threads took: 0.0000160 seconds
16.502: Application time: 0.0000190 seconds
16.502: Total time for which application threads were stopped: 0.0000270 seconds, Stopping threads took: 0.0000150 seconds
16.502: Application time: 0.0000150 seconds
16.502: Total time for which application threads were stopped: 0.0000200 seconds, Stopping threads took: 0.0000070 seconds
16.502: Application time: 0.0000150 seconds
16.502: Total time for which application threads were stopped: 0.0000270 seconds, Stopping threads took: 0.0000130 seconds
16.502: Application time: 0.0000170 seconds
16.502: Total time for which application threads were stopped: 0.0000320 seconds, Stopping threads took: 0.0000170 seconds
16.502: Application time: 0.0000150 seconds
16.502: Total time for which application threads were stopped: 0.0000260 seconds, Stopping threads took: 0.0000130 seconds
16.502: Application time: 0.0000150 seconds
16.502: Total time for which application threads were stopped: 0.0000290 seconds, Stopping threads took: 0.0000170 seconds
16.736: Application time: 0.2344590 seconds
16.737: Total time for which application threads were stopped: 0.0000980 seconds, Stopping threads took: 0.0000150 seconds
17.258: Application time: 0.5216460 seconds
17.258: Total time for which application threads were stopped: 0.0001720 seconds, Stopping threads took: 0.0000730 seconds
17.600: Application time: 0.3418820 seconds
17.600: Total time for which application threads were stopped: 0.0001290 seconds, Stopping threads took: 0.0000190 seconds
17.725: Application time: 0.1250110 seconds
17.725: Total time for which application threads were stopped: 0.0000920 seconds, Stopping threads took: 0.0000390 seconds
17.735: Application time: 0.0090320 seconds
17.735: Total time for which application threads were stopped: 0.0000540 seconds, Stopping threads took: 0.0000310 seconds
17.880: Application time: 0.1456370 seconds
17.881: [GC17.881: [ParNew: 244544K->27136K(244544K), 0.0638260 secs] 275698K->114932K(788864K), 0.0638800 secs] [Times: user=0.33 sys=0.05, real=0.07 secs] 
17.945: Total time for which application threads were stopped: 0.0643490 seconds, Stopping threads took: 0.0003290 seconds
17.946: Application time: 0.0009610 seconds
17.946: Total time for which application threads were stopped: 0.0001100 seconds, Stopping threads took: 0.0000830 seconds
17.946: Application time: 0.0000220 seconds
17.946: Total time for which application threads were stopped: 0.0000490 seconds, Stopping threads took: 0.0000370 seconds
17.946: Application time: 0.0000210 seconds
17.946: Total time for which application threads were stopped: 0.0000430 seconds, Stopping threads took: 0.0000230 seconds
17.946: Application time: 0.0000170 seconds
17.946: Total time for which application threads were stopped: 0.0000420 seconds, Stopping threads took: 0.0000290 seconds
17.946: Application time: 0.0000200 seconds
17.946: Total time for which application threads were stopped: 0.0000400 seconds, Stopping threads took: 0.0000290 seconds
17.946: Application time: 0.0000130 seconds
17.946: Total time for which application threads were stopped: 0.0000200 seconds, Stopping threads took: 0.0000120 seconds
17.946: Application time: 0.0000120 seconds
17.946: Total time for which application threads were stopped: 0.0000190 seconds, Stopping threads took: 0.0000110 seconds
17.946: Application time: 0.0000180 seconds
17.946: Total time for which application threads were stopped: 0.0000450 seconds, Stopping threads took: 0.0000280 seconds
18.236: Application time: 0.2894990 seconds
18.236: [GC18.236: [ParNew: 244544K->27136K(244544K), 0.1117620 secs] 332340K->202167K(788864K), 0.1118210 secs] [Times: user=0.67 sys=0.03, real=0.12 secs] 
18.348: Total time for which application threads were stopped: 0.1120100 seconds, Stopping threads took: 0.0000690 seconds
18.664: Application time: 0.3166830 seconds
18.664: Total time for which application threads were stopped: 0.0002360 seconds, Stopping threads took: 0.0000710 seconds
18.667: Application time: 0.0026610 seconds
18.667: Total time for which application threads were stopped: 0.0000630 seconds, Stopping threads took: 0.0000450 seconds
19.103: Application time: 0.4359350 seconds
19.103: [GC19.103: [ParNew: 244544K->27136K(244544K), 0.0602160 secs] 419575K->232888K(788864K), 0.0602710 secs] [Times: user=0.43 sys=0.00, real=0.06 secs] 
19.164: Total time for which application threads were stopped: 0.0605310 seconds, Stopping threads took: 0.0001070 seconds
19.854: Application time: 0.6903640 seconds
19.857: [GC19.857: [ParNew: 244544K->26954K(244544K), 0.0628640 secs] 450296K->259510K(788864K), 0.0629230 secs] [Times: user=0.42 sys=0.00, real=0.06 secs] 
19.920: Total time for which application threads were stopped: 0.0655830 seconds, Stopping threads took: 0.0024670 seconds
20.205: Application time: 0.2854920 seconds
20.205: [GC20.205: [ParNew: 244362K->27136K(244544K), 0.0690480 secs] 476918K->300767K(788864K), 0.0691020 secs] [Times: user=0.45 sys=0.01, real=0.06 secs] 
20.274: Total time for which application threads were stopped: 0.0692810 seconds, Stopping threads took: 0.0000650 seconds
20.276: Application time: 0.0020740 seconds
20.277: [GC [1 CMS-initial-mark: 273631K(544320K)] 306191K(788864K), 0.0178480 secs] [Times: user=0.03 sys=0.00, real=0.01 secs] 
20.295: Total time for which application threads were stopped: 0.0180490 seconds, Stopping threads took: 0.0001010 seconds
20.295: [CMS-concurrent-mark-start]
20.295: Application time: 0.0001120 seconds
20.295: Total time for which application threads were stopped: 0.0001270 seconds, Stopping threads took: 0.0000990 seconds
20.295: Application time: 0.0000140 seconds
20.295: Total time for which application threads were stopped: 0.0000260 seconds, Stopping threads took: 0.0000120 seconds
20.594: [CMS-concurrent-mark: 0.248/0.300 secs] [Times: user=2.31 sys=0.02, real=0.30 secs] 
20.594: [CMS-concurrent-preclean-start]
20.646: [CMS-concurrent-preclean: 0.051/0.052 secs] [Times: user=0.39 sys=0.00, real=0.06 secs] 
20.646: [CMS-concurrent-abortable-preclean-start]
20.655: Application time: 0.3603790 seconds
20.655: [GC20.655: [ParNew: 244544K->27136K(244544K), 0.0776740 secs] 518175K->356602K(788864K), 0.0777210 secs] [Times: user=0.52 sys=0.02, real=0.08 secs] 
20.733: Total time for which application threads were stopped: 0.0779820 seconds, Stopping threads took: 0.0000790 seconds
20.733: Application time: 0.0001600 seconds
20.733: Total time for which application threads were stopped: 0.0001320 seconds, Stopping threads took: 0.0000700 seconds
20.733: Application time: 0.0000230 seconds
20.734: Total time for which application threads were stopped: 0.0000410 seconds, Stopping threads took: 0.0000250 seconds
20.734: Application time: 0.0000220 seconds
20.734: Total time for which application threads were stopped: 0.0000650 seconds, Stopping threads took: 0.0000390 seconds
20.944: [CMS-concurrent-abortable-preclean: 0.214/0.298 secs] [Times: user=2.19 sys=0.02, real=0.30 secs] 
20.945: Application time: 0.2109290 seconds
20.945: [GC[YG occupancy: 138551 K (244544 K)]20.945: [Rescan (parallel) , 0.0214660 secs]20.966: [weak refs processing, 0.0000100 secs]20.966: [scrub string table, 0.0001630 secs] [1 CMS-remark: 329466K(544320K)] 468017K(788864K), 0.0216810 secs] [Times: user=0.17 sys=0.00, real=0.02 secs] 
20.966: Total time for which application threads were stopped: 0.0218140 seconds, Stopping threads took: 0.0000480 seconds
20.966: [CMS-concurrent-sweep-start]
21.181: [CMS-concurrent-sweep: 0.215/0.215 secs] [Times: user=1.64 sys=0.01, real=0.21 secs] 
21.181: [CMS-concurrent-reset-start]
21.182: [CMS-concurrent-reset: 0.001/0.001 secs] [Times: user=0.00 sys=0.00, real=0.00 secs] 
21.232: Application time: 0.2658050 seconds
21.232: [GC21.233: [ParNew: 244544K->27136K(244544K), 0.0738540 secs] 435083K->265388K(788864K), 0.0739070 secs] [Times: user=0.50 sys=0.00, real=0.08 secs] 
21.306: Total time for which application threads were stopped: 0.0742490 seconds, Stopping threads took: 0.0001250 seconds
21.307: Application time: 0.0007140 seconds
21.307: Total time for which application threads were stopped: 0.0001260 seconds, Stopping threads took: 0.0000770 seconds
21.307: Application time: 0.0000160 seconds
21.307: Total time for which application threads were stopped: 0.0000360 seconds, Stopping threads took: 0.0000190 seconds
21.913: Application time: 0.6056340 seconds
21.913: [GC21.913: [ParNew: 244544K->26952K(244544K), 0.0480360 secs] 482796K->289227K(788864K), 0.0480870 secs] [Times: user=0.33 sys=0.01, real=0.05 secs] 
21.961: Total time for which application threads were stopped: 0.0483370 seconds, Stopping threads took: 0.0000640 seconds
22.221: Application time: 0.2597690 seconds
22.225: [GC22.225: [ParNew: 244360K->27136K(244544K), 0.0526350 secs] 506635K->312862K(788864K), 0.0526890 secs] [Times: user=0.35 sys=0.01, real=0.05 secs] 
22.277: Total time for which application threads were stopped: 0.0561810 seconds, Stopping threads took: 0.0033890 seconds
22.278: Application time: 0.0011070 seconds
22.279: Total time for which application threads were stopped: 0.0001610 seconds, Stopping threads took: 0.0000880 seconds
22.279: Application time: 0.0000230 seconds
22.279: Total time for which application threads were stopped: 0.0000520 seconds, Stopping threads took: 0.0000230 seconds
22.429: Application time: 0.1502420 seconds
22.429: [GC22.429: [ParNew: 244544K->27136K(244544K), 0.0660520 secs] 530270K->359125K(788864K), 0.0661110 secs] [Times: user=0.44 sys=0.01, real=0.06 secs] 
22.495: Total time for which application threads were stopped: 0.0664240 seconds, Stopping threads took: 0.0001260 seconds
22.495: Application time: 0.0001640 seconds
22.496: Total time for which application threads were stopped: 0.0001030 seconds, Stopping threads took: 0.0000640 seconds
22.502: Application time: 0.0064320 seconds
22.502: [GC [1 CMS-initial-mark: 331989K(544320K)] 373017K(788864K), 0.0256140 secs] [Times: user=0.03 sys=0.00, real=0.03 secs] 
22.528: Total time for which application threads were stopped: 0.0257450 seconds, Stopping threads took: 0.0000790 seconds
22.548: [CMS-concurrent-mark-start]
22.559: Application time: 0.0313000 seconds
22.559: Total time for which application threads were stopped: 0.0002650 seconds, Stopping threads took: 0.0001020 seconds
22.662: Application time: 0.1025090 seconds
22.662: [GC22.662: [ParNew: 244544K->27136K(244544K), 0.0829510 secs] 576533K->408642K(788864K), 0.0830090 secs] [Times: user=0.58 sys=0.00, real=0.09 secs] 
22.745: Total time for which application threads were stopped: 0.0832400 seconds, Stopping threads took: 0.0001340 seconds
22.916: Application time: 0.1710310 seconds
22.917: [GC22.917: [ParNew: 244544K->27136K(244544K), 0.0618090 secs] 626050K->444573K(788864K), 0.0618610 secs] [Times: user=0.42 sys=0.01, real=0.06 secs] 
22.978: Total time for which application threads were stopped: 0.0623940 seconds, Stopping threads took: 0.0004490 seconds
23.139: Application time: 0.1609510 seconds
23.140: [GC23.140: [ParNew: 244544K->27136K(244544K), 0.0593750 secs] 661981K->479967K(788864K), 0.0594220 secs] [Times: user=0.40 sys=0.02, real=0.06 secs] 
23.199: Total time for which application threads were stopped: 0.0595990 seconds, Stopping threads took: 0.0000900 seconds
23.363: Application time: 0.1643620 seconds
23.364: [GC23.364: [ParNew: 244544K->27136K(244544K), 0.0599970 secs] 697375K->509929K(788864K), 0.0600500 secs] [Times: user=0.41 sys=0.01, real=0.06 secs] 
23.424: Total time for which application threads were stopped: 0.0602060 seconds, Stopping threads took: 0.0000310 seconds
23.552: Application time: 0.1287180 seconds
23.553: [GC23.553: [ParNew: 244544K->27136K(244544K), 0.0678130 secs] 727337K->556306K(788864K), 0.0678630 secs] [Times: user=0.45 sys=0.01, real=0.07 secs] 
23.620: Total time for which application threads were stopped: 0.0681440 seconds, Stopping threads took: 0.0001450 seconds
23.757: Application time: 0.1370240 seconds
23.758: [GC23.758: [ParNew: 244544K->244544K(244544K), 0.0000160 secs]23.758: [CMS23.804: [CMS-concurrent-mark: 0.822/1.256 secs] [Times: user=9.37 sys=0.06, real=1.25 secs] 
 (concurrent mode failure): 529170K->151241K(544320K), 0.4600940 secs] 773714K->151241K(788864K), [CMS Perm : 9011K->8997K(21248K)], 0.4602550 secs] [Times: user=0.51 sys=0.00, real=0.46 secs] 
24.218: Total time for which application threads were stopped: 0.4605260 seconds, Stopping threads took: 0.0001230 seconds
24.377: Application time: 0.1587310 seconds
24.381: [GC24.381: [ParNew: 217408K->27136K(244544K), 0.0204390 secs] 368649K->178655K(790016K), 0.0204890 secs] [Times: user=0.16 sys=0.00, real=0.02 secs] 
24.401: Total time for which application threads were stopped: 0.0244130 seconds, Stopping threads took: 0.0037770 seconds
24.510: Application time: 0.1092140 seconds
24.511: [GC24.511: [ParNew: 244544K->27136K(244544K), 0.0665270 secs] 396063K->232013K(790016K), 0.0665740 secs] [Times: user=0.46 sys=0.00, real=0.07 secs] 
24.577: Total time for which application threads were stopped: 0.0667970 seconds, Stopping threads took: 0.0001020 seconds
24.695: Application time: 0.1183340 seconds
24.696: [GC24.696: [ParNew: 244544K->27136K(244544K), 0.0531130 secs] 449421K->266209K(790016K), 0.0531640 secs] [Times: user=0.37 sys=0.00, real=0.06 secs] 
24.749: Total time for which application threads were stopped: 0.0533910 seconds, Stopping threads took: 0.0001460 seconds
24.854: Application time: 0.1054510 seconds
24.856: [GC24.856: [ParNew: 244544K->27136K(244544K), 0.0656300 secs] 483617K->312470K(790016K), 0.0656810 secs] [Times: user=0.45 sys=0.00, real=0.07 secs] 
24.922: Total time for which application threads were stopped: 0.0676440 seconds, Stopping threads took: 0.0017940 seconds
24.922: Application time: 0.0000390 seconds
24.922: [GC [1 CMS-initial-mark: 285334K(545472K)] 313319K(790016K), 0.0215110 secs] [Times: user=0.02 sys=0.00, real=0.02 secs] 
24.944: Total time for which application threads were stopped: 0.0216150 seconds, Stopping threads took: 0.0000470 seconds
24.944: [CMS-concurrent-mark-start]
25.092: Application time: 0.1481220 seconds
25.092: [GC25.092: [ParNew: 244544K->27136K(244544K), 0.0600010 secs] 529878K->344062K(790016K), 0.0600510 secs] [Times: user=0.43 sys=0.00, real=0.06 secs] 
25.152: Total time for which application threads were stopped: 0.0602540 seconds, Stopping threads took: 0.0001270 seconds
25.289: [CMS-concurrent-mark: 0.278/0.345 secs] [Times: user=2.71 sys=0.00, real=0.35 secs] 
25.289: [CMS-concurrent-preclean-start]
25.302: Application time: 0.1503920 seconds
25.303: [GC25.303: [ParNew: 244544K->27136K(244544K), 0.0603980 secs] 561470K->382661K(790016K), 0.0604530 secs] [Times: user=0.42 sys=0.00, real=0.06 secs] 
25.363: Total time for which application threads were stopped: 0.0606610 seconds, Stopping threads took: 0.0000950 seconds
25.476: Application time: 0.1130570 seconds
25.476: [GC25.476: [ParNew: 244544K->27136K(244544K), 0.0769400 secs] 600069K->437589K(790016K), 0.0769970 secs] [Times: user=0.53 sys=0.00, real=0.08 secs] 
25.553: Total time for which application threads were stopped: 0.0772130 seconds, Stopping threads took: 0.0001020 seconds
25.711: Application time: 0.1576580 seconds
25.711: [GC25.711: [ParNew: 244544K->27136K(244544K), 0.0504430 secs] 654997K->464781K(790016K), 0.0504900 secs] [Times: user=0.36 sys=0.00, real=0.05 secs] 
25.762: Total time for which application threads were stopped: 0.0507290 seconds, Stopping threads took: 0.0000970 seconds
25.898: Application time: 0.1364680 seconds
25.898: [GC25.898: [ParNew: 244544K->27136K(244544K), 0.0665420 secs] 682189K->501916K(790016K), 0.0666000 secs] [Times: user=0.47 sys=0.00, real=0.07 secs] 
25.965: Total time for which application threads were stopped: 0.0667650 seconds, Stopping threads took: 0.0000750 seconds
26.097: Application time: 0.1323770 seconds
26.098: [GC26.098: [ParNew: 244544K->27136K(244544K), 0.0520100 secs] 719324K->531553K(790016K), 0.0520590 secs] [Times: user=0.37 sys=0.00, real=0.05 secs] 
26.150: Total time for which application threads were stopped: 0.0524350 seconds, Stopping threads took: 0.0002070 seconds
26.253: Application time: 0.1034560 seconds
26.253: [GC26.253: [ParNew: 244544K->244544K(244544K), 0.0000140 secs]26.253: [CMS26.381: [CMS-concurrent-preclean: 0.780/1.091 secs] [Times: user=7.51 sys=0.01, real=1.09 secs] 
 (concurrent mode failure): 504417K->139396K(545472K), 0.5060250 secs] 748961K->139396K(790016K), [CMS Perm : 9010K->9010K(21248K)], 0.5061000 secs] [Times: user=0.51 sys=0.00, real=0.51 secs] 
26.760: Total time for which application threads were stopped: 0.5062500 seconds, Stopping threads took: 0.0000750 seconds
26.860: Application time: 0.1001840 seconds
26.860: [GC26.860: [ParNew: 217408K->27136K(244544K), 0.0354060 secs] 356804K->186896K(790016K), 0.0354550 secs] [Times: user=0.26 sys=0.00, real=0.03 secs] 
26.895: Total time for which application threads were stopped: 0.0356980 seconds, Stopping threads took: 0.0001540 seconds
27.015: Application time: 0.1200740 seconds
27.016: [GC27.016: [ParNew: 244544K->27136K(244544K), 0.0516200 secs] 404304K->216736K(790016K), 0.0516740 secs] [Times: user=0.36 sys=0.00, real=0.06 secs] 
27.067: Total time for which application threads were stopped: 0.0518760 seconds, Stopping threads took: 0.0001210 seconds
27.176: Application time: 0.1083330 seconds
27.176: [GC27.176: [ParNew: 244544K->27136K(244544K), 0.0594860 secs] 434144K->260938K(790016K), 0.0595340 secs] [Times: user=0.41 sys=0.00, real=0.06 secs] 
27.235: Total time for which application threads were stopped: 0.0597080 seconds, Stopping threads took: 0.0000980 seconds
27.323: Application time: 0.0876140 seconds
27.323: [GC27.323: [ParNew: 244544K->27136K(244544K), 0.0720260 secs] 478346K->316322K(790016K), 0.0720770 secs] [Times: user=0.50 sys=0.00, real=0.07 secs] 
27.395: Total time for which application threads were stopped: 0.0722750 seconds, Stopping threads took: 0.0001280 seconds
27.396: Application time: 0.0002230 seconds
27.396: [GC [1 CMS-initial-mark: 289186K(545472K)] 319764K(790016K), 0.0212300 secs] [Times: user=0.02 sys=0.00, real=0.03 secs] 
27.417: Total time for which application threads were stopped: 0.0214080 seconds, Stopping threads took: 0.0001230 seconds
27.417: [CMS-concurrent-mark-start]
27.531: Application time: 0.1137050 seconds
27.532: [GC27.532: [ParNew: 244544K->27136K(244544K), 0.0569740 secs] 533730K->350248K(790016K), 0.0570220 secs] [Times: user=0.40 sys=0.00, real=0.06 secs] 
27.589: Total time for which application threads were stopped: 0.0582830 seconds, Stopping threads took: 0.0011890 seconds
27.720: Application time: 0.1310110 seconds
27.720: [GC27.720: [ParNew: 244544K->27136K(244544K), 0.0483210 secs] 567656K->376802K(790016K), 0.0483740 secs] [Times: user=0.34 sys=0.00, real=0.05 secs] 
27.768: Total time for which application threads were stopped: 0.0485310 seconds, Stopping threads took: 0.0000680 seconds
27.881: Application time: 0.1121230 seconds
27.881: [GC27.881: [ParNew: 244544K->27136K(244544K), 0.0639290 secs] 594210K->417994K(790016K), 0.0639760 secs] [Times: user=0.44 sys=0.00, real=0.07 secs] 
27.945: Total time for which application threads were stopped: 0.0641380 seconds, Stopping threads took: 0.0000960 seconds
28.062: Application time: 0.1171740 seconds
28.062: [GC28.062: [ParNew: 244544K->27136K(244544K), 0.0677010 secs] 635402K->461033K(790016K), 0.0677510 secs] [Times: user=0.48 sys=0.00, real=0.07 secs] 
28.130: Total time for which application threads were stopped: 0.0679020 seconds, Stopping threads took: 0.0000570 seconds
28.133: [CMS-concurrent-mark: 0.456/0.716 secs] [Times: user=5.45 sys=0.02, real=0.71 secs] 
28.133: [CMS-concurrent-preclean-start]
28.254: Application time: 0.1238890 seconds
28.254: [GC28.254: [ParNew: 244544K->27136K(244544K), 0.0655640 secs] 678441K->502604K(790016K), 0.0656140 secs] [Times: user=0.46 sys=0.00, real=0.07 secs] 
28.320: Total time for which application threads were stopped: 0.0657940 seconds, Stopping threads took: 0.0001030 seconds
28.444: Application time: 0.1241210 seconds
28.444: [GC28.444: [ParNew: 244544K->27136K(244544K), 0.0474390 secs] 720012K->527933K(790016K), 0.0474910 secs] [Times: user=0.34 sys=0.00, real=0.05 secs] 
28.491: Total time for which application threads were stopped: 0.0476570 seconds, Stopping threads took: 0.0000910 seconds
28.591: Application time: 0.0995890 seconds
28.591: [GC28.591: [ParNew: 244544K->244544K(244544K), 0.0000150 secs]28.591: [CMS28.761: [CMS-concurrent-preclean: 0.513/0.628 secs] [Times: user=3.72 sys=0.01, real=0.63 secs] 
 (concurrent mode failure): 500797K->126721K(545472K), 0.5169910 secs] 745341K->126721K(790016K), [CMS Perm : 9027K->9027K(21248K)], 0.5170670 secs] [Times: user=0.52 sys=0.00, real=0.52 secs] 
29.108: Total time for which application threads were stopped: 0.5172850 seconds, Stopping threads took: 0.0001350 seconds
29.210: Application time: 0.1014920 seconds
29.210: [GC29.210: [ParNew: 217408K->27136K(244544K), 0.0396840 secs] 344129K->179090K(790016K), 0.0397340 secs] [Times: user=0.29 sys=0.00, real=0.04 secs] 
29.250: Total time for which application threads were stopped: 0.0400950 seconds, Stopping threads took: 0.0002560 seconds
29.346: Application time: 0.0962580 seconds
29.346: [GC29.346: [ParNew: 244544K->27136K(244544K), 0.0549480 secs] 396498K->218580K(790016K), 0.0549940 secs] [Times: user=0.38 sys=0.00, real=0.05 secs] 
29.401: Total time for which application threads were stopped: 0.0551510 seconds, Stopping threads took: 0.0000840 seconds
29.514: Application time: 0.1130130 seconds
29.514: [GC29.514: [ParNew: 244544K->27136K(244544K), 0.0475700 secs] 435988K->244391K(790016K), 0.0476180 secs] [Times: user=0.34 sys=0.00, real=0.05 secs] 
29.562: Total time for which application threads were stopped: 0.0477730 seconds, Stopping threads took: 0.0000830 seconds
29.656: Application time: 0.0942160 seconds
29.661: [GC29.661: [ParNew: 244544K->27136K(244544K), 0.0682150 secs] 461799K->295189K(790016K), 0.0682670 secs] [Times: user=0.47 sys=0.00, real=0.07 secs] 
29.729: Total time for which application threads were stopped: 0.0726490 seconds, Stopping threads took: 0.0043070 seconds
29.729: Application time: 0.0000560 seconds
29.729: [GC [1 CMS-initial-mark: 268053K(545472K)] 297266K(790016K), 0.0219310 secs] [Times: user=0.02 sys=0.00, real=0.02 secs] 
29.751: Total time for which application threads were stopped: 0.0220960 seconds, Stopping threads took: 0.0001020 seconds
29.751: [CMS-concurrent-mark-start]
29.872: Application time: 0.1213720 seconds
29.873: [GC29.873: [ParNew: 244544K->27136K(244544K), 0.0696440 secs] 512597K->341128K(790016K), 0.0696970 secs] [Times: user=0.47 sys=0.00, real=0.07 secs] 
29.942: Total time for which application threads were stopped: 0.0699120 seconds, Stopping threads took: 0.0001120 seconds
30.034: [CMS-concurrent-mark: 0.212/0.283 secs] [Times: user=2.16 sys=0.02, real=0.28 secs] 
30.034: [CMS-concurrent-preclean-start]
30.082: Application time: 0.1393930 seconds
30.082: [GC30.082: [ParNew: 244544K->27136K(244544K), 0.0535200 secs] 558536K->372275K(790016K), 0.0535710 secs] [Times: user=0.38 sys=0.00, real=0.05 secs] 
30.136: Total time for which application threads were stopped: 0.0538600 seconds, Stopping threads took: 0.0001930 seconds
30.268: Application time: 0.1327960 seconds
30.268: [GC30.268: [ParNew: 244544K->27126K(244544K), 0.0479060 secs] 589683K->397641K(790016K), 0.0479670 secs] [Times: user=0.34 sys=0.00, real=0.05 secs] 
30.316: Total time for which application threads were stopped: 0.0481430 seconds, Stopping threads took: 0.0000800 seconds
30.404: Application time: 0.0876760 seconds
30.404: [GC30.404: [ParNew: 244391K->27136K(244544K), 0.0717250 secs] 614906K->448836K(790016K), 0.0717740 secs] [Times: user=0.49 sys=0.00, real=0.07 secs] 
30.476: Total time for which application threads were stopped: 0.0719350 seconds, Stopping threads took: 0.0000920 seconds
30.571: Application time: 0.0947170 seconds
30.571: [GC30.571: [ParNew: 244453K->27136K(244544K), 0.0766440 secs] 666154K->503478K(790016K), 0.0766950 secs] [Times: user=0.52 sys=0.00, real=0.08 secs] 
30.648: Total time for which application threads were stopped: 0.0768760 seconds, Stopping threads took: 0.0001120 seconds
30.776: Application time: 0.1281100 seconds
30.776: [GC30.776: [ParNew: 244544K->244544K(244544K), 0.0000150 secs]30.776: [CMS30.944: [CMS-concurrent-preclean: 0.655/0.910 secs] [Times: user=5.83 sys=0.00, real=0.91 secs] 
 (concurrent mode failure): 476342K->137530K(545472K), 0.5659070 secs] 720886K->137530K(790016K), [CMS Perm : 9037K->9037K(21248K)], 0.5659840 secs] [Times: user=0.56 sys=0.00, real=0.57 secs] 
31.342: Total time for which application threads were stopped: 0.5661330 seconds, Stopping threads took: 0.0000660 seconds
31.447: Application time: 0.1049010 seconds
31.449: [GC31.449: [ParNew: 217408K->27136K(244544K), 0.0265090 secs] 354938K->173228K(790016K), 0.0265570 secs] [Times: user=0.20 sys=0.00, real=0.02 secs] 
31.475: Total time for which application threads were stopped: 0.0284350 seconds, Stopping threads took: 0.0017740 seconds
31.570: Application time: 0.0948490 seconds
31.570: [GC31.570: [ParNew: 244531K->27136K(244544K), 0.0559000 secs] 390623K->218769K(790016K), 0.0559510 secs] [Times: user=0.39 sys=0.00, real=0.06 secs] 
31.626: Total time for which application threads were stopped: 0.0562330 seconds, Stopping threads took: 0.0001900 seconds
31.705: Application time: 0.0783890 seconds
31.705: [GC31.705: [ParNew: 244544K->27136K(244544K), 0.0757830 secs] 436177K->283220K(790016K), 0.0758310 secs] [Times: user=0.52 sys=0.00, real=0.07 secs] 
31.781: Total time for which application threads were stopped: 0.0759650 seconds, Stopping threads took: 0.0000650 seconds
31.781: Application time: 0.0001790 seconds
31.781: [GC [1 CMS-initial-mark: 256084K(545472K)] 286868K(790016K), 0.0209890 secs] [Times: user=0.02 sys=0.00, real=0.02 secs] 
31.802: Total time for which application threads were stopped: 0.0211070 seconds, Stopping threads took: 0.0000760 seconds
31.802: [CMS-concurrent-mark-start]
31.919: Application time: 0.1173660 seconds
31.920: [GC31.920: [ParNew: 244544K->27136K(244544K), 0.0597830 secs] 500628K->317467K(790016K), 0.0598320 secs] [Times: user=0.42 sys=0.00, real=0.06 secs] 
31.979: Total time for which application threads were stopped: 0.0600440 seconds, Stopping threads took: 0.0000920 seconds
32.119: Application time: 0.1395800 seconds
32.119: [GC32.119: [ParNew: 244544K->27136K(244544K), 0.0468010 secs] 534875K->341595K(790016K), 0.0468510 secs] [Times: user=0.34 sys=0.00, real=0.05 secs] 
32.166: Total time for which application threads were stopped: 0.0470530 seconds, Stopping threads took: 0.0001160 seconds
32.268: Application time: 0.1024160 seconds
32.269: [GC32.269: [ParNew: 244544K->27136K(244544K), 0.0582820 secs] 559003K->378384K(790016K), 0.0583370 secs] [Times: user=0.40 sys=0.00, real=0.06 secs] 
32.327: Total time for which application threads were stopped: 0.0585590 seconds, Stopping threads took: 0.0001420 seconds
32.345: [CMS-concurrent-mark: 0.348/0.543 secs] [Times: user=4.17 sys=0.00, real=0.55 secs] 
32.345: [CMS-concurrent-preclean-start]
32.425: Application time: 0.0977170 seconds
32.425: [GC32.425: [ParNew: 244544K->27136K(244544K), 0.0702360 secs] 595792K->425015K(790016K), 0.0702900 secs] [Times: user=0.49 sys=0.00, real=0.06 secs] 
32.495: Total time for which application threads were stopped: 0.0704720 seconds, Stopping threads took: 0.0001110 seconds
32.586: Application time: 0.0903900 seconds
32.586: [GC32.586: [ParNew: 244544K->27136K(244544K), 0.0747480 secs] 642423K->476737K(790016K), 0.0747950 secs] [Times: user=0.52 sys=0.00, real=0.07 secs] 
32.661: Total time for which application threads were stopped: 0.0749840 seconds, Stopping threads took: 0.0001070 seconds
32.791: Application time: 0.1306960 seconds
32.791: [GC32.792: [ParNew: 244544K->27136K(244544K), 0.0475720 secs] 694145K->502387K(790016K), 0.0476210 secs] [Times: user=0.34 sys=0.00, real=0.05 secs] 
32.839: Total time for which application threads were stopped: 0.0478160 seconds, Stopping threads took: 0.0001140 seconds
32.938: Application time: 0.0988690 seconds
32.938: [GC32.938: [ParNew: 244544K->27136K(244544K), 0.0620650 secs] 719795K->542357K(790016K), 0.0621150 secs] [Times: user=0.43 sys=0.00, real=0.06 secs] 
33.000: Total time for which application threads were stopped: 0.0622820 seconds, Stopping threads took: 0.0000970 seconds
33.118: Application time: 0.1172770 seconds
33.118: [GC33.118: [ParNew: 244544K->244544K(244544K), 0.0000160 secs]33.118: [CMS33.323: [CMS-concurrent-preclean: 0.718/0.977 secs] [Times: user=6.11 sys=0.00, real=0.97 secs] 
 (concurrent mode failure): 515221K->125117K(545472K), 0.5555870 secs] 759765K->125117K(790016K), [CMS Perm : 9045K->9045K(21248K)], 0.5556630 secs] [Times: user=0.56 sys=0.00, real=0.55 secs] 
33.673: Total time for which application threads were stopped: 0.5558180 seconds, Stopping threads took: 0.0000840 seconds
33.761: Application time: 0.0872950 seconds
33.761: [GC33.761: [ParNew: 217383K->27136K(244544K), 0.0397100 secs] 342501K->179643K(790016K), 0.0397590 secs] [Times: user=0.27 sys=0.01, real=0.04 secs] 
33.801: Total time for which application threads were stopped: 0.0399340 seconds, Stopping threads took: 0.0000910 seconds
33.901: Application time: 0.0999910 seconds
33.901: [GC33.901: [ParNew: 244544K->27136K(244544K), 0.0607860 secs] 397051K->224161K(790016K), 0.0608380 secs] [Times: user=0.42 sys=0.00, real=0.06 secs] 
33.962: Total time for which application threads were stopped: 0.0611360 seconds, Stopping threads took: 0.0002290 seconds
34.053: Application time: 0.0910550 seconds
34.053: [GC34.053: [ParNew: 244544K->27136K(244544K), 0.0614530 secs] 441569K->266030K(790016K), 0.0615020 secs] [Times: user=0.42 sys=0.00, real=0.06 secs] 
34.114: Total time for which application threads were stopped: 0.0616750 seconds, Stopping threads took: 0.0001030 seconds
34.221: Application time: 0.1061310 seconds
34.221: [GC34.221: [ParNew: 244544K->27136K(244544K), 0.0510040 secs] 483438K->296216K(790016K), 0.0510510 secs] [Times: user=0.36 sys=0.00, real=0.05 secs] 
34.272: Total time for which application threads were stopped: 0.0512010 seconds, Stopping threads took: 0.0000800 seconds
34.371: Application time: 0.0994400 seconds
34.371: [GC34.371: [ParNew: 244544K->27136K(244544K), 0.0545550 secs] 513624K->331227K(790016K), 0.0546050 secs] [Times: user=0.38 sys=0.00, real=0.06 secs] 
34.426: Total time for which application threads were stopped: 0.0548120 seconds, Stopping threads took: 0.0001250 seconds
34.426: Application time: 0.0000630 seconds
34.426: [GC [1 CMS-initial-mark: 304091K(545472K)] 333690K(790016K), 0.0212810 secs] [Times: user=0.02 sys=0.00, real=0.02 secs] 
34.448: Total time for which application threads were stopped: 0.0213970 seconds, Stopping threads took: 0.0000610 seconds
34.448: [CMS-concurrent-mark-start]
34.568: Application time: 0.1206300 seconds
34.568: [GC34.568: [ParNew: 244544K->27136K(244544K), 0.0651020 secs] 548635K->373851K(790016K), 0.0651490 secs] [Times: user=0.45 sys=0.00, real=0.06 secs] 
34.633: Total time for which application threads were stopped: 0.0653020 seconds, Stopping threads took: 0.0000870 seconds
34.637: [CMS-concurrent-mark: 0.124/0.189 secs] [Times: user=1.45 sys=0.00, real=0.19 secs] 
34.637: [CMS-concurrent-preclean-start]
34.741: Application time: 0.1078350 seconds
34.741: [GC34.742: [ParNew: 244544K->27135K(244544K), 0.0617910 secs] 591259K->413016K(790016K), 0.0618420 secs] [Times: user=0.43 sys=0.00, real=0.06 secs] 
34.803: Total time for which application threads were stopped: 0.0620320 seconds, Stopping threads took: 0.0001170 seconds
34.923: Application time: 0.1192430 seconds
34.923: [GC34.923: [ParNew: 244475K->27136K(244544K), 0.0505840 secs] 630355K->441386K(790016K), 0.0506410 secs] [Times: user=0.35 sys=0.00, real=0.05 secs] 
34.973: Total time for which application threads were stopped: 0.0508230 seconds, Stopping threads took: 0.0000860 seconds
35.079: Application time: 0.1051920 seconds
35.079: [GC35.079: [ParNew: 244544K->27136K(244544K), 0.0637470 secs] 658794K->483057K(790016K), 0.0637920 secs] [Times: user=0.44 sys=0.00, real=0.06 secs] 
35.143: Total time for which application threads were stopped: 0.0639750 seconds, Stopping threads took: 0.0001160 seconds
35.252: Application time: 0.1092470 seconds
35.252: [GC35.252: [ParNew: 244544K->27136K(244544K), 0.0607380 secs] 700465K->522552K(790016K), 0.0607870 secs] [Times: user=0.42 sys=0.00, real=0.06 secs] 
35.313: Total time for which application threads were stopped: 0.0609130 seconds, Stopping threads took: 0.0000570 seconds
35.406: Application time: 0.0932690 seconds
35.406: [GC35.406: [ParNew (promotion failed): 244544K->244544K(244544K), 0.2690550 secs]35.675: [CMS35.806: [CMS-concurrent-preclean: 0.659/1.170 secs] [Times: user=6.89 sys=0.08, real=1.17 secs] 
 (concurrent mode failure): 541937K->149294K(545472K), 0.5166310 secs] 739960K->149294K(790016K), [CMS Perm : 9053K->9053K(21248K)], 0.7857640 secs] [Times: user=1.37 sys=0.08, real=0.78 secs] 
36.192: Total time for which application threads were stopped: 0.7859120 seconds, Stopping threads took: 0.0000770 seconds
36.300: Application time: 0.1078530 seconds
36.300: [GC36.300: [ParNew: 217408K->27136K(244544K), 0.0250810 secs] 366702K->181642K(790016K), 0.0251300 secs] [Times: user=0.19 sys=0.00, real=0.03 secs] 
36.325: Total time for which application threads were stopped: 0.0253800 seconds, Stopping threads took: 0.0001570 seconds
36.425: Application time: 0.0997880 seconds
36.425: [GC36.425: [ParNew: 244544K->27136K(244544K), 0.0551390 secs] 399050K->223911K(790016K), 0.0551900 secs] [Times: user=0.38 sys=0.00, real=0.05 secs] 
36.480: Total time for which application threads were stopped: 0.0553720 seconds, Stopping threads took: 0.0001110 seconds
36.574: Application time: 0.0933870 seconds
36.574: [GC36.574: [ParNew: 244544K->27134K(244544K), 0.0557440 secs] 441319K->262029K(790016K), 0.0557940 secs] [Times: user=0.39 sys=0.00, real=0.06 secs] 
36.630: Total time for which application threads were stopped: 0.0559570 seconds, Stopping threads took: 0.0000930 seconds
36.712: Application time: 0.0822200 seconds
36.712: [GC36.712: [ParNew: 244542K->27136K(244544K), 0.0668300 secs] 479437K->315716K(790016K), 0.0668790 secs] [Times: user=0.45 sys=0.01, real=0.07 secs] 
36.779: Total time for which application threads were stopped: 0.0670560 seconds, Stopping threads took: 0.0001070 seconds
36.780: Application time: 0.0015000 seconds
36.781: [GC [1 CMS-initial-mark: 288580K(545472K)] 320662K(790016K), 0.0233320 secs] [Times: user=0.02 sys=0.00, real=0.02 secs] 
36.804: Total time for which application threads were stopped: 0.0234680 seconds, Stopping threads took: 0.0000850 seconds
36.804: [CMS-concurrent-mark-start]
36.931: Application time: 0.1273190 seconds
36.931: [GC36.931: [ParNew: 244544K->27135K(244544K), 0.0612510 secs] 533124K->351487K(790016K), 0.0613070 secs] [Times: user=0.43 sys=0.00, real=0.06 secs] 
36.993: Total time for which application threads were stopped: 0.0614890 seconds, Stopping threads took: 0.0001020 seconds
37.125: [CMS-concurrent-mark: 0.259/0.321 secs] [Times: user=2.50 sys=0.00, real=0.33 secs] 
37.126: Application time: 0.1327660 seconds
37.126: [GC37.126: [ParNew: 244543K->26503K(244544K), 0.0475290 secs] 568895K->375795K(790016K), 0.0475720 secs] [Times: user=0.34 sys=0.00, real=0.04 secs] 
37.173: Total time for which application threads were stopped: 0.0477110 seconds, Stopping threads took: 0.0000700 seconds
37.173: [CMS-concurrent-preclean-start]
37.264: Application time: 0.0911810 seconds
37.265: [GC37.265: [ParNew: 243911K->27136K(244544K), 0.0614180 secs] 593203K->416485K(790016K), 0.0614660 secs] [Times: user=0.43 sys=0.00, real=0.06 secs] 
37.326: Total time for which application threads were stopped: 0.0616470 seconds, Stopping threads took: 0.0001130 seconds
37.413: Application time: 0.0872170 seconds
37.413: [GC37.413: [ParNew: 244544K->27136K(244544K), 0.0821600 secs] 633893K->480077K(790016K), 0.0822090 secs] [Times: user=0.56 sys=0.01, real=0.08 secs] 
37.496: Total time for which application threads were stopped: 0.0823450 seconds, Stopping threads took: 0.0000670 seconds
37.608: Application time: 0.1126810 seconds
37.609: [GC37.609: [ParNew: 244383K->27136K(244544K), 0.0629870 secs] 697324K->517683K(790016K), 0.0630390 secs] [Times: user=0.44 sys=0.00, real=0.06 secs] 
37.672: Total time for which application threads were stopped: 0.0632650 seconds, Stopping threads took: 0.0001410 seconds
37.802: Application time: 0.1303770 seconds
37.802: [GC37.802: [ParNew: 244544K->244544K(244544K), 0.0000150 secs]37.802: [CMS37.992: [CMS-concurrent-preclean: 0.609/0.819 secs] [Times: user=4.97 sys=0.01, real=0.82 secs] 
 (concurrent mode failure): 490547K->129450K(545472K), 0.5554480 secs] 735091K->129450K(790016K), [CMS Perm : 9059K->9059K(21248K)], 0.5555210 secs] [Times: user=0.56 sys=0.00, real=0.56 secs] 
38.358: Total time for which application threads were stopped: 0.5556880 seconds, Stopping threads took: 0.0000980 seconds
38.454: Application time: 0.0965870 seconds
38.454: [GC38.454: [ParNew: 217408K->27136K(244544K), 0.0302820 secs] 346858K->171684K(790016K), 0.0303280 secs] [Times: user=0.22 sys=0.00, real=0.04 secs] 
38.485: Total time for which application threads were stopped: 0.0304940 seconds, Stopping threads took: 0.0000870 seconds
38.559: Application time: 0.0743670 seconds
38.559: [GC38.559: [ParNew: 244544K->27136K(244544K), 0.0747850 secs] 389092K->242654K(790016K), 0.0748350 secs] [Times: user=0.50 sys=0.00, real=0.07 secs] 
38.634: Total time for which application threads were stopped: 0.0750040 seconds, Stopping threads took: 0.0000980 seconds
38.733: Application time: 0.0989240 seconds
38.733: [GC38.733: [ParNew: 244544K->27136K(244544K), 0.0596290 secs] 460062K->280032K(790016K), 0.0596760 secs] [Times: user=0.42 sys=0.00, real=0.06 secs] 
38.793: Total time for which application threads were stopped: 0.0598170 seconds, Stopping threads took: 0.0000710 seconds
38.793: Application time: 0.0001080 seconds
38.793: [GC [1 CMS-initial-mark: 252896K(545472K)] 284102K(790016K), 0.0226280 secs] [Times: user=0.03 sys=0.00, real=0.02 secs] 
38.816: Total time for which application threads were stopped: 0.0228550 seconds, Stopping threads took: 0.0001790 seconds
38.816: [CMS-concurrent-mark-start]
38.936: [CMS-concurrent-mark: 0.120/0.120 secs] [Times: user=0.94 sys=0.00, real=0.12 secs] 
38.936: [CMS-concurrent-preclean-start]
38.958: Application time: 0.1422270 seconds
38.958: [GC38.958: [ParNew: 244544K->27136K(244544K), 0.0511910 secs] 497440K->307649K(790016K), 0.0512390 secs] [Times: user=0.37 sys=0.00, real=0.05 secs] 
39.010: Total time for which application threads were stopped: 0.0514420 seconds, Stopping threads took: 0.0001230 seconds
39.010: [CMS-concurrent-preclean: 0.023/0.074 secs] [Times: user=0.56 sys=0.00, real=0.08 secs] 
39.010: [CMS-concurrent-abortable-preclean-start]
39.123: Application time: 0.1131130 seconds
39.123: [GC39.123: [ParNew: 244544K->27136K(244544K), 0.0507490 secs] 525057K->335670K(790016K), 0.0507960 secs] [Times: user=0.36 sys=0.00, real=0.05 secs] 
39.174: Total time for which application threads were stopped: 0.0509480 seconds, Stopping threads took: 0.0000820 seconds
39.250: [CMS-concurrent-abortable-preclean: 0.187/0.239 secs] [Times: user=1.86 sys=0.00, real=0.24 secs] 
39.250: Application time: 0.0762760 seconds
39.253: [GC[YG occupancy: 209017 K (244544 K)]39.253: [Rescan (parallel) , 0.0491510 secs]39.302: [weak refs processing, 0.0000100 secs]39.302: [scrub string table, 0.0001760 secs] [1 CMS-remark: 308534K(545472K)] 517551K(790016K), 0.0493880 secs] [Times: user=0.39 sys=0.00, real=0.05 secs] 
39.302: Total time for which application threads were stopped: 0.0522430 seconds, Stopping threads took: 0.0027930 seconds
39.302: [CMS-concurrent-sweep-start]
39.317: Application time: 0.0146460 seconds
39.317: [GC39.317: [ParNew: 244535K->27136K(244544K), 0.0764960 secs] 547791K->387366K(790016K), 0.0765450 secs] [Times: user=0.52 sys=0.00, real=0.07 secs] 
39.394: Total time for which application threads were stopped: 0.0768600 seconds, Stopping threads took: 0.0002260 seconds
39.493: Application time: 0.0989420 seconds
39.493: [GC39.493: [ParNew: 244544K->27136K(244544K), 0.0765980 secs] 515938K->348377K(790016K), 0.0766460 secs] [Times: user=0.51 sys=0.00, real=0.08 secs] 
39.569: Total time for which application threads were stopped: 0.0768330 seconds, Stopping threads took: 0.0001020 seconds
39.682: [CMS-concurrent-sweep: 0.226/0.379 secs] [Times: user=2.83 sys=0.00, real=0.38 secs] 
39.682: [CMS-concurrent-reset-start]
39.683: [CMS-concurrent-reset: 0.002/0.002 secs] [Times: user=0.00 sys=0.00, real=0.00 secs] 
39.713: Application time: 0.1434790 seconds
39.713: [GC39.713: [ParNew: 244544K->27082K(244544K), 0.0450690 secs] 539659K->346922K(790016K), 0.0451190 secs] [Times: user=0.31 sys=0.00, real=0.05 secs] 
39.758: Total time for which application threads were stopped: 0.0452800 seconds, Stopping threads took: 0.0000900 seconds
39.764: Application time: 0.0063330 seconds
39.765: [GC [1 CMS-initial-mark: 319840K(545472K)] 358653K(790016K), 0.0220630 secs] [Times: user=0.03 sys=0.00, real=0.02 secs] 
39.787: Total time for which application threads were stopped: 0.0222040 seconds, Stopping threads took: 0.0000880 seconds
39.787: [CMS-concurrent-mark-start]
39.899: Application time: 0.1120120 seconds
39.899: [GC39.899: [ParNew: 244490K->27136K(244544K), 0.0535660 secs] 564330K->376605K(790016K), 0.0536120 secs] [Times: user=0.38 sys=0.00, real=0.05 secs] 
39.953: Total time for which application threads were stopped: 0.0538060 seconds, Stopping threads took: 0.0001240 seconds
39.996: [CMS-concurrent-mark: 0.154/0.210 secs] [Times: user=1.62 sys=0.00, real=0.21 secs] 
39.998: [CMS-concurrent-preclean-start]
40.047: Application time: 0.0947720 seconds
40.047: [GC40.047: [ParNew: 244544K->27136K(244544K), 0.0664310 secs] 594013K->422550K(790016K), 0.0664800 secs] [Times: user=0.46 sys=0.00, real=0.06 secs] 
40.114: Total time for which application threads were stopped: 0.0666630 seconds, Stopping threads took: 0.0001020 seconds
40.211: Application time: 0.0970830 seconds
40.211: [GC40.211: [ParNew: 244472K->27136K(244544K), 0.0747720 secs] 639887K->473826K(790016K), 0.0748200 secs] [Times: user=0.51 sys=0.00, real=0.08 secs] 
40.286: Total time for which application threads were stopped: 0.0749780 seconds, Stopping threads took: 0.0000880 seconds
40.413: Application time: 0.1266060 seconds
40.413: [GC40.413: [ParNew: 244544K->27136K(244544K), 0.0512250 secs] 691234K->500895K(790016K), 0.0512740 secs] [Times: user=0.37 sys=0.00, real=0.05 secs] 
40.464: Total time for which application threads were stopped: 0.0514090 seconds, Stopping threads took: 0.0000640 seconds
40.578: Application time: 0.1142290 seconds
40.578: [GC40.578: [ParNew: 244544K->27136K(244544K), 0.0520460 secs] 718303K->530102K(790016K), 0.0520930 secs] [Times: user=0.37 sys=0.00, real=0.05 secs] 
40.631: Total time for which application threads were stopped: 0.0522600 seconds, Stopping threads took: 0.0000860 seconds
40.739: Application time: 0.1079900 seconds
40.739: [GC40.739: [ParNew: 244544K->244544K(244544K), 0.0000160 secs]40.739: [CMS40.882: [CMS-concurrent-preclean: 0.631/0.884 secs] [Times: user=5.81 sys=0.01, real=0.88 secs] 
 (concurrent mode failure): 502966K->112543K(545472K), 0.4626190 secs] 747510K->112543K(790016K), [CMS Perm : 9066K->9066K(21248K)], 0.4626930 secs] [Times: user=0.47 sys=0.00, real=0.46 secs] 
41.201: Total time for which application threads were stopped: 0.4628480 seconds, Stopping threads took: 0.0000860 seconds
41.279: Application time: 0.0772610 seconds
41.279: [GC41.279: [ParNew: 217408K->27136K(244544K), 0.0462560 secs] 329951K->176451K(790016K), 0.0463050 secs] [Times: user=0.33 sys=0.00, real=0.05 secs] 
41.325: Total time for which application threads were stopped: 0.0465080 seconds, Stopping threads took: 0.0001160 seconds
41.425: Application time: 0.0996110 seconds
41.425: [GC41.425: [ParNew: 244544K->27136K(244544K), 0.0594940 secs] 393859K->216618K(790016K), 0.0595440 secs] [Times: user=0.41 sys=0.00, real=0.06 secs] 
41.485: Total time for which application threads were stopped: 0.0597590 seconds, Stopping threads took: 0.0001430 seconds
41.588: Application time: 0.1031650 seconds
41.588: [GC41.588: [ParNew: 244544K->27136K(244544K), 0.0530330 secs] 434026K->248219K(790016K), 0.0530820 secs] [Times: user=0.37 sys=0.00, real=0.05 secs] 
41.641: Total time for which application threads were stopped: 0.0532460 seconds, Stopping threads took: 0.0000930 seconds
41.742: Application time: 0.1011880 seconds
41.742: [GC41.742: [ParNew: 244544K->27136K(244544K), 0.0506300 secs] 465627K->279356K(790016K), 0.0506810 secs] [Times: user=0.35 sys=0.00, real=0.05 secs] 
41.793: Total time for which application threads were stopped: 0.0508690 seconds, Stopping threads took: 0.0001160 seconds
41.879: Application time: 0.0859830 seconds
41.879: [GC41.879: [ParNew: 244544K->27136K(244544K), 0.0669210 secs] 496764K->331521K(790016K), 0.0669710 secs] [Times: user=0.46 sys=0.00, real=0.07 secs] 
41.946: Total time for which application threads were stopped: 0.0671550 seconds, Stopping threads took: 0.0001010 seconds
41.964: Application time: 0.0183480 seconds
41.967: [GC [1 CMS-initial-mark: 304385K(545472K)] 380959K(790016K), 0.0424050 secs] [Times: user=0.04 sys=0.00, real=0.04 secs] 
42.010: Total time for which application threads were stopped: 0.0454260 seconds, Stopping threads took: 0.0029690 seconds
42.010: [CMS-concurrent-mark-start]
42.106: Application time: 0.0961160 seconds
42.106: [GC42.106: [ParNew: 244544K->27136K(244544K), 0.0661790 secs] 548929K->374524K(790016K), 0.0662290 secs] [Times: user=0.46 sys=0.00, real=0.06 secs] 
42.172: Total time for which application threads were stopped: 0.0663920 seconds, Stopping threads took: 0.0000840 seconds
42.298: Application time: 0.1251770 seconds
42.298: [GC42.298: [ParNew: 244544K->27136K(244544K), 0.0593940 secs] 591932K->409306K(790016K), 0.0594410 secs] [Times: user=0.42 sys=0.00, real=0.06 secs] 
42.357: Total time for which application threads were stopped: 0.0596000 seconds, Stopping threads took: 0.0000910 seconds
42.359: [CMS-concurrent-mark: 0.223/0.349 secs] [Times: user=2.64 sys=0.01, real=0.35 secs] 
42.359: [CMS-concurrent-preclean-start]
42.482: Application time: 0.1243880 seconds
42.485: [GC42.485: [ParNew: 244544K->27136K(244544K), 0.0516530 secs] 626714K->436566K(790016K), 0.0517020 secs] [Times: user=0.37 sys=0.00, real=0.04 secs] 
42.536: Total time for which application threads were stopped: 0.0546440 seconds, Stopping threads took: 0.0028610 seconds
42.626: Application time: 0.0898190 seconds
42.629: [GC42.629: [ParNew: 244544K->27136K(244544K), 0.0645030 secs] 653974K->480921K(790016K), 0.0645500 secs] [Times: user=0.44 sys=0.00, real=0.06 secs] 
42.693: Total time for which application threads were stopped: 0.0670330 seconds, Stopping threads took: 0.0024130 seconds
42.797: Application time: 0.1041650 seconds
42.797: [GC42.797: [ParNew: 244544K->27136K(244544K), 0.0604430 secs] 698329K->518991K(790016K), 0.0605040 secs] [Times: user=0.42 sys=0.00, real=0.06 secs] 
42.858: Total time for which application threads were stopped: 0.0606970 seconds, Stopping threads took: 0.0001210 seconds
42.968: Application time: 0.1104070 seconds
42.969: [GC42.969: [ParNew: 244544K->27136K(244544K), 0.0595070 secs] 736399K->555056K(790016K), 0.0595550 secs] [Times: user=0.42 sys=0.01, real=0.06 secs] 
43.028: Total time for which application threads were stopped: 0.0597170 seconds, Stopping threads took: 0.0000920 seconds
43.142: Application time: 0.1140730 seconds
43.142: [GC43.142: [ParNew: 244544K->244544K(244544K), 0.0000150 secs]43.142: [CMS43.305: [CMS-concurrent-preclean: 0.700/0.946 secs] [Times: user=6.13 sys=0.02, real=0.95 secs] 
 (concurrent mode failure): 527920K->128036K(545472K), 0.5230910 secs] 772464K->128036K(790016K), [CMS Perm : 9071K->9071K(21248K)], 0.5231670 secs] [Times: user=0.52 sys=0.00, real=0.53 secs] 
43.666: Total time for which application threads were stopped: 0.5233580 seconds, Stopping threads took: 0.0001080 seconds
43.750: Application time: 0.0847130 seconds
43.750: [GC43.750: [ParNew: 217408K->27136K(244544K), 0.0409780 secs] 345444K->184891K(790016K), 0.0410290 secs] [Times: user=0.29 sys=0.00, real=0.04 secs] 
43.792: Total time for which application threads were stopped: 0.0412340 seconds, Stopping threads took: 0.0001240 seconds
43.897: Application time: 0.1057770 seconds
43.898: [GC43.898: [ParNew: 244544K->27136K(244544K), 0.0531030 secs] 402299K->215929K(790016K), 0.0531540 secs] [Times: user=0.37 sys=0.00, real=0.05 secs] 
43.951: Total time for which application threads were stopped: 0.0534450 seconds, Stopping threads took: 0.0002010 seconds
44.053: Application time: 0.1017820 seconds
44.053: [GC44.053: [ParNew: 244544K->27136K(244544K), 0.0547820 secs] 433337K->250480K(790016K), 0.0548320 secs] [Times: user=0.38 sys=0.00, real=0.06 secs] 
44.108: Total time for which application threads were stopped: 0.0549940 seconds, Stopping threads took: 0.0000880 seconds
44.197: Application time: 0.0893200 seconds
44.197: [GC44.197: [ParNew: 244544K->27136K(244544K), 0.0659140 secs] 467888K->300471K(790016K), 0.0659630 secs] [Times: user=0.45 sys=0.00, real=0.06 secs] 
44.263: Total time for which application threads were stopped: 0.0661710 seconds, Stopping threads took: 0.0001360 seconds
44.263: Application time: 0.0000760 seconds
44.263: [GC [1 CMS-initial-mark: 273335K(545472K)] 302929K(790016K), 0.0211070 secs] [Times: user=0.02 sys=0.00, real=0.02 secs] 
44.284: Total time for which application threads were stopped: 0.0212460 seconds, Stopping threads took: 0.0000820 seconds
44.284: [CMS-concurrent-mark-start]
44.399: Application time: 0.1149780 seconds
44.399: [GC44.399: [ParNew: 244470K->27136K(244544K), 0.0517430 secs] 517806K->331262K(790016K), 0.0517920 secs] [Times: user=0.37 sys=0.00, real=0.05 secs] 
44.451: Total time for which application threads were stopped: 0.0519660 seconds, Stopping threads took: 0.0001050 seconds
44.552: Application time: 0.1006570 seconds
44.552: [GC44.552: [ParNew: 244544K->27136K(244544K), 0.0699230 secs] 548670K->380500K(790016K), 0.0699710 secs] [Times: user=0.48 sys=0.00, real=0.07 secs] 
44.622: Total time for which application threads were stopped: 0.0701120 seconds, Stopping threads took: 0.0000710 seconds
44.733: Application time: 0.1107120 seconds
44.733: [GC44.733: [ParNew: 244544K->27136K(244544K), 0.0536960 secs] 597908K->412236K(790016K), 0.0537490 secs] [Times: user=0.37 sys=0.00, real=0.06 secs] 
44.787: Total time for which application threads were stopped: 0.0539030 seconds, Stopping threads took: 0.0000810 seconds
44.897: Application time: 0.1100580 seconds
44.897: [GC44.897: [ParNew: 244544K->27136K(244544K), 0.0700900 secs] 629644K->458543K(790016K), 0.0701390 secs] [Times: user=0.48 sys=0.00, real=0.07 secs] 
44.967: Total time for which application threads were stopped: 0.0703190 seconds, Stopping threads took: 0.0000870 seconds
44.968: [CMS-concurrent-mark: 0.434/0.684 secs] [Times: user=5.18 sys=0.01, real=0.69 secs] 
44.968: [CMS-concurrent-preclean-start]
45.089: Application time: 0.1218090 seconds
45.089: [GC45.089: [ParNew: 244485K->27136K(244544K), 0.0556950 secs] 675892K->488701K(790016K), 0.0557480 secs] [Times: user=0.40 sys=0.00, real=0.06 secs] 
45.145: Total time for which application threads were stopped: 0.0559010 seconds, Stopping threads took: 0.0000840 seconds
45.252: Application time: 0.1070380 seconds
45.252: [GC45.252: [ParNew: 244544K->27136K(244544K), 0.0837340 secs] 706109K->529666K(790016K), 0.0837940 secs] [Times: user=0.58 sys=0.00, real=0.08 secs] 
45.336: Total time for which application threads were stopped: 0.0839820 seconds, Stopping threads took: 0.0001120 seconds
45.451: Application time: 0.1150310 seconds
45.451: [GC45.451: [ParNew: 244544K->244544K(244544K), 0.0000150 secs]45.451: [CMS45.635: [CMS-concurrent-preclean: 0.525/0.667 secs] [Times: user=3.91 sys=0.00, real=0.66 secs] 
 (concurrent mode failure): 502530K->132117K(545472K), 0.5622710 secs] 747074K->132117K(790016K), [CMS Perm : 9074K->9074K(21248K)], 0.5623490 secs] [Times: user=0.56 sys=0.00, real=0.56 secs] 
46.013: Total time for which application threads were stopped: 0.5626140 seconds, Stopping threads took: 0.0001800 seconds
46.103: Application time: 0.0892090 seconds
46.103: [GC46.103: [ParNew: 217408K->27136K(244544K), 0.0363900 secs] 349525K->182719K(790016K), 0.0364400 secs] [Times: user=0.26 sys=0.00, real=0.04 secs] 
46.139: Total time for which application threads were stopped: 0.0367610 seconds, Stopping threads took: 0.0002130 seconds
46.237: Application time: 0.0971840 seconds
46.237: [GC46.237: [ParNew: 244352K->27135K(244544K), 0.0518840 secs] 399936K->218863K(790016K), 0.0519340 secs] [Times: user=0.36 sys=0.00, real=0.05 secs] 
46.289: Total time for which application threads were stopped: 0.0521020 seconds, Stopping threads took: 0.0001000 seconds
46.386: Application time: 0.0971240 seconds
46.386: [GC46.386: [ParNew: 244543K->27136K(244544K), 0.0587390 secs] 436271K->258037K(790016K), 0.0587890 secs] [Times: user=0.40 sys=0.01, real=0.06 secs] 
46.445: Total time for which application threads were stopped: 0.0589720 seconds, Stopping threads took: 0.0001140 seconds
46.539: Application time: 0.0941330 seconds
46.539: [GC46.539: [ParNew: 244544K->27136K(244544K), 0.0637100 secs] 475445K->299683K(790016K), 0.0637620 secs] [Times: user=0.44 sys=0.00, real=0.06 secs] 
46.603: Total time for which application threads were stopped: 0.0639120 seconds, Stopping threads took: 0.0000800 seconds
46.609: Application time: 0.0056730 seconds
46.609: [GC [1 CMS-initial-mark: 272547K(545472K)] 314944K(790016K), 0.0316000 secs] [Times: user=0.04 sys=0.00, real=0.03 secs] 
46.640: Total time for which application threads were stopped: 0.0317460 seconds, Stopping threads took: 0.0000790 seconds
46.640: [CMS-concurrent-mark-start]
46.744: Application time: 0.1036580 seconds
46.744: [GC46.744: [ParNew: 244544K->27136K(244544K), 0.0547150 secs] 517091K->332612K(790016K), 0.0547650 secs] [Times: user=0.38 sys=0.01, real=0.06 secs] 
46.799: Total time for which application threads were stopped: 0.0549100 seconds, Stopping threads took: 0.0000750 seconds
46.915: Application time: 0.1158340 seconds
46.915: [GC46.915: [ParNew: 244544K->27136K(244544K), 0.0664440 secs] 550020K->377448K(790016K), 0.0664930 secs] [Times: user=0.46 sys=0.00, real=0.07 secs] 
46.981: Total time for which application threads were stopped: 0.0666720 seconds, Stopping threads took: 0.0001130 seconds
47.077: [CMS-concurrent-mark: 0.314/0.437 secs] [Times: user=3.34 sys=0.01, real=0.44 secs] 
47.077: [CMS-concurrent-preclean-start]
47.097: Application time: 0.1151460 seconds
47.097: [GC47.097: [ParNew: 244544K->27136K(244544K), 0.0605760 secs] 594856K->414856K(790016K), 0.0606260 secs] [Times: user=0.43 sys=0.00, real=0.06 secs] 
47.157: Total time for which application threads were stopped: 0.0607980 seconds, Stopping threads took: 0.0001020 seconds
47.272: Application time: 0.1151400 seconds
47.273: [GC47.273: [ParNew: 244544K->27136K(244544K), 0.0555510 secs] 632264K->447315K(790016K), 0.0556090 secs] [Times: user=0.39 sys=0.00, real=0.06 secs] 
47.328: Total time for which application threads were stopped: 0.0558230 seconds, Stopping threads took: 0.0001340 seconds
47.425: Application time: 0.0966330 seconds
47.425: [GC47.425: [ParNew: 244544K->27136K(244544K), 0.0613300 secs] 664723K->488650K(790016K), 0.0613790 secs] [Times: user=0.43 sys=0.00, real=0.06 secs] 
47.486: Total time for which application threads were stopped: 0.0615380 seconds, Stopping threads took: 0.0000890 seconds
47.584: Application time: 0.0978350 seconds
47.584: [GC47.584: [ParNew: 244544K->27136K(244544K), 0.0769020 secs] 706058K->540894K(790016K), 0.0769500 secs] [Times: user=0.54 sys=0.00, real=0.07 secs] 
47.661: Total time for which application threads were stopped: 0.0771300 seconds, Stopping threads took: 0.0001050 seconds
47.769: Application time: 0.1080040 seconds
47.770: [GC47.770: [ParNew: 244544K->244544K(244544K), 0.0000140 secs]47.770: [CMS47.961: [CMS-concurrent-preclean: 0.626/0.884 secs] [Times: user=5.45 sys=0.02, real=0.88 secs] 
 (concurrent mode failure): 513758K->146172K(545472K), 0.5737080 secs] 758302K->146172K(790016K), [CMS Perm : 9078K->9078K(21248K)], 0.5737830 secs] [Times: user=0.57 sys=0.00, real=0.57 secs] 
48.343: Total time for which application threads were stopped: 0.5739570 seconds, Stopping threads took: 0.0001020 seconds
48.453: Application time: 0.1092870 seconds
48.453: [GC48.453: [ParNew: 217408K->27135K(244544K), 0.0262970 secs] 363580K->179817K(790016K), 0.0263470 secs] [Times: user=0.21 sys=0.00, real=0.03 secs] 
48.479: Total time for which application threads were stopped: 0.0265930 seconds, Stopping threads took: 0.0001460 seconds
48.577: Application time: 0.0975080 seconds
48.577: [GC48.577: [ParNew: 244543K->27134K(244544K), 0.0554540 secs] 397225K->222662K(790016K), 0.0555110 secs] [Times: user=0.38 sys=0.00, real=0.05 secs] 
48.633: Total time for which application threads were stopped: 0.0557230 seconds, Stopping threads took: 0.0001170 seconds
48.718: Application time: 0.0850670 seconds
48.721: [GC48.721: [ParNew: 244542K->27134K(244544K), 0.0618380 secs] 440070K->270284K(790016K), 0.0618870 secs] [Times: user=0.42 sys=0.00, real=0.06 secs] 
48.782: Total time for which application threads were stopped: 0.0648820 seconds, Stopping threads took: 0.0029250 seconds
48.876: Application time: 0.0932950 seconds
48.876: [GC48.876: [ParNew: 244542K->27134K(244544K), 0.0649190 secs] 487692K->315751K(790016K), 0.0649680 secs] [Times: user=0.44 sys=0.00, real=0.07 secs] 
48.941: Total time for which application threads were stopped: 0.0651630 seconds, Stopping threads took: 0.0001260 seconds
48.958: Application time: 0.0173760 seconds
48.961: [GC [1 CMS-initial-mark: 288617K(545472K)] 356311K(790016K), 0.0461920 secs] [Times: user=0.05 sys=0.00, real=0.05 secs] 
49.007: Total time for which application threads were stopped: 0.0484540 seconds, Stopping threads took: 0.0021980 seconds
49.007: [CMS-concurrent-mark-start]
49.113: Application time: 0.1065960 seconds
49.113: [GC49.114: [ParNew: 244542K->27136K(244544K), 0.0588700 secs] 533159K->349515K(790016K), 0.0589170 secs] [Times: user=0.41 sys=0.00, real=0.06 secs] 
49.172: Total time for which application threads were stopped: 0.0590800 seconds, Stopping threads took: 0.0000810 seconds
49.294: Application time: 0.1215380 seconds
49.294: [GC49.294: [ParNew: 244544K->27135K(244544K), 0.0496900 secs] 566923K->377011K(790016K), 0.0497380 secs] [Times: user=0.35 sys=0.00, real=0.05 secs] 
49.344: Total time for which application threads were stopped: 0.0498900 seconds, Stopping threads took: 0.0000810 seconds
49.388: [CMS-concurrent-mark: 0.270/0.381 secs] [Times: user=2.92 sys=0.00, real=0.38 secs] 
49.388: [CMS-concurrent-preclean-start]
49.440: Application time: 0.0960850 seconds
49.440: [GC49.440: [ParNew: 244543K->27136K(244544K), 0.0725520 secs] 594419K->430261K(790016K), 0.0725990 secs] [Times: user=0.50 sys=0.00, real=0.07 secs] 
49.513: Total time for which application threads were stopped: 0.0727480 seconds, Stopping threads took: 0.0000810 seconds
49.631: Application time: 0.1183860 seconds
49.631: [GC49.631: [ParNew: 244544K->27136K(244544K), 0.0553750 secs] 647669K->461501K(790016K), 0.0554240 secs] [Times: user=0.39 sys=0.00, real=0.06 secs] 
49.687: Total time for which application threads were stopped: 0.0555920 seconds, Stopping threads took: 0.0000880 seconds
49.784: Application time: 0.0972860 seconds
49.784: [GC49.784: [ParNew: 244544K->27134K(244544K), 0.0714200 secs] 678909K->507927K(790016K), 0.0714720 secs] [Times: user=0.50 sys=0.00, real=0.07 secs] 
49.856: Total time for which application threads were stopped: 0.0716520 seconds, Stopping threads took: 0.0001090 seconds
49.990: Application time: 0.1348290 seconds
49.991: [GC49.991: [ParNew: 244354K->27136K(244544K), 0.0444020 secs] 725148K->530957K(790016K), 0.0444530 secs] [Times: user=0.32 sys=0.00, real=0.04 secs] 
50.035: Total time for which application threads were stopped: 0.0446160 seconds, Stopping threads took: 0.0000940 seconds
50.136: Application time: 0.1006830 seconds
50.136: [GC50.136: [ParNew: 244544K->244544K(244544K), 0.0000180 secs]50.136: [CMS50.285: [CMS-concurrent-preclean: 0.648/0.897 secs] [Times: user=5.88 sys=0.01, real=0.90 secs] 
 (concurrent mode failure): 503821K->132271K(545472K), 0.5063050 secs] 748365K->132271K(790016K), [CMS Perm : 9080K->9080K(21248K)], 0.5063840 secs] [Times: user=0.50 sys=0.00, real=0.51 secs] 
50.642: Total time for which application threads were stopped: 0.5065520 seconds, Stopping threads took: 0.0000850 seconds
50.737: Application time: 0.0943890 seconds
50.737: [GC50.737: [ParNew: 217408K->27136K(244544K), 0.0382500 secs] 349679K->182787K(790016K), 0.0382980 secs] [Times: user=0.27 sys=0.00, real=0.03 secs] 
50.775: Total time for which application threads were stopped: 0.0386160 seconds, Stopping threads took: 0.0002170 seconds
50.855: Application time: 0.0796740 seconds
50.855: [GC50.855: [ParNew: 244544K->27136K(244544K), 0.0670940 secs] 400195K->239140K(790016K), 0.0671440 secs] [Times: user=0.46 sys=0.01, real=0.07 secs] 
50.922: Total time for which application threads were stopped: 0.0673800 seconds, Stopping threads took: 0.0001660 seconds
51.040: Application time: 0.1171860 seconds
51.040: [GC51.040: [ParNew: 244544K->27136K(244544K), 0.0470400 secs] 456548K->262402K(790016K), 0.0470920 secs] [Times: user=0.34 sys=0.00, real=0.05 secs] 
51.087: Total time for which application threads were stopped: 0.0472900 seconds, Stopping threads took: 0.0001270 seconds
51.183: Application time: 0.0958490 seconds
51.183: [GC51.183: [ParNew: 244544K->27136K(244544K), 0.0586090 secs] 479810K->300705K(790016K), 0.0586540 secs] [Times: user=0.40 sys=0.00, real=0.06 secs] 
51.242: Total time for which application threads were stopped: 0.0588150 seconds, Stopping threads took: 0.0000930 seconds
51.256: Application time: 0.0149510 seconds
51.258: [GC [1 CMS-initial-mark: 273569K(545472K)] 334893K(790016K), 0.0423980 secs] [Times: user=0.05 sys=0.00, real=0.04 secs] 
51.301: Total time for which application threads were stopped: 0.0444190 seconds, Stopping threads took: 0.0019610 seconds
51.301: [CMS-concurrent-mark-start]
51.388: Application time: 0.0866360 seconds
51.388: [GC51.388: [ParNew: 244544K->27136K(244544K), 0.0691200 secs] 518113K->344931K(790016K), 0.0691680 secs] [Times: user=0.48 sys=0.00, real=0.07 secs] 
51.457: Total time for which application threads were stopped: 0.0694100 seconds, Stopping threads took: 0.0001520 seconds
51.557: Application time: 0.1001280 seconds
51.558: [GC51.558: [ParNew: 244544K->27136K(244544K), 0.0588150 secs] 562339K->382979K(790016K), 0.0588620 secs] [Times: user=0.41 sys=0.01, real=0.06 secs] 
51.617: Total time for which application threads were stopped: 0.0600990 seconds, Stopping threads took: 0.0011490 seconds
51.732: Application time: 0.1149940 seconds
51.732: [GC51.732: [ParNew: 244544K->27136K(244544K), 0.0505340 secs] 600387K->411599K(790016K), 0.0505910 secs] [Times: user=0.36 sys=0.00, real=0.05 secs] 
51.783: Total time for which application threads were stopped: 0.0507520 seconds, Stopping threads took: 0.0000850 seconds
51.911: Application time: 0.1278310 seconds
51.911: [GC51.911: [ParNew: 244544K->27136K(244544K), 0.0591700 secs] 629007K->446148K(790016K), 0.0592250 secs] [Times: user=0.42 sys=0.00, real=0.06 secs] 
51.970: Total time for which application threads were stopped: 0.0593890 seconds, Stopping threads took: 0.0000810 seconds
52.072: Application time: 0.1019080 seconds
52.072: [GC52.072: [ParNew: 244544K->27136K(244544K), 0.0640840 secs] 663556K->488250K(790016K), 0.0641310 secs] [Times: user=0.44 sys=0.00, real=0.06 secs] 
52.136: Total time for which application threads were stopped: 0.0642790 seconds, Stopping threads took: 0.0000750 seconds
52.253: Application time: 0.1166620 seconds
52.253: [GC52.253: [ParNew: 244544K->27136K(244544K), 0.0599660 secs] 705658K->524962K(790016K), 0.0600140 secs] [Times: user=0.43 sys=0.00, real=0.06 secs] 
52.313: Total time for which application threads were stopped: 0.0601450 seconds, Stopping threads took: 0.0000630 seconds
52.314: [CMS-concurrent-mark: 0.639/1.013 secs] [Times: user=7.70 sys=0.02, real=1.01 secs] 
52.314: [CMS-concurrent-preclean-start]
52.411: Application time: 0.0978490 seconds
52.411: [GC52.411: [ParNew (promotion failed): 244544K->244544K(244544K), 1.0416930 secs]53.453: [CMS53.750: [CMS-concurrent-preclean: 0.392/1.436 secs] [Times: user=2.84 sys=0.20, real=1.44 secs] 
 (concurrent mode failure): 542129K->143607K(545472K), 0.6779930 secs] 742370K->143607K(790016K), [CMS Perm : 9086K->9086K(21248K)], 1.7197650 secs] [Times: user=2.44 sys=0.20, real=1.72 secs] 
54.131: Total time for which application threads were stopped: 1.7199760 seconds, Stopping threads took: 0.0001400 seconds
54.240: Application time: 0.1086680 seconds
54.240: [GC54.240: [ParNew: 217408K->27136K(244544K), 0.0239340 secs] 361015K->175060K(790016K), 0.0239800 secs] [Times: user=0.19 sys=0.00, real=0.02 secs] 
54.264: Total time for which application threads were stopped: 0.0242620 seconds, Stopping threads took: 0.0001800 seconds
54.353: Application time: 0.0885880 seconds
54.353: [GC54.353: [ParNew: 244544K->27136K(244544K), 0.0582330 secs] 392468K->224970K(790016K), 0.0582830 secs] [Times: user=0.40 sys=0.00, real=0.06 secs] 
54.411: Total time for which application threads were stopped: 0.0585860 seconds, Stopping threads took: 0.0002130 seconds
54.504: Application time: 0.0924140 seconds
54.505: [GC54.505: [ParNew: 244544K->27136K(244544K), 0.0638130 secs] 442378K->270728K(790016K), 0.0638640 secs] [Times: user=0.44 sys=0.00, real=0.06 secs] 
54.568: Total time for which application threads were stopped: 0.0649000 seconds, Stopping threads took: 0.0009540 seconds
54.658: Application time: 0.0893370 seconds
54.661: [GC54.661: [ParNew: 244544K->27136K(244544K), 0.0666530 secs] 488136K->317519K(790016K), 0.0667000 secs] [Times: user=0.45 sys=0.00, real=0.07 secs] 
54.727: Total time for which application threads were stopped: 0.0694630 seconds, Stopping threads took: 0.0026930 seconds
54.727: Application time: 0.0001110 seconds
54.727: [GC [1 CMS-initial-mark: 290383K(545472K)] 320709K(790016K), 0.0232650 secs] [Times: user=0.02 sys=0.00, real=0.02 secs] 
54.751: Total time for which application threads were stopped: 0.0234120 seconds, Stopping threads took: 0.0000990 seconds
54.751: [CMS-concurrent-mark-start]
54.884: Application time: 0.1329280 seconds
54.884: [GC54.884: [ParNew: 244544K->27135K(244544K), 0.0523180 secs] 534927K->346599K(790016K), 0.0523640 secs] [Times: user=0.36 sys=0.00, real=0.05 secs] 
54.936: Total time for which application threads were stopped: 0.0525390 seconds, Stopping threads took: 0.0000930 seconds
55.033: Application time: 0.0967450 seconds
55.033: [GC55.033: [ParNew: 244543K->27136K(244544K), 0.0625490 secs] 564007K->387082K(790016K), 0.0625980 secs] [Times: user=0.43 sys=0.00, real=0.06 secs] 
55.096: Total time for which application threads were stopped: 0.0627440 seconds, Stopping threads took: 0.0000680 seconds
55.189: [CMS-concurrent-mark: 0.318/0.438 secs] [Times: user=3.38 sys=0.00, real=0.44 secs] 
55.190: [CMS-concurrent-preclean-start]
55.209: Application time: 0.1131160 seconds
55.209: [GC55.209: [ParNew: 244544K->27136K(244544K), 0.0601460 secs] 604490K->426320K(790016K), 0.0601930 secs] [Times: user=0.42 sys=0.00, real=0.06 secs] 
55.269: Total time for which application threads were stopped: 0.0603380 seconds, Stopping threads took: 0.0000790 seconds
55.373: Application time: 0.1036780 seconds
55.373: [GC55.373: [ParNew: 244544K->27136K(244544K), 0.0707280 secs] 643728K->472030K(790016K), 0.0707790 secs] [Times: user=0.50 sys=0.00, real=0.07 secs] 
55.444: Total time for which application threads were stopped: 0.0709460 seconds, Stopping threads took: 0.0000980 seconds
55.571: Application time: 0.1271160 seconds
55.571: [GC55.571: [ParNew: 244537K->27136K(244544K), 0.0486990 secs] 689432K->497440K(790016K), 0.0487510 secs] [Times: user=0.35 sys=0.00, real=0.05 secs] 
55.620: Total time for which application threads were stopped: 0.0489670 seconds, Stopping threads took: 0.0001290 seconds
55.733: Application time: 0.1129120 seconds
55.733: [GC55.733: [ParNew: 244544K->27136K(244544K), 0.0533360 secs] 714848K->529613K(790016K), 0.0533850 secs] [Times: user=0.37 sys=0.00, real=0.06 secs] 
55.786: Total time for which application threads were stopped: 0.0535490 seconds, Stopping threads took: 0.0000960 seconds
55.881: Application time: 0.0946050 seconds
55.881: [GC55.881: [ParNew (promotion failed): 244544K->244544K(244544K), 5.9350370 secs]61.816: [CMS61.987: [CMS-concurrent-preclean: 0.625/6.796 secs] [Times: user=14.20 sys=1.08, real=6.80 secs] 
 (concurrent mode failure): 542570K->133104K(545472K), 0.5266760 secs] 747021K->133104K(790016K), [CMS Perm : 9089K->9089K(21248K)], 6.4617950 secs] [Times: user=9.27 sys=1.08, real=6.46 secs] 
62.343: Total time for which application threads were stopped: 6.4619420 seconds, Stopping threads took: 0.0000730 seconds
62.439: Application time: 0.0965570 seconds
62.440: [GC62.440: [ParNew: 217408K->27136K(244544K), 0.0341740 secs] 350512K->178764K(790016K), 0.0342240 secs] [Times: user=0.25 sys=0.00, real=0.03 secs] 
62.474: Total time for which application threads were stopped: 0.0344350 seconds, Stopping threads took: 0.0001270 seconds
62.571: Application time: 0.0974330 seconds
62.572: [GC62.572: [ParNew: 244544K->27136K(244544K), 0.0563930 secs] 396172K->221031K(790016K), 0.0564420 secs] [Times: user=0.39 sys=0.00, real=0.06 secs] 
62.628: Total time for which application threads were stopped: 0.0566450 seconds, Stopping threads took: 0.0001330 seconds
62.729: Application time: 0.1006040 seconds
62.729: [GC62.729: [ParNew: 244544K->27136K(244544K), 0.0512720 secs] 438439K->252658K(790016K), 0.0513210 secs] [Times: user=0.35 sys=0.00, real=0.05 secs] 
62.780: Total time for which application threads were stopped: 0.0514840 seconds, Stopping threads took: 0.0000930 seconds
62.866: Application time: 0.0862120 seconds
62.866: [GC62.866: [ParNew: 244544K->27136K(244544K), 0.0653270 secs] 470066K->302425K(790016K), 0.0653740 secs] [Times: user=0.45 sys=0.00, real=0.06 secs] 
62.932: Total time for which application threads were stopped: 0.0655520 seconds, Stopping threads took: 0.0001100 seconds
63.034: Application time: 0.1019430 seconds
63.034: [GC63.034: [ParNew: 244544K->27136K(244544K), 0.0573630 secs] 519833K->339689K(790016K), 0.0574110 secs] [Times: user=0.40 sys=0.00, real=0.06 secs] 
63.091: Total time for which application threads were stopped: 0.0575810 seconds, Stopping threads took: 0.0000890 seconds
63.186: Application time: 0.0947960 seconds
63.186: [GC63.186: [ParNew: 244544K->27136K(244544K), 0.0582280 secs] 557097K->378555K(790016K), 0.0582750 secs] [Times: user=0.40 sys=0.00, real=0.06 secs] 
63.245: Total time for which application threads were stopped: 0.0584410 seconds, Stopping threads took: 0.0000970 seconds
63.245: Application time: 0.0001030 seconds
63.245: [GC [1 CMS-initial-mark: 351419K(545472K)] 382116K(790016K), 0.0211310 secs] [Times: user=0.02 sys=0.00, real=0.02 secs] 
63.266: Total time for which application threads were stopped: 0.0212520 seconds, Stopping threads took: 0.0000770 seconds
63.266: [CMS-concurrent-mark-start]
63.403: Application time: 0.1365790 seconds
63.403: [GC63.403: [ParNew: 244544K->27136K(244544K), 0.0512750 secs] 595963K->407615K(790016K), 0.0513250 secs] [Times: user=0.37 sys=0.00, real=0.05 secs] 
63.454: Total time for which application threads were stopped: 0.0514930 seconds, Stopping threads took: 0.0000940 seconds
63.458: [CMS-concurrent-mark: 0.138/0.192 secs] [Times: user=1.48 sys=0.00, real=0.19 secs] 
63.458: [CMS-concurrent-preclean-start]
63.550: Application time: 0.0959440 seconds
63.550: [GC63.550: [ParNew: 244544K->27136K(244544K), 0.0728430 secs] 625023K->458871K(790016K), 0.0728940 secs] [Times: user=0.50 sys=0.00, real=0.07 secs] 
63.623: Total time for which application threads were stopped: 0.0730450 seconds, Stopping threads took: 0.0000670 seconds
63.733: Application time: 0.1099000 seconds
63.733: [GC63.733: [ParNew: 244544K->27136K(244544K), 0.0499080 secs] 676279K->488532K(790016K), 0.0499580 secs] [Times: user=0.34 sys=0.00, real=0.05 secs] 
63.783: Total time for which application threads were stopped: 0.0501230 seconds, Stopping threads took: 0.0000970 seconds
63.882: Application time: 0.0988050 seconds
63.882: [GC63.882: [ParNew: 244544K->27136K(244544K), 0.0663480 secs] 705940K->533095K(790016K), 0.0664020 secs] [Times: user=0.46 sys=0.00, real=0.07 secs] 
63.948: Total time for which application threads were stopped: 0.0665640 seconds, Stopping threads took: 0.0000910 seconds
64.056: Application time: 0.1074650 seconds
64.056: [GC64.056: [ParNew: 244485K->244485K(244544K), 0.0000140 secs]64.056: [CMS64.193: [CMS-concurrent-preclean: 0.541/0.735 secs] [Times: user=4.70 sys=0.01, real=0.73 secs] 
 (concurrent mode failure): 505959K->137247K(545472K), 0.5113340 secs] 750445K->137247K(790016K), [CMS Perm : 9091K->9091K(21248K)], 0.5114090 secs] [Times: user=0.51 sys=0.00, real=0.52 secs] 
64.568: Total time for which application threads were stopped: 0.5115720 seconds, Stopping threads took: 0.0000790 seconds
64.672: Application time: 0.1041380 seconds
64.672: [GC64.672: [ParNew: 217408K->27136K(244544K), 0.0296290 secs] 354655K->174042K(790016K), 0.0296760 secs] [Times: user=0.23 sys=0.00, real=0.03 secs] 
64.702: Total time for which application threads were stopped: 0.0299340 seconds, Stopping threads took: 0.0001580 seconds
64.806: Application time: 0.1045060 seconds
64.806: [GC64.806: [ParNew: 244544K->27136K(244544K), 0.0537200 secs] 391450K->212573K(790016K), 0.0537690 secs] [Times: user=0.38 sys=0.00, real=0.05 secs] 
64.860: Total time for which application threads were stopped: 0.0539320 seconds, Stopping threads took: 0.0000940 seconds
64.946: Application time: 0.0856580 seconds
64.946: [GC64.946: [ParNew: 244544K->27136K(244544K), 0.0650580 secs] 429981K->263379K(790016K), 0.0651070 secs] [Times: user=0.45 sys=0.00, real=0.06 secs] 
65.011: Total time for which application threads were stopped: 0.0652600 seconds, Stopping threads took: 0.0000780 seconds
65.098: Application time: 0.0871270 seconds
65.098: [GC65.098: [ParNew: 244544K->27136K(244544K), 0.0669050 secs] 480787K->313294K(790016K), 0.0669500 secs] [Times: user=0.46 sys=0.00, real=0.07 secs] 
65.165: Total time for which application threads were stopped: 0.0671110 seconds, Stopping threads took: 0.0000910 seconds
65.165: Application time: 0.0000530 seconds
65.165: [GC [1 CMS-initial-mark: 286158K(545472K)] 315328K(790016K), 0.0213410 secs] [Times: user=0.02 sys=0.00, real=0.02 secs] 
65.187: Total time for which application threads were stopped: 0.0214550 seconds, Stopping threads took: 0.0000700 seconds
65.187: [CMS-concurrent-mark-start]
65.309: Application time: 0.1221150 seconds
65.309: [GC65.309: [ParNew: 244544K->27136K(244544K), 0.0559830 secs] 530702K->345087K(790016K), 0.0560300 secs] [Times: user=0.39 sys=0.00, real=0.06 secs] 
65.365: Total time for which application threads were stopped: 0.0561920 seconds, Stopping threads took: 0.0000750 seconds
65.448: [CMS-concurrent-mark: 0.205/0.261 secs] [Times: user=2.02 sys=0.00, real=0.26 secs] 
65.448: [CMS-concurrent-preclean-start]
65.494: Application time: 0.1286320 seconds
65.494: [GC65.494: [ParNew: 244544K->27136K(244544K), 0.0503820 secs] 562495K->374293K(790016K), 0.0504290 secs] [Times: user=0.36 sys=0.00, real=0.05 secs] 
65.544: Total time for which application threads were stopped: 0.0505840 seconds, Stopping threads took: 0.0000840 seconds
65.655: Application time: 0.1105000 seconds
65.655: [GC65.655: [ParNew: 244544K->27136K(244544K), 0.0509620 secs] 591701K->403205K(790016K), 0.0510130 secs] [Times: user=0.36 sys=0.00, real=0.06 secs] 
65.706: Total time for which application threads were stopped: 0.0511740 seconds, Stopping threads took: 0.0000880 seconds
65.789: Application time: 0.0829770 seconds
65.789: [GC65.789: [ParNew: 244544K->27136K(244544K), 0.0816600 secs] 620613K->466774K(790016K), 0.0817060 secs] [Times: user=0.56 sys=0.00, real=0.08 secs] 
65.871: Total time for which application threads were stopped: 0.0818910 seconds, Stopping threads took: 0.0001110 seconds
65.980: Application time: 0.1093210 seconds
65.980: [GC65.980: [ParNew: 244544K->27136K(244544K), 0.0618080 secs] 684182K->505411K(790016K), 0.0618560 secs] [Times: user=0.43 sys=0.00, real=0.06 secs] 
66.042: Total time for which application threads were stopped: 0.0620190 seconds, Stopping threads took: 0.0000850 seconds
66.161: Application time: 0.1193510 seconds
66.162: [GC66.162: [ParNew: 244544K->27136K(244544K), 0.0534710 secs] 722819K->534559K(790016K), 0.0535180 secs] [Times: user=0.38 sys=0.00, real=0.05 secs] 
66.215: Total time for which application threads were stopped: 0.0536610 seconds, Stopping threads took: 0.0000740 seconds
66.328: Application time: 0.1132120 seconds
66.329: [GC66.329: [ParNew: 244544K->244544K(244544K), 0.0000150 secs]66.329: [CMS66.499: [CMS-concurrent-preclean: 0.748/1.051 secs] [Times: user=6.91 sys=0.01, real=1.05 secs] 
 (concurrent mode failure): 507423K->120796K(545472K), 0.5268830 secs] 751967K->120796K(790016K), [CMS Perm : 9092K->9092K(21248K)], 0.5269770 secs] [Times: user=0.53 sys=0.00, real=0.53 secs] 
66.857: Total time for which application threads were stopped: 0.5287240 seconds, Stopping threads took: 0.0001350 seconds
66.950: Application time: 0.0928480 seconds
66.950: [GC66.950: [ParNew: 217408K->27136K(244544K), 0.0439000 secs] 338204K->178852K(790016K), 0.0439500 secs] [Times: user=0.31 sys=0.00, real=0.04 secs] 
66.994: Total time for which application threads were stopped: 0.0441250 seconds, Stopping threads took: 0.0000980 seconds
67.082: Application time: 0.0877820 seconds
67.082: [GC67.082: [ParNew: 244544K->27136K(244544K), 0.0655900 secs] 396260K->229139K(790016K), 0.0656410 secs] [Times: user=0.45 sys=0.00, real=0.07 secs] 
67.148: Total time for which application threads were stopped: 0.0658170 seconds, Stopping threads took: 0.0001060 seconds
67.247: Application time: 0.0995290 seconds
67.247: [GC67.247: [ParNew: 244544K->27136K(244544K), 0.0607310 secs] 446547K->267321K(790016K), 0.0607810 secs] [Times: user=0.42 sys=0.00, real=0.06 secs] 
67.308: Total time for which application threads were stopped: 0.0609680 seconds, Stopping threads took: 0.0001110 seconds
67.417: Application time: 0.1090770 seconds
67.417: [GC67.417: [ParNew: 244544K->27136K(244544K), 0.0445010 secs] 484729K->291514K(790016K), 0.0445500 secs] [Times: user=0.31 sys=0.00, real=0.04 secs] 
67.462: Total time for which application threads were stopped: 0.0447050 seconds, Stopping threads took: 0.0000870 seconds
67.552: Application time: 0.0902680 seconds
67.552: [GC67.552: [ParNew: 244544K->27136K(244544K), 0.0612520 secs] 508922K->334048K(790016K), 0.0613010 secs] [Times: user=0.42 sys=0.00, real=0.06 secs] 
67.614: Total time for which application threads were stopped: 0.0614690 seconds, Stopping threads took: 0.0000820 seconds
67.614: Application time: 0.0000390 seconds
67.614: [GC [1 CMS-initial-mark: 306912K(545472K)] 335640K(790016K), 0.0206620 secs] [Times: user=0.02 sys=0.00, real=0.02 secs] 
67.635: Total time for which application threads were stopped: 0.0207850 seconds, Stopping threads took: 0.0000790 seconds
67.635: [CMS-concurrent-mark-start]
67.744: Application time: 0.1095240 seconds
67.744: [GC67.744: [ParNew: 244544K->27136K(244544K), 0.0626910 secs] 551456K->376070K(790016K), 0.0627410 secs] [Times: user=0.43 sys=0.00, real=0.07 secs] 
67.807: Total time for which application threads were stopped: 0.0629040 seconds, Stopping threads took: 0.0000940 seconds
67.870: [CMS-concurrent-mark: 0.173/0.236 secs] [Times: user=1.81 sys=0.00, real=0.24 secs] 
67.870: [CMS-concurrent-preclean-start]
67.916: Application time: 0.1086410 seconds
67.916: [GC67.916: [ParNew: 244544K->27136K(244544K), 0.0718590 secs] 593478K->425542K(790016K), 0.0719100 secs] [Times: user=0.49 sys=0.00, real=0.08 secs] 
67.988: Total time for which application threads were stopped: 0.0720990 seconds, Stopping threads took: 0.0001190 seconds
68.110: Application time: 0.1220310 seconds
68.110: [GC68.110: [ParNew: 244544K->27136K(244544K), 0.0543860 secs] 642950K->455176K(790016K), 0.0544340 secs] [Times: user=0.38 sys=0.00, real=0.05 secs] 
68.164: Total time for which application threads were stopped: 0.0546300 seconds, Stopping threads took: 0.0001120 seconds
68.277: Application time: 0.1122060 seconds
68.281: [GC68.281: [ParNew: 244544K->27136K(244544K), 0.0543710 secs] 672584K->486777K(790016K), 0.0544210 secs] [Times: user=0.38 sys=0.01, real=0.05 secs] 
68.335: Total time for which application threads were stopped: 0.0584080 seconds, Stopping threads took: 0.0039180 seconds
68.431: Application time: 0.0962530 seconds
68.431: [GC68.431: [ParNew: 244544K->27136K(244544K), 0.0673040 secs] 704185K->533198K(790016K), 0.0673530 secs] [Times: user=0.47 sys=0.00, real=0.07 secs] 
68.499: Total time for which application threads were stopped: 0.0675710 seconds, Stopping threads took: 0.0001390 seconds
68.607: Application time: 0.1077480 seconds
68.607: [GC68.607: [ParNew: 244544K->244544K(244544K), 0.0000150 secs]68.607: [CMS68.771: [CMS-concurrent-preclean: 0.644/0.901 secs] [Times: user=5.76 sys=0.01, real=0.90 secs] 
 (concurrent mode failure): 506062K->126605K(545472K), 0.5140790 secs] 750606K->126605K(790016K), [CMS Perm : 9094K->9094K(21248K)], 0.5141530 secs] [Times: user=0.51 sys=0.00, real=0.51 secs] 
69.121: Total time for which application threads were stopped: 0.5143410 seconds, Stopping threads took: 0.0001160 seconds
69.211: Application time: 0.0899270 seconds
69.211: [GC69.211: [ParNew: 217408K->27136K(244544K), 0.0433170 secs] 344013K->183400K(790016K), 0.0433660 secs] [Times: user=0.31 sys=0.00, real=0.04 secs] 
69.254: Total time for which application threads were stopped: 0.0436250 seconds, Stopping threads took: 0.0001550 seconds
69.362: Application time: 0.1071770 seconds
69.362: [GC69.362: [ParNew: 244544K->27136K(244544K), 0.0480650 secs] 400808K->212830K(790016K), 0.0481130 secs] [Times: user=0.34 sys=0.00, real=0.05 secs] 
69.410: Total time for which application threads were stopped: 0.0483450 seconds, Stopping threads took: 0.0001400 seconds
69.500: Application time: 0.0899460 seconds
69.500: [GC69.500: [ParNew: 244544K->27136K(244544K), 0.0554390 secs] 430238K->251929K(790016K), 0.0554900 secs] [Times: user=0.38 sys=0.00, real=0.05 secs] 
69.556: Total time for which application threads were stopped: 0.0557040 seconds, Stopping threads took: 0.0001420 seconds
69.649: Application time: 0.0931890 seconds
69.649: [GC69.649: [ParNew: 244544K->27136K(244544K), 0.0611890 secs] 469337K->295535K(790016K), 0.0612360 secs] [Times: user=0.42 sys=0.00, real=0.06 secs] 
69.710: Total time for which application threads were stopped: 0.0614120 seconds, Stopping threads took: 0.0001080 seconds
69.710: Application time: 0.0000380 seconds
69.710: [GC [1 CMS-initial-mark: 268399K(545472K)] 295975K(790016K), 0.0212140 secs] [Times: user=0.02 sys=0.00, real=0.02 secs] 
69.732: Total time for which application threads were stopped: 0.0213040 seconds, Stopping threads took: 0.0000480 seconds
69.732: [CMS-concurrent-mark-start]
69.851: Application time: 0.1197960 seconds
69.852: [GC69.852: [ParNew: 244544K->27136K(244544K), 0.0632960 secs] 512943K->336197K(790016K), 0.0633540 secs] [Times: user=0.45 sys=0.00, real=0.06 secs] 
69.915: Total time for which application threads were stopped: 0.0635320 seconds, Stopping threads took: 0.0000960 seconds
69.918: [CMS-concurrent-mark: 0.123/0.186 secs] [Times: user=1.41 sys=0.01, real=0.19 secs] 
69.918: [CMS-concurrent-preclean-start]
70.027: Application time: 0.1117970 seconds
70.027: [GC70.027: [ParNew: 244544K->27136K(244544K), 0.0648960 secs] 553605K->377859K(790016K), 0.0649450 secs] [Times: user=0.45 sys=0.00, real=0.06 secs] 
70.092: Total time for which application threads were stopped: 0.0651570 seconds, Stopping threads took: 0.0001420 seconds
70.208: Application time: 0.1162550 seconds
70.208: [GC70.208: [ParNew: 244544K->27136K(244544K), 0.0510690 secs] 595267K->406412K(790016K), 0.0511160 secs] [Times: user=0.36 sys=0.00, real=0.05 secs] 
70.259: Total time for which application threads were stopped: 0.0512580 seconds, Stopping threads took: 0.0000720 seconds
70.354: Application time: 0.0943200 seconds
70.354: [GC70.354: [ParNew: 244544K->27136K(244544K), 0.0714050 secs] 623820K->457736K(790016K), 0.0714540 secs] [Times: user=0.49 sys=0.00, real=0.08 secs] 
70.425: Total time for which application threads were stopped: 0.0716360 seconds, Stopping threads took: 0.0001020 seconds
70.537: Application time: 0.1113490 seconds
70.537: [GC70.537: [ParNew: 244544K->27136K(244544K), 0.0570090 secs] 675144K->492823K(790016K), 0.0570590 secs] [Times: user=0.40 sys=0.00, real=0.05 secs] 
70.594: Total time for which application threads were stopped: 0.0572320 seconds, Stopping threads took: 0.0001050 seconds
70.695: Application time: 0.1006880 seconds
70.695: [GC70.695: [ParNew: 244544K->27136K(244544K), 0.0655810 secs] 710231K->536541K(790016K), 0.0656310 secs] [Times: user=0.45 sys=0.01, real=0.07 secs] 
70.760: Total time for which application threads were stopped: 0.0658100 seconds, Stopping threads took: 0.0001020 seconds
70.896: Application time: 0.1355920 seconds
70.896: [GC70.896: [ParNew: 244544K->244544K(244544K), 0.0000150 secs]70.896: [CMS71.058: [CMS-concurrent-preclean: 0.824/1.140 secs] [Times: user=7.65 sys=0.01, real=1.14 secs] 
 (concurrent mode failure): 509405K->109530K(545472K), 0.4812770 secs] 753949K->109530K(790016K), [CMS Perm : 9094K->9094K(21248K)], 0.4813510 secs] [Times: user=0.49 sys=0.00, real=0.49 secs] 
71.378: Total time for which application threads were stopped: 0.4815480 seconds, Stopping threads took: 0.0001130 seconds
71.464: Application time: 0.0861740 seconds
71.464: [GC71.464: [ParNew: 217408K->27136K(244544K), 0.0441650 secs] 326938K->168575K(790016K), 0.0442140 secs] [Times: user=0.31 sys=0.00, real=0.05 secs] 
71.508: Total time for which application threads were stopped: 0.0446010 seconds, Stopping threads took: 0.0003050 seconds
71.601: Application time: 0.0926970 seconds
71.601: [GC71.601: [ParNew: 244544K->27136K(244544K), 0.0598860 secs] 385983K->213973K(790016K), 0.0599330 secs] [Times: user=0.42 sys=0.00, real=0.06 secs] 
71.661: Total time for which application threads were stopped: 0.0601000 seconds, Stopping threads took: 0.0001020 seconds
71.744: Application time: 0.0830580 seconds
71.744: [GC71.744: [ParNew: 244544K->27135K(244544K), 0.0658830 secs] 431381K->264185K(790016K), 0.0659330 secs] [Times: user=0.45 sys=0.00, real=0.07 secs] 
71.810: Total time for which application threads were stopped: 0.0661080 seconds, Stopping threads took: 0.0001060 seconds
71.836: Application time: 0.0261060 seconds
71.837: [GC [1 CMS-initial-mark: 237050K(545472K)] 317739K(790016K), 0.0546400 secs] [Times: user=0.05 sys=0.00, real=0.05 secs] 
71.892: Total time for which application threads were stopped: 0.0553630 seconds, Stopping threads took: 0.0006670 seconds
71.892: [CMS-concurrent-mark-start]
72.009: Application time: 0.1175080 seconds
72.009: [GC72.010: [ParNew: 244543K->27134K(244544K), 0.0492450 secs] 481593K->288974K(790016K), 0.0493020 secs] [Times: user=0.35 sys=0.00, real=0.05 secs] 
72.059: Total time for which application threads were stopped: 0.0494690 seconds, Stopping threads took: 0.0000840 seconds
72.123: [CMS-concurrent-mark: 0.182/0.231 secs] [Times: user=1.80 sys=0.00, real=0.23 secs] 
72.123: [CMS-concurrent-preclean-start]
72.161: Application time: 0.1023460 seconds
72.161: [GC72.161: [ParNew: 244542K->27136K(244544K), 0.0660080 secs] 506382K->331462K(790016K), 0.0660580 secs] [Times: user=0.46 sys=0.00, real=0.07 secs] 
72.227: Total time for which application threads were stopped: 0.0662400 seconds, Stopping threads took: 0.0000930 seconds
72.333: Application time: 0.1060490 seconds
72.334: [GC72.334: [ParNew: 244544K->27136K(244544K), 0.0576510 secs] 548870K->367885K(790016K), 0.0577030 secs] [Times: user=0.40 sys=0.01, real=0.06 secs] 
72.391: Total time for which application threads were stopped: 0.0578710 seconds, Stopping threads took: 0.0000970 seconds
72.498: Application time: 0.1065870 seconds
72.498: [GC72.498: [ParNew: 244544K->27136K(244544K), 0.0702960 secs] 585293K->414304K(790016K), 0.0703520 secs] [Times: user=0.49 sys=0.00, real=0.07 secs] 
72.568: Total time for which application threads were stopped: 0.0705650 seconds, Stopping threads took: 0.0001420 seconds
72.692: Application time: 0.1235470 seconds
72.697: [GC72.697: [ParNew: 244544K->27136K(244544K), 0.0493230 secs] 631712K->439837K(790016K), 0.0493690 secs] [Times: user=0.35 sys=0.00, real=0.05 secs] 
72.746: Total time for which application threads were stopped: 0.0540030 seconds, Stopping threads took: 0.0045320 seconds
72.844: Application time: 0.0981440 seconds
72.844: [GC72.844: [ParNew: 244544K->27136K(244544K), 0.0652680 secs] 657245K->483016K(790016K), 0.0653180 secs] [Times: user=0.45 sys=0.00, real=0.07 secs] 
72.910: Total time for which application threads were stopped: 0.0654780 seconds, Stopping threads took: 0.0000900 seconds
73.026: Application time: 0.1158500 seconds
73.026: [GC73.026: [ParNew: 244544K->27136K(244544K), 0.0555730 secs] 700424K->516545K(790016K), 0.0556200 secs] [Times: user=0.39 sys=0.00, real=0.05 secs] 
73.081: Total time for which application threads were stopped: 0.0557780 seconds, Stopping threads took: 0.0000900 seconds
73.179: Application time: 0.0974200 seconds
73.179: [GC73.179: [ParNew: 244544K->27136K(244544K), 0.0700930 secs] 733953K->564199K(790016K), 0.0701420 secs] [Times: user=0.48 sys=0.00, real=0.07 secs] 
73.249: Total time for which application threads were stopped: 0.0702750 seconds, Stopping threads took: 0.0000610 seconds
73.370: Application time: 0.1208430 seconds
73.370: [GC73.370: [ParNew: 244544K->244544K(244544K), 0.0000130 secs]73.370: [CMS73.573: [CMS-concurrent-preclean: 1.005/1.450 secs] [Times: user=9.65 sys=0.04, real=1.45 secs] 
 (concurrent mode failure): 537063K->123521K(545472K), 0.5741190 secs] 781607K->123521K(790016K), [CMS Perm : 9095K->9095K(21248K)], 0.5741900 secs] [Times: user=0.57 sys=0.00, real=0.57 secs] 
73.944: Total time for which application threads were stopped: 0.5743890 seconds, Stopping threads took: 0.0001150 seconds
74.030: Application time: 0.0855920 seconds
74.030: [GC74.030: [ParNew: 217408K->27136K(244544K), 0.0431480 secs] 340929K->182223K(790016K), 0.0431960 secs] [Times: user=0.31 sys=0.00, real=0.04 secs] 
74.073: Total time for which application threads were stopped: 0.0434590 seconds, Stopping threads took: 0.0001810 seconds
74.175: Application time: 0.1016020 seconds
74.175: [GC74.175: [ParNew: 244544K->27136K(244544K), 0.0507610 secs] 399631K->213162K(790016K), 0.0508090 secs] [Times: user=0.36 sys=0.00, real=0.06 secs] 
74.226: Total time for which application threads were stopped: 0.0510390 seconds, Stopping threads took: 0.0001400 seconds
74.317: Application time: 0.0911310 seconds
74.317: [GC74.317: [ParNew: 244544K->27136K(244544K), 0.0630780 secs] 430570K->260979K(790016K), 0.0631290 secs] [Times: user=0.43 sys=0.00, real=0.06 secs] 
74.380: Total time for which application threads were stopped: 0.0633030 seconds, Stopping threads took: 0.0000940 seconds
74.480: Application time: 0.0996320 seconds
74.480: [GC74.480: [ParNew: 244544K->27135K(244544K), 0.0568020 secs] 478387K->296958K(790016K), 0.0568510 secs] [Times: user=0.40 sys=0.00, real=0.06 secs] 
74.537: Total time for which application threads were stopped: 0.0570060 seconds, Stopping threads took: 0.0000830 seconds
74.552: Application time: 0.0154780 seconds
74.553: [GC [1 CMS-initial-mark: 269823K(545472K)] 326239K(790016K), 0.0409490 secs] [Times: user=0.04 sys=0.00, real=0.04 secs] 
74.594: Total time for which application threads were stopped: 0.0411020 seconds, Stopping threads took: 0.0000890 seconds
74.594: [CMS-concurrent-mark-start]
74.688: Application time: 0.0944670 seconds
74.688: [GC74.688: [ParNew: 244543K->27136K(244544K), 0.0567310 secs] 514366K->331921K(790016K), 0.0567770 secs] [Times: user=0.39 sys=0.00, real=0.06 secs] 
74.745: Total time for which application threads were stopped: 0.0568960 seconds, Stopping threads took: 0.0000510 seconds
74.851: Application time: 0.1060260 seconds
74.851: [GC74.851: [ParNew: 244544K->27136K(244544K), 0.0611230 secs] 549329K->371829K(790016K), 0.0611730 secs] [Times: user=0.43 sys=0.00, real=0.06 secs] 
74.912: Total time for which application threads were stopped: 0.0613150 seconds, Stopping threads took: 0.0000720 seconds
75.033: Application time: 0.1204640 seconds
75.033: [GC75.033: [ParNew: 244544K->27136K(244544K), 0.0580710 secs] 589237K->406617K(790016K), 0.0581230 secs] [Times: user=0.41 sys=0.00, real=0.06 secs] 
75.091: Total time for which application threads were stopped: 0.0583050 seconds, Stopping threads took: 0.0001110 seconds
75.157: [CMS-concurrent-mark: 0.384/0.564 secs] [Times: user=4.30 sys=0.01, real=0.57 secs] 
75.157: [CMS-concurrent-preclean-start]
75.191: Application time: 0.0998760 seconds
75.191: [GC75.191: [ParNew: 244544K->27136K(244544K), 0.0695960 secs] 624025K->456014K(790016K), 0.0696440 secs] [Times: user=0.48 sys=0.00, real=0.07 secs] 
75.261: Total time for which application threads were stopped: 0.0698350 seconds, Stopping threads took: 0.0001100 seconds
75.385: Application time: 0.1240900 seconds
75.385: [GC75.385: [ParNew: 244544K->27134K(244544K), 0.0538730 secs] 673422K->487625K(790016K), 0.0539200 secs] [Times: user=0.38 sys=0.00, real=0.05 secs] 
75.439: Total time for which application threads were stopped: 0.0541010 seconds, Stopping threads took: 0.0001090 seconds
75.548: Application time: 0.1087490 seconds
75.548: [GC75.548: [ParNew: 244542K->27136K(244544K), 0.0553220 secs] 705033K->520103K(790016K), 0.0553720 secs] [Times: user=0.39 sys=0.00, real=0.05 secs] 
75.603: Total time for which application threads were stopped: 0.0554920 seconds, Stopping threads took: 0.0000500 seconds
75.705: Application time: 0.1013550 seconds
75.705: [GC75.705: [ParNew: 244544K->27136K(244544K), 0.0610360 secs] 737511K->560765K(790016K), 0.0610880 secs] [Times: user=0.42 sys=0.00, real=0.06 secs] 
75.766: Total time for which application threads were stopped: 0.0613220 seconds, Stopping threads took: 0.0001500 seconds
75.872: Application time: 0.1064720 seconds
75.873: [GC75.873: [ParNew: 244544K->244544K(244544K), 0.0000140 secs]75.873: [CMS76.045: [CMS-concurrent-preclean: 0.645/0.888 secs] [Times: user=5.63 sys=0.01, real=0.89 secs] 
 (concurrent mode failure): 533629K->139751K(545472K), 0.5745550 secs] 778173K->139751K(790016K), [CMS Perm : 9097K->9097K(21248K)], 0.5746310 secs] [Times: user=0.58 sys=0.00, real=0.58 secs] 
76.447: Total time for which application threads were stopped: 0.5748680 seconds, Stopping threads took: 0.0001440 seconds
76.547: Application time: 0.0996480 seconds
76.547: [GC76.547: [ParNew: 217408K->27136K(244544K), 0.0321970 secs] 357159K->181982K(790016K), 0.0322470 secs] [Times: user=0.24 sys=0.00, real=0.03 secs] 
76.579: Total time for which application threads were stopped: 0.0325380 seconds, Stopping threads took: 0.0002010 seconds
76.675: Application time: 0.0958410 seconds
76.675: [GC76.675: [ParNew: 244544K->27136K(244544K), 0.0560670 secs] 399390K->224370K(790016K), 0.0561290 secs] [Times: user=0.39 sys=0.00, real=0.06 secs] 
76.732: Total time for which application threads were stopped: 0.0563100 seconds, Stopping threads took: 0.0001110 seconds
76.831: Application time: 0.0991430 seconds
76.831: [GC76.831: [ParNew: 244544K->27136K(244544K), 0.0568110 secs] 441778K->261479K(790016K), 0.0568610 secs] [Times: user=0.40 sys=0.00, real=0.06 secs] 
76.888: Total time for which application threads were stopped: 0.0570420 seconds, Stopping threads took: 0.0001090 seconds
76.975: Application time: 0.0872290 seconds
76.975: [GC76.975: [ParNew: 244544K->27136K(244544K), 0.0611350 secs] 478887K->306479K(790016K), 0.0611930 secs] [Times: user=0.42 sys=0.00, real=0.07 secs] 
77.038: Total time for which application threads were stopped: 0.0628800 seconds, Stopping threads took: 0.0000850 seconds
77.060: Application time: 0.0225480 seconds
77.065: [GC [1 CMS-initial-mark: 279343K(545472K)] 356749K(790016K), 0.0507340 secs] [Times: user=0.05 sys=0.00, real=0.04 secs] 
77.115: Total time for which application threads were stopped: 0.0548340 seconds, Stopping threads took: 0.0040340 seconds
77.115: [CMS-concurrent-mark-start]
77.205: Application time: 0.0892110 seconds
77.205: [GC77.205: [ParNew: 244544K->27134K(244544K), 0.0646640 secs] 523887K->348888K(790016K), 0.0647160 secs] [Times: user=0.45 sys=0.00, real=0.06 secs] 
77.269: Total time for which application threads were stopped: 0.0648680 seconds, Stopping threads took: 0.0000810 seconds
77.387: Application time: 0.1180270 seconds
77.388: [GC77.388: [ParNew: 244542K->27134K(244544K), 0.0533170 secs] 566296K->378586K(790016K), 0.0533650 secs] [Times: user=0.37 sys=0.00, real=0.05 secs] 
77.441: Total time for which application threads were stopped: 0.0535330 seconds, Stopping threads took: 0.0001000 seconds
77.533: [CMS-concurrent-mark: 0.298/0.417 secs] [Times: user=3.21 sys=0.01, real=0.42 secs] 
77.533: [CMS-concurrent-preclean-start]
77.565: Application time: 0.1243200 seconds
77.565: [GC77.565: [ParNew: 244542K->27136K(244544K), 0.0539420 secs] 595994K->410080K(790016K), 0.0539900 secs] [Times: user=0.37 sys=0.00, real=0.05 secs] 
77.619: Total time for which application threads were stopped: 0.0541420 seconds, Stopping threads took: 0.0000810 seconds
77.721: Application time: 0.1016780 seconds
77.721: [GC77.721: [ParNew: 244544K->27135K(244544K), 0.0607260 secs] 627488K->450324K(790016K), 0.0607750 secs] [Times: user=0.43 sys=0.00, real=0.06 secs] 
77.782: Total time for which application threads were stopped: 0.0609550 seconds, Stopping threads took: 0.0000990 seconds
77.875: Application time: 0.0930940 seconds
77.875: [GC77.875: [ParNew: 244543K->27135K(244544K), 0.0649980 secs] 667732K->494163K(790016K), 0.0650470 secs] [Times: user=0.44 sys=0.00, real=0.07 secs] 
77.940: Total time for which application threads were stopped: 0.0652190 seconds, Stopping threads took: 0.0001020 seconds
78.054: Application time: 0.1135900 seconds
78.054: [GC78.054: [ParNew: 244543K->27134K(244544K), 0.0568060 secs] 711571K->528104K(790016K), 0.0568550 secs] [Times: user=0.40 sys=0.00, real=0.06 secs] 
78.111: Total time for which application threads were stopped: 0.0570480 seconds, Stopping threads took: 0.0001210 seconds
78.218: Application time: 0.1065410 seconds
78.218: [GC78.218: [ParNew: 244542K->244542K(244544K), 0.0000140 secs]78.218: [CMS78.388: [CMS-concurrent-preclean: 0.615/0.855 secs] [Times: user=5.38 sys=0.01, real=0.86 secs] 
 (concurrent mode failure): 500970K->135650K(545472K), 0.5287730 secs] 745512K->135650K(790016K), [CMS Perm : 9097K->9097K(21248K)], 0.5288500 secs] [Times: user=0.53 sys=0.00, real=0.53 secs] 
78.747: Total time for which application threads were stopped: 0.5290210 seconds, Stopping threads took: 0.0001000 seconds
78.850: Application time: 0.1032710 seconds
78.850: [GC78.850: [ParNew: 217408K->27136K(244544K), 0.0307800 secs] 353058K->175100K(790016K), 0.0308300 secs] [Times: user=0.23 sys=0.00, real=0.03 secs] 
78.881: Total time for which application threads were stopped: 0.0310240 seconds, Stopping threads took: 0.0000810 seconds
78.973: Application time: 0.0919480 seconds
78.973: [GC78.973: [ParNew: 244544K->27136K(244544K), 0.0683580 secs] 392508K->232461K(790016K), 0.0684070 secs] [Times: user=0.47 sys=0.00, real=0.07 secs] 
79.041: Total time for which application threads were stopped: 0.0686260 seconds, Stopping threads took: 0.0001270 seconds
79.136: Application time: 0.0946830 seconds
79.136: [GC79.136: [ParNew: 244544K->27136K(244544K), 0.0610720 secs] 449869K->273855K(790016K), 0.0611200 secs] [Times: user=0.43 sys=0.00, real=0.07 secs] 
79.197: Total time for which application threads were stopped: 0.0612720 seconds, Stopping threads took: 0.0000820 seconds
79.293: Application time: 0.0954200 seconds
79.293: [GC79.293: [ParNew: 244544K->27135K(244544K), 0.0513220 secs] 491263K->306739K(790016K), 0.0513710 secs] [Times: user=0.35 sys=0.00, real=0.05 secs] 
79.344: Total time for which application threads were stopped: 0.0515680 seconds, Stopping threads took: 0.0001260 seconds
79.353: Application time: 0.0081200 seconds
79.353: [GC [1 CMS-initial-mark: 279604K(545472K)] 328137K(790016K), 0.0312060 secs] [Times: user=0.03 sys=0.00, real=0.03 secs] 
79.384: Total time for which application threads were stopped: 0.0313520 seconds, Stopping threads took: 0.0000860 seconds
79.384: [CMS-concurrent-mark-start]
79.501: Application time: 0.1169420 seconds
79.501: [GC79.501: [ParNew: 244543K->27136K(244544K), 0.0541930 secs] 524147K->339253K(790016K), 0.0542440 secs] [Times: user=0.38 sys=0.00, real=0.05 secs] 
79.555: Total time for which application threads were stopped: 0.0543910 seconds, Stopping threads took: 0.0000720 seconds
79.609: [CMS-concurrent-mark: 0.170/0.225 secs] [Times: user=1.74 sys=0.00, real=0.23 secs] 
79.609: [CMS-concurrent-preclean-start]
79.656: Application time: 0.1003960 seconds
79.656: [GC79.656: [ParNew: 244544K->27136K(244544K), 0.0715420 secs] 556661K->390388K(790016K), 0.0715900 secs] [Times: user=0.49 sys=0.00, real=0.08 secs] 
79.727: Total time for which application threads were stopped: 0.0717770 seconds, Stopping threads took: 0.0001150 seconds
79.834: Application time: 0.1064390 seconds
79.834: [GC79.834: [ParNew: 244544K->27136K(244544K), 0.0649360 secs] 607796K->431789K(790016K), 0.0649860 secs] [Times: user=0.45 sys=0.00, real=0.07 secs] 
79.899: Total time for which application threads were stopped: 0.0651480 seconds, Stopping threads took: 0.0000880 seconds
80.020: Application time: 0.1213960 seconds
80.021: [GC80.021: [ParNew: 244544K->27136K(244544K), 0.0507200 secs] 649197K->459109K(790016K), 0.0507670 secs] [Times: user=0.36 sys=0.00, real=0.05 secs] 
80.071: Total time for which application threads were stopped: 0.0509320 seconds, Stopping threads took: 0.0000820 seconds
80.190: Application time: 0.1188770 seconds
80.190: [GC80.190: [ParNew: 244544K->27136K(244544K), 0.0484980 secs] 676517K->485099K(790016K), 0.0485460 secs] [Times: user=0.34 sys=0.00, real=0.05 secs] 
80.239: Total time for which application threads were stopped: 0.0486810 seconds, Stopping threads took: 0.0000630 seconds
80.321: Application time: 0.0823940 seconds
80.321: [GC80.321: [ParNew: 244544K->27136K(244544K), 0.0750200 secs] 702507K->541087K(790016K), 0.0750690 secs] [Times: user=0.51 sys=0.00, real=0.08 secs] 
80.397: Total time for which application threads were stopped: 0.0752250 seconds, Stopping threads took: 0.0000840 seconds
80.500: Application time: 0.1030970 seconds
80.500: [GC80.500: [ParNew: 244544K->244544K(244544K), 0.0000150 secs]80.500: [CMS80.687: [CMS-concurrent-preclean: 0.762/1.078 secs] [Times: user=6.97 sys=0.01, real=1.08 secs] 
 (concurrent mode failure): 513951K->146665K(545472K), 0.5707710 secs] 758495K->146665K(790016K), [CMS Perm : 9098K->9098K(21248K)], 0.5708450 secs] [Times: user=0.57 sys=0.00, real=0.57 secs] 
81.071: Total time for which application threads were stopped: 0.5710200 seconds, Stopping threads took: 0.0001010 seconds
81.177: Application time: 0.1062030 seconds
81.177: [GC81.177: [ParNew: 217408K->27136K(244544K), 0.0272740 secs] 364073K->181565K(790016K), 0.0273340 secs] [Times: user=0.21 sys=0.00, real=0.02 secs] 
81.204: Total time for which application threads were stopped: 0.0275360 seconds, Stopping threads took: 0.0001150 seconds
81.307: Application time: 0.1029640 seconds
81.308: [GC81.308: [ParNew: 244544K->27136K(244544K), 0.0492830 secs] 398973K->214603K(790016K), 0.0493300 secs] [Times: user=0.35 sys=0.00, real=0.05 secs] 
81.357: Total time for which application threads were stopped: 0.0496400 seconds, Stopping threads took: 0.0002360 seconds
81.444: Application time: 0.0869790 seconds
81.444: [GC81.444: [ParNew: 244544K->27136K(244544K), 0.0646200 secs] 432011K->266960K(790016K), 0.0646660 secs] [Times: user=0.45 sys=0.00, real=0.07 secs] 
81.509: Total time for which application threads were stopped: 0.0648220 seconds, Stopping threads took: 0.0000840 seconds
81.591: Application time: 0.0825400 seconds
81.592: [GC81.592: [ParNew: 244544K->27136K(244544K), 0.0716780 secs] 484368K->320457K(790016K), 0.0717270 secs] [Times: user=0.49 sys=0.00, real=0.07 secs] 
81.663: Total time for which application threads were stopped: 0.0719360 seconds, Stopping threads took: 0.0001340 seconds
81.688: Application time: 0.0251880 seconds
81.689: [GC [1 CMS-initial-mark: 293321K(545472K)] 379319K(790016K), 0.0580070 secs] [Times: user=0.06 sys=0.00, real=0.06 secs] 
81.747: Total time for which application threads were stopped: 0.0581920 seconds, Stopping threads took: 0.0001130 seconds
81.747: [CMS-concurrent-mark-start]
81.845: Application time: 0.0979200 seconds
81.845: [GC81.845: [ParNew: 244544K->27136K(244544K), 0.0524000 secs] 537865K->349304K(790016K), 0.0524460 secs] [Times: user=0.37 sys=0.00, real=0.05 secs] 
81.897: Total time for which application threads were stopped: 0.0526030 seconds, Stopping threads took: 0.0000840 seconds
82.022: Application time: 0.1246610 seconds
82.022: [GC82.022: [ParNew: 244484K->27136K(244544K), 0.0481670 secs] 566652K->374806K(790016K), 0.0482230 secs] [Times: user=0.35 sys=0.00, real=0.05 secs] 
82.070: Total time for which application threads were stopped: 0.0484080 seconds, Stopping threads took: 0.0000720 seconds
82.145: [CMS-concurrent-mark: 0.295/0.398 secs] [Times: user=3.08 sys=0.00, real=0.40 secs] 
82.145: [CMS-concurrent-preclean-start]
82.177: Application time: 0.1072160 seconds
82.178: [GC82.178: [ParNew: 244544K->27136K(244544K), 0.0604890 secs] 592214K->414579K(790016K), 0.0605380 secs] [Times: user=0.42 sys=0.00, real=0.06 secs] 
82.238: Total time for which application threads were stopped: 0.0607310 seconds, Stopping threads took: 0.0001210 seconds
82.328: Application time: 0.0897660 seconds
82.328: [GC82.328: [ParNew: 244544K->27136K(244544K), 0.0787710 secs] 631987K->472498K(790016K), 0.0788210 secs] [Times: user=0.54 sys=0.00, real=0.08 secs] 
82.407: Total time for which application threads were stopped: 0.0790030 seconds, Stopping threads took: 0.0000940 seconds
82.524: Application time: 0.1173380 seconds
82.524: [GC82.524: [ParNew: 244544K->27136K(244544K), 0.0551800 secs] 689906K->500290K(790016K), 0.0552310 secs] [Times: user=0.40 sys=0.00, real=0.05 secs] 
82.580: Total time for which application threads were stopped: 0.0553830 seconds, Stopping threads took: 0.0000720 seconds
82.705: Application time: 0.1252810 seconds
82.705: [GC82.705: [ParNew: 244544K->27136K(244544K), 0.0468910 secs] 717698K->526030K(790016K), 0.0469400 secs] [Times: user=0.33 sys=0.00, real=0.04 secs] 
82.752: Total time for which application threads were stopped: 0.0470770 seconds, Stopping threads took: 0.0000640 seconds
82.840: Application time: 0.0881590 seconds
82.840: [GC82.840: [ParNew: 244544K->244544K(244544K), 0.0000160 secs]82.840: [CMS82.993: [CMS-concurrent-preclean: 0.604/0.848 secs] [Times: user=5.46 sys=0.00, real=0.84 secs] 
 (concurrent mode failure): 498894K->119568K(545472K), 0.4588680 secs] 743438K->119568K(790016K), [CMS Perm : 9100K->9100K(21248K)], 0.4589420 secs] [Times: user=0.46 sys=0.00, real=0.46 secs] 
83.299: Total time for which application threads were stopped: 0.4591240 seconds, Stopping threads took: 0.0000790 seconds
83.388: Application time: 0.0889110 seconds
83.388: [GC83.388: [ParNew: 217408K->27136K(244544K), 0.0567790 secs] 336976K->188879K(790016K), 0.0568290 secs] [Times: user=0.40 sys=0.00, real=0.06 secs] 
83.445: Total time for which application threads were stopped: 0.0570290 seconds, Stopping threads took: 0.0001050 seconds
83.552: Application time: 0.1070250 seconds
83.552: [GC83.552: [ParNew: 244544K->27136K(244544K), 0.0522120 secs] 406287K->217091K(790016K), 0.0522590 secs] [Times: user=0.37 sys=0.00, real=0.06 secs] 
83.605: Total time for which application threads were stopped: 0.0524220 seconds, Stopping threads took: 0.0000920 seconds
83.716: Application time: 0.1110270 seconds
83.716: [GC83.716: [ParNew: 244544K->27136K(244544K), 0.0469230 secs] 434499K->241397K(790016K), 0.0469730 secs] [Times: user=0.34 sys=0.00, real=0.05 secs] 
83.763: Total time for which application threads were stopped: 0.0471380 seconds, Stopping threads took: 0.0000930 seconds
83.847: Application time: 0.0836280 seconds
83.847: [GC83.847: [ParNew: 244544K->27136K(244544K), 0.0605800 secs] 458805K->286616K(790016K), 0.0606300 secs] [Times: user=0.42 sys=0.00, real=0.06 secs] 
83.907: Total time for which application threads were stopped: 0.0608250 seconds, Stopping threads took: 0.0001210 seconds
83.926: Application time: 0.0181510 seconds
83.929: [GC [1 CMS-initial-mark: 259480K(545472K)] 344726K(790016K), 0.0422560 secs] [Times: user=0.04 sys=0.00, real=0.04 secs] 
83.971: Total time for which application threads were stopped: 0.0452760 seconds, Stopping threads took: 0.0029510 seconds
83.971: [CMS-concurrent-mark-start]
84.062: Application time: 0.0907600 seconds
84.062: [GC84.062: [ParNew: 244544K->27136K(244544K), 0.0731540 secs] 504024K->338738K(790016K), 0.0732050 secs] [Times: user=0.50 sys=0.00, real=0.07 secs] 
84.135: Total time for which application threads were stopped: 0.0733900 seconds, Stopping threads took: 0.0001130 seconds
84.238: [CMS-concurrent-mark: 0.194/0.267 secs] [Times: user=2.05 sys=0.00, real=0.27 secs] 
84.238: [CMS-concurrent-preclean-start]
84.263: Application time: 0.1283140 seconds
84.263: [GC84.263: [ParNew: 244544K->27136K(244544K), 0.0586670 secs] 556146K->372967K(790016K), 0.0587150 secs] [Times: user=0.41 sys=0.00, real=0.06 secs] 
84.322: Total time for which application threads were stopped: 0.0589000 seconds, Stopping threads took: 0.0001130 seconds
84.436: Application time: 0.1138440 seconds
84.436: [GC84.436: [ParNew: 244544K->27136K(244544K), 0.0533400 secs] 590375K->404261K(790016K), 0.0533880 secs] [Times: user=0.38 sys=0.00, real=0.06 secs] 
84.490: Total time for which application threads were stopped: 0.0535720 seconds, Stopping threads took: 0.0001010 seconds
84.595: Application time: 0.1055260 seconds
84.595: [GC84.595: [ParNew: 244544K->27136K(244544K), 0.0585300 secs] 621669K->441988K(790016K), 0.0585780 secs] [Times: user=0.40 sys=0.00, real=0.06 secs] 
84.654: Total time for which application threads were stopped: 0.0587760 seconds, Stopping threads took: 0.0001270 seconds
84.755: Application time: 0.1013300 seconds
84.755: [GC84.755: [ParNew: 244544K->27136K(244544K), 0.0674770 secs] 659396K->487434K(790016K), 0.0675290 secs] [Times: user=0.47 sys=0.00, real=0.07 secs] 
84.823: Total time for which application threads were stopped: 0.0677210 seconds, Stopping threads took: 0.0001190 seconds
84.949: Application time: 0.1256920 seconds
84.949: [GC84.949: [ParNew: 244544K->27136K(244544K), 0.0494810 secs] 704842K->514154K(790016K), 0.0495290 secs] [Times: user=0.35 sys=0.00, real=0.05 secs] 
84.998: Total time for which application threads were stopped: 0.0497170 seconds, Stopping threads took: 0.0001020 seconds
85.101: Application time: 0.1027920 seconds
85.101: [GC85.101: [ParNew: 244544K->27136K(244544K), 0.0654560 secs] 731562K->557424K(790016K), 0.0655040 secs] [Times: user=0.45 sys=0.00, real=0.07 secs] 
85.167: Total time for which application threads were stopped: 0.0656760 seconds, Stopping threads took: 0.0001020 seconds
85.268: Application time: 0.1007800 seconds
85.268: [GC85.268: [ParNew: 244544K->244544K(244544K), 0.0000130 secs]85.268: [CMS85.434: [CMS-concurrent-preclean: 0.837/1.196 secs] [Times: user=8.02 sys=0.03, real=1.19 secs] 
 (concurrent mode failure): 530288K->139097K(545472K), 0.5418720 secs] 774832K->139097K(790016K), [CMS Perm : 9100K->9100K(21248K)], 0.5419510 secs] [Times: user=0.54 sys=0.00, real=0.54 secs] 
85.810: Total time for which application threads were stopped: 0.5420930 seconds, Stopping threads took: 0.0000680 seconds
85.904: Application time: 0.0944430 seconds
85.904: [GC85.904: [ParNew: 217408K->27136K(244544K), 0.0345840 secs] 356505K->184968K(790016K), 0.0346330 secs] [Times: user=0.24 sys=0.00, real=0.04 secs] 
85.939: Total time for which application threads were stopped: 0.0347820 seconds, Stopping threads took: 0.0000640 seconds
86.042: Application time: 0.1031730 seconds
86.042: [GC86.042: [ParNew: 244544K->27136K(244544K), 0.0497140 secs] 402376K->217232K(790016K), 0.0497630 secs] [Times: user=0.35 sys=0.00, real=0.05 secs] 
86.092: Total time for which application threads were stopped: 0.0499460 seconds, Stopping threads took: 0.0001020 seconds
86.189: Application time: 0.0965030 seconds
86.189: [GC86.189: [ParNew: 244544K->27136K(244544K), 0.0575050 secs] 434640K->255849K(790016K), 0.0575550 secs] [Times: user=0.40 sys=0.00, real=0.06 secs] 
86.246: Total time for which application threads were stopped: 0.0577250 seconds, Stopping threads took: 0.0000960 seconds
86.328: Application time: 0.0816270 seconds
86.328: [GC86.328: [ParNew: 244544K->27136K(244544K), 0.0641180 secs] 473257K->304593K(790016K), 0.0641690 secs] [Times: user=0.44 sys=0.00, real=0.06 secs] 
86.392: Total time for which application threads were stopped: 0.0643250 seconds, Stopping threads took: 0.0000820 seconds
86.392: Application time: 0.0001010 seconds
86.393: [GC [1 CMS-initial-mark: 277457K(545472K)] 307525K(790016K), 0.0205460 secs] [Times: user=0.00 sys=0.02, real=0.02 secs] 
86.413: Total time for which application threads were stopped: 0.0206880 seconds, Stopping threads took: 0.0000920 seconds
86.413: [CMS-concurrent-mark-start]
86.541: Application time: 0.1283310 seconds
86.542: [GC86.542: [ParNew: 244544K->27136K(244544K), 0.0519580 secs] 522001K->335719K(790016K), 0.0520100 secs] [Times: user=0.37 sys=0.00, real=0.05 secs] 
86.594: Total time for which application threads were stopped: 0.0521790 seconds, Stopping threads took: 0.0000800 seconds
86.636: [CMS-concurrent-mark: 0.171/0.223 secs] [Times: user=1.71 sys=0.00, real=0.22 secs] 
86.636: [CMS-concurrent-preclean-start]
86.711: Application time: 0.1176020 seconds
86.711: [GC86.711: [ParNew: 244544K->27136K(244544K), 0.0573690 secs] 553127K->370780K(790016K), 0.0574170 secs] [Times: user=0.40 sys=0.00, real=0.06 secs] 
86.769: Total time for which application threads were stopped: 0.0575850 seconds, Stopping threads took: 0.0000950 seconds
86.887: Application time: 0.1177300 seconds
86.887: [GC86.887: [ParNew: 244544K->27136K(244544K), 0.0510470 secs] 588188K->398913K(790016K), 0.0510920 secs] [Times: user=0.36 sys=0.00, real=0.05 secs] 
86.938: Total time for which application threads were stopped: 0.0512140 seconds, Stopping threads took: 0.0000500 seconds
87.023: Application time: 0.0855810 seconds
87.025: [GC87.025: [ParNew: 244544K->27136K(244544K), 0.0764350 secs] 616321K->456553K(790016K), 0.0764890 secs] [Times: user=0.52 sys=0.00, real=0.07 secs] 
87.101: Total time for which application threads were stopped: 0.0777500 seconds, Stopping threads took: 0.0011790 seconds
87.197: Application time: 0.0960130 seconds
87.197: [GC87.197: [ParNew: 244544K->27136K(244544K), 0.0703890 secs] 673961K->504346K(790016K), 0.0704380 secs] [Times: user=0.49 sys=0.00, real=0.07 secs] 
87.268: Total time for which application threads were stopped: 0.0706240 seconds, Stopping threads took: 0.0001040 seconds
87.386: Application time: 0.1179220 seconds
87.386: [GC87.386: [ParNew: 244544K->27136K(244544K), 0.0577320 secs] 721754K->537415K(790016K), 0.0577910 secs] [Times: user=0.41 sys=0.00, real=0.05 secs] 
87.444: Total time for which application threads were stopped: 0.0579430 seconds, Stopping threads took: 0.0000810 seconds
87.568: Application time: 0.1243300 seconds
87.568: [GC87.568: [ParNew: 244544K->244544K(244544K), 0.0000150 secs]87.568: [CMS87.746: [CMS-concurrent-preclean: 0.790/1.110 secs] [Times: user=7.30 sys=0.01, real=1.12 secs] 
 (concurrent mode failure): 510279K->118964K(545472K), 0.5146450 secs] 754823K->118964K(790016K), [CMS Perm : 9103K->9103K(21248K)], 0.5147180 secs] [Times: user=0.52 sys=0.00, real=0.51 secs] 
88.083: Total time for which application threads were stopped: 0.5148750 seconds, Stopping threads took: 0.0000780 seconds
88.175: Application time: 0.0922070 seconds
88.175: [GC88.175: [ParNew: 217408K->27136K(244544K), 0.0385060 secs] 336372K->169280K(790016K), 0.0385550 secs] [Times: user=0.27 sys=0.00, real=0.04 secs] 
88.214: Total time for which application threads were stopped: 0.0387130 seconds, Stopping threads took: 0.0000720 seconds
88.296: Application time: 0.0824310 seconds
88.296: [GC88.296: [ParNew: 244544K->27136K(244544K), 0.0699290 secs] 386688K->228731K(790016K), 0.0699790 secs] [Times: user=0.48 sys=0.00, real=0.08 secs] 
88.366: Total time for which application threads were stopped: 0.0701520 seconds, Stopping threads took: 0.0001000 seconds
88.462: Application time: 0.0958790 seconds
88.462: [GC88.462: [ParNew: 244544K->27136K(244544K), 0.0624120 secs] 446139K->271477K(790016K), 0.0624610 secs] [Times: user=0.43 sys=0.00, real=0.07 secs] 
88.525: Total time for which application threads were stopped: 0.0626370 seconds, Stopping threads took: 0.0001030 seconds
88.525: Application time: 0.0001100 seconds
88.525: [GC [1 CMS-initial-mark: 244341K(545472K)] 275009K(790016K), 0.0237730 secs] [Times: user=0.03 sys=0.00, real=0.02 secs] 
88.549: Total time for which application threads were stopped: 0.0239110 seconds, Stopping threads took: 0.0000880 seconds
88.549: [CMS-concurrent-mark-start]
88.681: Application time: 0.1325720 seconds
88.682: [GC88.682: [ParNew: 244544K->27134K(244544K), 0.0544440 secs] 488885K->301243K(790016K), 0.0544940 secs] [Times: user=0.39 sys=0.00, real=0.05 secs] 
88.736: Total time for which application threads were stopped: 0.0547300 seconds, Stopping threads took: 0.0001290 seconds
88.788: [CMS-concurrent-mark: 0.184/0.239 secs] [Times: user=1.84 sys=0.00, real=0.24 secs] 
88.788: [CMS-concurrent-preclean-start]
88.849: Application time: 0.1125070 seconds
88.849: [GC88.849: [ParNew: 244542K->27136K(244544K), 0.0552690 secs] 518651K->335589K(790016K), 0.0553160 secs] [Times: user=0.39 sys=0.00, real=0.05 secs] 
88.904: Total time for which application threads were stopped: 0.0555050 seconds, Stopping threads took: 0.0001180 seconds
89.022: Application time: 0.1175960 seconds
89.022: [GC89.022: [ParNew: 244544K->27136K(244544K), 0.0557960 secs] 552997K->368301K(790016K), 0.0558470 secs] [Times: user=0.39 sys=0.00, real=0.06 secs] 
89.078: Total time for which application threads were stopped: 0.0560040 seconds, Stopping threads took: 0.0000810 seconds
89.176: Application time: 0.0984090 seconds
89.176: [GC89.176: [ParNew: 244544K->27136K(244544K), 0.0669350 secs] 585709K->413171K(790016K), 0.0669830 secs] [Times: user=0.47 sys=0.00, real=0.07 secs] 
89.243: Total time for which application threads were stopped: 0.0671250 seconds, Stopping threads took: 0.0000680 seconds
89.344: Application time: 0.1007040 seconds
89.344: [GC89.344: [ParNew: 244544K->27136K(244544K), 0.0676640 secs] 630579K->457070K(790016K), 0.0677110 secs] [Times: user=0.48 sys=0.00, real=0.07 secs] 
89.412: Total time for which application threads were stopped: 0.0678990 seconds, Stopping threads took: 0.0001060 seconds
89.514: Application time: 0.1025360 seconds
89.515: [GC89.515: [ParNew: 244544K->27136K(244544K), 0.0665550 secs] 674478K->497792K(790016K), 0.0666010 secs] [Times: user=0.46 sys=0.00, real=0.07 secs] 
89.581: Total time for which application threads were stopped: 0.0668110 seconds, Stopping threads took: 0.0001400 seconds
89.704: Application time: 0.1230660 seconds
89.705: [GC89.705: [ParNew: 244544K->27134K(244544K), 0.0477000 secs] 715200K->522808K(790016K), 0.0477580 secs] [Times: user=0.34 sys=0.00, real=0.04 secs] 
89.752: Total time for which application threads were stopped: 0.0479500 seconds, Stopping threads took: 0.0001000 seconds
89.856: Application time: 0.1038250 seconds
89.856: [GC89.856: [ParNew: 244542K->27136K(244544K), 0.0567470 secs] 740216K->558714K(790016K), 0.0567950 secs] [Times: user=0.39 sys=0.00, real=0.06 secs] 
89.913: Total time for which application threads were stopped: 0.0569780 seconds, Stopping threads took: 0.0000970 seconds
90.021: Application time: 0.1079370 seconds
90.021: [GC90.021: [ParNew: 244544K->244544K(244544K), 0.0000120 secs]90.021: [CMS90.205: [CMS-concurrent-preclean: 0.993/1.416 secs] [Times: user=9.62 sys=0.01, real=1.42 secs] 
 (concurrent mode failure): 531578K->133572K(545472K), 0.5707860 secs] 776122K->133572K(790016K), [CMS Perm : 9104K->9104K(21248K)], 0.5708580 secs] [Times: user=0.57 sys=0.00, real=0.57 secs] 
90.592: Total time for which application threads were stopped: 0.5710000 seconds, Stopping threads took: 0.0000680 seconds
90.679: Application time: 0.0870230 seconds
90.679: [GC90.679: [ParNew: 217408K->27136K(244544K), 0.0401710 secs] 350980K->188128K(790016K), 0.0402200 secs] [Times: user=0.29 sys=0.00, real=0.04 secs] 
90.720: Total time for which application threads were stopped: 0.0404380 seconds, Stopping threads took: 0.0001350 seconds
90.830: Application time: 0.1106980 seconds
90.830: [GC90.830: [ParNew: 244544K->27136K(244544K), 0.0504940 secs] 405536K->215690K(790016K), 0.0505440 secs] [Times: user=0.37 sys=0.00, real=0.05 secs] 
90.881: Total time for which application threads were stopped: 0.0508470 seconds, Stopping threads took: 0.0002090 seconds
90.972: Application time: 0.0907730 seconds
90.973: [GC90.973: [ParNew: 244544K->27136K(244544K), 0.0572930 secs] 433098K->256621K(790016K), 0.0573430 secs] [Times: user=0.40 sys=0.00, real=0.06 secs] 
91.030: Total time for which application threads were stopped: 0.0580810 seconds, Stopping threads took: 0.0006660 seconds
91.119: Application time: 0.0891570 seconds
91.119: [GC91.119: [ParNew: 244544K->27136K(244544K), 0.0638840 secs] 474029K->304951K(790016K), 0.0639330 secs] [Times: user=0.43 sys=0.01, real=0.06 secs] 
91.183: Total time for which application threads were stopped: 0.0641310 seconds, Stopping threads took: 0.0001230 seconds
91.200: Application time: 0.0172800 seconds
91.202: [GC [1 CMS-initial-mark: 277815K(545472K)] 346293K(790016K), 0.0427040 secs] [Times: user=0.04 sys=0.00, real=0.05 secs] 
91.245: Total time for which application threads were stopped: 0.0442570 seconds, Stopping threads took: 0.0014830 seconds
91.245: [CMS-concurrent-mark-start]
91.339: Application time: 0.0942450 seconds
91.339: [GC91.339: [ParNew: 244544K->27136K(244544K), 0.0656730 secs] 522359K->347354K(790016K), 0.0657220 secs] [Times: user=0.45 sys=0.00, real=0.07 secs] 
91.405: Total time for which application threads were stopped: 0.0658710 seconds, Stopping threads took: 0.0000740 seconds
91.516: Application time: 0.1109600 seconds
91.516: [GC91.516: [ParNew: 244544K->27136K(244544K), 0.0569920 secs] 564762K->379727K(790016K), 0.0570430 secs] [Times: user=0.40 sys=0.00, real=0.06 secs] 
91.573: Total time for which application threads were stopped: 0.0573190 seconds, Stopping threads took: 0.0001970 seconds
91.672: [CMS-concurrent-mark: 0.304/0.427 secs] [Times: user=3.27 sys=0.00, real=0.42 secs] 
91.672: [CMS-concurrent-preclean-start]
91.701: Application time: 0.1279200 seconds
91.701: [GC91.701: [ParNew: 244544K->27136K(244544K), 0.0506430 secs] 597135K->408385K(790016K), 0.0506930 secs] [Times: user=0.36 sys=0.00, real=0.05 secs] 
91.752: Total time for which application threads were stopped: 0.0508820 seconds, Stopping threads took: 0.0001160 seconds
91.847: Application time: 0.0954990 seconds
91.848: [GC91.848: [ParNew: 244457K->27136K(244544K), 0.0663280 secs] 625706K->454829K(790016K), 0.0663840 secs] [Times: user=0.46 sys=0.00, real=0.06 secs] 
91.914: Total time for which application threads were stopped: 0.0665330 seconds, Stopping threads took: 0.0000640 seconds
92.013: Application time: 0.0989210 seconds
92.013: [GC92.013: [ParNew: 244544K->27136K(244544K), 0.0678470 secs] 672237K->501162K(790016K), 0.0678950 secs] [Times: user=0.47 sys=0.00, real=0.07 secs] 
92.081: Total time for which application threads were stopped: 0.0680470 seconds, Stopping threads took: 0.0000790 seconds
92.192: Application time: 0.1107130 seconds
92.192: [GC92.192: [ParNew: 244544K->27136K(244544K), 0.0633580 secs] 718570K->538777K(790016K), 0.0634140 secs] [Times: user=0.44 sys=0.00, real=0.06 secs] 
92.255: Total time for which application threads were stopped: 0.0635640 seconds, Stopping threads took: 0.0000750 seconds
92.385: Application time: 0.1297250 seconds
92.389: [GC92.389: [ParNew: 244544K->244544K(244544K), 0.0000160 secs]92.389: [CMS92.571: [CMS-concurrent-preclean: 0.645/0.900 secs] [Times: user=5.62 sys=0.01, real=0.90 secs] 
 (concurrent mode failure): 511641K->116464K(545472K), 0.5465230 secs] 756185K->116464K(790016K), [CMS Perm : 9104K->9104K(21248K)], 0.5465960 secs] [Times: user=0.55 sys=0.00, real=0.54 secs] 
92.935: Total time for which application threads were stopped: 0.5501850 seconds, Stopping threads took: 0.0035030 seconds
93.020: Application time: 0.0851670 seconds
93.020: [GC93.021: [ParNew: 217408K->27136K(244544K), 0.0410530 secs] 333872K->172716K(790016K), 0.0411000 secs] [Times: user=0.29 sys=0.00, real=0.04 secs] 
93.062: Total time for which application threads were stopped: 0.0412850 seconds, Stopping threads took: 0.0001000 seconds
93.143: Application time: 0.0815670 seconds
93.143: [GC93.143: [ParNew: 244544K->27136K(244544K), 0.0713500 secs] 390124K->233485K(790016K), 0.0714000 secs] [Times: user=0.49 sys=0.00, real=0.07 secs] 
93.215: Total time for which application threads were stopped: 0.0715790 seconds, Stopping threads took: 0.0001050 seconds
93.311: Application time: 0.0960840 seconds
93.311: [GC93.311: [ParNew: 244477K->27136K(244544K), 0.0617860 secs] 450826K->274229K(790016K), 0.0618340 secs] [Times: user=0.42 sys=0.00, real=0.06 secs] 
93.373: Total time for which application threads were stopped: 0.0620000 seconds, Stopping threads took: 0.0000940 seconds
93.373: Application time: 0.0000990 seconds
93.373: [GC [1 CMS-initial-mark: 247093K(545472K)] 277875K(790016K), 0.0211940 secs] [Times: user=0.02 sys=0.00, real=0.02 secs] 
93.394: Total time for which application threads were stopped: 0.0213450 seconds, Stopping threads took: 0.0001010 seconds
93.394: [CMS-concurrent-mark-start]
93.533: Application time: 0.1386110 seconds
93.533: [GC93.533: [ParNew: 244544K->27135K(244544K), 0.0498350 secs] 491637K->301135K(790016K), 0.0498830 secs] [Times: user=0.36 sys=0.00, real=0.05 secs] 
93.583: Total time for which application threads were stopped: 0.0500700 seconds, Stopping threads took: 0.0001090 seconds
93.633: [CMS-concurrent-mark: 0.189/0.239 secs] [Times: user=1.86 sys=0.00, real=0.24 secs] 
93.633: [CMS-concurrent-preclean-start]
93.689: Application time: 0.1060020 seconds
93.689: [GC93.689: [ParNew: 244543K->27136K(244544K), 0.0547880 secs] 518543K->334324K(790016K), 0.0548380 secs] [Times: user=0.38 sys=0.00, real=0.05 secs] 
93.744: Total time for which application threads were stopped: 0.0549980 seconds, Stopping threads took: 0.0000870 seconds
93.839: Application time: 0.0947780 seconds
93.841: [GC93.841: [ParNew: 244544K->27136K(244544K), 0.0766940 secs] 551732K->388520K(790016K), 0.0767430 secs] [Times: user=0.53 sys=0.00, real=0.08 secs] 
93.917: Total time for which application threads were stopped: 0.0785430 seconds, Stopping threads took: 0.0017290 seconds
94.027: Application time: 0.1100250 seconds
94.027: [GC94.027: [ParNew: 244544K->27136K(244544K), 0.0649400 secs] 605928K->428202K(790016K), 0.0650000 secs] [Times: user=0.46 sys=0.00, real=0.06 secs] 
94.092: Total time for which application threads were stopped: 0.0651440 seconds, Stopping threads took: 0.0000730 seconds
94.211: Application time: 0.1185420 seconds
94.211: [GC94.211: [ParNew: 244544K->27136K(244544K), 0.0503180 secs] 645610K->455652K(790016K), 0.0503740 secs] [Times: user=0.35 sys=0.00, real=0.05 secs] 
94.262: Total time for which application threads were stopped: 0.0505640 seconds, Stopping threads took: 0.0001010 seconds
94.368: Application time: 0.1059390 seconds
94.368: [GC94.368: [ParNew: 244544K->27136K(244544K), 0.0625570 secs] 673060K->495673K(790016K), 0.0626060 secs] [Times: user=0.44 sys=0.00, real=0.06 secs] 
94.430: Total time for which application threads were stopped: 0.0628010 seconds, Stopping threads took: 0.0001220 seconds
94.536: Application time: 0.1054340 seconds
94.536: [GC94.536: [ParNew: 244544K->27136K(244544K), 0.0559020 secs] 713081K->530681K(790016K), 0.0559520 secs] [Times: user=0.39 sys=0.00, real=0.06 secs] 
94.592: Total time for which application threads were stopped: 0.0561040 seconds, Stopping threads took: 0.0000790 seconds
94.688: Application time: 0.0964700 seconds
94.689: [GC94.689: [ParNew: 244544K->244544K(244544K), 0.0000120 secs]94.689: [CMS94.874: [CMS-concurrent-preclean: 0.868/1.241 secs] [Times: user=8.19 sys=0.03, real=1.24 secs] 
 (concurrent mode failure): 503545K->137313K(545472K), 0.5688270 secs] 748089K->137313K(790016K), [CMS Perm : 9105K->9105K(21248K)], 0.5688980 secs] [Times: user=0.57 sys=0.00, real=0.57 secs] 
95.257: Total time for which application threads were stopped: 0.5690660 seconds, Stopping threads took: 0.0000930 seconds
95.357: Application time: 0.0991070 seconds
95.357: [GC95.357: [ParNew: 217408K->27136K(244544K), 0.0359790 secs] 354721K->183464K(790016K), 0.0360300 secs] [Times: user=0.27 sys=0.00, real=0.03 secs] 
95.393: Total time for which application threads were stopped: 0.0362400 seconds, Stopping threads took: 0.0001300 seconds
95.492: Application time: 0.0993830 seconds
95.492: [GC95.492: [ParNew: 244544K->27136K(244544K), 0.0556060 secs] 400872K->222118K(790016K), 0.0556570 secs] [Times: user=0.39 sys=0.00, real=0.06 secs] 
95.548: Total time for which application threads were stopped: 0.0558000 seconds, Stopping threads took: 0.0000690 seconds
95.650: Application time: 0.1024010 seconds
95.651: [GC95.651: [ParNew: 244544K->27136K(244544K), 0.0488170 secs] 439526K->251696K(790016K), 0.0488670 secs] [Times: user=0.34 sys=0.00, real=0.05 secs] 
95.699: Total time for which application threads were stopped: 0.0490710 seconds, Stopping threads took: 0.0001300 seconds
95.787: Application time: 0.0873040 seconds
95.787: [GC95.787: [ParNew: 244544K->27136K(244544K), 0.0724100 secs] 469104K->309453K(790016K), 0.0724620 secs] [Times: user=0.49 sys=0.01, real=0.07 secs] 
95.859: Total time for which application threads were stopped: 0.0726470 seconds, Stopping threads took: 0.0001110 seconds
95.859: Application time: 0.0000480 seconds
95.860: [GC [1 CMS-initial-mark: 282317K(545472K)] 310739K(790016K), 0.0213270 secs] [Times: user=0.02 sys=0.00, real=0.02 secs] 
95.881: Total time for which application threads were stopped: 0.0214500 seconds, Stopping threads took: 0.0000640 seconds
95.881: [CMS-concurrent-mark-start]
95.987: Application time: 0.1058070 seconds
95.987: [GC95.987: [ParNew: 244544K->27136K(244544K), 0.0686840 secs] 526861K->354268K(790016K), 0.0687310 secs] [Times: user=0.48 sys=0.00, real=0.06 secs] 
96.056: Total time for which application threads were stopped: 0.0688710 seconds, Stopping threads took: 0.0000680 seconds
96.165: [CMS-concurrent-mark: 0.215/0.284 secs] [Times: user=2.19 sys=0.00, real=0.29 secs] 
96.165: [CMS-concurrent-preclean-start]
96.192: Application time: 0.1365990 seconds
96.192: [GC96.192: [ParNew: 244544K->27136K(244544K), 0.0468260 secs] 571676K->378887K(790016K), 0.0468770 secs] [Times: user=0.33 sys=0.00, real=0.05 secs] 
96.239: Total time for which application threads were stopped: 0.0470380 seconds, Stopping threads took: 0.0000870 seconds
96.344: Application time: 0.1048060 seconds
96.344: [GC96.344: [ParNew: 244461K->27136K(244544K), 0.0613530 secs] 596213K->415415K(790016K), 0.0614130 secs] [Times: user=0.43 sys=0.00, real=0.07 secs] 
96.406: Total time for which application threads were stopped: 0.0615760 seconds, Stopping threads took: 0.0000870 seconds
96.517: Application time: 0.1109380 seconds
96.517: [GC96.517: [ParNew: 244544K->27136K(244544K), 0.0544400 secs] 632823K->447525K(790016K), 0.0544880 secs] [Times: user=0.38 sys=0.00, real=0.05 secs] 
96.571: Total time for which application threads were stopped: 0.0546780 seconds, Stopping threads took: 0.0001030 seconds
96.667: Application time: 0.0959710 seconds
96.667: [GC96.667: [ParNew: 244544K->27136K(244544K), 0.0700900 secs] 664933K->495273K(790016K), 0.0701390 secs] [Times: user=0.48 sys=0.00, real=0.07 secs] 
96.738: Total time for which application threads were stopped: 0.0703100 seconds, Stopping threads took: 0.0000960 seconds
96.844: Application time: 0.1064970 seconds
96.844: [GC96.844: [ParNew: 244544K->27136K(244544K), 0.0614930 secs] 712681K->534523K(790016K), 0.0615410 secs] [Times: user=0.43 sys=0.00, real=0.07 secs] 
96.906: Total time for which application threads were stopped: 0.0617090 seconds, Stopping threads took: 0.0000960 seconds
97.024: Application time: 0.1178640 seconds
97.024: [GC97.024: [ParNew: 244544K->244544K(244544K), 0.0000160 secs]97.024: [CMS97.191: [CMS-concurrent-preclean: 0.726/1.025 secs] [Times: user=6.72 sys=0.01, real=1.02 secs] 
 (concurrent mode failure): 507387K->119992K(545472K), 0.5011870 secs] 751931K->119992K(790016K), [CMS Perm : 9106K->9106K(21248K)], 0.5012640 secs] [Times: user=0.50 sys=0.00, real=0.51 secs] 
97.525: Total time for which application threads were stopped: 0.5014840 seconds, Stopping threads took: 0.0001320 seconds
97.623: Application time: 0.0982890 seconds
97.624: [GC97.624: [ParNew: 217408K->27136K(244544K), 0.0393480 secs] 337400K->169883K(790016K), 0.0393990 secs] [Times: user=0.28 sys=0.00, real=0.04 secs] 
97.663: Total time for which application threads were stopped: 0.0396170 seconds, Stopping threads took: 0.0001130 seconds
97.752: Application time: 0.0888450 seconds
97.752: [GC97.752: [ParNew: 244544K->27136K(244544K), 0.0615900 secs] 387291K->218359K(790016K), 0.0616380 secs] [Times: user=0.42 sys=0.00, real=0.06 secs] 
97.814: Total time for which application threads were stopped: 0.0618170 seconds, Stopping threads took: 0.0001050 seconds
97.910: Application time: 0.0961850 seconds
97.910: [GC97.910: [ParNew: 244544K->27136K(244544K), 0.0571570 secs] 435767K->256781K(790016K), 0.0572060 secs] [Times: user=0.39 sys=0.00, real=0.06 secs] 
97.967: Total time for which application threads were stopped: 0.0573580 seconds, Stopping threads took: 0.0000800 seconds
98.065: Application time: 0.0979380 seconds
98.065: [GC98.065: [ParNew: 244544K->27135K(244544K), 0.0590560 secs] 474189K->294715K(790016K), 0.0591050 secs] [Times: user=0.41 sys=0.00, real=0.05 secs] 
98.124: Total time for which application threads were stopped: 0.0592950 seconds, Stopping threads took: 0.0001040 seconds
98.129: Application time: 0.0040650 seconds
98.129: [GC [1 CMS-initial-mark: 267579K(545472K)] 304319K(790016K), 0.0277930 secs] [Times: user=0.02 sys=0.00, real=0.03 secs] 
98.156: Total time for which application threads were stopped: 0.0279450 seconds, Stopping threads took: 0.0000810 seconds
98.156: [CMS-concurrent-mark-start]
98.264: Application time: 0.1074680 seconds
98.265: [GC98.265: [ParNew: 244543K->27134K(244544K), 0.0621170 secs] 512123K->333880K(790016K), 0.0621660 secs] [Times: user=0.43 sys=0.00, real=0.06 secs] 
98.327: Total time for which application threads were stopped: 0.0633770 seconds, Stopping threads took: 0.0011180 seconds
98.423: [CMS-concurrent-mark: 0.203/0.267 secs] [Times: user=2.04 sys=0.01, real=0.26 secs] 
98.423: [CMS-concurrent-preclean-start]
98.459: Application time: 0.1321430 seconds
98.460: [GC98.460: [ParNew: 244542K->27134K(244544K), 0.0559800 secs] 551288K->362552K(790016K), 0.0560300 secs] [Times: user=0.40 sys=0.00, real=0.05 secs] 
98.516: Total time for which application threads were stopped: 0.0562160 seconds, Stopping threads took: 0.0001130 seconds
98.610: Application time: 0.0943840 seconds
98.610: [GC98.610: [ParNew: 244235K->27136K(244544K), 0.0654010 secs] 579653K->407419K(790016K), 0.0654560 secs] [Times: user=0.45 sys=0.00, real=0.06 secs] 
98.676: Total time for which application threads were stopped: 0.0656280 seconds, Stopping threads took: 0.0001010 seconds
98.786: Application time: 0.1099840 seconds
98.786: [GC98.786: [ParNew: 244544K->27136K(244544K), 0.0583670 secs] 624827K->443985K(790016K), 0.0584170 secs] [Times: user=0.41 sys=0.00, real=0.05 secs] 
98.844: Total time for which application threads were stopped: 0.0586420 seconds, Stopping threads took: 0.0001410 seconds
98.953: Application time: 0.1084010 seconds
98.953: [GC98.953: [ParNew: 244544K->27136K(244544K), 0.0636800 secs] 661393K->483820K(790016K), 0.0637300 secs] [Times: user=0.45 sys=0.00, real=0.07 secs] 
99.017: Total time for which application threads were stopped: 0.0639040 seconds, Stopping threads took: 0.0001020 seconds
99.127: Application time: 0.1105450 seconds
99.127: [GC99.127: [ParNew: 244544K->27136K(244544K), 0.0619050 secs] 701228K->522952K(790016K), 0.0619510 secs] [Times: user=0.43 sys=0.00, real=0.06 secs] 
99.189: Total time for which application threads were stopped: 0.0621650 seconds, Stopping threads took: 0.0001410 seconds
99.303: Application time: 0.1134280 seconds
99.303: [GC99.303: [ParNew: 244544K->27136K(244544K), 0.0547140 secs] 740360K->554021K(790016K), 0.0547630 secs] [Times: user=0.39 sys=0.00, real=0.06 secs] 
99.358: Total time for which application threads were stopped: 0.0549810 seconds, Stopping threads took: 0.0001320 seconds
99.455: Application time: 0.0971010 seconds
99.455: [GC99.455: [ParNew: 244544K->244544K(244544K), 0.0000150 secs]99.455: [CMS99.626: [CMS-concurrent-preclean: 0.837/1.203 secs] [Times: user=8.05 sys=0.01, real=1.21 secs] 
 (concurrent mode failure): 526885K->144165K(545472K), 0.5579210 secs] 771429K->144165K(790016K), [CMS Perm : 9106K->9106K(21248K)], 0.5579930 secs] [Times: user=0.56 sys=0.00, real=0.56 secs] 
100.013: Total time for which application threads were stopped: 0.5581670 seconds, Stopping threads took: 0.0001010 seconds
100.109: Application time: 0.0956190 seconds
100.109: [GC100.109: [ParNew: 217408K->27136K(244544K), 0.0282130 secs] 361573K->183285K(790016K), 0.0282610 secs] [Times: user=0.21 sys=0.00, real=0.03 secs] 
100.137: Total time for which application threads were stopped: 0.0284970 seconds, Stopping threads took: 0.0001330 seconds
100.228: Application time: 0.0909120 seconds
100.228: [GC100.228: [ParNew: 244544K->27136K(244544K), 0.0621930 secs] 400693K->234721K(790016K), 0.0622420 secs] [Times: user=0.43 sys=0.00, real=0.06 secs] 
100.290: Total time for which application threads were stopped: 0.0623920 seconds, Stopping threads took: 0.0000810 seconds
100.392: Application time: 0.1014420 seconds
100.392: [GC100.392: [ParNew: 244544K->27136K(244544K), 0.0524540 secs] 452129K->266346K(790016K), 0.0525010 secs] [Times: user=0.37 sys=0.00, real=0.06 secs] 
100.445: Total time for which application threads were stopped: 0.0526750 seconds, Stopping threads took: 0.0001020 seconds
100.528: Application time: 0.0836120 seconds
100.528: [GC100.528: [ParNew: 244544K->27136K(244544K), 0.0666700 secs] 483754K->316126K(790016K), 0.0667200 secs] [Times: user=0.45 sys=0.01, real=0.06 secs] 
100.595: Total time for which application threads were stopped: 0.0668980 seconds, Stopping threads took: 0.0001050 seconds
100.595: Application time: 0.0000740 seconds
100.595: [GC [1 CMS-initial-mark: 288990K(545472K)] 319133K(790016K), 0.0210330 secs] [Times: user=0.02 sys=0.00, real=0.02 secs] 
100.616: Total time for which application threads were stopped: 0.0211510 seconds, Stopping threads took: 0.0000690 seconds
100.616: [CMS-concurrent-mark-start]
100.742: Application time: 0.1253360 seconds
100.742: [GC100.742: [ParNew: 244544K->27136K(244544K), 0.0569600 secs] 533534K->350035K(790016K), 0.0570060 secs] [Times: user=0.40 sys=0.00, real=0.06 secs] 
100.799: Total time for which application threads were stopped: 0.0571450 seconds, Stopping threads took: 0.0000510 seconds
100.889: [CMS-concurrent-mark: 0.215/0.272 secs] [Times: user=2.10 sys=0.01, real=0.28 secs] 
100.889: [CMS-concurrent-preclean-start]
100.899: Application time: 0.1001550 seconds
100.899: [GC100.899: [ParNew: 244544K->27136K(244544K), 0.0764440 secs] 567443K->404034K(790016K), 0.0764960 secs] [Times: user=0.52 sys=0.00, real=0.07 secs] 
100.976: Total time for which application threads were stopped: 0.0766610 seconds, Stopping threads took: 0.0000940 seconds
101.100: Application time: 0.1242870 seconds
101.100: [GC101.100: [ParNew: 244544K->27136K(244544K), 0.0478100 secs] 621442K->428584K(790016K), 0.0478580 secs] [Times: user=0.34 sys=0.00, real=0.05 secs] 
101.148: Total time for which application threads were stopped: 0.0480430 seconds, Stopping threads took: 0.0001120 seconds
101.253: Application time: 0.1049020 seconds
101.253: [GC101.253: [ParNew: 244544K->27136K(244544K), 0.0598240 secs] 645992K->466118K(790016K), 0.0598740 secs] [Times: user=0.41 sys=0.00, real=0.06 secs] 
101.313: Total time for which application threads were stopped: 0.0600480 seconds, Stopping threads took: 0.0000890 seconds
101.419: Application time: 0.1060580 seconds
101.419: [GC101.419: [ParNew: 244544K->27136K(244544K), 0.0638610 secs] 683526K->507681K(790016K), 0.0639120 secs] [Times: user=0.45 sys=0.00, real=0.06 secs] 
101.483: Total time for which application threads were stopped: 0.0640570 seconds, Stopping threads took: 0.0000710 seconds
101.587: Application time: 0.1041750 seconds
101.587: [GC101.587: [ParNew: 244544K->27136K(244544K), 0.0671390 secs] 725089K->551355K(790016K), 0.0671890 secs] [Times: user=0.47 sys=0.00, real=0.06 secs] 
101.655: Total time for which application threads were stopped: 0.0673660 seconds, Stopping threads took: 0.0001050 seconds
101.784: Application time: 0.1289930 seconds
101.784: [GC101.784: [ParNew: 244544K->244544K(244544K), 0.0000130 secs]101.784: [CMS101.973: [CMS-concurrent-preclean: 0.765/1.084 secs] [Times: user=7.01 sys=0.01, real=1.08 secs] 
 (concurrent mode failure): 524219K->118323K(545472K), 0.5530650 secs] 768763K->118323K(790016K), [CMS Perm : 9106K->9106K(21248K)], 0.5531340 secs] [Times: user=0.55 sys=0.00, real=0.56 secs] 
102.337: Total time for which application threads were stopped: 0.5532750 seconds, Stopping threads took: 0.0000570 seconds
102.420: Application time: 0.0830610 seconds
102.420: [GC102.420: [ParNew: 217408K->27136K(244544K), 0.0435550 secs] 335731K->178061K(790016K), 0.0436050 secs] [Times: user=0.30 sys=0.00, real=0.04 secs] 
102.464: Total time for which application threads were stopped: 0.0438010 seconds, Stopping threads took: 0.0001120 seconds
102.561: Application time: 0.0971860 seconds
102.561: [GC102.561: [ParNew: 244544K->27136K(244544K), 0.0613120 secs] 395469K->216682K(790016K), 0.0613640 secs] [Times: user=0.42 sys=0.00, real=0.06 secs] 
102.622: Total time for which application threads were stopped: 0.0615100 seconds, Stopping threads took: 0.0000740 seconds
102.705: Application time: 0.0827910 seconds
102.705: [GC102.705: [ParNew: 244544K->27136K(244544K), 0.0671640 secs] 434090K->268921K(790016K), 0.0672130 secs] [Times: user=0.46 sys=0.00, real=0.06 secs] 
102.773: Total time for which application threads were stopped: 0.0674070 seconds, Stopping threads took: 0.0001210 seconds
102.773: Application time: 0.0000640 seconds
102.773: [GC [1 CMS-initial-mark: 241785K(545472K)] 270933K(790016K), 0.0205250 secs] [Times: user=0.02 sys=0.00, real=0.02 secs] 
102.793: Total time for which application threads were stopped: 0.0206360 seconds, Stopping threads took: 0.0000610 seconds
102.793: [CMS-concurrent-mark-start]
102.926: Application time: 0.1324950 seconds
102.926: [GC102.926: [ParNew: 244544K->27135K(244544K), 0.0495850 secs] 486329K->295574K(790016K), 0.0496360 secs] [Times: user=0.35 sys=0.00, real=0.04 secs] 
102.976: Total time for which application threads were stopped: 0.0498150 seconds, Stopping threads took: 0.0000950 seconds
103.074: [CMS-concurrent-mark: 0.230/0.281 secs] [Times: user=2.18 sys=0.01, real=0.28 secs] 
103.074: [CMS-concurrent-preclean-start]
103.079: Application time: 0.1036360 seconds
103.079: [GC103.079: [ParNew: 244543K->27136K(244544K), 0.0639180 secs] 512982K->338018K(790016K), 0.0639660 secs] [Times: user=0.44 sys=0.00, real=0.06 secs] 
103.143: Total time for which application threads were stopped: 0.0641280 seconds, Stopping threads took: 0.0000900 seconds
103.254: Application time: 0.1103970 seconds
103.254: [GC103.254: [ParNew: 244544K->27136K(244544K), 0.0568530 secs] 555426K->373113K(790016K), 0.0569030 secs] [Times: user=0.39 sys=0.00, real=0.06 secs] 
103.311: Total time for which application threads were stopped: 0.0570840 seconds, Stopping threads took: 0.0001060 seconds
103.424: Application time: 0.1131150 seconds
103.424: [GC103.424: [ParNew: 244544K->27136K(244544K), 0.0559660 secs] 590521K->407157K(790016K), 0.0560160 secs] [Times: user=0.39 sys=0.00, real=0.06 secs] 
103.480: Total time for which application threads were stopped: 0.0561570 seconds, Stopping threads took: 0.0000690 seconds
103.576: Application time: 0.0958770 seconds
103.576: [GC103.576: [ParNew: 244544K->27136K(244544K), 0.0643550 secs] 624565K->449330K(790016K), 0.0644030 secs] [Times: user=0.45 sys=0.00, real=0.07 secs] 
103.641: Total time for which application threads were stopped: 0.0645640 seconds, Stopping threads took: 0.0000780 seconds
103.753: Application time: 0.1128130 seconds
103.757: [GC103.757: [ParNew: 244544K->27136K(244544K), 0.0499770 secs] 666738K->477981K(790016K), 0.0500250 secs] [Times: user=0.35 sys=0.00, real=0.05 secs] 
103.807: Total time for which application threads were stopped: 0.0531170 seconds, Stopping threads took: 0.0030230 seconds
103.906: Application time: 0.0991510 seconds
103.906: [GC103.906: [ParNew: 244544K->27136K(244544K), 0.0712830 secs] 695389K->526880K(790016K), 0.0713300 secs] [Times: user=0.49 sys=0.00, real=0.07 secs] 
103.977: Total time for which application threads were stopped: 0.0714520 seconds, Stopping threads took: 0.0000510 seconds
104.090: Application time: 0.1123860 seconds
104.090: [GC104.090: [ParNew: 244544K->244544K(244544K), 0.0000150 secs]104.090: [CMS104.264: [CMS-concurrent-preclean: 0.819/1.190 secs] [Times: user=7.87 sys=0.02, real=1.19 secs] 
 (concurrent mode failure): 499744K->140503K(545472K), 0.5511190 secs] 744288K->140503K(790016K), [CMS Perm : 9107K->9107K(21248K)], 0.5511900 secs] [Times: user=0.55 sys=0.00, real=0.55 secs] 
104.641: Total time for which application threads were stopped: 0.5513580 seconds, Stopping threads took: 0.0000850 seconds
104.737: Application time: 0.0961280 seconds
104.737: [GC104.737: [ParNew: 217408K->27136K(244544K), 0.0322240 secs] 357911K->184001K(790016K), 0.0322750 secs] [Times: user=0.23 sys=0.01, real=0.03 secs] 
104.770: Total time for which application threads were stopped: 0.0324880 seconds, Stopping threads took: 0.0001270 seconds
104.863: Application time: 0.0931750 seconds
104.863: [GC104.863: [ParNew: 244544K->27136K(244544K), 0.0586990 secs] 401409K->229317K(790016K), 0.0587480 secs] [Times: user=0.41 sys=0.00, real=0.06 secs] 
104.922: Total time for which application threads were stopped: 0.0590050 seconds, Stopping threads took: 0.0001650 seconds
105.026: Application time: 0.1039990 seconds
105.026: [GC105.026: [ParNew: 244544K->27136K(244544K), 0.0497100 secs] 446725K->258203K(790016K), 0.0497610 secs] [Times: user=0.34 sys=0.00, real=0.04 secs] 
105.076: Total time for which application threads were stopped: 0.0499550 seconds, Stopping threads took: 0.0001200 seconds
105.159: Application time: 0.0829900 seconds
105.159: [GC105.159: [ParNew: 244544K->27136K(244544K), 0.0676670 secs] 475611K->310617K(790016K), 0.0677150 secs] [Times: user=0.46 sys=0.00, real=0.07 secs] 
105.227: Total time for which application threads were stopped: 0.0678770 seconds, Stopping threads took: 0.0000880 seconds
105.252: Application time: 0.0259140 seconds
105.257: [GC [1 CMS-initial-mark: 283481K(545472K)] 361234K(790016K), 0.0558030 secs] [Times: user=0.05 sys=0.00, real=0.05 secs] 
105.312: Total time for which application threads were stopped: 0.0598930 seconds, Stopping threads took: 0.0040080 seconds
105.312: [CMS-concurrent-mark-start]
105.397: Application time: 0.0845780 seconds
105.397: [GC105.397: [ParNew: 244544K->27136K(244544K), 0.0651340 secs] 528025K->352958K(790016K), 0.0651830 secs] [Times: user=0.45 sys=0.00, real=0.06 secs] 
105.462: Total time for which application threads were stopped: 0.0653380 seconds, Stopping threads took: 0.0000840 seconds
105.576: [CMS-concurrent-mark: 0.199/0.264 secs] [Times: user=2.03 sys=0.01, real=0.27 secs] 
105.577: [CMS-concurrent-preclean-start]
105.600: Application time: 0.1372860 seconds
105.600: [GC105.600: [ParNew: 244544K->27136K(244544K), 0.0486030 secs] 570366K->378727K(790016K), 0.0486520 secs] [Times: user=0.34 sys=0.00, real=0.05 secs] 
105.648: Total time for which application threads were stopped: 0.0488780 seconds, Stopping threads took: 0.0001400 seconds
105.762: Application time: 0.1133180 seconds
105.762: [GC105.762: [ParNew: 244544K->27136K(244544K), 0.0524150 secs] 596135K->408527K(790016K), 0.0524660 secs] [Times: user=0.37 sys=0.00, real=0.05 secs] 
105.814: Total time for which application threads were stopped: 0.0526880 seconds, Stopping threads took: 0.0001360 seconds
105.907: Application time: 0.0929180 seconds
105.908: [GC105.908: [ParNew: 244544K->27136K(244544K), 0.0733070 secs] 625935K->459829K(790016K), 0.0733540 secs] [Times: user=0.51 sys=0.00, real=0.07 secs] 
105.981: Total time for which application threads were stopped: 0.0735340 seconds, Stopping threads took: 0.0001030 seconds
106.076: Application time: 0.0946540 seconds
106.076: [GC106.076: [ParNew: 244544K->27136K(244544K), 0.0660620 secs] 677237K->504609K(790016K), 0.0661110 secs] [Times: user=0.46 sys=0.00, real=0.07 secs] 
106.142: Total time for which application threads were stopped: 0.0664420 seconds, Stopping threads took: 0.0002600 seconds
106.270: Application time: 0.1283610 seconds
106.271: [GC106.271: [ParNew: 244544K->27136K(244544K), 0.0507730 secs] 722017K->529745K(790016K), 0.0508220 secs] [Times: user=0.37 sys=0.00, real=0.05 secs] 
106.321: Total time for which application threads were stopped: 0.0510520 seconds, Stopping threads took: 0.0001390 seconds
106.434: Application time: 0.1126150 seconds
106.434: [GC106.434: [ParNew: 244544K->244544K(244544K), 0.0000150 secs]106.434: [CMS106.598: [CMS-concurrent-preclean: 0.725/1.021 secs] [Times: user=6.71 sys=0.01, real=1.02 secs] 
 (concurrent mode failure): 502609K->107442K(545472K), 0.4764720 secs] 747153K->107442K(790016K), [CMS Perm : 9107K->9107K(21248K)], 0.4765490 secs] [Times: user=0.48 sys=0.00, real=0.48 secs] 
106.911: Total time for which application threads were stopped: 0.4767380 seconds, Stopping threads took: 0.0001130 seconds
106.985: Application time: 0.0741630 seconds
106.985: [GC106.985: [ParNew: 217408K->27136K(244544K), 0.0505700 secs] 324850K->176901K(790016K), 0.0506190 secs] [Times: user=0.34 sys=0.00, real=0.04 secs] 
107.036: Total time for which application threads were stopped: 0.0507900 seconds, Stopping threads took: 0.0000830 seconds
107.135: Application time: 0.0997200 seconds
107.136: [GC107.136: [ParNew: 244544K->27136K(244544K), 0.0596440 secs] 394309K->214457K(790016K), 0.0596960 secs] [Times: user=0.42 sys=0.00, real=0.06 secs] 
107.195: Total time for which application threads were stopped: 0.0598850 seconds, Stopping threads took: 0.0001140 seconds
107.297: Application time: 0.1015140 seconds
107.297: [GC107.297: [ParNew: 244544K->27136K(244544K), 0.0546420 secs] 431865K->247320K(790016K), 0.0546920 secs] [Times: user=0.39 sys=0.00, real=0.05 secs] 
107.352: Total time for which application threads were stopped: 0.0548510 seconds, Stopping threads took: 0.0000830 seconds
107.456: Application time: 0.1040970 seconds
107.456: [GC107.456: [ParNew: 244544K->27136K(244544K), 0.0479060 secs] 464728K->276159K(790016K), 0.0479540 secs] [Times: user=0.33 sys=0.01, real=0.05 secs] 
107.504: Total time for which application threads were stopped: 0.0481460 seconds, Stopping threads took: 0.0001180 seconds
107.584: Application time: 0.0796760 seconds
107.584: [GC107.584: [ParNew: 244544K->27136K(244544K), 0.0655840 secs] 493567K->328229K(790016K), 0.0656490 secs] [Times: user=0.44 sys=0.00, real=0.07 secs] 
107.650: Total time for which application threads were stopped: 0.0658530 seconds, Stopping threads took: 0.0001230 seconds
107.672: Application time: 0.0229630 seconds
107.677: [GC [1 CMS-initial-mark: 301093K(545472K)] 394401K(790016K), 0.0502150 secs] [Times: user=0.05 sys=0.00, real=0.05 secs] 
107.727: Total time for which application threads were stopped: 0.0542930 seconds, Stopping threads took: 0.0040240 seconds
107.727: [CMS-concurrent-mark-start]
107.817: Application time: 0.0905470 seconds
107.817: [GC107.817: [ParNew: 244544K->27136K(244544K), 0.0628200 secs] 545637K->368176K(790016K), 0.0628710 secs] [Times: user=0.44 sys=0.00, real=0.06 secs] 
107.880: Total time for which application threads were stopped: 0.0630110 seconds, Stopping threads took: 0.0000680 seconds
107.979: [CMS-concurrent-mark: 0.189/0.252 secs] [Times: user=1.93 sys=0.00, real=0.25 secs] 
107.979: [CMS-concurrent-preclean-start]
108.004: Application time: 0.1236230 seconds
108.004: [GC108.004: [ParNew: 244544K->27136K(244544K), 0.0499470 secs] 585584K->397209K(790016K), 0.0499960 secs] [Times: user=0.35 sys=0.00, real=0.05 secs] 
108.054: Total time for which application threads were stopped: 0.0502030 seconds, Stopping threads took: 0.0001350 seconds
108.179: Application time: 0.1245420 seconds
108.179: [GC108.179: [ParNew: 244544K->27136K(244544K), 0.0434670 secs] 614617K->420381K(790016K), 0.0435130 secs] [Times: user=0.31 sys=0.00, real=0.04 secs] 
108.222: Total time for which application threads were stopped: 0.0436630 seconds, Stopping threads took: 0.0000660 seconds
108.306: Application time: 0.0834410 seconds
108.306: [GC108.306: [ParNew: 244544K->27136K(244544K), 0.0785250 secs] 637789K->478830K(790016K), 0.0785750 secs] [Times: user=0.54 sys=0.00, real=0.08 secs] 
108.385: Total time for which application threads were stopped: 0.0787450 seconds, Stopping threads took: 0.0000980 seconds
108.487: Application time: 0.1022820 seconds
108.487: [GC108.487: [ParNew: 244544K->27136K(244544K), 0.0657620 secs] 696238K->521843K(790016K), 0.0658090 secs] [Times: user=0.45 sys=0.00, real=0.06 secs] 
108.553: Total time for which application threads were stopped: 0.0659610 seconds, Stopping threads took: 0.0000800 seconds
108.677: Application time: 0.1243590 seconds
108.677: [GC108.677: [ParNew: 244544K->244544K(244544K), 0.0000150 secs]108.677: [CMS108.827: [CMS-concurrent-preclean: 0.606/0.848 secs] [Times: user=5.49 sys=0.00, real=0.85 secs] 
 (concurrent mode failure): 494707K->127178K(545472K), 0.5060970 secs] 739251K->127178K(790016K), [CMS Perm : 9107K->9107K(21248K)], 0.5061700 secs] [Times: user=0.51 sys=0.00, real=0.50 secs] 
109.183: Total time for which application threads were stopped: 0.5063140 seconds, Stopping threads took: 0.0000690 seconds
109.279: Application time: 0.0954330 seconds
109.279: [GC109.279: [ParNew: 217408K->27136K(244544K), 0.0329960 secs] 344586K->171308K(790016K), 0.0330460 secs] [Times: user=0.24 sys=0.00, real=0.03 secs] 
109.312: Total time for which application threads were stopped: 0.0332440 seconds, Stopping threads took: 0.0001110 seconds
109.398: Application time: 0.0858260 seconds
109.398: [GC109.398: [ParNew: 244544K->27136K(244544K), 0.0717500 secs] 388716K->233684K(790016K), 0.0718000 secs] [Times: user=0.49 sys=0.00, real=0.07 secs] 
109.470: Total time for which application threads were stopped: 0.0720060 seconds, Stopping threads took: 0.0001360 seconds
109.562: Application time: 0.0917280 seconds
109.562: [GC109.562: [ParNew: 244544K->27136K(244544K), 0.0595430 secs] 451092K->273841K(790016K), 0.0595920 secs] [Times: user=0.41 sys=0.00, real=0.06 secs] 
109.622: Total time for which application threads were stopped: 0.0597610 seconds, Stopping threads took: 0.0000980 seconds
109.731: Application time: 0.1098210 seconds
109.731: [GC109.732: [ParNew: 244544K->27136K(244544K), 0.0491330 secs] 491249K->302880K(790016K), 0.0491920 secs] [Times: user=0.35 sys=0.00, real=0.05 secs] 
109.781: Total time for which application threads were stopped: 0.0493790 seconds, Stopping threads took: 0.0001090 seconds
109.792: Application time: 0.0117820 seconds
109.794: [GC [1 CMS-initial-mark: 275744K(545472K)] 326873K(790016K), 0.0350710 secs] [Times: user=0.03 sys=0.00, real=0.04 secs] 
109.829: Total time for which application threads were stopped: 0.0364440 seconds, Stopping threads took: 0.0012820 seconds
109.829: [CMS-concurrent-mark-start]
109.922: Application time: 0.0933280 seconds
109.922: [GC109.922: [ParNew: 244544K->27136K(244544K), 0.0606590 secs] 520288K->340377K(790016K), 0.0607060 secs] [Times: user=0.42 sys=0.00, real=0.06 secs] 
109.983: Total time for which application threads were stopped: 0.0608990 seconds, Stopping threads took: 0.0001210 seconds
110.084: Application time: 0.1004470 seconds
110.084: [GC110.084: [ParNew: 244544K->27136K(244544K), 0.0637230 secs] 557785K->383647K(790016K), 0.0637720 secs] [Times: user=0.44 sys=0.00, real=0.07 secs] 
110.148: Total time for which application threads were stopped: 0.0639450 seconds, Stopping threads took: 0.0001030 seconds
110.257: [CMS-concurrent-mark: 0.302/0.428 secs] [Times: user=3.27 sys=0.02, real=0.43 secs] 
110.257: [CMS-concurrent-preclean-start]
110.268: Application time: 0.1206020 seconds
110.276: [GC110.276: [ParNew: 244544K->27136K(244544K), 0.0549130 secs] 601055K->416741K(790016K), 0.0549660 secs] [Times: user=0.38 sys=0.00, real=0.06 secs] 
110.331: Total time for which application threads were stopped: 0.0630760 seconds, Stopping threads took: 0.0080370 seconds
110.436: Application time: 0.1046320 seconds
110.436: [GC110.436: [ParNew: 244320K->27136K(244544K), 0.0636260 secs] 633926K->458539K(790016K), 0.0636770 secs] [Times: user=0.44 sys=0.00, real=0.07 secs] 
110.500: Total time for which application threads were stopped: 0.0638580 seconds, Stopping threads took: 0.0000950 seconds
110.614: Application time: 0.1144910 seconds
110.614: [GC110.614: [ParNew: 244544K->27136K(244544K), 0.0579580 secs] 675947K->493215K(790016K), 0.0580070 secs] [Times: user=0.40 sys=0.00, real=0.06 secs] 
110.672: Total time for which application threads were stopped: 0.0581440 seconds, Stopping threads took: 0.0000660 seconds
110.774: Application time: 0.1015750 seconds
110.774: [GC110.774: [ParNew: 244544K->27136K(244544K), 0.0658250 secs] 710623K->536750K(790016K), 0.0658710 secs] [Times: user=0.45 sys=0.00, real=0.07 secs] 
110.840: Total time for which application threads were stopped: 0.0659970 seconds, Stopping threads took: 0.0000550 seconds
110.955: Application time: 0.1151970 seconds
110.955: [GC110.955: [ParNew: 244544K->244544K(244544K), 0.0000160 secs]110.955: [CMS111.140: [CMS-concurrent-preclean: 0.629/0.883 secs] [Times: user=5.45 sys=0.01, real=0.88 secs] 
 (concurrent mode failure): 509614K->131953K(545472K), 0.6271790 secs] 754158K->131953K(790016K), [CMS Perm : 9109K->9109K(21248K)], 0.6272580 secs] [Times: user=0.63 sys=0.00, real=0.63 secs] 
111.583: Total time for which application threads were stopped: 0.6274230 seconds, Stopping threads took: 0.0000720 seconds
111.680: Application time: 0.0975410 seconds
111.680: [GC111.680: [ParNew: 217408K->27136K(244544K), 0.0295810 secs] 349361K->171258K(790016K), 0.0296290 secs] [Times: user=0.22 sys=0.00, real=0.03 secs] 
111.710: Total time for which application threads were stopped: 0.0298000 seconds, Stopping threads took: 0.0000840 seconds
111.792: Application time: 0.0821230 seconds
111.792: [GC111.792: [ParNew: 244544K->27136K(244544K), 0.0700300 secs] 388666K->233618K(790016K), 0.0700810 secs] [Times: user=0.48 sys=0.00, real=0.07 secs] 
111.862: Total time for which application threads were stopped: 0.0702580 seconds, Stopping threads took: 0.0001020 seconds
111.956: Application time: 0.0940310 seconds
111.956: [GC111.956: [ParNew: 244544K->27135K(244544K), 0.0575320 secs] 451026K->271843K(790016K), 0.0575770 secs] [Times: user=0.40 sys=0.00, real=0.05 secs] 
112.014: Total time for which application threads were stopped: 0.0577370 seconds, Stopping threads took: 0.0000720 seconds
112.116: Application time: 0.1019880 seconds
112.116: [GC112.116: [ParNew: 244543K->27135K(244544K), 0.0529030 secs] 489251K->303755K(790016K), 0.0529500 secs] [Times: user=0.37 sys=0.00, real=0.06 secs] 
112.169: Total time for which application threads were stopped: 0.0531450 seconds, Stopping threads took: 0.0001210 seconds
112.169: Application time: 0.0001030 seconds
112.169: [GC [1 CMS-initial-mark: 276620K(545472K)] 307362K(790016K), 0.0217240 secs] [Times: user=0.03 sys=0.00, real=0.02 secs] 
112.191: Total time for which application threads were stopped: 0.0218450 seconds, Stopping threads took: 0.0000740 seconds
112.191: [CMS-concurrent-mark-start]
112.311: Application time: 0.1194380 seconds
112.311: [GC112.311: [ParNew: 244543K->27135K(244544K), 0.0567140 secs] 521163K->337345K(790016K), 0.0567620 secs] [Times: user=0.40 sys=0.01, real=0.06 secs] 
112.368: Total time for which application threads were stopped: 0.0569360 seconds, Stopping threads took: 0.0000940 seconds
112.452: [CMS-concurrent-mark: 0.204/0.261 secs] [Times: user=2.02 sys=0.01, real=0.26 secs] 
112.453: [CMS-concurrent-preclean-start]
112.485: Application time: 0.1173520 seconds
112.485: [GC112.485: [ParNew: 244543K->27136K(244544K), 0.0544220 secs] 554753K->370844K(790016K), 0.0544730 secs] [Times: user=0.38 sys=0.00, real=0.05 secs] 
112.540: Total time for which application threads were stopped: 0.0546350 seconds, Stopping threads took: 0.0000910 seconds
112.631: Application time: 0.0915470 seconds
112.631: [GC112.631: [ParNew: 244544K->27136K(244544K), 0.0742690 secs] 588252K->424102K(790016K), 0.0743200 secs] [Times: user=0.51 sys=0.00, real=0.08 secs] 
112.706: Total time for which application threads were stopped: 0.0744420 seconds, Stopping threads took: 0.0000480 seconds
112.825: Application time: 0.1195180 seconds
112.825: [GC112.825: [ParNew: 244544K->27136K(244544K), 0.0482820 secs] 641510K->449771K(790016K), 0.0483280 secs] [Times: user=0.34 sys=0.00, real=0.04 secs] 
112.874: Total time for which application threads were stopped: 0.0485380 seconds, Stopping threads took: 0.0001290 seconds
112.975: Application time: 0.1009930 seconds
112.975: [GC112.975: [ParNew: 244544K->27136K(244544K), 0.0648250 secs] 667179K->493154K(790016K), 0.0648740 secs] [Times: user=0.45 sys=0.00, real=0.07 secs] 
113.040: Total time for which application threads were stopped: 0.0650660 seconds, Stopping threads took: 0.0001190 seconds
113.148: Application time: 0.1087990 seconds
113.149: [GC113.149: [ParNew: 244544K->27136K(244544K), 0.0547410 secs] 710562K->526210K(790016K), 0.0547920 secs] [Times: user=0.38 sys=0.00, real=0.05 secs] 
113.203: Total time for which application threads were stopped: 0.0549530 seconds, Stopping threads took: 0.0000870 seconds
113.306: Application time: 0.1028940 seconds
113.306: [GC113.306: [ParNew: 244544K->244544K(244544K), 0.0000140 secs]113.307: [CMS113.454: [CMS-concurrent-preclean: 0.700/1.001 secs] [Times: user=6.64 sys=0.02, real=1.00 secs] 
 (concurrent mode failure): 499074K->134608K(545472K), 0.5048690 secs] 743618K->134608K(790016K), [CMS Perm : 9109K->9109K(21248K)], 0.5049440 secs] [Times: user=0.51 sys=0.00, real=0.50 secs] 
113.811: Total time for which application threads were stopped: 0.5051230 seconds, Stopping threads took: 0.0001040 seconds
113.911: Application time: 0.0994370 seconds
113.911: [GC113.911: [ParNew: 217408K->27136K(244544K), 0.0362180 secs] 352016K->179509K(790016K), 0.0362710 secs] [Times: user=0.26 sys=0.00, real=0.04 secs] 
113.947: Total time for which application threads were stopped: 0.0365000 seconds, Stopping threads took: 0.0001450 seconds
114.045: Application time: 0.0976080 seconds
114.045: [GC114.045: [ParNew: 244544K->27136K(244544K), 0.0585680 secs] 396917K->222719K(790016K), 0.0586170 secs] [Times: user=0.41 sys=0.00, real=0.05 secs] 
114.104: Total time for which application threads were stopped: 0.0588360 seconds, Stopping threads took: 0.0001430 seconds
114.195: Application time: 0.0914850 seconds
114.195: [GC114.195: [ParNew: 244544K->27136K(244544K), 0.0587280 secs] 440127K->263043K(790016K), 0.0587840 secs] [Times: user=0.40 sys=0.00, real=0.06 secs] 
114.254: Total time for which application threads were stopped: 0.0589430 seconds, Stopping threads took: 0.0000880 seconds
114.347: Application time: 0.0927840 seconds
114.347: [GC114.347: [ParNew: 244544K->27136K(244544K), 0.0619790 secs] 480451K->305858K(790016K), 0.0620280 secs] [Times: user=0.43 sys=0.00, real=0.06 secs] 
114.409: Total time for which application threads were stopped: 0.0621960 seconds, Stopping threads took: 0.0000940 seconds
114.409: Application time: 0.0000360 seconds
114.409: [GC [1 CMS-initial-mark: 278722K(545472K)] 306761K(790016K), 0.0215950 secs] [Times: user=0.02 sys=0.00, real=0.02 secs] 
114.431: Total time for which application threads were stopped: 0.0217080 seconds, Stopping threads took: 0.0000610 seconds
114.431: [CMS-concurrent-mark-start]
114.564: Application time: 0.1330210 seconds
114.564: [GC114.564: [ParNew: 244544K->27135K(244544K), 0.0486080 secs] 523266K->331122K(790016K), 0.0486580 secs] [Times: user=0.34 sys=0.00, real=0.05 secs] 
114.613: Total time for which application threads were stopped: 0.0488450 seconds, Stopping threads took: 0.0001020 seconds
114.654: [CMS-concurrent-mark: 0.174/0.223 secs] [Times: user=1.73 sys=0.00, real=0.22 secs] 
114.654: [CMS-concurrent-preclean-start]
114.725: Application time: 0.1124120 seconds
114.726: [GC114.726: [ParNew: 244543K->27136K(244544K), 0.0560360 secs] 548530K->365530K(790016K), 0.0560870 secs] [Times: user=0.39 sys=0.00, real=0.05 secs] 
114.782: Total time for which application threads were stopped: 0.0563460 seconds, Stopping threads took: 0.0001650 seconds
114.880: Application time: 0.0981570 seconds
114.880: [GC114.880: [ParNew: 244544K->27136K(244544K), 0.0593500 secs] 582938K->405225K(790016K), 0.0594020 secs] [Times: user=0.40 sys=0.00, real=0.06 secs] 
114.939: Total time for which application threads were stopped: 0.0595760 seconds, Stopping threads took: 0.0001010 seconds
115.033: Application time: 0.0935960 seconds
115.033: [GC115.033: [ParNew: 244544K->27136K(244544K), 0.0759440 secs] 622633K->460232K(790016K), 0.0759910 secs] [Times: user=0.52 sys=0.00, real=0.08 secs] 
115.109: Total time for which application threads were stopped: 0.0761070 seconds, Stopping threads took: 0.0000460 seconds
115.233: Application time: 0.1241540 seconds
115.233: [GC115.233: [ParNew: 244544K->27136K(244544K), 0.0469370 secs] 677640K->485382K(790016K), 0.0469890 secs] [Times: user=0.33 sys=0.00, real=0.05 secs] 
115.280: Total time for which application threads were stopped: 0.0471690 seconds, Stopping threads took: 0.0000970 seconds
115.382: Application time: 0.1019800 seconds
115.383: [GC115.383: [ParNew: 244544K->27136K(244544K), 0.0641130 secs] 702790K->523703K(790016K), 0.0641630 secs] [Times: user=0.45 sys=0.00, real=0.07 secs] 
115.447: Total time for which application threads were stopped: 0.0643230 seconds, Stopping threads took: 0.0000860 seconds
115.554: Application time: 0.1071360 seconds
115.554: [GC115.554: [ParNew: 244544K->244544K(244544K), 0.0000150 secs]115.554: [CMS115.718: [CMS-concurrent-preclean: 0.756/1.064 secs] [Times: user=7.03 sys=0.02, real=1.07 secs] 
 (concurrent mode failure): 496567K->126082K(545472K), 0.5226190 secs] 741111K->126082K(790016K), [CMS Perm : 9110K->9110K(21248K)], 0.5226930 secs] [Times: user=0.52 sys=0.00, real=0.53 secs] 
116.077: Total time for which application threads were stopped: 0.5228640 seconds, Stopping threads took: 0.0000980 seconds
116.160: Application time: 0.0831520 seconds
116.160: [GC116.160: [ParNew: 217408K->27136K(244544K), 0.0464050 secs] 343490K->187941K(790016K), 0.0464560 secs] [Times: user=0.33 sys=0.00, real=0.05 secs] 
116.207: Total time for which application threads were stopped: 0.0466710 seconds, Stopping threads took: 0.0001310 seconds
116.315: Application time: 0.1080930 seconds
116.315: [GC116.315: [ParNew: 244544K->27136K(244544K), 0.0536920 secs] 405349K->217038K(790016K), 0.0537400 secs] [Times: user=0.38 sys=0.00, real=0.06 secs] 
116.369: Total time for which application threads were stopped: 0.0539620 seconds, Stopping threads took: 0.0001500 seconds
116.463: Application time: 0.0944720 seconds
116.463: [GC116.463: [ParNew: 244544K->27136K(244544K), 0.0577460 secs] 434446K->256589K(790016K), 0.0577930 secs] [Times: user=0.41 sys=0.00, real=0.06 secs] 
116.521: Total time for which application threads were stopped: 0.0579590 seconds, Stopping threads took: 0.0000940 seconds
116.612: Application time: 0.0905230 seconds
116.613: [GC116.613: [ParNew: 244544K->27136K(244544K), 0.0571530 secs] 473997K->296569K(790016K), 0.0572000 secs] [Times: user=0.39 sys=0.00, real=0.06 secs] 
116.670: Total time for which application threads were stopped: 0.0581560 seconds, Stopping threads took: 0.0008820 seconds
116.692: Application time: 0.0227320 seconds
116.693: [GC [1 CMS-initial-mark: 269433K(545472K)] 358569K(790016K), 0.0490060 secs] [Times: user=0.05 sys=0.00, real=0.05 secs] 
116.742: Total time for which application threads were stopped: 0.0491910 seconds, Stopping threads took: 0.0001160 seconds
116.742: [CMS-concurrent-mark-start]
116.829: Application time: 0.0876650 seconds
116.829: [GC116.830: [ParNew: 244544K->27136K(244544K), 0.0725370 secs] 513977K->340497K(790016K), 0.0725840 secs] [Times: user=0.47 sys=0.00, real=0.07 secs] 
116.902: Total time for which application threads were stopped: 0.0727630 seconds, Stopping threads took: 0.0001080 seconds
117.013: [CMS-concurrent-mark: 0.199/0.272 secs] [Times: user=2.04 sys=0.01, real=0.27 secs] 
117.013: [CMS-concurrent-preclean-start]
117.022: Application time: 0.1201600 seconds
117.022: [GC117.022: [ParNew: 244544K->27136K(244544K), 0.0610300 secs] 557905K->375564K(790016K), 0.0610840 secs] [Times: user=0.43 sys=0.00, real=0.06 secs] 
117.084: Total time for which application threads were stopped: 0.0612560 seconds, Stopping threads took: 0.0000980 seconds
117.200: Application time: 0.1167470 seconds
117.200: [GC117.200: [ParNew: 244544K->27136K(244544K), 0.0599450 secs] 592972K->407432K(790016K), 0.0599960 secs] [Times: user=0.42 sys=0.00, real=0.06 secs] 
117.260: Total time for which application threads were stopped: 0.0601440 seconds, Stopping threads took: 0.0000710 seconds
117.364: Application time: 0.1039520 seconds
117.365: [GC117.365: [ParNew: 244544K->27136K(244544K), 0.0639010 secs] 624840K->449551K(790016K), 0.0639530 secs] [Times: user=0.45 sys=0.00, real=0.06 secs] 
117.429: Total time for which application threads were stopped: 0.0641470 seconds, Stopping threads took: 0.0001240 seconds
117.519: Application time: 0.0907600 seconds
117.519: [GC117.519: [ParNew: 244544K->27136K(244544K), 0.0718530 secs] 666959K->502572K(790016K), 0.0719010 secs] [Times: user=0.49 sys=0.00, real=0.07 secs] 
117.591: Total time for which application threads were stopped: 0.0720590 seconds, Stopping threads took: 0.0000860 seconds
117.711: Application time: 0.1200280 seconds
117.711: [GC117.712: [ParNew: 244544K->27136K(244544K), 0.0554260 secs] 719980K->533834K(790016K), 0.0554790 secs] [Times: user=0.39 sys=0.00, real=0.06 secs] 
117.767: Total time for which application threads were stopped: 0.0556350 seconds, Stopping threads took: 0.0000700 seconds
117.874: Application time: 0.1071640 seconds
117.874: [GC117.874: [ParNew: 244544K->244544K(244544K), 0.0000130 secs]117.874: [CMS118.041: [CMS-concurrent-preclean: 0.711/1.027 secs] [Times: user=6.72 sys=0.03, real=1.03 secs] 
 (concurrent mode failure): 506698K->134871K(545472K), 0.5299910 secs] 751242K->134871K(790016K), [CMS Perm : 9113K->9113K(21248K)], 0.5300630 secs] [Times: user=0.53 sys=0.00, real=0.53 secs] 
118.404: Total time for which application threads were stopped: 0.5301820 seconds, Stopping threads took: 0.0000440 seconds
118.506: Application time: 0.1018920 seconds
118.506: [GC118.507: [ParNew: 217408K->27136K(244544K), 0.0294930 secs] 352279K->173674K(790016K), 0.0295420 secs] [Times: user=0.22 sys=0.00, real=0.02 secs] 
118.536: Total time for which application threads were stopped: 0.0298270 seconds, Stopping threads took: 0.0001640 seconds
118.611: Application time: 0.0750910 seconds
118.611: [GC118.611: [ParNew: 244544K->27136K(244544K), 0.0729420 secs] 391082K->242659K(790016K), 0.0729950 secs] [Times: user=0.49 sys=0.00, real=0.07 secs] 
118.684: Total time for which application threads were stopped: 0.0731830 seconds, Stopping threads took: 0.0001160 seconds
118.786: Application time: 0.1018860 seconds
118.786: [GC118.786: [ParNew: 244544K->27136K(244544K), 0.0549930 secs] 460067K->275897K(790016K), 0.0550420 secs] [Times: user=0.38 sys=0.00, real=0.05 secs] 
118.841: Total time for which application threads were stopped: 0.0552090 seconds, Stopping threads took: 0.0000950 seconds
118.946: Application time: 0.1049760 seconds
118.947: [GC118.947: [ParNew: 244544K->27136K(244544K), 0.0549070 secs] 493305K->309043K(790016K), 0.0549570 secs] [Times: user=0.39 sys=0.00, real=0.05 secs] 
119.002: Total time for which application threads were stopped: 0.0551300 seconds, Stopping threads took: 0.0001010 seconds
119.016: Application time: 0.0149310 seconds
119.019: [GC [1 CMS-initial-mark: 281907K(545472K)] 347343K(790016K), 0.0410500 secs] [Times: user=0.04 sys=0.00, real=0.04 secs] 
119.061: Total time for which application threads were stopped: 0.0439950 seconds, Stopping threads took: 0.0028770 seconds
119.061: [CMS-concurrent-mark-start]
119.181: Application time: 0.1202480 seconds
119.181: [GC119.181: [ParNew: 244544K->27136K(244544K), 0.0485780 secs] 526451K->336139K(790016K), 0.0486300 secs] [Times: user=0.35 sys=0.00, real=0.05 secs] 
119.230: Total time for which application threads were stopped: 0.0487840 seconds, Stopping threads took: 0.0000810 seconds
119.282: [CMS-concurrent-mark: 0.172/0.221 secs] [Times: user=1.72 sys=0.00, real=0.22 secs] 
119.282: [CMS-concurrent-preclean-start]
119.316: Application time: 0.0861300 seconds
119.316: [GC119.316: [ParNew: 244544K->27136K(244544K), 0.0788120 secs] 553547K->392295K(790016K), 0.0788630 secs] [Times: user=0.54 sys=0.00, real=0.08 secs] 
119.395: Total time for which application threads were stopped: 0.0790770 seconds, Stopping threads took: 0.0001400 seconds
119.495: Application time: 0.0999030 seconds
119.495: [GC119.495: [ParNew: 244544K->27136K(244544K), 0.0677770 secs] 609703K->436492K(790016K), 0.0678260 secs] [Times: user=0.47 sys=0.00, real=0.07 secs] 
119.563: Total time for which application threads were stopped: 0.0679730 seconds, Stopping threads took: 0.0000730 seconds
119.684: Application time: 0.1211220 seconds
119.684: [GC119.684: [ParNew: 244544K->27136K(244544K), 0.0485410 secs] 653900K->462734K(790016K), 0.0485900 secs] [Times: user=0.34 sys=0.00, real=0.05 secs] 
119.733: Total time for which application threads were stopped: 0.0487750 seconds, Stopping threads took: 0.0001000 seconds
119.850: Application time: 0.1175160 seconds
119.850: [GC119.850: [ParNew: 244544K->27136K(244544K), 0.0528440 secs] 680142K->488309K(790016K), 0.0528960 secs] [Times: user=0.38 sys=0.00, real=0.05 secs] 
119.903: Total time for which application threads were stopped: 0.0530430 seconds, Stopping threads took: 0.0000750 seconds
119.997: Application time: 0.0943910 seconds
119.998: [GC119.998: [ParNew: 244544K->27136K(244544K), 0.0621610 secs] 705717K->530518K(790016K), 0.0622110 secs] [Times: user=0.44 sys=0.00, real=0.06 secs] 
120.060: Total time for which application threads were stopped: 0.0623870 seconds, Stopping threads took: 0.0001040 seconds
120.147: Application time: 0.0876250 seconds
120.148: [GC120.148: [ParNew: 244544K->244544K(244544K), 0.0000150 secs]120.148: [CMS120.308: [CMS-concurrent-preclean: 0.711/1.026 secs] [Times: user=6.76 sys=0.01, real=1.03 secs] 
 (concurrent mode failure): 503382K->147750K(545472K), 0.5413670 secs] 747926K->147750K(790016K), [CMS Perm : 9113K->9113K(21248K)], 0.5414400 secs] [Times: user=0.54 sys=0.00, real=0.54 secs] 
120.689: Total time for which application threads were stopped: 0.5415980 seconds, Stopping threads took: 0.0000830 seconds
120.798: Application time: 0.1085030 seconds
120.798: [GC120.798: [ParNew: 217408K->27136K(244544K), 0.0280930 secs] 365158K->181829K(790016K), 0.0281520 secs] [Times: user=0.22 sys=0.00, real=0.03 secs] 
120.826: Total time for which application threads were stopped: 0.0283440 seconds, Stopping threads took: 0.0001090 seconds
120.927: Application time: 0.1006060 seconds
120.927: [GC120.927: [ParNew: 244544K->27136K(244544K), 0.0539190 secs] 399237K->220374K(790016K), 0.0539680 secs] [Times: user=0.37 sys=0.00, real=0.05 secs] 
120.981: Total time for which application threads were stopped: 0.0541570 seconds, Stopping threads took: 0.0001170 seconds
121.082: Application time: 0.1008880 seconds
121.082: [GC121.082: [ParNew: 244544K->27136K(244544K), 0.0548570 secs] 437782K->255599K(790016K), 0.0549050 secs] [Times: user=0.38 sys=0.00, real=0.06 secs] 
121.137: Total time for which application threads were stopped: 0.0550500 seconds, Stopping threads took: 0.0000720 seconds
121.207: Application time: 0.0707900 seconds
121.208: [GC121.208: [ParNew: 244544K->27136K(244544K), 0.0734000 secs] 473007K->319275K(790016K), 0.0734500 secs] [Times: user=0.49 sys=0.00, real=0.07 secs] 
121.281: Total time for which application threads were stopped: 0.0736130 seconds, Stopping threads took: 0.0000860 seconds
121.281: Application time: 0.0001470 seconds
121.281: [GC [1 CMS-initial-mark: 292139K(545472K)] 322800K(790016K), 0.0200090 secs] [Times: user=0.02 sys=0.00, real=0.02 secs] 
121.301: Total time for which application threads were stopped: 0.0201860 seconds, Stopping threads took: 0.0001220 seconds
121.301: [CMS-concurrent-mark-start]
121.431: Application time: 0.1292980 seconds
121.432: [GC121.432: [ParNew: 244544K->27135K(244544K), 0.0538790 secs] 536683K->348767K(790016K), 0.0539280 secs] [Times: user=0.38 sys=0.01, real=0.06 secs] 
121.486: Total time for which application threads were stopped: 0.0551310 seconds, Stopping threads took: 0.0011150 seconds
121.553: [CMS-concurrent-mark: 0.196/0.252 secs] [Times: user=1.95 sys=0.01, real=0.25 secs] 
121.553: [CMS-concurrent-preclean-start]
121.605: Application time: 0.1193120 seconds
121.605: [GC121.605: [ParNew: 244543K->27136K(244544K), 0.0646140 secs] 566175K->388139K(790016K), 0.0646630 secs] [Times: user=0.45 sys=0.00, real=0.06 secs] 
121.670: Total time for which application threads were stopped: 0.0648600 seconds, Stopping threads took: 0.0001250 seconds
121.789: Application time: 0.1185080 seconds
121.789: [GC121.789: [ParNew: 244544K->27136K(244544K), 0.0484210 secs] 605547K->415107K(790016K), 0.0484690 secs] [Times: user=0.34 sys=0.00, real=0.05 secs] 
121.837: Total time for which application threads were stopped: 0.0485940 seconds, Stopping threads took: 0.0000520 seconds
121.926: Application time: 0.0892550 seconds
121.927: [GC121.927: [ParNew: 244544K->27136K(244544K), 0.0756260 secs] 632515K->469494K(790016K), 0.0756720 secs] [Times: user=0.51 sys=0.00, real=0.07 secs] 
122.002: Total time for which application threads were stopped: 0.0758210 seconds, Stopping threads took: 0.0000800 seconds
122.109: Application time: 0.1071090 seconds
122.109: [GC122.109: [ParNew: 244544K->27136K(244544K), 0.0598740 secs] 686902K->506313K(790016K), 0.0599230 secs] [Times: user=0.42 sys=0.00, real=0.06 secs] 
122.169: Total time for which application threads were stopped: 0.0601030 seconds, Stopping threads took: 0.0000950 seconds
122.290: Application time: 0.1202140 seconds
122.290: [GC122.290: [ParNew: 244544K->27136K(244544K), 0.0568840 secs] 723721K->536453K(790016K), 0.0569340 secs] [Times: user=0.41 sys=0.00, real=0.06 secs] 
122.347: Total time for which application threads were stopped: 0.0570740 seconds, Stopping threads took: 0.0000660 seconds
122.465: Application time: 0.1186060 seconds
122.465: [GC122.465: [ParNew: 244544K->244544K(244544K), 0.0000140 secs]122.466: [CMS122.621: [CMS-concurrent-preclean: 0.758/1.068 secs] [Times: user=7.13 sys=0.00, real=1.07 secs] 
 (concurrent mode failure): 509317K->120321K(545472K), 0.4979410 secs] 753861K->120321K(790016K), [CMS Perm : 9113K->9113K(21248K)], 0.4980240 secs] [Times: user=0.50 sys=0.00, real=0.49 secs] 
122.964: Total time for which application threads were stopped: 0.4982290 seconds, Stopping threads took: 0.0001050 seconds
123.047: Application time: 0.0838050 seconds
123.048: [GC123.048: [ParNew: 217408K->27136K(244544K), 0.0415830 secs] 337729K->178130K(790016K), 0.0416310 secs] [Times: user=0.30 sys=0.00, real=0.04 secs] 
123.089: Total time for which application threads were stopped: 0.0419060 seconds, Stopping threads took: 0.0001820 seconds
123.179: Application time: 0.0893280 seconds
123.181: [GC123.181: [ParNew: 244544K->27136K(244544K), 0.0606150 secs] 395538K->224987K(790016K), 0.0606630 secs] [Times: user=0.42 sys=0.00, real=0.06 secs] 
123.241: Total time for which application threads were stopped: 0.0627760 seconds, Stopping threads took: 0.0020360 seconds
123.339: Application time: 0.0979400 seconds
123.339: [GC123.339: [ParNew: 244544K->27136K(244544K), 0.0586930 secs] 442395K->263042K(790016K), 0.0587410 secs] [Times: user=0.41 sys=0.00, real=0.06 secs] 
123.398: Total time for which application threads were stopped: 0.0589060 seconds, Stopping threads took: 0.0000920 seconds
123.506: Application time: 0.1080590 seconds
123.506: [GC123.506: [ParNew: 244544K->27136K(244544K), 0.0501540 secs] 480450K->291443K(790016K), 0.0502020 secs] [Times: user=0.36 sys=0.00, real=0.05 secs] 
123.557: Total time for which application threads were stopped: 0.0504010 seconds, Stopping threads took: 0.0001250 seconds
123.650: Application time: 0.0934800 seconds
123.650: [GC123.650: [ParNew: 244544K->27136K(244544K), 0.0597370 secs] 508851K->328721K(790016K), 0.0597870 secs] [Times: user=0.41 sys=0.00, real=0.06 secs] 
123.710: Total time for which application threads were stopped: 0.0599780 seconds, Stopping threads took: 0.0001070 seconds
123.710: Application time: 0.0000860 seconds
123.710: [GC [1 CMS-initial-mark: 301585K(545472K)] 330710K(790016K), 0.0203710 secs] [Times: user=0.02 sys=0.00, real=0.02 secs] 
123.731: Total time for which application threads were stopped: 0.0204690 seconds, Stopping threads took: 0.0000490 seconds
123.731: [CMS-concurrent-mark-start]
123.834: Application time: 0.1027980 seconds
123.834: [GC123.834: [ParNew: 244544K->27136K(244544K), 0.0732450 secs] 546129K->383182K(790016K), 0.0732970 secs] [Times: user=0.50 sys=0.00, real=0.08 secs] 
123.907: Total time for which application threads were stopped: 0.0734520 seconds, Stopping threads took: 0.0000820 seconds
124.021: Application time: 0.1140140 seconds
124.021: [GC124.021: [ParNew: 244544K->27136K(244544K), 0.0502200 secs] 600590K->410835K(790016K), 0.0502700 secs] [Times: user=0.36 sys=0.00, real=0.05 secs] 
124.071: Total time for which application threads were stopped: 0.0504110 seconds, Stopping threads took: 0.0000660 seconds
124.143: [CMS-concurrent-mark: 0.289/0.413 secs] [Times: user=3.13 sys=0.00, real=0.41 secs] 
124.143: [CMS-concurrent-preclean-start]
124.187: Application time: 0.1154830 seconds
124.187: [GC124.187: [ParNew: 244544K->27136K(244544K), 0.0579430 secs] 628243K->447157K(790016K), 0.0579930 secs] [Times: user=0.41 sys=0.00, real=0.06 secs] 
124.245: Total time for which application threads were stopped: 0.0581710 seconds, Stopping threads took: 0.0000950 seconds
124.356: Application time: 0.1108330 seconds
124.356: [GC124.356: [ParNew: 244544K->27136K(244544K), 0.0525760 secs] 664565K->477693K(790016K), 0.0526250 secs] [Times: user=0.36 sys=0.00, real=0.06 secs] 
124.409: Total time for which application threads were stopped: 0.0528070 seconds, Stopping threads took: 0.0001060 seconds
124.502: Application time: 0.0929420 seconds
124.502: [GC124.502: [ParNew: 244544K->27136K(244544K), 0.0690330 secs] 695101K->525068K(790016K), 0.0690830 secs] [Times: user=0.48 sys=0.00, real=0.07 secs] 
124.571: Total time for which application threads were stopped: 0.0691920 seconds, Stopping threads took: 0.0000330 seconds
124.671: Application time: 0.1001440 seconds
124.671: [GC124.671: [ParNew: 244544K->244544K(244544K), 0.0000160 secs]124.671: [CMS124.856: [CMS-concurrent-preclean: 0.530/0.713 secs] [Times: user=4.22 sys=0.01, real=0.71 secs] 
 (concurrent mode failure): 497932K->137435K(545472K), 0.5391600 secs] 742476K->137435K(790016K), [CMS Perm : 9113K->9113K(21248K)], 0.5392430 secs] [Times: user=0.54 sys=0.00, real=0.54 secs] 
125.210: Total time for which application threads were stopped: 0.5394040 seconds, Stopping threads took: 0.0000870 seconds
125.311: Application time: 0.1003630 seconds
125.311: [GC125.311: [ParNew: 217408K->27136K(244544K), 0.0365230 secs] 354843K->182435K(790016K), 0.0365720 secs] [Times: user=0.27 sys=0.00, real=0.04 secs] 
125.348: Total time for which application threads were stopped: 0.0368300 seconds, Stopping threads took: 0.0001700 seconds
125.452: Application time: 0.1039930 seconds
125.453: [GC125.453: [ParNew: 244544K->27135K(244544K), 0.0526750 secs] 399843K->216389K(790016K), 0.0527250 secs] [Times: user=0.37 sys=0.00, real=0.06 secs] 
125.505: Total time for which application threads were stopped: 0.0537140 seconds, Stopping threads took: 0.0009160 seconds
125.601: Application time: 0.0953560 seconds
125.605: [GC125.605: [ParNew: 244543K->27136K(244544K), 0.0569660 secs] 433797K->255853K(790016K), 0.0570140 secs] [Times: user=0.40 sys=0.00, real=0.05 secs] 
125.662: Total time for which application threads were stopped: 0.0609540 seconds, Stopping threads took: 0.0038700 seconds
125.746: Application time: 0.0847420 seconds
125.746: [GC125.747: [ParNew: 244544K->27136K(244544K), 0.0679520 secs] 473261K->309386K(790016K), 0.0679990 secs] [Times: user=0.46 sys=0.00, real=0.06 secs] 
125.815: Total time for which application threads were stopped: 0.0681750 seconds, Stopping threads took: 0.0001050 seconds
125.815: Application time: 0.0001920 seconds
125.815: [GC [1 CMS-initial-mark: 282250K(545472K)] 312461K(790016K), 0.0205190 secs] [Times: user=0.02 sys=0.00, real=0.02 secs] 
125.835: Total time for which application threads were stopped: 0.0206450 seconds, Stopping threads took: 0.0000660 seconds
125.835: [CMS-concurrent-mark-start]
125.953: Application time: 0.1175740 seconds
125.953: [GC125.953: [ParNew: 244544K->27136K(244544K), 0.0680930 secs] 526794K->353933K(790016K), 0.0681400 secs] [Times: user=0.48 sys=0.00, real=0.07 secs] 
126.021: Total time for which application threads were stopped: 0.0682870 seconds, Stopping threads took: 0.0000780 seconds
126.087: [CMS-concurrent-mark: 0.184/0.252 secs] [Times: user=1.92 sys=0.00, real=0.26 secs] 
126.087: [CMS-concurrent-preclean-start]
126.148: Application time: 0.1271750 seconds
126.149: [GC126.149: [ParNew: 244544K->27136K(244544K), 0.0536410 secs] 571341K->383047K(790016K), 0.0536890 secs] [Times: user=0.38 sys=0.00, real=0.05 secs] 
126.202: Total time for which application threads were stopped: 0.0538790 seconds, Stopping threads took: 0.0001160 seconds
126.319: Application time: 0.1166320 seconds
126.319: [GC126.319: [ParNew: 244544K->27136K(244544K), 0.0545770 secs] 600455K->415294K(790016K), 0.0546240 secs] [Times: user=0.38 sys=0.00, real=0.05 secs] 
126.374: Total time for which application threads were stopped: 0.0548230 seconds, Stopping threads took: 0.0001110 seconds
126.482: Application time: 0.1086360 seconds
126.483: [GC126.483: [ParNew: 244544K->27136K(244544K), 0.0538210 secs] 632702K->448121K(790016K), 0.0538720 secs] [Times: user=0.37 sys=0.00, real=0.05 secs] 
126.536: Total time for which application threads were stopped: 0.0540740 seconds, Stopping threads took: 0.0000910 seconds
126.620: Application time: 0.0839910 seconds
126.621: [GC126.621: [ParNew: 244544K->27136K(244544K), 0.0839580 secs] 665529K->513446K(790016K), 0.0840050 secs] [Times: user=0.56 sys=0.01, real=0.09 secs] 
126.705: Total time for which application threads were stopped: 0.0841690 seconds, Stopping threads took: 0.0000910 seconds
126.816: Application time: 0.1111400 seconds
126.816: [GC126.816: [ParNew: 244544K->244544K(244544K), 0.0000150 secs]126.816: [CMS126.991: [CMS-concurrent-preclean: 0.652/0.903 secs] [Times: user=5.73 sys=0.02, real=0.90 secs] 
 (concurrent mode failure): 486310K->149940K(545472K), 0.5656290 secs] 730854K->149940K(790016K), [CMS Perm : 9115K->9115K(21248K)], 0.5657030 secs] [Times: user=0.57 sys=0.00, real=0.57 secs] 
127.382: Total time for which application threads were stopped: 0.5658770 seconds, Stopping threads took: 0.0001010 seconds
127.492: Application time: 0.1104640 seconds
127.497: [GC127.497: [ParNew: 217408K->27136K(244544K), 0.0207290 secs] 367348K->177380K(790016K), 0.0207780 secs] [Times: user=0.16 sys=0.00, real=0.02 secs] 
127.518: Total time for which application threads were stopped: 0.0254550 seconds, Stopping threads took: 0.0045740 seconds
127.617: Application time: 0.0990250 seconds
127.617: [GC127.617: [ParNew: 244544K->27136K(244544K), 0.0521950 secs] 394788K->217479K(790016K), 0.0522430 secs] [Times: user=0.37 sys=0.00, real=0.05 secs] 
127.669: Total time for which application threads were stopped: 0.0524630 seconds, Stopping threads took: 0.0001270 seconds
127.747: Application time: 0.0774450 seconds
127.749: [GC127.749: [ParNew: 244544K->27136K(244544K), 0.0755970 secs] 434887K->283037K(790016K), 0.0756480 secs] [Times: user=0.50 sys=0.00, real=0.07 secs] 
127.824: Total time for which application threads were stopped: 0.0776950 seconds, Stopping threads took: 0.0019740 seconds
127.824: Application time: 0.0000550 seconds
127.824: [GC [1 CMS-initial-mark: 255901K(545472K)] 284533K(790016K), 0.0210430 secs] [Times: user=0.02 sys=0.00, real=0.03 secs] 
127.845: Total time for which application threads were stopped: 0.0211630 seconds, Stopping threads took: 0.0000700 seconds
127.845: [CMS-concurrent-mark-start]
127.964: Application time: 0.1183740 seconds
127.964: [GC127.964: [ParNew: 244544K->27136K(244544K), 0.0698460 secs] 500445K->329368K(790016K), 0.0698960 secs] [Times: user=0.48 sys=0.00, real=0.07 secs] 
128.034: Total time for which application threads were stopped: 0.0700610 seconds, Stopping threads took: 0.0000960 seconds
128.104: [CMS-concurrent-mark: 0.188/0.258 secs] [Times: user=1.96 sys=0.00, real=0.25 secs] 
128.104: [CMS-concurrent-preclean-start]
128.173: Application time: 0.1393760 seconds
128.173: [GC128.173: [ParNew: 244544K->27136K(244544K), 0.0503770 secs] 546776K->356235K(790016K), 0.0504270 secs] [Times: user=0.36 sys=0.00, real=0.05 secs] 
128.224: Total time for which application threads were stopped: 0.0506130 seconds, Stopping threads took: 0.0001030 seconds
128.332: Application time: 0.1078870 seconds
128.332: [GC128.332: [ParNew: 244544K->27136K(244544K), 0.0519330 secs] 573643K->385712K(790016K), 0.0519790 secs] [Times: user=0.37 sys=0.00, real=0.05 secs] 
128.384: Total time for which application threads were stopped: 0.0521380 seconds, Stopping threads took: 0.0000860 seconds
128.481: Application time: 0.0970940 seconds
128.481: [GC128.481: [ParNew: 244544K->27136K(244544K), 0.0641060 secs] 603120K->428827K(790016K), 0.0641510 secs] [Times: user=0.44 sys=0.00, real=0.07 secs] 
128.545: Total time for which application threads were stopped: 0.0642730 seconds, Stopping threads took: 0.0000470 seconds
128.637: Application time: 0.0919840 seconds
128.637: [GC128.637: [ParNew: 244544K->27136K(244544K), 0.0699890 secs] 646235K->478281K(790016K), 0.0700390 secs] [Times: user=0.48 sys=0.00, real=0.07 secs] 
128.707: Total time for which application threads were stopped: 0.0702230 seconds, Stopping threads took: 0.0001100 seconds
128.820: Application time: 0.1125920 seconds
128.820: [GC128.820: [ParNew: 244544K->27136K(244544K), 0.0597500 secs] 695689K->513482K(790016K), 0.0598010 secs] [Times: user=0.42 sys=0.00, real=0.06 secs] 
128.880: Total time for which application threads were stopped: 0.0599980 seconds, Stopping threads took: 0.0001120 seconds
128.998: Application time: 0.1180390 seconds
128.998: [GC128.998: [ParNew: 244544K->27136K(244544K), 0.0514060 secs] 730890K->541966K(790016K), 0.0514540 secs] [Times: user=0.36 sys=0.00, real=0.05 secs] 
129.050: Total time for which application threads were stopped: 0.0515910 seconds, Stopping threads took: 0.0000650 seconds
129.150: Application time: 0.1001510 seconds
129.150: [GC129.150: [ParNew: 244544K->244544K(244544K), 0.0000140 secs]129.150: [CMS129.362: [CMS-concurrent-preclean: 0.904/1.258 secs] [Times: user=8.22 sys=0.01, real=1.26 secs] 
 (concurrent mode failure): 514830K->130613K(545472K), 0.5845840 secs] 759374K->130613K(790016K), [CMS Perm : 9115K->9115K(21248K)], 0.5846680 secs] [Times: user=0.58 sys=0.00, real=0.58 secs] 
129.735: Total time for which application threads were stopped: 0.5848870 seconds, Stopping threads took: 0.0001440 seconds
129.832: Application time: 0.0975470 seconds
129.832: [GC129.832: [ParNew: 217408K->27136K(244544K), 0.0347510 secs] 348021K->176076K(790016K), 0.0348010 secs] [Times: user=0.26 sys=0.01, real=0.04 secs] 
129.867: Total time for which application threads were stopped: 0.0349880 seconds, Stopping threads took: 0.0000920 seconds
129.965: Application time: 0.0979730 seconds
129.966: [GC129.966: [ParNew: 244544K->27136K(244544K), 0.0599310 secs] 393484K->222052K(790016K), 0.0599820 secs] [Times: user=0.42 sys=0.00, real=0.06 secs] 
130.026: Total time for which application threads were stopped: 0.0602590 seconds, Stopping threads took: 0.0001850 seconds
130.125: Application time: 0.0993400 seconds
130.127: [GC130.127: [ParNew: 244544K->27136K(244544K), 0.0553460 secs] 439460K->257375K(790016K), 0.0553980 secs] [Times: user=0.39 sys=0.00, real=0.05 secs] 
130.182: Total time for which application threads were stopped: 0.0575180 seconds, Stopping threads took: 0.0020470 seconds
130.276: Application time: 0.0936260 seconds
130.276: [GC130.276: [ParNew: 244544K->27136K(244544K), 0.0588750 secs] 474783K->297526K(790016K), 0.0589240 secs] [Times: user=0.41 sys=0.00, real=0.06 secs] 
130.335: Total time for which application threads were stopped: 0.0591070 seconds, Stopping threads took: 0.0001040 seconds
130.335: Application time: 0.0000860 seconds
130.335: [GC [1 CMS-initial-mark: 270390K(545472K)] 299804K(790016K), 0.0209040 secs] [Times: user=0.02 sys=0.00, real=0.02 secs] 
130.356: Total time for which application threads were stopped: 0.0211000 seconds, Stopping threads took: 0.0001240 seconds
130.356: [CMS-concurrent-mark-start]
130.480: Application time: 0.1238720 seconds
130.481: [GC130.481: [ParNew: 244544K->27136K(244544K), 0.0557210 secs] 514934K->331057K(790016K), 0.0557690 secs] [Times: user=0.39 sys=0.00, real=0.06 secs] 
130.537: Total time for which application threads were stopped: 0.0569810 seconds, Stopping threads took: 0.0011420 seconds
130.586: [CMS-concurrent-mark: 0.173/0.230 secs] [Times: user=1.75 sys=0.01, real=0.24 secs] 
130.586: [CMS-concurrent-preclean-start]
130.647: Application time: 0.1102660 seconds
130.648: [GC130.648: [ParNew: 244544K->27136K(244544K), 0.0600540 secs] 548465K->369050K(790016K), 0.0601050 secs] [Times: user=0.42 sys=0.00, real=0.06 secs] 
130.708: Total time for which application threads were stopped: 0.0603600 seconds, Stopping threads took: 0.0001620 seconds
130.814: Application time: 0.1057490 seconds
130.814: [GC130.814: [ParNew: 244544K->27136K(244544K), 0.0565570 secs] 586458K->404198K(790016K), 0.0566070 secs] [Times: user=0.40 sys=0.00, real=0.06 secs] 
130.870: Total time for which application threads were stopped: 0.0567640 seconds, Stopping threads took: 0.0000840 seconds
130.962: Application time: 0.0921110 seconds
130.963: [GC130.963: [ParNew: 244544K->27136K(244544K), 0.0717960 secs] 621606K->456552K(790016K), 0.0718460 secs] [Times: user=0.49 sys=0.00, real=0.07 secs] 
131.034: Total time for which application threads were stopped: 0.0720350 seconds, Stopping threads took: 0.0001070 seconds
131.150: Application time: 0.1155110 seconds
131.150: [GC131.150: [ParNew: 244544K->27135K(244544K), 0.0543750 secs] 673960K->487775K(790016K), 0.0544260 secs] [Times: user=0.39 sys=0.00, real=0.06 secs] 
131.205: Total time for which application threads were stopped: 0.0545630 seconds, Stopping threads took: 0.0000610 seconds
131.320: Application time: 0.1150640 seconds
131.320: [GC131.320: [ParNew: 244543K->27134K(244544K), 0.0575690 secs] 705183K->522539K(790016K), 0.0576260 secs] [Times: user=0.40 sys=0.00, real=0.06 secs] 
131.377: Total time for which application threads were stopped: 0.0577670 seconds, Stopping threads took: 0.0000700 seconds
131.478: Application time: 0.1001990 seconds
131.478: [GC131.478: [ParNew: 244542K->27136K(244544K), 0.0657850 secs] 739947K->565082K(790016K), 0.0658360 secs] [Times: user=0.46 sys=0.00, real=0.06 secs] 
131.544: Total time for which application threads were stopped: 0.0660340 seconds, Stopping threads took: 0.0001130 seconds
131.654: Application time: 0.1106610 seconds
131.654: [GC131.654: [ParNew: 244544K->244544K(244544K), 0.0000140 secs]131.654: [CMS131.849: [CMS-concurrent-preclean: 0.891/1.263 secs] [Times: user=8.35 sys=0.00, real=1.26 secs] 
 (concurrent mode failure): 537946K->126842K(545472K), 0.5541430 secs] 782490K->126842K(790016K), [CMS Perm : 9115K->9115K(21248K)], 0.5542180 secs] [Times: user=0.55 sys=0.00, real=0.56 secs] 
132.209: Total time for which application threads were stopped: 0.5543930 seconds, Stopping threads took: 0.0001030 seconds
132.300: Application time: 0.0911190 seconds
132.300: [GC132.300: [ParNew: 217408K->27136K(244544K), 0.0392680 secs] 344250K->177821K(790016K), 0.0393150 secs] [Times: user=0.29 sys=0.00, real=0.04 secs] 
132.339: Total time for which application threads were stopped: 0.0395660 seconds, Stopping threads took: 0.0001440 seconds
132.435: Application time: 0.0951640 seconds
132.435: [GC132.435: [ParNew: 244544K->27136K(244544K), 0.0616120 secs] 395229K->224329K(790016K), 0.0616590 secs] [Times: user=0.42 sys=0.00, real=0.06 secs] 
132.496: Total time for which application threads were stopped: 0.0619160 seconds, Stopping threads took: 0.0001760 seconds
132.585: Application time: 0.0890090 seconds
132.586: [GC132.586: [ParNew: 244544K->27136K(244544K), 0.0621390 secs] 441737K->268437K(790016K), 0.0621900 secs] [Times: user=0.43 sys=0.00, real=0.06 secs] 
132.648: Total time for which application threads were stopped: 0.0623920 seconds, Stopping threads took: 0.0001280 seconds
132.754: Application time: 0.1062060 seconds
132.754: [GC132.754: [ParNew: 244544K->27136K(244544K), 0.0506360 secs] 485845K->298286K(790016K), 0.0506830 secs] [Times: user=0.36 sys=0.00, real=0.06 secs] 
132.805: Total time for which application threads were stopped: 0.0508530 seconds, Stopping threads took: 0.0000920 seconds
132.896: Application time: 0.0908590 seconds
132.896: [GC132.896: [ParNew: 244544K->27136K(244544K), 0.0615900 secs] 515694K->340939K(790016K), 0.0616370 secs] [Times: user=0.42 sys=0.00, real=0.07 secs] 
132.958: Total time for which application threads were stopped: 0.0617940 seconds, Stopping threads took: 0.0000800 seconds
132.958: Application time: 0.0000530 seconds
132.958: [GC [1 CMS-initial-mark: 313803K(545472K)] 343432K(790016K), 0.0208920 secs] [Times: user=0.02 sys=0.00, real=0.02 secs] 
132.980: Total time for which application threads were stopped: 0.0225130 seconds, Stopping threads took: 0.0000640 seconds
132.980: [CMS-concurrent-mark-start]
133.104: [CMS-concurrent-mark: 0.124/0.124 secs] [Times: user=0.97 sys=0.00, real=0.12 secs] 
133.104: [CMS-concurrent-preclean-start]
133.105: Application time: 0.1248940 seconds
133.105: [GC133.105: [ParNew: 244544K->27136K(244544K), 0.0540240 secs] 558347K->372931K(790016K), 0.0540680 secs] [Times: user=0.38 sys=0.00, real=0.05 secs] 
133.159: Total time for which application threads were stopped: 0.0542320 seconds, Stopping threads took: 0.0000930 seconds
133.160: [CMS-concurrent-preclean: 0.002/0.056 secs] [Times: user=0.41 sys=0.00, real=0.06 secs] 
133.160: [CMS-concurrent-abortable-preclean-start]
133.247: Application time: 0.0875310 seconds
133.247: [GC133.247: [ParNew: 244316K->27136K(244544K), 0.0683850 secs] 590112K->421116K(790016K), 0.0684330 secs] [Times: user=0.47 sys=0.00, real=0.06 secs] 
133.315: Total time for which application threads were stopped: 0.0685790 seconds, Stopping threads took: 0.0000770 seconds
133.431: Application time: 0.1160340 seconds
133.432: [GC133.432: [ParNew: 244544K->27136K(244544K), 0.0552110 secs] 638524K->454673K(790016K), 0.0552710 secs] [Times: user=0.39 sys=0.00, real=0.06 secs] 
133.487: Total time for which application threads were stopped: 0.0554350 seconds, Stopping threads took: 0.0000820 seconds
133.611: Application time: 0.1240320 seconds
133.611: [GC133.611: [ParNew: 244544K->27136K(244544K), 0.0502940 secs] 672081K->481414K(790016K), 0.0503430 secs] [Times: user=0.36 sys=0.00, real=0.05 secs] 
133.661: Total time for which application threads were stopped: 0.0505070 seconds, Stopping threads took: 0.0000910 seconds
133.757: Application time: 0.0956310 seconds
133.757: [GC133.757: [ParNew: 244544K->27136K(244544K), 0.0677290 secs] 698822K->527446K(790016K), 0.0677780 secs] [Times: user=0.47 sys=0.00, real=0.07 secs] 
133.825: Total time for which application threads were stopped: 0.0679210 seconds, Stopping threads took: 0.0000700 seconds
133.826: [CMS-concurrent-abortable-preclean: 0.421/0.666 secs] [Times: user=5.06 sys=0.01, real=0.67 secs] 
133.826: Application time: 0.0009500 seconds
133.826: [GC[YG occupancy: 30880 K (244544 K)]133.826: [Rescan (parallel) , 0.0406370 secs]133.867: [weak refs processing, 0.0000090 secs]133.867: [scrub string table, 0.0001620 secs] [1 CMS-remark: 500310K(545472K)] 531190K(790016K), 0.0408470 secs] [Times: user=0.33 sys=0.00, real=0.04 secs] 
133.867: Total time for which application threads were stopped: 0.0409710 seconds, Stopping threads took: 0.0000870 seconds
133.867: [CMS-concurrent-sweep-start]
133.969: Application time: 0.1019110 seconds
133.969: [GC133.969: [ParNew: 244544K->27136K(244544K), 0.0646650 secs] 644744K->473337K(790016K), 0.0647140 secs] [Times: user=0.44 sys=0.00, real=0.06 secs] 
134.034: Total time for which application threads were stopped: 0.0649040 seconds, Stopping threads took: 0.0001060 seconds
134.141: Application time: 0.1071280 seconds
134.145: [GC134.145: [ParNew: 244544K->27136K(244544K), 0.0684160 secs] 615376K->445389K(790016K), 0.0684690 secs] [Times: user=0.46 sys=0.00, real=0.06 secs] 
134.213: Total time for which application threads were stopped: 0.0721840 seconds, Stopping threads took: 0.0036400 seconds
134.341: Application time: 0.1277770 seconds
134.341: [GC134.341: [ParNew: 244544K->27136K(244544K), 0.0471630 secs] 646537K->454222K(790016K), 0.0472140 secs] [Times: user=0.34 sys=0.00, real=0.05 secs] 
134.388: Total time for which application threads were stopped: 0.0473590 seconds, Stopping threads took: 0.0000730 seconds
134.401: [CMS-concurrent-sweep: 0.349/0.534 secs] [Times: user=4.03 sys=0.01, real=0.53 secs] 
134.401: [CMS-concurrent-reset-start]
134.402: [CMS-concurrent-reset: 0.001/0.001 secs] [Times: user=0.00 sys=0.00, real=0.00 secs] 
134.489: Application time: 0.1003910 seconds
134.489: [GC134.489: [ParNew: 244544K->27136K(244544K), 0.0545490 secs] 671630K->487657K(790016K), 0.0546000 secs] [Times: user=0.38 sys=0.00, real=0.05 secs] 
134.543: Total time for which application threads were stopped: 0.0547600 seconds, Stopping threads took: 0.0000740 seconds
134.543: Application time: 0.0001180 seconds
134.544: [GC [1 CMS-initial-mark: 460521K(545472K)] 491192K(790016K), 0.0209050 secs] [Times: user=0.02 sys=0.00, real=0.03 secs] 
134.565: Total time for which application threads were stopped: 0.0210560 seconds, Stopping threads took: 0.0000980 seconds
134.565: [CMS-concurrent-mark-start]
134.683: Application time: 0.1181030 seconds
134.683: [GC134.683: [ParNew: 244544K->27136K(244544K), 0.0682750 secs] 705065K->533577K(790016K), 0.0683250 secs] [Times: user=0.47 sys=0.00, real=0.07 secs] 
134.751: Total time for which application threads were stopped: 0.0684530 seconds, Stopping threads took: 0.0000520 seconds
134.766: [CMS-concurrent-mark: 0.133/0.201 secs] [Times: user=1.53 sys=0.00, real=0.20 secs] 
134.766: [CMS-concurrent-preclean-start]
134.850: Application time: 0.0991290 seconds
134.850: [GC134.850: [ParNew: 244544K->244544K(244544K), 0.0000120 secs]134.850: [CMS134.926: [CMS-concurrent-preclean: 0.158/0.160 secs] [Times: user=0.75 sys=0.00, real=0.16 secs] 
 (concurrent mode failure): 506441K->137726K(545472K), 0.4530390 secs] 750985K->137726K(790016K), [CMS Perm : 9116K->9116K(21248K)], 0.4531190 secs] [Times: user=0.45 sys=0.00, real=0.45 secs] 
135.303: Total time for which application threads were stopped: 0.4532920 seconds, Stopping threads took: 0.0000880 seconds
135.409: Application time: 0.1056090 seconds
135.412: [GC135.412: [ParNew: 217408K->27136K(244544K), 0.0323340 secs] 355134K->176563K(790016K), 0.0323840 secs] [Times: user=0.24 sys=0.00, real=0.03 secs] 
135.444: Total time for which application threads were stopped: 0.0350320 seconds, Stopping threads took: 0.0025510 seconds
135.545: Application time: 0.1007640 seconds
135.545: [GC135.545: [ParNew: 244544K->27136K(244544K), 0.0492070 secs] 393971K->209738K(790016K), 0.0492580 secs] [Times: user=0.34 sys=0.00, real=0.04 secs] 
135.594: Total time for which application threads were stopped: 0.0494560 seconds, Stopping threads took: 0.0001250 seconds
135.678: Application time: 0.0839660 seconds
135.678: [GC135.679: [ParNew: 244544K->27136K(244544K), 0.0650780 secs] 427146K->262108K(790016K), 0.0651300 secs] [Times: user=0.45 sys=0.00, real=0.06 secs] 
135.744: Total time for which application threads were stopped: 0.0653170 seconds, Stopping threads took: 0.0001110 seconds
135.760: Application time: 0.0168250 seconds
135.761: [GC [1 CMS-initial-mark: 234972K(545472K)] 303880K(790016K), 0.0427820 secs] [Times: user=0.05 sys=0.00, real=0.04 secs] 
135.803: Total time for which application threads were stopped: 0.0429270 seconds, Stopping threads took: 0.0000930 seconds
135.803: [CMS-concurrent-mark-start]
135.892: Application time: 0.0887970 seconds
135.892: [GC135.892: [ParNew: 244544K->27136K(244544K), 0.0708650 secs] 479516K->309792K(790016K), 0.0709140 secs] [Times: user=0.49 sys=0.00, real=0.07 secs] 
135.963: Total time for which application threads were stopped: 0.0710720 seconds, Stopping threads took: 0.0000850 seconds
136.081: Application time: 0.1174410 seconds
136.081: [GC136.081: [ParNew: 244544K->27136K(244544K), 0.0536380 secs] 527200K->338746K(790016K), 0.0536880 secs] [Times: user=0.38 sys=0.00, real=0.05 secs] 
136.135: Total time for which application threads were stopped: 0.0538960 seconds, Stopping threads took: 0.0001230 seconds
136.223: [CMS-concurrent-mark: 0.295/0.420 secs] [Times: user=3.20 sys=0.01, real=0.42 secs] 
136.223: [CMS-concurrent-preclean-start]
136.257: Application time: 0.1226770 seconds
136.257: [GC136.257: [ParNew: 244544K->27136K(244544K), 0.0550390 secs] 556154K->370196K(790016K), 0.0550890 secs] [Times: user=0.39 sys=0.00, real=0.05 secs] 
136.313: Total time for which application threads were stopped: 0.0552420 seconds, Stopping threads took: 0.0000830 seconds
136.417: Application time: 0.1046450 seconds
136.417: [GC136.417: [ParNew: 244544K->27136K(244544K), 0.0634640 secs] 587604K->411582K(790016K), 0.0635110 secs] [Times: user=0.44 sys=0.00, real=0.06 secs] 
136.481: Total time for which application threads were stopped: 0.0636610 seconds, Stopping threads took: 0.0000780 seconds
136.579: Application time: 0.0978180 seconds
136.579: [GC136.579: [ParNew: 244544K->27136K(244544K), 0.0687050 secs] 628990K->458109K(790016K), 0.0687550 secs] [Times: user=0.47 sys=0.00, real=0.07 secs] 
136.648: Total time for which application threads were stopped: 0.0689190 seconds, Stopping threads took: 0.0000910 seconds
136.750: Application time: 0.1025970 seconds
136.750: [GC136.750: [ParNew: 244544K->27136K(244544K), 0.0638970 secs] 675517K->499678K(790016K), 0.0639450 secs] [Times: user=0.44 sys=0.00, real=0.06 secs] 
136.814: Total time for which application threads were stopped: 0.0641680 seconds, Stopping threads took: 0.0001380 seconds
136.930: Application time: 0.1153590 seconds
136.930: [GC136.930: [ParNew: 244544K->27136K(244544K), 0.0584500 secs] 717086K->533384K(790016K), 0.0585000 secs] [Times: user=0.41 sys=0.00, real=0.06 secs] 
136.988: Total time for which application threads were stopped: 0.0586460 seconds, Stopping threads took: 0.0000720 seconds
137.111: Application time: 0.1222250 seconds
137.111: [GC137.111: [ParNew: 244544K->244544K(244544K), 0.0000150 secs]137.111: [CMS137.288: [CMS-concurrent-preclean: 0.751/1.065 secs] [Times: user=6.95 sys=0.01, real=1.07 secs] 
 (concurrent mode failure): 506248K->109583K(545472K), 0.4951500 secs] 750792K->109583K(790016K), [CMS Perm : 9117K->9117K(21248K)], 0.4952370 secs] [Times: user=0.49 sys=0.00, real=0.50 secs] 
137.606: Total time for which application threads were stopped: 0.4954030 seconds, Stopping threads took: 0.0000920 seconds
137.678: Application time: 0.0715270 seconds
137.678: [GC137.678: [ParNew: 217408K->27136K(244544K), 0.0522960 secs] 326991K->181426K(790016K), 0.0523460 secs] [Times: user=0.36 sys=0.00, real=0.05 secs] 
137.730: Total time for which application threads were stopped: 0.0525020 seconds, Stopping threads took: 0.0000730 seconds
137.829: Application time: 0.0992570 seconds
137.830: [GC137.830: [ParNew: 244544K->27136K(244544K), 0.0596030 secs] 398834K->219855K(790016K), 0.0596530 secs] [Times: user=0.42 sys=0.00, real=0.06 secs] 
137.889: Total time for which application threads were stopped: 0.0599150 seconds, Stopping threads took: 0.0001690 seconds
137.993: Application time: 0.1041100 seconds
137.993: [GC137.993: [ParNew: 244544K->27136K(244544K), 0.0517500 secs] 437263K->250191K(790016K), 0.0518010 secs] [Times: user=0.36 sys=0.00, real=0.06 secs] 
138.045: Total time for which application threads were stopped: 0.0519440 seconds, Stopping threads took: 0.0000700 seconds
138.149: Application time: 0.1041940 seconds
138.153: [GC138.153: [ParNew: 244544K->27136K(244544K), 0.0497020 secs] 467599K->280145K(790016K), 0.0497480 secs] [Times: user=0.35 sys=0.00, real=0.05 secs] 
138.202: Total time for which application threads were stopped: 0.0528860 seconds, Stopping threads took: 0.0030500 seconds
138.202: Application time: 0.0000400 seconds
138.202: [GC [1 CMS-initial-mark: 253009K(545472K)] 281061K(790016K), 0.0204510 secs] [Times: user=0.03 sys=0.00, real=0.02 secs] 
138.223: Total time for which application threads were stopped: 0.0205600 seconds, Stopping threads took: 0.0000490 seconds
138.223: [CMS-concurrent-mark-start]
138.337: Application time: 0.1138240 seconds
138.337: [GC138.337: [ParNew: 244544K->27136K(244544K), 0.0657630 secs] 497553K->324447K(790016K), 0.0658080 secs] [Times: user=0.46 sys=0.00, real=0.06 secs] 
138.403: Total time for which application threads were stopped: 0.0659830 seconds, Stopping threads took: 0.0001060 seconds
138.408: [CMS-concurrent-mark: 0.119/0.185 secs] [Times: user=1.38 sys=0.01, real=0.19 secs] 
138.408: [CMS-concurrent-preclean-start]
138.523: Application time: 0.1202120 seconds
138.523: [GC138.523: [ParNew: 244544K->27136K(244544K), 0.0492420 secs] 541855K->352122K(790016K), 0.0492890 secs] [Times: user=0.35 sys=0.00, real=0.05 secs] 
138.572: Total time for which application threads were stopped: 0.0494100 seconds, Stopping threads took: 0.0000510 seconds
138.780: [CMS-concurrent-preclean: 0.320/0.372 secs] [Times: user=2.08 sys=0.01, real=0.37 secs] 
138.780: [CMS-concurrent-abortable-preclean-start]
138.783: Application time: 0.2104880 seconds
138.783: Total time for which application threads were stopped: 0.0001160 seconds, Stopping threads took: 0.0000690 seconds
138.783: [CMS-concurrent-abortable-preclean: 0.001/0.003 secs] [Times: user=0.01 sys=0.00, real=0.00 secs] 
138.783: Application time: 0.0000410 seconds
138.783: [GC[YG occupancy: 219202 K (244544 K)]138.783: [Rescan (parallel) , 0.0365740 secs]138.820: [weak refs processing, 0.0000080 secs]138.820: [scrub string table, 0.0001590 secs] [1 CMS-remark: 324986K(545472K)] 544188K(790016K), 0.0367840 secs] [Times: user=0.29 sys=0.00, real=0.04 secs] 
138.820: Total time for which application threads were stopped: 0.0368450 seconds, Stopping threads took: 0.0000340 seconds
138.820: [CMS-concurrent-sweep-start]
138.829: Application time: 0.0086360 seconds
138.829: [GC138.829: [ParNew: 244544K->27136K(244544K), 0.0344400 secs] 569530K->369272K(790016K), 0.0344850 secs] [Times: user=0.25 sys=0.00, real=0.03 secs] 
138.863: Total time for which application threads were stopped: 0.0346430 seconds, Stopping threads took: 0.0000780 seconds
138.921: Application time: 0.0577080 seconds
138.925: [GC138.925: [ParNew: 244544K->27136K(244544K), 0.0801960 secs] 535567K->387366K(790016K), 0.0802440 secs] [Times: user=0.52 sys=0.00, real=0.08 secs] 
139.005: Total time for which application threads were stopped: 0.0839310 seconds, Stopping threads took: 0.0036160 seconds
139.114: Application time: 0.1090090 seconds
139.114: [GC139.114: [ParNew: 244544K->27136K(244544K), 0.0859900 secs] 526330K->370216K(790016K), 0.0860410 secs] [Times: user=0.58 sys=0.00, real=0.09 secs] 
139.200: Total time for which application threads were stopped: 0.0861830 seconds, Stopping threads took: 0.0000700 seconds
139.268: [CMS-concurrent-sweep: 0.243/0.448 secs] [Times: user=3.26 sys=0.00, real=0.45 secs] 
139.268: [CMS-concurrent-reset-start]
139.269: [CMS-concurrent-reset: 0.001/0.001 secs] [Times: user=0.03 sys=0.00, real=0.00 secs] 
139.335: Application time: 0.1351420 seconds
139.335: [GC139.335: [ParNew: 244544K->26763K(244544K), 0.0541510 secs] 577006K->385288K(790016K), 0.0541990 secs] [Times: user=0.39 sys=0.00, real=0.06 secs] 
139.390: Total time for which application threads were stopped: 0.0543690 seconds, Stopping threads took: 0.0000850 seconds
139.390: Application time: 0.0000780 seconds
139.390: [GC [1 CMS-initial-mark: 358525K(545472K)] 387987K(790016K), 0.0137000 secs] [Times: user=0.01 sys=0.00, real=0.01 secs] 
139.403: Total time for which application threads were stopped: 0.0138090 seconds, Stopping threads took: 0.0000610 seconds
139.403: [CMS-concurrent-mark-start]
139.537: Application time: 0.1339730 seconds
139.541: [GC139.541: [ParNew: 244171K->27136K(244544K), 0.0420380 secs] 602696K->403409K(790016K), 0.0420890 secs] [Times: user=0.30 sys=0.00, real=0.04 secs] 
139.583: Total time for which application threads were stopped: 0.0452690 seconds, Stopping threads took: 0.0031040 seconds
139.611: [CMS-concurrent-mark: 0.163/0.208 secs] [Times: user=1.59 sys=0.01, real=0.21 secs] 
139.611: [CMS-concurrent-preclean-start]
139.668: Application time: 0.0852930 seconds
139.668: [GC139.668: [ParNew: 244544K->27136K(244544K), 0.0798600 secs] 620817K->462904K(790016K), 0.0799070 secs] [Times: user=0.55 sys=0.00, real=0.08 secs] 
139.748: Total time for which application threads were stopped: 0.0800920 seconds, Stopping threads took: 0.0001130 seconds
139.858: Application time: 0.1097020 seconds
139.858: [GC139.858: [ParNew: 244544K->27136K(244544K), 0.0639880 secs] 680312K->502672K(790016K), 0.0640370 secs] [Times: user=0.44 sys=0.00, real=0.06 secs] 
139.922: Total time for which application threads were stopped: 0.0642220 seconds, Stopping threads took: 0.0000950 seconds
140.037: Application time: 0.1153730 seconds
140.037: [GC140.037: [ParNew: 244544K->27136K(244544K), 0.0595150 secs] 720080K->537288K(790016K), 0.0595630 secs] [Times: user=0.42 sys=0.00, real=0.06 secs] 
140.097: Total time for which application threads were stopped: 0.0597130 seconds, Stopping threads took: 0.0000800 seconds
140.229: Application time: 0.1315140 seconds
140.229: [GC140.229: [ParNew: 244544K->244544K(244544K), 0.0000140 secs]140.229: [CMS140.379: [CMS-concurrent-preclean: 0.559/0.767 secs] [Times: user=4.86 sys=0.01, real=0.77 secs] 
 (concurrent mode failure): 510152K->97313K(545472K), 0.4763290 secs] 754696K->97313K(790016K), [CMS Perm : 9142K->9142K(21248K)], 0.4764030 secs] [Times: user=0.48 sys=0.00, real=0.48 secs] 
140.705: Total time for which application threads were stopped: 0.4765650 seconds, Stopping threads took: 0.0000890 seconds
140.774: Application time: 0.0686570 seconds
140.774: [GC140.774: [ParNew: 217408K->27136K(244544K), 0.0483870 secs] 314721K->166203K(790016K), 0.0484370 secs] [Times: user=0.32 sys=0.01, real=0.05 secs] 
140.822: Total time for which application threads were stopped: 0.0486540 seconds, Stopping threads took: 0.0001330 seconds
140.914: Application time: 0.0913220 seconds
140.914: [GC140.914: [ParNew: 244544K->27136K(244544K), 0.0616790 secs] 383611K->210873K(790016K), 0.0617380 secs] [Times: user=0.42 sys=0.00, real=0.06 secs] 
140.976: Total time for which application threads were stopped: 0.0618910 seconds, Stopping threads took: 0.0000800 seconds
141.072: Application time: 0.0958940 seconds
141.072: [GC141.072: [ParNew: 244544K->27136K(244544K), 0.0672140 secs] 428281K->256485K(790016K), 0.0672660 secs] [Times: user=0.46 sys=0.00, real=0.07 secs] 
141.139: Total time for which application threads were stopped: 0.0674520 seconds, Stopping threads took: 0.0001140 seconds
141.164: Application time: 0.0254380 seconds
141.165: [GC [1 CMS-initial-mark: 229349K(545472K)] 305620K(790016K), 0.0549180 secs] [Times: user=0.05 sys=0.00, real=0.05 secs] 
141.220: Total time for which application threads were stopped: 0.0550700 seconds, Stopping threads took: 0.0000920 seconds
141.220: [CMS-concurrent-mark-start]
141.339: Application time: 0.1195540 seconds
141.340: [GC141.340: [ParNew: 244544K->27136K(244544K), 0.0465560 secs] 473893K->280963K(790016K), 0.0466060 secs] [Times: user=0.33 sys=0.00, real=0.05 secs] 
141.387: Total time for which application threads were stopped: 0.0477690 seconds, Stopping threads took: 0.0010800 seconds
141.468: [CMS-concurrent-mark: 0.201/0.249 secs] [Times: user=1.92 sys=0.00, real=0.25 secs] 
141.468: [CMS-concurrent-preclean-start]
141.495: Application time: 0.1085180 seconds
141.496: [GC141.496: [ParNew: 244544K->27136K(244544K), 0.0613580 secs] 498371K->316560K(790016K), 0.0614080 secs] [Times: user=0.43 sys=0.00, real=0.07 secs] 
141.557: Total time for which application threads were stopped: 0.0615930 seconds, Stopping threads took: 0.0001130 seconds
141.642: Application time: 0.0848070 seconds
141.642: [GC141.642: [ParNew: 244544K->27136K(244544K), 0.0777780 secs] 533968K->376163K(790016K), 0.0778280 secs] [Times: user=0.53 sys=0.00, real=0.08 secs] 
141.720: Total time for which application threads were stopped: 0.0780160 seconds, Stopping threads took: 0.0001140 seconds
141.836: Application time: 0.1158350 seconds
141.837: [GC141.837: [ParNew: 244544K->27136K(244544K), 0.0585410 secs] 593571K->408392K(790016K), 0.0585880 secs] [Times: user=0.41 sys=0.00, real=0.05 secs] 
141.895: Total time for which application threads were stopped: 0.0594980 seconds, Stopping threads took: 0.0008400 seconds
142.018: Application time: 0.1232120 seconds
142.019: [GC142.019: [ParNew: 244544K->27136K(244544K), 0.0481990 secs] 625800K->434210K(790016K), 0.0482500 secs] [Times: user=0.35 sys=0.00, real=0.05 secs] 
142.067: Total time for which application threads were stopped: 0.0484420 seconds, Stopping threads took: 0.0001090 seconds
142.165: Application time: 0.0980580 seconds
142.165: [GC142.165: [ParNew: 244544K->27136K(244544K), 0.0622940 secs] 651618K->475296K(790016K), 0.0623410 secs] [Times: user=0.43 sys=0.00, real=0.06 secs] 
142.227: Total time for which application threads were stopped: 0.0624750 seconds, Stopping threads took: 0.0000620 seconds
142.310: Application time: 0.0821930 seconds
142.310: [GC142.310: [ParNew: 244544K->27136K(244544K), 0.0770680 secs] 692704K->531855K(790016K), 0.0771170 secs] [Times: user=0.53 sys=0.00, real=0.08 secs] 
142.387: Total time for which application threads were stopped: 0.0772990 seconds, Stopping threads took: 0.0001090 seconds
142.499: Application time: 0.1122940 seconds
142.499: [GC142.499: [ParNew: 244544K->244544K(244544K), 0.0000130 secs]142.499: [CMS142.708: [CMS-concurrent-preclean: 0.848/1.240 secs] [Times: user=8.06 sys=0.01, real=1.24 secs] 
 (concurrent mode failure): 504719K->149201K(545472K), 0.6091240 secs] 749263K->149201K(790016K), [CMS Perm : 9142K->9142K(21248K)], 0.6092120 secs] [Times: user=0.61 sys=0.00, real=0.61 secs] 
143.109: Total time for which application threads were stopped: 0.6093830 seconds, Stopping threads took: 0.0000760 seconds
143.220: Application time: 0.1114460 seconds
143.220: [GC143.220: [ParNew: 217408K->27136K(244544K), 0.0226040 secs] 366609K->177783K(790016K), 0.0226510 secs] [Times: user=0.18 sys=0.00, real=0.02 secs] 
143.243: Total time for which application threads were stopped: 0.0228680 seconds, Stopping threads took: 0.0001250 seconds
143.344: Application time: 0.1006920 seconds
143.344: [GC143.344: [ParNew: 244544K->27136K(244544K), 0.0521480 secs] 395191K->217454K(790016K), 0.0521980 secs] [Times: user=0.37 sys=0.00, real=0.05 secs] 
143.396: Total time for which application threads were stopped: 0.0523710 seconds, Stopping threads took: 0.0001000 seconds
143.472: Application time: 0.0756780 seconds
143.472: [GC143.472: [ParNew: 244544K->27136K(244544K), 0.0706440 secs] 434862K->276945K(790016K), 0.0706940 secs] [Times: user=0.48 sys=0.00, real=0.07 secs] 
143.542: Total time for which application threads were stopped: 0.0708230 seconds, Stopping threads took: 0.0000530 seconds
143.542: Application time: 0.0000560 seconds
143.543: [GC [1 CMS-initial-mark: 249809K(545472K)] 278353K(790016K), 0.0201250 secs] [Times: user=0.02 sys=0.00, real=0.02 secs] 
143.563: Total time for which application threads were stopped: 0.0202440 seconds, Stopping threads took: 0.0000700 seconds
143.563: [CMS-concurrent-mark-start]
143.676: Application time: 0.1129550 seconds
143.677: [GC143.677: [ParNew: 244544K->27136K(244544K), 0.0685820 secs] 494353K->323329K(790016K), 0.0686300 secs] [Times: user=0.48 sys=0.00, real=0.07 secs] 
143.745: Total time for which application threads were stopped: 0.0695320 seconds, Stopping threads took: 0.0008320 seconds
143.822: [CMS-concurrent-mark: 0.189/0.259 secs] [Times: user=1.98 sys=0.00, real=0.26 secs] 
143.822: [CMS-concurrent-preclean-start]
143.884: Application time: 0.1386240 seconds
143.884: [GC143.884: [ParNew: 244544K->27136K(244544K), 0.0553320 secs] 540737K->350543K(790016K), 0.0553820 secs] [Times: user=0.39 sys=0.00, real=0.06 secs] 
143.939: Total time for which application threads were stopped: 0.0555800 seconds, Stopping threads took: 0.0001140 seconds
144.044: Application time: 0.1043150 seconds
144.044: [GC144.044: [ParNew: 244544K->27136K(244544K), 0.0527500 secs] 567951K->381330K(790016K), 0.0527990 secs] [Times: user=0.37 sys=0.00, real=0.06 secs] 
144.097: Total time for which application threads were stopped: 0.0530010 seconds, Stopping threads took: 0.0001290 seconds
144.190: Application time: 0.0933810 seconds
144.190: [GC144.190: [ParNew: 244544K->27136K(244544K), 0.0712640 secs] 598738K->430741K(790016K), 0.0713130 secs] [Times: user=0.49 sys=0.00, real=0.07 secs] 
144.262: Total time for which application threads were stopped: 0.0714790 seconds, Stopping threads took: 0.0000930 seconds
144.361: Application time: 0.0993430 seconds
144.361: [GC144.361: [ParNew: 244544K->27136K(244544K), 0.0667020 secs] 648149K->474464K(790016K), 0.0667520 secs] [Times: user=0.46 sys=0.00, real=0.07 secs] 
144.428: Total time for which application threads were stopped: 0.0669140 seconds, Stopping threads took: 0.0000920 seconds
144.560: Application time: 0.1317690 seconds
144.560: [GC144.560: [ParNew: 244544K->27065K(244544K), 0.0453010 secs] 691872K->497225K(790016K), 0.0453540 secs] [Times: user=0.32 sys=0.01, real=0.05 secs] 
144.605: Total time for which application threads were stopped: 0.0455680 seconds, Stopping threads took: 0.0001290 seconds
144.696: Application time: 0.0912530 seconds
144.697: [GC144.697: [ParNew: 244473K->27136K(244544K), 0.0709540 secs] 714633K->543451K(790016K), 0.0710050 secs] [Times: user=0.50 sys=0.00, real=0.07 secs] 
144.768: Total time for which application threads were stopped: 0.0711800 seconds, Stopping threads took: 0.0001010 seconds
144.875: Application time: 0.1071130 seconds
144.875: [GC144.875: [ParNew: 244544K->244544K(244544K), 0.0000140 secs]144.875: [CMS145.067: [CMS-concurrent-preclean: 0.877/1.245 secs] [Times: user=8.24 sys=0.02, real=1.25 secs] 
 (concurrent mode failure): 516315K->144070K(545472K), 0.5819700 secs] 760859K->144070K(790016K), [CMS Perm : 9143K->9143K(21248K)], 0.5820430 secs] [Times: user=0.59 sys=0.00, real=0.59 secs] 
145.457: Total time for which application threads were stopped: 0.5822090 seconds, Stopping threads took: 0.0000900 seconds
145.551: Application time: 0.0937780 seconds
145.551: [GC145.551: [ParNew: 217408K->27136K(244544K), 0.0327350 secs] 361478K->189221K(790016K), 0.0327940 secs] [Times: user=0.24 sys=0.00, real=0.03 secs] 
145.584: Total time for which application threads were stopped: 0.0330100 seconds, Stopping threads took: 0.0001210 seconds
145.690: Application time: 0.1064520 seconds
145.690: [GC145.690: [ParNew: 244544K->27136K(244544K), 0.0474200 secs] 406629K->219721K(790016K), 0.0474690 secs] [Times: user=0.34 sys=0.00, real=0.05 secs] 
145.738: Total time for which application threads were stopped: 0.0476470 seconds, Stopping threads took: 0.0001040 seconds
145.833: Application time: 0.0953680 seconds
145.833: [GC145.833: [ParNew: 244544K->27136K(244544K), 0.0550530 secs] 437129K->257705K(790016K), 0.0551010 secs] [Times: user=0.38 sys=0.00, real=0.06 secs] 
145.889: Total time for which application threads were stopped: 0.0553600 seconds, Stopping threads took: 0.0001860 seconds
145.972: Application time: 0.0835100 seconds
145.972: [GC145.972: [ParNew: 244544K->27136K(244544K), 0.0719080 secs] 475113K->315369K(790016K), 0.0719580 secs] [Times: user=0.49 sys=0.00, real=0.07 secs] 
146.044: Total time for which application threads were stopped: 0.0721210 seconds, Stopping threads took: 0.0000890 seconds
146.044: Application time: 0.0002320 seconds
146.045: [GC [1 CMS-initial-mark: 288233K(545472K)] 318874K(790016K), 0.0233670 secs] [Times: user=0.02 sys=0.00, real=0.02 secs] 
146.068: Total time for which application threads were stopped: 0.0234870 seconds, Stopping threads took: 0.0000690 seconds
146.068: [CMS-concurrent-mark-start]
146.189: Application time: 0.1210690 seconds
146.189: [GC146.189: [ParNew: 244544K->27136K(244544K), 0.0559660 secs] 532777K->348092K(790016K), 0.0560140 secs] [Times: user=0.39 sys=0.00, real=0.06 secs] 
146.245: Total time for which application threads were stopped: 0.0561890 seconds, Stopping threads took: 0.0000890 seconds
146.321: [CMS-concurrent-mark: 0.197/0.253 secs] [Times: user=1.93 sys=0.00, real=0.25 secs] 
146.321: [CMS-concurrent-preclean-start]
146.361: Application time: 0.1159800 seconds
146.361: [GC146.361: [ParNew: 244544K->27136K(244544K), 0.0547310 secs] 565500K->381522K(790016K), 0.0547820 secs] [Times: user=0.38 sys=0.00, real=0.05 secs] 
146.416: Total time for which application threads were stopped: 0.0549370 seconds, Stopping threads took: 0.0000820 seconds
146.523: Application time: 0.1067310 seconds
146.523: [GC146.523: [ParNew: 244544K->27136K(244544K), 0.0501980 secs] 598930K->411076K(790016K), 0.0502460 secs] [Times: user=0.35 sys=0.00, real=0.05 secs] 
146.573: Total time for which application threads were stopped: 0.0504490 seconds, Stopping threads took: 0.0001310 seconds
146.675: Application time: 0.1020350 seconds
146.676: [GC146.676: [ParNew: 244544K->27136K(244544K), 0.0586390 secs] 628484K->449672K(790016K), 0.0586880 secs] [Times: user=0.40 sys=0.00, real=0.06 secs] 
146.734: Total time for which application threads were stopped: 0.0588620 seconds, Stopping threads took: 0.0001000 seconds
146.835: Application time: 0.1011140 seconds
146.836: [GC146.836: [ParNew: 244544K->27136K(244544K), 0.0669260 secs] 667080K->494330K(790016K), 0.0669750 secs] [Times: user=0.47 sys=0.00, real=0.07 secs] 
146.903: Total time for which application threads were stopped: 0.0671550 seconds, Stopping threads took: 0.0000920 seconds
147.013: Application time: 0.1101940 seconds
147.013: [GC147.013: [ParNew: 244544K->27134K(244544K), 0.0614370 secs] 711738K->532719K(790016K), 0.0614840 secs] [Times: user=0.43 sys=0.00, real=0.06 secs] 
147.074: Total time for which application threads were stopped: 0.0616290 seconds, Stopping threads took: 0.0000750 seconds
147.200: Application time: 0.1259160 seconds
147.200: [GC147.200: [ParNew: 244542K->244542K(244544K), 0.0000220 secs]147.200: [CMS147.388: [CMS-concurrent-preclean: 0.769/1.067 secs] [Times: user=6.91 sys=0.01, real=1.07 secs] 
 (concurrent mode failure): 505585K->109701K(545472K), 0.5165610 secs] 750127K->109701K(790016K), [CMS Perm : 9143K->9143K(21248K)], 0.5166440 secs] [Times: user=0.52 sys=0.00, real=0.52 secs] 
147.717: Total time for which application threads were stopped: 0.5168250 seconds, Stopping threads took: 0.0000950 seconds
147.799: Application time: 0.0818940 seconds
147.799: [GC147.799: [ParNew: 217408K->27134K(244544K), 0.0438090 secs] 327109K->169998K(790016K), 0.0438600 secs] [Times: user=0.31 sys=0.00, real=0.04 secs] 
147.843: Total time for which application threads were stopped: 0.0440660 seconds, Stopping threads took: 0.0001200 seconds
147.936: Application time: 0.0932620 seconds
147.936: [GC147.936: [ParNew: 244542K->27136K(244544K), 0.0631900 secs] 387406K->217575K(790016K), 0.0632390 secs] [Times: user=0.44 sys=0.00, real=0.06 secs] 
148.000: Total time for which application threads were stopped: 0.0634060 seconds, Stopping threads took: 0.0000790 seconds
148.092: Application time: 0.0923620 seconds
148.092: [GC148.092: [ParNew: 244544K->27135K(244544K), 0.0644570 secs] 434983K->262328K(790016K), 0.0645130 secs] [Times: user=0.45 sys=0.00, real=0.07 secs] 
148.158: Total time for which application threads were stopped: 0.0661210 seconds, Stopping threads took: 0.0001000 seconds
148.158: Application time: 0.0000600 seconds
148.158: [GC [1 CMS-initial-mark: 235192K(545472K)] 264735K(790016K), 0.0226280 secs] [Times: user=0.02 sys=0.00, real=0.02 secs] 
148.181: Total time for which application threads were stopped: 0.0227930 seconds, Stopping threads took: 0.0001150 seconds
148.181: [CMS-concurrent-mark-start]
148.312: [CMS-concurrent-mark: 0.131/0.131 secs] [Times: user=1.03 sys=0.00, real=0.13 secs] 
148.312: [CMS-concurrent-preclean-start]
148.320: Application time: 0.1388120 seconds
148.320: [GC148.320: [ParNew: 244543K->27135K(244544K), 0.0441180 secs] 479736K->285772K(790016K), 0.0441670 secs] [Times: user=0.32 sys=0.00, real=0.04 secs] 
148.364: Total time for which application threads were stopped: 0.0443560 seconds, Stopping threads took: 0.0001030 seconds
148.365: [CMS-concurrent-preclean: 0.009/0.053 secs] [Times: user=0.40 sys=0.00, real=0.06 secs] 
148.365: [CMS-concurrent-abortable-preclean-start]
148.467: Application time: 0.1023060 seconds
148.467: [GC148.467: [ParNew: 244448K->27136K(244544K), 0.0566230 secs] 503086K->320742K(790016K), 0.0566730 secs] [Times: user=0.40 sys=0.00, real=0.05 secs] 
148.523: Total time for which application threads were stopped: 0.0568600 seconds, Stopping threads took: 0.0001140 seconds
148.618: Application time: 0.0946130 seconds
148.618: [GC148.618: [ParNew: 244544K->27136K(244544K), 0.0757960 secs] 538150K->376258K(790016K), 0.0758420 secs] [Times: user=0.52 sys=0.00, real=0.07 secs] 
148.694: Total time for which application threads were stopped: 0.0759880 seconds, Stopping threads took: 0.0000760 seconds
148.696: [CMS-concurrent-abortable-preclean: 0.197/0.331 secs] [Times: user=2.49 sys=0.00, real=0.32 secs] 
148.696: Application time: 0.0022790 seconds
148.696: [GC[YG occupancy: 32915 K (244544 K)]148.696: [Rescan (parallel) , 0.0402030 secs]148.737: [weak refs processing, 0.0000090 secs]148.737: [scrub string table, 0.0001860 secs] [1 CMS-remark: 349122K(545472K)] 382038K(790016K), 0.0404420 secs] [Times: user=0.32 sys=0.00, real=0.05 secs] 
148.737: Total time for which application threads were stopped: 0.0405550 seconds, Stopping threads took: 0.0000750 seconds
148.752: [CMS-concurrent-sweep-start]
148.842: Application time: 0.1054040 seconds
148.842: [GC148.842: [ParNew: 244544K->27136K(244544K), 0.0687510 secs] 522562K->347366K(790016K), 0.0687980 secs] [Times: user=0.45 sys=0.00, real=0.07 secs] 
148.911: Total time for which application threads were stopped: 0.0689580 seconds, Stopping threads took: 0.0000790 seconds
149.033: [CMS-concurrent-sweep: 0.212/0.281 secs] [Times: user=2.13 sys=0.01, real=0.28 secs] 
149.033: [CMS-concurrent-reset-start]
149.035: [CMS-concurrent-reset: 0.001/0.001 secs] [Times: user=0.00 sys=0.00, real=0.00 secs] 
149.039: Application time: 0.1282400 seconds
149.040: [GC149.040: [ParNew: 244544K->27136K(244544K), 0.0478120 secs] 531121K->339862K(790016K), 0.0478680 secs] [Times: user=0.33 sys=0.00, real=0.05 secs] 
149.087: Total time for which application threads were stopped: 0.0480080 seconds, Stopping threads took: 0.0000670 seconds
149.088: Application time: 0.0000910 seconds
149.088: [GC [1 CMS-initial-mark: 312726K(545472K)] 342457K(790016K), 0.0210220 secs] [Times: user=0.02 sys=0.00, real=0.02 secs] 
149.109: Total time for which application threads were stopped: 0.0211410 seconds, Stopping threads took: 0.0000680 seconds
149.109: [CMS-concurrent-mark-start]
149.219: Application time: 0.1098750 seconds
149.219: [GC149.219: [ParNew: 244544K->27136K(244544K), 0.0522000 secs] 557270K->369863K(790016K), 0.0522500 secs] [Times: user=0.36 sys=0.00, real=0.05 secs] 
149.271: Total time for which application threads were stopped: 0.0524040 seconds, Stopping threads took: 0.0000800 seconds
149.342: [CMS-concurrent-mark: 0.181/0.233 secs] [Times: user=1.80 sys=0.01, real=0.23 secs] 
149.342: [CMS-concurrent-preclean-start]
149.373: Application time: 0.1017480 seconds
149.373: [GC149.373: [ParNew: 244544K->27136K(244544K), 0.0677990 secs] 587271K->416621K(790016K), 0.0678450 secs] [Times: user=0.47 sys=0.00, real=0.07 secs] 
149.441: Total time for which application threads were stopped: 0.0680060 seconds, Stopping threads took: 0.0000790 seconds
149.553: Application time: 0.1118370 seconds
149.553: [GC149.553: [ParNew: 244415K->27136K(244544K), 0.0538610 secs] 633900K->448013K(790016K), 0.0539110 secs] [Times: user=0.38 sys=0.00, real=0.06 secs] 
149.607: Total time for which application threads were stopped: 0.0542090 seconds, Stopping threads took: 0.0002070 seconds
149.707: Application time: 0.1004590 seconds
149.707: [GC149.707: [ParNew: 244544K->27136K(244544K), 0.0584510 secs] 665421K->485858K(790016K), 0.0584970 secs] [Times: user=0.40 sys=0.00, real=0.06 secs] 
149.766: Total time for which application threads were stopped: 0.0586670 seconds, Stopping threads took: 0.0000980 seconds
149.869: Application time: 0.1031580 seconds
149.869: [GC149.869: [ParNew: 244544K->27136K(244544K), 0.0645300 secs] 703266K->527811K(790016K), 0.0645920 secs] [Times: user=0.44 sys=0.00, real=0.06 secs] 
149.934: Total time for which application threads were stopped: 0.0647800 seconds, Stopping threads took: 0.0001100 seconds
150.035: Application time: 0.1011570 seconds
150.035: [GC150.035: [ParNew: 244544K->244544K(244544K), 0.0000150 secs]150.035: [CMS150.181: [CMS-concurrent-preclean: 0.589/0.839 secs] [Times: user=5.43 sys=0.00, real=0.84 secs] 
 (concurrent mode failure): 500675K->149797K(545472K), 0.5346390 secs] 745219K->149797K(790016K), [CMS Perm : 9144K->9144K(21248K)], 0.5347140 secs] [Times: user=0.54 sys=0.00, real=0.54 secs] 
150.570: Total time for which application threads were stopped: 0.5349000 seconds, Stopping threads took: 0.0000970 seconds
150.681: Application time: 0.1108200 seconds
150.681: [GC150.681: [ParNew: 217408K->27134K(244544K), 0.0197030 secs] 367205K->177023K(790016K), 0.0197520 secs] [Times: user=0.14 sys=0.00, real=0.02 secs] 
150.701: Total time for which application threads were stopped: 0.0199200 seconds, Stopping threads took: 0.0000840 seconds
150.787: Application time: 0.0864020 seconds
150.787: [GC150.787: [ParNew: 244542K->27136K(244544K), 0.0603880 secs] 394431K->226986K(790016K), 0.0604380 secs] [Times: user=0.42 sys=0.00, real=0.06 secs] 
150.848: Total time for which application threads were stopped: 0.0606380 seconds, Stopping threads took: 0.0001250 seconds
150.950: Application time: 0.1023410 seconds
150.950: [GC150.950: [ParNew: 244544K->27136K(244544K), 0.0544110 secs] 444394K->262282K(790016K), 0.0544600 secs] [Times: user=0.38 sys=0.00, real=0.06 secs] 
151.005: Total time for which application threads were stopped: 0.0546290 seconds, Stopping threads took: 0.0000950 seconds
151.083: Application time: 0.0780650 seconds
151.083: [GC151.083: [ParNew: 244544K->27136K(244544K), 0.0817750 secs] 479690K->328593K(790016K), 0.0818240 secs] [Times: user=0.56 sys=0.00, real=0.09 secs] 
151.165: Total time for which application threads were stopped: 0.0819890 seconds, Stopping threads took: 0.0000880 seconds
151.180: Application time: 0.0157200 seconds
151.181: [GC [1 CMS-initial-mark: 301457K(545472K)] 361088K(790016K), 0.0427600 secs] [Times: user=0.05 sys=0.00, real=0.04 secs] 
151.224: Total time for which application threads were stopped: 0.0430310 seconds, Stopping threads took: 0.0002160 seconds
151.224: [CMS-concurrent-mark-start]
151.339: Application time: 0.1153360 seconds
151.339: [GC151.339: [ParNew: 244544K->27136K(244544K), 0.0501710 secs] 546001K->355465K(790016K), 0.0502200 secs] [Times: user=0.35 sys=0.00, real=0.05 secs] 
151.389: Total time for which application threads were stopped: 0.0503940 seconds, Stopping threads took: 0.0000890 seconds
151.485: [CMS-concurrent-mark: 0.211/0.261 secs] [Times: user=2.03 sys=0.01, real=0.27 secs] 
151.485: [CMS-concurrent-preclean-start]
151.510: Application time: 0.1212060 seconds
151.511: [GC151.511: [ParNew: 244544K->27136K(244544K), 0.0484360 secs] 572873K->381947K(790016K), 0.0484860 secs] [Times: user=0.35 sys=0.00, real=0.05 secs] 
151.559: Total time for which application threads were stopped: 0.0486630 seconds, Stopping threads took: 0.0001040 seconds
151.657: Application time: 0.0982640 seconds
151.658: [GC151.658: [ParNew: 244544K->27136K(244544K), 0.0670560 secs] 599355K->427566K(790016K), 0.0671060 secs] [Times: user=0.47 sys=0.00, real=0.07 secs] 
151.725: Total time for which application threads were stopped: 0.0672750 seconds, Stopping threads took: 0.0000940 seconds
151.818: Application time: 0.0934090 seconds
151.818: [GC151.818: [ParNew: 244522K->27136K(244544K), 0.0738820 secs] 644952K->478871K(790016K), 0.0739300 secs] [Times: user=0.51 sys=0.00, real=0.07 secs] 
151.892: Total time for which application threads were stopped: 0.0741220 seconds, Stopping threads took: 0.0001190 seconds
152.009: Application time: 0.1164870 seconds
152.009: [GC152.009: [ParNew: 244544K->27136K(244544K), 0.0560790 secs] 696279K->510838K(790016K), 0.0561300 secs] [Times: user=0.39 sys=0.00, real=0.06 secs] 
152.065: Total time for which application threads were stopped: 0.0563300 seconds, Stopping threads took: 0.0001140 seconds
152.192: Application time: 0.1270950 seconds
152.192: [GC152.192: [ParNew: 244544K->27136K(244544K), 0.0482930 secs] 728246K->536676K(790016K), 0.0483400 secs] [Times: user=0.35 sys=0.00, real=0.05 secs] 
152.241: Total time for which application threads were stopped: 0.0484810 seconds, Stopping threads took: 0.0000670 seconds
152.335: Application time: 0.0940850 seconds
152.337: [GC152.337: [ParNew: 244544K->244544K(244544K), 0.0000150 secs]152.337: [CMS152.501: [CMS-concurrent-preclean: 0.716/1.016 secs] [Times: user=6.65 sys=0.01, real=1.01 secs] 
 (concurrent mode failure): 509540K->125749K(545472K), 0.5251750 secs] 754084K->125749K(790016K), [CMS Perm : 9144K->9144K(21248K)], 0.5252470 secs] [Times: user=0.53 sys=0.00, real=0.52 secs] 
152.862: Total time for which application threads were stopped: 0.5270970 seconds, Stopping threads took: 0.0017750 seconds
152.950: Application time: 0.0883130 seconds
152.950: [GC152.950: [ParNew: 217408K->27136K(244544K), 0.0428600 secs] 343157K->182703K(790016K), 0.0429090 secs] [Times: user=0.31 sys=0.00, real=0.04 secs] 
152.993: Total time for which application threads were stopped: 0.0432100 seconds, Stopping threads took: 0.0001930 seconds
153.092: Application time: 0.0988230 seconds
153.092: [GC153.092: [ParNew: 244544K->27136K(244544K), 0.0546270 secs] 400111K->217879K(790016K), 0.0546780 secs] [Times: user=0.39 sys=0.00, real=0.06 secs] 
153.147: Total time for which application threads were stopped: 0.0549260 seconds, Stopping threads took: 0.0001730 seconds
153.254: Application time: 0.1066420 seconds
153.254: [GC153.254: [ParNew: 244544K->27136K(244544K), 0.0548370 secs] 435287K->249615K(790016K), 0.0548900 secs] [Times: user=0.38 sys=0.00, real=0.06 secs] 
153.309: Total time for which application threads were stopped: 0.0550750 seconds, Stopping threads took: 0.0001130 seconds
153.397: Application time: 0.0886450 seconds
153.398: [GC153.398: [ParNew: 244544K->27136K(244544K), 0.0603720 secs] 467023K->293698K(790016K), 0.0604300 secs] [Times: user=0.41 sys=0.00, real=0.06 secs] 
153.458: Total time for which application threads were stopped: 0.0606720 seconds, Stopping threads took: 0.0001690 seconds
153.458: Application time: 0.0000750 seconds
153.458: [GC [1 CMS-initial-mark: 266562K(545472K)] 296255K(790016K), 0.0218010 secs] [Times: user=0.02 sys=0.00, real=0.02 secs] 
153.480: Total time for which application threads were stopped: 0.0219430 seconds, Stopping threads took: 0.0000810 seconds
153.480: [CMS-concurrent-mark-start]
153.589: Application time: 0.1092360 seconds
153.590: [GC153.590: [ParNew: 244544K->27136K(244544K), 0.0666650 secs] 511106K->339358K(790016K), 0.0667130 secs] [Times: user=0.46 sys=0.00, real=0.06 secs] 
153.656: Total time for which application threads were stopped: 0.0669360 seconds, Stopping threads took: 0.0001310 seconds
153.772: [CMS-concurrent-mark: 0.225/0.292 secs] [Times: user=2.26 sys=0.00, real=0.29 secs] 
153.773: [CMS-concurrent-preclean-start]
153.787: Application time: 0.1310620 seconds
153.788: [GC153.788: [ParNew: 244544K->27136K(244544K), 0.0533400 secs] 556766K->368980K(790016K), 0.0533890 secs] [Times: user=0.38 sys=0.00, real=0.05 secs] 
153.841: Total time for which application threads were stopped: 0.0535490 seconds, Stopping threads took: 0.0000890 seconds
153.947: Application time: 0.1064370 seconds
153.947: [GC153.947: [ParNew: 244544K->27136K(244544K), 0.0693400 secs] 586388K->411085K(790016K), 0.0693890 secs] [Times: user=0.48 sys=0.00, real=0.07 secs] 
154.017: Total time for which application threads were stopped: 0.0695210 seconds, Stopping threads took: 0.0000620 seconds
154.127: Application time: 0.1096410 seconds
154.127: [GC154.127: [ParNew: 244544K->27136K(244544K), 0.0558450 secs] 628493K->445162K(790016K), 0.0558950 secs] [Times: user=0.39 sys=0.00, real=0.05 secs] 
154.183: Total time for which application threads were stopped: 0.0560550 seconds, Stopping threads took: 0.0000780 seconds
154.280: Application time: 0.0969330 seconds
154.280: [GC154.280: [ParNew: 244544K->27136K(244544K), 0.0723110 secs] 662570K->496915K(790016K), 0.0723590 secs] [Times: user=0.50 sys=0.00, real=0.07 secs] 
154.352: Total time for which application threads were stopped: 0.0725130 seconds, Stopping threads took: 0.0000800 seconds
154.469: Application time: 0.1170970 seconds
154.469: [GC154.469: [ParNew: 244544K->27136K(244544K), 0.0562540 secs] 714323K->529800K(790016K), 0.0563020 secs] [Times: user=0.40 sys=0.00, real=0.06 secs] 
154.526: Total time for which application threads were stopped: 0.0564880 seconds, Stopping threads took: 0.0001130 seconds
154.643: Application time: 0.1176350 seconds
154.643: [GC154.643: [ParNew: 244544K->244544K(244544K), 0.0000130 secs]154.643: [CMS154.803: [CMS-concurrent-preclean: 0.718/1.031 secs] [Times: user=6.79 sys=0.01, real=1.03 secs] 
 (concurrent mode failure): 502664K->132162K(545472K), 0.5417470 secs] 747208K->132162K(790016K), [CMS Perm : 9144K->9144K(21248K)], 0.5418170 secs] [Times: user=0.54 sys=0.00, real=0.55 secs] 
155.185: Total time for which application threads were stopped: 0.5419870 seconds, Stopping threads took: 0.0000850 seconds
155.283: Application time: 0.0973010 seconds
155.283: [GC155.283: [ParNew: 217408K->27136K(244544K), 0.0309990 secs] 349570K->174722K(790016K), 0.0310480 secs] [Times: user=0.22 sys=0.00, real=0.03 secs] 
155.314: Total time for which application threads were stopped: 0.0312770 seconds, Stopping threads took: 0.0001230 seconds
155.398: Application time: 0.0845540 seconds
155.399: [GC155.399: [ParNew: 244544K->27136K(244544K), 0.0655400 secs] 392130K->230978K(790016K), 0.0655900 secs] [Times: user=0.45 sys=0.00, real=0.06 secs] 
155.464: Total time for which application threads were stopped: 0.0657420 seconds, Stopping threads took: 0.0000770 seconds
155.558: Application time: 0.0935080 seconds
155.560: [GC155.560: [ParNew: 244544K->27136K(244544K), 0.0644510 secs] 448386K->275501K(790016K), 0.0645190 secs] [Times: user=0.44 sys=0.01, real=0.07 secs] 
155.625: Total time for which application threads were stopped: 0.0668600 seconds, Stopping threads took: 0.0022620 seconds
155.648: Application time: 0.0239600 seconds
155.649: [GC [1 CMS-initial-mark: 248365K(545472K)] 332272K(790016K), 0.0525780 secs] [Times: user=0.05 sys=0.00, real=0.05 secs] 
155.701: Total time for which application threads were stopped: 0.0527280 seconds, Stopping threads took: 0.0000930 seconds
155.701: [CMS-concurrent-mark-start]
155.798: Application time: 0.0967350 seconds
155.801: [GC155.801: [ParNew: 244544K->27136K(244544K), 0.0564840 secs] 492909K->307935K(790016K), 0.0565360 secs] [Times: user=0.40 sys=0.00, real=0.06 secs] 
155.857: Total time for which application threads were stopped: 0.0592630 seconds, Stopping threads took: 0.0026200 seconds
155.953: [CMS-concurrent-mark: 0.193/0.252 secs] [Times: user=1.93 sys=0.00, real=0.25 secs] 
155.953: [CMS-concurrent-preclean-start]
155.982: Application time: 0.1250770 seconds
155.982: [GC155.982: [ParNew: 244544K->27136K(244544K), 0.0527670 secs] 525343K->339117K(790016K), 0.0528120 secs] [Times: user=0.37 sys=0.00, real=0.05 secs] 
156.035: Total time for which application threads were stopped: 0.0529480 seconds, Stopping threads took: 0.0000650 seconds
156.136: Application time: 0.1012300 seconds
156.137: [GC156.137: [ParNew: 244544K->27135K(244544K), 0.0609140 secs] 556525K->379509K(790016K), 0.0609630 secs] [Times: user=0.42 sys=0.00, real=0.06 secs] 
156.198: Total time for which application threads were stopped: 0.0611850 seconds, Stopping threads took: 0.0001500 seconds
156.290: Application time: 0.0921980 seconds
156.290: [GC156.290: [ParNew: 244543K->27135K(244544K), 0.0768300 secs] 596917K->435504K(790016K), 0.0768820 secs] [Times: user=0.53 sys=0.00, real=0.08 secs] 
156.367: Total time for which application threads were stopped: 0.0770510 seconds, Stopping threads took: 0.0000960 seconds
156.488: Application time: 0.1214110 seconds
156.488: [GC156.488: [ParNew: 244543K->27134K(244544K), 0.0538400 secs] 652912K->463096K(790016K), 0.0538890 secs] [Times: user=0.39 sys=0.00, real=0.05 secs] 
156.542: Total time for which application threads were stopped: 0.0540510 seconds, Stopping threads took: 0.0000710 seconds
156.647: Application time: 0.1041730 seconds
156.647: [GC156.647: [ParNew: 244542K->27136K(244544K), 0.0602080 secs] 680504K->500294K(790016K), 0.0602580 secs] [Times: user=0.42 sys=0.00, real=0.06 secs] 
156.707: Total time for which application threads were stopped: 0.0604170 seconds, Stopping threads took: 0.0000840 seconds
156.822: Application time: 0.1147400 seconds
156.822: [GC156.822: [ParNew: 244522K->27136K(244544K), 0.0498430 secs] 717681K->528793K(790016K), 0.0498920 secs] [Times: user=0.35 sys=0.00, real=0.05 secs] 
156.872: Total time for which application threads were stopped: 0.0500390 seconds, Stopping threads took: 0.0000730 seconds
156.972: Application time: 0.1004950 seconds
156.972: [GC156.972: [ParNew: 244544K->244544K(244544K), 0.0000140 secs]156.972: [CMS157.151: [CMS-concurrent-preclean: 0.838/1.198 secs] [Times: user=7.95 sys=0.02, real=1.20 secs] 
 (concurrent mode failure): 501657K->126914K(545472K), 0.5172110 secs] 746201K->126914K(790016K), [CMS Perm : 9144K->9144K(21248K)], 0.5172850 secs] [Times: user=0.52 sys=0.00, real=0.52 secs] 
157.490: Total time for which application threads were stopped: 0.5174440 seconds, Stopping threads took: 0.0000850 seconds
157.579: Application time: 0.0892590 seconds
157.579: [GC157.579: [ParNew: 217408K->27136K(244544K), 0.0412110 secs] 344322K->182113K(790016K), 0.0412610 secs] [Times: user=0.29 sys=0.00, real=0.04 secs] 
157.620: Total time for which application threads were stopped: 0.0415050 seconds, Stopping threads took: 0.0001190 seconds
157.720: Application time: 0.0997140 seconds
157.720: [GC157.720: [ParNew: 244544K->27136K(244544K), 0.0539390 secs] 399521K->217197K(790016K), 0.0539860 secs] [Times: user=0.37 sys=0.00, real=0.05 secs] 
157.774: Total time for which application threads were stopped: 0.0541680 seconds, Stopping threads took: 0.0001090 seconds
157.874: Application time: 0.0997180 seconds
157.874: [GC157.874: [ParNew: 244544K->27136K(244544K), 0.0518590 secs] 434605K->250039K(790016K), 0.0519140 secs] [Times: user=0.36 sys=0.00, real=0.06 secs] 
157.926: Total time for which application threads were stopped: 0.0520760 seconds, Stopping threads took: 0.0000890 seconds
158.020: Application time: 0.0941650 seconds
158.021: [GC158.021: [ParNew: 244544K->27136K(244544K), 0.0596530 secs] 467447K->291993K(790016K), 0.0596990 secs] [Times: user=0.41 sys=0.00, real=0.06 secs] 
158.080: Total time for which application threads were stopped: 0.0599240 seconds, Stopping threads took: 0.0001490 seconds
158.080: Application time: 0.0001150 seconds
158.080: [GC [1 CMS-initial-mark: 264857K(545472K)] 295475K(790016K), 0.0209310 secs] [Times: user=0.02 sys=0.00, real=0.02 secs] 
158.101: Total time for which application threads were stopped: 0.0210620 seconds, Stopping threads took: 0.0000700 seconds
158.101: [CMS-concurrent-mark-start]
158.210: Application time: 0.1089180 seconds
158.210: [GC158.210: [ParNew: 244467K->27136K(244544K), 0.0642980 secs] 509324K->335048K(790016K), 0.0643580 secs] [Times: user=0.45 sys=0.00, real=0.06 secs] 
158.276: Total time for which application threads were stopped: 0.0660180 seconds, Stopping threads took: 0.0000870 seconds
158.357: [CMS-concurrent-mark: 0.189/0.255 secs] [Times: user=1.95 sys=0.01, real=0.26 secs] 
158.357: [CMS-concurrent-preclean-start]
158.398: Application time: 0.1218300 seconds
158.398: [GC158.398: [ParNew: 244544K->27136K(244544K), 0.0560730 secs] 552456K->368766K(790016K), 0.0561240 secs] [Times: user=0.39 sys=0.00, real=0.05 secs] 
158.455: Total time for which application threads were stopped: 0.0563220 seconds, Stopping threads took: 0.0001250 seconds
158.553: Application time: 0.0980020 seconds
158.553: [GC158.553: [ParNew: 244544K->27136K(244544K), 0.0601750 secs] 586174K->408509K(790016K), 0.0602250 secs] [Times: user=0.41 sys=0.00, real=0.06 secs] 
158.613: Total time for which application threads were stopped: 0.0604440 seconds, Stopping threads took: 0.0001460 seconds
158.727: Application time: 0.1141780 seconds
158.727: [GC158.727: [ParNew: 244544K->27136K(244544K), 0.0537700 secs] 625917K->440064K(790016K), 0.0538190 secs] [Times: user=0.38 sys=0.00, real=0.05 secs] 
158.781: Total time for which application threads were stopped: 0.0540080 seconds, Stopping threads took: 0.0001030 seconds
158.884: Application time: 0.1030170 seconds
158.884: [GC158.884: [ParNew: 244544K->27136K(244544K), 0.0686540 secs] 657472K->485051K(790016K), 0.0687010 secs] [Times: user=0.47 sys=0.00, real=0.07 secs] 
158.953: Total time for which application threads were stopped: 0.0688560 seconds, Stopping threads took: 0.0000830 seconds
159.069: Application time: 0.1156400 seconds
159.069: [GC159.069: [ParNew: 244544K->27136K(244544K), 0.0530010 secs] 702459K->515810K(790016K), 0.0530490 secs] [Times: user=0.37 sys=0.00, real=0.05 secs] 
159.122: Total time for which application threads were stopped: 0.0532490 seconds, Stopping threads took: 0.0001270 seconds
159.235: Application time: 0.1127690 seconds
159.235: [GC159.235: [ParNew: 244544K->27136K(244544K), 0.0513120 secs] 733218K->545663K(790016K), 0.0513600 secs] [Times: user=0.36 sys=0.00, real=0.06 secs] 
159.286: Total time for which application threads were stopped: 0.0515680 seconds, Stopping threads took: 0.0001200 seconds
159.372: Application time: 0.0860290 seconds
159.372: [GC159.372: [ParNew: 244494K->244494K(244544K), 0.0000160 secs]159.372: [CMS159.557: [CMS-concurrent-preclean: 0.852/1.200 secs] [Times: user=7.94 sys=0.00, real=1.20 secs] 
 (concurrent mode failure): 518527K->138345K(545472K), 0.5645480 secs] 763022K->138345K(790016K), [CMS Perm : 9144K->9144K(21248K)], 0.5646190 secs] [Times: user=0.56 sys=0.00, real=0.57 secs] 
159.937: Total time for which application threads were stopped: 0.5647990 seconds, Stopping threads took: 0.0001010 seconds
160.033: Application time: 0.0958670 seconds
160.033: [GC160.033: [ParNew: 217408K->27136K(244544K), 0.0394280 secs] 355753K->188182K(790016K), 0.0394860 secs] [Times: user=0.28 sys=0.01, real=0.04 secs] 
160.073: Total time for which application threads were stopped: 0.0396920 seconds, Stopping threads took: 0.0001180 seconds
160.180: Application time: 0.1068980 seconds
160.180: [GC160.180: [ParNew: 244544K->27136K(244544K), 0.0513590 secs] 405590K->220274K(790016K), 0.0514100 secs] [Times: user=0.36 sys=0.00, real=0.05 secs] 
160.231: Total time for which application threads were stopped: 0.0516610 seconds, Stopping threads took: 0.0001660 seconds
160.337: Application time: 0.1056060 seconds
160.337: [GC160.337: [ParNew: 244544K->27136K(244544K), 0.0460320 secs] 437682K->245779K(790016K), 0.0460830 secs] [Times: user=0.33 sys=0.00, real=0.04 secs] 
160.383: Total time for which application threads were stopped: 0.0462420 seconds, Stopping threads took: 0.0000840 seconds
160.460: Application time: 0.0768980 seconds
160.460: [GC160.460: [ParNew: 244544K->27136K(244544K), 0.0713670 secs] 463187K->306798K(790016K), 0.0714190 secs] [Times: user=0.47 sys=0.00, real=0.07 secs] 
160.532: Total time for which application threads were stopped: 0.0716040 seconds, Stopping threads took: 0.0001070 seconds
160.545: Application time: 0.0129840 seconds
160.545: [GC [1 CMS-initial-mark: 279662K(545472K)] 343189K(790016K), 0.0364900 secs] [Times: user=0.04 sys=0.00, real=0.03 secs] 
160.581: Total time for which application threads were stopped: 0.0367810 seconds, Stopping threads took: 0.0002230 seconds
160.581: [CMS-concurrent-mark-start]
160.689: Application time: 0.1072330 seconds
160.689: [GC160.689: [ParNew: 244544K->27136K(244544K), 0.0627860 secs] 524206K->343409K(790016K), 0.0628390 secs] [Times: user=0.44 sys=0.00, real=0.06 secs] 
160.752: Total time for which application threads were stopped: 0.0630330 seconds, Stopping threads took: 0.0001170 seconds
160.830: [CMS-concurrent-mark: 0.185/0.248 secs] [Times: user=1.92 sys=0.00, real=0.25 secs] 
160.830: [CMS-concurrent-preclean-start]
160.876: Application time: 0.1245800 seconds
160.876: [GC160.876: [ParNew: 244544K->27136K(244544K), 0.0525240 secs] 560817K->374046K(790016K), 0.0525720 secs] [Times: user=0.37 sys=0.00, real=0.06 secs] 
160.929: Total time for which application threads were stopped: 0.0527350 seconds, Stopping threads took: 0.0000930 seconds
161.036: Application time: 0.1069470 seconds
161.036: [GC161.036: [ParNew: 244544K->27136K(244544K), 0.0590380 secs] 591454K->412271K(790016K), 0.0590880 secs] [Times: user=0.41 sys=0.00, real=0.06 secs] 
161.095: Total time for which application threads were stopped: 0.0592320 seconds, Stopping threads took: 0.0000680 seconds
161.199: Application time: 0.1035830 seconds
161.199: [GC161.199: [ParNew: 244544K->27136K(244544K), 0.0679820 secs] 629679K->457154K(790016K), 0.0680330 secs] [Times: user=0.48 sys=0.00, real=0.07 secs] 
161.267: Total time for which application threads were stopped: 0.0682300 seconds, Stopping threads took: 0.0001100 seconds
161.371: Application time: 0.1037460 seconds
161.373: [GC161.373: [ParNew: 244544K->27136K(244544K), 0.0651870 secs] 674562K->497233K(790016K), 0.0652350 secs] [Times: user=0.46 sys=0.00, real=0.07 secs] 
161.438: Total time for which application threads were stopped: 0.0671090 seconds, Stopping threads took: 0.0018020 seconds
161.559: Application time: 0.1207180 seconds
161.559: [GC161.559: [ParNew: 244544K->27135K(244544K), 0.0467690 secs] 714641K->522091K(790016K), 0.0468180 secs] [Times: user=0.34 sys=0.00, real=0.05 secs] 
161.605: Total time for which application threads were stopped: 0.0469560 seconds, Stopping threads took: 0.0000670 seconds
161.704: Application time: 0.0983430 seconds
161.704: [GC161.704: [ParNew: 244543K->27136K(244544K), 0.0692190 secs] 739499K->566199K(790016K), 0.0692690 secs] [Times: user=0.48 sys=0.00, real=0.07 secs] 
161.773: Total time for which application threads were stopped: 0.0694570 seconds, Stopping threads took: 0.0000770 seconds
161.872: Application time: 0.0984260 seconds
161.872: [GC161.872: [ParNew: 244544K->244544K(244544K), 0.0000120 secs]161.872: [CMS162.051: [CMS-concurrent-preclean: 0.853/1.221 secs] [Times: user=8.10 sys=0.03, real=1.22 secs] 
 (concurrent mode failure): 539063K->141635K(545472K), 0.5552430 secs] 783607K->141635K(790016K), [CMS Perm : 9144K->9144K(21248K)], 0.5553210 secs] [Times: user=0.55 sys=0.00, real=0.56 secs] 
162.427: Total time for which application threads were stopped: 0.5554710 seconds, Stopping threads took: 0.0000760 seconds
162.524: Application time: 0.0963700 seconds
162.524: [GC162.524: [ParNew: 217408K->27136K(244544K), 0.0316510 secs] 359043K->183166K(790016K), 0.0317010 secs] [Times: user=0.23 sys=0.00, real=0.03 secs] 
162.556: Total time for which application threads were stopped: 0.0319380 seconds, Stopping threads took: 0.0001300 seconds
162.661: Application time: 0.1056580 seconds
162.661: [GC162.661: [ParNew: 244544K->27136K(244544K), 0.0540270 secs] 400574K->220573K(790016K), 0.0540780 secs] [Times: user=0.38 sys=0.00, real=0.05 secs] 
162.715: Total time for which application threads were stopped: 0.0543050 seconds, Stopping threads took: 0.0001420 seconds
162.810: Application time: 0.0942820 seconds
162.810: [GC162.810: [ParNew: 244544K->27136K(244544K), 0.0560730 secs] 437981K->257829K(790016K), 0.0561220 secs] [Times: user=0.39 sys=0.00, real=0.06 secs] 
162.866: Total time for which application threads were stopped: 0.0563400 seconds, Stopping threads took: 0.0001440 seconds
162.949: Application time: 0.0830070 seconds
162.949: [GC162.949: [ParNew: 244544K->27136K(244544K), 0.0665060 secs] 475237K->310306K(790016K), 0.0665540 secs] [Times: user=0.46 sys=0.00, real=0.06 secs] 
163.016: Total time for which application threads were stopped: 0.0667060 seconds, Stopping threads took: 0.0000790 seconds
163.028: Application time: 0.0126820 seconds
163.029: [GC [1 CMS-initial-mark: 283170K(545472K)] 336840K(790016K), 0.0405660 secs] [Times: user=0.04 sys=0.00, real=0.04 secs] 
163.069: Total time for which application threads were stopped: 0.0408270 seconds, Stopping threads took: 0.0001950 seconds
163.069: [CMS-concurrent-mark-start]
163.166: Application time: 0.0964730 seconds
163.166: [GC163.166: [ParNew: 244544K->27136K(244544K), 0.0613000 secs] 527714K->349388K(790016K), 0.0613520 secs] [Times: user=0.43 sys=0.00, real=0.06 secs] 
163.227: Total time for which application threads were stopped: 0.0615290 seconds, Stopping threads took: 0.0001030 seconds
163.346: [CMS-concurrent-mark: 0.215/0.277 secs] [Times: user=2.14 sys=0.00, real=0.28 secs] 
163.348: [CMS-concurrent-preclean-start]
163.361: Application time: 0.1333970 seconds
163.361: [GC163.361: [ParNew: 244544K->27135K(244544K), 0.0511810 secs] 566796K->377104K(790016K), 0.0512300 secs] [Times: user=0.37 sys=0.00, real=0.05 secs] 
163.412: Total time for which application threads were stopped: 0.0513620 seconds, Stopping threads took: 0.0000600 seconds
163.515: Application time: 0.1026360 seconds
163.515: [GC163.515: [ParNew: 244543K->27135K(244544K), 0.0671790 secs] 594512K->422449K(790016K), 0.0672280 secs] [Times: user=0.47 sys=0.00, real=0.07 secs] 
163.582: Total time for which application threads were stopped: 0.0674060 seconds, Stopping threads took: 0.0001050 seconds
163.688: Application time: 0.1059160 seconds
163.688: [GC163.688: [ParNew: 244543K->27135K(244544K), 0.0613450 secs] 639857K->461048K(790016K), 0.0613930 secs] [Times: user=0.43 sys=0.00, real=0.06 secs] 
163.750: Total time for which application threads were stopped: 0.0615840 seconds, Stopping threads took: 0.0001090 seconds
163.875: Application time: 0.1257410 seconds
163.876: [GC163.876: [ParNew: 244543K->27134K(244544K), 0.0570890 secs] 678456K->494365K(790016K), 0.0571390 secs] [Times: user=0.40 sys=0.00, real=0.06 secs] 
163.933: Total time for which application threads were stopped: 0.0573060 seconds, Stopping threads took: 0.0000940 seconds
164.028: Application time: 0.0951210 seconds
164.028: [GC164.028: [ParNew: 244542K->27136K(244544K), 0.0705510 secs] 711773K->541226K(790016K), 0.0706000 secs] [Times: user=0.49 sys=0.00, real=0.07 secs] 
164.099: Total time for which application threads were stopped: 0.0707940 seconds, Stopping threads took: 0.0001120 seconds
164.209: Application time: 0.1101880 seconds
164.209: [GC164.209: [ParNew: 244544K->244544K(244544K), 0.0000140 secs]164.209: [CMS164.381: [CMS-concurrent-preclean: 0.721/1.033 secs] [Times: user=6.75 sys=0.00, real=1.03 secs] 
 (concurrent mode failure): 514090K->136983K(545472K), 0.5638000 secs] 758634K->136983K(790016K), [CMS Perm : 9145K->9145K(21248K)], 0.5638740 secs] [Times: user=0.56 sys=0.00, real=0.56 secs] 
164.773: Total time for which application threads were stopped: 0.5640330 seconds, Stopping threads took: 0.0000740 seconds
164.869: Application time: 0.0956840 seconds
164.869: [GC164.869: [ParNew: 217408K->27136K(244544K), 0.0346450 secs] 354391K->182265K(790016K), 0.0346960 secs] [Times: user=0.26 sys=0.00, real=0.03 secs] 
164.903: Total time for which application threads were stopped: 0.0349350 seconds, Stopping threads took: 0.0001300 seconds
165.009: Application time: 0.1056670 seconds
165.009: [GC165.009: [ParNew: 244544K->27136K(244544K), 0.0499840 secs] 399673K->213278K(790016K), 0.0500340 secs] [Times: user=0.35 sys=0.00, real=0.05 secs] 
165.059: Total time for which application threads were stopped: 0.0502550 seconds, Stopping threads took: 0.0001290 seconds
165.141: Application time: 0.0817260 seconds
165.141: [GC165.141: [ParNew: 244544K->27136K(244544K), 0.0698450 secs] 430686K->271028K(790016K), 0.0698990 secs] [Times: user=0.48 sys=0.00, real=0.07 secs] 
165.211: Total time for which application threads were stopped: 0.0700700 seconds, Stopping threads took: 0.0000960 seconds
165.225: Application time: 0.0133120 seconds
165.225: [GC [1 CMS-initial-mark: 243892K(545472K)] 304988K(790016K), 0.0376920 secs] [Times: user=0.04 sys=0.00, real=0.03 secs] 
165.262: Total time for which application threads were stopped: 0.0379510 seconds, Stopping threads took: 0.0002020 seconds
165.262: [CMS-concurrent-mark-start]
165.370: Application time: 0.1078420 seconds
165.371: [GC165.371: [ParNew: 244544K->27136K(244544K), 0.0614260 secs] 488436K->308644K(790016K), 0.0614740 secs] [Times: user=0.43 sys=0.00, real=0.06 secs] 
165.433: Total time for which application threads were stopped: 0.0626400 seconds, Stopping threads took: 0.0010820 seconds
165.517: [CMS-concurrent-mark: 0.192/0.255 secs] [Times: user=1.97 sys=0.00, real=0.26 secs] 
165.517: [CMS-concurrent-preclean-start]
165.562: Application time: 0.1291640 seconds
165.562: [GC165.562: [ParNew: 244544K->27136K(244544K), 0.0499800 secs] 526052K->334310K(790016K), 0.0500300 secs] [Times: user=0.36 sys=0.00, real=0.05 secs] 
165.612: Total time for which application threads were stopped: 0.0501700 seconds, Stopping threads took: 0.0000690 seconds
165.707: Application time: 0.0942660 seconds
165.707: [GC165.707: [ParNew: 244544K->27136K(244544K), 0.0626490 secs] 551718K->377224K(790016K), 0.0626990 secs] [Times: user=0.43 sys=0.00, real=0.06 secs] 
165.769: Total time for which application threads were stopped: 0.0628850 seconds, Stopping threads took: 0.0001140 seconds
165.877: Application time: 0.1078790 seconds
165.877: [GC165.878: [ParNew: 244544K->27136K(244544K), 0.0525140 secs] 594632K->409011K(790016K), 0.0525640 secs] [Times: user=0.37 sys=0.00, real=0.05 secs] 
165.930: Total time for which application threads were stopped: 0.0527490 seconds, Stopping threads took: 0.0000970 seconds
166.028: Application time: 0.0976660 seconds
166.029: [GC166.029: [ParNew: 244544K->27136K(244544K), 0.0730310 secs] 626419K->459130K(790016K), 0.0730770 secs] [Times: user=0.50 sys=0.00, real=0.07 secs] 
166.102: Total time for which application threads were stopped: 0.0738630 seconds, Stopping threads took: 0.0007150 seconds
166.212: Application time: 0.1101770 seconds
166.212: [GC166.212: [ParNew: 244544K->27136K(244544K), 0.0588900 secs] 676538K->493902K(790016K), 0.0589410 secs] [Times: user=0.41 sys=0.00, real=0.06 secs] 
166.271: Total time for which application threads were stopped: 0.0591260 seconds, Stopping threads took: 0.0001120 seconds
166.364: Application time: 0.0932850 seconds
166.364: [GC166.364: [ParNew: 244544K->27136K(244544K), 0.0636580 secs] 711310K->535711K(790016K), 0.0637150 secs] [Times: user=0.44 sys=0.00, real=0.07 secs] 
166.428: Total time for which application threads were stopped: 0.0638600 seconds, Stopping threads took: 0.0000720 seconds
166.551: Application time: 0.1232700 seconds
166.551: [GC166.552: [ParNew: 244544K->244544K(244544K), 0.0000150 secs]166.552: [CMS166.781: [CMS-concurrent-preclean: 0.897/1.264 secs] [Times: user=8.11 sys=0.01, real=1.26 secs] 
 (concurrent mode failure): 508575K->124213K(545472K), 0.5880400 secs] 753119K->124213K(790016K), [CMS Perm : 9145K->9145K(21248K)], 0.5881160 secs] [Times: user=0.59 sys=0.00, real=0.59 secs] 
167.140: Total time for which application threads were stopped: 0.5883000 seconds, Stopping threads took: 0.0000900 seconds
167.227: Application time: 0.0871360 seconds
167.227: [GC167.227: [ParNew: 217408K->27136K(244544K), 0.0413490 secs] 341621K->180504K(790016K), 0.0414000 secs] [Times: user=0.29 sys=0.00, real=0.04 secs] 
167.268: Total time for which application threads were stopped: 0.0415710 seconds, Stopping threads took: 0.0000870 seconds
167.359: Application time: 0.0905060 seconds
167.359: [GC167.359: [ParNew: 244544K->27135K(244544K), 0.0636410 secs] 397912K->229375K(790016K), 0.0636900 secs] [Times: user=0.43 sys=0.01, real=0.06 secs] 
167.423: Total time for which application threads were stopped: 0.0638450 seconds, Stopping threads took: 0.0000810 seconds
167.515: Application time: 0.0923050 seconds
167.515: [GC167.515: [ParNew: 244543K->27135K(244544K), 0.0573720 secs] 446783K->267963K(790016K), 0.0574210 secs] [Times: user=0.40 sys=0.00, real=0.06 secs] 
167.573: Total time for which application threads were stopped: 0.0576050 seconds, Stopping threads took: 0.0001100 seconds
167.682: Application time: 0.1098590 seconds
167.683: [GC167.683: [ParNew: 244543K->27134K(244544K), 0.0531720 secs] 485371K->298720K(790016K), 0.0532230 secs] [Times: user=0.38 sys=0.00, real=0.05 secs] 
167.736: Total time for which application threads were stopped: 0.0534240 seconds, Stopping threads took: 0.0001260 seconds
167.736: Application time: 0.0000700 seconds
167.736: [GC [1 CMS-initial-mark: 271585K(545472K)] 301775K(790016K), 0.0218620 secs] [Times: user=0.02 sys=0.00, real=0.03 secs] 
167.758: Total time for which application threads were stopped: 0.0219860 seconds, Stopping threads took: 0.0000610 seconds
167.758: [CMS-concurrent-mark-start]
167.883: Application time: 0.1246610 seconds
167.883: [GC167.883: [ParNew: 244542K->27136K(244544K), 0.0534050 secs] 516128K->328517K(790016K), 0.0534500 secs] [Times: user=0.36 sys=0.01, real=0.05 secs] 
167.936: Total time for which application threads were stopped: 0.0536200 seconds, Stopping threads took: 0.0000980 seconds
167.989: [CMS-concurrent-mark: 0.176/0.231 secs] [Times: user=1.77 sys=0.02, real=0.23 secs] 
167.989: [CMS-concurrent-preclean-start]
168.034: Application time: 0.0976300 seconds
168.034: [GC168.034: [ParNew: 244544K->27136K(244544K), 0.0675320 secs] 545925K->377558K(790016K), 0.0675800 secs] [Times: user=0.47 sys=0.00, real=0.07 secs] 
168.102: Total time for which application threads were stopped: 0.0677330 seconds, Stopping threads took: 0.0000800 seconds
168.192: Application time: 0.0908450 seconds
168.193: [GC168.193: [ParNew: 244544K->27136K(244544K), 0.0740730 secs] 594966K->431655K(790016K), 0.0741320 secs] [Times: user=0.51 sys=0.01, real=0.08 secs] 
168.267: Total time for which application threads were stopped: 0.0743000 seconds, Stopping threads took: 0.0000950 seconds
168.383: Application time: 0.1165290 seconds
168.383: [GC168.383: [ParNew: 244544K->27136K(244544K), 0.0534060 secs] 649063K->460963K(790016K), 0.0534590 secs] [Times: user=0.38 sys=0.00, real=0.06 secs] 
168.437: Total time for which application threads were stopped: 0.0536270 seconds, Stopping threads took: 0.0000860 seconds
168.556: Application time: 0.1191310 seconds
168.556: [GC168.556: [ParNew: 244544K->27136K(244544K), 0.0498550 secs] 678371K->489004K(790016K), 0.0499050 secs] [Times: user=0.35 sys=0.00, real=0.06 secs] 
168.606: Total time for which application threads were stopped: 0.0500950 seconds, Stopping threads took: 0.0001150 seconds
168.696: Application time: 0.0895470 seconds
168.697: [GC168.697: [ParNew: 244544K->27136K(244544K), 0.0724750 secs] 706412K->540032K(790016K), 0.0725230 secs] [Times: user=0.50 sys=0.00, real=0.07 secs] 
168.769: Total time for which application threads were stopped: 0.0733870 seconds, Stopping threads took: 0.0007910 seconds
168.880: Application time: 0.1113080 seconds
168.881: [GC168.881: [ParNew: 244544K->244544K(244544K), 0.0000150 secs]168.881: [CMS169.069: [CMS-concurrent-preclean: 0.758/1.081 secs] [Times: user=6.95 sys=0.01, real=1.08 secs] 
 (concurrent mode failure): 512896K->130855K(545472K), 0.5666150 secs] 757440K->130855K(790016K), [CMS Perm : 9145K->9145K(21248K)], 0.5666900 secs] [Times: user=0.57 sys=0.00, real=0.57 secs] 
169.447: Total time for which application threads were stopped: 0.5668490 seconds, Stopping threads took: 0.0000860 seconds
169.549: Application time: 0.1015300 seconds
169.549: [GC169.549: [ParNew: 217408K->27136K(244544K), 0.0325440 secs] 348263K->172088K(790016K), 0.0325930 secs] [Times: user=0.24 sys=0.00, real=0.03 secs] 
169.582: Total time for which application threads were stopped: 0.0329120 seconds, Stopping threads took: 0.0002080 seconds
169.677: Application time: 0.0949060 seconds
169.677: [GC169.677: [ParNew: 244544K->27136K(244544K), 0.0546060 secs] 389496K->212644K(790016K), 0.0546590 secs] [Times: user=0.38 sys=0.00, real=0.05 secs] 
169.731: Total time for which application threads were stopped: 0.0548700 seconds, Stopping threads took: 0.0001160 seconds
169.814: Application time: 0.0821950 seconds
169.814: [GC169.814: [ParNew: 244544K->27136K(244544K), 0.0673520 secs] 430052K->266499K(790016K), 0.0674010 secs] [Times: user=0.46 sys=0.00, real=0.07 secs] 
169.881: Total time for which application threads were stopped: 0.0676050 seconds, Stopping threads took: 0.0001310 seconds
169.900: Application time: 0.0191880 seconds
169.904: [GC [1 CMS-initial-mark: 239363K(545472K)] 311229K(790016K), 0.0511190 secs] [Times: user=0.05 sys=0.00, real=0.05 secs] 
169.955: Total time for which application threads were stopped: 0.0547840 seconds, Stopping threads took: 0.0036110 seconds
169.955: [CMS-concurrent-mark-start]
170.069: Application time: 0.1132360 seconds
170.069: [GC170.069: [ParNew: 244544K->27136K(244544K), 0.0546870 secs] 483907K->297557K(790016K), 0.0547390 secs] [Times: user=0.38 sys=0.00, real=0.05 secs] 
170.124: Total time for which application threads were stopped: 0.0550570 seconds, Stopping threads took: 0.0002340 seconds
170.223: Application time: 0.0997680 seconds
170.224: [GC170.224: [ParNew: 244544K->27136K(244544K), 0.0633480 secs] 514965K->337725K(790016K), 0.0633990 secs] [Times: user=0.44 sys=0.00, real=0.07 secs] 
170.287: Total time for which application threads were stopped: 0.0636010 seconds, Stopping threads took: 0.0001270 seconds
170.367: [CMS-concurrent-mark: 0.293/0.412 secs] [Times: user=3.15 sys=0.01, real=0.42 secs] 
170.367: [CMS-concurrent-preclean-start]
170.398: Application time: 0.1111870 seconds
170.398: [GC170.398: [ParNew: 244544K->27136K(244544K), 0.0656490 secs] 555133K->377919K(790016K), 0.0657000 secs] [Times: user=0.46 sys=0.00, real=0.06 secs] 
170.464: Total time for which application threads were stopped: 0.0658540 seconds, Stopping threads took: 0.0000790 seconds
170.582: Application time: 0.1179820 seconds
170.585: [GC170.585: [ParNew: 244544K->27136K(244544K), 0.0563380 secs] 595327K->410154K(790016K), 0.0563880 secs] [Times: user=0.40 sys=0.00, real=0.05 secs] 
170.641: Total time for which application threads were stopped: 0.0590210 seconds, Stopping threads took: 0.0025470 seconds
170.748: Application time: 0.1074420 seconds
170.749: [GC170.749: [ParNew: 244544K->27136K(244544K), 0.0620340 secs] 627562K->445702K(790016K), 0.0620860 secs] [Times: user=0.44 sys=0.00, real=0.06 secs] 
170.811: Total time for which application threads were stopped: 0.0622420 seconds, Stopping threads took: 0.0000730 seconds
170.910: Application time: 0.0997530 seconds
170.911: [GC170.911: [ParNew: 244544K->27136K(244544K), 0.0596210 secs] 663110K->483937K(790016K), 0.0596700 secs] [Times: user=0.41 sys=0.00, real=0.06 secs] 
170.970: Total time for which application threads were stopped: 0.0598390 seconds, Stopping threads took: 0.0000970 seconds
171.071: Application time: 0.1011390 seconds
171.072: [GC171.072: [ParNew: 244544K->27136K(244544K), 0.0720240 secs] 701345K->533976K(790016K), 0.0720700 secs] [Times: user=0.50 sys=0.00, real=0.07 secs] 
171.144: Total time for which application threads were stopped: 0.0722110 seconds, Stopping threads took: 0.0000680 seconds
171.257: Application time: 0.1137890 seconds
171.258: [GC171.258: [ParNew: 244544K->244544K(244544K), 0.0000140 secs]171.258: [CMS171.435: [CMS-concurrent-preclean: 0.746/1.068 secs] [Times: user=6.97 sys=0.01, real=1.06 secs] 
 (concurrent mode failure): 506840K->133962K(545472K), 0.5449880 secs] 751384K->133962K(790016K), [CMS Perm : 9145K->9145K(21248K)], 0.5450650 secs] [Times: user=0.54 sys=0.00, real=0.54 secs] 
171.803: Total time for which application threads were stopped: 0.5452490 seconds, Stopping threads took: 0.0000970 seconds
171.903: Application time: 0.1002310 seconds
171.903: [GC171.903: [ParNew: 217408K->27136K(244544K), 0.0314790 secs] 351370K->175166K(790016K), 0.0315300 secs] [Times: user=0.23 sys=0.00, real=0.03 secs] 
171.935: Total time for which application threads were stopped: 0.0316980 seconds, Stopping threads took: 0.0000810 seconds
172.026: Application time: 0.0909030 seconds
172.026: [GC172.026: [ParNew: 244544K->27136K(244544K), 0.0585280 secs] 392574K->222195K(790016K), 0.0585790 secs] [Times: user=0.41 sys=0.00, real=0.05 secs] 
172.084: Total time for which application threads were stopped: 0.0588120 seconds, Stopping threads took: 0.0001480 seconds
172.167: Application time: 0.0824100 seconds
172.167: [GC172.167: [ParNew: 244544K->27135K(244544K), 0.0717140 secs] 439603K->279240K(790016K), 0.0717620 secs] [Times: user=0.49 sys=0.00, real=0.07 secs] 
172.239: Total time for which application threads were stopped: 0.0719310 seconds, Stopping threads took: 0.0000970 seconds
172.256: Application time: 0.0178060 seconds
172.257: [GC [1 CMS-initial-mark: 252105K(545472K)] 321687K(790016K), 0.0448560 secs] [Times: user=0.05 sys=0.00, real=0.04 secs] 
172.301: Total time for which application threads were stopped: 0.0449930 seconds, Stopping threads took: 0.0000810 seconds
172.301: [CMS-concurrent-mark-start]
172.419: Application time: 0.1170860 seconds
172.419: [GC172.419: [ParNew: 244543K->27136K(244544K), 0.0536810 secs] 496648K->308645K(790016K), 0.0537420 secs] [Times: user=0.38 sys=0.00, real=0.05 secs] 
172.472: Total time for which application threads were stopped: 0.0539120 seconds, Stopping threads took: 0.0000820 seconds
172.533: [CMS-concurrent-mark: 0.178/0.231 secs] [Times: user=1.80 sys=0.00, real=0.23 secs] 
172.533: [CMS-concurrent-preclean-start]
172.587: Application time: 0.1141170 seconds
172.587: [GC172.587: [ParNew: 244544K->27136K(244544K), 0.0596490 secs] 526053K->345292K(790016K), 0.0596950 secs] [Times: user=0.42 sys=0.00, real=0.06 secs] 
172.646: Total time for which application threads were stopped: 0.0598630 seconds, Stopping threads took: 0.0000980 seconds
172.757: Application time: 0.1103380 seconds
172.757: [GC172.757: [ParNew: 244544K->27136K(244544K), 0.0523900 secs] 562700K->376372K(790016K), 0.0524400 secs] [Times: user=0.37 sys=0.00, real=0.05 secs] 
172.809: Total time for which application threads were stopped: 0.0526020 seconds, Stopping threads took: 0.0000910 seconds
172.892: Application time: 0.0829720 seconds
172.893: [GC172.893: [ParNew: 244544K->27136K(244544K), 0.0739680 secs] 593780K->429551K(790016K), 0.0740190 secs] [Times: user=0.51 sys=0.00, real=0.08 secs] 
172.967: Total time for which application threads were stopped: 0.0742080 seconds, Stopping threads took: 0.0001150 seconds
173.086: Application time: 0.1190400 seconds
173.086: [GC173.086: [ParNew: 244544K->27136K(244544K), 0.0605700 secs] 646959K->465412K(790016K), 0.0606300 secs] [Times: user=0.43 sys=0.00, real=0.06 secs] 
173.146: Total time for which application threads were stopped: 0.0608070 seconds, Stopping threads took: 0.0000930 seconds
173.259: Application time: 0.1126530 seconds
173.259: [GC173.259: [ParNew: 244544K->27136K(244544K), 0.0554050 secs] 682820K->497376K(790016K), 0.0554550 secs] [Times: user=0.39 sys=0.00, real=0.05 secs] 
173.315: Total time for which application threads were stopped: 0.0556090 seconds, Stopping threads took: 0.0000790 seconds
173.418: Application time: 0.1037460 seconds
173.419: [GC173.419: [ParNew: 244544K->27136K(244544K), 0.0650870 secs] 714784K->538104K(790016K), 0.0651410 secs] [Times: user=0.43 sys=0.00, real=0.06 secs] 
173.484: Total time for which application threads were stopped: 0.0653070 seconds, Stopping threads took: 0.0000920 seconds
173.585: Application time: 0.1008780 seconds
173.585: [GC173.585: [ParNew: 244536K->244536K(244544K), 0.0000140 secs]173.585: [CMS173.801: [CMS-concurrent-preclean: 0.896/1.268 secs] [Times: user=8.19 sys=0.02, real=1.27 secs] 
 (concurrent mode failure): 510968K->132152K(545472K), 0.5757080 secs] 755505K->132152K(790016K), [CMS Perm : 9145K->9145K(21248K)], 0.5757830 secs] [Times: user=0.57 sys=0.00, real=0.57 secs] 
174.161: Total time for which application threads were stopped: 0.5761540 seconds, Stopping threads took: 0.0002760 seconds
174.264: Application time: 0.1030790 seconds
174.264: [GC174.264: [ParNew: 217408K->27136K(244544K), 0.0324830 secs] 349560K->173363K(790016K), 0.0325340 secs] [Times: user=0.24 sys=0.00, real=0.04 secs] 
174.297: Total time for which application threads were stopped: 0.0327390 seconds, Stopping threads took: 0.0001210 seconds
174.393: Application time: 0.0967750 seconds
174.394: [GC174.394: [ParNew: 244544K->27136K(244544K), 0.0546340 secs] 390771K->214141K(790016K), 0.0546850 secs] [Times: user=0.38 sys=0.00, real=0.06 secs] 
174.448: Total time for which application threads were stopped: 0.0548640 seconds, Stopping threads took: 0.0000950 seconds
174.534: Application time: 0.0854270 seconds
174.534: [GC174.534: [ParNew: 244544K->27136K(244544K), 0.0637000 secs] 431549K->263624K(790016K), 0.0637460 secs] [Times: user=0.43 sys=0.00, real=0.07 secs] 
174.598: Total time for which application threads were stopped: 0.0638970 seconds, Stopping threads took: 0.0000790 seconds
174.598: Application time: 0.0001060 seconds
174.598: [GC [1 CMS-initial-mark: 236488K(545472K)] 267097K(790016K), 0.0227030 secs] [Times: user=0.02 sys=0.00, real=0.02 secs] 
174.621: Total time for which application threads were stopped: 0.0228310 seconds, Stopping threads took: 0.0000770 seconds
174.621: [CMS-concurrent-mark-start]
174.740: Application time: 0.1199440 seconds
174.741: [GC174.741: [ParNew: 244544K->27134K(244544K), 0.0506590 secs] 481032K->292501K(790016K), 0.0507120 secs] [Times: user=0.36 sys=0.00, real=0.05 secs] 
174.791: Total time for which application threads were stopped: 0.0509060 seconds, Stopping threads took: 0.0001190 seconds
174.872: [CMS-concurrent-mark: 0.200/0.251 secs] [Times: user=1.95 sys=0.00, real=0.25 secs] 
174.872: [CMS-concurrent-preclean-start]
174.895: Application time: 0.1037200 seconds
174.895: [GC174.895: [ParNew: 244542K->27136K(244544K), 0.0683770 secs] 509909K->338973K(790016K), 0.0684270 secs] [Times: user=0.47 sys=0.00, real=0.07 secs] 
174.964: Total time for which application threads were stopped: 0.0686440 seconds, Stopping threads took: 0.0001330 seconds
175.069: Application time: 0.1052960 seconds
175.069: [GC175.069: [ParNew: 244544K->27136K(244544K), 0.0594220 secs] 556381K->376172K(790016K), 0.0594680 secs] [Times: user=0.41 sys=0.00, real=0.06 secs] 
175.129: Total time for which application threads were stopped: 0.0596360 seconds, Stopping threads took: 0.0000970 seconds
175.243: Application time: 0.1145690 seconds
175.243: [GC175.243: [ParNew: 244544K->27136K(244544K), 0.0502570 secs] 593580K->405309K(790016K), 0.0503150 secs] [Times: user=0.35 sys=0.00, real=0.05 secs] 
175.294: Total time for which application threads were stopped: 0.0504760 seconds, Stopping threads took: 0.0000890 seconds
175.402: Application time: 0.1082560 seconds
175.402: [GC175.402: [ParNew: 244544K->27136K(244544K), 0.0582200 secs] 622717K->441258K(790016K), 0.0582690 secs] [Times: user=0.41 sys=0.00, real=0.06 secs] 
175.460: Total time for which application threads were stopped: 0.0584400 seconds, Stopping threads took: 0.0000790 seconds
175.564: Application time: 0.1036560 seconds
175.564: [GC175.564: [ParNew: 244544K->27136K(244544K), 0.0667200 secs] 658666K->482071K(790016K), 0.0667670 secs] [Times: user=0.47 sys=0.00, real=0.07 secs] 
175.631: Total time for which application threads were stopped: 0.0669250 seconds, Stopping threads took: 0.0000850 seconds
175.726: Application time: 0.0947790 seconds
175.726: [GC175.726: [ParNew: 244544K->27136K(244544K), 0.0620400 secs] 699479K->523545K(790016K), 0.0620890 secs] [Times: user=0.43 sys=0.00, real=0.06 secs] 
175.788: Total time for which application threads were stopped: 0.0622460 seconds, Stopping threads took: 0.0000840 seconds
175.898: Application time: 0.1101090 seconds
175.898: [GC175.898: [ParNew: 244544K->27135K(244544K), 0.0553610 secs] 740953K->557170K(790016K), 0.0554110 secs] [Times: user=0.39 sys=0.00, real=0.05 secs] 
175.954: Total time for which application threads were stopped: 0.0555680 seconds, Stopping threads took: 0.0000870 seconds
176.061: Application time: 0.1074340 seconds
176.061: [GC176.061: [ParNew: 244543K->244543K(244544K), 0.0000150 secs]176.061: [CMS176.241: [CMS-concurrent-preclean: 0.943/1.369 secs] [Times: user=9.24 sys=0.02, real=1.37 secs] 
 (concurrent mode failure): 530035K->141711K(545472K), 0.5904350 secs] 774578K->141711K(790016K), [CMS Perm : 9145K->9145K(21248K)], 0.5905090 secs] [Times: user=0.60 sys=0.00, real=0.59 secs] 
176.652: Total time for which application threads were stopped: 0.5906950 seconds, Stopping threads took: 0.0000950 seconds
176.759: Application time: 0.1070190 seconds
176.759: [GC176.759: [ParNew: 217408K->27135K(244544K), 0.0237980 secs] 359119K->173092K(790016K), 0.0238480 secs] [Times: user=0.18 sys=0.00, real=0.02 secs] 
176.783: Total time for which application threads were stopped: 0.0240430 seconds, Stopping threads took: 0.0001110 seconds
176.863: Application time: 0.0800770 seconds
176.863: [GC176.863: [ParNew: 244543K->27135K(244544K), 0.0727900 secs] 390500K->238485K(790016K), 0.0728340 secs] [Times: user=0.47 sys=0.00, real=0.07 secs] 
176.936: Total time for which application threads were stopped: 0.0730660 seconds, Stopping threads took: 0.0001500 seconds
177.030: Application time: 0.0942920 seconds
177.031: [GC177.031: [ParNew: 244543K->27134K(244544K), 0.0594680 secs] 455893K->278369K(790016K), 0.0595170 secs] [Times: user=0.41 sys=0.00, real=0.06 secs] 
177.090: Total time for which application threads were stopped: 0.0596720 seconds, Stopping threads took: 0.0000820 seconds
177.090: Application time: 0.0000870 seconds
177.090: [GC [1 CMS-initial-mark: 251234K(545472K)] 281326K(790016K), 0.0214940 secs] [Times: user=0.02 sys=0.00, real=0.02 secs] 
177.112: Total time for which application threads were stopped: 0.0216370 seconds, Stopping threads took: 0.0000950 seconds
177.112: [CMS-concurrent-mark-start]
177.228: Application time: 0.1164630 seconds
177.228: [GC177.228: [ParNew: 244542K->27134K(244544K), 0.0633580 secs] 495777K->317687K(790016K), 0.0634080 secs] [Times: user=0.45 sys=0.00, real=0.06 secs] 
177.292: Total time for which application threads were stopped: 0.0635580 seconds, Stopping threads took: 0.0000790 seconds
177.375: [CMS-concurrent-mark: 0.200/0.263 secs] [Times: user=2.03 sys=0.01, real=0.26 secs] 
177.375: [CMS-concurrent-preclean-start]
177.419: Application time: 0.1269040 seconds
177.419: [GC177.419: [ParNew: 244542K->27134K(244544K), 0.0578000 secs] 535095K->351083K(790016K), 0.0578490 secs] [Times: user=0.41 sys=0.00, real=0.06 secs] 
177.477: Total time for which application threads were stopped: 0.0580880 seconds, Stopping threads took: 0.0001430 seconds
177.583: Application time: 0.1061520 seconds
177.583: [GC177.583: [ParNew: 244542K->27134K(244544K), 0.0584550 secs] 568491K->387541K(790016K), 0.0585020 secs] [Times: user=0.41 sys=0.00, real=0.06 secs] 
177.642: Total time for which application threads were stopped: 0.0586570 seconds, Stopping threads took: 0.0000820 seconds
177.754: Application time: 0.1119410 seconds
177.754: [GC177.754: [ParNew: 244542K->27136K(244544K), 0.0573960 secs] 604949K->422808K(790016K), 0.0574480 secs] [Times: user=0.41 sys=0.00, real=0.06 secs] 
177.811: Total time for which application threads were stopped: 0.0576170 seconds, Stopping threads took: 0.0000940 seconds
177.910: Application time: 0.0992840 seconds
177.911: [GC177.911: [ParNew: 244544K->27135K(244544K), 0.0691090 secs] 640216K->468831K(790016K), 0.0691630 secs] [Times: user=0.47 sys=0.00, real=0.07 secs] 
177.980: Total time for which application threads were stopped: 0.0693370 seconds, Stopping threads took: 0.0000980 seconds
178.099: Application time: 0.1188370 seconds
178.099: [GC178.099: [ParNew: 244543K->27135K(244544K), 0.0514680 secs] 686239K->497418K(790016K), 0.0515190 secs] [Times: user=0.36 sys=0.00, real=0.05 secs] 
178.150: Total time for which application threads were stopped: 0.0516840 seconds, Stopping threads took: 0.0000790 seconds
178.248: Application time: 0.0975340 seconds
178.248: [GC178.248: [ParNew: 244543K->27136K(244544K), 0.0592790 secs] 714826K->536418K(790016K), 0.0593300 secs] [Times: user=0.41 sys=0.00, real=0.06 secs] 
178.307: Total time for which application threads were stopped: 0.0595000 seconds, Stopping threads took: 0.0000970 seconds
178.417: Application time: 0.1096020 seconds
178.417: [GC178.417: [ParNew: 244544K->244544K(244544K), 0.0027040 secs]178.420: [CMS178.602: [CMS-concurrent-preclean: 0.865/1.227 secs] [Times: user=8.14 sys=0.01, real=1.23 secs] 
 (concurrent mode failure): 509282K->131202K(545472K), 0.5509730 secs] 753826K->131202K(790016K), [CMS Perm : 9145K->9145K(21248K)], 0.5537420 secs] [Times: user=0.56 sys=0.00, real=0.55 secs] 
178.971: Total time for which application threads were stopped: 0.5538890 seconds, Stopping threads took: 0.0000730 seconds
179.058: Application time: 0.0875340 seconds
179.059: [GC179.059: [ParNew: 217408K->27136K(244544K), 0.0434870 secs] 348610K->190386K(790016K), 0.0435330 secs] [Times: user=0.30 sys=0.00, real=0.04 secs] 
179.102: Total time for which application threads were stopped: 0.0437660 seconds, Stopping threads took: 0.0001300 seconds
179.204: Application time: 0.1018000 seconds
179.204: [GC179.204: [ParNew: 244544K->27136K(244544K), 0.0490230 secs] 407794K->218945K(790016K), 0.0490740 secs] [Times: user=0.34 sys=0.00, real=0.05 secs] 
179.253: Total time for which application threads were stopped: 0.0492630 seconds, Stopping threads took: 0.0001130 seconds
179.353: Application time: 0.0996830 seconds
179.353: [GC179.353: [ParNew: 244487K->27136K(244544K), 0.0503980 secs] 436297K->251927K(790016K), 0.0504490 secs] [Times: user=0.35 sys=0.00, real=0.05 secs] 
179.404: Total time for which application threads were stopped: 0.0506060 seconds, Stopping threads took: 0.0000840 seconds
179.490: Application time: 0.0867590 seconds
179.493: [GC179.493: [ParNew: 244544K->27136K(244544K), 0.0663440 secs] 469335K->303732K(790016K), 0.0663920 secs] [Times: user=0.45 sys=0.00, real=0.07 secs] 
179.559: Total time for which application threads were stopped: 0.0686580 seconds, Stopping threads took: 0.0021950 seconds
179.559: Application time: 0.0001160 seconds
179.559: [GC [1 CMS-initial-mark: 276596K(545472K)] 307227K(790016K), 0.0211220 secs] [Times: user=0.02 sys=0.00, real=0.02 secs] 
179.580: Total time for which application threads were stopped: 0.0212400 seconds, Stopping threads took: 0.0000660 seconds
179.580: [CMS-concurrent-mark-start]
179.687: Application time: 0.1068440 seconds
179.687: [GC179.687: [ParNew: 244544K->27136K(244544K), 0.0582440 secs] 521140K->338928K(790016K), 0.0582940 secs] [Times: user=0.40 sys=0.00, real=0.06 secs] 
179.746: Total time for which application threads were stopped: 0.0584610 seconds, Stopping threads took: 0.0000670 seconds
179.833: [CMS-concurrent-mark: 0.194/0.253 secs] [Times: user=1.94 sys=0.00, real=0.25 secs] 
179.833: [CMS-concurrent-preclean-start]
179.864: Application time: 0.1178990 seconds
179.864: [GC179.864: [ParNew: 244544K->27136K(244544K), 0.0664620 secs] 556336K->378343K(790016K), 0.0665160 secs] [Times: user=0.43 sys=0.00, real=0.07 secs] 
179.931: Total time for which application threads were stopped: 0.0673000 seconds, Stopping threads took: 0.0007070 seconds
180.063: Application time: 0.1325390 seconds
180.063: [GC180.064: [ParNew: 244544K->27123K(244544K), 0.0456560 secs] 595751K->402880K(790016K), 0.0457030 secs] [Times: user=0.32 sys=0.00, real=0.05 secs] 
180.109: Total time for which application threads were stopped: 0.0458480 seconds, Stopping threads took: 0.0000720 seconds
180.207: Application time: 0.0980940 seconds
180.207: [GC180.208: [ParNew: 244531K->27136K(244544K), 0.0644240 secs] 620288K->444379K(790016K), 0.0644730 secs] [Times: user=0.44 sys=0.00, real=0.06 secs] 
180.272: Total time for which application threads were stopped: 0.0646750 seconds, Stopping threads took: 0.0001150 seconds
180.366: Application time: 0.0936190 seconds
180.366: [GC180.366: [ParNew: 244544K->27136K(244544K), 0.0676240 secs] 661787K->490662K(790016K), 0.0676750 secs] [Times: user=0.47 sys=0.00, real=0.06 secs] 
180.433: Total time for which application threads were stopped: 0.0678490 seconds, Stopping threads took: 0.0001020 seconds
180.539: Application time: 0.1058110 seconds
180.539: [GC180.539: [ParNew: 244544K->27136K(244544K), 0.0669270 secs] 708070K->535543K(790016K), 0.0669770 secs] [Times: user=0.47 sys=0.00, real=0.07 secs] 
180.606: Total time for which application threads were stopped: 0.0671430 seconds, Stopping threads took: 0.0000920 seconds
180.725: Application time: 0.1184900 seconds
180.725: [GC180.725: [ParNew: 244544K->244544K(244544K), 0.0000160 secs]180.725: [CMS180.903: [CMS-concurrent-preclean: 0.753/1.070 secs] [Times: user=6.93 sys=0.00, real=1.07 secs] 
 (concurrent mode failure): 508407K->133355K(545472K), 0.5491710 secs] 752951K->133355K(790016K), [CMS Perm : 9145K->9145K(21248K)], 0.5492470 secs] [Times: user=0.55 sys=0.00, real=0.54 secs] 
181.274: Total time for which application threads were stopped: 0.5494430 seconds, Stopping threads took: 0.0001090 seconds
181.373: Application time: 0.0983810 seconds
181.373: [GC181.373: [ParNew: 217408K->27136K(244544K), 0.0328200 secs] 350763K->176784K(790016K), 0.0328700 secs] [Times: user=0.25 sys=0.00, real=0.04 secs] 
181.406: Total time for which application threads were stopped: 0.0331870 seconds, Stopping threads took: 0.0002120 seconds
181.493: Application time: 0.0868050 seconds
181.497: [GC181.497: [ParNew: 244544K->27136K(244544K), 0.0647440 secs] 394192K->231534K(790016K), 0.0647930 secs] [Times: user=0.44 sys=0.00, real=0.06 secs] 
181.561: Total time for which application threads were stopped: 0.0687220 seconds, Stopping threads took: 0.0038360 seconds
181.657: Application time: 0.0956330 seconds
181.657: [GC181.657: [ParNew: 244544K->27136K(244544K), 0.0549880 secs] 448942K->266889K(790016K), 0.0550380 secs] [Times: user=0.38 sys=0.00, real=0.05 secs] 
181.712: Total time for which application threads were stopped: 0.0551880 seconds, Stopping threads took: 0.0000770 seconds
181.811: Application time: 0.0982740 seconds
181.813: [GC181.813: [ParNew: 244544K->27134K(244544K), 0.0569240 secs] 484297K->304259K(790016K), 0.0569740 secs] [Times: user=0.40 sys=0.00, real=0.06 secs] 
181.870: Total time for which application threads were stopped: 0.0589640 seconds, Stopping threads took: 0.0019170 seconds
181.870: Application time: 0.0000570 seconds
181.870: [GC [1 CMS-initial-mark: 277124K(545472K)] 305509K(790016K), 0.0227460 secs] [Times: user=0.02 sys=0.01, real=0.02 secs] 
181.892: Total time for which application threads were stopped: 0.0228580 seconds, Stopping threads took: 0.0000590 seconds
181.892: [CMS-concurrent-mark-start]
182.015: [CMS-concurrent-mark: 0.122/0.122 secs] [Times: user=0.96 sys=0.00, real=0.12 secs] 
182.015: [CMS-concurrent-preclean-start]
182.020: Application time: 0.1273000 seconds
182.020: [GC182.020: [ParNew: 244542K->27136K(244544K), 0.0535720 secs] 521667K->335991K(790016K), 0.0536200 secs] [Times: user=0.38 sys=0.00, real=0.05 secs] 
182.074: Total time for which application threads were stopped: 0.0538190 seconds, Stopping threads took: 0.0001170 seconds
182.074: [CMS-concurrent-preclean: 0.006/0.060 secs] [Times: user=0.43 sys=0.00, real=0.06 secs] 
182.075: [CMS-concurrent-abortable-preclean-start]
182.168: Application time: 0.0948390 seconds
182.169: [GC182.169: [ParNew: 244544K->27136K(244544K), 0.0585100 secs] 553399K->374096K(790016K), 0.0585600 secs] [Times: user=0.41 sys=0.00, real=0.06 secs] 
182.227: Total time for which application threads were stopped: 0.0587630 seconds, Stopping threads took: 0.0001300 seconds
182.330: Application time: 0.1030690 seconds
182.330: [GC182.330: [ParNew: 244544K->27136K(244544K), 0.0673020 secs] 591504K->419443K(790016K), 0.0673540 secs] [Times: user=0.47 sys=0.00, real=0.07 secs] 
182.398: Total time for which application threads were stopped: 0.0675400 seconds, Stopping threads took: 0.0001100 seconds
182.507: Application time: 0.1095330 seconds
182.507: [GC182.508: [ParNew: 244544K->27136K(244544K), 0.0632080 secs] 636851K->458657K(790016K), 0.0632580 secs] [Times: user=0.45 sys=0.00, real=0.06 secs] 
182.571: Total time for which application threads were stopped: 0.0634320 seconds, Stopping threads took: 0.0000990 seconds
182.572: [CMS-concurrent-abortable-preclean: 0.306/0.498 secs] [Times: user=3.77 sys=0.00, real=0.50 secs] 
182.572: Application time: 0.0013290 seconds
182.572: [GC[YG occupancy: 30638 K (244544 K)]182.572: [Rescan (parallel) , 0.0398930 secs]182.612: [weak refs processing, 0.0000100 secs]182.612: [scrub string table, 0.0001790 secs] [1 CMS-remark: 431521K(545472K)] 462160K(790016K), 0.0401260 secs] [Times: user=0.31 sys=0.00, real=0.04 secs] 
182.612: Total time for which application threads were stopped: 0.0402600 seconds, Stopping threads took: 0.0000850 seconds
182.612: [CMS-concurrent-sweep-start]
182.732: Application time: 0.1198790 seconds
182.732: [GC182.732: [ParNew: 244544K->27134K(244544K), 0.0564130 secs] 574999K->384416K(790016K), 0.0564620 secs] [Times: user=0.38 sys=0.00, real=0.06 secs] 
182.789: Total time for which application threads were stopped: 0.0566160 seconds, Stopping threads took: 0.0000820 seconds
182.886: Application time: 0.0969910 seconds
182.886: [GC182.886: [ParNew: 244542K->27136K(244544K), 0.0677440 secs] 548981K->380638K(790016K), 0.0677910 secs] [Times: user=0.45 sys=0.00, real=0.06 secs] 
182.954: Total time for which application threads were stopped: 0.0679390 seconds, Stopping threads took: 0.0000780 seconds
183.025: [CMS-concurrent-sweep: 0.288/0.412 secs] [Times: user=3.14 sys=0.01, real=0.42 secs] 
183.025: [CMS-concurrent-reset-start]
183.026: [CMS-concurrent-reset: 0.001/0.001 secs] [Times: user=0.00 sys=0.00, real=0.00 secs] 
183.065: Application time: 0.1113920 seconds
183.065: [GC183.065: [ParNew: 244544K->27136K(244544K), 0.0557720 secs] 598044K->415446K(790016K), 0.0558190 secs] [Times: user=0.39 sys=0.00, real=0.05 secs] 
183.121: Total time for which application threads were stopped: 0.0559820 seconds, Stopping threads took: 0.0000910 seconds
183.136: Application time: 0.0153190 seconds
183.140: [GC [1 CMS-initial-mark: 388310K(545472K)] 455110K(790016K), 0.0392220 secs] [Times: user=0.04 sys=0.00, real=0.04 secs] 
183.179: Total time for which application threads were stopped: 0.0423890 seconds, Stopping threads took: 0.0031030 seconds
183.179: [CMS-concurrent-mark-start]
183.272: Application time: 0.0935300 seconds
183.273: [GC183.273: [ParNew: 244544K->27136K(244544K), 0.0685930 secs] 632854K->460897K(790016K), 0.0686390 secs] [Times: user=0.47 sys=0.00, real=0.07 secs] 
183.341: Total time for which application threads were stopped: 0.0687670 seconds, Stopping threads took: 0.0000570 seconds
183.376: [CMS-concurrent-mark: 0.129/0.197 secs] [Times: user=1.48 sys=0.01, real=0.19 secs] 
183.376: [CMS-concurrent-preclean-start]
183.474: Application time: 0.1325540 seconds
183.474: [GC183.474: [ParNew: 244544K->27136K(244544K), 0.0464200 secs] 678305K->484292K(790016K), 0.0464740 secs] [Times: user=0.34 sys=0.00, real=0.05 secs] 
183.520: Total time for which application threads were stopped: 0.0466060 seconds, Stopping threads took: 0.0000600 seconds
183.622: Application time: 0.1019370 seconds
183.622: [GC183.622: [ParNew: 244544K->27136K(244544K), 0.0597430 secs] 701700K->521965K(790016K), 0.0597930 secs] [Times: user=0.42 sys=0.00, real=0.06 secs] 
183.682: Total time for which application threads were stopped: 0.0599470 seconds, Stopping threads took: 0.0000820 seconds
183.773: Application time: 0.0911810 seconds
183.774: [GC183.774: [ParNew (promotion failed): 244544K->244544K(244544K), 1.5315860 secs]185.305: [CMS185.483: [CMS-concurrent-preclean: 0.465/2.107 secs] [Times: user=5.72 sys=0.27, real=2.11 secs] 
 (concurrent mode failure): 541491K->138443K(545472K), 0.5608080 secs] 739373K->138443K(790016K), [CMS Perm : 9145K->9145K(21248K)], 2.0924720 secs] [Times: user=3.01 sys=0.27, real=2.10 secs] 
185.866: Total time for which application threads were stopped: 2.0926550 seconds, Stopping threads took: 0.0000970 seconds
185.961: Application time: 0.0951150 seconds
185.965: [GC185.965: [ParNew: 217408K->27136K(244544K), 0.0379020 secs] 355851K->187380K(790016K), 0.0379510 secs] [Times: user=0.27 sys=0.00, real=0.03 secs] 
186.003: Total time for which application threads were stopped: 0.0414630 seconds, Stopping threads took: 0.0034040 seconds
186.114: Application time: 0.1116100 seconds
186.114: [GC186.114: [ParNew: 244544K->27136K(244544K), 0.0489240 secs] 404788K->215798K(790016K), 0.0489720 secs] [Times: user=0.35 sys=0.00, real=0.05 secs] 
186.163: Total time for which application threads were stopped: 0.0491200 seconds, Stopping threads took: 0.0000750 seconds
186.256: Application time: 0.0929280 seconds
186.257: [GC186.257: [ParNew: 244544K->27136K(244544K), 0.0597470 secs] 433206K->259338K(790016K), 0.0597990 secs] [Times: user=0.42 sys=0.00, real=0.05 secs] 
186.316: Total time for which application threads were stopped: 0.0600150 seconds, Stopping threads took: 0.0001400 seconds
186.402: Application time: 0.0861530 seconds
186.403: [GC186.403: [ParNew: 244544K->27136K(244544K), 0.0660690 secs] 476746K->309133K(790016K), 0.0661190 secs] [Times: user=0.45 sys=0.00, real=0.07 secs] 
186.469: Total time for which application threads were stopped: 0.0663060 seconds, Stopping threads took: 0.0001130 seconds
186.469: Application time: 0.0002170 seconds
186.469: [GC [1 CMS-initial-mark: 281997K(545472K)] 312607K(790016K), 0.0204060 secs] [Times: user=0.02 sys=0.00, real=0.02 secs] 
186.490: Total time for which application threads were stopped: 0.0205440 seconds, Stopping threads took: 0.0000750 seconds
186.490: [CMS-concurrent-mark-start]
186.616: Application time: 0.1268170 seconds
186.617: [GC186.617: [ParNew: 244544K->27136K(244544K), 0.0612000 secs] 526541K->344046K(790016K), 0.0612470 secs] [Times: user=0.43 sys=0.00, real=0.06 secs] 
186.678: Total time for which application threads were stopped: 0.0613970 seconds, Stopping threads took: 0.0000740 seconds
186.743: [CMS-concurrent-mark: 0.192/0.253 secs] [Times: user=1.94 sys=0.01, real=0.25 secs] 
186.743: [CMS-concurrent-preclean-start]
186.799: Application time: 0.1217170 seconds
186.800: [GC186.800: [ParNew: 244544K->27136K(244544K), 0.0579850 secs] 561454K->378684K(790016K), 0.0580350 secs] [Times: user=0.41 sys=0.00, real=0.06 secs] 
186.858: Total time for which application threads were stopped: 0.0582200 seconds, Stopping threads took: 0.0001130 seconds
186.964: Application time: 0.1061200 seconds
186.964: [GC186.964: [ParNew: 244544K->27136K(244544K), 0.0596620 secs] 596092K->416567K(790016K), 0.0597130 secs] [Times: user=0.41 sys=0.00, real=0.06 secs] 
187.024: Total time for which application threads were stopped: 0.0599070 seconds, Stopping threads took: 0.0001210 seconds
187.125: Application time: 0.1009990 seconds
187.125: [GC187.125: [ParNew: 244544K->27136K(244544K), 0.0686790 secs] 633975K->459746K(790016K), 0.0687350 secs] [Times: user=0.48 sys=0.00, real=0.06 secs] 
187.194: Total time for which application threads were stopped: 0.0689090 seconds, Stopping threads took: 0.0000920 seconds
187.298: Application time: 0.1046600 seconds
187.298: [GC187.298: [ParNew: 244544K->27136K(244544K), 0.0610430 secs] 677154K->496779K(790016K), 0.0610940 secs] [Times: user=0.43 sys=0.00, real=0.06 secs] 
187.360: Total time for which application threads were stopped: 0.0612630 seconds, Stopping threads took: 0.0000950 seconds
187.471: Application time: 0.1114030 seconds
187.471: [GC187.471: [ParNew: 244544K->27135K(244544K), 0.0501650 secs] 714187K->525445K(790016K), 0.0502150 secs] [Times: user=0.35 sys=0.00, real=0.05 secs] 
187.521: Total time for which application threads were stopped: 0.0503770 seconds, Stopping threads took: 0.0000890 seconds
187.639: Application time: 0.1171630 seconds
187.639: [GC187.639: [ParNew: 244543K->27134K(244544K), 0.0507050 secs] 742853K->554518K(790016K), 0.0507540 secs] [Times: user=0.36 sys=0.00, real=0.05 secs] 
187.690: Total time for which application threads were stopped: 0.0509440 seconds, Stopping threads took: 0.0001020 seconds
187.778: Application time: 0.0885140 seconds
187.778: [GC187.778: [ParNew: 244542K->244542K(244544K), 0.0000140 secs]187.778: [CMS187.943: [CMS-concurrent-preclean: 0.846/1.200 secs] [Times: user=8.09 sys=0.02, real=1.20 secs] 
 (concurrent mode failure): 527384K->124261K(545472K), 0.4946530 secs] 771926K->124261K(790016K), [CMS Perm : 9145K->9145K(21248K)], 0.4947260 secs] [Times: user=0.50 sys=0.00, real=0.49 secs] 
188.273: Total time for which application threads were stopped: 0.4948750 seconds, Stopping threads took: 0.0000720 seconds
188.369: Application time: 0.0957860 seconds
188.369: [GC188.369: [ParNew: 217408K->27136K(244544K), 0.0498160 secs] 341669K->183506K(790016K), 0.0498650 secs] [Times: user=0.36 sys=0.00, real=0.05 secs] 
188.419: Total time for which application threads were stopped: 0.0500210 seconds, Stopping threads took: 0.0000710 seconds
188.528: Application time: 0.1094920 seconds
188.528: [GC188.528: [ParNew: 244544K->27130K(244544K), 0.0466940 secs] 400914K->208923K(790016K), 0.0467560 secs] [Times: user=0.33 sys=0.00, real=0.04 secs] 
188.575: Total time for which application threads were stopped: 0.0469320 seconds, Stopping threads took: 0.0001000 seconds
188.668: Application time: 0.0929620 seconds
188.668: [GC188.668: [ParNew: 244538K->27136K(244544K), 0.0584700 secs] 426331K->245202K(790016K), 0.0585140 secs] [Times: user=0.41 sys=0.00, real=0.06 secs] 
188.727: Total time for which application threads were stopped: 0.0586820 seconds, Stopping threads took: 0.0000940 seconds
188.814: Application time: 0.0874830 seconds
188.814: [GC188.814: [ParNew: 244544K->27136K(244544K), 0.0597320 secs] 462610K->290041K(790016K), 0.0597800 secs] [Times: user=0.41 sys=0.00, real=0.06 secs] 
188.874: Total time for which application threads were stopped: 0.0599500 seconds, Stopping threads took: 0.0000960 seconds
188.874: Application time: 0.0002350 seconds
188.875: [GC [1 CMS-initial-mark: 262905K(545472K)] 293530K(790016K), 0.0200910 secs] [Times: user=0.02 sys=0.00, real=0.02 secs] 
188.895: Total time for which application threads were stopped: 0.0202390 seconds, Stopping threads took: 0.0000860 seconds
188.895: [CMS-concurrent-mark-start]
189.000: Application time: 0.1056810 seconds
189.000: [GC189.000: [ParNew: 244544K->27136K(244544K), 0.0722000 secs] 507449K->341320K(790016K), 0.0722510 secs] [Times: user=0.50 sys=0.00, real=0.07 secs] 
189.073: Total time for which application threads were stopped: 0.0723830 seconds, Stopping threads took: 0.0000550 seconds
189.194: Application time: 0.1216040 seconds
189.196: [GC189.196: [ParNew: 244544K->27136K(244544K), 0.0536190 secs] 558728K->369059K(790016K), 0.0536690 secs] [Times: user=0.38 sys=0.00, real=0.06 secs] 
189.249: Total time for which application threads were stopped: 0.0548390 seconds, Stopping threads took: 0.0010880 seconds
189.358: [CMS-concurrent-mark: 0.336/0.463 secs] [Times: user=3.55 sys=0.01, real=0.47 secs] 
189.358: [CMS-concurrent-preclean-start]
189.367: Application time: 0.1174430 seconds
189.367: [GC189.367: [ParNew: 244544K->27136K(244544K), 0.0536960 secs] 586467K->399546K(790016K), 0.0537420 secs] [Times: user=0.38 sys=0.00, real=0.05 secs] 
189.421: Total time for which application threads were stopped: 0.0538940 seconds, Stopping threads took: 0.0000820 seconds
189.518: Application time: 0.0973220 seconds
189.518: [GC189.518: [ParNew: 244492K->27136K(244544K), 0.0656040 secs] 616903K->444598K(790016K), 0.0656520 secs] [Times: user=0.45 sys=0.00, real=0.06 secs] 
189.584: Total time for which application threads were stopped: 0.0658620 seconds, Stopping threads took: 0.0001240 seconds
189.680: Application time: 0.0963390 seconds
189.680: [GC189.680: [ParNew: 244544K->27136K(244544K), 0.0724880 secs] 662006K->495009K(790016K), 0.0725380 secs] [Times: user=0.50 sys=0.00, real=0.07 secs] 
189.753: Total time for which application threads were stopped: 0.0726730 seconds, Stopping threads took: 0.0000590 seconds
189.875: Application time: 0.1223240 seconds
189.875: [GC189.875: [ParNew: 244544K->27136K(244544K), 0.0581400 secs] 712417K->527358K(790016K), 0.0581990 secs] [Times: user=0.41 sys=0.00, real=0.06 secs] 
189.933: Total time for which application threads were stopped: 0.0583450 seconds, Stopping threads took: 0.0000680 seconds
190.041: Application time: 0.1080390 seconds
190.042: [GC190.042: [ParNew: 244544K->244544K(244544K), 0.0000150 secs]190.042: [CMS190.232: [CMS-concurrent-preclean: 0.620/0.874 secs] [Times: user=5.38 sys=0.01, real=0.87 secs] 
 (concurrent mode failure): 500222K->135765K(545472K), 0.5518890 secs] 744766K->135765K(790016K), [CMS Perm : 9145K->9145K(21248K)], 0.5519630 secs] [Times: user=0.56 sys=0.00, real=0.55 secs] 
190.594: Total time for which application threads were stopped: 0.5521560 seconds, Stopping threads took: 0.0001060 seconds
190.698: Application time: 0.1046650 seconds
190.699: [GC190.699: [ParNew: 217408K->27136K(244544K), 0.0312230 secs] 353173K->175392K(790016K), 0.0312720 secs] [Times: user=0.23 sys=0.00, real=0.03 secs] 
190.730: Total time for which application threads were stopped: 0.0315340 seconds, Stopping threads took: 0.0001560 seconds
190.808: Application time: 0.0784980 seconds
190.808: [GC190.809: [ParNew: 244544K->27136K(244544K), 0.0717950 secs] 392800K->240475K(790016K), 0.0718460 secs] [Times: user=0.49 sys=0.00, real=0.07 secs] 
190.880: Total time for which application threads were stopped: 0.0720220 seconds, Stopping threads took: 0.0001020 seconds
190.980: Application time: 0.0995170 seconds
190.980: [GC190.980: [ParNew: 244544K->27136K(244544K), 0.0567880 secs] 457883K->276932K(790016K), 0.0568390 secs] [Times: user=0.40 sys=0.00, real=0.06 secs] 
191.037: Total time for which application threads were stopped: 0.0570320 seconds, Stopping threads took: 0.0001160 seconds
191.060: Application time: 0.0235670 seconds
191.065: [GC [1 CMS-initial-mark: 249796K(545472K)] 321848K(790016K), 0.0521200 secs] [Times: user=0.05 sys=0.00, real=0.05 secs] 
191.117: Total time for which application threads were stopped: 0.0562190 seconds, Stopping threads took: 0.0040400 seconds
191.117: [CMS-concurrent-mark-start]
191.214: Application time: 0.0975910 seconds
191.214: [GC191.214: [ParNew: 244544K->27136K(244544K), 0.0607740 secs] 494340K->313283K(790016K), 0.0608250 secs] [Times: user=0.43 sys=0.00, real=0.06 secs] 
191.275: Total time for which application threads were stopped: 0.0610120 seconds, Stopping threads took: 0.0000970 seconds
191.365: [CMS-concurrent-mark: 0.187/0.248 secs] [Times: user=1.92 sys=0.00, real=0.25 secs] 
191.365: [CMS-concurrent-preclean-start]
191.400: Application time: 0.1251710 seconds
191.401: [GC191.401: [ParNew: 244544K->27136K(244544K), 0.0507210 secs] 530691K->341850K(790016K), 0.0507760 secs] [Times: user=0.36 sys=0.00, real=0.05 secs] 
191.451: Total time for which application threads were stopped: 0.0508980 seconds, Stopping threads took: 0.0000500 seconds
191.547: Application time: 0.0960350 seconds
191.548: [GC191.548: [ParNew: 244544K->27136K(244544K), 0.0741890 secs] 559258K->391442K(790016K), 0.0742360 secs] [Times: user=0.51 sys=0.00, real=0.07 secs] 
191.622: Total time for which application threads were stopped: 0.0744540 seconds, Stopping threads took: 0.0001240 seconds
191.730: Application time: 0.1076800 seconds
191.730: [GC191.730: [ParNew: 244544K->27136K(244544K), 0.0600410 secs] 608850K->428086K(790016K), 0.0600900 secs] [Times: user=0.42 sys=0.00, real=0.06 secs] 
191.790: Total time for which application threads were stopped: 0.0602750 seconds, Stopping threads took: 0.0000970 seconds
191.896: Application time: 0.1061330 seconds
191.896: [GC191.896: [ParNew: 244544K->27136K(244544K), 0.0659130 secs] 645494K->466505K(790016K), 0.0659630 secs] [Times: user=0.46 sys=0.00, real=0.07 secs] 
191.962: Total time for which application threads were stopped: 0.0661390 seconds, Stopping threads took: 0.0001050 seconds
192.077: Application time: 0.1145790 seconds
192.077: [GC192.077: [ParNew: 244544K->27136K(244544K), 0.0531450 secs] 683913K->497639K(790016K), 0.0531960 secs] [Times: user=0.37 sys=0.00, real=0.05 secs] 
192.130: Total time for which application threads were stopped: 0.0533840 seconds, Stopping threads took: 0.0001150 seconds
192.237: Application time: 0.1067840 seconds
192.237: [GC192.237: [ParNew: 244544K->27136K(244544K), 0.0634950 secs] 715047K->538990K(790016K), 0.0635460 secs] [Times: user=0.44 sys=0.01, real=0.06 secs] 
192.301: Total time for which application threads were stopped: 0.0637330 seconds, Stopping threads took: 0.0001040 seconds
192.398: Application time: 0.0978820 seconds
192.399: [GC192.399: [ParNew: 244544K->244544K(244544K), 0.0000150 secs]192.399: [CMS192.580: [CMS-concurrent-preclean: 0.842/1.215 secs] [Times: user=8.07 sys=0.01, real=1.21 secs] 
 (concurrent mode failure): 511854K->147372K(545472K), 0.5851740 secs] 756398K->147372K(790016K), [CMS Perm : 9145K->9145K(21248K)], 0.5852490 secs] [Times: user=0.59 sys=0.00, real=0.58 secs] 
192.984: Total time for which application threads were stopped: 0.5854050 seconds, Stopping threads took: 0.0000800 seconds
193.079: Application time: 0.0952890 seconds
193.079: [GC193.079: [ParNew: 217408K->27135K(244544K), 0.0320470 secs] 364780K->190601K(790016K), 0.0320970 secs] [Times: user=0.24 sys=0.00, real=0.03 secs] 
193.111: Total time for which application threads were stopped: 0.0322620 seconds, Stopping threads took: 0.0000870 seconds
193.216: Application time: 0.1042080 seconds
193.216: [GC193.216: [ParNew: 244543K->27134K(244544K), 0.0478270 secs] 408009K->220538K(790016K), 0.0478780 secs] [Times: user=0.34 sys=0.00, real=0.05 secs] 
193.264: Total time for which application threads were stopped: 0.0480670 seconds, Stopping threads took: 0.0001130 seconds
193.361: Application time: 0.0972000 seconds
193.361: [GC193.361: [ParNew: 244542K->27135K(244544K), 0.0518560 secs] 437946K->254996K(790016K), 0.0519060 secs] [Times: user=0.36 sys=0.00, real=0.05 secs] 
193.413: Total time for which application threads were stopped: 0.0520750 seconds, Stopping threads took: 0.0000940 seconds
193.492: Application time: 0.0785580 seconds
193.492: [GC193.492: [ParNew: 244543K->27134K(244544K), 0.0735400 secs] 472404K->317863K(790016K), 0.0735920 secs] [Times: user=0.50 sys=0.00, real=0.08 secs] 
193.567: Total time for which application threads were stopped: 0.0752660 seconds, Stopping threads took: 0.0000840 seconds
193.567: Application time: 0.0001000 seconds
193.567: [GC [1 CMS-initial-mark: 290729K(545472K)] 321469K(790016K), 0.0209710 secs] [Times: user=0.03 sys=0.00, real=0.02 secs] 
193.588: Total time for which application threads were stopped: 0.0211070 seconds, Stopping threads took: 0.0000860 seconds
193.588: [CMS-concurrent-mark-start]
193.720: Application time: 0.1322570 seconds
193.720: [GC193.720: [ParNew: 244542K->27134K(244544K), 0.0576610 secs] 535271K->350373K(790016K), 0.0577260 secs] [Times: user=0.41 sys=0.01, real=0.06 secs] 
193.778: Total time for which application threads were stopped: 0.0578800 seconds, Stopping threads took: 0.0000700 seconds
193.782: [CMS-concurrent-mark: 0.136/0.194 secs] [Times: user=1.48 sys=0.01, real=0.19 secs] 
193.782: [CMS-concurrent-preclean-start]
193.897: Application time: 0.1183580 seconds
193.897: [GC193.897: [ParNew: 244404K->27136K(244544K), 0.0592280 secs] 567643K->380932K(790016K), 0.0592790 secs] [Times: user=0.42 sys=0.00, real=0.05 secs] 
193.956: Total time for which application threads were stopped: 0.0594290 seconds, Stopping threads took: 0.0000770 seconds
194.067: Application time: 0.1107060 seconds
194.067: [GC194.067: [ParNew: 244544K->27135K(244544K), 0.0524540 secs] 598340K->413934K(790016K), 0.0525040 secs] [Times: user=0.37 sys=0.00, real=0.05 secs] 
194.119: Total time for which application threads were stopped: 0.0526880 seconds, Stopping threads took: 0.0001100 seconds
194.213: Application time: 0.0934690 seconds
194.213: [GC194.213: [ParNew: 244543K->27136K(244544K), 0.0673840 secs] 631342K->460404K(790016K), 0.0674340 secs] [Times: user=0.47 sys=0.00, real=0.07 secs] 
194.280: Total time for which application threads were stopped: 0.0675910 seconds, Stopping threads took: 0.0000730 seconds
194.378: Application time: 0.0979590 seconds
194.379: [GC194.379: [ParNew: 244544K->27136K(244544K), 0.0705720 secs] 677812K->507936K(790016K), 0.0706210 secs] [Times: user=0.49 sys=0.00, real=0.07 secs] 
194.449: Total time for which application threads were stopped: 0.0707740 seconds, Stopping threads took: 0.0000710 seconds
194.575: Application time: 0.1262810 seconds
194.576: [GC194.576: [ParNew: 244544K->27136K(244544K), 0.0474210 secs] 725344K->532681K(790016K), 0.0474730 secs] [Times: user=0.34 sys=0.00, real=0.05 secs] 
194.623: Total time for which application threads were stopped: 0.0476560 seconds, Stopping threads took: 0.0001090 seconds
194.729: Application time: 0.1055950 seconds
194.729: [GC194.729: [ParNew: 244544K->244544K(244544K), 0.0000140 secs]194.729: [CMS194.922: [CMS-concurrent-preclean: 0.836/1.140 secs] [Times: user=7.45 sys=0.00, real=1.14 secs] 
 (concurrent mode failure): 505545K->120662K(545472K), 0.5481270 secs] 750089K->120662K(790016K), [CMS Perm : 9145K->9145K(21248K)], 0.5481960 secs] [Times: user=0.55 sys=0.01, real=0.55 secs] 
195.277: Total time for which application threads were stopped: 0.5483090 seconds, Stopping threads took: 0.0000370 seconds
195.359: Application time: 0.0824320 seconds
195.360: [GC195.360: [ParNew: 217408K->27136K(244544K), 0.0438240 secs] 338070K->180025K(790016K), 0.0438750 secs] [Times: user=0.30 sys=0.00, real=0.04 secs] 
195.404: Total time for which application threads were stopped: 0.0441050 seconds, Stopping threads took: 0.0001420 seconds
195.497: Application time: 0.0929950 seconds
195.497: [GC195.497: [ParNew: 244544K->27136K(244544K), 0.0613410 secs] 397433K->225042K(790016K), 0.0613880 secs] [Times: user=0.43 sys=0.00, real=0.06 secs] 
195.558: Total time for which application threads were stopped: 0.0615640 seconds, Stopping threads took: 0.0001070 seconds
195.666: Application time: 0.1074580 seconds
195.666: [GC195.666: [ParNew: 244544K->27136K(244544K), 0.0498280 secs] 442450K->253028K(790016K), 0.0498770 secs] [Times: user=0.35 sys=0.00, real=0.04 secs] 
195.716: Total time for which application threads were stopped: 0.0500530 seconds, Stopping threads took: 0.0001020 seconds
195.813: Application time: 0.0977160 seconds
195.813: [GC195.813: [ParNew: 244544K->27136K(244544K), 0.0528440 secs] 470436K->286560K(790016K), 0.0528910 secs] [Times: user=0.37 sys=0.00, real=0.06 secs] 
195.866: Total time for which application threads were stopped: 0.0530230 seconds, Stopping threads took: 0.0000600 seconds
195.866: Application time: 0.0000560 seconds
195.867: [GC [1 CMS-initial-mark: 259424K(545472K)] 287667K(790016K), 0.0208170 secs] [Times: user=0.02 sys=0.00, real=0.02 secs] 
195.887: Total time for which application threads were stopped: 0.0209620 seconds, Stopping threads took: 0.0000720 seconds
195.887: [CMS-concurrent-mark-start]
195.982: Application time: 0.0947800 seconds
195.982: [GC195.982: [ParNew: 244544K->27136K(244544K), 0.0770840 secs] 503968K->346567K(790016K), 0.0771330 secs] [Times: user=0.52 sys=0.00, real=0.08 secs] 
196.059: Total time for which application threads were stopped: 0.0773060 seconds, Stopping threads took: 0.0000990 seconds
196.153: [CMS-concurrent-mark: 0.188/0.265 secs] [Times: user=2.03 sys=0.00, real=0.26 secs] 
196.153: [CMS-concurrent-preclean-start]
196.192: Application time: 0.1322090 seconds
196.192: [GC196.192: [ParNew: 244544K->27136K(244544K), 0.0505870 secs] 563975K->374672K(790016K), 0.0506350 secs] [Times: user=0.36 sys=0.00, real=0.05 secs] 
196.242: Total time for which application threads were stopped: 0.0507830 seconds, Stopping threads took: 0.0000730 seconds
196.350: Application time: 0.1074570 seconds
196.350: [GC196.350: [ParNew: 244544K->27136K(244544K), 0.0585330 secs] 592080K->409371K(790016K), 0.0585820 secs] [Times: user=0.41 sys=0.00, real=0.06 secs] 
196.409: Total time for which application threads were stopped: 0.0587230 seconds, Stopping threads took: 0.0000650 seconds
196.514: Application time: 0.1053530 seconds
196.514: [GC196.514: [ParNew: 244544K->27136K(244544K), 0.0662280 secs] 626779K->450561K(790016K), 0.0662770 secs] [Times: user=0.46 sys=0.00, real=0.07 secs] 
196.580: Total time for which application threads were stopped: 0.0664230 seconds, Stopping threads took: 0.0000490 seconds
196.701: Application time: 0.1201330 seconds
196.701: [GC196.701: [ParNew: 244544K->27136K(244544K), 0.0464030 secs] 667969K->475926K(790016K), 0.0464540 secs] [Times: user=0.33 sys=0.00, real=0.05 secs] 
196.747: Total time for which application threads were stopped: 0.0466360 seconds, Stopping threads took: 0.0001070 seconds
196.839: Application time: 0.0917430 seconds
196.839: [GC196.839: [ParNew: 244544K->27136K(244544K), 0.0730400 secs] 693334K->527450K(790016K), 0.0730870 secs] [Times: user=0.50 sys=0.00, real=0.07 secs] 
196.912: Total time for which application threads were stopped: 0.0732330 seconds, Stopping threads took: 0.0000710 seconds
197.015: Application time: 0.1027660 seconds
197.015: [GC197.015: [ParNew: 244544K->244544K(244544K), 0.0000150 secs]197.015: [CMS197.191: [CMS-concurrent-preclean: 0.739/1.038 secs] [Times: user=6.74 sys=0.01, real=1.04 secs] 
 (concurrent mode failure): 500314K->136589K(545472K), 0.5508320 secs] 744858K->136589K(790016K), [CMS Perm : 9145K->9145K(21248K)], 0.5509070 secs] [Times: user=0.55 sys=0.00, real=0.56 secs] 
197.566: Total time for which application threads were stopped: 0.5510860 seconds, Stopping threads took: 0.0000930 seconds
197.665: Application time: 0.0992790 seconds
197.666: [GC197.666: [ParNew: 217408K->27136K(244544K), 0.0366200 secs] 353997K->182004K(790016K), 0.0366690 secs] [Times: user=0.27 sys=0.00, real=0.03 secs] 
197.702: Total time for which application threads were stopped: 0.0369130 seconds, Stopping threads took: 0.0001350 seconds
197.810: Application time: 0.1073650 seconds
197.810: [GC197.810: [ParNew: 244544K->27136K(244544K), 0.0516810 secs] 399412K->213194K(790016K), 0.0517280 secs] [Times: user=0.37 sys=0.00, real=0.05 secs] 
197.862: Total time for which application threads were stopped: 0.0520040 seconds, Stopping threads took: 0.0001850 seconds
197.945: Application time: 0.0828910 seconds
197.945: [GC197.945: [ParNew: 244544K->27136K(244544K), 0.0669710 secs] 430602K->268118K(790016K), 0.0670200 secs] [Times: user=0.46 sys=0.00, real=0.06 secs] 
198.012: Total time for which application threads were stopped: 0.0671950 seconds, Stopping threads took: 0.0001000 seconds
198.012: Application time: 0.0000590 seconds
198.012: [GC [1 CMS-initial-mark: 240982K(545472K)] 269703K(790016K), 0.0210430 secs] [Times: user=0.02 sys=0.00, real=0.02 secs] 
198.033: Total time for which application threads were stopped: 0.0211500 seconds, Stopping threads took: 0.0000580 seconds
198.033: [CMS-concurrent-mark-start]
198.145: Application time: 0.1116540 seconds
198.145: [GC198.145: [ParNew: 244544K->27136K(244544K), 0.0645160 secs] 485526K->310130K(790016K), 0.0645690 secs] [Times: user=0.44 sys=0.00, real=0.06 secs] 
198.209: Total time for which application threads were stopped: 0.0646990 seconds, Stopping threads took: 0.0000590 seconds
198.276: [CMS-concurrent-mark: 0.178/0.243 secs] [Times: user=1.85 sys=0.00, real=0.24 secs] 
198.276: [CMS-concurrent-preclean-start]
198.332: Application time: 0.1229930 seconds
198.332: [GC198.332: [ParNew: 244544K->27136K(244544K), 0.0641030 secs] 527538K->345753K(790016K), 0.0641510 secs] [Times: user=0.45 sys=0.00, real=0.07 secs] 
198.397: Total time for which application threads were stopped: 0.0642800 seconds, Stopping threads took: 0.0000460 seconds
198.515: Application time: 0.1187100 seconds
198.515: [GC198.515: [ParNew: 244544K->27136K(244544K), 0.0491350 secs] 563161K->372068K(790016K), 0.0491910 secs] [Times: user=0.35 sys=0.00, real=0.06 secs] 
198.566: Total time for which application threads were stopped: 0.0508320 seconds, Stopping threads took: 0.0001150 seconds
198.671: Application time: 0.1053640 seconds
198.672: [GC198.672: [ParNew: 244544K->27136K(244544K), 0.0626720 secs] 589476K->411527K(790016K), 0.0627190 secs] [Times: user=0.43 sys=0.00, real=0.06 secs] 
198.734: Total time for which application threads were stopped: 0.0628530 seconds, Stopping threads took: 0.0000630 seconds
198.817: Application time: 0.0823650 seconds
198.817: [GC198.817: [ParNew: 244544K->27136K(244544K), 0.0781320 secs] 628935K->470183K(790016K), 0.0781830 secs] [Times: user=0.53 sys=0.00, real=0.07 secs] 
198.895: Total time for which application threads were stopped: 0.0784080 seconds, Stopping threads took: 0.0001530 seconds
199.006: Application time: 0.1111220 seconds
199.006: [GC199.006: [ParNew: 244544K->27136K(244544K), 0.0541220 secs] 687591K->500759K(790016K), 0.0541730 secs] [Times: user=0.39 sys=0.00, real=0.05 secs] 
199.061: Total time for which application threads were stopped: 0.0543650 seconds, Stopping threads took: 0.0001050 seconds
199.176: Application time: 0.1154120 seconds
199.176: [GC199.176: [ParNew: 244544K->27136K(244544K), 0.0524160 secs] 718167K->530730K(790016K), 0.0524650 secs] [Times: user=0.37 sys=0.00, real=0.06 secs] 
199.229: Total time for which application threads were stopped: 0.0526290 seconds, Stopping threads took: 0.0000910 seconds
199.333: Application time: 0.1044900 seconds
199.333: [GC199.333: [ParNew: 244544K->244544K(244544K), 0.0000150 secs]199.333: [CMS199.551: [CMS-concurrent-preclean: 0.908/1.275 secs] [Times: user=8.29 sys=0.02, real=1.28 secs] 
 (concurrent mode failure): 503594K->133017K(545472K), 0.5967650 secs] 748138K->133017K(790016K), [CMS Perm : 9145K->9145K(21248K)], 0.5968400 secs] [Times: user=0.60 sys=0.00, real=0.60 secs] 
199.930: Total time for which application threads were stopped: 0.5970190 seconds, Stopping threads took: 0.0001030 seconds
200.023: Application time: 0.0924360 seconds
200.023: [GC200.023: [ParNew: 217408K->27136K(244544K), 0.0356570 secs] 350425K->182600K(790016K), 0.0357080 secs] [Times: user=0.26 sys=0.00, real=0.04 secs] 
200.059: Total time for which application threads were stopped: 0.0359640 seconds, Stopping threads took: 0.0001660 seconds
200.158: Application time: 0.0994210 seconds
200.158: [GC200.158: [ParNew: 244544K->27136K(244544K), 0.0514610 secs] 400008K->217731K(790016K), 0.0515100 secs] [Times: user=0.36 sys=0.00, real=0.05 secs] 
200.210: Total time for which application threads were stopped: 0.0516840 seconds, Stopping threads took: 0.0000990 seconds
200.306: Application time: 0.0959210 seconds
200.306: [GC200.306: [ParNew: 244544K->27136K(244544K), 0.0586770 secs] 435139K->257569K(790016K), 0.0587280 secs] [Times: user=0.40 sys=0.00, real=0.06 secs] 
200.365: Total time for which application threads were stopped: 0.0588930 seconds, Stopping threads took: 0.0000920 seconds
200.453: Application time: 0.0888040 seconds
200.453: [GC200.453: [ParNew: 244544K->27136K(244544K), 0.0624720 secs] 474977K->302059K(790016K), 0.0625220 secs] [Times: user=0.43 sys=0.00, real=0.06 secs] 
200.516: Total time for which application threads were stopped: 0.0627060 seconds, Stopping threads took: 0.0001100 seconds
200.540: Application time: 0.0244490 seconds
200.541: [GC [1 CMS-initial-mark: 274923K(545472K)] 350881K(790016K), 0.0539060 secs] [Times: user=0.05 sys=0.00, real=0.05 secs] 
200.595: Total time for which application threads were stopped: 0.0541160 seconds, Stopping threads took: 0.0001410 seconds
200.595: [CMS-concurrent-mark-start]
200.681: Application time: 0.0862240 seconds
200.681: [GC200.681: [ParNew: 244544K->27136K(244544K), 0.0624030 secs] 519467K->342437K(790016K), 0.0624510 secs] [Times: user=0.43 sys=0.00, real=0.06 secs] 
200.743: Total time for which application threads were stopped: 0.0626350 seconds, Stopping threads took: 0.0001110 seconds
200.862: Application time: 0.1184930 seconds
200.862: [GC200.862: [ParNew: 244544K->27136K(244544K), 0.0576010 secs] 559845K->373711K(790016K), 0.0576470 secs] [Times: user=0.41 sys=0.00, real=0.06 secs] 
200.920: Total time for which application threads were stopped: 0.0578050 seconds, Stopping threads took: 0.0000870 seconds
200.993: [CMS-concurrent-mark: 0.278/0.399 secs] [Times: user=3.05 sys=0.01, real=0.40 secs] 
200.993: [CMS-concurrent-preclean-start]
201.037: Application time: 0.1172870 seconds
201.037: [GC201.037: [ParNew: 244544K->27136K(244544K), 0.0582580 secs] 591119K->410671K(790016K), 0.0583070 secs] [Times: user=0.40 sys=0.00, real=0.05 secs] 
201.096: Total time for which application threads were stopped: 0.0584640 seconds, Stopping threads took: 0.0000830 seconds
201.201: Application time: 0.1055370 seconds
201.201: [GC201.201: [ParNew: 244544K->27136K(244544K), 0.0624550 secs] 628079K->450871K(790016K), 0.0625060 secs] [Times: user=0.43 sys=0.00, real=0.06 secs] 
201.264: Total time for which application threads were stopped: 0.0627040 seconds, Stopping threads took: 0.0001110 seconds
201.371: Application time: 0.1071720 seconds
201.371: [GC201.371: [ParNew: 244434K->27136K(244544K), 0.0557410 secs] 668169K->485478K(790016K), 0.0557900 secs] [Times: user=0.38 sys=0.00, real=0.06 secs] 
201.427: Total time for which application threads were stopped: 0.0559630 seconds, Stopping threads took: 0.0001000 seconds
201.530: Application time: 0.1027440 seconds
201.530: [GC201.530: [ParNew: 244544K->27136K(244544K), 0.0607240 secs] 702886K->525966K(790016K), 0.0607730 secs] [Times: user=0.42 sys=0.00, real=0.06 secs] 
201.591: Total time for which application threads were stopped: 0.0609550 seconds, Stopping threads took: 0.0001080 seconds
201.698: Application time: 0.1070510 seconds
201.698: [GC201.698: [ParNew: 244544K->27136K(244544K), 0.0604200 secs] 743374K->563712K(790016K), 0.0604680 secs] [Times: user=0.42 sys=0.00, real=0.06 secs] 
201.758: Total time for which application threads were stopped: 0.0606140 seconds, Stopping threads took: 0.0000730 seconds
201.868: Application time: 0.1097360 seconds
201.868: [GC201.868: [ParNew: 244544K->244544K(244544K), 0.0000130 secs]201.868: [CMS202.042: [CMS-concurrent-preclean: 0.747/1.049 secs] [Times: user=6.85 sys=0.00, real=1.05 secs] 
 (concurrent mode failure): 536576K->128376K(545472K), 0.5550570 secs] 781120K->128376K(790016K), [CMS Perm : 9145K->9145K(21248K)], 0.5551270 secs] [Times: user=0.55 sys=0.00, real=0.55 secs] 
202.423: Total time for which application threads were stopped: 0.5552770 seconds, Stopping threads took: 0.0000610 seconds
202.514: Application time: 0.0905860 seconds
202.514: [GC202.514: [ParNew: 217378K->27136K(244544K), 0.0382430 secs] 345755K->179730K(790016K), 0.0383160 secs] [Times: user=0.27 sys=0.01, real=0.04 secs] 
202.553: Total time for which application threads were stopped: 0.0386280 seconds, Stopping threads took: 0.0002080 seconds
202.648: Application time: 0.0950350 seconds
202.648: [GC202.648: [ParNew: 244544K->27136K(244544K), 0.0662030 secs] 397138K->227314K(790016K), 0.0662520 secs] [Times: user=0.46 sys=0.00, real=0.06 secs] 
202.714: Total time for which application threads were stopped: 0.0665310 seconds, Stopping threads took: 0.0001960 seconds
202.811: Application time: 0.0967320 seconds
202.811: [GC202.811: [ParNew: 244544K->27136K(244544K), 0.0556200 secs] 444722K->262694K(790016K), 0.0556690 secs] [Times: user=0.39 sys=0.00, real=0.06 secs] 
202.867: Total time for which application threads were stopped: 0.0558790 seconds, Stopping threads took: 0.0001350 seconds
202.967: Application time: 0.1006080 seconds
202.967: [GC202.967: [ParNew: 244527K->27135K(244544K), 0.0546290 secs] 480086K->297540K(790016K), 0.0546780 secs] [Times: user=0.38 sys=0.00, real=0.05 secs] 
203.022: Total time for which application threads were stopped: 0.0548550 seconds, Stopping threads took: 0.0001020 seconds
203.022: Application time: 0.0001130 seconds
203.022: [GC [1 CMS-initial-mark: 270405K(545472K)] 301407K(790016K), 0.0215520 secs] [Times: user=0.02 sys=0.00, real=0.02 secs] 
203.044: Total time for which application threads were stopped: 0.0217290 seconds, Stopping threads took: 0.0001090 seconds
203.044: [CMS-concurrent-mark-start]
203.160: Application time: 0.1164390 seconds
203.161: [GC203.161: [ParNew: 244543K->27135K(244544K), 0.0539700 secs] 514948K->329888K(790016K), 0.0540200 secs] [Times: user=0.38 sys=0.00, real=0.05 secs] 
203.215: Total time for which application threads were stopped: 0.0541820 seconds, Stopping threads took: 0.0000880 seconds
203.297: [CMS-concurrent-mark: 0.198/0.253 secs] [Times: user=1.97 sys=0.00, real=0.26 secs] 
203.297: [CMS-concurrent-preclean-start]
203.327: Application time: 0.1123960 seconds
203.327: [GC203.327: [ParNew: 244543K->27136K(244544K), 0.0605700 secs] 547296K->369623K(790016K), 0.0606210 secs] [Times: user=0.42 sys=0.00, real=0.06 secs] 
203.388: Total time for which application threads were stopped: 0.0607960 seconds, Stopping threads took: 0.0000990 seconds
203.494: Application time: 0.1063180 seconds
203.494: [GC203.494: [ParNew: 244544K->27136K(244544K), 0.0618300 secs] 587031K->409137K(790016K), 0.0618820 secs] [Times: user=0.43 sys=0.00, real=0.06 secs] 
203.556: Total time for which application threads were stopped: 0.0620570 seconds, Stopping threads took: 0.0001000 seconds
203.651: Application time: 0.0950360 seconds
203.651: [GC203.651: [ParNew: 244544K->27136K(244544K), 0.0683930 secs] 626545K->455207K(790016K), 0.0684510 secs] [Times: user=0.46 sys=0.00, real=0.07 secs] 
203.720: Total time for which application threads were stopped: 0.0686180 seconds, Stopping threads took: 0.0000790 seconds
203.838: Application time: 0.1182370 seconds
203.838: [GC203.838: [ParNew: 244544K->27136K(244544K), 0.0550470 secs] 672615K->486886K(790016K), 0.0550970 secs] [Times: user=0.39 sys=0.00, real=0.05 secs] 
203.893: Total time for which application threads were stopped: 0.0552930 seconds, Stopping threads took: 0.0001020 seconds
203.999: Application time: 0.1059830 seconds
204.000: [GC204.000: [ParNew: 244544K->27136K(244544K), 0.0590570 secs] 704294K->522346K(790016K), 0.0591060 secs] [Times: user=0.42 sys=0.00, real=0.06 secs] 
204.059: Total time for which application threads were stopped: 0.0592740 seconds, Stopping threads took: 0.0000750 seconds
204.166: Application time: 0.1069980 seconds
204.166: [GC204.166: [ParNew: 244544K->27136K(244544K), 0.0554940 secs] 739754K->556257K(790016K), 0.0555410 secs] [Times: user=0.38 sys=0.00, real=0.05 secs] 
204.221: Total time for which application threads were stopped: 0.0557340 seconds, Stopping threads took: 0.0000860 seconds
204.322: Application time: 0.1010230 seconds
204.323: [GC204.323: [ParNew: 244544K->244544K(244544K), 0.0000130 secs]204.323: [CMS204.499: [CMS-concurrent-preclean: 0.836/1.202 secs] [Times: user=7.98 sys=0.01, real=1.20 secs] 
 (concurrent mode failure): 529121K->120832K(545472K), 0.5083460 secs] 773665K->120832K(790016K), [CMS Perm : 9145K->9145K(21248K)], 0.5084150 secs] [Times: user=0.51 sys=0.00, real=0.51 secs] 
204.831: Total time for which application threads were stopped: 0.5085360 seconds, Stopping threads took: 0.0000460 seconds
204.920: Application time: 0.0890810 seconds
204.920: [GC204.920: [ParNew: 217408K->27136K(244544K), 0.0449930 secs] 338240K->178791K(790016K), 0.0450480 secs] [Times: user=0.32 sys=0.00, real=0.05 secs] 
204.965: Total time for which application threads were stopped: 0.0452280 seconds, Stopping threads took: 0.0000960 seconds
205.067: Application time: 0.1015520 seconds
205.067: [GC205.067: [ParNew: 244544K->27136K(244544K), 0.0508540 secs] 396199K->210225K(790016K), 0.0509030 secs] [Times: user=0.35 sys=0.00, real=0.05 secs] 
205.118: Total time for which application threads were stopped: 0.0510780 seconds, Stopping threads took: 0.0001040 seconds
205.217: Application time: 0.0994350 seconds
205.217: [GC205.218: [ParNew: 244544K->27136K(244544K), 0.0526070 secs] 427633K->244248K(790016K), 0.0526540 secs] [Times: user=0.37 sys=0.00, real=0.05 secs] 
205.270: Total time for which application threads were stopped: 0.0528310 seconds, Stopping threads took: 0.0001070 seconds
205.365: Application time: 0.0944300 seconds
205.365: [GC205.365: [ParNew: 244544K->27136K(244544K), 0.0616370 secs] 461656K->288026K(790016K), 0.0616870 secs] [Times: user=0.43 sys=0.00, real=0.06 secs] 
205.426: Total time for which application threads were stopped: 0.0618500 seconds, Stopping threads took: 0.0000910 seconds
205.427: Application time: 0.0001100 seconds
205.427: [GC [1 CMS-initial-mark: 260890K(545472K)] 291099K(790016K), 0.0214600 secs] [Times: user=0.02 sys=0.00, real=0.02 secs] 
205.448: Total time for which application threads were stopped: 0.0216050 seconds, Stopping threads took: 0.0000780 seconds
205.448: [CMS-concurrent-mark-start]
205.554: Application time: 0.1056980 seconds
205.554: [GC205.554: [ParNew: 244544K->27136K(244544K), 0.0655060 secs] 505434K->333455K(790016K), 0.0655550 secs] [Times: user=0.46 sys=0.00, real=0.07 secs] 
205.620: Total time for which application threads were stopped: 0.0656880 seconds, Stopping threads took: 0.0000600 seconds
205.731: [CMS-concurrent-mark: 0.217/0.283 secs] [Times: user=2.17 sys=0.00, real=0.28 secs] 
205.731: Application time: 0.1117490 seconds
205.731: [GC205.731: [ParNew: 244544K->27136K(244544K), 0.0576940 secs] 550863K->370291K(790016K), 0.0577360 secs] [Times: user=0.40 sys=0.00, real=0.06 secs] 
205.789: Total time for which application threads were stopped: 0.0579000 seconds, Stopping threads took: 0.0000960 seconds
205.789: [CMS-concurrent-preclean-start]
205.903: Application time: 0.1133700 seconds
205.903: [GC205.903: [ParNew: 244544K->27136K(244544K), 0.0559220 secs] 587699K->402466K(790016K), 0.0559730 secs] [Times: user=0.39 sys=0.00, real=0.06 secs] 
205.959: Total time for which application threads were stopped: 0.0561460 seconds, Stopping threads took: 0.0001000 seconds
206.065: Application time: 0.1061950 seconds
206.066: [GC206.066: [ParNew: 244544K->27136K(244544K), 0.0575990 secs] 619874K->438413K(790016K), 0.0576470 secs] [Times: user=0.40 sys=0.00, real=0.05 secs] 
206.124: Total time for which application threads were stopped: 0.0592220 seconds, Stopping threads took: 0.0014860 seconds
206.227: Application time: 0.1033450 seconds
206.228: [GC206.228: [ParNew: 244544K->27136K(244544K), 0.0622860 secs] 655821K->479066K(790016K), 0.0623370 secs] [Times: user=0.43 sys=0.00, real=0.06 secs] 
206.290: Total time for which application threads were stopped: 0.0626020 seconds, Stopping threads took: 0.0001730 seconds
206.384: Application time: 0.0939190 seconds
206.384: [GC206.384: [ParNew: 244544K->27136K(244544K), 0.0742430 secs] 696474K->532899K(790016K), 0.0742940 secs] [Times: user=0.51 sys=0.00, real=0.08 secs] 
206.458: Total time for which application threads were stopped: 0.0744590 seconds, Stopping threads took: 0.0000930 seconds
206.577: Application time: 0.1181360 seconds
206.577: [GC206.577: [ParNew: 244544K->244544K(244544K), 0.0000140 secs]206.577: [CMS206.755: [CMS-concurrent-preclean: 0.709/0.965 secs] [Times: user=6.19 sys=0.00, real=0.96 secs] 
 (concurrent mode failure): 505763K->133693K(545472K), 0.5468130 secs] 750307K->133693K(790016K), [CMS Perm : 9145K->9145K(21248K)], 0.5468870 secs] [Times: user=0.55 sys=0.00, real=0.54 secs] 
207.124: Total time for which application threads were stopped: 0.5470750 seconds, Stopping threads took: 0.0000850 seconds
207.227: Application time: 0.1029970 seconds
207.227: [GC207.227: [ParNew: 217408K->27136K(244544K), 0.0315970 secs] 351101K->173473K(790016K), 0.0316460 secs] [Times: user=0.24 sys=0.01, real=0.03 secs] 
207.259: Total time for which application threads were stopped: 0.0318500 seconds, Stopping threads took: 0.0001180 seconds
207.351: Application time: 0.0927780 seconds
207.352: [GC207.352: [ParNew: 244544K->27136K(244544K), 0.0547360 secs] 390881K->215585K(790016K), 0.0547870 secs] [Times: user=0.38 sys=0.00, real=0.06 secs] 
207.406: Total time for which application threads were stopped: 0.0550580 seconds, Stopping threads took: 0.0002000 seconds
207.496: Application time: 0.0891760 seconds
207.496: [GC207.496: [ParNew: 244544K->27136K(244544K), 0.0665760 secs] 432993K->266744K(790016K), 0.0666260 secs] [Times: user=0.45 sys=0.00, real=0.07 secs] 
207.562: Total time for which application threads were stopped: 0.0668280 seconds, Stopping threads took: 0.0001250 seconds
207.562: Application time: 0.0000410 seconds
207.563: [GC [1 CMS-initial-mark: 239608K(545472K)] 268138K(790016K), 0.0209070 secs] [Times: user=0.02 sys=0.00, real=0.02 secs] 
207.583: Total time for which application threads were stopped: 0.0210040 seconds, Stopping threads took: 0.0000490 seconds
207.583: [CMS-concurrent-mark-start]
207.705: Application time: 0.1213240 seconds
207.705: [GC207.705: [ParNew: 244544K->27136K(244544K), 0.0572680 secs] 484152K->302158K(790016K), 0.0573160 secs] [Times: user=0.40 sys=0.00, real=0.05 secs] 
207.762: Total time for which application threads were stopped: 0.0574560 seconds, Stopping threads took: 0.0000680 seconds
207.809: [CMS-concurrent-mark: 0.168/0.225 secs] [Times: user=1.74 sys=0.00, real=0.23 secs] 
207.809: [CMS-concurrent-preclean-start]
207.890: Application time: 0.1277620 seconds
207.890: [GC207.890: [ParNew: 244544K->27134K(244544K), 0.0542220 secs] 519566K->331557K(790016K), 0.0542930 secs] [Times: user=0.39 sys=0.00, real=0.06 secs] 
207.944: Total time for which application threads were stopped: 0.0544790 seconds, Stopping threads took: 0.0001010 seconds
208.036: Application time: 0.0911810 seconds
208.037: [GC208.037: [ParNew: 244542K->27136K(244544K), 0.0744980 secs] 548965K->383248K(790016K), 0.0745480 secs] [Times: user=0.51 sys=0.00, real=0.07 secs] 
208.111: Total time for which application threads were stopped: 0.0754440 seconds, Stopping threads took: 0.0008240 seconds
208.225: Application time: 0.1136770 seconds
208.225: [GC208.225: [ParNew: 244544K->27136K(244544K), 0.0594980 secs] 600656K->415640K(790016K), 0.0595500 secs] [Times: user=0.42 sys=0.00, real=0.06 secs] 
208.285: Total time for which application threads were stopped: 0.0597440 seconds, Stopping threads took: 0.0001210 seconds
208.391: Application time: 0.1066230 seconds
208.391: [GC208.391: [ParNew: 244544K->27136K(244544K), 0.0596420 secs] 633048K->454505K(790016K), 0.0596940 secs] [Times: user=0.41 sys=0.00, real=0.06 secs] 
208.451: Total time for which application threads were stopped: 0.0598900 seconds, Stopping threads took: 0.0001060 seconds
208.563: Application time: 0.1121840 seconds
208.563: [GC208.563: [ParNew: 244544K->27136K(244544K), 0.0554300 secs] 671913K->487447K(790016K), 0.0554790 secs] [Times: user=0.39 sys=0.00, real=0.06 secs] 
208.619: Total time for which application threads were stopped: 0.0556750 seconds, Stopping threads took: 0.0001240 seconds
208.723: Application time: 0.1039050 seconds
208.723: [GC208.723: [ParNew: 244544K->27136K(244544K), 0.0587690 secs] 704855K->525428K(790016K), 0.0588200 secs] [Times: user=0.41 sys=0.00, real=0.06 secs] 
208.782: Total time for which application threads were stopped: 0.0589530 seconds, Stopping threads took: 0.0000620 seconds
208.888: Application time: 0.1063990 seconds
208.889: [GC208.889: [ParNew: 244544K->27136K(244544K), 0.0541670 secs] 742836K->558812K(790016K), 0.0542250 secs] [Times: user=0.38 sys=0.00, real=0.05 secs] 
208.943: Total time for which application threads were stopped: 0.0545820 seconds, Stopping threads took: 0.0002840 seconds
209.050: Application time: 0.1068090 seconds
209.050: [GC209.050: [ParNew: 244544K->244544K(244544K), 0.0000130 secs]209.050: [CMS209.228: [CMS-concurrent-preclean: 0.995/1.419 secs] [Times: user=9.65 sys=0.01, real=1.42 secs] 
 (concurrent mode failure): 531676K->130497K(545472K), 0.5381280 secs] 776220K->130497K(790016K), [CMS Perm : 9145K->9145K(21248K)], 0.5382010 secs] [Times: user=0.54 sys=0.00, real=0.54 secs] 
209.588: Total time for which application threads were stopped: 0.5383710 seconds, Stopping threads took: 0.0000840 seconds
209.680: Application time: 0.0915970 seconds
209.680: [GC209.680: [ParNew: 217408K->27135K(244544K), 0.0410590 secs] 347905K->183580K(790016K), 0.0411090 secs] [Times: user=0.29 sys=0.00, real=0.04 secs] 
209.721: Total time for which application threads were stopped: 0.0413560 seconds, Stopping threads took: 0.0001500 seconds
209.817: Application time: 0.0961740 seconds
209.817: [GC209.817: [ParNew: 244543K->27135K(244544K), 0.0544780 secs] 400988K->220754K(790016K), 0.0545300 secs] [Times: user=0.38 sys=0.00, real=0.05 secs] 
209.872: Total time for which application threads were stopped: 0.0547150 seconds, Stopping threads took: 0.0001120 seconds
209.967: Application time: 0.0952120 seconds
209.967: [GC209.967: [ParNew: 244543K->27135K(244544K), 0.0568370 secs] 438162K->260007K(790016K), 0.0568870 secs] [Times: user=0.40 sys=0.00, real=0.05 secs] 
210.024: Total time for which application threads were stopped: 0.0570840 seconds, Stopping threads took: 0.0001210 seconds
210.121: Application time: 0.0970250 seconds
210.121: [GC210.121: [ParNew: 244543K->27135K(244544K), 0.0594650 secs] 477415K->299677K(790016K), 0.0595120 secs] [Times: user=0.41 sys=0.00, real=0.06 secs] 
210.181: Total time for which application threads were stopped: 0.0596660 seconds, Stopping threads took: 0.0000800 seconds
210.181: Application time: 0.0000950 seconds
210.181: [GC [1 CMS-initial-mark: 272542K(545472K)] 303136K(790016K), 0.0210510 secs] [Times: user=0.02 sys=0.00, real=0.02 secs] 
210.202: Total time for which application threads were stopped: 0.0212090 seconds, Stopping threads took: 0.0000910 seconds
210.202: [CMS-concurrent-mark-start]
210.316: Application time: 0.1137170 seconds
210.316: [GC210.316: [ParNew: 244543K->27136K(244544K), 0.0533780 secs] 517085K->330942K(790016K), 0.0534260 secs] [Times: user=0.38 sys=0.00, real=0.06 secs] 
210.369: Total time for which application threads were stopped: 0.0535820 seconds, Stopping threads took: 0.0000850 seconds
210.456: [CMS-concurrent-mark: 0.200/0.254 secs] [Times: user=1.96 sys=0.00, real=0.25 secs] 
210.456: [CMS-concurrent-preclean-start]
210.483: Application time: 0.1134280 seconds
210.483: [GC210.483: [ParNew: 244544K->27136K(244544K), 0.0589450 secs] 548350K->369736K(790016K), 0.0589920 secs] [Times: user=0.41 sys=0.00, real=0.06 secs] 
210.542: Total time for which application threads were stopped: 0.0592050 seconds, Stopping threads took: 0.0001410 seconds
210.647: Application time: 0.1051320 seconds
210.647: [GC210.647: [ParNew: 244544K->27136K(244544K), 0.0651770 secs] 587144K->409768K(790016K), 0.0652260 secs] [Times: user=0.46 sys=0.00, real=0.06 secs] 
210.713: Total time for which application threads were stopped: 0.0654000 seconds, Stopping threads took: 0.0001020 seconds
210.821: Application time: 0.1082110 seconds
210.821: [GC210.821: [ParNew: 244544K->27136K(244544K), 0.0597360 secs] 627176K->447016K(790016K), 0.0597830 secs] [Times: user=0.41 sys=0.00, real=0.06 secs] 
210.881: Total time for which application threads were stopped: 0.0599460 seconds, Stopping threads took: 0.0000770 seconds
210.991: Application time: 0.1098590 seconds
210.991: [GC210.991: [ParNew: 244544K->27135K(244544K), 0.0592030 secs] 664424K->483407K(790016K), 0.0592510 secs] [Times: user=0.41 sys=0.00, real=0.06 secs] 
211.050: Total time for which application threads were stopped: 0.0594030 seconds, Stopping threads took: 0.0000800 seconds
211.160: Application time: 0.1096490 seconds
211.160: [GC211.160: [ParNew: 244543K->27135K(244544K), 0.0524320 secs] 700815K->514112K(790016K), 0.0524900 secs] [Times: user=0.37 sys=0.00, real=0.05 secs] 
211.212: Total time for which application threads were stopped: 0.0526530 seconds, Stopping threads took: 0.0000890 seconds
211.314: Application time: 0.1019850 seconds
211.314: [GC211.314: [ParNew: 244543K->27134K(244544K), 0.0630780 secs] 731520K->556678K(790016K), 0.0631240 secs] [Times: user=0.44 sys=0.00, real=0.07 secs] 
211.378: Total time for which application threads were stopped: 0.0632730 seconds, Stopping threads took: 0.0000790 seconds
211.486: Application time: 0.1081520 seconds
211.486: [GC211.486: [ParNew: 244542K->244542K(244544K), 0.0000150 secs]211.486: [CMS211.698: [CMS-concurrent-preclean: 0.878/1.242 secs] [Times: user=8.07 sys=0.01, real=1.25 secs] 
 (concurrent mode failure): 529543K->132631K(545472K), 0.5802470 secs] 774086K->132631K(790016K), [CMS Perm : 9145K->9145K(21248K)], 0.5803250 secs] [Times: user=0.58 sys=0.00, real=0.58 secs] 
212.066: Total time for which application threads were stopped: 0.5805300 seconds, Stopping threads took: 0.0001170 seconds
212.158: Application time: 0.0915530 seconds
212.158: [GC212.158: [ParNew: 217408K->27135K(244544K), 0.0355230 secs] 350039K->181434K(790016K), 0.0355740 secs] [Times: user=0.26 sys=0.00, real=0.03 secs] 
212.194: Total time for which application threads were stopped: 0.0357820 seconds, Stopping threads took: 0.0001000 seconds
212.294: Application time: 0.1004050 seconds
212.294: [GC212.294: [ParNew: 244543K->27136K(244544K), 0.0525010 secs] 398842K->217198K(790016K), 0.0525510 secs] [Times: user=0.37 sys=0.00, real=0.06 secs] 
212.347: Total time for which application threads were stopped: 0.0528020 seconds, Stopping threads took: 0.0001580 seconds
212.431: Application time: 0.0846240 seconds
212.432: [GC212.432: [ParNew: 244544K->27136K(244544K), 0.0683420 secs] 434606K->270746K(790016K), 0.0683930 secs] [Times: user=0.46 sys=0.00, real=0.07 secs] 
212.500: Total time for which application threads were stopped: 0.0685750 seconds, Stopping threads took: 0.0001050 seconds
212.524: Application time: 0.0244380 seconds
212.525: [GC [1 CMS-initial-mark: 243610K(545472K)] 325285K(790016K), 0.0556880 secs] [Times: user=0.05 sys=0.00, real=0.05 secs] 
212.580: Total time for which application threads were stopped: 0.0558420 seconds, Stopping threads took: 0.0000990 seconds
212.580: [CMS-concurrent-mark-start]
212.676: Application time: 0.0957240 seconds
212.676: [GC212.676: [ParNew: 244544K->27136K(244544K), 0.0561560 secs] 488154K->304566K(790016K), 0.0562050 secs] [Times: user=0.39 sys=0.00, real=0.06 secs] 
212.732: Total time for which application threads were stopped: 0.0563870 seconds, Stopping threads took: 0.0000960 seconds
212.822: [CMS-concurrent-mark: 0.185/0.242 secs] [Times: user=1.86 sys=0.01, real=0.24 secs] 
212.822: [CMS-concurrent-preclean-start]
212.848: Application time: 0.1157700 seconds
212.848: [GC212.848: [ParNew: 244544K->27136K(244544K), 0.0592870 secs] 521974K->341352K(790016K), 0.0593370 secs] [Times: user=0.41 sys=0.00, real=0.06 secs] 
212.908: Total time for which application threads were stopped: 0.0594680 seconds, Stopping threads took: 0.0000570 seconds
213.012: Application time: 0.1040290 seconds
213.012: [GC213.012: [ParNew: 244544K->27136K(244544K), 0.0616860 secs] 558760K->381079K(790016K), 0.0617300 secs] [Times: user=0.43 sys=0.00, real=0.06 secs] 
213.074: Total time for which application threads were stopped: 0.0619300 seconds, Stopping threads took: 0.0001270 seconds
213.173: Application time: 0.0996600 seconds
213.173: [GC213.173: [ParNew: 244544K->27136K(244544K), 0.0598320 secs] 598487K->420399K(790016K), 0.0598800 secs] [Times: user=0.41 sys=0.00, real=0.06 secs] 
213.233: Total time for which application threads were stopped: 0.0600580 seconds, Stopping threads took: 0.0001050 seconds
213.352: Application time: 0.1189940 seconds
213.352: [GC213.353: [ParNew: 244544K->27136K(244544K), 0.0506410 secs] 637807K->448421K(790016K), 0.0507010 secs] [Times: user=0.36 sys=0.00, real=0.05 secs] 
213.403: Total time for which application threads were stopped: 0.0508760 seconds, Stopping threads took: 0.0000880 seconds
213.501: Application time: 0.0976160 seconds
213.501: [GC213.501: [ParNew: 244544K->27136K(244544K), 0.0692630 secs] 665829K->492611K(790016K), 0.0693140 secs] [Times: user=0.48 sys=0.01, real=0.07 secs] 
213.570: Total time for which application threads were stopped: 0.0695070 seconds, Stopping threads took: 0.0001180 seconds
213.680: Application time: 0.1095490 seconds
213.681: [GC213.681: [ParNew: 244544K->27136K(244544K), 0.0592560 secs] 710019K->529631K(790016K), 0.0593060 secs] [Times: user=0.41 sys=0.00, real=0.06 secs] 
213.740: Total time for which application threads were stopped: 0.0599570 seconds, Stopping threads took: 0.0005770 seconds
213.844: Application time: 0.1036990 seconds
213.844: [GC213.844: [ParNew: 244544K->244544K(244544K), 0.0000200 secs]213.845: [CMS214.023: [CMS-concurrent-preclean: 0.833/1.201 secs] [Times: user=7.95 sys=0.02, real=1.20 secs] 
 (concurrent mode failure): 502495K->135733K(545472K), 0.5569000 secs] 747039K->135733K(790016K), [CMS Perm : 9145K->9145K(21248K)], 0.5584220 secs] [Times: user=0.56 sys=0.00, real=0.56 secs] 
214.402: Total time for which application threads were stopped: 0.5585680 seconds, Stopping threads took: 0.0000700 seconds
214.500: Application time: 0.0974710 seconds
214.500: [GC214.500: [ParNew: 217408K->27136K(244544K), 0.0348060 secs] 353141K->180652K(790016K), 0.0348550 secs] [Times: user=0.25 sys=0.00, real=0.03 secs] 
214.535: Total time for which application threads were stopped: 0.0351310 seconds, Stopping threads took: 0.0001730 seconds
214.635: Application time: 0.1003440 seconds
214.635: [GC214.635: [ParNew: 244544K->27136K(244544K), 0.0579270 secs] 398060K->223015K(790016K), 0.0579750 secs] [Times: user=0.41 sys=0.00, real=0.06 secs] 
214.693: Total time for which application threads were stopped: 0.0582230 seconds, Stopping threads took: 0.0001760 seconds
214.787: Application time: 0.0936620 seconds
214.787: [GC214.787: [ParNew: 244544K->27136K(244544K), 0.0566430 secs] 440423K->261223K(790016K), 0.0566910 secs] [Times: user=0.39 sys=0.00, real=0.05 secs] 
214.844: Total time for which application threads were stopped: 0.0568980 seconds, Stopping threads took: 0.0001350 seconds
214.938: Application time: 0.0941310 seconds
214.938: [GC214.938: [ParNew: 244509K->27136K(244544K), 0.0570420 secs] 478596K->299588K(790016K), 0.0570930 secs] [Times: user=0.40 sys=0.00, real=0.05 secs] 
214.995: Total time for which application threads were stopped: 0.0572670 seconds, Stopping threads took: 0.0001010 seconds
215.016: Application time: 0.0211910 seconds
215.017: [GC [1 CMS-initial-mark: 272452K(545472K)] 348014K(790016K), 0.0482330 secs] [Times: user=0.04 sys=0.00, real=0.05 secs] 
215.065: Total time for which application threads were stopped: 0.0484220 seconds, Stopping threads took: 0.0001200 seconds
215.065: [CMS-concurrent-mark-start]
215.166: Application time: 0.1012040 seconds
215.166: [GC215.166: [ParNew: 244544K->27135K(244544K), 0.0608300 secs] 516996K->335839K(790016K), 0.0608800 secs] [Times: user=0.43 sys=0.00, real=0.06 secs] 
215.227: Total time for which application threads were stopped: 0.0610700 seconds, Stopping threads took: 0.0001180 seconds
215.304: [CMS-concurrent-mark: 0.178/0.239 secs] [Times: user=1.83 sys=0.01, real=0.23 secs] 
215.304: [CMS-concurrent-preclean-start]
215.349: Application time: 0.1221000 seconds
215.351: [GC215.351: [ParNew: 244543K->27135K(244544K), 0.0551940 secs] 553247K->368635K(790016K), 0.0552430 secs] [Times: user=0.38 sys=0.00, real=0.06 secs] 
215.407: Total time for which application threads were stopped: 0.0572840 seconds, Stopping threads took: 0.0019750 seconds
215.515: Application time: 0.1083230 seconds
215.515: [GC215.515: [ParNew: 244543K->27135K(244544K), 0.0579330 secs] 586043K->405983K(790016K), 0.0579820 secs] [Times: user=0.41 sys=0.00, real=0.06 secs] 
215.573: Total time for which application threads were stopped: 0.0582040 seconds, Stopping threads took: 0.0001400 seconds
215.672: Application time: 0.0984960 seconds
215.672: [GC215.672: [ParNew: 244543K->27134K(244544K), 0.0712570 secs] 623391K->456467K(790016K), 0.0713050 secs] [Times: user=0.49 sys=0.00, real=0.07 secs] 
215.743: Total time for which application threads were stopped: 0.0714920 seconds, Stopping threads took: 0.0001030 seconds
215.848: Application time: 0.1052720 seconds
215.848: [GC215.848: [ParNew: 244542K->27134K(244544K), 0.0574270 secs] 673875K->492614K(790016K), 0.0574730 secs] [Times: user=0.40 sys=0.00, real=0.06 secs] 
215.906: Total time for which application threads were stopped: 0.0576080 seconds, Stopping threads took: 0.0000540 seconds
216.016: Application time: 0.1100730 seconds
216.016: [GC216.016: [ParNew: 244542K->27136K(244544K), 0.0598750 secs] 710022K->529607K(790016K), 0.0599250 secs] [Times: user=0.42 sys=0.00, real=0.06 secs] 
216.076: Total time for which application threads were stopped: 0.0600720 seconds, Stopping threads took: 0.0000720 seconds
216.186: Application time: 0.1095980 seconds
216.189: [GC216.189: [ParNew: 244544K->244544K(244544K), 0.0000150 secs]216.189: [CMS216.362: [CMS-concurrent-preclean: 0.747/1.059 secs] [Times: user=6.91 sys=0.00, real=1.06 secs] 
 (concurrent mode failure): 502471K->127019K(545472K), 0.5181140 secs] 747015K->127019K(790016K), [CMS Perm : 9145K->9145K(21248K)], 0.5181900 secs] [Times: user=0.52 sys=0.00, real=0.52 secs] 
216.707: Total time for which application threads were stopped: 0.5210470 seconds, Stopping threads took: 0.0027710 seconds
216.804: Application time: 0.0977110 seconds
216.809: [GC216.809: [ParNew: 217408K->27135K(244544K), 0.0401730 secs] 344427K->177677K(790016K), 0.0402220 secs] [Times: user=0.30 sys=0.00, real=0.04 secs] 
216.849: Total time for which application threads were stopped: 0.0444740 seconds, Stopping threads took: 0.0041460 seconds
216.942: Application time: 0.0931370 seconds
216.942: [GC216.942: [ParNew: 244543K->27135K(244544K), 0.0638220 secs] 395085K->226677K(790016K), 0.0638730 secs] [Times: user=0.45 sys=0.00, real=0.07 secs] 
217.006: Total time for which application threads were stopped: 0.0640430 seconds, Stopping threads took: 0.0000970 seconds
217.101: Application time: 0.0949370 seconds
217.101: [GC217.101: [ParNew: 244543K->27134K(244544K), 0.0603790 secs] 444085K->267367K(790016K), 0.0604260 secs] [Times: user=0.41 sys=0.00, real=0.06 secs] 
217.162: Total time for which application threads were stopped: 0.0605920 seconds, Stopping threads took: 0.0000930 seconds
217.162: Application time: 0.0001250 seconds
217.162: [GC [1 CMS-initial-mark: 240233K(545472K)] 271269K(790016K), 0.0230160 secs] [Times: user=0.02 sys=0.00, real=0.03 secs] 
217.185: Total time for which application threads were stopped: 0.0232350 seconds, Stopping threads took: 0.0001700 seconds
217.185: [CMS-concurrent-mark-start]
217.302: Application time: 0.1168910 seconds
217.302: [GC217.302: [ParNew: 244542K->27136K(244544K), 0.0540380 secs] 484775K->299991K(790016K), 0.0540890 secs] [Times: user=0.38 sys=0.00, real=0.05 secs] 
217.356: Total time for which application threads were stopped: 0.0542780 seconds, Stopping threads took: 0.0001170 seconds
217.443: [CMS-concurrent-mark: 0.203/0.258 secs] [Times: user=1.99 sys=0.01, real=0.25 secs] 
217.443: [CMS-concurrent-preclean-start]
217.467: Application time: 0.1107950 seconds
217.467: [GC217.467: [ParNew: 244544K->27136K(244544K), 0.0663020 secs] 517399K->345180K(790016K), 0.0663480 secs] [Times: user=0.46 sys=0.00, real=0.06 secs] 
217.534: Total time for which application threads were stopped: 0.0665380 seconds, Stopping threads took: 0.0001110 seconds
217.639: Application time: 0.1053180 seconds
217.639: [GC217.639: [ParNew: 244544K->27136K(244544K), 0.0703770 secs] 562588K->391399K(790016K), 0.0704260 secs] [Times: user=0.49 sys=0.00, real=0.07 secs] 
217.709: Total time for which application threads were stopped: 0.0705890 seconds, Stopping threads took: 0.0000890 seconds
217.827: Application time: 0.1179310 seconds
217.828: [GC217.828: [ParNew: 244544K->27136K(244544K), 0.0491830 secs] 608807K->418119K(790016K), 0.0492410 secs] [Times: user=0.34 sys=0.00, real=0.05 secs] 
217.877: Total time for which application threads were stopped: 0.0494130 seconds, Stopping threads took: 0.0001010 seconds
217.984: Application time: 0.1076530 seconds
217.989: [GC217.989: [ParNew: 244544K->27136K(244544K), 0.0548550 secs] 635527K->452251K(790016K), 0.0549070 secs] [Times: user=0.38 sys=0.00, real=0.05 secs] 
218.043: Total time for which application threads were stopped: 0.0590000 seconds, Stopping threads took: 0.0040020 seconds
218.147: Application time: 0.1036510 seconds
218.147: [GC218.147: [ParNew: 244544K->27136K(244544K), 0.0623580 secs] 669659K->493004K(790016K), 0.0624040 secs] [Times: user=0.44 sys=0.00, real=0.06 secs] 
218.210: Total time for which application threads were stopped: 0.0625720 seconds, Stopping threads took: 0.0000970 seconds
218.310: Application time: 0.1004660 seconds
218.310: [GC218.310: [ParNew: 244544K->27135K(244544K), 0.0643320 secs] 710412K->535213K(790016K), 0.0643830 secs] [Times: user=0.44 sys=0.00, real=0.06 secs] 
218.375: Total time for which application threads were stopped: 0.0645380 seconds, Stopping threads took: 0.0000810 seconds
218.484: Application time: 0.1092460 seconds
218.484: [GC218.484: [ParNew: 244543K->244543K(244544K), 0.0000130 secs]218.484: [CMS218.665: [CMS-concurrent-preclean: 0.846/1.222 secs] [Times: user=8.08 sys=0.01, real=1.23 secs] 
 (concurrent mode failure): 508078K->142306K(545472K), 0.5816480 secs] 752621K->142306K(790016K), [CMS Perm : 9145K->9145K(21248K)], 0.5817230 secs] [Times: user=0.58 sys=0.00, real=0.59 secs] 
219.066: Total time for which application threads were stopped: 0.5819330 seconds, Stopping threads took: 0.0001350 seconds
219.165: Application time: 0.0989210 seconds
219.165: [GC219.165: [ParNew: 217408K->27134K(244544K), 0.0270000 secs] 359714K->179021K(790016K), 0.0270490 secs] [Times: user=0.21 sys=0.00, real=0.02 secs] 
219.192: Total time for which application threads were stopped: 0.0272380 seconds, Stopping threads took: 0.0001080 seconds
219.278: Application time: 0.0860640 seconds
219.281: [GC219.281: [ParNew: 244542K->27134K(244544K), 0.0665940 secs] 396429K->236731K(790016K), 0.0666440 secs] [Times: user=0.45 sys=0.00, real=0.07 secs] 
219.347: Total time for which application threads were stopped: 0.0691230 seconds, Stopping threads took: 0.0024040 seconds
219.445: Application time: 0.0972880 seconds
219.445: [GC219.445: [ParNew: 244542K->27136K(244544K), 0.0563000 secs] 454139K->273313K(790016K), 0.0563460 secs] [Times: user=0.39 sys=0.00, real=0.05 secs] 
219.501: Total time for which application threads were stopped: 0.0565420 seconds, Stopping threads took: 0.0001230 seconds
219.593: Application time: 0.0924050 seconds
219.594: [GC219.594: [ParNew: 244544K->27135K(244544K), 0.0607170 secs] 490721K->314733K(790016K), 0.0607680 secs] [Times: user=0.42 sys=0.00, real=0.06 secs] 
219.654: Total time for which application threads were stopped: 0.0609340 seconds, Stopping threads took: 0.0000930 seconds
219.668: Application time: 0.0140820 seconds
219.669: [GC [1 CMS-initial-mark: 287598K(545472K)] 344134K(790016K), 0.0408520 secs] [Times: user=0.04 sys=0.00, real=0.04 secs] 
219.710: Total time for which application threads were stopped: 0.0415250 seconds, Stopping threads took: 0.0006090 seconds
219.710: [CMS-concurrent-mark-start]
219.820: Application time: 0.1104420 seconds
219.822: [GC219.822: [ParNew: 244543K->27135K(244544K), 0.0581860 secs] 532141K->349149K(790016K), 0.0582360 secs] [Times: user=0.41 sys=0.00, real=0.06 secs] 
219.880: Total time for which application threads were stopped: 0.0594170 seconds, Stopping threads took: 0.0011070 seconds
219.942: [CMS-concurrent-mark: 0.172/0.232 secs] [Times: user=1.77 sys=0.00, real=0.23 secs] 
219.942: [CMS-concurrent-preclean-start]
220.000: Application time: 0.1196220 seconds
220.000: [GC220.000: [ParNew: 244543K->27135K(244544K), 0.0533350 secs] 566557K->380587K(790016K), 0.0533960 secs] [Times: user=0.37 sys=0.00, real=0.05 secs] 
220.053: Total time for which application threads were stopped: 0.0535730 seconds, Stopping threads took: 0.0001040 seconds
220.165: Application time: 0.1121530 seconds
220.165: [GC220.165: [ParNew: 244543K->27136K(244544K), 0.0591780 secs] 597995K->417949K(790016K), 0.0592250 secs] [Times: user=0.41 sys=0.00, real=0.06 secs] 
220.225: Total time for which application threads were stopped: 0.0593990 seconds, Stopping threads took: 0.0001040 seconds
220.327: Application time: 0.1023450 seconds
220.327: [GC220.327: [ParNew: 244544K->27136K(244544K), 0.0658230 secs] 635357K->460763K(790016K), 0.0658740 secs] [Times: user=0.46 sys=0.00, real=0.06 secs] 
220.393: Total time for which application threads were stopped: 0.0660840 seconds, Stopping threads took: 0.0001240 seconds
220.505: Application time: 0.1116310 seconds
220.505: [GC220.505: [ParNew: 244544K->27136K(244544K), 0.0563210 secs] 678171K->494357K(790016K), 0.0563720 secs] [Times: user=0.40 sys=0.00, real=0.05 secs] 
220.561: Total time for which application threads were stopped: 0.0565060 seconds, Stopping threads took: 0.0000600 seconds
220.669: Application time: 0.1077290 seconds
220.669: [GC220.669: [ParNew: 244544K->27136K(244544K), 0.0605980 secs] 711765K->533870K(790016K), 0.0606500 secs] [Times: user=0.42 sys=0.00, real=0.06 secs] 
220.730: Total time for which application threads were stopped: 0.0607720 seconds, Stopping threads took: 0.0000500 seconds
220.835: Application time: 0.1052540 seconds
220.835: [GC220.835: [ParNew: 244544K->244544K(244544K), 0.0000130 secs]220.835: [CMS221.001: [CMS-concurrent-preclean: 0.759/1.059 secs] [Times: user=6.99 sys=0.01, real=1.06 secs] 
 (concurrent mode failure): 506734K->128839K(545472K), 0.5135490 secs] 751278K->128839K(790016K), [CMS Perm : 9145K->9145K(21248K)], 0.5136210 secs] [Times: user=0.51 sys=0.00, real=0.52 secs] 
221.349: Total time for which application threads were stopped: 0.5137920 seconds, Stopping threads took: 0.0000840 seconds
221.446: Application time: 0.0975650 seconds
221.447: [GC221.447: [ParNew: 217408K->27136K(244544K), 0.0350420 secs] 346247K->174133K(790016K), 0.0350900 secs] [Times: user=0.26 sys=0.00, real=0.03 secs] 
221.482: Total time for which application threads were stopped: 0.0353370 seconds, Stopping threads took: 0.0001430 seconds
221.576: Application time: 0.0946770 seconds
221.577: [GC221.577: [ParNew: 244544K->27135K(244544K), 0.0553970 secs] 391541K->215693K(790016K), 0.0554480 secs] [Times: user=0.39 sys=0.00, real=0.05 secs] 
221.632: Total time for which application threads were stopped: 0.0556360 seconds, Stopping threads took: 0.0001120 seconds
221.724: Application time: 0.0921850 seconds
221.729: [GC221.729: [ParNew: 244543K->27135K(244544K), 0.0622960 secs] 433101K->259743K(790016K), 0.0623470 secs] [Times: user=0.43 sys=0.00, real=0.06 secs] 
221.791: Total time for which application threads were stopped: 0.0667330 seconds, Stopping threads took: 0.0043130 seconds
221.791: Application time: 0.0000490 seconds
221.791: [GC [1 CMS-initial-mark: 232608K(545472K)] 261256K(790016K), 0.0207510 secs] [Times: user=0.02 sys=0.00, real=0.02 secs] 
221.812: Total time for which application threads were stopped: 0.0208700 seconds, Stopping threads took: 0.0000700 seconds
221.812: [CMS-concurrent-mark-start]
221.935: Application time: 0.1235020 seconds
221.935: [GC221.935: [ParNew: 244543K->27134K(244544K), 0.0624540 secs] 477151K->296774K(790016K), 0.0625050 secs] [Times: user=0.44 sys=0.00, real=0.07 secs] 
221.998: Total time for which application threads were stopped: 0.0626310 seconds, Stopping threads took: 0.0000450 seconds
222.059: [CMS-concurrent-mark: 0.185/0.247 secs] [Times: user=1.90 sys=0.00, real=0.25 secs] 
222.059: [CMS-concurrent-preclean-start]
222.125: Application time: 0.1272270 seconds
222.125: [GC222.125: [ParNew: 244542K->27136K(244544K), 0.0448430 secs] 514182K->320508K(790016K), 0.0448910 secs] [Times: user=0.32 sys=0.00, real=0.04 secs] 
222.170: Total time for which application threads were stopped: 0.0450430 seconds, Stopping threads took: 0.0000610 seconds
222.268: Application time: 0.0982120 seconds
222.269: [GC222.269: [ParNew: 244544K->27136K(244544K), 0.0613430 secs] 537916K->362398K(790016K), 0.0613920 secs] [Times: user=0.40 sys=0.03, real=0.06 secs] 
222.330: Total time for which application threads were stopped: 0.0615370 seconds, Stopping threads took: 0.0000740 seconds
222.426: Application time: 0.0960590 seconds
222.426: [GC222.426: [ParNew: 244544K->27136K(244544K), 0.0719320 secs] 579806K->414107K(790016K), 0.0719820 secs] [Times: user=0.49 sys=0.00, real=0.07 secs] 
222.498: Total time for which application threads were stopped: 0.0721590 seconds, Stopping threads took: 0.0001030 seconds
222.603: Application time: 0.1050810 seconds
222.603: [GC222.603: [ParNew: 244544K->27136K(244544K), 0.0640230 secs] 631515K->454421K(790016K), 0.0640740 secs] [Times: user=0.44 sys=0.00, real=0.07 secs] 
222.668: Total time for which application threads were stopped: 0.0642490 seconds, Stopping threads took: 0.0001010 seconds
222.786: Application time: 0.1189220 seconds
222.787: [GC222.787: [ParNew: 244544K->27136K(244544K), 0.0538010 secs] 671829K->484693K(790016K), 0.0538490 secs] [Times: user=0.38 sys=0.00, real=0.05 secs] 
222.841: Total time for which application threads were stopped: 0.0540400 seconds, Stopping threads took: 0.0001090 seconds
222.946: Application time: 0.1057000 seconds
222.946: [GC222.946: [ParNew: 244544K->27136K(244544K), 0.0569130 secs] 702101K->520497K(790016K), 0.0569620 secs] [Times: user=0.40 sys=0.00, real=0.05 secs] 
223.003: Total time for which application threads were stopped: 0.0570890 seconds, Stopping threads took: 0.0000510 seconds
223.090: Application time: 0.0862530 seconds
223.090: [GC223.090: [ParNew (promotion failed): 244544K->244544K(244544K), 2.8944150 secs]225.984: [CMS226.226: [CMS-concurrent-preclean: 0.914/4.167 secs] [Times: user=12.47 sys=0.67, real=4.17 secs] 
 (concurrent mode failure): 542034K->157082K(545472K), 0.6490260 secs] 737905K->157082K(790016K), [CMS Perm : 9145K->9145K(21248K)], 3.5435220 secs] [Times: user=5.04 sys=0.64, real=3.54 secs] 
226.633: Total time for which application threads were stopped: 3.5437070 seconds, Stopping threads took: 0.0001120 seconds
226.742: Application time: 0.1089120 seconds
226.742: [GC226.742: [ParNew: 217408K->27136K(244544K), 0.0206300 secs] 374490K->184648K(790016K), 0.0206790 secs] [Times: user=0.16 sys=0.00, real=0.02 secs] 
226.763: Total time for which application threads were stopped: 0.0208610 seconds, Stopping threads took: 0.0000930 seconds
226.865: Application time: 0.1018290 seconds
226.866: [GC226.866: [ParNew: 244544K->27136K(244544K), 0.0564180 secs] 402056K->224079K(790016K), 0.0564690 secs] [Times: user=0.39 sys=0.01, real=0.05 secs] 
226.923: Total time for which application threads were stopped: 0.0577050 seconds, Stopping threads took: 0.0011680 seconds
227.022: Application time: 0.0993210 seconds
227.022: [GC227.022: [ParNew: 244544K->27136K(244544K), 0.0556390 secs] 441487K->261994K(790016K), 0.0556880 secs] [Times: user=0.39 sys=0.00, real=0.06 secs] 
227.078: Total time for which application threads were stopped: 0.0558880 seconds, Stopping threads took: 0.0001270 seconds
227.152: Application time: 0.0738870 seconds
227.152: [GC227.152: [ParNew: 244544K->27136K(244544K), 0.0783800 secs] 479402K->328938K(790016K), 0.0784320 secs] [Times: user=0.53 sys=0.00, real=0.08 secs] 
227.230: Total time for which application threads were stopped: 0.0786080 seconds, Stopping threads took: 0.0000990 seconds
227.256: Application time: 0.0261690 seconds
227.261: [GC [1 CMS-initial-mark: 301802K(545472K)] 387919K(790016K), 0.0561010 secs] [Times: user=0.05 sys=0.00, real=0.06 secs] 
227.317: Total time for which application threads were stopped: 0.0602000 seconds, Stopping threads took: 0.0040310 seconds
227.317: [CMS-concurrent-mark-start]
227.418: Application time: 0.1016370 seconds
227.418: [GC227.419: [ParNew: 244544K->27136K(244544K), 0.0533160 secs] 546346K->357959K(790016K), 0.0533740 secs] [Times: user=0.37 sys=0.00, real=0.05 secs] 
227.472: Total time for which application threads were stopped: 0.0535590 seconds, Stopping threads took: 0.0001130 seconds
227.547: [CMS-concurrent-mark: 0.177/0.230 secs] [Times: user=1.78 sys=0.00, real=0.23 secs] 
227.547: [CMS-concurrent-preclean-start]
227.590: Application time: 0.1183760 seconds
227.590: [GC227.590: [ParNew: 244544K->27136K(244544K), 0.0577130 secs] 575367K->392691K(790016K), 0.0577600 secs] [Times: user=0.40 sys=0.00, real=0.06 secs] 
227.648: Total time for which application threads were stopped: 0.0579290 seconds, Stopping threads took: 0.0000960 seconds
227.757: Application time: 0.1084140 seconds
227.757: [GC227.757: [ParNew: 244544K->27136K(244544K), 0.0591140 secs] 610099K->429983K(790016K), 0.0591650 secs] [Times: user=0.42 sys=0.00, real=0.05 secs] 
227.816: Total time for which application threads were stopped: 0.0593620 seconds, Stopping threads took: 0.0001250 seconds
227.928: Application time: 0.1120310 seconds
227.928: [GC227.928: [ParNew: 244365K->27136K(244544K), 0.0575830 secs] 647212K->465042K(790016K), 0.0576320 secs] [Times: user=0.40 sys=0.00, real=0.06 secs] 
227.986: Total time for which application threads were stopped: 0.0578200 seconds, Stopping threads took: 0.0001010 seconds
228.093: Application time: 0.1068760 seconds
228.093: [GC228.093: [ParNew: 244544K->27136K(244544K), 0.0594320 secs] 682450K->502453K(790016K), 0.0594810 secs] [Times: user=0.41 sys=0.00, real=0.06 secs] 
228.152: Total time for which application threads were stopped: 0.0596380 seconds, Stopping threads took: 0.0000840 seconds
228.261: Application time: 0.1081980 seconds
228.261: [GC228.261: [ParNew: 244544K->27134K(244544K), 0.0539520 secs] 719861K->534866K(790016K), 0.0540020 secs] [Times: user=0.38 sys=0.00, real=0.05 secs] 
228.315: Total time for which application threads were stopped: 0.0541690 seconds, Stopping threads took: 0.0000920 seconds
228.422: Application time: 0.1072350 seconds
228.422: [GC228.422: [ParNew: 244502K->244502K(244544K), 0.0000150 secs]228.422: [CMS228.602: [CMS-concurrent-preclean: 0.762/1.055 secs] [Times: user=6.86 sys=0.03, real=1.05 secs] 
 (concurrent mode failure): 507732K->127330K(545472K), 0.5512830 secs] 752234K->127330K(790016K), [CMS Perm : 9145K->9145K(21248K)], 0.5513550 secs] [Times: user=0.55 sys=0.00, real=0.55 secs] 
228.973: Total time for which application threads were stopped: 0.5515190 seconds, Stopping threads took: 0.0000890 seconds
229.060: Application time: 0.0861230 seconds
229.061: [GC229.061: [ParNew: 217408K->27134K(244544K), 0.0414140 secs] 344738K->183492K(790016K), 0.0414660 secs] [Times: user=0.29 sys=0.00, real=0.04 secs] 
229.102: Total time for which application threads were stopped: 0.0424340 seconds, Stopping threads took: 0.0008730 seconds
229.196: Application time: 0.0939310 seconds
229.196: [GC229.196: [ParNew: 244542K->27136K(244544K), 0.0555750 secs] 400900K->223270K(790016K), 0.0556250 secs] [Times: user=0.39 sys=0.00, real=0.06 secs] 
229.252: Total time for which application threads were stopped: 0.0557940 seconds, Stopping threads took: 0.0000950 seconds
229.353: Application time: 0.1012180 seconds
229.353: [GC229.353: [ParNew: 244544K->27134K(244544K), 0.0556200 secs] 440678K->259006K(790016K), 0.0556710 secs] [Times: user=0.39 sys=0.00, real=0.06 secs] 
229.409: Total time for which application threads were stopped: 0.0559430 seconds, Stopping threads took: 0.0001990 seconds
229.505: Application time: 0.0956160 seconds
229.505: [GC229.505: [ParNew: 244542K->27136K(244544K), 0.0599790 secs] 476414K->299522K(790016K), 0.0600250 secs] [Times: user=0.42 sys=0.00, real=0.06 secs] 
229.565: Total time for which application threads were stopped: 0.0601950 seconds, Stopping threads took: 0.0000990 seconds
229.580: Application time: 0.0157430 seconds
229.585: [GC [1 CMS-initial-mark: 272386K(545472K)] 331313K(790016K), 0.0425130 secs] [Times: user=0.04 sys=0.00, real=0.04 secs] 
229.627: Total time for which application threads were stopped: 0.0465600 seconds, Stopping threads took: 0.0039770 seconds
229.627: [CMS-concurrent-mark-start]
229.718: Application time: 0.0908080 seconds
229.719: [GC229.719: [ParNew: 244544K->27136K(244544K), 0.0590420 secs] 516930K->336671K(790016K), 0.0590920 secs] [Times: user=0.41 sys=0.00, real=0.06 secs] 
229.778: Total time for which application threads were stopped: 0.0602470 seconds, Stopping threads took: 0.0010830 seconds
229.885: [CMS-concurrent-mark: 0.198/0.258 secs] [Times: user=1.99 sys=0.01, real=0.26 secs] 
229.885: [CMS-concurrent-preclean-start]
229.897: Application time: 0.1188330 seconds
229.897: [GC229.897: [ParNew: 244544K->27134K(244544K), 0.0619480 secs] 554079K->376363K(790016K), 0.0619950 secs] [Times: user=0.43 sys=0.00, real=0.06 secs] 
229.959: Total time for which application threads were stopped: 0.0621760 seconds, Stopping threads took: 0.0001120 seconds
230.063: Application time: 0.1041240 seconds
230.063: [GC230.063: [ParNew: 244542K->27135K(244544K), 0.0603450 secs] 593771K->414551K(790016K), 0.0603950 secs] [Times: user=0.42 sys=0.00, real=0.06 secs] 
230.124: Total time for which application threads were stopped: 0.0605930 seconds, Stopping threads took: 0.0001250 seconds
230.232: Application time: 0.1086440 seconds
230.233: [GC230.233: [ParNew: 244543K->27136K(244544K), 0.0638950 secs] 631959K->454604K(790016K), 0.0639410 secs] [Times: user=0.45 sys=0.00, real=0.07 secs] 
230.297: Total time for which application threads were stopped: 0.0640900 seconds, Stopping threads took: 0.0000650 seconds
230.401: Application time: 0.1048610 seconds
230.402: [GC230.402: [ParNew: 244544K->27135K(244544K), 0.0571810 secs] 672012K->490067K(790016K), 0.0572300 secs] [Times: user=0.40 sys=0.00, real=0.06 secs] 
230.459: Total time for which application threads were stopped: 0.0574020 seconds, Stopping threads took: 0.0000990 seconds
230.553: Application time: 0.0939630 seconds
230.553: [GC230.553: [ParNew: 244543K->27136K(244544K), 0.0741600 secs] 707475K->544512K(790016K), 0.0742120 secs] [Times: user=0.51 sys=0.00, real=0.08 secs] 
230.627: Total time for which application threads were stopped: 0.0744070 seconds, Stopping threads took: 0.0001230 seconds
230.747: Application time: 0.1198360 seconds
230.747: [GC230.747: [ParNew: 244544K->244544K(244544K), 0.0000140 secs]230.747: [CMS230.927: [CMS-concurrent-preclean: 0.719/1.042 secs] [Times: user=6.71 sys=0.01, real=1.04 secs] 
 (concurrent mode failure): 517376K->138991K(545472K), 0.5845690 secs] 761920K->138991K(790016K), [CMS Perm : 9145K->9145K(21248K)], 0.5846460 secs] [Times: user=0.59 sys=0.00, real=0.58 secs] 
231.332: Total time for which application threads were stopped: 0.5848190 seconds, Stopping threads took: 0.0000880 seconds
231.429: Application time: 0.0970830 seconds
231.429: [GC231.429: [ParNew: 217408K->27136K(244544K), 0.0272280 secs] 356399K->176179K(790016K), 0.0272760 secs] [Times: user=0.20 sys=0.00, real=0.03 secs] 
231.457: Total time for which application threads were stopped: 0.0275330 seconds, Stopping threads took: 0.0001470 seconds
231.544: Application time: 0.0876590 seconds
231.544: [GC231.544: [ParNew: 244544K->27136K(244544K), 0.0631160 secs] 393587K->230291K(790016K), 0.0631660 secs] [Times: user=0.43 sys=0.00, real=0.07 secs] 
231.608: Total time for which application threads were stopped: 0.0633600 seconds, Stopping threads took: 0.0001190 seconds
231.702: Application time: 0.0940910 seconds
231.702: [GC231.702: [ParNew: 244544K->27136K(244544K), 0.0631890 secs] 447699K->272882K(790016K), 0.0632410 secs] [Times: user=0.44 sys=0.00, real=0.07 secs] 
231.765: Total time for which application threads were stopped: 0.0634080 seconds, Stopping threads took: 0.0000920 seconds
231.776: Application time: 0.0114500 seconds
231.777: [GC [1 CMS-initial-mark: 245746K(545472K)] 295019K(790016K), 0.0392290 secs] [Times: user=0.04 sys=0.00, real=0.03 secs] 
231.816: Total time for which application threads were stopped: 0.0395790 seconds, Stopping threads took: 0.0002930 seconds
231.816: [CMS-concurrent-mark-start]
231.933: Application time: 0.1170470 seconds
231.933: [GC231.933: [ParNew: 244544K->27135K(244544K), 0.0556330 secs] 490290K->305512K(790016K), 0.0556920 secs] [Times: user=0.39 sys=0.00, real=0.06 secs] 
231.989: Total time for which application threads were stopped: 0.0558850 seconds, Stopping threads took: 0.0000640 seconds
232.042: [CMS-concurrent-mark: 0.170/0.226 secs] [Times: user=1.74 sys=0.00, real=0.23 secs] 
232.042: [CMS-concurrent-preclean-start]
232.110: Application time: 0.1205600 seconds
232.113: [GC232.113: [ParNew: 244543K->27135K(244544K), 0.0492840 secs] 522920K->334296K(790016K), 0.0493330 secs] [Times: user=0.35 sys=0.00, real=0.05 secs] 
232.162: Total time for which application threads were stopped: 0.0523470 seconds, Stopping threads took: 0.0029420 seconds
232.263: Application time: 0.1007500 seconds
232.263: [GC232.263: [ParNew: 244543K->27136K(244544K), 0.0644090 secs] 551704K->377840K(790016K), 0.0644590 secs] [Times: user=0.45 sys=0.00, real=0.07 secs] 
232.327: Total time for which application threads were stopped: 0.0646300 seconds, Stopping threads took: 0.0000960 seconds
232.425: Application time: 0.0978860 seconds
232.425: [GC232.425: [ParNew: 244544K->27136K(244544K), 0.0722450 secs] 595248K->427748K(790016K), 0.0722940 secs] [Times: user=0.50 sys=0.00, real=0.07 secs] 
232.498: Total time for which application threads were stopped: 0.0724890 seconds, Stopping threads took: 0.0001220 seconds
232.616: Application time: 0.1184410 seconds
232.621: [GC232.621: [ParNew: 244544K->27136K(244544K), 0.0537560 secs] 645156K->457884K(790016K), 0.0538060 secs] [Times: user=0.38 sys=0.00, real=0.05 secs] 
232.674: Total time for which application threads were stopped: 0.0582540 seconds, Stopping threads took: 0.0043650 seconds
232.792: Application time: 0.1177910 seconds
232.792: [GC232.792: [ParNew: 244370K->27136K(244544K), 0.0528340 secs] 675119K->488033K(790016K), 0.0528850 secs] [Times: user=0.37 sys=0.00, real=0.06 secs] 
232.845: Total time for which application threads were stopped: 0.0530390 seconds, Stopping threads took: 0.0000780 seconds
232.949: Application time: 0.1038600 seconds
232.949: [GC232.949: [ParNew: 244544K->27136K(244544K), 0.0640850 secs] 705441K->530600K(790016K), 0.0641340 secs] [Times: user=0.44 sys=0.01, real=0.06 secs] 
233.013: Total time for which application threads were stopped: 0.0643270 seconds, Stopping threads took: 0.0001200 seconds
233.112: Application time: 0.0988940 seconds
233.112: [GC233.112: [ParNew: 244544K->244544K(244544K), 0.0000150 secs]233.112: [CMS233.287: [CMS-concurrent-preclean: 0.875/1.245 secs] [Times: user=8.28 sys=0.03, real=1.25 secs] 
 (concurrent mode failure): 503464K->146361K(545472K), 0.5534570 secs] 748008K->146361K(790016K), [CMS Perm : 9145K->9145K(21248K)], 0.5535260 secs] [Times: user=0.55 sys=0.00, real=0.56 secs] 
233.666: Total time for which application threads were stopped: 0.5536800 seconds, Stopping threads took: 0.0000760 seconds
233.769: Application time: 0.1028040 seconds
233.769: [GC233.769: [ParNew: 217408K->27136K(244544K), 0.0285190 secs] 363769K->181015K(790016K), 0.0285670 secs] [Times: user=0.22 sys=0.00, real=0.03 secs] 
233.798: Total time for which application threads were stopped: 0.0288760 seconds, Stopping threads took: 0.0002030 seconds
233.898: Application time: 0.1002030 seconds
233.898: [GC233.898: [ParNew: 244544K->27136K(244544K), 0.0498070 secs] 398423K->217414K(790016K), 0.0498600 secs] [Times: user=0.35 sys=0.00, real=0.05 secs] 
233.948: Total time for which application threads were stopped: 0.0500850 seconds, Stopping threads took: 0.0001230 seconds
234.039: Application time: 0.0910150 seconds
234.039: [GC234.039: [ParNew: 244544K->27136K(244544K), 0.0576560 secs] 434822K->259149K(790016K), 0.0577060 secs] [Times: user=0.39 sys=0.00, real=0.06 secs] 
234.097: Total time for which application threads were stopped: 0.0578980 seconds, Stopping threads took: 0.0001190 seconds
234.180: Application time: 0.0830800 seconds
234.180: [GC234.180: [ParNew: 244544K->27136K(244544K), 0.0699390 secs] 476557K->313856K(790016K), 0.0699880 secs] [Times: user=0.48 sys=0.00, real=0.07 secs] 
234.250: Total time for which application threads were stopped: 0.0701700 seconds, Stopping threads took: 0.0001070 seconds
234.268: Application time: 0.0183350 seconds
234.269: [GC [1 CMS-initial-mark: 286720K(545472K)] 352382K(790016K), 0.0459260 secs] [Times: user=0.04 sys=0.00, real=0.04 secs] 
234.315: Total time for which application threads were stopped: 0.0461120 seconds, Stopping threads took: 0.0001310 seconds
234.315: [CMS-concurrent-mark-start]
234.430: Application time: 0.1157070 seconds
234.430: [GC234.430: [ParNew: 244544K->27136K(244544K), 0.0508710 secs] 531264K->341897K(790016K), 0.0509190 secs] [Times: user=0.36 sys=0.00, real=0.05 secs] 
234.481: Total time for which application threads were stopped: 0.0511060 seconds, Stopping threads took: 0.0001040 seconds
234.542: [CMS-concurrent-mark: 0.176/0.227 secs] [Times: user=1.76 sys=0.00, real=0.23 secs] 
234.542: [CMS-concurrent-preclean-start]
234.595: Application time: 0.1134990 seconds
234.595: [GC234.595: [ParNew: 244544K->27136K(244544K), 0.0591150 secs] 559305K->378343K(790016K), 0.0591620 secs] [Times: user=0.41 sys=0.00, real=0.06 secs] 
234.654: Total time for which application threads were stopped: 0.0593010 seconds, Stopping threads took: 0.0000650 seconds
234.752: Application time: 0.0973090 seconds
234.752: [GC234.752: [ParNew: 244544K->27136K(244544K), 0.0680700 secs] 595751K->424910K(790016K), 0.0681180 secs] [Times: user=0.47 sys=0.00, real=0.07 secs] 
234.820: Total time for which application threads were stopped: 0.0682550 seconds, Stopping threads took: 0.0000620 seconds
234.922: Application time: 0.1021090 seconds
234.922: [GC234.922: [ParNew: 244544K->27136K(244544K), 0.0695470 secs] 642318K->469500K(790016K), 0.0695970 secs] [Times: user=0.48 sys=0.00, real=0.07 secs] 
234.992: Total time for which application threads were stopped: 0.0698770 seconds, Stopping threads took: 0.0001880 seconds
235.103: Application time: 0.1114930 seconds
235.103: [GC235.103: [ParNew: 244544K->27136K(244544K), 0.0555800 secs] 686908K->502689K(790016K), 0.0556310 secs] [Times: user=0.39 sys=0.00, real=0.06 secs] 
235.159: Total time for which application threads were stopped: 0.0558630 seconds, Stopping threads took: 0.0001300 seconds
235.291: Application time: 0.1314570 seconds
235.291: [GC235.291: [ParNew: 244544K->27136K(244544K), 0.0444720 secs] 720097K->524669K(790016K), 0.0445200 secs] [Times: user=0.32 sys=0.00, real=0.04 secs] 
235.335: Total time for which application threads were stopped: 0.0446610 seconds, Stopping threads took: 0.0000660 seconds
235.424: Application time: 0.0887250 seconds
235.424: [GC235.424: [ParNew: 244544K->244544K(244544K), 0.0000150 secs]235.424: [CMS235.589: [CMS-concurrent-preclean: 0.746/1.048 secs] [Times: user=6.90 sys=0.01, real=1.05 secs] 
 (concurrent mode failure): 497533K->116540K(545472K), 0.4891640 secs] 742077K->116540K(790016K), [CMS Perm : 9145K->9145K(21248K)], 0.4892400 secs] [Times: user=0.49 sys=0.00, real=0.49 secs] 
235.913: Total time for which application threads were stopped: 0.4894290 seconds, Stopping threads took: 0.0001160 seconds
236.005: Application time: 0.0915740 seconds
236.005: [GC236.005: [ParNew: 217408K->27136K(244544K), 0.0522390 secs] 333948K->181277K(790016K), 0.0522860 secs] [Times: user=0.37 sys=0.00, real=0.05 secs] 
236.057: Total time for which application threads were stopped: 0.0524400 seconds, Stopping threads took: 0.0000700 seconds
236.148: Application time: 0.0910250 seconds
236.153: [GC236.153: [ParNew: 244544K->27136K(244544K), 0.0652370 secs] 398685K->227003K(790016K), 0.0652880 secs] [Times: user=0.45 sys=0.00, real=0.07 secs] 
236.218: Total time for which application threads were stopped: 0.0695800 seconds, Stopping threads took: 0.0041990 seconds
236.330: Application time: 0.1114720 seconds
236.330: [GC236.330: [ParNew: 244544K->27136K(244544K), 0.0488650 secs] 444411K->253367K(790016K), 0.0489140 secs] [Times: user=0.35 sys=0.00, real=0.05 secs] 
236.379: Total time for which application threads were stopped: 0.0491050 seconds, Stopping threads took: 0.0001070 seconds
236.473: Application time: 0.0947850 seconds
236.474: [GC236.474: [ParNew: 244544K->27136K(244544K), 0.0503900 secs] 470775K->283722K(790016K), 0.0504390 secs] [Times: user=0.36 sys=0.00, real=0.05 secs] 
236.524: Total time for which application threads were stopped: 0.0505860 seconds, Stopping threads took: 0.0000720 seconds
236.604: Application time: 0.0803600 seconds
236.604: [GC236.605: [ParNew: 244544K->27136K(244544K), 0.0764510 secs] 501130K->347039K(790016K), 0.0765000 secs] [Times: user=0.52 sys=0.00, real=0.07 secs] 
236.681: Total time for which application threads were stopped: 0.0766620 seconds, Stopping threads took: 0.0000740 seconds
236.681: Application time: 0.0001000 seconds
236.681: [GC [1 CMS-initial-mark: 319903K(545472K)] 350072K(790016K), 0.0213470 secs] [Times: user=0.03 sys=0.00, real=0.02 secs] 
236.703: Total time for which application threads were stopped: 0.0214730 seconds, Stopping threads took: 0.0000720 seconds
236.703: [CMS-concurrent-mark-start]
236.803: Application time: 0.1002970 seconds
236.803: [GC236.803: [ParNew: 244544K->27136K(244544K), 0.0630210 secs] 564447K->388265K(790016K), 0.0630690 secs] [Times: user=0.43 sys=0.00, real=0.07 secs] 
236.866: Total time for which application threads were stopped: 0.0632580 seconds, Stopping threads took: 0.0001170 seconds
236.978: [CMS-concurrent-mark: 0.211/0.276 secs] [Times: user=2.12 sys=0.00, real=0.28 secs] 
236.978: [CMS-concurrent-preclean-start]
237.007: Application time: 0.1406100 seconds
237.007: [GC237.007: [ParNew: 244544K->27136K(244544K), 0.0507810 secs] 605673K->416714K(790016K), 0.0508270 secs] [Times: user=0.36 sys=0.00, real=0.05 secs] 
237.058: Total time for which application threads were stopped: 0.0509870 seconds, Stopping threads took: 0.0000880 seconds
237.171: Application time: 0.1136080 seconds
237.172: [GC237.172: [ParNew: 244544K->27136K(244544K), 0.0522510 secs] 634122K->446067K(790016K), 0.0522970 secs] [Times: user=0.37 sys=0.00, real=0.05 secs] 
237.224: Total time for which application threads were stopped: 0.0524880 seconds, Stopping threads took: 0.0001060 seconds
237.315: Application time: 0.0906840 seconds
237.315: [GC237.315: [ParNew: 244544K->27136K(244544K), 0.0724370 secs] 663475K->497436K(790016K), 0.0724880 secs] [Times: user=0.50 sys=0.00, real=0.08 secs] 
237.387: Total time for which application threads were stopped: 0.0727110 seconds, Stopping threads took: 0.0001500 seconds
237.497: Application time: 0.1096270 seconds
237.497: [GC237.497: [ParNew: 244544K->27136K(244544K), 0.0563150 secs] 714844K->531082K(790016K), 0.0563630 secs] [Times: user=0.39 sys=0.00, real=0.05 secs] 
237.553: Total time for which application threads were stopped: 0.0564790 seconds, Stopping threads took: 0.0000440 seconds
237.663: Application time: 0.1092010 seconds
237.663: [GC237.663: [ParNew: 244544K->244544K(244544K), 0.0000140 secs]237.663: [CMS237.819: [CMS-concurrent-preclean: 0.604/0.841 secs] [Times: user=5.38 sys=0.01, real=0.84 secs] 
 (concurrent mode failure): 503946K->139080K(545472K), 0.5524360 secs] 748490K->139080K(790016K), [CMS Perm : 9145K->9145K(21248K)], 0.5525110 secs] [Times: user=0.55 sys=0.00, real=0.55 secs] 
238.215: Total time for which application threads were stopped: 0.5526850 seconds, Stopping threads took: 0.0000960 seconds
238.318: Application time: 0.1027340 seconds
238.318: [GC238.318: [ParNew: 217408K->27136K(244544K), 0.0288080 secs] 356488K->175925K(790016K), 0.0288600 secs] [Times: user=0.21 sys=0.00, real=0.03 secs] 
238.347: Total time for which application threads were stopped: 0.0291830 seconds, Stopping threads took: 0.0002190 seconds
238.430: Application time: 0.0830090 seconds
238.430: [GC238.430: [ParNew: 244544K->27136K(244544K), 0.0702770 secs] 393333K->237982K(790016K), 0.0703250 secs] [Times: user=0.48 sys=0.00, real=0.07 secs] 
238.501: Total time for which application threads were stopped: 0.0705910 seconds, Stopping threads took: 0.0001950 seconds
238.600: Application time: 0.0993380 seconds
238.600: [GC238.600: [ParNew: 244544K->27136K(244544K), 0.0566760 secs] 455390K->274160K(790016K), 0.0567320 secs] [Times: user=0.39 sys=0.00, real=0.06 secs] 
238.657: Total time for which application threads were stopped: 0.0569130 seconds, Stopping threads took: 0.0001080 seconds
238.657: Application time: 0.0002400 seconds
238.657: [GC [1 CMS-initial-mark: 247024K(545472K)] 277706K(790016K), 0.0217910 secs] [Times: user=0.02 sys=0.00, real=0.02 secs] 
238.679: Total time for which application threads were stopped: 0.0219100 seconds, Stopping threads took: 0.0000660 seconds
238.679: [CMS-concurrent-mark-start]
238.805: Application time: 0.1261330 seconds
238.805: [GC238.805: [ParNew: 244544K->27136K(244544K), 0.0594180 secs] 491568K->310600K(790016K), 0.0594660 secs] [Times: user=0.41 sys=0.00, real=0.06 secs] 
238.865: Total time for which application threads were stopped: 0.0596080 seconds, Stopping threads took: 0.0000710 seconds
238.917: [CMS-concurrent-mark: 0.178/0.238 secs] [Times: user=1.84 sys=0.00, real=0.24 secs] 
238.917: [CMS-concurrent-preclean-start]
238.973: Application time: 0.1076290 seconds
238.973: [GC238.973: [ParNew: 244544K->27136K(244544K), 0.0651140 secs] 528008K->353512K(790016K), 0.0651630 secs] [Times: user=0.45 sys=0.00, real=0.07 secs] 
239.038: Total time for which application threads were stopped: 0.0653770 seconds, Stopping threads took: 0.0001270 seconds
239.147: Application time: 0.1093750 seconds
239.147: [GC239.148: [ParNew: 244544K->27136K(244544K), 0.0590540 secs] 570920K->387755K(790016K), 0.0591050 secs] [Times: user=0.42 sys=0.00, real=0.06 secs] 
239.207: Total time for which application threads were stopped: 0.0592820 seconds, Stopping threads took: 0.0001050 seconds
239.319: Application time: 0.1127690 seconds
239.320: [GC239.320: [ParNew: 244544K->27136K(244544K), 0.0571850 secs] 605163K->422554K(790016K), 0.0572350 secs] [Times: user=0.40 sys=0.00, real=0.06 secs] 
239.377: Total time for which application threads were stopped: 0.0574230 seconds, Stopping threads took: 0.0001160 seconds
239.482: Application time: 0.1051370 seconds
239.482: [GC239.482: [ParNew: 244544K->27136K(244544K), 0.0523100 secs] 639962K->454249K(790016K), 0.0523600 secs] [Times: user=0.37 sys=0.00, real=0.05 secs] 
239.534: Total time for which application threads were stopped: 0.0525400 seconds, Stopping threads took: 0.0000950 seconds
239.634: Application time: 0.0997770 seconds
239.634: [GC239.634: [ParNew: 244544K->27136K(244544K), 0.0662150 secs] 671657K->498715K(790016K), 0.0662660 secs] [Times: user=0.45 sys=0.00, real=0.07 secs] 
239.701: Total time for which application threads were stopped: 0.0664650 seconds, Stopping threads took: 0.0001250 seconds
239.800: Application time: 0.0991800 seconds
239.800: [GC239.800: [ParNew: 244544K->27136K(244544K), 0.0670580 secs] 716123K->543033K(790016K), 0.0671050 secs] [Times: user=0.47 sys=0.00, real=0.07 secs] 
239.867: Total time for which application threads were stopped: 0.0672600 seconds, Stopping threads took: 0.0000850 seconds
239.989: Application time: 0.1215510 seconds
239.989: [GC239.989: [ParNew: 244544K->244544K(244544K), 0.0000150 secs]239.989: [CMS240.186: [CMS-concurrent-preclean: 0.896/1.269 secs] [Times: user=8.36 sys=0.01, real=1.27 secs] 
 (concurrent mode failure): 515897K->138839K(545472K), 0.6046320 secs] 760441K->138839K(790016K), [CMS Perm : 9145K->9145K(21248K)], 0.6047070 secs] [Times: user=0.61 sys=0.00, real=0.60 secs] 
240.594: Total time for which application threads were stopped: 0.6049080 seconds, Stopping threads took: 0.0001110 seconds
240.695: Application time: 0.1013040 seconds
240.695: [GC240.695: [ParNew: 217408K->27134K(244544K), 0.0241930 secs] 356247K->172195K(790016K), 0.0242430 secs] [Times: user=0.18 sys=0.00, real=0.03 secs] 
240.719: Total time for which application threads were stopped: 0.0245380 seconds, Stopping threads took: 0.0001890 seconds
240.804: Application time: 0.0844360 seconds
240.804: [GC240.804: [ParNew: 244542K->27136K(244544K), 0.0663940 secs] 389603K->232083K(790016K), 0.0664530 secs] [Times: user=0.46 sys=0.00, real=0.07 secs] 
240.871: Total time for which application threads were stopped: 0.0666560 seconds, Stopping threads took: 0.0001090 seconds
240.957: Application time: 0.0863650 seconds
240.957: [GC240.957: [ParNew: 244544K->27135K(244544K), 0.0644470 secs] 449491K->278044K(790016K), 0.0644960 secs] [Times: user=0.44 sys=0.00, real=0.06 secs] 
241.022: Total time for which application threads were stopped: 0.0646460 seconds, Stopping threads took: 0.0000760 seconds
241.022: Application time: 0.0000710 seconds
241.022: [GC [1 CMS-initial-mark: 250908K(545472K)] 279678K(790016K), 0.0222870 secs] [Times: user=0.02 sys=0.00, real=0.02 secs] 
241.044: Total time for which application threads were stopped: 0.0224310 seconds, Stopping threads took: 0.0000920 seconds
241.044: [CMS-concurrent-mark-start]
241.173: Application time: 0.1289740 seconds
241.173: [GC241.173: [ParNew: 244543K->27136K(244544K), 0.0600420 secs] 495452K->313317K(790016K), 0.0600970 secs] [Times: user=0.42 sys=0.00, real=0.06 secs] 
241.233: Total time for which application threads were stopped: 0.0603940 seconds, Stopping threads took: 0.0002060 seconds
241.296: [CMS-concurrent-mark: 0.191/0.252 secs] [Times: user=1.93 sys=0.00, real=0.25 secs] 
241.296: [CMS-concurrent-preclean-start]
241.362: Application time: 0.1286300 seconds
241.362: [GC241.362: [ParNew: 244544K->27136K(244544K), 0.0496300 secs] 530725K->340028K(790016K), 0.0496810 secs] [Times: user=0.35 sys=0.00, real=0.05 secs] 
241.412: Total time for which application threads were stopped: 0.0499100 seconds, Stopping threads took: 0.0001390 seconds
241.525: Application time: 0.1126460 seconds
241.525: [GC241.525: [ParNew: 244544K->27136K(244544K), 0.0510030 secs] 557436K->370340K(790016K), 0.0510550 secs] [Times: user=0.36 sys=0.00, real=0.04 secs] 
241.576: Total time for which application threads were stopped: 0.0512410 seconds, Stopping threads took: 0.0001120 seconds
241.654: Application time: 0.0780690 seconds
241.654: [GC241.654: [ParNew: 244544K->27136K(244544K), 0.0766850 secs] 587748K->430156K(790016K), 0.0767420 secs] [Times: user=0.52 sys=0.00, real=0.08 secs] 
241.731: Total time for which application threads were stopped: 0.0769280 seconds, Stopping threads took: 0.0001130 seconds
241.841: Application time: 0.1097480 seconds
241.841: [GC241.841: [ParNew: 244544K->27136K(244544K), 0.0611450 secs] 647564K->469085K(790016K), 0.0611950 secs] [Times: user=0.43 sys=0.00, real=0.06 secs] 
241.902: Total time for which application threads were stopped: 0.0613460 seconds, Stopping threads took: 0.0000790 seconds
242.021: Application time: 0.1187650 seconds
242.021: [GC242.021: [ParNew: 244544K->27136K(244544K), 0.0540590 secs] 686493K->499217K(790016K), 0.0541100 secs] [Times: user=0.38 sys=0.00, real=0.05 secs] 
242.075: Total time for which application threads were stopped: 0.0542650 seconds, Stopping threads took: 0.0000680 seconds
242.193: Application time: 0.1177740 seconds
242.193: [GC242.193: [ParNew: 244544K->27136K(244544K), 0.0565530 secs] 716625K->532086K(790016K), 0.0566020 secs] [Times: user=0.40 sys=0.00, real=0.06 secs] 
242.250: Total time for which application threads were stopped: 0.0567790 seconds, Stopping threads took: 0.0001080 seconds
242.351: Application time: 0.1013210 seconds
242.351: [GC242.351: [ParNew: 244544K->244544K(244544K), 0.0000140 secs]242.351: [CMS242.532: [CMS-concurrent-preclean: 0.881/1.236 secs] [Times: user=8.24 sys=0.01, real=1.24 secs] 
 (concurrent mode failure): 504950K->133322K(545472K), 0.5392080 secs] 749494K->133322K(790016K), [CMS Perm : 9146K->9146K(21248K)], 0.5392850 secs] [Times: user=0.54 sys=0.00, real=0.54 secs] 
242.890: Total time for which application threads were stopped: 0.5394700 seconds, Stopping threads took: 0.0001110 seconds
242.980: Application time: 0.0893680 seconds
242.980: [GC242.980: [ParNew: 217372K->27136K(244544K), 0.0386540 secs] 350694K->185858K(790016K), 0.0387020 secs] [Times: user=0.28 sys=0.00, real=0.04 secs] 
243.019: Total time for which application threads were stopped: 0.0389100 seconds, Stopping threads took: 0.0001110 seconds
243.120: Application time: 0.1012640 seconds
243.120: [GC243.120: [ParNew: 244544K->27136K(244544K), 0.0524450 secs] 403266K->218862K(790016K), 0.0525000 secs] [Times: user=0.37 sys=0.00, real=0.05 secs] 
243.173: Total time for which application threads were stopped: 0.0526950 seconds, Stopping threads took: 0.0001230 seconds
243.267: Application time: 0.0945300 seconds
243.267: [GC243.267: [ParNew: 244544K->27136K(244544K), 0.0557650 secs] 436270K->257088K(790016K), 0.0558140 secs] [Times: user=0.39 sys=0.00, real=0.05 secs] 
243.323: Total time for which application threads were stopped: 0.0559680 seconds, Stopping threads took: 0.0000790 seconds
243.417: Application time: 0.0934550 seconds
243.417: [GC243.417: [ParNew: 244544K->27136K(244544K), 0.0594850 secs] 474496K->299911K(790016K), 0.0595340 secs] [Times: user=0.41 sys=0.00, real=0.05 secs] 
243.476: Total time for which application threads were stopped: 0.0596920 seconds, Stopping threads took: 0.0000860 seconds
243.488: Application time: 0.0121900 seconds
243.489: [GC [1 CMS-initial-mark: 272775K(545472K)] 327494K(790016K), 0.0374660 secs] [Times: user=0.04 sys=0.00, real=0.04 secs] 
243.526: Total time for which application threads were stopped: 0.0377740 seconds, Stopping threads took: 0.0002400 seconds
243.526: [CMS-concurrent-mark-start]
243.627: Application time: 0.1006310 seconds
243.627: [GC243.627: [ParNew: 244544K->27136K(244544K), 0.0629630 secs] 517319K->340529K(790016K), 0.0630110 secs] [Times: user=0.44 sys=0.00, real=0.06 secs] 
243.690: Total time for which application threads were stopped: 0.0631980 seconds, Stopping threads took: 0.0001140 seconds
243.770: [CMS-concurrent-mark: 0.180/0.244 secs] [Times: user=1.87 sys=0.00, real=0.24 secs] 
243.770: [CMS-concurrent-preclean-start]
243.812: Application time: 0.1223880 seconds
243.813: [GC243.813: [ParNew: 244544K->27136K(244544K), 0.0616790 secs] 557937K->379312K(790016K), 0.0617280 secs] [Times: user=0.43 sys=0.00, real=0.06 secs] 
243.874: Total time for which application threads were stopped: 0.0619010 seconds, Stopping threads took: 0.0001000 seconds
243.977: Application time: 0.1021920 seconds
243.977: [GC243.977: [ParNew: 244544K->27136K(244544K), 0.0616630 secs] 596720K->419127K(790016K), 0.0617120 secs] [Times: user=0.43 sys=0.00, real=0.06 secs] 
244.038: Total time for which application threads were stopped: 0.0618590 seconds, Stopping threads took: 0.0000760 seconds
244.152: Application time: 0.1137430 seconds
244.152: [GC244.152: [ParNew: 244544K->27134K(244544K), 0.0526500 secs] 636535K->449546K(790016K), 0.0527020 secs] [Times: user=0.37 sys=0.01, real=0.06 secs] 
244.205: Total time for which application threads were stopped: 0.0528820 seconds, Stopping threads took: 0.0000910 seconds
244.314: Application time: 0.1088010 seconds
244.314: [GC244.314: [ParNew: 244542K->27136K(244544K), 0.0516000 secs] 666954K->481013K(790016K), 0.0516470 secs] [Times: user=0.36 sys=0.00, real=0.06 secs] 
244.366: Total time for which application threads were stopped: 0.0518030 seconds, Stopping threads took: 0.0000850 seconds
244.466: Application time: 0.0998220 seconds
244.466: [GC244.466: [ParNew: 244544K->27136K(244544K), 0.0614420 secs] 698421K->522545K(790016K), 0.0614900 secs] [Times: user=0.42 sys=0.00, real=0.06 secs] 
244.527: Total time for which application threads were stopped: 0.0616780 seconds, Stopping threads took: 0.0001150 seconds
244.632: Application time: 0.1049280 seconds
244.632: [GC244.632: [ParNew: 244544K->27136K(244544K), 0.0677410 secs] 739953K->568347K(790016K), 0.0677890 secs] [Times: user=0.47 sys=0.00, real=0.07 secs] 
244.700: Total time for which application threads were stopped: 0.0679360 seconds, Stopping threads took: 0.0000750 seconds
244.802: Application time: 0.1023460 seconds
244.803: [GC244.803: [ParNew: 244544K->244544K(244544K), 0.0000130 secs]244.803: [CMS244.984: [CMS-concurrent-preclean: 0.852/1.214 secs] [Times: user=8.04 sys=0.01, real=1.21 secs] 
 (concurrent mode failure): 541211K->144784K(545472K), 0.5729140 secs] 785755K->144784K(790016K), [CMS Perm : 9146K->9146K(21248K)], 0.5729840 secs] [Times: user=0.58 sys=0.00, real=0.57 secs] 
245.376: Total time for which application threads were stopped: 0.5731250 seconds, Stopping threads took: 0.0000550 seconds
245.480: Application time: 0.1046610 seconds
245.480: [GC245.480: [ParNew: 217408K->27136K(244544K), 0.0263910 secs] 362192K->179159K(790016K), 0.0264380 secs] [Times: user=0.20 sys=0.00, real=0.03 secs] 
245.507: Total time for which application threads were stopped: 0.0266490 seconds, Stopping threads took: 0.0001240 seconds
245.607: Application time: 0.1006260 seconds
245.608: [GC245.608: [ParNew: 244506K->27136K(244544K), 0.0474600 secs] 396530K->212114K(790016K), 0.0475100 secs] [Times: user=0.34 sys=0.00, real=0.04 secs] 
245.655: Total time for which application threads were stopped: 0.0477120 seconds, Stopping threads took: 0.0001280 seconds
245.740: Application time: 0.0852130 seconds
245.741: [GC245.741: [ParNew: 244544K->27136K(244544K), 0.0685750 secs] 429522K->269075K(790016K), 0.0686260 secs] [Times: user=0.46 sys=0.00, real=0.07 secs] 
245.809: Total time for which application threads were stopped: 0.0688210 seconds, Stopping threads took: 0.0001180 seconds
245.809: Application time: 0.0000950 seconds
245.809: [GC [1 CMS-initial-mark: 241939K(545472K)] 272303K(790016K), 0.0209370 secs] [Times: user=0.03 sys=0.00, real=0.02 secs] 
245.830: Total time for which application threads were stopped: 0.0210960 seconds, Stopping threads took: 0.0001080 seconds
245.830: [CMS-concurrent-mark-start]
245.942: Application time: 0.1111490 seconds
245.942: [GC245.942: [ParNew: 244544K->27136K(244544K), 0.0705160 secs] 486483K->315703K(790016K), 0.0705660 secs] [Times: user=0.49 sys=0.00, real=0.07 secs] 
246.012: Total time for which application threads were stopped: 0.0707250 seconds, Stopping threads took: 0.0000860 seconds
246.094: [CMS-concurrent-mark: 0.193/0.263 secs] [Times: user=2.02 sys=0.00, real=0.26 secs] 
246.094: [CMS-concurrent-preclean-start]
246.126: Application time: 0.1137070 seconds
246.126: [GC246.126: [ParNew: 244544K->27136K(244544K), 0.0629450 secs] 533111K->352331K(790016K), 0.0629940 secs] [Times: user=0.45 sys=0.00, real=0.06 secs] 
246.189: Total time for which application threads were stopped: 0.0631770 seconds, Stopping threads took: 0.0001000 seconds
246.322: Application time: 0.1326030 seconds
246.322: [GC246.322: [ParNew: 244544K->27130K(244544K), 0.0423070 secs] 569739K->373365K(790016K), 0.0423580 secs] [Times: user=0.31 sys=0.00, real=0.04 secs] 
246.364: Total time for which application threads were stopped: 0.0425340 seconds, Stopping threads took: 0.0001020 seconds
246.455: Application time: 0.0905640 seconds
246.455: [GC246.455: [ParNew: 244538K->27136K(244544K), 0.0696410 secs] 590773K->417852K(790016K), 0.0696900 secs] [Times: user=0.48 sys=0.01, real=0.08 secs] 
246.525: Total time for which application threads were stopped: 0.0698420 seconds, Stopping threads took: 0.0000780 seconds
246.618: Application time: 0.0931700 seconds
246.618: [GC246.618: [ParNew: 244544K->27136K(244544K), 0.0703120 secs] 635260K->466632K(790016K), 0.0703690 secs] [Times: user=0.48 sys=0.00, real=0.07 secs] 
246.689: Total time for which application threads were stopped: 0.0705810 seconds, Stopping threads took: 0.0001400 seconds
246.795: Application time: 0.1065420 seconds
246.795: [GC246.795: [ParNew: 244544K->27136K(244544K), 0.0618150 secs] 684040K->504952K(790016K), 0.0618640 secs] [Times: user=0.43 sys=0.00, real=0.07 secs] 
246.857: Total time for which application threads were stopped: 0.0620340 seconds, Stopping threads took: 0.0000800 seconds
246.986: Application time: 0.1291470 seconds
246.986: [GC246.986: [ParNew: 244544K->27136K(244544K), 0.0476860 secs] 722360K->530343K(790016K), 0.0477340 secs] [Times: user=0.34 sys=0.00, real=0.04 secs] 
247.034: Total time for which application threads were stopped: 0.0478860 seconds, Stopping threads took: 0.0000810 seconds
247.141: Application time: 0.1072900 seconds
247.142: [GC247.142: [ParNew: 244544K->244544K(244544K), 0.0000150 secs]247.142: [CMS247.325: [CMS-concurrent-preclean: 0.871/1.231 secs] [Times: user=8.19 sys=0.01, real=1.24 secs] 
 (concurrent mode failure): 503207K->115794K(545472K), 0.5330650 secs] 747751K->115794K(790016K), [CMS Perm : 9146K->9146K(21248K)], 0.5331510 secs] [Times: user=0.53 sys=0.00, real=0.53 secs] 
247.675: Total time for which application threads were stopped: 0.5333060 seconds, Stopping threads took: 0.0000800 seconds
247.758: Application time: 0.0828200 seconds
247.758: [GC247.758: [ParNew: 217240K->27136K(244544K), 0.0456000 secs] 333034K->178581K(790016K), 0.0456480 secs] [Times: user=0.32 sys=0.00, real=0.04 secs] 
247.803: Total time for which application threads were stopped: 0.0459220 seconds, Stopping threads took: 0.0001920 seconds
247.890: Application time: 0.0863660 seconds
247.890: [GC247.890: [ParNew: 244544K->27136K(244544K), 0.0712370 secs] 395989K->234368K(790016K), 0.0712910 secs] [Times: user=0.48 sys=0.00, real=0.07 secs] 
247.961: Total time for which application threads were stopped: 0.0714350 seconds, Stopping threads took: 0.0000720 seconds
248.072: Application time: 0.1108980 seconds
248.072: [GC248.072: [ParNew: 244544K->27136K(244544K), 0.0482690 secs] 451776K->259836K(790016K), 0.0483220 secs] [Times: user=0.34 sys=0.01, real=0.05 secs] 
248.121: Total time for which application threads were stopped: 0.0485090 seconds, Stopping threads took: 0.0001110 seconds
248.226: Application time: 0.1050540 seconds
248.226: [GC248.226: [ParNew: 244544K->27136K(244544K), 0.0498910 secs] 477244K->288592K(790016K), 0.0499420 secs] [Times: user=0.35 sys=0.00, real=0.04 secs] 
248.276: Total time for which application threads were stopped: 0.0501460 seconds, Stopping threads took: 0.0001290 seconds
248.364: Application time: 0.0877440 seconds
248.364: [GC248.364: [ParNew: 244517K->27136K(244544K), 0.0635830 secs] 505973K->334456K(790016K), 0.0636350 secs] [Times: user=0.43 sys=0.00, real=0.07 secs] 
248.427: Total time for which application threads were stopped: 0.0638330 seconds, Stopping threads took: 0.0001070 seconds
248.452: Application time: 0.0250140 seconds
248.453: [GC [1 CMS-initial-mark: 307320K(545472K)] 401495K(790016K), 0.0500540 secs] [Times: user=0.05 sys=0.00, real=0.05 secs] 
248.503: Total time for which application threads were stopped: 0.0502120 seconds, Stopping threads took: 0.0001010 seconds
248.503: [CMS-concurrent-mark-start]
248.571: Application time: 0.0687250 seconds
248.572: [GC248.572: [ParNew: 244544K->27136K(244544K), 0.0769320 secs] 551864K->390651K(790016K), 0.0769790 secs] [Times: user=0.52 sys=0.00, real=0.08 secs] 
248.649: Total time for which application threads were stopped: 0.0771040 seconds, Stopping threads took: 0.0000540 seconds
248.777: Application time: 0.1288570 seconds
248.779: [GC248.779: [ParNew: 244544K->27136K(244544K), 0.0517520 secs] 608059K->419139K(790016K), 0.0518020 secs] [Times: user=0.36 sys=0.00, real=0.05 secs] 
248.831: Total time for which application threads were stopped: 0.0531570 seconds, Stopping threads took: 0.0012590 seconds
248.874: [CMS-concurrent-mark: 0.241/0.371 secs] [Times: user=2.81 sys=0.00, real=0.37 secs] 
248.874: [CMS-concurrent-preclean-start]
248.958: Application time: 0.1275240 seconds
248.958: [GC248.958: [ParNew: 244544K->27136K(244544K), 0.0468780 secs] 636547K->444182K(790016K), 0.0469260 secs] [Times: user=0.33 sys=0.00, real=0.05 secs] 
249.005: Total time for which application threads were stopped: 0.0471700 seconds, Stopping threads took: 0.0001360 seconds
249.112: Application time: 0.1066880 seconds
249.112: [GC249.112: [ParNew: 244544K->27136K(244544K), 0.0603150 secs] 661590K->482540K(790016K), 0.0603830 secs] [Times: user=0.42 sys=0.00, real=0.06 secs] 
249.173: Total time for which application threads were stopped: 0.0605610 seconds, Stopping threads took: 0.0001050 seconds
249.274: Application time: 0.1014290 seconds
249.274: [GC249.274: [ParNew: 244544K->27136K(244544K), 0.0645290 secs] 699948K->525384K(790016K), 0.0645800 secs] [Times: user=0.45 sys=0.00, real=0.07 secs] 
249.339: Total time for which application threads were stopped: 0.0647670 seconds, Stopping threads took: 0.0001040 seconds
249.449: Application time: 0.1104980 seconds
249.449: [GC249.449: [ParNew: 244544K->244544K(244544K), 0.0000150 secs]249.449: [CMS249.600: [CMS-concurrent-preclean: 0.550/0.726 secs] [Times: user=4.56 sys=0.02, real=0.73 secs] 
 (concurrent mode failure): 498248K->133971K(545472K), 0.5122240 secs] 742792K->133971K(790016K), [CMS Perm : 9146K->9146K(21248K)], 0.5122970 secs] [Times: user=0.52 sys=0.00, real=0.51 secs] 
249.962: Total time for which application threads were stopped: 0.5124550 seconds, Stopping threads took: 0.0000820 seconds
250.059: Application time: 0.0970740 seconds
250.059: [GC250.059: [ParNew: 217408K->27136K(244544K), 0.0351710 secs] 351379K->179024K(790016K), 0.0352210 secs] [Times: user=0.26 sys=0.00, real=0.03 secs] 
250.094: Total time for which application threads were stopped: 0.0353810 seconds, Stopping threads took: 0.0000790 seconds
250.188: Application time: 0.0934740 seconds
250.188: [GC250.188: [ParNew: 244544K->27136K(244544K), 0.0565610 secs] 396432K->220842K(790016K), 0.0566270 secs] [Times: user=0.39 sys=0.00, real=0.06 secs] 
250.244: Total time for which application threads were stopped: 0.0568960 seconds, Stopping threads took: 0.0001720 seconds
250.335: Application time: 0.0907840 seconds
250.335: [GC250.335: [ParNew: 244544K->27136K(244544K), 0.0629230 secs] 438250K->267410K(790016K), 0.0629740 secs] [Times: user=0.44 sys=0.00, real=0.07 secs] 
250.398: Total time for which application threads were stopped: 0.0631260 seconds, Stopping threads took: 0.0000780 seconds
250.399: Application time: 0.0002060 seconds
250.399: [GC [1 CMS-initial-mark: 240274K(545472K)] 270278K(790016K), 0.0229920 secs] [Times: user=0.02 sys=0.00, real=0.02 secs] 
250.422: Total time for which application threads were stopped: 0.0231260 seconds, Stopping threads took: 0.0000840 seconds
250.422: [CMS-concurrent-mark-start]
250.551: Application time: 0.1295860 seconds
250.551: [GC250.551: [ParNew: 244544K->27135K(244544K), 0.0558310 secs] 484818K->300502K(790016K), 0.0558790 secs] [Times: user=0.39 sys=0.00, real=0.06 secs] 
250.607: Total time for which application threads were stopped: 0.0560380 seconds, Stopping threads took: 0.0000870 seconds
250.612: [CMS-concurrent-mark: 0.134/0.190 secs] [Times: user=1.45 sys=0.00, real=0.19 secs] 
250.612: [CMS-concurrent-preclean-start]
250.712: Application time: 0.1042250 seconds
250.712: [GC250.712: [ParNew: 244543K->27136K(244544K), 0.0610550 secs] 517910K->339070K(790016K), 0.0611030 secs] [Times: user=0.42 sys=0.00, real=0.06 secs] 
250.773: Total time for which application threads were stopped: 0.0613170 seconds, Stopping threads took: 0.0001300 seconds
250.884: Application time: 0.1107970 seconds
250.884: [GC250.884: [ParNew: 244544K->27136K(244544K), 0.0599650 secs] 556478K->375294K(790016K), 0.0600160 secs] [Times: user=0.41 sys=0.00, real=0.06 secs] 
250.944: Total time for which application threads were stopped: 0.0602020 seconds, Stopping threads took: 0.0001130 seconds
251.037: Application time: 0.0932240 seconds
251.041: [GC251.041: [ParNew: 244544K->27136K(244544K), 0.0716170 secs] 592702K->424043K(790016K), 0.0716680 secs] [Times: user=0.49 sys=0.00, real=0.07 secs] 
251.112: Total time for which application threads were stopped: 0.0750750 seconds, Stopping threads took: 0.0033340 seconds
251.229: Application time: 0.1164220 seconds
251.229: [GC251.229: [ParNew: 244544K->27136K(244544K), 0.0564690 secs] 641451K->453466K(790016K), 0.0565190 secs] [Times: user=0.41 sys=0.00, real=0.06 secs] 
251.285: Total time for which application threads were stopped: 0.0566860 seconds, Stopping threads took: 0.0000820 seconds
251.399: Application time: 0.1132140 seconds
251.399: [GC251.399: [ParNew: 244544K->27136K(244544K), 0.0526920 secs] 670874K->484244K(790016K), 0.0527400 secs] [Times: user=0.36 sys=0.00, real=0.05 secs] 
251.451: Total time for which application threads were stopped: 0.0529130 seconds, Stopping threads took: 0.0001000 seconds
251.558: Application time: 0.1069100 seconds
251.559: [GC251.559: [ParNew: 244544K->27136K(244544K), 0.0548770 secs] 701652K->518751K(790016K), 0.0549340 secs] [Times: user=0.38 sys=0.00, real=0.05 secs] 
251.614: Total time for which application threads were stopped: 0.0551190 seconds, Stopping threads took: 0.0001140 seconds
251.704: Application time: 0.0902440 seconds
251.704: [GC251.704: [ParNew (promotion failed): 244544K->244544K(244544K), 0.4484510 secs]252.152: [CMS252.331: [CMS-concurrent-preclean: 0.905/1.719 secs] [Times: user=9.72 sys=0.13, real=1.72 secs] 
 (concurrent mode failure): 541739K->135829K(545472K), 0.5314460 secs] 736159K->135829K(790016K), [CMS Perm : 9146K->9146K(21248K)], 0.9799840 secs] [Times: user=1.74 sys=0.11, real=0.98 secs] 
252.684: Total time for which application threads were stopped: 0.9802080 seconds, Stopping threads took: 0.0001490 seconds
252.785: Application time: 0.1010160 seconds
252.785: [GC252.785: [ParNew: 217408K->27136K(244544K), 0.0355100 secs] 353237K->180081K(790016K), 0.0355580 secs] [Times: user=0.27 sys=0.00, real=0.03 secs] 
252.821: Total time for which application threads were stopped: 0.0357500 seconds, Stopping threads took: 0.0001020 seconds
252.927: Application time: 0.1062240 seconds
252.927: [GC252.927: [ParNew: 244544K->27136K(244544K), 0.0467000 secs] 397489K->207895K(790016K), 0.0467500 secs] [Times: user=0.32 sys=0.00, real=0.04 secs] 
252.975: Total time for which application threads were stopped: 0.0484250 seconds, Stopping threads took: 0.0001000 seconds
253.069: Application time: 0.0937280 seconds
253.069: [GC253.069: [ParNew: 244544K->27136K(244544K), 0.0562290 secs] 425303K->248619K(790016K), 0.0562780 secs] [Times: user=0.39 sys=0.00, real=0.06 secs] 
253.126: Total time for which application threads were stopped: 0.0564830 seconds, Stopping threads took: 0.0001320 seconds
253.212: Application time: 0.0859410 seconds
253.212: [GC253.212: [ParNew: 244544K->27136K(244544K), 0.0673640 secs] 466027K->300800K(790016K), 0.0674120 secs] [Times: user=0.46 sys=0.00, real=0.07 secs] 
253.279: Total time for which application threads were stopped: 0.0675830 seconds, Stopping threads took: 0.0000980 seconds
253.292: Application time: 0.0133470 seconds
253.293: [GC [1 CMS-initial-mark: 273664K(545472K)] 336673K(790016K), 0.0374420 secs] [Times: user=0.04 sys=0.00, real=0.04 secs] 
253.330: Total time for which application threads were stopped: 0.0376130 seconds, Stopping threads took: 0.0001050 seconds
253.330: [CMS-concurrent-mark-start]
253.430: Application time: 0.0996340 seconds
253.430: [GC253.430: [ParNew: 244544K->27136K(244544K), 0.0632610 secs] 518208K->341255K(790016K), 0.0633100 secs] [Times: user=0.44 sys=0.00, real=0.06 secs] 
253.493: Total time for which application threads were stopped: 0.0634640 seconds, Stopping threads took: 0.0000800 seconds
253.575: [CMS-concurrent-mark: 0.182/0.245 secs] [Times: user=1.87 sys=0.01, real=0.24 secs] 
253.575: [CMS-concurrent-preclean-start]
253.622: Application time: 0.1287900 seconds
253.622: [GC253.622: [ParNew: 244544K->27136K(244544K), 0.0489790 secs] 558663K->368835K(790016K), 0.0490290 secs] [Times: user=0.35 sys=0.00, real=0.05 secs] 
253.671: Total time for which application threads were stopped: 0.0492190 seconds, Stopping threads took: 0.0001160 seconds
253.776: Application time: 0.1049950 seconds
253.776: [GC253.776: [ParNew: 244544K->27136K(244544K), 0.0573510 secs] 586243K->405114K(790016K), 0.0574000 secs] [Times: user=0.40 sys=0.00, real=0.06 secs] 
253.834: Total time for which application threads were stopped: 0.0575660 seconds, Stopping threads took: 0.0000920 seconds
253.943: Application time: 0.1088920 seconds
253.943: [GC253.943: [ParNew: 244544K->27136K(244544K), 0.0559830 secs] 622522K->439704K(790016K), 0.0560290 secs] [Times: user=0.40 sys=0.00, real=0.06 secs] 
253.999: Total time for which application threads were stopped: 0.0561680 seconds, Stopping threads took: 0.0000540 seconds
254.086: Application time: 0.0876340 seconds
254.087: [GC254.087: [ParNew: 244544K->27136K(244544K), 0.0767000 secs] 657112K->496240K(790016K), 0.0767590 secs] [Times: user=0.52 sys=0.00, real=0.07 secs] 
254.163: Total time for which application threads were stopped: 0.0769170 seconds, Stopping threads took: 0.0000830 seconds
254.287: Application time: 0.1236220 seconds
254.287: [GC254.287: [ParNew: 244544K->27136K(244544K), 0.0490260 secs] 713648K->521634K(790016K), 0.0490760 secs] [Times: user=0.35 sys=0.00, real=0.04 secs] 
254.336: Total time for which application threads were stopped: 0.0492500 seconds, Stopping threads took: 0.0001000 seconds
254.448: Application time: 0.1112580 seconds
254.448: [GC254.448: [ParNew: 244544K->244544K(244544K), 0.0000160 secs]254.448: [CMS254.616: [CMS-concurrent-preclean: 0.747/1.040 secs] [Times: user=6.85 sys=0.00, real=1.04 secs] 
 (concurrent mode failure): 494498K->135802K(545472K), 0.5327230 secs] 739042K->135802K(790016K), [CMS Perm : 9146K->9146K(21248K)], 0.5327970 secs] [Times: user=0.53 sys=0.00, real=0.53 secs] 
254.981: Total time for which application threads were stopped: 0.5330340 seconds, Stopping threads took: 0.0001490 seconds
255.085: Application time: 0.1043050 seconds
255.085: [GC255.085: [ParNew: 217179K->27136K(244544K), 0.0261280 secs] 352982K->170517K(790016K), 0.0261800 secs] [Times: user=0.20 sys=0.00, real=0.02 secs] 
255.111: Total time for which application threads were stopped: 0.0263940 seconds, Stopping threads took: 0.0001300 seconds
255.188: Application time: 0.0764210 seconds
255.188: [GC255.188: [ParNew: 244544K->27136K(244544K), 0.0696920 secs] 387925K->236629K(790016K), 0.0697410 secs] [Times: user=0.47 sys=0.00, real=0.07 secs] 
255.258: Total time for which application threads were stopped: 0.0699150 seconds, Stopping threads took: 0.0001020 seconds
255.357: Application time: 0.0993090 seconds
255.357: [GC255.357: [ParNew: 244544K->27136K(244544K), 0.0561160 secs] 454037K->272442K(790016K), 0.0561610 secs] [Times: user=0.39 sys=0.00, real=0.05 secs] 
255.413: Total time for which application threads were stopped: 0.0563330 seconds, Stopping threads took: 0.0001010 seconds
255.413: Application time: 0.0000440 seconds
255.413: [GC [1 CMS-initial-mark: 245306K(545472K)] 273916K(790016K), 0.0214150 secs] [Times: user=0.02 sys=0.00, real=0.02 secs] 
255.435: Total time for which application threads were stopped: 0.0215170 seconds, Stopping threads took: 0.0000530 seconds
255.435: [CMS-concurrent-mark-start]
255.553: [CMS-concurrent-mark: 0.118/0.118 secs] [Times: user=0.95 sys=0.00, real=0.12 secs] 
255.553: [CMS-concurrent-preclean-start]
255.562: Application time: 0.1274090 seconds
255.562: [GC255.562: [ParNew: 244544K->27136K(244544K), 0.0608220 secs] 489850K->305256K(790016K), 0.0608730 secs] [Times: user=0.43 sys=0.00, real=0.06 secs] 
255.623: Total time for which application threads were stopped: 0.0610590 seconds, Stopping threads took: 0.0001130 seconds
255.624: [CMS-concurrent-preclean: 0.010/0.071 secs] [Times: user=0.50 sys=0.00, real=0.07 secs] 
255.624: [CMS-concurrent-abortable-preclean-start]
255.744: Application time: 0.1206750 seconds
255.744: [GC255.744: [ParNew: 244544K->27136K(244544K), 0.0449190 secs] 522664K->330458K(790016K), 0.0449700 secs] [Times: user=0.32 sys=0.00, real=0.05 secs] 
255.789: Total time for which application threads were stopped: 0.0451300 seconds, Stopping threads took: 0.0000780 seconds
255.877: Application time: 0.0880440 seconds
255.877: [GC255.877: [ParNew: 244544K->27136K(244544K), 0.0768080 secs] 547866K->385322K(790016K), 0.0768540 secs] [Times: user=0.53 sys=0.00, real=0.07 secs] 
255.954: Total time for which application threads were stopped: 0.0770410 seconds, Stopping threads took: 0.0001170 seconds
256.056: Application time: 0.1018830 seconds
256.056: [GC256.056: [ParNew: 244544K->27136K(244544K), 0.0637790 secs] 602730K->426871K(790016K), 0.0638280 secs] [Times: user=0.44 sys=0.00, real=0.07 secs] 
256.120: Total time for which application threads were stopped: 0.0639940 seconds, Stopping threads took: 0.0000920 seconds
256.122: [CMS-concurrent-abortable-preclean: 0.311/0.498 secs] [Times: user=3.78 sys=0.00, real=0.50 secs] 
256.122: Application time: 0.0022850 seconds
256.123: [GC[YG occupancy: 33275 K (244544 K)]256.123: [Rescan (parallel) , 0.0423560 secs]256.165: [weak refs processing, 0.0000090 secs]256.165: [scrub string table, 0.0001630 secs] [1 CMS-remark: 399735K(545472K)] 433010K(790016K), 0.0425710 secs] [Times: user=0.34 sys=0.00, real=0.05 secs] 
256.165: Total time for which application threads were stopped: 0.0427390 seconds, Stopping threads took: 0.0001290 seconds
256.181: [CMS-concurrent-sweep-start]
256.273: Application time: 0.1080360 seconds
256.273: [GC256.273: [ParNew: 244544K->27136K(244544K), 0.0687350 secs] 568973K->388257K(790016K), 0.0687850 secs] [Times: user=0.45 sys=0.00, real=0.07 secs] 
256.342: Total time for which application threads were stopped: 0.0689450 seconds, Stopping threads took: 0.0000730 seconds
256.475: Application time: 0.1331070 seconds
256.475: [GC256.475: [ParNew: 244544K->27136K(244544K), 0.0501030 secs] 557294K->366936K(790016K), 0.0501490 secs] [Times: user=0.34 sys=0.00, real=0.06 secs] 
256.525: Total time for which application threads were stopped: 0.0502780 seconds, Stopping threads took: 0.0000610 seconds
256.547: [CMS-concurrent-sweep: 0.248/0.367 secs] [Times: user=2.74 sys=0.00, real=0.37 secs] 
256.548: [CMS-concurrent-reset-start]
256.549: [CMS-concurrent-reset: 0.002/0.002 secs] [Times: user=0.03 sys=0.00, real=0.00 secs] 
256.624: Application time: 0.0986380 seconds
256.624: [GC256.624: [ParNew: 244544K->27136K(244544K), 0.0605430 secs] 584344K->402001K(790016K), 0.0605900 secs] [Times: user=0.42 sys=0.00, real=0.07 secs] 
256.685: Total time for which application threads were stopped: 0.0607550 seconds, Stopping threads took: 0.0000910 seconds
256.685: Application time: 0.0000950 seconds
256.685: [GC [1 CMS-initial-mark: 374865K(545472K)] 405513K(790016K), 0.0208710 secs] [Times: user=0.02 sys=0.00, real=0.02 secs] 
256.706: Total time for which application threads were stopped: 0.0210560 seconds, Stopping threads took: 0.0001360 seconds
256.706: [CMS-concurrent-mark-start]
256.798: Application time: 0.0924630 seconds
256.799: [GC256.799: [ParNew: 244544K->27136K(244544K), 0.0725470 secs] 619409K->454021K(790016K), 0.0725980 secs] [Times: user=0.50 sys=0.00, real=0.07 secs] 
256.871: Total time for which application threads were stopped: 0.0727630 seconds, Stopping threads took: 0.0000800 seconds
256.952: [CMS-concurrent-mark: 0.174/0.246 secs] [Times: user=1.88 sys=0.01, real=0.24 secs] 
256.952: [CMS-concurrent-preclean-start]
256.982: Application time: 0.1110780 seconds
256.982: [GC256.982: [ParNew: 244544K->27136K(244544K), 0.0663500 secs] 671429K->497136K(790016K), 0.0663970 secs] [Times: user=0.46 sys=0.00, real=0.07 secs] 
257.049: Total time for which application threads were stopped: 0.0665450 seconds, Stopping threads took: 0.0000760 seconds
257.184: Application time: 0.1349930 seconds
257.184: [GC257.184: [ParNew: 244544K->27136K(244544K), 0.0555100 secs] 714544K->524313K(790016K), 0.0555590 secs] [Times: user=0.40 sys=0.01, real=0.06 secs] 
257.240: Total time for which application threads were stopped: 0.0557310 seconds, Stopping threads took: 0.0000980 seconds
257.352: Application time: 0.1122410 seconds
257.352: [GC257.352: [ParNew: 244433K->244433K(244544K), 0.0000140 secs]257.352: [CMS257.479: [CMS-concurrent-preclean: 0.401/0.527 secs] [Times: user=3.19 sys=0.01, real=0.53 secs] 
 (concurrent mode failure): 497177K->94168K(545472K), 0.3994840 secs] 741611K->94168K(790016K), [CMS Perm : 9146K->9146K(21248K)], 0.3995590 secs] [Times: user=0.40 sys=0.00, real=0.40 secs] 
257.752: Total time for which application threads were stopped: 0.3997390 seconds, Stopping threads took: 0.0000950 seconds
257.824: Application time: 0.0727250 seconds
257.825: [GC257.825: [ParNew: 217408K->27136K(244544K), 0.0594950 secs] 311576K->173936K(790016K), 0.0595460 secs] [Times: user=0.41 sys=0.01, real=0.05 secs] 
257.884: Total time for which application threads were stopped: 0.0597490 seconds, Stopping threads took: 0.0001260 seconds
257.980: Application time: 0.0956250 seconds
257.980: [GC257.980: [ParNew: 244544K->27136K(244544K), 0.0610980 secs] 391344K->213612K(790016K), 0.0611590 secs] [Times: user=0.42 sys=0.00, real=0.06 secs] 
258.041: Total time for which application threads were stopped: 0.0613610 seconds, Stopping threads took: 0.0001190 seconds
258.148: Application time: 0.1065560 seconds
258.149: [GC258.149: [ParNew: 244544K->27136K(244544K), 0.0510230 secs] 431020K->242345K(790016K), 0.0510740 secs] [Times: user=0.36 sys=0.00, real=0.05 secs] 
258.200: Total time for which application threads were stopped: 0.0520460 seconds, Stopping threads took: 0.0008980 seconds
258.313: Application time: 0.1135780 seconds
258.313: [GC258.313: [ParNew: 244544K->27136K(244544K), 0.0443070 secs] 459753K->265120K(790016K), 0.0443560 secs] [Times: user=0.31 sys=0.01, real=0.05 secs] 
258.358: Total time for which application threads were stopped: 0.0445390 seconds, Stopping threads took: 0.0001110 seconds
258.427: Application time: 0.0693560 seconds
258.427: [GC258.427: [ParNew: 244544K->27136K(244544K), 0.0755410 secs] 482528K->329045K(790016K), 0.0755920 secs] [Times: user=0.51 sys=0.00, real=0.07 secs] 
258.503: Total time for which application threads were stopped: 0.0757730 seconds, Stopping threads took: 0.0001080 seconds
258.503: Application time: 0.0001450 seconds
258.503: [GC [1 CMS-initial-mark: 301909K(545472K)] 332556K(790016K), 0.0198310 secs] [Times: user=0.02 sys=0.00, real=0.02 secs] 
258.523: Total time for which application threads were stopped: 0.0199840 seconds, Stopping threads took: 0.0000900 seconds
258.523: [CMS-concurrent-mark-start]
258.638: Application time: 0.1149290 seconds
258.638: [GC258.638: [ParNew: 244544K->27136K(244544K), 0.0720650 secs] 546453K->378849K(790016K), 0.0721140 secs] [Times: user=0.50 sys=0.00, real=0.07 secs] 
258.710: Total time for which application threads were stopped: 0.0722880 seconds, Stopping threads took: 0.0001020 seconds
258.828: [CMS-concurrent-mark: 0.231/0.305 secs] [Times: user=2.36 sys=0.00, real=0.31 secs] 
258.829: [CMS-concurrent-preclean-start]
258.846: Application time: 0.1354730 seconds
258.846: [GC258.846: [ParNew: 244544K->27136K(244544K), 0.0533540 secs] 596257K->405531K(790016K), 0.0534020 secs] [Times: user=0.39 sys=0.00, real=0.05 secs] 
258.899: Total time for which application threads were stopped: 0.0535580 seconds, Stopping threads took: 0.0000830 seconds
259.011: Application time: 0.1120800 seconds
259.012: [GC259.012: [ParNew: 244544K->27136K(244544K), 0.0514280 secs] 622939K->432796K(790016K), 0.0514780 secs] [Times: user=0.37 sys=0.00, real=0.05 secs] 
259.063: Total time for which application threads were stopped: 0.0516420 seconds, Stopping threads took: 0.0000800 seconds
259.152: Application time: 0.0885570 seconds
259.152: [GC259.152: [ParNew: 244544K->27136K(244544K), 0.0716460 secs] 650204K->483578K(790016K), 0.0716970 secs] [Times: user=0.49 sys=0.00, real=0.07 secs] 
259.223: Total time for which application threads were stopped: 0.0718650 seconds, Stopping threads took: 0.0000960 seconds
259.320: Application time: 0.0964600 seconds
259.320: [GC259.320: [ParNew: 244544K->27136K(244544K), 0.0682420 secs] 700986K->530516K(790016K), 0.0682900 secs] [Times: user=0.47 sys=0.00, real=0.07 secs] 
259.388: Total time for which application threads were stopped: 0.0684620 seconds, Stopping threads took: 0.0000980 seconds
259.504: Application time: 0.1161090 seconds
259.505: [GC259.505: [ParNew: 244544K->244544K(244544K), 0.0000150 secs]259.505: [CMS259.698: [CMS-concurrent-preclean: 0.621/0.869 secs] [Times: user=5.32 sys=0.02, real=0.87 secs] 
 (concurrent mode failure): 503380K->143871K(545472K), 0.5939380 secs] 747924K->143871K(790016K), [CMS Perm : 9148K->9148K(21248K)], 0.5940120 secs] [Times: user=0.59 sys=0.00, real=0.59 secs] 
260.099: Total time for which application threads were stopped: 0.5942150 seconds, Stopping threads took: 0.0001270 seconds
260.204: Application time: 0.1056670 seconds
260.205: [GC260.205: [ParNew: 217408K->27136K(244544K), 0.0210210 secs] 361279K->172412K(790016K), 0.0210790 secs] [Times: user=0.17 sys=0.00, real=0.02 secs] 
260.226: Total time for which application threads were stopped: 0.0213850 seconds, Stopping threads took: 0.0002110 seconds
260.318: Application time: 0.0925480 seconds
260.319: [GC260.319: [ParNew: 244544K->27136K(244544K), 0.0667660 secs] 389820K->225802K(790016K), 0.0668160 secs] [Times: user=0.46 sys=0.00, real=0.07 secs] 
260.385: Total time for which application threads were stopped: 0.0670980 seconds, Stopping threads took: 0.0001980 seconds
260.461: Application time: 0.0754140 seconds
260.461: [GC260.461: [ParNew: 244544K->27136K(244544K), 0.0662390 secs] 443210K->278678K(790016K), 0.0662870 secs] [Times: user=0.44 sys=0.00, real=0.07 secs] 
260.527: Total time for which application threads were stopped: 0.0664600 seconds, Stopping threads took: 0.0001050 seconds
260.552: Application time: 0.0251660 seconds
260.553: [GC [1 CMS-initial-mark: 251542K(545472K)] 352151K(790016K), 0.0519420 secs] [Times: user=0.06 sys=0.00, real=0.06 secs] 
260.605: Total time for which application threads were stopped: 0.0521120 seconds, Stopping threads took: 0.0001150 seconds
260.605: [CMS-concurrent-mark-start]
260.690: Application time: 0.0856180 seconds
260.690: [GC260.690: [ParNew: 244544K->27136K(244544K), 0.0615240 secs] 496086K->317159K(790016K), 0.0615730 secs] [Times: user=0.43 sys=0.00, real=0.06 secs] 
260.752: Total time for which application threads were stopped: 0.0617090 seconds, Stopping threads took: 0.0000630 seconds
260.879: [CMS-concurrent-mark: 0.213/0.275 secs] [Times: user=2.11 sys=0.00, real=0.27 secs] 
260.879: [CMS-concurrent-preclean-start]
260.882: Application time: 0.1305540 seconds
260.883: [GC260.883: [ParNew: 244544K->27135K(244544K), 0.0521490 secs] 534567K->344884K(790016K), 0.0522010 secs] [Times: user=0.37 sys=0.00, real=0.05 secs] 
260.935: Total time for which application threads were stopped: 0.0524090 seconds, Stopping threads took: 0.0001210 seconds
261.043: Application time: 0.1077840 seconds
261.043: [GC261.043: [ParNew: 244543K->27136K(244544K), 0.0600310 secs] 562292K->383130K(790016K), 0.0600820 secs] [Times: user=0.42 sys=0.00, real=0.06 secs] 
261.103: Total time for which application threads were stopped: 0.0602500 seconds, Stopping threads took: 0.0000970 seconds
261.201: Application time: 0.0977680 seconds
261.201: [GC261.201: [ParNew: 244544K->27136K(244544K), 0.0647480 secs] 600538K->425677K(790016K), 0.0648000 secs] [Times: user=0.45 sys=0.00, real=0.07 secs] 
261.266: Total time for which application threads were stopped: 0.0649860 seconds, Stopping threads took: 0.0001130 seconds
261.377: Application time: 0.1115610 seconds
261.377: [GC261.377: [ParNew: 244544K->27136K(244544K), 0.0620730 secs] 643085K->464175K(790016K), 0.0621230 secs] [Times: user=0.43 sys=0.00, real=0.06 secs] 
261.440: Total time for which application threads were stopped: 0.0623030 seconds, Stopping threads took: 0.0001070 seconds
261.546: Application time: 0.1065230 seconds
261.546: [GC261.546: [ParNew: 244544K->27136K(244544K), 0.0604860 secs] 681583K->501905K(790016K), 0.0605360 secs] [Times: user=0.43 sys=0.00, real=0.06 secs] 
261.607: Total time for which application threads were stopped: 0.0607200 seconds, Stopping threads took: 0.0001000 seconds
261.709: Application time: 0.1017130 seconds
261.709: [GC261.709: [ParNew: 244544K->27136K(244544K), 0.0631500 secs] 719313K->543526K(790016K), 0.0631980 secs] [Times: user=0.44 sys=0.00, real=0.06 secs] 
261.772: Total time for which application threads were stopped: 0.0633460 seconds, Stopping threads took: 0.0000760 seconds
261.889: Application time: 0.1168400 seconds
261.889: [GC261.889: [ParNew: 244544K->244544K(244544K), 0.0000120 secs]261.889: [CMS262.079: [CMS-concurrent-preclean: 0.831/1.199 secs] [Times: user=7.88 sys=0.01, real=1.20 secs] 
 (concurrent mode failure): 516390K->120928K(545472K), 0.5302210 secs] 760934K->120928K(790016K), [CMS Perm : 9148K->9148K(21248K)], 0.5302900 secs] [Times: user=0.53 sys=0.00, real=0.53 secs] 
262.419: Total time for which application threads were stopped: 0.5304550 seconds, Stopping threads took: 0.0000800 seconds
262.506: Application time: 0.0863700 seconds
262.506: [GC262.506: [ParNew: 217408K->27135K(244544K), 0.0450080 secs] 338336K->180762K(790016K), 0.0450580 secs] [Times: user=0.32 sys=0.00, real=0.04 secs] 
262.551: Total time for which application threads were stopped: 0.0453060 seconds, Stopping threads took: 0.0001390 seconds
262.652: Application time: 0.1010500 seconds
262.652: [GC262.652: [ParNew: 244543K->27136K(244544K), 0.0525300 secs] 398170K->213533K(790016K), 0.0525780 secs] [Times: user=0.37 sys=0.00, real=0.06 secs] 
262.705: Total time for which application threads were stopped: 0.0528490 seconds, Stopping threads took: 0.0001780 seconds
262.795: Application time: 0.0897610 seconds
262.795: [GC262.795: [ParNew: 244544K->27136K(244544K), 0.0662630 secs] 430941K->264348K(790016K), 0.0663100 secs] [Times: user=0.45 sys=0.00, real=0.07 secs] 
262.861: Total time for which application threads were stopped: 0.0664500 seconds, Stopping threads took: 0.0000670 seconds
262.861: Application time: 0.0000680 seconds
262.861: [GC [1 CMS-initial-mark: 237212K(545472K)] 266886K(790016K), 0.0223400 secs] [Times: user=0.02 sys=0.00, real=0.02 secs] 
262.884: Total time for which application threads were stopped: 0.0224780 seconds, Stopping threads took: 0.0000840 seconds
262.884: [CMS-concurrent-mark-start]
263.020: Application time: 0.1365010 seconds
263.020: [GC263.020: [ParNew: 244544K->27136K(244544K), 0.0525680 secs] 481756K->293587K(790016K), 0.0526260 secs] [Times: user=0.38 sys=0.00, real=0.05 secs] 
263.073: Total time for which application threads were stopped: 0.0527830 seconds, Stopping threads took: 0.0000710 seconds
263.079: [CMS-concurrent-mark: 0.142/0.195 secs] [Times: user=1.49 sys=0.00, real=0.20 secs] 
263.079: [CMS-concurrent-preclean-start]
263.157: Application time: 0.0841920 seconds
263.157: [GC263.157: [ParNew: 244544K->27136K(244544K), 0.0758210 secs] 510995K->349835K(790016K), 0.0758680 secs] [Times: user=0.52 sys=0.00, real=0.07 secs] 
263.233: Total time for which application threads were stopped: 0.0760360 seconds, Stopping threads took: 0.0000970 seconds
263.352: Application time: 0.1189770 seconds
263.352: [GC263.352: [ParNew: 244544K->27136K(244544K), 0.0577060 secs] 567243K->383349K(790016K), 0.0577510 secs] [Times: user=0.41 sys=0.00, real=0.06 secs] 
263.410: Total time for which application threads were stopped: 0.0578990 seconds, Stopping threads took: 0.0000760 seconds
263.531: Application time: 0.1210800 seconds
263.531: [GC263.531: [ParNew: 244544K->27136K(244544K), 0.0510510 secs] 600757K->410897K(790016K), 0.0511000 secs] [Times: user=0.37 sys=0.00, real=0.05 secs] 
263.582: Total time for which application threads were stopped: 0.0512550 seconds, Stopping threads took: 0.0000710 seconds
263.689: Application time: 0.1065770 seconds
263.689: [GC263.689: [ParNew: 244544K->27136K(244544K), 0.0524440 secs] 628305K->443281K(790016K), 0.0524910 secs] [Times: user=0.37 sys=0.00, real=0.05 secs] 
263.742: Total time for which application threads were stopped: 0.0526820 seconds, Stopping threads took: 0.0001210 seconds
263.834: Application time: 0.0922460 seconds
263.834: [GC263.834: [ParNew: 244544K->27136K(244544K), 0.0742570 secs] 660689K->497388K(790016K), 0.0743040 secs] [Times: user=0.50 sys=0.00, real=0.08 secs] 
263.908: Total time for which application threads were stopped: 0.0744490 seconds, Stopping threads took: 0.0000710 seconds
264.010: Application time: 0.1018130 seconds
264.010: [GC264.010: [ParNew: 244544K->27136K(244544K), 0.0668160 secs] 714796K->539719K(790016K), 0.0668640 secs] [Times: user=0.47 sys=0.00, real=0.07 secs] 
264.077: Total time for which application threads were stopped: 0.0670440 seconds, Stopping threads took: 0.0001060 seconds
264.209: Application time: 0.1315860 seconds
264.209: [GC264.209: [ParNew: 244544K->244544K(244544K), 0.0000150 secs]264.209: [CMS264.390: [CMS-concurrent-preclean: 0.926/1.311 secs] [Times: user=8.80 sys=0.02, real=1.31 secs] 
 (concurrent mode failure): 512583K->119393K(545472K), 0.5281600 secs] 757127K->119393K(790016K), [CMS Perm : 9148K->9148K(21248K)], 0.5282350 secs] [Times: user=0.53 sys=0.00, real=0.53 secs] 
264.737: Total time for which application threads were stopped: 0.5284250 seconds, Stopping threads took: 0.0001050 seconds
264.832: Application time: 0.0946100 seconds
264.832: [GC264.832: [ParNew: 217408K->27136K(244544K), 0.0347850 secs] 336801K->166848K(790016K), 0.0348360 secs] [Times: user=0.26 sys=0.00, real=0.04 secs] 
264.867: Total time for which application threads were stopped: 0.0350960 seconds, Stopping threads took: 0.0001730 seconds
264.949: Application time: 0.0824070 seconds
264.953: [GC264.953: [ParNew: 244544K->27136K(244544K), 0.0672880 secs] 384256K->225629K(790016K), 0.0673380 secs] [Times: user=0.45 sys=0.00, real=0.07 secs] 
265.020: Total time for which application threads were stopped: 0.0707120 seconds, Stopping threads took: 0.0033020 seconds
265.104: Application time: 0.0841980 seconds
265.104: [GC265.104: [ParNew: 244544K->27134K(244544K), 0.0714640 secs] 443037K->277747K(790016K), 0.0715120 secs] [Times: user=0.49 sys=0.00, real=0.07 secs] 
265.176: Total time for which application threads were stopped: 0.0716540 seconds, Stopping threads took: 0.0000690 seconds
265.176: Application time: 0.0000490 seconds
265.176: [GC [1 CMS-initial-mark: 250612K(545472K)] 279285K(790016K), 0.0215500 secs] [Times: user=0.02 sys=0.00, real=0.03 secs] 
265.198: Total time for which application threads were stopped: 0.0216680 seconds, Stopping threads took: 0.0000720 seconds
265.198: [CMS-concurrent-mark-start]
265.336: [CMS-concurrent-mark: 0.139/0.139 secs] [Times: user=1.10 sys=0.01, real=0.14 secs] 
265.337: [CMS-concurrent-preclean-start]
265.344: Application time: 0.1468870 seconds
265.345: [GC265.345: [ParNew: 244497K->27134K(244544K), 0.0503990 secs] 495110K->304527K(790016K), 0.0504480 secs] [Times: user=0.36 sys=0.00, real=0.04 secs] 
265.395: Total time for which application threads were stopped: 0.0506260 seconds, Stopping threads took: 0.0000920 seconds
265.396: [CMS-concurrent-preclean: 0.009/0.060 secs] [Times: user=0.42 sys=0.00, real=0.05 secs] 
265.396: [CMS-concurrent-abortable-preclean-start]
265.506: Application time: 0.1107960 seconds
265.506: [GC265.506: [ParNew: 244542K->27136K(244544K), 0.0516350 secs] 521935K->332978K(790016K), 0.0516830 secs] [Times: user=0.37 sys=0.00, real=0.05 secs] 
265.558: Total time for which application threads were stopped: 0.0518720 seconds, Stopping threads took: 0.0001190 seconds
265.667: Application time: 0.1094700 seconds
265.667: [GC265.667: [ParNew: 244544K->27136K(244544K), 0.0545390 secs] 550386K->366973K(790016K), 0.0545870 secs] [Times: user=0.39 sys=0.00, real=0.05 secs] 
265.722: Total time for which application threads were stopped: 0.0547200 seconds, Stopping threads took: 0.0000620 seconds
265.805: Application time: 0.0831000 seconds
265.805: [GC265.805: [ParNew: 244544K->27136K(244544K), 0.0792750 secs] 584381K->427481K(790016K), 0.0793230 secs] [Times: user=0.54 sys=0.00, real=0.07 secs] 
265.884: Total time for which application threads were stopped: 0.0794740 seconds, Stopping threads took: 0.0000680 seconds
265.997: Application time: 0.1124740 seconds
265.997: [GC265.997: [ParNew: 244544K->27136K(244544K), 0.0571300 secs] 644889K->460105K(790016K), 0.0571790 secs] [Times: user=0.40 sys=0.00, real=0.05 secs] 
266.054: Total time for which application threads were stopped: 0.0573230 seconds, Stopping threads took: 0.0000620 seconds
266.055: [CMS-concurrent-abortable-preclean: 0.413/0.659 secs] [Times: user=5.00 sys=0.01, real=0.66 secs] 
266.055: Application time: 0.0006900 seconds
266.055: [GC[YG occupancy: 29127 K (244544 K)]266.055: [Rescan (parallel) , 0.0477590 secs]266.103: [weak refs processing, 0.0000100 secs]266.103: [scrub string table, 0.0001620 secs] [1 CMS-remark: 432969K(545472K)] 462096K(790016K), 0.0479710 secs] [Times: user=0.38 sys=0.00, real=0.05 secs] 
266.103: Total time for which application threads were stopped: 0.0480630 seconds, Stopping threads took: 0.0000470 seconds
266.103: [CMS-concurrent-sweep-start]
266.226: Application time: 0.1231400 seconds
266.226: [GC266.226: [ParNew: 244544K->27136K(244544K), 0.0497920 secs] 583236K->391439K(790016K), 0.0498600 secs] [Times: user=0.34 sys=0.00, real=0.04 secs] 
266.276: Total time for which application threads were stopped: 0.0500030 seconds, Stopping threads took: 0.0000690 seconds
266.384: Application time: 0.1077020 seconds
266.384: [GC266.384: [ParNew: 244544K->27136K(244544K), 0.0634570 secs] 593145K->417071K(790016K), 0.0635080 secs] [Times: user=0.42 sys=0.00, real=0.07 secs] 
266.448: Total time for which application threads were stopped: 0.0636650 seconds, Stopping threads took: 0.0000870 seconds
266.479: [CMS-concurrent-sweep: 0.263/0.376 secs] [Times: user=2.83 sys=0.01, real=0.38 secs] 
266.479: [CMS-concurrent-reset-start]
266.481: [CMS-concurrent-reset: 0.002/0.002 secs] [Times: user=0.03 sys=0.00, real=0.00 secs] 
266.535: Application time: 0.0876510 seconds
266.537: [GC266.537: [ParNew: 244544K->27136K(244544K), 0.0674410 secs] 634479K->468329K(790016K), 0.0674930 secs] [Times: user=0.46 sys=0.00, real=0.06 secs] 
266.604: Total time for which application threads were stopped: 0.0688450 seconds, Stopping threads took: 0.0012680 seconds
266.604: Application time: 0.0000500 seconds
266.604: [GC [1 CMS-initial-mark: 441193K(545472K)] 469776K(790016K), 0.0205610 secs] [Times: user=0.02 sys=0.00, real=0.03 secs] 
266.625: Total time for which application threads were stopped: 0.0206640 seconds, Stopping threads took: 0.0000550 seconds
266.625: [CMS-concurrent-mark-start]
266.753: Application time: 0.1286800 seconds
266.754: [GC266.754: [ParNew: 244544K->27136K(244544K), 0.0623540 secs] 685737K->504673K(790016K), 0.0624030 secs] [Times: user=0.44 sys=0.00, real=0.06 secs] 
266.816: Total time for which application threads were stopped: 0.0625430 seconds, Stopping threads took: 0.0000680 seconds
266.908: [CMS-concurrent-mark: 0.221/0.284 secs] [Times: user=2.21 sys=0.00, real=0.28 secs] 
266.909: [CMS-concurrent-preclean-start]
266.940: Application time: 0.1240200 seconds
266.940: [GC266.940: [ParNew: 244544K->27136K(244544K), 0.0547160 secs] 722081K->533738K(790016K), 0.0547670 secs] [Times: user=0.39 sys=0.00, real=0.05 secs] 
266.995: Total time for which application threads were stopped: 0.0549380 seconds, Stopping threads took: 0.0000960 seconds
267.100: Application time: 0.1055490 seconds
267.101: [GC267.101: [ParNew: 244544K->244544K(244544K), 0.0000160 secs]267.101: [CMS267.217: [CMS-concurrent-preclean: 0.251/0.309 secs] [Times: user=1.59 sys=0.01, real=0.31 secs] 
 (concurrent mode failure): 506602K->133076K(545472K), 0.4785600 secs] 751146K->133076K(790016K), [CMS Perm : 9148K->9148K(21248K)], 0.4786370 secs] [Times: user=0.48 sys=0.00, real=0.48 secs] 
267.579: Total time for which application threads were stopped: 0.4788280 seconds, Stopping threads took: 0.0000980 seconds
267.674: Application time: 0.0949430 seconds
267.674: [GC267.674: [ParNew: 217408K->27136K(244544K), 0.0359950 secs] 350484K->181377K(790016K), 0.0360440 secs] [Times: user=0.26 sys=0.00, real=0.04 secs] 
267.711: Total time for which application threads were stopped: 0.0362520 seconds, Stopping threads took: 0.0001220 seconds
267.792: Application time: 0.0811330 seconds
267.792: [GC267.792: [ParNew: 244544K->27136K(244544K), 0.0722330 secs] 398785K->244195K(790016K), 0.0722820 secs] [Times: user=0.50 sys=0.00, real=0.07 secs] 
267.864: Total time for which application threads were stopped: 0.0725060 seconds, Stopping threads took: 0.0001450 seconds
267.888: Application time: 0.0243010 seconds
267.893: [GC [1 CMS-initial-mark: 217059K(545472K)] 296215K(790016K), 0.0581380 secs] [Times: user=0.06 sys=0.00, real=0.06 secs] 
267.951: Total time for which application threads were stopped: 0.0622120 seconds, Stopping threads took: 0.0040200 seconds
267.951: [CMS-concurrent-mark-start]
268.050: Application time: 0.0989010 seconds
268.050: [GC268.050: [ParNew: 244544K->27136K(244544K), 0.0536120 secs] 461603K->274494K(790016K), 0.0536690 secs] [Times: user=0.38 sys=0.00, real=0.05 secs] 
268.103: Total time for which application threads were stopped: 0.0539070 seconds, Stopping threads took: 0.0001640 seconds
268.210: [CMS-concurrent-mark: 0.206/0.260 secs] [Times: user=2.01 sys=0.00, real=0.26 secs] 
268.211: [CMS-concurrent-preclean-start]
268.218: Application time: 0.1144210 seconds
268.218: [GC268.218: [ParNew: 244544K->27136K(244544K), 0.0578730 secs] 491902K->310662K(790016K), 0.0579230 secs] [Times: user=0.41 sys=0.00, real=0.05 secs] 
268.276: Total time for which application threads were stopped: 0.0580720 seconds, Stopping threads took: 0.0000620 seconds
268.390: Application time: 0.1136880 seconds
268.390: [GC268.390: [ParNew: 244544K->27134K(244544K), 0.0562050 secs] 528070K->343635K(790016K), 0.0562520 secs] [Times: user=0.39 sys=0.00, real=0.06 secs] 
268.446: Total time for which application threads were stopped: 0.0564010 seconds, Stopping threads took: 0.0000760 seconds
268.545: Application time: 0.0986960 seconds
268.545: [GC268.545: [ParNew: 244542K->27135K(244544K), 0.0614650 secs] 561043K->384068K(790016K), 0.0615120 secs] [Times: user=0.43 sys=0.00, real=0.06 secs] 
268.606: Total time for which application threads were stopped: 0.0616500 seconds, Stopping threads took: 0.0000650 seconds
268.717: Application time: 0.1102650 seconds
268.717: [GC268.717: [ParNew: 244543K->27134K(244544K), 0.0598260 secs] 601476K->421233K(790016K), 0.0598750 secs] [Times: user=0.42 sys=0.00, real=0.06 secs] 
268.777: Total time for which application threads were stopped: 0.0600120 seconds, Stopping threads took: 0.0000630 seconds
268.883: Application time: 0.1061240 seconds
268.883: [GC268.883: [ParNew: 244542K->27134K(244544K), 0.0622260 secs] 638641K->460129K(790016K), 0.0622750 secs] [Times: user=0.43 sys=0.00, real=0.07 secs] 
268.945: Total time for which application threads were stopped: 0.0624670 seconds, Stopping threads took: 0.0001070 seconds
269.050: Application time: 0.1042900 seconds
269.050: [GC269.050: [ParNew: 244542K->27136K(244544K), 0.0587100 secs] 677537K->497864K(790016K), 0.0587650 secs] [Times: user=0.41 sys=0.00, real=0.06 secs] 
269.109: Total time for which application threads were stopped: 0.0589090 seconds, Stopping threads took: 0.0000740 seconds
269.217: Application time: 0.1080540 seconds
269.217: [GC269.217: [ParNew: 244544K->27136K(244544K), 0.0542050 secs] 715272K->530916K(790016K), 0.0542570 secs] [Times: user=0.37 sys=0.00, real=0.05 secs] 
269.271: Total time for which application threads were stopped: 0.0544180 seconds, Stopping threads took: 0.0000880 seconds
269.372: Application time: 0.1008560 seconds
269.372: [GC269.372: [ParNew (promotion failed): 244544K->244544K(244544K), 6.4504940 secs]275.823: [CMS276.040: [CMS-concurrent-preclean: 0.963/7.829 secs] [Times: user=18.67 sys=1.12, real=7.83 secs] 
 (concurrent mode failure): 542958K->143301K(545472K), 0.6223650 secs] 748324K->143301K(790016K), [CMS Perm : 9148K->9148K(21248K)], 7.0729330 secs] [Times: user=10.23 sys=1.10, real=7.08 secs] 
276.445: Total time for which application threads were stopped: 7.0730960 seconds, Stopping threads took: 0.0000870 seconds
276.543: Application time: 0.0977930 seconds
276.543: [GC276.543: [ParNew: 217331K->27136K(244544K), 0.0317120 secs] 360633K->186037K(790016K), 0.0317640 secs] [Times: user=0.24 sys=0.00, real=0.03 secs] 
276.575: Total time for which application threads were stopped: 0.0319640 seconds, Stopping threads took: 0.0001160 seconds
276.667: Application time: 0.0922410 seconds
276.667: [GC276.667: [ParNew: 244544K->27135K(244544K), 0.0560450 secs] 403445K->229665K(790016K), 0.0560960 secs] [Times: user=0.39 sys=0.00, real=0.05 secs] 
276.723: Total time for which application threads were stopped: 0.0562970 seconds, Stopping threads took: 0.0001270 seconds
276.835: Application time: 0.1117630 seconds
276.835: [GC276.835: [ParNew: 244543K->27135K(244544K), 0.0477140 secs] 447073K->255591K(790016K), 0.0477670 secs] [Times: user=0.34 sys=0.00, real=0.05 secs] 
276.883: Total time for which application threads were stopped: 0.0479570 seconds, Stopping threads took: 0.0001060 seconds
276.967: Application time: 0.0843630 seconds
276.967: [GC276.968: [ParNew: 244543K->27136K(244544K), 0.0685940 secs] 472999K->309250K(790016K), 0.0686450 secs] [Times: user=0.47 sys=0.00, real=0.06 secs] 
277.036: Total time for which application threads were stopped: 0.0688180 seconds, Stopping threads took: 0.0001000 seconds
277.137: Application time: 0.1004820 seconds
277.137: [GC277.137: [ParNew: 244544K->27136K(244544K), 0.0525550 secs] 526658K->343101K(790016K), 0.0526050 secs] [Times: user=0.37 sys=0.00, real=0.05 secs] 
277.189: Total time for which application threads were stopped: 0.0527520 seconds, Stopping threads took: 0.0000640 seconds
277.189: Application time: 0.0000600 seconds
277.190: [GC [1 CMS-initial-mark: 315965K(545472K)] 345116K(790016K), 0.0210060 secs] [Times: user=0.02 sys=0.00, real=0.02 secs] 
277.211: Total time for which application threads were stopped: 0.0211420 seconds, Stopping threads took: 0.0000870 seconds
277.211: [CMS-concurrent-mark-start]
277.328: Application time: 0.1178930 seconds
277.329: [GC277.329: [ParNew: 244544K->27136K(244544K), 0.0592440 secs] 560509K->380314K(790016K), 0.0592970 secs] [Times: user=0.41 sys=0.00, real=0.06 secs] 
277.388: Total time for which application threads were stopped: 0.0594800 seconds, Stopping threads took: 0.0001080 seconds
277.446: [CMS-concurrent-mark: 0.176/0.235 secs] [Times: user=1.80 sys=0.01, real=0.24 secs] 
277.446: [CMS-concurrent-preclean-start]
277.500: Application time: 0.1121340 seconds
277.500: [GC277.500: [ParNew: 244544K->27136K(244544K), 0.0659450 secs] 597722K->422868K(790016K), 0.0659940 secs] [Times: user=0.45 sys=0.00, real=0.07 secs] 
277.566: Total time for which application threads were stopped: 0.0661560 seconds, Stopping threads took: 0.0000960 seconds
277.672: Application time: 0.1054050 seconds
277.672: [GC277.672: [ParNew: 244544K->27136K(244544K), 0.0642740 secs] 640276K->462995K(790016K), 0.0643250 secs] [Times: user=0.45 sys=0.00, real=0.06 secs] 
277.736: Total time for which application threads were stopped: 0.0645090 seconds, Stopping threads took: 0.0000990 seconds
277.849: Application time: 0.1126560 seconds
277.849: [GC277.849: [ParNew: 244540K->27136K(244544K), 0.0598710 secs] 680400K->499666K(790016K), 0.0599200 secs] [Times: user=0.42 sys=0.00, real=0.06 secs] 
277.909: Total time for which application threads were stopped: 0.0600800 seconds, Stopping threads took: 0.0000870 seconds
278.014: Application time: 0.1050330 seconds
278.014: [GC278.014: [ParNew: 244544K->27136K(244544K), 0.0660430 secs] 717074K->543405K(790016K), 0.0660920 secs] [Times: user=0.46 sys=0.00, real=0.07 secs] 
278.080: Total time for which application threads were stopped: 0.0662550 seconds, Stopping threads took: 0.0000870 seconds
278.194: Application time: 0.1142080 seconds
278.195: [GC278.195: [ParNew: 244544K->244544K(244544K), 0.0000120 secs]278.195: [CMS278.359: [CMS-concurrent-preclean: 0.652/0.913 secs] [Times: user=5.88 sys=0.01, real=0.91 secs] 
 (concurrent mode failure): 516269K->135371K(545472K), 0.5376070 secs] 760813K->135371K(790016K), [CMS Perm : 9148K->9148K(21248K)], 0.5376780 secs] [Times: user=0.54 sys=0.00, real=0.54 secs] 
278.732: Total time for which application threads were stopped: 0.5378810 seconds, Stopping threads took: 0.0001140 seconds
278.835: Application time: 0.1025450 seconds
278.835: [GC278.835: [ParNew: 217408K->27136K(244544K), 0.0287560 secs] 352779K->173676K(790016K), 0.0288010 secs] [Times: user=0.22 sys=0.00, real=0.03 secs] 
278.864: Total time for which application threads were stopped: 0.0289960 seconds, Stopping threads took: 0.0001110 seconds
278.945: Application time: 0.0807810 seconds
278.945: [GC278.945: [ParNew: 244544K->27136K(244544K), 0.0713340 secs] 391084K->238202K(790016K), 0.0713850 secs] [Times: user=0.49 sys=0.00, real=0.06 secs] 
279.016: Total time for which application threads were stopped: 0.0716070 seconds, Stopping threads took: 0.0001480 seconds
279.110: Application time: 0.0941250 seconds
279.111: [GC279.111: [ParNew: 244544K->27136K(244544K), 0.0568470 secs] 455610K->275885K(790016K), 0.0569080 secs] [Times: user=0.40 sys=0.00, real=0.06 secs] 
279.167: Total time for which application threads were stopped: 0.0570710 seconds, Stopping threads took: 0.0000880 seconds
279.168: Application time: 0.0000890 seconds
279.168: [GC [1 CMS-initial-mark: 248749K(545472K)] 279425K(790016K), 0.0213850 secs] [Times: user=0.02 sys=0.00, real=0.02 secs] 
279.189: Total time for which application threads were stopped: 0.0215260 seconds, Stopping threads took: 0.0000870 seconds
279.189: [CMS-concurrent-mark-start]
279.310: Application time: 0.1209760 seconds
279.310: [GC279.310: [ParNew: 244544K->27136K(244544K), 0.0602610 secs] 493293K->312679K(790016K), 0.0603130 secs] [Times: user=0.42 sys=0.00, real=0.06 secs] 
279.371: Total time for which application threads were stopped: 0.0604900 seconds, Stopping threads took: 0.0001030 seconds
279.461: [CMS-concurrent-mark: 0.211/0.272 secs] [Times: user=2.10 sys=0.01, real=0.27 secs] 
279.461: [CMS-concurrent-preclean-start]
279.498: Application time: 0.1276080 seconds
279.498: [GC279.498: [ParNew: 244544K->27136K(244544K), 0.0557700 secs] 530087K->340382K(790016K), 0.0558190 secs] [Times: user=0.40 sys=0.00, real=0.05 secs] 
279.554: Total time for which application threads were stopped: 0.0559920 seconds, Stopping threads took: 0.0000900 seconds
279.658: Application time: 0.1035890 seconds
279.658: [GC279.658: [ParNew: 244181K->27136K(244544K), 0.0618470 secs] 557428K->378411K(790016K), 0.0618970 secs] [Times: user=0.44 sys=0.00, real=0.06 secs] 
279.720: Total time for which application threads were stopped: 0.0620680 seconds, Stopping threads took: 0.0000970 seconds
279.822: Application time: 0.1023740 seconds
279.825: [GC279.825: [ParNew: 244544K->27136K(244544K), 0.0570250 secs] 595819K->416029K(790016K), 0.0570730 secs] [Times: user=0.40 sys=0.00, real=0.05 secs] 
279.882: Total time for which application threads were stopped: 0.0594210 seconds, Stopping threads took: 0.0022760 seconds
279.976: Application time: 0.0938890 seconds
279.976: [GC279.976: [ParNew: 244544K->27136K(244544K), 0.0750660 secs] 633437K->469607K(790016K), 0.0751240 secs] [Times: user=0.51 sys=0.00, real=0.08 secs] 
280.051: Total time for which application threads were stopped: 0.0753110 seconds, Stopping threads took: 0.0001020 seconds
280.175: Application time: 0.1243700 seconds
280.175: [GC280.175: [ParNew: 244544K->27132K(244544K), 0.0485690 secs] 687015K->494344K(790016K), 0.0486170 secs] [Times: user=0.35 sys=0.00, real=0.05 secs] 
280.224: Total time for which application threads were stopped: 0.0488050 seconds, Stopping threads took: 0.0000990 seconds
280.326: Application time: 0.1023170 seconds
280.326: [GC280.326: [ParNew: 244540K->27136K(244544K), 0.0625830 secs] 711752K->534439K(790016K), 0.0626300 secs] [Times: user=0.44 sys=0.00, real=0.06 secs] 
280.389: Total time for which application threads were stopped: 0.0627960 seconds, Stopping threads took: 0.0000960 seconds
280.490: Application time: 0.1007800 seconds
280.490: [GC280.490: [ParNew: 244544K->244544K(244544K), 0.0000140 secs]280.490: [CMS280.679: [CMS-concurrent-preclean: 0.849/1.218 secs] [Times: user=8.03 sys=0.01, real=1.22 secs] 
 (concurrent mode failure): 507303K->131410K(545472K), 0.5416900 secs] 751847K->131410K(790016K), [CMS Perm : 9148K->9148K(21248K)], 0.5417650 secs] [Times: user=0.54 sys=0.00, real=0.54 secs] 
281.032: Total time for which application threads were stopped: 0.5419640 seconds, Stopping threads took: 0.0001220 seconds
281.128: Application time: 0.0965050 seconds
281.133: [GC281.133: [ParNew: 217408K->27136K(244544K), 0.0379020 secs] 348818K->180185K(790016K), 0.0379520 secs] [Times: user=0.27 sys=0.00, real=0.04 secs] 
281.171: Total time for which application threads were stopped: 0.0423200 seconds, Stopping threads took: 0.0042640 seconds
281.273: Application time: 0.1020150 seconds
281.273: [GC281.273: [ParNew: 244544K->27136K(244544K), 0.0581150 secs] 397593K->219067K(790016K), 0.0581730 secs] [Times: user=0.41 sys=0.00, real=0.06 secs] 
281.331: Total time for which application threads were stopped: 0.0583040 seconds, Stopping threads took: 0.0000580 seconds
281.418: Application time: 0.0871610 seconds
281.421: [GC281.421: [ParNew: 244544K->27136K(244544K), 0.0614980 secs] 436475K->263977K(790016K), 0.0615470 secs] [Times: user=0.42 sys=0.00, real=0.06 secs] 
281.482: Total time for which application threads were stopped: 0.0640560 seconds, Stopping threads took: 0.0024170 seconds
281.482: Application time: 0.0000740 seconds
281.482: [GC [1 CMS-initial-mark: 236841K(545472K)] 266783K(790016K), 0.0206290 secs] [Times: user=0.02 sys=0.00, real=0.02 secs] 
281.503: Total time for which application threads were stopped: 0.0208000 seconds, Stopping threads took: 0.0001200 seconds
281.503: [CMS-concurrent-mark-start]
281.618: Application time: 0.1144230 seconds
281.618: [GC281.618: [ParNew: 244544K->27136K(244544K), 0.0595940 secs] 481385K->302029K(790016K), 0.0596410 secs] [Times: user=0.41 sys=0.00, real=0.06 secs] 
281.677: Total time for which application threads were stopped: 0.0597870 seconds, Stopping threads took: 0.0000770 seconds
281.745: [CMS-concurrent-mark: 0.183/0.242 secs] [Times: user=1.87 sys=0.00, real=0.25 secs] 
281.746: [CMS-concurrent-preclean-start]
281.794: Application time: 0.1165650 seconds
281.794: [GC281.794: [ParNew: 244544K->27136K(244544K), 0.0635420 secs] 519437K->339097K(790016K), 0.0635890 secs] [Times: user=0.45 sys=0.00, real=0.07 secs] 
281.858: Total time for which application threads were stopped: 0.0637400 seconds, Stopping threads took: 0.0000690 seconds
281.964: Application time: 0.1064410 seconds
281.967: [GC281.967: [ParNew: 244544K->27136K(244544K), 0.0607760 secs] 556505K->377022K(790016K), 0.0608250 secs] [Times: user=0.42 sys=0.00, real=0.06 secs] 
282.028: Total time for which application threads were stopped: 0.0641640 seconds, Stopping threads took: 0.0032700 seconds
282.128: Application time: 0.0992940 seconds
282.128: [GC282.128: [ParNew: 244544K->27136K(244544K), 0.0624020 secs] 594430K->418514K(790016K), 0.0624520 secs] [Times: user=0.43 sys=0.00, real=0.06 secs] 
282.190: Total time for which application threads were stopped: 0.0626440 seconds, Stopping threads took: 0.0001200 seconds
282.301: Application time: 0.1109660 seconds
282.301: [GC282.301: [ParNew: 244544K->27135K(244544K), 0.0560540 secs] 635922K->452490K(790016K), 0.0561030 secs] [Times: user=0.39 sys=0.00, real=0.06 secs] 
282.357: Total time for which application threads were stopped: 0.0563040 seconds, Stopping threads took: 0.0001170 seconds
282.459: Application time: 0.1017410 seconds
282.459: [GC282.459: [ParNew: 244543K->27136K(244544K), 0.0633340 secs] 669898K->493507K(790016K), 0.0633830 secs] [Times: user=0.45 sys=0.00, real=0.06 secs] 
282.523: Total time for which application threads were stopped: 0.0635900 seconds, Stopping threads took: 0.0001320 seconds
282.643: Application time: 0.1198480 seconds
282.643: [GC282.643: [ParNew: 244544K->27136K(244544K), 0.0582870 secs] 710915K->527129K(790016K), 0.0583320 secs] [Times: user=0.41 sys=0.00, real=0.06 secs] 
282.701: Total time for which application threads were stopped: 0.0585300 seconds, Stopping threads took: 0.0001280 seconds
282.801: Application time: 0.0994830 seconds
282.801: [GC282.801: [ParNew (promotion failed): 244544K->244544K(244544K), 1.1414290 secs]283.942: [CMS284.173: [CMS-concurrent-preclean: 0.913/2.428 secs] [Times: user=10.21 sys=0.24, real=2.42 secs] 
 (concurrent mode failure): 542123K->129720K(545472K), 0.5804680 secs] 744537K->129720K(790016K), [CMS Perm : 9148K->9148K(21248K)], 1.7219740 secs] [Times: user=2.53 sys=0.22, real=1.72 secs] 
284.523: Total time for which application threads were stopped: 1.7221450 seconds, Stopping threads took: 0.0000940 seconds
284.619: Application time: 0.0965840 seconds
284.620: [GC284.620: [ParNew: 217408K->27136K(244544K), 0.0371610 secs] 347128K->177836K(790016K), 0.0372100 secs] [Times: user=0.27 sys=0.00, real=0.04 secs] 
284.657: Total time for which application threads were stopped: 0.0374300 seconds, Stopping threads took: 0.0001250 seconds
284.754: Application time: 0.0966770 seconds
284.754: [GC284.754: [ParNew: 244544K->27136K(244544K), 0.0538650 secs] 395244K->215384K(790016K), 0.0539140 secs] [Times: user=0.37 sys=0.00, real=0.06 secs] 
284.808: Total time for which application threads were stopped: 0.0540670 seconds, Stopping threads took: 0.0000780 seconds
284.907: Application time: 0.0991170 seconds
284.907: [GC284.907: [ParNew: 244544K->27136K(244544K), 0.0536270 secs] 432792K->249322K(790016K), 0.0536750 secs] [Times: user=0.37 sys=0.00, real=0.05 secs] 
284.961: Total time for which application threads were stopped: 0.0538310 seconds, Stopping threads took: 0.0000870 seconds
285.048: Application time: 0.0872140 seconds
285.048: [GC285.048: [ParNew: 244544K->27136K(244544K), 0.0625170 secs] 466730K->296739K(790016K), 0.0625750 secs] [Times: user=0.43 sys=0.00, real=0.06 secs] 
285.112: Total time for which application threads were stopped: 0.0642440 seconds, Stopping threads took: 0.0001110 seconds
285.124: Application time: 0.0124990 seconds
285.125: [GC [1 CMS-initial-mark: 269603K(545472K)] 328670K(790016K), 0.0366100 secs] [Times: user=0.04 sys=0.00, real=0.03 secs] 
285.161: Total time for which application threads were stopped: 0.0368890 seconds, Stopping threads took: 0.0002160 seconds
285.161: [CMS-concurrent-mark-start]
285.259: Application time: 0.0980570 seconds
285.261: [GC285.261: [ParNew: 244544K->27136K(244544K), 0.0626190 secs] 514147K->336977K(790016K), 0.0626680 secs] [Times: user=0.44 sys=0.00, real=0.06 secs] 
285.323: Total time for which application threads were stopped: 0.0638330 seconds, Stopping threads took: 0.0010940 seconds
285.421: [CMS-concurrent-mark: 0.196/0.260 secs] [Times: user=1.99 sys=0.00, real=0.26 secs] 
285.421: [CMS-concurrent-preclean-start]
285.449: Application time: 0.1259700 seconds
285.449: [GC285.449: [ParNew: 244525K->27136K(244544K), 0.0540710 secs] 554366K->368688K(790016K), 0.0541200 secs] [Times: user=0.38 sys=0.00, real=0.05 secs] 
285.504: Total time for which application threads were stopped: 0.0542710 seconds, Stopping threads took: 0.0000790 seconds
285.597: Application time: 0.0936270 seconds
285.597: [GC285.597: [ParNew: 244544K->27136K(244544K), 0.0656920 secs] 586096K->415435K(790016K), 0.0657400 secs] [Times: user=0.45 sys=0.00, real=0.06 secs] 
285.663: Total time for which application threads were stopped: 0.0658980 seconds, Stopping threads took: 0.0000860 seconds
285.783: Application time: 0.1197020 seconds
285.783: [GC285.783: [ParNew: 244544K->27136K(244544K), 0.0562290 secs] 632843K->447953K(790016K), 0.0562770 secs] [Times: user=0.39 sys=0.00, real=0.06 secs] 
285.839: Total time for which application threads were stopped: 0.0564870 seconds, Stopping threads took: 0.0001240 seconds
285.946: Application time: 0.1068870 seconds
285.946: [GC285.946: [ParNew: 244544K->27136K(244544K), 0.0573140 secs] 665361K->482415K(790016K), 0.0573640 secs] [Times: user=0.40 sys=0.00, real=0.05 secs] 
286.004: Total time for which application threads were stopped: 0.0575150 seconds, Stopping threads took: 0.0000800 seconds
286.111: Application time: 0.1077070 seconds
286.111: [GC286.112: [ParNew: 244544K->27136K(244544K), 0.0569110 secs] 699823K->517658K(790016K), 0.0569680 secs] [Times: user=0.39 sys=0.00, real=0.06 secs] 
286.168: Total time for which application threads were stopped: 0.0571190 seconds, Stopping threads took: 0.0000770 seconds
286.264: Application time: 0.0954600 seconds
286.264: [GC286.264: [ParNew: 244544K->27136K(244544K), 0.0695430 secs] 735066K->562716K(790016K), 0.0695920 secs] [Times: user=0.48 sys=0.00, real=0.07 secs] 
286.334: Total time for which application threads were stopped: 0.0697850 seconds, Stopping threads took: 0.0001210 seconds
286.437: Application time: 0.1036630 seconds
286.441: [GC286.441: [ParNew: 244544K->244544K(244544K), 0.0000120 secs]286.441: [CMS286.635: [CMS-concurrent-preclean: 0.846/1.214 secs] [Times: user=7.95 sys=0.01, real=1.21 secs] 
 (concurrent mode failure): 535580K->146153K(545472K), 0.5833780 secs] 780124K->146153K(790016K), [CMS Perm : 9148K->9148K(21248K)], 0.5834510 secs] [Times: user=0.59 sys=0.00, real=0.58 secs] 
287.024: Total time for which application threads were stopped: 0.5866840 seconds, Stopping threads took: 0.0031270 seconds
287.130: Application time: 0.1057560 seconds
287.130: [GC287.130: [ParNew: 217408K->27136K(244544K), 0.0241690 secs] 363561K->178088K(790016K), 0.0242160 secs] [Times: user=0.18 sys=0.00, real=0.02 secs] 
287.154: Total time for which application threads were stopped: 0.0244510 seconds, Stopping threads took: 0.0001530 seconds
287.242: Application time: 0.0875360 seconds
287.242: [GC287.242: [ParNew: 244544K->27136K(244544K), 0.0627280 secs] 395496K->231336K(790016K), 0.0627750 secs] [Times: user=0.43 sys=0.00, real=0.07 secs] 
287.305: Total time for which application threads were stopped: 0.0629350 seconds, Stopping threads took: 0.0000860 seconds
287.401: Application time: 0.0965500 seconds
287.401: [GC287.401: [ParNew: 244544K->27136K(244544K), 0.0555840 secs] 448744K->267441K(790016K), 0.0556340 secs] [Times: user=0.39 sys=0.00, real=0.06 secs] 
287.457: Total time for which application threads were stopped: 0.0557830 seconds, Stopping threads took: 0.0000720 seconds
287.457: Application time: 0.0000760 seconds
287.457: [GC [1 CMS-initial-mark: 240305K(545472K)] 270525K(790016K), 0.0212390 secs] [Times: user=0.02 sys=0.00, real=0.02 secs] 
287.479: Total time for which application threads were stopped: 0.0213610 seconds, Stopping threads took: 0.0000700 seconds
287.479: [CMS-concurrent-mark-start]
287.592: Application time: 0.1131190 seconds
287.593: [GC287.593: [ParNew: 244509K->27136K(244544K), 0.0658570 secs] 484814K->311491K(790016K), 0.0659240 secs] [Times: user=0.45 sys=0.01, real=0.07 secs] 
287.659: Total time for which application threads were stopped: 0.0668290 seconds, Stopping threads took: 0.0008310 seconds
287.664: [CMS-concurrent-mark: 0.118/0.185 secs] [Times: user=1.38 sys=0.01, real=0.18 secs] 
287.664: [CMS-concurrent-preclean-start]
287.783: Application time: 0.1248990 seconds
287.784: [GC287.784: [ParNew: 244544K->27136K(244544K), 0.0472550 secs] 528899K->336911K(790016K), 0.0473070 secs] [Times: user=0.34 sys=0.00, real=0.05 secs] 
287.831: Total time for which application threads were stopped: 0.0475130 seconds, Stopping threads took: 0.0001160 seconds
287.924: Application time: 0.0931210 seconds
287.924: [GC287.924: [ParNew: 244484K->27136K(244544K), 0.0647520 secs] 554259K->379846K(790016K), 0.0648000 secs] [Times: user=0.44 sys=0.00, real=0.07 secs] 
287.989: Total time for which application threads were stopped: 0.0649460 seconds, Stopping threads took: 0.0000770 seconds
288.101: Application time: 0.1120400 seconds
288.101: [GC288.101: [ParNew: 244544K->27136K(244544K), 0.0526390 secs] 597254K->410796K(790016K), 0.0526860 secs] [Times: user=0.38 sys=0.00, real=0.05 secs] 
288.154: Total time for which application threads were stopped: 0.0528570 seconds, Stopping threads took: 0.0001000 seconds
288.238: Application time: 0.0841590 seconds
288.238: [GC288.238: [ParNew: 244544K->27136K(244544K), 0.0828400 secs] 628204K->473777K(790016K), 0.0828900 secs] [Times: user=0.57 sys=0.00, real=0.08 secs] 
288.321: Total time for which application threads were stopped: 0.0830520 seconds, Stopping threads took: 0.0000870 seconds
288.451: Application time: 0.1295140 seconds
288.451: [GC288.451: [ParNew: 244544K->27136K(244544K), 0.0472580 secs] 691185K->498220K(790016K), 0.0473060 secs] [Times: user=0.34 sys=0.00, real=0.05 secs] 
288.498: Total time for which application threads were stopped: 0.0474670 seconds, Stopping threads took: 0.0000760 seconds
288.613: Application time: 0.1145910 seconds
288.613: [GC288.613: [ParNew: 244544K->27136K(244544K), 0.0522160 secs] 715628K->526023K(790016K), 0.0522640 secs] [Times: user=0.38 sys=0.00, real=0.06 secs] 
288.665: Total time for which application threads were stopped: 0.0524080 seconds, Stopping threads took: 0.0000740 seconds
288.759: Application time: 0.0939460 seconds
288.759: [GC288.759: [ParNew: 244544K->244544K(244544K), 0.0000130 secs]288.759: [CMS288.871: [CMS-concurrent-preclean: 0.855/1.208 secs] [Times: user=8.51 sys=0.02, real=1.21 secs] 
 (concurrent mode failure): 498887K->129391K(545472K), 0.4537020 secs] 743431K->129391K(790016K), [CMS Perm : 9148K->9148K(21248K)], 0.4537830 secs] [Times: user=0.45 sys=0.00, real=0.45 secs] 
289.213: Total time for which application threads were stopped: 0.4539410 seconds, Stopping threads took: 0.0000830 seconds
289.303: Application time: 0.0896260 seconds
289.303: [GC289.303: [ParNew: 217408K->27136K(244544K), 0.0425460 secs] 346799K->185059K(790016K), 0.0425950 secs] [Times: user=0.30 sys=0.00, real=0.05 secs] 
289.345: Total time for which application threads were stopped: 0.0427660 seconds, Stopping threads took: 0.0000820 seconds
289.443: Application time: 0.0978730 seconds
289.443: [GC289.443: [ParNew: 244544K->27136K(244544K), 0.0646160 secs] 402467K->227785K(790016K), 0.0646660 secs] [Times: user=0.45 sys=0.00, real=0.07 secs] 
289.508: Total time for which application threads were stopped: 0.0648480 seconds, Stopping threads took: 0.0001080 seconds
289.617: Application time: 0.1088650 seconds
289.617: [GC289.617: [ParNew: 244544K->27136K(244544K), 0.0492030 secs] 445193K->254612K(790016K), 0.0492530 secs] [Times: user=0.36 sys=0.00, real=0.05 secs] 
289.666: Total time for which application threads were stopped: 0.0494420 seconds, Stopping threads took: 0.0001150 seconds
289.754: Application time: 0.0879550 seconds
289.755: [GC289.755: [ParNew: 244544K->27136K(244544K), 0.0573180 secs] 472020K->294356K(790016K), 0.0573670 secs] [Times: user=0.39 sys=0.00, real=0.06 secs] 
289.812: Total time for which application threads were stopped: 0.0575580 seconds, Stopping threads took: 0.0001180 seconds
289.824: Application time: 0.0125500 seconds
289.825: [GC [1 CMS-initial-mark: 267220K(545472K)] 329773K(790016K), 0.0387460 secs] [Times: user=0.03 sys=0.00, real=0.03 secs] 
289.864: Total time for which application threads were stopped: 0.0391080 seconds, Stopping threads took: 0.0002930 seconds
289.864: [CMS-concurrent-mark-start]
289.962: Application time: 0.0979000 seconds
289.962: [GC289.962: [ParNew: 244544K->27136K(244544K), 0.0668620 secs] 511764K->339815K(790016K), 0.0669110 secs] [Times: user=0.47 sys=0.00, real=0.07 secs] 
290.029: Total time for which application threads were stopped: 0.0670660 seconds, Stopping threads took: 0.0000820 seconds
290.131: Application time: 0.1020550 seconds
290.131: [GC290.131: [ParNew: 244510K->27136K(244544K), 0.0636970 secs] 557189K->381151K(790016K), 0.0637480 secs] [Times: user=0.44 sys=0.00, real=0.06 secs] 
290.195: Total time for which application threads were stopped: 0.0639080 seconds, Stopping threads took: 0.0000870 seconds
290.293: [CMS-concurrent-mark: 0.298/0.429 secs] [Times: user=3.29 sys=0.01, real=0.43 secs] 
290.293: [CMS-concurrent-preclean-start]
290.325: Application time: 0.1307320 seconds
290.325: [GC290.325: [ParNew: 244544K->27136K(244544K), 0.0498960 secs] 598559K->408667K(790016K), 0.0499440 secs] [Times: user=0.35 sys=0.00, real=0.04 secs] 
290.375: Total time for which application threads were stopped: 0.0500750 seconds, Stopping threads took: 0.0000610 seconds
290.478: Application time: 0.1025130 seconds
290.478: [GC290.478: [ParNew: 244544K->27136K(244544K), 0.0645190 secs] 626075K->451453K(790016K), 0.0645660 secs] [Times: user=0.44 sys=0.00, real=0.06 secs] 
290.543: Total time for which application threads were stopped: 0.0647610 seconds, Stopping threads took: 0.0001090 seconds
290.640: Application time: 0.0978280 seconds
290.641: [GC290.641: [ParNew: 244544K->27136K(244544K), 0.0666370 secs] 668861K->496775K(790016K), 0.0666870 secs] [Times: user=0.46 sys=0.00, real=0.07 secs] 
290.707: Total time for which application threads were stopped: 0.0668240 seconds, Stopping threads took: 0.0000630 seconds
290.815: Application time: 0.1081200 seconds
290.816: [GC290.816: [ParNew: 244544K->27136K(244544K), 0.0581830 secs] 714183K->532652K(790016K), 0.0582330 secs] [Times: user=0.41 sys=0.00, real=0.06 secs] 
290.874: Total time for which application threads were stopped: 0.0584200 seconds, Stopping threads took: 0.0001150 seconds
290.991: Application time: 0.1168060 seconds
290.991: [GC290.991: [ParNew: 244499K->244499K(244544K), 0.0000150 secs]290.991: [CMS291.184: [CMS-concurrent-preclean: 0.648/0.891 secs] [Times: user=5.51 sys=0.01, real=0.89 secs] 
 (concurrent mode failure): 505516K->130549K(545472K), 0.5565560 secs] 750015K->130549K(790016K), [CMS Perm : 9148K->9148K(21248K)], 0.5566330 secs] [Times: user=0.56 sys=0.00, real=0.56 secs] 
291.547: Total time for which application threads were stopped: 0.5568130 seconds, Stopping threads took: 0.0000870 seconds
291.650: Application time: 0.1022690 seconds
291.650: [GC291.650: [ParNew: 217408K->27136K(244544K), 0.0291740 secs] 347957K->168749K(790016K), 0.0292250 secs] [Times: user=0.21 sys=0.00, real=0.03 secs] 
291.679: Total time for which application threads were stopped: 0.0294600 seconds, Stopping threads took: 0.0001300 seconds
291.763: Application time: 0.0833530 seconds
291.763: [GC291.763: [ParNew: 244544K->27136K(244544K), 0.0659400 secs] 386157K->227000K(790016K), 0.0659880 secs] [Times: user=0.45 sys=0.00, real=0.07 secs] 
291.829: Total time for which application threads were stopped: 0.0662810 seconds, Stopping threads took: 0.0001970 seconds
291.916: Application time: 0.0874830 seconds
291.916: [GC291.916: [ParNew: 244544K->27134K(244544K), 0.0674250 secs] 444408K->276388K(790016K), 0.0674750 secs] [Times: user=0.45 sys=0.00, real=0.06 secs] 
291.984: Total time for which application threads were stopped: 0.0676500 seconds, Stopping threads took: 0.0000910 seconds
292.004: Application time: 0.0205190 seconds
292.005: [GC [1 CMS-initial-mark: 249253K(545472K)] 330727K(790016K), 0.0469810 secs] [Times: user=0.05 sys=0.00, real=0.04 secs] 
292.052: Total time for which application threads were stopped: 0.0471160 seconds, Stopping threads took: 0.0000780 seconds
292.052: [CMS-concurrent-mark-start]
292.155: Application time: 0.1035420 seconds
292.155: [GC292.155: [ParNew: 244542K->27134K(244544K), 0.0545510 secs] 493796K->306598K(790016K), 0.0546010 secs] [Times: user=0.39 sys=0.00, real=0.06 secs] 
292.210: Total time for which application threads were stopped: 0.0547850 seconds, Stopping threads took: 0.0001000 seconds
292.313: [CMS-concurrent-mark: 0.206/0.261 secs] [Times: user=2.03 sys=0.00, real=0.26 secs] 
292.313: [CMS-concurrent-preclean-start]
292.329: Application time: 0.1193260 seconds
292.329: [GC292.329: [ParNew: 244420K->27136K(244544K), 0.0571230 secs] 523884K->340808K(790016K), 0.0571740 secs] [Times: user=0.40 sys=0.00, real=0.06 secs] 
292.387: Total time for which application threads were stopped: 0.0573330 seconds, Stopping threads took: 0.0000850 seconds
292.499: Application time: 0.1123770 seconds
292.499: [GC292.499: [ParNew: 244544K->27136K(244544K), 0.0567280 secs] 558216K->375127K(790016K), 0.0567750 secs] [Times: user=0.40 sys=0.00, real=0.05 secs] 
292.556: Total time for which application threads were stopped: 0.0570030 seconds, Stopping threads took: 0.0001550 seconds
292.656: Application time: 0.1001520 seconds
292.656: [GC292.656: [ParNew: 244544K->27136K(244544K), 0.0676840 secs] 592535K->420932K(790016K), 0.0677330 secs] [Times: user=0.47 sys=0.00, real=0.07 secs] 
292.724: Total time for which application threads were stopped: 0.0679180 seconds, Stopping threads took: 0.0000960 seconds
292.827: Application time: 0.1029070 seconds
292.827: [GC292.827: [ParNew: 244544K->27136K(244544K), 0.0706380 secs] 638340K->465505K(790016K), 0.0706860 secs] [Times: user=0.50 sys=0.00, real=0.07 secs] 
292.898: Total time for which application threads were stopped: 0.0708590 seconds, Stopping threads took: 0.0001000 seconds
293.017: Application time: 0.1190280 seconds
293.017: [GC293.017: [ParNew: 244544K->27136K(244544K), 0.0530280 secs] 682913K->495065K(790016K), 0.0530800 secs] [Times: user=0.38 sys=0.00, real=0.05 secs] 
293.070: Total time for which application threads were stopped: 0.0532430 seconds, Stopping threads took: 0.0000770 seconds
293.181: Application time: 0.1111820 seconds
293.181: [GC293.181: [ParNew: 244544K->27136K(244544K), 0.0510440 secs] 712473K->525030K(790016K), 0.0510960 secs] [Times: user=0.36 sys=0.00, real=0.05 secs] 
293.233: Total time for which application threads were stopped: 0.0512690 seconds, Stopping threads took: 0.0000890 seconds
293.339: Application time: 0.1064870 seconds
293.339: [GC293.339: [ParNew: 244544K->27136K(244544K), 0.0576780 secs] 742438K->562079K(790016K), 0.0577220 secs] [Times: user=0.39 sys=0.02, real=0.06 secs] 
293.397: Total time for which application threads were stopped: 0.0578990 seconds, Stopping threads took: 0.0001060 seconds
293.482: Application time: 0.0846670 seconds
293.482: [GC293.482: [ParNew: 244544K->244544K(244544K), 0.0000160 secs]293.482: [CMS293.668: [CMS-concurrent-preclean: 0.935/1.355 secs] [Times: user=9.09 sys=0.02, real=1.36 secs] 
 (concurrent mode failure): 534943K->141158K(545472K), 0.5529000 secs] 779487K->141158K(790016K), [CMS Perm : 9148K->9148K(21248K)], 0.5529760 secs] [Times: user=0.55 sys=0.00, real=0.55 secs] 
294.035: Total time for which application threads were stopped: 0.5531020 seconds, Stopping threads took: 0.0000520 seconds
294.140: Application time: 0.1056000 seconds
294.140: [GC294.140: [ParNew: 217408K->27136K(244544K), 0.0343850 secs] 358566K->180959K(790016K), 0.0344340 secs] [Times: user=0.25 sys=0.00, real=0.03 secs] 
294.175: Total time for which application threads were stopped: 0.0346130 seconds, Stopping threads took: 0.0000850 seconds
294.280: Application time: 0.1048010 seconds
294.280: [GC294.280: [ParNew: 244544K->27136K(244544K), 0.0548240 secs] 398367K->217228K(790016K), 0.0548770 secs] [Times: user=0.39 sys=0.00, real=0.05 secs] 
294.335: Total time for which application threads were stopped: 0.0551070 seconds, Stopping threads took: 0.0001540 seconds
294.424: Application time: 0.0894610 seconds
294.425: [GC294.425: [ParNew: 244544K->27136K(244544K), 0.0604530 secs] 434636K->261809K(790016K), 0.0605040 secs] [Times: user=0.42 sys=0.00, real=0.06 secs] 
294.485: Total time for which application threads were stopped: 0.0607370 seconds, Stopping threads took: 0.0001570 seconds
294.485: Application time: 0.0000420 seconds
294.485: [GC [1 CMS-initial-mark: 234673K(545472K)] 263471K(790016K), 0.0208320 secs] [Times: user=0.02 sys=0.00, real=0.02 secs] 
294.506: Total time for which application threads were stopped: 0.0209290 seconds, Stopping threads took: 0.0000460 seconds
294.506: [CMS-concurrent-mark-start]
294.601: Application time: 0.0945170 seconds
294.601: [GC294.601: [ParNew: 244544K->27136K(244544K), 0.0745500 secs] 479217K->319731K(790016K), 0.0746010 secs] [Times: user=0.51 sys=0.00, real=0.07 secs] 
294.675: Total time for which application threads were stopped: 0.0747400 seconds, Stopping threads took: 0.0000670 seconds
294.798: Application time: 0.1222870 seconds
294.798: [GC294.798: [ParNew: 244544K->27136K(244544K), 0.0625870 secs] 537139K->357117K(790016K), 0.0626350 secs] [Times: user=0.45 sys=0.00, real=0.06 secs] 
294.860: Total time for which application threads were stopped: 0.0628140 seconds, Stopping threads took: 0.0000930 seconds
294.919: [CMS-concurrent-mark: 0.275/0.413 secs] [Times: user=3.13 sys=0.02, real=0.41 secs] 
294.919: [CMS-concurrent-preclean-start]
294.988: Application time: 0.1276090 seconds
294.993: [GC294.993: [ParNew: 244544K->27136K(244544K), 0.0525160 secs] 574525K->386140K(790016K), 0.0525670 secs] [Times: user=0.38 sys=0.00, real=0.06 secs] 
295.045: Total time for which application threads were stopped: 0.0571350 seconds, Stopping threads took: 0.0044960 seconds
295.156: Application time: 0.1108270 seconds
295.156: [GC295.156: [ParNew: 244544K->27136K(244544K), 0.0504010 secs] 603548K->415472K(790016K), 0.0504570 secs] [Times: user=0.36 sys=0.00, real=0.06 secs] 
295.208: Total time for which application threads were stopped: 0.0521610 seconds, Stopping threads took: 0.0001230 seconds
295.300: Application time: 0.0919620 seconds
295.300: [GC295.300: [ParNew: 244544K->27136K(244544K), 0.0659130 secs] 632880K->461381K(790016K), 0.0659740 secs] [Times: user=0.45 sys=0.00, real=0.07 secs] 
295.366: Total time for which application threads were stopped: 0.0661590 seconds, Stopping threads took: 0.0000970 seconds
295.491: Application time: 0.1244190 seconds
295.491: [GC295.491: [ParNew: 244544K->27136K(244544K), 0.0500120 secs] 678789K->488019K(790016K), 0.0500600 secs] [Times: user=0.35 sys=0.00, real=0.05 secs] 
295.541: Total time for which application threads were stopped: 0.0502400 seconds, Stopping threads took: 0.0001080 seconds
295.638: Application time: 0.0975300 seconds
295.639: [GC295.639: [ParNew: 244544K->27136K(244544K), 0.0673900 secs] 705427K->533548K(790016K), 0.0674410 secs] [Times: user=0.47 sys=0.00, real=0.07 secs] 
295.706: Total time for which application threads were stopped: 0.0676150 seconds, Stopping threads took: 0.0001020 seconds
295.807: Application time: 0.1010600 seconds
295.807: [GC295.807: [ParNew: 244544K->244544K(244544K), 0.0000140 secs]295.807: [CMS295.972: [CMS-concurrent-preclean: 0.757/1.053 secs] [Times: user=6.92 sys=0.02, real=1.05 secs] 
 (concurrent mode failure): 506412K->130415K(545472K), 0.5188190 secs] 750956K->130415K(790016K), [CMS Perm : 9148K->9148K(21248K)], 0.5188940 secs] [Times: user=0.52 sys=0.00, real=0.52 secs] 
296.326: Total time for which application threads were stopped: 0.5190680 seconds, Stopping threads took: 0.0000870 seconds
296.417: Application time: 0.0911020 seconds
296.417: [GC296.417: [ParNew: 217408K->27136K(244544K), 0.0395240 secs] 347823K->181850K(790016K), 0.0395700 secs] [Times: user=0.28 sys=0.00, real=0.04 secs] 
296.457: Total time for which application threads were stopped: 0.0397450 seconds, Stopping threads took: 0.0000920 seconds
296.560: Application time: 0.1034160 seconds
296.561: [GC296.561: [ParNew: 244544K->27136K(244544K), 0.0505860 secs] 399258K->212930K(790016K), 0.0506370 secs] [Times: user=0.35 sys=0.00, real=0.05 secs] 
296.611: Total time for which application threads were stopped: 0.0508230 seconds, Stopping threads took: 0.0001120 seconds
296.703: Application time: 0.0918510 seconds
296.705: [GC296.705: [ParNew: 244544K->27136K(244544K), 0.0531680 secs] 430338K->249401K(790016K), 0.0532180 secs] [Times: user=0.36 sys=0.00, real=0.05 secs] 
296.758: Total time for which application threads were stopped: 0.0546330 seconds, Stopping threads took: 0.0013410 seconds
296.847: Application time: 0.0894150 seconds
296.847: [GC296.847: [ParNew: 244544K->27136K(244544K), 0.0632560 secs] 466809K->298127K(790016K), 0.0633040 secs] [Times: user=0.43 sys=0.00, real=0.06 secs] 
296.911: Total time for which application threads were stopped: 0.0634610 seconds, Stopping threads took: 0.0000860 seconds
296.911: Application time: 0.0000740 seconds
296.911: [GC [1 CMS-initial-mark: 270991K(545472K)] 300130K(790016K), 0.0217340 secs] [Times: user=0.03 sys=0.00, real=0.02 secs] 
296.933: Total time for which application threads were stopped: 0.0218400 seconds, Stopping threads took: 0.0000560 seconds
296.933: [CMS-concurrent-mark-start]
297.056: Application time: 0.1232330 seconds
297.056: [GC297.056: [ParNew: 244544K->27136K(244544K), 0.0567310 secs] 515535K->331706K(790016K), 0.0567790 secs] [Times: user=0.39 sys=0.00, real=0.06 secs] 
297.113: Total time for which application threads were stopped: 0.0569460 seconds, Stopping threads took: 0.0000820 seconds
297.119: [CMS-concurrent-mark: 0.129/0.186 secs] [Times: user=1.40 sys=0.01, real=0.19 secs] 
297.119: [CMS-concurrent-preclean-start]
297.219: Application time: 0.1063910 seconds
297.219: [GC297.219: [ParNew: 244544K->27136K(244544K), 0.0674920 secs] 549114K->372767K(790016K), 0.0675420 secs] [Times: user=0.48 sys=0.00, real=0.07 secs] 
297.287: Total time for which application threads were stopped: 0.0677310 seconds, Stopping threads took: 0.0001150 seconds
297.399: Application time: 0.1117170 seconds
297.399: [GC297.399: [ParNew: 244544K->27136K(244544K), 0.0574610 secs] 590175K->408057K(790016K), 0.0575180 secs] [Times: user=0.40 sys=0.00, real=0.05 secs] 
297.456: Total time for which application threads were stopped: 0.0576910 seconds, Stopping threads took: 0.0001000 seconds
297.562: Application time: 0.1054430 seconds
297.562: [GC297.562: [ParNew: 244544K->27136K(244544K), 0.0575050 secs] 625465K->443809K(790016K), 0.0575550 secs] [Times: user=0.40 sys=0.00, real=0.06 secs] 
297.619: Total time for which application threads were stopped: 0.0577440 seconds, Stopping threads took: 0.0001050 seconds
297.725: Application time: 0.1052640 seconds
297.725: [GC297.725: [ParNew: 244370K->27136K(244544K), 0.0648830 secs] 661044K->483301K(790016K), 0.0649330 secs] [Times: user=0.46 sys=0.00, real=0.06 secs] 
297.790: Total time for which application threads were stopped: 0.0651290 seconds, Stopping threads took: 0.0001210 seconds
297.900: Application time: 0.1105320 seconds
297.901: [GC297.901: [ParNew: 244544K->27136K(244544K), 0.0530210 secs] 700709K->514818K(790016K), 0.0530720 secs] [Times: user=0.37 sys=0.00, real=0.05 secs] 
297.954: Total time for which application threads were stopped: 0.0532450 seconds, Stopping threads took: 0.0001030 seconds
298.060: Application time: 0.1067370 seconds
298.061: [GC298.061: [ParNew: 244544K->27136K(244544K), 0.0638950 secs] 732226K->556769K(790016K), 0.0639400 secs] [Times: user=0.45 sys=0.00, real=0.07 secs] 
298.125: Total time for which application threads were stopped: 0.0641170 seconds, Stopping threads took: 0.0001070 seconds
298.229: Application time: 0.1047730 seconds
298.230: [GC298.230: [ParNew: 244544K->244544K(244544K), 0.0000140 secs]298.230: [CMS298.365: [CMS-concurrent-preclean: 0.877/1.247 secs] [Times: user=8.64 sys=0.01, real=1.25 secs] 
 (concurrent mode failure): 529633K->121858K(545472K), 0.4879480 secs] 774177K->121858K(790016K), [CMS Perm : 9148K->9148K(21248K)], 0.4880240 secs] [Times: user=0.49 sys=0.00, real=0.49 secs] 
298.718: Total time for which application threads were stopped: 0.4882210 seconds, Stopping threads took: 0.0001080 seconds
298.803: Application time: 0.0850230 seconds
298.803: [GC298.803: [ParNew: 217408K->27136K(244544K), 0.0497060 secs] 339266K->185878K(790016K), 0.0497560 secs] [Times: user=0.34 sys=0.00, real=0.05 secs] 
298.853: Total time for which application threads were stopped: 0.0500750 seconds, Stopping threads took: 0.0002140 seconds
298.960: Application time: 0.1073510 seconds
298.960: [GC298.960: [ParNew: 244544K->27136K(244544K), 0.0527970 secs] 403286K->214882K(790016K), 0.0528450 secs] [Times: user=0.37 sys=0.00, real=0.05 secs] 
299.013: Total time for which application threads were stopped: 0.0530750 seconds, Stopping threads took: 0.0001560 seconds
299.103: Application time: 0.0902850 seconds
299.104: [GC299.104: [ParNew: 244544K->27136K(244544K), 0.0608740 secs] 432290K->259724K(790016K), 0.0609340 secs] [Times: user=0.42 sys=0.01, real=0.07 secs] 
299.164: Total time for which application threads were stopped: 0.0610990 seconds, Stopping threads took: 0.0000920 seconds
299.165: Application time: 0.0000860 seconds
299.165: [GC [1 CMS-initial-mark: 232588K(545472K)] 263309K(790016K), 0.0210500 secs] [Times: user=0.02 sys=0.00, real=0.02 secs] 
299.186: Total time for which application threads were stopped: 0.0212000 seconds, Stopping threads took: 0.0001010 seconds
299.186: [CMS-concurrent-mark-start]
299.298: Application time: 0.1125480 seconds
299.298: [GC299.298: [ParNew: 244485K->27136K(244544K), 0.0571290 secs] 477073K->295893K(790016K), 0.0571770 secs] [Times: user=0.40 sys=0.00, real=0.05 secs] 
299.356: Total time for which application threads were stopped: 0.0573450 seconds, Stopping threads took: 0.0000950 seconds
299.448: [CMS-concurrent-mark: 0.204/0.262 secs] [Times: user=2.01 sys=0.01, real=0.26 secs] 
299.448: [CMS-concurrent-preclean-start]
299.471: Application time: 0.1150430 seconds
299.471: [GC299.471: [ParNew: 244544K->27136K(244544K), 0.0610940 secs] 513301K->334834K(790016K), 0.0611460 secs] [Times: user=0.43 sys=0.00, real=0.06 secs] 
299.532: Total time for which application threads were stopped: 0.0613340 seconds, Stopping threads took: 0.0000920 seconds
299.637: Application time: 0.1048510 seconds
299.637: [GC299.637: [ParNew: 244544K->27136K(244544K), 0.0635180 secs] 552242K->373897K(790016K), 0.0635650 secs] [Times: user=0.44 sys=0.00, real=0.06 secs] 
299.701: Total time for which application threads were stopped: 0.0637440 seconds, Stopping threads took: 0.0001080 seconds
299.822: Application time: 0.1215240 seconds
299.822: [GC299.822: [ParNew: 244544K->27136K(244544K), 0.0526940 secs] 591305K->403917K(790016K), 0.0527400 secs] [Times: user=0.38 sys=0.00, real=0.05 secs] 
299.875: Total time for which application threads were stopped: 0.0529060 seconds, Stopping threads took: 0.0000940 seconds
299.968: Application time: 0.0928380 seconds
299.968: [GC299.968: [ParNew: 244544K->27136K(244544K), 0.0692480 secs] 621325K->452344K(790016K), 0.0692970 secs] [Times: user=0.48 sys=0.00, real=0.07 secs] 
300.037: Total time for which application threads were stopped: 0.0694500 seconds, Stopping threads took: 0.0000800 seconds
300.146: Application time: 0.1088460 seconds
300.146: [GC300.146: [ParNew: 244544K->27136K(244544K), 0.0621870 secs] 669752K->490829K(790016K), 0.0622450 secs] [Times: user=0.44 sys=0.00, real=0.06 secs] 
300.209: Total time for which application threads were stopped: 0.0624990 seconds, Stopping threads took: 0.0001490 seconds
300.319: Application time: 0.1105540 seconds
300.319: [GC300.319: [ParNew: 244544K->27136K(244544K), 0.0537640 secs] 708237K->521846K(790016K), 0.0538110 secs] [Times: user=0.37 sys=0.00, real=0.05 secs] 
300.373: Total time for which application threads were stopped: 0.0539760 seconds, Stopping threads took: 0.0000930 seconds
300.486: Application time: 0.1123500 seconds
300.486: [GC300.486: [ParNew: 244544K->27136K(244544K), 0.0545110 secs] 739254K->554657K(790016K), 0.0545630 secs] [Times: user=0.39 sys=0.00, real=0.05 secs] 
300.540: Total time for which application threads were stopped: 0.0547390 seconds, Stopping threads took: 0.0001020 seconds
300.641: Application time: 0.1003170 seconds
300.641: [GC300.641: [ParNew: 244544K->244544K(244544K), 0.0000150 secs]300.641: [CMS300.824: [CMS-concurrent-preclean: 0.954/1.376 secs] [Times: user=9.29 sys=0.01, real=1.37 secs] 
 (concurrent mode failure): 527521K->134875K(545472K), 0.5717050 secs] 772065K->134875K(790016K), [CMS Perm : 9148K->9148K(21248K)], 0.5717790 secs] [Times: user=0.57 sys=0.00, real=0.57 secs] 
301.213: Total time for which application threads were stopped: 0.5719750 seconds, Stopping threads took: 0.0001220 seconds
301.307: Application time: 0.0942580 seconds
301.307: [GC301.307: [ParNew: 217408K->27136K(244544K), 0.0355150 secs] 352283K->181731K(790016K), 0.0355630 secs] [Times: user=0.26 sys=0.00, real=0.03 secs] 
301.343: Total time for which application threads were stopped: 0.0357190 seconds, Stopping threads took: 0.0000710 seconds
301.428: Application time: 0.0858450 seconds
301.429: [GC301.429: [ParNew: 244544K->27136K(244544K), 0.0600770 secs] 399139K->229952K(790016K), 0.0601240 secs] [Times: user=0.42 sys=0.00, real=0.06 secs] 
301.489: Total time for which application threads were stopped: 0.0603220 seconds, Stopping threads took: 0.0001270 seconds
301.599: Application time: 0.1105890 seconds
301.600: [GC301.600: [ParNew: 244544K->27136K(244544K), 0.0475850 secs] 447360K->256246K(790016K), 0.0476330 secs] [Times: user=0.33 sys=0.00, real=0.05 secs] 
301.647: Total time for which application threads were stopped: 0.0478050 seconds, Stopping threads took: 0.0000990 seconds
301.734: Application time: 0.0871760 seconds
301.734: [GC301.735: [ParNew: 244544K->27136K(244544K), 0.0668980 secs] 473654K->305005K(790016K), 0.0669450 secs] [Times: user=0.46 sys=0.00, real=0.07 secs] 
301.801: Total time for which application threads were stopped: 0.0670850 seconds, Stopping threads took: 0.0000690 seconds
301.802: Application time: 0.0000700 seconds
301.802: [GC [1 CMS-initial-mark: 277869K(545472K)] 308047K(790016K), 0.0207640 secs] [Times: user=0.02 sys=0.00, real=0.02 secs] 
301.822: Total time for which application threads were stopped: 0.0209020 seconds, Stopping threads took: 0.0000800 seconds
301.822: [CMS-concurrent-mark-start]
301.937: Application time: 0.1149380 seconds
301.938: [GC301.938: [ParNew: 244544K->27136K(244544K), 0.0601980 secs] 522413K->344785K(790016K), 0.0602450 secs] [Times: user=0.41 sys=0.00, real=0.06 secs] 
301.998: Total time for which application threads were stopped: 0.0604220 seconds, Stopping threads took: 0.0000940 seconds
302.087: [CMS-concurrent-mark: 0.204/0.265 secs] [Times: user=2.03 sys=0.00, real=0.27 secs] 
302.087: [CMS-concurrent-preclean-start]
302.117: Application time: 0.1191410 seconds
302.117: [GC302.117: [ParNew: 244544K->27136K(244544K), 0.0567090 secs] 562193K->378485K(790016K), 0.0567570 secs] [Times: user=0.40 sys=0.00, real=0.05 secs] 
302.174: Total time for which application threads were stopped: 0.0569290 seconds, Stopping threads took: 0.0000990 seconds
302.286: Application time: 0.1126190 seconds
302.287: [GC302.287: [ParNew: 244544K->27136K(244544K), 0.0619900 secs] 595893K->413216K(790016K), 0.0620370 secs] [Times: user=0.44 sys=0.00, real=0.06 secs] 
302.349: Total time for which application threads were stopped: 0.0621810 seconds, Stopping threads took: 0.0000740 seconds
302.449: Application time: 0.1005460 seconds
302.449: [GC302.449: [ParNew: 244544K->27136K(244544K), 0.0666880 secs] 630624K->455415K(790016K), 0.0667400 secs] [Times: user=0.47 sys=0.00, real=0.06 secs] 
302.516: Total time for which application threads were stopped: 0.0669240 seconds, Stopping threads took: 0.0000970 seconds
302.618: Application time: 0.1021760 seconds
302.618: [GC302.619: [ParNew: 244544K->27135K(244544K), 0.0592010 secs] 672823K->494234K(790016K), 0.0592510 secs] [Times: user=0.41 sys=0.00, real=0.06 secs] 
302.678: Total time for which application threads were stopped: 0.0594250 seconds, Stopping threads took: 0.0000980 seconds
302.788: Application time: 0.1106740 seconds
302.789: [GC302.789: [ParNew: 244543K->27136K(244544K), 0.0627710 secs] 711642K->531095K(790016K), 0.0628180 secs] [Times: user=0.43 sys=0.01, real=0.06 secs] 
302.851: Total time for which application threads were stopped: 0.0629790 seconds, Stopping threads took: 0.0000800 seconds
302.976: Application time: 0.1250200 seconds
302.977: [GC302.977: [ParNew: 244544K->27136K(244544K), 0.0490240 secs] 748503K->557496K(790016K), 0.0490700 secs] [Times: user=0.35 sys=0.00, real=0.05 secs] 
303.026: Total time for which application threads were stopped: 0.0492150 seconds, Stopping threads took: 0.0000610 seconds
303.109: Application time: 0.0838200 seconds
303.110: [GC303.110: [ParNew: 244544K->244544K(244544K), 0.0000140 secs]303.110: [CMS303.304: [CMS-concurrent-preclean: 0.855/1.217 secs] [Times: user=8.01 sys=0.02, real=1.21 secs] 
 (concurrent mode failure): 530360K->132258K(545472K), 0.5656000 secs] 774904K->132258K(790016K), [CMS Perm : 9148K->9148K(21248K)], 0.5656740 secs] [Times: user=0.57 sys=0.00, real=0.56 secs] 
303.675: Total time for which application threads were stopped: 0.5658330 seconds, Stopping threads took: 0.0000860 seconds
303.771: Application time: 0.0954940 seconds
303.771: [GC303.771: [ParNew: 217408K->27136K(244544K), 0.0416360 secs] 349666K->184262K(790016K), 0.0416850 secs] [Times: user=0.30 sys=0.00, real=0.04 secs] 
303.813: Total time for which application threads were stopped: 0.0419080 seconds, Stopping threads took: 0.0001170 seconds
303.908: Application time: 0.0955810 seconds
303.908: [GC303.908: [ParNew: 244544K->27136K(244544K), 0.0688420 secs] 401670K->232990K(790016K), 0.0688890 secs] [Times: user=0.48 sys=0.00, real=0.07 secs] 
303.977: Total time for which application threads were stopped: 0.0690570 seconds, Stopping threads took: 0.0000900 seconds
304.089: Application time: 0.1114570 seconds
304.089: [GC304.089: [ParNew: 244544K->27136K(244544K), 0.0460790 secs] 450398K->257611K(790016K), 0.0461300 secs] [Times: user=0.33 sys=0.00, real=0.04 secs] 
304.135: Total time for which application threads were stopped: 0.0462810 seconds, Stopping threads took: 0.0000770 seconds
304.224: Application time: 0.0891970 seconds
304.224: [GC304.224: [ParNew: 244544K->27136K(244544K), 0.0571100 secs] 475019K->298113K(790016K), 0.0571660 secs] [Times: user=0.40 sys=0.00, real=0.05 secs] 
304.282: Total time for which application threads were stopped: 0.0573460 seconds, Stopping threads took: 0.0000990 seconds
304.304: Application time: 0.0228090 seconds
304.309: [GC [1 CMS-initial-mark: 270977K(545472K)] 371595K(790016K), 0.0469160 secs] [Times: user=0.05 sys=0.00, real=0.04 secs] 
304.355: Total time for which application threads were stopped: 0.0509950 seconds, Stopping threads took: 0.0040130 seconds
304.355: [CMS-concurrent-mark-start]
304.438: Application time: 0.0823810 seconds
304.438: [GC304.438: [ParNew: 244544K->27136K(244544K), 0.0638480 secs] 515521K->339986K(790016K), 0.0638960 secs] [Times: user=0.44 sys=0.00, real=0.06 secs] 
304.502: Total time for which application threads were stopped: 0.0640730 seconds, Stopping threads took: 0.0001040 seconds
304.601: [CMS-concurrent-mark: 0.182/0.246 secs] [Times: user=1.89 sys=0.00, real=0.25 secs] 
304.601: [CMS-concurrent-preclean-start]
304.615: Application time: 0.1126780 seconds
304.615: [GC304.615: [ParNew: 244544K->27136K(244544K), 0.0712030 secs] 557394K->388432K(790016K), 0.0712540 secs] [Times: user=0.49 sys=0.00, real=0.08 secs] 
304.686: Total time for which application threads were stopped: 0.0714360 seconds, Stopping threads took: 0.0001090 seconds
304.812: Application time: 0.1258790 seconds
304.812: [GC304.812: [ParNew: 244544K->27136K(244544K), 0.0519700 secs] 605840K->415605K(790016K), 0.0520190 secs] [Times: user=0.37 sys=0.00, real=0.05 secs] 
304.864: Total time for which application threads were stopped: 0.0521710 seconds, Stopping threads took: 0.0000680 seconds
304.967: Application time: 0.1025530 seconds
304.967: [GC304.967: [ParNew: 244544K->27136K(244544K), 0.0625930 secs] 633013K->455161K(790016K), 0.0626480 secs] [Times: user=0.43 sys=0.00, real=0.06 secs] 
305.029: Total time for which application threads were stopped: 0.0628360 seconds, Stopping threads took: 0.0001050 seconds
305.134: Application time: 0.1048190 seconds
305.135: [GC305.135: [ParNew: 244544K->27136K(244544K), 0.0611680 secs] 672569K->494706K(790016K), 0.0612200 secs] [Times: user=0.43 sys=0.00, real=0.06 secs] 
305.196: Total time for which application threads were stopped: 0.0615240 seconds, Stopping threads took: 0.0002120 seconds
305.307: Application time: 0.1107130 seconds
305.307: [GC305.307: [ParNew: 244544K->27136K(244544K), 0.0678030 secs] 712114K->535240K(790016K), 0.0678550 secs] [Times: user=0.47 sys=0.00, real=0.06 secs] 
305.375: Total time for which application threads were stopped: 0.0679410 seconds, Stopping threads took: 0.0000130 seconds
305.498: Application time: 0.1232220 seconds
305.498: [GC305.498: [ParNew: 244544K->244544K(244544K), 0.0000150 secs]305.498: [CMS305.662: [CMS-concurrent-preclean: 0.741/1.061 secs] [Times: user=6.95 sys=0.00, real=1.06 secs] 
 (concurrent mode failure): 508104K->119588K(545472K), 0.5099150 secs] 752648K->119588K(790016K), [CMS Perm : 9148K->9148K(21248K)], 0.5099910 secs] [Times: user=0.51 sys=0.00, real=0.51 secs] 
306.008: Total time for which application threads were stopped: 0.5102120 seconds, Stopping threads took: 0.0001330 seconds
306.090: Application time: 0.0816290 seconds
306.090: [GC306.090: [ParNew: 217408K->27136K(244544K), 0.0455580 secs] 336996K->181422K(790016K), 0.0456080 secs] [Times: user=0.31 sys=0.00, real=0.04 secs] 
306.135: Total time for which application threads were stopped: 0.0458880 seconds, Stopping threads took: 0.0001780 seconds
306.234: Application time: 0.0980880 seconds
306.237: [GC306.237: [ParNew: 244544K->27136K(244544K), 0.0569740 secs] 398830K->218588K(790016K), 0.0570240 secs] [Times: user=0.40 sys=0.00, real=0.05 secs] 
306.294: Total time for which application threads were stopped: 0.0601580 seconds, Stopping threads took: 0.0030390 seconds
306.384: Application time: 0.0902620 seconds
306.384: [GC306.384: [ParNew: 244544K->27136K(244544K), 0.0628400 secs] 435996K->264028K(790016K), 0.0628970 secs] [Times: user=0.43 sys=0.00, real=0.07 secs] 
306.447: Total time for which application threads were stopped: 0.0630980 seconds, Stopping threads took: 0.0001280 seconds
306.447: Application time: 0.0001160 seconds
306.447: [GC [1 CMS-initial-mark: 236892K(545472K)] 267469K(790016K), 0.0205770 secs] [Times: user=0.02 sys=0.00, real=0.02 secs] 
306.468: Total time for which application threads were stopped: 0.0207140 seconds, Stopping threads took: 0.0000870 seconds
306.468: [CMS-concurrent-mark-start]
306.594: Application time: 0.1259610 seconds
306.594: [GC306.594: [ParNew: 244544K->27135K(244544K), 0.0552720 secs] 481436K->296921K(790016K), 0.0553220 secs] [Times: user=0.39 sys=0.00, real=0.06 secs] 
306.649: Total time for which application threads were stopped: 0.0554890 seconds, Stopping threads took: 0.0000820 seconds
306.701: [CMS-concurrent-mark: 0.177/0.233 secs] [Times: user=1.81 sys=0.00, real=0.23 secs] 
306.701: [CMS-concurrent-preclean-start]
306.766: Application time: 0.1167730 seconds
306.766: [GC306.766: [ParNew: 244543K->27136K(244544K), 0.0603180 secs] 514329K->334852K(790016K), 0.0603660 secs] [Times: user=0.42 sys=0.00, real=0.06 secs] 
306.827: Total time for which application threads were stopped: 0.0605330 seconds, Stopping threads took: 0.0000930 seconds
306.928: Application time: 0.1014450 seconds
306.928: [GC306.928: [ParNew: 244544K->27136K(244544K), 0.0665010 secs] 552260K->379535K(790016K), 0.0665510 secs] [Times: user=0.46 sys=0.00, real=0.06 secs] 
306.995: Total time for which application threads were stopped: 0.0667280 seconds, Stopping threads took: 0.0001030 seconds
307.110: Application time: 0.1146730 seconds
307.110: [GC307.110: [ParNew: 244529K->27136K(244544K), 0.0532520 secs] 596928K->409663K(790016K), 0.0533030 secs] [Times: user=0.38 sys=0.00, real=0.05 secs] 
307.163: Total time for which application threads were stopped: 0.0534710 seconds, Stopping threads took: 0.0000840 seconds
307.275: Application time: 0.1117030 seconds
307.275: [GC307.275: [ParNew: 244544K->27136K(244544K), 0.0614450 secs] 627071K->445058K(790016K), 0.0614950 secs] [Times: user=0.44 sys=0.00, real=0.06 secs] 
307.336: Total time for which application threads were stopped: 0.0616810 seconds, Stopping threads took: 0.0001110 seconds
307.443: Application time: 0.1064990 seconds
307.443: [GC307.443: [ParNew: 244544K->27136K(244544K), 0.0570350 secs] 662466K->480818K(790016K), 0.0570860 secs] [Times: user=0.39 sys=0.00, real=0.06 secs] 
307.500: Total time for which application threads were stopped: 0.0573390 seconds, Stopping threads took: 0.0001810 seconds
307.589: Application time: 0.0891240 seconds
307.589: [GC307.590: [ParNew: 244544K->27136K(244544K), 0.0792760 secs] 698226K->540018K(790016K), 0.0793250 secs] [Times: user=0.54 sys=0.00, real=0.08 secs] 
307.669: Total time for which application threads were stopped: 0.0794800 seconds, Stopping threads took: 0.0000830 seconds
307.793: Application time: 0.1241450 seconds
307.793: [GC307.793: [ParNew: 244544K->244544K(244544K), 0.0000150 secs]307.793: [CMS308.000: [CMS-concurrent-preclean: 0.915/1.300 secs] [Times: user=8.53 sys=0.02, real=1.30 secs] 
 (concurrent mode failure): 512882K->131116K(545472K), 0.5710430 secs] 757426K->131116K(790016K), [CMS Perm : 9148K->9148K(21248K)], 0.5711180 secs] [Times: user=0.57 sys=0.00, real=0.57 secs] 
308.364: Total time for which application threads were stopped: 0.5712950 seconds, Stopping threads took: 0.0000890 seconds
308.457: Application time: 0.0930860 seconds
308.458: [GC308.458: [ParNew: 217408K->27136K(244544K), 0.0373510 secs] 348524K->180404K(790016K), 0.0374010 secs] [Times: user=0.27 sys=0.00, real=0.03 secs] 
308.495: Total time for which application threads were stopped: 0.0376030 seconds, Stopping threads took: 0.0001160 seconds
308.598: Application time: 0.1034210 seconds
308.601: [GC308.601: [ParNew: 244544K->27136K(244544K), 0.0502950 secs] 397812K->213816K(790016K), 0.0503460 secs] [Times: user=0.35 sys=0.00, real=0.05 secs] 
308.651: Total time for which application threads were stopped: 0.0527330 seconds, Stopping threads took: 0.0022830 seconds
308.732: Application time: 0.0805360 seconds
308.732: [GC308.732: [ParNew: 244544K->27135K(244544K), 0.0669860 secs] 431224K->268494K(790016K), 0.0670380 secs] [Times: user=0.46 sys=0.00, real=0.07 secs] 
308.799: Total time for which application threads were stopped: 0.0672210 seconds, Stopping threads took: 0.0001070 seconds
308.799: Application time: 0.0001280 seconds
308.799: [GC [1 CMS-initial-mark: 241358K(545472K)] 272052K(790016K), 0.0210850 secs] [Times: user=0.02 sys=0.00, real=0.02 secs] 
308.820: Total time for which application threads were stopped: 0.0212340 seconds, Stopping threads took: 0.0000980 seconds
308.820: [CMS-concurrent-mark-start]
308.950: Application time: 0.1297800 seconds
308.950: [GC308.950: [ParNew: 244543K->27135K(244544K), 0.0608410 secs] 485902K->305557K(790016K), 0.0608880 secs] [Times: user=0.43 sys=0.00, real=0.06 secs] 
309.011: Total time for which application threads were stopped: 0.0610250 seconds, Stopping threads took: 0.0000640 seconds
309.087: [CMS-concurrent-mark: 0.206/0.267 secs] [Times: user=2.05 sys=0.01, real=0.27 secs] 
309.087: [CMS-concurrent-preclean-start]
309.119: Application time: 0.1082090 seconds
309.119: [GC309.119: [ParNew: 244543K->27135K(244544K), 0.0715950 secs] 522965K->353156K(790016K), 0.0716450 secs] [Times: user=0.50 sys=0.00, real=0.07 secs] 
309.191: Total time for which application threads were stopped: 0.0718270 seconds, Stopping threads took: 0.0000970 seconds
309.300: Application time: 0.1091520 seconds
309.300: [GC309.300: [ParNew: 244543K->27134K(244544K), 0.0563920 secs] 570564K->386783K(790016K), 0.0564400 secs] [Times: user=0.40 sys=0.00, real=0.06 secs] 
309.357: Total time for which application threads were stopped: 0.0565980 seconds, Stopping threads took: 0.0000850 seconds
309.480: Application time: 0.1231470 seconds
309.480: [GC309.480: [ParNew: 244542K->27136K(244544K), 0.0476590 secs] 604191K->412187K(790016K), 0.0477090 secs] [Times: user=0.34 sys=0.00, real=0.05 secs] 
309.528: Total time for which application threads were stopped: 0.0479090 seconds, Stopping threads took: 0.0001270 seconds
309.627: Application time: 0.0995690 seconds
309.628: [GC309.628: [ParNew: 244544K->27136K(244544K), 0.0618970 secs] 629595K->452503K(790016K), 0.0619450 secs] [Times: user=0.43 sys=0.00, real=0.06 secs] 
309.690: Total time for which application threads were stopped: 0.0621130 seconds, Stopping threads took: 0.0000860 seconds
309.777: Application time: 0.0876260 seconds
309.777: [GC309.777: [ParNew: 244544K->27136K(244544K), 0.0806040 secs] 669911K->513594K(790016K), 0.0806530 secs] [Times: user=0.55 sys=0.00, real=0.08 secs] 
309.858: Total time for which application threads were stopped: 0.0809110 seconds, Stopping threads took: 0.0001670 seconds
309.988: Application time: 0.1299780 seconds
309.988: [GC309.988: [ParNew: 244544K->244544K(244544K), 0.0000140 secs]309.988: [CMS310.183: [CMS-concurrent-preclean: 0.772/1.096 secs] [Times: user=7.07 sys=0.00, real=1.09 secs] 
 (concurrent mode failure): 486458K->129360K(545472K), 0.5787630 secs] 731002K->129360K(790016K), [CMS Perm : 9148K->9148K(21248K)], 0.5788510 secs] [Times: user=0.58 sys=0.00, real=0.58 secs] 
310.567: Total time for which application threads were stopped: 0.5790390 seconds, Stopping threads took: 0.0000990 seconds
310.662: Application time: 0.0946790 seconds
310.662: [GC310.662: [ParNew: 217408K->27136K(244544K), 0.0336370 secs] 346768K->174651K(790016K), 0.0336870 secs] [Times: user=0.24 sys=0.00, real=0.03 secs] 
310.696: Total time for which application threads were stopped: 0.0338940 seconds, Stopping threads took: 0.0001220 seconds
310.790: Application time: 0.0937920 seconds
310.790: [GC310.790: [ParNew: 244544K->27136K(244544K), 0.0562820 secs] 392059K->217960K(790016K), 0.0563320 secs] [Times: user=0.39 sys=0.00, real=0.06 secs] 
310.846: Total time for which application threads were stopped: 0.0565410 seconds, Stopping threads took: 0.0001380 seconds
310.921: Application time: 0.0750080 seconds
310.921: [GC310.921: [ParNew: 244544K->27136K(244544K), 0.0748740 secs] 435368K->281142K(790016K), 0.0749330 secs] [Times: user=0.50 sys=0.00, real=0.07 secs] 
310.996: Total time for which application threads were stopped: 0.0751110 seconds, Stopping threads took: 0.0001060 seconds
310.996: Application time: 0.0000670 seconds
310.996: [GC [1 CMS-initial-mark: 254006K(545472K)] 283009K(790016K), 0.0203330 secs] [Times: user=0.03 sys=0.00, real=0.03 secs] 
311.017: Total time for which application threads were stopped: 0.0204430 seconds, Stopping threads took: 0.0000600 seconds
311.017: [CMS-concurrent-mark-start]
311.158: Application time: 0.1413520 seconds
311.158: [GC311.158: [ParNew: 244544K->27134K(244544K), 0.0521750 secs] 498550K->307271K(790016K), 0.0522260 secs] [Times: user=0.37 sys=0.00, real=0.05 secs] 
311.210: Total time for which application threads were stopped: 0.0523910 seconds, Stopping threads took: 0.0000910 seconds
311.263: [CMS-concurrent-mark: 0.194/0.246 secs] [Times: user=1.91 sys=0.00, real=0.24 secs] 
311.263: [CMS-concurrent-preclean-start]
311.337: Application time: 0.1267340 seconds
311.337: [GC311.337: [ParNew: 244542K->27136K(244544K), 0.0547010 secs] 524679K->336506K(790016K), 0.0547510 secs] [Times: user=0.39 sys=0.00, real=0.05 secs] 
311.392: Total time for which application threads were stopped: 0.0549210 seconds, Stopping threads took: 0.0000850 seconds
311.486: Application time: 0.0943440 seconds
311.487: [GC311.487: [ParNew: 244544K->27136K(244544K), 0.0665930 secs] 553914K->381977K(790016K), 0.0666350 secs] [Times: user=0.46 sys=0.00, real=0.06 secs] 
311.553: Total time for which application threads were stopped: 0.0668050 seconds, Stopping threads took: 0.0000980 seconds
311.652: Application time: 0.0985500 seconds
311.652: [GC311.652: [ParNew: 244544K->27136K(244544K), 0.0668260 secs] 599385K->426799K(790016K), 0.0668740 secs] [Times: user=0.46 sys=0.00, real=0.07 secs] 
311.719: Total time for which application threads were stopped: 0.0670260 seconds, Stopping threads took: 0.0000790 seconds
311.825: Application time: 0.1060510 seconds
311.825: [GC311.825: [ParNew: 244544K->27136K(244544K), 0.0650120 secs] 644207K->464885K(790016K), 0.0650620 secs] [Times: user=0.46 sys=0.00, real=0.06 secs] 
311.890: Total time for which application threads were stopped: 0.0652040 seconds, Stopping threads took: 0.0000700 seconds
312.008: Application time: 0.1183090 seconds
312.009: [GC312.009: [ParNew: 244544K->27136K(244544K), 0.0535460 secs] 682293K->493128K(790016K), 0.0535940 secs] [Times: user=0.38 sys=0.00, real=0.05 secs] 
312.062: Total time for which application threads were stopped: 0.0537460 seconds, Stopping threads took: 0.0000710 seconds
312.172: Application time: 0.1096970 seconds
312.172: [GC312.172: [ParNew: 244544K->27136K(244544K), 0.0518170 secs] 710536K->523348K(790016K), 0.0518700 secs] [Times: user=0.36 sys=0.00, real=0.05 secs] 
312.224: Total time for which application threads were stopped: 0.0520330 seconds, Stopping threads took: 0.0000870 seconds
312.313: Application time: 0.0891110 seconds
312.313: [GC312.313: [ParNew (promotion failed): 244544K->244544K(244544K), 3.0534080 secs]315.367: [CMS315.585: [CMS-concurrent-preclean: 0.904/4.322 secs] [Times: user=13.04 sys=0.57, real=4.33 secs] 
 (concurrent mode failure): 541788K->136637K(545472K), 0.5761700 secs] 740756K->136637K(790016K), [CMS Perm : 9148K->9148K(21248K)], 3.6296570 secs] [Times: user=5.38 sys=0.54, real=3.63 secs] 
315.943: Total time for which application threads were stopped: 3.6298180 seconds, Stopping threads took: 0.0000860 seconds
316.039: Application time: 0.0964520 seconds
316.039: [GC316.039: [ParNew: 217408K->27136K(244544K), 0.0372400 secs] 354045K->184740K(790016K), 0.0372890 secs] [Times: user=0.27 sys=0.00, real=0.04 secs] 
316.077: Total time for which application threads were stopped: 0.0374740 seconds, Stopping threads took: 0.0001010 seconds
316.173: Application time: 0.0966930 seconds
316.174: [GC316.174: [ParNew: 244544K->27136K(244544K), 0.0595920 secs] 402148K->228143K(790016K), 0.0596510 secs] [Times: user=0.42 sys=0.00, real=0.06 secs] 
316.233: Total time for which application threads were stopped: 0.0598210 seconds, Stopping threads took: 0.0000960 seconds
316.336: Application time: 0.1031020 seconds
316.337: [GC316.337: [ParNew: 244544K->27136K(244544K), 0.0473960 secs] 445551K->255168K(790016K), 0.0474450 secs] [Times: user=0.33 sys=0.00, real=0.04 secs] 
316.384: Total time for which application threads were stopped: 0.0476220 seconds, Stopping threads took: 0.0001050 seconds
316.473: Application time: 0.0893210 seconds
316.473: [GC316.474: [ParNew: 244544K->27136K(244544K), 0.0596540 secs] 472576K->299046K(790016K), 0.0597010 secs] [Times: user=0.41 sys=0.00, real=0.06 secs] 
316.533: Total time for which application threads were stopped: 0.0598590 seconds, Stopping threads took: 0.0000860 seconds
316.622: Application time: 0.0888410 seconds
316.622: [GC316.622: [ParNew: 244544K->27136K(244544K), 0.0693380 secs] 516454K->351136K(790016K), 0.0693880 secs] [Times: user=0.48 sys=0.00, real=0.07 secs] 
316.692: Total time for which application threads were stopped: 0.0696000 seconds, Stopping threads took: 0.0001250 seconds
316.716: Application time: 0.0248100 seconds
316.721: [GC [1 CMS-initial-mark: 324000K(545472K)] 406120K(790016K), 0.0544020 secs] [Times: user=0.05 sys=0.00, real=0.05 secs] 
316.775: Total time for which application threads were stopped: 0.0584790 seconds, Stopping threads took: 0.0040210 seconds
316.775: [CMS-concurrent-mark-start]
316.863: Application time: 0.0883770 seconds
316.863: [GC316.863: [ParNew: 244544K->27136K(244544K), 0.0666080 secs] 568544K->391365K(790016K), 0.0666580 secs] [Times: user=0.47 sys=0.00, real=0.07 secs] 
316.930: Total time for which application threads were stopped: 0.0667860 seconds, Stopping threads took: 0.0000560 seconds
317.059: Application time: 0.1284100 seconds
317.059: [GC317.059: [ParNew: 244544K->27136K(244544K), 0.0493940 secs] 608773K->418427K(790016K), 0.0494430 secs] [Times: user=0.35 sys=0.00, real=0.05 secs] 
317.108: Total time for which application threads were stopped: 0.0495970 seconds, Stopping threads took: 0.0000810 seconds
317.113: [CMS-concurrent-mark: 0.221/0.338 secs] [Times: user=2.58 sys=0.00, real=0.34 secs] 
317.113: [CMS-concurrent-preclean-start]
317.216: Application time: 0.1076580 seconds
317.216: [GC317.216: [ParNew: 244544K->27136K(244544K), 0.0674240 secs] 635835K->458734K(790016K), 0.0674750 secs] [Times: user=0.48 sys=0.00, real=0.07 secs] 
317.283: Total time for which application threads were stopped: 0.0675720 seconds, Stopping threads took: 0.0000120 seconds
317.394: Application time: 0.1110480 seconds
317.395: [GC317.395: [ParNew: 244544K->27136K(244544K), 0.0542230 secs] 676142K->492065K(790016K), 0.0542720 secs] [Times: user=0.38 sys=0.00, real=0.06 secs] 
317.449: Total time for which application threads were stopped: 0.0544370 seconds, Stopping threads took: 0.0000920 seconds
317.551: Application time: 0.1024390 seconds
317.551: [GC317.551: [ParNew: 244544K->27136K(244544K), 0.0696830 secs] 709473K->536371K(790016K), 0.0697300 secs] [Times: user=0.49 sys=0.00, real=0.07 secs] 
317.621: Total time for which application threads were stopped: 0.0699240 seconds, Stopping threads took: 0.0001220 seconds
317.723: Application time: 0.1019650 seconds
317.723: [GC317.723: [ParNew: 244544K->244544K(244544K), 0.0000120 secs]317.723: [CMS317.880: [CMS-concurrent-preclean: 0.572/0.767 secs] [Times: user=4.84 sys=0.00, real=0.77 secs] 
 (concurrent mode failure): 509235K->146464K(545472K), 0.5465980 secs] 753779K->146464K(790016K), [CMS Perm : 9148K->9148K(21248K)], 0.5466690 secs] [Times: user=0.54 sys=0.00, real=0.55 secs] 
318.270: Total time for which application threads were stopped: 0.5468430 seconds, Stopping threads took: 0.0000870 seconds
318.369: Application time: 0.0992580 seconds
318.370: [GC318.370: [ParNew: 217408K->27136K(244544K), 0.0292760 secs] 363872K->186235K(790016K), 0.0293270 secs] [Times: user=0.22 sys=0.00, real=0.03 secs] 
318.399: Total time for which application threads were stopped: 0.0295820 seconds, Stopping threads took: 0.0001550 seconds
318.501: Application time: 0.1024490 seconds
318.505: [GC318.505: [ParNew: 244544K->27136K(244544K), 0.0483140 secs] 403643K->218292K(790016K), 0.0483620 secs] [Times: user=0.34 sys=0.00, real=0.04 secs] 
318.553: Total time for which application threads were stopped: 0.0517810 seconds, Stopping threads took: 0.0033370 seconds
318.644: Application time: 0.0912890 seconds
318.645: [GC318.645: [ParNew: 244270K->27136K(244544K), 0.0603750 secs] 435427K->263289K(790016K), 0.0604220 secs] [Times: user=0.41 sys=0.00, real=0.06 secs] 
318.705: Total time for which application threads were stopped: 0.0606240 seconds, Stopping threads took: 0.0001290 seconds
318.705: Application time: 0.0001280 seconds
318.705: [GC [1 CMS-initial-mark: 236153K(545472K)] 266912K(790016K), 0.0205160 secs] [Times: user=0.02 sys=0.00, real=0.02 secs] 
318.726: Total time for which application threads were stopped: 0.0207010 seconds, Stopping threads took: 0.0001350 seconds
318.726: [CMS-concurrent-mark-start]
318.834: Application time: 0.1077430 seconds
318.834: [GC318.834: [ParNew: 244544K->27136K(244544K), 0.0720260 secs] 480697K->311286K(790016K), 0.0720730 secs] [Times: user=0.51 sys=0.00, real=0.08 secs] 
318.906: Total time for which application threads were stopped: 0.0723030 seconds, Stopping threads took: 0.0001370 seconds
318.984: [CMS-concurrent-mark: 0.185/0.258 secs] [Times: user=1.96 sys=0.00, real=0.25 secs] 
318.984: [CMS-concurrent-preclean-start]
319.038: Application time: 0.1324320 seconds
319.039: [GC319.039: [ParNew: 244544K->27136K(244544K), 0.0478110 secs] 528694K->337262K(790016K), 0.0478570 secs] [Times: user=0.35 sys=0.00, real=0.05 secs] 
319.086: Total time for which application threads were stopped: 0.0480450 seconds, Stopping threads took: 0.0001040 seconds
319.188: Application time: 0.1015550 seconds
319.188: [GC319.188: [ParNew: 244544K->27136K(244544K), 0.0558720 secs] 554670K->372166K(790016K), 0.0559200 secs] [Times: user=0.39 sys=0.00, real=0.05 secs] 
319.244: Total time for which application threads were stopped: 0.0560800 seconds, Stopping threads took: 0.0000870 seconds
319.344: Application time: 0.0999130 seconds
319.344: [GC319.344: [ParNew: 244544K->27136K(244544K), 0.0680600 secs] 589574K->419368K(790016K), 0.0681100 secs] [Times: user=0.47 sys=0.00, real=0.07 secs] 
319.412: Total time for which application threads were stopped: 0.0682520 seconds, Stopping threads took: 0.0000710 seconds
319.502: Application time: 0.0895040 seconds
319.502: [GC319.502: [ParNew: 244544K->27136K(244544K), 0.0794620 secs] 636776K->477533K(790016K), 0.0795130 secs] [Times: user=0.54 sys=0.00, real=0.08 secs] 
319.581: Total time for which application threads were stopped: 0.0796720 seconds, Stopping threads took: 0.0000850 seconds
319.716: Application time: 0.1350500 seconds
319.717: [GC319.717: [ParNew: 244544K->27136K(244544K), 0.0497080 secs] 694941K->501962K(790016K), 0.0497600 secs] [Times: user=0.36 sys=0.00, real=0.05 secs] 
319.766: Total time for which application threads were stopped: 0.0499540 seconds, Stopping threads took: 0.0001040 seconds
319.880: Application time: 0.1134430 seconds
319.880: [GC319.880: [ParNew: 244544K->27136K(244544K), 0.0523770 secs] 719370K->530445K(790016K), 0.0524280 secs] [Times: user=0.36 sys=0.01, real=0.05 secs] 
319.932: Total time for which application threads were stopped: 0.0526010 seconds, Stopping threads took: 0.0000860 seconds
320.026: Application time: 0.0938590 seconds
320.026: [GC320.026: [ParNew: 244544K->244544K(244544K), 0.0000140 secs]320.026: [CMS320.212: [CMS-concurrent-preclean: 0.869/1.228 secs] [Times: user=8.16 sys=0.02, real=1.23 secs] 
 (concurrent mode failure): 503309K->125772K(545472K), 0.5205740 secs] 747853K->125772K(790016K), [CMS Perm : 9148K->9148K(21248K)], 0.5206470 secs] [Times: user=0.52 sys=0.00, real=0.52 secs] 
320.547: Total time for which application threads were stopped: 0.5208140 seconds, Stopping threads took: 0.0000930 seconds
320.628: Application time: 0.0804200 seconds
320.628: [GC320.628: [ParNew: 217408K->27136K(244544K), 0.0501850 secs] 343180K->193031K(790016K), 0.0502420 secs] [Times: user=0.35 sys=0.00, real=0.05 secs] 
320.678: Total time for which application threads were stopped: 0.0503910 seconds, Stopping threads took: 0.0000670 seconds
320.786: Application time: 0.1078550 seconds
320.786: [GC320.786: [ParNew: 244544K->27136K(244544K), 0.0528300 secs] 410439K->222021K(790016K), 0.0528800 secs] [Times: user=0.38 sys=0.01, real=0.05 secs] 
320.839: Total time for which application threads were stopped: 0.0531590 seconds, Stopping threads took: 0.0002060 seconds
320.946: Application time: 0.1071110 seconds
320.946: [GC320.946: [ParNew: 244544K->27136K(244544K), 0.0436910 secs] 439429K->245879K(790016K), 0.0437420 secs] [Times: user=0.31 sys=0.00, real=0.04 secs] 
320.990: Total time for which application threads were stopped: 0.0439820 seconds, Stopping threads took: 0.0001660 seconds
321.072: Application time: 0.0819710 seconds
321.077: [GC321.077: [ParNew: 244544K->27136K(244544K), 0.0626230 secs] 463287K->295073K(790016K), 0.0626720 secs] [Times: user=0.43 sys=0.00, real=0.06 secs] 
321.139: Total time for which application threads were stopped: 0.0672070 seconds, Stopping threads took: 0.0044640 seconds
321.139: Application time: 0.0001060 seconds
321.140: [GC [1 CMS-initial-mark: 267937K(545472K)] 298259K(790016K), 0.0205660 secs] [Times: user=0.02 sys=0.00, real=0.02 secs] 
321.160: Total time for which application threads were stopped: 0.0207770 seconds, Stopping threads took: 0.0001390 seconds
321.160: [CMS-concurrent-mark-start]
321.264: Application time: 0.1040340 seconds
321.264: [GC321.264: [ParNew: 244544K->27136K(244544K), 0.0712510 secs] 512481K->345560K(790016K), 0.0713010 secs] [Times: user=0.48 sys=0.01, real=0.07 secs] 
321.336: Total time for which application threads were stopped: 0.0714610 seconds, Stopping threads took: 0.0000860 seconds
321.448: [CMS-concurrent-mark: 0.216/0.288 secs] [Times: user=2.20 sys=0.01, real=0.29 secs] 
321.448: [CMS-concurrent-preclean-start]
321.452: Application time: 0.1165620 seconds
321.452: [GC321.452: [ParNew: 244544K->27136K(244544K), 0.0657960 secs] 562968K->387810K(790016K), 0.0658480 secs] [Times: user=0.45 sys=0.00, real=0.07 secs] 
321.518: Total time for which application threads were stopped: 0.0660180 seconds, Stopping threads took: 0.0000940 seconds
321.643: Application time: 0.1248160 seconds
321.643: [GC321.643: [ParNew: 244544K->27090K(244544K), 0.0477280 secs] 605218K->412211K(790016K), 0.0477780 secs] [Times: user=0.34 sys=0.00, real=0.05 secs] 
321.691: Total time for which application threads were stopped: 0.0479700 seconds, Stopping threads took: 0.0001030 seconds
321.792: Application time: 0.1010210 seconds
321.792: [GC321.792: [ParNew: 244498K->27136K(244544K), 0.0590440 secs] 629619K->450448K(790016K), 0.0590960 secs] [Times: user=0.41 sys=0.00, real=0.06 secs] 
321.851: Total time for which application threads were stopped: 0.0592720 seconds, Stopping threads took: 0.0001000 seconds
321.957: Application time: 0.1055160 seconds
321.957: [GC321.957: [ParNew: 244544K->27136K(244544K), 0.0629050 secs] 667856K->491055K(790016K), 0.0629550 secs] [Times: user=0.44 sys=0.00, real=0.06 secs] 
322.020: Total time for which application threads were stopped: 0.0631390 seconds, Stopping threads took: 0.0001090 seconds
322.130: Application time: 0.1101980 seconds
322.130: [GC322.130: [ParNew: 244544K->27136K(244544K), 0.0612690 secs] 708463K->529194K(790016K), 0.0613190 secs] [Times: user=0.43 sys=0.00, real=0.06 secs] 
322.192: Total time for which application threads were stopped: 0.0615100 seconds, Stopping threads took: 0.0001170 seconds
322.304: Application time: 0.1121010 seconds
322.304: [GC322.304: [ParNew: 244544K->27136K(244544K), 0.0579950 secs] 746602K->564998K(790016K), 0.0580450 secs] [Times: user=0.40 sys=0.00, real=0.06 secs] 
322.362: Total time for which application threads were stopped: 0.0582320 seconds, Stopping threads took: 0.0001030 seconds
322.458: Application time: 0.0955110 seconds
322.461: [GC322.461: [ParNew: 244478K->244478K(244544K), 0.0000160 secs]322.461: [CMS322.645: [CMS-concurrent-preclean: 0.834/1.197 secs] [Times: user=7.91 sys=0.01, real=1.20 secs] 
 (concurrent mode failure): 537862K->128580K(545472K), 0.5411170 secs] 782340K->128580K(790016K), [CMS Perm : 9148K->9148K(21248K)], 0.5412030 secs] [Times: user=0.54 sys=0.00, real=0.54 secs] 
323.002: Total time for which application threads were stopped: 0.5442590 seconds, Stopping threads took: 0.0029830 seconds
323.093: Application time: 0.0915100 seconds
323.094: [GC323.094: [ParNew: 217408K->27136K(244544K), 0.0439970 secs] 345988K->185002K(790016K), 0.0440450 secs] [Times: user=0.31 sys=0.00, real=0.05 secs] 
323.138: Total time for which application threads were stopped: 0.0443090 seconds, Stopping threads took: 0.0001560 seconds
323.243: Application time: 0.1054160 seconds
323.243: [GC323.243: [ParNew: 244544K->27136K(244544K), 0.0564970 secs] 402410K->218990K(790016K), 0.0565470 secs] [Times: user=0.40 sys=0.00, real=0.06 secs] 
323.300: Total time for which application threads were stopped: 0.0567310 seconds, Stopping threads took: 0.0001110 seconds
323.392: Application time: 0.0923440 seconds
323.392: [GC323.392: [ParNew: 244544K->27136K(244544K), 0.0571420 secs] 436398K->257738K(790016K), 0.0571890 secs] [Times: user=0.40 sys=0.00, real=0.06 secs] 
323.449: Total time for which application threads were stopped: 0.0573610 seconds, Stopping threads took: 0.0000960 seconds
323.543: Application time: 0.0938080 seconds
323.543: [GC323.543: [ParNew: 244544K->27136K(244544K), 0.0577430 secs] 475146K->298389K(790016K), 0.0577890 secs] [Times: user=0.39 sys=0.00, real=0.06 secs] 
323.601: Total time for which application threads were stopped: 0.0579620 seconds, Stopping threads took: 0.0001020 seconds
323.616: Application time: 0.0152400 seconds
323.619: [GC [1 CMS-initial-mark: 271253K(545472K)] 344152K(790016K), 0.0406390 secs] [Times: user=0.04 sys=0.00, real=0.04 secs] 
323.660: Total time for which application threads were stopped: 0.0430630 seconds, Stopping threads took: 0.0023550 seconds
323.660: [CMS-concurrent-mark-start]
323.756: Application time: 0.0966440 seconds
323.756: [GC323.756: [ParNew: 244544K->27136K(244544K), 0.0647260 secs] 515797K->340461K(790016K), 0.0647740 secs] [Times: user=0.45 sys=0.00, real=0.07 secs] 
323.821: Total time for which application threads were stopped: 0.0649090 seconds, Stopping threads took: 0.0000620 seconds
323.918: [CMS-concurrent-mark: 0.193/0.258 secs] [Times: user=1.99 sys=0.00, real=0.26 secs] 
323.918: [CMS-concurrent-preclean-start]
323.938: Application time: 0.1167660 seconds
323.938: [GC323.938: [ParNew: 244544K->27136K(244544K), 0.0602260 secs] 557869K->378517K(790016K), 0.0602760 secs] [Times: user=0.41 sys=0.00, real=0.06 secs] 
323.998: Total time for which application threads were stopped: 0.0605270 seconds, Stopping threads took: 0.0001800 seconds
324.106: Application time: 0.1076150 seconds
324.106: [GC324.106: [ParNew: 244544K->27136K(244544K), 0.0535600 secs] 595925K->411874K(790016K), 0.0536080 secs] [Times: user=0.38 sys=0.00, real=0.05 secs] 
324.160: Total time for which application threads were stopped: 0.0537630 seconds, Stopping threads took: 0.0000810 seconds
324.267: Application time: 0.1069990 seconds
324.267: [GC324.267: [ParNew: 244544K->27136K(244544K), 0.0631790 secs] 629282K->453261K(790016K), 0.0632290 secs] [Times: user=0.44 sys=0.00, real=0.06 secs] 
324.330: Total time for which application threads were stopped: 0.0634240 seconds, Stopping threads took: 0.0001120 seconds
324.442: Application time: 0.1114940 seconds
324.442: [GC324.442: [ParNew: 244544K->27136K(244544K), 0.0627660 secs] 670669K->492806K(790016K), 0.0628150 secs] [Times: user=0.44 sys=0.00, real=0.07 secs] 
324.505: Total time for which application threads were stopped: 0.0631700 seconds, Stopping threads took: 0.0002630 seconds
324.607: Application time: 0.1021130 seconds
324.607: [GC324.607: [ParNew: 244544K->27136K(244544K), 0.0642990 secs] 710214K->533119K(790016K), 0.0643510 secs] [Times: user=0.45 sys=0.00, real=0.06 secs] 
324.672: Total time for which application threads were stopped: 0.0645510 seconds, Stopping threads took: 0.0001260 seconds
324.780: Application time: 0.1087050 seconds
324.780: [GC324.780: [ParNew: 244544K->244544K(244544K), 0.0000230 secs]324.780: [CMS324.956: [CMS-concurrent-preclean: 0.729/1.038 secs] [Times: user=6.75 sys=0.00, real=1.03 secs] 
 (concurrent mode failure): 505983K->129707K(545472K), 0.5269110 secs] 750527K->129707K(790016K), [CMS Perm : 9148K->9148K(21248K)], 0.5269930 secs] [Times: user=0.52 sys=0.00, real=0.53 secs] 
325.307: Total time for which application threads were stopped: 0.5271570 seconds, Stopping threads took: 0.0000790 seconds
325.401: Application time: 0.0936390 seconds
325.401: [GC325.401: [ParNew: 217292K->27136K(244544K), 0.0417080 secs] 346999K->183297K(790016K), 0.0417580 secs] [Times: user=0.29 sys=0.00, real=0.04 secs] 
325.443: Total time for which application threads were stopped: 0.0420770 seconds, Stopping threads took: 0.0002140 seconds
325.550: Application time: 0.1064210 seconds
325.550: [GC325.550: [ParNew: 244544K->27136K(244544K), 0.0520750 secs] 400705K->214354K(790016K), 0.0521270 secs] [Times: user=0.37 sys=0.00, real=0.05 secs] 
325.602: Total time for which application threads were stopped: 0.0524140 seconds, Stopping threads took: 0.0002150 seconds
325.690: Application time: 0.0876200 seconds
325.690: [GC325.690: [ParNew: 244544K->27136K(244544K), 0.0596630 secs] 431762K->259973K(790016K), 0.0597130 secs] [Times: user=0.41 sys=0.00, real=0.06 secs] 
325.750: Total time for which application threads were stopped: 0.0599020 seconds, Stopping threads took: 0.0001170 seconds
325.750: Application time: 0.0001310 seconds
325.750: [GC [1 CMS-initial-mark: 232837K(545472K)] 263514K(790016K), 0.0200810 secs] [Times: user=0.02 sys=0.00, real=0.02 secs] 
325.770: Total time for which application threads were stopped: 0.0202220 seconds, Stopping threads took: 0.0000890 seconds
325.770: [CMS-concurrent-mark-start]
325.894: [CMS-concurrent-mark: 0.124/0.124 secs] [Times: user=0.99 sys=0.00, real=0.12 secs] 
325.894: [CMS-concurrent-preclean-start]
325.899: Application time: 0.1293590 seconds
325.899: [GC325.899: [ParNew: 244544K->27136K(244544K), 0.0545610 secs] 477381K->291075K(790016K), 0.0546180 secs] [Times: user=0.38 sys=0.00, real=0.05 secs] 
325.955: Total time for which application threads were stopped: 0.0562470 seconds, Stopping threads took: 0.0001090 seconds
325.957: [CMS-concurrent-preclean: 0.007/0.063 secs] [Times: user=0.44 sys=0.00, real=0.07 secs] 
325.957: [CMS-concurrent-abortable-preclean-start]
326.058: Application time: 0.1027160 seconds
326.058: [GC326.058: [ParNew: 244544K->27136K(244544K), 0.0630010 secs] 508483K->331543K(790016K), 0.0630480 secs] [Times: user=0.44 sys=0.00, real=0.06 secs] 
326.121: Total time for which application threads were stopped: 0.0632150 seconds, Stopping threads took: 0.0000860 seconds
326.222: Application time: 0.1002980 seconds
326.222: [GC326.222: [ParNew: 244544K->27136K(244544K), 0.0647820 secs] 548951K->374767K(790016K), 0.0648320 secs] [Times: user=0.45 sys=0.00, real=0.07 secs] 
326.287: Total time for which application threads were stopped: 0.0649890 seconds, Stopping threads took: 0.0000830 seconds
326.397: Application time: 0.1106690 seconds
326.397: [GC326.398: [ParNew: 244544K->27136K(244544K), 0.0530120 secs] 592175K->407302K(790016K), 0.0530610 secs] [Times: user=0.37 sys=0.00, real=0.05 secs] 
326.451: Total time for which application threads were stopped: 0.0532200 seconds, Stopping threads took: 0.0000850 seconds
326.452: [CMS-concurrent-abortable-preclean: 0.312/0.495 secs] [Times: user=3.76 sys=0.00, real=0.49 secs] 
326.452: Application time: 0.0013440 seconds
326.452: [GC[YG occupancy: 31089 K (244544 K)]326.452: [Rescan (parallel) , 0.0387000 secs]326.491: [weak refs processing, 0.0000090 secs]326.491: [scrub string table, 0.0001590 secs] [1 CMS-remark: 380166K(545472K)] 411256K(790016K), 0.0389080 secs] [Times: user=0.31 sys=0.00, real=0.04 secs] 
326.491: Total time for which application threads were stopped: 0.0390190 seconds, Stopping threads took: 0.0000670 seconds
326.491: [CMS-concurrent-sweep-start]
326.599: Application time: 0.1083180 seconds
326.599: [GC326.599: [ParNew: 244544K->27136K(244544K), 0.0704470 secs] 546679K->375209K(790016K), 0.0704950 secs] [Times: user=0.46 sys=0.00, real=0.07 secs] 
326.670: Total time for which application threads were stopped: 0.0706810 seconds, Stopping threads took: 0.0001020 seconds
326.784: Application time: 0.1141660 seconds
326.784: [GC326.784: [ParNew: 244544K->27136K(244544K), 0.0707050 secs] 564023K->384298K(790016K), 0.0707510 secs] [Times: user=0.47 sys=0.00, real=0.07 secs] 
326.855: Total time for which application threads were stopped: 0.0708790 seconds, Stopping threads took: 0.0000600 seconds
326.867: [CMS-concurrent-sweep: 0.234/0.376 secs] [Times: user=2.78 sys=0.01, real=0.38 secs] 
326.867: [CMS-concurrent-reset-start]
326.868: [CMS-concurrent-reset: 0.001/0.001 secs] [Times: user=0.00 sys=0.00, real=0.00 secs] 
326.964: Application time: 0.1094750 seconds
326.965: [GC326.965: [ParNew: 244544K->27136K(244544K), 0.0489440 secs] 601706K->412243K(790016K), 0.0489920 secs] [Times: user=0.34 sys=0.00, real=0.04 secs] 
327.014: Total time for which application threads were stopped: 0.0491310 seconds, Stopping threads took: 0.0000660 seconds
327.014: Application time: 0.0000710 seconds
327.014: [GC [1 CMS-initial-mark: 385107K(545472K)] 415311K(790016K), 0.0205270 secs] [Times: user=0.02 sys=0.00, real=0.02 secs] 
327.034: Total time for which application threads were stopped: 0.0206550 seconds, Stopping threads took: 0.0000770 seconds
327.034: [CMS-concurrent-mark-start]
327.148: Application time: 0.1139470 seconds
327.148: [GC327.148: [ParNew: 244544K->27136K(244544K), 0.0706530 secs] 629651K->460282K(790016K), 0.0707040 secs] [Times: user=0.48 sys=0.01, real=0.07 secs] 
327.219: Total time for which application threads were stopped: 0.0708800 seconds, Stopping threads took: 0.0000840 seconds
327.295: [CMS-concurrent-mark: 0.190/0.261 secs] [Times: user=2.00 sys=0.01, real=0.26 secs] 
327.295: [CMS-concurrent-preclean-start]
327.350: Application time: 0.1311570 seconds
327.350: [GC327.350: [ParNew: 244544K->27136K(244544K), 0.0471350 secs] 677690K->483918K(790016K), 0.0471830 secs] [Times: user=0.34 sys=0.00, real=0.05 secs] 
327.398: Total time for which application threads were stopped: 0.0473330 seconds, Stopping threads took: 0.0000790 seconds
327.501: Application time: 0.1031980 seconds
327.501: [GC327.501: [ParNew: 244544K->27136K(244544K), 0.0657080 secs] 701326K->523530K(790016K), 0.0657570 secs] [Times: user=0.46 sys=0.00, real=0.07 secs] 
327.567: Total time for which application threads were stopped: 0.0659050 seconds, Stopping threads took: 0.0000730 seconds
327.668: Application time: 0.1010070 seconds
327.668: [GC327.668: [ParNew: 244544K->244544K(244544K), 0.0000150 secs]327.668: [CMS327.797: [CMS-concurrent-preclean: 0.385/0.502 secs] [Times: user=3.01 sys=0.00, real=0.51 secs] 
 (concurrent mode failure): 496394K->133995K(545472K), 0.5032050 secs] 740938K->133995K(790016K), [CMS Perm : 9148K->9148K(21248K)], 0.5032800 secs] [Times: user=0.50 sys=0.00, real=0.50 secs] 
328.171: Total time for which application threads were stopped: 0.5034660 seconds, Stopping threads took: 0.0000990 seconds
328.264: Application time: 0.0924740 seconds
328.264: [GC328.264: [ParNew: 217408K->27136K(244544K), 0.0378110 secs] 351403K->184045K(790016K), 0.0378590 secs] [Times: user=0.27 sys=0.00, real=0.04 secs] 
328.302: Total time for which application threads were stopped: 0.0380670 seconds, Stopping threads took: 0.0001210 seconds
328.403: Application time: 0.1007250 seconds
328.403: [GC328.403: [ParNew: 244544K->27136K(244544K), 0.0511920 secs] 401453K->218096K(790016K), 0.0512400 secs] [Times: user=0.36 sys=0.00, real=0.05 secs] 
328.454: Total time for which application threads were stopped: 0.0514320 seconds, Stopping threads took: 0.0001190 seconds
328.545: Application time: 0.0909850 seconds
328.545: [GC328.545: [ParNew: 244544K->27136K(244544K), 0.0598550 secs] 435504K->261041K(790016K), 0.0599160 secs] [Times: user=0.41 sys=0.00, real=0.06 secs] 
328.605: Total time for which application threads were stopped: 0.0600850 seconds, Stopping threads took: 0.0000930 seconds
328.616: Application time: 0.0114400 seconds
328.617: [GC [1 CMS-initial-mark: 233905K(545472K)] 284323K(790016K), 0.0368580 secs] [Times: user=0.04 sys=0.00, real=0.03 secs] 
328.654: Total time for which application threads were stopped: 0.0371490 seconds, Stopping threads took: 0.0002320 seconds
328.654: [CMS-concurrent-mark-start]
328.761: Application time: 0.1071390 seconds
328.761: [GC328.761: [ParNew: 244544K->27136K(244544K), 0.0625440 secs] 478449K->301266K(790016K), 0.0625950 secs] [Times: user=0.44 sys=0.00, real=0.06 secs] 
328.824: Total time for which application threads were stopped: 0.0627440 seconds, Stopping threads took: 0.0000760 seconds
328.913: [CMS-concurrent-mark: 0.196/0.259 secs] [Times: user=1.99 sys=0.00, real=0.26 secs] 
328.913: [CMS-concurrent-preclean-start]
328.931: Application time: 0.1078880 seconds
328.932: [GC328.932: [ParNew: 244544K->27135K(244544K), 0.0683680 secs] 518674K->344063K(790016K), 0.0684180 secs] [Times: user=0.48 sys=0.00, real=0.07 secs] 
329.000: Total time for which application threads were stopped: 0.0686360 seconds, Stopping threads took: 0.0001110 seconds
329.120: Application time: 0.1203030 seconds
329.120: [GC329.121: [ParNew: 244543K->27136K(244544K), 0.0511360 secs] 561471K->371089K(790016K), 0.0511880 secs] [Times: user=0.36 sys=0.00, real=0.05 secs] 
329.172: Total time for which application threads were stopped: 0.0513620 seconds, Stopping threads took: 0.0001020 seconds
329.284: Application time: 0.1119910 seconds
329.284: [GC329.284: [ParNew: 244544K->27136K(244544K), 0.0465900 secs] 588497K->396656K(790016K), 0.0466400 secs] [Times: user=0.33 sys=0.00, real=0.05 secs] 
329.331: Total time for which application threads were stopped: 0.0468130 seconds, Stopping threads took: 0.0001000 seconds
329.421: Application time: 0.0901140 seconds
329.421: [GC329.421: [ParNew: 244544K->27136K(244544K), 0.0762150 secs] 614064K->454044K(790016K), 0.0762630 secs] [Times: user=0.52 sys=0.00, real=0.08 secs] 
329.497: Total time for which application threads were stopped: 0.0764140 seconds, Stopping threads took: 0.0000790 seconds
329.603: Application time: 0.1058990 seconds
329.603: [GC329.603: [ParNew: 244544K->27136K(244544K), 0.0544490 secs] 671452K->487073K(790016K), 0.0544980 secs] [Times: user=0.38 sys=0.00, real=0.06 secs] 
329.658: Total time for which application threads were stopped: 0.0546680 seconds, Stopping threads took: 0.0000850 seconds
329.765: Application time: 0.1076500 seconds
329.765: [GC329.765: [ParNew: 244544K->27136K(244544K), 0.0626480 secs] 704481K->527336K(790016K), 0.0626980 secs] [Times: user=0.44 sys=0.00, real=0.06 secs] 
329.828: Total time for which application threads were stopped: 0.0628440 seconds, Stopping threads took: 0.0000710 seconds
329.947: Application time: 0.1190010 seconds
329.947: [GC329.947: [ParNew: 244544K->244544K(244544K), 0.0000140 secs]329.947: [CMS330.130: [CMS-concurrent-preclean: 0.852/1.217 secs] [Times: user=8.08 sys=0.01, real=1.22 secs] 
 (concurrent mode failure): 500200K->126059K(545472K), 0.5397180 secs] 744744K->126059K(790016K), [CMS Perm : 9148K->9148K(21248K)], 0.5397930 secs] [Times: user=0.54 sys=0.00, real=0.54 secs] 
330.487: Total time for which application threads were stopped: 0.5399770 seconds, Stopping threads took: 0.0001120 seconds
330.570: Application time: 0.0827640 seconds
330.570: [GC330.570: [ParNew: 217408K->27136K(244544K), 0.0387560 secs] 343467K->180868K(790016K), 0.0388040 secs] [Times: user=0.27 sys=0.00, real=0.04 secs] 
330.609: Total time for which application threads were stopped: 0.0390300 seconds, Stopping threads took: 0.0001370 seconds
330.697: Application time: 0.0884730 seconds
330.698: [GC330.698: [ParNew: 244544K->27136K(244544K), 0.0638700 secs] 398276K->232640K(790016K), 0.0639270 secs] [Times: user=0.43 sys=0.00, real=0.06 secs] 
330.761: Total time for which application threads were stopped: 0.0641040 seconds, Stopping threads took: 0.0001060 seconds
330.868: Application time: 0.1068220 seconds
330.868: [GC330.868: [ParNew: 244544K->27134K(244544K), 0.0536000 secs] 450048K->263026K(790016K), 0.0536470 secs] [Times: user=0.38 sys=0.00, real=0.05 secs] 
330.922: Total time for which application threads were stopped: 0.0538170 seconds, Stopping threads took: 0.0000910 seconds
331.018: Application time: 0.0961040 seconds
331.018: [GC331.018: [ParNew: 244542K->27136K(244544K), 0.0586180 secs] 480434K->299844K(790016K), 0.0586760 secs] [Times: user=0.40 sys=0.00, real=0.06 secs] 
331.077: Total time for which application threads were stopped: 0.0588500 seconds, Stopping threads took: 0.0001030 seconds
331.088: Application time: 0.0113990 seconds
331.089: [GC [1 CMS-initial-mark: 272708K(545472K)] 323666K(790016K), 0.0367130 secs] [Times: user=0.04 sys=0.00, real=0.04 secs] 
331.126: Total time for which application threads were stopped: 0.0370430 seconds, Stopping threads took: 0.0002630 seconds
331.126: [CMS-concurrent-mark-start]
331.226: Application time: 0.1001390 seconds
331.226: [GC331.226: [ParNew: 244544K->27136K(244544K), 0.0585960 secs] 517252K->337425K(790016K), 0.0586590 secs] [Times: user=0.40 sys=0.01, real=0.06 secs] 
331.284: Total time for which application threads were stopped: 0.0588110 seconds, Stopping threads took: 0.0000800 seconds
331.356: [CMS-concurrent-mark: 0.171/0.230 secs] [Times: user=1.75 sys=0.01, real=0.22 secs] 
331.356: [CMS-concurrent-preclean-start]
331.393: Application time: 0.1089000 seconds
331.394: [GC331.394: [ParNew: 244544K->27136K(244544K), 0.0658760 secs] 554833K->382538K(790016K), 0.0659260 secs] [Times: user=0.45 sys=0.00, real=0.07 secs] 
331.459: Total time for which application threads were stopped: 0.0660740 seconds, Stopping threads took: 0.0000720 seconds
331.568: Application time: 0.1083530 seconds
331.568: [GC331.568: [ParNew: 244544K->27136K(244544K), 0.0602840 secs] 599946K->418823K(790016K), 0.0603360 secs] [Times: user=0.43 sys=0.00, real=0.06 secs] 
331.628: Total time for which application threads were stopped: 0.0605130 seconds, Stopping threads took: 0.0001030 seconds
331.742: Application time: 0.1133060 seconds
331.742: [GC331.742: [ParNew: 244544K->27136K(244544K), 0.0545050 secs] 636231K->450981K(790016K), 0.0545540 secs] [Times: user=0.39 sys=0.00, real=0.05 secs] 
331.796: Total time for which application threads were stopped: 0.0547380 seconds, Stopping threads took: 0.0000980 seconds
331.891: Application time: 0.0946970 seconds
331.891: [GC331.891: [ParNew: 244544K->27135K(244544K), 0.0668750 secs] 668389K->496787K(790016K), 0.0669230 secs] [Times: user=0.46 sys=0.00, real=0.07 secs] 
331.958: Total time for which application threads were stopped: 0.0670980 seconds, Stopping threads took: 0.0001040 seconds
332.060: Application time: 0.1016440 seconds
332.060: [GC332.060: [ParNew: 244543K->27134K(244544K), 0.0650020 secs] 714195K->539590K(790016K), 0.0650510 secs] [Times: user=0.45 sys=0.00, real=0.07 secs] 
332.125: Total time for which application threads were stopped: 0.0652250 seconds, Stopping threads took: 0.0000990 seconds
332.238: Application time: 0.1129880 seconds
332.238: [GC332.238: [ParNew: 244542K->244542K(244544K), 0.0000150 secs]332.238: [CMS332.424: [CMS-concurrent-preclean: 0.751/1.068 secs] [Times: user=6.91 sys=0.01, real=1.07 secs] 
 (concurrent mode failure): 512456K->135426K(545472K), 0.5781110 secs] 756998K->135426K(790016K), [CMS Perm : 9148K->9148K(21248K)], 0.5781890 secs] [Times: user=0.58 sys=0.00, real=0.57 secs] 
332.816: Total time for which application threads were stopped: 0.5784190 seconds, Stopping threads took: 0.0001370 seconds
332.920: Application time: 0.1030830 seconds
332.921: [GC332.921: [ParNew: 217408K->27134K(244544K), 0.0306900 secs] 352834K->173988K(790016K), 0.0307420 secs] [Times: user=0.22 sys=0.00, real=0.03 secs] 
332.951: Total time for which application threads were stopped: 0.0318820 seconds, Stopping threads took: 0.0010320 seconds
333.039: Application time: 0.0874690 seconds
333.039: [GC333.039: [ParNew: 244542K->27136K(244544K), 0.0663710 secs] 391396K->230222K(790016K), 0.0664250 secs] [Times: user=0.45 sys=0.00, real=0.07 secs] 
333.106: Total time for which application threads were stopped: 0.0666590 seconds, Stopping threads took: 0.0001420 seconds
333.197: Application time: 0.0918590 seconds
333.198: [GC333.198: [ParNew: 244544K->27136K(244544K), 0.0631580 secs] 447630K->274356K(790016K), 0.0632070 secs] [Times: user=0.44 sys=0.00, real=0.06 secs] 
333.261: Total time for which application threads were stopped: 0.0633880 seconds, Stopping threads took: 0.0001080 seconds
333.284: Application time: 0.0236420 seconds
333.285: [GC [1 CMS-initial-mark: 247220K(545472K)] 327538K(790016K), 0.0549300 secs] [Times: user=0.06 sys=0.00, real=0.05 secs] 
333.340: Total time for which application threads were stopped: 0.0551170 seconds, Stopping threads took: 0.0001310 seconds
333.340: [CMS-concurrent-mark-start]
333.436: Application time: 0.0968610 seconds
333.437: [GC333.437: [ParNew: 244544K->27136K(244544K), 0.0582660 secs] 491764K->310535K(790016K), 0.0583130 secs] [Times: user=0.41 sys=0.00, real=0.05 secs] 
333.495: Total time for which application threads were stopped: 0.0585060 seconds, Stopping threads took: 0.0001110 seconds
333.610: Application time: 0.1146160 seconds
333.610: [GC333.610: [ParNew: 244544K->27136K(244544K), 0.0564590 secs] 527943K->345399K(790016K), 0.0565040 secs] [Times: user=0.39 sys=0.00, real=0.06 secs] 
333.666: Total time for which application threads were stopped: 0.0566490 seconds, Stopping threads took: 0.0000750 seconds
333.670: [CMS-concurrent-mark: 0.215/0.331 secs] [Times: user=2.52 sys=0.00, real=0.33 secs] 
333.670: [CMS-concurrent-preclean-start]
333.769: Application time: 0.1029190 seconds
333.769: [GC333.769: [ParNew: 244544K->27136K(244544K), 0.0778690 secs] 562807K->396855K(790016K), 0.0779180 secs] [Times: user=0.54 sys=0.00, real=0.08 secs] 
333.847: Total time for which application threads were stopped: 0.0780370 seconds, Stopping threads took: 0.0000480 seconds
333.969: Application time: 0.1215070 seconds
333.969: [GC333.969: [ParNew: 244544K->27136K(244544K), 0.0495140 secs] 614263K->423033K(790016K), 0.0495640 secs] [Times: user=0.35 sys=0.00, real=0.05 secs] 
334.018: Total time for which application threads were stopped: 0.0497330 seconds, Stopping threads took: 0.0000810 seconds
334.113: Application time: 0.0947690 seconds
334.113: [GC334.113: [ParNew: 244544K->27136K(244544K), 0.0687250 secs] 640441K->470279K(790016K), 0.0687740 secs] [Times: user=0.47 sys=0.00, real=0.07 secs] 
334.182: Total time for which application threads were stopped: 0.0689330 seconds, Stopping threads took: 0.0000870 seconds
334.288: Application time: 0.1057340 seconds
334.288: [GC334.288: [ParNew: 244544K->27136K(244544K), 0.0593790 secs] 687687K->507596K(790016K), 0.0594290 secs] [Times: user=0.42 sys=0.00, real=0.06 secs] 
334.347: Total time for which application threads were stopped: 0.0595960 seconds, Stopping threads took: 0.0000930 seconds
334.459: Application time: 0.1115710 seconds
334.459: [GC334.459: [ParNew: 244544K->27136K(244544K), 0.0592850 secs] 725004K->543615K(790016K), 0.0593360 secs] [Times: user=0.42 sys=0.00, real=0.06 secs] 
334.519: Total time for which application threads were stopped: 0.0595330 seconds, Stopping threads took: 0.0001250 seconds
334.643: Application time: 0.1240320 seconds
334.643: [GC334.643: [ParNew: 244544K->244544K(244544K), 0.0000160 secs]334.643: [CMS334.821: [CMS-concurrent-preclean: 0.831/1.151 secs] [Times: user=7.62 sys=0.02, real=1.15 secs] 
 (concurrent mode failure): 516479K->119006K(545472K), 0.5232780 secs] 761023K->119006K(790016K), [CMS Perm : 9148K->9148K(21248K)], 0.5233550 secs] [Times: user=0.52 sys=0.00, real=0.53 secs] 
335.166: Total time for which application threads were stopped: 0.5235450 seconds, Stopping threads took: 0.0001050 seconds
335.253: Application time: 0.0867760 seconds
335.253: [GC335.253: [ParNew: 217408K->27136K(244544K), 0.0432390 secs] 336414K->177892K(790016K), 0.0432970 secs] [Times: user=0.29 sys=0.00, real=0.04 secs] 
335.296: Total time for which application threads were stopped: 0.0434640 seconds, Stopping threads took: 0.0000820 seconds
335.381: Application time: 0.0843240 seconds
335.381: [GC335.381: [ParNew: 244544K->27136K(244544K), 0.0692850 secs] 395300K->235335K(790016K), 0.0693320 secs] [Times: user=0.47 sys=0.00, real=0.07 secs] 
335.450: Total time for which application threads were stopped: 0.0695390 seconds, Stopping threads took: 0.0001340 seconds
335.548: Application time: 0.0981260 seconds
335.553: [GC335.553: [ParNew: 244544K->27136K(244544K), 0.0606590 secs] 452743K->274479K(790016K), 0.0607050 secs] [Times: user=0.42 sys=0.01, real=0.06 secs] 
335.613: Total time for which application threads were stopped: 0.0648790 seconds, Stopping threads took: 0.0041010 seconds
335.613: Application time: 0.0001490 seconds
335.614: [GC [1 CMS-initial-mark: 247343K(545472K)] 278096K(790016K), 0.0226530 secs] [Times: user=0.02 sys=0.00, real=0.02 secs] 
335.636: Total time for which application threads were stopped: 0.0228380 seconds, Stopping threads took: 0.0001370 seconds
335.636: [CMS-concurrent-mark-start]
335.763: [CMS-concurrent-mark: 0.126/0.126 secs] [Times: user=1.00 sys=0.00, real=0.13 secs] 
335.763: [CMS-concurrent-preclean-start]
335.769: Application time: 0.1327350 seconds
335.769: [GC335.769: [ParNew: 244544K->27136K(244544K), 0.0492260 secs] 491887K->300438K(790016K), 0.0492730 secs] [Times: user=0.35 sys=0.00, real=0.05 secs] 
335.819: Total time for which application threads were stopped: 0.0494860 seconds, Stopping threads took: 0.0001290 seconds
335.819: [CMS-concurrent-preclean: 0.007/0.057 secs] [Times: user=0.41 sys=0.00, real=0.06 secs] 
335.819: [CMS-concurrent-abortable-preclean-start]
335.924: Application time: 0.1055540 seconds
335.924: [GC335.924: [ParNew: 244544K->27136K(244544K), 0.0606880 secs] 517846K->338507K(790016K), 0.0607350 secs] [Times: user=0.42 sys=0.00, real=0.07 secs] 
335.985: Total time for which application threads were stopped: 0.0608820 seconds, Stopping threads took: 0.0000790 seconds
336.091: Application time: 0.1062550 seconds
336.091: [GC336.091: [ParNew: 244544K->27136K(244544K), 0.0595590 secs] 555915K->376069K(790016K), 0.0596120 secs] [Times: user=0.41 sys=0.00, real=0.06 secs] 
336.151: Total time for which application threads were stopped: 0.0597750 seconds, Stopping threads took: 0.0000900 seconds
336.248: Application time: 0.0972570 seconds
336.248: [GC336.248: [ParNew: 244523K->27136K(244544K), 0.0714140 secs] 593456K->425751K(790016K), 0.0714640 secs] [Times: user=0.50 sys=0.00, real=0.07 secs] 
336.320: Total time for which application threads were stopped: 0.0716260 seconds, Stopping threads took: 0.0000890 seconds
336.322: [CMS-concurrent-abortable-preclean: 0.308/0.502 secs] [Times: user=3.80 sys=0.01, real=0.50 secs] 
336.322: Application time: 0.0020540 seconds
336.322: [GC[YG occupancy: 32108 K (244544 K)]336.322: [Rescan (parallel) , 0.0442170 secs]336.366: [weak refs processing, 0.0000090 secs]336.366: [scrub string table, 0.0001820 secs] [1 CMS-remark: 398615K(545472K)] 430723K(790016K), 0.0444560 secs] [Times: user=0.36 sys=0.00, real=0.05 secs] 
336.367: Total time for which application threads were stopped: 0.0446150 seconds, Stopping threads took: 0.0001080 seconds
336.367: [CMS-concurrent-sweep-start]
336.483: Application time: 0.1166510 seconds
336.483: [GC336.483: [ParNew: 244544K->27136K(244544K), 0.0658060 secs] 545016K->366196K(790016K), 0.0658560 secs] [Times: user=0.44 sys=0.00, real=0.07 secs] 
336.549: Total time for which application threads were stopped: 0.0660250 seconds, Stopping threads took: 0.0000980 seconds
336.667: Application time: 0.1177730 seconds
336.667: [GC336.667: [ParNew: 244544K->27136K(244544K), 0.0538640 secs] 564691K->378683K(790016K), 0.0539110 secs] [Times: user=0.37 sys=0.00, real=0.05 secs] 
336.721: Total time for which application threads were stopped: 0.0540640 seconds, Stopping threads took: 0.0000830 seconds
336.722: [CMS-concurrent-sweep: 0.236/0.356 secs] [Times: user=2.66 sys=0.00, real=0.35 secs] 
336.722: [CMS-concurrent-reset-start]
336.724: [CMS-concurrent-reset: 0.001/0.001 secs] [Times: user=0.01 sys=0.00, real=0.00 secs] 
336.824: Application time: 0.1031370 seconds
336.829: [GC336.829: [ParNew: 244544K->27135K(244544K), 0.0511550 secs] 596091K->410005K(790016K), 0.0512040 secs] [Times: user=0.36 sys=0.00, real=0.05 secs] 
336.880: Total time for which application threads were stopped: 0.0555670 seconds, Stopping threads took: 0.0042760 seconds
336.880: Application time: 0.0000510 seconds
336.880: [GC [1 CMS-initial-mark: 382870K(545472K)] 411561K(790016K), 0.0231700 secs] [Times: user=0.02 sys=0.00, real=0.02 secs] 
336.903: Total time for which application threads were stopped: 0.0232860 seconds, Stopping threads took: 0.0000660 seconds
336.903: [CMS-concurrent-mark-start]
337.007: Application time: 0.1034200 seconds
337.007: [GC337.007: [ParNew: 244543K->27136K(244544K), 0.0680410 secs] 627413K->457460K(790016K), 0.0680900 secs] [Times: user=0.47 sys=0.00, real=0.06 secs] 
337.075: Total time for which application threads were stopped: 0.0682410 seconds, Stopping threads took: 0.0000780 seconds
337.129: [CMS-concurrent-mark: 0.158/0.226 secs] [Times: user=1.72 sys=0.00, real=0.23 secs] 
337.129: [CMS-concurrent-preclean-start]
337.185: Application time: 0.1098490 seconds
337.185: [GC337.185: [ParNew: 244544K->27134K(244544K), 0.0653920 secs] 674868K->500015K(790016K), 0.0654560 secs] [Times: user=0.46 sys=0.00, real=0.06 secs] 
337.250: Total time for which application threads were stopped: 0.0656120 seconds, Stopping threads took: 0.0000820 seconds
337.380: Application time: 0.1301100 seconds
337.381: [GC337.381: [ParNew: 244521K->27136K(244544K), 0.0513060 secs] 717402K->526614K(790016K), 0.0513580 secs] [Times: user=0.37 sys=0.00, real=0.05 secs] 
337.432: Total time for which application threads were stopped: 0.0515650 seconds, Stopping threads took: 0.0001240 seconds
337.527: Application time: 0.0947430 seconds
337.527: [GC337.527: [ParNew: 244544K->244544K(244544K), 0.0000130 secs]337.527: [CMS337.662: [CMS-concurrent-preclean: 0.412/0.533 secs] [Times: user=3.19 sys=0.01, real=0.53 secs] 
 (concurrent mode failure): 499478K->129743K(545472K), 0.5018310 secs] 744022K->129743K(790016K), [CMS Perm : 9148K->9148K(21248K)], 0.5018990 secs] [Times: user=0.50 sys=0.00, real=0.50 secs] 
338.029: Total time for which application threads were stopped: 0.5020610 seconds, Stopping threads took: 0.0000900 seconds
338.119: Application time: 0.0901780 seconds
338.119: [GC338.119: [ParNew: 217408K->27136K(244544K), 0.0370730 secs] 347151K->179836K(790016K), 0.0371230 secs] [Times: user=0.26 sys=0.00, real=0.03 secs] 
338.156: Total time for which application threads were stopped: 0.0373230 seconds, Stopping threads took: 0.0001050 seconds
338.250: Application time: 0.0941330 seconds
338.253: [GC338.253: [ParNew: 244544K->27136K(244544K), 0.0594820 secs] 397244K->223897K(790016K), 0.0595340 secs] [Times: user=0.41 sys=0.00, real=0.06 secs] 
338.312: Total time for which application threads were stopped: 0.0618640 seconds, Stopping threads took: 0.0022370 seconds
338.418: Application time: 0.1055660 seconds
338.418: [GC338.418: [ParNew: 244544K->27136K(244544K), 0.0524320 secs] 441305K->251313K(790016K), 0.0524810 secs] [Times: user=0.38 sys=0.00, real=0.05 secs] 
338.470: Total time for which application threads were stopped: 0.0526690 seconds, Stopping threads took: 0.0000940 seconds
338.554: Application time: 0.0831760 seconds
338.557: [GC338.557: [ParNew: 244544K->27136K(244544K), 0.0622110 secs] 468721K->298157K(790016K), 0.0622620 secs] [Times: user=0.43 sys=0.00, real=0.06 secs] 
338.619: Total time for which application threads were stopped: 0.0651940 seconds, Stopping threads took: 0.0028600 seconds
338.619: Application time: 0.0000850 seconds
338.619: [GC [1 CMS-initial-mark: 271021K(545472K)] 300221K(790016K), 0.0200050 secs] [Times: user=0.02 sys=0.00, real=0.02 secs] 
338.639: Total time for which application threads were stopped: 0.0201130 seconds, Stopping threads took: 0.0000520 seconds
338.639: [CMS-concurrent-mark-start]
338.773: [CMS-concurrent-mark: 0.134/0.134 secs] [Times: user=1.07 sys=0.00, real=0.13 secs] 
338.773: [CMS-concurrent-preclean-start]
338.774: Application time: 0.1349040 seconds
338.774: [GC338.774: [ParNew: 244544K->27136K(244544K), 0.0527980 secs] 515565K->328487K(790016K), 0.0528380 secs] [Times: user=0.37 sys=0.00, real=0.06 secs] 
338.827: Total time for which application threads were stopped: 0.0530280 seconds, Stopping threads took: 0.0001130 seconds
338.829: [CMS-concurrent-preclean: 0.002/0.055 secs] [Times: user=0.39 sys=0.00, real=0.06 secs] 
338.829: [CMS-concurrent-abortable-preclean-start]
338.919: Application time: 0.0921920 seconds
338.919: [GC338.919: [ParNew: 244544K->27136K(244544K), 0.0740260 secs] 545895K->380487K(790016K), 0.0740760 secs] [Times: user=0.50 sys=0.00, real=0.07 secs] 
338.993: Total time for which application threads were stopped: 0.0742490 seconds, Stopping threads took: 0.0001030 seconds
339.112: Application time: 0.1186900 seconds
339.112: [GC339.112: [ParNew: 244544K->27136K(244544K), 0.0516680 secs] 597895K->409084K(790016K), 0.0517160 secs] [Times: user=0.37 sys=0.00, real=0.05 secs] 
339.164: Total time for which application threads were stopped: 0.0519510 seconds, Stopping threads took: 0.0001620 seconds
339.267: Application time: 0.1032370 seconds
339.267: [GC339.267: [ParNew: 244544K->27134K(244544K), 0.0619900 secs] 626492K->448706K(790016K), 0.0620370 secs] [Times: user=0.42 sys=0.01, real=0.06 secs] 
339.330: Total time for which application threads were stopped: 0.0621960 seconds, Stopping threads took: 0.0000880 seconds
339.331: [CMS-concurrent-abortable-preclean: 0.312/0.503 secs] [Times: user=3.80 sys=0.01, real=0.50 secs] 
339.331: Application time: 0.0019100 seconds
339.332: [GC[YG occupancy: 30802 K (244544 K)]339.332: [Rescan (parallel) , 0.0393710 secs]339.371: [weak refs processing, 0.0000080 secs]339.371: [scrub string table, 0.0001590 secs] [1 CMS-remark: 421572K(545472K)] 452374K(790016K), 0.0395810 secs] [Times: user=0.31 sys=0.00, real=0.04 secs] 
339.371: Total time for which application threads were stopped: 0.0397010 seconds, Stopping threads took: 0.0000690 seconds
339.371: [CMS-concurrent-sweep-start]
339.484: Application time: 0.1127610 seconds
339.484: [GC339.484: [ParNew: 244542K->27136K(244544K), 0.0660720 secs] 575654K->391508K(790016K), 0.0661240 secs] [Times: user=0.40 sys=0.00, real=0.07 secs] 
339.550: Total time for which application threads were stopped: 0.0663160 seconds, Stopping threads took: 0.0001100 seconds
339.658: Application time: 0.1079350 seconds
339.658: [GC339.658: [ParNew: 244544K->27135K(244544K), 0.0643650 secs] 569277K->389885K(790016K), 0.0644150 secs] [Times: user=0.42 sys=0.00, real=0.06 secs] 
339.723: Total time for which application threads were stopped: 0.0645670 seconds, Stopping threads took: 0.0000770 seconds
339.819: [CMS-concurrent-sweep: 0.296/0.448 secs] [Times: user=3.33 sys=0.01, real=0.45 secs] 
339.819: [CMS-concurrent-reset-start]
339.821: [CMS-concurrent-reset: 0.002/0.002 secs] [Times: user=0.03 sys=0.00, real=0.00 secs] 
339.833: Application time: 0.1100990 seconds
339.837: [GC339.837: [ParNew: 244543K->27136K(244544K), 0.0714100 secs] 599843K->430659K(790016K), 0.0714600 secs] [Times: user=0.49 sys=0.00, real=0.07 secs] 
339.908: Total time for which application threads were stopped: 0.0752080 seconds, Stopping threads took: 0.0036610 seconds
339.932: Application time: 0.0244570 seconds
339.933: [GC [1 CMS-initial-mark: 403523K(545472K)] 480007K(790016K), 0.0526170 secs] [Times: user=0.06 sys=0.00, real=0.06 secs] 
339.985: Total time for which application threads were stopped: 0.0528350 seconds, Stopping threads took: 0.0001560 seconds
339.985: [CMS-concurrent-mark-start]
340.086: Application time: 0.1009660 seconds
340.086: [GC340.086: [ParNew: 244544K->27136K(244544K), 0.0539060 secs] 648067K->459635K(790016K), 0.0539660 secs] [Times: user=0.37 sys=0.00, real=0.05 secs] 
340.140: Total time for which application threads were stopped: 0.0541790 seconds, Stopping threads took: 0.0001320 seconds
340.203: [CMS-concurrent-mark: 0.163/0.217 secs] [Times: user=1.65 sys=0.01, real=0.21 secs] 
340.203: [CMS-concurrent-preclean-start]
340.267: Application time: 0.1263680 seconds
340.269: [GC340.269: [ParNew: 244544K->27136K(244544K), 0.0513680 secs] 677043K->488327K(790016K), 0.0514170 secs] [Times: user=0.37 sys=0.00, real=0.05 secs] 
340.320: Total time for which application threads were stopped: 0.0531290 seconds, Stopping threads took: 0.0016390 seconds
340.425: Application time: 0.1048370 seconds
340.425: [GC340.425: [ParNew: 244544K->27136K(244544K), 0.0672940 secs] 705735K->531363K(790016K), 0.0673440 secs] [Times: user=0.47 sys=0.00, real=0.06 secs] 
340.492: Total time for which application threads were stopped: 0.0675460 seconds, Stopping threads took: 0.0001180 seconds
340.588: Application time: 0.0957990 seconds
340.588: [GC340.588: [ParNew: 244544K->244544K(244544K), 0.0000150 secs]340.588: [CMS340.724: [CMS-concurrent-preclean: 0.396/0.521 secs] [Times: user=3.09 sys=0.01, real=0.52 secs] 
 (concurrent mode failure): 504227K->141904K(545472K), 0.5124160 secs] 748771K->141904K(790016K), [CMS Perm : 9148K->9145K(21248K)], 0.5124890 secs] [Times: user=0.52 sys=0.00, real=0.51 secs] 
341.101: Total time for which application threads were stopped: 0.5126180 seconds, Stopping threads took: 0.0000510 seconds
341.204: Application time: 0.1027670 seconds
341.204: [GC341.204: [ParNew: 217408K->27136K(244544K), 0.0342640 secs] 359312K->184257K(790016K), 0.0343190 secs] [Times: user=0.26 sys=0.00, real=0.04 secs] 
341.238: Total time for which application threads were stopped: 0.0345800 seconds, Stopping threads took: 0.0001540 seconds
341.338: Application time: 0.0996830 seconds
341.338: [GC341.338: [ParNew: 244514K->27136K(244544K), 0.0578590 secs] 401635K->225741K(790016K), 0.0579090 secs] [Times: user=0.41 sys=0.00, real=0.05 secs] 
341.396: Total time for which application threads were stopped: 0.0581000 seconds, Stopping threads took: 0.0001090 seconds
341.493: Application time: 0.0974570 seconds
341.494: [GC341.494: [ParNew: 244507K->27136K(244544K), 0.0537120 secs] 443112K->260494K(790016K), 0.0537580 secs] [Times: user=0.37 sys=0.00, real=0.06 secs] 
341.547: Total time for which application threads were stopped: 0.0539360 seconds, Stopping threads took: 0.0001050 seconds
341.630: Application time: 0.0830300 seconds
341.630: [GC341.630: [ParNew: 244544K->27136K(244544K), 0.0656690 secs] 477902K->312549K(790016K), 0.0657200 secs] [Times: user=0.44 sys=0.00, real=0.06 secs] 
341.696: Total time for which application threads were stopped: 0.0658760 seconds, Stopping threads took: 0.0000820 seconds
341.712: Application time: 0.0162580 seconds
341.713: [GC [1 CMS-initial-mark: 285413K(545472K)] 354134K(790016K), 0.0413300 secs] [Times: user=0.04 sys=0.00, real=0.04 secs] 
341.755: Total time for which application threads were stopped: 0.0422800 seconds, Stopping threads took: 0.0008820 seconds
341.755: [CMS-concurrent-mark-start]
341.869: Application time: 0.1141210 seconds
341.869: [GC341.869: [ParNew: 244544K->27136K(244544K), 0.0555110 secs] 529957K->344151K(790016K), 0.0555600 secs] [Times: user=0.40 sys=0.00, real=0.06 secs] 
341.925: Total time for which application threads were stopped: 0.0557400 seconds, Stopping threads took: 0.0001070 seconds
341.986: [CMS-concurrent-mark: 0.175/0.231 secs] [Times: user=1.78 sys=0.01, real=0.24 secs] 
341.986: [CMS-concurrent-preclean-start]
342.031: Application time: 0.1061100 seconds
342.031: [GC342.031: [ParNew: 244544K->27136K(244544K), 0.0682960 secs] 561559K->389377K(790016K), 0.0683470 secs] [Times: user=0.48 sys=0.00, real=0.07 secs] 
342.099: Total time for which application threads were stopped: 0.0684940 seconds, Stopping threads took: 0.0000710 seconds
342.217: Application time: 0.1175980 seconds
342.217: [GC342.217: [ParNew: 244544K->27136K(244544K), 0.0477280 secs] 606785K->416038K(790016K), 0.0477740 secs] [Times: user=0.33 sys=0.00, real=0.05 secs] 
342.265: Total time for which application threads were stopped: 0.0479100 seconds, Stopping threads took: 0.0000510 seconds
342.359: Application time: 0.0940710 seconds
342.359: [GC342.359: [ParNew: 244544K->27136K(244544K), 0.0674850 secs] 633446K->461586K(790016K), 0.0675360 secs] [Times: user=0.47 sys=0.00, real=0.07 secs] 
342.427: Total time for which application threads were stopped: 0.0676880 seconds, Stopping threads took: 0.0000780 seconds
342.546: Application time: 0.1192830 seconds
342.546: [GC342.546: [ParNew: 244544K->27136K(244544K), 0.0506170 secs] 678994K->488516K(790016K), 0.0506660 secs] [Times: user=0.37 sys=0.00, real=0.05 secs] 
342.597: Total time for which application threads were stopped: 0.0508110 seconds, Stopping threads took: 0.0000720 seconds
342.693: Application time: 0.0967750 seconds
342.694: [GC342.694: [ParNew: 244544K->27136K(244544K), 0.0681990 secs] 705924K->535048K(790016K), 0.0682490 secs] [Times: user=0.47 sys=0.00, real=0.07 secs] 
342.762: Total time for which application threads were stopped: 0.0684240 seconds, Stopping threads took: 0.0001030 seconds
342.866: Application time: 0.1046480 seconds
342.867: [GC342.867: [ParNew: 244405K->244405K(244544K), 0.0000150 secs]342.867: [CMS343.038: [CMS-concurrent-preclean: 0.745/1.052 secs] [Times: user=6.90 sys=0.01, real=1.05 secs] 
 (concurrent mode failure): 507912K->125024K(545472K), 0.5141920 secs] 752318K->125024K(790016K), [CMS Perm : 9148K->9148K(21248K)], 0.5142660 secs] [Times: user=0.52 sys=0.00, real=0.51 secs] 
343.381: Total time for which application threads were stopped: 0.5144660 seconds, Stopping threads took: 0.0001140 seconds
343.473: Application time: 0.0916520 seconds
343.473: [GC343.473: [ParNew: 217408K->27136K(244544K), 0.0440000 secs] 342432K->180651K(790016K), 0.0440510 secs] [Times: user=0.32 sys=0.00, real=0.05 secs] 
343.517: Total time for which application threads were stopped: 0.0442950 seconds, Stopping threads took: 0.0001370 seconds
343.623: Application time: 0.1060300 seconds
343.623: [GC343.623: [ParNew: 244544K->27136K(244544K), 0.0548400 secs] 398059K->213931K(790016K), 0.0548920 secs] [Times: user=0.39 sys=0.00, real=0.06 secs] 
343.678: Total time for which application threads were stopped: 0.0551050 seconds, Stopping threads took: 0.0001400 seconds
343.771: Application time: 0.0925650 seconds
343.771: [GC343.771: [ParNew: 244544K->27136K(244544K), 0.0578070 secs] 431339K->255108K(790016K), 0.0578570 secs] [Times: user=0.40 sys=0.00, real=0.06 secs] 
343.829: Total time for which application threads were stopped: 0.0580850 seconds, Stopping threads took: 0.0001540 seconds
343.927: Application time: 0.0980370 seconds
343.927: [GC343.927: [ParNew: 244544K->27136K(244544K), 0.0540820 secs] 472516K->289489K(790016K), 0.0541330 secs] [Times: user=0.38 sys=0.00, real=0.05 secs] 
343.981: Total time for which application threads were stopped: 0.0543310 seconds, Stopping threads took: 0.0001230 seconds
344.004: Application time: 0.0234240 seconds
344.009: [GC [1 CMS-initial-mark: 262353K(545472K)] 354169K(790016K), 0.0494600 secs] [Times: user=0.05 sys=0.00, real=0.05 secs] 
344.058: Total time for which application threads were stopped: 0.0535610 seconds, Stopping threads took: 0.0040330 seconds
344.058: [CMS-concurrent-mark-start]
344.133: Application time: 0.0749710 seconds
344.133: [GC344.133: [ParNew: 244544K->27134K(244544K), 0.0724560 secs] 506897K->342983K(790016K), 0.0725010 secs] [Times: user=0.50 sys=0.00, real=0.08 secs] 
344.206: Total time for which application threads were stopped: 0.0726470 seconds, Stopping threads took: 0.0000760 seconds
344.312: [CMS-concurrent-mark: 0.181/0.254 secs] [Times: user=1.92 sys=0.00, real=0.25 secs] 
344.312: [CMS-concurrent-preclean-start]
344.335: Application time: 0.1298110 seconds
344.336: [GC344.336: [ParNew: 244542K->27134K(244544K), 0.0614260 secs] 560391K->380062K(790016K), 0.0614750 secs] [Times: user=0.43 sys=0.00, real=0.07 secs] 
344.397: Total time for which application threads were stopped: 0.0616720 seconds, Stopping threads took: 0.0001220 seconds
344.517: Application time: 0.1194890 seconds
344.517: [GC344.517: [ParNew: 244542K->27136K(244544K), 0.0554870 secs] 597470K->410871K(790016K), 0.0555460 secs] [Times: user=0.39 sys=0.00, real=0.05 secs] 
344.572: Total time for which application threads were stopped: 0.0557350 seconds, Stopping threads took: 0.0001050 seconds
344.677: Application time: 0.1042330 seconds
344.677: [GC344.677: [ParNew: 244544K->27135K(244544K), 0.0634110 secs] 628279K->452351K(790016K), 0.0634620 secs] [Times: user=0.44 sys=0.00, real=0.06 secs] 
344.740: Total time for which application threads were stopped: 0.0636340 seconds, Stopping threads took: 0.0000970 seconds
344.835: Application time: 0.0951270 seconds
344.836: [GC344.836: [ParNew: 244543K->27136K(244544K), 0.0667660 secs] 669759K->497935K(790016K), 0.0668170 secs] [Times: user=0.46 sys=0.01, real=0.07 secs] 
344.902: Total time for which application threads were stopped: 0.0669820 seconds, Stopping threads took: 0.0000930 seconds
345.009: Application time: 0.1065230 seconds
345.009: [GC345.009: [ParNew: 244544K->27135K(244544K), 0.0625240 secs] 715343K->537761K(790016K), 0.0625730 secs] [Times: user=0.44 sys=0.00, real=0.06 secs] 
345.072: Total time for which application threads were stopped: 0.0627540 seconds, Stopping threads took: 0.0001080 seconds
345.194: Application time: 0.1222630 seconds
345.194: [GC345.194: [ParNew: 244543K->244543K(244544K), 0.0000150 secs]345.194: [CMS345.388: [CMS-concurrent-preclean: 0.762/1.077 secs] [Times: user=6.92 sys=0.03, real=1.08 secs] 
 (concurrent mode failure): 510626K->119688K(545472K), 0.5588310 secs] 755169K->119688K(790016K), [CMS Perm : 9150K->9150K(21248K)], 0.5589050 secs] [Times: user=0.56 sys=0.00, real=0.56 secs] 
345.753: Total time for which application threads were stopped: 0.5590770 seconds, Stopping threads took: 0.0000870 seconds
345.841: Application time: 0.0883770 seconds
345.842: [GC345.842: [ParNew: 217408K->27135K(244544K), 0.0419200 secs] 337096K->175462K(790016K), 0.0419710 secs] [Times: user=0.29 sys=0.00, real=0.04 secs] 
345.884: Total time for which application threads were stopped: 0.0422530 seconds, Stopping threads took: 0.0001990 seconds
345.979: Application time: 0.0953750 seconds
345.979: [GC345.979: [ParNew: 244543K->27134K(244544K), 0.0597350 secs] 392870K->219840K(790016K), 0.0597860 secs] [Times: user=0.41 sys=0.00, real=0.06 secs] 
346.039: Total time for which application threads were stopped: 0.0599800 seconds, Stopping threads took: 0.0001200 seconds
346.131: Application time: 0.0916410 seconds
346.131: [GC346.131: [ParNew: 244542K->27135K(244544K), 0.0621980 secs] 437248K->263527K(790016K), 0.0622480 secs] [Times: user=0.43 sys=0.00, real=0.06 secs] 
346.193: Total time for which application threads were stopped: 0.0624610 seconds, Stopping threads took: 0.0001390 seconds
346.215: Application time: 0.0222900 seconds
346.216: [GC [1 CMS-initial-mark: 236392K(545472K)] 321670K(790016K), 0.0495090 secs] [Times: user=0.05 sys=0.00, real=0.06 secs] 
346.265: Total time for which application threads were stopped: 0.0496630 seconds, Stopping threads took: 0.0000930 seconds
346.265: [CMS-concurrent-mark-start]
346.360: Application time: 0.0951160 seconds
346.360: [GC346.360: [ParNew: 244543K->27134K(244544K), 0.0500810 secs] 480935K->290615K(790016K), 0.0501330 secs] [Times: user=0.35 sys=0.00, real=0.05 secs] 
346.410: Total time for which application threads were stopped: 0.0502690 seconds, Stopping threads took: 0.0000500 seconds
346.519: Application time: 0.1082800 seconds
346.519: [GC346.519: [ParNew: 244542K->27136K(244544K), 0.0630270 secs] 508023K->332691K(790016K), 0.0630750 secs] [Times: user=0.43 sys=0.00, real=0.06 secs] 
346.582: Total time for which application threads were stopped: 0.0632500 seconds, Stopping threads took: 0.0001040 seconds
346.666: [CMS-concurrent-mark: 0.286/0.401 secs] [Times: user=3.08 sys=0.01, real=0.40 secs] 
346.666: [CMS-concurrent-preclean-start]
346.701: Application time: 0.1189460 seconds
346.701: [GC346.701: [ParNew: 244544K->27136K(244544K), 0.0568760 secs] 550099K->368529K(790016K), 0.0569320 secs] [Times: user=0.40 sys=0.00, real=0.06 secs] 
346.758: Total time for which application threads were stopped: 0.0571040 seconds, Stopping threads took: 0.0000990 seconds
346.868: Application time: 0.1101500 seconds
346.868: [GC346.868: [ParNew: 244544K->27136K(244544K), 0.0640000 secs] 585937K->406990K(790016K), 0.0640490 secs] [Times: user=0.45 sys=0.00, real=0.06 secs] 
346.932: Total time for which application threads were stopped: 0.0642430 seconds, Stopping threads took: 0.0001050 seconds
347.045: Application time: 0.1126710 seconds
347.045: [GC347.045: [ParNew: 244544K->27136K(244544K), 0.0508980 secs] 624398K->436601K(790016K), 0.0509480 secs] [Times: user=0.36 sys=0.00, real=0.04 secs] 
347.096: Total time for which application threads were stopped: 0.0510950 seconds, Stopping threads took: 0.0000750 seconds
347.194: Application time: 0.0978370 seconds
347.194: [GC347.194: [ParNew: 244544K->27136K(244544K), 0.0610190 secs] 654009K->477575K(790016K), 0.0610710 secs] [Times: user=0.42 sys=0.00, real=0.06 secs] 
347.255: Total time for which application threads were stopped: 0.0611960 seconds, Stopping threads took: 0.0000510 seconds
347.349: Application time: 0.0932880 seconds
347.349: [GC347.349: [ParNew: 244544K->27136K(244544K), 0.0755960 secs] 694983K->533647K(790016K), 0.0756450 secs] [Times: user=0.52 sys=0.00, real=0.07 secs] 
347.424: Total time for which application threads were stopped: 0.0758280 seconds, Stopping threads took: 0.0001100 seconds
347.535: Application time: 0.1103420 seconds
347.535: [GC347.535: [ParNew: 244544K->244544K(244544K), 0.0000130 secs]347.535: [CMS347.717: [CMS-concurrent-preclean: 0.738/1.051 secs] [Times: user=6.79 sys=0.02, real=1.05 secs] 
 (concurrent mode failure): 506511K->145966K(545472K), 0.5758220 secs] 751055K->145966K(790016K), [CMS Perm : 9152K->9152K(21248K)], 0.5758930 secs] [Times: user=0.58 sys=0.00, real=0.58 secs] 
348.111: Total time for which application threads were stopped: 0.5760820 seconds, Stopping threads took: 0.0001020 seconds
348.222: Application time: 0.1110360 seconds
348.222: [GC348.222: [ParNew: 217408K->27134K(244544K), 0.0190420 secs] 363374K->173105K(790016K), 0.0190880 secs] [Times: user=0.15 sys=0.00, real=0.02 secs] 
348.241: Total time for which application threads were stopped: 0.0193780 seconds, Stopping threads took: 0.0001830 seconds
348.330: Application time: 0.0883660 seconds
348.330: [GC348.330: [ParNew: 244542K->27136K(244544K), 0.0594380 secs] 390513K->223313K(790016K), 0.0594870 secs] [Times: user=0.41 sys=0.00, real=0.06 secs] 
348.389: Total time for which application threads were stopped: 0.0597290 seconds, Stopping threads took: 0.0001500 seconds
348.467: Application time: 0.0778070 seconds
348.469: [GC348.469: [ParNew: 244544K->27136K(244544K), 0.0721990 secs] 440721K->281339K(790016K), 0.0722490 secs] [Times: user=0.49 sys=0.00, real=0.07 secs] 
348.541: Total time for which application threads were stopped: 0.0737360 seconds, Stopping threads took: 0.0014180 seconds
348.557: Application time: 0.0156860 seconds
348.560: [GC [1 CMS-initial-mark: 254203K(545472K)] 325261K(790016K), 0.0438350 secs] [Times: user=0.04 sys=0.00, real=0.04 secs] 
348.604: Total time for which application threads were stopped: 0.0471980 seconds, Stopping threads took: 0.0032880 seconds
348.604: [CMS-concurrent-mark-start]
348.699: Application time: 0.0955460 seconds
348.700: [GC348.700: [ParNew: 244544K->27136K(244544K), 0.0654250 secs] 498747K->322412K(790016K), 0.0654730 secs] [Times: user=0.45 sys=0.00, real=0.07 secs] 
348.765: Total time for which application threads were stopped: 0.0657400 seconds, Stopping threads took: 0.0001730 seconds
348.902: Application time: 0.1367260 seconds
348.902: [GC348.902: [ParNew: 244544K->27136K(244544K), 0.0501550 secs] 539820K->348629K(790016K), 0.0502040 secs] [Times: user=0.36 sys=0.00, real=0.05 secs] 
348.952: Total time for which application threads were stopped: 0.0503730 seconds, Stopping threads took: 0.0000840 seconds
349.041: [CMS-concurrent-mark: 0.322/0.438 secs] [Times: user=3.37 sys=0.00, real=0.44 secs] 
349.042: [CMS-concurrent-preclean-start]
349.064: Application time: 0.1118580 seconds
349.064: [GC349.064: [ParNew: 244544K->27136K(244544K), 0.0505630 secs] 566037K->376820K(790016K), 0.0506150 secs] [Times: user=0.35 sys=0.00, real=0.05 secs] 
349.115: Total time for which application threads were stopped: 0.0507950 seconds, Stopping threads took: 0.0001060 seconds
349.203: Application time: 0.0881940 seconds
349.203: [GC349.203: [ParNew: 244544K->27136K(244544K), 0.0743940 secs] 594228K->431114K(790016K), 0.0744410 secs] [Times: user=0.51 sys=0.00, real=0.08 secs] 
349.278: Total time for which application threads were stopped: 0.0746040 seconds, Stopping threads took: 0.0000910 seconds
349.368: Application time: 0.0903170 seconds
349.368: [GC349.368: [ParNew: 244544K->27136K(244544K), 0.0796770 secs] 648522K->487874K(790016K), 0.0797270 secs] [Times: user=0.55 sys=0.00, real=0.08 secs] 
349.448: Total time for which application threads were stopped: 0.0799030 seconds, Stopping threads took: 0.0001030 seconds
349.582: Application time: 0.1337980 seconds
349.582: [GC349.582: [ParNew: 244544K->27083K(244544K), 0.0487040 secs] 705282K->511652K(790016K), 0.0487540 secs] [Times: user=0.35 sys=0.00, real=0.05 secs] 
349.631: Total time for which application threads were stopped: 0.0489200 seconds, Stopping threads took: 0.0000820 seconds
349.742: Application time: 0.1116750 seconds
349.742: [GC349.742: [ParNew: 244491K->244491K(244544K), 0.0000140 secs]349.742: [CMS349.921: [CMS-concurrent-preclean: 0.623/0.880 secs] [Times: user=5.52 sys=0.00, real=0.88 secs] 
 (concurrent mode failure): 484569K->125757K(545472K), 0.5253530 secs] 729060K->125757K(790016K), [CMS Perm : 9152K->9152K(21248K)], 0.5254250 secs] [Times: user=0.52 sys=0.00, real=0.53 secs] 
350.268: Total time for which application threads were stopped: 0.5256020 seconds, Stopping threads took: 0.0001010 seconds
350.358: Application time: 0.0905980 seconds
350.359: [GC350.359: [ParNew: 217408K->27136K(244544K), 0.0365550 secs] 343165K->175642K(790016K), 0.0366050 secs] [Times: user=0.26 sys=0.00, real=0.03 secs] 
350.395: Total time for which application threads were stopped: 0.0369190 seconds, Stopping threads took: 0.0002090 seconds
350.476: Application time: 0.0802590 seconds
350.476: [GC350.476: [ParNew: 244544K->27136K(244544K), 0.0714110 secs] 393050K->236826K(790016K), 0.0714610 secs] [Times: user=0.48 sys=0.00, real=0.08 secs] 
350.547: Total time for which application threads were stopped: 0.0717020 seconds, Stopping threads took: 0.0001690 seconds
350.653: Application time: 0.1052860 seconds
350.653: [GC350.653: [ParNew: 244544K->27136K(244544K), 0.0548410 secs] 454234K->268547K(790016K), 0.0548940 secs] [Times: user=0.39 sys=0.00, real=0.06 secs] 
350.708: Total time for which application threads were stopped: 0.0551030 seconds, Stopping threads took: 0.0001350 seconds
350.717: Application time: 0.0088520 seconds
350.717: [GC [1 CMS-initial-mark: 241411K(545472K)] 287308K(790016K), 0.0361240 secs] [Times: user=0.03 sys=0.00, real=0.03 secs] 
350.753: Total time for which application threads were stopped: 0.0364240 seconds, Stopping threads took: 0.0002480 seconds
350.753: [CMS-concurrent-mark-start]
350.875: [CMS-concurrent-mark: 0.122/0.122 secs] [Times: user=0.96 sys=0.00, real=0.12 secs] 
350.875: [CMS-concurrent-preclean-start]
350.877: Application time: 0.1235870 seconds
350.877: [GC350.877: [ParNew: 244544K->27136K(244544K), 0.0489530 secs] 485955K->295964K(790016K), 0.0489960 secs] [Times: user=0.34 sys=0.00, real=0.05 secs] 
350.926: Total time for which application threads were stopped: 0.0491830 seconds, Stopping threads took: 0.0001070 seconds
350.926: [CMS-concurrent-preclean: 0.002/0.051 secs] [Times: user=0.37 sys=0.00, real=0.06 secs] 
350.927: [CMS-concurrent-abortable-preclean-start]
351.025: Application time: 0.0997250 seconds
351.026: [GC351.026: [ParNew: 244544K->27136K(244544K), 0.0642820 secs] 513372K->338859K(790016K), 0.0643430 secs] [Times: user=0.44 sys=0.00, real=0.06 secs] 
351.090: Total time for which application threads were stopped: 0.0644700 seconds, Stopping threads took: 0.0000540 seconds
351.192: Application time: 0.1017050 seconds
351.192: [GC351.192: [ParNew: 244544K->27136K(244544K), 0.0691790 secs] 556267K->385877K(790016K), 0.0692300 secs] [Times: user=0.48 sys=0.00, real=0.07 secs] 
351.261: Total time for which application threads were stopped: 0.0694750 seconds, Stopping threads took: 0.0001720 seconds
351.375: Application time: 0.1135000 seconds
351.375: [GC351.375: [ParNew: 244544K->27136K(244544K), 0.0565920 secs] 603285K->418849K(790016K), 0.0566450 secs] [Times: user=0.40 sys=0.00, real=0.06 secs] 
351.431: Total time for which application threads were stopped: 0.0568390 seconds, Stopping threads took: 0.0001220 seconds
351.434: [CMS-concurrent-abortable-preclean: 0.315/0.507 secs] [Times: user=3.85 sys=0.00, real=0.50 secs] 
351.434: Application time: 0.0022410 seconds
351.434: [GC[YG occupancy: 33147 K (244544 K)]351.434: [Rescan (parallel) , 0.0404550 secs]351.474: [weak refs processing, 0.0000090 secs]351.474: [scrub string table, 0.0001580 secs] [1 CMS-remark: 391713K(545472K)] 424860K(790016K), 0.0406650 secs] [Times: user=0.32 sys=0.00, real=0.04 secs] 
351.475: Total time for which application threads were stopped: 0.0408080 seconds, Stopping threads took: 0.0000930 seconds
351.475: [CMS-concurrent-sweep-start]
351.583: Application time: 0.1084820 seconds
351.585: [GC351.585: [ParNew: 244544K->27136K(244544K), 0.0652330 secs] 549681K->365615K(790016K), 0.0652830 secs] [Times: user=0.41 sys=0.00, real=0.06 secs] 
351.650: Total time for which application threads were stopped: 0.0668530 seconds, Stopping threads took: 0.0014950 seconds
351.749: Application time: 0.0995030 seconds
351.749: [GC351.749: [ParNew: 244544K->27136K(244544K), 0.0713450 secs] 556084K->389629K(790016K), 0.0713930 secs] [Times: user=0.49 sys=0.00, real=0.07 secs] 
351.821: Total time for which application threads were stopped: 0.0715250 seconds, Stopping threads took: 0.0000600 seconds
351.860: [CMS-concurrent-sweep: 0.247/0.385 secs] [Times: user=2.85 sys=0.00, real=0.39 secs] 
351.860: [CMS-concurrent-reset-start]
351.861: [CMS-concurrent-reset: 0.001/0.001 secs] [Times: user=0.02 sys=0.00, real=0.00 secs] 
351.929: Application time: 0.1085830 seconds
351.930: [GC351.930: [ParNew: 244544K->27136K(244544K), 0.0648500 secs] 607037K->432058K(790016K), 0.0649010 secs] [Times: user=0.44 sys=0.00, real=0.06 secs] 
351.995: Total time for which application threads were stopped: 0.0650770 seconds, Stopping threads took: 0.0001010 seconds
351.995: Application time: 0.0000470 seconds
351.995: [GC [1 CMS-initial-mark: 404922K(545472K)] 433105K(790016K), 0.0211120 secs] [Times: user=0.02 sys=0.00, real=0.02 secs] 
352.016: Total time for which application threads were stopped: 0.0212210 seconds, Stopping threads took: 0.0000520 seconds
352.016: [CMS-concurrent-mark-start]
352.146: Application time: 0.1299220 seconds
352.149: [GC352.149: [ParNew: 244544K->27136K(244544K), 0.0595160 secs] 649466K->464750K(790016K), 0.0595690 secs] [Times: user=0.42 sys=0.00, real=0.06 secs] 
352.208: Total time for which application threads were stopped: 0.0623660 seconds, Stopping threads took: 0.0027220 seconds
352.213: [CMS-concurrent-mark: 0.134/0.197 secs] [Times: user=1.50 sys=0.01, real=0.20 secs] 
352.213: [CMS-concurrent-preclean-start]
352.335: Application time: 0.1264930 seconds
352.335: [GC352.335: [ParNew: 244544K->27136K(244544K), 0.0475130 secs] 682158K->489809K(790016K), 0.0475640 secs] [Times: user=0.34 sys=0.00, real=0.05 secs] 
352.382: Total time for which application threads were stopped: 0.0477720 seconds, Stopping threads took: 0.0001360 seconds
352.473: Application time: 0.0911070 seconds
352.474: [GC352.474: [ParNew: 244544K->27136K(244544K), 0.0688660 secs] 707217K->537878K(790016K), 0.0689160 secs] [Times: user=0.47 sys=0.00, real=0.07 secs] 
352.543: Total time for which application threads were stopped: 0.0690590 seconds, Stopping threads took: 0.0000720 seconds
352.644: Application time: 0.1018380 seconds
352.645: [GC352.645: [ParNew: 244544K->244544K(244544K), 0.0000150 secs]352.645: [CMS352.786: [CMS-concurrent-preclean: 0.452/0.573 secs] [Times: user=3.47 sys=0.01, real=0.58 secs] 
 (concurrent mode failure): 510742K->138156K(545472K), 0.5208640 secs] 755286K->138156K(790016K), [CMS Perm : 9152K->9152K(21248K)], 0.5209480 secs] [Times: user=0.53 sys=0.00, real=0.52 secs] 
353.166: Total time for which application threads were stopped: 0.5211200 seconds, Stopping threads took: 0.0000900 seconds
353.265: Application time: 0.0990890 seconds
353.265: [GC353.265: [ParNew: 217408K->27136K(244544K), 0.0348620 secs] 355564K->182524K(790016K), 0.0349160 secs] [Times: user=0.25 sys=0.00, real=0.03 secs] 
353.300: Total time for which application threads were stopped: 0.0351670 seconds, Stopping threads took: 0.0001420 seconds
353.409: Application time: 0.1096160 seconds
353.410: [GC353.410: [ParNew: 244544K->27136K(244544K), 0.0481810 secs] 399932K->212591K(790016K), 0.0482310 secs] [Times: user=0.34 sys=0.00, real=0.05 secs] 
353.458: Total time for which application threads were stopped: 0.0484950 seconds, Stopping threads took: 0.0001720 seconds
353.543: Application time: 0.0848100 seconds
353.543: [GC353.543: [ParNew: 244544K->27136K(244544K), 0.0635710 secs] 429999K->262305K(790016K), 0.0636200 secs] [Times: user=0.44 sys=0.00, real=0.07 secs] 
353.607: Total time for which application threads were stopped: 0.0638500 seconds, Stopping threads took: 0.0001550 seconds
353.607: Application time: 0.0000400 seconds
353.607: [GC [1 CMS-initial-mark: 235169K(545472K)] 263350K(790016K), 0.0208890 secs] [Times: user=0.02 sys=0.00, real=0.02 secs] 
353.628: Total time for which application threads were stopped: 0.0209900 seconds, Stopping threads took: 0.0000510 seconds
353.628: [CMS-concurrent-mark-start]
353.729: Application time: 0.1013870 seconds
353.729: [GC353.729: [ParNew: 244525K->27136K(244544K), 0.0678690 secs] 479694K->307883K(790016K), 0.0679190 secs] [Times: user=0.47 sys=0.00, real=0.07 secs] 
353.797: Total time for which application threads were stopped: 0.0680970 seconds, Stopping threads took: 0.0001050 seconds
353.917: Application time: 0.1196690 seconds
353.917: [GC353.917: [ParNew: 244544K->27136K(244544K), 0.0647330 secs] 525291K->348125K(790016K), 0.0647820 secs] [Times: user=0.45 sys=0.00, real=0.06 secs] 
353.982: Total time for which application threads were stopped: 0.0649330 seconds, Stopping threads took: 0.0000650 seconds
354.062: [CMS-concurrent-mark: 0.301/0.434 secs] [Times: user=3.29 sys=0.01, real=0.43 secs] 
354.062: [CMS-concurrent-preclean-start]
354.110: Application time: 0.1284850 seconds
354.110: [GC354.110: [ParNew: 244544K->27136K(244544K), 0.0568590 secs] 565533K->379343K(790016K), 0.0569090 secs] [Times: user=0.40 sys=0.00, real=0.06 secs] 
354.167: Total time for which application threads were stopped: 0.0570730 seconds, Stopping threads took: 0.0000910 seconds
354.279: Application time: 0.1121080 seconds
354.279: [GC354.279: [ParNew: 244544K->27136K(244544K), 0.0518510 secs] 596751K->410137K(790016K), 0.0519000 secs] [Times: user=0.36 sys=0.00, real=0.05 secs] 
354.331: Total time for which application threads were stopped: 0.0520430 seconds, Stopping threads took: 0.0000700 seconds
354.433: Application time: 0.1016480 seconds
354.433: [GC354.433: [ParNew: 244544K->27136K(244544K), 0.0636550 secs] 627545K->451600K(790016K), 0.0637060 secs] [Times: user=0.44 sys=0.00, real=0.07 secs] 
354.497: Total time for which application threads were stopped: 0.0638650 seconds, Stopping threads took: 0.0000720 seconds
354.591: Application time: 0.0941160 seconds
354.591: [GC354.591: [ParNew: 244544K->27136K(244544K), 0.0763570 secs] 669008K->506312K(790016K), 0.0764090 secs] [Times: user=0.53 sys=0.00, real=0.08 secs] 
354.668: Total time for which application threads were stopped: 0.0766090 seconds, Stopping threads took: 0.0001250 seconds
354.789: Application time: 0.1209480 seconds
354.789: [GC354.789: [ParNew: 244544K->27136K(244544K), 0.0515850 secs] 723720K->533966K(790016K), 0.0516430 secs] [Times: user=0.36 sys=0.00, real=0.05 secs] 
354.840: Total time for which application threads were stopped: 0.0518110 seconds, Stopping threads took: 0.0000950 seconds
354.948: Application time: 0.1072780 seconds
354.948: [GC354.948: [ParNew: 244544K->244544K(244544K), 0.0000120 secs]354.948: [CMS355.175: [CMS-concurrent-preclean: 0.808/1.113 secs] [Times: user=7.00 sys=0.01, real=1.11 secs] 
 (concurrent mode failure): 506830K->130991K(545472K), 0.6074910 secs] 751374K->130991K(790016K), [CMS Perm : 9152K->9152K(21248K)], 0.6075660 secs] [Times: user=0.61 sys=0.00, real=0.60 secs] 
355.555: Total time for which application threads were stopped: 0.6077380 seconds, Stopping threads took: 0.0000850 seconds
355.648: Application time: 0.0930350 seconds
355.653: [GC355.653: [ParNew: 217408K->27136K(244544K), 0.0374380 secs] 348399K->179726K(790016K), 0.0374870 secs] [Times: user=0.27 sys=0.00, real=0.04 secs] 
355.690: Total time for which application threads were stopped: 0.0417040 seconds, Stopping threads took: 0.0041330 seconds
355.781: Application time: 0.0913080 seconds
355.782: [GC355.782: [ParNew: 244544K->27135K(244544K), 0.0615170 secs] 397134K->227621K(790016K), 0.0615670 secs] [Times: user=0.42 sys=0.00, real=0.06 secs] 
355.843: Total time for which application threads were stopped: 0.0617590 seconds, Stopping threads took: 0.0000980 seconds
355.942: Application time: 0.0991490 seconds
355.945: [GC355.945: [ParNew: 244412K->27134K(244544K), 0.0561580 secs] 444898K->263935K(790016K), 0.0562050 secs] [Times: user=0.38 sys=0.00, real=0.05 secs] 
356.001: Total time for which application threads were stopped: 0.0583920 seconds, Stopping threads took: 0.0021130 seconds
356.100: Application time: 0.0987390 seconds
356.101: [GC356.101: [ParNew: 244542K->27136K(244544K), 0.0567160 secs] 481343K->300761K(790016K), 0.0567640 secs] [Times: user=0.39 sys=0.00, real=0.06 secs] 
356.157: Total time for which application threads were stopped: 0.0578190 seconds, Stopping threads took: 0.0009810 seconds
356.157: Application time: 0.0000800 seconds
356.158: [GC [1 CMS-initial-mark: 273625K(545472K)] 302857K(790016K), 0.0206300 secs] [Times: user=0.02 sys=0.00, real=0.02 secs] 
356.178: Total time for which application threads were stopped: 0.0207490 seconds, Stopping threads took: 0.0000540 seconds
356.178: [CMS-concurrent-mark-start]
356.297: Application time: 0.1192170 seconds
356.299: [GC356.299: [ParNew: 244544K->27136K(244544K), 0.0640390 secs] 518169K->342236K(790016K), 0.0640870 secs] [Times: user=0.44 sys=0.00, real=0.06 secs] 
356.363: Total time for which application threads were stopped: 0.0652510 seconds, Stopping threads took: 0.0010930 seconds
356.419: [CMS-concurrent-mark: 0.176/0.241 secs] [Times: user=1.83 sys=0.00, real=0.24 secs] 
356.419: [CMS-concurrent-preclean-start]
356.486: Application time: 0.1232490 seconds
356.486: [GC356.486: [ParNew: 244544K->27136K(244544K), 0.0546870 secs] 559644K->374890K(790016K), 0.0547390 secs] [Times: user=0.38 sys=0.00, real=0.05 secs] 
356.541: Total time for which application threads were stopped: 0.0549220 seconds, Stopping threads took: 0.0001100 seconds
356.638: Application time: 0.0968140 seconds
356.638: [GC356.638: [ParNew: 244544K->27136K(244544K), 0.0667590 secs] 592298K->421475K(790016K), 0.0668090 secs] [Times: user=0.46 sys=0.00, real=0.07 secs] 
356.705: Total time for which application threads were stopped: 0.0669510 seconds, Stopping threads took: 0.0000650 seconds
356.817: Application time: 0.1126830 seconds
356.817: [GC356.817: [ParNew: 244430K->27136K(244544K), 0.0568130 secs] 638769K->455181K(790016K), 0.0568640 secs] [Times: user=0.40 sys=0.00, real=0.05 secs] 
356.874: Total time for which application threads were stopped: 0.0570610 seconds, Stopping threads took: 0.0001120 seconds
356.985: Application time: 0.1106260 seconds
356.985: [GC356.985: [ParNew: 244544K->27136K(244544K), 0.0618340 secs] 672589K->494091K(790016K), 0.0618810 secs] [Times: user=0.43 sys=0.01, real=0.06 secs] 
357.047: Total time for which application threads were stopped: 0.0620960 seconds, Stopping threads took: 0.0001330 seconds
357.159: Application time: 0.1119600 seconds
357.159: [GC357.159: [ParNew: 244544K->27136K(244544K), 0.0598720 secs] 711499K->530722K(790016K), 0.0599220 secs] [Times: user=0.42 sys=0.00, real=0.06 secs] 
357.219: Total time for which application threads were stopped: 0.0601090 seconds, Stopping threads took: 0.0001140 seconds
357.313: Application time: 0.0938530 seconds
357.313: [GC357.313: [ParNew: 244544K->244544K(244544K), 0.0000140 secs]357.313: [CMS357.484: [CMS-concurrent-preclean: 0.759/1.065 secs] [Times: user=7.00 sys=0.02, real=1.06 secs] 
 (concurrent mode failure): 503586K->138814K(545472K), 0.5521600 secs] 748130K->138814K(790016K), [CMS Perm : 9152K->9152K(21248K)], 0.5522340 secs] [Times: user=0.55 sys=0.00, real=0.56 secs] 
357.865: Total time for which application threads were stopped: 0.5523840 seconds, Stopping threads took: 0.0000750 seconds
357.969: Application time: 0.1033360 seconds
357.969: [GC357.969: [ParNew: 217408K->27136K(244544K), 0.0318750 secs] 356222K->179485K(790016K), 0.0319240 secs] [Times: user=0.24 sys=0.00, real=0.03 secs] 
358.001: Total time for which application threads were stopped: 0.0321080 seconds, Stopping threads took: 0.0000950 seconds
358.099: Application time: 0.0981940 seconds
358.099: [GC358.099: [ParNew: 244544K->27136K(244544K), 0.0534230 secs] 396893K->217744K(790016K), 0.0534730 secs] [Times: user=0.38 sys=0.00, real=0.05 secs] 
358.153: Total time for which application threads were stopped: 0.0536700 seconds, Stopping threads took: 0.0001170 seconds
358.257: Application time: 0.1043390 seconds
358.257: [GC358.257: [ParNew: 244544K->27136K(244544K), 0.0512520 secs] 435152K->248909K(790016K), 0.0513020 secs] [Times: user=0.37 sys=0.00, real=0.05 secs] 
358.309: Total time for which application threads were stopped: 0.0514620 seconds, Stopping threads took: 0.0000870 seconds
358.386: Application time: 0.0775040 seconds
358.386: [GC358.386: [ParNew: 244544K->27136K(244544K), 0.0673170 secs] 466317K->304509K(790016K), 0.0673660 secs] [Times: user=0.46 sys=0.00, real=0.06 secs] 
358.454: Total time for which application threads were stopped: 0.0675220 seconds, Stopping threads took: 0.0000820 seconds
358.454: Application time: 0.0000760 seconds
358.454: [GC [1 CMS-initial-mark: 277373K(545472K)] 307056K(790016K), 0.0198900 secs] [Times: user=0.02 sys=0.00, real=0.02 secs] 
358.474: Total time for which application threads were stopped: 0.0200160 seconds, Stopping threads took: 0.0000730 seconds
358.474: [CMS-concurrent-mark-start]
358.592: Application time: 0.1179290 seconds
358.592: [GC358.592: [ParNew: 244544K->27136K(244544K), 0.0658970 secs] 521917K->347949K(790016K), 0.0659450 secs] [Times: user=0.46 sys=0.00, real=0.07 secs] 
358.658: Total time for which application threads were stopped: 0.0661160 seconds, Stopping threads took: 0.0000870 seconds
358.730: [CMS-concurrent-mark: 0.190/0.256 secs] [Times: user=1.97 sys=0.00, real=0.26 secs] 
358.730: [CMS-concurrent-preclean-start]
358.782: Application time: 0.1247880 seconds
358.783: [GC358.783: [ParNew: 244544K->27136K(244544K), 0.0540400 secs] 565357K->378135K(790016K), 0.0540900 secs] [Times: user=0.38 sys=0.00, real=0.06 secs] 
358.837: Total time for which application threads were stopped: 0.0542500 seconds, Stopping threads took: 0.0000870 seconds
358.968: Application time: 0.1311660 seconds
358.968: [GC358.968: [ParNew: 244544K->27136K(244544K), 0.0442890 secs] 595543K->401126K(790016K), 0.0443380 secs] [Times: user=0.31 sys=0.00, real=0.04 secs] 
359.012: Total time for which application threads were stopped: 0.0445080 seconds, Stopping threads took: 0.0000970 seconds
359.106: Application time: 0.0936030 seconds
359.106: [GC359.106: [ParNew: 244544K->27136K(244544K), 0.0677420 secs] 618534K->447356K(790016K), 0.0677910 secs] [Times: user=0.46 sys=0.00, real=0.06 secs] 
359.174: Total time for which application threads were stopped: 0.0679800 seconds, Stopping threads took: 0.0001060 seconds
359.256: Application time: 0.0823680 seconds
359.257: [GC359.257: [ParNew: 244544K->27136K(244544K), 0.0838710 secs] 664764K->512175K(790016K), 0.0839450 secs] [Times: user=0.57 sys=0.00, real=0.08 secs] 
359.340: Total time for which application threads were stopped: 0.0841160 seconds, Stopping threads took: 0.0000990 seconds
359.463: Application time: 0.1221370 seconds
359.463: [GC359.463: [ParNew: 244544K->244544K(244544K), 0.0000140 secs]359.463: [CMS359.631: [CMS-concurrent-preclean: 0.647/0.901 secs] [Times: user=5.73 sys=0.02, real=0.90 secs] 
 (concurrent mode failure): 485039K->140700K(545472K), 0.5439500 secs] 729583K->140700K(790016K), [CMS Perm : 9152K->9152K(21248K)], 0.5440240 secs] [Times: user=0.54 sys=0.00, real=0.55 secs] 
360.007: Total time for which application threads were stopped: 0.5441830 seconds, Stopping threads took: 0.0000830 seconds
360.120: Application time: 0.1134170 seconds
360.120: [GC360.120: [ParNew: 217408K->26911K(244544K), 0.0209870 secs] 358108K->167612K(790016K), 0.0210330 secs] [Times: user=0.17 sys=0.00, real=0.02 secs] 
360.141: Total time for which application threads were stopped: 0.0212120 seconds, Stopping threads took: 0.0000930 seconds
360.230: Application time: 0.0887520 seconds
360.230: [GC360.230: [ParNew: 244319K->27136K(244544K), 0.0592480 secs] 385020K->218772K(790016K), 0.0592970 secs] [Times: user=0.41 sys=0.00, real=0.06 secs] 
360.290: Total time for which application threads were stopped: 0.0594870 seconds, Stopping threads took: 0.0001170 seconds
360.362: Application time: 0.0726490 seconds
360.363: [GC360.363: [ParNew: 244544K->27136K(244544K), 0.0780720 secs] 436180K->286203K(790016K), 0.0781210 secs] [Times: user=0.53 sys=0.00, real=0.08 secs] 
360.441: Total time for which application threads were stopped: 0.0783220 seconds, Stopping threads took: 0.0001270 seconds
360.441: Application time: 0.0001330 seconds
360.441: [GC [1 CMS-initial-mark: 259067K(545472K)] 289678K(790016K), 0.0209710 secs] [Times: user=0.02 sys=0.00, real=0.02 secs] 
360.462: Total time for which application threads were stopped: 0.0211020 seconds, Stopping threads took: 0.0000790 seconds
360.462: [CMS-concurrent-mark-start]
360.587: Application time: 0.1248270 seconds
360.587: [GC360.587: [ParNew: 244544K->27136K(244544K), 0.0608680 secs] 503611K->322969K(790016K), 0.0609180 secs] [Times: user=0.42 sys=0.00, real=0.06 secs] 
360.648: Total time for which application threads were stopped: 0.0611010 seconds, Stopping threads took: 0.0001110 seconds
360.709: [CMS-concurrent-mark: 0.186/0.247 secs] [Times: user=1.91 sys=0.00, real=0.25 secs] 
360.709: [CMS-concurrent-preclean-start]
360.782: Application time: 0.1339280 seconds
360.782: [GC360.782: [ParNew: 244544K->27136K(244544K), 0.0530860 secs] 540377K->349731K(790016K), 0.0531340 secs] [Times: user=0.39 sys=0.00, real=0.05 secs] 
360.835: Total time for which application threads were stopped: 0.0533240 seconds, Stopping threads took: 0.0001080 seconds
360.942: Application time: 0.1070090 seconds
360.942: [GC360.942: [ParNew: 244544K->27136K(244544K), 0.0530150 secs] 567139K->380472K(790016K), 0.0530660 secs] [Times: user=0.38 sys=0.00, real=0.05 secs] 
360.995: Total time for which application threads were stopped: 0.0532490 seconds, Stopping threads took: 0.0001080 seconds
361.086: Application time: 0.0906110 seconds
361.086: [GC361.086: [ParNew: 244538K->27136K(244544K), 0.0766500 secs] 597874K->435330K(790016K), 0.0766990 secs] [Times: user=0.53 sys=0.00, real=0.07 secs] 
361.163: Total time for which application threads were stopped: 0.0768590 seconds, Stopping threads took: 0.0000870 seconds
361.262: Application time: 0.0995130 seconds
361.262: [GC361.262: [ParNew: 244544K->27136K(244544K), 0.0711850 secs] 652738K->480505K(790016K), 0.0712330 secs] [Times: user=0.50 sys=0.00, real=0.07 secs] 
361.334: Total time for which application threads were stopped: 0.0713810 seconds, Stopping threads took: 0.0000750 seconds
361.467: Application time: 0.1329920 seconds
361.467: [GC361.467: [ParNew: 244544K->27081K(244544K), 0.0436550 secs] 697913K->503713K(790016K), 0.0437150 secs] [Times: user=0.32 sys=0.00, real=0.04 secs] 
361.511: Total time for which application threads were stopped: 0.0439090 seconds, Stopping threads took: 0.0001090 seconds
361.606: Application time: 0.0953420 seconds
361.606: [GC361.606: [ParNew: 244489K->27136K(244544K), 0.0603110 secs] 721121K->541093K(790016K), 0.0603660 secs] [Times: user=0.41 sys=0.00, real=0.06 secs] 
361.667: Total time for which application threads were stopped: 0.0605660 seconds, Stopping threads took: 0.0001270 seconds
361.770: Application time: 0.1032600 seconds
361.772: [GC361.772: [ParNew: 244544K->244544K(244544K), 0.0000160 secs]361.772: [CMS361.969: [CMS-concurrent-preclean: 0.894/1.260 secs] [Times: user=8.29 sys=0.02, real=1.26 secs] 
 (concurrent mode failure): 513957K->128775K(545472K), 0.5606210 secs] 758501K->128775K(790016K), [CMS Perm : 9152K->9152K(21248K)], 0.5606960 secs] [Times: user=0.56 sys=0.00, real=0.56 secs] 
362.333: Total time for which application threads were stopped: 0.5627390 seconds, Stopping threads took: 0.0019450 seconds
362.416: Application time: 0.0838100 seconds
362.417: [GC362.417: [ParNew: 217408K->27136K(244544K), 0.0472570 secs] 346183K->190839K(790016K), 0.0473080 secs] [Times: user=0.33 sys=0.00, real=0.04 secs] 
362.464: Total time for which application threads were stopped: 0.0475480 seconds, Stopping threads took: 0.0001340 seconds
362.575: Application time: 0.1115620 seconds
362.576: [GC362.576: [ParNew: 244544K->27136K(244544K), 0.0491440 secs] 408247K->216844K(790016K), 0.0491910 secs] [Times: user=0.35 sys=0.00, real=0.06 secs] 
362.625: Total time for which application threads were stopped: 0.0493370 seconds, Stopping threads took: 0.0000740 seconds
362.716: Application time: 0.0914060 seconds
362.717: [GC362.717: [ParNew: 244544K->27136K(244544K), 0.0517550 secs] 434252K->249871K(790016K), 0.0518050 secs] [Times: user=0.36 sys=0.00, real=0.05 secs] 
362.768: Total time for which application threads were stopped: 0.0521540 seconds, Stopping threads took: 0.0002760 seconds
362.860: Application time: 0.0914000 seconds
362.861: [GC362.861: [ParNew: 244544K->27136K(244544K), 0.0584930 secs] 467279K->292236K(790016K), 0.0585450 secs] [Times: user=0.41 sys=0.00, real=0.06 secs] 
362.919: Total time for which application threads were stopped: 0.0593230 seconds, Stopping threads took: 0.0007030 seconds
362.919: Application time: 0.0000490 seconds
362.919: [GC [1 CMS-initial-mark: 265100K(545472K)] 294281K(790016K), 0.0215580 secs] [Times: user=0.02 sys=0.00, real=0.02 secs] 
362.941: Total time for which application threads were stopped: 0.0216770 seconds, Stopping threads took: 0.0000580 seconds
362.941: [CMS-concurrent-mark-start]
363.039: Application time: 0.0984190 seconds
363.039: [GC363.039: [ParNew: 244544K->27136K(244544K), 0.0749370 secs] 509644K->347338K(790016K), 0.0749880 secs] [Times: user=0.51 sys=0.00, real=0.07 secs] 
363.114: Total time for which application threads were stopped: 0.0751800 seconds, Stopping threads took: 0.0001190 seconds
363.215: [CMS-concurrent-mark: 0.199/0.274 secs] [Times: user=2.09 sys=0.01, real=0.27 secs] 
363.215: [CMS-concurrent-preclean-start]
363.245: Application time: 0.1302890 seconds
363.245: [GC363.245: [ParNew: 244544K->27136K(244544K), 0.0538900 secs] 564746K->377014K(790016K), 0.0539380 secs] [Times: user=0.38 sys=0.00, real=0.05 secs] 
363.299: Total time for which application threads were stopped: 0.0540510 seconds, Stopping threads took: 0.0000390 seconds
363.416: Application time: 0.1174310 seconds
363.416: [GC363.416: [ParNew: 244544K->27136K(244544K), 0.0522230 secs] 594422K->406143K(790016K), 0.0522710 secs] [Times: user=0.37 sys=0.00, real=0.06 secs] 
363.469: Total time for which application threads were stopped: 0.0524420 seconds, Stopping threads took: 0.0000990 seconds
363.575: Application time: 0.1061260 seconds
363.575: [GC363.575: [ParNew: 244544K->27136K(244544K), 0.0586140 secs] 623551K->443705K(790016K), 0.0586620 secs] [Times: user=0.41 sys=0.00, real=0.06 secs] 
363.634: Total time for which application threads were stopped: 0.0588610 seconds, Stopping threads took: 0.0001030 seconds
363.721: Application time: 0.0872170 seconds
363.721: [GC363.721: [ParNew: 244544K->27136K(244544K), 0.0809440 secs] 661113K->503290K(790016K), 0.0809950 secs] [Times: user=0.55 sys=0.00, real=0.08 secs] 
363.802: Total time for which application threads were stopped: 0.0811790 seconds, Stopping threads took: 0.0001100 seconds
363.912: Application time: 0.1099380 seconds
363.912: [GC363.912: [ParNew: 244544K->244544K(244544K), 0.0000150 secs]363.912: [CMS364.099: [CMS-concurrent-preclean: 0.633/0.884 secs] [Times: user=5.51 sys=0.01, real=0.89 secs] 
 (concurrent mode failure): 476154K->150563K(545472K), 0.6061870 secs] 720698K->150563K(790016K), [CMS Perm : 9152K->9152K(21248K)], 0.6062610 secs] [Times: user=0.61 sys=0.00, real=0.61 secs] 
364.518: Total time for which application threads were stopped: 0.6064090 seconds, Stopping threads took: 0.0000740 seconds
364.635: Application time: 0.1164910 seconds
364.635: [GC364.635: [ParNew: 217408K->27125K(244544K), 0.0181510 secs] 367971K->177688K(790016K), 0.0181990 secs] [Times: user=0.14 sys=0.00, real=0.02 secs] 
364.653: Total time for which application threads were stopped: 0.0184980 seconds, Stopping threads took: 0.0001960 seconds
364.742: Application time: 0.0885740 seconds
364.742: [GC364.742: [ParNew: 244533K->27136K(244544K), 0.0530240 secs] 395096K->219798K(790016K), 0.0530730 secs] [Times: user=0.37 sys=0.00, real=0.05 secs] 
364.795: Total time for which application threads were stopped: 0.0532840 seconds, Stopping threads took: 0.0001300 seconds
364.868: Application time: 0.0729900 seconds
364.868: [GC364.868: [ParNew: 244544K->27136K(244544K), 0.0757340 secs] 437206K->285376K(790016K), 0.0757940 secs] [Times: user=0.50 sys=0.00, real=0.07 secs] 
364.944: Total time for which application threads were stopped: 0.0759870 seconds, Stopping threads took: 0.0001190 seconds
364.968: Application time: 0.0242440 seconds
364.973: [GC [1 CMS-initial-mark: 258240K(545472K)] 342292K(790016K), 0.0547240 secs] [Times: user=0.05 sys=0.00, real=0.06 secs] 
365.027: Total time for which application threads were stopped: 0.0587820 seconds, Stopping threads took: 0.0040030 seconds
365.027: [CMS-concurrent-mark-start]
365.124: Application time: 0.0971450 seconds
365.125: [GC365.125: [ParNew: 244544K->27136K(244544K), 0.0616260 secs] 502784K->322255K(790016K), 0.0616770 secs] [Times: user=0.43 sys=0.00, real=0.06 secs] 
365.186: Total time for which application threads were stopped: 0.0619050 seconds, Stopping threads took: 0.0001330 seconds
365.288: [CMS-concurrent-mark: 0.199/0.261 secs] [Times: user=2.00 sys=0.00, real=0.26 secs] 
365.288: [CMS-concurrent-preclean-start]
365.322: Application time: 0.1360550 seconds
365.323: [GC365.323: [ParNew: 244544K->27136K(244544K), 0.0540340 secs] 539663K->350243K(790016K), 0.0540830 secs] [Times: user=0.39 sys=0.00, real=0.06 secs] 
365.377: Total time for which application threads were stopped: 0.0542530 seconds, Stopping threads took: 0.0000860 seconds
365.482: Application time: 0.1057180 seconds
365.482: [GC365.482: [ParNew: 244544K->27136K(244544K), 0.0605420 secs] 567651K->387675K(790016K), 0.0605930 secs] [Times: user=0.43 sys=0.00, real=0.06 secs] 
365.543: Total time for which application threads were stopped: 0.0607450 seconds, Stopping threads took: 0.0000750 seconds
365.635: Application time: 0.0914230 seconds
365.635: [GC365.635: [ParNew: 244544K->27136K(244544K), 0.0718800 secs] 605083K->438008K(790016K), 0.0719300 secs] [Times: user=0.49 sys=0.00, real=0.08 secs] 
365.707: Total time for which application threads were stopped: 0.0721550 seconds, Stopping threads took: 0.0001520 seconds
365.816: Application time: 0.1097280 seconds
365.817: [GC365.817: [ParNew: 244544K->27136K(244544K), 0.0582010 secs] 655416K->472926K(790016K), 0.0582480 secs] [Times: user=0.41 sys=0.00, real=0.05 secs] 
365.875: Total time for which application threads were stopped: 0.0583980 seconds, Stopping threads took: 0.0000760 seconds
365.989: Application time: 0.1142490 seconds
365.989: [GC365.989: [ParNew: 244544K->27136K(244544K), 0.0565990 secs] 690334K->506374K(790016K), 0.0566550 secs] [Times: user=0.39 sys=0.00, real=0.06 secs] 
366.046: Total time for which application threads were stopped: 0.0568170 seconds, Stopping threads took: 0.0000790 seconds
366.152: Application time: 0.1058410 seconds
366.152: [GC366.152: [ParNew: 244544K->27136K(244544K), 0.0558470 secs] 723782K->540519K(790016K), 0.0558990 secs] [Times: user=0.38 sys=0.00, real=0.06 secs] 
366.208: Total time for which application threads were stopped: 0.0560630 seconds, Stopping threads took: 0.0000900 seconds
366.300: Application time: 0.0923860 seconds
366.300: [GC366.300: [ParNew: 244544K->244544K(244544K), 0.0000140 secs]366.300: [CMS366.485: [CMS-concurrent-preclean: 0.834/1.196 secs] [Times: user=7.89 sys=0.02, real=1.20 secs] 
 (concurrent mode failure): 513383K->148700K(545472K), 0.5754090 secs] 757927K->148700K(790016K), [CMS Perm : 9152K->9152K(21248K)], 0.5754890 secs] [Times: user=0.57 sys=0.00, real=0.57 secs] 
366.876: Total time for which application threads were stopped: 0.5756530 seconds, Stopping threads took: 0.0000900 seconds
366.981: Application time: 0.1048510 seconds
366.981: [GC366.981: [ParNew: 217408K->27136K(244544K), 0.0296420 secs] 366108K->186190K(790016K), 0.0296890 secs] [Times: user=0.23 sys=0.00, real=0.03 secs] 
367.011: Total time for which application threads were stopped: 0.0298940 seconds, Stopping threads took: 0.0001080 seconds
367.118: Application time: 0.1075390 seconds
367.118: [GC367.118: [ParNew: 244544K->27134K(244544K), 0.0511190 secs] 403598K->218637K(790016K), 0.0511690 secs] [Times: user=0.36 sys=0.00, real=0.05 secs] 
367.170: Total time for which application threads were stopped: 0.0514000 seconds, Stopping threads took: 0.0001590 seconds
367.260: Application time: 0.0906210 seconds
367.260: [GC367.260: [ParNew: 244542K->27136K(244544K), 0.0551440 secs] 436045K->257896K(790016K), 0.0551970 secs] [Times: user=0.38 sys=0.00, real=0.05 secs] 
367.316: Total time for which application threads were stopped: 0.0553600 seconds, Stopping threads took: 0.0000880 seconds
367.395: Application time: 0.0797670 seconds
367.395: [GC367.395: [ParNew: 244544K->27136K(244544K), 0.0723900 secs] 475304K->318831K(790016K), 0.0724400 secs] [Times: user=0.48 sys=0.00, real=0.08 secs] 
367.468: Total time for which application threads were stopped: 0.0726230 seconds, Stopping threads took: 0.0001070 seconds
367.492: Application time: 0.0245720 seconds
367.497: [GC [1 CMS-initial-mark: 291695K(545472K)] 376601K(790016K), 0.0534340 secs] [Times: user=0.05 sys=0.00, real=0.05 secs] 
367.550: Total time for which application threads were stopped: 0.0575130 seconds, Stopping threads took: 0.0040080 seconds
367.550: [CMS-concurrent-mark-start]
367.643: Application time: 0.0930880 seconds
367.643: [GC367.643: [ParNew: 244544K->27136K(244544K), 0.0633490 secs] 536239K->357308K(790016K), 0.0634010 secs] [Times: user=0.44 sys=0.00, real=0.07 secs] 
367.707: Total time for which application threads were stopped: 0.0635620 seconds, Stopping threads took: 0.0000890 seconds
367.829: Application time: 0.1226890 seconds
367.829: [GC367.829: [ParNew: 244544K->27136K(244544K), 0.0554380 secs] 574716K->387771K(790016K), 0.0554880 secs] [Times: user=0.39 sys=0.00, real=0.06 secs] 
367.885: Total time for which application threads were stopped: 0.0556410 seconds, Stopping threads took: 0.0000850 seconds
367.976: [CMS-concurrent-mark: 0.306/0.425 secs] [Times: user=3.26 sys=0.00, real=0.42 secs] 
367.976: [CMS-concurrent-preclean-start]
368.008: Application time: 0.1226640 seconds
368.009: [GC368.009: [ParNew: 244544K->27136K(244544K), 0.0539090 secs] 605179K->418953K(790016K), 0.0539560 secs] [Times: user=0.38 sys=0.00, real=0.05 secs] 
368.063: Total time for which application threads were stopped: 0.0549140 seconds, Stopping threads took: 0.0008750 seconds
368.164: Application time: 0.1014480 seconds
368.169: [GC368.169: [ParNew: 244544K->27136K(244544K), 0.0640300 secs] 636361K->462663K(790016K), 0.0640770 secs] [Times: user=0.44 sys=0.00, real=0.06 secs] 
368.233: Total time for which application threads were stopped: 0.0686330 seconds, Stopping threads took: 0.0044850 seconds
368.333: Application time: 0.1006560 seconds
368.334: [GC368.334: [ParNew: 244544K->27136K(244544K), 0.0629670 secs] 680071K->503871K(790016K), 0.0630150 secs] [Times: user=0.43 sys=0.00, real=0.07 secs] 
368.397: Total time for which application threads were stopped: 0.0632300 seconds, Stopping threads took: 0.0001440 seconds
368.509: Application time: 0.1127090 seconds
368.509: [GC368.509: [ParNew: 244544K->27136K(244544K), 0.0533040 secs] 721279K->535447K(790016K), 0.0533520 secs] [Times: user=0.37 sys=0.00, real=0.05 secs] 
368.563: Total time for which application threads were stopped: 0.0534970 seconds, Stopping threads took: 0.0000740 seconds
368.669: Application time: 0.1064640 seconds
368.669: [GC368.669: [ParNew: 244544K->244544K(244544K), 0.0000140 secs]368.669: [CMS368.834: [CMS-concurrent-preclean: 0.615/0.858 secs] [Times: user=5.40 sys=0.01, real=0.86 secs] 
 (concurrent mode failure): 508311K->133921K(545472K), 0.5358960 secs] 752855K->133921K(790016K), [CMS Perm : 9152K->9152K(21248K)], 0.5359700 secs] [Times: user=0.53 sys=0.00, real=0.54 secs] 
369.205: Total time for which application threads were stopped: 0.5361510 seconds, Stopping threads took: 0.0000920 seconds
369.311: Application time: 0.1051770 seconds
369.311: [GC369.311: [ParNew: 217408K->27136K(244544K), 0.0279870 secs] 351329K->170453K(790016K), 0.0280380 secs] [Times: user=0.21 sys=0.00, real=0.03 secs] 
369.339: Total time for which application threads were stopped: 0.0284540 seconds, Stopping threads took: 0.0003090 seconds
369.418: Application time: 0.0792730 seconds
369.421: [GC369.421: [ParNew: 244544K->27136K(244544K), 0.0712100 secs] 387861K->233843K(790016K), 0.0712610 secs] [Times: user=0.48 sys=0.00, real=0.07 secs] 
369.492: Total time for which application threads were stopped: 0.0737260 seconds, Stopping threads took: 0.0023700 seconds
369.593: Application time: 0.1013520 seconds
369.594: [GC369.594: [ParNew: 244507K->27136K(244544K), 0.0529970 secs] 451215K->266792K(790016K), 0.0530490 secs] [Times: user=0.37 sys=0.00, real=0.06 secs] 
369.647: Total time for which application threads were stopped: 0.0532640 seconds, Stopping threads took: 0.0001410 seconds
369.660: Application time: 0.0138400 seconds
369.663: [GC [1 CMS-initial-mark: 239656K(545472K)] 304685K(790016K), 0.0382500 secs] [Times: user=0.04 sys=0.00, real=0.04 secs] 
369.701: Total time for which application threads were stopped: 0.0404610 seconds, Stopping threads took: 0.0021440 seconds
369.701: [CMS-concurrent-mark-start]
369.810: Application time: 0.1085840 seconds
369.811: [GC369.811: [ParNew: 244544K->27136K(244544K), 0.0680660 secs] 484200K->309680K(790016K), 0.0681180 secs] [Times: user=0.48 sys=0.00, real=0.07 secs] 
369.879: Total time for which application threads were stopped: 0.0695250 seconds, Stopping threads took: 0.0013140 seconds
369.962: [CMS-concurrent-mark: 0.191/0.261 secs] [Times: user=1.99 sys=0.01, real=0.26 secs] 
369.962: [CMS-concurrent-preclean-start]
369.997: Application time: 0.1180710 seconds
370.001: [GC370.001: [ParNew: 244544K->27134K(244544K), 0.0572280 secs] 527088K->344544K(790016K), 0.0572780 secs] [Times: user=0.40 sys=0.00, real=0.06 secs] 
370.058: Total time for which application threads were stopped: 0.0608480 seconds, Stopping threads took: 0.0034610 seconds
370.168: Application time: 0.1102220 seconds
370.168: [GC370.168: [ParNew: 244542K->27136K(244544K), 0.0581310 secs] 561952K->381339K(790016K), 0.0581810 secs] [Times: user=0.40 sys=0.01, real=0.06 secs] 
370.227: Total time for which application threads were stopped: 0.0583480 seconds, Stopping threads took: 0.0000940 seconds
370.322: Application time: 0.0953280 seconds
370.322: [GC370.322: [ParNew: 244544K->27135K(244544K), 0.0656870 secs] 598747K->426441K(790016K), 0.0657370 secs] [Times: user=0.45 sys=0.00, real=0.07 secs] 
370.388: Total time for which application threads were stopped: 0.0659010 seconds, Stopping threads took: 0.0000840 seconds
370.503: Application time: 0.1154460 seconds
370.503: [GC370.503: [ParNew: 244543K->27135K(244544K), 0.0549590 secs] 643849K->457480K(790016K), 0.0550090 secs] [Times: user=0.39 sys=0.00, real=0.06 secs] 
370.558: Total time for which application threads were stopped: 0.0551960 seconds, Stopping threads took: 0.0001030 seconds
370.667: Application time: 0.1087910 seconds
370.667: [GC370.667: [ParNew: 244543K->27136K(244544K), 0.0608230 secs] 674888K->495037K(790016K), 0.0608690 secs] [Times: user=0.42 sys=0.00, real=0.06 secs] 
370.728: Total time for which application threads were stopped: 0.0610110 seconds, Stopping threads took: 0.0000700 seconds
370.838: Application time: 0.1097540 seconds
370.838: [GC370.838: [ParNew: 244544K->27136K(244544K), 0.0560600 secs] 712445K->528938K(790016K), 0.0561100 secs] [Times: user=0.39 sys=0.00, real=0.05 secs] 
370.894: Total time for which application threads were stopped: 0.0562730 seconds, Stopping threads took: 0.0000880 seconds
370.988: Application time: 0.0939550 seconds
370.988: [GC370.988: [ParNew (promotion failed): 244544K->244543K(244544K), 7.7484540 secs]378.737: [CMS378.944: [CMS-concurrent-preclean: 0.872/8.982 secs] [Times: user=19.43 sys=1.44, real=8.99 secs] 
 (concurrent mode failure): 542448K->142840K(545472K), 0.5821330 secs] 746346K->142840K(790016K), [CMS Perm : 9152K->9152K(21248K)], 8.3306700 secs] [Times: user=12.01 sys=1.42, real=8.33 secs] 
379.319: Total time for which application threads were stopped: 8.3308310 seconds, Stopping threads took: 0.0000870 seconds
379.423: Application time: 0.1044070 seconds
379.424: [GC379.424: [ParNew: 217408K->27136K(244544K), 0.0289960 secs] 360248K->179943K(790016K), 0.0290470 secs] [Times: user=0.22 sys=0.00, real=0.03 secs] 
379.453: Total time for which application threads were stopped: 0.0292190 seconds, Stopping threads took: 0.0000880 seconds
379.548: Application time: 0.0948060 seconds
379.548: [GC379.548: [ParNew: 244544K->27134K(244544K), 0.0573630 secs] 397351K->224918K(790016K), 0.0574120 secs] [Times: user=0.40 sys=0.00, real=0.06 secs] 
379.605: Total time for which application threads were stopped: 0.0577050 seconds, Stopping threads took: 0.0001990 seconds
379.706: Application time: 0.1006410 seconds
379.706: [GC379.706: [ParNew: 244542K->27136K(244544K), 0.0527280 secs] 442326K->257951K(790016K), 0.0527780 secs] [Times: user=0.37 sys=0.00, real=0.05 secs] 
379.759: Total time for which application threads were stopped: 0.0529630 seconds, Stopping threads took: 0.0001140 seconds
379.844: Application time: 0.0856700 seconds
379.845: [GC379.845: [ParNew: 244544K->27135K(244544K), 0.0660610 secs] 475359K->307471K(790016K), 0.0661070 secs] [Times: user=0.45 sys=0.00, real=0.06 secs] 
379.911: Total time for which application threads were stopped: 0.0662340 seconds, Stopping threads took: 0.0000520 seconds
380.034: Application time: 0.1237580 seconds
380.035: [GC380.035: [ParNew: 244543K->27135K(244544K), 0.0446760 secs] 524879K->330301K(790016K), 0.0447250 secs] [Times: user=0.32 sys=0.00, real=0.05 secs] 
380.079: Total time for which application threads were stopped: 0.0448640 seconds, Stopping threads took: 0.0000480 seconds
380.505: Application time: 0.4255940 seconds
380.505: Total time for which application threads were stopped: 0.0000520 seconds, Stopping threads took: 0.0000090 seconds
380.520: Application time: 0.0147180 seconds
380.520: Total time for which application threads were stopped: 0.0001780 seconds, Stopping threads took: 0.0000080 seconds
380.958: Application time: 0.4379500 seconds
380.958: Total time for which application threads were stopped: 0.0000760 seconds, Stopping threads took: 0.0000130 seconds
Heap
 par new generation   total 244544K, used 222987K [0x00000000c9000000, 0x00000000d9950000, 0x00000000d9950000)
  eden space 217408K,  90% used [0x00000000c9000000, 0x00000000d4f43358, 0x00000000d6450000)
  from space 27136K,  99% used [0x00000000d6450000, 0x00000000d7ecfc40, 0x00000000d7ed0000)
  to   space 27136K,   0% used [0x00000000d7ed0000, 0x00000000d7ed0000, 0x00000000d9950000)
 concurrent mark-sweep generation total 545472K, used 303166K [0x00000000d9950000, 0x00000000fae00000, 0x00000000fae00000)
 concurrent-mark-sweep perm gen total 21248K, used 16689K [0x00000000fae00000, 0x00000000fc2c0000, 0x0000000100000000)
380.958: Application time: 0.0001820 seconds
