Java HotSpot(TM) 64-Bit Server VM (24.80-b11) for linux-amd64 JRE (1.7.0_80-b15), built on Apr 10 2015 19:53:14 by "java_re" with gcc 4.3.0 20080428 (Red Hat 4.3.0-8)
Memory: 4k page, physical 8000092k(5534980k free), swap 8218620k(8218620k free)
CommandLine flags: -XX:InitialHeapSize=339874816 -XX:MaxHeapSize=339874816 -XX:+PrintGC -XX:+PrintGCApplicationConcurrentTime -XX:+PrintGCApplicationStoppedTime -XX:+PrintGCDetails -XX:+PrintGCTimeStamps -XX:-UseAdaptiveSizePolicy -XX:+UseCMSInitiatingOccupancyOnly -XX:+UseCompressedOops -XX:+UseParallelGC 
1.011: Application time: 0.9849510 seconds
1.011: Total time for which application threads were stopped: 0.0000520 seconds, Stopping threads took: 0.0000180 seconds
4.031: Application time: 3.0203550 seconds
4.031: Total time for which application threads were stopped: 0.0000660 seconds, Stopping threads took: 0.0000100 seconds
15.016: Application time: 10.9847710 seconds
15.016: Total time for which application threads were stopped: 0.0000220 seconds, Stopping threads took: 0.0000080 seconds
15.016: Application time: 0.0000630 seconds
15.016: Total time for which application threads were stopped: 0.0000230 seconds, Stopping threads took: 0.0000080 seconds
15.018: Application time: 0.0013890 seconds
15.018: Total time for which application threads were stopped: 0.0000090 seconds, Stopping threads took: 0.0000040 seconds
15.037: Application time: 0.0196830 seconds
15.037: Total time for which application threads were stopped: 0.0000370 seconds, Stopping threads took: 0.0000100 seconds
15.049: Application time: 0.0120950 seconds
15.049: [GC [PSYoungGen: 13395K->3327K(97280K)] 13395K->3335K(318976K), 0.0020920 secs] [Times: user=0.01 sys=0.01, real=0.00 secs] 
15.052: [Full GC [PSYoungGen: 3327K->0K(97280K)] [ParOldGen: 8K->3145K(221696K)] 3335K->3145K(318976K) [PSPermGen: 5075K->5074K(21504K)], 0.0114830 secs] [Times: user=0.04 sys=0.00, real=0.02 secs] 
15.063: Total time for which application threads were stopped: 0.0136900 seconds, Stopping threads took: 0.0000050 seconds
15.063: Application time: 0.0000530 seconds
15.063: [GC [PSYoungGen: 0K->0K(97280K)] 3145K->3145K(318976K), 0.0002860 secs] [Times: user=0.00 sys=0.00, real=0.00 secs] 
15.063: [Full GC [PSYoungGen: 0K->0K(97280K)] [ParOldGen: 3145K->3145K(221696K)] 3145K->3145K(318976K) [PSPermGen: 5074K->5074K(21504K)], 0.0040080 secs] [Times: user=0.02 sys=0.00, real=0.00 secs] 
15.068: Total time for which application threads were stopped: 0.0043860 seconds, Stopping threads took: 0.0000070 seconds
15.068: Application time: 0.0000420 seconds
15.068: Total time for which application threads were stopped: 0.0000230 seconds, Stopping threads took: 0.0000150 seconds
15.068: Application time: 0.0000450 seconds
15.068: Total time for which application threads were stopped: 0.0000160 seconds, Stopping threads took: 0.0000130 seconds
15.068: Application time: 0.0000090 seconds
15.068: Total time for which application threads were stopped: 0.0000150 seconds, Stopping threads took: 0.0000120 seconds
15.068: Application time: 0.0000090 seconds
15.068: Total time for which application threads were stopped: 0.0000150 seconds, Stopping threads took: 0.0000110 seconds
15.068: Application time: 0.0000100 seconds
15.068: Total time for which application threads were stopped: 0.0000140 seconds, Stopping threads took: 0.0000110 seconds
15.068: Application time: 0.0000090 seconds
15.068: Total time for which application threads were stopped: 0.0000160 seconds, Stopping threads took: 0.0000120 seconds
15.068: Application time: 0.0000100 seconds
15.068: Total time for which application threads were stopped: 0.0000130 seconds, Stopping threads took: 0.0000100 seconds
15.068: Application time: 0.0000180 seconds
15.068: Total time for which application threads were stopped: 0.0000140 seconds, Stopping threads took: 0.0000100 seconds
15.068: Application time: 0.0000090 seconds
15.068: Total time for which application threads were stopped: 0.0000150 seconds, Stopping threads took: 0.0000120 seconds
15.068: Application time: 0.0000090 seconds
15.068: Total time for which application threads were stopped: 0.0000150 seconds, Stopping threads took: 0.0000110 seconds
15.068: Application time: 0.0000130 seconds
15.068: Total time for which application threads were stopped: 0.0000170 seconds, Stopping threads took: 0.0000140 seconds
15.068: Application time: 0.0000110 seconds
15.068: Total time for which application threads were stopped: 0.0000150 seconds, Stopping threads took: 0.0000110 seconds
15.068: Application time: 0.0000120 seconds
15.068: Total time for which application threads were stopped: 0.0000170 seconds, Stopping threads took: 0.0000130 seconds
15.068: Application time: 0.0000110 seconds
15.068: Total time for which application threads were stopped: 0.0000180 seconds, Stopping threads took: 0.0000150 seconds
15.068: Application time: 0.0000110 seconds
15.068: Total time for which application threads were stopped: 0.0000160 seconds, Stopping threads took: 0.0000120 seconds
15.068: Application time: 0.0000330 seconds
15.068: Total time for which application threads were stopped: 0.0000150 seconds, Stopping threads took: 0.0000120 seconds
15.068: Application time: 0.0000440 seconds
15.068: Total time for which application threads were stopped: 0.0000070 seconds, Stopping threads took: 0.0000040 seconds
15.068: Application time: 0.0000110 seconds
15.068: Total time for which application threads were stopped: 0.0000120 seconds, Stopping threads took: 0.0000080 seconds
15.068: Application time: 0.0000110 seconds
15.068: Total time for which application threads were stopped: 0.0000160 seconds, Stopping threads took: 0.0000120 seconds
15.068: Application time: 0.0000110 seconds
15.068: Total time for which application threads were stopped: 0.0000220 seconds, Stopping threads took: 0.0000090 seconds
15.069: Application time: 0.0004340 seconds
15.069: Total time for which application threads were stopped: 0.0000160 seconds, Stopping threads took: 0.0000120 seconds
15.071: Application time: 0.0020610 seconds
15.071: Total time for which application threads were stopped: 0.0000200 seconds, Stopping threads took: 0.0000130 seconds
15.071: Application time: 0.0001290 seconds
15.071: Total time for which application threads were stopped: 0.0000540 seconds, Stopping threads took: 0.0000430 seconds
15.071: Application time: 0.0005160 seconds
15.071: Total time for which application threads were stopped: 0.0000280 seconds, Stopping threads took: 0.0000180 seconds
15.092: Application time: 0.0205010 seconds
15.092: Total time for which application threads were stopped: 0.0000570 seconds, Stopping threads took: 0.0000440 seconds
15.210: Application time: 0.1184630 seconds
15.213: [GC [PSYoungGen: 83456K->6992K(97280K)] 86601K->10137K(318976K), 0.0018700 secs] [Times: user=0.01 sys=0.00, real=0.00 secs] 
15.215: Total time for which application threads were stopped: 0.0047580 seconds, Stopping threads took: 0.0027910 seconds
15.216: Application time: 0.0003650 seconds
15.218: Total time for which application threads were stopped: 0.0022890 seconds, Stopping threads took: 0.0022710 seconds
15.218: Application time: 0.0000400 seconds
15.219: Total time for which application threads were stopped: 0.0014490 seconds, Stopping threads took: 0.0014420 seconds
15.219: Application time: 0.0000410 seconds
15.221: Total time for which application threads were stopped: 0.0015410 seconds, Stopping threads took: 0.0015290 seconds
15.221: Application time: 0.0000190 seconds
15.221: Total time for which application threads were stopped: 0.0000320 seconds, Stopping threads took: 0.0000260 seconds
15.221: Application time: 0.0000150 seconds
15.221: Total time for which application threads were stopped: 0.0000100 seconds, Stopping threads took: 0.0000050 seconds
15.221: Application time: 0.0000130 seconds
15.221: Total time for which application threads were stopped: 0.0000090 seconds, Stopping threads took: 0.0000040 seconds
15.221: Application time: 0.0000110 seconds
15.221: Total time for which application threads were stopped: 0.0000080 seconds, Stopping threads took: 0.0000030 seconds
15.221: Application time: 0.0000120 seconds
15.221: Total time for which application threads were stopped: 0.0000080 seconds, Stopping threads took: 0.0000030 seconds
15.221: Application time: 0.0000110 seconds
15.221: Total time for which application threads were stopped: 0.0000080 seconds, Stopping threads took: 0.0000040 seconds
15.221: Application time: 0.0000100 seconds
15.221: Total time for which application threads were stopped: 0.0000660 seconds, Stopping threads took: 0.0000620 seconds
15.221: Application time: 0.0000100 seconds
15.221: Total time for which application threads were stopped: 0.0000070 seconds, Stopping threads took: 0.0000020 seconds
15.221: Application time: 0.0000110 seconds
15.221: Total time for which application threads were stopped: 0.0000140 seconds, Stopping threads took: 0.0000100 seconds
15.294: Application time: 0.0726880 seconds
15.296: [GC [PSYoungGen: 90448K->7904K(97280K)] 93593K->11049K(318976K), 0.0018530 secs] [Times: user=0.01 sys=0.00, real=0.00 secs] 
15.298: Total time for which application threads were stopped: 0.0036670 seconds, Stopping threads took: 0.0017340 seconds
15.371: Application time: 0.0728590 seconds
15.372: [GC [PSYoungGen: 91360K->7504K(97280K)] 94505K->10649K(318976K), 0.0022460 secs] [Times: user=0.00 sys=0.00, real=0.00 secs] 
15.375: Total time for which application threads were stopped: 0.0041670 seconds, Stopping threads took: 0.0018380 seconds
15.449: Application time: 0.0746920 seconds
15.453: [GC [PSYoungGen: 90960K->7184K(97280K)] 94105K->10329K(318976K), 0.0022300 secs] [Times: user=0.01 sys=0.01, real=0.00 secs] 
15.455: Total time for which application threads were stopped: 0.0054070 seconds, Stopping threads took: 0.0030950 seconds
15.530: Application time: 0.0753780 seconds
15.532: [GC [PSYoungGen: 90640K->7584K(97280K)] 93785K->10729K(318976K), 0.0020120 secs] [Times: user=0.01 sys=0.00, real=0.01 secs] 
15.534: Total time for which application threads were stopped: 0.0041410 seconds, Stopping threads took: 0.0020460 seconds
15.608: Application time: 0.0734880 seconds
15.610: [GC [PSYoungGen: 91040K->7168K(97280K)] 94185K->10313K(318976K), 0.0021530 secs] [Times: user=0.01 sys=0.00, real=0.00 secs] 
15.612: Total time for which application threads were stopped: 0.0042820 seconds, Stopping threads took: 0.0020480 seconds
15.686: Application time: 0.0740140 seconds
15.688: [GC [PSYoungGen: 90624K->8336K(97280K)] 93769K->11481K(318976K), 0.0023760 secs] [Times: user=0.02 sys=0.00, real=0.00 secs] 
15.690: Total time for which application threads were stopped: 0.0043890 seconds, Stopping threads took: 0.0019350 seconds
15.766: Application time: 0.0757160 seconds
15.768: [GC [PSYoungGen: 91792K->7600K(97280K)] 94937K->10745K(318976K), 0.0023710 secs] [Times: user=0.02 sys=0.00, real=0.00 secs] 
15.771: Total time for which application threads were stopped: 0.0046260 seconds, Stopping threads took: 0.0021710 seconds
15.854: Application time: 0.0827160 seconds
15.855: [GC [PSYoungGen: 91056K->6208K(97280K)] 94201K->9353K(318976K), 0.0017200 secs] [Times: user=0.01 sys=0.00, real=0.00 secs] 
15.857: Total time for which application threads were stopped: 0.0035010 seconds, Stopping threads took: 0.0017140 seconds
15.931: Application time: 0.0740570 seconds
15.933: [GC [PSYoungGen: 89664K->7584K(97280K)] 92809K->10729K(318976K), 0.0021740 secs] [Times: user=0.01 sys=0.00, real=0.00 secs] 
15.935: Total time for which application threads were stopped: 0.0039920 seconds, Stopping threads took: 0.0017380 seconds
16.011: Application time: 0.0757820 seconds
16.014: [GC [PSYoungGen: 91040K->7824K(97280K)] 94185K->10969K(318976K), 0.0021420 secs] [Times: user=0.01 sys=0.01, real=0.00 secs] 
16.016: Total time for which application threads were stopped: 0.0051630 seconds, Stopping threads took: 0.0029510 seconds
16.092: Application time: 0.0761290 seconds
16.094: [GC [PSYoungGen: 91280K->7424K(97280K)] 94425K->10569K(318976K), 0.0021560 secs] [Times: user=0.01 sys=0.00, real=0.00 secs] 
16.096: Total time for which application threads were stopped: 0.0038430 seconds, Stopping threads took: 0.0015990 seconds
16.169: Application time: 0.0734450 seconds
16.171: [GC [PSYoungGen: 90880K->6576K(97280K)] 94025K->9721K(318976K), 0.0018660 secs] [Times: user=0.01 sys=0.00, real=0.01 secs] 
16.173: Total time for which application threads were stopped: 0.0038280 seconds, Stopping threads took: 0.0018840 seconds
16.249: Application time: 0.0754680 seconds
16.251: [GC [PSYoungGen: 90032K->7104K(97280K)] 93177K->10249K(318976K), 0.0019830 secs] [Times: user=0.01 sys=0.00, real=0.01 secs] 
16.254: Total time for which application threads were stopped: 0.0047400 seconds, Stopping threads took: 0.0026830 seconds
16.330: Application time: 0.0768640 seconds
16.332: [GC [PSYoungGen: 90560K->7824K(97280K)] 93705K->10969K(318976K), 0.0021970 secs] [Times: user=0.02 sys=0.00, real=0.00 secs] 
16.335: Total time for which application threads were stopped: 0.0042560 seconds, Stopping threads took: 0.0019780 seconds
16.412: Application time: 0.0768760 seconds
16.414: [GC [PSYoungGen: 91280K->8368K(97280K)] 94425K->11585K(318976K), 0.0024080 secs] [Times: user=0.02 sys=0.00, real=0.00 secs] 
16.417: Total time for which application threads were stopped: 0.0050110 seconds, Stopping threads took: 0.0025190 seconds
16.490: Application time: 0.0734300 seconds
16.492: [GC [PSYoungGen: 91824K->6976K(97280K)] 95041K->10225K(318976K), 0.0019220 secs] [Times: user=0.02 sys=0.00, real=0.01 secs] 
16.494: Total time for which application threads were stopped: 0.0038230 seconds, Stopping threads took: 0.0018090 seconds
16.568: Application time: 0.0738410 seconds
16.570: [GC [PSYoungGen: 90432K->7200K(97280K)] 93681K->10449K(318976K), 0.0020290 secs] [Times: user=0.01 sys=0.00, real=0.00 secs] 
16.572: Total time for which application threads were stopped: 0.0040960 seconds, Stopping threads took: 0.0019840 seconds
16.647: Application time: 0.0753200 seconds
16.648: [GC [PSYoungGen: 90656K->5392K(97280K)] 93905K->8641K(318976K), 0.0015370 secs] [Times: user=0.01 sys=0.00, real=0.00 secs] 
16.650: Total time for which application threads were stopped: 0.0028150 seconds, Stopping threads took: 0.0012000 seconds
16.727: Application time: 0.0770960 seconds
16.729: [GC [PSYoungGen: 88848K->7088K(97280K)] 92097K->10337K(318976K), 0.0020050 secs] [Times: user=0.01 sys=0.00, real=0.00 secs] 
16.731: Total time for which application threads were stopped: 0.0040520 seconds, Stopping threads took: 0.0019700 seconds
16.806: Application time: 0.0754420 seconds
16.808: [GC [PSYoungGen: 90544K->6592K(97280K)] 93793K->9841K(318976K), 0.0018950 secs] [Times: user=0.02 sys=0.00, real=0.00 secs] 
16.810: Total time for which application threads were stopped: 0.0035420 seconds, Stopping threads took: 0.0015720 seconds
16.884: Application time: 0.0736370 seconds
16.885: [GC [PSYoungGen: 90048K->7280K(97280K)] 93297K->10569K(318976K), 0.0021740 secs] [Times: user=0.00 sys=0.00, real=0.00 secs] 
16.887: Total time for which application threads were stopped: 0.0036010 seconds, Stopping threads took: 0.0013450 seconds
16.962: Application time: 0.0749690 seconds
16.964: [GC [PSYoungGen: 90736K->7920K(97280K)] 94025K->11241K(318976K), 0.0024170 secs] [Times: user=0.02 sys=0.00, real=0.00 secs] 
16.967: Total time for which application threads were stopped: 0.0044670 seconds, Stopping threads took: 0.0019640 seconds
17.039: Application time: 0.0725450 seconds
17.041: [GC [PSYoungGen: 91376K->7520K(97280K)] 94697K->10841K(318976K), 0.0023090 secs] [Times: user=0.01 sys=0.00, real=0.00 secs] 
17.043: Total time for which application threads were stopped: 0.0040880 seconds, Stopping threads took: 0.0016960 seconds
17.119: Application time: 0.0754140 seconds
17.122: [GC [PSYoungGen: 90976K->6800K(97280K)] 94297K->10121K(318976K), 0.0018970 secs] [Times: user=0.01 sys=0.01, real=0.00 secs] 
17.124: Total time for which application threads were stopped: 0.0049770 seconds, Stopping threads took: 0.0030040 seconds
17.199: Application time: 0.0750270 seconds
17.201: [GC [PSYoungGen: 90256K->8048K(97280K)] 93577K->11369K(318976K), 0.0022640 secs] [Times: user=0.02 sys=0.00, real=0.00 secs] 
17.204: Total time for which application threads were stopped: 0.0050270 seconds, Stopping threads took: 0.0026580 seconds
17.279: Application time: 0.0750110 seconds
17.281: [GC [PSYoungGen: 91504K->7968K(97280K)] 94825K->11305K(318976K), 0.0022400 secs] [Times: user=0.01 sys=0.00, real=0.00 secs] 
17.283: Total time for which application threads were stopped: 0.0042700 seconds, Stopping threads took: 0.0019370 seconds
17.359: Application time: 0.0759560 seconds
17.361: [GC [PSYoungGen: 91424K->7696K(97280K)] 94761K->11041K(318976K), 0.0021830 secs] [Times: user=0.01 sys=0.00, real=0.00 secs] 
17.363: Total time for which application threads were stopped: 0.0044280 seconds, Stopping threads took: 0.0021650 seconds
17.436: Application time: 0.0729810 seconds
17.438: [GC [PSYoungGen: 91152K->7344K(97280K)] 94497K->10689K(318976K), 0.0021710 secs] [Times: user=0.02 sys=0.00, real=0.00 secs] 
17.440: Total time for which application threads were stopped: 0.0035660 seconds, Stopping threads took: 0.0013180 seconds
17.515: Application time: 0.0754570 seconds
17.516: [GC [PSYoungGen: 90800K->6832K(97280K)] 94145K->10177K(318976K), 0.0019970 secs] [Times: user=0.01 sys=0.00, real=0.00 secs] 
17.518: Total time for which application threads were stopped: 0.0025190 seconds, Stopping threads took: 0.0004420 seconds
17.592: Application time: 0.0745120 seconds
17.594: [GC [PSYoungGen: 90288K->7104K(97280K)] 93633K->10449K(318976K), 0.0020370 secs] [Times: user=0.01 sys=0.00, real=0.00 secs] 
17.596: Total time for which application threads were stopped: 0.0035810 seconds, Stopping threads took: 0.0014700 seconds
17.669: Application time: 0.0725660 seconds
17.671: [GC [PSYoungGen: 90560K->8144K(97280K)] 93905K->11489K(318976K), 0.0023710 secs] [Times: user=0.02 sys=0.00, real=0.01 secs] 
17.674: Total time for which application threads were stopped: 0.0052230 seconds, Stopping threads took: 0.0027670 seconds
17.749: Application time: 0.0750370 seconds
17.751: [GC [PSYoungGen: 91600K->5856K(97280K)] 94945K->9209K(318976K), 0.0016810 secs] [Times: user=0.01 sys=0.00, real=0.01 secs] 
17.752: Total time for which application threads were stopped: 0.0035320 seconds, Stopping threads took: 0.0017760 seconds
17.827: Application time: 0.0748060 seconds
17.830: [GC [PSYoungGen: 89312K->7456K(97280K)] 92665K->10817K(318976K), 0.0021430 secs] [Times: user=0.01 sys=0.00, real=0.00 secs] 
17.832: Total time for which application threads were stopped: 0.0047930 seconds, Stopping threads took: 0.0025740 seconds
17.909: Application time: 0.0768670 seconds
17.911: [GC [PSYoungGen: 90912K->6304K(97280K)] 94273K->9673K(318976K), 0.0018910 secs] [Times: user=0.01 sys=0.00, real=0.01 secs] 
17.913: Total time for which application threads were stopped: 0.0042900 seconds, Stopping threads took: 0.0023240 seconds
17.988: Application time: 0.0748950 seconds
17.990: [GC [PSYoungGen: 89760K->7040K(97280K)] 93129K->10409K(318976K), 0.0020130 secs] [Times: user=0.01 sys=0.00, real=0.01 secs] 
17.993: Total time for which application threads were stopped: 0.0044190 seconds, Stopping threads took: 0.0023260 seconds
18.068: Application time: 0.0752040 seconds
18.069: [GC [PSYoungGen: 90496K->7552K(97280K)] 93865K->10921K(318976K), 0.0021290 secs] [Times: user=0.02 sys=0.00, real=0.00 secs] 
18.072: Total time for which application threads were stopped: 0.0037660 seconds, Stopping threads took: 0.0015540 seconds
18.146: Application time: 0.0745220 seconds
18.148: [GC [PSYoungGen: 91008K->8448K(97280K)] 94377K->11817K(318976K), 0.0023660 secs] [Times: user=0.02 sys=0.00, real=0.00 secs] 
18.151: Total time for which application threads were stopped: 0.0048410 seconds, Stopping threads took: 0.0023970 seconds
18.225: Application time: 0.0744970 seconds
18.227: [GC [PSYoungGen: 91904K->7968K(97280K)] 95273K->11337K(318976K), 0.0021900 secs] [Times: user=0.01 sys=0.00, real=0.00 secs] 
18.229: Total time for which application threads were stopped: 0.0035970 seconds, Stopping threads took: 0.0013320 seconds
18.305: Application time: 0.0757340 seconds
18.307: [GC [PSYoungGen: 91424K->6592K(97280K)] 94793K->9969K(318976K), 0.0019010 secs] [Times: user=0.01 sys=0.00, real=0.00 secs] 
18.309: Total time for which application threads were stopped: 0.0044100 seconds, Stopping threads took: 0.0024230 seconds
18.384: Application time: 0.0749380 seconds
18.386: [GC [PSYoungGen: 90048K->7840K(97280K)] 93425K->11225K(318976K), 0.0022110 secs] [Times: user=0.02 sys=0.00, real=0.00 secs] 
18.388: Total time for which application threads were stopped: 0.0039260 seconds, Stopping threads took: 0.0016220 seconds
18.467: Application time: 0.0789800 seconds
18.470: [GC [PSYoungGen: 91296K->7312K(97280K)] 94681K->10697K(318976K), 0.0020850 secs] [Times: user=0.01 sys=0.00, real=0.00 secs] 
18.472: Total time for which application threads were stopped: 0.0046670 seconds, Stopping threads took: 0.0025070 seconds
18.546: Application time: 0.0743970 seconds
18.547: [GC [PSYoungGen: 90768K->6896K(97280K)] 94153K->10313K(318976K), 0.0020370 secs] [Times: user=0.02 sys=0.00, real=0.00 secs] 
18.550: Total time for which application threads were stopped: 0.0035150 seconds, Stopping threads took: 0.0014030 seconds
18.624: Application time: 0.0743590 seconds
18.626: [GC [PSYoungGen: 90352K->7968K(97280K)] 93769K->11385K(318976K), 0.0024060 secs] [Times: user=0.01 sys=0.01, real=0.00 secs] 
18.628: Total time for which application threads were stopped: 0.0045080 seconds, Stopping threads took: 0.0020240 seconds
18.703: Application time: 0.0744670 seconds
18.706: [GC [PSYoungGen: 91424K->6672K(97280K)] 94841K->10089K(318976K), 0.0023240 secs] [Times: user=0.01 sys=0.00, real=0.00 secs] 
18.708: Total time for which application threads were stopped: 0.0050590 seconds, Stopping threads took: 0.0026570 seconds
18.783: Application time: 0.0747580 seconds
18.784: [GC [PSYoungGen: 90128K->7600K(97280K)] 93545K->11025K(318976K), 0.0022360 secs] [Times: user=0.01 sys=0.00, real=0.00 secs] 
18.787: Total time for which application threads were stopped: 0.0038690 seconds, Stopping threads took: 0.0015570 seconds
18.862: Application time: 0.0750590 seconds
18.865: [GC [PSYoungGen: 91056K->7216K(97280K)] 94481K->10649K(318976K), 0.0021540 secs] [Times: user=0.01 sys=0.01, real=0.00 secs] 
18.867: Total time for which application threads were stopped: 0.0050620 seconds, Stopping threads took: 0.0028200 seconds
18.945: Application time: 0.0780660 seconds
18.948: [GC [PSYoungGen: 90672K->7216K(97280K)] 94105K->10649K(318976K), 0.0021350 secs] [Times: user=0.01 sys=0.00, real=0.00 secs] 
18.950: Total time for which application threads were stopped: 0.0049030 seconds, Stopping threads took: 0.0026870 seconds
19.028: Application time: 0.0778200 seconds
19.030: [GC [PSYoungGen: 90672K->8080K(97280K)] 94105K->11513K(318976K), 0.0023430 secs] [Times: user=0.01 sys=0.00, real=0.00 secs] 
19.032: Total time for which application threads were stopped: 0.0044950 seconds, Stopping threads took: 0.0020710 seconds
19.111: Application time: 0.0791640 seconds
19.113: [GC [PSYoungGen: 91536K->6960K(97280K)] 94969K->10393K(318976K), 0.0020920 secs] [Times: user=0.01 sys=0.00, real=0.00 secs] 
19.115: Total time for which application threads were stopped: 0.0042740 seconds, Stopping threads took: 0.0021010 seconds
19.194: Application time: 0.0787070 seconds
19.196: [GC [PSYoungGen: 90416K->6816K(97280K)] 93849K->10249K(318976K), 0.0018730 secs] [Times: user=0.01 sys=0.00, real=0.00 secs] 
19.198: Total time for which application threads were stopped: 0.0041990 seconds, Stopping threads took: 0.0022520 seconds
19.276: Application time: 0.0777950 seconds
19.279: [GC [PSYoungGen: 90272K->8336K(97280K)] 93705K->11777K(318976K), 0.0023890 secs] [Times: user=0.02 sys=0.00, real=0.01 secs] 
19.281: Total time for which application threads were stopped: 0.0052360 seconds, Stopping threads took: 0.0027680 seconds
19.360: Application time: 0.0785080 seconds
19.363: [GC [PSYoungGen: 91792K->6448K(97280K)] 95233K->9897K(318976K), 0.0018970 secs] [Times: user=0.01 sys=0.01, real=0.00 secs] 
19.365: Total time for which application threads were stopped: 0.0047140 seconds, Stopping threads took: 0.0027460 seconds
19.445: Application time: 0.0800420 seconds
19.447: [GC [PSYoungGen: 89904K->8192K(97280K)] 93353K->11641K(318976K), 0.0023420 secs] [Times: user=0.02 sys=0.00, real=0.00 secs] 
19.450: Total time for which application threads were stopped: 0.0050080 seconds, Stopping threads took: 0.0025770 seconds
19.527: Application time: 0.0775840 seconds
19.530: [GC [PSYoungGen: 91648K->7616K(97280K)] 95097K->11065K(318976K), 0.0022190 secs] [Times: user=0.02 sys=0.00, real=0.00 secs] 
19.532: Total time for which application threads were stopped: 0.0048650 seconds, Stopping threads took: 0.0025580 seconds
19.611: Application time: 0.0790130 seconds
19.613: [GC [PSYoungGen: 91072K->6768K(97280K)] 94521K->10225K(318976K), 0.0019430 secs] [Times: user=0.02 sys=0.00, real=0.00 secs] 
19.615: Total time for which application threads were stopped: 0.0036030 seconds, Stopping threads took: 0.0015810 seconds
19.692: Application time: 0.0776480 seconds
19.695: [GC [PSYoungGen: 90224K->7872K(97280K)] 93681K->11329K(318976K), 0.0023120 secs] [Times: user=0.02 sys=0.00, real=0.00 secs] 
19.698: Total time for which application threads were stopped: 0.0053320 seconds, Stopping threads took: 0.0029300 seconds
19.777: Application time: 0.0791350 seconds
19.779: [GC [PSYoungGen: 91328K->7696K(97280K)] 94785K->11161K(318976K), 0.0021910 secs] [Times: user=0.01 sys=0.00, real=0.01 secs] 
19.781: Total time for which application threads were stopped: 0.0042660 seconds, Stopping threads took: 0.0019950 seconds
19.860: Application time: 0.0791140 seconds
19.863: [GC [PSYoungGen: 91152K->7728K(97280K)] 94617K->11201K(318976K), 0.0022460 secs] [Times: user=0.01 sys=0.00, real=0.00 secs] 
19.865: Total time for which application threads were stopped: 0.0051790 seconds, Stopping threads took: 0.0028510 seconds
19.945: Application time: 0.0797490 seconds
19.948: [GC [PSYoungGen: 91184K->7184K(97280K)] 94657K->10665K(318976K), 0.0020090 secs] [Times: user=0.01 sys=0.00, real=0.00 secs] 
19.950: Total time for which application threads were stopped: 0.0045950 seconds, Stopping threads took: 0.0025030 seconds
20.031: Application time: 0.0809230 seconds
20.032: [GC [PSYoungGen: 90640K->6464K(97280K)] 94121K->9945K(318976K), 0.0019350 secs] [Times: user=0.01 sys=0.00, real=0.01 secs] 
20.034: Total time for which application threads were stopped: 0.0035630 seconds, Stopping threads took: 0.0015520 seconds
20.114: Application time: 0.0798130 seconds
20.117: [GC [PSYoungGen: 89920K->8272K(97280K)] 93401K->11753K(318976K), 0.0023670 secs] [Times: user=0.02 sys=0.00, real=0.00 secs] 
20.120: Total time for which application threads were stopped: 0.0057420 seconds, Stopping threads took: 0.0032890 seconds
20.199: Application time: 0.0789780 seconds
20.201: [GC [PSYoungGen: 91728K->8352K(97280K)] 95209K->11833K(318976K), 0.0024130 secs] [Times: user=0.01 sys=0.01, real=0.00 secs] 
20.203: Total time for which application threads were stopped: 0.0043390 seconds, Stopping threads took: 0.0018440 seconds
20.281: Application time: 0.0781850 seconds
20.284: [GC [PSYoungGen: 91808K->7440K(97280K)] 95289K->10921K(318976K), 0.0021780 secs] [Times: user=0.01 sys=0.00, real=0.00 secs] 
20.286: Total time for which application threads were stopped: 0.0046870 seconds, Stopping threads took: 0.0024250 seconds
20.364: Application time: 0.0783980 seconds
20.366: [GC [PSYoungGen: 90896K->6752K(97280K)] 94377K->10241K(318976K), 0.0019650 secs] [Times: user=0.01 sys=0.00, real=0.00 secs] 
20.368: Total time for which application threads were stopped: 0.0039770 seconds, Stopping threads took: 0.0018970 seconds
20.447: Application time: 0.0790700 seconds
20.450: [GC [PSYoungGen: 90208K->7088K(97280K)] 93697K->10585K(318976K), 0.0022630 secs] [Times: user=0.01 sys=0.00, real=0.00 secs] 
20.452: Total time for which application threads were stopped: 0.0048130 seconds, Stopping threads took: 0.0024680 seconds
20.532: Application time: 0.0792020 seconds
20.535: [GC [PSYoungGen: 90544K->7936K(97280K)] 94041K->11433K(318976K), 0.0025380 secs] [Times: user=0.02 sys=0.00, real=0.00 secs] 
20.537: Total time for which application threads were stopped: 0.0056150 seconds, Stopping threads took: 0.0029870 seconds
20.615: Application time: 0.0779010 seconds
20.618: [GC [PSYoungGen: 91392K->7552K(97280K)] 94889K->11049K(318976K), 0.0023090 secs] [Times: user=0.01 sys=0.00, real=0.01 secs] 
20.621: Total time for which application threads were stopped: 0.0057760 seconds, Stopping threads took: 0.0033670 seconds
20.701: Application time: 0.0798900 seconds
20.703: [GC [PSYoungGen: 91008K->6384K(97280K)] 94505K->9881K(318976K), 0.0019370 secs] [Times: user=0.01 sys=0.00, real=0.00 secs] 
20.705: Total time for which application threads were stopped: 0.0042240 seconds, Stopping threads took: 0.0022120 seconds
20.784: Application time: 0.0788910 seconds
20.786: [GC [PSYoungGen: 89840K->6416K(97280K)] 93337K->9913K(318976K), 0.0018580 secs] [Times: user=0.01 sys=0.00, real=0.00 secs] 
20.788: Total time for which application threads were stopped: 0.0041760 seconds, Stopping threads took: 0.0022400 seconds
20.869: Application time: 0.0805940 seconds
20.871: [GC [PSYoungGen: 89872K->8144K(97280K)] 93369K->11649K(318976K), 0.0024070 secs] [Times: user=0.02 sys=0.00, real=0.01 secs] 
20.874: Total time for which application threads were stopped: 0.0049320 seconds, Stopping threads took: 0.0024410 seconds
20.953: Application time: 0.0795660 seconds
20.956: [GC [PSYoungGen: 91600K->6560K(97280K)] 95105K->10073K(318976K), 0.0020120 secs] [Times: user=0.01 sys=0.00, real=0.00 secs] 
20.958: Total time for which application threads were stopped: 0.0047220 seconds, Stopping threads took: 0.0026160 seconds
21.039: Application time: 0.0811220 seconds
21.041: [GC [PSYoungGen: 90016K->6112K(97280K)] 93529K->9625K(318976K), 0.0017900 secs] [Times: user=0.01 sys=0.00, real=0.00 secs] 
21.043: Total time for which application threads were stopped: 0.0041290 seconds, Stopping threads took: 0.0022660 seconds
21.123: Application time: 0.0798390 seconds
21.125: [GC [PSYoungGen: 89568K->7632K(97280K)] 93081K->11145K(318976K), 0.0022320 secs] [Times: user=0.01 sys=0.00, real=0.00 secs] 
21.127: Total time for which application threads were stopped: 0.0041130 seconds, Stopping threads took: 0.0018020 seconds
21.209: Application time: 0.0818750 seconds
21.211: [GC [PSYoungGen: 91088K->7696K(97280K)] 94601K->11209K(318976K), 0.0021770 secs] [Times: user=0.01 sys=0.00, real=0.01 secs] 
21.213: Total time for which application threads were stopped: 0.0042920 seconds, Stopping threads took: 0.0020350 seconds
21.292: Application time: 0.0790950 seconds
21.294: [GC [PSYoungGen: 91152K->7040K(97280K)] 94665K->10553K(318976K), 0.0020040 secs] [Times: user=0.02 sys=0.00, real=0.00 secs] 
21.296: Total time for which application threads were stopped: 0.0036590 seconds, Stopping threads took: 0.0015750 seconds
21.374: Application time: 0.0785050 seconds
21.376: [GC [PSYoungGen: 90496K->7792K(97280K)] 94009K->11313K(318976K), 0.0021060 secs] [Times: user=0.02 sys=0.01, real=0.00 secs] 
21.379: Total time for which application threads were stopped: 0.0040830 seconds, Stopping threads took: 0.0018920 seconds
21.457: Application time: 0.0780450 seconds
21.459: [GC [PSYoungGen: 91248K->7200K(97280K)] 94769K->10729K(318976K), 0.0021020 secs] [Times: user=0.02 sys=0.00, real=0.01 secs] 
21.461: Total time for which application threads were stopped: 0.0044880 seconds, Stopping threads took: 0.0022980 seconds
21.540: Application time: 0.0787950 seconds
21.541: [GC [PSYoungGen: 90656K->6784K(97280K)] 94185K->10313K(318976K), 0.0018340 secs] [Times: user=0.01 sys=0.00, real=0.00 secs] 
21.543: Total time for which application threads were stopped: 0.0034030 seconds, Stopping threads took: 0.0014940 seconds
21.626: Application time: 0.0828080 seconds
21.629: [GC [PSYoungGen: 90240K->6176K(97280K)] 93769K->9705K(318976K), 0.0018100 secs] [Times: user=0.01 sys=0.00, real=0.00 secs] 
21.630: Total time for which application threads were stopped: 0.0042600 seconds, Stopping threads took: 0.0023750 seconds
21.709: Application time: 0.0784390 seconds
21.711: [GC [PSYoungGen: 89632K->6624K(97280K)] 93161K->10153K(318976K), 0.0019560 secs] [Times: user=0.01 sys=0.00, real=0.01 secs] 
21.713: Total time for which application threads were stopped: 0.0045340 seconds, Stopping threads took: 0.0024940 seconds
21.793: Application time: 0.0793980 seconds
21.794: [GC [PSYoungGen: 90080K->6016K(97280K)] 93609K->9545K(318976K), 0.0018240 secs] [Times: user=0.01 sys=0.00, real=0.00 secs] 
21.796: Total time for which application threads were stopped: 0.0034260 seconds, Stopping threads took: 0.0015360 seconds
21.877: Application time: 0.0811410 seconds
21.880: [GC [PSYoungGen: 89472K->7200K(97280K)] 93001K->10737K(318976K), 0.0019820 secs] [Times: user=0.02 sys=0.00, real=0.01 secs] 
21.882: Total time for which application threads were stopped: 0.0043290 seconds, Stopping threads took: 0.0022690 seconds
21.963: Application time: 0.0809630 seconds
21.964: [GC [PSYoungGen: 90656K->5808K(97280K)] 94193K->9353K(318976K), 0.0016940 secs] [Times: user=0.01 sys=0.00, real=0.00 secs] 
21.966: Total time for which application threads were stopped: 0.0029240 seconds, Stopping threads took: 0.0011440 seconds
22.045: Application time: 0.0795480 seconds
22.047: [GC [PSYoungGen: 89264K->6864K(97280K)] 92809K->10409K(318976K), 0.0020540 secs] [Times: user=0.01 sys=0.00, real=0.00 secs] 
22.049: Total time for which application threads were stopped: 0.0037770 seconds, Stopping threads took: 0.0016480 seconds
22.129: Application time: 0.0802910 seconds
22.131: [GC [PSYoungGen: 90320K->7232K(97280K)] 93865K->10777K(318976K), 0.0020590 secs] [Times: user=0.02 sys=0.00, real=0.01 secs] 
22.133: Total time for which application threads were stopped: 0.0043040 seconds, Stopping threads took: 0.0021670 seconds
22.212: Application time: 0.0787800 seconds
22.215: [GC [PSYoungGen: 90687K->6016K(97280K)] 94233K->9561K(318976K), 0.0017190 secs] [Times: user=0.02 sys=0.00, real=0.00 secs] 
22.216: Total time for which application threads were stopped: 0.0041820 seconds, Stopping threads took: 0.0023860 seconds
22.293: Application time: 0.0767240 seconds
22.295: [GC [PSYoungGen: 89472K->5984K(97280K)] 93017K->9529K(318976K), 0.0016610 secs] [Times: user=0.01 sys=0.00, real=0.00 secs] 
22.297: Total time for which application threads were stopped: 0.0036850 seconds, Stopping threads took: 0.0019300 seconds
22.374: Application time: 0.0766980 seconds
22.376: [GC [PSYoungGen: 89440K->8256K(97280K)] 92985K->11809K(318976K), 0.0023850 secs] [Times: user=0.02 sys=0.00, real=0.00 secs] 
22.378: Total time for which application threads were stopped: 0.0046580 seconds, Stopping threads took: 0.0021950 seconds
22.458: Application time: 0.0794340 seconds
22.460: [GC [PSYoungGen: 91712K->6768K(97280K)] 95265K->10329K(318976K), 0.0019010 secs] [Times: user=0.02 sys=0.00, real=0.01 secs] 
22.462: Total time for which application threads were stopped: 0.0043150 seconds, Stopping threads took: 0.0023390 seconds
22.540: Application time: 0.0777530 seconds
22.543: [GC [PSYoungGen: 90224K->7456K(97280K)] 93785K->11025K(318976K), 0.0020480 secs] [Times: user=0.02 sys=0.00, real=0.00 secs] 
22.545: Total time for which application threads were stopped: 0.0053230 seconds, Stopping threads took: 0.0031870 seconds
22.625: Application time: 0.0803320 seconds
22.627: [GC [PSYoungGen: 90912K->7792K(97280K)] 94481K->11361K(318976K), 0.0022460 secs] [Times: user=0.01 sys=0.00, real=0.00 secs] 
22.630: Total time for which application threads were stopped: 0.0043690 seconds, Stopping threads took: 0.0020450 seconds
22.708: Application time: 0.0783630 seconds
22.710: [GC [PSYoungGen: 91248K->8208K(97280K)] 94817K->11777K(318976K), 0.0023880 secs] [Times: user=0.01 sys=0.00, real=0.00 secs] 
22.712: Total time for which application threads were stopped: 0.0042300 seconds, Stopping threads took: 0.0017580 seconds
22.794: Application time: 0.0817910 seconds
22.795: [GC [PSYoungGen: 91664K->7056K(97280K)] 95233K->10625K(318976K), 0.0020200 secs] [Times: user=0.01 sys=0.00, real=0.00 secs] 
22.797: Total time for which application threads were stopped: 0.0031180 seconds, Stopping threads took: 0.0010030 seconds
22.874: Application time: 0.0767820 seconds
22.876: [GC [PSYoungGen: 90512K->7456K(97280K)] 94081K->11025K(318976K), 0.0021090 secs] [Times: user=0.01 sys=0.00, real=0.00 secs] 
22.878: Total time for which application threads were stopped: 0.0044050 seconds, Stopping threads took: 0.0022160 seconds
22.953: Application time: 0.0741340 seconds
22.955: [GC [PSYoungGen: 90912K->7264K(97280K)] 94481K->10841K(318976K), 0.0020310 secs] [Times: user=0.02 sys=0.00, real=0.00 secs] 
22.957: Total time for which application threads were stopped: 0.0046220 seconds, Stopping threads took: 0.0025090 seconds
23.032: Application time: 0.0749070 seconds
23.034: [GC [PSYoungGen: 90720K->7104K(97280K)] 94297K->10689K(318976K), 0.0021970 secs] [Times: user=0.01 sys=0.00, real=0.00 secs] 
23.036: Total time for which application threads were stopped: 0.0041150 seconds, Stopping threads took: 0.0018300 seconds
23.113: Application time: 0.0766110 seconds
23.114: [GC [PSYoungGen: 90560K->7008K(97280K)] 94145K->10593K(318976K), 0.0020090 secs] [Times: user=0.01 sys=0.00, real=0.00 secs] 
23.117: Total time for which application threads were stopped: 0.0036620 seconds, Stopping threads took: 0.0015680 seconds
23.191: Application time: 0.0743800 seconds
23.194: [GC [PSYoungGen: 90464K->6912K(97280K)] 94049K->10497K(318976K), 0.0018660 secs] [Times: user=0.01 sys=0.00, real=0.00 secs] 
23.195: Total time for which application threads were stopped: 0.0045810 seconds, Stopping threads took: 0.0026440 seconds
23.268: Application time: 0.0728220 seconds
23.270: [GC [PSYoungGen: 90368K->6912K(97280K)] 93953K->10497K(318976K), 0.0019680 secs] [Times: user=0.01 sys=0.01, real=0.00 secs] 
23.272: Total time for which application threads were stopped: 0.0040040 seconds, Stopping threads took: 0.0019550 seconds
23.347: Application time: 0.0749280 seconds
23.349: [GC [PSYoungGen: 90368K->6528K(97280K)] 93953K->10113K(318976K), 0.0018190 secs] [Times: user=0.01 sys=0.00, real=0.00 secs] 
23.351: Total time for which application threads were stopped: 0.0041100 seconds, Stopping threads took: 0.0022180 seconds
23.428: Application time: 0.0767380 seconds
23.431: [GC [PSYoungGen: 89984K->7200K(97280K)] 93569K->10793K(318976K), 0.0020750 secs] [Times: user=0.01 sys=0.01, real=0.01 secs] 
23.433: Total time for which application threads were stopped: 0.0046710 seconds, Stopping threads took: 0.0025180 seconds
23.509: Application time: 0.0762210 seconds
23.511: [GC [PSYoungGen: 90656K->7328K(97280K)] 94249K->10929K(318976K), 0.0020490 secs] [Times: user=0.02 sys=0.00, real=0.01 secs] 
23.513: Total time for which application threads were stopped: 0.0041750 seconds, Stopping threads took: 0.0020540 seconds
23.590: Application time: 0.0766660 seconds
23.592: [GC [PSYoungGen: 90784K->6144K(97280K)] 94385K->9745K(318976K), 0.0017910 secs] [Times: user=0.01 sys=0.00, real=0.01 secs] 
23.594: Total time for which application threads were stopped: 0.0037350 seconds, Stopping threads took: 0.0018670 seconds
23.664: Application time: 0.0707410 seconds
23.667: [GC [PSYoungGen: 89600K->7488K(97280K)] 93201K->11089K(318976K), 0.0022870 secs] [Times: user=0.02 sys=0.00, real=0.00 secs] 
23.669: Total time for which application threads were stopped: 0.0046060 seconds, Stopping threads took: 0.0022330 seconds
23.742: Application time: 0.0729160 seconds
23.744: [GC [PSYoungGen: 90944K->7584K(97280K)] 94545K->11185K(318976K), 0.0020690 secs] [Times: user=0.01 sys=0.00, real=0.00 secs] 
23.746: Total time for which application threads were stopped: 0.0038640 seconds, Stopping threads took: 0.0017160 seconds
23.819: Application time: 0.0733190 seconds
23.821: [GC [PSYoungGen: 91040K->7616K(97280K)] 94641K->11217K(318976K), 0.0021720 secs] [Times: user=0.02 sys=0.00, real=0.00 secs] 
23.823: Total time for which application threads were stopped: 0.0042770 seconds, Stopping threads took: 0.0020070 seconds
23.896: Application time: 0.0729390 seconds
23.898: [GC [PSYoungGen: 91072K->7696K(97280K)] 94673K->11305K(318976K), 0.0021650 secs] [Times: user=0.01 sys=0.00, real=0.01 secs] 
23.901: Total time for which application threads were stopped: 0.0043640 seconds, Stopping threads took: 0.0021180 seconds
23.978: Application time: 0.0776080 seconds
23.980: [GC [PSYoungGen: 91152K->8240K(97280K)] 94761K->11881K(318976K), 0.0023800 secs] [Times: user=0.02 sys=0.00, real=0.01 secs] 
23.983: Total time for which application threads were stopped: 0.0044670 seconds, Stopping threads took: 0.0020050 seconds
24.056: Application time: 0.0735100 seconds
24.058: [GC [PSYoungGen: 91696K->7888K(97280K)] 95337K->11537K(318976K), 0.0022960 secs] [Times: user=0.02 sys=0.00, real=0.00 secs] 
24.060: Total time for which application threads were stopped: 0.0039220 seconds, Stopping threads took: 0.0015460 seconds
24.135: Application time: 0.0749400 seconds
24.137: [GC [PSYoungGen: 91344K->6064K(97280K)] 94993K->9713K(318976K), 0.0017720 secs] [Times: user=0.01 sys=0.00, real=0.00 secs] 
24.139: Total time for which application threads were stopped: 0.0036630 seconds, Stopping threads took: 0.0018170 seconds
24.212: Application time: 0.0728780 seconds
24.213: [GC [PSYoungGen: 89520K->7216K(97280K)] 93169K->10865K(318976K), 0.0020000 secs] [Times: user=0.01 sys=0.00, real=0.00 secs] 
24.215: Total time for which application threads were stopped: 0.0035480 seconds, Stopping threads took: 0.0014630 seconds
24.289: Application time: 0.0741780 seconds
24.291: [GC [PSYoungGen: 90672K->6800K(97280K)] 94321K->10449K(318976K), 0.0020900 secs] [Times: user=0.01 sys=0.00, real=0.01 secs] 
24.294: Total time for which application threads were stopped: 0.0041760 seconds, Stopping threads took: 0.0020090 seconds
24.369: Application time: 0.0759020 seconds
24.371: [GC [PSYoungGen: 90256K->5984K(97280K)] 93905K->9641K(318976K), 0.0017730 secs] [Times: user=0.02 sys=0.00, real=0.01 secs] 
24.373: Total time for which application threads were stopped: 0.0037850 seconds, Stopping threads took: 0.0019400 seconds
24.450: Application time: 0.0764090 seconds
24.452: [GC [PSYoungGen: 89440K->6624K(97280K)] 93097K->10289K(318976K), 0.0018720 secs] [Times: user=0.01 sys=0.00, real=0.01 secs] 
24.454: Total time for which application threads were stopped: 0.0044640 seconds, Stopping threads took: 0.0025120 seconds
24.530: Application time: 0.0759600 seconds
24.532: [GC [PSYoungGen: 90080K->6688K(97280K)] 93745K->10361K(318976K), 0.0019260 secs] [Times: user=0.02 sys=0.00, real=0.01 secs] 
24.534: Total time for which application threads were stopped: 0.0038670 seconds, Stopping threads took: 0.0018680 seconds
24.609: Application time: 0.0751890 seconds
24.611: [GC [PSYoungGen: 90144K->7488K(97280K)] 93817K->11161K(318976K), 0.0020240 secs] [Times: user=0.02 sys=0.00, real=0.01 secs] 
24.613: Total time for which application threads were stopped: 0.0035200 seconds, Stopping threads took: 0.0014200 seconds
24.687: Application time: 0.0744940 seconds
24.690: [GC [PSYoungGen: 90944K->7040K(97280K)] 94617K->10713K(318976K), 0.0021250 secs] [Times: user=0.01 sys=0.00, real=0.00 secs] 
24.692: Total time for which application threads were stopped: 0.0049610 seconds, Stopping threads took: 0.0027570 seconds
24.766: Application time: 0.0739680 seconds
24.768: [GC [PSYoungGen: 90496K->7392K(97280K)] 94169K->11065K(318976K), 0.0020320 secs] [Times: user=0.01 sys=0.00, real=0.00 secs] 
24.770: Total time for which application threads were stopped: 0.0044080 seconds, Stopping threads took: 0.0022890 seconds
24.843: Application time: 0.0729940 seconds
24.846: [GC [PSYoungGen: 90848K->7520K(97280K)] 94521K->11201K(318976K), 0.0021580 secs] [Times: user=0.02 sys=0.00, real=0.00 secs] 
24.848: Total time for which application threads were stopped: 0.0046520 seconds, Stopping threads took: 0.0024100 seconds
24.924: Application time: 0.0754310 seconds
24.926: [GC [PSYoungGen: 90976K->6384K(97280K)] 94657K->10073K(318976K), 0.0018290 secs] [Times: user=0.01 sys=0.00, real=0.00 secs] 
24.928: Total time for which application threads were stopped: 0.0047030 seconds, Stopping threads took: 0.0027990 seconds
25.002: Application time: 0.0739060 seconds
25.004: [GC [PSYoungGen: 89840K->6624K(97280K)] 93529K->10321K(318976K), 0.0019610 secs] [Times: user=0.01 sys=0.00, real=0.00 secs] 
25.006: Total time for which application threads were stopped: 0.0033400 seconds, Stopping threads took: 0.0013080 seconds
25.080: Application time: 0.0744170 seconds
25.082: [GC [PSYoungGen: 90080K->6672K(97280K)] 93777K->10369K(318976K), 0.0018960 secs] [Times: user=0.01 sys=0.00, real=0.00 secs] 
25.084: Total time for which application threads were stopped: 0.0037960 seconds, Stopping threads took: 0.0018000 seconds
25.159: Application time: 0.0747740 seconds
25.160: [GC [PSYoungGen: 90128K->8208K(97280K)] 93825K->11905K(318976K), 0.0023330 secs] [Times: user=0.02 sys=0.00, real=0.01 secs] 
25.163: Total time for which application threads were stopped: 0.0041050 seconds, Stopping threads took: 0.0016900 seconds
25.237: Application time: 0.0742460 seconds
25.239: [GC [PSYoungGen: 91664K->7312K(97280K)] 95361K->11009K(318976K), 0.0020730 secs] [Times: user=0.02 sys=0.00, real=0.01 secs] 
25.241: Total time for which application threads were stopped: 0.0041000 seconds, Stopping threads took: 0.0019450 seconds
25.317: Application time: 0.0755600 seconds
25.319: [GC [PSYoungGen: 90768K->7696K(97280K)] 94465K->11393K(318976K), 0.0022270 secs] [Times: user=0.02 sys=0.00, real=0.01 secs] 
25.322: Total time for which application threads were stopped: 0.0050400 seconds, Stopping threads took: 0.0027260 seconds
25.398: Application time: 0.0759630 seconds
25.400: [GC [PSYoungGen: 91152K->7216K(97280K)] 94849K->10921K(318976K), 0.0020600 secs] [Times: user=0.02 sys=0.00, real=0.01 secs] 
25.402: Total time for which application threads were stopped: 0.0044600 seconds, Stopping threads took: 0.0023220 seconds
25.475: Application time: 0.0726710 seconds
25.477: [GC [PSYoungGen: 90672K->7808K(97280K)] 94377K->11521K(318976K), 0.0022580 secs] [Times: user=0.02 sys=0.01, real=0.00 secs] 
25.480: Total time for which application threads were stopped: 0.0049300 seconds, Stopping threads took: 0.0025880 seconds
25.553: Application time: 0.0735180 seconds
25.555: [GC [PSYoungGen: 91264K->6816K(97280K)] 94977K->10529K(318976K), 0.0019820 secs] [Times: user=0.01 sys=0.00, real=0.00 secs] 
25.557: Total time for which application threads were stopped: 0.0036100 seconds, Stopping threads took: 0.0015410 seconds
25.630: Application time: 0.0736440 seconds
25.632: [GC [PSYoungGen: 90272K->7424K(97280K)] 93985K->11137K(318976K), 0.0023060 secs] [Times: user=0.01 sys=0.00, real=0.01 secs] 
25.635: Total time for which application threads were stopped: 0.0042060 seconds, Stopping threads took: 0.0018210 seconds
25.706: Application time: 0.0718310 seconds
25.709: [GC [PSYoungGen: 90880K->7280K(97280K)] 94593K->10993K(318976K), 0.0021230 secs] [Times: user=0.02 sys=0.01, real=0.00 secs] 
25.711: Total time for which application threads were stopped: 0.0042450 seconds, Stopping threads took: 0.0020240 seconds
25.785: Application time: 0.0739750 seconds
25.786: [GC [PSYoungGen: 90736K->7808K(97280K)] 94449K->11521K(318976K), 0.0022780 secs] [Times: user=0.01 sys=0.00, real=0.00 secs] 
25.788: Total time for which application threads were stopped: 0.0038330 seconds, Stopping threads took: 0.0014760 seconds
25.861: Application time: 0.0722050 seconds
25.863: [GC [PSYoungGen: 91264K->6496K(97280K)] 94977K->10217K(318976K), 0.0018420 secs] [Times: user=0.01 sys=0.00, real=0.00 secs] 
25.865: Total time for which application threads were stopped: 0.0043820 seconds, Stopping threads took: 0.0024570 seconds
25.941: Application time: 0.0754930 seconds
25.943: [GC [PSYoungGen: 89952K->7696K(97280K)] 93673K->11425K(318976K), 0.0021980 secs] [Times: user=0.02 sys=0.00, real=0.00 secs] 
25.945: Total time for which application threads were stopped: 0.0045690 seconds, Stopping threads took: 0.0022920 seconds
26.019: Application time: 0.0738250 seconds
26.021: [GC [PSYoungGen: 91152K->6368K(97280K)] 94881K->10105K(318976K), 0.0017500 secs] [Times: user=0.02 sys=0.00, real=0.00 secs] 
26.023: Total time for which application threads were stopped: 0.0039490 seconds, Stopping threads took: 0.0021200 seconds
26.097: Application time: 0.0736760 seconds
26.099: [GC [PSYoungGen: 89824K->7904K(97280K)] 93561K->11641K(318976K), 0.0023360 secs] [Times: user=0.02 sys=0.00, real=0.01 secs] 
26.101: Total time for which application threads were stopped: 0.0046280 seconds, Stopping threads took: 0.0022090 seconds
26.175: Application time: 0.0737800 seconds
26.177: [GC [PSYoungGen: 91360K->6752K(97280K)] 95097K->10489K(318976K), 0.0018840 secs] [Times: user=0.01 sys=0.00, real=0.00 secs] 
26.179: Total time for which application threads were stopped: 0.0043330 seconds, Stopping threads took: 0.0023740 seconds
26.253: Application time: 0.0741100 seconds
26.255: [GC [PSYoungGen: 90208K->7872K(97280K)] 93945K->11609K(318976K), 0.0022850 secs] [Times: user=0.01 sys=0.00, real=0.00 secs] 
26.257: Total time for which application threads were stopped: 0.0037570 seconds, Stopping threads took: 0.0013930 seconds
26.332: Application time: 0.0747230 seconds
26.334: [GC [PSYoungGen: 91328K->5200K(97280K)] 95065K->8945K(318976K), 0.0015540 secs] [Times: user=0.01 sys=0.00, real=0.00 secs] 
26.335: Total time for which application threads were stopped: 0.0032370 seconds, Stopping threads took: 0.0016170 seconds
26.409: Application time: 0.0733760 seconds
26.411: [GC [PSYoungGen: 88655K->8112K(97280K)] 92400K->11865K(318976K), 0.0022940 secs] [Times: user=0.01 sys=0.00, real=0.01 secs] 
26.414: Total time for which application threads were stopped: 0.0051840 seconds, Stopping threads took: 0.0027980 seconds
26.490: Application time: 0.0762310 seconds
26.492: [GC [PSYoungGen: 91568K->6592K(97280K)] 95321K->10353K(318976K), 0.0019230 secs] [Times: user=0.01 sys=0.00, real=0.01 secs] 
26.494: Total time for which application threads were stopped: 0.0041010 seconds, Stopping threads took: 0.0020980 seconds
26.572: Application time: 0.0779340 seconds
26.574: [GC [PSYoungGen: 90048K->6304K(97280K)] 93809K->10065K(318976K), 0.0018390 secs] [Times: user=0.01 sys=0.00, real=0.00 secs] 
26.576: Total time for which application threads were stopped: 0.0035170 seconds, Stopping threads took: 0.0016070 seconds
26.651: Application time: 0.0759170 seconds
26.654: [GC [PSYoungGen: 89760K->7216K(97280K)] 93521K->10977K(318976K), 0.0020450 secs] [Times: user=0.01 sys=0.00, real=0.00 secs] 
26.656: Total time for which application threads were stopped: 0.0043420 seconds, Stopping threads took: 0.0022210 seconds
26.729: Application time: 0.0732650 seconds
26.731: [GC [PSYoungGen: 90672K->5568K(97280K)] 94433K->9329K(318976K), 0.0016190 secs] [Times: user=0.01 sys=0.00, real=0.00 secs] 
26.732: Total time for which application threads were stopped: 0.0031650 seconds, Stopping threads took: 0.0014750 seconds
26.807: Application time: 0.0746400 seconds
26.809: [GC [PSYoungGen: 89024K->5984K(97280K)] 92785K->9753K(318976K), 0.0016540 secs] [Times: user=0.01 sys=0.00, real=0.00 secs] 
26.811: Total time for which application threads were stopped: 0.0039160 seconds, Stopping threads took: 0.0021910 seconds
26.889: Application time: 0.0779680 seconds
26.891: [GC [PSYoungGen: 89440K->6848K(97280K)] 93209K->10625K(318976K), 0.0020140 secs] [Times: user=0.01 sys=0.00, real=0.01 secs] 
26.893: Total time for which application threads were stopped: 0.0041840 seconds, Stopping threads took: 0.0020880 seconds
26.974: Application time: 0.0809360 seconds
26.975: [GC [PSYoungGen: 90304K->7072K(97280K)] 94081K->10857K(318976K), 0.0020470 secs] [Times: user=0.02 sys=0.00, real=0.00 secs] 
26.977: Total time for which application threads were stopped: 0.0034600 seconds, Stopping threads took: 0.0013240 seconds
27.058: Application time: 0.0808300 seconds
27.061: [GC [PSYoungGen: 90528K->7776K(97280K)] 94313K->11561K(318976K), 0.0022540 secs] [Times: user=0.01 sys=0.00, real=0.00 secs] 
27.063: Total time for which application threads were stopped: 0.0047780 seconds, Stopping threads took: 0.0024190 seconds
27.142: Application time: 0.0785650 seconds
27.143: [GC [PSYoungGen: 91232K->7376K(97280K)] 95017K->11161K(318976K), 0.0021360 secs] [Times: user=0.01 sys=0.00, real=0.00 secs] 
27.145: Total time for which application threads were stopped: 0.0036140 seconds, Stopping threads took: 0.0013980 seconds
27.224: Application time: 0.0792000 seconds
27.226: [GC [PSYoungGen: 90832K->6688K(97280K)] 94617K->10473K(318976K), 0.0019090 secs] [Times: user=0.02 sys=0.00, real=0.00 secs] 
27.228: Total time for which application threads were stopped: 0.0040180 seconds, Stopping threads took: 0.0020300 seconds
27.309: Application time: 0.0801510 seconds
27.310: [GC [PSYoungGen: 90144K->6128K(97280K)] 93929K->9913K(318976K), 0.0017850 secs] [Times: user=0.01 sys=0.00, real=0.00 secs] 
27.312: Total time for which application threads were stopped: 0.0034680 seconds, Stopping threads took: 0.0015860 seconds
27.392: Application time: 0.0798440 seconds
27.394: [GC [PSYoungGen: 89584K->6704K(97280K)] 93369K->10497K(318976K), 0.0019830 secs] [Times: user=0.01 sys=0.00, real=0.00 secs] 
27.396: Total time for which application threads were stopped: 0.0039830 seconds, Stopping threads took: 0.0019180 seconds
27.476: Application time: 0.0800440 seconds
27.478: [GC [PSYoungGen: 90160K->5488K(97280K)] 93953K->9289K(318976K), 0.0016140 secs] [Times: user=0.01 sys=0.00, real=0.00 secs] 
27.480: Total time for which application threads were stopped: 0.0039750 seconds, Stopping threads took: 0.0022750 seconds
27.557: Application time: 0.0768670 seconds
27.559: [GC [PSYoungGen: 88944K->7104K(97280K)] 92745K->10905K(318976K), 0.0020020 secs] [Times: user=0.01 sys=0.00, real=0.01 secs] 
27.561: Total time for which application threads were stopped: 0.0043620 seconds, Stopping threads took: 0.0022800 seconds
27.641: Application time: 0.0800550 seconds
27.643: [GC [PSYoungGen: 90560K->6720K(97280K)] 94361K->10521K(318976K), 0.0019130 secs] [Times: user=0.02 sys=0.00, real=0.00 secs] 
27.645: Total time for which application threads were stopped: 0.0041030 seconds, Stopping threads took: 0.0021160 seconds
27.725: Application time: 0.0793230 seconds
27.727: [GC [PSYoungGen: 90176K->8384K(97280K)] 93977K->12185K(318976K), 0.0024060 secs] [Times: user=0.02 sys=0.00, real=0.00 secs] 
27.730: Total time for which application threads were stopped: 0.0052090 seconds, Stopping threads took: 0.0027100 seconds
27.808: Application time: 0.0785740 seconds
27.810: [GC [PSYoungGen: 91840K->7600K(97280K)] 95641K->11401K(318976K), 0.0022040 secs] [Times: user=0.01 sys=0.00, real=0.01 secs] 
27.813: Total time for which application threads were stopped: 0.0043780 seconds, Stopping threads took: 0.0020900 seconds
27.891: Application time: 0.0778920 seconds
27.893: [GC [PSYoungGen: 91056K->8368K(97280K)] 94857K->12177K(318976K), 0.0024490 secs] [Times: user=0.02 sys=0.00, real=0.00 secs] 
27.895: Total time for which application threads were stopped: 0.0045310 seconds, Stopping threads took: 0.0020000 seconds
27.973: Application time: 0.0783320 seconds
27.976: [GC [PSYoungGen: 91824K->7168K(97280K)] 95633K->10985K(318976K), 0.0020620 secs] [Times: user=0.01 sys=0.01, real=0.00 secs] 
27.979: Total time for which application threads were stopped: 0.0050250 seconds, Stopping threads took: 0.0028680 seconds
28.058: Application time: 0.0797670 seconds
28.061: [GC [PSYoungGen: 90624K->7024K(97280K)] 94441K->10841K(318976K), 0.0020100 secs] [Times: user=0.01 sys=0.00, real=0.00 secs] 
28.063: Total time for which application threads were stopped: 0.0043470 seconds, Stopping threads took: 0.0022510 seconds
28.141: Application time: 0.0782530 seconds
28.143: [GC [PSYoungGen: 90480K->7968K(97280K)] 94297K->11785K(318976K), 0.0023320 secs] [Times: user=0.02 sys=0.00, real=0.00 secs] 
28.145: Total time for which application threads were stopped: 0.0044740 seconds, Stopping threads took: 0.0020630 seconds
28.224: Application time: 0.0784100 seconds
28.225: [GC [PSYoungGen: 91424K->7568K(97280K)] 95241K->11385K(318976K), 0.0021870 secs] [Times: user=0.01 sys=0.00, real=0.00 secs] 
28.228: Total time for which application threads were stopped: 0.0039380 seconds, Stopping threads took: 0.0016720 seconds
28.308: Application time: 0.0805180 seconds
28.311: [GC [PSYoungGen: 91024K->6256K(97280K)] 94841K->10073K(318976K), 0.0018530 secs] [Times: user=0.01 sys=0.00, real=0.01 secs] 
28.313: Total time for which application threads were stopped: 0.0046910 seconds, Stopping threads took: 0.0027610 seconds
28.395: Application time: 0.0817850 seconds
28.397: [GC [PSYoungGen: 89712K->7072K(97280K)] 93529K->10897K(318976K), 0.0019740 secs] [Times: user=0.02 sys=0.00, real=0.00 secs] 
28.399: Total time for which application threads were stopped: 0.0046810 seconds, Stopping threads took: 0.0026300 seconds
28.479: Application time: 0.0792480 seconds
28.481: [GC [PSYoungGen: 90528K->7680K(97280K)] 94353K->11513K(318976K), 0.0022160 secs] [Times: user=0.01 sys=0.00, real=0.00 secs] 
28.484: Total time for which application threads were stopped: 0.0048950 seconds, Stopping threads took: 0.0025980 seconds
28.562: Application time: 0.0785650 seconds
28.565: [GC [PSYoungGen: 91136K->7472K(97280K)] 94969K->11305K(318976K), 0.0021020 secs] [Times: user=0.02 sys=0.00, real=0.00 secs] 
28.567: Total time for which application threads were stopped: 0.0048300 seconds, Stopping threads took: 0.0026420 seconds
28.643: Application time: 0.0764120 seconds
28.645: [GC [PSYoungGen: 90928K->8080K(97280K)] 94761K->11913K(318976K), 0.0026140 secs] [Times: user=0.01 sys=0.00, real=0.00 secs] 
28.647: Total time for which application threads were stopped: 0.0040080 seconds, Stopping threads took: 0.0013090 seconds
28.728: Application time: 0.0806110 seconds
28.730: [GC [PSYoungGen: 91536K->7488K(97280K)] 95369K->11321K(318976K), 0.0023580 secs] [Times: user=0.02 sys=0.00, real=0.00 secs] 
28.732: Total time for which application threads were stopped: 0.0039370 seconds, Stopping threads took: 0.0014930 seconds
28.808: Application time: 0.0765420 seconds
28.811: [GC [PSYoungGen: 90944K->7792K(97280K)] 94777K->11625K(318976K), 0.0022490 secs] [Times: user=0.02 sys=0.00, real=0.01 secs] 
28.813: Total time for which application threads were stopped: 0.0049630 seconds, Stopping threads took: 0.0026330 seconds
28.893: Application time: 0.0799280 seconds
28.896: [GC [PSYoungGen: 91248K->7136K(97280K)] 95081K->10977K(318976K), 0.0020510 secs] [Times: user=0.01 sys=0.00, real=0.00 secs] 
28.898: Total time for which application threads were stopped: 0.0048510 seconds, Stopping threads took: 0.0027170 seconds
28.979: Application time: 0.0806490 seconds
28.980: [GC [PSYoungGen: 90592K->5248K(97280K)] 94433K->9097K(318976K), 0.0015970 secs] [Times: user=0.01 sys=0.00, real=0.00 secs] 
28.982: Total time for which application threads were stopped: 0.0031750 seconds, Stopping threads took: 0.0015080 seconds
29.062: Application time: 0.0796910 seconds
29.064: [GC [PSYoungGen: 88704K->6832K(97280K)] 92553K->10689K(318976K), 0.0019370 secs] [Times: user=0.01 sys=0.00, real=0.00 secs] 
29.066: Total time for which application threads were stopped: 0.0044200 seconds, Stopping threads took: 0.0024020 seconds
29.147: Application time: 0.0806380 seconds
29.150: [GC [PSYoungGen: 90288K->7648K(97280K)] 94145K->11505K(318976K), 0.0020870 secs] [Times: user=0.01 sys=0.00, real=0.00 secs] 
29.152: Total time for which application threads were stopped: 0.0049930 seconds, Stopping threads took: 0.0028190 seconds
29.231: Application time: 0.0792120 seconds
29.234: [GC [PSYoungGen: 91104K->7600K(97280K)] 94961K->11457K(318976K), 0.0020310 secs] [Times: user=0.01 sys=0.00, real=0.00 secs] 
29.236: Total time for which application threads were stopped: 0.0052610 seconds, Stopping threads took: 0.0031540 seconds
29.315: Application time: 0.0783950 seconds
29.317: [GC [PSYoungGen: 91056K->7408K(97280K)] 94913K->11265K(318976K), 0.0021730 secs] [Times: user=0.01 sys=0.00, real=0.00 secs] 
29.319: Total time for which application threads were stopped: 0.0045570 seconds, Stopping threads took: 0.0023060 seconds
29.398: Application time: 0.0787580 seconds
29.401: [GC [PSYoungGen: 90864K->8096K(97280K)] 94721K->11953K(318976K), 0.0024690 secs] [Times: user=0.02 sys=0.00, real=0.00 secs] 
29.403: Total time for which application threads were stopped: 0.0050940 seconds, Stopping threads took: 0.0025300 seconds
29.483: Application time: 0.0799840 seconds
29.485: [GC [PSYoungGen: 91552K->5952K(97280K)] 95409K->9825K(318976K), 0.0017270 secs] [Times: user=0.01 sys=0.00, real=0.00 secs] 
29.487: Total time for which application threads were stopped: 0.0034670 seconds, Stopping threads took: 0.0016650 seconds
29.565: Application time: 0.0781330 seconds
29.567: [GC [PSYoungGen: 89408K->5760K(97280K)] 93281K->9641K(318976K), 0.0017440 secs] [Times: user=0.01 sys=0.00, real=0.00 secs] 
29.569: Total time for which application threads were stopped: 0.0040730 seconds, Stopping threads took: 0.0022490 seconds
29.649: Application time: 0.0803700 seconds
29.651: [GC [PSYoungGen: 89216K->6576K(97280K)] 93097K->10457K(318976K), 0.0018090 secs] [Times: user=0.01 sys=0.00, real=0.01 secs] 
29.653: Total time for which application threads were stopped: 0.0034440 seconds, Stopping threads took: 0.0015500 seconds
29.734: Application time: 0.0811410 seconds
29.736: [GC [PSYoungGen: 90032K->6848K(97280K)] 93913K->10729K(318976K), 0.0019680 secs] [Times: user=0.01 sys=0.00, real=0.00 secs] 
29.738: Total time for which application threads were stopped: 0.0046200 seconds, Stopping threads took: 0.0025730 seconds
29.816: Application time: 0.0780900 seconds
29.819: [GC [PSYoungGen: 90304K->7712K(97280K)] 94185K->11593K(318976K), 0.0022290 secs] [Times: user=0.01 sys=0.00, real=0.01 secs] 
29.821: Total time for which application threads were stopped: 0.0047360 seconds, Stopping threads took: 0.0024250 seconds
29.900: Application time: 0.0791360 seconds
29.902: [GC [PSYoungGen: 91168K->7232K(97280K)] 95049K->11113K(318976K), 0.0020930 secs] [Times: user=0.02 sys=0.00, real=0.00 secs] 
29.904: Total time for which application threads were stopped: 0.0041300 seconds, Stopping threads took: 0.0019580 seconds
29.982: Application time: 0.0779260 seconds
29.985: [GC [PSYoungGen: 90688K->7952K(97280K)] 94569K->11841K(318976K), 0.0022700 secs] [Times: user=0.02 sys=0.00, real=0.00 secs] 
29.987: Total time for which application threads were stopped: 0.0046130 seconds, Stopping threads took: 0.0022540 seconds
30.066: Application time: 0.0794390 seconds
30.070: [GC [PSYoungGen: 91408K->7488K(97280K)] 95297K->11385K(318976K), 0.0022020 secs] [Times: user=0.02 sys=0.00, real=0.00 secs] 
30.072: Total time for which application threads were stopped: 0.0053540 seconds, Stopping threads took: 0.0030720 seconds
30.152: Application time: 0.0802510 seconds
30.154: [GC [PSYoungGen: 90944K->6032K(97280K)] 94841K->9929K(318976K), 0.0017450 secs] [Times: user=0.01 sys=0.00, real=0.00 secs] 
30.156: Total time for which application threads were stopped: 0.0041460 seconds, Stopping threads took: 0.0023170 seconds
30.236: Application time: 0.0794030 seconds
30.239: [GC [PSYoungGen: 89488K->6432K(97280K)] 93385K->10329K(318976K), 0.0018130 secs] [Times: user=0.01 sys=0.00, real=0.01 secs] 
30.240: Total time for which application threads were stopped: 0.0048420 seconds, Stopping threads took: 0.0029520 seconds
30.320: Application time: 0.0793630 seconds
30.322: [GC [PSYoungGen: 89888K->6656K(97280K)] 93785K->10553K(318976K), 0.0019550 secs] [Times: user=0.01 sys=0.00, real=0.00 secs] 
30.324: Total time for which application threads were stopped: 0.0044370 seconds, Stopping threads took: 0.0024030 seconds
30.403: Application time: 0.0783380 seconds
30.405: [GC [PSYoungGen: 90112K->5216K(97280K)] 94009K->9113K(318976K), 0.0014760 secs] [Times: user=0.01 sys=0.00, real=0.00 secs] 
30.407: Total time for which application threads were stopped: 0.0040510 seconds, Stopping threads took: 0.0025040 seconds
30.485: Application time: 0.0781270 seconds
30.487: [GC [PSYoungGen: 88672K->6720K(97280K)] 92569K->10625K(318976K), 0.0019730 secs] [Times: user=0.01 sys=0.00, real=0.00 secs] 
30.489: Total time for which application threads were stopped: 0.0043100 seconds, Stopping threads took: 0.0022570 seconds
30.571: Application time: 0.0815010 seconds
30.573: [GC [PSYoungGen: 90176K->7264K(97280K)] 94081K->11177K(318976K), 0.0019360 secs] [Times: user=0.01 sys=0.00, real=0.00 secs] 
30.575: Total time for which application threads were stopped: 0.0048380 seconds, Stopping threads took: 0.0028300 seconds
30.654: Application time: 0.0789140 seconds
30.657: [GC [PSYoungGen: 90720K->7392K(97280K)] 94633K->11305K(318976K), 0.0023060 secs] [Times: user=0.01 sys=0.00, real=0.00 secs] 
30.659: Total time for which application threads were stopped: 0.0047140 seconds, Stopping threads took: 0.0023200 seconds
30.739: Application time: 0.0800550 seconds
30.741: [GC [PSYoungGen: 90848K->4880K(97280K)] 94761K->8793K(318976K), 0.0016010 secs] [Times: user=0.00 sys=0.00, real=0.00 secs] 
30.743: Total time for which application threads were stopped: 0.0035760 seconds, Stopping threads took: 0.0018860 seconds
30.820: Application time: 0.0773060 seconds
30.822: [GC [PSYoungGen: 88336K->6384K(97280K)] 92249K->10297K(318976K), 0.0019130 secs] [Times: user=0.02 sys=0.00, real=0.00 secs] 
30.824: Total time for which application threads were stopped: 0.0042920 seconds, Stopping threads took: 0.0022930 seconds
30.900: Application time: 0.0762130 seconds
30.903: [GC [PSYoungGen: 89840K->6624K(97280K)] 93753K->10537K(318976K), 0.0019130 secs] [Times: user=0.02 sys=0.00, real=0.00 secs] 
30.905: Total time for which application threads were stopped: 0.0047110 seconds, Stopping threads took: 0.0027180 seconds
30.981: Application time: 0.0754530 seconds
30.983: [GC [PSYoungGen: 90080K->6592K(97280K)] 93993K->10513K(318976K), 0.0018170 secs] [Times: user=0.01 sys=0.00, real=0.00 secs] 
30.984: Total time for which application threads were stopped: 0.0038230 seconds, Stopping threads took: 0.0019370 seconds
31.060: Application time: 0.0752680 seconds
31.062: [GC [PSYoungGen: 90048K->6592K(97280K)] 93969K->10521K(318976K), 0.0017780 secs] [Times: user=0.01 sys=0.00, real=0.00 secs] 
31.064: Total time for which application threads were stopped: 0.0044500 seconds, Stopping threads took: 0.0026040 seconds
31.137: Application time: 0.0732680 seconds
31.140: [GC [PSYoungGen: 90047K->6560K(97280K)] 93977K->10497K(318976K), 0.0019040 secs] [Times: user=0.01 sys=0.00, real=0.01 secs] 
31.142: Total time for which application threads were stopped: 0.0041250 seconds, Stopping threads took: 0.0021510 seconds
31.216: Application time: 0.0741520 seconds
31.218: [GC [PSYoungGen: 90016K->7104K(97280K)] 93953K->11041K(318976K), 0.0020430 secs] [Times: user=0.02 sys=0.01, real=0.00 secs] 
31.220: Total time for which application threads were stopped: 0.0042790 seconds, Stopping threads took: 0.0021520 seconds
31.292: Application time: 0.0724010 seconds
31.295: [GC [PSYoungGen: 90560K->8272K(97280K)] 94497K->12209K(318976K), 0.0022930 secs] [Times: user=0.01 sys=0.00, real=0.00 secs] 
31.298: Total time for which application threads were stopped: 0.0051790 seconds, Stopping threads took: 0.0028020 seconds
31.371: Application time: 0.0736450 seconds
31.373: [GC [PSYoungGen: 91728K->5760K(97280K)] 95665K->9697K(318976K), 0.0017530 secs] [Times: user=0.01 sys=0.00, real=0.00 secs] 
31.375: Total time for which application threads were stopped: 0.0038510 seconds, Stopping threads took: 0.0020260 seconds
31.448: Application time: 0.0727750 seconds
31.450: [GC [PSYoungGen: 89216K->6864K(97280K)] 93153K->10809K(318976K), 0.0019060 secs] [Times: user=0.01 sys=0.00, real=0.00 secs] 
31.452: Total time for which application threads were stopped: 0.0037040 seconds, Stopping threads took: 0.0017260 seconds
31.528: Application time: 0.0762080 seconds
31.530: [GC [PSYoungGen: 90320K->7104K(97280K)] 94265K->11057K(318976K), 0.0020300 secs] [Times: user=0.02 sys=0.00, real=0.00 secs] 
31.532: Total time for which application threads were stopped: 0.0045660 seconds, Stopping threads took: 0.0024520 seconds
31.608: Application time: 0.0754030 seconds
31.610: [GC [PSYoungGen: 90560K->7776K(97280K)] 94513K->11737K(318976K), 0.0021790 secs] [Times: user=0.01 sys=0.00, real=0.00 secs] 
31.612: Total time for which application threads were stopped: 0.0045920 seconds, Stopping threads took: 0.0023190 seconds
31.687: Application time: 0.0744650 seconds
31.690: [GC [PSYoungGen: 91232K->8400K(97280K)] 95193K->12361K(318976K), 0.0024200 secs] [Times: user=0.01 sys=0.01, real=0.00 secs] 
31.692: Total time for which application threads were stopped: 0.0053990 seconds, Stopping threads took: 0.0028910 seconds
31.765: Application time: 0.0729590 seconds
31.768: [GC [PSYoungGen: 91856K->7184K(97280K)] 95817K->11145K(318976K), 0.0020120 secs] [Times: user=0.01 sys=0.00, real=0.00 secs] 
31.770: Total time for which application threads were stopped: 0.0046980 seconds, Stopping threads took: 0.0026000 seconds
31.847: Application time: 0.0771850 seconds
31.849: [GC [PSYoungGen: 90640K->4416K(97280K)] 94601K->8377K(318976K), 0.0013270 secs] [Times: user=0.00 sys=0.00, real=0.00 secs] 
31.850: Total time for which application threads were stopped: 0.0028970 seconds, Stopping threads took: 0.0015030 seconds
31.926: Application time: 0.0757630 seconds
31.928: [GC [PSYoungGen: 87872K->7712K(97280K)] 91833K->11681K(318976K), 0.0022570 secs] [Times: user=0.02 sys=0.00, real=0.00 secs] 
31.930: Total time for which application threads were stopped: 0.0041720 seconds, Stopping threads took: 0.0018350 seconds
32.004: Application time: 0.0744600 seconds
32.007: [GC [PSYoungGen: 91168K->7792K(97280K)] 95137K->11769K(318976K), 0.0022370 secs] [Times: user=0.01 sys=0.00, real=0.00 secs] 
32.009: Total time for which application threads were stopped: 0.0048380 seconds, Stopping threads took: 0.0025240 seconds
32.085: Application time: 0.0760110 seconds
32.087: [GC [PSYoungGen: 91248K->5984K(97280K)] 95225K->9977K(318976K), 0.0017250 secs] [Times: user=0.01 sys=0.00, real=0.00 secs] 
32.089: Total time for which application threads were stopped: 0.0034390 seconds, Stopping threads took: 0.0016430 seconds
32.162: Application time: 0.0737250 seconds
32.165: [GC [PSYoungGen: 89439K->7872K(97280K)] 93432K->11865K(318976K), 0.0021250 secs] [Times: user=0.01 sys=0.00, real=0.00 secs] 
32.167: Total time for which application threads were stopped: 0.0048500 seconds, Stopping threads took: 0.0026500 seconds
32.239: Application time: 0.0721280 seconds
32.242: [GC [PSYoungGen: 91328K->6768K(97280K)] 95321K->10761K(318976K), 0.0019620 secs] [Times: user=0.02 sys=0.00, real=0.00 secs] 
32.244: Total time for which application threads were stopped: 0.0041030 seconds, Stopping threads took: 0.0020630 seconds
32.318: Application time: 0.0741010 seconds
32.320: [GC [PSYoungGen: 90224K->7392K(97280K)] 94217K->11385K(318976K), 0.0020820 secs] [Times: user=0.01 sys=0.00, real=0.01 secs] 
32.322: Total time for which application threads were stopped: 0.0042820 seconds, Stopping threads took: 0.0021100 seconds
32.395: Application time: 0.0731250 seconds
32.398: [GC [PSYoungGen: 90848K->7392K(97280K)] 94841K->11385K(318976K), 0.0020990 secs] [Times: user=0.01 sys=0.00, real=0.00 secs] 
32.400: Total time for which application threads were stopped: 0.0050080 seconds, Stopping threads took: 0.0028350 seconds
32.475: Application time: 0.0747350 seconds
32.477: [GC [PSYoungGen: 90848K->7520K(97280K)] 94841K->11521K(318976K), 0.0021870 secs] [Times: user=0.02 sys=0.00, real=0.00 secs] 
32.479: Total time for which application threads were stopped: 0.0045140 seconds, Stopping threads took: 0.0022480 seconds
32.555: Application time: 0.0752520 seconds
32.556: [GC [PSYoungGen: 90976K->5792K(97280K)] 94977K->9801K(318976K), 0.0016980 secs] [Times: user=0.01 sys=0.00, real=0.00 secs] 
32.558: Total time for which application threads were stopped: 0.0034690 seconds, Stopping threads took: 0.0016950 seconds
32.633: Application time: 0.0749580 seconds
32.636: [GC [PSYoungGen: 89248K->6928K(97280K)] 93257K->10937K(318976K), 0.0019990 secs] [Times: user=0.02 sys=0.00, real=0.00 secs] 
32.638: Total time for which application threads were stopped: 0.0048040 seconds, Stopping threads took: 0.0027280 seconds
32.713: Application time: 0.0747820 seconds
32.715: [GC [PSYoungGen: 90384K->6880K(97280K)] 94393K->10889K(318976K), 0.0020450 secs] [Times: user=0.02 sys=0.00, real=0.00 secs] 
32.717: Total time for which application threads were stopped: 0.0048010 seconds, Stopping threads took: 0.0026800 seconds
32.794: Application time: 0.0770410 seconds
32.796: [GC [PSYoungGen: 90336K->5856K(97280K)] 94345K->9865K(318976K), 0.0017770 secs] [Times: user=0.01 sys=0.00, real=0.00 secs] 
32.798: Total time for which application threads were stopped: 0.0035410 seconds, Stopping threads took: 0.0016920 seconds
32.872: Application time: 0.0736500 seconds
32.873: [GC [PSYoungGen: 89312K->7072K(97280K)] 93321K->11081K(318976K), 0.0019500 secs] [Times: user=0.02 sys=0.00, real=0.00 secs] 
32.875: Total time for which application threads were stopped: 0.0036270 seconds, Stopping threads took: 0.0015950 seconds
32.951: Application time: 0.0756590 seconds
32.953: [GC [PSYoungGen: 90528K->6800K(97280K)] 94537K->10817K(318976K), 0.0019530 secs] [Times: user=0.01 sys=0.00, real=0.00 secs] 
32.955: Total time for which application threads were stopped: 0.0045910 seconds, Stopping threads took: 0.0025610 seconds
33.029: Application time: 0.0731420 seconds
33.031: [GC [PSYoungGen: 90256K->7424K(97280K)] 94273K->11449K(318976K), 0.0022490 secs] [Times: user=0.01 sys=0.00, real=0.01 secs] 
33.033: Total time for which application threads were stopped: 0.0047630 seconds, Stopping threads took: 0.0024250 seconds
33.107: Application time: 0.0737300 seconds
33.109: [GC [PSYoungGen: 90880K->7216K(97280K)] 94905K->11241K(318976K), 0.0023540 secs] [Times: user=0.02 sys=0.00, real=0.00 secs] 
33.112: Total time for which application threads were stopped: 0.0046950 seconds, Stopping threads took: 0.0022460 seconds
33.186: Application time: 0.0744740 seconds
33.188: [GC [PSYoungGen: 90672K->6848K(97280K)] 94697K->10873K(318976K), 0.0019950 secs] [Times: user=0.02 sys=0.00, real=0.00 secs] 
33.190: Total time for which application threads were stopped: 0.0037620 seconds, Stopping threads took: 0.0016910 seconds
33.264: Application time: 0.0743790 seconds
33.266: [GC [PSYoungGen: 90304K->6160K(97280K)] 94329K->10185K(318976K), 0.0017880 secs] [Times: user=0.01 sys=0.00, real=0.00 secs] 
33.268: Total time for which application threads were stopped: 0.0034800 seconds, Stopping threads took: 0.0016150 seconds
33.343: Application time: 0.0755480 seconds
33.345: [GC [PSYoungGen: 89616K->6496K(97280K)] 93641K->10521K(318976K), 0.0018230 secs] [Times: user=0.01 sys=0.00, real=0.00 secs] 
33.347: Total time for which application threads were stopped: 0.0038350 seconds, Stopping threads took: 0.0019340 seconds
33.423: Application time: 0.0753970 seconds
33.425: [GC [PSYoungGen: 89952K->7120K(97280K)] 93977K->11153K(318976K), 0.0020750 secs] [Times: user=0.01 sys=0.00, real=0.00 secs] 
33.427: Total time for which application threads were stopped: 0.0039640 seconds, Stopping threads took: 0.0018000 seconds
33.501: Application time: 0.0742830 seconds
33.503: [GC [PSYoungGen: 90576K->7648K(97280K)] 94609K->11689K(318976K), 0.0022820 secs] [Times: user=0.02 sys=0.00, real=0.00 secs] 
33.506: Total time for which application threads were stopped: 0.0046900 seconds, Stopping threads took: 0.0023260 seconds
33.580: Application time: 0.0740230 seconds
33.582: [GC [PSYoungGen: 91104K->7040K(97280K)] 95145K->11089K(318976K), 0.0020260 secs] [Times: user=0.01 sys=0.00, real=0.00 secs] 
33.585: Total time for which application threads were stopped: 0.0048290 seconds, Stopping threads took: 0.0027280 seconds
33.659: Application time: 0.0742860 seconds
33.660: [GC [PSYoungGen: 90496K->7616K(97280K)] 94545K->11665K(318976K), 0.0021790 secs] [Times: user=0.01 sys=0.00, real=0.00 secs] 
33.663: Total time for which application threads were stopped: 0.0038120 seconds, Stopping threads took: 0.0015540 seconds
33.737: Application time: 0.0747800 seconds
33.739: [GC [PSYoungGen: 91072K->6000K(97280K)] 95121K->10049K(318976K), 0.0017750 secs] [Times: user=0.01 sys=0.00, real=0.01 secs] 
33.741: Total time for which application threads were stopped: 0.0034030 seconds, Stopping threads took: 0.0015540 seconds
33.816: Application time: 0.0748710 seconds
33.817: [GC [PSYoungGen: 89456K->7168K(97280K)] 93505K->11217K(318976K), 0.0020150 secs] [Times: user=0.01 sys=0.00, real=0.00 secs] 
33.819: Total time for which application threads were stopped: 0.0036320 seconds, Stopping threads took: 0.0015450 seconds
33.894: Application time: 0.0742820 seconds
33.895: [GC [PSYoungGen: 90624K->6848K(97280K)] 94673K->10913K(318976K), 0.0019470 secs] [Times: user=0.02 sys=0.00, real=0.00 secs] 
33.897: Total time for which application threads were stopped: 0.0038410 seconds, Stopping threads took: 0.0018200 seconds
33.973: Application time: 0.0753450 seconds
33.975: [GC [PSYoungGen: 90304K->6528K(97280K)] 94369K->10601K(318976K), 0.0018180 secs] [Times: user=0.01 sys=0.00, real=0.00 secs] 
33.977: Total time for which application threads were stopped: 0.0044610 seconds, Stopping threads took: 0.0025630 seconds
34.051: Application time: 0.0740770 seconds
34.053: [GC [PSYoungGen: 89984K->6688K(97280K)] 94057K->10769K(318976K), 0.0020250 secs] [Times: user=0.01 sys=0.00, real=0.00 secs] 
34.055: Total time for which application threads were stopped: 0.0040820 seconds, Stopping threads took: 0.0019720 seconds
34.130: Application time: 0.0745560 seconds
34.132: [GC [PSYoungGen: 90144K->5904K(97280K)] 94225K->9985K(318976K), 0.0017800 secs] [Times: user=0.01 sys=0.00, real=0.01 secs] 
34.133: Total time for which application threads were stopped: 0.0033980 seconds, Stopping threads took: 0.0015450 seconds
34.209: Application time: 0.0753600 seconds
34.213: [GC [PSYoungGen: 89360K->7328K(97280K)] 93441K->11409K(318976K), 0.0021470 secs] [Times: user=0.02 sys=0.00, real=0.00 secs] 
34.215: Total time for which application threads were stopped: 0.0059470 seconds, Stopping threads took: 0.0037210 seconds
34.290: Application time: 0.0752580 seconds
34.293: [GC [PSYoungGen: 90784K->7392K(97280K)] 94865K->11473K(318976K), 0.0020920 secs] [Times: user=0.01 sys=0.00, real=0.00 secs] 
34.295: Total time for which application threads were stopped: 0.0049510 seconds, Stopping threads took: 0.0027840 seconds
34.371: Application time: 0.0758890 seconds
34.373: [GC [PSYoungGen: 90848K->7632K(97280K)] 94929K->11721K(318976K), 0.0021880 secs] [Times: user=0.01 sys=0.00, real=0.00 secs] 
34.375: Total time for which application threads were stopped: 0.0041830 seconds, Stopping threads took: 0.0019190 seconds
34.450: Application time: 0.0749680 seconds
34.453: [GC [PSYoungGen: 91088K->6912K(97280K)] 95177K->11009K(318976K), 0.0019170 secs] [Times: user=0.02 sys=0.00, real=0.00 secs] 
34.455: Total time for which application threads were stopped: 0.0047820 seconds, Stopping threads took: 0.0027840 seconds
34.529: Application time: 0.0743380 seconds
34.531: [GC [PSYoungGen: 90368K->7088K(97280K)] 94465K->11193K(318976K), 0.0020630 secs] [Times: user=0.01 sys=0.00, real=0.01 secs] 
34.533: Total time for which application threads were stopped: 0.0038660 seconds, Stopping threads took: 0.0017230 seconds
34.608: Application time: 0.0746330 seconds
34.610: [GC [PSYoungGen: 90544K->7808K(97280K)] 94649K->11913K(318976K), 0.0022590 secs] [Times: user=0.02 sys=0.00, real=0.01 secs] 
34.613: Total time for which application threads were stopped: 0.0050140 seconds, Stopping threads took: 0.0026740 seconds
34.686: Application time: 0.0737360 seconds
34.689: [GC [PSYoungGen: 91264K->6336K(97280K)] 95369K->10441K(318976K), 0.0018040 secs] [Times: user=0.01 sys=0.00, real=0.00 secs] 
34.691: Total time for which application threads were stopped: 0.0043040 seconds, Stopping threads took: 0.0024270 seconds
34.764: Application time: 0.0732310 seconds
34.766: [GC [PSYoungGen: 89792K->7648K(97280K)] 93897K->11753K(318976K), 0.0022080 secs] [Times: user=0.01 sys=0.00, real=0.00 secs] 
34.768: Total time for which application threads were stopped: 0.0043840 seconds, Stopping threads took: 0.0020960 seconds
34.842: Application time: 0.0736930 seconds
34.844: [GC [PSYoungGen: 91104K->7216K(97280K)] 95209K->11329K(318976K), 0.0021210 secs] [Times: user=0.01 sys=0.00, real=0.00 secs] 
34.846: Total time for which application threads were stopped: 0.0040220 seconds, Stopping threads took: 0.0018120 seconds
34.924: Application time: 0.0776150 seconds
34.927: [GC [PSYoungGen: 90672K->7520K(97280K)] 94785K->11641K(318976K), 0.0020340 secs] [Times: user=0.01 sys=0.00, real=0.00 secs] 
34.929: Total time for which application threads were stopped: 0.0051910 seconds, Stopping threads took: 0.0030820 seconds
35.007: Application time: 0.0783100 seconds
35.009: [GC [PSYoungGen: 90976K->7696K(97280K)] 95097K->11825K(318976K), 0.0023170 secs] [Times: user=0.02 sys=0.00, real=0.00 secs] 
35.012: Total time for which application threads were stopped: 0.0046030 seconds, Stopping threads took: 0.0021790 seconds
35.090: Application time: 0.0783080 seconds
35.091: [GC [PSYoungGen: 91152K->6832K(97280K)] 95281K->10961K(318976K), 0.0020120 secs] [Times: user=0.01 sys=0.00, real=0.01 secs] 
35.093: Total time for which application threads were stopped: 0.0031420 seconds, Stopping threads took: 0.0010430 seconds
35.173: Application time: 0.0797640 seconds
35.175: [GC [PSYoungGen: 90288K->7152K(97280K)] 94417K->11281K(318976K), 0.0021020 secs] [Times: user=0.01 sys=0.00, real=0.00 secs] 
35.177: Total time for which application threads were stopped: 0.0038960 seconds, Stopping threads took: 0.0017110 seconds
35.256: Application time: 0.0791650 seconds
35.258: [GC [PSYoungGen: 90608K->6656K(97280K)] 94737K->10785K(318976K), 0.0019630 secs] [Times: user=0.01 sys=0.00, real=0.00 secs] 
35.260: Total time for which application threads were stopped: 0.0039730 seconds, Stopping threads took: 0.0019350 seconds
35.338: Application time: 0.0783050 seconds
35.341: [GC [PSYoungGen: 90112K->7632K(97280K)] 94241K->11761K(318976K), 0.0022410 secs] [Times: user=0.01 sys=0.00, real=0.00 secs] 
35.344: Total time for which application threads were stopped: 0.0053720 seconds, Stopping threads took: 0.0030480 seconds
35.424: Application time: 0.0807660 seconds
35.427: [GC [PSYoungGen: 91088K->7152K(97280K)] 95217K->11289K(318976K), 0.0019960 secs] [Times: user=0.01 sys=0.00, real=0.00 secs] 
35.429: Total time for which application threads were stopped: 0.0044200 seconds, Stopping threads took: 0.0023480 seconds
35.507: Application time: 0.0783530 seconds
35.509: [GC [PSYoungGen: 90608K->7104K(97280K)] 94745K->11249K(318976K), 0.0021380 secs] [Times: user=0.02 sys=0.00, real=0.00 secs] 
35.511: Total time for which application threads were stopped: 0.0041690 seconds, Stopping threads took: 0.0019450 seconds
35.590: Application time: 0.0790090 seconds
35.593: [GC [PSYoungGen: 90560K->6656K(97280K)] 94705K->10801K(318976K), 0.0019620 secs] [Times: user=0.01 sys=0.00, real=0.00 secs] 
35.595: Total time for which application threads were stopped: 0.0042110 seconds, Stopping threads took: 0.0021690 seconds
35.673: Application time: 0.0786040 seconds
35.676: [GC [PSYoungGen: 90112K->6608K(97280K)] 94257K->10753K(318976K), 0.0019030 secs] [Times: user=0.02 sys=0.00, real=0.00 secs] 
35.678: Total time for which application threads were stopped: 0.0043140 seconds, Stopping threads took: 0.0023300 seconds
35.759: Application time: 0.0810510 seconds
35.761: [GC [PSYoungGen: 90064K->5952K(97280K)] 94209K->10097K(318976K), 0.0016420 secs] [Times: user=0.01 sys=0.00, real=0.00 secs] 
35.762: Total time for which application threads were stopped: 0.0037850 seconds, Stopping threads took: 0.0020720 seconds
35.839: Application time: 0.0768390 seconds
35.840: [GC [PSYoungGen: 89408K->6976K(97280K)] 93553K->11121K(318976K), 0.0020040 secs] [Times: user=0.02 sys=0.00, real=0.01 secs] 
35.842: Total time for which application threads were stopped: 0.0031450 seconds, Stopping threads took: 0.0010620 seconds
35.922: Application time: 0.0800250 seconds
35.924: [GC [PSYoungGen: 90432K->6880K(97280K)] 94577K->11033K(318976K), 0.0020060 secs] [Times: user=0.01 sys=0.01, real=0.00 secs] 
35.926: Total time for which application threads were stopped: 0.0040390 seconds, Stopping threads took: 0.0019530 seconds
36.006: Application time: 0.0791370 seconds
36.009: [GC [PSYoungGen: 90336K->6608K(97280K)] 94489K->10769K(318976K), 0.0018110 secs] [Times: user=0.01 sys=0.00, real=0.00 secs] 
36.010: Total time for which application threads were stopped: 0.0048540 seconds, Stopping threads took: 0.0029630 seconds
36.090: Application time: 0.0797880 seconds
36.092: [GC [PSYoungGen: 90064K->7040K(97280K)] 94225K->11209K(318976K), 0.0020910 secs] [Times: user=0.01 sys=0.00, real=0.01 secs] 
36.094: Total time for which application threads were stopped: 0.0041940 seconds, Stopping threads took: 0.0020250 seconds
36.174: Application time: 0.0792530 seconds
36.176: [GC [PSYoungGen: 90496K->7520K(97280K)] 94665K->11689K(318976K), 0.0021580 secs] [Times: user=0.02 sys=0.00, real=0.00 secs] 
36.178: Total time for which application threads were stopped: 0.0045820 seconds, Stopping threads took: 0.0023350 seconds
36.258: Application time: 0.0798130 seconds
36.260: [GC [PSYoungGen: 90976K->7344K(97280K)] 95145K->11513K(318976K), 0.0021220 secs] [Times: user=0.01 sys=0.00, real=0.00 secs] 
36.263: Total time for which application threads were stopped: 0.0045080 seconds, Stopping threads took: 0.0023010 seconds
36.343: Application time: 0.0806590 seconds
36.344: [GC [PSYoungGen: 90800K->6720K(97280K)] 94969K->10889K(318976K), 0.0021420 secs] [Times: user=0.01 sys=0.00, real=0.00 secs] 
36.346: Total time for which application threads were stopped: 0.0031340 seconds, Stopping threads took: 0.0009180 seconds
36.424: Application time: 0.0781310 seconds
36.427: [GC [PSYoungGen: 90176K->6096K(97280K)] 94345K->10273K(318976K), 0.0017910 secs] [Times: user=0.02 sys=0.00, real=0.00 secs] 
36.429: Total time for which application threads were stopped: 0.0046200 seconds, Stopping threads took: 0.0027340 seconds
36.511: Application time: 0.0815470 seconds
36.513: [GC [PSYoungGen: 89552K->7424K(97280K)] 93729K->11609K(318976K), 0.0021260 secs] [Times: user=0.01 sys=0.00, real=0.00 secs] 
36.515: Total time for which application threads were stopped: 0.0042600 seconds, Stopping threads took: 0.0020510 seconds
36.593: Application time: 0.0775900 seconds
36.595: [GC [PSYoungGen: 90880K->6896K(97280K)] 95065K->11089K(318976K), 0.0019870 secs] [Times: user=0.02 sys=0.00, real=0.00 secs] 
36.597: Total time for which application threads were stopped: 0.0045180 seconds, Stopping threads took: 0.0024530 seconds
36.676: Application time: 0.0788040 seconds
36.679: [GC [PSYoungGen: 90352K->7280K(97280K)] 94545K->11473K(318976K), 0.0021190 secs] [Times: user=0.01 sys=0.00, real=0.01 secs] 
36.681: Total time for which application threads were stopped: 0.0051920 seconds, Stopping threads took: 0.0029800 seconds
36.758: Application time: 0.0768880 seconds
36.760: [GC [PSYoungGen: 90736K->7872K(97280K)] 94929K->12065K(318976K), 0.0023190 secs] [Times: user=0.02 sys=0.00, real=0.01 secs] 
36.763: Total time for which application threads were stopped: 0.0045770 seconds, Stopping threads took: 0.0021800 seconds
36.841: Application time: 0.0788250 seconds
36.844: [GC [PSYoungGen: 91328K->7136K(97280K)] 95521K->11329K(318976K), 0.0021140 secs] [Times: user=0.02 sys=0.00, real=0.00 secs] 
36.846: Total time for which application threads were stopped: 0.0048040 seconds, Stopping threads took: 0.0026100 seconds
36.927: Application time: 0.0811750 seconds
36.929: [GC [PSYoungGen: 90592K->5600K(97280K)] 94785K->9801K(318976K), 0.0015940 secs] [Times: user=0.01 sys=0.00, real=0.00 secs] 
36.931: Total time for which application threads were stopped: 0.0036510 seconds, Stopping threads took: 0.0019880 seconds
37.010: Application time: 0.0787470 seconds
37.012: [GC [PSYoungGen: 89056K->7312K(97280K)] 93257K->11521K(318976K), 0.0022120 secs] [Times: user=0.02 sys=0.00, real=0.01 secs] 
37.014: Total time for which application threads were stopped: 0.0042300 seconds, Stopping threads took: 0.0019130 seconds
37.093: Application time: 0.0787620 seconds
37.096: [GC [PSYoungGen: 90768K->6768K(97280K)] 94977K->10985K(318976K), 0.0018940 secs] [Times: user=0.01 sys=0.00, real=0.00 secs] 
37.098: Total time for which application threads were stopped: 0.0052830 seconds, Stopping threads took: 0.0033010 seconds
37.178: Application time: 0.0795170 seconds
37.180: [GC [PSYoungGen: 90224K->6816K(97280K)] 94441K->11033K(318976K), 0.0019660 secs] [Times: user=0.01 sys=0.00, real=0.01 secs] 
37.182: Total time for which application threads were stopped: 0.0043630 seconds, Stopping threads took: 0.0023090 seconds
37.261: Application time: 0.0791600 seconds
37.264: [GC [PSYoungGen: 90272K->7584K(97280K)] 94489K->11801K(318976K), 0.0021960 secs] [Times: user=0.01 sys=0.00, real=0.00 secs] 
37.266: Total time for which application threads were stopped: 0.0049320 seconds, Stopping threads took: 0.0026560 seconds
37.346: Application time: 0.0797410 seconds
37.347: [GC [PSYoungGen: 91040K->6160K(97280K)] 95257K->10377K(318976K), 0.0017620 secs] [Times: user=0.01 sys=0.00, real=0.00 secs] 
37.349: Total time for which application threads were stopped: 0.0035130 seconds, Stopping threads took: 0.0016760 seconds
37.427: Application time: 0.0776050 seconds
37.429: [GC [PSYoungGen: 89616K->6448K(97280K)] 93833K->10673K(318976K), 0.0017960 secs] [Times: user=0.01 sys=0.00, real=0.00 secs] 
37.431: Total time for which application threads were stopped: 0.0039610 seconds, Stopping threads took: 0.0020890 seconds
37.510: Application time: 0.0788310 seconds
37.512: [GC [PSYoungGen: 89904K->8000K(97280K)] 94129K->12233K(318976K), 0.0023260 secs] [Times: user=0.02 sys=0.00, real=0.01 secs] 
37.514: Total time for which application threads were stopped: 0.0046000 seconds, Stopping threads took: 0.0021850 seconds
37.592: Application time: 0.0776470 seconds
37.595: [GC [PSYoungGen: 91456K->7456K(97280K)] 95689K->11697K(318976K), 0.0022640 secs] [Times: user=0.02 sys=0.00, real=0.00 secs] 
37.597: Total time for which application threads were stopped: 0.0054500 seconds, Stopping threads took: 0.0030800 seconds
37.677: Application time: 0.0798140 seconds
37.679: [GC [PSYoungGen: 90912K->7200K(97280K)] 95153K->11441K(318976K), 0.0020560 secs] [Times: user=0.02 sys=0.00, real=0.01 secs] 
37.681: Total time for which application threads were stopped: 0.0038010 seconds, Stopping threads took: 0.0016690 seconds
37.759: Application time: 0.0777090 seconds
37.760: [GC [PSYoungGen: 90656K->6832K(97280K)] 94897K->11073K(318976K), 0.0019160 secs] [Times: user=0.02 sys=0.00, real=0.00 secs] 
37.762: Total time for which application threads were stopped: 0.0036920 seconds, Stopping threads took: 0.0016860 seconds
37.840: Application time: 0.0779410 seconds
37.842: [GC [PSYoungGen: 90288K->6608K(97280K)] 94529K->10849K(318976K), 0.0019920 secs] [Times: user=0.01 sys=0.00, real=0.00 secs] 
37.844: Total time for which application threads were stopped: 0.0037560 seconds, Stopping threads took: 0.0016830 seconds
37.923: Application time: 0.0789980 seconds
37.925: [GC [PSYoungGen: 90064K->7680K(97280K)] 94305K->11929K(318976K), 0.0021400 secs] [Times: user=0.02 sys=0.00, real=0.00 secs] 
37.928: Total time for which application threads were stopped: 0.0045530 seconds, Stopping threads took: 0.0023300 seconds
38.007: Application time: 0.0795640 seconds
38.010: [GC [PSYoungGen: 91136K->6864K(97280K)] 95385K->11129K(318976K), 0.0020080 secs] [Times: user=0.01 sys=0.00, real=0.00 secs] 
38.012: Total time for which application threads were stopped: 0.0045610 seconds, Stopping threads took: 0.0024750 seconds
38.092: Application time: 0.0806380 seconds
38.093: [GC [PSYoungGen: 90320K->6896K(97280K)] 94585K->11169K(318976K), 0.0021080 secs] [Times: user=0.02 sys=0.00, real=0.00 secs] 
38.095: Total time for which application threads were stopped: 0.0031010 seconds, Stopping threads took: 0.0009110 seconds
38.175: Application time: 0.0791000 seconds
38.177: [GC [PSYoungGen: 90352K->7024K(97280K)] 94625K->11297K(318976K), 0.0020090 secs] [Times: user=0.01 sys=0.00, real=0.00 secs] 
38.179: Total time for which application threads were stopped: 0.0048410 seconds, Stopping threads took: 0.0027540 seconds
38.261: Application time: 0.0812700 seconds
38.264: [GC [PSYoungGen: 90480K->7584K(97280K)] 94753K->11857K(318976K), 0.0022680 secs] [Times: user=0.01 sys=0.00, real=0.00 secs] 
38.266: Total time for which application threads were stopped: 0.0055650 seconds, Stopping threads took: 0.0031980 seconds
38.345: Application time: 0.0782570 seconds
38.347: [GC [PSYoungGen: 91040K->7232K(97280K)] 95313K->11505K(318976K), 0.0019770 secs] [Times: user=0.01 sys=0.00, real=0.00 secs] 
38.349: Total time for which application threads were stopped: 0.0042940 seconds, Stopping threads took: 0.0022430 seconds
38.429: Application time: 0.0797950 seconds
38.431: [GC [PSYoungGen: 90688K->7360K(97280K)] 94961K->11633K(318976K), 0.0021970 secs] [Times: user=0.02 sys=0.00, real=0.01 secs] 
38.433: Total time for which application threads were stopped: 0.0044780 seconds, Stopping threads took: 0.0022000 seconds
38.511: Application time: 0.0779780 seconds
38.513: [GC [PSYoungGen: 90816K->6832K(97280K)] 95089K->11113K(318976K), 0.0020150 secs] [Times: user=0.02 sys=0.00, real=0.00 secs] 
38.515: Total time for which application threads were stopped: 0.0043610 seconds, Stopping threads took: 0.0022460 seconds
38.595: Application time: 0.0800410 seconds
38.598: [GC [PSYoungGen: 90286K->6672K(97280K)] 94567K->10969K(318976K), 0.0020580 secs] [Times: user=0.02 sys=0.00, real=0.00 secs] 
38.600: Total time for which application threads were stopped: 0.0047340 seconds, Stopping threads took: 0.0025980 seconds
38.680: Application time: 0.0801440 seconds
38.682: [GC [PSYoungGen: 90128K->7216K(97280K)] 94425K->11521K(318976K), 0.0020780 secs] [Times: user=0.01 sys=0.00, real=0.00 secs] 
38.685: Total time for which application threads were stopped: 0.0041820 seconds, Stopping threads took: 0.0020190 seconds
38.763: Application time: 0.0784240 seconds
38.766: [GC [PSYoungGen: 90672K->7696K(97280K)] 94977K->12001K(318976K), 0.0022220 secs] [Times: user=0.01 sys=0.01, real=0.00 secs] 
38.768: Total time for which application threads were stopped: 0.0053480 seconds, Stopping threads took: 0.0030380 seconds
38.846: Application time: 0.0779000 seconds
38.848: [GC [PSYoungGen: 91152K->6912K(97280K)] 95457K->11217K(318976K), 0.0020530 secs] [Times: user=0.02 sys=0.00, real=0.00 secs] 
38.850: Total time for which application threads were stopped: 0.0037910 seconds, Stopping threads took: 0.0016530 seconds
38.926: Application time: 0.0758760 seconds
38.928: [GC [PSYoungGen: 90368K->6128K(97280K)] 94673K->10433K(318976K), 0.0018470 secs] [Times: user=0.01 sys=0.00, real=0.00 secs] 
38.929: Total time for which application threads were stopped: 0.0035470 seconds, Stopping threads took: 0.0016220 seconds
39.005: Application time: 0.0751130 seconds
39.007: [GC [PSYoungGen: 89584K->6224K(97280K)] 93889K->10537K(318976K), 0.0017730 secs] [Times: user=0.01 sys=0.00, real=0.00 secs] 
39.008: Total time for which application threads were stopped: 0.0038800 seconds, Stopping threads took: 0.0020260 seconds
39.083: Application time: 0.0743760 seconds
39.084: [GC [PSYoungGen: 89680K->6752K(97280K)] 93993K->11073K(318976K), 0.0019520 secs] [Times: user=0.02 sys=0.00, real=0.00 secs] 
39.086: Total time for which application threads were stopped: 0.0034730 seconds, Stopping threads took: 0.0014420 seconds
39.162: Application time: 0.0752670 seconds
39.164: [GC [PSYoungGen: 90208K->6416K(97280K)] 94529K->10745K(318976K), 0.0018300 secs] [Times: user=0.02 sys=0.00, real=0.00 secs] 
39.166: Total time for which application threads were stopped: 0.0041470 seconds, Stopping threads took: 0.0022410 seconds
39.238: Application time: 0.0725760 seconds
39.240: [GC [PSYoungGen: 89872K->7536K(97280K)] 94201K->11865K(318976K), 0.0023760 secs] [Times: user=0.02 sys=0.00, real=0.01 secs] 
39.242: Total time for which application threads were stopped: 0.0039520 seconds, Stopping threads took: 0.0014660 seconds
39.320: Application time: 0.0776490 seconds
39.322: [GC [PSYoungGen: 90992K->7072K(97280K)] 95321K->11401K(318976K), 0.0020640 secs] [Times: user=0.01 sys=0.00, real=0.00 secs] 
39.324: Total time for which application threads were stopped: 0.0038610 seconds, Stopping threads took: 0.0017110 seconds
39.396: Application time: 0.0719970 seconds
39.398: [GC [PSYoungGen: 90528K->7152K(97280K)] 94857K->11481K(318976K), 0.0020450 secs] [Times: user=0.02 sys=0.00, real=0.00 secs] 
39.400: Total time for which application threads were stopped: 0.0040240 seconds, Stopping threads took: 0.0019020 seconds
39.473: Application time: 0.0732270 seconds
39.474: [GC [PSYoungGen: 90608K->6960K(97280K)] 94937K->11297K(318976K), 0.0020060 secs] [Times: user=0.02 sys=0.00, real=0.00 secs] 
39.476: Total time for which application threads were stopped: 0.0028270 seconds, Stopping threads took: 0.0007430 seconds
39.548: Application time: 0.0725830 seconds
39.551: [GC [PSYoungGen: 90416K->7568K(97280K)] 94753K->11913K(318976K), 0.0023070 secs] [Times: user=0.01 sys=0.00, real=0.01 secs] 
39.553: Total time for which application threads were stopped: 0.0045980 seconds, Stopping threads took: 0.0022120 seconds
39.627: Application time: 0.0734720 seconds
39.628: [GC [PSYoungGen: 91024K->6992K(97280K)] 95369K->11345K(318976K), 0.0020480 secs] [Times: user=0.01 sys=0.00, real=0.00 secs] 
39.631: Total time for which application threads were stopped: 0.0040230 seconds, Stopping threads took: 0.0018970 seconds
39.704: Application time: 0.0737590 seconds
39.707: [GC [PSYoungGen: 90448K->6064K(97280K)] 94801K->10417K(318976K), 0.0017200 secs] [Times: user=0.01 sys=0.00, real=0.00 secs] 
39.709: Total time for which application threads were stopped: 0.0043720 seconds, Stopping threads took: 0.0025770 seconds
39.784: Application time: 0.0752360 seconds
39.786: [GC [PSYoungGen: 89520K->7600K(97280K)] 93873K->11953K(318976K), 0.0022340 secs] [Times: user=0.01 sys=0.00, real=0.00 secs] 
39.788: Total time for which application threads were stopped: 0.0041100 seconds, Stopping threads took: 0.0017970 seconds
39.862: Application time: 0.0742440 seconds
39.864: [GC [PSYoungGen: 91056K->8368K(97280K)] 95409K->12721K(318976K), 0.0025290 secs] [Times: user=0.01 sys=0.00, real=0.00 secs] 
39.866: Total time for which application threads were stopped: 0.0041190 seconds, Stopping threads took: 0.0014960 seconds
39.942: Application time: 0.0751400 seconds
39.943: [GC [PSYoungGen: 91824K->5904K(97280K)] 96177K->10265K(318976K), 0.0018040 secs] [Times: user=0.01 sys=0.00, real=0.00 secs] 
39.945: Total time for which application threads were stopped: 0.0035560 seconds, Stopping threads took: 0.0016800 seconds
40.017: Application time: 0.0722640 seconds
40.020: [GC [PSYoungGen: 89360K->7760K(97280K)] 93721K->12129K(318976K), 0.0022750 secs] [Times: user=0.01 sys=0.00, real=0.01 secs] 
40.022: Total time for which application threads were stopped: 0.0049900 seconds, Stopping threads took: 0.0026340 seconds
40.098: Application time: 0.0752870 seconds
40.101: [GC [PSYoungGen: 91216K->6512K(97280K)] 95585K->10889K(318976K), 0.0019040 secs] [Times: user=0.01 sys=0.00, real=0.00 secs] 
40.103: Total time for which application threads were stopped: 0.0050840 seconds, Stopping threads took: 0.0031040 seconds
40.177: Application time: 0.0743570 seconds
40.179: [GC [PSYoungGen: 89968K->7184K(97280K)] 94345K->11561K(318976K), 0.0020210 secs] [Times: user=0.01 sys=0.00, real=0.01 secs] 
40.181: Total time for which application threads were stopped: 0.0037070 seconds, Stopping threads took: 0.0016060 seconds
40.255: Application time: 0.0743730 seconds
40.258: [GC [PSYoungGen: 90640K->7600K(97280K)] 95017K->11977K(318976K), 0.0022920 secs] [Times: user=0.01 sys=0.00, real=0.00 secs] 
40.260: Total time for which application threads were stopped: 0.0049620 seconds, Stopping threads took: 0.0025650 seconds
40.335: Application time: 0.0750310 seconds
40.337: [GC [PSYoungGen: 91056K->7600K(97280K)] 95433K->11977K(318976K), 0.0021460 secs] [Times: user=0.01 sys=0.00, real=0.00 secs] 
40.340: Total time for which application threads were stopped: 0.0043800 seconds, Stopping threads took: 0.0021540 seconds
40.413: Application time: 0.0730210 seconds
40.415: [GC [PSYoungGen: 91056K->7744K(97280K)] 95433K->12129K(318976K), 0.0022840 secs] [Times: user=0.01 sys=0.00, real=0.00 secs] 
40.417: Total time for which application threads were stopped: 0.0042980 seconds, Stopping threads took: 0.0019110 seconds
40.493: Application time: 0.0760400 seconds
40.495: [GC [PSYoungGen: 91200K->6480K(97280K)] 95585K->10873K(318976K), 0.0019140 secs] [Times: user=0.01 sys=0.00, real=0.00 secs] 
40.497: Total time for which application threads were stopped: 0.0038410 seconds, Stopping threads took: 0.0018530 seconds
40.572: Application time: 0.0755880 seconds
40.575: [GC [PSYoungGen: 89936K->6624K(97280K)] 94329K->11025K(318976K), 0.0018300 secs] [Times: user=0.01 sys=0.00, real=0.00 secs] 
40.577: Total time for which application threads were stopped: 0.0042770 seconds, Stopping threads took: 0.0023720 seconds
40.650: Application time: 0.0731700 seconds
40.653: [GC [PSYoungGen: 90080K->7136K(97280K)] 94481K->11537K(318976K), 0.0020410 secs] [Times: user=0.01 sys=0.00, real=0.00 secs] 
40.655: Total time for which application threads were stopped: 0.0047900 seconds, Stopping threads took: 0.0026710 seconds
40.729: Application time: 0.0745980 seconds
40.732: [GC [PSYoungGen: 90592K->7792K(97280K)] 94993K->12193K(318976K), 0.0020810 secs] [Times: user=0.01 sys=0.00, real=0.01 secs] 
40.734: Total time for which application threads were stopped: 0.0045790 seconds, Stopping threads took: 0.0024220 seconds
40.808: Application time: 0.0739210 seconds
40.810: [GC [PSYoungGen: 91248K->8160K(97280K)] 95649K->12561K(318976K), 0.0025510 secs] [Times: user=0.02 sys=0.00, real=0.00 secs] 
40.812: Total time for which application threads were stopped: 0.0045820 seconds, Stopping threads took: 0.0019440 seconds
40.885: Application time: 0.0730790 seconds
40.887: [GC [PSYoungGen: 91616K->7104K(97280K)] 96017K->11505K(318976K), 0.0020760 secs] [Times: user=0.01 sys=0.00, real=0.00 secs] 
40.889: Total time for which application threads were stopped: 0.0035310 seconds, Stopping threads took: 0.0013760 seconds
40.963: Application time: 0.0743510 seconds
40.965: [GC [PSYoungGen: 90560K->5040K(97280K)] 94961K->9449K(318976K), 0.0015470 secs] [Times: user=0.01 sys=0.00, real=0.00 secs] 
40.967: Total time for which application threads were stopped: 0.0036620 seconds, Stopping threads took: 0.0020380 seconds
41.039: Application time: 0.0720520 seconds
41.042: [GC [PSYoungGen: 88496K->6672K(97280K)] 92905K->11089K(318976K), 0.0018600 secs] [Times: user=0.02 sys=0.00, real=0.00 secs] 
41.044: Total time for which application threads were stopped: 0.0046400 seconds, Stopping threads took: 0.0027030 seconds
41.119: Application time: 0.0751080 seconds
41.121: [GC [PSYoungGen: 90127K->7472K(97280K)] 94544K->11897K(318976K), 0.0020550 secs] [Times: user=0.02 sys=0.00, real=0.00 secs] 
41.123: Total time for which application threads were stopped: 0.0039460 seconds, Stopping threads took: 0.0018120 seconds
41.195: Application time: 0.0727190 seconds
41.198: [GC [PSYoungGen: 90928K->7968K(97280K)] 95353K->12393K(318976K), 0.0023560 secs] [Times: user=0.02 sys=0.00, real=0.01 secs] 
41.200: Total time for which application threads were stopped: 0.0050680 seconds, Stopping threads took: 0.0026300 seconds
41.276: Application time: 0.0755080 seconds
41.278: [GC [PSYoungGen: 91424K->6800K(97280K)] 95849K->11225K(318976K), 0.0019390 secs] [Times: user=0.01 sys=0.00, real=0.00 secs] 
41.280: Total time for which application threads were stopped: 0.0043360 seconds, Stopping threads took: 0.0023210 seconds
41.354: Application time: 0.0733980 seconds
41.356: [GC [PSYoungGen: 90256K->7584K(97280K)] 94681K->12009K(318976K), 0.0021120 secs] [Times: user=0.01 sys=0.00, real=0.00 secs] 
41.358: Total time for which application threads were stopped: 0.0045870 seconds, Stopping threads took: 0.0023920 seconds
41.432: Application time: 0.0738860 seconds
41.434: [GC [PSYoungGen: 91040K->7136K(97280K)] 95465K->11569K(318976K), 0.0020010 secs] [Times: user=0.01 sys=0.00, real=0.00 secs] 
41.436: Total time for which application threads were stopped: 0.0036320 seconds, Stopping threads took: 0.0015540 seconds
41.510: Application time: 0.0737380 seconds
41.512: [GC [PSYoungGen: 90592K->6496K(97280K)] 95025K->10937K(318976K), 0.0018710 secs] [Times: user=0.01 sys=0.00, real=0.01 secs] 
41.514: Total time for which application threads were stopped: 0.0041800 seconds, Stopping threads took: 0.0022060 seconds
41.590: Application time: 0.0764020 seconds
41.592: [GC [PSYoungGen: 89952K->7024K(97280K)] 94393K->11473K(318976K), 0.0021120 secs] [Times: user=0.01 sys=0.00, real=0.01 secs] 
41.595: Total time for which application threads were stopped: 0.0043690 seconds, Stopping threads took: 0.0021790 seconds
41.670: Application time: 0.0751850 seconds
41.672: [GC [PSYoungGen: 90480K->6576K(97280K)] 94929K->11025K(318976K), 0.0018160 secs] [Times: user=0.01 sys=0.00, real=0.01 secs] 
41.674: Total time for which application threads were stopped: 0.0043440 seconds, Stopping threads took: 0.0024530 seconds
41.750: Application time: 0.0755390 seconds
41.751: [GC [PSYoungGen: 90032K->5536K(97280K)] 94481K->9985K(318976K), 0.0016800 secs] [Times: user=0.01 sys=0.00, real=0.01 secs] 
41.753: Total time for which application threads were stopped: 0.0033880 seconds, Stopping threads took: 0.0016280 seconds
41.828: Application time: 0.0749260 seconds
41.830: [GC [PSYoungGen: 88992K->7024K(97280K)] 93441K->11473K(318976K), 0.0021010 secs] [Times: user=0.01 sys=0.00, real=0.00 secs] 
41.832: Total time for which application threads were stopped: 0.0041810 seconds, Stopping threads took: 0.0020020 seconds
41.907: Application time: 0.0753470 seconds
41.910: [GC [PSYoungGen: 90480K->6896K(97280K)] 94929K->11353K(318976K), 0.0020050 secs] [Times: user=0.01 sys=0.00, real=0.00 secs] 
41.912: Total time for which application threads were stopped: 0.0045780 seconds, Stopping threads took: 0.0024970 seconds
41.988: Application time: 0.0757810 seconds
41.990: [GC [PSYoungGen: 90352K->7040K(97280K)] 94809K->11505K(318976K), 0.0019700 secs] [Times: user=0.01 sys=0.00, real=0.00 secs] 
41.992: Total time for which application threads were stopped: 0.0044130 seconds, Stopping threads took: 0.0023680 seconds
42.068: Application time: 0.0755780 seconds
42.070: [GC [PSYoungGen: 90496K->7296K(97280K)] 94961K->11769K(318976K), 0.0020190 secs] [Times: user=0.01 sys=0.00, real=0.00 secs] 
42.072: Total time for which application threads were stopped: 0.0043610 seconds, Stopping threads took: 0.0022600 seconds
42.145: Application time: 0.0732160 seconds
42.148: [GC [PSYoungGen: 90752K->7232K(97280K)] 95225K->11705K(318976K), 0.0020790 secs] [Times: user=0.02 sys=0.00, real=0.00 secs] 
42.150: Total time for which application threads were stopped: 0.0043610 seconds, Stopping threads took: 0.0022050 seconds
42.227: Application time: 0.0774170 seconds
42.229: [GC [PSYoungGen: 90688K->5728K(97280K)] 95161K->10201K(318976K), 0.0016470 secs] [Times: user=0.01 sys=0.00, real=0.00 secs] 
42.230: Total time for which application threads were stopped: 0.0032250 seconds, Stopping threads took: 0.0015110 seconds
42.309: Application time: 0.0784550 seconds
42.310: [GC [PSYoungGen: 89184K->5584K(97280K)] 93657K->10057K(318976K), 0.0016370 secs] [Times: user=0.01 sys=0.00, real=0.00 secs] 
42.312: Total time for which application threads were stopped: 0.0033170 seconds, Stopping threads took: 0.0015850 seconds
42.386: Application time: 0.0735930 seconds
42.388: [GC [PSYoungGen: 89040K->8128K(97280K)] 93513K->12609K(318976K), 0.0023880 secs] [Times: user=0.02 sys=0.00, real=0.00 secs] 
42.391: Total time for which application threads were stopped: 0.0051540 seconds, Stopping threads took: 0.0026880 seconds
42.464: Application time: 0.0726980 seconds
42.466: [GC [PSYoungGen: 91584K->6640K(97280K)] 96065K->11129K(318976K), 0.0018950 secs] [Times: user=0.01 sys=0.00, real=0.00 secs] 
42.468: Total time for which application threads were stopped: 0.0043750 seconds, Stopping threads took: 0.0024020 seconds
42.542: Application time: 0.0738650 seconds
42.544: [GC [PSYoungGen: 90095K->8128K(97280K)] 94584K->12625K(318976K), 0.0021830 secs] [Times: user=0.02 sys=0.00, real=0.00 secs] 
42.547: Total time for which application threads were stopped: 0.0048640 seconds, Stopping threads took: 0.0025970 seconds
42.620: Application time: 0.0733890 seconds
42.622: [GC [PSYoungGen: 91584K->7744K(97280K)] 96081K->12257K(318976K), 0.0022510 secs] [Times: user=0.02 sys=0.00, real=0.00 secs] 
42.624: Total time for which application threads were stopped: 0.0041030 seconds, Stopping threads took: 0.0017650 seconds
42.699: Application time: 0.0749840 seconds
42.702: [GC [PSYoungGen: 91200K->7200K(97280K)] 95713K->11713K(318976K), 0.0019480 secs] [Times: user=0.01 sys=0.00, real=0.00 secs] 
42.704: Total time for which application threads were stopped: 0.0047660 seconds, Stopping threads took: 0.0027450 seconds
42.777: Application time: 0.0734780 seconds
42.780: [GC [PSYoungGen: 90656K->6528K(97280K)] 95169K->11041K(318976K), 0.0019630 secs] [Times: user=0.01 sys=0.00, real=0.01 secs] 
42.782: Total time for which application threads were stopped: 0.0043040 seconds, Stopping threads took: 0.0022640 seconds
42.857: Application time: 0.0752460 seconds
42.859: [GC [PSYoungGen: 89984K->6960K(97280K)] 94497K->11481K(318976K), 0.0020480 secs] [Times: user=0.02 sys=0.00, real=0.01 secs] 
42.861: Total time for which application threads were stopped: 0.0040450 seconds, Stopping threads took: 0.0019180 seconds
42.938: Application time: 0.0772240 seconds
42.941: [GC [PSYoungGen: 90416K->8160K(97280K)] 94937K->12689K(318976K), 0.0023340 secs] [Times: user=0.02 sys=0.00, real=0.00 secs] 
42.944: Total time for which application threads were stopped: 0.0053930 seconds, Stopping threads took: 0.0029750 seconds
43.021: Application time: 0.0776500 seconds
43.024: [GC [PSYoungGen: 91616K->7584K(97280K)] 96145K->12121K(318976K), 0.0021250 secs] [Times: user=0.01 sys=0.00, real=0.00 secs] 
43.026: Total time for which application threads were stopped: 0.0046670 seconds, Stopping threads took: 0.0024610 seconds
43.105: Application time: 0.0786550 seconds
43.105: [GC [PSYoungGen: 91040K->7056K(97280K)] 95577K->11601K(318976K), 0.0019610 secs] [Times: user=0.01 sys=0.00, real=0.00 secs] 
43.107: Total time for which application threads were stopped: 0.0028310 seconds, Stopping threads took: 0.0007930 seconds
43.188: Application time: 0.0807990 seconds
43.190: [GC [PSYoungGen: 90512K->6768K(97280K)] 95057K->11313K(318976K), 0.0020280 secs] [Times: user=0.01 sys=0.00, real=0.00 secs] 
43.192: Total time for which application threads were stopped: 0.0036940 seconds, Stopping threads took: 0.0015820 seconds
43.269: Application time: 0.0775130 seconds
43.271: [GC [PSYoungGen: 90224K->6608K(97280K)] 94769K->11153K(318976K), 0.0019500 secs] [Times: user=0.02 sys=0.00, real=0.01 secs] 
43.273: Total time for which application threads were stopped: 0.0035100 seconds, Stopping threads took: 0.0014790 seconds
43.354: Application time: 0.0811040 seconds
43.357: [GC [PSYoungGen: 90064K->8096K(97280K)] 94609K->12641K(318976K), 0.0024100 secs] [Times: user=0.01 sys=0.00, real=0.00 secs] 
43.359: Total time for which application threads were stopped: 0.0050660 seconds, Stopping threads took: 0.0025800 seconds
43.439: Application time: 0.0796780 seconds
43.441: [GC [PSYoungGen: 91552K->7872K(97280K)] 96097K->12425K(318976K), 0.0022960 secs] [Times: user=0.02 sys=0.00, real=0.00 secs] 
43.443: Total time for which application threads were stopped: 0.0040230 seconds, Stopping threads took: 0.0016440 seconds
43.525: Application time: 0.0818830 seconds
43.527: [GC [PSYoungGen: 91328K->7504K(97280K)] 95881K->12065K(318976K), 0.0021930 secs] [Times: user=0.02 sys=0.00, real=0.00 secs] 
43.529: Total time for which application threads were stopped: 0.0042320 seconds, Stopping threads took: 0.0019590 seconds
43.607: Application time: 0.0776750 seconds
43.608: [GC [PSYoungGen: 90960K->7056K(97280K)] 95521K->11625K(318976K), 0.0019840 secs] [Times: user=0.02 sys=0.00, real=0.00 secs] 
43.610: Total time for which application threads were stopped: 0.0031180 seconds, Stopping threads took: 0.0010580 seconds
43.691: Application time: 0.0811310 seconds
43.692: [GC [PSYoungGen: 90512K->7536K(97280K)] 95081K->12105K(318976K), 0.0021660 secs] [Times: user=0.02 sys=0.00, real=0.01 secs] 
43.695: Total time for which application threads were stopped: 0.0035870 seconds, Stopping threads took: 0.0013300 seconds
43.772: Application time: 0.0777140 seconds
43.774: [GC [PSYoungGen: 90992K->8000K(97280K)] 95561K->12569K(318976K), 0.0023450 secs] [Times: user=0.01 sys=0.00, real=0.00 secs] 
43.777: Total time for which application threads were stopped: 0.0043630 seconds, Stopping threads took: 0.0019400 seconds
43.855: Application time: 0.0788650 seconds
43.858: [GC [PSYoungGen: 91456K->7792K(97280K)] 96025K->12361K(318976K), 0.0023420 secs] [Times: user=0.02 sys=0.00, real=0.00 secs] 
43.860: Total time for which application threads were stopped: 0.0046990 seconds, Stopping threads took: 0.0022710 seconds
43.938: Application time: 0.0777190 seconds
43.939: [GC [PSYoungGen: 91248K->6880K(97280K)] 95817K->11457K(318976K), 0.0020920 secs] [Times: user=0.02 sys=0.00, real=0.01 secs] 
43.942: Total time for which application threads were stopped: 0.0036560 seconds, Stopping threads took: 0.0014830 seconds
44.019: Application time: 0.0773510 seconds
44.021: [GC [PSYoungGen: 90336K->6272K(97280K)] 94913K->10865K(318976K), 0.0018990 secs] [Times: user=0.01 sys=0.00, real=0.00 secs] 
44.023: Total time for which application threads were stopped: 0.0038100 seconds, Stopping threads took: 0.0018300 seconds
44.101: Application time: 0.0784200 seconds
44.104: [GC [PSYoungGen: 89728K->6736K(97280K)] 94321K->11337K(318976K), 0.0019300 secs] [Times: user=0.01 sys=0.00, real=0.00 secs] 
44.106: Total time for which application threads were stopped: 0.0045940 seconds, Stopping threads took: 0.0025810 seconds
44.186: Application time: 0.0804750 seconds
44.188: [GC [PSYoungGen: 90192K->7408K(97280K)] 94793K->12009K(318976K), 0.0021290 secs] [Times: user=0.02 sys=0.00, real=0.00 secs] 
44.191: Total time for which application threads were stopped: 0.0043340 seconds, Stopping threads took: 0.0021190 seconds
44.271: Application time: 0.0803890 seconds
44.273: [GC [PSYoungGen: 90864K->6992K(97280K)] 95465K->11593K(318976K), 0.0020730 secs] [Times: user=0.01 sys=0.00, real=0.00 secs] 
44.275: Total time for which application threads were stopped: 0.0040640 seconds, Stopping threads took: 0.0018990 seconds
44.354: Application time: 0.0789940 seconds
44.356: [GC [PSYoungGen: 90448K->6448K(97280K)] 95049K->11049K(318976K), 0.0018730 secs] [Times: user=0.01 sys=0.00, real=0.00 secs] 
44.358: Total time for which application threads were stopped: 0.0036590 seconds, Stopping threads took: 0.0017160 seconds
44.437: Application time: 0.0792260 seconds
44.440: [GC [PSYoungGen: 89904K->7936K(97280K)] 94505K->12545K(318976K), 0.0023510 secs] [Times: user=0.01 sys=0.00, real=0.01 secs] 
44.442: Total time for which application threads were stopped: 0.0051440 seconds, Stopping threads took: 0.0027060 seconds
44.522: Application time: 0.0801410 seconds
44.524: [GC [PSYoungGen: 91392K->7152K(97280K)] 96001K->11769K(318976K), 0.0020770 secs] [Times: user=0.01 sys=0.00, real=0.00 secs] 
44.526: Total time for which application threads were stopped: 0.0039960 seconds, Stopping threads took: 0.0018190 seconds
44.606: Application time: 0.0798310 seconds
44.608: [GC [PSYoungGen: 90608K->5952K(97280K)] 95225K->10577K(318976K), 0.0016790 secs] [Times: user=0.01 sys=0.00, real=0.00 secs] 
44.610: Total time for which application threads were stopped: 0.0041210 seconds, Stopping threads took: 0.0023610 seconds
44.690: Application time: 0.0797120 seconds
44.693: [GC [PSYoungGen: 89408K->6880K(97280K)] 94033K->11513K(318976K), 0.0020770 secs] [Times: user=0.01 sys=0.01, real=0.00 secs] 
44.695: Total time for which application threads were stopped: 0.0047830 seconds, Stopping threads took: 0.0026270 seconds
44.774: Application time: 0.0795610 seconds
44.777: [GC [PSYoungGen: 90336K->5744K(97280K)] 94969K->10377K(318976K), 0.0017930 secs] [Times: user=0.01 sys=0.00, real=0.00 secs] 
44.778: Total time for which application threads were stopped: 0.0041630 seconds, Stopping threads took: 0.0022640 seconds
44.857: Application time: 0.0788150 seconds
44.860: [GC [PSYoungGen: 89200K->8112K(97280K)] 93833K->12745K(318976K), 0.0023640 secs] [Times: user=0.01 sys=0.00, real=0.01 secs] 
44.863: Total time for which application threads were stopped: 0.0054070 seconds, Stopping threads took: 0.0029610 seconds
44.942: Application time: 0.0795340 seconds
44.944: [GC [PSYoungGen: 91568K->6624K(97280K)] 96201K->11265K(318976K), 0.0018700 secs] [Times: user=0.01 sys=0.00, real=0.00 secs] 
44.946: Total time for which application threads were stopped: 0.0041500 seconds, Stopping threads took: 0.0022010 seconds
45.026: Application time: 0.0794590 seconds
45.028: [GC [PSYoungGen: 90080K->6304K(97280K)] 94721K->10953K(318976K), 0.0019150 secs] [Times: user=0.02 sys=0.00, real=0.00 secs] 
45.030: Total time for which application threads were stopped: 0.0037850 seconds, Stopping threads took: 0.0017860 seconds
45.112: Application time: 0.0819950 seconds
45.114: [GC [PSYoungGen: 89760K->6224K(97280K)] 94409K->10881K(318976K), 0.0018520 secs] [Times: user=0.01 sys=0.00, real=0.00 secs] 
45.116: Total time for which application threads were stopped: 0.0040530 seconds, Stopping threads took: 0.0021070 seconds
45.197: Application time: 0.0816830 seconds
45.200: [GC [PSYoungGen: 89680K->7072K(97280K)] 94337K->11737K(318976K), 0.0022980 secs] [Times: user=0.02 sys=0.00, real=0.01 secs] 
45.202: Total time for which application threads were stopped: 0.0047060 seconds, Stopping threads took: 0.0023280 seconds
45.281: Application time: 0.0793100 seconds
45.284: [GC [PSYoungGen: 90528K->7680K(97280K)] 95193K->12345K(318976K), 0.0021790 secs] [Times: user=0.02 sys=0.00, real=0.00 secs] 
45.286: Total time for which application threads were stopped: 0.0045120 seconds, Stopping threads took: 0.0022410 seconds
45.364: Application time: 0.0782950 seconds
45.366: [GC [PSYoungGen: 91136K->7152K(97280K)] 95801K->11817K(318976K), 0.0020060 secs] [Times: user=0.01 sys=0.00, real=0.00 secs] 
45.368: Total time for which application threads were stopped: 0.0042800 seconds, Stopping threads took: 0.0021860 seconds
45.447: Application time: 0.0783030 seconds
45.449: [GC [PSYoungGen: 90608K->6128K(97280K)] 95273K->10801K(318976K), 0.0018390 secs] [Times: user=0.01 sys=0.00, real=0.00 secs] 
45.451: Total time for which application threads were stopped: 0.0042340 seconds, Stopping threads took: 0.0023140 seconds
45.532: Application time: 0.0806580 seconds
45.533: [GC [PSYoungGen: 89584K->7232K(97280K)] 94257K->11913K(318976K), 0.0021180 secs] [Times: user=0.01 sys=0.00, real=0.00 secs] 
45.535: Total time for which application threads were stopped: 0.0036140 seconds, Stopping threads took: 0.0014150 seconds
45.613: Application time: 0.0773540 seconds
45.614: [GC [PSYoungGen: 90688K->7104K(97280K)] 95369K->11793K(318976K), 0.0021240 secs] [Times: user=0.01 sys=0.00, real=0.00 secs] 
45.616: Total time for which application threads were stopped: 0.0039280 seconds, Stopping threads took: 0.0017220 seconds
45.697: Application time: 0.0803630 seconds
45.699: [GC [PSYoungGen: 90560K->5728K(97280K)] 95249K->10425K(318976K), 0.0016840 secs] [Times: user=0.02 sys=0.00, real=0.01 secs] 
45.701: Total time for which application threads were stopped: 0.0040480 seconds, Stopping threads took: 0.0022880 seconds
45.781: Application time: 0.0801660 seconds
45.783: [GC [PSYoungGen: 89184K->7152K(97280K)] 93881K->11849K(318976K), 0.0021080 secs] [Times: user=0.02 sys=0.00, real=0.00 secs] 
45.786: Total time for which application threads were stopped: 0.0045580 seconds, Stopping threads took: 0.0023690 seconds
45.865: Application time: 0.0794590 seconds
45.867: [GC [PSYoungGen: 90608K->6112K(97280K)] 95305K->10809K(318976K), 0.0017840 secs] [Times: user=0.01 sys=0.00, real=0.00 secs] 
45.869: Total time for which application threads were stopped: 0.0036490 seconds, Stopping threads took: 0.0017820 seconds
45.947: Application time: 0.0784030 seconds
45.950: [GC [PSYoungGen: 89568K->7152K(97280K)] 94265K->11849K(318976K), 0.0020720 secs] [Times: user=0.01 sys=0.00, real=0.00 secs] 
45.952: Total time for which application threads were stopped: 0.0049470 seconds, Stopping threads took: 0.0027870 seconds
46.032: Application time: 0.0802160 seconds
46.034: [GC [PSYoungGen: 90608K->7840K(97280K)] 95305K->12545K(318976K), 0.0022240 secs] [Times: user=0.02 sys=0.00, real=0.00 secs] 
46.037: Total time for which application threads were stopped: 0.0044030 seconds, Stopping threads took: 0.0021000 seconds
46.117: Application time: 0.0803960 seconds
46.120: [GC [PSYoungGen: 91296K->6000K(97280K)] 96001K->10713K(318976K), 0.0016350 secs] [Times: user=0.01 sys=0.00, real=0.01 secs] 
46.121: Total time for which application threads were stopped: 0.0041440 seconds, Stopping threads took: 0.0024310 seconds
46.200: Application time: 0.0787130 seconds
46.202: [GC [PSYoungGen: 89456K->6032K(97280K)] 94169K->10753K(318976K), 0.0017360 secs] [Times: user=0.02 sys=0.00, real=0.00 secs] 
46.203: Total time for which application threads were stopped: 0.0034240 seconds, Stopping threads took: 0.0016140 seconds
46.282: Application time: 0.0788600 seconds
46.285: [GC [PSYoungGen: 89488K->7472K(97280K)] 94209K->12193K(318976K), 0.0021580 secs] [Times: user=0.01 sys=0.00, real=0.00 secs] 
46.287: Total time for which application threads were stopped: 0.0048750 seconds, Stopping threads took: 0.0026390 seconds
46.363: Application time: 0.0755820 seconds
46.364: [GC [PSYoungGen: 90928K->8128K(97280K)] 95649K->12849K(318976K), 0.0024420 secs] [Times: user=0.02 sys=0.00, real=0.00 secs] 
46.367: Total time for which application threads were stopped: 0.0039080 seconds, Stopping threads took: 0.0013870 seconds
46.446: Application time: 0.0792180 seconds
46.448: [GC [PSYoungGen: 91584K->8288K(97280K)] 96305K->13009K(318976K), 0.0024170 secs] [Times: user=0.02 sys=0.00, real=0.00 secs] 
46.451: Total time for which application threads were stopped: 0.0047710 seconds, Stopping threads took: 0.0022600 seconds
46.532: Application time: 0.0818330 seconds
46.535: [GC [PSYoungGen: 91744K->7776K(97280K)] 96465K->12505K(318976K), 0.0022620 secs] [Times: user=0.02 sys=0.00, real=0.00 secs] 
46.537: Total time for which application threads were stopped: 0.0048000 seconds, Stopping threads took: 0.0024470 seconds
46.614: Application time: 0.0766570 seconds
46.617: [GC [PSYoungGen: 91232K->7504K(97280K)] 95961K->12241K(318976K), 0.0021440 secs] [Times: user=0.01 sys=0.00, real=0.00 secs] 
46.619: Total time for which application threads were stopped: 0.0050870 seconds, Stopping threads took: 0.0028610 seconds
46.697: Application time: 0.0782610 seconds
46.700: [GC [PSYoungGen: 90960K->7072K(97280K)] 95697K->11817K(318976K), 0.0020560 secs] [Times: user=0.01 sys=0.00, real=0.01 secs] 
46.702: Total time for which application threads were stopped: 0.0046210 seconds, Stopping threads took: 0.0024880 seconds
46.781: Application time: 0.0789900 seconds
46.783: [GC [PSYoungGen: 90528K->6688K(97280K)] 95273K->11433K(318976K), 0.0019320 secs] [Times: user=0.01 sys=0.00, real=0.00 secs] 
46.785: Total time for which application threads were stopped: 0.0036890 seconds, Stopping threads took: 0.0016830 seconds
46.869: Application time: 0.0841020 seconds
46.871: [GC [PSYoungGen: 90144K->5824K(97280K)] 94889K->10569K(318976K), 0.0017440 secs] [Times: user=0.01 sys=0.00, real=0.01 secs] 
46.873: Total time for which application threads were stopped: 0.0038250 seconds, Stopping threads took: 0.0020010 seconds
46.947: Application time: 0.0747150 seconds
46.949: [GC [PSYoungGen: 89280K->6208K(97280K)] 94025K->10953K(318976K), 0.0017730 secs] [Times: user=0.01 sys=0.00, real=0.00 secs] 
46.951: Total time for which application threads were stopped: 0.0039210 seconds, Stopping threads took: 0.0020660 seconds
47.026: Application time: 0.0752410 seconds
47.028: [GC [PSYoungGen: 89664K->7360K(97280K)] 94409K->12113K(318976K), 0.0021490 secs] [Times: user=0.01 sys=0.00, real=0.00 secs] 
47.030: Total time for which application threads were stopped: 0.0038540 seconds, Stopping threads took: 0.0016200 seconds
47.105: Application time: 0.0752070 seconds
47.108: [GC [PSYoungGen: 90816K->7072K(97280K)] 95569K->11825K(318976K), 0.0038540 secs] [Times: user=0.03 sys=0.00, real=0.00 secs] 
47.112: Total time for which application threads were stopped: 0.0061260 seconds, Stopping threads took: 0.0021920 seconds
47.186: Application time: 0.0744230 seconds
47.188: [GC [PSYoungGen: 90528K->7552K(97280K)] 95281K->12313K(318976K), 0.0022830 secs] [Times: user=0.01 sys=0.00, real=0.00 secs] 
47.191: Total time for which application threads were stopped: 0.0047080 seconds, Stopping threads took: 0.0023430 seconds
47.265: Application time: 0.0747410 seconds
47.268: [GC [PSYoungGen: 91008K->7152K(97280K)] 95769K->11913K(318976K), 0.0021270 secs] [Times: user=0.01 sys=0.00, real=0.00 secs] 
47.270: Total time for which application threads were stopped: 0.0047280 seconds, Stopping threads took: 0.0025230 seconds
47.342: Application time: 0.0713530 seconds
47.344: [GC [PSYoungGen: 90608K->7520K(97280K)] 95369K->12281K(318976K), 0.0020160 secs] [Times: user=0.02 sys=0.00, real=0.00 secs] 
47.346: Total time for which application threads were stopped: 0.0039920 seconds, Stopping threads took: 0.0018840 seconds
47.419: Application time: 0.0738160 seconds
47.421: [GC [PSYoungGen: 90976K->6752K(97280K)] 95737K->11513K(318976K), 0.0018940 secs] [Times: user=0.01 sys=0.00, real=0.00 secs] 
47.423: Total time for which application threads were stopped: 0.0037560 seconds, Stopping threads took: 0.0017900 seconds
47.497: Application time: 0.0739490 seconds
47.500: [GC [PSYoungGen: 90208K->6640K(97280K)] 94969K->11409K(318976K), 0.0019230 secs] [Times: user=0.01 sys=0.00, real=0.01 secs] 
47.502: Total time for which application threads were stopped: 0.0046980 seconds, Stopping threads took: 0.0026890 seconds
47.576: Application time: 0.0740510 seconds
47.578: [GC [PSYoungGen: 90096K->8256K(97280K)] 94865K->13033K(318976K), 0.0023650 secs] [Times: user=0.02 sys=0.00, real=0.00 secs] 
47.580: Total time for which application threads were stopped: 0.0040680 seconds, Stopping threads took: 0.0016240 seconds
47.654: Application time: 0.0739040 seconds
47.656: [GC [PSYoungGen: 91712K->6992K(97280K)] 96489K->11777K(318976K), 0.0020910 secs] [Times: user=0.01 sys=0.00, real=0.00 secs] 
47.658: Total time for which application threads were stopped: 0.0042700 seconds, Stopping threads took: 0.0021050 seconds
47.732: Application time: 0.0742220 seconds
47.734: [GC [PSYoungGen: 90448K->5776K(97280K)] 95233K->10569K(318976K), 0.0016820 secs] [Times: user=0.00 sys=0.00, real=0.00 secs] 
47.736: Total time for which application threads were stopped: 0.0032180 seconds, Stopping threads took: 0.0014680 seconds
47.808: Application time: 0.0728730 seconds
47.811: [GC [PSYoungGen: 89232K->8144K(97280K)] 94025K->12937K(318976K), 0.0022100 secs] [Times: user=0.01 sys=0.00, real=0.01 secs] 
47.814: Total time for which application threads were stopped: 0.0051080 seconds, Stopping threads took: 0.0028230 seconds
47.886: Application time: 0.0725900 seconds
47.888: [GC [PSYoungGen: 91600K->7184K(97280K)] 96393K->11977K(318976K), 0.0020450 secs] [Times: user=0.01 sys=0.00, real=0.00 secs] 
47.890: Total time for which application threads were stopped: 0.0038860 seconds, Stopping threads took: 0.0017600 seconds
47.964: Application time: 0.0741910 seconds
47.966: [GC [PSYoungGen: 90640K->6752K(97280K)] 95433K->11553K(318976K), 0.0019250 secs] [Times: user=0.01 sys=0.00, real=0.00 secs] 
47.968: Total time for which application threads were stopped: 0.0039430 seconds, Stopping threads took: 0.0019370 seconds
48.043: Application time: 0.0751320 seconds
48.045: [GC [PSYoungGen: 90208K->6208K(97280K)] 95009K->11017K(318976K), 0.0018460 secs] [Times: user=0.01 sys=0.00, real=0.00 secs] 
48.047: Total time for which application threads were stopped: 0.0037010 seconds, Stopping threads took: 0.0017740 seconds
48.122: Application time: 0.0747520 seconds
48.124: [GC [PSYoungGen: 89664K->6784K(97280K)] 94473K->11601K(318976K), 0.0018970 secs] [Times: user=0.01 sys=0.00, real=0.00 secs] 
48.126: Total time for which application threads were stopped: 0.0043530 seconds, Stopping threads took: 0.0023840 seconds
48.202: Application time: 0.0754490 seconds
48.204: [GC [PSYoungGen: 90240K->6576K(97280K)] 95057K->11401K(318976K), 0.0018350 secs] [Times: user=0.01 sys=0.00, real=0.00 secs] 
48.206: Total time for which application threads were stopped: 0.0041970 seconds, Stopping threads took: 0.0022850 seconds
48.281: Application time: 0.0748910 seconds
48.283: [GC [PSYoungGen: 90032K->6672K(97280K)] 94857K->11497K(318976K), 0.0019380 secs] [Times: user=0.01 sys=0.00, real=0.00 secs] 
48.284: Total time for which application threads were stopped: 0.0038570 seconds, Stopping threads took: 0.0018410 seconds
48.359: Application time: 0.0747480 seconds
48.362: [GC [PSYoungGen: 90128K->7776K(97280K)] 94953K->12601K(318976K), 0.0021820 secs] [Times: user=0.02 sys=0.00, real=0.00 secs] 
48.364: Total time for which application threads were stopped: 0.0047870 seconds, Stopping threads took: 0.0025250 seconds
48.438: Application time: 0.0738880 seconds
48.439: [GC [PSYoungGen: 91232K->6400K(97280K)] 96057K->11225K(318976K), 0.0018510 secs] [Times: user=0.01 sys=0.00, real=0.01 secs] 
48.441: Total time for which application threads were stopped: 0.0034370 seconds, Stopping threads took: 0.0015170 seconds
48.517: Application time: 0.0756780 seconds
48.518: [GC [PSYoungGen: 89856K->6864K(97280K)] 94681K->11705K(318976K), 0.0019560 secs] [Times: user=0.02 sys=0.00, real=0.00 secs] 
48.520: Total time for which application threads were stopped: 0.0032970 seconds, Stopping threads took: 0.0012600 seconds
48.595: Application time: 0.0746820 seconds
48.598: [GC [PSYoungGen: 90320K->6752K(97280K)] 95161K->11601K(318976K), 0.0019140 secs] [Times: user=0.01 sys=0.00, real=0.00 secs] 
48.600: Total time for which application threads were stopped: 0.0047720 seconds, Stopping threads took: 0.0027760 seconds
48.676: Application time: 0.0763960 seconds
48.678: [GC [PSYoungGen: 90208K->7632K(97280K)] 95057K->12489K(318976K), 0.0021350 secs] [Times: user=0.01 sys=0.00, real=0.00 secs] 
48.680: Total time for which application threads were stopped: 0.0035520 seconds, Stopping threads took: 0.0013360 seconds
48.755: Application time: 0.0754560 seconds
48.758: [GC [PSYoungGen: 91088K->8176K(97280K)] 95945K->13033K(318976K), 0.0023040 secs] [Times: user=0.02 sys=0.00, real=0.01 secs] 
48.761: Total time for which application threads were stopped: 0.0053240 seconds, Stopping threads took: 0.0029390 seconds
48.833: Application time: 0.0726810 seconds
48.835: [GC [PSYoungGen: 91632K->7552K(97280K)] 96489K->12409K(318976K), 0.0021340 secs] [Times: user=0.01 sys=0.00, real=0.00 secs] 
48.838: Total time for which application threads were stopped: 0.0043300 seconds, Stopping threads took: 0.0021150 seconds
48.911: Application time: 0.0738030 seconds
48.913: [GC [PSYoungGen: 91008K->5760K(97280K)] 95865K->10617K(318976K), 0.0016510 secs] [Times: user=0.01 sys=0.00, real=0.00 secs] 
48.915: Total time for which application threads were stopped: 0.0037040 seconds, Stopping threads took: 0.0019790 seconds
48.987: Application time: 0.0716900 seconds
48.990: [GC [PSYoungGen: 89216K->8304K(97280K)] 94073K->13169K(318976K), 0.0024960 secs] [Times: user=0.01 sys=0.00, real=0.00 secs] 
48.992: Total time for which application threads were stopped: 0.0053810 seconds, Stopping threads took: 0.0028010 seconds
49.066: Application time: 0.0733880 seconds
49.067: [GC [PSYoungGen: 91760K->7968K(97280K)] 96625K->12849K(318976K), 0.0025530 secs] [Times: user=0.01 sys=0.00, real=0.00 secs] 
49.070: Total time for which application threads were stopped: 0.0044060 seconds, Stopping threads took: 0.0017750 seconds
49.146: Application time: 0.0758080 seconds
49.148: [GC [PSYoungGen: 91424K->7744K(97280K)] 96305K->12633K(318976K), 0.0022830 secs] [Times: user=0.01 sys=0.00, real=0.00 secs] 
49.151: Total time for which application threads were stopped: 0.0049500 seconds, Stopping threads took: 0.0025770 seconds
49.224: Application time: 0.0730400 seconds
49.225: [GC [PSYoungGen: 91200K->7184K(97280K)] 96089K->12081K(318976K), 0.0020440 secs] [Times: user=0.01 sys=0.00, real=0.00 secs] 
49.228: Total time for which application threads were stopped: 0.0038590 seconds, Stopping threads took: 0.0017290 seconds
49.302: Application time: 0.0748100 seconds
49.305: [GC [PSYoungGen: 90640K->7616K(97280K)] 95537K->12513K(318976K), 0.0021880 secs] [Times: user=0.01 sys=0.00, real=0.00 secs] 
49.307: Total time for which application threads were stopped: 0.0048430 seconds, Stopping threads took: 0.0025750 seconds
49.380: Application time: 0.0727890 seconds
49.382: [GC [PSYoungGen: 91072K->6384K(97280K)] 95969K->11281K(318976K), 0.0018190 secs] [Times: user=0.02 sys=0.00, real=0.00 secs] 
49.384: Total time for which application threads were stopped: 0.0037130 seconds, Stopping threads took: 0.0018230 seconds
49.460: Application time: 0.0757590 seconds
49.462: [GC [PSYoungGen: 89840K->7504K(97280K)] 94737K->12409K(318976K), 0.0023280 secs] [Times: user=0.02 sys=0.00, real=0.00 secs] 
49.464: Total time for which application threads were stopped: 0.0046180 seconds, Stopping threads took: 0.0021860 seconds
49.537: Application time: 0.0726930 seconds
49.539: [GC [PSYoungGen: 90960K->7968K(97280K)] 95865K->12881K(318976K), 0.0022140 secs] [Times: user=0.01 sys=0.01, real=0.01 secs] 
49.541: Total time for which application threads were stopped: 0.0043370 seconds, Stopping threads took: 0.0020450 seconds
49.614: Application time: 0.0723660 seconds
49.616: [GC [PSYoungGen: 91424K->7360K(97280K)] 96337K->12281K(318976K), 0.0021730 secs] [Times: user=0.01 sys=0.00, real=0.00 secs] 
49.618: Total time for which application threads were stopped: 0.0048100 seconds, Stopping threads took: 0.0025520 seconds
49.693: Application time: 0.0742190 seconds
49.695: [GC [PSYoungGen: 90816K->7360K(97280K)] 95737K->12289K(318976K), 0.0021250 secs] [Times: user=0.01 sys=0.00, real=0.00 secs] 
49.698: Total time for which application threads were stopped: 0.0049900 seconds, Stopping threads took: 0.0027800 seconds
49.774: Application time: 0.0761170 seconds
49.776: [GC [PSYoungGen: 90816K->6160K(97280K)] 95745K->11089K(318976K), 0.0017990 secs] [Times: user=0.01 sys=0.00, real=0.00 secs] 
49.778: Total time for which application threads were stopped: 0.0042860 seconds, Stopping threads took: 0.0024120 seconds
49.851: Application time: 0.0732590 seconds
49.852: [GC [PSYoungGen: 89616K->7504K(97280K)] 94545K->12433K(318976K), 0.0021650 secs] [Times: user=0.02 sys=0.00, real=0.01 secs] 
49.854: Total time for which application threads were stopped: 0.0032450 seconds, Stopping threads took: 0.0010010 seconds
49.930: Application time: 0.0753470 seconds
49.932: [GC [PSYoungGen: 90960K->6672K(97280K)] 95889K->11609K(318976K), 0.0018440 secs] [Times: user=0.01 sys=0.00, real=0.01 secs] 
49.934: Total time for which application threads were stopped: 0.0037900 seconds, Stopping threads took: 0.0018670 seconds
50.008: Application time: 0.0746300 seconds
50.013: [GC [PSYoungGen: 90128K->7568K(97280K)] 95065K->12521K(318976K), 0.0023080 secs] [Times: user=0.02 sys=0.00, real=0.00 secs] 
50.015: Total time for which application threads were stopped: 0.0066320 seconds, Stopping threads took: 0.0042190 seconds
50.089: Application time: 0.0742600 seconds
50.091: [GC [PSYoungGen: 91024K->5248K(97280K)] 95977K->10209K(318976K), 0.0014960 secs] [Times: user=0.01 sys=0.00, real=0.00 secs] 
50.092: Total time for which application threads were stopped: 0.0030810 seconds, Stopping threads took: 0.0015190 seconds
50.165: Application time: 0.0725410 seconds
50.167: [GC [PSYoungGen: 88704K->7072K(97280K)] 93665K->12049K(318976K), 0.0020620 secs] [Times: user=0.02 sys=0.00, real=0.00 secs] 
50.169: Total time for which application threads were stopped: 0.0045020 seconds, Stopping threads took: 0.0023570 seconds
50.240: Application time: 0.0710130 seconds
50.242: [GC [PSYoungGen: 90528K->7264K(97280K)] 95505K->12241K(318976K), 0.0020720 secs] [Times: user=0.02 sys=0.00, real=0.00 secs] 
50.244: Total time for which application threads were stopped: 0.0039740 seconds, Stopping threads took: 0.0017960 seconds
50.317: Application time: 0.0722600 seconds
50.319: [GC [PSYoungGen: 90720K->7456K(97280K)] 95697K->12433K(318976K), 0.0021770 secs] [Times: user=0.02 sys=0.00, real=0.01 secs] 
50.322: Total time for which application threads were stopped: 0.0051230 seconds, Stopping threads took: 0.0028660 seconds
50.396: Application time: 0.0740480 seconds
50.398: [GC [PSYoungGen: 90912K->7600K(97280K)] 95889K->12585K(318976K), 0.0021240 secs] [Times: user=0.00 sys=0.00, real=0.01 secs] 
50.400: Total time for which application threads were stopped: 0.0046980 seconds, Stopping threads took: 0.0024900 seconds
50.474: Application time: 0.0735870 seconds
50.475: [GC [PSYoungGen: 91056K->7568K(97280K)] 96041K->12569K(318976K), 0.0022720 secs] [Times: user=0.01 sys=0.00, real=0.00 secs] 
50.478: Total time for which application threads were stopped: 0.0037550 seconds, Stopping threads took: 0.0014020 seconds
50.552: Application time: 0.0746580 seconds
50.555: [GC [PSYoungGen: 91024K->7408K(97280K)] 96025K->12417K(318976K), 0.0021510 secs] [Times: user=0.02 sys=0.00, real=0.00 secs] 
50.557: Total time for which application threads were stopped: 0.0045440 seconds, Stopping threads took: 0.0023150 seconds
50.631: Application time: 0.0743650 seconds
50.634: [GC [PSYoungGen: 90864K->7888K(97280K)] 95873K->12897K(318976K), 0.0022610 secs] [Times: user=0.01 sys=0.00, real=0.00 secs] 
50.636: Total time for which application threads were stopped: 0.0046450 seconds, Stopping threads took: 0.0023070 seconds
50.711: Application time: 0.0750400 seconds
50.713: [GC [PSYoungGen: 91344K->7104K(97280K)] 96353K->12121K(318976K), 0.0020540 secs] [Times: user=0.02 sys=0.00, real=0.00 secs] 
50.715: Total time for which application threads were stopped: 0.0041970 seconds, Stopping threads took: 0.0020670 seconds
50.790: Application time: 0.0746760 seconds
50.792: [GC [PSYoungGen: 90560K->6736K(97280K)] 95577K->11753K(318976K), 0.0018010 secs] [Times: user=0.01 sys=0.00, real=0.01 secs] 
50.794: Total time for which application threads were stopped: 0.0037310 seconds, Stopping threads took: 0.0018520 seconds
50.867: Application time: 0.0736480 seconds
50.869: [GC [PSYoungGen: 90192K->8112K(97280K)] 95209K->13137K(318976K), 0.0023780 secs] [Times: user=0.02 sys=0.00, real=0.00 secs] 
50.872: Total time for which application threads were stopped: 0.0045370 seconds, Stopping threads took: 0.0020810 seconds
50.951: Application time: 0.0796900 seconds
50.955: [GC [PSYoungGen: 91568K->6880K(97280K)] 96593K->11913K(318976K), 0.0020570 secs] [Times: user=0.01 sys=0.00, real=0.00 secs] 
50.957: Total time for which application threads were stopped: 0.0051610 seconds, Stopping threads took: 0.0030230 seconds
51.035: Application time: 0.0787970 seconds
51.037: [GC [PSYoungGen: 90336K->6240K(97280K)] 95369K->11289K(318976K), 0.0017970 secs] [Times: user=0.01 sys=0.00, real=0.00 secs] 
51.039: Total time for which application threads were stopped: 0.0035390 seconds, Stopping threads took: 0.0016590 seconds
51.119: Application time: 0.0800740 seconds
51.121: [GC [PSYoungGen: 89696K->7584K(97280K)] 94745K->12649K(318976K), 0.0021540 secs] [Times: user=0.01 sys=0.00, real=0.00 secs] 
51.123: Total time for which application threads were stopped: 0.0036200 seconds, Stopping threads took: 0.0013830 seconds
51.201: Application time: 0.0786360 seconds
51.203: [GC [PSYoungGen: 91040K->6944K(97280K)] 96105K->12017K(318976K), 0.0019780 secs] [Times: user=0.01 sys=0.00, real=0.00 secs] 
51.205: Total time for which application threads were stopped: 0.0040560 seconds, Stopping threads took: 0.0020020 seconds
51.282: Application time: 0.0763710 seconds
51.283: [GC [PSYoungGen: 90400K->7440K(97280K)] 95473K->12513K(318976K), 0.0021840 secs] [Times: user=0.01 sys=0.00, real=0.00 secs] 
51.286: Total time for which application threads were stopped: 0.0038050 seconds, Stopping threads took: 0.0015400 seconds
51.365: Application time: 0.0795280 seconds
51.369: [GC [PSYoungGen: 90896K->7904K(97280K)] 95969K->12977K(318976K), 0.0023640 secs] [Times: user=0.01 sys=0.00, real=0.00 secs] 
51.371: Total time for which application threads were stopped: 0.0058110 seconds, Stopping threads took: 0.0033490 seconds
51.450: Application time: 0.0786070 seconds
51.452: [GC [PSYoungGen: 91360K->8288K(97280K)] 96433K->13377K(318976K), 0.0023820 secs] [Times: user=0.01 sys=0.00, real=0.01 secs] 
51.454: Total time for which application threads were stopped: 0.0049430 seconds, Stopping threads took: 0.0024720 seconds
51.534: Application time: 0.0795270 seconds
51.535: [GC [PSYoungGen: 91744K->6016K(97280K)] 96833K->11113K(318976K), 0.0017360 secs] [Times: user=0.02 sys=0.00, real=0.00 secs] 
51.537: Total time for which application threads were stopped: 0.0031890 seconds, Stopping threads took: 0.0013690 seconds
51.614: Application time: 0.0766170 seconds
51.616: [GC [PSYoungGen: 89472K->7296K(97280K)] 94569K->12401K(318976K), 0.0022260 secs] [Times: user=0.02 sys=0.00, real=0.00 secs] 
51.618: Total time for which application threads were stopped: 0.0041010 seconds, Stopping threads took: 0.0017860 seconds
51.696: Application time: 0.0780590 seconds
51.698: [GC [PSYoungGen: 90752K->6592K(97280K)] 95857K->11705K(318976K), 0.0019370 secs] [Times: user=0.01 sys=0.00, real=0.01 secs] 
51.700: Total time for which application threads were stopped: 0.0044050 seconds, Stopping threads took: 0.0023900 seconds
51.779: Application time: 0.0784590 seconds
51.781: [GC [PSYoungGen: 90048K->6944K(97280K)] 95161K->12057K(318976K), 0.0020420 secs] [Times: user=0.02 sys=0.00, real=0.00 secs] 
51.783: Total time for which application threads were stopped: 0.0040500 seconds, Stopping threads took: 0.0019300 seconds
51.861: Application time: 0.0785280 seconds
51.864: [GC [PSYoungGen: 90400K->7248K(97280K)] 95513K->12361K(318976K), 0.0020440 secs] [Times: user=0.01 sys=0.00, real=0.00 secs] 
51.866: Total time for which application threads were stopped: 0.0050430 seconds, Stopping threads took: 0.0029130 seconds
51.945: Application time: 0.0782640 seconds
51.947: [GC [PSYoungGen: 90704K->6928K(97280K)] 95817K->12049K(318976K), 0.0020210 secs] [Times: user=0.01 sys=0.00, real=0.00 secs] 
51.949: Total time for which application threads were stopped: 0.0040760 seconds, Stopping threads took: 0.0019680 seconds
52.027: Application time: 0.0785760 seconds
52.030: [GC [PSYoungGen: 90384K->6992K(97280K)] 95505K->12113K(318976K), 0.0020390 secs] [Times: user=0.02 sys=0.00, real=0.01 secs] 
52.033: Total time for which application threads were stopped: 0.0051280 seconds, Stopping threads took: 0.0030160 seconds
52.112: Application time: 0.0797770 seconds
52.114: [GC [PSYoungGen: 90448K->5872K(97280K)] 95569K->11001K(318976K), 0.0017220 secs] [Times: user=0.02 sys=0.00, real=0.00 secs] 
52.116: Total time for which application threads were stopped: 0.0032370 seconds, Stopping threads took: 0.0014430 seconds
52.196: Application time: 0.0801770 seconds
52.198: [GC [PSYoungGen: 89328K->7616K(97280K)] 94457K->12745K(318976K), 0.0021290 secs] [Times: user=0.01 sys=0.00, real=0.01 secs] 
52.201: Total time for which application threads were stopped: 0.0048410 seconds, Stopping threads took: 0.0026370 seconds
52.280: Application time: 0.0794660 seconds
52.282: [GC [PSYoungGen: 91072K->7344K(97280K)] 96201K->12481K(318976K), 0.0021410 secs] [Times: user=0.01 sys=0.00, real=0.00 secs] 
52.284: Total time for which application threads were stopped: 0.0043620 seconds, Stopping threads took: 0.0021340 seconds
52.363: Application time: 0.0783100 seconds
52.365: [GC [PSYoungGen: 90800K->7072K(97280K)] 95937K->12209K(318976K), 0.0020230 secs] [Times: user=0.02 sys=0.01, real=0.00 secs] 
52.367: Total time for which application threads were stopped: 0.0047260 seconds, Stopping threads took: 0.0026260 seconds
52.445: Application time: 0.0773720 seconds
52.447: [GC [PSYoungGen: 90528K->8096K(97280K)] 95665K->13241K(318976K), 0.0023420 secs] [Times: user=0.02 sys=0.00, real=0.00 secs] 
52.449: Total time for which application threads were stopped: 0.0040770 seconds, Stopping threads took: 0.0016510 seconds
52.527: Application time: 0.0779810 seconds
52.529: [GC [PSYoungGen: 91552K->6672K(97280K)] 96697K->11825K(318976K), 0.0019160 secs] [Times: user=0.01 sys=0.00, real=0.00 secs] 
52.531: Total time for which application threads were stopped: 0.0040890 seconds, Stopping threads took: 0.0020900 seconds
52.610: Application time: 0.0788680 seconds
52.611: [GC [PSYoungGen: 90128K->6640K(97280K)] 95281K->11809K(318976K), 0.0019800 secs] [Times: user=0.01 sys=0.00, real=0.01 secs] 
52.613: Total time for which application threads were stopped: 0.0029120 seconds, Stopping threads took: 0.0008540 seconds
52.692: Application time: 0.0793450 seconds
52.694: [GC [PSYoungGen: 90096K->7136K(97280K)] 95265K->12305K(318976K), 0.0020470 secs] [Times: user=0.02 sys=0.00, real=0.00 secs] 
52.696: Total time for which application threads were stopped: 0.0043430 seconds, Stopping threads took: 0.0022140 seconds
52.775: Application time: 0.0787940 seconds
52.777: [GC [PSYoungGen: 90592K->7184K(97280K)] 95761K->12361K(318976K), 0.0021110 secs] [Times: user=0.01 sys=0.00, real=0.00 secs] 
52.780: Total time for which application threads were stopped: 0.0043150 seconds, Stopping threads took: 0.0021230 seconds
52.858: Application time: 0.0786630 seconds
52.860: [GC [PSYoungGen: 90640K->8368K(97280K)] 95817K->13545K(318976K), 0.0025000 secs] [Times: user=0.02 sys=0.00, real=0.01 secs] 
52.863: Total time for which application threads were stopped: 0.0043290 seconds, Stopping threads took: 0.0017440 seconds
52.941: Application time: 0.0780590 seconds
52.943: [GC [PSYoungGen: 91824K->7216K(97280K)] 97001K->12401K(318976K), 0.0021300 secs] [Times: user=0.02 sys=0.00, real=0.00 secs] 
52.945: Total time for which application threads were stopped: 0.0043600 seconds, Stopping threads took: 0.0021460 seconds
53.024: Application time: 0.0787490 seconds
53.026: [GC [PSYoungGen: 90672K->6816K(97280K)] 95857K->12009K(318976K), 0.0020370 secs] [Times: user=0.01 sys=0.00, real=0.00 secs] 
53.028: Total time for which application threads were stopped: 0.0041980 seconds, Stopping threads took: 0.0020830 seconds
53.107: Application time: 0.0791600 seconds
53.109: [GC [PSYoungGen: 90272K->7472K(97280K)] 95465K->12673K(318976K), 0.0024070 secs] [Times: user=0.01 sys=0.00, real=0.00 secs] 
53.112: Total time for which application threads were stopped: 0.0045490 seconds, Stopping threads took: 0.0020240 seconds
53.189: Application time: 0.0774650 seconds
53.192: [GC [PSYoungGen: 90928K->8192K(97280K)] 96129K->13393K(318976K), 0.0023990 secs] [Times: user=0.02 sys=0.00, real=0.01 secs] 
53.194: Total time for which application threads were stopped: 0.0051850 seconds, Stopping threads took: 0.0027040 seconds
53.273: Application time: 0.0786170 seconds
53.275: [GC [PSYoungGen: 91648K->7520K(97280K)] 96849K->12729K(318976K), 0.0020840 secs] [Times: user=0.01 sys=0.00, real=0.00 secs] 
53.277: Total time for which application threads were stopped: 0.0039930 seconds, Stopping threads took: 0.0018250 seconds
53.357: Application time: 0.0799000 seconds
53.359: [GC [PSYoungGen: 90976K->6208K(97280K)] 96185K->11417K(318976K), 0.0018220 secs] [Times: user=0.01 sys=0.00, real=0.01 secs] 
53.361: Total time for which application threads were stopped: 0.0039730 seconds, Stopping threads took: 0.0020730 seconds
53.438: Application time: 0.0774480 seconds
53.441: [GC [PSYoungGen: 89664K->8048K(97280K)] 94873K->13273K(318976K), 0.0023200 secs] [Times: user=0.01 sys=0.00, real=0.00 secs] 
53.443: Total time for which application threads were stopped: 0.0046320 seconds, Stopping threads took: 0.0022270 seconds
53.522: Application time: 0.0795300 seconds
53.524: [GC [PSYoungGen: 91504K->5600K(97280K)] 96729K->10833K(318976K), 0.0016220 secs] [Times: user=0.01 sys=0.00, real=0.00 secs] 
53.526: Total time for which application threads were stopped: 0.0036300 seconds, Stopping threads took: 0.0019240 seconds
53.604: Application time: 0.0780910 seconds
53.606: [GC [PSYoungGen: 89056K->5408K(97280K)] 94289K->10649K(318976K), 0.0016260 secs] [Times: user=0.01 sys=0.00, real=0.00 secs] 
53.607: Total time for which application threads were stopped: 0.0030300 seconds, Stopping threads took: 0.0013350 seconds
53.687: Application time: 0.0798310 seconds
53.690: [GC [PSYoungGen: 88864K->6592K(97280K)] 94105K->11841K(318976K), 0.0018750 secs] [Times: user=0.02 sys=0.00, real=0.00 secs] 
53.692: Total time for which application threads were stopped: 0.0049250 seconds, Stopping threads took: 0.0029590 seconds
53.771: Application time: 0.0794930 seconds
53.774: [GC [PSYoungGen: 90048K->6112K(97280K)] 95297K->11369K(318976K), 0.0018370 secs] [Times: user=0.01 sys=0.00, real=0.00 secs] 
53.776: Total time for which application threads were stopped: 0.0043080 seconds, Stopping threads took: 0.0023960 seconds
53.856: Application time: 0.0798430 seconds
53.858: [GC [PSYoungGen: 89568K->6912K(97280K)] 94825K->12169K(318976K), 0.0020390 secs] [Times: user=0.02 sys=0.00, real=0.00 secs] 
53.860: Total time for which application threads were stopped: 0.0043550 seconds, Stopping threads took: 0.0022310 seconds
53.940: Application time: 0.0804470 seconds
53.943: [GC [PSYoungGen: 90368K->7104K(97280K)] 95625K->12361K(318976K), 0.0022170 secs] [Times: user=0.02 sys=0.00, real=0.00 secs] 
53.946: Total time for which application threads were stopped: 0.0052340 seconds, Stopping threads took: 0.0029150 seconds
54.027: Application time: 0.0812920 seconds
54.028: [GC [PSYoungGen: 90560K->6752K(97280K)] 95817K->12017K(318976K), 0.0020270 secs] [Times: user=0.01 sys=0.00, real=0.00 secs] 
54.030: Total time for which application threads were stopped: 0.0034800 seconds, Stopping threads took: 0.0013700 seconds
54.110: Application time: 0.0799680 seconds
54.112: [GC [PSYoungGen: 90208K->7104K(97280K)] 95473K->12377K(318976K), 0.0020190 secs] [Times: user=0.01 sys=0.00, real=0.01 secs] 
54.114: Total time for which application threads were stopped: 0.0040530 seconds, Stopping threads took: 0.0019550 seconds
54.194: Application time: 0.0791730 seconds
54.196: [GC [PSYoungGen: 90560K->7040K(97280K)] 95833K->12337K(318976K), 0.0020360 secs] [Times: user=0.01 sys=0.00, real=0.00 secs] 
54.198: Total time for which application threads were stopped: 0.0047520 seconds, Stopping threads took: 0.0026250 seconds
54.278: Application time: 0.0800600 seconds
54.280: [GC [PSYoungGen: 90496K->7888K(97280K)] 95793K->13193K(318976K), 0.0022690 secs] [Times: user=0.02 sys=0.00, real=0.01 secs] 
54.283: Total time for which application threads were stopped: 0.0040840 seconds, Stopping threads took: 0.0017330 seconds
54.362: Application time: 0.0798600 seconds
54.365: [GC [PSYoungGen: 91344K->5424K(97280K)] 96649K->10729K(318976K), 0.0015460 secs] [Times: user=0.01 sys=0.00, real=0.00 secs] 
54.366: Total time for which application threads were stopped: 0.0037870 seconds, Stopping threads took: 0.0021750 seconds
54.444: Application time: 0.0776530 seconds
54.446: [GC [PSYoungGen: 88880K->7824K(97280K)] 94185K->13129K(318976K), 0.0020870 secs] [Times: user=0.02 sys=0.00, real=0.00 secs] 
54.448: Total time for which application threads were stopped: 0.0043480 seconds, Stopping threads took: 0.0021810 seconds
54.527: Application time: 0.0788140 seconds
54.529: [GC [PSYoungGen: 91280K->7104K(97280K)] 96585K->12417K(318976K), 0.0020530 secs] [Times: user=0.01 sys=0.00, real=0.00 secs] 
54.531: Total time for which application threads were stopped: 0.0044900 seconds, Stopping threads took: 0.0023410 seconds
54.610: Application time: 0.0785210 seconds
54.613: [GC [PSYoungGen: 90560K->7440K(97280K)] 95873K->12753K(318976K), 0.0021300 secs] [Times: user=0.01 sys=0.00, real=0.00 secs] 
54.615: Total time for which application threads were stopped: 0.0050930 seconds, Stopping threads took: 0.0028840 seconds
54.694: Application time: 0.0789150 seconds
54.697: [GC [PSYoungGen: 90896K->7888K(97280K)] 96209K->13209K(318976K), 0.0023230 secs] [Times: user=0.01 sys=0.00, real=0.00 secs] 
54.699: Total time for which application threads were stopped: 0.0053300 seconds, Stopping threads took: 0.0029130 seconds
54.777: Application time: 0.0781520 seconds
54.781: [GC [PSYoungGen: 91344K->7152K(97280K)] 96665K->12481K(318976K), 0.0023730 secs] [Times: user=0.01 sys=0.00, real=0.00 secs] 
54.783: Total time for which application threads were stopped: 0.0055550 seconds, Stopping threads took: 0.0031000 seconds
54.861: Application time: 0.0781550 seconds
54.863: [GC [PSYoungGen: 90608K->6608K(97280K)] 95937K->11937K(318976K), 0.0020730 secs] [Times: user=0.01 sys=0.00, real=0.00 secs] 
54.866: Total time for which application threads were stopped: 0.0043080 seconds, Stopping threads took: 0.0021540 seconds
54.941: Application time: 0.0751250 seconds
54.942: [GC [PSYoungGen: 90064K->6560K(97280K)] 95393K->11889K(318976K), 0.0018850 secs] [Times: user=0.01 sys=0.00, real=0.00 secs] 
54.944: Total time for which application threads were stopped: 0.0034060 seconds, Stopping threads took: 0.0014470 seconds
55.018: Application time: 0.0737630 seconds
55.021: [GC [PSYoungGen: 90016K->7440K(97280K)] 95345K->12777K(318976K), 0.0021250 secs] [Times: user=0.01 sys=0.00, real=0.00 secs] 
55.023: Total time for which application threads were stopped: 0.0050620 seconds, Stopping threads took: 0.0028550 seconds
55.097: Application time: 0.0737150 seconds
55.099: [GC [PSYoungGen: 90896K->5968K(97280K)] 96233K->11313K(318976K), 0.0017080 secs] [Times: user=0.01 sys=0.00, real=0.01 secs] 
55.101: Total time for which application threads were stopped: 0.0039740 seconds, Stopping threads took: 0.0021960 seconds
55.174: Application time: 0.0731260 seconds
55.178: [GC [PSYoungGen: 89424K->7584K(97280K)] 94769K->12937K(318976K), 0.0022920 secs] [Times: user=0.01 sys=0.00, real=0.00 secs] 
55.180: Total time for which application threads were stopped: 0.0062210 seconds, Stopping threads took: 0.0038500 seconds
55.254: Application time: 0.0735790 seconds
55.256: [GC [PSYoungGen: 91040K->7184K(97280K)] 96393K->12537K(318976K), 0.0020110 secs] [Times: user=0.01 sys=0.00, real=0.00 secs] 
55.258: Total time for which application threads were stopped: 0.0045060 seconds, Stopping threads took: 0.0024140 seconds
55.330: Application time: 0.0721810 seconds
55.332: [GC [PSYoungGen: 90640K->7520K(97280K)] 95993K->12881K(318976K), 0.0021630 secs] [Times: user=0.02 sys=0.00, real=0.01 secs] 
55.334: Total time for which application threads were stopped: 0.0036610 seconds, Stopping threads took: 0.0014200 seconds
55.409: Application time: 0.0751520 seconds
55.410: [GC [PSYoungGen: 90976K->6176K(97280K)] 96337K->11537K(318976K), 0.0017540 secs] [Times: user=0.02 sys=0.00, real=0.00 secs] 
55.412: Total time for which application threads were stopped: 0.0032730 seconds, Stopping threads took: 0.0014440 seconds
55.486: Application time: 0.0737630 seconds
55.488: [GC [PSYoungGen: 89632K->6064K(97280K)] 94993K->11433K(318976K), 0.0018210 secs] [Times: user=0.01 sys=0.00, real=0.00 secs] 
55.490: Total time for which application threads were stopped: 0.0036120 seconds, Stopping threads took: 0.0017150 seconds
55.565: Application time: 0.0751210 seconds
55.566: [GC [PSYoungGen: 89520K->6384K(97280K)] 94889K->11761K(318976K), 0.0017630 secs] [Times: user=0.01 sys=0.00, real=0.00 secs] 
55.568: Total time for which application threads were stopped: 0.0034770 seconds, Stopping threads took: 0.0016440 seconds
55.642: Application time: 0.0740770 seconds
55.645: [GC [PSYoungGen: 89840K->7776K(97280K)] 95217K->13161K(318976K), 0.0022610 secs] [Times: user=0.02 sys=0.00, real=0.00 secs] 
55.647: Total time for which application threads were stopped: 0.0046110 seconds, Stopping threads took: 0.0022680 seconds
55.720: Application time: 0.0729860 seconds
55.723: [GC [PSYoungGen: 91232K->7456K(97280K)] 96617K->12849K(318976K), 0.0022580 secs] [Times: user=0.01 sys=0.00, real=0.00 secs] 
55.725: Total time for which application threads were stopped: 0.0049880 seconds, Stopping threads took: 0.0026540 seconds
55.799: Application time: 0.0741510 seconds
55.801: [GC [PSYoungGen: 90912K->6864K(97280K)] 96305K->12265K(318976K), 0.0019280 secs] [Times: user=0.02 sys=0.00, real=0.00 secs] 
55.803: Total time for which application threads were stopped: 0.0042980 seconds, Stopping threads took: 0.0022920 seconds
55.877: Application time: 0.0733420 seconds
55.879: [GC [PSYoungGen: 90320K->6272K(97280K)] 95721K->11673K(318976K), 0.0017970 secs] [Times: user=0.01 sys=0.00, real=0.01 secs] 
55.881: Total time for which application threads were stopped: 0.0037970 seconds, Stopping threads took: 0.0019240 seconds
55.956: Application time: 0.0754950 seconds
55.958: [GC [PSYoungGen: 89728K->5776K(97280K)] 95129K->11185K(318976K), 0.0017560 secs] [Times: user=0.01 sys=0.00, real=0.00 secs] 
55.960: Total time for which application threads were stopped: 0.0038080 seconds, Stopping threads took: 0.0019790 seconds
56.035: Application time: 0.0751470 seconds
56.037: [GC [PSYoungGen: 89232K->6656K(97280K)] 94641K->12073K(318976K), 0.0022490 secs] [Times: user=0.02 sys=0.00, real=0.00 secs] 
56.039: Total time for which application threads were stopped: 0.0044380 seconds, Stopping threads took: 0.0021130 seconds
56.114: Application time: 0.0748600 seconds
56.117: [GC [PSYoungGen: 90112K->7280K(97280K)] 95529K->12705K(318976K), 0.0022520 secs] [Times: user=0.01 sys=0.00, real=0.00 secs] 
56.119: Total time for which application threads were stopped: 0.0050440 seconds, Stopping threads took: 0.0027140 seconds
56.194: Application time: 0.0745210 seconds
56.196: [GC [PSYoungGen: 90736K->5232K(97280K)] 96161K->10665K(318976K), 0.0016390 secs] [Times: user=0.01 sys=0.00, real=0.00 secs] 
56.197: Total time for which application threads were stopped: 0.0033920 seconds, Stopping threads took: 0.0016810 seconds
56.275: Application time: 0.0773590 seconds
56.277: [GC [PSYoungGen: 88688K->6800K(97280K)] 94121K->12241K(318976K), 0.0018340 secs] [Times: user=0.01 sys=0.00, real=0.00 secs] 
56.279: Total time for which application threads were stopped: 0.0042820 seconds, Stopping threads took: 0.0023720 seconds
56.354: Application time: 0.0750740 seconds
56.356: [GC [PSYoungGen: 90256K->7376K(97280K)] 95697K->12817K(318976K), 0.0020530 secs] [Times: user=0.01 sys=0.00, real=0.00 secs] 
56.358: Total time for which application threads were stopped: 0.0042530 seconds, Stopping threads took: 0.0021190 seconds
56.433: Application time: 0.0752070 seconds
56.435: [GC [PSYoungGen: 90832K->7168K(97280K)] 96273K->12609K(318976K), 0.0020700 secs] [Times: user=0.01 sys=0.00, real=0.00 secs] 
56.437: Total time for which application threads were stopped: 0.0037690 seconds, Stopping threads took: 0.0016160 seconds
56.512: Application time: 0.0744690 seconds
56.515: [GC [PSYoungGen: 90624K->7840K(97280K)] 96065K->13289K(318976K), 0.0023200 secs] [Times: user=0.02 sys=0.00, real=0.00 secs] 
56.517: Total time for which application threads were stopped: 0.0052820 seconds, Stopping threads took: 0.0028900 seconds
56.591: Application time: 0.0740410 seconds
56.592: [GC [PSYoungGen: 91296K->7136K(97280K)] 96745K->12593K(318976K), 0.0020560 secs] [Times: user=0.01 sys=0.00, real=0.01 secs] 
56.594: Total time for which application threads were stopped: 0.0033910 seconds, Stopping threads took: 0.0012540 seconds
56.669: Application time: 0.0747540 seconds
56.672: [GC [PSYoungGen: 90592K->7744K(97280K)] 96049K->13209K(318976K), 0.0021360 secs] [Times: user=0.01 sys=0.00, real=0.01 secs] 
56.674: Total time for which application threads were stopped: 0.0048500 seconds, Stopping threads took: 0.0026370 seconds
56.749: Application time: 0.0750920 seconds
56.752: [GC [PSYoungGen: 91200K->7504K(97280K)] 96665K->12977K(318976K), 0.0021010 secs] [Times: user=0.02 sys=0.00, real=0.00 secs] 
56.755: Total time for which application threads were stopped: 0.0055100 seconds, Stopping threads took: 0.0033340 seconds
56.829: Application time: 0.0748300 seconds
56.832: [GC [PSYoungGen: 90960K->5584K(97280K)] 96433K->11057K(318976K), 0.0016140 secs] [Times: user=0.01 sys=0.00, real=0.01 secs] 
56.833: Total time for which application threads were stopped: 0.0037480 seconds, Stopping threads took: 0.0020610 seconds
56.908: Application time: 0.0746170 seconds
56.910: [GC [PSYoungGen: 89040K->6368K(97280K)] 94513K->11841K(318976K), 0.0018510 secs] [Times: user=0.02 sys=0.00, real=0.00 secs] 
56.911: Total time for which application threads were stopped: 0.0035860 seconds, Stopping threads took: 0.0016510 seconds
56.986: Application time: 0.0750310 seconds
56.989: [GC [PSYoungGen: 89824K->6640K(97280K)] 95297K->12121K(318976K), 0.0021010 secs] [Times: user=0.01 sys=0.00, real=0.00 secs] 
56.991: Total time for which application threads were stopped: 0.0049760 seconds, Stopping threads took: 0.0027710 seconds
57.068: Application time: 0.0767720 seconds
57.070: [GC [PSYoungGen: 90096K->6816K(97280K)] 95577K->12305K(318976K), 0.0019940 secs] [Times: user=0.02 sys=0.00, real=0.00 secs] 
57.072: Total time for which application threads were stopped: 0.0037090 seconds, Stopping threads took: 0.0016390 seconds
57.147: Application time: 0.0753710 seconds
57.150: [GC [PSYoungGen: 90272K->6912K(97280K)] 95761K->12409K(318976K), 0.0020070 secs] [Times: user=0.02 sys=0.00, real=0.00 secs] 
57.152: Total time for which application threads were stopped: 0.0045420 seconds, Stopping threads took: 0.0024590 seconds
57.228: Application time: 0.0758720 seconds
57.230: [GC [PSYoungGen: 90368K->7936K(97280K)] 95865K->13441K(318976K), 0.0022050 secs] [Times: user=0.02 sys=0.00, real=0.00 secs] 
57.232: Total time for which application threads were stopped: 0.0041410 seconds, Stopping threads took: 0.0018500 seconds
57.305: Application time: 0.0726750 seconds
57.307: [GC [PSYoungGen: 91392K->8288K(97280K)] 96897K->13793K(318976K), 0.0023820 secs] [Times: user=0.02 sys=0.00, real=0.00 secs] 
57.309: Total time for which application threads were stopped: 0.0048110 seconds, Stopping threads took: 0.0023540 seconds
57.382: Application time: 0.0726230 seconds
57.385: [GC [PSYoungGen: 91744K->8256K(97280K)] 97249K->13761K(318976K), 0.0022480 secs] [Times: user=0.02 sys=0.00, real=0.00 secs] 
57.387: Total time for which application threads were stopped: 0.0049100 seconds, Stopping threads took: 0.0025800 seconds
57.460: Application time: 0.0736140 seconds
57.462: [GC [PSYoungGen: 91712K->7200K(97280K)] 97217K->12713K(318976K), 0.0021460 secs] [Times: user=0.01 sys=0.00, real=0.00 secs] 
57.464: Total time for which application threads were stopped: 0.0039440 seconds, Stopping threads took: 0.0017110 seconds
57.538: Application time: 0.0736050 seconds
57.540: [GC [PSYoungGen: 90656K->7184K(97280K)] 96169K->12705K(318976K), 0.0020330 secs] [Times: user=0.01 sys=0.00, real=0.01 secs] 
57.542: Total time for which application threads were stopped: 0.0040310 seconds, Stopping threads took: 0.0019160 seconds
57.618: Application time: 0.0755220 seconds
57.620: [GC [PSYoungGen: 90640K->7648K(97280K)] 96161K->13177K(318976K), 0.0022000 secs] [Times: user=0.01 sys=0.00, real=0.01 secs] 
57.622: Total time for which application threads were stopped: 0.0046140 seconds, Stopping threads took: 0.0023330 seconds
57.696: Application time: 0.0733840 seconds
57.698: [GC [PSYoungGen: 91104K->7632K(97280K)] 96633K->13161K(318976K), 0.0021450 secs] [Times: user=0.02 sys=0.00, real=0.00 secs] 
57.700: Total time for which application threads were stopped: 0.0043670 seconds, Stopping threads took: 0.0021380 seconds
57.773: Application time: 0.0730170 seconds
57.775: [GC [PSYoungGen: 91088K->6912K(97280K)] 96617K->12449K(318976K), 0.0018670 secs] [Times: user=0.02 sys=0.00, real=0.00 secs] 
57.777: Total time for which application threads were stopped: 0.0041020 seconds, Stopping threads took: 0.0021590 seconds
57.850: Application time: 0.0726210 seconds
57.852: [GC [PSYoungGen: 90368K->7472K(97280K)] 95905K->13009K(318976K), 0.0021560 secs] [Times: user=0.01 sys=0.00, real=0.01 secs] 
57.854: Total time for which application threads were stopped: 0.0043050 seconds, Stopping threads took: 0.0020690 seconds
57.928: Application time: 0.0734940 seconds
57.929: [GC [PSYoungGen: 90928K->7856K(97280K)] 96465K->13393K(318976K), 0.0022990 secs] [Times: user=0.01 sys=0.00, real=0.00 secs] 
57.932: Total time for which application threads were stopped: 0.0040170 seconds, Stopping threads took: 0.0016380 seconds
58.007: Application time: 0.0751730 seconds
58.010: [GC [PSYoungGen: 91312K->7424K(97280K)] 96849K->12969K(318976K), 0.0021080 secs] [Times: user=0.01 sys=0.00, real=0.00 secs] 
58.012: Total time for which application threads were stopped: 0.0053850 seconds, Stopping threads took: 0.0031900 seconds
58.084: Application time: 0.0721360 seconds
58.086: [GC [PSYoungGen: 90880K->7936K(97280K)] 96425K->13489K(318976K), 0.0022800 secs] [Times: user=0.02 sys=0.00, real=0.00 secs] 
58.088: Total time for which application threads were stopped: 0.0037400 seconds, Stopping threads took: 0.0013760 seconds
58.165: Application time: 0.0771210 seconds
58.166: [GC [PSYoungGen: 91392K->7312K(97280K)] 96945K->12865K(318976K), 0.0021340 secs] [Times: user=0.01 sys=0.00, real=0.00 secs] 
58.169: Total time for which application threads were stopped: 0.0034640 seconds, Stopping threads took: 0.0012490 seconds
58.242: Application time: 0.0731760 seconds
58.244: [GC [PSYoungGen: 90768K->7600K(97280K)] 96321K->13161K(318976K), 0.0022820 secs] [Times: user=0.02 sys=0.00, real=0.00 secs] 
58.246: Total time for which application threads were stopped: 0.0043640 seconds, Stopping threads took: 0.0019790 seconds
58.318: Application time: 0.0722340 seconds
58.320: [GC [PSYoungGen: 91056K->7184K(97280K)] 96617K->12745K(318976K), 0.0019620 secs] [Times: user=0.01 sys=0.00, real=0.01 secs] 
58.322: Total time for which application threads were stopped: 0.0038320 seconds, Stopping threads took: 0.0017960 seconds
58.395: Application time: 0.0731300 seconds
58.397: [GC [PSYoungGen: 90640K->7456K(97280K)] 96201K->13017K(318976K), 0.0021060 secs] [Times: user=0.01 sys=0.00, real=0.00 secs] 
58.400: Total time for which application threads were stopped: 0.0042950 seconds, Stopping threads took: 0.0021140 seconds
58.475: Application time: 0.0753050 seconds
58.477: [GC [PSYoungGen: 90912K->6176K(97280K)] 96473K->11745K(318976K), 0.0016920 secs] [Times: user=0.01 sys=0.00, real=0.00 secs] 
58.478: Total time for which application threads were stopped: 0.0035360 seconds, Stopping threads took: 0.0017740 seconds
58.554: Application time: 0.0753200 seconds
58.556: [GC [PSYoungGen: 89632K->7152K(97280K)] 95201K->12729K(318976K), 0.0020240 secs] [Times: user=0.02 sys=0.00, real=0.00 secs] 
58.558: Total time for which application threads were stopped: 0.0038230 seconds, Stopping threads took: 0.0017180 seconds
58.632: Application time: 0.0743040 seconds
58.634: [GC [PSYoungGen: 90608K->7648K(97280K)] 96185K->13233K(318976K), 0.0022130 secs] [Times: user=0.02 sys=0.00, real=0.00 secs] 
58.636: Total time for which application threads were stopped: 0.0043550 seconds, Stopping threads took: 0.0020640 seconds
58.710: Application time: 0.0737700 seconds
58.713: [GC [PSYoungGen: 91104K->8160K(97280K)] 96689K->13753K(318976K), 0.0023550 secs] [Times: user=0.01 sys=0.00, real=0.00 secs] 
58.715: Total time for which application threads were stopped: 0.0050390 seconds, Stopping threads took: 0.0026050 seconds
58.789: Application time: 0.0735380 seconds
58.791: [GC [PSYoungGen: 91616K->7584K(97280K)] 97209K->13177K(318976K), 0.0021730 secs] [Times: user=0.02 sys=0.00, real=0.01 secs] 
58.793: Total time for which application threads were stopped: 0.0042480 seconds, Stopping threads took: 0.0019940 seconds
58.866: Application time: 0.0733460 seconds
58.868: [GC [PSYoungGen: 91040K->7104K(97280K)] 96633K->12697K(318976K), 0.0020920 secs] [Times: user=0.02 sys=0.00, real=0.00 secs] 
58.870: Total time for which application threads were stopped: 0.0040030 seconds, Stopping threads took: 0.0018080 seconds
58.947: Application time: 0.0769970 seconds
58.950: [GC [PSYoungGen: 90560K->7600K(97280K)] 96153K->13201K(318976K), 0.0022190 secs] [Times: user=0.01 sys=0.00, real=0.00 secs] 
58.952: Total time for which application threads were stopped: 0.0049070 seconds, Stopping threads took: 0.0025890 seconds
59.030: Application time: 0.0783260 seconds
59.032: [GC [PSYoungGen: 91056K->7136K(97280K)] 96657K->12745K(318976K), 0.0021180 secs] [Times: user=0.01 sys=0.00, real=0.01 secs] 
59.034: Total time for which application threads were stopped: 0.0034430 seconds, Stopping threads took: 0.0012460 seconds
59.112: Application time: 0.0784130 seconds
59.114: [GC [PSYoungGen: 90592K->7056K(97280K)] 96201K->12673K(318976K), 0.0019490 secs] [Times: user=0.01 sys=0.00, real=0.00 secs] 
59.116: Total time for which application threads were stopped: 0.0037040 seconds, Stopping threads took: 0.0016660 seconds
59.195: Application time: 0.0793050 seconds
59.198: [GC [PSYoungGen: 90512K->5904K(97280K)] 96129K->11529K(318976K), 0.0018430 secs] [Times: user=0.01 sys=0.00, real=0.00 secs] 
59.200: Total time for which application threads were stopped: 0.0046490 seconds, Stopping threads took: 0.0027350 seconds
59.279: Application time: 0.0788470 seconds
59.282: [GC [PSYoungGen: 89360K->5808K(97280K)] 94985K->11433K(318976K), 0.0019390 secs] [Times: user=0.01 sys=0.00, real=0.00 secs] 
59.284: Total time for which application threads were stopped: 0.0049690 seconds, Stopping threads took: 0.0029410 seconds
59.364: Application time: 0.0806160 seconds
59.366: [GC [PSYoungGen: 89264K->6032K(97280K)] 94889K->11657K(318976K), 0.0017760 secs] [Times: user=0.02 sys=0.00, real=0.00 secs] 
59.368: Total time for which application threads were stopped: 0.0036530 seconds, Stopping threads took: 0.0017960 seconds
59.446: Application time: 0.0781760 seconds
59.449: [GC [PSYoungGen: 89487K->7712K(97280K)] 95113K->13345K(318976K), 0.0021650 secs] [Times: user=0.02 sys=0.00, real=0.00 secs] 
59.451: Total time for which application threads were stopped: 0.0044760 seconds, Stopping threads took: 0.0022310 seconds
59.530: Application time: 0.0789420 seconds
59.532: [GC [PSYoungGen: 91168K->6000K(97280K)] 96801K->11641K(318976K), 0.0017290 secs] [Times: user=0.00 sys=0.00, real=0.01 secs] 
59.534: Total time for which application threads were stopped: 0.0043980 seconds, Stopping threads took: 0.0025910 seconds
59.613: Application time: 0.0790000 seconds
59.615: [GC [PSYoungGen: 89456K->6336K(97280K)] 95097K->11985K(318976K), 0.0018330 secs] [Times: user=0.02 sys=0.00, real=0.00 secs] 
59.617: Total time for which application threads were stopped: 0.0036350 seconds, Stopping threads took: 0.0017160 seconds
59.696: Application time: 0.0791010 seconds
59.699: [GC [PSYoungGen: 89792K->7072K(97280K)] 95441K->12721K(318976K), 0.0020140 secs] [Times: user=0.01 sys=0.00, real=0.01 secs] 
59.701: Total time for which application threads were stopped: 0.0048320 seconds, Stopping threads took: 0.0027400 seconds
59.777: Application time: 0.0768320 seconds
59.780: [GC [PSYoungGen: 90528K->7792K(97280K)] 96177K->13449K(318976K), 0.0022730 secs] [Times: user=0.02 sys=0.00, real=0.01 secs] 
59.782: Total time for which application threads were stopped: 0.0043820 seconds, Stopping threads took: 0.0020290 seconds
59.861: Application time: 0.0792320 seconds
59.864: [GC [PSYoungGen: 91248K->4624K(97280K)] 96905K->10281K(318976K), 0.0014080 secs] [Times: user=0.01 sys=0.00, real=0.00 secs] 
59.865: Total time for which application threads were stopped: 0.0038680 seconds, Stopping threads took: 0.0023930 seconds
59.943: Application time: 0.0779710 seconds
59.945: [GC [PSYoungGen: 88080K->7808K(97280K)] 93737K->13473K(318976K), 0.0021100 secs] [Times: user=0.01 sys=0.00, real=0.00 secs] 
59.947: Total time for which application threads were stopped: 0.0043590 seconds, Stopping threads took: 0.0021740 seconds
60.025: Application time: 0.0779030 seconds
60.028: [GC [PSYoungGen: 91264K->6992K(97280K)] 96929K->12665K(318976K), 0.0020500 secs] [Times: user=0.01 sys=0.00, real=0.00 secs] 
60.030: Total time for which application threads were stopped: 0.0048680 seconds, Stopping threads took: 0.0027380 seconds
60.107: Application time: 0.0768440 seconds
60.109: [GC [PSYoungGen: 90448K->7120K(97280K)] 96121K->12801K(318976K), 0.0022580 secs] [Times: user=0.01 sys=0.00, real=0.00 secs] 
60.111: Total time for which application threads were stopped: 0.0041800 seconds, Stopping threads took: 0.0018320 seconds
60.189: Application time: 0.0778110 seconds
60.191: [GC [PSYoungGen: 90576K->6064K(97280K)] 96257K->11745K(318976K), 0.0017000 secs] [Times: user=0.02 sys=0.00, real=0.01 secs] 
60.193: Total time for which application threads were stopped: 0.0039320 seconds, Stopping threads took: 0.0021360 seconds
60.274: Application time: 0.0809600 seconds
60.275: [GC [PSYoungGen: 89520K->5008K(97280K)] 95201K->10697K(318976K), 0.0015130 secs] [Times: user=0.01 sys=0.00, real=0.00 secs] 
60.277: Total time for which application threads were stopped: 0.0027180 seconds, Stopping threads took: 0.0011310 seconds
60.356: Application time: 0.0797310 seconds
60.358: [GC [PSYoungGen: 88464K->6352K(97280K)] 94153K->12041K(318976K), 0.0018730 secs] [Times: user=0.01 sys=0.00, real=0.00 secs] 
60.360: Total time for which application threads were stopped: 0.0039070 seconds, Stopping threads took: 0.0019620 seconds
60.441: Application time: 0.0804770 seconds
60.443: [GC [PSYoungGen: 89808K->7408K(97280K)] 95497K->13105K(318976K), 0.0020680 secs] [Times: user=0.02 sys=0.00, real=0.00 secs] 
60.446: Total time for which application threads were stopped: 0.0048160 seconds, Stopping threads took: 0.0026690 seconds
60.526: Application time: 0.0800290 seconds
60.528: [GC [PSYoungGen: 90864K->5024K(97280K)] 96561K->10729K(318976K), 0.0014240 secs] [Times: user=0.01 sys=0.00, real=0.00 secs] 
60.529: Total time for which application threads were stopped: 0.0036560 seconds, Stopping threads took: 0.0021350 seconds
60.609: Application time: 0.0801880 seconds
60.612: [GC [PSYoungGen: 88480K->6416K(97280K)] 94185K->12129K(318976K), 0.0018540 secs] [Times: user=0.01 sys=0.00, real=0.01 secs] 
60.614: Total time for which application threads were stopped: 0.0046000 seconds, Stopping threads took: 0.0026650 seconds
60.694: Application time: 0.0799600 seconds
60.697: [GC [PSYoungGen: 89872K->6432K(97280K)] 95585K->12145K(318976K), 0.0020220 secs] [Times: user=0.02 sys=0.00, real=0.00 secs] 
60.699: Total time for which application threads were stopped: 0.0047180 seconds, Stopping threads took: 0.0025860 seconds
60.779: Application time: 0.0806230 seconds
60.781: [GC [PSYoungGen: 89888K->6608K(97280K)] 95601K->12329K(318976K), 0.0019440 secs] [Times: user=0.01 sys=0.00, real=0.00 secs] 
60.783: Total time for which application threads were stopped: 0.0037920 seconds, Stopping threads took: 0.0017460 seconds
60.858: Application time: 0.0754070 seconds
60.861: [GC [PSYoungGen: 90064K->7552K(97280K)] 95785K->13273K(318976K), 0.0020830 secs] [Times: user=0.01 sys=0.00, real=0.00 secs] 
60.863: Total time for which application threads were stopped: 0.0047120 seconds, Stopping threads took: 0.0025470 seconds
60.944: Application time: 0.0809130 seconds
60.946: [GC [PSYoungGen: 91008K->7424K(97280K)] 96729K->13145K(318976K), 0.0021810 secs] [Times: user=0.01 sys=0.00, real=0.00 secs] 
60.948: Total time for which application threads were stopped: 0.0038610 seconds, Stopping threads took: 0.0016000 seconds
61.026: Application time: 0.0779380 seconds
61.029: [GC [PSYoungGen: 90880K->7472K(97280K)] 96601K->13201K(318976K), 0.0022520 secs] [Times: user=0.01 sys=0.00, real=0.00 secs] 
61.031: Total time for which application threads were stopped: 0.0051860 seconds, Stopping threads took: 0.0028560 seconds
61.110: Application time: 0.0792990 seconds
61.112: [GC [PSYoungGen: 90928K->7376K(97280K)] 96657K->13113K(318976K), 0.0021990 secs] [Times: user=0.01 sys=0.00, real=0.01 secs] 
61.114: Total time for which application threads were stopped: 0.0039080 seconds, Stopping threads took: 0.0016170 seconds
61.193: Application time: 0.0786080 seconds
61.195: [GC [PSYoungGen: 90832K->6880K(97280K)] 96569K->12617K(318976K), 0.0020260 secs] [Times: user=0.01 sys=0.00, real=0.00 secs] 
61.197: Total time for which application threads were stopped: 0.0042380 seconds, Stopping threads took: 0.0021260 seconds
61.278: Application time: 0.0808650 seconds
61.280: [GC [PSYoungGen: 90336K->6496K(97280K)] 96073K->12241K(318976K), 0.0020530 secs] [Times: user=0.01 sys=0.00, real=0.01 secs] 
61.282: Total time for which application threads were stopped: 0.0041580 seconds, Stopping threads took: 0.0020100 seconds
61.359: Application time: 0.0771400 seconds
61.361: [GC [PSYoungGen: 89952K->8320K(97280K)] 95697K->14065K(318976K), 0.0026100 secs] [Times: user=0.01 sys=0.00, real=0.00 secs] 
61.363: Total time for which application threads were stopped: 0.0041210 seconds, Stopping threads took: 0.0014300 seconds
61.444: Application time: 0.0804570 seconds
61.446: [GC [PSYoungGen: 91776K->8240K(97280K)] 97521K->13985K(318976K), 0.0024770 secs] [Times: user=0.01 sys=0.00, real=0.00 secs] 
61.449: Total time for which application threads were stopped: 0.0047580 seconds, Stopping threads took: 0.0021780 seconds
61.527: Application time: 0.0781920 seconds
61.529: [GC [PSYoungGen: 91696K->7952K(97280K)] 97441K->13705K(318976K), 0.0026180 secs] [Times: user=0.02 sys=0.00, real=0.00 secs] 
61.532: Total time for which application threads were stopped: 0.0051930 seconds, Stopping threads took: 0.0024710 seconds
61.611: Application time: 0.0793630 seconds
61.614: [GC [PSYoungGen: 91408K->7568K(97280K)] 97161K->13329K(318976K), 0.0024020 secs] [Times: user=0.02 sys=0.00, real=0.00 secs] 
61.616: Total time for which application threads were stopped: 0.0045080 seconds, Stopping threads took: 0.0020290 seconds
61.694: Application time: 0.0780210 seconds
61.697: [GC [PSYoungGen: 91024K->7152K(97280K)] 96785K->12921K(318976K), 0.0021780 secs] [Times: user=0.01 sys=0.00, real=0.00 secs] 
61.699: Total time for which application threads were stopped: 0.0052080 seconds, Stopping threads took: 0.0029550 seconds
61.778: Application time: 0.0784080 seconds
61.780: [GC [PSYoungGen: 90608K->6960K(97280K)] 96377K->12729K(318976K), 0.0022360 secs] [Times: user=0.01 sys=0.00, real=0.01 secs] 
61.783: Total time for which application threads were stopped: 0.0050480 seconds, Stopping threads took: 0.0027330 seconds
61.864: Application time: 0.0818220 seconds
61.867: [GC [PSYoungGen: 90416K->5584K(97280K)] 96185K->11361K(318976K), 0.0017110 secs] [Times: user=0.01 sys=0.00, real=0.00 secs] 
61.869: Total time for which application threads were stopped: 0.0041000 seconds, Stopping threads took: 0.0022800 seconds
61.946: Application time: 0.0779250 seconds
61.948: [GC [PSYoungGen: 89040K->6592K(97280K)] 94817K->12369K(318976K), 0.0019380 secs] [Times: user=0.02 sys=0.00, real=0.00 secs] 
61.950: Total time for which application threads were stopped: 0.0036200 seconds, Stopping threads took: 0.0016020 seconds
62.031: Application time: 0.0808870 seconds
62.034: [GC [PSYoungGen: 90048K->6880K(97280K)] 95825K->12665K(318976K), 0.0020420 secs] [Times: user=0.01 sys=0.00, real=0.00 secs] 
62.036: Total time for which application threads were stopped: 0.0046820 seconds, Stopping threads took: 0.0025630 seconds
62.115: Application time: 0.0797740 seconds
62.118: [GC [PSYoungGen: 90336K->6016K(97280K)] 96121K->11809K(318976K), 0.0017760 secs] [Times: user=0.01 sys=0.00, real=0.00 secs] 
62.120: Total time for which application threads were stopped: 0.0040650 seconds, Stopping threads took: 0.0021950 seconds
62.197: Application time: 0.0779520 seconds
62.200: [GC [PSYoungGen: 89472K->7712K(97280K)] 95265K->13513K(318976K), 0.0022410 secs] [Times: user=0.02 sys=0.00, real=0.01 secs] 
62.202: Total time for which application threads were stopped: 0.0044750 seconds, Stopping threads took: 0.0021500 seconds
62.280: Application time: 0.0777990 seconds
62.281: [GC [PSYoungGen: 91168K->7504K(97280K)] 96969K->13305K(318976K), 0.0022930 secs] [Times: user=0.01 sys=0.00, real=0.00 secs] 
62.284: Total time for which application threads were stopped: 0.0040550 seconds, Stopping threads took: 0.0016820 seconds
62.363: Application time: 0.0790690 seconds
62.365: [GC [PSYoungGen: 90960K->8352K(97280K)] 96761K->14161K(318976K), 0.0024300 secs] [Times: user=0.02 sys=0.00, real=0.00 secs] 
62.367: Total time for which application threads were stopped: 0.0044890 seconds, Stopping threads took: 0.0019710 seconds
62.446: Application time: 0.0786590 seconds
62.448: [GC [PSYoungGen: 91808K->6784K(97280K)] 97617K->12593K(318976K), 0.0020140 secs] [Times: user=0.02 sys=0.00, real=0.00 secs] 
62.450: Total time for which application threads were stopped: 0.0036270 seconds, Stopping threads took: 0.0015130 seconds
62.529: Application time: 0.0796090 seconds
62.532: [GC [PSYoungGen: 90240K->7520K(97280K)] 96049K->13337K(318976K), 0.0020580 secs] [Times: user=0.01 sys=0.00, real=0.01 secs] 
62.534: Total time for which application threads were stopped: 0.0044750 seconds, Stopping threads took: 0.0023370 seconds
62.614: Application time: 0.0803540 seconds
62.617: [GC [PSYoungGen: 90976K->7056K(97280K)] 96793K->12881K(318976K), 0.0021360 secs] [Times: user=0.02 sys=0.00, real=0.00 secs] 
62.619: Total time for which application threads were stopped: 0.0048620 seconds, Stopping threads took: 0.0026240 seconds
62.701: Application time: 0.0815560 seconds
62.702: [GC [PSYoungGen: 90512K->5344K(97280K)] 96337K->11177K(318976K), 0.0015780 secs] [Times: user=0.01 sys=0.00, real=0.00 secs] 
62.704: Total time for which application threads were stopped: 0.0029870 seconds, Stopping threads took: 0.0013170 seconds
62.783: Application time: 0.0796160 seconds
62.785: [GC [PSYoungGen: 88800K->7664K(97280K)] 94633K->13497K(318976K), 0.0022100 secs] [Times: user=0.02 sys=0.00, real=0.00 secs] 
62.788: Total time for which application threads were stopped: 0.0044600 seconds, Stopping threads took: 0.0021670 seconds
62.867: Application time: 0.0789010 seconds
62.868: [GC [PSYoungGen: 91120K->6960K(97280K)] 96953K->12801K(318976K), 0.0020110 secs] [Times: user=0.01 sys=0.00, real=0.00 secs] 
62.870: Total time for which application threads were stopped: 0.0038950 seconds, Stopping threads took: 0.0018060 seconds
62.947: Application time: 0.0765480 seconds
62.949: [GC [PSYoungGen: 90416K->8272K(97280K)] 96257K->14113K(318976K), 0.0024680 secs] [Times: user=0.01 sys=0.00, real=0.00 secs] 
62.951: Total time for which application threads were stopped: 0.0044300 seconds, Stopping threads took: 0.0018690 seconds
63.025: Application time: 0.0732360 seconds
63.026: [GC [PSYoungGen: 91728K->6384K(97280K)] 97569K->12233K(318976K), 0.0019170 secs] [Times: user=0.01 sys=0.00, real=0.00 secs] 
63.028: Total time for which application threads were stopped: 0.0032600 seconds, Stopping threads took: 0.0012660 seconds
63.100: Application time: 0.0718540 seconds
63.102: [GC [PSYoungGen: 89840K->7888K(97280K)] 95689K->13753K(318976K), 0.0022330 secs] [Times: user=0.00 sys=0.00, real=0.00 secs] 
63.104: Total time for which application threads were stopped: 0.0046260 seconds, Stopping threads took: 0.0023060 seconds
63.178: Application time: 0.0735620 seconds
63.180: [GC [PSYoungGen: 91344K->7296K(97280K)] 97209K->13169K(318976K), 0.0021510 secs] [Times: user=0.01 sys=0.00, real=0.01 secs] 
63.182: Total time for which application threads were stopped: 0.0041470 seconds, Stopping threads took: 0.0018960 seconds
63.257: Application time: 0.0747220 seconds
63.258: [GC [PSYoungGen: 90752K->5120K(97280K)] 96625K->10993K(318976K), 0.0015090 secs] [Times: user=0.01 sys=0.00, real=0.00 secs] 
63.260: Total time for which application threads were stopped: 0.0030760 seconds, Stopping threads took: 0.0014950 seconds
63.335: Application time: 0.0750620 seconds
63.338: [GC [PSYoungGen: 88576K->5984K(97280K)] 94449K->11865K(318976K), 0.0017190 secs] [Times: user=0.01 sys=0.00, real=0.00 secs] 
63.339: Total time for which application threads were stopped: 0.0044870 seconds, Stopping threads took: 0.0026980 seconds
63.415: Application time: 0.0755620 seconds
63.418: [GC [PSYoungGen: 89440K->7168K(97280K)] 95321K->13049K(318976K), 0.0021370 secs] [Times: user=0.01 sys=0.00, real=0.00 secs] 
63.420: Total time for which application threads were stopped: 0.0050760 seconds, Stopping threads took: 0.0028680 seconds
63.494: Application time: 0.0734220 seconds
63.496: [GC [PSYoungGen: 90624K->7008K(97280K)] 96505K->12889K(318976K), 0.0020060 secs] [Times: user=0.01 sys=0.00, real=0.00 secs] 
63.498: Total time for which application threads were stopped: 0.0046230 seconds, Stopping threads took: 0.0025280 seconds
63.571: Application time: 0.0729780 seconds
63.573: [GC [PSYoungGen: 90464K->7984K(97280K)] 96345K->13873K(318976K), 0.0023360 secs] [Times: user=0.01 sys=0.01, real=0.00 secs] 
63.576: Total time for which application threads were stopped: 0.0046490 seconds, Stopping threads took: 0.0022330 seconds
63.649: Application time: 0.0731580 seconds
63.651: [GC [PSYoungGen: 91440K->7904K(97280K)] 97329K->13801K(318976K), 0.0021920 secs] [Times: user=0.01 sys=0.00, real=0.01 secs] 
63.653: Total time for which application threads were stopped: 0.0045600 seconds, Stopping threads took: 0.0022910 seconds
63.727: Application time: 0.0737420 seconds
63.729: [GC [PSYoungGen: 91360K->6416K(97280K)] 97257K->12321K(318976K), 0.0018820 secs] [Times: user=0.01 sys=0.00, real=0.00 secs] 
63.731: Total time for which application threads were stopped: 0.0038090 seconds, Stopping threads took: 0.0018550 seconds
63.807: Application time: 0.0761800 seconds
63.809: [GC [PSYoungGen: 89872K->6144K(97280K)] 95777K->12057K(318976K), 0.0018440 secs] [Times: user=0.01 sys=0.00, real=0.00 secs] 
63.811: Total time for which application threads were stopped: 0.0034350 seconds, Stopping threads took: 0.0015150 seconds
63.884: Application time: 0.0733720 seconds
63.886: [GC [PSYoungGen: 89600K->7248K(97280K)] 95513K->13161K(318976K), 0.0023080 secs] [Times: user=0.01 sys=0.00, real=0.00 secs] 
63.888: Total time for which application threads were stopped: 0.0038250 seconds, Stopping threads took: 0.0014340 seconds
63.962: Application time: 0.0743200 seconds
63.965: [GC [PSYoungGen: 90704K->7088K(97280K)] 96617K->13001K(318976K), 0.0021950 secs] [Times: user=0.01 sys=0.00, real=0.00 secs] 
63.967: Total time for which application threads were stopped: 0.0047670 seconds, Stopping threads took: 0.0024950 seconds
64.045: Application time: 0.0781550 seconds
64.047: [GC [PSYoungGen: 90544K->6240K(97280K)] 96457K->12169K(318976K), 0.0017670 secs] [Times: user=0.01 sys=0.00, real=0.00 secs] 
64.049: Total time for which application threads were stopped: 0.0036290 seconds, Stopping threads took: 0.0017900 seconds
64.122: Application time: 0.0730220 seconds
64.124: [GC [PSYoungGen: 89696K->7712K(97280K)] 95625K->13649K(318976K), 0.0022480 secs] [Times: user=0.02 sys=0.00, real=0.00 secs] 
64.126: Total time for which application threads were stopped: 0.0040880 seconds, Stopping threads took: 0.0017590 seconds
64.198: Application time: 0.0722810 seconds
64.201: [GC [PSYoungGen: 91168K->7824K(97280K)] 97105K->13769K(318976K), 0.0022350 secs] [Times: user=0.01 sys=0.00, real=0.00 secs] 
64.203: Total time for which application threads were stopped: 0.0049800 seconds, Stopping threads took: 0.0026640 seconds
64.276: Application time: 0.0724000 seconds
64.278: [GC [PSYoungGen: 91280K->7120K(97280K)] 97225K->13065K(318976K), 0.0019800 secs] [Times: user=0.01 sys=0.01, real=0.00 secs] 
64.280: Total time for which application threads were stopped: 0.0039880 seconds, Stopping threads took: 0.0019360 seconds
64.354: Application time: 0.0740000 seconds
64.355: [GC [PSYoungGen: 90576K->7840K(97280K)] 96521K->13793K(318976K), 0.0022220 secs] [Times: user=0.02 sys=0.00, real=0.00 secs] 
64.357: Total time for which application threads were stopped: 0.0035240 seconds, Stopping threads took: 0.0012270 seconds
64.435: Application time: 0.0783380 seconds
64.437: [GC [PSYoungGen: 91296K->7760K(97280K)] 97249K->13713K(318976K), 0.0021870 secs] [Times: user=0.01 sys=0.00, real=0.00 secs] 
64.439: Total time for which application threads were stopped: 0.0040820 seconds, Stopping threads took: 0.0018150 seconds
64.517: Application time: 0.0773550 seconds
64.518: [GC [PSYoungGen: 91216K->6800K(97280K)] 97169K->12761K(318976K), 0.0019640 secs] [Times: user=0.02 sys=0.00, real=0.00 secs] 
64.520: Total time for which application threads were stopped: 0.0033260 seconds, Stopping threads took: 0.0012850 seconds
64.593: Application time: 0.0730190 seconds
64.595: [GC [PSYoungGen: 90256K->6496K(97280K)] 96217K->12465K(318976K), 0.0018790 secs] [Times: user=0.01 sys=0.00, real=0.00 secs] 
64.597: Total time for which application threads were stopped: 0.0039180 seconds, Stopping threads took: 0.0019560 seconds
64.675: Application time: 0.0775480 seconds
64.676: [GC [PSYoungGen: 89952K->5280K(97280K)] 95921K->11257K(318976K), 0.0016350 secs] [Times: user=0.01 sys=0.00, real=0.00 secs] 
64.678: Total time for which application threads were stopped: 0.0033180 seconds, Stopping threads took: 0.0016140 seconds
64.752: Application time: 0.0736090 seconds
64.754: [GC [PSYoungGen: 88736K->6592K(97280K)] 94713K->12569K(318976K), 0.0019170 secs] [Times: user=0.01 sys=0.00, real=0.00 secs] 
64.756: Total time for which application threads were stopped: 0.0040230 seconds, Stopping threads took: 0.0020300 seconds
64.829: Application time: 0.0735380 seconds
64.831: [GC [PSYoungGen: 90048K->6240K(97280K)] 96025K->12225K(318976K), 0.0018450 secs] [Times: user=0.00 sys=0.00, real=0.01 secs] 
64.833: Total time for which application threads were stopped: 0.0034490 seconds, Stopping threads took: 0.0015000 seconds
64.907: Application time: 0.0746150 seconds
64.910: [GC [PSYoungGen: 89696K->7376K(97280K)] 95681K->13361K(318976K), 0.0021000 secs] [Times: user=0.01 sys=0.00, real=0.00 secs] 
64.912: Total time for which application threads were stopped: 0.0046900 seconds, Stopping threads took: 0.0025110 seconds
64.985: Application time: 0.0734170 seconds
64.987: [GC [PSYoungGen: 90832K->7280K(97280K)] 96817K->13273K(318976K), 0.0021740 secs] [Times: user=0.01 sys=0.00, real=0.00 secs] 
64.990: Total time for which application threads were stopped: 0.0043660 seconds, Stopping threads took: 0.0020910 seconds
65.066: Application time: 0.0762310 seconds
65.068: [GC [PSYoungGen: 90736K->5056K(97280K)] 96729K->11057K(318976K), 0.0014980 secs] [Times: user=0.01 sys=0.00, real=0.00 secs] 
65.069: Total time for which application threads were stopped: 0.0033530 seconds, Stopping threads took: 0.0017880 seconds
65.144: Application time: 0.0750390 seconds
65.146: [GC [PSYoungGen: 88512K->8144K(97280K)] 94513K->14153K(318976K), 0.0023140 secs] [Times: user=0.02 sys=0.00, real=0.00 secs] 
65.149: Total time for which application threads were stopped: 0.0042850 seconds, Stopping threads took: 0.0018820 seconds
65.223: Application time: 0.0748430 seconds
65.225: [GC [PSYoungGen: 91600K->6416K(97280K)] 97609K->12425K(318976K), 0.0018090 secs] [Times: user=0.01 sys=0.00, real=0.00 secs] 
65.227: Total time for which application threads were stopped: 0.0032510 seconds, Stopping threads took: 0.0013680 seconds
65.303: Application time: 0.0761890 seconds
65.305: [GC [PSYoungGen: 89872K->6784K(97280K)] 95881K->12801K(318976K), 0.0019740 secs] [Times: user=0.01 sys=0.00, real=0.00 secs] 
65.307: Total time for which application threads were stopped: 0.0040970 seconds, Stopping threads took: 0.0020400 seconds
65.383: Application time: 0.0760950 seconds
65.385: [GC [PSYoungGen: 90240K->7312K(97280K)] 96257K->13329K(318976K), 0.0021780 secs] [Times: user=0.02 sys=0.00, real=0.00 secs] 
65.387: Total time for which application threads were stopped: 0.0041820 seconds, Stopping threads took: 0.0019360 seconds
65.464: Application time: 0.0763960 seconds
65.466: [GC [PSYoungGen: 90768K->6720K(97280K)] 96785K->12737K(318976K), 0.0017870 secs] [Times: user=0.01 sys=0.00, real=0.00 secs] 
65.468: Total time for which application threads were stopped: 0.0040230 seconds, Stopping threads took: 0.0021660 seconds
65.543: Application time: 0.0755760 seconds
65.545: [GC [PSYoungGen: 90176K->5456K(97280K)] 96193K->11481K(318976K), 0.0015160 secs] [Times: user=0.01 sys=0.00, real=0.00 secs] 
65.547: Total time for which application threads were stopped: 0.0036410 seconds, Stopping threads took: 0.0020550 seconds
65.621: Application time: 0.0736660 seconds
65.623: [GC [PSYoungGen: 88912K->7040K(97280K)] 94937K->13073K(318976K), 0.0019820 secs] [Times: user=0.01 sys=0.00, real=0.00 secs] 
65.625: Total time for which application threads were stopped: 0.0047950 seconds, Stopping threads took: 0.0027360 seconds
65.699: Application time: 0.0734300 seconds
65.700: [GC [PSYoungGen: 90496K->6880K(97280K)] 96529K->12921K(318976K), 0.0019180 secs] [Times: user=0.01 sys=0.00, real=0.01 secs] 
65.702: Total time for which application threads were stopped: 0.0034110 seconds, Stopping threads took: 0.0014080 seconds
65.777: Application time: 0.0747040 seconds
65.780: [GC [PSYoungGen: 90336K->7248K(97280K)] 96377K->13297K(318976K), 0.0020080 secs] [Times: user=0.02 sys=0.00, real=0.01 secs] 
65.782: Total time for which application threads were stopped: 0.0046690 seconds, Stopping threads took: 0.0025890 seconds
65.859: Application time: 0.0776730 seconds
65.860: [GC [PSYoungGen: 90704K->6496K(97280K)] 96753K->12545K(318976K), 0.0018170 secs] [Times: user=0.01 sys=0.00, real=0.01 secs] 
65.862: Total time for which application threads were stopped: 0.0029090 seconds, Stopping threads took: 0.0010150 seconds
65.935: Application time: 0.0724340 seconds
65.937: [GC [PSYoungGen: 89952K->7904K(97280K)] 96001K->13953K(318976K), 0.0024170 secs] [Times: user=0.02 sys=0.00, real=0.00 secs] 
65.939: Total time for which application threads were stopped: 0.0046750 seconds, Stopping threads took: 0.0021760 seconds
66.015: Application time: 0.0755240 seconds
66.017: [GC [PSYoungGen: 91360K->6688K(97280K)] 97409K->12745K(318976K), 0.0019230 secs] [Times: user=0.01 sys=0.00, real=0.00 secs] 
66.019: Total time for which application threads were stopped: 0.0041730 seconds, Stopping threads took: 0.0021750 seconds
66.091: Application time: 0.0722200 seconds
66.093: [GC [PSYoungGen: 90144K->5616K(97280K)] 96201K->11681K(318976K), 0.0016250 secs] [Times: user=0.01 sys=0.00, real=0.00 secs] 
66.094: Total time for which application threads were stopped: 0.0031200 seconds, Stopping threads took: 0.0014240 seconds
66.166: Application time: 0.0716820 seconds
66.168: [GC [PSYoungGen: 89072K->8352K(97280K)] 95137K->14425K(318976K), 0.0024000 secs] [Times: user=0.02 sys=0.00, real=0.00 secs] 
66.170: Total time for which application threads were stopped: 0.0043380 seconds, Stopping threads took: 0.0018560 seconds
66.244: Application time: 0.0740970 seconds
66.246: [GC [PSYoungGen: 91808K->6752K(97280K)] 97881K->12825K(318976K), 0.0019750 secs] [Times: user=0.02 sys=0.00, real=0.00 secs] 
66.248: Total time for which application threads were stopped: 0.0032620 seconds, Stopping threads took: 0.0011950 seconds
66.322: Application time: 0.0745700 seconds
66.324: [GC [PSYoungGen: 90208K->6784K(97280K)] 96281K->12865K(318976K), 0.0019440 secs] [Times: user=0.01 sys=0.00, real=0.00 secs] 
66.326: Total time for which application threads were stopped: 0.0040630 seconds, Stopping threads took: 0.0020450 seconds
66.402: Application time: 0.0757380 seconds
66.404: [GC [PSYoungGen: 90240K->6432K(97280K)] 96321K->12513K(318976K), 0.0017700 secs] [Times: user=0.01 sys=0.00, real=0.00 secs] 
66.405: Total time for which application threads were stopped: 0.0033510 seconds, Stopping threads took: 0.0015040 seconds
66.481: Application time: 0.0758730 seconds
66.483: [GC [PSYoungGen: 89888K->6880K(97280K)] 95969K->12969K(318976K), 0.0019110 secs] [Times: user=0.01 sys=0.00, real=0.00 secs] 
66.485: Total time for which application threads were stopped: 0.0037630 seconds, Stopping threads took: 0.0017830 seconds
66.560: Application time: 0.0747550 seconds
66.562: [GC [PSYoungGen: 90336K->6256K(97280K)] 96425K->12353K(318976K), 0.0018430 secs] [Times: user=0.02 sys=0.00, real=0.00 secs] 
66.564: Total time for which application threads were stopped: 0.0041620 seconds, Stopping threads took: 0.0022470 seconds
66.637: Application time: 0.0730860 seconds
66.639: [GC [PSYoungGen: 89712K->6528K(97280K)] 95809K->12633K(318976K), 0.0018180 secs] [Times: user=0.01 sys=0.01, real=0.01 secs] 
66.641: Total time for which application threads were stopped: 0.0034730 seconds, Stopping threads took: 0.0015830 seconds
66.718: Application time: 0.0778290 seconds
66.721: [GC [PSYoungGen: 89984K->6560K(97280K)] 96089K->12665K(318976K), 0.0019320 secs] [Times: user=0.01 sys=0.00, real=0.00 secs] 
66.723: Total time for which application threads were stopped: 0.0043630 seconds, Stopping threads took: 0.0023540 seconds
66.795: Application time: 0.0724380 seconds
66.797: [GC [PSYoungGen: 90016K->7968K(97280K)] 96121K->14081K(318976K), 0.0023810 secs] [Times: user=0.02 sys=0.00, real=0.00 secs] 
66.800: Total time for which application threads were stopped: 0.0044700 seconds, Stopping threads took: 0.0020060 seconds
66.874: Application time: 0.0739960 seconds
66.876: [GC [PSYoungGen: 91424K->7056K(97280K)] 97537K->13169K(318976K), 0.0020010 secs] [Times: user=0.01 sys=0.00, real=0.00 secs] 
66.878: Total time for which application threads were stopped: 0.0039470 seconds, Stopping threads took: 0.0018670 seconds
66.956: Application time: 0.0783620 seconds
66.958: [GC [PSYoungGen: 90512K->7760K(97280K)] 96625K->13881K(318976K), 0.0021560 secs] [Times: user=0.01 sys=0.01, real=0.01 secs] 
66.961: Total time for which application threads were stopped: 0.0046600 seconds, Stopping threads took: 0.0024240 seconds
67.038: Application time: 0.0771640 seconds
67.041: [GC [PSYoungGen: 91216K->7888K(97280K)] 97337K->14017K(318976K), 0.0022860 secs] [Times: user=0.01 sys=0.00, real=0.00 secs] 
67.043: Total time for which application threads were stopped: 0.0052630 seconds, Stopping threads took: 0.0028960 seconds
67.123: Application time: 0.0794110 seconds
67.125: [GC [PSYoungGen: 91344K->6944K(97280K)] 97473K->13081K(318976K), 0.0020330 secs] [Times: user=0.01 sys=0.00, real=0.00 secs] 
67.127: Total time for which application threads were stopped: 0.0044810 seconds, Stopping threads took: 0.0023700 seconds
67.206: Application time: 0.0791560 seconds
67.208: [GC [PSYoungGen: 90400K->7440K(97280K)] 96537K->13577K(318976K), 0.0021260 secs] [Times: user=0.02 sys=0.00, real=0.00 secs] 
67.211: Total time for which application threads were stopped: 0.0044840 seconds, Stopping threads took: 0.0022790 seconds
67.290: Application time: 0.0789160 seconds
67.292: [GC [PSYoungGen: 90896K->6912K(97280K)] 97033K->13057K(318976K), 0.0019760 secs] [Times: user=0.01 sys=0.00, real=0.01 secs] 
67.294: Total time for which application threads were stopped: 0.0042070 seconds, Stopping threads took: 0.0021500 seconds
67.374: Application time: 0.0799660 seconds
67.376: [GC [PSYoungGen: 90368K->7120K(97280K)] 96513K->13265K(318976K), 0.0020890 secs] [Times: user=0.01 sys=0.00, real=0.00 secs] 
67.378: Total time for which application threads were stopped: 0.0041820 seconds, Stopping threads took: 0.0020070 seconds
67.457: Application time: 0.0793080 seconds
67.459: [GC [PSYoungGen: 90576K->7440K(97280K)] 96721K->13593K(318976K), 0.0022950 secs] [Times: user=0.02 sys=0.00, real=0.01 secs] 
67.461: Total time for which application threads were stopped: 0.0041480 seconds, Stopping threads took: 0.0017670 seconds
67.544: Application time: 0.0824190 seconds
67.546: [GC [PSYoungGen: 90896K->6656K(97280K)] 97049K->12817K(318976K), 0.0019910 secs] [Times: user=0.01 sys=0.00, real=0.00 secs] 
67.548: Total time for which application threads were stopped: 0.0039750 seconds, Stopping threads took: 0.0019060 seconds
67.628: Application time: 0.0803990 seconds
67.631: [GC [PSYoungGen: 90112K->5664K(97280K)] 96273K->11833K(318976K), 0.0016040 secs] [Times: user=0.01 sys=0.00, real=0.00 secs] 
67.632: Total time for which application threads were stopped: 0.0040830 seconds, Stopping threads took: 0.0024050 seconds
67.713: Application time: 0.0803310 seconds
67.714: [GC [PSYoungGen: 89119K->5968K(97280K)] 95289K->12137K(318976K), 0.0017260 secs] [Times: user=0.02 sys=0.00, real=0.00 secs] 
67.716: Total time for which application threads were stopped: 0.0035450 seconds, Stopping threads took: 0.0017470 seconds
67.796: Application time: 0.0801950 seconds
67.799: [GC [PSYoungGen: 89424K->7040K(97280K)] 95593K->13217K(318976K), 0.0019280 secs] [Times: user=0.02 sys=0.00, real=0.01 secs] 
67.801: Total time for which application threads were stopped: 0.0048070 seconds, Stopping threads took: 0.0028060 seconds
67.882: Application time: 0.0805790 seconds
67.884: [GC [PSYoungGen: 90496K->6496K(97280K)] 96673K->12673K(318976K), 0.0019090 secs] [Times: user=0.01 sys=0.00, real=0.00 secs] 
67.886: Total time for which application threads were stopped: 0.0042880 seconds, Stopping threads took: 0.0022890 seconds
67.966: Application time: 0.0795930 seconds
67.969: [GC [PSYoungGen: 89952K->6112K(97280K)] 96129K->12289K(318976K), 0.0018250 secs] [Times: user=0.01 sys=0.00, real=0.00 secs] 
67.971: Total time for which application threads were stopped: 0.0050070 seconds, Stopping threads took: 0.0031040 seconds
68.050: Application time: 0.0791900 seconds
68.052: [GC [PSYoungGen: 89568K->6576K(97280K)] 95745K->12761K(318976K), 0.0020090 secs] [Times: user=0.02 sys=0.00, real=0.01 secs] 
68.054: Total time for which application threads were stopped: 0.0038930 seconds, Stopping threads took: 0.0018050 seconds
68.133: Application time: 0.0794740 seconds
68.135: [GC [PSYoungGen: 90032K->6224K(97280K)] 96217K->12417K(318976K), 0.0017920 secs] [Times: user=0.01 sys=0.00, real=0.00 secs] 
68.137: Total time for which application threads were stopped: 0.0036810 seconds, Stopping threads took: 0.0018090 seconds
68.219: Application time: 0.0816550 seconds
68.221: [GC [PSYoungGen: 89680K->7680K(97280K)] 95873K->13881K(318976K), 0.0021950 secs] [Times: user=0.01 sys=0.00, real=0.00 secs] 
68.224: Total time for which application threads were stopped: 0.0051170 seconds, Stopping threads took: 0.0028410 seconds
68.303: Application time: 0.0788670 seconds
68.304: [GC [PSYoungGen: 91136K->7856K(97280K)] 97337K->14073K(318976K), 0.0022790 secs] [Times: user=0.01 sys=0.00, real=0.00 secs] 
68.306: Total time for which application threads were stopped: 0.0035690 seconds, Stopping threads took: 0.0012070 seconds
68.386: Application time: 0.0796050 seconds
68.388: [GC [PSYoungGen: 91312K->6896K(97280K)] 97529K->13113K(318976K), 0.0019890 secs] [Times: user=0.01 sys=0.00, real=0.00 secs] 
68.390: Total time for which application threads were stopped: 0.0040670 seconds, Stopping threads took: 0.0019890 seconds
68.467: Application time: 0.0773130 seconds
68.470: [GC [PSYoungGen: 90352K->7936K(97280K)] 96569K->14153K(318976K), 0.0022540 secs] [Times: user=0.02 sys=0.00, real=0.00 secs] 
68.472: Total time for which application threads were stopped: 0.0051630 seconds, Stopping threads took: 0.0028240 seconds
68.551: Application time: 0.0791220 seconds
68.554: [GC [PSYoungGen: 91392K->6640K(97280K)] 97609K->12865K(318976K), 0.0019510 secs] [Times: user=0.02 sys=0.00, real=0.00 secs] 
68.556: Total time for which application threads were stopped: 0.0048030 seconds, Stopping threads took: 0.0027700 seconds
68.634: Application time: 0.0782930 seconds
68.636: [GC [PSYoungGen: 90096K->5872K(97280K)] 96321K->12105K(318976K), 0.0017240 secs] [Times: user=0.01 sys=0.00, real=0.00 secs] 
68.638: Total time for which application threads were stopped: 0.0034380 seconds, Stopping threads took: 0.0016330 seconds
68.718: Application time: 0.0800240 seconds
68.720: [GC [PSYoungGen: 89328K->6592K(97280K)] 95561K->12833K(318976K), 0.0020440 secs] [Times: user=0.01 sys=0.00, real=0.01 secs] 
68.722: Total time for which application threads were stopped: 0.0038880 seconds, Stopping threads took: 0.0017630 seconds
68.804: Application time: 0.0819950 seconds
68.805: [GC [PSYoungGen: 90048K->6064K(97280K)] 96289K->12305K(318976K), 0.0018090 secs] [Times: user=0.01 sys=0.00, real=0.00 secs] 
68.807: Total time for which application threads were stopped: 0.0030860 seconds, Stopping threads took: 0.0012090 seconds
68.885: Application time: 0.0779730 seconds
68.888: [GC [PSYoungGen: 89520K->6336K(97280K)] 95761K->12585K(318976K), 0.0018100 secs] [Times: user=0.02 sys=0.00, real=0.00 secs] 
68.889: Total time for which application threads were stopped: 0.0045220 seconds, Stopping threads took: 0.0026350 seconds
68.969: Application time: 0.0796380 seconds
68.972: [GC [PSYoungGen: 89792K->6448K(97280K)] 96041K->12697K(318976K), 0.0018270 secs] [Times: user=0.01 sys=0.00, real=0.01 secs] 
68.973: Total time for which application threads were stopped: 0.0043930 seconds, Stopping threads took: 0.0024830 seconds
69.051: Application time: 0.0777860 seconds
69.053: [GC [PSYoungGen: 89904K->8144K(97280K)] 96153K->14401K(318976K), 0.0022480 secs] [Times: user=0.01 sys=0.00, real=0.00 secs] 
69.055: Total time for which application threads were stopped: 0.0040900 seconds, Stopping threads took: 0.0017640 seconds
69.136: Application time: 0.0802750 seconds
69.137: [GC [PSYoungGen: 91600K->6576K(97280K)] 97857K->12841K(318976K), 0.0019020 secs] [Times: user=0.01 sys=0.00, real=0.00 secs] 
69.139: Total time for which application threads were stopped: 0.0031640 seconds, Stopping threads took: 0.0011870 seconds
69.217: Application time: 0.0781130 seconds
69.219: [GC [PSYoungGen: 90032K->7136K(97280K)] 96297K->13409K(318976K), 0.0020440 secs] [Times: user=0.01 sys=0.00, real=0.01 secs] 
69.221: Total time for which application threads were stopped: 0.0041050 seconds, Stopping threads took: 0.0019810 seconds
69.301: Application time: 0.0795510 seconds
69.302: [GC [PSYoungGen: 90592K->7424K(97280K)] 96865K->13697K(318976K), 0.0020920 secs] [Times: user=0.02 sys=0.00, real=0.00 secs] 
69.304: Total time for which application threads were stopped: 0.0037080 seconds, Stopping threads took: 0.0015420 seconds
69.382: Application time: 0.0775930 seconds
69.384: [GC [PSYoungGen: 90880K->7008K(97280K)] 97153K->13289K(318976K), 0.0021320 secs] [Times: user=0.02 sys=0.00, real=0.00 secs] 
69.386: Total time for which application threads were stopped: 0.0043320 seconds, Stopping threads took: 0.0021230 seconds
69.463: Application time: 0.0765440 seconds
69.465: [GC [PSYoungGen: 90464K->7216K(97280K)] 96745K->13497K(318976K), 0.0019720 secs] [Times: user=0.02 sys=0.00, real=0.00 secs] 
69.467: Total time for which application threads were stopped: 0.0047070 seconds, Stopping threads took: 0.0026590 seconds
69.547: Application time: 0.0795450 seconds
69.549: [GC [PSYoungGen: 90672K->7168K(97280K)] 96953K->13457K(318976K), 0.0020630 secs] [Times: user=0.02 sys=0.00, real=0.00 secs] 
69.551: Total time for which application threads were stopped: 0.0042270 seconds, Stopping threads took: 0.0020780 seconds
69.629: Application time: 0.0779180 seconds
69.631: [GC [PSYoungGen: 90624K->7312K(97280K)] 96913K->13609K(318976K), 0.0022050 secs] [Times: user=0.01 sys=0.00, real=0.01 secs] 
69.633: Total time for which application threads were stopped: 0.0042730 seconds, Stopping threads took: 0.0019880 seconds
69.712: Application time: 0.0789420 seconds
69.714: [GC [PSYoungGen: 90768K->6064K(97280K)] 97065K->12369K(318976K), 0.0017880 secs] [Times: user=0.01 sys=0.00, real=0.00 secs] 
69.716: Total time for which application threads were stopped: 0.0037790 seconds, Stopping threads took: 0.0019170 seconds
69.796: Application time: 0.0794190 seconds
69.798: [GC [PSYoungGen: 89518K->7408K(97280K)] 95823K->13713K(318976K), 0.0021940 secs] [Times: user=0.01 sys=0.00, real=0.00 secs] 
69.800: Total time for which application threads were stopped: 0.0044640 seconds, Stopping threads took: 0.0021900 seconds
69.880: Application time: 0.0802930 seconds
69.883: [GC [PSYoungGen: 90864K->7312K(97280K)] 97169K->13625K(318976K), 0.0021260 secs] [Times: user=0.02 sys=0.00, real=0.00 secs] 
69.885: Total time for which application threads were stopped: 0.0047320 seconds, Stopping threads took: 0.0025220 seconds
69.963: Application time: 0.0776970 seconds
69.965: [GC [PSYoungGen: 90768K->6080K(97280K)] 97081K->12393K(318976K), 0.0018090 secs] [Times: user=0.01 sys=0.00, real=0.00 secs] 
69.967: Total time for which application threads were stopped: 0.0038840 seconds, Stopping threads took: 0.0019830 seconds
70.047: Application time: 0.0804450 seconds
70.049: [GC [PSYoungGen: 89536K->4960K(97280K)] 95849K->11281K(318976K), 0.0014730 secs] [Times: user=0.01 sys=0.00, real=0.00 secs] 
70.051: Total time for which application threads were stopped: 0.0037230 seconds, Stopping threads took: 0.0021580 seconds
70.129: Application time: 0.0780240 seconds
70.131: [GC [PSYoungGen: 88416K->6960K(97280K)] 94737K->13289K(318976K), 0.0020090 secs] [Times: user=0.01 sys=0.00, real=0.01 secs] 
70.133: Total time for which application threads were stopped: 0.0039180 seconds, Stopping threads took: 0.0018250 seconds
70.212: Application time: 0.0791250 seconds
70.214: [GC [PSYoungGen: 90416K->6560K(97280K)] 96745K->12897K(318976K), 0.0020600 secs] [Times: user=0.01 sys=0.00, real=0.00 secs] 
70.216: Total time for which application threads were stopped: 0.0037740 seconds, Stopping threads took: 0.0016380 seconds
70.297: Application time: 0.0811740 seconds
70.299: [GC [PSYoungGen: 90016K->6208K(97280K)] 96353K->12553K(318976K), 0.0017440 secs] [Times: user=0.01 sys=0.00, real=0.01 secs] 
70.301: Total time for which application threads were stopped: 0.0037070 seconds, Stopping threads took: 0.0018900 seconds
70.382: Application time: 0.0809940 seconds
70.384: [GC [PSYoungGen: 89664K->7392K(97280K)] 96009K->13745K(318976K), 0.0021440 secs] [Times: user=0.01 sys=0.00, real=0.00 secs] 
70.387: Total time for which application threads were stopped: 0.0050540 seconds, Stopping threads took: 0.0028280 seconds
70.467: Application time: 0.0802750 seconds
70.469: [GC [PSYoungGen: 90848K->7824K(97280K)] 97201K->14177K(318976K), 0.0022350 secs] [Times: user=0.02 sys=0.00, real=0.00 secs] 
70.471: Total time for which application threads were stopped: 0.0039370 seconds, Stopping threads took: 0.0016160 seconds
70.551: Application time: 0.0803090 seconds
70.554: [GC [PSYoungGen: 91280K->7200K(97280K)] 97633K->13561K(318976K), 0.0020510 secs] [Times: user=0.01 sys=0.00, real=0.00 secs] 
70.556: Total time for which application threads were stopped: 0.0051230 seconds, Stopping threads took: 0.0029950 seconds
70.636: Application time: 0.0800040 seconds
70.639: [GC [PSYoungGen: 90656K->7632K(97280K)] 97017K->14001K(318976K), 0.0021470 secs] [Times: user=0.01 sys=0.00, real=0.01 secs] 
70.642: Total time for which application threads were stopped: 0.0052580 seconds, Stopping threads took: 0.0030210 seconds
70.720: Application time: 0.0789200 seconds
70.722: [GC [PSYoungGen: 91088K->8240K(97280K)] 97457K->14617K(318976K), 0.0023660 secs] [Times: user=0.02 sys=0.00, real=0.00 secs] 
70.725: Total time for which application threads were stopped: 0.0041190 seconds, Stopping threads took: 0.0016700 seconds
70.805: Application time: 0.0808170 seconds
70.808: [GC [PSYoungGen: 91696K->7680K(97280K)] 98073K->14065K(318976K), 0.0022670 secs] [Times: user=0.02 sys=0.00, real=0.00 secs] 
70.810: Total time for which application threads were stopped: 0.0048210 seconds, Stopping threads took: 0.0024720 seconds
70.888: Application time: 0.0780040 seconds
70.890: [GC [PSYoungGen: 91136K->7264K(97280K)] 97521K->13665K(318976K), 0.0020820 secs] [Times: user=0.02 sys=0.00, real=0.01 secs] 
70.893: Total time for which application threads were stopped: 0.0042910 seconds, Stopping threads took: 0.0021250 seconds
70.969: Application time: 0.0761030 seconds
70.971: [GC [PSYoungGen: 90720K->5824K(97280K)] 97121K->12225K(318976K), 0.0016810 secs] [Times: user=0.01 sys=0.00, real=0.01 secs] 
70.972: Total time for which application threads were stopped: 0.0038370 seconds, Stopping threads took: 0.0020820 seconds
71.047: Application time: 0.0744180 seconds
71.049: [GC [PSYoungGen: 89278K->7616K(97280K)] 95680K->14017K(318976K), 0.0022750 secs] [Times: user=0.01 sys=0.00, real=0.00 secs] 
71.051: Total time for which application threads were stopped: 0.0044590 seconds, Stopping threads took: 0.0021030 seconds
71.125: Application time: 0.0735880 seconds
71.127: [GC [PSYoungGen: 91072K->7184K(97280K)] 97473K->13593K(318976K), 0.0020490 secs] [Times: user=0.01 sys=0.00, real=0.00 secs] 
71.129: Total time for which application threads were stopped: 0.0039430 seconds, Stopping threads took: 0.0018180 seconds
71.202: Application time: 0.0730530 seconds
71.204: [GC [PSYoungGen: 90640K->6352K(97280K)] 97049K->12769K(318976K), 0.0019250 secs] [Times: user=0.01 sys=0.00, real=0.00 secs] 
71.206: Total time for which application threads were stopped: 0.0036680 seconds, Stopping threads took: 0.0016560 seconds
71.279: Application time: 0.0736190 seconds
71.282: [GC [PSYoungGen: 89808K->6368K(97280K)] 96225K->12801K(318976K), 0.0017530 secs] [Times: user=0.01 sys=0.00, real=0.00 secs] 
71.284: Total time for which application threads were stopped: 0.0042950 seconds, Stopping threads took: 0.0024670 seconds
71.360: Application time: 0.0766630 seconds
71.362: [GC [PSYoungGen: 89824K->6032K(97280K)] 96257K->12481K(318976K), 0.0016710 secs] [Times: user=0.02 sys=0.00, real=0.00 secs] 
71.364: Total time for which application threads were stopped: 0.0036550 seconds, Stopping threads took: 0.0019160 seconds
71.437: Application time: 0.0734600 seconds
71.440: [GC [PSYoungGen: 89488K->5936K(97280K)] 95937K->12385K(318976K), 0.0016650 secs] [Times: user=0.01 sys=0.00, real=0.01 secs] 
71.441: Total time for which application threads were stopped: 0.0039530 seconds, Stopping threads took: 0.0022130 seconds
71.515: Application time: 0.0739600 seconds
71.518: [GC [PSYoungGen: 89392K->7984K(97280K)] 95841K->14433K(318976K), 0.0022280 secs] [Times: user=0.02 sys=0.00, real=0.00 secs] 
71.520: Total time for which application threads were stopped: 0.0049230 seconds, Stopping threads took: 0.0026120 seconds
71.596: Application time: 0.0762380 seconds
71.599: [GC [PSYoungGen: 91440K->7616K(97280K)] 97889K->14073K(318976K), 0.0021370 secs] [Times: user=0.01 sys=0.00, real=0.01 secs] 
71.601: Total time for which application threads were stopped: 0.0044230 seconds, Stopping threads took: 0.0022130 seconds
71.675: Application time: 0.0746570 seconds
71.678: [GC [PSYoungGen: 91072K->8144K(97280K)] 97529K->14609K(318976K), 0.0022860 secs] [Times: user=0.01 sys=0.00, real=0.00 secs] 
71.680: Total time for which application threads were stopped: 0.0048140 seconds, Stopping threads took: 0.0024490 seconds
71.753: Application time: 0.0724680 seconds
71.755: [GC [PSYoungGen: 91600K->7808K(97280K)] 98065K->14281K(318976K), 0.0025610 secs] [Times: user=0.02 sys=0.00, real=0.00 secs] 
71.758: Total time for which application threads were stopped: 0.0049870 seconds, Stopping threads took: 0.0023340 seconds
71.831: Application time: 0.0729250 seconds
71.833: [GC [PSYoungGen: 91264K->8400K(97280K)] 97737K->14873K(318976K), 0.0024640 secs] [Times: user=0.01 sys=0.00, real=0.00 secs] 
71.836: Total time for which application threads were stopped: 0.0050420 seconds, Stopping threads took: 0.0024990 seconds
71.909: Application time: 0.0734570 seconds
71.911: [GC [PSYoungGen: 91856K->7376K(97280K)] 98329K->13857K(318976K), 0.0022880 secs] [Times: user=0.02 sys=0.00, real=0.01 secs] 
71.913: Total time for which application threads were stopped: 0.0040270 seconds, Stopping threads took: 0.0016580 seconds
71.989: Application time: 0.0755040 seconds
71.990: [GC [PSYoungGen: 90832K->5904K(97280K)] 97313K->12385K(318976K), 0.0017160 secs] [Times: user=0.02 sys=0.00, real=0.00 secs] 
71.992: Total time for which application threads were stopped: 0.0032950 seconds, Stopping threads took: 0.0015050 seconds
72.067: Application time: 0.0746560 seconds
72.069: [GC [PSYoungGen: 89360K->7664K(97280K)] 95841K->14153K(318976K), 0.0022530 secs] [Times: user=0.02 sys=0.00, real=0.00 secs] 
72.071: Total time for which application threads were stopped: 0.0041940 seconds, Stopping threads took: 0.0018560 seconds
72.143: Application time: 0.0721930 seconds
72.145: [GC [PSYoungGen: 91120K->8336K(97280K)] 97609K->14833K(318976K), 0.0024810 secs] [Times: user=0.02 sys=0.00, real=0.00 secs] 
72.148: Total time for which application threads were stopped: 0.0045220 seconds, Stopping threads took: 0.0019540 seconds
72.224: Application time: 0.0765120 seconds
72.226: [GC [PSYoungGen: 91792K->7792K(97280K)] 98289K->14297K(318976K), 0.0021960 secs] [Times: user=0.01 sys=0.00, real=0.00 secs] 
72.228: Total time for which application threads were stopped: 0.0040210 seconds, Stopping threads took: 0.0017470 seconds
72.302: Application time: 0.0741820 seconds
72.305: [GC [PSYoungGen: 91248K->7744K(97280K)] 97753K->14257K(318976K), 0.0025680 secs] [Times: user=0.01 sys=0.00, real=0.00 secs] 
72.307: Total time for which application threads were stopped: 0.0051600 seconds, Stopping threads took: 0.0025030 seconds
72.381: Application time: 0.0738730 seconds
72.383: [GC [PSYoungGen: 91200K->7008K(97280K)] 97713K->13529K(318976K), 0.0020530 secs] [Times: user=0.01 sys=0.00, real=0.00 secs] 
72.385: Total time for which application threads were stopped: 0.0040760 seconds, Stopping threads took: 0.0019460 seconds
72.461: Application time: 0.0755970 seconds
72.463: [GC [PSYoungGen: 90464K->7952K(97280K)] 96985K->14473K(318976K), 0.0023120 secs] [Times: user=0.02 sys=0.00, real=0.00 secs] 
72.465: Total time for which application threads were stopped: 0.0043860 seconds, Stopping threads took: 0.0019900 seconds
72.540: Application time: 0.0747070 seconds
72.543: [GC [PSYoungGen: 91408K->7200K(97280K)] 97929K->13729K(318976K), 0.0021230 secs] [Times: user=0.01 sys=0.00, real=0.00 secs] 
72.545: Total time for which application threads were stopped: 0.0046800 seconds, Stopping threads took: 0.0024840 seconds
72.617: Application time: 0.0724490 seconds
72.619: [GC [PSYoungGen: 90656K->6608K(97280K)] 97185K->13145K(318976K), 0.0018740 secs] [Times: user=0.01 sys=0.00, real=0.01 secs] 
72.621: Total time for which application threads were stopped: 0.0040440 seconds, Stopping threads took: 0.0020910 seconds
72.696: Application time: 0.0749220 seconds
72.698: [GC [PSYoungGen: 90064K->6976K(97280K)] 96601K->13521K(318976K), 0.0019780 secs] [Times: user=0.02 sys=0.00, real=0.01 secs] 
72.700: Total time for which application threads were stopped: 0.0042170 seconds, Stopping threads took: 0.0021580 seconds
72.776: Application time: 0.0756050 seconds
72.779: [GC [PSYoungGen: 90432K->7024K(97280K)] 96977K->13577K(318976K), 0.0020350 secs] [Times: user=0.01 sys=0.00, real=0.01 secs] 
72.781: Total time for which application threads were stopped: 0.0046860 seconds, Stopping threads took: 0.0025490 seconds
72.855: Application time: 0.0744810 seconds
72.857: [GC [PSYoungGen: 90480K->5696K(97280K)] 97033K->12257K(318976K), 0.0016410 secs] [Times: user=0.01 sys=0.00, real=0.00 secs] 
72.859: Total time for which application threads were stopped: 0.0032720 seconds, Stopping threads took: 0.0015500 seconds
72.930: Application time: 0.0717700 seconds
72.933: [GC [PSYoungGen: 89152K->8224K(97280K)] 95713K->14785K(318976K), 0.0023290 secs] [Times: user=0.02 sys=0.00, real=0.00 secs] 
72.935: Total time for which application threads were stopped: 0.0051430 seconds, Stopping threads took: 0.0027320 seconds
73.011: Application time: 0.0753500 seconds
73.012: [GC [PSYoungGen: 91680K->6160K(97280K)] 98241K->12729K(318976K), 0.0017640 secs] [Times: user=0.01 sys=0.00, real=0.01 secs] 
73.014: Total time for which application threads were stopped: 0.0031560 seconds, Stopping threads took: 0.0013190 seconds
73.088: Application time: 0.0738490 seconds
73.090: [GC [PSYoungGen: 89616K->6720K(97280K)] 96185K->13297K(318976K), 0.0019120 secs] [Times: user=0.01 sys=0.00, real=0.00 secs] 
73.091: Total time for which application threads were stopped: 0.0036810 seconds, Stopping threads took: 0.0016950 seconds
73.165: Application time: 0.0737780 seconds
73.168: [GC [PSYoungGen: 90176K->7904K(97280K)] 96753K->14489K(318976K), 0.0021630 secs] [Times: user=0.01 sys=0.00, real=0.00 secs] 
73.170: Total time for which application threads were stopped: 0.0046540 seconds, Stopping threads took: 0.0024180 seconds
73.244: Application time: 0.0739350 seconds
73.246: [GC [PSYoungGen: 91360K->7728K(97280K)] 97945K->14329K(318976K), 0.0022320 secs] [Times: user=0.01 sys=0.00, real=0.00 secs] 
73.248: Total time for which application threads were stopped: 0.0043440 seconds, Stopping threads took: 0.0020340 seconds
73.323: Application time: 0.0744200 seconds
73.325: [GC [PSYoungGen: 91184K->6992K(97280K)] 97785K->13601K(318976K), 0.0020660 secs] [Times: user=0.02 sys=0.00, real=0.00 secs] 
73.327: Total time for which application threads were stopped: 0.0040940 seconds, Stopping threads took: 0.0019480 seconds
73.401: Application time: 0.0738160 seconds
73.403: [GC [PSYoungGen: 90448K->6928K(97280K)] 97057K->13537K(318976K), 0.0020830 secs] [Times: user=0.01 sys=0.00, real=0.00 secs] 
73.405: Total time for which application threads were stopped: 0.0045600 seconds, Stopping threads took: 0.0023730 seconds
73.480: Application time: 0.0744990 seconds
73.481: [GC [PSYoungGen: 90384K->7184K(97280K)] 96993K->13793K(318976K), 0.0020540 secs] [Times: user=0.01 sys=0.00, real=0.00 secs] 
73.483: Total time for which application threads were stopped: 0.0038380 seconds, Stopping threads took: 0.0017150 seconds
73.558: Application time: 0.0748710 seconds
73.561: [GC [PSYoungGen: 90640K->7216K(97280K)] 97249K->13833K(318976K), 0.0021690 secs] [Times: user=0.01 sys=0.00, real=0.00 secs] 
73.563: Total time for which application threads were stopped: 0.0048610 seconds, Stopping threads took: 0.0026160 seconds
73.638: Application time: 0.0750870 seconds
73.640: [GC [PSYoungGen: 90672K->6608K(97280K)] 97289K->13233K(318976K), 0.0020140 secs] [Times: user=0.01 sys=0.00, real=0.01 secs] 
73.642: Total time for which application threads were stopped: 0.0035210 seconds, Stopping threads took: 0.0014290 seconds
73.717: Application time: 0.0751220 seconds
73.719: [GC [PSYoungGen: 90064K->7376K(97280K)] 96689K->14009K(318976K), 0.0022000 secs] [Times: user=0.02 sys=0.00, real=0.01 secs] 
73.721: Total time for which application threads were stopped: 0.0043180 seconds, Stopping threads took: 0.0020410 seconds
73.795: Application time: 0.0736780 seconds
73.797: [GC [PSYoungGen: 90832K->8224K(97280K)] 97465K->14865K(318976K), 0.0023450 secs] [Times: user=0.02 sys=0.00, real=0.00 secs] 
73.800: Total time for which application threads were stopped: 0.0046040 seconds, Stopping threads took: 0.0021540 seconds
73.875: Application time: 0.0750130 seconds
73.877: [GC [PSYoungGen: 91680K->6624K(97280K)] 98321K->13265K(318976K), 0.0019080 secs] [Times: user=0.01 sys=0.00, real=0.00 secs] 
73.879: Total time for which application threads were stopped: 0.0048070 seconds, Stopping threads took: 0.0028160 seconds
73.953: Application time: 0.0739590 seconds
73.955: [GC [PSYoungGen: 90080K->6912K(97280K)] 96721K->13553K(318976K), 0.0020670 secs] [Times: user=0.01 sys=0.00, real=0.00 secs] 
73.958: Total time for which application threads were stopped: 0.0042050 seconds, Stopping threads took: 0.0020530 seconds
74.031: Application time: 0.0738950 seconds
74.034: [GC [PSYoungGen: 90368K->7696K(97280K)] 97009K->14345K(318976K), 0.0022060 secs] [Times: user=0.01 sys=0.00, real=0.00 secs] 
74.036: Total time for which application threads were stopped: 0.0046480 seconds, Stopping threads took: 0.0023620 seconds
74.110: Application time: 0.0736150 seconds
74.112: [GC [PSYoungGen: 91152K->6688K(97280K)] 97801K->13345K(318976K), 0.0020360 secs] [Times: user=0.01 sys=0.00, real=0.01 secs] 
74.114: Total time for which application threads were stopped: 0.0040270 seconds, Stopping threads took: 0.0019080 seconds
74.190: Application time: 0.0759400 seconds
74.192: [GC [PSYoungGen: 90144K->7088K(97280K)] 96801K->13753K(318976K), 0.0019680 secs] [Times: user=0.01 sys=0.00, real=0.00 secs] 
74.194: Total time for which application threads were stopped: 0.0048190 seconds, Stopping threads took: 0.0027770 seconds
74.267: Application time: 0.0729970 seconds
74.269: [GC [PSYoungGen: 90544K->6928K(97280K)] 97209K->13601K(318976K), 0.0019100 secs] [Times: user=0.01 sys=0.00, real=0.00 secs] 
74.271: Total time for which application threads were stopped: 0.0036530 seconds, Stopping threads took: 0.0016740 seconds
74.345: Application time: 0.0734490 seconds
74.347: [GC [PSYoungGen: 90384K->7344K(97280K)] 97057K->14017K(318976K), 0.0020450 secs] [Times: user=0.01 sys=0.00, real=0.00 secs] 
74.349: Total time for which application threads were stopped: 0.0043690 seconds, Stopping threads took: 0.0022460 seconds
74.423: Application time: 0.0737560 seconds
74.424: [GC [PSYoungGen: 90800K->7344K(97280K)] 97473K->14017K(318976K), 0.0021940 secs] [Times: user=0.01 sys=0.00, real=0.00 secs] 
74.426: Total time for which application threads were stopped: 0.0035850 seconds, Stopping threads took: 0.0013130 seconds
74.501: Application time: 0.0745100 seconds
74.503: [GC [PSYoungGen: 90800K->7456K(97280K)] 97473K->14137K(318976K), 0.0021730 secs] [Times: user=0.02 sys=0.00, real=0.00 secs] 
74.505: Total time for which application threads were stopped: 0.0040760 seconds, Stopping threads took: 0.0018050 seconds
74.577: Application time: 0.0724970 seconds
74.580: [GC [PSYoungGen: 90912K->6768K(97280K)] 97593K->13457K(318976K), 0.0019860 secs] [Times: user=0.02 sys=0.00, real=0.01 secs] 
74.582: Total time for which application threads were stopped: 0.0041570 seconds, Stopping threads took: 0.0020950 seconds
74.654: Application time: 0.0720180 seconds
74.656: [GC [PSYoungGen: 90224K->7200K(97280K)] 96913K->13897K(318976K), 0.0020440 secs] [Times: user=0.01 sys=0.00, real=0.00 secs] 
74.658: Total time for which application threads were stopped: 0.0042920 seconds, Stopping threads took: 0.0021690 seconds
74.730: Application time: 0.0720600 seconds
74.733: [GC [PSYoungGen: 90656K->7424K(97280K)] 97353K->14129K(318976K), 0.0020980 secs] [Times: user=0.01 sys=0.00, real=0.00 secs] 
74.735: Total time for which application threads were stopped: 0.0048410 seconds, Stopping threads took: 0.0026630 seconds
74.808: Application time: 0.0731550 seconds
74.809: [GC [PSYoungGen: 90880K->6128K(97280K)] 97585K->12841K(318976K), 0.0018020 secs] [Times: user=0.01 sys=0.00, real=0.00 secs] 
74.811: Total time for which application threads were stopped: 0.0032640 seconds, Stopping threads took: 0.0013920 seconds
74.886: Application time: 0.0750890 seconds
74.888: [GC [PSYoungGen: 89584K->5376K(97280K)] 96297K->12089K(318976K), 0.0016010 secs] [Times: user=0.01 sys=0.00, real=0.00 secs] 
74.890: Total time for which application threads were stopped: 0.0035960 seconds, Stopping threads took: 0.0019260 seconds
74.967: Application time: 0.0775690 seconds
74.971: [GC [PSYoungGen: 88832K->7184K(97280K)] 95545K->13905K(318976K), 0.0020310 secs] [Times: user=0.01 sys=0.00, real=0.01 secs] 
74.973: Total time for which application threads were stopped: 0.0052140 seconds, Stopping threads took: 0.0030990 seconds
75.052: Application time: 0.0795930 seconds
75.054: [GC [PSYoungGen: 90640K->6256K(97280K)] 97361K->12985K(318976K), 0.0018780 secs] [Times: user=0.01 sys=0.00, real=0.00 secs] 
75.056: Total time for which application threads were stopped: 0.0037470 seconds, Stopping threads took: 0.0017870 seconds
75.135: Application time: 0.0790810 seconds
75.137: [GC [PSYoungGen: 89712K->6704K(97280K)] 96441K->13441K(318976K), 0.0019350 secs] [Times: user=0.01 sys=0.01, real=0.00 secs] 
75.139: Total time for which application threads were stopped: 0.0040600 seconds, Stopping threads took: 0.0020440 seconds
75.218: Application time: 0.0784140 seconds
75.221: [GC [PSYoungGen: 90160K->6912K(97280K)] 96897K->13657K(318976K), 0.0021150 secs] [Times: user=0.01 sys=0.00, real=0.00 secs] 
75.223: Total time for which application threads were stopped: 0.0053590 seconds, Stopping threads took: 0.0031600 seconds
75.301: Application time: 0.0785450 seconds
75.304: [GC [PSYoungGen: 90368K->7216K(97280K)] 97113K->13969K(318976K), 0.0020380 secs] [Times: user=0.01 sys=0.00, real=0.00 secs] 
75.306: Total time for which application threads were stopped: 0.0043350 seconds, Stopping threads took: 0.0022190 seconds
75.384: Application time: 0.0784950 seconds
75.386: [GC [PSYoungGen: 90672K->6848K(97280K)] 97425K->13601K(318976K), 0.0019500 secs] [Times: user=0.01 sys=0.00, real=0.00 secs] 
75.388: Total time for which application threads were stopped: 0.0034520 seconds, Stopping threads took: 0.0014320 seconds
75.469: Application time: 0.0816670 seconds
75.471: [GC [PSYoungGen: 90304K->7392K(97280K)] 97057K->14161K(318976K), 0.0020710 secs] [Times: user=0.02 sys=0.00, real=0.01 secs] 
75.473: Total time for which application threads were stopped: 0.0039390 seconds, Stopping threads took: 0.0017880 seconds
75.552: Application time: 0.0789510 seconds
75.554: [GC [PSYoungGen: 90848K->5136K(97280K)] 97617K->11913K(318976K), 0.0014880 secs] [Times: user=0.01 sys=0.00, real=0.00 secs] 
75.556: Total time for which application threads were stopped: 0.0032690 seconds, Stopping threads took: 0.0017110 seconds
75.636: Application time: 0.0807020 seconds
75.638: [GC [PSYoungGen: 88592K->5536K(97280K)] 95369K->12321K(318976K), 0.0016320 secs] [Times: user=0.01 sys=0.00, real=0.00 secs] 
75.640: Total time for which application threads were stopped: 0.0038270 seconds, Stopping threads took: 0.0021160 seconds
75.719: Application time: 0.0793620 seconds
75.722: [GC [PSYoungGen: 88992K->6320K(97280K)] 95777K->13113K(318976K), 0.0017990 secs] [Times: user=0.01 sys=0.00, real=0.00 secs] 
75.724: Total time for which application threads were stopped: 0.0042330 seconds, Stopping threads took: 0.0023560 seconds
75.804: Application time: 0.0797940 seconds
75.806: [GC [PSYoungGen: 89776K->7056K(97280K)] 96569K->13857K(318976K), 0.0020410 secs] [Times: user=0.01 sys=0.00, real=0.00 secs] 
75.808: Total time for which application threads were stopped: 0.0045800 seconds, Stopping threads took: 0.0024580 seconds
75.888: Application time: 0.0800090 seconds
75.891: [GC [PSYoungGen: 90512K->6832K(97280K)] 97313K->13633K(318976K), 0.0019590 secs] [Times: user=0.01 sys=0.00, real=0.01 secs] 
75.893: Total time for which application threads were stopped: 0.0044520 seconds, Stopping threads took: 0.0024160 seconds
75.973: Application time: 0.0799570 seconds
75.974: [GC [PSYoungGen: 90288K->7440K(97280K)] 97089K->14249K(318976K), 0.0021440 secs] [Times: user=0.01 sys=0.00, real=0.00 secs] 
75.976: Total time for which application threads were stopped: 0.0036280 seconds, Stopping threads took: 0.0014010 seconds
76.055: Application time: 0.0784460 seconds
76.057: [GC [PSYoungGen: 90896K->6496K(97280K)] 97705K->13313K(318976K), 0.0019060 secs] [Times: user=0.01 sys=0.00, real=0.00 secs] 
76.059: Total time for which application threads were stopped: 0.0044600 seconds, Stopping threads took: 0.0024750 seconds
76.138: Application time: 0.0784500 seconds
76.140: [GC [PSYoungGen: 89952K->7200K(97280K)] 96769K->14025K(318976K), 0.0020890 secs] [Times: user=0.02 sys=0.00, real=0.01 secs] 
76.142: Total time for which application threads were stopped: 0.0047220 seconds, Stopping threads took: 0.0025440 seconds
76.221: Application time: 0.0786870 seconds
76.223: [GC [PSYoungGen: 90656K->7104K(97280K)] 97481K->13937K(318976K), 0.0020610 secs] [Times: user=0.01 sys=0.00, real=0.00 secs] 
76.225: Total time for which application threads were stopped: 0.0044710 seconds, Stopping threads took: 0.0023260 seconds
76.304: Application time: 0.0782380 seconds
76.307: [GC [PSYoungGen: 90560K->7984K(97280K)] 97393K->14825K(318976K), 0.0022230 secs] [Times: user=0.02 sys=0.00, real=0.00 secs] 
76.309: Total time for which application threads were stopped: 0.0055890 seconds, Stopping threads took: 0.0032830 seconds
76.389: Application time: 0.0798940 seconds
76.391: [GC [PSYoungGen: 91440K->7184K(97280K)] 98281K->14025K(318976K), 0.0021300 secs] [Times: user=0.02 sys=0.00, real=0.01 secs] 
76.393: Total time for which application threads were stopped: 0.0038040 seconds, Stopping threads took: 0.0015950 seconds
76.471: Application time: 0.0778840 seconds
76.473: [GC [PSYoungGen: 90640K->7232K(97280K)] 97481K->14081K(318976K), 0.0021340 secs] [Times: user=0.02 sys=0.00, real=0.00 secs] 
76.475: Total time for which application threads were stopped: 0.0040570 seconds, Stopping threads took: 0.0018390 seconds
76.553: Application time: 0.0781290 seconds
76.555: [GC [PSYoungGen: 90688K->7584K(97280K)] 97537K->14441K(318976K), 0.0022650 secs] [Times: user=0.01 sys=0.00, real=0.00 secs] 
76.557: Total time for which application threads were stopped: 0.0040600 seconds, Stopping threads took: 0.0017120 seconds
76.635: Application time: 0.0782900 seconds
76.637: [GC [PSYoungGen: 91040K->6848K(97280K)] 97897K->13713K(318976K), 0.0020600 secs] [Times: user=0.01 sys=0.00, real=0.00 secs] 
76.639: Total time for which application threads were stopped: 0.0037300 seconds, Stopping threads took: 0.0015900 seconds
76.718: Application time: 0.0791630 seconds
76.720: [GC [PSYoungGen: 90304K->7824K(97280K)] 97169K->14705K(318976K), 0.0021700 secs] [Times: user=0.02 sys=0.00, real=0.01 secs] 
76.722: Total time for which application threads were stopped: 0.0041660 seconds, Stopping threads took: 0.0019020 seconds
76.801: Application time: 0.0789900 seconds
76.803: [GC [PSYoungGen: 91280K->8208K(97280K)] 98161K->15097K(318976K), 0.0023550 secs] [Times: user=0.02 sys=0.00, real=0.00 secs] 
76.805: Total time for which application threads were stopped: 0.0040030 seconds, Stopping threads took: 0.0015640 seconds
76.885: Application time: 0.0793920 seconds
76.887: [GC [PSYoungGen: 91664K->7904K(97280K)] 98553K->14801K(318976K), 0.0022510 secs] [Times: user=0.02 sys=0.00, real=0.00 secs] 
76.889: Total time for which application threads were stopped: 0.0045320 seconds, Stopping threads took: 0.0022000 seconds
76.970: Application time: 0.0806000 seconds
76.971: [GC [PSYoungGen: 91360K->4752K(97280K)] 98257K->11649K(318976K), 0.0015260 secs] [Times: user=0.01 sys=0.00, real=0.01 secs] 
76.972: Total time for which application threads were stopped: 0.0024820 seconds, Stopping threads took: 0.0008880 seconds
77.051: Application time: 0.0782680 seconds
77.053: [GC [PSYoungGen: 88208K->7568K(97280K)] 95105K->14473K(318976K), 0.0021350 secs] [Times: user=0.01 sys=0.00, real=0.00 secs] 
77.055: Total time for which application threads were stopped: 0.0045140 seconds, Stopping threads took: 0.0022970 seconds
77.134: Application time: 0.0788570 seconds
77.137: [GC [PSYoungGen: 91024K->7216K(97280K)] 97929K->14129K(318976K), 0.0021900 secs] [Times: user=0.01 sys=0.00, real=0.00 secs] 
77.139: Total time for which application threads were stopped: 0.0048420 seconds, Stopping threads took: 0.0025620 seconds
77.217: Application time: 0.0785670 seconds
77.219: [GC [PSYoungGen: 90672K->5168K(97280K)] 97585K->12089K(318976K), 0.0015400 secs] [Times: user=0.00 sys=0.00, real=0.01 secs] 
77.221: Total time for which application threads were stopped: 0.0031050 seconds, Stopping threads took: 0.0014930 seconds
77.300: Application time: 0.0791300 seconds
77.301: [GC [PSYoungGen: 88624K->6704K(97280K)] 95545K->13641K(318976K), 0.0019530 secs] [Times: user=0.01 sys=0.00, real=0.00 secs] 
77.303: Total time for which application threads were stopped: 0.0035290 seconds, Stopping threads took: 0.0014840 seconds
77.383: Application time: 0.0792700 seconds
77.385: [GC [PSYoungGen: 90160K->7200K(97280K)] 97097K->14145K(318976K), 0.0020920 secs] [Times: user=0.02 sys=0.00, real=0.00 secs] 
77.387: Total time for which application threads were stopped: 0.0045890 seconds, Stopping threads took: 0.0024190 seconds
77.468: Application time: 0.0805820 seconds
77.470: [GC [PSYoungGen: 90656K->7840K(97280K)] 97601K->14785K(318976K), 0.0022980 secs] [Times: user=0.02 sys=0.00, real=0.00 secs] 
77.472: Total time for which application threads were stopped: 0.0044190 seconds, Stopping threads took: 0.0020350 seconds
77.550: Application time: 0.0783330 seconds
77.553: [GC [PSYoungGen: 91296K->8256K(97280K)] 98241K->15209K(318976K), 0.0023180 secs] [Times: user=0.02 sys=0.00, real=0.00 secs] 
77.556: Total time for which application threads were stopped: 0.0050160 seconds, Stopping threads took: 0.0026150 seconds
77.635: Application time: 0.0796420 seconds
77.637: [GC [PSYoungGen: 91712K->7920K(97280K)] 98665K->14881K(318976K), 0.0023630 secs] [Times: user=0.01 sys=0.00, real=0.00 secs] 
77.640: Total time for which application threads were stopped: 0.0045180 seconds, Stopping threads took: 0.0020740 seconds
77.717: Application time: 0.0778030 seconds
77.718: [GC [PSYoungGen: 91376K->6480K(97280K)] 98337K->13449K(318976K), 0.0018400 secs] [Times: user=0.01 sys=0.00, real=0.00 secs] 
77.720: Total time for which application threads were stopped: 0.0028250 seconds, Stopping threads took: 0.0009110 seconds
77.798: Application time: 0.0773230 seconds
77.800: [GC [PSYoungGen: 89936K->7840K(97280K)] 96905K->14817K(318976K), 0.0022740 secs] [Times: user=0.01 sys=0.00, real=0.01 secs] 
77.802: Total time for which application threads were stopped: 0.0046230 seconds, Stopping threads took: 0.0022680 seconds
77.880: Application time: 0.0775670 seconds
77.882: [GC [PSYoungGen: 91296K->7024K(97280K)] 98273K->14009K(318976K), 0.0020700 secs] [Times: user=0.02 sys=0.00, real=0.00 secs] 
77.884: Total time for which application threads were stopped: 0.0041110 seconds, Stopping threads took: 0.0019520 seconds
77.961: Application time: 0.0775320 seconds
77.964: [GC [PSYoungGen: 90480K->8192K(97280K)] 97465K->15177K(318976K), 0.0024290 secs] [Times: user=0.01 sys=0.00, real=0.00 secs] 
77.966: Total time for which application threads were stopped: 0.0048990 seconds, Stopping threads took: 0.0023880 seconds
78.047: Application time: 0.0803800 seconds
78.049: [GC [PSYoungGen: 91648K->5504K(97280K)] 98633K->12497K(318976K), 0.0015900 secs] [Times: user=0.01 sys=0.00, real=0.00 secs] 
78.051: Total time for which application threads were stopped: 0.0039850 seconds, Stopping threads took: 0.0023220 seconds
78.130: Application time: 0.0797310 seconds
78.132: [GC [PSYoungGen: 88960K->6992K(97280K)] 95953K->13993K(318976K), 0.0019730 secs] [Times: user=0.01 sys=0.00, real=0.00 secs] 
78.134: Total time for which application threads were stopped: 0.0039280 seconds, Stopping threads took: 0.0018750 seconds
78.215: Application time: 0.0807270 seconds
78.217: [GC [PSYoungGen: 90448K->7568K(97280K)] 97449K->14577K(318976K), 0.0022630 secs] [Times: user=0.01 sys=0.00, real=0.00 secs] 
78.219: Total time for which application threads were stopped: 0.0042820 seconds, Stopping threads took: 0.0019300 seconds
78.297: Application time: 0.0775540 seconds
78.299: [GC [PSYoungGen: 91024K->7968K(97280K)] 98033K->14985K(318976K), 0.0023100 secs] [Times: user=0.01 sys=0.00, real=0.01 secs] 
78.301: Total time for which application threads were stopped: 0.0040760 seconds, Stopping threads took: 0.0016830 seconds
78.380: Application time: 0.0786220 seconds
78.382: [GC [PSYoungGen: 91424K->7472K(97280K)] 98441K->14497K(318976K), 0.0021190 secs] [Times: user=0.01 sys=0.00, real=0.00 secs] 
78.384: Total time for which application threads were stopped: 0.0040590 seconds, Stopping threads took: 0.0018660 seconds
78.463: Application time: 0.0792920 seconds
78.465: [GC [PSYoungGen: 90928K->7104K(97280K)] 97953K->14129K(318976K), 0.0020560 secs] [Times: user=0.01 sys=0.00, real=0.00 secs] 
78.467: Total time for which application threads were stopped: 0.0044310 seconds, Stopping threads took: 0.0022890 seconds
78.547: Application time: 0.0794260 seconds
78.549: [GC [PSYoungGen: 90560K->5856K(97280K)] 97585K->12889K(318976K), 0.0017070 secs] [Times: user=0.01 sys=0.00, real=0.00 secs] 
78.551: Total time for which application threads were stopped: 0.0038860 seconds, Stopping threads took: 0.0021080 seconds
78.628: Application time: 0.0774870 seconds
78.631: [GC [PSYoungGen: 89312K->7872K(97280K)] 96345K->14913K(318976K), 0.0022810 secs] [Times: user=0.01 sys=0.00, real=0.01 secs] 
78.633: Total time for which application threads were stopped: 0.0048220 seconds, Stopping threads took: 0.0024590 seconds
78.713: Application time: 0.0803910 seconds
78.715: [GC [PSYoungGen: 91328K->7312K(97280K)] 98369K->14361K(318976K), 0.0020990 secs] [Times: user=0.02 sys=0.00, real=0.00 secs] 
78.717: Total time for which application threads were stopped: 0.0036870 seconds, Stopping threads took: 0.0015070 seconds
78.794: Application time: 0.0769880 seconds
78.797: [GC [PSYoungGen: 90768K->7888K(97280K)] 97817K->14945K(318976K), 0.0022810 secs] [Times: user=0.02 sys=0.00, real=0.00 secs] 
78.799: Total time for which application threads were stopped: 0.0048170 seconds, Stopping threads took: 0.0024480 seconds
78.878: Application time: 0.0792120 seconds
78.880: [GC [PSYoungGen: 91344K->5664K(97280K)] 98401K->12729K(318976K), 0.0016590 secs] [Times: user=0.01 sys=0.00, real=0.00 secs] 
78.882: Total time for which application threads were stopped: 0.0039910 seconds, Stopping threads took: 0.0022600 seconds
78.959: Application time: 0.0771760 seconds
78.961: [GC [PSYoungGen: 89120K->6432K(97280K)] 96185K->13505K(318976K), 0.0018710 secs] [Times: user=0.01 sys=0.00, real=0.00 secs] 
78.963: Total time for which application threads were stopped: 0.0035250 seconds, Stopping threads took: 0.0015760 seconds
79.039: Application time: 0.0758840 seconds
79.040: [GC [PSYoungGen: 89888K->6784K(97280K)] 96961K->13865K(318976K), 0.0020170 secs] [Times: user=0.01 sys=0.00, real=0.00 secs] 
79.043: Total time for which application threads were stopped: 0.0037350 seconds, Stopping threads took: 0.0016370 seconds
79.117: Application time: 0.0747850 seconds
79.120: [GC [PSYoungGen: 90240K->7488K(97280K)] 97321K->14569K(318976K), 0.0021090 secs] [Times: user=0.02 sys=0.00, real=0.01 secs] 
79.122: Total time for which application threads were stopped: 0.0050170 seconds, Stopping threads took: 0.0028240 seconds
79.196: Application time: 0.0734370 seconds
79.199: [GC [PSYoungGen: 90944K->7968K(97280K)] 98025K->15065K(318976K), 0.0023260 secs] [Times: user=0.02 sys=0.00, real=0.01 secs] 
79.201: Total time for which application threads were stopped: 0.0052670 seconds, Stopping threads took: 0.0028610 seconds
79.274: Application time: 0.0733620 seconds
79.277: [GC [PSYoungGen: 91424K->8288K(97280K)] 98521K->15393K(318976K), 0.0023690 secs] [Times: user=0.01 sys=0.00, real=0.00 secs] 
79.279: Total time for which application threads were stopped: 0.0049670 seconds, Stopping threads took: 0.0025180 seconds
79.353: Application time: 0.0737640 seconds
79.356: [GC [PSYoungGen: 91744K->6976K(97280K)] 98849K->14089K(318976K), 0.0019270 secs] [Times: user=0.02 sys=0.00, real=0.00 secs] 
79.358: Total time for which application threads were stopped: 0.0045800 seconds, Stopping threads took: 0.0025800 seconds
79.429: Application time: 0.0715330 seconds
79.431: [GC [PSYoungGen: 90432K->7456K(97280K)] 97545K->14577K(318976K), 0.0021550 secs] [Times: user=0.01 sys=0.00, real=0.01 secs] 
79.434: Total time for which application threads were stopped: 0.0043370 seconds, Stopping threads took: 0.0021030 seconds
79.508: Application time: 0.0742460 seconds
79.510: [GC [PSYoungGen: 90912K->6400K(97280K)] 98033K->13529K(318976K), 0.0018490 secs] [Times: user=0.01 sys=0.00, real=0.00 secs] 
79.512: Total time for which application threads were stopped: 0.0040860 seconds, Stopping threads took: 0.0021640 seconds
79.585: Application time: 0.0733550 seconds
79.587: [GC [PSYoungGen: 89856K->6288K(97280K)] 96985K->13417K(318976K), 0.0018540 secs] [Times: user=0.02 sys=0.00, real=0.00 secs] 
79.588: Total time for which application threads were stopped: 0.0031960 seconds, Stopping threads took: 0.0012600 seconds
79.664: Application time: 0.0752520 seconds
79.666: [GC [PSYoungGen: 89744K->7728K(97280K)] 96873K->14865K(318976K), 0.0021100 secs] [Times: user=0.02 sys=0.00, real=0.00 secs] 
79.668: Total time for which application threads were stopped: 0.0045310 seconds, Stopping threads took: 0.0023430 seconds
79.741: Application time: 0.0726770 seconds
79.743: [GC [PSYoungGen: 91184K->6816K(97280K)] 98321K->13961K(318976K), 0.0019950 secs] [Times: user=0.01 sys=0.00, real=0.00 secs] 
79.745: Total time for which application threads were stopped: 0.0039900 seconds, Stopping threads took: 0.0019210 seconds
79.818: Application time: 0.0732720 seconds
79.820: [GC [PSYoungGen: 90272K->6736K(97280K)] 97417K->13889K(318976K), 0.0019160 secs] [Times: user=0.01 sys=0.00, real=0.01 secs] 
79.822: Total time for which application threads were stopped: 0.0037080 seconds, Stopping threads took: 0.0017160 seconds
79.896: Application time: 0.0745460 seconds
79.899: [GC [PSYoungGen: 90192K->7616K(97280K)] 97345K->14777K(318976K), 0.0022840 secs] [Times: user=0.02 sys=0.00, real=0.01 secs] 
79.901: Total time for which application threads were stopped: 0.0047400 seconds, Stopping threads took: 0.0023720 seconds
79.976: Application time: 0.0752260 seconds
79.978: [GC [PSYoungGen: 91072K->6832K(97280K)] 98233K->14001K(318976K), 0.0019170 secs] [Times: user=0.01 sys=0.00, real=0.01 secs] 
79.980: Total time for which application threads were stopped: 0.0039960 seconds, Stopping threads took: 0.0020000 seconds
80.053: Application time: 0.0727580 seconds
80.055: [GC [PSYoungGen: 90288K->6368K(97280K)] 97457K->13537K(318976K), 0.0018620 secs] [Times: user=0.01 sys=0.00, real=0.00 secs] 
80.057: Total time for which application threads were stopped: 0.0038820 seconds, Stopping threads took: 0.0019310 seconds
80.133: Application time: 0.0758030 seconds
80.135: [GC [PSYoungGen: 89823K->7184K(97280K)] 96992K->14361K(318976K), 0.0019280 secs] [Times: user=0.02 sys=0.00, real=0.00 secs] 
80.137: Total time for which application threads were stopped: 0.0044950 seconds, Stopping threads took: 0.0024840 seconds
80.213: Application time: 0.0760140 seconds
80.216: [GC [PSYoungGen: 90640K->6864K(97280K)] 97817K->14049K(318976K), 0.0019860 secs] [Times: user=0.01 sys=0.00, real=0.00 secs] 
80.218: Total time for which application threads were stopped: 0.0048570 seconds, Stopping threads took: 0.0027950 seconds
80.293: Application time: 0.0749820 seconds
80.296: [GC [PSYoungGen: 90320K->5696K(97280K)] 97505K->12889K(318976K), 0.0017190 secs] [Times: user=0.01 sys=0.00, real=0.00 secs] 
80.298: Total time for which application threads were stopped: 0.0043320 seconds, Stopping threads took: 0.0025180 seconds
80.370: Application time: 0.0720400 seconds
80.372: [GC [PSYoungGen: 89152K->7760K(97280K)] 96345K->14961K(318976K), 0.0023000 secs] [Times: user=0.01 sys=0.00, real=0.00 secs] 
80.375: Total time for which application threads were stopped: 0.0052290 seconds, Stopping threads took: 0.0028290 seconds
80.447: Application time: 0.0724520 seconds
80.450: [GC [PSYoungGen: 91216K->7664K(97280K)] 98417K->14873K(318976K), 0.0022520 secs] [Times: user=0.02 sys=0.00, real=0.00 secs] 
80.452: Total time for which application threads were stopped: 0.0047230 seconds, Stopping threads took: 0.0023910 seconds
80.525: Application time: 0.0733510 seconds
80.528: [GC [PSYoungGen: 91120K->7584K(97280K)] 98329K->14793K(318976K), 0.0021450 secs] [Times: user=0.01 sys=0.00, real=0.00 secs] 
80.530: Total time for which application threads were stopped: 0.0049230 seconds, Stopping threads took: 0.0026960 seconds
80.605: Application time: 0.0749700 seconds
80.607: [GC [PSYoungGen: 91040K->6000K(97280K)] 98249K->13217K(318976K), 0.0017340 secs] [Times: user=0.01 sys=0.00, real=0.00 secs] 
80.609: Total time for which application threads were stopped: 0.0032500 seconds, Stopping threads took: 0.0014410 seconds
80.683: Application time: 0.0743550 seconds
80.685: [GC [PSYoungGen: 89456K->7872K(97280K)] 96673K->15097K(318976K), 0.0023060 secs] [Times: user=0.02 sys=0.00, real=0.00 secs] 
80.687: Total time for which application threads were stopped: 0.0045650 seconds, Stopping threads took: 0.0021750 seconds
80.763: Application time: 0.0753580 seconds
80.764: [GC [PSYoungGen: 91328K->6464K(97280K)] 98553K->13697K(318976K), 0.0018470 secs] [Times: user=0.01 sys=0.00, real=0.00 secs] 
80.766: Total time for which application threads were stopped: 0.0035770 seconds, Stopping threads took: 0.0016540 seconds
80.841: Application time: 0.0749100 seconds
80.843: [GC [PSYoungGen: 89920K->6944K(97280K)] 97153K->14185K(318976K), 0.0020190 secs] [Times: user=0.01 sys=0.00, real=0.00 secs] 
80.845: Total time for which application threads were stopped: 0.0035310 seconds, Stopping threads took: 0.0014310 seconds
80.922: Application time: 0.0772490 seconds
80.924: [GC [PSYoungGen: 90400K->5792K(97280K)] 97641K->13033K(318976K), 0.0016770 secs] [Times: user=0.02 sys=0.00, real=0.00 secs] 
80.925: Total time for which application threads were stopped: 0.0031400 seconds, Stopping threads took: 0.0013930 seconds
80.999: Application time: 0.0740270 seconds
81.001: [GC [PSYoungGen: 89248K->7056K(97280K)] 96489K->14305K(318976K), 0.0020200 secs] [Times: user=0.02 sys=0.00, real=0.00 secs] 
81.003: Total time for which application threads were stopped: 0.0042350 seconds, Stopping threads took: 0.0021380 seconds
81.078: Application time: 0.0750070 seconds
81.080: [GC [PSYoungGen: 90512K->5344K(97280K)] 97761K->12593K(318976K), 0.0015410 secs] [Times: user=0.01 sys=0.00, real=0.00 secs] 
81.082: Total time for which application threads were stopped: 0.0034540 seconds, Stopping threads took: 0.0018310 seconds
81.157: Application time: 0.0746240 seconds
81.159: [GC [PSYoungGen: 88800K->6400K(97280K)] 96049K->13657K(318976K), 0.0018850 secs] [Times: user=0.01 sys=0.00, real=0.01 secs] 
81.161: Total time for which application threads were stopped: 0.0044060 seconds, Stopping threads took: 0.0024470 seconds
81.237: Application time: 0.0763760 seconds
81.240: [GC [PSYoungGen: 89856K->6832K(97280K)] 97113K->14097K(318976K), 0.0020480 secs] [Times: user=0.01 sys=0.00, real=0.01 secs] 
81.242: Total time for which application threads were stopped: 0.0042630 seconds, Stopping threads took: 0.0021250 seconds
81.320: Application time: 0.0781490 seconds
81.323: [GC [PSYoungGen: 90288K->5696K(97280K)] 97553K->12969K(318976K), 0.0016450 secs] [Times: user=0.01 sys=0.00, real=0.00 secs] 
81.324: Total time for which application threads were stopped: 0.0045820 seconds, Stopping threads took: 0.0028570 seconds
81.398: Application time: 0.0739490 seconds
81.401: [GC [PSYoungGen: 89152K->7200K(97280K)] 96425K->14473K(318976K), 0.0019740 secs] [Times: user=0.01 sys=0.00, real=0.00 secs] 
81.403: Total time for which application threads were stopped: 0.0044960 seconds, Stopping threads took: 0.0024450 seconds
81.479: Application time: 0.0762310 seconds
81.482: [GC [PSYoungGen: 90656K->5520K(97280K)] 97929K->12801K(318976K), 0.0015550 secs] [Times: user=0.01 sys=0.00, real=0.00 secs] 
81.483: Total time for which application threads were stopped: 0.0040490 seconds, Stopping threads took: 0.0024200 seconds
81.555: Application time: 0.0719720 seconds
81.558: [GC [PSYoungGen: 88976K->8128K(97280K)] 96257K->15409K(318976K), 0.0023220 secs] [Times: user=0.01 sys=0.01, real=0.01 secs] 
81.560: Total time for which application threads were stopped: 0.0053420 seconds, Stopping threads took: 0.0029260 seconds
81.635: Application time: 0.0750290 seconds
81.638: [GC [PSYoungGen: 91584K->6720K(97280K)] 98865K->14009K(318976K), 0.0019030 secs] [Times: user=0.01 sys=0.00, real=0.00 secs] 
81.640: Total time for which application threads were stopped: 0.0046960 seconds, Stopping threads took: 0.0027150 seconds
81.716: Application time: 0.0754750 seconds
81.717: [GC [PSYoungGen: 90176K->8256K(97280K)] 97465K->15553K(318976K), 0.0024040 secs] [Times: user=0.02 sys=0.00, real=0.00 secs] 
81.720: Total time for which application threads were stopped: 0.0041900 seconds, Stopping threads took: 0.0017050 seconds
81.793: Application time: 0.0727930 seconds
81.794: [GC [PSYoungGen: 91712K->7472K(97280K)] 99009K->14777K(318976K), 0.0021890 secs] [Times: user=0.01 sys=0.00, real=0.00 secs] 
81.797: Total time for which application threads were stopped: 0.0040490 seconds, Stopping threads took: 0.0017760 seconds
81.868: Application time: 0.0714740 seconds
81.871: [GC [PSYoungGen: 90928K->7840K(97280K)] 98233K->15161K(318976K), 0.0022490 secs] [Times: user=0.01 sys=0.00, real=0.01 secs] 
81.873: Total time for which application threads were stopped: 0.0046580 seconds, Stopping threads took: 0.0023280 seconds
81.946: Application time: 0.0731360 seconds
81.948: [GC [PSYoungGen: 91296K->6080K(97280K)] 98617K->13409K(318976K), 0.0017810 secs] [Times: user=0.01 sys=0.00, real=0.00 secs] 
81.949: Total time for which application threads were stopped: 0.0034270 seconds, Stopping threads took: 0.0015710 seconds
82.021: Application time: 0.0713960 seconds
82.023: [GC [PSYoungGen: 89536K->7536K(97280K)] 96865K->14865K(318976K), 0.0021690 secs] [Times: user=0.01 sys=0.00, real=0.00 secs] 
82.025: Total time for which application threads were stopped: 0.0043580 seconds, Stopping threads took: 0.0021080 seconds
82.099: Application time: 0.0742440 seconds
82.102: [GC [PSYoungGen: 90992K->5984K(97280K)] 98321K->13321K(318976K), 0.0016470 secs] [Times: user=0.01 sys=0.00, real=0.00 secs] 
82.103: Total time for which application threads were stopped: 0.0038700 seconds, Stopping threads took: 0.0021550 seconds
82.176: Application time: 0.0725640 seconds
82.178: [GC [PSYoungGen: 89440K->7536K(97280K)] 96777K->14881K(318976K), 0.0021960 secs] [Times: user=0.02 sys=0.01, real=0.00 secs] 
82.180: Total time for which application threads were stopped: 0.0044970 seconds, Stopping threads took: 0.0022080 seconds
82.255: Application time: 0.0742510 seconds
82.256: [GC [PSYoungGen: 90992K->7328K(97280K)] 98337K->14689K(318976K), 0.0021250 secs] [Times: user=0.01 sys=0.00, real=0.00 secs] 
82.258: Total time for which application threads were stopped: 0.0036410 seconds, Stopping threads took: 0.0014330 seconds
82.332: Application time: 0.0736780 seconds
82.333: [GC [PSYoungGen: 90784K->6944K(97280K)] 98145K->14313K(318976K), 0.0018990 secs] [Times: user=0.01 sys=0.00, real=0.00 secs] 
82.335: Total time for which application threads were stopped: 0.0034940 seconds, Stopping threads took: 0.0015150 seconds
82.409: Application time: 0.0734620 seconds
82.411: [GC [PSYoungGen: 90400K->7600K(97280K)] 97769K->14985K(318976K), 0.0022250 secs] [Times: user=0.01 sys=0.00, real=0.01 secs] 
82.414: Total time for which application threads were stopped: 0.0048480 seconds, Stopping threads took: 0.0025430 seconds
82.487: Application time: 0.0735300 seconds
82.489: [GC [PSYoungGen: 91056K->7552K(97280K)] 98441K->14937K(318976K), 0.0021490 secs] [Times: user=0.01 sys=0.00, real=0.00 secs] 
82.491: Total time for which application threads were stopped: 0.0039040 seconds, Stopping threads took: 0.0016770 seconds
82.565: Application time: 0.0740870 seconds
82.566: [GC [PSYoungGen: 91008K->7072K(97280K)] 98393K->14465K(318976K), 0.0020570 secs] [Times: user=0.02 sys=0.00, real=0.00 secs] 
82.569: Total time for which application threads were stopped: 0.0033020 seconds, Stopping threads took: 0.0011650 seconds
82.644: Application time: 0.0750280 seconds
82.645: [GC [PSYoungGen: 90528K->7584K(97280K)] 97921K->14985K(318976K), 0.0021250 secs] [Times: user=0.02 sys=0.00, real=0.00 secs] 
82.648: Total time for which application threads were stopped: 0.0040300 seconds, Stopping threads took: 0.0018280 seconds
82.720: Application time: 0.0722080 seconds
82.721: [GC [PSYoungGen: 91040K->8000K(97280K)] 98441K->15409K(318976K), 0.0023590 secs] [Times: user=0.01 sys=0.00, real=0.00 secs] 
82.724: Total time for which application threads were stopped: 0.0039220 seconds, Stopping threads took: 0.0014790 seconds
82.797: Application time: 0.0732100 seconds
82.798: [GC [PSYoungGen: 91456K->7648K(97280K)] 98865K->15065K(318976K), 0.0021420 secs] [Times: user=0.00 sys=0.00, real=0.01 secs] 
82.801: Total time for which application threads were stopped: 0.0036610 seconds, Stopping threads took: 0.0014420 seconds
82.874: Application time: 0.0738330 seconds
82.877: [GC [PSYoungGen: 91104K->7824K(97280K)] 98521K->15241K(318976K), 0.0022750 secs] [Times: user=0.01 sys=0.00, real=0.00 secs] 
82.879: Total time for which application threads were stopped: 0.0049230 seconds, Stopping threads took: 0.0025620 seconds
82.955: Application time: 0.0759610 seconds
82.958: [GC [PSYoungGen: 91280K->8096K(97280K)] 98697K->15521K(318976K), 0.0023920 secs] [Times: user=0.00 sys=0.00, real=0.00 secs] 
82.960: Total time for which application threads were stopped: 0.0049960 seconds, Stopping threads took: 0.0025200 seconds
83.039: Application time: 0.0789280 seconds
83.042: [GC [PSYoungGen: 91552K->7520K(97280K)] 98977K->14945K(318976K), 0.0022170 secs] [Times: user=0.01 sys=0.00, real=0.00 secs] 
83.044: Total time for which application threads were stopped: 0.0050860 seconds, Stopping threads took: 0.0027890 seconds
83.124: Application time: 0.0794380 seconds
83.126: [GC [PSYoungGen: 90976K->6160K(97280K)] 98401K->13593K(318976K), 0.0018050 secs] [Times: user=0.01 sys=0.00, real=0.00 secs] 
83.128: Total time for which application threads were stopped: 0.0037880 seconds, Stopping threads took: 0.0019110 seconds
83.208: Application time: 0.0799520 seconds
83.210: [GC [PSYoungGen: 89616K->6992K(97280K)] 97049K->14433K(318976K), 0.0020300 secs] [Times: user=0.01 sys=0.00, real=0.01 secs] 
83.212: Total time for which application threads were stopped: 0.0049470 seconds, Stopping threads took: 0.0028340 seconds
83.291: Application time: 0.0786600 seconds
83.293: [GC [PSYoungGen: 90448K->7040K(97280K)] 97889K->14489K(318976K), 0.0021020 secs] [Times: user=0.02 sys=0.00, real=0.00 secs] 
83.295: Total time for which application threads were stopped: 0.0038790 seconds, Stopping threads took: 0.0016960 seconds
83.373: Application time: 0.0779670 seconds
83.376: [GC [PSYoungGen: 90496K->6976K(97280K)] 97945K->14425K(318976K), 0.0020330 secs] [Times: user=0.01 sys=0.00, real=0.00 secs] 
83.378: Total time for which application threads were stopped: 0.0048230 seconds, Stopping threads took: 0.0027050 seconds
83.457: Application time: 0.0790760 seconds
83.459: [GC [PSYoungGen: 90432K->6784K(97280K)] 97881K->14241K(318976K), 0.0020000 secs] [Times: user=0.02 sys=0.00, real=0.01 secs] 
83.461: Total time for which application threads were stopped: 0.0043690 seconds, Stopping threads took: 0.0022830 seconds
83.541: Application time: 0.0797220 seconds
83.544: [GC [PSYoungGen: 90240K->7504K(97280K)] 97697K->14961K(318976K), 0.0021650 secs] [Times: user=0.02 sys=0.00, real=0.00 secs] 
83.546: Total time for which application threads were stopped: 0.0053380 seconds, Stopping threads took: 0.0030900 seconds
83.624: Application time: 0.0774370 seconds
83.626: [GC [PSYoungGen: 90960K->7616K(97280K)] 98417K->15081K(318976K), 0.0020300 secs] [Times: user=0.01 sys=0.00, real=0.00 secs] 
83.628: Total time for which application threads were stopped: 0.0044850 seconds, Stopping threads took: 0.0023730 seconds
83.707: Application time: 0.0784780 seconds
83.710: [GC [PSYoungGen: 91072K->6640K(97280K)] 98537K->14113K(318976K), 0.0021190 secs] [Times: user=0.01 sys=0.00, real=0.00 secs] 
83.712: Total time for which application threads were stopped: 0.0052500 seconds, Stopping threads took: 0.0030310 seconds
83.790: Application time: 0.0775690 seconds
83.792: [GC [PSYoungGen: 90096K->7008K(97280K)] 97569K->14489K(318976K), 0.0022420 secs] [Times: user=0.01 sys=0.00, real=0.01 secs] 
83.794: Total time for which application threads were stopped: 0.0042840 seconds, Stopping threads took: 0.0019480 seconds
83.872: Application time: 0.0781950 seconds
83.875: [GC [PSYoungGen: 90464K->6816K(97280K)] 97945K->14297K(318976K), 0.0020560 secs] [Times: user=0.02 sys=0.00, real=0.00 secs] 
83.877: Total time for which application threads were stopped: 0.0048170 seconds, Stopping threads took: 0.0026780 seconds
83.955: Application time: 0.0780750 seconds
83.957: [GC [PSYoungGen: 90272K->6496K(97280K)] 97753K->13985K(318976K), 0.0019540 secs] [Times: user=0.02 sys=0.00, real=0.00 secs] 
83.959: Total time for which application threads were stopped: 0.0042190 seconds, Stopping threads took: 0.0021670 seconds
84.037: Application time: 0.0782680 seconds
84.040: [GC [PSYoungGen: 89952K->7648K(97280K)] 97441K->15137K(318976K), 0.0022480 secs] [Times: user=0.02 sys=0.00, real=0.00 secs] 
84.043: Total time for which application threads were stopped: 0.0053350 seconds, Stopping threads took: 0.0029960 seconds
84.121: Application time: 0.0785170 seconds
84.123: [GC [PSYoungGen: 91104K->6448K(97280K)] 98593K->13945K(318976K), 0.0020110 secs] [Times: user=0.01 sys=0.00, real=0.00 secs] 
84.125: Total time for which application threads were stopped: 0.0033970 seconds, Stopping threads took: 0.0012830 seconds
84.202: Application time: 0.0773550 seconds
84.204: [GC [PSYoungGen: 89904K->7504K(97280K)] 97401K->15017K(318976K), 0.0021860 secs] [Times: user=0.01 sys=0.00, real=0.00 secs] 
84.207: Total time for which application threads were stopped: 0.0045110 seconds, Stopping threads took: 0.0022400 seconds
84.285: Application time: 0.0785940 seconds
84.287: [GC [PSYoungGen: 90960K->6800K(97280K)] 98473K->14321K(318976K), 0.0020450 secs] [Times: user=0.01 sys=0.00, real=0.00 secs] 
84.289: Total time for which application threads were stopped: 0.0041590 seconds, Stopping threads took: 0.0020320 seconds
84.368: Application time: 0.0791310 seconds
84.370: [GC [PSYoungGen: 90256K->6512K(97280K)] 97777K->14041K(318976K), 0.0020690 secs] [Times: user=0.02 sys=0.00, real=0.00 secs] 
84.372: Total time for which application threads were stopped: 0.0038030 seconds, Stopping threads took: 0.0016320 seconds
84.453: Application time: 0.0807840 seconds
84.456: [GC [PSYoungGen: 89968K->7056K(97280K)] 97497K->14585K(318976K), 0.0020210 secs] [Times: user=0.01 sys=0.00, real=0.00 secs] 
84.458: Total time for which application threads were stopped: 0.0045370 seconds, Stopping threads took: 0.0024370 seconds
84.537: Application time: 0.0795240 seconds
84.540: [GC [PSYoungGen: 90512K->6368K(97280K)] 98041K->13905K(318976K), 0.0018230 secs] [Times: user=0.01 sys=0.00, real=0.01 secs] 
84.541: Total time for which application threads were stopped: 0.0043380 seconds, Stopping threads took: 0.0024350 seconds
84.621: Application time: 0.0794430 seconds
84.624: [GC [PSYoungGen: 89824K->6656K(97280K)] 97361K->14201K(318976K), 0.0018660 secs] [Times: user=0.01 sys=0.00, real=0.00 secs] 
84.625: Total time for which application threads were stopped: 0.0045930 seconds, Stopping threads took: 0.0026430 seconds
84.708: Application time: 0.0821160 seconds
84.710: [GC [PSYoungGen: 90112K->6512K(97280K)] 97657K->14065K(318976K), 0.0018570 secs] [Times: user=0.02 sys=0.00, real=0.00 secs] 
84.712: Total time for which application threads were stopped: 0.0041250 seconds, Stopping threads took: 0.0021720 seconds
84.791: Application time: 0.0790450 seconds
84.793: [GC [PSYoungGen: 89968K->7232K(97280K)] 97521K->14793K(318976K), 0.0019730 secs] [Times: user=0.01 sys=0.00, real=0.00 secs] 
84.795: Total time for which application threads were stopped: 0.0037540 seconds, Stopping threads took: 0.0017080 seconds
84.874: Application time: 0.0797230 seconds
84.876: [GC [PSYoungGen: 90688K->7872K(97280K)] 98249K->15441K(318976K), 0.0022690 secs] [Times: user=0.02 sys=0.00, real=0.00 secs] 
84.879: Total time for which application threads were stopped: 0.0044470 seconds, Stopping threads took: 0.0020890 seconds
84.956: Application time: 0.0774210 seconds
84.958: [GC [PSYoungGen: 91328K->8016K(97280K)] 98897K->15585K(318976K), 0.0023110 secs] [Times: user=0.01 sys=0.00, real=0.00 secs] 
84.960: Total time for which application threads were stopped: 0.0042330 seconds, Stopping threads took: 0.0018390 seconds
85.041: Application time: 0.0808450 seconds
85.043: [GC [PSYoungGen: 91472K->5744K(97280K)] 99041K->13321K(318976K), 0.0016660 secs] [Times: user=0.02 sys=0.00, real=0.00 secs] 
85.045: Total time for which application threads were stopped: 0.0038930 seconds, Stopping threads took: 0.0021520 seconds
85.125: Application time: 0.0803610 seconds
85.128: [GC [PSYoungGen: 89200K->7040K(97280K)] 96777K->14617K(318976K), 0.0020660 secs] [Times: user=0.02 sys=0.00, real=0.00 secs] 
85.130: Total time for which application threads were stopped: 0.0043380 seconds, Stopping threads took: 0.0021810 seconds
85.210: Application time: 0.0804800 seconds
85.213: [GC [PSYoungGen: 90496K->5648K(97280K)] 98073K->13241K(318976K), 0.0016330 secs] [Times: user=0.01 sys=0.00, real=0.00 secs] 
85.214: Total time for which application threads were stopped: 0.0039240 seconds, Stopping threads took: 0.0022170 seconds
85.292: Application time: 0.0774080 seconds
85.294: [GC [PSYoungGen: 89104K->7200K(97280K)] 96697K->14793K(318976K), 0.0020290 secs] [Times: user=0.01 sys=0.00, real=0.00 secs] 
85.296: Total time for which application threads were stopped: 0.0040990 seconds, Stopping threads took: 0.0019980 seconds
85.374: Application time: 0.0786590 seconds
85.377: [GC [PSYoungGen: 90656K->7152K(97280K)] 98249K->14753K(318976K), 0.0021530 secs] [Times: user=0.01 sys=0.00, real=0.00 secs] 
85.380: Total time for which application threads were stopped: 0.0052020 seconds, Stopping threads took: 0.0029570 seconds
85.460: Application time: 0.0804350 seconds
85.462: [GC [PSYoungGen: 90608K->5936K(97280K)] 98209K->13537K(318976K), 0.0019270 secs] [Times: user=0.01 sys=0.00, real=0.00 secs] 
85.464: Total time for which application threads were stopped: 0.0039450 seconds, Stopping threads took: 0.0019320 seconds
85.543: Application time: 0.0785700 seconds
85.545: [GC [PSYoungGen: 89392K->7232K(97280K)] 96993K->14841K(318976K), 0.0022290 secs] [Times: user=0.02 sys=0.00, real=0.00 secs] 
85.548: Total time for which application threads were stopped: 0.0051190 seconds, Stopping threads took: 0.0027960 seconds
85.624: Application time: 0.0766130 seconds
85.627: [GC [PSYoungGen: 90688K->7840K(97280K)] 98297K->15449K(318976K), 0.0023410 secs] [Times: user=0.02 sys=0.00, real=0.00 secs] 
85.629: Total time for which application threads were stopped: 0.0047000 seconds, Stopping threads took: 0.0022790 seconds
85.707: Application time: 0.0783850 seconds
85.710: [GC [PSYoungGen: 91296K->6592K(97280K)] 98905K->14209K(318976K), 0.0019310 secs] [Times: user=0.01 sys=0.00, real=0.00 secs] 
85.712: Total time for which application threads were stopped: 0.0047960 seconds, Stopping threads took: 0.0027730 seconds
85.790: Application time: 0.0778900 seconds
85.792: [GC [PSYoungGen: 90048K->7104K(97280K)] 97665K->14729K(318976K), 0.0020210 secs] [Times: user=0.02 sys=0.00, real=0.01 secs] 
85.794: Total time for which application threads were stopped: 0.0043500 seconds, Stopping threads took: 0.0022520 seconds
85.874: Application time: 0.0790930 seconds
85.876: [GC [PSYoungGen: 90560K->6560K(97280K)] 98185K->14193K(318976K), 0.0018300 secs] [Times: user=0.01 sys=0.00, real=0.00 secs] 
85.878: Total time for which application threads were stopped: 0.0045770 seconds, Stopping threads took: 0.0026660 seconds
85.957: Application time: 0.0785020 seconds
85.959: [GC [PSYoungGen: 90016K->8096K(97280K)] 97649K->15729K(318976K), 0.0023160 secs] [Times: user=0.01 sys=0.00, real=0.01 secs] 
85.962: Total time for which application threads were stopped: 0.0050650 seconds, Stopping threads took: 0.0026650 seconds
86.039: Application time: 0.0775260 seconds
86.040: [GC [PSYoungGen: 91552K->7728K(97280K)] 99185K->15369K(318976K), 0.0022550 secs] [Times: user=0.02 sys=0.00, real=0.01 secs] 
86.043: Total time for which application threads were stopped: 0.0034210 seconds, Stopping threads took: 0.0010850 seconds
86.123: Application time: 0.0808230 seconds
86.125: [GC [PSYoungGen: 91184K->7024K(97280K)] 98825K->14665K(318976K), 0.0019830 secs] [Times: user=0.02 sys=0.00, real=0.00 secs] 
86.127: Total time for which application threads were stopped: 0.0037760 seconds, Stopping threads took: 0.0017130 seconds
86.206: Application time: 0.0788710 seconds
86.209: [GC [PSYoungGen: 90480K->7632K(97280K)] 98121K->15281K(318976K), 0.0022380 secs] [Times: user=0.01 sys=0.00, real=0.00 secs] 
86.211: Total time for which application threads were stopped: 0.0050830 seconds, Stopping threads took: 0.0027610 seconds
86.292: Application time: 0.0806260 seconds
86.295: [GC [PSYoungGen: 91088K->7104K(97280K)] 98737K->14761K(318976K), 0.0020140 secs] [Times: user=0.01 sys=0.00, real=0.00 secs] 
86.297: Total time for which application threads were stopped: 0.0047600 seconds, Stopping threads took: 0.0026380 seconds
86.376: Application time: 0.0791910 seconds
86.379: [GC [PSYoungGen: 90560K->7424K(97280K)] 98217K->15089K(318976K), 0.0024430 secs] [Times: user=0.01 sys=0.00, real=0.01 secs] 
86.381: Total time for which application threads were stopped: 0.0054430 seconds, Stopping threads took: 0.0029170 seconds
86.457: Application time: 0.0759110 seconds
86.459: [GC [PSYoungGen: 90880K->7296K(97280K)] 98545K->14961K(318976K), 0.0021250 secs] [Times: user=0.01 sys=0.00, real=0.01 secs] 
86.461: Total time for which application threads were stopped: 0.0041240 seconds, Stopping threads took: 0.0019200 seconds
86.540: Application time: 0.0785330 seconds
86.543: [GC [PSYoungGen: 90752K->7440K(97280K)] 98417K->15105K(318976K), 0.0021130 secs] [Times: user=0.01 sys=0.00, real=0.00 secs] 
86.545: Total time for which application threads were stopped: 0.0051160 seconds, Stopping threads took: 0.0029210 seconds
86.623: Application time: 0.0777180 seconds
86.625: [GC [PSYoungGen: 90896K->7872K(97280K)] 98561K->15545K(318976K), 0.0022640 secs] [Times: user=0.01 sys=0.00, real=0.00 secs] 
86.627: Total time for which application threads were stopped: 0.0045260 seconds, Stopping threads took: 0.0021840 seconds
86.706: Application time: 0.0787850 seconds
86.708: [GC [PSYoungGen: 91328K->7104K(97280K)] 99001K->14785K(318976K), 0.0020650 secs] [Times: user=0.01 sys=0.00, real=0.00 secs] 
86.710: Total time for which application threads were stopped: 0.0037650 seconds, Stopping threads took: 0.0016170 seconds
86.787: Application time: 0.0777880 seconds
86.790: [GC [PSYoungGen: 90560K->8352K(97280K)] 98241K->16041K(318976K), 0.0024050 secs] [Times: user=0.01 sys=0.00, real=0.00 secs] 
86.792: Total time for which application threads were stopped: 0.0047090 seconds, Stopping threads took: 0.0022230 seconds
86.873: Application time: 0.0808920 seconds
86.875: [GC [PSYoungGen: 91808K->8000K(97280K)] 99497K->15697K(318976K), 0.0023130 secs] [Times: user=0.01 sys=0.00, real=0.00 secs] 
86.877: Total time for which application threads were stopped: 0.0041690 seconds, Stopping threads took: 0.0017610 seconds
86.954: Application time: 0.0771190 seconds
86.957: [GC [PSYoungGen: 91456K->7936K(97280K)] 99153K->15633K(318976K), 0.0021780 secs] [Times: user=0.01 sys=0.00, real=0.00 secs] 
86.959: Total time for which application threads were stopped: 0.0048080 seconds, Stopping threads took: 0.0025570 seconds
87.031: Application time: 0.0721370 seconds
87.034: [GC [PSYoungGen: 91392K->7696K(97280K)] 99089K->15393K(318976K), 0.0022390 secs] [Times: user=0.01 sys=0.00, real=0.00 secs] 
87.037: Total time for which application threads were stopped: 0.0051910 seconds, Stopping threads took: 0.0028510 seconds
87.111: Application time: 0.0741030 seconds
87.113: [GC [PSYoungGen: 91152K->7392K(97280K)] 98849K->15097K(318976K), 0.0021490 secs] [Times: user=0.02 sys=0.00, real=0.00 secs] 
87.115: Total time for which application threads were stopped: 0.0047790 seconds, Stopping threads took: 0.0025470 seconds
87.190: Application time: 0.0750550 seconds
87.192: [GC [PSYoungGen: 90848K->6736K(97280K)] 98553K->14449K(318976K), 0.0019720 secs] [Times: user=0.02 sys=0.00, real=0.01 secs] 
87.194: Total time for which application threads were stopped: 0.0035390 seconds, Stopping threads took: 0.0014910 seconds
87.268: Application time: 0.0735490 seconds
87.269: [GC [PSYoungGen: 90192K->7136K(97280K)] 97905K->14857K(318976K), 0.0019910 secs] [Times: user=0.01 sys=0.00, real=0.00 secs] 
87.271: Total time for which application threads were stopped: 0.0037230 seconds, Stopping threads took: 0.0016600 seconds
87.345: Application time: 0.0739650 seconds
87.348: [GC [PSYoungGen: 90592K->7648K(97280K)] 98313K->15377K(318976K), 0.0021770 secs] [Times: user=0.01 sys=0.00, real=0.00 secs] 
87.350: Total time for which application threads were stopped: 0.0047960 seconds, Stopping threads took: 0.0025380 seconds
87.423: Application time: 0.0731310 seconds
87.425: [GC [PSYoungGen: 91104K->7168K(97280K)] 98833K->14897K(318976K), 0.0020350 secs] [Times: user=0.01 sys=0.00, real=0.00 secs] 
87.428: Total time for which application threads were stopped: 0.0043900 seconds, Stopping threads took: 0.0022700 seconds
87.503: Application time: 0.0754900 seconds
87.505: [GC [PSYoungGen: 90624K->6320K(97280K)] 98353K->14049K(318976K), 0.0018170 secs] [Times: user=0.01 sys=0.00, real=0.00 secs] 
87.506: Total time for which application threads were stopped: 0.0033810 seconds, Stopping threads took: 0.0014920 seconds
87.582: Application time: 0.0752380 seconds
87.584: [GC [PSYoungGen: 89776K->6848K(97280K)] 97505K->14585K(318976K), 0.0019600 secs] [Times: user=0.01 sys=0.00, real=0.00 secs] 
87.586: Total time for which application threads were stopped: 0.0038900 seconds, Stopping threads took: 0.0018530 seconds
87.661: Application time: 0.0757760 seconds
87.664: [GC [PSYoungGen: 90304K->6512K(97280K)] 98041K->14257K(318976K), 0.0018720 secs] [Times: user=0.02 sys=0.00, real=0.00 secs] 
87.666: Total time for which application threads were stopped: 0.0045400 seconds, Stopping threads took: 0.0025940 seconds
87.740: Application time: 0.0743500 seconds
87.743: [GC [PSYoungGen: 89968K->7168K(97280K)] 97713K->14921K(318976K), 0.0021810 secs] [Times: user=0.01 sys=0.00, real=0.00 secs] 
87.745: Total time for which application threads were stopped: 0.0048090 seconds, Stopping threads took: 0.0025380 seconds
87.818: Application time: 0.0725450 seconds
87.819: [GC [PSYoungGen: 90624K->7328K(97280K)] 98377K->15089K(318976K), 0.0020980 secs] [Times: user=0.02 sys=0.00, real=0.01 secs] 
87.822: Total time for which application threads were stopped: 0.0040170 seconds, Stopping threads took: 0.0018400 seconds
87.894: Application time: 0.0727320 seconds
87.897: [GC [PSYoungGen: 90784K->6496K(97280K)] 98545K->14265K(318976K), 0.0019310 secs] [Times: user=0.01 sys=0.00, real=0.00 secs] 
87.899: Total time for which application threads were stopped: 0.0043670 seconds, Stopping threads took: 0.0023570 seconds
87.973: Application time: 0.0740330 seconds
87.976: [GC [PSYoungGen: 89952K->7760K(97280K)] 97721K->15529K(318976K), 0.0022070 secs] [Times: user=0.01 sys=0.00, real=0.00 secs] 
87.978: Total time for which application threads were stopped: 0.0051100 seconds, Stopping threads took: 0.0028140 seconds
88.052: Application time: 0.0745630 seconds
88.054: [GC [PSYoungGen: 91216K->6560K(97280K)] 98985K->14337K(318976K), 0.0020390 secs] [Times: user=0.02 sys=0.00, real=0.00 secs] 
88.056: Total time for which application threads were stopped: 0.0032780 seconds, Stopping threads took: 0.0011630 seconds
88.133: Application time: 0.0771910 seconds
88.135: [GC [PSYoungGen: 90016K->6176K(97280K)] 97793K->13953K(318976K), 0.0017290 secs] [Times: user=0.01 sys=0.00, real=0.00 secs] 
88.137: Total time for which application threads were stopped: 0.0040780 seconds, Stopping threads took: 0.0022740 seconds
88.212: Application time: 0.0751010 seconds
88.215: [GC [PSYoungGen: 89632K->7264K(97280K)] 97409K->15049K(318976K), 0.0021400 secs] [Times: user=0.01 sys=0.00, real=0.00 secs] 
88.217: Total time for which application threads were stopped: 0.0046690 seconds, Stopping threads took: 0.0024520 seconds
88.290: Application time: 0.0736700 seconds
88.293: [GC [PSYoungGen: 90720K->8000K(97280K)] 98505K->15793K(318976K), 0.0023240 secs] [Times: user=0.02 sys=0.00, real=0.00 secs] 
88.296: Total time for which application threads were stopped: 0.0053400 seconds, Stopping threads took: 0.0029330 seconds
88.369: Application time: 0.0730640 seconds
88.371: [GC [PSYoungGen: 91456K->7584K(97280K)] 99249K->15385K(318976K), 0.0020950 secs] [Times: user=0.02 sys=0.00, real=0.01 secs] 
88.374: Total time for which application threads were stopped: 0.0047490 seconds, Stopping threads took: 0.0025770 seconds
88.445: Application time: 0.0709410 seconds
88.447: [GC [PSYoungGen: 91040K->8064K(97280K)] 98841K->15865K(318976K), 0.0023630 secs] [Times: user=0.02 sys=0.00, real=0.00 secs] 
88.450: Total time for which application threads were stopped: 0.0049640 seconds, Stopping threads took: 0.0025200 seconds
88.525: Application time: 0.0758670 seconds
88.528: [GC [PSYoungGen: 91519K->5904K(97280K)] 99321K->13713K(318976K), 0.0017420 secs] [Times: user=0.01 sys=0.00, real=0.00 secs] 
88.529: Total time for which application threads were stopped: 0.0040600 seconds, Stopping threads took: 0.0022400 seconds
88.605: Application time: 0.0754380 seconds
88.606: [GC [PSYoungGen: 89360K->6400K(97280K)] 97169K->14209K(318976K), 0.0018260 secs] [Times: user=0.01 sys=0.00, real=0.00 secs] 
88.608: Total time for which application threads were stopped: 0.0033950 seconds, Stopping threads took: 0.0014960 seconds
88.684: Application time: 0.0758790 seconds
88.687: [GC [PSYoungGen: 89856K->7552K(97280K)] 97665K->15369K(318976K), 0.0020670 secs] [Times: user=0.01 sys=0.00, real=0.00 secs] 
88.689: Total time for which application threads were stopped: 0.0047010 seconds, Stopping threads took: 0.0025620 seconds
88.762: Application time: 0.0734230 seconds
88.765: [GC [PSYoungGen: 91008K->7568K(97280K)] 98825K->15393K(318976K), 0.0021540 secs] [Times: user=0.01 sys=0.00, real=0.00 secs] 
88.767: Total time for which application threads were stopped: 0.0047850 seconds, Stopping threads took: 0.0025540 seconds
88.841: Application time: 0.0736340 seconds
88.843: [GC [PSYoungGen: 91024K->7264K(97280K)] 98849K->15097K(318976K), 0.0021850 secs] [Times: user=0.00 sys=0.00, real=0.00 secs] 
88.845: Total time for which application threads were stopped: 0.0039940 seconds, Stopping threads took: 0.0017360 seconds
88.920: Application time: 0.0755810 seconds
88.923: [GC [PSYoungGen: 90720K->8208K(97280K)] 98553K->16041K(318976K), 0.0022100 secs] [Times: user=0.02 sys=0.00, real=0.00 secs] 
88.925: Total time for which application threads were stopped: 0.0050740 seconds, Stopping threads took: 0.0027890 seconds
88.999: Application time: 0.0733390 seconds
89.001: [GC [PSYoungGen: 91664K->6912K(97280K)] 99497K->14745K(318976K), 0.0020670 secs] [Times: user=0.02 sys=0.00, real=0.00 secs] 
89.003: Total time for which application threads were stopped: 0.0040310 seconds, Stopping threads took: 0.0018810 seconds
89.077: Application time: 0.0741260 seconds
89.080: [GC [PSYoungGen: 90368K->7296K(97280K)] 98201K->15137K(318976K), 0.0020610 secs] [Times: user=0.02 sys=0.00, real=0.01 secs] 
89.082: Total time for which application threads were stopped: 0.0048270 seconds, Stopping threads took: 0.0026800 seconds
89.156: Application time: 0.0740330 seconds
89.158: [GC [PSYoungGen: 90752K->7152K(97280K)] 98593K->15001K(318976K), 0.0019830 secs] [Times: user=0.02 sys=0.00, real=0.00 secs] 
89.160: Total time for which application threads were stopped: 0.0045300 seconds, Stopping threads took: 0.0024700 seconds
89.236: Application time: 0.0757380 seconds
89.238: [GC [PSYoungGen: 90608K->7360K(97280K)] 98457K->15217K(318976K), 0.0020760 secs] [Times: user=0.01 sys=0.00, real=0.00 secs] 
89.240: Total time for which application threads were stopped: 0.0041240 seconds, Stopping threads took: 0.0019700 seconds
89.312: Application time: 0.0722530 seconds
89.315: [GC [PSYoungGen: 90816K->7312K(97280K)] 98673K->15177K(318976K), 0.0021440 secs] [Times: user=0.01 sys=0.00, real=0.00 secs] 
89.317: Total time for which application threads were stopped: 0.0044010 seconds, Stopping threads took: 0.0021770 seconds
89.393: Application time: 0.0757950 seconds
89.395: [GC [PSYoungGen: 90768K->7280K(97280K)] 98633K->15145K(318976K), 0.0021910 secs] [Times: user=0.01 sys=0.00, real=0.00 secs] 
89.397: Total time for which application threads were stopped: 0.0047160 seconds, Stopping threads took: 0.0024490 seconds
89.471: Application time: 0.0741350 seconds
89.474: [GC [PSYoungGen: 90736K->7824K(97280K)] 98601K->15689K(318976K), 0.0021970 secs] [Times: user=0.02 sys=0.00, real=0.00 secs] 
89.477: Total time for which application threads were stopped: 0.0051380 seconds, Stopping threads took: 0.0028640 seconds
89.550: Application time: 0.0738530 seconds
89.553: [GC [PSYoungGen: 91280K->6288K(97280K)] 99145K->14161K(318976K), 0.0018320 secs] [Times: user=0.02 sys=0.00, real=0.00 secs] 
89.554: Total time for which application threads were stopped: 0.0040260 seconds, Stopping threads took: 0.0021030 seconds
89.628: Application time: 0.0738080 seconds
89.630: [GC [PSYoungGen: 89744K->6960K(97280K)] 97617K->14841K(318976K), 0.0020260 secs] [Times: user=0.02 sys=0.00, real=0.00 secs] 
89.632: Total time for which application threads were stopped: 0.0040650 seconds, Stopping threads took: 0.0019600 seconds
89.708: Application time: 0.0757080 seconds
89.711: [GC [PSYoungGen: 90416K->6400K(97280K)] 98297K->14289K(318976K), 0.0018050 secs] [Times: user=0.00 sys=0.01, real=0.01 secs] 
89.713: Total time for which application threads were stopped: 0.0046180 seconds, Stopping threads took: 0.0027340 seconds
89.785: Application time: 0.0719980 seconds
89.787: [GC [PSYoungGen: 89856K->7120K(97280K)] 97745K->15017K(318976K), 0.0020570 secs] [Times: user=0.01 sys=0.00, real=0.00 secs] 
89.789: Total time for which application threads were stopped: 0.0039310 seconds, Stopping threads took: 0.0017940 seconds
89.862: Application time: 0.0732880 seconds
89.864: [GC [PSYoungGen: 90576K->7856K(97280K)] 98473K->15761K(318976K), 0.0022680 secs] [Times: user=0.01 sys=0.00, real=0.00 secs] 
89.867: Total time for which application threads were stopped: 0.0046360 seconds, Stopping threads took: 0.0022900 seconds
89.939: Application time: 0.0728620 seconds
89.941: [GC [PSYoungGen: 91312K->7712K(97280K)] 99217K->15617K(318976K), 0.0022270 secs] [Times: user=0.01 sys=0.00, real=0.00 secs] 
89.944: Total time for which application threads were stopped: 0.0042860 seconds, Stopping threads took: 0.0019800 seconds
90.018: Application time: 0.0740090 seconds
90.020: [GC [PSYoungGen: 91168K->7184K(97280K)] 99073K->15097K(318976K), 0.0020900 secs] [Times: user=0.01 sys=0.00, real=0.01 secs] 
90.022: Total time for which application threads were stopped: 0.0044990 seconds, Stopping threads took: 0.0023320 seconds
90.097: Application time: 0.0743150 seconds
90.098: [GC [PSYoungGen: 90640K->7440K(97280K)] 98553K->15361K(318976K), 0.0021070 secs] [Times: user=0.02 sys=0.00, real=0.01 secs] 
90.101: Total time for which application threads were stopped: 0.0039740 seconds, Stopping threads took: 0.0017880 seconds
90.174: Application time: 0.0735530 seconds
90.176: [GC [PSYoungGen: 90894K->8080K(97280K)] 98816K->16009K(318976K), 0.0022950 secs] [Times: user=0.01 sys=0.00, real=0.00 secs] 
90.179: Total time for which application threads were stopped: 0.0047540 seconds, Stopping threads took: 0.0023680 seconds
90.253: Application time: 0.0740230 seconds
90.255: [GC [PSYoungGen: 91536K->7584K(97280K)] 99465K->15521K(318976K), 0.0020970 secs] [Times: user=0.01 sys=0.00, real=0.00 secs] 
90.258: Total time for which application threads were stopped: 0.0046720 seconds, Stopping threads took: 0.0024970 seconds
90.332: Application time: 0.0743160 seconds
90.334: [GC [PSYoungGen: 91040K->7008K(97280K)] 98977K->14953K(318976K), 0.0020010 secs] [Times: user=0.02 sys=0.00, real=0.00 secs] 
90.336: Total time for which application threads were stopped: 0.0038120 seconds, Stopping threads took: 0.0017130 seconds
90.412: Application time: 0.0758890 seconds
90.414: [GC [PSYoungGen: 90464K->7376K(97280K)] 98409K->15321K(318976K), 0.0021440 secs] [Times: user=0.02 sys=0.00, real=0.00 secs] 
90.416: Total time for which application threads were stopped: 0.0044280 seconds, Stopping threads took: 0.0021990 seconds
90.490: Application time: 0.0743150 seconds
90.492: [GC [PSYoungGen: 90832K->7376K(97280K)] 98777K->15329K(318976K), 0.0020970 secs] [Times: user=0.02 sys=0.00, real=0.00 secs] 
90.495: Total time for which application threads were stopped: 0.0042420 seconds, Stopping threads took: 0.0020620 seconds
90.570: Application time: 0.0753820 seconds
90.571: [GC [PSYoungGen: 90832K->7216K(97280K)] 98785K->15177K(318976K), 0.0020870 secs] [Times: user=0.01 sys=0.00, real=0.01 secs] 
90.573: Total time for which application threads were stopped: 0.0034720 seconds, Stopping threads took: 0.0013050 seconds
90.653: Application time: 0.0794870 seconds
90.654: [GC [PSYoungGen: 90672K->4176K(97280K)] 98633K->12153K(318976K), 0.0012770 secs] [Times: user=0.01 sys=0.00, real=0.00 secs] 
90.655: Total time for which application threads were stopped: 0.0021820 seconds, Stopping threads took: 0.0008380 seconds
90.730: Application time: 0.0750470 seconds
90.732: [GC [PSYoungGen: 87632K->7232K(97280K)] 95609K->15217K(318976K), 0.0019680 secs] [Times: user=0.01 sys=0.01, real=0.01 secs] 
90.734: Total time for which application threads were stopped: 0.0036640 seconds, Stopping threads took: 0.0016150 seconds
90.810: Application time: 0.0759700 seconds
90.811: [GC [PSYoungGen: 90688K->6576K(97280K)] 98673K->14569K(318976K), 0.0019210 secs] [Times: user=0.00 sys=0.00, real=0.01 secs] 
90.813: Total time for which application threads were stopped: 0.0029310 seconds, Stopping threads took: 0.0009350 seconds
90.891: Application time: 0.0778680 seconds
90.892: [GC [PSYoungGen: 90032K->5728K(97280K)] 98025K->13721K(318976K), 0.0016890 secs] [Times: user=0.01 sys=0.00, real=0.01 secs] 
90.894: Total time for which application threads were stopped: 0.0030510 seconds, Stopping threads took: 0.0012850 seconds
90.969: Application time: 0.0754400 seconds
90.971: [GC [PSYoungGen: 89184K->7744K(97280K)] 97177K->15737K(318976K), 0.0022600 secs] [Times: user=0.02 sys=0.00, real=0.01 secs] 
90.974: Total time for which application threads were stopped: 0.0047240 seconds, Stopping threads took: 0.0023720 seconds
91.054: Application time: 0.0801030 seconds
91.056: [GC [PSYoungGen: 91200K->7088K(97280K)] 99193K->15089K(318976K), 0.0020110 secs] [Times: user=0.01 sys=0.00, real=0.00 secs] 
91.058: Total time for which application threads were stopped: 0.0044830 seconds, Stopping threads took: 0.0023920 seconds
91.144: Application time: 0.0851870 seconds
91.145: [GC [PSYoungGen: 90544K->5280K(97280K)] 98545K->13289K(318976K), 0.0016370 secs] [Times: user=0.01 sys=0.00, real=0.00 secs] 
91.146: Total time for which application threads were stopped: 0.0029230 seconds, Stopping threads took: 0.0012110 seconds
91.226: Application time: 0.0791940 seconds
91.227: [GC [PSYoungGen: 88736K->7104K(97280K)] 96745K->15121K(318976K), 0.0021030 secs] [Times: user=0.01 sys=0.00, real=0.00 secs] 
91.229: Total time for which application threads were stopped: 0.0036360 seconds, Stopping threads took: 0.0014550 seconds
91.307: Application time: 0.0781490 seconds
91.310: [GC [PSYoungGen: 90560K->7520K(97280K)] 98577K->15545K(318976K), 0.0021710 secs] [Times: user=0.01 sys=0.00, real=0.00 secs] 
91.312: Total time for which application threads were stopped: 0.0044450 seconds, Stopping threads took: 0.0021850 seconds
91.390: Application time: 0.0778350 seconds
91.392: [GC [PSYoungGen: 90976K->7664K(97280K)] 99001K->15689K(318976K), 0.0020890 secs] [Times: user=0.01 sys=0.00, real=0.01 secs] 
91.394: Total time for which application threads were stopped: 0.0045920 seconds, Stopping threads took: 0.0024260 seconds
91.473: Application time: 0.0791120 seconds
91.477: [GC [PSYoungGen: 91120K->7872K(97280K)] 99145K->15897K(318976K), 0.0022180 secs] [Times: user=0.01 sys=0.00, real=0.00 secs] 
91.479: Total time for which application threads were stopped: 0.0053340 seconds, Stopping threads took: 0.0030350 seconds
91.556: Application time: 0.0775900 seconds
91.558: [GC [PSYoungGen: 91328K->8080K(97280K)] 99353K->16113K(318976K), 0.0022260 secs] [Times: user=0.01 sys=0.00, real=0.01 secs] 
91.561: Total time for which application threads were stopped: 0.0042460 seconds, Stopping threads took: 0.0019430 seconds
91.640: Application time: 0.0796830 seconds
91.643: [GC [PSYoungGen: 91536K->6944K(97280K)] 99569K->14985K(318976K), 0.0019820 secs] [Times: user=0.01 sys=0.00, real=0.00 secs] 
91.645: Total time for which application threads were stopped: 0.0045330 seconds, Stopping threads took: 0.0024740 seconds
91.723: Application time: 0.0776910 seconds
91.725: [GC [PSYoungGen: 90400K->8016K(97280K)] 98441K->16073K(318976K), 0.0023150 secs] [Times: user=0.02 sys=0.00, real=0.00 secs] 
91.727: Total time for which application threads were stopped: 0.0043620 seconds, Stopping threads took: 0.0019630 seconds
91.806: Application time: 0.0788140 seconds
91.808: [GC [PSYoungGen: 91472K->6512K(97280K)] 99529K->14577K(318976K), 0.0018760 secs] [Times: user=0.01 sys=0.00, real=0.00 secs] 
91.810: Total time for which application threads were stopped: 0.0038230 seconds, Stopping threads took: 0.0018700 seconds
91.889: Application time: 0.0791050 seconds
91.892: [GC [PSYoungGen: 89968K->7008K(97280K)] 98033K->15081K(318976K), 0.0019860 secs] [Times: user=0.01 sys=0.00, real=0.01 secs] 
91.894: Total time for which application threads were stopped: 0.0051310 seconds, Stopping threads took: 0.0030530 seconds
91.972: Application time: 0.0786650 seconds
91.975: [GC [PSYoungGen: 90464K->6368K(97280K)] 98537K->14441K(318976K), 0.0017830 secs] [Times: user=0.01 sys=0.00, real=0.00 secs] 
91.977: Total time for which application threads were stopped: 0.0040460 seconds, Stopping threads took: 0.0021870 seconds
92.055: Application time: 0.0785060 seconds
92.058: [GC [PSYoungGen: 89824K->6816K(97280K)] 97897K->14897K(318976K), 0.0019350 secs] [Times: user=0.01 sys=0.00, real=0.00 secs] 
92.060: Total time for which application threads were stopped: 0.0046650 seconds, Stopping threads took: 0.0026500 seconds
92.142: Application time: 0.0826500 seconds
92.144: [GC [PSYoungGen: 90272K->6128K(97280K)] 98353K->14217K(318976K), 0.0018460 secs] [Times: user=0.02 sys=0.00, real=0.00 secs] 
92.146: Total time for which application threads were stopped: 0.0032800 seconds, Stopping threads took: 0.0013550 seconds
92.225: Application time: 0.0791060 seconds
92.227: [GC [PSYoungGen: 89584K->6096K(97280K)] 97673K->14193K(318976K), 0.0017280 secs] [Times: user=0.00 sys=0.01, real=0.00 secs] 
92.229: Total time for which application threads were stopped: 0.0039490 seconds, Stopping threads took: 0.0021500 seconds
92.310: Application time: 0.0811500 seconds
92.313: [GC [PSYoungGen: 89552K->7488K(97280K)] 97649K->15593K(318976K), 0.0020920 secs] [Times: user=0.02 sys=0.00, real=0.00 secs] 
92.315: Total time for which application threads were stopped: 0.0049110 seconds, Stopping threads took: 0.0027370 seconds
92.394: Application time: 0.0795560 seconds
92.396: [GC [PSYoungGen: 90944K->6624K(97280K)] 99049K->14737K(318976K), 0.0019430 secs] [Times: user=0.01 sys=0.00, real=0.00 secs] 
92.398: Total time for which application threads were stopped: 0.0035060 seconds, Stopping threads took: 0.0014760 seconds
92.479: Application time: 0.0811340 seconds
92.481: [GC [PSYoungGen: 90080K->7040K(97280K)] 98193K->15153K(318976K), 0.0018990 secs] [Times: user=0.02 sys=0.00, real=0.00 secs] 
92.483: Total time for which application threads were stopped: 0.0041990 seconds, Stopping threads took: 0.0022290 seconds
92.563: Application time: 0.0796010 seconds
92.564: [GC [PSYoungGen: 90496K->6864K(97280K)] 98609K->14985K(318976K), 0.0020060 secs] [Times: user=0.01 sys=0.00, real=0.00 secs] 
92.566: Total time for which application threads were stopped: 0.0037110 seconds, Stopping threads took: 0.0016280 seconds
92.645: Application time: 0.0789340 seconds
92.647: [GC [PSYoungGen: 90320K->7232K(97280K)] 98441K->15361K(318976K), 0.0020680 secs] [Times: user=0.01 sys=0.00, real=0.00 secs] 
92.649: Total time for which application threads were stopped: 0.0037710 seconds, Stopping threads took: 0.0016270 seconds
92.727: Application time: 0.0779800 seconds
92.729: [GC [PSYoungGen: 90688K->7744K(97280K)] 98817K->15881K(318976K), 0.0021640 secs] [Times: user=0.02 sys=0.00, real=0.00 secs] 
92.732: Total time for which application threads were stopped: 0.0045500 seconds, Stopping threads took: 0.0023080 seconds
92.812: Application time: 0.0798060 seconds
92.813: [GC [PSYoungGen: 91200K->7344K(97280K)] 99337K->15489K(318976K), 0.0021020 secs] [Times: user=0.01 sys=0.00, real=0.00 secs] 
92.815: Total time for which application threads were stopped: 0.0037320 seconds, Stopping threads took: 0.0015500 seconds
92.893: Application time: 0.0780990 seconds
92.895: [GC [PSYoungGen: 90800K->7520K(97280K)] 98945K->15673K(318976K), 0.0021740 secs] [Times: user=0.02 sys=0.00, real=0.00 secs] 
92.898: Total time for which application threads were stopped: 0.0042710 seconds, Stopping threads took: 0.0020160 seconds
92.977: Application time: 0.0798860 seconds
92.979: [GC [PSYoungGen: 90976K->5920K(97280K)] 99129K->14073K(318976K), 0.0017520 secs] [Times: user=0.01 sys=0.00, real=0.01 secs] 
92.981: Total time for which application threads were stopped: 0.0035740 seconds, Stopping threads took: 0.0017410 seconds
93.060: Application time: 0.0787470 seconds
93.062: [GC [PSYoungGen: 89376K->7744K(97280K)] 97529K->15905K(318976K), 0.0021610 secs] [Times: user=0.01 sys=0.00, real=0.00 secs] 
93.064: Total time for which application threads were stopped: 0.0043060 seconds, Stopping threads took: 0.0020630 seconds
93.143: Application time: 0.0793000 seconds
93.146: [GC [PSYoungGen: 91200K->8128K(97280K)] 99361K->16297K(318976K), 0.0023640 secs] [Times: user=0.02 sys=0.00, real=0.00 secs] 
93.149: Total time for which application threads were stopped: 0.0052110 seconds, Stopping threads took: 0.0027450 seconds
93.227: Application time: 0.0786670 seconds
93.230: [GC [PSYoungGen: 91584K->7648K(97280K)] 99753K->15825K(318976K), 0.0024450 secs] [Times: user=0.02 sys=0.00, real=0.01 secs] 
93.232: Total time for which application threads were stopped: 0.0051620 seconds, Stopping threads took: 0.0026200 seconds
93.312: Application time: 0.0798440 seconds
93.316: [GC [PSYoungGen: 91104K->8368K(97280K)] 99281K->16561K(318976K), 0.0024240 secs] [Times: user=0.01 sys=0.00, real=0.00 secs] 
93.318: Total time for which application threads were stopped: 0.0057640 seconds, Stopping threads took: 0.0032590 seconds
93.397: Application time: 0.0790070 seconds
93.399: [GC [PSYoungGen: 91824K->6464K(97280K)] 100017K->14665K(318976K), 0.0019190 secs] [Times: user=0.01 sys=0.00, real=0.01 secs] 
93.401: Total time for which application threads were stopped: 0.0039260 seconds, Stopping threads took: 0.0019280 seconds
93.478: Application time: 0.0766980 seconds
93.480: [GC [PSYoungGen: 89920K->8192K(97280K)] 98121K->16393K(318976K), 0.0023010 secs] [Times: user=0.02 sys=0.00, real=0.01 secs] 
93.482: Total time for which application threads were stopped: 0.0046400 seconds, Stopping threads took: 0.0022480 seconds
93.560: Application time: 0.0773820 seconds
93.561: [GC [PSYoungGen: 91648K->7408K(97280K)] 99849K->15625K(318976K), 0.0021060 secs] [Times: user=0.01 sys=0.00, real=0.00 secs] 
93.564: Total time for which application threads were stopped: 0.0037630 seconds, Stopping threads took: 0.0015810 seconds
93.643: Application time: 0.0794580 seconds
93.646: [GC [PSYoungGen: 90864K->6624K(97280K)] 99081K->14849K(318976K), 0.0019040 secs] [Times: user=0.02 sys=0.00, real=0.00 secs] 
93.648: Total time for which application threads were stopped: 0.0046020 seconds, Stopping threads took: 0.0026200 seconds
93.727: Application time: 0.0798770 seconds
93.730: [GC [PSYoungGen: 90080K->7104K(97280K)] 98305K->15337K(318976K), 0.0020600 secs] [Times: user=0.02 sys=0.00, real=0.00 secs] 
93.732: Total time for which application threads were stopped: 0.0047210 seconds, Stopping threads took: 0.0025790 seconds
93.810: Application time: 0.0778420 seconds
93.813: [GC [PSYoungGen: 90560K->7664K(97280K)] 98793K->15905K(318976K), 0.0023000 secs] [Times: user=0.02 sys=0.00, real=0.00 secs] 
93.815: Total time for which application threads were stopped: 0.0050290 seconds, Stopping threads took: 0.0026460 seconds
93.896: Application time: 0.0810620 seconds
93.899: [GC [PSYoungGen: 91120K->8256K(97280K)] 99361K->16505K(318976K), 0.0024200 secs] [Times: user=0.02 sys=0.00, real=0.01 secs] 
93.902: Total time for which application threads were stopped: 0.0054110 seconds, Stopping threads took: 0.0029090 seconds
93.979: Application time: 0.0777780 seconds
93.982: [GC [PSYoungGen: 91712K->7024K(97280K)] 99961K->15273K(318976K), 0.0019720 secs] [Times: user=0.01 sys=0.00, real=0.00 secs] 
93.984: Total time for which application threads were stopped: 0.0042890 seconds, Stopping threads took: 0.0022350 seconds
94.064: Application time: 0.0802240 seconds
94.072: [GC [PSYoungGen: 90480K->5072K(97280K)] 98729K->13321K(318976K), 0.0015010 secs] [Times: user=0.01 sys=0.00, real=0.01 secs] 
94.073: Total time for which application threads were stopped: 0.0096140 seconds, Stopping threads took: 0.0080380 seconds
94.153: Application time: 0.0793010 seconds
94.156: [GC [PSYoungGen: 88528K->6432K(97280K)] 96777K->14689K(318976K), 0.0018290 secs] [Times: user=0.01 sys=0.00, real=0.00 secs] 
94.157: Total time for which application threads were stopped: 0.0046190 seconds, Stopping threads took: 0.0027070 seconds
94.235: Application time: 0.0777770 seconds
94.238: [GC [PSYoungGen: 89888K->7872K(97280K)] 98145K->16145K(318976K), 0.0022190 secs] [Times: user=0.01 sys=0.00, real=0.00 secs] 
94.240: Total time for which application threads were stopped: 0.0050220 seconds, Stopping threads took: 0.0027200 seconds
94.318: Application time: 0.0776140 seconds
94.320: [GC [PSYoungGen: 91328K->6208K(97280K)] 99601K->14489K(318976K), 0.0018400 secs] [Times: user=0.02 sys=0.00, real=0.01 secs] 
94.322: Total time for which application threads were stopped: 0.0038260 seconds, Stopping threads took: 0.0019060 seconds
94.398: Application time: 0.0759110 seconds
94.400: [GC [PSYoungGen: 89664K->7456K(97280K)] 97945K->15745K(318976K), 0.0022090 secs] [Times: user=0.02 sys=0.00, real=0.01 secs] 
94.402: Total time for which application threads were stopped: 0.0047080 seconds, Stopping threads took: 0.0024100 seconds
94.479: Application time: 0.0765220 seconds
94.481: [GC [PSYoungGen: 90912K->8112K(97280K)] 99201K->16409K(318976K), 0.0023430 secs] [Times: user=0.01 sys=0.00, real=0.00 secs] 
94.484: Total time for which application threads were stopped: 0.0048110 seconds, Stopping threads took: 0.0023900 seconds
94.562: Application time: 0.0784810 seconds
94.564: [GC [PSYoungGen: 91568K->6208K(97280K)] 99865K->14505K(318976K), 0.0018840 secs] [Times: user=0.01 sys=0.00, real=0.00 secs] 
94.566: Total time for which application threads were stopped: 0.0040920 seconds, Stopping threads took: 0.0021210 seconds
94.645: Application time: 0.0793210 seconds
94.647: [GC [PSYoungGen: 89664K->6544K(97280K)] 97961K->14849K(318976K), 0.0019680 secs] [Times: user=0.01 sys=0.00, real=0.00 secs] 
94.649: Total time for which application threads were stopped: 0.0038200 seconds, Stopping threads took: 0.0017680 seconds
94.728: Application time: 0.0790800 seconds
94.732: [GC [PSYoungGen: 90000K->6896K(97280K)] 98305K->15209K(318976K), 0.0020170 secs] [Times: user=0.01 sys=0.00, real=0.01 secs] 
94.734: Total time for which application threads were stopped: 0.0051790 seconds, Stopping threads took: 0.0030760 seconds
94.810: Application time: 0.0764650 seconds
94.812: [GC [PSYoungGen: 90352K->7760K(97280K)] 98665K->16073K(318976K), 0.0022740 secs] [Times: user=0.02 sys=0.00, real=0.01 secs] 
94.814: Total time for which application threads were stopped: 0.0042930 seconds, Stopping threads took: 0.0019350 seconds
94.893: Application time: 0.0789270 seconds
94.896: [GC [PSYoungGen: 91216K->8112K(97280K)] 99529K->16433K(318976K), 0.0023570 secs] [Times: user=0.02 sys=0.00, real=0.00 secs] 
94.899: Total time for which application threads were stopped: 0.0054030 seconds, Stopping threads took: 0.0029640 seconds
94.973: Application time: 0.0743370 seconds
94.975: [GC [PSYoungGen: 91568K->7680K(97280K)] 99889K->16009K(318976K), 0.0022530 secs] [Times: user=0.02 sys=0.00, real=0.00 secs] 
94.978: Total time for which application threads were stopped: 0.0046570 seconds, Stopping threads took: 0.0023240 seconds
95.052: Application time: 0.0738760 seconds
95.053: [GC [PSYoungGen: 91136K->6944K(97280K)] 99465K->15273K(318976K), 0.0020430 secs] [Times: user=0.01 sys=0.00, real=0.00 secs] 
95.055: Total time for which application threads were stopped: 0.0038390 seconds, Stopping threads took: 0.0017180 seconds
95.127: Application time: 0.0720950 seconds
95.130: [GC [PSYoungGen: 90400K->7296K(97280K)] 98729K->15633K(318976K), 0.0020400 secs] [Times: user=0.01 sys=0.00, real=0.00 secs] 
95.132: Total time for which application threads were stopped: 0.0044840 seconds, Stopping threads took: 0.0023590 seconds
95.206: Application time: 0.0736320 seconds
95.208: [GC [PSYoungGen: 90752K->6928K(97280K)] 99089K->15273K(318976K), 0.0019640 secs] [Times: user=0.02 sys=0.00, real=0.00 secs] 
95.210: Total time for which application threads were stopped: 0.0048640 seconds, Stopping threads took: 0.0028210 seconds
95.286: Application time: 0.0754920 seconds
95.288: [GC [PSYoungGen: 90384K->6480K(97280K)] 98729K->14833K(318976K), 0.0018550 secs] [Times: user=0.01 sys=0.00, real=0.00 secs] 
95.290: Total time for which application threads were stopped: 0.0039130 seconds, Stopping threads took: 0.0019850 seconds
95.365: Application time: 0.0754830 seconds
95.368: [GC [PSYoungGen: 89936K->7488K(97280K)] 98289K->15849K(318976K), 0.0021180 secs] [Times: user=0.02 sys=0.00, real=0.00 secs] 
95.370: Total time for which application threads were stopped: 0.0042940 seconds, Stopping threads took: 0.0020960 seconds
95.443: Application time: 0.0735740 seconds
95.445: [GC [PSYoungGen: 90944K->6688K(97280K)] 99305K->15057K(318976K), 0.0019610 secs] [Times: user=0.01 sys=0.00, real=0.00 secs] 
95.447: Total time for which application threads were stopped: 0.0039290 seconds, Stopping threads took: 0.0018890 seconds
95.520: Application time: 0.0729700 seconds
95.522: [GC [PSYoungGen: 90144K->7136K(97280K)] 98513K->15505K(318976K), 0.0020610 secs] [Times: user=0.02 sys=0.00, real=0.00 secs] 
95.524: Total time for which application threads were stopped: 0.0039900 seconds, Stopping threads took: 0.0018460 seconds
95.599: Application time: 0.0744850 seconds
95.600: [GC [PSYoungGen: 90592K->6272K(97280K)] 98961K->14649K(318976K), 0.0018240 secs] [Times: user=0.01 sys=0.00, real=0.01 secs] 
95.602: Total time for which application threads were stopped: 0.0035040 seconds, Stopping threads took: 0.0016040 seconds
95.675: Application time: 0.0729390 seconds
95.677: [GC [PSYoungGen: 89728K->7600K(97280K)] 98105K->15993K(318976K), 0.0023200 secs] [Times: user=0.01 sys=0.00, real=0.00 secs] 
95.679: Total time for which application threads were stopped: 0.0041290 seconds, Stopping threads took: 0.0017180 seconds
95.754: Application time: 0.0748580 seconds
95.756: [GC [PSYoungGen: 91056K->6480K(97280K)] 99449K->14881K(318976K), 0.0017700 secs] [Times: user=0.01 sys=0.00, real=0.00 secs] 
95.758: Total time for which application threads were stopped: 0.0036710 seconds, Stopping threads took: 0.0018280 seconds
95.833: Application time: 0.0752710 seconds
95.835: [GC [PSYoungGen: 89936K->7072K(97280K)] 98337K->15481K(318976K), 0.0018950 secs] [Times: user=0.02 sys=0.00, real=0.00 secs] 
95.837: Total time for which application threads were stopped: 0.0042480 seconds, Stopping threads took: 0.0022780 seconds
95.913: Application time: 0.0754710 seconds
95.914: [GC [PSYoungGen: 90528K->6800K(97280K)] 98937K->15217K(318976K), 0.0019940 secs] [Times: user=0.01 sys=0.00, real=0.00 secs] 
95.916: Total time for which application threads were stopped: 0.0037450 seconds, Stopping threads took: 0.0016750 seconds
95.990: Application time: 0.0735800 seconds
95.992: [GC [PSYoungGen: 90256K->7328K(97280K)] 98673K->15745K(318976K), 0.0020840 secs] [Times: user=0.01 sys=0.00, real=0.01 secs] 
95.994: Total time for which application threads were stopped: 0.0038180 seconds, Stopping threads took: 0.0016570 seconds
96.068: Application time: 0.0740370 seconds
96.070: [GC [PSYoungGen: 90784K->7312K(97280K)] 99201K->15729K(318976K), 0.0021490 secs] [Times: user=0.01 sys=0.00, real=0.00 secs] 
96.072: Total time for which application threads were stopped: 0.0040190 seconds, Stopping threads took: 0.0017860 seconds
96.149: Application time: 0.0772100 seconds
96.151: [GC [PSYoungGen: 90768K->7232K(97280K)] 99185K->15657K(318976K), 0.0019850 secs] [Times: user=0.01 sys=0.00, real=0.01 secs] 
96.153: Total time for which application threads were stopped: 0.0041490 seconds, Stopping threads took: 0.0020920 seconds
96.228: Application time: 0.0743900 seconds
96.230: [GC [PSYoungGen: 90688K->7072K(97280K)] 99113K->15505K(318976K), 0.0019800 secs] [Times: user=0.00 sys=0.01, real=0.01 secs] 
96.232: Total time for which application threads were stopped: 0.0047090 seconds, Stopping threads took: 0.0026310 seconds
96.306: Application time: 0.0740240 seconds
96.309: [GC [PSYoungGen: 90528K->8320K(97280K)] 98961K->16753K(318976K), 0.0024150 secs] [Times: user=0.01 sys=0.00, real=0.00 secs] 
96.312: Total time for which application threads were stopped: 0.0050610 seconds, Stopping threads took: 0.0025670 seconds
96.385: Application time: 0.0736610 seconds
96.388: [GC [PSYoungGen: 91776K->6960K(97280K)] 100209K->15401K(318976K), 0.0019570 secs] [Times: user=0.01 sys=0.00, real=0.00 secs] 
96.390: Total time for which application threads were stopped: 0.0047300 seconds, Stopping threads took: 0.0026920 seconds
96.466: Application time: 0.0759990 seconds
96.467: [GC [PSYoungGen: 90416K->6208K(97280K)] 98857K->14649K(318976K), 0.0017870 secs] [Times: user=0.01 sys=0.00, real=0.00 secs] 
96.469: Total time for which application threads were stopped: 0.0032950 seconds, Stopping threads took: 0.0014270 seconds
96.541: Application time: 0.0722620 seconds
96.544: [GC [PSYoungGen: 89664K->6688K(97280K)] 98105K->15129K(318976K), 0.0019550 secs] [Times: user=0.01 sys=0.00, real=0.00 secs] 
96.546: Total time for which application threads were stopped: 0.0041950 seconds, Stopping threads took: 0.0021530 seconds
96.618: Application time: 0.0727240 seconds
96.621: [GC [PSYoungGen: 90144K->7728K(97280K)] 98585K->16177K(318976K), 0.0022060 secs] [Times: user=0.02 sys=0.00, real=0.00 secs] 
96.623: Total time for which application threads were stopped: 0.0044380 seconds, Stopping threads took: 0.0021550 seconds
96.697: Application time: 0.0736930 seconds
96.698: [GC [PSYoungGen: 91184K->6944K(97280K)] 99633K->15401K(318976K), 0.0019340 secs] [Times: user=0.01 sys=0.00, real=0.01 secs] 
96.700: Total time for which application threads were stopped: 0.0039540 seconds, Stopping threads took: 0.0019410 seconds
96.774: Application time: 0.0732120 seconds
96.776: [GC [PSYoungGen: 90400K->7616K(97280K)] 98857K->16073K(318976K), 0.0022960 secs] [Times: user=0.02 sys=0.00, real=0.00 secs] 
96.778: Total time for which application threads were stopped: 0.0041630 seconds, Stopping threads took: 0.0017800 seconds
96.851: Application time: 0.0736450 seconds
96.854: [GC [PSYoungGen: 91072K->7648K(97280K)] 99529K->16113K(318976K), 0.0021630 secs] [Times: user=0.01 sys=0.00, real=0.00 secs] 
96.856: Total time for which application threads were stopped: 0.0046110 seconds, Stopping threads took: 0.0023690 seconds
96.929: Application time: 0.0724380 seconds
96.931: [GC [PSYoungGen: 91104K->8384K(97280K)] 99569K->16849K(318976K), 0.0023980 secs] [Times: user=0.02 sys=0.00, real=0.01 secs] 
96.933: Total time for which application threads were stopped: 0.0046240 seconds, Stopping threads took: 0.0021450 seconds
97.006: Application time: 0.0731390 seconds
97.009: [GC [PSYoungGen: 91840K->7504K(97280K)] 100305K->15969K(318976K), 0.0021990 secs] [Times: user=0.01 sys=0.00, real=0.00 secs] 
97.011: Total time for which application threads were stopped: 0.0049290 seconds, Stopping threads took: 0.0026460 seconds
97.085: Application time: 0.0735160 seconds
97.086: [GC [PSYoungGen: 90960K->8000K(97280K)] 99425K->16481K(318976K), 0.0022670 secs] [Times: user=0.01 sys=0.00, real=0.00 secs] 
97.089: Total time for which application threads were stopped: 0.0040030 seconds, Stopping threads took: 0.0016550 seconds
97.162: Application time: 0.0735370 seconds
97.164: [GC [PSYoungGen: 91456K->7456K(97280K)] 99937K->15945K(318976K), 0.0021610 secs] [Times: user=0.01 sys=0.00, real=0.00 secs] 
97.167: Total time for which application threads were stopped: 0.0043250 seconds, Stopping threads took: 0.0020850 seconds
97.240: Application time: 0.0735150 seconds
97.242: [GC [PSYoungGen: 90912K->7008K(97280K)] 99401K->15497K(318976K), 0.0021110 secs] [Times: user=0.01 sys=0.00, real=0.00 secs] 
97.244: Total time for which application threads were stopped: 0.0039030 seconds, Stopping threads took: 0.0017100 seconds
97.318: Application time: 0.0739460 seconds
97.319: [GC [PSYoungGen: 90464K->6112K(97280K)] 98953K->14609K(318976K), 0.0017600 secs] [Times: user=0.01 sys=0.00, real=0.01 secs] 
97.321: Total time for which application threads were stopped: 0.0031370 seconds, Stopping threads took: 0.0012870 seconds
97.397: Application time: 0.0760590 seconds
97.400: [GC [PSYoungGen: 89568K->7616K(97280K)] 98065K->16121K(318976K), 0.0022570 secs] [Times: user=0.02 sys=0.00, real=0.01 secs] 
97.402: Total time for which application threads were stopped: 0.0047290 seconds, Stopping threads took: 0.0023710 seconds
97.478: Application time: 0.0764760 seconds
97.481: [GC [PSYoungGen: 91072K->6544K(97280K)] 99577K->15049K(318976K), 0.0018430 secs] [Times: user=0.01 sys=0.00, real=0.00 secs] 
97.482: Total time for which application threads were stopped: 0.0040780 seconds, Stopping threads took: 0.0021600 seconds
97.555: Application time: 0.0728840 seconds
97.558: [GC [PSYoungGen: 90000K->8064K(97280K)] 98505K->16577K(318976K), 0.0022960 secs] [Times: user=0.02 sys=0.00, real=0.00 secs] 
97.560: Total time for which application threads were stopped: 0.0046390 seconds, Stopping threads took: 0.0022630 seconds
97.634: Application time: 0.0737270 seconds
97.636: [GC [PSYoungGen: 91520K->6800K(97280K)] 100033K->15321K(318976K), 0.0020220 secs] [Times: user=0.01 sys=0.00, real=0.00 secs] 
97.638: Total time for which application threads were stopped: 0.0043760 seconds, Stopping threads took: 0.0022740 seconds
97.711: Application time: 0.0732560 seconds
97.712: [GC [PSYoungGen: 90256K->5184K(97280K)] 98777K->13713K(318976K), 0.0014950 secs] [Times: user=0.00 sys=0.01, real=0.01 secs] 
97.714: Total time for which application threads were stopped: 0.0024870 seconds, Stopping threads took: 0.0009250 seconds
97.790: Application time: 0.0757230 seconds
97.791: [GC [PSYoungGen: 88640K->7200K(97280K)] 97169K->15737K(318976K), 0.0019820 secs] [Times: user=0.02 sys=0.00, real=0.01 secs] 
97.793: Total time for which application threads were stopped: 0.0036640 seconds, Stopping threads took: 0.0016070 seconds
97.867: Application time: 0.0732680 seconds
97.869: [GC [PSYoungGen: 90656K->7568K(97280K)] 99193K->16113K(318976K), 0.0022740 secs] [Times: user=0.01 sys=0.00, real=0.00 secs] 
97.871: Total time for which application threads were stopped: 0.0043710 seconds, Stopping threads took: 0.0020090 seconds
97.948: Application time: 0.0772420 seconds
97.949: [GC [PSYoungGen: 91024K->7840K(97280K)] 99569K->16385K(318976K), 0.0021850 secs] [Times: user=0.02 sys=0.00, real=0.00 secs] 
97.952: Total time for which application threads were stopped: 0.0033550 seconds, Stopping threads took: 0.0010910 seconds
98.027: Application time: 0.0754540 seconds
98.029: [GC [PSYoungGen: 91296K->7728K(97280K)] 99841K->16281K(318976K), 0.0021190 secs] [Times: user=0.01 sys=0.00, real=0.00 secs] 
98.031: Total time for which application threads were stopped: 0.0040500 seconds, Stopping threads took: 0.0018540 seconds
98.104: Application time: 0.0726530 seconds
98.105: [GC [PSYoungGen: 91184K->7280K(97280K)] 99737K->15833K(318976K), 0.0020860 secs] [Times: user=0.01 sys=0.00, real=0.00 secs] 
98.107: Total time for which application threads were stopped: 0.0037060 seconds, Stopping threads took: 0.0015370 seconds
98.181: Application time: 0.0731240 seconds
98.183: [GC [PSYoungGen: 90736K->7248K(97280K)] 99289K->15809K(318976K), 0.0020370 secs] [Times: user=0.02 sys=0.00, real=0.00 secs] 
98.185: Total time for which application threads were stopped: 0.0042140 seconds, Stopping threads took: 0.0021010 seconds
98.259: Application time: 0.0740290 seconds
98.262: [GC [PSYoungGen: 90704K->7936K(97280K)] 99265K->16505K(318976K), 0.0022930 secs] [Times: user=0.01 sys=0.00, real=0.00 secs] 
98.264: Total time for which application threads were stopped: 0.0053610 seconds, Stopping threads took: 0.0029910 seconds
98.338: Application time: 0.0737190 seconds
98.340: [GC [PSYoungGen: 91392K->8304K(97280K)] 99961K->16881K(318976K), 0.0023180 secs] [Times: user=0.01 sys=0.00, real=0.01 secs] 
98.343: Total time for which application threads were stopped: 0.0048150 seconds, Stopping threads took: 0.0024240 seconds
98.420: Application time: 0.0769070 seconds
98.422: [GC [PSYoungGen: 91760K->7504K(97280K)] 100337K->16081K(318976K), 0.0020920 secs] [Times: user=0.01 sys=0.00, real=0.00 secs] 
98.424: Total time for which application threads were stopped: 0.0042780 seconds, Stopping threads took: 0.0020980 seconds
98.498: Application time: 0.0745160 seconds
98.500: [GC [PSYoungGen: 90960K->6400K(97280K)] 99537K->14977K(318976K), 0.0019230 secs] [Times: user=0.01 sys=0.00, real=0.01 secs] 
98.502: Total time for which application threads were stopped: 0.0032100 seconds, Stopping threads took: 0.0012080 seconds
98.576: Application time: 0.0746980 seconds
98.577: [GC [PSYoungGen: 89856K->7216K(97280K)] 98433K->15801K(318976K), 0.0020510 secs] [Times: user=0.01 sys=0.00, real=0.00 secs] 
98.579: Total time for which application threads were stopped: 0.0031560 seconds, Stopping threads took: 0.0010240 seconds
98.655: Application time: 0.0751670 seconds
98.657: [GC [PSYoungGen: 90672K->6784K(97280K)] 99257K->15377K(318976K), 0.0022860 secs] [Times: user=0.01 sys=0.00, real=0.00 secs] 
98.659: Total time for which application threads were stopped: 0.0044870 seconds, Stopping threads took: 0.0020920 seconds
98.733: Application time: 0.0734250 seconds
98.735: [GC [PSYoungGen: 90240K->7264K(97280K)] 98833K->15857K(318976K), 0.0023590 secs] [Times: user=0.01 sys=0.00, real=0.00 secs] 
98.737: Total time for which application threads were stopped: 0.0047430 seconds, Stopping threads took: 0.0023040 seconds
98.811: Application time: 0.0738070 seconds
98.813: [GC [PSYoungGen: 90720K->7728K(97280K)] 99313K->16329K(318976K), 0.0023180 secs] [Times: user=0.02 sys=0.00, real=0.00 secs] 
98.816: Total time for which application threads were stopped: 0.0047190 seconds, Stopping threads took: 0.0023140 seconds
98.889: Application time: 0.0733850 seconds
98.891: [GC [PSYoungGen: 91184K->7104K(97280K)] 99785K->15705K(318976K), 0.0020290 secs] [Times: user=0.02 sys=0.00, real=0.01 secs] 
98.893: Total time for which application threads were stopped: 0.0037210 seconds, Stopping threads took: 0.0016120 seconds
98.969: Application time: 0.0762710 seconds
98.972: [GC [PSYoungGen: 90560K->6736K(97280K)] 99161K->15337K(318976K), 0.0019530 secs] [Times: user=0.01 sys=0.00, real=0.01 secs] 
98.974: Total time for which application threads were stopped: 0.0043490 seconds, Stopping threads took: 0.0023050 seconds
99.050: Application time: 0.0762430 seconds
99.052: [GC [PSYoungGen: 90192K->7056K(97280K)] 98793K->15665K(318976K), 0.0020530 secs] [Times: user=0.01 sys=0.00, real=0.01 secs] 
99.054: Total time for which application threads were stopped: 0.0038190 seconds, Stopping threads took: 0.0016830 seconds
99.133: Application time: 0.0796810 seconds
99.135: [GC [PSYoungGen: 90512K->7504K(97280K)] 99121K->16121K(318976K), 0.0021400 secs] [Times: user=0.01 sys=0.00, real=0.00 secs] 
99.138: Total time for which application threads were stopped: 0.0043790 seconds, Stopping threads took: 0.0021530 seconds
99.218: Application time: 0.0799410 seconds
99.220: [GC [PSYoungGen: 90960K->6928K(97280K)] 99577K->15545K(318976K), 0.0020110 secs] [Times: user=0.02 sys=0.00, real=0.01 secs] 
99.222: Total time for which application threads were stopped: 0.0040540 seconds, Stopping threads took: 0.0019620 seconds
99.300: Application time: 0.0783330 seconds
99.302: [GC [PSYoungGen: 90384K->7648K(97280K)] 99001K->16281K(318976K), 0.0023350 secs] [Times: user=0.01 sys=0.00, real=0.00 secs] 
99.304: Total time for which application threads were stopped: 0.0039440 seconds, Stopping threads took: 0.0015250 seconds
99.383: Application time: 0.0787320 seconds
99.385: [GC [PSYoungGen: 91104K->6608K(97280K)] 99737K->15249K(318976K), 0.0020760 secs] [Times: user=0.01 sys=0.00, real=0.00 secs] 
99.387: Total time for which application threads were stopped: 0.0042050 seconds, Stopping threads took: 0.0020540 seconds
99.467: Application time: 0.0798620 seconds
99.469: [GC [PSYoungGen: 90064K->7040K(97280K)] 98705K->15681K(318976K), 0.0020840 secs] [Times: user=0.01 sys=0.00, real=0.00 secs] 
99.471: Total time for which application threads were stopped: 0.0044610 seconds, Stopping threads took: 0.0023010 seconds
99.550: Application time: 0.0785950 seconds
99.551: [GC [PSYoungGen: 90496K->7088K(97280K)] 99137K->15737K(318976K), 0.0020620 secs] [Times: user=0.01 sys=0.00, real=0.01 secs] 
99.553: Total time for which application threads were stopped: 0.0036300 seconds, Stopping threads took: 0.0014760 seconds
99.633: Application time: 0.0798660 seconds
99.636: [GC [PSYoungGen: 90544K->7744K(97280K)] 99193K->16401K(318976K), 0.0022310 secs] [Times: user=0.02 sys=0.00, real=0.00 secs] 
99.638: Total time for which application threads were stopped: 0.0044860 seconds, Stopping threads took: 0.0021740 seconds
99.715: Application time: 0.0776080 seconds
99.718: [GC [PSYoungGen: 91200K->7424K(97280K)] 99857K->16081K(318976K), 0.0020870 secs] [Times: user=0.02 sys=0.00, real=0.00 secs] 
99.720: Total time for which application threads were stopped: 0.0049690 seconds, Stopping threads took: 0.0027900 seconds
99.799: Application time: 0.0784370 seconds
99.802: [GC [PSYoungGen: 90880K->6960K(97280K)] 99537K->15625K(318976K), 0.0018890 secs] [Times: user=0.01 sys=0.00, real=0.00 secs] 
99.804: Total time for which application threads were stopped: 0.0049180 seconds, Stopping threads took: 0.0029530 seconds
99.884: Application time: 0.0799830 seconds
99.886: [GC [PSYoungGen: 90416K->6576K(97280K)] 99081K->15249K(318976K), 0.0018520 secs] [Times: user=0.01 sys=0.00, real=0.00 secs] 
99.888: Total time for which application threads were stopped: 0.0039140 seconds, Stopping threads took: 0.0019860 seconds
99.967: Application time: 0.0798280 seconds
99.969: [GC [PSYoungGen: 90032K->6672K(97280K)] 98705K->15345K(318976K), 0.0019670 secs] [Times: user=0.02 sys=0.00, real=0.00 secs] 
99.971: Total time for which application threads were stopped: 0.0037210 seconds, Stopping threads took: 0.0016720 seconds
100.051: Application time: 0.0798560 seconds
100.053: [GC [PSYoungGen: 90128K->6240K(97280K)] 98801K->14921K(318976K), 0.0018040 secs] [Times: user=0.01 sys=0.00, real=0.00 secs] 
100.055: Total time for which application threads were stopped: 0.0041280 seconds, Stopping threads took: 0.0022380 seconds
100.135: Application time: 0.0802540 seconds
100.139: [GC [PSYoungGen: 89696K->6736K(97280K)] 98377K->15425K(318976K), 0.0018600 secs] [Times: user=0.01 sys=0.00, real=0.01 secs] 
100.140: Total time for which application threads were stopped: 0.0049850 seconds, Stopping threads took: 0.0030500 seconds
100.220: Application time: 0.0800320 seconds
100.222: [GC [PSYoungGen: 90192K->7232K(97280K)] 98881K->15929K(318976K), 0.0020930 secs] [Times: user=0.01 sys=0.00, real=0.00 secs] 
100.225: Total time for which application threads were stopped: 0.0041570 seconds, Stopping threads took: 0.0019810 seconds
100.304: Application time: 0.0789060 seconds
100.306: [GC [PSYoungGen: 90688K->7200K(97280K)] 99385K->15905K(318976K), 0.0020580 secs] [Times: user=0.01 sys=0.00, real=0.00 secs] 
100.308: Total time for which application threads were stopped: 0.0047690 seconds, Stopping threads took: 0.0026300 seconds
100.387: Application time: 0.0791310 seconds
100.390: [GC [PSYoungGen: 90656K->5296K(97280K)] 99361K->14009K(318976K), 0.0016040 secs] [Times: user=0.01 sys=0.00, real=0.00 secs] 
100.391: Total time for which application threads were stopped: 0.0038810 seconds, Stopping threads took: 0.0022040 seconds
100.471: Application time: 0.0797860 seconds
100.474: [GC [PSYoungGen: 88752K->6608K(97280K)] 97465K->15321K(318976K), 0.0019030 secs] [Times: user=0.01 sys=0.00, real=0.00 secs] 
100.476: Total time for which application threads were stopped: 0.0045090 seconds, Stopping threads took: 0.0025270 seconds
100.556: Application time: 0.0802940 seconds
100.557: [GC [PSYoungGen: 90064K->7120K(97280K)] 98777K->15833K(318976K), 0.0021240 secs] [Times: user=0.01 sys=0.00, real=0.00 secs] 
100.560: Total time for which application threads were stopped: 0.0036940 seconds, Stopping threads took: 0.0014840 seconds
100.640: Application time: 0.0803560 seconds
100.642: [GC [PSYoungGen: 90576K->7744K(97280K)] 99289K->16465K(318976K), 0.0022330 secs] [Times: user=0.01 sys=0.00, real=0.00 secs] 
100.645: Total time for which application threads were stopped: 0.0047210 seconds, Stopping threads took: 0.0024110 seconds
100.724: Application time: 0.0790310 seconds
100.727: [GC [PSYoungGen: 91200K->7072K(97280K)] 99921K->15801K(318976K), 0.0019770 secs] [Times: user=0.02 sys=0.00, real=0.00 secs] 
100.729: Total time for which application threads were stopped: 0.0048790 seconds, Stopping threads took: 0.0027960 seconds
100.807: Application time: 0.0780060 seconds
100.809: [GC [PSYoungGen: 90528K->7520K(97280K)] 99257K->16257K(318976K), 0.0021900 secs] [Times: user=0.01 sys=0.00, real=0.00 secs] 
100.811: Total time for which application threads were stopped: 0.0045610 seconds, Stopping threads took: 0.0022790 seconds
100.889: Application time: 0.0773580 seconds
100.890: [GC [PSYoungGen: 90976K->7328K(97280K)] 99713K->16073K(318976K), 0.0021000 secs] [Times: user=0.02 sys=0.00, real=0.00 secs] 
100.892: Total time for which application threads were stopped: 0.0037610 seconds, Stopping threads took: 0.0015810 seconds
100.970: Application time: 0.0780650 seconds
100.973: [GC [PSYoungGen: 90784K->6912K(97280K)] 99529K->15657K(318976K), 0.0020280 secs] [Times: user=0.02 sys=0.01, real=0.00 secs] 
100.975: Total time for which application threads were stopped: 0.0050520 seconds, Stopping threads took: 0.0029430 seconds
101.055: Application time: 0.0793160 seconds
101.057: [GC [PSYoungGen: 90368K->6128K(97280K)] 99113K->14873K(318976K), 0.0017700 secs] [Times: user=0.01 sys=0.00, real=0.00 secs] 
101.058: Total time for which application threads were stopped: 0.0037460 seconds, Stopping threads took: 0.0019010 seconds
101.138: Application time: 0.0795530 seconds
101.140: [GC [PSYoungGen: 89584K->4736K(97280K)] 98329K->13489K(318976K), 0.0015530 secs] [Times: user=0.01 sys=0.00, real=0.01 secs] 
101.141: Total time for which application threads were stopped: 0.0032330 seconds, Stopping threads took: 0.0015980 seconds
101.220: Application time: 0.0791240 seconds
101.224: [GC [PSYoungGen: 88192K->7760K(97280K)] 96945K->16521K(318976K), 0.0023990 secs] [Times: user=0.02 sys=0.00, real=0.00 secs] 
101.226: Total time for which application threads were stopped: 0.0057770 seconds, Stopping threads took: 0.0032720 seconds
101.304: Application time: 0.0777720 seconds
101.307: [GC [PSYoungGen: 91216K->7360K(97280K)] 99977K->16121K(318976K), 0.0023680 secs] [Times: user=0.01 sys=0.00, real=0.00 secs] 
101.309: Total time for which application threads were stopped: 0.0050260 seconds, Stopping threads took: 0.0025510 seconds
101.386: Application time: 0.0774580 seconds
101.388: [GC [PSYoungGen: 90816K->6288K(97280K)] 99577K->15057K(318976K), 0.0019550 secs] [Times: user=0.01 sys=0.00, real=0.00 secs] 
101.390: Total time for which application threads were stopped: 0.0037670 seconds, Stopping threads took: 0.0017260 seconds
101.469: Application time: 0.0787510 seconds
101.472: [GC [PSYoungGen: 89744K->6400K(97280K)] 98513K->15177K(318976K), 0.0020160 secs] [Times: user=0.01 sys=0.00, real=0.01 secs] 
101.474: Total time for which application threads were stopped: 0.0048480 seconds, Stopping threads took: 0.0027520 seconds
101.551: Application time: 0.0775640 seconds
101.554: [GC [PSYoungGen: 89856K->6928K(97280K)] 98633K->15705K(318976K), 0.0019290 secs] [Times: user=0.01 sys=0.00, real=0.00 secs] 
101.556: Total time for which application threads were stopped: 0.0042020 seconds, Stopping threads took: 0.0021740 seconds
101.635: Application time: 0.0793260 seconds
101.637: [GC [PSYoungGen: 90384K->6528K(97280K)] 99161K->15313K(318976K), 0.0020450 secs] [Times: user=0.01 sys=0.00, real=0.00 secs] 
101.639: Total time for which application threads were stopped: 0.0043100 seconds, Stopping threads took: 0.0021770 seconds
101.719: Application time: 0.0798580 seconds
101.721: [GC [PSYoungGen: 89984K->7008K(97280K)] 98769K->15801K(318976K), 0.0022480 secs] [Times: user=0.01 sys=0.00, real=0.00 secs] 
101.723: Total time for which application threads were stopped: 0.0040480 seconds, Stopping threads took: 0.0016930 seconds
101.803: Application time: 0.0797630 seconds
101.805: [GC [PSYoungGen: 90464K->6160K(97280K)] 99257K->14953K(318976K), 0.0020550 secs] [Times: user=0.01 sys=0.00, real=0.00 secs] 
101.807: Total time for which application threads were stopped: 0.0037500 seconds, Stopping threads took: 0.0016230 seconds
101.888: Application time: 0.0810660 seconds
101.890: [GC [PSYoungGen: 89616K->8064K(97280K)] 98409K->16865K(318976K), 0.0024250 secs] [Times: user=0.02 sys=0.00, real=0.00 secs] 
101.892: Total time for which application threads were stopped: 0.0046150 seconds, Stopping threads took: 0.0021060 seconds
101.970: Application time: 0.0774630 seconds
101.973: [GC [PSYoungGen: 91520K->6528K(97280K)] 100321K->15337K(318976K), 0.0019990 secs] [Times: user=0.01 sys=0.00, real=0.00 secs] 
101.975: Total time for which application threads were stopped: 0.0047700 seconds, Stopping threads took: 0.0026730 seconds
102.054: Application time: 0.0793600 seconds
102.056: [GC [PSYoungGen: 89984K->6432K(97280K)] 98793K->15241K(318976K), 0.0019120 secs] [Times: user=0.01 sys=0.00, real=0.00 secs] 
102.058: Total time for which application threads were stopped: 0.0036960 seconds, Stopping threads took: 0.0017050 seconds
102.136: Application time: 0.0788310 seconds
102.139: [GC [PSYoungGen: 89888K->7552K(97280K)] 98697K->16369K(318976K), 0.0021150 secs] [Times: user=0.01 sys=0.00, real=0.01 secs] 
102.141: Total time for which application threads were stopped: 0.0046830 seconds, Stopping threads took: 0.0024870 seconds
102.221: Application time: 0.0794960 seconds
102.223: [GC [PSYoungGen: 91008K->7712K(97280K)] 99825K->16537K(318976K), 0.0023560 secs] [Times: user=0.01 sys=0.00, real=0.00 secs] 
102.226: Total time for which application threads were stopped: 0.0049550 seconds, Stopping threads took: 0.0024870 seconds
102.303: Application time: 0.0770900 seconds
102.305: [GC [PSYoungGen: 91168K->8240K(97280K)] 99993K->17065K(318976K), 0.0025370 secs] [Times: user=0.02 sys=0.00, real=0.00 secs] 
102.308: Total time for which application threads were stopped: 0.0051460 seconds, Stopping threads took: 0.0025160 seconds
102.385: Application time: 0.0775730 seconds
102.388: [GC [PSYoungGen: 91696K->7120K(97280K)] 100521K->15953K(318976K), 0.0021440 secs] [Times: user=0.02 sys=0.00, real=0.00 secs] 
102.390: Total time for which application threads were stopped: 0.0048590 seconds, Stopping threads took: 0.0026290 seconds
102.468: Application time: 0.0774840 seconds
102.470: [GC [PSYoungGen: 90576K->6832K(97280K)] 99409K->15673K(318976K), 0.0018490 secs] [Times: user=0.01 sys=0.00, real=0.00 secs] 
102.472: Total time for which application threads were stopped: 0.0044930 seconds, Stopping threads took: 0.0025720 seconds
102.551: Application time: 0.0791740 seconds
102.554: [GC [PSYoungGen: 90288K->8112K(97280K)] 99129K->16953K(318976K), 0.0023270 secs] [Times: user=0.02 sys=0.00, real=0.00 secs] 
102.556: Total time for which application threads were stopped: 0.0047950 seconds, Stopping threads took: 0.0023860 seconds
102.637: Application time: 0.0812070 seconds
102.640: [GC [PSYoungGen: 91568K->7504K(97280K)] 100409K->16353K(318976K), 0.0021490 secs] [Times: user=0.02 sys=0.00, real=0.01 secs] 
102.642: Total time for which application threads were stopped: 0.0042570 seconds, Stopping threads took: 0.0020250 seconds
102.720: Application time: 0.0786450 seconds
102.723: [GC [PSYoungGen: 90960K->6288K(97280K)] 99809K->15145K(318976K), 0.0018660 secs] [Times: user=0.01 sys=0.00, real=0.00 secs] 
102.725: Total time for which application threads were stopped: 0.0043110 seconds, Stopping threads took: 0.0023680 seconds
102.803: Application time: 0.0784000 seconds
102.805: [GC [PSYoungGen: 89744K->6704K(97280K)] 98601K->15569K(318976K), 0.0020170 secs] [Times: user=0.02 sys=0.00, real=0.00 secs] 
102.807: Total time for which application threads were stopped: 0.0043350 seconds, Stopping threads took: 0.0022300 seconds
102.887: Application time: 0.0792990 seconds
102.889: [GC [PSYoungGen: 90160K->6592K(97280K)] 99025K->15465K(318976K), 0.0018920 secs] [Times: user=0.01 sys=0.00, real=0.00 secs] 
102.891: Total time for which application threads were stopped: 0.0043790 seconds, Stopping threads took: 0.0024020 seconds
102.965: Application time: 0.0734590 seconds
102.967: [GC [PSYoungGen: 90048K->7632K(97280K)] 98921K->16513K(318976K), 0.0021620 secs] [Times: user=0.02 sys=0.00, real=0.00 secs] 
102.969: Total time for which application threads were stopped: 0.0043970 seconds, Stopping threads took: 0.0021530 seconds
103.042: Application time: 0.0733770 seconds
103.044: [GC [PSYoungGen: 91088K->7712K(97280K)] 99969K->16593K(318976K), 0.0022520 secs] [Times: user=0.02 sys=0.00, real=0.00 secs] 
103.046: Total time for which application threads were stopped: 0.0038980 seconds, Stopping threads took: 0.0015640 seconds
103.121: Application time: 0.0746310 seconds
103.124: [GC [PSYoungGen: 91168K->8096K(97280K)] 100049K->16985K(318976K), 0.0022680 secs] [Times: user=0.02 sys=0.00, real=0.00 secs] 
103.126: Total time for which application threads were stopped: 0.0051520 seconds, Stopping threads took: 0.0028000 seconds
103.201: Application time: 0.0745340 seconds
103.202: [GC [PSYoungGen: 91552K->7296K(97280K)] 100441K->16193K(318976K), 0.0021680 secs] [Times: user=0.02 sys=0.00, real=0.00 secs] 
103.204: Total time for which application threads were stopped: 0.0036690 seconds, Stopping threads took: 0.0014190 seconds
103.280: Application time: 0.0758700 seconds
103.282: [GC [PSYoungGen: 90752K->7296K(97280K)] 99649K->16201K(318976K), 0.0021940 secs] [Times: user=0.02 sys=0.00, real=0.00 secs] 
103.284: Total time for which application threads were stopped: 0.0037230 seconds, Stopping threads took: 0.0014470 seconds
103.358: Application time: 0.0739660 seconds
103.360: [GC [PSYoungGen: 90752K->7424K(97280K)] 99657K->16329K(318976K), 0.0021930 secs] [Times: user=0.02 sys=0.00, real=0.01 secs] 
103.363: Total time for which application threads were stopped: 0.0048040 seconds, Stopping threads took: 0.0025150 seconds
103.437: Application time: 0.0745850 seconds
103.439: [GC [PSYoungGen: 90880K->6704K(97280K)] 99785K->15617K(318976K), 0.0019460 secs] [Times: user=0.01 sys=0.00, real=0.01 secs] 
103.441: Total time for which application threads were stopped: 0.0036400 seconds, Stopping threads took: 0.0016170 seconds
103.515: Application time: 0.0739970 seconds
103.517: [GC [PSYoungGen: 90160K->6240K(97280K)] 99073K->15153K(318976K), 0.0018030 secs] [Times: user=0.01 sys=0.00, real=0.00 secs] 
103.519: Total time for which application threads were stopped: 0.0045210 seconds, Stopping threads took: 0.0026430 seconds
103.594: Application time: 0.0743500 seconds
103.596: [GC [PSYoungGen: 89696K->8016K(97280K)] 98609K->16929K(318976K), 0.0022170 secs] [Times: user=0.02 sys=0.00, real=0.00 secs] 
103.599: Total time for which application threads were stopped: 0.0050370 seconds, Stopping threads took: 0.0027410 seconds
103.672: Application time: 0.0729370 seconds
103.674: [GC [PSYoungGen: 91472K->6432K(97280K)] 100385K->15353K(318976K), 0.0018930 secs] [Times: user=0.01 sys=0.00, real=0.00 secs] 
103.676: Total time for which application threads were stopped: 0.0039770 seconds, Stopping threads took: 0.0020070 seconds
103.748: Application time: 0.0722270 seconds
103.749: [GC [PSYoungGen: 89888K->6928K(97280K)] 98809K->15857K(318976K), 0.0020200 secs] [Times: user=0.01 sys=0.00, real=0.00 secs] 
103.751: Total time for which application threads were stopped: 0.0032880 seconds, Stopping threads took: 0.0011910 seconds
103.826: Application time: 0.0750390 seconds
103.828: [GC [PSYoungGen: 90384K->7008K(97280K)] 99313K->15937K(318976K), 0.0020030 secs] [Times: user=0.02 sys=0.00, real=0.00 secs] 
103.830: Total time for which application threads were stopped: 0.0040540 seconds, Stopping threads took: 0.0019730 seconds
103.906: Application time: 0.0755800 seconds
103.908: [GC [PSYoungGen: 90464K->7360K(97280K)] 99393K->16297K(318976K), 0.0021590 secs] [Times: user=0.01 sys=0.00, real=0.00 secs] 
103.911: Total time for which application threads were stopped: 0.0047190 seconds, Stopping threads took: 0.0024710 seconds
103.988: Application time: 0.0774430 seconds
103.990: [GC [PSYoungGen: 90816K->7776K(97280K)] 99753K->16721K(318976K), 0.0022890 secs] [Times: user=0.01 sys=0.00, real=0.00 secs] 
103.992: Total time for which application threads were stopped: 0.0039280 seconds, Stopping threads took: 0.0015570 seconds
104.066: Application time: 0.0737210 seconds
104.067: [GC [PSYoungGen: 91232K->7344K(97280K)] 100177K->16289K(318976K), 0.0020810 secs] [Times: user=0.02 sys=0.00, real=0.00 secs] 
104.070: Total time for which application threads were stopped: 0.0038880 seconds, Stopping threads took: 0.0017310 seconds
104.144: Application time: 0.0746690 seconds
104.147: [GC [PSYoungGen: 90800K->6672K(97280K)] 99745K->15625K(318976K), 0.0018590 secs] [Times: user=0.01 sys=0.00, real=0.00 secs] 
104.149: Total time for which application threads were stopped: 0.0045000 seconds, Stopping threads took: 0.0025410 seconds
104.222: Application time: 0.0731050 seconds
104.224: [GC [PSYoungGen: 90128K->8208K(97280K)] 99081K->17177K(318976K), 0.0023750 secs] [Times: user=0.02 sys=0.00, real=0.00 secs] 
104.226: Total time for which application threads were stopped: 0.0044680 seconds, Stopping threads took: 0.0020140 seconds
104.299: Application time: 0.0728110 seconds
104.301: [GC [PSYoungGen: 91664K->7600K(97280K)] 100633K->16569K(318976K), 0.0021220 secs] [Times: user=0.01 sys=0.00, real=0.00 secs] 
104.303: Total time for which application threads were stopped: 0.0039540 seconds, Stopping threads took: 0.0017510 seconds
104.377: Application time: 0.0740750 seconds
104.380: [GC [PSYoungGen: 91056K->6864K(97280K)] 100025K->15841K(318976K), 0.0018490 secs] [Times: user=0.01 sys=0.00, real=0.01 secs] 
104.382: Total time for which application threads were stopped: 0.0048140 seconds, Stopping threads took: 0.0028860 seconds
104.455: Application time: 0.0728930 seconds
104.458: [GC [PSYoungGen: 90320K->6992K(97280K)] 99297K->15977K(318976K), 0.0020170 secs] [Times: user=0.01 sys=0.01, real=0.00 secs] 
104.460: Total time for which application threads were stopped: 0.0048050 seconds, Stopping threads took: 0.0027040 seconds
104.531: Application time: 0.0718060 seconds
104.533: [GC [PSYoungGen: 90448K->7728K(97280K)] 99433K->16713K(318976K), 0.0022860 secs] [Times: user=0.02 sys=0.00, real=0.00 secs] 
104.535: Total time for which application threads were stopped: 0.0037140 seconds, Stopping threads took: 0.0013470 seconds
104.609: Application time: 0.0735480 seconds
104.611: [GC [PSYoungGen: 91184K->7776K(97280K)] 100169K->16769K(318976K), 0.0022670 secs] [Times: user=0.02 sys=0.00, real=0.01 secs] 
104.613: Total time for which application threads were stopped: 0.0047450 seconds, Stopping threads took: 0.0023970 seconds
104.689: Application time: 0.0752760 seconds
104.690: [GC [PSYoungGen: 91231K->5776K(97280K)] 100224K->14777K(318976K), 0.0017070 secs] [Times: user=0.01 sys=0.00, real=0.00 secs] 
104.692: Total time for which application threads were stopped: 0.0032380 seconds, Stopping threads took: 0.0014550 seconds
104.766: Application time: 0.0742980 seconds
104.769: [GC [PSYoungGen: 89232K->7152K(97280K)] 98233K->16153K(318976K), 0.0020260 secs] [Times: user=0.02 sys=0.00, real=0.00 secs] 
104.771: Total time for which application threads were stopped: 0.0045460 seconds, Stopping threads took: 0.0024460 seconds
104.846: Application time: 0.0752680 seconds
104.848: [GC [PSYoungGen: 90608K->6864K(97280K)] 99609K->15873K(318976K), 0.0019710 secs] [Times: user=0.01 sys=0.00, real=0.00 secs] 
104.850: Total time for which application threads were stopped: 0.0042790 seconds, Stopping threads took: 0.0022260 seconds
104.924: Application time: 0.0733850 seconds
104.927: [GC [PSYoungGen: 90320K->7440K(97280K)] 99329K->16457K(318976K), 0.0021300 secs] [Times: user=0.01 sys=0.00, real=0.00 secs] 
104.929: Total time for which application threads were stopped: 0.0050940 seconds, Stopping threads took: 0.0028780 seconds
105.003: Application time: 0.0740430 seconds
105.005: [GC [PSYoungGen: 90896K->6768K(97280K)] 99913K->15785K(318976K), 0.0019420 secs] [Times: user=0.01 sys=0.00, real=0.00 secs] 
105.007: Total time for which application threads were stopped: 0.0044610 seconds, Stopping threads took: 0.0024310 seconds
105.083: Application time: 0.0756200 seconds
105.084: [GC [PSYoungGen: 90224K->5568K(97280K)] 99241K->14593K(318976K), 0.0016490 secs] [Times: user=0.02 sys=0.00, real=0.00 secs] 
105.086: Total time for which application threads were stopped: 0.0030860 seconds, Stopping threads took: 0.0013640 seconds
105.161: Application time: 0.0753920 seconds
105.163: [GC [PSYoungGen: 89024K->6976K(97280K)] 98049K->16009K(318976K), 0.0020360 secs] [Times: user=0.02 sys=0.00, real=0.00 secs] 
105.165: Total time for which application threads were stopped: 0.0037040 seconds, Stopping threads took: 0.0015910 seconds
105.238: Application time: 0.0730340 seconds
105.241: [GC [PSYoungGen: 90432K->7536K(97280K)] 99465K->16577K(318976K), 0.0021720 secs] [Times: user=0.01 sys=0.00, real=0.00 secs] 
105.243: Total time for which application threads were stopped: 0.0047670 seconds, Stopping threads took: 0.0025050 seconds
105.316: Application time: 0.0725850 seconds
105.318: [GC [PSYoungGen: 90992K->6240K(97280K)] 100033K->15289K(318976K), 0.0017210 secs] [Times: user=0.01 sys=0.00, real=0.00 secs] 
105.320: Total time for which application threads were stopped: 0.0043430 seconds, Stopping threads took: 0.0025520 seconds
105.396: Application time: 0.0757010 seconds
105.398: [GC [PSYoungGen: 89696K->6688K(97280K)] 98745K->15745K(318976K), 0.0018830 secs] [Times: user=0.01 sys=0.00, real=0.00 secs] 
105.400: Total time for which application threads were stopped: 0.0045110 seconds, Stopping threads took: 0.0025480 seconds
105.475: Application time: 0.0746100 seconds
105.477: [GC [PSYoungGen: 90144K->6832K(97280K)] 99201K->15889K(318976K), 0.0020170 secs] [Times: user=0.02 sys=0.00, real=0.00 secs] 
105.479: Total time for which application threads were stopped: 0.0041880 seconds, Stopping threads took: 0.0020940 seconds
105.555: Application time: 0.0765590 seconds
105.558: [GC [PSYoungGen: 90288K->6080K(97280K)] 99345K->15137K(318976K), 0.0016330 secs] [Times: user=0.02 sys=0.00, real=0.00 secs] 
105.559: Total time for which application threads were stopped: 0.0038590 seconds, Stopping threads took: 0.0021470 seconds
105.634: Application time: 0.0748150 seconds
105.637: [GC [PSYoungGen: 89536K->7120K(97280K)] 98593K->16185K(318976K), 0.0020040 secs] [Times: user=0.01 sys=0.00, real=0.00 secs] 
105.639: Total time for which application threads were stopped: 0.0045350 seconds, Stopping threads took: 0.0024520 seconds
105.711: Application time: 0.0717850 seconds
105.712: [GC [PSYoungGen: 90576K->8320K(97280K)] 99641K->17393K(318976K), 0.0024540 secs] [Times: user=0.00 sys=0.01, real=0.01 secs] 
105.715: Total time for which application threads were stopped: 0.0043000 seconds, Stopping threads took: 0.0017610 seconds
105.789: Application time: 0.0743230 seconds
105.792: [GC [PSYoungGen: 91776K->7856K(97280K)] 100849K->16929K(318976K), 0.0023130 secs] [Times: user=0.01 sys=0.00, real=0.01 secs] 
105.794: Total time for which application threads were stopped: 0.0048690 seconds, Stopping threads took: 0.0024740 seconds
105.867: Application time: 0.0732950 seconds
105.870: [GC [PSYoungGen: 91312K->7360K(97280K)] 100385K->16441K(318976K), 0.0021220 secs] [Times: user=0.01 sys=0.00, real=0.00 secs] 
105.872: Total time for which application threads were stopped: 0.0048230 seconds, Stopping threads took: 0.0026250 seconds
105.945: Application time: 0.0731690 seconds
105.948: [GC [PSYoungGen: 90816K->7600K(97280K)] 99897K->16689K(318976K), 0.0021340 secs] [Times: user=0.01 sys=0.00, real=0.00 secs] 
105.951: Total time for which application threads were stopped: 0.0052770 seconds, Stopping threads took: 0.0030660 seconds
106.025: Application time: 0.0745590 seconds
106.028: [GC [PSYoungGen: 91056K->6128K(97280K)] 100145K->15217K(318976K), 0.0019360 secs] [Times: user=0.01 sys=0.00, real=0.00 secs] 
106.030: Total time for which application threads were stopped: 0.0044010 seconds, Stopping threads took: 0.0023960 seconds
106.105: Application time: 0.0753410 seconds
106.106: [GC [PSYoungGen: 89584K->6064K(97280K)] 98673K->15169K(318976K), 0.0018010 secs] [Times: user=0.01 sys=0.00, real=0.00 secs] 
106.108: Total time for which application threads were stopped: 0.0032920 seconds, Stopping threads took: 0.0014020 seconds
106.183: Application time: 0.0750710 seconds
106.185: [GC [PSYoungGen: 89520K->6480K(97280K)] 98625K->15593K(318976K), 0.0018420 secs] [Times: user=0.02 sys=0.00, real=0.00 secs] 
106.187: Total time for which application threads were stopped: 0.0037940 seconds, Stopping threads took: 0.0018810 seconds
106.259: Application time: 0.0717460 seconds
106.261: [GC [PSYoungGen: 89936K->7680K(97280K)] 99049K->16793K(318976K), 0.0023630 secs] [Times: user=0.02 sys=0.00, real=0.00 secs] 
106.264: Total time for which application threads were stopped: 0.0049660 seconds, Stopping threads took: 0.0024990 seconds
106.337: Application time: 0.0734040 seconds
106.339: [GC [PSYoungGen: 91136K->7376K(97280K)] 100249K->16497K(318976K), 0.0022290 secs] [Times: user=0.02 sys=0.00, real=0.01 secs] 
106.341: Total time for which application threads were stopped: 0.0039950 seconds, Stopping threads took: 0.0016840 seconds
106.412: Application time: 0.0712620 seconds
106.414: [GC [PSYoungGen: 90832K->6688K(97280K)] 99953K->15817K(318976K), 0.0019370 secs] [Times: user=0.01 sys=0.00, real=0.00 secs] 
106.416: Total time for which application threads were stopped: 0.0033360 seconds, Stopping threads took: 0.0013180 seconds
106.488: Application time: 0.0726630 seconds
106.491: [GC [PSYoungGen: 90144K->7280K(97280K)] 99273K->16409K(318976K), 0.0021300 secs] [Times: user=0.02 sys=0.00, real=0.01 secs] 
106.493: Total time for which application threads were stopped: 0.0043600 seconds, Stopping threads took: 0.0021480 seconds
106.566: Application time: 0.0732940 seconds
106.569: [GC [PSYoungGen: 90736K->7904K(97280K)] 99865K->17049K(318976K), 0.0022790 secs] [Times: user=0.02 sys=0.00, real=0.00 secs] 
106.571: Total time for which application threads were stopped: 0.0049750 seconds, Stopping threads took: 0.0025960 seconds
106.646: Application time: 0.0744270 seconds
106.648: [GC [PSYoungGen: 91360K->8224K(97280K)] 100505K->17377K(318976K), 0.0023850 secs] [Times: user=0.02 sys=0.00, real=0.00 secs] 
106.651: Total time for which application threads were stopped: 0.0051110 seconds, Stopping threads took: 0.0026340 seconds
106.725: Application time: 0.0739080 seconds
106.726: [GC [PSYoungGen: 91680K->6720K(97280K)] 100833K->15873K(318976K), 0.0019780 secs] [Times: user=0.02 sys=0.00, real=0.00 secs] 
106.728: Total time for which application threads were stopped: 0.0036020 seconds, Stopping threads took: 0.0015470 seconds
106.804: Application time: 0.0761090 seconds
106.806: [GC [PSYoungGen: 90176K->6096K(97280K)] 99329K->15257K(318976K), 0.0016820 secs] [Times: user=0.01 sys=0.00, real=0.00 secs] 
106.808: Total time for which application threads were stopped: 0.0034340 seconds, Stopping threads took: 0.0016790 seconds
106.881: Application time: 0.0730460 seconds
106.883: [GC [PSYoungGen: 89552K->7088K(97280K)] 98713K->16257K(318976K), 0.0019920 secs] [Times: user=0.02 sys=0.00, real=0.00 secs] 
106.885: Total time for which application threads were stopped: 0.0046730 seconds, Stopping threads took: 0.0026020 seconds
106.962: Application time: 0.0762730 seconds
106.964: [GC [PSYoungGen: 90544K->7568K(97280K)] 99713K->16737K(318976K), 0.0021480 secs] [Times: user=0.01 sys=0.00, real=0.00 secs] 
106.967: Total time for which application threads were stopped: 0.0049350 seconds, Stopping threads took: 0.0027080 seconds
107.046: Application time: 0.0792660 seconds
107.049: [GC [PSYoungGen: 91024K->6224K(97280K)] 100193K->15401K(318976K), 0.0017800 secs] [Times: user=0.01 sys=0.00, real=0.00 secs] 
107.050: Total time for which application threads were stopped: 0.0044570 seconds, Stopping threads took: 0.0026010 seconds
107.131: Application time: 0.0803960 seconds
107.133: [GC [PSYoungGen: 89680K->7712K(97280K)] 98857K->16897K(318976K), 0.0022180 secs] [Times: user=0.01 sys=0.00, real=0.00 secs] 
107.135: Total time for which application threads were stopped: 0.0047480 seconds, Stopping threads took: 0.0024540 seconds
107.214: Application time: 0.0783510 seconds
107.216: [GC [PSYoungGen: 91168K->7376K(97280K)] 100353K->16561K(318976K), 0.0021690 secs] [Times: user=0.01 sys=0.00, real=0.00 secs] 
107.218: Total time for which application threads were stopped: 0.0041140 seconds, Stopping threads took: 0.0018520 seconds
107.297: Application time: 0.0787740 seconds
107.299: [GC [PSYoungGen: 90832K->6784K(97280K)] 100017K->15977K(318976K), 0.0019680 secs] [Times: user=0.01 sys=0.00, real=0.01 secs] 
107.301: Total time for which application threads were stopped: 0.0040560 seconds, Stopping threads took: 0.0020070 seconds
107.378: Application time: 0.0774650 seconds
107.381: [GC [PSYoungGen: 90240K->8128K(97280K)] 99433K->17329K(318976K), 0.0023260 secs] [Times: user=0.02 sys=0.00, real=0.00 secs] 
107.383: Total time for which application threads were stopped: 0.0047850 seconds, Stopping threads took: 0.0023670 seconds
107.463: Application time: 0.0799470 seconds
107.465: [GC [PSYoungGen: 91584K->7184K(97280K)] 100785K->16385K(318976K), 0.0020790 secs] [Times: user=0.02 sys=0.00, real=0.00 secs] 
107.467: Total time for which application threads were stopped: 0.0042240 seconds, Stopping threads took: 0.0020640 seconds
107.546: Application time: 0.0785920 seconds
107.548: [GC [PSYoungGen: 90640K->7840K(97280K)] 99841K->17049K(318976K), 0.0022480 secs] [Times: user=0.02 sys=0.00, real=0.00 secs] 
107.550: Total time for which application threads were stopped: 0.0045600 seconds, Stopping threads took: 0.0022280 seconds
107.629: Application time: 0.0786140 seconds
107.630: [GC [PSYoungGen: 91296K->6560K(97280K)] 100505K->15777K(318976K), 0.0019460 secs] [Times: user=0.02 sys=0.00, real=0.00 secs] 
107.632: Total time for which application threads were stopped: 0.0032300 seconds, Stopping threads took: 0.0011790 seconds
107.712: Application time: 0.0799840 seconds
107.714: [GC [PSYoungGen: 90016K->7472K(97280K)] 99233K->16705K(318976K), 0.0020980 secs] [Times: user=0.02 sys=0.00, real=0.00 secs] 
107.716: Total time for which application threads were stopped: 0.0039900 seconds, Stopping threads took: 0.0018190 seconds
107.796: Application time: 0.0794310 seconds
107.798: [GC [PSYoungGen: 90928K->6064K(97280K)] 100161K->15305K(318976K), 0.0017060 secs] [Times: user=0.01 sys=0.00, real=0.00 secs] 
107.800: Total time for which application threads were stopped: 0.0042860 seconds, Stopping threads took: 0.0024980 seconds
107.877: Application time: 0.0770720 seconds
107.880: [GC [PSYoungGen: 89520K->7312K(97280K)] 98761K->16561K(318976K), 0.0021140 secs] [Times: user=0.01 sys=0.00, real=0.01 secs] 
107.882: Total time for which application threads were stopped: 0.0047410 seconds, Stopping threads took: 0.0025470 seconds
107.959: Application time: 0.0769700 seconds
107.959: [GC [PSYoungGen: 90768K->6672K(97280K)] 100017K->15929K(318976K), 0.0020070 secs] [Times: user=0.01 sys=0.00, real=0.01 secs] 
107.961: Total time for which application threads were stopped: 0.0027690 seconds, Stopping threads took: 0.0006840 seconds
108.041: Application time: 0.0792470 seconds
108.043: [GC [PSYoungGen: 90128K->7360K(97280K)] 99385K->16625K(318976K), 0.0021480 secs] [Times: user=0.01 sys=0.00, real=0.00 secs] 
108.045: Total time for which application threads were stopped: 0.0045520 seconds, Stopping threads took: 0.0023250 seconds
108.126: Application time: 0.0806700 seconds
108.129: [GC [PSYoungGen: 90816K->6960K(97280K)] 100081K->16233K(318976K), 0.0020010 secs] [Times: user=0.01 sys=0.00, real=0.00 secs] 
108.131: Total time for which application threads were stopped: 0.0048480 seconds, Stopping threads took: 0.0027640 seconds
108.209: Application time: 0.0782130 seconds
108.212: [GC [PSYoungGen: 90416K->8096K(97280K)] 99689K->17377K(318976K), 0.0026400 secs] [Times: user=0.02 sys=0.00, real=0.01 secs] 
108.215: Total time for which application threads were stopped: 0.0056090 seconds, Stopping threads took: 0.0028860 seconds
108.294: Application time: 0.0796700 seconds
108.298: [GC [PSYoungGen: 91552K->6560K(97280K)] 100833K->15849K(318976K), 0.0019780 secs] [Times: user=0.02 sys=0.00, real=0.00 secs] 
108.300: Total time for which application threads were stopped: 0.0052510 seconds, Stopping threads took: 0.0031640 seconds
108.379: Application time: 0.0793330 seconds
108.381: [GC [PSYoungGen: 90016K->7200K(97280K)] 99305K->16497K(318976K), 0.0021240 secs] [Times: user=0.02 sys=0.00, real=0.00 secs] 
108.383: Total time for which application threads were stopped: 0.0044300 seconds, Stopping threads took: 0.0022200 seconds
108.460: Application time: 0.0764040 seconds
108.462: [GC [PSYoungGen: 90656K->8304K(97280K)] 99953K->17609K(318976K), 0.0024600 secs] [Times: user=0.02 sys=0.00, real=0.00 secs] 
108.465: Total time for which application threads were stopped: 0.0051720 seconds, Stopping threads took: 0.0026290 seconds
108.543: Application time: 0.0777520 seconds
108.545: [GC [PSYoungGen: 91760K->7072K(97280K)] 101065K->16377K(318976K), 0.0021140 secs] [Times: user=0.01 sys=0.00, real=0.00 secs] 
108.547: Total time for which application threads were stopped: 0.0047640 seconds, Stopping threads took: 0.0025730 seconds
108.625: Application time: 0.0780680 seconds
108.628: [GC [PSYoungGen: 90528K->8112K(97280K)] 99833K->17449K(318976K), 0.0023390 secs] [Times: user=0.02 sys=0.00, real=0.00 secs] 
108.631: Total time for which application threads were stopped: 0.0050430 seconds, Stopping threads took: 0.0026140 seconds
108.711: Application time: 0.0802580 seconds
108.713: [GC [PSYoungGen: 91568K->7264K(97280K)] 100905K->16609K(318976K), 0.0020880 secs] [Times: user=0.01 sys=0.00, real=0.00 secs] 
108.715: Total time for which application threads were stopped: 0.0039050 seconds, Stopping threads took: 0.0017350 seconds
108.795: Application time: 0.0807040 seconds
108.798: [GC [PSYoungGen: 90720K->6560K(97280K)] 100065K->15913K(318976K), 0.0018600 secs] [Times: user=0.01 sys=0.00, real=0.00 secs] 
108.800: Total time for which application threads were stopped: 0.0048050 seconds, Stopping threads took: 0.0028630 seconds
108.880: Application time: 0.0796740 seconds
108.883: [GC [PSYoungGen: 90016K->6416K(97280K)] 99369K->15777K(318976K), 0.0018790 secs] [Times: user=0.01 sys=0.00, real=0.00 secs] 
108.884: Total time for which application threads were stopped: 0.0045630 seconds, Stopping threads took: 0.0025820 seconds
108.964: Application time: 0.0791470 seconds
108.965: [GC [PSYoungGen: 89872K->5872K(97280K)] 99233K->15241K(318976K), 0.0016510 secs] [Times: user=0.01 sys=0.00, real=0.00 secs] 
108.967: Total time for which application threads were stopped: 0.0033900 seconds, Stopping threads took: 0.0016680 seconds
109.046: Application time: 0.0789650 seconds
109.049: [GC [PSYoungGen: 89328K->6064K(97280K)] 98697K->15433K(318976K), 0.0019450 secs] [Times: user=0.01 sys=0.00, real=0.00 secs] 
109.051: Total time for which application threads were stopped: 0.0046390 seconds, Stopping threads took: 0.0026210 seconds
109.130: Application time: 0.0790320 seconds
109.132: [GC [PSYoungGen: 89520K->6560K(97280K)] 98889K->15937K(318976K), 0.0021300 secs] [Times: user=0.01 sys=0.00, real=0.01 secs] 
109.134: Total time for which application threads were stopped: 0.0042380 seconds, Stopping threads took: 0.0020110 seconds
109.210: Application time: 0.0762030 seconds
109.212: [GC [PSYoungGen: 90016K->7456K(97280K)] 99393K->16841K(318976K), 0.0024760 secs] [Times: user=0.02 sys=0.00, real=0.01 secs] 
109.214: Total time for which application threads were stopped: 0.0041850 seconds, Stopping threads took: 0.0016230 seconds
109.293: Application time: 0.0786290 seconds
109.296: [GC [PSYoungGen: 90912K->7600K(97280K)] 100297K->16993K(318976K), 0.0022300 secs] [Times: user=0.01 sys=0.00, real=0.00 secs] 
109.298: Total time for which application threads were stopped: 0.0052210 seconds, Stopping threads took: 0.0029080 seconds
109.377: Application time: 0.0792250 seconds
109.380: [GC [PSYoungGen: 91056K->8240K(97280K)] 100449K->17633K(318976K), 0.0023590 secs] [Times: user=0.02 sys=0.00, real=0.01 secs] 
109.382: Total time for which application threads were stopped: 0.0048450 seconds, Stopping threads took: 0.0023990 seconds
109.460: Application time: 0.0775620 seconds
109.462: [GC [PSYoungGen: 91694K->7744K(97280K)] 101088K->17145K(318976K), 0.0021960 secs] [Times: user=0.02 sys=0.00, real=0.00 secs] 
109.464: Total time for which application threads were stopped: 0.0043460 seconds, Stopping threads took: 0.0020560 seconds
109.542: Application time: 0.0777450 seconds
109.545: [GC [PSYoungGen: 91200K->7072K(97280K)] 100601K->16473K(318976K), 0.0020190 secs] [Times: user=0.02 sys=0.00, real=0.00 secs] 
109.547: Total time for which application threads were stopped: 0.0049030 seconds, Stopping threads took: 0.0027860 seconds
109.623: Application time: 0.0758230 seconds
109.624: [GC [PSYoungGen: 90528K->7408K(97280K)] 99929K->16817K(318976K), 0.0021300 secs] [Times: user=0.01 sys=0.00, real=0.00 secs] 
109.627: Total time for which application threads were stopped: 0.0040500 seconds, Stopping threads took: 0.0018320 seconds
109.707: Application time: 0.0806260 seconds
109.709: [GC [PSYoungGen: 90864K->7888K(97280K)] 100273K->17313K(318976K), 0.0023060 secs] [Times: user=0.02 sys=0.00, real=0.00 secs] 
109.711: Total time for which application threads were stopped: 0.0037180 seconds, Stopping threads took: 0.0013240 seconds
109.790: Application time: 0.0786130 seconds
109.793: [GC [PSYoungGen: 91344K->6880K(97280K)] 100769K->16313K(318976K), 0.0019770 secs] [Times: user=0.01 sys=0.00, real=0.00 secs] 
109.795: Total time for which application threads were stopped: 0.0052010 seconds, Stopping threads took: 0.0031490 seconds
109.872: Application time: 0.0776040 seconds
109.874: [GC [PSYoungGen: 90336K->7056K(97280K)] 99769K->16497K(318976K), 0.0022490 secs] [Times: user=0.02 sys=0.00, real=0.00 secs] 
109.876: Total time for which application threads were stopped: 0.0040080 seconds, Stopping threads took: 0.0016610 seconds
109.954: Application time: 0.0779200 seconds
109.957: [GC [PSYoungGen: 90512K->7392K(97280K)] 99953K->16841K(318976K), 0.0022490 secs] [Times: user=0.01 sys=0.00, real=0.00 secs] 
109.959: Total time for which application threads were stopped: 0.0048990 seconds, Stopping threads took: 0.0025430 seconds
110.037: Application time: 0.0782380 seconds
110.040: [GC [PSYoungGen: 90848K->6512K(97280K)] 100297K->15961K(318976K), 0.0018960 secs] [Times: user=0.01 sys=0.00, real=0.01 secs] 
110.042: Total time for which application threads were stopped: 0.0046490 seconds, Stopping threads took: 0.0026760 seconds
110.122: Application time: 0.0793840 seconds
110.124: [GC [PSYoungGen: 89968K->8224K(97280K)] 99417K->17681K(318976K), 0.0023520 secs] [Times: user=0.02 sys=0.00, real=0.00 secs] 
110.126: Total time for which application threads were stopped: 0.0048020 seconds, Stopping threads took: 0.0023670 seconds
110.206: Application time: 0.0800260 seconds
110.209: [GC [PSYoungGen: 91680K->7088K(97280K)] 101137K->16553K(318976K), 0.0020780 secs] [Times: user=0.01 sys=0.00, real=0.00 secs] 
110.211: Total time for which application threads were stopped: 0.0047210 seconds, Stopping threads took: 0.0025600 seconds
110.290: Application time: 0.0784580 seconds
110.292: [GC [PSYoungGen: 90544K->8096K(97280K)] 100009K->17569K(318976K), 0.0023090 secs] [Times: user=0.01 sys=0.00, real=0.01 secs] 
110.294: Total time for which application threads were stopped: 0.0045450 seconds, Stopping threads took: 0.0021540 seconds
110.372: Application time: 0.0777200 seconds
110.374: [GC [PSYoungGen: 91552K->7168K(97280K)] 101025K->16649K(318976K), 0.0021630 secs] [Times: user=0.01 sys=0.00, real=0.00 secs] 
110.376: Total time for which application threads were stopped: 0.0044710 seconds, Stopping threads took: 0.0022220 seconds
110.454: Application time: 0.0772910 seconds
110.457: [GC [PSYoungGen: 90624K->8256K(97280K)] 100105K->17745K(318976K), 0.0025170 secs] [Times: user=0.01 sys=0.00, real=0.00 secs] 
110.459: Total time for which application threads were stopped: 0.0056180 seconds, Stopping threads took: 0.0030170 seconds
110.537: Application time: 0.0782100 seconds
110.540: [GC [PSYoungGen: 91712K->7648K(97280K)] 101201K->17145K(318976K), 0.0023120 secs] [Times: user=0.01 sys=0.00, real=0.01 secs] 
110.542: Total time for which application threads were stopped: 0.0047130 seconds, Stopping threads took: 0.0023060 seconds
110.620: Application time: 0.0782110 seconds
110.623: [GC [PSYoungGen: 91104K->7104K(97280K)] 100601K->16609K(318976K), 0.0020990 secs] [Times: user=0.01 sys=0.00, real=0.00 secs] 
110.625: Total time for which application threads were stopped: 0.0043060 seconds, Stopping threads took: 0.0021120 seconds
110.704: Application time: 0.0791320 seconds
110.705: [GC [PSYoungGen: 90560K->5744K(97280K)] 100065K->15257K(318976K), 0.0016330 secs] [Times: user=0.01 sys=0.00, real=0.00 secs] 
110.707: Total time for which application threads were stopped: 0.0032130 seconds, Stopping threads took: 0.0015100 seconds
110.788: Application time: 0.0807550 seconds
110.789: [GC [PSYoungGen: 89200K->7168K(97280K)] 98713K->16689K(318976K), 0.0021160 secs] [Times: user=0.00 sys=0.00, real=0.00 secs] 
110.792: Total time for which application threads were stopped: 0.0038250 seconds, Stopping threads took: 0.0016330 seconds
110.869: Application time: 0.0773180 seconds
110.871: [GC [PSYoungGen: 90624K->6848K(97280K)] 100145K->16377K(318976K), 0.0019570 secs] [Times: user=0.02 sys=0.00, real=0.01 secs] 
110.873: Total time for which application threads were stopped: 0.0042870 seconds, Stopping threads took: 0.0022450 seconds
110.953: Application time: 0.0800330 seconds
110.956: [GC [PSYoungGen: 90304K->7136K(97280K)] 99833K->16673K(318976K), 0.0020990 secs] [Times: user=0.01 sys=0.00, real=0.00 secs] 
110.958: Total time for which application threads were stopped: 0.0045420 seconds, Stopping threads took: 0.0023680 seconds
111.034: Application time: 0.0762920 seconds
111.035: [GC [PSYoungGen: 90592K->6288K(97280K)] 100129K->15833K(318976K), 0.0018220 secs] [Times: user=0.01 sys=0.00, real=0.00 secs] 
111.037: Total time for which application threads were stopped: 0.0031530 seconds, Stopping threads took: 0.0012570 seconds
111.113: Application time: 0.0754500 seconds
111.117: [GC [PSYoungGen: 89744K->6384K(97280K)] 99289K->15929K(318976K), 0.0017260 secs] [Times: user=0.01 sys=0.00, real=0.00 secs] 
111.118: Total time for which application threads were stopped: 0.0055840 seconds, Stopping threads took: 0.0037860 seconds
111.191: Application time: 0.0730650 seconds
111.193: [GC [PSYoungGen: 89840K->8128K(97280K)] 99385K->17681K(318976K), 0.0023150 secs] [Times: user=0.01 sys=0.00, real=0.00 secs] 
111.196: Total time for which application threads were stopped: 0.0044980 seconds, Stopping threads took: 0.0020970 seconds
111.270: Application time: 0.0742530 seconds
111.272: [GC [PSYoungGen: 91584K->6288K(97280K)] 101137K->15849K(318976K), 0.0018270 secs] [Times: user=0.02 sys=0.00, real=0.01 secs] 
111.274: Total time for which application threads were stopped: 0.0039760 seconds, Stopping threads took: 0.0020710 seconds
111.349: Application time: 0.0744870 seconds
111.350: [GC [PSYoungGen: 89744K->5648K(97280K)] 99305K->15217K(318976K), 0.0017030 secs] [Times: user=0.01 sys=0.00, real=0.00 secs] 
111.352: Total time for which application threads were stopped: 0.0033240 seconds, Stopping threads took: 0.0015550 seconds
111.426: Application time: 0.0740460 seconds
111.429: [GC [PSYoungGen: 89104K->7456K(97280K)] 98673K->17033K(318976K), 0.0021740 secs] [Times: user=0.01 sys=0.00, real=0.00 secs] 
111.431: Total time for which application threads were stopped: 0.0050600 seconds, Stopping threads took: 0.0028080 seconds
111.507: Application time: 0.0763720 seconds
111.508: [GC [PSYoungGen: 90911K->5360K(97280K)] 100488K->14945K(318976K), 0.0016230 secs] [Times: user=0.02 sys=0.00, real=0.00 secs] 
111.510: Total time for which application threads were stopped: 0.0023090 seconds, Stopping threads took: 0.0006170 seconds
111.587: Application time: 0.0773550 seconds
111.589: [GC [PSYoungGen: 88816K->6320K(97280K)] 98401K->15905K(318976K), 0.0018150 secs] [Times: user=0.01 sys=0.00, real=0.00 secs] 
111.591: Total time for which application threads were stopped: 0.0036580 seconds, Stopping threads took: 0.0017600 seconds
111.663: Application time: 0.0719690 seconds
111.665: [GC [PSYoungGen: 89776K->7584K(97280K)] 99361K->17177K(318976K), 0.0020450 secs] [Times: user=0.02 sys=0.00, real=0.00 secs] 
111.667: Total time for which application threads were stopped: 0.0044360 seconds, Stopping threads took: 0.0023200 seconds
111.740: Application time: 0.0729830 seconds
111.742: [GC [PSYoungGen: 91040K->7664K(97280K)] 100633K->17265K(318976K), 0.0022880 secs] [Times: user=0.02 sys=0.00, real=0.00 secs] 
111.744: Total time for which application threads were stopped: 0.0043510 seconds, Stopping threads took: 0.0019700 seconds
111.820: Application time: 0.0759050 seconds
111.823: [GC [PSYoungGen: 91120K->8064K(97280K)] 100721K->17673K(318976K), 0.0024440 secs] [Times: user=0.02 sys=0.00, real=0.00 secs] 
111.825: Total time for which application threads were stopped: 0.0049300 seconds, Stopping threads took: 0.0023990 seconds
111.898: Application time: 0.0724560 seconds
111.900: [GC [PSYoungGen: 91520K->7584K(97280K)] 101129K->17193K(318976K), 0.0021750 secs] [Times: user=0.01 sys=0.00, real=0.00 secs] 
111.903: Total time for which application threads were stopped: 0.0049330 seconds, Stopping threads took: 0.0026760 seconds
111.977: Application time: 0.0744380 seconds
111.980: [GC [PSYoungGen: 91040K->7200K(97280K)] 100649K->16817K(318976K), 0.0020270 secs] [Times: user=0.01 sys=0.00, real=0.01 secs] 
111.982: Total time for which application threads were stopped: 0.0048160 seconds, Stopping threads took: 0.0027120 seconds
112.057: Application time: 0.0749440 seconds
112.059: [GC [PSYoungGen: 90656K->7408K(97280K)] 100273K->17025K(318976K), 0.0021420 secs] [Times: user=0.01 sys=0.00, real=0.01 secs] 
112.061: Total time for which application threads were stopped: 0.0043030 seconds, Stopping threads took: 0.0020790 seconds
112.137: Application time: 0.0756740 seconds
112.139: [GC [PSYoungGen: 90864K->6448K(97280K)] 100481K->16073K(318976K), 0.0018340 secs] [Times: user=0.02 sys=0.00, real=0.01 secs] 
112.141: Total time for which application threads were stopped: 0.0038700 seconds, Stopping threads took: 0.0019710 seconds
112.215: Application time: 0.0743410 seconds
112.217: [GC [PSYoungGen: 89904K->6640K(97280K)] 99529K->16273K(318976K), 0.0018930 secs] [Times: user=0.01 sys=0.00, real=0.00 secs] 
112.219: Total time for which application threads were stopped: 0.0038670 seconds, Stopping threads took: 0.0018960 seconds
112.290: Application time: 0.0713200 seconds
112.292: [GC [PSYoungGen: 90096K->8176K(97280K)] 99729K->17817K(318976K), 0.0022620 secs] [Times: user=0.02 sys=0.00, real=0.01 secs] 
112.295: Total time for which application threads were stopped: 0.0043890 seconds, Stopping threads took: 0.0020410 seconds
112.367: Application time: 0.0728430 seconds
112.370: [GC [PSYoungGen: 91632K->7616K(97280K)] 101273K->17257K(318976K), 0.0021690 secs] [Times: user=0.02 sys=0.00, real=0.01 secs] 
112.372: Total time for which application threads were stopped: 0.0049700 seconds, Stopping threads took: 0.0027130 seconds
112.446: Application time: 0.0732050 seconds
112.448: [GC [PSYoungGen: 91072K->6976K(97280K)] 100713K->16625K(318976K), 0.0019410 secs] [Times: user=0.01 sys=0.00, real=0.00 secs] 
112.450: Total time for which application threads were stopped: 0.0039140 seconds, Stopping threads took: 0.0019020 seconds
112.524: Application time: 0.0739980 seconds
112.526: [GC [PSYoungGen: 90432K->7296K(97280K)] 100081K->16945K(318976K), 0.0021340 secs] [Times: user=0.01 sys=0.00, real=0.00 secs] 
112.528: Total time for which application threads were stopped: 0.0047130 seconds, Stopping threads took: 0.0025000 seconds
112.602: Application time: 0.0736420 seconds
112.604: [GC [PSYoungGen: 90752K->7408K(97280K)] 100401K->17065K(318976K), 0.0022080 secs] [Times: user=0.01 sys=0.00, real=0.00 secs] 
112.606: Total time for which application threads were stopped: 0.0042310 seconds, Stopping threads took: 0.0019440 seconds
112.679: Application time: 0.0732620 seconds
112.682: [GC [PSYoungGen: 90864K->7312K(97280K)] 100521K->16977K(318976K), 0.0020880 secs] [Times: user=0.02 sys=0.00, real=0.00 secs] 
112.684: Total time for which application threads were stopped: 0.0047130 seconds, Stopping threads took: 0.0025500 seconds
112.757: Application time: 0.0726040 seconds
112.759: [GC [PSYoungGen: 90768K->7936K(97280K)] 100433K->17609K(318976K), 0.0023930 secs] [Times: user=0.02 sys=0.00, real=0.01 secs] 
112.761: Total time for which application threads were stopped: 0.0041870 seconds, Stopping threads took: 0.0017070 seconds
112.835: Application time: 0.0740690 seconds
112.837: [GC [PSYoungGen: 91392K->7632K(97280K)] 101065K->17313K(318976K), 0.0021970 secs] [Times: user=0.02 sys=0.00, real=0.00 secs] 
112.839: Total time for which application threads were stopped: 0.0043690 seconds, Stopping threads took: 0.0020800 seconds
112.912: Application time: 0.0722160 seconds
112.913: [GC [PSYoungGen: 91088K->7904K(97280K)] 100769K->17593K(318976K), 0.0022500 secs] [Times: user=0.01 sys=0.00, real=0.00 secs] 
112.916: Total time for which application threads were stopped: 0.0038950 seconds, Stopping threads took: 0.0015660 seconds
112.990: Application time: 0.0749180 seconds
112.992: [GC [PSYoungGen: 91360K->5440K(97280K)] 101049K->15137K(318976K), 0.0016200 secs] [Times: user=0.01 sys=0.00, real=0.01 secs] 
112.994: Total time for which application threads were stopped: 0.0032800 seconds, Stopping threads took: 0.0015900 seconds
113.069: Application time: 0.0750930 seconds
113.071: [GC [PSYoungGen: 88896K->6352K(97280K)] 98593K->16057K(318976K), 0.0018270 secs] [Times: user=0.02 sys=0.00, real=0.01 secs] 
113.073: Total time for which application threads were stopped: 0.0039490 seconds, Stopping threads took: 0.0020450 seconds
113.150: Application time: 0.0768050 seconds
113.151: [GC [PSYoungGen: 89808K->7424K(97280K)] 99513K->17137K(318976K), 0.0020910 secs] [Times: user=0.01 sys=0.00, real=0.01 secs] 
113.153: Total time for which application threads were stopped: 0.0038000 seconds, Stopping threads took: 0.0016340 seconds
113.227: Application time: 0.0734860 seconds
113.229: [GC [PSYoungGen: 90880K->7840K(97280K)] 100593K->17561K(318976K), 0.0022290 secs] [Times: user=0.02 sys=0.00, real=0.00 secs] 
113.231: Total time for which application threads were stopped: 0.0044830 seconds, Stopping threads took: 0.0021720 seconds
113.309: Application time: 0.0779560 seconds
113.311: [GC [PSYoungGen: 91296K->7248K(97280K)] 101017K->16977K(318976K), 0.0021250 secs] [Times: user=0.01 sys=0.00, real=0.01 secs] 
113.313: Total time for which application threads were stopped: 0.0034850 seconds, Stopping threads took: 0.0012810 seconds
113.387: Application time: 0.0740480 seconds
113.389: [GC [PSYoungGen: 90704K->7664K(97280K)] 100433K->17401K(318976K), 0.0022410 secs] [Times: user=0.01 sys=0.00, real=0.00 secs] 
113.391: Total time for which application threads were stopped: 0.0039630 seconds, Stopping threads took: 0.0016330 seconds
113.465: Application time: 0.0738550 seconds
113.465: [GC [PSYoungGen: 91120K->6736K(97280K)] 100857K->16481K(318976K), 0.0019190 secs] [Times: user=0.01 sys=0.00, real=0.00 secs] 
113.467: Total time for which application threads were stopped: 0.0027960 seconds, Stopping threads took: 0.0008010 seconds
113.543: Application time: 0.0758040 seconds
113.545: [GC [PSYoungGen: 90192K->6832K(97280K)] 99937K->16577K(318976K), 0.0019110 secs] [Times: user=0.00 sys=0.00, real=0.00 secs] 
113.547: Total time for which application threads were stopped: 0.0041730 seconds, Stopping threads took: 0.0021930 seconds
113.620: Application time: 0.0729940 seconds
113.623: [GC [PSYoungGen: 90288K->7472K(97280K)] 100033K->17225K(318976K), 0.0020780 secs] [Times: user=0.02 sys=0.00, real=0.00 secs] 
113.625: Total time for which application threads were stopped: 0.0046930 seconds, Stopping threads took: 0.0025430 seconds
113.699: Application time: 0.0735690 seconds
113.701: [GC [PSYoungGen: 90928K->7808K(97280K)] 100681K->17569K(318976K), 0.0024440 secs] [Times: user=0.02 sys=0.00, real=0.00 secs] 
113.703: Total time for which application threads were stopped: 0.0045330 seconds, Stopping threads took: 0.0020100 seconds
113.777: Application time: 0.0736940 seconds
113.779: [GC [PSYoungGen: 91264K->8224K(97280K)] 101025K->18001K(318976K), 0.0026240 secs] [Times: user=0.02 sys=0.00, real=0.01 secs] 
113.781: Total time for which application threads were stopped: 0.0045340 seconds, Stopping threads took: 0.0018070 seconds
113.854: Application time: 0.0728940 seconds
113.857: [GC [PSYoungGen: 91680K->6544K(97280K)] 101457K->16321K(318976K), 0.0020540 secs] [Times: user=0.02 sys=0.00, real=0.00 secs] 
113.859: Total time for which application threads were stopped: 0.0043900 seconds, Stopping threads took: 0.0022650 seconds
113.931: Application time: 0.0718880 seconds
113.933: [GC [PSYoungGen: 90000K->7648K(97280K)] 99777K->17441K(318976K), 0.0022660 secs] [Times: user=0.01 sys=0.00, real=0.00 secs] 
113.935: Total time for which application threads were stopped: 0.0044420 seconds, Stopping threads took: 0.0020900 seconds
114.012: Application time: 0.0767200 seconds
114.013: [GC [PSYoungGen: 91104K->5632K(97280K)] 100897K->15425K(318976K), 0.0016640 secs] [Times: user=0.01 sys=0.00, real=0.00 secs] 
114.015: Total time for which application threads were stopped: 0.0032670 seconds, Stopping threads took: 0.0015270 seconds
114.089: Application time: 0.0742540 seconds
114.092: [GC [PSYoungGen: 89088K->7376K(97280K)] 98881K->17177K(318976K), 0.0021190 secs] [Times: user=0.01 sys=0.00, real=0.01 secs] 
114.094: Total time for which application threads were stopped: 0.0047370 seconds, Stopping threads took: 0.0025350 seconds
114.168: Application time: 0.0736190 seconds
114.169: [GC [PSYoungGen: 90832K->7152K(97280K)] 100633K->16961K(318976K), 0.0020330 secs] [Times: user=0.01 sys=0.00, real=0.00 secs] 
114.171: Total time for which application threads were stopped: 0.0035650 seconds, Stopping threads took: 0.0014350 seconds
114.245: Application time: 0.0738190 seconds
114.248: [GC [PSYoungGen: 90608K->6656K(97280K)] 100417K->16473K(318976K), 0.0019240 secs] [Times: user=0.01 sys=0.00, real=0.00 secs] 
114.250: Total time for which application threads were stopped: 0.0049870 seconds, Stopping threads took: 0.0029820 seconds
114.324: Application time: 0.0739140 seconds
114.326: [GC [PSYoungGen: 90112K->7168K(97280K)] 99929K->16985K(318976K), 0.0020780 secs] [Times: user=0.02 sys=0.00, real=0.00 secs] 
114.329: Total time for which application threads were stopped: 0.0045470 seconds, Stopping threads took: 0.0023890 seconds
114.403: Application time: 0.0743420 seconds
114.405: [GC [PSYoungGen: 90624K->6608K(97280K)] 100441K->16433K(318976K), 0.0019570 secs] [Times: user=0.01 sys=0.00, real=0.00 secs] 
114.407: Total time for which application threads were stopped: 0.0043740 seconds, Stopping threads took: 0.0023360 seconds
114.480: Application time: 0.0726040 seconds
114.482: [GC [PSYoungGen: 90064K->6848K(97280K)] 99889K->16673K(318976K), 0.0022060 secs] [Times: user=0.02 sys=0.00, real=0.00 secs] 
114.484: Total time for which application threads were stopped: 0.0041290 seconds, Stopping threads took: 0.0018310 seconds
114.558: Application time: 0.0737880 seconds
114.560: [GC [PSYoungGen: 90304K->7584K(97280K)] 100129K->17417K(318976K), 0.0022490 secs] [Times: user=0.01 sys=0.00, real=0.01 secs] 
114.562: Total time for which application threads were stopped: 0.0043540 seconds, Stopping threads took: 0.0020240 seconds
114.635: Application time: 0.0724840 seconds
114.637: [GC [PSYoungGen: 91040K->8112K(97280K)] 100873K->17953K(318976K), 0.0023500 secs] [Times: user=0.01 sys=0.00, real=0.00 secs] 
114.639: Total time for which application threads were stopped: 0.0043300 seconds, Stopping threads took: 0.0018950 seconds
114.713: Application time: 0.0737190 seconds
114.715: [GC [PSYoungGen: 91568K->7520K(97280K)] 101409K->17369K(318976K), 0.0021410 secs] [Times: user=0.01 sys=0.00, real=0.00 secs] 
114.717: Total time for which application threads were stopped: 0.0047960 seconds, Stopping threads took: 0.0025730 seconds
114.791: Application time: 0.0730520 seconds
114.793: [GC [PSYoungGen: 90976K->7904K(97280K)] 100825K->17761K(318976K), 0.0023080 secs] [Times: user=0.02 sys=0.00, real=0.00 secs] 
114.795: Total time for which application threads were stopped: 0.0045210 seconds, Stopping threads took: 0.0021240 seconds
114.869: Application time: 0.0740270 seconds
114.871: [GC [PSYoungGen: 91360K->7200K(97280K)] 101217K->17065K(318976K), 0.0020810 secs] [Times: user=0.01 sys=0.01, real=0.01 secs] 
114.873: Total time for which application threads were stopped: 0.0035830 seconds, Stopping threads took: 0.0014220 seconds
114.947: Application time: 0.0738790 seconds
114.948: [GC [PSYoungGen: 90656K->6752K(97280K)] 100521K->16625K(318976K), 0.0019490 secs] [Times: user=0.01 sys=0.00, real=0.00 secs] 
114.950: Total time for which application threads were stopped: 0.0039530 seconds, Stopping threads took: 0.0019200 seconds
115.030: Application time: 0.0794260 seconds
115.032: [GC [PSYoungGen: 90208K->6176K(97280K)] 100081K->16057K(318976K), 0.0017840 secs] [Times: user=0.01 sys=0.00, real=0.01 secs] 
115.034: Total time for which application threads were stopped: 0.0040930 seconds, Stopping threads took: 0.0022230 seconds
115.114: Application time: 0.0797210 seconds
115.117: [GC [PSYoungGen: 89632K->7728K(97280K)] 99513K->17625K(318976K), 0.0022730 secs] [Times: user=0.02 sys=0.00, real=0.00 secs] 
115.119: Total time for which application threads were stopped: 0.0051490 seconds, Stopping threads took: 0.0027930 seconds
115.196: Application time: 0.0769760 seconds
115.198: [GC [PSYoungGen: 91184K->8064K(97280K)] 101081K->17977K(318976K), 0.0023580 secs] [Times: user=0.01 sys=0.00, real=0.00 secs] 
115.200: Total time for which application threads were stopped: 0.0041330 seconds, Stopping threads took: 0.0016880 seconds
115.278: Application time: 0.0779740 seconds
115.280: [GC [PSYoungGen: 91520K->7568K(97280K)] 101433K->17489K(318976K), 0.0022100 secs] [Times: user=0.02 sys=0.00, real=0.00 secs] 
115.283: Total time for which application threads were stopped: 0.0047530 seconds, Stopping threads took: 0.0024660 seconds
115.362: Application time: 0.0790910 seconds
115.364: [GC [PSYoungGen: 91024K->6848K(97280K)] 100945K->16777K(318976K), 0.0020820 secs] [Times: user=0.02 sys=0.00, real=0.00 secs] 
115.366: Total time for which application threads were stopped: 0.0041670 seconds, Stopping threads took: 0.0020040 seconds
115.444: Application time: 0.0779460 seconds
115.446: [GC [PSYoungGen: 90304K->7616K(97280K)] 100233K->17553K(318976K), 0.0022100 secs] [Times: user=0.01 sys=0.00, real=0.00 secs] 
115.449: Total time for which application threads were stopped: 0.0046510 seconds, Stopping threads took: 0.0023590 seconds
115.527: Application time: 0.0785160 seconds
115.530: [GC [PSYoungGen: 91072K->8176K(97280K)] 101009K->18121K(318976K), 0.0026750 secs] [Times: user=0.02 sys=0.00, real=0.00 secs] 
115.532: Total time for which application threads were stopped: 0.0052660 seconds, Stopping threads took: 0.0024950 seconds
115.612: Application time: 0.0794920 seconds
115.614: [GC [PSYoungGen: 91632K->7408K(97280K)] 101577K->17361K(318976K), 0.0020250 secs] [Times: user=0.02 sys=0.00, real=0.00 secs] 
115.616: Total time for which application threads were stopped: 0.0037520 seconds, Stopping threads took: 0.0016430 seconds
115.695: Application time: 0.0790410 seconds
115.697: [GC [PSYoungGen: 90864K->6704K(97280K)] 100817K->16665K(318976K), 0.0019990 secs] [Times: user=0.01 sys=0.00, real=0.00 secs] 
115.699: Total time for which application threads were stopped: 0.0043220 seconds, Stopping threads took: 0.0022410 seconds
115.775: Application time: 0.0763650 seconds
115.778: [GC [PSYoungGen: 90160K->8096K(97280K)] 100121K->18065K(318976K), 0.0023850 secs] [Times: user=0.02 sys=0.00, real=0.00 secs] 
115.780: Total time for which application threads were stopped: 0.0048420 seconds, Stopping threads took: 0.0023700 seconds
115.861: Application time: 0.0807230 seconds
115.862: [GC [PSYoungGen: 91552K->6752K(97280K)] 101521K->16721K(318976K), 0.0019350 secs] [Times: user=0.02 sys=0.00, real=0.00 secs] 
115.864: Total time for which application threads were stopped: 0.0034120 seconds, Stopping threads took: 0.0013940 seconds
115.943: Application time: 0.0788520 seconds
115.945: [GC [PSYoungGen: 90208K->8288K(97280K)] 100177K->18273K(318976K), 0.0025540 secs] [Times: user=0.01 sys=0.00, real=0.00 secs] 
115.947: Total time for which application threads were stopped: 0.0039290 seconds, Stopping threads took: 0.0012910 seconds
116.025: Application time: 0.0779990 seconds
116.028: [GC [PSYoungGen: 91744K->7760K(97280K)] 101729K->17753K(318976K), 0.0025330 secs] [Times: user=0.02 sys=0.00, real=0.00 secs] 
116.030: Total time for which application threads were stopped: 0.0049600 seconds, Stopping threads took: 0.0023420 seconds
116.110: Application time: 0.0798490 seconds
116.111: [GC [PSYoungGen: 91216K->6592K(97280K)] 101209K->16593K(318976K), 0.0020470 secs] [Times: user=0.01 sys=0.00, real=0.01 secs] 
116.113: Total time for which application threads were stopped: 0.0033290 seconds, Stopping threads took: 0.0011990 seconds
116.193: Application time: 0.0792680 seconds
116.195: [GC [PSYoungGen: 90048K->6864K(97280K)] 100049K->16865K(318976K), 0.0020060 secs] [Times: user=0.01 sys=0.00, real=0.00 secs] 
116.197: Total time for which application threads were stopped: 0.0045450 seconds, Stopping threads took: 0.0024540 seconds
116.276: Application time: 0.0793070 seconds
116.279: [GC [PSYoungGen: 90320K->6784K(97280K)] 100321K->16793K(318976K), 0.0021190 secs] [Times: user=0.01 sys=0.00, real=0.01 secs] 
116.281: Total time for which application threads were stopped: 0.0049450 seconds, Stopping threads took: 0.0027430 seconds
116.359: Application time: 0.0772160 seconds
116.361: [GC [PSYoungGen: 90240K->8288K(97280K)] 100249K->18297K(318976K), 0.0024300 secs] [Times: user=0.01 sys=0.00, real=0.00 secs] 
116.363: Total time for which application threads were stopped: 0.0045160 seconds, Stopping threads took: 0.0019980 seconds
116.443: Application time: 0.0798960 seconds
116.444: [GC [PSYoungGen: 91744K->7104K(97280K)] 101753K->17121K(318976K), 0.0020060 secs] [Times: user=0.01 sys=0.00, real=0.00 secs] 
116.446: Total time for which application threads were stopped: 0.0034060 seconds, Stopping threads took: 0.0013170 seconds
116.525: Application time: 0.0784320 seconds
116.528: [GC [PSYoungGen: 90560K->7216K(97280K)] 100577K->17241K(318976K), 0.0020570 secs] [Times: user=0.02 sys=0.00, real=0.00 secs] 
116.530: Total time for which application threads were stopped: 0.0049010 seconds, Stopping threads took: 0.0027640 seconds
116.607: Application time: 0.0774890 seconds
116.609: [GC [PSYoungGen: 90672K->7296K(97280K)] 100697K->17321K(318976K), 0.0020760 secs] [Times: user=0.02 sys=0.00, real=0.00 secs] 
116.612: Total time for which application threads were stopped: 0.0043410 seconds, Stopping threads took: 0.0021860 seconds
116.691: Application time: 0.0789730 seconds
116.693: [GC [PSYoungGen: 90752K->6432K(97280K)] 100777K->16465K(318976K), 0.0019340 secs] [Times: user=0.02 sys=0.00, real=0.00 secs] 
116.695: Total time for which application threads were stopped: 0.0044590 seconds, Stopping threads took: 0.0024200 seconds
116.770: Application time: 0.0749120 seconds
116.772: [GC [PSYoungGen: 89888K->7568K(97280K)] 99921K->17609K(318976K), 0.0020340 secs] [Times: user=0.01 sys=0.00, real=0.01 secs] 
116.774: Total time for which application threads were stopped: 0.0042140 seconds, Stopping threads took: 0.0020960 seconds
116.853: Application time: 0.0790790 seconds
116.855: [GC [PSYoungGen: 91024K->7824K(97280K)] 101065K->17873K(318976K), 0.0022140 secs] [Times: user=0.02 sys=0.00, real=0.00 secs] 
116.858: Total time for which application threads were stopped: 0.0043760 seconds, Stopping threads took: 0.0020810 seconds
116.937: Application time: 0.0796330 seconds
116.940: [GC [PSYoungGen: 91280K->6928K(97280K)] 101329K->16985K(318976K), 0.0019450 secs] [Times: user=0.01 sys=0.00, real=0.01 secs] 
116.942: Total time for which application threads were stopped: 0.0048030 seconds, Stopping threads took: 0.0027840 seconds
117.021: Application time: 0.0791150 seconds
117.024: [GC [PSYoungGen: 90384K->6288K(97280K)] 100441K->16353K(318976K), 0.0018290 secs] [Times: user=0.01 sys=0.00, real=0.00 secs] 
117.025: Total time for which application threads were stopped: 0.0043200 seconds, Stopping threads took: 0.0024150 seconds
117.102: Application time: 0.0763450 seconds
117.105: [GC [PSYoungGen: 89744K->6976K(97280K)] 99809K->17049K(318976K), 0.0020700 secs] [Times: user=0.01 sys=0.00, real=0.00 secs] 
117.107: Total time for which application threads were stopped: 0.0050550 seconds, Stopping threads took: 0.0028860 seconds
117.185: Application time: 0.0777640 seconds
117.187: [GC [PSYoungGen: 90432K->7392K(97280K)] 100505K->17481K(318976K), 0.0022730 secs] [Times: user=0.02 sys=0.00, real=0.00 secs] 
117.190: Total time for which application threads were stopped: 0.0050550 seconds, Stopping threads took: 0.0026710 seconds
117.269: Application time: 0.0789120 seconds
117.272: [GC [PSYoungGen: 90848K->7552K(97280K)] 100937K->17649K(318976K), 0.0023080 secs] [Times: user=0.02 sys=0.00, real=0.01 secs] 
117.274: Total time for which application threads were stopped: 0.0056390 seconds, Stopping threads took: 0.0032460 seconds
117.355: Application time: 0.0802740 seconds
117.357: [GC [PSYoungGen: 91008K->5888K(97280K)] 101105K->15993K(318976K), 0.0017100 secs] [Times: user=0.01 sys=0.00, real=0.00 secs] 
117.358: Total time for which application threads were stopped: 0.0038930 seconds, Stopping threads took: 0.0020950 seconds
117.439: Application time: 0.0806390 seconds
117.441: [GC [PSYoungGen: 89344K->6288K(97280K)] 99449K->16401K(318976K), 0.0017940 secs] [Times: user=0.02 sys=0.00, real=0.00 secs] 
117.443: Total time for which application threads were stopped: 0.0035770 seconds, Stopping threads took: 0.0017130 seconds
117.522: Application time: 0.0795290 seconds
117.524: [GC [PSYoungGen: 89744K->7088K(97280K)] 99857K->17209K(318976K), 0.0020360 secs] [Times: user=0.01 sys=0.00, real=0.00 secs] 
117.526: Total time for which application threads were stopped: 0.0038890 seconds, Stopping threads took: 0.0017700 seconds
117.603: Application time: 0.0766110 seconds
117.605: [GC [PSYoungGen: 90544K->7632K(97280K)] 100665K->17761K(318976K), 0.0022290 secs] [Times: user=0.01 sys=0.00, real=0.00 secs] 
117.607: Total time for which application threads were stopped: 0.0042350 seconds, Stopping threads took: 0.0019230 seconds
117.685: Application time: 0.0780550 seconds
117.688: [GC [PSYoungGen: 91088K->8320K(97280K)] 101217K->18457K(318976K), 0.0023210 secs] [Times: user=0.02 sys=0.00, real=0.00 secs] 
117.690: Total time for which application threads were stopped: 0.0050660 seconds, Stopping threads took: 0.0026690 seconds
117.770: Application time: 0.0800490 seconds
117.772: [GC [PSYoungGen: 91776K->7680K(97280K)] 101913K->17825K(318976K), 0.0020170 secs] [Times: user=0.01 sys=0.00, real=0.01 secs] 
117.774: Total time for which application threads were stopped: 0.0040580 seconds, Stopping threads took: 0.0019620 seconds
117.854: Application time: 0.0795900 seconds
117.856: [GC [PSYoungGen: 91136K->7104K(97280K)] 101281K->17257K(318976K), 0.0021550 secs] [Times: user=0.02 sys=0.00, real=0.00 secs] 
117.858: Total time for which application threads were stopped: 0.0040380 seconds, Stopping threads took: 0.0018100 seconds
117.936: Application time: 0.0785100 seconds
117.939: [GC [PSYoungGen: 90560K->6704K(97280K)] 100713K->16865K(318976K), 0.0019480 secs] [Times: user=0.02 sys=0.00, real=0.01 secs] 
117.941: Total time for which application threads were stopped: 0.0042410 seconds, Stopping threads took: 0.0022020 seconds
118.020: Application time: 0.0790470 seconds
118.021: [GC [PSYoungGen: 90160K->7904K(97280K)] 100321K->18073K(318976K), 0.0022770 secs] [Times: user=0.01 sys=0.00, real=0.00 secs] 
118.023: Total time for which application threads were stopped: 0.0037210 seconds, Stopping threads took: 0.0013630 seconds
118.102: Application time: 0.0789240 seconds
118.104: [GC [PSYoungGen: 91360K->5584K(97280K)] 101529K->15761K(318976K), 0.0017510 secs] [Times: user=0.02 sys=0.00, real=0.00 secs] 
118.106: Total time for which application threads were stopped: 0.0036740 seconds, Stopping threads took: 0.0018460 seconds
118.186: Application time: 0.0798590 seconds
118.189: [GC [PSYoungGen: 89040K->7424K(97280K)] 99217K->17609K(318976K), 0.0021800 secs] [Times: user=0.02 sys=0.00, real=0.00 secs] 
118.191: Total time for which application threads were stopped: 0.0054890 seconds, Stopping threads took: 0.0032200 seconds
118.270: Application time: 0.0787300 seconds
118.273: [GC [PSYoungGen: 90880K->7104K(97280K)] 101065K->17297K(318976K), 0.0020140 secs] [Times: user=0.01 sys=0.00, real=0.00 secs] 
118.275: Total time for which application threads were stopped: 0.0047820 seconds, Stopping threads took: 0.0026860 seconds
118.352: Application time: 0.0769780 seconds
118.354: [GC [PSYoungGen: 90560K->7824K(97280K)] 100753K->18025K(318976K), 0.0024050 secs] [Times: user=0.01 sys=0.00, real=0.00 secs] 
118.356: Total time for which application threads were stopped: 0.0041940 seconds, Stopping threads took: 0.0016830 seconds
118.435: Application time: 0.0790450 seconds
118.437: [GC [PSYoungGen: 91280K->8176K(97280K)] 101481K->18385K(318976K), 0.0026700 secs] [Times: user=0.01 sys=0.00, real=0.00 secs] 
118.440: Total time for which application threads were stopped: 0.0045380 seconds, Stopping threads took: 0.0017620 seconds
118.521: Application time: 0.0816380 seconds
118.523: [GC [PSYoungGen: 91632K->7648K(97280K)] 101841K->17865K(318976K), 0.0023910 secs] [Times: user=0.02 sys=0.00, real=0.00 secs] 
118.526: Total time for which application threads were stopped: 0.0044570 seconds, Stopping threads took: 0.0019590 seconds
118.605: Application time: 0.0794410 seconds
118.607: [GC [PSYoungGen: 91104K->6032K(97280K)] 101321K->16257K(318976K), 0.0016900 secs] [Times: user=0.01 sys=0.00, real=0.00 secs] 
118.609: Total time for which application threads were stopped: 0.0035380 seconds, Stopping threads took: 0.0017760 seconds
118.687: Application time: 0.0778870 seconds
118.689: [GC [PSYoungGen: 89488K->6384K(97280K)] 99713K->16617K(318976K), 0.0018480 secs] [Times: user=0.01 sys=0.00, real=0.00 secs] 
118.691: Total time for which application threads were stopped: 0.0045560 seconds, Stopping threads took: 0.0026300 seconds
118.770: Application time: 0.0793430 seconds
118.773: [GC [PSYoungGen: 89840K->6144K(97280K)] 100073K->16377K(318976K), 0.0018000 secs] [Times: user=0.01 sys=0.00, real=0.00 secs] 
118.775: Total time for which application threads were stopped: 0.0040870 seconds, Stopping threads took: 0.0022160 seconds
118.854: Application time: 0.0794120 seconds
118.856: [GC [PSYoungGen: 89600K->6544K(97280K)] 99833K->16785K(318976K), 0.0018530 secs] [Times: user=0.01 sys=0.00, real=0.00 secs] 
118.858: Total time for which application threads were stopped: 0.0041720 seconds, Stopping threads took: 0.0022380 seconds
118.937: Application time: 0.0788840 seconds
118.940: [GC [PSYoungGen: 90000K->8288K(97280K)] 100241K->18537K(318976K), 0.0023550 secs] [Times: user=0.01 sys=0.00, real=0.01 secs] 
118.942: Total time for which application threads were stopped: 0.0051660 seconds, Stopping threads took: 0.0027300 seconds
119.016: Application time: 0.0738160 seconds
119.018: [GC [PSYoungGen: 91744K->6880K(97280K)] 101993K->17137K(318976K), 0.0019530 secs] [Times: user=0.01 sys=0.00, real=0.00 secs] 
119.020: Total time for which application threads were stopped: 0.0039330 seconds, Stopping threads took: 0.0019050 seconds
119.096: Application time: 0.0761230 seconds
119.098: [GC [PSYoungGen: 90336K->7680K(97280K)] 100593K->17945K(318976K), 0.0022450 secs] [Times: user=0.01 sys=0.00, real=0.01 secs] 
119.101: Total time for which application threads were stopped: 0.0045870 seconds, Stopping threads took: 0.0022520 seconds
119.175: Application time: 0.0740540 seconds
119.177: [GC [PSYoungGen: 91136K->7264K(97280K)] 101401K->17529K(318976K), 0.0020850 secs] [Times: user=0.02 sys=0.00, real=0.00 secs] 
119.179: Total time for which application threads were stopped: 0.0046630 seconds, Stopping threads took: 0.0025010 seconds
119.254: Application time: 0.0745110 seconds
119.256: [GC [PSYoungGen: 90720K->7440K(97280K)] 100985K->17713K(318976K), 0.0020790 secs] [Times: user=0.02 sys=0.00, real=0.00 secs] 
119.258: Total time for which application threads were stopped: 0.0045400 seconds, Stopping threads took: 0.0023810 seconds
119.332: Application time: 0.0739040 seconds
119.335: [GC [PSYoungGen: 90896K->7760K(97280K)] 101169K->18041K(318976K), 0.0020660 secs] [Times: user=0.01 sys=0.00, real=0.00 secs] 
119.337: Total time for which application threads were stopped: 0.0044920 seconds, Stopping threads took: 0.0023450 seconds
119.410: Application time: 0.0729710 seconds
119.413: [GC [PSYoungGen: 91216K->8224K(97280K)] 101497K->18513K(318976K), 0.0023640 secs] [Times: user=0.02 sys=0.00, real=0.00 secs] 
119.415: Total time for which application threads were stopped: 0.0053420 seconds, Stopping threads took: 0.0028960 seconds
119.488: Application time: 0.0732380 seconds
119.490: [GC [PSYoungGen: 91680K->7824K(97280K)] 101969K->18121K(318976K), 0.0022770 secs] [Times: user=0.01 sys=0.00, real=0.01 secs] 
119.493: Total time for which application threads were stopped: 0.0043880 seconds, Stopping threads took: 0.0020190 seconds
119.566: Application time: 0.0735210 seconds
119.568: [GC [PSYoungGen: 91280K->6816K(97280K)] 101577K->17121K(318976K), 0.0020040 secs] [Times: user=0.02 sys=0.00, real=0.00 secs] 
119.570: Total time for which application threads were stopped: 0.0036170 seconds, Stopping threads took: 0.0015340 seconds
119.644: Application time: 0.0740300 seconds
119.647: [GC [PSYoungGen: 90272K->7312K(97280K)] 100577K->17625K(318976K), 0.0021080 secs] [Times: user=0.01 sys=0.00, real=0.00 secs] 
119.649: Total time for which application threads were stopped: 0.0050640 seconds, Stopping threads took: 0.0028710 seconds
119.725: Application time: 0.0755420 seconds
119.727: [GC [PSYoungGen: 90768K->7616K(97280K)] 101081K->17937K(318976K), 0.0021000 secs] [Times: user=0.01 sys=0.00, real=0.00 secs] 
119.729: Total time for which application threads were stopped: 0.0046100 seconds, Stopping threads took: 0.0024270 seconds
119.803: Application time: 0.0739130 seconds
119.805: [GC [PSYoungGen: 91072K->6624K(97280K)] 101393K->16953K(318976K), 0.0018870 secs] [Times: user=0.01 sys=0.00, real=0.00 secs] 
119.807: Total time for which application threads were stopped: 0.0042430 seconds, Stopping threads took: 0.0022790 seconds
119.883: Application time: 0.0757590 seconds
119.884: [GC [PSYoungGen: 90080K->7456K(97280K)] 100409K->17793K(318976K), 0.0022490 secs] [Times: user=0.02 sys=0.00, real=0.00 secs] 
119.887: Total time for which application threads were stopped: 0.0036650 seconds, Stopping threads took: 0.0013360 seconds
119.962: Application time: 0.0752160 seconds
119.964: [GC [PSYoungGen: 90912K->7840K(97280K)] 101249K->18185K(318976K), 0.0022410 secs] [Times: user=0.02 sys=0.00, real=0.00 secs] 
119.966: Total time for which application threads were stopped: 0.0042540 seconds, Stopping threads took: 0.0019340 seconds
120.042: Application time: 0.0755440 seconds
120.043: [GC [PSYoungGen: 91296K->7376K(97280K)] 101641K->17729K(318976K), 0.0022120 secs] [Times: user=0.01 sys=0.00, real=0.00 secs] 
120.046: Total time for which application threads were stopped: 0.0039450 seconds, Stopping threads took: 0.0016520 seconds
120.121: Application time: 0.0756080 seconds
120.123: [GC [PSYoungGen: 90832K->7008K(97280K)] 101185K->17369K(318976K), 0.0020690 secs] [Times: user=0.01 sys=0.00, real=0.00 secs] 
120.125: Total time for which application threads were stopped: 0.0039390 seconds, Stopping threads took: 0.0017910 seconds
120.200: Application time: 0.0751770 seconds
120.203: [GC [PSYoungGen: 90464K->6624K(97280K)] 100825K->16993K(318976K), 0.0019030 secs] [Times: user=0.01 sys=0.00, real=0.00 secs] 
120.204: Total time for which application threads were stopped: 0.0040790 seconds, Stopping threads took: 0.0020910 seconds
120.278: Application time: 0.0730090 seconds
120.280: [GC [PSYoungGen: 90080K->7760K(97280K)] 100449K->18137K(318976K), 0.0021920 secs] [Times: user=0.02 sys=0.00, real=0.01 secs] 
120.283: Total time for which application threads were stopped: 0.0050110 seconds, Stopping threads took: 0.0027370 seconds
120.359: Application time: 0.0761310 seconds
120.360: [GC [PSYoungGen: 91216K->4992K(97280K)] 101593K->15369K(318976K), 0.0015020 secs] [Times: user=0.01 sys=0.00, real=0.01 secs] 
120.362: Total time for which application threads were stopped: 0.0030950 seconds, Stopping threads took: 0.0015280 seconds
120.441: Application time: 0.0789990 seconds
120.444: [GC [PSYoungGen: 88448K->6544K(97280K)] 98825K->16929K(318976K), 0.0017790 secs] [Times: user=0.01 sys=0.00, real=0.00 secs] 
120.446: Total time for which application threads were stopped: 0.0047740 seconds, Stopping threads took: 0.0029160 seconds
120.520: Application time: 0.0745140 seconds
120.522: [GC [PSYoungGen: 90000K->5968K(97280K)] 100385K->16361K(318976K), 0.0018160 secs] [Times: user=0.01 sys=0.00, real=0.00 secs] 
120.524: Total time for which application threads were stopped: 0.0037310 seconds, Stopping threads took: 0.0018360 seconds
120.600: Application time: 0.0764510 seconds
120.602: [GC [PSYoungGen: 89424K->6848K(97280K)] 99817K->17249K(318976K), 0.0019860 secs] [Times: user=0.01 sys=0.00, real=0.00 secs] 
120.604: Total time for which application threads were stopped: 0.0039240 seconds, Stopping threads took: 0.0018400 seconds
120.679: Application time: 0.0744070 seconds
120.680: [GC [PSYoungGen: 90304K->7408K(97280K)] 100705K->17817K(318976K), 0.0021300 secs] [Times: user=0.01 sys=0.00, real=0.00 secs] 
120.683: Total time for which application threads were stopped: 0.0039800 seconds, Stopping threads took: 0.0017640 seconds
120.757: Application time: 0.0742720 seconds
120.759: [GC [PSYoungGen: 90864K->7008K(97280K)] 101273K->17417K(318976K), 0.0020490 secs] [Times: user=0.01 sys=0.00, real=0.01 secs] 
120.761: Total time for which application threads were stopped: 0.0044460 seconds, Stopping threads took: 0.0023110 seconds
120.837: Application time: 0.0752770 seconds
120.839: [GC [PSYoungGen: 90464K->7664K(97280K)] 100873K->18089K(318976K), 0.0021480 secs] [Times: user=0.01 sys=0.00, real=0.01 secs] 
120.841: Total time for which application threads were stopped: 0.0045780 seconds, Stopping threads took: 0.0023510 seconds
120.918: Application time: 0.0770000 seconds
120.920: [GC [PSYoungGen: 91120K->7264K(97280K)] 101545K->17697K(318976K), 0.0020370 secs] [Times: user=0.01 sys=0.00, real=0.01 secs] 
120.922: Total time for which application threads were stopped: 0.0036370 seconds, Stopping threads took: 0.0015210 seconds
120.995: Application time: 0.0734170 seconds
120.997: [GC [PSYoungGen: 90720K->7008K(97280K)] 101153K->17449K(318976K), 0.0019180 secs] [Times: user=0.01 sys=0.00, real=0.00 secs] 
120.999: Total time for which application threads were stopped: 0.0039570 seconds, Stopping threads took: 0.0019660 seconds
121.073: Application time: 0.0735570 seconds
121.075: [GC [PSYoungGen: 90464K->6672K(97280K)] 100905K->17121K(318976K), 0.0019240 secs] [Times: user=0.01 sys=0.00, real=0.00 secs] 
121.077: Total time for which application threads were stopped: 0.0040770 seconds, Stopping threads took: 0.0020750 seconds
121.150: Application time: 0.0733220 seconds
121.152: [GC [PSYoungGen: 90128K->8240K(97280K)] 100577K->18705K(318976K), 0.0023690 secs] [Times: user=0.02 sys=0.00, real=0.01 secs] 
121.155: Total time for which application threads were stopped: 0.0044250 seconds, Stopping threads took: 0.0019710 seconds
121.228: Application time: 0.0733800 seconds
121.230: [GC [PSYoungGen: 91696K->6480K(97280K)] 102161K->16945K(318976K), 0.0018680 secs] [Times: user=0.01 sys=0.00, real=0.00 secs] 
121.232: Total time for which application threads were stopped: 0.0043910 seconds, Stopping threads took: 0.0024530 seconds
121.308: Application time: 0.0757320 seconds
121.310: [GC [PSYoungGen: 89936K->6352K(97280K)] 100401K->16825K(318976K), 0.0017800 secs] [Times: user=0.02 sys=0.00, real=0.00 secs] 
121.311: Total time for which application threads were stopped: 0.0034240 seconds, Stopping threads took: 0.0015630 seconds
121.385: Application time: 0.0737650 seconds
121.388: [GC [PSYoungGen: 89808K->6688K(97280K)] 100281K->17169K(318976K), 0.0019290 secs] [Times: user=0.01 sys=0.00, real=0.00 secs] 
121.390: Total time for which application threads were stopped: 0.0046070 seconds, Stopping threads took: 0.0025940 seconds
121.463: Application time: 0.0735560 seconds
121.465: [GC [PSYoungGen: 90144K->6032K(97280K)] 100625K->16521K(318976K), 0.0017570 secs] [Times: user=0.02 sys=0.00, real=0.00 secs] 
121.467: Total time for which application threads were stopped: 0.0034420 seconds, Stopping threads took: 0.0016040 seconds
121.542: Application time: 0.0748800 seconds
121.544: [GC [PSYoungGen: 89488K->7120K(97280K)] 99977K->17617K(318976K), 0.0020710 secs] [Times: user=0.02 sys=0.00, real=0.00 secs] 
121.546: Total time for which application threads were stopped: 0.0045480 seconds, Stopping threads took: 0.0023970 seconds
121.622: Application time: 0.0761760 seconds
121.624: [GC [PSYoungGen: 90576K->5584K(97280K)] 101073K->16089K(318976K), 0.0016540 secs] [Times: user=0.01 sys=0.00, real=0.00 secs] 
121.626: Total time for which application threads were stopped: 0.0034820 seconds, Stopping threads took: 0.0017550 seconds
121.700: Application time: 0.0743260 seconds
121.702: [GC [PSYoungGen: 89040K->7040K(97280K)] 99545K->17553K(318976K), 0.0020810 secs] [Times: user=0.01 sys=0.00, real=0.00 secs] 
121.704: Total time for which application threads were stopped: 0.0037080 seconds, Stopping threads took: 0.0015460 seconds
121.781: Application time: 0.0765440 seconds
121.782: [GC [PSYoungGen: 90496K->5776K(97280K)] 101009K->16305K(318976K), 0.0016630 secs] [Times: user=0.01 sys=0.00, real=0.00 secs] 
121.783: Total time for which application threads were stopped: 0.0028600 seconds, Stopping threads took: 0.0011280 seconds
121.859: Application time: 0.0754690 seconds
121.861: [GC [PSYoungGen: 89232K->7280K(97280K)] 99761K->17809K(318976K), 0.0021200 secs] [Times: user=0.02 sys=0.00, real=0.00 secs] 
121.863: Total time for which application threads were stopped: 0.0041610 seconds, Stopping threads took: 0.0019580 seconds
121.939: Application time: 0.0755280 seconds
121.940: [GC [PSYoungGen: 90736K->6672K(97280K)] 101265K->17209K(318976K), 0.0019640 secs] [Times: user=0.01 sys=0.00, real=0.00 secs] 
121.942: Total time for which application threads were stopped: 0.0038210 seconds, Stopping threads took: 0.0017740 seconds
122.014: Application time: 0.0715470 seconds
122.017: [GC [PSYoungGen: 90128K->8320K(97280K)] 100665K->18865K(318976K), 0.0023620 secs] [Times: user=0.01 sys=0.00, real=0.00 secs] 
122.019: Total time for which application threads were stopped: 0.0051360 seconds, Stopping threads took: 0.0026920 seconds
122.091: Application time: 0.0719540 seconds
122.093: [GC [PSYoungGen: 91776K->7840K(97280K)] 102321K->18385K(318976K), 0.0022230 secs] [Times: user=0.01 sys=0.00, real=0.00 secs] 
122.095: Total time for which application threads were stopped: 0.0043300 seconds, Stopping threads took: 0.0020340 seconds
122.173: Application time: 0.0771990 seconds
122.175: [GC [PSYoungGen: 91296K->7184K(97280K)] 101841K->17737K(318976K), 0.0020630 secs] [Times: user=0.01 sys=0.00, real=0.00 secs] 
122.177: Total time for which application threads were stopped: 0.0041520 seconds, Stopping threads took: 0.0020100 seconds
122.252: Application time: 0.0752410 seconds
122.254: [GC [PSYoungGen: 90640K->7200K(97280K)] 101193K->17761K(318976K), 0.0020300 secs] [Times: user=0.01 sys=0.00, real=0.00 secs] 
122.256: Total time for which application threads were stopped: 0.0040940 seconds, Stopping threads took: 0.0019830 seconds
122.330: Application time: 0.0740080 seconds
122.332: [GC [PSYoungGen: 90656K->6000K(97280K)] 101217K->16561K(318976K), 0.0017790 secs] [Times: user=0.01 sys=0.00, real=0.01 secs] 
122.333: Total time for which application threads were stopped: 0.0033140 seconds, Stopping threads took: 0.0014560 seconds
122.410: Application time: 0.0765010 seconds
122.412: [GC [PSYoungGen: 89456K->6464K(97280K)] 100017K->17033K(318976K), 0.0019150 secs] [Times: user=0.01 sys=0.00, real=0.01 secs] 
122.414: Total time for which application threads were stopped: 0.0037460 seconds, Stopping threads took: 0.0017430 seconds
122.488: Application time: 0.0748330 seconds
122.491: [GC [PSYoungGen: 89918K->7616K(97280K)] 100488K->18193K(318976K), 0.0022570 secs] [Times: user=0.01 sys=0.00, real=0.01 secs] 
122.493: Total time for which application threads were stopped: 0.0044730 seconds, Stopping threads took: 0.0021340 seconds
122.568: Application time: 0.0751390 seconds
122.571: [GC [PSYoungGen: 91072K->7200K(97280K)] 101649K->17785K(318976K), 0.0020890 secs] [Times: user=0.02 sys=0.00, real=0.01 secs] 
122.573: Total time for which application threads were stopped: 0.0048120 seconds, Stopping threads took: 0.0026430 seconds
122.648: Application time: 0.0751220 seconds
122.650: [GC [PSYoungGen: 90656K->7152K(97280K)] 101241K->17745K(318976K), 0.0020760 secs] [Times: user=0.01 sys=0.00, real=0.00 secs] 
122.652: Total time for which application threads were stopped: 0.0042940 seconds, Stopping threads took: 0.0021400 seconds
122.729: Application time: 0.0762190 seconds
122.730: [GC [PSYoungGen: 90608K->6448K(97280K)] 101201K->17057K(318976K), 0.0018470 secs] [Times: user=0.02 sys=0.00, real=0.00 secs] 
122.732: Total time for which application threads were stopped: 0.0034810 seconds, Stopping threads took: 0.0015560 seconds
122.808: Application time: 0.0764360 seconds
122.810: [GC [PSYoungGen: 89904K->6576K(97280K)] 100513K->17185K(318976K), 0.0019260 secs] [Times: user=0.01 sys=0.00, real=0.00 secs] 
122.812: Total time for which application threads were stopped: 0.0037260 seconds, Stopping threads took: 0.0017280 seconds
122.889: Application time: 0.0766690 seconds
122.891: [GC [PSYoungGen: 90032K->7920K(97280K)] 100641K->18537K(318976K), 0.0021730 secs] [Times: user=0.02 sys=0.00, real=0.01 secs] 
122.894: Total time for which application threads were stopped: 0.0047530 seconds, Stopping threads took: 0.0025010 seconds
122.966: Application time: 0.0727030 seconds
122.968: [GC [PSYoungGen: 91376K->8016K(97280K)] 101993K->18641K(318976K), 0.0022970 secs] [Times: user=0.02 sys=0.00, real=0.00 secs] 
122.971: Total time for which application threads were stopped: 0.0042000 seconds, Stopping threads took: 0.0018080 seconds
123.051: Application time: 0.0809910 seconds
123.054: [GC [PSYoungGen: 91472K->8272K(97280K)] 102097K->18905K(318976K), 0.0022190 secs] [Times: user=0.01 sys=0.00, real=0.00 secs] 
123.056: Total time for which application threads were stopped: 0.0048360 seconds, Stopping threads took: 0.0025170 seconds
123.135: Application time: 0.0787980 seconds
123.137: [GC [PSYoungGen: 91728K->7168K(97280K)] 102361K->17809K(318976K), 0.0020980 secs] [Times: user=0.02 sys=0.00, real=0.00 secs] 
123.139: Total time for which application threads were stopped: 0.0043150 seconds, Stopping threads took: 0.0021360 seconds
123.217: Application time: 0.0779770 seconds
123.220: [GC [PSYoungGen: 90624K->7520K(97280K)] 101265K->18161K(318976K), 0.0020880 secs] [Times: user=0.02 sys=0.00, real=0.01 secs] 
123.222: Total time for which application threads were stopped: 0.0045410 seconds, Stopping threads took: 0.0023710 seconds
123.299: Application time: 0.0769300 seconds
123.301: [GC [PSYoungGen: 90976K->7456K(97280K)] 101617K->18105K(318976K), 0.0021340 secs] [Times: user=0.01 sys=0.00, real=0.00 secs] 
123.303: Total time for which application threads were stopped: 0.0044830 seconds, Stopping threads took: 0.0022690 seconds
123.384: Application time: 0.0802710 seconds
123.387: [GC [PSYoungGen: 90912K->6896K(97280K)] 101561K->17553K(318976K), 0.0019630 secs] [Times: user=0.01 sys=0.00, real=0.00 secs] 
123.389: Total time for which application threads were stopped: 0.0049020 seconds, Stopping threads took: 0.0028630 seconds
123.468: Application time: 0.0790220 seconds
123.470: [GC [PSYoungGen: 90352K->7856K(97280K)] 101009K->18521K(318976K), 0.0024190 secs] [Times: user=0.01 sys=0.00, real=0.01 secs] 
123.473: Total time for which application threads were stopped: 0.0053630 seconds, Stopping threads took: 0.0028460 seconds
123.551: Application time: 0.0784130 seconds
123.554: [GC [PSYoungGen: 91312K->7904K(97280K)] 101977K->18577K(318976K), 0.0022610 secs] [Times: user=0.02 sys=0.00, real=0.00 secs] 
123.557: Total time for which application threads were stopped: 0.0054310 seconds, Stopping threads took: 0.0030840 seconds
123.635: Application time: 0.0780390 seconds
123.638: [GC [PSYoungGen: 91360K->7376K(97280K)] 102033K->18049K(318976K), 0.0021020 secs] [Times: user=0.02 sys=0.00, real=0.00 secs] 
123.640: Total time for which application threads were stopped: 0.0050060 seconds, Stopping threads took: 0.0028250 seconds
123.719: Application time: 0.0787760 seconds
123.721: [GC [PSYoungGen: 90832K->6928K(97280K)] 101505K->17609K(318976K), 0.0019900 secs] [Times: user=0.02 sys=0.00, real=0.00 secs] 
123.723: Total time for which application threads were stopped: 0.0047710 seconds, Stopping threads took: 0.0027040 seconds
123.803: Application time: 0.0796160 seconds
123.805: [GC [PSYoungGen: 90384K->6272K(97280K)] 101065K->16961K(318976K), 0.0018460 secs] [Times: user=0.01 sys=0.00, real=0.00 secs] 
123.807: Total time for which application threads were stopped: 0.0036470 seconds, Stopping threads took: 0.0017240 seconds
123.886: Application time: 0.0789670 seconds
123.888: [GC [PSYoungGen: 89728K->6336K(97280K)] 100417K->17033K(318976K), 0.0017630 secs] [Times: user=0.01 sys=0.00, real=0.00 secs] 
123.890: Total time for which application threads were stopped: 0.0041910 seconds, Stopping threads took: 0.0023600 seconds
123.969: Application time: 0.0795470 seconds
123.971: [GC [PSYoungGen: 89792K->6112K(97280K)] 100489K->16817K(318976K), 0.0017870 secs] [Times: user=0.02 sys=0.00, real=0.01 secs] 
123.972: Total time for which application threads were stopped: 0.0030740 seconds, Stopping threads took: 0.0012140 seconds
124.054: Application time: 0.0815580 seconds
124.056: [GC [PSYoungGen: 89568K->7600K(97280K)] 100273K->18313K(318976K), 0.0021520 secs] [Times: user=0.02 sys=0.00, real=0.00 secs] 
124.058: Total time for which application threads were stopped: 0.0037680 seconds, Stopping threads took: 0.0015130 seconds
124.137: Application time: 0.0790000 seconds
124.139: [GC [PSYoungGen: 91056K->8080K(97280K)] 101769K->18793K(318976K), 0.0023330 secs] [Times: user=0.02 sys=0.00, real=0.01 secs] 
124.142: Total time for which application threads were stopped: 0.0049060 seconds, Stopping threads took: 0.0024940 seconds
124.219: Application time: 0.0776640 seconds
124.221: [GC [PSYoungGen: 91536K->8336K(97280K)] 102249K->19057K(318976K), 0.0024370 secs] [Times: user=0.01 sys=0.00, real=0.00 secs] 
124.224: Total time for which application threads were stopped: 0.0042410 seconds, Stopping threads took: 0.0017120 seconds
124.304: Application time: 0.0799920 seconds
124.306: [GC [PSYoungGen: 91792K->6736K(97280K)] 102513K->17465K(318976K), 0.0019050 secs] [Times: user=0.02 sys=0.00, real=0.00 secs] 
124.308: Total time for which application threads were stopped: 0.0043880 seconds, Stopping threads took: 0.0023840 seconds
124.387: Application time: 0.0788590 seconds
124.389: [GC [PSYoungGen: 90192K->7952K(97280K)] 100921K->18689K(318976K), 0.0021690 secs] [Times: user=0.01 sys=0.00, real=0.00 secs] 
124.391: Total time for which application threads were stopped: 0.0041150 seconds, Stopping threads took: 0.0018660 seconds
124.472: Application time: 0.0811250 seconds
124.475: [GC [PSYoungGen: 91408K->8368K(97280K)] 102145K->19113K(318976K), 0.0024360 secs] [Times: user=0.02 sys=0.00, real=0.00 secs] 
124.478: Total time for which application threads were stopped: 0.0054950 seconds, Stopping threads took: 0.0029750 seconds
124.557: Application time: 0.0795340 seconds
124.559: [GC [PSYoungGen: 91824K->5280K(97280K)] 102569K->16033K(318976K), 0.0015520 secs] [Times: user=0.01 sys=0.00, real=0.01 secs] 
124.561: Total time for which application threads were stopped: 0.0034660 seconds, Stopping threads took: 0.0018290 seconds
124.641: Application time: 0.0800300 seconds
124.642: [GC [PSYoungGen: 88736K->7712K(97280K)] 99489K->18465K(318976K), 0.0022110 secs] [Times: user=0.02 sys=0.00, real=0.00 secs] 
124.645: Total time for which application threads were stopped: 0.0039360 seconds, Stopping threads took: 0.0016430 seconds
124.723: Application time: 0.0786050 seconds
124.725: [GC [PSYoungGen: 91168K->7376K(97280K)] 101921K->18137K(318976K), 0.0020800 secs] [Times: user=0.01 sys=0.00, real=0.00 secs] 
124.728: Total time for which application threads were stopped: 0.0043350 seconds, Stopping threads took: 0.0021730 seconds
124.804: Application time: 0.0763330 seconds
124.805: [GC [PSYoungGen: 90832K->7696K(97280K)] 101593K->18457K(318976K), 0.0021240 secs] [Times: user=0.01 sys=0.00, real=0.00 secs] 
124.808: Total time for which application threads were stopped: 0.0038080 seconds, Stopping threads took: 0.0015920 seconds
124.886: Application time: 0.0784790 seconds
124.888: [GC [PSYoungGen: 91152K->8032K(97280K)] 101913K->18801K(318976K), 0.0021700 secs] [Times: user=0.01 sys=0.00, real=0.00 secs] 
124.891: Total time for which application threads were stopped: 0.0044580 seconds, Stopping threads took: 0.0022070 seconds
124.969: Application time: 0.0786150 seconds
124.971: [GC [PSYoungGen: 91488K->6992K(97280K)] 102257K->17769K(318976K), 0.0020650 secs] [Times: user=0.02 sys=0.00, real=0.01 secs] 
124.973: Total time for which application threads were stopped: 0.0042220 seconds, Stopping threads took: 0.0020740 seconds
125.051: Application time: 0.0772780 seconds
125.053: [GC [PSYoungGen: 90448K->7568K(97280K)] 101225K->18353K(318976K), 0.0021860 secs] [Times: user=0.00 sys=0.00, real=0.00 secs] 
125.055: Total time for which application threads were stopped: 0.0040400 seconds, Stopping threads took: 0.0017770 seconds
125.133: Application time: 0.0781850 seconds
125.135: [GC [PSYoungGen: 91024K->7392K(97280K)] 101809K->18177K(318976K), 0.0021760 secs] [Times: user=0.02 sys=0.00, real=0.00 secs] 
125.137: Total time for which application threads were stopped: 0.0039850 seconds, Stopping threads took: 0.0017180 seconds
125.218: Application time: 0.0814000 seconds
125.220: [GC [PSYoungGen: 90848K->6976K(97280K)] 101633K->17769K(318976K), 0.0019900 secs] [Times: user=0.01 sys=0.00, real=0.01 secs] 
125.222: Total time for which application threads were stopped: 0.0033610 seconds, Stopping threads took: 0.0012900 seconds
125.298: Application time: 0.0763760 seconds
125.300: [GC [PSYoungGen: 90432K->7440K(97280K)] 101225K->18233K(318976K), 0.0022290 secs] [Times: user=0.01 sys=0.00, real=0.00 secs] 
125.303: Total time for which application threads were stopped: 0.0046700 seconds, Stopping threads took: 0.0023530 seconds
125.384: Application time: 0.0807830 seconds
125.386: [GC [PSYoungGen: 90896K->4704K(97280K)] 101689K->15505K(318976K), 0.0014860 secs] [Times: user=0.01 sys=0.00, real=0.00 secs] 
125.387: Total time for which application threads were stopped: 0.0035700 seconds, Stopping threads took: 0.0020120 seconds
125.469: Application time: 0.0818670 seconds
125.472: [GC [PSYoungGen: 88160K->6432K(97280K)] 98961K->17241K(318976K), 0.0018500 secs] [Times: user=0.01 sys=0.01, real=0.01 secs] 
125.473: Total time for which application threads were stopped: 0.0044770 seconds, Stopping threads took: 0.0025520 seconds
125.553: Application time: 0.0798430 seconds
125.555: [GC [PSYoungGen: 89888K->5456K(97280K)] 100697K->16273K(318976K), 0.0016680 secs] [Times: user=0.01 sys=0.00, real=0.00 secs] 
125.556: Total time for which application threads were stopped: 0.0030810 seconds, Stopping threads took: 0.0013340 seconds
125.636: Application time: 0.0796420 seconds
125.638: [GC [PSYoungGen: 88912K->6720K(97280K)] 99729K->17545K(318976K), 0.0019820 secs] [Times: user=0.01 sys=0.00, real=0.00 secs] 
125.640: Total time for which application threads were stopped: 0.0039950 seconds, Stopping threads took: 0.0019250 seconds
125.721: Application time: 0.0808590 seconds
125.723: [GC [PSYoungGen: 90176K->7344K(97280K)] 101001K->18177K(318976K), 0.0021720 secs] [Times: user=0.01 sys=0.00, real=0.00 secs] 
125.725: Total time for which application threads were stopped: 0.0042320 seconds, Stopping threads took: 0.0019830 seconds
125.806: Application time: 0.0804780 seconds
125.808: [GC [PSYoungGen: 90800K->7024K(97280K)] 101633K->17857K(318976K), 0.0022340 secs] [Times: user=0.00 sys=0.00, real=0.00 secs] 
125.810: Total time for which application threads were stopped: 0.0046960 seconds, Stopping threads took: 0.0023770 seconds
125.891: Application time: 0.0810130 seconds
125.894: [GC [PSYoungGen: 90480K->7424K(97280K)] 101313K->18265K(318976K), 0.0021870 secs] [Times: user=0.01 sys=0.01, real=0.00 secs] 
125.896: Total time for which application threads were stopped: 0.0050990 seconds, Stopping threads took: 0.0028240 seconds
125.975: Application time: 0.0785020 seconds
125.977: [GC [PSYoungGen: 90880K->5984K(97280K)] 101721K->16833K(318976K), 0.0017760 secs] [Times: user=0.01 sys=0.00, real=0.00 secs] 
125.979: Total time for which application threads were stopped: 0.0041310 seconds, Stopping threads took: 0.0022750 seconds
126.056: Application time: 0.0774130 seconds
126.059: [GC [PSYoungGen: 89440K->7376K(97280K)] 100289K->18233K(318976K), 0.0022000 secs] [Times: user=0.01 sys=0.00, real=0.01 secs] 
126.061: Total time for which application threads were stopped: 0.0043890 seconds, Stopping threads took: 0.0021080 seconds
126.140: Application time: 0.0794180 seconds
126.143: [GC [PSYoungGen: 90832K->6992K(97280K)] 101689K->17857K(318976K), 0.0020360 secs] [Times: user=0.01 sys=0.00, real=0.00 secs] 
126.145: Total time for which application threads were stopped: 0.0044270 seconds, Stopping threads took: 0.0022970 seconds
126.223: Application time: 0.0778180 seconds
126.225: [GC [PSYoungGen: 90448K->7184K(97280K)] 101313K->18057K(318976K), 0.0021420 secs] [Times: user=0.01 sys=0.00, real=0.00 secs] 
126.227: Total time for which application threads were stopped: 0.0046180 seconds, Stopping threads took: 0.0023920 seconds
126.308: Application time: 0.0804980 seconds
126.309: [GC [PSYoungGen: 90640K->6128K(97280K)] 101513K->17009K(318976K), 0.0018000 secs] [Times: user=0.02 sys=0.00, real=0.00 secs] 
126.311: Total time for which application threads were stopped: 0.0029070 seconds, Stopping threads took: 0.0010300 seconds
126.388: Application time: 0.0775310 seconds
126.390: [GC [PSYoungGen: 89584K->6496K(97280K)] 100465K->17393K(318976K), 0.0018720 secs] [Times: user=0.01 sys=0.00, real=0.00 secs] 
126.392: Total time for which application threads were stopped: 0.0036630 seconds, Stopping threads took: 0.0017030 seconds
126.471: Application time: 0.0793400 seconds
126.473: [GC [PSYoungGen: 89952K->7104K(97280K)] 100849K->18009K(318976K), 0.0022070 secs] [Times: user=0.01 sys=0.00, real=0.00 secs] 
126.476: Total time for which application threads were stopped: 0.0045630 seconds, Stopping threads took: 0.0022660 seconds
126.554: Application time: 0.0786330 seconds
126.557: [GC [PSYoungGen: 90560K->7456K(97280K)] 101465K->18369K(318976K), 0.0022980 secs] [Times: user=0.01 sys=0.00, real=0.00 secs] 
126.559: Total time for which application threads were stopped: 0.0048970 seconds, Stopping threads took: 0.0024940 seconds
126.637: Application time: 0.0776280 seconds
126.640: [GC [PSYoungGen: 90912K->7504K(97280K)] 101825K->18425K(318976K), 0.0023870 secs] [Times: user=0.02 sys=0.00, real=0.01 secs] 
126.642: Total time for which application threads were stopped: 0.0051640 seconds, Stopping threads took: 0.0026760 seconds
126.719: Application time: 0.0772180 seconds
126.721: [GC [PSYoungGen: 90960K->6944K(97280K)] 101881K->17865K(318976K), 0.0020540 secs] [Times: user=0.01 sys=0.00, real=0.00 secs] 
126.723: Total time for which application threads were stopped: 0.0035040 seconds, Stopping threads took: 0.0013650 seconds
126.800: Application time: 0.0768980 seconds
126.802: [GC [PSYoungGen: 90400K->7872K(97280K)] 101321K->18801K(318976K), 0.0022370 secs] [Times: user=0.02 sys=0.00, real=0.00 secs] 
126.804: Total time for which application threads were stopped: 0.0047050 seconds, Stopping threads took: 0.0023830 seconds
126.883: Application time: 0.0787760 seconds
126.886: [GC [PSYoungGen: 91328K->6016K(97280K)] 102257K->16953K(318976K), 0.0016840 secs] [Times: user=0.01 sys=0.00, real=0.00 secs] 
126.888: Total time for which application threads were stopped: 0.0049700 seconds, Stopping threads took: 0.0032040 seconds
126.963: Application time: 0.0753610 seconds
126.966: [GC [PSYoungGen: 89472K->8224K(97280K)] 100409K->19169K(318976K), 0.0024360 secs] [Times: user=0.01 sys=0.00, real=0.00 secs] 
126.968: Total time for which application threads were stopped: 0.0046520 seconds, Stopping threads took: 0.0021300 seconds
127.041: Application time: 0.0731940 seconds
127.043: [GC [PSYoungGen: 91680K->7600K(97280K)] 102625K->18553K(318976K), 0.0024040 secs] [Times: user=0.02 sys=0.00, real=0.00 secs] 
127.046: Total time for which application threads were stopped: 0.0044150 seconds, Stopping threads took: 0.0018960 seconds
127.118: Application time: 0.0721930 seconds
127.120: [GC [PSYoungGen: 91056K->6976K(97280K)] 102009K->17937K(318976K), 0.0021050 secs] [Times: user=0.01 sys=0.00, real=0.01 secs] 
127.122: Total time for which application threads were stopped: 0.0044830 seconds, Stopping threads took: 0.0022950 seconds
127.196: Application time: 0.0740960 seconds
127.198: [GC [PSYoungGen: 90432K->6960K(97280K)] 101393K->17921K(318976K), 0.0020080 secs] [Times: user=0.02 sys=0.00, real=0.00 secs] 
127.200: Total time for which application threads were stopped: 0.0035460 seconds, Stopping threads took: 0.0014580 seconds
127.273: Application time: 0.0725420 seconds
127.275: [GC [PSYoungGen: 90416K->7936K(97280K)] 101377K->18913K(318976K), 0.0023440 secs] [Times: user=0.01 sys=0.00, real=0.00 secs] 
127.277: Total time for which application threads were stopped: 0.0043710 seconds, Stopping threads took: 0.0019350 seconds
127.353: Application time: 0.0763170 seconds
127.354: [GC [PSYoungGen: 91392K->5360K(97280K)] 102369K->16337K(318976K), 0.0015970 secs] [Times: user=0.01 sys=0.00, real=0.00 secs] 
127.356: Total time for which application threads were stopped: 0.0028270 seconds, Stopping threads took: 0.0011570 seconds
127.432: Application time: 0.0763170 seconds
127.434: [GC [PSYoungGen: 88816K->6992K(97280K)] 99793K->17977K(318976K), 0.0019880 secs] [Times: user=0.01 sys=0.00, real=0.00 secs] 
127.436: Total time for which application threads were stopped: 0.0031990 seconds, Stopping threads took: 0.0011360 seconds
127.509: Application time: 0.0734160 seconds
127.511: [GC [PSYoungGen: 90448K->7632K(97280K)] 101433K->18625K(318976K), 0.0021880 secs] [Times: user=0.02 sys=0.00, real=0.01 secs] 
127.514: Total time for which application threads were stopped: 0.0045100 seconds, Stopping threads took: 0.0022430 seconds
127.589: Application time: 0.0749860 seconds
127.591: [GC [PSYoungGen: 91088K->7056K(97280K)] 102081K->18057K(318976K), 0.0019720 secs] [Times: user=0.01 sys=0.00, real=0.01 secs] 
127.593: Total time for which application threads were stopped: 0.0043820 seconds, Stopping threads took: 0.0023260 seconds
127.671: Application time: 0.0776520 seconds
127.672: [GC [PSYoungGen: 90512K->4304K(97280K)] 101513K->15313K(318976K), 0.0013890 secs] [Times: user=0.01 sys=0.00, real=0.01 secs] 
127.673: Total time for which application threads were stopped: 0.0026570 seconds, Stopping threads took: 0.0012030 seconds
127.748: Application time: 0.0751750 seconds
127.751: [GC [PSYoungGen: 87760K->7440K(97280K)] 98769K->18465K(318976K), 0.0021610 secs] [Times: user=0.01 sys=0.00, real=0.01 secs] 
127.753: Total time for which application threads were stopped: 0.0045400 seconds, Stopping threads took: 0.0022970 seconds
127.829: Application time: 0.0758970 seconds
127.831: [GC [PSYoungGen: 90896K->7568K(97280K)] 101921K->18601K(318976K), 0.0021570 secs] [Times: user=0.01 sys=0.00, real=0.01 secs] 
127.833: Total time for which application threads were stopped: 0.0045910 seconds, Stopping threads took: 0.0023400 seconds
127.909: Application time: 0.0756540 seconds
127.912: [GC [PSYoungGen: 91024K->7472K(97280K)] 102057K->18521K(318976K), 0.0020800 secs] [Times: user=0.02 sys=0.00, real=0.01 secs] 
127.914: Total time for which application threads were stopped: 0.0045980 seconds, Stopping threads took: 0.0024410 seconds
127.988: Application time: 0.0742390 seconds
127.990: [GC [PSYoungGen: 90928K->6944K(97280K)] 101977K->18001K(318976K), 0.0019800 secs] [Times: user=0.02 sys=0.00, real=0.00 secs] 
127.992: Total time for which application threads were stopped: 0.0036220 seconds, Stopping threads took: 0.0015700 seconds
128.065: Application time: 0.0734640 seconds
128.066: [GC [PSYoungGen: 90400K->6080K(97280K)] 101457K->17153K(318976K), 0.0017100 secs] [Times: user=0.01 sys=0.00, real=0.00 secs] 
128.068: Total time for which application threads were stopped: 0.0032230 seconds, Stopping threads took: 0.0014370 seconds
128.143: Application time: 0.0745110 seconds
128.145: [GC [PSYoungGen: 89536K->7056K(97280K)] 100609K->18137K(318976K), 0.0019400 secs] [Times: user=0.02 sys=0.00, real=0.00 secs] 
128.147: Total time for which application threads were stopped: 0.0041820 seconds, Stopping threads took: 0.0021660 seconds
128.222: Application time: 0.0746130 seconds
128.224: [GC [PSYoungGen: 90512K->6208K(97280K)] 101593K->17297K(318976K), 0.0018210 secs] [Times: user=0.01 sys=0.00, real=0.00 secs] 
128.226: Total time for which application threads were stopped: 0.0039410 seconds, Stopping threads took: 0.0020380 seconds
128.302: Application time: 0.0768710 seconds
128.305: [GC [PSYoungGen: 89664K->5648K(97280K)] 100753K->16745K(318976K), 0.0015930 secs] [Times: user=0.01 sys=0.00, real=0.00 secs] 
128.306: Total time for which application threads were stopped: 0.0039420 seconds, Stopping threads took: 0.0022780 seconds
128.381: Application time: 0.0742200 seconds
128.383: [GC [PSYoungGen: 89104K->8400K(97280K)] 100201K->19505K(318976K), 0.0023800 secs] [Times: user=0.01 sys=0.00, real=0.00 secs] 
128.386: Total time for which application threads were stopped: 0.0053740 seconds, Stopping threads took: 0.0029060 seconds
128.459: Application time: 0.0729360 seconds
128.461: [GC [PSYoungGen: 91856K->6912K(97280K)] 102961K->18025K(318976K), 0.0020380 secs] [Times: user=0.01 sys=0.00, real=0.00 secs] 
128.464: Total time for which application threads were stopped: 0.0046540 seconds, Stopping threads took: 0.0025360 seconds
128.538: Application time: 0.0747840 seconds
128.539: [GC [PSYoungGen: 90368K->7536K(97280K)] 101481K->18657K(318976K), 0.0021890 secs] [Times: user=0.01 sys=0.00, real=0.01 secs] 
128.542: Total time for which application threads were stopped: 0.0033690 seconds, Stopping threads took: 0.0011010 seconds
128.616: Application time: 0.0742990 seconds
128.619: [GC [PSYoungGen: 90992K->7920K(97280K)] 102113K->19049K(318976K), 0.0023210 secs] [Times: user=0.02 sys=0.00, real=0.01 secs] 
128.621: Total time for which application threads were stopped: 0.0049760 seconds, Stopping threads took: 0.0025690 seconds
128.693: Application time: 0.0721940 seconds
128.696: [GC [PSYoungGen: 91376K->6784K(97280K)] 102505K->17913K(318976K), 0.0019670 secs] [Times: user=0.02 sys=0.00, real=0.00 secs] 
128.698: Total time for which application threads were stopped: 0.0044250 seconds, Stopping threads took: 0.0023820 seconds
128.771: Application time: 0.0738520 seconds
128.773: [GC [PSYoungGen: 90240K->7360K(97280K)] 101369K->18497K(318976K), 0.0021240 secs] [Times: user=0.01 sys=0.00, real=0.00 secs] 
128.776: Total time for which application threads were stopped: 0.0042080 seconds, Stopping threads took: 0.0020060 seconds
128.850: Application time: 0.0742900 seconds
128.853: [GC [PSYoungGen: 90816K->7392K(97280K)] 101953K->18537K(318976K), 0.0021510 secs] [Times: user=0.01 sys=0.00, real=0.00 secs] 
128.855: Total time for which application threads were stopped: 0.0052540 seconds, Stopping threads took: 0.0030240 seconds
128.928: Application time: 0.0732090 seconds
128.930: [GC [PSYoungGen: 90848K->6784K(97280K)] 101993K->17937K(318976K), 0.0019270 secs] [Times: user=0.01 sys=0.00, real=0.00 secs] 
128.932: Total time for which application threads were stopped: 0.0036480 seconds, Stopping threads took: 0.0016360 seconds
129.006: Application time: 0.0739920 seconds
129.008: [GC [PSYoungGen: 90240K->7360K(97280K)] 101393K->18521K(318976K), 0.0020870 secs] [Times: user=0.02 sys=0.01, real=0.00 secs] 
129.010: Total time for which application threads were stopped: 0.0043940 seconds, Stopping threads took: 0.0022280 seconds
129.084: Application time: 0.0736690 seconds
129.086: [GC [PSYoungGen: 90816K->7712K(97280K)] 101977K->18881K(318976K), 0.0023250 secs] [Times: user=0.01 sys=0.00, real=0.00 secs] 
129.088: Total time for which application threads were stopped: 0.0042030 seconds, Stopping threads took: 0.0017970 seconds
129.163: Application time: 0.0745050 seconds
129.165: [GC [PSYoungGen: 91168K->8288K(97280K)] 102337K->19465K(318976K), 0.0023550 secs] [Times: user=0.02 sys=0.00, real=0.00 secs] 
129.168: Total time for which application threads were stopped: 0.0048510 seconds, Stopping threads took: 0.0024050 seconds
129.241: Application time: 0.0737700 seconds
129.244: [GC [PSYoungGen: 91744K->6768K(97280K)] 102921K->17953K(318976K), 0.0019430 secs] [Times: user=0.01 sys=0.00, real=0.00 secs] 
129.246: Total time for which application threads were stopped: 0.0042570 seconds, Stopping threads took: 0.0022390 seconds
129.320: Application time: 0.0746430 seconds
129.322: [GC [PSYoungGen: 90224K->5664K(97280K)] 101409K->16857K(318976K), 0.0015950 secs] [Times: user=0.01 sys=0.00, real=0.00 secs] 
129.323: Total time for which application threads were stopped: 0.0030560 seconds, Stopping threads took: 0.0013830 seconds
129.398: Application time: 0.0741650 seconds
129.400: [GC [PSYoungGen: 89120K->7072K(97280K)] 100313K->18281K(318976K), 0.0020210 secs] [Times: user=0.02 sys=0.00, real=0.01 secs] 
129.402: Total time for which application threads were stopped: 0.0045230 seconds, Stopping threads took: 0.0024290 seconds
129.476: Application time: 0.0734160 seconds
129.478: [GC [PSYoungGen: 90528K->6032K(97280K)] 101737K->17249K(318976K), 0.0018420 secs] [Times: user=0.01 sys=0.00, real=0.00 secs] 
129.479: Total time for which application threads were stopped: 0.0039570 seconds, Stopping threads took: 0.0020310 seconds
129.553: Application time: 0.0734560 seconds
129.554: [GC [PSYoungGen: 89488K->6928K(97280K)] 100705K->18153K(318976K), 0.0019810 secs] [Times: user=0.02 sys=0.00, real=0.00 secs] 
129.556: Total time for which application threads were stopped: 0.0034520 seconds, Stopping threads took: 0.0013870 seconds
129.633: Application time: 0.0767020 seconds
129.634: [GC [PSYoungGen: 90384K->6912K(97280K)] 101609K->18145K(318976K), 0.0019990 secs] [Times: user=0.01 sys=0.00, real=0.00 secs] 
129.637: Total time for which application threads were stopped: 0.0034290 seconds, Stopping threads took: 0.0013390 seconds
129.709: Application time: 0.0723390 seconds
129.712: [GC [PSYoungGen: 90368K->7664K(97280K)] 101601K->18905K(318976K), 0.0022010 secs] [Times: user=0.02 sys=0.00, real=0.01 secs] 
129.714: Total time for which application threads were stopped: 0.0050910 seconds, Stopping threads took: 0.0027910 seconds
129.788: Application time: 0.0741280 seconds
129.791: [GC [PSYoungGen: 91120K->6864K(97280K)] 102361K->18113K(318976K), 0.0020190 secs] [Times: user=0.01 sys=0.00, real=0.01 secs] 
129.793: Total time for which application threads were stopped: 0.0045520 seconds, Stopping threads took: 0.0024570 seconds
129.867: Application time: 0.0742610 seconds
129.869: [GC [PSYoungGen: 90320K->6112K(97280K)] 101569K->17361K(318976K), 0.0017510 secs] [Times: user=0.00 sys=0.00, real=0.00 secs] 
129.871: Total time for which application threads were stopped: 0.0036380 seconds, Stopping threads took: 0.0018130 seconds
129.943: Application time: 0.0725790 seconds
129.946: [GC [PSYoungGen: 89568K->7952K(97280K)] 100817K->19209K(318976K), 0.0022620 secs] [Times: user=0.01 sys=0.00, real=0.00 secs] 
129.948: Total time for which application threads were stopped: 0.0049770 seconds, Stopping threads took: 0.0026360 seconds
130.020: Application time: 0.0722290 seconds
130.022: [GC [PSYoungGen: 91408K->8416K(97280K)] 102665K->19681K(318976K), 0.0024600 secs] [Times: user=0.02 sys=0.00, real=0.00 secs] 
130.025: Total time for which application threads were stopped: 0.0045660 seconds, Stopping threads took: 0.0020150 seconds
130.099: Application time: 0.0740850 seconds
130.101: [GC [PSYoungGen: 91872K->7536K(97280K)] 103137K->18809K(318976K), 0.0021720 secs] [Times: user=0.01 sys=0.00, real=0.00 secs] 
130.103: Total time for which application threads were stopped: 0.0041580 seconds, Stopping threads took: 0.0019020 seconds
130.176: Application time: 0.0728150 seconds
130.178: [GC [PSYoungGen: 90992K->6880K(97280K)] 102265K->18169K(318976K), 0.0018580 secs] [Times: user=0.01 sys=0.00, real=0.00 secs] 
130.180: Total time for which application threads were stopped: 0.0044300 seconds, Stopping threads took: 0.0024910 seconds
130.253: Application time: 0.0724980 seconds
130.255: [GC [PSYoungGen: 90336K->7104K(97280K)] 101625K->18401K(318976K), 0.0020950 secs] [Times: user=0.01 sys=0.00, real=0.00 secs] 
130.257: Total time for which application threads were stopped: 0.0037720 seconds, Stopping threads took: 0.0015940 seconds
130.332: Application time: 0.0755060 seconds
130.334: [GC [PSYoungGen: 90560K->5808K(97280K)] 101857K->17113K(318976K), 0.0017750 secs] [Times: user=0.01 sys=0.00, real=0.00 secs] 
130.336: Total time for which application threads were stopped: 0.0034960 seconds, Stopping threads took: 0.0016290 seconds
130.410: Application time: 0.0743990 seconds
130.413: [GC [PSYoungGen: 89264K->8016K(97280K)] 100569K->19329K(318976K), 0.0022570 secs] [Times: user=0.01 sys=0.00, real=0.00 secs] 
130.415: Total time for which application threads were stopped: 0.0051380 seconds, Stopping threads took: 0.0028010 seconds
130.487: Application time: 0.0714560 seconds
130.489: [GC [PSYoungGen: 91472K->7536K(97280K)] 102785K->18849K(318976K), 0.0022630 secs] [Times: user=0.01 sys=0.00, real=0.00 secs] 
130.491: Total time for which application threads were stopped: 0.0043190 seconds, Stopping threads took: 0.0019700 seconds
130.563: Application time: 0.0718170 seconds
130.564: [GC [PSYoungGen: 90992K->6816K(97280K)] 102305K->18137K(318976K), 0.0020560 secs] [Times: user=0.02 sys=0.00, real=0.00 secs] 
130.566: Total time for which application threads were stopped: 0.0035950 seconds, Stopping threads took: 0.0014490 seconds
130.641: Application time: 0.0745270 seconds
130.643: [GC [PSYoungGen: 90272K->6848K(97280K)] 101593K->18177K(318976K), 0.0020530 secs] [Times: user=0.02 sys=0.00, real=0.00 secs] 
130.645: Total time for which application threads were stopped: 0.0040950 seconds, Stopping threads took: 0.0019660 seconds
130.719: Application time: 0.0739870 seconds
130.722: [GC [PSYoungGen: 90304K->7520K(97280K)] 101633K->18865K(318976K), 0.0022090 secs] [Times: user=0.01 sys=0.01, real=0.00 secs] 
130.724: Total time for which application threads were stopped: 0.0053270 seconds, Stopping threads took: 0.0030180 seconds
130.797: Application time: 0.0727920 seconds
130.799: [GC [PSYoungGen: 90976K->7024K(97280K)] 102321K->18377K(318976K), 0.0019410 secs] [Times: user=0.01 sys=0.00, real=0.01 secs] 
130.801: Total time for which application threads were stopped: 0.0041550 seconds, Stopping threads took: 0.0021210 seconds
130.876: Application time: 0.0750100 seconds
130.878: [GC [PSYoungGen: 90480K->6032K(97280K)] 101833K->17393K(318976K), 0.0017620 secs] [Times: user=0.01 sys=0.00, real=0.00 secs] 
130.880: Total time for which application threads were stopped: 0.0033930 seconds, Stopping threads took: 0.0015550 seconds
130.954: Application time: 0.0744970 seconds
130.956: [GC [PSYoungGen: 89488K->6912K(97280K)] 100849K->18273K(318976K), 0.0021530 secs] [Times: user=0.01 sys=0.00, real=0.00 secs] 
130.958: Total time for which application threads were stopped: 0.0039090 seconds, Stopping threads took: 0.0016790 seconds
131.037: Application time: 0.0785140 seconds
131.038: [GC [PSYoungGen: 90368K->6880K(97280K)] 101729K->18257K(318976K), 0.0020530 secs] [Times: user=0.01 sys=0.00, real=0.01 secs] 
131.041: Total time for which application threads were stopped: 0.0039120 seconds, Stopping threads took: 0.0017780 seconds
131.119: Application time: 0.0781880 seconds
131.121: [GC [PSYoungGen: 90336K->7488K(97280K)] 101713K->18873K(318976K), 0.0021720 secs] [Times: user=0.02 sys=0.00, real=0.00 secs] 
131.124: Total time for which application threads were stopped: 0.0049000 seconds, Stopping threads took: 0.0026380 seconds
131.205: Application time: 0.0815790 seconds
131.207: [GC [PSYoungGen: 90944K->7408K(97280K)] 102329K->18801K(318976K), 0.0021540 secs] [Times: user=0.01 sys=0.00, real=0.00 secs] 
131.209: Total time for which application threads were stopped: 0.0042610 seconds, Stopping threads took: 0.0020260 seconds
131.287: Application time: 0.0773600 seconds
131.289: [GC [PSYoungGen: 90864K->7952K(97280K)] 102257K->19353K(318976K), 0.0022470 secs] [Times: user=0.02 sys=0.00, real=0.00 secs] 
131.291: Total time for which application threads were stopped: 0.0042640 seconds, Stopping threads took: 0.0019340 seconds
131.371: Application time: 0.0794330 seconds
131.373: [GC [PSYoungGen: 91408K->7360K(97280K)] 102809K->18769K(318976K), 0.0021960 secs] [Times: user=0.00 sys=0.00, real=0.00 secs] 
131.375: Total time for which application threads were stopped: 0.0046830 seconds, Stopping threads took: 0.0024060 seconds
131.454: Application time: 0.0786110 seconds
131.457: [GC [PSYoungGen: 90816K->6752K(97280K)] 102225K->18169K(318976K), 0.0020550 secs] [Times: user=0.02 sys=0.00, real=0.00 secs] 
131.459: Total time for which application threads were stopped: 0.0052370 seconds, Stopping threads took: 0.0031010 seconds
131.539: Application time: 0.0797590 seconds
131.541: [GC [PSYoungGen: 90208K->8064K(97280K)] 101625K->19489K(318976K), 0.0023190 secs] [Times: user=0.01 sys=0.00, real=0.00 secs] 
131.544: Total time for which application threads were stopped: 0.0047560 seconds, Stopping threads took: 0.0023520 seconds
131.624: Application time: 0.0801240 seconds
131.625: [GC [PSYoungGen: 91520K->5296K(97280K)] 102945K->16721K(318976K), 0.0016210 secs] [Times: user=0.02 sys=0.00, real=0.00 secs] 
131.627: Total time for which application threads were stopped: 0.0034220 seconds, Stopping threads took: 0.0017010 seconds
131.707: Application time: 0.0803260 seconds
131.710: [GC [PSYoungGen: 88752K->6032K(97280K)] 100177K->17465K(318976K), 0.0019060 secs] [Times: user=0.01 sys=0.00, real=0.00 secs] 
131.712: Total time for which application threads were stopped: 0.0045840 seconds, Stopping threads took: 0.0025980 seconds
131.791: Application time: 0.0788100 seconds
131.793: [GC [PSYoungGen: 89488K->6944K(97280K)] 100921K->18385K(318976K), 0.0019820 secs] [Times: user=0.02 sys=0.00, real=0.00 secs] 
131.795: Total time for which application threads were stopped: 0.0039910 seconds, Stopping threads took: 0.0019280 seconds
131.875: Application time: 0.0799490 seconds
131.877: [GC [PSYoungGen: 90400K->7488K(97280K)] 101841K->18945K(318976K), 0.0021310 secs] [Times: user=0.01 sys=0.00, real=0.00 secs] 
131.879: Total time for which application threads were stopped: 0.0042630 seconds, Stopping threads took: 0.0020530 seconds
131.956: Application time: 0.0769890 seconds
131.959: [GC [PSYoungGen: 90944K->7472K(97280K)] 102401K->18937K(318976K), 0.0022590 secs] [Times: user=0.01 sys=0.00, real=0.01 secs] 
131.961: Total time for which application threads were stopped: 0.0048340 seconds, Stopping threads took: 0.0024910 seconds
132.040: Application time: 0.0791940 seconds
132.043: [GC [PSYoungGen: 90928K->8000K(97280K)] 102393K->19473K(318976K), 0.0023440 secs] [Times: user=0.02 sys=0.00, real=0.00 secs] 
132.046: Total time for which application threads were stopped: 0.0055640 seconds, Stopping threads took: 0.0031340 seconds
132.125: Application time: 0.0794630 seconds
132.128: [GC [PSYoungGen: 91456K->7520K(97280K)] 102929K->19001K(318976K), 0.0021570 secs] [Times: user=0.02 sys=0.00, real=0.00 secs] 
132.130: Total time for which application threads were stopped: 0.0051650 seconds, Stopping threads took: 0.0029200 seconds
132.211: Application time: 0.0804530 seconds
132.213: [GC [PSYoungGen: 90976K->6912K(97280K)] 102457K->18401K(318976K), 0.0019500 secs] [Times: user=0.01 sys=0.00, real=0.00 secs] 
132.215: Total time for which application threads were stopped: 0.0041860 seconds, Stopping threads took: 0.0021560 seconds
132.295: Application time: 0.0802760 seconds
132.297: [GC [PSYoungGen: 90368K->5968K(97280K)] 101857K->17465K(318976K), 0.0017580 secs] [Times: user=0.01 sys=0.00, real=0.00 secs] 
132.299: Total time for which application threads were stopped: 0.0033350 seconds, Stopping threads took: 0.0014820 seconds
132.377: Application time: 0.0782570 seconds
132.380: [GC [PSYoungGen: 89424K->7024K(97280K)] 100921K->18521K(318976K), 0.0020360 secs] [Times: user=0.02 sys=0.00, real=0.01 secs] 
132.382: Total time for which application threads were stopped: 0.0047750 seconds, Stopping threads took: 0.0026450 seconds
132.459: Application time: 0.0772310 seconds
132.462: [GC [PSYoungGen: 90480K->7424K(97280K)] 101977K->18929K(318976K), 0.0021200 secs] [Times: user=0.01 sys=0.01, real=0.00 secs] 
132.464: Total time for which application threads were stopped: 0.0052260 seconds, Stopping threads took: 0.0030230 seconds
132.542: Application time: 0.0784060 seconds
132.545: [GC [PSYoungGen: 90880K->6832K(97280K)] 102385K->18345K(318976K), 0.0020170 secs] [Times: user=0.01 sys=0.00, real=0.00 secs] 
132.547: Total time for which application threads were stopped: 0.0045970 seconds, Stopping threads took: 0.0025010 seconds
132.625: Application time: 0.0778530 seconds
132.628: [GC [PSYoungGen: 90288K->8304K(97280K)] 101801K->19825K(318976K), 0.0023870 secs] [Times: user=0.01 sys=0.00, real=0.00 secs] 
132.630: Total time for which application threads were stopped: 0.0052980 seconds, Stopping threads took: 0.0028210 seconds
132.708: Application time: 0.0782670 seconds
132.711: [GC [PSYoungGen: 91760K->7280K(97280K)] 103281K->18809K(318976K), 0.0020860 secs] [Times: user=0.02 sys=0.00, real=0.01 secs] 
132.713: Total time for which application threads were stopped: 0.0048300 seconds, Stopping threads took: 0.0026520 seconds
132.791: Application time: 0.0772290 seconds
132.792: [GC [PSYoungGen: 90736K->7680K(97280K)] 102265K->19217K(318976K), 0.0021200 secs] [Times: user=0.02 sys=0.00, real=0.01 secs] 
132.794: Total time for which application threads were stopped: 0.0036860 seconds, Stopping threads took: 0.0014680 seconds
132.874: Application time: 0.0794750 seconds
132.877: [GC [PSYoungGen: 91136K->7072K(97280K)] 102673K->18617K(318976K), 0.0019560 secs] [Times: user=0.02 sys=0.00, real=0.00 secs] 
132.879: Total time for which application threads were stopped: 0.0049890 seconds, Stopping threads took: 0.0029460 seconds
132.957: Application time: 0.0785420 seconds
132.959: [GC [PSYoungGen: 90528K->7856K(97280K)] 102073K->19409K(318976K), 0.0022480 secs] [Times: user=0.02 sys=0.00, real=0.01 secs] 
132.961: Total time for which application threads were stopped: 0.0041200 seconds, Stopping threads took: 0.0017850 seconds
133.041: Application time: 0.0800980 seconds
133.044: [GC [PSYoungGen: 91312K->8128K(97280K)] 102865K->19689K(318976K), 0.0023490 secs] [Times: user=0.02 sys=0.00, real=0.00 secs] 
133.046: Total time for which application threads were stopped: 0.0049690 seconds, Stopping threads took: 0.0025300 seconds
133.126: Application time: 0.0792460 seconds
133.128: [GC [PSYoungGen: 91584K->6448K(97280K)] 103145K->18017K(318976K), 0.0019360 secs] [Times: user=0.00 sys=0.00, real=0.00 secs] 
133.130: Total time for which application threads were stopped: 0.0043420 seconds, Stopping threads took: 0.0023290 seconds
133.208: Application time: 0.0779240 seconds
133.211: [GC [PSYoungGen: 89904K->6944K(97280K)] 101473K->18521K(318976K), 0.0019950 secs] [Times: user=0.01 sys=0.00, real=0.01 secs] 
133.213: Total time for which application threads were stopped: 0.0048410 seconds, Stopping threads took: 0.0027650 seconds
133.293: Application time: 0.0803200 seconds
133.297: [GC [PSYoungGen: 90400K->6464K(97280K)] 101977K->18049K(318976K), 0.0019940 secs] [Times: user=0.01 sys=0.00, real=0.00 secs] 
133.299: Total time for which application threads were stopped: 0.0054260 seconds, Stopping threads took: 0.0033250 seconds
133.378: Application time: 0.0796290 seconds
133.381: [GC [PSYoungGen: 89920K->6944K(97280K)] 101505K->18537K(318976K), 0.0021810 secs] [Times: user=0.01 sys=0.00, real=0.00 secs] 
133.383: Total time for which application threads were stopped: 0.0051150 seconds, Stopping threads took: 0.0028470 seconds
133.461: Application time: 0.0781220 seconds
133.463: [GC [PSYoungGen: 90400K->6272K(97280K)] 101993K->17873K(318976K), 0.0018510 secs] [Times: user=0.01 sys=0.00, real=0.00 secs] 
133.465: Total time for which application threads were stopped: 0.0036260 seconds, Stopping threads took: 0.0016990 seconds
133.542: Application time: 0.0769850 seconds
133.545: [GC [PSYoungGen: 89728K->7552K(97280K)] 101329K->19161K(318976K), 0.0022340 secs] [Times: user=0.02 sys=0.00, real=0.00 secs] 
133.547: Total time for which application threads were stopped: 0.0051310 seconds, Stopping threads took: 0.0028170 seconds
133.626: Application time: 0.0788160 seconds
133.628: [GC [PSYoungGen: 91008K->7088K(97280K)] 102617K->18705K(318976K), 0.0022180 secs] [Times: user=0.02 sys=0.00, real=0.00 secs] 
133.630: Total time for which application threads were stopped: 0.0037970 seconds, Stopping threads took: 0.0014970 seconds
133.710: Application time: 0.0801320 seconds
133.712: [GC [PSYoungGen: 90544K->6656K(97280K)] 102161K->18281K(318976K), 0.0021230 secs] [Times: user=0.01 sys=0.00, real=0.01 secs] 
133.714: Total time for which application threads were stopped: 0.0045320 seconds, Stopping threads took: 0.0023280 seconds
133.793: Application time: 0.0783890 seconds
133.795: [GC [PSYoungGen: 90112K->8208K(97280K)] 101737K->19833K(318976K), 0.0023390 secs] [Times: user=0.02 sys=0.00, real=0.00 secs] 
133.797: Total time for which application threads were stopped: 0.0040510 seconds, Stopping threads took: 0.0016270 seconds
133.877: Application time: 0.0805140 seconds
133.880: [GC [PSYoungGen: 91664K->7600K(97280K)] 103289K->19233K(318976K), 0.0022300 secs] [Times: user=0.02 sys=0.00, real=0.01 secs] 
133.882: Total time for which application threads were stopped: 0.0046590 seconds, Stopping threads took: 0.0023400 seconds
133.960: Application time: 0.0776670 seconds
133.963: [GC [PSYoungGen: 91056K->7856K(97280K)] 102689K->19505K(318976K), 0.0022670 secs] [Times: user=0.01 sys=0.00, real=0.00 secs] 
133.965: Total time for which application threads were stopped: 0.0053130 seconds, Stopping threads took: 0.0029630 seconds
134.045: Application time: 0.0803500 seconds
134.047: [GC [PSYoungGen: 91312K->6448K(97280K)] 102961K->18105K(318976K), 0.0019390 secs] [Times: user=0.01 sys=0.00, real=0.00 secs] 
134.049: Total time for which application threads were stopped: 0.0036480 seconds, Stopping threads took: 0.0016290 seconds
134.128: Application time: 0.0792110 seconds
134.130: [GC [PSYoungGen: 89904K->6320K(97280K)] 101561K->17985K(318976K), 0.0017580 secs] [Times: user=0.01 sys=0.00, real=0.00 secs] 
134.132: Total time for which application threads were stopped: 0.0036620 seconds, Stopping threads took: 0.0018330 seconds
134.212: Application time: 0.0804180 seconds
134.215: [GC [PSYoungGen: 89776K->8288K(97280K)] 101441K->19961K(318976K), 0.0023900 secs] [Times: user=0.01 sys=0.00, real=0.00 secs] 
134.217: Total time for which application threads were stopped: 0.0048930 seconds, Stopping threads took: 0.0024190 seconds
134.296: Application time: 0.0786780 seconds
134.299: [GC [PSYoungGen: 91744K->7056K(97280K)] 103417K->18729K(318976K), 0.0020630 secs] [Times: user=0.02 sys=0.00, real=0.01 secs] 
134.301: Total time for which application threads were stopped: 0.0049870 seconds, Stopping threads took: 0.0028400 seconds
134.380: Application time: 0.0791830 seconds
134.383: [GC [PSYoungGen: 90512K->7200K(97280K)] 102185K->18881K(318976K), 0.0020850 secs] [Times: user=0.01 sys=0.00, real=0.00 secs] 
134.385: Total time for which application threads were stopped: 0.0046860 seconds, Stopping threads took: 0.0025120 seconds
134.462: Application time: 0.0771650 seconds
134.465: [GC [PSYoungGen: 90656K->7664K(97280K)] 102337K->19353K(318976K), 0.0020900 secs] [Times: user=0.01 sys=0.00, real=0.00 secs] 
134.467: Total time for which application threads were stopped: 0.0047370 seconds, Stopping threads took: 0.0025740 seconds
134.547: Application time: 0.0797850 seconds
134.549: [GC [PSYoungGen: 91120K->7008K(97280K)] 102809K->18705K(318976K), 0.0019880 secs] [Times: user=0.01 sys=0.00, real=0.00 secs] 
134.551: Total time for which application threads were stopped: 0.0048670 seconds, Stopping threads took: 0.0027980 seconds
134.628: Application time: 0.0768840 seconds
134.630: [GC [PSYoungGen: 90464K->7600K(97280K)] 102161K->19305K(318976K), 0.0022390 secs] [Times: user=0.01 sys=0.00, real=0.01 secs] 
134.633: Total time for which application threads were stopped: 0.0045220 seconds, Stopping threads took: 0.0021640 seconds
134.710: Application time: 0.0776330 seconds
134.712: [GC [PSYoungGen: 91056K->6272K(97280K)] 102761K->17985K(318976K), 0.0018050 secs] [Times: user=0.01 sys=0.00, real=0.01 secs] 
134.714: Total time for which application threads were stopped: 0.0035980 seconds, Stopping threads took: 0.0017170 seconds
134.791: Application time: 0.0771990 seconds
134.794: [GC [PSYoungGen: 89728K->7472K(97280K)] 101441K->19193K(318976K), 0.0020810 secs] [Times: user=0.02 sys=0.00, real=0.00 secs] 
134.796: Total time for which application threads were stopped: 0.0045070 seconds, Stopping threads took: 0.0023490 seconds
134.875: Application time: 0.0796490 seconds
134.878: [GC [PSYoungGen: 90928K->6688K(97280K)] 102649K->18417K(318976K), 0.0019510 secs] [Times: user=0.01 sys=0.00, real=0.00 secs] 
134.880: Total time for which application threads were stopped: 0.0043700 seconds, Stopping threads took: 0.0023440 seconds
134.959: Application time: 0.0792230 seconds
134.961: [GC [PSYoungGen: 90144K->6576K(97280K)] 101873K->18313K(318976K), 0.0019870 secs] [Times: user=0.01 sys=0.00, real=0.00 secs] 
134.963: Total time for which application threads were stopped: 0.0044840 seconds, Stopping threads took: 0.0024150 seconds
135.036: Application time: 0.0729930 seconds
135.038: [GC [PSYoungGen: 90032K->6688K(97280K)] 101769K->18433K(318976K), 0.0019760 secs] [Times: user=0.01 sys=0.00, real=0.00 secs] 
135.040: Total time for which application threads were stopped: 0.0031750 seconds, Stopping threads took: 0.0011250 seconds
135.117: Application time: 0.0777470 seconds
135.120: [GC [PSYoungGen: 90144K->7936K(97280K)] 101889K->19689K(318976K), 0.0022510 secs] [Times: user=0.02 sys=0.00, real=0.01 secs] 
135.122: Total time for which application threads were stopped: 0.0046580 seconds, Stopping threads took: 0.0023260 seconds
135.193: Application time: 0.0709490 seconds
135.195: [GC [PSYoungGen: 91392K->7216K(97280K)] 103145K->18977K(318976K), 0.0020830 secs] [Times: user=0.02 sys=0.00, real=0.00 secs] 
135.197: Total time for which application threads were stopped: 0.0042750 seconds, Stopping threads took: 0.0021110 seconds
135.271: Application time: 0.0734500 seconds
135.273: [GC [PSYoungGen: 90672K->6784K(97280K)] 102433K->18553K(318976K), 0.0019960 secs] [Times: user=0.01 sys=0.00, real=0.00 secs] 
135.275: Total time for which application threads were stopped: 0.0041730 seconds, Stopping threads took: 0.0020820 seconds
135.349: Application time: 0.0738910 seconds
135.351: [GC [PSYoungGen: 90240K->6272K(97280K)] 102009K->18041K(318976K), 0.0017670 secs] [Times: user=0.01 sys=0.00, real=0.01 secs] 
135.353: Total time for which application threads were stopped: 0.0038000 seconds, Stopping threads took: 0.0019570 seconds
135.429: Application time: 0.0759200 seconds
135.430: [GC [PSYoungGen: 89728K->6720K(97280K)] 101497K->18497K(318976K), 0.0018970 secs] [Times: user=0.01 sys=0.00, real=0.00 secs] 
135.432: Total time for which application threads were stopped: 0.0037990 seconds, Stopping threads took: 0.0018270 seconds
135.508: Application time: 0.0759120 seconds
135.513: [GC [PSYoungGen: 90176K->6400K(97280K)] 101953K->18185K(318976K), 0.0020330 secs] [Times: user=0.01 sys=0.00, real=0.00 secs] 
135.515: Total time for which application threads were stopped: 0.0063800 seconds, Stopping threads took: 0.0042570 seconds
135.537: Application time: 0.0227590 seconds
135.540: Total time for which application threads were stopped: 0.0025950 seconds, Stopping threads took: 0.0025740 seconds
135.590: Application time: 0.0504680 seconds
135.593: [GC [PSYoungGen: 89856K->5840K(97280K)] 101641K->17633K(318976K), 0.0017250 secs] [Times: user=0.01 sys=0.00, real=0.00 secs] 
135.595: Total time for which application threads were stopped: 0.0043540 seconds, Stopping threads took: 0.0025550 seconds
135.618: Application time: 0.0229830 seconds
135.621: Total time for which application threads were stopped: 0.0030320 seconds, Stopping threads took: 0.0030090 seconds
135.647: Application time: 0.0262470 seconds
135.649: Total time for which application threads were stopped: 0.0022280 seconds, Stopping threads took: 0.0022050 seconds
135.658: Application time: 0.0091910 seconds
135.660: Total time for which application threads were stopped: 0.0019960 seconds, Stopping threads took: 0.0019520 seconds
135.682: Application time: 0.0215450 seconds
135.684: [GC [PSYoungGen: 89296K->3248K(97280K)] 101089K->15049K(318976K), 0.0013090 secs] [Times: user=0.00 sys=0.00, real=0.00 secs] 
135.686: Total time for which application threads were stopped: 0.0036500 seconds, Stopping threads took: 0.0022680 seconds
135.704: Application time: 0.0182690 seconds
135.706: Total time for which application threads were stopped: 0.0025220 seconds, Stopping threads took: 0.0024780 seconds
135.718: Application time: 0.0118950 seconds
135.720: Total time for which application threads were stopped: 0.0014330 seconds, Stopping threads took: 0.0014090 seconds
135.789: Application time: 0.0691020 seconds
135.789: Total time for which application threads were stopped: 0.0003550 seconds, Stopping threads took: 0.0003330 seconds
135.854: Application time: 0.0646750 seconds
135.854: Total time for which application threads were stopped: 0.0000600 seconds, Stopping threads took: 0.0000300 seconds
135.863: Application time: 0.0085620 seconds
135.864: [GC [PSYoungGen: 86704K->4976K(97280K)] 98505K->16793K(318976K), 0.0013890 secs] [Times: user=0.01 sys=0.00, real=0.00 secs] 
135.866: Total time for which application threads were stopped: 0.0032680 seconds, Stopping threads took: 0.0018150 seconds
135.939: Application time: 0.0728660 seconds
135.941: [GC [PSYoungGen: 88432K->6688K(97280K)] 100249K->18505K(318976K), 0.0018830 secs] [Times: user=0.02 sys=0.00, real=0.00 secs] 
135.943: Total time for which application threads were stopped: 0.0038690 seconds, Stopping threads took: 0.0019150 seconds
136.018: Application time: 0.0754240 seconds
136.021: [GC [PSYoungGen: 90144K->7552K(97280K)] 101961K->19377K(318976K), 0.0021800 secs] [Times: user=0.01 sys=0.00, real=0.00 secs] 
136.023: Total time for which application threads were stopped: 0.0049630 seconds, Stopping threads took: 0.0026970 seconds
136.097: Application time: 0.0742420 seconds
136.100: [GC [PSYoungGen: 91008K->6656K(97280K)] 102833K->18489K(318976K), 0.0020060 secs] [Times: user=0.01 sys=0.00, real=0.01 secs] 
136.102: Total time for which application threads were stopped: 0.0043850 seconds, Stopping threads took: 0.0023070 seconds
136.183: Application time: 0.0817130 seconds
136.186: [GC [PSYoungGen: 90112K->7568K(97280K)] 101945K->19401K(318976K), 0.0022630 secs] [Times: user=0.01 sys=0.00, real=0.00 secs] 
136.188: Total time for which application threads were stopped: 0.0048880 seconds, Stopping threads took: 0.0025410 seconds
136.269: Application time: 0.0806740 seconds
136.271: [GC [PSYoungGen: 91024K->7120K(97280K)] 102857K->18961K(318976K), 0.0020230 secs] [Times: user=0.01 sys=0.01, real=0.01 secs] 
136.273: Total time for which application threads were stopped: 0.0038040 seconds, Stopping threads took: 0.0017060 seconds
136.332: Application time: 0.0595870 seconds
136.334: Total time for which application threads were stopped: 0.0020500 seconds, Stopping threads took: 0.0020220 seconds
136.335: Application time: 0.0002430 seconds
136.336: Total time for which application threads were stopped: 0.0016170 seconds, Stopping threads took: 0.0016010 seconds
136.344: Application time: 0.0082890 seconds
136.347: Total time for which application threads were stopped: 0.0029020 seconds, Stopping threads took: 0.0028740 seconds
136.351: Application time: 0.0040710 seconds
136.353: Total time for which application threads were stopped: 0.0017090 seconds, Stopping threads took: 0.0016820 seconds
136.357: Application time: 0.0038340 seconds
136.358: [GC [PSYoungGen: 90576K->4080K(97280K)] 102417K->15937K(318976K), 0.0013320 secs] [Times: user=0.00 sys=0.00, real=0.00 secs] 
136.359: Total time for which application threads were stopped: 0.0019510 seconds, Stopping threads took: 0.0005510 seconds
136.433: Application time: 0.0743920 seconds
136.435: [GC [PSYoungGen: 87536K->7312K(97280K)] 99393K->19177K(318976K), 0.0021590 secs] [Times: user=0.01 sys=0.00, real=0.00 secs] 
136.437: Total time for which application threads were stopped: 0.0034510 seconds, Stopping threads took: 0.0012130 seconds
136.510: Application time: 0.0736590 seconds
136.513: [GC [PSYoungGen: 90768K->7472K(97280K)] 102633K->19345K(318976K), 0.0021800 secs] [Times: user=0.01 sys=0.00, real=0.00 secs] 
136.515: Total time for which application threads were stopped: 0.0043850 seconds, Stopping threads took: 0.0021190 seconds
136.591: Application time: 0.0758810 seconds
136.593: [GC [PSYoungGen: 90928K->7264K(97280K)] 102801K->19145K(318976K), 0.0020410 secs] [Times: user=0.02 sys=0.00, real=0.00 secs] 
136.595: Total time for which application threads were stopped: 0.0039500 seconds, Stopping threads took: 0.0018180 seconds
136.667: Application time: 0.0725470 seconds
136.669: [GC [PSYoungGen: 90720K->7664K(97280K)] 102601K->19553K(318976K), 0.0024210 secs] [Times: user=0.01 sys=0.00, real=0.00 secs] 
136.671: Total time for which application threads were stopped: 0.0041950 seconds, Stopping threads took: 0.0016980 seconds
136.746: Application time: 0.0748370 seconds
136.749: [GC [PSYoungGen: 91120K->7168K(97280K)] 103009K->19065K(318976K), 0.0022960 secs] [Times: user=0.02 sys=0.00, real=0.00 secs] 
136.751: Total time for which application threads were stopped: 0.0049680 seconds, Stopping threads took: 0.0025670 seconds
136.826: Application time: 0.0743760 seconds
136.829: [GC [PSYoungGen: 90624K->4800K(97280K)] 102521K->16705K(318976K), 0.0017010 secs] [Times: user=0.00 sys=0.00, real=0.00 secs] 
136.830: Total time for which application threads were stopped: 0.0046740 seconds, Stopping threads took: 0.0028960 seconds
136.904: Application time: 0.0738620 seconds
136.907: [GC [PSYoungGen: 88256K->7664K(97280K)] 100161K->19577K(318976K), 0.0021800 secs] [Times: user=0.01 sys=0.00, real=0.00 secs] 
136.909: Total time for which application threads were stopped: 0.0052200 seconds, Stopping threads took: 0.0029650 seconds
136.986: Application time: 0.0770610 seconds
136.988: [GC [PSYoungGen: 91120K->4800K(97280K)] 103033K->16713K(318976K), 0.0014530 secs] [Times: user=0.01 sys=0.00, real=0.00 secs] 
136.990: Total time for which application threads were stopped: 0.0032020 seconds, Stopping threads took: 0.0016830 seconds
137.062: Application time: 0.0724860 seconds
137.064: [GC [PSYoungGen: 88256K->7760K(97280K)] 100169K->19737K(318976K), 0.0023110 secs] [Times: user=0.01 sys=0.00, real=0.00 secs] 
137.066: Total time for which application threads were stopped: 0.0040180 seconds, Stopping threads took: 0.0016280 seconds
137.139: Application time: 0.0729090 seconds
137.141: [GC [PSYoungGen: 91216K->7328K(97280K)] 103193K->19313K(318976K), 0.0022950 secs] [Times: user=0.01 sys=0.00, real=0.00 secs] 
137.143: Total time for which application threads were stopped: 0.0043320 seconds, Stopping threads took: 0.0019510 seconds
137.222: Application time: 0.0782130 seconds
137.224: [GC [PSYoungGen: 90784K->7840K(97280K)] 102769K->19825K(318976K), 0.0020910 secs] [Times: user=0.02 sys=0.00, real=0.00 secs] 
137.226: Total time for which application threads were stopped: 0.0044980 seconds, Stopping threads took: 0.0023330 seconds
137.303: Application time: 0.0768540 seconds
137.305: [GC [PSYoungGen: 91296K->7408K(97280K)] 103281K->19393K(318976K), 0.0019130 secs] [Times: user=0.01 sys=0.00, real=0.00 secs] 
137.307: Total time for which application threads were stopped: 0.0035290 seconds, Stopping threads took: 0.0015400 seconds
137.379: Application time: 0.0726960 seconds
137.381: [GC [PSYoungGen: 90864K->7904K(97280K)] 102849K->19889K(318976K), 0.0022240 secs] [Times: user=0.01 sys=0.00, real=0.00 secs] 
137.384: Total time for which application threads were stopped: 0.0045450 seconds, Stopping threads took: 0.0022370 seconds
137.455: Application time: 0.0709180 seconds
137.457: [GC [PSYoungGen: 91360K->8368K(97280K)] 103345K->20353K(318976K), 0.0023390 secs] [Times: user=0.02 sys=0.00, real=0.00 secs] 
137.459: Total time for which application threads were stopped: 0.0042370 seconds, Stopping threads took: 0.0018160 seconds
137.532: Application time: 0.0731220 seconds
137.534: [GC [PSYoungGen: 91824K->7552K(97280K)] 103809K->19545K(318976K), 0.0021810 secs] [Times: user=0.01 sys=0.00, real=0.00 secs] 
137.537: Total time for which application threads were stopped: 0.0046130 seconds, Stopping threads took: 0.0023500 seconds
137.610: Application time: 0.0736660 seconds
137.612: [GC [PSYoungGen: 91008K->6752K(97280K)] 103001K->18761K(318976K), 0.0019450 secs] [Times: user=0.01 sys=0.00, real=0.01 secs] 
137.614: Total time for which application threads were stopped: 0.0038160 seconds, Stopping threads took: 0.0017930 seconds
137.686: Application time: 0.0722680 seconds
137.689: [GC [PSYoungGen: 90208K->7824K(97280K)] 102217K->19833K(318976K), 0.0020580 secs] [Times: user=0.01 sys=0.00, real=0.00 secs] 
137.691: Total time for which application threads were stopped: 0.0042340 seconds, Stopping threads took: 0.0020910 seconds
137.765: Application time: 0.0742140 seconds
137.767: [GC [PSYoungGen: 91280K->7840K(97280K)] 103289K->19849K(318976K), 0.0024650 secs] [Times: user=0.02 sys=0.00, real=0.00 secs] 
137.769: Total time for which application threads were stopped: 0.0041490 seconds, Stopping threads took: 0.0015830 seconds
137.843: Application time: 0.0741290 seconds
137.846: [GC [PSYoungGen: 91296K->7296K(97280K)] 103305K->19305K(318976K), 0.0022110 secs] [Times: user=0.01 sys=0.00, real=0.00 secs] 
137.848: Total time for which application threads were stopped: 0.0049390 seconds, Stopping threads took: 0.0026260 seconds
137.923: Application time: 0.0746480 seconds
137.925: [GC [PSYoungGen: 90752K->6672K(97280K)] 102761K->18681K(318976K), 0.0018540 secs] [Times: user=0.01 sys=0.00, real=0.00 secs] 
137.927: Total time for which application threads were stopped: 0.0040080 seconds, Stopping threads took: 0.0020740 seconds
138.001: Application time: 0.0741500 seconds
138.003: [GC [PSYoungGen: 90128K->7200K(97280K)] 102137K->19209K(318976K), 0.0020930 secs] [Times: user=0.01 sys=0.00, real=0.00 secs] 
138.005: Total time for which application threads were stopped: 0.0037920 seconds, Stopping threads took: 0.0016180 seconds
138.078: Application time: 0.0733720 seconds
138.079: [GC [PSYoungGen: 90656K->6960K(97280K)] 102665K->18977K(318976K), 0.0020210 secs] [Times: user=0.01 sys=0.00, real=0.01 secs] 
138.081: Total time for which application threads were stopped: 0.0031150 seconds, Stopping threads took: 0.0010140 seconds
138.156: Application time: 0.0744540 seconds
138.158: [GC [PSYoungGen: 90416K->8224K(97280K)] 102433K->20241K(318976K), 0.0023410 secs] [Times: user=0.02 sys=0.00, real=0.01 secs] 
138.161: Total time for which application threads were stopped: 0.0051770 seconds, Stopping threads took: 0.0027560 seconds
138.235: Application time: 0.0746430 seconds
138.238: [GC [PSYoungGen: 91680K->7856K(97280K)] 103697K->19873K(318976K), 0.0022450 secs] [Times: user=0.01 sys=0.00, real=0.00 secs] 
138.240: Total time for which application threads were stopped: 0.0047590 seconds, Stopping threads took: 0.0024080 seconds
138.314: Application time: 0.0740650 seconds
138.316: [GC [PSYoungGen: 91312K->6912K(97280K)] 103329K->18929K(318976K), 0.0018910 secs] [Times: user=0.02 sys=0.00, real=0.00 secs] 
138.318: Total time for which application threads were stopped: 0.0034360 seconds, Stopping threads took: 0.0014710 seconds
138.390: Application time: 0.0726810 seconds
138.392: [GC [PSYoungGen: 90368K->6496K(97280K)] 102385K->18513K(318976K), 0.0019910 secs] [Times: user=0.02 sys=0.00, real=0.01 secs] 
138.394: Total time for which application threads were stopped: 0.0036300 seconds, Stopping threads took: 0.0015640 seconds
138.467: Application time: 0.0728420 seconds
138.469: [GC [PSYoungGen: 89952K->7536K(97280K)] 101969K->19553K(318976K), 0.0022200 secs] [Times: user=0.01 sys=0.00, real=0.00 secs] 
138.471: Total time for which application threads were stopped: 0.0039220 seconds, Stopping threads took: 0.0016140 seconds
138.546: Application time: 0.0750370 seconds
138.548: [GC [PSYoungGen: 90992K->7376K(97280K)] 103009K->19401K(318976K), 0.0021690 secs] [Times: user=0.01 sys=0.00, real=0.00 secs] 
138.550: Total time for which application threads were stopped: 0.0041840 seconds, Stopping threads took: 0.0019390 seconds
138.624: Application time: 0.0737270 seconds
138.626: [GC [PSYoungGen: 90832K->7008K(97280K)] 102857K->19033K(318976K), 0.0020300 secs] [Times: user=0.01 sys=0.00, real=0.00 secs] 
138.628: Total time for which application threads were stopped: 0.0038560 seconds, Stopping threads took: 0.0017490 seconds
138.701: Application time: 0.0736900 seconds
138.704: [GC [PSYoungGen: 90464K->6448K(97280K)] 102489K->18473K(318976K), 0.0019750 secs] [Times: user=0.01 sys=0.00, real=0.00 secs] 
138.706: Total time for which application threads were stopped: 0.0042560 seconds, Stopping threads took: 0.0021960 seconds
138.781: Application time: 0.0756300 seconds
138.783: [GC [PSYoungGen: 89904K->5520K(97280K)] 101929K->17545K(318976K), 0.0016760 secs] [Times: user=0.01 sys=0.00, real=0.00 secs] 
138.785: Total time for which application threads were stopped: 0.0038170 seconds, Stopping threads took: 0.0020600 seconds
138.857: Application time: 0.0721020 seconds
138.859: [GC [PSYoungGen: 88976K->7168K(97280K)] 101001K->19193K(318976K), 0.0020840 secs] [Times: user=0.01 sys=0.00, real=0.01 secs] 
138.861: Total time for which application threads were stopped: 0.0043100 seconds, Stopping threads took: 0.0021460 seconds
138.935: Application time: 0.0731120 seconds
138.937: [GC [PSYoungGen: 90624K->7648K(97280K)] 102649K->19673K(318976K), 0.0020770 secs] [Times: user=0.01 sys=0.00, real=0.00 secs] 
138.940: Total time for which application threads were stopped: 0.0049570 seconds, Stopping threads took: 0.0028030 seconds
139.015: Application time: 0.0753980 seconds
139.016: [GC [PSYoungGen: 91104K->7120K(97280K)] 103129K->19153K(318976K), 0.0021330 secs] [Times: user=0.01 sys=0.00, real=0.00 secs] 
139.019: Total time for which application threads were stopped: 0.0036670 seconds, Stopping threads took: 0.0014420 seconds
139.095: Application time: 0.0766830 seconds
139.098: [GC [PSYoungGen: 90576K->7856K(97280K)] 102609K->19897K(318976K), 0.0022340 secs] [Times: user=0.02 sys=0.00, real=0.00 secs] 
139.100: Total time for which application threads were stopped: 0.0048220 seconds, Stopping threads took: 0.0025040 seconds
139.178: Application time: 0.0781310 seconds
139.181: [GC [PSYoungGen: 91312K->7776K(97280K)] 103353K->19817K(318976K), 0.0021680 secs] [Times: user=0.02 sys=0.00, real=0.00 secs] 
139.183: Total time for which application threads were stopped: 0.0051060 seconds, Stopping threads took: 0.0028640 seconds
139.263: Application time: 0.0791780 seconds
139.265: [GC [PSYoungGen: 91232K->6992K(97280K)] 103273K->19033K(318976K), 0.0019980 secs] [Times: user=0.01 sys=0.00, real=0.00 secs] 
139.267: Total time for which application threads were stopped: 0.0044520 seconds, Stopping threads took: 0.0023720 seconds
139.344: Application time: 0.0769330 seconds
139.346: [GC [PSYoungGen: 90448K->6720K(97280K)] 102489K->18761K(318976K), 0.0018440 secs] [Times: user=0.02 sys=0.00, real=0.00 secs] 
139.348: Total time for which application threads were stopped: 0.0039770 seconds, Stopping threads took: 0.0020540 seconds
139.428: Application time: 0.0805190 seconds
139.431: [GC [PSYoungGen: 90176K->5968K(97280K)] 102217K->18009K(318976K), 0.0017600 secs] [Times: user=0.02 sys=0.00, real=0.01 secs] 
139.433: Total time for which application threads were stopped: 0.0048370 seconds, Stopping threads took: 0.0029990 seconds
139.510: Application time: 0.0765340 seconds
139.512: [GC [PSYoungGen: 89424K->7008K(97280K)] 101465K->19057K(318976K), 0.0020590 secs] [Times: user=0.02 sys=0.00, real=0.01 secs] 
139.514: Total time for which application threads were stopped: 0.0042670 seconds, Stopping threads took: 0.0021210 seconds
139.594: Application time: 0.0803230 seconds
139.595: [GC [PSYoungGen: 90464K->6880K(97280K)] 102513K->18937K(318976K), 0.0020140 secs] [Times: user=0.02 sys=0.00, real=0.00 secs] 
139.597: Total time for which application threads were stopped: 0.0031120 seconds, Stopping threads took: 0.0010210 seconds
139.677: Application time: 0.0795890 seconds
139.680: [GC [PSYoungGen: 90336K->7696K(97280K)] 102393K->19753K(318976K), 0.0021340 secs] [Times: user=0.01 sys=0.00, real=0.01 secs] 
139.682: Total time for which application threads were stopped: 0.0051520 seconds, Stopping threads took: 0.0029330 seconds
139.762: Application time: 0.0795600 seconds
139.764: [GC [PSYoungGen: 91152K->6816K(97280K)] 103209K->18873K(318976K), 0.0020250 secs] [Times: user=0.01 sys=0.01, real=0.00 secs] 
139.766: Total time for which application threads were stopped: 0.0045410 seconds, Stopping threads took: 0.0024330 seconds
139.844: Application time: 0.0777950 seconds
139.846: [GC [PSYoungGen: 90272K->7168K(97280K)] 102329K->19225K(318976K), 0.0020850 secs] [Times: user=0.01 sys=0.00, real=0.00 secs] 
139.848: Total time for which application threads were stopped: 0.0036940 seconds, Stopping threads took: 0.0015250 seconds
139.928: Application time: 0.0798870 seconds
139.930: [GC [PSYoungGen: 90624K->6784K(97280K)] 102681K->18841K(318976K), 0.0019380 secs] [Times: user=0.01 sys=0.00, real=0.00 secs] 
139.932: Total time for which application threads were stopped: 0.0044850 seconds, Stopping threads took: 0.0024640 seconds
140.012: Application time: 0.0799410 seconds
140.014: [GC [PSYoungGen: 90240K->6576K(97280K)] 102297K->18641K(318976K), 0.0019140 secs] [Times: user=0.00 sys=0.01, real=0.00 secs] 
140.016: Total time for which application threads were stopped: 0.0042650 seconds, Stopping threads took: 0.0022630 seconds
140.097: Application time: 0.0805360 seconds
140.099: [GC [PSYoungGen: 90032K->7360K(97280K)] 102097K->19433K(318976K), 0.0022840 secs] [Times: user=0.01 sys=0.00, real=0.01 secs] 
140.102: Total time for which application threads were stopped: 0.0046320 seconds, Stopping threads took: 0.0022610 seconds
140.180: Application time: 0.0780860 seconds
140.183: [GC [PSYoungGen: 90816K->6944K(97280K)] 102889K->19017K(318976K), 0.0019860 secs] [Times: user=0.02 sys=0.00, real=0.00 secs] 
140.185: Total time for which application threads were stopped: 0.0051780 seconds, Stopping threads took: 0.0031070 seconds
140.262: Application time: 0.0773890 seconds
140.265: [GC [PSYoungGen: 90400K->7056K(97280K)] 102473K->19129K(318976K), 0.0020820 secs] [Times: user=0.00 sys=0.00, real=0.00 secs] 
140.267: Total time for which application threads were stopped: 0.0047990 seconds, Stopping threads took: 0.0026330 seconds
140.347: Application time: 0.0795150 seconds
140.349: [GC [PSYoungGen: 90512K->6160K(97280K)] 102585K->18233K(318976K), 0.0017710 secs] [Times: user=0.01 sys=0.00, real=0.00 secs] 
140.351: Total time for which application threads were stopped: 0.0041980 seconds, Stopping threads took: 0.0023490 seconds
140.431: Application time: 0.0800370 seconds
140.433: [GC [PSYoungGen: 89616K->5664K(97280K)] 101689K->17737K(318976K), 0.0017470 secs] [Times: user=0.02 sys=0.00, real=0.00 secs] 
140.435: Total time for which application threads were stopped: 0.0043700 seconds, Stopping threads took: 0.0025410 seconds
140.514: Application time: 0.0789750 seconds
140.516: [GC [PSYoungGen: 89120K->7344K(97280K)] 101193K->19417K(318976K), 0.0021530 secs] [Times: user=0.02 sys=0.00, real=0.00 secs] 
140.518: Total time for which application threads were stopped: 0.0042700 seconds, Stopping threads took: 0.0020350 seconds
140.597: Application time: 0.0787140 seconds
140.599: [GC [PSYoungGen: 90800K->7104K(97280K)] 102873K->19185K(318976K), 0.0020700 secs] [Times: user=0.01 sys=0.00, real=0.01 secs] 
140.602: Total time for which application threads were stopped: 0.0044250 seconds, Stopping threads took: 0.0022780 seconds
140.681: Application time: 0.0794260 seconds
140.684: [GC [PSYoungGen: 90560K->5968K(97280K)] 102641K->18049K(318976K), 0.0017490 secs] [Times: user=0.01 sys=0.00, real=0.00 secs] 
140.686: Total time for which application threads were stopped: 0.0049130 seconds, Stopping threads took: 0.0030750 seconds
140.762: Application time: 0.0763230 seconds
140.764: [GC [PSYoungGen: 89424K->7376K(97280K)] 101505K->19457K(318976K), 0.0021210 secs] [Times: user=0.02 sys=0.00, real=0.00 secs] 
140.767: Total time for which application threads were stopped: 0.0044100 seconds, Stopping threads took: 0.0022030 seconds
140.846: Application time: 0.0794610 seconds
140.847: [GC [PSYoungGen: 90832K->5888K(97280K)] 102913K->17969K(318976K), 0.0016490 secs] [Times: user=0.01 sys=0.00, real=0.00 secs] 
140.849: Total time for which application threads were stopped: 0.0029800 seconds, Stopping threads took: 0.0012640 seconds
140.927: Application time: 0.0775800 seconds
140.929: [GC [PSYoungGen: 89344K->7664K(97280K)] 101425K->19745K(318976K), 0.0022400 secs] [Times: user=0.01 sys=0.00, real=0.00 secs] 
140.931: Total time for which application threads were stopped: 0.0044050 seconds, Stopping threads took: 0.0020740 seconds
141.011: Application time: 0.0798870 seconds
141.014: [GC [PSYoungGen: 91120K->7632K(97280K)] 103201K->19713K(318976K), 0.0020680 secs] [Times: user=0.02 sys=0.00, real=0.00 secs] 
141.016: Total time for which application threads were stopped: 0.0052730 seconds, Stopping threads took: 0.0031220 seconds
141.095: Application time: 0.0790120 seconds
141.098: [GC [PSYoungGen: 91088K->8112K(97280K)] 103169K->20201K(318976K), 0.0023690 secs] [Times: user=0.02 sys=0.00, real=0.01 secs] 
141.100: Total time for which application threads were stopped: 0.0051800 seconds, Stopping threads took: 0.0027280 seconds
141.179: Application time: 0.0788090 seconds
141.182: [GC [PSYoungGen: 91568K->6608K(97280K)] 103657K->18697K(318976K), 0.0019270 secs] [Times: user=0.02 sys=0.00, real=0.00 secs] 
141.184: Total time for which application threads were stopped: 0.0045000 seconds, Stopping threads took: 0.0024970 seconds
141.265: Application time: 0.0808590 seconds
141.266: [GC [PSYoungGen: 90064K->7200K(97280K)] 102153K->19289K(318976K), 0.0021950 secs] [Times: user=0.01 sys=0.00, real=0.00 secs] 
141.269: Total time for which application threads were stopped: 0.0039780 seconds, Stopping threads took: 0.0016980 seconds
141.349: Application time: 0.0801480 seconds
141.351: [GC [PSYoungGen: 90656K->6416K(97280K)] 102745K->18505K(318976K), 0.0020040 secs] [Times: user=0.01 sys=0.00, real=0.01 secs] 
141.353: Total time for which application threads were stopped: 0.0042110 seconds, Stopping threads took: 0.0021230 seconds
141.433: Application time: 0.0804400 seconds
141.436: [GC [PSYoungGen: 89872K->6608K(97280K)] 101961K->18697K(318976K), 0.0019050 secs] [Times: user=0.01 sys=0.00, real=0.00 secs] 
141.437: Total time for which application threads were stopped: 0.0040800 seconds, Stopping threads took: 0.0020990 seconds
141.517: Application time: 0.0796330 seconds
141.519: [GC [PSYoungGen: 90064K->7168K(97280K)] 102153K->19257K(318976K), 0.0020500 secs] [Times: user=0.01 sys=0.00, real=0.01 secs] 
141.521: Total time for which application threads were stopped: 0.0042500 seconds, Stopping threads took: 0.0021120 seconds
141.599: Application time: 0.0773570 seconds
141.600: [GC [PSYoungGen: 90624K->6176K(97280K)] 102713K->18273K(318976K), 0.0018240 secs] [Times: user=0.01 sys=0.00, real=0.01 secs] 
141.602: Total time for which application threads were stopped: 0.0030390 seconds, Stopping threads took: 0.0011390 seconds
141.681: Application time: 0.0796270 seconds
141.684: [GC [PSYoungGen: 89632K->6208K(97280K)] 101729K->18313K(318976K), 0.0017690 secs] [Times: user=0.01 sys=0.00, real=0.00 secs] 
141.686: Total time for which application threads were stopped: 0.0043970 seconds, Stopping threads took: 0.0025500 seconds
141.762: Application time: 0.0766790 seconds
141.764: [GC [PSYoungGen: 89664K->7184K(97280K)] 101769K->19289K(318976K), 0.0020940 secs] [Times: user=0.01 sys=0.00, real=0.00 secs] 
141.766: Total time for which application threads were stopped: 0.0036850 seconds, Stopping threads took: 0.0015150 seconds
141.847: Application time: 0.0806410 seconds
141.849: [GC [PSYoungGen: 90640K->7440K(97280K)] 102745K->19545K(318976K), 0.0021520 secs] [Times: user=0.02 sys=0.00, real=0.00 secs] 
141.851: Total time for which application threads were stopped: 0.0040620 seconds, Stopping threads took: 0.0018250 seconds
141.928: Application time: 0.0774420 seconds
141.931: [GC [PSYoungGen: 90896K->7680K(97280K)] 103001K->19785K(318976K), 0.0022340 secs] [Times: user=0.01 sys=0.00, real=0.01 secs] 
141.934: Total time for which application threads were stopped: 0.0054180 seconds, Stopping threads took: 0.0031020 seconds
142.011: Application time: 0.0776670 seconds
142.015: [GC [PSYoungGen: 91136K->7952K(97280K)] 103241K->20057K(318976K), 0.0022040 secs] [Times: user=0.01 sys=0.00, real=0.00 secs] 
142.017: Total time for which application threads were stopped: 0.0055560 seconds, Stopping threads took: 0.0032720 seconds
142.096: Application time: 0.0789790 seconds
142.098: [GC [PSYoungGen: 91408K->7344K(97280K)] 103513K->19457K(318976K), 0.0021580 secs] [Times: user=0.02 sys=0.00, real=0.00 secs] 
142.100: Total time for which application threads were stopped: 0.0039220 seconds, Stopping threads took: 0.0016680 seconds
142.179: Application time: 0.0790590 seconds
142.181: [GC [PSYoungGen: 90800K->6000K(97280K)] 102913K->18121K(318976K), 0.0019050 secs] [Times: user=0.01 sys=0.00, real=0.00 secs] 
142.183: Total time for which application threads were stopped: 0.0040270 seconds, Stopping threads took: 0.0020490 seconds
142.261: Application time: 0.0780830 seconds
142.264: [GC [PSYoungGen: 89456K->6416K(97280K)] 101577K->18537K(318976K), 0.0021020 secs] [Times: user=0.01 sys=0.00, real=0.00 secs] 
142.266: Total time for which application threads were stopped: 0.0051780 seconds, Stopping threads took: 0.0029960 seconds
142.344: Application time: 0.0780760 seconds
142.347: [GC [PSYoungGen: 89872K->6064K(97280K)] 101993K->18185K(318976K), 0.0016930 secs] [Times: user=0.01 sys=0.00, real=0.00 secs] 
142.349: Total time for which application threads were stopped: 0.0044770 seconds, Stopping threads took: 0.0027140 seconds
142.425: Application time: 0.0758730 seconds
142.427: [GC [PSYoungGen: 89520K->8016K(97280K)] 101641K->20137K(318976K), 0.0022100 secs] [Times: user=0.02 sys=0.00, real=0.00 secs] 
142.429: Total time for which application threads were stopped: 0.0045410 seconds, Stopping threads took: 0.0022490 seconds
142.506: Application time: 0.0762990 seconds
142.507: [GC [PSYoungGen: 91472K->8096K(97280K)] 103593K->20217K(318976K), 0.0023060 secs] [Times: user=0.02 sys=0.00, real=0.00 secs] 
142.509: Total time for which application threads were stopped: 0.0038000 seconds, Stopping threads took: 0.0014110 seconds
142.587: Application time: 0.0779640 seconds
142.590: [GC [PSYoungGen: 91552K->7600K(97280K)] 103673K->19729K(318976K), 0.0021430 secs] [Times: user=0.02 sys=0.00, real=0.01 secs] 
142.593: Total time for which application threads were stopped: 0.0052460 seconds, Stopping threads took: 0.0030160 seconds
142.675: Application time: 0.0824950 seconds
142.678: [GC [PSYoungGen: 91056K->6592K(97280K)] 103185K->18729K(318976K), 0.0018770 secs] [Times: user=0.02 sys=0.00, real=0.00 secs] 
142.680: Total time for which application threads were stopped: 0.0048710 seconds, Stopping threads took: 0.0029130 seconds
142.760: Application time: 0.0800030 seconds
142.761: [GC [PSYoungGen: 90048K->6432K(97280K)] 102185K->18569K(318976K), 0.0018580 secs] [Times: user=0.02 sys=0.00, real=0.00 secs] 
142.763: Total time for which application threads were stopped: 0.0034820 seconds, Stopping threads took: 0.0015450 seconds
142.843: Application time: 0.0796590 seconds
142.845: [GC [PSYoungGen: 89888K->7104K(97280K)] 102025K->19241K(318976K), 0.0020140 secs] [Times: user=0.02 sys=0.00, real=0.00 secs] 
142.847: Total time for which application threads were stopped: 0.0043420 seconds, Stopping threads took: 0.0022480 seconds
142.926: Application time: 0.0788460 seconds
142.929: [GC [PSYoungGen: 90560K->7280K(97280K)] 102697K->19417K(318976K), 0.0021290 secs] [Times: user=0.01 sys=0.00, real=0.00 secs] 
142.931: Total time for which application threads were stopped: 0.0047810 seconds, Stopping threads took: 0.0025700 seconds
143.005: Application time: 0.0742430 seconds
143.007: [GC [PSYoungGen: 90736K->7872K(97280K)] 102873K->20009K(318976K), 0.0022680 secs] [Times: user=0.01 sys=0.00, real=0.00 secs] 
143.010: Total time for which application threads were stopped: 0.0042860 seconds, Stopping threads took: 0.0019400 seconds
143.082: Application time: 0.0722950 seconds
143.085: [GC [PSYoungGen: 91328K->7872K(97280K)] 103465K->20009K(318976K), 0.0023340 secs] [Times: user=0.01 sys=0.00, real=0.00 secs] 
143.087: Total time for which application threads were stopped: 0.0051290 seconds, Stopping threads took: 0.0026910 seconds
143.161: Application time: 0.0735850 seconds
143.163: [GC [PSYoungGen: 91328K->5824K(97280K)] 103465K->17969K(318976K), 0.0017870 secs] [Times: user=0.01 sys=0.00, real=0.00 secs] 
143.165: Total time for which application threads were stopped: 0.0044720 seconds, Stopping threads took: 0.0026090 seconds
143.239: Application time: 0.0740090 seconds
143.242: [GC [PSYoungGen: 89280K->6992K(97280K)] 101425K->19137K(318976K), 0.0019480 secs] [Times: user=0.02 sys=0.00, real=0.00 secs] 
143.244: Total time for which application threads were stopped: 0.0050240 seconds, Stopping threads took: 0.0029880 seconds
143.318: Application time: 0.0739390 seconds
143.321: [GC [PSYoungGen: 90448K->6064K(97280K)] 102593K->18209K(318976K), 0.0017680 secs] [Times: user=0.01 sys=0.00, real=0.00 secs] 
143.322: Total time for which application threads were stopped: 0.0043550 seconds, Stopping threads took: 0.0025100 seconds
143.397: Application time: 0.0745100 seconds
143.399: [GC [PSYoungGen: 89520K->7552K(97280K)] 101665K->19697K(318976K), 0.0021770 secs] [Times: user=0.01 sys=0.00, real=0.01 secs] 
143.402: Total time for which application threads were stopped: 0.0047230 seconds, Stopping threads took: 0.0024640 seconds
143.474: Application time: 0.0723770 seconds
143.477: [GC [PSYoungGen: 91008K->7728K(97280K)] 103153K->19873K(318976K), 0.0021440 secs] [Times: user=0.01 sys=0.00, real=0.00 secs] 
143.479: Total time for which application threads were stopped: 0.0050850 seconds, Stopping threads took: 0.0028710 seconds
143.552: Application time: 0.0727060 seconds
143.554: [GC [PSYoungGen: 91184K->7648K(97280K)] 103329K->19793K(318976K), 0.0020890 secs] [Times: user=0.01 sys=0.00, real=0.00 secs] 
143.556: Total time for which application threads were stopped: 0.0045290 seconds, Stopping threads took: 0.0023670 seconds
143.631: Application time: 0.0742950 seconds
143.633: [GC [PSYoungGen: 91104K->8000K(97280K)] 103249K->20153K(318976K), 0.0021840 secs] [Times: user=0.01 sys=0.00, real=0.00 secs] 
143.636: Total time for which application threads were stopped: 0.0050680 seconds, Stopping threads took: 0.0028140 seconds
143.710: Application time: 0.0738720 seconds
143.711: [GC [PSYoungGen: 91456K->7440K(97280K)] 103609K->19601K(318976K), 0.0020970 secs] [Times: user=0.01 sys=0.00, real=0.01 secs] 
143.713: Total time for which application threads were stopped: 0.0036760 seconds, Stopping threads took: 0.0015030 seconds
143.787: Application time: 0.0739460 seconds
143.790: [GC [PSYoungGen: 90896K->7952K(97280K)] 103057K->20113K(318976K), 0.0020730 secs] [Times: user=0.02 sys=0.00, real=0.00 secs] 
143.792: Total time for which application threads were stopped: 0.0048070 seconds, Stopping threads took: 0.0026480 seconds
143.868: Application time: 0.0757620 seconds
143.870: [GC [PSYoungGen: 91408K->7536K(97280K)] 103569K->19697K(318976K), 0.0022290 secs] [Times: user=0.01 sys=0.00, real=0.00 secs] 
143.872: Total time for which application threads were stopped: 0.0043660 seconds, Stopping threads took: 0.0020300 seconds
143.947: Application time: 0.0744210 seconds
143.949: [GC [PSYoungGen: 90992K->7360K(97280K)] 103153K->19521K(318976K), 0.0021860 secs] [Times: user=0.02 sys=0.00, real=0.00 secs] 
143.951: Total time for which application threads were stopped: 0.0045650 seconds, Stopping threads took: 0.0022930 seconds
144.025: Application time: 0.0736810 seconds
144.027: [GC [PSYoungGen: 90816K->7600K(97280K)] 102977K->19761K(318976K), 0.0022880 secs] [Times: user=0.01 sys=0.00, real=0.00 secs] 
144.029: Total time for which application threads were stopped: 0.0043820 seconds, Stopping threads took: 0.0020100 seconds
144.102: Application time: 0.0728060 seconds
144.104: [GC [PSYoungGen: 91056K->5680K(97280K)] 103217K->17849K(318976K), 0.0017960 secs] [Times: user=0.01 sys=0.00, real=0.00 secs] 
144.106: Total time for which application threads were stopped: 0.0043040 seconds, Stopping threads took: 0.0024320 seconds
144.179: Application time: 0.0731610 seconds
144.182: [GC [PSYoungGen: 89136K->6800K(97280K)] 101305K->18977K(318976K), 0.0018470 secs] [Times: user=0.01 sys=0.00, real=0.00 secs] 
144.184: Total time for which application threads were stopped: 0.0040490 seconds, Stopping threads took: 0.0021360 seconds
144.255: Application time: 0.0717620 seconds
144.258: [GC [PSYoungGen: 90256K->7392K(97280K)] 102433K->19569K(318976K), 0.0020260 secs] [Times: user=0.01 sys=0.00, real=0.00 secs] 
144.260: Total time for which application threads were stopped: 0.0046820 seconds, Stopping threads took: 0.0025790 seconds
144.335: Application time: 0.0748980 seconds
144.337: [GC [PSYoungGen: 90848K->8176K(97280K)] 103025K->20353K(318976K), 0.0024150 secs] [Times: user=0.01 sys=0.00, real=0.00 secs] 
144.340: Total time for which application threads were stopped: 0.0049280 seconds, Stopping threads took: 0.0024110 seconds
144.413: Application time: 0.0731530 seconds
144.415: [GC [PSYoungGen: 91632K->7344K(97280K)] 103809K->19521K(318976K), 0.0020120 secs] [Times: user=0.01 sys=0.00, real=0.00 secs] 
144.417: Total time for which application threads were stopped: 0.0044930 seconds, Stopping threads took: 0.0023840 seconds
144.494: Application time: 0.0763050 seconds
144.495: [GC [PSYoungGen: 90800K->7136K(97280K)] 102977K->19313K(318976K), 0.0019980 secs] [Times: user=0.02 sys=0.00, real=0.00 secs] 
144.497: Total time for which application threads were stopped: 0.0036720 seconds, Stopping threads took: 0.0015960 seconds
144.571: Application time: 0.0733940 seconds
144.572: [GC [PSYoungGen: 90592K->6800K(97280K)] 102769K->18985K(318976K), 0.0019120 secs] [Times: user=0.01 sys=0.00, real=0.01 secs] 
144.574: Total time for which application threads were stopped: 0.0033130 seconds, Stopping threads took: 0.0013300 seconds
144.651: Application time: 0.0768450 seconds
144.652: [GC [PSYoungGen: 90256K->7472K(97280K)] 102441K->19665K(318976K), 0.0020330 secs] [Times: user=0.02 sys=0.00, real=0.01 secs] 
144.654: Total time for which application threads were stopped: 0.0034150 seconds, Stopping threads took: 0.0013030 seconds
144.728: Application time: 0.0732420 seconds
144.730: [GC [PSYoungGen: 90928K->6048K(97280K)] 103121K->18241K(318976K), 0.0017050 secs] [Times: user=0.01 sys=0.00, real=0.00 secs] 
144.732: Total time for which application threads were stopped: 0.0042400 seconds, Stopping threads took: 0.0024610 seconds
144.809: Application time: 0.0766590 seconds
144.810: [GC [PSYoungGen: 89504K->6784K(97280K)] 101697K->18977K(318976K), 0.0019430 secs] [Times: user=0.01 sys=0.00, real=0.00 secs] 
144.812: Total time for which application threads were stopped: 0.0037330 seconds, Stopping threads took: 0.0017110 seconds
144.887: Application time: 0.0750290 seconds
144.889: [GC [PSYoungGen: 90240K->7360K(97280K)] 102433K->19553K(318976K), 0.0021920 secs] [Times: user=0.01 sys=0.00, real=0.00 secs] 
144.891: Total time for which application threads were stopped: 0.0039150 seconds, Stopping threads took: 0.0016050 seconds
144.966: Application time: 0.0743780 seconds
144.968: [GC [PSYoungGen: 90816K->6128K(97280K)] 103009K->18321K(318976K), 0.0017970 secs] [Times: user=0.01 sys=0.00, real=0.00 secs] 
144.970: Total time for which application threads were stopped: 0.0047050 seconds, Stopping threads took: 0.0028310 seconds
145.044: Application time: 0.0734900 seconds
145.046: [GC [PSYoungGen: 89584K->7584K(97280K)] 101777K->19793K(318976K), 0.0021140 secs] [Times: user=0.01 sys=0.00, real=0.00 secs] 
145.049: Total time for which application threads were stopped: 0.0048010 seconds, Stopping threads took: 0.0026150 seconds
145.124: Application time: 0.0751170 seconds
145.126: [GC [PSYoungGen: 91040K->6096K(97280K)] 103249K->18313K(318976K), 0.0017190 secs] [Times: user=0.02 sys=0.00, real=0.00 secs] 
145.128: Total time for which application threads were stopped: 0.0042690 seconds, Stopping threads took: 0.0024740 seconds
145.204: Application time: 0.0756660 seconds
145.206: [GC [PSYoungGen: 89552K->7728K(97280K)] 101769K->19945K(318976K), 0.0020550 secs] [Times: user=0.01 sys=0.00, real=0.00 secs] 
145.208: Total time for which application threads were stopped: 0.0040620 seconds, Stopping threads took: 0.0019350 seconds
145.284: Application time: 0.0766040 seconds
145.286: [GC [PSYoungGen: 91184K->5824K(97280K)] 103401K->18041K(318976K), 0.0017000 secs] [Times: user=0.01 sys=0.00, real=0.00 secs] 
145.288: Total time for which application threads were stopped: 0.0032200 seconds, Stopping threads took: 0.0014410 seconds
145.363: Application time: 0.0754930 seconds
145.365: [GC [PSYoungGen: 89280K->5600K(97280K)] 101497K->17817K(318976K), 0.0015920 secs] [Times: user=0.01 sys=0.00, real=0.00 secs] 
145.366: Total time for which application threads were stopped: 0.0031070 seconds, Stopping threads took: 0.0014390 seconds
145.438: Application time: 0.0718960 seconds
145.441: [GC [PSYoungGen: 89056K->7168K(97280K)] 101273K->19385K(318976K), 0.0020650 secs] [Times: user=0.01 sys=0.00, real=0.00 secs] 
145.443: Total time for which application threads were stopped: 0.0046510 seconds, Stopping threads took: 0.0024960 seconds
145.516: Application time: 0.0736370 seconds
145.519: [GC [PSYoungGen: 90624K->6512K(97280K)] 102841K->18729K(318976K), 0.0018010 secs] [Times: user=0.01 sys=0.00, real=0.01 secs] 
145.521: Total time for which application threads were stopped: 0.0046350 seconds, Stopping threads took: 0.0027630 seconds
145.598: Application time: 0.0765860 seconds
145.600: [GC [PSYoungGen: 89968K->6432K(97280K)] 102185K->18657K(318976K), 0.0018340 secs] [Times: user=0.01 sys=0.00, real=0.01 secs] 
145.601: Total time for which application threads were stopped: 0.0038970 seconds, Stopping threads took: 0.0019870 seconds
145.675: Application time: 0.0740200 seconds
145.678: [GC [PSYoungGen: 89888K->8016K(97280K)] 102113K->20241K(318976K), 0.0021490 secs] [Times: user=0.01 sys=0.00, real=0.00 secs] 
145.680: Total time for which application threads were stopped: 0.0047260 seconds, Stopping threads took: 0.0025040 seconds
145.755: Application time: 0.0751130 seconds
145.758: [GC [PSYoungGen: 91472K->6752K(97280K)] 103697K->18977K(318976K), 0.0018870 secs] [Times: user=0.01 sys=0.00, real=0.00 secs] 
145.760: Total time for which application threads were stopped: 0.0043960 seconds, Stopping threads took: 0.0024340 seconds
145.834: Application time: 0.0744840 seconds
145.836: [GC [PSYoungGen: 90208K->7936K(97280K)] 102433K->20161K(318976K), 0.0022740 secs] [Times: user=0.01 sys=0.00, real=0.00 secs] 
145.838: Total time for which application threads were stopped: 0.0040050 seconds, Stopping threads took: 0.0016620 seconds
145.912: Application time: 0.0742030 seconds
145.915: [GC [PSYoungGen: 91392K->7104K(97280K)] 103617K->19329K(318976K), 0.0019960 secs] [Times: user=0.01 sys=0.00, real=0.00 secs] 
145.917: Total time for which application threads were stopped: 0.0046450 seconds, Stopping threads took: 0.0025540 seconds
145.992: Application time: 0.0744630 seconds
145.994: [GC [PSYoungGen: 90560K->7008K(97280K)] 102785K->19233K(318976K), 0.0019850 secs] [Times: user=0.01 sys=0.00, real=0.00 secs] 
145.996: Total time for which application threads were stopped: 0.0042850 seconds, Stopping threads took: 0.0022180 seconds
146.072: Application time: 0.0759080 seconds
146.074: [GC [PSYoungGen: 90464K->5936K(97280K)] 102689K->18169K(318976K), 0.0016720 secs] [Times: user=0.01 sys=0.00, real=0.00 secs] 
146.076: Total time for which application threads were stopped: 0.0042910 seconds, Stopping threads took: 0.0025440 seconds
146.150: Application time: 0.0743940 seconds
146.153: [GC [PSYoungGen: 89392K->7584K(97280K)] 101625K->19825K(318976K), 0.0020790 secs] [Times: user=0.02 sys=0.00, real=0.00 secs] 
146.155: Total time for which application threads were stopped: 0.0044340 seconds, Stopping threads took: 0.0022790 seconds
146.231: Application time: 0.0758270 seconds
146.233: [GC [PSYoungGen: 91040K->7056K(97280K)] 103281K->19297K(318976K), 0.0020400 secs] [Times: user=0.02 sys=0.00, real=0.00 secs] 
146.235: Total time for which application threads were stopped: 0.0042330 seconds, Stopping threads took: 0.0021130 seconds
146.310: Application time: 0.0752700 seconds
146.312: [GC [PSYoungGen: 90512K->5552K(97280K)] 102753K->17793K(318976K), 0.0016440 secs] [Times: user=0.01 sys=0.00, real=0.01 secs] 
146.314: Total time for which application threads were stopped: 0.0035610 seconds, Stopping threads took: 0.0018460 seconds
146.390: Application time: 0.0762760 seconds
146.391: [GC [PSYoungGen: 89008K->6752K(97280K)] 101249K->18993K(318976K), 0.0019570 secs] [Times: user=0.01 sys=0.00, real=0.01 secs] 
146.393: Total time for which application threads were stopped: 0.0034170 seconds, Stopping threads took: 0.0013830 seconds
146.467: Application time: 0.0738410 seconds
146.470: [GC [PSYoungGen: 90208K->8336K(97280K)] 102449K->20577K(318976K), 0.0023710 secs] [Times: user=0.02 sys=0.00, real=0.00 secs] 
146.472: Total time for which application threads were stopped: 0.0050580 seconds, Stopping threads took: 0.0026050 seconds
146.546: Application time: 0.0734990 seconds
146.548: [GC [PSYoungGen: 91792K->6960K(97280K)] 104033K->19209K(318976K), 0.0019900 secs] [Times: user=0.01 sys=0.00, real=0.00 secs] 
146.550: Total time for which application threads were stopped: 0.0037880 seconds, Stopping threads took: 0.0017120 seconds
146.623: Application time: 0.0731080 seconds
146.626: [GC [PSYoungGen: 90416K->7392K(97280K)] 102665K->19657K(318976K), 0.0021600 secs] [Times: user=0.01 sys=0.00, real=0.00 secs] 
146.628: Total time for which application threads were stopped: 0.0053760 seconds, Stopping threads took: 0.0031110 seconds
146.703: Application time: 0.0752910 seconds
146.705: [GC [PSYoungGen: 90848K->7776K(97280K)] 103113K->20041K(318976K), 0.0021530 secs] [Times: user=0.01 sys=0.00, real=0.00 secs] 
146.707: Total time for which application threads were stopped: 0.0040070 seconds, Stopping threads took: 0.0017760 seconds
146.781: Application time: 0.0736460 seconds
146.783: [GC [PSYoungGen: 91232K->6528K(97280K)] 103497K->18793K(318976K), 0.0019720 secs] [Times: user=0.01 sys=0.00, real=0.00 secs] 
146.785: Total time for which application threads were stopped: 0.0041000 seconds, Stopping threads took: 0.0020490 seconds
146.860: Application time: 0.0747260 seconds
146.862: [GC [PSYoungGen: 89984K->6560K(97280K)] 102249K->18825K(318976K), 0.0018630 secs] [Times: user=0.01 sys=0.00, real=0.00 secs] 
146.864: Total time for which application threads were stopped: 0.0042990 seconds, Stopping threads took: 0.0023660 seconds
146.940: Application time: 0.0755070 seconds
146.943: [GC [PSYoungGen: 90016K->5792K(97280K)] 102281K->18057K(318976K), 0.0016430 secs] [Times: user=0.01 sys=0.00, real=0.00 secs] 
146.944: Total time for which application threads were stopped: 0.0046440 seconds, Stopping threads took: 0.0029310 seconds
147.023: Application time: 0.0784200 seconds
147.024: [GC [PSYoungGen: 89248K->6672K(97280K)] 101513K->18945K(318976K), 0.0018320 secs] [Times: user=0.02 sys=0.00, real=0.00 secs] 
147.026: Total time for which application threads were stopped: 0.0034820 seconds, Stopping threads took: 0.0015760 seconds
147.104: Application time: 0.0779430 seconds
147.107: [GC [PSYoungGen: 90128K->7264K(97280K)] 102401K->19545K(318976K), 0.0038010 secs] [Times: user=0.03 sys=0.00, real=0.00 secs] 
147.111: Total time for which application threads were stopped: 0.0066250 seconds, Stopping threads took: 0.0027280 seconds
147.189: Application time: 0.0780880 seconds
147.192: [GC [PSYoungGen: 90720K->7312K(97280K)] 103001K->19593K(318976K), 0.0021410 secs] [Times: user=0.02 sys=0.00, real=0.01 secs] 
147.194: Total time for which application threads were stopped: 0.0047990 seconds, Stopping threads took: 0.0025520 seconds
147.273: Application time: 0.0797330 seconds
147.277: [GC [PSYoungGen: 90768K->6736K(97280K)] 103049K->19017K(318976K), 0.0019770 secs] [Times: user=0.01 sys=0.00, real=0.00 secs] 
147.279: Total time for which application threads were stopped: 0.0050830 seconds, Stopping threads took: 0.0030240 seconds
147.357: Application time: 0.0787890 seconds
147.359: [GC [PSYoungGen: 90192K->6768K(97280K)] 102473K->19049K(318976K), 0.0019910 secs] [Times: user=0.01 sys=0.00, real=0.01 secs] 
147.361: Total time for which application threads were stopped: 0.0039880 seconds, Stopping threads took: 0.0019130 seconds
147.440: Application time: 0.0787570 seconds
147.442: [GC [PSYoungGen: 90224K->7744K(97280K)] 102505K->20025K(318976K), 0.0022240 secs] [Times: user=0.01 sys=0.00, real=0.00 secs] 
147.444: Total time for which application threads were stopped: 0.0040770 seconds, Stopping threads took: 0.0017670 seconds
147.524: Application time: 0.0793820 seconds
147.526: [GC [PSYoungGen: 91200K->7168K(97280K)] 103481K->19457K(318976K), 0.0020140 secs] [Times: user=0.02 sys=0.00, real=0.00 secs] 
147.529: Total time for which application threads were stopped: 0.0049510 seconds, Stopping threads took: 0.0028550 seconds
147.607: Application time: 0.0788500 seconds
147.610: [GC [PSYoungGen: 90624K->7184K(97280K)] 102913K->19489K(318976K), 0.0021150 secs] [Times: user=0.01 sys=0.00, real=0.01 secs] 
147.612: Total time for which application threads were stopped: 0.0050480 seconds, Stopping threads took: 0.0028450 seconds
147.691: Application time: 0.0786600 seconds
147.693: [GC [PSYoungGen: 90640K->6592K(97280K)] 102945K->18905K(318976K), 0.0018990 secs] [Times: user=0.01 sys=0.00, real=0.00 secs] 
147.695: Total time for which application threads were stopped: 0.0042000 seconds, Stopping threads took: 0.0022220 seconds
147.774: Application time: 0.0782840 seconds
147.776: [GC [PSYoungGen: 90048K->7568K(97280K)] 102361K->19881K(318976K), 0.0021660 secs] [Times: user=0.01 sys=0.00, real=0.00 secs] 
147.778: Total time for which application threads were stopped: 0.0047540 seconds, Stopping threads took: 0.0025030 seconds
147.858: Application time: 0.0793160 seconds
147.859: [GC [PSYoungGen: 91024K->6064K(97280K)] 103337K->18377K(318976K), 0.0017630 secs] [Times: user=0.02 sys=0.00, real=0.01 secs] 
147.861: Total time for which application threads were stopped: 0.0034790 seconds, Stopping threads took: 0.0016440 seconds
147.939: Application time: 0.0776720 seconds
147.941: [GC [PSYoungGen: 89520K->7440K(97280K)] 101833K->19753K(318976K), 0.0021750 secs] [Times: user=0.02 sys=0.00, real=0.00 secs] 
147.943: Total time for which application threads were stopped: 0.0046520 seconds, Stopping threads took: 0.0023980 seconds
148.027: Application time: 0.0836560 seconds
148.029: [GC [PSYoungGen: 90896K->7136K(97280K)] 103209K->19457K(318976K), 0.0020670 secs] [Times: user=0.01 sys=0.00, real=0.00 secs] 
148.031: Total time for which application threads were stopped: 0.0040780 seconds, Stopping threads took: 0.0019320 seconds
148.108: Application time: 0.0771930 seconds
148.111: [GC [PSYoungGen: 90592K->6928K(97280K)] 102913K->19257K(318976K), 0.0020870 secs] [Times: user=0.01 sys=0.00, real=0.01 secs] 
148.114: Total time for which application threads were stopped: 0.0052050 seconds, Stopping threads took: 0.0030250 seconds
148.191: Application time: 0.0778150 seconds
148.194: [GC [PSYoungGen: 90384K->7664K(97280K)] 102713K->20009K(318976K), 0.0022050 secs] [Times: user=0.01 sys=0.00, real=0.00 secs] 
148.196: Total time for which application threads were stopped: 0.0048370 seconds, Stopping threads took: 0.0025430 seconds
148.275: Application time: 0.0791570 seconds
148.278: [GC [PSYoungGen: 91120K->6688K(97280K)] 103465K->19033K(318976K), 0.0019470 secs] [Times: user=0.01 sys=0.00, real=0.00 secs] 
148.280: Total time for which application threads were stopped: 0.0041870 seconds, Stopping threads took: 0.0021520 seconds
148.358: Application time: 0.0783450 seconds
148.360: [GC [PSYoungGen: 90144K->7520K(97280K)] 102489K->19865K(318976K), 0.0022220 secs] [Times: user=0.01 sys=0.00, real=0.01 secs] 
148.362: Total time for which application threads were stopped: 0.0043240 seconds, Stopping threads took: 0.0020190 seconds
148.439: Application time: 0.0764820 seconds
148.441: [GC [PSYoungGen: 90976K->7536K(97280K)] 103321K->19881K(318976K), 0.0021780 secs] [Times: user=0.01 sys=0.00, real=0.00 secs] 
148.443: Total time for which application threads were stopped: 0.0044300 seconds, Stopping threads took: 0.0021470 seconds
148.523: Application time: 0.0801880 seconds
148.526: [GC [PSYoungGen: 90992K->8352K(97280K)] 103337K->20697K(318976K), 0.0023390 secs] [Times: user=0.02 sys=0.00, real=0.00 secs] 
148.529: Total time for which application threads were stopped: 0.0051680 seconds, Stopping threads took: 0.0027490 seconds
148.607: Application time: 0.0785680 seconds
148.610: [GC [PSYoungGen: 91808K->6288K(97280K)] 104153K->18641K(318976K), 0.0018400 secs] [Times: user=0.01 sys=0.00, real=0.00 secs] 
148.612: Total time for which application threads were stopped: 0.0046110 seconds, Stopping threads took: 0.0026940 seconds
148.691: Application time: 0.0790300 seconds
148.693: [GC [PSYoungGen: 89744K->7216K(97280K)] 102097K->19577K(318976K), 0.0020790 secs] [Times: user=0.01 sys=0.00, real=0.00 secs] 
148.695: Total time for which application threads were stopped: 0.0041210 seconds, Stopping threads took: 0.0019510 seconds
148.774: Application time: 0.0792760 seconds
148.777: [GC [PSYoungGen: 90672K->6592K(97280K)] 103033K->18953K(318976K), 0.0018630 secs] [Times: user=0.01 sys=0.00, real=0.00 secs] 
148.779: Total time for which application threads were stopped: 0.0046410 seconds, Stopping threads took: 0.0027020 seconds
148.859: Application time: 0.0799200 seconds
148.861: [GC [PSYoungGen: 90048K->6944K(97280K)] 102409K->19305K(318976K), 0.0019300 secs] [Times: user=0.02 sys=0.00, real=0.00 secs] 
148.863: Total time for which application threads were stopped: 0.0046920 seconds, Stopping threads took: 0.0026890 seconds
148.941: Application time: 0.0774740 seconds
148.944: [GC [PSYoungGen: 90400K->7408K(97280K)] 102761K->19769K(318976K), 0.0020340 secs] [Times: user=0.02 sys=0.00, real=0.00 secs] 
148.946: Total time for which application threads were stopped: 0.0047540 seconds, Stopping threads took: 0.0026440 seconds
149.023: Application time: 0.0775060 seconds
149.025: [GC [PSYoungGen: 90864K->7376K(97280K)] 103225K->19737K(318976K), 0.0021690 secs] [Times: user=0.01 sys=0.00, real=0.00 secs] 
149.027: Total time for which application threads were stopped: 0.0041660 seconds, Stopping threads took: 0.0019070 seconds
149.104: Application time: 0.0769270 seconds
149.107: [GC [PSYoungGen: 90832K->7408K(97280K)] 103193K->19777K(318976K), 0.0045150 secs] [Times: user=0.03 sys=0.00, real=0.00 secs] 
149.111: Total time for which application threads were stopped: 0.0071760 seconds, Stopping threads took: 0.0025770 seconds
149.192: Application time: 0.0807730 seconds
149.194: [GC [PSYoungGen: 90864K->6160K(97280K)] 103233K->18537K(318976K), 0.0017400 secs] [Times: user=0.01 sys=0.00, real=0.00 secs] 
149.196: Total time for which application threads were stopped: 0.0039160 seconds, Stopping threads took: 0.0020940 seconds
149.275: Application time: 0.0785880 seconds
149.277: [GC [PSYoungGen: 89616K->7664K(97280K)] 101993K->20041K(318976K), 0.0021920 secs] [Times: user=0.02 sys=0.00, real=0.00 secs] 
149.280: Total time for which application threads were stopped: 0.0048310 seconds, Stopping threads took: 0.0025560 seconds
149.356: Application time: 0.0768000 seconds
149.360: [GC [PSYoungGen: 91120K->8208K(97280K)] 103497K->20585K(318976K), 0.0023440 secs] [Times: user=0.01 sys=0.00, real=0.01 secs] 
149.362: Total time for which application threads were stopped: 0.0056060 seconds, Stopping threads took: 0.0031770 seconds
149.442: Application time: 0.0796400 seconds
149.444: [GC [PSYoungGen: 91664K->7280K(97280K)] 104041K->19657K(318976K), 0.0021320 secs] [Times: user=0.01 sys=0.00, real=0.00 secs] 
149.446: Total time for which application threads were stopped: 0.0045600 seconds, Stopping threads took: 0.0023480 seconds
149.526: Application time: 0.0801200 seconds
149.528: [GC [PSYoungGen: 90736K->6608K(97280K)] 103113K->18985K(318976K), 0.0018890 secs] [Times: user=0.01 sys=0.00, real=0.00 secs] 
149.530: Total time for which application threads were stopped: 0.0035720 seconds, Stopping threads took: 0.0016100 seconds
149.609: Application time: 0.0788560 seconds
149.611: [GC [PSYoungGen: 90064K->7744K(97280K)] 102441K->20129K(318976K), 0.0022620 secs] [Times: user=0.02 sys=0.00, real=0.01 secs] 
149.613: Total time for which application threads were stopped: 0.0045580 seconds, Stopping threads took: 0.0022150 seconds
149.691: Application time: 0.0777680 seconds
149.693: [GC [PSYoungGen: 91200K->7872K(97280K)] 103585K->20265K(318976K), 0.0023260 secs] [Times: user=0.01 sys=0.00, real=0.00 secs] 
149.696: Total time for which application threads were stopped: 0.0047400 seconds, Stopping threads took: 0.0023170 seconds
149.774: Application time: 0.0780570 seconds
149.776: [GC [PSYoungGen: 91328K->7360K(97280K)] 103721K->19753K(318976K), 0.0022880 secs] [Times: user=0.01 sys=0.00, real=0.00 secs] 
149.779: Total time for which application threads were stopped: 0.0047060 seconds, Stopping threads took: 0.0023270 seconds
149.859: Application time: 0.0807850 seconds
149.861: [GC [PSYoungGen: 90816K->6672K(97280K)] 103209K->19065K(318976K), 0.0019640 secs] [Times: user=0.00 sys=0.00, real=0.00 secs] 
149.863: Total time for which application threads were stopped: 0.0035100 seconds, Stopping threads took: 0.0014740 seconds
149.939: Application time: 0.0756330 seconds
149.941: [GC [PSYoungGen: 90128K->7456K(97280K)] 102521K->19849K(318976K), 0.0022670 secs] [Times: user=0.02 sys=0.00, real=0.00 secs] 
149.943: Total time for which application threads were stopped: 0.0044760 seconds, Stopping threads took: 0.0021150 seconds
150.021: Application time: 0.0783110 seconds
150.024: [GC [PSYoungGen: 90912K->8064K(97280K)] 103305K->20457K(318976K), 0.0025210 secs] [Times: user=0.01 sys=0.00, real=0.00 secs] 
150.026: Total time for which application threads were stopped: 0.0048160 seconds, Stopping threads took: 0.0022110 seconds
150.106: Application time: 0.0802200 seconds
150.108: [GC [PSYoungGen: 91520K->6416K(97280K)] 103913K->18817K(318976K), 0.0042960 secs] [Times: user=0.03 sys=0.00, real=0.01 secs] 
150.113: Total time for which application threads were stopped: 0.0064200 seconds, Stopping threads took: 0.0020410 seconds
150.191: Application time: 0.0780180 seconds
150.194: [GC [PSYoungGen: 89872K->6736K(97280K)] 102273K->19145K(318976K), 0.0021950 secs] [Times: user=0.01 sys=0.00, real=0.00 secs] 
150.196: Total time for which application threads were stopped: 0.0050080 seconds, Stopping threads took: 0.0027140 seconds
150.273: Application time: 0.0774330 seconds
150.276: [GC [PSYoungGen: 90192K->7280K(97280K)] 102601K->19689K(318976K), 0.0021870 secs] [Times: user=0.02 sys=0.00, real=0.00 secs] 
150.278: Total time for which application threads were stopped: 0.0045850 seconds, Stopping threads took: 0.0022950 seconds
150.354: Application time: 0.0763990 seconds
150.357: [GC [PSYoungGen: 90736K->7856K(97280K)] 103145K->20265K(318976K), 0.0022750 secs] [Times: user=0.02 sys=0.00, real=0.00 secs] 
150.359: Total time for which application threads were stopped: 0.0049800 seconds, Stopping threads took: 0.0026140 seconds
150.438: Application time: 0.0790440 seconds
150.440: [GC [PSYoungGen: 91312K->7280K(97280K)] 103721K->19689K(318976K), 0.0021420 secs] [Times: user=0.01 sys=0.00, real=0.01 secs] 
150.442: Total time for which application threads were stopped: 0.0037220 seconds, Stopping threads took: 0.0014760 seconds
150.522: Application time: 0.0803390 seconds
150.525: [GC [PSYoungGen: 90736K->6560K(97280K)] 103145K->18969K(318976K), 0.0019440 secs] [Times: user=0.02 sys=0.00, real=0.00 secs] 
150.527: Total time for which application threads were stopped: 0.0050740 seconds, Stopping threads took: 0.0030280 seconds
150.606: Application time: 0.0785350 seconds
150.607: [GC [PSYoungGen: 90016K->6048K(97280K)] 102425K->18465K(318976K), 0.0018590 secs] [Times: user=0.01 sys=0.00, real=0.00 secs] 
150.609: Total time for which application threads were stopped: 0.0028640 seconds, Stopping threads took: 0.0009320 seconds
150.687: Application time: 0.0779830 seconds
150.689: [GC [PSYoungGen: 89504K->7696K(97280K)] 101921K->20121K(318976K), 0.0022060 secs] [Times: user=0.01 sys=0.00, real=0.00 secs] 
150.692: Total time for which application threads were stopped: 0.0049680 seconds, Stopping threads took: 0.0026810 seconds
150.770: Application time: 0.0787050 seconds
150.773: [GC [PSYoungGen: 91152K->6384K(97280K)] 103577K->18817K(318976K), 0.0018930 secs] [Times: user=0.01 sys=0.00, real=0.00 secs] 
150.775: Total time for which application threads were stopped: 0.0047540 seconds, Stopping threads took: 0.0027890 seconds
150.855: Application time: 0.0801130 seconds
150.858: [GC [PSYoungGen: 89840K->6832K(97280K)] 102273K->19265K(318976K), 0.0020240 secs] [Times: user=0.02 sys=0.00, real=0.00 secs] 
150.860: Total time for which application threads were stopped: 0.0046990 seconds, Stopping threads took: 0.0025660 seconds
150.939: Application time: 0.0791700 seconds
150.942: [GC [PSYoungGen: 90288K->7184K(97280K)] 102721K->19617K(318976K), 0.0020640 secs] [Times: user=0.01 sys=0.00, real=0.00 secs] 
150.944: Total time for which application threads were stopped: 0.0050490 seconds, Stopping threads took: 0.0029090 seconds
151.020: Application time: 0.0760170 seconds
151.022: [GC [PSYoungGen: 90640K->5904K(97280K)] 103073K->18337K(318976K), 0.0017530 secs] [Times: user=0.01 sys=0.00, real=0.00 secs] 
151.024: Total time for which application threads were stopped: 0.0032880 seconds, Stopping threads took: 0.0014560 seconds
151.097: Application time: 0.0734250 seconds
151.099: [GC [PSYoungGen: 89360K->8016K(97280K)] 101793K->20457K(318976K), 0.0022180 secs] [Times: user=0.01 sys=0.00, real=0.01 secs] 
151.102: Total time for which application threads were stopped: 0.0047650 seconds, Stopping threads took: 0.0024720 seconds
151.175: Application time: 0.0736120 seconds
151.178: [GC [PSYoungGen: 91472K->7296K(97280K)] 103913K->19769K(318976K), 0.0020590 secs] [Times: user=0.02 sys=0.00, real=0.00 secs] 
151.180: Total time for which application threads were stopped: 0.0045890 seconds, Stopping threads took: 0.0024560 seconds
151.253: Application time: 0.0734150 seconds
151.256: [GC [PSYoungGen: 90752K->7504K(97280K)] 103225K->19985K(318976K), 0.0021450 secs] [Times: user=0.01 sys=0.00, real=0.00 secs] 
151.258: Total time for which application threads were stopped: 0.0049510 seconds, Stopping threads took: 0.0027250 seconds
151.332: Application time: 0.0741320 seconds
151.335: [GC [PSYoungGen: 90960K->6336K(97280K)] 103441K->18817K(318976K), 0.0018360 secs] [Times: user=0.01 sys=0.00, real=0.00 secs] 
151.337: Total time for which application threads were stopped: 0.0048830 seconds, Stopping threads took: 0.0029760 seconds
151.412: Application time: 0.0748660 seconds
151.414: [GC [PSYoungGen: 89792K->5520K(97280K)] 102273K->18001K(318976K), 0.0016240 secs] [Times: user=0.01 sys=0.00, real=0.00 secs] 
151.416: Total time for which application threads were stopped: 0.0033810 seconds, Stopping threads took: 0.0016830 seconds
151.489: Application time: 0.0733560 seconds
151.491: [GC [PSYoungGen: 88976K->7904K(97280K)] 101457K->20385K(318976K), 0.0022460 secs] [Times: user=0.02 sys=0.00, real=0.01 secs] 
151.493: Total time for which application threads were stopped: 0.0043750 seconds, Stopping threads took: 0.0020440 seconds
151.568: Application time: 0.0744150 seconds
151.569: [GC [PSYoungGen: 91360K->6464K(97280K)] 103841K->18945K(318976K), 0.0018570 secs] [Times: user=0.01 sys=0.00, real=0.00 secs] 
151.571: Total time for which application threads were stopped: 0.0033300 seconds, Stopping threads took: 0.0013890 seconds
151.643: Application time: 0.0721710 seconds
151.646: [GC [PSYoungGen: 89920K->7968K(97280K)] 102401K->20457K(318976K), 0.0023070 secs] [Times: user=0.01 sys=0.00, real=0.00 secs] 
151.649: Total time for which application threads were stopped: 0.0052900 seconds, Stopping threads took: 0.0028990 seconds
151.721: Application time: 0.0723350 seconds
151.723: [GC [PSYoungGen: 91424K->7536K(97280K)] 103913K->20033K(318976K), 0.0021420 secs] [Times: user=0.01 sys=0.00, real=0.00 secs] 
151.726: Total time for which application threads were stopped: 0.0047040 seconds, Stopping threads took: 0.0024820 seconds
151.799: Application time: 0.0729720 seconds
151.802: [GC [PSYoungGen: 90992K->8272K(97280K)] 103489K->20769K(318976K), 0.0023790 secs] [Times: user=0.02 sys=0.00, real=0.00 secs] 
151.804: Total time for which application threads were stopped: 0.0054560 seconds, Stopping threads took: 0.0030000 seconds
151.878: Application time: 0.0741830 seconds
151.880: [GC [PSYoungGen: 91728K->7616K(97280K)] 104225K->20113K(318976K), 0.0021970 secs] [Times: user=0.01 sys=0.01, real=0.01 secs] 
151.883: Total time for which application threads were stopped: 0.0043910 seconds, Stopping threads took: 0.0021170 seconds
151.955: Application time: 0.0724180 seconds
151.957: [GC [PSYoungGen: 91072K->7376K(97280K)] 103569K->19873K(318976K), 0.0022290 secs] [Times: user=0.02 sys=0.00, real=0.00 secs] 
151.959: Total time for which application threads were stopped: 0.0043300 seconds, Stopping threads took: 0.0019950 seconds
152.032: Application time: 0.0727650 seconds
152.034: [GC [PSYoungGen: 90832K->7584K(97280K)] 103329K->20081K(318976K), 0.0021130 secs] [Times: user=0.02 sys=0.00, real=0.00 secs] 
152.036: Total time for which application threads were stopped: 0.0039100 seconds, Stopping threads took: 0.0017220 seconds
152.110: Application time: 0.0744030 seconds
152.113: [GC [PSYoungGen: 91040K->6704K(97280K)] 103537K->19209K(318976K), 0.0019250 secs] [Times: user=0.01 sys=0.00, real=0.00 secs] 
152.115: Total time for which application threads were stopped: 0.0043930 seconds, Stopping threads took: 0.0023850 seconds
152.190: Application time: 0.0748270 seconds
152.191: [GC [PSYoungGen: 90160K->6288K(97280K)] 102665K->18801K(318976K), 0.0018610 secs] [Times: user=0.02 sys=0.00, real=0.01 secs] 
152.193: Total time for which application threads were stopped: 0.0035440 seconds, Stopping threads took: 0.0016080 seconds
152.267: Application time: 0.0740350 seconds
152.269: [GC [PSYoungGen: 89744K->7392K(97280K)] 102257K->19913K(318976K), 0.0021060 secs] [Times: user=0.01 sys=0.00, real=0.00 secs] 
152.272: Total time for which application threads were stopped: 0.0043410 seconds, Stopping threads took: 0.0021640 seconds
152.345: Application time: 0.0730010 seconds
152.347: [GC [PSYoungGen: 90848K->7280K(97280K)] 103369K->19801K(318976K), 0.0021070 secs] [Times: user=0.02 sys=0.00, real=0.00 secs] 
152.350: Total time for which application threads were stopped: 0.0050140 seconds, Stopping threads took: 0.0028300 seconds
152.424: Application time: 0.0740510 seconds
152.425: [GC [PSYoungGen: 90736K->5696K(97280K)] 103257K->18217K(318976K), 0.0016500 secs] [Times: user=0.02 sys=0.00, real=0.00 secs] 
152.427: Total time for which application threads were stopped: 0.0031190 seconds, Stopping threads took: 0.0013940 seconds
152.500: Application time: 0.0728670 seconds
152.501: [GC [PSYoungGen: 89152K->7888K(97280K)] 101673K->20409K(318976K), 0.0022850 secs] [Times: user=0.02 sys=0.00, real=0.00 secs] 
152.504: Total time for which application threads were stopped: 0.0041310 seconds, Stopping threads took: 0.0017560 seconds
152.577: Application time: 0.0734000 seconds
152.580: [GC [PSYoungGen: 91344K->7584K(97280K)] 103865K->20113K(318976K), 0.0021480 secs] [Times: user=0.01 sys=0.00, real=0.01 secs] 
152.582: Total time for which application threads were stopped: 0.0049180 seconds, Stopping threads took: 0.0026850 seconds
152.658: Application time: 0.0757460 seconds
152.660: [GC [PSYoungGen: 91040K->6208K(97280K)] 103569K->18745K(318976K), 0.0018650 secs] [Times: user=0.02 sys=0.00, real=0.01 secs] 
152.662: Total time for which application threads were stopped: 0.0039860 seconds, Stopping threads took: 0.0020480 seconds
152.737: Application time: 0.0755100 seconds
152.741: [GC [PSYoungGen: 89664K->6992K(97280K)] 102201K->19537K(318976K), 0.0019850 secs] [Times: user=0.01 sys=0.00, real=0.00 secs] 
152.743: Total time for which application threads were stopped: 0.0051800 seconds, Stopping threads took: 0.0031170 seconds
152.817: Application time: 0.0740420 seconds
152.818: [GC [PSYoungGen: 90448K->7648K(97280K)] 102993K->20193K(318976K), 0.0022250 secs] [Times: user=0.02 sys=0.00, real=0.01 secs] 
152.820: Total time for which application threads were stopped: 0.0038810 seconds, Stopping threads took: 0.0015770 seconds
152.898: Application time: 0.0778610 seconds
152.900: [GC [PSYoungGen: 91104K->6048K(97280K)] 103649K->18593K(318976K), 0.0017180 secs] [Times: user=0.01 sys=0.00, real=0.01 secs] 
152.902: Total time for which application threads were stopped: 0.0033630 seconds, Stopping threads took: 0.0015750 seconds
152.976: Application time: 0.0741250 seconds
152.977: [GC [PSYoungGen: 89504K->7328K(97280K)] 102049K->19873K(318976K), 0.0020630 secs] [Times: user=0.02 sys=0.00, real=0.00 secs] 
152.979: Total time for which application threads were stopped: 0.0036700 seconds, Stopping threads took: 0.0015270 seconds
153.052: Application time: 0.0728590 seconds
153.054: [GC [PSYoungGen: 90784K->7552K(97280K)] 103329K->20105K(318976K), 0.0021790 secs] [Times: user=0.01 sys=0.01, real=0.00 secs] 
153.057: Total time for which application threads were stopped: 0.0043490 seconds, Stopping threads took: 0.0020800 seconds
153.130: Application time: 0.0737040 seconds
153.133: [GC [PSYoungGen: 91008K->7792K(97280K)] 103561K->20353K(318976K), 0.0023000 secs] [Times: user=0.02 sys=0.00, real=0.00 secs] 
153.136: Total time for which application threads were stopped: 0.0053730 seconds, Stopping threads took: 0.0029870 seconds
153.209: Application time: 0.0728090 seconds
153.210: [GC [PSYoungGen: 91248K->7328K(97280K)] 103809K->19897K(318976K), 0.0021830 secs] [Times: user=0.02 sys=0.00, real=0.00 secs] 
153.212: Total time for which application threads were stopped: 0.0037580 seconds, Stopping threads took: 0.0014950 seconds
153.286: Application time: 0.0735660 seconds
153.289: [GC [PSYoungGen: 90784K->7488K(97280K)] 103353K->20057K(318976K), 0.0021330 secs] [Times: user=0.02 sys=0.00, real=0.00 secs] 
153.291: Total time for which application threads were stopped: 0.0047750 seconds, Stopping threads took: 0.0025370 seconds
153.366: Application time: 0.0757540 seconds
153.369: [GC [PSYoungGen: 90944K->6112K(97280K)] 103513K->18681K(318976K), 0.0018680 secs] [Times: user=0.01 sys=0.00, real=0.00 secs] 
153.371: Total time for which application threads were stopped: 0.0042480 seconds, Stopping threads took: 0.0022930 seconds
153.445: Application time: 0.0741870 seconds
153.447: [GC [PSYoungGen: 89568K->5104K(97280K)] 102137K->17673K(318976K), 0.0015810 secs] [Times: user=0.01 sys=0.00, real=0.00 secs] 
153.448: Total time for which application threads were stopped: 0.0035760 seconds, Stopping threads took: 0.0019170 seconds
153.521: Application time: 0.0721870 seconds
153.523: [GC [PSYoungGen: 88560K->7536K(97280K)] 101129K->20113K(318976K), 0.0021500 secs] [Times: user=0.01 sys=0.00, real=0.00 secs] 
153.526: Total time for which application threads were stopped: 0.0048660 seconds, Stopping threads took: 0.0026340 seconds
153.599: Application time: 0.0734240 seconds
153.601: [GC [PSYoungGen: 90992K->6928K(97280K)] 103569K->19513K(318976K), 0.0018900 secs] [Times: user=0.02 sys=0.00, real=0.00 secs] 
153.603: Total time for which application threads were stopped: 0.0041720 seconds, Stopping threads took: 0.0022050 seconds
153.679: Application time: 0.0761880 seconds
153.682: [GC [PSYoungGen: 90384K->6752K(97280K)] 102969K->19377K(318976K), 0.0019800 secs] [Times: user=0.02 sys=0.00, real=0.00 secs] 
153.684: Total time for which application threads were stopped: 0.0042400 seconds, Stopping threads took: 0.0021750 seconds
153.759: Application time: 0.0755460 seconds
153.761: [GC [PSYoungGen: 90208K->7232K(97280K)] 102833K->19857K(318976K), 0.0019350 secs] [Times: user=0.01 sys=0.00, real=0.00 secs] 
153.763: Total time for which application threads were stopped: 0.0041470 seconds, Stopping threads took: 0.0021450 seconds
153.840: Application time: 0.0764290 seconds
153.842: [GC [PSYoungGen: 90688K->6624K(97280K)] 103313K->19249K(318976K), 0.0018760 secs] [Times: user=0.01 sys=0.00, real=0.00 secs] 
153.844: Total time for which application threads were stopped: 0.0040470 seconds, Stopping threads took: 0.0020950 seconds
153.918: Application time: 0.0746300 seconds
153.920: [GC [PSYoungGen: 90080K->7712K(97280K)] 102705K->20337K(318976K), 0.0023730 secs] [Times: user=0.02 sys=0.00, real=0.01 secs] 
153.922: Total time for which application threads were stopped: 0.0040880 seconds, Stopping threads took: 0.0016350 seconds
153.996: Application time: 0.0735370 seconds
153.998: [GC [PSYoungGen: 91168K->7168K(97280K)] 103793K->19801K(318976K), 0.0021070 secs] [Times: user=0.01 sys=0.00, real=0.01 secs] 
154.001: Total time for which application threads were stopped: 0.0045790 seconds, Stopping threads took: 0.0023930 seconds
154.075: Application time: 0.0744990 seconds
154.077: [GC [PSYoungGen: 90624K->6784K(97280K)] 103257K->19425K(318976K), 0.0019340 secs] [Times: user=0.01 sys=0.00, real=0.00 secs] 
154.079: Total time for which application threads were stopped: 0.0039600 seconds, Stopping threads took: 0.0019450 seconds
154.151: Application time: 0.0722110 seconds
154.154: [GC [PSYoungGen: 90240K->8336K(97280K)] 102881K->20993K(318976K), 0.0023930 secs] [Times: user=0.01 sys=0.00, real=0.00 secs] 
154.156: Total time for which application threads were stopped: 0.0052010 seconds, Stopping threads took: 0.0027250 seconds
154.230: Application time: 0.0735570 seconds
154.232: [GC [PSYoungGen: 91792K->6176K(97280K)] 104449K->18841K(318976K), 0.0017110 secs] [Times: user=0.02 sys=0.00, real=0.01 secs] 
154.233: Total time for which application threads were stopped: 0.0033390 seconds, Stopping threads took: 0.0015530 seconds
154.307: Application time: 0.0739540 seconds
154.310: [GC [PSYoungGen: 89632K->7280K(97280K)] 102297K->19945K(318976K), 0.0020700 secs] [Times: user=0.01 sys=0.00, real=0.00 secs] 
154.312: Total time for which application threads were stopped: 0.0045260 seconds, Stopping threads took: 0.0023620 seconds
154.385: Application time: 0.0734360 seconds
154.387: [GC [PSYoungGen: 90736K->5952K(97280K)] 103401K->18617K(318976K), 0.0017920 secs] [Times: user=0.02 sys=0.00, real=0.00 secs] 
154.389: Total time for which application threads were stopped: 0.0037680 seconds, Stopping threads took: 0.0019030 seconds
154.464: Application time: 0.0745110 seconds
154.466: [GC [PSYoungGen: 89408K->7168K(97280K)] 102073K->19833K(318976K), 0.0020750 secs] [Times: user=0.01 sys=0.00, real=0.00 secs] 
154.468: Total time for which application threads were stopped: 0.0045960 seconds, Stopping threads took: 0.0024390 seconds
154.540: Application time: 0.0718340 seconds
154.542: [GC [PSYoungGen: 90624K->7552K(97280K)] 103289K->20225K(318976K), 0.0021670 secs] [Times: user=0.02 sys=0.00, real=0.00 secs] 
154.545: Total time for which application threads were stopped: 0.0045310 seconds, Stopping threads took: 0.0022810 seconds
154.619: Application time: 0.0745900 seconds
154.620: [GC [PSYoungGen: 91008K->5392K(97280K)] 103681K->18073K(318976K), 0.0016410 secs] [Times: user=0.01 sys=0.00, real=0.00 secs] 
154.622: Total time for which application threads were stopped: 0.0029640 seconds, Stopping threads took: 0.0012490 seconds
154.697: Application time: 0.0745250 seconds
154.699: [GC [PSYoungGen: 88848K->6816K(97280K)] 101529K->19505K(318976K), 0.0019290 secs] [Times: user=0.02 sys=0.00, real=0.01 secs] 
154.701: Total time for which application threads were stopped: 0.0040080 seconds, Stopping threads took: 0.0019980 seconds
154.772: Application time: 0.0711130 seconds
154.775: [GC [PSYoungGen: 90272K->8000K(97280K)] 102961K->20689K(318976K), 0.0022650 secs] [Times: user=0.02 sys=0.00, real=0.00 secs] 
154.777: Total time for which application threads were stopped: 0.0051900 seconds, Stopping threads took: 0.0028460 seconds
154.851: Application time: 0.0741170 seconds
154.854: [GC [PSYoungGen: 91456K->7296K(97280K)] 104145K->19985K(318976K), 0.0019630 secs] [Times: user=0.01 sys=0.00, real=0.00 secs] 
154.856: Total time for which application threads were stopped: 0.0049120 seconds, Stopping threads took: 0.0028800 seconds
154.931: Application time: 0.0746140 seconds
154.933: [GC [PSYoungGen: 90752K->6864K(97280K)] 103441K->19553K(318976K), 0.0020770 secs] [Times: user=0.01 sys=0.00, real=0.00 secs] 
154.935: Total time for which application threads were stopped: 0.0042050 seconds, Stopping threads took: 0.0020410 seconds
155.009: Application time: 0.0745410 seconds
155.011: [GC [PSYoungGen: 90320K->7904K(97280K)] 103009K->20601K(318976K), 0.0023410 secs] [Times: user=0.02 sys=0.00, real=0.01 secs] 
155.014: Total time for which application threads were stopped: 0.0045070 seconds, Stopping threads took: 0.0020800 seconds
155.093: Application time: 0.0791100 seconds
155.096: [GC [PSYoungGen: 91360K->6944K(97280K)] 104057K->19649K(318976K), 0.0019310 secs] [Times: user=0.02 sys=0.00, real=0.00 secs] 
155.098: Total time for which application threads were stopped: 0.0051910 seconds, Stopping threads took: 0.0031790 seconds
155.177: Application time: 0.0790140 seconds
155.179: [GC [PSYoungGen: 90400K->5616K(97280K)] 103105K->18329K(318976K), 0.0016500 secs] [Times: user=0.01 sys=0.00, real=0.01 secs] 
155.181: Total time for which application threads were stopped: 0.0039950 seconds, Stopping threads took: 0.0022640 seconds
155.263: Application time: 0.0813680 seconds
155.265: [GC [PSYoungGen: 89072K->4960K(97280K)] 101785K->17673K(318976K), 0.0014780 secs] [Times: user=0.01 sys=0.00, real=0.00 secs] 
155.266: Total time for which application threads were stopped: 0.0036210 seconds, Stopping threads took: 0.0020660 seconds
155.345: Application time: 0.0786700 seconds
155.348: [GC [PSYoungGen: 88416K->7488K(97280K)] 101129K->20201K(318976K), 0.0021880 secs] [Times: user=0.02 sys=0.00, real=0.00 secs] 
155.350: Total time for which application threads were stopped: 0.0053070 seconds, Stopping threads took: 0.0030350 seconds
155.428: Application time: 0.0781220 seconds
155.431: [GC [PSYoungGen: 90944K->6912K(97280K)] 103657K->19625K(318976K), 0.0019460 secs] [Times: user=0.01 sys=0.00, real=0.01 secs] 
155.433: Total time for which application threads were stopped: 0.0046760 seconds, Stopping threads took: 0.0026470 seconds
155.515: Application time: 0.0819220 seconds
155.517: [GC [PSYoungGen: 90368K->6240K(97280K)] 103081K->18961K(318976K), 0.0018110 secs] [Times: user=0.02 sys=0.00, real=0.00 secs] 
155.519: Total time for which application threads were stopped: 0.0039440 seconds, Stopping threads took: 0.0020610 seconds
155.597: Application time: 0.0778040 seconds
155.598: [GC [PSYoungGen: 89696K->7776K(97280K)] 102417K->20505K(318976K), 0.0022250 secs] [Times: user=0.01 sys=0.00, real=0.01 secs] 
155.601: Total time for which application threads were stopped: 0.0040170 seconds, Stopping threads took: 0.0017080 seconds
155.682: Application time: 0.0809020 seconds
155.684: [GC [PSYoungGen: 91232K->7696K(97280K)] 103961K->20425K(318976K), 0.0022390 secs] [Times: user=0.02 sys=0.00, real=0.00 secs] 
155.686: Total time for which application threads were stopped: 0.0045690 seconds, Stopping threads took: 0.0022410 seconds
155.764: Application time: 0.0776990 seconds
155.766: [GC [PSYoungGen: 91152K->7328K(97280K)] 103881K->20065K(318976K), 0.0023880 secs] [Times: user=0.01 sys=0.00, real=0.00 secs] 
155.768: Total time for which application threads were stopped: 0.0045460 seconds, Stopping threads took: 0.0020680 seconds
155.847: Application time: 0.0786020 seconds
155.849: [GC [PSYoungGen: 90784K->6704K(97280K)] 103521K->19441K(318976K), 0.0021190 secs] [Times: user=0.01 sys=0.00, real=0.00 secs] 
155.851: Total time for which application threads were stopped: 0.0040020 seconds, Stopping threads took: 0.0017760 seconds
155.930: Application time: 0.0792210 seconds
155.933: [GC [PSYoungGen: 90160K->6160K(97280K)] 102897K->18897K(318976K), 0.0018840 secs] [Times: user=0.01 sys=0.00, real=0.00 secs] 
155.935: Total time for which application threads were stopped: 0.0051360 seconds, Stopping threads took: 0.0031570 seconds
156.013: Application time: 0.0773080 seconds
156.016: [GC [PSYoungGen: 89616K->7808K(97280K)] 102353K->20553K(318976K), 0.0022490 secs] [Times: user=0.01 sys=0.00, real=0.00 secs] 
156.018: Total time for which application threads were stopped: 0.0056580 seconds, Stopping threads took: 0.0033230 seconds
156.097: Application time: 0.0786520 seconds
156.100: [GC [PSYoungGen: 91264K->5392K(97280K)] 104009K->18145K(318976K), 0.0017100 secs] [Times: user=0.01 sys=0.00, real=0.01 secs] 
156.101: Total time for which application threads were stopped: 0.0044070 seconds, Stopping threads took: 0.0026220 seconds
156.180: Application time: 0.0786850 seconds
156.182: [GC [PSYoungGen: 88848K->6432K(97280K)] 101601K->19193K(318976K), 0.0018670 secs] [Times: user=0.01 sys=0.00, real=0.00 secs] 
156.184: Total time for which application threads were stopped: 0.0042260 seconds, Stopping threads took: 0.0022770 seconds
156.264: Application time: 0.0797340 seconds
156.266: [GC [PSYoungGen: 89888K->7360K(97280K)] 102649K->20129K(318976K), 0.0021300 secs] [Times: user=0.01 sys=0.00, real=0.00 secs] 
156.269: Total time for which application threads were stopped: 0.0045650 seconds, Stopping threads took: 0.0023430 seconds
156.350: Application time: 0.0815090 seconds
156.351: [GC [PSYoungGen: 90816K->7936K(97280K)] 103585K->20705K(318976K), 0.0023110 secs] [Times: user=0.01 sys=0.00, real=0.01 secs] 
156.354: Total time for which application threads were stopped: 0.0035570 seconds, Stopping threads took: 0.0011630 seconds
156.433: Application time: 0.0793100 seconds
156.435: [GC [PSYoungGen: 91392K->7248K(97280K)] 104161K->20017K(318976K), 0.0021100 secs] [Times: user=0.01 sys=0.00, real=0.00 secs] 
156.437: Total time for which application threads were stopped: 0.0044220 seconds, Stopping threads took: 0.0022290 seconds
156.519: Application time: 0.0812620 seconds
156.521: [GC [PSYoungGen: 90704K->6336K(97280K)] 103473K->19105K(318976K), 0.0018660 secs] [Times: user=0.02 sys=0.00, real=0.00 secs] 
156.523: Total time for which application threads were stopped: 0.0041320 seconds, Stopping threads took: 0.0021900 seconds
156.602: Application time: 0.0795580 seconds
156.604: [GC [PSYoungGen: 89792K->6448K(97280K)] 102561K->19225K(318976K), 0.0019420 secs] [Times: user=0.01 sys=0.00, real=0.00 secs] 
156.606: Total time for which application threads were stopped: 0.0033160 seconds, Stopping threads took: 0.0012970 seconds
156.687: Application time: 0.0814590 seconds
156.689: [GC [PSYoungGen: 89904K->6352K(97280K)] 102681K->19137K(318976K), 0.0018900 secs] [Times: user=0.02 sys=0.00, real=0.00 secs] 
156.691: Total time for which application threads were stopped: 0.0041260 seconds, Stopping threads took: 0.0021600 seconds
156.773: Application time: 0.0813360 seconds
156.774: [GC [PSYoungGen: 89808K->7584K(97280K)] 102593K->20377K(318976K), 0.0021860 secs] [Times: user=0.00 sys=0.01, real=0.00 secs] 
156.776: Total time for which application threads were stopped: 0.0038160 seconds, Stopping threads took: 0.0015360 seconds
156.858: Application time: 0.0811990 seconds
156.860: [GC [PSYoungGen: 91040K->6816K(97280K)] 103833K->19609K(318976K), 0.0021080 secs] [Times: user=0.01 sys=0.00, real=0.01 secs] 
156.862: Total time for which application threads were stopped: 0.0042840 seconds, Stopping threads took: 0.0021030 seconds
156.942: Application time: 0.0797520 seconds
156.945: [GC [PSYoungGen: 90272K->6016K(97280K)] 103065K->18809K(318976K), 0.0016780 secs] [Times: user=0.01 sys=0.00, real=0.00 secs] 
156.946: Total time for which application threads were stopped: 0.0045820 seconds, Stopping threads took: 0.0028220 seconds
157.023: Application time: 0.0770720 seconds
157.027: [GC [PSYoungGen: 89472K->7696K(97280K)] 102265K->20489K(318976K), 0.0023290 secs] [Times: user=0.02 sys=0.00, real=0.00 secs] 
157.029: Total time for which application threads were stopped: 0.0056100 seconds, Stopping threads took: 0.0031920 seconds
157.110: Application time: 0.0806780 seconds
157.112: [GC [PSYoungGen: 91152K->6176K(97280K)] 103945K->18977K(318976K), 0.0018670 secs] [Times: user=0.01 sys=0.00, real=0.01 secs] 
157.114: Total time for which application threads were stopped: 0.0042620 seconds, Stopping threads took: 0.0023150 seconds
157.193: Application time: 0.0789730 seconds
157.195: [GC [PSYoungGen: 89632K->6880K(97280K)] 102433K->19689K(318976K), 0.0021220 secs] [Times: user=0.01 sys=0.00, real=0.00 secs] 
157.197: Total time for which application threads were stopped: 0.0044850 seconds, Stopping threads took: 0.0022920 seconds
157.278: Application time: 0.0803710 seconds
157.280: [GC [PSYoungGen: 90336K->7440K(97280K)] 103145K->20249K(318976K), 0.0021720 secs] [Times: user=0.01 sys=0.01, real=0.01 secs] 
157.283: Total time for which application threads were stopped: 0.0048460 seconds, Stopping threads took: 0.0025860 seconds
157.361: Application time: 0.0783460 seconds
157.363: [GC [PSYoungGen: 90896K->6832K(97280K)] 103705K->19649K(318976K), 0.0020150 secs] [Times: user=0.02 sys=0.00, real=0.00 secs] 
157.365: Total time for which application threads were stopped: 0.0040560 seconds, Stopping threads took: 0.0019700 seconds
157.443: Application time: 0.0784740 seconds
157.446: [GC [PSYoungGen: 90288K->7200K(97280K)] 103105K->20017K(318976K), 0.0020910 secs] [Times: user=0.01 sys=0.00, real=0.00 secs] 
157.448: Total time for which application threads were stopped: 0.0050380 seconds, Stopping threads took: 0.0028650 seconds
157.528: Application time: 0.0796020 seconds
157.531: [GC [PSYoungGen: 90656K->7040K(97280K)] 103473K->19857K(318976K), 0.0019600 secs] [Times: user=0.02 sys=0.00, real=0.01 secs] 
157.533: Total time for which application threads were stopped: 0.0045210 seconds, Stopping threads took: 0.0024830 seconds
157.614: Application time: 0.0809950 seconds
157.616: [GC [PSYoungGen: 90496K->5824K(97280K)] 103313K->18649K(318976K), 0.0017510 secs] [Times: user=0.01 sys=0.00, real=0.00 secs] 
157.617: Total time for which application threads were stopped: 0.0038480 seconds, Stopping threads took: 0.0020220 seconds
157.696: Application time: 0.0787550 seconds
157.700: [GC [PSYoungGen: 89280K->8112K(97280K)] 102105K->20945K(318976K), 0.0022580 secs] [Times: user=0.02 sys=0.00, real=0.01 secs] 
157.702: Total time for which application threads were stopped: 0.0055990 seconds, Stopping threads took: 0.0032610 seconds
157.780: Application time: 0.0780430 seconds
157.782: [GC [PSYoungGen: 91568K->7584K(97280K)] 104401K->20425K(318976K), 0.0021520 secs] [Times: user=0.01 sys=0.00, real=0.00 secs] 
157.784: Total time for which application threads were stopped: 0.0046200 seconds, Stopping threads took: 0.0023720 seconds
157.862: Application time: 0.0774420 seconds
157.864: [GC [PSYoungGen: 91040K->7984K(97280K)] 103881K->20833K(318976K), 0.0022880 secs] [Times: user=0.02 sys=0.00, real=0.00 secs] 
157.866: Total time for which application threads were stopped: 0.0041800 seconds, Stopping threads took: 0.0018060 seconds
157.944: Application time: 0.0780340 seconds
157.947: [GC [PSYoungGen: 91440K->7440K(97280K)] 104289K->20289K(318976K), 0.0022130 secs] [Times: user=0.01 sys=0.00, real=0.00 secs] 
157.949: Total time for which application threads were stopped: 0.0049730 seconds, Stopping threads took: 0.0026770 seconds
158.026: Application time: 0.0773960 seconds
158.029: [GC [PSYoungGen: 90896K->7744K(97280K)] 103745K->20593K(318976K), 0.0022900 secs] [Times: user=0.02 sys=0.00, real=0.00 secs] 
158.031: Total time for which application threads were stopped: 0.0048530 seconds, Stopping threads took: 0.0024780 seconds
158.112: Application time: 0.0802660 seconds
158.114: [GC [PSYoungGen: 91200K->7376K(97280K)] 104049K->20233K(318976K), 0.0021660 secs] [Times: user=0.01 sys=0.00, real=0.00 secs] 
158.116: Total time for which application threads were stopped: 0.0047160 seconds, Stopping threads took: 0.0024650 seconds
158.194: Application time: 0.0778690 seconds
158.197: [GC [PSYoungGen: 90832K->6512K(97280K)] 103689K->19377K(318976K), 0.0018850 secs] [Times: user=0.01 sys=0.00, real=0.00 secs] 
158.199: Total time for which application threads were stopped: 0.0050300 seconds, Stopping threads took: 0.0030650 seconds
158.279: Application time: 0.0794950 seconds
158.280: [GC [PSYoungGen: 89968K->7584K(97280K)] 102833K->20457K(318976K), 0.0021970 secs] [Times: user=0.02 sys=0.00, real=0.00 secs] 
158.283: Total time for which application threads were stopped: 0.0039510 seconds, Stopping threads took: 0.0016680 seconds
158.363: Application time: 0.0802020 seconds
158.365: [GC [PSYoungGen: 91040K->6208K(97280K)] 103913K->19089K(318976K), 0.0017860 secs] [Times: user=0.01 sys=0.00, real=0.00 secs] 
158.367: Total time for which application threads were stopped: 0.0040290 seconds, Stopping threads took: 0.0021390 seconds
158.448: Application time: 0.0806670 seconds
158.449: [GC [PSYoungGen: 89664K->6848K(97280K)] 102545K->19729K(318976K), 0.0020150 secs] [Times: user=0.01 sys=0.00, real=0.00 secs] 
158.451: Total time for which application threads were stopped: 0.0036300 seconds, Stopping threads took: 0.0015350 seconds
158.530: Application time: 0.0782940 seconds
158.531: [GC [PSYoungGen: 90304K->7376K(97280K)] 103185K->20257K(318976K), 0.0021480 secs] [Times: user=0.01 sys=0.00, real=0.01 secs] 
158.533: Total time for which application threads were stopped: 0.0039380 seconds, Stopping threads took: 0.0017040 seconds
158.613: Application time: 0.0800200 seconds
158.616: [GC [PSYoungGen: 90832K->4320K(97280K)] 103713K->17209K(318976K), 0.0014850 secs] [Times: user=0.01 sys=0.00, real=0.00 secs] 
158.618: Total time for which application threads were stopped: 0.0043240 seconds, Stopping threads took: 0.0027520 seconds
158.699: Application time: 0.0809130 seconds
158.700: [GC [PSYoungGen: 87776K->6320K(97280K)] 100665K->19217K(318976K), 0.0018070 secs] [Times: user=0.02 sys=0.00, real=0.01 secs] 
158.702: Total time for which application threads were stopped: 0.0031900 seconds, Stopping threads took: 0.0013140 seconds
158.781: Application time: 0.0791300 seconds
158.784: [GC [PSYoungGen: 89776K->7392K(97280K)] 102673K->20297K(318976K), 0.0021300 secs] [Times: user=0.02 sys=0.00, real=0.00 secs] 
158.786: Total time for which application threads were stopped: 0.0048470 seconds, Stopping threads took: 0.0026340 seconds
158.865: Application time: 0.0788170 seconds
158.868: [GC [PSYoungGen: 90848K->6976K(97280K)] 103753K->19881K(318976K), 0.0019790 secs] [Times: user=0.01 sys=0.00, real=0.00 secs] 
158.870: Total time for which application threads were stopped: 0.0052710 seconds, Stopping threads took: 0.0032040 seconds
158.949: Application time: 0.0789000 seconds
158.951: [GC [PSYoungGen: 90432K->7296K(97280K)] 103337K->20209K(318976K), 0.0020500 secs] [Times: user=0.01 sys=0.00, real=0.01 secs] 
158.954: Total time for which application threads were stopped: 0.0046440 seconds, Stopping threads took: 0.0025110 seconds
159.029: Application time: 0.0752050 seconds
159.030: [GC [PSYoungGen: 90752K->7600K(97280K)] 103665K->20513K(318976K), 0.0021860 secs] [Times: user=0.01 sys=0.00, real=0.01 secs] 
159.033: Total time for which application threads were stopped: 0.0038170 seconds, Stopping threads took: 0.0015510 seconds
159.111: Application time: 0.0787970 seconds
159.114: [GC [PSYoungGen: 91056K->6944K(97280K)] 103969K->19865K(318976K), 0.0019160 secs] [Times: user=0.01 sys=0.00, real=0.00 secs] 
159.116: Total time for which application threads were stopped: 0.0044080 seconds, Stopping threads took: 0.0024230 seconds
159.190: Application time: 0.0746620 seconds
159.193: [GC [PSYoungGen: 90400K->7056K(97280K)] 103321K->19985K(318976K), 0.0020440 secs] [Times: user=0.02 sys=0.00, real=0.00 secs] 
159.195: Total time for which application threads were stopped: 0.0042530 seconds, Stopping threads took: 0.0021210 seconds
159.268: Application time: 0.0736880 seconds
159.270: [GC [PSYoungGen: 90512K->7008K(97280K)] 103441K->19961K(318976K), 0.0019070 secs] [Times: user=0.02 sys=0.00, real=0.00 secs] 
159.272: Total time for which application threads were stopped: 0.0036400 seconds, Stopping threads took: 0.0016580 seconds
159.345: Application time: 0.0734020 seconds
159.348: [GC [PSYoungGen: 90464K->6992K(97280K)] 103417K->19945K(318976K), 0.0021360 secs] [Times: user=0.01 sys=0.00, real=0.00 secs] 
159.350: Total time for which application threads were stopped: 0.0046040 seconds, Stopping threads took: 0.0023610 seconds
159.424: Application time: 0.0742570 seconds
159.427: [GC [PSYoungGen: 90448K->7248K(97280K)] 103401K->20209K(318976K), 0.0021220 secs] [Times: user=0.01 sys=0.00, real=0.00 secs] 
159.429: Total time for which application threads were stopped: 0.0044640 seconds, Stopping threads took: 0.0022540 seconds
159.502: Application time: 0.0727380 seconds
159.504: [GC [PSYoungGen: 90704K->7392K(97280K)] 103665K->20353K(318976K), 0.0021510 secs] [Times: user=0.02 sys=0.00, real=0.00 secs] 
159.506: Total time for which application threads were stopped: 0.0046360 seconds, Stopping threads took: 0.0024020 seconds
159.580: Application time: 0.0741330 seconds
159.583: [GC [PSYoungGen: 90848K->7744K(97280K)] 103809K->20705K(318976K), 0.0022100 secs] [Times: user=0.01 sys=0.00, real=0.00 secs] 
159.585: Total time for which application threads were stopped: 0.0045760 seconds, Stopping threads took: 0.0022830 seconds
159.660: Application time: 0.0749650 seconds
159.661: [GC [PSYoungGen: 91200K->6496K(97280K)] 104161K->19465K(318976K), 0.0018840 secs] [Times: user=0.01 sys=0.00, real=0.00 secs] 
159.663: Total time for which application threads were stopped: 0.0032730 seconds, Stopping threads took: 0.0013100 seconds
159.735: Application time: 0.0723730 seconds
159.738: [GC [PSYoungGen: 89952K->7184K(97280K)] 102921K->20161K(318976K), 0.0020550 secs] [Times: user=0.01 sys=0.00, real=0.00 secs] 
159.740: Total time for which application threads were stopped: 0.0047080 seconds, Stopping threads took: 0.0025730 seconds
159.816: Application time: 0.0753190 seconds
159.817: [GC [PSYoungGen: 90640K->7664K(97280K)] 103617K->20641K(318976K), 0.0022130 secs] [Times: user=0.02 sys=0.00, real=0.00 secs] 
159.820: Total time for which application threads were stopped: 0.0042410 seconds, Stopping threads took: 0.0019450 seconds
159.895: Application time: 0.0749860 seconds
159.897: [GC [PSYoungGen: 91120K->6528K(97280K)] 104097K->19521K(318976K), 0.0018280 secs] [Times: user=0.02 sys=0.00, real=0.00 secs] 
159.899: Total time for which application threads were stopped: 0.0043140 seconds, Stopping threads took: 0.0024150 seconds
159.974: Application time: 0.0753680 seconds
159.977: [GC [PSYoungGen: 89984K->7376K(97280K)] 102977K->20369K(318976K), 0.0020120 secs] [Times: user=0.01 sys=0.00, real=0.00 secs] 
159.979: Total time for which application threads were stopped: 0.0041480 seconds, Stopping threads took: 0.0020550 seconds
160.053: Application time: 0.0742200 seconds
160.055: [GC [PSYoungGen: 90832K->7664K(97280K)] 103825K->20665K(318976K), 0.0021130 secs] [Times: user=0.02 sys=0.00, real=0.00 secs] 
160.057: Total time for which application threads were stopped: 0.0039470 seconds, Stopping threads took: 0.0017530 seconds
160.131: Application time: 0.0745870 seconds
160.133: [GC [PSYoungGen: 91120K->8272K(97280K)] 104121K->21289K(318976K), 0.0023450 secs] [Times: user=0.01 sys=0.00, real=0.00 secs] 
160.135: Total time for which application threads were stopped: 0.0037180 seconds, Stopping threads took: 0.0012950 seconds
160.210: Application time: 0.0750960 seconds
160.212: [GC [PSYoungGen: 91728K->6720K(97280K)] 104745K->19745K(318976K), 0.0019840 secs] [Times: user=0.02 sys=0.00, real=0.01 secs] 
160.214: Total time for which application threads were stopped: 0.0041590 seconds, Stopping threads took: 0.0020910 seconds
160.286: Application time: 0.0720950 seconds
160.288: [GC [PSYoungGen: 90176K->7968K(97280K)] 103201K->21001K(318976K), 0.0022180 secs] [Times: user=0.02 sys=0.00, real=0.00 secs] 
160.291: Total time for which application threads were stopped: 0.0042360 seconds, Stopping threads took: 0.0019340 seconds
160.363: Application time: 0.0726310 seconds
160.365: [GC [PSYoungGen: 91424K->8368K(97280K)] 104457K->21409K(318976K), 0.0023800 secs] [Times: user=0.02 sys=0.00, real=0.00 secs] 
160.368: Total time for which application threads were stopped: 0.0042730 seconds, Stopping threads took: 0.0018090 seconds
160.444: Application time: 0.0763670 seconds
160.445: [GC [PSYoungGen: 91824K->7472K(97280K)] 104865K->20513K(318976K), 0.0021150 secs] [Times: user=0.01 sys=0.00, real=0.00 secs] 
160.447: Total time for which application threads were stopped: 0.0033420 seconds, Stopping threads took: 0.0011480 seconds
160.521: Application time: 0.0732590 seconds
160.523: [GC [PSYoungGen: 90928K->7024K(97280K)] 103969K->20065K(318976K), 0.0021210 secs] [Times: user=0.01 sys=0.00, real=0.00 secs] 
160.525: Total time for which application threads were stopped: 0.0045050 seconds, Stopping threads took: 0.0022810 seconds
160.601: Application time: 0.0760820 seconds
160.603: [GC [PSYoungGen: 90480K->6448K(97280K)] 103521K->19497K(318976K), 0.0018260 secs] [Times: user=0.01 sys=0.00, real=0.00 secs] 
160.605: Total time for which application threads were stopped: 0.0038670 seconds, Stopping threads took: 0.0019750 seconds
160.680: Application time: 0.0751550 seconds
160.682: [GC [PSYoungGen: 89904K->7840K(97280K)] 102953K->20897K(318976K), 0.0022160 secs] [Times: user=0.01 sys=0.00, real=0.00 secs] 
160.684: Total time for which application threads were stopped: 0.0041080 seconds, Stopping threads took: 0.0018130 seconds
160.758: Application time: 0.0739820 seconds
160.761: [GC [PSYoungGen: 91296K->7120K(97280K)] 104353K->20185K(318976K), 0.0021210 secs] [Times: user=0.01 sys=0.00, real=0.00 secs] 
160.763: Total time for which application threads were stopped: 0.0045350 seconds, Stopping threads took: 0.0023360 seconds
160.838: Application time: 0.0748810 seconds
160.840: [GC [PSYoungGen: 90576K->5824K(97280K)] 103641K->18897K(318976K), 0.0017910 secs] [Times: user=0.02 sys=0.00, real=0.00 secs] 
160.842: Total time for which application threads were stopped: 0.0046550 seconds, Stopping threads took: 0.0027890 seconds
160.916: Application time: 0.0740100 seconds
160.918: [GC [PSYoungGen: 89280K->6544K(97280K)] 102353K->19617K(318976K), 0.0019010 secs] [Times: user=0.01 sys=0.00, real=0.01 secs] 
160.920: Total time for which application threads were stopped: 0.0041030 seconds, Stopping threads took: 0.0021210 seconds
160.994: Application time: 0.0735170 seconds
160.997: [GC [PSYoungGen: 90000K->7840K(97280K)] 103073K->20913K(318976K), 0.0021880 secs] [Times: user=0.01 sys=0.00, real=0.00 secs] 
160.999: Total time for which application threads were stopped: 0.0050300 seconds, Stopping threads took: 0.0027570 seconds
161.072: Application time: 0.0730940 seconds
161.075: [GC [PSYoungGen: 91296K->7216K(97280K)] 104369K->20297K(318976K), 0.0021230 secs] [Times: user=0.01 sys=0.00, real=0.00 secs] 
161.077: Total time for which application threads were stopped: 0.0047340 seconds, Stopping threads took: 0.0025250 seconds
161.151: Application time: 0.0741750 seconds
161.153: [GC [PSYoungGen: 90672K->6704K(97280K)] 103753K->19793K(318976K), 0.0018590 secs] [Times: user=0.01 sys=0.00, real=0.00 secs] 
161.155: Total time for which application threads were stopped: 0.0039670 seconds, Stopping threads took: 0.0020270 seconds
161.230: Application time: 0.0745780 seconds
161.231: [GC [PSYoungGen: 90160K->7296K(97280K)] 103249K->20393K(318976K), 0.0020790 secs] [Times: user=0.01 sys=0.00, real=0.01 secs] 
161.233: Total time for which application threads were stopped: 0.0037500 seconds, Stopping threads took: 0.0015940 seconds
161.309: Application time: 0.0753210 seconds
161.310: [GC [PSYoungGen: 90752K->5840K(97280K)] 103849K->18937K(318976K), 0.0016680 secs] [Times: user=0.01 sys=0.00, real=0.00 secs] 
161.312: Total time for which application threads were stopped: 0.0033090 seconds, Stopping threads took: 0.0015600 seconds
161.389: Application time: 0.0771670 seconds
161.391: [GC [PSYoungGen: 89296K->5712K(97280K)] 102393K->18817K(318976K), 0.0015870 secs] [Times: user=0.01 sys=0.00, real=0.01 secs] 
161.393: Total time for which application threads were stopped: 0.0035260 seconds, Stopping threads took: 0.0018680 seconds
161.466: Application time: 0.0736700 seconds
161.468: [GC [PSYoungGen: 89168K->6592K(97280K)] 102273K->19697K(318976K), 0.0018720 secs] [Times: user=0.01 sys=0.00, real=0.00 secs] 
161.470: Total time for which application threads were stopped: 0.0038060 seconds, Stopping threads took: 0.0018600 seconds
161.542: Application time: 0.0720080 seconds
161.545: [GC [PSYoungGen: 90046K->7120K(97280K)] 103152K->20233K(318976K), 0.0021610 secs] [Times: user=0.01 sys=0.00, real=0.00 secs] 
161.547: Total time for which application threads were stopped: 0.0051190 seconds, Stopping threads took: 0.0028820 seconds
161.621: Application time: 0.0737620 seconds
161.624: [GC [PSYoungGen: 90576K->7776K(97280K)] 103689K->20897K(318976K), 0.0022000 secs] [Times: user=0.01 sys=0.00, real=0.00 secs] 
161.626: Total time for which application threads were stopped: 0.0050330 seconds, Stopping threads took: 0.0027460 seconds
161.700: Application time: 0.0741390 seconds
161.702: [GC [PSYoungGen: 91232K->8272K(97280K)] 104353K->21401K(318976K), 0.0024100 secs] [Times: user=0.01 sys=0.00, real=0.00 secs] 
161.704: Total time for which application threads were stopped: 0.0040430 seconds, Stopping threads took: 0.0015550 seconds
161.779: Application time: 0.0743450 seconds
161.780: [GC [PSYoungGen: 91728K->6560K(97280K)] 104857K->19689K(318976K), 0.0018500 secs] [Times: user=0.02 sys=0.00, real=0.01 secs] 
161.782: Total time for which application threads were stopped: 0.0034420 seconds, Stopping threads took: 0.0015110 seconds
161.857: Application time: 0.0754820 seconds
161.860: [GC [PSYoungGen: 90016K->6016K(97280K)] 103145K->19153K(318976K), 0.0016720 secs] [Times: user=0.01 sys=0.00, real=0.01 secs] 
161.861: Total time for which application threads were stopped: 0.0039750 seconds, Stopping threads took: 0.0022330 seconds
161.934: Application time: 0.0726140 seconds
161.937: [GC [PSYoungGen: 89472K->7776K(97280K)] 102609K->20913K(318976K), 0.0021680 secs] [Times: user=0.02 sys=0.00, real=0.00 secs] 
161.939: Total time for which application threads were stopped: 0.0046760 seconds, Stopping threads took: 0.0024270 seconds
162.013: Application time: 0.0745020 seconds
162.015: [GC [PSYoungGen: 91232K->7072K(97280K)] 104369K->20217K(318976K), 0.0020340 secs] [Times: user=0.01 sys=0.00, real=0.00 secs] 
162.017: Total time for which application threads were stopped: 0.0037980 seconds, Stopping threads took: 0.0016860 seconds
162.090: Application time: 0.0734020 seconds
162.092: [GC [PSYoungGen: 90528K->7696K(97280K)] 103673K->20849K(318976K), 0.0022180 secs] [Times: user=0.01 sys=0.00, real=0.01 secs] 
162.094: Total time for which application threads were stopped: 0.0037140 seconds, Stopping threads took: 0.0014120 seconds
162.167: Application time: 0.0733040 seconds
162.170: [GC [PSYoungGen: 91152K->7824K(97280K)] 104305K->20985K(318976K), 0.0022690 secs] [Times: user=0.02 sys=0.00, real=0.00 secs] 
162.172: Total time for which application threads were stopped: 0.0047970 seconds, Stopping threads took: 0.0024440 seconds
162.245: Application time: 0.0727530 seconds
162.247: [GC [PSYoungGen: 91280K->7328K(97280K)] 104441K->20497K(318976K), 0.0020970 secs] [Times: user=0.01 sys=0.00, real=0.00 secs] 
162.249: Total time for which application threads were stopped: 0.0042850 seconds, Stopping threads took: 0.0021100 seconds
162.322: Application time: 0.0728420 seconds
162.324: [GC [PSYoungGen: 90784K->6464K(97280K)] 103953K->19641K(318976K), 0.0019740 secs] [Times: user=0.01 sys=0.00, real=0.00 secs] 
162.326: Total time for which application threads were stopped: 0.0033930 seconds, Stopping threads took: 0.0013440 seconds
162.401: Application time: 0.0755090 seconds
162.402: [GC [PSYoungGen: 89920K->4800K(97280K)] 103097K->17977K(318976K), 0.0014620 secs] [Times: user=0.01 sys=0.00, real=0.00 secs] 
162.404: Total time for which application threads were stopped: 0.0028210 seconds, Stopping threads took: 0.0012900 seconds
162.478: Application time: 0.0741520 seconds
162.480: [GC [PSYoungGen: 88256K->6608K(97280K)] 101433K->19793K(318976K), 0.0019610 secs] [Times: user=0.01 sys=0.00, real=0.01 secs] 
162.482: Total time for which application threads were stopped: 0.0041370 seconds, Stopping threads took: 0.0020980 seconds
162.558: Application time: 0.0753450 seconds
162.559: [GC [PSYoungGen: 90064K->5968K(97280K)] 103249K->19161K(318976K), 0.0017990 secs] [Times: user=0.01 sys=0.00, real=0.01 secs] 
162.561: Total time for which application threads were stopped: 0.0034300 seconds, Stopping threads took: 0.0015570 seconds
162.635: Application time: 0.0742860 seconds
162.638: [GC [PSYoungGen: 89424K->7600K(97280K)] 102617K->20801K(318976K), 0.0022860 secs] [Times: user=0.02 sys=0.00, real=0.00 secs] 
162.640: Total time for which application threads were stopped: 0.0048610 seconds, Stopping threads took: 0.0024960 seconds
162.716: Application time: 0.0760840 seconds
162.718: [GC [PSYoungGen: 91056K->6336K(97280K)] 104257K->19545K(318976K), 0.0017500 secs] [Times: user=0.01 sys=0.00, real=0.00 secs] 
162.720: Total time for which application threads were stopped: 0.0040190 seconds, Stopping threads took: 0.0021870 seconds
162.795: Application time: 0.0746830 seconds
162.796: [GC [PSYoungGen: 89792K->6464K(97280K)] 103001K->19681K(318976K), 0.0019570 secs] [Times: user=0.00 sys=0.00, real=0.00 secs] 
162.798: Total time for which application threads were stopped: 0.0035650 seconds, Stopping threads took: 0.0015320 seconds
162.871: Application time: 0.0729670 seconds
162.874: [GC [PSYoungGen: 89920K->7408K(97280K)] 103137K->20625K(318976K), 0.0020590 secs] [Times: user=0.01 sys=0.00, real=0.00 secs] 
162.876: Total time for which application threads were stopped: 0.0043890 seconds, Stopping threads took: 0.0022510 seconds
162.951: Application time: 0.0754200 seconds
162.954: [GC [PSYoungGen: 90864K->5792K(97280K)] 104081K->19017K(318976K), 0.0016610 secs] [Times: user=0.01 sys=0.00, real=0.00 secs] 
162.955: Total time for which application threads were stopped: 0.0039360 seconds, Stopping threads took: 0.0022060 seconds
163.033: Application time: 0.0775360 seconds
163.035: [GC [PSYoungGen: 89248K->7536K(97280K)] 102473K->20761K(318976K), 0.0020510 secs] [Times: user=0.02 sys=0.00, real=0.00 secs] 
163.038: Total time for which application threads were stopped: 0.0047710 seconds, Stopping threads took: 0.0026420 seconds
163.117: Application time: 0.0790050 seconds
163.119: [GC [PSYoungGen: 90992K->7472K(97280K)] 104217K->20705K(318976K), 0.0021320 secs] [Times: user=0.02 sys=0.00, real=0.01 secs] 
163.122: Total time for which application threads were stopped: 0.0050940 seconds, Stopping threads took: 0.0028820 seconds
163.199: Application time: 0.0777560 seconds
163.202: [GC [PSYoungGen: 90928K->7840K(97280K)] 104161K->21081K(318976K), 0.0022500 secs] [Times: user=0.02 sys=0.00, real=0.00 secs] 
163.205: Total time for which application threads were stopped: 0.0051120 seconds, Stopping threads took: 0.0027780 seconds
163.284: Application time: 0.0791050 seconds
163.285: [GC [PSYoungGen: 91296K->7488K(97280K)] 104537K->20737K(318976K), 0.0022280 secs] [Times: user=0.02 sys=0.00, real=0.00 secs] 
163.288: Total time for which application threads were stopped: 0.0040050 seconds, Stopping threads took: 0.0016920 seconds
163.365: Application time: 0.0778420 seconds
163.368: [GC [PSYoungGen: 90944K->6960K(97280K)] 104193K->20209K(318976K), 0.0019770 secs] [Times: user=0.01 sys=0.00, real=0.00 secs] 
163.370: Total time for which application threads were stopped: 0.0045540 seconds, Stopping threads took: 0.0024980 seconds
163.449: Application time: 0.0788360 seconds
163.450: [GC [PSYoungGen: 90416K->5504K(97280K)] 103665K->18761K(318976K), 0.0017340 secs] [Times: user=0.01 sys=0.00, real=0.00 secs] 
163.452: Total time for which application threads were stopped: 0.0028140 seconds, Stopping threads took: 0.0010050 seconds
163.532: Application time: 0.0798620 seconds
163.535: [GC [PSYoungGen: 88960K->6048K(97280K)] 102217K->19305K(318976K), 0.0017500 secs] [Times: user=0.02 sys=0.00, real=0.00 secs] 
163.536: Total time for which application threads were stopped: 0.0048780 seconds, Stopping threads took: 0.0030570 seconds
163.616: Application time: 0.0792130 seconds
163.618: [GC [PSYoungGen: 89504K->8368K(97280K)] 102761K->21633K(318976K), 0.0022900 secs] [Times: user=0.01 sys=0.00, real=0.01 secs] 
163.621: Total time for which application threads were stopped: 0.0048860 seconds, Stopping threads took: 0.0025230 seconds
163.703: Application time: 0.0829480 seconds
163.706: [GC [PSYoungGen: 91824K->7360K(97280K)] 105089K->20633K(318976K), 0.0021430 secs] [Times: user=0.01 sys=0.00, real=0.00 secs] 
163.708: Total time for which application threads were stopped: 0.0045780 seconds, Stopping threads took: 0.0023560 seconds
163.790: Application time: 0.0816770 seconds
163.791: [GC [PSYoungGen: 90816K->7200K(97280K)] 104089K->20481K(318976K), 0.0020800 secs] [Times: user=0.02 sys=0.00, real=0.01 secs] 
163.793: Total time for which application threads were stopped: 0.0037000 seconds, Stopping threads took: 0.0015290 seconds
163.873: Application time: 0.0796810 seconds
163.875: [GC [PSYoungGen: 90656K->5824K(97280K)] 103937K->19105K(318976K), 0.0017030 secs] [Times: user=0.01 sys=0.00, real=0.00 secs] 
163.877: Total time for which application threads were stopped: 0.0039380 seconds, Stopping threads took: 0.0021660 seconds
163.959: Application time: 0.0818880 seconds
163.961: [GC [PSYoungGen: 89280K->7120K(97280K)] 102561K->20401K(318976K), 0.0021440 secs] [Times: user=0.01 sys=0.00, real=0.00 secs] 
163.963: Total time for which application threads were stopped: 0.0045420 seconds, Stopping threads took: 0.0023160 seconds
164.044: Application time: 0.0808620 seconds
164.047: [GC [PSYoungGen: 90576K->7424K(97280K)] 103857K->20721K(318976K), 0.0021640 secs] [Times: user=0.02 sys=0.00, real=0.00 secs] 
164.050: Total time for which application threads were stopped: 0.0052560 seconds, Stopping threads took: 0.0030110 seconds
164.128: Application time: 0.0781210 seconds
164.130: [GC [PSYoungGen: 90880K->7056K(97280K)] 104177K->20369K(318976K), 0.0020210 secs] [Times: user=0.02 sys=0.00, real=0.00 secs] 
164.132: Total time for which application threads were stopped: 0.0041450 seconds, Stopping threads took: 0.0020450 seconds
164.212: Application time: 0.0803490 seconds
164.215: [GC [PSYoungGen: 90512K->6896K(97280K)] 103825K->20217K(318976K), 0.0019310 secs] [Times: user=0.01 sys=0.00, real=0.00 secs] 
164.217: Total time for which application threads were stopped: 0.0044160 seconds, Stopping threads took: 0.0024030 seconds
164.294: Application time: 0.0772870 seconds
164.296: [GC [PSYoungGen: 90352K->7472K(97280K)] 103673K->20801K(318976K), 0.0021830 secs] [Times: user=0.01 sys=0.00, real=0.00 secs] 
164.298: Total time for which application threads were stopped: 0.0044900 seconds, Stopping threads took: 0.0022130 seconds
164.377: Application time: 0.0788390 seconds
164.379: [GC [PSYoungGen: 90928K->7792K(97280K)] 104257K->21121K(318976K), 0.0022530 secs] [Times: user=0.01 sys=0.00, real=0.01 secs] 
164.382: Total time for which application threads were stopped: 0.0043980 seconds, Stopping threads took: 0.0020640 seconds
164.460: Application time: 0.0786390 seconds
164.463: [GC [PSYoungGen: 91248K->7856K(97280K)] 104577K->21185K(318976K), 0.0023370 secs] [Times: user=0.02 sys=0.00, real=0.00 secs] 
164.466: Total time for which application threads were stopped: 0.0054670 seconds, Stopping threads took: 0.0030480 seconds
164.544: Application time: 0.0783680 seconds
164.546: [GC [PSYoungGen: 91312K->7200K(97280K)] 104641K->20537K(318976K), 0.0020600 secs] [Times: user=0.01 sys=0.00, real=0.00 secs] 
164.549: Total time for which application threads were stopped: 0.0043550 seconds, Stopping threads took: 0.0022170 seconds
164.627: Application time: 0.0780570 seconds
164.628: [GC [PSYoungGen: 90656K->7184K(97280K)] 103993K->20529K(318976K), 0.0020960 secs] [Times: user=0.01 sys=0.00, real=0.00 secs] 
164.631: Total time for which application threads were stopped: 0.0040210 seconds, Stopping threads took: 0.0018520 seconds
164.711: Application time: 0.0801370 seconds
164.713: [GC [PSYoungGen: 90640K->7376K(97280K)] 103985K->20729K(318976K), 0.0021010 secs] [Times: user=0.02 sys=0.00, real=0.00 secs] 
164.715: Total time for which application threads were stopped: 0.0043320 seconds, Stopping threads took: 0.0021520 seconds
164.793: Application time: 0.0783630 seconds
164.795: [GC [PSYoungGen: 90832K->7120K(97280K)] 104185K->20481K(318976K), 0.0020570 secs] [Times: user=0.01 sys=0.00, real=0.00 secs] 
164.797: Total time for which application threads were stopped: 0.0036770 seconds, Stopping threads took: 0.0015350 seconds
164.874: Application time: 0.0769590 seconds
164.877: [GC [PSYoungGen: 90576K->7456K(97280K)] 103937K->20825K(318976K), 0.0020730 secs] [Times: user=0.01 sys=0.00, real=0.00 secs] 
164.879: Total time for which application threads were stopped: 0.0046200 seconds, Stopping threads took: 0.0024620 seconds
164.956: Application time: 0.0772820 seconds
164.959: [GC [PSYoungGen: 90912K->7136K(97280K)] 104281K->20505K(318976K), 0.0020130 secs] [Times: user=0.01 sys=0.00, real=0.01 secs] 
164.961: Total time for which application threads were stopped: 0.0047650 seconds, Stopping threads took: 0.0026730 seconds
165.040: Application time: 0.0795500 seconds
165.041: [GC [PSYoungGen: 90592K->6784K(97280K)] 103961K->20161K(318976K), 0.0020970 secs] [Times: user=0.01 sys=0.00, real=0.00 secs] 
165.044: Total time for which application threads were stopped: 0.0033110 seconds, Stopping threads took: 0.0011330 seconds
165.126: Application time: 0.0826520 seconds
165.128: [GC [PSYoungGen: 90240K->6592K(97280K)] 103617K->19969K(318976K), 0.0018960 secs] [Times: user=0.02 sys=0.00, real=0.00 secs] 
165.130: Total time for which application threads were stopped: 0.0036140 seconds, Stopping threads took: 0.0016410 seconds
165.209: Application time: 0.0794870 seconds
165.212: [GC [PSYoungGen: 90048K->8112K(97280K)] 103425K->21497K(318976K), 0.0024280 secs] [Times: user=0.01 sys=0.01, real=0.01 secs] 
165.215: Total time for which application threads were stopped: 0.0054210 seconds, Stopping threads took: 0.0029060 seconds
165.295: Application time: 0.0800130 seconds
165.297: [GC [PSYoungGen: 91568K->6416K(97280K)] 104953K->19809K(318976K), 0.0018700 secs] [Times: user=0.01 sys=0.00, real=0.00 secs] 
165.299: Total time for which application threads were stopped: 0.0045430 seconds, Stopping threads took: 0.0025940 seconds
165.378: Application time: 0.0782550 seconds
165.380: [GC [PSYoungGen: 89872K->6032K(97280K)] 103265K->19433K(318976K), 0.0017870 secs] [Times: user=0.01 sys=0.00, real=0.01 secs] 
165.382: Total time for which application threads were stopped: 0.0041160 seconds, Stopping threads took: 0.0022390 seconds
165.463: Application time: 0.0809500 seconds
165.465: [GC [PSYoungGen: 89488K->5520K(97280K)] 102889K->18921K(318976K), 0.0016610 secs] [Times: user=0.01 sys=0.00, real=0.00 secs] 
165.467: Total time for which application threads were stopped: 0.0038170 seconds, Stopping threads took: 0.0020830 seconds
165.546: Application time: 0.0790480 seconds
165.549: [GC [PSYoungGen: 88976K->6736K(97280K)] 102377K->20145K(318976K), 0.0018810 secs] [Times: user=0.01 sys=0.00, real=0.00 secs] 
165.550: Total time for which application threads were stopped: 0.0049230 seconds, Stopping threads took: 0.0029630 seconds
165.627: Application time: 0.0767520 seconds
165.630: [GC [PSYoungGen: 90192K->7248K(97280K)] 103601K->20657K(318976K), 0.0019960 secs] [Times: user=0.02 sys=0.00, real=0.00 secs] 
165.632: Total time for which application threads were stopped: 0.0042990 seconds, Stopping threads took: 0.0022290 seconds
165.709: Application time: 0.0777760 seconds
165.712: [GC [PSYoungGen: 90704K->7664K(97280K)] 104113K->21081K(318976K), 0.0021670 secs] [Times: user=0.01 sys=0.00, real=0.01 secs] 
165.715: Total time for which application threads were stopped: 0.0052470 seconds, Stopping threads took: 0.0029970 seconds
165.792: Application time: 0.0778220 seconds
165.794: [GC [PSYoungGen: 91120K->8320K(97280K)] 104537K->21745K(318976K), 0.0024140 secs] [Times: user=0.02 sys=0.01, real=0.00 secs] 
165.797: Total time for which application threads were stopped: 0.0044840 seconds, Stopping threads took: 0.0019840 seconds
165.876: Application time: 0.0788700 seconds
165.878: [GC [PSYoungGen: 91776K->7824K(97280K)] 105201K->21257K(318976K), 0.0022070 secs] [Times: user=0.02 sys=0.00, real=0.00 secs] 
165.880: Total time for which application threads were stopped: 0.0046320 seconds, Stopping threads took: 0.0023350 seconds
165.961: Application time: 0.0804160 seconds
165.963: [GC [PSYoungGen: 91280K->6608K(97280K)] 104713K->20041K(318976K), 0.0018060 secs] [Times: user=0.01 sys=0.00, real=0.00 secs] 
165.965: Total time for which application threads were stopped: 0.0037940 seconds, Stopping threads took: 0.0019050 seconds
166.045: Application time: 0.0802170 seconds
166.048: [GC [PSYoungGen: 90064K->7216K(97280K)] 103497K->20657K(318976K), 0.0019980 secs] [Times: user=0.01 sys=0.00, real=0.00 secs] 
166.050: Total time for which application threads were stopped: 0.0051450 seconds, Stopping threads took: 0.0030680 seconds
166.128: Application time: 0.0784440 seconds
166.130: [GC [PSYoungGen: 90672K->7536K(97280K)] 104113K->20977K(318976K), 0.0021750 secs] [Times: user=0.01 sys=0.00, real=0.01 secs] 
166.133: Total time for which application threads were stopped: 0.0043000 seconds, Stopping threads took: 0.0020450 seconds
166.212: Application time: 0.0788750 seconds
166.213: [GC [PSYoungGen: 90992K->7136K(97280K)] 104433K->20585K(318976K), 0.0021210 secs] [Times: user=0.02 sys=0.00, real=0.00 secs] 
166.216: Total time for which application threads were stopped: 0.0040800 seconds, Stopping threads took: 0.0018580 seconds
166.297: Application time: 0.0811760 seconds
166.299: [GC [PSYoungGen: 90592K->5744K(97280K)] 104041K->19201K(318976K), 0.0016660 secs] [Times: user=0.01 sys=0.00, real=0.01 secs] 
166.301: Total time for which application threads were stopped: 0.0040380 seconds, Stopping threads took: 0.0022760 seconds
166.381: Application time: 0.0797750 seconds
166.384: [GC [PSYoungGen: 89200K->7088K(97280K)] 102657K->20545K(318976K), 0.0020450 secs] [Times: user=0.02 sys=0.00, real=0.00 secs] 
166.386: Total time for which application threads were stopped: 0.0051550 seconds, Stopping threads took: 0.0030290 seconds
166.463: Application time: 0.0775610 seconds
166.465: [GC [PSYoungGen: 90544K->5856K(97280K)] 104001K->19329K(318976K), 0.0017450 secs] [Times: user=0.01 sys=0.00, real=0.00 secs] 
166.467: Total time for which application threads were stopped: 0.0038200 seconds, Stopping threads took: 0.0019900 seconds
166.546: Application time: 0.0789520 seconds
166.549: [GC [PSYoungGen: 89312K->6960K(97280K)] 102785K->20441K(318976K), 0.0019490 secs] [Times: user=0.01 sys=0.00, real=0.00 secs] 
166.551: Total time for which application threads were stopped: 0.0047520 seconds, Stopping threads took: 0.0027260 seconds
166.629: Application time: 0.0778200 seconds
166.631: [GC [PSYoungGen: 90416K->6288K(97280K)] 103897K->19769K(318976K), 0.0018860 secs] [Times: user=0.01 sys=0.01, real=0.01 secs] 
166.633: Total time for which application threads were stopped: 0.0039430 seconds, Stopping threads took: 0.0019600 seconds
166.711: Application time: 0.0783530 seconds
166.714: [GC [PSYoungGen: 89744K->7648K(97280K)] 103225K->21137K(318976K), 0.0022200 secs] [Times: user=0.02 sys=0.00, real=0.00 secs] 
166.716: Total time for which application threads were stopped: 0.0052080 seconds, Stopping threads took: 0.0028850 seconds
166.796: Application time: 0.0793700 seconds
166.798: [GC [PSYoungGen: 91104K->7104K(97280K)] 104593K->20625K(318976K), 0.0023190 secs] [Times: user=0.01 sys=0.00, real=0.00 secs] 
166.800: Total time for which application threads were stopped: 0.0045280 seconds, Stopping threads took: 0.0020990 seconds
166.879: Application time: 0.0784550 seconds
166.880: [GC [PSYoungGen: 90560K->6848K(97280K)] 104081K->20377K(318976K), 0.0020110 secs] [Times: user=0.02 sys=0.00, real=0.01 secs] 
166.882: Total time for which application threads were stopped: 0.0037350 seconds, Stopping threads took: 0.0016460 seconds
166.961: Application time: 0.0790030 seconds
166.963: [GC [PSYoungGen: 90304K->8160K(97280K)] 103833K->21697K(318976K), 0.0024740 secs] [Times: user=0.01 sys=0.00, real=0.00 secs] 
166.966: Total time for which application threads were stopped: 0.0044260 seconds, Stopping threads took: 0.0018640 seconds
167.041: Application time: 0.0751720 seconds
167.043: [GC [PSYoungGen: 91616K->7104K(97280K)] 105153K->20649K(318976K), 0.0020780 secs] [Times: user=0.02 sys=0.00, real=0.00 secs] 
167.045: Total time for which application threads were stopped: 0.0043660 seconds, Stopping threads took: 0.0022000 seconds
167.120: Application time: 0.0744960 seconds
167.122: [GC [PSYoungGen: 90560K->6976K(97280K)] 104105K->20521K(318976K), 0.0020280 secs] [Times: user=0.01 sys=0.00, real=0.00 secs] 
167.124: Total time for which application threads were stopped: 0.0044290 seconds, Stopping threads took: 0.0023220 seconds
167.199: Application time: 0.0747190 seconds
167.201: [GC [PSYoungGen: 90432K->7664K(97280K)] 103977K->21209K(318976K), 0.0021650 secs] [Times: user=0.01 sys=0.00, real=0.00 secs] 
167.204: Total time for which application threads were stopped: 0.0045580 seconds, Stopping threads took: 0.0023130 seconds
167.279: Application time: 0.0755730 seconds
167.282: [GC [PSYoungGen: 91120K->7024K(97280K)] 104665K->20577K(318976K), 0.0019210 secs] [Times: user=0.01 sys=0.00, real=0.00 secs] 
167.284: Total time for which application threads were stopped: 0.0047780 seconds, Stopping threads took: 0.0027800 seconds
167.359: Application time: 0.0752330 seconds
167.361: [GC [PSYoungGen: 90480K->6096K(97280K)] 104033K->19657K(318976K), 0.0018200 secs] [Times: user=0.01 sys=0.00, real=0.00 secs] 
167.362: Total time for which application threads were stopped: 0.0033600 seconds, Stopping threads took: 0.0014650 seconds
167.436: Application time: 0.0739570 seconds
167.439: [GC [PSYoungGen: 89552K->7680K(97280K)] 103113K->21249K(318976K), 0.0020660 secs] [Times: user=0.01 sys=0.00, real=0.01 secs] 
167.441: Total time for which application threads were stopped: 0.0045070 seconds, Stopping threads took: 0.0023680 seconds
167.518: Application time: 0.0767920 seconds
167.520: [GC [PSYoungGen: 91136K->5536K(97280K)] 104705K->19105K(318976K), 0.0016600 secs] [Times: user=0.01 sys=0.00, real=0.01 secs] 
167.521: Total time for which application threads were stopped: 0.0036200 seconds, Stopping threads took: 0.0018870 seconds
167.595: Application time: 0.0737310 seconds
167.597: [GC [PSYoungGen: 88992K->6960K(97280K)] 102561K->20537K(318976K), 0.0019690 secs] [Times: user=0.01 sys=0.00, real=0.00 secs] 
167.599: Total time for which application threads were stopped: 0.0041200 seconds, Stopping threads took: 0.0020730 seconds
167.673: Application time: 0.0736430 seconds
167.675: [GC [PSYoungGen: 90416K->6656K(97280K)] 103993K->20233K(318976K), 0.0020220 secs] [Times: user=0.01 sys=0.00, real=0.00 secs] 
167.677: Total time for which application threads were stopped: 0.0040200 seconds, Stopping threads took: 0.0019170 seconds
167.752: Application time: 0.0747450 seconds
167.754: [GC [PSYoungGen: 90112K->7056K(97280K)] 103689K->20641K(318976K), 0.0020050 secs] [Times: user=0.02 sys=0.00, real=0.00 secs] 
167.756: Total time for which application threads were stopped: 0.0048380 seconds, Stopping threads took: 0.0027590 seconds
167.833: Application time: 0.0770040 seconds
167.835: [GC [PSYoungGen: 90512K->5936K(97280K)] 104097K->19529K(318976K), 0.0017670 secs] [Times: user=0.01 sys=0.00, real=0.00 secs] 
167.837: Total time for which application threads were stopped: 0.0033220 seconds, Stopping threads took: 0.0014780 seconds
167.912: Application time: 0.0747740 seconds
167.914: [GC [PSYoungGen: 89392K->6864K(97280K)] 102985K->20465K(318976K), 0.0020320 secs] [Times: user=0.02 sys=0.00, real=0.00 secs] 
167.916: Total time for which application threads were stopped: 0.0041130 seconds, Stopping threads took: 0.0020010 seconds
167.988: Application time: 0.0718970 seconds
167.990: [GC [PSYoungGen: 90320K->7392K(97280K)] 103921K->20993K(318976K), 0.0022360 secs] [Times: user=0.01 sys=0.00, real=0.00 secs] 
167.992: Total time for which application threads were stopped: 0.0046840 seconds, Stopping threads took: 0.0023680 seconds
168.065: Application time: 0.0727010 seconds
168.066: [GC [PSYoungGen: 90848K->7200K(97280K)] 104449K->20809K(318976K), 0.0020890 secs] [Times: user=0.01 sys=0.00, real=0.00 secs] 
168.069: Total time for which application threads were stopped: 0.0036210 seconds, Stopping threads took: 0.0014560 seconds
168.143: Application time: 0.0742350 seconds
168.146: [GC [PSYoungGen: 90656K->8176K(97280K)] 104265K->21785K(318976K), 0.0023330 secs] [Times: user=0.02 sys=0.00, real=0.00 secs] 
168.148: Total time for which application threads were stopped: 0.0052710 seconds, Stopping threads took: 0.0028420 seconds
168.223: Application time: 0.0750390 seconds
168.224: [GC [PSYoungGen: 91632K->6336K(97280K)] 105241K->19953K(318976K), 0.0017930 secs] [Times: user=0.02 sys=0.00, real=0.00 secs] 
168.226: Total time for which application threads were stopped: 0.0031490 seconds, Stopping threads took: 0.0012810 seconds
168.303: Application time: 0.0763810 seconds
168.305: [GC [PSYoungGen: 89792K->7216K(97280K)] 103409K->20841K(318976K), 0.0020190 secs] [Times: user=0.01 sys=0.00, real=0.00 secs] 
168.307: Total time for which application threads were stopped: 0.0043780 seconds, Stopping threads took: 0.0022800 seconds
168.380: Application time: 0.0731420 seconds
168.382: [GC [PSYoungGen: 90672K->7632K(97280K)] 104297K->21257K(318976K), 0.0024070 secs] [Times: user=0.01 sys=0.00, real=0.00 secs] 
168.385: Total time for which application threads were stopped: 0.0043940 seconds, Stopping threads took: 0.0019050 seconds
168.459: Application time: 0.0740880 seconds
168.460: [GC [PSYoungGen: 91088K->7120K(97280K)] 104713K->20753K(318976K), 0.0020540 secs] [Times: user=0.02 sys=0.00, real=0.01 secs] 
168.462: Total time for which application threads were stopped: 0.0036720 seconds, Stopping threads took: 0.0015390 seconds
168.536: Application time: 0.0737070 seconds
168.538: [GC [PSYoungGen: 90576K->8240K(97280K)] 104209K->21881K(318976K), 0.0023440 secs] [Times: user=0.01 sys=0.00, real=0.01 secs] 
168.541: Total time for which application threads were stopped: 0.0046460 seconds, Stopping threads took: 0.0022210 seconds
168.617: Application time: 0.0763100 seconds
168.619: [GC [PSYoungGen: 91696K->4912K(97280K)] 105337K->18553K(318976K), 0.0014410 secs] [Times: user=0.01 sys=0.00, real=0.01 secs] 
168.621: Total time for which application threads were stopped: 0.0036050 seconds, Stopping threads took: 0.0020930 seconds
168.698: Application time: 0.0772870 seconds
168.701: [GC [PSYoungGen: 88368K->6240K(97280K)] 102009K->19889K(318976K), 0.0017690 secs] [Times: user=0.02 sys=0.00, real=0.00 secs] 
168.702: Total time for which application threads were stopped: 0.0044760 seconds, Stopping threads took: 0.0026300 seconds
168.777: Application time: 0.0750100 seconds
168.780: [GC [PSYoungGen: 89696K->7616K(97280K)] 103345K->21273K(318976K), 0.0021120 secs] [Times: user=0.02 sys=0.00, real=0.01 secs] 
168.782: Total time for which application threads were stopped: 0.0043530 seconds, Stopping threads took: 0.0021600 seconds
168.857: Application time: 0.0751660 seconds
168.860: [GC [PSYoungGen: 91072K->8320K(97280K)] 104729K->21977K(318976K), 0.0022100 secs] [Times: user=0.01 sys=0.00, real=0.01 secs] 
168.862: Total time for which application threads were stopped: 0.0049310 seconds, Stopping threads took: 0.0026490 seconds
168.936: Application time: 0.0745310 seconds
168.938: [GC [PSYoungGen: 91776K->5920K(97280K)] 105433K->19585K(318976K), 0.0016600 secs] [Times: user=0.01 sys=0.00, real=0.00 secs] 
168.940: Total time for which application threads were stopped: 0.0036080 seconds, Stopping threads took: 0.0018740 seconds
169.013: Application time: 0.0732190 seconds
169.015: [GC [PSYoungGen: 89376K->7248K(97280K)] 103041K->20921K(318976K), 0.0021160 secs] [Times: user=0.01 sys=0.00, real=0.00 secs] 
169.018: Total time for which application threads were stopped: 0.0043130 seconds, Stopping threads took: 0.0021170 seconds
169.089: Application time: 0.0718300 seconds
169.092: [GC [PSYoungGen: 90704K->6592K(97280K)] 104377K->20265K(318976K), 0.0019170 secs] [Times: user=0.01 sys=0.00, real=0.01 secs] 
169.094: Total time for which application threads were stopped: 0.0041830 seconds, Stopping threads took: 0.0021900 seconds
169.170: Application time: 0.0762560 seconds
169.172: [GC [PSYoungGen: 90048K->7680K(97280K)] 103721K->21361K(318976K), 0.0022810 secs] [Times: user=0.02 sys=0.00, real=0.01 secs] 
169.174: Total time for which application threads were stopped: 0.0044520 seconds, Stopping threads took: 0.0020920 seconds
169.247: Application time: 0.0729480 seconds
169.250: [GC [PSYoungGen: 91136K->7872K(97280K)] 104817K->21569K(318976K), 0.0023120 secs] [Times: user=0.02 sys=0.00, real=0.01 secs] 
169.252: Total time for which application threads were stopped: 0.0052230 seconds, Stopping threads took: 0.0028010 seconds
169.327: Application time: 0.0744330 seconds
169.329: [GC [PSYoungGen: 91328K->6064K(97280K)] 105025K->19777K(318976K), 0.0017470 secs] [Times: user=0.01 sys=0.00, real=0.00 secs] 
169.331: Total time for which application threads were stopped: 0.0036250 seconds, Stopping threads took: 0.0018130 seconds
169.407: Application time: 0.0767830 seconds
169.409: [GC [PSYoungGen: 89520K->7136K(97280K)] 103233K->20857K(318976K), 0.0021310 secs] [Times: user=0.02 sys=0.00, real=0.00 secs] 
169.411: Total time for which application threads were stopped: 0.0040810 seconds, Stopping threads took: 0.0018690 seconds
169.485: Application time: 0.0731730 seconds
169.487: [GC [PSYoungGen: 90592K->7536K(97280K)] 104313K->21265K(318976K), 0.0021870 secs] [Times: user=0.01 sys=0.00, real=0.00 secs] 
169.489: Total time for which application threads were stopped: 0.0048820 seconds, Stopping threads took: 0.0026200 seconds
169.563: Application time: 0.0740000 seconds
169.564: [GC [PSYoungGen: 90992K->6624K(97280K)] 104721K->20353K(318976K), 0.0019220 secs] [Times: user=0.02 sys=0.00, real=0.00 secs] 
169.566: Total time for which application threads were stopped: 0.0027370 seconds, Stopping threads took: 0.0007410 seconds
169.639: Application time: 0.0732810 seconds
169.641: [GC [PSYoungGen: 90080K->7744K(97280K)] 103809K->21489K(318976K), 0.0021880 secs] [Times: user=0.01 sys=0.00, real=0.00 secs] 
169.643: Total time for which application threads were stopped: 0.0038200 seconds, Stopping threads took: 0.0015570 seconds
169.720: Application time: 0.0764400 seconds
169.722: [GC [PSYoungGen: 91200K->5888K(97280K)] 104945K->19641K(318976K), 0.0016480 secs] [Times: user=0.00 sys=0.00, real=0.00 secs] 
169.723: Total time for which application threads were stopped: 0.0036630 seconds, Stopping threads took: 0.0019470 seconds
169.799: Application time: 0.0758570 seconds
169.802: [GC [PSYoungGen: 89344K->6304K(97280K)] 103097K->20065K(318976K), 0.0018510 secs] [Times: user=0.01 sys=0.00, real=0.00 secs] 
169.804: Total time for which application threads were stopped: 0.0043040 seconds, Stopping threads took: 0.0023690 seconds
169.877: Application time: 0.0737510 seconds
169.880: [GC [PSYoungGen: 89760K->7968K(97280K)] 103521K->21737K(318976K), 0.0022980 secs] [Times: user=0.02 sys=0.00, real=0.01 secs] 
169.882: Total time for which application threads were stopped: 0.0049880 seconds, Stopping threads took: 0.0026050 seconds
169.957: Application time: 0.0748970 seconds
169.959: [GC [PSYoungGen: 91424K->8096K(97280K)] 105193K->21865K(318976K), 0.0022810 secs] [Times: user=0.02 sys=0.00, real=0.01 secs] 
169.962: Total time for which application threads were stopped: 0.0042990 seconds, Stopping threads took: 0.0019350 seconds
170.033: Application time: 0.0714370 seconds
170.036: [GC [PSYoungGen: 91552K->7312K(97280K)] 105321K->21089K(318976K), 0.0024680 secs] [Times: user=0.01 sys=0.00, real=0.00 secs] 
170.038: Total time for which application threads were stopped: 0.0053270 seconds, Stopping threads took: 0.0027600 seconds
170.112: Application time: 0.0735810 seconds
170.114: [GC [PSYoungGen: 90768K->7008K(97280K)] 104545K->20785K(318976K), 0.0021220 secs] [Times: user=0.01 sys=0.00, real=0.00 secs] 
170.117: Total time for which application threads were stopped: 0.0046440 seconds, Stopping threads took: 0.0024460 seconds
170.188: Application time: 0.0719450 seconds
170.191: [GC [PSYoungGen: 90464K->6368K(97280K)] 104241K->20153K(318976K), 0.0018390 secs] [Times: user=0.01 sys=0.00, real=0.01 secs] 
170.192: Total time for which application threads were stopped: 0.0040120 seconds, Stopping threads took: 0.0020950 seconds
170.267: Application time: 0.0747470 seconds
170.269: [GC [PSYoungGen: 89824K->6960K(97280K)] 103609K->20753K(318976K), 0.0019800 secs] [Times: user=0.01 sys=0.01, real=0.00 secs] 
170.271: Total time for which application threads were stopped: 0.0038150 seconds, Stopping threads took: 0.0017550 seconds
170.346: Application time: 0.0747770 seconds
170.349: [GC [PSYoungGen: 90416K->7152K(97280K)] 104209K->20953K(318976K), 0.0019960 secs] [Times: user=0.02 sys=0.00, real=0.00 secs] 
170.351: Total time for which application threads were stopped: 0.0048340 seconds, Stopping threads took: 0.0027520 seconds
170.425: Application time: 0.0741510 seconds
170.427: [GC [PSYoungGen: 90608K->6512K(97280K)] 104409K->20313K(318976K), 0.0019030 secs] [Times: user=0.01 sys=0.00, real=0.00 secs] 
170.429: Total time for which application threads were stopped: 0.0040900 seconds, Stopping threads took: 0.0021050 seconds
170.503: Application time: 0.0740180 seconds
170.505: [GC [PSYoungGen: 89968K->7568K(97280K)] 103769K->21377K(318976K), 0.0022140 secs] [Times: user=0.02 sys=0.00, real=0.00 secs] 
170.508: Total time for which application threads were stopped: 0.0046780 seconds, Stopping threads took: 0.0023820 seconds
170.581: Application time: 0.0734670 seconds
170.584: [GC [PSYoungGen: 91024K->7856K(97280K)] 104833K->21665K(318976K), 0.0022600 secs] [Times: user=0.02 sys=0.00, real=0.00 secs] 
170.586: Total time for which application threads were stopped: 0.0048290 seconds, Stopping threads took: 0.0024920 seconds
170.660: Application time: 0.0739930 seconds
170.662: [GC [PSYoungGen: 91312K->6768K(97280K)] 105121K->20585K(318976K), 0.0019430 secs] [Times: user=0.01 sys=0.00, real=0.00 secs] 
170.664: Total time for which application threads were stopped: 0.0044520 seconds, Stopping threads took: 0.0024340 seconds
170.739: Application time: 0.0749130 seconds
170.741: [GC [PSYoungGen: 90223K->7408K(97280K)] 104041K->21233K(318976K), 0.0021610 secs] [Times: user=0.01 sys=0.00, real=0.00 secs] 
170.743: Total time for which application threads were stopped: 0.0040460 seconds, Stopping threads took: 0.0018070 seconds
170.819: Application time: 0.0754410 seconds
170.821: [GC [PSYoungGen: 90864K->7360K(97280K)] 104689K->21193K(318976K), 0.0020840 secs] [Times: user=0.01 sys=0.00, real=0.00 secs] 
170.824: Total time for which application threads were stopped: 0.0047810 seconds, Stopping threads took: 0.0026180 seconds
170.898: Application time: 0.0740590 seconds
170.899: [GC [PSYoungGen: 90816K->8016K(97280K)] 104649K->21849K(318976K), 0.0023910 secs] [Times: user=0.02 sys=0.00, real=0.01 secs] 
170.902: Total time for which application threads were stopped: 0.0039340 seconds, Stopping threads took: 0.0014490 seconds
170.976: Application time: 0.0745870 seconds
170.978: [GC [PSYoungGen: 91472K->8352K(97280K)] 105305K->22201K(318976K), 0.0024490 secs] [Times: user=0.02 sys=0.00, real=0.01 secs] 
170.981: Total time for which application threads were stopped: 0.0047900 seconds, Stopping threads took: 0.0022580 seconds
171.057: Application time: 0.0758460 seconds
171.060: [GC [PSYoungGen: 91808K->8000K(97280K)] 105657K->21849K(318976K), 0.0023800 secs] [Times: user=0.01 sys=0.00, real=0.01 secs] 
171.062: Total time for which application threads were stopped: 0.0052330 seconds, Stopping threads took: 0.0027630 seconds
171.141: Application time: 0.0792630 seconds
171.143: [GC [PSYoungGen: 91456K->7744K(97280K)] 105305K->21601K(318976K), 0.0022610 secs] [Times: user=0.02 sys=0.00, real=0.00 secs] 
171.145: Total time for which application threads were stopped: 0.0042300 seconds, Stopping threads took: 0.0018910 seconds
171.225: Application time: 0.0796620 seconds
171.228: [GC [PSYoungGen: 91200K->7616K(97280K)] 105057K->21481K(318976K), 0.0020510 secs] [Times: user=0.01 sys=0.00, real=0.00 secs] 
171.230: Total time for which application threads were stopped: 0.0045820 seconds, Stopping threads took: 0.0024580 seconds
171.309: Application time: 0.0792400 seconds
171.312: [GC [PSYoungGen: 91072K->7088K(97280K)] 104937K->20953K(318976K), 0.0019490 secs] [Times: user=0.01 sys=0.00, real=0.01 secs] 
171.314: Total time for which application threads were stopped: 0.0051040 seconds, Stopping threads took: 0.0030750 seconds
171.390: Application time: 0.0759170 seconds
171.392: [GC [PSYoungGen: 90544K->7840K(97280K)] 104409K->21713K(318976K), 0.0022610 secs] [Times: user=0.01 sys=0.00, real=0.01 secs] 
171.394: Total time for which application threads were stopped: 0.0038670 seconds, Stopping threads took: 0.0015230 seconds
171.474: Application time: 0.0800170 seconds
171.477: [GC [PSYoungGen: 91296K->7504K(97280K)] 105169K->21385K(318976K), 0.0021770 secs] [Times: user=0.01 sys=0.00, real=0.00 secs] 
171.479: Total time for which application threads were stopped: 0.0050060 seconds, Stopping threads took: 0.0027360 seconds
171.558: Application time: 0.0791080 seconds
171.559: [GC [PSYoungGen: 90960K->7136K(97280K)] 104841K->21017K(318976K), 0.0020970 secs] [Times: user=0.01 sys=0.00, real=0.01 secs] 
171.561: Total time for which application threads were stopped: 0.0030200 seconds, Stopping threads took: 0.0008430 seconds
171.643: Application time: 0.0817630 seconds
171.645: [GC [PSYoungGen: 90592K->6592K(97280K)] 104473K->20473K(318976K), 0.0018980 secs] [Times: user=0.01 sys=0.00, real=0.00 secs] 
171.647: Total time for which application threads were stopped: 0.0037040 seconds, Stopping threads took: 0.0017280 seconds
171.724: Application time: 0.0774280 seconds
171.726: [GC [PSYoungGen: 90048K->7472K(97280K)] 103929K->21361K(318976K), 0.0021730 secs] [Times: user=0.01 sys=0.00, real=0.00 secs] 
171.728: Total time for which application threads were stopped: 0.0044980 seconds, Stopping threads took: 0.0022390 seconds
171.806: Application time: 0.0772220 seconds
171.808: [GC [PSYoungGen: 90928K->8208K(97280K)] 104817K->22105K(318976K), 0.0023720 secs] [Times: user=0.01 sys=0.00, real=0.00 secs] 
171.810: Total time for which application threads were stopped: 0.0044910 seconds, Stopping threads took: 0.0020360 seconds
171.889: Application time: 0.0784260 seconds
171.891: [GC [PSYoungGen: 91664K->6272K(97280K)] 105561K->20177K(318976K), 0.0017040 secs] [Times: user=0.01 sys=0.00, real=0.01 secs] 
171.892: Total time for which application threads were stopped: 0.0038560 seconds, Stopping threads took: 0.0020770 seconds
171.972: Application time: 0.0796360 seconds
171.975: [GC [PSYoungGen: 89728K->6976K(97280K)] 103633K->20897K(318976K), 0.0022060 secs] [Times: user=0.01 sys=0.00, real=0.00 secs] 
171.977: Total time for which application threads were stopped: 0.0049330 seconds, Stopping threads took: 0.0026420 seconds
172.055: Application time: 0.0780000 seconds
172.058: [GC [PSYoungGen: 90432K->6496K(97280K)] 104353K->20417K(318976K), 0.0019790 secs] [Times: user=0.01 sys=0.00, real=0.01 secs] 
172.060: Total time for which application threads were stopped: 0.0053860 seconds, Stopping threads took: 0.0033120 seconds
172.138: Application time: 0.0779580 seconds
172.141: [GC [PSYoungGen: 89952K->7232K(97280K)] 103873K->21153K(318976K), 0.0021030 secs] [Times: user=0.00 sys=0.00, real=0.00 secs] 
172.143: Total time for which application threads were stopped: 0.0049720 seconds, Stopping threads took: 0.0027880 seconds
172.223: Application time: 0.0795660 seconds
172.225: [GC [PSYoungGen: 90688K->5888K(97280K)] 104609K->19817K(318976K), 0.0018720 secs] [Times: user=0.00 sys=0.00, real=0.00 secs] 
172.227: Total time for which application threads were stopped: 0.0043060 seconds, Stopping threads took: 0.0023560 seconds
172.307: Application time: 0.0792880 seconds
172.309: [GC [PSYoungGen: 89344K->6496K(97280K)] 103273K->20433K(318976K), 0.0019030 secs] [Times: user=0.00 sys=0.00, real=0.00 secs] 
172.311: Total time for which application threads were stopped: 0.0044540 seconds, Stopping threads took: 0.0024740 seconds
172.391: Application time: 0.0804010 seconds
172.393: [GC [PSYoungGen: 89952K->6944K(97280K)] 103889K->20889K(318976K), 0.0021250 secs] [Times: user=0.01 sys=0.00, real=0.00 secs] 
172.395: Total time for which application threads were stopped: 0.0037020 seconds, Stopping threads took: 0.0014930 seconds
172.476: Application time: 0.0808720 seconds
172.478: [GC [PSYoungGen: 90400K->7296K(97280K)] 104345K->21249K(318976K), 0.0019690 secs] [Times: user=0.02 sys=0.00, real=0.00 secs] 
172.480: Total time for which application threads were stopped: 0.0042590 seconds, Stopping threads took: 0.0022130 seconds
172.560: Application time: 0.0793330 seconds
172.562: [GC [PSYoungGen: 90752K->7424K(97280K)] 104705K->21377K(318976K), 0.0022690 secs] [Times: user=0.01 sys=0.00, real=0.00 secs] 
172.564: Total time for which application threads were stopped: 0.0043390 seconds, Stopping threads took: 0.0019790 seconds
172.642: Application time: 0.0780010 seconds
172.645: [GC [PSYoungGen: 90880K->7936K(97280K)] 104833K->21889K(318976K), 0.0023080 secs] [Times: user=0.02 sys=0.00, real=0.00 secs] 
172.648: Total time for which application threads were stopped: 0.0056170 seconds, Stopping threads took: 0.0032030 seconds
172.727: Application time: 0.0795820 seconds
172.728: [GC [PSYoungGen: 91392K->6528K(97280K)] 105345K->20497K(318976K), 0.0019220 secs] [Times: user=0.02 sys=0.00, real=0.00 secs] 
172.730: Total time for which application threads were stopped: 0.0032090 seconds, Stopping threads took: 0.0012080 seconds
172.809: Application time: 0.0789360 seconds
172.811: [GC [PSYoungGen: 89984K->6144K(97280K)] 103953K->20121K(318976K), 0.0017730 secs] [Times: user=0.01 sys=0.00, real=0.01 secs] 
172.813: Total time for which application threads were stopped: 0.0039570 seconds, Stopping threads took: 0.0021110 seconds
172.894: Application time: 0.0804670 seconds
172.896: [GC [PSYoungGen: 89600K->6608K(97280K)] 103577K->20585K(318976K), 0.0018630 secs] [Times: user=0.01 sys=0.00, real=0.00 secs] 
172.898: Total time for which application threads were stopped: 0.0042270 seconds, Stopping threads took: 0.0022900 seconds
172.974: Application time: 0.0760060 seconds
172.977: [GC [PSYoungGen: 90064K->7376K(97280K)] 104041K->21369K(318976K), 0.0021390 secs] [Times: user=0.01 sys=0.00, real=0.00 secs] 
172.979: Total time for which application threads were stopped: 0.0051140 seconds, Stopping threads took: 0.0028950 seconds
173.057: Application time: 0.0777510 seconds
173.059: [GC [PSYoungGen: 90832K->7552K(97280K)] 104825K->21553K(318976K), 0.0023720 secs] [Times: user=0.02 sys=0.00, real=0.01 secs] 
173.061: Total time for which application threads were stopped: 0.0042060 seconds, Stopping threads took: 0.0017570 seconds
173.142: Application time: 0.0806660 seconds
173.143: [GC [PSYoungGen: 91008K->6752K(97280K)] 105009K->20753K(318976K), 0.0021140 secs] [Times: user=0.01 sys=0.00, real=0.00 secs] 
173.146: Total time for which application threads were stopped: 0.0039410 seconds, Stopping threads took: 0.0017420 seconds
173.225: Application time: 0.0798980 seconds
173.228: [GC [PSYoungGen: 90207K->6672K(97280K)] 104209K->20681K(318976K), 0.0018270 secs] [Times: user=0.01 sys=0.00, real=0.00 secs] 
173.230: Total time for which application threads were stopped: 0.0044410 seconds, Stopping threads took: 0.0025410 seconds
173.308: Application time: 0.0782910 seconds
173.310: [GC [PSYoungGen: 90128K->5632K(97280K)] 104137K->19649K(318976K), 0.0016800 secs] [Times: user=0.01 sys=0.00, real=0.00 secs] 
173.312: Total time for which application threads were stopped: 0.0038870 seconds, Stopping threads took: 0.0021320 seconds
173.389: Application time: 0.0773630 seconds
173.391: [GC [PSYoungGen: 89088K->7696K(97280K)] 103105K->21713K(318976K), 0.0022570 secs] [Times: user=0.02 sys=0.00, real=0.01 secs] 
173.394: Total time for which application threads were stopped: 0.0042450 seconds, Stopping threads took: 0.0019010 seconds
173.475: Application time: 0.0810170 seconds
173.476: [GC [PSYoungGen: 91152K->7024K(97280K)] 105169K->21049K(318976K), 0.0019690 secs] [Times: user=0.02 sys=0.00, real=0.00 secs] 
173.478: Total time for which application threads were stopped: 0.0037300 seconds, Stopping threads took: 0.0016830 seconds
173.557: Application time: 0.0785320 seconds
173.559: [GC [PSYoungGen: 90480K->7456K(97280K)] 104505K->21489K(318976K), 0.0021870 secs] [Times: user=0.02 sys=0.00, real=0.01 secs] 
173.561: Total time for which application threads were stopped: 0.0040560 seconds, Stopping threads took: 0.0017880 seconds
173.641: Application time: 0.0798460 seconds
173.642: [GC [PSYoungGen: 90912K->6016K(97280K)] 104945K->20049K(318976K), 0.0017090 secs] [Times: user=0.01 sys=0.00, real=0.00 secs] 
173.644: Total time for which application threads were stopped: 0.0030420 seconds, Stopping threads took: 0.0012610 seconds
173.723: Application time: 0.0787730 seconds
173.726: [GC [PSYoungGen: 89472K->6224K(97280K)] 103505K->20265K(318976K), 0.0019800 secs] [Times: user=0.01 sys=0.00, real=0.00 secs] 
173.728: Total time for which application threads were stopped: 0.0049760 seconds, Stopping threads took: 0.0029150 seconds
173.806: Application time: 0.0786030 seconds
173.809: [GC [PSYoungGen: 89680K->7472K(97280K)] 103721K->21521K(318976K), 0.0021890 secs] [Times: user=0.02 sys=0.00, real=0.00 secs] 
173.811: Total time for which application threads were stopped: 0.0048920 seconds, Stopping threads took: 0.0026190 seconds
173.889: Application time: 0.0774500 seconds
173.891: [GC [PSYoungGen: 90928K->8240K(97280K)] 104977K->22289K(318976K), 0.0022410 secs] [Times: user=0.02 sys=0.00, real=0.01 secs] 
173.893: Total time for which application threads were stopped: 0.0047470 seconds, Stopping threads took: 0.0024330 seconds
173.971: Application time: 0.0775200 seconds
173.972: [GC [PSYoungGen: 91696K->6416K(97280K)] 105745K->20473K(318976K), 0.0018980 secs] [Times: user=0.01 sys=0.00, real=0.01 secs] 
173.974: Total time for which application threads were stopped: 0.0032390 seconds, Stopping threads took: 0.0012610 seconds
174.052: Application time: 0.0777130 seconds
174.054: [GC [PSYoungGen: 89872K->8112K(97280K)] 103929K->22177K(318976K), 0.0023750 secs] [Times: user=0.02 sys=0.00, real=0.00 secs] 
174.057: Total time for which application threads were stopped: 0.0046360 seconds, Stopping threads took: 0.0021720 seconds
174.136: Application time: 0.0795300 seconds
174.139: [GC [PSYoungGen: 91568K->7184K(97280K)] 105633K->21249K(318976K), 0.0020570 secs] [Times: user=0.02 sys=0.00, real=0.01 secs] 
174.141: Total time for which application threads were stopped: 0.0047670 seconds, Stopping threads took: 0.0026270 seconds
174.220: Application time: 0.0792860 seconds
174.222: [GC [PSYoungGen: 90640K->6560K(97280K)] 104705K->20633K(318976K), 0.0018840 secs] [Times: user=0.01 sys=0.00, real=0.00 secs] 
174.224: Total time for which application threads were stopped: 0.0041470 seconds, Stopping threads took: 0.0021850 seconds
174.301: Application time: 0.0765680 seconds
174.303: [GC [PSYoungGen: 90016K->7024K(97280K)] 104089K->21105K(318976K), 0.0020540 secs] [Times: user=0.01 sys=0.00, real=0.00 secs] 
174.305: Total time for which application threads were stopped: 0.0038280 seconds, Stopping threads took: 0.0016880 seconds
174.386: Application time: 0.0809150 seconds
174.388: [GC [PSYoungGen: 90480K->7632K(97280K)] 104561K->21713K(318976K), 0.0022390 secs] [Times: user=0.01 sys=0.00, real=0.00 secs] 
174.390: Total time for which application threads were stopped: 0.0043170 seconds, Stopping threads took: 0.0019950 seconds
174.466: Application time: 0.0765180 seconds
174.469: [GC [PSYoungGen: 91088K->8032K(97280K)] 105169K->22121K(318976K), 0.0023160 secs] [Times: user=0.02 sys=0.00, real=0.00 secs] 
174.471: Total time for which application threads were stopped: 0.0044750 seconds, Stopping threads took: 0.0020690 seconds
174.550: Application time: 0.0791900 seconds
174.552: [GC [PSYoungGen: 91488K->6864K(97280K)] 105577K->20961K(318976K), 0.0019290 secs] [Times: user=0.01 sys=0.00, real=0.01 secs] 
174.554: Total time for which application threads were stopped: 0.0041460 seconds, Stopping threads took: 0.0021440 seconds
174.634: Application time: 0.0796610 seconds
174.636: [GC [PSYoungGen: 90320K->6016K(97280K)] 104417K->20113K(318976K), 0.0017690 secs] [Times: user=0.01 sys=0.00, real=0.00 secs] 
174.638: Total time for which application threads were stopped: 0.0036640 seconds, Stopping threads took: 0.0018200 seconds
174.718: Application time: 0.0805340 seconds
174.720: [GC [PSYoungGen: 89472K->6128K(97280K)] 103569K->20233K(318976K), 0.0017840 secs] [Times: user=0.01 sys=0.00, real=0.01 secs] 
174.721: Total time for which application threads were stopped: 0.0033250 seconds, Stopping threads took: 0.0014670 seconds
174.804: Application time: 0.0829970 seconds
174.807: [GC [PSYoungGen: 89584K->6560K(97280K)] 103689K->20673K(318976K), 0.0019840 secs] [Times: user=0.01 sys=0.00, real=0.00 secs] 
174.809: Total time for which application threads were stopped: 0.0045830 seconds, Stopping threads took: 0.0025060 seconds
174.887: Application time: 0.0781600 seconds
174.889: [GC [PSYoungGen: 90014K->7136K(97280K)] 104128K->21257K(318976K), 0.0020800 secs] [Times: user=0.01 sys=0.00, real=0.00 secs] 
174.891: Total time for which application threads were stopped: 0.0041610 seconds, Stopping threads took: 0.0020040 seconds
174.971: Application time: 0.0797940 seconds
174.974: [GC [PSYoungGen: 90592K->7072K(97280K)] 104713K->21193K(318976K), 0.0019710 secs] [Times: user=0.02 sys=0.00, real=0.00 secs] 
174.976: Total time for which application threads were stopped: 0.0045360 seconds, Stopping threads took: 0.0024910 seconds
175.053: Application time: 0.0775430 seconds
175.055: [GC [PSYoungGen: 90528K->6640K(97280K)] 104649K->20769K(318976K), 0.0019580 secs] [Times: user=0.01 sys=0.00, real=0.00 secs] 
175.057: Total time for which application threads were stopped: 0.0042200 seconds, Stopping threads took: 0.0021800 seconds
175.130: Application time: 0.0728060 seconds
175.132: [GC [PSYoungGen: 90096K->7680K(97280K)] 104225K->21817K(318976K), 0.0021730 secs] [Times: user=0.02 sys=0.00, real=0.01 secs] 
175.134: Total time for which application threads were stopped: 0.0040380 seconds, Stopping threads took: 0.0017760 seconds
175.209: Application time: 0.0748910 seconds
175.211: [GC [PSYoungGen: 91136K->5296K(97280K)] 105273K->19433K(318976K), 0.0015030 secs] [Times: user=0.01 sys=0.00, real=0.01 secs] 
175.213: Total time for which application threads were stopped: 0.0037610 seconds, Stopping threads took: 0.0021890 seconds
175.289: Application time: 0.0759390 seconds
175.291: [GC [PSYoungGen: 88752K->6208K(97280K)] 102889K->20353K(318976K), 0.0017920 secs] [Times: user=0.01 sys=0.00, real=0.01 secs] 
175.293: Total time for which application threads were stopped: 0.0037650 seconds, Stopping threads took: 0.0019000 seconds
175.367: Application time: 0.0741820 seconds
175.369: [GC [PSYoungGen: 89664K->7760K(97280K)] 103809K->21913K(318976K), 0.0022400 secs] [Times: user=0.01 sys=0.00, real=0.00 secs] 
175.371: Total time for which application threads were stopped: 0.0042610 seconds, Stopping threads took: 0.0019340 seconds
175.447: Application time: 0.0758610 seconds
175.450: [GC [PSYoungGen: 91216K->8288K(97280K)] 105369K->22441K(318976K), 0.0023040 secs] [Times: user=0.01 sys=0.00, real=0.01 secs] 
175.452: Total time for which application threads were stopped: 0.0054510 seconds, Stopping threads took: 0.0030530 seconds
175.528: Application time: 0.0754980 seconds
175.530: [GC [PSYoungGen: 91744K->5984K(97280K)] 105897K->20145K(318976K), 0.0016440 secs] [Times: user=0.01 sys=0.00, real=0.00 secs] 
175.532: Total time for which application threads were stopped: 0.0040420 seconds, Stopping threads took: 0.0023300 seconds
175.608: Application time: 0.0759290 seconds
175.610: [GC [PSYoungGen: 89440K->6544K(97280K)] 103601K->20713K(318976K), 0.0019210 secs] [Times: user=0.01 sys=0.00, real=0.00 secs] 
175.611: Total time for which application threads were stopped: 0.0035940 seconds, Stopping threads took: 0.0015940 seconds
175.686: Application time: 0.0742280 seconds
175.689: [GC [PSYoungGen: 90000K->7136K(97280K)] 104169K->21305K(318976K), 0.0020290 secs] [Times: user=0.01 sys=0.00, real=0.00 secs] 
175.691: Total time for which application threads were stopped: 0.0050540 seconds, Stopping threads took: 0.0029440 seconds
175.765: Application time: 0.0742290 seconds
175.768: [GC [PSYoungGen: 90592K->6192K(97280K)] 104761K->20369K(318976K), 0.0017630 secs] [Times: user=0.01 sys=0.00, real=0.00 secs] 
175.769: Total time for which application threads were stopped: 0.0043540 seconds, Stopping threads took: 0.0025150 seconds
175.842: Application time: 0.0727480 seconds
175.844: [GC [PSYoungGen: 89648K->7472K(97280K)] 103825K->21657K(318976K), 0.0020470 secs] [Times: user=0.01 sys=0.00, real=0.00 secs] 
175.846: Total time for which application threads were stopped: 0.0037370 seconds, Stopping threads took: 0.0016170 seconds
175.922: Application time: 0.0758840 seconds
175.924: [GC [PSYoungGen: 90928K->6144K(97280K)] 105113K->20329K(318976K), 0.0017120 secs] [Times: user=0.01 sys=0.00, real=0.00 secs] 
175.926: Total time for which application threads were stopped: 0.0043560 seconds, Stopping threads took: 0.0025560 seconds
175.999: Application time: 0.0727020 seconds
176.001: [GC [PSYoungGen: 89600K->7376K(97280K)] 103785K->21569K(318976K), 0.0020180 secs] [Times: user=0.01 sys=0.00, real=0.00 secs] 
176.003: Total time for which application threads were stopped: 0.0042990 seconds, Stopping threads took: 0.0022070 seconds
176.076: Application time: 0.0731040 seconds
176.079: [GC [PSYoungGen: 90832K->7536K(97280K)] 105025K->21737K(318976K), 0.0022070 secs] [Times: user=0.01 sys=0.00, real=0.01 secs] 
176.081: Total time for which application threads were stopped: 0.0050620 seconds, Stopping threads took: 0.0027740 seconds
176.156: Application time: 0.0749770 seconds
176.158: [GC [PSYoungGen: 90992K->7424K(97280K)] 105193K->21625K(318976K), 0.0020190 secs] [Times: user=0.01 sys=0.00, real=0.00 secs] 
176.160: Total time for which application threads were stopped: 0.0033840 seconds, Stopping threads took: 0.0012910 seconds
176.233: Application time: 0.0730290 seconds
176.236: [GC [PSYoungGen: 90880K->8160K(97280K)] 105081K->22369K(318976K), 0.0024950 secs] [Times: user=0.01 sys=0.00, real=0.00 secs] 
176.238: Total time for which application threads were stopped: 0.0054490 seconds, Stopping threads took: 0.0028650 seconds
176.313: Application time: 0.0746150 seconds
176.314: [GC [PSYoungGen: 91616K->5776K(97280K)] 105825K->19993K(318976K), 0.0016070 secs] [Times: user=0.00 sys=0.00, real=0.00 secs] 
176.316: Total time for which application threads were stopped: 0.0032280 seconds, Stopping threads took: 0.0015530 seconds
176.390: Application time: 0.0737470 seconds
176.392: [GC [PSYoungGen: 89232K->7728K(97280K)] 103449K->21945K(318976K), 0.0021870 secs] [Times: user=0.02 sys=0.00, real=0.01 secs] 
176.394: Total time for which application threads were stopped: 0.0047280 seconds, Stopping threads took: 0.0024610 seconds
176.470: Application time: 0.0752070 seconds
176.472: [GC [PSYoungGen: 91184K->7840K(97280K)] 105401K->22065K(318976K), 0.0022550 secs] [Times: user=0.02 sys=0.00, real=0.01 secs] 
176.475: Total time for which application threads were stopped: 0.0049970 seconds, Stopping threads took: 0.0026520 seconds
176.549: Application time: 0.0743820 seconds
176.550: [GC [PSYoungGen: 91296K->6816K(97280K)] 105521K->21049K(318976K), 0.0020360 secs] [Times: user=0.02 sys=0.00, real=0.01 secs] 
176.553: Total time for which application threads were stopped: 0.0035460 seconds, Stopping threads took: 0.0014240 seconds
176.627: Application time: 0.0744360 seconds
176.629: [GC [PSYoungGen: 90272K->8304K(97280K)] 104505K->22537K(318976K), 0.0023910 secs] [Times: user=0.02 sys=0.00, real=0.00 secs] 
176.631: Total time for which application threads were stopped: 0.0041960 seconds, Stopping threads took: 0.0017220 seconds
176.705: Application time: 0.0736160 seconds
176.707: [GC [PSYoungGen: 91760K->6400K(97280K)] 105993K->20641K(318976K), 0.0020220 secs] [Times: user=0.01 sys=0.00, real=0.00 secs] 
176.709: Total time for which application threads were stopped: 0.0038770 seconds, Stopping threads took: 0.0017760 seconds
176.783: Application time: 0.0747420 seconds
176.785: [GC [PSYoungGen: 89856K->6672K(97280K)] 104097K->20921K(318976K), 0.0019610 secs] [Times: user=0.01 sys=0.00, real=0.00 secs] 
176.787: Total time for which application threads were stopped: 0.0039210 seconds, Stopping threads took: 0.0018840 seconds
176.864: Application time: 0.0763520 seconds
176.866: [GC [PSYoungGen: 90128K->7280K(97280K)] 104377K->21537K(318976K), 0.0019810 secs] [Times: user=0.01 sys=0.00, real=0.00 secs] 
176.868: Total time for which application threads were stopped: 0.0039590 seconds, Stopping threads took: 0.0019070 seconds
176.942: Application time: 0.0743940 seconds
176.944: [GC [PSYoungGen: 90736K->7824K(97280K)] 104993K->22089K(318976K), 0.0021160 secs] [Times: user=0.02 sys=0.00, real=0.00 secs] 
176.947: Total time for which application threads were stopped: 0.0045160 seconds, Stopping threads took: 0.0023260 seconds
177.021: Application time: 0.0744990 seconds
177.023: [GC [PSYoungGen: 91280K->7040K(97280K)] 105545K->21313K(318976K), 0.0021850 secs] [Times: user=0.01 sys=0.00, real=0.00 secs] 
177.025: Total time for which application threads were stopped: 0.0038090 seconds, Stopping threads took: 0.0015360 seconds
177.097: Application time: 0.0719140 seconds
177.100: [GC [PSYoungGen: 90496K->8320K(97280K)] 104769K->22593K(318976K), 0.0024200 secs] [Times: user=0.01 sys=0.00, real=0.01 secs] 
177.102: Total time for which application threads were stopped: 0.0053600 seconds, Stopping threads took: 0.0028590 seconds
177.176: Application time: 0.0741320 seconds
177.178: [GC [PSYoungGen: 91776K->7264K(97280K)] 106049K->21545K(318976K), 0.0021660 secs] [Times: user=0.01 sys=0.00, real=0.01 secs] 
177.181: Total time for which application threads were stopped: 0.0042480 seconds, Stopping threads took: 0.0019970 seconds
177.254: Application time: 0.0734050 seconds
177.256: [GC [PSYoungGen: 90720K->7088K(97280K)] 105001K->21377K(318976K), 0.0019860 secs] [Times: user=0.02 sys=0.00, real=0.00 secs] 
177.259: Total time for which application threads were stopped: 0.0045260 seconds, Stopping threads took: 0.0024620 seconds
177.333: Application time: 0.0748890 seconds
177.335: [GC [PSYoungGen: 90544K->6688K(97280K)] 104833K->20993K(318976K), 0.0018760 secs] [Times: user=0.01 sys=0.00, real=0.00 secs] 
177.337: Total time for which application threads were stopped: 0.0034840 seconds, Stopping threads took: 0.0015300 seconds
177.411: Application time: 0.0742480 seconds
177.413: [GC [PSYoungGen: 90144K->6496K(97280K)] 104449K->20809K(318976K), 0.0019480 secs] [Times: user=0.01 sys=0.00, real=0.00 secs] 
177.415: Total time for which application threads were stopped: 0.0034530 seconds, Stopping threads took: 0.0014310 seconds
177.488: Application time: 0.0735630 seconds
177.490: [GC [PSYoungGen: 89952K->7280K(97280K)] 104265K->21609K(318976K), 0.0022550 secs] [Times: user=0.02 sys=0.00, real=0.00 secs] 
177.492: Total time for which application threads were stopped: 0.0041790 seconds, Stopping threads took: 0.0018480 seconds
177.569: Application time: 0.0766230 seconds
177.570: [GC [PSYoungGen: 90736K->5392K(97280K)] 105065K->19721K(318976K), 0.0016460 secs] [Times: user=0.01 sys=0.00, real=0.00 secs] 
177.571: Total time for which application threads were stopped: 0.0024720 seconds, Stopping threads took: 0.0007480 seconds
177.648: Application time: 0.0762080 seconds
177.650: [GC [PSYoungGen: 88848K->7024K(97280K)] 103177K->21353K(318976K), 0.0021730 secs] [Times: user=0.01 sys=0.00, real=0.00 secs] 
177.652: Total time for which application threads were stopped: 0.0043820 seconds, Stopping threads took: 0.0021340 seconds
177.727: Application time: 0.0754470 seconds
177.729: [GC [PSYoungGen: 90480K->7392K(97280K)] 104809K->21729K(318976K), 0.0021700 secs] [Times: user=0.01 sys=0.00, real=0.00 secs] 
177.732: Total time for which application threads were stopped: 0.0040950 seconds, Stopping threads took: 0.0018460 seconds
177.807: Application time: 0.0753370 seconds
177.809: [GC [PSYoungGen: 90848K->5936K(97280K)] 105185K->20281K(318976K), 0.0017660 secs] [Times: user=0.01 sys=0.00, real=0.00 secs] 
177.811: Total time for which application threads were stopped: 0.0041300 seconds, Stopping threads took: 0.0022930 seconds
177.886: Application time: 0.0753160 seconds
177.889: [GC [PSYoungGen: 89392K->6864K(97280K)] 103737K->21217K(318976K), 0.0019790 secs] [Times: user=0.02 sys=0.00, real=0.00 secs] 
177.891: Total time for which application threads were stopped: 0.0042150 seconds, Stopping threads took: 0.0021620 seconds
177.964: Application time: 0.0733510 seconds
177.966: [GC [PSYoungGen: 90320K->6736K(97280K)] 104673K->21089K(318976K), 0.0017860 secs] [Times: user=0.01 sys=0.00, real=0.00 secs] 
177.968: Total time for which application threads were stopped: 0.0041640 seconds, Stopping threads took: 0.0023050 seconds
178.042: Application time: 0.0743660 seconds
178.044: [GC [PSYoungGen: 90192K->7888K(97280K)] 104545K->22249K(318976K), 0.0022770 secs] [Times: user=0.01 sys=0.00, real=0.00 secs] 
178.047: Total time for which application threads were stopped: 0.0040770 seconds, Stopping threads took: 0.0017190 seconds
178.123: Application time: 0.0761560 seconds
178.125: [GC [PSYoungGen: 91344K->6832K(97280K)] 105705K->21193K(318976K), 0.0019950 secs] [Times: user=0.01 sys=0.00, real=0.00 secs] 
178.127: Total time for which application threads were stopped: 0.0040720 seconds, Stopping threads took: 0.0019890 seconds
178.202: Application time: 0.0754440 seconds
178.205: [GC [PSYoungGen: 90288K->6560K(97280K)] 104649K->20929K(318976K), 0.0018630 secs] [Times: user=0.01 sys=0.00, real=0.00 secs] 
178.207: Total time for which application threads were stopped: 0.0044020 seconds, Stopping threads took: 0.0024720 seconds
178.280: Application time: 0.0735970 seconds
178.282: [GC [PSYoungGen: 90016K->7952K(97280K)] 104385K->22337K(318976K), 0.0022110 secs] [Times: user=0.02 sys=0.00, real=0.00 secs] 
178.285: Total time for which application threads were stopped: 0.0044270 seconds, Stopping threads took: 0.0021320 seconds
178.358: Application time: 0.0736800 seconds
178.360: [GC [PSYoungGen: 91408K->8256K(97280K)] 105793K->22641K(318976K), 0.0024780 secs] [Times: user=0.01 sys=0.00, real=0.01 secs] 
178.363: Total time for which application threads were stopped: 0.0041540 seconds, Stopping threads took: 0.0015900 seconds
178.438: Application time: 0.0755760 seconds
178.440: [GC [PSYoungGen: 91712K->6096K(97280K)] 106097K->20489K(318976K), 0.0018290 secs] [Times: user=0.01 sys=0.00, real=0.01 secs] 
178.442: Total time for which application threads were stopped: 0.0035270 seconds, Stopping threads took: 0.0016220 seconds
178.519: Application time: 0.0774780 seconds
178.522: [GC [PSYoungGen: 89552K->5984K(97280K)] 103945K->20385K(318976K), 0.0018510 secs] [Times: user=0.02 sys=0.00, real=0.00 secs] 
178.524: Total time for which application threads were stopped: 0.0045800 seconds, Stopping threads took: 0.0026600 seconds
178.599: Application time: 0.0756900 seconds
178.601: [GC [PSYoungGen: 89440K->6864K(97280K)] 103841K->21265K(318976K), 0.0020260 secs] [Times: user=0.01 sys=0.00, real=0.00 secs] 
178.604: Total time for which application threads were stopped: 0.0041340 seconds, Stopping threads took: 0.0020150 seconds
178.680: Application time: 0.0760930 seconds
178.682: [GC [PSYoungGen: 90320K->5920K(97280K)] 104721K->20329K(318976K), 0.0019000 secs] [Times: user=0.01 sys=0.00, real=0.00 secs] 
178.684: Total time for which application threads were stopped: 0.0043050 seconds, Stopping threads took: 0.0022920 seconds
178.758: Application time: 0.0736800 seconds
178.760: [GC [PSYoungGen: 89376K->7392K(97280K)] 103785K->21809K(318976K), 0.0021460 secs] [Times: user=0.01 sys=0.00, real=0.01 secs] 
178.762: Total time for which application threads were stopped: 0.0042820 seconds, Stopping threads took: 0.0020580 seconds
178.838: Application time: 0.0756640 seconds
178.840: [GC [PSYoungGen: 90848K->5472K(97280K)] 105265K->19889K(318976K), 0.0015710 secs] [Times: user=0.01 sys=0.00, real=0.01 secs] 
178.841: Total time for which application threads were stopped: 0.0037000 seconds, Stopping threads took: 0.0020490 seconds
178.915: Application time: 0.0739050 seconds
178.918: [GC [PSYoungGen: 88928K->7328K(97280K)] 103345K->21753K(318976K), 0.0021860 secs] [Times: user=0.01 sys=0.00, real=0.00 secs] 
178.920: Total time for which application threads were stopped: 0.0048690 seconds, Stopping threads took: 0.0026030 seconds
178.993: Application time: 0.0733140 seconds
178.996: [GC [PSYoungGen: 90784K->7776K(97280K)] 105209K->22209K(318976K), 0.0022180 secs] [Times: user=0.01 sys=0.00, real=0.00 secs] 
178.998: Total time for which application threads were stopped: 0.0045290 seconds, Stopping threads took: 0.0022310 seconds
179.075: Application time: 0.0770360 seconds
179.077: [GC [PSYoungGen: 91232K->7824K(97280K)] 105665K->22257K(318976K), 0.0022060 secs] [Times: user=0.02 sys=0.00, real=0.00 secs] 
179.079: Total time for which application threads were stopped: 0.0044000 seconds, Stopping threads took: 0.0021130 seconds
179.158: Application time: 0.0786940 seconds
179.160: [GC [PSYoungGen: 91280K->7056K(97280K)] 105713K->21497K(318976K), 0.0020450 secs] [Times: user=0.02 sys=0.00, real=0.01 secs] 
179.162: Total time for which application threads were stopped: 0.0039320 seconds, Stopping threads took: 0.0018080 seconds
179.241: Application time: 0.0788660 seconds
179.243: [GC [PSYoungGen: 90512K->7600K(97280K)] 104953K->22049K(318976K), 0.0021480 secs] [Times: user=0.01 sys=0.00, real=0.00 secs] 
179.245: Total time for which application threads were stopped: 0.0044100 seconds, Stopping threads took: 0.0021730 seconds
179.325: Application time: 0.0793640 seconds
179.327: [GC [PSYoungGen: 91056K->7168K(97280K)] 105505K->21617K(318976K), 0.0021270 secs] [Times: user=0.01 sys=0.00, real=0.00 secs] 
179.329: Total time for which application threads were stopped: 0.0045390 seconds, Stopping threads took: 0.0023300 seconds
179.409: Application time: 0.0800320 seconds
179.411: [GC [PSYoungGen: 90624K->7152K(97280K)] 105073K->21617K(318976K), 0.0021230 secs] [Times: user=0.02 sys=0.00, real=0.01 secs] 
179.413: Total time for which application threads were stopped: 0.0043140 seconds, Stopping threads took: 0.0021050 seconds
179.493: Application time: 0.0797770 seconds
179.496: [GC [PSYoungGen: 90608K->7744K(97280K)] 105073K->22217K(318976K), 0.0022370 secs] [Times: user=0.02 sys=0.00, real=0.00 secs] 
179.498: Total time for which application threads were stopped: 0.0049060 seconds, Stopping threads took: 0.0025870 seconds
179.577: Application time: 0.0789030 seconds
179.580: [GC [PSYoungGen: 91200K->7216K(97280K)] 105673K->21689K(318976K), 0.0020810 secs] [Times: user=0.02 sys=0.00, real=0.01 secs] 
179.582: Total time for which application threads were stopped: 0.0046490 seconds, Stopping threads took: 0.0024850 seconds
179.661: Application time: 0.0794290 seconds
179.663: [GC [PSYoungGen: 90672K->6000K(97280K)] 105145K->20489K(318976K), 0.0018310 secs] [Times: user=0.01 sys=0.00, real=0.00 secs] 
179.665: Total time for which application threads were stopped: 0.0035580 seconds, Stopping threads took: 0.0016460 seconds
179.743: Application time: 0.0785580 seconds
179.746: [GC [PSYoungGen: 89456K->7088K(97280K)] 103945K->21585K(318976K), 0.0022090 secs] [Times: user=0.01 sys=0.00, real=0.00 secs] 
179.748: Total time for which application threads were stopped: 0.0045060 seconds, Stopping threads took: 0.0021960 seconds
179.826: Application time: 0.0780890 seconds
179.827: [GC [PSYoungGen: 90544K->7760K(97280K)] 105041K->22273K(318976K), 0.0022310 secs] [Times: user=0.01 sys=0.00, real=0.00 secs] 
179.830: Total time for which application threads were stopped: 0.0038250 seconds, Stopping threads took: 0.0015130 seconds
179.907: Application time: 0.0776270 seconds
179.909: [GC [PSYoungGen: 91216K->7008K(97280K)] 105729K->21529K(318976K), 0.0020120 secs] [Times: user=0.01 sys=0.00, real=0.00 secs] 
179.911: Total time for which application threads were stopped: 0.0041540 seconds, Stopping threads took: 0.0020620 seconds
179.990: Application time: 0.0780880 seconds
179.992: [GC [PSYoungGen: 90464K->6064K(97280K)] 104985K->20593K(318976K), 0.0017190 secs] [Times: user=0.02 sys=0.00, real=0.01 secs] 
179.993: Total time for which application threads were stopped: 0.0038650 seconds, Stopping threads took: 0.0020760 seconds
180.072: Application time: 0.0788070 seconds
180.075: [GC [PSYoungGen: 89520K->6448K(97280K)] 104049K->20977K(318976K), 0.0018800 secs] [Times: user=0.02 sys=0.00, real=0.00 secs] 
180.076: Total time for which application threads were stopped: 0.0041720 seconds, Stopping threads took: 0.0022200 seconds
180.157: Application time: 0.0806810 seconds
180.160: [GC [PSYoungGen: 89904K->7200K(97280K)] 104433K->21737K(318976K), 0.0019460 secs] [Times: user=0.01 sys=0.00, real=0.01 secs] 
180.162: Total time for which application threads were stopped: 0.0051780 seconds, Stopping threads took: 0.0031570 seconds
180.243: Application time: 0.0804700 seconds
180.246: [GC [PSYoungGen: 90656K->7040K(97280K)] 105193K->21585K(318976K), 0.0023220 secs] [Times: user=0.01 sys=0.01, real=0.00 secs] 
180.248: Total time for which application threads were stopped: 0.0052120 seconds, Stopping threads took: 0.0028080 seconds
180.327: Application time: 0.0788960 seconds
180.329: [GC [PSYoungGen: 90496K->7760K(97280K)] 105041K->22313K(318976K), 0.0023600 secs] [Times: user=0.01 sys=0.00, real=0.00 secs] 
180.332: Total time for which application threads were stopped: 0.0049740 seconds, Stopping threads took: 0.0025000 seconds
180.410: Application time: 0.0780110 seconds
180.412: [GC [PSYoungGen: 91216K->6432K(97280K)] 105769K->20993K(318976K), 0.0020120 secs] [Times: user=0.01 sys=0.00, real=0.01 secs] 
180.414: Total time for which application threads were stopped: 0.0040080 seconds, Stopping threads took: 0.0019130 seconds
180.491: Application time: 0.0772390 seconds
180.493: [GC [PSYoungGen: 89888K->7760K(97280K)] 104449K->22321K(318976K), 0.0021930 secs] [Times: user=0.01 sys=0.00, real=0.00 secs] 
180.496: Total time for which application threads were stopped: 0.0045860 seconds, Stopping threads took: 0.0023170 seconds
180.574: Application time: 0.0784250 seconds
180.577: [GC [PSYoungGen: 91216K->6160K(97280K)] 105777K->20729K(318976K), 0.0018520 secs] [Times: user=0.02 sys=0.00, real=0.00 secs] 
180.578: Total time for which application threads were stopped: 0.0042800 seconds, Stopping threads took: 0.0023490 seconds
180.658: Application time: 0.0794730 seconds
180.660: [GC [PSYoungGen: 89616K->7120K(97280K)] 104185K->21697K(318976K), 0.0020560 secs] [Times: user=0.02 sys=0.00, real=0.01 secs] 
180.662: Total time for which application threads were stopped: 0.0043290 seconds, Stopping threads took: 0.0021960 seconds
180.740: Application time: 0.0775080 seconds
180.742: [GC [PSYoungGen: 90576K->6992K(97280K)] 105153K->21569K(318976K), 0.0019980 secs] [Times: user=0.01 sys=0.00, real=0.00 secs] 
180.744: Total time for which application threads were stopped: 0.0046800 seconds, Stopping threads took: 0.0025940 seconds
180.823: Application time: 0.0785240 seconds
180.826: [GC [PSYoungGen: 90448K->8416K(97280K)] 105025K->23009K(318976K), 0.0027210 secs] [Times: user=0.00 sys=0.01, real=0.00 secs] 
180.829: Total time for which application threads were stopped: 0.0060460 seconds, Stopping threads took: 0.0032150 seconds
180.907: Application time: 0.0782070 seconds
180.910: [GC [PSYoungGen: 91872K->6848K(97280K)] 106465K->21449K(318976K), 0.0020240 secs] [Times: user=0.02 sys=0.00, real=0.01 secs] 
180.913: Total time for which application threads were stopped: 0.0053520 seconds, Stopping threads took: 0.0032150 seconds
180.992: Application time: 0.0792720 seconds
180.995: [GC [PSYoungGen: 90304K->7392K(97280K)] 104905K->21993K(318976K), 0.0020720 secs] [Times: user=0.01 sys=0.00, real=0.00 secs] 
180.997: Total time for which application threads were stopped: 0.0052870 seconds, Stopping threads took: 0.0031400 seconds
181.077: Application time: 0.0800300 seconds
181.079: [GC [PSYoungGen: 90848K->4896K(97280K)] 105449K->19505K(318976K), 0.0014780 secs] [Times: user=0.01 sys=0.00, real=0.00 secs] 
181.080: Total time for which application threads were stopped: 0.0029610 seconds, Stopping threads took: 0.0014110 seconds
181.158: Application time: 0.0781770 seconds
181.160: [GC [PSYoungGen: 88352K->7408K(97280K)] 102961K->22017K(318976K), 0.0020870 secs] [Times: user=0.01 sys=0.00, real=0.00 secs] 
181.163: Total time for which application threads were stopped: 0.0042980 seconds, Stopping threads took: 0.0021310 seconds
181.242: Application time: 0.0792010 seconds
181.245: [GC [PSYoungGen: 90864K->7488K(97280K)] 105473K->22105K(318976K), 0.0021010 secs] [Times: user=0.01 sys=0.00, real=0.00 secs] 
181.247: Total time for which application threads were stopped: 0.0054410 seconds, Stopping threads took: 0.0032600 seconds
181.328: Application time: 0.0806010 seconds
181.331: [GC [PSYoungGen: 90944K->7056K(97280K)] 105561K->21681K(318976K), 0.0020360 secs] [Times: user=0.02 sys=0.00, real=0.01 secs] 
181.333: Total time for which application threads were stopped: 0.0049390 seconds, Stopping threads took: 0.0028240 seconds
181.413: Application time: 0.0803050 seconds
181.415: [GC [PSYoungGen: 90512K->7584K(97280K)] 105137K->22225K(318976K), 0.0021280 secs] [Times: user=0.02 sys=0.00, real=0.00 secs] 
181.417: Total time for which application threads were stopped: 0.0039450 seconds, Stopping threads took: 0.0017330 seconds
181.495: Application time: 0.0783450 seconds
181.498: [GC [PSYoungGen: 91040K->8000K(97280K)] 105681K->22649K(318976K), 0.0023810 secs] [Times: user=0.02 sys=0.00, real=0.00 secs] 
181.500: Total time for which application threads were stopped: 0.0047660 seconds, Stopping threads took: 0.0023020 seconds
181.579: Application time: 0.0784230 seconds
181.581: [GC [PSYoungGen: 91456K->8368K(97280K)] 106105K->23025K(318976K), 0.0023330 secs] [Times: user=0.02 sys=0.00, real=0.00 secs] 
181.583: Total time for which application threads were stopped: 0.0044480 seconds, Stopping threads took: 0.0020320 seconds
181.662: Application time: 0.0786520 seconds
181.665: [GC [PSYoungGen: 91824K->7808K(97280K)] 106481K->22465K(318976K), 0.0022140 secs] [Times: user=0.01 sys=0.00, real=0.00 secs] 
181.667: Total time for which application threads were stopped: 0.0052330 seconds, Stopping threads took: 0.0029450 seconds
181.745: Application time: 0.0776490 seconds
181.747: [GC [PSYoungGen: 91262K->8208K(97280K)] 105920K->22873K(318976K), 0.0023720 secs] [Times: user=0.01 sys=0.00, real=0.00 secs] 
181.750: Total time for which application threads were stopped: 0.0049840 seconds, Stopping threads took: 0.0025260 seconds
181.827: Application time: 0.0779270 seconds
181.830: [GC [PSYoungGen: 91664K->7488K(97280K)] 106329K->22161K(318976K), 0.0021040 secs] [Times: user=0.02 sys=0.00, real=0.00 secs] 
181.832: Total time for which application threads were stopped: 0.0044500 seconds, Stopping threads took: 0.0022710 seconds
181.912: Application time: 0.0797130 seconds
181.914: [GC [PSYoungGen: 90944K->6160K(97280K)] 105617K->20841K(318976K), 0.0018430 secs] [Times: user=0.01 sys=0.00, real=0.00 secs] 
181.916: Total time for which application threads were stopped: 0.0038780 seconds, Stopping threads took: 0.0019640 seconds
181.996: Application time: 0.0801900 seconds
181.997: [GC [PSYoungGen: 89616K->6960K(97280K)] 104297K->21649K(318976K), 0.0020450 secs] [Times: user=0.02 sys=0.00, real=0.00 secs] 
181.999: Total time for which application threads were stopped: 0.0036210 seconds, Stopping threads took: 0.0014890 seconds
182.082: Application time: 0.0829670 seconds
182.085: [GC [PSYoungGen: 90416K->8096K(97280K)] 105105K->22793K(318976K), 0.0027330 secs] [Times: user=0.01 sys=0.00, real=0.00 secs] 
182.088: Total time for which application threads were stopped: 0.0057810 seconds, Stopping threads took: 0.0029460 seconds
182.166: Application time: 0.0779380 seconds
182.169: [GC [PSYoungGen: 91552K->7664K(97280K)] 106249K->22361K(318976K), 0.0021610 secs] [Times: user=0.01 sys=0.00, real=0.00 secs] 
182.172: Total time for which application threads were stopped: 0.0055550 seconds, Stopping threads took: 0.0033130 seconds
182.250: Application time: 0.0782460 seconds
182.252: [GC [PSYoungGen: 91120K->6976K(97280K)] 105817K->21681K(318976K), 0.0020410 secs] [Times: user=0.01 sys=0.00, real=0.01 secs] 
182.254: Total time for which application threads were stopped: 0.0038370 seconds, Stopping threads took: 0.0017150 seconds
182.335: Application time: 0.0817530 seconds
182.338: [GC [PSYoungGen: 90432K->7184K(97280K)] 105137K->21897K(318976K), 0.0020880 secs] [Times: user=0.02 sys=0.00, real=0.00 secs] 
182.340: Total time for which application threads were stopped: 0.0048990 seconds, Stopping threads took: 0.0027290 seconds
182.418: Application time: 0.0771820 seconds
182.419: [GC [PSYoungGen: 90640K->7472K(97280K)] 105353K->22193K(318976K), 0.0022290 secs] [Times: user=0.01 sys=0.00, real=0.01 secs] 
182.421: Total time for which application threads were stopped: 0.0038750 seconds, Stopping threads took: 0.0015670 seconds
182.500: Application time: 0.0785320 seconds
182.503: [GC [PSYoungGen: 90928K->7008K(97280K)] 105649K->21737K(318976K), 0.0019880 secs] [Times: user=0.01 sys=0.00, real=0.00 secs] 
182.505: Total time for which application threads were stopped: 0.0049720 seconds, Stopping threads took: 0.0029060 seconds
182.584: Application time: 0.0788330 seconds
182.586: [GC [PSYoungGen: 90464K->7536K(97280K)] 105193K->22265K(318976K), 0.0021390 secs] [Times: user=0.02 sys=0.00, real=0.00 secs] 
182.589: Total time for which application threads were stopped: 0.0049520 seconds, Stopping threads took: 0.0027300 seconds
182.668: Application time: 0.0793720 seconds
182.671: [GC [PSYoungGen: 90992K->6976K(97280K)] 105721K->21713K(318976K), 0.0020850 secs] [Times: user=0.01 sys=0.00, real=0.01 secs] 
182.673: Total time for which application threads were stopped: 0.0048640 seconds, Stopping threads took: 0.0027000 seconds
182.749: Application time: 0.0761500 seconds
182.752: [GC [PSYoungGen: 90432K->7248K(97280K)] 105169K->21993K(318976K), 0.0020860 secs] [Times: user=0.01 sys=0.00, real=0.01 secs] 
182.754: Total time for which application threads were stopped: 0.0050800 seconds, Stopping threads took: 0.0029120 seconds
182.832: Application time: 0.0776740 seconds
182.834: [GC [PSYoungGen: 90704K->7792K(97280K)] 105449K->22545K(318976K), 0.0022330 secs] [Times: user=0.01 sys=0.00, real=0.00 secs] 
182.836: Total time for which application threads were stopped: 0.0043300 seconds, Stopping threads took: 0.0020170 seconds
182.915: Application time: 0.0793050 seconds
182.918: [GC [PSYoungGen: 91248K->5712K(97280K)] 106001K->20473K(318976K), 0.0017020 secs] [Times: user=0.01 sys=0.00, real=0.00 secs] 
182.919: Total time for which application threads were stopped: 0.0040040 seconds, Stopping threads took: 0.0022270 seconds
182.998: Application time: 0.0782190 seconds
182.999: [GC [PSYoungGen: 89168K->5328K(97280K)] 103929K->20097K(318976K), 0.0016210 secs] [Times: user=0.01 sys=0.00, real=0.01 secs] 
183.001: Total time for which application threads were stopped: 0.0034460 seconds, Stopping threads took: 0.0017500 seconds
183.075: Application time: 0.0738750 seconds
183.076: [GC [PSYoungGen: 88784K->7376K(97280K)] 103553K->22145K(318976K), 0.0021710 secs] [Times: user=0.01 sys=0.00, real=0.00 secs] 
183.078: Total time for which application threads were stopped: 0.0031600 seconds, Stopping threads took: 0.0009020 seconds
183.153: Application time: 0.0746820 seconds
183.156: [GC [PSYoungGen: 90832K->6896K(97280K)] 105601K->21673K(318976K), 0.0020120 secs] [Times: user=0.01 sys=0.00, real=0.00 secs] 
183.159: Total time for which application threads were stopped: 0.0056890 seconds, Stopping threads took: 0.0035980 seconds
183.235: Application time: 0.0761170 seconds
183.237: [GC [PSYoungGen: 90352K->6464K(97280K)] 105129K->21241K(318976K), 0.0017950 secs] [Times: user=0.01 sys=0.00, real=0.00 secs] 
183.238: Total time for which application threads were stopped: 0.0037020 seconds, Stopping threads took: 0.0018390 seconds
183.312: Application time: 0.0734460 seconds
183.315: [GC [PSYoungGen: 89920K->6816K(97280K)] 104697K->21601K(318976K), 0.0019190 secs] [Times: user=0.01 sys=0.00, real=0.00 secs] 
183.317: Total time for which application threads were stopped: 0.0049640 seconds, Stopping threads took: 0.0029670 seconds
183.391: Application time: 0.0746530 seconds
183.393: [GC [PSYoungGen: 90272K->6432K(97280K)] 105057K->21225K(318976K), 0.0020330 secs] [Times: user=0.01 sys=0.00, real=0.00 secs] 
183.395: Total time for which application threads were stopped: 0.0037520 seconds, Stopping threads took: 0.0016380 seconds
183.472: Application time: 0.0768710 seconds
183.474: [GC [PSYoungGen: 89888K->6144K(97280K)] 104681K->20945K(318976K), 0.0017690 secs] [Times: user=0.01 sys=0.00, real=0.00 secs] 
183.475: Total time for which application threads were stopped: 0.0033600 seconds, Stopping threads took: 0.0015180 seconds
183.553: Application time: 0.0773190 seconds
183.555: [GC [PSYoungGen: 89600K->7248K(97280K)] 104401K->22049K(318976K), 0.0021270 secs] [Times: user=0.02 sys=0.00, real=0.00 secs] 
183.557: Total time for which application threads were stopped: 0.0040460 seconds, Stopping threads took: 0.0018350 seconds
183.633: Application time: 0.0763370 seconds
183.635: [GC [PSYoungGen: 90704K->6224K(97280K)] 105505K->21033K(318976K), 0.0017390 secs] [Times: user=0.00 sys=0.00, real=0.00 secs] 
183.637: Total time for which application threads were stopped: 0.0035280 seconds, Stopping threads took: 0.0017100 seconds
183.713: Application time: 0.0761120 seconds
183.716: [GC [PSYoungGen: 89680K->7760K(97280K)] 104489K->22569K(318976K), 0.0022470 secs] [Times: user=0.02 sys=0.00, real=0.00 secs] 
183.718: Total time for which application threads were stopped: 0.0050760 seconds, Stopping threads took: 0.0027500 seconds
183.794: Application time: 0.0760960 seconds
183.796: [GC [PSYoungGen: 91216K->5536K(97280K)] 106025K->20353K(318976K), 0.0015900 secs] [Times: user=0.01 sys=0.00, real=0.00 secs] 
183.798: Total time for which application threads were stopped: 0.0037350 seconds, Stopping threads took: 0.0020750 seconds
183.872: Application time: 0.0745160 seconds
183.874: [GC [PSYoungGen: 88992K->7264K(97280K)] 103809K->22089K(318976K), 0.0019320 secs] [Times: user=0.02 sys=0.00, real=0.00 secs] 
183.876: Total time for which application threads were stopped: 0.0037460 seconds, Stopping threads took: 0.0017420 seconds
183.952: Application time: 0.0755870 seconds
183.953: [GC [PSYoungGen: 90720K->7136K(97280K)] 105545K->21969K(318976K), 0.0023290 secs] [Times: user=0.02 sys=0.00, real=0.00 secs] 
183.956: Total time for which application threads were stopped: 0.0040750 seconds, Stopping threads took: 0.0016500 seconds
184.028: Application time: 0.0725110 seconds
184.031: [GC [PSYoungGen: 90592K->8000K(97280K)] 105425K->22833K(318976K), 0.0025270 secs] [Times: user=0.02 sys=0.00, real=0.01 secs] 
184.033: Total time for which application threads were stopped: 0.0052560 seconds, Stopping threads took: 0.0026210 seconds
184.108: Application time: 0.0742960 seconds
184.110: [GC [PSYoungGen: 91456K->7584K(97280K)] 106289K->22425K(318976K), 0.0024970 secs] [Times: user=0.02 sys=0.00, real=0.01 secs] 
184.112: Total time for which application threads were stopped: 0.0047650 seconds, Stopping threads took: 0.0021880 seconds
184.185: Application time: 0.0722590 seconds
184.187: [GC [PSYoungGen: 91040K->7664K(97280K)] 105881K->22505K(318976K), 0.0021640 secs] [Times: user=0.01 sys=0.00, real=0.00 secs] 
184.189: Total time for which application threads were stopped: 0.0042790 seconds, Stopping threads took: 0.0020170 seconds
184.263: Application time: 0.0736210 seconds
184.265: [GC [PSYoungGen: 91120K->6224K(97280K)] 105961K->21081K(318976K), 0.0017980 secs] [Times: user=0.01 sys=0.00, real=0.00 secs] 
184.266: Total time for which application threads were stopped: 0.0038240 seconds, Stopping threads took: 0.0019490 seconds
184.339: Application time: 0.0722320 seconds
184.341: [GC [PSYoungGen: 89680K->7712K(97280K)] 104537K->22577K(318976K), 0.0022000 secs] [Times: user=0.01 sys=0.00, real=0.00 secs] 
184.343: Total time for which application threads were stopped: 0.0043160 seconds, Stopping threads took: 0.0020340 seconds
184.418: Application time: 0.0753040 seconds
184.420: [GC [PSYoungGen: 91168K->4848K(97280K)] 106033K->19721K(318976K), 0.0016340 secs] [Times: user=0.01 sys=0.00, real=0.01 secs] 
184.421: Total time for which application threads were stopped: 0.0030030 seconds, Stopping threads took: 0.0012830 seconds
184.493: Application time: 0.0721670 seconds
184.496: [GC [PSYoungGen: 88304K->7712K(97280K)] 103177K->22593K(318976K), 0.0021810 secs] [Times: user=0.02 sys=0.00, real=0.00 secs] 
184.498: Total time for which application threads were stopped: 0.0046850 seconds, Stopping threads took: 0.0024300 seconds
184.573: Application time: 0.0751240 seconds
184.575: [GC [PSYoungGen: 91168K->5808K(97280K)] 106049K->20697K(318976K), 0.0017410 secs] [Times: user=0.01 sys=0.00, real=0.00 secs] 
184.577: Total time for which application threads were stopped: 0.0037790 seconds, Stopping threads took: 0.0019690 seconds
184.650: Application time: 0.0731870 seconds
184.653: [GC [PSYoungGen: 89264K->7712K(97280K)] 104153K->22601K(318976K), 0.0021140 secs] [Times: user=0.01 sys=0.00, real=0.00 secs] 
184.655: Total time for which application threads were stopped: 0.0048160 seconds, Stopping threads took: 0.0026330 seconds
184.729: Application time: 0.0742160 seconds
184.731: [GC [PSYoungGen: 91168K->7184K(97280K)] 106057K->22081K(318976K), 0.0021030 secs] [Times: user=0.02 sys=0.00, real=0.01 secs] 
184.733: Total time for which application threads were stopped: 0.0036180 seconds, Stopping threads took: 0.0014240 seconds
184.811: Application time: 0.0781520 seconds
184.812: [GC [PSYoungGen: 90640K->6208K(97280K)] 105537K->21113K(318976K), 0.0017780 secs] [Times: user=0.01 sys=0.00, real=0.00 secs] 
184.814: Total time for which application threads were stopped: 0.0031710 seconds, Stopping threads took: 0.0013200 seconds
184.885: Application time: 0.0708230 seconds
184.887: [GC [PSYoungGen: 89664K->7776K(97280K)] 104569K->22689K(318976K), 0.0022360 secs] [Times: user=0.02 sys=0.00, real=0.00 secs] 
184.889: Total time for which application threads were stopped: 0.0044040 seconds, Stopping threads took: 0.0020850 seconds
184.965: Application time: 0.0758550 seconds
184.967: [GC [PSYoungGen: 91232K->7232K(97280K)] 106145K->22153K(318976K), 0.0019580 secs] [Times: user=0.02 sys=0.00, real=0.00 secs] 
184.969: Total time for which application threads were stopped: 0.0037790 seconds, Stopping threads took: 0.0017470 seconds
185.043: Application time: 0.0740210 seconds
185.045: [GC [PSYoungGen: 90688K->7792K(97280K)] 105609K->22721K(318976K), 0.0022490 secs] [Times: user=0.02 sys=0.00, real=0.00 secs] 
185.047: Total time for which application threads were stopped: 0.0038800 seconds, Stopping threads took: 0.0015370 seconds
185.120: Application time: 0.0732960 seconds
185.123: [GC [PSYoungGen: 91248K->7056K(97280K)] 106177K->21985K(318976K), 0.0020230 secs] [Times: user=0.02 sys=0.00, real=0.00 secs] 
185.125: Total time for which application threads were stopped: 0.0047300 seconds, Stopping threads took: 0.0026270 seconds
185.199: Application time: 0.0738040 seconds
185.200: [GC [PSYoungGen: 90512K->6960K(97280K)] 105441K->21897K(318976K), 0.0020170 secs] [Times: user=0.01 sys=0.00, real=0.00 secs] 
185.203: Total time for which application threads were stopped: 0.0036460 seconds, Stopping threads took: 0.0015540 seconds
185.278: Application time: 0.0754040 seconds
185.280: [GC [PSYoungGen: 90416K->7168K(97280K)] 105353K->22113K(318976K), 0.0021480 secs] [Times: user=0.02 sys=0.00, real=0.01 secs] 
185.282: Total time for which application threads were stopped: 0.0041780 seconds, Stopping threads took: 0.0019380 seconds
185.357: Application time: 0.0750930 seconds
185.360: [GC [PSYoungGen: 90624K->7152K(97280K)] 105569K->22105K(318976K), 0.0020130 secs] [Times: user=0.01 sys=0.00, real=0.01 secs] 
185.362: Total time for which application threads were stopped: 0.0043790 seconds, Stopping threads took: 0.0022920 seconds
185.434: Application time: 0.0722800 seconds
185.436: [GC [PSYoungGen: 90608K->6720K(97280K)] 105561K->21681K(318976K), 0.0019600 secs] [Times: user=0.02 sys=0.00, real=0.00 secs] 
185.438: Total time for which application threads were stopped: 0.0038830 seconds, Stopping threads took: 0.0018490 seconds
185.512: Application time: 0.0744740 seconds
185.514: [GC [PSYoungGen: 90176K->6848K(97280K)] 105137K->21817K(318976K), 0.0019540 secs] [Times: user=0.01 sys=0.00, real=0.00 secs] 
185.516: Total time for which application threads were stopped: 0.0039570 seconds, Stopping threads took: 0.0019210 seconds
185.591: Application time: 0.0752430 seconds
185.594: [GC [PSYoungGen: 90304K->8080K(97280K)] 105273K->23049K(318976K), 0.0023350 secs] [Times: user=0.01 sys=0.00, real=0.00 secs] 
185.596: Total time for which application threads were stopped: 0.0049250 seconds, Stopping threads took: 0.0025120 seconds
185.668: Application time: 0.0718180 seconds
185.670: [GC [PSYoungGen: 91536K->7760K(97280K)] 106505K->22737K(318976K), 0.0022770 secs] [Times: user=0.01 sys=0.01, real=0.01 secs] 
185.673: Total time for which application threads were stopped: 0.0045630 seconds, Stopping threads took: 0.0021760 seconds
185.747: Application time: 0.0741490 seconds
185.749: [GC [PSYoungGen: 91216K->7136K(97280K)] 106193K->22121K(318976K), 0.0020880 secs] [Times: user=0.02 sys=0.00, real=0.00 secs] 
185.751: Total time for which application threads were stopped: 0.0040690 seconds, Stopping threads took: 0.0019040 seconds
185.824: Application time: 0.0730520 seconds
185.826: [GC [PSYoungGen: 90592K->7440K(97280K)] 105577K->22433K(318976K), 0.0021530 secs] [Times: user=0.01 sys=0.00, real=0.00 secs] 
185.829: Total time for which application threads were stopped: 0.0044930 seconds, Stopping threads took: 0.0022550 seconds
185.904: Application time: 0.0759000 seconds
185.906: [GC [PSYoungGen: 90896K->6336K(97280K)] 105889K->21337K(318976K), 0.0018470 secs] [Times: user=0.01 sys=0.00, real=0.00 secs] 
185.908: Total time for which application threads were stopped: 0.0038740 seconds, Stopping threads took: 0.0019540 seconds
185.984: Application time: 0.0753140 seconds
185.986: [GC [PSYoungGen: 89792K->6592K(97280K)] 104793K->21593K(318976K), 0.0019000 secs] [Times: user=0.02 sys=0.00, real=0.00 secs] 
185.988: Total time for which application threads were stopped: 0.0043240 seconds, Stopping threads took: 0.0023460 seconds
186.063: Application time: 0.0748630 seconds
186.064: [GC [PSYoungGen: 90048K->7056K(97280K)] 105049K->22065K(318976K), 0.0019710 secs] [Times: user=0.01 sys=0.00, real=0.00 secs] 
186.066: Total time for which application threads were stopped: 0.0034120 seconds, Stopping threads took: 0.0013690 seconds
186.143: Application time: 0.0764930 seconds
186.145: [GC [PSYoungGen: 90512K->7360K(97280K)] 105521K->22369K(318976K), 0.0020490 secs] [Times: user=0.01 sys=0.00, real=0.00 secs] 
186.147: Total time for which application threads were stopped: 0.0040990 seconds, Stopping threads took: 0.0019790 seconds
186.223: Application time: 0.0758520 seconds
186.225: [GC [PSYoungGen: 90816K->7248K(97280K)] 105825K->22273K(318976K), 0.0020850 secs] [Times: user=0.01 sys=0.00, real=0.00 secs] 
186.227: Total time for which application threads were stopped: 0.0044660 seconds, Stopping threads took: 0.0022770 seconds
186.301: Application time: 0.0737390 seconds
186.304: [GC [PSYoungGen: 90704K->7936K(97280K)] 105729K->22969K(318976K), 0.0022890 secs] [Times: user=0.02 sys=0.00, real=0.00 secs] 
186.306: Total time for which application threads were stopped: 0.0052200 seconds, Stopping threads took: 0.0028390 seconds
186.380: Application time: 0.0743740 seconds
186.382: [GC [PSYoungGen: 91392K->6384K(97280K)] 106425K->21425K(318976K), 0.0019200 secs] [Times: user=0.01 sys=0.00, real=0.00 secs] 
186.384: Total time for which application threads were stopped: 0.0039490 seconds, Stopping threads took: 0.0019340 seconds
186.458: Application time: 0.0736870 seconds
186.460: [GC [PSYoungGen: 89840K->6976K(97280K)] 104881K->22025K(318976K), 0.0019640 secs] [Times: user=0.02 sys=0.00, real=0.01 secs] 
186.462: Total time for which application threads were stopped: 0.0039530 seconds, Stopping threads took: 0.0019210 seconds
186.536: Application time: 0.0744130 seconds
186.538: [GC [PSYoungGen: 90432K->7520K(97280K)] 105481K->22577K(318976K), 0.0021770 secs] [Times: user=0.01 sys=0.00, real=0.01 secs] 
186.540: Total time for which application threads were stopped: 0.0040160 seconds, Stopping threads took: 0.0017550 seconds
186.615: Application time: 0.0745610 seconds
186.616: [GC [PSYoungGen: 90976K->6848K(97280K)] 106033K->21905K(318976K), 0.0020760 secs] [Times: user=0.01 sys=0.00, real=0.00 secs] 
186.618: Total time for which application threads were stopped: 0.0032820 seconds, Stopping threads took: 0.0011280 seconds
186.693: Application time: 0.0751390 seconds
186.695: [GC [PSYoungGen: 90304K->7200K(97280K)] 105361K->22265K(318976K), 0.0021320 secs] [Times: user=0.01 sys=0.00, real=0.00 secs] 
186.698: Total time for which application threads were stopped: 0.0041670 seconds, Stopping threads took: 0.0019540 seconds
186.775: Application time: 0.0769410 seconds
186.777: [GC [PSYoungGen: 90655K->6624K(97280K)] 105721K->21697K(318976K), 0.0018110 secs] [Times: user=0.01 sys=0.00, real=0.00 secs] 
186.779: Total time for which application threads were stopped: 0.0043760 seconds, Stopping threads took: 0.0024950 seconds
186.855: Application time: 0.0761050 seconds
186.858: [GC [PSYoungGen: 90080K->6864K(97280K)] 105153K->21945K(318976K), 0.0020840 secs] [Times: user=0.01 sys=0.00, real=0.00 secs] 
186.860: Total time for which application threads were stopped: 0.0049590 seconds, Stopping threads took: 0.0027720 seconds
186.933: Application time: 0.0726140 seconds
186.935: [GC [PSYoungGen: 90320K->8048K(97280K)] 105401K->23145K(318976K), 0.0023320 secs] [Times: user=0.02 sys=0.00, real=0.00 secs] 
186.937: Total time for which application threads were stopped: 0.0042580 seconds, Stopping threads took: 0.0018400 seconds
187.010: Application time: 0.0735710 seconds
187.013: [GC [PSYoungGen: 91504K->7408K(97280K)] 106601K->22521K(318976K), 0.0020250 secs] [Times: user=0.01 sys=0.00, real=0.00 secs] 
187.015: Total time for which application threads were stopped: 0.0043180 seconds, Stopping threads took: 0.0022200 seconds
187.092: Application time: 0.0768260 seconds
187.094: [GC [PSYoungGen: 90864K->7536K(97280K)] 105977K->22649K(318976K), 0.0022350 secs] [Times: user=0.02 sys=0.00, real=0.00 secs] 
187.096: Total time for which application threads were stopped: 0.0048490 seconds, Stopping threads took: 0.0025300 seconds
187.175: Application time: 0.0787080 seconds
187.178: [GC [PSYoungGen: 90992K->7712K(97280K)] 106105K->22833K(318976K), 0.0022150 secs] [Times: user=0.01 sys=0.00, real=0.01 secs] 
187.181: Total time for which application threads were stopped: 0.0054060 seconds, Stopping threads took: 0.0031060 seconds
187.260: Application time: 0.0795780 seconds
187.261: [GC [PSYoungGen: 91168K->6720K(97280K)] 106289K->21849K(318976K), 0.0019950 secs] [Times: user=0.01 sys=0.00, real=0.00 secs] 
187.263: Total time for which application threads were stopped: 0.0028560 seconds, Stopping threads took: 0.0007890 seconds
187.343: Application time: 0.0797910 seconds
187.345: [GC [PSYoungGen: 90176K->6976K(97280K)] 105305K->22113K(318976K), 0.0020900 secs] [Times: user=0.01 sys=0.00, real=0.00 secs] 
187.347: Total time for which application threads were stopped: 0.0043100 seconds, Stopping threads took: 0.0021450 seconds
187.426: Application time: 0.0784370 seconds
187.427: [GC [PSYoungGen: 90432K->7792K(97280K)] 105569K->22937K(318976K), 0.0022120 secs] [Times: user=0.02 sys=0.00, real=0.00 secs] 
187.429: Total time for which application threads were stopped: 0.0036630 seconds, Stopping threads took: 0.0013680 seconds
187.510: Application time: 0.0811820 seconds
187.514: [GC [PSYoungGen: 91248K->6768K(97280K)] 106393K->21921K(318976K), 0.0020090 secs] [Times: user=0.02 sys=0.00, real=0.00 secs] 
187.516: Total time for which application threads were stopped: 0.0052520 seconds, Stopping threads took: 0.0031590 seconds
187.595: Application time: 0.0788180 seconds
187.597: [GC [PSYoungGen: 90224K->7776K(97280K)] 105377K->22929K(318976K), 0.0022890 secs] [Times: user=0.02 sys=0.00, real=0.00 secs] 
187.599: Total time for which application threads were stopped: 0.0046120 seconds, Stopping threads took: 0.0022120 seconds
187.676: Application time: 0.0772600 seconds
187.679: [GC [PSYoungGen: 91232K->8064K(97280K)] 106385K->23225K(318976K), 0.0023920 secs] [Times: user=0.01 sys=0.00, real=0.01 secs] 
187.682: Total time for which application threads were stopped: 0.0051950 seconds, Stopping threads took: 0.0027110 seconds
187.760: Application time: 0.0784430 seconds
187.761: [GC [PSYoungGen: 91520K->7456K(97280K)] 106681K->22625K(318976K), 0.0022090 secs] [Times: user=0.02 sys=0.00, real=0.00 secs] 
187.764: Total time for which application threads were stopped: 0.0035820 seconds, Stopping threads took: 0.0012930 seconds
187.843: Application time: 0.0791050 seconds
187.846: [GC [PSYoungGen: 90912K->8272K(97280K)] 106081K->23449K(318976K), 0.0023690 secs] [Times: user=0.02 sys=0.00, real=0.00 secs] 
187.848: Total time for which application threads were stopped: 0.0052300 seconds, Stopping threads took: 0.0027760 seconds
187.926: Application time: 0.0778920 seconds
187.928: [GC [PSYoungGen: 91727K->7760K(97280K)] 106904K->22945K(318976K), 0.0024070 secs] [Times: user=0.01 sys=0.00, real=0.00 secs] 
187.931: Total time for which application threads were stopped: 0.0048220 seconds, Stopping threads took: 0.0023260 seconds
188.008: Application time: 0.0773720 seconds
188.010: [GC [PSYoungGen: 91216K->7152K(97280K)] 106401K->22345K(318976K), 0.0020510 secs] [Times: user=0.02 sys=0.00, real=0.01 secs] 
188.013: Total time for which application threads were stopped: 0.0044840 seconds, Stopping threads took: 0.0023570 seconds
188.092: Application time: 0.0792120 seconds
188.093: [GC [PSYoungGen: 90608K->6816K(97280K)] 105801K->22009K(318976K), 0.0020010 secs] [Times: user=0.01 sys=0.00, real=0.00 secs] 
188.095: Total time for which application threads were stopped: 0.0033620 seconds, Stopping threads took: 0.0012790 seconds
188.175: Application time: 0.0798840 seconds
188.177: [GC [PSYoungGen: 90272K->6624K(97280K)] 105465K->21825K(318976K), 0.0018830 secs] [Times: user=0.01 sys=0.00, real=0.00 secs] 
188.179: Total time for which application threads were stopped: 0.0040570 seconds, Stopping threads took: 0.0020910 seconds
188.259: Application time: 0.0794810 seconds
188.261: [GC [PSYoungGen: 90080K->6816K(97280K)] 105281K->22017K(318976K), 0.0019370 secs] [Times: user=0.01 sys=0.00, real=0.00 secs] 
188.263: Total time for which application threads were stopped: 0.0044760 seconds, Stopping threads took: 0.0024670 seconds
188.340: Application time: 0.0766880 seconds
188.341: [GC [PSYoungGen: 90272K->7040K(97280K)] 105473K->22249K(318976K), 0.0019990 secs] [Times: user=0.01 sys=0.00, real=0.00 secs] 
188.344: Total time for which application threads were stopped: 0.0038320 seconds, Stopping threads took: 0.0017540 seconds
188.423: Application time: 0.0790140 seconds
188.425: [GC [PSYoungGen: 90496K->7616K(97280K)] 105705K->22833K(318976K), 0.0020890 secs] [Times: user=0.02 sys=0.00, real=0.00 secs] 
188.428: Total time for which application threads were stopped: 0.0050540 seconds, Stopping threads took: 0.0028850 seconds
188.507: Application time: 0.0789690 seconds
188.509: [GC [PSYoungGen: 91072K->8144K(97280K)] 106289K->23369K(318976K), 0.0024050 secs] [Times: user=0.01 sys=0.00, real=0.00 secs] 
188.512: Total time for which application threads were stopped: 0.0049540 seconds, Stopping threads took: 0.0024390 seconds
188.589: Application time: 0.0776480 seconds
188.591: [GC [PSYoungGen: 91600K->7568K(97280K)] 106825K->22801K(318976K), 0.0021210 secs] [Times: user=0.02 sys=0.00, real=0.01 secs] 
188.593: Total time for which application threads were stopped: 0.0042490 seconds, Stopping threads took: 0.0020560 seconds
188.675: Application time: 0.0811200 seconds
188.676: [GC [PSYoungGen: 91024K->5664K(97280K)] 106257K->20905K(318976K), 0.0017130 secs] [Times: user=0.01 sys=0.00, real=0.00 secs] 
188.678: Total time for which application threads were stopped: 0.0029640 seconds, Stopping threads took: 0.0011630 seconds
188.755: Application time: 0.0770510 seconds
188.757: [GC [PSYoungGen: 89120K->7904K(97280K)] 104361K->23145K(318976K), 0.0023700 secs] [Times: user=0.02 sys=0.00, real=0.00 secs] 
188.759: Total time for which application threads were stopped: 0.0047910 seconds, Stopping threads took: 0.0023410 seconds
188.839: Application time: 0.0794410 seconds
188.841: [GC [PSYoungGen: 91360K->6624K(97280K)] 106601K->21873K(318976K), 0.0019390 secs] [Times: user=0.01 sys=0.00, real=0.00 secs] 
188.843: Total time for which application threads were stopped: 0.0043300 seconds, Stopping threads took: 0.0023110 seconds
188.922: Application time: 0.0790550 seconds
188.924: [GC [PSYoungGen: 90080K->7648K(97280K)] 105329K->22905K(318976K), 0.0022510 secs] [Times: user=0.01 sys=0.01, real=0.00 secs] 
188.927: Total time for which application threads were stopped: 0.0043270 seconds, Stopping threads took: 0.0019950 seconds
189.009: Application time: 0.0821500 seconds
189.010: [GC [PSYoungGen: 91104K->7120K(97280K)] 106361K->22385K(318976K), 0.0020250 secs] [Times: user=0.01 sys=0.00, real=0.00 secs] 
189.012: Total time for which application threads were stopped: 0.0036550 seconds, Stopping threads took: 0.0015490 seconds
189.091: Application time: 0.0790300 seconds
189.094: [GC [PSYoungGen: 90576K->6816K(97280K)] 105841K->22089K(318976K), 0.0020230 secs] [Times: user=0.01 sys=0.00, real=0.00 secs] 
189.096: Total time for which application threads were stopped: 0.0045160 seconds, Stopping threads took: 0.0024140 seconds
189.176: Application time: 0.0802770 seconds
189.179: [GC [PSYoungGen: 90272K->6272K(97280K)] 105545K->21545K(318976K), 0.0017400 secs] [Times: user=0.01 sys=0.00, real=0.01 secs] 
189.181: Total time for which application threads were stopped: 0.0044590 seconds, Stopping threads took: 0.0026340 seconds
189.258: Application time: 0.0772260 seconds
189.261: [GC [PSYoungGen: 89728K->7568K(97280K)] 105001K->22849K(318976K), 0.0022310 secs] [Times: user=0.02 sys=0.00, real=0.00 secs] 
189.263: Total time for which application threads were stopped: 0.0050830 seconds, Stopping threads took: 0.0027700 seconds
189.342: Application time: 0.0786660 seconds
189.344: [GC [PSYoungGen: 91024K->7472K(97280K)] 106305K->22761K(318976K), 0.0022580 secs] [Times: user=0.01 sys=0.00, real=0.00 secs] 
189.346: Total time for which application threads were stopped: 0.0046580 seconds, Stopping threads took: 0.0022970 seconds
189.424: Application time: 0.0780700 seconds
189.427: [GC [PSYoungGen: 90928K->8416K(97280K)] 106217K->23713K(318976K), 0.0024840 secs] [Times: user=0.02 sys=0.00, real=0.00 secs] 
189.429: Total time for which application threads were stopped: 0.0048490 seconds, Stopping threads took: 0.0022800 seconds
189.509: Application time: 0.0801690 seconds
189.511: [GC [PSYoungGen: 91872K->8080K(97280K)] 107169K->23385K(318976K), 0.0023190 secs] [Times: user=0.01 sys=0.00, real=0.01 secs] 
189.514: Total time for which application threads were stopped: 0.0042560 seconds, Stopping threads took: 0.0018490 seconds
189.591: Application time: 0.0774160 seconds
189.593: [GC [PSYoungGen: 91536K->6832K(97280K)] 106841K->22153K(318976K), 0.0019510 secs] [Times: user=0.02 sys=0.00, real=0.00 secs] 
189.595: Total time for which application threads were stopped: 0.0041530 seconds, Stopping threads took: 0.0021220 seconds
189.674: Application time: 0.0784880 seconds
189.676: [GC [PSYoungGen: 90288K->7360K(97280K)] 105609K->22681K(318976K), 0.0020750 secs] [Times: user=0.01 sys=0.00, real=0.00 secs] 
189.679: Total time for which application threads were stopped: 0.0048740 seconds, Stopping threads took: 0.0027160 seconds
189.756: Application time: 0.0775440 seconds
189.759: [GC [PSYoungGen: 90816K->7632K(97280K)] 106137K->22961K(318976K), 0.0022780 secs] [Times: user=0.01 sys=0.00, real=0.01 secs] 
189.761: Total time for which application threads were stopped: 0.0049770 seconds, Stopping threads took: 0.0026120 seconds
189.841: Application time: 0.0802020 seconds
189.843: [GC [PSYoungGen: 91088K->5136K(97280K)] 106417K->20473K(318976K), 0.0015150 secs] [Times: user=0.01 sys=0.00, real=0.00 secs] 
189.845: Total time for which application threads were stopped: 0.0033870 seconds, Stopping threads took: 0.0017970 seconds
189.922: Application time: 0.0776170 seconds
189.924: [GC [PSYoungGen: 88592K->6880K(97280K)] 103929K->22225K(318976K), 0.0019970 secs] [Times: user=0.01 sys=0.00, real=0.00 secs] 
189.926: Total time for which application threads were stopped: 0.0034990 seconds, Stopping threads took: 0.0014220 seconds
190.006: Application time: 0.0798360 seconds
190.008: [GC [PSYoungGen: 90336K->8288K(97280K)] 105681K->23641K(318976K), 0.0025220 secs] [Times: user=0.02 sys=0.00, real=0.00 secs] 
190.010: Total time for which application threads were stopped: 0.0044980 seconds, Stopping threads took: 0.0018910 seconds
190.088: Application time: 0.0782370 seconds
190.091: [GC [PSYoungGen: 91744K->7232K(97280K)] 107097K->22593K(318976K), 0.0020280 secs] [Times: user=0.01 sys=0.00, real=0.01 secs] 
190.093: Total time for which application threads were stopped: 0.0049950 seconds, Stopping threads took: 0.0028850 seconds
190.172: Application time: 0.0781450 seconds
190.173: [GC [PSYoungGen: 90688K->7184K(97280K)] 106049K->22545K(318976K), 0.0024320 secs] [Times: user=0.01 sys=0.00, real=0.00 secs] 
190.176: Total time for which application threads were stopped: 0.0044040 seconds, Stopping threads took: 0.0018710 seconds
190.256: Application time: 0.0797360 seconds
190.257: [GC [PSYoungGen: 90640K->6608K(97280K)] 106001K->21977K(318976K), 0.0020010 secs] [Times: user=0.01 sys=0.00, real=0.00 secs] 
190.259: Total time for which application threads were stopped: 0.0034020 seconds, Stopping threads took: 0.0013280 seconds
190.340: Application time: 0.0807690 seconds
190.342: [GC [PSYoungGen: 90064K->7360K(97280K)] 105433K->22737K(318976K), 0.0021130 secs] [Times: user=0.01 sys=0.01, real=0.00 secs] 
190.344: Total time for which application threads were stopped: 0.0045680 seconds, Stopping threads took: 0.0023590 seconds
190.426: Application time: 0.0813910 seconds
190.429: [GC [PSYoungGen: 90816K->7888K(97280K)] 106193K->23273K(318976K), 0.0021740 secs] [Times: user=0.02 sys=0.00, real=0.00 secs] 
190.431: Total time for which application threads were stopped: 0.0055590 seconds, Stopping threads took: 0.0033060 seconds
190.511: Application time: 0.0797640 seconds
190.512: [GC [PSYoungGen: 91344K->6272K(97280K)] 106729K->21665K(318976K), 0.0017590 secs] [Times: user=0.01 sys=0.00, real=0.00 secs] 
190.514: Total time for which application threads were stopped: 0.0030640 seconds, Stopping threads took: 0.0012280 seconds
190.592: Application time: 0.0778500 seconds
190.595: [GC [PSYoungGen: 89728K->7472K(97280K)] 105121K->22873K(318976K), 0.0021500 secs] [Times: user=0.01 sys=0.00, real=0.00 secs] 
190.597: Total time for which application threads were stopped: 0.0050560 seconds, Stopping threads took: 0.0028240 seconds
190.676: Application time: 0.0791410 seconds
190.678: [GC [PSYoungGen: 90928K->6656K(97280K)] 106329K->22057K(318976K), 0.0019810 secs] [Times: user=0.01 sys=0.00, real=0.00 secs] 
190.680: Total time for which application threads were stopped: 0.0039930 seconds, Stopping threads took: 0.0019340 seconds
190.761: Application time: 0.0804090 seconds
190.762: [GC [PSYoungGen: 90112K->5520K(97280K)] 105513K->20929K(318976K), 0.0016180 secs] [Times: user=0.01 sys=0.00, real=0.00 secs] 
190.764: Total time for which application threads were stopped: 0.0032820 seconds, Stopping threads took: 0.0015960 seconds
190.845: Application time: 0.0811910 seconds
190.848: [GC [PSYoungGen: 88976K->6560K(97280K)] 104385K->21977K(318976K), 0.0018760 secs] [Times: user=0.01 sys=0.00, real=0.00 secs] 
190.850: Total time for which application threads were stopped: 0.0045700 seconds, Stopping threads took: 0.0026100 seconds
190.929: Application time: 0.0789930 seconds
190.931: [GC [PSYoungGen: 90016K->6912K(97280K)] 105433K->22337K(318976K), 0.0019140 secs] [Times: user=0.02 sys=0.00, real=0.01 secs] 
190.932: Total time for which application threads were stopped: 0.0037650 seconds, Stopping threads took: 0.0017770 seconds
191.013: Application time: 0.0801280 seconds
191.014: [GC [PSYoungGen: 90368K->5520K(97280K)] 105793K->20953K(318976K), 0.0016850 secs] [Times: user=0.01 sys=0.00, real=0.00 secs] 
191.016: Total time for which application threads were stopped: 0.0031300 seconds, Stopping threads took: 0.0013710 seconds
191.092: Application time: 0.0759750 seconds
191.095: [GC [PSYoungGen: 88976K->6992K(97280K)] 104409K->22433K(318976K), 0.0019820 secs] [Times: user=0.01 sys=0.00, real=0.00 secs] 
191.097: Total time for which application threads were stopped: 0.0048530 seconds, Stopping threads took: 0.0027910 seconds
191.170: Application time: 0.0730870 seconds
191.171: [GC [PSYoungGen: 90448K->8048K(97280K)] 105889K->23489K(318976K), 0.0023150 secs] [Times: user=0.01 sys=0.00, real=0.01 secs] 
191.173: Total time for which application threads were stopped: 0.0038110 seconds, Stopping threads took: 0.0014130 seconds
191.245: Application time: 0.0719530 seconds
191.247: [GC [PSYoungGen: 91504K->7696K(97280K)] 106945K->23153K(318976K), 0.0023260 secs] [Times: user=0.02 sys=0.00, real=0.00 secs] 
191.249: Total time for which application threads were stopped: 0.0038760 seconds, Stopping threads took: 0.0014690 seconds
191.323: Application time: 0.0740320 seconds
191.325: [GC [PSYoungGen: 91152K->7072K(97280K)] 106609K->22529K(318976K), 0.0020530 secs] [Times: user=0.02 sys=0.00, real=0.00 secs] 
191.328: Total time for which application threads were stopped: 0.0042360 seconds, Stopping threads took: 0.0020870 seconds
191.401: Application time: 0.0730430 seconds
191.403: [GC [PSYoungGen: 90528K->7328K(97280K)] 105985K->22801K(318976K), 0.0023680 secs] [Times: user=0.01 sys=0.00, real=0.00 secs] 
191.405: Total time for which application threads were stopped: 0.0046770 seconds, Stopping threads took: 0.0021950 seconds
191.480: Application time: 0.0743790 seconds
191.482: [GC [PSYoungGen: 90784K->7520K(97280K)] 106257K->23001K(318976K), 0.0022010 secs] [Times: user=0.01 sys=0.00, real=0.00 secs] 
191.484: Total time for which application threads were stopped: 0.0044370 seconds, Stopping threads took: 0.0021520 seconds
191.557: Application time: 0.0731590 seconds
191.560: [GC [PSYoungGen: 90976K->7472K(97280K)] 106457K->22961K(318976K), 0.0023090 secs] [Times: user=0.02 sys=0.00, real=0.01 secs] 
191.562: Total time for which application threads were stopped: 0.0049590 seconds, Stopping threads took: 0.0025700 seconds
191.636: Application time: 0.0740210 seconds
191.641: [GC [PSYoungGen: 90928K->7296K(97280K)] 106417K->22793K(318976K), 0.0022720 secs] [Times: user=0.01 sys=0.00, real=0.00 secs] 
191.643: Total time for which application threads were stopped: 0.0067110 seconds, Stopping threads took: 0.0043300 seconds
191.717: Application time: 0.0738920 seconds
191.719: [GC [PSYoungGen: 90752K->6576K(97280K)] 106249K->22073K(318976K), 0.0021080 secs] [Times: user=0.02 sys=0.00, real=0.01 secs] 
191.721: Total time for which application threads were stopped: 0.0042030 seconds, Stopping threads took: 0.0020240 seconds
191.796: Application time: 0.0751550 seconds
191.798: [GC [PSYoungGen: 90032K->5776K(97280K)] 105529K->21289K(318976K), 0.0016450 secs] [Times: user=0.01 sys=0.00, real=0.00 secs] 
191.799: Total time for which application threads were stopped: 0.0030790 seconds, Stopping threads took: 0.0013600 seconds
191.874: Application time: 0.0749740 seconds
191.876: [GC [PSYoungGen: 89232K->6384K(97280K)] 104745K->21905K(318976K), 0.0018060 secs] [Times: user=0.01 sys=0.00, real=0.00 secs] 
191.878: Total time for which application threads were stopped: 0.0036380 seconds, Stopping threads took: 0.0017570 seconds
191.950: Application time: 0.0717080 seconds
191.952: [GC [PSYoungGen: 89840K->6352K(97280K)] 105361K->21881K(318976K), 0.0018380 secs] [Times: user=0.02 sys=0.00, real=0.00 secs] 
191.954: Total time for which application threads were stopped: 0.0046940 seconds, Stopping threads took: 0.0027690 seconds
192.029: Application time: 0.0744150 seconds
192.030: [GC [PSYoungGen: 89808K->7296K(97280K)] 105337K->22857K(318976K), 0.0020680 secs] [Times: user=0.01 sys=0.00, real=0.00 secs] 
192.032: Total time for which application threads were stopped: 0.0036310 seconds, Stopping threads took: 0.0014770 seconds
192.108: Application time: 0.0757090 seconds
192.111: [GC [PSYoungGen: 90752K->6368K(97280K)] 106313K->21937K(318976K), 0.0020350 secs] [Times: user=0.01 sys=0.00, real=0.01 secs] 
192.113: Total time for which application threads were stopped: 0.0045600 seconds, Stopping threads took: 0.0024340 seconds
192.186: Application time: 0.0736680 seconds
192.189: [GC [PSYoungGen: 89824K->6432K(97280K)] 105393K->22001K(318976K), 0.0017840 secs] [Times: user=0.01 sys=0.00, real=0.00 secs] 
192.191: Total time for which application threads were stopped: 0.0043730 seconds, Stopping threads took: 0.0025080 seconds
192.263: Application time: 0.0719900 seconds
192.265: [GC [PSYoungGen: 89888K->7872K(97280K)] 105457K->23465K(318976K), 0.0021900 secs] [Times: user=0.02 sys=0.00, real=0.00 secs] 
192.267: Total time for which application threads were stopped: 0.0045460 seconds, Stopping threads took: 0.0022790 seconds
192.340: Application time: 0.0728310 seconds
192.342: [GC [PSYoungGen: 91328K->8288K(97280K)] 106921K->23889K(318976K), 0.0026880 secs] [Times: user=0.01 sys=0.00, real=0.00 secs] 
192.345: Total time for which application threads were stopped: 0.0044790 seconds, Stopping threads took: 0.0017050 seconds
192.418: Application time: 0.0737220 seconds
192.419: [GC [PSYoungGen: 91744K->7936K(97280K)] 107345K->23545K(318976K), 0.0022640 secs] [Times: user=0.01 sys=0.00, real=0.01 secs] 
192.422: Total time for which application threads were stopped: 0.0033700 seconds, Stopping threads took: 0.0010250 seconds
192.495: Application time: 0.0731900 seconds
192.496: [GC [PSYoungGen: 91392K->6928K(97280K)] 107001K->22545K(318976K), 0.0020520 secs] [Times: user=0.02 sys=0.00, real=0.00 secs] 
192.499: Total time for which application threads were stopped: 0.0037100 seconds, Stopping threads took: 0.0015730 seconds
192.572: Application time: 0.0729670 seconds
192.573: [GC [PSYoungGen: 90384K->7856K(97280K)] 106001K->23497K(318976K), 0.0023070 secs] [Times: user=0.02 sys=0.01, real=0.00 secs] 
192.575: Total time for which application threads were stopped: 0.0034520 seconds, Stopping threads took: 0.0010640 seconds
192.650: Application time: 0.0751420 seconds
192.652: [GC [PSYoungGen: 91312K->6272K(97280K)] 106953K->21913K(318976K), 0.0017260 secs] [Times: user=0.01 sys=0.00, real=0.01 secs] 
192.654: Total time for which application threads were stopped: 0.0036560 seconds, Stopping threads took: 0.0018490 seconds
192.728: Application time: 0.0740280 seconds
192.729: [GC [PSYoungGen: 89728K->6592K(97280K)] 105369K->22241K(318976K), 0.0021050 secs] [Times: user=0.02 sys=0.00, real=0.00 secs] 
192.731: Total time for which application threads were stopped: 0.0036330 seconds, Stopping threads took: 0.0014510 seconds
192.803: Application time: 0.0711710 seconds
192.805: [GC [PSYoungGen: 90048K->7008K(97280K)] 105697K->22665K(318976K), 0.0020060 secs] [Times: user=0.01 sys=0.00, real=0.00 secs] 
192.807: Total time for which application threads were stopped: 0.0040000 seconds, Stopping threads took: 0.0019160 seconds
192.882: Application time: 0.0755620 seconds
192.885: [GC [PSYoungGen: 90464K->6784K(97280K)] 106121K->22449K(318976K), 0.0018340 secs] [Times: user=0.01 sys=0.00, real=0.00 secs] 
192.887: Total time for which application threads were stopped: 0.0048860 seconds, Stopping threads took: 0.0029830 seconds
192.962: Application time: 0.0750650 seconds
192.964: [GC [PSYoungGen: 90239K->5696K(97280K)] 105904K->21369K(318976K), 0.0017190 secs] [Times: user=0.01 sys=0.00, real=0.00 secs] 
192.965: Total time for which application threads were stopped: 0.0031840 seconds, Stopping threads took: 0.0013970 seconds
193.041: Application time: 0.0757240 seconds
193.043: [GC [PSYoungGen: 89152K->6128K(97280K)] 104825K->21809K(318976K), 0.0017120 secs] [Times: user=0.01 sys=0.00, real=0.00 secs] 
193.045: Total time for which application threads were stopped: 0.0034530 seconds, Stopping threads took: 0.0016630 seconds
193.120: Application time: 0.0750960 seconds
193.122: [GC [PSYoungGen: 89584K->7872K(97280K)] 105265K->23561K(318976K), 0.0022850 secs] [Times: user=0.01 sys=0.00, real=0.00 secs] 
193.124: Total time for which application threads were stopped: 0.0048380 seconds, Stopping threads took: 0.0024680 seconds
193.201: Application time: 0.0763450 seconds
193.203: [GC [PSYoungGen: 91328K->7552K(97280K)] 107017K->23249K(318976K), 0.0021930 secs] [Times: user=0.01 sys=0.00, real=0.00 secs] 
193.205: Total time for which application threads were stopped: 0.0041060 seconds, Stopping threads took: 0.0018280 seconds
193.278: Application time: 0.0732750 seconds
193.280: [GC [PSYoungGen: 91008K->7264K(97280K)] 106705K->22969K(318976K), 0.0020730 secs] [Times: user=0.02 sys=0.00, real=0.01 secs] 
193.282: Total time for which application threads were stopped: 0.0036210 seconds, Stopping threads took: 0.0014570 seconds
193.358: Application time: 0.0757830 seconds
193.360: [GC [PSYoungGen: 90720K->7472K(97280K)] 106425K->23185K(318976K), 0.0022020 secs] [Times: user=0.01 sys=0.00, real=0.00 secs] 
193.363: Total time for which application threads were stopped: 0.0050560 seconds, Stopping threads took: 0.0027600 seconds
193.437: Application time: 0.0742740 seconds
193.439: [GC [PSYoungGen: 90928K->6944K(97280K)] 106641K->22665K(318976K), 0.0019550 secs] [Times: user=0.01 sys=0.01, real=0.01 secs] 
193.441: Total time for which application threads were stopped: 0.0039200 seconds, Stopping threads took: 0.0018910 seconds
193.515: Application time: 0.0740560 seconds
193.517: [GC [PSYoungGen: 90400K->6688K(97280K)] 106121K->22417K(318976K), 0.0019890 secs] [Times: user=0.01 sys=0.00, real=0.00 secs] 
193.519: Total time for which application threads were stopped: 0.0038870 seconds, Stopping threads took: 0.0018220 seconds
193.593: Application time: 0.0741560 seconds
193.595: [GC [PSYoungGen: 90144K->7616K(97280K)] 105873K->23353K(318976K), 0.0021780 secs] [Times: user=0.02 sys=0.00, real=0.00 secs] 
193.597: Total time for which application threads were stopped: 0.0038610 seconds, Stopping threads took: 0.0015940 seconds
193.671: Application time: 0.0741210 seconds
193.673: [GC [PSYoungGen: 91072K->6944K(97280K)] 106809K->22681K(318976K), 0.0019650 secs] [Times: user=0.01 sys=0.00, real=0.00 secs] 
193.675: Total time for which application threads were stopped: 0.0038940 seconds, Stopping threads took: 0.0018490 seconds
193.747: Application time: 0.0717910 seconds
193.749: [GC [PSYoungGen: 90400K->8240K(97280K)] 106137K->23985K(318976K), 0.0023670 secs] [Times: user=0.02 sys=0.00, real=0.00 secs] 
193.751: Total time for which application threads were stopped: 0.0045350 seconds, Stopping threads took: 0.0020870 seconds
193.825: Application time: 0.0739360 seconds
193.828: [GC [PSYoungGen: 91696K->7616K(97280K)] 107441K->23369K(318976K), 0.0022950 secs] [Times: user=0.01 sys=0.00, real=0.00 secs] 
193.830: Total time for which application threads were stopped: 0.0048900 seconds, Stopping threads took: 0.0025070 seconds
193.905: Application time: 0.0753530 seconds
193.906: [GC [PSYoungGen: 91072K->6576K(97280K)] 106825K->22337K(318976K), 0.0019250 secs] [Times: user=0.01 sys=0.00, real=0.00 secs] 
193.908: Total time for which application threads were stopped: 0.0029680 seconds, Stopping threads took: 0.0009650 seconds
193.984: Application time: 0.0759700 seconds
193.986: [GC [PSYoungGen: 90032K->5136K(97280K)] 105793K->20913K(318976K), 0.0015070 secs] [Times: user=0.01 sys=0.00, real=0.00 secs] 
193.988: Total time for which application threads were stopped: 0.0034230 seconds, Stopping threads took: 0.0018430 seconds
194.062: Application time: 0.0738710 seconds
194.064: [GC [PSYoungGen: 88592K->7328K(97280K)] 104369K->23113K(318976K), 0.0020270 secs] [Times: user=0.01 sys=0.00, real=0.00 secs] 
194.066: Total time for which application threads were stopped: 0.0044440 seconds, Stopping threads took: 0.0023420 seconds
194.139: Application time: 0.0727290 seconds
194.141: [GC [PSYoungGen: 90784K->7024K(97280K)] 106569K->22809K(318976K), 0.0019410 secs] [Times: user=0.01 sys=0.00, real=0.00 secs] 
194.143: Total time for which application threads were stopped: 0.0037830 seconds, Stopping threads took: 0.0017570 seconds
194.215: Application time: 0.0720290 seconds
194.217: [GC [PSYoungGen: 90480K->6448K(97280K)] 106265K->22241K(318976K), 0.0018900 secs] [Times: user=0.01 sys=0.00, real=0.00 secs] 
194.219: Total time for which application threads were stopped: 0.0041020 seconds, Stopping threads took: 0.0021360 seconds
194.293: Application time: 0.0740790 seconds
194.295: [GC [PSYoungGen: 89904K->7536K(97280K)] 105697K->23337K(318976K), 0.0021560 secs] [Times: user=0.01 sys=0.00, real=0.00 secs] 
194.297: Total time for which application threads were stopped: 0.0047090 seconds, Stopping threads took: 0.0024730 seconds
194.370: Application time: 0.0727800 seconds
194.373: [GC [PSYoungGen: 90992K->7568K(97280K)] 106793K->23377K(318976K), 0.0021310 secs] [Times: user=0.01 sys=0.00, real=0.00 secs] 
194.375: Total time for which application threads were stopped: 0.0046320 seconds, Stopping threads took: 0.0024280 seconds
194.449: Application time: 0.0742250 seconds
194.452: [GC [PSYoungGen: 91024K->8112K(97280K)] 106833K->23929K(318976K), 0.0023270 secs] [Times: user=0.01 sys=0.00, real=0.01 secs] 
194.454: Total time for which application threads were stopped: 0.0050650 seconds, Stopping threads took: 0.0026470 seconds
194.529: Application time: 0.0749870 seconds
194.532: [GC [PSYoungGen: 91568K->7008K(97280K)] 107385K->22825K(318976K), 0.0021120 secs] [Times: user=0.01 sys=0.00, real=0.01 secs] 
194.534: Total time for which application threads were stopped: 0.0045660 seconds, Stopping threads took: 0.0023660 seconds
194.609: Application time: 0.0754530 seconds
194.612: [GC [PSYoungGen: 90464K->7056K(97280K)] 106281K->22881K(318976K), 0.0019350 secs] [Times: user=0.02 sys=0.00, real=0.00 secs] 
194.614: Total time for which application threads were stopped: 0.0052460 seconds, Stopping threads took: 0.0032380 seconds
194.691: Application time: 0.0762970 seconds
194.693: [GC [PSYoungGen: 90512K->7520K(97280K)] 106337K->23353K(318976K), 0.0020890 secs] [Times: user=0.01 sys=0.00, real=0.00 secs] 
194.695: Total time for which application threads were stopped: 0.0039430 seconds, Stopping threads took: 0.0017720 seconds
194.770: Application time: 0.0749840 seconds
194.771: [GC [PSYoungGen: 90976K->6864K(97280K)] 106809K->22705K(318976K), 0.0020140 secs] [Times: user=0.01 sys=0.00, real=0.01 secs] 
194.773: Total time for which application threads were stopped: 0.0035350 seconds, Stopping threads took: 0.0014440 seconds
194.851: Application time: 0.0781080 seconds
194.853: [GC [PSYoungGen: 90320K->7728K(97280K)] 106161K->23569K(318976K), 0.0022480 secs] [Times: user=0.01 sys=0.00, real=0.00 secs] 
194.855: Total time for which application threads were stopped: 0.0039700 seconds, Stopping threads took: 0.0016440 seconds
194.930: Application time: 0.0742750 seconds
194.932: [GC [PSYoungGen: 91184K->7040K(97280K)] 107025K->22889K(318976K), 0.0019960 secs] [Times: user=0.01 sys=0.00, real=0.01 secs] 
194.934: Total time for which application threads were stopped: 0.0040100 seconds, Stopping threads took: 0.0019370 seconds
195.011: Application time: 0.0772080 seconds
195.012: [GC [PSYoungGen: 90496K->5760K(97280K)] 106345K->21609K(318976K), 0.0016650 secs] [Times: user=0.01 sys=0.00, real=0.00 secs] 
195.014: Total time for which application threads were stopped: 0.0033890 seconds, Stopping threads took: 0.0016540 seconds
195.091: Application time: 0.0769410 seconds
195.094: [GC [PSYoungGen: 89216K->7216K(97280K)] 105065K->23073K(318976K), 0.0021760 secs] [Times: user=0.01 sys=0.00, real=0.00 secs] 
195.096: Total time for which application threads were stopped: 0.0046240 seconds, Stopping threads took: 0.0023450 seconds
195.174: Application time: 0.0786290 seconds
195.177: [GC [PSYoungGen: 90672K->7136K(97280K)] 106529K->22993K(318976K), 0.0020270 secs] [Times: user=0.01 sys=0.00, real=0.00 secs] 
195.179: Total time for which application threads were stopped: 0.0049380 seconds, Stopping threads took: 0.0028360 seconds
195.262: Application time: 0.0823840 seconds
195.264: [GC [PSYoungGen: 90592K->7712K(97280K)] 106449K->23577K(318976K), 0.0020750 secs] [Times: user=0.01 sys=0.00, real=0.00 secs] 
195.267: Total time for which application threads were stopped: 0.0047970 seconds, Stopping threads took: 0.0026280 seconds
195.347: Application time: 0.0800890 seconds
195.349: [GC [PSYoungGen: 91168K->7488K(97280K)] 107033K->23361K(318976K), 0.0021440 secs] [Times: user=0.02 sys=0.00, real=0.00 secs] 
195.351: Total time for which application threads were stopped: 0.0043110 seconds, Stopping threads took: 0.0020860 seconds
195.431: Application time: 0.0804830 seconds
195.433: [GC [PSYoungGen: 90944K->6992K(97280K)] 106817K->22873K(318976K), 0.0021080 secs] [Times: user=0.02 sys=0.00, real=0.00 secs] 
195.435: Total time for which application threads were stopped: 0.0040020 seconds, Stopping threads took: 0.0018120 seconds
195.516: Application time: 0.0803370 seconds
195.518: [GC [PSYoungGen: 90448K->6752K(97280K)] 106329K->22633K(318976K), 0.0019770 secs] [Times: user=0.01 sys=0.00, real=0.00 secs] 
195.520: Total time for which application threads were stopped: 0.0045910 seconds, Stopping threads took: 0.0025320 seconds
195.600: Application time: 0.0801360 seconds
195.602: [GC [PSYoungGen: 90208K->8032K(97280K)] 106089K->23921K(318976K), 0.0023170 secs] [Times: user=0.02 sys=0.00, real=0.00 secs] 
195.605: Total time for which application threads were stopped: 0.0041880 seconds, Stopping threads took: 0.0017900 seconds
195.683: Application time: 0.0784100 seconds
195.685: [GC [PSYoungGen: 91488K->7680K(97280K)] 107377K->23569K(318976K), 0.0021850 secs] [Times: user=0.01 sys=0.00, real=0.00 secs] 
195.687: Total time for which application threads were stopped: 0.0041730 seconds, Stopping threads took: 0.0019060 seconds
195.766: Application time: 0.0791830 seconds
195.768: [GC [PSYoungGen: 91136K->7056K(97280K)] 107025K->22953K(318976K), 0.0020360 secs] [Times: user=0.01 sys=0.00, real=0.00 secs] 
195.770: Total time for which application threads were stopped: 0.0036450 seconds, Stopping threads took: 0.0015260 seconds
195.851: Application time: 0.0809690 seconds
195.853: [GC [PSYoungGen: 90512K->5856K(97280K)] 106409K->21761K(318976K), 0.0017450 secs] [Times: user=0.01 sys=0.00, real=0.00 secs] 
195.855: Total time for which application threads were stopped: 0.0039300 seconds, Stopping threads took: 0.0021110 seconds
195.934: Application time: 0.0788590 seconds
195.936: [GC [PSYoungGen: 89312K->7088K(97280K)] 105217K->23001K(318976K), 0.0020660 secs] [Times: user=0.01 sys=0.00, real=0.00 secs] 
195.939: Total time for which application threads were stopped: 0.0046730 seconds, Stopping threads took: 0.0025170 seconds
196.016: Application time: 0.0778710 seconds
196.018: [GC [PSYoungGen: 90544K->7056K(97280K)] 106457K->22977K(318976K), 0.0020760 secs] [Times: user=0.02 sys=0.00, real=0.00 secs] 
196.020: Total time for which application threads were stopped: 0.0038810 seconds, Stopping threads took: 0.0017230 seconds
196.098: Application time: 0.0780750 seconds
196.101: [GC [PSYoungGen: 90512K->6512K(97280K)] 106433K->22441K(318976K), 0.0018450 secs] [Times: user=0.01 sys=0.00, real=0.00 secs] 
196.103: Total time for which application threads were stopped: 0.0047650 seconds, Stopping threads took: 0.0028370 seconds
196.182: Application time: 0.0789560 seconds
196.184: [GC [PSYoungGen: 89968K->7488K(97280K)] 105897K->23417K(318976K), 0.0021240 secs] [Times: user=0.02 sys=0.00, real=0.00 secs] 
196.187: Total time for which application threads were stopped: 0.0045520 seconds, Stopping threads took: 0.0023520 seconds
196.267: Application time: 0.0799080 seconds
196.269: [GC [PSYoungGen: 90944K->6736K(97280K)] 106873K->22673K(318976K), 0.0019090 secs] [Times: user=0.01 sys=0.00, real=0.00 secs] 
196.271: Total time for which application threads were stopped: 0.0049040 seconds, Stopping threads took: 0.0029110 seconds
196.350: Application time: 0.0782870 seconds
196.352: [GC [PSYoungGen: 90192K->7216K(97280K)] 106129K->23161K(318976K), 0.0021930 secs] [Times: user=0.02 sys=0.00, real=0.01 secs] 
196.354: Total time for which application threads were stopped: 0.0044540 seconds, Stopping threads took: 0.0021760 seconds
196.436: Application time: 0.0822520 seconds
196.438: [GC [PSYoungGen: 90672K->5008K(97280K)] 106617K->20961K(318976K), 0.0015980 secs] [Times: user=0.01 sys=0.00, real=0.00 secs] 
196.440: Total time for which application threads were stopped: 0.0036030 seconds, Stopping threads took: 0.0019330 seconds
196.520: Application time: 0.0804600 seconds
196.523: [GC [PSYoungGen: 88464K->6656K(97280K)] 104417K->22625K(318976K), 0.0019530 secs] [Times: user=0.02 sys=0.00, real=0.00 secs] 
196.525: Total time for which application threads were stopped: 0.0041170 seconds, Stopping threads took: 0.0020810 seconds
196.604: Application time: 0.0794130 seconds
196.607: [GC [PSYoungGen: 90112K->7040K(97280K)] 106081K->23009K(318976K), 0.0018630 secs] [Times: user=0.01 sys=0.00, real=0.00 secs] 
196.609: Total time for which application threads were stopped: 0.0049800 seconds, Stopping threads took: 0.0030360 seconds
196.688: Application time: 0.0786710 seconds
196.689: [GC [PSYoungGen: 90496K->6944K(97280K)] 106465K->22921K(318976K), 0.0019880 secs] [Times: user=0.02 sys=0.00, real=0.00 secs] 
196.691: Total time for which application threads were stopped: 0.0036800 seconds, Stopping threads took: 0.0016150 seconds
196.770: Application time: 0.0786900 seconds
196.772: [GC [PSYoungGen: 90400K->6560K(97280K)] 106377K->22545K(318976K), 0.0019090 secs] [Times: user=0.01 sys=0.00, real=0.01 secs] 
196.774: Total time for which application threads were stopped: 0.0038230 seconds, Stopping threads took: 0.0018260 seconds
196.854: Application time: 0.0796530 seconds
196.856: [GC [PSYoungGen: 90016K->6160K(97280K)] 106001K->22161K(318976K), 0.0017740 secs] [Times: user=0.02 sys=0.00, real=0.00 secs] 
196.858: Total time for which application threads were stopped: 0.0043670 seconds, Stopping threads took: 0.0025190 seconds
196.941: Application time: 0.0826240 seconds
196.944: [GC [PSYoungGen: 89616K->6720K(97280K)] 105617K->22721K(318976K), 0.0019550 secs] [Times: user=0.01 sys=0.00, real=0.00 secs] 
196.946: Total time for which application threads were stopped: 0.0050710 seconds, Stopping threads took: 0.0030360 seconds
197.026: Application time: 0.0805960 seconds
197.029: [GC [PSYoungGen: 90176K->7872K(97280K)] 106177K->23881K(318976K), 0.0023510 secs] [Times: user=0.02 sys=0.00, real=0.00 secs] 
197.031: Total time for which application threads were stopped: 0.0051470 seconds, Stopping threads took: 0.0026900 seconds
197.112: Application time: 0.0802790 seconds
197.114: [GC [PSYoungGen: 91328K->7728K(97280K)] 107337K->23737K(318976K), 0.0021540 secs] [Times: user=0.02 sys=0.00, real=0.00 secs] 
197.116: Total time for which application threads were stopped: 0.0043770 seconds, Stopping threads took: 0.0021390 seconds
197.195: Application time: 0.0785680 seconds
197.196: [GC [PSYoungGen: 91184K->6064K(97280K)] 107193K->22081K(318976K), 0.0017990 secs] [Times: user=0.01 sys=0.00, real=0.00 secs] 
197.198: Total time for which application threads were stopped: 0.0036290 seconds, Stopping threads took: 0.0017460 seconds
197.279: Application time: 0.0810010 seconds
197.281: [GC [PSYoungGen: 89520K->5808K(97280K)] 105537K->21833K(318976K), 0.0018500 secs] [Times: user=0.01 sys=0.00, real=0.00 secs] 
197.283: Total time for which application threads were stopped: 0.0039430 seconds, Stopping threads took: 0.0020070 seconds
197.362: Application time: 0.0790530 seconds
197.365: [GC [PSYoungGen: 89264K->6432K(97280K)] 105289K->22473K(318976K), 0.0019130 secs] [Times: user=0.01 sys=0.00, real=0.00 secs] 
197.366: Total time for which application threads were stopped: 0.0042280 seconds, Stopping threads took: 0.0022330 seconds
197.446: Application time: 0.0790780 seconds
197.448: [GC [PSYoungGen: 89888K->7952K(97280K)] 105929K->23993K(318976K), 0.0021870 secs] [Times: user=0.02 sys=0.00, real=0.00 secs] 
197.450: Total time for which application threads were stopped: 0.0043440 seconds, Stopping threads took: 0.0020740 seconds
197.528: Application time: 0.0779420 seconds
197.530: [GC [PSYoungGen: 91408K->7456K(97280K)] 107449K->23521K(318976K), 0.0021880 secs] [Times: user=0.02 sys=0.00, real=0.00 secs] 
197.532: Total time for which application threads were stopped: 0.0043590 seconds, Stopping threads took: 0.0020690 seconds
197.614: Application time: 0.0814560 seconds
197.616: [GC [PSYoungGen: 90912K->5120K(97280K)] 106977K->21185K(318976K), 0.0016010 secs] [Times: user=0.01 sys=0.00, real=0.00 secs] 
197.617: Total time for which application threads were stopped: 0.0036220 seconds, Stopping threads took: 0.0019470 seconds
197.698: Application time: 0.0808760 seconds
197.700: [GC [PSYoungGen: 88576K->5696K(97280K)] 104641K->21769K(318976K), 0.0017500 secs] [Times: user=0.01 sys=0.00, real=0.01 secs] 
197.702: Total time for which application threads were stopped: 0.0039760 seconds, Stopping threads took: 0.0021460 seconds
197.782: Application time: 0.0796120 seconds
197.784: [GC [PSYoungGen: 89152K->7808K(97280K)] 105225K->23889K(318976K), 0.0023120 secs] [Times: user=0.02 sys=0.00, real=0.00 secs] 
197.786: Total time for which application threads were stopped: 0.0045720 seconds, Stopping threads took: 0.0021480 seconds
197.864: Application time: 0.0772630 seconds
197.866: [GC [PSYoungGen: 91264K->7456K(97280K)] 107345K->23545K(318976K), 0.0021280 secs] [Times: user=0.01 sys=0.00, real=0.00 secs] 
197.868: Total time for which application threads were stopped: 0.0045780 seconds, Stopping threads took: 0.0023700 seconds
197.948: Application time: 0.0799290 seconds
197.950: [GC [PSYoungGen: 90912K->7136K(97280K)] 107001K->23233K(318976K), 0.0021550 secs] [Times: user=0.01 sys=0.00, real=0.01 secs] 
197.952: Total time for which application threads were stopped: 0.0043230 seconds, Stopping threads took: 0.0020840 seconds
198.031: Application time: 0.0781780 seconds
198.033: [GC [PSYoungGen: 90592K->6752K(97280K)] 106689K->22857K(318976K), 0.0019510 secs] [Times: user=0.01 sys=0.00, real=0.00 secs] 
198.035: Total time for which application threads were stopped: 0.0042690 seconds, Stopping threads took: 0.0022440 seconds
198.117: Application time: 0.0822020 seconds
198.119: [GC [PSYoungGen: 90208K->5888K(97280K)] 106313K->21993K(318976K), 0.0016740 secs] [Times: user=0.01 sys=0.00, real=0.00 secs] 
198.120: Total time for which application threads were stopped: 0.0031440 seconds, Stopping threads took: 0.0013920 seconds
198.199: Application time: 0.0789040 seconds
198.201: [GC [PSYoungGen: 89344K->7856K(97280K)] 105449K->23969K(318976K), 0.0023290 secs] [Times: user=0.02 sys=0.00, real=0.00 secs] 
198.203: Total time for which application threads were stopped: 0.0042160 seconds, Stopping threads took: 0.0018010 seconds
198.281: Application time: 0.0776360 seconds
198.284: [GC [PSYoungGen: 91312K->6800K(97280K)] 107425K->22921K(318976K), 0.0019900 secs] [Times: user=0.02 sys=0.00, real=0.00 secs] 
198.286: Total time for which application threads were stopped: 0.0052200 seconds, Stopping threads took: 0.0031420 seconds
198.363: Application time: 0.0771150 seconds
198.366: [GC [PSYoungGen: 90256K->7776K(97280K)] 106377K->23905K(318976K), 0.0023170 secs] [Times: user=0.02 sys=0.00, real=0.00 secs] 
198.368: Total time for which application threads were stopped: 0.0045900 seconds, Stopping threads took: 0.0021770 seconds
198.446: Application time: 0.0782200 seconds
198.448: [GC [PSYoungGen: 91232K->7232K(97280K)] 107361K->23369K(318976K), 0.0020910 secs] [Times: user=0.02 sys=0.00, real=0.00 secs] 
198.450: Total time for which application threads were stopped: 0.0041470 seconds, Stopping threads took: 0.0019760 seconds
198.527: Application time: 0.0766230 seconds
198.529: [GC [PSYoungGen: 90688K->7760K(97280K)] 106825K->23905K(318976K), 0.0022520 secs] [Times: user=0.01 sys=0.00, real=0.00 secs] 
198.532: Total time for which application threads were stopped: 0.0045790 seconds, Stopping threads took: 0.0022450 seconds
198.610: Application time: 0.0787500 seconds
198.612: [GC [PSYoungGen: 91216K->7008K(97280K)] 107361K->23153K(318976K), 0.0021180 secs] [Times: user=0.02 sys=0.00, real=0.01 secs] 
198.614: Total time for which application threads were stopped: 0.0041290 seconds, Stopping threads took: 0.0019320 seconds
198.692: Application time: 0.0772820 seconds
198.695: [GC [PSYoungGen: 90464K->7520K(97280K)] 106609K->23673K(318976K), 0.0022520 secs] [Times: user=0.01 sys=0.00, real=0.00 secs] 
198.697: Total time for which application threads were stopped: 0.0054880 seconds, Stopping threads took: 0.0031550 seconds
198.777: Application time: 0.0798010 seconds
198.780: [GC [PSYoungGen: 90976K->6768K(97280K)] 107129K->22929K(318976K), 0.0019010 secs] [Times: user=0.01 sys=0.00, real=0.01 secs] 
198.782: Total time for which application threads were stopped: 0.0045760 seconds, Stopping threads took: 0.0026020 seconds
198.862: Application time: 0.0800300 seconds
198.863: [GC [PSYoungGen: 90224K->6240K(97280K)] 106385K->22417K(318976K), 0.0017830 secs] [Times: user=0.01 sys=0.00, real=0.00 secs] 
198.865: Total time for which application threads were stopped: 0.0032530 seconds, Stopping threads took: 0.0013900 seconds
198.945: Application time: 0.0803790 seconds
198.948: [GC [PSYoungGen: 89696K->6032K(97280K)] 105873K->22225K(318976K), 0.0017270 secs] [Times: user=0.01 sys=0.00, real=0.00 secs] 
198.950: Total time for which application threads were stopped: 0.0043160 seconds, Stopping threads took: 0.0025070 seconds
199.028: Application time: 0.0783630 seconds
199.031: [GC [PSYoungGen: 89488K->7632K(97280K)] 105681K->23833K(318976K), 0.0021680 secs] [Times: user=0.02 sys=0.00, real=0.01 secs] 
199.033: Total time for which application threads were stopped: 0.0050570 seconds, Stopping threads took: 0.0028090 seconds
199.108: Application time: 0.0747040 seconds
199.109: [GC [PSYoungGen: 91088K->6096K(97280K)] 107289K->22305K(318976K), 0.0020910 secs] [Times: user=0.01 sys=0.00, real=0.00 secs] 
199.112: Total time for which application threads were stopped: 0.0039470 seconds, Stopping threads took: 0.0017690 seconds
199.186: Application time: 0.0745270 seconds
199.189: [GC [PSYoungGen: 89552K->7504K(97280K)] 105761K->23713K(318976K), 0.0021510 secs] [Times: user=0.01 sys=0.00, real=0.00 secs] 
199.191: Total time for which application threads were stopped: 0.0051440 seconds, Stopping threads took: 0.0029170 seconds
199.265: Application time: 0.0737950 seconds
199.267: [GC [PSYoungGen: 90960K->7136K(97280K)] 107169K->23361K(318976K), 0.0021110 secs] [Times: user=0.01 sys=0.00, real=0.00 secs] 
199.269: Total time for which application threads were stopped: 0.0041780 seconds, Stopping threads took: 0.0019920 seconds
199.344: Application time: 0.0745650 seconds
199.346: [GC [PSYoungGen: 90592K->7504K(97280K)] 106817K->23729K(318976K), 0.0021680 secs] [Times: user=0.02 sys=0.00, real=0.00 secs] 
199.348: Total time for which application threads were stopped: 0.0043530 seconds, Stopping threads took: 0.0021070 seconds
199.423: Application time: 0.0751900 seconds
199.425: [GC [PSYoungGen: 90960K->6192K(97280K)] 107185K->22425K(318976K), 0.0018410 secs] [Times: user=0.01 sys=0.00, real=0.00 secs] 
199.427: Total time for which application threads were stopped: 0.0036890 seconds, Stopping threads took: 0.0017640 seconds
199.502: Application time: 0.0750040 seconds
199.504: [GC [PSYoungGen: 89648K->6800K(97280K)] 105881K->23041K(318976K), 0.0018450 secs] [Times: user=0.01 sys=0.01, real=0.00 secs] 
199.506: Total time for which application threads were stopped: 0.0041410 seconds, Stopping threads took: 0.0022170 seconds
199.582: Application time: 0.0754380 seconds
199.583: [GC [PSYoungGen: 90256K->6768K(97280K)] 106497K->23017K(318976K), 0.0019960 secs] [Times: user=0.00 sys=0.00, real=0.00 secs] 
199.585: Total time for which application threads were stopped: 0.0031520 seconds, Stopping threads took: 0.0010750 seconds
199.660: Application time: 0.0751590 seconds
199.662: [GC [PSYoungGen: 90224K->6000K(97280K)] 106473K->22249K(318976K), 0.0018450 secs] [Times: user=0.01 sys=0.00, real=0.00 secs] 
199.664: Total time for which application threads were stopped: 0.0035340 seconds, Stopping threads took: 0.0016130 seconds
199.740: Application time: 0.0765560 seconds
199.742: [GC [PSYoungGen: 89456K->6112K(97280K)] 105705K->22369K(318976K), 0.0018230 secs] [Times: user=0.01 sys=0.00, real=0.00 secs] 
199.744: Total time for which application threads were stopped: 0.0037790 seconds, Stopping threads took: 0.0018820 seconds
199.819: Application time: 0.0747660 seconds
199.820: [GC [PSYoungGen: 89568K->6928K(97280K)] 105825K->23193K(318976K), 0.0019520 secs] [Times: user=0.01 sys=0.00, real=0.00 secs] 
199.822: Total time for which application threads were stopped: 0.0037550 seconds, Stopping threads took: 0.0017230 seconds
199.893: Application time: 0.0710590 seconds
199.895: [GC [PSYoungGen: 90384K->8320K(97280K)] 106649K->24593K(318976K), 0.0026170 secs] [Times: user=0.02 sys=0.00, real=0.00 secs] 
199.898: Total time for which application threads were stopped: 0.0044540 seconds, Stopping threads took: 0.0017550 seconds
199.972: Application time: 0.0736340 seconds
199.973: [GC [PSYoungGen: 91776K->7824K(97280K)] 108049K->24105K(318976K), 0.0021540 secs] [Times: user=0.01 sys=0.00, real=0.00 secs] 
199.975: Total time for which application threads were stopped: 0.0038350 seconds, Stopping threads took: 0.0016060 seconds
200.048: Application time: 0.0727420 seconds
200.050: [GC [PSYoungGen: 91280K->7872K(97280K)] 107561K->24169K(318976K), 0.0022180 secs] [Times: user=0.01 sys=0.00, real=0.00 secs] 
200.052: Total time for which application threads were stopped: 0.0041370 seconds, Stopping threads took: 0.0018320 seconds
200.128: Application time: 0.0760390 seconds
200.130: [GC [PSYoungGen: 91328K->7424K(97280K)] 107625K->23721K(318976K), 0.0019870 secs] [Times: user=0.01 sys=0.00, real=0.00 secs] 
200.132: Total time for which application threads were stopped: 0.0040130 seconds, Stopping threads took: 0.0019530 seconds
200.206: Application time: 0.0737770 seconds
200.209: [GC [PSYoungGen: 90880K->7024K(97280K)] 107177K->23329K(318976K), 0.0019740 secs] [Times: user=0.01 sys=0.00, real=0.00 secs] 
200.211: Total time for which application threads were stopped: 0.0046060 seconds, Stopping threads took: 0.0025630 seconds
200.284: Application time: 0.0730200 seconds
200.286: [GC [PSYoungGen: 90480K->7296K(97280K)] 106785K->23609K(318976K), 0.0019980 secs] [Times: user=0.01 sys=0.00, real=0.00 secs] 
200.288: Total time for which application threads were stopped: 0.0042520 seconds, Stopping threads took: 0.0021850 seconds
200.363: Application time: 0.0752420 seconds
200.366: [GC [PSYoungGen: 90752K->7584K(97280K)] 107065K->23905K(318976K), 0.0021120 secs] [Times: user=0.01 sys=0.00, real=0.00 secs] 
200.368: Total time for which application threads were stopped: 0.0047390 seconds, Stopping threads took: 0.0025460 seconds
200.442: Application time: 0.0738660 seconds
200.445: [GC [PSYoungGen: 91040K->6000K(97280K)] 107361K->22329K(318976K), 0.0017670 secs] [Times: user=0.02 sys=0.00, real=0.00 secs] 
200.447: Total time for which application threads were stopped: 0.0048230 seconds, Stopping threads took: 0.0029750 seconds
200.522: Application time: 0.0752020 seconds
200.523: [GC [PSYoungGen: 89456K->5504K(97280K)] 105785K->21841K(318976K), 0.0015910 secs] [Times: user=0.01 sys=0.00, real=0.00 secs] 
200.525: Total time for which application threads were stopped: 0.0031060 seconds, Stopping threads took: 0.0014470 seconds
200.597: Application time: 0.0715970 seconds
200.599: [GC [PSYoungGen: 88960K->8000K(97280K)] 105297K->24337K(318976K), 0.0022770 secs] [Times: user=0.02 sys=0.00, real=0.01 secs] 
200.602: Total time for which application threads were stopped: 0.0051700 seconds, Stopping threads took: 0.0028070 seconds
200.677: Application time: 0.0748600 seconds
200.679: [GC [PSYoungGen: 91456K->7152K(97280K)] 107793K->23497K(318976K), 0.0020590 secs] [Times: user=0.02 sys=0.00, real=0.01 secs] 
200.681: Total time for which application threads were stopped: 0.0046010 seconds, Stopping threads took: 0.0024580 seconds
200.754: Application time: 0.0727910 seconds
200.756: [GC [PSYoungGen: 90608K->7568K(97280K)] 106953K->23921K(318976K), 0.0021370 secs] [Times: user=0.01 sys=0.00, real=0.00 secs] 
200.758: Total time for which application threads were stopped: 0.0039450 seconds, Stopping threads took: 0.0017360 seconds
200.833: Application time: 0.0745960 seconds
200.834: [GC [PSYoungGen: 91024K->7664K(97280K)] 107377K->24033K(318976K), 0.0022560 secs] [Times: user=0.01 sys=0.00, real=0.00 secs] 
200.837: Total time for which application threads were stopped: 0.0041290 seconds, Stopping threads took: 0.0017630 seconds
200.912: Application time: 0.0752110 seconds
200.913: [GC [PSYoungGen: 91120K->7344K(97280K)] 107489K->23721K(318976K), 0.0020480 secs] [Times: user=0.01 sys=0.00, real=0.00 secs] 
200.916: Total time for which application threads were stopped: 0.0036620 seconds, Stopping threads took: 0.0015330 seconds
200.989: Application time: 0.0733890 seconds
200.992: [GC [PSYoungGen: 90800K->7088K(97280K)] 107177K->23473K(318976K), 0.0020730 secs] [Times: user=0.01 sys=0.00, real=0.01 secs] 
200.994: Total time for which application threads were stopped: 0.0047600 seconds, Stopping threads took: 0.0025860 seconds
201.069: Application time: 0.0748730 seconds
201.071: [GC [PSYoungGen: 90544K->7504K(97280K)] 106929K->23889K(318976K), 0.0021390 secs] [Times: user=0.01 sys=0.00, real=0.01 secs] 
201.073: Total time for which application threads were stopped: 0.0045280 seconds, Stopping threads took: 0.0023070 seconds
201.148: Application time: 0.0753510 seconds
201.150: [GC [PSYoungGen: 90960K->6624K(97280K)] 107345K->23017K(318976K), 0.0018630 secs] [Times: user=0.01 sys=0.00, real=0.00 secs] 
201.152: Total time for which application threads were stopped: 0.0035380 seconds, Stopping threads took: 0.0015910 seconds
201.228: Application time: 0.0760720 seconds
201.230: [GC [PSYoungGen: 90080K->7168K(97280K)] 106473K->23569K(318976K), 0.0020090 secs] [Times: user=0.01 sys=0.00, real=0.00 secs] 
201.232: Total time for which application threads were stopped: 0.0041380 seconds, Stopping threads took: 0.0020560 seconds
201.305: Application time: 0.0732740 seconds
201.308: [GC [PSYoungGen: 90624K->8368K(97280K)] 107025K->24777K(318976K), 0.0023820 secs] [Times: user=0.01 sys=0.00, real=0.00 secs] 
201.311: Total time for which application threads were stopped: 0.0050890 seconds, Stopping threads took: 0.0026230 seconds
201.386: Application time: 0.0757660 seconds
201.388: [GC [PSYoungGen: 91824K->7856K(97280K)] 108233K->24273K(318976K), 0.0023220 secs] [Times: user=0.01 sys=0.00, real=0.00 secs] 
201.390: Total time for which application threads were stopped: 0.0037750 seconds, Stopping threads took: 0.0013690 seconds
201.468: Application time: 0.0775960 seconds
201.469: [GC [PSYoungGen: 91312K->6576K(97280K)] 107729K->23001K(318976K), 0.0019110 secs] [Times: user=0.01 sys=0.00, real=0.00 secs] 
201.471: Total time for which application threads were stopped: 0.0031270 seconds, Stopping threads took: 0.0011370 seconds
201.545: Application time: 0.0742390 seconds
201.547: [GC [PSYoungGen: 90032K->7808K(97280K)] 106457K->24241K(318976K), 0.0022050 secs] [Times: user=0.02 sys=0.00, real=0.00 secs] 
201.549: Total time for which application threads were stopped: 0.0042750 seconds, Stopping threads took: 0.0019850 seconds
201.625: Application time: 0.0753660 seconds
201.626: [GC [PSYoungGen: 91264K->5488K(97280K)] 107697K->21929K(318976K), 0.0016310 secs] [Times: user=0.01 sys=0.00, real=0.00 secs] 
201.627: Total time for which application threads were stopped: 0.0026810 seconds, Stopping threads took: 0.0009790 seconds
201.703: Application time: 0.0751710 seconds
201.704: [GC [PSYoungGen: 88944K->7008K(97280K)] 105385K->23465K(318976K), 0.0020250 secs] [Times: user=0.01 sys=0.01, real=0.00 secs] 
201.706: Total time for which application threads were stopped: 0.0038500 seconds, Stopping threads took: 0.0017370 seconds
201.783: Application time: 0.0763940 seconds
201.785: [GC [PSYoungGen: 90464K->6704K(97280K)] 106921K->23161K(318976K), 0.0019870 secs] [Times: user=0.02 sys=0.00, real=0.00 secs] 
201.787: Total time for which application threads were stopped: 0.0037440 seconds, Stopping threads took: 0.0016800 seconds
201.860: Application time: 0.0739030 seconds
201.862: [GC [PSYoungGen: 90160K->6768K(97280K)] 106617K->23233K(318976K), 0.0019770 secs] [Times: user=0.01 sys=0.00, real=0.00 secs] 
201.864: Total time for which application threads were stopped: 0.0035820 seconds, Stopping threads took: 0.0015270 seconds
201.940: Application time: 0.0756850 seconds
201.941: [GC [PSYoungGen: 90224K->6720K(97280K)] 106689K->23193K(318976K), 0.0019420 secs] [Times: user=0.01 sys=0.00, real=0.00 secs] 
201.943: Total time for which application threads were stopped: 0.0031670 seconds, Stopping threads took: 0.0011510 seconds
202.016: Application time: 0.0728900 seconds
202.019: [GC [PSYoungGen: 90176K->7536K(97280K)] 106649K->24017K(318976K), 0.0021530 secs] [Times: user=0.02 sys=0.00, real=0.01 secs] 
202.021: Total time for which application threads were stopped: 0.0049560 seconds, Stopping threads took: 0.0027030 seconds
202.095: Application time: 0.0747420 seconds
202.097: [GC [PSYoungGen: 90992K->7520K(97280K)] 107473K->24001K(318976K), 0.0021510 secs] [Times: user=0.02 sys=0.00, real=0.00 secs] 
202.099: Total time for which application threads were stopped: 0.0037590 seconds, Stopping threads took: 0.0015270 seconds
202.173: Application time: 0.0738180 seconds
202.175: [GC [PSYoungGen: 90976K->7520K(97280K)] 107457K->24009K(318976K), 0.0021620 secs] [Times: user=0.02 sys=0.00, real=0.00 secs] 
202.178: Total time for which application threads were stopped: 0.0045110 seconds, Stopping threads took: 0.0022720 seconds
202.251: Application time: 0.0737590 seconds
202.254: [GC [PSYoungGen: 90976K->7904K(97280K)] 107465K->24393K(318976K), 0.0022180 secs] [Times: user=0.01 sys=0.00, real=0.00 secs] 
202.256: Total time for which application threads were stopped: 0.0044380 seconds, Stopping threads took: 0.0021290 seconds
202.329: Application time: 0.0730190 seconds
202.331: [GC [PSYoungGen: 91360K->6496K(97280K)] 107849K->22993K(318976K), 0.0020400 secs] [Times: user=0.01 sys=0.00, real=0.01 secs] 
202.333: Total time for which application threads were stopped: 0.0044770 seconds, Stopping threads took: 0.0023590 seconds
202.407: Application time: 0.0733390 seconds
202.409: [GC [PSYoungGen: 89952K->6480K(97280K)] 106449K->22985K(318976K), 0.0021400 secs] [Times: user=0.01 sys=0.00, real=0.00 secs] 
202.411: Total time for which application threads were stopped: 0.0047270 seconds, Stopping threads took: 0.0025050 seconds
202.484: Application time: 0.0727930 seconds
202.486: [GC [PSYoungGen: 89936K->7040K(97280K)] 106441K->23553K(318976K), 0.0021120 secs] [Times: user=0.01 sys=0.00, real=0.00 secs] 
202.489: Total time for which application threads were stopped: 0.0044860 seconds, Stopping threads took: 0.0022980 seconds
202.562: Application time: 0.0733500 seconds
202.563: [GC [PSYoungGen: 90496K->8352K(97280K)] 107009K->24865K(318976K), 0.0025250 secs] [Times: user=0.02 sys=0.00, real=0.00 secs] 
202.566: Total time for which application threads were stopped: 0.0038970 seconds, Stopping threads took: 0.0012690 seconds
202.642: Application time: 0.0757980 seconds
202.644: [GC [PSYoungGen: 91808K->6096K(97280K)] 108321K->22617K(318976K), 0.0018050 secs] [Times: user=0.01 sys=0.00, real=0.00 secs] 
202.645: Total time for which application threads were stopped: 0.0037240 seconds, Stopping threads took: 0.0018430 seconds
202.719: Application time: 0.0734500 seconds
202.721: [GC [PSYoungGen: 89552K->7200K(97280K)] 106073K->23729K(318976K), 0.0020140 secs] [Times: user=0.01 sys=0.00, real=0.00 secs] 
202.723: Total time for which application threads were stopped: 0.0037700 seconds, Stopping threads took: 0.0016770 seconds
202.798: Application time: 0.0751520 seconds
202.800: [GC [PSYoungGen: 90656K->6352K(97280K)] 107185K->22889K(318976K), 0.0021030 secs] [Times: user=0.02 sys=0.00, real=0.01 secs] 
202.802: Total time for which application threads were stopped: 0.0042810 seconds, Stopping threads took: 0.0020950 seconds
202.875: Application time: 0.0728600 seconds
202.877: [GC [PSYoungGen: 89808K->6240K(97280K)] 106345K->22793K(318976K), 0.0018200 secs] [Times: user=0.02 sys=0.00, real=0.00 secs] 
202.879: Total time for which application threads were stopped: 0.0036930 seconds, Stopping threads took: 0.0018010 seconds
202.950: Application time: 0.0716680 seconds
202.953: [GC [PSYoungGen: 89696K->7568K(97280K)] 106249K->24129K(318976K), 0.0021660 secs] [Times: user=0.02 sys=0.00, real=0.00 secs] 
202.955: Total time for which application threads were stopped: 0.0045130 seconds, Stopping threads took: 0.0022680 seconds
203.030: Application time: 0.0747840 seconds
203.031: [GC [PSYoungGen: 91024K->6656K(97280K)] 107585K->23217K(318976K), 0.0019790 secs] [Times: user=0.01 sys=0.00, real=0.01 secs] 
203.033: Total time for which application threads were stopped: 0.0032350 seconds, Stopping threads took: 0.0011800 seconds
203.115: Application time: 0.0823300 seconds
203.116: [GC [PSYoungGen: 90112K->5760K(97280K)] 106673K->22329K(318976K), 0.0017230 secs] [Times: user=0.01 sys=0.00, real=0.00 secs] 
203.118: Total time for which application threads were stopped: 0.0029310 seconds, Stopping threads took: 0.0011290 seconds
203.197: Application time: 0.0785140 seconds
203.199: [GC [PSYoungGen: 89216K->8144K(97280K)] 105785K->24721K(318976K), 0.0022040 secs] [Times: user=0.02 sys=0.00, real=0.01 secs] 
203.202: Total time for which application threads were stopped: 0.0048780 seconds, Stopping threads took: 0.0025950 seconds
203.280: Application time: 0.0789500 seconds
203.283: [GC [PSYoungGen: 91600K->7568K(97280K)] 108177K->24153K(318976K), 0.0021670 secs] [Times: user=0.02 sys=0.00, real=0.00 secs] 
203.285: Total time for which application threads were stopped: 0.0045740 seconds, Stopping threads took: 0.0023180 seconds
203.362: Application time: 0.0769140 seconds
203.363: [GC [PSYoungGen: 91024K->7776K(97280K)] 107609K->24369K(318976K), 0.0023180 secs] [Times: user=0.02 sys=0.00, real=0.00 secs] 
203.366: Total time for which application threads were stopped: 0.0038850 seconds, Stopping threads took: 0.0014590 seconds
203.445: Application time: 0.0793790 seconds
203.447: [GC [PSYoungGen: 91232K->7120K(97280K)] 107825K->23729K(318976K), 0.0020720 secs] [Times: user=0.02 sys=0.00, real=0.00 secs] 
203.449: Total time for which application threads were stopped: 0.0042770 seconds, Stopping threads took: 0.0021250 seconds
203.528: Application time: 0.0780660 seconds
203.529: [GC [PSYoungGen: 90575K->6848K(97280K)] 107185K->23465K(318976K), 0.0020520 secs] [Times: user=0.01 sys=0.00, real=0.00 secs] 
203.531: Total time for which application threads were stopped: 0.0036840 seconds, Stopping threads took: 0.0015520 seconds
203.612: Application time: 0.0809170 seconds
203.614: [GC [PSYoungGen: 90304K->7088K(97280K)] 106921K->23713K(318976K), 0.0020910 secs] [Times: user=0.01 sys=0.00, real=0.00 secs] 
203.616: Total time for which application threads were stopped: 0.0036950 seconds, Stopping threads took: 0.0015240 seconds
203.694: Application time: 0.0777180 seconds
203.696: [GC [PSYoungGen: 90544K->6464K(97280K)] 107169K->23097K(318976K), 0.0019090 secs] [Times: user=0.01 sys=0.00, real=0.00 secs] 
203.698: Total time for which application threads were stopped: 0.0043270 seconds, Stopping threads took: 0.0023290 seconds
203.778: Application time: 0.0801180 seconds
203.780: [GC [PSYoungGen: 89920K->5936K(97280K)] 106553K->22577K(318976K), 0.0016250 secs] [Times: user=0.01 sys=0.00, real=0.00 secs] 
203.782: Total time for which application threads were stopped: 0.0040730 seconds, Stopping threads took: 0.0023740 seconds
203.862: Application time: 0.0797420 seconds
203.864: [GC [PSYoungGen: 89392K->8208K(97280K)] 106033K->24849K(318976K), 0.0024060 secs] [Times: user=0.01 sys=0.00, real=0.00 secs] 
203.867: Total time for which application threads were stopped: 0.0046530 seconds, Stopping threads took: 0.0021560 seconds
203.944: Application time: 0.0778490 seconds
203.947: [GC [PSYoungGen: 91664K->7920K(97280K)] 108305K->24569K(318976K), 0.0022650 secs] [Times: user=0.02 sys=0.00, real=0.00 secs] 
203.949: Total time for which application threads were stopped: 0.0050470 seconds, Stopping threads took: 0.0026930 seconds
204.029: Application time: 0.0795530 seconds
204.031: [GC [PSYoungGen: 91376K->6704K(97280K)] 108025K->23369K(318976K), 0.0019730 secs] [Times: user=0.01 sys=0.01, real=0.01 secs] 
204.033: Total time for which application threads were stopped: 0.0045210 seconds, Stopping threads took: 0.0024660 seconds
204.112: Application time: 0.0788030 seconds
204.115: [GC [PSYoungGen: 90160K->6880K(97280K)] 106825K->23545K(318976K), 0.0020200 secs] [Times: user=0.01 sys=0.00, real=0.00 secs] 
204.117: Total time for which application threads were stopped: 0.0043120 seconds, Stopping threads took: 0.0022120 seconds
204.196: Application time: 0.0792940 seconds
204.199: [GC [PSYoungGen: 90336K->6448K(97280K)] 107001K->23121K(318976K), 0.0018460 secs] [Times: user=0.00 sys=0.01, real=0.01 secs] 
204.201: Total time for which application threads were stopped: 0.0047370 seconds, Stopping threads took: 0.0028170 seconds
204.277: Application time: 0.0762890 seconds
204.279: [GC [PSYoungGen: 89904K->6752K(97280K)] 106577K->23433K(318976K), 0.0020910 secs] [Times: user=0.01 sys=0.00, real=0.01 secs] 
204.281: Total time for which application threads were stopped: 0.0039280 seconds, Stopping threads took: 0.0017570 seconds
204.361: Application time: 0.0800410 seconds
204.363: [GC [PSYoungGen: 90208K->6416K(97280K)] 106889K->23097K(318976K), 0.0018740 secs] [Times: user=0.01 sys=0.00, real=0.00 secs] 
204.365: Total time for which application threads were stopped: 0.0037480 seconds, Stopping threads took: 0.0017970 seconds
204.443: Application time: 0.0783430 seconds
204.445: [GC [PSYoungGen: 89872K->7872K(97280K)] 106553K->24561K(318976K), 0.0021560 secs] [Times: user=0.02 sys=0.00, real=0.00 secs] 
204.447: Total time for which application threads were stopped: 0.0039130 seconds, Stopping threads took: 0.0016830 seconds
204.525: Application time: 0.0780800 seconds
204.527: [GC [PSYoungGen: 91328K->6912K(97280K)] 108017K->23609K(318976K), 0.0019800 secs] [Times: user=0.01 sys=0.00, real=0.00 secs] 
204.529: Total time for which application threads were stopped: 0.0041370 seconds, Stopping threads took: 0.0020670 seconds
204.608: Application time: 0.0784580 seconds
204.610: [GC [PSYoungGen: 90368K->7360K(97280K)] 107065K->24057K(318976K), 0.0020690 secs] [Times: user=0.01 sys=0.00, real=0.01 secs] 
204.613: Total time for which application threads were stopped: 0.0049650 seconds, Stopping threads took: 0.0028220 seconds
204.694: Application time: 0.0811310 seconds
204.696: [GC [PSYoungGen: 90816K->5392K(97280K)] 107513K->22097K(318976K), 0.0016230 secs] [Times: user=0.01 sys=0.00, real=0.00 secs] 
204.698: Total time for which application threads were stopped: 0.0042050 seconds, Stopping threads took: 0.0025140 seconds
204.778: Application time: 0.0800840 seconds
204.780: [GC [PSYoungGen: 88848K->6544K(97280K)] 105553K->23257K(318976K), 0.0018780 secs] [Times: user=0.01 sys=0.00, real=0.01 secs] 
204.782: Total time for which application threads were stopped: 0.0040180 seconds, Stopping threads took: 0.0020590 seconds
204.862: Application time: 0.0794980 seconds
204.863: [GC [PSYoungGen: 90000K->5664K(97280K)] 106713K->22385K(318976K), 0.0017050 secs] [Times: user=0.02 sys=0.00, real=0.00 secs] 
204.865: Total time for which application threads were stopped: 0.0037010 seconds, Stopping threads took: 0.0019160 seconds
204.947: Application time: 0.0814100 seconds
204.949: [GC [PSYoungGen: 89120K->6768K(97280K)] 105841K->23505K(318976K), 0.0019190 secs] [Times: user=0.01 sys=0.00, real=0.00 secs] 
204.951: Total time for which application threads were stopped: 0.0041550 seconds, Stopping threads took: 0.0021440 seconds
205.031: Application time: 0.0801170 seconds
205.034: [GC [PSYoungGen: 90224K->7344K(97280K)] 106961K->24089K(318976K), 0.0022580 secs] [Times: user=0.01 sys=0.00, real=0.00 secs] 
205.036: Total time for which application threads were stopped: 0.0053890 seconds, Stopping threads took: 0.0030400 seconds
205.118: Application time: 0.0813100 seconds
205.121: [GC [PSYoungGen: 90800K->7584K(97280K)] 107545K->24329K(318976K), 0.0022210 secs] [Times: user=0.01 sys=0.00, real=0.00 secs] 
205.123: Total time for which application threads were stopped: 0.0054930 seconds, Stopping threads took: 0.0031690 seconds
205.201: Application time: 0.0779720 seconds
205.204: [GC [PSYoungGen: 91040K->7888K(97280K)] 107785K->24641K(318976K), 0.0023570 secs] [Times: user=0.02 sys=0.00, real=0.00 secs] 
205.207: Total time for which application threads were stopped: 0.0057200 seconds, Stopping threads took: 0.0032710 seconds
205.287: Application time: 0.0803570 seconds
205.290: [GC [PSYoungGen: 91344K->7792K(97280K)] 108097K->24553K(318976K), 0.0021390 secs] [Times: user=0.01 sys=0.00, real=0.01 secs] 
205.292: Total time for which application threads were stopped: 0.0052700 seconds, Stopping threads took: 0.0030530 seconds
205.370: Application time: 0.0774910 seconds
205.372: [GC [PSYoungGen: 91248K->7776K(97280K)] 108009K->24545K(318976K), 0.0021950 secs] [Times: user=0.01 sys=0.00, real=0.00 secs] 
205.375: Total time for which application threads were stopped: 0.0047090 seconds, Stopping threads took: 0.0024250 seconds
205.454: Application time: 0.0789350 seconds
205.456: [GC [PSYoungGen: 91232K->8368K(97280K)] 108001K->25145K(318976K), 0.0024080 secs] [Times: user=0.01 sys=0.00, real=0.00 secs] 
205.459: Total time for which application threads were stopped: 0.0050840 seconds, Stopping threads took: 0.0025900 seconds
205.537: Application time: 0.0786240 seconds
205.540: [GC [PSYoungGen: 91824K->6240K(97280K)] 108601K->23025K(318976K), 0.0018780 secs] [Times: user=0.02 sys=0.00, real=0.01 secs] 
205.542: Total time for which application threads were stopped: 0.0043550 seconds, Stopping threads took: 0.0023890 seconds
205.621: Application time: 0.0790030 seconds
205.622: [GC [PSYoungGen: 89696K->7760K(97280K)] 106481K->24545K(318976K), 0.0021080 secs] [Times: user=0.02 sys=0.00, real=0.00 secs] 
205.624: Total time for which application threads were stopped: 0.0035390 seconds, Stopping threads took: 0.0013500 seconds
205.704: Application time: 0.0795520 seconds
205.706: [GC [PSYoungGen: 91216K->7536K(97280K)] 108001K->24329K(318976K), 0.0021970 secs] [Times: user=0.00 sys=0.00, real=0.00 secs] 
205.709: Total time for which application threads were stopped: 0.0049550 seconds, Stopping threads took: 0.0026660 seconds
205.790: Application time: 0.0812060 seconds
205.792: [GC [PSYoungGen: 90992K->5776K(97280K)] 107785K->22577K(318976K), 0.0016900 secs] [Times: user=0.01 sys=0.00, real=0.01 secs] 
205.793: Total time for which application threads were stopped: 0.0035030 seconds, Stopping threads took: 0.0017270 seconds
205.873: Application time: 0.0796910 seconds
205.876: [GC [PSYoungGen: 89232K->7424K(97280K)] 106033K->24233K(318976K), 0.0021720 secs] [Times: user=0.02 sys=0.00, real=0.00 secs] 
205.878: Total time for which application threads were stopped: 0.0050820 seconds, Stopping threads took: 0.0028230 seconds
205.958: Application time: 0.0800240 seconds
205.962: [GC [PSYoungGen: 90880K->7216K(97280K)] 107689K->24033K(318976K), 0.0020740 secs] [Times: user=0.02 sys=0.00, real=0.00 secs] 
205.964: Total time for which application threads were stopped: 0.0054620 seconds, Stopping threads took: 0.0033100 seconds
206.043: Application time: 0.0789790 seconds
206.046: [GC [PSYoungGen: 90672K->7664K(97280K)] 107489K->24489K(318976K), 0.0021590 secs] [Times: user=0.01 sys=0.00, real=0.00 secs] 
206.048: Total time for which application threads were stopped: 0.0052850 seconds, Stopping threads took: 0.0030390 seconds
206.129: Application time: 0.0806270 seconds
206.131: [GC [PSYoungGen: 91120K->8160K(97280K)] 107945K->25001K(318976K), 0.0023710 secs] [Times: user=0.02 sys=0.00, real=0.01 secs] 
206.133: Total time for which application threads were stopped: 0.0043940 seconds, Stopping threads took: 0.0019370 seconds
206.212: Application time: 0.0790420 seconds
206.214: [GC [PSYoungGen: 91616K->6752K(97280K)] 108457K->23593K(318976K), 0.0020030 secs] [Times: user=0.02 sys=0.00, real=0.00 secs] 
206.216: Total time for which application threads were stopped: 0.0036600 seconds, Stopping threads took: 0.0015720 seconds
206.296: Application time: 0.0802990 seconds
206.298: [GC [PSYoungGen: 90208K->6352K(97280K)] 107049K->23209K(318976K), 0.0018080 secs] [Times: user=0.01 sys=0.00, real=0.00 secs] 
206.300: Total time for which application threads were stopped: 0.0035300 seconds, Stopping threads took: 0.0016500 seconds
206.382: Application time: 0.0829690 seconds
206.386: [GC [PSYoungGen: 89808K->6672K(97280K)] 106665K->23537K(318976K), 0.0019420 secs] [Times: user=0.01 sys=0.00, real=0.00 secs] 
206.388: Total time for which application threads were stopped: 0.0050480 seconds, Stopping threads took: 0.0030280 seconds
206.467: Application time: 0.0799620 seconds
206.471: [GC [PSYoungGen: 90128K->7440K(97280K)] 106993K->24305K(318976K), 0.0021230 secs] [Times: user=0.02 sys=0.00, real=0.01 secs] 
206.473: Total time for which application threads were stopped: 0.0054170 seconds, Stopping threads took: 0.0031960 seconds
206.550: Application time: 0.0773990 seconds
206.553: [GC [PSYoungGen: 90896K->7504K(97280K)] 107761K->24393K(318976K), 0.0022320 secs] [Times: user=0.01 sys=0.00, real=0.00 secs] 
206.555: Total time for which application threads were stopped: 0.0045720 seconds, Stopping threads took: 0.0022500 seconds
206.633: Application time: 0.0784660 seconds
206.636: [GC [PSYoungGen: 90960K->7424K(97280K)] 107849K->24321K(318976K), 0.0020360 secs] [Times: user=0.02 sys=0.00, real=0.00 secs] 
206.638: Total time for which application threads were stopped: 0.0042620 seconds, Stopping threads took: 0.0021500 seconds
206.717: Application time: 0.0797400 seconds
206.720: [GC [PSYoungGen: 90880K->7728K(97280K)] 107777K->24625K(318976K), 0.0021200 secs] [Times: user=0.01 sys=0.00, real=0.01 secs] 
206.722: Total time for which application threads were stopped: 0.0049700 seconds, Stopping threads took: 0.0027750 seconds
206.801: Application time: 0.0788260 seconds
206.803: [GC [PSYoungGen: 91184K->7680K(97280K)] 108081K->24585K(318976K), 0.0022720 secs] [Times: user=0.02 sys=0.00, real=0.00 secs] 
206.806: Total time for which application threads were stopped: 0.0044610 seconds, Stopping threads took: 0.0021090 seconds
206.884: Application time: 0.0782580 seconds
206.886: [GC [PSYoungGen: 91136K->8320K(97280K)] 108041K->25225K(318976K), 0.0024360 secs] [Times: user=0.02 sys=0.00, real=0.00 secs] 
206.889: Total time for which application threads were stopped: 0.0047500 seconds, Stopping threads took: 0.0022310 seconds
206.968: Application time: 0.0791860 seconds
206.969: [GC [PSYoungGen: 91776K->5680K(97280K)] 108681K->22593K(318976K), 0.0016600 secs] [Times: user=0.01 sys=0.00, real=0.00 secs] 
206.971: Total time for which application threads were stopped: 0.0032350 seconds, Stopping threads took: 0.0015030 seconds
207.048: Application time: 0.0767660 seconds
207.050: [GC [PSYoungGen: 89136K->7200K(97280K)] 106049K->24121K(318976K), 0.0021180 secs] [Times: user=0.01 sys=0.00, real=0.00 secs] 
207.052: Total time for which application threads were stopped: 0.0040770 seconds, Stopping threads took: 0.0018720 seconds
207.125: Application time: 0.0727600 seconds
207.126: [GC [PSYoungGen: 90656K->6736K(97280K)] 107577K->23665K(318976K), 0.0019150 secs] [Times: user=0.01 sys=0.00, real=0.00 secs] 
207.128: Total time for which application threads were stopped: 0.0037070 seconds, Stopping threads took: 0.0016950 seconds
207.202: Application time: 0.0733800 seconds
207.204: [GC [PSYoungGen: 90192K->7184K(97280K)] 107121K->24113K(318976K), 0.0021380 secs] [Times: user=0.02 sys=0.00, real=0.00 secs] 
207.206: Total time for which application threads were stopped: 0.0046110 seconds, Stopping threads took: 0.0023930 seconds
207.281: Application time: 0.0746530 seconds
207.283: [GC [PSYoungGen: 90640K->7696K(97280K)] 107569K->24633K(318976K), 0.0022370 secs] [Times: user=0.02 sys=0.00, real=0.00 secs] 
207.285: Total time for which application threads were stopped: 0.0044340 seconds, Stopping threads took: 0.0021160 seconds
207.359: Application time: 0.0736330 seconds
207.361: [GC [PSYoungGen: 91152K->7248K(97280K)] 108089K->24193K(318976K), 0.0022170 secs] [Times: user=0.01 sys=0.00, real=0.00 secs] 
207.363: Total time for which application threads were stopped: 0.0039380 seconds, Stopping threads took: 0.0016340 seconds
207.437: Application time: 0.0738340 seconds
207.439: [GC [PSYoungGen: 90704K->6080K(97280K)] 107649K->23033K(318976K), 0.0017620 secs] [Times: user=0.00 sys=0.01, real=0.01 secs] 
207.441: Total time for which application threads were stopped: 0.0038170 seconds, Stopping threads took: 0.0019800 seconds
207.515: Application time: 0.0740620 seconds
207.517: [GC [PSYoungGen: 89536K->6496K(97280K)] 106489K->23457K(318976K), 0.0018660 secs] [Times: user=0.01 sys=0.00, real=0.00 secs] 
207.519: Total time for which application threads were stopped: 0.0040480 seconds, Stopping threads took: 0.0021070 seconds
207.593: Application time: 0.0745090 seconds
207.595: [GC [PSYoungGen: 89952K->5808K(97280K)] 106913K->22793K(318976K), 0.0017510 secs] [Times: user=0.01 sys=0.00, real=0.00 secs] 
207.597: Total time for which application threads were stopped: 0.0037740 seconds, Stopping threads took: 0.0019470 seconds
207.672: Application time: 0.0753430 seconds
207.676: [GC [PSYoungGen: 89264K->7120K(97280K)] 106249K->24105K(318976K), 0.0020220 secs] [Times: user=0.01 sys=0.00, real=0.00 secs] 
207.678: Total time for which application threads were stopped: 0.0051970 seconds, Stopping threads took: 0.0030810 seconds
207.754: Application time: 0.0766100 seconds
207.756: [GC [PSYoungGen: 90576K->5280K(97280K)] 107561K->22273K(318976K), 0.0015700 secs] [Times: user=0.01 sys=0.00, real=0.00 secs] 
207.757: Total time for which application threads were stopped: 0.0031710 seconds, Stopping threads took: 0.0015340 seconds
207.831: Application time: 0.0736090 seconds
207.833: [GC [PSYoungGen: 88736K->6880K(97280K)] 105729K->23881K(318976K), 0.0020120 secs] [Times: user=0.02 sys=0.00, real=0.00 secs] 
207.835: Total time for which application threads were stopped: 0.0041360 seconds, Stopping threads took: 0.0020460 seconds
207.909: Application time: 0.0741220 seconds
207.911: [GC [PSYoungGen: 90336K->5456K(97280K)] 107337K->22465K(318976K), 0.0015910 secs] [Times: user=0.01 sys=0.00, real=0.01 secs] 
207.912: Total time for which application threads were stopped: 0.0031800 seconds, Stopping threads took: 0.0015200 seconds
207.990: Application time: 0.0773400 seconds
207.991: [GC [PSYoungGen: 88912K->6656K(97280K)] 105921K->23673K(318976K), 0.0019530 secs] [Times: user=0.01 sys=0.00, real=0.01 secs] 
207.993: Total time for which application threads were stopped: 0.0034620 seconds, Stopping threads took: 0.0014370 seconds
208.069: Application time: 0.0760520 seconds
208.071: [GC [PSYoungGen: 90112K->6464K(97280K)] 107129K->23489K(318976K), 0.0018450 secs] [Times: user=0.02 sys=0.00, real=0.01 secs] 
208.073: Total time for which application threads were stopped: 0.0035960 seconds, Stopping threads took: 0.0016820 seconds
208.150: Application time: 0.0770920 seconds
208.152: [GC [PSYoungGen: 89920K->7648K(97280K)] 106945K->24681K(318976K), 0.0022340 secs] [Times: user=0.02 sys=0.00, real=0.01 secs] 
208.154: Total time for which application threads were stopped: 0.0040750 seconds, Stopping threads took: 0.0017600 seconds
208.228: Application time: 0.0743360 seconds
208.231: [GC [PSYoungGen: 91104K->7568K(97280K)] 108137K->24609K(318976K), 0.0021930 secs] [Times: user=0.01 sys=0.01, real=0.01 secs] 
208.233: Total time for which application threads were stopped: 0.0043830 seconds, Stopping threads took: 0.0021020 seconds
208.308: Application time: 0.0752380 seconds
208.311: [GC [PSYoungGen: 91024K->6912K(97280K)] 108065K->23961K(318976K), 0.0019890 secs] [Times: user=0.01 sys=0.00, real=0.01 secs] 
208.313: Total time for which application threads were stopped: 0.0045780 seconds, Stopping threads took: 0.0025100 seconds
208.390: Application time: 0.0769940 seconds
208.392: [GC [PSYoungGen: 90368K->5888K(97280K)] 107417K->22945K(318976K), 0.0017140 secs] [Times: user=0.02 sys=0.00, real=0.01 secs] 
208.394: Total time for which application threads were stopped: 0.0043650 seconds, Stopping threads took: 0.0025790 seconds
208.467: Application time: 0.0733260 seconds
208.470: [GC [PSYoungGen: 89344K->7456K(97280K)] 106401K->24529K(318976K), 0.0020810 secs] [Times: user=0.01 sys=0.00, real=0.00 secs] 
208.472: Total time for which application threads were stopped: 0.0042920 seconds, Stopping threads took: 0.0021280 seconds
208.546: Application time: 0.0743490 seconds
208.547: [GC [PSYoungGen: 90912K->6080K(97280K)] 107985K->23161K(318976K), 0.0017130 secs] [Times: user=0.01 sys=0.00, real=0.00 secs] 
208.549: Total time for which application threads were stopped: 0.0026490 seconds, Stopping threads took: 0.0008680 seconds
208.624: Application time: 0.0758480 seconds
208.626: [GC [PSYoungGen: 89536K->6416K(97280K)] 106617K->23505K(318976K), 0.0019430 secs] [Times: user=0.01 sys=0.00, real=0.00 secs] 
208.628: Total time for which application threads were stopped: 0.0037370 seconds, Stopping threads took: 0.0017170 seconds
208.704: Application time: 0.0757340 seconds
208.706: [GC [PSYoungGen: 89872K->7296K(97280K)] 106961K->24385K(318976K), 0.0021470 secs] [Times: user=0.01 sys=0.00, real=0.00 secs] 
208.708: Total time for which application threads were stopped: 0.0039700 seconds, Stopping threads took: 0.0017440 seconds
208.781: Application time: 0.0734770 seconds
208.784: [GC [PSYoungGen: 90752K->7280K(97280K)] 107841K->24377K(318976K), 0.0020650 secs] [Times: user=0.02 sys=0.00, real=0.00 secs] 
208.786: Total time for which application threads were stopped: 0.0048550 seconds, Stopping threads took: 0.0027020 seconds
208.861: Application time: 0.0742810 seconds
208.863: [GC [PSYoungGen: 90736K->7376K(97280K)] 107833K->24481K(318976K), 0.0020770 secs] [Times: user=0.01 sys=0.00, real=0.00 secs] 
208.865: Total time for which application threads were stopped: 0.0044060 seconds, Stopping threads took: 0.0022480 seconds
208.939: Application time: 0.0739320 seconds
208.942: [GC [PSYoungGen: 90832K->7200K(97280K)] 107937K->24305K(318976K), 0.0019410 secs] [Times: user=0.02 sys=0.00, real=0.00 secs] 
208.944: Total time for which application threads were stopped: 0.0046070 seconds, Stopping threads took: 0.0025940 seconds
209.017: Application time: 0.0731920 seconds
209.018: [GC [PSYoungGen: 90656K->7808K(97280K)] 107761K->24921K(318976K), 0.0022420 secs] [Times: user=0.01 sys=0.00, real=0.01 secs] 
209.021: Total time for which application threads were stopped: 0.0038500 seconds, Stopping threads took: 0.0015240 seconds
209.095: Application time: 0.0747470 seconds
209.098: [GC [PSYoungGen: 91264K->7184K(97280K)] 108377K->24305K(318976K), 0.0020550 secs] [Times: user=0.01 sys=0.00, real=0.00 secs] 
209.100: Total time for which application threads were stopped: 0.0046520 seconds, Stopping threads took: 0.0025150 seconds
209.176: Application time: 0.0760310 seconds
209.178: [GC [PSYoungGen: 90640K->6064K(97280K)] 107761K->23185K(318976K), 0.0016770 secs] [Times: user=0.02 sys=0.00, real=0.00 secs] 
209.180: Total time for which application threads were stopped: 0.0038490 seconds, Stopping threads took: 0.0020970 seconds
209.255: Application time: 0.0747350 seconds
209.257: [GC [PSYoungGen: 89520K->7040K(97280K)] 106641K->24169K(318976K), 0.0019650 secs] [Times: user=0.01 sys=0.00, real=0.00 secs] 
209.259: Total time for which application threads were stopped: 0.0043850 seconds, Stopping threads took: 0.0023520 seconds
209.333: Application time: 0.0735510 seconds
209.334: [GC [PSYoungGen: 90496K->6656K(97280K)] 107625K->23793K(318976K), 0.0019230 secs] [Times: user=0.01 sys=0.00, real=0.00 secs] 
209.336: Total time for which application threads were stopped: 0.0035050 seconds, Stopping threads took: 0.0014980 seconds
209.411: Application time: 0.0748960 seconds
209.413: [GC [PSYoungGen: 90112K->7136K(97280K)] 107249K->24273K(318976K), 0.0020820 secs] [Times: user=0.01 sys=0.00, real=0.00 secs] 
209.416: Total time for which application threads were stopped: 0.0046220 seconds, Stopping threads took: 0.0024570 seconds
209.489: Application time: 0.0734300 seconds
209.491: [GC [PSYoungGen: 90592K->7056K(97280K)] 107729K->24201K(318976K), 0.0020230 secs] [Times: user=0.01 sys=0.00, real=0.01 secs] 
209.493: Total time for which application threads were stopped: 0.0041390 seconds, Stopping threads took: 0.0020410 seconds
209.568: Application time: 0.0744490 seconds
209.569: [GC [PSYoungGen: 90512K->6848K(97280K)] 107657K->24001K(318976K), 0.0020130 secs] [Times: user=0.01 sys=0.00, real=0.00 secs] 
209.571: Total time for which application threads were stopped: 0.0037190 seconds, Stopping threads took: 0.0016260 seconds
209.644: Application time: 0.0728020 seconds
209.646: [GC [PSYoungGen: 90304K->7280K(97280K)] 107457K->24433K(318976K), 0.0021200 secs] [Times: user=0.02 sys=0.00, real=0.00 secs] 
209.648: Total time for which application threads were stopped: 0.0041950 seconds, Stopping threads took: 0.0019970 seconds
209.723: Application time: 0.0745160 seconds
209.725: [GC [PSYoungGen: 90736K->7760K(97280K)] 107889K->24921K(318976K), 0.0022800 secs] [Times: user=0.01 sys=0.00, real=0.00 secs] 
209.727: Total time for which application threads were stopped: 0.0043180 seconds, Stopping threads took: 0.0019540 seconds
209.801: Application time: 0.0737640 seconds
209.803: [GC [PSYoungGen: 91216K->7536K(97280K)] 108377K->24705K(318976K), 0.0021920 secs] [Times: user=0.01 sys=0.00, real=0.00 secs] 
209.805: Total time for which application threads were stopped: 0.0043940 seconds, Stopping threads took: 0.0021230 seconds
209.877: Application time: 0.0720670 seconds
209.880: [GC [PSYoungGen: 90992K->6144K(97280K)] 108161K->23313K(318976K), 0.0017980 secs] [Times: user=0.02 sys=0.00, real=0.01 secs] 
209.881: Total time for which application threads were stopped: 0.0041100 seconds, Stopping threads took: 0.0022200 seconds
209.956: Application time: 0.0746030 seconds
209.959: [GC [PSYoungGen: 89600K->7056K(97280K)] 106769K->24233K(318976K), 0.0020990 secs] [Times: user=0.01 sys=0.00, real=0.01 secs] 
209.961: Total time for which application threads were stopped: 0.0045700 seconds, Stopping threads took: 0.0023930 seconds
210.033: Application time: 0.0722800 seconds
210.035: [GC [PSYoungGen: 90512K->7888K(97280K)] 107689K->25073K(318976K), 0.0022180 secs] [Times: user=0.02 sys=0.00, real=0.00 secs] 
210.038: Total time for which application threads were stopped: 0.0047100 seconds, Stopping threads took: 0.0024080 seconds
210.113: Application time: 0.0751290 seconds
210.115: [GC [PSYoungGen: 91344K->6048K(97280K)] 108529K->23241K(318976K), 0.0017080 secs] [Times: user=0.01 sys=0.00, real=0.00 secs] 
210.117: Total time for which application threads were stopped: 0.0038680 seconds, Stopping threads took: 0.0020780 seconds
210.193: Application time: 0.0768330 seconds
210.196: [GC [PSYoungGen: 89504K->6160K(97280K)] 106697K->23361K(318976K), 0.0017140 secs] [Times: user=0.02 sys=0.00, real=0.00 secs] 
210.197: Total time for which application threads were stopped: 0.0037800 seconds, Stopping threads took: 0.0019930 seconds
210.272: Application time: 0.0745960 seconds
210.274: [GC [PSYoungGen: 89616K->7472K(97280K)] 106817K->24681K(318976K), 0.0022920 secs] [Times: user=0.01 sys=0.00, real=0.00 secs] 
210.277: Total time for which application threads were stopped: 0.0048820 seconds, Stopping threads took: 0.0025070 seconds
210.351: Application time: 0.0745900 seconds
210.354: [GC [PSYoungGen: 90928K->6304K(97280K)] 108137K->23521K(318976K), 0.0019280 secs] [Times: user=0.01 sys=0.00, real=0.00 secs] 
210.356: Total time for which application threads were stopped: 0.0043730 seconds, Stopping threads took: 0.0023480 seconds
210.431: Application time: 0.0750250 seconds
210.432: [GC [PSYoungGen: 89760K->7360K(97280K)] 106977K->24585K(318976K), 0.0021090 secs] [Times: user=0.01 sys=0.00, real=0.00 secs] 
210.435: Total time for which application threads were stopped: 0.0038690 seconds, Stopping threads took: 0.0016730 seconds
210.510: Application time: 0.0751430 seconds
210.513: [GC [PSYoungGen: 90816K->6784K(97280K)] 108041K->24017K(318976K), 0.0019400 secs] [Times: user=0.01 sys=0.00, real=0.00 secs] 
210.515: Total time for which application threads were stopped: 0.0047400 seconds, Stopping threads took: 0.0027250 seconds
210.592: Application time: 0.0775960 seconds
210.594: [GC [PSYoungGen: 90240K->6304K(97280K)] 107473K->23545K(318976K), 0.0018780 secs] [Times: user=0.01 sys=0.00, real=0.00 secs] 
210.596: Total time for which application threads were stopped: 0.0035260 seconds, Stopping threads took: 0.0015840 seconds
210.673: Application time: 0.0778680 seconds
210.676: [GC [PSYoungGen: 89760K->6880K(97280K)] 107001K->24121K(318976K), 0.0020430 secs] [Times: user=0.01 sys=0.00, real=0.00 secs] 
210.678: Total time for which application threads were stopped: 0.0041600 seconds, Stopping threads took: 0.0020390 seconds
210.752: Application time: 0.0739870 seconds
210.755: [GC [PSYoungGen: 90336K->7504K(97280K)] 107577K->24753K(318976K), 0.0020970 secs] [Times: user=0.02 sys=0.00, real=0.00 secs] 
210.757: Total time for which application threads were stopped: 0.0050170 seconds, Stopping threads took: 0.0028350 seconds
210.832: Application time: 0.0749640 seconds
210.834: [GC [PSYoungGen: 90960K->7728K(97280K)] 108209K->24993K(318976K), 0.0023830 secs] [Times: user=0.00 sys=0.02, real=0.00 secs] 
210.837: Total time for which application threads were stopped: 0.0051860 seconds, Stopping threads took: 0.0026960 seconds
210.910: Application time: 0.0733960 seconds
210.912: [GC [PSYoungGen: 91184K->6416K(97280K)] 108449K->23689K(318976K), 0.0019670 secs] [Times: user=0.01 sys=0.00, real=0.01 secs] 
210.914: Total time for which application threads were stopped: 0.0034290 seconds, Stopping threads took: 0.0013800 seconds
210.990: Application time: 0.0764280 seconds
210.992: [GC [PSYoungGen: 89872K->5472K(97280K)] 107145K->22753K(318976K), 0.0017100 secs] [Times: user=0.01 sys=0.00, real=0.01 secs] 
210.994: Total time for which application threads were stopped: 0.0036140 seconds, Stopping threads took: 0.0018220 seconds
211.070: Application time: 0.0764550 seconds
211.073: [GC [PSYoungGen: 88928K->7280K(97280K)] 106209K->24569K(318976K), 0.0021940 secs] [Times: user=0.01 sys=0.00, real=0.00 secs] 
211.075: Total time for which application threads were stopped: 0.0051980 seconds, Stopping threads took: 0.0029240 seconds
211.153: Application time: 0.0776890 seconds
211.155: [GC [PSYoungGen: 90736K->7312K(97280K)] 108025K->24601K(318976K), 0.0021000 secs] [Times: user=0.01 sys=0.00, real=0.00 secs] 
211.157: Total time for which application threads were stopped: 0.0038530 seconds, Stopping threads took: 0.0016740 seconds
211.237: Application time: 0.0802840 seconds
211.239: [GC [PSYoungGen: 90768K->7376K(97280K)] 108057K->24673K(318976K), 0.0021910 secs] [Times: user=0.01 sys=0.00, real=0.01 secs] 
211.241: Total time for which application threads were stopped: 0.0040640 seconds, Stopping threads took: 0.0017870 seconds
211.321: Application time: 0.0795140 seconds
211.324: [GC [PSYoungGen: 90832K->6432K(97280K)] 108129K->23737K(318976K), 0.0018440 secs] [Times: user=0.01 sys=0.00, real=0.00 secs] 
211.325: Total time for which application threads were stopped: 0.0046680 seconds, Stopping threads took: 0.0027380 seconds
211.404: Application time: 0.0783840 seconds
211.406: [GC [PSYoungGen: 89888K->7136K(97280K)] 107193K->24441K(318976K), 0.0020320 secs] [Times: user=0.01 sys=0.00, real=0.00 secs] 
211.408: Total time for which application threads were stopped: 0.0041820 seconds, Stopping threads took: 0.0020740 seconds
211.487: Application time: 0.0786080 seconds
211.489: [GC [PSYoungGen: 90592K->7168K(97280K)] 107897K->24481K(318976K), 0.0020110 secs] [Times: user=0.01 sys=0.00, real=0.00 secs] 
211.491: Total time for which application threads were stopped: 0.0046240 seconds, Stopping threads took: 0.0025280 seconds
211.572: Application time: 0.0804130 seconds
211.573: [GC [PSYoungGen: 90624K->4256K(97280K)] 107937K->21577K(318976K), 0.0013930 secs] [Times: user=0.01 sys=0.00, real=0.00 secs] 
211.575: Total time for which application threads were stopped: 0.0032490 seconds, Stopping threads took: 0.0017820 seconds
211.655: Application time: 0.0801650 seconds
211.657: [GC [PSYoungGen: 87712K->6928K(97280K)] 105033K->24249K(318976K), 0.0019000 secs] [Times: user=0.01 sys=0.00, real=0.00 secs] 
211.659: Total time for which application threads were stopped: 0.0041860 seconds, Stopping threads took: 0.0022130 seconds
211.737: Application time: 0.0780010 seconds
211.739: [GC [PSYoungGen: 90384K->7872K(97280K)] 107705K->25201K(318976K), 0.0022650 secs] [Times: user=0.01 sys=0.00, real=0.01 secs] 
211.741: Total time for which application threads were stopped: 0.0042100 seconds, Stopping threads took: 0.0018610 seconds
211.823: Application time: 0.0815080 seconds
211.825: [GC [PSYoungGen: 91328K->6800K(97280K)] 108657K->24137K(318976K), 0.0019940 secs] [Times: user=0.01 sys=0.00, real=0.00 secs] 
211.827: Total time for which application threads were stopped: 0.0039310 seconds, Stopping threads took: 0.0018580 seconds
211.904: Application time: 0.0768830 seconds
211.906: [GC [PSYoungGen: 90256K->6864K(97280K)] 107593K->24201K(318976K), 0.0019720 secs] [Times: user=0.01 sys=0.00, real=0.00 secs] 
211.908: Total time for which application threads were stopped: 0.0037200 seconds, Stopping threads took: 0.0016700 seconds
211.986: Application time: 0.0782290 seconds
211.989: [GC [PSYoungGen: 90320K->7488K(97280K)] 107657K->24833K(318976K), 0.0021010 secs] [Times: user=0.01 sys=0.00, real=0.00 secs] 
211.991: Total time for which application threads were stopped: 0.0052980 seconds, Stopping threads took: 0.0031160 seconds
212.070: Application time: 0.0786920 seconds
212.072: [GC [PSYoungGen: 90944K->7904K(97280K)] 108289K->25257K(318976K), 0.0022350 secs] [Times: user=0.01 sys=0.00, real=0.01 secs] 
212.074: Total time for which application threads were stopped: 0.0042320 seconds, Stopping threads took: 0.0019180 seconds
212.152: Application time: 0.0782750 seconds
212.155: [GC [PSYoungGen: 91360K->8160K(97280K)] 108713K->25529K(318976K), 0.0025220 secs] [Times: user=0.02 sys=0.00, real=0.00 secs] 
212.157: Total time for which application threads were stopped: 0.0048940 seconds, Stopping threads took: 0.0022640 seconds
212.242: Application time: 0.0849120 seconds
212.244: [GC [PSYoungGen: 91616K->7152K(97280K)] 108985K->24529K(318976K), 0.0022220 secs] [Times: user=0.01 sys=0.00, real=0.00 secs] 
212.246: Total time for which application threads were stopped: 0.0038030 seconds, Stopping threads took: 0.0014980 seconds
212.324: Application time: 0.0785790 seconds
212.327: [GC [PSYoungGen: 90608K->6416K(97280K)] 107985K->23801K(318976K), 0.0018880 secs] [Times: user=0.01 sys=0.00, real=0.00 secs] 
212.329: Total time for which application threads were stopped: 0.0041000 seconds, Stopping threads took: 0.0021240 seconds
212.408: Application time: 0.0790920 seconds
212.409: [GC [PSYoungGen: 89872K->5984K(97280K)] 107257K->23377K(318976K), 0.0017650 secs] [Times: user=0.01 sys=0.00, real=0.00 secs] 
212.411: Total time for which application threads were stopped: 0.0035160 seconds, Stopping threads took: 0.0016560 seconds
212.487: Application time: 0.0760560 seconds
212.490: [GC [PSYoungGen: 89440K->8176K(97280K)] 106833K->25577K(318976K), 0.0024390 secs] [Times: user=0.02 sys=0.00, real=0.00 secs] 
212.492: Total time for which application threads were stopped: 0.0049390 seconds, Stopping threads took: 0.0024160 seconds
212.570: Application time: 0.0774470 seconds
212.572: [GC [PSYoungGen: 91632K->7552K(97280K)] 109033K->24961K(318976K), 0.0021110 secs] [Times: user=0.01 sys=0.00, real=0.01 secs] 
212.574: Total time for which application threads were stopped: 0.0040240 seconds, Stopping threads took: 0.0018350 seconds
212.653: Application time: 0.0797140 seconds
212.656: [GC [PSYoungGen: 91008K->7776K(97280K)] 108417K->25193K(318976K), 0.0023670 secs] [Times: user=0.02 sys=0.00, real=0.00 secs] 
212.658: Total time for which application threads were stopped: 0.0046540 seconds, Stopping threads took: 0.0021930 seconds
212.738: Application time: 0.0801160 seconds
212.741: [GC [PSYoungGen: 91232K->8336K(97280K)] 108649K->25761K(318976K), 0.0027220 secs] [Times: user=0.02 sys=0.00, real=0.00 secs] 
212.743: Total time for which application threads were stopped: 0.0053190 seconds, Stopping threads took: 0.0024950 seconds
212.823: Application time: 0.0798730 seconds
212.825: [GC [PSYoungGen: 91792K->5808K(97280K)] 109217K->23257K(318976K), 0.0016720 secs] [Times: user=0.01 sys=0.00, real=0.00 secs] 
212.827: Total time for which application threads were stopped: 0.0034380 seconds, Stopping threads took: 0.0016910 seconds
212.908: Application time: 0.0809600 seconds
212.910: [GC [PSYoungGen: 89264K->6512K(97280K)] 106713K->23969K(318976K), 0.0018950 secs] [Times: user=0.02 sys=0.00, real=0.00 secs] 
212.912: Total time for which application threads were stopped: 0.0044310 seconds, Stopping threads took: 0.0024590 seconds
212.991: Application time: 0.0783810 seconds
212.993: [GC [PSYoungGen: 89968K->7280K(97280K)] 107425K->24745K(318976K), 0.0020960 secs] [Times: user=0.01 sys=0.00, real=0.00 secs] 
212.995: Total time for which application threads were stopped: 0.0045410 seconds, Stopping threads took: 0.0023480 seconds
213.075: Application time: 0.0802190 seconds
213.077: [GC [PSYoungGen: 90736K->6640K(97280K)] 108201K->24113K(318976K), 0.0018070 secs] [Times: user=0.02 sys=0.00, real=0.00 secs] 
213.079: Total time for which application threads were stopped: 0.0036930 seconds, Stopping threads took: 0.0018090 seconds
213.158: Application time: 0.0788460 seconds
213.161: [GC [PSYoungGen: 90096K->8064K(97280K)] 107569K->25545K(318976K), 0.0023660 secs] [Times: user=0.01 sys=0.00, real=0.00 secs] 
213.163: Total time for which application threads were stopped: 0.0053670 seconds, Stopping threads took: 0.0028850 seconds
213.242: Application time: 0.0785180 seconds
213.244: [GC [PSYoungGen: 91520K->7376K(97280K)] 109001K->24857K(318976K), 0.0022920 secs] [Times: user=0.01 sys=0.00, real=0.00 secs] 
213.246: Total time for which application threads were stopped: 0.0043410 seconds, Stopping threads took: 0.0019670 seconds
213.326: Application time: 0.0795390 seconds
213.327: [GC [PSYoungGen: 90832K->6800K(97280K)] 108313K->24297K(318976K), 0.0020880 secs] [Times: user=0.01 sys=0.00, real=0.00 secs] 
213.329: Total time for which application threads were stopped: 0.0035930 seconds, Stopping threads took: 0.0014210 seconds
213.409: Application time: 0.0793530 seconds
213.410: [GC [PSYoungGen: 90256K->6864K(97280K)] 107753K->24369K(318976K), 0.0020630 secs] [Times: user=0.02 sys=0.00, real=0.00 secs] 
213.412: Total time for which application threads were stopped: 0.0033230 seconds, Stopping threads took: 0.0011840 seconds
213.493: Application time: 0.0808240 seconds
213.495: [GC [PSYoungGen: 90320K->6288K(97280K)] 107825K->23793K(318976K), 0.0017440 secs] [Times: user=0.01 sys=0.00, real=0.00 secs] 
213.497: Total time for which application threads were stopped: 0.0042540 seconds, Stopping threads took: 0.0024350 seconds
213.575: Application time: 0.0784270 seconds
213.577: [GC [PSYoungGen: 89744K->8256K(97280K)] 107249K->25769K(318976K), 0.0025990 secs] [Times: user=0.01 sys=0.00, real=0.00 secs] 
213.580: Total time for which application threads were stopped: 0.0045600 seconds, Stopping threads took: 0.0018730 seconds
213.662: Application time: 0.0823060 seconds
213.665: [GC [PSYoungGen: 91712K->7056K(97280K)] 109225K->24577K(318976K), 0.0020020 secs] [Times: user=0.02 sys=0.00, real=0.00 secs] 
213.667: Total time for which application threads were stopped: 0.0042720 seconds, Stopping threads took: 0.0021790 seconds
213.745: Application time: 0.0785360 seconds
213.747: [GC [PSYoungGen: 90512K->8160K(97280K)] 108033K->25681K(318976K), 0.0023970 secs] [Times: user=0.02 sys=0.00, real=0.00 secs] 
213.749: Total time for which application threads were stopped: 0.0042210 seconds, Stopping threads took: 0.0017390 seconds
213.827: Application time: 0.0778170 seconds
213.830: [GC [PSYoungGen: 91616K->8352K(97280K)] 109137K->25881K(318976K), 0.0024120 secs] [Times: user=0.01 sys=0.00, real=0.00 secs] 
213.832: Total time for which application threads were stopped: 0.0051040 seconds, Stopping threads took: 0.0026120 seconds
213.912: Application time: 0.0796190 seconds
213.914: [GC [PSYoungGen: 91808K->6992K(97280K)] 109337K->24521K(318976K), 0.0019920 secs] [Times: user=0.02 sys=0.00, real=0.00 secs] 
213.916: Total time for which application threads were stopped: 0.0043290 seconds, Stopping threads took: 0.0022580 seconds
213.996: Application time: 0.0797590 seconds
213.999: [GC [PSYoungGen: 90448K->6864K(97280K)] 107977K->24401K(318976K), 0.0019720 secs] [Times: user=0.02 sys=0.00, real=0.01 secs] 
214.001: Total time for which application threads were stopped: 0.0048050 seconds, Stopping threads took: 0.0027580 seconds
214.080: Application time: 0.0791720 seconds
214.082: [GC [PSYoungGen: 90320K->6976K(97280K)] 107857K->24521K(318976K), 0.0020530 secs] [Times: user=0.01 sys=0.00, real=0.00 secs] 
214.084: Total time for which application threads were stopped: 0.0038590 seconds, Stopping threads took: 0.0017280 seconds
214.163: Application time: 0.0788720 seconds
214.166: [GC [PSYoungGen: 90432K->8320K(97280K)] 107977K->25881K(318976K), 0.0023120 secs] [Times: user=0.02 sys=0.00, real=0.00 secs] 
214.168: Total time for which application threads were stopped: 0.0053990 seconds, Stopping threads took: 0.0029990 seconds
214.245: Application time: 0.0773240 seconds
214.248: [GC [PSYoungGen: 91776K->7792K(97280K)] 109337K->25353K(318976K), 0.0021680 secs] [Times: user=0.01 sys=0.00, real=0.00 secs] 
214.250: Total time for which application threads were stopped: 0.0048250 seconds, Stopping threads took: 0.0025750 seconds
214.327: Application time: 0.0772410 seconds
214.330: [GC [PSYoungGen: 91248K->8080K(97280K)] 108809K->25649K(318976K), 0.0023670 secs] [Times: user=0.02 sys=0.00, real=0.00 secs] 
214.332: Total time for which application threads were stopped: 0.0045640 seconds, Stopping threads took: 0.0021090 seconds
214.412: Application time: 0.0800300 seconds
214.415: [GC [PSYoungGen: 91536K->7440K(97280K)] 109105K->25017K(318976K), 0.0021620 secs] [Times: user=0.02 sys=0.00, real=0.00 secs] 
214.417: Total time for which application threads were stopped: 0.0046370 seconds, Stopping threads took: 0.0023880 seconds
214.495: Application time: 0.0778670 seconds
214.498: [GC [PSYoungGen: 90896K->7808K(97280K)] 108473K->25409K(318976K), 0.0022840 secs] [Times: user=0.01 sys=0.00, real=0.00 secs] 
214.500: Total time for which application threads were stopped: 0.0055940 seconds, Stopping threads took: 0.0032280 seconds
214.579: Application time: 0.0788140 seconds
214.581: [GC [PSYoungGen: 91264K->7072K(97280K)] 108865K->24681K(318976K), 0.0020560 secs] [Times: user=0.02 sys=0.00, real=0.00 secs] 
214.583: Total time for which application threads were stopped: 0.0044820 seconds, Stopping threads took: 0.0023500 seconds
214.663: Application time: 0.0792440 seconds
214.665: [GC [PSYoungGen: 90528K->6144K(97280K)] 108137K->23761K(318976K), 0.0017670 secs] [Times: user=0.01 sys=0.00, real=0.00 secs] 
214.667: Total time for which application threads were stopped: 0.0043520 seconds, Stopping threads took: 0.0024980 seconds
214.745: Application time: 0.0780420 seconds
214.747: [GC [PSYoungGen: 89600K->7808K(97280K)] 107217K->25425K(318976K), 0.0024760 secs] [Times: user=0.02 sys=0.00, real=0.00 secs] 
214.749: Total time for which application threads were stopped: 0.0041480 seconds, Stopping threads took: 0.0015810 seconds
214.830: Application time: 0.0802490 seconds
214.831: [GC [PSYoungGen: 91264K->6080K(97280K)] 108881K->23705K(318976K), 0.0018220 secs] [Times: user=0.02 sys=0.00, real=0.01 secs] 
214.832: Total time for which application threads were stopped: 0.0029080 seconds, Stopping threads took: 0.0009830 seconds
214.911: Application time: 0.0782440 seconds
214.913: [GC [PSYoungGen: 89536K->6928K(97280K)] 107161K->24561K(318976K), 0.0021460 secs] [Times: user=0.01 sys=0.00, real=0.00 secs] 
214.915: Total time for which application threads were stopped: 0.0044070 seconds, Stopping threads took: 0.0021800 seconds
214.994: Application time: 0.0787830 seconds
214.996: [GC [PSYoungGen: 90384K->7184K(97280K)] 108017K->24825K(318976K), 0.0021230 secs] [Times: user=0.01 sys=0.00, real=0.00 secs] 
214.998: Total time for which application threads were stopped: 0.0040800 seconds, Stopping threads took: 0.0018760 seconds
215.073: Application time: 0.0751380 seconds
215.075: [GC [PSYoungGen: 90640K->7808K(97280K)] 108281K->25457K(318976K), 0.0021050 secs] [Times: user=0.02 sys=0.00, real=0.00 secs] 
215.077: Total time for which application threads were stopped: 0.0039820 seconds, Stopping threads took: 0.0018040 seconds
215.152: Application time: 0.0744490 seconds
215.154: [GC [PSYoungGen: 91264K->8352K(97280K)] 108913K->26009K(318976K), 0.0024170 secs] [Times: user=0.01 sys=0.00, real=0.00 secs] 
215.157: Total time for which application threads were stopped: 0.0051430 seconds, Stopping threads took: 0.0026450 seconds
215.232: Application time: 0.0757980 seconds
215.234: [GC [PSYoungGen: 91808K->6928K(97280K)] 109465K->24593K(318976K), 0.0020410 secs] [Times: user=0.02 sys=0.00, real=0.00 secs] 
215.236: Total time for which application threads were stopped: 0.0036010 seconds, Stopping threads took: 0.0014790 seconds
215.310: Application time: 0.0740200 seconds
215.313: [GC [PSYoungGen: 90384K->7488K(97280K)] 108049K->25161K(318976K), 0.0022800 secs] [Times: user=0.01 sys=0.00, real=0.00 secs] 
215.315: Total time for which application threads were stopped: 0.0050370 seconds, Stopping threads took: 0.0026670 seconds
215.390: Application time: 0.0752880 seconds
215.392: [GC [PSYoungGen: 90944K->7632K(97280K)] 108617K->25313K(318976K), 0.0020700 secs] [Times: user=0.01 sys=0.00, real=0.01 secs] 
215.394: Total time for which application threads were stopped: 0.0037800 seconds, Stopping threads took: 0.0016370 seconds
215.470: Application time: 0.0760980 seconds
215.472: [GC [PSYoungGen: 91088K->5840K(97280K)] 108769K->23529K(318976K), 0.0017940 secs] [Times: user=0.01 sys=0.00, real=0.01 secs] 
215.474: Total time for which application threads were stopped: 0.0035890 seconds, Stopping threads took: 0.0017260 seconds
215.551: Application time: 0.0771960 seconds
215.553: [GC [PSYoungGen: 89296K->5648K(97280K)] 106985K->23345K(318976K), 0.0015710 secs] [Times: user=0.01 sys=0.00, real=0.00 secs] 
215.554: Total time for which application threads were stopped: 0.0032510 seconds, Stopping threads took: 0.0016090 seconds
215.631: Application time: 0.0771540 seconds
215.634: [GC [PSYoungGen: 89104K->6288K(97280K)] 106801K->23993K(318976K), 0.0018600 secs] [Times: user=0.02 sys=0.00, real=0.00 secs] 
215.636: Total time for which application threads were stopped: 0.0040910 seconds, Stopping threads took: 0.0021610 seconds
215.713: Application time: 0.0773540 seconds
215.715: [GC [PSYoungGen: 89744K->6272K(97280K)] 107449K->23985K(318976K), 0.0017610 secs] [Times: user=0.02 sys=0.00, real=0.00 secs] 
215.717: Total time for which application threads were stopped: 0.0036390 seconds, Stopping threads took: 0.0018020 seconds
215.793: Application time: 0.0763550 seconds
215.794: [GC [PSYoungGen: 89728K->5632K(97280K)] 107441K->23353K(318976K), 0.0017110 secs] [Times: user=0.01 sys=0.00, real=0.00 secs] 
215.796: Total time for which application threads were stopped: 0.0026010 seconds, Stopping threads took: 0.0008220 seconds
215.870: Application time: 0.0743540 seconds
215.872: [GC [PSYoungGen: 89088K->7168K(97280K)] 106809K->24889K(318976K), 0.0020120 secs] [Times: user=0.02 sys=0.00, real=0.00 secs] 
215.875: Total time for which application threads were stopped: 0.0045790 seconds, Stopping threads took: 0.0024820 seconds
215.950: Application time: 0.0758820 seconds
215.953: [GC [PSYoungGen: 90624K->7760K(97280K)] 108345K->25489K(318976K), 0.0022530 secs] [Times: user=0.02 sys=0.00, real=0.00 secs] 
215.955: Total time for which application threads were stopped: 0.0047440 seconds, Stopping threads took: 0.0024140 seconds
216.029: Application time: 0.0739140 seconds
216.031: [GC [PSYoungGen: 91216K->7200K(97280K)] 108945K->24937K(318976K), 0.0020710 secs] [Times: user=0.01 sys=0.00, real=0.01 secs] 
216.033: Total time for which application threads were stopped: 0.0036710 seconds, Stopping threads took: 0.0015220 seconds
216.108: Application time: 0.0748160 seconds
216.109: [GC [PSYoungGen: 90656K->6640K(97280K)] 108393K->24385K(318976K), 0.0021880 secs] [Times: user=0.01 sys=0.00, real=0.00 secs] 
216.112: Total time for which application threads were stopped: 0.0040680 seconds, Stopping threads took: 0.0017880 seconds
216.186: Application time: 0.0745970 seconds
216.189: [GC [PSYoungGen: 90096K->7104K(97280K)] 107841K->24857K(318976K), 0.0020510 secs] [Times: user=0.01 sys=0.00, real=0.00 secs] 
216.191: Total time for which application threads were stopped: 0.0046900 seconds, Stopping threads took: 0.0025580 seconds
216.264: Application time: 0.0734610 seconds
216.266: [GC [PSYoungGen: 90560K->7648K(97280K)] 108313K->25409K(318976K), 0.0022720 secs] [Times: user=0.01 sys=0.00, real=0.00 secs] 
216.269: Total time for which application threads were stopped: 0.0044480 seconds, Stopping threads took: 0.0020960 seconds
216.343: Application time: 0.0738830 seconds
216.346: [GC [PSYoungGen: 91104K->6752K(97280K)] 108865K->24513K(318976K), 0.0018800 secs] [Times: user=0.01 sys=0.00, real=0.00 secs] 
216.348: Total time for which application threads were stopped: 0.0048340 seconds, Stopping threads took: 0.0028810 seconds
216.423: Application time: 0.0752950 seconds
216.424: [GC [PSYoungGen: 90208K->6704K(97280K)] 107969K->24473K(318976K), 0.0019940 secs] [Times: user=0.02 sys=0.00, real=0.00 secs] 
216.426: Total time for which application threads were stopped: 0.0034980 seconds, Stopping threads took: 0.0014150 seconds
216.500: Application time: 0.0739530 seconds
216.502: [GC [PSYoungGen: 90160K->7216K(97280K)] 107929K->24993K(318976K), 0.0021130 secs] [Times: user=0.01 sys=0.00, real=0.00 secs] 
216.504: Total time for which application threads were stopped: 0.0036780 seconds, Stopping threads took: 0.0014870 seconds
216.579: Application time: 0.0745770 seconds
216.581: [GC [PSYoungGen: 90672K->5856K(97280K)] 108449K->23641K(318976K), 0.0017830 secs] [Times: user=0.01 sys=0.00, real=0.00 secs] 
216.582: Total time for which application threads were stopped: 0.0038960 seconds, Stopping threads took: 0.0020450 seconds
216.657: Application time: 0.0749130 seconds
216.659: [GC [PSYoungGen: 89312K->6736K(97280K)] 107097K->24529K(318976K), 0.0019040 secs] [Times: user=0.01 sys=0.00, real=0.01 secs] 
216.661: Total time for which application threads were stopped: 0.0039630 seconds, Stopping threads took: 0.0019780 seconds
216.735: Application time: 0.0733250 seconds
216.737: [GC [PSYoungGen: 90192K->7632K(97280K)] 107985K->25425K(318976K), 0.0023480 secs] [Times: user=0.02 sys=0.00, real=0.00 secs] 
216.739: Total time for which application threads were stopped: 0.0045280 seconds, Stopping threads took: 0.0021020 seconds
216.813: Application time: 0.0734470 seconds
216.814: [GC [PSYoungGen: 91088K->7872K(97280K)] 108881K->25673K(318976K), 0.0021420 secs] [Times: user=0.02 sys=0.00, real=0.00 secs] 
216.817: Total time for which application threads were stopped: 0.0039050 seconds, Stopping threads took: 0.0016760 seconds
216.890: Application time: 0.0734510 seconds
216.892: [GC [PSYoungGen: 91328K->6624K(97280K)] 109129K->24433K(318976K), 0.0018810 secs] [Times: user=0.01 sys=0.00, real=0.01 secs] 
216.894: Total time for which application threads were stopped: 0.0037690 seconds, Stopping threads took: 0.0017970 seconds
216.966: Application time: 0.0720190 seconds
216.968: [GC [PSYoungGen: 90080K->7568K(97280K)] 107889K->25385K(318976K), 0.0022150 secs] [Times: user=0.01 sys=0.00, real=0.00 secs] 
216.970: Total time for which application threads were stopped: 0.0045950 seconds, Stopping threads took: 0.0022900 seconds
217.045: Application time: 0.0744260 seconds
217.047: [GC [PSYoungGen: 91024K->7216K(97280K)] 108841K->25041K(318976K), 0.0020670 secs] [Times: user=0.01 sys=0.00, real=0.00 secs] 
217.049: Total time for which application threads were stopped: 0.0039100 seconds, Stopping threads took: 0.0017610 seconds
217.124: Application time: 0.0756060 seconds
217.126: [GC [PSYoungGen: 90672K->7088K(97280K)] 108497K->24921K(318976K), 0.0020390 secs] [Times: user=0.02 sys=0.00, real=0.00 secs] 
217.128: Total time for which application threads were stopped: 0.0040980 seconds, Stopping threads took: 0.0019760 seconds
217.202: Application time: 0.0739860 seconds
217.205: [GC [PSYoungGen: 90544K->7552K(97280K)] 108377K->25385K(318976K), 0.0021390 secs] [Times: user=0.01 sys=0.00, real=0.00 secs] 
217.207: Total time for which application threads were stopped: 0.0044260 seconds, Stopping threads took: 0.0022080 seconds
217.281: Application time: 0.0743920 seconds
217.283: [GC [PSYoungGen: 91008K->6640K(97280K)] 108841K->24481K(318976K), 0.0018910 secs] [Times: user=0.00 sys=0.00, real=0.00 secs] 
217.285: Total time for which application threads were stopped: 0.0033880 seconds, Stopping threads took: 0.0014250 seconds
217.359: Application time: 0.0747430 seconds
217.361: [GC [PSYoungGen: 90096K->6544K(97280K)] 107937K->24393K(318976K), 0.0018410 secs] [Times: user=0.02 sys=0.00, real=0.00 secs] 
217.363: Total time for which application threads were stopped: 0.0034530 seconds, Stopping threads took: 0.0015350 seconds
217.438: Application time: 0.0752970 seconds
217.440: [GC [PSYoungGen: 90000K->7712K(97280K)] 107849K->25569K(318976K), 0.0021390 secs] [Times: user=0.01 sys=0.00, real=0.01 secs] 
217.442: Total time for which application threads were stopped: 0.0043620 seconds, Stopping threads took: 0.0021450 seconds
217.517: Application time: 0.0748340 seconds
217.520: [GC [PSYoungGen: 91168K->7232K(97280K)] 109025K->25097K(318976K), 0.0020820 secs] [Times: user=0.02 sys=0.00, real=0.01 secs] 
217.522: Total time for which application threads were stopped: 0.0045960 seconds, Stopping threads took: 0.0024280 seconds
217.598: Application time: 0.0763360 seconds
217.599: [GC [PSYoungGen: 90688K->5536K(97280K)] 108553K->23409K(318976K), 0.0016200 secs] [Times: user=0.01 sys=0.00, real=0.01 secs] 
217.601: Total time for which application threads were stopped: 0.0028620 seconds, Stopping threads took: 0.0011650 seconds
217.677: Application time: 0.0761930 seconds
217.679: [GC [PSYoungGen: 88992K->6800K(97280K)] 106865K->24681K(318976K), 0.0020120 secs] [Times: user=0.01 sys=0.00, real=0.01 secs] 
217.681: Total time for which application threads were stopped: 0.0041750 seconds, Stopping threads took: 0.0020850 seconds
217.756: Application time: 0.0743710 seconds
217.758: [GC [PSYoungGen: 90256K->7312K(97280K)] 108137K->25201K(318976K), 0.0020270 secs] [Times: user=0.02 sys=0.00, real=0.00 secs] 
217.760: Total time for which application threads were stopped: 0.0042990 seconds, Stopping threads took: 0.0022000 seconds
217.836: Application time: 0.0758850 seconds
217.839: [GC [PSYoungGen: 90768K->6768K(97280K)] 108657K->24657K(318976K), 0.0018700 secs] [Times: user=0.01 sys=0.00, real=0.01 secs] 
217.841: Total time for which application threads were stopped: 0.0044660 seconds, Stopping threads took: 0.0025250 seconds
217.917: Application time: 0.0762170 seconds
217.919: [GC [PSYoungGen: 90224K->6592K(97280K)] 108113K->24489K(318976K), 0.0018330 secs] [Times: user=0.02 sys=0.00, real=0.01 secs] 
217.920: Total time for which application threads were stopped: 0.0036820 seconds, Stopping threads took: 0.0017770 seconds
217.996: Application time: 0.0757430 seconds
217.998: [GC [PSYoungGen: 90048K->7456K(97280K)] 107945K->25361K(318976K), 0.0020990 secs] [Times: user=0.01 sys=0.00, real=0.01 secs] 
218.000: Total time for which application threads were stopped: 0.0042500 seconds, Stopping threads took: 0.0020640 seconds
218.074: Application time: 0.0733780 seconds
218.076: [GC [PSYoungGen: 90912K->6528K(97280K)] 108817K->24441K(318976K), 0.0018880 secs] [Times: user=0.01 sys=0.00, real=0.00 secs] 
218.078: Total time for which application threads were stopped: 0.0041730 seconds, Stopping threads took: 0.0022010 seconds
218.152: Application time: 0.0739930 seconds
218.154: [GC [PSYoungGen: 89984K->7072K(97280K)] 107897K->24993K(318976K), 0.0019090 secs] [Times: user=0.02 sys=0.00, real=0.00 secs] 
218.156: Total time for which application threads were stopped: 0.0037170 seconds, Stopping threads took: 0.0017370 seconds
218.230: Application time: 0.0743310 seconds
218.232: [GC [PSYoungGen: 90528K->7264K(97280K)] 108449K->25193K(318976K), 0.0020890 secs] [Times: user=0.01 sys=0.00, real=0.01 secs] 
218.234: Total time for which application threads were stopped: 0.0040030 seconds, Stopping threads took: 0.0018360 seconds
218.308: Application time: 0.0744590 seconds
218.310: [GC [PSYoungGen: 90720K->7536K(97280K)] 108649K->25465K(318976K), 0.0022310 secs] [Times: user=0.01 sys=0.00, real=0.01 secs] 
218.313: Total time for which application threads were stopped: 0.0041140 seconds, Stopping threads took: 0.0017980 seconds
218.386: Application time: 0.0733880 seconds
218.388: [GC [PSYoungGen: 90992K->6736K(97280K)] 108921K->24673K(318976K), 0.0018900 secs] [Times: user=0.02 sys=0.00, real=0.00 secs] 
218.390: Total time for which application threads were stopped: 0.0038180 seconds, Stopping threads took: 0.0018530 seconds
218.466: Application time: 0.0762620 seconds
218.469: [GC [PSYoungGen: 90192K->6768K(97280K)] 108129K->24713K(318976K), 0.0019080 secs] [Times: user=0.01 sys=0.00, real=0.00 secs] 
218.471: Total time for which application threads were stopped: 0.0045640 seconds, Stopping threads took: 0.0025870 seconds
218.548: Application time: 0.0769540 seconds
218.550: [GC [PSYoungGen: 90224K->6272K(97280K)] 108169K->24225K(318976K), 0.0017410 secs] [Times: user=0.01 sys=0.00, real=0.00 secs] 
218.551: Total time for which application threads were stopped: 0.0038210 seconds, Stopping threads took: 0.0020140 seconds
218.626: Application time: 0.0744830 seconds
218.628: [GC [PSYoungGen: 89728K->6816K(97280K)] 107681K->24777K(318976K), 0.0019810 secs] [Times: user=0.02 sys=0.00, real=0.00 secs] 
218.630: Total time for which application threads were stopped: 0.0037810 seconds, Stopping threads took: 0.0017130 seconds
218.707: Application time: 0.0771850 seconds
218.709: [GC [PSYoungGen: 90272K->6336K(97280K)] 108233K->24297K(318976K), 0.0018770 secs] [Times: user=0.01 sys=0.00, real=0.00 secs] 
218.711: Total time for which application threads were stopped: 0.0037540 seconds, Stopping threads took: 0.0018040 seconds
218.782: Application time: 0.0712210 seconds
218.785: [GC [PSYoungGen: 89792K->7904K(97280K)] 107753K->25873K(318976K), 0.0023690 secs] [Times: user=0.02 sys=0.00, real=0.00 secs] 
218.787: Total time for which application threads were stopped: 0.0053900 seconds, Stopping threads took: 0.0029180 seconds
218.860: Application time: 0.0731530 seconds
218.863: [GC [PSYoungGen: 91360K->7456K(97280K)] 109329K->25433K(318976K), 0.0020480 secs] [Times: user=0.01 sys=0.00, real=0.00 secs] 
218.865: Total time for which application threads were stopped: 0.0041950 seconds, Stopping threads took: 0.0020720 seconds
218.938: Application time: 0.0731530 seconds
218.939: [GC [PSYoungGen: 90912K->7616K(97280K)] 108889K->25601K(318976K), 0.0021960 secs] [Times: user=0.02 sys=0.00, real=0.01 secs] 
218.942: Total time for which application threads were stopped: 0.0039540 seconds, Stopping threads took: 0.0016680 seconds
219.016: Application time: 0.0738370 seconds
219.017: [GC [PSYoungGen: 91072K->7200K(97280K)] 109057K->25193K(318976K), 0.0020530 secs] [Times: user=0.01 sys=0.00, real=0.00 secs] 
219.019: Total time for which application threads were stopped: 0.0037900 seconds, Stopping threads took: 0.0016590 seconds
219.097: Application time: 0.0778490 seconds
219.099: [GC [PSYoungGen: 90656K->5136K(97280K)] 108649K->23145K(318976K), 0.0014840 secs] [Times: user=0.01 sys=0.00, real=0.01 secs] 
219.101: Total time for which application threads were stopped: 0.0037160 seconds, Stopping threads took: 0.0021560 seconds
219.179: Application time: 0.0776500 seconds
219.181: [GC [PSYoungGen: 88592K->7568K(97280K)] 106601K->25577K(318976K), 0.0021920 secs] [Times: user=0.01 sys=0.00, real=0.00 secs] 
219.183: Total time for which application threads were stopped: 0.0045010 seconds, Stopping threads took: 0.0022150 seconds
219.262: Application time: 0.0784570 seconds
219.265: [GC [PSYoungGen: 91024K->7472K(97280K)] 109033K->25489K(318976K), 0.0022790 secs] [Times: user=0.02 sys=0.00, real=0.00 secs] 
219.267: Total time for which application threads were stopped: 0.0053670 seconds, Stopping threads took: 0.0030010 seconds
219.346: Application time: 0.0787250 seconds
219.348: [GC [PSYoungGen: 90928K->5120K(97280K)] 108945K->23145K(318976K), 0.0015630 secs] [Times: user=0.01 sys=0.00, real=0.00 secs] 
219.349: Total time for which application threads were stopped: 0.0038410 seconds, Stopping threads took: 0.0022070 seconds
219.432: Application time: 0.0820500 seconds
219.434: [GC [PSYoungGen: 88576K->5328K(97280K)] 106601K->23361K(318976K), 0.0015820 secs] [Times: user=0.01 sys=0.00, real=0.00 secs] 
219.435: Total time for which application threads were stopped: 0.0039200 seconds, Stopping threads took: 0.0022600 seconds
219.513: Application time: 0.0780350 seconds
219.517: [GC [PSYoungGen: 88784K->7456K(97280K)] 106817K->25497K(318976K), 0.0021610 secs] [Times: user=0.01 sys=0.00, real=0.00 secs] 
219.519: Total time for which application threads were stopped: 0.0054740 seconds, Stopping threads took: 0.0032320 seconds
219.598: Application time: 0.0793140 seconds
219.600: [GC [PSYoungGen: 90912K->5744K(97280K)] 108953K->23793K(318976K), 0.0017070 secs] [Times: user=0.01 sys=0.00, real=0.01 secs] 
219.602: Total time for which application threads were stopped: 0.0033960 seconds, Stopping threads took: 0.0016120 seconds
219.680: Application time: 0.0784670 seconds
219.683: [GC [PSYoungGen: 89200K->7168K(97280K)] 107249K->25225K(318976K), 0.0020040 secs] [Times: user=0.01 sys=0.00, real=0.00 secs] 
219.685: Total time for which application threads were stopped: 0.0047900 seconds, Stopping threads took: 0.0027060 seconds
219.765: Application time: 0.0796700 seconds
219.766: [GC [PSYoungGen: 90624K->5456K(97280K)] 108681K->23521K(318976K), 0.0015930 secs] [Times: user=0.01 sys=0.00, real=0.00 secs] 
219.768: Total time for which application threads were stopped: 0.0032890 seconds, Stopping threads took: 0.0016260 seconds
219.849: Application time: 0.0806250 seconds
219.851: [GC [PSYoungGen: 88912K->5920K(97280K)] 106977K->23993K(318976K), 0.0017710 secs] [Times: user=0.01 sys=0.00, real=0.01 secs] 
219.853: Total time for which application threads were stopped: 0.0045850 seconds, Stopping threads took: 0.0027380 seconds
219.934: Application time: 0.0812070 seconds
219.936: [GC [PSYoungGen: 89376K->6672K(97280K)] 107449K->24753K(318976K), 0.0019400 secs] [Times: user=0.01 sys=0.00, real=0.00 secs] 
219.938: Total time for which application threads were stopped: 0.0039910 seconds, Stopping threads took: 0.0019730 seconds
220.017: Application time: 0.0783840 seconds
220.019: [GC [PSYoungGen: 90128K->7616K(97280K)] 108209K->25705K(318976K), 0.0020670 secs] [Times: user=0.02 sys=0.00, real=0.01 secs] 
220.021: Total time for which application threads were stopped: 0.0046020 seconds, Stopping threads took: 0.0024610 seconds
220.101: Application time: 0.0798290 seconds
220.103: [GC [PSYoungGen: 91072K->7264K(97280K)] 109161K->25361K(318976K), 0.0021500 secs] [Times: user=0.02 sys=0.00, real=0.00 secs] 
220.105: Total time for which application threads were stopped: 0.0040790 seconds, Stopping threads took: 0.0018480 seconds
220.183: Application time: 0.0774030 seconds
220.185: [GC [PSYoungGen: 90719K->6928K(97280K)] 108817K->25033K(318976K), 0.0019330 secs] [Times: user=0.01 sys=0.00, real=0.00 secs] 
220.187: Total time for which application threads were stopped: 0.0040930 seconds, Stopping threads took: 0.0020740 seconds
220.265: Application time: 0.0783550 seconds
220.268: [GC [PSYoungGen: 90384K->7568K(97280K)] 108489K->25697K(318976K), 0.0021950 secs] [Times: user=0.01 sys=0.00, real=0.00 secs] 
220.270: Total time for which application threads were stopped: 0.0053930 seconds, Stopping threads took: 0.0031120 seconds
220.349: Application time: 0.0786070 seconds
220.351: [GC [PSYoungGen: 91024K->6832K(97280K)] 109153K->24969K(318976K), 0.0020380 secs] [Times: user=0.01 sys=0.00, real=0.01 secs] 
220.353: Total time for which application threads were stopped: 0.0041120 seconds, Stopping threads took: 0.0019890 seconds
220.433: Application time: 0.0802080 seconds
220.436: [GC [PSYoungGen: 90288K->5968K(97280K)] 108425K->24113K(318976K), 0.0017950 secs] [Times: user=0.01 sys=0.00, real=0.00 secs] 
220.437: Total time for which application threads were stopped: 0.0040520 seconds, Stopping threads took: 0.0021850 seconds
220.517: Application time: 0.0792580 seconds
220.518: [GC [PSYoungGen: 89424K->6784K(97280K)] 107569K->24937K(318976K), 0.0019220 secs] [Times: user=0.02 sys=0.00, real=0.00 secs] 
220.520: Total time for which application threads were stopped: 0.0036060 seconds, Stopping threads took: 0.0016060 seconds
220.599: Application time: 0.0790760 seconds
220.602: [GC [PSYoungGen: 90240K->7008K(97280K)] 108393K->25169K(318976K), 0.0019790 secs] [Times: user=0.01 sys=0.00, real=0.00 secs] 
220.604: Total time for which application threads were stopped: 0.0049260 seconds, Stopping threads took: 0.0028700 seconds
220.684: Application time: 0.0798660 seconds
220.686: [GC [PSYoungGen: 90464K->6800K(97280K)] 108625K->24977K(318976K), 0.0019370 secs] [Times: user=0.01 sys=0.00, real=0.00 secs] 
220.688: Total time for which application threads were stopped: 0.0034800 seconds, Stopping threads took: 0.0014580 seconds
220.767: Application time: 0.0790340 seconds
220.769: [GC [PSYoungGen: 90256K->6080K(97280K)] 108433K->24265K(318976K), 0.0018030 secs] [Times: user=0.01 sys=0.00, real=0.00 secs] 
220.771: Total time for which application threads were stopped: 0.0044220 seconds, Stopping threads took: 0.0025430 seconds
220.849: Application time: 0.0776590 seconds
220.850: [GC [PSYoungGen: 89536K->6544K(97280K)] 107721K->24737K(318976K), 0.0018810 secs] [Times: user=0.01 sys=0.00, real=0.00 secs] 
220.852: Total time for which application threads were stopped: 0.0034070 seconds, Stopping threads took: 0.0014540 seconds
220.933: Application time: 0.0808330 seconds
220.934: [GC [PSYoungGen: 90000K->7024K(97280K)] 108193K->25225K(318976K), 0.0020570 secs] [Times: user=0.01 sys=0.00, real=0.00 secs] 
220.936: Total time for which application threads were stopped: 0.0033820 seconds, Stopping threads took: 0.0012490 seconds
221.021: Application time: 0.0848410 seconds
221.023: [GC [PSYoungGen: 90480K->5856K(97280K)] 108681K->24065K(318976K), 0.0017040 secs] [Times: user=0.02 sys=0.00, real=0.00 secs] 
221.024: Total time for which application threads were stopped: 0.0030770 seconds, Stopping threads took: 0.0012980 seconds
221.104: Application time: 0.0799150 seconds
221.106: [GC [PSYoungGen: 89312K->8272K(97280K)] 107521K->26489K(318976K), 0.0024180 secs] [Times: user=0.02 sys=0.00, real=0.00 secs] 
221.109: Total time for which application threads were stopped: 0.0043190 seconds, Stopping threads took: 0.0018160 seconds
221.188: Application time: 0.0795310 seconds
221.191: [GC [PSYoungGen: 91728K->6544K(97280K)] 109945K->24769K(318976K), 0.0020510 secs] [Times: user=0.01 sys=0.00, real=0.01 secs] 
221.193: Total time for which application threads were stopped: 0.0046080 seconds, Stopping threads took: 0.0024480 seconds
221.273: Application time: 0.0799410 seconds
221.275: [GC [PSYoungGen: 90000K->7392K(97280K)] 108225K->25625K(318976K), 0.0020430 secs] [Times: user=0.02 sys=0.00, real=0.00 secs] 
221.277: Total time for which application threads were stopped: 0.0046730 seconds, Stopping threads took: 0.0025510 seconds
221.356: Application time: 0.0783980 seconds
221.358: [GC [PSYoungGen: 90848K->7680K(97280K)] 109081K->25913K(318976K), 0.0021750 secs] [Times: user=0.02 sys=0.00, real=0.00 secs] 
221.360: Total time for which application threads were stopped: 0.0043300 seconds, Stopping threads took: 0.0020700 seconds
221.440: Application time: 0.0796480 seconds
221.442: [GC [PSYoungGen: 91136K->8208K(97280K)] 109369K->26449K(318976K), 0.0023740 secs] [Times: user=0.01 sys=0.00, real=0.00 secs] 
221.444: Total time for which application threads were stopped: 0.0047160 seconds, Stopping threads took: 0.0022590 seconds
221.523: Application time: 0.0788540 seconds
221.526: [GC [PSYoungGen: 91664K->7504K(97280K)] 109905K->25753K(318976K), 0.0020560 secs] [Times: user=0.01 sys=0.00, real=0.00 secs] 
221.528: Total time for which application threads were stopped: 0.0046040 seconds, Stopping threads took: 0.0024690 seconds
221.606: Application time: 0.0777700 seconds
221.607: [GC [PSYoungGen: 90960K->7760K(97280K)] 109209K->26017K(318976K), 0.0022380 secs] [Times: user=0.01 sys=0.00, real=0.00 secs] 
221.610: Total time for which application threads were stopped: 0.0040500 seconds, Stopping threads took: 0.0017290 seconds
221.689: Application time: 0.0789110 seconds
221.692: [GC [PSYoungGen: 91216K->7584K(97280K)] 109473K->25865K(318976K), 0.0020470 secs] [Times: user=0.01 sys=0.00, real=0.01 secs] 
221.694: Total time for which application threads were stopped: 0.0051080 seconds, Stopping threads took: 0.0029750 seconds
221.776: Application time: 0.0819060 seconds
221.778: [GC [PSYoungGen: 91040K->7488K(97280K)] 109321K->25777K(318976K), 0.0022550 secs] [Times: user=0.01 sys=0.00, real=0.00 secs] 
221.780: Total time for which application threads were stopped: 0.0045110 seconds, Stopping threads took: 0.0021790 seconds
221.861: Application time: 0.0807740 seconds
221.862: [GC [PSYoungGen: 90944K->6656K(97280K)] 109233K->24945K(318976K), 0.0019810 secs] [Times: user=0.01 sys=0.00, real=0.00 secs] 
221.864: Total time for which application threads were stopped: 0.0032330 seconds, Stopping threads took: 0.0011750 seconds
221.944: Application time: 0.0793750 seconds
221.945: [GC [PSYoungGen: 90112K->7872K(97280K)] 108401K->26169K(318976K), 0.0022570 secs] [Times: user=0.01 sys=0.00, real=0.00 secs] 
221.948: Total time for which application threads were stopped: 0.0041520 seconds, Stopping threads took: 0.0018140 seconds
222.027: Application time: 0.0791240 seconds
222.030: [GC [PSYoungGen: 91328K->7328K(97280K)] 109625K->25633K(318976K), 0.0021350 secs] [Times: user=0.02 sys=0.00, real=0.00 secs] 
222.032: Total time for which application threads were stopped: 0.0048610 seconds, Stopping threads took: 0.0026430 seconds
222.109: Application time: 0.0773470 seconds
222.113: [GC [PSYoungGen: 90784K->7376K(97280K)] 109089K->25689K(318976K), 0.0022380 secs] [Times: user=0.01 sys=0.00, real=0.00 secs] 
222.115: Total time for which application threads were stopped: 0.0058680 seconds, Stopping threads took: 0.0035470 seconds
222.193: Application time: 0.0780040 seconds
222.195: [GC [PSYoungGen: 90832K->7328K(97280K)] 109145K->25649K(318976K), 0.0020760 secs] [Times: user=0.02 sys=0.00, real=0.00 secs] 
222.197: Total time for which application threads were stopped: 0.0040320 seconds, Stopping threads took: 0.0018680 seconds
222.277: Application time: 0.0796630 seconds
222.280: [GC [PSYoungGen: 90784K->8112K(97280K)] 109105K->26441K(318976K), 0.0023640 secs] [Times: user=0.01 sys=0.00, real=0.01 secs] 
222.282: Total time for which application threads were stopped: 0.0054200 seconds, Stopping threads took: 0.0029650 seconds
222.361: Application time: 0.0790400 seconds
222.364: [GC [PSYoungGen: 91568K->6464K(97280K)] 109897K->24801K(318976K), 0.0018290 secs] [Times: user=0.01 sys=0.00, real=0.00 secs] 
222.366: Total time for which application threads were stopped: 0.0049670 seconds, Stopping threads took: 0.0030540 seconds
222.446: Application time: 0.0797660 seconds
222.448: [GC [PSYoungGen: 89920K->7936K(97280K)] 108257K->26281K(318976K), 0.0022940 secs] [Times: user=0.01 sys=0.00, real=0.00 secs] 
222.451: Total time for which application threads were stopped: 0.0047900 seconds, Stopping threads took: 0.0024140 seconds
222.532: Application time: 0.0810900 seconds
222.534: [GC [PSYoungGen: 91392K->4480K(97280K)] 109737K->22833K(318976K), 0.0014120 secs] [Times: user=0.01 sys=0.00, real=0.00 secs] 
222.535: Total time for which application threads were stopped: 0.0032670 seconds, Stopping threads took: 0.0017840 seconds
222.613: Application time: 0.0782110 seconds
222.616: [GC [PSYoungGen: 87936K->7152K(97280K)] 106289K->25513K(318976K), 0.0020290 secs] [Times: user=0.02 sys=0.00, real=0.00 secs] 
222.618: Total time for which application threads were stopped: 0.0049090 seconds, Stopping threads took: 0.0028000 seconds
222.697: Application time: 0.0783820 seconds
222.698: [GC [PSYoungGen: 90608K->6880K(97280K)] 108969K->25249K(318976K), 0.0020290 secs] [Times: user=0.01 sys=0.00, real=0.01 secs] 
222.701: Total time for which application threads were stopped: 0.0039810 seconds, Stopping threads took: 0.0018520 seconds
222.780: Application time: 0.0792710 seconds
222.782: [GC [PSYoungGen: 90336K->7344K(97280K)] 108705K->25721K(318976K), 0.0021550 secs] [Times: user=0.01 sys=0.00, real=0.00 secs] 
222.784: Total time for which application threads were stopped: 0.0046070 seconds, Stopping threads took: 0.0023720 seconds
222.864: Application time: 0.0793430 seconds
222.866: [GC [PSYoungGen: 90800K->6848K(97280K)] 109177K->25233K(318976K), 0.0020630 secs] [Times: user=0.02 sys=0.00, real=0.00 secs] 
222.868: Total time for which application threads were stopped: 0.0040840 seconds, Stopping threads took: 0.0019400 seconds
222.948: Application time: 0.0800550 seconds
222.950: [GC [PSYoungGen: 90304K->6400K(97280K)] 108689K->24785K(318976K), 0.0018270 secs] [Times: user=0.01 sys=0.00, real=0.00 secs] 
222.952: Total time for which application threads were stopped: 0.0037390 seconds, Stopping threads took: 0.0018410 seconds
223.032: Application time: 0.0801740 seconds
223.034: [GC [PSYoungGen: 89856K->7824K(97280K)] 108241K->26217K(318976K), 0.0022720 secs] [Times: user=0.01 sys=0.00, real=0.00 secs] 
223.036: Total time for which application threads were stopped: 0.0042710 seconds, Stopping threads took: 0.0019090 seconds
223.112: Application time: 0.0764140 seconds
223.116: [GC [PSYoungGen: 91280K->8256K(97280K)] 109673K->26657K(318976K), 0.0022990 secs] [Times: user=0.01 sys=0.00, real=0.00 secs] 
223.118: Total time for which application threads were stopped: 0.0053990 seconds, Stopping threads took: 0.0030200 seconds
223.191: Application time: 0.0732740 seconds
223.194: [GC [PSYoungGen: 91712K->7824K(97280K)] 110113K->26233K(318976K), 0.0021360 secs] [Times: user=0.02 sys=0.00, real=0.00 secs] 
223.196: Total time for which application threads were stopped: 0.0051650 seconds, Stopping threads took: 0.0029490 seconds
223.271: Application time: 0.0743550 seconds
223.273: [GC [PSYoungGen: 91280K->6288K(97280K)] 109689K->24705K(318976K), 0.0018570 secs] [Times: user=0.01 sys=0.00, real=0.00 secs] 
223.275: Total time for which application threads were stopped: 0.0039040 seconds, Stopping threads took: 0.0019530 seconds
223.349: Application time: 0.0741260 seconds
223.351: [GC [PSYoungGen: 89744K->6480K(97280K)] 108161K->24905K(318976K), 0.0018850 secs] [Times: user=0.01 sys=0.00, real=0.01 secs] 
223.353: Total time for which application threads were stopped: 0.0040210 seconds, Stopping threads took: 0.0020640 seconds
223.427: Application time: 0.0744360 seconds
223.428: [GC [PSYoungGen: 89936K->5680K(97280K)] 108361K->24105K(318976K), 0.0016400 secs] [Times: user=0.01 sys=0.00, real=0.00 secs] 
223.430: Total time for which application threads were stopped: 0.0028860 seconds, Stopping threads took: 0.0011720 seconds
223.503: Application time: 0.0732130 seconds
223.505: [GC [PSYoungGen: 89136K->6016K(97280K)] 107561K->24449K(318976K), 0.0017480 secs] [Times: user=0.01 sys=0.00, real=0.00 secs] 
223.507: Total time for which application threads were stopped: 0.0038650 seconds, Stopping threads took: 0.0020370 seconds
223.582: Application time: 0.0747510 seconds
223.583: [GC [PSYoungGen: 89472K->6496K(97280K)] 107905K->24937K(318976K), 0.0019110 secs] [Times: user=0.01 sys=0.00, real=0.00 secs] 
223.585: Total time for which application threads were stopped: 0.0028270 seconds, Stopping threads took: 0.0008370 seconds
223.661: Application time: 0.0763340 seconds
223.663: [GC [PSYoungGen: 89952K->6080K(97280K)] 108393K->24529K(318976K), 0.0017280 secs] [Times: user=0.01 sys=0.00, real=0.00 secs] 
223.664: Total time for which application threads were stopped: 0.0033090 seconds, Stopping threads took: 0.0014970 seconds
223.739: Application time: 0.0744840 seconds
223.742: [GC [PSYoungGen: 89536K->7424K(97280K)] 107985K->25881K(318976K), 0.0020020 secs] [Times: user=0.01 sys=0.00, real=0.00 secs] 
223.744: Total time for which application threads were stopped: 0.0048530 seconds, Stopping threads took: 0.0027770 seconds
223.815: Application time: 0.0717320 seconds
223.817: [GC [PSYoungGen: 90880K->7376K(97280K)] 109337K->25841K(318976K), 0.0021410 secs] [Times: user=0.01 sys=0.00, real=0.00 secs] 
223.820: Total time for which application threads were stopped: 0.0040740 seconds, Stopping threads took: 0.0018420 seconds
223.894: Application time: 0.0739950 seconds
223.896: [GC [PSYoungGen: 90832K->8384K(97280K)] 109297K->26849K(318976K), 0.0023750 secs] [Times: user=0.02 sys=0.00, real=0.00 secs] 
223.898: Total time for which application threads were stopped: 0.0044330 seconds, Stopping threads took: 0.0019790 seconds
223.973: Application time: 0.0751660 seconds
223.976: [GC [PSYoungGen: 91840K->7472K(97280K)] 110305K->25945K(318976K), 0.0021350 secs] [Times: user=0.02 sys=0.00, real=0.00 secs] 
223.978: Total time for which application threads were stopped: 0.0047940 seconds, Stopping threads took: 0.0025760 seconds
224.052: Application time: 0.0740120 seconds
224.053: [GC [PSYoungGen: 90928K->8160K(97280K)] 109401K->26641K(318976K), 0.0023210 secs] [Times: user=0.02 sys=0.00, real=0.00 secs] 
224.056: Total time for which application threads were stopped: 0.0039030 seconds, Stopping threads took: 0.0015000 seconds
224.129: Application time: 0.0735940 seconds
224.132: [GC [PSYoungGen: 91616K->7424K(97280K)] 110097K->25913K(318976K), 0.0021360 secs] [Times: user=0.02 sys=0.00, real=0.01 secs] 
224.134: Total time for which application threads were stopped: 0.0045670 seconds, Stopping threads took: 0.0023530 seconds
224.209: Application time: 0.0747250 seconds
224.212: [GC [PSYoungGen: 90880K->7040K(97280K)] 109369K->25537K(318976K), 0.0020430 secs] [Times: user=0.01 sys=0.00, real=0.01 secs] 
224.214: Total time for which application threads were stopped: 0.0048470 seconds, Stopping threads took: 0.0027310 seconds
224.288: Application time: 0.0740660 seconds
224.290: [GC [PSYoungGen: 90496K->6480K(97280K)] 108993K->24985K(318976K), 0.0018770 secs] [Times: user=0.01 sys=0.00, real=0.00 secs] 
224.292: Total time for which application threads were stopped: 0.0044670 seconds, Stopping threads took: 0.0025100 seconds
224.364: Application time: 0.0719030 seconds
224.366: [GC [PSYoungGen: 89936K->7872K(97280K)] 108441K->26377K(318976K), 0.0022390 secs] [Times: user=0.02 sys=0.00, real=0.00 secs] 
224.368: Total time for which application threads were stopped: 0.0043630 seconds, Stopping threads took: 0.0020260 seconds
224.443: Application time: 0.0749940 seconds
224.445: [GC [PSYoungGen: 91328K->7072K(97280K)] 109833K->25585K(318976K), 0.0020560 secs] [Times: user=0.02 sys=0.00, real=0.00 secs] 
224.447: Total time for which application threads were stopped: 0.0037980 seconds, Stopping threads took: 0.0016580 seconds
224.521: Application time: 0.0733250 seconds
224.522: [GC [PSYoungGen: 90528K->6832K(97280K)] 109041K->25345K(318976K), 0.0020240 secs] [Times: user=0.01 sys=0.00, real=0.00 secs] 
224.524: Total time for which application threads were stopped: 0.0032000 seconds, Stopping threads took: 0.0010990 seconds
224.599: Application time: 0.0754260 seconds
224.601: [GC [PSYoungGen: 90288K->6784K(97280K)] 108801K->25305K(318976K), 0.0019640 secs] [Times: user=0.01 sys=0.00, real=0.00 secs] 
224.603: Total time for which application threads were stopped: 0.0035090 seconds, Stopping threads took: 0.0014750 seconds
224.679: Application time: 0.0763310 seconds
224.681: [GC [PSYoungGen: 90240K->6992K(97280K)] 108761K->25521K(318976K), 0.0019750 secs] [Times: user=0.02 sys=0.00, real=0.00 secs] 
224.683: Total time for which application threads were stopped: 0.0044770 seconds, Stopping threads took: 0.0024330 seconds
224.756: Application time: 0.0729580 seconds
224.758: [GC [PSYoungGen: 90448K->6448K(97280K)] 108977K->24985K(318976K), 0.0017720 secs] [Times: user=0.01 sys=0.00, real=0.00 secs] 
224.760: Total time for which application threads were stopped: 0.0035820 seconds, Stopping threads took: 0.0017390 seconds
224.835: Application time: 0.0747340 seconds
224.838: [GC [PSYoungGen: 89904K->7088K(97280K)] 108441K->25625K(318976K), 0.0020470 secs] [Times: user=0.01 sys=0.00, real=0.00 secs] 
224.840: Total time for which application threads were stopped: 0.0051820 seconds, Stopping threads took: 0.0030590 seconds
224.915: Application time: 0.0748490 seconds
224.917: [GC [PSYoungGen: 90544K->7248K(97280K)] 109081K->25785K(318976K), 0.0022520 secs] [Times: user=0.02 sys=0.00, real=0.00 secs] 
224.919: Total time for which application threads were stopped: 0.0045040 seconds, Stopping threads took: 0.0021690 seconds
224.994: Application time: 0.0743460 seconds
224.996: [GC [PSYoungGen: 90704K->7136K(97280K)] 109241K->25681K(318976K), 0.0020950 secs] [Times: user=0.01 sys=0.00, real=0.00 secs] 
224.998: Total time for which application threads were stopped: 0.0041620 seconds, Stopping threads took: 0.0019890 seconds
225.071: Application time: 0.0727400 seconds
225.073: [GC [PSYoungGen: 90592K->7664K(97280K)] 109137K->26217K(318976K), 0.0022680 secs] [Times: user=0.02 sys=0.00, real=0.00 secs] 
225.075: Total time for which application threads were stopped: 0.0047890 seconds, Stopping threads took: 0.0024420 seconds
225.150: Application time: 0.0748060 seconds
225.153: [GC [PSYoungGen: 91120K->7936K(97280K)] 109673K->26497K(318976K), 0.0023160 secs] [Times: user=0.02 sys=0.00, real=0.00 secs] 
225.155: Total time for which application threads were stopped: 0.0048630 seconds, Stopping threads took: 0.0024680 seconds
225.231: Application time: 0.0757870 seconds
225.234: [GC [PSYoungGen: 91392K->7552K(97280K)] 109953K->26121K(318976K), 0.0023180 secs] [Times: user=0.01 sys=0.00, real=0.00 secs] 
225.236: Total time for which application threads were stopped: 0.0050950 seconds, Stopping threads took: 0.0026960 seconds
225.312: Application time: 0.0757350 seconds
225.312: [GC [PSYoungGen: 91008K->5248K(97280K)] 109577K->23825K(318976K), 0.0015530 secs] [Times: user=0.01 sys=0.00, real=0.01 secs] 
225.314: Total time for which application threads were stopped: 0.0022560 seconds, Stopping threads took: 0.0006350 seconds
225.391: Application time: 0.0768890 seconds
225.392: [GC [PSYoungGen: 88704K->5888K(97280K)] 107281K->24465K(318976K), 0.0018330 secs] [Times: user=0.01 sys=0.01, real=0.01 secs] 
225.394: Total time for which application threads were stopped: 0.0034320 seconds, Stopping threads took: 0.0015170 seconds
225.468: Application time: 0.0739240 seconds
225.470: [GC [PSYoungGen: 89344K->7344K(97280K)] 107921K->25929K(318976K), 0.0020320 secs] [Times: user=0.02 sys=0.00, real=0.00 secs] 
225.472: Total time for which application threads were stopped: 0.0042390 seconds, Stopping threads took: 0.0020990 seconds
225.547: Application time: 0.0747930 seconds
225.549: [GC [PSYoungGen: 90800K->4976K(97280K)] 109385K->23569K(318976K), 0.0015010 secs] [Times: user=0.01 sys=0.00, real=0.00 secs] 
225.551: Total time for which application threads were stopped: 0.0033290 seconds, Stopping threads took: 0.0017580 seconds
225.622: Application time: 0.0717100 seconds
225.625: [GC [PSYoungGen: 88432K->7104K(97280K)] 107025K->25721K(318976K), 0.0020480 secs] [Times: user=0.01 sys=0.00, real=0.00 secs] 
225.627: Total time for which application threads were stopped: 0.0046380 seconds, Stopping threads took: 0.0025100 seconds
225.702: Application time: 0.0747670 seconds
225.704: [GC [PSYoungGen: 90560K->7808K(97280K)] 109177K->26433K(318976K), 0.0022890 secs] [Times: user=0.01 sys=0.00, real=0.00 secs] 
225.706: Total time for which application threads were stopped: 0.0047400 seconds, Stopping threads took: 0.0023650 seconds
225.781: Application time: 0.0748100 seconds
225.783: [GC [PSYoungGen: 91264K->5472K(97280K)] 109889K->24105K(318976K), 0.0017170 secs] [Times: user=0.01 sys=0.00, real=0.00 secs] 
225.785: Total time for which application threads were stopped: 0.0036900 seconds, Stopping threads took: 0.0018990 seconds
225.859: Application time: 0.0745040 seconds
225.861: [GC [PSYoungGen: 88928K->6912K(97280K)] 107561K->25545K(318976K), 0.0021040 secs] [Times: user=0.01 sys=0.00, real=0.00 secs] 
225.863: Total time for which application threads were stopped: 0.0035330 seconds, Stopping threads took: 0.0013510 seconds
225.939: Application time: 0.0759030 seconds
225.941: [GC [PSYoungGen: 90368K->5680K(97280K)] 109001K->24321K(318976K), 0.0017270 secs] [Times: user=0.01 sys=0.00, real=0.00 secs] 
225.942: Total time for which application threads were stopped: 0.0034740 seconds, Stopping threads took: 0.0016690 seconds
226.019: Application time: 0.0763520 seconds
226.021: [GC [PSYoungGen: 89136K->7088K(97280K)] 107777K->25737K(318976K), 0.0019290 secs] [Times: user=0.02 sys=0.00, real=0.00 secs] 
226.023: Total time for which application threads were stopped: 0.0046140 seconds, Stopping threads took: 0.0026050 seconds
226.098: Application time: 0.0751220 seconds
226.100: [GC [PSYoungGen: 90544K->6736K(97280K)] 109193K->25393K(318976K), 0.0019230 secs] [Times: user=0.02 sys=0.00, real=0.01 secs] 
226.102: Total time for which application threads were stopped: 0.0035140 seconds, Stopping threads took: 0.0014880 seconds
226.176: Application time: 0.0740080 seconds
226.179: [GC [PSYoungGen: 90192K->7088K(97280K)] 108849K->25753K(318976K), 0.0021760 secs] [Times: user=0.02 sys=0.00, real=0.01 secs] 
226.181: Total time for which application threads were stopped: 0.0051530 seconds, Stopping threads took: 0.0028870 seconds
226.253: Application time: 0.0717610 seconds
226.255: [GC [PSYoungGen: 90544K->7648K(97280K)] 109209K->26337K(318976K), 0.0022470 secs] [Times: user=0.02 sys=0.00, real=0.00 secs] 
226.257: Total time for which application threads were stopped: 0.0043600 seconds, Stopping threads took: 0.0020330 seconds
226.332: Application time: 0.0744620 seconds
226.333: [GC [PSYoungGen: 91104K->6064K(97280K)] 109793K->24753K(318976K), 0.0017810 secs] [Times: user=0.02 sys=0.00, real=0.00 secs] 
226.335: Total time for which application threads were stopped: 0.0034970 seconds, Stopping threads took: 0.0016260 seconds
226.409: Application time: 0.0741980 seconds
226.412: [GC [PSYoungGen: 89520K->7744K(97280K)] 108209K->26433K(318976K), 0.0022060 secs] [Times: user=0.01 sys=0.00, real=0.01 secs] 
226.414: Total time for which application threads were stopped: 0.0048890 seconds, Stopping threads took: 0.0026060 seconds
226.489: Application time: 0.0746450 seconds
226.490: [GC [PSYoungGen: 91200K->6288K(97280K)] 109889K->24993K(318976K), 0.0019670 secs] [Times: user=0.02 sys=0.00, real=0.00 secs] 
226.492: Total time for which application threads were stopped: 0.0031870 seconds, Stopping threads took: 0.0011460 seconds
226.566: Application time: 0.0736010 seconds
226.568: [GC [PSYoungGen: 89744K->7792K(97280K)] 108449K->26505K(318976K), 0.0021620 secs] [Times: user=0.01 sys=0.00, real=0.00 secs] 
226.570: Total time for which application threads were stopped: 0.0046650 seconds, Stopping threads took: 0.0024150 seconds
226.644: Application time: 0.0734320 seconds
226.647: [GC [PSYoungGen: 91248K->7904K(97280K)] 109961K->26625K(318976K), 0.0024560 secs] [Times: user=0.02 sys=0.00, real=0.00 secs] 
226.649: Total time for which application threads were stopped: 0.0053910 seconds, Stopping threads took: 0.0028560 seconds
226.721: Application time: 0.0713410 seconds
226.723: [GC [PSYoungGen: 91360K->7376K(97280K)] 110081K->26105K(318976K), 0.0021300 secs] [Times: user=0.01 sys=0.00, real=0.00 secs] 
226.725: Total time for which application threads were stopped: 0.0046730 seconds, Stopping threads took: 0.0024670 seconds
226.798: Application time: 0.0731760 seconds
226.801: [GC [PSYoungGen: 90832K->7520K(97280K)] 109561K->26249K(318976K), 0.0021610 secs] [Times: user=0.01 sys=0.00, real=0.00 secs] 
226.804: Total time for which application threads were stopped: 0.0051440 seconds, Stopping threads took: 0.0029030 seconds
226.878: Application time: 0.0742440 seconds
226.879: [GC [PSYoungGen: 90976K->6944K(97280K)] 109705K->25673K(318976K), 0.0019270 secs] [Times: user=0.02 sys=0.00, real=0.01 secs] 
226.881: Total time for which application threads were stopped: 0.0036820 seconds, Stopping threads took: 0.0016810 seconds
226.955: Application time: 0.0734610 seconds
226.957: [GC [PSYoungGen: 90400K->7088K(97280K)] 109129K->25825K(318976K), 0.0021120 secs] [Times: user=0.01 sys=0.00, real=0.00 secs] 
226.959: Total time for which application threads were stopped: 0.0042510 seconds, Stopping threads took: 0.0020600 seconds
227.032: Application time: 0.0725010 seconds
227.034: [GC [PSYoungGen: 90544K->6640K(97280K)] 109281K->25385K(318976K), 0.0019940 secs] [Times: user=0.01 sys=0.00, real=0.00 secs] 
227.036: Total time for which application threads were stopped: 0.0042250 seconds, Stopping threads took: 0.0021310 seconds
227.112: Application time: 0.0760070 seconds
227.114: [GC [PSYoungGen: 90096K->6928K(97280K)] 108841K->25681K(318976K), 0.0019900 secs] [Times: user=0.01 sys=0.00, real=0.00 secs] 
227.117: Total time for which application threads were stopped: 0.0046370 seconds, Stopping threads took: 0.0025550 seconds
227.195: Application time: 0.0783080 seconds
227.197: [GC [PSYoungGen: 90384K->6928K(97280K)] 109137K->25689K(318976K), 0.0019880 secs] [Times: user=0.01 sys=0.00, real=0.00 secs] 
227.199: Total time for which application threads were stopped: 0.0041970 seconds, Stopping threads took: 0.0021330 seconds
227.278: Application time: 0.0791220 seconds
227.280: [GC [PSYoungGen: 90384K->6880K(97280K)] 109145K->25649K(318976K), 0.0020730 secs] [Times: user=0.02 sys=0.00, real=0.01 secs] 
227.282: Total time for which application threads were stopped: 0.0040730 seconds, Stopping threads took: 0.0019210 seconds
227.362: Application time: 0.0799330 seconds
227.364: [GC [PSYoungGen: 90336K->7984K(97280K)] 109105K->26753K(318976K), 0.0023150 secs] [Times: user=0.01 sys=0.00, real=0.00 secs] 
227.367: Total time for which application threads were stopped: 0.0045430 seconds, Stopping threads took: 0.0021440 seconds
227.447: Application time: 0.0802670 seconds
227.449: [GC [PSYoungGen: 91440K->7472K(97280K)] 110209K->26249K(318976K), 0.0021580 secs] [Times: user=0.01 sys=0.00, real=0.00 secs] 
227.451: Total time for which application threads were stopped: 0.0040130 seconds, Stopping threads took: 0.0017750 seconds
227.532: Application time: 0.0805370 seconds
227.535: [GC [PSYoungGen: 90928K->7088K(97280K)] 109705K->25873K(318976K), 0.0020920 secs] [Times: user=0.02 sys=0.00, real=0.00 secs] 
227.537: Total time for which application threads were stopped: 0.0051310 seconds, Stopping threads took: 0.0029570 seconds
227.619: Application time: 0.0818470 seconds
227.621: [GC [PSYoungGen: 90544K->6608K(97280K)] 109329K->25401K(318976K), 0.0018170 secs] [Times: user=0.01 sys=0.00, real=0.00 secs] 
227.623: Total time for which application threads were stopped: 0.0047660 seconds, Stopping threads took: 0.0028700 seconds
227.703: Application time: 0.0792180 seconds
227.705: [GC [PSYoungGen: 90064K->6400K(97280K)] 108857K->25201K(318976K), 0.0020040 secs] [Times: user=0.01 sys=0.00, real=0.00 secs] 
227.707: Total time for which application threads were stopped: 0.0042260 seconds, Stopping threads took: 0.0021380 seconds
227.783: Application time: 0.0767380 seconds
227.786: [GC [PSYoungGen: 89856K->7824K(97280K)] 108657K->26633K(318976K), 0.0023590 secs] [Times: user=0.02 sys=0.00, real=0.00 secs] 
227.788: Total time for which application threads were stopped: 0.0045640 seconds, Stopping threads took: 0.0021020 seconds
227.868: Application time: 0.0798760 seconds
227.871: [GC [PSYoungGen: 91280K->6928K(97280K)] 110089K->25737K(318976K), 0.0019680 secs] [Times: user=0.02 sys=0.00, real=0.01 secs] 
227.873: Total time for which application threads were stopped: 0.0050100 seconds, Stopping threads took: 0.0029590 seconds
227.951: Application time: 0.0777110 seconds
227.953: [GC [PSYoungGen: 90384K->6944K(97280K)] 109193K->25761K(318976K), 0.0021220 secs] [Times: user=0.01 sys=0.00, real=0.00 secs] 
227.955: Total time for which application threads were stopped: 0.0044060 seconds, Stopping threads took: 0.0022040 seconds
228.035: Application time: 0.0798750 seconds
228.037: [GC [PSYoungGen: 90400K->7616K(97280K)] 109217K->26441K(318976K), 0.0022120 secs] [Times: user=0.01 sys=0.00, real=0.00 secs] 
228.040: Total time for which application threads were stopped: 0.0045850 seconds, Stopping threads took: 0.0022880 seconds
228.120: Application time: 0.0809150 seconds
228.123: [GC [PSYoungGen: 91072K->5360K(97280K)] 109897K->24193K(318976K), 0.0015870 secs] [Times: user=0.02 sys=0.00, real=0.00 secs] 
228.124: Total time for which application threads were stopped: 0.0039050 seconds, Stopping threads took: 0.0022360 seconds
228.204: Application time: 0.0798940 seconds
228.205: [GC [PSYoungGen: 88816K->7184K(97280K)] 107649K->26025K(318976K), 0.0021070 secs] [Times: user=0.01 sys=0.00, real=0.00 secs] 
228.208: Total time for which application threads were stopped: 0.0033980 seconds, Stopping threads took: 0.0012100 seconds
228.287: Application time: 0.0793770 seconds
228.289: [GC [PSYoungGen: 90640K->6592K(97280K)] 109481K->25441K(318976K), 0.0020500 secs] [Times: user=0.01 sys=0.00, real=0.00 secs] 
228.291: Total time for which application threads were stopped: 0.0044360 seconds, Stopping threads took: 0.0023020 seconds
228.371: Application time: 0.0795670 seconds
228.373: [GC [PSYoungGen: 90048K->6384K(97280K)] 108897K->25233K(318976K), 0.0018990 secs] [Times: user=0.02 sys=0.00, real=0.00 secs] 
228.375: Total time for which application threads were stopped: 0.0036590 seconds, Stopping threads took: 0.0016770 seconds
228.455: Application time: 0.0803010 seconds
228.458: [GC [PSYoungGen: 89840K->6096K(97280K)] 108689K->24953K(318976K), 0.0018620 secs] [Times: user=0.01 sys=0.00, real=0.00 secs] 
228.460: Total time for which application threads were stopped: 0.0050920 seconds, Stopping threads took: 0.0031540 seconds
228.540: Application time: 0.0800910 seconds
228.542: [GC [PSYoungGen: 89552K->6704K(97280K)] 108409K->25569K(318976K), 0.0021190 secs] [Times: user=0.01 sys=0.00, real=0.00 secs] 
228.545: Total time for which application threads were stopped: 0.0044600 seconds, Stopping threads took: 0.0022610 seconds
228.624: Application time: 0.0791650 seconds
228.625: [GC [PSYoungGen: 90160K->4800K(97280K)] 109025K->23673K(318976K), 0.0014180 secs] [Times: user=0.01 sys=0.00, real=0.00 secs] 
228.627: Total time for which application threads were stopped: 0.0030640 seconds, Stopping threads took: 0.0015750 seconds
228.708: Application time: 0.0810700 seconds
228.710: [GC [PSYoungGen: 88256K->6368K(97280K)] 107129K->25249K(318976K), 0.0018920 secs] [Times: user=0.01 sys=0.00, real=0.00 secs] 
228.712: Total time for which application threads were stopped: 0.0037640 seconds, Stopping threads took: 0.0017960 seconds
228.791: Application time: 0.0796140 seconds
228.794: [GC [PSYoungGen: 89824K->7792K(97280K)] 108705K->26681K(318976K), 0.0024020 secs] [Times: user=0.02 sys=0.00, real=0.00 secs] 
228.797: Total time for which application threads were stopped: 0.0051840 seconds, Stopping threads took: 0.0026970 seconds
228.876: Application time: 0.0791960 seconds
228.878: [GC [PSYoungGen: 91248K->6416K(97280K)] 110137K->25305K(318976K), 0.0020030 secs] [Times: user=0.02 sys=0.00, real=0.00 secs] 
228.880: Total time for which application threads were stopped: 0.0043670 seconds, Stopping threads took: 0.0022920 seconds
228.959: Application time: 0.0790000 seconds
228.961: [GC [PSYoungGen: 89872K->7344K(97280K)] 108761K->26233K(318976K), 0.0022020 secs] [Times: user=0.02 sys=0.00, real=0.00 secs] 
228.963: Total time for which application threads were stopped: 0.0036990 seconds, Stopping threads took: 0.0014000 seconds
229.044: Application time: 0.0816960 seconds
229.048: [GC [PSYoungGen: 90800K->6944K(97280K)] 109689K->25841K(318976K), 0.0020420 secs] [Times: user=0.02 sys=0.00, real=0.00 secs] 
229.050: Total time for which application threads were stopped: 0.0055760 seconds, Stopping threads took: 0.0034390 seconds
229.129: Application time: 0.0790150 seconds
229.131: [GC [PSYoungGen: 90400K->6368K(97280K)] 109297K->25273K(318976K), 0.0020590 secs] [Times: user=0.01 sys=0.00, real=0.01 secs] 
229.133: Total time for which application threads were stopped: 0.0038480 seconds, Stopping threads took: 0.0016800 seconds
229.213: Application time: 0.0800890 seconds
229.216: [GC [PSYoungGen: 89824K->6416K(97280K)] 108729K->25329K(318976K), 0.0018710 secs] [Times: user=0.01 sys=0.00, real=0.00 secs] 
229.218: Total time for which application threads were stopped: 0.0053190 seconds, Stopping threads took: 0.0033680 seconds
229.298: Application time: 0.0795220 seconds
229.300: [GC [PSYoungGen: 89872K->6000K(97280K)] 108785K->24913K(318976K), 0.0018360 secs] [Times: user=0.02 sys=0.00, real=0.01 secs] 
229.301: Total time for which application threads were stopped: 0.0035100 seconds, Stopping threads took: 0.0015970 seconds
229.381: Application time: 0.0794600 seconds
229.384: [GC [PSYoungGen: 89456K->7040K(97280K)] 108369K->25961K(318976K), 0.0020130 secs] [Times: user=0.01 sys=0.00, real=0.00 secs] 
229.386: Total time for which application threads were stopped: 0.0050560 seconds, Stopping threads took: 0.0029580 seconds
229.464: Application time: 0.0781640 seconds
229.467: [GC [PSYoungGen: 90496K->7520K(97280K)] 109417K->26441K(318976K), 0.0022840 secs] [Times: user=0.01 sys=0.00, real=0.00 secs] 
229.469: Total time for which application threads were stopped: 0.0049520 seconds, Stopping threads took: 0.0025670 seconds
229.547: Application time: 0.0778770 seconds
229.550: [GC [PSYoungGen: 90976K->7296K(97280K)] 109897K->26225K(318976K), 0.0022860 secs] [Times: user=0.01 sys=0.00, real=0.00 secs] 
229.552: Total time for which application threads were stopped: 0.0050940 seconds, Stopping threads took: 0.0027280 seconds
229.631: Application time: 0.0786950 seconds
229.633: [GC [PSYoungGen: 90752K->6432K(97280K)] 109681K->25369K(318976K), 0.0017720 secs] [Times: user=0.01 sys=0.00, real=0.00 secs] 
229.635: Total time for which application threads were stopped: 0.0039910 seconds, Stopping threads took: 0.0021390 seconds
229.714: Application time: 0.0797260 seconds
229.716: [GC [PSYoungGen: 89888K->5472K(97280K)] 108825K->24417K(318976K), 0.0016450 secs] [Times: user=0.01 sys=0.00, real=0.00 secs] 
229.718: Total time for which application threads were stopped: 0.0031110 seconds, Stopping threads took: 0.0013890 seconds
229.794: Application time: 0.0763310 seconds
229.796: [GC [PSYoungGen: 88928K->7920K(97280K)] 107873K->26865K(318976K), 0.0023670 secs] [Times: user=0.01 sys=0.00, real=0.00 secs] 
229.799: Total time for which application threads were stopped: 0.0048480 seconds, Stopping threads took: 0.0023980 seconds
229.878: Application time: 0.0788210 seconds
229.880: [GC [PSYoungGen: 91376K->6544K(97280K)] 110321K->25497K(318976K), 0.0019160 secs] [Times: user=0.01 sys=0.00, real=0.01 secs] 
229.882: Total time for which application threads were stopped: 0.0042430 seconds, Stopping threads took: 0.0022380 seconds
229.959: Application time: 0.0774540 seconds
229.962: [GC [PSYoungGen: 90000K->6912K(97280K)] 108953K->25865K(318976K), 0.0020270 secs] [Times: user=0.00 sys=0.00, real=0.00 secs] 
229.964: Total time for which application threads were stopped: 0.0046920 seconds, Stopping threads took: 0.0025800 seconds
230.041: Application time: 0.0774120 seconds
230.044: [GC [PSYoungGen: 90368K->6688K(97280K)] 109321K->25649K(318976K), 0.0019850 secs] [Times: user=0.02 sys=0.00, real=0.00 secs] 
230.046: Total time for which application threads were stopped: 0.0046450 seconds, Stopping threads took: 0.0025750 seconds
230.125: Application time: 0.0789750 seconds
230.127: [GC [PSYoungGen: 90144K->7760K(97280K)] 109105K->26729K(318976K), 0.0022620 secs] [Times: user=0.01 sys=0.00, real=0.00 secs] 
230.129: Total time for which application threads were stopped: 0.0043500 seconds, Stopping threads took: 0.0020050 seconds
230.208: Application time: 0.0788240 seconds
230.211: [GC [PSYoungGen: 91216K->7168K(97280K)] 110185K->26145K(318976K), 0.0020770 secs] [Times: user=0.01 sys=0.00, real=0.01 secs] 
230.213: Total time for which application threads were stopped: 0.0048660 seconds, Stopping threads took: 0.0026950 seconds
230.292: Application time: 0.0787110 seconds
230.295: [GC [PSYoungGen: 90624K->7536K(97280K)] 109601K->26521K(318976K), 0.0021800 secs] [Times: user=0.01 sys=0.00, real=0.00 secs] 
230.297: Total time for which application threads were stopped: 0.0053230 seconds, Stopping threads took: 0.0030620 seconds
230.374: Application time: 0.0766690 seconds
230.376: [GC [PSYoungGen: 90992K->7808K(97280K)] 109977K->26801K(318976K), 0.0021280 secs] [Times: user=0.02 sys=0.00, real=0.00 secs] 
230.378: Total time for which application threads were stopped: 0.0040080 seconds, Stopping threads took: 0.0018020 seconds
230.456: Application time: 0.0784120 seconds
230.458: [GC [PSYoungGen: 91264K->7312K(97280K)] 110257K->26305K(318976K), 0.0021250 secs] [Times: user=0.01 sys=0.00, real=0.00 secs] 
230.460: Total time for which application threads were stopped: 0.0041550 seconds, Stopping threads took: 0.0019470 seconds
230.538: Application time: 0.0780980 seconds
230.541: [GC [PSYoungGen: 90768K->7712K(97280K)] 109761K->26713K(318976K), 0.0022790 secs] [Times: user=0.02 sys=0.00, real=0.00 secs] 
230.543: Total time for which application threads were stopped: 0.0047100 seconds, Stopping threads took: 0.0023510 seconds
230.622: Application time: 0.0786200 seconds
230.623: [GC [PSYoungGen: 91168K->4944K(97280K)] 110169K->23953K(318976K), 0.0014930 secs] [Times: user=0.01 sys=0.00, real=0.00 secs] 
230.624: Total time for which application threads were stopped: 0.0026560 seconds, Stopping threads took: 0.0010800 seconds
230.705: Application time: 0.0806470 seconds
230.707: [GC [PSYoungGen: 88400K->6032K(97280K)] 107409K->25049K(318976K), 0.0018130 secs] [Times: user=0.01 sys=0.00, real=0.00 secs] 
230.709: Total time for which application threads were stopped: 0.0037100 seconds, Stopping threads took: 0.0018120 seconds
230.786: Application time: 0.0776540 seconds
230.789: [GC [PSYoungGen: 89488K->7104K(97280K)] 108505K->26129K(318976K), 0.0020900 secs] [Times: user=0.01 sys=0.00, real=0.00 secs] 
230.791: Total time for which application threads were stopped: 0.0043440 seconds, Stopping threads took: 0.0021700 seconds
230.870: Application time: 0.0791470 seconds
230.872: [GC [PSYoungGen: 90560K->6432K(97280K)] 109585K->25465K(318976K), 0.0019180 secs] [Times: user=0.02 sys=0.00, real=0.01 secs] 
230.874: Total time for which application threads were stopped: 0.0039520 seconds, Stopping threads took: 0.0019530 seconds
230.955: Application time: 0.0808010 seconds
230.956: [GC [PSYoungGen: 89888K->6016K(97280K)] 108921K->25049K(318976K), 0.0018470 secs] [Times: user=0.01 sys=0.01, real=0.00 secs] 
230.958: Total time for which application threads were stopped: 0.0034550 seconds, Stopping threads took: 0.0015260 seconds
231.040: Application time: 0.0816090 seconds
231.042: [GC [PSYoungGen: 89472K->6512K(97280K)] 108505K->25553K(318976K), 0.0020240 secs] [Times: user=0.01 sys=0.00, real=0.00 secs] 
231.044: Total time for which application threads were stopped: 0.0043330 seconds, Stopping threads took: 0.0022260 seconds
231.121: Application time: 0.0765060 seconds
231.122: [GC [PSYoungGen: 89968K->6224K(97280K)] 109009K->25273K(318976K), 0.0017430 secs] [Times: user=0.02 sys=0.00, real=0.00 secs] 
231.124: Total time for which application threads were stopped: 0.0030730 seconds, Stopping threads took: 0.0012580 seconds
231.197: Application time: 0.0732330 seconds
231.198: [GC [PSYoungGen: 89680K->7344K(97280K)] 108729K->26401K(318976K), 0.0021180 secs] [Times: user=0.02 sys=0.00, real=0.01 secs] 
231.201: Total time for which application threads were stopped: 0.0036520 seconds, Stopping threads took: 0.0014560 seconds
231.275: Application time: 0.0742380 seconds
231.277: [GC [PSYoungGen: 90800K->8048K(97280K)] 109857K->27113K(318976K), 0.0023300 secs] [Times: user=0.01 sys=0.00, real=0.00 secs] 
231.279: Total time for which application threads were stopped: 0.0046380 seconds, Stopping threads took: 0.0022230 seconds
231.354: Application time: 0.0743230 seconds
231.355: [GC [PSYoungGen: 91504K->7296K(97280K)] 110569K->26361K(318976K), 0.0020940 secs] [Times: user=0.02 sys=0.00, real=0.00 secs] 
231.358: Total time for which application threads were stopped: 0.0037900 seconds, Stopping threads took: 0.0016100 seconds
231.432: Application time: 0.0741720 seconds
231.434: [GC [PSYoungGen: 90752K->7264K(97280K)] 109817K->26337K(318976K), 0.0020920 secs] [Times: user=0.01 sys=0.01, real=0.00 secs] 
231.436: Total time for which application threads were stopped: 0.0040560 seconds, Stopping threads took: 0.0018840 seconds
231.509: Application time: 0.0731840 seconds
231.511: [GC [PSYoungGen: 90720K->6448K(97280K)] 109793K->25529K(318976K), 0.0018340 secs] [Times: user=0.01 sys=0.00, real=0.01 secs] 
231.513: Total time for which application threads were stopped: 0.0038870 seconds, Stopping threads took: 0.0019810 seconds
231.590: Application time: 0.0766750 seconds
231.591: [GC [PSYoungGen: 89904K->6448K(97280K)] 108985K->25537K(318976K), 0.0019180 secs] [Times: user=0.01 sys=0.00, real=0.01 secs] 
231.593: Total time for which application threads were stopped: 0.0036380 seconds, Stopping threads took: 0.0016490 seconds
231.667: Application time: 0.0738520 seconds
231.669: [GC [PSYoungGen: 89904K->6896K(97280K)] 108993K->25993K(318976K), 0.0020000 secs] [Times: user=0.02 sys=0.00, real=0.00 secs] 
231.671: Total time for which application threads were stopped: 0.0039420 seconds, Stopping threads took: 0.0018650 seconds
231.744: Application time: 0.0729480 seconds
231.746: [GC [PSYoungGen: 90352K->7872K(97280K)] 109449K->26985K(318976K), 0.0023160 secs] [Times: user=0.02 sys=0.00, real=0.00 secs] 
231.748: Total time for which application threads were stopped: 0.0043860 seconds, Stopping threads took: 0.0019970 seconds
231.821: Application time: 0.0728260 seconds
231.823: [GC [PSYoungGen: 91328K->7376K(97280K)] 110441K->26497K(318976K), 0.0020830 secs] [Times: user=0.01 sys=0.00, real=0.00 secs] 
231.825: Total time for which application threads were stopped: 0.0042650 seconds, Stopping threads took: 0.0021030 seconds
231.899: Application time: 0.0740430 seconds
231.902: [GC [PSYoungGen: 90832K->7728K(97280K)] 109953K->26857K(318976K), 0.0022110 secs] [Times: user=0.01 sys=0.00, real=0.00 secs] 
231.904: Total time for which application threads were stopped: 0.0043370 seconds, Stopping threads took: 0.0020410 seconds
231.977: Application time: 0.0727740 seconds
231.979: [GC [PSYoungGen: 91184K->8080K(97280K)] 110313K->27209K(318976K), 0.0023840 secs] [Times: user=0.02 sys=0.00, real=0.01 secs] 
231.981: Total time for which application threads were stopped: 0.0047960 seconds, Stopping threads took: 0.0023290 seconds
232.055: Application time: 0.0741150 seconds
232.058: [GC [PSYoungGen: 91536K->7472K(97280K)] 110665K->26617K(318976K), 0.0021960 secs] [Times: user=0.01 sys=0.00, real=0.00 secs] 
232.060: Total time for which application threads were stopped: 0.0046960 seconds, Stopping threads took: 0.0024080 seconds
232.136: Application time: 0.0754950 seconds
232.138: [GC [PSYoungGen: 90928K->7056K(97280K)] 110073K->26217K(318976K), 0.0020010 secs] [Times: user=0.01 sys=0.00, real=0.00 secs] 
232.140: Total time for which application threads were stopped: 0.0046910 seconds, Stopping threads took: 0.0026120 seconds
232.216: Application time: 0.0759460 seconds
232.218: [GC [PSYoungGen: 90510K->5280K(97280K)] 109672K->24449K(318976K), 0.0015800 secs] [Times: user=0.01 sys=0.01, real=0.00 secs] 
232.219: Total time for which application threads were stopped: 0.0029600 seconds, Stopping threads took: 0.0013100 seconds
232.296: Application time: 0.0764790 seconds
232.297: [GC [PSYoungGen: 88736K->6864K(97280K)] 107905K->26041K(318976K), 0.0020320 secs] [Times: user=0.01 sys=0.00, real=0.00 secs] 
232.299: Total time for which application threads were stopped: 0.0037130 seconds, Stopping threads took: 0.0016070 seconds
232.371: Application time: 0.0719720 seconds
232.373: [GC [PSYoungGen: 90320K->7392K(97280K)] 109497K->26577K(318976K), 0.0021440 secs] [Times: user=0.01 sys=0.00, real=0.00 secs] 
232.375: Total time for which application threads were stopped: 0.0039660 seconds, Stopping threads took: 0.0017450 seconds
232.450: Application time: 0.0742010 seconds
232.452: [GC [PSYoungGen: 90848K->6496K(97280K)] 110033K->25681K(318976K), 0.0018840 secs] [Times: user=0.01 sys=0.00, real=0.01 secs] 
232.454: Total time for which application threads were stopped: 0.0040150 seconds, Stopping threads took: 0.0020430 seconds
232.529: Application time: 0.0749950 seconds
232.530: [GC [PSYoungGen: 89952K->8080K(97280K)] 109137K->27273K(318976K), 0.0023700 secs] [Times: user=0.02 sys=0.00, real=0.01 secs] 
232.533: Total time for which application threads were stopped: 0.0039270 seconds, Stopping threads took: 0.0014710 seconds
232.609: Application time: 0.0761330 seconds
232.611: [GC [PSYoungGen: 91536K->6816K(97280K)] 110729K->26017K(318976K), 0.0018640 secs] [Times: user=0.02 sys=0.00, real=0.01 secs] 
232.613: Total time for which application threads were stopped: 0.0043460 seconds, Stopping threads took: 0.0024110 seconds
232.686: Application time: 0.0728060 seconds
232.687: [GC [PSYoungGen: 90272K->7216K(97280K)] 109473K->26425K(318976K), 0.0020460 secs] [Times: user=0.01 sys=0.00, real=0.00 secs] 
232.689: Total time for which application threads were stopped: 0.0032680 seconds, Stopping threads took: 0.0011430 seconds
232.762: Application time: 0.0729120 seconds
232.763: [GC [PSYoungGen: 90672K->7024K(97280K)] 109881K->26241K(318976K), 0.0020300 secs] [Times: user=0.01 sys=0.00, real=0.00 secs] 
232.766: Total time for which application threads were stopped: 0.0034700 seconds, Stopping threads took: 0.0013680 seconds
232.841: Application time: 0.0751760 seconds
232.843: [GC [PSYoungGen: 90480K->6128K(97280K)] 109697K->25361K(318976K), 0.0018610 secs] [Times: user=0.02 sys=0.00, real=0.00 secs] 
232.845: Total time for which application threads were stopped: 0.0047140 seconds, Stopping threads took: 0.0027790 seconds
232.919: Application time: 0.0740860 seconds
232.921: [GC [PSYoungGen: 89584K->6816K(97280K)] 108817K->26049K(318976K), 0.0019720 secs] [Times: user=0.02 sys=0.00, real=0.00 secs] 
232.923: Total time for which application threads were stopped: 0.0038680 seconds, Stopping threads took: 0.0018150 seconds
232.997: Application time: 0.0736750 seconds
233.001: [GC [PSYoungGen: 90270K->6928K(97280K)] 109503K->26169K(318976K), 0.0020910 secs] [Times: user=0.01 sys=0.00, real=0.00 secs] 
233.003: Total time for which application threads were stopped: 0.0056100 seconds, Stopping threads took: 0.0034340 seconds
233.078: Application time: 0.0756050 seconds
233.080: [GC [PSYoungGen: 90384K->7504K(97280K)] 109625K->26753K(318976K), 0.0021630 secs] [Times: user=0.01 sys=0.01, real=0.01 secs] 
233.082: Total time for which application threads were stopped: 0.0042000 seconds, Stopping threads took: 0.0019550 seconds
233.156: Application time: 0.0736280 seconds
233.157: [GC [PSYoungGen: 90959K->6144K(97280K)] 110208K->25401K(318976K), 0.0018060 secs] [Times: user=0.02 sys=0.00, real=0.00 secs] 
233.159: Total time for which application threads were stopped: 0.0029960 seconds, Stopping threads took: 0.0011180 seconds
233.235: Application time: 0.0755430 seconds
233.237: [GC [PSYoungGen: 89600K->7664K(97280K)] 108857K->26929K(318976K), 0.0022450 secs] [Times: user=0.01 sys=0.00, real=0.00 secs] 
233.239: Total time for which application threads were stopped: 0.0048450 seconds, Stopping threads took: 0.0025170 seconds
233.315: Application time: 0.0753100 seconds
233.317: [GC [PSYoungGen: 91120K->7696K(97280K)] 110385K->26969K(318976K), 0.0024800 secs] [Times: user=0.02 sys=0.00, real=0.00 secs] 
233.319: Total time for which application threads were stopped: 0.0045130 seconds, Stopping threads took: 0.0019590 seconds
233.395: Application time: 0.0753490 seconds
233.397: [GC [PSYoungGen: 91152K->7216K(97280K)] 110425K->26489K(318976K), 0.0020890 secs] [Times: user=0.01 sys=0.00, real=0.00 secs] 
233.399: Total time for which application threads were stopped: 0.0040770 seconds, Stopping threads took: 0.0019120 seconds
233.471: Application time: 0.0727690 seconds
233.473: [GC [PSYoungGen: 90672K->7296K(97280K)] 109945K->26577K(318976K), 0.0022180 secs] [Times: user=0.02 sys=0.01, real=0.00 secs] 
233.476: Total time for which application threads were stopped: 0.0041710 seconds, Stopping threads took: 0.0018540 seconds
233.552: Application time: 0.0760460 seconds
233.553: [GC [PSYoungGen: 90752K->7184K(97280K)] 110033K->26473K(318976K), 0.0021460 secs] [Times: user=0.01 sys=0.00, real=0.00 secs] 
233.556: Total time for which application threads were stopped: 0.0038930 seconds, Stopping threads took: 0.0016410 seconds
233.631: Application time: 0.0749290 seconds
233.633: [GC [PSYoungGen: 90640K->6368K(97280K)] 109929K->25665K(318976K), 0.0019760 secs] [Times: user=0.01 sys=0.00, real=0.00 secs] 
233.636: Total time for which application threads were stopped: 0.0049570 seconds, Stopping threads took: 0.0029080 seconds
233.711: Application time: 0.0751670 seconds
233.713: [GC [PSYoungGen: 89824K->7696K(97280K)] 109121K->27001K(318976K), 0.0021870 secs] [Times: user=0.02 sys=0.00, real=0.00 secs] 
233.715: Total time for which application threads were stopped: 0.0041040 seconds, Stopping threads took: 0.0018400 seconds
233.789: Application time: 0.0740700 seconds
233.791: [GC [PSYoungGen: 91152K->7248K(97280K)] 110457K->26553K(318976K), 0.0020350 secs] [Times: user=0.01 sys=0.00, real=0.01 secs] 
233.793: Total time for which application threads were stopped: 0.0044920 seconds, Stopping threads took: 0.0023760 seconds
233.866: Application time: 0.0725840 seconds
233.868: [GC [PSYoungGen: 90704K->6432K(97280K)] 110009K->25745K(318976K), 0.0018980 secs] [Times: user=0.01 sys=0.00, real=0.00 secs] 
233.870: Total time for which application threads were stopped: 0.0039920 seconds, Stopping threads took: 0.0020020 seconds
233.948: Application time: 0.0776030 seconds
233.949: [GC [PSYoungGen: 89888K->6752K(97280K)] 109201K->26073K(318976K), 0.0019320 secs] [Times: user=0.01 sys=0.00, real=0.00 secs] 
233.951: Total time for which application threads were stopped: 0.0037770 seconds, Stopping threads took: 0.0017680 seconds
234.028: Application time: 0.0762640 seconds
234.030: [GC [PSYoungGen: 90208K->6768K(97280K)] 109529K->26097K(318976K), 0.0018610 secs] [Times: user=0.01 sys=0.00, real=0.00 secs] 
234.032: Total time for which application threads were stopped: 0.0044710 seconds, Stopping threads took: 0.0025350 seconds
234.106: Application time: 0.0737850 seconds
234.108: [GC [PSYoungGen: 90224K->7824K(97280K)] 109553K->27161K(318976K), 0.0044910 secs] [Times: user=0.03 sys=0.00, real=0.00 secs] 
234.112: Total time for which application threads were stopped: 0.0062210 seconds, Stopping threads took: 0.0016300 seconds
234.188: Application time: 0.0757760 seconds
234.190: [GC [PSYoungGen: 91280K->6944K(97280K)] 110617K->26289K(318976K), 0.0020290 secs] [Times: user=0.01 sys=0.00, real=0.00 secs] 
234.192: Total time for which application threads were stopped: 0.0041170 seconds, Stopping threads took: 0.0020040 seconds
234.265: Application time: 0.0732730 seconds
234.267: [GC [PSYoungGen: 90400K->6640K(97280K)] 109745K->25985K(318976K), 0.0019290 secs] [Times: user=0.02 sys=0.00, real=0.00 secs] 
234.269: Total time for which application threads were stopped: 0.0037680 seconds, Stopping threads took: 0.0017640 seconds
234.346: Application time: 0.0766960 seconds
234.348: [GC [PSYoungGen: 90096K->6336K(97280K)] 109441K->25689K(318976K), 0.0019090 secs] [Times: user=0.01 sys=0.00, real=0.00 secs] 
234.350: Total time for which application threads were stopped: 0.0041110 seconds, Stopping threads took: 0.0021240 seconds
234.424: Application time: 0.0746330 seconds
234.427: [GC [PSYoungGen: 89792K->6720K(97280K)] 109145K->26081K(318976K), 0.0018450 secs] [Times: user=0.01 sys=0.01, real=0.00 secs] 
234.429: Total time for which application threads were stopped: 0.0041440 seconds, Stopping threads took: 0.0022210 seconds
234.504: Application time: 0.0753040 seconds
234.506: [GC [PSYoungGen: 90176K->6960K(97280K)] 109537K->26329K(318976K), 0.0019770 secs] [Times: user=0.01 sys=0.00, real=0.00 secs] 
234.508: Total time for which application threads were stopped: 0.0044070 seconds, Stopping threads took: 0.0023510 seconds
234.582: Application time: 0.0739110 seconds
234.584: [GC [PSYoungGen: 90416K->7600K(97280K)] 109785K->26977K(318976K), 0.0022750 secs] [Times: user=0.01 sys=0.00, real=0.00 secs] 
234.586: Total time for which application threads were stopped: 0.0041740 seconds, Stopping threads took: 0.0018150 seconds
234.660: Application time: 0.0737000 seconds
234.663: [GC [PSYoungGen: 91056K->7248K(97280K)] 110433K->26633K(318976K), 0.0020680 secs] [Times: user=0.01 sys=0.00, real=0.00 secs] 
234.665: Total time for which application threads were stopped: 0.0046110 seconds, Stopping threads took: 0.0024380 seconds
234.741: Application time: 0.0759960 seconds
234.742: [GC [PSYoungGen: 90704K->7072K(97280K)] 110089K->26465K(318976K), 0.0020450 secs] [Times: user=0.01 sys=0.00, real=0.00 secs] 
234.744: Total time for which application threads were stopped: 0.0037380 seconds, Stopping threads took: 0.0016110 seconds
234.819: Application time: 0.0743130 seconds
234.821: [GC [PSYoungGen: 90528K->6768K(97280K)] 109921K->26169K(318976K), 0.0018170 secs] [Times: user=0.01 sys=0.00, real=0.00 secs] 
234.823: Total time for which application threads were stopped: 0.0043100 seconds, Stopping threads took: 0.0024210 seconds
234.895: Application time: 0.0720510 seconds
234.897: [GC [PSYoungGen: 90224K->6992K(97280K)] 109625K->26393K(318976K), 0.0021840 secs] [Times: user=0.01 sys=0.00, real=0.00 secs] 
234.900: Total time for which application threads were stopped: 0.0043840 seconds, Stopping threads took: 0.0021140 seconds
234.972: Application time: 0.0722430 seconds
234.974: [GC [PSYoungGen: 90448K->8368K(97280K)] 109849K->27777K(318976K), 0.0024000 secs] [Times: user=0.01 sys=0.00, real=0.00 secs] 
234.976: Total time for which application threads were stopped: 0.0041940 seconds, Stopping threads took: 0.0017170 seconds
235.050: Application time: 0.0739810 seconds
235.052: [GC [PSYoungGen: 91824K->5808K(97280K)] 111233K->25225K(318976K), 0.0018920 secs] [Times: user=0.00 sys=0.00, real=0.01 secs] 
235.054: Total time for which application threads were stopped: 0.0039090 seconds, Stopping threads took: 0.0019240 seconds
235.131: Application time: 0.0774420 seconds
235.134: [GC [PSYoungGen: 89264K->7264K(97280K)] 108681K->26689K(318976K), 0.0023310 secs] [Times: user=0.01 sys=0.00, real=0.00 secs] 
235.136: Total time for which application threads were stopped: 0.0045720 seconds, Stopping threads took: 0.0021410 seconds
235.215: Application time: 0.0795220 seconds
235.218: [GC [PSYoungGen: 90720K->7136K(97280K)] 110145K->26569K(318976K), 0.0020830 secs] [Times: user=0.02 sys=0.00, real=0.00 secs] 
235.220: Total time for which application threads were stopped: 0.0048750 seconds, Stopping threads took: 0.0027040 seconds
235.301: Application time: 0.0803650 seconds
235.303: [GC [PSYoungGen: 90592K->7792K(97280K)] 110025K->27225K(318976K), 0.0021740 secs] [Times: user=0.01 sys=0.00, real=0.00 secs] 
235.305: Total time for which application threads were stopped: 0.0042640 seconds, Stopping threads took: 0.0020110 seconds
235.384: Application time: 0.0787000 seconds
235.386: [GC [PSYoungGen: 91248K->7952K(97280K)] 110681K->27401K(318976K), 0.0024500 secs] [Times: user=0.01 sys=0.00, real=0.00 secs] 
235.388: Total time for which application threads were stopped: 0.0047210 seconds, Stopping threads took: 0.0021680 seconds
235.467: Application time: 0.0790070 seconds
235.470: [GC [PSYoungGen: 91408K->6672K(97280K)] 110857K->26129K(318976K), 0.0020640 secs] [Times: user=0.01 sys=0.00, real=0.00 secs] 
235.472: Total time for which application threads were stopped: 0.0047470 seconds, Stopping threads took: 0.0025770 seconds
235.550: Application time: 0.0779620 seconds
235.553: [GC [PSYoungGen: 90128K->7024K(97280K)] 109585K->26489K(318976K), 0.0020330 secs] [Times: user=0.02 sys=0.00, real=0.00 secs] 
235.555: Total time for which application threads were stopped: 0.0050180 seconds, Stopping threads took: 0.0029100 seconds
235.635: Application time: 0.0800070 seconds
235.637: [GC [PSYoungGen: 90480K->7840K(97280K)] 109945K->27313K(318976K), 0.0022410 secs] [Times: user=0.02 sys=0.00, real=0.00 secs] 
235.639: Total time for which application threads were stopped: 0.0039640 seconds, Stopping threads took: 0.0016470 seconds
235.716: Application time: 0.0766680 seconds
235.718: [GC [PSYoungGen: 91296K->8064K(97280K)] 110769K->27545K(318976K), 0.0022860 secs] [Times: user=0.02 sys=0.00, real=0.01 secs] 
235.721: Total time for which application threads were stopped: 0.0048990 seconds, Stopping threads took: 0.0025290 seconds
235.803: Application time: 0.0820390 seconds
235.805: [GC [PSYoungGen: 91520K->7168K(97280K)] 111001K->26649K(318976K), 0.0020610 secs] [Times: user=0.01 sys=0.00, real=0.00 secs] 
235.807: Total time for which application threads were stopped: 0.0040870 seconds, Stopping threads took: 0.0019340 seconds
235.885: Application time: 0.0779360 seconds
235.887: [GC [PSYoungGen: 90624K->6800K(97280K)] 110105K->26289K(318976K), 0.0020440 secs] [Times: user=0.01 sys=0.00, real=0.00 secs] 
235.889: Total time for which application threads were stopped: 0.0042680 seconds, Stopping threads took: 0.0021450 seconds
235.970: Application time: 0.0809370 seconds
235.972: [GC [PSYoungGen: 90256K->5424K(97280K)] 109745K->24921K(318976K), 0.0016260 secs] [Times: user=0.01 sys=0.00, real=0.01 secs] 
235.973: Total time for which application threads were stopped: 0.0033790 seconds, Stopping threads took: 0.0016830 seconds
236.055: Application time: 0.0814060 seconds
236.057: [GC [PSYoungGen: 88880K->5568K(97280K)] 108377K->25073K(318976K), 0.0016380 secs] [Times: user=0.01 sys=0.00, real=0.00 secs] 
236.059: Total time for which application threads were stopped: 0.0043500 seconds, Stopping threads took: 0.0026430 seconds
236.141: Application time: 0.0820610 seconds
236.143: [GC [PSYoungGen: 89024K->7936K(97280K)] 108529K->27449K(318976K), 0.0023350 secs] [Times: user=0.02 sys=0.00, real=0.00 secs] 
236.146: Total time for which application threads were stopped: 0.0046620 seconds, Stopping threads took: 0.0022390 seconds
236.224: Application time: 0.0785300 seconds
236.227: [GC [PSYoungGen: 91392K->7392K(97280K)] 110905K->26913K(318976K), 0.0021460 secs] [Times: user=0.01 sys=0.00, real=0.00 secs] 
236.229: Total time for which application threads were stopped: 0.0047010 seconds, Stopping threads took: 0.0024720 seconds
236.308: Application time: 0.0788700 seconds
236.310: [GC [PSYoungGen: 90848K->7040K(97280K)] 110369K->26561K(318976K), 0.0021440 secs] [Times: user=0.01 sys=0.00, real=0.00 secs] 
236.312: Total time for which application threads were stopped: 0.0041430 seconds, Stopping threads took: 0.0019020 seconds
236.391: Application time: 0.0793040 seconds
236.395: [GC [PSYoungGen: 90496K->7008K(97280K)] 110017K->26537K(318976K), 0.0020860 secs] [Times: user=0.01 sys=0.00, real=0.00 secs] 
236.397: Total time for which application threads were stopped: 0.0053490 seconds, Stopping threads took: 0.0031830 seconds
236.476: Application time: 0.0793740 seconds
236.478: [GC [PSYoungGen: 90464K->6624K(97280K)] 109993K->26153K(318976K), 0.0019600 secs] [Times: user=0.02 sys=0.00, real=0.00 secs] 
236.480: Total time for which application threads were stopped: 0.0037310 seconds, Stopping threads took: 0.0016910 seconds
236.563: Application time: 0.0832980 seconds
236.565: [GC [PSYoungGen: 90080K->6832K(97280K)] 109609K->26369K(318976K), 0.0020630 secs] [Times: user=0.01 sys=0.00, real=0.00 secs] 
236.567: Total time for which application threads were stopped: 0.0038690 seconds, Stopping threads took: 0.0017230 seconds
236.646: Application time: 0.0791890 seconds
236.649: [GC [PSYoungGen: 90288K->8000K(97280K)] 109825K->27545K(318976K), 0.0024790 secs] [Times: user=0.01 sys=0.00, real=0.00 secs] 
236.651: Total time for which application threads were stopped: 0.0049590 seconds, Stopping threads took: 0.0023980 seconds
236.730: Application time: 0.0785300 seconds
236.732: [GC [PSYoungGen: 91456K->7040K(97280K)] 111001K->26593K(318976K), 0.0020670 secs] [Times: user=0.02 sys=0.00, real=0.01 secs] 
236.734: Total time for which application threads were stopped: 0.0042570 seconds, Stopping threads took: 0.0021050 seconds
236.812: Application time: 0.0778390 seconds
236.814: [GC [PSYoungGen: 90496K->7920K(97280K)] 110049K->27481K(318976K), 0.0023820 secs] [Times: user=0.01 sys=0.00, real=0.00 secs] 
236.817: Total time for which application threads were stopped: 0.0051350 seconds, Stopping threads took: 0.0026600 seconds
236.895: Application time: 0.0783520 seconds
236.898: [GC [PSYoungGen: 91376K->6848K(97280K)] 110937K->26417K(318976K), 0.0019870 secs] [Times: user=0.01 sys=0.00, real=0.00 secs] 
236.900: Total time for which application threads were stopped: 0.0045490 seconds, Stopping threads took: 0.0024890 seconds
236.978: Application time: 0.0784320 seconds
236.981: [GC [PSYoungGen: 90304K->6080K(97280K)] 109873K->25649K(318976K), 0.0018180 secs] [Times: user=0.01 sys=0.00, real=0.00 secs] 
236.983: Total time for which application threads were stopped: 0.0045230 seconds, Stopping threads took: 0.0026250 seconds
237.062: Application time: 0.0794000 seconds
237.065: [GC [PSYoungGen: 89536K->7296K(97280K)] 109105K->26873K(318976K), 0.0021720 secs] [Times: user=0.02 sys=0.00, real=0.00 secs] 
237.067: Total time for which application threads were stopped: 0.0051410 seconds, Stopping threads took: 0.0028670 seconds
237.147: Application time: 0.0799720 seconds
237.150: [GC [PSYoungGen: 90752K->7760K(97280K)] 110329K->27345K(318976K), 0.0022740 secs] [Times: user=0.02 sys=0.00, real=0.00 secs] 
237.152: Total time for which application threads were stopped: 0.0047390 seconds, Stopping threads took: 0.0023800 seconds
237.231: Application time: 0.0793600 seconds
237.233: [GC [PSYoungGen: 91216K->7072K(97280K)] 110801K->26665K(318976K), 0.0020190 secs] [Times: user=0.02 sys=0.00, real=0.00 secs] 
237.235: Total time for which application threads were stopped: 0.0039040 seconds, Stopping threads took: 0.0018050 seconds
237.316: Application time: 0.0811640 seconds
237.319: [GC [PSYoungGen: 90528K->6576K(97280K)] 110121K->26177K(318976K), 0.0018850 secs] [Times: user=0.01 sys=0.00, real=0.01 secs] 
237.321: Total time for which application threads were stopped: 0.0041090 seconds, Stopping threads took: 0.0021320 seconds
237.399: Application time: 0.0788000 seconds
237.402: [GC [PSYoungGen: 90032K->6048K(97280K)] 109633K->25649K(318976K), 0.0017760 secs] [Times: user=0.01 sys=0.00, real=0.00 secs] 
237.404: Total time for which application threads were stopped: 0.0043010 seconds, Stopping threads took: 0.0024520 seconds
237.483: Application time: 0.0788530 seconds
237.485: [GC [PSYoungGen: 89504K->5872K(97280K)] 109105K->25481K(318976K), 0.0017920 secs] [Times: user=0.01 sys=0.00, real=0.00 secs] 
237.486: Total time for which application threads were stopped: 0.0038510 seconds, Stopping threads took: 0.0019740 seconds
237.564: Application time: 0.0777850 seconds
237.567: [GC [PSYoungGen: 89328K->7296K(97280K)] 108937K->26913K(318976K), 0.0021270 secs] [Times: user=0.01 sys=0.00, real=0.00 secs] 
237.569: Total time for which application threads were stopped: 0.0048490 seconds, Stopping threads took: 0.0026430 seconds
237.649: Application time: 0.0804540 seconds
237.651: [GC [PSYoungGen: 90752K->6560K(97280K)] 110369K->26185K(318976K), 0.0018610 secs] [Times: user=0.01 sys=0.00, real=0.01 secs] 
237.653: Total time for which application threads were stopped: 0.0038110 seconds, Stopping threads took: 0.0018770 seconds
237.731: Application time: 0.0781710 seconds
237.734: [GC [PSYoungGen: 90016K->7104K(97280K)] 109641K->26753K(318976K), 0.0021620 secs] [Times: user=0.01 sys=0.00, real=0.00 secs] 
237.736: Total time for which application threads were stopped: 0.0042430 seconds, Stopping threads took: 0.0019990 seconds
237.813: Application time: 0.0775180 seconds
237.816: [GC [PSYoungGen: 90560K->7584K(97280K)] 110209K->27257K(318976K), 0.0021660 secs] [Times: user=0.01 sys=0.00, real=0.00 secs] 
237.818: Total time for which application threads were stopped: 0.0047500 seconds, Stopping threads took: 0.0025030 seconds
237.899: Application time: 0.0808310 seconds
237.902: [GC [PSYoungGen: 91040K->8096K(97280K)] 110713K->27769K(318976K), 0.0023220 secs] [Times: user=0.02 sys=0.00, real=0.00 secs] 
237.904: Total time for which application threads were stopped: 0.0052960 seconds, Stopping threads took: 0.0028750 seconds
237.983: Application time: 0.0786720 seconds
237.985: [GC [PSYoungGen: 91552K->7408K(97280K)] 111225K->27089K(318976K), 0.0020580 secs] [Times: user=0.01 sys=0.00, real=0.00 secs] 
237.987: Total time for which application threads were stopped: 0.0045790 seconds, Stopping threads took: 0.0024370 seconds
238.067: Application time: 0.0795180 seconds
238.069: [GC [PSYoungGen: 90864K->6720K(97280K)] 110545K->26409K(318976K), 0.0019070 secs] [Times: user=0.02 sys=0.00, real=0.00 secs] 
238.071: Total time for which application threads were stopped: 0.0036720 seconds, Stopping threads took: 0.0016920 seconds
238.149: Application time: 0.0785780 seconds
238.151: [GC [PSYoungGen: 90176K->6368K(97280K)] 109865K->26065K(318976K), 0.0018450 secs] [Times: user=0.01 sys=0.00, real=0.01 secs] 
238.153: Total time for which application threads were stopped: 0.0037020 seconds, Stopping threads took: 0.0017810 seconds
238.233: Application time: 0.0803410 seconds
238.236: [GC [PSYoungGen: 89824K->7024K(97280K)] 109521K->26729K(318976K), 0.0020300 secs] [Times: user=0.01 sys=0.00, real=0.00 secs] 
238.238: Total time for which application threads were stopped: 0.0044710 seconds, Stopping threads took: 0.0023540 seconds
238.317: Application time: 0.0794270 seconds
238.319: [GC [PSYoungGen: 90480K->6720K(97280K)] 110185K->26433K(318976K), 0.0020030 secs] [Times: user=0.01 sys=0.01, real=0.01 secs] 
238.321: Total time for which application threads were stopped: 0.0043670 seconds, Stopping threads took: 0.0022830 seconds
238.402: Application time: 0.0804510 seconds
238.405: [GC [PSYoungGen: 90176K->5952K(97280K)] 109889K->25665K(318976K), 0.0017300 secs] [Times: user=0.01 sys=0.00, real=0.00 secs] 
238.407: Total time for which application threads were stopped: 0.0052120 seconds, Stopping threads took: 0.0034010 seconds
238.486: Application time: 0.0789040 seconds
238.488: [GC [PSYoungGen: 89408K->7312K(97280K)] 109121K->27033K(318976K), 0.0023740 secs] [Times: user=0.02 sys=0.00, real=0.00 secs] 
238.490: Total time for which application threads were stopped: 0.0044580 seconds, Stopping threads took: 0.0019990 seconds
238.570: Application time: 0.0795210 seconds
238.572: [GC [PSYoungGen: 90768K->5152K(97280K)] 110489K->24881K(318976K), 0.0016760 secs] [Times: user=0.01 sys=0.00, real=0.01 secs] 
238.574: Total time for which application threads were stopped: 0.0036060 seconds, Stopping threads took: 0.0018540 seconds
238.652: Application time: 0.0787540 seconds
238.655: [GC [PSYoungGen: 88608K->7808K(97280K)] 108337K->27545K(318976K), 0.0022270 secs] [Times: user=0.02 sys=0.00, real=0.00 secs] 
238.658: Total time for which application threads were stopped: 0.0052500 seconds, Stopping threads took: 0.0029400 seconds
238.735: Application time: 0.0774980 seconds
238.737: [GC [PSYoungGen: 91264K->6576K(97280K)] 111001K->26329K(318976K), 0.0020250 secs] [Times: user=0.01 sys=0.00, real=0.00 secs] 
238.739: Total time for which application threads were stopped: 0.0036680 seconds, Stopping threads took: 0.0015630 seconds
238.816: Application time: 0.0772890 seconds
238.819: [GC [PSYoungGen: 90032K->7488K(97280K)] 109785K->27249K(318976K), 0.0020860 secs] [Times: user=0.01 sys=0.00, real=0.01 secs] 
238.821: Total time for which application threads were stopped: 0.0046290 seconds, Stopping threads took: 0.0024690 seconds
238.899: Application time: 0.0786440 seconds
238.902: [GC [PSYoungGen: 90944K->7008K(97280K)] 110705K->26769K(318976K), 0.0019970 secs] [Times: user=0.02 sys=0.00, real=0.00 secs] 
238.904: Total time for which application threads were stopped: 0.0042770 seconds, Stopping threads took: 0.0021980 seconds
238.985: Application time: 0.0817760 seconds
238.986: [GC [PSYoungGen: 90464K->6064K(97280K)] 110225K->25833K(318976K), 0.0017860 secs] [Times: user=0.01 sys=0.00, real=0.00 secs] 
238.988: Total time for which application threads were stopped: 0.0027410 seconds, Stopping threads took: 0.0008730 seconds
239.068: Application time: 0.0802660 seconds
239.071: [GC [PSYoungGen: 89520K->7088K(97280K)] 109289K->26865K(318976K), 0.0020730 secs] [Times: user=0.02 sys=0.00, real=0.01 secs] 
239.074: Total time for which application threads were stopped: 0.0051260 seconds, Stopping threads took: 0.0029720 seconds
239.146: Application time: 0.0727710 seconds
239.148: [GC [PSYoungGen: 90544K->7696K(97280K)] 110321K->27481K(318976K), 0.0022150 secs] [Times: user=0.02 sys=0.00, real=0.00 secs] 
239.150: Total time for which application threads were stopped: 0.0038650 seconds, Stopping threads took: 0.0015690 seconds
239.225: Application time: 0.0745240 seconds
239.226: [GC [PSYoungGen: 91152K->7568K(97280K)] 110937K->27361K(318976K), 0.0022280 secs] [Times: user=0.01 sys=0.00, real=0.00 secs] 
239.228: Total time for which application threads were stopped: 0.0034090 seconds, Stopping threads took: 0.0011050 seconds
239.302: Application time: 0.0743170 seconds
239.304: [GC [PSYoungGen: 91024K->7520K(97280K)] 110817K->27321K(318976K), 0.0021550 secs] [Times: user=0.02 sys=0.00, real=0.00 secs] 
239.306: Total time for which application threads were stopped: 0.0039230 seconds, Stopping threads took: 0.0016880 seconds
239.382: Application time: 0.0756620 seconds
239.385: [GC [PSYoungGen: 90976K->7600K(97280K)] 110777K->27401K(318976K), 0.0021470 secs] [Times: user=0.02 sys=0.00, real=0.00 secs] 
239.387: Total time for which application threads were stopped: 0.0052820 seconds, Stopping threads took: 0.0030570 seconds
239.463: Application time: 0.0760860 seconds
239.465: [GC [PSYoungGen: 91056K->6400K(97280K)] 110857K->26209K(318976K), 0.0018860 secs] [Times: user=0.01 sys=0.00, real=0.00 secs] 
239.467: Total time for which application threads were stopped: 0.0034610 seconds, Stopping threads took: 0.0015010 seconds
239.540: Application time: 0.0730160 seconds
239.542: [GC [PSYoungGen: 89856K->7840K(97280K)] 109665K->27649K(318976K), 0.0023260 secs] [Times: user=0.02 sys=0.00, real=0.00 secs] 
239.545: Total time for which application threads were stopped: 0.0048820 seconds, Stopping threads took: 0.0024690 seconds
239.619: Application time: 0.0740050 seconds
239.621: [GC [PSYoungGen: 91296K->7168K(97280K)] 111105K->26985K(318976K), 0.0020560 secs] [Times: user=0.01 sys=0.00, real=0.00 secs] 
239.623: Total time for which application threads were stopped: 0.0046970 seconds, Stopping threads took: 0.0025550 seconds
239.696: Application time: 0.0725890 seconds
239.698: [GC [PSYoungGen: 90624K->7488K(97280K)] 110441K->27313K(318976K), 0.0021560 secs] [Times: user=0.01 sys=0.00, real=0.00 secs] 
239.700: Total time for which application threads were stopped: 0.0042050 seconds, Stopping threads took: 0.0019560 seconds
239.774: Application time: 0.0738770 seconds
239.777: [GC [PSYoungGen: 90944K->5744K(97280K)] 110769K->25577K(318976K), 0.0016650 secs] [Times: user=0.01 sys=0.00, real=0.00 secs] 
239.778: Total time for which application threads were stopped: 0.0040480 seconds, Stopping threads took: 0.0023130 seconds
239.854: Application time: 0.0759220 seconds
239.856: [GC [PSYoungGen: 89200K->6400K(97280K)] 109033K->26241K(318976K), 0.0018640 secs] [Times: user=0.01 sys=0.00, real=0.00 secs] 
239.858: Total time for which application threads were stopped: 0.0040040 seconds, Stopping threads took: 0.0020660 seconds
239.931: Application time: 0.0729180 seconds
239.932: [GC [PSYoungGen: 89856K->6208K(97280K)] 109697K->26057K(318976K), 0.0017150 secs] [Times: user=0.01 sys=0.00, real=0.01 secs] 
239.934: Total time for which application threads were stopped: 0.0028740 seconds, Stopping threads took: 0.0010880 seconds
240.009: Application time: 0.0748270 seconds
240.011: [GC [PSYoungGen: 89664K->7184K(97280K)] 109513K->27033K(318976K), 0.0019810 secs] [Times: user=0.02 sys=0.00, real=0.01 secs] 
240.013: Total time for which application threads were stopped: 0.0045180 seconds, Stopping threads took: 0.0024670 seconds
240.091: Application time: 0.0775130 seconds
240.094: [GC [PSYoungGen: 90640K->6064K(97280K)] 110489K->25921K(318976K), 0.0016970 secs] [Times: user=0.01 sys=0.00, real=0.00 secs] 
240.095: Total time for which application threads were stopped: 0.0044340 seconds, Stopping threads took: 0.0026570 seconds
240.168: Application time: 0.0727410 seconds
240.171: [GC [PSYoungGen: 89520K->7504K(97280K)] 109377K->27369K(318976K), 0.0021350 secs] [Times: user=0.02 sys=0.00, real=0.01 secs] 
240.173: Total time for which application threads were stopped: 0.0052630 seconds, Stopping threads took: 0.0030430 seconds
240.249: Application time: 0.0755250 seconds
240.251: [GC [PSYoungGen: 90960K->4880K(97280K)] 110825K->24753K(318976K), 0.0016240 secs] [Times: user=0.01 sys=0.00, real=0.01 secs] 
240.253: Total time for which application threads were stopped: 0.0037260 seconds, Stopping threads took: 0.0020320 seconds
240.327: Application time: 0.0740780 seconds
240.329: [GC [PSYoungGen: 88336K->8352K(97280K)] 108209K->28233K(318976K), 0.0022970 secs] [Times: user=0.01 sys=0.00, real=0.00 secs] 
240.331: Total time for which application threads were stopped: 0.0043470 seconds, Stopping threads took: 0.0019750 seconds
240.406: Application time: 0.0750320 seconds
240.408: [GC [PSYoungGen: 91808K->6816K(97280K)] 111689K->26697K(318976K), 0.0019790 secs] [Times: user=0.01 sys=0.00, real=0.00 secs] 
240.410: Total time for which application threads were stopped: 0.0037180 seconds, Stopping threads took: 0.0016640 seconds
240.484: Application time: 0.0747100 seconds
240.486: [GC [PSYoungGen: 90272K->6304K(97280K)] 110153K->26193K(318976K), 0.0018090 secs] [Times: user=0.02 sys=0.00, real=0.00 secs] 
240.488: Total time for which application threads were stopped: 0.0034330 seconds, Stopping threads took: 0.0015480 seconds
240.564: Application time: 0.0758040 seconds
240.565: [GC [PSYoungGen: 89760K->5904K(97280K)] 109649K->25801K(318976K), 0.0016530 secs] [Times: user=0.01 sys=0.00, real=0.00 secs] 
240.567: Total time for which application threads were stopped: 0.0034380 seconds, Stopping threads took: 0.0017200 seconds
240.639: Application time: 0.0721620 seconds
240.641: [GC [PSYoungGen: 89360K->7744K(97280K)] 109257K->27649K(318976K), 0.0021010 secs] [Times: user=0.01 sys=0.00, real=0.00 secs] 
240.644: Total time for which application threads were stopped: 0.0043450 seconds, Stopping threads took: 0.0021610 seconds
240.717: Application time: 0.0735680 seconds
240.719: [GC [PSYoungGen: 91200K->7456K(97280K)] 111105K->27369K(318976K), 0.0021930 secs] [Times: user=0.02 sys=0.00, real=0.01 secs] 
240.722: Total time for which application threads were stopped: 0.0045030 seconds, Stopping threads took: 0.0022290 seconds
240.794: Application time: 0.0723480 seconds
240.796: [GC [PSYoungGen: 90912K->7120K(97280K)] 110825K->27041K(318976K), 0.0019880 secs] [Times: user=0.02 sys=0.00, real=0.00 secs] 
240.798: Total time for which application threads were stopped: 0.0035910 seconds, Stopping threads took: 0.0015260 seconds
240.870: Application time: 0.0723430 seconds
240.873: [GC [PSYoungGen: 90576K->7600K(97280K)] 110497K->27521K(318976K), 0.0021610 secs] [Times: user=0.02 sys=0.00, real=0.00 secs] 
240.875: Total time for which application threads were stopped: 0.0048360 seconds, Stopping threads took: 0.0025930 seconds
240.950: Application time: 0.0756510 seconds
240.952: [GC [PSYoungGen: 91056K->4416K(97280K)] 110977K->24345K(318976K), 0.0013890 secs] [Times: user=0.00 sys=0.00, real=0.01 secs] 
240.953: Total time for which application threads were stopped: 0.0026790 seconds, Stopping threads took: 0.0012290 seconds
241.027: Application time: 0.0742890 seconds
241.030: [GC [PSYoungGen: 87872K->7248K(97280K)] 107801K->27185K(318976K), 0.0020800 secs] [Times: user=0.01 sys=0.00, real=0.00 secs] 
241.032: Total time for which application threads were stopped: 0.0043670 seconds, Stopping threads took: 0.0022080 seconds
241.107: Application time: 0.0751650 seconds
241.110: [GC [PSYoungGen: 90704K->7360K(97280K)] 110641K->27305K(318976K), 0.0022880 secs] [Times: user=0.01 sys=0.00, real=0.00 secs] 
241.112: Total time for which application threads were stopped: 0.0052820 seconds, Stopping threads took: 0.0029090 seconds
241.187: Application time: 0.0747520 seconds
241.189: [GC [PSYoungGen: 90816K->5728K(97280K)] 110761K->25681K(318976K), 0.0016850 secs] [Times: user=0.01 sys=0.00, real=0.00 secs] 
241.190: Total time for which application threads were stopped: 0.0033380 seconds, Stopping threads took: 0.0015570 seconds
241.263: Application time: 0.0726480 seconds
241.266: [GC [PSYoungGen: 89184K->7200K(97280K)] 109137K->27161K(318976K), 0.0019870 secs] [Times: user=0.02 sys=0.00, real=0.00 secs] 
241.268: Total time for which application threads were stopped: 0.0048900 seconds, Stopping threads took: 0.0028290 seconds
241.343: Application time: 0.0747950 seconds
241.345: [GC [PSYoungGen: 90656K->7248K(97280K)] 110617K->27217K(318976K), 0.0021390 secs] [Times: user=0.02 sys=0.00, real=0.00 secs] 
241.348: Total time for which application threads were stopped: 0.0049440 seconds, Stopping threads took: 0.0027270 seconds
241.422: Application time: 0.0743970 seconds
241.424: [GC [PSYoungGen: 90704K->6592K(97280K)] 110673K->26577K(318976K), 0.0019210 secs] [Times: user=0.02 sys=0.00, real=0.00 secs] 
241.426: Total time for which application threads were stopped: 0.0042660 seconds, Stopping threads took: 0.0022650 seconds
241.500: Application time: 0.0737480 seconds
241.502: [GC [PSYoungGen: 90048K->7360K(97280K)] 110033K->27353K(318976K), 0.0021660 secs] [Times: user=0.01 sys=0.00, real=0.00 secs] 
241.504: Total time for which application threads were stopped: 0.0037340 seconds, Stopping threads took: 0.0014870 seconds
241.579: Application time: 0.0754470 seconds
241.581: [GC [PSYoungGen: 90816K->7312K(97280K)] 110809K->27313K(318976K), 0.0021300 secs] [Times: user=0.02 sys=0.00, real=0.00 secs] 
241.583: Total time for which application threads were stopped: 0.0038230 seconds, Stopping threads took: 0.0016130 seconds
241.659: Application time: 0.0762710 seconds
241.661: [GC [PSYoungGen: 90768K->6688K(97280K)] 110769K->26697K(318976K), 0.0019400 secs] [Times: user=0.01 sys=0.00, real=0.00 secs] 
241.663: Total time for which application threads were stopped: 0.0041150 seconds, Stopping threads took: 0.0021020 seconds
241.739: Application time: 0.0758910 seconds
241.742: [GC [PSYoungGen: 90144K->6208K(97280K)] 110153K->26225K(318976K), 0.0018290 secs] [Times: user=0.01 sys=0.00, real=0.00 secs] 
241.744: Total time for which application threads were stopped: 0.0044200 seconds, Stopping threads took: 0.0025050 seconds
241.816: Application time: 0.0721920 seconds
241.818: [GC [PSYoungGen: 89664K->6656K(97280K)] 109681K->26681K(318976K), 0.0019230 secs] [Times: user=0.01 sys=0.00, real=0.00 secs] 
241.820: Total time for which application threads were stopped: 0.0039180 seconds, Stopping threads took: 0.0019090 seconds
241.896: Application time: 0.0760880 seconds
241.897: [GC [PSYoungGen: 90112K->6384K(97280K)] 110137K->26417K(318976K), 0.0019250 secs] [Times: user=0.01 sys=0.00, real=0.00 secs] 
241.899: Total time for which application threads were stopped: 0.0032100 seconds, Stopping threads took: 0.0012110 seconds
241.976: Application time: 0.0763120 seconds
241.977: [GC [PSYoungGen: 89840K->6672K(97280K)] 109873K->26713K(318976K), 0.0019170 secs] [Times: user=0.01 sys=0.00, real=0.00 secs] 
241.979: Total time for which application threads were stopped: 0.0039410 seconds, Stopping threads took: 0.0019440 seconds
242.051: Application time: 0.0718300 seconds
242.053: [GC [PSYoungGen: 90128K->7920K(97280K)] 110169K->27969K(318976K), 0.0021400 secs] [Times: user=0.01 sys=0.00, real=0.00 secs] 
242.056: Total time for which application threads were stopped: 0.0042480 seconds, Stopping threads took: 0.0020310 seconds
242.130: Application time: 0.0742990 seconds
242.132: [GC [PSYoungGen: 91376K->6992K(97280K)] 111425K->27041K(318976K), 0.0020130 secs] [Times: user=0.01 sys=0.00, real=0.00 secs] 
242.134: Total time for which application threads were stopped: 0.0046330 seconds, Stopping threads took: 0.0025410 seconds
242.207: Application time: 0.0729630 seconds
242.209: [GC [PSYoungGen: 90448K->6976K(97280K)] 110497K->27033K(318976K), 0.0019740 secs] [Times: user=0.01 sys=0.00, real=0.00 secs] 
242.211: Total time for which application threads were stopped: 0.0039880 seconds, Stopping threads took: 0.0019360 seconds
242.284: Application time: 0.0730100 seconds
242.287: [GC [PSYoungGen: 90432K->7840K(97280K)] 110489K->27905K(318976K), 0.0023570 secs] [Times: user=0.02 sys=0.00, real=0.00 secs] 
242.289: Total time for which application threads were stopped: 0.0044850 seconds, Stopping threads took: 0.0020390 seconds
242.363: Application time: 0.0739650 seconds
242.364: [GC [PSYoungGen: 91296K->7440K(97280K)] 111361K->27513K(318976K), 0.0021660 secs] [Times: user=0.02 sys=0.00, real=0.00 secs] 
242.366: Total time for which application threads were stopped: 0.0034160 seconds, Stopping threads took: 0.0011720 seconds
242.442: Application time: 0.0758430 seconds
242.444: [GC [PSYoungGen: 90896K->6560K(97280K)] 110969K->26641K(318976K), 0.0019210 secs] [Times: user=0.01 sys=0.00, real=0.00 secs] 
242.446: Total time for which application threads were stopped: 0.0042530 seconds, Stopping threads took: 0.0022510 seconds
242.521: Application time: 0.0744530 seconds
242.523: [GC [PSYoungGen: 90016K->6528K(97280K)] 110097K->26617K(318976K), 0.0019240 secs] [Times: user=0.01 sys=0.00, real=0.00 secs] 
242.525: Total time for which application threads were stopped: 0.0044250 seconds, Stopping threads took: 0.0024330 seconds
242.601: Application time: 0.0762010 seconds
242.603: [GC [PSYoungGen: 89984K->6192K(97280K)] 110073K->26297K(318976K), 0.0018500 secs] [Times: user=0.01 sys=0.00, real=0.00 secs] 
242.605: Total time for which application threads were stopped: 0.0033510 seconds, Stopping threads took: 0.0014270 seconds
242.681: Application time: 0.0766220 seconds
242.684: [GC [PSYoungGen: 89648K->7456K(97280K)] 109753K->27569K(318976K), 0.0022010 secs] [Times: user=0.01 sys=0.00, real=0.00 secs] 
242.686: Total time for which application threads were stopped: 0.0043130 seconds, Stopping threads took: 0.0020170 seconds
242.759: Application time: 0.0733070 seconds
242.761: [GC [PSYoungGen: 90912K->7504K(97280K)] 111025K->27641K(318976K), 0.0022250 secs] [Times: user=0.02 sys=0.00, real=0.00 secs] 
242.763: Total time for which application threads were stopped: 0.0039080 seconds, Stopping threads took: 0.0016050 seconds
242.838: Application time: 0.0754290 seconds
242.840: [GC [PSYoungGen: 90960K->5904K(97280K)] 111097K->26041K(318976K), 0.0016340 secs] [Times: user=0.01 sys=0.00, real=0.01 secs] 
242.842: Total time for which application threads were stopped: 0.0031780 seconds, Stopping threads took: 0.0014690 seconds
242.913: Application time: 0.0714670 seconds
242.915: [GC [PSYoungGen: 89360K->7008K(97280K)] 109497K->27161K(318976K), 0.0020030 secs] [Times: user=0.01 sys=0.00, real=0.00 secs] 
242.917: Total time for which application threads were stopped: 0.0038990 seconds, Stopping threads took: 0.0018190 seconds
242.991: Application time: 0.0735770 seconds
242.992: [GC [PSYoungGen: 90464K->8192K(97280K)] 110617K->28353K(318976K), 0.0023530 secs] [Times: user=0.02 sys=0.00, real=0.01 secs] 
242.995: Total time for which application threads were stopped: 0.0040200 seconds, Stopping threads took: 0.0015840 seconds
243.068: Application time: 0.0737180 seconds
243.071: [GC [PSYoungGen: 91648K->7552K(97280K)] 111809K->27721K(318976K), 0.0021530 secs] [Times: user=0.01 sys=0.00, real=0.01 secs] 
243.073: Total time for which application threads were stopped: 0.0046370 seconds, Stopping threads took: 0.0024020 seconds
243.151: Application time: 0.0784180 seconds
243.154: [GC [PSYoungGen: 91008K->7856K(97280K)] 111177K->28033K(318976K), 0.0021430 secs] [Times: user=0.01 sys=0.00, real=0.00 secs] 
243.156: Total time for which application threads were stopped: 0.0050590 seconds, Stopping threads took: 0.0028170 seconds
243.236: Application time: 0.0796250 seconds
243.238: [GC [PSYoungGen: 91312K->7408K(97280K)] 111489K->27593K(318976K), 0.0020330 secs] [Times: user=0.01 sys=0.00, real=0.01 secs] 
243.240: Total time for which application threads were stopped: 0.0044110 seconds, Stopping threads took: 0.0023010 seconds
243.320: Application time: 0.0790670 seconds
243.322: [GC [PSYoungGen: 90864K->6128K(97280K)] 111049K->26313K(318976K), 0.0016920 secs] [Times: user=0.01 sys=0.00, real=0.00 secs] 
243.324: Total time for which application threads were stopped: 0.0043900 seconds, Stopping threads took: 0.0026240 seconds
243.403: Application time: 0.0789080 seconds
243.405: [GC [PSYoungGen: 89584K->6032K(97280K)] 109769K->26225K(318976K), 0.0017810 secs] [Times: user=0.00 sys=0.00, real=0.00 secs] 
243.407: Total time for which application threads were stopped: 0.0038130 seconds, Stopping threads took: 0.0019510 seconds
243.484: Application time: 0.0777950 seconds
243.487: [GC [PSYoungGen: 89488K->7296K(97280K)] 109681K->27497K(318976K), 0.0021330 secs] [Times: user=0.01 sys=0.00, real=0.00 secs] 
243.489: Total time for which application threads were stopped: 0.0046830 seconds, Stopping threads took: 0.0024640 seconds
243.569: Application time: 0.0800020 seconds
243.571: [GC [PSYoungGen: 90752K->6288K(97280K)] 110953K->26497K(318976K), 0.0018320 secs] [Times: user=0.02 sys=0.00, real=0.01 secs] 
243.573: Total time for which application threads were stopped: 0.0035570 seconds, Stopping threads took: 0.0016500 seconds
243.654: Application time: 0.0811970 seconds
243.656: [GC [PSYoungGen: 89744K->7216K(97280K)] 109953K->27433K(318976K), 0.0020400 secs] [Times: user=0.01 sys=0.00, real=0.00 secs] 
243.659: Total time for which application threads were stopped: 0.0046120 seconds, Stopping threads took: 0.0024940 seconds
243.739: Application time: 0.0807080 seconds
243.742: [GC [PSYoungGen: 90672K->7968K(97280K)] 110889K->28193K(318976K), 0.0023250 secs] [Times: user=0.02 sys=0.00, real=0.00 secs] 
243.745: Total time for which application threads were stopped: 0.0053590 seconds, Stopping threads took: 0.0029490 seconds
243.823: Application time: 0.0787840 seconds
243.826: [GC [PSYoungGen: 91424K->8224K(97280K)] 111649K->28457K(318976K), 0.0023870 secs] [Times: user=0.02 sys=0.00, real=0.00 secs] 
243.829: Total time for which application threads were stopped: 0.0051630 seconds, Stopping threads took: 0.0026880 seconds
243.906: Application time: 0.0769790 seconds
243.908: [GC [PSYoungGen: 91680K->7776K(97280K)] 111913K->28017K(318976K), 0.0021310 secs] [Times: user=0.02 sys=0.00, real=0.00 secs] 
243.910: Total time for which application threads were stopped: 0.0049170 seconds, Stopping threads took: 0.0027020 seconds
243.991: Application time: 0.0808380 seconds
243.993: [GC [PSYoungGen: 91232K->8304K(97280K)] 111473K->28553K(318976K), 0.0024450 secs] [Times: user=0.02 sys=0.00, real=0.00 secs] 
243.996: Total time for which application threads were stopped: 0.0045910 seconds, Stopping threads took: 0.0020660 seconds
244.074: Application time: 0.0780710 seconds
244.076: [GC [PSYoungGen: 91760K->7648K(97280K)] 112009K->27905K(318976K), 0.0021550 secs] [Times: user=0.01 sys=0.00, real=0.00 secs] 
244.078: Total time for which application threads were stopped: 0.0045450 seconds, Stopping threads took: 0.0023100 seconds
244.158: Application time: 0.0792740 seconds
244.160: [GC [PSYoungGen: 91104K->7248K(97280K)] 111361K->27505K(318976K), 0.0020200 secs] [Times: user=0.02 sys=0.00, real=0.01 secs] 
244.162: Total time for which application threads were stopped: 0.0044460 seconds, Stopping threads took: 0.0023510 seconds
244.241: Application time: 0.0788170 seconds
244.243: [GC [PSYoungGen: 90704K->7552K(97280K)] 110961K->27817K(318976K), 0.0020460 secs] [Times: user=0.02 sys=0.00, real=0.00 secs] 
244.245: Total time for which application threads were stopped: 0.0043460 seconds, Stopping threads took: 0.0022250 seconds
244.323: Application time: 0.0780410 seconds
244.325: [GC [PSYoungGen: 91008K->6880K(97280K)] 111273K->27153K(318976K), 0.0020400 secs] [Times: user=0.01 sys=0.00, real=0.00 secs] 
244.327: Total time for which application threads were stopped: 0.0038430 seconds, Stopping threads took: 0.0017180 seconds
244.407: Application time: 0.0794900 seconds
244.408: [GC [PSYoungGen: 90336K->6944K(97280K)] 110609K->27225K(318976K), 0.0020620 secs] [Times: user=0.01 sys=0.00, real=0.00 secs] 
244.410: Total time for which application threads were stopped: 0.0035860 seconds, Stopping threads took: 0.0014410 seconds
244.490: Application time: 0.0800520 seconds
244.493: [GC [PSYoungGen: 90400K->7040K(97280K)] 110681K->27329K(318976K), 0.0020660 secs] [Times: user=0.01 sys=0.00, real=0.00 secs] 
244.495: Total time for which application threads were stopped: 0.0050520 seconds, Stopping threads took: 0.0028950 seconds
244.575: Application time: 0.0796010 seconds
244.578: [GC [PSYoungGen: 90496K->7312K(97280K)] 110785K->27609K(318976K), 0.0020900 secs] [Times: user=0.01 sys=0.00, real=0.00 secs] 
244.580: Total time for which application threads were stopped: 0.0051760 seconds, Stopping threads took: 0.0030070 seconds
244.659: Application time: 0.0789240 seconds
244.661: [GC [PSYoungGen: 90768K->7936K(97280K)] 111065K->28233K(318976K), 0.0024060 secs] [Times: user=0.02 sys=0.00, real=0.00 secs] 
244.664: Total time for which application threads were stopped: 0.0045080 seconds, Stopping threads took: 0.0020170 seconds
244.742: Application time: 0.0781780 seconds
244.744: [GC [PSYoungGen: 91392K->7504K(97280K)] 111689K->27809K(318976K), 0.0021310 secs] [Times: user=0.02 sys=0.00, real=0.00 secs] 
244.747: Total time for which application threads were stopped: 0.0046640 seconds, Stopping threads took: 0.0024500 seconds
244.825: Application time: 0.0780680 seconds
244.827: [GC [PSYoungGen: 90960K->7760K(97280K)] 111265K->28073K(318976K), 0.0022680 secs] [Times: user=0.02 sys=0.00, real=0.00 secs] 
244.829: Total time for which application threads were stopped: 0.0042540 seconds, Stopping threads took: 0.0019010 seconds
244.907: Application time: 0.0779230 seconds
244.909: [GC [PSYoungGen: 91216K->7888K(97280K)] 111529K->28209K(318976K), 0.0023830 secs] [Times: user=0.01 sys=0.00, real=0.00 secs] 
244.911: Total time for which application threads were stopped: 0.0044130 seconds, Stopping threads took: 0.0019510 seconds
244.990: Application time: 0.0790260 seconds
244.991: [GC [PSYoungGen: 91344K->5424K(97280K)] 111665K->25745K(318976K), 0.0016730 secs] [Times: user=0.01 sys=0.00, real=0.01 secs] 
244.993: Total time for which application threads were stopped: 0.0026430 seconds, Stopping threads took: 0.0008960 seconds
245.076: Application time: 0.0832950 seconds
245.078: [GC [PSYoungGen: 88880K->8352K(97280K)] 109201K->28681K(318976K), 0.0026840 secs] [Times: user=0.01 sys=0.00, real=0.01 secs] 
245.081: Total time for which application threads were stopped: 0.0048640 seconds, Stopping threads took: 0.0020560 seconds
245.159: Application time: 0.0775970 seconds
245.161: [GC [PSYoungGen: 91808K->6496K(97280K)] 112137K->26833K(318976K), 0.0018690 secs] [Times: user=0.01 sys=0.00, real=0.00 secs] 
245.163: Total time for which application threads were stopped: 0.0041250 seconds, Stopping threads took: 0.0021790 seconds
245.242: Application time: 0.0790780 seconds
245.244: [GC [PSYoungGen: 89952K->6768K(97280K)] 110289K->27121K(318976K), 0.0019930 secs] [Times: user=0.01 sys=0.00, real=0.00 secs] 
245.246: Total time for which application threads were stopped: 0.0046740 seconds, Stopping threads took: 0.0025990 seconds
245.327: Application time: 0.0807720 seconds
245.329: [GC [PSYoungGen: 90224K->6624K(97280K)] 110577K->26985K(318976K), 0.0019810 secs] [Times: user=0.01 sys=0.00, real=0.00 secs] 
245.331: Total time for which application threads were stopped: 0.0041580 seconds, Stopping threads took: 0.0021040 seconds
245.410: Application time: 0.0783840 seconds
245.413: [GC [PSYoungGen: 90080K->7152K(97280K)] 110441K->27521K(318976K), 0.0020760 secs] [Times: user=0.01 sys=0.00, real=0.00 secs] 
245.415: Total time for which application threads were stopped: 0.0050240 seconds, Stopping threads took: 0.0028660 seconds
245.491: Application time: 0.0759140 seconds
245.493: [GC [PSYoungGen: 90608K->7744K(97280K)] 110977K->28113K(318976K), 0.0022690 secs] [Times: user=0.01 sys=0.00, real=0.00 secs] 
245.495: Total time for which application threads were stopped: 0.0043330 seconds, Stopping threads took: 0.0019780 seconds
245.573: Application time: 0.0777550 seconds
245.575: [GC [PSYoungGen: 91200K->7968K(97280K)] 111569K->28345K(318976K), 0.0024590 secs] [Times: user=0.01 sys=0.00, real=0.00 secs] 
245.578: Total time for which application threads were stopped: 0.0048360 seconds, Stopping threads took: 0.0022940 seconds
245.657: Application time: 0.0792150 seconds
245.661: [GC [PSYoungGen: 91424K->5936K(97280K)] 111801K->26321K(318976K), 0.0018250 secs] [Times: user=0.01 sys=0.00, real=0.00 secs] 
245.662: Total time for which application threads were stopped: 0.0055140 seconds, Stopping threads took: 0.0036020 seconds
245.743: Application time: 0.0804060 seconds
245.745: [GC [PSYoungGen: 89392K->7040K(97280K)] 109777K->27433K(318976K), 0.0022800 secs] [Times: user=0.01 sys=0.00, real=0.00 secs] 
245.747: Total time for which application threads were stopped: 0.0041770 seconds, Stopping threads took: 0.0017900 seconds
245.828: Application time: 0.0807670 seconds
245.830: [GC [PSYoungGen: 90496K->7600K(97280K)] 110889K->28001K(318976K), 0.0022270 secs] [Times: user=0.02 sys=0.00, real=0.00 secs] 
245.832: Total time for which application threads were stopped: 0.0040340 seconds, Stopping threads took: 0.0017240 seconds
245.909: Application time: 0.0771520 seconds
245.912: [GC [PSYoungGen: 91056K->7872K(97280K)] 111457K->28281K(318976K), 0.0022340 secs] [Times: user=0.01 sys=0.00, real=0.01 secs] 
245.914: Total time for which application threads were stopped: 0.0049310 seconds, Stopping threads took: 0.0026100 seconds
245.992: Application time: 0.0782000 seconds
245.994: [GC [PSYoungGen: 91328K->7232K(97280K)] 111737K->27641K(318976K), 0.0023470 secs] [Times: user=0.01 sys=0.00, real=0.00 secs] 
245.996: Total time for which application threads were stopped: 0.0042230 seconds, Stopping threads took: 0.0017930 seconds
246.077: Application time: 0.0806070 seconds
246.080: [GC [PSYoungGen: 90688K->7568K(97280K)] 111097K->27985K(318976K), 0.0022860 secs] [Times: user=0.01 sys=0.00, real=0.01 secs] 
246.082: Total time for which application threads were stopped: 0.0050040 seconds, Stopping threads took: 0.0026350 seconds
246.161: Application time: 0.0793190 seconds
246.163: [GC [PSYoungGen: 91024K->6976K(97280K)] 111441K->27401K(318976K), 0.0020900 secs] [Times: user=0.01 sys=0.00, real=0.00 secs] 
246.165: Total time for which application threads were stopped: 0.0035920 seconds, Stopping threads took: 0.0014110 seconds
246.245: Application time: 0.0805310 seconds
246.248: [GC [PSYoungGen: 90432K->7504K(97280K)] 110857K->27937K(318976K), 0.0022060 secs] [Times: user=0.02 sys=0.00, real=0.00 secs] 
246.250: Total time for which application threads were stopped: 0.0046920 seconds, Stopping threads took: 0.0024040 seconds
246.330: Application time: 0.0797080 seconds
246.332: [GC [PSYoungGen: 90960K->6784K(97280K)] 111393K->27217K(318976K), 0.0020860 secs] [Times: user=0.01 sys=0.00, real=0.01 secs] 
246.334: Total time for which application threads were stopped: 0.0039710 seconds, Stopping threads took: 0.0017930 seconds
246.415: Application time: 0.0812840 seconds
246.418: [GC [PSYoungGen: 90240K->7088K(97280K)] 110673K->27529K(318976K), 0.0020220 secs] [Times: user=0.01 sys=0.00, real=0.00 secs] 
246.420: Total time for which application threads were stopped: 0.0052160 seconds, Stopping threads took: 0.0031130 seconds
246.499: Application time: 0.0784480 seconds
246.501: [GC [PSYoungGen: 90544K->7008K(97280K)] 110985K->27449K(318976K), 0.0019650 secs] [Times: user=0.02 sys=0.00, real=0.00 secs] 
246.503: Total time for which application threads were stopped: 0.0040100 seconds, Stopping threads took: 0.0019710 seconds
246.581: Application time: 0.0781460 seconds
246.583: [GC [PSYoungGen: 90464K->6448K(97280K)] 110905K->26905K(318976K), 0.0019000 secs] [Times: user=0.01 sys=0.00, real=0.00 secs] 
246.584: Total time for which application threads were stopped: 0.0035780 seconds, Stopping threads took: 0.0016010 seconds
246.662: Application time: 0.0776520 seconds
246.664: [GC [PSYoungGen: 89904K->6336K(97280K)] 110361K->26793K(318976K), 0.0018160 secs] [Times: user=0.01 sys=0.00, real=0.00 secs] 
246.666: Total time for which application threads were stopped: 0.0035750 seconds, Stopping threads took: 0.0016810 seconds
246.744: Application time: 0.0786400 seconds
246.747: [GC [PSYoungGen: 89792K->8032K(97280K)] 110249K->28497K(318976K), 0.0023090 secs] [Times: user=0.02 sys=0.00, real=0.00 secs] 
246.749: Total time for which application threads were stopped: 0.0045520 seconds, Stopping threads took: 0.0021580 seconds
246.828: Application time: 0.0795780 seconds
246.830: [GC [PSYoungGen: 91488K->6368K(97280K)] 111953K->26841K(318976K), 0.0019380 secs] [Times: user=0.01 sys=0.00, real=0.00 secs] 
246.832: Total time for which application threads were stopped: 0.0030930 seconds, Stopping threads took: 0.0010820 seconds
246.913: Application time: 0.0817730 seconds
246.917: [GC [PSYoungGen: 89824K->6464K(97280K)] 110297K->26945K(318976K), 0.0018250 secs] [Times: user=0.01 sys=0.00, real=0.00 secs] 
246.919: Total time for which application threads were stopped: 0.0053050 seconds, Stopping threads took: 0.0034040 seconds
246.998: Application time: 0.0792190 seconds
247.001: [GC [PSYoungGen: 89920K->7728K(97280K)] 110401K->28217K(318976K), 0.0021900 secs] [Times: user=0.01 sys=0.00, real=0.00 secs] 
247.003: Total time for which application threads were stopped: 0.0053380 seconds, Stopping threads took: 0.0030670 seconds
247.080: Application time: 0.0769720 seconds
247.083: [GC [PSYoungGen: 91184K->7808K(97280K)] 111673K->28305K(318976K), 0.0022870 secs] [Times: user=0.02 sys=0.00, real=0.00 secs] 
247.085: Total time for which application threads were stopped: 0.0048080 seconds, Stopping threads took: 0.0024420 seconds
247.161: Application time: 0.0757290 seconds
247.162: [GC [PSYoungGen: 91264K->5408K(97280K)] 111761K->25913K(318976K), 0.0016270 secs] [Times: user=0.02 sys=0.00, real=0.00 secs] 
247.164: Total time for which application threads were stopped: 0.0031350 seconds, Stopping threads took: 0.0014390 seconds
247.238: Application time: 0.0746250 seconds
247.241: [GC [PSYoungGen: 88864K->7680K(97280K)] 109369K->28193K(318976K), 0.0023160 secs] [Times: user=0.02 sys=0.00, real=0.00 secs] 
247.243: Total time for which application threads were stopped: 0.0045280 seconds, Stopping threads took: 0.0021160 seconds
247.318: Application time: 0.0750390 seconds
247.320: [GC [PSYoungGen: 91136K->8224K(97280K)] 111649K->28745K(318976K), 0.0024030 secs] [Times: user=0.01 sys=0.00, real=0.01 secs] 
247.322: Total time for which application threads were stopped: 0.0044180 seconds, Stopping threads took: 0.0019280 seconds
247.397: Application time: 0.0742320 seconds
247.399: [GC [PSYoungGen: 91680K->7568K(97280K)] 112201K->28097K(318976K), 0.0021640 secs] [Times: user=0.01 sys=0.00, real=0.01 secs] 
247.401: Total time for which application threads were stopped: 0.0044840 seconds, Stopping threads took: 0.0022380 seconds
247.472: Application time: 0.0708690 seconds
247.474: [GC [PSYoungGen: 91024K->8352K(97280K)] 111553K->28889K(318976K), 0.0023610 secs] [Times: user=0.01 sys=0.00, real=0.00 secs] 
247.477: Total time for which application threads were stopped: 0.0047020 seconds, Stopping threads took: 0.0022600 seconds
247.554: Application time: 0.0768660 seconds
247.555: [GC [PSYoungGen: 91808K->7536K(97280K)] 112345K->28073K(318976K), 0.0020780 secs] [Times: user=0.02 sys=0.00, real=0.00 secs] 
247.557: Total time for which application threads were stopped: 0.0038100 seconds, Stopping threads took: 0.0016380 seconds
247.632: Application time: 0.0743480 seconds
247.634: [GC [PSYoungGen: 90992K->7008K(97280K)] 111529K->27561K(318976K), 0.0020690 secs] [Times: user=0.01 sys=0.00, real=0.00 secs] 
247.636: Total time for which application threads were stopped: 0.0046520 seconds, Stopping threads took: 0.0025130 seconds
247.711: Application time: 0.0747640 seconds
247.714: [GC [PSYoungGen: 90464K->6320K(97280K)] 111017K->26881K(318976K), 0.0017850 secs] [Times: user=0.01 sys=0.00, real=0.00 secs] 
247.716: Total time for which application threads were stopped: 0.0046360 seconds, Stopping threads took: 0.0027780 seconds
247.789: Application time: 0.0734360 seconds
247.791: [GC [PSYoungGen: 89776K->5584K(97280K)] 110337K->26153K(318976K), 0.0016340 secs] [Times: user=0.01 sys=0.00, real=0.00 secs] 
247.792: Total time for which application threads were stopped: 0.0029270 seconds, Stopping threads took: 0.0012150 seconds
247.866: Application time: 0.0742670 seconds
247.868: [GC [PSYoungGen: 89040K->7536K(97280K)] 109609K->28113K(318976K), 0.0022230 secs] [Times: user=0.01 sys=0.00, real=0.00 secs] 
247.870: Total time for which application threads were stopped: 0.0038860 seconds, Stopping threads took: 0.0015820 seconds
247.944: Application time: 0.0735760 seconds
247.947: [GC [PSYoungGen: 90992K->7696K(97280K)] 111569K->28281K(318976K), 0.0022550 secs] [Times: user=0.02 sys=0.00, real=0.00 secs] 
247.949: Total time for which application threads were stopped: 0.0050640 seconds, Stopping threads took: 0.0027270 seconds
248.025: Application time: 0.0757690 seconds
248.027: [GC [PSYoungGen: 91152K->5904K(97280K)] 111737K->26489K(318976K), 0.0017520 secs] [Times: user=0.01 sys=0.00, real=0.00 secs] 
248.029: Total time for which application threads were stopped: 0.0037610 seconds, Stopping threads took: 0.0019310 seconds
248.102: Application time: 0.0730360 seconds
248.105: [GC [PSYoungGen: 89360K->7344K(97280K)] 109945K->27937K(318976K), 0.0020710 secs] [Times: user=0.02 sys=0.00, real=0.00 secs] 
248.107: Total time for which application threads were stopped: 0.0050970 seconds, Stopping threads took: 0.0029530 seconds
248.182: Application time: 0.0751340 seconds
248.184: [GC [PSYoungGen: 90800K->8144K(97280K)] 111393K->28745K(318976K), 0.0023610 secs] [Times: user=0.02 sys=0.00, real=0.00 secs] 
248.186: Total time for which application threads were stopped: 0.0044770 seconds, Stopping threads took: 0.0020290 seconds
248.259: Application time: 0.0731780 seconds
248.261: [GC [PSYoungGen: 91600K->7712K(97280K)] 112201K->28321K(318976K), 0.0021380 secs] [Times: user=0.01 sys=0.00, real=0.00 secs] 
248.263: Total time for which application threads were stopped: 0.0039730 seconds, Stopping threads took: 0.0017590 seconds
248.336: Application time: 0.0727520 seconds
248.339: [GC [PSYoungGen: 91168K->7488K(97280K)] 111777K->28097K(318976K), 0.0022120 secs] [Times: user=0.01 sys=0.00, real=0.01 secs] 
248.341: Total time for which application threads were stopped: 0.0045420 seconds, Stopping threads took: 0.0022440 seconds
248.413: Application time: 0.0727180 seconds
248.415: [GC [PSYoungGen: 90944K->7456K(97280K)] 111553K->28073K(318976K), 0.0024010 secs] [Times: user=0.02 sys=0.00, real=0.00 secs] 
248.417: Total time for which application threads were stopped: 0.0036560 seconds, Stopping threads took: 0.0011710 seconds
248.494: Application time: 0.0767440 seconds
248.496: [GC [PSYoungGen: 90912K->5872K(97280K)] 111529K->26489K(318976K), 0.0016870 secs] [Times: user=0.01 sys=0.00, real=0.00 secs] 
248.498: Total time for which application threads were stopped: 0.0036740 seconds, Stopping threads took: 0.0019200 seconds
248.574: Application time: 0.0760640 seconds
248.576: [GC [PSYoungGen: 89328K->6336K(97280K)] 109945K->26961K(318976K), 0.0018830 secs] [Times: user=0.01 sys=0.00, real=0.00 secs] 
248.578: Total time for which application threads were stopped: 0.0041900 seconds, Stopping threads took: 0.0022270 seconds
248.650: Application time: 0.0726030 seconds
248.652: [GC [PSYoungGen: 89792K->7328K(97280K)] 110417K->27953K(318976K), 0.0021700 secs] [Times: user=0.02 sys=0.00, real=0.01 secs] 
248.655: Total time for which application threads were stopped: 0.0041260 seconds, Stopping threads took: 0.0018750 seconds
248.730: Application time: 0.0750520 seconds
248.732: [GC [PSYoungGen: 90784K->7824K(97280K)] 111409K->28473K(318976K), 0.0023350 secs] [Times: user=0.01 sys=0.00, real=0.01 secs] 
248.734: Total time for which application threads were stopped: 0.0043060 seconds, Stopping threads took: 0.0018890 seconds
248.809: Application time: 0.0754390 seconds
248.812: [GC [PSYoungGen: 91280K->7120K(97280K)] 111929K->27777K(318976K), 0.0020890 secs] [Times: user=0.02 sys=0.00, real=0.01 secs] 
248.814: Total time for which application threads were stopped: 0.0045080 seconds, Stopping threads took: 0.0023390 seconds
248.886: Application time: 0.0724090 seconds
248.889: [GC [PSYoungGen: 90576K->7008K(97280K)] 111233K->27673K(318976K), 0.0019730 secs] [Times: user=0.01 sys=0.00, real=0.00 secs] 
248.891: Total time for which application threads were stopped: 0.0042750 seconds, Stopping threads took: 0.0022210 seconds
248.967: Application time: 0.0760660 seconds
248.968: [GC [PSYoungGen: 90464K->5744K(97280K)] 111129K->26409K(318976K), 0.0016830 secs] [Times: user=0.01 sys=0.00, real=0.00 secs] 
248.970: Total time for which application threads were stopped: 0.0031740 seconds, Stopping threads took: 0.0014220 seconds
249.045: Application time: 0.0749040 seconds
249.047: [GC [PSYoungGen: 89200K->6560K(97280K)] 109865K->27233K(318976K), 0.0019130 secs] [Times: user=0.00 sys=0.01, real=0.00 secs] 
249.049: Total time for which application threads were stopped: 0.0039030 seconds, Stopping threads took: 0.0019130 seconds
249.124: Application time: 0.0750810 seconds
249.126: [GC [PSYoungGen: 90016K->6864K(97280K)] 110689K->27537K(318976K), 0.0019760 secs] [Times: user=0.02 sys=0.00, real=0.00 secs] 
249.128: Total time for which application threads were stopped: 0.0040670 seconds, Stopping threads took: 0.0020080 seconds
249.201: Application time: 0.0735400 seconds
249.203: [GC [PSYoungGen: 90320K->8160K(97280K)] 110993K->28841K(318976K), 0.0024220 secs] [Times: user=0.01 sys=0.00, real=0.00 secs] 
249.205: Total time for which application threads were stopped: 0.0040050 seconds, Stopping threads took: 0.0015020 seconds
249.279: Application time: 0.0736090 seconds
249.281: [GC [PSYoungGen: 91616K->7456K(97280K)] 112297K->28145K(318976K), 0.0020740 secs] [Times: user=0.02 sys=0.00, real=0.00 secs] 
249.283: Total time for which application threads were stopped: 0.0045330 seconds, Stopping threads took: 0.0023770 seconds
249.358: Application time: 0.0748410 seconds
249.360: [GC [PSYoungGen: 90912K->5840K(97280K)] 111601K->26537K(318976K), 0.0017300 secs] [Times: user=0.01 sys=0.00, real=0.01 secs] 
249.362: Total time for which application threads were stopped: 0.0032660 seconds, Stopping threads took: 0.0014640 seconds
249.434: Application time: 0.0724180 seconds
249.436: [GC [PSYoungGen: 89296K->7360K(97280K)] 109993K->28065K(318976K), 0.0021210 secs] [Times: user=0.02 sys=0.00, real=0.00 secs] 
249.439: Total time for which application threads were stopped: 0.0045850 seconds, Stopping threads took: 0.0023630 seconds
249.513: Application time: 0.0745030 seconds
249.516: [GC [PSYoungGen: 90816K->7600K(97280K)] 111521K->28305K(318976K), 0.0021840 secs] [Times: user=0.02 sys=0.00, real=0.00 secs] 
249.518: Total time for which application threads were stopped: 0.0047580 seconds, Stopping threads took: 0.0024950 seconds
249.594: Application time: 0.0761950 seconds
249.596: [GC [PSYoungGen: 91056K->6320K(97280K)] 111761K->27033K(318976K), 0.0018130 secs] [Times: user=0.02 sys=0.00, real=0.00 secs] 
249.598: Total time for which application threads were stopped: 0.0039390 seconds, Stopping threads took: 0.0020570 seconds
249.672: Application time: 0.0738630 seconds
249.674: [GC [PSYoungGen: 89776K->7344K(97280K)] 110489K->28065K(318976K), 0.0020830 secs] [Times: user=0.02 sys=0.00, real=0.00 secs] 
249.676: Total time for which application threads were stopped: 0.0044270 seconds, Stopping threads took: 0.0022650 seconds
249.749: Application time: 0.0725920 seconds
249.750: [GC [PSYoungGen: 90800K->7808K(97280K)] 111521K->28537K(318976K), 0.0022570 secs] [Times: user=0.02 sys=0.00, real=0.01 secs] 
249.752: Total time for which application threads were stopped: 0.0035550 seconds, Stopping threads took: 0.0012160 seconds
249.827: Application time: 0.0747820 seconds
249.829: [GC [PSYoungGen: 91264K->8192K(97280K)] 111993K->28929K(318976K), 0.0025310 secs] [Times: user=0.02 sys=0.00, real=0.00 secs] 
249.832: Total time for which application threads were stopped: 0.0045960 seconds, Stopping threads took: 0.0019850 seconds
249.904: Application time: 0.0724750 seconds
249.906: [GC [PSYoungGen: 91648K->6544K(97280K)] 112385K->27289K(318976K), 0.0018600 secs] [Times: user=0.01 sys=0.00, real=0.00 secs] 
249.907: Total time for which application threads were stopped: 0.0031460 seconds, Stopping threads took: 0.0012140 seconds
249.981: Application time: 0.0735110 seconds
249.983: [GC [PSYoungGen: 90000K->7008K(97280K)] 110745K->27753K(318976K), 0.0019270 secs] [Times: user=0.01 sys=0.00, real=0.00 secs] 
249.985: Total time for which application threads were stopped: 0.0043970 seconds, Stopping threads took: 0.0023890 seconds
250.059: Application time: 0.0733440 seconds
250.062: [GC [PSYoungGen: 90464K->7600K(97280K)] 111209K->28353K(318976K), 0.0021730 secs] [Times: user=0.01 sys=0.00, real=0.00 secs] 
250.064: Total time for which application threads were stopped: 0.0052110 seconds, Stopping threads took: 0.0029570 seconds
250.138: Application time: 0.0739460 seconds
250.140: [GC [PSYoungGen: 91056K->6160K(97280K)] 111809K->26929K(318976K), 0.0017580 secs] [Times: user=0.01 sys=0.00, real=0.01 secs] 
250.142: Total time for which application threads were stopped: 0.0038000 seconds, Stopping threads took: 0.0019610 seconds
250.214: Application time: 0.0724750 seconds
250.216: [GC [PSYoungGen: 89616K->7968K(97280K)] 110385K->28745K(318976K), 0.0022320 secs] [Times: user=0.01 sys=0.00, real=0.00 secs] 
250.219: Total time for which application threads were stopped: 0.0043800 seconds, Stopping threads took: 0.0020630 seconds
250.292: Application time: 0.0738940 seconds
250.295: [GC [PSYoungGen: 91424K->6032K(97280K)] 112201K->26817K(318976K), 0.0017560 secs] [Times: user=0.01 sys=0.00, real=0.00 secs] 
250.296: Total time for which application threads were stopped: 0.0039020 seconds, Stopping threads took: 0.0020750 seconds
250.369: Application time: 0.0728020 seconds
250.371: [GC [PSYoungGen: 89488K->7120K(97280K)] 110273K->27913K(318976K), 0.0021980 secs] [Times: user=0.01 sys=0.00, real=0.01 secs] 
250.373: Total time for which application threads were stopped: 0.0039890 seconds, Stopping threads took: 0.0017110 seconds
250.445: Application time: 0.0721600 seconds
250.447: [GC [PSYoungGen: 90576K->7424K(97280K)] 111369K->28217K(318976K), 0.0022560 secs] [Times: user=0.01 sys=0.00, real=0.00 secs] 
250.450: Total time for which application threads were stopped: 0.0044730 seconds, Stopping threads took: 0.0021170 seconds
250.526: Application time: 0.0758120 seconds
250.528: [GC [PSYoungGen: 90880K->7728K(97280K)] 111673K->28537K(318976K), 0.0024210 secs] [Times: user=0.02 sys=0.00, real=0.00 secs] 
250.531: Total time for which application threads were stopped: 0.0050290 seconds, Stopping threads took: 0.0025140 seconds
250.605: Application time: 0.0745210 seconds
250.608: [GC [PSYoungGen: 91184K->7520K(97280K)] 111993K->28329K(318976K), 0.0021510 secs] [Times: user=0.01 sys=0.00, real=0.00 secs] 
250.610: Total time for which application threads were stopped: 0.0047760 seconds, Stopping threads took: 0.0025460 seconds
250.688: Application time: 0.0778480 seconds
250.690: [GC [PSYoungGen: 90976K->8128K(97280K)] 111785K->28945K(318976K), 0.0021490 secs] [Times: user=0.02 sys=0.00, real=0.00 secs] 
250.692: Total time for which application threads were stopped: 0.0039690 seconds, Stopping threads took: 0.0017440 seconds
250.766: Application time: 0.0741380 seconds
250.768: [GC [PSYoungGen: 91584K->7520K(97280K)] 112401K->28345K(318976K), 0.0021520 secs] [Times: user=0.01 sys=0.00, real=0.00 secs] 
250.770: Total time for which application threads were stopped: 0.0046000 seconds, Stopping threads took: 0.0023690 seconds
250.845: Application time: 0.0741960 seconds
250.848: [GC [PSYoungGen: 90976K->8032K(97280K)] 111801K->28865K(318976K), 0.0023020 secs] [Times: user=0.01 sys=0.00, real=0.00 secs] 
250.850: Total time for which application threads were stopped: 0.0052860 seconds, Stopping threads took: 0.0029020 seconds
250.925: Application time: 0.0749080 seconds
250.927: [GC [PSYoungGen: 91488K->7584K(97280K)] 112321K->28417K(318976K), 0.0021320 secs] [Times: user=0.02 sys=0.00, real=0.00 secs] 
250.929: Total time for which application threads were stopped: 0.0043910 seconds, Stopping threads took: 0.0021830 seconds
251.005: Application time: 0.0759860 seconds
251.008: [GC [PSYoungGen: 91040K->5952K(97280K)] 111873K->26793K(318976K), 0.0017260 secs] [Times: user=0.02 sys=0.00, real=0.00 secs] 
251.009: Total time for which application threads were stopped: 0.0041900 seconds, Stopping threads took: 0.0023900 seconds
251.084: Application time: 0.0748830 seconds
251.086: [GC [PSYoungGen: 89408K->6080K(97280K)] 110249K->26929K(318976K), 0.0016620 secs] [Times: user=0.01 sys=0.00, real=0.00 secs] 
251.088: Total time for which application threads were stopped: 0.0038790 seconds, Stopping threads took: 0.0021400 seconds
251.167: Application time: 0.0788550 seconds
251.169: [GC [PSYoungGen: 89536K->6752K(97280K)] 110385K->27609K(318976K), 0.0020270 secs] [Times: user=0.01 sys=0.00, real=0.00 secs] 
251.171: Total time for which application threads were stopped: 0.0038950 seconds, Stopping threads took: 0.0017840 seconds
251.249: Application time: 0.0780130 seconds
251.251: [GC [PSYoungGen: 90208K->6688K(97280K)] 111065K->27553K(318976K), 0.0018620 secs] [Times: user=0.02 sys=0.00, real=0.01 secs] 
251.253: Total time for which application threads were stopped: 0.0043130 seconds, Stopping threads took: 0.0023780 seconds
251.333: Application time: 0.0798910 seconds
251.336: [GC [PSYoungGen: 90144K->7632K(97280K)] 111009K->28513K(318976K), 0.0022140 secs] [Times: user=0.01 sys=0.00, real=0.00 secs] 
251.338: Total time for which application threads were stopped: 0.0048140 seconds, Stopping threads took: 0.0024940 seconds
251.416: Application time: 0.0779400 seconds
251.418: [GC [PSYoungGen: 91088K->7200K(97280K)] 111969K->28089K(318976K), 0.0020990 secs] [Times: user=0.01 sys=0.00, real=0.00 secs] 
251.420: Total time for which application threads were stopped: 0.0040310 seconds, Stopping threads took: 0.0018570 seconds
251.499: Application time: 0.0786440 seconds
251.500: [GC [PSYoungGen: 90656K->6848K(97280K)] 111545K->27745K(318976K), 0.0020810 secs] [Times: user=0.01 sys=0.00, real=0.01 secs] 
251.502: Total time for which application threads were stopped: 0.0038670 seconds, Stopping threads took: 0.0017080 seconds
251.583: Application time: 0.0805190 seconds
251.585: [GC [PSYoungGen: 90304K->6464K(97280K)] 111201K->27369K(318976K), 0.0019050 secs] [Times: user=0.01 sys=0.00, real=0.00 secs] 
251.587: Total time for which application threads were stopped: 0.0044370 seconds, Stopping threads took: 0.0024520 seconds
251.666: Application time: 0.0790500 seconds
251.668: [GC [PSYoungGen: 89920K->6864K(97280K)] 110825K->27777K(318976K), 0.0020800 secs] [Times: user=0.02 sys=0.00, real=0.00 secs] 
251.670: Total time for which application threads were stopped: 0.0039370 seconds, Stopping threads took: 0.0017690 seconds
251.751: Application time: 0.0800730 seconds
251.753: [GC [PSYoungGen: 90320K->8384K(97280K)] 111233K->29305K(318976K), 0.0024090 secs] [Times: user=0.02 sys=0.00, real=0.00 secs] 
251.755: Total time for which application threads were stopped: 0.0045620 seconds, Stopping threads took: 0.0020730 seconds
251.832: Application time: 0.0768950 seconds
251.834: [GC [PSYoungGen: 91840K->7632K(97280K)] 112761K->28561K(318976K), 0.0024660 secs] [Times: user=0.01 sys=0.00, real=0.00 secs] 
251.836: Total time for which application threads were stopped: 0.0042830 seconds, Stopping threads took: 0.0017280 seconds
251.916: Application time: 0.0799460 seconds
251.918: [GC [PSYoungGen: 91088K->6752K(97280K)] 112017K->27689K(318976K), 0.0019580 secs] [Times: user=0.01 sys=0.00, real=0.00 secs] 
251.920: Total time for which application threads were stopped: 0.0034670 seconds, Stopping threads took: 0.0014350 seconds
252.001: Application time: 0.0816160 seconds
252.003: [GC [PSYoungGen: 90208K->6016K(97280K)] 111145K->26961K(318976K), 0.0017290 secs] [Times: user=0.01 sys=0.00, real=0.00 secs] 
252.005: Total time for which application threads were stopped: 0.0036040 seconds, Stopping threads took: 0.0018020 seconds
252.086: Application time: 0.0808020 seconds
252.088: [GC [PSYoungGen: 89472K->6032K(97280K)] 110417K->26985K(318976K), 0.0017650 secs] [Times: user=0.01 sys=0.00, real=0.00 secs] 
252.089: Total time for which application threads were stopped: 0.0037140 seconds, Stopping threads took: 0.0018780 seconds
252.170: Application time: 0.0809260 seconds
252.172: [GC [PSYoungGen: 89488K->7744K(97280K)] 110441K->28705K(318976K), 0.0022510 secs] [Times: user=0.01 sys=0.00, real=0.01 secs] 
252.175: Total time for which application threads were stopped: 0.0041630 seconds, Stopping threads took: 0.0018130 seconds
252.254: Application time: 0.0796440 seconds
252.256: [GC [PSYoungGen: 91200K->6432K(97280K)] 112161K->27401K(318976K), 0.0020610 secs] [Times: user=0.00 sys=0.00, real=0.00 secs] 
252.258: Total time for which application threads were stopped: 0.0040840 seconds, Stopping threads took: 0.0019250 seconds
252.337: Application time: 0.0787770 seconds
252.339: [GC [PSYoungGen: 89888K->6016K(97280K)] 110857K->26993K(318976K), 0.0017880 secs] [Times: user=0.01 sys=0.00, real=0.01 secs] 
252.341: Total time for which application threads were stopped: 0.0034790 seconds, Stopping threads took: 0.0016150 seconds
252.419: Application time: 0.0782930 seconds
252.422: [GC [PSYoungGen: 89472K->6512K(97280K)] 110449K->27497K(318976K), 0.0019700 secs] [Times: user=0.01 sys=0.00, real=0.00 secs] 
252.424: Total time for which application threads were stopped: 0.0047670 seconds, Stopping threads took: 0.0027130 seconds
252.501: Application time: 0.0773750 seconds
252.503: [GC [PSYoungGen: 89968K->8176K(97280K)] 110953K->29161K(318976K), 0.0023080 secs] [Times: user=0.01 sys=0.00, real=0.00 secs] 
252.505: Total time for which application threads were stopped: 0.0043100 seconds, Stopping threads took: 0.0019190 seconds
252.585: Application time: 0.0793620 seconds
252.586: [GC [PSYoungGen: 91632K->6480K(97280K)] 112617K->27473K(318976K), 0.0019050 secs] [Times: user=0.01 sys=0.00, real=0.00 secs] 
252.588: Total time for which application threads were stopped: 0.0034150 seconds, Stopping threads took: 0.0014370 seconds
252.668: Application time: 0.0796440 seconds
252.670: [GC [PSYoungGen: 89936K->5968K(97280K)] 110929K->26969K(318976K), 0.0017170 secs] [Times: user=0.01 sys=0.00, real=0.00 secs] 
252.672: Total time for which application threads were stopped: 0.0042050 seconds, Stopping threads took: 0.0024060 seconds
252.750: Application time: 0.0780760 seconds
252.753: [GC [PSYoungGen: 89424K->7504K(97280K)] 110425K->28513K(318976K), 0.0021200 secs] [Times: user=0.02 sys=0.00, real=0.00 secs] 
252.756: Total time for which application threads were stopped: 0.0055400 seconds, Stopping threads took: 0.0033310 seconds
252.833: Application time: 0.0775670 seconds
252.835: [GC [PSYoungGen: 90960K->7136K(97280K)] 111969K->28153K(318976K), 0.0020510 secs] [Times: user=0.02 sys=0.00, real=0.00 secs] 
252.837: Total time for which application threads were stopped: 0.0041360 seconds, Stopping threads took: 0.0020120 seconds
252.916: Application time: 0.0783450 seconds
252.918: [GC [PSYoungGen: 90592K->7296K(97280K)] 111609K->28321K(318976K), 0.0021260 secs] [Times: user=0.01 sys=0.00, real=0.01 secs] 
252.920: Total time for which application threads were stopped: 0.0048480 seconds, Stopping threads took: 0.0026440 seconds
253.000: Application time: 0.0796450 seconds
253.002: [GC [PSYoungGen: 90752K->5088K(97280K)] 111777K->26113K(318976K), 0.0015300 secs] [Times: user=0.01 sys=0.00, real=0.00 secs] 
253.003: Total time for which application threads were stopped: 0.0031260 seconds, Stopping threads took: 0.0015180 seconds
253.082: Application time: 0.0791870 seconds
253.085: [GC [PSYoungGen: 88544K->7616K(97280K)] 109569K->28649K(318976K), 0.0023100 secs] [Times: user=0.01 sys=0.00, real=0.00 secs] 
253.087: Total time for which application threads were stopped: 0.0047430 seconds, Stopping threads took: 0.0023510 seconds
253.165: Application time: 0.0776610 seconds
253.167: [GC [PSYoungGen: 91072K->7104K(97280K)] 112105K->28145K(318976K), 0.0021970 secs] [Times: user=0.02 sys=0.00, real=0.00 secs] 
253.170: Total time for which application threads were stopped: 0.0048820 seconds, Stopping threads took: 0.0026020 seconds
253.250: Application time: 0.0807640 seconds
253.252: [GC [PSYoungGen: 90560K->6400K(97280K)] 111601K->27449K(318976K), 0.0019170 secs] [Times: user=0.01 sys=0.00, real=0.01 secs] 
253.254: Total time for which application threads were stopped: 0.0035160 seconds, Stopping threads took: 0.0015180 seconds
253.332: Application time: 0.0782590 seconds
253.336: [GC [PSYoungGen: 89856K->6096K(97280K)] 110905K->27153K(318976K), 0.0016970 secs] [Times: user=0.01 sys=0.00, real=0.00 secs] 
253.338: Total time for which application threads were stopped: 0.0060010 seconds, Stopping threads took: 0.0042230 seconds
253.418: Application time: 0.0802730 seconds
253.422: [GC [PSYoungGen: 89552K->6416K(97280K)] 110609K->27481K(318976K), 0.0020100 secs] [Times: user=0.01 sys=0.00, real=0.00 secs] 
253.424: Total time for which application threads were stopped: 0.0051910 seconds, Stopping threads took: 0.0031050 seconds
253.500: Application time: 0.0758980 seconds
253.502: [GC [PSYoungGen: 89872K->7680K(97280K)] 110937K->28745K(318976K), 0.0022370 secs] [Times: user=0.02 sys=0.00, real=0.00 secs] 
253.505: Total time for which application threads were stopped: 0.0049580 seconds, Stopping threads took: 0.0026370 seconds
253.584: Application time: 0.0797770 seconds
253.588: [GC [PSYoungGen: 91136K->5808K(97280K)] 112201K->26881K(318976K), 0.0017440 secs] [Times: user=0.01 sys=0.00, real=0.00 secs] 
253.590: Total time for which application threads were stopped: 0.0058910 seconds, Stopping threads took: 0.0040690 seconds
253.668: Application time: 0.0779440 seconds
253.670: [GC [PSYoungGen: 89264K->7856K(97280K)] 110337K->28937K(318976K), 0.0021570 secs] [Times: user=0.01 sys=0.00, real=0.00 secs] 
253.672: Total time for which application threads were stopped: 0.0041820 seconds, Stopping threads took: 0.0019510 seconds
253.751: Application time: 0.0788510 seconds
253.753: [GC [PSYoungGen: 91312K->7504K(97280K)] 112393K->28593K(318976K), 0.0022460 secs] [Times: user=0.02 sys=0.00, real=0.00 secs] 
253.755: Total time for which application threads were stopped: 0.0040660 seconds, Stopping threads took: 0.0017340 seconds
253.834: Application time: 0.0782590 seconds
253.837: [GC [PSYoungGen: 90960K->7424K(97280K)] 112049K->28521K(318976K), 0.0024210 secs] [Times: user=0.01 sys=0.00, real=0.00 secs] 
253.839: Total time for which application threads were stopped: 0.0055500 seconds, Stopping threads took: 0.0030430 seconds
253.918: Application time: 0.0792740 seconds
253.920: [GC [PSYoungGen: 90880K->6128K(97280K)] 111977K->27233K(318976K), 0.0018370 secs] [Times: user=0.01 sys=0.00, real=0.01 secs] 
253.922: Total time for which application threads were stopped: 0.0032940 seconds, Stopping threads took: 0.0013730 seconds
254.002: Application time: 0.0806630 seconds
254.003: [GC [PSYoungGen: 89584K->6912K(97280K)] 110689K->28025K(318976K), 0.0021150 secs] [Times: user=0.01 sys=0.00, real=0.00 secs] 
254.005: Total time for which application threads were stopped: 0.0031390 seconds, Stopping threads took: 0.0009490 seconds
254.087: Application time: 0.0812240 seconds
254.089: [GC [PSYoungGen: 90368K->6592K(97280K)] 111481K->27713K(318976K), 0.0019890 secs] [Times: user=0.02 sys=0.00, real=0.00 secs] 
254.091: Total time for which application threads were stopped: 0.0040730 seconds, Stopping threads took: 0.0020050 seconds
254.171: Application time: 0.0802180 seconds
254.173: [GC [PSYoungGen: 90048K->7872K(97280K)] 111169K->29001K(318976K), 0.0022860 secs] [Times: user=0.02 sys=0.00, real=0.00 secs] 
254.176: Total time for which application threads were stopped: 0.0046950 seconds, Stopping threads took: 0.0023250 seconds
254.254: Application time: 0.0786880 seconds
254.256: [GC [PSYoungGen: 91328K->7216K(97280K)] 112457K->28353K(318976K), 0.0021110 secs] [Times: user=0.02 sys=0.00, real=0.00 secs] 
254.258: Total time for which application threads were stopped: 0.0037460 seconds, Stopping threads took: 0.0015550 seconds
254.336: Application time: 0.0774360 seconds
254.337: [GC [PSYoungGen: 90672K->7648K(97280K)] 111809K->28793K(318976K), 0.0023980 secs] [Times: user=0.02 sys=0.00, real=0.00 secs] 
254.339: Total time for which application threads were stopped: 0.0036250 seconds, Stopping threads took: 0.0011420 seconds
254.417: Application time: 0.0778490 seconds
254.419: [GC [PSYoungGen: 91104K->7216K(97280K)] 112249K->28369K(318976K), 0.0021590 secs] [Times: user=0.01 sys=0.00, real=0.01 secs] 
254.421: Total time for which application threads were stopped: 0.0043800 seconds, Stopping threads took: 0.0021410 seconds
254.500: Application time: 0.0786350 seconds
254.502: [GC [PSYoungGen: 90672K->6624K(97280K)] 111825K->27785K(318976K), 0.0019680 secs] [Times: user=0.02 sys=0.00, real=0.00 secs] 
254.504: Total time for which application threads were stopped: 0.0042260 seconds, Stopping threads took: 0.0021540 seconds
254.584: Application time: 0.0797850 seconds
254.586: [GC [PSYoungGen: 90080K->7728K(97280K)] 111241K->28897K(318976K), 0.0021810 secs] [Times: user=0.01 sys=0.00, real=0.00 secs] 
254.588: Total time for which application threads were stopped: 0.0040840 seconds, Stopping threads took: 0.0018220 seconds
254.669: Application time: 0.0805650 seconds
254.672: [GC [PSYoungGen: 91184K->8064K(97280K)] 112353K->29233K(318976K), 0.0023150 secs] [Times: user=0.02 sys=0.00, real=0.01 secs] 
254.674: Total time for which application threads were stopped: 0.0054330 seconds, Stopping threads took: 0.0030290 seconds
254.755: Application time: 0.0809470 seconds
254.756: [GC [PSYoungGen: 91520K->4384K(97280K)] 112689K->25585K(318976K), 0.0015860 secs] [Times: user=0.00 sys=0.00, real=0.00 secs] 
254.758: Total time for which application threads were stopped: 0.0028460 seconds, Stopping threads took: 0.0011850 seconds
254.838: Application time: 0.0800420 seconds
254.840: [GC [PSYoungGen: 87840K->6512K(97280K)] 109041K->27721K(318976K), 0.0019400 secs] [Times: user=0.01 sys=0.00, real=0.01 secs] 
254.842: Total time for which application threads were stopped: 0.0039500 seconds, Stopping threads took: 0.0019280 seconds
254.922: Application time: 0.0804680 seconds
254.926: [GC [PSYoungGen: 89968K->7472K(97280K)] 111177K->28689K(318976K), 0.0021480 secs] [Times: user=0.02 sys=0.00, real=0.00 secs] 
254.928: Total time for which application threads were stopped: 0.0053840 seconds, Stopping threads took: 0.0031470 seconds
255.007: Application time: 0.0794940 seconds
255.010: [GC [PSYoungGen: 90928K->7648K(97280K)] 112145K->28873K(318976K), 0.0022830 secs] [Times: user=0.01 sys=0.00, real=0.01 secs] 
255.012: Total time for which application threads were stopped: 0.0051180 seconds, Stopping threads took: 0.0027450 seconds
255.090: Application time: 0.0778920 seconds
255.092: [GC [PSYoungGen: 91104K->5728K(97280K)] 112329K->26953K(318976K), 0.0017360 secs] [Times: user=0.01 sys=0.00, real=0.01 secs] 
255.094: Total time for which application threads were stopped: 0.0033360 seconds, Stopping threads took: 0.0015250 seconds
255.167: Application time: 0.0735730 seconds
255.169: [GC [PSYoungGen: 89184K->6688K(97280K)] 110409K->27921K(318976K), 0.0019610 secs] [Times: user=0.01 sys=0.00, real=0.00 secs] 
255.171: Total time for which application threads were stopped: 0.0033990 seconds, Stopping threads took: 0.0013610 seconds
255.243: Application time: 0.0720560 seconds
255.244: [GC [PSYoungGen: 90144K->8080K(97280K)] 111377K->29321K(318976K), 0.0023480 secs] [Times: user=0.01 sys=0.00, real=0.00 secs] 
255.247: Total time for which application threads were stopped: 0.0040890 seconds, Stopping threads took: 0.0016540 seconds
255.321: Application time: 0.0737780 seconds
255.323: [GC [PSYoungGen: 91536K->7504K(97280K)] 112777K->28745K(318976K), 0.0022340 secs] [Times: user=0.01 sys=0.00, real=0.00 secs] 
255.325: Total time for which application threads were stopped: 0.0046940 seconds, Stopping threads took: 0.0023780 seconds
255.398: Application time: 0.0723060 seconds
255.399: [GC [PSYoungGen: 90960K->7104K(97280K)] 112201K->28353K(318976K), 0.0020100 secs] [Times: user=0.01 sys=0.00, real=0.01 secs] 
255.401: Total time for which application threads were stopped: 0.0035510 seconds, Stopping threads took: 0.0014670 seconds
255.476: Application time: 0.0749450 seconds
255.478: [GC [PSYoungGen: 90560K->6304K(97280K)] 111809K->27561K(318976K), 0.0018360 secs] [Times: user=0.01 sys=0.00, real=0.00 secs] 
255.480: Total time for which application threads were stopped: 0.0035640 seconds, Stopping threads took: 0.0016500 seconds
255.554: Application time: 0.0746450 seconds
255.556: [GC [PSYoungGen: 89760K->6864K(97280K)] 111017K->28129K(318976K), 0.0020360 secs] [Times: user=0.01 sys=0.00, real=0.00 secs] 
255.558: Total time for which application threads were stopped: 0.0038890 seconds, Stopping threads took: 0.0017650 seconds
255.632: Application time: 0.0738500 seconds
255.635: [GC [PSYoungGen: 90320K->6784K(97280K)] 111585K->28057K(318976K), 0.0019090 secs] [Times: user=0.01 sys=0.00, real=0.00 secs] 
255.637: Total time for which application threads were stopped: 0.0053940 seconds, Stopping threads took: 0.0034120 seconds
255.712: Application time: 0.0745430 seconds
255.714: [GC [PSYoungGen: 90240K->6832K(97280K)] 111513K->28113K(318976K), 0.0019840 secs] [Times: user=0.01 sys=0.00, real=0.00 secs] 
255.716: Total time for which application threads were stopped: 0.0039900 seconds, Stopping threads took: 0.0019280 seconds
255.790: Application time: 0.0735850 seconds
255.792: [GC [PSYoungGen: 90288K->6112K(97280K)] 111569K->27393K(318976K), 0.0018030 secs] [Times: user=0.01 sys=0.00, real=0.00 secs] 
255.794: Total time for which application threads were stopped: 0.0047730 seconds, Stopping threads took: 0.0029010 seconds
255.871: Application time: 0.0765630 seconds
255.872: [GC [PSYoungGen: 89568K->4608K(97280K)] 110849K->25897K(318976K), 0.0013610 secs] [Times: user=0.01 sys=0.00, real=0.00 secs] 
255.874: Total time for which application threads were stopped: 0.0029090 seconds, Stopping threads took: 0.0014780 seconds
255.949: Application time: 0.0749020 seconds
255.950: [GC [PSYoungGen: 88064K->6544K(97280K)] 109353K->27841K(318976K), 0.0018970 secs] [Times: user=0.01 sys=0.00, real=0.00 secs] 
255.952: Total time for which application threads were stopped: 0.0036760 seconds, Stopping threads took: 0.0016910 seconds
256.029: Application time: 0.0762390 seconds
256.030: [GC [PSYoungGen: 90000K->4960K(97280K)] 111297K->26265K(318976K), 0.0015170 secs] [Times: user=0.01 sys=0.00, real=0.00 secs] 
256.032: Total time for which application threads were stopped: 0.0028700 seconds, Stopping threads took: 0.0012860 seconds
256.106: Application time: 0.0744710 seconds
256.108: [GC [PSYoungGen: 88416K->6960K(97280K)] 109721K->28273K(318976K), 0.0038570 secs] [Times: user=0.03 sys=0.00, real=0.00 secs] 
256.112: Total time for which application threads were stopped: 0.0063960 seconds, Stopping threads took: 0.0024430 seconds
256.187: Application time: 0.0743160 seconds
256.189: [GC [PSYoungGen: 90416K->6208K(97280K)] 111729K->27529K(318976K), 0.0019060 secs] [Times: user=0.01 sys=0.00, real=0.00 secs] 
256.191: Total time for which application threads were stopped: 0.0045730 seconds, Stopping threads took: 0.0025880 seconds
256.264: Application time: 0.0728430 seconds
256.267: [GC [PSYoungGen: 89664K->6992K(97280K)] 110985K->28321K(318976K), 0.0019770 secs] [Times: user=0.02 sys=0.00, real=0.00 secs] 
256.269: Total time for which application threads were stopped: 0.0051620 seconds, Stopping threads took: 0.0030980 seconds
256.341: Application time: 0.0721610 seconds
256.343: [GC [PSYoungGen: 90448K->7888K(97280K)] 111777K->29225K(318976K), 0.0023790 secs] [Times: user=0.02 sys=0.00, real=0.00 secs] 
256.346: Total time for which application threads were stopped: 0.0042650 seconds, Stopping threads took: 0.0018010 seconds
256.418: Application time: 0.0719680 seconds
256.420: [GC [PSYoungGen: 91344K->7472K(97280K)] 112681K->28817K(318976K), 0.0023000 secs] [Times: user=0.02 sys=0.00, real=0.01 secs] 
256.422: Total time for which application threads were stopped: 0.0045150 seconds, Stopping threads took: 0.0021300 seconds
256.495: Application time: 0.0729150 seconds
256.497: [GC [PSYoungGen: 90928K->7776K(97280K)] 112273K->29129K(318976K), 0.0023080 secs] [Times: user=0.01 sys=0.00, real=0.00 secs] 
256.499: Total time for which application threads were stopped: 0.0040260 seconds, Stopping threads took: 0.0016330 seconds
256.574: Application time: 0.0744730 seconds
256.575: [GC [PSYoungGen: 91232K->6480K(97280K)] 112585K->27833K(318976K), 0.0018750 secs] [Times: user=0.01 sys=0.00, real=0.00 secs] 
256.577: Total time for which application threads were stopped: 0.0037620 seconds, Stopping threads took: 0.0018090 seconds
256.651: Application time: 0.0737010 seconds
256.652: [GC [PSYoungGen: 89936K->7344K(97280K)] 111289K->28705K(318976K), 0.0021610 secs] [Times: user=0.02 sys=0.00, real=0.01 secs] 
256.655: Total time for which application threads were stopped: 0.0034120 seconds, Stopping threads took: 0.0011650 seconds
256.729: Application time: 0.0745590 seconds
256.731: [GC [PSYoungGen: 90800K->6688K(97280K)] 112161K->28057K(318976K), 0.0019180 secs] [Times: user=0.01 sys=0.00, real=0.01 secs] 
256.733: Total time for which application threads were stopped: 0.0037860 seconds, Stopping threads took: 0.0017860 seconds
256.807: Application time: 0.0744280 seconds
256.809: [GC [PSYoungGen: 90144K->6864K(97280K)] 111513K->28241K(318976K), 0.0018980 secs] [Times: user=0.01 sys=0.00, real=0.00 secs] 
256.811: Total time for which application threads were stopped: 0.0041250 seconds, Stopping threads took: 0.0021600 seconds
256.888: Application time: 0.0761220 seconds
256.890: [GC [PSYoungGen: 90320K->6176K(97280K)] 111697K->27553K(318976K), 0.0017730 secs] [Times: user=0.01 sys=0.00, real=0.00 secs] 
256.892: Total time for which application threads were stopped: 0.0042980 seconds, Stopping threads took: 0.0024310 seconds
256.967: Application time: 0.0750090 seconds
256.968: [GC [PSYoungGen: 89632K->6480K(97280K)] 111009K->27865K(318976K), 0.0018970 secs] [Times: user=0.01 sys=0.00, real=0.00 secs] 
256.970: Total time for which application threads were stopped: 0.0035190 seconds, Stopping threads took: 0.0015460 seconds
257.046: Application time: 0.0755300 seconds
257.048: [GC [PSYoungGen: 89936K->6160K(97280K)] 111321K->27545K(318976K), 0.0018240 secs] [Times: user=0.01 sys=0.00, real=0.00 secs] 
257.050: Total time for which application threads were stopped: 0.0040630 seconds, Stopping threads took: 0.0021540 seconds
257.125: Application time: 0.0750960 seconds
257.127: [GC [PSYoungGen: 89616K->6688K(97280K)] 111001K->28081K(318976K), 0.0018510 secs] [Times: user=0.01 sys=0.00, real=0.00 secs] 
257.129: Total time for which application threads were stopped: 0.0038670 seconds, Stopping threads took: 0.0019470 seconds
257.206: Application time: 0.0770410 seconds
257.209: [GC [PSYoungGen: 90144K->7184K(97280K)] 111537K->28585K(318976K), 0.0019840 secs] [Times: user=0.01 sys=0.00, real=0.00 secs] 
257.211: Total time for which application threads were stopped: 0.0049770 seconds, Stopping threads took: 0.0029060 seconds
257.285: Application time: 0.0743760 seconds
257.288: [GC [PSYoungGen: 90640K->6304K(97280K)] 112041K->27713K(318976K), 0.0018260 secs] [Times: user=0.01 sys=0.00, real=0.00 secs] 
257.290: Total time for which application threads were stopped: 0.0041740 seconds, Stopping threads took: 0.0022670 seconds
257.362: Application time: 0.0724120 seconds
257.364: [GC [PSYoungGen: 89760K->7216K(97280K)] 111169K->28633K(318976K), 0.0020840 secs] [Times: user=0.01 sys=0.00, real=0.00 secs] 
257.366: Total time for which application threads were stopped: 0.0041910 seconds, Stopping threads took: 0.0020270 seconds
257.440: Application time: 0.0737190 seconds
257.442: [GC [PSYoungGen: 90672K->6320K(97280K)] 112089K->27745K(318976K), 0.0017620 secs] [Times: user=0.01 sys=0.00, real=0.00 secs] 
257.444: Total time for which application threads were stopped: 0.0042610 seconds, Stopping threads took: 0.0024280 seconds
257.518: Application time: 0.0738160 seconds
257.519: [GC [PSYoungGen: 89776K->8368K(97280K)] 111201K->29793K(318976K), 0.0024630 secs] [Times: user=0.02 sys=0.00, real=0.01 secs] 
257.522: Total time for which application threads were stopped: 0.0040380 seconds, Stopping threads took: 0.0014940 seconds
257.596: Application time: 0.0741920 seconds
257.599: [GC [PSYoungGen: 91824K->7552K(97280K)] 113249K->28985K(318976K), 0.0020540 secs] [Times: user=0.01 sys=0.00, real=0.01 secs] 
257.601: Total time for which application threads were stopped: 0.0050330 seconds, Stopping threads took: 0.0029010 seconds
257.677: Application time: 0.0762250 seconds
257.680: [GC [PSYoungGen: 91008K->7072K(97280K)] 112441K->28513K(318976K), 0.0020520 secs] [Times: user=0.01 sys=0.00, real=0.01 secs] 
257.682: Total time for which application threads were stopped: 0.0048270 seconds, Stopping threads took: 0.0026900 seconds
257.756: Application time: 0.0740550 seconds
257.758: [GC [PSYoungGen: 90528K->6512K(97280K)] 111969K->27953K(318976K), 0.0019100 secs] [Times: user=0.01 sys=0.00, real=0.00 secs] 
257.760: Total time for which application threads were stopped: 0.0036060 seconds, Stopping threads took: 0.0016130 seconds
257.834: Application time: 0.0741380 seconds
257.836: [GC [PSYoungGen: 89968K->7248K(97280K)] 111409K->28697K(318976K), 0.0021190 secs] [Times: user=0.01 sys=0.00, real=0.00 secs] 
257.838: Total time for which application threads were stopped: 0.0043870 seconds, Stopping threads took: 0.0021860 seconds
257.912: Application time: 0.0733260 seconds
257.915: [GC [PSYoungGen: 90704K->7840K(97280K)] 112153K->29297K(318976K), 0.0023520 secs] [Times: user=0.01 sys=0.00, real=0.00 secs] 
257.917: Total time for which application threads were stopped: 0.0052250 seconds, Stopping threads took: 0.0027930 seconds
257.990: Application time: 0.0734860 seconds
257.993: [GC [PSYoungGen: 91296K->6304K(97280K)] 112753K->27769K(318976K), 0.0018140 secs] [Times: user=0.01 sys=0.00, real=0.00 secs] 
257.995: Total time for which application threads were stopped: 0.0045780 seconds, Stopping threads took: 0.0026880 seconds
258.070: Application time: 0.0750210 seconds
258.072: [GC [PSYoungGen: 89760K->6400K(97280K)] 111225K->27873K(318976K), 0.0018220 secs] [Times: user=0.01 sys=0.00, real=0.01 secs] 
258.074: Total time for which application threads were stopped: 0.0039270 seconds, Stopping threads took: 0.0020300 seconds
258.149: Application time: 0.0748210 seconds
258.151: [GC [PSYoungGen: 89856K->7296K(97280K)] 111329K->28777K(318976K), 0.0020320 secs] [Times: user=0.01 sys=0.00, real=0.01 secs] 
258.153: Total time for which application threads were stopped: 0.0040370 seconds, Stopping threads took: 0.0019330 seconds
258.226: Application time: 0.0728390 seconds
258.227: [GC [PSYoungGen: 90752K->7328K(97280K)] 112233K->28809K(318976K), 0.0022970 secs] [Times: user=0.01 sys=0.00, real=0.00 secs] 
258.229: Total time for which application threads were stopped: 0.0037660 seconds, Stopping threads took: 0.0013900 seconds
258.305: Application time: 0.0760140 seconds
258.307: [GC [PSYoungGen: 90784K->6432K(97280K)] 112265K->27921K(318976K), 0.0018380 secs] [Times: user=0.01 sys=0.00, real=0.00 secs] 
258.309: Total time for which application threads were stopped: 0.0030090 seconds, Stopping threads took: 0.0010850 seconds
258.380: Application time: 0.0718180 seconds
258.382: [GC [PSYoungGen: 89888K->6896K(97280K)] 111377K->28385K(318976K), 0.0019160 secs] [Times: user=0.01 sys=0.00, real=0.00 secs] 
258.384: Total time for which application threads were stopped: 0.0037520 seconds, Stopping threads took: 0.0017610 seconds
258.460: Application time: 0.0763520 seconds
258.463: [GC [PSYoungGen: 90352K->6784K(97280K)] 111841K->28281K(318976K), 0.0018940 secs] [Times: user=0.01 sys=0.00, real=0.00 secs] 
258.465: Total time for which application threads were stopped: 0.0043570 seconds, Stopping threads took: 0.0023870 seconds
258.540: Application time: 0.0751000 seconds
258.542: [GC [PSYoungGen: 90240K->7520K(97280K)] 111737K->29025K(318976K), 0.0021600 secs] [Times: user=0.01 sys=0.00, real=0.00 secs] 
258.544: Total time for which application threads were stopped: 0.0040790 seconds, Stopping threads took: 0.0018460 seconds
258.617: Application time: 0.0730130 seconds
258.619: [GC [PSYoungGen: 90976K->7936K(97280K)] 112481K->29449K(318976K), 0.0022530 secs] [Times: user=0.02 sys=0.00, real=0.01 secs] 
258.622: Total time for which application threads were stopped: 0.0045720 seconds, Stopping threads took: 0.0022370 seconds
258.696: Application time: 0.0747960 seconds
258.698: [GC [PSYoungGen: 91392K->7024K(97280K)] 112905K->28545K(318976K), 0.0020020 secs] [Times: user=0.01 sys=0.00, real=0.00 secs] 
258.700: Total time for which application threads were stopped: 0.0039630 seconds, Stopping threads took: 0.0018870 seconds
258.776: Application time: 0.0754400 seconds
258.778: [GC [PSYoungGen: 90480K->7824K(97280K)] 112001K->29353K(318976K), 0.0022230 secs] [Times: user=0.02 sys=0.00, real=0.00 secs] 
258.780: Total time for which application threads were stopped: 0.0046100 seconds, Stopping threads took: 0.0022960 seconds
258.854: Application time: 0.0738900 seconds
258.856: [GC [PSYoungGen: 91280K->8256K(97280K)] 112809K->29785K(318976K), 0.0023930 secs] [Times: user=0.02 sys=0.00, real=0.00 secs] 
258.858: Total time for which application threads were stopped: 0.0037560 seconds, Stopping threads took: 0.0012750 seconds
258.931: Application time: 0.0724750 seconds
258.933: [GC [PSYoungGen: 91712K->7328K(97280K)] 113241K->28865K(318976K), 0.0021310 secs] [Times: user=0.02 sys=0.00, real=0.00 secs] 
258.935: Total time for which application threads were stopped: 0.0043500 seconds, Stopping threads took: 0.0021400 seconds
259.008: Application time: 0.0730850 seconds
259.011: [GC [PSYoungGen: 90784K->8080K(97280K)] 112321K->29617K(318976K), 0.0021610 secs] [Times: user=0.02 sys=0.00, real=0.01 secs] 
259.013: Total time for which application threads were stopped: 0.0049570 seconds, Stopping threads took: 0.0027200 seconds
259.088: Application time: 0.0752670 seconds
259.090: [GC [PSYoungGen: 91536K->7184K(97280K)] 113073K->28729K(318976K), 0.0020870 secs] [Times: user=0.01 sys=0.00, real=0.00 secs] 
259.092: Total time for which application threads were stopped: 0.0041150 seconds, Stopping threads took: 0.0019490 seconds
259.171: Application time: 0.0786430 seconds
259.173: [GC [PSYoungGen: 90640K->7744K(97280K)] 112185K->29297K(318976K), 0.0021600 secs] [Times: user=0.02 sys=0.00, real=0.00 secs] 
259.175: Total time for which application threads were stopped: 0.0043900 seconds, Stopping threads took: 0.0021550 seconds
259.255: Application time: 0.0792350 seconds
259.256: [GC [PSYoungGen: 91200K->8384K(97280K)] 112753K->29945K(318976K), 0.0024460 secs] [Times: user=0.01 sys=0.00, real=0.00 secs] 
259.259: Total time for which application threads were stopped: 0.0042720 seconds, Stopping threads took: 0.0017460 seconds
259.339: Application time: 0.0798390 seconds
259.340: [GC [PSYoungGen: 91840K->5248K(97280K)] 113401K->26809K(318976K), 0.0016130 secs] [Times: user=0.01 sys=0.00, real=0.01 secs] 
259.342: Total time for which application threads were stopped: 0.0028240 seconds, Stopping threads took: 0.0011430 seconds
259.425: Application time: 0.0835210 seconds
259.427: [GC [PSYoungGen: 88704K->6240K(97280K)] 110265K->27809K(318976K), 0.0017950 secs] [Times: user=0.01 sys=0.01, real=0.00 secs] 
259.429: Total time for which application threads were stopped: 0.0036250 seconds, Stopping threads took: 0.0017430 seconds
259.509: Application time: 0.0798690 seconds
259.510: [GC [PSYoungGen: 89696K->8128K(97280K)] 111265K->29697K(318976K), 0.0023110 secs] [Times: user=0.02 sys=0.00, real=0.00 secs] 
259.512: Total time for which application threads were stopped: 0.0038700 seconds, Stopping threads took: 0.0014680 seconds
259.590: Application time: 0.0778950 seconds
259.593: [GC [PSYoungGen: 91584K->7712K(97280K)] 113153K->29289K(318976K), 0.0022930 secs] [Times: user=0.01 sys=0.00, real=0.00 secs] 
259.596: Total time for which application threads were stopped: 0.0052460 seconds, Stopping threads took: 0.0028730 seconds
259.674: Application time: 0.0789410 seconds
259.677: [GC [PSYoungGen: 91168K->6944K(97280K)] 112745K->28529K(318976K), 0.0020350 secs] [Times: user=0.02 sys=0.00, real=0.00 secs] 
259.679: Total time for which application threads were stopped: 0.0043430 seconds, Stopping threads took: 0.0022270 seconds
259.759: Application time: 0.0802810 seconds
259.761: [GC [PSYoungGen: 90400K->6720K(97280K)] 111985K->28305K(318976K), 0.0019410 secs] [Times: user=0.01 sys=0.00, real=0.00 secs] 
259.763: Total time for which application threads were stopped: 0.0037960 seconds, Stopping threads took: 0.0017800 seconds
259.838: Application time: 0.0754410 seconds
259.840: [GC [PSYoungGen: 90176K->7744K(97280K)] 111761K->29337K(318976K), 0.0024340 secs] [Times: user=0.01 sys=0.00, real=0.01 secs] 
259.843: Total time for which application threads were stopped: 0.0043550 seconds, Stopping threads took: 0.0018110 seconds
259.923: Application time: 0.0804410 seconds
259.926: [GC [PSYoungGen: 91200K->8144K(97280K)] 112793K->29745K(318976K), 0.0023580 secs] [Times: user=0.02 sys=0.00, real=0.00 secs] 
259.928: Total time for which application threads were stopped: 0.0047860 seconds, Stopping threads took: 0.0023360 seconds
260.005: Application time: 0.0773840 seconds
260.008: [GC [PSYoungGen: 91600K->7568K(97280K)] 113201K->29169K(318976K), 0.0022650 secs] [Times: user=0.02 sys=0.00, real=0.00 secs] 
260.010: Total time for which application threads were stopped: 0.0050840 seconds, Stopping threads took: 0.0027300 seconds
260.089: Application time: 0.0789010 seconds
260.091: [GC [PSYoungGen: 91024K->7024K(97280K)] 112625K->28633K(318976K), 0.0019980 secs] [Times: user=0.02 sys=0.00, real=0.01 secs] 
260.093: Total time for which application threads were stopped: 0.0040400 seconds, Stopping threads took: 0.0019710 seconds
260.171: Application time: 0.0773460 seconds
260.174: [GC [PSYoungGen: 90480K->7648K(97280K)] 112089K->29281K(318976K), 0.0022640 secs] [Times: user=0.01 sys=0.00, real=0.00 secs] 
260.176: Total time for which application threads were stopped: 0.0054580 seconds, Stopping threads took: 0.0031030 seconds
260.254: Application time: 0.0782620 seconds
260.257: [GC [PSYoungGen: 91104K->7472K(97280K)] 112737K->29105K(318976K), 0.0021140 secs] [Times: user=0.02 sys=0.00, real=0.00 secs] 
260.259: Total time for which application threads were stopped: 0.0044650 seconds, Stopping threads took: 0.0022450 seconds
260.338: Application time: 0.0787100 seconds
260.339: [GC [PSYoungGen: 90928K->7104K(97280K)] 112561K->28745K(318976K), 0.0022600 secs] [Times: user=0.02 sys=0.00, real=0.01 secs] 
260.342: Total time for which application threads were stopped: 0.0040810 seconds, Stopping threads took: 0.0017160 seconds
260.421: Application time: 0.0789290 seconds
260.423: [GC [PSYoungGen: 90560K->6064K(97280K)] 112201K->27713K(318976K), 0.0018050 secs] [Times: user=0.01 sys=0.00, real=0.00 secs] 
260.424: Total time for which application threads were stopped: 0.0037270 seconds, Stopping threads took: 0.0018270 seconds
260.505: Application time: 0.0805140 seconds
260.507: [GC [PSYoungGen: 89518K->6528K(97280K)] 111168K->28185K(318976K), 0.0019060 secs] [Times: user=0.01 sys=0.00, real=0.00 secs] 
260.509: Total time for which application threads were stopped: 0.0040800 seconds, Stopping threads took: 0.0020940 seconds
260.589: Application time: 0.0803200 seconds
260.591: [GC [PSYoungGen: 89984K->6912K(97280K)] 111641K->28593K(318976K), 0.0020070 secs] [Times: user=0.01 sys=0.00, real=0.01 secs] 
260.593: Total time for which application threads were stopped: 0.0039900 seconds, Stopping threads took: 0.0018950 seconds
260.673: Application time: 0.0798710 seconds
260.676: [GC [PSYoungGen: 90368K->7552K(97280K)] 112049K->29241K(318976K), 0.0021500 secs] [Times: user=0.02 sys=0.00, real=0.00 secs] 
260.678: Total time for which application threads were stopped: 0.0046410 seconds, Stopping threads took: 0.0024140 seconds
260.758: Application time: 0.0802550 seconds
260.760: [GC [PSYoungGen: 91008K->6672K(97280K)] 112697K->28361K(318976K), 0.0019830 secs] [Times: user=0.01 sys=0.00, real=0.01 secs] 
260.762: Total time for which application threads were stopped: 0.0041210 seconds, Stopping threads took: 0.0020580 seconds
260.840: Application time: 0.0781130 seconds
260.842: [GC [PSYoungGen: 90128K->7344K(97280K)] 111817K->29041K(318976K), 0.0021290 secs] [Times: user=0.01 sys=0.00, real=0.00 secs] 
260.844: Total time for which application threads were stopped: 0.0041810 seconds, Stopping threads took: 0.0019690 seconds
260.922: Application time: 0.0775270 seconds
260.923: [GC [PSYoungGen: 90800K->6720K(97280K)] 112497K->28417K(318976K), 0.0019820 secs] [Times: user=0.01 sys=0.00, real=0.00 secs] 
260.925: Total time for which application threads were stopped: 0.0032530 seconds, Stopping threads took: 0.0011910 seconds
261.003: Application time: 0.0781490 seconds
261.005: [GC [PSYoungGen: 90176K->7776K(97280K)] 111873K->29481K(318976K), 0.0022800 secs] [Times: user=0.01 sys=0.00, real=0.00 secs] 
261.007: Total time for which application threads were stopped: 0.0040450 seconds, Stopping threads took: 0.0016880 seconds
261.086: Application time: 0.0786720 seconds
261.089: [GC [PSYoungGen: 91232K->7376K(97280K)] 112937K->29089K(318976K), 0.0021650 secs] [Times: user=0.01 sys=0.00, real=0.00 secs] 
261.091: Total time for which application threads were stopped: 0.0053180 seconds, Stopping threads took: 0.0030680 seconds
261.170: Application time: 0.0788660 seconds
261.173: [GC [PSYoungGen: 90832K->7696K(97280K)] 112545K->29417K(318976K), 0.0021980 secs] [Times: user=0.01 sys=0.01, real=0.00 secs] 
261.175: Total time for which application threads were stopped: 0.0046010 seconds, Stopping threads took: 0.0022870 seconds
261.255: Application time: 0.0799360 seconds
261.258: [GC [PSYoungGen: 91152K->7024K(97280K)] 112873K->28753K(318976K), 0.0021320 secs] [Times: user=0.01 sys=0.00, real=0.00 secs] 
261.260: Total time for which application threads were stopped: 0.0054220 seconds, Stopping threads took: 0.0031890 seconds
261.338: Application time: 0.0781630 seconds
261.341: [GC [PSYoungGen: 90480K->7616K(97280K)] 112209K->29353K(318976K), 0.0023100 secs] [Times: user=0.01 sys=0.00, real=0.00 secs] 
261.343: Total time for which application threads were stopped: 0.0047520 seconds, Stopping threads took: 0.0023510 seconds
261.423: Application time: 0.0794830 seconds
261.426: [GC [PSYoungGen: 91072K->6992K(97280K)] 112809K->28729K(318976K), 0.0021490 secs] [Times: user=0.02 sys=0.00, real=0.00 secs] 
261.428: Total time for which application threads were stopped: 0.0051110 seconds, Stopping threads took: 0.0028730 seconds
261.506: Application time: 0.0781910 seconds
261.508: [GC [PSYoungGen: 90448K->6336K(97280K)] 112185K->28081K(318976K), 0.0019070 secs] [Times: user=0.01 sys=0.00, real=0.00 secs] 
261.510: Total time for which application threads were stopped: 0.0042050 seconds, Stopping threads took: 0.0022230 seconds
261.593: Application time: 0.0829680 seconds
261.595: [GC [PSYoungGen: 89792K->5680K(97280K)] 111537K->27425K(318976K), 0.0016150 secs] [Times: user=0.01 sys=0.00, real=0.00 secs] 
261.597: Total time for which application threads were stopped: 0.0039640 seconds, Stopping threads took: 0.0022700 seconds
261.678: Application time: 0.0804080 seconds
261.680: [GC [PSYoungGen: 89136K->6864K(97280K)] 110881K->28617K(318976K), 0.0021440 secs] [Times: user=0.01 sys=0.00, real=0.01 secs] 
261.682: Total time for which application threads were stopped: 0.0047860 seconds, Stopping threads took: 0.0025510 seconds
261.762: Application time: 0.0797630 seconds
261.765: [GC [PSYoungGen: 90320K->7296K(97280K)] 112073K->29057K(318976K), 0.0021130 secs] [Times: user=0.02 sys=0.00, real=0.00 secs] 
261.767: Total time for which application threads were stopped: 0.0047200 seconds, Stopping threads took: 0.0025260 seconds
261.844: Application time: 0.0770790 seconds
261.846: [GC [PSYoungGen: 90752K->7200K(97280K)] 112513K->28969K(318976K), 0.0020050 secs] [Times: user=0.01 sys=0.00, real=0.00 secs] 
261.848: Total time for which application threads were stopped: 0.0041540 seconds, Stopping threads took: 0.0020760 seconds
261.928: Application time: 0.0803240 seconds
261.931: [GC [PSYoungGen: 90656K->7216K(97280K)] 112425K->28993K(318976K), 0.0019940 secs] [Times: user=0.02 sys=0.00, real=0.01 secs] 
261.933: Total time for which application threads were stopped: 0.0041890 seconds, Stopping threads took: 0.0021170 seconds
262.014: Application time: 0.0813800 seconds
262.016: [GC [PSYoungGen: 90672K->5408K(97280K)] 112449K->27193K(318976K), 0.0015960 secs] [Times: user=0.01 sys=0.00, real=0.00 secs] 
262.017: Total time for which application threads were stopped: 0.0032070 seconds, Stopping threads took: 0.0015380 seconds
262.097: Application time: 0.0795460 seconds
262.098: [GC [PSYoungGen: 88864K->6688K(97280K)] 110649K->28473K(318976K), 0.0020070 secs] [Times: user=0.02 sys=0.00, real=0.00 secs] 
262.100: Total time for which application threads were stopped: 0.0035430 seconds, Stopping threads took: 0.0014560 seconds
262.181: Application time: 0.0802740 seconds
262.182: [GC [PSYoungGen: 90144K->7808K(97280K)] 111929K->29601K(318976K), 0.0022190 secs] [Times: user=0.01 sys=0.00, real=0.00 secs] 
262.185: Total time for which application threads were stopped: 0.0039710 seconds, Stopping threads took: 0.0016610 seconds
262.264: Application time: 0.0790730 seconds
262.266: [GC [PSYoungGen: 91264K->7424K(97280K)] 113057K->29225K(318976K), 0.0021390 secs] [Times: user=0.02 sys=0.00, real=0.00 secs] 
262.268: Total time for which application threads were stopped: 0.0043590 seconds, Stopping threads took: 0.0021400 seconds
262.348: Application time: 0.0800930 seconds
262.350: [GC [PSYoungGen: 90880K->5072K(97280K)] 112681K->26873K(318976K), 0.0015580 secs] [Times: user=0.01 sys=0.00, real=0.00 secs] 
262.351: Total time for which application threads were stopped: 0.0034200 seconds, Stopping threads took: 0.0017940 seconds
262.430: Application time: 0.0785880 seconds
262.433: [GC [PSYoungGen: 88528K->6960K(97280K)] 110329K->28769K(318976K), 0.0020210 secs] [Times: user=0.01 sys=0.00, real=0.00 secs] 
262.435: Total time for which application threads were stopped: 0.0046690 seconds, Stopping threads took: 0.0025700 seconds
262.515: Application time: 0.0806130 seconds
262.518: [GC [PSYoungGen: 90416K->6688K(97280K)] 112225K->28505K(318976K), 0.0019160 secs] [Times: user=0.01 sys=0.00, real=0.01 secs] 
262.522: Total time for which application threads were stopped: 0.0065370 seconds, Stopping threads took: 0.0030850 seconds
262.602: Application time: 0.0802310 seconds
262.604: [GC [PSYoungGen: 90144K->7152K(97280K)] 111961K->28969K(318976K), 0.0022730 secs] [Times: user=0.02 sys=0.00, real=0.00 secs] 
262.607: Total time for which application threads were stopped: 0.0044740 seconds, Stopping threads took: 0.0021300 seconds
262.686: Application time: 0.0792950 seconds
262.688: [GC [PSYoungGen: 90608K->7136K(97280K)] 112425K->28961K(318976K), 0.0022800 secs] [Times: user=0.02 sys=0.00, real=0.00 secs] 
262.691: Total time for which application threads were stopped: 0.0046320 seconds, Stopping threads took: 0.0022600 seconds
262.769: Application time: 0.0786720 seconds
262.770: [GC [PSYoungGen: 90592K->5424K(97280K)] 112417K->27257K(318976K), 0.0019410 secs] [Times: user=0.01 sys=0.00, real=0.00 secs] 
262.772: Total time for which application threads were stopped: 0.0028140 seconds, Stopping threads took: 0.0007950 seconds
262.852: Application time: 0.0799020 seconds
262.854: [GC [PSYoungGen: 88880K->6016K(97280K)] 110713K->27857K(318976K), 0.0017180 secs] [Times: user=0.01 sys=0.00, real=0.00 secs] 
262.856: Total time for which application threads were stopped: 0.0038010 seconds, Stopping threads took: 0.0020150 seconds
262.934: Application time: 0.0785010 seconds
262.936: [GC [PSYoungGen: 89472K->7760K(97280K)] 111313K->29609K(318976K), 0.0023400 secs] [Times: user=0.02 sys=0.00, real=0.00 secs] 
262.938: Total time for which application threads were stopped: 0.0040800 seconds, Stopping threads took: 0.0016570 seconds
263.018: Application time: 0.0793620 seconds
263.019: [GC [PSYoungGen: 91215K->7264K(97280K)] 113065K->29121K(318976K), 0.0022180 secs] [Times: user=0.01 sys=0.00, real=0.01 secs] 
263.021: Total time for which application threads were stopped: 0.0033950 seconds, Stopping threads took: 0.0010910 seconds
263.100: Application time: 0.0792550 seconds
263.102: [GC [PSYoungGen: 90720K->7360K(97280K)] 112577K->29225K(318976K), 0.0020980 secs] [Times: user=0.01 sys=0.00, real=0.00 secs] 
263.105: Total time for which application threads were stopped: 0.0041900 seconds, Stopping threads took: 0.0020170 seconds
263.178: Application time: 0.0738170 seconds
263.180: [GC [PSYoungGen: 90816K->7856K(97280K)] 112681K->29729K(318976K), 0.0023300 secs] [Times: user=0.02 sys=0.00, real=0.01 secs] 
263.182: Total time for which application threads were stopped: 0.0039930 seconds, Stopping threads took: 0.0015710 seconds
263.256: Application time: 0.0736650 seconds
263.259: [GC [PSYoungGen: 91312K->6016K(97280K)] 113185K->27889K(318976K), 0.0017690 secs] [Times: user=0.01 sys=0.00, real=0.00 secs] 
263.260: Total time for which application threads were stopped: 0.0044060 seconds, Stopping threads took: 0.0025250 seconds
263.337: Application time: 0.0769930 seconds
263.339: [GC [PSYoungGen: 89472K->5696K(97280K)] 111345K->27577K(318976K), 0.0017440 secs] [Times: user=0.01 sys=0.00, real=0.00 secs] 
263.340: Total time for which application threads were stopped: 0.0030060 seconds, Stopping threads took: 0.0011810 seconds
263.416: Application time: 0.0752620 seconds
263.418: [GC [PSYoungGen: 89152K->7200K(97280K)] 111033K->29097K(318976K), 0.0021400 secs] [Times: user=0.01 sys=0.00, real=0.00 secs] 
263.420: Total time for which application threads were stopped: 0.0046580 seconds, Stopping threads took: 0.0024410 seconds
263.494: Application time: 0.0739170 seconds
263.496: [GC [PSYoungGen: 90656K->7696K(97280K)] 112553K->29593K(318976K), 0.0022070 secs] [Times: user=0.01 sys=0.00, real=0.00 secs] 
263.499: Total time for which application threads were stopped: 0.0043460 seconds, Stopping threads took: 0.0020600 seconds
263.572: Application time: 0.0735680 seconds
263.574: [GC [PSYoungGen: 91152K->6736K(97280K)] 113049K->28641K(318976K), 0.0018660 secs] [Times: user=0.01 sys=0.00, real=0.00 secs] 
263.576: Total time for which application threads were stopped: 0.0034130 seconds, Stopping threads took: 0.0014730 seconds
263.649: Application time: 0.0730820 seconds
263.650: [GC [PSYoungGen: 90192K->5936K(97280K)] 112097K->27849K(318976K), 0.0017110 secs] [Times: user=0.01 sys=0.00, real=0.00 secs] 
263.652: Total time for which application threads were stopped: 0.0032480 seconds, Stopping threads took: 0.0014660 seconds
263.724: Application time: 0.0722750 seconds
263.726: [GC [PSYoungGen: 89392K->7280K(97280K)] 111305K->29201K(318976K), 0.0020400 secs] [Times: user=0.02 sys=0.00, real=0.00 secs] 
263.728: Total time for which application threads were stopped: 0.0039600 seconds, Stopping threads took: 0.0018460 seconds
263.802: Application time: 0.0738630 seconds
263.804: [GC [PSYoungGen: 90736K->5920K(97280K)] 112657K->27849K(318976K), 0.0017360 secs] [Times: user=0.01 sys=0.00, real=0.00 secs] 
263.806: Total time for which application threads were stopped: 0.0041810 seconds, Stopping threads took: 0.0023680 seconds
263.880: Application time: 0.0739810 seconds
263.882: [GC [PSYoungGen: 89376K->7360K(97280K)] 111305K->29297K(318976K), 0.0021070 secs] [Times: user=0.01 sys=0.00, real=0.00 secs] 
263.885: Total time for which application threads were stopped: 0.0043690 seconds, Stopping threads took: 0.0021810 seconds
263.958: Application time: 0.0735600 seconds
263.960: [GC [PSYoungGen: 90816K->6976K(97280K)] 112753K->28921K(318976K), 0.0019060 secs] [Times: user=0.01 sys=0.00, real=0.01 secs] 
263.962: Total time for which application threads were stopped: 0.0040730 seconds, Stopping threads took: 0.0020950 seconds
264.039: Application time: 0.0767430 seconds
264.041: [GC [PSYoungGen: 90432K->7840K(97280K)] 112377K->29793K(318976K), 0.0022700 secs] [Times: user=0.02 sys=0.00, real=0.00 secs] 
264.043: Total time for which application threads were stopped: 0.0040150 seconds, Stopping threads took: 0.0016590 seconds
264.120: Application time: 0.0769140 seconds
264.121: [GC [PSYoungGen: 91296K->6832K(97280K)] 113249K->28785K(318976K), 0.0019610 secs] [Times: user=0.02 sys=0.00, real=0.00 secs] 
264.123: Total time for which application threads were stopped: 0.0030900 seconds, Stopping threads took: 0.0010520 seconds
264.196: Application time: 0.0734110 seconds
264.199: [GC [PSYoungGen: 90288K->6688K(97280K)] 112241K->28649K(318976K), 0.0019530 secs] [Times: user=0.02 sys=0.00, real=0.01 secs] 
264.201: Total time for which application threads were stopped: 0.0042200 seconds, Stopping threads took: 0.0021880 seconds
264.276: Application time: 0.0750530 seconds
264.277: [GC [PSYoungGen: 90144K->6368K(97280K)] 112105K->28337K(318976K), 0.0018780 secs] [Times: user=0.00 sys=0.00, real=0.00 secs] 
264.279: Total time for which application threads were stopped: 0.0029270 seconds, Stopping threads took: 0.0009770 seconds
264.354: Application time: 0.0750420 seconds
264.355: [GC [PSYoungGen: 89824K->7056K(97280K)] 111793K->29033K(318976K), 0.0022400 secs] [Times: user=0.01 sys=0.00, real=0.00 secs] 
264.358: Total time for which application threads were stopped: 0.0040140 seconds, Stopping threads took: 0.0016860 seconds
264.431: Application time: 0.0735830 seconds
264.434: [GC [PSYoungGen: 90512K->8288K(97280K)] 112489K->30281K(318976K), 0.0025640 secs] [Times: user=0.02 sys=0.00, real=0.00 secs] 
264.436: Total time for which application threads were stopped: 0.0050220 seconds, Stopping threads took: 0.0023730 seconds
264.509: Application time: 0.0727170 seconds
264.511: [GC [PSYoungGen: 91744K->7792K(97280K)] 113737K->29793K(318976K), 0.0023610 secs] [Times: user=0.01 sys=0.00, real=0.01 secs] 
264.514: Total time for which application threads were stopped: 0.0046340 seconds, Stopping threads took: 0.0021850 seconds
264.587: Application time: 0.0729660 seconds
264.589: [GC [PSYoungGen: 91248K->8336K(97280K)] 113249K->30337K(318976K), 0.0023790 secs] [Times: user=0.01 sys=0.00, real=0.00 secs] 
264.591: Total time for which application threads were stopped: 0.0045900 seconds, Stopping threads took: 0.0021320 seconds
264.665: Application time: 0.0738110 seconds
264.667: [GC [PSYoungGen: 91792K->5920K(97280K)] 113793K->27929K(318976K), 0.0017860 secs] [Times: user=0.01 sys=0.00, real=0.00 secs] 
264.668: Total time for which application threads were stopped: 0.0033900 seconds, Stopping threads took: 0.0015100 seconds
264.744: Application time: 0.0753540 seconds
264.745: [GC [PSYoungGen: 89376K->6288K(97280K)] 111385K->28305K(318976K), 0.0019600 secs] [Times: user=0.02 sys=0.00, real=0.00 secs] 
264.747: Total time for which application threads were stopped: 0.0031140 seconds, Stopping threads took: 0.0010780 seconds
264.825: Application time: 0.0783120 seconds
264.827: [GC [PSYoungGen: 89744K->6064K(97280K)] 111761K->28089K(318976K), 0.0017340 secs] [Times: user=0.01 sys=0.00, real=0.00 secs] 
264.828: Total time for which application threads were stopped: 0.0032140 seconds, Stopping threads took: 0.0013900 seconds
264.904: Application time: 0.0759270 seconds
264.906: [GC [PSYoungGen: 89520K->6240K(97280K)] 111545K->28281K(318976K), 0.0017670 secs] [Times: user=0.02 sys=0.00, real=0.00 secs] 
264.908: Total time for which application threads were stopped: 0.0038430 seconds, Stopping threads took: 0.0020010 seconds
264.984: Application time: 0.0761500 seconds
264.986: [GC [PSYoungGen: 89696K->5760K(97280K)] 111737K->27809K(318976K), 0.0016270 secs] [Times: user=0.01 sys=0.00, real=0.00 secs] 
264.988: Total time for which application threads were stopped: 0.0032900 seconds, Stopping threads took: 0.0015950 seconds
265.063: Application time: 0.0750520 seconds
265.065: [GC [PSYoungGen: 89216K->7488K(97280K)] 111265K->29537K(318976K), 0.0021000 secs] [Times: user=0.01 sys=0.00, real=0.00 secs] 
265.067: Total time for which application threads were stopped: 0.0041040 seconds, Stopping threads took: 0.0019320 seconds
265.142: Application time: 0.0750930 seconds
265.145: [GC [PSYoungGen: 90944K->7856K(97280K)] 112993K->29913K(318976K), 0.0022210 secs] [Times: user=0.01 sys=0.00, real=0.00 secs] 
265.147: Total time for which application threads were stopped: 0.0052320 seconds, Stopping threads took: 0.0029320 seconds
265.221: Application time: 0.0743110 seconds
265.223: [GC [PSYoungGen: 91312K->7184K(97280K)] 113369K->29249K(318976K), 0.0021450 secs] [Times: user=0.02 sys=0.00, real=0.00 secs] 
265.225: Total time for which application threads were stopped: 0.0037140 seconds, Stopping threads took: 0.0014890 seconds
265.302: Application time: 0.0769310 seconds
265.303: [GC [PSYoungGen: 90640K->7680K(97280K)] 112705K->29753K(318976K), 0.0022780 secs] [Times: user=0.02 sys=0.00, real=0.00 secs] 
265.306: Total time for which application threads were stopped: 0.0035130 seconds, Stopping threads took: 0.0011540 seconds
265.380: Application time: 0.0740750 seconds
265.381: [GC [PSYoungGen: 91136K->6416K(97280K)] 113209K->28497K(318976K), 0.0019960 secs] [Times: user=0.01 sys=0.00, real=0.00 secs] 
265.383: Total time for which application threads were stopped: 0.0035360 seconds, Stopping threads took: 0.0014520 seconds
265.455: Application time: 0.0717020 seconds
265.457: [GC [PSYoungGen: 89872K->7760K(97280K)] 111953K->29841K(318976K), 0.0023060 secs] [Times: user=0.02 sys=0.00, real=0.00 secs] 
265.460: Total time for which application threads were stopped: 0.0049370 seconds, Stopping threads took: 0.0025430 seconds
265.537: Application time: 0.0775420 seconds
265.539: [GC [PSYoungGen: 91216K->7680K(97280K)] 113297K->29769K(318976K), 0.0022260 secs] [Times: user=0.02 sys=0.00, real=0.01 secs] 
265.541: Total time for which application threads were stopped: 0.0040710 seconds, Stopping threads took: 0.0017700 seconds
265.614: Application time: 0.0722810 seconds
265.615: [GC [PSYoungGen: 91136K->7696K(97280K)] 113225K->29793K(318976K), 0.0022600 secs] [Times: user=0.02 sys=0.00, real=0.00 secs] 
265.618: Total time for which application threads were stopped: 0.0039450 seconds, Stopping threads took: 0.0016040 seconds
265.692: Application time: 0.0746280 seconds
265.694: [GC [PSYoungGen: 91152K->6224K(97280K)] 113249K->28329K(318976K), 0.0018450 secs] [Times: user=0.02 sys=0.00, real=0.00 secs] 
265.696: Total time for which application threads were stopped: 0.0036360 seconds, Stopping threads took: 0.0017170 seconds
265.770: Application time: 0.0738410 seconds
265.772: [GC [PSYoungGen: 89680K->7072K(97280K)] 111785K->29185K(318976K), 0.0021210 secs] [Times: user=0.01 sys=0.00, real=0.01 secs] 
265.774: Total time for which application threads were stopped: 0.0043830 seconds, Stopping threads took: 0.0021780 seconds
265.848: Application time: 0.0739080 seconds
265.850: [GC [PSYoungGen: 90528K->7200K(97280K)] 112641K->29321K(318976K), 0.0021370 secs] [Times: user=0.01 sys=0.00, real=0.01 secs] 
265.853: Total time for which application threads were stopped: 0.0044910 seconds, Stopping threads took: 0.0022520 seconds
265.928: Application time: 0.0756510 seconds
265.930: [GC [PSYoungGen: 90656K->5776K(97280K)] 112777K->27905K(318976K), 0.0016700 secs] [Times: user=0.01 sys=0.00, real=0.00 secs] 
265.931: Total time for which application threads were stopped: 0.0030070 seconds, Stopping threads took: 0.0012690 seconds
266.007: Application time: 0.0761390 seconds
266.010: [GC [PSYoungGen: 89232K->6624K(97280K)] 111361K->28761K(318976K), 0.0019070 secs] [Times: user=0.02 sys=0.00, real=0.00 secs] 
266.011: Total time for which application threads were stopped: 0.0040800 seconds, Stopping threads took: 0.0020900 seconds
266.087: Application time: 0.0755070 seconds
266.089: [GC [PSYoungGen: 90080K->6032K(97280K)] 112217K->28169K(318976K), 0.0016970 secs] [Times: user=0.02 sys=0.00, real=0.00 secs] 
266.091: Total time for which application threads were stopped: 0.0040780 seconds, Stopping threads took: 0.0023040 seconds
266.166: Application time: 0.0749830 seconds
266.168: [GC [PSYoungGen: 89488K->6448K(97280K)] 111625K->28593K(318976K), 0.0018130 secs] [Times: user=0.00 sys=0.00, real=0.00 secs] 
266.170: Total time for which application threads were stopped: 0.0041320 seconds, Stopping threads took: 0.0022470 seconds
266.246: Application time: 0.0757780 seconds
266.249: [GC [PSYoungGen: 89904K->6768K(97280K)] 112049K->28921K(318976K), 0.0019680 secs] [Times: user=0.01 sys=0.00, real=0.00 secs] 
266.251: Total time for which application threads were stopped: 0.0049380 seconds, Stopping threads took: 0.0028870 seconds
266.327: Application time: 0.0757290 seconds
266.328: [GC [PSYoungGen: 90224K->6704K(97280K)] 112377K->28865K(318976K), 0.0021280 secs] [Times: user=0.01 sys=0.00, real=0.00 secs] 
266.330: Total time for which application threads were stopped: 0.0037960 seconds, Stopping threads took: 0.0015880 seconds
266.408: Application time: 0.0777430 seconds
266.410: [GC [PSYoungGen: 90160K->6400K(97280K)] 112321K->28569K(318976K), 0.0019000 secs] [Times: user=0.01 sys=0.00, real=0.00 secs] 
266.412: Total time for which application threads were stopped: 0.0037550 seconds, Stopping threads took: 0.0017570 seconds
266.487: Application time: 0.0752470 seconds
266.490: [GC [PSYoungGen: 89856K->8112K(97280K)] 112025K->30289K(318976K), 0.0023720 secs] [Times: user=0.02 sys=0.00, real=0.01 secs] 
266.493: Total time for which application threads were stopped: 0.0053750 seconds, Stopping threads took: 0.0029250 seconds
266.567: Application time: 0.0742600 seconds
266.569: [GC [PSYoungGen: 91568K->6576K(97280K)] 113745K->28753K(318976K), 0.0018790 secs] [Times: user=0.01 sys=0.00, real=0.00 secs] 
266.571: Total time for which application threads were stopped: 0.0038840 seconds, Stopping threads took: 0.0019240 seconds
266.646: Application time: 0.0752140 seconds
266.648: [GC [PSYoungGen: 90032K->7008K(97280K)] 112209K->29193K(318976K), 0.0021470 secs] [Times: user=0.02 sys=0.00, real=0.00 secs] 
266.650: Total time for which application threads were stopped: 0.0044740 seconds, Stopping threads took: 0.0022470 seconds
266.727: Application time: 0.0770490 seconds
266.729: [GC [PSYoungGen: 90464K->7040K(97280K)] 112649K->29225K(318976K), 0.0020300 secs] [Times: user=0.01 sys=0.00, real=0.00 secs] 
266.731: Total time for which application threads were stopped: 0.0038690 seconds, Stopping threads took: 0.0017640 seconds
266.808: Application time: 0.0768820 seconds
266.810: [GC [PSYoungGen: 90496K->7584K(97280K)] 112681K->29777K(318976K), 0.0020800 secs] [Times: user=0.01 sys=0.00, real=0.00 secs] 
266.812: Total time for which application threads were stopped: 0.0042020 seconds, Stopping threads took: 0.0020420 seconds
266.888: Application time: 0.0753300 seconds
266.891: [GC [PSYoungGen: 91040K->7072K(97280K)] 113233K->29273K(318976K), 0.0020350 secs] [Times: user=0.01 sys=0.00, real=0.01 secs] 
266.893: Total time for which application threads were stopped: 0.0050660 seconds, Stopping threads took: 0.0029450 seconds
266.967: Application time: 0.0742020 seconds
266.970: [GC [PSYoungGen: 90528K->7248K(97280K)] 112729K->29457K(318976K), 0.0020570 secs] [Times: user=0.02 sys=0.00, real=0.00 secs] 
266.972: Total time for which application threads were stopped: 0.0049840 seconds, Stopping threads took: 0.0028600 seconds
267.047: Application time: 0.0748580 seconds
267.049: [GC [PSYoungGen: 90704K->7136K(97280K)] 112913K->29345K(318976K), 0.0021390 secs] [Times: user=0.01 sys=0.00, real=0.00 secs] 
267.051: Total time for which application threads were stopped: 0.0040710 seconds, Stopping threads took: 0.0018620 seconds
267.124: Application time: 0.0734300 seconds
267.127: [GC [PSYoungGen: 90592K->7744K(97280K)] 112801K->29961K(318976K), 0.0022610 secs] [Times: user=0.02 sys=0.00, real=0.00 secs] 
267.129: Total time for which application threads were stopped: 0.0048670 seconds, Stopping threads took: 0.0025080 seconds
267.209: Application time: 0.0797460 seconds
267.211: [GC [PSYoungGen: 91200K->6256K(97280K)] 113417K->28481K(318976K), 0.0017510 secs] [Times: user=0.02 sys=0.00, real=0.01 secs] 
267.212: Total time for which application threads were stopped: 0.0035330 seconds, Stopping threads took: 0.0017100 seconds
267.290: Application time: 0.0776280 seconds
267.292: [GC [PSYoungGen: 89712K->6576K(97280K)] 111937K->28809K(318976K), 0.0020400 secs] [Times: user=0.01 sys=0.00, real=0.01 secs] 
267.294: Total time for which application threads were stopped: 0.0034840 seconds, Stopping threads took: 0.0013580 seconds
267.373: Application time: 0.0793120 seconds
267.375: [GC [PSYoungGen: 90032K->7136K(97280K)] 112265K->29369K(318976K), 0.0021180 secs] [Times: user=0.01 sys=0.00, real=0.00 secs] 
267.377: Total time for which application threads were stopped: 0.0043430 seconds, Stopping threads took: 0.0021410 seconds
267.455: Application time: 0.0778430 seconds
267.457: [GC [PSYoungGen: 90592K->7360K(97280K)] 112825K->29601K(318976K), 0.0021560 secs] [Times: user=0.01 sys=0.00, real=0.00 secs] 
267.460: Total time for which application threads were stopped: 0.0044530 seconds, Stopping threads took: 0.0022140 seconds
267.535: Application time: 0.0756880 seconds
267.537: [GC [PSYoungGen: 90816K->7856K(97280K)] 113057K->30097K(318976K), 0.0023230 secs] [Times: user=0.02 sys=0.00, real=0.00 secs] 
267.540: Total time for which application threads were stopped: 0.0045930 seconds, Stopping threads took: 0.0021880 seconds
267.617: Application time: 0.0774220 seconds
267.619: [GC [PSYoungGen: 91312K->8192K(97280K)] 113553K->30441K(318976K), 0.0022790 secs] [Times: user=0.02 sys=0.00, real=0.01 secs] 
267.621: Total time for which application threads were stopped: 0.0039890 seconds, Stopping threads took: 0.0016300 seconds
267.699: Application time: 0.0782340 seconds
267.701: [GC [PSYoungGen: 91648K->7328K(97280K)] 113897K->29585K(318976K), 0.0021640 secs] [Times: user=0.02 sys=0.00, real=0.00 secs] 
267.703: Total time for which application threads were stopped: 0.0039380 seconds, Stopping threads took: 0.0016830 seconds
267.782: Application time: 0.0784900 seconds
267.785: [GC [PSYoungGen: 90784K->7184K(97280K)] 113041K->29457K(318976K), 0.0019700 secs] [Times: user=0.01 sys=0.00, real=0.00 secs] 
267.787: Total time for which application threads were stopped: 0.0053940 seconds, Stopping threads took: 0.0033460 seconds
267.865: Application time: 0.0777170 seconds
267.866: [GC [PSYoungGen: 90640K->7168K(97280K)] 112913K->29449K(318976K), 0.0021750 secs] [Times: user=0.01 sys=0.00, real=0.00 secs] 
267.869: Total time for which application threads were stopped: 0.0036510 seconds, Stopping threads took: 0.0013830 seconds
267.950: Application time: 0.0813850 seconds
267.952: [GC [PSYoungGen: 90624K->6736K(97280K)] 112905K->29025K(318976K), 0.0019890 secs] [Times: user=0.01 sys=0.00, real=0.01 secs] 
267.954: Total time for which application threads were stopped: 0.0042230 seconds, Stopping threads took: 0.0021540 seconds
268.034: Application time: 0.0796810 seconds
268.037: [GC [PSYoungGen: 90192K->6960K(97280K)] 112481K->29257K(318976K), 0.0020610 secs] [Times: user=0.01 sys=0.00, real=0.00 secs] 
268.039: Total time for which application threads were stopped: 0.0047300 seconds, Stopping threads took: 0.0025870 seconds
268.117: Application time: 0.0782740 seconds
268.120: [GC [PSYoungGen: 90416K->7584K(97280K)] 112713K->29889K(318976K), 0.0022170 secs] [Times: user=0.02 sys=0.00, real=0.01 secs] 
268.122: Total time for which application threads were stopped: 0.0050370 seconds, Stopping threads took: 0.0027340 seconds
268.201: Application time: 0.0785430 seconds
268.203: [GC [PSYoungGen: 91040K->7296K(97280K)] 113345K->29609K(318976K), 0.0022100 secs] [Times: user=0.02 sys=0.00, real=0.00 secs] 
268.205: Total time for which application threads were stopped: 0.0043560 seconds, Stopping threads took: 0.0020550 seconds
268.284: Application time: 0.0786240 seconds
268.286: [GC [PSYoungGen: 90750K->6640K(97280K)] 113064K->28961K(318976K), 0.0020550 secs] [Times: user=0.02 sys=0.00, real=0.00 secs] 
268.288: Total time for which application threads were stopped: 0.0044990 seconds, Stopping threads took: 0.0023430 seconds
268.366: Application time: 0.0774580 seconds
268.368: [GC [PSYoungGen: 90096K->7408K(97280K)] 112417K->29737K(318976K), 0.0025110 secs] [Times: user=0.02 sys=0.00, real=0.00 secs] 
268.370: Total time for which application threads were stopped: 0.0048080 seconds, Stopping threads took: 0.0022030 seconds
268.448: Application time: 0.0776650 seconds
268.450: [GC [PSYoungGen: 90864K->6864K(97280K)] 113193K->29201K(318976K), 0.0023010 secs] [Times: user=0.01 sys=0.00, real=0.00 secs] 
268.452: Total time for which application threads were stopped: 0.0039800 seconds, Stopping threads took: 0.0015980 seconds
268.533: Application time: 0.0809000 seconds
268.536: [GC [PSYoungGen: 90320K->7056K(97280K)] 112657K->29401K(318976K), 0.0020980 secs] [Times: user=0.02 sys=0.00, real=0.00 secs] 
268.538: Total time for which application threads were stopped: 0.0050990 seconds, Stopping threads took: 0.0029170 seconds
268.619: Application time: 0.0810930 seconds
268.622: [GC [PSYoungGen: 90512K->7136K(97280K)] 112857K->29489K(318976K), 0.0021190 secs] [Times: user=0.01 sys=0.00, real=0.00 secs] 
268.624: Total time for which application threads were stopped: 0.0045840 seconds, Stopping threads took: 0.0023850 seconds
268.702: Application time: 0.0784480 seconds
268.704: [GC [PSYoungGen: 90592K->6464K(97280K)] 112945K->28825K(318976K), 0.0020130 secs] [Times: user=0.01 sys=0.00, real=0.00 secs] 
268.706: Total time for which application threads were stopped: 0.0035960 seconds, Stopping threads took: 0.0014960 seconds
268.782: Application time: 0.0763470 seconds
268.784: [GC [PSYoungGen: 89920K->8368K(97280K)] 112281K->30729K(318976K), 0.0022810 secs] [Times: user=0.01 sys=0.00, real=0.00 secs] 
268.787: Total time for which application threads were stopped: 0.0044490 seconds, Stopping threads took: 0.0020900 seconds
268.867: Application time: 0.0806360 seconds
268.870: [GC [PSYoungGen: 91824K->6944K(97280K)] 114185K->29313K(318976K), 0.0021100 secs] [Times: user=0.02 sys=0.00, real=0.00 secs] 
268.872: Total time for which application threads were stopped: 0.0045200 seconds, Stopping threads took: 0.0023210 seconds
268.951: Application time: 0.0790130 seconds
268.953: [GC [PSYoungGen: 90400K->6064K(97280K)] 112769K->28441K(318976K), 0.0017790 secs] [Times: user=0.01 sys=0.00, real=0.00 secs] 
268.954: Total time for which application threads were stopped: 0.0037210 seconds, Stopping threads took: 0.0018700 seconds
269.032: Application time: 0.0775170 seconds
269.035: [GC [PSYoungGen: 89520K->6928K(97280K)] 111897K->29313K(318976K), 0.0019510 secs] [Times: user=0.01 sys=0.00, real=0.00 secs] 
269.037: Total time for which application threads were stopped: 0.0050950 seconds, Stopping threads took: 0.0030690 seconds
269.116: Application time: 0.0788200 seconds
269.119: [GC [PSYoungGen: 90384K->7440K(97280K)] 112769K->29825K(318976K), 0.0021980 secs] [Times: user=0.02 sys=0.00, real=0.01 secs] 
269.121: Total time for which application threads were stopped: 0.0052960 seconds, Stopping threads took: 0.0030160 seconds
269.201: Application time: 0.0800870 seconds
269.203: [GC [PSYoungGen: 90896K->6512K(97280K)] 113281K->28905K(318976K), 0.0019160 secs] [Times: user=0.01 sys=0.00, real=0.00 secs] 
269.205: Total time for which application threads were stopped: 0.0040380 seconds, Stopping threads took: 0.0020410 seconds
269.285: Application time: 0.0800180 seconds
269.288: [GC [PSYoungGen: 89968K->6912K(97280K)] 112361K->29305K(318976K), 0.0019980 secs] [Times: user=0.01 sys=0.00, real=0.00 secs] 
269.290: Total time for which application threads were stopped: 0.0044640 seconds, Stopping threads took: 0.0023770 seconds
269.367: Application time: 0.0775870 seconds
269.369: [GC [PSYoungGen: 90368K->7360K(97280K)] 112761K->29761K(318976K), 0.0022890 secs] [Times: user=0.01 sys=0.00, real=0.00 secs] 
269.371: Total time for which application threads were stopped: 0.0037070 seconds, Stopping threads took: 0.0013370 seconds
269.451: Application time: 0.0798710 seconds
269.453: [GC [PSYoungGen: 90816K->6480K(97280K)] 113217K->28881K(318976K), 0.0018510 secs] [Times: user=0.02 sys=0.00, real=0.00 secs] 
269.455: Total time for which application threads were stopped: 0.0037850 seconds, Stopping threads took: 0.0018610 seconds
269.535: Application time: 0.0805330 seconds
269.538: [GC [PSYoungGen: 89936K->7232K(97280K)] 112337K->29641K(318976K), 0.0020190 secs] [Times: user=0.01 sys=0.00, real=0.00 secs] 
269.540: Total time for which application threads were stopped: 0.0047460 seconds, Stopping threads took: 0.0026530 seconds
269.620: Application time: 0.0800220 seconds
269.621: [GC [PSYoungGen: 90688K->5600K(97280K)] 113097K->28009K(318976K), 0.0016410 secs] [Times: user=0.01 sys=0.00, real=0.00 secs] 
269.623: Total time for which application threads were stopped: 0.0030960 seconds, Stopping threads took: 0.0013850 seconds
269.705: Application time: 0.0816020 seconds
269.707: [GC [PSYoungGen: 89056K->7376K(97280K)] 111465K->29793K(318976K), 0.0021800 secs] [Times: user=0.02 sys=0.00, real=0.00 secs] 
269.709: Total time for which application threads were stopped: 0.0041090 seconds, Stopping threads took: 0.0018500 seconds
269.789: Application time: 0.0799480 seconds
269.792: [GC [PSYoungGen: 90832K->7056K(97280K)] 113249K->29473K(318976K), 0.0020030 secs] [Times: user=0.01 sys=0.00, real=0.01 secs] 
269.794: Total time for which application threads were stopped: 0.0049930 seconds, Stopping threads took: 0.0028970 seconds
269.871: Application time: 0.0770230 seconds
269.873: [GC [PSYoungGen: 90512K->7536K(97280K)] 112929K->29961K(318976K), 0.0022420 secs] [Times: user=0.02 sys=0.00, real=0.00 secs] 
269.875: Total time for which application threads were stopped: 0.0045720 seconds, Stopping threads took: 0.0022470 seconds
269.955: Application time: 0.0794950 seconds
269.958: [GC [PSYoungGen: 90992K->6944K(97280K)] 113417K->29369K(318976K), 0.0020520 secs] [Times: user=0.01 sys=0.00, real=0.00 secs] 
269.960: Total time for which application threads were stopped: 0.0051310 seconds, Stopping threads took: 0.0030010 seconds
270.038: Application time: 0.0784400 seconds
270.041: [GC [PSYoungGen: 90400K->8160K(97280K)] 112825K->30593K(318976K), 0.0023590 secs] [Times: user=0.02 sys=0.00, real=0.00 secs] 
270.043: Total time for which application threads were stopped: 0.0045190 seconds, Stopping threads took: 0.0020730 seconds
270.121: Application time: 0.0780590 seconds
270.123: [GC [PSYoungGen: 91616K->7840K(97280K)] 114049K->30273K(318976K), 0.0022560 secs] [Times: user=0.02 sys=0.00, real=0.00 secs] 
270.125: Total time for which application threads were stopped: 0.0043000 seconds, Stopping threads took: 0.0019490 seconds
270.204: Application time: 0.0789300 seconds
270.207: [GC [PSYoungGen: 91296K->7216K(97280K)] 113729K->29657K(318976K), 0.0020860 secs] [Times: user=0.01 sys=0.00, real=0.00 secs] 
270.209: Total time for which application threads were stopped: 0.0044720 seconds, Stopping threads took: 0.0022900 seconds
270.288: Application time: 0.0794380 seconds
270.291: [GC [PSYoungGen: 90672K->7680K(97280K)] 113113K->30129K(318976K), 0.0022250 secs] [Times: user=0.01 sys=0.00, real=0.01 secs] 
270.293: Total time for which application threads were stopped: 0.0050200 seconds, Stopping threads took: 0.0027120 seconds
270.373: Application time: 0.0802130 seconds
270.375: [GC [PSYoungGen: 91136K->6992K(97280K)] 113585K->29449K(318976K), 0.0020380 secs] [Times: user=0.01 sys=0.00, real=0.00 secs] 
270.377: Total time for which application threads were stopped: 0.0036120 seconds, Stopping threads took: 0.0014870 seconds
270.459: Application time: 0.0815080 seconds
270.461: [GC [PSYoungGen: 90448K->6784K(97280K)] 112905K->29249K(318976K), 0.0020260 secs] [Times: user=0.02 sys=0.00, real=0.00 secs] 
270.463: Total time for which application threads were stopped: 0.0042910 seconds, Stopping threads took: 0.0021840 seconds
270.543: Application time: 0.0797620 seconds
270.546: [GC [PSYoungGen: 90240K->8192K(97280K)] 112705K->30665K(318976K), 0.0023420 secs] [Times: user=0.02 sys=0.00, real=0.00 secs] 
270.548: Total time for which application threads were stopped: 0.0055020 seconds, Stopping threads took: 0.0030740 seconds
270.627: Application time: 0.0783850 seconds
270.628: [GC [PSYoungGen: 91648K->6128K(97280K)] 114121K->28601K(318976K), 0.0018540 secs] [Times: user=0.01 sys=0.00, real=0.00 secs] 
270.630: Total time for which application threads were stopped: 0.0033330 seconds, Stopping threads took: 0.0013990 seconds
270.709: Application time: 0.0788420 seconds
270.711: [GC [PSYoungGen: 89584K->6944K(97280K)] 112057K->29425K(318976K), 0.0020910 secs] [Times: user=0.02 sys=0.00, real=0.01 secs] 
270.713: Total time for which application threads were stopped: 0.0042500 seconds, Stopping threads took: 0.0020750 seconds
270.794: Application time: 0.0808820 seconds
270.796: [GC [PSYoungGen: 90400K->6176K(97280K)] 112881K->28673K(318976K), 0.0018290 secs] [Times: user=0.01 sys=0.00, real=0.00 secs] 
270.798: Total time for which application threads were stopped: 0.0039850 seconds, Stopping threads took: 0.0020850 seconds
270.878: Application time: 0.0806250 seconds
270.881: [GC [PSYoungGen: 89632K->6848K(97280K)] 112129K->29353K(318976K), 0.0020350 secs] [Times: user=0.02 sys=0.00, real=0.00 secs] 
270.883: Total time for which application threads were stopped: 0.0044540 seconds, Stopping threads took: 0.0023250 seconds
270.962: Application time: 0.0791780 seconds
270.965: [GC [PSYoungGen: 90303K->8096K(97280K)] 112808K->30609K(318976K), 0.0023750 secs] [Times: user=0.02 sys=0.00, real=0.00 secs] 
270.967: Total time for which application threads were stopped: 0.0053470 seconds, Stopping threads took: 0.0028710 seconds
271.047: Application time: 0.0791350 seconds
271.049: [GC [PSYoungGen: 91552K->6496K(97280K)] 114065K->29017K(318976K), 0.0019280 secs] [Times: user=0.01 sys=0.00, real=0.00 secs] 
271.051: Total time for which application threads were stopped: 0.0042090 seconds, Stopping threads took: 0.0022000 seconds
271.130: Application time: 0.0788460 seconds
271.131: [GC [PSYoungGen: 89952K->6288K(97280K)] 112473K->28817K(318976K), 0.0018260 secs] [Times: user=0.02 sys=0.00, real=0.01 secs] 
271.133: Total time for which application threads were stopped: 0.0032790 seconds, Stopping threads took: 0.0013770 seconds
271.209: Application time: 0.0757540 seconds
271.210: [GC [PSYoungGen: 89744K->6688K(97280K)] 112273K->29225K(318976K), 0.0018950 secs] [Times: user=0.01 sys=0.00, real=0.00 secs] 
271.212: Total time for which application threads were stopped: 0.0035230 seconds, Stopping threads took: 0.0015510 seconds
271.287: Application time: 0.0751320 seconds
271.290: [GC [PSYoungGen: 90144K->7008K(97280K)] 112681K->29561K(318976K), 0.0020220 secs] [Times: user=0.01 sys=0.00, real=0.00 secs] 
271.292: Total time for which application threads were stopped: 0.0045400 seconds, Stopping threads took: 0.0024400 seconds
271.366: Application time: 0.0738450 seconds
271.368: [GC [PSYoungGen: 90464K->7520K(97280K)] 113017K->30073K(318976K), 0.0021500 secs] [Times: user=0.01 sys=0.01, real=0.00 secs] 
271.370: Total time for which application threads were stopped: 0.0042860 seconds, Stopping threads took: 0.0020560 seconds
271.445: Application time: 0.0747180 seconds
271.447: [GC [PSYoungGen: 90976K->7936K(97280K)] 113529K->30497K(318976K), 0.0022210 secs] [Times: user=0.01 sys=0.00, real=0.00 secs] 
271.450: Total time for which application threads were stopped: 0.0050360 seconds, Stopping threads took: 0.0027320 seconds
271.523: Application time: 0.0732540 seconds
271.525: [GC [PSYoungGen: 91392K->6448K(97280K)] 113953K->29017K(318976K), 0.0019460 secs] [Times: user=0.01 sys=0.00, real=0.00 secs] 
271.527: Total time for which application threads were stopped: 0.0035210 seconds, Stopping threads took: 0.0014970 seconds
271.599: Application time: 0.0729030 seconds
271.602: [GC [PSYoungGen: 89904K->7888K(97280K)] 112473K->30465K(318976K), 0.0023830 secs] [Times: user=0.02 sys=0.00, real=0.00 secs] 
271.605: Total time for which application threads were stopped: 0.0052920 seconds, Stopping threads took: 0.0028250 seconds
271.679: Application time: 0.0742750 seconds
271.681: [GC [PSYoungGen: 91344K->7232K(97280K)] 113921K->29809K(318976K), 0.0021330 secs] [Times: user=0.01 sys=0.00, real=0.00 secs] 
271.683: Total time for which application threads were stopped: 0.0044220 seconds, Stopping threads took: 0.0022040 seconds
271.757: Application time: 0.0740070 seconds
271.759: [GC [PSYoungGen: 90688K->7344K(97280K)] 113265K->29929K(318976K), 0.0021150 secs] [Times: user=0.02 sys=0.00, real=0.01 secs] 
271.761: Total time for which application threads were stopped: 0.0038150 seconds, Stopping threads took: 0.0016230 seconds
271.834: Application time: 0.0723310 seconds
271.836: [GC [PSYoungGen: 90800K->7296K(97280K)] 113385K->29889K(318976K), 0.0022070 secs] [Times: user=0.02 sys=0.00, real=0.00 secs] 
271.838: Total time for which application threads were stopped: 0.0046680 seconds, Stopping threads took: 0.0023800 seconds
271.912: Application time: 0.0735410 seconds
271.913: [GC [PSYoungGen: 90752K->7680K(97280K)] 113345K->30281K(318976K), 0.0021420 secs] [Times: user=0.01 sys=0.00, real=0.00 secs] 
271.916: Total time for which application threads were stopped: 0.0038480 seconds, Stopping threads took: 0.0016330 seconds
271.990: Application time: 0.0744830 seconds
271.992: [GC [PSYoungGen: 91136K->7200K(97280K)] 113737K->29809K(318976K), 0.0020730 secs] [Times: user=0.02 sys=0.00, real=0.01 secs] 
271.994: Total time for which application threads were stopped: 0.0036560 seconds, Stopping threads took: 0.0014990 seconds
272.067: Application time: 0.0736910 seconds
272.069: [GC [PSYoungGen: 90656K->6544K(97280K)] 113265K->29161K(318976K), 0.0018350 secs] [Times: user=0.02 sys=0.00, real=0.00 secs] 
272.071: Total time for which application threads were stopped: 0.0036530 seconds, Stopping threads took: 0.0017500 seconds
272.146: Application time: 0.0745230 seconds
272.148: [GC [PSYoungGen: 90000K->6928K(97280K)] 112617K->29545K(318976K), 0.0019270 secs] [Times: user=0.01 sys=0.00, real=0.00 secs] 
272.150: Total time for which application threads were stopped: 0.0044500 seconds, Stopping threads took: 0.0024520 seconds
272.225: Application time: 0.0748870 seconds
272.227: [GC [PSYoungGen: 90384K->7728K(97280K)] 113001K->30353K(318976K), 0.0022410 secs] [Times: user=0.01 sys=0.00, real=0.00 secs] 
272.229: Total time for which application threads were stopped: 0.0043550 seconds, Stopping threads took: 0.0020370 seconds
272.303: Application time: 0.0738830 seconds
272.305: [GC [PSYoungGen: 91184K->7280K(97280K)] 113809K->29913K(318976K), 0.0020640 secs] [Times: user=0.01 sys=0.00, real=0.00 secs] 
272.307: Total time for which application threads were stopped: 0.0036560 seconds, Stopping threads took: 0.0015130 seconds
272.383: Application time: 0.0765860 seconds
272.386: [GC [PSYoungGen: 90736K->5568K(97280K)] 113369K->28209K(318976K), 0.0015930 secs] [Times: user=0.01 sys=0.00, real=0.00 secs] 
272.388: Total time for which application threads were stopped: 0.0042830 seconds, Stopping threads took: 0.0026180 seconds
272.462: Application time: 0.0742040 seconds
272.464: [GC [PSYoungGen: 89024K->7632K(97280K)] 111665K->30281K(318976K), 0.0021420 secs] [Times: user=0.01 sys=0.00, real=0.00 secs] 
272.466: Total time for which application threads were stopped: 0.0040810 seconds, Stopping threads took: 0.0018520 seconds
272.542: Application time: 0.0759540 seconds
272.543: [GC [PSYoungGen: 91088K->7488K(97280K)] 113737K->30145K(318976K), 0.0022530 secs] [Times: user=0.01 sys=0.00, real=0.00 secs] 
272.545: Total time for which application threads were stopped: 0.0033280 seconds, Stopping threads took: 0.0009890 seconds
272.618: Application time: 0.0728660 seconds
272.621: [GC [PSYoungGen: 90944K->7216K(97280K)] 113601K->29873K(318976K), 0.0021320 secs] [Times: user=0.01 sys=0.00, real=0.00 secs] 
272.623: Total time for which application threads were stopped: 0.0049320 seconds, Stopping threads took: 0.0027250 seconds
272.699: Application time: 0.0754870 seconds
272.700: [GC [PSYoungGen: 90672K->6944K(97280K)] 113329K->29609K(318976K), 0.0020310 secs] [Times: user=0.01 sys=0.00, real=0.00 secs] 
272.703: Total time for which application threads were stopped: 0.0038970 seconds, Stopping threads took: 0.0017900 seconds
272.776: Application time: 0.0737630 seconds
272.778: [GC [PSYoungGen: 90400K->7312K(97280K)] 113065K->29985K(318976K), 0.0021070 secs] [Times: user=0.02 sys=0.00, real=0.00 secs] 
272.780: Total time for which application threads were stopped: 0.0039240 seconds, Stopping threads took: 0.0017380 seconds
272.853: Application time: 0.0730670 seconds
272.855: [GC [PSYoungGen: 90768K->6016K(97280K)] 113441K->28697K(318976K), 0.0018350 secs] [Times: user=0.01 sys=0.00, real=0.00 secs] 
272.857: Total time for which application threads were stopped: 0.0031900 seconds, Stopping threads took: 0.0012760 seconds
272.932: Application time: 0.0750570 seconds
272.933: [GC [PSYoungGen: 89472K->6640K(97280K)] 112153K->29329K(318976K), 0.0018860 secs] [Times: user=0.02 sys=0.00, real=0.00 secs] 
272.935: Total time for which application threads were stopped: 0.0033200 seconds, Stopping threads took: 0.0013610 seconds
273.010: Application time: 0.0749650 seconds
273.012: [GC [PSYoungGen: 90096K->7072K(97280K)] 112785K->29769K(318976K), 0.0019940 secs] [Times: user=0.02 sys=0.00, real=0.01 secs] 
273.014: Total time for which application threads were stopped: 0.0038240 seconds, Stopping threads took: 0.0017560 seconds
273.089: Application time: 0.0749900 seconds
273.091: [GC [PSYoungGen: 90528K->7728K(97280K)] 113225K->30433K(318976K), 0.0022200 secs] [Times: user=0.01 sys=0.00, real=0.01 secs] 
273.093: Total time for which application threads were stopped: 0.0046600 seconds, Stopping threads took: 0.0023500 seconds
273.167: Application time: 0.0739150 seconds
273.169: [GC [PSYoungGen: 91184K->7632K(97280K)] 113889K->30345K(318976K), 0.0020640 secs] [Times: user=0.02 sys=0.00, real=0.00 secs] 
273.171: Total time for which application threads were stopped: 0.0040430 seconds, Stopping threads took: 0.0019040 seconds
273.245: Application time: 0.0734640 seconds
273.248: [GC [PSYoungGen: 91088K->7632K(97280K)] 113801K->30353K(318976K), 0.0021960 secs] [Times: user=0.02 sys=0.00, real=0.00 secs] 
273.250: Total time for which application threads were stopped: 0.0052220 seconds, Stopping threads took: 0.0029220 seconds
273.323: Application time: 0.0727910 seconds
273.325: [GC [PSYoungGen: 91088K->7280K(97280K)] 113809K->30025K(318976K), 0.0020910 secs] [Times: user=0.01 sys=0.00, real=0.00 secs] 
273.327: Total time for which application threads were stopped: 0.0043980 seconds, Stopping threads took: 0.0022280 seconds
273.402: Application time: 0.0747610 seconds
273.404: [GC [PSYoungGen: 90736K->6960K(97280K)] 113481K->29713K(318976K), 0.0020510 secs] [Times: user=0.01 sys=0.00, real=0.00 secs] 
273.406: Total time for which application threads were stopped: 0.0043530 seconds, Stopping threads took: 0.0022200 seconds
273.482: Application time: 0.0753010 seconds
273.484: [GC [PSYoungGen: 90416K->6368K(97280K)] 113169K->29129K(318976K), 0.0018300 secs] [Times: user=0.02 sys=0.00, real=0.00 secs] 
273.486: Total time for which application threads were stopped: 0.0040800 seconds, Stopping threads took: 0.0021840 seconds
273.564: Application time: 0.0785210 seconds
273.566: [GC [PSYoungGen: 89824K->5840K(97280K)] 112585K->28609K(318976K), 0.0016710 secs] [Times: user=0.01 sys=0.00, real=0.00 secs] 
273.568: Total time for which application threads were stopped: 0.0036350 seconds, Stopping threads took: 0.0018910 seconds
273.643: Application time: 0.0752200 seconds
273.645: [GC [PSYoungGen: 89296K->7168K(97280K)] 112065K->29937K(318976K), 0.0019990 secs] [Times: user=0.01 sys=0.00, real=0.00 secs] 
273.647: Total time for which application threads were stopped: 0.0040860 seconds, Stopping threads took: 0.0020070 seconds
273.724: Application time: 0.0769150 seconds
273.726: [GC [PSYoungGen: 90624K->6944K(97280K)] 113393K->29721K(318976K), 0.0020190 secs] [Times: user=0.02 sys=0.00, real=0.00 secs] 
273.728: Total time for which application threads were stopped: 0.0043960 seconds, Stopping threads took: 0.0022720 seconds
273.804: Application time: 0.0758240 seconds
273.807: [GC [PSYoungGen: 90400K->6640K(97280K)] 113177K->29425K(318976K), 0.0017980 secs] [Times: user=0.01 sys=0.00, real=0.00 secs] 
273.809: Total time for which application threads were stopped: 0.0043290 seconds, Stopping threads took: 0.0024590 seconds
273.882: Application time: 0.0737980 seconds
273.884: [GC [PSYoungGen: 90096K->7376K(97280K)] 112881K->30177K(318976K), 0.0022090 secs] [Times: user=0.01 sys=0.00, real=0.00 secs] 
273.886: Total time for which application threads were stopped: 0.0038540 seconds, Stopping threads took: 0.0015580 seconds
273.962: Application time: 0.0753050 seconds
273.965: [GC [PSYoungGen: 90832K->6192K(97280K)] 113633K->29001K(318976K), 0.0018970 secs] [Times: user=0.02 sys=0.00, real=0.00 secs] 
273.966: Total time for which application threads were stopped: 0.0048640 seconds, Stopping threads took: 0.0028930 seconds
274.042: Application time: 0.0751470 seconds
274.044: [GC [PSYoungGen: 89648K->6464K(97280K)] 112457K->29281K(318976K), 0.0020040 secs] [Times: user=0.01 sys=0.00, real=0.00 secs] 
274.046: Total time for which application threads were stopped: 0.0042560 seconds, Stopping threads took: 0.0021740 seconds
274.118: Application time: 0.0722140 seconds
274.120: [GC [PSYoungGen: 89920K->6912K(97280K)] 112737K->29729K(318976K), 0.0021050 secs] [Times: user=0.02 sys=0.00, real=0.01 secs] 
274.122: Total time for which application threads were stopped: 0.0037110 seconds, Stopping threads took: 0.0015290 seconds
274.196: Application time: 0.0737340 seconds
274.197: [GC [PSYoungGen: 90368K->7056K(97280K)] 113185K->29881K(318976K), 0.0023130 secs] [Times: user=0.01 sys=0.00, real=0.00 secs] 
274.199: Total time for which application threads were stopped: 0.0039250 seconds, Stopping threads took: 0.0015210 seconds
274.277: Application time: 0.0776830 seconds
274.278: [GC [PSYoungGen: 90512K->7520K(97280K)] 113337K->30353K(318976K), 0.0020910 secs] [Times: user=0.01 sys=0.00, real=0.00 secs] 
274.280: Total time for which application threads were stopped: 0.0032370 seconds, Stopping threads took: 0.0010660 seconds
274.356: Application time: 0.0756310 seconds
274.360: [GC [PSYoungGen: 90976K->5184K(97280K)] 113809K->28025K(318976K), 0.0015460 secs] [Times: user=0.01 sys=0.00, real=0.00 secs] 
274.362: Total time for which application threads were stopped: 0.0060200 seconds, Stopping threads took: 0.0044020 seconds
274.437: Application time: 0.0747770 seconds
274.440: [GC [PSYoungGen: 88640K->6848K(97280K)] 111481K->29697K(318976K), 0.0019070 secs] [Times: user=0.02 sys=0.00, real=0.01 secs] 
274.442: Total time for which application threads were stopped: 0.0047290 seconds, Stopping threads took: 0.0027510 seconds
274.515: Application time: 0.0732600 seconds
274.516: [GC [PSYoungGen: 90304K->8160K(97280K)] 113153K->31017K(318976K), 0.0024440 secs] [Times: user=0.01 sys=0.00, real=0.00 secs] 
274.519: Total time for which application threads were stopped: 0.0040150 seconds, Stopping threads took: 0.0014920 seconds
274.594: Application time: 0.0753500 seconds
274.596: [GC [PSYoungGen: 91616K->6160K(97280K)] 114473K->29017K(318976K), 0.0017920 secs] [Times: user=0.01 sys=0.00, real=0.00 secs] 
274.598: Total time for which application threads were stopped: 0.0033770 seconds, Stopping threads took: 0.0015080 seconds
274.673: Application time: 0.0752490 seconds
274.674: [GC [PSYoungGen: 89616K->7568K(97280K)] 112473K->30433K(318976K), 0.0022820 secs] [Times: user=0.02 sys=0.00, real=0.00 secs] 
274.677: Total time for which application threads were stopped: 0.0039810 seconds, Stopping threads took: 0.0016230 seconds
274.752: Application time: 0.0749860 seconds
274.754: [GC [PSYoungGen: 91024K->6512K(97280K)] 113889K->29385K(318976K), 0.0018530 secs] [Times: user=0.01 sys=0.00, real=0.00 secs] 
274.756: Total time for which application threads were stopped: 0.0042700 seconds, Stopping threads took: 0.0023400 seconds
274.832: Application time: 0.0754990 seconds
274.834: [GC [PSYoungGen: 89968K->6448K(97280K)] 112841K->29329K(318976K), 0.0018720 secs] [Times: user=0.02 sys=0.00, real=0.00 secs] 
274.835: Total time for which application threads were stopped: 0.0039240 seconds, Stopping threads took: 0.0019740 seconds
274.909: Application time: 0.0736440 seconds
274.911: [GC [PSYoungGen: 89904K->6384K(97280K)] 112785K->29273K(318976K), 0.0017840 secs] [Times: user=0.01 sys=0.00, real=0.01 secs] 
274.913: Total time for which application threads were stopped: 0.0038020 seconds, Stopping threads took: 0.0019450 seconds
274.988: Application time: 0.0751580 seconds
274.990: [GC [PSYoungGen: 89840K->6480K(97280K)] 112729K->29377K(318976K), 0.0019410 secs] [Times: user=0.02 sys=0.00, real=0.00 secs] 
274.992: Total time for which application threads were stopped: 0.0040370 seconds, Stopping threads took: 0.0020170 seconds
275.065: Application time: 0.0733670 seconds
275.067: [GC [PSYoungGen: 89936K->7648K(97280K)] 112833K->30553K(318976K), 0.0022280 secs] [Times: user=0.02 sys=0.00, real=0.00 secs] 
275.070: Total time for which application threads were stopped: 0.0041870 seconds, Stopping threads took: 0.0018780 seconds
275.144: Application time: 0.0743090 seconds
275.147: [GC [PSYoungGen: 91104K->7952K(97280K)] 114009K->30865K(318976K), 0.0021740 secs] [Times: user=0.02 sys=0.00, real=0.00 secs] 
275.149: Total time for which application threads were stopped: 0.0048520 seconds, Stopping threads took: 0.0025980 seconds
275.228: Application time: 0.0787740 seconds
275.230: [GC [PSYoungGen: 91408K->6592K(97280K)] 114321K->29513K(318976K), 0.0020100 secs] [Times: user=0.02 sys=0.00, real=0.00 secs] 
275.232: Total time for which application threads were stopped: 0.0042750 seconds, Stopping threads took: 0.0021860 seconds
275.310: Application time: 0.0781050 seconds
275.313: [GC [PSYoungGen: 90048K->7472K(97280K)] 112969K->30401K(318976K), 0.0022680 secs] [Times: user=0.01 sys=0.00, real=0.00 secs] 
275.315: Total time for which application threads were stopped: 0.0050280 seconds, Stopping threads took: 0.0026720 seconds
275.395: Application time: 0.0797530 seconds
275.398: [GC [PSYoungGen: 90928K->6016K(97280K)] 113857K->28953K(318976K), 0.0017430 secs] [Times: user=0.02 sys=0.00, real=0.00 secs] 
275.399: Total time for which application threads were stopped: 0.0045140 seconds, Stopping threads took: 0.0026970 seconds
275.479: Application time: 0.0800920 seconds
275.482: [GC [PSYoungGen: 89472K->6880K(97280K)] 112409K->29825K(318976K), 0.0019720 secs] [Times: user=0.01 sys=0.00, real=0.00 secs] 
275.484: Total time for which application threads were stopped: 0.0042590 seconds, Stopping threads took: 0.0021970 seconds
275.563: Application time: 0.0790990 seconds
275.565: [GC [PSYoungGen: 90336K->6304K(97280K)] 113281K->29257K(318976K), 0.0018790 secs] [Times: user=0.00 sys=0.00, real=0.00 secs] 
275.567: Total time for which application threads were stopped: 0.0042900 seconds, Stopping threads took: 0.0023390 seconds
275.647: Application time: 0.0798630 seconds
275.650: [GC [PSYoungGen: 89760K->6464K(97280K)] 112713K->29425K(318976K), 0.0019120 secs] [Times: user=0.01 sys=0.00, real=0.00 secs] 
275.652: Total time for which application threads were stopped: 0.0048300 seconds, Stopping threads took: 0.0028330 seconds
275.731: Application time: 0.0793290 seconds
275.734: [GC [PSYoungGen: 89920K->7616K(97280K)] 112881K->30585K(318976K), 0.0023890 secs] [Times: user=0.01 sys=0.00, real=0.00 secs] 
275.736: Total time for which application threads were stopped: 0.0052610 seconds, Stopping threads took: 0.0027890 seconds
275.816: Application time: 0.0794580 seconds
275.818: [GC [PSYoungGen: 91072K->5808K(97280K)] 114041K->28785K(318976K), 0.0017780 secs] [Times: user=0.02 sys=0.00, real=0.00 secs] 
275.819: Total time for which application threads were stopped: 0.0035860 seconds, Stopping threads took: 0.0017030 seconds
275.899: Application time: 0.0799820 seconds
275.902: [GC [PSYoungGen: 89264K->6720K(97280K)] 112241K->29705K(318976K), 0.0020080 secs] [Times: user=0.01 sys=0.00, real=0.00 secs] 
275.904: Total time for which application threads were stopped: 0.0042530 seconds, Stopping threads took: 0.0021720 seconds
275.984: Application time: 0.0806000 seconds
275.988: [GC [PSYoungGen: 90176K->7424K(97280K)] 113161K->30417K(318976K), 0.0020790 secs] [Times: user=0.02 sys=0.00, real=0.00 secs] 
275.990: Total time for which application threads were stopped: 0.0055460 seconds, Stopping threads took: 0.0033870 seconds
276.066: Application time: 0.0760930 seconds
276.068: [GC [PSYoungGen: 90878K->7184K(97280K)] 113871K->30185K(318976K), 0.0021700 secs] [Times: user=0.02 sys=0.00, real=0.00 secs] 
276.070: Total time for which application threads were stopped: 0.0045780 seconds, Stopping threads took: 0.0023290 seconds
276.151: Application time: 0.0802930 seconds
276.153: [GC [PSYoungGen: 90640K->6800K(97280K)] 113641K->29801K(318976K), 0.0018450 secs] [Times: user=0.01 sys=0.00, real=0.00 secs] 
276.155: Total time for which application threads were stopped: 0.0042200 seconds, Stopping threads took: 0.0022980 seconds
276.232: Application time: 0.0767890 seconds
276.234: [GC [PSYoungGen: 90256K->7104K(97280K)] 113257K->30113K(318976K), 0.0022210 secs] [Times: user=0.01 sys=0.00, real=0.00 secs] 
276.236: Total time for which application threads were stopped: 0.0041030 seconds, Stopping threads took: 0.0017980 seconds
276.315: Application time: 0.0793490 seconds
276.318: [GC [PSYoungGen: 90560K->6976K(97280K)] 113569K->29993K(318976K), 0.0022170 secs] [Times: user=0.01 sys=0.00, real=0.00 secs] 
276.320: Total time for which application threads were stopped: 0.0046340 seconds, Stopping threads took: 0.0023320 seconds
276.397: Application time: 0.0773060 seconds
276.400: [GC [PSYoungGen: 90432K->8096K(97280K)] 113449K->31121K(318976K), 0.0024370 secs] [Times: user=0.01 sys=0.00, real=0.01 secs] 
276.402: Total time for which application threads were stopped: 0.0052620 seconds, Stopping threads took: 0.0027160 seconds
276.481: Application time: 0.0782480 seconds
276.484: [GC [PSYoungGen: 91552K->7760K(97280K)] 114577K->30793K(318976K), 0.0023630 secs] [Times: user=0.02 sys=0.00, real=0.00 secs] 
276.486: Total time for which application threads were stopped: 0.0052740 seconds, Stopping threads took: 0.0028270 seconds
276.566: Application time: 0.0796230 seconds
276.568: [GC [PSYoungGen: 91216K->6512K(97280K)] 114249K->29553K(318976K), 0.0019310 secs] [Times: user=0.02 sys=0.00, real=0.00 secs] 
276.570: Total time for which application threads were stopped: 0.0041120 seconds, Stopping threads took: 0.0020980 seconds
276.649: Application time: 0.0792900 seconds
276.651: [GC [PSYoungGen: 89968K->6960K(97280K)] 113009K->30001K(318976K), 0.0021270 secs] [Times: user=0.01 sys=0.00, real=0.01 secs] 
276.653: Total time for which application threads were stopped: 0.0044430 seconds, Stopping threads took: 0.0022350 seconds
276.732: Application time: 0.0783240 seconds
276.734: [GC [PSYoungGen: 90416K->7024K(97280K)] 113457K->30073K(318976K), 0.0021920 secs] [Times: user=0.02 sys=0.00, real=0.00 secs] 
276.736: Total time for which application threads were stopped: 0.0043380 seconds, Stopping threads took: 0.0020640 seconds
276.814: Application time: 0.0782920 seconds
276.816: [GC [PSYoungGen: 90480K->7152K(97280K)] 113529K->30209K(318976K), 0.0022060 secs] [Times: user=0.01 sys=0.00, real=0.00 secs] 
276.818: Total time for which application threads were stopped: 0.0036200 seconds, Stopping threads took: 0.0013310 seconds
276.897: Application time: 0.0787420 seconds
276.900: [GC [PSYoungGen: 90608K->8368K(97280K)] 113665K->31433K(318976K), 0.0025100 secs] [Times: user=0.01 sys=0.00, real=0.01 secs] 
276.902: Total time for which application threads were stopped: 0.0053420 seconds, Stopping threads took: 0.0027560 seconds
276.981: Application time: 0.0792310 seconds
276.983: [GC [PSYoungGen: 91824K->6704K(97280K)] 114889K->29777K(318976K), 0.0019640 secs] [Times: user=0.01 sys=0.00, real=0.00 secs] 
276.985: Total time for which application threads were stopped: 0.0032580 seconds, Stopping threads took: 0.0011990 seconds
277.061: Application time: 0.0768150 seconds
277.063: [GC [PSYoungGen: 90160K->8288K(97280K)] 113233K->31361K(318976K), 0.0024610 secs] [Times: user=0.01 sys=0.00, real=0.00 secs] 
277.065: Total time for which application threads were stopped: 0.0038680 seconds, Stopping threads took: 0.0013210 seconds
277.146: Application time: 0.0809990 seconds
277.148: [GC [PSYoungGen: 91744K->7376K(97280K)] 114817K->30457K(318976K), 0.0022050 secs] [Times: user=0.01 sys=0.00, real=0.00 secs] 
277.150: Total time for which application threads were stopped: 0.0041750 seconds, Stopping threads took: 0.0018910 seconds
277.227: Application time: 0.0767320 seconds
277.230: [GC [PSYoungGen: 90832K->7312K(97280K)] 113913K->30401K(318976K), 0.0021820 secs] [Times: user=0.02 sys=0.00, real=0.00 secs] 
277.232: Total time for which application threads were stopped: 0.0048940 seconds, Stopping threads took: 0.0026310 seconds
277.312: Application time: 0.0796990 seconds
277.314: [GC [PSYoungGen: 90768K->7728K(97280K)] 113857K->30825K(318976K), 0.0021790 secs] [Times: user=0.01 sys=0.00, real=0.00 secs] 
277.316: Total time for which application threads were stopped: 0.0045020 seconds, Stopping threads took: 0.0022400 seconds
277.395: Application time: 0.0789420 seconds
277.398: [GC [PSYoungGen: 91184K->8080K(97280K)] 114281K->31185K(318976K), 0.0022360 secs] [Times: user=0.02 sys=0.00, real=0.00 secs] 
277.400: Total time for which application threads were stopped: 0.0049600 seconds, Stopping threads took: 0.0026450 seconds
277.480: Application time: 0.0795350 seconds
277.482: [GC [PSYoungGen: 91536K->7584K(97280K)] 114641K->30697K(318976K), 0.0022340 secs] [Times: user=0.02 sys=0.00, real=0.00 secs] 
277.484: Total time for which application threads were stopped: 0.0045630 seconds, Stopping threads took: 0.0022440 seconds
277.561: Application time: 0.0769220 seconds
277.563: [GC [PSYoungGen: 91040K->7904K(97280K)] 114153K->31025K(318976K), 0.0022750 secs] [Times: user=0.02 sys=0.00, real=0.00 secs] 
277.566: Total time for which application threads were stopped: 0.0043190 seconds, Stopping threads took: 0.0019550 seconds
277.643: Application time: 0.0775590 seconds
277.645: [GC [PSYoungGen: 91360K->7136K(97280K)] 114481K->30265K(318976K), 0.0021220 secs] [Times: user=0.01 sys=0.00, real=0.00 secs] 
277.647: Total time for which application threads were stopped: 0.0042050 seconds, Stopping threads took: 0.0020020 seconds
277.727: Application time: 0.0792930 seconds
277.729: [GC [PSYoungGen: 90592K->7744K(97280K)] 113721K->30881K(318976K), 0.0021960 secs] [Times: user=0.02 sys=0.00, real=0.00 secs] 
277.731: Total time for which application threads were stopped: 0.0047720 seconds, Stopping threads took: 0.0024860 seconds
277.810: Application time: 0.0789070 seconds
277.812: [GC [PSYoungGen: 91200K->7056K(97280K)] 114337K->30201K(318976K), 0.0020510 secs] [Times: user=0.01 sys=0.00, real=0.01 secs] 
277.814: Total time for which application threads were stopped: 0.0039880 seconds, Stopping threads took: 0.0018560 seconds
277.893: Application time: 0.0784070 seconds
277.895: [GC [PSYoungGen: 90512K->7248K(97280K)] 113657K->30401K(318976K), 0.0021250 secs] [Times: user=0.01 sys=0.00, real=0.00 secs] 
277.897: Total time for which application threads were stopped: 0.0045880 seconds, Stopping threads took: 0.0023780 seconds
277.976: Application time: 0.0786410 seconds
277.978: [GC [PSYoungGen: 90704K->7696K(97280K)] 113857K->30857K(318976K), 0.0022180 secs] [Times: user=0.01 sys=0.00, real=0.00 secs] 
277.980: Total time for which application threads were stopped: 0.0039520 seconds, Stopping threads took: 0.0016550 seconds
278.059: Application time: 0.0789200 seconds
278.062: [GC [PSYoungGen: 91152K->6944K(97280K)] 114313K->30113K(318976K), 0.0019720 secs] [Times: user=0.01 sys=0.00, real=0.00 secs] 
278.064: Total time for which application threads were stopped: 0.0048120 seconds, Stopping threads took: 0.0027610 seconds
278.143: Application time: 0.0797570 seconds
278.146: [GC [PSYoungGen: 90400K->6448K(97280K)] 113569K->29625K(318976K), 0.0019260 secs] [Times: user=0.01 sys=0.00, real=0.00 secs] 
278.148: Total time for which application threads were stopped: 0.0044430 seconds, Stopping threads took: 0.0024300 seconds
278.224: Application time: 0.0766610 seconds
278.226: [GC [PSYoungGen: 89904K->7424K(97280K)] 113081K->30609K(318976K), 0.0022230 secs] [Times: user=0.01 sys=0.00, real=0.00 secs] 
278.229: Total time for which application threads were stopped: 0.0040750 seconds, Stopping threads took: 0.0017610 seconds
278.306: Application time: 0.0774470 seconds
278.309: [GC [PSYoungGen: 90880K->7888K(97280K)] 114065K->31081K(318976K), 0.0022520 secs] [Times: user=0.01 sys=0.00, real=0.00 secs] 
278.311: Total time for which application threads were stopped: 0.0049870 seconds, Stopping threads took: 0.0026470 seconds
278.392: Application time: 0.0809950 seconds
278.394: [GC [PSYoungGen: 91344K->6448K(97280K)] 114537K->29649K(318976K), 0.0019110 secs] [Times: user=0.02 sys=0.00, real=0.00 secs] 
278.396: Total time for which application threads were stopped: 0.0040880 seconds, Stopping threads took: 0.0021040 seconds
278.475: Application time: 0.0788640 seconds
278.476: [GC [PSYoungGen: 89904K->6688K(97280K)] 113105K->29897K(318976K), 0.0019080 secs] [Times: user=0.02 sys=0.00, real=0.00 secs] 
278.478: Total time for which application threads were stopped: 0.0030370 seconds, Stopping threads took: 0.0010480 seconds
278.557: Application time: 0.0794790 seconds
278.559: [GC [PSYoungGen: 90144K->7120K(97280K)] 113353K->30337K(318976K), 0.0021060 secs] [Times: user=0.01 sys=0.00, real=0.01 secs] 
278.562: Total time for which application threads were stopped: 0.0041740 seconds, Stopping threads took: 0.0019850 seconds
278.642: Application time: 0.0807660 seconds
278.645: [GC [PSYoungGen: 90576K->7216K(97280K)] 113793K->30449K(318976K), 0.0021080 secs] [Times: user=0.01 sys=0.00, real=0.00 secs] 
278.647: Total time for which application threads were stopped: 0.0046960 seconds, Stopping threads took: 0.0025100 seconds
278.729: Application time: 0.0816790 seconds
278.730: [GC [PSYoungGen: 90672K->5280K(97280K)] 113905K->28513K(318976K), 0.0015830 secs] [Times: user=0.01 sys=0.00, real=0.00 secs] 
278.732: Total time for which application threads were stopped: 0.0028700 seconds, Stopping threads took: 0.0012080 seconds
278.811: Application time: 0.0792980 seconds
278.814: [GC [PSYoungGen: 88736K->7312K(97280K)] 111969K->30553K(318976K), 0.0021660 secs] [Times: user=0.01 sys=0.00, real=0.00 secs] 
278.816: Total time for which application threads were stopped: 0.0048970 seconds, Stopping threads took: 0.0026470 seconds
278.896: Application time: 0.0801480 seconds
278.898: [GC [PSYoungGen: 90768K->6064K(97280K)] 114009K->29313K(318976K), 0.0018160 secs] [Times: user=0.01 sys=0.00, real=0.00 secs] 
278.900: Total time for which application threads were stopped: 0.0043090 seconds, Stopping threads took: 0.0024150 seconds
278.980: Application time: 0.0795730 seconds
278.983: [GC [PSYoungGen: 89520K->7104K(97280K)] 112769K->30353K(318976K), 0.0021230 secs] [Times: user=0.01 sys=0.00, real=0.00 secs] 
278.985: Total time for which application threads were stopped: 0.0050100 seconds, Stopping threads took: 0.0028100 seconds
279.063: Application time: 0.0781610 seconds
279.066: [GC [PSYoungGen: 90560K->6784K(97280K)] 113809K->30041K(318976K), 0.0020070 secs] [Times: user=0.02 sys=0.00, real=0.00 secs] 
279.068: Total time for which application threads were stopped: 0.0049970 seconds, Stopping threads took: 0.0028930 seconds
279.145: Application time: 0.0768890 seconds
279.147: [GC [PSYoungGen: 90240K->7072K(97280K)] 113497K->30337K(318976K), 0.0019810 secs] [Times: user=0.02 sys=0.00, real=0.00 secs] 
279.150: Total time for which application threads were stopped: 0.0045470 seconds, Stopping threads took: 0.0024860 seconds
279.223: Application time: 0.0730070 seconds
279.225: [GC [PSYoungGen: 90528K->6800K(97280K)] 113793K->30065K(318976K), 0.0019340 secs] [Times: user=0.02 sys=0.00, real=0.00 secs] 
279.226: Total time for which application threads were stopped: 0.0039640 seconds, Stopping threads took: 0.0019560 seconds
279.303: Application time: 0.0762930 seconds
279.305: [GC [PSYoungGen: 90256K->7472K(97280K)] 113521K->30745K(318976K), 0.0021920 secs] [Times: user=0.01 sys=0.00, real=0.00 secs] 
279.307: Total time for which application threads were stopped: 0.0041190 seconds, Stopping threads took: 0.0018350 seconds
279.381: Application time: 0.0742010 seconds
279.384: [GC [PSYoungGen: 90928K->6640K(97280K)] 114201K->29921K(318976K), 0.0020230 secs] [Times: user=0.02 sys=0.00, real=0.00 secs] 
279.386: Total time for which application threads were stopped: 0.0044680 seconds, Stopping threads took: 0.0023690 seconds
279.462: Application time: 0.0759990 seconds
279.463: [GC [PSYoungGen: 90096K->6672K(97280K)] 113377K->29953K(318976K), 0.0019300 secs] [Times: user=0.02 sys=0.00, real=0.00 secs] 
279.465: Total time for which application threads were stopped: 0.0038530 seconds, Stopping threads took: 0.0018530 seconds
279.542: Application time: 0.0764010 seconds
279.544: [GC [PSYoungGen: 90126K->5904K(97280K)] 113407K->29193K(318976K), 0.0017090 secs] [Times: user=0.01 sys=0.00, real=0.00 secs] 
279.545: Total time for which application threads were stopped: 0.0035170 seconds, Stopping threads took: 0.0017330 seconds
279.622: Application time: 0.0763070 seconds
279.623: [GC [PSYoungGen: 89360K->7392K(97280K)] 112649K->30681K(318976K), 0.0021640 secs] [Times: user=0.02 sys=0.00, real=0.00 secs] 
279.626: Total time for which application threads were stopped: 0.0039130 seconds, Stopping threads took: 0.0016700 seconds
279.700: Application time: 0.0748210 seconds
279.703: [GC [PSYoungGen: 90848K->7840K(97280K)] 114137K->31153K(318976K), 0.0022520 secs] [Times: user=0.02 sys=0.00, real=0.00 secs] 
279.705: Total time for which application threads were stopped: 0.0048460 seconds, Stopping threads took: 0.0025180 seconds
279.778: Application time: 0.0729050 seconds
279.780: [GC [PSYoungGen: 91296K->7728K(97280K)] 114609K->31049K(318976K), 0.0023820 secs] [Times: user=0.02 sys=0.00, real=0.01 secs] 
279.782: Total time for which application threads were stopped: 0.0039740 seconds, Stopping threads took: 0.0015120 seconds
279.855: Application time: 0.0731500 seconds
279.857: [GC [PSYoungGen: 91184K->6624K(97280K)] 114505K->29953K(318976K), 0.0019330 secs] [Times: user=0.02 sys=0.00, real=0.00 secs] 
279.859: Total time for which application threads were stopped: 0.0036830 seconds, Stopping threads took: 0.0016630 seconds
279.933: Application time: 0.0741430 seconds
279.935: [GC [PSYoungGen: 90080K->7168K(97280K)] 113409K->30505K(318976K), 0.0021780 secs] [Times: user=0.02 sys=0.00, real=0.00 secs] 
279.937: Total time for which application threads were stopped: 0.0042890 seconds, Stopping threads took: 0.0020240 seconds
280.009: Application time: 0.0719190 seconds
280.011: [GC [PSYoungGen: 90624K->7520K(97280K)] 113961K->30865K(318976K), 0.0021470 secs] [Times: user=0.01 sys=0.00, real=0.01 secs] 
280.013: Total time for which application threads were stopped: 0.0040600 seconds, Stopping threads took: 0.0018350 seconds
280.088: Application time: 0.0747020 seconds
280.090: [GC [PSYoungGen: 90976K->6768K(97280K)] 114321K->30121K(318976K), 0.0019770 secs] [Times: user=0.02 sys=0.00, real=0.00 secs] 
280.092: Total time for which application threads were stopped: 0.0035900 seconds, Stopping threads took: 0.0015340 seconds
280.165: Application time: 0.0734850 seconds
280.167: [GC [PSYoungGen: 90224K->7088K(97280K)] 113577K->30449K(318976K), 0.0020580 secs] [Times: user=0.01 sys=0.00, real=0.00 secs] 
280.169: Total time for which application threads were stopped: 0.0039580 seconds, Stopping threads took: 0.0018210 seconds
280.243: Application time: 0.0743340 seconds
280.246: [GC [PSYoungGen: 90544K->7552K(97280K)] 113905K->30921K(318976K), 0.0022240 secs] [Times: user=0.01 sys=0.00, real=0.00 secs] 
280.249: Total time for which application threads were stopped: 0.0050740 seconds, Stopping threads took: 0.0027660 seconds
280.322: Application time: 0.0732010 seconds
280.324: [GC [PSYoungGen: 91008K->7488K(97280K)] 114377K->30865K(318976K), 0.0021620 secs] [Times: user=0.02 sys=0.00, real=0.00 secs] 
280.327: Total time for which application threads were stopped: 0.0047990 seconds, Stopping threads took: 0.0025530 seconds
280.404: Application time: 0.0773060 seconds
280.405: [GC [PSYoungGen: 90944K->7664K(97280K)] 114321K->31049K(318976K), 0.0022110 secs] [Times: user=0.01 sys=0.00, real=0.00 secs] 
280.408: Total time for which application threads were stopped: 0.0036710 seconds, Stopping threads took: 0.0013720 seconds
280.481: Application time: 0.0738700 seconds
280.483: [GC [PSYoungGen: 91120K->7296K(97280K)] 114505K->30689K(318976K), 0.0021760 secs] [Times: user=0.02 sys=0.00, real=0.00 secs] 
280.485: Total time for which application threads were stopped: 0.0034820 seconds, Stopping threads took: 0.0012230 seconds
280.561: Application time: 0.0758550 seconds
280.562: [GC [PSYoungGen: 90752K->6576K(97280K)] 114145K->29977K(318976K), 0.0019060 secs] [Times: user=0.02 sys=0.00, real=0.00 secs] 
280.564: Total time for which application threads were stopped: 0.0035960 seconds, Stopping threads took: 0.0016120 seconds
280.639: Application time: 0.0747420 seconds
280.641: [GC [PSYoungGen: 90032K->7280K(97280K)] 113433K->30689K(318976K), 0.0020700 secs] [Times: user=0.01 sys=0.00, real=0.00 secs] 
280.643: Total time for which application threads were stopped: 0.0042730 seconds, Stopping threads took: 0.0021330 seconds
280.719: Application time: 0.0752690 seconds
280.721: [GC [PSYoungGen: 90736K->6336K(97280K)] 114145K->29753K(318976K), 0.0018140 secs] [Times: user=0.01 sys=0.00, real=0.00 secs] 
280.723: Total time for which application threads were stopped: 0.0043400 seconds, Stopping threads took: 0.0024560 seconds
280.797: Application time: 0.0744550 seconds
280.800: [GC [PSYoungGen: 89792K->6704K(97280K)] 113209K->30129K(318976K), 0.0018710 secs] [Times: user=0.01 sys=0.00, real=0.00 secs] 
280.802: Total time for which application threads were stopped: 0.0049470 seconds, Stopping threads took: 0.0030060 seconds
280.878: Application time: 0.0758500 seconds
280.881: [GC [PSYoungGen: 90160K->6768K(97280K)] 113585K->30201K(318976K), 0.0019930 secs] [Times: user=0.00 sys=0.00, real=0.00 secs] 
280.883: Total time for which application threads were stopped: 0.0043270 seconds, Stopping threads took: 0.0022590 seconds
280.959: Application time: 0.0760160 seconds
280.960: [GC [PSYoungGen: 90224K->6208K(97280K)] 113657K->29649K(318976K), 0.0018370 secs] [Times: user=0.01 sys=0.00, real=0.01 secs] 
280.962: Total time for which application threads were stopped: 0.0030310 seconds, Stopping threads took: 0.0011190 seconds
281.037: Application time: 0.0757310 seconds
281.040: [GC [PSYoungGen: 89664K->6848K(97280K)] 113105K->30297K(318976K), 0.0019470 secs] [Times: user=0.01 sys=0.00, real=0.01 secs] 
281.042: Total time for which application threads were stopped: 0.0043930 seconds, Stopping threads took: 0.0023710 seconds
281.115: Application time: 0.0730600 seconds
281.117: [GC [PSYoungGen: 90304K->7712K(97280K)] 113753K->31161K(318976K), 0.0022470 secs] [Times: user=0.02 sys=0.00, real=0.00 secs] 
281.119: Total time for which application threads were stopped: 0.0042800 seconds, Stopping threads took: 0.0019550 seconds
281.194: Application time: 0.0747970 seconds
281.195: [GC [PSYoungGen: 91168K->5120K(97280K)] 114617K->28577K(318976K), 0.0015370 secs] [Times: user=0.01 sys=0.00, real=0.00 secs] 
281.197: Total time for which application threads were stopped: 0.0029730 seconds, Stopping threads took: 0.0013650 seconds
281.271: Application time: 0.0738270 seconds
281.273: [GC [PSYoungGen: 88576K->6944K(97280K)] 112033K->30409K(318976K), 0.0020390 secs] [Times: user=0.01 sys=0.00, real=0.00 secs] 
281.275: Total time for which application threads were stopped: 0.0044750 seconds, Stopping threads took: 0.0023590 seconds
281.350: Application time: 0.0746390 seconds
281.351: [GC [PSYoungGen: 90400K->7008K(97280K)] 113865K->30481K(318976K), 0.0020370 secs] [Times: user=0.02 sys=0.00, real=0.01 secs] 
281.353: Total time for which application threads were stopped: 0.0034610 seconds, Stopping threads took: 0.0013450 seconds
281.429: Application time: 0.0757280 seconds
281.432: [GC [PSYoungGen: 90464K->7088K(97280K)] 113937K->30569K(318976K), 0.0019290 secs] [Times: user=0.01 sys=0.00, real=0.01 secs] 
281.434: Total time for which application threads were stopped: 0.0045770 seconds, Stopping threads took: 0.0025710 seconds
281.509: Application time: 0.0749700 seconds
281.511: [GC [PSYoungGen: 90544K->6080K(97280K)] 114025K->29569K(318976K), 0.0017350 secs] [Times: user=0.01 sys=0.00, real=0.01 secs] 
281.512: Total time for which application threads were stopped: 0.0039440 seconds, Stopping threads took: 0.0021350 seconds
281.588: Application time: 0.0751210 seconds
281.590: [GC [PSYoungGen: 89536K->7984K(97280K)] 113025K->31481K(318976K), 0.0023920 secs] [Times: user=0.01 sys=0.00, real=0.01 secs] 
281.592: Total time for which application threads were stopped: 0.0048440 seconds, Stopping threads took: 0.0023730 seconds
281.667: Application time: 0.0743940 seconds
281.668: [GC [PSYoungGen: 91440K->5904K(97280K)] 114937K->29409K(318976K), 0.0017590 secs] [Times: user=0.01 sys=0.00, real=0.00 secs] 
281.670: Total time for which application threads were stopped: 0.0032080 seconds, Stopping threads took: 0.0013760 seconds
281.746: Application time: 0.0756830 seconds
281.748: [GC [PSYoungGen: 89360K->7168K(97280K)] 112865K->30681K(318976K), 0.0020430 secs] [Times: user=0.01 sys=0.00, real=0.00 secs] 
281.750: Total time for which application threads were stopped: 0.0046730 seconds, Stopping threads took: 0.0025530 seconds
281.824: Application time: 0.0739810 seconds
281.827: [GC [PSYoungGen: 90624K->7408K(97280K)] 114137K->30929K(318976K), 0.0020820 secs] [Times: user=0.02 sys=0.00, real=0.00 secs] 
281.830: Total time for which application threads were stopped: 0.0051520 seconds, Stopping threads took: 0.0029890 seconds
281.906: Application time: 0.0767560 seconds
281.908: [GC [PSYoungGen: 90864K->6624K(97280K)] 114385K->30153K(318976K), 0.0019560 secs] [Times: user=0.01 sys=0.00, real=0.00 secs] 
281.910: Total time for which application threads were stopped: 0.0035130 seconds, Stopping threads took: 0.0014800 seconds
281.984: Application time: 0.0743190 seconds
281.986: [GC [PSYoungGen: 90080K->7008K(97280K)] 113609K->30553K(318976K), 0.0021620 secs] [Times: user=0.02 sys=0.00, real=0.00 secs] 
281.988: Total time for which application threads were stopped: 0.0036390 seconds, Stopping threads took: 0.0013910 seconds
282.061: Application time: 0.0732130 seconds
282.063: [GC [PSYoungGen: 90464K->6976K(97280K)] 114009K->30529K(318976K), 0.0020920 secs] [Times: user=0.01 sys=0.00, real=0.00 secs] 
282.065: Total time for which application threads were stopped: 0.0044680 seconds, Stopping threads took: 0.0022880 seconds
282.142: Application time: 0.0765240 seconds
282.144: [GC [PSYoungGen: 90432K->7792K(97280K)] 113985K->31353K(318976K), 0.0023160 secs] [Times: user=0.02 sys=0.00, real=0.00 secs] 
282.146: Total time for which application threads were stopped: 0.0043210 seconds, Stopping threads took: 0.0019250 seconds
282.220: Application time: 0.0739580 seconds
282.222: [GC [PSYoungGen: 91248K->8192K(97280K)] 114809K->31761K(318976K), 0.0023870 secs] [Times: user=0.02 sys=0.00, real=0.00 secs] 
282.224: Total time for which application threads were stopped: 0.0039090 seconds, Stopping threads took: 0.0014410 seconds
282.298: Application time: 0.0733350 seconds
282.299: [GC [PSYoungGen: 91648K->7664K(97280K)] 115217K->31241K(318976K), 0.0022980 secs] [Times: user=0.02 sys=0.00, real=0.01 secs] 
282.302: Total time for which application threads were stopped: 0.0040940 seconds, Stopping threads took: 0.0017160 seconds
282.377: Application time: 0.0757810 seconds
282.380: [GC [PSYoungGen: 91120K->7328K(97280K)] 114697K->30913K(318976K), 0.0021020 secs] [Times: user=0.01 sys=0.00, real=0.01 secs] 
282.382: Total time for which application threads were stopped: 0.0047330 seconds, Stopping threads took: 0.0025530 seconds
282.456: Application time: 0.0738480 seconds
282.458: [GC [PSYoungGen: 90784K->7088K(97280K)] 114369K->30681K(318976K), 0.0019880 secs] [Times: user=0.01 sys=0.00, real=0.00 secs] 
282.460: Total time for which application threads were stopped: 0.0038700 seconds, Stopping threads took: 0.0018070 seconds
282.535: Application time: 0.0747800 seconds
282.537: [GC [PSYoungGen: 90544K->7088K(97280K)] 114137K->30689K(318976K), 0.0020910 secs] [Times: user=0.01 sys=0.00, real=0.00 secs] 
282.539: Total time for which application threads were stopped: 0.0043380 seconds, Stopping threads took: 0.0021680 seconds
282.613: Application time: 0.0736060 seconds
282.614: [GC [PSYoungGen: 90544K->7520K(97280K)] 114145K->31129K(318976K), 0.0022510 secs] [Times: user=0.02 sys=0.00, real=0.00 secs] 
282.617: Total time for which application threads were stopped: 0.0041020 seconds, Stopping threads took: 0.0017640 seconds
282.692: Application time: 0.0749700 seconds
282.693: [GC [PSYoungGen: 90976K->6960K(97280K)] 114585K->30577K(318976K), 0.0020720 secs] [Times: user=0.02 sys=0.00, real=0.00 secs] 
282.695: Total time for which application threads were stopped: 0.0036800 seconds, Stopping threads took: 0.0015100 seconds
282.771: Application time: 0.0755870 seconds
282.773: [GC [PSYoungGen: 90416K->7296K(97280K)] 114033K->30921K(318976K), 0.0022140 secs] [Times: user=0.01 sys=0.00, real=0.00 secs] 
282.775: Total time for which application threads were stopped: 0.0044640 seconds, Stopping threads took: 0.0021680 seconds
282.850: Application time: 0.0743100 seconds
282.852: [GC [PSYoungGen: 90752K->7040K(97280K)] 114377K->30673K(318976K), 0.0020720 secs] [Times: user=0.02 sys=0.00, real=0.01 secs] 
282.854: Total time for which application threads were stopped: 0.0042960 seconds, Stopping threads took: 0.0021430 seconds
282.930: Application time: 0.0755880 seconds
282.932: [GC [PSYoungGen: 90496K->7488K(97280K)] 114129K->31129K(318976K), 0.0021470 secs] [Times: user=0.02 sys=0.00, real=0.01 secs] 
282.934: Total time for which application threads were stopped: 0.0048030 seconds, Stopping threads took: 0.0025780 seconds
283.009: Application time: 0.0742870 seconds
283.011: [GC [PSYoungGen: 90944K->7312K(97280K)] 114585K->30961K(318976K), 0.0020660 secs] [Times: user=0.02 sys=0.00, real=0.01 secs] 
283.013: Total time for which application threads were stopped: 0.0041440 seconds, Stopping threads took: 0.0020030 seconds
283.088: Application time: 0.0753870 seconds
283.091: [GC [PSYoungGen: 90768K->7904K(97280K)] 114417K->31561K(318976K), 0.0024560 secs] [Times: user=0.02 sys=0.00, real=0.01 secs] 
283.094: Total time for which application threads were stopped: 0.0052920 seconds, Stopping threads took: 0.0027410 seconds
283.171: Application time: 0.0778080 seconds
283.174: [GC [PSYoungGen: 91360K->7056K(97280K)] 115017K->30713K(318976K), 0.0020490 secs] [Times: user=0.02 sys=0.00, real=0.00 secs] 
283.176: Total time for which application threads were stopped: 0.0047150 seconds, Stopping threads took: 0.0025780 seconds
283.255: Application time: 0.0788530 seconds
283.257: [GC [PSYoungGen: 90512K->7216K(97280K)] 114169K->30881K(318976K), 0.0021340 secs] [Times: user=0.02 sys=0.00, real=0.00 secs] 
283.259: Total time for which application threads were stopped: 0.0039250 seconds, Stopping threads took: 0.0017110 seconds
283.337: Application time: 0.0783340 seconds
283.339: [GC [PSYoungGen: 90672K->7680K(97280K)] 114337K->31353K(318976K), 0.0023660 secs] [Times: user=0.01 sys=0.00, real=0.01 secs] 
283.341: Total time for which application threads were stopped: 0.0040450 seconds, Stopping threads took: 0.0015960 seconds
283.422: Application time: 0.0803180 seconds
283.424: [GC [PSYoungGen: 91136K->8256K(97280K)] 114809K->31937K(318976K), 0.0024060 secs] [Times: user=0.02 sys=0.00, real=0.00 secs] 
283.426: Total time for which application threads were stopped: 0.0045040 seconds, Stopping threads took: 0.0020130 seconds
283.505: Application time: 0.0789950 seconds
283.508: [GC [PSYoungGen: 91712K->7600K(97280K)] 115393K->31289K(318976K), 0.0020790 secs] [Times: user=0.01 sys=0.00, real=0.00 secs] 
283.510: Total time for which application threads were stopped: 0.0049470 seconds, Stopping threads took: 0.0027910 seconds
283.590: Application time: 0.0798990 seconds
283.592: [GC [PSYoungGen: 91056K->8224K(97280K)] 114745K->31913K(318976K), 0.0024960 secs] [Times: user=0.01 sys=0.00, real=0.00 secs] 
283.595: Total time for which application threads were stopped: 0.0051010 seconds, Stopping threads took: 0.0025210 seconds
283.672: Application time: 0.0774660 seconds
283.675: [GC [PSYoungGen: 91680K->7472K(97280K)] 115369K->31169K(318976K), 0.0021680 secs] [Times: user=0.01 sys=0.00, real=0.00 secs] 
283.677: Total time for which application threads were stopped: 0.0043560 seconds, Stopping threads took: 0.0020980 seconds
283.755: Application time: 0.0777110 seconds
283.756: [GC [PSYoungGen: 90928K->6544K(97280K)] 114625K->30249K(318976K), 0.0019770 secs] [Times: user=0.01 sys=0.00, real=0.00 secs] 
283.758: Total time for which application threads were stopped: 0.0035490 seconds, Stopping threads took: 0.0014930 seconds
283.835: Application time: 0.0771360 seconds
283.837: [GC [PSYoungGen: 90000K->7280K(97280K)] 113705K->30993K(318976K), 0.0020800 secs] [Times: user=0.01 sys=0.00, real=0.00 secs] 
283.839: Total time for which application threads were stopped: 0.0039070 seconds, Stopping threads took: 0.0017450 seconds
283.918: Application time: 0.0785120 seconds
283.921: [GC [PSYoungGen: 90736K->7712K(97280K)] 114449K->31433K(318976K), 0.0022430 secs] [Times: user=0.02 sys=0.00, real=0.00 secs] 
283.923: Total time for which application threads were stopped: 0.0054100 seconds, Stopping threads took: 0.0030870 seconds
284.002: Application time: 0.0791160 seconds
284.004: [GC [PSYoungGen: 91168K->6320K(97280K)] 114889K->30065K(318976K), 0.0018170 secs] [Times: user=0.01 sys=0.00, real=0.00 secs] 
284.006: Total time for which application threads were stopped: 0.0035030 seconds, Stopping threads took: 0.0016100 seconds
284.087: Application time: 0.0811850 seconds
284.089: [GC [PSYoungGen: 89776K->6816K(97280K)] 113521K->30569K(318976K), 0.0019410 secs] [Times: user=0.02 sys=0.00, real=0.00 secs] 
284.091: Total time for which application threads were stopped: 0.0039600 seconds, Stopping threads took: 0.0019360 seconds
284.170: Application time: 0.0792700 seconds
284.172: [GC [PSYoungGen: 90272K->7152K(97280K)] 114025K->30913K(318976K), 0.0019730 secs] [Times: user=0.01 sys=0.00, real=0.01 secs] 
284.174: Total time for which application threads were stopped: 0.0041150 seconds, Stopping threads took: 0.0020650 seconds
284.253: Application time: 0.0790460 seconds
284.255: [GC [PSYoungGen: 90608K->7440K(97280K)] 114369K->31209K(318976K), 0.0024910 secs] [Times: user=0.01 sys=0.00, real=0.00 secs] 
284.258: Total time for which application threads were stopped: 0.0043170 seconds, Stopping threads took: 0.0017190 seconds
284.336: Application time: 0.0781210 seconds
284.339: [GC [PSYoungGen: 90896K->7584K(97280K)] 114665K->31361K(318976K), 0.0022340 secs] [Times: user=0.02 sys=0.00, real=0.01 secs] 
284.341: Total time for which application threads were stopped: 0.0052270 seconds, Stopping threads took: 0.0028910 seconds
284.419: Application time: 0.0777020 seconds
284.421: [GC [PSYoungGen: 91040K->8064K(97280K)] 114817K->31857K(318976K), 0.0025160 secs] [Times: user=0.01 sys=0.00, real=0.00 secs] 
284.423: Total time for which application threads were stopped: 0.0045750 seconds, Stopping threads took: 0.0019730 seconds
284.502: Application time: 0.0785620 seconds
284.504: [GC [PSYoungGen: 91520K->6448K(97280K)] 115313K->30249K(318976K), 0.0018580 secs] [Times: user=0.01 sys=0.00, real=0.00 secs] 
284.505: Total time for which application threads were stopped: 0.0036710 seconds, Stopping threads took: 0.0017350 seconds
284.583: Application time: 0.0774610 seconds
284.585: [GC [PSYoungGen: 89904K->5984K(97280K)] 113705K->29793K(318976K), 0.0017780 secs] [Times: user=0.01 sys=0.00, real=0.00 secs] 
284.587: Total time for which application threads were stopped: 0.0043020 seconds, Stopping threads took: 0.0024500 seconds
284.667: Application time: 0.0797580 seconds
284.669: [GC [PSYoungGen: 89440K->5488K(97280K)] 113249K->29305K(318976K), 0.0016550 secs] [Times: user=0.01 sys=0.00, real=0.00 secs] 
284.671: Total time for which application threads were stopped: 0.0038060 seconds, Stopping threads took: 0.0020810 seconds
284.753: Application time: 0.0821270 seconds
284.755: [GC [PSYoungGen: 88944K->6480K(97280K)] 112761K->30305K(318976K), 0.0017940 secs] [Times: user=0.01 sys=0.00, real=0.00 secs] 
284.757: Total time for which application threads were stopped: 0.0037190 seconds, Stopping threads took: 0.0018470 seconds
284.836: Application time: 0.0797610 seconds
284.839: [GC [PSYoungGen: 89936K->6816K(97280K)] 113761K->30649K(318976K), 0.0021040 secs] [Times: user=0.01 sys=0.00, real=0.01 secs] 
284.841: Total time for which application threads were stopped: 0.0047150 seconds, Stopping threads took: 0.0025210 seconds
284.920: Application time: 0.0788400 seconds
284.923: [GC [PSYoungGen: 90272K->8080K(97280K)] 114105K->31929K(318976K), 0.0023620 secs] [Times: user=0.02 sys=0.00, real=0.00 secs] 
284.925: Total time for which application threads were stopped: 0.0050960 seconds, Stopping threads took: 0.0026510 seconds
285.004: Application time: 0.0785700 seconds
285.006: [GC [PSYoungGen: 91536K->7472K(97280K)] 115385K->31321K(318976K), 0.0021940 secs] [Times: user=0.01 sys=0.00, real=0.00 secs] 
285.008: Total time for which application threads were stopped: 0.0043420 seconds, Stopping threads took: 0.0020720 seconds
285.088: Application time: 0.0801300 seconds
285.091: [GC [PSYoungGen: 90928K->6528K(97280K)] 114777K->30385K(318976K), 0.0018960 secs] [Times: user=0.01 sys=0.00, real=0.01 secs] 
285.093: Total time for which application threads were stopped: 0.0048510 seconds, Stopping threads took: 0.0028810 seconds
285.171: Application time: 0.0780350 seconds
285.174: [GC [PSYoungGen: 89984K->7248K(97280K)] 113841K->31113K(318976K), 0.0020770 secs] [Times: user=0.02 sys=0.00, real=0.00 secs] 
285.176: Total time for which application threads were stopped: 0.0047540 seconds, Stopping threads took: 0.0025950 seconds
285.255: Application time: 0.0791420 seconds
285.258: [GC [PSYoungGen: 90704K->6688K(97280K)] 114569K->30553K(318976K), 0.0020040 secs] [Times: user=0.01 sys=0.00, real=0.00 secs] 
285.260: Total time for which application threads were stopped: 0.0050750 seconds, Stopping threads took: 0.0029890 seconds
285.337: Application time: 0.0771240 seconds
285.340: [GC [PSYoungGen: 90144K->8192K(97280K)] 114009K->32065K(318976K), 0.0024830 secs] [Times: user=0.02 sys=0.00, real=0.01 secs] 
285.342: Total time for which application threads were stopped: 0.0049680 seconds, Stopping threads took: 0.0023610 seconds
285.421: Application time: 0.0790330 seconds
285.424: [GC [PSYoungGen: 91648K->7040K(97280K)] 115521K->30921K(318976K), 0.0019840 secs] [Times: user=0.01 sys=0.00, real=0.00 secs] 
285.426: Total time for which application threads were stopped: 0.0044020 seconds, Stopping threads took: 0.0023420 seconds
285.504: Application time: 0.0784990 seconds
285.506: [GC [PSYoungGen: 90496K->6736K(97280K)] 114377K->30625K(318976K), 0.0019570 secs] [Times: user=0.01 sys=0.00, real=0.00 secs] 
285.508: Total time for which application threads were stopped: 0.0042240 seconds, Stopping threads took: 0.0021840 seconds
285.587: Application time: 0.0782610 seconds
285.589: [GC [PSYoungGen: 90192K->7184K(97280K)] 114081K->31081K(318976K), 0.0020800 secs] [Times: user=0.02 sys=0.00, real=0.00 secs] 
285.591: Total time for which application threads were stopped: 0.0041390 seconds, Stopping threads took: 0.0019750 seconds
285.670: Application time: 0.0793910 seconds
285.673: [GC [PSYoungGen: 90640K->7600K(97280K)] 114537K->31505K(318976K), 0.0021210 secs] [Times: user=0.01 sys=0.00, real=0.00 secs] 
285.675: Total time for which application threads were stopped: 0.0050130 seconds, Stopping threads took: 0.0028170 seconds
285.754: Application time: 0.0790160 seconds
285.756: [GC [PSYoungGen: 91056K->7088K(97280K)] 114961K->30993K(318976K), 0.0021160 secs] [Times: user=0.02 sys=0.00, real=0.00 secs] 
285.758: Total time for which application threads were stopped: 0.0039900 seconds, Stopping threads took: 0.0017900 seconds
285.840: Application time: 0.0817460 seconds
285.842: [GC [PSYoungGen: 90544K->5536K(97280K)] 114449K->29449K(318976K), 0.0016380 secs] [Times: user=0.01 sys=0.00, real=0.00 secs] 
285.844: Total time for which application threads were stopped: 0.0041960 seconds, Stopping threads took: 0.0024800 seconds
285.924: Application time: 0.0802210 seconds
285.928: [GC [PSYoungGen: 88992K->7024K(97280K)] 112905K->30945K(318976K), 0.0020060 secs] [Times: user=0.02 sys=0.00, real=0.00 secs] 
285.931: Total time for which application threads were stopped: 0.0062800 seconds, Stopping threads took: 0.0041960 seconds
286.009: Application time: 0.0783870 seconds
286.011: [GC [PSYoungGen: 90480K->7552K(97280K)] 114401K->31481K(318976K), 0.0022330 secs] [Times: user=0.02 sys=0.00, real=0.01 secs] 
286.013: Total time for which application threads were stopped: 0.0039830 seconds, Stopping threads took: 0.0016670 seconds
286.092: Application time: 0.0788500 seconds
286.094: [GC [PSYoungGen: 91008K->8208K(97280K)] 114937K->32145K(318976K), 0.0024530 secs] [Times: user=0.01 sys=0.00, real=0.00 secs] 
286.097: Total time for which application threads were stopped: 0.0048570 seconds, Stopping threads took: 0.0023160 seconds
286.179: Application time: 0.0819710 seconds
286.180: [GC [PSYoungGen: 91664K->7696K(97280K)] 115601K->31641K(318976K), 0.0022610 secs] [Times: user=0.02 sys=0.00, real=0.01 secs] 
286.182: Total time for which application threads were stopped: 0.0033980 seconds, Stopping threads took: 0.0010590 seconds
286.261: Application time: 0.0788280 seconds
286.264: [GC [PSYoungGen: 91152K->7888K(97280K)] 115097K->31841K(318976K), 0.0023270 secs] [Times: user=0.01 sys=0.00, real=0.00 secs] 
286.266: Total time for which application threads were stopped: 0.0054680 seconds, Stopping threads took: 0.0030580 seconds
286.344: Application time: 0.0779840 seconds
286.346: [GC [PSYoungGen: 91344K->6560K(97280K)] 115297K->30521K(318976K), 0.0020240 secs] [Times: user=0.02 sys=0.00, real=0.00 secs] 
286.348: Total time for which application threads were stopped: 0.0036680 seconds, Stopping threads took: 0.0015370 seconds
286.427: Application time: 0.0787400 seconds
286.429: [GC [PSYoungGen: 90016K->7632K(97280K)] 113977K->31601K(318976K), 0.0022960 secs] [Times: user=0.02 sys=0.00, real=0.00 secs] 
286.432: Total time for which application threads were stopped: 0.0051210 seconds, Stopping threads took: 0.0027430 seconds
286.510: Application time: 0.0784070 seconds
286.512: [GC [PSYoungGen: 91088K->7856K(97280K)] 115057K->31833K(318976K), 0.0023780 secs] [Times: user=0.01 sys=0.00, real=0.01 secs] 
286.515: Total time for which application threads were stopped: 0.0044290 seconds, Stopping threads took: 0.0019690 seconds
286.594: Application time: 0.0792990 seconds
286.596: [GC [PSYoungGen: 91312K->7424K(97280K)] 115289K->31409K(318976K), 0.0020450 secs] [Times: user=0.02 sys=0.00, real=0.00 secs] 
286.598: Total time for which application threads were stopped: 0.0042740 seconds, Stopping threads took: 0.0021530 seconds
286.678: Application time: 0.0800360 seconds
286.680: [GC [PSYoungGen: 90880K->5712K(97280K)] 114865K->29705K(318976K), 0.0016620 secs] [Times: user=0.01 sys=0.00, real=0.01 secs] 
286.682: Total time for which application threads were stopped: 0.0036670 seconds, Stopping threads took: 0.0019280 seconds
286.760: Application time: 0.0780640 seconds
286.762: [GC [PSYoungGen: 89168K->7072K(97280K)] 113161K->31073K(318976K), 0.0020690 secs] [Times: user=0.01 sys=0.00, real=0.00 secs] 
286.764: Total time for which application threads were stopped: 0.0044610 seconds, Stopping threads took: 0.0023090 seconds
286.843: Application time: 0.0787540 seconds
286.845: [GC [PSYoungGen: 90528K->5904K(97280K)] 114529K->29913K(318976K), 0.0017720 secs] [Times: user=0.01 sys=0.00, real=0.00 secs] 
286.847: Total time for which application threads were stopped: 0.0037380 seconds, Stopping threads took: 0.0018920 seconds
286.926: Application time: 0.0788280 seconds
286.929: [GC [PSYoungGen: 89360K->5952K(97280K)] 113369K->29969K(318976K), 0.0017360 secs] [Times: user=0.01 sys=0.00, real=0.00 secs] 
286.930: Total time for which application threads were stopped: 0.0045100 seconds, Stopping threads took: 0.0026930 seconds
287.009: Application time: 0.0788430 seconds
287.011: [GC [PSYoungGen: 89408K->6960K(97280K)] 113425K->30985K(318976K), 0.0021850 secs] [Times: user=0.02 sys=0.00, real=0.01 secs] 
287.014: Total time for which application threads were stopped: 0.0044130 seconds, Stopping threads took: 0.0021480 seconds
287.092: Application time: 0.0779930 seconds
287.094: [GC [PSYoungGen: 90416K->7264K(97280K)] 114441K->31297K(318976K), 0.0021940 secs] [Times: user=0.02 sys=0.00, real=0.00 secs] 
287.096: Total time for which application threads were stopped: 0.0043100 seconds, Stopping threads took: 0.0020290 seconds
287.171: Application time: 0.0749410 seconds
287.173: [GC [PSYoungGen: 90720K->6336K(97280K)] 114753K->30377K(318976K), 0.0018240 secs] [Times: user=0.01 sys=0.00, real=0.00 secs] 
287.175: Total time for which application threads were stopped: 0.0039710 seconds, Stopping threads took: 0.0020710 seconds
287.249: Application time: 0.0740150 seconds
287.251: [GC [PSYoungGen: 89792K->5056K(97280K)] 113833K->29105K(318976K), 0.0014600 secs] [Times: user=0.01 sys=0.00, real=0.00 secs] 
287.252: Total time for which application threads were stopped: 0.0035100 seconds, Stopping threads took: 0.0019860 seconds
287.326: Application time: 0.0740500 seconds
287.328: [GC [PSYoungGen: 88512K->7280K(97280K)] 112561K->31337K(318976K), 0.0021260 secs] [Times: user=0.01 sys=0.00, real=0.00 secs] 
287.330: Total time for which application threads were stopped: 0.0040830 seconds, Stopping threads took: 0.0018780 seconds
287.404: Application time: 0.0733320 seconds
287.406: [GC [PSYoungGen: 90736K->7520K(97280K)] 114793K->31585K(318976K), 0.0023520 secs] [Times: user=0.02 sys=0.00, real=0.00 secs] 
287.409: Total time for which application threads were stopped: 0.0051070 seconds, Stopping threads took: 0.0026560 seconds
287.481: Application time: 0.0718950 seconds
287.483: [GC [PSYoungGen: 90976K->7584K(97280K)] 115041K->31657K(318976K), 0.0020910 secs] [Times: user=0.01 sys=0.00, real=0.00 secs] 
287.485: Total time for which application threads were stopped: 0.0043860 seconds, Stopping threads took: 0.0022110 seconds
287.557: Application time: 0.0720690 seconds
287.560: [GC [PSYoungGen: 91040K->7968K(97280K)] 115113K->32049K(318976K), 0.0025020 secs] [Times: user=0.02 sys=0.01, real=0.01 secs] 
287.563: Total time for which application threads were stopped: 0.0055340 seconds, Stopping threads took: 0.0029400 seconds
287.639: Application time: 0.0759060 seconds
287.640: [GC [PSYoungGen: 91424K->6976K(97280K)] 115505K->31065K(318976K), 0.0020060 secs] [Times: user=0.01 sys=0.00, real=0.01 secs] 
287.642: Total time for which application threads were stopped: 0.0031690 seconds, Stopping threads took: 0.0010880 seconds
287.715: Application time: 0.0729560 seconds
287.717: [GC [PSYoungGen: 90432K->7792K(97280K)] 114521K->31881K(318976K), 0.0022630 secs] [Times: user=0.01 sys=0.00, real=0.00 secs] 
287.720: Total time for which application threads were stopped: 0.0047770 seconds, Stopping threads took: 0.0024310 seconds
287.794: Application time: 0.0740580 seconds
287.796: [GC [PSYoungGen: 91248K->6288K(97280K)] 115337K->30385K(318976K), 0.0017520 secs] [Times: user=0.01 sys=0.00, real=0.00 secs] 
287.797: Total time for which application threads were stopped: 0.0036890 seconds, Stopping threads took: 0.0018650 seconds
287.874: Application time: 0.0765610 seconds
287.876: [GC [PSYoungGen: 89744K->5728K(97280K)] 113841K->29833K(318976K), 0.0016270 secs] [Times: user=0.01 sys=0.00, real=0.00 secs] 
287.878: Total time for which application threads were stopped: 0.0040040 seconds, Stopping threads took: 0.0023050 seconds
287.955: Application time: 0.0770330 seconds
287.957: [GC [PSYoungGen: 89184K->6512K(97280K)] 113289K->30625K(318976K), 0.0020490 secs] [Times: user=0.01 sys=0.00, real=0.00 secs] 
287.959: Total time for which application threads were stopped: 0.0040690 seconds, Stopping threads took: 0.0019410 seconds
288.033: Application time: 0.0735690 seconds
288.034: [GC [PSYoungGen: 89968K->5392K(97280K)] 114081K->29513K(318976K), 0.0016690 secs] [Times: user=0.01 sys=0.00, real=0.00 secs] 
288.036: Total time for which application threads were stopped: 0.0035450 seconds, Stopping threads took: 0.0017790 seconds
288.112: Application time: 0.0762870 seconds
288.115: [GC [PSYoungGen: 88848K->7136K(97280K)] 112969K->31273K(318976K), 0.0022150 secs] [Times: user=0.00 sys=0.01, real=0.00 secs] 
288.117: Total time for which application threads were stopped: 0.0043400 seconds, Stopping threads took: 0.0020480 seconds
288.190: Application time: 0.0733590 seconds
288.192: [GC [PSYoungGen: 90592K->5936K(97280K)] 114729K->30081K(318976K), 0.0018100 secs] [Times: user=0.01 sys=0.00, real=0.01 secs] 
288.194: Total time for which application threads were stopped: 0.0037090 seconds, Stopping threads took: 0.0018290 seconds
288.267: Application time: 0.0730160 seconds
288.269: [GC [PSYoungGen: 89392K->7056K(97280K)] 113537K->31209K(318976K), 0.0020730 secs] [Times: user=0.01 sys=0.00, real=0.00 secs] 
288.271: Total time for which application threads were stopped: 0.0043010 seconds, Stopping threads took: 0.0021560 seconds
288.346: Application time: 0.0744340 seconds
288.349: [GC [PSYoungGen: 90512K->5968K(97280K)] 114665K->30137K(318976K), 0.0017280 secs] [Times: user=0.01 sys=0.00, real=0.00 secs] 
288.350: Total time for which application threads were stopped: 0.0047690 seconds, Stopping threads took: 0.0029680 seconds
288.423: Application time: 0.0727730 seconds
288.425: [GC [PSYoungGen: 89424K->5680K(97280K)] 113593K->29857K(318976K), 0.0016980 secs] [Times: user=0.01 sys=0.00, real=0.00 secs] 
288.427: Total time for which application threads were stopped: 0.0038500 seconds, Stopping threads took: 0.0020840 seconds
288.502: Application time: 0.0750430 seconds
288.504: [GC [PSYoungGen: 89136K->6352K(97280K)] 113313K->30537K(318976K), 0.0018910 secs] [Times: user=0.01 sys=0.00, real=0.00 secs] 
288.506: Total time for which application threads were stopped: 0.0036710 seconds, Stopping threads took: 0.0017010 seconds
288.580: Application time: 0.0738080 seconds
288.582: [GC [PSYoungGen: 89808K->7904K(97280K)] 113993K->32097K(318976K), 0.0023380 secs] [Times: user=0.02 sys=0.00, real=0.00 secs] 
288.584: Total time for which application threads were stopped: 0.0043570 seconds, Stopping threads took: 0.0019310 seconds
288.659: Application time: 0.0749490 seconds
288.661: [GC [PSYoungGen: 91360K->6560K(97280K)] 115553K->30761K(318976K), 0.0019770 secs] [Times: user=0.01 sys=0.00, real=0.00 secs] 
288.663: Total time for which application threads were stopped: 0.0046340 seconds, Stopping threads took: 0.0025810 seconds
288.737: Application time: 0.0737270 seconds
288.739: [GC [PSYoungGen: 90016K->7648K(97280K)] 114217K->31857K(318976K), 0.0022320 secs] [Times: user=0.02 sys=0.00, real=0.01 secs] 
288.741: Total time for which application threads were stopped: 0.0039670 seconds, Stopping threads took: 0.0016380 seconds
288.815: Application time: 0.0740530 seconds
288.817: [GC [PSYoungGen: 91104K->8096K(97280K)] 115313K->32321K(318976K), 0.0023770 secs] [Times: user=0.02 sys=0.00, real=0.00 secs] 
288.820: Total time for which application threads were stopped: 0.0045160 seconds, Stopping threads took: 0.0020590 seconds
288.893: Application time: 0.0731650 seconds
288.895: [GC [PSYoungGen: 91552K->7648K(97280K)] 115777K->31889K(318976K), 0.0021890 secs] [Times: user=0.02 sys=0.00, real=0.00 secs] 
288.897: Total time for which application threads were stopped: 0.0041200 seconds, Stopping threads took: 0.0018510 seconds
288.972: Application time: 0.0751850 seconds
288.975: [GC [PSYoungGen: 91104K->5472K(97280K)] 115345K->29721K(318976K), 0.0015640 secs] [Times: user=0.01 sys=0.00, real=0.00 secs] 
288.976: Total time for which application threads were stopped: 0.0040930 seconds, Stopping threads took: 0.0024390 seconds
289.048: Application time: 0.0721710 seconds
289.050: [GC [PSYoungGen: 88928K->6672K(97280K)] 113177K->30929K(318976K), 0.0018970 secs] [Times: user=0.02 sys=0.00, real=0.00 secs] 
289.052: Total time for which application threads were stopped: 0.0038440 seconds, Stopping threads took: 0.0018700 seconds
289.126: Application time: 0.0736260 seconds
289.128: [GC [PSYoungGen: 90128K->8208K(97280K)] 114385K->32481K(318976K), 0.0023230 secs] [Times: user=0.01 sys=0.00, real=0.00 secs] 
289.131: Total time for which application threads were stopped: 0.0046010 seconds, Stopping threads took: 0.0021860 seconds
289.205: Application time: 0.0743040 seconds
289.207: [GC [PSYoungGen: 91664K->6624K(97280K)] 115937K->30905K(318976K), 0.0019900 secs] [Times: user=0.02 sys=0.00, real=0.00 secs] 
289.209: Total time for which application threads were stopped: 0.0041390 seconds, Stopping threads took: 0.0020680 seconds
289.284: Application time: 0.0750650 seconds
289.286: [GC [PSYoungGen: 90080K->8048K(97280K)] 114361K->32337K(318976K), 0.0023320 secs] [Times: user=0.02 sys=0.00, real=0.00 secs] 
289.288: Total time for which application threads were stopped: 0.0039950 seconds, Stopping threads took: 0.0015840 seconds
289.364: Application time: 0.0755040 seconds
289.366: [GC [PSYoungGen: 91504K->7664K(97280K)] 115793K->31961K(318976K), 0.0022760 secs] [Times: user=0.01 sys=0.00, real=0.00 secs] 
289.368: Total time for which application threads were stopped: 0.0045100 seconds, Stopping threads took: 0.0021340 seconds
289.442: Application time: 0.0740140 seconds
289.444: [GC [PSYoungGen: 91120K->7744K(97280K)] 115417K->32049K(318976K), 0.0022090 secs] [Times: user=0.02 sys=0.00, real=0.00 secs] 
289.446: Total time for which application threads were stopped: 0.0039700 seconds, Stopping threads took: 0.0016790 seconds
289.519: Application time: 0.0726960 seconds
289.522: [GC [PSYoungGen: 91200K->7088K(97280K)] 115505K->31401K(318976K), 0.0021150 secs] [Times: user=0.01 sys=0.00, real=0.00 secs] 
289.524: Total time for which application threads were stopped: 0.0049190 seconds, Stopping threads took: 0.0027230 seconds
289.598: Application time: 0.0744060 seconds
289.600: [GC [PSYoungGen: 90544K->8192K(97280K)] 114857K->32513K(318976K), 0.0025750 secs] [Times: user=0.02 sys=0.00, real=0.01 secs] 
289.602: Total time for which application threads were stopped: 0.0041380 seconds, Stopping threads took: 0.0014790 seconds
289.679: Application time: 0.0763070 seconds
289.681: [GC [PSYoungGen: 91648K->7472K(97280K)] 115969K->31801K(318976K), 0.0021960 secs] [Times: user=0.01 sys=0.00, real=0.00 secs] 
289.683: Total time for which application threads were stopped: 0.0042790 seconds, Stopping threads took: 0.0019890 seconds
289.756: Application time: 0.0732700 seconds
289.758: [GC [PSYoungGen: 90928K->7840K(97280K)] 115257K->32177K(318976K), 0.0022460 secs] [Times: user=0.02 sys=0.00, real=0.01 secs] 
289.761: Total time for which application threads were stopped: 0.0046390 seconds, Stopping threads took: 0.0023160 seconds
289.836: Application time: 0.0747970 seconds
289.837: [GC [PSYoungGen: 91296K->6240K(97280K)] 115633K->30585K(318976K), 0.0018030 secs] [Times: user=0.01 sys=0.00, real=0.00 secs] 
289.839: Total time for which application threads were stopped: 0.0037210 seconds, Stopping threads took: 0.0018410 seconds
289.913: Application time: 0.0737200 seconds
289.915: [GC [PSYoungGen: 89696K->6560K(97280K)] 114041K->30905K(318976K), 0.0019970 secs] [Times: user=0.01 sys=0.00, real=0.00 secs] 
289.917: Total time for which application threads were stopped: 0.0043150 seconds, Stopping threads took: 0.0022190 seconds
289.991: Application time: 0.0734790 seconds
289.992: [GC [PSYoungGen: 90016K->6560K(97280K)] 114361K->30913K(318976K), 0.0019430 secs] [Times: user=0.01 sys=0.00, real=0.00 secs] 
289.994: Total time for which application threads were stopped: 0.0035700 seconds, Stopping threads took: 0.0015520 seconds
290.069: Application time: 0.0743830 seconds
290.071: [GC [PSYoungGen: 90016K->7248K(97280K)] 114369K->31601K(318976K), 0.0021520 secs] [Times: user=0.01 sys=0.00, real=0.01 secs] 
290.073: Total time for which application threads were stopped: 0.0042530 seconds, Stopping threads took: 0.0020210 seconds
290.146: Application time: 0.0725260 seconds
290.147: [GC [PSYoungGen: 90704K->7776K(97280K)] 115057K->32137K(318976K), 0.0022180 secs] [Times: user=0.01 sys=0.00, real=0.00 secs] 
290.150: Total time for which application threads were stopped: 0.0041120 seconds, Stopping threads took: 0.0018120 seconds
290.225: Application time: 0.0749800 seconds
290.227: [GC [PSYoungGen: 91232K->5472K(97280K)] 115593K->29841K(318976K), 0.0016090 secs] [Times: user=0.01 sys=0.00, real=0.00 secs] 
290.229: Total time for which application threads were stopped: 0.0038880 seconds, Stopping threads took: 0.0021990 seconds
290.302: Application time: 0.0738170 seconds
290.304: [GC [PSYoungGen: 88928K->7424K(97280K)] 113297K->31801K(318976K), 0.0022950 secs] [Times: user=0.01 sys=0.00, real=0.00 secs] 
290.306: Total time for which application threads were stopped: 0.0039700 seconds, Stopping threads took: 0.0015940 seconds
290.380: Application time: 0.0739410 seconds
290.382: [GC [PSYoungGen: 90879K->8352K(97280K)] 115256K->32737K(318976K), 0.0024430 secs] [Times: user=0.00 sys=0.01, real=0.00 secs] 
290.385: Total time for which application threads were stopped: 0.0044610 seconds, Stopping threads took: 0.0019310 seconds
290.457: Application time: 0.0726670 seconds
290.459: [GC [PSYoungGen: 91808K->7536K(97280K)] 116193K->31929K(318976K), 0.0022280 secs] [Times: user=0.01 sys=0.00, real=0.01 secs] 
290.462: Total time for which application threads were stopped: 0.0042190 seconds, Stopping threads took: 0.0019110 seconds
290.536: Application time: 0.0746140 seconds
290.538: [GC [PSYoungGen: 90992K->6304K(97280K)] 115385K->30705K(318976K), 0.0018430 secs] [Times: user=0.01 sys=0.00, real=0.00 secs] 
290.540: Total time for which application threads were stopped: 0.0040770 seconds, Stopping threads took: 0.0021570 seconds
290.616: Application time: 0.0757760 seconds
290.618: [GC [PSYoungGen: 89760K->6976K(97280K)] 114161K->31385K(318976K), 0.0019370 secs] [Times: user=0.02 sys=0.00, real=0.00 secs] 
290.620: Total time for which application threads were stopped: 0.0038240 seconds, Stopping threads took: 0.0018170 seconds
290.696: Application time: 0.0757530 seconds
290.698: [GC [PSYoungGen: 90432K->6672K(97280K)] 114841K->31089K(318976K), 0.0019180 secs] [Times: user=0.01 sys=0.00, real=0.00 secs] 
290.700: Total time for which application threads were stopped: 0.0040720 seconds, Stopping threads took: 0.0020710 seconds
290.774: Application time: 0.0742920 seconds
290.777: [GC [PSYoungGen: 90128K->8128K(97280K)] 114545K->32553K(318976K), 0.0023800 secs] [Times: user=0.02 sys=0.00, real=0.00 secs] 
290.779: Total time for which application threads were stopped: 0.0049850 seconds, Stopping threads took: 0.0025120 seconds
290.852: Application time: 0.0728600 seconds
290.855: [GC [PSYoungGen: 91584K->6608K(97280K)] 116009K->31049K(318976K), 0.0019830 secs] [Times: user=0.01 sys=0.00, real=0.00 secs] 
290.857: Total time for which application threads were stopped: 0.0047210 seconds, Stopping threads took: 0.0026610 seconds
290.930: Application time: 0.0732140 seconds
290.932: [GC [PSYoungGen: 90062K->7760K(97280K)] 114504K->32209K(318976K), 0.0024650 secs] [Times: user=0.02 sys=0.00, real=0.01 secs] 
290.935: Total time for which application threads were stopped: 0.0047120 seconds, Stopping threads took: 0.0021550 seconds
291.009: Application time: 0.0742230 seconds
291.011: [GC [PSYoungGen: 91216K->6832K(97280K)] 115665K->31289K(318976K), 0.0020580 secs] [Times: user=0.01 sys=0.00, real=0.01 secs] 
291.013: Total time for which application threads were stopped: 0.0041900 seconds, Stopping threads took: 0.0020510 seconds
291.088: Application time: 0.0750400 seconds
291.090: [GC [PSYoungGen: 90288K->6016K(97280K)] 114745K->30481K(318976K), 0.0016860 secs] [Times: user=0.01 sys=0.00, real=0.00 secs] 
291.092: Total time for which application threads were stopped: 0.0038450 seconds, Stopping threads took: 0.0020910 seconds
291.169: Application time: 0.0767050 seconds
291.171: [GC [PSYoungGen: 89472K->7456K(97280K)] 113937K->31929K(318976K), 0.0020780 secs] [Times: user=0.02 sys=0.00, real=0.01 secs] 
291.173: Total time for which application threads were stopped: 0.0042580 seconds, Stopping threads took: 0.0020990 seconds
291.252: Application time: 0.0789630 seconds
291.255: [GC [PSYoungGen: 90912K->7680K(97280K)] 115385K->32161K(318976K), 0.0021190 secs] [Times: user=0.01 sys=0.00, real=0.00 secs] 
291.257: Total time for which application threads were stopped: 0.0052640 seconds, Stopping threads took: 0.0030660 seconds
291.337: Application time: 0.0795120 seconds
291.338: [GC [PSYoungGen: 91136K->7072K(97280K)] 115617K->31561K(318976K), 0.0021970 secs] [Times: user=0.01 sys=0.00, real=0.01 secs] 
291.341: Total time for which application threads were stopped: 0.0040320 seconds, Stopping threads took: 0.0017480 seconds
291.421: Application time: 0.0801680 seconds
291.422: [GC [PSYoungGen: 90528K->6400K(97280K)] 115017K->30897K(318976K), 0.0019200 secs] [Times: user=0.01 sys=0.00, real=0.00 secs] 
291.424: Total time for which application threads were stopped: 0.0036910 seconds, Stopping threads took: 0.0016900 seconds
291.506: Application time: 0.0819190 seconds
291.509: [GC [PSYoungGen: 89856K->7088K(97280K)] 114353K->31593K(318976K), 0.0020370 secs] [Times: user=0.01 sys=0.00, real=0.00 secs] 
291.511: Total time for which application threads were stopped: 0.0043930 seconds, Stopping threads took: 0.0022780 seconds
291.591: Application time: 0.0804330 seconds
291.593: [GC [PSYoungGen: 90544K->6608K(97280K)] 115049K->31121K(318976K), 0.0019440 secs] [Times: user=0.02 sys=0.00, real=0.00 secs] 
291.595: Total time for which application threads were stopped: 0.0042500 seconds, Stopping threads took: 0.0022210 seconds
291.671: Application time: 0.0759070 seconds
291.674: [GC [PSYoungGen: 90064K->7984K(97280K)] 114577K->32513K(318976K), 0.0024850 secs] [Times: user=0.02 sys=0.00, real=0.00 secs] 
291.677: Total time for which application threads were stopped: 0.0052520 seconds, Stopping threads took: 0.0026620 seconds
291.756: Application time: 0.0791090 seconds
291.758: [GC [PSYoungGen: 91440K->6800K(97280K)] 115969K->31337K(318976K), 0.0020900 secs] [Times: user=0.01 sys=0.00, real=0.00 secs] 
291.760: Total time for which application threads were stopped: 0.0044520 seconds, Stopping threads took: 0.0022840 seconds
291.838: Application time: 0.0775420 seconds
291.840: [GC [PSYoungGen: 90256K->7040K(97280K)] 114793K->31585K(318976K), 0.0019840 secs] [Times: user=0.01 sys=0.00, real=0.01 secs] 
291.842: Total time for which application threads were stopped: 0.0043750 seconds, Stopping threads took: 0.0023010 seconds
291.922: Application time: 0.0798920 seconds
291.924: [GC [PSYoungGen: 90496K->6400K(97280K)] 115041K->30953K(318976K), 0.0020400 secs] [Times: user=0.01 sys=0.00, real=0.00 secs] 
291.926: Total time for which application threads were stopped: 0.0038690 seconds, Stopping threads took: 0.0017500 seconds
292.003: Application time: 0.0774590 seconds
292.005: [GC [PSYoungGen: 89856K->8000K(97280K)] 114409K->32561K(318976K), 0.0022730 secs] [Times: user=0.01 sys=0.00, real=0.00 secs] 
292.007: Total time for which application threads were stopped: 0.0041640 seconds, Stopping threads took: 0.0018130 seconds
292.087: Application time: 0.0790700 seconds
292.088: [GC [PSYoungGen: 91456K->7152K(97280K)] 116017K->31713K(318976K), 0.0021020 secs] [Times: user=0.02 sys=0.00, real=0.00 secs] 
292.090: Total time for which application threads were stopped: 0.0038780 seconds, Stopping threads took: 0.0016880 seconds
292.171: Application time: 0.0802610 seconds
292.171: [GC [PSYoungGen: 90608K->6800K(97280K)] 115169K->31369K(318976K), 0.0020850 secs] [Times: user=0.01 sys=0.00, real=0.01 secs] 
292.173: Total time for which application threads were stopped: 0.0028060 seconds, Stopping threads took: 0.0006430 seconds
292.255: Application time: 0.0811250 seconds
292.257: [GC [PSYoungGen: 90256K->6736K(97280K)] 114825K->31313K(318976K), 0.0018940 secs] [Times: user=0.01 sys=0.00, real=0.00 secs] 
292.259: Total time for which application threads were stopped: 0.0039830 seconds, Stopping threads took: 0.0020040 seconds
292.336: Application time: 0.0776520 seconds
292.339: [GC [PSYoungGen: 90192K->6720K(97280K)] 114769K->31305K(318976K), 0.0021260 secs] [Times: user=0.01 sys=0.00, real=0.01 secs] 
292.341: Total time for which application threads were stopped: 0.0049890 seconds, Stopping threads took: 0.0027610 seconds
292.419: Application time: 0.0780340 seconds
292.422: [GC [PSYoungGen: 90176K->7216K(97280K)] 114761K->31809K(318976K), 0.0021700 secs] [Times: user=0.02 sys=0.00, real=0.00 secs] 
292.424: Total time for which application threads were stopped: 0.0048630 seconds, Stopping threads took: 0.0026020 seconds
292.505: Application time: 0.0812290 seconds
292.507: [GC [PSYoungGen: 90672K->6176K(97280K)] 115265K->30777K(318976K), 0.0019030 secs] [Times: user=0.01 sys=0.00, real=0.00 secs] 
292.509: Total time for which application threads were stopped: 0.0031570 seconds, Stopping threads took: 0.0011590 seconds
292.586: Application time: 0.0778270 seconds
292.588: [GC [PSYoungGen: 89632K->7584K(97280K)] 114233K->32185K(318976K), 0.0022680 secs] [Times: user=0.01 sys=0.00, real=0.00 secs] 
292.591: Total time for which application threads were stopped: 0.0043330 seconds, Stopping threads took: 0.0019710 seconds
292.671: Application time: 0.0801110 seconds
292.672: [GC [PSYoungGen: 91040K->7904K(97280K)] 115641K->32513K(318976K), 0.0023230 secs] [Times: user=0.02 sys=0.00, real=0.00 secs] 
292.675: Total time for which application threads were stopped: 0.0039290 seconds, Stopping threads took: 0.0015190 seconds
292.751: Application time: 0.0764280 seconds
292.754: [GC [PSYoungGen: 91360K->8128K(97280K)] 115969K->32745K(318976K), 0.0023600 secs] [Times: user=0.02 sys=0.00, real=0.00 secs] 
292.756: Total time for which application threads were stopped: 0.0049100 seconds, Stopping threads took: 0.0024680 seconds
292.834: Application time: 0.0780840 seconds
292.836: [GC [PSYoungGen: 91584K->7616K(97280K)] 116201K->32241K(318976K), 0.0022130 secs] [Times: user=0.02 sys=0.00, real=0.00 secs] 
292.839: Total time for which application threads were stopped: 0.0045500 seconds, Stopping threads took: 0.0022550 seconds
292.919: Application time: 0.0803340 seconds
292.922: [GC [PSYoungGen: 91072K->8224K(97280K)] 115697K->32857K(318976K), 0.0024590 secs] [Times: user=0.02 sys=0.00, real=0.00 secs] 
292.924: Total time for which application threads were stopped: 0.0050170 seconds, Stopping threads took: 0.0024680 seconds
293.004: Application time: 0.0797130 seconds
293.006: [GC [PSYoungGen: 91680K->4992K(97280K)] 116313K->29633K(318976K), 0.0016620 secs] [Times: user=0.01 sys=0.00, real=0.00 secs] 
293.007: Total time for which application threads were stopped: 0.0035330 seconds, Stopping threads took: 0.0017860 seconds
293.086: Application time: 0.0790390 seconds
293.089: [GC [PSYoungGen: 88448K->6528K(97280K)] 113089K->31169K(318976K), 0.0018830 secs] [Times: user=0.02 sys=0.00, real=0.00 secs] 
293.090: Total time for which application threads were stopped: 0.0041190 seconds, Stopping threads took: 0.0021590 seconds
293.171: Application time: 0.0802790 seconds
293.173: [GC [PSYoungGen: 89984K->6096K(97280K)] 114625K->30745K(318976K), 0.0018640 secs] [Times: user=0.00 sys=0.00, real=0.00 secs] 
293.175: Total time for which application threads were stopped: 0.0043470 seconds, Stopping threads took: 0.0024110 seconds
293.254: Application time: 0.0789490 seconds
293.256: [GC [PSYoungGen: 89552K->6448K(97280K)] 114201K->31105K(318976K), 0.0018160 secs] [Times: user=0.01 sys=0.00, real=0.00 secs] 
293.258: Total time for which application threads were stopped: 0.0037970 seconds, Stopping threads took: 0.0018980 seconds
293.337: Application time: 0.0793630 seconds
293.340: [GC [PSYoungGen: 89904K->7056K(97280K)] 114561K->31721K(318976K), 0.0020570 secs] [Times: user=0.02 sys=0.00, real=0.01 secs] 
293.342: Total time for which application threads were stopped: 0.0046210 seconds, Stopping threads took: 0.0024610 seconds
293.422: Application time: 0.0805000 seconds
293.424: [GC [PSYoungGen: 90512K->5568K(97280K)] 115177K->30241K(318976K), 0.0018200 secs] [Times: user=0.01 sys=0.00, real=0.00 secs] 
293.426: Total time for which application threads were stopped: 0.0039780 seconds, Stopping threads took: 0.0020810 seconds
293.508: Application time: 0.0820060 seconds
293.511: [GC [PSYoungGen: 89024K->6240K(97280K)] 113697K->30921K(318976K), 0.0018280 secs] [Times: user=0.01 sys=0.00, real=0.01 secs] 
293.513: Total time for which application threads were stopped: 0.0042450 seconds, Stopping threads took: 0.0023350 seconds
293.594: Application time: 0.0813910 seconds
293.597: [GC [PSYoungGen: 89696K->7856K(97280K)] 114377K->32545K(318976K), 0.0021720 secs] [Times: user=0.02 sys=0.00, real=0.00 secs] 
293.599: Total time for which application threads were stopped: 0.0049780 seconds, Stopping threads took: 0.0027290 seconds
293.678: Application time: 0.0785440 seconds
293.679: [GC [PSYoungGen: 91312K->7056K(97280K)] 116001K->31753K(318976K), 0.0020800 secs] [Times: user=0.02 sys=0.00, real=0.01 secs] 
293.682: Total time for which application threads were stopped: 0.0040410 seconds, Stopping threads took: 0.0018540 seconds
293.759: Application time: 0.0779050 seconds
293.762: [GC [PSYoungGen: 90512K->6400K(97280K)] 115209K->31105K(318976K), 0.0019400 secs] [Times: user=0.01 sys=0.00, real=0.00 secs] 
293.764: Total time for which application threads were stopped: 0.0044460 seconds, Stopping threads took: 0.0024290 seconds
293.842: Application time: 0.0780420 seconds
293.844: [GC [PSYoungGen: 89856K->6848K(97280K)] 114561K->31561K(318976K), 0.0019590 secs] [Times: user=0.02 sys=0.00, real=0.00 secs] 
293.846: Total time for which application threads were stopped: 0.0042850 seconds, Stopping threads took: 0.0022490 seconds
293.925: Application time: 0.0791550 seconds
293.929: [GC [PSYoungGen: 90304K->8432K(97280K)] 115017K->33153K(318976K), 0.0024650 secs] [Times: user=0.02 sys=0.00, real=0.00 secs] 
293.931: Total time for which application threads were stopped: 0.0056370 seconds, Stopping threads took: 0.0030640 seconds
294.010: Application time: 0.0788800 seconds
294.012: [GC [PSYoungGen: 91888K->5840K(97280K)] 116609K->30577K(318976K), 0.0018690 secs] [Times: user=0.01 sys=0.00, real=0.01 secs] 
294.013: Total time for which application threads were stopped: 0.0035680 seconds, Stopping threads took: 0.0016100 seconds
294.092: Application time: 0.0784220 seconds
294.095: [GC [PSYoungGen: 89296K->7888K(97280K)] 114033K->32633K(318976K), 0.0023780 secs] [Times: user=0.02 sys=0.00, real=0.00 secs] 
294.097: Total time for which application threads were stopped: 0.0054030 seconds, Stopping threads took: 0.0029410 seconds
294.176: Application time: 0.0783800 seconds
294.178: [GC [PSYoungGen: 91344K->7584K(97280K)] 116089K->32337K(318976K), 0.0022670 secs] [Times: user=0.01 sys=0.00, real=0.01 secs] 
294.181: Total time for which application threads were stopped: 0.0048680 seconds, Stopping threads took: 0.0025160 seconds
294.258: Application time: 0.0775540 seconds
294.260: [GC [PSYoungGen: 91040K->7120K(97280K)] 115793K->31881K(318976K), 0.0020480 secs] [Times: user=0.01 sys=0.01, real=0.01 secs] 
294.262: Total time for which application threads were stopped: 0.0042800 seconds, Stopping threads took: 0.0021520 seconds
294.339: Application time: 0.0765390 seconds
294.341: [GC [PSYoungGen: 90576K->6720K(97280K)] 115337K->31489K(318976K), 0.0019520 secs] [Times: user=0.02 sys=0.00, real=0.00 secs] 
294.343: Total time for which application threads were stopped: 0.0043610 seconds, Stopping threads took: 0.0023290 seconds
294.422: Application time: 0.0786060 seconds
294.424: [GC [PSYoungGen: 90176K->7200K(97280K)] 114945K->31993K(318976K), 0.0020720 secs] [Times: user=0.01 sys=0.00, real=0.00 secs] 
294.427: Total time for which application threads were stopped: 0.0046820 seconds, Stopping threads took: 0.0025260 seconds
294.505: Application time: 0.0780310 seconds
294.507: [GC [PSYoungGen: 90656K->7296K(97280K)] 115449K->32097K(318976K), 0.0020410 secs] [Times: user=0.01 sys=0.00, real=0.00 secs] 
294.509: Total time for which application threads were stopped: 0.0044610 seconds, Stopping threads took: 0.0023450 seconds
294.588: Application time: 0.0786340 seconds
294.590: [GC [PSYoungGen: 90752K->6768K(97280K)] 115553K->31577K(318976K), 0.0020070 secs] [Times: user=0.01 sys=0.00, real=0.00 secs] 
294.592: Total time for which application threads were stopped: 0.0045200 seconds, Stopping threads took: 0.0024270 seconds
294.673: Application time: 0.0802890 seconds
294.674: [GC [PSYoungGen: 90224K->6032K(97280K)] 115033K->30841K(318976K), 0.0017610 secs] [Times: user=0.02 sys=0.00, real=0.00 secs] 
294.675: Total time for which application threads were stopped: 0.0027980 seconds, Stopping threads took: 0.0009610 seconds
294.757: Application time: 0.0815720 seconds
294.759: [GC [PSYoungGen: 89488K->6560K(97280K)] 114297K->31377K(318976K), 0.0019730 secs] [Times: user=0.01 sys=0.00, real=0.01 secs] 
294.761: Total time for which application threads were stopped: 0.0038340 seconds, Stopping threads took: 0.0017830 seconds
294.842: Application time: 0.0808370 seconds
294.844: [GC [PSYoungGen: 90016K->7744K(97280K)] 114833K->32561K(318976K), 0.0022840 secs] [Times: user=0.01 sys=0.00, real=0.00 secs] 
294.846: Total time for which application threads were stopped: 0.0044140 seconds, Stopping threads took: 0.0020430 seconds
294.927: Application time: 0.0809250 seconds
294.929: [GC [PSYoungGen: 91200K->6848K(97280K)] 116017K->31673K(318976K), 0.0021140 secs] [Times: user=0.01 sys=0.00, real=0.00 secs] 
294.931: Total time for which application threads were stopped: 0.0040070 seconds, Stopping threads took: 0.0017920 seconds
295.009: Application time: 0.0784060 seconds
295.012: [GC [PSYoungGen: 90304K->7744K(97280K)] 115129K->32577K(318976K), 0.0022620 secs] [Times: user=0.02 sys=0.00, real=0.01 secs] 
295.014: Total time for which application threads were stopped: 0.0047910 seconds, Stopping threads took: 0.0024510 seconds
295.093: Application time: 0.0790950 seconds
295.096: [GC [PSYoungGen: 91200K->6752K(97280K)] 116033K->31593K(318976K), 0.0019780 secs] [Times: user=0.02 sys=0.00, real=0.00 secs] 
295.098: Total time for which application threads were stopped: 0.0051650 seconds, Stopping threads took: 0.0030900 seconds
295.175: Application time: 0.0761600 seconds
295.177: [GC [PSYoungGen: 90208K->8272K(97280K)] 115049K->33113K(318976K), 0.0024410 secs] [Times: user=0.02 sys=0.00, real=0.00 secs] 
295.180: Total time for which application threads were stopped: 0.0049960 seconds, Stopping threads took: 0.0024600 seconds
295.255: Application time: 0.0754140 seconds
295.257: [GC [PSYoungGen: 91728K->7728K(97280K)] 116569K->32577K(318976K), 0.0021560 secs] [Times: user=0.01 sys=0.00, real=0.00 secs] 
295.259: Total time for which application threads were stopped: 0.0044830 seconds, Stopping threads took: 0.0022510 seconds
295.336: Application time: 0.0760600 seconds
295.338: [GC [PSYoungGen: 91184K->6624K(97280K)] 116033K->31473K(318976K), 0.0020150 secs] [Times: user=0.01 sys=0.00, real=0.00 secs] 
295.340: Total time for which application threads were stopped: 0.0046840 seconds, Stopping threads took: 0.0025850 seconds
295.415: Application time: 0.0748090 seconds
295.417: [GC [PSYoungGen: 90080K->6400K(97280K)] 114929K->31257K(318976K), 0.0018410 secs] [Times: user=0.02 sys=0.00, real=0.00 secs] 
295.419: Total time for which application threads were stopped: 0.0037280 seconds, Stopping threads took: 0.0018220 seconds
295.493: Application time: 0.0742830 seconds
295.495: [GC [PSYoungGen: 89856K->6912K(97280K)] 114713K->31777K(318976K), 0.0019750 secs] [Times: user=0.01 sys=0.00, real=0.00 secs] 
295.497: Total time for which application threads were stopped: 0.0041390 seconds, Stopping threads took: 0.0020910 seconds
295.570: Application time: 0.0730650 seconds
295.572: [GC [PSYoungGen: 90368K->7616K(97280K)] 115233K->32489K(318976K), 0.0021940 secs] [Times: user=0.02 sys=0.00, real=0.01 secs] 
295.575: Total time for which application threads were stopped: 0.0042920 seconds, Stopping threads took: 0.0020140 seconds
295.650: Application time: 0.0758110 seconds
295.652: [GC [PSYoungGen: 91072K->6832K(97280K)] 115945K->31705K(318976K), 0.0020340 secs] [Times: user=0.01 sys=0.00, real=0.01 secs] 
295.654: Total time for which application threads were stopped: 0.0037100 seconds, Stopping threads took: 0.0015830 seconds
295.728: Application time: 0.0736010 seconds
295.730: [GC [PSYoungGen: 90288K->7456K(97280K)] 115161K->32337K(318976K), 0.0022500 secs] [Times: user=0.01 sys=0.00, real=0.00 secs] 
295.732: Total time for which application threads were stopped: 0.0045190 seconds, Stopping threads took: 0.0021800 seconds
295.804: Application time: 0.0721740 seconds
295.807: [GC [PSYoungGen: 90912K->7632K(97280K)] 115793K->32513K(318976K), 0.0020980 secs] [Times: user=0.01 sys=0.00, real=0.00 secs] 
295.809: Total time for which application threads were stopped: 0.0049220 seconds, Stopping threads took: 0.0027450 seconds
295.882: Application time: 0.0730150 seconds
295.883: [GC [PSYoungGen: 91088K->7360K(97280K)] 115969K->32249K(318976K), 0.0021990 secs] [Times: user=0.02 sys=0.00, real=0.00 secs] 
295.886: Total time for which application threads were stopped: 0.0034050 seconds, Stopping threads took: 0.0011220 seconds
295.959: Application time: 0.0730850 seconds
295.961: [GC [PSYoungGen: 90816K->7008K(97280K)] 115705K->31905K(318976K), 0.0020780 secs] [Times: user=0.01 sys=0.00, real=0.00 secs] 
295.963: Total time for which application threads were stopped: 0.0039810 seconds, Stopping threads took: 0.0018260 seconds
296.037: Application time: 0.0742840 seconds
296.039: [GC [PSYoungGen: 90464K->7552K(97280K)] 115361K->32457K(318976K), 0.0021960 secs] [Times: user=0.02 sys=0.00, real=0.01 secs] 
296.041: Total time for which application threads were stopped: 0.0041720 seconds, Stopping threads took: 0.0018920 seconds
296.119: Application time: 0.0779470 seconds
296.120: [GC [PSYoungGen: 91008K->7072K(97280K)] 115913K->31985K(318976K), 0.0020650 secs] [Times: user=0.02 sys=0.00, real=0.01 secs] 
296.122: Total time for which application threads were stopped: 0.0027700 seconds, Stopping threads took: 0.0006230 seconds
296.196: Application time: 0.0742270 seconds
296.198: [GC [PSYoungGen: 90528K->5568K(97280K)] 115441K->30489K(318976K), 0.0016770 secs] [Times: user=0.02 sys=0.00, real=0.00 secs] 
296.200: Total time for which application threads were stopped: 0.0035760 seconds, Stopping threads took: 0.0018150 seconds
296.276: Application time: 0.0762270 seconds
296.277: [GC [PSYoungGen: 89024K->6336K(97280K)] 113945K->31265K(318976K), 0.0020290 secs] [Times: user=0.01 sys=0.00, real=0.00 secs] 
296.279: Total time for which application threads were stopped: 0.0028510 seconds, Stopping threads took: 0.0007430 seconds
296.355: Application time: 0.0759010 seconds
296.357: [GC [PSYoungGen: 89792K->6880K(97280K)] 114721K->31817K(318976K), 0.0021550 secs] [Times: user=0.02 sys=0.00, real=0.00 secs] 
296.359: Total time for which application threads were stopped: 0.0041420 seconds, Stopping threads took: 0.0019040 seconds
296.434: Application time: 0.0746080 seconds
296.436: [GC [PSYoungGen: 90336K->8304K(97280K)] 115273K->33249K(318976K), 0.0025180 secs] [Times: user=0.02 sys=0.00, real=0.00 secs] 
296.438: Total time for which application threads were stopped: 0.0048360 seconds, Stopping threads took: 0.0022330 seconds
296.512: Application time: 0.0737320 seconds
296.513: [GC [PSYoungGen: 91760K->7280K(97280K)] 116705K->32233K(318976K), 0.0021810 secs] [Times: user=0.02 sys=0.00, real=0.00 secs] 
296.516: Total time for which application threads were stopped: 0.0036170 seconds, Stopping threads took: 0.0013600 seconds
296.589: Application time: 0.0728300 seconds
296.590: [GC [PSYoungGen: 90736K->7424K(97280K)] 115689K->32385K(318976K), 0.0022160 secs] [Times: user=0.01 sys=0.00, real=0.01 secs] 
296.593: Total time for which application threads were stopped: 0.0040900 seconds, Stopping threads took: 0.0017930 seconds
296.667: Application time: 0.0739820 seconds
296.669: [GC [PSYoungGen: 90880K->8176K(97280K)] 115841K->33145K(318976K), 0.0023700 secs] [Times: user=0.01 sys=0.00, real=0.00 secs] 
296.672: Total time for which application threads were stopped: 0.0050370 seconds, Stopping threads took: 0.0025880 seconds
296.746: Application time: 0.0748230 seconds
296.748: [GC [PSYoungGen: 91632K->6080K(97280K)] 116601K->31057K(318976K), 0.0020070 secs] [Times: user=0.01 sys=0.00, real=0.00 secs] 
296.750: Total time for which application threads were stopped: 0.0037730 seconds, Stopping threads took: 0.0016840 seconds
296.823: Application time: 0.0725500 seconds
296.824: [GC [PSYoungGen: 89536K->7792K(97280K)] 114513K->32769K(318976K), 0.0023160 secs] [Times: user=0.02 sys=0.00, real=0.00 secs] 
296.826: Total time for which application threads were stopped: 0.0036370 seconds, Stopping threads took: 0.0012390 seconds
296.898: Application time: 0.0718880 seconds
296.900: [GC [PSYoungGen: 91248K->7312K(97280K)] 116225K->32297K(318976K), 0.0020960 secs] [Times: user=0.02 sys=0.00, real=0.00 secs] 
296.903: Total time for which application threads were stopped: 0.0042120 seconds, Stopping threads took: 0.0020370 seconds
296.976: Application time: 0.0733770 seconds
296.979: [GC [PSYoungGen: 90768K->7248K(97280K)] 115753K->32241K(318976K), 0.0020930 secs] [Times: user=0.01 sys=0.00, real=0.01 secs] 
296.981: Total time for which application threads were stopped: 0.0047640 seconds, Stopping threads took: 0.0025860 seconds
297.057: Application time: 0.0764830 seconds
297.059: [GC [PSYoungGen: 90704K->6064K(97280K)] 115697K->31065K(318976K), 0.0018280 secs] [Times: user=0.01 sys=0.00, real=0.01 secs] 
297.061: Total time for which application threads were stopped: 0.0034940 seconds, Stopping threads took: 0.0015840 seconds
297.137: Application time: 0.0762530 seconds
297.140: [GC [PSYoungGen: 89520K->5552K(97280K)] 114521K->30553K(318976K), 0.0016350 secs] [Times: user=0.01 sys=0.00, real=0.00 secs] 
297.142: Total time for which application threads were stopped: 0.0052140 seconds, Stopping threads took: 0.0035030 seconds
297.216: Application time: 0.0733780 seconds
297.218: [GC [PSYoungGen: 89008K->8096K(97280K)] 114009K->33105K(318976K), 0.0023090 secs] [Times: user=0.02 sys=0.00, real=0.00 secs] 
297.220: Total time for which application threads were stopped: 0.0047300 seconds, Stopping threads took: 0.0023410 seconds
297.293: Application time: 0.0730030 seconds
297.295: [GC [PSYoungGen: 91552K->8096K(97280K)] 116561K->33105K(318976K), 0.0024720 secs] [Times: user=0.02 sys=0.00, real=0.00 secs] 
297.297: Total time for which application threads were stopped: 0.0041990 seconds, Stopping threads took: 0.0016350 seconds
297.373: Application time: 0.0752690 seconds
297.375: [GC [PSYoungGen: 91552K->7904K(97280K)] 116561K->32921K(318976K), 0.0022270 secs] [Times: user=0.02 sys=0.00, real=0.00 secs] 
297.378: Total time for which application threads were stopped: 0.0048160 seconds, Stopping threads took: 0.0025120 seconds
297.452: Application time: 0.0747210 seconds
297.456: [GC [PSYoungGen: 91360K->6832K(97280K)] 116377K->31857K(318976K), 0.0020140 secs] [Times: user=0.01 sys=0.00, real=0.00 secs] 
297.459: Total time for which application threads were stopped: 0.0062380 seconds, Stopping threads took: 0.0041430 seconds
297.533: Application time: 0.0746940 seconds
297.535: [GC [PSYoungGen: 90288K->7696K(97280K)] 115313K->32729K(318976K), 0.0022330 secs] [Times: user=0.02 sys=0.00, real=0.00 secs] 
297.538: Total time for which application threads were stopped: 0.0045520 seconds, Stopping threads took: 0.0022320 seconds
297.611: Application time: 0.0733890 seconds
297.613: [GC [PSYoungGen: 91152K->6816K(97280K)] 116185K->31849K(318976K), 0.0020380 secs] [Times: user=0.01 sys=0.00, real=0.00 secs] 
297.615: Total time for which application threads were stopped: 0.0039960 seconds, Stopping threads took: 0.0018600 seconds
297.689: Application time: 0.0734030 seconds
297.691: [GC [PSYoungGen: 90272K->6400K(97280K)] 115305K->31441K(318976K), 0.0019190 secs] [Times: user=0.01 sys=0.00, real=0.01 secs] 
297.693: Total time for which application threads were stopped: 0.0040960 seconds, Stopping threads took: 0.0020980 seconds
297.766: Application time: 0.0730130 seconds
297.767: [GC [PSYoungGen: 89856K->7632K(97280K)] 114897K->32673K(318976K), 0.0022760 secs] [Times: user=0.01 sys=0.00, real=0.00 secs] 
297.770: Total time for which application threads were stopped: 0.0039760 seconds, Stopping threads took: 0.0016150 seconds
297.845: Application time: 0.0754840 seconds
297.848: [GC [PSYoungGen: 91088K->6288K(97280K)] 116129K->31337K(318976K), 0.0018390 secs] [Times: user=0.02 sys=0.00, real=0.00 secs] 
297.850: Total time for which application threads were stopped: 0.0044100 seconds, Stopping threads took: 0.0024900 seconds
297.925: Application time: 0.0753740 seconds
297.927: [GC [PSYoungGen: 89744K->5808K(97280K)] 114793K->30865K(318976K), 0.0016730 secs] [Times: user=0.01 sys=0.00, real=0.00 secs] 
297.929: Total time for which application threads were stopped: 0.0036040 seconds, Stopping threads took: 0.0018610 seconds
298.003: Application time: 0.0748940 seconds
298.006: [GC [PSYoungGen: 89264K->7296K(97280K)] 114321K->32361K(318976K), 0.0020580 secs] [Times: user=0.02 sys=0.00, real=0.00 secs] 
298.008: Total time for which application threads were stopped: 0.0043520 seconds, Stopping threads took: 0.0022220 seconds
298.082: Application time: 0.0745540 seconds
298.084: [GC [PSYoungGen: 90752K->6432K(97280K)] 115817K->31497K(318976K), 0.0018210 secs] [Times: user=0.01 sys=0.00, real=0.00 secs] 
298.086: Total time for which application threads were stopped: 0.0037270 seconds, Stopping threads took: 0.0018350 seconds
298.159: Application time: 0.0731560 seconds
298.162: [GC [PSYoungGen: 89888K->7552K(97280K)] 114953K->32625K(318976K), 0.0021220 secs] [Times: user=0.01 sys=0.00, real=0.00 secs] 
298.164: Total time for which application threads were stopped: 0.0047700 seconds, Stopping threads took: 0.0025690 seconds
298.238: Application time: 0.0737870 seconds
298.240: [GC [PSYoungGen: 91008K->6944K(97280K)] 116081K->32017K(318976K), 0.0019040 secs] [Times: user=0.01 sys=0.00, real=0.01 secs] 
298.242: Total time for which application threads were stopped: 0.0040680 seconds, Stopping threads took: 0.0020930 seconds
298.318: Application time: 0.0757580 seconds
298.319: [GC [PSYoungGen: 90400K->6688K(97280K)] 115473K->31769K(318976K), 0.0019790 secs] [Times: user=0.01 sys=0.00, real=0.01 secs] 
298.321: Total time for which application threads were stopped: 0.0037170 seconds, Stopping threads took: 0.0016510 seconds
298.397: Application time: 0.0753970 seconds
298.400: [GC [PSYoungGen: 90144K->5552K(97280K)] 115225K->30641K(318976K), 0.0015880 secs] [Times: user=0.01 sys=0.00, real=0.01 secs] 
298.401: Total time for which application threads were stopped: 0.0043850 seconds, Stopping threads took: 0.0027140 seconds
298.476: Application time: 0.0746530 seconds
298.478: [GC [PSYoungGen: 89008K->6256K(97280K)] 114097K->31353K(318976K), 0.0017630 secs] [Times: user=0.01 sys=0.00, real=0.00 secs] 
298.480: Total time for which application threads were stopped: 0.0039690 seconds, Stopping threads took: 0.0021330 seconds
298.556: Application time: 0.0766870 seconds
298.558: [GC [PSYoungGen: 89712K->5200K(97280K)] 114809K->30297K(318976K), 0.0015870 secs] [Times: user=0.01 sys=0.00, real=0.00 secs] 
298.559: Total time for which application threads were stopped: 0.0028810 seconds, Stopping threads took: 0.0012260 seconds
298.637: Application time: 0.0773280 seconds
298.639: [GC [PSYoungGen: 88656K->7408K(97280K)] 113753K->32513K(318976K), 0.0022370 secs] [Times: user=0.02 sys=0.00, real=0.01 secs] 
298.641: Total time for which application threads were stopped: 0.0045140 seconds, Stopping threads took: 0.0021990 seconds
298.715: Application time: 0.0734610 seconds
298.717: [GC [PSYoungGen: 90864K->6768K(97280K)] 115969K->31873K(318976K), 0.0019140 secs] [Times: user=0.01 sys=0.00, real=0.00 secs] 
298.719: Total time for which application threads were stopped: 0.0046700 seconds, Stopping threads took: 0.0026780 seconds
298.793: Application time: 0.0740200 seconds
298.796: [GC [PSYoungGen: 90224K->5840K(97280K)] 115329K->30961K(318976K), 0.0017940 secs] [Times: user=0.02 sys=0.00, real=0.00 secs] 
298.797: Total time for which application threads were stopped: 0.0040130 seconds, Stopping threads took: 0.0021490 seconds
298.870: Application time: 0.0730650 seconds
298.873: [GC [PSYoungGen: 89296K->7888K(97280K)] 114417K->33017K(318976K), 0.0023700 secs] [Times: user=0.02 sys=0.00, real=0.00 secs] 
298.876: Total time for which application threads were stopped: 0.0051940 seconds, Stopping threads took: 0.0027470 seconds
298.949: Application time: 0.0736530 seconds
298.951: [GC [PSYoungGen: 91344K->8096K(97280K)] 116473K->33233K(318976K), 0.0023320 secs] [Times: user=0.02 sys=0.00, real=0.01 secs] 
298.954: Total time for which application threads were stopped: 0.0043750 seconds, Stopping threads took: 0.0019520 seconds
299.026: Application time: 0.0721570 seconds
299.028: [GC [PSYoungGen: 91552K->7648K(97280K)] 116689K->32785K(318976K), 0.0022120 secs] [Times: user=0.01 sys=0.00, real=0.00 secs] 
299.030: Total time for which application threads were stopped: 0.0041350 seconds, Stopping threads took: 0.0018420 seconds
299.104: Application time: 0.0743860 seconds
299.107: [GC [PSYoungGen: 91104K->8064K(97280K)] 116241K->33209K(318976K), 0.0046440 secs] [Times: user=0.03 sys=0.00, real=0.00 secs] 
299.112: Total time for which application threads were stopped: 0.0072300 seconds, Stopping threads took: 0.0025040 seconds
299.188: Application time: 0.0765900 seconds
299.190: [GC [PSYoungGen: 91520K->6976K(97280K)] 116665K->32129K(318976K), 0.0020160 secs] [Times: user=0.02 sys=0.00, real=0.00 secs] 
299.192: Total time for which application threads were stopped: 0.0041510 seconds, Stopping threads took: 0.0020580 seconds
299.273: Application time: 0.0805600 seconds
299.275: [GC [PSYoungGen: 90432K->6000K(97280K)] 115585K->31153K(318976K), 0.0018120 secs] [Times: user=0.01 sys=0.00, real=0.00 secs] 
299.276: Total time for which application threads were stopped: 0.0036270 seconds, Stopping threads took: 0.0017370 seconds
299.355: Application time: 0.0781800 seconds
299.357: [GC [PSYoungGen: 89456K->6608K(97280K)] 114609K->31769K(318976K), 0.0018680 secs] [Times: user=0.02 sys=0.00, real=0.00 secs] 
299.358: Total time for which application threads were stopped: 0.0037650 seconds, Stopping threads took: 0.0018220 seconds
299.437: Application time: 0.0789600 seconds
299.439: [GC [PSYoungGen: 90064K->5936K(97280K)] 115225K->31105K(318976K), 0.0017850 secs] [Times: user=0.01 sys=0.00, real=0.01 secs] 
299.441: Total time for which application threads were stopped: 0.0034570 seconds, Stopping threads took: 0.0015950 seconds
299.522: Application time: 0.0806520 seconds
299.525: [GC [PSYoungGen: 89392K->6656K(97280K)] 114561K->31833K(318976K), 0.0018560 secs] [Times: user=0.01 sys=0.00, real=0.00 secs] 
299.526: Total time for which application threads were stopped: 0.0048770 seconds, Stopping threads took: 0.0029360 seconds
299.608: Application time: 0.0816780 seconds
299.611: [GC [PSYoungGen: 90112K->7296K(97280K)] 115289K->32473K(318976K), 0.0020120 secs] [Times: user=0.01 sys=0.00, real=0.01 secs] 
299.613: Total time for which application threads were stopped: 0.0051070 seconds, Stopping threads took: 0.0030180 seconds
299.694: Application time: 0.0808570 seconds
299.696: [GC [PSYoungGen: 90752K->6880K(97280K)] 115929K->32065K(318976K), 0.0019790 secs] [Times: user=0.02 sys=0.00, real=0.00 secs] 
299.698: Total time for which application threads were stopped: 0.0040640 seconds, Stopping threads took: 0.0020050 seconds
299.778: Application time: 0.0797040 seconds
299.781: [GC [PSYoungGen: 90336K->7552K(97280K)] 115521K->32737K(318976K), 0.0021770 secs] [Times: user=0.02 sys=0.00, real=0.00 secs] 
299.784: Total time for which application threads were stopped: 0.0056850 seconds, Stopping threads took: 0.0034100 seconds
299.860: Application time: 0.0765730 seconds
299.862: [GC [PSYoungGen: 91008K->8240K(97280K)] 116193K->33433K(318976K), 0.0024490 secs] [Times: user=0.02 sys=0.00, real=0.00 secs] 
299.865: Total time for which application threads were stopped: 0.0045480 seconds, Stopping threads took: 0.0020080 seconds
299.944: Application time: 0.0789630 seconds
299.946: [GC [PSYoungGen: 91694K->6896K(97280K)] 116887K->32097K(318976K), 0.0020590 secs] [Times: user=0.01 sys=0.00, real=0.00 secs] 
299.948: Total time for which application threads were stopped: 0.0044740 seconds, Stopping threads took: 0.0023410 seconds
300.029: Application time: 0.0807370 seconds
300.031: [GC [PSYoungGen: 90352K->7568K(97280K)] 115553K->32777K(318976K), 0.0023300 secs] [Times: user=0.02 sys=0.00, real=0.01 secs] 
300.034: Total time for which application threads were stopped: 0.0049510 seconds, Stopping threads took: 0.0025320 seconds
300.113: Application time: 0.0796410 seconds
300.115: [GC [PSYoungGen: 91024K->6128K(97280K)] 116233K->31337K(318976K), 0.0017080 secs] [Times: user=0.02 sys=0.00, real=0.00 secs] 
300.117: Total time for which application threads were stopped: 0.0033730 seconds, Stopping threads took: 0.0015930 seconds
300.194: Application time: 0.0775920 seconds
300.197: [GC [PSYoungGen: 89584K->7328K(97280K)] 114793K->32545K(318976K), 0.0022560 secs] [Times: user=0.01 sys=0.00, real=0.00 secs] 
300.199: Total time for which application threads were stopped: 0.0045670 seconds, Stopping threads took: 0.0022290 seconds
300.278: Application time: 0.0786400 seconds
300.280: [GC [PSYoungGen: 90784K->6656K(97280K)] 116001K->31873K(318976K), 0.0018560 secs] [Times: user=0.01 sys=0.00, real=0.01 secs] 
300.282: Total time for which application threads were stopped: 0.0041490 seconds, Stopping threads took: 0.0022140 seconds
300.361: Application time: 0.0795490 seconds
300.363: [GC [PSYoungGen: 90112K->5440K(97280K)] 115329K->30673K(318976K), 0.0016320 secs] [Times: user=0.01 sys=0.00, real=0.00 secs] 
300.365: Total time for which application threads were stopped: 0.0036660 seconds, Stopping threads took: 0.0019620 seconds
300.444: Application time: 0.0788040 seconds
300.446: [GC [PSYoungGen: 88896K->6160K(97280K)] 114129K->31401K(318976K), 0.0018170 secs] [Times: user=0.01 sys=0.00, real=0.00 secs] 
300.448: Total time for which application threads were stopped: 0.0042880 seconds, Stopping threads took: 0.0024020 seconds
300.526: Application time: 0.0783670 seconds
300.529: [GC [PSYoungGen: 89616K->7712K(97280K)] 114857K->32961K(318976K), 0.0021330 secs] [Times: user=0.02 sys=0.00, real=0.00 secs] 
300.531: Total time for which application threads were stopped: 0.0045290 seconds, Stopping threads took: 0.0023120 seconds
300.610: Application time: 0.0786510 seconds
300.612: [GC [PSYoungGen: 91168K->7120K(97280K)] 116417K->32369K(318976K), 0.0021650 secs] [Times: user=0.02 sys=0.00, real=0.01 secs] 
300.614: Total time for which application threads were stopped: 0.0043380 seconds, Stopping threads took: 0.0020800 seconds
300.692: Application time: 0.0783400 seconds
300.693: [GC [PSYoungGen: 90576K->7504K(97280K)] 115825K->32769K(318976K), 0.0021180 secs] [Times: user=0.02 sys=0.00, real=0.00 secs] 
300.696: Total time for which application threads were stopped: 0.0033020 seconds, Stopping threads took: 0.0011020 seconds
300.774: Application time: 0.0785600 seconds
300.777: [GC [PSYoungGen: 90960K->7696K(97280K)] 116225K->32961K(318976K), 0.0023530 secs] [Times: user=0.01 sys=0.00, real=0.00 secs] 
300.780: Total time for which application threads were stopped: 0.0056220 seconds, Stopping threads took: 0.0031860 seconds
300.858: Application time: 0.0781810 seconds
300.860: [GC [PSYoungGen: 91152K->6144K(97280K)] 116417K->31417K(318976K), 0.0018780 secs] [Times: user=0.01 sys=0.00, real=0.01 secs] 
300.862: Total time for which application threads were stopped: 0.0037100 seconds, Stopping threads took: 0.0017540 seconds
300.942: Application time: 0.0804290 seconds
300.944: [GC [PSYoungGen: 89600K->6816K(97280K)] 114873K->32121K(318976K), 0.0019970 secs] [Times: user=0.01 sys=0.00, real=0.00 secs] 
300.946: Total time for which application threads were stopped: 0.0039910 seconds, Stopping threads took: 0.0019090 seconds
301.024: Application time: 0.0783570 seconds
301.027: [GC [PSYoungGen: 90272K->7696K(97280K)] 115577K->33009K(318976K), 0.0021190 secs] [Times: user=0.01 sys=0.00, real=0.00 secs] 
301.029: Total time for which application threads were stopped: 0.0049000 seconds, Stopping threads took: 0.0026820 seconds
301.109: Application time: 0.0792380 seconds
301.112: [GC [PSYoungGen: 91152K->7344K(97280K)] 116465K->32657K(318976K), 0.0022610 secs] [Times: user=0.01 sys=0.00, real=0.01 secs] 
301.114: Total time for which application threads were stopped: 0.0057630 seconds, Stopping threads took: 0.0034190 seconds
301.193: Application time: 0.0787740 seconds
301.196: [GC [PSYoungGen: 90800K->6624K(97280K)] 116113K->31945K(318976K), 0.0019240 secs] [Times: user=0.01 sys=0.00, real=0.00 secs] 
301.198: Total time for which application threads were stopped: 0.0048140 seconds, Stopping threads took: 0.0028010 seconds
301.275: Application time: 0.0772070 seconds
301.278: [GC [PSYoungGen: 90080K->6592K(97280K)] 115401K->31913K(318976K), 0.0020150 secs] [Times: user=0.01 sys=0.00, real=0.00 secs] 
301.280: Total time for which application threads were stopped: 0.0046970 seconds, Stopping threads took: 0.0026040 seconds
301.359: Application time: 0.0795310 seconds
301.361: [GC [PSYoungGen: 90048K->7136K(97280K)] 115369K->32465K(318976K), 0.0020390 secs] [Times: user=0.02 sys=0.00, real=0.00 secs] 
301.363: Total time for which application threads were stopped: 0.0038280 seconds, Stopping threads took: 0.0017200 seconds
301.445: Application time: 0.0813270 seconds
301.446: [GC [PSYoungGen: 90592K->5200K(97280K)] 115921K->30537K(318976K), 0.0015790 secs] [Times: user=0.01 sys=0.00, real=0.00 secs] 
301.448: Total time for which application threads were stopped: 0.0029800 seconds, Stopping threads took: 0.0013290 seconds
301.527: Application time: 0.0799610 seconds
301.530: [GC [PSYoungGen: 88656K->7536K(97280K)] 113993K->32889K(318976K), 0.0021090 secs] [Times: user=0.02 sys=0.00, real=0.00 secs] 
301.532: Total time for which application threads were stopped: 0.0043950 seconds, Stopping threads took: 0.0022120 seconds
301.610: Application time: 0.0783440 seconds
301.612: [GC [PSYoungGen: 90992K->7792K(97280K)] 116345K->33145K(318976K), 0.0022510 secs] [Times: user=0.02 sys=0.00, real=0.01 secs] 
301.614: Total time for which application threads were stopped: 0.0039360 seconds, Stopping threads took: 0.0016030 seconds
301.693: Application time: 0.0783560 seconds
301.695: [GC [PSYoungGen: 91248K->6624K(97280K)] 116601K->31985K(318976K), 0.0019220 secs] [Times: user=0.01 sys=0.00, real=0.00 secs] 
301.697: Total time for which application threads were stopped: 0.0044140 seconds, Stopping threads took: 0.0024090 seconds
301.776: Application time: 0.0793270 seconds
301.779: [GC [PSYoungGen: 90080K->7200K(97280K)] 115441K->32561K(318976K), 0.0020840 secs] [Times: user=0.01 sys=0.00, real=0.01 secs] 
301.781: Total time for which application threads were stopped: 0.0047910 seconds, Stopping threads took: 0.0026150 seconds
301.858: Application time: 0.0774150 seconds
301.860: [GC [PSYoungGen: 90656K->6448K(97280K)] 116017K->31809K(318976K), 0.0019030 secs] [Times: user=0.01 sys=0.00, real=0.00 secs] 
301.862: Total time for which application threads were stopped: 0.0038790 seconds, Stopping threads took: 0.0018990 seconds
301.941: Application time: 0.0787640 seconds
301.943: [GC [PSYoungGen: 89904K->6416K(97280K)] 115265K->31785K(318976K), 0.0019910 secs] [Times: user=0.01 sys=0.01, real=0.00 secs] 
301.945: Total time for which application threads were stopped: 0.0035160 seconds, Stopping threads took: 0.0014460 seconds
302.024: Application time: 0.0798310 seconds
302.027: [GC [PSYoungGen: 89872K->6640K(97280K)] 115241K->32017K(318976K), 0.0019930 secs] [Times: user=0.02 sys=0.00, real=0.00 secs] 
302.029: Total time for which application threads were stopped: 0.0045790 seconds, Stopping threads took: 0.0025040 seconds
302.108: Application time: 0.0793800 seconds
302.111: [GC [PSYoungGen: 90096K->7392K(97280K)] 115473K->32769K(318976K), 0.0023540 secs] [Times: user=0.01 sys=0.00, real=0.01 secs] 
302.113: Total time for which application threads were stopped: 0.0045680 seconds, Stopping threads took: 0.0021280 seconds
302.190: Application time: 0.0774130 seconds
302.193: [GC [PSYoungGen: 90848K->6192K(97280K)] 116225K->31569K(318976K), 0.0017940 secs] [Times: user=0.01 sys=0.00, real=0.00 secs] 
302.195: Total time for which application threads were stopped: 0.0041390 seconds, Stopping threads took: 0.0022710 seconds
302.275: Application time: 0.0806210 seconds
302.278: [GC [PSYoungGen: 89648K->7088K(97280K)] 115025K->32473K(318976K), 0.0020950 secs] [Times: user=0.02 sys=0.00, real=0.00 secs] 
302.280: Total time for which application threads were stopped: 0.0045610 seconds, Stopping threads took: 0.0023820 seconds
302.356: Application time: 0.0762890 seconds
302.358: [GC [PSYoungGen: 90544K->8320K(97280K)] 115929K->33705K(318976K), 0.0024950 secs] [Times: user=0.01 sys=0.00, real=0.00 secs] 
302.360: Total time for which application threads were stopped: 0.0043450 seconds, Stopping threads took: 0.0017410 seconds
302.441: Application time: 0.0803070 seconds
302.443: [GC [PSYoungGen: 91776K->7152K(97280K)] 117161K->32545K(318976K), 0.0021560 secs] [Times: user=0.01 sys=0.00, real=0.00 secs] 
302.445: Total time for which application threads were stopped: 0.0041620 seconds, Stopping threads took: 0.0019280 seconds
302.524: Application time: 0.0792840 seconds
302.526: [GC [PSYoungGen: 90608K->6512K(97280K)] 116001K->31913K(318976K), 0.0019450 secs] [Times: user=0.01 sys=0.00, real=0.00 secs] 
302.528: Total time for which application threads were stopped: 0.0038390 seconds, Stopping threads took: 0.0018170 seconds
302.606: Application time: 0.0780410 seconds
302.609: [GC [PSYoungGen: 89968K->7920K(97280K)] 115369K->33329K(318976K), 0.0022990 secs] [Times: user=0.02 sys=0.00, real=0.00 secs] 
302.611: Total time for which application threads were stopped: 0.0051170 seconds, Stopping threads took: 0.0027330 seconds
302.688: Application time: 0.0766890 seconds
302.690: [GC [PSYoungGen: 91376K->6800K(97280K)] 116785K->32209K(318976K), 0.0021500 secs] [Times: user=0.01 sys=0.00, real=0.00 secs] 
302.692: Total time for which application threads were stopped: 0.0038630 seconds, Stopping threads took: 0.0016320 seconds
302.772: Application time: 0.0801900 seconds
302.774: [GC [PSYoungGen: 90256K->6896K(97280K)] 115665K->32313K(318976K), 0.0021370 secs] [Times: user=0.02 sys=0.00, real=0.00 secs] 
302.776: Total time for which application threads were stopped: 0.0040930 seconds, Stopping threads took: 0.0018640 seconds
302.856: Application time: 0.0797270 seconds
302.858: [GC [PSYoungGen: 90352K->4688K(97280K)] 115769K->30105K(318976K), 0.0014160 secs] [Times: user=0.01 sys=0.00, real=0.00 secs] 
302.859: Total time for which application threads were stopped: 0.0033510 seconds, Stopping threads took: 0.0018610 seconds
302.938: Application time: 0.0786610 seconds
302.940: [GC [PSYoungGen: 88144K->7024K(97280K)] 113561K->32449K(318976K), 0.0021010 secs] [Times: user=0.02 sys=0.00, real=0.01 secs] 
302.942: Total time for which application threads were stopped: 0.0046900 seconds, Stopping threads took: 0.0024960 seconds
303.021: Application time: 0.0787880 seconds
303.024: [GC [PSYoungGen: 90480K->6464K(97280K)] 115905K->31897K(318976K), 0.0018800 secs] [Times: user=0.01 sys=0.00, real=0.00 secs] 
303.025: Total time for which application threads were stopped: 0.0042280 seconds, Stopping threads took: 0.0022700 seconds
303.103: Application time: 0.0770950 seconds
303.105: [GC [PSYoungGen: 89920K->7024K(97280K)] 115353K->32465K(318976K), 0.0021800 secs] [Times: user=0.01 sys=0.00, real=0.00 secs] 
303.107: Total time for which application threads were stopped: 0.0042460 seconds, Stopping threads took: 0.0019840 seconds
303.182: Application time: 0.0754350 seconds
303.184: [GC [PSYoungGen: 90480K->6704K(97280K)] 115921K->32145K(318976K), 0.0019820 secs] [Times: user=0.02 sys=0.00, real=0.00 secs] 
303.186: Total time for which application threads were stopped: 0.0036760 seconds, Stopping threads took: 0.0016160 seconds
303.261: Application time: 0.0749880 seconds
303.263: [GC [PSYoungGen: 90160K->7248K(97280K)] 115601K->32697K(318976K), 0.0021400 secs] [Times: user=0.01 sys=0.00, real=0.00 secs] 
303.265: Total time for which application threads were stopped: 0.0040100 seconds, Stopping threads took: 0.0017840 seconds
303.339: Application time: 0.0736650 seconds
303.341: [GC [PSYoungGen: 90704K->7008K(97280K)] 116153K->32457K(318976K), 0.0021640 secs] [Times: user=0.02 sys=0.00, real=0.00 secs] 
303.343: Total time for which application threads were stopped: 0.0042370 seconds, Stopping threads took: 0.0019950 seconds
303.417: Application time: 0.0745500 seconds
303.420: [GC [PSYoungGen: 90464K->8000K(97280K)] 115913K->33457K(318976K), 0.0022160 secs] [Times: user=0.01 sys=0.00, real=0.01 secs] 
303.422: Total time for which application threads were stopped: 0.0045430 seconds, Stopping threads took: 0.0022440 seconds
303.496: Application time: 0.0737130 seconds
303.497: [GC [PSYoungGen: 91456K->6400K(97280K)] 116913K->31865K(318976K), 0.0018300 secs] [Times: user=0.01 sys=0.00, real=0.00 secs] 
303.499: Total time for which application threads were stopped: 0.0031450 seconds, Stopping threads took: 0.0012380 seconds
303.573: Application time: 0.0739460 seconds
303.575: [GC [PSYoungGen: 89856K->6336K(97280K)] 115321K->31809K(318976K), 0.0018780 secs] [Times: user=0.01 sys=0.00, real=0.00 secs] 
303.577: Total time for which application threads were stopped: 0.0042650 seconds, Stopping threads took: 0.0023120 seconds
303.650: Application time: 0.0731260 seconds
303.652: [GC [PSYoungGen: 89792K->7664K(97280K)] 115265K->33137K(318976K), 0.0022270 secs] [Times: user=0.01 sys=0.00, real=0.01 secs] 
303.655: Total time for which application threads were stopped: 0.0044310 seconds, Stopping threads took: 0.0021230 seconds
303.728: Application time: 0.0733880 seconds
303.731: [GC [PSYoungGen: 91120K->7856K(97280K)] 116593K->33337K(318976K), 0.0022970 secs] [Times: user=0.01 sys=0.00, real=0.01 secs] 
303.733: Total time for which application threads were stopped: 0.0049020 seconds, Stopping threads took: 0.0025250 seconds
303.808: Application time: 0.0754690 seconds
303.810: [GC [PSYoungGen: 91310K->7008K(97280K)] 116791K->32489K(318976K), 0.0020670 secs] [Times: user=0.01 sys=0.00, real=0.00 secs] 
303.812: Total time for which application threads were stopped: 0.0035940 seconds, Stopping threads took: 0.0014490 seconds
303.887: Application time: 0.0747450 seconds
303.889: [GC [PSYoungGen: 90464K->6464K(97280K)] 115945K->31953K(318976K), 0.0019140 secs] [Times: user=0.02 sys=0.00, real=0.00 secs] 
303.891: Total time for which application threads were stopped: 0.0044500 seconds, Stopping threads took: 0.0024580 seconds
303.967: Application time: 0.0762030 seconds
303.969: [GC [PSYoungGen: 89920K->6144K(97280K)] 115409K->31641K(318976K), 0.0018060 secs] [Times: user=0.02 sys=0.00, real=0.00 secs] 
303.971: Total time for which application threads were stopped: 0.0037470 seconds, Stopping threads took: 0.0018680 seconds
304.047: Application time: 0.0759200 seconds
304.050: [GC [PSYoungGen: 89600K->6816K(97280K)] 115097K->32321K(318976K), 0.0019910 secs] [Times: user=0.02 sys=0.00, real=0.00 secs] 
304.052: Total time for which application threads were stopped: 0.0047090 seconds, Stopping threads took: 0.0026300 seconds
304.124: Application time: 0.0725000 seconds
304.127: [GC [PSYoungGen: 90272K->7552K(97280K)] 115777K->33057K(318976K), 0.0021080 secs] [Times: user=0.01 sys=0.00, real=0.00 secs] 
304.129: Total time for which application threads were stopped: 0.0048760 seconds, Stopping threads took: 0.0026920 seconds
304.204: Application time: 0.0745400 seconds
304.206: [GC [PSYoungGen: 91008K->6736K(97280K)] 116513K->32249K(318976K), 0.0020810 secs] [Times: user=0.01 sys=0.00, real=0.00 secs] 
304.208: Total time for which application threads were stopped: 0.0045050 seconds, Stopping threads took: 0.0023430 seconds
304.282: Application time: 0.0741060 seconds
304.284: [GC [PSYoungGen: 90192K->5088K(97280K)] 115705K->30601K(318976K), 0.0015840 secs] [Times: user=0.01 sys=0.00, real=0.00 secs] 
304.286: Total time for which application threads were stopped: 0.0034280 seconds, Stopping threads took: 0.0017760 seconds
304.362: Application time: 0.0761170 seconds
304.363: [GC [PSYoungGen: 88544K->6016K(97280K)] 114057K->31529K(318976K), 0.0017560 secs] [Times: user=0.01 sys=0.00, real=0.00 secs] 
304.365: Total time for which application threads were stopped: 0.0034750 seconds, Stopping threads took: 0.0016480 seconds
304.436: Application time: 0.0711490 seconds
304.438: [GC [PSYoungGen: 89472K->8128K(97280K)] 114985K->33649K(318976K), 0.0024360 secs] [Times: user=0.01 sys=0.00, real=0.01 secs] 
304.441: Total time for which application threads were stopped: 0.0044460 seconds, Stopping threads took: 0.0019300 seconds
304.513: Application time: 0.0724060 seconds
304.515: [GC [PSYoungGen: 91584K->6880K(97280K)] 117105K->32409K(318976K), 0.0020370 secs] [Times: user=0.02 sys=0.00, real=0.00 secs] 
304.517: Total time for which application threads were stopped: 0.0041790 seconds, Stopping threads took: 0.0020600 seconds
304.590: Application time: 0.0729260 seconds
304.592: [GC [PSYoungGen: 90336K->6880K(97280K)] 115865K->32409K(318976K), 0.0019600 secs] [Times: user=0.01 sys=0.00, real=0.01 secs] 
304.594: Total time for which application threads were stopped: 0.0034870 seconds, Stopping threads took: 0.0014400 seconds
304.667: Application time: 0.0730320 seconds
304.668: [GC [PSYoungGen: 90336K->8032K(97280K)] 115865K->33569K(318976K), 0.0023500 secs] [Times: user=0.01 sys=0.00, real=0.00 secs] 
304.671: Total time for which application threads were stopped: 0.0035860 seconds, Stopping threads took: 0.0011560 seconds
304.745: Application time: 0.0740290 seconds
304.746: [GC [PSYoungGen: 91488K->7680K(97280K)] 117025K->33225K(318976K), 0.0022990 secs] [Times: user=0.02 sys=0.00, real=0.00 secs] 
304.748: Total time for which application threads were stopped: 0.0038310 seconds, Stopping threads took: 0.0014470 seconds
304.825: Application time: 0.0769310 seconds
304.827: [GC [PSYoungGen: 91136K->7888K(97280K)] 116681K->33433K(318976K), 0.0021840 secs] [Times: user=0.02 sys=0.00, real=0.00 secs] 
304.830: Total time for which application threads were stopped: 0.0042850 seconds, Stopping threads took: 0.0020250 seconds
304.903: Application time: 0.0738410 seconds
304.905: [GC [PSYoungGen: 91344K->6352K(97280K)] 116889K->31905K(318976K), 0.0019700 secs] [Times: user=0.01 sys=0.00, real=0.00 secs] 
304.907: Total time for which application threads were stopped: 0.0040390 seconds, Stopping threads took: 0.0019940 seconds
304.981: Application time: 0.0731500 seconds
304.983: [GC [PSYoungGen: 89808K->7648K(97280K)] 115361K->33209K(318976K), 0.0022380 secs] [Times: user=0.01 sys=0.00, real=0.00 secs] 
304.986: Total time for which application threads were stopped: 0.0049260 seconds, Stopping threads took: 0.0026020 seconds
305.058: Application time: 0.0723320 seconds
305.060: [GC [PSYoungGen: 91104K->7888K(97280K)] 116665K->33457K(318976K), 0.0023020 secs] [Times: user=0.02 sys=0.00, real=0.01 secs] 
305.062: Total time for which application threads were stopped: 0.0041830 seconds, Stopping threads took: 0.0018040 seconds
305.136: Application time: 0.0735060 seconds
305.138: [GC [PSYoungGen: 91344K->7472K(97280K)] 116913K->33041K(318976K), 0.0022250 secs] [Times: user=0.01 sys=0.00, real=0.00 secs] 
305.140: Total time for which application threads were stopped: 0.0044200 seconds, Stopping threads took: 0.0021070 seconds
305.211: Application time: 0.0712020 seconds
305.213: [GC [PSYoungGen: 90928K->7712K(97280K)] 116497K->33289K(318976K), 0.0022400 secs] [Times: user=0.02 sys=0.00, real=0.00 secs] 
305.216: Total time for which application threads were stopped: 0.0044610 seconds, Stopping threads took: 0.0021350 seconds
305.290: Application time: 0.0742020 seconds
305.291: [GC [PSYoungGen: 91168K->5584K(97280K)] 116745K->31161K(318976K), 0.0017230 secs] [Times: user=0.01 sys=0.00, real=0.01 secs] 
305.293: Total time for which application threads were stopped: 0.0032590 seconds, Stopping threads took: 0.0014650 seconds
305.366: Application time: 0.0727560 seconds
305.367: [GC [PSYoungGen: 89040K->7936K(97280K)] 114617K->33521K(318976K), 0.0023760 secs] [Times: user=0.02 sys=0.00, real=0.00 secs] 
305.370: Total time for which application threads were stopped: 0.0038120 seconds, Stopping threads took: 0.0013550 seconds
305.444: Application time: 0.0740660 seconds
305.446: [GC [PSYoungGen: 91392K->7168K(97280K)] 116977K->32761K(318976K), 0.0020740 secs] [Times: user=0.01 sys=0.00, real=0.00 secs] 
305.448: Total time for which application threads were stopped: 0.0039980 seconds, Stopping threads took: 0.0018430 seconds
305.523: Application time: 0.0752320 seconds
305.526: [GC [PSYoungGen: 90624K->7168K(97280K)] 116217K->32769K(318976K), 0.0021310 secs] [Times: user=0.01 sys=0.00, real=0.00 secs] 
305.528: Total time for which application threads were stopped: 0.0048700 seconds, Stopping threads took: 0.0026580 seconds
305.603: Application time: 0.0749130 seconds
305.604: [GC [PSYoungGen: 90624K->5984K(97280K)] 116225K->31585K(318976K), 0.0018780 secs] [Times: user=0.01 sys=0.00, real=0.00 secs] 
305.606: Total time for which application threads were stopped: 0.0035160 seconds, Stopping threads took: 0.0015520 seconds
305.682: Application time: 0.0757450 seconds
305.684: [GC [PSYoungGen: 89440K->6016K(97280K)] 115041K->31625K(318976K), 0.0017750 secs] [Times: user=0.01 sys=0.00, real=0.00 secs] 
305.685: Total time for which application threads were stopped: 0.0032490 seconds, Stopping threads took: 0.0014040 seconds
305.764: Application time: 0.0789140 seconds
305.766: [GC [PSYoungGen: 89472K->6016K(97280K)] 115081K->31625K(318976K), 0.0017970 secs] [Times: user=0.01 sys=0.00, real=0.00 secs] 
305.767: Total time for which application threads were stopped: 0.0031230 seconds, Stopping threads took: 0.0012540 seconds
305.843: Application time: 0.0757450 seconds
305.846: [GC [PSYoungGen: 89472K->7568K(97280K)] 115081K->33185K(318976K), 0.0020850 secs] [Times: user=0.01 sys=0.00, real=0.00 secs] 
305.848: Total time for which application threads were stopped: 0.0047640 seconds, Stopping threads took: 0.0026100 seconds
305.923: Application time: 0.0753870 seconds
305.926: [GC [PSYoungGen: 91024K->7168K(97280K)] 116641K->32793K(318976K), 0.0020170 secs] [Times: user=0.01 sys=0.00, real=0.00 secs] 
305.928: Total time for which application threads were stopped: 0.0049510 seconds, Stopping threads took: 0.0028460 seconds
306.004: Application time: 0.0757270 seconds
306.005: [GC [PSYoungGen: 90624K->5744K(97280K)] 116249K->31377K(318976K), 0.0016880 secs] [Times: user=0.01 sys=0.00, real=0.00 secs] 
306.007: Total time for which application threads were stopped: 0.0030520 seconds, Stopping threads took: 0.0012900 seconds
306.082: Application time: 0.0746420 seconds
306.084: [GC [PSYoungGen: 89200K->5936K(97280K)] 114833K->31569K(318976K), 0.0017210 secs] [Times: user=0.01 sys=0.00, real=0.00 secs] 
306.086: Total time for which application threads were stopped: 0.0045030 seconds, Stopping threads took: 0.0027100 seconds
306.160: Application time: 0.0739790 seconds
306.162: [GC [PSYoungGen: 89392K->6928K(97280K)] 115025K->32569K(318976K), 0.0019290 secs] [Times: user=0.02 sys=0.00, real=0.00 secs] 
306.164: Total time for which application threads were stopped: 0.0040440 seconds, Stopping threads took: 0.0020370 seconds
306.238: Application time: 0.0735920 seconds
306.240: [GC [PSYoungGen: 90384K->7248K(97280K)] 116025K->32889K(318976K), 0.0021750 secs] [Times: user=0.02 sys=0.00, real=0.01 secs] 
306.242: Total time for which application threads were stopped: 0.0041800 seconds, Stopping threads took: 0.0019170 seconds
306.316: Application time: 0.0740220 seconds
306.318: [GC [PSYoungGen: 90704K->7776K(97280K)] 116345K->33425K(318976K), 0.0022730 secs] [Times: user=0.01 sys=0.00, real=0.00 secs] 
306.320: Total time for which application threads were stopped: 0.0042230 seconds, Stopping threads took: 0.0018490 seconds
306.395: Application time: 0.0752270 seconds
306.398: [GC [PSYoungGen: 91232K->6928K(97280K)] 116881K->32577K(318976K), 0.0018930 secs] [Times: user=0.01 sys=0.00, real=0.00 secs] 
306.400: Total time for which application threads were stopped: 0.0044490 seconds, Stopping threads took: 0.0024860 seconds
306.473: Application time: 0.0734780 seconds
306.476: [GC [PSYoungGen: 90384K->7648K(97280K)] 116033K->33305K(318976K), 0.0022800 secs] [Times: user=0.02 sys=0.00, real=0.00 secs] 
306.478: Total time for which application threads were stopped: 0.0044840 seconds, Stopping threads took: 0.0021280 seconds
306.552: Application time: 0.0738720 seconds
306.553: [GC [PSYoungGen: 91104K->6336K(97280K)] 116761K->31993K(318976K), 0.0020800 secs] [Times: user=0.01 sys=0.00, real=0.00 secs] 
306.555: Total time for which application threads were stopped: 0.0036940 seconds, Stopping threads took: 0.0015160 seconds
306.629: Application time: 0.0737860 seconds
306.631: [GC [PSYoungGen: 89792K->6576K(97280K)] 115449K->32241K(318976K), 0.0021560 secs] [Times: user=0.02 sys=0.00, real=0.01 secs] 
306.633: Total time for which application threads were stopped: 0.0042320 seconds, Stopping threads took: 0.0019950 seconds
306.706: Application time: 0.0723170 seconds
306.708: [GC [PSYoungGen: 90032K->7120K(97280K)] 115697K->32785K(318976K), 0.0022030 secs] [Times: user=0.01 sys=0.00, real=0.00 secs] 
306.710: Total time for which application threads were stopped: 0.0041350 seconds, Stopping threads took: 0.0018540 seconds
306.784: Application time: 0.0739560 seconds
306.787: [GC [PSYoungGen: 90576K->6864K(97280K)] 116241K->32529K(318976K), 0.0019640 secs] [Times: user=0.02 sys=0.00, real=0.00 secs] 
306.789: Total time for which application threads were stopped: 0.0049610 seconds, Stopping threads took: 0.0028940 seconds
306.863: Application time: 0.0739510 seconds
306.865: [GC [PSYoungGen: 90320K->8128K(97280K)] 115985K->33801K(318976K), 0.0023080 secs] [Times: user=0.02 sys=0.00, real=0.00 secs] 
306.867: Total time for which application threads were stopped: 0.0042210 seconds, Stopping threads took: 0.0018360 seconds
306.943: Application time: 0.0756380 seconds
306.944: [GC [PSYoungGen: 91584K->5824K(97280K)] 117257K->31505K(318976K), 0.0016920 secs] [Times: user=0.01 sys=0.00, real=0.00 secs] 
306.946: Total time for which application threads were stopped: 0.0033680 seconds, Stopping threads took: 0.0016050 seconds
307.019: Application time: 0.0734710 seconds
307.021: [GC [PSYoungGen: 89280K->6528K(97280K)] 114961K->32217K(318976K), 0.0019390 secs] [Times: user=0.01 sys=0.00, real=0.00 secs] 
307.023: Total time for which application threads were stopped: 0.0038360 seconds, Stopping threads took: 0.0018200 seconds
307.095: Application time: 0.0721090 seconds
307.098: [GC [PSYoungGen: 89984K->8192K(97280K)] 115673K->33889K(318976K), 0.0023720 secs] [Times: user=0.02 sys=0.00, real=0.01 secs] 
307.101: Total time for which application threads were stopped: 0.0051550 seconds, Stopping threads took: 0.0027020 seconds
307.176: Application time: 0.0749990 seconds
307.178: [GC [PSYoungGen: 91648K->7456K(97280K)] 117345K->33161K(318976K), 0.0022480 secs] [Times: user=0.02 sys=0.00, real=0.01 secs] 
307.181: Total time for which application threads were stopped: 0.0051870 seconds, Stopping threads took: 0.0028480 seconds
307.258: Application time: 0.0774590 seconds
307.261: [GC [PSYoungGen: 90912K->6848K(97280K)] 116617K->32553K(318976K), 0.0022880 secs] [Times: user=0.01 sys=0.00, real=0.00 secs] 
307.263: Total time for which application threads were stopped: 0.0046580 seconds, Stopping threads took: 0.0022930 seconds
307.342: Application time: 0.0793900 seconds
307.345: [GC [PSYoungGen: 90304K->7184K(97280K)] 116009K->32897K(318976K), 0.0024840 secs] [Times: user=0.01 sys=0.00, real=0.00 secs] 
307.347: Total time for which application threads were stopped: 0.0049120 seconds, Stopping threads took: 0.0023120 seconds
307.424: Application time: 0.0765820 seconds
307.426: [GC [PSYoungGen: 90640K->7696K(97280K)] 116353K->33417K(318976K), 0.0024170 secs] [Times: user=0.02 sys=0.00, real=0.00 secs] 
307.428: Total time for which application threads were stopped: 0.0044540 seconds, Stopping threads took: 0.0019560 seconds
307.509: Application time: 0.0808310 seconds
307.512: [GC [PSYoungGen: 91152K->8192K(97280K)] 116873K->33921K(318976K), 0.0024140 secs] [Times: user=0.02 sys=0.00, real=0.01 secs] 
307.514: Total time for which application threads were stopped: 0.0051970 seconds, Stopping threads took: 0.0027010 seconds
307.593: Application time: 0.0788520 seconds
307.596: [GC [PSYoungGen: 91648K->6976K(97280K)] 117377K->32713K(318976K), 0.0021070 secs] [Times: user=0.01 sys=0.00, real=0.00 secs] 
307.598: Total time for which application threads were stopped: 0.0048070 seconds, Stopping threads took: 0.0026230 seconds
307.676: Application time: 0.0782700 seconds
307.681: [GC [PSYoungGen: 90432K->5456K(97280K)] 116169K->31201K(318976K), 0.0019180 secs] [Times: user=0.02 sys=0.00, real=0.00 secs] 
307.683: Total time for which application threads were stopped: 0.0063270 seconds, Stopping threads took: 0.0043140 seconds
307.762: Application time: 0.0791440 seconds
307.764: [GC [PSYoungGen: 88912K->6848K(97280K)] 114657K->32593K(318976K), 0.0019630 secs] [Times: user=0.01 sys=0.00, real=0.00 secs] 
307.766: Total time for which application threads were stopped: 0.0047550 seconds, Stopping threads took: 0.0027200 seconds
307.846: Application time: 0.0793950 seconds
307.848: [GC [PSYoungGen: 90304K->7008K(97280K)] 116049K->32761K(318976K), 0.0021160 secs] [Times: user=0.02 sys=0.00, real=0.00 secs] 
307.850: Total time for which application threads were stopped: 0.0044990 seconds, Stopping threads took: 0.0022930 seconds
307.930: Application time: 0.0793430 seconds
307.931: [GC [PSYoungGen: 90464K->5920K(97280K)] 116217K->31681K(318976K), 0.0017590 secs] [Times: user=0.01 sys=0.00, real=0.01 secs] 
307.933: Total time for which application threads were stopped: 0.0033470 seconds, Stopping threads took: 0.0015080 seconds
308.012: Application time: 0.0785030 seconds
308.015: [GC [PSYoungGen: 89376K->7376K(97280K)] 115137K->33161K(318976K), 0.0021860 secs] [Times: user=0.02 sys=0.00, real=0.00 secs] 
308.017: Total time for which application threads were stopped: 0.0053560 seconds, Stopping threads took: 0.0030890 seconds
308.099: Application time: 0.0825640 seconds
308.101: [GC [PSYoungGen: 90832K->7712K(97280K)] 116617K->33505K(318976K), 0.0021650 secs] [Times: user=0.01 sys=0.00, real=0.00 secs] 
308.103: Total time for which application threads were stopped: 0.0037790 seconds, Stopping threads took: 0.0015280 seconds
308.181: Application time: 0.0774280 seconds
308.182: [GC [PSYoungGen: 91168K->7088K(97280K)] 116961K->32889K(318976K), 0.0020870 secs] [Times: user=0.02 sys=0.00, real=0.00 secs] 
308.184: Total time for which application threads were stopped: 0.0035720 seconds, Stopping threads took: 0.0014010 seconds
308.263: Application time: 0.0788010 seconds
308.265: [GC [PSYoungGen: 90542K->6992K(97280K)] 116343K->32793K(318976K), 0.0021450 secs] [Times: user=0.02 sys=0.00, real=0.00 secs] 
308.267: Total time for which application threads were stopped: 0.0037900 seconds, Stopping threads took: 0.0015590 seconds
308.345: Application time: 0.0783080 seconds
308.348: [GC [PSYoungGen: 90448K->6768K(97280K)] 116249K->32577K(318976K), 0.0018820 secs] [Times: user=0.01 sys=0.00, real=0.00 secs] 
308.349: Total time for which application threads were stopped: 0.0042810 seconds, Stopping threads took: 0.0023210 seconds
308.429: Application time: 0.0793990 seconds
308.432: [GC [PSYoungGen: 90224K->7552K(97280K)] 116033K->33369K(318976K), 0.0021910 secs] [Times: user=0.01 sys=0.00, real=0.01 secs] 
308.434: Total time for which application threads were stopped: 0.0050040 seconds, Stopping threads took: 0.0027040 seconds
308.513: Application time: 0.0791830 seconds
308.515: [GC [PSYoungGen: 91008K->7936K(97280K)] 116825K->33761K(318976K), 0.0022380 secs] [Times: user=0.02 sys=0.00, real=0.00 secs] 
308.518: Total time for which application threads were stopped: 0.0044810 seconds, Stopping threads took: 0.0021650 seconds
308.598: Application time: 0.0802460 seconds
308.600: [GC [PSYoungGen: 91392K->7216K(97280K)] 117217K->33041K(318976K), 0.0021880 secs] [Times: user=0.01 sys=0.00, real=0.01 secs] 
308.602: Total time for which application threads were stopped: 0.0041220 seconds, Stopping threads took: 0.0018500 seconds
308.680: Application time: 0.0782920 seconds
308.683: [GC [PSYoungGen: 90672K->7504K(97280K)] 116497K->33337K(318976K), 0.0022680 secs] [Times: user=0.02 sys=0.00, real=0.00 secs] 
308.685: Total time for which application threads were stopped: 0.0050420 seconds, Stopping threads took: 0.0026920 seconds
308.765: Application time: 0.0794950 seconds
308.767: [GC [PSYoungGen: 90960K->6240K(97280K)] 116793K->32073K(318976K), 0.0017990 secs] [Times: user=0.01 sys=0.00, real=0.00 secs] 
308.769: Total time for which application threads were stopped: 0.0038710 seconds, Stopping threads took: 0.0020000 seconds
308.848: Application time: 0.0797460 seconds
308.850: [GC [PSYoungGen: 89696K->6128K(97280K)] 115529K->31969K(318976K), 0.0017890 secs] [Times: user=0.01 sys=0.00, real=0.00 secs] 
308.852: Total time for which application threads were stopped: 0.0034510 seconds, Stopping threads took: 0.0015870 seconds
308.933: Application time: 0.0815760 seconds
308.936: [GC [PSYoungGen: 89584K->5856K(97280K)] 115425K->31705K(318976K), 0.0018060 secs] [Times: user=0.01 sys=0.00, real=0.00 secs] 
308.938: Total time for which application threads were stopped: 0.0042150 seconds, Stopping threads took: 0.0023260 seconds
309.014: Application time: 0.0759830 seconds
309.016: [GC [PSYoungGen: 89312K->7616K(97280K)] 115161K->33473K(318976K), 0.0022300 secs] [Times: user=0.02 sys=0.00, real=0.00 secs] 
309.019: Total time for which application threads were stopped: 0.0049290 seconds, Stopping threads took: 0.0026190 seconds
309.096: Application time: 0.0771270 seconds
309.098: [GC [PSYoungGen: 91072K->8096K(97280K)] 116929K->33961K(318976K), 0.0023400 secs] [Times: user=0.02 sys=0.00, real=0.01 secs] 
309.101: Total time for which application threads were stopped: 0.0051390 seconds, Stopping threads took: 0.0027200 seconds
309.180: Application time: 0.0792760 seconds
309.184: [GC [PSYoungGen: 91552K->7824K(97280K)] 117417K->33697K(318976K), 0.0023470 secs] [Times: user=0.02 sys=0.00, real=0.00 secs] 
309.187: Total time for which application threads were stopped: 0.0068070 seconds, Stopping threads took: 0.0043810 seconds
309.266: Application time: 0.0793780 seconds
309.269: [GC [PSYoungGen: 91280K->6176K(97280K)] 117153K->32057K(318976K), 0.0018640 secs] [Times: user=0.01 sys=0.00, real=0.00 secs] 
309.270: Total time for which application threads were stopped: 0.0042220 seconds, Stopping threads took: 0.0022740 seconds
309.352: Application time: 0.0813470 seconds
309.354: [GC [PSYoungGen: 89632K->6656K(97280K)] 115513K->32537K(318976K), 0.0020030 secs] [Times: user=0.01 sys=0.00, real=0.00 secs] 
309.356: Total time for which application threads were stopped: 0.0044310 seconds, Stopping threads took: 0.0023490 seconds
309.437: Application time: 0.0808840 seconds
309.439: [GC [PSYoungGen: 90112K->5952K(97280K)] 115993K->31841K(318976K), 0.0017160 secs] [Times: user=0.01 sys=0.00, real=0.01 secs] 
309.441: Total time for which application threads were stopped: 0.0036130 seconds, Stopping threads took: 0.0018050 seconds
309.519: Application time: 0.0781120 seconds
309.521: [GC [PSYoungGen: 89408K->7536K(97280K)] 115297K->33433K(318976K), 0.0022420 secs] [Times: user=0.01 sys=0.00, real=0.00 secs] 
309.524: Total time for which application threads were stopped: 0.0047490 seconds, Stopping threads took: 0.0024270 seconds
309.601: Application time: 0.0777860 seconds
309.604: [GC [PSYoungGen: 90992K->7040K(97280K)] 116889K->32945K(318976K), 0.0021250 secs] [Times: user=0.02 sys=0.00, real=0.00 secs] 
309.606: Total time for which application threads were stopped: 0.0046840 seconds, Stopping threads took: 0.0024660 seconds
309.684: Application time: 0.0782690 seconds
309.686: [GC [PSYoungGen: 90496K->6672K(97280K)] 116401K->32585K(318976K), 0.0019800 secs] [Times: user=0.01 sys=0.00, real=0.00 secs] 
309.688: Total time for which application threads were stopped: 0.0032100 seconds, Stopping threads took: 0.0011510 seconds
309.765: Application time: 0.0775140 seconds
309.767: [GC [PSYoungGen: 90128K->7936K(97280K)] 116041K->33849K(318976K), 0.0023060 secs] [Times: user=0.02 sys=0.00, real=0.00 secs] 
309.770: Total time for which application threads were stopped: 0.0046850 seconds, Stopping threads took: 0.0022880 seconds
309.849: Application time: 0.0787870 seconds
309.851: [GC [PSYoungGen: 91392K->6624K(97280K)] 117305K->32545K(318976K), 0.0020250 secs] [Times: user=0.01 sys=0.00, real=0.01 secs] 
309.853: Total time for which application threads were stopped: 0.0044410 seconds, Stopping threads took: 0.0023360 seconds
309.931: Application time: 0.0776780 seconds
309.933: [GC [PSYoungGen: 90080K->7584K(97280K)] 116001K->33513K(318976K), 0.0021650 secs] [Times: user=0.02 sys=0.00, real=0.00 secs] 
309.935: Total time for which application threads were stopped: 0.0040600 seconds, Stopping threads took: 0.0018120 seconds
310.014: Application time: 0.0791370 seconds
310.016: [GC [PSYoungGen: 91040K->6656K(97280K)] 116969K->32593K(318976K), 0.0019010 secs] [Times: user=0.01 sys=0.00, real=0.00 secs] 
310.018: Total time for which application threads were stopped: 0.0036500 seconds, Stopping threads took: 0.0016640 seconds
310.096: Application time: 0.0783620 seconds
310.098: [GC [PSYoungGen: 90112K->7184K(97280K)] 116049K->33129K(318976K), 0.0020370 secs] [Times: user=0.02 sys=0.00, real=0.00 secs] 
310.100: Total time for which application threads were stopped: 0.0040160 seconds, Stopping threads took: 0.0019110 seconds
310.180: Application time: 0.0798020 seconds
310.183: [GC [PSYoungGen: 90640K->7280K(97280K)] 116585K->33233K(318976K), 0.0020850 secs] [Times: user=0.01 sys=0.00, real=0.00 secs] 
310.185: Total time for which application threads were stopped: 0.0055350 seconds, Stopping threads took: 0.0033620 seconds
310.264: Application time: 0.0788680 seconds
310.266: [GC [PSYoungGen: 90736K->7888K(97280K)] 116689K->33841K(318976K), 0.0023830 secs] [Times: user=0.02 sys=0.00, real=0.00 secs] 
310.269: Total time for which application threads were stopped: 0.0045220 seconds, Stopping threads took: 0.0020540 seconds
310.349: Application time: 0.0807700 seconds
310.352: [GC [PSYoungGen: 91344K->6208K(97280K)] 117297K->32169K(318976K), 0.0018440 secs] [Times: user=0.02 sys=0.00, real=0.01 secs] 
310.354: Total time for which application threads were stopped: 0.0040920 seconds, Stopping threads took: 0.0021610 seconds
310.435: Application time: 0.0813430 seconds
310.438: [GC [PSYoungGen: 89664K->6912K(97280K)] 115625K->32881K(318976K), 0.0020120 secs] [Times: user=0.02 sys=0.00, real=0.00 secs] 
310.440: Total time for which application threads were stopped: 0.0048150 seconds, Stopping threads took: 0.0027280 seconds
310.520: Application time: 0.0802270 seconds
310.523: [GC [PSYoungGen: 90368K->8048K(97280K)] 116337K->34025K(318976K), 0.0024210 secs] [Times: user=0.02 sys=0.00, real=0.00 secs] 
310.525: Total time for which application threads were stopped: 0.0051400 seconds, Stopping threads took: 0.0026280 seconds
310.603: Application time: 0.0775050 seconds
310.605: [GC [PSYoungGen: 91504K->7568K(97280K)] 117481K->33553K(318976K), 0.0021900 secs] [Times: user=0.01 sys=0.00, real=0.00 secs] 
310.607: Total time for which application threads were stopped: 0.0043330 seconds, Stopping threads took: 0.0020610 seconds
310.688: Application time: 0.0813720 seconds
310.691: [GC [PSYoungGen: 91024K->7872K(97280K)] 117009K->33865K(318976K), 0.0022900 secs] [Times: user=0.01 sys=0.00, real=0.01 secs] 
310.693: Total time for which application threads were stopped: 0.0050640 seconds, Stopping threads took: 0.0026930 seconds
310.773: Application time: 0.0795520 seconds
310.774: [GC [PSYoungGen: 91328K->6480K(97280K)] 117321K->32473K(318976K), 0.0020070 secs] [Times: user=0.02 sys=0.00, real=0.00 secs] 
310.776: Total time for which application threads were stopped: 0.0030460 seconds, Stopping threads took: 0.0009460 seconds
310.855: Application time: 0.0792170 seconds
310.858: [GC [PSYoungGen: 89936K->7200K(97280K)] 115929K->33201K(318976K), 0.0020390 secs] [Times: user=0.02 sys=0.00, real=0.00 secs] 
310.860: Total time for which application threads were stopped: 0.0044500 seconds, Stopping threads took: 0.0023400 seconds
310.938: Application time: 0.0785110 seconds
310.940: [GC [PSYoungGen: 90656K->7152K(97280K)] 116657K->33161K(318976K), 0.0021960 secs] [Times: user=0.01 sys=0.00, real=0.01 secs] 
310.942: Total time for which application threads were stopped: 0.0043040 seconds, Stopping threads took: 0.0020240 seconds
311.023: Application time: 0.0804440 seconds
311.024: [GC [PSYoungGen: 90608K->7168K(97280K)] 116617K->33185K(318976K), 0.0021050 secs] [Times: user=0.01 sys=0.00, real=0.00 secs] 
311.027: Total time for which application threads were stopped: 0.0037080 seconds, Stopping threads took: 0.0015130 seconds
311.106: Application time: 0.0789440 seconds
311.107: [GC [PSYoungGen: 90624K->4416K(97280K)] 116641K->30441K(318976K), 0.0013670 secs] [Times: user=0.01 sys=0.00, real=0.00 secs] 
311.108: Total time for which application threads were stopped: 0.0024530 seconds, Stopping threads took: 0.0010220 seconds
311.185: Application time: 0.0774750 seconds
311.188: [GC [PSYoungGen: 87872K->7760K(97280K)] 113897K->33793K(318976K), 0.0021510 secs] [Times: user=0.01 sys=0.00, real=0.00 secs] 
311.190: Total time for which application threads were stopped: 0.0048940 seconds, Stopping threads took: 0.0026690 seconds
311.265: Application time: 0.0741940 seconds
311.265: [GC [PSYoungGen: 91216K->7088K(97280K)] 117249K->33121K(318976K), 0.0020650 secs] [Times: user=0.01 sys=0.00, real=0.00 secs] 
311.267: Total time for which application threads were stopped: 0.0028290 seconds, Stopping threads took: 0.0006930 seconds
311.344: Application time: 0.0767370 seconds
311.347: [GC [PSYoungGen: 90544K->6576K(97280K)] 116577K->32617K(318976K), 0.0019310 secs] [Times: user=0.01 sys=0.00, real=0.00 secs] 
311.349: Total time for which application threads were stopped: 0.0048670 seconds, Stopping threads took: 0.0028520 seconds
311.426: Application time: 0.0770230 seconds
311.429: [GC [PSYoungGen: 90032K->7088K(97280K)] 116073K->33137K(318976K), 0.0020620 secs] [Times: user=0.01 sys=0.00, real=0.00 secs] 
311.431: Total time for which application threads were stopped: 0.0046460 seconds, Stopping threads took: 0.0025010 seconds
311.507: Application time: 0.0766780 seconds
311.510: [GC [PSYoungGen: 90544K->6592K(97280K)] 116593K->32641K(318976K), 0.0020000 secs] [Times: user=0.02 sys=0.00, real=0.00 secs] 
311.512: Total time for which application threads were stopped: 0.0043110 seconds, Stopping threads took: 0.0022350 seconds
311.585: Application time: 0.0737590 seconds
311.588: [GC [PSYoungGen: 90048K->7376K(97280K)] 116097K->33433K(318976K), 0.0020840 secs] [Times: user=0.02 sys=0.00, real=0.00 secs] 
311.590: Total time for which application threads were stopped: 0.0046210 seconds, Stopping threads took: 0.0024590 seconds
311.666: Application time: 0.0758850 seconds
311.669: [GC [PSYoungGen: 90832K->5968K(97280K)] 116889K->32033K(318976K), 0.0016710 secs] [Times: user=0.01 sys=0.00, real=0.00 secs] 
311.670: Total time for which application threads were stopped: 0.0045340 seconds, Stopping threads took: 0.0027930 seconds
311.746: Application time: 0.0751570 seconds
311.748: [GC [PSYoungGen: 89424K->5680K(97280K)] 115489K->31745K(318976K), 0.0016340 secs] [Times: user=0.01 sys=0.00, real=0.00 secs] 
311.750: Total time for which application threads were stopped: 0.0039740 seconds, Stopping threads took: 0.0022730 seconds
311.824: Application time: 0.0742420 seconds
311.827: [GC [PSYoungGen: 89136K->6064K(97280K)] 115201K->32137K(318976K), 0.0017290 secs] [Times: user=0.01 sys=0.00, real=0.00 secs] 
311.828: Total time for which application threads were stopped: 0.0044770 seconds, Stopping threads took: 0.0026770 seconds
311.901: Application time: 0.0729790 seconds
311.904: [GC [PSYoungGen: 89520K->7744K(97280K)] 115593K->33817K(318976K), 0.0020550 secs] [Times: user=0.01 sys=0.00, real=0.00 secs] 
311.906: Total time for which application threads were stopped: 0.0049470 seconds, Stopping threads took: 0.0028150 seconds
311.980: Application time: 0.0733760 seconds
311.982: [GC [PSYoungGen: 91198K->7232K(97280K)] 117271K->33313K(318976K), 0.0021440 secs] [Times: user=0.02 sys=0.00, real=0.00 secs] 
311.984: Total time for which application threads were stopped: 0.0040750 seconds, Stopping threads took: 0.0018500 seconds
312.057: Application time: 0.0733710 seconds
312.059: [GC [PSYoungGen: 90688K->6960K(97280K)] 116769K->33049K(318976K), 0.0020250 secs] [Times: user=0.01 sys=0.00, real=0.01 secs] 
312.061: Total time for which application threads were stopped: 0.0041610 seconds, Stopping threads took: 0.0020610 seconds
312.137: Application time: 0.0755370 seconds
312.140: [GC [PSYoungGen: 90416K->7536K(97280K)] 116505K->33633K(318976K), 0.0021430 secs] [Times: user=0.01 sys=0.00, real=0.01 secs] 
312.142: Total time for which application threads were stopped: 0.0052730 seconds, Stopping threads took: 0.0030480 seconds
312.216: Application time: 0.0740600 seconds
312.218: [GC [PSYoungGen: 90992K->7360K(97280K)] 117089K->33465K(318976K), 0.0020350 secs] [Times: user=0.01 sys=0.00, real=0.00 secs] 
312.220: Total time for which application threads were stopped: 0.0040930 seconds, Stopping threads took: 0.0019810 seconds
312.294: Application time: 0.0742410 seconds
312.296: [GC [PSYoungGen: 90816K->6832K(97280K)] 116921K->32937K(318976K), 0.0018810 secs] [Times: user=0.01 sys=0.00, real=0.00 secs] 
312.298: Total time for which application threads were stopped: 0.0033130 seconds, Stopping threads took: 0.0013590 seconds
312.372: Application time: 0.0739660 seconds
312.374: [GC [PSYoungGen: 90288K->7264K(97280K)] 116393K->33377K(318976K), 0.0021120 secs] [Times: user=0.01 sys=0.00, real=0.00 secs] 
312.376: Total time for which application threads were stopped: 0.0041330 seconds, Stopping threads took: 0.0019420 seconds
312.448: Application time: 0.0724250 seconds
312.449: [GC [PSYoungGen: 90720K->7712K(97280K)] 116833K->33833K(318976K), 0.0023040 secs] [Times: user=0.01 sys=0.00, real=0.00 secs] 
312.452: Total time for which application threads were stopped: 0.0034620 seconds, Stopping threads took: 0.0010790 seconds
312.527: Application time: 0.0751220 seconds
312.528: [GC [PSYoungGen: 91168K->6432K(97280K)] 117289K->32561K(318976K), 0.0020370 secs] [Times: user=0.01 sys=0.00, real=0.00 secs] 
312.530: Total time for which application threads were stopped: 0.0035380 seconds, Stopping threads took: 0.0014170 seconds
312.603: Application time: 0.0727420 seconds
312.605: [GC [PSYoungGen: 89888K->6896K(97280K)] 116017K->33033K(318976K), 0.0020380 secs] [Times: user=0.02 sys=0.00, real=0.00 secs] 
312.607: Total time for which application threads were stopped: 0.0039740 seconds, Stopping threads took: 0.0018540 seconds
312.680: Application time: 0.0730150 seconds
312.682: [GC [PSYoungGen: 90352K->7312K(97280K)] 116489K->33457K(318976K), 0.0020760 secs] [Times: user=0.01 sys=0.00, real=0.00 secs] 
312.684: Total time for which application threads were stopped: 0.0035900 seconds, Stopping threads took: 0.0014340 seconds
312.760: Application time: 0.0761670 seconds
312.762: [GC [PSYoungGen: 90768K->8032K(97280K)] 116913K->34177K(318976K), 0.0023390 secs] [Times: user=0.01 sys=0.01, real=0.00 secs] 
312.765: Total time for which application threads were stopped: 0.0046580 seconds, Stopping threads took: 0.0022360 seconds
312.838: Application time: 0.0732760 seconds
312.839: [GC [PSYoungGen: 91488K->6592K(97280K)] 117633K->32745K(318976K), 0.0019960 secs] [Times: user=0.01 sys=0.00, real=0.01 secs] 
312.841: Total time for which application threads were stopped: 0.0034680 seconds, Stopping threads took: 0.0013930 seconds
312.918: Application time: 0.0763000 seconds
312.920: [GC [PSYoungGen: 90048K->6368K(97280K)] 116201K->32529K(318976K), 0.0019410 secs] [Times: user=0.01 sys=0.00, real=0.01 secs] 
312.922: Total time for which application threads were stopped: 0.0039630 seconds, Stopping threads took: 0.0019470 seconds
312.993: Application time: 0.0718640 seconds
312.995: [GC [PSYoungGen: 89824K->8384K(97280K)] 115985K->34553K(318976K), 0.0024730 secs] [Times: user=0.02 sys=0.00, real=0.00 secs] 
312.998: Total time for which application threads were stopped: 0.0042310 seconds, Stopping threads took: 0.0016720 seconds
313.074: Application time: 0.0766430 seconds
313.076: [GC [PSYoungGen: 91840K->8224K(97280K)] 118009K->34401K(318976K), 0.0024110 secs] [Times: user=0.02 sys=0.00, real=0.00 secs] 
313.079: Total time for which application threads were stopped: 0.0044810 seconds, Stopping threads took: 0.0019850 seconds
313.153: Application time: 0.0743810 seconds
313.155: [GC [PSYoungGen: 91680K->6720K(97280K)] 117857K->32905K(318976K), 0.0018680 secs] [Times: user=0.01 sys=0.00, real=0.00 secs] 
313.157: Total time for which application threads were stopped: 0.0039500 seconds, Stopping threads took: 0.0020140 seconds
313.230: Application time: 0.0726540 seconds
313.232: [GC [PSYoungGen: 90176K->8320K(97280K)] 116361K->34505K(318976K), 0.0023510 secs] [Times: user=0.01 sys=0.00, real=0.01 secs] 
313.234: Total time for which application threads were stopped: 0.0046070 seconds, Stopping threads took: 0.0021630 seconds
313.308: Application time: 0.0738850 seconds
313.311: [GC [PSYoungGen: 91776K->6720K(97280K)] 117961K->32913K(318976K), 0.0019890 secs] [Times: user=0.02 sys=0.00, real=0.01 secs] 
313.313: Total time for which application threads were stopped: 0.0048220 seconds, Stopping threads took: 0.0027560 seconds
313.387: Application time: 0.0739330 seconds
313.390: [GC [PSYoungGen: 90176K->7696K(97280K)] 116369K->33897K(318976K), 0.0022570 secs] [Times: user=0.01 sys=0.00, real=0.00 secs] 
313.392: Total time for which application threads were stopped: 0.0047630 seconds, Stopping threads took: 0.0024240 seconds
313.466: Application time: 0.0739800 seconds
313.469: [GC [PSYoungGen: 91152K->7120K(97280K)] 117353K->33329K(318976K), 0.0020910 secs] [Times: user=0.02 sys=0.00, real=0.00 secs] 
313.471: Total time for which application threads were stopped: 0.0047860 seconds, Stopping threads took: 0.0026180 seconds
313.546: Application time: 0.0758400 seconds
313.548: [GC [PSYoungGen: 90574K->6544K(97280K)] 116783K->32761K(318976K), 0.0019020 secs] [Times: user=0.02 sys=0.00, real=0.00 secs] 
313.550: Total time for which application threads were stopped: 0.0039060 seconds, Stopping threads took: 0.0019210 seconds
313.625: Application time: 0.0742040 seconds
313.627: [GC [PSYoungGen: 90000K->6592K(97280K)] 116217K->32817K(318976K), 0.0018920 secs] [Times: user=0.01 sys=0.00, real=0.00 secs] 
313.629: Total time for which application threads were stopped: 0.0045250 seconds, Stopping threads took: 0.0025580 seconds
313.704: Application time: 0.0747300 seconds
313.706: [GC [PSYoungGen: 90048K->6848K(97280K)] 116273K->33073K(318976K), 0.0019690 secs] [Times: user=0.02 sys=0.00, real=0.00 secs] 
313.708: Total time for which application threads were stopped: 0.0037160 seconds, Stopping threads took: 0.0016730 seconds
313.782: Application time: 0.0743790 seconds
313.785: [GC [PSYoungGen: 90304K->6800K(97280K)] 116529K->33033K(318976K), 0.0020020 secs] [Times: user=0.01 sys=0.00, real=0.00 secs] 
313.787: Total time for which application threads were stopped: 0.0048430 seconds, Stopping threads took: 0.0027550 seconds
313.859: Application time: 0.0725670 seconds
313.861: [GC [PSYoungGen: 90256K->7728K(97280K)] 116489K->33969K(318976K), 0.0021770 secs] [Times: user=0.02 sys=0.00, real=0.00 secs] 
313.863: Total time for which application threads were stopped: 0.0036190 seconds, Stopping threads took: 0.0013660 seconds
313.937: Application time: 0.0743620 seconds
313.939: [GC [PSYoungGen: 91184K->7184K(97280K)] 117425K->33425K(318976K), 0.0020980 secs] [Times: user=0.01 sys=0.00, real=0.01 secs] 
313.942: Total time for which application threads were stopped: 0.0042250 seconds, Stopping threads took: 0.0020510 seconds
314.015: Application time: 0.0730740 seconds
314.017: [GC [PSYoungGen: 90640K->7568K(97280K)] 116881K->33817K(318976K), 0.0022410 secs] [Times: user=0.02 sys=0.00, real=0.00 secs] 
314.020: Total time for which application threads were stopped: 0.0049780 seconds, Stopping threads took: 0.0026570 seconds
314.095: Application time: 0.0758650 seconds
314.098: [GC [PSYoungGen: 91024K->8192K(97280K)] 117273K->34449K(318976K), 0.0023250 secs] [Times: user=0.01 sys=0.00, real=0.00 secs] 
314.100: Total time for which application threads were stopped: 0.0046290 seconds, Stopping threads took: 0.0022260 seconds
314.175: Application time: 0.0744550 seconds
314.177: [GC [PSYoungGen: 91648K->6608K(97280K)] 117905K->32865K(318976K), 0.0019010 secs] [Times: user=0.02 sys=0.00, real=0.00 secs] 
314.179: Total time for which application threads were stopped: 0.0039870 seconds, Stopping threads took: 0.0020070 seconds
314.253: Application time: 0.0743930 seconds
314.255: [GC [PSYoungGen: 90064K->7936K(97280K)] 116321K->34193K(318976K), 0.0022830 secs] [Times: user=0.02 sys=0.00, real=0.00 secs] 
314.258: Total time for which application threads were stopped: 0.0045310 seconds, Stopping threads took: 0.0021680 seconds
314.332: Application time: 0.0746170 seconds
314.334: [GC [PSYoungGen: 91392K->7936K(97280K)] 117649K->34201K(318976K), 0.0022790 secs] [Times: user=0.02 sys=0.00, real=0.00 secs] 
314.337: Total time for which application threads were stopped: 0.0044520 seconds, Stopping threads took: 0.0020840 seconds
314.412: Application time: 0.0753980 seconds
314.415: [GC [PSYoungGen: 91392K->8352K(97280K)] 117657K->34625K(318976K), 0.0024120 secs] [Times: user=0.02 sys=0.00, real=0.00 secs] 
314.417: Total time for which application threads were stopped: 0.0051280 seconds, Stopping threads took: 0.0026390 seconds
314.491: Application time: 0.0741930 seconds
314.494: [GC [PSYoungGen: 91808K->7808K(97280K)] 118081K->34097K(318976K), 0.0022550 secs] [Times: user=0.01 sys=0.01, real=0.00 secs] 
314.496: Total time for which application threads were stopped: 0.0045000 seconds, Stopping threads took: 0.0021660 seconds
314.570: Application time: 0.0737450 seconds
314.572: [GC [PSYoungGen: 91264K->8016K(97280K)] 117553K->34313K(318976K), 0.0021960 secs] [Times: user=0.01 sys=0.00, real=0.01 secs] 
314.574: Total time for which application threads were stopped: 0.0043420 seconds, Stopping threads took: 0.0020750 seconds
314.648: Application time: 0.0744410 seconds
314.651: [GC [PSYoungGen: 91472K->7392K(97280K)] 117769K->33689K(318976K), 0.0021460 secs] [Times: user=0.02 sys=0.00, real=0.01 secs] 
314.653: Total time for which application threads were stopped: 0.0048480 seconds, Stopping threads took: 0.0026230 seconds
314.727: Application time: 0.0733320 seconds
314.728: [GC [PSYoungGen: 90848K->7040K(97280K)] 117145K->33337K(318976K), 0.0020070 secs] [Times: user=0.01 sys=0.00, real=0.00 secs] 
314.730: Total time for which application threads were stopped: 0.0038080 seconds, Stopping threads took: 0.0017280 seconds
314.805: Application time: 0.0743600 seconds
314.806: [GC [PSYoungGen: 90496K->6448K(97280K)] 116793K->32753K(318976K), 0.0018370 secs] [Times: user=0.01 sys=0.00, real=0.00 secs] 
314.808: Total time for which application threads were stopped: 0.0034060 seconds, Stopping threads took: 0.0014970 seconds
314.881: Application time: 0.0733930 seconds
314.883: [GC [PSYoungGen: 89904K->7824K(97280K)] 116209K->34137K(318976K), 0.0023630 secs] [Times: user=0.01 sys=0.00, real=0.00 secs] 
314.886: Total time for which application threads were stopped: 0.0042760 seconds, Stopping threads took: 0.0018240 seconds
314.960: Application time: 0.0737470 seconds
314.962: [GC [PSYoungGen: 91280K->8368K(97280K)] 117593K->34689K(318976K), 0.0023920 secs] [Times: user=0.02 sys=0.00, real=0.00 secs] 
314.965: Total time for which application threads were stopped: 0.0050110 seconds, Stopping threads took: 0.0025360 seconds
315.038: Application time: 0.0732570 seconds
315.040: [GC [PSYoungGen: 91824K->7808K(97280K)] 118145K->34137K(318976K), 0.0022380 secs] [Times: user=0.02 sys=0.00, real=0.01 secs] 
315.042: Total time for which application threads were stopped: 0.0041650 seconds, Stopping threads took: 0.0018520 seconds
315.116: Application time: 0.0741500 seconds
315.118: [GC [PSYoungGen: 91264K->6544K(97280K)] 117593K->32873K(318976K), 0.0018120 secs] [Times: user=0.02 sys=0.00, real=0.00 secs] 
315.120: Total time for which application threads were stopped: 0.0041060 seconds, Stopping threads took: 0.0022160 seconds
315.197: Application time: 0.0766860 seconds
315.200: [GC [PSYoungGen: 90000K->7376K(97280K)] 116329K->33705K(318976K), 0.0022260 secs] [Times: user=0.01 sys=0.00, real=0.01 secs] 
315.202: Total time for which application threads were stopped: 0.0048830 seconds, Stopping threads took: 0.0025720 seconds
315.281: Application time: 0.0794940 seconds
315.283: [GC [PSYoungGen: 90832K->7056K(97280K)] 117161K->33393K(318976K), 0.0021860 secs] [Times: user=0.01 sys=0.00, real=0.00 secs] 
315.286: Total time for which application threads were stopped: 0.0042120 seconds, Stopping threads took: 0.0019420 seconds
315.365: Application time: 0.0794950 seconds
315.367: [GC [PSYoungGen: 90512K->6896K(97280K)] 116849K->33241K(318976K), 0.0019400 secs] [Times: user=0.01 sys=0.00, real=0.00 secs] 
315.369: Total time for which application threads were stopped: 0.0043510 seconds, Stopping threads took: 0.0023330 seconds
315.448: Application time: 0.0781630 seconds
315.449: [GC [PSYoungGen: 90352K->6496K(97280K)] 116697K->32849K(318976K), 0.0019330 secs] [Times: user=0.01 sys=0.00, real=0.00 secs] 
315.451: Total time for which application threads were stopped: 0.0037500 seconds, Stopping threads took: 0.0017110 seconds
315.528: Application time: 0.0771390 seconds
315.531: [GC [PSYoungGen: 89952K->6992K(97280K)] 116305K->33353K(318976K), 0.0020840 secs] [Times: user=0.01 sys=0.00, real=0.01 secs] 
315.534: Total time for which application threads were stopped: 0.0051570 seconds, Stopping threads took: 0.0029920 seconds
315.612: Application time: 0.0788990 seconds
315.615: [GC [PSYoungGen: 90448K->7712K(97280K)] 116809K->34081K(318976K), 0.0021430 secs] [Times: user=0.02 sys=0.00, real=0.00 secs] 
315.617: Total time for which application threads were stopped: 0.0048430 seconds, Stopping threads took: 0.0026250 seconds
315.698: Application time: 0.0802480 seconds
315.700: [GC [PSYoungGen: 91168K->6992K(97280K)] 117537K->33361K(318976K), 0.0019470 secs] [Times: user=0.02 sys=0.00, real=0.01 secs] 
315.702: Total time for which application threads were stopped: 0.0042920 seconds, Stopping threads took: 0.0022580 seconds
315.780: Application time: 0.0783140 seconds
315.783: [GC [PSYoungGen: 90448K->6544K(97280K)] 116817K->32913K(318976K), 0.0018990 secs] [Times: user=0.02 sys=0.00, real=0.00 secs] 
315.785: Total time for which application threads were stopped: 0.0048020 seconds, Stopping threads took: 0.0028220 seconds
315.864: Application time: 0.0792410 seconds
315.866: [GC [PSYoungGen: 90000K->7904K(97280K)] 116369K->34281K(318976K), 0.0024070 secs] [Times: user=0.01 sys=0.00, real=0.00 secs] 
315.869: Total time for which application threads were stopped: 0.0044180 seconds, Stopping threads took: 0.0019270 seconds
315.947: Application time: 0.0782500 seconds
315.950: [GC [PSYoungGen: 91360K->7248K(97280K)] 117737K->33633K(318976K), 0.0020800 secs] [Times: user=0.01 sys=0.00, real=0.00 secs] 
315.952: Total time for which application threads were stopped: 0.0050110 seconds, Stopping threads took: 0.0028430 seconds
316.031: Application time: 0.0788330 seconds
316.034: [GC [PSYoungGen: 90704K->6768K(97280K)] 117089K->33161K(318976K), 0.0020100 secs] [Times: user=0.01 sys=0.00, real=0.00 secs] 
316.036: Total time for which application threads were stopped: 0.0050500 seconds, Stopping threads took: 0.0029640 seconds
316.116: Application time: 0.0803200 seconds
316.118: [GC [PSYoungGen: 90224K->7328K(97280K)] 116617K->33729K(318976K), 0.0021230 secs] [Times: user=0.01 sys=0.00, real=0.01 secs] 
316.120: Total time for which application threads were stopped: 0.0043240 seconds, Stopping threads took: 0.0021170 seconds
316.201: Application time: 0.0809960 seconds
316.204: [GC [PSYoungGen: 90784K->6496K(97280K)] 117185K->32897K(318976K), 0.0018820 secs] [Times: user=0.01 sys=0.00, real=0.00 secs] 
316.206: Total time for which application threads were stopped: 0.0044160 seconds, Stopping threads took: 0.0024580 seconds
316.286: Application time: 0.0796860 seconds
316.289: [GC [PSYoungGen: 89952K->7456K(97280K)] 116353K->33857K(318976K), 0.0019880 secs] [Times: user=0.02 sys=0.00, real=0.00 secs] 
316.291: Total time for which application threads were stopped: 0.0052020 seconds, Stopping threads took: 0.0031400 seconds
316.370: Application time: 0.0796970 seconds
316.373: [GC [PSYoungGen: 90912K->6080K(97280K)] 117313K->32489K(318976K), 0.0018390 secs] [Times: user=0.01 sys=0.00, real=0.00 secs] 
316.375: Total time for which application threads were stopped: 0.0046340 seconds, Stopping threads took: 0.0027200 seconds
316.455: Application time: 0.0795690 seconds
316.456: [GC [PSYoungGen: 89536K->6736K(97280K)] 115945K->33153K(318976K), 0.0019750 secs] [Times: user=0.01 sys=0.00, real=0.00 secs] 
316.458: Total time for which application threads were stopped: 0.0037400 seconds, Stopping threads took: 0.0016680 seconds
316.535: Application time: 0.0767730 seconds
316.537: [GC [PSYoungGen: 90192K->8224K(97280K)] 116609K->34649K(318976K), 0.0024830 secs] [Times: user=0.02 sys=0.00, real=0.00 secs] 
316.540: Total time for which application threads were stopped: 0.0045400 seconds, Stopping threads took: 0.0019680 seconds
316.619: Application time: 0.0797730 seconds
316.622: [GC [PSYoungGen: 91680K->6768K(97280K)] 118105K->33201K(318976K), 0.0019670 secs] [Times: user=0.01 sys=0.00, real=0.00 secs] 
316.624: Total time for which application threads were stopped: 0.0047180 seconds, Stopping threads took: 0.0026720 seconds
316.704: Application time: 0.0798100 seconds
316.705: [GC [PSYoungGen: 90224K->6192K(97280K)] 116657K->32625K(318976K), 0.0018140 secs] [Times: user=0.01 sys=0.00, real=0.00 secs] 
316.707: Total time for which application threads were stopped: 0.0033070 seconds, Stopping threads took: 0.0014160 seconds
316.790: Application time: 0.0824140 seconds
316.792: [GC [PSYoungGen: 89648K->5760K(97280K)] 116081K->32193K(318976K), 0.0018810 secs] [Times: user=0.01 sys=0.00, real=0.01 secs] 
316.794: Total time for which application threads were stopped: 0.0039670 seconds, Stopping threads took: 0.0019990 seconds
316.874: Application time: 0.0803700 seconds
316.876: [GC [PSYoungGen: 89216K->6576K(97280K)] 115649K->33017K(318976K), 0.0021180 secs] [Times: user=0.01 sys=0.00, real=0.00 secs] 
316.878: Total time for which application threads were stopped: 0.0038580 seconds, Stopping threads took: 0.0016580 seconds
316.959: Application time: 0.0810960 seconds
316.962: [GC [PSYoungGen: 90032K->6784K(97280K)] 116473K->33233K(318976K), 0.0020050 secs] [Times: user=0.01 sys=0.00, real=0.00 secs] 
316.964: Total time for which application threads were stopped: 0.0045790 seconds, Stopping threads took: 0.0024850 seconds
317.042: Application time: 0.0781580 seconds
317.044: [GC [PSYoungGen: 90240K->6896K(97280K)] 116689K->33353K(318976K), 0.0020800 secs] [Times: user=0.01 sys=0.00, real=0.00 secs] 
317.046: Total time for which application threads were stopped: 0.0039410 seconds, Stopping threads took: 0.0017920 seconds
317.125: Application time: 0.0793290 seconds
317.127: [GC [PSYoungGen: 90352K->6960K(97280K)] 116809K->33425K(318976K), 0.0020610 secs] [Times: user=0.02 sys=0.00, real=0.00 secs] 
317.129: Total time for which application threads were stopped: 0.0036000 seconds, Stopping threads took: 0.0014610 seconds
317.210: Application time: 0.0811250 seconds
317.212: [GC [PSYoungGen: 90416K->4944K(97280K)] 116881K->31409K(318976K), 0.0015560 secs] [Times: user=0.01 sys=0.00, real=0.01 secs] 
317.213: Total time for which application threads were stopped: 0.0033370 seconds, Stopping threads took: 0.0017030 seconds
317.293: Application time: 0.0800590 seconds
317.295: [GC [PSYoungGen: 88400K->6784K(97280K)] 114865K->33249K(318976K), 0.0019910 secs] [Times: user=0.02 sys=0.00, real=0.00 secs] 
317.297: Total time for which application threads were stopped: 0.0036180 seconds, Stopping threads took: 0.0015430 seconds
317.377: Application time: 0.0797230 seconds
317.378: [GC [PSYoungGen: 90239K->7760K(97280K)] 116704K->34233K(318976K), 0.0022470 secs] [Times: user=0.02 sys=0.00, real=0.01 secs] 
317.381: Total time for which application threads were stopped: 0.0041640 seconds, Stopping threads took: 0.0018360 seconds
317.460: Application time: 0.0795320 seconds
317.462: [GC [PSYoungGen: 91216K->6640K(97280K)] 117689K->33121K(318976K), 0.0020230 secs] [Times: user=0.01 sys=0.00, real=0.00 secs] 
317.464: Total time for which application threads were stopped: 0.0041110 seconds, Stopping threads took: 0.0020100 seconds
317.544: Application time: 0.0799770 seconds
317.546: [GC [PSYoungGen: 90096K->6624K(97280K)] 116577K->33113K(318976K), 0.0019340 secs] [Times: user=0.02 sys=0.00, real=0.00 secs] 
317.548: Total time for which application threads were stopped: 0.0040890 seconds, Stopping threads took: 0.0020640 seconds
317.628: Application time: 0.0793760 seconds
317.630: [GC [PSYoungGen: 90080K->7264K(97280K)] 116569K->33761K(318976K), 0.0021850 secs] [Times: user=0.01 sys=0.00, real=0.00 secs] 
317.632: Total time for which application threads were stopped: 0.0041160 seconds, Stopping threads took: 0.0018520 seconds
317.711: Application time: 0.0790650 seconds
317.713: [GC [PSYoungGen: 90720K->6640K(97280K)] 117217K->33137K(318976K), 0.0019590 secs] [Times: user=0.01 sys=0.00, real=0.00 secs] 
317.715: Total time for which application threads were stopped: 0.0043960 seconds, Stopping threads took: 0.0023590 seconds
317.792: Application time: 0.0767500 seconds
317.794: [GC [PSYoungGen: 90096K->8128K(97280K)] 116593K->34625K(318976K), 0.0023820 secs] [Times: user=0.01 sys=0.00, real=0.00 secs] 
317.797: Total time for which application threads were stopped: 0.0046810 seconds, Stopping threads took: 0.0022140 seconds
317.876: Application time: 0.0789540 seconds
317.877: [GC [PSYoungGen: 91584K->6608K(97280K)] 118081K->33105K(318976K), 0.0020080 secs] [Times: user=0.01 sys=0.00, real=0.00 secs] 
317.879: Total time for which application threads were stopped: 0.0032580 seconds, Stopping threads took: 0.0011720 seconds
317.960: Application time: 0.0814580 seconds
317.963: [GC [PSYoungGen: 90064K->7280K(97280K)] 116561K->33785K(318976K), 0.0020940 secs] [Times: user=0.02 sys=0.00, real=0.00 secs] 
317.965: Total time for which application threads were stopped: 0.0047350 seconds, Stopping threads took: 0.0025560 seconds
318.045: Application time: 0.0797470 seconds
318.048: [GC [PSYoungGen: 90736K->7856K(97280K)] 117241K->34369K(318976K), 0.0023420 secs] [Times: user=0.01 sys=0.00, real=0.00 secs] 
318.050: Total time for which application threads were stopped: 0.0052050 seconds, Stopping threads took: 0.0027690 seconds
318.129: Application time: 0.0783850 seconds
318.131: [GC [PSYoungGen: 91312K->7056K(97280K)] 117825K->33577K(318976K), 0.0020270 secs] [Times: user=0.01 sys=0.00, real=0.01 secs] 
318.133: Total time for which application threads were stopped: 0.0046810 seconds, Stopping threads took: 0.0025700 seconds
318.214: Application time: 0.0803160 seconds
318.215: [GC [PSYoungGen: 90512K->5632K(97280K)] 117033K->32153K(318976K), 0.0017530 secs] [Times: user=0.01 sys=0.00, real=0.00 secs] 
318.217: Total time for which application threads were stopped: 0.0031380 seconds, Stopping threads took: 0.0013130 seconds
318.297: Application time: 0.0804530 seconds
318.299: [GC [PSYoungGen: 89088K->7312K(97280K)] 115609K->33833K(318976K), 0.0020660 secs] [Times: user=0.02 sys=0.00, real=0.01 secs] 
318.301: Total time for which application threads were stopped: 0.0042910 seconds, Stopping threads took: 0.0021400 seconds
318.379: Application time: 0.0779600 seconds
318.381: [GC [PSYoungGen: 90766K->6864K(97280K)] 117288K->33385K(318976K), 0.0019720 secs] [Times: user=0.01 sys=0.00, real=0.00 secs] 
318.383: Total time for which application threads were stopped: 0.0038020 seconds, Stopping threads took: 0.0017340 seconds
318.461: Application time: 0.0779990 seconds
318.463: [GC [PSYoungGen: 90320K->7696K(97280K)] 116841K->34225K(318976K), 0.0024230 secs] [Times: user=0.01 sys=0.00, real=0.00 secs] 
318.466: Total time for which application threads were stopped: 0.0043820 seconds, Stopping threads took: 0.0018720 seconds
318.543: Application time: 0.0769150 seconds
318.546: [GC [PSYoungGen: 91152K->8064K(97280K)] 117681K->34601K(318976K), 0.0026540 secs] [Times: user=0.02 sys=0.00, real=0.00 secs] 
318.548: Total time for which application threads were stopped: 0.0059580 seconds, Stopping threads took: 0.0032230 seconds
318.626: Application time: 0.0770250 seconds
318.628: [GC [PSYoungGen: 91520K->7440K(97280K)] 118057K->33985K(318976K), 0.0022290 secs] [Times: user=0.02 sys=0.00, real=0.00 secs] 
318.630: Total time for which application threads were stopped: 0.0045790 seconds, Stopping threads took: 0.0022610 seconds
318.710: Application time: 0.0797540 seconds
318.711: [GC [PSYoungGen: 90896K->5600K(97280K)] 117441K->32145K(318976K), 0.0018650 secs] [Times: user=0.01 sys=0.00, real=0.01 secs] 
318.713: Total time for which application threads were stopped: 0.0032560 seconds, Stopping threads took: 0.0013100 seconds
318.791: Application time: 0.0782670 seconds
318.794: [GC [PSYoungGen: 89056K->6560K(97280K)] 115601K->33105K(318976K), 0.0019880 secs] [Times: user=0.01 sys=0.00, real=0.00 secs] 
318.796: Total time for which application threads were stopped: 0.0043140 seconds, Stopping threads took: 0.0022370 seconds
318.873: Application time: 0.0769720 seconds
318.875: [GC [PSYoungGen: 90016K->7680K(97280K)] 116561K->34225K(318976K), 0.0023180 secs] [Times: user=0.01 sys=0.00, real=0.00 secs] 
318.877: Total time for which application threads were stopped: 0.0042130 seconds, Stopping threads took: 0.0018130 seconds
318.955: Application time: 0.0778750 seconds
318.957: [GC [PSYoungGen: 91136K->7488K(97280K)] 117681K->34041K(318976K), 0.0020760 secs] [Times: user=0.02 sys=0.00, real=0.00 secs] 
318.959: Total time for which application threads were stopped: 0.0041860 seconds, Stopping threads took: 0.0020350 seconds
319.038: Application time: 0.0793050 seconds
319.040: [GC [PSYoungGen: 90944K->6624K(97280K)] 117497K->33185K(318976K), 0.0019260 secs] [Times: user=0.01 sys=0.01, real=0.00 secs] 
319.042: Total time for which application threads were stopped: 0.0041340 seconds, Stopping threads took: 0.0021250 seconds
319.121: Application time: 0.0790870 seconds
319.123: [GC [PSYoungGen: 90080K->7184K(97280K)] 116641K->33753K(318976K), 0.0021890 secs] [Times: user=0.01 sys=0.00, real=0.00 secs] 
319.126: Total time for which application threads were stopped: 0.0041740 seconds, Stopping threads took: 0.0019020 seconds
319.201: Application time: 0.0754300 seconds
319.203: [GC [PSYoungGen: 90640K->6736K(97280K)] 117209K->33313K(318976K), 0.0019280 secs] [Times: user=0.01 sys=0.00, real=0.00 secs] 
319.205: Total time for which application threads were stopped: 0.0038220 seconds, Stopping threads took: 0.0018120 seconds
319.278: Application time: 0.0730360 seconds
319.280: [GC [PSYoungGen: 90192K->7808K(97280K)] 116769K->34385K(318976K), 0.0022880 secs] [Times: user=0.02 sys=0.00, real=0.01 secs] 
319.283: Total time for which application threads were stopped: 0.0045560 seconds, Stopping threads took: 0.0021880 seconds
319.357: Application time: 0.0745380 seconds
319.359: [GC [PSYoungGen: 91264K->6800K(97280K)] 117841K->33377K(318976K), 0.0020790 secs] [Times: user=0.01 sys=0.00, real=0.01 secs] 
319.361: Total time for which application threads were stopped: 0.0043340 seconds, Stopping threads took: 0.0021670 seconds
319.434: Application time: 0.0723000 seconds
319.436: [GC [PSYoungGen: 90256K->7424K(97280K)] 116833K->34009K(318976K), 0.0021750 secs] [Times: user=0.01 sys=0.00, real=0.00 secs] 
319.438: Total time for which application threads were stopped: 0.0042180 seconds, Stopping threads took: 0.0019600 seconds
319.510: Application time: 0.0725410 seconds
319.512: [GC [PSYoungGen: 90880K->7072K(97280K)] 117465K->33665K(318976K), 0.0020500 secs] [Times: user=0.01 sys=0.00, real=0.00 secs] 
319.514: Total time for which application threads were stopped: 0.0040370 seconds, Stopping threads took: 0.0019130 seconds
319.592: Application time: 0.0777890 seconds
319.594: [GC [PSYoungGen: 90528K->7792K(97280K)] 117121K->34393K(318976K), 0.0023920 secs] [Times: user=0.02 sys=0.00, real=0.00 secs] 
319.596: Total time for which application threads were stopped: 0.0037390 seconds, Stopping threads took: 0.0012600 seconds
319.670: Application time: 0.0741500 seconds
319.672: [GC [PSYoungGen: 91248K->6816K(97280K)] 117849K->33425K(318976K), 0.0019390 secs] [Times: user=0.02 sys=0.00, real=0.00 secs] 
319.674: Total time for which application threads were stopped: 0.0041890 seconds, Stopping threads took: 0.0021660 seconds
319.749: Application time: 0.0744360 seconds
319.751: [GC [PSYoungGen: 90272K->6704K(97280K)] 116881K->33313K(318976K), 0.0018990 secs] [Times: user=0.01 sys=0.00, real=0.01 secs] 
319.753: Total time for which application threads were stopped: 0.0042870 seconds, Stopping threads took: 0.0023070 seconds
319.826: Application time: 0.0732620 seconds
319.828: [GC [PSYoungGen: 90160K->7200K(97280K)] 116769K->33809K(318976K), 0.0020820 secs] [Times: user=0.01 sys=0.00, real=0.00 secs] 
319.830: Total time for which application threads were stopped: 0.0039120 seconds, Stopping threads took: 0.0017470 seconds
319.907: Application time: 0.0765500 seconds
319.909: [GC [PSYoungGen: 90656K->7776K(97280K)] 117265K->34393K(318976K), 0.0022180 secs] [Times: user=0.01 sys=0.00, real=0.00 secs] 
319.912: Total time for which application threads were stopped: 0.0047090 seconds, Stopping threads took: 0.0024130 seconds
319.988: Application time: 0.0760970 seconds
319.990: [GC [PSYoungGen: 91232K->6176K(97280K)] 117849K->32801K(318976K), 0.0017810 secs] [Times: user=0.01 sys=0.00, real=0.00 secs] 
319.992: Total time for which application threads were stopped: 0.0039580 seconds, Stopping threads took: 0.0021060 seconds
320.065: Application time: 0.0735230 seconds
320.067: [GC [PSYoungGen: 89632K->7136K(97280K)] 116257K->33769K(318976K), 0.0020650 secs] [Times: user=0.01 sys=0.00, real=0.00 secs] 
320.070: Total time for which application threads were stopped: 0.0044020 seconds, Stopping threads took: 0.0022560 seconds
320.142: Application time: 0.0720930 seconds
320.144: [GC [PSYoungGen: 90592K->7808K(97280K)] 117225K->34449K(318976K), 0.0022170 secs] [Times: user=0.02 sys=0.00, real=0.00 secs] 
320.146: Total time for which application threads were stopped: 0.0048150 seconds, Stopping threads took: 0.0025170 seconds
320.221: Application time: 0.0745550 seconds
320.223: [GC [PSYoungGen: 91264K->6320K(97280K)] 117905K->32961K(318976K), 0.0018690 secs] [Times: user=0.02 sys=0.00, real=0.00 secs] 
320.225: Total time for which application threads were stopped: 0.0037640 seconds, Stopping threads took: 0.0018220 seconds
320.299: Application time: 0.0737800 seconds
320.301: [GC [PSYoungGen: 89776K->6800K(97280K)] 116417K->33441K(318976K), 0.0020210 secs] [Times: user=0.02 sys=0.00, real=0.00 secs] 
320.303: Total time for which application threads were stopped: 0.0041210 seconds, Stopping threads took: 0.0020170 seconds
320.377: Application time: 0.0746380 seconds
320.380: [GC [PSYoungGen: 90256K->6000K(97280K)] 116897K->32641K(318976K), 0.0017620 secs] [Times: user=0.01 sys=0.00, real=0.01 secs] 
320.382: Total time for which application threads were stopped: 0.0042920 seconds, Stopping threads took: 0.0024600 seconds
320.454: Application time: 0.0726370 seconds
320.456: [GC [PSYoungGen: 89456K->7712K(97280K)] 116097K->34361K(318976K), 0.0022100 secs] [Times: user=0.02 sys=0.00, real=0.00 secs] 
320.459: Total time for which application threads were stopped: 0.0044900 seconds, Stopping threads took: 0.0022080 seconds
320.535: Application time: 0.0760560 seconds
320.537: [GC [PSYoungGen: 91168K->7488K(97280K)] 117817K->34145K(318976K), 0.0022540 secs] [Times: user=0.01 sys=0.00, real=0.00 secs] 
320.540: Total time for which application threads were stopped: 0.0049620 seconds, Stopping threads took: 0.0026260 seconds
320.612: Application time: 0.0724120 seconds
320.614: [GC [PSYoungGen: 90944K->7552K(97280K)] 117601K->34217K(318976K), 0.0021750 secs] [Times: user=0.01 sys=0.00, real=0.00 secs] 
320.616: Total time for which application threads were stopped: 0.0041480 seconds, Stopping threads took: 0.0018940 seconds
320.691: Application time: 0.0743470 seconds
320.693: [GC [PSYoungGen: 91008K->6912K(97280K)] 117673K->33585K(318976K), 0.0019250 secs] [Times: user=0.02 sys=0.00, real=0.00 secs] 
320.695: Total time for which application threads were stopped: 0.0046730 seconds, Stopping threads took: 0.0026800 seconds
320.771: Application time: 0.0751970 seconds
320.774: [GC [PSYoungGen: 90368K->5632K(97280K)] 117041K->32305K(318976K), 0.0015300 secs] [Times: user=0.01 sys=0.00, real=0.00 secs] 
320.775: Total time for which application threads were stopped: 0.0046570 seconds, Stopping threads took: 0.0030620 seconds
320.851: Application time: 0.0762220 seconds
320.854: [GC [PSYoungGen: 89088K->7056K(97280K)] 115761K->33729K(318976K), 0.0020620 secs] [Times: user=0.01 sys=0.00, real=0.00 secs] 
320.856: Total time for which application threads were stopped: 0.0048840 seconds, Stopping threads took: 0.0027160 seconds
320.932: Application time: 0.0761400 seconds
320.934: [GC [PSYoungGen: 90512K->4832K(97280K)] 117185K->31513K(318976K), 0.0015510 secs] [Times: user=0.01 sys=0.00, real=0.00 secs] 
320.936: Total time for which application threads were stopped: 0.0031740 seconds, Stopping threads took: 0.0015560 seconds
321.011: Application time: 0.0749540 seconds
321.013: [GC [PSYoungGen: 88288K->7776K(97280K)] 114969K->34457K(318976K), 0.0022040 secs] [Times: user=0.02 sys=0.00, real=0.00 secs] 
321.015: Total time for which application threads were stopped: 0.0047700 seconds, Stopping threads took: 0.0024850 seconds
321.089: Application time: 0.0733930 seconds
321.091: [GC [PSYoungGen: 91232K->6832K(97280K)] 117913K->33521K(318976K), 0.0021060 secs] [Times: user=0.02 sys=0.00, real=0.01 secs] 
321.093: Total time for which application threads were stopped: 0.0039950 seconds, Stopping threads took: 0.0018120 seconds
321.168: Application time: 0.0752890 seconds
321.169: [GC [PSYoungGen: 90288K->6048K(97280K)] 116977K->32745K(318976K), 0.0018060 secs] [Times: user=0.01 sys=0.00, real=0.00 secs] 
321.171: Total time for which application threads were stopped: 0.0030350 seconds, Stopping threads took: 0.0011480 seconds
321.247: Application time: 0.0754790 seconds
321.248: [GC [PSYoungGen: 89504K->7808K(97280K)] 116201K->34505K(318976K), 0.0022550 secs] [Times: user=0.02 sys=0.00, real=0.00 secs] 
321.250: Total time for which application threads were stopped: 0.0036840 seconds, Stopping threads took: 0.0013530 seconds
321.325: Application time: 0.0750580 seconds
321.327: [GC [PSYoungGen: 91264K->7104K(97280K)] 117961K->33801K(318976K), 0.0020960 secs] [Times: user=0.01 sys=0.00, real=0.00 secs] 
321.329: Total time for which application threads were stopped: 0.0040710 seconds, Stopping threads took: 0.0018950 seconds
321.405: Application time: 0.0755190 seconds
321.406: [GC [PSYoungGen: 90560K->6592K(97280K)] 117257K->33297K(318976K), 0.0019200 secs] [Times: user=0.01 sys=0.00, real=0.00 secs] 
321.408: Total time for which application threads were stopped: 0.0035520 seconds, Stopping threads took: 0.0015410 seconds
321.483: Application time: 0.0742720 seconds
321.485: [GC [PSYoungGen: 90048K->6896K(97280K)] 116753K->33601K(318976K), 0.0022190 secs] [Times: user=0.02 sys=0.00, real=0.00 secs] 
321.487: Total time for which application threads were stopped: 0.0046430 seconds, Stopping threads took: 0.0023170 seconds
321.560: Application time: 0.0721950 seconds
321.561: [GC [PSYoungGen: 90352K->7040K(97280K)] 117057K->33753K(318976K), 0.0021330 secs] [Times: user=0.02 sys=0.00, real=0.00 secs] 
321.564: Total time for which application threads were stopped: 0.0039940 seconds, Stopping threads took: 0.0017630 seconds
321.639: Application time: 0.0757230 seconds
321.642: [GC [PSYoungGen: 90496K->8048K(97280K)] 117209K->34769K(318976K), 0.0023860 secs] [Times: user=0.02 sys=0.00, real=0.00 secs] 
321.645: Total time for which application threads were stopped: 0.0052560 seconds, Stopping threads took: 0.0027670 seconds
321.719: Application time: 0.0745210 seconds
321.721: [GC [PSYoungGen: 91504K->6192K(97280K)] 118225K->32913K(318976K), 0.0017640 secs] [Times: user=0.01 sys=0.00, real=0.00 secs] 
321.723: Total time for which application threads were stopped: 0.0040520 seconds, Stopping threads took: 0.0022210 seconds
321.799: Application time: 0.0753800 seconds
321.800: [GC [PSYoungGen: 89648K->6240K(97280K)] 116369K->32961K(318976K), 0.0017780 secs] [Times: user=0.01 sys=0.00, real=0.01 secs] 
321.802: Total time for which application threads were stopped: 0.0036170 seconds, Stopping threads took: 0.0017660 seconds
321.875: Application time: 0.0731460 seconds
321.877: [GC [PSYoungGen: 89696K->7552K(97280K)] 116417K->34281K(318976K), 0.0022730 secs] [Times: user=0.01 sys=0.00, real=0.00 secs] 
321.879: Total time for which application threads were stopped: 0.0039290 seconds, Stopping threads took: 0.0015760 seconds
321.953: Application time: 0.0736240 seconds
321.955: [GC [PSYoungGen: 91008K->6960K(97280K)] 117737K->33689K(318976K), 0.0020440 secs] [Times: user=0.01 sys=0.00, real=0.00 secs] 
321.957: Total time for which application threads were stopped: 0.0037490 seconds, Stopping threads took: 0.0016160 seconds
322.030: Application time: 0.0733240 seconds
322.032: [GC [PSYoungGen: 90416K->6464K(97280K)] 117145K->33209K(318976K), 0.0018310 secs] [Times: user=0.01 sys=0.00, real=0.01 secs] 
322.034: Total time for which application threads were stopped: 0.0036310 seconds, Stopping threads took: 0.0017290 seconds
322.106: Application time: 0.0721580 seconds
322.108: [GC [PSYoungGen: 89920K->7888K(97280K)] 116665K->34641K(318976K), 0.0026740 secs] [Times: user=0.02 sys=0.00, real=0.00 secs] 
322.111: Total time for which application threads were stopped: 0.0049320 seconds, Stopping threads took: 0.0021360 seconds
322.183: Application time: 0.0727290 seconds
322.185: [GC [PSYoungGen: 91344K->6496K(97280K)] 118097K->33249K(318976K), 0.0019580 secs] [Times: user=0.01 sys=0.00, real=0.00 secs] 
322.187: Total time for which application threads were stopped: 0.0041120 seconds, Stopping threads took: 0.0020720 seconds
322.264: Application time: 0.0763090 seconds
322.266: [GC [PSYoungGen: 89952K->8112K(97280K)] 116705K->34865K(318976K), 0.0024380 secs] [Times: user=0.01 sys=0.00, real=0.00 secs] 
322.269: Total time for which application threads were stopped: 0.0050020 seconds, Stopping threads took: 0.0024810 seconds
322.342: Application time: 0.0727150 seconds
322.344: [GC [PSYoungGen: 91568K->7456K(97280K)] 118321K->34225K(318976K), 0.0021740 secs] [Times: user=0.01 sys=0.00, real=0.00 secs] 
322.347: Total time for which application threads were stopped: 0.0050390 seconds, Stopping threads took: 0.0027850 seconds
322.420: Application time: 0.0734860 seconds
322.422: [GC [PSYoungGen: 90912K->7952K(97280K)] 117681K->34729K(318976K), 0.0023210 secs] [Times: user=0.02 sys=0.00, real=0.00 secs] 
322.424: Total time for which application threads were stopped: 0.0038630 seconds, Stopping threads took: 0.0014620 seconds
322.498: Application time: 0.0742220 seconds
322.500: [GC [PSYoungGen: 91408K->8224K(97280K)] 118185K->35009K(318976K), 0.0024600 secs] [Times: user=0.02 sys=0.00, real=0.01 secs] 
322.502: Total time for which application threads were stopped: 0.0040650 seconds, Stopping threads took: 0.0015100 seconds
322.579: Application time: 0.0767750 seconds
322.581: [GC [PSYoungGen: 91680K->7648K(97280K)] 118465K->34441K(318976K), 0.0022020 secs] [Times: user=0.02 sys=0.00, real=0.00 secs] 
322.583: Total time for which application threads were stopped: 0.0039780 seconds, Stopping threads took: 0.0016930 seconds
322.658: Application time: 0.0754210 seconds
322.660: [GC [PSYoungGen: 91104K->5680K(97280K)] 117897K->32481K(318976K), 0.0016400 secs] [Times: user=0.01 sys=0.00, real=0.01 secs] 
322.662: Total time for which application threads were stopped: 0.0031320 seconds, Stopping threads took: 0.0014240 seconds
322.737: Application time: 0.0756120 seconds
322.739: [GC [PSYoungGen: 89136K->6096K(97280K)] 115937K->32897K(318976K), 0.0017710 secs] [Times: user=0.01 sys=0.00, real=0.00 secs] 
322.740: Total time for which application threads were stopped: 0.0032150 seconds, Stopping threads took: 0.0013700 seconds
322.816: Application time: 0.0756770 seconds
322.818: [GC [PSYoungGen: 89552K->7072K(97280K)] 116353K->33881K(318976K), 0.0019670 secs] [Times: user=0.01 sys=0.00, real=0.00 secs] 
322.820: Total time for which application threads were stopped: 0.0038790 seconds, Stopping threads took: 0.0018390 seconds
322.896: Application time: 0.0760770 seconds
322.898: [GC [PSYoungGen: 90528K->6400K(97280K)] 117337K->33217K(318976K), 0.0020770 secs] [Times: user=0.01 sys=0.00, real=0.00 secs] 
322.900: Total time for which application threads were stopped: 0.0040340 seconds, Stopping threads took: 0.0018580 seconds
322.975: Application time: 0.0747620 seconds
322.977: [GC [PSYoungGen: 89856K->6816K(97280K)] 116673K->33641K(318976K), 0.0020580 secs] [Times: user=0.02 sys=0.00, real=0.00 secs] 
322.979: Total time for which application threads were stopped: 0.0044560 seconds, Stopping threads took: 0.0023180 seconds
323.055: Application time: 0.0756410 seconds
323.057: [GC [PSYoungGen: 90272K->6480K(97280K)] 117097K->33313K(318976K), 0.0018450 secs] [Times: user=0.02 sys=0.00, real=0.00 secs] 
323.059: Total time for which application threads were stopped: 0.0039790 seconds, Stopping threads took: 0.0020490 seconds
323.134: Application time: 0.0755650 seconds
323.138: [GC [PSYoungGen: 89936K->7312K(97280K)] 116769K->34153K(318976K), 0.0020800 secs] [Times: user=0.01 sys=0.00, real=0.00 secs] 
323.140: Total time for which application threads were stopped: 0.0052000 seconds, Stopping threads took: 0.0030500 seconds
323.218: Application time: 0.0781820 seconds
323.220: [GC [PSYoungGen: 90768K->5344K(97280K)] 117609K->32185K(318976K), 0.0016480 secs] [Times: user=0.01 sys=0.00, real=0.01 secs] 
323.221: Total time for which application threads were stopped: 0.0035280 seconds, Stopping threads took: 0.0018020 seconds
323.299: Application time: 0.0779280 seconds
323.304: [GC [PSYoungGen: 88800K->6480K(97280K)] 115641K->33321K(318976K), 0.0019900 secs] [Times: user=0.01 sys=0.00, real=0.00 secs] 
323.307: Total time for which application threads were stopped: 0.0072360 seconds, Stopping threads took: 0.0051670 seconds
323.386: Application time: 0.0794940 seconds
323.388: [GC [PSYoungGen: 89936K->7216K(97280K)] 116777K->34065K(318976K), 0.0020930 secs] [Times: user=0.01 sys=0.00, real=0.00 secs] 
323.390: Total time for which application threads were stopped: 0.0044470 seconds, Stopping threads took: 0.0022710 seconds
323.470: Application time: 0.0799070 seconds
323.473: [GC [PSYoungGen: 90672K->6960K(97280K)] 117521K->33817K(318976K), 0.0020870 secs] [Times: user=0.01 sys=0.00, real=0.00 secs] 
323.475: Total time for which application threads were stopped: 0.0048350 seconds, Stopping threads took: 0.0026690 seconds
323.554: Application time: 0.0787580 seconds
323.557: [GC [PSYoungGen: 90416K->7392K(97280K)] 117273K->34257K(318976K), 0.0021290 secs] [Times: user=0.01 sys=0.00, real=0.00 secs] 
323.559: Total time for which application threads were stopped: 0.0053780 seconds, Stopping threads took: 0.0031650 seconds
323.637: Application time: 0.0779630 seconds
323.639: [GC [PSYoungGen: 90848K->7792K(97280K)] 117713K->34665K(318976K), 0.0024240 secs] [Times: user=0.02 sys=0.00, real=0.01 secs] 
323.642: Total time for which application threads were stopped: 0.0044700 seconds, Stopping threads took: 0.0019550 seconds
323.721: Application time: 0.0789610 seconds
323.723: [GC [PSYoungGen: 91248K->8368K(97280K)] 118121K->35241K(318976K), 0.0025880 secs] [Times: user=0.02 sys=0.00, real=0.00 secs] 
323.726: Total time for which application threads were stopped: 0.0049470 seconds, Stopping threads took: 0.0022510 seconds
323.806: Application time: 0.0804770 seconds
323.808: [GC [PSYoungGen: 91824K->7296K(97280K)] 118697K->34169K(318976K), 0.0022670 secs] [Times: user=0.01 sys=0.00, real=0.00 secs] 
323.810: Total time for which application threads were stopped: 0.0042360 seconds, Stopping threads took: 0.0018850 seconds
323.891: Application time: 0.0801080 seconds
323.893: [GC [PSYoungGen: 90752K->6336K(97280K)] 117625K->33217K(318976K), 0.0020070 secs] [Times: user=0.01 sys=0.00, real=0.00 secs] 
323.895: Total time for which application threads were stopped: 0.0040970 seconds, Stopping threads took: 0.0020050 seconds
323.974: Application time: 0.0795920 seconds
323.976: [GC [PSYoungGen: 89792K->5792K(97280K)] 116673K->32681K(318976K), 0.0017710 secs] [Times: user=0.01 sys=0.00, real=0.00 secs] 
323.978: Total time for which application threads were stopped: 0.0039910 seconds, Stopping threads took: 0.0021470 seconds
324.055: Application time: 0.0769200 seconds
324.057: [GC [PSYoungGen: 89248K->6976K(97280K)] 116137K->33873K(318976K), 0.0021110 secs] [Times: user=0.01 sys=0.00, real=0.00 secs] 
324.059: Total time for which application threads were stopped: 0.0037310 seconds, Stopping threads took: 0.0015360 seconds
324.138: Application time: 0.0792350 seconds
324.141: [GC [PSYoungGen: 90432K->7424K(97280K)] 117329K->34329K(318976K), 0.0021450 secs] [Times: user=0.01 sys=0.00, real=0.00 secs] 
324.143: Total time for which application threads were stopped: 0.0048730 seconds, Stopping threads took: 0.0026390 seconds
324.222: Application time: 0.0788610 seconds
324.225: [GC [PSYoungGen: 90880K->7648K(97280K)] 117785K->34553K(318976K), 0.0022160 secs] [Times: user=0.02 sys=0.00, real=0.00 secs] 
324.227: Total time for which application threads were stopped: 0.0051780 seconds, Stopping threads took: 0.0028780 seconds
324.306: Application time: 0.0788690 seconds
324.308: [GC [PSYoungGen: 91104K->7072K(97280K)] 118009K->33977K(318976K), 0.0021050 secs] [Times: user=0.01 sys=0.00, real=0.00 secs] 
324.310: Total time for which application threads were stopped: 0.0037550 seconds, Stopping threads took: 0.0015690 seconds
324.389: Application time: 0.0798160 seconds
324.392: [GC [PSYoungGen: 90528K->6704K(97280K)] 117433K->33617K(318976K), 0.0020050 secs] [Times: user=0.01 sys=0.00, real=0.01 secs] 
324.394: Total time for which application threads were stopped: 0.0043830 seconds, Stopping threads took: 0.0022930 seconds
324.474: Application time: 0.0797620 seconds
324.475: [GC [PSYoungGen: 90160K->8128K(97280K)] 117073K->35049K(318976K), 0.0023450 secs] [Times: user=0.01 sys=0.00, real=0.00 secs] 
324.478: Total time for which application threads were stopped: 0.0041240 seconds, Stopping threads took: 0.0017000 seconds
324.556: Application time: 0.0779280 seconds
324.558: [GC [PSYoungGen: 91584K->7408K(97280K)] 118505K->34337K(318976K), 0.0022260 secs] [Times: user=0.02 sys=0.00, real=0.00 secs] 
324.560: Total time for which application threads were stopped: 0.0046070 seconds, Stopping threads took: 0.0022980 seconds
324.638: Application time: 0.0779370 seconds
324.640: [GC [PSYoungGen: 90864K->7760K(97280K)] 117793K->34697K(318976K), 0.0023960 secs] [Times: user=0.02 sys=0.00, real=0.01 secs] 
324.642: Total time for which application threads were stopped: 0.0041820 seconds, Stopping threads took: 0.0017040 seconds
324.720: Application time: 0.0776620 seconds
324.722: [GC [PSYoungGen: 91216K->7168K(97280K)] 118153K->34113K(318976K), 0.0020090 secs] [Times: user=0.01 sys=0.00, real=0.00 secs] 
324.724: Total time for which application threads were stopped: 0.0038550 seconds, Stopping threads took: 0.0017600 seconds
324.805: Application time: 0.0807060 seconds
324.806: [GC [PSYoungGen: 90624K->7440K(97280K)] 117569K->34385K(318976K), 0.0022400 secs] [Times: user=0.01 sys=0.00, real=0.00 secs] 
324.809: Total time for which application threads were stopped: 0.0040970 seconds, Stopping threads took: 0.0017700 seconds
324.890: Application time: 0.0816790 seconds
324.892: [GC [PSYoungGen: 90896K->7584K(97280K)] 117841K->34537K(318976K), 0.0021980 secs] [Times: user=0.01 sys=0.00, real=0.01 secs] 
324.894: Total time for which application threads were stopped: 0.0039290 seconds, Stopping threads took: 0.0016540 seconds
324.971: Application time: 0.0766510 seconds
324.973: [GC [PSYoungGen: 91040K->8016K(97280K)] 117993K->34977K(318976K), 0.0023410 secs] [Times: user=0.01 sys=0.00, real=0.00 secs] 
324.975: Total time for which application threads were stopped: 0.0044320 seconds, Stopping threads took: 0.0020120 seconds
325.055: Application time: 0.0793360 seconds
325.056: [GC [PSYoungGen: 91472K->6464K(97280K)] 118433K->33433K(318976K), 0.0019720 secs] [Times: user=0.01 sys=0.00, real=0.00 secs] 
325.058: Total time for which application threads were stopped: 0.0036910 seconds, Stopping threads took: 0.0016390 seconds
325.141: Application time: 0.0820770 seconds
325.142: [GC [PSYoungGen: 89920K->6128K(97280K)] 116889K->33105K(318976K), 0.0018560 secs] [Times: user=0.01 sys=0.00, real=0.00 secs] 
325.144: Total time for which application threads were stopped: 0.0035360 seconds, Stopping threads took: 0.0015980 seconds
325.226: Application time: 0.0815270 seconds
325.228: [GC [PSYoungGen: 89584K->7552K(97280K)] 116561K->34537K(318976K), 0.0021720 secs] [Times: user=0.01 sys=0.00, real=0.00 secs] 
325.230: Total time for which application threads were stopped: 0.0045360 seconds, Stopping threads took: 0.0022790 seconds
325.308: Application time: 0.0783350 seconds
325.310: [GC [PSYoungGen: 91008K->6832K(97280K)] 117993K->33817K(318976K), 0.0020330 secs] [Times: user=0.02 sys=0.00, real=0.00 secs] 
325.312: Total time for which application threads were stopped: 0.0037740 seconds, Stopping threads took: 0.0016620 seconds
325.393: Application time: 0.0811380 seconds
325.395: [GC [PSYoungGen: 90288K->7120K(97280K)] 117273K->34113K(318976K), 0.0020990 secs] [Times: user=0.02 sys=0.00, real=0.00 secs] 
325.397: Total time for which application threads were stopped: 0.0034300 seconds, Stopping threads took: 0.0012490 seconds
325.475: Application time: 0.0777960 seconds
325.477: [GC [PSYoungGen: 90576K->7552K(97280K)] 117569K->34553K(318976K), 0.0021050 secs] [Times: user=0.02 sys=0.00, real=0.00 secs] 
325.479: Total time for which application threads were stopped: 0.0045960 seconds, Stopping threads took: 0.0024140 seconds
325.561: Application time: 0.0819410 seconds
325.563: [GC [PSYoungGen: 91008K->7088K(97280K)] 118009K->34097K(318976K), 0.0021180 secs] [Times: user=0.01 sys=0.00, real=0.00 secs] 
325.565: Total time for which application threads were stopped: 0.0037520 seconds, Stopping threads took: 0.0015440 seconds
325.645: Application time: 0.0804890 seconds
325.647: [GC [PSYoungGen: 90544K->6320K(97280K)] 117553K->33337K(318976K), 0.0018410 secs] [Times: user=0.02 sys=0.00, real=0.00 secs] 
325.649: Total time for which application threads were stopped: 0.0035900 seconds, Stopping threads took: 0.0016760 seconds
325.725: Application time: 0.0763290 seconds
325.727: [GC [PSYoungGen: 89776K->8144K(97280K)] 116793K->35169K(318976K), 0.0024410 secs] [Times: user=0.02 sys=0.00, real=0.00 secs] 
325.730: Total time for which application threads were stopped: 0.0045390 seconds, Stopping threads took: 0.0020040 seconds
325.810: Application time: 0.0804880 seconds
325.813: [GC [PSYoungGen: 91600K->7568K(97280K)] 118625K->34593K(318976K), 0.0022710 secs] [Times: user=0.02 sys=0.00, real=0.00 secs] 
325.815: Total time for which application threads were stopped: 0.0048950 seconds, Stopping threads took: 0.0025140 seconds
325.894: Application time: 0.0787860 seconds
325.895: [GC [PSYoungGen: 91024K->6224K(97280K)] 118049K->33257K(318976K), 0.0019670 secs] [Times: user=0.01 sys=0.00, real=0.00 secs] 
325.897: Total time for which application threads were stopped: 0.0034080 seconds, Stopping threads took: 0.0013620 seconds
325.975: Application time: 0.0773360 seconds
325.976: [GC [PSYoungGen: 89680K->7120K(97280K)] 116713K->34161K(318976K), 0.0021390 secs] [Times: user=0.01 sys=0.00, real=0.00 secs] 
325.979: Total time for which application threads were stopped: 0.0038180 seconds, Stopping threads took: 0.0015930 seconds
326.058: Application time: 0.0790570 seconds
326.060: [GC [PSYoungGen: 90576K->7904K(97280K)] 117617K->34953K(318976K), 0.0023950 secs] [Times: user=0.02 sys=0.00, real=0.01 secs] 
326.062: Total time for which application threads were stopped: 0.0045020 seconds, Stopping threads took: 0.0020250 seconds
326.139: Application time: 0.0773090 seconds
326.143: [GC [PSYoungGen: 91360K->7488K(97280K)] 118409K->34545K(318976K), 0.0021630 secs] [Times: user=0.01 sys=0.00, real=0.00 secs] 
326.145: Total time for which application threads were stopped: 0.0052430 seconds, Stopping threads took: 0.0029920 seconds
326.225: Application time: 0.0799460 seconds
326.227: [GC [PSYoungGen: 90944K->7184K(97280K)] 118001K->34249K(318976K), 0.0021010 secs] [Times: user=0.01 sys=0.00, real=0.00 secs] 
326.229: Total time for which application threads were stopped: 0.0040500 seconds, Stopping threads took: 0.0018720 seconds
326.306: Application time: 0.0771370 seconds
326.309: [GC [PSYoungGen: 90640K->7616K(97280K)] 117705K->34681K(318976K), 0.0022000 secs] [Times: user=0.01 sys=0.00, real=0.00 secs] 
326.311: Total time for which application threads were stopped: 0.0053160 seconds, Stopping threads took: 0.0030340 seconds
326.391: Application time: 0.0801850 seconds
326.393: [GC [PSYoungGen: 91072K->5920K(97280K)] 118137K->32993K(318976K), 0.0017470 secs] [Times: user=0.01 sys=0.00, real=0.00 secs] 
326.395: Total time for which application threads were stopped: 0.0037900 seconds, Stopping threads took: 0.0019590 seconds
326.475: Application time: 0.0803140 seconds
326.478: [GC [PSYoungGen: 89376K->7040K(97280K)] 116449K->34121K(318976K), 0.0021930 secs] [Times: user=0.01 sys=0.00, real=0.01 secs] 
326.481: Total time for which application threads were stopped: 0.0051160 seconds, Stopping threads took: 0.0028390 seconds
326.558: Application time: 0.0777000 seconds
326.560: [GC [PSYoungGen: 90496K->6576K(97280K)] 117577K->33665K(318976K), 0.0021370 secs] [Times: user=0.01 sys=0.00, real=0.01 secs] 
326.562: Total time for which application threads were stopped: 0.0037400 seconds, Stopping threads took: 0.0015260 seconds
326.644: Application time: 0.0818530 seconds
326.645: [GC [PSYoungGen: 90032K->6000K(97280K)] 117121K->33097K(318976K), 0.0018220 secs] [Times: user=0.01 sys=0.00, real=0.00 secs] 
326.647: Total time for which application threads were stopped: 0.0034120 seconds, Stopping threads took: 0.0015170 seconds
326.729: Application time: 0.0812640 seconds
326.731: [GC [PSYoungGen: 89456K->7472K(97280K)] 116553K->34577K(318976K), 0.0020870 secs] [Times: user=0.02 sys=0.00, real=0.01 secs] 
326.733: Total time for which application threads were stopped: 0.0045560 seconds, Stopping threads took: 0.0023950 seconds
326.810: Application time: 0.0772370 seconds
326.813: [GC [PSYoungGen: 90928K->7120K(97280K)] 118033K->34225K(318976K), 0.0020280 secs] [Times: user=0.01 sys=0.00, real=0.00 secs] 
326.815: Total time for which application threads were stopped: 0.0047780 seconds, Stopping threads took: 0.0026700 seconds
326.895: Application time: 0.0795480 seconds
326.897: [GC [PSYoungGen: 90576K->6768K(97280K)] 117681K->33873K(318976K), 0.0019440 secs] [Times: user=0.02 sys=0.00, real=0.00 secs] 
326.899: Total time for which application threads were stopped: 0.0044100 seconds, Stopping threads took: 0.0023730 seconds
326.979: Application time: 0.0803450 seconds
326.982: [GC [PSYoungGen: 90224K->6624K(97280K)] 117329K->33737K(318976K), 0.0018700 secs] [Times: user=0.02 sys=0.00, real=0.00 secs] 
326.984: Total time for which application threads were stopped: 0.0045060 seconds, Stopping threads took: 0.0025660 seconds
327.065: Application time: 0.0811200 seconds
327.068: [GC [PSYoungGen: 90080K->6688K(97280K)] 117193K->33801K(318976K), 0.0019430 secs] [Times: user=0.02 sys=0.00, real=0.00 secs] 
327.070: Total time for which application threads were stopped: 0.0045050 seconds, Stopping threads took: 0.0024920 seconds
327.150: Application time: 0.0799930 seconds
327.152: [GC [PSYoungGen: 90144K->7968K(97280K)] 117257K->35089K(318976K), 0.0022810 secs] [Times: user=0.02 sys=0.00, real=0.01 secs] 
327.154: Total time for which application threads were stopped: 0.0045630 seconds, Stopping threads took: 0.0022050 seconds
327.228: Application time: 0.0736770 seconds
327.229: [GC [PSYoungGen: 91424K->6544K(97280K)] 118545K->33673K(318976K), 0.0018550 secs] [Times: user=0.01 sys=0.00, real=0.00 secs] 
327.231: Total time for which application threads were stopped: 0.0030250 seconds, Stopping threads took: 0.0010930 seconds
327.305: Application time: 0.0743710 seconds
327.308: [GC [PSYoungGen: 90000K->6928K(97280K)] 117129K->34065K(318976K), 0.0019090 secs] [Times: user=0.02 sys=0.00, real=0.00 secs] 
327.310: Total time for which application threads were stopped: 0.0050970 seconds, Stopping threads took: 0.0031210 seconds
327.384: Application time: 0.0734460 seconds
327.386: [GC [PSYoungGen: 90384K->7344K(97280K)] 117521K->34481K(318976K), 0.0020630 secs] [Times: user=0.02 sys=0.00, real=0.00 secs] 
327.389: Total time for which application threads were stopped: 0.0047040 seconds, Stopping threads took: 0.0025670 seconds
327.460: Application time: 0.0718010 seconds
327.463: [GC [PSYoungGen: 90800K->7648K(97280K)] 117937K->34801K(318976K), 0.0021970 secs] [Times: user=0.01 sys=0.00, real=0.00 secs] 
327.465: Total time for which application threads were stopped: 0.0044660 seconds, Stopping threads took: 0.0021860 seconds
327.539: Application time: 0.0741270 seconds
327.540: [GC [PSYoungGen: 91104K->7840K(97280K)] 118257K->35001K(318976K), 0.0022820 secs] [Times: user=0.01 sys=0.00, real=0.00 secs] 
327.543: Total time for which application threads were stopped: 0.0038790 seconds, Stopping threads took: 0.0015170 seconds
327.616: Application time: 0.0732410 seconds
327.618: [GC [PSYoungGen: 91296K->8352K(97280K)] 118457K->35521K(318976K), 0.0024750 secs] [Times: user=0.02 sys=0.00, real=0.00 secs] 
327.620: Total time for which application threads were stopped: 0.0041780 seconds, Stopping threads took: 0.0016200 seconds
327.693: Application time: 0.0732750 seconds
327.696: [GC [PSYoungGen: 91808K->7808K(97280K)] 118977K->34985K(318976K), 0.0022330 secs] [Times: user=0.01 sys=0.00, real=0.00 secs] 
327.698: Total time for which application threads were stopped: 0.0043510 seconds, Stopping threads took: 0.0020190 seconds
327.773: Application time: 0.0747960 seconds
327.775: [GC [PSYoungGen: 91264K->7616K(97280K)] 118441K->34801K(318976K), 0.0022910 secs] [Times: user=0.01 sys=0.00, real=0.00 secs] 
327.777: Total time for which application threads were stopped: 0.0044310 seconds, Stopping threads took: 0.0020650 seconds
327.854: Application time: 0.0765710 seconds
327.856: [GC [PSYoungGen: 91072K->6816K(97280K)] 118257K->34001K(318976K), 0.0019260 secs] [Times: user=0.01 sys=0.00, real=0.00 secs] 
327.858: Total time for which application threads were stopped: 0.0047890 seconds, Stopping threads took: 0.0027880 seconds
327.933: Application time: 0.0743200 seconds
327.935: [GC [PSYoungGen: 90272K->7136K(97280K)] 117457K->34329K(318976K), 0.0021320 secs] [Times: user=0.02 sys=0.00, real=0.00 secs] 
327.937: Total time for which application threads were stopped: 0.0047020 seconds, Stopping threads took: 0.0024870 seconds
328.015: Application time: 0.0775600 seconds
328.017: [GC [PSYoungGen: 90592K->6032K(97280K)] 117785K->33233K(318976K), 0.0018050 secs] [Times: user=0.02 sys=0.00, real=0.00 secs] 
328.019: Total time for which application threads were stopped: 0.0041720 seconds, Stopping threads took: 0.0022830 seconds
328.094: Application time: 0.0752080 seconds
328.097: [GC [PSYoungGen: 89488K->6928K(97280K)] 116689K->34137K(318976K), 0.0019190 secs] [Times: user=0.02 sys=0.00, real=0.00 secs] 
328.098: Total time for which application threads were stopped: 0.0040600 seconds, Stopping threads took: 0.0020670 seconds
328.174: Application time: 0.0757560 seconds
328.177: [GC [PSYoungGen: 90384K->6640K(97280K)] 117593K->33857K(318976K), 0.0018330 secs] [Times: user=0.01 sys=0.00, real=0.00 secs] 
328.179: Total time for which application threads were stopped: 0.0048550 seconds, Stopping threads took: 0.0029480 seconds
328.254: Application time: 0.0751150 seconds
328.256: [GC [PSYoungGen: 90096K->6112K(97280K)] 117313K->33337K(318976K), 0.0017950 secs] [Times: user=0.01 sys=0.00, real=0.00 secs] 
328.258: Total time for which application threads were stopped: 0.0036960 seconds, Stopping threads took: 0.0018280 seconds
328.331: Application time: 0.0733390 seconds
328.333: [GC [PSYoungGen: 89568K->7584K(97280K)] 116793K->34809K(318976K), 0.0023130 secs] [Times: user=0.02 sys=0.00, real=0.00 secs] 
328.335: Total time for which application threads were stopped: 0.0041450 seconds, Stopping threads took: 0.0017530 seconds
328.410: Application time: 0.0743550 seconds
328.412: [GC [PSYoungGen: 91040K->5984K(97280K)] 118265K->33217K(318976K), 0.0016660 secs] [Times: user=0.01 sys=0.00, real=0.01 secs] 
328.414: Total time for which application threads were stopped: 0.0038000 seconds, Stopping threads took: 0.0020680 seconds
328.488: Application time: 0.0741370 seconds
328.490: [GC [PSYoungGen: 89440K->6160K(97280K)] 116673K->33401K(318976K), 0.0018180 secs] [Times: user=0.01 sys=0.00, real=0.00 secs] 
328.492: Total time for which application threads were stopped: 0.0039140 seconds, Stopping threads took: 0.0020280 seconds
328.565: Application time: 0.0729750 seconds
328.566: [GC [PSYoungGen: 89616K->6112K(97280K)] 116857K->33361K(318976K), 0.0017710 secs] [Times: user=0.01 sys=0.00, real=0.00 secs] 
328.568: Total time for which application threads were stopped: 0.0036570 seconds, Stopping threads took: 0.0018010 seconds
328.643: Application time: 0.0749620 seconds
328.645: [GC [PSYoungGen: 89568K->6160K(97280K)] 116817K->33417K(318976K), 0.0019940 secs] [Times: user=0.02 sys=0.00, real=0.00 secs] 
328.647: Total time for which application threads were stopped: 0.0040840 seconds, Stopping threads took: 0.0020150 seconds
328.720: Application time: 0.0729110 seconds
328.723: [GC [PSYoungGen: 89616K->7696K(97280K)] 116873K->34961K(318976K), 0.0023660 secs] [Times: user=0.01 sys=0.00, real=0.00 secs] 
328.725: Total time for which application threads were stopped: 0.0051310 seconds, Stopping threads took: 0.0026700 seconds
328.800: Application time: 0.0744030 seconds
328.802: [GC [PSYoungGen: 91152K->6688K(97280K)] 118417K->33953K(318976K), 0.0020450 secs] [Times: user=0.01 sys=0.00, real=0.00 secs] 
328.804: Total time for which application threads were stopped: 0.0038600 seconds, Stopping threads took: 0.0017030 seconds
328.878: Application time: 0.0743520 seconds
328.879: [GC [PSYoungGen: 90144K->6272K(97280K)] 117409K->33537K(318976K), 0.0018990 secs] [Times: user=0.01 sys=0.00, real=0.01 secs] 
328.881: Total time for which application threads were stopped: 0.0032750 seconds, Stopping threads took: 0.0012980 seconds
328.955: Application time: 0.0736580 seconds
328.957: [GC [PSYoungGen: 89728K->7984K(97280K)] 116993K->35257K(318976K), 0.0022830 secs] [Times: user=0.01 sys=0.00, real=0.00 secs] 
328.959: Total time for which application threads were stopped: 0.0045610 seconds, Stopping threads took: 0.0021990 seconds
329.036: Application time: 0.0763470 seconds
329.037: [GC [PSYoungGen: 91440K->5584K(97280K)] 118713K->32865K(318976K), 0.0016110 secs] [Times: user=0.01 sys=0.00, real=0.00 secs] 
329.039: Total time for which application threads were stopped: 0.0029480 seconds, Stopping threads took: 0.0012690 seconds
329.115: Application time: 0.0765230 seconds
329.118: [GC [PSYoungGen: 89040K->7424K(97280K)] 116321K->34713K(318976K), 0.0021680 secs] [Times: user=0.02 sys=0.00, real=0.00 secs] 
329.120: Total time for which application threads were stopped: 0.0049280 seconds, Stopping threads took: 0.0026710 seconds
329.194: Application time: 0.0733170 seconds
329.196: [GC [PSYoungGen: 90880K->7072K(97280K)] 118169K->34369K(318976K), 0.0020350 secs] [Times: user=0.01 sys=0.00, real=0.00 secs] 
329.198: Total time for which application threads were stopped: 0.0044650 seconds, Stopping threads took: 0.0023500 seconds
329.271: Application time: 0.0731190 seconds
329.274: [GC [PSYoungGen: 90528K->8448K(97280K)] 117825K->35753K(318976K), 0.0024460 secs] [Times: user=0.01 sys=0.00, real=0.00 secs] 
329.276: Total time for which application threads were stopped: 0.0052250 seconds, Stopping threads took: 0.0027020 seconds
329.349: Application time: 0.0729840 seconds
329.351: [GC [PSYoungGen: 91904K->6976K(97280K)] 119209K->34281K(318976K), 0.0021050 secs] [Times: user=0.01 sys=0.00, real=0.01 secs] 
329.353: Total time for which application threads were stopped: 0.0036570 seconds, Stopping threads took: 0.0014720 seconds
329.427: Application time: 0.0740860 seconds
329.429: [GC [PSYoungGen: 90432K->7392K(97280K)] 117737K->34705K(318976K), 0.0021540 secs] [Times: user=0.01 sys=0.00, real=0.00 secs] 
329.432: Total time for which application threads were stopped: 0.0044360 seconds, Stopping threads took: 0.0022020 seconds
329.507: Application time: 0.0758290 seconds
329.509: [GC [PSYoungGen: 90848K->5520K(97280K)] 118161K->32833K(318976K), 0.0016750 secs] [Times: user=0.02 sys=0.00, real=0.00 secs] 
329.510: Total time for which application threads were stopped: 0.0030400 seconds, Stopping threads took: 0.0012880 seconds
329.583: Application time: 0.0725860 seconds
329.586: [GC [PSYoungGen: 88976K->7824K(97280K)] 116289K->35145K(318976K), 0.0022460 secs] [Times: user=0.02 sys=0.00, real=0.00 secs] 
329.588: Total time for which application threads were stopped: 0.0048480 seconds, Stopping threads took: 0.0025260 seconds
329.662: Application time: 0.0737060 seconds
329.664: [GC [PSYoungGen: 91280K->7248K(97280K)] 118601K->34577K(318976K), 0.0020870 secs] [Times: user=0.01 sys=0.00, real=0.00 secs] 
329.666: Total time for which application threads were stopped: 0.0049420 seconds, Stopping threads took: 0.0027720 seconds
329.740: Application time: 0.0733500 seconds
329.742: [GC [PSYoungGen: 90704K->7344K(97280K)] 118033K->34681K(318976K), 0.0021980 secs] [Times: user=0.01 sys=0.00, real=0.00 secs] 
329.745: Total time for which application threads were stopped: 0.0049020 seconds, Stopping threads took: 0.0026180 seconds
329.817: Application time: 0.0725120 seconds
329.819: [GC [PSYoungGen: 90800K->8384K(97280K)] 118137K->35721K(318976K), 0.0024870 secs] [Times: user=0.02 sys=0.00, real=0.01 secs] 
329.821: Total time for which application threads were stopped: 0.0041300 seconds, Stopping threads took: 0.0015600 seconds
329.896: Application time: 0.0745790 seconds
329.898: [GC [PSYoungGen: 91840K->6624K(97280K)] 119177K->33969K(318976K), 0.0019640 secs] [Times: user=0.01 sys=0.00, real=0.00 secs] 
329.900: Total time for which application threads were stopped: 0.0039210 seconds, Stopping threads took: 0.0018750 seconds
329.977: Application time: 0.0767500 seconds
329.978: [GC [PSYoungGen: 90080K->5664K(97280K)] 117425K->33017K(318976K), 0.0017030 secs] [Times: user=0.01 sys=0.00, real=0.00 secs] 
329.980: Total time for which application threads were stopped: 0.0030560 seconds, Stopping threads took: 0.0012860 seconds
330.055: Application time: 0.0752000 seconds
330.057: [GC [PSYoungGen: 89120K->6480K(97280K)] 116473K->33841K(318976K), 0.0018280 secs] [Times: user=0.02 sys=0.00, real=0.00 secs] 
330.059: Total time for which application threads were stopped: 0.0036660 seconds, Stopping threads took: 0.0017640 seconds
330.135: Application time: 0.0761620 seconds
330.138: [GC [PSYoungGen: 89936K->7264K(97280K)] 117297K->34633K(318976K), 0.0020190 secs] [Times: user=0.01 sys=0.00, real=0.00 secs] 
330.140: Total time for which application threads were stopped: 0.0049210 seconds, Stopping threads took: 0.0028350 seconds
330.213: Application time: 0.0736370 seconds
330.216: [GC [PSYoungGen: 90720K->7872K(97280K)] 118089K->35249K(318976K), 0.0023140 secs] [Times: user=0.02 sys=0.00, real=0.00 secs] 
330.218: Total time for which application threads were stopped: 0.0046330 seconds, Stopping threads took: 0.0022310 seconds
330.294: Application time: 0.0757560 seconds
330.296: [GC [PSYoungGen: 91328K->6688K(97280K)] 118705K->34065K(318976K), 0.0018470 secs] [Times: user=0.02 sys=0.00, real=0.00 secs] 
330.298: Total time for which application threads were stopped: 0.0042200 seconds, Stopping threads took: 0.0023020 seconds
330.374: Application time: 0.0762540 seconds
330.376: [GC [PSYoungGen: 90144K->7280K(97280K)] 117521K->34657K(318976K), 0.0021160 secs] [Times: user=0.02 sys=0.00, real=0.00 secs] 
330.378: Total time for which application threads were stopped: 0.0037490 seconds, Stopping threads took: 0.0015550 seconds
330.453: Application time: 0.0755780 seconds
330.456: [GC [PSYoungGen: 90736K->6656K(97280K)] 118113K->34041K(318976K), 0.0018980 secs] [Times: user=0.02 sys=0.00, real=0.00 secs] 
330.458: Total time for which application threads were stopped: 0.0043350 seconds, Stopping threads took: 0.0023710 seconds
330.534: Application time: 0.0762050 seconds
330.536: [GC [PSYoungGen: 90112K->7072K(97280K)] 117497K->34465K(318976K), 0.0020850 secs] [Times: user=0.02 sys=0.00, real=0.00 secs] 
330.539: Total time for which application threads were stopped: 0.0045230 seconds, Stopping threads took: 0.0023590 seconds
330.613: Application time: 0.0748060 seconds
330.616: [GC [PSYoungGen: 90528K->6368K(97280K)] 117921K->33769K(318976K), 0.0020110 secs] [Times: user=0.01 sys=0.00, real=0.00 secs] 
330.618: Total time for which application threads were stopped: 0.0045920 seconds, Stopping threads took: 0.0025030 seconds
330.692: Application time: 0.0744190 seconds
330.695: [GC [PSYoungGen: 89824K->7232K(97280K)] 117225K->34641K(318976K), 0.0021220 secs] [Times: user=0.02 sys=0.00, real=0.00 secs] 
330.697: Total time for which application threads were stopped: 0.0047510 seconds, Stopping threads took: 0.0025480 seconds
330.770: Application time: 0.0732000 seconds
330.773: [GC [PSYoungGen: 90688K->7856K(97280K)] 118097K->35265K(318976K), 0.0023750 secs] [Times: user=0.01 sys=0.00, real=0.00 secs] 
330.775: Total time for which application threads were stopped: 0.0046490 seconds, Stopping threads took: 0.0021880 seconds
330.849: Application time: 0.0736470 seconds
330.851: [GC [PSYoungGen: 91312K->7440K(97280K)] 118721K->34849K(318976K), 0.0021580 secs] [Times: user=0.01 sys=0.00, real=0.01 secs] 
330.853: Total time for which application threads were stopped: 0.0045090 seconds, Stopping threads took: 0.0022670 seconds
330.927: Application time: 0.0741920 seconds
330.929: [GC [PSYoungGen: 90896K->7840K(97280K)] 118305K->35257K(318976K), 0.0022340 secs] [Times: user=0.01 sys=0.00, real=0.00 secs] 
330.931: Total time for which application threads were stopped: 0.0040520 seconds, Stopping threads took: 0.0017340 seconds
331.005: Application time: 0.0733190 seconds
331.007: [GC [PSYoungGen: 91296K->7920K(97280K)] 118713K->35345K(318976K), 0.0023310 secs] [Times: user=0.01 sys=0.00, real=0.00 secs] 
331.009: Total time for which application threads were stopped: 0.0045080 seconds, Stopping threads took: 0.0020960 seconds
331.084: Application time: 0.0750190 seconds
331.086: [GC [PSYoungGen: 91376K->4608K(97280K)] 118801K->32041K(318976K), 0.0014430 secs] [Times: user=0.01 sys=0.00, real=0.00 secs] 
331.087: Total time for which application threads were stopped: 0.0029500 seconds, Stopping threads took: 0.0014420 seconds
331.164: Application time: 0.0764940 seconds
331.166: [GC [PSYoungGen: 88064K->7408K(97280K)] 115497K->34849K(318976K), 0.0021500 secs] [Times: user=0.01 sys=0.00, real=0.00 secs] 
331.168: Total time for which application threads were stopped: 0.0046870 seconds, Stopping threads took: 0.0024470 seconds
331.246: Application time: 0.0778700 seconds
331.248: [GC [PSYoungGen: 90864K->5472K(97280K)] 118305K->32921K(318976K), 0.0016060 secs] [Times: user=0.01 sys=0.01, real=0.00 secs] 
331.250: Total time for which application threads were stopped: 0.0037240 seconds, Stopping threads took: 0.0020440 seconds
331.331: Application time: 0.0806950 seconds
331.332: [GC [PSYoungGen: 88928K->6864K(97280K)] 116377K->34313K(318976K), 0.0020420 secs] [Times: user=0.02 sys=0.00, real=0.00 secs] 
331.334: Total time for which application threads were stopped: 0.0037980 seconds, Stopping threads took: 0.0016530 seconds
331.412: Application time: 0.0772330 seconds
331.414: [GC [PSYoungGen: 90320K->8176K(97280K)] 117769K->35633K(318976K), 0.0023290 secs] [Times: user=0.01 sys=0.00, real=0.00 secs] 
331.417: Total time for which application threads were stopped: 0.0047800 seconds, Stopping threads took: 0.0023720 seconds
331.495: Application time: 0.0786450 seconds
331.498: [GC [PSYoungGen: 91632K->6544K(97280K)] 119089K->34009K(318976K), 0.0018970 secs] [Times: user=0.01 sys=0.00, real=0.00 secs] 
331.500: Total time for which application threads were stopped: 0.0051280 seconds, Stopping threads took: 0.0031530 seconds
331.579: Application time: 0.0783830 seconds
331.582: [GC [PSYoungGen: 90000K->6160K(97280K)] 117465K->33633K(318976K), 0.0017430 secs] [Times: user=0.01 sys=0.00, real=0.00 secs] 
331.584: Total time for which application threads were stopped: 0.0051080 seconds, Stopping threads took: 0.0032930 seconds
331.663: Application time: 0.0787380 seconds
331.665: [GC [PSYoungGen: 89616K->7360K(97280K)] 117089K->34841K(318976K), 0.0021510 secs] [Times: user=0.02 sys=0.00, real=0.00 secs] 
331.667: Total time for which application threads were stopped: 0.0042510 seconds, Stopping threads took: 0.0020190 seconds
331.747: Application time: 0.0798070 seconds
331.749: [GC [PSYoungGen: 90816K->6400K(97280K)] 118297K->33889K(318976K), 0.0019390 secs] [Times: user=0.01 sys=0.00, real=0.00 secs] 
331.751: Total time for which application threads were stopped: 0.0041320 seconds, Stopping threads took: 0.0021170 seconds
331.831: Application time: 0.0799480 seconds
331.833: [GC [PSYoungGen: 89856K->7488K(97280K)] 117345K->34977K(318976K), 0.0021870 secs] [Times: user=0.01 sys=0.00, real=0.00 secs] 
331.836: Total time for which application threads were stopped: 0.0050030 seconds, Stopping threads took: 0.0027270 seconds
331.914: Application time: 0.0784060 seconds
331.916: [GC [PSYoungGen: 90944K->7264K(97280K)] 118433K->34761K(318976K), 0.0020590 secs] [Times: user=0.01 sys=0.00, real=0.00 secs] 
331.918: Total time for which application threads were stopped: 0.0042640 seconds, Stopping threads took: 0.0021310 seconds
331.999: Application time: 0.0805030 seconds
332.002: [GC [PSYoungGen: 90720K->6400K(97280K)] 118217K->33905K(318976K), 0.0019980 secs] [Times: user=0.01 sys=0.00, real=0.00 secs] 
332.004: Total time for which application threads were stopped: 0.0047240 seconds, Stopping threads took: 0.0026410 seconds
332.081: Application time: 0.0770840 seconds
332.083: [GC [PSYoungGen: 89856K->7520K(97280K)] 117361K->35025K(318976K), 0.0025090 secs] [Times: user=0.01 sys=0.00, real=0.00 secs] 
332.086: Total time for which application threads were stopped: 0.0053170 seconds, Stopping threads took: 0.0027170 seconds
332.166: Application time: 0.0797790 seconds
332.168: [GC [PSYoungGen: 90976K->6736K(97280K)] 118481K->34249K(318976K), 0.0022170 secs] [Times: user=0.01 sys=0.00, real=0.00 secs] 
332.170: Total time for which application threads were stopped: 0.0043380 seconds, Stopping threads took: 0.0020420 seconds
332.250: Application time: 0.0799730 seconds
332.253: [GC [PSYoungGen: 90192K->7088K(97280K)] 117705K->34609K(318976K), 0.0024100 secs] [Times: user=0.01 sys=0.00, real=0.00 secs] 
332.256: Total time for which application threads were stopped: 0.0056010 seconds, Stopping threads took: 0.0030890 seconds
332.334: Application time: 0.0781820 seconds
332.336: [GC [PSYoungGen: 90544K->7616K(97280K)] 118065K->35137K(318976K), 0.0022530 secs] [Times: user=0.01 sys=0.00, real=0.00 secs] 
332.339: Total time for which application threads were stopped: 0.0046250 seconds, Stopping threads took: 0.0022800 seconds
332.418: Application time: 0.0799280 seconds
332.420: [GC [PSYoungGen: 91072K->7136K(97280K)] 118593K->34665K(318976K), 0.0020510 secs] [Times: user=0.01 sys=0.00, real=0.01 secs] 
332.422: Total time for which application threads were stopped: 0.0038470 seconds, Stopping threads took: 0.0017170 seconds
332.502: Application time: 0.0800120 seconds
332.504: [GC [PSYoungGen: 90592K->5216K(97280K)] 118121K->32753K(318976K), 0.0016570 secs] [Times: user=0.01 sys=0.00, real=0.00 secs] 
332.505: Total time for which application threads were stopped: 0.0029620 seconds, Stopping threads took: 0.0012370 seconds
332.583: Application time: 0.0780250 seconds
332.586: [GC [PSYoungGen: 88672K->7248K(97280K)] 116209K->34785K(318976K), 0.0021200 secs] [Times: user=0.02 sys=0.00, real=0.00 secs] 
332.588: Total time for which application threads were stopped: 0.0045820 seconds, Stopping threads took: 0.0023590 seconds
332.667: Application time: 0.0786880 seconds
332.670: [GC [PSYoungGen: 90704K->6944K(97280K)] 118241K->34489K(318976K), 0.0020340 secs] [Times: user=0.01 sys=0.00, real=0.00 secs] 
332.672: Total time for which application threads were stopped: 0.0051010 seconds, Stopping threads took: 0.0029880 seconds
332.751: Application time: 0.0797240 seconds
332.754: [GC [PSYoungGen: 90400K->6816K(97280K)] 117945K->34369K(318976K), 0.0020640 secs] [Times: user=0.01 sys=0.00, real=0.00 secs] 
332.756: Total time for which application threads were stopped: 0.0043740 seconds, Stopping threads took: 0.0022130 seconds
332.835: Application time: 0.0794550 seconds
332.837: [GC [PSYoungGen: 90272K->7376K(97280K)] 117825K->34929K(318976K), 0.0020930 secs] [Times: user=0.01 sys=0.00, real=0.00 secs] 
332.839: Total time for which application threads were stopped: 0.0042380 seconds, Stopping threads took: 0.0020640 seconds
332.920: Application time: 0.0804120 seconds
332.923: [GC [PSYoungGen: 90832K->6512K(97280K)] 118385K->34073K(318976K), 0.0017810 secs] [Times: user=0.01 sys=0.00, real=0.00 secs] 
332.925: Total time for which application threads were stopped: 0.0049740 seconds, Stopping threads took: 0.0031140 seconds
333.006: Application time: 0.0806490 seconds
333.007: [GC [PSYoungGen: 89968K->6928K(97280K)] 117529K->34497K(318976K), 0.0021530 secs] [Times: user=0.01 sys=0.00, real=0.00 secs] 
333.009: Total time for which application threads were stopped: 0.0039640 seconds, Stopping threads took: 0.0017300 seconds
333.090: Application time: 0.0804120 seconds
333.092: [GC [PSYoungGen: 90384K->7664K(97280K)] 117953K->35241K(318976K), 0.0021790 secs] [Times: user=0.01 sys=0.00, real=0.01 secs] 
333.094: Total time for which application threads were stopped: 0.0043070 seconds, Stopping threads took: 0.0020560 seconds
333.173: Application time: 0.0788500 seconds
333.176: [GC [PSYoungGen: 91120K->6112K(97280K)] 118697K->33697K(318976K), 0.0018760 secs] [Times: user=0.01 sys=0.00, real=0.00 secs] 
333.178: Total time for which application threads were stopped: 0.0046920 seconds, Stopping threads took: 0.0027310 seconds
333.257: Application time: 0.0790850 seconds
333.260: [GC [PSYoungGen: 89568K->7216K(97280K)] 117153K->34809K(318976K), 0.0022200 secs] [Times: user=0.02 sys=0.00, real=0.01 secs] 
333.262: Total time for which application threads were stopped: 0.0050760 seconds, Stopping threads took: 0.0027590 seconds
333.341: Application time: 0.0792810 seconds
333.344: [GC [PSYoungGen: 90672K->6912K(97280K)] 118265K->34505K(318976K), 0.0020940 secs] [Times: user=0.02 sys=0.00, real=0.00 secs] 
333.346: Total time for which application threads were stopped: 0.0045760 seconds, Stopping threads took: 0.0023760 seconds
333.425: Application time: 0.0794940 seconds
333.428: [GC [PSYoungGen: 90368K->7600K(97280K)] 117961K->35193K(318976K), 0.0021120 secs] [Times: user=0.01 sys=0.00, real=0.00 secs] 
333.430: Total time for which application threads were stopped: 0.0049910 seconds, Stopping threads took: 0.0028070 seconds
333.510: Application time: 0.0793650 seconds
333.511: [GC [PSYoungGen: 91056K->6896K(97280K)] 118649K->34497K(318976K), 0.0021450 secs] [Times: user=0.02 sys=0.00, real=0.01 secs] 
333.514: Total time for which application threads were stopped: 0.0040100 seconds, Stopping threads took: 0.0017840 seconds
333.591: Application time: 0.0773360 seconds
333.593: [GC [PSYoungGen: 90352K->7488K(97280K)] 117953K->35097K(318976K), 0.0022250 secs] [Times: user=0.02 sys=0.00, real=0.00 secs] 
333.595: Total time for which application threads were stopped: 0.0043320 seconds, Stopping threads took: 0.0020280 seconds
333.673: Application time: 0.0777670 seconds
333.675: [GC [PSYoungGen: 90944K->6816K(97280K)] 118553K->34433K(318976K), 0.0020230 secs] [Times: user=0.01 sys=0.00, real=0.00 secs] 
333.677: Total time for which application threads were stopped: 0.0039230 seconds, Stopping threads took: 0.0018230 seconds
333.756: Application time: 0.0794630 seconds
333.758: [GC [PSYoungGen: 90272K->6320K(97280K)] 117889K->33945K(318976K), 0.0019300 secs] [Times: user=0.01 sys=0.00, real=0.00 secs] 
333.760: Total time for which application threads were stopped: 0.0033970 seconds, Stopping threads took: 0.0013890 seconds
333.843: Application time: 0.0831290 seconds
333.845: [GC [PSYoungGen: 89776K->7040K(97280K)] 117401K->34673K(318976K), 0.0019750 secs] [Times: user=0.02 sys=0.00, real=0.00 secs] 
333.848: Total time for which application threads were stopped: 0.0045030 seconds, Stopping threads took: 0.0024470 seconds
333.927: Application time: 0.0794620 seconds
333.929: [GC [PSYoungGen: 90494K->6320K(97280K)] 118127K->33953K(318976K), 0.0018860 secs] [Times: user=0.01 sys=0.00, real=0.00 secs] 
333.931: Total time for which application threads were stopped: 0.0039070 seconds, Stopping threads took: 0.0019450 seconds
334.010: Application time: 0.0793200 seconds
334.013: [GC [PSYoungGen: 89776K->6384K(97280K)] 117409K->34025K(318976K), 0.0018730 secs] [Times: user=0.02 sys=0.00, real=0.00 secs] 
334.014: Total time for which application threads were stopped: 0.0042800 seconds, Stopping threads took: 0.0023230 seconds
334.094: Application time: 0.0790990 seconds
334.096: [GC [PSYoungGen: 89840K->7200K(97280K)] 117481K->34849K(318976K), 0.0020450 secs] [Times: user=0.01 sys=0.00, real=0.00 secs] 
334.098: Total time for which application threads were stopped: 0.0040660 seconds, Stopping threads took: 0.0019460 seconds
334.179: Application time: 0.0808680 seconds
334.181: [GC [PSYoungGen: 90656K->6736K(97280K)] 118305K->34385K(318976K), 0.0020200 secs] [Times: user=0.01 sys=0.00, real=0.00 secs] 
334.183: Total time for which application threads were stopped: 0.0041990 seconds, Stopping threads took: 0.0020960 seconds
334.259: Application time: 0.0762590 seconds
334.262: [GC [PSYoungGen: 90192K->8192K(97280K)] 117841K->35849K(318976K), 0.0025220 secs] [Times: user=0.01 sys=0.00, real=0.00 secs] 
334.264: Total time for which application threads were stopped: 0.0051390 seconds, Stopping threads took: 0.0025110 seconds
334.343: Application time: 0.0788360 seconds
334.346: [GC [PSYoungGen: 91648K->6736K(97280K)] 119305K->34401K(318976K), 0.0020180 secs] [Times: user=0.01 sys=0.00, real=0.00 secs] 
334.348: Total time for which application threads were stopped: 0.0048290 seconds, Stopping threads took: 0.0027390 seconds
334.425: Application time: 0.0770990 seconds
334.428: [GC [PSYoungGen: 90192K->7568K(97280K)] 117857K->35233K(318976K), 0.0021370 secs] [Times: user=0.02 sys=0.00, real=0.00 secs] 
334.430: Total time for which application threads were stopped: 0.0050450 seconds, Stopping threads took: 0.0028210 seconds
334.511: Application time: 0.0810520 seconds
334.514: [GC [PSYoungGen: 91024K->5840K(97280K)] 118689K->33513K(318976K), 0.0017290 secs] [Times: user=0.01 sys=0.00, real=0.00 secs] 
334.516: Total time for which application threads were stopped: 0.0049000 seconds, Stopping threads took: 0.0030910 seconds
334.594: Application time: 0.0779430 seconds
334.596: [GC [PSYoungGen: 89296K->7120K(97280K)] 116969K->34801K(318976K), 0.0021190 secs] [Times: user=0.01 sys=0.00, real=0.00 secs] 
334.599: Total time for which application threads were stopped: 0.0046750 seconds, Stopping threads took: 0.0024750 seconds
334.677: Application time: 0.0788440 seconds
334.679: [GC [PSYoungGen: 90576K->7744K(97280K)] 118257K->35425K(318976K), 0.0022930 secs] [Times: user=0.02 sys=0.00, real=0.01 secs] 
334.681: Total time for which application threads were stopped: 0.0040160 seconds, Stopping threads took: 0.0016450 seconds
334.760: Application time: 0.0789250 seconds
334.763: [GC [PSYoungGen: 91200K->8208K(97280K)] 118881K->35897K(318976K), 0.0022170 secs] [Times: user=0.01 sys=0.00, real=0.00 secs] 
334.766: Total time for which application threads were stopped: 0.0052830 seconds, Stopping threads took: 0.0029910 seconds
334.847: Application time: 0.0810800 seconds
334.849: [GC [PSYoungGen: 91664K->7264K(97280K)] 119353K->34961K(318976K), 0.0024120 secs] [Times: user=0.02 sys=0.00, real=0.00 secs] 
334.852: Total time for which application threads were stopped: 0.0052100 seconds, Stopping threads took: 0.0027130 seconds
334.930: Application time: 0.0784420 seconds
334.933: [GC [PSYoungGen: 90720K->7168K(97280K)] 118417K->34865K(318976K), 0.0021800 secs] [Times: user=0.02 sys=0.00, real=0.00 secs] 
334.935: Total time for which application threads were stopped: 0.0045730 seconds, Stopping threads took: 0.0022800 seconds
335.014: Application time: 0.0793400 seconds
335.017: [GC [PSYoungGen: 90624K->6816K(97280K)] 118321K->34521K(318976K), 0.0021110 secs] [Times: user=0.01 sys=0.00, real=0.00 secs] 
335.019: Total time for which application threads were stopped: 0.0045750 seconds, Stopping threads took: 0.0023880 seconds
335.099: Application time: 0.0798210 seconds
335.100: [GC [PSYoungGen: 90272K->6560K(97280K)] 117977K->34273K(318976K), 0.0019770 secs] [Times: user=0.01 sys=0.00, real=0.01 secs] 
335.102: Total time for which application threads were stopped: 0.0036920 seconds, Stopping threads took: 0.0016300 seconds
335.180: Application time: 0.0775630 seconds
335.183: [GC [PSYoungGen: 90016K->7488K(97280K)] 117729K->35201K(318976K), 0.0022090 secs] [Times: user=0.02 sys=0.00, real=0.00 secs] 
335.185: Total time for which application threads were stopped: 0.0048950 seconds, Stopping threads took: 0.0026050 seconds
335.259: Application time: 0.0741380 seconds
335.261: [GC [PSYoungGen: 90944K->6288K(97280K)] 118657K->34009K(318976K), 0.0018240 secs] [Times: user=0.02 sys=0.00, real=0.00 secs] 
335.263: Total time for which application threads were stopped: 0.0038600 seconds, Stopping threads took: 0.0019600 seconds
335.338: Application time: 0.0750430 seconds
335.340: [GC [PSYoungGen: 89744K->6960K(97280K)] 117465K->34697K(318976K), 0.0020820 secs] [Times: user=0.02 sys=0.00, real=0.01 secs] 
335.342: Total time for which application threads were stopped: 0.0041030 seconds, Stopping threads took: 0.0019400 seconds
335.417: Application time: 0.0747900 seconds
335.419: [GC [PSYoungGen: 90416K->6624K(97280K)] 118153K->34361K(318976K), 0.0019930 secs] [Times: user=0.02 sys=0.00, real=0.01 secs] 
335.421: Total time for which application threads were stopped: 0.0045020 seconds, Stopping threads took: 0.0024330 seconds
335.496: Application time: 0.0750800 seconds
335.498: [GC [PSYoungGen: 90080K->6528K(97280K)] 117817K->34273K(318976K), 0.0019490 secs] [Times: user=0.02 sys=0.00, real=0.00 secs] 
335.500: Total time for which application threads were stopped: 0.0040360 seconds, Stopping threads took: 0.0019850 seconds
335.574: Application time: 0.0738210 seconds
335.576: [GC [PSYoungGen: 89984K->8144K(97280K)] 117729K->35897K(318976K), 0.0024330 secs] [Times: user=0.02 sys=0.00, real=0.00 secs] 
335.578: Total time for which application threads were stopped: 0.0041090 seconds, Stopping threads took: 0.0015920 seconds
335.654: Application time: 0.0753870 seconds
335.654: [GC [PSYoungGen: 91600K->6240K(97280K)] 119353K->33993K(318976K), 0.0018960 secs] [Times: user=0.00 sys=0.01, real=0.00 secs] 
335.656: Total time for which application threads were stopped: 0.0027020 seconds, Stopping threads took: 0.0007180 seconds
335.732: Application time: 0.0756440 seconds
335.734: [GC [PSYoungGen: 89696K->8320K(97280K)] 117449K->36081K(318976K), 0.0025340 secs] [Times: user=0.02 sys=0.00, real=0.00 secs] 
335.737: Total time for which application threads were stopped: 0.0044830 seconds, Stopping threads took: 0.0018660 seconds
335.811: Application time: 0.0741180 seconds
335.812: [GC [PSYoungGen: 91776K->6976K(97280K)] 119537K->34745K(318976K), 0.0020780 secs] [Times: user=0.01 sys=0.00, real=0.01 secs] 
335.814: Total time for which application threads were stopped: 0.0035340 seconds, Stopping threads took: 0.0013730 seconds
335.887: Application time: 0.0728050 seconds
335.889: [GC [PSYoungGen: 90431K->7504K(97280K)] 118201K->35273K(318976K), 0.0021980 secs] [Times: user=0.01 sys=0.00, real=0.00 secs] 
335.891: Total time for which application threads were stopped: 0.0041540 seconds, Stopping threads took: 0.0018760 seconds
335.964: Application time: 0.0732670 seconds
335.966: [GC [PSYoungGen: 90960K->7344K(97280K)] 118729K->35121K(318976K), 0.0021940 secs] [Times: user=0.01 sys=0.01, real=0.00 secs] 
335.968: Total time for which application threads were stopped: 0.0039870 seconds, Stopping threads took: 0.0017050 seconds
336.044: Application time: 0.0755390 seconds
336.046: [GC [PSYoungGen: 90800K->7840K(97280K)] 118577K->35617K(318976K), 0.0023150 secs] [Times: user=0.01 sys=0.00, real=0.00 secs] 
336.048: Total time for which application threads were stopped: 0.0043950 seconds, Stopping threads took: 0.0019820 seconds
336.124: Application time: 0.0757600 seconds
336.126: [GC [PSYoungGen: 91296K->7968K(97280K)] 119073K->35753K(318976K), 0.0023450 secs] [Times: user=0.01 sys=0.00, real=0.00 secs] 
336.129: Total time for which application threads were stopped: 0.0046080 seconds, Stopping threads took: 0.0021720 seconds
336.201: Application time: 0.0722190 seconds
336.203: [GC [PSYoungGen: 91424K->7664K(97280K)] 119209K->35457K(318976K), 0.0022650 secs] [Times: user=0.02 sys=0.00, real=0.00 secs] 
336.205: Total time for which application threads were stopped: 0.0040300 seconds, Stopping threads took: 0.0016800 seconds
336.277: Application time: 0.0717520 seconds
336.278: [GC [PSYoungGen: 91120K->7696K(97280K)] 118913K->35497K(318976K), 0.0022390 secs] [Times: user=0.02 sys=0.00, real=0.01 secs] 
336.281: Total time for which application threads were stopped: 0.0040090 seconds, Stopping threads took: 0.0016890 seconds
336.354: Application time: 0.0729850 seconds
336.355: [GC [PSYoungGen: 91152K->7216K(97280K)] 118953K->35017K(318976K), 0.0020830 secs] [Times: user=0.01 sys=0.00, real=0.00 secs] 
336.357: Total time for which application threads were stopped: 0.0037460 seconds, Stopping threads took: 0.0015870 seconds
336.433: Application time: 0.0751600 seconds
336.436: [GC [PSYoungGen: 90672K->7760K(97280K)] 118473K->35561K(318976K), 0.0022820 secs] [Times: user=0.01 sys=0.00, real=0.00 secs] 
336.438: Total time for which application threads were stopped: 0.0053150 seconds, Stopping threads took: 0.0029560 seconds
336.514: Application time: 0.0756290 seconds
336.515: [GC [PSYoungGen: 91216K->6528K(97280K)] 119017K->34337K(318976K), 0.0018310 secs] [Times: user=0.02 sys=0.00, real=0.00 secs] 
336.517: Total time for which application threads were stopped: 0.0036590 seconds, Stopping threads took: 0.0017530 seconds
336.590: Application time: 0.0728000 seconds
336.592: [GC [PSYoungGen: 89984K->7584K(97280K)] 117793K->35401K(318976K), 0.0022760 secs] [Times: user=0.02 sys=0.00, real=0.01 secs] 
336.594: Total time for which application threads were stopped: 0.0040760 seconds, Stopping threads took: 0.0017080 seconds
336.669: Application time: 0.0747890 seconds
336.671: [GC [PSYoungGen: 91040K->8192K(97280K)] 118857K->36017K(318976K), 0.0024180 secs] [Times: user=0.01 sys=0.00, real=0.01 secs] 
336.674: Total time for which application threads were stopped: 0.0045920 seconds, Stopping threads took: 0.0020950 seconds
336.747: Application time: 0.0736590 seconds
336.750: [GC [PSYoungGen: 91648K->8096K(97280K)] 119473K->35929K(318976K), 0.0023800 secs] [Times: user=0.02 sys=0.00, real=0.01 secs] 
336.753: Total time for which application threads were stopped: 0.0053900 seconds, Stopping threads took: 0.0029270 seconds
336.826: Application time: 0.0730800 seconds
336.828: [GC [PSYoungGen: 91552K->7712K(97280K)] 119385K->35545K(318976K), 0.0022050 secs] [Times: user=0.02 sys=0.00, real=0.00 secs] 
336.830: Total time for which application threads were stopped: 0.0046020 seconds, Stopping threads took: 0.0023160 seconds
336.905: Application time: 0.0744730 seconds
336.907: [GC [PSYoungGen: 91168K->7600K(97280K)] 119001K->35433K(318976K), 0.0022290 secs] [Times: user=0.02 sys=0.00, real=0.00 secs] 
336.910: Total time for which application threads were stopped: 0.0048530 seconds, Stopping threads took: 0.0025430 seconds
336.984: Application time: 0.0749100 seconds
336.986: [GC [PSYoungGen: 91056K->6208K(97280K)] 118889K->34049K(318976K), 0.0018550 secs] [Times: user=0.01 sys=0.00, real=0.00 secs] 
336.988: Total time for which application threads were stopped: 0.0034110 seconds, Stopping threads took: 0.0014820 seconds
337.066: Application time: 0.0782680 seconds
337.069: [GC [PSYoungGen: 89664K->5728K(97280K)] 117505K->33577K(318976K), 0.0016750 secs] [Times: user=0.01 sys=0.00, real=0.00 secs] 
337.071: Total time for which application threads were stopped: 0.0043390 seconds, Stopping threads took: 0.0025950 seconds
337.146: Application time: 0.0756300 seconds
337.149: [GC [PSYoungGen: 89182K->7344K(97280K)] 117032K->35193K(318976K), 0.0020390 secs] [Times: user=0.01 sys=0.00, real=0.00 secs] 
337.151: Total time for which application threads were stopped: 0.0049440 seconds, Stopping threads took: 0.0028250 seconds
337.224: Application time: 0.0733320 seconds
337.226: [GC [PSYoungGen: 90800K->7904K(97280K)] 118649K->35761K(318976K), 0.0023400 secs] [Times: user=0.02 sys=0.00, real=0.00 secs] 
337.229: Total time for which application threads were stopped: 0.0043820 seconds, Stopping threads took: 0.0019640 seconds
337.303: Application time: 0.0745100 seconds
337.305: [GC [PSYoungGen: 91360K->8224K(97280K)] 119217K->36089K(318976K), 0.0023510 secs] [Times: user=0.01 sys=0.00, real=0.00 secs] 
337.307: Total time for which application threads were stopped: 0.0039860 seconds, Stopping threads took: 0.0015570 seconds
337.381: Application time: 0.0740600 seconds
337.383: [GC [PSYoungGen: 91680K->6576K(97280K)] 119545K->34441K(318976K), 0.0018880 secs] [Times: user=0.01 sys=0.00, real=0.00 secs] 
337.385: Total time for which application threads were stopped: 0.0040450 seconds, Stopping threads took: 0.0020790 seconds
337.456: Application time: 0.0710330 seconds
337.459: [GC [PSYoungGen: 90032K->7328K(97280K)] 117897K->35209K(318976K), 0.0021290 secs] [Times: user=0.01 sys=0.00, real=0.01 secs] 
337.461: Total time for which application threads were stopped: 0.0042690 seconds, Stopping threads took: 0.0020640 seconds
337.534: Application time: 0.0731640 seconds
337.537: [GC [PSYoungGen: 90784K->7792K(97280K)] 118665K->35681K(318976K), 0.0023200 secs] [Times: user=0.02 sys=0.00, real=0.00 secs] 
337.539: Total time for which application threads were stopped: 0.0050510 seconds, Stopping threads took: 0.0026490 seconds
337.613: Application time: 0.0736930 seconds
337.614: [GC [PSYoungGen: 91248K->6400K(97280K)] 119137K->34297K(318976K), 0.0018710 secs] [Times: user=0.01 sys=0.00, real=0.00 secs] 
337.616: Total time for which application threads were stopped: 0.0031800 seconds, Stopping threads took: 0.0012420 seconds
337.695: Application time: 0.0790350 seconds
337.697: [GC [PSYoungGen: 89856K->6288K(97280K)] 117753K->34193K(318976K), 0.0018220 secs] [Times: user=0.01 sys=0.00, real=0.00 secs] 
337.699: Total time for which application threads were stopped: 0.0037990 seconds, Stopping threads took: 0.0018940 seconds
337.773: Application time: 0.0745070 seconds
337.775: [GC [PSYoungGen: 89744K->7952K(97280K)] 117649K->35873K(318976K), 0.0023620 secs] [Times: user=0.02 sys=0.00, real=0.00 secs] 
337.778: Total time for which application threads were stopped: 0.0046690 seconds, Stopping threads took: 0.0022270 seconds
337.851: Application time: 0.0728120 seconds
337.852: [GC [PSYoungGen: 91408K->8256K(97280K)] 119329K->36177K(318976K), 0.0024680 secs] [Times: user=0.01 sys=0.00, real=0.01 secs] 
337.855: Total time for which application threads were stopped: 0.0041600 seconds, Stopping threads took: 0.0016060 seconds
337.928: Application time: 0.0732110 seconds
337.930: [GC [PSYoungGen: 91712K->6512K(97280K)] 119633K->34433K(318976K), 0.0018710 secs] [Times: user=0.01 sys=0.00, real=0.00 secs] 
337.932: Total time for which application threads were stopped: 0.0038170 seconds, Stopping threads took: 0.0018680 seconds
338.007: Application time: 0.0747360 seconds
338.008: [GC [PSYoungGen: 89968K->5872K(97280K)] 117889K->33801K(318976K), 0.0017740 secs] [Times: user=0.01 sys=0.00, real=0.00 secs] 
338.009: Total time for which application threads were stopped: 0.0027790 seconds, Stopping threads took: 0.0009320 seconds
338.087: Application time: 0.0773420 seconds
338.088: [GC [PSYoungGen: 89328K->4800K(97280K)] 117257K->32737K(318976K), 0.0014060 secs] [Times: user=0.01 sys=0.00, real=0.00 secs] 
338.090: Total time for which application threads were stopped: 0.0031300 seconds, Stopping threads took: 0.0016520 seconds
338.165: Application time: 0.0748340 seconds
338.167: [GC [PSYoungGen: 88256K->7088K(97280K)] 116193K->35033K(318976K), 0.0021230 secs] [Times: user=0.01 sys=0.00, real=0.00 secs] 
338.169: Total time for which application threads were stopped: 0.0042000 seconds, Stopping threads took: 0.0019970 seconds
338.243: Application time: 0.0740080 seconds
338.245: [GC [PSYoungGen: 90544K->7168K(97280K)] 118489K->35121K(318976K), 0.0020440 secs] [Times: user=0.01 sys=0.00, real=0.00 secs] 
338.247: Total time for which application threads were stopped: 0.0038440 seconds, Stopping threads took: 0.0017170 seconds
338.319: Application time: 0.0722370 seconds
338.321: [GC [PSYoungGen: 90624K->7568K(97280K)] 118577K->35521K(318976K), 0.0021600 secs] [Times: user=0.01 sys=0.00, real=0.00 secs] 
338.323: Total time for which application threads were stopped: 0.0044020 seconds, Stopping threads took: 0.0021620 seconds
338.397: Application time: 0.0738070 seconds
338.399: [GC [PSYoungGen: 91024K->7632K(97280K)] 118977K->35585K(318976K), 0.0022110 secs] [Times: user=0.02 sys=0.00, real=0.01 secs] 
338.401: Total time for which application threads were stopped: 0.0042400 seconds, Stopping threads took: 0.0019440 seconds
338.475: Application time: 0.0739870 seconds
338.477: [GC [PSYoungGen: 91088K->6496K(97280K)] 119041K->34457K(318976K), 0.0018910 secs] [Times: user=0.01 sys=0.00, real=0.00 secs] 
338.479: Total time for which application threads were stopped: 0.0035910 seconds, Stopping threads took: 0.0016240 seconds
338.552: Application time: 0.0733010 seconds
338.554: [GC [PSYoungGen: 89952K->7696K(97280K)] 117913K->35665K(318976K), 0.0021080 secs] [Times: user=0.02 sys=0.00, real=0.00 secs] 
338.556: Total time for which application threads were stopped: 0.0041070 seconds, Stopping threads took: 0.0019180 seconds
338.630: Application time: 0.0736400 seconds
338.632: [GC [PSYoungGen: 91152K->6112K(97280K)] 119121K->34089K(318976K), 0.0019120 secs] [Times: user=0.01 sys=0.00, real=0.01 secs] 
338.634: Total time for which application threads were stopped: 0.0038820 seconds, Stopping threads took: 0.0018940 seconds
338.706: Application time: 0.0719980 seconds
338.708: [GC [PSYoungGen: 89568K->7376K(97280K)] 117545K->35361K(318976K), 0.0021930 secs] [Times: user=0.02 sys=0.00, real=0.00 secs] 
338.710: Total time for which application threads were stopped: 0.0042170 seconds, Stopping threads took: 0.0019430 seconds
338.784: Application time: 0.0743050 seconds
338.786: [GC [PSYoungGen: 90832K->7264K(97280K)] 118817K->35249K(318976K), 0.0021540 secs] [Times: user=0.01 sys=0.00, real=0.00 secs] 
338.788: Total time for which application threads were stopped: 0.0039060 seconds, Stopping threads took: 0.0016470 seconds
338.864: Application time: 0.0751090 seconds
338.865: [GC [PSYoungGen: 90720K->6816K(97280K)] 118705K->34801K(318976K), 0.0020050 secs] [Times: user=0.01 sys=0.00, real=0.00 secs] 
338.867: Total time for which application threads were stopped: 0.0033800 seconds, Stopping threads took: 0.0013000 seconds
338.940: Application time: 0.0730640 seconds
338.941: [GC [PSYoungGen: 90272K->6816K(97280K)] 118257K->34809K(318976K), 0.0020250 secs] [Times: user=0.01 sys=0.00, real=0.00 secs] 
338.943: Total time for which application threads were stopped: 0.0034600 seconds, Stopping threads took: 0.0013570 seconds
339.018: Application time: 0.0746780 seconds
339.021: [GC [PSYoungGen: 90272K->6080K(97280K)] 118265K->34081K(318976K), 0.0019570 secs] [Times: user=0.01 sys=0.00, real=0.00 secs] 
339.023: Total time for which application threads were stopped: 0.0045160 seconds, Stopping threads took: 0.0024760 seconds
339.094: Application time: 0.0713110 seconds
339.097: [GC [PSYoungGen: 89536K->7568K(97280K)] 117537K->35577K(318976K), 0.0022090 secs] [Times: user=0.01 sys=0.00, real=0.00 secs] 
339.099: Total time for which application threads were stopped: 0.0048730 seconds, Stopping threads took: 0.0025830 seconds
339.173: Application time: 0.0741420 seconds
339.175: [GC [PSYoungGen: 91024K->7120K(97280K)] 119033K->35137K(318976K), 0.0020570 secs] [Times: user=0.01 sys=0.00, real=0.00 secs] 
339.177: Total time for which application threads were stopped: 0.0042410 seconds, Stopping threads took: 0.0021090 seconds
339.254: Application time: 0.0766530 seconds
339.257: [GC [PSYoungGen: 90576K->7680K(97280K)] 118593K->35697K(318976K), 0.0022640 secs] [Times: user=0.02 sys=0.00, real=0.00 secs] 
339.259: Total time for which application threads were stopped: 0.0055470 seconds, Stopping threads took: 0.0031960 seconds
339.340: Application time: 0.0802900 seconds
339.342: [GC [PSYoungGen: 91136K->6416K(97280K)] 119153K->34433K(318976K), 0.0019450 secs] [Times: user=0.01 sys=0.00, real=0.00 secs] 
339.344: Total time for which application threads were stopped: 0.0038560 seconds, Stopping threads took: 0.0018230 seconds
339.422: Application time: 0.0788090 seconds
339.424: [GC [PSYoungGen: 89872K->6928K(97280K)] 117889K->34953K(318976K), 0.0020020 secs] [Times: user=0.01 sys=0.00, real=0.00 secs] 
339.426: Total time for which application threads were stopped: 0.0039590 seconds, Stopping threads took: 0.0018790 seconds
339.505: Application time: 0.0786240 seconds
339.508: [GC [PSYoungGen: 90384K->6912K(97280K)] 118409K->34945K(318976K), 0.0020640 secs] [Times: user=0.02 sys=0.00, real=0.00 secs] 
339.510: Total time for which application threads were stopped: 0.0048330 seconds, Stopping threads took: 0.0026910 seconds
339.588: Application time: 0.0780220 seconds
339.590: [GC [PSYoungGen: 90368K->7920K(97280K)] 118401K->35961K(318976K), 0.0022570 secs] [Times: user=0.02 sys=0.00, real=0.01 secs] 
339.593: Total time for which application threads were stopped: 0.0049600 seconds, Stopping threads took: 0.0026170 seconds
339.672: Application time: 0.0795670 seconds
339.675: [GC [PSYoungGen: 91376K->6288K(97280K)] 119417K->34337K(318976K), 0.0019890 secs] [Times: user=0.01 sys=0.00, real=0.00 secs] 
339.677: Total time for which application threads were stopped: 0.0042730 seconds, Stopping threads took: 0.0022050 seconds
339.756: Application time: 0.0792350 seconds
339.759: [GC [PSYoungGen: 89744K->6448K(97280K)] 117793K->34505K(318976K), 0.0018700 secs] [Times: user=0.01 sys=0.00, real=0.01 secs] 
339.761: Total time for which application threads were stopped: 0.0050770 seconds, Stopping threads took: 0.0031260 seconds
339.841: Application time: 0.0799300 seconds
339.843: [GC [PSYoungGen: 89904K->6432K(97280K)] 117961K->34489K(318976K), 0.0018610 secs] [Times: user=0.01 sys=0.00, real=0.00 secs] 
339.845: Total time for which application threads were stopped: 0.0042560 seconds, Stopping threads took: 0.0023040 seconds
339.924: Application time: 0.0784580 seconds
339.926: [GC [PSYoungGen: 89888K->7248K(97280K)] 117945K->35313K(318976K), 0.0023900 secs] [Times: user=0.01 sys=0.00, real=0.00 secs] 
339.928: Total time for which application threads were stopped: 0.0046460 seconds, Stopping threads took: 0.0021670 seconds
340.005: Application time: 0.0771740 seconds
340.008: [GC [PSYoungGen: 90704K->7392K(97280K)] 118769K->35465K(318976K), 0.0021710 secs] [Times: user=0.01 sys=0.00, real=0.00 secs] 
340.010: Total time for which application threads were stopped: 0.0045760 seconds, Stopping threads took: 0.0023230 seconds
340.090: Application time: 0.0802520 seconds
340.092: [GC [PSYoungGen: 90848K->6384K(97280K)] 118921K->34465K(318976K), 0.0018970 secs] [Times: user=0.01 sys=0.00, real=0.01 secs] 
340.094: Total time for which application threads were stopped: 0.0037530 seconds, Stopping threads took: 0.0017740 seconds
340.173: Application time: 0.0786070 seconds
340.175: [GC [PSYoungGen: 89840K->7072K(97280K)] 117921K->35161K(318976K), 0.0020240 secs] [Times: user=0.01 sys=0.00, real=0.00 secs] 
340.177: Total time for which application threads were stopped: 0.0041170 seconds, Stopping threads took: 0.0020160 seconds
340.257: Application time: 0.0804370 seconds
340.259: [GC [PSYoungGen: 90528K->6416K(97280K)] 118617K->34513K(318976K), 0.0018010 secs] [Times: user=0.01 sys=0.01, real=0.01 secs] 
340.261: Total time for which application threads were stopped: 0.0034690 seconds, Stopping threads took: 0.0015940 seconds
340.339: Application time: 0.0787120 seconds
340.341: [GC [PSYoungGen: 89872K->7872K(97280K)] 117969K->35969K(318976K), 0.0021700 secs] [Times: user=0.02 sys=0.00, real=0.00 secs] 
340.343: Total time for which application threads were stopped: 0.0040370 seconds, Stopping threads took: 0.0017950 seconds
340.423: Application time: 0.0801290 seconds
340.426: [GC [PSYoungGen: 91328K->8240K(97280K)] 119425K->36345K(318976K), 0.0025000 secs] [Times: user=0.02 sys=0.00, real=0.00 secs] 
340.428: Total time for which application threads were stopped: 0.0048830 seconds, Stopping threads took: 0.0022770 seconds
340.510: Application time: 0.0819500 seconds
340.511: [GC [PSYoungGen: 91696K->6208K(97280K)] 119801K->34321K(318976K), 0.0018450 secs] [Times: user=0.01 sys=0.00, real=0.01 secs] 
340.513: Total time for which application threads were stopped: 0.0024540 seconds, Stopping threads took: 0.0005290 seconds
340.588: Application time: 0.0752350 seconds
340.590: [GC [PSYoungGen: 89664K->7504K(97280K)] 117777K->35625K(318976K), 0.0021370 secs] [Times: user=0.01 sys=0.00, real=0.01 secs] 
340.592: Total time for which application threads were stopped: 0.0044450 seconds, Stopping threads took: 0.0022260 seconds
340.672: Application time: 0.0797800 seconds
340.674: [GC [PSYoungGen: 90960K->6656K(97280K)] 119081K->34785K(318976K), 0.0018870 secs] [Times: user=0.01 sys=0.00, real=0.00 secs] 
340.676: Total time for which application threads were stopped: 0.0035100 seconds, Stopping threads took: 0.0015470 seconds
340.757: Application time: 0.0811160 seconds
340.759: [GC [PSYoungGen: 90112K->6320K(97280K)] 118241K->34457K(318976K), 0.0019490 secs] [Times: user=0.01 sys=0.00, real=0.01 secs] 
340.761: Total time for which application threads were stopped: 0.0045420 seconds, Stopping threads took: 0.0025050 seconds
340.841: Application time: 0.0791000 seconds
340.843: [GC [PSYoungGen: 89776K->7632K(97280K)] 117913K->35769K(318976K), 0.0022590 secs] [Times: user=0.01 sys=0.00, real=0.00 secs] 
340.845: Total time for which application threads were stopped: 0.0044790 seconds, Stopping threads took: 0.0021400 seconds
340.927: Application time: 0.0815260 seconds
340.928: [GC [PSYoungGen: 91088K->7088K(97280K)] 119225K->35225K(318976K), 0.0019990 secs] [Times: user=0.02 sys=0.00, real=0.00 secs] 
340.930: Total time for which application threads were stopped: 0.0036290 seconds, Stopping threads took: 0.0015430 seconds
341.009: Application time: 0.0785750 seconds
341.011: [GC [PSYoungGen: 90544K->7232K(97280K)] 118681K->35377K(318976K), 0.0021190 secs] [Times: user=0.02 sys=0.00, real=0.01 secs] 
341.013: Total time for which application threads were stopped: 0.0040090 seconds, Stopping threads took: 0.0018170 seconds
341.089: Application time: 0.0764850 seconds
341.092: [GC [PSYoungGen: 90688K->8128K(97280K)] 118833K->36281K(318976K), 0.0022790 secs] [Times: user=0.02 sys=0.00, real=0.01 secs] 
341.094: Total time for which application threads were stopped: 0.0045690 seconds, Stopping threads took: 0.0022080 seconds
341.170: Application time: 0.0759030 seconds
341.173: [GC [PSYoungGen: 91584K->7600K(97280K)] 119737K->35761K(318976K), 0.0022800 secs] [Times: user=0.02 sys=0.00, real=0.00 secs] 
341.175: Total time for which application threads were stopped: 0.0051920 seconds, Stopping threads took: 0.0028290 seconds
341.256: Application time: 0.0810310 seconds
341.258: [GC [PSYoungGen: 91056K->6592K(97280K)] 119217K->34761K(318976K), 0.0018920 secs] [Times: user=0.01 sys=0.00, real=0.00 secs] 
341.260: Total time for which application threads were stopped: 0.0042570 seconds, Stopping threads took: 0.0022830 seconds
341.339: Application time: 0.0791560 seconds
341.341: [GC [PSYoungGen: 90048K->6560K(97280K)] 118217K->34737K(318976K), 0.0019350 secs] [Times: user=0.02 sys=0.00, real=0.00 secs] 
341.343: Total time for which application threads were stopped: 0.0036540 seconds, Stopping threads took: 0.0016170 seconds
341.422: Application time: 0.0790630 seconds
341.423: [GC [PSYoungGen: 90016K->6576K(97280K)] 118193K->34753K(318976K), 0.0020750 secs] [Times: user=0.02 sys=0.00, real=0.00 secs] 
341.425: Total time for which application threads were stopped: 0.0033890 seconds, Stopping threads took: 0.0012300 seconds
341.504: Application time: 0.0783940 seconds
341.506: [GC [PSYoungGen: 90032K->7712K(97280K)] 118209K->35897K(318976K), 0.0023190 secs] [Times: user=0.02 sys=0.00, real=0.00 secs] 
341.509: Total time for which application threads were stopped: 0.0046810 seconds, Stopping threads took: 0.0022750 seconds
341.588: Application time: 0.0796820 seconds
341.590: [GC [PSYoungGen: 91168K->6032K(97280K)] 119353K->34225K(318976K), 0.0018330 secs] [Times: user=0.01 sys=0.00, real=0.00 secs] 
341.592: Total time for which application threads were stopped: 0.0036820 seconds, Stopping threads took: 0.0017640 seconds
341.671: Application time: 0.0788530 seconds
341.674: [GC [PSYoungGen: 89488K->8320K(97280K)] 117681K->36521K(318976K), 0.0024230 secs] [Times: user=0.02 sys=0.00, real=0.00 secs] 
341.676: Total time for which application threads were stopped: 0.0055790 seconds, Stopping threads took: 0.0030620 seconds
341.754: Application time: 0.0778520 seconds
341.756: [GC [PSYoungGen: 91776K->7200K(97280K)] 119977K->35409K(318976K), 0.0022210 secs] [Times: user=0.01 sys=0.00, real=0.00 secs] 
341.759: Total time for which application threads were stopped: 0.0044860 seconds, Stopping threads took: 0.0021780 seconds
341.839: Application time: 0.0804490 seconds
341.842: [GC [PSYoungGen: 90656K->4864K(97280K)] 118865K->33081K(318976K), 0.0015100 secs] [Times: user=0.01 sys=0.00, real=0.00 secs] 
341.844: Total time for which application threads were stopped: 0.0045700 seconds, Stopping threads took: 0.0029680 seconds
341.924: Application time: 0.0803140 seconds
341.926: [GC [PSYoungGen: 88320K->5920K(97280K)] 116537K->34137K(318976K), 0.0018210 secs] [Times: user=0.01 sys=0.00, real=0.00 secs] 
341.928: Total time for which application threads were stopped: 0.0035640 seconds, Stopping threads took: 0.0016660 seconds
342.010: Application time: 0.0826980 seconds
342.011: [GC [PSYoungGen: 89376K->4464K(97280K)] 117593K->32689K(318976K), 0.0015140 secs] [Times: user=0.01 sys=0.00, real=0.01 secs] 
342.013: Total time for which application threads were stopped: 0.0025830 seconds, Stopping threads took: 0.0009880 seconds
342.093: Application time: 0.0799300 seconds
342.095: [GC [PSYoungGen: 87920K->7440K(97280K)] 116145K->35673K(318976K), 0.0022010 secs] [Times: user=0.02 sys=0.00, real=0.00 secs] 
342.097: Total time for which application threads were stopped: 0.0041220 seconds, Stopping threads took: 0.0018370 seconds
342.175: Application time: 0.0782310 seconds
342.177: [GC [PSYoungGen: 90896K->7616K(97280K)] 119129K->35857K(318976K), 0.0021740 secs] [Times: user=0.02 sys=0.00, real=0.00 secs] 
342.179: Total time for which application threads were stopped: 0.0042950 seconds, Stopping threads took: 0.0020350 seconds
342.257: Application time: 0.0777840 seconds
342.260: [GC [PSYoungGen: 91072K->7344K(97280K)] 119313K->35593K(318976K), 0.0021780 secs] [Times: user=0.02 sys=0.00, real=0.01 secs] 
342.262: Total time for which application threads were stopped: 0.0051150 seconds, Stopping threads took: 0.0028530 seconds
342.343: Application time: 0.0803290 seconds
342.345: [GC [PSYoungGen: 90800K->7104K(97280K)] 119049K->35361K(318976K), 0.0020090 secs] [Times: user=0.01 sys=0.00, real=0.00 secs] 
342.347: Total time for which application threads were stopped: 0.0042400 seconds, Stopping threads took: 0.0021620 seconds
342.426: Application time: 0.0795030 seconds
342.429: [GC [PSYoungGen: 90560K->6976K(97280K)] 118817K->35233K(318976K), 0.0020330 secs] [Times: user=0.02 sys=0.00, real=0.00 secs] 
342.431: Total time for which application threads were stopped: 0.0042440 seconds, Stopping threads took: 0.0021290 seconds
342.509: Application time: 0.0786080 seconds
342.511: [GC [PSYoungGen: 90432K->7584K(97280K)] 118689K->35849K(318976K), 0.0021730 secs] [Times: user=0.02 sys=0.00, real=0.01 secs] 
342.513: Total time for which application threads were stopped: 0.0041470 seconds, Stopping threads took: 0.0018780 seconds
342.591: Application time: 0.0773490 seconds
342.593: [GC [PSYoungGen: 91040K->8048K(97280K)] 119305K->36321K(318976K), 0.0024330 secs] [Times: user=0.02 sys=0.00, real=0.00 secs] 
342.596: Total time for which application threads were stopped: 0.0050370 seconds, Stopping threads took: 0.0025130 seconds
342.675: Application time: 0.0791140 seconds
342.677: [GC [PSYoungGen: 91504K->8272K(97280K)] 119777K->36553K(318976K), 0.0023780 secs] [Times: user=0.01 sys=0.00, real=0.00 secs] 
342.679: Total time for which application threads were stopped: 0.0045040 seconds, Stopping threads took: 0.0020470 seconds
342.763: Application time: 0.0833610 seconds
342.765: [GC [PSYoungGen: 91728K->6560K(97280K)] 120009K->34849K(318976K), 0.0019690 secs] [Times: user=0.02 sys=0.00, real=0.00 secs] 
342.767: Total time for which application threads were stopped: 0.0038760 seconds, Stopping threads took: 0.0018270 seconds
342.844: Application time: 0.0774350 seconds
342.846: [GC [PSYoungGen: 90016K->7040K(97280K)] 118305K->35345K(318976K), 0.0020960 secs] [Times: user=0.01 sys=0.00, real=0.00 secs] 
342.848: Total time for which application threads were stopped: 0.0037620 seconds, Stopping threads took: 0.0015850 seconds
342.927: Application time: 0.0794340 seconds
342.930: [GC [PSYoungGen: 90496K->6720K(97280K)] 118801K->35025K(318976K), 0.0020330 secs] [Times: user=0.01 sys=0.00, real=0.00 secs] 
342.932: Total time for which application threads were stopped: 0.0043560 seconds, Stopping threads took: 0.0022420 seconds
343.012: Application time: 0.0798390 seconds
343.013: [GC [PSYoungGen: 90176K->5232K(97280K)] 118481K->33537K(318976K), 0.0016030 secs] [Times: user=0.01 sys=0.00, real=0.00 secs] 
343.015: Total time for which application threads were stopped: 0.0032950 seconds, Stopping threads took: 0.0016200 seconds
343.095: Application time: 0.0801040 seconds
343.097: [GC [PSYoungGen: 88688K->6960K(97280K)] 116993K->35273K(318976K), 0.0021580 secs] [Times: user=0.01 sys=0.00, real=0.00 secs] 
343.099: Total time for which application threads were stopped: 0.0040050 seconds, Stopping threads took: 0.0017580 seconds
343.178: Application time: 0.0789640 seconds
343.179: [GC [PSYoungGen: 90416K->6080K(97280K)] 118729K->34401K(318976K), 0.0019140 secs] [Times: user=0.01 sys=0.00, real=0.01 secs] 
343.181: Total time for which application threads were stopped: 0.0027280 seconds, Stopping threads took: 0.0007420 seconds
343.258: Application time: 0.0771930 seconds
343.260: [GC [PSYoungGen: 89536K->6032K(97280K)] 117857K->34369K(318976K), 0.0017680 secs] [Times: user=0.01 sys=0.00, real=0.01 secs] 
343.262: Total time for which application threads were stopped: 0.0041440 seconds, Stopping threads took: 0.0023010 seconds
343.336: Application time: 0.0739480 seconds
343.339: [GC [PSYoungGen: 89488K->7536K(97280K)] 117825K->35905K(318976K), 0.0021110 secs] [Times: user=0.01 sys=0.00, real=0.01 secs] 
343.341: Total time for which application threads were stopped: 0.0048230 seconds, Stopping threads took: 0.0026290 seconds
343.418: Application time: 0.0769290 seconds
343.419: [GC [PSYoungGen: 90992K->6112K(97280K)] 119361K->34489K(318976K), 0.0018510 secs] [Times: user=0.01 sys=0.00, real=0.01 secs] 
343.421: Total time for which application threads were stopped: 0.0035110 seconds, Stopping threads took: 0.0015820 seconds
343.498: Application time: 0.0764570 seconds
343.500: [GC [PSYoungGen: 89568K->5392K(97280K)] 117945K->33769K(318976K), 0.0016070 secs] [Times: user=0.01 sys=0.00, real=0.01 secs] 
343.502: Total time for which application threads were stopped: 0.0039090 seconds, Stopping threads took: 0.0022230 seconds
343.576: Application time: 0.0747360 seconds
343.579: [GC [PSYoungGen: 88848K->6640K(97280K)] 117225K->35025K(318976K), 0.0019660 secs] [Times: user=0.02 sys=0.00, real=0.01 secs] 
343.581: Total time for which application threads were stopped: 0.0047550 seconds, Stopping threads took: 0.0027100 seconds
343.656: Application time: 0.0752620 seconds
343.658: [GC [PSYoungGen: 90096K->7040K(97280K)] 118481K->35433K(318976K), 0.0020910 secs] [Times: user=0.01 sys=0.00, real=0.01 secs] 
343.660: Total time for which application threads were stopped: 0.0041170 seconds, Stopping threads took: 0.0019350 seconds
343.734: Application time: 0.0736370 seconds
343.736: [GC [PSYoungGen: 90496K->7536K(97280K)] 118889K->35937K(318976K), 0.0022740 secs] [Times: user=0.01 sys=0.00, real=0.00 secs] 
343.739: Total time for which application threads were stopped: 0.0045030 seconds, Stopping threads took: 0.0021490 seconds
343.812: Application time: 0.0728850 seconds
343.814: [GC [PSYoungGen: 90992K->7184K(97280K)] 119393K->35593K(318976K), 0.0021370 secs] [Times: user=0.01 sys=0.00, real=0.00 secs] 
343.816: Total time for which application threads were stopped: 0.0043130 seconds, Stopping threads took: 0.0021070 seconds
343.892: Application time: 0.0760840 seconds
343.894: [GC [PSYoungGen: 90640K->7776K(97280K)] 119049K->36193K(318976K), 0.0022390 secs] [Times: user=0.01 sys=0.00, real=0.00 secs] 
343.897: Total time for which application threads were stopped: 0.0047240 seconds, Stopping threads took: 0.0024040 seconds
343.970: Application time: 0.0736950 seconds
343.972: [GC [PSYoungGen: 91232K->6672K(97280K)] 119649K->35089K(318976K), 0.0020360 secs] [Times: user=0.01 sys=0.00, real=0.01 secs] 
343.974: Total time for which application threads were stopped: 0.0035000 seconds, Stopping threads took: 0.0013890 seconds
344.050: Application time: 0.0757780 seconds
344.052: [GC [PSYoungGen: 90128K->7536K(97280K)] 118545K->35961K(318976K), 0.0021740 secs] [Times: user=0.01 sys=0.00, real=0.01 secs] 
344.054: Total time for which application threads were stopped: 0.0041250 seconds, Stopping threads took: 0.0018670 seconds
344.129: Application time: 0.0755930 seconds
344.132: [GC [PSYoungGen: 90992K->7696K(97280K)] 119417K->36129K(318976K), 0.0021760 secs] [Times: user=0.01 sys=0.00, real=0.01 secs] 
344.134: Total time for which application threads were stopped: 0.0049350 seconds, Stopping threads took: 0.0026800 seconds
344.207: Application time: 0.0722580 seconds
344.208: [GC [PSYoungGen: 91152K->7712K(97280K)] 119585K->36153K(318976K), 0.0023240 secs] [Times: user=0.01 sys=0.00, real=0.00 secs] 
344.210: Total time for which application threads were stopped: 0.0038980 seconds, Stopping threads took: 0.0014850 seconds
344.286: Application time: 0.0759400 seconds
344.289: [GC [PSYoungGen: 91168K->8064K(97280K)] 119609K->36513K(318976K), 0.0022160 secs] [Times: user=0.02 sys=0.00, real=0.00 secs] 
344.291: Total time for which application threads were stopped: 0.0045000 seconds, Stopping threads took: 0.0022040 seconds
344.363: Application time: 0.0725990 seconds
344.366: [GC [PSYoungGen: 91520K->7456K(97280K)] 119969K->35913K(318976K), 0.0022070 secs] [Times: user=0.01 sys=0.00, real=0.00 secs] 
344.368: Total time for which application threads were stopped: 0.0048440 seconds, Stopping threads took: 0.0025390 seconds
344.440: Application time: 0.0712000 seconds
344.441: [GC [PSYoungGen: 90912K->7632K(97280K)] 119369K->36089K(318976K), 0.0021010 secs] [Times: user=0.01 sys=0.00, real=0.00 secs] 
344.443: Total time for which application threads were stopped: 0.0037960 seconds, Stopping threads took: 0.0016230 seconds
344.517: Application time: 0.0735450 seconds
344.519: [GC [PSYoungGen: 91088K->7088K(97280K)] 119545K->35553K(318976K), 0.0020080 secs] [Times: user=0.01 sys=0.00, real=0.01 secs] 
344.521: Total time for which application threads were stopped: 0.0038240 seconds, Stopping threads took: 0.0017340 seconds
344.595: Application time: 0.0743570 seconds
344.598: [GC [PSYoungGen: 90544K->7472K(97280K)] 119009K->35945K(318976K), 0.0020300 secs] [Times: user=0.01 sys=0.00, real=0.00 secs] 
344.600: Total time for which application threads were stopped: 0.0048630 seconds, Stopping threads took: 0.0027370 seconds
344.674: Application time: 0.0741830 seconds
344.677: [GC [PSYoungGen: 90928K->7664K(97280K)] 119401K->36145K(318976K), 0.0021790 secs] [Times: user=0.02 sys=0.00, real=0.00 secs] 
344.679: Total time for which application threads were stopped: 0.0050120 seconds, Stopping threads took: 0.0027590 seconds
344.752: Application time: 0.0728650 seconds
344.754: [GC [PSYoungGen: 91120K->7008K(97280K)] 119601K->35497K(318976K), 0.0020430 secs] [Times: user=0.01 sys=0.00, real=0.00 secs] 
344.756: Total time for which application threads were stopped: 0.0040360 seconds, Stopping threads took: 0.0019020 seconds
344.830: Application time: 0.0741120 seconds
344.832: [GC [PSYoungGen: 90464K->7840K(97280K)] 118953K->36337K(318976K), 0.0022880 secs] [Times: user=0.01 sys=0.00, real=0.01 secs] 
344.835: Total time for which application threads were stopped: 0.0044330 seconds, Stopping threads took: 0.0020610 seconds
344.909: Application time: 0.0746830 seconds
344.911: [GC [PSYoungGen: 91296K->6592K(97280K)] 119793K->35089K(318976K), 0.0018810 secs] [Times: user=0.01 sys=0.00, real=0.01 secs] 
344.913: Total time for which application threads were stopped: 0.0040060 seconds, Stopping threads took: 0.0020500 seconds
344.986: Application time: 0.0731600 seconds
344.989: [GC [PSYoungGen: 90048K->7072K(97280K)] 118545K->35577K(318976K), 0.0019150 secs] [Times: user=0.01 sys=0.00, real=0.00 secs] 
344.991: Total time for which application threads were stopped: 0.0050060 seconds, Stopping threads took: 0.0030160 seconds
345.064: Application time: 0.0723080 seconds
345.066: [GC [PSYoungGen: 90528K->8176K(97280K)] 119033K->36689K(318976K), 0.0023810 secs] [Times: user=0.02 sys=0.00, real=0.00 secs] 
345.068: Total time for which application threads were stopped: 0.0045310 seconds, Stopping threads took: 0.0020660 seconds
345.142: Application time: 0.0739830 seconds
345.144: [GC [PSYoungGen: 91632K->7584K(97280K)] 120145K->36105K(318976K), 0.0022870 secs] [Times: user=0.02 sys=0.00, real=0.00 secs] 
345.147: Total time for which application threads were stopped: 0.0044670 seconds, Stopping threads took: 0.0020880 seconds
345.221: Application time: 0.0744860 seconds
345.224: [GC [PSYoungGen: 91040K->7056K(97280K)] 119561K->35585K(318976K), 0.0020920 secs] [Times: user=0.02 sys=0.00, real=0.00 secs] 
345.226: Total time for which application threads were stopped: 0.0044410 seconds, Stopping threads took: 0.0022690 seconds
345.300: Application time: 0.0746350 seconds
345.302: [GC [PSYoungGen: 90512K->6656K(97280K)] 119041K->35193K(318976K), 0.0019860 secs] [Times: user=0.01 sys=0.00, real=0.00 secs] 
345.304: Total time for which application threads were stopped: 0.0038660 seconds, Stopping threads took: 0.0017980 seconds
345.376: Application time: 0.0719150 seconds
345.378: [GC [PSYoungGen: 90112K->7808K(97280K)] 118649K->36345K(318976K), 0.0022490 secs] [Times: user=0.01 sys=0.00, real=0.01 secs] 
345.381: Total time for which application threads were stopped: 0.0044900 seconds, Stopping threads took: 0.0021410 seconds
345.456: Application time: 0.0754670 seconds
345.458: [GC [PSYoungGen: 91264K->6576K(97280K)] 119801K->35113K(318976K), 0.0019290 secs] [Times: user=0.01 sys=0.00, real=0.00 secs] 
345.460: Total time for which application threads were stopped: 0.0041170 seconds, Stopping threads took: 0.0021050 seconds
345.534: Application time: 0.0742950 seconds
345.537: [GC [PSYoungGen: 90032K->6544K(97280K)] 118569K->35089K(318976K), 0.0019310 secs] [Times: user=0.02 sys=0.00, real=0.00 secs] 
345.539: Total time for which application threads were stopped: 0.0041240 seconds, Stopping threads took: 0.0021100 seconds
345.614: Application time: 0.0750300 seconds
345.615: [GC [PSYoungGen: 90000K->6144K(97280K)] 118545K->34697K(318976K), 0.0018120 secs] [Times: user=0.02 sys=0.00, real=0.00 secs] 
345.617: Total time for which application threads were stopped: 0.0036030 seconds, Stopping threads took: 0.0017130 seconds
345.692: Application time: 0.0745810 seconds
345.694: [GC [PSYoungGen: 89600K->7552K(97280K)] 118153K->36113K(318976K), 0.0020580 secs] [Times: user=0.01 sys=0.00, real=0.00 secs] 
345.696: Total time for which application threads were stopped: 0.0042510 seconds, Stopping threads took: 0.0021200 seconds
345.771: Application time: 0.0751790 seconds
345.773: [GC [PSYoungGen: 91008K->6448K(97280K)] 119569K->35017K(318976K), 0.0019410 secs] [Times: user=0.02 sys=0.00, real=0.00 secs] 
345.775: Total time for which application threads were stopped: 0.0036940 seconds, Stopping threads took: 0.0016740 seconds
345.851: Application time: 0.0756900 seconds
345.853: [GC [PSYoungGen: 89904K->7248K(97280K)] 118473K->35817K(318976K), 0.0021310 secs] [Times: user=0.01 sys=0.00, real=0.00 secs] 
345.855: Total time for which application threads were stopped: 0.0040530 seconds, Stopping threads took: 0.0018390 seconds
345.930: Application time: 0.0751390 seconds
345.932: [GC [PSYoungGen: 90704K->7184K(97280K)] 119273K->35753K(318976K), 0.0021210 secs] [Times: user=0.01 sys=0.00, real=0.01 secs] 
345.934: Total time for which application threads were stopped: 0.0043440 seconds, Stopping threads took: 0.0021470 seconds
346.008: Application time: 0.0736390 seconds
346.009: [GC [PSYoungGen: 90640K->7680K(97280K)] 119209K->36257K(318976K), 0.0021890 secs] [Times: user=0.02 sys=0.00, real=0.00 secs] 
346.011: Total time for which application threads were stopped: 0.0035420 seconds, Stopping threads took: 0.0012780 seconds
346.088: Application time: 0.0764480 seconds
346.089: [GC [PSYoungGen: 91136K->7296K(97280K)] 119713K->35881K(318976K), 0.0020900 secs] [Times: user=0.01 sys=0.00, real=0.00 secs] 
346.092: Total time for which application threads were stopped: 0.0037300 seconds, Stopping threads took: 0.0015640 seconds
346.168: Application time: 0.0760560 seconds
346.171: [GC [PSYoungGen: 90752K->7568K(97280K)] 119337K->36161K(318976K), 0.0022030 secs] [Times: user=0.02 sys=0.00, real=0.01 secs] 
346.173: Total time for which application threads were stopped: 0.0051830 seconds, Stopping threads took: 0.0028910 seconds
346.247: Application time: 0.0743780 seconds
346.250: [GC [PSYoungGen: 91024K->6896K(97280K)] 119617K->35497K(318976K), 0.0019970 secs] [Times: user=0.01 sys=0.00, real=0.00 secs] 
346.252: Total time for which application threads were stopped: 0.0050840 seconds, Stopping threads took: 0.0030080 seconds
346.326: Application time: 0.0742630 seconds
346.328: [GC [PSYoungGen: 90352K->7088K(97280K)] 118953K->35689K(318976K), 0.0020870 secs] [Times: user=0.01 sys=0.00, real=0.00 secs] 
346.330: Total time for which application threads were stopped: 0.0039530 seconds, Stopping threads took: 0.0017890 seconds
346.404: Application time: 0.0732080 seconds
346.406: [GC [PSYoungGen: 90544K->6848K(97280K)] 119145K->35449K(318976K), 0.0019650 secs] [Times: user=0.01 sys=0.00, real=0.00 secs] 
346.408: Total time for which application threads were stopped: 0.0038490 seconds, Stopping threads took: 0.0018080 seconds
346.481: Application time: 0.0737370 seconds
346.483: [GC [PSYoungGen: 90304K->7296K(97280K)] 118905K->35905K(318976K), 0.0020040 secs] [Times: user=0.01 sys=0.00, real=0.00 secs] 
346.485: Total time for which application threads were stopped: 0.0041800 seconds, Stopping threads took: 0.0021050 seconds
346.559: Application time: 0.0732280 seconds
346.561: [GC [PSYoungGen: 90752K->6496K(97280K)] 119361K->35113K(318976K), 0.0019090 secs] [Times: user=0.02 sys=0.00, real=0.00 secs] 
346.563: Total time for which application threads were stopped: 0.0038250 seconds, Stopping threads took: 0.0018430 seconds
346.637: Application time: 0.0743850 seconds
346.639: [GC [PSYoungGen: 89952K->6608K(97280K)] 118569K->35233K(318976K), 0.0018190 secs] [Times: user=0.02 sys=0.00, real=0.01 secs] 
346.641: Total time for which application threads were stopped: 0.0043370 seconds, Stopping threads took: 0.0024380 seconds
346.717: Application time: 0.0759010 seconds
346.718: [GC [PSYoungGen: 90064K->5024K(97280K)] 118689K->33657K(318976K), 0.0015140 secs] [Times: user=0.01 sys=0.00, real=0.00 secs] 
346.720: Total time for which application threads were stopped: 0.0027590 seconds, Stopping threads took: 0.0011740 seconds
346.795: Application time: 0.0749420 seconds
346.797: [GC [PSYoungGen: 88480K->7488K(97280K)] 117113K->36129K(318976K), 0.0020590 secs] [Times: user=0.01 sys=0.00, real=0.00 secs] 
346.799: Total time for which application threads were stopped: 0.0045210 seconds, Stopping threads took: 0.0023860 seconds
346.873: Application time: 0.0737560 seconds
346.876: [GC [PSYoungGen: 90944K->7024K(97280K)] 119585K->35665K(318976K), 0.0020680 secs] [Times: user=0.02 sys=0.00, real=0.00 secs] 
346.878: Total time for which application threads were stopped: 0.0047190 seconds, Stopping threads took: 0.0025700 seconds
346.954: Application time: 0.0757840 seconds
346.956: [GC [PSYoungGen: 90480K->6352K(97280K)] 119121K->35001K(318976K), 0.0019540 secs] [Times: user=0.01 sys=0.00, real=0.00 secs] 
346.958: Total time for which application threads were stopped: 0.0038820 seconds, Stopping threads took: 0.0018430 seconds
347.032: Application time: 0.0744540 seconds
347.035: [GC [PSYoungGen: 89808K->7872K(97280K)] 118457K->36529K(318976K), 0.0022930 secs] [Times: user=0.02 sys=0.00, real=0.00 secs] 
347.037: Total time for which application threads were stopped: 0.0052730 seconds, Stopping threads took: 0.0028940 seconds
347.113: Application time: 0.0759280 seconds
347.116: [GC [PSYoungGen: 91328K->6656K(97280K)] 119985K->35321K(318976K), 0.0018900 secs] [Times: user=0.01 sys=0.00, real=0.00 secs] 
347.118: Total time for which application threads were stopped: 0.0045580 seconds, Stopping threads took: 0.0025910 seconds
347.195: Application time: 0.0768100 seconds
347.197: [GC [PSYoungGen: 90112K->7328K(97280K)] 118777K->36001K(318976K), 0.0021360 secs] [Times: user=0.02 sys=0.00, real=0.00 secs] 
347.200: Total time for which application threads were stopped: 0.0051110 seconds, Stopping threads took: 0.0028950 seconds
347.278: Application time: 0.0784540 seconds
347.280: [GC [PSYoungGen: 90784K->6560K(97280K)] 119457K->35241K(318976K), 0.0019360 secs] [Times: user=0.01 sys=0.00, real=0.01 secs] 
347.282: Total time for which application threads were stopped: 0.0035590 seconds, Stopping threads took: 0.0015430 seconds
347.360: Application time: 0.0778740 seconds
347.362: [GC [PSYoungGen: 90016K->7216K(97280K)] 118697K->35897K(318976K), 0.0021800 secs] [Times: user=0.01 sys=0.00, real=0.00 secs] 
347.364: Total time for which application threads were stopped: 0.0042830 seconds, Stopping threads took: 0.0020210 seconds
347.442: Application time: 0.0782600 seconds
347.444: [GC [PSYoungGen: 90672K->6464K(97280K)] 119353K->35153K(318976K), 0.0020940 secs] [Times: user=0.01 sys=0.01, real=0.00 secs] 
347.446: Total time for which application threads were stopped: 0.0043240 seconds, Stopping threads took: 0.0021480 seconds
347.525: Application time: 0.0781730 seconds
347.527: [GC [PSYoungGen: 89920K->7648K(97280K)] 118609K->36337K(318976K), 0.0022950 secs] [Times: user=0.02 sys=0.00, real=0.00 secs] 
347.529: Total time for which application threads were stopped: 0.0047500 seconds, Stopping threads took: 0.0023640 seconds
347.607: Application time: 0.0780350 seconds
347.610: [GC [PSYoungGen: 91104K->7152K(97280K)] 119793K->35849K(318976K), 0.0019800 secs] [Times: user=0.01 sys=0.00, real=0.01 secs] 
347.612: Total time for which application threads were stopped: 0.0050950 seconds, Stopping threads took: 0.0030400 seconds
347.691: Application time: 0.0788200 seconds
347.694: [GC [PSYoungGen: 90608K->6544K(97280K)] 119305K->35249K(318976K), 0.0018560 secs] [Times: user=0.01 sys=0.00, real=0.00 secs] 
347.696: Total time for which application threads were stopped: 0.0046320 seconds, Stopping threads took: 0.0026980 seconds
347.777: Application time: 0.0813300 seconds
347.779: [GC [PSYoungGen: 90000K->5984K(97280K)] 118705K->34697K(318976K), 0.0019630 secs] [Times: user=0.01 sys=0.00, real=0.01 secs] 
347.781: Total time for which application threads were stopped: 0.0036470 seconds, Stopping threads took: 0.0016050 seconds
347.859: Application time: 0.0777980 seconds
347.861: [GC [PSYoungGen: 89440K->6288K(97280K)] 118153K->35001K(318976K), 0.0018720 secs] [Times: user=0.01 sys=0.00, real=0.00 secs] 
347.863: Total time for which application threads were stopped: 0.0044380 seconds, Stopping threads took: 0.0024850 seconds
347.940: Application time: 0.0763760 seconds
347.942: [GC [PSYoungGen: 89744K->7424K(97280K)] 118457K->36137K(318976K), 0.0022520 secs] [Times: user=0.02 sys=0.00, real=0.00 secs] 
347.945: Total time for which application threads were stopped: 0.0050860 seconds, Stopping threads took: 0.0027500 seconds
348.021: Application time: 0.0768290 seconds
348.023: [GC [PSYoungGen: 90880K->6816K(97280K)] 119593K->35537K(318976K), 0.0019150 secs] [Times: user=0.01 sys=0.00, real=0.00 secs] 
348.025: Total time for which application threads were stopped: 0.0037280 seconds, Stopping threads took: 0.0017390 seconds
348.102: Application time: 0.0768690 seconds
348.104: [GC [PSYoungGen: 90272K->7168K(97280K)] 118993K->35897K(318976K), 0.0020580 secs] [Times: user=0.01 sys=0.00, real=0.00 secs] 
348.107: Total time for which application threads were stopped: 0.0044990 seconds, Stopping threads took: 0.0023590 seconds
348.186: Application time: 0.0790820 seconds
348.188: [GC [PSYoungGen: 90624K->6832K(97280K)] 119353K->35569K(318976K), 0.0019540 secs] [Times: user=0.01 sys=0.00, real=0.00 secs] 
348.190: Total time for which application threads were stopped: 0.0040750 seconds, Stopping threads took: 0.0020410 seconds
348.269: Application time: 0.0796760 seconds
348.271: [GC [PSYoungGen: 90288K->6128K(97280K)] 119025K->34873K(318976K), 0.0018700 secs] [Times: user=0.01 sys=0.00, real=0.01 secs] 
348.273: Total time for which application threads were stopped: 0.0037690 seconds, Stopping threads took: 0.0018200 seconds
348.351: Application time: 0.0781110 seconds
348.353: [GC [PSYoungGen: 89584K->7792K(97280K)] 118329K->36537K(318976K), 0.0023250 secs] [Times: user=0.02 sys=0.00, real=0.00 secs] 
348.356: Total time for which application threads were stopped: 0.0045330 seconds, Stopping threads took: 0.0021110 seconds
348.435: Application time: 0.0795700 seconds
348.438: [GC [PSYoungGen: 91248K->7040K(97280K)] 119993K->35785K(318976K), 0.0021570 secs] [Times: user=0.01 sys=0.00, real=0.00 secs] 
348.440: Total time for which application threads were stopped: 0.0045550 seconds, Stopping threads took: 0.0023200 seconds
348.520: Application time: 0.0801650 seconds
348.522: [GC [PSYoungGen: 90496K->7408K(97280K)] 119241K->36161K(318976K), 0.0021590 secs] [Times: user=0.01 sys=0.01, real=0.00 secs] 
348.525: Total time for which application threads were stopped: 0.0045410 seconds, Stopping threads took: 0.0022990 seconds
348.604: Application time: 0.0789810 seconds
348.606: [GC [PSYoungGen: 90864K->7312K(97280K)] 119617K->36073K(318976K), 0.0021050 secs] [Times: user=0.02 sys=0.00, real=0.00 secs] 
348.608: Total time for which application threads were stopped: 0.0043360 seconds, Stopping threads took: 0.0021380 seconds
348.686: Application time: 0.0782280 seconds
348.688: [GC [PSYoungGen: 90768K->7104K(97280K)] 119529K->35873K(318976K), 0.0022980 secs] [Times: user=0.01 sys=0.00, real=0.00 secs] 
348.690: Total time for which application threads were stopped: 0.0040290 seconds, Stopping threads took: 0.0016510 seconds
348.771: Application time: 0.0807530 seconds
348.773: [GC [PSYoungGen: 90560K->7760K(97280K)] 119329K->36537K(318976K), 0.0021630 secs] [Times: user=0.02 sys=0.00, real=0.00 secs] 
348.775: Total time for which application threads were stopped: 0.0039220 seconds, Stopping threads took: 0.0016850 seconds
348.855: Application time: 0.0803540 seconds
348.857: [GC [PSYoungGen: 91216K->6192K(97280K)] 119993K->34969K(318976K), 0.0018090 secs] [Times: user=0.01 sys=0.00, real=0.00 secs] 
348.859: Total time for which application threads were stopped: 0.0039670 seconds, Stopping threads took: 0.0020800 seconds
348.939: Application time: 0.0802110 seconds
348.942: [GC [PSYoungGen: 89648K->6768K(97280K)] 118425K->35545K(318976K), 0.0018740 secs] [Times: user=0.01 sys=0.00, real=0.00 secs] 
348.944: Total time for which application threads were stopped: 0.0040620 seconds, Stopping threads took: 0.0021160 seconds
349.026: Application time: 0.0825050 seconds
349.029: [GC [PSYoungGen: 90224K->6320K(97280K)] 119001K->35105K(318976K), 0.0017970 secs] [Times: user=0.02 sys=0.00, real=0.00 secs] 
349.031: Total time for which application threads were stopped: 0.0045310 seconds, Stopping threads took: 0.0026620 seconds
349.112: Application time: 0.0810310 seconds
349.114: [GC [PSYoungGen: 89776K->6688K(97280K)] 118561K->35481K(318976K), 0.0019730 secs] [Times: user=0.02 sys=0.00, real=0.00 secs] 
349.116: Total time for which application threads were stopped: 0.0047860 seconds, Stopping threads took: 0.0027120 seconds
349.196: Application time: 0.0793440 seconds
349.198: [GC [PSYoungGen: 90144K->6848K(97280K)] 118937K->35649K(318976K), 0.0020290 secs] [Times: user=0.01 sys=0.00, real=0.00 secs] 
349.200: Total time for which application threads were stopped: 0.0043070 seconds, Stopping threads took: 0.0022040 seconds
349.279: Application time: 0.0791600 seconds
349.281: [GC [PSYoungGen: 90304K->7008K(97280K)] 119105K->35817K(318976K), 0.0020680 secs] [Times: user=0.02 sys=0.00, real=0.00 secs] 
349.283: Total time for which application threads were stopped: 0.0037050 seconds, Stopping threads took: 0.0015600 seconds
349.364: Application time: 0.0807750 seconds
349.365: [GC [PSYoungGen: 90464K->7456K(97280K)] 119273K->36265K(318976K), 0.0021270 secs] [Times: user=0.02 sys=0.00, real=0.00 secs] 
349.367: Total time for which application threads were stopped: 0.0036560 seconds, Stopping threads took: 0.0014500 seconds
349.446: Application time: 0.0786920 seconds
349.449: [GC [PSYoungGen: 90912K->5808K(97280K)] 119721K->34617K(318976K), 0.0016920 secs] [Times: user=0.02 sys=0.00, real=0.00 secs] 
349.451: Total time for which application threads were stopped: 0.0044930 seconds, Stopping threads took: 0.0027280 seconds
349.530: Application time: 0.0790530 seconds
349.532: [GC [PSYoungGen: 89264K->8208K(97280K)] 118073K->37025K(318976K), 0.0024240 secs] [Times: user=0.01 sys=0.00, real=0.01 secs] 
349.534: Total time for which application threads were stopped: 0.0045570 seconds, Stopping threads took: 0.0020500 seconds
349.615: Application time: 0.0806240 seconds
349.617: [GC [PSYoungGen: 91664K->5552K(97280K)] 120481K->34369K(318976K), 0.0017240 secs] [Times: user=0.01 sys=0.00, real=0.00 secs] 
349.618: Total time for which application threads were stopped: 0.0036630 seconds, Stopping threads took: 0.0018540 seconds
349.699: Application time: 0.0803620 seconds
349.702: [GC [PSYoungGen: 89008K->6176K(97280K)] 117825K->35001K(318976K), 0.0018270 secs] [Times: user=0.01 sys=0.00, real=0.00 secs] 
349.704: Total time for which application threads were stopped: 0.0051160 seconds, Stopping threads took: 0.0031880 seconds
349.783: Application time: 0.0794550 seconds
349.785: [GC [PSYoungGen: 89632K->5904K(97280K)] 118457K->34737K(318976K), 0.0018100 secs] [Times: user=0.02 sys=0.00, real=0.00 secs] 
349.787: Total time for which application threads were stopped: 0.0035190 seconds, Stopping threads took: 0.0016280 seconds
349.866: Application time: 0.0795380 seconds
349.868: [GC [PSYoungGen: 89360K->7264K(97280K)] 118193K->36105K(318976K), 0.0022010 secs] [Times: user=0.02 sys=0.00, real=0.00 secs] 
349.871: Total time for which application threads were stopped: 0.0042520 seconds, Stopping threads took: 0.0019730 seconds
349.949: Application time: 0.0781710 seconds
349.950: [GC [PSYoungGen: 90720K->7600K(97280K)] 119561K->36441K(318976K), 0.0022200 secs] [Times: user=0.02 sys=0.00, real=0.01 secs] 
349.953: Total time for which application threads were stopped: 0.0037100 seconds, Stopping threads took: 0.0014050 seconds
350.030: Application time: 0.0777250 seconds
350.033: [GC [PSYoungGen: 91056K->7168K(97280K)] 119897K->36009K(318976K), 0.0021240 secs] [Times: user=0.01 sys=0.00, real=0.00 secs] 
350.035: Total time for which application threads were stopped: 0.0049140 seconds, Stopping threads took: 0.0027080 seconds
350.114: Application time: 0.0792380 seconds
350.117: [GC [PSYoungGen: 90624K->7296K(97280K)] 119465K->36153K(318976K), 0.0022610 secs] [Times: user=0.01 sys=0.00, real=0.00 secs] 
350.119: Total time for which application threads were stopped: 0.0043840 seconds, Stopping threads took: 0.0020400 seconds
350.196: Application time: 0.0776170 seconds
350.200: [GC [PSYoungGen: 90752K->6944K(97280K)] 119609K->35809K(318976K), 0.0020050 secs] [Times: user=0.01 sys=0.00, real=0.01 secs] 
350.202: Total time for which application threads were stopped: 0.0052500 seconds, Stopping threads took: 0.0031500 seconds
350.281: Application time: 0.0792060 seconds
350.282: [GC [PSYoungGen: 90400K->7584K(97280K)] 119265K->36457K(318976K), 0.0022660 secs] [Times: user=0.01 sys=0.00, real=0.00 secs] 
350.285: Total time for which application threads were stopped: 0.0037680 seconds, Stopping threads took: 0.0014230 seconds
350.364: Application time: 0.0788420 seconds
350.366: [GC [PSYoungGen: 91040K->6128K(97280K)] 119913K->35009K(318976K), 0.0017890 secs] [Times: user=0.01 sys=0.00, real=0.00 secs] 
350.368: Total time for which application threads were stopped: 0.0041990 seconds, Stopping threads took: 0.0023310 seconds
350.448: Application time: 0.0804240 seconds
350.451: [GC [PSYoungGen: 89584K->7664K(97280K)] 118465K->36545K(318976K), 0.0022850 secs] [Times: user=0.02 sys=0.00, real=0.01 secs] 
350.454: Total time for which application threads were stopped: 0.0054200 seconds, Stopping threads took: 0.0030510 seconds
350.532: Application time: 0.0782640 seconds
350.534: [GC [PSYoungGen: 91120K->6928K(97280K)] 120001K->35809K(318976K), 0.0021150 secs] [Times: user=0.01 sys=0.00, real=0.00 secs] 
350.536: Total time for which application threads were stopped: 0.0045130 seconds, Stopping threads took: 0.0023150 seconds
350.614: Application time: 0.0773900 seconds
350.617: [GC [PSYoungGen: 90384K->6592K(97280K)] 119265K->35481K(318976K), 0.0019150 secs] [Times: user=0.01 sys=0.00, real=0.00 secs] 
350.619: Total time for which application threads were stopped: 0.0047620 seconds, Stopping threads took: 0.0027720 seconds
350.698: Application time: 0.0791890 seconds
350.700: [GC [PSYoungGen: 90048K->6896K(97280K)] 118937K->35793K(318976K), 0.0020270 secs] [Times: user=0.01 sys=0.00, real=0.00 secs] 
350.703: Total time for which application threads were stopped: 0.0048330 seconds, Stopping threads took: 0.0027180 seconds
350.781: Application time: 0.0781370 seconds
350.783: [GC [PSYoungGen: 90352K->7280K(97280K)] 119249K->36185K(318976K), 0.0021520 secs] [Times: user=0.01 sys=0.00, real=0.00 secs] 
350.786: Total time for which application threads were stopped: 0.0049350 seconds, Stopping threads took: 0.0026990 seconds
350.864: Application time: 0.0783460 seconds
350.867: [GC [PSYoungGen: 90736K->7152K(97280K)] 119641K->36065K(318976K), 0.0020190 secs] [Times: user=0.01 sys=0.00, real=0.00 secs] 
350.869: Total time for which application threads were stopped: 0.0052960 seconds, Stopping threads took: 0.0032000 seconds
350.948: Application time: 0.0791400 seconds
350.952: [GC [PSYoungGen: 90608K->6624K(97280K)] 119521K->35537K(318976K), 0.0019970 secs] [Times: user=0.01 sys=0.00, real=0.01 secs] 
350.954: Total time for which application threads were stopped: 0.0053120 seconds, Stopping threads took: 0.0032200 seconds
351.033: Application time: 0.0791250 seconds
351.035: [GC [PSYoungGen: 90080K->6512K(97280K)] 118993K->35425K(318976K), 0.0018800 secs] [Times: user=0.02 sys=0.00, real=0.00 secs] 
351.037: Total time for which application threads were stopped: 0.0043590 seconds, Stopping threads took: 0.0024060 seconds
351.119: Application time: 0.0815130 seconds
351.121: [GC [PSYoungGen: 89968K->6448K(97280K)] 118881K->35369K(318976K), 0.0018760 secs] [Times: user=0.01 sys=0.00, real=0.00 secs] 
351.123: Total time for which application threads were stopped: 0.0044880 seconds, Stopping threads took: 0.0025440 seconds
351.203: Application time: 0.0798710 seconds
351.206: [GC [PSYoungGen: 89904K->6096K(97280K)] 118825K->35025K(318976K), 0.0019750 secs] [Times: user=0.01 sys=0.00, real=0.00 secs] 
351.208: Total time for which application threads were stopped: 0.0047640 seconds, Stopping threads took: 0.0026860 seconds
351.282: Application time: 0.0745260 seconds
351.285: [GC [PSYoungGen: 89552K->7024K(97280K)] 118481K->35961K(318976K), 0.0022650 secs] [Times: user=0.01 sys=0.00, real=0.00 secs] 
351.287: Total time for which application threads were stopped: 0.0046550 seconds, Stopping threads took: 0.0023130 seconds
351.362: Application time: 0.0745520 seconds
351.364: [GC [PSYoungGen: 90480K->6592K(97280K)] 119417K->35537K(318976K), 0.0021170 secs] [Times: user=0.01 sys=0.00, real=0.00 secs] 
351.366: Total time for which application threads were stopped: 0.0045160 seconds, Stopping threads took: 0.0023190 seconds
351.442: Application time: 0.0762850 seconds
351.444: [GC [PSYoungGen: 90048K->6512K(97280K)] 118993K->35457K(318976K), 0.0020470 secs] [Times: user=0.01 sys=0.00, real=0.00 secs] 
351.446: Total time for which application threads were stopped: 0.0040560 seconds, Stopping threads took: 0.0019230 seconds
351.523: Application time: 0.0765440 seconds
351.526: [GC [PSYoungGen: 89968K->5136K(97280K)] 118913K->34081K(318976K), 0.0015730 secs] [Times: user=0.01 sys=0.00, real=0.00 secs] 
351.527: Total time for which application threads were stopped: 0.0042110 seconds, Stopping threads took: 0.0025630 seconds
351.603: Application time: 0.0757800 seconds
351.605: [GC [PSYoungGen: 88592K->7184K(97280K)] 117537K->36137K(318976K), 0.0022120 secs] [Times: user=0.02 sys=0.00, real=0.00 secs] 
351.608: Total time for which application threads were stopped: 0.0046350 seconds, Stopping threads took: 0.0023420 seconds
351.683: Application time: 0.0756450 seconds
351.685: [GC [PSYoungGen: 90640K->6288K(97280K)] 119593K->35249K(318976K), 0.0021950 secs] [Times: user=0.02 sys=0.00, real=0.00 secs] 
351.687: Total time for which application threads were stopped: 0.0035680 seconds, Stopping threads took: 0.0012700 seconds
351.763: Application time: 0.0762300 seconds
351.765: [GC [PSYoungGen: 89744K->5984K(97280K)] 118705K->34953K(318976K), 0.0019560 secs] [Times: user=0.01 sys=0.00, real=0.00 secs] 
351.767: Total time for which application threads were stopped: 0.0035970 seconds, Stopping threads took: 0.0015540 seconds
351.842: Application time: 0.0748280 seconds
351.844: [GC [PSYoungGen: 89440K->7776K(97280K)] 118409K->36753K(318976K), 0.0022610 secs] [Times: user=0.01 sys=0.00, real=0.00 secs] 
351.847: Total time for which application threads were stopped: 0.0050550 seconds, Stopping threads took: 0.0027080 seconds
351.921: Application time: 0.0743610 seconds
351.922: [GC [PSYoungGen: 91232K->5728K(97280K)] 120209K->34705K(318976K), 0.0017740 secs] [Times: user=0.01 sys=0.00, real=0.00 secs] 
351.924: Total time for which application threads were stopped: 0.0031240 seconds, Stopping threads took: 0.0012730 seconds
352.000: Application time: 0.0754270 seconds
352.001: [GC [PSYoungGen: 89184K->7552K(97280K)] 118161K->36529K(318976K), 0.0022780 secs] [Times: user=0.01 sys=0.00, real=0.00 secs] 
352.003: Total time for which application threads were stopped: 0.0039300 seconds, Stopping threads took: 0.0015670 seconds
352.077: Application time: 0.0738870 seconds
352.080: [GC [PSYoungGen: 91008K->7856K(97280K)] 119985K->36841K(318976K), 0.0023870 secs] [Times: user=0.02 sys=0.00, real=0.01 secs] 
352.082: Total time for which application threads were stopped: 0.0049510 seconds, Stopping threads took: 0.0024750 seconds
352.155: Application time: 0.0725670 seconds
352.157: [GC [PSYoungGen: 91312K->7760K(97280K)] 120297K->36745K(318976K), 0.0023520 secs] [Times: user=0.02 sys=0.00, real=0.00 secs] 
352.160: Total time for which application threads were stopped: 0.0047210 seconds, Stopping threads took: 0.0022860 seconds
352.233: Application time: 0.0737930 seconds
352.235: [GC [PSYoungGen: 91216K->7760K(97280K)] 120201K->36753K(318976K), 0.0021340 secs] [Times: user=0.01 sys=0.00, real=0.00 secs] 
352.238: Total time for which application threads were stopped: 0.0041400 seconds, Stopping threads took: 0.0019350 seconds
352.313: Application time: 0.0750610 seconds
352.315: [GC [PSYoungGen: 91216K->8288K(97280K)] 120209K->37289K(318976K), 0.0023460 secs] [Times: user=0.02 sys=0.00, real=0.00 secs] 
352.317: Total time for which application threads were stopped: 0.0044920 seconds, Stopping threads took: 0.0020580 seconds
352.392: Application time: 0.0745240 seconds
352.394: [GC [PSYoungGen: 91744K->7488K(97280K)] 120745K->36497K(318976K), 0.0021410 secs] [Times: user=0.01 sys=0.00, real=0.00 secs] 
352.396: Total time for which application threads were stopped: 0.0043110 seconds, Stopping threads took: 0.0020940 seconds
352.469: Application time: 0.0735000 seconds
352.471: [GC [PSYoungGen: 90944K->8176K(97280K)] 119953K->37185K(318976K), 0.0022890 secs] [Times: user=0.02 sys=0.00, real=0.01 secs] 
352.474: Total time for which application threads were stopped: 0.0042550 seconds, Stopping threads took: 0.0018920 seconds
352.547: Application time: 0.0729580 seconds
352.548: [GC [PSYoungGen: 91632K->7744K(97280K)] 120641K->36753K(318976K), 0.0022810 secs] [Times: user=0.01 sys=0.01, real=0.00 secs] 
352.551: Total time for which application threads were stopped: 0.0040530 seconds, Stopping threads took: 0.0016920 seconds
352.625: Application time: 0.0747040 seconds
352.628: [GC [PSYoungGen: 91200K->6928K(97280K)] 120209K->35953K(318976K), 0.0020730 secs] [Times: user=0.02 sys=0.00, real=0.00 secs] 
352.630: Total time for which application threads were stopped: 0.0047960 seconds, Stopping threads took: 0.0026470 seconds
352.703: Application time: 0.0730650 seconds
352.705: [GC [PSYoungGen: 90384K->6960K(97280K)] 119409K->35993K(318976K), 0.0021170 secs] [Times: user=0.02 sys=0.00, real=0.00 secs] 
352.707: Total time for which application threads were stopped: 0.0039620 seconds, Stopping threads took: 0.0017690 seconds
352.783: Application time: 0.0761800 seconds
352.785: [GC [PSYoungGen: 90416K->7024K(97280K)] 119449K->36065K(318976K), 0.0020530 secs] [Times: user=0.01 sys=0.00, real=0.00 secs] 
352.787: Total time for which application threads were stopped: 0.0039190 seconds, Stopping threads took: 0.0017920 seconds
352.862: Application time: 0.0744140 seconds
352.865: [GC [PSYoungGen: 90480K->7424K(97280K)] 119521K->36473K(318976K), 0.0023010 secs] [Times: user=0.01 sys=0.00, real=0.00 secs] 
352.867: Total time for which application threads were stopped: 0.0051990 seconds, Stopping threads took: 0.0028110 seconds
352.941: Application time: 0.0744700 seconds
352.943: [GC [PSYoungGen: 90880K->6672K(97280K)] 119929K->35721K(318976K), 0.0020340 secs] [Times: user=0.01 sys=0.00, real=0.00 secs] 
352.945: Total time for which application threads were stopped: 0.0037760 seconds, Stopping threads took: 0.0016630 seconds
353.022: Application time: 0.0772600 seconds
353.024: [GC [PSYoungGen: 90128K->6192K(97280K)] 119177K->35241K(318976K), 0.0018550 secs] [Times: user=0.01 sys=0.00, real=0.00 secs] 
353.026: Total time for which application threads were stopped: 0.0032370 seconds, Stopping threads took: 0.0013050 seconds
353.100: Application time: 0.0740140 seconds
353.102: [GC [PSYoungGen: 89648K->8352K(97280K)] 118697K->37409K(318976K), 0.0026260 secs] [Times: user=0.01 sys=0.01, real=0.00 secs] 
353.105: Total time for which application threads were stopped: 0.0048530 seconds, Stopping threads took: 0.0021420 seconds
353.179: Application time: 0.0739770 seconds
353.181: [GC [PSYoungGen: 91808K->6864K(97280K)] 120865K->35929K(318976K), 0.0022830 secs] [Times: user=0.01 sys=0.00, real=0.00 secs] 
353.183: Total time for which application threads were stopped: 0.0046590 seconds, Stopping threads took: 0.0022840 seconds
353.258: Application time: 0.0743510 seconds
353.260: [GC [PSYoungGen: 90320K->7136K(97280K)] 119385K->36209K(318976K), 0.0022460 secs] [Times: user=0.02 sys=0.00, real=0.01 secs] 
353.262: Total time for which application threads were stopped: 0.0043680 seconds, Stopping threads took: 0.0020190 seconds
353.337: Application time: 0.0753000 seconds
353.340: [GC [PSYoungGen: 90592K->6768K(97280K)] 119665K->35849K(318976K), 0.0020200 secs] [Times: user=0.02 sys=0.00, real=0.01 secs] 
353.342: Total time for which application threads were stopped: 0.0048310 seconds, Stopping threads took: 0.0027350 seconds
353.417: Application time: 0.0752160 seconds
353.419: [GC [PSYoungGen: 90224K->7312K(97280K)] 119305K->36393K(318976K), 0.0022100 secs] [Times: user=0.01 sys=0.00, real=0.01 secs] 
353.422: Total time for which application threads were stopped: 0.0044080 seconds, Stopping threads took: 0.0021060 seconds
353.495: Application time: 0.0736380 seconds
353.497: [GC [PSYoungGen: 90768K->6592K(97280K)] 119849K->35673K(318976K), 0.0018590 secs] [Times: user=0.01 sys=0.00, real=0.00 secs] 
353.499: Total time for which application threads were stopped: 0.0037690 seconds, Stopping threads took: 0.0018360 seconds
353.573: Application time: 0.0739690 seconds
353.576: [GC [PSYoungGen: 90048K->7808K(97280K)] 119129K->36897K(318976K), 0.0023290 secs] [Times: user=0.02 sys=0.00, real=0.00 secs] 
353.578: Total time for which application threads were stopped: 0.0051750 seconds, Stopping threads took: 0.0027680 seconds
353.652: Application time: 0.0740650 seconds
353.654: [GC [PSYoungGen: 91264K->6688K(97280K)] 120353K->35785K(318976K), 0.0020230 secs] [Times: user=0.01 sys=0.00, real=0.00 secs] 
353.656: Total time for which application threads were stopped: 0.0037340 seconds, Stopping threads took: 0.0016350 seconds
353.730: Application time: 0.0741660 seconds
353.732: [GC [PSYoungGen: 90144K->7728K(97280K)] 119241K->36833K(318976K), 0.0022720 secs] [Times: user=0.02 sys=0.00, real=0.01 secs] 
353.735: Total time for which application threads were stopped: 0.0043740 seconds, Stopping threads took: 0.0020200 seconds
353.809: Application time: 0.0746550 seconds
353.812: [GC [PSYoungGen: 91184K->6800K(97280K)] 120289K->35913K(318976K), 0.0020300 secs] [Times: user=0.01 sys=0.00, real=0.01 secs] 
353.814: Total time for which application threads were stopped: 0.0046490 seconds, Stopping threads took: 0.0025300 seconds
353.888: Application time: 0.0740690 seconds
353.890: [GC [PSYoungGen: 90256K->6736K(97280K)] 119369K->35849K(318976K), 0.0019880 secs] [Times: user=0.01 sys=0.00, real=0.00 secs] 
353.892: Total time for which application threads were stopped: 0.0042580 seconds, Stopping threads took: 0.0021900 seconds
353.968: Application time: 0.0761850 seconds
353.971: [GC [PSYoungGen: 90192K->6656K(97280K)] 119305K->35769K(318976K), 0.0019430 secs] [Times: user=0.02 sys=0.00, real=0.01 secs] 
353.972: Total time for which application threads were stopped: 0.0040720 seconds, Stopping threads took: 0.0020390 seconds
354.048: Application time: 0.0750790 seconds
354.049: [GC [PSYoungGen: 90112K->6768K(97280K)] 119225K->35889K(318976K), 0.0020180 secs] [Times: user=0.01 sys=0.00, real=0.00 secs] 
354.051: Total time for which application threads were stopped: 0.0038640 seconds, Stopping threads took: 0.0017740 seconds
354.125: Application time: 0.0731770 seconds
354.127: [GC [PSYoungGen: 90224K->7696K(97280K)] 119345K->36825K(318976K), 0.0023000 secs] [Times: user=0.02 sys=0.00, real=0.00 secs] 
354.129: Total time for which application threads were stopped: 0.0043410 seconds, Stopping threads took: 0.0019570 seconds
354.201: Application time: 0.0725130 seconds
354.203: [GC [PSYoungGen: 91152K->6592K(97280K)] 120281K->35729K(318976K), 0.0020040 secs] [Times: user=0.01 sys=0.00, real=0.00 secs] 
354.205: Total time for which application threads were stopped: 0.0040080 seconds, Stopping threads took: 0.0019240 seconds
354.280: Application time: 0.0740840 seconds
354.282: [GC [PSYoungGen: 90048K->8128K(97280K)] 119185K->37273K(318976K), 0.0022010 secs] [Times: user=0.01 sys=0.00, real=0.00 secs] 
354.284: Total time for which application threads were stopped: 0.0046870 seconds, Stopping threads took: 0.0024110 seconds
354.360: Application time: 0.0754860 seconds
354.362: [GC [PSYoungGen: 91584K->7792K(97280K)] 120729K->36945K(318976K), 0.0022620 secs] [Times: user=0.02 sys=0.00, real=0.00 secs] 
354.364: Total time for which application threads were stopped: 0.0046220 seconds, Stopping threads took: 0.0022730 seconds
354.440: Application time: 0.0755590 seconds
354.442: [GC [PSYoungGen: 91248K->7408K(97280K)] 120401K->36561K(318976K), 0.0021420 secs] [Times: user=0.01 sys=0.00, real=0.00 secs] 
354.444: Total time for which application threads were stopped: 0.0037580 seconds, Stopping threads took: 0.0015300 seconds
354.521: Application time: 0.0772690 seconds
354.523: [GC [PSYoungGen: 90864K->7200K(97280K)] 120017K->36361K(318976K), 0.0021620 secs] [Times: user=0.01 sys=0.00, real=0.00 secs] 
354.525: Total time for which application threads were stopped: 0.0042670 seconds, Stopping threads took: 0.0020160 seconds
354.597: Application time: 0.0721750 seconds
354.600: [GC [PSYoungGen: 90656K->8064K(97280K)] 119817K->37225K(318976K), 0.0022270 secs] [Times: user=0.01 sys=0.00, real=0.01 secs] 
354.602: Total time for which application threads were stopped: 0.0048510 seconds, Stopping threads took: 0.0025500 seconds
354.677: Application time: 0.0746530 seconds
354.678: [GC [PSYoungGen: 91520K->7856K(97280K)] 120681K->37025K(318976K), 0.0023170 secs] [Times: user=0.02 sys=0.01, real=0.01 secs] 
354.681: Total time for which application threads were stopped: 0.0037560 seconds, Stopping threads took: 0.0013560 seconds
354.754: Application time: 0.0735700 seconds
354.756: [GC [PSYoungGen: 91312K->7120K(97280K)] 120481K->36297K(318976K), 0.0020680 secs] [Times: user=0.01 sys=0.00, real=0.00 secs] 
354.759: Total time for which application threads were stopped: 0.0042700 seconds, Stopping threads took: 0.0021250 seconds
354.831: Application time: 0.0722920 seconds
354.833: [GC [PSYoungGen: 90576K->6720K(97280K)] 119753K->35905K(318976K), 0.0019460 secs] [Times: user=0.02 sys=0.00, real=0.00 secs] 
354.835: Total time for which application threads were stopped: 0.0039420 seconds, Stopping threads took: 0.0019190 seconds
354.907: Application time: 0.0717850 seconds
354.908: [GC [PSYoungGen: 90176K->6608K(97280K)] 119361K->35793K(318976K), 0.0019760 secs] [Times: user=0.01 sys=0.00, real=0.00 secs] 
354.910: Total time for which application threads were stopped: 0.0036830 seconds, Stopping threads took: 0.0016260 seconds
354.983: Application time: 0.0730340 seconds
354.985: [GC [PSYoungGen: 90064K->7200K(97280K)] 119249K->36393K(318976K), 0.0022120 secs] [Times: user=0.01 sys=0.00, real=0.00 secs] 
354.987: Total time for which application threads were stopped: 0.0040950 seconds, Stopping threads took: 0.0017830 seconds
355.060: Application time: 0.0728960 seconds
355.062: [GC [PSYoungGen: 90656K->7744K(97280K)] 119849K->36937K(318976K), 0.0021650 secs] [Times: user=0.02 sys=0.00, real=0.00 secs] 
355.064: Total time for which application threads were stopped: 0.0041900 seconds, Stopping threads took: 0.0019190 seconds
355.138: Application time: 0.0731400 seconds
355.140: [GC [PSYoungGen: 91200K->8352K(97280K)] 120393K->37553K(318976K), 0.0024270 secs] [Times: user=0.02 sys=0.00, real=0.01 secs] 
355.142: Total time for which application threads were stopped: 0.0047530 seconds, Stopping threads took: 0.0022450 seconds
355.218: Application time: 0.0760070 seconds
355.221: [GC [PSYoungGen: 91808K->7664K(97280K)] 121009K->36873K(318976K), 0.0020500 secs] [Times: user=0.01 sys=0.00, real=0.00 secs] 
355.223: Total time for which application threads were stopped: 0.0046870 seconds, Stopping threads took: 0.0025640 seconds
355.302: Application time: 0.0789950 seconds
355.305: [GC [PSYoungGen: 91120K->7120K(97280K)] 120329K->36337K(318976K), 0.0020350 secs] [Times: user=0.02 sys=0.00, real=0.00 secs] 
355.307: Total time for which application threads were stopped: 0.0051880 seconds, Stopping threads took: 0.0030710 seconds
355.386: Application time: 0.0785500 seconds
355.388: [GC [PSYoungGen: 90576K->6880K(97280K)] 119793K->36097K(318976K), 0.0020260 secs] [Times: user=0.02 sys=0.00, real=0.00 secs] 
355.391: Total time for which application threads were stopped: 0.0047260 seconds, Stopping threads took: 0.0026220 seconds
355.472: Application time: 0.0819700 seconds
355.475: [GC [PSYoungGen: 90336K->6480K(97280K)] 119553K->35705K(318976K), 0.0018940 secs] [Times: user=0.01 sys=0.00, real=0.00 secs] 
355.477: Total time for which application threads were stopped: 0.0044030 seconds, Stopping threads took: 0.0024280 seconds
355.557: Application time: 0.0798830 seconds
355.559: [GC [PSYoungGen: 89936K->7328K(97280K)] 119161K->36553K(318976K), 0.0021680 secs] [Times: user=0.02 sys=0.00, real=0.01 secs] 
355.562: Total time for which application threads were stopped: 0.0047440 seconds, Stopping threads took: 0.0024950 seconds
355.639: Application time: 0.0774270 seconds
355.642: [GC [PSYoungGen: 90784K->7504K(97280K)] 120009K->36737K(318976K), 0.0021710 secs] [Times: user=0.01 sys=0.00, real=0.00 secs] 
355.644: Total time for which application threads were stopped: 0.0052740 seconds, Stopping threads took: 0.0030090 seconds
355.722: Application time: 0.0776910 seconds
355.725: [GC [PSYoungGen: 90960K->7184K(97280K)] 120193K->36425K(318976K), 0.0021130 secs] [Times: user=0.02 sys=0.00, real=0.00 secs] 
355.727: Total time for which application threads were stopped: 0.0048740 seconds, Stopping threads took: 0.0026780 seconds
355.804: Application time: 0.0774880 seconds
355.807: [GC [PSYoungGen: 90640K->7872K(97280K)] 119881K->37121K(318976K), 0.0023320 secs] [Times: user=0.02 sys=0.00, real=0.00 secs] 
355.809: Total time for which application threads were stopped: 0.0047400 seconds, Stopping threads took: 0.0023270 seconds
355.890: Application time: 0.0804840 seconds
355.893: [GC [PSYoungGen: 91328K->6864K(97280K)] 120577K->36113K(318976K), 0.0020190 secs] [Times: user=0.00 sys=0.00, real=0.00 secs] 
355.895: Total time for which application threads were stopped: 0.0053420 seconds, Stopping threads took: 0.0032460 seconds
355.974: Application time: 0.0795160 seconds
355.976: [GC [PSYoungGen: 90320K->6992K(97280K)] 119569K->36249K(318976K), 0.0020660 secs] [Times: user=0.01 sys=0.00, real=0.00 secs] 
355.978: Total time for which application threads were stopped: 0.0035350 seconds, Stopping threads took: 0.0013790 seconds
356.057: Application time: 0.0788710 seconds
356.059: [GC [PSYoungGen: 90448K->7712K(97280K)] 119705K->36969K(318976K), 0.0022130 secs] [Times: user=0.02 sys=0.00, real=0.01 secs] 
356.061: Total time for which application threads were stopped: 0.0039830 seconds, Stopping threads took: 0.0016900 seconds
356.141: Application time: 0.0802020 seconds
356.142: [GC [PSYoungGen: 91168K->6352K(97280K)] 120425K->35617K(318976K), 0.0018160 secs] [Times: user=0.01 sys=0.00, real=0.00 secs] 
356.144: Total time for which application threads were stopped: 0.0033590 seconds, Stopping threads took: 0.0014610 seconds
356.221: Application time: 0.0767440 seconds
356.224: [GC [PSYoungGen: 89808K->7696K(97280K)] 119073K->36969K(318976K), 0.0023740 secs] [Times: user=0.01 sys=0.00, real=0.00 secs] 
356.227: Total time for which application threads were stopped: 0.0054800 seconds, Stopping threads took: 0.0030230 seconds
356.302: Application time: 0.0752760 seconds
356.304: [GC [PSYoungGen: 91152K->8112K(97280K)] 120425K->37393K(318976K), 0.0022690 secs] [Times: user=0.02 sys=0.00, real=0.00 secs] 
356.306: Total time for which application threads were stopped: 0.0044700 seconds, Stopping threads took: 0.0021230 seconds
356.386: Application time: 0.0801270 seconds
356.390: [GC [PSYoungGen: 91568K->6816K(97280K)] 120849K->36097K(318976K), 0.0019590 secs] [Times: user=0.02 sys=0.00, real=0.00 secs] 
356.392: Total time for which application threads were stopped: 0.0053060 seconds, Stopping threads took: 0.0032620 seconds
356.474: Application time: 0.0820060 seconds
356.476: [GC [PSYoungGen: 90272K->4752K(97280K)] 119553K->34033K(318976K), 0.0014160 secs] [Times: user=0.01 sys=0.00, real=0.00 secs] 
356.477: Total time for which application threads were stopped: 0.0033660 seconds, Stopping threads took: 0.0018800 seconds
356.556: Application time: 0.0790340 seconds
356.558: [GC [PSYoungGen: 88208K->7040K(97280K)] 117489K->36329K(318976K), 0.0021120 secs] [Times: user=0.01 sys=0.00, real=0.00 secs] 
356.560: Total time for which application threads were stopped: 0.0035610 seconds, Stopping threads took: 0.0013670 seconds
356.640: Application time: 0.0804460 seconds
356.643: [GC [PSYoungGen: 90496K->7648K(97280K)] 119785K->36937K(318976K), 0.0022560 secs] [Times: user=0.01 sys=0.00, real=0.00 secs] 
356.645: Total time for which application threads were stopped: 0.0050580 seconds, Stopping threads took: 0.0027200 seconds
356.726: Application time: 0.0809200 seconds
356.729: [GC [PSYoungGen: 91104K->7344K(97280K)] 120393K->36641K(318976K), 0.0021640 secs] [Times: user=0.01 sys=0.00, real=0.00 secs] 
356.731: Total time for which application threads were stopped: 0.0046790 seconds, Stopping threads took: 0.0024200 seconds
356.811: Application time: 0.0801170 seconds
356.814: [GC [PSYoungGen: 90798K->7216K(97280K)] 120095K->36521K(318976K), 0.0021360 secs] [Times: user=0.02 sys=0.00, real=0.00 secs] 
356.816: Total time for which application threads were stopped: 0.0050010 seconds, Stopping threads took: 0.0027880 seconds
356.897: Application time: 0.0807310 seconds
356.899: [GC [PSYoungGen: 90672K->7104K(97280K)] 119977K->36417K(318976K), 0.0021120 secs] [Times: user=0.01 sys=0.00, real=0.01 secs] 
356.901: Total time for which application threads were stopped: 0.0042970 seconds, Stopping threads took: 0.0021030 seconds
356.980: Application time: 0.0787560 seconds
356.982: [GC [PSYoungGen: 90560K->6608K(97280K)] 119873K->35921K(318976K), 0.0020950 secs] [Times: user=0.02 sys=0.00, real=0.00 secs] 
356.985: Total time for which application threads were stopped: 0.0048420 seconds, Stopping threads took: 0.0026660 seconds
357.062: Application time: 0.0769380 seconds
357.063: [GC [PSYoungGen: 90064K->7008K(97280K)] 119377K->36329K(318976K), 0.0020120 secs] [Times: user=0.02 sys=0.00, real=0.00 secs] 
357.066: Total time for which application threads were stopped: 0.0040250 seconds, Stopping threads took: 0.0019300 seconds
357.143: Application time: 0.0774700 seconds
357.146: [GC [PSYoungGen: 90464K->7200K(97280K)] 119785K->36521K(318976K), 0.0021030 secs] [Times: user=0.01 sys=0.00, real=0.00 secs] 
357.148: Total time for which application threads were stopped: 0.0051250 seconds, Stopping threads took: 0.0029430 seconds
357.226: Application time: 0.0777840 seconds
357.228: [GC [PSYoungGen: 90656K->7856K(97280K)] 119977K->37185K(318976K), 0.0023590 secs] [Times: user=0.01 sys=0.00, real=0.00 secs] 
357.230: Total time for which application threads were stopped: 0.0043510 seconds, Stopping threads took: 0.0019070 seconds
357.311: Application time: 0.0802290 seconds
357.312: [GC [PSYoungGen: 91311K->7488K(97280K)] 120641K->36825K(318976K), 0.0022180 secs] [Times: user=0.01 sys=0.00, real=0.00 secs] 
357.315: Total time for which application threads were stopped: 0.0042150 seconds, Stopping threads took: 0.0019100 seconds
357.392: Application time: 0.0773080 seconds
357.394: [GC [PSYoungGen: 90944K->7968K(97280K)] 120281K->37313K(318976K), 0.0023510 secs] [Times: user=0.01 sys=0.00, real=0.00 secs] 
357.396: Total time for which application threads were stopped: 0.0040990 seconds, Stopping threads took: 0.0016650 seconds
357.474: Application time: 0.0774370 seconds
357.476: [GC [PSYoungGen: 91424K->6416K(97280K)] 120769K->35761K(318976K), 0.0019150 secs] [Times: user=0.02 sys=0.00, real=0.00 secs] 
357.478: Total time for which application threads were stopped: 0.0042490 seconds, Stopping threads took: 0.0022540 seconds
357.558: Application time: 0.0805880 seconds
357.561: [GC [PSYoungGen: 89872K->5856K(97280K)] 119217K->35209K(318976K), 0.0017600 secs] [Times: user=0.01 sys=0.00, real=0.00 secs] 
357.563: Total time for which application threads were stopped: 0.0042100 seconds, Stopping threads took: 0.0023750 seconds
357.642: Application time: 0.0791160 seconds
357.643: [GC [PSYoungGen: 89312K->6624K(97280K)] 118665K->35977K(318976K), 0.0019670 secs] [Times: user=0.01 sys=0.00, real=0.00 secs] 
357.645: Total time for which application threads were stopped: 0.0036080 seconds, Stopping threads took: 0.0015660 seconds
357.728: Application time: 0.0821630 seconds
357.729: [GC [PSYoungGen: 90080K->4272K(97280K)] 119433K->33633K(318976K), 0.0014410 secs] [Times: user=0.01 sys=0.00, real=0.00 secs] 
357.730: Total time for which application threads were stopped: 0.0027630 seconds, Stopping threads took: 0.0012510 seconds
357.812: Application time: 0.0815070 seconds
357.814: [GC [PSYoungGen: 87728K->6448K(97280K)] 117089K->35817K(318976K), 0.0018940 secs] [Times: user=0.02 sys=0.00, real=0.00 secs] 
357.816: Total time for which application threads were stopped: 0.0038740 seconds, Stopping threads took: 0.0018960 seconds
357.895: Application time: 0.0789660 seconds
357.896: [GC [PSYoungGen: 89904K->7808K(97280K)] 119273K->37193K(318976K), 0.0084480 secs] [Times: user=0.05 sys=0.00, real=0.01 secs] 
357.905: Total time for which application threads were stopped: 0.0099320 seconds, Stopping threads took: 0.0013980 seconds
357.983: Application time: 0.0789110 seconds
357.987: [GC [PSYoungGen: 91264K->6288K(97280K)] 120649K->35673K(318976K), 0.0018480 secs] [Times: user=0.00 sys=0.01, real=0.00 secs] 
357.988: Total time for which application threads were stopped: 0.0049100 seconds, Stopping threads took: 0.0029760 seconds
358.067: Application time: 0.0786280 seconds
358.069: [GC [PSYoungGen: 89744K->6736K(97280K)] 119129K->36129K(318976K), 0.0019600 secs] [Times: user=0.01 sys=0.00, real=0.00 secs] 
358.071: Total time for which application threads were stopped: 0.0038070 seconds, Stopping threads took: 0.0017730 seconds
358.149: Application time: 0.0783790 seconds
358.151: [GC [PSYoungGen: 90192K->7776K(97280K)] 119585K->37169K(318976K), 0.0022760 secs] [Times: user=0.02 sys=0.00, real=0.01 secs] 
358.154: Total time for which application threads were stopped: 0.0044290 seconds, Stopping threads took: 0.0020710 seconds
358.232: Application time: 0.0781790 seconds
358.233: [GC [PSYoungGen: 91232K->6512K(97280K)] 120625K->35913K(318976K), 0.0020210 secs] [Times: user=0.02 sys=0.00, real=0.00 secs] 
358.235: Total time for which application threads were stopped: 0.0032520 seconds, Stopping threads took: 0.0011490 seconds
358.313: Application time: 0.0780180 seconds
358.315: [GC [PSYoungGen: 89968K->7264K(97280K)] 119369K->36673K(318976K), 0.0020840 secs] [Times: user=0.02 sys=0.00, real=0.00 secs] 
358.318: Total time for which application threads were stopped: 0.0044960 seconds, Stopping threads took: 0.0023250 seconds
358.397: Application time: 0.0796560 seconds
358.400: [GC [PSYoungGen: 90720K->6784K(97280K)] 120129K->36201K(318976K), 0.0019810 secs] [Times: user=0.02 sys=0.00, real=0.01 secs] 
358.402: Total time for which application threads were stopped: 0.0044780 seconds, Stopping threads took: 0.0024230 seconds
358.482: Application time: 0.0803660 seconds
358.485: [GC [PSYoungGen: 90240K->7712K(97280K)] 119657K->37137K(318976K), 0.0022850 secs] [Times: user=0.01 sys=0.00, real=0.00 secs] 
358.487: Total time for which application threads were stopped: 0.0047730 seconds, Stopping threads took: 0.0024050 seconds
358.566: Application time: 0.0794320 seconds
358.569: [GC [PSYoungGen: 91168K->6800K(97280K)] 120593K->36233K(318976K), 0.0019510 secs] [Times: user=0.02 sys=0.00, real=0.00 secs] 
358.571: Total time for which application threads were stopped: 0.0049460 seconds, Stopping threads took: 0.0029200 seconds
358.652: Application time: 0.0805020 seconds
358.654: [GC [PSYoungGen: 90256K->6256K(97280K)] 119689K->35689K(318976K), 0.0018390 secs] [Times: user=0.01 sys=0.00, real=0.00 secs] 
358.656: Total time for which application threads were stopped: 0.0042810 seconds, Stopping threads took: 0.0023670 seconds
358.735: Application time: 0.0791430 seconds
358.737: [GC [PSYoungGen: 89712K->5952K(97280K)] 119145K->35393K(318976K), 0.0018920 secs] [Times: user=0.02 sys=0.00, real=0.00 secs] 
358.739: Total time for which application threads were stopped: 0.0037400 seconds, Stopping threads took: 0.0017610 seconds
358.817: Application time: 0.0776890 seconds
358.820: [GC [PSYoungGen: 89408K->6080K(97280K)] 118849K->35529K(318976K), 0.0019290 secs] [Times: user=0.02 sys=0.00, real=0.01 secs] 
358.822: Total time for which application threads were stopped: 0.0049210 seconds, Stopping threads took: 0.0028820 seconds
358.900: Application time: 0.0783590 seconds
358.902: [GC [PSYoungGen: 89536K->7488K(97280K)] 118985K->36945K(318976K), 0.0022590 secs] [Times: user=0.01 sys=0.00, real=0.00 secs] 
358.905: Total time for which application threads were stopped: 0.0046170 seconds, Stopping threads took: 0.0022760 seconds
358.982: Application time: 0.0770600 seconds
358.983: [GC [PSYoungGen: 90944K->6944K(97280K)] 120401K->36409K(318976K), 0.0020860 secs] [Times: user=0.02 sys=0.00, real=0.00 secs] 
358.985: Total time for which application threads were stopped: 0.0038570 seconds, Stopping threads took: 0.0016900 seconds
359.063: Application time: 0.0772580 seconds
359.065: [GC [PSYoungGen: 90400K->7392K(97280K)] 119865K->36857K(318976K), 0.0022390 secs] [Times: user=0.02 sys=0.00, real=0.00 secs] 
359.067: Total time for which application threads were stopped: 0.0046980 seconds, Stopping threads took: 0.0023800 seconds
359.146: Application time: 0.0785650 seconds
359.148: [GC [PSYoungGen: 90848K->7392K(97280K)] 120313K->36865K(318976K), 0.0022160 secs] [Times: user=0.01 sys=0.00, real=0.00 secs] 
359.150: Total time for which application threads were stopped: 0.0040160 seconds, Stopping threads took: 0.0017160 seconds
359.229: Application time: 0.0791680 seconds
359.230: [GC [PSYoungGen: 90848K->5568K(97280K)] 120321K->35041K(318976K), 0.0017310 secs] [Times: user=0.01 sys=0.00, real=0.00 secs] 
359.232: Total time for which application threads were stopped: 0.0027350 seconds, Stopping threads took: 0.0009330 seconds
359.308: Application time: 0.0757040 seconds
359.310: [GC [PSYoungGen: 89024K->7008K(97280K)] 118497K->36489K(318976K), 0.0020250 secs] [Times: user=0.02 sys=0.00, real=0.00 secs] 
359.312: Total time for which application threads were stopped: 0.0043180 seconds, Stopping threads took: 0.0022230 seconds
359.386: Application time: 0.0736090 seconds
359.388: [GC [PSYoungGen: 90464K->7536K(97280K)] 119945K->37025K(318976K), 0.0022020 secs] [Times: user=0.02 sys=0.00, real=0.00 secs] 
359.390: Total time for which application threads were stopped: 0.0041820 seconds, Stopping threads took: 0.0018870 seconds
359.464: Application time: 0.0743160 seconds
359.466: [GC [PSYoungGen: 90992K->7232K(97280K)] 120481K->36729K(318976K), 0.0021590 secs] [Times: user=0.01 sys=0.00, real=0.00 secs] 
359.468: Total time for which application threads were stopped: 0.0036920 seconds, Stopping threads took: 0.0014570 seconds
359.541: Application time: 0.0733070 seconds
359.542: [GC [PSYoungGen: 90688K->7360K(97280K)] 120185K->36857K(318976K), 0.0021040 secs] [Times: user=0.02 sys=0.00, real=0.00 secs] 
359.544: Total time for which application threads were stopped: 0.0032460 seconds, Stopping threads took: 0.0010730 seconds
359.620: Application time: 0.0755140 seconds
359.622: [GC [PSYoungGen: 90816K->6896K(97280K)] 120313K->36401K(318976K), 0.0020370 secs] [Times: user=0.01 sys=0.00, real=0.00 secs] 
359.624: Total time for which application threads were stopped: 0.0046260 seconds, Stopping threads took: 0.0025080 seconds
359.699: Application time: 0.0742960 seconds
359.701: [GC [PSYoungGen: 90352K->7040K(97280K)] 119857K->36545K(318976K), 0.0019980 secs] [Times: user=0.01 sys=0.00, real=0.00 secs] 
359.703: Total time for which application threads were stopped: 0.0041370 seconds, Stopping threads took: 0.0020680 seconds
359.777: Application time: 0.0740960 seconds
359.781: [GC [PSYoungGen: 90496K->6496K(97280K)] 120001K->36009K(318976K), 0.0018820 secs] [Times: user=0.01 sys=0.00, real=0.00 secs] 
359.782: Total time for which application threads were stopped: 0.0054350 seconds, Stopping threads took: 0.0034800 seconds
359.856: Application time: 0.0736140 seconds
359.858: [GC [PSYoungGen: 89952K->7136K(97280K)] 119465K->36657K(318976K), 0.0020790 secs] [Times: user=0.02 sys=0.00, real=0.00 secs] 
359.860: Total time for which application threads were stopped: 0.0041320 seconds, Stopping threads took: 0.0019750 seconds
359.935: Application time: 0.0744370 seconds
359.936: [GC [PSYoungGen: 90592K->7040K(97280K)] 120113K->36569K(318976K), 0.0020630 secs] [Times: user=0.01 sys=0.00, real=0.00 secs] 
359.939: Total time for which application threads were stopped: 0.0038990 seconds, Stopping threads took: 0.0017520 seconds
360.012: Application time: 0.0729940 seconds
360.013: [GC [PSYoungGen: 90496K->7184K(97280K)] 120025K->36713K(318976K), 0.0019900 secs] [Times: user=0.01 sys=0.00, real=0.00 secs] 
360.015: Total time for which application threads were stopped: 0.0036850 seconds, Stopping threads took: 0.0016210 seconds
360.090: Application time: 0.0744970 seconds
360.091: [GC [PSYoungGen: 90640K->6448K(97280K)] 120169K->35993K(318976K), 0.0018530 secs] [Times: user=0.02 sys=0.00, real=0.01 secs] 
360.093: Total time for which application threads were stopped: 0.0036860 seconds, Stopping threads took: 0.0017530 seconds
360.168: Application time: 0.0746960 seconds
360.171: [GC [PSYoungGen: 89904K->6096K(97280K)] 119449K->35641K(318976K), 0.0018140 secs] [Times: user=0.01 sys=0.00, real=0.01 secs] 
360.172: Total time for which application threads were stopped: 0.0043770 seconds, Stopping threads took: 0.0024860 seconds
360.248: Application time: 0.0754360 seconds
360.249: [GC [PSYoungGen: 89552K->6960K(97280K)] 119097K->36513K(318976K), 0.0020250 secs] [Times: user=0.01 sys=0.00, real=0.00 secs] 
360.251: Total time for which application threads were stopped: 0.0033340 seconds, Stopping threads took: 0.0012330 seconds
360.323: Application time: 0.0715600 seconds
360.324: [GC [PSYoungGen: 90416K->8288K(97280K)] 119969K->37849K(318976K), 0.0024850 secs] [Times: user=0.02 sys=0.00, real=0.00 secs] 
360.327: Total time for which application threads were stopped: 0.0039710 seconds, Stopping threads took: 0.0014030 seconds
360.402: Application time: 0.0756700 seconds
360.405: [GC [PSYoungGen: 91744K->7584K(97280K)] 121305K->37153K(318976K), 0.0023630 secs] [Times: user=0.02 sys=0.00, real=0.00 secs] 
360.408: Total time for which application threads were stopped: 0.0053760 seconds, Stopping threads took: 0.0029060 seconds
360.483: Application time: 0.0751170 seconds
360.485: [GC [PSYoungGen: 91040K->6496K(97280K)] 120609K->36065K(318976K), 0.0019880 secs] [Times: user=0.01 sys=0.00, real=0.00 secs] 
360.487: Total time for which application threads were stopped: 0.0044160 seconds, Stopping threads took: 0.0023230 seconds
360.564: Application time: 0.0767100 seconds
360.567: [GC [PSYoungGen: 89952K->6512K(97280K)] 119521K->36089K(318976K), 0.0018510 secs] [Times: user=0.02 sys=0.00, real=0.00 secs] 
360.569: Total time for which application threads were stopped: 0.0044910 seconds, Stopping threads took: 0.0025660 seconds
360.646: Application time: 0.0771130 seconds
360.647: [GC [PSYoungGen: 89968K->4288K(97280K)] 119545K->33865K(318976K), 0.0013770 secs] [Times: user=0.01 sys=0.00, real=0.00 secs] 
360.648: Total time for which application threads were stopped: 0.0027400 seconds, Stopping threads took: 0.0012930 seconds
360.724: Application time: 0.0751410 seconds
360.726: [GC [PSYoungGen: 87744K->4640K(97280K)] 117321K->34225K(318976K), 0.0014210 secs] [Times: user=0.00 sys=0.00, real=0.00 secs] 
360.728: Total time for which application threads were stopped: 0.0039350 seconds, Stopping threads took: 0.0024440 seconds
360.801: Application time: 0.0733490 seconds
360.803: [GC [PSYoungGen: 88096K->7360K(97280K)] 117681K->36953K(318976K), 0.0021490 secs] [Times: user=0.01 sys=0.00, real=0.00 secs] 
360.806: Total time for which application threads were stopped: 0.0046500 seconds, Stopping threads took: 0.0024040 seconds
360.881: Application time: 0.0758440 seconds
360.883: [GC [PSYoungGen: 90816K->7456K(97280K)] 120409K->37057K(318976K), 0.0023680 secs] [Times: user=0.01 sys=0.00, real=0.00 secs] 
360.886: Total time for which application threads were stopped: 0.0042470 seconds, Stopping threads took: 0.0017860 seconds
360.956: Application time: 0.0706060 seconds
360.959: [GC [PSYoungGen: 90912K->7616K(97280K)] 120513K->37217K(318976K), 0.0022780 secs] [Times: user=0.02 sys=0.00, real=0.01 secs] 
360.961: Total time for which application threads were stopped: 0.0048420 seconds, Stopping threads took: 0.0024840 seconds
361.035: Application time: 0.0735920 seconds
361.037: [GC [PSYoungGen: 91072K->8160K(97280K)] 120673K->37769K(318976K), 0.0024560 secs] [Times: user=0.01 sys=0.00, real=0.00 secs] 
361.039: Total time for which application threads were stopped: 0.0047130 seconds, Stopping threads took: 0.0021690 seconds
361.113: Application time: 0.0738340 seconds
361.115: [GC [PSYoungGen: 91616K->7392K(97280K)] 121225K->37001K(318976K), 0.0022590 secs] [Times: user=0.02 sys=0.00, real=0.00 secs] 
361.117: Total time for which application threads were stopped: 0.0042130 seconds, Stopping threads took: 0.0018740 seconds
361.191: Application time: 0.0738270 seconds
361.194: [GC [PSYoungGen: 90848K->7696K(97280K)] 120457K->37305K(318976K), 0.0022130 secs] [Times: user=0.01 sys=0.00, real=0.00 secs] 
361.196: Total time for which application threads were stopped: 0.0045720 seconds, Stopping threads took: 0.0022750 seconds
361.272: Application time: 0.0763520 seconds
361.274: [GC [PSYoungGen: 91152K->7440K(97280K)] 120761K->37057K(318976K), 0.0021360 secs] [Times: user=0.01 sys=0.00, real=0.00 secs] 
361.276: Total time for which application threads were stopped: 0.0036590 seconds, Stopping threads took: 0.0014480 seconds
361.350: Application time: 0.0741310 seconds
361.352: [GC [PSYoungGen: 90896K->6208K(97280K)] 120513K->35833K(318976K), 0.0018400 secs] [Times: user=0.01 sys=0.00, real=0.01 secs] 
361.353: Total time for which application threads were stopped: 0.0034620 seconds, Stopping threads took: 0.0015490 seconds
361.429: Application time: 0.0758440 seconds
361.432: [GC [PSYoungGen: 89664K->6912K(97280K)] 119289K->36537K(318976K), 0.0020500 secs] [Times: user=0.01 sys=0.00, real=0.01 secs] 
361.434: Total time for which application threads were stopped: 0.0045190 seconds, Stopping threads took: 0.0023670 seconds
361.508: Application time: 0.0745130 seconds
361.510: [GC [PSYoungGen: 90368K->8016K(97280K)] 119993K->37641K(318976K), 0.0024030 secs] [Times: user=0.02 sys=0.00, real=0.01 secs] 
361.513: Total time for which application threads were stopped: 0.0045330 seconds, Stopping threads took: 0.0020510 seconds
361.587: Application time: 0.0739670 seconds
361.589: [GC [PSYoungGen: 91472K->6096K(97280K)] 121097K->35729K(318976K), 0.0017500 secs] [Times: user=0.02 sys=0.00, real=0.00 secs] 
361.591: Total time for which application threads were stopped: 0.0043220 seconds, Stopping threads took: 0.0024920 seconds
361.666: Application time: 0.0745290 seconds
361.668: [GC [PSYoungGen: 89552K->7824K(97280K)] 119185K->37457K(318976K), 0.0022560 secs] [Times: user=0.02 sys=0.00, real=0.00 secs] 
361.670: Total time for which application threads were stopped: 0.0041720 seconds, Stopping threads took: 0.0018370 seconds
361.743: Application time: 0.0733870 seconds
361.746: [GC [PSYoungGen: 91280K->8240K(97280K)] 120913K->37881K(318976K), 0.0023990 secs] [Times: user=0.01 sys=0.00, real=0.00 secs] 
361.748: Total time for which application threads were stopped: 0.0049370 seconds, Stopping threads took: 0.0024550 seconds
361.824: Application time: 0.0755640 seconds
361.825: [GC [PSYoungGen: 91696K->7504K(97280K)] 121337K->37153K(318976K), 0.0022130 secs] [Times: user=0.02 sys=0.00, real=0.00 secs] 
361.828: Total time for which application threads were stopped: 0.0038000 seconds, Stopping threads took: 0.0015050 seconds
361.901: Application time: 0.0730050 seconds
361.903: [GC [PSYoungGen: 90960K->7728K(97280K)] 120609K->37385K(318976K), 0.0022910 secs] [Times: user=0.02 sys=0.00, real=0.00 secs] 
361.906: Total time for which application threads were stopped: 0.0050540 seconds, Stopping threads took: 0.0026850 seconds
361.982: Application time: 0.0764930 seconds
361.985: [GC [PSYoungGen: 91184K->6672K(97280K)] 120841K->36329K(318976K), 0.0018780 secs] [Times: user=0.01 sys=0.00, real=0.00 secs] 
361.987: Total time for which application threads were stopped: 0.0047220 seconds, Stopping threads took: 0.0027700 seconds
362.060: Application time: 0.0734060 seconds
362.062: [GC [PSYoungGen: 90128K->6704K(97280K)] 119785K->36369K(318976K), 0.0018770 secs] [Times: user=0.01 sys=0.00, real=0.00 secs] 
362.064: Total time for which application threads were stopped: 0.0040500 seconds, Stopping threads took: 0.0020960 seconds
362.140: Application time: 0.0752540 seconds
362.141: [GC [PSYoungGen: 90160K->5952K(97280K)] 119825K->35617K(318976K), 0.0017430 secs] [Times: user=0.01 sys=0.00, real=0.00 secs] 
362.143: Total time for which application threads were stopped: 0.0030800 seconds, Stopping threads took: 0.0012580 seconds
362.218: Application time: 0.0754110 seconds
362.220: [GC [PSYoungGen: 89408K->5568K(97280K)] 119073K->35241K(318976K), 0.0016290 secs] [Times: user=0.01 sys=0.00, real=0.01 secs] 
362.222: Total time for which application threads were stopped: 0.0037870 seconds, Stopping threads took: 0.0020870 seconds
362.297: Application time: 0.0749010 seconds
362.299: [GC [PSYoungGen: 89024K->7040K(97280K)] 118697K->36721K(318976K), 0.0020920 secs] [Times: user=0.01 sys=0.00, real=0.01 secs] 
362.301: Total time for which application threads were stopped: 0.0042010 seconds, Stopping threads took: 0.0020320 seconds
362.377: Application time: 0.0756150 seconds
362.378: [GC [PSYoungGen: 90496K->6592K(97280K)] 120177K->36281K(318976K), 0.0019780 secs] [Times: user=0.01 sys=0.00, real=0.01 secs] 
362.380: Total time for which application threads were stopped: 0.0039160 seconds, Stopping threads took: 0.0018370 seconds
362.454: Application time: 0.0734030 seconds
362.456: [GC [PSYoungGen: 90048K->6544K(97280K)] 119737K->36233K(318976K), 0.0019210 secs] [Times: user=0.01 sys=0.00, real=0.00 secs] 
362.458: Total time for which application threads were stopped: 0.0042400 seconds, Stopping threads took: 0.0022440 seconds
362.531: Application time: 0.0731920 seconds
362.532: [GC [PSYoungGen: 90000K->7232K(97280K)] 119689K->36929K(318976K), 0.0020910 secs] [Times: user=0.01 sys=0.00, real=0.01 secs] 
362.534: Total time for which application threads were stopped: 0.0030290 seconds, Stopping threads took: 0.0008580 seconds
362.607: Application time: 0.0730250 seconds
362.610: [GC [PSYoungGen: 90688K->7424K(97280K)] 120385K->37121K(318976K), 0.0021040 secs] [Times: user=0.01 sys=0.00, real=0.00 secs] 
362.612: Total time for which application threads were stopped: 0.0049410 seconds, Stopping threads took: 0.0027610 seconds
362.683: Application time: 0.0711370 seconds
362.686: [GC [PSYoungGen: 90880K->7840K(97280K)] 120577K->37545K(318976K), 0.0023670 secs] [Times: user=0.01 sys=0.00, real=0.00 secs] 
362.688: Total time for which application threads were stopped: 0.0046660 seconds, Stopping threads took: 0.0022090 seconds
362.762: Application time: 0.0739650 seconds
362.764: [GC [PSYoungGen: 91296K->7280K(97280K)] 121001K->36993K(318976K), 0.0020530 secs] [Times: user=0.02 sys=0.00, real=0.00 secs] 
362.766: Total time for which application threads were stopped: 0.0036580 seconds, Stopping threads took: 0.0015300 seconds
362.841: Application time: 0.0751910 seconds
362.843: [GC [PSYoungGen: 90736K->6720K(97280K)] 120449K->36441K(318976K), 0.0019770 secs] [Times: user=0.02 sys=0.00, real=0.00 secs] 
362.845: Total time for which application threads were stopped: 0.0038220 seconds, Stopping threads took: 0.0017670 seconds
362.919: Application time: 0.0739900 seconds
362.920: [GC [PSYoungGen: 90176K->8080K(97280K)] 119897K->37801K(318976K), 0.0023210 secs] [Times: user=0.02 sys=0.00, real=0.00 secs] 
362.923: Total time for which application threads were stopped: 0.0040540 seconds, Stopping threads took: 0.0016520 seconds
362.996: Application time: 0.0728580 seconds
362.998: [GC [PSYoungGen: 91536K->6784K(97280K)] 121257K->36513K(318976K), 0.0020160 secs] [Times: user=0.02 sys=0.00, real=0.00 secs] 
363.000: Total time for which application threads were stopped: 0.0047230 seconds, Stopping threads took: 0.0026220 seconds
363.077: Application time: 0.0766590 seconds
363.079: [GC [PSYoungGen: 90240K->6048K(97280K)] 119969K->35777K(318976K), 0.0017710 secs] [Times: user=0.02 sys=0.00, real=0.00 secs] 
363.080: Total time for which application threads were stopped: 0.0033000 seconds, Stopping threads took: 0.0014550 seconds
363.156: Application time: 0.0759680 seconds
363.158: [GC [PSYoungGen: 89504K->7568K(97280K)] 119233K->37305K(318976K), 0.0020920 secs] [Times: user=0.01 sys=0.00, real=0.01 secs] 
363.160: Total time for which application threads were stopped: 0.0041400 seconds, Stopping threads took: 0.0019710 seconds
363.237: Application time: 0.0766350 seconds
363.240: [GC [PSYoungGen: 91024K->6896K(97280K)] 120761K->36649K(318976K), 0.0020400 secs] [Times: user=0.01 sys=0.00, real=0.01 secs] 
363.242: Total time for which application threads were stopped: 0.0050910 seconds, Stopping threads took: 0.0029590 seconds
363.323: Application time: 0.0806250 seconds
363.325: [GC [PSYoungGen: 90352K->7552K(97280K)] 120105K->37313K(318976K), 0.0022430 secs] [Times: user=0.02 sys=0.00, real=0.00 secs] 
363.327: Total time for which application threads were stopped: 0.0042990 seconds, Stopping threads took: 0.0019760 seconds
363.406: Application time: 0.0787000 seconds
363.407: [GC [PSYoungGen: 91008K->6800K(97280K)] 120769K->36561K(318976K), 0.0021010 secs] [Times: user=0.01 sys=0.00, real=0.00 secs] 
363.410: Total time for which application threads were stopped: 0.0037520 seconds, Stopping threads took: 0.0015670 seconds
363.487: Application time: 0.0773370 seconds
363.489: [GC [PSYoungGen: 90256K->7408K(97280K)] 120017K->37177K(318976K), 0.0021560 secs] [Times: user=0.01 sys=0.00, real=0.00 secs] 
363.492: Total time for which application threads were stopped: 0.0047020 seconds, Stopping threads took: 0.0024620 seconds
363.569: Application time: 0.0770800 seconds
363.572: [GC [PSYoungGen: 90864K->8320K(97280K)] 120633K->38089K(318976K), 0.0023580 secs] [Times: user=0.01 sys=0.00, real=0.01 secs] 
363.574: Total time for which application threads were stopped: 0.0054810 seconds, Stopping threads took: 0.0030360 seconds
363.654: Application time: 0.0796440 seconds
363.656: [GC [PSYoungGen: 91776K->6576K(97280K)] 121545K->36345K(318976K), 0.0019300 secs] [Times: user=0.01 sys=0.00, real=0.00 secs] 
363.658: Total time for which application threads were stopped: 0.0042220 seconds, Stopping threads took: 0.0022100 seconds
363.737: Application time: 0.0789420 seconds
363.739: [GC [PSYoungGen: 90032K->6592K(97280K)] 119801K->36369K(318976K), 0.0020870 secs] [Times: user=0.01 sys=0.00, real=0.01 secs] 
363.741: Total time for which application threads were stopped: 0.0039170 seconds, Stopping threads took: 0.0017460 seconds
363.821: Application time: 0.0799930 seconds
363.822: [GC [PSYoungGen: 90048K->5840K(97280K)] 119825K->35625K(318976K), 0.0019210 secs] [Times: user=0.01 sys=0.00, real=0.00 secs] 
363.824: Total time for which application threads were stopped: 0.0029160 seconds, Stopping threads took: 0.0009060 seconds
363.904: Application time: 0.0799240 seconds
363.905: [GC [PSYoungGen: 89296K->5760K(97280K)] 119081K->35553K(318976K), 0.0017830 secs] [Times: user=0.01 sys=0.00, real=0.00 secs] 
363.907: Total time for which application threads were stopped: 0.0030630 seconds, Stopping threads took: 0.0011990 seconds
363.987: Application time: 0.0801150 seconds
363.990: [GC [PSYoungGen: 89216K->7728K(97280K)] 119009K->37529K(318976K), 0.0024190 secs] [Times: user=0.01 sys=0.00, real=0.00 secs] 
363.992: Total time for which application threads were stopped: 0.0051830 seconds, Stopping threads took: 0.0026770 seconds
364.069: Application time: 0.0769730 seconds
364.072: [GC [PSYoungGen: 91184K->7104K(97280K)] 120985K->36905K(318976K), 0.0022920 secs] [Times: user=0.01 sys=0.00, real=0.01 secs] 
364.074: Total time for which application threads were stopped: 0.0047790 seconds, Stopping threads took: 0.0024030 seconds
364.152: Application time: 0.0786170 seconds
364.154: [GC [PSYoungGen: 90560K->7328K(97280K)] 120361K->37129K(318976K), 0.0022000 secs] [Times: user=0.01 sys=0.00, real=0.00 secs] 
364.157: Total time for which application threads were stopped: 0.0041240 seconds, Stopping threads took: 0.0018420 seconds
364.236: Application time: 0.0794910 seconds
364.239: [GC [PSYoungGen: 90784K->6656K(97280K)] 120585K->36465K(318976K), 0.0019310 secs] [Times: user=0.01 sys=0.00, real=0.01 secs] 
364.241: Total time for which application threads were stopped: 0.0045640 seconds, Stopping threads took: 0.0025340 seconds
364.317: Application time: 0.0766910 seconds
364.319: [GC [PSYoungGen: 90112K->7952K(97280K)] 119921K->37769K(318976K), 0.0022650 secs] [Times: user=0.01 sys=0.00, real=0.01 secs] 
364.322: Total time for which application threads were stopped: 0.0042010 seconds, Stopping threads took: 0.0018540 seconds
364.398: Application time: 0.0768650 seconds
364.401: [GC [PSYoungGen: 91408K->8128K(97280K)] 121225K->37953K(318976K), 0.0026750 secs] [Times: user=0.02 sys=0.00, real=0.00 secs] 
364.404: Total time for which application threads were stopped: 0.0050860 seconds, Stopping threads took: 0.0023200 seconds
364.483: Application time: 0.0794770 seconds
364.486: [GC [PSYoungGen: 91584K->7888K(97280K)] 121409K->37721K(318976K), 0.0024190 secs] [Times: user=0.02 sys=0.00, real=0.00 secs] 
364.488: Total time for which application threads were stopped: 0.0052630 seconds, Stopping threads took: 0.0027420 seconds
364.566: Application time: 0.0775150 seconds
364.569: [GC [PSYoungGen: 91344K->7008K(97280K)] 121177K->36841K(318976K), 0.0020450 secs] [Times: user=0.01 sys=0.00, real=0.00 secs] 
364.571: Total time for which application threads were stopped: 0.0052010 seconds, Stopping threads took: 0.0030640 seconds
364.649: Application time: 0.0775400 seconds
364.650: [GC [PSYoungGen: 90464K->7552K(97280K)] 120297K->37385K(318976K), 0.0022240 secs] [Times: user=0.02 sys=0.00, real=0.01 secs] 
364.652: Total time for which application threads were stopped: 0.0038950 seconds, Stopping threads took: 0.0015840 seconds
364.733: Application time: 0.0802600 seconds
364.736: [GC [PSYoungGen: 91008K->8160K(97280K)] 120841K->38001K(318976K), 0.0024220 secs] [Times: user=0.01 sys=0.00, real=0.00 secs] 
364.738: Total time for which application threads were stopped: 0.0053400 seconds, Stopping threads took: 0.0028320 seconds
364.817: Application time: 0.0788350 seconds
364.819: [GC [PSYoungGen: 91616K->7008K(97280K)] 121457K->36857K(318976K), 0.0021900 secs] [Times: user=0.01 sys=0.00, real=0.01 secs] 
364.822: Total time for which application threads were stopped: 0.0046330 seconds, Stopping threads took: 0.0023600 seconds
364.899: Application time: 0.0775990 seconds
364.901: [GC [PSYoungGen: 90464K->8272K(97280K)] 120313K->38129K(318976K), 0.0025240 secs] [Times: user=0.02 sys=0.00, real=0.00 secs] 
364.904: Total time for which application threads were stopped: 0.0047370 seconds, Stopping threads took: 0.0021300 seconds
364.981: Application time: 0.0771800 seconds
364.983: [GC [PSYoungGen: 91728K->7568K(97280K)] 121585K->37425K(318976K), 0.0022360 secs] [Times: user=0.02 sys=0.00, real=0.00 secs] 
364.985: Total time for which application threads were stopped: 0.0043820 seconds, Stopping threads took: 0.0020540 seconds
365.062: Application time: 0.0768860 seconds
365.065: [GC [PSYoungGen: 91024K->8240K(97280K)] 120881K->38105K(318976K), 0.0024480 secs] [Times: user=0.02 sys=0.00, real=0.00 secs] 
365.067: Total time for which application threads were stopped: 0.0047730 seconds, Stopping threads took: 0.0022380 seconds
365.147: Application time: 0.0795830 seconds
365.148: [GC [PSYoungGen: 91696K->6912K(97280K)] 121561K->36777K(318976K), 0.0019670 secs] [Times: user=0.01 sys=0.00, real=0.00 secs] 
365.150: Total time for which application threads were stopped: 0.0036580 seconds, Stopping threads took: 0.0016190 seconds
365.229: Application time: 0.0787500 seconds
365.232: [GC [PSYoungGen: 90368K->7616K(97280K)] 120233K->37489K(318976K), 0.0022790 secs] [Times: user=0.02 sys=0.00, real=0.01 secs] 
365.235: Total time for which application threads were stopped: 0.0054610 seconds, Stopping threads took: 0.0031010 seconds
365.317: Application time: 0.0824610 seconds
365.318: [GC [PSYoungGen: 91072K->6128K(97280K)] 120945K->36009K(318976K), 0.0019340 secs] [Times: user=0.01 sys=0.00, real=0.00 secs] 
365.320: Total time for which application threads were stopped: 0.0030400 seconds, Stopping threads took: 0.0010320 seconds
365.403: Application time: 0.0826740 seconds
365.405: [GC [PSYoungGen: 89584K->6192K(97280K)] 119465K->36081K(318976K), 0.0018550 secs] [Times: user=0.01 sys=0.00, real=0.00 secs] 
365.407: Total time for which application threads were stopped: 0.0040070 seconds, Stopping threads took: 0.0020760 seconds
365.488: Application time: 0.0817420 seconds
365.490: [GC [PSYoungGen: 89648K->7616K(97280K)] 119537K->37505K(318976K), 0.0021870 secs] [Times: user=0.02 sys=0.00, real=0.00 secs] 
365.492: Total time for which application threads were stopped: 0.0039090 seconds, Stopping threads took: 0.0016250 seconds
365.572: Application time: 0.0796590 seconds
365.575: [GC [PSYoungGen: 91072K->7056K(97280K)] 120961K->36961K(318976K), 0.0020330 secs] [Times: user=0.02 sys=0.00, real=0.00 secs] 
365.577: Total time for which application threads were stopped: 0.0047620 seconds, Stopping threads took: 0.0026550 seconds
365.656: Application time: 0.0796490 seconds
365.658: [GC [PSYoungGen: 90512K->7504K(97280K)] 120417K->37409K(318976K), 0.0022590 secs] [Times: user=0.01 sys=0.00, real=0.01 secs] 
365.660: Total time for which application threads were stopped: 0.0040140 seconds, Stopping threads took: 0.0016750 seconds
365.737: Application time: 0.0768760 seconds
365.740: [GC [PSYoungGen: 90960K->7152K(97280K)] 120865K->37065K(318976K), 0.0021210 secs] [Times: user=0.02 sys=0.00, real=0.01 secs] 
365.742: Total time for which application threads were stopped: 0.0044330 seconds, Stopping threads took: 0.0022300 seconds
365.820: Application time: 0.0784970 seconds
365.822: [GC [PSYoungGen: 90607K->6272K(97280K)] 120520K->36193K(318976K), 0.0018680 secs] [Times: user=0.01 sys=0.00, real=0.00 secs] 
365.824: Total time for which application threads were stopped: 0.0039560 seconds, Stopping threads took: 0.0020060 seconds
365.903: Application time: 0.0790350 seconds
365.905: [GC [PSYoungGen: 89728K->6432K(97280K)] 119649K->36377K(318976K), 0.0019900 secs] [Times: user=0.01 sys=0.00, real=0.00 secs] 
365.907: Total time for which application threads were stopped: 0.0039200 seconds, Stopping threads took: 0.0018280 seconds
365.986: Application time: 0.0787840 seconds
365.989: [GC [PSYoungGen: 89888K->7008K(97280K)] 119833K->36961K(318976K), 0.0020820 secs] [Times: user=0.01 sys=0.00, real=0.00 secs] 
365.991: Total time for which application threads were stopped: 0.0048420 seconds, Stopping threads took: 0.0026870 seconds
366.070: Application time: 0.0794750 seconds
366.073: [GC [PSYoungGen: 90464K->6144K(97280K)] 120417K->36105K(318976K), 0.0020170 secs] [Times: user=0.01 sys=0.00, real=0.00 secs] 
366.075: Total time for which application threads were stopped: 0.0046840 seconds, Stopping threads took: 0.0025730 seconds
366.152: Application time: 0.0773900 seconds
366.154: [GC [PSYoungGen: 89600K->7872K(97280K)] 119561K->37833K(318976K), 0.0021920 secs] [Times: user=0.01 sys=0.00, real=0.00 secs] 
366.156: Total time for which application threads were stopped: 0.0038540 seconds, Stopping threads took: 0.0015860 seconds
366.237: Application time: 0.0812240 seconds
366.240: [GC [PSYoungGen: 91328K->7184K(97280K)] 121289K->37145K(318976K), 0.0021590 secs] [Times: user=0.01 sys=0.00, real=0.01 secs] 
366.242: Total time for which application threads were stopped: 0.0046710 seconds, Stopping threads took: 0.0024090 seconds
366.323: Application time: 0.0808500 seconds
366.325: [GC [PSYoungGen: 90640K->6896K(97280K)] 120601K->36865K(318976K), 0.0018990 secs] [Times: user=0.02 sys=0.00, real=0.00 secs] 
366.327: Total time for which application threads were stopped: 0.0044210 seconds, Stopping threads took: 0.0024500 seconds
366.407: Application time: 0.0794830 seconds
366.410: [GC [PSYoungGen: 90352K->7360K(97280K)] 120321K->37337K(318976K), 0.0020950 secs] [Times: user=0.01 sys=0.00, real=0.00 secs] 
366.412: Total time for which application threads were stopped: 0.0047750 seconds, Stopping threads took: 0.0025940 seconds
366.488: Application time: 0.0764470 seconds
366.490: [GC [PSYoungGen: 90816K->8064K(97280K)] 120793K->38049K(318976K), 0.0024830 secs] [Times: user=0.02 sys=0.00, real=0.01 secs] 
366.493: Total time for which application threads were stopped: 0.0044630 seconds, Stopping threads took: 0.0018820 seconds
366.572: Application time: 0.0791730 seconds
366.575: [GC [PSYoungGen: 91520K->7040K(97280K)] 121505K->37033K(318976K), 0.0020420 secs] [Times: user=0.02 sys=0.00, real=0.00 secs] 
366.577: Total time for which application threads were stopped: 0.0049540 seconds, Stopping threads took: 0.0028300 seconds
366.656: Application time: 0.0793580 seconds
366.657: [GC [PSYoungGen: 90496K->7216K(97280K)] 120489K->37209K(318976K), 0.0022140 secs] [Times: user=0.01 sys=0.00, real=0.00 secs] 
366.660: Total time for which application threads were stopped: 0.0035310 seconds, Stopping threads took: 0.0012360 seconds
366.739: Application time: 0.0795830 seconds
366.742: [GC [PSYoungGen: 90672K->6944K(97280K)] 120665K->36937K(318976K), 0.0019220 secs] [Times: user=0.02 sys=0.00, real=0.00 secs] 
366.744: Total time for which application threads were stopped: 0.0048910 seconds, Stopping threads took: 0.0028950 seconds
366.821: Application time: 0.0772060 seconds
366.823: [GC [PSYoungGen: 90400K->8304K(97280K)] 120393K->38305K(318976K), 0.0024630 secs] [Times: user=0.01 sys=0.00, real=0.00 secs] 
366.826: Total time for which application threads were stopped: 0.0045910 seconds, Stopping threads took: 0.0020450 seconds
366.905: Application time: 0.0787410 seconds
366.908: [GC [PSYoungGen: 91760K->7696K(97280K)] 121761K->37705K(318976K), 0.0022400 secs] [Times: user=0.01 sys=0.00, real=0.00 secs] 
366.910: Total time for which application threads were stopped: 0.0052660 seconds, Stopping threads took: 0.0029460 seconds
366.991: Application time: 0.0808970 seconds
366.993: [GC [PSYoungGen: 91152K->5920K(97280K)] 121161K->35937K(318976K), 0.0018850 secs] [Times: user=0.01 sys=0.00, real=0.00 secs] 
366.995: Total time for which application threads were stopped: 0.0043140 seconds, Stopping threads took: 0.0023490 seconds
367.074: Application time: 0.0789180 seconds
367.076: [GC [PSYoungGen: 89376K->6912K(97280K)] 119393K->36937K(318976K), 0.0021250 secs] [Times: user=0.01 sys=0.00, real=0.00 secs] 
367.078: Total time for which application threads were stopped: 0.0038670 seconds, Stopping threads took: 0.0016470 seconds
367.156: Application time: 0.0780990 seconds
367.158: [GC [PSYoungGen: 90368K->5408K(97280K)] 120393K->35433K(318976K), 0.0016440 secs] [Times: user=0.01 sys=0.00, real=0.00 secs] 
367.159: Total time for which application threads were stopped: 0.0034800 seconds, Stopping threads took: 0.0017660 seconds
367.236: Application time: 0.0767740 seconds
367.238: [GC [PSYoungGen: 88864K->6880K(97280K)] 118889K->36905K(318976K), 0.0018800 secs] [Times: user=0.00 sys=0.01, real=0.01 secs] 
367.240: Total time for which application threads were stopped: 0.0041260 seconds, Stopping threads took: 0.0021660 seconds
367.315: Application time: 0.0745220 seconds
367.317: [GC [PSYoungGen: 90336K->7440K(97280K)] 120361K->37473K(318976K), 0.0020830 secs] [Times: user=0.01 sys=0.00, real=0.00 secs] 
367.319: Total time for which application threads were stopped: 0.0045390 seconds, Stopping threads took: 0.0023780 seconds
367.394: Application time: 0.0741370 seconds
367.396: [GC [PSYoungGen: 90896K->7760K(97280K)] 120929K->37801K(318976K), 0.0023380 secs] [Times: user=0.02 sys=0.00, real=0.00 secs] 
367.399: Total time for which application threads were stopped: 0.0050030 seconds, Stopping threads took: 0.0025820 seconds
367.472: Application time: 0.0732420 seconds
367.474: [GC [PSYoungGen: 91216K->8304K(97280K)] 121257K->38353K(318976K), 0.0024560 secs] [Times: user=0.01 sys=0.00, real=0.00 secs] 
367.476: Total time for which application threads were stopped: 0.0044650 seconds, Stopping threads took: 0.0019280 seconds
367.549: Application time: 0.0730020 seconds
367.552: [GC [PSYoungGen: 91760K->7648K(97280K)] 121809K->37697K(318976K), 0.0020860 secs] [Times: user=0.01 sys=0.00, real=0.01 secs] 
367.554: Total time for which application threads were stopped: 0.0043560 seconds, Stopping threads took: 0.0021940 seconds
367.628: Application time: 0.0746400 seconds
367.630: [GC [PSYoungGen: 91104K->8112K(97280K)] 121153K->38169K(318976K), 0.0025000 secs] [Times: user=0.01 sys=0.00, real=0.01 secs] 
367.632: Total time for which application threads were stopped: 0.0041210 seconds, Stopping threads took: 0.0015230 seconds
367.706: Application time: 0.0737210 seconds
367.708: [GC [PSYoungGen: 91568K->7440K(97280K)] 121625K->37497K(318976K), 0.0022150 secs] [Times: user=0.02 sys=0.00, real=0.00 secs] 
367.710: Total time for which application threads were stopped: 0.0037440 seconds, Stopping threads took: 0.0014510 seconds
367.783: Application time: 0.0731020 seconds
367.785: [GC [PSYoungGen: 90896K->6848K(97280K)] 120953K->36913K(318976K), 0.0019530 secs] [Times: user=0.01 sys=0.00, real=0.00 secs] 
367.787: Total time for which application threads were stopped: 0.0039450 seconds, Stopping threads took: 0.0019180 seconds
367.862: Application time: 0.0755030 seconds
367.864: [GC [PSYoungGen: 90304K->6816K(97280K)] 120369K->36889K(318976K), 0.0020610 secs] [Times: user=0.01 sys=0.00, real=0.00 secs] 
367.867: Total time for which application threads were stopped: 0.0040610 seconds, Stopping threads took: 0.0019220 seconds
367.940: Application time: 0.0735830 seconds
367.943: [GC [PSYoungGen: 90272K->6864K(97280K)] 120345K->36945K(318976K), 0.0019400 secs] [Times: user=0.01 sys=0.00, real=0.00 secs] 
367.945: Total time for which application threads were stopped: 0.0049460 seconds, Stopping threads took: 0.0029320 seconds
368.020: Application time: 0.0744370 seconds
368.021: [GC [PSYoungGen: 90320K->7328K(97280K)] 120401K->37417K(318976K), 0.0021660 secs] [Times: user=0.01 sys=0.00, real=0.00 secs] 
368.023: Total time for which application threads were stopped: 0.0039130 seconds, Stopping threads took: 0.0016730 seconds
368.098: Application time: 0.0741770 seconds
368.099: [GC [PSYoungGen: 90784K->7088K(97280K)] 120873K->37185K(318976K), 0.0022340 secs] [Times: user=0.01 sys=0.00, real=0.01 secs] 
368.102: Total time for which application threads were stopped: 0.0041450 seconds, Stopping threads took: 0.0018370 seconds
368.176: Application time: 0.0747450 seconds
368.178: [GC [PSYoungGen: 90544K->7584K(97280K)] 120641K->37681K(318976K), 0.0021810 secs] [Times: user=0.02 sys=0.00, real=0.00 secs] 
368.180: Total time for which application threads were stopped: 0.0037360 seconds, Stopping threads took: 0.0014580 seconds
368.254: Application time: 0.0733590 seconds
368.256: [GC [PSYoungGen: 91040K->7872K(97280K)] 121137K->37977K(318976K), 0.0023050 secs] [Times: user=0.01 sys=0.00, real=0.00 secs] 
368.258: Total time for which application threads were stopped: 0.0046560 seconds, Stopping threads took: 0.0022690 seconds
368.333: Application time: 0.0751570 seconds
368.335: [GC [PSYoungGen: 91328K->5168K(97280K)] 121433K->35281K(318976K), 0.0016610 secs] [Times: user=0.01 sys=0.00, real=0.00 secs] 
368.337: Total time for which application threads were stopped: 0.0033970 seconds, Stopping threads took: 0.0016670 seconds
368.409: Application time: 0.0720100 seconds
368.411: [GC [PSYoungGen: 88624K->6704K(97280K)] 118737K->36825K(318976K), 0.0019690 secs] [Times: user=0.01 sys=0.00, real=0.01 secs] 
368.413: Total time for which application threads were stopped: 0.0044240 seconds, Stopping threads took: 0.0023790 seconds
368.488: Application time: 0.0749210 seconds
368.490: [GC [PSYoungGen: 90160K->6720K(97280K)] 120281K->36849K(318976K), 0.0019820 secs] [Times: user=0.01 sys=0.00, real=0.00 secs] 
368.492: Total time for which application threads were stopped: 0.0039690 seconds, Stopping threads took: 0.0019130 seconds
368.568: Application time: 0.0755610 seconds
368.570: [GC [PSYoungGen: 90176K->6320K(97280K)] 120305K->36457K(318976K), 0.0018170 secs] [Times: user=0.02 sys=0.00, real=0.00 secs] 
368.572: Total time for which application threads were stopped: 0.0040520 seconds, Stopping threads took: 0.0021630 seconds
368.648: Application time: 0.0757670 seconds
368.650: [GC [PSYoungGen: 89776K->6672K(97280K)] 119913K->36809K(318976K), 0.0019580 secs] [Times: user=0.01 sys=0.00, real=0.00 secs] 
368.652: Total time for which application threads were stopped: 0.0042030 seconds, Stopping threads took: 0.0021480 seconds
368.727: Application time: 0.0754740 seconds
368.729: [GC [PSYoungGen: 90128K->6176K(97280K)] 120265K->36321K(318976K), 0.0018110 secs] [Times: user=0.01 sys=0.00, real=0.00 secs] 
368.731: Total time for which application threads were stopped: 0.0035590 seconds, Stopping threads took: 0.0016580 seconds
368.805: Application time: 0.0742140 seconds
368.807: [GC [PSYoungGen: 89632K->7040K(97280K)] 119777K->37193K(318976K), 0.0020700 secs] [Times: user=0.02 sys=0.00, real=0.00 secs] 
368.809: Total time for which application threads were stopped: 0.0044270 seconds, Stopping threads took: 0.0022820 seconds
368.884: Application time: 0.0742530 seconds
368.886: [GC [PSYoungGen: 90496K->6400K(97280K)] 120649K->36561K(318976K), 0.0018480 secs] [Times: user=0.01 sys=0.00, real=0.00 secs] 
368.888: Total time for which application threads were stopped: 0.0043010 seconds, Stopping threads took: 0.0023800 seconds
368.965: Application time: 0.0771220 seconds
368.967: [GC [PSYoungGen: 89856K->5472K(97280K)] 120017K->35641K(318976K), 0.0016810 secs] [Times: user=0.00 sys=0.00, real=0.00 secs] 
368.969: Total time for which application threads were stopped: 0.0035970 seconds, Stopping threads took: 0.0018400 seconds
369.045: Application time: 0.0766840 seconds
369.048: [GC [PSYoungGen: 88928K->6544K(97280K)] 119097K->36713K(318976K), 0.0018950 secs] [Times: user=0.02 sys=0.00, real=0.00 secs] 
369.050: Total time for which application threads were stopped: 0.0048110 seconds, Stopping threads took: 0.0028320 seconds
369.126: Application time: 0.0761130 seconds
369.128: [GC [PSYoungGen: 90000K->8000K(97280K)] 120169K->38185K(318976K), 0.0023500 secs] [Times: user=0.02 sys=0.00, real=0.00 secs] 
369.131: Total time for which application threads were stopped: 0.0043020 seconds, Stopping threads took: 0.0018710 seconds
369.205: Application time: 0.0739470 seconds
369.207: [GC [PSYoungGen: 91456K->8256K(97280K)] 121641K->38449K(318976K), 0.0024240 secs] [Times: user=0.01 sys=0.00, real=0.00 secs] 
369.209: Total time for which application threads were stopped: 0.0046430 seconds, Stopping threads took: 0.0021400 seconds
369.286: Application time: 0.0766300 seconds
369.288: [GC [PSYoungGen: 91712K->7584K(97280K)] 121905K->37777K(318976K), 0.0023030 secs] [Times: user=0.01 sys=0.00, real=0.00 secs] 
369.291: Total time for which application threads were stopped: 0.0047260 seconds, Stopping threads took: 0.0023270 seconds
369.363: Application time: 0.0726590 seconds
369.364: [GC [PSYoungGen: 91040K->6720K(97280K)] 121233K->36921K(318976K), 0.0020370 secs] [Times: user=0.02 sys=0.00, real=0.00 secs] 
369.366: Total time for which application threads were stopped: 0.0032340 seconds, Stopping threads took: 0.0011170 seconds
369.442: Application time: 0.0759350 seconds
369.444: [GC [PSYoungGen: 90176K->6080K(97280K)] 120377K->36289K(318976K), 0.0017930 secs] [Times: user=0.01 sys=0.00, real=0.00 secs] 
369.446: Total time for which application threads were stopped: 0.0032000 seconds, Stopping threads took: 0.0013380 seconds
369.522: Application time: 0.0768840 seconds
369.525: [GC [PSYoungGen: 89534K->6432K(97280K)] 119744K->36641K(318976K), 0.0019160 secs] [Times: user=0.01 sys=0.00, real=0.00 secs] 
369.527: Total time for which application threads were stopped: 0.0046770 seconds, Stopping threads took: 0.0026870 seconds
369.602: Application time: 0.0749470 seconds
369.605: [GC [PSYoungGen: 89888K->6960K(97280K)] 120097K->37177K(318976K), 0.0019430 secs] [Times: user=0.02 sys=0.00, real=0.00 secs] 
369.607: Total time for which application threads were stopped: 0.0044830 seconds, Stopping threads took: 0.0024610 seconds
369.681: Application time: 0.0748390 seconds
369.685: [GC [PSYoungGen: 90416K->6640K(97280K)] 120633K->36857K(318976K), 0.0019410 secs] [Times: user=0.01 sys=0.00, real=0.00 secs] 
369.686: Total time for which application threads were stopped: 0.0050370 seconds, Stopping threads took: 0.0030150 seconds
369.762: Application time: 0.0752080 seconds
369.764: [GC [PSYoungGen: 90096K->6736K(97280K)] 120313K->36961K(318976K), 0.0019830 secs] [Times: user=0.01 sys=0.00, real=0.00 secs] 
369.766: Total time for which application threads were stopped: 0.0040810 seconds, Stopping threads took: 0.0020170 seconds
369.838: Application time: 0.0722790 seconds
369.840: [GC [PSYoungGen: 90192K->7280K(97280K)] 120417K->37513K(318976K), 0.0022600 secs] [Times: user=0.02 sys=0.00, real=0.00 secs] 
369.843: Total time for which application threads were stopped: 0.0046190 seconds, Stopping threads took: 0.0022680 seconds
369.917: Application time: 0.0741300 seconds
369.919: [GC [PSYoungGen: 90735K->6608K(97280K)] 120968K->36849K(318976K), 0.0018880 secs] [Times: user=0.01 sys=0.00, real=0.01 secs] 
369.921: Total time for which application threads were stopped: 0.0043210 seconds, Stopping threads took: 0.0023580 seconds
369.996: Application time: 0.0744170 seconds
369.997: [GC [PSYoungGen: 90064K->6544K(97280K)] 120305K->36785K(318976K), 0.0019910 secs] [Times: user=0.00 sys=0.00, real=0.00 secs] 
370.000: Total time for which application threads were stopped: 0.0039660 seconds, Stopping threads took: 0.0019010 seconds
370.076: Application time: 0.0760940 seconds
370.078: [GC [PSYoungGen: 90000K->6432K(97280K)] 120241K->36681K(318976K), 0.0018760 secs] [Times: user=0.01 sys=0.00, real=0.00 secs] 
370.080: Total time for which application threads were stopped: 0.0042380 seconds, Stopping threads took: 0.0022870 seconds
370.156: Application time: 0.0758200 seconds
370.158: [GC [PSYoungGen: 89888K->7888K(97280K)] 120137K->38137K(318976K), 0.0021930 secs] [Times: user=0.01 sys=0.00, real=0.00 secs] 
370.160: Total time for which application threads were stopped: 0.0045000 seconds, Stopping threads took: 0.0022350 seconds
370.236: Application time: 0.0761430 seconds
370.238: [GC [PSYoungGen: 91344K->7376K(97280K)] 121593K->37633K(318976K), 0.0022050 secs] [Times: user=0.01 sys=0.00, real=0.00 secs] 
370.240: Total time for which application threads were stopped: 0.0036230 seconds, Stopping threads took: 0.0013350 seconds
370.314: Application time: 0.0738580 seconds
370.315: [GC [PSYoungGen: 90832K->6864K(97280K)] 121089K->37129K(318976K), 0.0024260 secs] [Times: user=0.01 sys=0.00, real=0.00 secs] 
370.318: Total time for which application threads were stopped: 0.0039380 seconds, Stopping threads took: 0.0014360 seconds
370.391: Application time: 0.0731450 seconds
370.394: [GC [PSYoungGen: 90320K->6576K(97280K)] 120585K->36849K(318976K), 0.0018460 secs] [Times: user=0.01 sys=0.00, real=0.00 secs] 
370.396: Total time for which application threads were stopped: 0.0046920 seconds, Stopping threads took: 0.0027600 seconds
370.470: Application time: 0.0741890 seconds
370.472: [GC [PSYoungGen: 90032K->6848K(97280K)] 120305K->37129K(318976K), 0.0020450 secs] [Times: user=0.01 sys=0.00, real=0.01 secs] 
370.474: Total time for which application threads were stopped: 0.0039190 seconds, Stopping threads took: 0.0017990 seconds
370.548: Application time: 0.0748060 seconds
370.551: [GC [PSYoungGen: 90304K->7136K(97280K)] 120585K->37425K(318976K), 0.0021040 secs] [Times: user=0.01 sys=0.01, real=0.01 secs] 
370.553: Total time for which application threads were stopped: 0.0044230 seconds, Stopping threads took: 0.0022360 seconds
370.629: Application time: 0.0764920 seconds
370.630: [GC [PSYoungGen: 90592K->7008K(97280K)] 120881K->37297K(318976K), 0.0020230 secs] [Times: user=0.01 sys=0.00, real=0.00 secs] 
370.632: Total time for which application threads were stopped: 0.0026310 seconds, Stopping threads took: 0.0005360 seconds
370.709: Application time: 0.0772430 seconds
370.711: [GC [PSYoungGen: 90464K->5920K(97280K)] 120753K->36217K(318976K), 0.0017430 secs] [Times: user=0.01 sys=0.00, real=0.01 secs] 
370.713: Total time for which application threads were stopped: 0.0034540 seconds, Stopping threads took: 0.0016430 seconds
370.788: Application time: 0.0754570 seconds
370.791: [GC [PSYoungGen: 89376K->7136K(97280K)] 119673K->37441K(318976K), 0.0022610 secs] [Times: user=0.01 sys=0.00, real=0.01 secs] 
370.793: Total time for which application threads were stopped: 0.0047360 seconds, Stopping threads took: 0.0023890 seconds
370.867: Application time: 0.0736790 seconds
370.869: [GC [PSYoungGen: 90592K->7728K(97280K)] 120897K->38041K(318976K), 0.0022400 secs] [Times: user=0.02 sys=0.00, real=0.00 secs] 
370.871: Total time for which application threads were stopped: 0.0046430 seconds, Stopping threads took: 0.0023210 seconds
370.945: Application time: 0.0734180 seconds
370.947: [GC [PSYoungGen: 91184K->7872K(97280K)] 121497K->38193K(318976K), 0.0021950 secs] [Times: user=0.02 sys=0.00, real=0.00 secs] 
370.949: Total time for which application threads were stopped: 0.0041550 seconds, Stopping threads took: 0.0018800 seconds
371.022: Application time: 0.0733190 seconds
371.027: [GC [PSYoungGen: 91328K->7232K(97280K)] 121649K->37569K(318976K), 0.0025710 secs] [Times: user=0.01 sys=0.00, real=0.00 secs] 
371.029: Total time for which application threads were stopped: 0.0069880 seconds, Stopping threads took: 0.0043140 seconds
371.105: Application time: 0.0758600 seconds
371.107: [GC [PSYoungGen: 90688K->6240K(97280K)] 121025K->36577K(318976K), 0.0018150 secs] [Times: user=0.01 sys=0.00, real=0.00 secs] 
371.109: Total time for which application threads were stopped: 0.0035660 seconds, Stopping threads took: 0.0016630 seconds
371.182: Application time: 0.0730500 seconds
371.184: [GC [PSYoungGen: 89696K->6800K(97280K)] 120033K->37145K(318976K), 0.0019490 secs] [Times: user=0.01 sys=0.00, real=0.00 secs] 
371.186: Total time for which application threads were stopped: 0.0041390 seconds, Stopping threads took: 0.0021020 seconds
371.265: Application time: 0.0794410 seconds
371.267: [GC [PSYoungGen: 90256K->7344K(97280K)] 120601K->37697K(318976K), 0.0021160 secs] [Times: user=0.01 sys=0.00, real=0.00 secs] 
371.269: Total time for which application threads were stopped: 0.0038320 seconds, Stopping threads took: 0.0016330 seconds
371.347: Application time: 0.0783560 seconds
371.350: [GC [PSYoungGen: 90800K->6768K(97280K)] 121153K->37129K(318976K), 0.0019690 secs] [Times: user=0.01 sys=0.00, real=0.00 secs] 
371.352: Total time for which application threads were stopped: 0.0041520 seconds, Stopping threads took: 0.0021070 seconds
371.430: Application time: 0.0779680 seconds
371.432: [GC [PSYoungGen: 90224K->7072K(97280K)] 120585K->37441K(318976K), 0.0020300 secs] [Times: user=0.01 sys=0.00, real=0.01 secs] 
371.434: Total time for which application threads were stopped: 0.0047010 seconds, Stopping threads took: 0.0025940 seconds
371.515: Application time: 0.0803740 seconds
371.516: [GC [PSYoungGen: 90528K->6512K(97280K)] 120897K->36881K(318976K), 0.0019810 secs] [Times: user=0.01 sys=0.00, real=0.00 secs] 
371.518: Total time for which application threads were stopped: 0.0031520 seconds, Stopping threads took: 0.0010810 seconds
371.595: Application time: 0.0772540 seconds
371.597: [GC [PSYoungGen: 89968K->7648K(97280K)] 120337K->38025K(318976K), 0.0021110 secs] [Times: user=0.02 sys=0.00, real=0.00 secs] 
371.599: Total time for which application threads were stopped: 0.0040640 seconds, Stopping threads took: 0.0018750 seconds
371.678: Application time: 0.0791260 seconds
371.680: [GC [PSYoungGen: 91104K->6800K(97280K)] 121481K->37177K(318976K), 0.0019070 secs] [Times: user=0.02 sys=0.00, real=0.01 secs] 
371.682: Total time for which application threads were stopped: 0.0040110 seconds, Stopping threads took: 0.0020310 seconds
371.761: Application time: 0.0783900 seconds
371.763: [GC [PSYoungGen: 90256K->7840K(97280K)] 120633K->38225K(318976K), 0.0023450 secs] [Times: user=0.01 sys=0.00, real=0.00 secs] 
371.765: Total time for which application threads were stopped: 0.0043630 seconds, Stopping threads took: 0.0019300 seconds
371.843: Application time: 0.0782660 seconds
371.845: [GC [PSYoungGen: 91296K->7840K(97280K)] 121681K->38233K(318976K), 0.0022600 secs] [Times: user=0.01 sys=0.00, real=0.00 secs] 
371.847: Total time for which application threads were stopped: 0.0041210 seconds, Stopping threads took: 0.0017800 seconds
371.926: Application time: 0.0782550 seconds
371.927: [GC [PSYoungGen: 91296K->7264K(97280K)] 121689K->37665K(318976K), 0.0022030 secs] [Times: user=0.02 sys=0.00, real=0.00 secs] 
371.930: Total time for which application threads were stopped: 0.0039950 seconds, Stopping threads took: 0.0017070 seconds
372.009: Application time: 0.0791080 seconds
372.011: [GC [PSYoungGen: 90720K->5728K(97280K)] 121121K->36137K(318976K), 0.0016780 secs] [Times: user=0.00 sys=0.00, real=0.01 secs] 
372.013: Total time for which application threads were stopped: 0.0038460 seconds, Stopping threads took: 0.0020940 seconds
372.091: Application time: 0.0779230 seconds
372.092: [GC [PSYoungGen: 89184K->6224K(97280K)] 119593K->36641K(318976K), 0.0017830 secs] [Times: user=0.01 sys=0.01, real=0.01 secs] 
372.094: Total time for which application threads were stopped: 0.0032860 seconds, Stopping threads took: 0.0014200 seconds
372.174: Application time: 0.0801330 seconds
372.175: [GC [PSYoungGen: 89680K->6480K(97280K)] 120097K->36897K(318976K), 0.0020360 secs] [Times: user=0.01 sys=0.00, real=0.00 secs] 
372.177: Total time for which application threads were stopped: 0.0033740 seconds, Stopping threads took: 0.0012540 seconds
372.252: Application time: 0.0749130 seconds
372.255: [GC [PSYoungGen: 89936K->8064K(97280K)] 120353K->38489K(318976K), 0.0023090 secs] [Times: user=0.01 sys=0.00, real=0.00 secs] 
372.257: Total time for which application threads were stopped: 0.0051080 seconds, Stopping threads took: 0.0027160 seconds
372.335: Application time: 0.0780170 seconds
372.338: [GC [PSYoungGen: 91520K->7200K(97280K)] 121945K->37633K(318976K), 0.0021470 secs] [Times: user=0.02 sys=0.00, real=0.00 secs] 
372.340: Total time for which application threads were stopped: 0.0045670 seconds, Stopping threads took: 0.0023410 seconds
372.418: Application time: 0.0782600 seconds
372.421: [GC [PSYoungGen: 90656K->8208K(97280K)] 121089K->38649K(318976K), 0.0025620 secs] [Times: user=0.01 sys=0.00, real=0.00 secs] 
372.423: Total time for which application threads were stopped: 0.0049830 seconds, Stopping threads took: 0.0023410 seconds
372.504: Application time: 0.0803710 seconds
372.506: [GC [PSYoungGen: 91664K->6640K(97280K)] 122105K->37089K(318976K), 0.0019220 secs] [Times: user=0.01 sys=0.00, real=0.00 secs] 
372.508: Total time for which application threads were stopped: 0.0045560 seconds, Stopping threads took: 0.0025580 seconds
372.588: Application time: 0.0800070 seconds
372.591: [GC [PSYoungGen: 90096K->6768K(97280K)] 120545K->37225K(318976K), 0.0021080 secs] [Times: user=0.01 sys=0.01, real=0.01 secs] 
372.593: Total time for which application threads were stopped: 0.0045630 seconds, Stopping threads took: 0.0023720 seconds
372.672: Application time: 0.0793060 seconds
372.675: [GC [PSYoungGen: 90224K->6928K(97280K)] 120681K->37385K(318976K), 0.0020680 secs] [Times: user=0.01 sys=0.00, real=0.00 secs] 
372.677: Total time for which application threads were stopped: 0.0050760 seconds, Stopping threads took: 0.0029130 seconds
372.756: Application time: 0.0786050 seconds
372.758: [GC [PSYoungGen: 90384K->5952K(97280K)] 120841K->36417K(318976K), 0.0018170 secs] [Times: user=0.01 sys=0.00, real=0.00 secs] 
372.760: Total time for which application threads were stopped: 0.0043870 seconds, Stopping threads took: 0.0024920 seconds
372.841: Application time: 0.0812220 seconds
372.843: [GC [PSYoungGen: 89408K->7264K(97280K)] 119873K->37737K(318976K), 0.0021960 secs] [Times: user=0.01 sys=0.00, real=0.00 secs] 
372.845: Total time for which application threads were stopped: 0.0041670 seconds, Stopping threads took: 0.0018830 seconds
372.926: Application time: 0.0808140 seconds
372.928: [GC [PSYoungGen: 90720K->4576K(97280K)] 121193K->35057K(318976K), 0.0014290 secs] [Times: user=0.01 sys=0.00, real=0.00 secs] 
372.930: Total time for which application threads were stopped: 0.0032320 seconds, Stopping threads took: 0.0017290 seconds
373.010: Application time: 0.0800470 seconds
373.012: [GC [PSYoungGen: 88032K->7248K(97280K)] 118513K->37737K(318976K), 0.0021430 secs] [Times: user=0.01 sys=0.00, real=0.01 secs] 
373.014: Total time for which application threads were stopped: 0.0046070 seconds, Stopping threads took: 0.0023840 seconds
373.093: Application time: 0.0792850 seconds
373.097: [GC [PSYoungGen: 90704K->6464K(97280K)] 121193K->36961K(318976K), 0.0018130 secs] [Times: user=0.01 sys=0.00, real=0.00 secs] 
373.099: Total time for which application threads were stopped: 0.0052490 seconds, Stopping threads took: 0.0033640 seconds
373.178: Application time: 0.0789380 seconds
373.181: [GC [PSYoungGen: 89920K->5696K(97280K)] 120417K->36193K(318976K), 0.0017320 secs] [Times: user=0.01 sys=0.00, real=0.00 secs] 
373.182: Total time for which application threads were stopped: 0.0046420 seconds, Stopping threads took: 0.0028270 seconds
373.264: Application time: 0.0812770 seconds
373.266: [GC [PSYoungGen: 89152K->6208K(97280K)] 119649K->36713K(318976K), 0.0017790 secs] [Times: user=0.02 sys=0.00, real=0.00 secs] 
373.268: Total time for which application threads were stopped: 0.0039230 seconds, Stopping threads took: 0.0020730 seconds
373.348: Application time: 0.0808360 seconds
373.350: [GC [PSYoungGen: 89664K->6832K(97280K)] 120169K->37345K(318976K), 0.0020990 secs] [Times: user=0.01 sys=0.00, real=0.01 secs] 
373.353: Total time for which application threads were stopped: 0.0042550 seconds, Stopping threads took: 0.0020730 seconds
373.433: Application time: 0.0801580 seconds
373.435: [GC [PSYoungGen: 90288K->8240K(97280K)] 120801K->38761K(318976K), 0.0023590 secs] [Times: user=0.01 sys=0.00, real=0.00 secs] 
373.438: Total time for which application threads were stopped: 0.0048500 seconds, Stopping threads took: 0.0024000 seconds
373.517: Application time: 0.0791760 seconds
373.519: [GC [PSYoungGen: 91696K->6784K(97280K)] 122217K->37313K(318976K), 0.0020960 secs] [Times: user=0.02 sys=0.00, real=0.01 secs] 
373.522: Total time for which application threads were stopped: 0.0047720 seconds, Stopping threads took: 0.0025940 seconds
373.599: Application time: 0.0774090 seconds
373.601: [GC [PSYoungGen: 90240K->5904K(97280K)] 120769K->36441K(318976K), 0.0017540 secs] [Times: user=0.01 sys=0.00, real=0.00 secs] 
373.603: Total time for which application threads were stopped: 0.0036480 seconds, Stopping threads took: 0.0018140 seconds
373.680: Application time: 0.0774410 seconds
373.682: [GC [PSYoungGen: 89360K->6272K(97280K)] 119897K->36817K(318976K), 0.0019290 secs] [Times: user=0.02 sys=0.00, real=0.00 secs] 
373.684: Total time for which application threads were stopped: 0.0041970 seconds, Stopping threads took: 0.0021800 seconds
373.762: Application time: 0.0781130 seconds
373.765: [GC [PSYoungGen: 89728K->6640K(97280K)] 120273K->37193K(318976K), 0.0019210 secs] [Times: user=0.02 sys=0.00, real=0.00 secs] 
373.767: Total time for which application threads were stopped: 0.0042700 seconds, Stopping threads took: 0.0022710 seconds
373.846: Application time: 0.0788960 seconds
373.848: [GC [PSYoungGen: 90096K->8096K(97280K)] 120649K->38657K(318976K), 0.0023940 secs] [Times: user=0.01 sys=0.00, real=0.00 secs] 
373.850: Total time for which application threads were stopped: 0.0047030 seconds, Stopping threads took: 0.0022260 seconds
373.929: Application time: 0.0785430 seconds
373.932: [GC [PSYoungGen: 91552K->6624K(97280K)] 122113K->37193K(318976K), 0.0019990 secs] [Times: user=0.02 sys=0.00, real=0.01 secs] 
373.934: Total time for which application threads were stopped: 0.0048140 seconds, Stopping threads took: 0.0027320 seconds
374.012: Application time: 0.0788310 seconds
374.015: [GC [PSYoungGen: 90080K->7264K(97280K)] 120649K->37841K(318976K), 0.0020840 secs] [Times: user=0.02 sys=0.00, real=0.00 secs] 
374.017: Total time for which application threads were stopped: 0.0046000 seconds, Stopping threads took: 0.0024390 seconds
374.096: Application time: 0.0786500 seconds
374.098: [GC [PSYoungGen: 90720K->6400K(97280K)] 121297K->36985K(318976K), 0.0018330 secs] [Times: user=0.01 sys=0.00, real=0.00 secs] 
374.100: Total time for which application threads were stopped: 0.0042900 seconds, Stopping threads took: 0.0023780 seconds
374.180: Application time: 0.0795390 seconds
374.182: [GC [PSYoungGen: 89856K->7056K(97280K)] 120441K->37649K(318976K), 0.0021360 secs] [Times: user=0.02 sys=0.00, real=0.00 secs] 
374.185: Total time for which application threads were stopped: 0.0051210 seconds, Stopping threads took: 0.0028940 seconds
374.262: Application time: 0.0776900 seconds
374.265: [GC [PSYoungGen: 90512K->6528K(97280K)] 121105K->37129K(318976K), 0.0019600 secs] [Times: user=0.01 sys=0.00, real=0.00 secs] 
374.267: Total time for which application threads were stopped: 0.0047840 seconds, Stopping threads took: 0.0027460 seconds
374.347: Application time: 0.0798250 seconds
374.349: [GC [PSYoungGen: 89984K->6032K(97280K)] 120585K->36641K(318976K), 0.0019820 secs] [Times: user=0.01 sys=0.00, real=0.00 secs] 
374.351: Total time for which application threads were stopped: 0.0040950 seconds, Stopping threads took: 0.0020380 seconds
374.430: Application time: 0.0786640 seconds
374.432: [GC [PSYoungGen: 89488K->7184K(97280K)] 120097K->37801K(318976K), 0.0021620 secs] [Times: user=0.01 sys=0.00, real=0.01 secs] 
374.434: Total time for which application threads were stopped: 0.0040320 seconds, Stopping threads took: 0.0017880 seconds
374.512: Application time: 0.0782430 seconds
374.515: [GC [PSYoungGen: 90640K->7232K(97280K)] 121257K->37857K(318976K), 0.0021440 secs] [Times: user=0.02 sys=0.00, real=0.00 secs] 
374.517: Total time for which application threads were stopped: 0.0050550 seconds, Stopping threads took: 0.0028250 seconds
374.595: Application time: 0.0782000 seconds
374.597: [GC [PSYoungGen: 90688K->6272K(97280K)] 121313K->36905K(318976K), 0.0018760 secs] [Times: user=0.02 sys=0.00, real=0.00 secs] 
374.599: Total time for which application threads were stopped: 0.0033140 seconds, Stopping threads took: 0.0013630 seconds
374.680: Application time: 0.0818220 seconds
374.683: [GC [PSYoungGen: 89728K->6224K(97280K)] 120361K->36865K(318976K), 0.0018690 secs] [Times: user=0.02 sys=0.00, real=0.00 secs] 
374.684: Total time for which application threads were stopped: 0.0040170 seconds, Stopping threads took: 0.0020670 seconds
374.766: Application time: 0.0811970 seconds
374.768: [GC [PSYoungGen: 89680K->6832K(97280K)] 120321K->37473K(318976K), 0.0020610 secs] [Times: user=0.02 sys=0.00, real=0.00 secs] 
374.770: Total time for which application threads were stopped: 0.0043040 seconds, Stopping threads took: 0.0021530 seconds
374.850: Application time: 0.0797980 seconds
374.853: [GC [PSYoungGen: 90288K->7328K(97280K)] 120929K->37977K(318976K), 0.0021850 secs] [Times: user=0.01 sys=0.00, real=0.00 secs] 
374.855: Total time for which application threads were stopped: 0.0053440 seconds, Stopping threads took: 0.0030710 seconds
374.934: Application time: 0.0788990 seconds
374.935: [GC [PSYoungGen: 90784K->6432K(97280K)] 121433K->37089K(318976K), 0.0019900 secs] [Times: user=0.01 sys=0.00, real=0.00 secs] 
374.937: Total time for which application threads were stopped: 0.0034970 seconds, Stopping threads took: 0.0014320 seconds
375.014: Application time: 0.0761650 seconds
375.016: [GC [PSYoungGen: 89888K->7936K(97280K)] 120545K->38601K(318976K), 0.0023170 secs] [Times: user=0.02 sys=0.00, real=0.00 secs] 
375.019: Total time for which application threads were stopped: 0.0048840 seconds, Stopping threads took: 0.0024810 seconds
375.098: Application time: 0.0793930 seconds
375.100: [GC [PSYoungGen: 91392K->6880K(97280K)] 122057K->37553K(318976K), 0.0019840 secs] [Times: user=0.01 sys=0.00, real=0.01 secs] 
375.102: Total time for which application threads were stopped: 0.0042710 seconds, Stopping threads took: 0.0022060 seconds
375.181: Application time: 0.0791970 seconds
375.184: [GC [PSYoungGen: 90336K->6544K(97280K)] 121009K->37225K(318976K), 0.0019620 secs] [Times: user=0.02 sys=0.00, real=0.00 secs] 
375.186: Total time for which application threads were stopped: 0.0041560 seconds, Stopping threads took: 0.0021160 seconds
375.259: Application time: 0.0734450 seconds
375.260: [GC [PSYoungGen: 90000K->6384K(97280K)] 120681K->37065K(318976K), 0.0019070 secs] [Times: user=0.01 sys=0.00, real=0.00 secs] 
375.262: Total time for which application threads were stopped: 0.0034200 seconds, Stopping threads took: 0.0014370 seconds
375.335: Application time: 0.0725410 seconds
375.337: [GC [PSYoungGen: 89840K->7856K(97280K)] 120521K->38545K(318976K), 0.0022000 secs] [Times: user=0.01 sys=0.00, real=0.00 secs] 
375.340: Total time for which application threads were stopped: 0.0045650 seconds, Stopping threads took: 0.0022800 seconds
375.415: Application time: 0.0751100 seconds
375.417: [GC [PSYoungGen: 91312K->7456K(97280K)] 122001K->38153K(318976K), 0.0023010 secs] [Times: user=0.01 sys=0.00, real=0.00 secs] 
375.419: Total time for which application threads were stopped: 0.0043380 seconds, Stopping threads took: 0.0019530 seconds
375.495: Application time: 0.0755230 seconds
375.497: [GC [PSYoungGen: 90910K->7120K(97280K)] 121607K->37825K(318976K), 0.0020120 secs] [Times: user=0.01 sys=0.00, real=0.00 secs] 
375.499: Total time for which application threads were stopped: 0.0041390 seconds, Stopping threads took: 0.0020520 seconds
375.574: Application time: 0.0748840 seconds
375.576: [GC [PSYoungGen: 90576K->7408K(97280K)] 121281K->38113K(318976K), 0.0022340 secs] [Times: user=0.02 sys=0.00, real=0.00 secs] 
375.579: Total time for which application threads were stopped: 0.0051720 seconds, Stopping threads took: 0.0028590 seconds
375.655: Application time: 0.0761470 seconds
375.657: [GC [PSYoungGen: 90864K->7168K(97280K)] 121569K->37881K(318976K), 0.0021520 secs] [Times: user=0.02 sys=0.00, real=0.00 secs] 
375.660: Total time for which application threads were stopped: 0.0046770 seconds, Stopping threads took: 0.0024430 seconds
375.733: Application time: 0.0734700 seconds
375.736: [GC [PSYoungGen: 90624K->6976K(97280K)] 121337K->37697K(318976K), 0.0019880 secs] [Times: user=0.01 sys=0.00, real=0.00 secs] 
375.738: Total time for which application threads were stopped: 0.0052390 seconds, Stopping threads took: 0.0031770 seconds
375.811: Application time: 0.0724500 seconds
375.813: [GC [PSYoungGen: 90432K->7840K(97280K)] 121153K->38569K(318976K), 0.0022670 secs] [Times: user=0.02 sys=0.00, real=0.00 secs] 
375.815: Total time for which application threads were stopped: 0.0041110 seconds, Stopping threads took: 0.0017600 seconds
375.888: Application time: 0.0735080 seconds
375.890: [GC [PSYoungGen: 91295K->8208K(97280K)] 122024K->38945K(318976K), 0.0023010 secs] [Times: user=0.01 sys=0.00, real=0.01 secs] 
375.892: Total time for which application threads were stopped: 0.0041560 seconds, Stopping threads took: 0.0017710 seconds
375.967: Application time: 0.0743940 seconds
375.969: [GC [PSYoungGen: 91664K->5504K(97280K)] 122401K->36249K(318976K), 0.0015520 secs] [Times: user=0.01 sys=0.00, real=0.00 secs] 
375.971: Total time for which application threads were stopped: 0.0037320 seconds, Stopping threads took: 0.0021080 seconds
376.044: Application time: 0.0738300 seconds
376.047: [GC [PSYoungGen: 88960K->7328K(97280K)] 119705K->38081K(318976K), 0.0020840 secs] [Times: user=0.01 sys=0.00, real=0.00 secs] 
376.049: Total time for which application threads were stopped: 0.0044290 seconds, Stopping threads took: 0.0022620 seconds
376.122: Application time: 0.0732590 seconds
376.125: [GC [PSYoungGen: 90784K->7936K(97280K)] 121537K->38697K(318976K), 0.0022660 secs] [Times: user=0.02 sys=0.00, real=0.00 secs] 
376.127: Total time for which application threads were stopped: 0.0046830 seconds, Stopping threads took: 0.0023400 seconds
376.199: Application time: 0.0723950 seconds
376.201: [GC [PSYoungGen: 91392K->7440K(97280K)] 122153K->38209K(318976K), 0.0022540 secs] [Times: user=0.02 sys=0.00, real=0.00 secs] 
376.204: Total time for which application threads were stopped: 0.0045290 seconds, Stopping threads took: 0.0021950 seconds
376.277: Application time: 0.0732520 seconds
376.279: [GC [PSYoungGen: 90896K->7680K(97280K)] 121665K->38457K(318976K), 0.0021050 secs] [Times: user=0.02 sys=0.00, real=0.01 secs] 
376.281: Total time for which application threads were stopped: 0.0041000 seconds, Stopping threads took: 0.0019100 seconds
376.329: Application time: 0.0474610 seconds
376.330: Total time for which application threads were stopped: 0.0016500 seconds, Stopping threads took: 0.0016290 seconds
376.358: Application time: 0.0272790 seconds
376.360: [GC [PSYoungGen: 91136K->7168K(97280K)] 121913K->37953K(318976K), 0.0023100 secs] [Times: user=0.01 sys=0.00, real=0.01 secs] 
376.362: Total time for which application threads were stopped: 0.0048070 seconds, Stopping threads took: 0.0024020 seconds
376.436: Application time: 0.0739440 seconds
376.439: [GC [PSYoungGen: 90624K->6560K(97280K)] 121409K->37353K(318976K), 0.0022140 secs] [Times: user=0.01 sys=0.00, real=0.01 secs] 
376.441: Total time for which application threads were stopped: 0.0046630 seconds, Stopping threads took: 0.0023370 seconds
376.480: Application time: 0.0395110 seconds
376.483: Total time for which application threads were stopped: 0.0023760 seconds, Stopping threads took: 0.0023560 seconds
376.502: Application time: 0.0190820 seconds
376.505: Total time for which application threads were stopped: 0.0027050 seconds, Stopping threads took: 0.0026830 seconds
376.520: Application time: 0.0153810 seconds
376.523: [GC [PSYoungGen: 90016K->5088K(97280K)] 120809K->35889K(318976K), 0.0014640 secs] [Times: user=0.00 sys=0.01, real=0.00 secs] 
376.524: Total time for which application threads were stopped: 0.0044040 seconds, Stopping threads took: 0.0028620 seconds
376.563: Application time: 0.0381110 seconds
376.563: Total time for which application threads were stopped: 0.0006400 seconds, Stopping threads took: 0.0006180 seconds
376.583: Application time: 0.0199330 seconds
376.584: Total time for which application threads were stopped: 0.0009090 seconds, Stopping threads took: 0.0008660 seconds
376.591: Application time: 0.0066800 seconds
376.591: Total time for which application threads were stopped: 0.0003280 seconds, Stopping threads took: 0.0003100 seconds
376.591: Application time: 0.0002980 seconds
376.592: Total time for which application threads were stopped: 0.0002030 seconds, Stopping threads took: 0.0001910 seconds
376.692: Application time: 0.1000960 seconds
376.692: [GC [PSYoungGen: 88544K->672K(97280K)] 119345K->31482K(318976K), 0.0007920 secs] [Times: user=0.00 sys=0.00, real=0.01 secs] 
376.692: Total time for which application threads were stopped: 0.0008670 seconds, Stopping threads took: 0.0000090 seconds
376.693: Application time: 0.0001020 seconds
376.693: Total time for which application threads were stopped: 0.0000930 seconds, Stopping threads took: 0.0000820 seconds
376.693: Application time: 0.0000770 seconds
376.693: Total time for which application threads were stopped: 0.0000260 seconds, Stopping threads took: 0.0000180 seconds
376.693: Application time: 0.0000340 seconds
376.693: Total time for which application threads were stopped: 0.0000140 seconds, Stopping threads took: 0.0000100 seconds
376.693: Application time: 0.0000250 seconds
376.693: Total time for which application threads were stopped: 0.0000080 seconds, Stopping threads took: 0.0000040 seconds
376.693: Application time: 0.0000250 seconds
376.693: Total time for which application threads were stopped: 0.0000090 seconds, Stopping threads took: 0.0000050 seconds
376.693: Application time: 0.0000080 seconds
376.693: Total time for which application threads were stopped: 0.0000090 seconds, Stopping threads took: 0.0000040 seconds
376.693: Application time: 0.0000080 seconds
376.693: Total time for which application threads were stopped: 0.0000140 seconds, Stopping threads took: 0.0000100 seconds
376.693: Application time: 0.0000080 seconds
376.693: Total time for which application threads were stopped: 0.0000090 seconds, Stopping threads took: 0.0000040 seconds
376.693: Application time: 0.0000080 seconds
376.693: Total time for which application threads were stopped: 0.0000130 seconds, Stopping threads took: 0.0000090 seconds
376.693: Application time: 0.0000080 seconds
376.693: Total time for which application threads were stopped: 0.0000130 seconds, Stopping threads took: 0.0000090 seconds
376.693: Application time: 0.0000090 seconds
376.693: Total time for which application threads were stopped: 0.0000110 seconds, Stopping threads took: 0.0000050 seconds
376.693: Application time: 0.0000080 seconds
376.693: Total time for which application threads were stopped: 0.0000070 seconds, Stopping threads took: 0.0000040 seconds
376.693: Application time: 0.0000080 seconds
376.693: Total time for which application threads were stopped: 0.0000130 seconds, Stopping threads took: 0.0000090 seconds
376.693: Application time: 0.0000090 seconds
376.693: Total time for which application threads were stopped: 0.0000120 seconds, Stopping threads took: 0.0000080 seconds
376.693: Application time: 0.0000080 seconds
376.693: Total time for which application threads were stopped: 0.0000070 seconds, Stopping threads took: 0.0000040 seconds
376.693: Application time: 0.0000090 seconds
376.693: Total time for which application threads were stopped: 0.0000130 seconds, Stopping threads took: 0.0000090 seconds
376.693: Application time: 0.0000080 seconds
376.693: Total time for which application threads were stopped: 0.0000110 seconds, Stopping threads took: 0.0000080 seconds
376.693: Application time: 0.0000100 seconds
376.693: Total time for which application threads were stopped: 0.0000070 seconds, Stopping threads took: 0.0000040 seconds
376.693: Application time: 0.0000080 seconds
376.693: Total time for which application threads were stopped: 0.0000670 seconds, Stopping threads took: 0.0000630 seconds
376.693: Application time: 0.0000090 seconds
376.693: Total time for which application threads were stopped: 0.0000140 seconds, Stopping threads took: 0.0000040 seconds
376.707: Application time: 0.0136450 seconds
376.707: Total time for which application threads were stopped: 0.0000370 seconds, Stopping threads took: 0.0000060 seconds
377.654: Application time: 0.9470290 seconds
377.654: Total time for which application threads were stopped: 0.0000790 seconds, Stopping threads took: 0.0000140 seconds
377.656: Application time: 0.0017360 seconds
377.656: Total time for which application threads were stopped: 0.0000200 seconds, Stopping threads took: 0.0000100 seconds
Heap
 PSYoungGen      total 97280K, used 53972K [0x00000000f9300000, 0x00000000fff80000, 0x0000000100000000)
  eden space 83456K, 63% used [0x00000000f9300000,0x00000000fc70cd18,0x00000000fe480000)
  from space 13824K, 4% used [0x00000000ff200000,0x00000000ff2a83f8,0x00000000fff80000)
  to   space 13824K, 0% used [0x00000000fe480000,0x00000000fe480000,0x00000000ff200000)
 ParOldGen       total 221696K, used 30809K [0x00000000eba00000, 0x00000000f9280000, 0x00000000f9300000)
  object space 221696K, 13% used [0x00000000eba00000,0x00000000ed8165c0,0x00000000f9280000)
 PSPermGen       total 21504K, used 12940K [0x00000000e6800000, 0x00000000e7d00000, 0x00000000eba00000)
  object space 21504K, 60% used [0x00000000e6800000,0x00000000e74a30a0,0x00000000e7d00000)
377.656: Application time: 0.0001740 seconds
